12-14 21:42:33.799 19901 20021 I DynamiteModule: Considering local module com.google.android.gms.cronet_dynamite:0 and remote module com.google.android.gms.cronet_dynamite:1211
12-14 21:42:33.799 19901 20021 I DynamiteModule: Selected remote version of com.google.android.gms.cronet_dynamite, version >= 1211
12-14 21:42:33.799 19901 20021 V DynamiteModule: Dynamite loader version >= 2, using loadModule2NoCrashUtils
12-14 21:42:33.855 19901 20021 W zygote  : Unsupported class loader
12-14 21:42:33.860 19901 20021 W zygote  : Skipping duplicate class check due to unsupported classloader
12-14 21:42:33.901 19901 20032 I Bugle   : BugleMddTaskScheduler: Scheduling MDD job, tag: MDD.CHARGING.PERIODIC.TASK, period: 21600
12-14 21:42:33.914 19901 20032 I Bugle   : BugleMddTaskScheduler: Scheduling MDD job, tag: MDD.MAINTENANCE.PERIODIC.GCM.TASK, period: 86400
12-14 21:42:33.914 19901 20013 I Bugle   : VerifiedSmsStartupTask: Checking if Verified SMS tasks should be enqueued. feature enabled: true, eligible: false
12-14 21:42:33.915 19901 20013 I Bugle   : VerifiedSmsStartupTask: Not enqueuing Verified SMS periodic task, Verified SMS is disabled.
12-14 21:42:33.916 19901 20013 E Bugle   : AssistantIntegrationStartupTask: Error getting assistant availability.
12-14 21:42:33.916 19901 20013 E Bugle   : java.lang.IllegalStateException: Failed to query to AGSA.
12-14 21:42:33.916 19901 20013 E Bugle   : 	at tky.onPostExecute(PG:23)
12-14 21:42:33.916 19901 20013 E Bugle   : 	at android.os.AsyncTask.finish(AsyncTask.java:695)
12-14 21:42:33.916 19901 20013 E Bugle   : 	at android.os.AsyncTask.-wrap1(Unknown Source:0)
12-14 21:42:33.916 19901 20013 E Bugle   : 	at android.os.AsyncTask$InternalHandler.handleMessage(AsyncTask.java:712)
12-14 21:42:33.916 19901 20013 E Bugle   : 	at android.os.Handler.dispatchMessage(Handler.java:106)
12-14 21:42:33.916 19901 20013 E Bugle   : 	at android.os.Looper.loop(Looper.java:164)
12-14 21:42:33.916 19901 20013 E Bugle   : 	at android.app.ActivityThread.main(ActivityThread.java:6626)
12-14 21:42:33.916 19901 20013 E Bugle   : 	at java.lang.reflect.Method.invoke(Native Method)
12-14 21:42:33.916 19901 20013 E Bugle   : 	at com.android.internal.os.RuntimeInit$MethodAndArgsCaller.run(RuntimeInit.java:438)
12-14 21:42:33.916 19901 20013 E Bugle   : 	at com.android.internal.os.ZygoteInit.main(ZygoteInit.java:811)
12-14 21:42:33.927 19901 20032 I Bugle   : BugleMddTaskScheduler: Scheduling MDD job, tag: MDD.CELLULAR.CHARGING.PERIODIC.TASK, period: 21600
12-14 21:42:33.939 19901 20032 I Bugle   : BugleMddTaskScheduler: Scheduling MDD job, tag: MDD.WIFI.CHARGING.PERIODIC.TASK, period: 3600
12-14 21:42:33.940 19814 19848 I CarrierServices: [101688] cmn.a: Received Provisioning Event: [Bugle information (100)]
12-14 21:42:33.941 19814 19848 I CarrierServices: [101688] cmn.a: JibeService is running, passing event to provisioning engine.
12-14 21:42:33.941 19814 19848 I CarrierServices: [101688] cdj.a: Handling Provisioning Event: [Bugle information (100)]
12-14 21:42:33.942 19814 19848 I CarrierServices: [101688] cev.a: RcsAvailabilityManager: Calculating Rcs Availability
12-14 21:42:33.946 19814 19848 I CarrierServices: [101688] cev.a: RcsAvailabilityManager: Rcs Availability still DISABLED_SIM_ABSENT (RCS is disabled due to SIM absent)
12-14 21:42:33.947 23624 23633 I zygote  : Background concurrent copying GC freed 94406(5MB) AllocSpace objects, 38(1680KB) LOS objects, 49% free, 9MB/18MB, paused 192us total 162.967ms
12-14 21:42:33.955 19901 20021 I cr_CronetLibraryLoader: Cronet version: 76.0.3809.111, arch: armv7l
12-14 21:42:33.963  1456  7796 I OpenGLRenderer: Initialized EGL, version 1.4
12-14 21:42:33.963  1456  7796 D OpenGLRenderer: Swap behavior 2
12-14 21:42:33.964 19901 20032 I Bugle   : BugleMddTaskScheduler: Successfully updated period. tag: MDD.WIFI.CHARGING.PERIODIC.TASK, period: 3600
12-14 21:42:33.965 19901 20032 I Bugle   : BugleMddTaskScheduler: Successfully updated period. tag: MDD.CELLULAR.CHARGING.PERIODIC.TASK, period: 21600
12-14 21:42:33.965 19901 20032 I Bugle   : BugleMddTaskScheduler: Successfully updated period. tag: MDD.MAINTENANCE.PERIODIC.GCM.TASK, period: 86400
12-14 21:42:33.966 19901 20032 I Bugle   : BugleMddTaskScheduler: Successfully updated period. tag: MDD.CHARGING.PERIODIC.TASK, period: 21600
12-14 21:42:34.021  2748  2917 W OpenGLRenderer: Incorrectly called buildLayer on View: ShortcutAndWidgetContainer, destroying layer...
12-14 21:42:34.193  1456 10736 D ConnectivityService: requestNetwork for uid/pid:10560/19842 NetworkRequest [ TRACK_DEFAULT id=9322, [ Capabilities: INTERNET&NOT_RESTRICTED&TRUSTED&NOT_VPN] ]
12-14 21:42:34.194  1456  2099 D Ethernet: got request NetworkRequest [ TRACK_DEFAULT id=9322, [ Capabilities: INTERNET&NOT_RESTRICTED&TRUSTED&NOT_VPN] ] with score 60
12-14 21:42:34.194  1456  2054 D WIFI_UT : got request NetworkRequest [ TRACK_DEFAULT id=9322, [ Capabilities: INTERNET&NOT_RESTRICTED&TRUSTED&NOT_VPN] ] with score 60
12-14 21:42:34.195  1456  2054 D WIFI    : got request NetworkRequest [ TRACK_DEFAULT id=9322, [ Capabilities: INTERNET&NOT_RESTRICTED&TRUSTED&NOT_VPN] ] with score 60
12-14 21:42:34.195  2398  2398 D PhoneSwitcherNetworkRequstListener: got request NetworkRequest [ TRACK_DEFAULT id=9322, [ Capabilities: INTERNET&NOT_RESTRICTED&TRUSTED&NOT_VPN] ] with score 60
12-14 21:42:34.220 19842 20236 I chatty  : uid=10560(org.mozilla.fenix.performancetest) expire 9 lines
12-14 21:42:34.496  1456 10736 W ActivityManager: Background start not allowed: service Intent { cmp=com.google.android.apps.messaging/.shared.datamodel.action.execution.ActionExecutorImpl$EmptyService } to com.google.android.apps.messaging/.shared.datamodel.action.execution.ActionExecutorImpl$EmptyService from pid=19901 uid=10110 pkg=com.google.android.apps.messaging
12-14 21:42:34.497 19901 19901 W BugleDataModel: ActionExecutorImpl: Action started execution, but we can't guarantee it will complete, the app may be killed. Action: class com.google.android.apps.messaging.shared.datamodel.action.FixupMessageStatusOnStartupAction-FixupMessageStatusOnStartupAction:8905832054001
12-14 21:42:34.497 19901 19901 W BugleDataModel: java.lang.IllegalStateException: Not allowed to start service Intent { cmp=com.google.android.apps.messaging/.shared.datamodel.action.execution.ActionExecutorImpl$EmptyService }: app is in background uid UidRecord{c84620c u0a110 CEM  idle change:cached procs:1 seq(0,0,0)}
12-14 21:42:34.497 19901 19901 W BugleDataModel: 	at android.app.ContextImpl.startServiceCommon(ContextImpl.java:1536)
12-14 21:42:34.497 19901 19901 W BugleDataModel: 	at android.app.ContextImpl.startService(ContextImpl.java:1492)
12-14 21:42:34.497 19901 19901 W BugleDataModel: 	at android.content.ContextWrapper.startService(ContextWrapper.java:650)
12-14 21:42:34.497 19901 19901 W BugleDataModel: 	at com.google.android.apps.messaging.shared.datamodel.action.execution.ActionExecutorImpl.a(PG:94)
12-14 21:42:34.497 19901 19901 W BugleDataModel: 	at com.google.android.apps.messaging.shared.datamodel.action.execution.ActionExecutorImpl.a(PG:89)
12-14 21:42:34.497 19901 19901 W BugleDataModel: 	at fib.c(PG:113)
12-14 21:42:34.497 19901 19901 W BugleDataModel: 	at fhy.run(PG:1)
12-14 21:42:34.497 19901 19901 W BugleDataModel: 	at zit.run(PG:3)
12-14 21:42:34.497 19901 19901 W BugleDataModel: 	at android.os.Handler.handleCallback(Handler.java:790)
12-14 21:42:34.497 19901 19901 W BugleDataModel: 	at android.os.Handler.dispatchMessage(Handler.java:99)
12-14 21:42:34.497 19901 19901 W BugleDataModel: 	at android.os.Looper.loop(Looper.java:164)
12-14 21:42:34.497 19901 19901 W BugleDataModel: 	at android.app.ActivityThread.main(ActivityThread.java:6626)
12-14 21:42:34.497 19901 19901 W BugleDataModel: 	at java.lang.reflect.Method.invoke(Native Method)
12-14 21:42:34.497 19901 19901 W BugleDataModel: 	at com.android.internal.os.RuntimeInit$MethodAndArgsCaller.run(RuntimeInit.java:438)
12-14 21:42:34.497 19901 19901 W BugleDataModel: 	at com.android.internal.os.ZygoteInit.main(ZygoteInit.java:811)
12-14 21:42:34.499  1456 10736 W ActivityManager: Background start not allowed: service Intent { cmp=com.google.android.apps.messaging/.shared.datamodel.action.execution.ActionExecutorImpl$EmptyService } to com.google.android.apps.messaging/.shared.datamodel.action.execution.ActionExecutorImpl$EmptyService from pid=19901 uid=10110 pkg=com.google.android.apps.messaging
12-14 21:42:34.500 19901 19901 W BugleDataModel: ActionExecutorImpl: Action started execution, but we can't guarantee it will complete, the app may be killed. Action: class com.google.android.apps.messaging.shared.datamodel.action.ProcessPendingMessagesAction-ProcessPendingMessagesAction:8905832054002
12-14 21:42:34.500 19901 19901 W BugleDataModel: java.lang.IllegalStateException: Not allowed to start service Intent { cmp=com.google.android.apps.messaging/.shared.datamodel.action.execution.ActionExecutorImpl$EmptyService }: app is in background uid UidRecord{c84620c u0a110 CEM  idle change:cached procs:1 seq(0,0,0)}
12-14 21:42:34.500 19901 19901 W BugleDataModel: 	at android.app.ContextImpl.startServiceCommon(ContextImpl.java:1536)
12-14 21:42:34.500 19901 19901 W BugleDataModel: 	at android.app.ContextImpl.startService(ContextImpl.java:1492)
12-14 21:42:34.500 19901 19901 W BugleDataModel: 	at android.content.ContextWrapper.startService(ContextWrapper.java:650)
12-14 21:42:34.500 19901 19901 W BugleDataModel: 	at com.google.android.apps.messaging.shared.datamodel.action.execution.ActionExecutorImpl.a(PG:94)
12-14 21:42:34.500 19901 19901 W BugleDataModel: 	at com.google.android.apps.messaging.shared.datamodel.action.execution.ActionExecutorImpl.a(PG:89)
12-14 21:42:34.500 19901 19901 W BugleDataModel: 	at fib.c(PG:113)
12-14 21:42:34.500 19901 19901 W BugleDataModel: 	at fhy.run(PG:1)
12-14 21:42:34.500 19901 19901 W BugleDataModel: 	at zit.run(PG:3)
12-14 21:42:34.500 19901 19901 W BugleDataModel: 	at android.os.Handler.handleCallback(Handler.java:790)
12-14 21:42:34.500 19901 19901 W BugleDataModel: 	at android.os.Handler.dispatchMessage(Handler.java:99)
12-14 21:42:34.500 19901 19901 W BugleDataModel: 	at android.os.Looper.loop(Looper.java:164)
12-14 21:42:34.500 19901 19901 W BugleDataModel: 	at android.app.ActivityThread.main(ActivityThread.java:6626)
12-14 21:42:34.500 19901 19901 W BugleDataModel: 	at java.lang.reflect.Method.invoke(Native Method)
12-14 21:42:34.500 19901 19901 W BugleDataModel: 	at com.android.internal.os.RuntimeInit$MethodAndArgsCaller.run(RuntimeInit.java:438)
12-14 21:42:34.500 19901 19901 W BugleDataModel: 	at com.android.internal.os.ZygoteInit.main(ZygoteInit.java:811)
12-14 21:42:34.506 19901 20176 I BugleDataModel: FixupMessageStatusOnStartupAction: sendFailedCnt: 0, downloadFailedCnt: 0, partsProcessingFailedCnt: 0
12-14 21:42:34.516 19901 20176 I Bugle   : not cached readyToSendAndReceiveRcs
12-14 21:42:34.519 19901 20176 I BugleDataModel: PendingMessagesProcessor: process from FixupMessageStatusOnStartupAction due to connectivity changed with queues:
12-14 21:42:34.519 19901 20176 I BugleDataModel: ProcessPendingMessagesTimers: cleared next retry time for channel sms_send 
12-14 21:42:34.519 19901 20176 I BugleDataModel: ProcessPendingMessagesTimers: cleared next retry time for channel mms_send 
12-14 21:42:34.519 19901 20176 I BugleDataModel: ProcessPendingMessagesTimers: cleared next retry time for channel mms_download 
12-14 21:42:34.519 19901 20176 I BugleDataModel: ProcessPendingMessagesTimers: cleared next retry time for channel rcs_send 
12-14 21:42:34.519 19901 20176 I BugleDataModel: ProcessPendingMessagesTimers: cleared next retry time for channel rcs_ft_upload 
12-14 21:42:34.519 19901 20176 I BugleDataModel: ProcessPendingMessagesTimers: cleared next retry time for channel rcs_ft_download 
12-14 21:42:34.520 19901 20176 I BugleDataModel: ProcessPendingMessagesTimers: cleared next retry time for channel cloud_sync_send 
12-14 21:42:34.520 19901 20176 I BugleDataModel: ProcessPendingMessagesTimers: cleared next retry time for channel cloud_sync_attachment_download 
12-14 21:42:34.526 19901 20176 I Bugle   : not cached readyToSendAndReceiveRcs
12-14 21:42:34.528 19901 20176 I BugleDataModel: PendingMessagesProcessor: process from ProcessPendingMessagesAction due to scheduled processing with queues:
12-14 21:42:34.752 19842 19941 I chatty  : uid=10560(org.mozilla.fenix.performancetest) expire 1 line
12-14 21:42:34.762  1456  2067 D ConnectivityService: releasing NetworkRequest [ TRACK_DEFAULT id=9322, [ Capabilities: INTERNET&NOT_RESTRICTED&TRUSTED&NOT_VPN] ] (release request)
12-14 21:42:34.837  1456 10736 W ActivityManager: Background start not allowed: service Intent { cmp=com.google.android.apps.messaging/.shared.datamodel.action.execution.ActionExecutorImpl$EmptyService } to com.google.android.apps.messaging/.shared.datamodel.action.execution.ActionExecutorImpl$EmptyService from pid=19901 uid=10110 pkg=com.google.android.apps.messaging
12-14 21:42:34.839 19901 20176 I ShortcutBadger: Checking if platform supports badge counters, attempt 1/3.
12-14 21:42:34.846 19901 20176 I ShortcutBadger: Checking if platform supports badge counters, attempt 2/3.
12-14 21:42:34.850 19901 20176 I ShortcutBadger: Checking if platform supports badge counters, attempt 3/3.
12-14 21:42:34.853 19901 20176 W ShortcutBadger: Badge counter seems not supported in this platform: unable to resolve intent: Intent { act=android.intent.action.BADGE_COUNT_UPDATE (has extras) }
12-14 21:42:38.621  1456  6339 I ActivityManager: Force stopping org.mozilla.fenix.performancetest appid=10560 user=0: from pid 20241
12-14 21:42:38.622  1456  6339 I ActivityManager: Killing 19842:org.mozilla.fenix.performancetest/u0a560 (adj 700): stop org.mozilla.fenix.performancetest
12-14 21:42:38.625  1456  1605 W zygote  : kill(-19842, 9) failed: No such process
12-14 21:42:38.625  1456  6339 W ActivityManager: Force removing ActivityRecord{a8e82e2 u0 org.mozilla.fenix.performancetest/org.mozilla.fenix.HomeActivity t8806}: app died, no saved state
12-14 21:42:38.634  1456  6339 I ActivityManager: Killing 19945:org.mozilla.fenix.performancetest:tab/u0a560 (adj 0): stop org.mozilla.fenix.performancetest
12-14 21:42:38.641  1456  1605 W zygote  : kill(-19842, 9) failed: No such process
12-14 21:42:38.648  2398  2398 D CarrierSvcBindHelper: No carrier app for: 0
12-14 21:42:38.648  2398  2398 D CarrierSvcBindHelper: No carrier app for: 1
12-14 21:42:38.657  1456  1605 W zygote  : kill(-19842, 9) failed: No such process
12-14 21:42:38.695  1456  1673 W ActivityManager: setHasOverlayUi called on unknown pid: 19842
12-14 21:42:38.704  1456  1605 W zygote  : kill(-19842, 9) failed: No such process
12-14 21:42:38.704  1456  1605 I zygote  : Successfully killed process cgroup uid 10560 pid 19842 in 79ms
12-14 21:42:38.704  1456  1605 W zygote  : kill(-19945, 9) failed: No such process
12-14 21:42:38.704  1456  1605 I zygote  : Successfully killed process cgroup uid 10560 pid 19945 in 0ms
12-14 21:42:38.741  1456  2402 I ActivityManager: START u0 {act=android.intent.action.MAIN cat=[android.intent.category.LAUNCHER] flg=0x10000000 cmp=org.mozilla.fenix.performancetest/org.mozilla.fenix.HomeActivity} from uid 2000
12-14 21:42:38.741   794   839 E ANDR-PERF-RESOURCEQS: Failed to apply optimization [4, 0]
12-14 21:42:38.761  1456  2162 I ActivityManager: Start proc 20248:org.mozilla.fenix.performancetest/u0a560 for activity org.mozilla.fenix.performancetest/org.mozilla.fenix.HomeActivity
12-14 21:42:38.766 20248 20248 I chatty  : uid=10560(org.mozilla.fenix.performancetest) expire 25 lines
12-14 21:42:38.859  4192  4364 I MicroDetectionState: Should stop hotword detection immediately - false
12-14 21:42:38.860  4192  4364 I MicroDetector: Keeping mic open: false
12-14 21:42:38.860  4192 11747 E DeviceStateChecker: DeviceStateChecker cancelled
12-14 21:42:38.860  4192  4364 I RecognitionAudioControl: #shutdownAudio [requestId: 129221723604507764, keepAudioOpen: false, forced: true]
12-14 21:42:38.860  4192  4364 I RecognitionAudioControl: #internalShutdownAudio [requestId: 129221723604507764]
12-14 21:42:38.860  4192  4364 I RecognitionAudioControl: #internalShutdownAudio [keepAudioOpen: false, forced: true]
12-14 21:42:38.860  4192  4364 I RecognitionAudioControl: #actualShutdownAudio
12-14 21:42:38.860  4192  4364 I AudioController: #shutdown [requestId=129221723604507764]
12-14 21:42:38.861  4192 19779 I MicroRecognitionRunner: Stopping hotword detection.
12-14 21:42:38.862  4192 25516 I MicroRecognitionRunner: Detection finished
12-14 21:42:38.863  4192 19777 I AudioController: internalShutdown
12-14 21:42:38.928   788  1401 D audio_hw_primary: disable_audio_route: usecase(9) reset and update mixer path: audio-record
12-14 21:42:38.928   788  1401 D audio_hw_primary: disable_snd_device: snd_device(120: voice-rec-mic)
12-14 21:42:38.930  1012  4918 D APM_AudioPolicyManager: stopInput() input 20918, session 20953
12-14 21:42:38.931   788   788 D audio_hw_primary: in_set_parameters: enter: kvpairs=routing=0
12-14 21:42:38.933  4192 19777 I MicrophoneInputStream: mic_close  SR : 16000 CC : 16 SO : 1999
12-14 21:42:38.933  4192 19777 E AudioSource: Stop listening is called on already closed AudioSource
12-14 21:42:38.999 20248 20266 I chatty  : uid=10560(org.mozilla.fenix.performancetest) expire 13 lines
12-14 21:42:39.158  1456  1466 I zygote  : Background concurrent copying GC freed 72118(3MB) AllocSpace objects, 24(992KB) LOS objects, 42% free, 28MB/49MB, paused 185us total 293.390ms
12-14 21:42:39.230 20248 20280 I chatty  : uid=10560(org.mozilla.fenix.performancetest) expire 16 lines
12-14 21:42:39.356 20248 20287 I chatty  : uid=10560(org.mozilla.fenix.performancetest) expire 9 lines
12-14 21:42:39.363  1456  5907 I ActivityManager: Start proc 20289:org.mozilla.fenix.performancetest:tab/u0a560 for service org.mozilla.fenix.performancetest/org.mozilla.gecko.process.GeckoServiceChildProcess$tab
12-14 21:42:39.367 20289 20289 I chatty  : uid=10560(org.mozilla.fenix.performancetest) expire 2 lines
12-14 21:42:39.535 20289 20313 I chatty  : uid=10560(org.mozilla.fenix.performancetest) expire 1 line
12-14 21:42:39.659 20248 20254 I chatty  : uid=10560(org.mozilla.fenix.performancetest) expire 11 lines
12-14 21:42:39.678 20248 20248 I chatty  : uid=10560(org.mozilla.fenix.performancetest) expire 43 lines
12-14 21:42:39.726 20248 20280 I chatty  : uid=10560(org.mozilla.fenix.performancetest) expire 22 lines
12-14 21:42:39.846 19666 19680 D AuthStateProvider: Caller must be whitelisted.
12-14 21:42:39.991  1456  5907 W ActivityManager: Background start not allowed: service Intent { cmp=com.google.android.apps.messaging/.shared.datamodel.action.execution.ActionExecutorImpl$EmptyService } to com.google.android.apps.messaging/.shared.datamodel.action.execution.ActionExecutorImpl$EmptyService from pid=19901 uid=10110 pkg=com.google.android.apps.messaging
12-14 21:42:39.992 19901 19901 W BugleDataModel: ActionExecutorImpl: Action started execution, but we can't guarantee it will complete, the app may be killed. Action: class com.google.android.apps.messaging.shared.datamodel.action.GenericWorkerQueueAction-GenericWorkerQueueAction:8905832054008
12-14 21:42:39.992 19901 19901 W BugleDataModel: java.lang.IllegalStateException: Not allowed to start service Intent { cmp=com.google.android.apps.messaging/.shared.datamodel.action.execution.ActionExecutorImpl$EmptyService }: app is in background uid UidRecord{c84620c u0a110 CEM  idle change:cached procs:1 seq(0,0,0)}
12-14 21:42:39.992 19901 19901 W BugleDataModel: 	at android.app.ContextImpl.startServiceCommon(ContextImpl.java:1536)
12-14 21:42:39.992 19901 19901 W BugleDataModel: 	at android.app.ContextImpl.startService(ContextImpl.java:1492)
12-14 21:42:39.992 19901 19901 W BugleDataModel: 	at android.content.ContextWrapper.startService(ContextWrapper.java:650)
12-14 21:42:39.992 19901 19901 W BugleDataModel: 	at com.google.android.apps.messaging.shared.datamodel.action.execution.ActionExecutorImpl.a(PG:94)
12-14 21:42:39.992 19901 19901 W BugleDataModel: 	at com.google.android.apps.messaging.shared.datamodel.action.execution.ActionExecutorImpl.a(PG:89)
12-14 21:42:39.992 19901 19901 W BugleDataModel: 	at fib.c(PG:113)
12-14 21:42:39.992 19901 19901 W BugleDataModel: 	at fhy.run(PG:1)
12-14 21:42:39.992 19901 19901 W BugleDataModel: 	at zit.run(PG:3)
12-14 21:42:39.992 19901 19901 W BugleDataModel: 	at android.os.Handler.handleCallback(Handler.java:790)
12-14 21:42:39.992 19901 19901 W BugleDataModel: 	at android.os.Handler.dispatchMessage(Handler.java:99)
12-14 21:42:39.992 19901 19901 W BugleDataModel: 	at android.os.Looper.loop(Looper.java:164)
12-14 21:42:39.992 19901 19901 W BugleDataModel: 	at android.app.ActivityThread.main(ActivityThread.java:6626)
12-14 21:42:39.992 19901 19901 W BugleDataModel: 	at java.lang.reflect.Method.invoke(Native Method)
12-14 21:42:39.992 19901 19901 W BugleDataModel: 	at com.android.internal.os.RuntimeInit$MethodAndArgsCaller.run(RuntimeInit.java:438)
12-14 21:42:39.992 19901 19901 W BugleDataModel: 	at com.android.internal.os.ZygoteInit.main(ZygoteInit.java:811)
12-14 21:42:40.011 20248 20287 I chatty  : uid=10560(org.mozilla.fenix.performancetest) expire 1 line
12-14 21:42:40.057 20248 20341 I chatty  : uid=10560(org.mozilla.fenix.performancetest) expire 5 lines
12-14 21:42:40.510  1456  7570 I WifiService: getDhcpInfo uid=10560
12-14 21:42:41.094 20248 20372 I chatty  : uid=10560(org.mozilla.fenix.performancetest) expire 2 lines
12-14 21:42:41.528  1456  1673 I LaunchCheckinHandler: Displayed org.mozilla.fenix.performancetest/org.mozilla.fenix.HomeActivity,cp,ca,2780
12-14 21:42:41.529  1456  1673 I ActivityManager: Displayed org.mozilla.fenix.performancetest/org.mozilla.fenix.HomeActivity: +2s771ms
12-14 21:42:41.552 19666 19680 D AuthStateProvider: Caller must be whitelisted.
12-14 21:42:41.593 20248 20395 I chatty  : uid=10560(org.mozilla.fenix.performancetest) expire 4 lines
12-14 21:42:41.647  4192  4192 I MemoryTrimmer: Trimming objects from memory, since app is in the background.
12-14 21:42:41.653  4192  4192 I MemoryTrimmer: Trimming objects from memory, since app is in the background.
12-14 21:42:41.655  4192 19803 I PBSessionCacheImpl: Deleted sessionId[18438187063718394] from persistence.
12-14 21:42:41.658  1456  4250 I WifiService: getWifiEnabledState uid=10073
12-14 21:42:41.663  4192  4364 W SearchServiceCore: Abort, client detached.
12-14 21:42:41.671 20248 20265 I chatty  : uid=10560(org.mozilla.fenix.performancetest) expire 1 line
12-14 21:42:44.399 20400 20400 D AndroidRuntime: >>>>>> START com.android.internal.os.RuntimeInit uid 2000 <<<<<<
12-14 21:42:44.412 20400 20400 W app_process: Could not reserve sentinel fault page
12-14 21:42:44.591 20400 20400 I app_process: The ClassLoaderContext is a special shared library.
12-14 21:42:44.661 20400 20400 D AndroidRuntime: Calling main entry com.android.commands.input.Input
12-14 21:42:44.663 20400 20400 I Input   : injectKeyEvent: KeyEvent { action=ACTION_DOWN, keyCode=KEYCODE_HOME, scanCode=0, metaState=0, flags=0x0, repeatCount=0, eventTime=8824988276, downTime=8824988276, deviceId=-1, source=0x101 }
12-14 21:42:44.675 20400 20400 I Input   : injectKeyEvent: KeyEvent { action=ACTION_UP, keyCode=KEYCODE_HOME, scanCode=0, metaState=0, flags=0x0, repeatCount=0, eventTime=8824988276, downTime=8824988276, deviceId=-1, source=0x101 }
12-14 21:42:44.682  1456  1941 I ActivityManager: START u0 {act=android.intent.action.MAIN cat=[android.intent.category.HOME] flg=0x10200000 cmp=com.android.launcher3/.CustomizationPanelLauncher (has extras)} from uid 1000
12-14 21:42:44.683   794   839 E ANDR-PERF-RESOURCEQS: Failed to apply optimization [4, 0]
12-14 21:42:44.693  1456  1941 I ActivityManager: moveHomeStack, setupComplete:true
12-14 21:42:44.696 20400 20400 D AndroidRuntime: Shutting down VM
12-14 21:42:44.703  4192  4304 I Adreno  : QUALCOMM build                   : bb5b86c, I77d3059488
12-14 21:42:44.703  4192  4304 I Adreno  : Build Date                       : 06/07/18
12-14 21:42:44.703  4192  4304 I Adreno  : OpenGL ES Shader Compiler Version: EV031.22.00.01_06
12-14 21:42:44.703  4192  4304 I Adreno  : Local Branch                     : 
12-14 21:42:44.703  4192  4304 I Adreno  : Remote Branch                    : refs/tags/AU_LINUX_ANDROID_LA.UM.6.5.R1.08.01.00.312.086
12-14 21:42:44.703  4192  4304 I Adreno  : Remote Branch                    : NONE
12-14 21:42:44.703  4192  4304 I Adreno  : Reconstruct Branch               : NOTHING
12-14 21:42:44.706  4192  4304 D vndksupport: Loading /vendor/lib/hw/gralloc.msm8937.so from current namespace instead of sphal namespace.
12-14 21:42:44.709  4192  4304 I Adreno  : PFP: 0x005ff087, ME: 0x005ff063
12-14 21:42:44.713  4192  4304 I zygote  : android::hardware::configstore::V1_0::ISurfaceFlingerConfigs::hasWideColorDisplay retrieved: 0
12-14 21:42:44.714  4192  4304 I OpenGLRenderer: Initialized EGL, version 1.4
12-14 21:42:44.714  4192  4304 D OpenGLRenderer: Swap behavior 2
12-14 21:42:44.717  2748  2748 D Launcher.Utilities: Wakeup weather: Intent { act=com.motorola.launcher3.action.WAKEUP_WEATHER cmp=com.motorola.timeweatherwidget/com.motorola.commandcenter.weather.WakeUpService }
12-14 21:42:44.733  1456  1456 I NotificationService: Cannot find enqueued record for key: 0|com.motorola.timeweatherwidget|1|null|10116
12-14 21:42:44.739   808   808 D SurfaceFlinger: duplicate layer name: changing com.android.launcher3/com.android.launcher3.CustomizationPanelLauncher to com.android.launcher3/com.android.launcher3.CustomizationPanelLauncher#1
12-14 21:42:44.758  4192 11747 W ThreadPoolDumper: Queue length for executor EventBus is now 11. Perhaps some tasks are too long, or the pool is too small.
12-14 21:42:44.759  1456  4250 I WifiService: getWifiEnabledState uid=10073
12-14 21:42:44.770  1456  4250 I WifiService: getWifiEnabledState uid=10073
12-14 21:42:44.799  4192  4364 I MicroDetectionState: Should stop hotword detection immediately - false
12-14 21:42:44.804  4192  4364 I MicroDetectionWorker: #startMicroDetector [speakerMode: 0]
12-14 21:42:44.805  4192  4364 I AudioController: Created new AudioSource
12-14 21:42:44.823  1456  1673 I LaunchCheckinHandler: Displayed com.android.launcher3/.CustomizationPanelLauncher,wp,wa,140
12-14 21:42:44.823  4192  4364 I MicroDetectionWorker: onReady
12-14 21:42:44.824  4192 19778 I MicroDataManager: isInitializedWithLatestParams-true
12-14 21:42:44.824  4192 19778 I MicroDataManager: isInitializing-false locale not changed-true model not changed-true
12-14 21:42:44.825  4192 19778 I MicroDataManager: Already initialized, obtaining the hotword data immediately.
12-14 21:42:44.827 19332 19332 I Finsky  : [2] pqo.onTrimMemory(1): Memory trim requested to level 80
12-14 21:42:44.828  4192 19802 I MicroRecognitionRunner: Starting detection.
12-14 21:42:44.829  4192 19802 I InputStreamUtils: Using micInputStream
12-14 21:42:44.829  4192 19803 I MicrophoneInputStream: mic_starting  SR : 16000 CC : 16 SO : 1999
12-14 21:42:44.832   788   788 V msm8974_platform: platform_check_input_mask: enter check_input_mask source 6 mask 10
12-14 21:42:44.838  1012 20414 I AudioFlinger: AudioFlinger's thread 0xb2483000 tid=20414 ready to run
12-14 21:42:44.844   788   788 D audio_hw_primary: in_set_parameters: enter: kvpairs=input_source=6;routing=-2147483644
12-14 21:42:44.844  1012  1302 D APM_AudioPolicyManager: AudioPolicyManager::startInput() input 20926, session 20961, source = 1999
12-14 21:42:44.845  4192 19803 I MicrophoneInputStream: mic_started  SR : 16000 CC : 16 SO : 1999
12-14 21:42:44.846   788 20415 V msm8974_platform: platform_update_usecase_from_source: input source :6
12-14 21:42:44.847   788 20415 V msm8974_platform: platform_check_input_mask: enter check_input_mask source 6 mask 10
12-14 21:42:44.847   788 20415 V msm8974_platform: platform_get_input_snd_device: enter: out_device(0) in_device(0x4) channel_count (1) channel_mask (0x10)
12-14 21:42:44.847   788 20415 V msm8974_platform: platform_get_input_snd_device: exit: in_snd_device(voice-rec-mic)
12-14 21:42:44.847   788 20415 V msm8974_platform: platform_get_backend_index:napb: backend port - 5 device - 120 
12-14 21:42:44.847   788 20415 V msm8974_platform: platform_check_and_set_capture_backend_cfg:txbecf: afe: bitwidth 0, samplerate 0, channel 1, backend_idx 5 usecase = 9 device (voice-rec-mic)
12-14 21:42:44.847   788 20415 V msm8974_platform: platform_check_capture_backend_cfg:txbecf: afe: Codec selected backend: 5 current bit width: 0 and sample rate: 0, channels 1
12-14 21:42:44.847   788 20415 V msm8974_platform: platform_check_capture_backend_cfg:txbecf: afe: Codec selected backend: 5 updated bit width: 0 and sample rate: 0
12-14 21:42:44.847   788 20415 I msm8974_platform: platform_check_capture_backend_cfg:txbecf: afe: Codec backend needs to be updated. new bit width: 0 new sample rate: 0 new channel: 1
12-14 21:42:44.847   788 20415 V msm8974_platform: platform_get_backend_index:napb: backend port - 5 device - 120 
12-14 21:42:44.847   788 20415 V msm8974_platform: platform_set_backend_cfg:becf: afe: bitwidth 0, samplerate 0 channels 1, backend_idx 5 device (voice-rec-mic)
12-14 21:42:44.847   788 20415 E msm8974_platform: platform_set_backend_cfg:becf: afe: Could not get ctl for mixer command - SLIM_0_TX Format
12-14 21:42:44.847   788 20415 V msm8974_platform: platform_send_audio_calibration: sending audio calibration for snd_device(120) acdb_id(62)
12-14 21:42:44.847   788 20415 D ACDB-LOADER: ACDB -> send_audio_cal, acdb_id = 62, path = 1, app id = 0x11130, sample rate = 48000
12-14 21:42:44.847   788 20415 D ACDB-LOADER: ACDB -> send_asm_topology
12-14 21:42:44.847   788 20415 D ACDB-LOADER: ACDB -> ACDB_CMD_GET_AUDPROC_STREAM_TOPOLOGY_ID
12-14 21:42:44.847   788 20415 D ACDB-LOADER: ACDB -> send_adm_topology
12-14 21:42:44.847   788 20415 D ACDB-LOADER: ACDB -> ACDB_CMD_GET_AUDPROC_COMMON_TOPOLOGY_ID
12-14 21:42:44.847   788 20415 D ACDB-LOADER: ACDB -> send_audtable
12-14 21:42:44.847   788 20415 D ACDB-LOADER: ACDB -> ACDB_CMD_GET_AUDPROC_COMMON_TABLE_SIZE
12-14 21:42:44.847   788 20415 D ACDB-LOADER: ACDB -> ACDB_CMD_GET_AUDPROC_COMMON_TABLE
12-14 21:42:44.848   788 20415 D ACDB-LOADER: ACDB -> AUDIO_SET_AUDPROC_CAL
12-14 21:42:44.848   788 20415 D ACDB-LOADER: ACDB -> send_audvoltable
12-14 21:42:44.848   788 20415 D ACDB-LOADER: ACDB -> ACDB_CMD_GET_AUDPROC_VOL_STEP_TABLE_SIZE
12-14 21:42:44.848   788 20415 D ACDB-LOADER: ACDB -> ACDB_CMD_GET_AUDPROC_GAIN_DEP_STEP_TABLE, vol index 0
12-14 21:42:44.848   788 20415 D         : Failed to fetch the lookup information of the device 0000003E 
12-14 21:42:44.848   788 20415 D ACDB-LOADER: ACDB -> AUDIO_SET_VOL_CAL cal type = 12
12-14 21:42:44.848   788 20415 D ACDB-LOADER: ACDB -> ACDB_CMD_GET_AUDPROC_STREAM_TABLE_SIZE
12-14 21:42:44.848   788 20415 D ACDB-LOADER: ACDB -> send_audstrmtable
12-14 21:42:44.848   788 20415 D ACDB-LOADER: ACDB -> ACDB_CMD_GET_AUDPROC_STREAM_TABLE_V2
12-14 21:42:44.848   788 20415 D ACDB-LOADER: ACDB -> audstrm_cal->cal_type.cal_data.cal_size = 456
12-14 21:42:44.848   788 20415 D ACDB-LOADER: ACDB -> send_afe_topology
12-14 21:42:44.848   788 20415 D ACDB-LOADER: ACDB -> ACDB_CMD_GET_AFE_TOPOLOGY_ID
12-14 21:42:44.848   788 20415 D ACDB-LOADER: ACDB -> GET_AFE_TOPOLOGY_ID for adcd_id 62, Topology Id 112fb
12-14 21:42:44.848   788 20415 D ACDB-LOADER: ACDB -> send_afe_cal
12-14 21:42:44.848   788 20415 D ACDB-LOADER: ACDB -> ACDB_CMD_GET_AFE_COMMON_TABLE_SIZE
12-14 21:42:44.848   788 20415 D         : Failed to fetch the lookup information of the device 0000003E 
12-14 21:42:44.848   788 20415 E ACDB-LOADER: Error: ACDB_CMD_GET_AFE_COMMON_TABLE_SIZE Returned = -19
12-14 21:42:44.848   788 20415 D ACDB-LOADER: ACDB -> ACDB_CMD_GET_AFE_COMMON_TABLE
12-14 21:42:44.848   788 20415 D         : Failed to fetch the lookup information of the device 0000003E 
12-14 21:42:44.848   788 20415 D ACDB-LOADER: ACDB -> AUDIO_SET_AFE_CAL
12-14 21:42:44.848   788 20415 D ACDB-LOADER: ACDB -> send_hw_delay : acdb_id = 62 path = 1
12-14 21:42:44.848   788 20415 D ACDB-LOADER: ACDB -> ACDB_AVSYNC_INFO: ACDB_CMD_GET_DEVICE_PROPERTY
12-14 21:42:44.848   788 20415 D audio_hw_primary: enable_snd_device: snd_device(120: voice-rec-mic)
12-14 21:42:44.848   788 20415 D audio_route: Apply path: voice-rec-mic
12-14 21:42:44.853   788 20415 V msm8974_platform: platform_get_snd_device_backend_index: enter with device 120
12-14 21:42:44.853   788 20415 E msm8974_platform: platform_get_snd_device_backend_index: BE DAI Name Table is not present
12-14 21:42:44.853   788 20415 V msm8974_platform: platform_get_backend_index:napb: backend port - 5 device - 120 
12-14 21:42:44.853   788 20415 I audio_hw_utils: Set Audio Stream Capture 0 App Type Cfg: app_type 69936, acdb_dev_id 62, sample_rate 48000, snd_device_be_idx -14
12-14 21:42:44.853   788 20415 D audio_hw_primary: enable_audio_route: usecase(9) apply and update mixer path: audio-record
12-14 21:42:44.854   788 20415 D audio_route: Apply path: audio-record
12-14 21:42:44.924  4192  4364 I MicroDetectionWorker: onReady
12-14 21:42:45.221  1456  7796 I OpenGLRenderer: Initialized EGL, version 1.4
12-14 21:42:45.221  1456  7796 D OpenGLRenderer: Swap behavior 2
12-14 21:42:45.238   808   808 I SFPerfTracer:      triggers: (rate: 47:44280) (compose: 0:5) (post: 0:12) (render: 0:9) (12:1013894 frames) (13:1848016)
12-14 21:42:45.239   808   808 D SFPerfTracer:        layers: (4:13) (NavigationBar#0 (0xb07df000): 0:226737) (StatusBar#0 (0xb07e3000): 0:830372) (com.android.systemui.ImageWallpaper#0 (0xb07e7000): 0:15160) (Sprite#0 (0xb0733000): 0:317)* (DimLayerController/Stack=0#0 (0xb075a000): 0:3382)* (Sprite#1 (0xb077c000): 0:195)* (org.mozilla.fenix.performancetest/org.mozilla.fenix.HomeActivity#0 (0xb039b000): 0:46)- (com.android.launcher3/com.android.launcher3.CustomizationPanelLauncher#0 (0xb0763000): 0:40)- (com.android.launcher3/com.android.launcher3.CustomizationPanelLauncher#1 (0xb0771000): 0:10)- (Splash Screen org.mozilla.fenix.performancetest#0 (0xb0384000): 0:32)- (org.mozilla.fenix.performancetest/org.mozilla.fenix.HomeActivity#0 (0xb039b000): 12:46)* (com.android.launcher3/com.android.launcher3.CustomizationPanelLauncher#0 (0xb0763000): 13:28)* (com.android.launcher3/com.android.launcher3.CustomizationPanelLauncher#1 (0xb0771000): 1:5) 
12-14 21:42:45.269  2748  2917 W OpenGLRenderer: Incorrectly called buildLayer on View: ShortcutAndWidgetContainer, destroying layer...
12-14 21:42:45.395 20248 20266 I chatty  : uid=10560(org.mozilla.fenix.performancetest) expire 1 line
12-14 21:42:45.402 20248 20354 I chatty  : uid=10560(org.mozilla.fenix.performancetest) expire 6 lines
12-14 21:42:45.432   808   898 I SFPerfTracer:      triggers: (rate: 0:0) (0 sw vsyncs) (0 skipped) (37:860989 vsyncs) (39:1865539)
12-14 21:42:45.465  1456  5050 D ConnectivityService: requestNetwork for uid/pid:10560/20248 NetworkRequest [ TRACK_DEFAULT id=9323, [ Capabilities: INTERNET&NOT_RESTRICTED&TRUSTED&NOT_VPN] ]
12-14 21:42:45.466  1456  2099 D Ethernet: got request NetworkRequest [ TRACK_DEFAULT id=9323, [ Capabilities: INTERNET&NOT_RESTRICTED&TRUSTED&NOT_VPN] ] with score 60
12-14 21:42:45.466  1456  2054 D WIFI_UT : got request NetworkRequest [ TRACK_DEFAULT id=9323, [ Capabilities: INTERNET&NOT_RESTRICTED&TRUSTED&NOT_VPN] ] with score 60
12-14 21:42:45.466  1456  2054 D WIFI    : got request NetworkRequest [ TRACK_DEFAULT id=9323, [ Capabilities: INTERNET&NOT_RESTRICTED&TRUSTED&NOT_VPN] ] with score 60
12-14 21:42:45.466  2398  2398 D PhoneSwitcherNetworkRequstListener: got request NetworkRequest [ TRACK_DEFAULT id=9323, [ Capabilities: INTERNET&NOT_RESTRICTED&TRUSTED&NOT_VPN] ] with score 60
12-14 21:42:45.490 20248 20417 I chatty  : uid=10560(org.mozilla.fenix.performancetest) expire 9 lines
12-14 21:42:46.007 20248 20274 I chatty  : uid=10560(org.mozilla.fenix.performancetest) expire 1 line
12-14 21:42:46.016  1456  2067 D ConnectivityService: releasing NetworkRequest [ TRACK_DEFAULT id=9323, [ Capabilities: INTERNET&NOT_RESTRICTED&TRUSTED&NOT_VPN] ] (release request)
12-14 21:42:46.563  4192  4207 I zygote  : Background concurrent copying GC freed 321831(15MB) AllocSpace objects, 230(9MB) LOS objects, 33% free, 46MB/70MB, paused 255us total 723.800ms
12-14 21:42:49.842  1456  5050 I ActivityManager: Force stopping org.mozilla.fenix.performancetest appid=10560 user=0: from pid 20421
12-14 21:42:49.842  1456  5050 I ActivityManager: Killing 20248:org.mozilla.fenix.performancetest/u0a560 (adj 700): stop org.mozilla.fenix.performancetest
12-14 21:42:49.844  1456  1605 W zygote  : kill(-20248, 9) failed: No such process
12-14 21:42:49.845  1456  5050 W ActivityManager: Force removing ActivityRecord{a344676 u0 org.mozilla.fenix.performancetest/org.mozilla.fenix.HomeActivity t8807}: app died, no saved state
12-14 21:42:49.846 20289 20289 I chatty  : uid=10560(org.mozilla.fenix.performancetest) expire 1 line
12-14 21:42:49.853  1456  5050 I ActivityManager: Killing 20289:org.mozilla.fenix.performancetest:tab/u0a560 (adj 0): stop org.mozilla.fenix.performancetest
12-14 21:42:49.857  1456  1605 W zygote  : kill(-20248, 9) failed: No such process
12-14 21:42:49.867  2398  2398 D CarrierSvcBindHelper: No carrier app for: 0
12-14 21:42:49.868  2398  2398 D CarrierSvcBindHelper: No carrier app for: 1
12-14 21:42:49.873  1456  1605 W zygote  : kill(-20248, 9) failed: No such process
12-14 21:42:49.903  1456  1605 I chatty  : uid=1000(system) ActivityManager identical 2 lines
12-14 21:42:49.914  1456  1673 W ActivityManager: setHasOverlayUi called on unknown pid: 20248
12-14 21:42:49.919  1456  1605 W zygote  : kill(-20248, 9) failed: No such process
12-14 21:42:49.919  1456  1605 I zygote  : Successfully killed process cgroup uid 10560 pid 20248 in 75ms
12-14 21:42:49.919  1456  1605 W zygote  : kill(-20289, 9) failed: No such process
12-14 21:42:49.920  1456  1605 I zygote  : Successfully killed process cgroup uid 10560 pid 20289 in 0ms
12-14 21:42:49.963  1456  7556 I ActivityManager: START u0 {act=android.intent.action.MAIN cat=[android.intent.category.LAUNCHER] flg=0x10000000 cmp=org.mozilla.fenix.performancetest/org.mozilla.fenix.HomeActivity} from uid 2000
12-14 21:42:49.964   794   839 E ANDR-PERF-RESOURCEQS: Failed to apply optimization [4, 0]
12-14 21:42:49.983  1456  4802 I ActivityManager: Start proc 20428:org.mozilla.fenix.performancetest/u0a560 for activity org.mozilla.fenix.performancetest/org.mozilla.fenix.HomeActivity
12-14 21:42:49.987 20428 20428 I chatty  : uid=10560(org.mozilla.fenix.performancetest) expire 65 lines
12-14 21:42:50.081  4192  4364 I MicroDetectionState: Should stop hotword detection immediately - false
12-14 21:42:50.081  4192  4364 I MicroDetector: Keeping mic open: false
12-14 21:42:50.082  4192  4364 I RecognitionAudioControl: #shutdownAudio [requestId: -3313213250312249338, keepAudioOpen: false, forced: true]
12-14 21:42:50.082  4192 11747 E DeviceStateChecker: DeviceStateChecker cancelled
12-14 21:42:50.082  4192  4364 I RecognitionAudioControl: #internalShutdownAudio [requestId: -3313213250312249338]
12-14 21:42:50.082  4192  4364 I RecognitionAudioControl: #internalShutdownAudio [keepAudioOpen: false, forced: true]
12-14 21:42:50.082  4192  4364 I RecognitionAudioControl: #actualShutdownAudio
12-14 21:42:50.082  4192  4364 I AudioController: #shutdown [requestId=-3313213250312249338]
12-14 21:42:50.082  4192 19778 I AudioController: internalShutdown
12-14 21:42:50.082  4192 19776 I MicroRecognitionRunner: Stopping hotword detection.
12-14 21:42:50.149   788   788 D audio_hw_primary: disable_audio_route: usecase(9) reset and update mixer path: audio-record
12-14 21:42:50.149   788   788 D audio_hw_primary: disable_snd_device: snd_device(120: voice-rec-mic)
12-14 21:42:50.151  1012 11919 D APM_AudioPolicyManager: stopInput() input 20926, session 20961
12-14 21:42:50.151   788   788 D audio_hw_primary: in_set_parameters: enter: kvpairs=routing=0
12-14 21:42:50.153  4192 19778 I MicrophoneInputStream: mic_close  SR : 16000 CC : 16 SO : 1999
12-14 21:42:50.153  4192 19778 E AudioSource: Stop listening is called on already closed AudioSource
12-14 21:42:50.155  4192 19802 I MicroRecognitionRunner: Detection finished
12-14 21:42:50.221 20428 20445 I chatty  : uid=10560(org.mozilla.fenix.performancetest) expire 13 lines
12-14 21:42:50.431 20428 20457 I chatty  : uid=10560(org.mozilla.fenix.performancetest) expire 38 lines
12-14 21:42:50.561 20428 20466 I chatty  : uid=10560(org.mozilla.fenix.performancetest) expire 10 lines
12-14 21:42:50.565  1456  5907 I ActivityManager: Start proc 20467:org.mozilla.fenix.performancetest:tab/u0a560 for service org.mozilla.fenix.performancetest/org.mozilla.gecko.process.GeckoServiceChildProcess$tab
12-14 21:42:50.572 20467 20467 I chatty  : uid=10560(org.mozilla.fenix.performancetest) expire 2 lines
12-14 21:42:50.743 20467 20491 I chatty  : uid=10560(org.mozilla.fenix.performancetest) expire 1 line
12-14 21:42:50.861 20428 20433 I chatty  : uid=10560(org.mozilla.fenix.performancetest) expire 11 lines
12-14 21:42:51.049 19666 19680 D AuthStateProvider: Caller must be whitelisted.
12-14 21:42:51.247 20428 20519 I chatty  : uid=10560(org.mozilla.fenix.performancetest) expire 5 lines
12-14 21:42:51.694  1456  5907 I WifiService: getDhcpInfo uid=10560
12-14 21:42:52.306 20428 20550 I chatty  : uid=10560(org.mozilla.fenix.performancetest) expire 2 lines
12-14 21:42:52.694  1456  1673 I LaunchCheckinHandler: Displayed org.mozilla.fenix.performancetest/org.mozilla.fenix.HomeActivity,cp,ca,2723
12-14 21:42:52.694  1456  1673 I ActivityManager: Displayed org.mozilla.fenix.performancetest/org.mozilla.fenix.HomeActivity: +2s718ms
12-14 21:42:52.720 19666 19680 D AuthStateProvider: Caller must be whitelisted.
12-14 21:42:52.759 20428 20574 I chatty  : uid=10560(org.mozilla.fenix.performancetest) expire 4 lines
12-14 21:42:52.810  4192  4192 I MemoryTrimmer: Trimming objects from memory, since app is in the background.
12-14 21:42:52.818  4192  4192 I MemoryTrimmer: Trimming objects from memory, since app is in the background.
12-14 21:42:52.822  4192 19803 I PBSessionCacheImpl: Deleted sessionId[18438187063718402] from persistence.
12-14 21:42:52.824  1456  5907 I WifiService: getWifiEnabledState uid=10073
12-14 21:42:52.827  4192  4364 W SearchServiceCore: Abort, client detached.
12-14 21:42:52.889 20428 20448 I chatty  : uid=10560(org.mozilla.fenix.performancetest) expire 2 lines
12-14 21:42:55.616 20579 20579 D AndroidRuntime: >>>>>> START com.android.internal.os.RuntimeInit uid 2000 <<<<<<
12-14 21:42:55.629 20579 20579 W app_process: Could not reserve sentinel fault page
12-14 21:42:55.794 20579 20579 I app_process: The ClassLoaderContext is a special shared library.
12-14 21:42:55.865 20579 20579 D AndroidRuntime: Calling main entry com.android.commands.input.Input
12-14 21:42:55.873 20579 20579 I Input   : injectKeyEvent: KeyEvent { action=ACTION_DOWN, keyCode=KEYCODE_HOME, scanCode=0, metaState=0, flags=0x0, repeatCount=0, eventTime=8824999485, downTime=8824999485, deviceId=-1, source=0x101 }
12-14 21:42:55.881 20579 20579 I Input   : injectKeyEvent: KeyEvent { action=ACTION_UP, keyCode=KEYCODE_HOME, scanCode=0, metaState=0, flags=0x0, repeatCount=0, eventTime=8824999485, downTime=8824999485, deviceId=-1, source=0x101 }
12-14 21:42:55.887  1456  1941 I ActivityManager: START u0 {act=android.intent.action.MAIN cat=[android.intent.category.HOME] flg=0x10200000 cmp=com.android.launcher3/.CustomizationPanelLauncher (has extras)} from uid 1000
12-14 21:42:55.888   794   839 E ANDR-PERF-RESOURCEQS: Failed to apply optimization [4, 0]
12-14 21:42:55.898  1456  1941 I ActivityManager: moveHomeStack, setupComplete:true
12-14 21:42:55.901 20579 20579 D AndroidRuntime: Shutting down VM
12-14 21:42:55.909  4192  4304 I Adreno  : QUALCOMM build                   : bb5b86c, I77d3059488
12-14 21:42:55.909  4192  4304 I Adreno  : Build Date                       : 06/07/18
12-14 21:42:55.909  4192  4304 I Adreno  : OpenGL ES Shader Compiler Version: EV031.22.00.01_06
12-14 21:42:55.909  4192  4304 I Adreno  : Local Branch                     : 
12-14 21:42:55.909  4192  4304 I Adreno  : Remote Branch                    : refs/tags/AU_LINUX_ANDROID_LA.UM.6.5.R1.08.01.00.312.086
12-14 21:42:55.909  4192  4304 I Adreno  : Remote Branch                    : NONE
12-14 21:42:55.909  4192  4304 I Adreno  : Reconstruct Branch               : NOTHING
12-14 21:42:55.913  4192  4304 D vndksupport: Loading /vendor/lib/hw/gralloc.msm8937.so from current namespace instead of sphal namespace.
12-14 21:42:55.916  4192  4304 I Adreno  : PFP: 0x005ff087, ME: 0x005ff063
12-14 21:42:55.920  4192  4304 I zygote  : android::hardware::configstore::V1_0::ISurfaceFlingerConfigs::hasWideColorDisplay retrieved: 0
12-14 21:42:55.921  4192  4304 I OpenGLRenderer: Initialized EGL, version 1.4
12-14 21:42:55.922  4192  4304 D OpenGLRenderer: Swap behavior 2
12-14 21:42:55.925 19332 19332 I Finsky  : [2] pqo.onTrimMemory(1): Memory trim requested to level 60
12-14 21:42:55.926  2748  2748 D Launcher.Utilities: Wakeup weather: Intent { act=com.motorola.launcher3.action.WAKEUP_WEATHER cmp=com.motorola.timeweatherwidget/com.motorola.commandcenter.weather.WakeUpService }
12-14 21:42:55.945  1456  1456 I NotificationService: Cannot find enqueued record for key: 0|com.motorola.timeweatherwidget|1|null|10116
12-14 21:42:55.951   808   808 D SurfaceFlinger: duplicate layer name: changing com.android.launcher3/com.android.launcher3.CustomizationPanelLauncher to com.android.launcher3/com.android.launcher3.CustomizationPanelLauncher#1
12-14 21:42:55.961  4192 11747 W ThreadPoolDumper: Queue length for executor EventBus is now 11. Perhaps some tasks are too long, or the pool is too small.
12-14 21:42:55.962  1456  7556 I WifiService: getWifiEnabledState uid=10073
12-14 21:42:55.972  1456  5907 I WifiService: getWifiEnabledState uid=10073
12-14 21:42:56.001  4192  4364 I MicroDetectionState: Should stop hotword detection immediately - false
12-14 21:42:56.004  4192  4364 I MicroDetectionWorker: #startMicroDetector [speakerMode: 0]
12-14 21:42:56.006  4192  4364 I AudioController: Created new AudioSource
12-14 21:42:56.029  1456  1673 I LaunchCheckinHandler: Displayed com.android.launcher3/.CustomizationPanelLauncher,wp,wa,142
12-14 21:42:56.030  4192  4364 I MicroDetectionWorker: onReady
12-14 21:42:56.030  4192 19578 I MicroDataManager: isInitializedWithLatestParams-true
12-14 21:42:56.030  4192 19578 I MicroDataManager: isInitializing-false locale not changed-true model not changed-true
12-14 21:42:56.031  4192 19578 I MicroDataManager: Already initialized, obtaining the hotword data immediately.
12-14 21:42:56.035  4192 19797 I MicroRecognitionRunner: Starting detection.
12-14 21:42:56.035  4192 19797 I InputStreamUtils: Using micInputStream
12-14 21:42:56.036  4192 19837 I MicrophoneInputStream: mic_starting  SR : 16000 CC : 16 SO : 1999
12-14 21:42:56.038   788   788 V msm8974_platform: platform_check_input_mask: enter check_input_mask source 6 mask 10
12-14 21:42:56.040  1012 20593 I AudioFlinger: AudioFlinger's thread 0xb2483c80 tid=20593 ready to run
12-14 21:42:56.046   788   788 D audio_hw_primary: in_set_parameters: enter: kvpairs=input_source=6;routing=-2147483644
12-14 21:42:56.048  1012  8317 D APM_AudioPolicyManager: AudioPolicyManager::startInput() input 20934, session 20969, source = 1999
12-14 21:42:56.048  4192 19837 I MicrophoneInputStream: mic_started  SR : 16000 CC : 16 SO : 1999
12-14 21:42:56.050   788 20594 V msm8974_platform: platform_update_usecase_from_source: input source :6
12-14 21:42:56.050   788 20594 V msm8974_platform: platform_check_input_mask: enter check_input_mask source 6 mask 10
12-14 21:42:56.050   788 20594 V msm8974_platform: platform_get_input_snd_device: enter: out_device(0) in_device(0x4) channel_count (1) channel_mask (0x10)
12-14 21:42:56.050   788 20594 V msm8974_platform: platform_get_input_snd_device: exit: in_snd_device(voice-rec-mic)
12-14 21:42:56.050   788 20594 V msm8974_platform: platform_get_backend_index:napb: backend port - 5 device - 120 
12-14 21:42:56.050   788 20594 V msm8974_platform: platform_check_and_set_capture_backend_cfg:txbecf: afe: bitwidth 0, samplerate 0, channel 1, backend_idx 5 usecase = 9 device (voice-rec-mic)
12-14 21:42:56.050   788 20594 V msm8974_platform: platform_check_capture_backend_cfg:txbecf: afe: Codec selected backend: 5 current bit width: 0 and sample rate: 0, channels 1
12-14 21:42:56.050   788 20594 V msm8974_platform: platform_check_capture_backend_cfg:txbecf: afe: Codec selected backend: 5 updated bit width: 0 and sample rate: 0
12-14 21:42:56.050   788 20594 I msm8974_platform: platform_check_capture_backend_cfg:txbecf: afe: Codec backend needs to be updated. new bit width: 0 new sample rate: 0 new channel: 1
12-14 21:42:56.050   788 20594 V msm8974_platform: platform_get_backend_index:napb: backend port - 5 device - 120 
12-14 21:42:56.050   788 20594 V msm8974_platform: platform_set_backend_cfg:becf: afe: bitwidth 0, samplerate 0 channels 1, backend_idx 5 device (voice-rec-mic)
12-14 21:42:56.051   788 20594 E msm8974_platform: platform_set_backend_cfg:becf: afe: Could not get ctl for mixer command - SLIM_0_TX Format
12-14 21:42:56.051   788 20594 V msm8974_platform: platform_send_audio_calibration: sending audio calibration for snd_device(120) acdb_id(62)
12-14 21:42:56.051   788 20594 D ACDB-LOADER: ACDB -> send_audio_cal, acdb_id = 62, path = 1, app id = 0x11130, sample rate = 48000
12-14 21:42:56.051   788 20594 D ACDB-LOADER: ACDB -> send_asm_topology
12-14 21:42:56.051   788 20594 D ACDB-LOADER: ACDB -> ACDB_CMD_GET_AUDPROC_STREAM_TOPOLOGY_ID
12-14 21:42:56.051   788 20594 D ACDB-LOADER: ACDB -> send_adm_topology
