12-28 22:03:07.875 18686 18720 I chatty  : uid=10646(org.mozilla.fenix.performancetest) expire 1 line
12-28 22:03:07.884  1456  2067 D ConnectivityService: releasing NetworkRequest [ TRACK_DEFAULT id=14752, [ Capabilities: INTERNET&NOT_RESTRICTED&TRUSTED&NOT_VPN] ] (release request)
12-28 22:03:11.733  1456  4250 I ActivityManager: Force stopping org.mozilla.fenix.performancetest appid=10646 user=0: from pid 18917
12-28 22:03:11.733  1456  4250 I ActivityManager: Killing 18686:org.mozilla.fenix.performancetest/u0a646 (adj 700): stop org.mozilla.fenix.performancetest
12-28 22:03:11.736  1456  4250 W ActivityManager: Force removing ActivityRecord{a74d96b u0 org.mozilla.fenix.performancetest/org.mozilla.fenix.HomeActivity t13721}: app died, no saved state
12-28 22:03:11.736  1456  1605 W zygote  : kill(-18686, 9) failed: No such process
12-28 22:03:11.736 18724 18724 I chatty  : uid=10646(org.mozilla.fenix.performancetest) expire 1 line
12-28 22:03:11.744  1456  4250 I ActivityManager: Killing 18724:org.mozilla.fenix.performancetest:tab/u0a646 (adj 0): stop org.mozilla.fenix.performancetest
12-28 22:03:11.751 26068 26068 I AppBase : onTrimMemory(): 15
12-28 22:03:11.751 26068 26068 I GoogleInputMethodService: onTrimMemory(): 15
12-28 22:03:11.753  1456  1605 W zygote  : kill(-18686, 9) failed: No such process
12-28 22:03:11.763  2398  2398 D CarrierSvcBindHelper: No carrier app for: 0
12-28 22:03:11.764  2398  2398 D CarrierSvcBindHelper: No carrier app for: 1
12-28 22:03:11.766  1456  1605 W zygote  : kill(-18686, 9) failed: No such process
12-28 22:03:11.822  1456  1605 I chatty  : uid=1000(system) ActivityManager identical 4 lines
12-28 22:03:11.826  1456  1673 W ActivityManager: setHasOverlayUi called on unknown pid: 18686
12-28 22:03:11.837  1456  1605 W zygote  : kill(-18686, 9) failed: No such process
12-28 22:03:11.837  1456  1605 I zygote  : Successfully killed process cgroup uid 10646 pid 18686 in 102ms
12-28 22:03:11.838  1456  1605 W zygote  : kill(-18724, 9) failed: No such process
12-28 22:03:11.838  1456  1605 I zygote  : Successfully killed process cgroup uid 10646 pid 18724 in 0ms
12-28 22:03:11.860  1456  2918 I ActivityManager: START u0 {act=android.intent.action.VIEW dat=about:blank typ=text/html flg=0x10000000 cmp=org.mozilla.fenix.performancetest/org.mozilla.fenix.IntentReceiverActivity} from uid 2000
12-28 22:03:11.861   794   839 E ANDR-PERF-RESOURCEQS: Failed to apply optimization [4, 0]
12-28 22:03:11.874  1456  7796 I OpenGLRenderer: Initialized EGL, version 1.4
12-28 22:03:11.874  1456  7796 D OpenGLRenderer: Swap behavior 2
12-28 22:03:11.880  1456  5027 I ActivityManager: Start proc 18925:org.mozilla.fenix.performancetest/u0a646 for activity org.mozilla.fenix.performancetest/org.mozilla.fenix.IntentReceiverActivity
12-28 22:03:11.886 18925 18925 I chatty  : uid=10646(org.mozilla.fenix.performancetest) expire 57 lines
12-28 22:03:11.987 23700 23889 I MicroDetectionState: Should stop hotword detection immediately - false
12-28 22:03:11.988 23700 23889 I MicroDetector: Keeping mic open: false
12-28 22:03:11.988 23700 23889 I RecognitionAudioControl: #shutdownAudio [requestId: -7320016001691775257, keepAudioOpen: false, forced: true]
12-28 22:03:11.989 23700 23889 I RecognitionAudioControl: #internalShutdownAudio [requestId: -7320016001691775257]
12-28 22:03:11.989 23700 23889 I RecognitionAudioControl: #internalShutdownAudio [keepAudioOpen: false, forced: true]
12-28 22:03:11.989 23700 23889 I RecognitionAudioControl: #actualShutdownAudio
12-28 22:03:11.989 23700 23889 I AudioController: #shutdown [requestId=-7320016001691775257]
12-28 22:03:11.989 23700 27434 I AudioController: internalShutdown
12-28 22:03:11.990 23700 23804 E DeviceStateChecker: DeviceStateChecker cancelled
12-28 22:03:11.990 23700 26901 I MicroRecognitionRunner: Stopping hotword detection.
12-28 22:03:12.002   808   808 I SFPerfTracer:      triggers: (rate: 49:55928) (compose: 0:5) (post: 0:13) (render: 0:9) (2:1440832 frames) (3:2490633)
12-28 22:03:12.002   808   808 D SFPerfTracer:        layers: (4:14) (NavigationBar#0 (0xb07df000): 0:329244) (StatusBar#0 (0xb07e3000): 0:1019355) (com.android.systemui.ImageWallpaper#0 (0xb07e7000): 0:25929) (Sprite#0 (0xb0733000): 0:317)* (DimLayerController/Stack=0#0 (0xb075a000): 0:3501)* (Sprite#1 (0xb077c000): 0:195)* (com.android.launcher3/com.android.launcher3.CustomizationPanelLauncher#0 (0xb0763000): 0:40)- (com.android.launcher3/com.android.launcher3.CustomizationPanelLauncher#1 (0xb0771000): 0:14)- (Splash Screen org.mozilla.fenix.performancetest#0 (0xb0384000): 0:34)- (org.mozilla.fenix.performancetest/org.mozilla.fenix.IntentReceiverActivity#0 (0xb039b000): 0:6)- (org.mozilla.fenix.performancetest/org.mozilla.fenix.HomeActivity#0 (0xb02d6000): 0:53)- (com.android.launcher3/com.android.launcher3.CustomizationPanelLauncher#0 (0xb0763000): 0:39)* (com.android.launcher3/com.android.launcher3.CustomizationPanelLauncher#1 (0xb0771000): 0:9) (Splash Screen org.mozilla.fenix.performancetest#0 (0xb0384000): 1:3)* 
12-28 22:03:12.050   788   788 D audio_hw_primary: disable_audio_route: usecase(9) reset and update mixer path: audio-record
12-28 22:03:12.052   788   788 D audio_hw_primary: disable_snd_device: snd_device(120: voice-rec-mic)
12-28 22:03:12.053  1012 11031 D APM_AudioPolicyManager: stopInput() input 60294, session 60345
12-28 22:03:12.054   788   788 D audio_hw_primary: in_set_parameters: enter: kvpairs=routing=0
12-28 22:03:12.057 23700 27434 I MicrophoneInputStream: mic_close  SR : 16000 CC : 16 SO : 1999
12-28 22:03:12.057 23700 27434 E AudioSource: Stop listening is called on already closed AudioSource
12-28 22:03:12.058 23700 27113 I MicroRecognitionRunner: Detection finished
12-28 22:03:12.120 18925 18942 I chatty  : uid=10646(org.mozilla.fenix.performancetest) expire 13 lines
12-28 22:03:12.337 18925 18956 I chatty  : uid=10646(org.mozilla.fenix.performancetest) expire 35 lines
12-28 22:03:12.475 18925 18963 I chatty  : uid=10646(org.mozilla.fenix.performancetest) expire 9 lines
12-28 22:03:12.477 18964 18964 I chatty  : uid=10646(org.mozilla.fenix.performancetest) expire 2 lines
12-28 22:03:12.479  1456  4802 I ActivityManager: Start proc 18964:org.mozilla.fenix.performancetest:tab/u0a646 for service org.mozilla.fenix.performancetest/org.mozilla.gecko.process.GeckoServiceChildProcess$tab
12-28 22:03:12.623 18925 18988 I chatty  : uid=10646(org.mozilla.fenix.performancetest) expire 9 lines
12-28 22:03:12.638 18964 18989 I chatty  : uid=10646(org.mozilla.fenix.performancetest) expire 1 line
12-28 22:03:12.756 18925 18930 I chatty  : uid=10646(org.mozilla.fenix.performancetest) expire 8 lines
12-28 22:03:13.221  1456  2920 I ActivityManager: START u0 {act=android.intent.action.VIEW dat=about:blank typ=text/html flg=0x10000000 cmp=org.mozilla.fenix.performancetest/org.mozilla.fenix.HomeActivity (has extras)} from uid 10646
12-28 22:03:13.241  1456  4802 I WifiService: getDhcpInfo uid=10646
12-28 22:03:13.419 18925 19034 I chatty  : uid=10646(org.mozilla.fenix.performancetest) expire 1 line
12-28 22:03:13.420  1456  1673 I LaunchCheckinHandler: Displayed org.mozilla.fenix.performancetest/org.mozilla.fenix.IntentReceiverActivity,cp,ca,1551
12-28 22:03:14.144 18925 19015 I chatty  : uid=10646(org.mozilla.fenix.performancetest) expire 10 lines
12-28 22:03:14.236 18925 19065 I chatty  : uid=10646(org.mozilla.fenix.performancetest) expire 2 lines
12-28 22:03:14.265 18925 18956 I chatty  : uid=10646(org.mozilla.fenix.performancetest) expire 173 lines
12-28 22:03:14.273 18925 18925 I chatty  : uid=10646(org.mozilla.fenix.performancetest) expire 35 lines
12-28 22:03:14.332 18925 18963 I chatty  : uid=10646(org.mozilla.fenix.performancetest) expire 1 line
12-28 22:03:14.347 18925 19059 I chatty  : uid=10646(org.mozilla.fenix.performancetest) expire 1 line
12-28 22:03:14.670 18925 19034 I chatty  : uid=10646(org.mozilla.fenix.performancetest) expire 3 lines
12-28 22:03:14.690 18925 18941 I chatty  : uid=10646(org.mozilla.fenix.performancetest) expire 1 line
12-28 22:03:14.718  1456  1673 I ActivityManager: Displayed org.mozilla.fenix.performancetest/org.mozilla.fenix.HomeActivity: +1s330ms (total +2s841ms)
12-28 22:03:14.797 18964 18989 I chatty  : uid=10646(org.mozilla.fenix.performancetest) expire 47 lines
12-28 22:03:14.948 18925 18930 I chatty  : uid=10646(org.mozilla.fenix.performancetest) expire 3 lines
12-28 22:03:14.985 23700 23700 I MemoryTrimmer: Trimming objects from memory, since app is in the background.
12-28 22:03:14.998 23700 23700 I MemoryTrimmer: Trimming objects from memory, since app is in the background.
12-28 22:03:15.002 23700 27115 I PBSessionCacheImpl: Deleted sessionId[104235279871152385] from persistence.
12-28 22:03:15.011  1456  2920 I WifiService: getWifiEnabledState uid=10073
12-28 22:03:15.025 23700 23889 W SearchServiceCore: Abort, client detached.
12-28 22:03:15.758 18925 18942 I chatty  : uid=10646(org.mozilla.fenix.performancetest) expire 4 lines
12-28 22:03:17.519 19134 19134 D AndroidRuntime: >>>>>> START com.android.internal.os.RuntimeInit uid 2000 <<<<<<
12-28 22:03:17.532 19134 19134 W app_process: Could not reserve sentinel fault page
12-28 22:03:17.699 19134 19134 I app_process: The ClassLoaderContext is a special shared library.
12-28 22:03:17.773 19134 19134 D AndroidRuntime: Calling main entry com.android.commands.input.Input
12-28 22:03:17.774 19134 19134 I Input   : injectKeyEvent: KeyEvent { action=ACTION_DOWN, keyCode=KEYCODE_HOME, scanCode=0, metaState=0, flags=0x0, repeatCount=0, eventTime=10035826502, downTime=10035826502, deviceId=-1, source=0x101 }
12-28 22:03:17.783 19134 19134 I Input   : injectKeyEvent: KeyEvent { action=ACTION_UP, keyCode=KEYCODE_HOME, scanCode=0, metaState=0, flags=0x0, repeatCount=0, eventTime=10035826502, downTime=10035826502, deviceId=-1, source=0x101 }
12-28 22:03:17.789  1456  1941 I ActivityManager: START u0 {act=android.intent.action.MAIN cat=[android.intent.category.HOME] flg=0x10200000 cmp=com.android.launcher3/.CustomizationPanelLauncher (has extras)} from uid 1000
12-28 22:03:17.789   794   839 E ANDR-PERF-RESOURCEQS: Failed to apply optimization [4, 0]
12-28 22:03:17.801  1456  1941 I ActivityManager: moveHomeStack, setupComplete:true
12-28 22:03:17.809 23700 23821 I Adreno  : QUALCOMM build                   : bb5b86c, I77d3059488
12-28 22:03:17.809 23700 23821 I Adreno  : Build Date                       : 06/07/18
12-28 22:03:17.809 23700 23821 I Adreno  : OpenGL ES Shader Compiler Version: EV031.22.00.01_06
12-28 22:03:17.809 23700 23821 I Adreno  : Local Branch                     : 
12-28 22:03:17.809 23700 23821 I Adreno  : Remote Branch                    : refs/tags/AU_LINUX_ANDROID_LA.UM.6.5.R1.08.01.00.312.086
12-28 22:03:17.809 23700 23821 I Adreno  : Remote Branch                    : NONE
12-28 22:03:17.809 23700 23821 I Adreno  : Reconstruct Branch               : NOTHING
12-28 22:03:17.812 23700 23821 D vndksupport: Loading /vendor/lib/hw/gralloc.msm8937.so from current namespace instead of sphal namespace.
12-28 22:03:17.815 19134 19134 D AndroidRuntime: Shutting down VM
12-28 22:03:17.817 23700 23821 I Adreno  : PFP: 0x005ff087, ME: 0x005ff063
12-28 22:03:17.821  2748  2748 D Launcher.Utilities: Wakeup weather: Intent { act=com.motorola.launcher3.action.WAKEUP_WEATHER cmp=com.motorola.timeweatherwidget/com.motorola.commandcenter.weather.WakeUpService }
12-28 22:03:17.821 23700 23821 I zygote  : android::hardware::configstore::V1_0::ISurfaceFlingerConfigs::hasWideColorDisplay retrieved: 0
12-28 22:03:17.821 23700 23821 I OpenGLRenderer: Initialized EGL, version 1.4
12-28 22:03:17.822 23700 23821 D OpenGLRenderer: Swap behavior 2
12-28 22:03:17.843  1456  1456 I NotificationService: Cannot find enqueued record for key: 0|com.motorola.timeweatherwidget|1|null|10116
12-28 22:03:17.854   808   808 D SurfaceFlinger: duplicate layer name: changing com.android.launcher3/com.android.launcher3.CustomizationPanelLauncher to com.android.launcher3/com.android.launcher3.CustomizationPanelLauncher#1
12-28 22:03:17.866 23700 23804 W ThreadPoolDumper: Queue length for executor EventBus is now 11. Perhaps some tasks are too long, or the pool is too small.
12-28 22:03:17.871  1456  4797 I WifiService: getWifiEnabledState uid=10073
12-28 22:03:17.881  1456  4797 I WifiService: getWifiEnabledState uid=10073
12-28 22:03:17.930 23700 23889 I MicroDetectionState: Should stop hotword detection immediately - false
12-28 22:03:17.936  1456  1673 I LaunchCheckinHandler: Displayed com.android.launcher3/.CustomizationPanelLauncher,wp,wa,147
12-28 22:03:17.938 23700 23889 I MicroDetectionWorker: #startMicroDetector [speakerMode: 0]
12-28 22:03:17.941 23700 23889 I AudioController: Created new AudioSource
12-28 22:03:17.944 23700 23889 I MicroDetectionWorker: onReady
12-28 22:03:17.944 23700 27434 I MicroDataManager: isInitializedWithLatestParams-true
12-28 22:03:17.944 23700 27434 I MicroDataManager: isInitializing-false locale not changed-true model not changed-true
12-28 22:03:17.945 23700 27434 I MicroDataManager: Already initialized, obtaining the hotword data immediately.
12-28 22:03:17.955 23700 23812 I MicroRecognitionRunner: Starting detection.
12-28 22:03:17.956 23700 23812 I InputStreamUtils: Using micInputStream
12-28 22:03:17.956 23700 27115 I MicrophoneInputStream: mic_starting  SR : 16000 CC : 16 SO : 1999
12-28 22:03:17.959   788   788 V msm8974_platform: platform_check_input_mask: enter check_input_mask source 6 mask 10
12-28 22:03:17.961  1012 19148 I AudioFlinger: AudioFlinger's thread 0xb2483340 tid=19148 ready to run
12-28 22:03:17.969   788   788 D audio_hw_primary: in_set_parameters: enter: kvpairs=input_source=6;routing=-2147483644
12-28 22:03:17.970  1012  1390 D APM_AudioPolicyManager: AudioPolicyManager::startInput() input 60302, session 60353, source = 1999
12-28 22:03:17.971 23700 27115 I MicrophoneInputStream: mic_started  SR : 16000 CC : 16 SO : 1999
12-28 22:03:17.972   788 19149 V msm8974_platform: platform_update_usecase_from_source: input source :6
12-28 22:03:17.972   788 19149 V msm8974_platform: platform_check_input_mask: enter check_input_mask source 6 mask 10
12-28 22:03:17.972   788 19149 V msm8974_platform: platform_get_input_snd_device: enter: out_device(0) in_device(0x4) channel_count (1) channel_mask (0x10)
12-28 22:03:17.972   788 19149 V msm8974_platform: platform_get_input_snd_device: exit: in_snd_device(voice-rec-mic)
12-28 22:03:17.972   788 19149 V msm8974_platform: platform_get_backend_index:napb: backend port - 5 device - 120 
12-28 22:03:17.972   788 19149 V msm8974_platform: platform_check_and_set_capture_backend_cfg:txbecf: afe: bitwidth 0, samplerate 0, channel 1, backend_idx 5 usecase = 9 device (voice-rec-mic)
12-28 22:03:17.973   788 19149 V msm8974_platform: platform_check_capture_backend_cfg:txbecf: afe: Codec selected backend: 5 current bit width: 0 and sample rate: 0, channels 1
12-28 22:03:17.973   788 19149 V msm8974_platform: platform_check_capture_backend_cfg:txbecf: afe: Codec selected backend: 5 updated bit width: 0 and sample rate: 0
12-28 22:03:17.973   788 19149 I msm8974_platform: platform_check_capture_backend_cfg:txbecf: afe: Codec backend needs to be updated. new bit width: 0 new sample rate: 0 new channel: 1
12-28 22:03:17.973   788 19149 V msm8974_platform: platform_get_backend_index:napb: backend port - 5 device - 120 
12-28 22:03:17.973   788 19149 V msm8974_platform: platform_set_backend_cfg:becf: afe: bitwidth 0, samplerate 0 channels 1, backend_idx 5 device (voice-rec-mic)
12-28 22:03:17.973   788 19149 E msm8974_platform: platform_set_backend_cfg:becf: afe: Could not get ctl for mixer command - SLIM_0_TX Format
12-28 22:03:17.973   788 19149 V msm8974_platform: platform_send_audio_calibration: sending audio calibration for snd_device(120) acdb_id(62)
12-28 22:03:17.973   788 19149 D ACDB-LOADER: ACDB -> send_audio_cal, acdb_id = 62, path = 1, app id = 0x11130, sample rate = 48000
12-28 22:03:17.973   788 19149 D ACDB-LOADER: ACDB -> send_asm_topology
12-28 22:03:17.973   788 19149 D ACDB-LOADER: ACDB -> ACDB_CMD_GET_AUDPROC_STREAM_TOPOLOGY_ID
12-28 22:03:17.973   788 19149 D ACDB-LOADER: ACDB -> send_adm_topology
12-28 22:03:17.973   788 19149 D ACDB-LOADER: ACDB -> ACDB_CMD_GET_AUDPROC_COMMON_TOPOLOGY_ID
12-28 22:03:17.973   788 19149 D ACDB-LOADER: ACDB -> send_audtable
12-28 22:03:17.973   788 19149 D ACDB-LOADER: ACDB -> ACDB_CMD_GET_AUDPROC_COMMON_TABLE_SIZE
12-28 22:03:17.973   788 19149 D ACDB-LOADER: ACDB -> ACDB_CMD_GET_AUDPROC_COMMON_TABLE
12-28 22:03:17.974   788 19149 D ACDB-LOADER: ACDB -> AUDIO_SET_AUDPROC_CAL
12-28 22:03:17.974   788 19149 D ACDB-LOADER: ACDB -> send_audvoltable
12-28 22:03:17.974   788 19149 D ACDB-LOADER: ACDB -> ACDB_CMD_GET_AUDPROC_VOL_STEP_TABLE_SIZE
12-28 22:03:17.974   788 19149 D ACDB-LOADER: ACDB -> ACDB_CMD_GET_AUDPROC_GAIN_DEP_STEP_TABLE, vol index 0
12-28 22:03:17.974   788 19149 D         : Failed to fetch the lookup information of the device 0000003E 
12-28 22:03:17.974   788 19149 D ACDB-LOADER: ACDB -> AUDIO_SET_VOL_CAL cal type = 12
12-28 22:03:17.974   788 19149 D ACDB-LOADER: ACDB -> ACDB_CMD_GET_AUDPROC_STREAM_TABLE_SIZE
12-28 22:03:17.974   788 19149 D ACDB-LOADER: ACDB -> send_audstrmtable
12-28 22:03:17.974   788 19149 D ACDB-LOADER: ACDB -> ACDB_CMD_GET_AUDPROC_STREAM_TABLE_V2
12-28 22:03:17.974   788 19149 D ACDB-LOADER: ACDB -> audstrm_cal->cal_type.cal_data.cal_size = 456
12-28 22:03:17.974   788 19149 D ACDB-LOADER: ACDB -> send_afe_topology
12-28 22:03:17.974   788 19149 D ACDB-LOADER: ACDB -> ACDB_CMD_GET_AFE_TOPOLOGY_ID
12-28 22:03:17.974   788 19149 D ACDB-LOADER: ACDB -> GET_AFE_TOPOLOGY_ID for adcd_id 62, Topology Id 112fb
12-28 22:03:17.974   788 19149 D ACDB-LOADER: ACDB -> send_afe_cal
12-28 22:03:17.974   788 19149 D ACDB-LOADER: ACDB -> ACDB_CMD_GET_AFE_COMMON_TABLE_SIZE
12-28 22:03:17.974   788 19149 D         : Failed to fetch the lookup information of the device 0000003E 
12-28 22:03:17.974   788 19149 E ACDB-LOADER: Error: ACDB_CMD_GET_AFE_COMMON_TABLE_SIZE Returned = -19
12-28 22:03:17.974   788 19149 D ACDB-LOADER: ACDB -> ACDB_CMD_GET_AFE_COMMON_TABLE
12-28 22:03:17.974   788 19149 D         : Failed to fetch the lookup information of the device 0000003E 
12-28 22:03:17.974   788 19149 D ACDB-LOADER: ACDB -> AUDIO_SET_AFE_CAL
12-28 22:03:17.974   788 19149 D ACDB-LOADER: ACDB -> send_hw_delay : acdb_id = 62 path = 1
12-28 22:03:17.974   788 19149 D ACDB-LOADER: ACDB -> ACDB_AVSYNC_INFO: ACDB_CMD_GET_DEVICE_PROPERTY
12-28 22:03:17.974   788 19149 D audio_hw_primary: enable_snd_device: snd_device(120: voice-rec-mic)
12-28 22:03:17.974   788 19149 D audio_route: Apply path: voice-rec-mic
12-28 22:03:17.977   788 19149 V msm8974_platform: platform_get_snd_device_backend_index: enter with device 120
12-28 22:03:17.977   788 19149 E msm8974_platform: platform_get_snd_device_backend_index: BE DAI Name Table is not present
12-28 22:03:17.977   788 19149 V msm8974_platform: platform_get_backend_index:napb: backend port - 5 device - 120 
12-28 22:03:17.977   788 19149 I audio_hw_utils: Set Audio Stream Capture 0 App Type Cfg: app_type 69936, acdb_dev_id 62, sample_rate 48000, snd_device_be_idx -14
12-28 22:03:17.978   788 19149 D audio_hw_primary: enable_audio_route: usecase(9) apply and update mixer path: audio-record
12-28 22:03:17.978   788 19149 D audio_route: Apply path: audio-record
12-28 22:03:18.048 23700 23889 I MicroDetectionWorker: onReady
12-28 22:03:18.068  2146  2165 I zygote  : NativeAlloc concurrent copying GC freed 21884(1166KB) AllocSpace objects, 0(0B) LOS objects, 49% free, 8MB/16MB, paused 143us total 109.044ms
12-28 22:03:18.352  1456  7796 I OpenGLRenderer: Initialized EGL, version 1.4
12-28 22:03:18.352  1456  7796 D OpenGLRenderer: Swap behavior 2
12-28 22:03:18.397  2748  2917 W OpenGLRenderer: Incorrectly called buildLayer on View: ShortcutAndWidgetContainer, destroying layer...
12-28 22:03:18.514 18925 18997 I chatty  : uid=10646(org.mozilla.fenix.performancetest) expire 6 lines
12-28 22:03:18.563   808   898 I SFPerfTracer:      triggers: (rate: 0:0) (0 sw vsyncs) (0 skipped) (39:1304634 vsyncs) (41:2520096)
12-28 22:03:18.567   808   808 I SFPerfTracer:      triggers: (rate: 49:55932) (compose: 0:5) (post: 0:13) (render: 0:9) (13:1440907 frames) (14:2490738)
12-28 22:03:18.567   808   808 D SFPerfTracer:        layers: (4:13) (NavigationBar#0 (0xb07df000): 0:329265) (StatusBar#0 (0xb07e3000): 0:1019376) (com.android.systemui.ImageWallpaper#0 (0xb07e7000): 0:25931) (Sprite#0 (0xb0733000): 0:317)* (DimLayerController/Stack=0#0 (0xb075a000): 0:3501)* (Sprite#1 (0xb077c000): 0:195)* (com.android.launcher3/com.android.launcher3.CustomizationPanelLauncher#0 (0xb0763000): 0:40)- (com.android.launcher3/com.android.launcher3.CustomizationPanelLauncher#1 (0xb0771000): 0:10)- (Splash Screen org.mozilla.fenix.performancetest#0 (0xb0384000): 0:34)- (org.mozilla.fenix.performancetest/org.mozilla.fenix.IntentReceiverActivity#0 (0xb039b000): 0:5)- (org.mozilla.fenix.performancetest/org.mozilla.fenix.HomeActivity#0 (0xb02d0000): 0:53)- (com.android.launcher3/com.android.launcher3.CustomizationPanelLauncher#0 (0xb0763000): 14:37)* (com.android.launcher3/com.android.launcher3.CustomizationPanelLauncher#1 (0xb0771000): 1:5) 
12-28 22:03:18.584  1456  2918 D ConnectivityService: requestNetwork for uid/pid:10646/18925 NetworkRequest [ TRACK_DEFAULT id=14753, [ Capabilities: INTERNET&NOT_RESTRICTED&TRUSTED&NOT_VPN] ]
12-28 22:03:18.585  1456  2099 D Ethernet: got request NetworkRequest [ TRACK_DEFAULT id=14753, [ Capabilities: INTERNET&NOT_RESTRICTED&TRUSTED&NOT_VPN] ] with score 60
12-28 22:03:18.585  2398  2398 D PhoneSwitcherNetworkRequstListener: got request NetworkRequest [ TRACK_DEFAULT id=14753, [ Capabilities: INTERNET&NOT_RESTRICTED&TRUSTED&NOT_VPN] ] with score 60
12-28 22:03:18.586  1456  2054 D WIFI_UT : got request NetworkRequest [ TRACK_DEFAULT id=14753, [ Capabilities: INTERNET&NOT_RESTRICTED&TRUSTED&NOT_VPN] ] with score 60
12-28 22:03:18.586  1456  2054 D WIFI    : got request NetworkRequest [ TRACK_DEFAULT id=14753, [ Capabilities: INTERNET&NOT_RESTRICTED&TRUSTED&NOT_VPN] ] with score 60
12-28 22:03:18.608 18925 19151 I chatty  : uid=10646(org.mozilla.fenix.performancetest) expire 9 lines
12-28 22:03:19.075 18925 18950 I chatty  : uid=10646(org.mozilla.fenix.performancetest) expire 1 line
12-28 22:03:19.084  1456  2067 D ConnectivityService: releasing NetworkRequest [ TRACK_DEFAULT id=14753, [ Capabilities: INTERNET&NOT_RESTRICTED&TRUSTED&NOT_VPN] ] (release request)
12-28 22:03:22.985  1456  2918 I ActivityManager: Force stopping org.mozilla.fenix.performancetest appid=10646 user=0: from pid 19155
12-28 22:03:22.985  1456  2918 I ActivityManager: Killing 18925:org.mozilla.fenix.performancetest/u0a646 (adj 700): stop org.mozilla.fenix.performancetest
12-28 22:03:22.987  1456  1605 W zygote  : kill(-18925, 9) failed: No such process
12-28 22:03:22.988  1456  2918 W ActivityManager: Force removing ActivityRecord{62eddf6 u0 org.mozilla.fenix.performancetest/org.mozilla.fenix.HomeActivity t13722}: app died, no saved state
12-28 22:03:22.988 18964 18964 I chatty  : uid=10646(org.mozilla.fenix.performancetest) expire 1 line
12-28 22:03:22.998  1456  2918 I ActivityManager: Killing 18964:org.mozilla.fenix.performancetest:tab/u0a646 (adj 0): stop org.mozilla.fenix.performancetest
12-28 22:03:23.004  1456  1605 W zygote  : kill(-18925, 9) failed: No such process
12-28 22:03:23.006 26068 26068 I AppBase : onTrimMemory(): 15
12-28 22:03:23.007 26068 26068 I GoogleInputMethodService: onTrimMemory(): 15
12-28 22:03:23.012  2398  2398 D CarrierSvcBindHelper: No carrier app for: 0
12-28 22:03:23.013  2398  2398 D CarrierSvcBindHelper: No carrier app for: 1
12-28 22:03:23.019  1456  1605 W zygote  : kill(-18925, 9) failed: No such process
12-28 22:03:23.056  1456  1605 I chatty  : uid=1000(system) ActivityManager identical 3 lines
12-28 22:03:23.072  1456  1605 W zygote  : kill(-18925, 9) failed: No such process
12-28 22:03:23.072  1456  1673 W ActivityManager: setHasOverlayUi called on unknown pid: 18925
12-28 22:03:23.077  1456  1893 D BatteryService: uevent={POWER_SUPPLY_VOLTAGE_NOW=4401829, POWER_SUPPLY_CHARGE_RATE=Normal, POWER_SUPPLY_HEALTH=Good, POWER_SUPPLY_CURRENT_NOW=-240171, POWER_SUPPLY_PRESENT=1, SUBSYSTEM=power_supply, POWER_SUPPLY_TEMP=317, SEQNUM=266510, ACTION=change, POWER_SUPPLY_NAME=battery, POWER_SUPPLY_STATUS=Charging, POWER_SUPPLY_CHARGE_COUNTER=2799698, POWER_SUPPLY_CAPACITY=100, DEVPATH=/devices/soc/qpnp-smbcharger-17/power_supply/battery}
12-28 22:03:23.082  2398  2398 D QtiCarrierConfigHelper: WARNING, no carrier configs on phone Id: 0
12-28 22:03:23.086  1456  1605 W zygote  : kill(-18925, 9) failed: No such process
12-28 22:03:23.099  1456  1605 W zygote  : kill(-18925, 9) failed: No such process
12-28 22:03:23.099  1456  1605 I zygote  : Successfully killed process cgroup uid 10646 pid 18925 in 112ms
12-28 22:03:23.099  1456  1605 W zygote  : kill(-18964, 9) failed: No such process
12-28 22:03:23.100  1456  1605 I zygote  : Successfully killed process cgroup uid 10646 pid 18964 in 0ms
12-28 22:03:23.114  1456  2401 I ActivityManager: START u0 {act=android.intent.action.VIEW dat=about:blank typ=text/html flg=0x10000000 cmp=org.mozilla.fenix.performancetest/org.mozilla.fenix.IntentReceiverActivity} from uid 2000
12-28 22:03:23.115   794   839 E ANDR-PERF-RESOURCEQS: Failed to apply optimization [4, 0]
12-28 22:03:23.130  1456  7796 I OpenGLRenderer: Initialized EGL, version 1.4
12-28 22:03:23.130  1456  7796 D OpenGLRenderer: Swap behavior 2
12-28 22:03:23.134  1456  7570 I ActivityManager: Start proc 19163:org.mozilla.fenix.performancetest/u0a646 for activity org.mozilla.fenix.performancetest/org.mozilla.fenix.IntentReceiverActivity
12-28 22:03:23.140 19163 19163 I chatty  : uid=10646(org.mozilla.fenix.performancetest) expire 6 lines
12-28 22:03:23.243 23700 23889 I MicroDetectionState: Should stop hotword detection immediately - false
12-28 22:03:23.243 23700 23889 I MicroDetector: Keeping mic open: false
12-28 22:03:23.244 23700 23889 I RecognitionAudioControl: #shutdownAudio [requestId: 2803908003699093278, keepAudioOpen: false, forced: true]
12-28 22:03:23.244 23700 23889 I RecognitionAudioControl: #internalShutdownAudio [requestId: 2803908003699093278]
12-28 22:03:23.244 23700 23889 I RecognitionAudioControl: #internalShutdownAudio [keepAudioOpen: false, forced: true]
12-28 22:03:23.244 23700 23889 I RecognitionAudioControl: #actualShutdownAudio
12-28 22:03:23.245 23700 23889 I AudioController: #shutdown [requestId=2803908003699093278]
12-28 22:03:23.249 23700 23804 E DeviceStateChecker: DeviceStateChecker cancelled
12-28 22:03:23.252 23700 27434 I AudioController: internalShutdown
12-28 22:03:23.253 23700 26901 I MicroRecognitionRunner: Stopping hotword detection.
12-28 22:03:23.311   788   788 D audio_hw_primary: disable_audio_route: usecase(9) reset and update mixer path: audio-record
12-28 22:03:23.312   788   788 D audio_hw_primary: disable_snd_device: snd_device(120: voice-rec-mic)
12-28 22:03:23.314  1012 10158 D APM_AudioPolicyManager: stopInput() input 60302, session 60353
12-28 22:03:23.315   788  1401 D audio_hw_primary: in_set_parameters: enter: kvpairs=routing=0
12-28 22:03:23.317 23700 27434 I MicrophoneInputStream: mic_close  SR : 16000 CC : 16 SO : 1999
12-28 22:03:23.317 23700 27434 E AudioSource: Stop listening is called on already closed AudioSource
12-28 22:03:23.319 23700 23812 I MicroRecognitionRunner: Detection finished
12-28 22:03:23.390 19163 19180 I chatty  : uid=10646(org.mozilla.fenix.performancetest) expire 13 lines
12-28 22:03:23.451  1456  1466 I zygote  : NativeAlloc concurrent copying GC freed 39981(2MB) AllocSpace objects, 24(864KB) LOS objects, 42% free, 31MB/54MB, paused 185us total 309.998ms
12-28 22:03:23.608 19163 19163 I chatty  : uid=10646(org.mozilla.fenix.performancetest) expire 65 lines
12-28 22:03:23.609 19163 19192 I chatty  : uid=10646(org.mozilla.fenix.performancetest) expire 121 lines
12-28 22:03:23.744  1456  7570 I ActivityManager: Start proc 19201:org.mozilla.fenix.performancetest:tab/u0a646 for service org.mozilla.fenix.performancetest/org.mozilla.gecko.process.GeckoServiceChildProcess$tab
12-28 22:03:23.747 19201 19201 I chatty  : uid=10646(org.mozilla.fenix.performancetest) expire 2 lines
12-28 22:03:23.749 19163 19206 I chatty  : uid=10646(org.mozilla.fenix.performancetest) expire 10 lines
12-28 22:03:23.896 19163 19226 I chatty  : uid=10646(org.mozilla.fenix.performancetest) expire 9 lines
12-28 22:03:23.912 19201 19227 I chatty  : uid=10646(org.mozilla.fenix.performancetest) expire 30 lines
12-28 22:03:24.028 19163 19168 I chatty  : uid=10646(org.mozilla.fenix.performancetest) expire 11 lines
12-28 22:03:24.478  1456  2401 I ActivityManager: START u0 {act=android.intent.action.VIEW dat=about:blank typ=text/html flg=0x10000000 cmp=org.mozilla.fenix.performancetest/org.mozilla.fenix.HomeActivity (has extras)} from uid 10646
12-28 22:03:24.508  1456  2196 I WifiService: getDhcpInfo uid=10646
12-28 22:03:24.700 19163 19275 I chatty  : uid=10646(org.mozilla.fenix.performancetest) expire 4 lines
12-28 22:03:24.703  1456  1673 I LaunchCheckinHandler: Displayed org.mozilla.fenix.performancetest/org.mozilla.fenix.IntentReceiverActivity,cp,ca,1580
12-28 22:03:25.430 19163 19267 I chatty  : uid=10646(org.mozilla.fenix.performancetest) expire 10 lines
12-28 22:03:25.511 19163 19306 I chatty  : uid=10646(org.mozilla.fenix.performancetest) expire 2 lines
12-28 22:03:25.642 19163 19300 I chatty  : uid=10646(org.mozilla.fenix.performancetest) expire 1 line
12-28 22:03:25.967 19163 19179 I chatty  : uid=10646(org.mozilla.fenix.performancetest) expire 1 line
12-28 22:03:26.029  1456  1673 I ActivityManager: Displayed org.mozilla.fenix.performancetest/org.mozilla.fenix.HomeActivity: +1s360ms (total +2s901ms)
12-28 22:03:26.305 23700 23700 I MemoryTrimmer: Trimming objects from memory, since app is in the background.
12-28 22:03:26.314 23700 23700 I MemoryTrimmer: Trimming objects from memory, since app is in the background.
12-28 22:03:26.324 23700 27115 I PBSessionCacheImpl: Deleted sessionId[104235279871152390] from persistence.
12-28 22:03:26.326  1456  2196 I WifiService: getWifiEnabledState uid=10073
12-28 22:03:26.336 23700 23889 W SearchServiceCore: Abort, client detached.
12-28 22:03:26.899 19163 19192 I chatty  : uid=10646(org.mozilla.fenix.performancetest) expire 87 lines
12-28 22:03:26.906 19163 19163 I chatty  : uid=10646(org.mozilla.fenix.performancetest) expire 21 lines
12-28 22:03:26.919 19201 19227 I chatty  : uid=10646(org.mozilla.fenix.performancetest) expire 18 lines
12-28 22:03:27.046 19163 19180 I chatty  : uid=10646(org.mozilla.fenix.performancetest) expire 4 lines
12-28 22:03:28.775 19375 19375 D AndroidRuntime: >>>>>> START com.android.internal.os.RuntimeInit uid 2000 <<<<<<
12-28 22:03:28.788 19375 19375 W app_process: Could not reserve sentinel fault page
12-28 22:03:28.955 19375 19375 I app_process: The ClassLoaderContext is a special shared library.
12-28 22:03:29.023 19375 19375 D AndroidRuntime: Calling main entry com.android.commands.input.Input
12-28 22:03:29.025 19375 19375 I Input   : injectKeyEvent: KeyEvent { action=ACTION_DOWN, keyCode=KEYCODE_HOME, scanCode=0, metaState=0, flags=0x0, repeatCount=0, eventTime=10035837753, downTime=10035837753, deviceId=-1, source=0x101 }
12-28 22:03:29.032 19375 19375 I Input   : injectKeyEvent: KeyEvent { action=ACTION_UP, keyCode=KEYCODE_HOME, scanCode=0, metaState=0, flags=0x0, repeatCount=0, eventTime=10035837753, downTime=10035837753, deviceId=-1, source=0x101 }
12-28 22:03:29.040  1456  1941 I ActivityManager: START u0 {act=android.intent.action.MAIN cat=[android.intent.category.HOME] flg=0x10200000 cmp=com.android.launcher3/.CustomizationPanelLauncher (has extras)} from uid 1000
12-28 22:03:29.041   794   839 E ANDR-PERF-RESOURCEQS: Failed to apply optimization [4, 0]
12-28 22:03:29.053  1456  1941 I ActivityManager: moveHomeStack, setupComplete:true
12-28 22:03:29.057 19375 19375 D AndroidRuntime: Shutting down VM
12-28 22:03:29.063 23700 23821 I Adreno  : QUALCOMM build                   : bb5b86c, I77d3059488
12-28 22:03:29.063 23700 23821 I Adreno  : Build Date                       : 06/07/18
12-28 22:03:29.063 23700 23821 I Adreno  : OpenGL ES Shader Compiler Version: EV031.22.00.01_06
12-28 22:03:29.063 23700 23821 I Adreno  : Local Branch                     : 
12-28 22:03:29.063 23700 23821 I Adreno  : Remote Branch                    : refs/tags/AU_LINUX_ANDROID_LA.UM.6.5.R1.08.01.00.312.086
12-28 22:03:29.063 23700 23821 I Adreno  : Remote Branch                    : NONE
12-28 22:03:29.063 23700 23821 I Adreno  : Reconstruct Branch               : NOTHING
12-28 22:03:29.065 23700 23821 D vndksupport: Loading /vendor/lib/hw/gralloc.msm8937.so from current namespace instead of sphal namespace.
12-28 22:03:29.068 23700 23821 I Adreno  : PFP: 0x005ff087, ME: 0x005ff063
12-28 22:03:29.072 23700 23821 I zygote  : android::hardware::configstore::V1_0::ISurfaceFlingerConfigs::hasWideColorDisplay retrieved: 0
12-28 22:03:29.073 23700 23821 I OpenGLRenderer: Initialized EGL, version 1.4
12-28 22:03:29.073 23700 23821 D OpenGLRenderer: Swap behavior 2
12-28 22:03:29.081  2748  2748 D Launcher.Utilities: Wakeup weather: Intent { act=com.motorola.launcher3.action.WAKEUP_WEATHER cmp=com.motorola.timeweatherwidget/com.motorola.commandcenter.weather.WakeUpService }
12-28 22:03:29.096  1456  1456 I NotificationService: Cannot find enqueued record for key: 0|com.motorola.timeweatherwidget|1|null|10116
12-28 22:03:29.099   808   808 D SurfaceFlinger: duplicate layer name: changing com.android.launcher3/com.android.launcher3.CustomizationPanelLauncher to com.android.launcher3/com.android.launcher3.CustomizationPanelLauncher#1
12-28 22:03:29.114 23700 23804 W ThreadPoolDumper: Queue length for executor EventBus is now 11. Perhaps some tasks are too long, or the pool is too small.
12-28 22:03:29.119  1456  7570 I WifiService: getWifiEnabledState uid=10073
12-28 22:03:29.131  1456  2196 I WifiService: getWifiEnabledState uid=10073
12-28 22:03:29.162  1456  1673 I LaunchCheckinHandler: Displayed com.android.launcher3/.CustomizationPanelLauncher,wp,wa,121
12-28 22:03:29.179 23700 23889 I MicroDetectionState: Should stop hotword detection immediately - false
12-28 22:03:29.187 23700 23889 I MicroDetectionWorker: #startMicroDetector [speakerMode: 0]
12-28 22:03:29.189 23700 23889 I AudioController: Created new AudioSource
12-28 22:03:29.193 23700 23889 I MicroDetectionWorker: onReady
12-28 22:03:29.193 23700  7051 I MicroDataManager: isInitializedWithLatestParams-true
12-28 22:03:29.193 23700  7051 I MicroDataManager: isInitializing-false locale not changed-true model not changed-true
12-28 22:03:29.194 23700  7051 I MicroDataManager: Already initialized, obtaining the hotword data immediately.
12-28 22:03:29.201 23700 27114 I MicroRecognitionRunner: Starting detection.
12-28 22:03:29.202 23700 27114 I InputStreamUtils: Using micInputStream
12-28 22:03:29.202 23700 27115 I MicrophoneInputStream: mic_starting  SR : 16000 CC : 16 SO : 1999
12-28 22:03:29.205   788  1401 V msm8974_platform: platform_check_input_mask: enter check_input_mask source 6 mask 10
12-28 22:03:29.208  1012 19389 I AudioFlinger: AudioFlinger's thread 0xb2483480 tid=19389 ready to run
12-28 22:03:29.216   788  1401 D audio_hw_primary: in_set_parameters: enter: kvpairs=input_source=6;routing=-2147483644
12-28 22:03:29.218  1012 11031 D APM_AudioPolicyManager: AudioPolicyManager::startInput() input 60310, session 60361, source = 1999
12-28 22:03:29.219 23700 27115 I MicrophoneInputStream: mic_started  SR : 16000 CC : 16 SO : 1999
12-28 22:03:29.220   788 19390 V msm8974_platform: platform_update_usecase_from_source: input source :6
12-28 22:03:29.220   788 19390 V msm8974_platform: platform_check_input_mask: enter check_input_mask source 6 mask 10
12-28 22:03:29.220   788 19390 V msm8974_platform: platform_get_input_snd_device: enter: out_device(0) in_device(0x4) channel_count (1) channel_mask (0x10)
12-28 22:03:29.220   788 19390 V msm8974_platform: platform_get_input_snd_device: exit: in_snd_device(voice-rec-mic)
12-28 22:03:29.220   788 19390 V msm8974_platform: platform_get_backend_index:napb: backend port - 5 device - 120 
12-28 22:03:29.220   788 19390 V msm8974_platform: platform_check_and_set_capture_backend_cfg:txbecf: afe: bitwidth 0, samplerate 0, channel 1, backend_idx 5 usecase = 9 device (voice-rec-mic)
12-28 22:03:29.220   788 19390 V msm8974_platform: platform_check_capture_backend_cfg:txbecf: afe: Codec selected backend: 5 current bit width: 0 and sample rate: 0, channels 1
12-28 22:03:29.220   788 19390 V msm8974_platform: platform_check_capture_backend_cfg:txbecf: afe: Codec selected backend: 5 updated bit width: 0 and sample rate: 0
12-28 22:03:29.220   788 19390 I msm8974_platform: platform_check_capture_backend_cfg:txbecf: afe: Codec backend needs to be updated. new bit width: 0 new sample rate: 0 new channel: 1
12-28 22:03:29.220   788 19390 V msm8974_platform: platform_get_backend_index:napb: backend port - 5 device - 120 
12-28 22:03:29.220   788 19390 V msm8974_platform: platform_set_backend_cfg:becf: afe: bitwidth 0, samplerate 0 channels 1, backend_idx 5 device (voice-rec-mic)
12-28 22:03:29.220   788 19390 E msm8974_platform: platform_set_backend_cfg:becf: afe: Could not get ctl for mixer command - SLIM_0_TX Format
12-28 22:03:29.220   788 19390 V msm8974_platform: platform_send_audio_calibration: sending audio calibration for snd_device(120) acdb_id(62)
12-28 22:03:29.220   788 19390 D ACDB-LOADER: ACDB -> send_audio_cal, acdb_id = 62, path = 1, app id = 0x11130, sample rate = 48000
12-28 22:03:29.220   788 19390 D ACDB-LOADER: ACDB -> send_asm_topology
12-28 22:03:29.220   788 19390 D ACDB-LOADER: ACDB -> ACDB_CMD_GET_AUDPROC_STREAM_TOPOLOGY_ID
12-28 22:03:29.220   788 19390 D ACDB-LOADER: ACDB -> send_adm_topology
12-28 22:03:29.220   788 19390 D ACDB-LOADER: ACDB -> ACDB_CMD_GET_AUDPROC_COMMON_TOPOLOGY_ID
12-28 22:03:29.220   788 19390 D ACDB-LOADER: ACDB -> send_audtable
12-28 22:03:29.221   788 19390 D ACDB-LOADER: ACDB -> ACDB_CMD_GET_AUDPROC_COMMON_TABLE_SIZE
12-28 22:03:29.221   788 19390 D ACDB-LOADER: ACDB -> ACDB_CMD_GET_AUDPROC_COMMON_TABLE
12-28 22:03:29.221   788 19390 D ACDB-LOADER: ACDB -> AUDIO_SET_AUDPROC_CAL
12-28 22:03:29.221   788 19390 D ACDB-LOADER: ACDB -> send_audvoltable
12-28 22:03:29.221   788 19390 D ACDB-LOADER: ACDB -> ACDB_CMD_GET_AUDPROC_VOL_STEP_TABLE_SIZE
12-28 22:03:29.221   788 19390 D ACDB-LOADER: ACDB -> ACDB_CMD_GET_AUDPROC_GAIN_DEP_STEP_TABLE, vol index 0
12-28 22:03:29.221   788 19390 D         : Failed to fetch the lookup information of the device 0000003E 
12-28 22:03:29.221   788 19390 D ACDB-LOADER: ACDB -> AUDIO_SET_VOL_CAL cal type = 12
12-28 22:03:29.221   788 19390 D ACDB-LOADER: ACDB -> ACDB_CMD_GET_AUDPROC_STREAM_TABLE_SIZE
12-28 22:03:29.221   788 19390 D ACDB-LOADER: ACDB -> send_audstrmtable
12-28 22:03:29.221   788 19390 D ACDB-LOADER: ACDB -> ACDB_CMD_GET_AUDPROC_STREAM_TABLE_V2
12-28 22:03:29.221   788 19390 D ACDB-LOADER: ACDB -> audstrm_cal->cal_type.cal_data.cal_size = 456
12-28 22:03:29.221   788 19390 D ACDB-LOADER: ACDB -> send_afe_topology
12-28 22:03:29.221   788 19390 D ACDB-LOADER: ACDB -> ACDB_CMD_GET_AFE_TOPOLOGY_ID
12-28 22:03:29.221   788 19390 D ACDB-LOADER: ACDB -> GET_AFE_TOPOLOGY_ID for adcd_id 62, Topology Id 112fb
12-28 22:03:29.221   788 19390 D ACDB-LOADER: ACDB -> send_afe_cal
12-28 22:03:29.221   788 19390 D ACDB-LOADER: ACDB -> ACDB_CMD_GET_AFE_COMMON_TABLE_SIZE
12-28 22:03:29.221   788 19390 D         : Failed to fetch the lookup information of the device 0000003E 
12-28 22:03:29.221   788 19390 E ACDB-LOADER: Error: ACDB_CMD_GET_AFE_COMMON_TABLE_SIZE Returned = -19
12-28 22:03:29.221   788 19390 D ACDB-LOADER: ACDB -> ACDB_CMD_GET_AFE_COMMON_TABLE
12-28 22:03:29.221   788 19390 D         : Failed to fetch the lookup information of the device 0000003E 
12-28 22:03:29.221   788 19390 D ACDB-LOADER: ACDB -> AUDIO_SET_AFE_CAL
12-28 22:03:29.221   788 19390 D ACDB-LOADER: ACDB -> send_hw_delay : acdb_id = 62 path = 1
12-28 22:03:29.221   788 19390 D ACDB-LOADER: ACDB -> ACDB_AVSYNC_INFO: ACDB_CMD_GET_DEVICE_PROPERTY
12-28 22:03:29.221   788 19390 D audio_hw_primary: enable_snd_device: snd_device(120: voice-rec-mic)
12-28 22:03:29.221   788 19390 D audio_route: Apply path: voice-rec-mic
12-28 22:03:29.224   788 19390 V msm8974_platform: platform_get_snd_device_backend_index: enter with device 120
12-28 22:03:29.225   788 19390 E msm8974_platform: platform_get_snd_device_backend_index: BE DAI Name Table is not present
12-28 22:03:29.225   788 19390 V msm8974_platform: platform_get_backend_index:napb: backend port - 5 device - 120 
12-28 22:03:29.225   788 19390 I audio_hw_utils: Set Audio Stream Capture 0 App Type Cfg: app_type 69936, acdb_dev_id 62, sample_rate 48000, snd_device_be_idx -14
12-28 22:03:29.225   788 19390 D audio_hw_primary: enable_audio_route: usecase(9) apply and update mixer path: audio-record
12-28 22:03:29.225   788 19390 D audio_route: Apply path: audio-record
12-28 22:03:29.297 23700 23889 I MicroDetectionWorker: onReady
12-28 22:03:29.515   808   808 I SFPerfTracer:      triggers: (rate: 49:55942) (compose: 0:5) (post: 0:13) (render: 0:9) (8:1440976 frames) (9:2490842)
12-28 22:03:29.515   808   808 D SFPerfTracer:        layers: (4:13) (NavigationBar#0 (0xb07df000): 0:329286) (StatusBar#0 (0xb07e3000): 0:1019400) (com.android.systemui.ImageWallpaper#0 (0xb07e7000): 0:25934) (Sprite#0 (0xb0733000): 0:317)* (DimLayerController/Stack=0#0 (0xb075a000): 0:3501)* (Sprite#1 (0xb077c000): 0:195)* (com.android.launcher3/com.android.launcher3.CustomizationPanelLauncher#0 (0xb0763000): 0:40)- (com.android.launcher3/com.android.launcher3.CustomizationPanelLauncher#1 (0xb0771000): 0:9)- (Splash Screen org.mozilla.fenix.performancetest#0 (0xb0384000): 0:34)- (org.mozilla.fenix.performancetest/org.mozilla.fenix.IntentReceiverActivity#0 (0xb039b000): 0:7)- (org.mozilla.fenix.performancetest/org.mozilla.fenix.HomeActivity#0 (0xb02d0000): 9:55)* (com.android.launcher3/com.android.launcher3.CustomizationPanelLauncher#0 (0xb0763000): 9:24)* (com.android.launcher3/com.android.launcher3.CustomizationPanelLauncher#1 (0xb0771000): 1:5) 
12-28 22:03:29.563  1456  7796 I OpenGLRenderer: Initialized EGL, version 1.4
12-28 22:03:29.563  1456  7796 D OpenGLRenderer: Swap behavior 2
12-28 22:03:29.642  2748  2917 W OpenGLRenderer: Incorrectly called buildLayer on View: ShortcutAndWidgetContainer, destroying layer...
12-28 22:03:29.763 19163 19235 I chatty  : uid=10646(org.mozilla.fenix.performancetest) expire 6 lines
12-28 22:03:29.825   808   898 I SFPerfTracer:      triggers: (rate: 0:0) (0 sw vsyncs) (0 skipped) (39:1304720 vsyncs) (41:2520218)
12-28 22:03:29.831  1456  2196 D ConnectivityService: requestNetwork for uid/pid:10646/19163 NetworkRequest [ TRACK_DEFAULT id=14754, [ Capabilities: INTERNET&NOT_RESTRICTED&TRUSTED&NOT_VPN] ]
12-28 22:03:29.833  1456  2054 D WIFI_UT : got request NetworkRequest [ TRACK_DEFAULT id=14754, [ Capabilities: INTERNET&NOT_RESTRICTED&TRUSTED&NOT_VPN] ] with score 60
12-28 22:03:29.833  1456  2099 D Ethernet: got request NetworkRequest [ TRACK_DEFAULT id=14754, [ Capabilities: INTERNET&NOT_RESTRICTED&TRUSTED&NOT_VPN] ] with score 60
12-28 22:03:29.833  1456  2054 D WIFI    : got request NetworkRequest [ TRACK_DEFAULT id=14754, [ Capabilities: INTERNET&NOT_RESTRICTED&TRUSTED&NOT_VPN] ] with score 60
12-28 22:03:29.833  2398  2398 D PhoneSwitcherNetworkRequstListener: got request NetworkRequest [ TRACK_DEFAULT id=14754, [ Capabilities: INTERNET&NOT_RESTRICTED&TRUSTED&NOT_VPN] ] with score 60
12-28 22:03:29.854 19163 19392 I chatty  : uid=10646(org.mozilla.fenix.performancetest) expire 9 lines
12-28 22:03:30.377 19163 19199 I chatty  : uid=10646(org.mozilla.fenix.performancetest) expire 1 line
12-28 22:03:30.387  1456  2067 D ConnectivityService: releasing NetworkRequest [ TRACK_DEFAULT id=14754, [ Capabilities: INTERNET&NOT_RESTRICTED&TRUSTED&NOT_VPN] ] (release request)
12-28 22:03:34.057  1456  2063 D WifiNative-wlan0: Scan issued for specific freq..
12-28 22:03:34.215  1456  2196 I ActivityManager: Force stopping org.mozilla.fenix.performancetest appid=10646 user=0: from pid 19396
12-28 22:03:34.215  1456  2196 I ActivityManager: Killing 19163:org.mozilla.fenix.performancetest/u0a646 (adj 700): stop org.mozilla.fenix.performancetest
12-28 22:03:34.217  1456  1605 W zygote  : kill(-19163, 9) failed: No such process
12-28 22:03:34.218  1456  2196 W ActivityManager: Force removing ActivityRecord{5a866a7 u0 org.mozilla.fenix.performancetest/org.mozilla.fenix.HomeActivity t13723}: app died, no saved state
12-28 22:03:34.219 19201 19201 I chatty  : uid=10646(org.mozilla.fenix.performancetest) expire 1 line
12-28 22:03:34.229  1456  2196 I ActivityManager: Killing 19201:org.mozilla.fenix.performancetest:tab/u0a646 (adj 0): stop org.mozilla.fenix.performancetest
12-28 22:03:34.233  1456  1605 W zygote  : kill(-19163, 9) failed: No such process
12-28 22:03:34.237 26068 26068 I AppBase : onTrimMemory(): 15
12-28 22:03:34.237 26068 26068 I GoogleInputMethodService: onTrimMemory(): 15
12-28 22:03:34.245  2398  2398 D CarrierSvcBindHelper: No carrier app for: 0
12-28 22:03:34.245  1456  1605 W zygote  : kill(-19163, 9) failed: No such process
12-28 22:03:34.246  2398  2398 D CarrierSvcBindHelper: No carrier app for: 1
12-28 22:03:34.254  1456  1605 W zygote  : kill(-19163, 9) failed: No such process
12-28 22:03:34.302  1456  1673 W ActivityManager: setHasOverlayUi called on unknown pid: 19163
12-28 22:03:34.302  1456  1605 I chatty  : uid=1000(system) ActivityManager identical 3 lines
12-28 22:03:34.318  1456  1605 W zygote  : kill(-19163, 9) failed: No such process
12-28 22:03:34.318  1456  1605 I zygote  : Successfully killed process cgroup uid 10646 pid 19163 in 100ms
12-28 22:03:34.318  1456  1605 W zygote  : kill(-19201, 9) failed: No such process
12-28 22:03:34.318  1456  1605 I zygote  : Successfully killed process cgroup uid 10646 pid 19201 in 0ms
12-28 22:03:34.343  1456  7556 I ActivityManager: START u0 {act=android.intent.action.VIEW dat=about:blank typ=text/html flg=0x10000000 cmp=org.mozilla.fenix.performancetest/org.mozilla.fenix.IntentReceiverActivity} from uid 2000
12-28 22:03:34.344   794   839 E ANDR-PERF-RESOURCEQS: Failed to apply optimization [4, 0]
12-28 22:03:34.356  1456  7796 I OpenGLRenderer: Initialized EGL, version 1.4
12-28 22:03:34.356  1456  7796 D OpenGLRenderer: Swap behavior 2
12-28 22:03:34.364  1456  2915 I ActivityManager: Start proc 19404:org.mozilla.fenix.performancetest/u0a646 for activity org.mozilla.fenix.performancetest/org.mozilla.fenix.IntentReceiverActivity
12-28 22:03:34.369 19404 19404 I chatty  : uid=10646(org.mozilla.fenix.performancetest) expire 57 lines
12-28 22:03:34.467 23700 23889 I MicroDetectionState: Should stop hotword detection immediately - false
12-28 22:03:34.467 23700 23889 I MicroDetector: Keeping mic open: false
12-28 22:03:34.467 23700 23889 I RecognitionAudioControl: #shutdownAudio [requestId: 3510272031987921740, keepAudioOpen: false, forced: true]
12-28 22:03:34.467 23700 23812 E DeviceStateChecker: DeviceStateChecker cancelled
12-28 22:03:34.467 23700 23889 I RecognitionAudioControl: #internalShutdownAudio [requestId: 3510272031987921740]
12-28 22:03:34.467 23700 23889 I RecognitionAudioControl: #internalShutdownAudio [keepAudioOpen: false, forced: true]
12-28 22:03:34.467 23700 23889 I RecognitionAudioControl: #actualShutdownAudio
12-28 22:03:34.467 23700 23889 I AudioController: #shutdown [requestId=3510272031987921740]
12-28 22:03:34.468 23700  7051 I AudioController: internalShutdown
12-28 22:03:34.468 23700 26901 I MicroRecognitionRunner: Stopping hotword detection.
12-28 22:03:34.497  1456 10736 D WificondControl: Scan result ready event
12-28 22:03:34.505  2146  2165 I zygote  : NativeAlloc concurrent copying GC freed 14772(770KB) AllocSpace objects, 0(0B) LOS objects, 50% free, 8MB/16MB, paused 116us total 115.126ms
12-28 22:03:34.510  1456  2063 D WificondScannerImpl: Filtering out 1 scan results.
12-28 22:03:34.519   788  1401 D audio_hw_primary: disable_audio_route: usecase(9) reset and update mixer path: audio-record
12-28 22:03:34.520   788  1401 D audio_hw_primary: disable_snd_device: snd_device(120: voice-rec-mic)
12-28 22:03:34.523  1012 11031 D APM_AudioPolicyManager: stopInput() input 60310, session 60361
12-28 22:03:34.523   788  1401 D audio_hw_primary: in_set_parameters: enter: kvpairs=routing=0
12-28 22:03:34.525 23700  7051 I MicrophoneInputStream: mic_close  SR : 16000 CC : 16 SO : 1999
12-28 22:03:34.525 23700  7051 E AudioSource: Stop listening is called on already closed AudioSource
12-28 22:03:34.526 23700 27114 I MicroRecognitionRunner: Detection finished
12-28 22:03:34.603 19404 19421 I chatty  : uid=10646(org.mozilla.fenix.performancetest) expire 13 lines
12-28 22:03:34.819 19404 19433 I chatty  : uid=10646(org.mozilla.fenix.performancetest) expire 37 lines
12-28 22:03:34.956  1456  2915 I ActivityManager: Start proc 19442:org.mozilla.fenix.performancetest:tab/u0a646 for service org.mozilla.fenix.performancetest/org.mozilla.gecko.process.GeckoServiceChildProcess$tab
12-28 22:03:34.960 19442 19442 I chatty  : uid=10646(org.mozilla.fenix.performancetest) expire 2 lines
12-28 22:03:34.963 19404 19448 I chatty  : uid=10646(org.mozilla.fenix.performancetest) expire 9 lines
12-28 22:03:35.109 19404 19467 I chatty  : uid=10646(org.mozilla.fenix.performancetest) expire 9 lines
12-28 22:03:35.121 19442 19468 I chatty  : uid=10646(org.mozilla.fenix.performancetest) expire 1 line
12-28 22:03:35.247 19404 19409 I chatty  : uid=10646(org.mozilla.fenix.performancetest) expire 8 lines
