09-18 21:43:36.917 29508 29544 W Settings: Setting animator_duration_scale has moved from android.provider.Settings.System to android.provider.Settings.Global, returning read-only global URI.
09-18 21:43:36.919 29508 29544 E GeckoLibLoad: Load sqlite start
09-18 21:43:36.937 29508 29544 W GeckoLinker: /data/app/org.mozilla.fenix.nightly-oXHtXmpJKb6GMnAnWAqICw==/lib/arm/libnss3.so: unhandled flags #8 not handled
09-18 21:43:36.942 29508 29544 W GeckoLinker: /data/app/org.mozilla.fenix.nightly-oXHtXmpJKb6GMnAnWAqICw==/lib/arm/libnss3.so: Relocation to NULL @0x00133ffc for symbol "__cxa_type_match"
09-18 21:43:36.942 29508 29544 E GeckoLibLoad: Load sqlite done
09-18 21:43:36.942 29508 29544 E GeckoLibLoad: Load nss start
09-18 21:43:36.942 29508 29544 E GeckoLibLoad: Load nss done
09-18 21:43:36.943 29508 29544 W GeckoLinker: /data/app/org.mozilla.fenix.nightly-oXHtXmpJKb6GMnAnWAqICw==/lib/arm/libxul.so: unhandled flags #8 not handled
09-18 21:43:36.943 29508 29544 W GeckoLinker: /data/app/org.mozilla.fenix.nightly-oXHtXmpJKb6GMnAnWAqICw==/lib/arm/liblgpllibs.so: unhandled flags #8 not handled
09-18 21:43:36.947 29449 29474 W VideoCapabilities: Unrecognized profile 2130706433 for video/avc
09-18 21:43:36.947 29449 29474 W VideoCapabilities: Unrecognized profile 2130706434 for video/avc
09-18 21:43:36.949 29449 29474 W VideoCapabilities: Unrecognized profile 2130706433 for video/avc
09-18 21:43:36.949 29449 29474 W VideoCapabilities: Unrecognized profile 2130706434 for video/avc
09-18 21:43:36.971 29449 29474 W VideoCapabilities: Unrecognized profile 2130706433 for video/avc
09-18 21:43:36.971 29449 29474 W VideoCapabilities: Unrecognized profile 2130706434 for video/avc
09-18 21:43:36.974 29508 29544 E GeckoLibLoad: Loaded libs in 31.492035ms total, 23ms(23ms) user, 6ms(6ms) system, 0(0) faults
09-18 21:43:36.974 29508 29544 D GeckoThread: State changed to LIBS_READY
09-18 21:43:36.974 29508 29544 W GeckoThread: zerdatime 1385490436 - runGecko
09-18 21:43:36.979 29449 29474 I VideoCapabilities: Unsupported profile 4 for video/mp4v-es
09-18 21:43:36.984 29449 29474 E HardwareCodecCapability: Found candidate encoder OMX.google.vp8.encoder
09-18 21:43:36.985 29449 29474 E HardwareCodecCapability: Found candidate decoder OMX.qcom.video.decoder.vp8
09-18 21:43:36.987 29449 29474 V HardwareCodecCapability:    Color: 0x7f420888
09-18 21:43:36.987 29449 29474 V HardwareCodecCapability:    Color: 0x7fa30c04
09-18 21:43:36.987 29449 29474 V HardwareCodecCapability:    Color: 0x15
09-18 21:43:36.987 29449 29474 V HardwareCodecCapability:    Color: 0x13
09-18 21:43:36.987 29449 29474 V HardwareCodecCapability:    Color: 0x7fa30c05
09-18 21:43:36.987 29449 29474 E HardwareCodecCapability: Found target decoder OMX.qcom.video.decoder.vp8. Color: 0x13
09-18 21:43:37.014 29449 29474 D GeckoThread: State changed to RUNNING
09-18 21:43:37.015 29449 29474 I GeckoSession: zerdatime 1385490476 - chrome startup finished
09-18 21:43:37.236 29449 29610 E AutoPushFeature: PushError$Rust error: mozilla.appservices.push.CommunicationError: Error(
09-18 21:43:37.236 29449 29610 E AutoPushFeature: 
09-18 21:43:37.236 29449 29610 E AutoPushFeature: Communication Error: "Unhandled client error 400 : \"{\\\"code\\\": 400, \\\"errno\\\": 108, \\\"error\\\": \\\"Bad Request\\\", \\\"more_info\\\": \\\"http://autopush.readthedocs.io/en/latest/http.html#error-codes\\\", \\\"message\\\": \\\"Request did not validate Invalid router\\\"}\"")
09-18 21:43:37.465 29508 29544 D GeckoThread: State changed to RUNNING
09-18 21:43:37.779 29449 29449 D GeckoSession: handleMessage GeckoView:PageStart uri=about:blank
09-18 21:43:37.796 29449 29449 D GeckoSession: handleMessage GeckoView:LocationChange uri=about:blank
09-18 21:43:37.797 29449 29449 D GeckoSession: handleMessage GeckoView:PageStop uri=null
09-18 21:43:37.802 29449 29449 I SessionStorage/AutoSave: Save: Load finished
09-18 21:43:37.815 29449 29476 D SessionStorage/AutoSave: Saved state to disk [11ms]
09-18 21:43:37.898 29449 29474 I Gecko   : 1568857417898	addons.xpi-utils	WARN	Synchronous load of XPI database due to getAddonsByType([theme]) Stack: getAddonsByType@resource://gre/modules/addons/XPIDatabase.jsm:1992:21
09-18 21:43:37.898 29449 29474 I Gecko   : installBuiltinAddon@resource://gre/modules/addons/XPIInstall.jsm:4291:24
09-18 21:43:37.898 29449 29474 I Gecko   : 
09-18 21:43:37.912 29449 29474 D GeckoScreenOrientation: unlocking
09-18 21:43:37.915 29449 29449 D GeckoSession: handleMessage GeckoView:OnLoadRequest uri=about:blank
09-18 21:43:37.941 29449 29449 D App     : Installed browser-icons extension
09-18 21:43:37.942 29449 29449 D mozac-fxawebchannel: Installed extension: mozacWebchannel
09-18 21:43:37.943 29449 29449 D mozac-readerview: Installed extension: mozacReaderview
09-18 21:43:37.944 29449 29449 D GeckoSession: handleMessage GeckoView:OnLoadRequest uri=about:blank
09-18 21:43:38.046 29449 29449 D GeckoSession: handleMessage GeckoView:PageStart uri=about:blank
09-18 21:43:38.061 29449 29454 I zygote  : Do partial code cache collection, code=122KB, data=100KB
09-18 21:43:38.063 29449 29454 I zygote  : After code cache collection, code=118KB, data=99KB
09-18 21:43:38.063 29449 29454 I zygote  : Increasing code cache capacity to 512KB
09-18 21:43:38.068 29449 29449 D GeckoSession: handleMessage GeckoView:PageStop uri=null
09-18 21:43:38.073 29449 29449 I SessionStorage/AutoSave: Save: Load finished
09-18 21:43:38.074 29449 29476 D SessionStorage/AutoSave: Delaying save (1729ms)
09-18 21:43:38.102 29449 29449 D GeckoSession: handleMessage GeckoView:PageStart uri=about:blank
09-18 21:43:38.125 29449 29449 D GeckoSession: handleMessage GeckoView:SecurityChanged uri=null
09-18 21:43:38.161 29449 29449 D GeckoSession: handleMessage GeckoView:PageStop uri=null
09-18 21:43:38.168 29449 29449 I SessionStorage/AutoSave: Save: Load finished
09-18 21:43:38.168 29449 29449 D SessionStorage/AutoSave: Skipping save, other job already in flight
09-18 21:43:38.650   808   898 I SFPerfTracer:      triggers: (rate: 0:0) (0 sw vsyncs) (0 skipped) (13:47737 vsyncs) (15:205529)
09-18 21:43:38.656   808   808 I SFPerfTracer:      triggers: (rate: 4:3166) (compose: 0:0) (post: 0:0) (render: 0:1) (20:78120 frames) (21:203886)
09-18 21:43:38.656   808   808 D SFPerfTracer:        layers: (4:11) (NavigationBar#0 (0xb07df000): 0:1037) (StatusBar#0 (0xb07e3000): 0:118157) (com.android.systemui.ImageWallpaper#0 (0xb07e7000): 0:76)* (Sprite#0 (0xb0733000): 0:317)* (DimLayerController/Stack=0#0 (0xb075a000): 0:118)* (animation background stackId=1#0 (0xb0771000): 0:4)* (Sprite#1 (0xb077c000): 0:195)* (com.android.settings/com.android.settings.Settings$DevelopmentSettingsActivity#0 (0xb0763000): 0:36)- (Splash Screen org.mozilla.fenix.nightly#0 (0xb075d000): 0:32)- (org.mozilla.fenix.nightly/org.mozilla.fenix.IntentReceiverActivity#0 (0xb0383000): 0:5)- (org.mozilla.fenix.nightly/org.mozilla.fenix.HomeActivity#0 (0xb03a4000): 19:47) 
09-18 21:43:38.784 29449 29449 D GeckoSession: handleMessage GeckoView:StateUpdated uri=null
09-18 21:43:39.817 29449 29540 D SessionStorage/AutoSave: Saved state to disk [8ms]
09-18 21:43:41.612  1456  1893 D BatteryService: uevent={POWER_SUPPLY_VOLTAGE_NOW=4339726, POWER_SUPPLY_CHARGE_RATE=Normal, POWER_SUPPLY_HEALTH=Good, POWER_SUPPLY_CURRENT_NOW=152, POWER_SUPPLY_PRESENT=1, SUBSYSTEM=power_supply, POWER_SUPPLY_TEMP=280, SEQNUM=40823, ACTION=change, POWER_SUPPLY_NAME=battery, POWER_SUPPLY_STATUS=Full, POWER_SUPPLY_CHARGE_COUNTER=2831798, POWER_SUPPLY_CAPACITY=100, DEVPATH=/devices/soc/qpnp-smbcharger-17/power_supply/battery}
09-18 21:43:41.620  2398  2398 D QtiCarrierConfigHelper: WARNING, no carrier configs on phone Id: 0
09-18 21:43:44.026  1456  4829 I ActivityManager: Force stopping org.mozilla.fenix.nightly appid=10255 user=0: from pid 29711
09-18 21:43:44.026  1456  4829 I ActivityManager: Killing 29449:org.mozilla.fenix.nightly/u0a255 (adj 0): stop org.mozilla.fenix.nightly
09-18 21:43:44.030  1456  1605 W zygote  : kill(-29449, 9) failed: No such process
09-18 21:43:44.032 29508 29508 I ServiceChildProcess: Service has been unbound. Stopping.
09-18 21:43:44.032  1456  4829 W ActivityManager: Force removing ActivityRecord{9051951 u0 org.mozilla.fenix.nightly/org.mozilla.fenix.HomeActivity t452}: app died, no saved state
09-18 21:43:44.045  1456  1605 W zygote  : kill(-29449, 9) failed: No such process
09-18 21:43:44.058  1456  1605 W zygote  : kill(-29449, 9) failed: No such process
09-18 21:43:44.066  1456  7796 I OpenGLRenderer: Initialized EGL, version 1.4
09-18 21:43:44.066  1456  7796 D OpenGLRenderer: Swap behavior 2
09-18 21:43:44.071  1456  1605 W zygote  : kill(-29449, 9) failed: No such process
09-18 21:43:44.080  1456  4829 I ActivityManager: Killing 29508:org.mozilla.fenix.nightly:tab/u0a255 (adj 0): stop org.mozilla.fenix.nightly
09-18 21:43:44.098  1456  1605 I chatty  : uid=1000(system) ActivityManager identical 2 lines
09-18 21:43:44.111  1456  1605 W zygote  : kill(-29449, 9) failed: No such process
09-18 21:43:44.121  2398  2398 D CarrierSvcBindHelper: No carrier app for: 0
09-18 21:43:44.122  2398  2398 D CarrierSvcBindHelper: No carrier app for: 1
09-18 21:43:44.134  1456  1605 W zygote  : kill(-29449, 9) failed: No such process
09-18 21:43:44.139  7883  7883 W Settings: Setting bugreport_in_power_menu has moved from android.provider.Settings.Secure to android.provider.Settings.Global.
09-18 21:43:44.148  1456  1605 W zygote  : kill(-29449, 9) failed: No such process
09-18 21:43:44.149  1456  3925 I WifiService: getVerboseLoggingLevel uid=1000
09-18 21:43:44.150  1456  3925 I WifiService: getAggressiveHandover uid=1000
09-18 21:43:44.150  1456  3925 I WifiService: getAllowScansWithTraffic uid=1000
09-18 21:43:44.168  2398  2398 E PhoneInterfaceManager: [PhoneIntfMgr] getAllowedCarriers: CommandException: com.android.internal.telephony.CommandException: REQUEST_NOT_SUPPORTED
09-18 21:43:44.172  1456  1605 W zygote  : kill(-29449, 9) failed: No such process
09-18 21:43:44.174  2398  2398 E PhoneInterfaceManager: [PhoneIntfMgr] getAllowedCarriers: CommandException: com.android.internal.telephony.CommandException: REQUEST_NOT_SUPPORTED
09-18 21:43:44.188  2398  2398 D ImsResolver: maybeAddedImsService, packageName: org.mozilla.fenix.nightly
09-18 21:43:44.192  2360  2360 D MayaFrameworkProxyService: receive intent :Intent { act=android.intent.action.PACKAGE_CHANGED dat=package:org.mozilla.fenix.nightly flg=0x45000010 (has extras) }
09-18 21:43:44.219  7883 29715 W TileUtils: Found com.android.settings.backup.BackupSettingsActivity for intent Intent { act=com.android.settings.action.SETTINGS pkg=com.android.settings } missing metadata com.android.settings.category
09-18 21:43:44.221  1456  1605 W zygote  : kill(-29449, 9) failed: No such process
09-18 21:43:44.222  1456  1942 I InputReader: Reconfiguring input devices.  changes=0x00000010
09-18 21:43:44.224  2146  2165 I zygote  : NativeAlloc concurrent copying GC freed 5045(285KB) AllocSpace objects, 0(0B) LOS objects, 49% free, 5MB/11MB, paused 150us total 103.824ms
09-18 21:43:44.235  1456  1605 W zygote  : kill(-29449, 9) failed: No such process
09-18 21:43:44.236  1456  1600 W ResourceType: No known package when getting value for resource number 0x7f08011c
09-18 21:43:44.237  1456  1600 W ResourceType: No known package when getting value for resource number 0x7f1200de
09-18 21:43:44.237  1456  1600 W ResourceType: No known package when getting value for resource number 0x7f1200de
09-18 21:43:44.237  1456  1600 W ResourceType: No known package when getting value for resource number 0x7f08011a
09-18 21:43:44.238  1456  1600 W ResourceType: No known package when getting value for resource number 0x7f1200dd
09-18 21:43:44.238  1456  1600 W ResourceType: No known package when getting value for resource number 0x7f1200dd
09-18 21:43:44.252  1456  1605 W zygote  : kill(-29449, 9) failed: No such process
09-18 21:43:44.279  1456  1605 I chatty  : uid=1000(system) ActivityManager identical 2 lines
09-18 21:43:44.280  1456  2402 W InputMethodManagerService: Got RemoteException sending setActive(false) notification to pid 29449 uid 10255
09-18 21:43:44.283  1456  1456 I TelecomService: DefaultDialerCache: Refreshing default dialer for user 0: now com.android.dialer: DDC.oR@B5U
09-18 21:43:44.299  1456  1605 W zygote  : kill(-29449, 9) failed: No such process
09-18 21:43:44.305  2398  2398 D CarrierSvcBindHelper: No carrier app for: 0
09-18 21:43:44.306  2398  2398 D CarrierSvcBindHelper: No carrier app for: 1
09-18 21:43:44.308  7883 29715 D Settings: No enabled state changed, skipping updateCategory call
09-18 21:43:44.315  1456  1605 W zygote  : kill(-29449, 9) failed: No such process
09-18 21:43:44.324   794   839 E ANDR-PERF-RESOURCEQS: Failed to apply optimization [4, 0]
09-18 21:43:44.325  1456  2402 I ActivityManager: START u0 {act=android.intent.action.VIEW dat=about:blank typ=text/html flg=0x10000000 cmp=org.mozilla.fenix.nightly/org.mozilla.fenix.IntentReceiverActivity} from uid 2000
09-18 21:43:44.328  2398  2398 E VvmPkgInstalledRcvr: cannot create TelephonyManager from ComponentInfo{com.android.phone/com.android.services.telephony.TelephonyConnectionService}, [****], UserHandle{0}
09-18 21:43:44.329  7883 29715 W TileUtils: Found com.android.settings.backup.BackupSettingsActivity for intent Intent { act=com.android.settings.action.SETTINGS pkg=com.android.settings } missing metadata com.android.settings.category
09-18 21:43:44.330  1456  5797 I WindowManager: WIN DEATH: Window{9b624f2 u0 org.mozilla.fenix.nightly/org.mozilla.fenix.HomeActivity}
09-18 21:43:44.345  1456  1605 W zygote  : kill(-29449, 9) failed: No such process
09-18 21:43:44.349  1456  1673 W ActivityManager: setHasOverlayUi called on unknown pid: 29449
09-18 21:43:44.393  1456  2401 I ActivityManager: Start proc 29732:org.mozilla.fenix.nightly/u0a255 for activity org.mozilla.fenix.nightly/org.mozilla.fenix.IntentReceiverActivity
09-18 21:43:44.405  1456  1605 I chatty  : uid=1000(system) ActivityManager identical 4 lines
09-18 21:43:44.418  1456  1605 W zygote  : kill(-29449, 9) failed: No such process
09-18 21:43:44.418  1456  1605 I zygote  : Successfully killed process cgroup uid 10255 pid 29449 in 388ms
09-18 21:43:44.418  1456  1605 W zygote  : kill(-29508, 9) failed: No such process
09-18 21:43:44.418  1456  1605 I zygote  : Successfully killed process cgroup uid 10255 pid 29508 in 0ms
09-18 21:43:44.442  1456  1466 I zygote  : NativeAlloc concurrent copying GC freed 83581(4MB) AllocSpace objects, 22(1220KB) LOS objects, 42% free, 20MB/35MB, paused 251us total 376.201ms
09-18 21:43:44.481 29338 29718 I ProvidersCache: Provider returned no roots. Possibly naughty: com.google.android.apps.docs.storage
09-18 21:43:44.495  7704  5926 I Icing   : IndexChimeraService.getServiceInterface callingPackage=com.google.android.gms componentName=AppsCorpus serviceId=36
09-18 21:43:44.496  7704  5173 I Icing   : IndexChimeraService.getServiceInterface callingPackage=com.google.android.gms componentName=AppsCorpus serviceId=32
09-18 21:43:44.505  7704 26990 W Icing   : No valid account for uploading user actions: adai: Not signed in
09-18 21:43:44.570 29732 29732 D FirebaseApp: com.google.firebase.auth.FirebaseAuth is not linked. Skipping initialization.
09-18 21:43:44.571 29732 29732 D FirebaseApp: com.google.firebase.crash.FirebaseCrash is not linked. Skipping initialization.
09-18 21:43:44.571 29732 29732 I FirebaseInitProvider: FirebaseApp initialization successful
09-18 21:43:44.607 29732 29732 W System.err: SLF4J: Failed to load class "org.slf4j.impl.StaticLoggerBinder".
09-18 21:43:44.607 29732 29732 W System.err: SLF4J: Defaulting to no-operation (NOP) logger implementation
09-18 21:43:44.607 29732 29732 W System.err: SLF4J: See http://www.slf4j.org/codes.html#StaticLoggerBinder for further details.
09-18 21:43:44.609 29732 29732 D io.sentry.android.AndroidSentryClientFactory: Construction of Android Sentry.
09-18 21:43:44.621 29732 29732 D RustNativeSupport: findMegazordLibraryName(viaduct, 0.38.2
09-18 21:43:44.621 29732 29732 D RustNativeSupport: lib in use: none
09-18 21:43:44.621 29732 29732 D RustNativeSupport: lib configured: fenix
09-18 21:43:44.621 29732 29732 D RustNativeSupport: lib version configured: 0.38.2
09-18 21:43:44.621 29732 29732 D RustNativeSupport: settled on fenix
09-18 21:43:44.623  7704 26990 I Icing   : Usage reports ok 3, Failed Usage reports 0, indexed 0, rejected 0
09-18 21:43:44.625  7704 26990 W Icing   : No valid account for uploading user actions: adai: Not signed in
09-18 21:43:44.628 29732 29751 I FA      : Collection disabled with firebase_analytics_collection_enabled=0
09-18 21:43:44.630 29732 29751 I FA      : App measurement is starting up, version: 12780
09-18 21:43:44.630 29732 29751 I FA      : To enable debug logging run: adb shell setprop log.tag.FA VERBOSE
09-18 21:43:44.630 29732 29751 I FA      : To enable faster debug mode event logging run:
09-18 21:43:44.630 29732 29751 I FA      :   adb shell setprop debug.firebase.analytics.app org.mozilla.fenix.nightly
09-18 21:43:44.636  7704 26990 I Icing   : Usage reports ok 0, Failed Usage reports 0, indexed 0, rejected 0
09-18 21:43:44.660 29732 29732 D RustNativeSupport: findMegazordLibraryName(rustlog, 0.38.2
09-18 21:43:44.660 29732 29732 D RustNativeSupport: lib in use: none
09-18 21:43:44.660 29732 29732 D RustNativeSupport: lib configured: fenix
09-18 21:43:44.660 29732 29732 D RustNativeSupport: lib version configured: 0.38.2
09-18 21:43:44.660 29732 29732 D RustNativeSupport: settled on fenix
09-18 21:43:44.663 29732 29732 I rc_log_ffi::ios: rc_log adapter initialized!
09-18 21:43:44.680 29732 29732 D GeckoThread: State changed to LAUNCHED
09-18 21:43:44.681 29732 29758 I GeckoThread: preparing to run Gecko
09-18 21:43:44.687 29732 29732 D GeckoRuntime: Lifecycle: onCreate
09-18 21:43:44.687 29732 29758 D GeckoThread: State changed to MOZGLUE_READY
09-18 21:43:44.699 29732 29758 W Settings: Setting animator_duration_scale has moved from android.provider.Settings.System to android.provider.Settings.Global, returning read-only global URI.
09-18 21:43:44.701 29732 29758 E GeckoLibLoad: Load sqlite start
09-18 21:43:44.712 29732 29732 I experiments: No active experiment in cache
09-18 21:43:44.713 29732 29760 D App     : Bucket is 56
09-18 21:43:44.717 29732 29760 D App     : Experiments active: {asFeatureSyncDisabled=false}
09-18 21:43:44.725 29732 29758 W GeckoLinker: /data/app/org.mozilla.fenix.nightly-oXHtXmpJKb6GMnAnWAqICw==/lib/arm/libnss3.so: unhandled flags #8 not handled
09-18 21:43:44.726 29732 29732 I glean/Glean: Metrics enabled: true
09-18 21:43:44.730 29732 29758 W GeckoLinker: /data/app/org.mozilla.fenix.nightly-oXHtXmpJKb6GMnAnWAqICw==/lib/arm/libnss3.so: Relocation to NULL @0x00133ffc for symbol "__cxa_type_match"
09-18 21:43:44.731 29732 29761 I glean/Glean: Registering pings for org.mozilla.fenix.GleanMetrics.Pings
09-18 21:43:44.731 29732 29758 E GeckoLibLoad: Load sqlite done
09-18 21:43:44.731 29732 29758 E GeckoLibLoad: Load nss start
09-18 21:43:44.731 29732 29758 E GeckoLibLoad: Load nss done
09-18 21:43:44.734 29732 29761 I glean/Glean: Registering pings for mozilla.components.service.glean.GleanMetrics.Pings
09-18 21:43:44.738 29732 29758 W GeckoLinker: /data/app/org.mozilla.fenix.nightly-oXHtXmpJKb6GMnAnWAqICw==/lib/arm/libxul.so: unhandled flags #8 not handled
09-18 21:43:44.742 29732 29758 W GeckoLinker: /data/app/org.mozilla.fenix.nightly-oXHtXmpJKb6GMnAnWAqICw==/lib/arm/liblgpllibs.so: unhandled flags #8 not handled
09-18 21:43:44.770 29732 29761 I glean/Dispatchers: Task queued for execution and delayed until flushed
09-18 21:43:44.790 29732 29758 E GeckoLibLoad: Loaded libs in 58.540579ms total, 26ms(206ms) user, 16ms(76ms) system, 0(3) faults
09-18 21:43:44.791 29732 29758 D GeckoThread: State changed to LIBS_READY
09-18 21:43:44.791 29732 29758 W GeckoThread: zerdatime 1385498252 - runGecko
09-18 21:43:44.791 29732 29761 D glean/MetricsPingScheduler: The 'metrics' ping was last sent on Wed Sep 18 00:00:00 EDT 2019
09-18 21:43:44.793 29732 29761 I glean/MetricsPingScheduler: The 'metrics' ping was already sent today, Wed Sep 18 21:43:44 EDT 2019.
09-18 21:43:44.793 29732 29761 D glean/MetricsPingScheduler: Scheduling the 'metrics' ping in 22575228ms
09-18 21:43:44.797 29732 29758 D GeckoProfile: Loading profile at: null name: default
09-18 21:43:44.798 29732 29758 D GeckoProfile: Found profile dir: /data/user/0/org.mozilla.fenix.nightly/files/mozilla/vlq0pirl.default
09-18 21:43:44.805 29732 29782 D glean/PingMaker: Collecting events
09-18 21:43:44.810  1456  4250 I ActivityManager: Start proc 29785:org.mozilla.fenix.nightly:tab/u0a255 for service org.mozilla.fenix.nightly/org.mozilla.gecko.process.GeckoServiceChildProcess$tab
09-18 21:43:44.825 29732 29737 I zygote  : Do partial code cache collection, code=27KB, data=25KB
09-18 21:43:44.827 29732 29737 I zygote  : After code cache collection, code=27KB, data=25KB
09-18 21:43:44.827 29732 29737 I zygote  : Increasing code cache capacity to 128KB
09-18 21:43:44.867 29732 29732 W [WARNING][Leanplum]: [com.leanplum.internal.ActionManager::getLocationManager::8]: Geofencing support requires leanplum-location module and Google Play Services v8.1 and higher.
09-18 21:43:44.867 29732 29732 W [WARNING][Leanplum]: Add this to your build.gradle file:
09-18 21:43:44.867 29732 29732 W [WARNING][Leanplum]: implementation 'com.google.android.gms:play-services-location:8.3.0+'
09-18 21:43:44.867 29732 29732 W [WARNING][Leanplum]: implementation 'com.leanplum:leanplum-location:+'
09-18 21:43:44.881 29732 29732 I [INFO][Leanplum]: [com.leanplum.monitoring.ExceptionHandler::setContext::6]: LeanplumExceptionHandler could not initialize Exception Reporting.This is expected if you have not included the leanplum-monitoring module
09-18 21:43:44.901 29732 29732 I FirefoxAccountStateMachine: Enabling/updating sync with a new SyncConfig: SyncConfig(supportedEngines=[HISTORY, BOOKMARKS], syncPeriodInMinutes=240)
09-18 21:43:44.903 29785 29785 W System.err: SLF4J: Failed to load class "org.slf4j.impl.StaticLoggerBinder".
09-18 21:43:44.903 29785 29785 W System.err: SLF4J: Defaulting to no-operation (NOP) logger implementation
09-18 21:43:44.903 29785 29785 W System.err: SLF4J: See http://www.slf4j.org/codes.html#StaticLoggerBinder for further details.
09-18 21:43:44.904 29785 29785 D io.sentry.android.AndroidSentryClientFactory: Construction of Android Sentry.
09-18 21:43:44.905 29732 29732 I BgSyncManager: Periodic syncing enabled at a 240 interval
09-18 21:43:44.906 29732 29732 I FirefoxAccountStateMachine: Sync is enabled
09-18 21:43:44.909 29732 29732 D PushConfig: Creating push configuration for autopush.
09-18 21:43:44.920 29785 29785 D RustNativeSupport: findMegazordLibraryName(viaduct, 0.38.2
09-18 21:43:44.920 29732 29762 D glean/PingStorageEngine: Storing ping 8e114e9a-d3f9-4927-9564-fd0d0db2c5da at /data/user/0/org.mozilla.fenix.nightly/glean_data/pending_pings/8e114e9a-d3f9-4927-9564-fd0d0db2c5da
09-18 21:43:44.920 29785 29785 D RustNativeSupport: lib in use: none
09-18 21:43:44.920 29785 29785 D RustNativeSupport: lib configured: fenix
09-18 21:43:44.920 29785 29785 D RustNativeSupport: lib version configured: 0.38.2
09-18 21:43:44.920 29785 29785 D RustNativeSupport: settled on fenix
09-18 21:43:44.946 29785 29785 D RustNativeSupport: findMegazordLibraryName(rustlog, 0.38.2
09-18 21:43:44.946 29785 29785 D RustNativeSupport: lib in use: none
09-18 21:43:44.946 29785 29785 D RustNativeSupport: lib configured: fenix
09-18 21:43:44.946 29785 29785 D RustNativeSupport: lib version configured: 0.38.2
09-18 21:43:44.946 29785 29785 D RustNativeSupport: settled on fenix
09-18 21:43:44.948 29785 29785 I rc_log_ffi::ios: rc_log adapter initialized!
09-18 21:43:44.954 29785 29785 D GeckoThread: State changed to LAUNCHED
09-18 21:43:44.955 29785 29831 I GeckoThread: preparing to run Gecko
09-18 21:43:44.958 29732 29732 I App     : AutoPushFeature is configured, initializing it...
09-18 21:43:44.966 29732 29830 D AutoPushFeature: Initializing native component with the cached token.
09-18 21:43:44.968 29732 29832 I FirefoxAccountStateMachine: Processing event Event$Init for state Start. Next state is Start
09-18 21:43:44.970 29732 29830 D RustNativeSupport: findMegazordLibraryName(push, 0.38.2
09-18 21:43:44.970 29732 29761 D App     : ActivationPing - already generated
09-18 21:43:44.970 29732 29830 D RustNativeSupport: lib in use: none
09-18 21:43:44.970 29732 29830 D RustNativeSupport: lib configured: fenix
09-18 21:43:44.970 29732 29830 D RustNativeSupport: lib version configured: 0.38.2
09-18 21:43:44.971 29732 29830 D RustNativeSupport: settled on fenix
09-18 21:43:44.978 29732 29832 I FirefoxAccountStateMachine: Ran 'Event$Init' side-effects for state Start, got successive event Event$AccountNotFound
09-18 21:43:44.978 29732 29832 I FirefoxAccountStateMachine: Processing event Event$AccountNotFound for state Start. Next state is NotAuthenticated
09-18 21:43:44.982 29732 29832 D RustNativeSupport: findMegazordLibraryName(fxaclient, 0.38.2
09-18 21:43:44.982 29732 29832 D RustNativeSupport: lib in use: none
09-18 21:43:44.982 29732 29832 D RustNativeSupport: lib configured: fenix
09-18 21:43:44.983 29732 29832 D RustNativeSupport: lib version configured: 0.38.2
09-18 21:43:44.983 29732 29832 D RustNativeSupport: settled on fenix
09-18 21:43:45.012 29732 29832 D fxaclient_ffi: fxa_new
09-18 21:43:45.066  1456  4250 D ConnectivityService: requestNetwork for uid/pid:10255/29732 NetworkRequest [ TRACK_DEFAULT id=497, [ Capabilities: INTERNET&NOT_RESTRICTED&TRUSTED&NOT_VPN] ]
09-18 21:43:45.067  1456  2054 D WIFI_UT : got request NetworkRequest [ TRACK_DEFAULT id=497, [ Capabilities: INTERNET&NOT_RESTRICTED&TRUSTED&NOT_VPN] ] with score 60
09-18 21:43:45.067  1456  2099 D Ethernet: got request NetworkRequest [ TRACK_DEFAULT id=497, [ Capabilities: INTERNET&NOT_RESTRICTED&TRUSTED&NOT_VPN] ] with score 60
09-18 21:43:45.067  1456  2054 D WIFI    : got request NetworkRequest [ TRACK_DEFAULT id=497, [ Capabilities: INTERNET&NOT_RESTRICTED&TRUSTED&NOT_VPN] ] with score 60
09-18 21:43:45.067  2398  2398 D PhoneSwitcherNetworkRequstListener: got request NetworkRequest [ TRACK_DEFAULT id=497, [ Capabilities: INTERNET&NOT_RESTRICTED&TRUSTED&NOT_VPN] ] with score 60
09-18 21:43:45.141 29732 29742 I zygote  : Background concurrent copying GC freed 11858(1329KB) AllocSpace objects, 40(1012KB) LOS objects, 49% free, 2MB/5MB, paused 334us total 174.376ms
09-18 21:43:45.141 29732 29732 D GeckoRuntime: Lifecycle: onStart
09-18 21:43:45.142 29732 29732 D glean/MetricsPingScheduler: The 'metrics' ping was last sent on Wed Sep 18 00:00:00 EDT 2019
09-18 21:43:45.143 29732 29732 I glean/MetricsPingScheduler: The 'metrics' ping was already sent today, Wed Sep 18 21:43:45 EDT 2019.
09-18 21:43:45.143 29732 29732 D glean/MetricsPingScheduler: Scheduling the 'metrics' ping in 22574859ms
09-18 21:43:45.156 29732 29732 D GeckoRuntime: Lifecycle: onResume
09-18 21:43:45.158 29732 29732 D GeckoNetworkManager: Incoming event start for state OffNoListeners -> OnNoListeners
09-18 21:43:45.159 29732 29732 D GeckoNetworkManager: New network state: UP, WIFI, WIFI
09-18 21:43:45.161 29732 29817 D NetworkSecurityConfig: No Network Security Config specified, using platform default
09-18 21:43:45.179 29732 29844 D OpenGLRenderer: HWUI GL Pipeline
09-18 21:43:45.227  1456  2401 I ActivityManager: START u0 {act=android.intent.action.VIEW dat=about:blank typ=text/html flg=0x10000000 cmp=org.mozilla.fenix.nightly/org.mozilla.fenix.HomeActivity (has extras)} from uid 10255
09-18 21:43:45.231 29732 29737 I zygote  : Do partial code cache collection, code=56KB, data=40KB
09-18 21:43:45.232 29732 29737 I zygote  : After code cache collection, code=49KB, data=35KB
09-18 21:43:45.232 29732 29737 I zygote  : Increasing code cache capacity to 256KB
09-18 21:43:45.241 29732 29849 D glean/PingStorageEngine: Processing persisted pings at /data/user/0/org.mozilla.fenix.nightly/glean_data/pending_pings
09-18 21:43:45.241 29732 29732 D GeckoNetworkManager: Incoming event receivedUpdate for state OnNoListeners -> OnNoListeners
09-18 21:43:45.242 29732 29849 D glean/PingStorageEngine: Processing ping: 8e114e9a-d3f9-4927-9564-fd0d0db2c5da
09-18 21:43:45.243 29732 29732 D GeckoNetworkManager: New network state: UP, WIFI, WIFI
09-18 21:43:45.244  1456  4250 I WifiService: getDhcpInfo uid=10255
09-18 21:43:45.245 29732 29819 E ActivityThread: Failed to find provider info for com.facebook.katana.provider.AttributionIdProvider
09-18 21:43:45.247 29732 29849 D glean/ConceptFetchHttpUploader: Submitting ping to: https://incoming.telemetry.mozilla.org/submit/org-mozilla-fenix-nightly/events/1/8e114e9a-d3f9-4927-9564-fd0d0db2c5da
09-18 21:43:45.271 29732 29844 I Adreno  : QUALCOMM build                   : bb5b86c, I77d3059488
09-18 21:43:45.271 29732 29844 I Adreno  : Build Date                       : 06/07/18
09-18 21:43:45.271 29732 29844 I Adreno  : OpenGL ES Shader Compiler Version: EV031.22.00.01_06
09-18 21:43:45.271 29732 29844 I Adreno  : Local Branch                     : 
09-18 21:43:45.271 29732 29844 I Adreno  : Remote Branch                    : refs/tags/AU_LINUX_ANDROID_LA.UM.6.5.R1.08.01.00.312.086
09-18 21:43:45.271 29732 29844 I Adreno  : Remote Branch                    : NONE
09-18 21:43:45.271 29732 29844 I Adreno  : Reconstruct Branch               : NOTHING
09-18 21:43:45.272 29732 29844 D vndksupport: Loading /vendor/lib/hw/gralloc.msm8937.so from current namespace instead of sphal namespace.
09-18 21:43:45.279 29732 29844 I Adreno  : PFP: 0x005ff087, ME: 0x005ff063
09-18 21:43:45.301 29732 29844 I zygote  : android::hardware::configstore::V1_0::ISurfaceFlingerConfigs::hasWideColorDisplay retrieved: 0
09-18 21:43:45.302 29732 29844 I OpenGLRenderer: Initialized EGL, version 1.4
09-18 21:43:45.302 29732 29844 D OpenGLRenderer: Swap behavior 2
09-18 21:43:45.320 29732 29844 D vndksupport: Loading /vendor/lib/hw/android.hardware.graphics.mapper@2.0-impl.so from current namespace instead of sphal namespace.
09-18 21:43:45.323 29732 29844 D vndksupport: Loading /vendor/lib/hw/gralloc.msm8937.so from current namespace instead of sphal namespace.
09-18 21:43:45.336 29732 29855 I experiments: Fetching experiments from https://firefox.settings.services.mozilla.com/v1/buckets/main/collections/mobile-experiments/records?_since=1566233826256
09-18 21:43:45.339  1456  1673 I LaunchCheckinHandler: Displayed org.mozilla.fenix.nightly/org.mozilla.fenix.IntentReceiverActivity,cp,ca,984
09-18 21:43:45.359 29732 29732 D PhoneWindow: Restoring navigation bar divider color to default value = 0x00000000
09-18 21:43:45.369 29732 29758 I Gecko:DumpUtils: Fifo watcher disabled via pref.
09-18 21:43:45.438 29732 29732 I NavController: Ignoring popBackStack to destination org.mozilla.fenix.nightly:id/browserFragment as it was not found on the current back stack
09-18 21:43:45.514 29732 29758 D GeckoSysInfo: System memory: 1867MB.
09-18 21:43:45.515 29732 29758 D GeckoThread: State changed to JNI_READY
09-18 21:43:45.610 29732 29849 D glean/ConceptFetchHttpUploader: Ping successfully sent (200)
09-18 21:43:45.610 29732 29849 D glean/PingStorageEngine: 8e114e9a-d3f9-4927-9564-fd0d0db2c5da was deleted: true
09-18 21:43:45.612 29732 29752 I WM-WorkerWrapper: Worker result SUCCESS for Work [ id=903224fa-dad5-4448-b2a7-d056f5b4f83c, tags={ mozac_service_glean_ping_upload_worker, mozilla.components.service.glean.scheduler.PingUploadWorker } ]
09-18 21:43:45.638  7704 26990 I Icing   : Indexing com.google.android.gms-apps from com.google.android.gms
09-18 21:43:45.699  7704 26990 I Icing   : Indexing com.google.android.gms-internal.3p:MobileApplication from com.google.android.gms
09-18 21:43:45.710 29732 29732 I zygote  : Deoptimizing java.lang.Object androidx.collection.SimpleArrayMap.put(java.lang.Object, java.lang.Object) due to JIT inline cache
09-18 21:43:45.711  7704 26990 I Icing   : Indexing com.google.android.gms-internal.3p:DigitalDocument from com.google.android.gms
09-18 21:43:45.716 29732 29832 W FirefoxAccountStateMachine: Got invalid event Event$Init for state NotAuthenticated.
09-18 21:43:45.721  7704 26990 I Icing   : Indexing done com.google.android.gms-apps
09-18 21:43:45.725  7704 26990 I Icing   : Indexing done com.google.android.gms-internal.3p:MobileApplication
09-18 21:43:45.729  7704 26990 I Icing   : Indexing done com.google.android.gms-internal.3p:DigitalDocument
09-18 21:43:45.826 29732 29737 I zygote  : Do full code cache collection, code=125KB, data=100KB
09-18 21:43:45.828 29732 29737 I zygote  : After code cache collection, code=88KB, data=57KB
09-18 21:43:45.839 29732 29871 W LOTTIE  : Animation contains merge paths. Merge paths are only supported on KitKat+ and must be manually enabled by calling enableMergePathsForKitKatAndAbove().
09-18 21:43:45.892  1456  2067 D ConnectivityService: releasing NetworkRequest [ TRACK_DEFAULT id=497, [ Capabilities: INTERNET&NOT_RESTRICTED&TRUSTED&NOT_VPN] ] (release request)
09-18 21:43:45.975 29732 29758 I Gecko   : 1568857425969	addons.xpi	WARN	List of valid built-in add-ons could not be parsed.: [Exception... "Component returned failure code: 0x80520012 (NS_ERROR_FILE_NOT_FOUND) [nsIXPCComponents_Utils.readUTF8URI]"  nsresult: "0x80520012 (NS_ERROR_FILE_NOT_FOUND)"  location: "JS frame :: resource://gre/modules/addons/XPIProvider.jsm :: startup :: line 2362"  data: no] Stack trace: startup()@resource://gre/modules/addons/XPIProvider.jsm:2362
09-18 21:43:45.975 29732 29758 I Gecko   : callProvider()@resource://gre/modules/AddonManager.jsm:213
09-18 21:43:45.975 29732 29758 I Gecko   : _startProvider()@resource://gre/modules/AddonManager.jsm:649
09-18 21:43:45.975 29732 29758 I Gecko   : startup()@resource://gre/modules/AddonManager.jsm:873
09-18 21:43:45.975 29732 29758 I Gecko   : startup()@resource://gre/modules/AddonManager.jsm:3469
09-18 21:43:45.975 29732 29758 I Gecko   : observe()@resource://gre/modules/addonManager.js:86
09-18 21:43:45.981 29732 29758 I Gecko   : 1568857425981	addons.xpi	WARN	No list of valid system add-ons found.
09-18 21:43:45.997  1456  1673 I ActivityManager: Displayed org.mozilla.fenix.nightly/org.mozilla.fenix.HomeActivity: +687ms (total +1s635ms)
09-18 21:43:46.001 29732 29732 W LOTTIE  : Animation contains merge paths but they are disabled.
09-18 21:43:46.154 29732 29758 D GeckoThread: State changed to PROFILE_READY
09-18 21:43:46.261 29732 29758 W GeckoEventDispatcher: No listener for AndroidCastDevice:SyncDevice
09-18 21:43:46.267 29732 29758 I Gecko   : -*- nsDNSServiceDiscovery.js : nsDNSServiceDiscovery
09-18 21:43:46.367 29732 29758 W ResourceType: Too many attribute references, stopped at: 0x01010099
09-18 21:43:46.385   808   898 I SFPerfTracer:      triggers: (rate: 0:0) (0 sw vsyncs) (0 skipped) (19:47822 vsyncs) (21:205638)
09-18 21:43:46.389   808   808 I SFPerfTracer:      triggers: (rate: 4:3169) (compose: 0:0) (post: 0:0) (render: 0:1) (7:78198 frames) (8:203993)
09-18 21:43:46.389   808   808 D SFPerfTracer:        layers: (4:12) (NavigationBar#0 (0xb07df000): 0:1037) (StatusBar#0 (0xb07e3000): 0:118169) (com.android.systemui.ImageWallpaper#0 (0xb07e7000): 0:76)* (Sprite#0 (0xb0733000): 0:317)* (DimLayerController/Stack=0#0 (0xb075a000): 0:118)* (animation background stackId=1#0 (0xb0771000): 0:4)* (Sprite#1 (0xb077c000): 0:195)* (org.mozilla.fenix.nightly/org.mozilla.fenix.HomeActivity#0 (0xb03a4000): 0:87)- (com.android.settings/com.android.settings.Settings$DevelopmentSettingsActivity#0 (0xb0763000): 0:13)- (Splash Screen org.mozilla.fenix.nightly#0 (0xb075e000): 0:33)- (org.mozilla.fenix.nightly/org.mozilla.fenix.IntentReceiverActivity#0 (0xb03a4000): 0:6)- (org.mozilla.fenix.nightly/org.mozilla.fenix.HomeActivity#0 (0xb0383000): 7:24) 
09-18 21:43:46.416 29732 29758 I Gecko   : Attempting load of libEGL.so
09-18 21:43:46.605 29732 29732 D GeckoNetworkManager: Incoming event enableNotifications for state OnNoListeners -> OnWithListeners
09-18 21:43:46.606 29732 29732 D GeckoNetworkManager: New network state: UP, WIFI, WIFI
09-18 21:43:46.607 29732 29732 D GeckoNetworkManager: Incoming event receivedUpdate for state OnWithListeners -> OnWithListeners
09-18 21:43:46.608 29732 29732 D GeckoNetworkManager: New network state: UP, WIFI, WIFI
09-18 21:43:46.612 29732 29758 W GeckoLinker: /data/app/org.mozilla.fenix.nightly-oXHtXmpJKb6GMnAnWAqICw==/lib/arm/libsoftokn3.so: unhandled flags #8 not handled
09-18 21:43:46.613 29732 29758 W GeckoLinker: /data/app/org.mozilla.fenix.nightly-oXHtXmpJKb6GMnAnWAqICw==/lib/arm/libsoftokn3.so: Relocation to NULL @0x00025ffc for symbol "__cxa_type_match"
09-18 21:43:46.614 29732 29758 W GeckoLinker: /data/app/org.mozilla.fenix.nightly-oXHtXmpJKb6GMnAnWAqICw==/lib/arm/libfreebl3.so: unhandled flags #8 not handled
09-18 21:43:46.614 29732 29758 W GeckoLinker: /data/app/org.mozilla.fenix.nightly-oXHtXmpJKb6GMnAnWAqICw==/lib/arm/libfreebl3.so: Relocation to NULL @0x00040ffc for symbol "__cxa_type_match"
09-18 21:43:46.648 29732 29897 W GeckoLinker: /data/app/org.mozilla.fenix.nightly-oXHtXmpJKb6GMnAnWAqICw==/lib/arm/libnssckbi.so: unhandled flags #8 not handled
09-18 21:43:46.649 29732 29897 W GeckoLinker: /data/app/org.mozilla.fenix.nightly-oXHtXmpJKb6GMnAnWAqICw==/lib/arm/libnssckbi.so: Relocation to NULL @0x00050ffc for symbol "__cxa_type_match"
09-18 21:43:46.861 29732 29855 D experiments: Fetched experiments from https://firefox.settings.services.mozilla.com/v1/buckets/main/collections/mobile-experiments/records?_since=1566233826256:
09-18 21:43:46.861 29732 29855 D experiments: {"data":[]}
09-18 21:43:46.862 29732 29855 I experiments: Experiments update from server: ExperimentsSnapshot(experiments=[Experiment(id=fenix-test-2019-08-05, description=End-to-end test of the Mobiles Experiments platform for Firefox Preview., lastModified=1566233826256, schemaModified=1566228455761, buckets=Buckets(start=0, count=667), branches=[Branch(name=a, ratio=1), Branch(name=b, ratio=1), Branch(name=c, ratio=1)], match=Matcher(appId=^org.mozilla.fenix$, appDisplayVersion=null, appMinVersion=null, appMaxVersion=null, localeLanguage=null, localeCountry=null, deviceManufacturer=null, deviceModel=null, regions=[], debugTags=[]))], lastModified=1566233826256)
09-18 21:43:46.864 29732 29855 I experiments: onExperimentsUpdated - no experiment currently active, looking for match
09-18 21:43:46.867 29732 29752 I WM-WorkerWrapper: Worker result SUCCESS for Work [ id=53e45405-191b-41b7-8754-0f99249e83d9, tags={ mozilla.components.service.experiments.ExperimentsUpdaterWorker, mozilla.components.service.experiments } ]
09-18 21:43:46.946 29785 29831 D GeckoThread: State changed to MOZGLUE_READY
09-18 21:43:46.954 29785 29831 W Settings: Setting animator_duration_scale has moved from android.provider.Settings.System to android.provider.Settings.Global, returning read-only global URI.
09-18 21:43:46.956 29785 29831 E GeckoLibLoad: Load sqlite start
09-18 21:43:46.973 29785 29831 W GeckoLinker: /data/app/org.mozilla.fenix.nightly-oXHtXmpJKb6GMnAnWAqICw==/lib/arm/libnss3.so: unhandled flags #8 not handled
09-18 21:43:46.977 29785 29831 W GeckoLinker: /data/app/org.mozilla.fenix.nightly-oXHtXmpJKb6GMnAnWAqICw==/lib/arm/libnss3.so: Relocation to NULL @0x00133ffc for symbol "__cxa_type_match"
09-18 21:43:46.978 29785 29831 E GeckoLibLoad: Load sqlite done
09-18 21:43:46.978 29785 29831 E GeckoLibLoad: Load nss start
09-18 21:43:46.978 29785 29831 E GeckoLibLoad: Load nss done
09-18 21:43:46.978 29785 29831 W GeckoLinker: /data/app/org.mozilla.fenix.nightly-oXHtXmpJKb6GMnAnWAqICw==/lib/arm/libxul.so: unhandled flags #8 not handled
09-18 21:43:46.979 29785 29831 W GeckoLinker: /data/app/org.mozilla.fenix.nightly-oXHtXmpJKb6GMnAnWAqICw==/lib/arm/liblgpllibs.so: unhandled flags #8 not handled
09-18 21:43:46.988 29732 29758 D GeckoThread: State changed to RUNNING
09-18 21:43:46.989 29732 29758 I GeckoSession: zerdatime 1385500450 - chrome startup finished
09-18 21:43:47.010 29785 29831 E GeckoLibLoad: Loaded libs in 31.876201ms total, 26ms(30ms) user, 3ms(0ms) system, 0(0) faults
09-18 21:43:47.010 29785 29831 D GeckoThread: State changed to LIBS_READY
09-18 21:43:47.011 29785 29831 W GeckoThread: zerdatime 1385500472 - runGecko
09-18 21:43:47.497 29785 29831 D GeckoThread: State changed to RUNNING
09-18 21:43:47.618 29732 29732 D App     : Installed browser-icons extension
09-18 21:43:47.618 29732 29732 D mozac-fxawebchannel: Installed extension: mozacWebchannel
09-18 21:43:47.619 29732 29732 D mozac-readerview: Installed extension: mozacReaderview
09-18 21:43:47.694 29732 29732 D GeckoSession: handleMessage GeckoView:PageStart uri=about:blank
09-18 21:43:47.711 29732 29732 D GeckoSession: handleMessage GeckoView:LocationChange uri=about:blank
09-18 21:43:47.711 29732 29732 D GeckoSession: handleMessage GeckoView:PageStop uri=null
09-18 21:43:47.715 29732 29732 I SessionStorage/AutoSave: Save: Load finished
09-18 21:43:47.719 29732 29760 D SessionStorage/AutoSave: Saved state to disk [3ms]
09-18 21:43:47.731 29732 29758 D GeckoScreenOrientation: unlocking
09-18 21:43:47.737 29732 29737 I zygote  : Do partial code cache collection, code=120KB, data=86KB
09-18 21:43:47.742 29732 29737 I zygote  : After code cache collection, code=120KB, data=86KB
09-18 21:43:47.742 29732 29737 I zygote  : Increasing code cache capacity to 512KB
09-18 21:43:47.775 29732 29732 D GeckoSession: handleMessage GeckoView:OnLoadRequest uri=about:blank
09-18 21:43:47.785 29732 29732 D GeckoSession: handleMessage GeckoView:OnLoadRequest uri=about:blank
09-18 21:43:47.815 29732 29732 D GeckoSession: handleMessage GeckoView:PageStart uri=about:blank
09-18 21:43:47.829 29732 29732 D GeckoSession: handleMessage GeckoView:PageStop uri=null
09-18 21:43:47.832 29732 29732 I SessionStorage/AutoSave: Save: Load finished
09-18 21:43:47.833 29732 29761 D SessionStorage/AutoSave: Delaying save (1883ms)
09-18 21:43:47.838 29732 29732 D GeckoSession: handleMessage GeckoView:PageStart uri=about:blank
09-18 21:43:47.866 29732 29732 D GeckoSession: handleMessage GeckoView:SecurityChanged uri=null
09-18 21:43:47.887 29732 29732 D GeckoSession: handleMessage GeckoView:PageStop uri=null
09-18 21:43:47.891 29732 29732 I SessionStorage/AutoSave: Save: Load finished
09-18 21:43:47.891 29732 29732 D SessionStorage/AutoSave: Skipping save, other job already in flight
09-18 21:43:48.712 29732 29732 D GeckoSession: handleMessage GeckoView:StateUpdated uri=null
09-18 21:43:49.729 29732 29770 D SessionStorage/AutoSave: Saved state to disk [11ms]
09-18 21:43:51.506 28092 28092 I Finsky  : [2] com.google.android.finsky.scheduler.JobSchedulerEngine$PhoneskyJobSchedulerJobService.onStartJob(6): onJobSchedulerWakeup with jobId 9004
09-18 21:43:51.510 28092 28092 I Finsky  : [2] sey.a(13): Scheduling fallback job with id: 9034, and delay: 43200000 ms
09-18 21:43:51.514 28092 28092 I Finsky  : [2] sey.a(5): Scheduling fallback in 64799997 (absolute: 1450304972)
09-18 21:43:51.551 28092 28092 I Finsky  : [2] sfk.handleMessage(11): DeviceState: DeviceState{currentTime=1568857431543, isCharging=true, isIdle=false, netAny=true, netNotRoaming=true, netUnmetered=true, batteryPercent=100.0}
09-18 21:43:51.562 28092 29260 I Finsky  : [8275] shu.a(7): Jobs in database: 1-1337 3-399 3-400 12-1 24-77777777 26-1414141414 
09-18 21:43:51.584 28092 28092 I Finsky  : [2] sfl.a(25): Running job: 12-1
09-18 21:43:51.586 28092 28092 I Finsky  : [2] com.google.android.finsky.contentsync.ContentSyncJob.a(14): ContentSyncJob started
09-18 21:43:51.587 28092 28092 I Finsky  : [2] sfk.handleMessage(68): RunningQueue size: 1, PendingQueue size: 0
09-18 21:43:51.588 28092 28092 I Finsky  : [2] sfk.handleMessage(74): Running queue: 12-1 
09-18 21:43:51.807 28092 29964 I Finsky  : [8292] ecw.a(16): Completed 0 account content syncs with 0 successful.
09-18 21:43:51.808 28092 28092 I Finsky  : [2] com.google.android.finsky.contentsync.ContentSyncJob.a(12): Installation state replication succeeded.
09-18 21:43:51.809 28092 28092 I Finsky  : [2] sgr.a(27): jobFinished: 12-1. TimeElapsed: 224ms.
09-18 21:43:51.812 28092 28092 I Finsky  : [2] sfl.a(48): Job 12-1 finished. Not rescheduling.
09-18 21:43:51.814 28092 28092 I Finsky  : [2] sfk.handleMessage(68): RunningQueue size: 0, PendingQueue size: 0
09-18 21:43:51.815 28092 28092 I Finsky  : [2] sfk.handleMessage(31): Executor finished
09-18 21:43:51.836 28092 28092 I Finsky  : [2] shu.a(7): Jobs in database: 1-1337 3-399 3-400 24-77777777 26-1414141414 
09-18 21:43:51.847 28092 28092 I Finsky  : [2] sdz.a(67): ConstraintMapping: 24-77777777,  -> L: 0ms, D: 56850560ms, C: false, I: true, N: 0
09-18 21:43:51.848 28092 28092 I Finsky  : [2] sdz.a(67): ConstraintMapping: 1-1337,  -> L: 17226504ms, D: 60426504ms, C: false, I: false, N: 1
09-18 21:43:51.850 28092 28092 I Finsky  : [2] sdz.a(67): ConstraintMapping: 3-399,  -> L: 0ms, D: 86304481ms, C: false, I: true, N: 1
09-18 21:43:51.851 28092 28092 I Finsky  : [2] sdz.a(67): ConstraintMapping: 3-400,  -> L: 0ms, D: 86304500ms, C: true, I: true, N: 2
09-18 21:43:51.852 28092 28092 I Finsky  : [2] sdz.a(67): ConstraintMapping: 26-1414141414,  -> L: 22253353ms, D: 23153353ms, C: false, I: false, N: 0
09-18 21:43:51.860 28092 28092 I Finsky  : [2] sge.a(35): Cancelling existing jobscheduler jobs: 9001 9007 9005 9008 
09-18 21:43:51.861 28092 28092 I Finsky  : [2] sge.a(11): Throttling wakeup for job 9000 (expected to run in 0 ms) due to recent wakeup
09-18 21:43:51.862 28092 28092 I Finsky  : [2] sge.a(25): Scheduling job Id: 9000, L: 30000, D: 56850560, C: false, I: true, N: 0
09-18 21:43:51.864 28092 28092 I Finsky  : [2] sge.a(25): Scheduling job Id: 9002, L: 17226504, D: 60426504, C: false, I: false, N: 1
09-18 21:43:51.866 28092 28092 I Finsky  : [2] sge.a(11): Throttling wakeup for job 9003 (expected to run in 0 ms) due to recent wakeup
09-18 21:43:51.866 28092 28092 I Finsky  : [2] sge.a(25): Scheduling job Id: 9003, L: 30000, D: 86304481, C: false, I: true, N: 1
09-18 21:43:51.868 28092 28092 I Finsky  : [2] sge.a(11): Throttling wakeup for job 9006 (expected to run in 0 ms) due to recent wakeup
09-18 21:43:51.869 28092 28092 I Finsky  : [2] sge.a(25): Scheduling job Id: 9006, L: 30000, D: 86304500, C: true, I: true, N: 2
09-18 21:43:51.870 28092 28092 I Finsky  : [2] sge.a(25): Scheduling job Id: 9009, L: 22253353, D: 23153353, C: false, I: false, N: 0
09-18 21:43:54.479  1456  4250 I ActivityManager: Force stopping org.mozilla.fenix.nightly appid=10255 user=0: from pid 29967
09-18 21:43:54.479  1456  4250 I ActivityManager: Killing 29732:org.mozilla.fenix.nightly/u0a255 (adj 0): stop org.mozilla.fenix.nightly
09-18 21:43:54.481  1456  1605 W zygote  : kill(-29732, 9) failed: No such process
09-18 21:43:54.483 29785 29785 I ServiceChildProcess: Service has been unbound. Stopping.
09-18 21:43:54.484  1456  4250 W ActivityManager: Force removing ActivityRecord{7222535 u0 org.mozilla.fenix.nightly/org.mozilla.fenix.HomeActivity t453}: app died, no saved state
09-18 21:43:54.495  1456  1605 W zygote  : kill(-29732, 9) failed: No such process
09-18 21:43:54.508  1456  1605 W zygote  : kill(-29732, 9) failed: No such process
09-18 21:43:54.510  1456  7796 I OpenGLRenderer: Initialized EGL, version 1.4
09-18 21:43:54.511  1456  7796 D OpenGLRenderer: Swap behavior 2
09-18 21:43:54.528  1456  4250 I ActivityManager: Killing 29785:org.mozilla.fenix.nightly:tab/u0a255 (adj 0): stop org.mozilla.fenix.nightly
09-18 21:43:54.528  1456  1605 W zygote  : kill(-29732, 9) failed: No such process
09-18 21:43:54.545  1456  1605 W zygote  : kill(-29732, 9) failed: No such process
09-18 21:43:54.568  2398  2398 D CarrierSvcBindHelper: No carrier app for: 0
09-18 21:43:54.569  1456  1605 W zygote  : kill(-29732, 9) failed: No such process
09-18 21:43:54.569  2398  2398 D CarrierSvcBindHelper: No carrier app for: 1
09-18 21:43:54.585  7883  7883 W Settings: Setting bugreport_in_power_menu has moved from android.provider.Settings.Secure to android.provider.Settings.Global.
09-18 21:43:54.599  1456  4679 I WifiService: getVerboseLoggingLevel uid=1000
09-18 21:43:54.600  1456  4250 I WifiService: getAggressiveHandover uid=1000
09-18 21:43:54.600  1456  5027 I WifiService: getAllowScansWithTraffic uid=1000
09-18 21:43:54.602  1456  1605 W zygote  : kill(-29732, 9) failed: No such process
09-18 21:43:54.614  7883 29970 W TileUtils: Found com.android.settings.backup.BackupSettingsActivity for intent Intent { act=com.android.settings.action.SETTINGS pkg=com.android.settings } missing metadata com.android.settings.category
09-18 21:43:54.616  1456  1605 W zygote  : kill(-29732, 9) failed: No such process
09-18 21:43:54.631  1456  1605 I chatty  : uid=1000(system) ActivityManager identical 1 line
09-18 21:43:54.645  1456  1605 W zygote  : kill(-29732, 9) failed: No such process
09-18 21:43:54.654  2398  2398 E PhoneInterfaceManager: [PhoneIntfMgr] getAllowedCarriers: CommandException: com.android.internal.telephony.CommandException: REQUEST_NOT_SUPPORTED
09-18 21:43:54.663  2398  2398 E PhoneInterfaceManager: [PhoneIntfMgr] getAllowedCarriers: CommandException: com.android.internal.telephony.CommandException: REQUEST_NOT_SUPPORTED
09-18 21:43:54.665  1456  1605 W zygote  : kill(-29732, 9) failed: No such process
09-18 21:43:54.669  7883 29974 D Settings: No enabled state changed, skipping updateCategory call
09-18 21:43:54.681  2146  2165 I zygote  : NativeAlloc concurrent copying GC freed 3904(195KB) AllocSpace objects, 0(0B) LOS objects, 49% free, 5MB/11MB, paused 188us total 113.564ms
09-18 21:43:54.681  1456  1605 W zygote  : kill(-29732, 9) failed: No such process
09-18 21:43:54.697  1456  1605 W zygote  : kill(-29732, 9) failed: No such process
