--------- beginning of main
12-17 22:01:33.208  1456  1605 W zygote  : kill(-805, 9) failed: No such process
12-17 22:01:33.214 19624 19715 I MicroDetectionWorker: onReady
12-17 22:01:33.225  1456  1605 W zygote  : kill(-805, 9) failed: No such process
--------- beginning of system
12-17 22:01:33.239  1456 10736 D ConnectivityService: ConnectivityService NetworkRequestInfo binderDied(NetworkRequest [ LISTEN id=10893, [ Capabilities: INTERNET&NOT_RESTRICTED&TRUSTED] ], android.os.BinderProxy@19165db)
12-17 22:01:33.255  1456  1605 I chatty  : uid=1000(system) ActivityManager identical 2 lines
12-17 22:01:33.259  1456  7570 D ConnectivityService: ConnectivityService NetworkRequestInfo binderDied(NetworkRequest [ LISTEN id=10897, [ Capabilities: INTERNET&NOT_RESTRICTED&TRUSTED] ], android.os.BinderProxy@a534878)
12-17 22:01:33.268  1456  1605 W zygote  : kill(-805, 9) failed: No such process
12-17 22:01:33.268  1456  1605 I zygote  : Successfully killed process cgroup uid 10110 pid 805 in 113ms
12-17 22:01:33.268  1456  1605 W zygote  : kill(-19530, 9) failed: No such process
12-17 22:01:33.269  1456  1605 I zygote  : Successfully killed process cgroup uid 10027 pid 19530 in 0ms
12-17 22:01:33.269  1456  1605 W zygote  : kill(-32535, 9) failed: No such process
12-17 22:01:33.269  1456  1605 I zygote  : Successfully killed process cgroup uid 10062 pid 32535 in 0ms
12-17 22:01:33.269  1456  1605 W zygote  : kill(-19654, 9) failed: No such process
12-17 22:01:33.282  1456  1605 W zygote  : kill(-19654, 9) failed: No such process
12-17 22:01:33.282  1456  1605 I zygote  : Successfully killed process cgroup uid 10090 pid 19654 in 12ms
12-17 22:01:33.284  1456  1605 W zygote  : kill(-1777, 9) failed: No such process
12-17 22:01:33.284  1456  1605 I zygote  : Successfully killed process cgroup uid 10108 pid 1777 in 1ms
12-17 22:01:33.284  1456  1605 W zygote  : kill(-29671, 9) failed: No such process
12-17 22:01:33.284  1456  1605 I zygote  : Successfully killed process cgroup uid 10036 pid 29671 in 0ms
12-17 22:01:33.285  1456  1605 W zygote  : kill(-19760, 9) failed: No such process
12-17 22:01:33.285  1456  1605 I zygote  : Successfully killed process cgroup uid 10044 pid 19760 in 0ms
12-17 22:01:33.285  1456  1605 W zygote  : kill(-19539, 9) failed: No such process
12-17 22:01:33.286  1456  1605 I zygote  : Successfully killed process cgroup uid 1000 pid 19539 in 0ms
12-17 22:01:33.286  1456  1605 W zygote  : kill(-19554, 9) failed: No such process
12-17 22:01:33.286  1456  1605 I zygote  : Successfully killed process cgroup uid 10085 pid 19554 in 0ms
12-17 22:01:33.286  1456  1605 W zygote  : kill(-27785, 9) failed: No such process
12-17 22:01:33.286  1456  1605 I zygote  : Successfully killed process cgroup uid 10014 pid 27785 in 0ms
12-17 22:01:33.286  1456  1605 W zygote  : kill(-32659, 9) failed: No such process
12-17 22:01:33.286  1456  1605 I zygote  : Successfully killed process cgroup uid 10031 pid 32659 in 0ms
12-17 22:01:33.287  1456  1605 W zygote  : kill(-1808, 9) failed: No such process
12-17 22:01:33.287  1456  1605 I zygote  : Successfully killed process cgroup uid 10036 pid 1808 in 0ms
12-17 22:01:33.411  1456  5907 I ActivityManager: START u0 {act=android.intent.action.VIEW dat=about:blank typ=text/html flg=0x10000000 cmp=org.mozilla.fenix.performancetest/org.mozilla.fenix.IntentReceiverActivity} from uid 2000
12-17 22:01:33.411   794   839 E ANDR-PERF-RESOURCEQS: Failed to apply optimization [4, 0]
12-17 22:01:33.433  1456  4250 I ActivityManager: Start proc 20060:org.mozilla.fenix.performancetest/u0a591 for activity org.mozilla.fenix.performancetest/org.mozilla.fenix.IntentReceiverActivity
12-17 22:01:33.437 20060 20060 I chatty  : uid=10591(org.mozilla.fenix.performancetest) expire 66 lines
12-17 22:01:33.484  2748  2917 W OpenGLRenderer: Incorrectly called buildLayer on View: ShortcutAndWidgetContainer, destroying layer...
12-17 22:01:33.520 19624 19715 I MicroDetectionState: Should stop hotword detection immediately - false
12-17 22:01:33.520 19624 19715 I MicroDetector: Keeping mic open: false
12-17 22:01:33.520 19624 19715 I RecognitionAudioControl: #shutdownAudio [requestId: -2711779673540617702, keepAudioOpen: false, forced: true]
12-17 22:01:33.520 19624   605 E DeviceStateChecker: DeviceStateChecker cancelled
12-17 22:01:33.520 19624 19715 I RecognitionAudioControl: #internalShutdownAudio [requestId: -2711779673540617702]
12-17 22:01:33.520 19624 19715 I RecognitionAudioControl: #internalShutdownAudio [keepAudioOpen: false, forced: true]
12-17 22:01:33.520 19624 19715 I RecognitionAudioControl: #actualShutdownAudio
12-17 22:01:33.520 19624 19715 I AudioController: #shutdown [requestId=-2711779673540617702]
12-17 22:01:33.520 19624   411 I AudioController: internalShutdown
12-17 22:01:33.521 19624   584 I MicroRecognitionRunner: Stopping hotword detection.
12-17 22:01:33.580   788  1479 D audio_hw_primary: disable_audio_route: usecase(9) reset and update mixer path: audio-record
12-17 22:01:33.580   788  1479 D audio_hw_primary: disable_snd_device: snd_device(120: voice-rec-mic)
12-17 22:01:33.581  1012  4918 D APM_AudioPolicyManager: stopInput() input 33326, session 33361
12-17 22:01:33.582   788  1401 D audio_hw_primary: in_set_parameters: enter: kvpairs=routing=0
12-17 22:01:33.584 19624   411 I MicrophoneInputStream: mic_close  SR : 16000 CC : 16 SO : 1999
12-17 22:01:33.585 19624   411 E AudioSource: Stop listening is called on already closed AudioSource
12-17 22:01:33.586 19624   598 I MicroRecognitionRunner: Detection finished
12-17 22:01:33.682 20060 20077 I chatty  : uid=10591(org.mozilla.fenix.performancetest) expire 13 lines
12-17 22:01:33.890 20060 20090 I chatty  : uid=10591(org.mozilla.fenix.performancetest) expire 107 lines
12-17 22:01:34.030  1456  4829 I ActivityManager: Start proc 20099:org.mozilla.fenix.performancetest:tab/u0a591 for service org.mozilla.fenix.performancetest/org.mozilla.gecko.process.GeckoServiceChildProcess$tab
12-17 22:01:34.033 20060 20105 I chatty  : uid=10591(org.mozilla.fenix.performancetest) expire 10 lines
12-17 22:01:34.034 20099 20099 I chatty  : uid=10591(org.mozilla.fenix.performancetest) expire 2 lines
12-17 22:01:34.183 20060 20124 I chatty  : uid=10591(org.mozilla.fenix.performancetest) expire 9 lines
12-17 22:01:34.206 20099 20125 I chatty  : uid=10591(org.mozilla.fenix.performancetest) expire 26 lines
12-17 22:01:34.316 20060 20134 I chatty  : uid=10591(org.mozilla.fenix.performancetest) expire 3 lines
12-17 22:01:34.322 20060 20065 I chatty  : uid=10591(org.mozilla.fenix.performancetest) expire 11 lines
12-17 22:01:34.390  1456  4250 D ConnectivityService: requestNetwork for uid/pid:10591/20060 NetworkRequest [ TRACK_DEFAULT id=10996, [ Capabilities: INTERNET&NOT_RESTRICTED&TRUSTED&NOT_VPN] ]
12-17 22:01:34.392  1456  2099 D Ethernet: got request NetworkRequest [ TRACK_DEFAULT id=10996, [ Capabilities: INTERNET&NOT_RESTRICTED&TRUSTED&NOT_VPN] ] with score 60
12-17 22:01:34.393  1456  2054 D WIFI_UT : got request NetworkRequest [ TRACK_DEFAULT id=10996, [ Capabilities: INTERNET&NOT_RESTRICTED&TRUSTED&NOT_VPN] ] with score 60
12-17 22:01:34.393  1456  2054 D WIFI    : got request NetworkRequest [ TRACK_DEFAULT id=10996, [ Capabilities: INTERNET&NOT_RESTRICTED&TRUSTED&NOT_VPN] ] with score 60
12-17 22:01:34.394  2398  2398 D PhoneSwitcherNetworkRequstListener: got request NetworkRequest [ TRACK_DEFAULT id=10996, [ Capabilities: INTERNET&NOT_RESTRICTED&TRUSTED&NOT_VPN] ] with score 60
12-17 22:01:34.782  1456  4250 I ActivityManager: START u0 {act=android.intent.action.VIEW dat=about:blank typ=text/html flg=0x10000000 cmp=org.mozilla.fenix.performancetest/org.mozilla.fenix.HomeActivity (has extras)} from uid 10591
12-17 22:01:34.809  1456  4829 I WifiService: getDhcpInfo uid=10591
12-17 22:01:34.873 20060 20176 I chatty  : uid=10591(org.mozilla.fenix.performancetest) expire 5 lines
12-17 22:01:34.992  1456  1673 I LaunchCheckinHandler: Displayed org.mozilla.fenix.performancetest/org.mozilla.fenix.IntentReceiverActivity,cp,ca,1572
12-17 22:01:35.022   808   808 I SFPerfTracer:      triggers: (rate: 48:47440) (compose: 0:5) (post: 0:12) (render: 0:9) (5:1140658 frames) (6:2035360)
12-17 22:01:35.022   808   808 D SFPerfTracer:        layers: (3:15) (NavigationBar#0 (0xb07df000): 0:260008) (StatusBar#0 (0xb07e3000): 0:882697) (com.android.systemui.ImageWallpaper#0 (0xb07e7000): 0:18585)* (Sprite#0 (0xb0733000): 0:317)* (DimLayerController/Stack=0#0 (0xb075a000): 0:3501)* (Sprite#1 (0xb077c000): 0:195)* (com.android.launcher3/com.android.launcher3.CustomizationPanelLauncher#0 (0xb0763000): 0:41)- (com.android.launcher3/com.android.launcher3.CustomizationPanelLauncher#1 (0xb0771000): 0:11)- (Splash Screen org.mozilla.fenix.performancetest#0 (0xb0384000): 0:33)- (org.mozilla.fenix.performancetest/org.mozilla.fenix.IntentReceiverActivity#0 (0xb039b000): 0:6)- (org.mozilla.fenix.performancetest/org.mozilla.fenix.HomeActivity#0 (0xb0296000): 0:39)- (com.android.launcher3/com.android.launcher3.CustomizationPanelLauncher#0 (0xb0763000): 0:35)* (com.android.launcher3/com.android.launcher3.CustomizationPanelLauncher#1 (0xb0771000): 0:7)* (Splash Screen org.mozilla.fenix.performancetest#0 (0xb0384000): 1:22) 
12-17 22:01:35.693 20060 20165 I chatty  : uid=10591(org.mozilla.fenix.performancetest) expire 10 lines
12-17 22:01:35.700 20060 20191 I chatty  : uid=10591(org.mozilla.fenix.performancetest) expire 2 lines
12-17 22:01:35.768 20060 20186 I chatty  : uid=10591(org.mozilla.fenix.performancetest) expire 1 line
12-17 22:01:35.913 20060 20192 I chatty  : uid=10591(org.mozilla.fenix.performancetest) expire 1 line
12-17 22:01:35.936 20060 20204 I chatty  : uid=10591(org.mozilla.fenix.performancetest) expire 4 lines
12-17 22:01:36.349 20060 20080 I chatty  : uid=10591(org.mozilla.fenix.performancetest) expire 1 line
12-17 22:01:36.495  1456  1673 I ActivityManager: Displayed org.mozilla.fenix.performancetest/org.mozilla.fenix.HomeActivity: +1s563ms (total +3s65ms)
12-17 22:01:36.595 20060 20098 I chatty  : uid=10591(org.mozilla.fenix.performancetest) expire 1 line
12-17 22:01:36.672  1456  2067 D ConnectivityService: releasing NetworkRequest [ TRACK_DEFAULT id=10996, [ Capabilities: INTERNET&NOT_RESTRICTED&TRUSTED&NOT_VPN] ] (release request)
12-17 22:01:36.778 19624 19624 I MemoryTrimmer: Trimming objects from memory, since app is in the background.
12-17 22:01:36.787 19624 19624 I MemoryTrimmer: Trimming objects from memory, since app is in the background.
12-17 22:01:36.792 19624   600 I PBSessionCacheImpl: Deleted sessionId[86308841256995415] from persistence.
12-17 22:01:36.799 19624 19715 W SearchServiceCore: Abort, client detached.
12-17 22:01:36.805  1456  4829 I WifiService: getWifiEnabledState uid=10073
12-17 22:01:36.924   808   898 I SFPerfTracer:      triggers: (rate: 0:0) (0 sw vsyncs) (0 skipped) (35:995373 vsyncs) (37:2056276)
12-17 22:01:37.053 20099 20125 I chatty  : uid=10591(org.mozilla.fenix.performancetest) expire 22 lines
12-17 22:01:37.233 20060 20090 I chatty  : uid=10591(org.mozilla.fenix.performancetest) expire 104 lines
12-17 22:01:37.249 20060 20060 I chatty  : uid=10591(org.mozilla.fenix.performancetest) expire 24 lines
12-17 22:01:37.307 20060 20077 I chatty  : uid=10591(org.mozilla.fenix.performancetest) expire 4 lines
12-17 22:01:37.939  2360  2360 D MayaFrameworkProxyService: receive intent :Intent { act=android.intent.action.PACKAGE_CHANGED dat=package:org.mozilla.fenix.performancetest flg=0x45000010 (has extras) }
12-17 22:01:37.941  1456  1600 W ResourceType: No known package when getting value for resource number 0x7f080196
12-17 22:01:37.941  1456  1600 W ResourceType: No known package when getting value for resource number 0x7f1200fd
12-17 22:01:37.941  1456  1600 W ResourceType: No known package when getting value for resource number 0x7f1200fd
12-17 22:01:37.941  1456  1600 W ResourceType: No known package when getting value for resource number 0x7f080194
12-17 22:01:37.941  1456  1600 W ResourceType: No known package when getting value for resource number 0x7f1200fb
12-17 22:01:37.941  1456  1600 W ResourceType: No known package when getting value for resource number 0x7f1200fb
12-17 22:01:37.946  1456  1942 I InputReader: Reconfiguring input devices.  changes=0x00000010
12-17 22:01:37.960  1456  1600 W SearchableInfo: Invalid searchable metadata for com.google.android.gms/.nearby.sharing.ContactSelectActivity: Search label must be a resource reference.
12-17 22:01:38.002  1456  1456 I TelecomService: DefaultDialerCache: Refreshing default dialer for user 0: now com.android.dialer: DDC.oR@aJk
12-17 22:01:38.008  2398  2398 D CarrierSvcBindHelper: No carrier app for: 0
12-17 22:01:38.009  2398  2398 D CarrierSvcBindHelper: No carrier app for: 1
12-17 22:01:38.017  2398  2398 E VvmPkgInstalledRcvr: cannot create TelephonyManager from ComponentInfo{com.android.phone/com.android.services.telephony.TelephonyConnectionService}, [****], UserHandle{0}
12-17 22:01:38.017  2398  2398 D ImsResolver: maybeAddedImsService, packageName: org.mozilla.fenix.performancetest
12-17 22:01:39.128 20283 20283 D AndroidRuntime: >>>>>> START com.android.internal.os.RuntimeInit uid 2000 <<<<<<
12-17 22:01:39.141 20283 20283 W app_process: Could not reserve sentinel fault page
12-17 22:01:39.143 20319 19608 I Icing   : Indexing com.google.android.gms-apps from com.google.android.gms
12-17 22:01:39.238 20319 19608 I Icing   : Indexing done com.google.android.gms-apps
12-17 22:01:39.317 20283 20283 I app_process: The ClassLoaderContext is a special shared library.
12-17 22:01:39.383 20283 20283 D AndroidRuntime: Calling main entry com.android.commands.input.Input
12-17 22:01:39.387 20283 20283 I Input   : injectKeyEvent: KeyEvent { action=ACTION_DOWN, keyCode=KEYCODE_HOME, scanCode=0, metaState=0, flags=0x0, repeatCount=0, eventTime=9085322997, downTime=9085322997, deviceId=-1, source=0x101 }
12-17 22:01:39.394 20283 20283 I Input   : injectKeyEvent: KeyEvent { action=ACTION_UP, keyCode=KEYCODE_HOME, scanCode=0, metaState=0, flags=0x0, repeatCount=0, eventTime=9085322997, downTime=9085322997, deviceId=-1, source=0x101 }
12-17 22:01:39.403  1456  1941 I ActivityManager: START u0 {act=android.intent.action.MAIN cat=[android.intent.category.HOME] flg=0x10200000 cmp=com.android.launcher3/.CustomizationPanelLauncher (has extras)} from uid 1000
12-17 22:01:39.403   794   839 E ANDR-PERF-RESOURCEQS: Failed to apply optimization [4, 0]
12-17 22:01:39.416  1456  1941 I ActivityManager: moveHomeStack, setupComplete:true
12-17 22:01:39.422 19624 19707 I Adreno  : QUALCOMM build                   : bb5b86c, I77d3059488
12-17 22:01:39.422 19624 19707 I Adreno  : Build Date                       : 06/07/18
12-17 22:01:39.422 19624 19707 I Adreno  : OpenGL ES Shader Compiler Version: EV031.22.00.01_06
12-17 22:01:39.422 19624 19707 I Adreno  : Local Branch                     : 
12-17 22:01:39.422 19624 19707 I Adreno  : Remote Branch                    : refs/tags/AU_LINUX_ANDROID_LA.UM.6.5.R1.08.01.00.312.086
12-17 22:01:39.422 19624 19707 I Adreno  : Remote Branch                    : NONE
12-17 22:01:39.422 19624 19707 I Adreno  : Reconstruct Branch               : NOTHING
12-17 22:01:39.427 20283 20283 D AndroidRuntime: Shutting down VM
12-17 22:01:39.429 19624 19707 D vndksupport: Loading /vendor/lib/hw/gralloc.msm8937.so from current namespace instead of sphal namespace.
12-17 22:01:39.433 19624 19707 I Adreno  : PFP: 0x005ff087, ME: 0x005ff063
12-17 22:01:39.438 19624 19707 I zygote  : android::hardware::configstore::V1_0::ISurfaceFlingerConfigs::hasWideColorDisplay retrieved: 0
12-17 22:01:39.439 19624 19707 I OpenGLRenderer: Initialized EGL, version 1.4
12-17 22:01:39.439 19624 19707 D OpenGLRenderer: Swap behavior 2
12-17 22:01:39.442  2748  2748 D Launcher.Utilities: Wakeup weather: Intent { act=com.motorola.launcher3.action.WAKEUP_WEATHER cmp=com.motorola.timeweatherwidget/com.motorola.commandcenter.weather.WakeUpService }
12-17 22:01:39.455  1456  1456 I NotificationService: Cannot find enqueued record for key: 0|com.motorola.timeweatherwidget|1|null|10116
12-17 22:01:39.469   808   808 D SurfaceFlinger: duplicate layer name: changing com.android.launcher3/com.android.launcher3.CustomizationPanelLauncher to com.android.launcher3/com.android.launcher3.CustomizationPanelLauncher#1
12-17 22:01:39.476 19624   605 W ThreadPoolDumper: Queue length for executor EventBus is now 11. Perhaps some tasks are too long, or the pool is too small.
12-17 22:01:39.478  1456  4829 I WifiService: getWifiEnabledState uid=10073
12-17 22:01:39.490  1456  4829 I WifiService: getWifiEnabledState uid=10073
12-17 22:01:39.524 19624 19715 I MicroDetectionState: Should stop hotword detection immediately - false
12-17 22:01:39.529 19624 19715 I MicroDetectionWorker: #startMicroDetector [speakerMode: 0]
12-17 22:01:39.531 19624 19715 I AudioController: Created new AudioSource
12-17 22:01:39.534  1456  1673 I LaunchCheckinHandler: Displayed com.android.launcher3/.CustomizationPanelLauncher,wp,wa,131
12-17 22:01:39.535 19624 19715 I MicroDetectionWorker: onReady
12-17 22:01:39.535 19624   584 I MicroDataManager: isInitializedWithLatestParams-true
12-17 22:01:39.536 19624   584 I MicroDataManager: isInitializing-false locale not changed-true model not changed-true
12-17 22:01:39.536 19624   584 I MicroDataManager: Already initialized, obtaining the hotword data immediately.
12-17 22:01:39.543 19624 27444 I MicroRecognitionRunner: Starting detection.
12-17 22:01:39.544 19624 27444 I InputStreamUtils: Using micInputStream
12-17 22:01:39.544 19624   600 I MicrophoneInputStream: mic_starting  SR : 16000 CC : 16 SO : 1999
12-17 22:01:39.548   788  1401 V msm8974_platform: platform_check_input_mask: enter check_input_mask source 6 mask 10
12-17 22:01:39.552  1012 20300 I AudioFlinger: AudioFlinger's thread 0xb2483100 tid=20300 ready to run
12-17 22:01:39.559   788  1401 D audio_hw_primary: in_set_parameters: enter: kvpairs=input_source=6;routing=-2147483644
12-17 22:01:39.560  1012  1302 D APM_AudioPolicyManager: AudioPolicyManager::startInput() input 33334, session 33369, source = 1999
12-17 22:01:39.562   788 20301 V msm8974_platform: platform_update_usecase_from_source: input source :6
12-17 22:01:39.562   788 20301 V msm8974_platform: platform_check_input_mask: enter check_input_mask source 6 mask 10
12-17 22:01:39.562   788 20301 V msm8974_platform: platform_get_input_snd_device: enter: out_device(0) in_device(0x4) channel_count (1) channel_mask (0x10)
12-17 22:01:39.562   788 20301 V msm8974_platform: platform_get_input_snd_device: exit: in_snd_device(voice-rec-mic)
12-17 22:01:39.562   788 20301 V msm8974_platform: platform_get_backend_index:napb: backend port - 5 device - 120 
12-17 22:01:39.562   788 20301 V msm8974_platform: platform_check_and_set_capture_backend_cfg:txbecf: afe: bitwidth 0, samplerate 0, channel 1, backend_idx 5 usecase = 9 device (voice-rec-mic)
12-17 22:01:39.562   788 20301 V msm8974_platform: platform_check_capture_backend_cfg:txbecf: afe: Codec selected backend: 5 current bit width: 0 and sample rate: 0, channels 1
12-17 22:01:39.562   788 20301 V msm8974_platform: platform_check_capture_backend_cfg:txbecf: afe: Codec selected backend: 5 updated bit width: 0 and sample rate: 0
12-17 22:01:39.562   788 20301 I msm8974_platform: platform_check_capture_backend_cfg:txbecf: afe: Codec backend needs to be updated. new bit width: 0 new sample rate: 0 new channel: 1
12-17 22:01:39.562   788 20301 V msm8974_platform: platform_get_backend_index:napb: backend port - 5 device - 120 
12-17 22:01:39.562   788 20301 V msm8974_platform: platform_set_backend_cfg:becf: afe: bitwidth 0, samplerate 0 channels 1, backend_idx 5 device (voice-rec-mic)
12-17 22:01:39.563   788 20301 E msm8974_platform: platform_set_backend_cfg:becf: afe: Could not get ctl for mixer command - SLIM_0_TX Format
12-17 22:01:39.563   788 20301 V msm8974_platform: platform_send_audio_calibration: sending audio calibration for snd_device(120) acdb_id(62)
12-17 22:01:39.563   788 20301 D ACDB-LOADER: ACDB -> send_audio_cal, acdb_id = 62, path = 1, app id = 0x11130, sample rate = 48000
12-17 22:01:39.563   788 20301 D ACDB-LOADER: ACDB -> send_asm_topology
12-17 22:01:39.563   788 20301 D ACDB-LOADER: ACDB -> ACDB_CMD_GET_AUDPROC_STREAM_TOPOLOGY_ID
12-17 22:01:39.563   788 20301 D ACDB-LOADER: ACDB -> send_adm_topology
12-17 22:01:39.563   788 20301 D ACDB-LOADER: ACDB -> ACDB_CMD_GET_AUDPROC_COMMON_TOPOLOGY_ID
12-17 22:01:39.563   788 20301 D ACDB-LOADER: ACDB -> send_audtable
12-17 22:01:39.563   788 20301 D ACDB-LOADER: ACDB -> ACDB_CMD_GET_AUDPROC_COMMON_TABLE_SIZE
12-17 22:01:39.563   788 20301 D ACDB-LOADER: ACDB -> ACDB_CMD_GET_AUDPROC_COMMON_TABLE
12-17 22:01:39.563   788 20301 D ACDB-LOADER: ACDB -> AUDIO_SET_AUDPROC_CAL
12-17 22:01:39.563   788 20301 D ACDB-LOADER: ACDB -> send_audvoltable
12-17 22:01:39.563   788 20301 D ACDB-LOADER: ACDB -> ACDB_CMD_GET_AUDPROC_VOL_STEP_TABLE_SIZE
12-17 22:01:39.563   788 20301 D ACDB-LOADER: ACDB -> ACDB_CMD_GET_AUDPROC_GAIN_DEP_STEP_TABLE, vol index 0
12-17 22:01:39.563   788 20301 D         : Failed to fetch the lookup information of the device 0000003E 
12-17 22:01:39.563   788 20301 D ACDB-LOADER: ACDB -> AUDIO_SET_VOL_CAL cal type = 12
12-17 22:01:39.563   788 20301 D ACDB-LOADER: ACDB -> ACDB_CMD_GET_AUDPROC_STREAM_TABLE_SIZE
12-17 22:01:39.563   788 20301 D ACDB-LOADER: ACDB -> send_audstrmtable
12-17 22:01:39.563   788 20301 D ACDB-LOADER: ACDB -> ACDB_CMD_GET_AUDPROC_STREAM_TABLE_V2
12-17 22:01:39.563   788 20301 D ACDB-LOADER: ACDB -> audstrm_cal->cal_type.cal_data.cal_size = 456
12-17 22:01:39.563   788 20301 D ACDB-LOADER: ACDB -> send_afe_topology
12-17 22:01:39.563   788 20301 D ACDB-LOADER: ACDB -> ACDB_CMD_GET_AFE_TOPOLOGY_ID
12-17 22:01:39.563   788 20301 D ACDB-LOADER: ACDB -> GET_AFE_TOPOLOGY_ID for adcd_id 62, Topology Id 112fb
12-17 22:01:39.563   788 20301 D ACDB-LOADER: ACDB -> send_afe_cal
12-17 22:01:39.563   788 20301 D ACDB-LOADER: ACDB -> ACDB_CMD_GET_AFE_COMMON_TABLE_SIZE
12-17 22:01:39.563   788 20301 D         : Failed to fetch the lookup information of the device 0000003E 
12-17 22:01:39.563   788 20301 E ACDB-LOADER: Error: ACDB_CMD_GET_AFE_COMMON_TABLE_SIZE Returned = -19
12-17 22:01:39.563   788 20301 D ACDB-LOADER: ACDB -> ACDB_CMD_GET_AFE_COMMON_TABLE
12-17 22:01:39.563   788 20301 D         : Failed to fetch the lookup information of the device 0000003E 
12-17 22:01:39.563   788 20301 D ACDB-LOADER: ACDB -> AUDIO_SET_AFE_CAL
12-17 22:01:39.563   788 20301 D ACDB-LOADER: ACDB -> send_hw_delay : acdb_id = 62 path = 1
12-17 22:01:39.563   788 20301 D ACDB-LOADER: ACDB -> ACDB_AVSYNC_INFO: ACDB_CMD_GET_DEVICE_PROPERTY
12-17 22:01:39.563   788 20301 D audio_hw_primary: enable_snd_device: snd_device(120: voice-rec-mic)
12-17 22:01:39.564   788 20301 D audio_route: Apply path: voice-rec-mic
12-17 22:01:39.565 19624   600 I MicrophoneInputStream: mic_started  SR : 16000 CC : 16 SO : 1999
12-17 22:01:39.570   788 20301 V msm8974_platform: platform_get_snd_device_backend_index: enter with device 120
12-17 22:01:39.570   788 20301 E msm8974_platform: platform_get_snd_device_backend_index: BE DAI Name Table is not present
12-17 22:01:39.570   788 20301 V msm8974_platform: platform_get_backend_index:napb: backend port - 5 device - 120 
12-17 22:01:39.570   788 20301 I audio_hw_utils: Set Audio Stream Capture 0 App Type Cfg: app_type 69936, acdb_dev_id 62, sample_rate 48000, snd_device_be_idx -14
12-17 22:01:39.571   788 20301 D audio_hw_primary: enable_audio_route: usecase(9) apply and update mixer path: audio-record
12-17 22:01:39.571   788 20301 D audio_route: Apply path: audio-record
12-17 22:01:39.641 19624 19715 I MicroDetectionWorker: onReady
12-17 22:01:39.664  2146  2165 I zygote  : NativeAlloc concurrent copying GC freed 18956(1074KB) AllocSpace objects, 0(0B) LOS objects, 49% free, 7MB/14MB, paused 134us total 103.054ms
12-17 22:01:39.873  1456  1466 I zygote  : Background concurrent copying GC freed 64057(3MB) AllocSpace objects, 43(1692KB) LOS objects, 42% free, 29MB/52MB, paused 263us total 314.802ms
12-17 22:01:39.953  1456  7796 I OpenGLRenderer: Initialized EGL, version 1.4
12-17 22:01:39.953  1456  7796 D OpenGLRenderer: Swap behavior 2
12-17 22:01:40.000  2748  2917 W OpenGLRenderer: Incorrectly called buildLayer on View: ShortcutAndWidgetContainer, destroying layer...
12-17 22:01:40.125 20060 20134 I chatty  : uid=10591(org.mozilla.fenix.performancetest) expire 6 lines
12-17 22:01:40.204  1456  5907 D ConnectivityService: requestNetwork for uid/pid:10591/20060 NetworkRequest [ TRACK_DEFAULT id=10997, [ Capabilities: INTERNET&NOT_RESTRICTED&TRUSTED&NOT_VPN] ]
12-17 22:01:40.205  1456  2054 D WIFI_UT : got request NetworkRequest [ TRACK_DEFAULT id=10997, [ Capabilities: INTERNET&NOT_RESTRICTED&TRUSTED&NOT_VPN] ] with score 60
12-17 22:01:40.205  1456  2099 D Ethernet: got request NetworkRequest [ TRACK_DEFAULT id=10997, [ Capabilities: INTERNET&NOT_RESTRICTED&TRUSTED&NOT_VPN] ] with score 60
12-17 22:01:40.205  1456  2054 D WIFI    : got request NetworkRequest [ TRACK_DEFAULT id=10997, [ Capabilities: INTERNET&NOT_RESTRICTED&TRUSTED&NOT_VPN] ] with score 60
12-17 22:01:40.206  2398  2398 D PhoneSwitcherNetworkRequstListener: got request NetworkRequest [ TRACK_DEFAULT id=10997, [ Capabilities: INTERNET&NOT_RESTRICTED&TRUSTED&NOT_VPN] ] with score 60
12-17 22:01:40.237 20060 20303 I chatty  : uid=10591(org.mozilla.fenix.performancetest) expire 9 lines
12-17 22:01:40.603   808   808 I SFPerfTracer:      triggers: (rate: 48:47443) (compose: 0:5) (post: 0:12) (render: 0:9) (0:1140730 frames) (1:2035460)
12-17 22:01:40.603   808   808 D SFPerfTracer:        layers: (4:13) (NavigationBar#0 (0xb07df000): 0:260019) (StatusBar#0 (0xb07e3000): 0:882709) (com.android.systemui.ImageWallpaper#0 (0xb07e7000): 0:18586) (Sprite#0 (0xb0733000): 0:317)* (DimLayerController/Stack=0#0 (0xb075a000): 0:3501)* (Sprite#1 (0xb077c000): 0:195)* (com.android.launcher3/com.android.launcher3.CustomizationPanelLauncher#0 (0xb0763000): 0:35)- (com.android.launcher3/com.android.launcher3.CustomizationPanelLauncher#1 (0xb0771000): 0:7)- (Splash Screen org.mozilla.fenix.performancetest#0 (0xb0384000): 0:34)- (org.mozilla.fenix.performancetest/org.mozilla.fenix.IntentReceiverActivity#0 (0xb039b000): 0:6)- (org.mozilla.fenix.performancetest/org.mozilla.fenix.HomeActivity#0 (0xb0293000): 0:55)- (com.android.launcher3/com.android.launcher3.CustomizationPanelLauncher#0 (0xb0763000): 0:37)* (com.android.launcher3/com.android.launcher3.CustomizationPanelLauncher#1 (0xb0771000): 0:6) 
12-17 22:01:41.241 20060 20080 I chatty  : uid=10591(org.mozilla.fenix.performancetest) expire 1 line
12-17 22:01:41.250  1456  2067 D ConnectivityService: releasing NetworkRequest [ TRACK_DEFAULT id=10997, [ Capabilities: INTERNET&NOT_RESTRICTED&TRUSTED&NOT_VPN] ] (release request)
12-17 22:01:44.579  1456  4829 I ActivityManager: Force stopping org.mozilla.fenix.performancetest appid=10591 user=0: from pid 20308
12-17 22:01:44.580  1456  4829 I ActivityManager: Killing 20060:org.mozilla.fenix.performancetest/u0a591 (adj 700): stop org.mozilla.fenix.performancetest
12-17 22:01:44.582  1456  1605 W zygote  : kill(-20060, 9) failed: No such process
12-17 22:01:44.583  1456  4829 W ActivityManager: Force removing ActivityRecord{f0c558f u0 org.mozilla.fenix.performancetest/org.mozilla.fenix.HomeActivity t10356}: app died, no saved state
12-17 22:01:44.584 20099 20099 I chatty  : uid=10591(org.mozilla.fenix.performancetest) expire 1 line
12-17 22:01:44.591  1456  4829 I ActivityManager: Killing 20099:org.mozilla.fenix.performancetest:tab/u0a591 (adj 0): stop org.mozilla.fenix.performancetest
12-17 22:01:44.595  1456  1605 W zygote  : kill(-20060, 9) failed: No such process
12-17 22:01:44.604  2398  2398 D CarrierSvcBindHelper: No carrier app for: 0
12-17 22:01:44.605  2398  2398 D CarrierSvcBindHelper: No carrier app for: 1
12-17 22:01:44.608  1456  1605 W zygote  : kill(-20060, 9) failed: No such process
12-17 22:01:44.667  1456  1605 I chatty  : uid=1000(system) ActivityManager identical 4 lines
12-17 22:01:44.672  1456  1673 W ActivityManager: setHasOverlayUi called on unknown pid: 20060
12-17 22:01:44.681  1456  1605 W zygote  : kill(-20060, 9) failed: No such process
12-17 22:01:44.681  1456  1605 I zygote  : Successfully killed process cgroup uid 10591 pid 20060 in 99ms
12-17 22:01:44.682  1456  1605 W zygote  : kill(-20099, 9) failed: No such process
12-17 22:01:44.682  1456  1605 I zygote  : Successfully killed process cgroup uid 10591 pid 20099 in 0ms
12-17 22:01:44.705  1456  3925 I ActivityManager: START u0 {act=android.intent.action.VIEW dat=about:blank typ=text/html flg=0x10000000 cmp=org.mozilla.fenix.performancetest/org.mozilla.fenix.IntentReceiverActivity} from uid 2000
12-17 22:01:44.706   794   839 E ANDR-PERF-RESOURCEQS: Failed to apply optimization [4, 0]
12-17 22:01:44.726  1456  7570 I ActivityManager: Start proc 20316:org.mozilla.fenix.performancetest/u0a591 for activity org.mozilla.fenix.performancetest/org.mozilla.fenix.IntentReceiverActivity
12-17 22:01:44.732 20316 20316 I chatty  : uid=10591(org.mozilla.fenix.performancetest) expire 57 lines
12-17 22:01:44.829 19624 19715 I MicroDetectionState: Should stop hotword detection immediately - false
12-17 22:01:44.830 19624 19715 I MicroDetector: Keeping mic open: false
12-17 22:01:44.830 19624 19715 I RecognitionAudioControl: #shutdownAudio [requestId: 7265445329750497755, keepAudioOpen: false, forced: true]
12-17 22:01:44.830 19624 19715 I RecognitionAudioControl: #internalShutdownAudio [requestId: 7265445329750497755]
12-17 22:01:44.831 19624   598 E DeviceStateChecker: DeviceStateChecker cancelled
12-17 22:01:44.831 19624 19715 I RecognitionAudioControl: #internalShutdownAudio [keepAudioOpen: false, forced: true]
12-17 22:01:44.831 19624 19715 I RecognitionAudioControl: #actualShutdownAudio
12-17 22:01:44.831 19624 19715 I AudioController: #shutdown [requestId=7265445329750497755]
12-17 22:01:44.832 19624   584 I AudioController: internalShutdown
12-17 22:01:44.834 19624   411 I MicroRecognitionRunner: Stopping hotword detection.
12-17 22:01:44.883   788  1401 D audio_hw_primary: disable_audio_route: usecase(9) reset and update mixer path: audio-record
12-17 22:01:44.884   788  1401 D audio_hw_primary: disable_snd_device: snd_device(120: voice-rec-mic)
12-17 22:01:44.886  1012  1301 D APM_AudioPolicyManager: stopInput() input 33334, session 33369
12-17 22:01:44.887   788  1401 D audio_hw_primary: in_set_parameters: enter: kvpairs=routing=0
12-17 22:01:44.889 19624   584 I MicrophoneInputStream: mic_close  SR : 16000 CC : 16 SO : 1999
12-17 22:01:44.889 19624   584 E AudioSource: Stop listening is called on already closed AudioSource
12-17 22:01:44.891 19624 27444 I MicroRecognitionRunner: Detection finished
12-17 22:01:44.977 20316 20355 I chatty  : uid=10591(org.mozilla.fenix.performancetest) expire 13 lines
12-17 22:01:45.202 20316 20376 I chatty  : uid=10591(org.mozilla.fenix.performancetest) expire 26 lines
12-17 22:01:45.338 20316 20383 I chatty  : uid=10591(org.mozilla.fenix.performancetest) expire 9 lines
12-17 22:01:45.342  1456  2920 I ActivityManager: Start proc 20385:org.mozilla.fenix.performancetest:tab/u0a591 for service org.mozilla.fenix.performancetest/org.mozilla.gecko.process.GeckoServiceChildProcess$tab
12-17 22:01:45.348 20385 20385 I chatty  : uid=10591(org.mozilla.fenix.performancetest) expire 2 lines
12-17 22:01:45.485 20316 20424 I chatty  : uid=10591(org.mozilla.fenix.performancetest) expire 9 lines
12-17 22:01:45.520 20385 20425 I chatty  : uid=10591(org.mozilla.fenix.performancetest) expire 1 line
12-17 22:01:45.621 20316 20322 I chatty  : uid=10591(org.mozilla.fenix.performancetest) expire 11 lines
12-17 22:01:46.072  1456  4797 I ActivityManager: START u0 {act=android.intent.action.VIEW dat=about:blank typ=text/html flg=0x10000000 cmp=org.mozilla.fenix.performancetest/org.mozilla.fenix.HomeActivity (has extras)} from uid 10591
12-17 22:01:46.092  1456  2920 I WifiService: getDhcpInfo uid=10591
12-17 22:01:46.228  1456  1673 I LaunchCheckinHandler: Displayed org.mozilla.fenix.performancetest/org.mozilla.fenix.IntentReceiverActivity,cp,ca,1515
12-17 22:01:46.636 20316 20376 I chatty  : uid=10591(org.mozilla.fenix.performancetest) expire 181 lines
12-17 22:01:46.943 20316 20458 I chatty  : uid=10591(org.mozilla.fenix.performancetest) expire 10 lines
12-17 22:01:47.109 20316 20497 I chatty  : uid=10591(org.mozilla.fenix.performancetest) expire 2 lines
12-17 22:01:47.135 20316 20483 I chatty  : uid=10591(org.mozilla.fenix.performancetest) expire 1 line
12-17 22:01:47.137 20316 20383 I chatty  : uid=10591(org.mozilla.fenix.performancetest) expire 1 line
12-17 22:01:47.164 20316 20316 I chatty  : uid=10591(org.mozilla.fenix.performancetest) expire 34 lines
12-17 22:01:47.164 20316 20484 I chatty  : uid=10591(org.mozilla.fenix.performancetest) expire 1 line
12-17 22:01:47.169 20316 20505 I chatty  : uid=10591(org.mozilla.fenix.performancetest) expire 4 lines
12-17 22:01:47.475 20385 20425 I chatty  : uid=10591(org.mozilla.fenix.performancetest) expire 47 lines
12-17 22:01:47.527  1456  1673 I ActivityManager: Displayed org.mozilla.fenix.performancetest/org.mozilla.fenix.HomeActivity: +1s331ms (total +2s802ms)
12-17 22:01:47.771 19624 19624 I MemoryTrimmer: Trimming objects from memory, since app is in the background.
12-17 22:01:47.779 19624 19624 I MemoryTrimmer: Trimming objects from memory, since app is in the background.
12-17 22:01:47.784 19624   600 I PBSessionCacheImpl: Deleted sessionId[86308841256995418] from persistence.
12-17 22:01:47.799  1456  2402 I WifiService: getWifiEnabledState uid=10073
12-17 22:01:47.808 19624 19715 W SearchServiceCore: Abort, client detached.
12-17 22:01:47.868   808   898 I SFPerfTracer:      triggers: (rate: 0:0) (0 sw vsyncs) (0 skipped) (20:995460 vsyncs) (22:2056398)
12-17 22:01:47.869 20316 20366 I chatty  : uid=10591(org.mozilla.fenix.performancetest) expire 2 lines
12-17 22:01:48.558 20316 20355 I chatty  : uid=10591(org.mozilla.fenix.performancetest) expire 4 lines
12-17 22:01:50.363 20580 20580 D AndroidRuntime: >>>>>> START com.android.internal.os.RuntimeInit uid 2000 <<<<<<
12-17 22:01:50.376 20580 20580 W app_process: Could not reserve sentinel fault page
12-17 22:01:50.541 20580 20580 I app_process: The ClassLoaderContext is a special shared library.
12-17 22:01:50.612 20580 20580 D AndroidRuntime: Calling main entry com.android.commands.input.Input
12-17 22:01:50.613 20580 20580 I Input   : injectKeyEvent: KeyEvent { action=ACTION_DOWN, keyCode=KEYCODE_HOME, scanCode=0, metaState=0, flags=0x0, repeatCount=0, eventTime=9085334226, downTime=9085334226, deviceId=-1, source=0x101 }
12-17 22:01:50.624 20580 20580 I Input   : injectKeyEvent: KeyEvent { action=ACTION_UP, keyCode=KEYCODE_HOME, scanCode=0, metaState=0, flags=0x0, repeatCount=0, eventTime=9085334226, downTime=9085334226, deviceId=-1, source=0x101 }
12-17 22:01:50.630  1456  1941 I ActivityManager: START u0 {act=android.intent.action.MAIN cat=[android.intent.category.HOME] flg=0x10200000 cmp=com.android.launcher3/.CustomizationPanelLauncher (has extras)} from uid 1000
12-17 22:01:50.631   794   839 E ANDR-PERF-RESOURCEQS: Failed to apply optimization [4, 0]
12-17 22:01:50.643  1456  1941 I ActivityManager: moveHomeStack, setupComplete:true
12-17 22:01:50.650 19624 19707 I Adreno  : QUALCOMM build                   : bb5b86c, I77d3059488
12-17 22:01:50.650 19624 19707 I Adreno  : Build Date                       : 06/07/18
12-17 22:01:50.650 19624 19707 I Adreno  : OpenGL ES Shader Compiler Version: EV031.22.00.01_06
12-17 22:01:50.650 19624 19707 I Adreno  : Local Branch                     : 
12-17 22:01:50.650 19624 19707 I Adreno  : Remote Branch                    : refs/tags/AU_LINUX_ANDROID_LA.UM.6.5.R1.08.01.00.312.086
12-17 22:01:50.650 19624 19707 I Adreno  : Remote Branch                    : NONE
12-17 22:01:50.650 19624 19707 I Adreno  : Reconstruct Branch               : NOTHING
12-17 22:01:50.653 19624 19707 D vndksupport: Loading /vendor/lib/hw/gralloc.msm8937.so from current namespace instead of sphal namespace.
12-17 22:01:50.653 20580 20580 D AndroidRuntime: Shutting down VM
12-17 22:01:50.656 19624 19707 I Adreno  : PFP: 0x005ff087, ME: 0x005ff063
12-17 22:01:50.659 19624 19707 I zygote  : android::hardware::configstore::V1_0::ISurfaceFlingerConfigs::hasWideColorDisplay retrieved: 0
12-17 22:01:50.661 19624 19707 I OpenGLRenderer: Initialized EGL, version 1.4
12-17 22:01:50.661 19624 19707 D OpenGLRenderer: Swap behavior 2
12-17 22:01:50.665  2748  2748 D Launcher.Utilities: Wakeup weather: Intent { act=com.motorola.launcher3.action.WAKEUP_WEATHER cmp=com.motorola.timeweatherwidget/com.motorola.commandcenter.weather.WakeUpService }
12-17 22:01:50.679  1456  1456 I NotificationService: Cannot find enqueued record for key: 0|com.motorola.timeweatherwidget|1|null|10116
12-17 22:01:50.685   808   808 D SurfaceFlinger: duplicate layer name: changing com.android.launcher3/com.android.launcher3.CustomizationPanelLauncher to com.android.launcher3/com.android.launcher3.CustomizationPanelLauncher#1
12-17 22:01:50.700 19624   598 W ThreadPoolDumper: Queue length for executor EventBus is now 11. Perhaps some tasks are too long, or the pool is too small.
12-17 22:01:50.701  1456  4797 I WifiService: getWifiEnabledState uid=10073
12-17 22:01:50.710  1456  2402 I WifiService: getWifiEnabledState uid=10073
12-17 22:01:50.738 19624 19715 I MicroDetectionState: Should stop hotword detection immediately - false
12-17 22:01:50.742 19624 19715 I MicroDetectionWorker: #startMicroDetector [speakerMode: 0]
12-17 22:01:50.744 19624 19715 I AudioController: Created new AudioSource
12-17 22:01:50.770  1456  1673 I LaunchCheckinHandler: Displayed com.android.launcher3/.CustomizationPanelLauncher,wp,wa,139
12-17 22:01:50.770 19624 19715 I MicroDetectionWorker: onReady
12-17 22:01:50.771 19624 20553 I MicroDataManager: isInitializedWithLatestParams-true
12-17 22:01:50.771 19624 20553 I MicroDataManager: isInitializing-false locale not changed-true model not changed-true
12-17 22:01:50.771 19624 20553 I MicroDataManager: Already initialized, obtaining the hotword data immediately.
12-17 22:01:50.775 19624   605 I MicroRecognitionRunner: Starting detection.
12-17 22:01:50.778 19624   605 I InputStreamUtils: Using micInputStream
12-17 22:01:50.780 19624   600 I MicrophoneInputStream: mic_starting  SR : 16000 CC : 16 SO : 1999
12-17 22:01:50.784   788  1401 V msm8974_platform: platform_check_input_mask: enter check_input_mask source 6 mask 10
12-17 22:01:50.786  1012 20595 I AudioFlinger: AudioFlinger's thread 0xb2483a40 tid=20595 ready to run
12-17 22:01:50.790   788  1401 D audio_hw_primary: in_set_parameters: enter: kvpairs=input_source=6;routing=-2147483644
12-17 22:01:50.791  1012  1301 D APM_AudioPolicyManager: AudioPolicyManager::startInput() input 33342, session 33377, source = 1999
12-17 22:01:50.792 19624   600 I MicrophoneInputStream: mic_started  SR : 16000 CC : 16 SO : 1999
12-17 22:01:50.795   788 20596 V msm8974_platform: platform_update_usecase_from_source: input source :6
12-17 22:01:50.795   788 20596 V msm8974_platform: platform_check_input_mask: enter check_input_mask source 6 mask 10
12-17 22:01:50.795   788 20596 V msm8974_platform: platform_get_input_snd_device: enter: out_device(0) in_device(0x4) channel_count (1) channel_mask (0x10)
12-17 22:01:50.795   788 20596 V msm8974_platform: platform_get_input_snd_device: exit: in_snd_device(voice-rec-mic)
12-17 22:01:50.795   788 20596 V msm8974_platform: platform_get_backend_index:napb: backend port - 5 device - 120 
12-17 22:01:50.795   788 20596 V msm8974_platform: platform_check_and_set_capture_backend_cfg:txbecf: afe: bitwidth 0, samplerate 0, channel 1, backend_idx 5 usecase = 9 device (voice-rec-mic)
12-17 22:01:50.795   788 20596 V msm8974_platform: platform_check_capture_backend_cfg:txbecf: afe: Codec selected backend: 5 current bit width: 0 and sample rate: 0, channels 1
12-17 22:01:50.795   788 20596 V msm8974_platform: platform_check_capture_backend_cfg:txbecf: afe: Codec selected backend: 5 updated bit width: 0 and sample rate: 0
12-17 22:01:50.795   788 20596 I msm8974_platform: platform_check_capture_backend_cfg:txbecf: afe: Codec backend needs to be updated. new bit width: 0 new sample rate: 0 new channel: 1
12-17 22:01:50.795   788 20596 V msm8974_platform: platform_get_backend_index:napb: backend port - 5 device - 120 
12-17 22:01:50.795   788 20596 V msm8974_platform: platform_set_backend_cfg:becf: afe: bitwidth 0, samplerate 0 channels 1, backend_idx 5 device (voice-rec-mic)
12-17 22:01:50.795   788 20596 E msm8974_platform: platform_set_backend_cfg:becf: afe: Could not get ctl for mixer command - SLIM_0_TX Format
12-17 22:01:50.795   788 20596 V msm8974_platform: platform_send_audio_calibration: sending audio calibration for snd_device(120) acdb_id(62)
12-17 22:01:50.796   788 20596 D ACDB-LOADER: ACDB -> send_audio_cal, acdb_id = 62, path = 1, app id = 0x11130, sample rate = 48000
12-17 22:01:50.796   788 20596 D ACDB-LOADER: ACDB -> send_asm_topology
12-17 22:01:50.796   788 20596 D ACDB-LOADER: ACDB -> ACDB_CMD_GET_AUDPROC_STREAM_TOPOLOGY_ID
12-17 22:01:50.796   788 20596 D ACDB-LOADER: ACDB -> send_adm_topology
12-17 22:01:50.796   788 20596 D ACDB-LOADER: ACDB -> ACDB_CMD_GET_AUDPROC_COMMON_TOPOLOGY_ID
12-17 22:01:50.796   788 20596 D ACDB-LOADER: ACDB -> send_audtable
12-17 22:01:50.796   788 20596 D ACDB-LOADER: ACDB -> ACDB_CMD_GET_AUDPROC_COMMON_TABLE_SIZE
12-17 22:01:50.796   788 20596 D ACDB-LOADER: ACDB -> ACDB_CMD_GET_AUDPROC_COMMON_TABLE
12-17 22:01:50.796   788 20596 D ACDB-LOADER: ACDB -> AUDIO_SET_AUDPROC_CAL
12-17 22:01:50.796   788 20596 D ACDB-LOADER: ACDB -> send_audvoltable
12-17 22:01:50.796   788 20596 D ACDB-LOADER: ACDB -> ACDB_CMD_GET_AUDPROC_VOL_STEP_TABLE_SIZE
12-17 22:01:50.796   788 20596 D ACDB-LOADER: ACDB -> ACDB_CMD_GET_AUDPROC_GAIN_DEP_STEP_TABLE, vol index 0
12-17 22:01:50.796   788 20596 D         : Failed to fetch the lookup information of the device 0000003E 
12-17 22:01:50.796   788 20596 D ACDB-LOADER: ACDB -> AUDIO_SET_VOL_CAL cal type = 12
12-17 22:01:50.796   788 20596 D ACDB-LOADER: ACDB -> ACDB_CMD_GET_AUDPROC_STREAM_TABLE_SIZE
12-17 22:01:50.796   788 20596 D ACDB-LOADER: ACDB -> send_audstrmtable
12-17 22:01:50.796   788 20596 D ACDB-LOADER: ACDB -> ACDB_CMD_GET_AUDPROC_STREAM_TABLE_V2
12-17 22:01:50.796   788 20596 D ACDB-LOADER: ACDB -> audstrm_cal->cal_type.cal_data.cal_size = 456
12-17 22:01:50.796   788 20596 D ACDB-LOADER: ACDB -> send_afe_topology
12-17 22:01:50.796   788 20596 D ACDB-LOADER: ACDB -> ACDB_CMD_GET_AFE_TOPOLOGY_ID
12-17 22:01:50.796   788 20596 D ACDB-LOADER: ACDB -> GET_AFE_TOPOLOGY_ID for adcd_id 62, Topology Id 112fb
12-17 22:01:50.796   788 20596 D ACDB-LOADER: ACDB -> send_afe_cal
12-17 22:01:50.796   788 20596 D ACDB-LOADER: ACDB -> ACDB_CMD_GET_AFE_COMMON_TABLE_SIZE
12-17 22:01:50.796   788 20596 D         : Failed to fetch the lookup information of the device 0000003E 
12-17 22:01:50.796   788 20596 E ACDB-LOADER: Error: ACDB_CMD_GET_AFE_COMMON_TABLE_SIZE Returned = -19
12-17 22:01:50.796   788 20596 D ACDB-LOADER: ACDB -> ACDB_CMD_GET_AFE_COMMON_TABLE
12-17 22:01:50.796   788 20596 D         : Failed to fetch the lookup information of the device 0000003E 
12-17 22:01:50.796   788 20596 D ACDB-LOADER: ACDB -> AUDIO_SET_AFE_CAL
12-17 22:01:50.796   788 20596 D ACDB-LOADER: ACDB -> send_hw_delay : acdb_id = 62 path = 1
12-17 22:01:50.796   788 20596 D ACDB-LOADER: ACDB -> ACDB_AVSYNC_INFO: ACDB_CMD_GET_DEVICE_PROPERTY
12-17 22:01:50.796   788 20596 D audio_hw_primary: enable_snd_device: snd_device(120: voice-rec-mic)
12-17 22:01:50.796   788 20596 D audio_route: Apply path: voice-rec-mic
12-17 22:01:50.799   788 20596 V msm8974_platform: platform_get_snd_device_backend_index: enter with device 120
12-17 22:01:50.800   788 20596 E msm8974_platform: platform_get_snd_device_backend_index: BE DAI Name Table is not present
12-17 22:01:50.800   788 20596 V msm8974_platform: platform_get_backend_index:napb: backend port - 5 device - 120 
12-17 22:01:50.800   788 20596 I audio_hw_utils: Set Audio Stream Capture 0 App Type Cfg: app_type 69936, acdb_dev_id 62, sample_rate 48000, snd_device_be_idx -14
12-17 22:01:50.800   788 20596 D audio_hw_primary: enable_audio_route: usecase(9) apply and update mixer path: audio-record
12-17 22:01:50.800   788 20596 D audio_route: Apply path: audio-record
12-17 22:01:50.869 19624 19715 I MicroDetectionWorker: onReady
12-17 22:01:51.181  1456  7796 I OpenGLRenderer: Initialized EGL, version 1.4
12-17 22:01:51.182  1456  7796 D OpenGLRenderer: Swap behavior 2
12-17 22:01:51.199   808   808 I SFPerfTracer:      triggers: (rate: 48:47455) (compose: 0:5) (post: 0:12) (render: 0:9) (12:1140806 frames) (13:2035571)
12-17 22:01:51.200   808   808 D SFPerfTracer:        layers: (4:13) (NavigationBar#0 (0xb07df000): 0:260040) (StatusBar#0 (0xb07e3000): 0:882731) (com.android.systemui.ImageWallpaper#0 (0xb07e7000): 0:18588) (Sprite#0 (0xb0733000): 0:317)* (DimLayerController/Stack=0#0 (0xb075a000): 0:3501)* (Sprite#1 (0xb077c000): 0:195)* (com.android.launcher3/com.android.launcher3.CustomizationPanelLauncher#0 (0xb0763000): 0:40)- (com.android.launcher3/com.android.launcher3.CustomizationPanelLauncher#1 (0xb0771000): 0:10)- (Splash Screen org.mozilla.fenix.performancetest#0 (0xb0384000): 0:33)- (org.mozilla.fenix.performancetest/org.mozilla.fenix.IntentReceiverActivity#0 (0xb039b000): 0:6)- (org.mozilla.fenix.performancetest/org.mozilla.fenix.HomeActivity#0 (0xb0293000): 12:59)* (com.android.launcher3/com.android.launcher3.CustomizationPanelLauncher#0 (0xb0763000): 13:29)* (com.android.launcher3/com.android.launcher3.CustomizationPanelLauncher#1 (0xb0771000): 1:5) 
12-17 22:01:51.215  2748  2917 W OpenGLRenderer: Incorrectly called buildLayer on View: ShortcutAndWidgetContainer, destroying layer...
12-17 22:01:51.353 20316 20434 I chatty  : uid=10591(org.mozilla.fenix.performancetest) expire 6 lines
12-17 22:01:51.419  1456  2921 D ConnectivityService: requestNetwork for uid/pid:10591/20316 NetworkRequest [ TRACK_DEFAULT id=10998, [ Capabilities: INTERNET&NOT_RESTRICTED&TRUSTED&NOT_VPN] ]
12-17 22:01:51.421  1456  2099 D Ethernet: got request NetworkRequest [ TRACK_DEFAULT id=10998, [ Capabilities: INTERNET&NOT_RESTRICTED&TRUSTED&NOT_VPN] ] with score 60
12-17 22:01:51.421  1456  2054 D WIFI_UT : got request NetworkRequest [ TRACK_DEFAULT id=10998, [ Capabilities: INTERNET&NOT_RESTRICTED&TRUSTED&NOT_VPN] ] with score 60
12-17 22:01:51.422  2398  2398 D PhoneSwitcherNetworkRequstListener: got request NetworkRequest [ TRACK_DEFAULT id=10998, [ Capabilities: INTERNET&NOT_RESTRICTED&TRUSTED&NOT_VPN] ] with score 60
12-17 22:01:51.422  1456  2054 D WIFI    : got request NetworkRequest [ TRACK_DEFAULT id=10998, [ Capabilities: INTERNET&NOT_RESTRICTED&TRUSTED&NOT_VPN] ] with score 60
12-17 22:01:51.448 20316 20598 I chatty  : uid=10591(org.mozilla.fenix.performancetest) expire 9 lines
12-17 22:01:51.465  1456  1466 I zygote  : NativeAlloc concurrent copying GC freed 39430(2MB) AllocSpace objects, 22(760KB) LOS objects, 42% free, 29MB/50MB, paused 177us total 283.668ms
12-17 22:01:51.952  1456  2067 D ConnectivityService: releasing NetworkRequest [ TRACK_DEFAULT id=10998, [ Capabilities: INTERNET&NOT_RESTRICTED&TRUSTED&NOT_VPN] ] (release request)
12-17 22:01:55.805  1456  4797 I ActivityManager: Force stopping org.mozilla.fenix.performancetest appid=10591 user=0: from pid 20602
12-17 22:01:55.806  1456  4797 I ActivityManager: Killing 20316:org.mozilla.fenix.performancetest/u0a591 (adj 700): stop org.mozilla.fenix.performancetest
12-17 22:01:55.808  1456  4797 W ActivityManager: Force removing ActivityRecord{83767ed u0 org.mozilla.fenix.performancetest/org.mozilla.fenix.HomeActivity t10357}: app died, no saved state
12-17 22:01:55.808  1456  1605 W zygote  : kill(-20316, 9) failed: No such process
12-17 22:01:55.809 20385 20385 I chatty  : uid=10591(org.mozilla.fenix.performancetest) expire 1 line
12-17 22:01:55.819  1456  4797 I ActivityManager: Killing 20385:org.mozilla.fenix.performancetest:tab/u0a591 (adj 0): stop org.mozilla.fenix.performancetest
12-17 22:01:55.824  1456  1605 W zygote  : kill(-20316, 9) failed: No such process
12-17 22:01:55.831  2398  2398 D CarrierSvcBindHelper: No carrier app for: 0
12-17 22:01:55.832  2398  2398 D CarrierSvcBindHelper: No carrier app for: 1
12-17 22:01:55.837  1456  1605 W zygote  : kill(-20316, 9) failed: No such process
12-17 22:01:55.882  1456  1605 I chatty  : uid=1000(system) ActivityManager identical 3 lines
12-17 22:01:55.888  1456  1673 W ActivityManager: setHasOverlayUi called on unknown pid: 20316
12-17 22:01:55.898  1456  1605 W zygote  : kill(-20316, 9) failed: No such process
12-17 22:01:55.898  1456  1605 I zygote  : Successfully killed process cgroup uid 10591 pid 20316 in 90ms
12-17 22:01:55.898  1456  1605 W zygote  : kill(-20385, 9) failed: No such process
12-17 22:01:55.898  1456  1605 I zygote  : Successfully killed process cgroup uid 10591 pid 20385 in 0ms
12-17 22:01:55.934  1456  2915 I ActivityManager: START u0 {act=android.intent.action.VIEW dat=about:blank typ=text/html flg=0x10000000 cmp=org.mozilla.fenix.performancetest/org.mozilla.fenix.IntentReceiverActivity} from uid 2000
12-17 22:01:55.935   794   839 E ANDR-PERF-RESOURCEQS: Failed to apply optimization [4, 0]
12-17 22:01:55.956  1456  4829 I ActivityManager: Start proc 20610:org.mozilla.fenix.performancetest/u0a591 for activity org.mozilla.fenix.performancetest/org.mozilla.fenix.IntentReceiverActivity
12-17 22:01:55.959 20610 20610 I chatty  : uid=10591(org.mozilla.fenix.performancetest) expire 70 lines
12-17 22:01:56.042 19624 19715 I MicroDetectionState: Should stop hotword detection immediately - false
