12-31 22:23:23.402 15715 15733 D RustNativeSupport: lib configured: fenix
12-31 22:23:23.403 15715 15733 D RustNativeSupport: lib version configured: 0.44.0
12-31 22:23:23.403 15715 15733 D RustNativeSupport: settled on fenix
12-31 22:23:23.414 15715 15733 I rc_log_ffi::ios: rc_log adapter initialized!
12-31 22:23:23.492 15715 15715 D GeckoThread: State changed to LAUNCHED
12-31 22:23:23.493 15715 15744 I GeckoThread: preparing to run Gecko
12-31 22:23:23.500 15715 15744 D GeckoThread: State changed to MOZGLUE_READY
12-31 22:23:23.510 15715 15715 D GeckoRuntime: Lifecycle: onCreate
12-31 22:23:23.541 15715 15744 W Settings: Setting animator_duration_scale has moved from android.provider.Settings.System to android.provider.Settings.Global, returning read-only global URI.
12-31 22:23:23.544 15715 15744 E GeckoLibLoad: Load sqlite start
12-31 22:23:23.546 15715 15715 I experiments: No active experiment in cache
12-31 22:23:23.555 15715 15733 D App     : Bucket is 48
12-31 22:23:23.561 15715 15733 D App     : Experiments active: {asFeatureSyncDisabled=false}
12-31 22:23:23.564 15715 15744 W GeckoLinker: /data/app/org.mozilla.fenix.performancetest-a42U3GM0qrd9C3xmAlFMtA==/lib/arm/libnss3.so: unhandled flags #8 not handled
12-31 22:23:23.565 15715 15715 I LeanplumMetricsService: Invalid or missing Leanplum token
12-31 22:23:23.569 15715 15744 W GeckoLinker: /data/app/org.mozilla.fenix.performancetest-a42U3GM0qrd9C3xmAlFMtA==/lib/arm/libnss3.so: Relocation to NULL @0x00130ffc for symbol "__cxa_type_match"
12-31 22:23:23.570 15715 15744 E GeckoLibLoad: Load sqlite done
12-31 22:23:23.570 15715 15744 E GeckoLibLoad: Load nss start
12-31 22:23:23.570 15715 15744 E GeckoLibLoad: Load nss done
12-31 22:23:23.570 15715 15744 W GeckoLinker: /data/app/org.mozilla.fenix.performancetest-a42U3GM0qrd9C3xmAlFMtA==/lib/arm/libxul.so: unhandled flags #8 not handled
12-31 22:23:23.571 15715 15744 W GeckoLinker: /data/app/org.mozilla.fenix.performancetest-a42U3GM0qrd9C3xmAlFMtA==/lib/arm/liblgpllibs.so: unhandled flags #8 not handled
12-31 22:23:23.588 15715 15715 I FirefoxAccountStateMachine: Enabling/updating sync with a new SyncConfig: SyncConfig(supportedEngines=[mozilla.components.service.fxa.SyncEngine$History@fe81732, mozilla.components.service.fxa.SyncEngine$Bookmarks@f8f4c83, mozilla.components.service.fxa.SyncEngine$Passwords@9a5ae00], syncPeriodInMinutes=240)
12-31 22:23:23.593 15715 15715 I BgSyncManager: Periodic syncing enabled at a 240 interval
12-31 22:23:23.594 15715 15715 I FirefoxAccountStateMachine: Sync is enabled
12-31 22:23:23.602 15715 15715 W PushConfig: No firebase configuration found; cannot support push service.
12-31 22:23:23.606 15715 15750 I FirefoxAccountStateMachine: Processing event Event$Init for state Start. Next state is Start
12-31 22:23:23.608 15715 15744 E GeckoLibLoad: Loaded libs in 37.929951ms total, 30ms(100ms) user, 6ms(20ms) system, 0(0) faults
12-31 22:23:23.609 15715 15744 D GeckoThread: State changed to LIBS_READY
12-31 22:23:23.609 15715 15744 W GeckoThread: zerdatime 10377092283 - runGecko
12-31 22:23:23.618 15715 15744 D GeckoProfile: Loading profile at: null name: default
12-31 22:23:23.621 15715 15744 D GeckoProfile: Found profile dir: /data/user/0/org.mozilla.fenix.performancetest/files/mozilla/k2y9ej9y.default
12-31 22:23:23.625  1456  2916 I ActivityManager: Start proc 15754:org.mozilla.fenix.performancetest:tab/u0a662 for service org.mozilla.fenix.performancetest/org.mozilla.gecko.process.GeckoServiceChildProcess$tab
12-31 22:23:23.629 15754 15754 I zygote  : Late-enabling -Xcheck:jni
12-31 22:23:23.634 15715 15750 I FirefoxAccountStateMachine: Ran 'Event$Init' side-effects for state Start, got successive event Event$AccountNotFound
12-31 22:23:23.635 15715 15750 I FirefoxAccountStateMachine: Processing event Event$AccountNotFound for state Start. Next state is NotAuthenticated
12-31 22:23:23.642 15715 15750 D RustNativeSupport: findMegazordLibraryName(fxaclient, 0.44.0
12-31 22:23:23.643 15715 15750 D RustNativeSupport: lib in use: none
12-31 22:23:23.643 15715 15750 D RustNativeSupport: lib configured: fenix
12-31 22:23:23.643 15715 15750 D RustNativeSupport: lib version configured: 0.44.0
12-31 22:23:23.643 15715 15750 D RustNativeSupport: settled on fenix
12-31 22:23:23.654 15715 15750 D fxaclient_ffi: fxa_new
12-31 22:23:23.732 15715 15715 D PhoneWindow: Restoring navigation bar divider color to default value = 0x00000000
12-31 22:23:23.787 15754 15754 D GeckoThread: State changed to LAUNCHED
12-31 22:23:23.788 15754 15776 I GeckoThread: preparing to run Gecko
12-31 22:23:23.935 15715 15715 D libglean_ffi: glean_ffi: Android logging should be hooked up!
12-31 22:23:23.938 15715 15715 I glean/Dispatchers: Task queued for execution and delayed until flushed
12-31 22:23:23.966 15715 15744 I Gecko:DumpUtils: Fifo watcher disabled via pref.
12-31 22:23:24.004 15715 15744 D GeckoSysInfo: System memory: 1867MB.
12-31 22:23:24.007 15715 15744 D GeckoThread: State changed to JNI_READY
12-31 22:23:24.046 15715 15721 I zygote  : Do partial code cache collection, code=31KB, data=21KB
12-31 22:23:24.048 15715 15721 I zygote  : After code cache collection, code=31KB, data=21KB
12-31 22:23:24.048 15715 15721 I zygote  : Increasing code cache capacity to 128KB
12-31 22:23:24.170 15715 15715 D GeckoRuntime: Lifecycle: onStart
12-31 22:23:24.186 15715 15715 D GeckoRuntime: Lifecycle: onResume
12-31 22:23:24.187 15715 15750 W FirefoxAccountStateMachine: Got invalid event Event$Init for state NotAuthenticated.
12-31 22:23:24.188 15715 15715 D GeckoNetworkManager: Incoming event start for state OffNoListeners -> OnNoListeners
12-31 22:23:24.191 15715 15715 D GeckoNetworkManager: New network state: UP, WIFI, WIFI
12-31 22:23:24.230 15715 15799 D OpenGLRenderer: HWUI GL Pipeline
12-31 22:23:24.263 15715 15715 I glean/Glean: Registering pings for org.mozilla.fenix.GleanMetrics.Pings
12-31 22:23:24.272 15715 15715 I glean/Glean: Registering pings for mozilla.telemetry.glean.GleanMetrics.Pings
12-31 22:23:24.315 15715 15715 I libglean_ffi: glean_core: Creating new Glean
12-31 22:23:24.315 15715 15715 D libglean_ffi: glean_core::database: Database path: "/data/user/0/org.mozilla.fenix.performancetest/glean_data/db"
12-31 22:23:24.317 15715 15715 I libglean_ffi: glean_core::database: Database initialized
12-31 22:23:24.317 15715 15715 I libglean_ffi: glean_ffi: Glean initialized
12-31 22:23:24.499 15715 15715 D glean/MetricsPingSched: The 'metrics' ping was last sent on Tue Dec 31 00:00:00 EST 2019
12-31 22:23:24.501 15715 15715 I glean/MetricsPingSched: The 'metrics' ping was already sent today, Tue Dec 31 22:23:24 EST 2019.
12-31 22:23:24.502 15715 15715 D glean/MetricsPingSched: Scheduling the 'metrics' ping in 20195629ms
12-31 22:23:24.509 15715 15715 I glean/Dispatchers: Initial tasks queue completed successfully
12-31 22:23:24.545 15715 15721 I zygote  : Do partial code cache collection, code=62KB, data=51KB
12-31 22:23:24.547 15715 15721 I zygote  : After code cache collection, code=60KB, data=50KB
12-31 22:23:24.547 15715 15721 I zygote  : Increasing code cache capacity to 256KB
12-31 22:23:24.587 15715 15744 I Gecko   : 1577849004582	addons.xpi	WARN	List of valid built-in add-ons could not be parsed.: [Exception... "Component returned failure code: 0x80520012 (NS_ERROR_FILE_NOT_FOUND) [nsIXPCComponents_Utils.readUTF8URI]"  nsresult: "0x80520012 (NS_ERROR_FILE_NOT_FOUND)"  location: "JS frame :: resource://gre/modules/addons/XPIProvider.jsm :: startup :: line 2366"  data: no] Stack trace: startup()@resource://gre/modules/addons/XPIProvider.jsm:2366
12-31 22:23:24.587 15715 15744 I Gecko   : callProvider()@resource://gre/modules/AddonManager.jsm:215
12-31 22:23:24.587 15715 15744 I Gecko   : _startProvider()@resource://gre/modules/AddonManager.jsm:586
12-31 22:23:24.587 15715 15744 I Gecko   : startup()@resource://gre/modules/AddonManager.jsm:810
12-31 22:23:24.587 15715 15744 I Gecko   : startup()@resource://gre/modules/AddonManager.jsm:3474
12-31 22:23:24.587 15715 15744 I Gecko   : observe()@resource://gre/modules/addonManager.js:87
12-31 22:23:24.636 15715 15715 D App     : ActivationPing - already generated
12-31 22:23:24.674 15715 15715 D GeckoNetworkManager: Incoming event receivedUpdate for state OnNoListeners -> OnNoListeners
12-31 22:23:24.676 15715 15715 D GeckoNetworkManager: New network state: UP, WIFI, WIFI
12-31 22:23:24.678  1456  2923 I WifiService: getDhcpInfo uid=10662
12-31 22:23:24.762 15715 15744 D GeckoThread: State changed to PROFILE_READY
12-31 22:23:24.861 15715 15744 D GeckoThread: State changed to RUNNING
12-31 22:23:24.881 15715 15744 W GeckoEventDispatcher: No listener for AndroidCastDevice:SyncDevice
12-31 22:23:24.887 15715 15744 I Gecko   : -*- nsDNSServiceDiscovery.js : nsDNSServiceDiscovery
12-31 22:23:25.005 15715 15744 W ResourceType: Too many attribute references, stopped at: 0x01010099
12-31 22:23:25.060 15715 15744 I Gecko   : Attempting load of libEGL.so
12-31 22:23:25.063 15715 15744 I Adreno  : QUALCOMM build                   : bb5b86c, I77d3059488
12-31 22:23:25.063 15715 15744 I Adreno  : Build Date                       : 06/07/18
12-31 22:23:25.063 15715 15744 I Adreno  : OpenGL ES Shader Compiler Version: EV031.22.00.01_06
12-31 22:23:25.063 15715 15744 I Adreno  : Local Branch                     : 
12-31 22:23:25.063 15715 15744 I Adreno  : Remote Branch                    : refs/tags/AU_LINUX_ANDROID_LA.UM.6.5.R1.08.01.00.312.086
12-31 22:23:25.063 15715 15744 I Adreno  : Remote Branch                    : NONE
12-31 22:23:25.063 15715 15744 I Adreno  : Reconstruct Branch               : NOTHING
12-31 22:23:25.063 15715 15744 D vndksupport: Loading /vendor/lib/hw/gralloc.msm8937.so from current namespace instead of sphal namespace.
12-31 22:23:25.070 15715 15744 I Adreno  : PFP: 0x005ff087, ME: 0x005ff063
12-31 22:23:25.077 15715 15744 I zygote  : android::hardware::configstore::V1_0::ISurfaceFlingerConfigs::hasWideColorDisplay retrieved: 0
12-31 22:23:25.108 15715 15799 I OpenGLRenderer: Initialized EGL, version 1.4
12-31 22:23:25.108 15715 15799 D OpenGLRenderer: Swap behavior 2
12-31 22:23:25.190 15715 15721 I zygote  : Do full code cache collection, code=88KB, data=107KB
12-31 22:23:25.193 15715 15721 I zygote  : After code cache collection, code=70KB, data=61KB
12-31 22:23:25.305 15715 15744 W GeckoLinker: /data/app/org.mozilla.fenix.performancetest-a42U3GM0qrd9C3xmAlFMtA==/lib/arm/libsoftokn3.so: unhandled flags #8 not handled
12-31 22:23:25.306 15715 15744 W GeckoLinker: /data/app/org.mozilla.fenix.performancetest-a42U3GM0qrd9C3xmAlFMtA==/lib/arm/libsoftokn3.so: Relocation to NULL @0x00026ffc for symbol "__cxa_type_match"
12-31 22:23:25.307 15715 15744 W GeckoLinker: /data/app/org.mozilla.fenix.performancetest-a42U3GM0qrd9C3xmAlFMtA==/lib/arm/libfreebl3.so: unhandled flags #8 not handled
12-31 22:23:25.308 15715 15744 W GeckoLinker: /data/app/org.mozilla.fenix.performancetest-a42U3GM0qrd9C3xmAlFMtA==/lib/arm/libfreebl3.so: Relocation to NULL @0x00041ffc for symbol "__cxa_type_match"
12-31 22:23:25.346 15715 15850 W GeckoLinker: /data/app/org.mozilla.fenix.performancetest-a42U3GM0qrd9C3xmAlFMtA==/lib/arm/libnssckbi.so: unhandled flags #8 not handled
12-31 22:23:25.347 15715 15850 W GeckoLinker: /data/app/org.mozilla.fenix.performancetest-a42U3GM0qrd9C3xmAlFMtA==/lib/arm/libnssckbi.so: Relocation to NULL @0x00052ffc for symbol "__cxa_type_match"
12-31 22:23:25.419 15715 15799 D vndksupport: Loading /vendor/lib/hw/android.hardware.graphics.mapper@2.0-impl.so from current namespace instead of sphal namespace.
12-31 22:23:25.420 15715 15799 D vndksupport: Loading /vendor/lib/hw/gralloc.msm8937.so from current namespace instead of sphal namespace.
12-31 22:23:25.437  1456  1673 I LaunchCheckinHandler: Displayed org.mozilla.fenix.performancetest/org.mozilla.fenix.HomeActivity,cp,ca,2350
12-31 22:23:25.438  1456  1673 I ActivityManager: Displayed org.mozilla.fenix.performancetest/org.mozilla.fenix.HomeActivity: +2s344ms
12-31 22:23:25.479 15715 15715 D GeckoNetworkManager: Incoming event enableNotifications for state OnNoListeners -> OnWithListeners
12-31 22:23:25.480 15715 15858 I experiments: Fetching experiments from https://firefox.settings.services.mozilla.com/v1/buckets/main/collections/mobile-experiments/records
12-31 22:23:25.482 15715 15715 D GeckoNetworkManager: New network state: UP, WIFI, WIFI
12-31 22:23:25.487 15715 15715 D GeckoNetworkManager: Incoming event receivedUpdate for state OnWithListeners -> OnWithListeners
12-31 22:23:25.490 15715 15715 D GeckoNetworkManager: New network state: UP, WIFI, WIFI
12-31 22:23:25.500 23700 23700 I MemoryTrimmer: Trimming objects from memory, since app is in the background.
12-31 22:23:25.511 23700 29847 I PBSessionCacheImpl: Deleted sessionId[104235279871158098] from persistence.
12-31 22:23:25.521  1456  2916 I WifiService: getWifiEnabledState uid=10073
12-31 22:23:25.521 23700 23700 I MemoryTrimmer: Trimming objects from memory, since app is in the background.
12-31 22:23:25.528 15715 15744 W ResourceType: Too many attribute references, stopped at: 0x01010099
12-31 22:23:25.530 23700 23889 W SearchServiceCore: Abort, client detached.
12-31 22:23:25.632   808   808 I SFPerfTracer:      triggers: (rate: 49:58814) (compose: 0:5) (post: 0:13) (render: 0:9) (0:1530868 frames) (1:2625892)
12-31 22:23:25.632   808   808 D SFPerfTracer:        layers: (3:14) (NavigationBar#0 (0xb07df000): 0:350264) (StatusBar#0 (0xb07e3000): 0:1058275) (com.android.systemui.ImageWallpaper#0 (0xb07e7000): 0:28094)* (Sprite#0 (0xb0733000): 0:317)* (DimLayerController/Stack=0#0 (0xb075a000): 0:3501)* (Sprite#1 (0xb077c000): 0:195)* (com.android.launcher3/com.android.launcher3.CustomizationPanelLauncher#0 (0xb0763000): 0:40)- (com.android.launcher3/com.android.launcher3.CustomizationPanelLauncher#1 (0xb0771000): 0:10)- (Splash Screen org.mozilla.fenix.performancetest#0 (0xb0384000): 0:32)- (org.mozilla.fenix.performancetest/org.mozilla.fenix.HomeActivity#0 (0xb039b000): 0:46)- (com.android.launcher3/com.android.launcher3.CustomizationPanelLauncher#0 (0xb0763000): 0:41)- (com.android.launcher3/com.android.launcher3.CustomizationPanelLauncher#1 (0xb0771000): 0:11)- (Splash Screen org.mozilla.fenix.performancetest#0 (0xb0384000): 1:30)* (org.mozilla.fenix.performancetest/org.mozilla.fenix.HomeActivity#0 (0xb039b000): 1:12) 
12-31 22:23:26.010 15715 15715 D App     : Installed browser-icons extension
12-31 22:23:26.039 15715 15858 D experiments: Fetched experiments from https://firefox.settings.services.mozilla.com/v1/buckets/main/collections/mobile-experiments/records:
12-31 22:23:26.039 15715 15858 D experiments: {"data":[]}
12-31 22:23:26.040 15715 15858 I experiments: Experiments update from server: ExperimentsSnapshot(experiments=[], lastModified=null)
12-31 22:23:26.043 15715 15858 I experiments: onExperimentsUpdated - no experiment currently active, looking for match
12-31 22:23:26.049 15715 15741 I WM-WorkerWrapper: Worker result SUCCESS for Work [ id=a86aa513-fff8-4b2a-b59a-48a1b409de32, tags={ mozilla.components.service.experiments.ExperimentsUpdaterWorker, mozilla.components.service.experiments } ]
12-31 22:23:26.286 15715 15715 D mozac-webcompat: Installed WebCompat webextension: webcompat@mozilla.com
12-31 22:23:28.743 15882 15882 D AndroidRuntime: >>>>>> START com.android.internal.os.RuntimeInit uid 2000 <<<<<<
12-31 22:23:28.756 15882 15882 W app_process: Could not reserve sentinel fault page
12-31 22:23:28.921 15882 15882 I app_process: The ClassLoaderContext is a special shared library.
12-31 22:23:28.989 15882 15882 D AndroidRuntime: Calling main entry com.android.commands.input.Input
12-31 22:23:28.990 15882 15882 I Input   : injectKeyEvent: KeyEvent { action=ACTION_DOWN, keyCode=KEYCODE_HOME, scanCode=0, metaState=0, flags=0x0, repeatCount=0, eventTime=10296237718, downTime=10296237718, deviceId=-1, source=0x101 }
12-31 22:23:28.997 15882 15882 I Input   : injectKeyEvent: KeyEvent { action=ACTION_UP, keyCode=KEYCODE_HOME, scanCode=0, metaState=0, flags=0x0, repeatCount=0, eventTime=10296237718, downTime=10296237718, deviceId=-1, source=0x101 }
12-31 22:23:29.004  1456  1941 I ActivityManager: START u0 {act=android.intent.action.MAIN cat=[android.intent.category.HOME] flg=0x10200000 cmp=com.android.launcher3/.CustomizationPanelLauncher (has extras)} from uid 1000
12-31 22:23:29.004   794   839 E ANDR-PERF-RESOURCEQS: Failed to apply optimization [4, 0]
12-31 22:23:29.015  1456  1941 I ActivityManager: moveHomeStack, setupComplete:true
12-31 22:23:29.022 23700 23821 I Adreno  : QUALCOMM build                   : bb5b86c, I77d3059488
12-31 22:23:29.022 23700 23821 I Adreno  : Build Date                       : 06/07/18
12-31 22:23:29.022 23700 23821 I Adreno  : OpenGL ES Shader Compiler Version: EV031.22.00.01_06
12-31 22:23:29.022 23700 23821 I Adreno  : Local Branch                     : 
12-31 22:23:29.022 23700 23821 I Adreno  : Remote Branch                    : refs/tags/AU_LINUX_ANDROID_LA.UM.6.5.R1.08.01.00.312.086
12-31 22:23:29.022 23700 23821 I Adreno  : Remote Branch                    : NONE
12-31 22:23:29.022 23700 23821 I Adreno  : Reconstruct Branch               : NOTHING
12-31 22:23:29.024 23700 23821 D vndksupport: Loading /vendor/lib/hw/gralloc.msm8937.so from current namespace instead of sphal namespace.
12-31 22:23:29.026 15882 15882 D AndroidRuntime: Shutting down VM
12-31 22:23:29.028 23700 23821 I Adreno  : PFP: 0x005ff087, ME: 0x005ff063
12-31 22:23:29.031 23700 23821 I zygote  : android::hardware::configstore::V1_0::ISurfaceFlingerConfigs::hasWideColorDisplay retrieved: 0
12-31 22:23:29.032 23700 23821 I OpenGLRenderer: Initialized EGL, version 1.4
12-31 22:23:29.032 23700 23821 D OpenGLRenderer: Swap behavior 2
12-31 22:23:29.035  2748  2748 D Launcher.Utilities: Wakeup weather: Intent { act=com.motorola.launcher3.action.WAKEUP_WEATHER cmp=com.motorola.timeweatherwidget/com.motorola.commandcenter.weather.WakeUpService }
12-31 22:23:29.053  1456  1456 I NotificationService: Cannot find enqueued record for key: 0|com.motorola.timeweatherwidget|1|null|10116
12-31 22:23:29.057   808   808 D SurfaceFlinger: duplicate layer name: changing com.android.launcher3/com.android.launcher3.CustomizationPanelLauncher to com.android.launcher3/com.android.launcher3.CustomizationPanelLauncher#1
12-31 22:23:29.063 23700 12036 W ThreadPoolDumper: Queue length for executor EventBus is now 11. Perhaps some tasks are too long, or the pool is too small.
12-31 22:23:29.064  1456  5907 I WifiService: getWifiEnabledState uid=10073
12-31 22:23:29.075  1456  2916 I WifiService: getWifiEnabledState uid=10073
12-31 22:23:29.119 23700 23889 I MicroDetectionState: Should stop hotword detection immediately - false
12-31 22:23:29.123 23700 23889 I MicroDetectionWorker: #startMicroDetector [speakerMode: 0]
12-31 22:23:29.125 23700 23889 I AudioController: Created new AudioSource
12-31 22:23:29.127  1456  1673 I LaunchCheckinHandler: Displayed com.android.launcher3/.CustomizationPanelLauncher,wp,wa,123
12-31 22:23:29.128 23700 23889 I MicroDetectionWorker: onReady
12-31 22:23:29.129 23700  5825 I MicroDataManager: isInitializedWithLatestParams-true
12-31 22:23:29.129 23700  5825 I MicroDataManager: isInitializing-false locale not changed-true model not changed-true
12-31 22:23:29.130 23700  5825 I MicroDataManager: Already initialized, obtaining the hotword data immediately.
12-31 22:23:29.134 23700 18380 I MicroRecognitionRunner: Starting detection.
12-31 22:23:29.135 23700 18380 I InputStreamUtils: Using micInputStream
12-31 22:23:29.135 23700 29847 I MicrophoneInputStream: mic_starting  SR : 16000 CC : 16 SO : 1999
12-31 22:23:29.138   788   788 V msm8974_platform: platform_check_input_mask: enter check_input_mask source 6 mask 10
12-31 22:23:29.142  1012 15897 I AudioFlinger: AudioFlinger's thread 0xb2483280 tid=15897 ready to run
12-31 22:23:29.148   788   788 D audio_hw_primary: in_set_parameters: enter: kvpairs=input_source=6;routing=-2147483644
12-31 22:23:29.149  1012  4818 D APM_AudioPolicyManager: AudioPolicyManager::startInput() input 68478, session 68529, source = 1999
12-31 22:23:29.150 23700 29847 I MicrophoneInputStream: mic_started  SR : 16000 CC : 16 SO : 1999
12-31 22:23:29.151   788 15898 V msm8974_platform: platform_update_usecase_from_source: input source :6
12-31 22:23:29.151   788 15898 V msm8974_platform: platform_check_input_mask: enter check_input_mask source 6 mask 10
12-31 22:23:29.151   788 15898 V msm8974_platform: platform_get_input_snd_device: enter: out_device(0) in_device(0x4) channel_count (1) channel_mask (0x10)
12-31 22:23:29.151   788 15898 V msm8974_platform: platform_get_input_snd_device: exit: in_snd_device(voice-rec-mic)
12-31 22:23:29.151   788 15898 V msm8974_platform: platform_get_backend_index:napb: backend port - 5 device - 120 
12-31 22:23:29.151   788 15898 V msm8974_platform: platform_check_and_set_capture_backend_cfg:txbecf: afe: bitwidth 0, samplerate 0, channel 1, backend_idx 5 usecase = 9 device (voice-rec-mic)
12-31 22:23:29.151   788 15898 V msm8974_platform: platform_check_capture_backend_cfg:txbecf: afe: Codec selected backend: 5 current bit width: 0 and sample rate: 0, channels 1
12-31 22:23:29.151   788 15898 V msm8974_platform: platform_check_capture_backend_cfg:txbecf: afe: Codec selected backend: 5 updated bit width: 0 and sample rate: 0
12-31 22:23:29.151   788 15898 I msm8974_platform: platform_check_capture_backend_cfg:txbecf: afe: Codec backend needs to be updated. new bit width: 0 new sample rate: 0 new channel: 1
12-31 22:23:29.151   788 15898 V msm8974_platform: platform_get_backend_index:napb: backend port - 5 device - 120 
12-31 22:23:29.151   788 15898 V msm8974_platform: platform_set_backend_cfg:becf: afe: bitwidth 0, samplerate 0 channels 1, backend_idx 5 device (voice-rec-mic)
12-31 22:23:29.152   788 15898 E msm8974_platform: platform_set_backend_cfg:becf: afe: Could not get ctl for mixer command - SLIM_0_TX Format
12-31 22:23:29.152   788 15898 V msm8974_platform: platform_send_audio_calibration: sending audio calibration for snd_device(120) acdb_id(62)
12-31 22:23:29.152   788 15898 D ACDB-LOADER: ACDB -> send_audio_cal, acdb_id = 62, path = 1, app id = 0x11130, sample rate = 48000
12-31 22:23:29.152   788 15898 D ACDB-LOADER: ACDB -> send_asm_topology
12-31 22:23:29.152   788 15898 D ACDB-LOADER: ACDB -> ACDB_CMD_GET_AUDPROC_STREAM_TOPOLOGY_ID
12-31 22:23:29.152   788 15898 D ACDB-LOADER: ACDB -> send_adm_topology
12-31 22:23:29.152   788 15898 D ACDB-LOADER: ACDB -> ACDB_CMD_GET_AUDPROC_COMMON_TOPOLOGY_ID
12-31 22:23:29.152   788 15898 D ACDB-LOADER: ACDB -> send_audtable
12-31 22:23:29.152   788 15898 D ACDB-LOADER: ACDB -> ACDB_CMD_GET_AUDPROC_COMMON_TABLE_SIZE
12-31 22:23:29.152   788 15898 D ACDB-LOADER: ACDB -> ACDB_CMD_GET_AUDPROC_COMMON_TABLE
12-31 22:23:29.152   788 15898 D ACDB-LOADER: ACDB -> AUDIO_SET_AUDPROC_CAL
12-31 22:23:29.152   788 15898 D ACDB-LOADER: ACDB -> send_audvoltable
12-31 22:23:29.152   788 15898 D ACDB-LOADER: ACDB -> ACDB_CMD_GET_AUDPROC_VOL_STEP_TABLE_SIZE
12-31 22:23:29.152   788 15898 D ACDB-LOADER: ACDB -> ACDB_CMD_GET_AUDPROC_GAIN_DEP_STEP_TABLE, vol index 0
12-31 22:23:29.152   788 15898 D         : Failed to fetch the lookup information of the device 0000003E 
12-31 22:23:29.152   788 15898 D ACDB-LOADER: ACDB -> AUDIO_SET_VOL_CAL cal type = 12
12-31 22:23:29.152   788 15898 D ACDB-LOADER: ACDB -> ACDB_CMD_GET_AUDPROC_STREAM_TABLE_SIZE
12-31 22:23:29.152   788 15898 D ACDB-LOADER: ACDB -> send_audstrmtable
12-31 22:23:29.152   788 15898 D ACDB-LOADER: ACDB -> ACDB_CMD_GET_AUDPROC_STREAM_TABLE_V2
12-31 22:23:29.153   788 15898 D ACDB-LOADER: ACDB -> audstrm_cal->cal_type.cal_data.cal_size = 456
12-31 22:23:29.153   788 15898 D ACDB-LOADER: ACDB -> send_afe_topology
12-31 22:23:29.153   788 15898 D ACDB-LOADER: ACDB -> ACDB_CMD_GET_AFE_TOPOLOGY_ID
12-31 22:23:29.153   788 15898 D ACDB-LOADER: ACDB -> GET_AFE_TOPOLOGY_ID for adcd_id 62, Topology Id 112fb
12-31 22:23:29.153   788 15898 D ACDB-LOADER: ACDB -> send_afe_cal
12-31 22:23:29.153   788 15898 D ACDB-LOADER: ACDB -> ACDB_CMD_GET_AFE_COMMON_TABLE_SIZE
12-31 22:23:29.153   788 15898 D         : Failed to fetch the lookup information of the device 0000003E 
12-31 22:23:29.153   788 15898 E ACDB-LOADER: Error: ACDB_CMD_GET_AFE_COMMON_TABLE_SIZE Returned = -19
12-31 22:23:29.153   788 15898 D ACDB-LOADER: ACDB -> ACDB_CMD_GET_AFE_COMMON_TABLE
12-31 22:23:29.153   788 15898 D         : Failed to fetch the lookup information of the device 0000003E 
12-31 22:23:29.153   788 15898 D ACDB-LOADER: ACDB -> AUDIO_SET_AFE_CAL
12-31 22:23:29.153   788 15898 D ACDB-LOADER: ACDB -> send_hw_delay : acdb_id = 62 path = 1
12-31 22:23:29.153   788 15898 D ACDB-LOADER: ACDB -> ACDB_AVSYNC_INFO: ACDB_CMD_GET_DEVICE_PROPERTY
12-31 22:23:29.153   788 15898 D audio_hw_primary: enable_snd_device: snd_device(120: voice-rec-mic)
12-31 22:23:29.153   788 15898 D audio_route: Apply path: voice-rec-mic
12-31 22:23:29.156   788 15898 V msm8974_platform: platform_get_snd_device_backend_index: enter with device 120
12-31 22:23:29.156   788 15898 E msm8974_platform: platform_get_snd_device_backend_index: BE DAI Name Table is not present
12-31 22:23:29.156   788 15898 V msm8974_platform: platform_get_backend_index:napb: backend port - 5 device - 120 
12-31 22:23:29.156   788 15898 I audio_hw_utils: Set Audio Stream Capture 0 App Type Cfg: app_type 69936, acdb_dev_id 62, sample_rate 48000, snd_device_be_idx -14
12-31 22:23:29.156   788 15898 D audio_hw_primary: enable_audio_route: usecase(9) apply and update mixer path: audio-record
12-31 22:23:29.156   788 15898 D audio_route: Apply path: audio-record
12-31 22:23:29.227 23700 23889 I MicroDetectionWorker: onReady
12-31 22:23:29.529  1456  7796 I OpenGLRenderer: Initialized EGL, version 1.4
12-31 22:23:29.530  1456  7796 D OpenGLRenderer: Swap behavior 2
12-31 22:23:29.590  2748  2917 W OpenGLRenderer: Incorrectly called buildLayer on View: ShortcutAndWidgetContainer, destroying layer...
12-31 22:23:29.710 15715 15715 D GeckoRuntime: Lifecycle: onPause
12-31 22:23:29.710 15715 15715 D GeckoNetworkManager: Incoming event stop for state OnWithListeners -> OffWithListeners
12-31 22:23:29.712 15715 15715 I SessionStorage/AutoSave: Save: Background
12-31 22:23:29.715 15715 15733 D SessionStorage/AutoSave: Saved state to disk [1ms]
12-31 22:23:29.725 15715 15813 I libglean_ffi: glean_core::ping: Collecting baseline
12-31 22:23:29.729 15715 15813 D libglean_ffi: glean_core::ping: Storing ping '772ffe19-dc6f-48fb-9bea-e4ab17cd05db' at '/data/user/0/org.mozilla.fenix.performancetest/glean_data/pending_pings/772ffe19-dc6f-48fb-9bea-e4ab17cd05db'
12-31 22:23:29.730 15715 15813 I libglean_ffi: glean_core: The ping 'baseline' was submitted and will be sent as soon as possible
12-31 22:23:29.730 15715 15813 I libglean_ffi: glean_core::ping: Collecting events
12-31 22:23:29.733 15715 15813 D libglean_ffi: glean_core::ping: Storing ping '8cdda6f7-fb1f-44e5-9415-f0b6a3fa07fd' at '/data/user/0/org.mozilla.fenix.performancetest/glean_data/pending_pings/8cdda6f7-fb1f-44e5-9415-f0b6a3fa07fd'
12-31 22:23:29.733 15715 15813 I libglean_ffi: glean_core: The ping 'events' was submitted and will be sent as soon as possible
12-31 22:23:29.780 11988 11988 I Finsky  : [2] puo.onTrimMemory(1): Memory trim requested to level 80
12-31 22:23:29.789  1456  2916 D ConnectivityService: requestNetwork for uid/pid:10662/15715 NetworkRequest [ TRACK_DEFAULT id=15873, [ Capabilities: INTERNET&NOT_RESTRICTED&TRUSTED&NOT_VPN] ]
12-31 22:23:29.790  1456  2099 D Ethernet: got request NetworkRequest [ TRACK_DEFAULT id=15873, [ Capabilities: INTERNET&NOT_RESTRICTED&TRUSTED&NOT_VPN] ] with score 60
12-31 22:23:29.790  1456  2054 D WIFI_UT : got request NetworkRequest [ TRACK_DEFAULT id=15873, [ Capabilities: INTERNET&NOT_RESTRICTED&TRUSTED&NOT_VPN] ] with score 60
12-31 22:23:29.790  1456  2054 D WIFI    : got request NetworkRequest [ TRACK_DEFAULT id=15873, [ Capabilities: INTERNET&NOT_RESTRICTED&TRUSTED&NOT_VPN] ] with score 60
12-31 22:23:29.790  2398  2398 D PhoneSwitcherNetworkRequstListener: got request NetworkRequest [ TRACK_DEFAULT id=15873, [ Capabilities: INTERNET&NOT_RESTRICTED&TRUSTED&NOT_VPN] ] with score 60
12-31 22:23:29.812 15715 15899 D glean/PingUploadWorker: Processing persisted pings at /data/user/0/org.mozilla.fenix.performancetest/glean_data/pending_pings
12-31 22:23:29.813 15715 15899 D glean/PingUploadWorker: Processing ping: 772ffe19-dc6f-48fb-9bea-e4ab17cd05db
12-31 22:23:29.827 15715 15899 D glean/ConceptFetchHttpUploader: Submitting ping to: https://incoming.telemetry.mozilla.org/submit/org-mozilla-fenix-performancetest/baseline/1/772ffe19-dc6f-48fb-9bea-e4ab17cd05db
12-31 22:23:30.158 15715 15899 D glean/ConceptFetchHttpUploader: Ping successfully sent (200)
12-31 22:23:30.159 15715 15899 D glean/PingUploadWorker: 772ffe19-dc6f-48fb-9bea-e4ab17cd05db was deleted: true
12-31 22:23:30.160 15715 15899 D glean/PingUploadWorker: Processing ping: 8cdda6f7-fb1f-44e5-9415-f0b6a3fa07fd
12-31 22:23:30.167 15715 15899 D glean/ConceptFetchHttpUploader: Submitting ping to: https://incoming.telemetry.mozilla.org/submit/org-mozilla-fenix-performancetest/events/1/8cdda6f7-fb1f-44e5-9415-f0b6a3fa07fd
12-31 22:23:30.315 15715 15899 D glean/ConceptFetchHttpUploader: Ping successfully sent (200)
12-31 22:23:30.315 15715 15899 D glean/PingUploadWorker: 8cdda6f7-fb1f-44e5-9415-f0b6a3fa07fd was deleted: true
12-31 22:23:30.320 15715 15741 I WM-WorkerWrapper: Worker result SUCCESS for Work [ id=86847b14-b30c-43fe-af55-9c55eef6b400, tags={ mozilla.telemetry.glean.scheduler.PingUploadWorker, mozac_service_glean_ping_upload_worker } ]
12-31 22:23:30.330  1456  2067 D ConnectivityService: releasing NetworkRequest [ TRACK_DEFAULT id=15873, [ Capabilities: INTERNET&NOT_RESTRICTED&TRUSTED&NOT_VPN] ] (release request)
12-31 22:23:34.209  1456  5907 I ActivityManager: Force stopping org.mozilla.fenix.performancetest appid=10662 user=0: from pid 15903
12-31 22:23:34.209  1456  5907 I ActivityManager: Killing 15715:org.mozilla.fenix.performancetest/u0a662 (adj 700): stop org.mozilla.fenix.performancetest
12-31 22:23:34.212  1456  1605 W zygote  : kill(-15715, 9) failed: No such process
12-31 22:23:34.212  1456  5907 W ActivityManager: Force removing ActivityRecord{216adf1 u0 org.mozilla.fenix.performancetest/org.mozilla.fenix.HomeActivity t14744}: app died, no saved state
12-31 22:23:34.213 15754 15754 I ServiceChildProcess: Service has been unbound. Stopping.
12-31 22:23:34.223  1456  5907 I ActivityManager: Killing 15754:org.mozilla.fenix.performancetest:tab/u0a662 (adj 0): stop org.mozilla.fenix.performancetest
12-31 22:23:34.228  1456  1605 W zygote  : kill(-15715, 9) failed: No such process
12-31 22:23:34.234  2398  2398 D CarrierSvcBindHelper: No carrier app for: 0
12-31 22:23:34.235  2398  2398 D CarrierSvcBindHelper: No carrier app for: 1
12-31 22:23:34.243  1456  1605 W zygote  : kill(-15715, 9) failed: No such process
12-31 22:23:34.276  1456  1605 I chatty  : uid=1000(system) ActivityManager identical 3 lines
12-31 22:23:34.288  1456  1673 W ActivityManager: setHasOverlayUi called on unknown pid: 15715
12-31 22:23:34.292  1456  1605 W zygote  : kill(-15715, 9) failed: No such process
12-31 22:23:34.292  1456  1605 I zygote  : Successfully killed process cgroup uid 10662 pid 15715 in 80ms
12-31 22:23:34.292  1456  1605 W zygote  : kill(-15754, 9) failed: No such process
12-31 22:23:34.292  1456  1605 I zygote  : Successfully killed process cgroup uid 10662 pid 15754 in 0ms
12-31 22:23:34.332  1456  2196 I ActivityManager: START u0 {act=android.intent.action.MAIN cat=[android.intent.category.LAUNCHER] flg=0x10000000 cmp=org.mozilla.fenix.performancetest/org.mozilla.fenix.HomeActivity} from uid 2000
12-31 22:23:34.333   794   839 E ANDR-PERF-RESOURCEQS: Failed to apply optimization [4, 0]
12-31 22:23:34.350   808   898 I SFPerfTracer:      triggers: (rate: 0:0) (0 sw vsyncs) (0 skipped) (0:1398009 vsyncs) (2:2657964)
12-31 22:23:34.353  1456  2401 I ActivityManager: Start proc 15910:org.mozilla.fenix.performancetest/u0a662 for activity org.mozilla.fenix.performancetest/org.mozilla.fenix.HomeActivity
12-31 22:23:34.357 15910 15910 I zygote  : Late-enabling -Xcheck:jni
12-31 22:23:34.452 23700 23889 I MicroDetectionState: Should stop hotword detection immediately - false
12-31 22:23:34.453 23700 23889 I MicroDetector: Keeping mic open: false
12-31 22:23:34.453 23700 23889 I RecognitionAudioControl: #shutdownAudio [requestId: 6944770686433387672, keepAudioOpen: false, forced: true]
12-31 22:23:34.453 23700 23889 I RecognitionAudioControl: #internalShutdownAudio [requestId: 6944770686433387672]
12-31 22:23:34.453 23700 23889 I RecognitionAudioControl: #internalShutdownAudio [keepAudioOpen: false, forced: true]
12-31 22:23:34.453 23700 23889 I RecognitionAudioControl: #actualShutdownAudio
12-31 22:23:34.453 23700 29832 E DeviceStateChecker: DeviceStateChecker cancelled
12-31 22:23:34.453 23700 23889 I AudioController: #shutdown [requestId=6944770686433387672]
12-31 22:23:34.454 23700  5825 I AudioController: internalShutdown
12-31 22:23:34.454 23700 19058 I MicroRecognitionRunner: Stopping hotword detection.
12-31 22:23:34.508   788   788 D audio_hw_primary: disable_audio_route: usecase(9) reset and update mixer path: audio-record
12-31 22:23:34.509   788   788 D audio_hw_primary: disable_snd_device: snd_device(120: voice-rec-mic)
12-31 22:23:34.510  1012  4818 D APM_AudioPolicyManager: stopInput() input 68478, session 68529
12-31 22:23:34.511   788  1479 D audio_hw_primary: in_set_parameters: enter: kvpairs=routing=0
12-31 22:23:34.513 23700  5825 I MicrophoneInputStream: mic_close  SR : 16000 CC : 16 SO : 1999
12-31 22:23:34.513 23700  5825 E AudioSource: Stop listening is called on already closed AudioSource
12-31 22:23:34.514 23700 18380 I MicroRecognitionRunner: Detection finished
12-31 22:23:34.524 15910 15910 D FirebaseApp: Default FirebaseApp failed to initialize because no default options were found. This usually means that com.google.gms:google-services was not applied to your gradle project.
12-31 22:23:34.525 15910 15910 I FirebaseInitProvider: FirebaseApp initialization unsuccessful
12-31 22:23:34.596 15910 15927 D RustNativeSupport: findMegazordLibraryName(viaduct, 0.44.0
12-31 22:23:34.596 15910 15927 D RustNativeSupport: lib in use: none
12-31 22:23:34.596 15910 15927 D RustNativeSupport: lib configured: fenix
12-31 22:23:34.596 15910 15927 D RustNativeSupport: lib version configured: 0.44.0
12-31 22:23:34.597 15910 15927 D RustNativeSupport: settled on fenix
12-31 22:23:34.663 15910 15927 D RustNativeSupport: findMegazordLibraryName(rustlog, 0.44.0
12-31 22:23:34.663 15910 15927 D RustNativeSupport: lib in use: none
12-31 22:23:34.663 15910 15927 D RustNativeSupport: lib configured: fenix
12-31 22:23:34.663 15910 15927 D RustNativeSupport: lib version configured: 0.44.0
12-31 22:23:34.663 15910 15927 D RustNativeSupport: settled on fenix
12-31 22:23:34.674 15910 15927 I rc_log_ffi::ios: rc_log adapter initialized!
12-31 22:23:34.754 15910 15910 D GeckoThread: State changed to LAUNCHED
12-31 22:23:34.755 15910 15936 I GeckoThread: preparing to run Gecko
12-31 22:23:34.761 15910 15936 D GeckoThread: State changed to MOZGLUE_READY
12-31 22:23:34.769 15910 15910 D GeckoRuntime: Lifecycle: onCreate
12-31 22:23:34.800 15910 15936 W Settings: Setting animator_duration_scale has moved from android.provider.Settings.System to android.provider.Settings.Global, returning read-only global URI.
12-31 22:23:34.803 15910 15936 E GeckoLibLoad: Load sqlite start
12-31 22:23:34.805 15910 15910 I experiments: No active experiment in cache
12-31 22:23:34.813 15910 15927 D App     : Bucket is 48
12-31 22:23:34.818 15910 15927 D App     : Experiments active: {asFeatureSyncDisabled=false}
12-31 22:23:34.822 15910 15936 W GeckoLinker: /data/app/org.mozilla.fenix.performancetest-a42U3GM0qrd9C3xmAlFMtA==/lib/arm/libnss3.so: unhandled flags #8 not handled
12-31 22:23:34.826 15910 15910 I LeanplumMetricsService: Invalid or missing Leanplum token
12-31 22:23:34.827 15910 15936 W GeckoLinker: /data/app/org.mozilla.fenix.performancetest-a42U3GM0qrd9C3xmAlFMtA==/lib/arm/libnss3.so: Relocation to NULL @0x00130ffc for symbol "__cxa_type_match"
12-31 22:23:34.828 15910 15936 E GeckoLibLoad: Load sqlite done
12-31 22:23:34.828 15910 15936 E GeckoLibLoad: Load nss start
12-31 22:23:34.828 15910 15936 E GeckoLibLoad: Load nss done
12-31 22:23:34.829 15910 15936 W GeckoLinker: /data/app/org.mozilla.fenix.performancetest-a42U3GM0qrd9C3xmAlFMtA==/lib/arm/libxul.so: unhandled flags #8 not handled
12-31 22:23:34.829 15910 15936 W GeckoLinker: /data/app/org.mozilla.fenix.performancetest-a42U3GM0qrd9C3xmAlFMtA==/lib/arm/liblgpllibs.so: unhandled flags #8 not handled
12-31 22:23:34.851 15910 15910 I FirefoxAccountStateMachine: Enabling/updating sync with a new SyncConfig: SyncConfig(supportedEngines=[mozilla.components.service.fxa.SyncEngine$History@e855c94, mozilla.components.service.fxa.SyncEngine$Bookmarks@f75b33d, mozilla.components.service.fxa.SyncEngine$Passwords@fe81732], syncPeriodInMinutes=240)
12-31 22:23:34.857 15910 15910 I BgSyncManager: Periodic syncing enabled at a 240 interval
12-31 22:23:34.858 15910 15910 I FirefoxAccountStateMachine: Sync is enabled
12-31 22:23:34.867 15910 15936 E GeckoLibLoad: Loaded libs in 39.007243ms total, 26ms(93ms) user, 6ms(23ms) system, 0(0) faults
12-31 22:23:34.868 15910 15910 W PushConfig: No firebase configuration found; cannot support push service.
12-31 22:23:34.868 15910 15936 D GeckoThread: State changed to LIBS_READY
12-31 22:23:34.868 15910 15936 W GeckoThread: zerdatime 10377103543 - runGecko
12-31 22:23:34.871 15910 15944 I FirefoxAccountStateMachine: Processing event Event$Init for state Start. Next state is Start
12-31 22:23:34.877 15910 15936 D GeckoProfile: Loading profile at: null name: default
12-31 22:23:34.881 15910 15936 D GeckoProfile: Found profile dir: /data/user/0/org.mozilla.fenix.performancetest/files/mozilla/k2y9ej9y.default
12-31 22:23:34.884  1456  2204 I ActivityManager: Start proc 15947:org.mozilla.fenix.performancetest:tab/u0a662 for service org.mozilla.fenix.performancetest/org.mozilla.gecko.process.GeckoServiceChildProcess$tab
12-31 22:23:34.892 15947 15947 I zygote  : Late-enabling -Xcheck:jni
12-31 22:23:34.909 15910 15944 I FirefoxAccountStateMachine: Ran 'Event$Init' side-effects for state Start, got successive event Event$AccountNotFound
12-31 22:23:34.909 15910 15944 I FirefoxAccountStateMachine: Processing event Event$AccountNotFound for state Start. Next state is NotAuthenticated
12-31 22:23:34.916 15910 15944 D RustNativeSupport: findMegazordLibraryName(fxaclient, 0.44.0
12-31 22:23:34.916 15910 15944 D RustNativeSupport: lib in use: none
12-31 22:23:34.916 15910 15944 D RustNativeSupport: lib configured: fenix
12-31 22:23:34.916 15910 15944 D RustNativeSupport: lib version configured: 0.44.0
12-31 22:23:34.916 15910 15944 D RustNativeSupport: settled on fenix
12-31 22:23:34.929 15910 15944 D fxaclient_ffi: fxa_new
12-31 22:23:34.993 15910 15910 D PhoneWindow: Restoring navigation bar divider color to default value = 0x00000000
12-31 22:23:35.059 15947 15947 D GeckoThread: State changed to LAUNCHED
12-31 22:23:35.060 15947 15970 I GeckoThread: preparing to run Gecko
12-31 22:23:35.186 15910 15910 D libglean_ffi: glean_ffi: Android logging should be hooked up!
12-31 22:23:35.190 15910 15910 I glean/Dispatchers: Task queued for execution and delayed until flushed
12-31 22:23:35.237 15910 15936 I Gecko:DumpUtils: Fifo watcher disabled via pref.
12-31 22:23:35.276 15910 15936 D GeckoSysInfo: System memory: 1867MB.
12-31 22:23:35.278 15910 15936 D GeckoThread: State changed to JNI_READY
12-31 22:23:35.303 15910 15915 I zygote  : Do partial code cache collection, code=31KB, data=21KB
12-31 22:23:35.305 15910 15915 I zygote  : After code cache collection, code=31KB, data=21KB
12-31 22:23:35.305 15910 15915 I zygote  : Increasing code cache capacity to 128KB
12-31 22:23:35.426 15910 15910 D GeckoRuntime: Lifecycle: onStart
12-31 22:23:35.444 15910 15910 D GeckoRuntime: Lifecycle: onResume
12-31 22:23:35.445 15910 15944 W FirefoxAccountStateMachine: Got invalid event Event$Init for state NotAuthenticated.
12-31 22:23:35.445 15910 15910 D GeckoNetworkManager: Incoming event start for state OffNoListeners -> OnNoListeners
12-31 22:23:35.448 15910 15910 D GeckoNetworkManager: New network state: UP, WIFI, WIFI
12-31 22:23:35.485 15910 15996 D OpenGLRenderer: HWUI GL Pipeline
12-31 22:23:35.531 15910 15910 I glean/Glean: Registering pings for org.mozilla.fenix.GleanMetrics.Pings
12-31 22:23:35.550 15910 15910 I glean/Glean: Registering pings for mozilla.telemetry.glean.GleanMetrics.Pings
12-31 22:23:35.583 15910 15910 I libglean_ffi: glean_core: Creating new Glean
12-31 22:23:35.583 15910 15910 D libglean_ffi: glean_core::database: Database path: "/data/user/0/org.mozilla.fenix.performancetest/glean_data/db"
12-31 22:23:35.583 15910 15910 I libglean_ffi: glean_core::database: Database initialized
12-31 22:23:35.584 15910 15910 I libglean_ffi: glean_ffi: Glean initialized
12-31 22:23:35.762 15910 15915 I zygote  : Do partial code cache collection, code=62KB, data=49KB
12-31 22:23:35.764 15910 15915 I zygote  : After code cache collection, code=60KB, data=48KB
12-31 22:23:35.764 15910 15915 I zygote  : Increasing code cache capacity to 256KB
12-31 22:23:35.773 15910 15910 D glean/MetricsPingSched: The 'metrics' ping was last sent on Tue Dec 31 00:00:00 EST 2019
12-31 22:23:35.776 15910 15910 I glean/MetricsPingSched: The 'metrics' ping was already sent today, Tue Dec 31 22:23:35 EST 2019.
12-31 22:23:35.777 15910 15910 D glean/MetricsPingSched: Scheduling the 'metrics' ping in 20184359ms
12-31 22:23:35.784 15910 15910 I glean/Dispatchers: Initial tasks queue completed successfully
12-31 22:23:35.863 15910 15936 I Gecko   : 1577849015858	addons.xpi	WARN	List of valid built-in add-ons could not be parsed.: [Exception... "Component returned failure code: 0x80520012 (NS_ERROR_FILE_NOT_FOUND) [nsIXPCComponents_Utils.readUTF8URI]"  nsresult: "0x80520012 (NS_ERROR_FILE_NOT_FOUND)"  location: "JS frame :: resource://gre/modules/addons/XPIProvider.jsm :: startup :: line 2366"  data: no] Stack trace: startup()@resource://gre/modules/addons/XPIProvider.jsm:2366
12-31 22:23:35.863 15910 15936 I Gecko   : callProvider()@resource://gre/modules/AddonManager.jsm:215
12-31 22:23:35.863 15910 15936 I Gecko   : _startProvider()@resource://gre/modules/AddonManager.jsm:586
12-31 22:23:35.863 15910 15936 I Gecko   : startup()@resource://gre/modules/AddonManager.jsm:810
12-31 22:23:35.863 15910 15936 I Gecko   : startup()@resource://gre/modules/AddonManager.jsm:3474
12-31 22:23:35.863 15910 15936 I Gecko   : observe()@resource://gre/modules/addonManager.js:87
12-31 22:23:35.910 15910 15910 D App     : ActivationPing - already generated
12-31 22:23:35.946 15910 15910 D GeckoNetworkManager: Incoming event receivedUpdate for state OnNoListeners -> OnNoListeners
12-31 22:23:35.948 15910 15910 D GeckoNetworkManager: New network state: UP, WIFI, WIFI
12-31 22:23:35.950  1456  2196 I WifiService: getDhcpInfo uid=10662
12-31 22:23:36.036 15910 15936 D GeckoThread: State changed to PROFILE_READY
12-31 22:23:36.137 15910 15936 D GeckoThread: State changed to RUNNING
12-31 22:23:36.156 15910 15936 W GeckoEventDispatcher: No listener for AndroidCastDevice:SyncDevice
12-31 22:23:36.164 15910 15936 I Gecko   : -*- nsDNSServiceDiscovery.js : nsDNSServiceDiscovery
12-31 22:23:36.283 15910 15936 W ResourceType: Too many attribute references, stopped at: 0x01010099
12-31 22:23:36.339 15910 15936 I Gecko   : Attempting load of libEGL.so
12-31 22:23:36.342 15910 15936 I Adreno  : QUALCOMM build                   : bb5b86c, I77d3059488
12-31 22:23:36.342 15910 15936 I Adreno  : Build Date                       : 06/07/18
12-31 22:23:36.342 15910 15936 I Adreno  : OpenGL ES Shader Compiler Version: EV031.22.00.01_06
12-31 22:23:36.342 15910 15936 I Adreno  : Local Branch                     : 
12-31 22:23:36.342 15910 15936 I Adreno  : Remote Branch                    : refs/tags/AU_LINUX_ANDROID_LA.UM.6.5.R1.08.01.00.312.086
12-31 22:23:36.342 15910 15936 I Adreno  : Remote Branch                    : NONE
12-31 22:23:36.342 15910 15936 I Adreno  : Reconstruct Branch               : NOTHING
12-31 22:23:36.342 15910 15936 D vndksupport: Loading /vendor/lib/hw/gralloc.msm8937.so from current namespace instead of sphal namespace.
12-31 22:23:36.349 15910 15936 I Adreno  : PFP: 0x005ff087, ME: 0x005ff063
12-31 22:23:36.356 15910 15936 I zygote  : android::hardware::configstore::V1_0::ISurfaceFlingerConfigs::hasWideColorDisplay retrieved: 0
12-31 22:23:36.375 15910 15996 I OpenGLRenderer: Initialized EGL, version 1.4
12-31 22:23:36.375 15910 15996 D OpenGLRenderer: Swap behavior 2
12-31 22:23:36.465 15910 15915 I zygote  : Do full code cache collection, code=90KB, data=107KB
12-31 22:23:36.468 15910 15915 I zygote  : After code cache collection, code=79KB, data=66KB
12-31 22:23:36.581 15910 15936 W GeckoLinker: /data/app/org.mozilla.fenix.performancetest-a42U3GM0qrd9C3xmAlFMtA==/lib/arm/libsoftokn3.so: unhandled flags #8 not handled
12-31 22:23:36.582 15910 15936 W GeckoLinker: /data/app/org.mozilla.fenix.performancetest-a42U3GM0qrd9C3xmAlFMtA==/lib/arm/libsoftokn3.so: Relocation to NULL @0x00026ffc for symbol "__cxa_type_match"
12-31 22:23:36.582 15910 15936 W GeckoLinker: /data/app/org.mozilla.fenix.performancetest-a42U3GM0qrd9C3xmAlFMtA==/lib/arm/libfreebl3.so: unhandled flags #8 not handled
12-31 22:23:36.583 15910 15936 W GeckoLinker: /data/app/org.mozilla.fenix.performancetest-a42U3GM0qrd9C3xmAlFMtA==/lib/arm/libfreebl3.so: Relocation to NULL @0x00041ffc for symbol "__cxa_type_match"
12-31 22:23:36.620 15910 16047 W GeckoLinker: /data/app/org.mozilla.fenix.performancetest-a42U3GM0qrd9C3xmAlFMtA==/lib/arm/libnssckbi.so: unhandled flags #8 not handled
12-31 22:23:36.621 15910 16047 W GeckoLinker: /data/app/org.mozilla.fenix.performancetest-a42U3GM0qrd9C3xmAlFMtA==/lib/arm/libnssckbi.so: Relocation to NULL @0x00052ffc for symbol "__cxa_type_match"
12-31 22:23:36.709 15910 15996 D vndksupport: Loading /vendor/lib/hw/android.hardware.graphics.mapper@2.0-impl.so from current namespace instead of sphal namespace.
12-31 22:23:36.710 15910 15996 D vndksupport: Loading /vendor/lib/hw/gralloc.msm8937.so from current namespace instead of sphal namespace.
12-31 22:23:36.726  1456  1673 I LaunchCheckinHandler: Displayed org.mozilla.fenix.performancetest/org.mozilla.fenix.HomeActivity,cp,ca,2386
12-31 22:23:36.727  1456  1673 I ActivityManager: Displayed org.mozilla.fenix.performancetest/org.mozilla.fenix.HomeActivity: +2s381ms
12-31 22:23:36.769 15910 16055 I experiments: Fetching experiments from https://firefox.settings.services.mozilla.com/v1/buckets/main/collections/mobile-experiments/records
12-31 22:23:36.770 15910 15910 D GeckoNetworkManager: Incoming event enableNotifications for state OnNoListeners -> OnWithListeners
12-31 22:23:36.772 15910 15910 D GeckoNetworkManager: New network state: UP, WIFI, WIFI
12-31 22:23:36.778 15910 15910 D GeckoNetworkManager: Incoming event receivedUpdate for state OnWithListeners -> OnWithListeners
12-31 22:23:36.781 15910 15910 D GeckoNetworkManager: New network state: UP, WIFI, WIFI
12-31 22:23:36.788 23700 23700 I MemoryTrimmer: Trimming objects from memory, since app is in the background.
12-31 22:23:36.804 15910 15936 W ResourceType: Too many attribute references, stopped at: 0x01010099
12-31 22:23:36.811 23700 29847 I PBSessionCacheImpl: Deleted sessionId[104235279871158103] from persistence.
12-31 22:23:36.814 23700 23700 I MemoryTrimmer: Trimming objects from memory, since app is in the background.
12-31 22:23:36.816  1456  2196 I WifiService: getWifiEnabledState uid=10073
12-31 22:23:36.822 23700 23889 W SearchServiceCore: Abort, client detached.
12-31 22:23:36.866  1456  2063 D WifiNative-wlan0: Scan issued for specific freq..
12-31 22:23:37.111   808   808 I SFPerfTracer:      triggers: (rate: 49:58815) (compose: 0:5) (post: 0:13) (render: 0:9) (6:1530942 frames) (7:2625993)
12-31 22:23:37.111   808   808 D SFPerfTracer:        layers: (3:11) (NavigationBar#0 (0xb07df000): 0:350285) (StatusBar#0 (0xb07e3000): 0:1058297) (com.android.systemui.ImageWallpaper#0 (0xb07e7000): 0:28096)* (Sprite#0 (0xb0733000): 0:317)* (DimLayerController/Stack=0#0 (0xb075a000): 0:3501)* (Sprite#1 (0xb077c000): 0:195)* (org.mozilla.fenix.performancetest/org.mozilla.fenix.HomeActivity#0 (0xb039b000): 0:44)- (com.android.launcher3/com.android.launcher3.CustomizationPanelLauncher#0 (0xb0763000): 0:42)- (com.android.launcher3/com.android.launcher3.CustomizationPanelLauncher#1 (0xb0771000): 0:10)- (Splash Screen org.mozilla.fenix.performancetest#0 (0xb0384000): 0:32)- (org.mozilla.fenix.performancetest/org.mozilla.fenix.HomeActivity#0 (0xb039b000): 6:20) 
12-31 22:23:37.155  1456  2196 D WificondControl: Scan result ready event
12-31 22:23:37.310 15910 15910 D App     : Installed browser-icons extension
12-31 22:23:37.339 15910 16055 D experiments: Fetched experiments from https://firefox.settings.services.mozilla.com/v1/buckets/main/collections/mobile-experiments/records:
12-31 22:23:37.339 15910 16055 D experiments: {"data":[]}
12-31 22:23:37.341 15910 16055 I experiments: Experiments update from server: ExperimentsSnapshot(experiments=[], lastModified=null)
12-31 22:23:37.350 15910 16055 I experiments: onExperimentsUpdated - no experiment currently active, looking for match
12-31 22:23:37.359 15910 15931 I WM-WorkerWrapper: Worker result SUCCESS for Work [ id=86d47fd4-0542-459f-aaa3-1801262eceb5, tags={ mozilla.components.service.experiments.ExperimentsUpdaterWorker, mozilla.components.service.experiments } ]
