10-25 21:43:00.975 19073 19186 D experiments: Fetched experiments from https://firefox.settings.services.mozilla.com/v1/buckets/main/collections/mobile-experiments/records?_since=1571412801265:
10-25 21:43:00.975 19073 19186 D experiments: {"data":[]}
10-25 21:43:00.977 19073 19186 I experiments: Experiments update from server: ExperimentsSnapshot(experiments=[Experiment(id=fenix-etp-5651, description=https://experimenter.services.mozilla.com/experiments/fenix-tracking-protection-modes-standard-vs-strict-for-default/, lastModified=1571412801265, schemaModified=1571348605702, buckets=Buckets(start=0, count=0), branches=[Branch(name=treatment_standard, ratio=1), Branch(name=control_strict, ratio=1)], match=Matcher(appId=org.mozilla.fenix, appDisplayVersion=2.2.0, appMinVersion=null, appMaxVersion=null, localeLanguage=null, localeCountry=null, deviceManufacturer=null, deviceModel=null, regions=[], debugTags=[]))], lastModified=1571412801265)
10-25 21:43:00.979 19073 19186 I experiments: onExperimentsUpdated - no experiment currently active, looking for match
10-25 21:43:00.984 19073 19088 I WM-WorkerWrapper: Worker result SUCCESS for Work [ id=672c6de5-54d1-4784-9f67-1dcb7d29969e, tags={ mozilla.components.service.experiments.ExperimentsUpdaterWorker, mozilla.components.service.experiments } ]
10-25 21:43:04.205  2340  2441 I QCNEJ   : |CORE| CNE received action RSSI/Link Changed events: android.net.wifi.RSSI_CHANGED
10-25 21:43:04.205  2340  2441 D QCNEJ   : |CORE| Updating RSSI: -66
10-25 21:43:08.661  1456  2196 I ActivityManager: Force stopping org.mozilla.fenix.nightly appid=10377 user=0: from pid 19230
10-25 21:43:08.662  1456  2196 I ActivityManager: Killing 19073:org.mozilla.fenix.nightly/u0a377 (adj 0): stop org.mozilla.fenix.nightly
10-25 21:43:08.664  1456  1605 W zygote  : kill(-19073, 9) failed: No such process
10-25 21:43:08.665  1456  2196 W ActivityManager: Force removing ActivityRecord{6bb49f8 u0 org.mozilla.fenix.nightly/org.mozilla.fenix.HomeActivity t805}: app died, no saved state
10-25 21:43:08.665 19110 19110 I ServiceChildProcess: Service has been unbound. Stopping.
10-25 21:43:08.680  1456  1605 W zygote  : kill(-19073, 9) failed: No such process
10-25 21:43:08.691  1456  7796 I OpenGLRenderer: Initialized EGL, version 1.4
10-25 21:43:08.692  1456  7796 D OpenGLRenderer: Swap behavior 2
10-25 21:43:08.696  1456  1605 W zygote  : kill(-19073, 9) failed: No such process
10-25 21:43:08.722  1456  1605 I chatty  : uid=1000(system) ActivityManager identical 2 lines
10-25 21:43:08.736  1456  1605 W zygote  : kill(-19073, 9) failed: No such process
10-25 21:43:08.737  1456  1941 W InputDispatcher: channel 'bf4ade9 org.mozilla.fenix.nightly/org.mozilla.fenix.HomeActivity (server)' ~ Consumer closed input channel or an error occurred.  events=0x9
10-25 21:43:08.738  1456  1941 E InputDispatcher: channel 'bf4ade9 org.mozilla.fenix.nightly/org.mozilla.fenix.HomeActivity (server)' ~ Channel is unrecoverably broken and will be disposed!
10-25 21:43:08.749  1456  1605 W zygote  : kill(-19073, 9) failed: No such process
10-25 21:43:08.759  1456  2196 I ActivityManager: Killing 19110:org.mozilla.fenix.nightly:tab/u0a377 (adj 0): stop org.mozilla.fenix.nightly
10-25 21:43:08.762  1456  2920 I WindowManager: WIN DEATH: Window{bf4ade9 u0 org.mozilla.fenix.nightly/org.mozilla.fenix.HomeActivity}
10-25 21:43:08.762  1456  2920 W InputDispatcher: Attempted to unregister already unregistered input channel 'bf4ade9 org.mozilla.fenix.nightly/org.mozilla.fenix.HomeActivity (server)'
10-25 21:43:08.762  1456  1605 W zygote  : kill(-19073, 9) failed: No such process
10-25 21:43:08.763  1456  1605 I zygote  : Successfully killed process cgroup uid 10377 pid 19073 in 98ms
10-25 21:43:08.763  1456  1605 W zygote  : kill(-19110, 9) failed: No such process
10-25 21:43:08.774  1456  1603 W Looper  : Dispatch took 109ms on android.ui, h=Handler (com.android.server.am.ActivityManagerService$UiHandler) {2cc60ff} cb=null msg=32
10-25 21:43:08.788  1456  1673 W ActivityManager: setHasOverlayUi called on unknown pid: 19073
10-25 21:43:08.791  2398  2398 D CarrierSvcBindHelper: No carrier app for: 0
10-25 21:43:08.794  2398  2398 D CarrierSvcBindHelper: No carrier app for: 1
10-25 21:43:08.800  7883  7883 W Settings: Setting bugreport_in_power_menu has moved from android.provider.Settings.Secure to android.provider.Settings.Global.
10-25 21:43:08.806  1456  1605 W zygote  : kill(-19110, 9) failed: No such process
10-25 21:43:08.813  1456  2196 I WifiService: getVerboseLoggingLevel uid=1000
10-25 21:43:08.813  1456  2196 I WifiService: getAggressiveHandover uid=1000
10-25 21:43:08.814  1456  2920 I WifiService: getAllowScansWithTraffic uid=1000
10-25 21:43:08.823  7883  7883 W ResourceType: Found multiple library tables, ignoring...
10-25 21:43:08.825  1456  1605 W zygote  : kill(-19110, 9) failed: No such process
10-25 21:43:08.839  1456  1605 W zygote  : kill(-19110, 9) failed: No such process
10-25 21:43:08.842  2398  2398 E PhoneInterfaceManager: [PhoneIntfMgr] getAllowedCarriers: CommandException: com.android.internal.telephony.CommandException: REQUEST_NOT_SUPPORTED
10-25 21:43:08.847  7883 19232 W TileUtils: Found com.android.settings.backup.BackupSettingsActivity for intent Intent { act=com.android.settings.action.SETTINGS pkg=com.android.settings } missing metadata com.android.settings.category
10-25 21:43:08.848  2398  2398 E PhoneInterfaceManager: [PhoneIntfMgr] getAllowedCarriers: CommandException: com.android.internal.telephony.CommandException: REQUEST_NOT_SUPPORTED
10-25 21:43:08.854  1456  1605 W zygote  : kill(-19110, 9) failed: No such process
10-25 21:43:08.871  1456  1605 I chatty  : uid=1000(system) ActivityManager identical 1 line
10-25 21:43:08.899  1456  1605 W zygote  : kill(-19110, 9) failed: No such process
10-25 21:43:08.899  1456  1605 I zygote  : Successfully killed process cgroup uid 10377 pid 19110 in 135ms
10-25 21:43:08.903  7883 19236 D Settings: No enabled state changed, skipping updateCategory call
10-25 21:43:08.919  2146  2165 I zygote  : NativeAlloc concurrent copying GC freed 9772(432KB) AllocSpace objects, 0(0B) LOS objects, 50% free, 5MB/11MB, paused 165us total 101.908ms
10-25 21:43:08.923  1456  2196 I ActivityManager: START u0 {act=android.intent.action.MAIN cat=[android.intent.category.LAUNCHER] flg=0x10000000 cmp=org.mozilla.fenix.nightly/org.mozilla.fenix.HomeActivity} from uid 2000
10-25 21:43:08.923   794   839 E ANDR-PERF-RESOURCEQS: Failed to apply optimization [4, 0]
10-25 21:43:08.951  1456  2920 I ActivityManager: Start proc 19239:org.mozilla.fenix.nightly/u0a377 for activity org.mozilla.fenix.nightly/org.mozilla.fenix.HomeActivity
10-25 21:43:09.027  1456  1466 I zygote  : NativeAlloc concurrent copying GC freed 42004(2MB) AllocSpace objects, 18(808KB) LOS objects, 42% free, 23MB/40MB, paused 841us total 335.270ms
10-25 21:43:09.113 19239 19239 D FirebaseApp: Default FirebaseApp failed to initialize because no default options were found. This usually means that com.google.gms:google-services was not applied to your gradle project.
10-25 21:43:09.114 19239 19239 I FirebaseInitProvider: FirebaseApp initialization unsuccessful
10-25 21:43:09.149 19239 19239 W System.err: SLF4J: Failed to load class "org.slf4j.impl.StaticLoggerBinder".
10-25 21:43:09.149 19239 19239 W System.err: SLF4J: Defaulting to no-operation (NOP) logger implementation
10-25 21:43:09.149 19239 19239 W System.err: SLF4J: See http://www.slf4j.org/codes.html#StaticLoggerBinder for further details.
10-25 21:43:09.150 19239 19239 D io.sentry.android.AndroidSentryClientFactory: Construction of Android Sentry.
10-25 21:43:09.166 19239 19239 D RustNativeSupport: findMegazordLibraryName(viaduct, 0.42.0
10-25 21:43:09.166 19239 19239 D RustNativeSupport: lib in use: none
10-25 21:43:09.166 19239 19239 D RustNativeSupport: lib configured: fenix
10-25 21:43:09.166 19239 19239 D RustNativeSupport: lib version configured: 0.42.0
10-25 21:43:09.166 19239 19239 D RustNativeSupport: settled on fenix
10-25 21:43:09.191 19239 19239 D RustNativeSupport: findMegazordLibraryName(rustlog, 0.42.0
10-25 21:43:09.191 19239 19239 D RustNativeSupport: lib in use: none
10-25 21:43:09.191 19239 19239 D RustNativeSupport: lib configured: fenix
10-25 21:43:09.191 19239 19239 D RustNativeSupport: lib version configured: 0.42.0
10-25 21:43:09.191 19239 19239 D RustNativeSupport: settled on fenix
10-25 21:43:09.194 19239 19239 I rc_log_ffi::ios: rc_log adapter initialized!
10-25 21:43:09.211 19239 19239 D GeckoThread: State changed to LAUNCHED
10-25 21:43:09.212 19239 19257 I GeckoThread: preparing to run Gecko
10-25 21:43:09.217 19239 19239 D GeckoRuntime: Lifecycle: onCreate
10-25 21:43:09.218 19239 19257 D GeckoThread: State changed to MOZGLUE_READY
10-25 21:43:09.231 19239 19257 W Settings: Setting animator_duration_scale has moved from android.provider.Settings.System to android.provider.Settings.Global, returning read-only global URI.
10-25 21:43:09.233 19239 19257 E GeckoLibLoad: Load sqlite start
10-25 21:43:09.253 19239 19257 W GeckoLinker: /data/app/org.mozilla.fenix.nightly-mTj8vinJFKwFoONqn3lBCw==/lib/arm/libnss3.so: unhandled flags #8 not handled
10-25 21:43:09.261 19239 19239 I experiments: No active experiment in cache
10-25 21:43:09.267 19239 19261 D App     : Bucket is 4
10-25 21:43:09.270 19239 19261 D App     : Experiments active: {asFeatureSyncDisabled=false}
10-25 21:43:09.272 19239 19257 W GeckoLinker: /data/app/org.mozilla.fenix.nightly-mTj8vinJFKwFoONqn3lBCw==/lib/arm/libnss3.so: Relocation to NULL @0x00131ffc for symbol "__cxa_type_match"
10-25 21:43:09.272 19239 19257 E GeckoLibLoad: Load sqlite done
10-25 21:43:09.273 19239 19257 E GeckoLibLoad: Load nss start
10-25 21:43:09.273 19239 19257 E GeckoLibLoad: Load nss done
10-25 21:43:09.273 19239 19257 W GeckoLinker: /data/app/org.mozilla.fenix.nightly-mTj8vinJFKwFoONqn3lBCw==/lib/arm/libxul.so: unhandled flags #8 not handled
10-25 21:43:09.274 19239 19257 W GeckoLinker: /data/app/org.mozilla.fenix.nightly-mTj8vinJFKwFoONqn3lBCw==/lib/arm/liblgpllibs.so: unhandled flags #8 not handled
10-25 21:43:09.291 19239 19239 D libglean_ffi: glean_ffi: Android logging should be hooked up!
10-25 21:43:09.325 19239 19239 I glean/Dispatchers: Task queued for execution and delayed until flushed
10-25 21:43:09.326 19239 19257 E GeckoLibLoad: Loaded libs in 52.730787ms total, 23ms(130ms) user, 16ms(40ms) system, 0(0) faults
10-25 21:43:09.326 19239 19257 D GeckoThread: State changed to LIBS_READY
10-25 21:43:09.327 19239 19257 W GeckoThread: zerdatime 4582267848 - runGecko
10-25 21:43:09.333 19239 19257 D GeckoProfile: Loading profile at: null name: default
10-25 21:43:09.334 19239 19257 D GeckoProfile: Found profile dir: /data/user/0/org.mozilla.fenix.nightly/files/mozilla/7m5nawaw.default
10-25 21:43:09.344  1456  2196 I ActivityManager: Start proc 19276:org.mozilla.fenix.nightly:tab/u0a377 for service org.mozilla.fenix.nightly/org.mozilla.gecko.process.GeckoServiceChildProcess$tab
10-25 21:43:09.377   808   898 I SFPerfTracer:      triggers: (rate: 0:0) (0 sw vsyncs) (0 skipped) (24:126330 vsyncs) (26:588020)
10-25 21:43:09.385   808   808 I SFPerfTracer:      triggers: (rate: 5:8811) (compose: 0:0) (post: 0:0) (render: 0:1) (15:232991 frames) (16:583914)
10-25 21:43:09.385   808   808 D SFPerfTracer:        layers: (3:14) (NavigationBar#0 (0xb07df000): 0:1072) (StatusBar#0 (0xb07e3000): 4:355988) (com.android.systemui.ImageWallpaper#0 (0xb07e7000): 0:76)* (Sprite#0 (0xb0733000): 0:317)* (DimLayerController/Stack=0#0 (0xb075a000): 0:165)* (animation background stackId=1#0 (0xb0771000): 0:4)* (Sprite#1 (0xb077c000): 0:195)* (Splash Screen org.mozilla.fenix.nightly#0 (0xb039b000): 0:30)- (org.mozilla.fenix.nightly/org.mozilla.fenix.HomeActivity#0 (0xb075d000): 0:29)- (com.android.settings/com.android.settings.Settings$DevelopmentSettingsActivity#0 (0xb0763000): 0:8)- (Splash Screen org.mozilla.fenix.nightly#0 (0xb0383000): 0:30)- (org.mozilla.fenix.nightly/org.mozilla.fenix.HomeActivity#0 (0xb039b000): 0:24)- (com.android.settings/com.android.settings.Settings$DevelopmentSettingsActivity#0 (0xb0763000): 1:10)* (Splash Screen org.mozilla.fenix.nightly#0 (0xb039b000): 15:18) 
10-25 21:43:09.388 19239 19239 I glean/Dispatchers: Task queued for execution and delayed until flushed
10-25 21:43:09.390 19239 19239 I glean/Dispatchers: Task queued for execution and delayed until flushed
10-25 21:43:09.395 19239 19239 D App     : ActivationPing - already generated
10-25 21:43:09.429 19276 19276 W System.err: SLF4J: Failed to load class "org.slf4j.impl.StaticLoggerBinder".
10-25 21:43:09.429 19276 19276 W System.err: SLF4J: Defaulting to no-operation (NOP) logger implementation
10-25 21:43:09.429 19276 19276 W System.err: SLF4J: See http://www.slf4j.org/codes.html#StaticLoggerBinder for further details.
10-25 21:43:09.430 19276 19276 D io.sentry.android.AndroidSentryClientFactory: Construction of Android Sentry.
10-25 21:43:09.448 19276 19276 D RustNativeSupport: findMegazordLibraryName(viaduct, 0.42.0
10-25 21:43:09.448 19276 19276 D RustNativeSupport: lib in use: none
10-25 21:43:09.448 19276 19276 D RustNativeSupport: lib configured: fenix
10-25 21:43:09.448 19276 19276 D RustNativeSupport: lib version configured: 0.42.0
10-25 21:43:09.448 19276 19276 D RustNativeSupport: settled on fenix
10-25 21:43:09.474 19276 19276 D RustNativeSupport: findMegazordLibraryName(rustlog, 0.42.0
10-25 21:43:09.474 19276 19276 D RustNativeSupport: lib in use: none
10-25 21:43:09.474 19276 19276 D RustNativeSupport: lib configured: fenix
10-25 21:43:09.474 19276 19276 D RustNativeSupport: lib version configured: 0.42.0
10-25 21:43:09.474 19276 19276 D RustNativeSupport: settled on fenix
10-25 21:43:09.477 19276 19276 I rc_log_ffi::ios: rc_log adapter initialized!
10-25 21:43:09.483 19276 19276 D GeckoThread: State changed to LAUNCHED
10-25 21:43:09.484 19276 19300 I GeckoThread: preparing to run Gecko
10-25 21:43:09.492 19239 19244 I zygote  : Do partial code cache collection, code=28KB, data=26KB
10-25 21:43:09.494 19239 19244 I zygote  : After code cache collection, code=28KB, data=26KB
10-25 21:43:09.494 19239 19244 I zygote  : Increasing code cache capacity to 128KB
10-25 21:43:09.495 19239 19239 W [WARNING][Leanplum]: [com.leanplum.internal.ActionManager::getLocationManager::8]: Geofencing support requires leanplum-location module and Google Play Services v8.1 and higher.
10-25 21:43:09.495 19239 19239 W [WARNING][Leanplum]: Add this to your build.gradle file:
10-25 21:43:09.495 19239 19239 W [WARNING][Leanplum]: implementation 'com.google.android.gms:play-services-location:8.3.0+'
10-25 21:43:09.495 19239 19239 W [WARNING][Leanplum]: implementation 'com.leanplum:leanplum-location:+'
10-25 21:43:09.503 19239 19239 I [INFO][Leanplum]: [com.leanplum.monitoring.ExceptionHandler::setContext::6]: LeanplumExceptionHandler could not initialize Exception Reporting.This is expected if you have not included the leanplum-monitoring module
10-25 21:43:09.515 19239 19239 I FirefoxAccountStateMachine: Enabling/updating sync with a new SyncConfig: SyncConfig(supportedEngines=[mozilla.components.service.fxa.SyncEngine$History@e5533f7, mozilla.components.service.fxa.SyncEngine$Bookmarks@8269264], syncPeriodInMinutes=240)
10-25 21:43:09.524 19239 19239 I BgSyncManager: Periodic syncing enabled at a 240 interval
10-25 21:43:09.525 19239 19239 I FirefoxAccountStateMachine: Sync is enabled
10-25 21:43:09.528 19239 19239 W PushConfig: No firebase configuration found; cannot support push service.
10-25 21:43:09.533 19239 19305 I FirefoxAccountStateMachine: Processing event Event$Init for state Start. Next state is Start
10-25 21:43:09.537 19239 19305 I FirefoxAccountStateMachine: Ran 'Event$Init' side-effects for state Start, got successive event Event$AccountNotFound
10-25 21:43:09.537 19239 19305 I FirefoxAccountStateMachine: Processing event Event$AccountNotFound for state Start. Next state is NotAuthenticated
10-25 21:43:09.543 19239 19305 D RustNativeSupport: findMegazordLibraryName(fxaclient, 0.42.0
10-25 21:43:09.543 19239 19305 D RustNativeSupport: lib in use: none
10-25 21:43:09.543 19239 19305 D RustNativeSupport: lib configured: fenix
10-25 21:43:09.543 19239 19305 D RustNativeSupport: lib version configured: 0.42.0
10-25 21:43:09.543 19239 19305 D RustNativeSupport: settled on fenix
10-25 21:43:09.548 19239 19305 D fxaclient_ffi: fxa_new
10-25 21:43:09.587 19239 19239 D PhoneWindow: Restoring navigation bar divider color to default value = 0x00000000
10-25 21:43:09.665 19239 19239 I glean/Dispatchers: Task queued for execution and delayed until flushed
10-25 21:43:09.669 19239 19244 I zygote  : Do partial code cache collection, code=58KB, data=46KB
10-25 21:43:09.670 19239 19244 I zygote  : After code cache collection, code=53KB, data=44KB
10-25 21:43:09.670 19239 19244 I zygote  : Increasing code cache capacity to 256KB
10-25 21:43:09.713 19239 19257 I Gecko:DumpUtils: Fifo watcher disabled via pref.
10-25 21:43:09.804 19239 19239 D GeckoRuntime: Lifecycle: onStart
10-25 21:43:09.819 19239 19239 I zygote  : Deoptimizing void mozilla.components.support.utils.Browsers.<init>(android.content.Context, android.net.Uri, kotlin.jvm.internal.DefaultConstructorMarker) due to JIT inline cache
10-25 21:43:09.821 19239 19301 D NetworkSecurityConfig: No Network Security Config specified, using platform default
10-25 21:43:09.829 19239 19257 D GeckoSysInfo: System memory: 1867MB.
10-25 21:43:09.832 19239 19257 D GeckoThread: State changed to JNI_READY
10-25 21:43:09.845 19239 19239 D GeckoRuntime: Lifecycle: onResume
10-25 21:43:09.846 19239 19305 W FirefoxAccountStateMachine: Got invalid event Event$Init for state NotAuthenticated.
10-25 21:43:09.847 19239 19239 D GeckoNetworkManager: Incoming event start for state OffNoListeners -> OnNoListeners
10-25 21:43:09.849 19239 19239 D GeckoNetworkManager: New network state: UP, WIFI, WIFI
10-25 21:43:09.867 19239 19331 D OpenGLRenderer: HWUI GL Pipeline
10-25 21:43:09.873 19239 19239 I glean/Glean: Registering pings for org.mozilla.fenix.GleanMetrics.Pings
10-25 21:43:09.875 19239 19239 I glean/Glean: Registering pings for mozilla.telemetry.glean.GleanMetrics.Pings
10-25 21:43:09.894 19239 19239 I libglean_ffi: glean_core: Creating new Glean
10-25 21:43:09.894 19239 19239 D libglean_ffi: glean_core::database: Database path: "/data/user/0/org.mozilla.fenix.nightly/glean_data/db"
10-25 21:43:09.895 19239 19239 I libglean_ffi: glean_core::database: Database initialized
10-25 21:43:09.896 19239 19239 I libglean_ffi: glean_ffi: Glean initialized
10-25 21:43:09.917 19239 19337 I libglean_ffi: glean_core::ping: Collecting events
10-25 21:43:09.923 19239 19337 D libglean_ffi: glean_core::ping: Storing ping 'cceae6b3-1cf0-4511-ae72-f7f14bc2ffe9' at '/data/user/0/org.mozilla.fenix.nightly/glean_data/pending_pings/cceae6b3-1cf0-4511-ae72-f7f14bc2ffe9'
10-25 21:43:09.924 19239 19337 I libglean_ffi: glean_core: The ping 'events' was submitted and will be sent as soon as possible
10-25 21:43:09.936 19239 19239 D glean/MetricsPingSched: The 'metrics' ping was last sent on Fri Oct 25 00:00:00 EDT 2019
10-25 21:43:09.937 19239 19239 I glean/MetricsPingSched: The 'metrics' ping was already sent today, Fri Oct 25 21:43:09 EDT 2019.
10-25 21:43:09.937 19239 19239 D glean/MetricsPingSched: Scheduling the 'metrics' ping in 22610083ms
10-25 21:43:09.939 19239 19239 D glean/MetricsPingSched: The 'metrics' ping was last sent on Fri Oct 25 00:00:00 EDT 2019
10-25 21:43:09.939 19239 19239 I glean/MetricsPingSched: The 'metrics' ping was already sent today, Fri Oct 25 21:43:09 EDT 2019.
10-25 21:43:09.939 19239 19239 D glean/MetricsPingSched: Scheduling the 'metrics' ping in 22610062ms
10-25 21:43:09.947 19239 19239 I glean/Dispatchers: Initial tasks queue completed successfully
10-25 21:43:09.982  1456  2920 D ConnectivityService: requestNetwork for uid/pid:10377/19239 NetworkRequest [ TRACK_DEFAULT id=1477, [ Capabilities: INTERNET&NOT_RESTRICTED&TRUSTED&NOT_VPN] ]
10-25 21:43:09.983  1456  2099 D Ethernet: got request NetworkRequest [ TRACK_DEFAULT id=1477, [ Capabilities: INTERNET&NOT_RESTRICTED&TRUSTED&NOT_VPN] ] with score 60
10-25 21:43:09.984  2398  2398 D PhoneSwitcherNetworkRequstListener: got request NetworkRequest [ TRACK_DEFAULT id=1477, [ Capabilities: INTERNET&NOT_RESTRICTED&TRUSTED&NOT_VPN] ] with score 60
10-25 21:43:09.984 19239 19303 E ActivityThread: Failed to find provider info for com.facebook.katana.provider.AttributionIdProvider
10-25 21:43:09.985  1456  2054 D WIFI_UT : got request NetworkRequest [ TRACK_DEFAULT id=1477, [ Capabilities: INTERNET&NOT_RESTRICTED&TRUSTED&NOT_VPN] ] with score 60
10-25 21:43:09.985  1456  2054 D WIFI    : got request NetworkRequest [ TRACK_DEFAULT id=1477, [ Capabilities: INTERNET&NOT_RESTRICTED&TRUSTED&NOT_VPN] ] with score 60
10-25 21:43:10.011 19239 19239 D GeckoNetworkManager: Incoming event receivedUpdate for state OnNoListeners -> OnNoListeners
10-25 21:43:10.012 19239 19239 D GeckoNetworkManager: New network state: UP, WIFI, WIFI
10-25 21:43:10.013  1456  2920 I WifiService: getDhcpInfo uid=10377
10-25 21:43:10.020 19239 19239 I zygote  : Deoptimizing java.lang.Object androidx.collection.SimpleArrayMap.put(java.lang.Object, java.lang.Object) due to JIT inline cache
10-25 21:43:10.059 19239 19239 I zygote  : Deoptimizing void androidx.constraintlayout.widget.ConstraintLayout$LayoutParams.resolveLayoutDirection(int) due to JIT inline cache
10-25 21:43:10.139 19239 19244 I zygote  : Do full code cache collection, code=122KB, data=97KB
10-25 21:43:10.141 19239 19244 I zygote  : After code cache collection, code=94KB, data=56KB
10-25 21:43:10.244 19239 19331 I Adreno  : QUALCOMM build                   : bb5b86c, I77d3059488
10-25 21:43:10.244 19239 19331 I Adreno  : Build Date                       : 06/07/18
10-25 21:43:10.244 19239 19331 I Adreno  : OpenGL ES Shader Compiler Version: EV031.22.00.01_06
10-25 21:43:10.244 19239 19331 I Adreno  : Local Branch                     : 
10-25 21:43:10.244 19239 19331 I Adreno  : Remote Branch                    : refs/tags/AU_LINUX_ANDROID_LA.UM.6.5.R1.08.01.00.312.086
10-25 21:43:10.244 19239 19331 I Adreno  : Remote Branch                    : NONE
10-25 21:43:10.244 19239 19331 I Adreno  : Reconstruct Branch               : NOTHING
10-25 21:43:10.245 19239 19331 D vndksupport: Loading /vendor/lib/hw/gralloc.msm8937.so from current namespace instead of sphal namespace.
10-25 21:43:10.254 19239 19331 I Adreno  : PFP: 0x005ff087, ME: 0x005ff063
10-25 21:43:10.263 19239 19331 I zygote  : android::hardware::configstore::V1_0::ISurfaceFlingerConfigs::hasWideColorDisplay retrieved: 0
10-25 21:43:10.266 19239 19331 I OpenGLRenderer: Initialized EGL, version 1.4
10-25 21:43:10.266 19239 19331 D OpenGLRenderer: Swap behavior 2
10-25 21:43:10.280 19239 19244 I zygote  : Do partial code cache collection, code=102KB, data=79KB
10-25 21:43:10.282 19239 19244 I zygote  : After code cache collection, code=101KB, data=79KB
10-25 21:43:10.282 19239 19244 I zygote  : Increasing code cache capacity to 512KB
10-25 21:43:10.290 19239 19257 I Gecko   : 1572054190285	addons.xpi	WARN	List of valid built-in add-ons could not be parsed.: [Exception... "Component returned failure code: 0x80520012 (NS_ERROR_FILE_NOT_FOUND) [nsIXPCComponents_Utils.readUTF8URI]"  nsresult: "0x80520012 (NS_ERROR_FILE_NOT_FOUND)"  location: "JS frame :: resource://gre/modules/addons/XPIProvider.jsm :: startup :: line 2362"  data: no] Stack trace: startup()@resource://gre/modules/addons/XPIProvider.jsm:2362
10-25 21:43:10.290 19239 19257 I Gecko   : callProvider()@resource://gre/modules/AddonManager.jsm:215
10-25 21:43:10.290 19239 19257 I Gecko   : _startProvider()@resource://gre/modules/AddonManager.jsm:651
10-25 21:43:10.290 19239 19257 I Gecko   : startup()@resource://gre/modules/AddonManager.jsm:875
10-25 21:43:10.290 19239 19257 I Gecko   : startup()@resource://gre/modules/AddonManager.jsm:3534
10-25 21:43:10.290 19239 19257 I Gecko   : observe()@resource://gre/modules/addonManager.js:87
10-25 21:43:10.299  2340  2441 I QCNEJ   : |CORE| CNE received action RSSI/Link Changed events: android.net.wifi.RSSI_CHANGED
10-25 21:43:10.299  2340  2441 D QCNEJ   : |CORE| Updating RSSI: -67
10-25 21:43:10.324 19239 19348 D glean/PingUploadWorker: Processing persisted pings at /data/user/0/org.mozilla.fenix.nightly/glean_data/pending_pings
10-25 21:43:10.325 19239 19348 D glean/PingUploadWorker: Processing ping: cceae6b3-1cf0-4511-ae72-f7f14bc2ffe9
10-25 21:43:10.330 19239 19348 D glean/ConceptFetchHttpUploader: Submitting ping to: https://incoming.telemetry.mozilla.org/submit/org-mozilla-fenix-nightly/events/1/cceae6b3-1cf0-4511-ae72-f7f14bc2ffe9
10-25 21:43:10.349 19239 19331 D vndksupport: Loading /vendor/lib/hw/android.hardware.graphics.mapper@2.0-impl.so from current namespace instead of sphal namespace.
10-25 21:43:10.352 19239 19331 D vndksupport: Loading /vendor/lib/hw/gralloc.msm8937.so from current namespace instead of sphal namespace.
10-25 21:43:10.374  1456  1673 I LaunchCheckinHandler: Displayed org.mozilla.fenix.nightly/org.mozilla.fenix.HomeActivity,cp,ca,1437
10-25 21:43:10.375  1456  1673 I ActivityManager: Displayed org.mozilla.fenix.nightly/org.mozilla.fenix.HomeActivity: +1s430ms
10-25 21:43:10.419 19239 19352 I experiments: Fetching experiments from https://firefox.settings.services.mozilla.com/v1/buckets/main/collections/mobile-experiments/records?_since=1571412801265
10-25 21:43:10.490 19239 19257 D GeckoThread: State changed to PROFILE_READY
10-25 21:43:10.602 19239 19257 W GeckoEventDispatcher: No listener for AndroidCastDevice:SyncDevice
10-25 21:43:10.609 19239 19257 I Gecko   : -*- nsDNSServiceDiscovery.js : nsDNSServiceDiscovery
10-25 21:43:10.710 19239 19257 W ResourceType: Too many attribute references, stopped at: 0x01010099
10-25 21:43:10.757 19239 19257 I Gecko   : Attempting load of libEGL.so
10-25 21:43:10.952 19239 19239 D GeckoNetworkManager: Incoming event enableNotifications for state OnNoListeners -> OnWithListeners
10-25 21:43:10.953 19239 19239 D GeckoNetworkManager: New network state: UP, WIFI, WIFI
10-25 21:43:10.954 19239 19239 D GeckoNetworkManager: Incoming event receivedUpdate for state OnWithListeners -> OnWithListeners
10-25 21:43:10.955 19239 19239 D GeckoNetworkManager: New network state: UP, WIFI, WIFI
10-25 21:43:10.957 19239 19257 W GeckoLinker: /data/app/org.mozilla.fenix.nightly-mTj8vinJFKwFoONqn3lBCw==/lib/arm/libsoftokn3.so: unhandled flags #8 not handled
10-25 21:43:10.958 19239 19257 W GeckoLinker: /data/app/org.mozilla.fenix.nightly-mTj8vinJFKwFoONqn3lBCw==/lib/arm/libsoftokn3.so: Relocation to NULL @0x00025ffc for symbol "__cxa_type_match"
10-25 21:43:10.959 19239 19257 W GeckoLinker: /data/app/org.mozilla.fenix.nightly-mTj8vinJFKwFoONqn3lBCw==/lib/arm/libfreebl3.so: unhandled flags #8 not handled
10-25 21:43:10.959 19239 19257 W GeckoLinker: /data/app/org.mozilla.fenix.nightly-mTj8vinJFKwFoONqn3lBCw==/lib/arm/libfreebl3.so: Relocation to NULL @0x00041ffc for symbol "__cxa_type_match"
10-25 21:43:10.994 19239 19371 W GeckoLinker: /data/app/org.mozilla.fenix.nightly-mTj8vinJFKwFoONqn3lBCw==/lib/arm/libnssckbi.so: unhandled flags #8 not handled
10-25 21:43:10.995 19239 19371 W GeckoLinker: /data/app/org.mozilla.fenix.nightly-mTj8vinJFKwFoONqn3lBCw==/lib/arm/libnssckbi.so: Relocation to NULL @0x00051ffc for symbol "__cxa_type_match"
10-25 21:43:11.110 19239 19352 D experiments: Fetched experiments from https://firefox.settings.services.mozilla.com/v1/buckets/main/collections/mobile-experiments/records?_since=1571412801265:
10-25 21:43:11.110 19239 19352 D experiments: {"data":[]}
10-25 21:43:11.111 19239 19352 I experiments: Experiments update from server: ExperimentsSnapshot(experiments=[Experiment(id=fenix-etp-5651, description=https://experimenter.services.mozilla.com/experiments/fenix-tracking-protection-modes-standard-vs-strict-for-default/, lastModified=1571412801265, schemaModified=1571348605702, buckets=Buckets(start=0, count=0), branches=[Branch(name=treatment_standard, ratio=1), Branch(name=control_strict, ratio=1)], match=Matcher(appId=org.mozilla.fenix, appDisplayVersion=2.2.0, appMinVersion=null, appMaxVersion=null, localeLanguage=null, localeCountry=null, deviceManufacturer=null, deviceModel=null, regions=[], debugTags=[]))], lastModified=1571412801265)
10-25 21:43:11.112 19239 19352 I experiments: onExperimentsUpdated - no experiment currently active, looking for match
10-25 21:43:11.115 19239 19271 I WM-WorkerWrapper: Worker result SUCCESS for Work [ id=d92a5ced-5eb0-4472-8d58-8802c2f29f6c, tags={ mozilla.components.service.experiments.ExperimentsUpdaterWorker, mozilla.components.service.experiments } ]
10-25 21:43:11.390 19239 19348 D glean/ConceptFetchHttpUploader: Ping successfully sent (200)
10-25 21:43:11.391 19239 19348 D glean/PingUploadWorker: cceae6b3-1cf0-4511-ae72-f7f14bc2ffe9 was deleted: true
10-25 21:43:11.392 19239 19270 I WM-WorkerWrapper: Worker result SUCCESS for Work [ id=20b780b2-8142-4ab7-9326-932d50110992, tags={ mozilla.telemetry.glean.scheduler.PingUploadWorker, mozac_service_glean_ping_upload_worker } ]
10-25 21:43:11.395  1456  2067 D ConnectivityService: releasing NetworkRequest [ TRACK_DEFAULT id=1477, [ Capabilities: INTERNET&NOT_RESTRICTED&TRUSTED&NOT_VPN] ] (release request)
10-25 21:43:13.359  2340  2441 I QCNEJ   : |CORE| CNE received action RSSI/Link Changed events: android.net.wifi.RSSI_CHANGED
10-25 21:43:13.359  2340  2441 D QCNEJ   : |CORE| Updating RSSI: -66
10-25 21:43:15.326 18337 18353 I Finsky  : [25247] jus.run(3): Stats for Executor: BlockingExecutor jwj@171fd39[Running, pool size = 2, active threads = 0, queued tasks = 0, completed tasks = 13]
10-25 21:43:15.327 18337 18353 I Finsky  : [25247] jus.run(3): Stats for Executor: LightweightExecutor jwj@bc65f7e[Running, pool size = 4, active threads = 0, queued tasks = 0, completed tasks = 71]
10-25 21:43:15.634 18337 18353 I Finsky  : [25247] jus.run(3): Stats for Executor: bgExecutor jwj@e033cdf[Running, pool size = 4, active threads = 0, queued tasks = 0, completed tasks = 71]
10-25 21:43:15.804 18337 18337 I Finsky  : [2] com.google.android.finsky.scheduler.JobSchedulerEngine$PhoneskyJobSchedulerJobService.onStartJob(5): SCH: onJobSchedulerWakeup with jobId 9008
10-25 21:43:15.807 18337 18337 I Finsky  : [2] spj.a(24): Scheduling fallback job with id: 9034, and delay: 43200000 ms
10-25 21:43:15.811 18337 18337 I Finsky  : [2] spj.a(5): Scheduling fallback in 64799998 (absolute: 4647074330)
10-25 21:43:15.843 18337 18337 I Finsky  : [2] spv.handleMessage(10): SCH: DeviceState: DeviceState{currentTime=1572054195835, isCharging=true, isIdle=false, netAny=true, netNotRoaming=true, netUnmetered=true, batteryPercent=100.0}
10-25 21:43:15.857 18337 19391 I Finsky  : [25320] ssl.a(7): SCH: Jobs in database: 1-1337 3-750 3-751 24-77777777 26-1414141414 29-29 
10-25 21:43:15.885 18337 18337 I Finsky  : [2] spw.a(19): SCH: Running job: 29-29
10-25 21:43:15.891 18337 18337 I Finsky  : [2] spv.handleMessage(65): SCH: RunningQueue size: 1, PendingQueue size: 0
10-25 21:43:15.891 18337 18337 I Finsky  : [2] spv.handleMessage(68): SCH: Running queue: 29-29 
10-25 21:43:15.894 18337 19392 I Finsky  : [25321] xxz.a(1): ProcessRecoveryLogsUtil: No files in recovery directory
10-25 21:43:15.895 18337 19392 I Finsky  : [25321] srg.a(16): SCH: jobFinished: 29-29. TimeElapsed: 9ms.
10-25 21:43:15.896 18337 18337 I Finsky  : [2] spw.a(36): SCH: Job 29-29 finished. Not rescheduling.
10-25 21:43:15.898 18337 18337 I Finsky  : [2] spv.handleMessage(65): SCH: RunningQueue size: 0, PendingQueue size: 0
10-25 21:43:15.899 18337 18337 I Finsky  : [2] spv.handleMessage(29): Executor finished
10-25 21:43:15.920 18337 18337 I Finsky  : [2] ssl.a(7): SCH: Jobs in database: 1-1337 3-750 3-751 24-77777777 26-1414141414 
10-25 21:43:15.944 18337 18337 I Finsky  : [2] sob.a(58): SCH: ConstraintMapping: 24-77777777,  -> L: 0ms, D: 56872311ms, C: false, I: true, N: 0
10-25 21:43:15.946 18337 18337 I Finsky  : [2] sob.a(58): SCH: ConstraintMapping: 1-1337,  -> L: 17262417ms, D: 60462417ms, C: false, I: false, N: 1
10-25 21:43:15.947 18337 18337 I Finsky  : [2] sob.a(58): SCH: ConstraintMapping: 3-751,  -> L: 0ms, D: 86343424ms, C: false, I: true, N: 2
10-25 21:43:15.948 18337 18337 I Finsky  : [2] sob.a(58): SCH: ConstraintMapping: 3-750,  -> L: 0ms, D: 86343408ms, C: true, I: true, N: 2
10-25 21:43:15.949 18337 18337 I Finsky  : [2] sob.a(58): SCH: ConstraintMapping: 26-1414141414,  -> L: 23546360ms, D: 24446360ms, C: false, I: false, N: 0
10-25 21:43:15.959 18337 18337 I Finsky  : [2] sqt.a(37): Cancelling existing jobscheduler jobs: 9003 9005 9007 9001 
10-25 21:43:15.959 18337 18337 I Finsky  : [2] sqt.a(13): Throttling wakeup for job 9000 (expected to run in 0 ms) due to recent wakeup
10-25 21:43:15.960 18337 18337 I Finsky  : [2] sqt.a(30): Scheduling job Id: 9000, L: 30000, D: 56872311, C: false, I: true, N: 0
10-25 21:43:15.963 18337 18337 I Finsky  : [2] sqt.a(30): Scheduling job Id: 9002, L: 17262417, D: 60462417, C: false, I: false, N: 1
10-25 21:43:15.965 18337 18337 I Finsky  : [2] sqt.a(13): Throttling wakeup for job 9004 (expected to run in 0 ms) due to recent wakeup
10-25 21:43:15.966 18337 18337 I Finsky  : [2] sqt.a(30): Scheduling job Id: 9004, L: 30000, D: 86343424, C: false, I: true, N: 2
10-25 21:43:15.967 18337 18337 I Finsky  : [2] sqt.a(13): Throttling wakeup for job 9006 (expected to run in 0 ms) due to recent wakeup
10-25 21:43:15.968 18337 18337 I Finsky  : [2] sqt.a(30): Scheduling job Id: 9006, L: 30000, D: 86343408, C: true, I: true, N: 2
10-25 21:43:15.971 18337 18337 I Finsky  : [2] sqt.a(30): Scheduling job Id: 9009, L: 23546360, D: 24446360, C: false, I: false, N: 0
10-25 21:43:16.421  2340  2441 I QCNEJ   : |CORE| CNE received action RSSI/Link Changed events: android.net.wifi.RSSI_CHANGED
10-25 21:43:16.421  2340  2441 D QCNEJ   : |CORE| Updating RSSI: -67
10-25 21:43:19.054  1456  5797 I ActivityManager: Force stopping org.mozilla.fenix.nightly appid=10377 user=0: from pid 19395
10-25 21:43:19.054  1456  5797 I ActivityManager: Killing 19239:org.mozilla.fenix.nightly/u0a377 (adj 0): stop org.mozilla.fenix.nightly
10-25 21:43:19.056  1456  1605 W zygote  : kill(-19239, 9) failed: No such process
10-25 21:43:19.057  1456  5797 W ActivityManager: Force removing ActivityRecord{894c6ef u0 org.mozilla.fenix.nightly/org.mozilla.fenix.HomeActivity t806}: app died, no saved state
10-25 21:43:19.057 19276 19276 I ServiceChildProcess: Service has been unbound. Stopping.
10-25 21:43:19.072  1456  1605 W zygote  : kill(-19239, 9) failed: No such process
10-25 21:43:19.085  1456  1605 W zygote  : kill(-19239, 9) failed: No such process
10-25 21:43:19.091  1456  5797 I ActivityManager: Killing 19276:org.mozilla.fenix.nightly:tab/u0a377 (adj 0): stop org.mozilla.fenix.nightly
10-25 21:43:19.092  1456  7796 I OpenGLRenderer: Initialized EGL, version 1.4
10-25 21:43:19.092  1456  7796 D OpenGLRenderer: Swap behavior 2
10-25 21:43:19.099  1456  1605 W zygote  : kill(-19239, 9) failed: No such process
10-25 21:43:19.112  1456  1605 I chatty  : uid=1000(system) ActivityManager identical 1 line
10-25 21:43:19.126  1456  1605 W zygote  : kill(-19239, 9) failed: No such process
10-25 21:43:19.130  2398  2398 D CarrierSvcBindHelper: No carrier app for: 0
10-25 21:43:19.132  2398  2398 D CarrierSvcBindHelper: No carrier app for: 1
10-25 21:43:19.139  1456  1605 W zygote  : kill(-19239, 9) failed: No such process
10-25 21:43:19.158  7883  7883 W Settings: Setting bugreport_in_power_menu has moved from android.provider.Settings.Secure to android.provider.Settings.Global.
10-25 21:43:19.167  1456  2916 I WifiService: getVerboseLoggingLevel uid=1000
10-25 21:43:19.167  1456  2916 I WifiService: getAggressiveHandover uid=1000
10-25 21:43:19.168  1456  2916 I WifiService: getAllowScansWithTraffic uid=1000
10-25 21:43:19.173  1456  1605 W zygote  : kill(-19239, 9) failed: No such process
10-25 21:43:19.182  7883  7883 W ResourceType: Found multiple library tables, ignoring...
10-25 21:43:19.189  1456  1605 W zygote  : kill(-19239, 9) failed: No such process
10-25 21:43:19.193  7883 19399 W TileUtils: Found com.android.settings.backup.BackupSettingsActivity for intent Intent { act=com.android.settings.action.SETTINGS pkg=com.android.settings } missing metadata com.android.settings.category
10-25 21:43:19.197  1456  1941 W InputDispatcher: channel '28cc848 org.mozilla.fenix.nightly/org.mozilla.fenix.HomeActivity (server)' ~ Consumer closed input channel or an error occurred.  events=0x9
10-25 21:43:19.197  1456  1941 E InputDispatcher: channel '28cc848 org.mozilla.fenix.nightly/org.mozilla.fenix.HomeActivity (server)' ~ Channel is unrecoverably broken and will be disposed!
10-25 21:43:19.198  1456  2916 I WindowManager: WIN DEATH: Window{28cc848 u0 org.mozilla.fenix.nightly/org.mozilla.fenix.HomeActivity}
10-25 21:43:19.198  1456  2916 W InputDispatcher: Attempted to unregister already unregistered input channel '28cc848 org.mozilla.fenix.nightly/org.mozilla.fenix.HomeActivity (server)'
10-25 21:43:19.207   808  2484 E SurfaceFlinger: Failed to find layer (org.mozilla.fenix.nightly/org.mozilla.fenix.HomeActivity#0) in layer parent (no-parent).
10-25 21:43:19.211  1456  1673 W ActivityManager: setHasOverlayUi called on unknown pid: 19239
10-25 21:43:19.212  1456  1605 W zygote  : kill(-19239, 9) failed: No such process
10-25 21:43:19.214  2398  2398 E PhoneInterfaceManager: [PhoneIntfMgr] getAllowedCarriers: CommandException: com.android.internal.telephony.CommandException: REQUEST_NOT_SUPPORTED
10-25 21:43:19.220  2398  2398 E PhoneInterfaceManager: [PhoneIntfMgr] getAllowedCarriers: CommandException: com.android.internal.telephony.CommandException: REQUEST_NOT_SUPPORTED
10-25 21:43:19.228  1456  1605 W zygote  : kill(-19239, 9) failed: No such process
10-25 21:43:19.233  7883 19399 D Settings: No enabled state changed, skipping updateCategory call
10-25 21:43:19.245  1456  1605 W zygote  : kill(-19239, 9) failed: No such process
10-25 21:43:19.260  1456  1605 I chatty  : uid=1000(system) ActivityManager identical 1 line
10-25 21:43:19.275  1456  1605 W zygote  : kill(-19239, 9) failed: No such process
10-25 21:43:19.276  1456  1605 I zygote  : Successfully killed process cgroup uid 10377 pid 19239 in 220ms
10-25 21:43:19.291  1456  1605 W zygote  : kill(-19276, 9) failed: No such process
10-25 21:43:19.292  1456  1605 I zygote  : Successfully killed process cgroup uid 10377 pid 19276 in 0ms
