12-15 22:05:15.589   788  1401 D audio_hw_primary: disable_snd_device: snd_device(120: voice-rec-mic)
12-15 22:05:15.590  1012 11919 D APM_AudioPolicyManager: stopInput() input 24318, session 24353
12-15 22:05:15.590   788  1401 D audio_hw_primary: in_set_parameters: enter: kvpairs=routing=0
12-15 22:05:15.592  4192 26435 I MicrophoneInputStream: mic_close  SR : 16000 CC : 16 SO : 1999
12-15 22:05:15.592  4192 26435 E AudioSource: Stop listening is called on already closed AudioSource
12-15 22:05:15.594  4192  7513 I MicroRecognitionRunner: Detection finished
12-15 22:05:15.683 18378 18396 I chatty  : uid=10566(org.mozilla.fenix.performancetest) expire 13 lines
12-15 22:05:15.904 18378 18410 I chatty  : uid=10566(org.mozilla.fenix.performancetest) expire 18 lines
12-15 22:05:16.041  1456  2204 I ActivityManager: Start proc 18417:org.mozilla.fenix.performancetest:tab/u0a566 for service org.mozilla.fenix.performancetest/org.mozilla.gecko.process.GeckoServiceChildProcess$tab
12-15 22:05:16.042 18378 18421 I chatty  : uid=10566(org.mozilla.fenix.performancetest) expire 9 lines
12-15 22:05:16.046 18417 18417 I chatty  : uid=10566(org.mozilla.fenix.performancetest) expire 2 lines
12-15 22:05:16.187 18378 18442 I chatty  : uid=10566(org.mozilla.fenix.performancetest) expire 1 line
12-15 22:05:16.209 18417 18443 I chatty  : uid=10566(org.mozilla.fenix.performancetest) expire 1 line
12-15 22:05:16.326 18378 18383 I chatty  : uid=10566(org.mozilla.fenix.performancetest) expire 11 lines
12-15 22:05:16.463 18378 18378 I chatty  : uid=10566(org.mozilla.fenix.performancetest) expire 45 lines
12-15 22:05:16.464 18378 18410 I chatty  : uid=10566(org.mozilla.fenix.performancetest) expire 181 lines
12-15 22:05:16.794  1456  2196 I ActivityManager: START u0 {act=android.intent.action.VIEW dat=about:blank typ=text/html flg=0x10000000 cmp=org.mozilla.fenix.performancetest/org.mozilla.fenix.HomeActivity (has extras)} from uid 10566
12-15 22:05:16.818  1456  2920 I WifiService: getDhcpInfo uid=10566
12-15 22:05:16.856 18378 18442 I chatty  : uid=10566(org.mozilla.fenix.performancetest) expire 8 lines
12-15 22:05:17.072  1456  1673 I LaunchCheckinHandler: Displayed org.mozilla.fenix.performancetest/org.mozilla.fenix.IntentReceiverActivity,cp,ca,1641
12-15 22:05:17.778 18378 18481 I chatty  : uid=10566(org.mozilla.fenix.performancetest) expire 10 lines
12-15 22:05:17.807 18378 18504 I chatty  : uid=10566(org.mozilla.fenix.performancetest) expire 2 lines
12-15 22:05:17.834 18378 18498 I chatty  : uid=10566(org.mozilla.fenix.performancetest) expire 1 line
12-15 22:05:17.996 18378 18421 I chatty  : uid=10566(org.mozilla.fenix.performancetest) expire 1 line
12-15 22:05:17.998 18378 18505 I chatty  : uid=10566(org.mozilla.fenix.performancetest) expire 1 line
12-15 22:05:18.024 18378 18515 I chatty  : uid=10566(org.mozilla.fenix.performancetest) expire 4 lines
12-15 22:05:18.190 18417 18443 I chatty  : uid=10566(org.mozilla.fenix.performancetest) expire 45 lines
12-15 22:05:18.398  1456  1673 I ActivityManager: Displayed org.mozilla.fenix.performancetest/org.mozilla.fenix.HomeActivity: +1s500ms (total +2s961ms)
12-15 22:05:18.565 18378 18403 I chatty  : uid=10566(org.mozilla.fenix.performancetest) expire 1 line
12-15 22:05:18.664  4192  4192 I MemoryTrimmer: Trimming objects from memory, since app is in the background.
12-15 22:05:18.669 25990 25990 I Finsky  : [2] pqo.onTrimMemory(1): Memory trim requested to level 80
12-15 22:05:18.675  4192  4192 I MemoryTrimmer: Trimming objects from memory, since app is in the background.
12-15 22:05:18.677  1456  2920 I WifiService: getWifiEnabledState uid=10073
12-15 22:05:18.679  4192 11900 I PBSessionCacheImpl: Deleted sessionId[18438187063720721] from persistence.
12-15 22:05:18.684  4192  4364 W SearchServiceCore: Abort, client detached.
12-15 22:05:19.398 18378 18396 I chatty  : uid=10566(org.mozilla.fenix.performancetest) expire 4 lines
12-15 22:05:19.692 18378 18378 I chatty  : uid=10566(org.mozilla.fenix.performancetest) expire 8 lines
12-15 22:05:21.084 18570 18570 D AndroidRuntime: >>>>>> START com.android.internal.os.RuntimeInit uid 2000 <<<<<<
12-15 22:05:21.097 18570 18570 W app_process: Could not reserve sentinel fault page
12-15 22:05:21.263 18570 18570 I app_process: The ClassLoaderContext is a special shared library.
12-15 22:05:21.338 18570 18570 D AndroidRuntime: Calling main entry com.android.commands.input.Input
12-15 22:05:21.340 18570 18570 I Input   : injectKeyEvent: KeyEvent { action=ACTION_DOWN, keyCode=KEYCODE_HOME, scanCode=0, metaState=0, flags=0x0, repeatCount=0, eventTime=8912744953, downTime=8912744953, deviceId=-1, source=0x101 }
12-15 22:05:21.346 18570 18570 I Input   : injectKeyEvent: KeyEvent { action=ACTION_UP, keyCode=KEYCODE_HOME, scanCode=0, metaState=0, flags=0x0, repeatCount=0, eventTime=8912744953, downTime=8912744953, deviceId=-1, source=0x101 }
12-15 22:05:21.354  1456  1941 I ActivityManager: START u0 {act=android.intent.action.MAIN cat=[android.intent.category.HOME] flg=0x10200000 cmp=com.android.launcher3/.CustomizationPanelLauncher (has extras)} from uid 1000
12-15 22:05:21.354   794   839 E ANDR-PERF-RESOURCEQS: Failed to apply optimization [4, 0]
12-15 22:05:21.368  1456  1941 I ActivityManager: moveHomeStack, setupComplete:true
12-15 22:05:21.373  4192  4304 I Adreno  : QUALCOMM build                   : bb5b86c, I77d3059488
12-15 22:05:21.373  4192  4304 I Adreno  : Build Date                       : 06/07/18
12-15 22:05:21.373  4192  4304 I Adreno  : OpenGL ES Shader Compiler Version: EV031.22.00.01_06
12-15 22:05:21.373  4192  4304 I Adreno  : Local Branch                     : 
12-15 22:05:21.373  4192  4304 I Adreno  : Remote Branch                    : refs/tags/AU_LINUX_ANDROID_LA.UM.6.5.R1.08.01.00.312.086
12-15 22:05:21.373  4192  4304 I Adreno  : Remote Branch                    : NONE
12-15 22:05:21.373  4192  4304 I Adreno  : Reconstruct Branch               : NOTHING
12-15 22:05:21.375  4192  4304 D vndksupport: Loading /vendor/lib/hw/gralloc.msm8937.so from current namespace instead of sphal namespace.
12-15 22:05:21.379  4192  4304 I Adreno  : PFP: 0x005ff087, ME: 0x005ff063
12-15 22:05:21.380 18570 18570 D AndroidRuntime: Shutting down VM
12-15 22:05:21.382  4192  4304 I zygote  : android::hardware::configstore::V1_0::ISurfaceFlingerConfigs::hasWideColorDisplay retrieved: 0
12-15 22:05:21.383  4192  4304 I OpenGLRenderer: Initialized EGL, version 1.4
12-15 22:05:21.384  4192  4304 D OpenGLRenderer: Swap behavior 2
12-15 22:05:21.393 25990 25990 I Finsky  : [2] pqo.onTrimMemory(1): Memory trim requested to level 60
12-15 22:05:21.395  2748  2748 D Launcher.Utilities: Wakeup weather: Intent { act=com.motorola.launcher3.action.WAKEUP_WEATHER cmp=com.motorola.timeweatherwidget/com.motorola.commandcenter.weather.WakeUpService }
12-15 22:05:21.418  1456  1456 I NotificationService: Cannot find enqueued record for key: 0|com.motorola.timeweatherwidget|1|null|10116
12-15 22:05:21.418   808   808 D SurfaceFlinger: duplicate layer name: changing com.android.launcher3/com.android.launcher3.CustomizationPanelLauncher to com.android.launcher3/com.android.launcher3.CustomizationPanelLauncher#1
12-15 22:05:21.427  4192 27080 W ThreadPoolDumper: Queue length for executor EventBus is now 11. Perhaps some tasks are too long, or the pool is too small.
12-15 22:05:21.430  1456  2204 I WifiService: getWifiEnabledState uid=10073
12-15 22:05:21.437 18378 18410 I chatty  : uid=10566(org.mozilla.fenix.performancetest) expire 8 lines
12-15 22:05:21.444 18417 18443 I chatty  : uid=10566(org.mozilla.fenix.performancetest) expire 2 lines
12-15 22:05:21.446  1456  2204 I WifiService: getWifiEnabledState uid=10073
12-15 22:05:21.474  4192  4364 I MicroDetectionState: Should stop hotword detection immediately - false
12-15 22:05:21.482  4192  4364 I MicroDetectionWorker: #startMicroDetector [speakerMode: 0]
12-15 22:05:21.485  4192  4364 I AudioController: Created new AudioSource
12-15 22:05:21.495  4192  4364 I MicroDetectionWorker: onReady
12-15 22:05:21.495  1456  1673 I LaunchCheckinHandler: Displayed com.android.launcher3/.CustomizationPanelLauncher,wp,wa,141
12-15 22:05:21.495  4192 26439 I MicroDataManager: isInitializedWithLatestParams-true
12-15 22:05:21.495  4192 26439 I MicroDataManager: isInitializing-false locale not changed-true model not changed-true
12-15 22:05:21.496  4192 26439 I MicroDataManager: Already initialized, obtaining the hotword data immediately.
12-15 22:05:21.501  4192 16549 I MicroRecognitionRunner: Starting detection.
12-15 22:05:21.501  4192 16549 I InputStreamUtils: Using micInputStream
12-15 22:05:21.501  4192 11900 I MicrophoneInputStream: mic_starting  SR : 16000 CC : 16 SO : 1999
12-15 22:05:21.504   788  1401 V msm8974_platform: platform_check_input_mask: enter check_input_mask source 6 mask 10
12-15 22:05:21.506  1012 18584 I AudioFlinger: AudioFlinger's thread 0xb2483a80 tid=18584 ready to run
12-15 22:05:21.512   788  1401 D audio_hw_primary: in_set_parameters: enter: kvpairs=input_source=6;routing=-2147483644
12-15 22:05:21.516  1012  1390 D APM_AudioPolicyManager: AudioPolicyManager::startInput() input 24326, session 24361, source = 1999
12-15 22:05:21.517  4192 11900 I MicrophoneInputStream: mic_started  SR : 16000 CC : 16 SO : 1999
12-15 22:05:21.518   788 18585 V msm8974_platform: platform_update_usecase_from_source: input source :6
12-15 22:05:21.518   788 18585 V msm8974_platform: platform_check_input_mask: enter check_input_mask source 6 mask 10
12-15 22:05:21.518   788 18585 V msm8974_platform: platform_get_input_snd_device: enter: out_device(0) in_device(0x4) channel_count (1) channel_mask (0x10)
12-15 22:05:21.518   788 18585 V msm8974_platform: platform_get_input_snd_device: exit: in_snd_device(voice-rec-mic)
12-15 22:05:21.518   788 18585 V msm8974_platform: platform_get_backend_index:napb: backend port - 5 device - 120 
12-15 22:05:21.519   788 18585 V msm8974_platform: platform_check_and_set_capture_backend_cfg:txbecf: afe: bitwidth 0, samplerate 0, channel 1, backend_idx 5 usecase = 9 device (voice-rec-mic)
12-15 22:05:21.519   788 18585 V msm8974_platform: platform_check_capture_backend_cfg:txbecf: afe: Codec selected backend: 5 current bit width: 0 and sample rate: 0, channels 1
12-15 22:05:21.519   788 18585 V msm8974_platform: platform_check_capture_backend_cfg:txbecf: afe: Codec selected backend: 5 updated bit width: 0 and sample rate: 0
12-15 22:05:21.519   788 18585 I msm8974_platform: platform_check_capture_backend_cfg:txbecf: afe: Codec backend needs to be updated. new bit width: 0 new sample rate: 0 new channel: 1
12-15 22:05:21.519   788 18585 V msm8974_platform: platform_get_backend_index:napb: backend port - 5 device - 120 
12-15 22:05:21.519   788 18585 V msm8974_platform: platform_set_backend_cfg:becf: afe: bitwidth 0, samplerate 0 channels 1, backend_idx 5 device (voice-rec-mic)
12-15 22:05:21.519   788 18585 E msm8974_platform: platform_set_backend_cfg:becf: afe: Could not get ctl for mixer command - SLIM_0_TX Format
12-15 22:05:21.519   788 18585 V msm8974_platform: platform_send_audio_calibration: sending audio calibration for snd_device(120) acdb_id(62)
12-15 22:05:21.519   788 18585 D ACDB-LOADER: ACDB -> send_audio_cal, acdb_id = 62, path = 1, app id = 0x11130, sample rate = 48000
12-15 22:05:21.519   788 18585 D ACDB-LOADER: ACDB -> send_asm_topology
12-15 22:05:21.519   788 18585 D ACDB-LOADER: ACDB -> ACDB_CMD_GET_AUDPROC_STREAM_TOPOLOGY_ID
12-15 22:05:21.519   788 18585 D ACDB-LOADER: ACDB -> send_adm_topology
12-15 22:05:21.519   788 18585 D ACDB-LOADER: ACDB -> ACDB_CMD_GET_AUDPROC_COMMON_TOPOLOGY_ID
12-15 22:05:21.519   788 18585 D ACDB-LOADER: ACDB -> send_audtable
12-15 22:05:21.519   788 18585 D ACDB-LOADER: ACDB -> ACDB_CMD_GET_AUDPROC_COMMON_TABLE_SIZE
12-15 22:05:21.519   788 18585 D ACDB-LOADER: ACDB -> ACDB_CMD_GET_AUDPROC_COMMON_TABLE
12-15 22:05:21.519   788 18585 D ACDB-LOADER: ACDB -> AUDIO_SET_AUDPROC_CAL
12-15 22:05:21.519   788 18585 D ACDB-LOADER: ACDB -> send_audvoltable
12-15 22:05:21.519   788 18585 D ACDB-LOADER: ACDB -> ACDB_CMD_GET_AUDPROC_VOL_STEP_TABLE_SIZE
12-15 22:05:21.519   788 18585 D ACDB-LOADER: ACDB -> ACDB_CMD_GET_AUDPROC_GAIN_DEP_STEP_TABLE, vol index 0
12-15 22:05:21.519   788 18585 D         : Failed to fetch the lookup information of the device 0000003E 
12-15 22:05:21.519   788 18585 D ACDB-LOADER: ACDB -> AUDIO_SET_VOL_CAL cal type = 12
12-15 22:05:21.519   788 18585 D ACDB-LOADER: ACDB -> ACDB_CMD_GET_AUDPROC_STREAM_TABLE_SIZE
12-15 22:05:21.519   788 18585 D ACDB-LOADER: ACDB -> send_audstrmtable
12-15 22:05:21.519   788 18585 D ACDB-LOADER: ACDB -> ACDB_CMD_GET_AUDPROC_STREAM_TABLE_V2
12-15 22:05:21.520   788 18585 D ACDB-LOADER: ACDB -> audstrm_cal->cal_type.cal_data.cal_size = 456
12-15 22:05:21.520   788 18585 D ACDB-LOADER: ACDB -> send_afe_topology
12-15 22:05:21.520   788 18585 D ACDB-LOADER: ACDB -> ACDB_CMD_GET_AFE_TOPOLOGY_ID
12-15 22:05:21.520   788 18585 D ACDB-LOADER: ACDB -> GET_AFE_TOPOLOGY_ID for adcd_id 62, Topology Id 112fb
12-15 22:05:21.520   788 18585 D ACDB-LOADER: ACDB -> send_afe_cal
12-15 22:05:21.520   788 18585 D ACDB-LOADER: ACDB -> ACDB_CMD_GET_AFE_COMMON_TABLE_SIZE
12-15 22:05:21.520   788 18585 D         : Failed to fetch the lookup information of the device 0000003E 
12-15 22:05:21.520   788 18585 E ACDB-LOADER: Error: ACDB_CMD_GET_AFE_COMMON_TABLE_SIZE Returned = -19
12-15 22:05:21.520   788 18585 D ACDB-LOADER: ACDB -> ACDB_CMD_GET_AFE_COMMON_TABLE
12-15 22:05:21.520   788 18585 D         : Failed to fetch the lookup information of the device 0000003E 
12-15 22:05:21.520   788 18585 D ACDB-LOADER: ACDB -> AUDIO_SET_AFE_CAL
12-15 22:05:21.520   788 18585 D ACDB-LOADER: ACDB -> send_hw_delay : acdb_id = 62 path = 1
12-15 22:05:21.520   788 18585 D ACDB-LOADER: ACDB -> ACDB_AVSYNC_INFO: ACDB_CMD_GET_DEVICE_PROPERTY
12-15 22:05:21.520   788 18585 D audio_hw_primary: enable_snd_device: snd_device(120: voice-rec-mic)
12-15 22:05:21.520   788 18585 D audio_route: Apply path: voice-rec-mic
12-15 22:05:21.523   788 18585 V msm8974_platform: platform_get_snd_device_backend_index: enter with device 120
12-15 22:05:21.523   788 18585 E msm8974_platform: platform_get_snd_device_backend_index: BE DAI Name Table is not present
12-15 22:05:21.523   788 18585 V msm8974_platform: platform_get_backend_index:napb: backend port - 5 device - 120 
12-15 22:05:21.523   788 18585 I audio_hw_utils: Set Audio Stream Capture 0 App Type Cfg: app_type 69936, acdb_dev_id 62, sample_rate 48000, snd_device_be_idx -14
12-15 22:05:21.524   788 18585 D audio_hw_primary: enable_audio_route: usecase(9) apply and update mixer path: audio-record
12-15 22:05:21.524   788 18585 D audio_route: Apply path: audio-record
12-15 22:05:21.595  4192  4364 I MicroDetectionWorker: onReady
12-15 22:05:21.599   808   808 I SFPerfTracer:      triggers: (rate: 48:45571) (compose: 0:5) (post: 0:12) (render: 0:9) (4:1049911 frames) (5:1901470)
12-15 22:05:21.599   808   808 D SFPerfTracer:        layers: (6:13) (NavigationBar#0 (0xb07df000): 5:235503) (StatusBar#0 (0xb07e3000): 4:845376) (com.android.systemui.ImageWallpaper#0 (0xb07e7000): 2:16090) (Sprite#0 (0xb0733000): 0:317)* (DimLayerController/Stack=0#0 (0xb075a000): 0:3382)* (Sprite#1 (0xb077c000): 0:195)* (com.android.launcher3/com.android.launcher3.CustomizationPanelLauncher#0 (0xb0763000): 0:39)- (com.android.launcher3/com.android.launcher3.CustomizationPanelLauncher#1 (0xb0771000): 0:9)- (Splash Screen org.mozilla.fenix.performancetest#0 (0xb0384000): 0:34)- (org.mozilla.fenix.performancetest/org.mozilla.fenix.IntentReceiverActivity#0 (0xb039b000): 0:6)- (org.mozilla.fenix.performancetest/org.mozilla.fenix.HomeActivity#0 (0xb035e000): 5:38) (com.android.launcher3/com.android.launcher3.CustomizationPanelLauncher#0 (0xb0763000): 5:10)* (com.android.launcher3/com.android.launcher3.CustomizationPanelLauncher#1 (0xb0771000): 2:5) 
12-15 22:05:21.916  1456  7796 I OpenGLRenderer: Initialized EGL, version 1.4
12-15 22:05:21.916  1456  7796 D OpenGLRenderer: Swap behavior 2
12-15 22:05:21.948  2748  2917 W OpenGLRenderer: Incorrectly called buildLayer on View: ShortcutAndWidgetContainer, destroying layer...
12-15 22:05:22.074 18378 18451 I chatty  : uid=10566(org.mozilla.fenix.performancetest) expire 6 lines
12-15 22:05:22.110   808   898 I SFPerfTracer:      triggers: (rate: 0:0) (0 sw vsyncs) (0 skipped) (38:898657 vsyncs) (40:1920000)
12-15 22:05:22.136 25990 25990 I Finsky  : [2] pqo.onTrimMemory(1): Memory trim requested to level 80
12-15 22:05:22.145  1456  6339 D ConnectivityService: requestNetwork for uid/pid:10566/18378 NetworkRequest [ TRACK_DEFAULT id=9784, [ Capabilities: INTERNET&NOT_RESTRICTED&TRUSTED&NOT_VPN] ]
12-15 22:05:22.146  1456  2054 D WIFI_UT : got request NetworkRequest [ TRACK_DEFAULT id=9784, [ Capabilities: INTERNET&NOT_RESTRICTED&TRUSTED&NOT_VPN] ] with score 60
12-15 22:05:22.146  1456  2099 D Ethernet: got request NetworkRequest [ TRACK_DEFAULT id=9784, [ Capabilities: INTERNET&NOT_RESTRICTED&TRUSTED&NOT_VPN] ] with score 60
12-15 22:05:22.147  1456  2054 D WIFI    : got request NetworkRequest [ TRACK_DEFAULT id=9784, [ Capabilities: INTERNET&NOT_RESTRICTED&TRUSTED&NOT_VPN] ] with score 60
12-15 22:05:22.147  2398  2398 D PhoneSwitcherNetworkRequstListener: got request NetworkRequest [ TRACK_DEFAULT id=9784, [ Capabilities: INTERNET&NOT_RESTRICTED&TRUSTED&NOT_VPN] ] with score 60
12-15 22:05:22.170 18378 18587 I chatty  : uid=10566(org.mozilla.fenix.performancetest) expire 9 lines
12-15 22:05:22.671 18378 18403 I chatty  : uid=10566(org.mozilla.fenix.performancetest) expire 1 line
12-15 22:05:22.680  1456  2067 D ConnectivityService: releasing NetworkRequest [ TRACK_DEFAULT id=9784, [ Capabilities: INTERNET&NOT_RESTRICTED&TRUSTED&NOT_VPN] ] (release request)
12-15 22:05:26.531  1456  2196 I ActivityManager: Force stopping org.mozilla.fenix.performancetest appid=10566 user=0: from pid 18591
12-15 22:05:26.531  1456  2196 I ActivityManager: Killing 18378:org.mozilla.fenix.performancetest/u0a566 (adj 700): stop org.mozilla.fenix.performancetest
12-15 22:05:26.534  1456  2196 W ActivityManager: Force removing ActivityRecord{5595984 u0 org.mozilla.fenix.performancetest/org.mozilla.fenix.HomeActivity t9232}: app died, no saved state
12-15 22:05:26.534  1456  1605 W zygote  : kill(-18378, 9) failed: No such process
12-15 22:05:26.535 18417 18417 I chatty  : uid=10566(org.mozilla.fenix.performancetest) expire 1 line
12-15 22:05:26.545  1456  2196 I ActivityManager: Killing 18417:org.mozilla.fenix.performancetest:tab/u0a566 (adj 0): stop org.mozilla.fenix.performancetest
12-15 22:05:26.552  1456  1605 W zygote  : kill(-18378, 9) failed: No such process
12-15 22:05:26.553 19801 19801 I AppBase : onTrimMemory(): 15
12-15 22:05:26.553 19801 19801 I GoogleInputMethodService: onTrimMemory(): 15
12-15 22:05:26.559  2398  2398 D CarrierSvcBindHelper: No carrier app for: 0
12-15 22:05:26.560  2398  2398 D CarrierSvcBindHelper: No carrier app for: 1
12-15 22:05:26.565  1456  1605 W zygote  : kill(-18378, 9) failed: No such process
12-15 22:05:26.608  1456  1605 I chatty  : uid=1000(system) ActivityManager identical 3 lines
12-15 22:05:26.615  1456  1673 W ActivityManager: setHasOverlayUi called on unknown pid: 18378
12-15 22:05:26.624  1456  1605 W zygote  : kill(-18378, 9) failed: No such process
12-15 22:05:26.624  1456  1605 I zygote  : Successfully killed process cgroup uid 10566 pid 18378 in 90ms
12-15 22:05:26.624  1456  1605 W zygote  : kill(-18417, 9) failed: No such process
12-15 22:05:26.624  1456  1605 I zygote  : Successfully killed process cgroup uid 10566 pid 18417 in 0ms
12-15 22:05:26.659  1456  5797 I ActivityManager: START u0 {act=android.intent.action.VIEW dat=about:blank typ=text/html flg=0x10000000 cmp=org.mozilla.fenix.performancetest/org.mozilla.fenix.IntentReceiverActivity} from uid 2000
12-15 22:05:26.660   794   839 E ANDR-PERF-RESOURCEQS: Failed to apply optimization [4, 0]
12-15 22:05:26.666  1456  7796 I OpenGLRenderer: Initialized EGL, version 1.4
12-15 22:05:26.666  1456  7796 D OpenGLRenderer: Swap behavior 2
12-15 22:05:26.682  1456  1471 I ActivityManager: Start proc 18599:org.mozilla.fenix.performancetest/u0a566 for activity org.mozilla.fenix.performancetest/org.mozilla.fenix.IntentReceiverActivity
12-15 22:05:26.687 18599 18599 I chatty  : uid=10566(org.mozilla.fenix.performancetest) expire 67 lines
12-15 22:05:26.785  4192  4364 I MicroDetectionState: Should stop hotword detection immediately - false
12-15 22:05:26.785  4192  4364 I MicroDetector: Keeping mic open: false
12-15 22:05:26.786  4192 27080 E DeviceStateChecker: DeviceStateChecker cancelled
12-15 22:05:26.786  4192  4364 I RecognitionAudioControl: #shutdownAudio [requestId: 2871526277227051348, keepAudioOpen: false, forced: true]
12-15 22:05:26.786  4192  4364 I RecognitionAudioControl: #internalShutdownAudio [requestId: 2871526277227051348]
12-15 22:05:26.786  4192  4364 I RecognitionAudioControl: #internalShutdownAudio [keepAudioOpen: false, forced: true]
12-15 22:05:26.786  4192  4364 I RecognitionAudioControl: #actualShutdownAudio
12-15 22:05:26.786  4192  4364 I AudioController: #shutdown [requestId=2871526277227051348]
12-15 22:05:26.787  4192 26439 I AudioController: internalShutdown
12-15 22:05:26.787  4192 14960 I MicroRecognitionRunner: Stopping hotword detection.
12-15 22:05:26.835   788  1401 D audio_hw_primary: disable_audio_route: usecase(9) reset and update mixer path: audio-record
12-15 22:05:26.836   788  1401 D audio_hw_primary: disable_snd_device: snd_device(120: voice-rec-mic)
12-15 22:05:26.838  1012 13178 D APM_AudioPolicyManager: stopInput() input 24326, session 24361
12-15 22:05:26.839   788  1479 D audio_hw_primary: in_set_parameters: enter: kvpairs=routing=0
12-15 22:05:26.842  4192 26439 I MicrophoneInputStream: mic_close  SR : 16000 CC : 16 SO : 1999
12-15 22:05:26.842  4192 26439 E AudioSource: Stop listening is called on already closed AudioSource
12-15 22:05:26.843  4192 16549 I MicroRecognitionRunner: Detection finished
12-15 22:05:26.937 18599 18617 I chatty  : uid=10566(org.mozilla.fenix.performancetest) expire 13 lines
12-15 22:05:26.981  1456  1466 I zygote  : NativeAlloc concurrent copying GC freed 41888(2MB) AllocSpace objects, 24(864KB) LOS objects, 42% free, 29MB/52MB, paused 255us total 303.349ms
12-15 22:05:27.149 18599 18629 I chatty  : uid=10566(org.mozilla.fenix.performancetest) expire 92 lines
12-15 22:05:27.286  1456  4797 I ActivityManager: Start proc 18638:org.mozilla.fenix.performancetest:tab/u0a566 for service org.mozilla.fenix.performancetest/org.mozilla.gecko.process.GeckoServiceChildProcess$tab
12-15 22:05:27.289 18599 18644 I chatty  : uid=10566(org.mozilla.fenix.performancetest) expire 10 lines
12-15 22:05:27.291 18638 18638 I chatty  : uid=10566(org.mozilla.fenix.performancetest) expire 2 lines
12-15 22:05:27.433 18599 18663 I chatty  : uid=10566(org.mozilla.fenix.performancetest) expire 9 lines
12-15 22:05:27.465 18638 18664 I chatty  : uid=10566(org.mozilla.fenix.performancetest) expire 16 lines
12-15 22:05:27.571 18599 18605 I chatty  : uid=10566(org.mozilla.fenix.performancetest) expire 8 lines
12-15 22:05:28.022  1456  5797 I ActivityManager: START u0 {act=android.intent.action.VIEW dat=about:blank typ=text/html flg=0x10000000 cmp=org.mozilla.fenix.performancetest/org.mozilla.fenix.HomeActivity (has extras)} from uid 10566
12-15 22:05:28.046  1456 10962 I WifiService: getDhcpInfo uid=10566
12-15 22:05:28.329  1456  1673 I LaunchCheckinHandler: Displayed org.mozilla.fenix.performancetest/org.mozilla.fenix.IntentReceiverActivity,cp,ca,1661
12-15 22:05:29.025 18599 18693 I chatty  : uid=10566(org.mozilla.fenix.performancetest) expire 10 lines
12-15 22:05:29.055 18599 18725 I chatty  : uid=10566(org.mozilla.fenix.performancetest) expire 2 lines
12-15 22:05:29.080 18599 18719 I chatty  : uid=10566(org.mozilla.fenix.performancetest) expire 1 line
12-15 22:05:29.243 18599 18726 I chatty  : uid=10566(org.mozilla.fenix.performancetest) expire 1 line
12-15 22:05:29.272 18599 18737 I chatty  : uid=10566(org.mozilla.fenix.performancetest) expire 4 lines
12-15 22:05:29.644  1456  1673 I ActivityManager: Displayed org.mozilla.fenix.performancetest/org.mozilla.fenix.HomeActivity: +1s517ms (total +2s970ms)
12-15 22:05:29.736 18599 18629 I chatty  : uid=10566(org.mozilla.fenix.performancetest) expire 115 lines
12-15 22:05:29.762 18599 18605 I chatty  : uid=10566(org.mozilla.fenix.performancetest) expire 3 lines
12-15 22:05:29.831 18599 18616 I chatty  : uid=10566(org.mozilla.fenix.performancetest) expire 1 line
12-15 22:05:29.927  4192  4192 I MemoryTrimmer: Trimming objects from memory, since app is in the background.
12-15 22:05:29.932 25990 25990 I Finsky  : [2] pqo.onTrimMemory(1): Memory trim requested to level 80
12-15 22:05:29.938  4192  4192 I MemoryTrimmer: Trimming objects from memory, since app is in the background.
12-15 22:05:29.941  4192 11900 I PBSessionCacheImpl: Deleted sessionId[18438187063720726] from persistence.
12-15 22:05:29.945  1456  5797 I WifiService: getWifiEnabledState uid=10073
12-15 22:05:29.952  4192  4364 W SearchServiceCore: Abort, client detached.
12-15 22:05:30.043 18638 18664 I chatty  : uid=10566(org.mozilla.fenix.performancetest) expire 32 lines
12-15 22:05:30.356 18599 18599 I chatty  : uid=10566(org.mozilla.fenix.performancetest) expire 24 lines
12-15 22:05:30.650 18599 18617 I chatty  : uid=10566(org.mozilla.fenix.performancetest) expire 4 lines
12-15 22:05:30.886   808   808 I SFPerfTracer:      triggers: (rate: 48:45579) (compose: 0:5) (post: 0:12) (render: 0:9) (2:1049980 frames) (3:1901572)
12-15 22:05:30.886   808   808 D SFPerfTracer:        layers: (4:12) (NavigationBar#0 (0xb07df000): 0:235519) (StatusBar#0 (0xb07e3000): 0:845393) (com.android.systemui.ImageWallpaper#0 (0xb07e7000): 0:16091)* (Sprite#0 (0xb0733000): 0:317)* (DimLayerController/Stack=0#0 (0xb075a000): 0:3382)* (Sprite#1 (0xb077c000): 0:195)* (org.mozilla.fenix.performancetest/org.mozilla.fenix.HomeActivity#0 (0xb035e000): 0:53)- (com.android.launcher3/com.android.launcher3.CustomizationPanelLauncher#0 (0xb0763000): 0:40)- (com.android.launcher3/com.android.launcher3.CustomizationPanelLauncher#1 (0xb0771000): 0:11)- (Splash Screen org.mozilla.fenix.performancetest#0 (0xb0384000): 0:34)- (org.mozilla.fenix.performancetest/org.mozilla.fenix.IntentReceiverActivity#0 (0xb039b000): 0:6)- (org.mozilla.fenix.performancetest/org.mozilla.fenix.HomeActivity#0 (0xb035e000): 2:28) 
12-15 22:05:32.312 18792 18792 D AndroidRuntime: >>>>>> START com.android.internal.os.RuntimeInit uid 2000 <<<<<<
12-15 22:05:32.324 18792 18792 W app_process: Could not reserve sentinel fault page
12-15 22:05:32.489 18792 18792 I app_process: The ClassLoaderContext is a special shared library.
12-15 22:05:32.556 18792 18792 D AndroidRuntime: Calling main entry com.android.commands.input.Input
12-15 22:05:32.561 18792 18792 I Input   : injectKeyEvent: KeyEvent { action=ACTION_DOWN, keyCode=KEYCODE_HOME, scanCode=0, metaState=0, flags=0x0, repeatCount=0, eventTime=8912756172, downTime=8912756172, deviceId=-1, source=0x101 }
12-15 22:05:32.568 18792 18792 I Input   : injectKeyEvent: KeyEvent { action=ACTION_UP, keyCode=KEYCODE_HOME, scanCode=0, metaState=0, flags=0x0, repeatCount=0, eventTime=8912756172, downTime=8912756172, deviceId=-1, source=0x101 }
12-15 22:05:32.575  1456  1941 I ActivityManager: START u0 {act=android.intent.action.MAIN cat=[android.intent.category.HOME] flg=0x10200000 cmp=com.android.launcher3/.CustomizationPanelLauncher (has extras)} from uid 1000
12-15 22:05:32.575   794   839 E ANDR-PERF-RESOURCEQS: Failed to apply optimization [4, 0]
12-15 22:05:32.590  1456  1941 I ActivityManager: moveHomeStack, setupComplete:true
12-15 22:05:32.595  4192  4304 I Adreno  : QUALCOMM build                   : bb5b86c, I77d3059488
12-15 22:05:32.595  4192  4304 I Adreno  : Build Date                       : 06/07/18
12-15 22:05:32.595  4192  4304 I Adreno  : OpenGL ES Shader Compiler Version: EV031.22.00.01_06
12-15 22:05:32.595  4192  4304 I Adreno  : Local Branch                     : 
12-15 22:05:32.595  4192  4304 I Adreno  : Remote Branch                    : refs/tags/AU_LINUX_ANDROID_LA.UM.6.5.R1.08.01.00.312.086
12-15 22:05:32.595  4192  4304 I Adreno  : Remote Branch                    : NONE
12-15 22:05:32.595  4192  4304 I Adreno  : Reconstruct Branch               : NOTHING
12-15 22:05:32.597  4192  4304 D vndksupport: Loading /vendor/lib/hw/gralloc.msm8937.so from current namespace instead of sphal namespace.
12-15 22:05:32.601 18792 18792 D AndroidRuntime: Shutting down VM
12-15 22:05:32.601  4192  4304 I Adreno  : PFP: 0x005ff087, ME: 0x005ff063
12-15 22:05:32.607  4192  4304 I zygote  : android::hardware::configstore::V1_0::ISurfaceFlingerConfigs::hasWideColorDisplay retrieved: 0
12-15 22:05:32.608  4192  4304 I OpenGLRenderer: Initialized EGL, version 1.4
12-15 22:05:32.608  4192  4304 D OpenGLRenderer: Swap behavior 2
12-15 22:05:32.613 25990 25990 I Finsky  : [2] pqo.onTrimMemory(1): Memory trim requested to level 60
12-15 22:05:32.615  2748  2748 D Launcher.Utilities: Wakeup weather: Intent { act=com.motorola.launcher3.action.WAKEUP_WEATHER cmp=com.motorola.timeweatherwidget/com.motorola.commandcenter.weather.WakeUpService }
12-15 22:05:32.633  1456  1456 I NotificationService: Cannot find enqueued record for key: 0|com.motorola.timeweatherwidget|1|null|10116
12-15 22:05:32.637   808   808 D SurfaceFlinger: duplicate layer name: changing com.android.launcher3/com.android.launcher3.CustomizationPanelLauncher to com.android.launcher3/com.android.launcher3.CustomizationPanelLauncher#1
12-15 22:05:32.644  4192 27080 W ThreadPoolDumper: Queue length for executor EventBus is now 11. Perhaps some tasks are too long, or the pool is too small.
12-15 22:05:32.647  1456  4797 I WifiService: getWifiEnabledState uid=10073
12-15 22:05:32.663  1456 10962 I WifiService: getWifiEnabledState uid=10073
12-15 22:05:32.688  4192  4364 I MicroDetectionState: Should stop hotword detection immediately - false
12-15 22:05:32.692  4192  4364 I MicroDetectionWorker: #startMicroDetector [speakerMode: 0]
12-15 22:05:32.695  4192  4364 I AudioController: Created new AudioSource
12-15 22:05:32.713  1456  1673 I LaunchCheckinHandler: Displayed com.android.launcher3/.CustomizationPanelLauncher,wp,wa,137
12-15 22:05:32.714  4192  4364 I MicroDetectionWorker: onReady
12-15 22:05:32.714  4192 26435 I MicroDataManager: isInitializedWithLatestParams-true
12-15 22:05:32.714  4192 26435 I MicroDataManager: isInitializing-false locale not changed-true model not changed-true
12-15 22:05:32.715  4192 26435 I MicroDataManager: Already initialized, obtaining the hotword data immediately.
12-15 22:05:32.719  4192 26453 I MicroRecognitionRunner: Starting detection.
12-15 22:05:32.719  4192 26453 I InputStreamUtils: Using micInputStream
12-15 22:05:32.720  4192 11900 I MicrophoneInputStream: mic_starting  SR : 16000 CC : 16 SO : 1999
12-15 22:05:32.723   788  1401 V msm8974_platform: platform_check_input_mask: enter check_input_mask source 6 mask 10
12-15 22:05:32.726  1012 18806 I AudioFlinger: AudioFlinger's thread 0xb2483d80 tid=18806 ready to run
12-15 22:05:32.732   788  1401 D audio_hw_primary: in_set_parameters: enter: kvpairs=input_source=6;routing=-2147483644
12-15 22:05:32.733  1012  1390 D APM_AudioPolicyManager: AudioPolicyManager::startInput() input 24334, session 24369, source = 1999
12-15 22:05:32.734  4192 11900 I MicrophoneInputStream: mic_started  SR : 16000 CC : 16 SO : 1999
12-15 22:05:32.736   788 18807 V msm8974_platform: platform_update_usecase_from_source: input source :6
12-15 22:05:32.736   788 18807 V msm8974_platform: platform_check_input_mask: enter check_input_mask source 6 mask 10
12-15 22:05:32.736   788 18807 V msm8974_platform: platform_get_input_snd_device: enter: out_device(0) in_device(0x4) channel_count (1) channel_mask (0x10)
12-15 22:05:32.736   788 18807 V msm8974_platform: platform_get_input_snd_device: exit: in_snd_device(voice-rec-mic)
12-15 22:05:32.736   788 18807 V msm8974_platform: platform_get_backend_index:napb: backend port - 5 device - 120 
12-15 22:05:32.736   788 18807 V msm8974_platform: platform_check_and_set_capture_backend_cfg:txbecf: afe: bitwidth 0, samplerate 0, channel 1, backend_idx 5 usecase = 9 device (voice-rec-mic)
12-15 22:05:32.736   788 18807 V msm8974_platform: platform_check_capture_backend_cfg:txbecf: afe: Codec selected backend: 5 current bit width: 0 and sample rate: 0, channels 1
12-15 22:05:32.736   788 18807 V msm8974_platform: platform_check_capture_backend_cfg:txbecf: afe: Codec selected backend: 5 updated bit width: 0 and sample rate: 0
12-15 22:05:32.736   788 18807 I msm8974_platform: platform_check_capture_backend_cfg:txbecf: afe: Codec backend needs to be updated. new bit width: 0 new sample rate: 0 new channel: 1
12-15 22:05:32.736   788 18807 V msm8974_platform: platform_get_backend_index:napb: backend port - 5 device - 120 
12-15 22:05:32.736   788 18807 V msm8974_platform: platform_set_backend_cfg:becf: afe: bitwidth 0, samplerate 0 channels 1, backend_idx 5 device (voice-rec-mic)
12-15 22:05:32.737   788 18807 E msm8974_platform: platform_set_backend_cfg:becf: afe: Could not get ctl for mixer command - SLIM_0_TX Format
12-15 22:05:32.737   788 18807 V msm8974_platform: platform_send_audio_calibration: sending audio calibration for snd_device(120) acdb_id(62)
12-15 22:05:32.737   788 18807 D ACDB-LOADER: ACDB -> send_audio_cal, acdb_id = 62, path = 1, app id = 0x11130, sample rate = 48000
12-15 22:05:32.737   788 18807 D ACDB-LOADER: ACDB -> send_asm_topology
12-15 22:05:32.737   788 18807 D ACDB-LOADER: ACDB -> ACDB_CMD_GET_AUDPROC_STREAM_TOPOLOGY_ID
12-15 22:05:32.738   788 18807 D ACDB-LOADER: ACDB -> send_adm_topology
12-15 22:05:32.738   788 18807 D ACDB-LOADER: ACDB -> ACDB_CMD_GET_AUDPROC_COMMON_TOPOLOGY_ID
12-15 22:05:32.738   788 18807 D ACDB-LOADER: ACDB -> send_audtable
12-15 22:05:32.738   788 18807 D ACDB-LOADER: ACDB -> ACDB_CMD_GET_AUDPROC_COMMON_TABLE_SIZE
12-15 22:05:32.738   788 18807 D ACDB-LOADER: ACDB -> ACDB_CMD_GET_AUDPROC_COMMON_TABLE
12-15 22:05:32.738   788 18807 D ACDB-LOADER: ACDB -> AUDIO_SET_AUDPROC_CAL
12-15 22:05:32.738   788 18807 D ACDB-LOADER: ACDB -> send_audvoltable
12-15 22:05:32.738   788 18807 D ACDB-LOADER: ACDB -> ACDB_CMD_GET_AUDPROC_VOL_STEP_TABLE_SIZE
12-15 22:05:32.738   788 18807 D ACDB-LOADER: ACDB -> ACDB_CMD_GET_AUDPROC_GAIN_DEP_STEP_TABLE, vol index 0
12-15 22:05:32.738   788 18807 D         : Failed to fetch the lookup information of the device 0000003E 
12-15 22:05:32.738   788 18807 D ACDB-LOADER: ACDB -> AUDIO_SET_VOL_CAL cal type = 12
12-15 22:05:32.738   788 18807 D ACDB-LOADER: ACDB -> ACDB_CMD_GET_AUDPROC_STREAM_TABLE_SIZE
12-15 22:05:32.738   788 18807 D ACDB-LOADER: ACDB -> send_audstrmtable
12-15 22:05:32.738   788 18807 D ACDB-LOADER: ACDB -> ACDB_CMD_GET_AUDPROC_STREAM_TABLE_V2
12-15 22:05:32.738   788 18807 D ACDB-LOADER: ACDB -> audstrm_cal->cal_type.cal_data.cal_size = 456
12-15 22:05:32.738   788 18807 D ACDB-LOADER: ACDB -> send_afe_topology
12-15 22:05:32.738   788 18807 D ACDB-LOADER: ACDB -> ACDB_CMD_GET_AFE_TOPOLOGY_ID
12-15 22:05:32.738   788 18807 D ACDB-LOADER: ACDB -> GET_AFE_TOPOLOGY_ID for adcd_id 62, Topology Id 112fb
12-15 22:05:32.738   788 18807 D ACDB-LOADER: ACDB -> send_afe_cal
12-15 22:05:32.738   788 18807 D ACDB-LOADER: ACDB -> ACDB_CMD_GET_AFE_COMMON_TABLE_SIZE
12-15 22:05:32.739   788 18807 D         : Failed to fetch the lookup information of the device 0000003E 
12-15 22:05:32.739   788 18807 E ACDB-LOADER: Error: ACDB_CMD_GET_AFE_COMMON_TABLE_SIZE Returned = -19
12-15 22:05:32.739   788 18807 D ACDB-LOADER: ACDB -> ACDB_CMD_GET_AFE_COMMON_TABLE
12-15 22:05:32.739   788 18807 D         : Failed to fetch the lookup information of the device 0000003E 
12-15 22:05:32.739   788 18807 D ACDB-LOADER: ACDB -> AUDIO_SET_AFE_CAL
12-15 22:05:32.739   788 18807 D ACDB-LOADER: ACDB -> send_hw_delay : acdb_id = 62 path = 1
12-15 22:05:32.739   788 18807 D ACDB-LOADER: ACDB -> ACDB_AVSYNC_INFO: ACDB_CMD_GET_DEVICE_PROPERTY
12-15 22:05:32.739   788 18807 D audio_hw_primary: enable_snd_device: snd_device(120: voice-rec-mic)
12-15 22:05:32.739   788 18807 D audio_route: Apply path: voice-rec-mic
12-15 22:05:32.742   788 18807 V msm8974_platform: platform_get_snd_device_backend_index: enter with device 120
12-15 22:05:32.743   788 18807 E msm8974_platform: platform_get_snd_device_backend_index: BE DAI Name Table is not present
12-15 22:05:32.743   788 18807 V msm8974_platform: platform_get_backend_index:napb: backend port - 5 device - 120 
12-15 22:05:32.743   788 18807 I audio_hw_utils: Set Audio Stream Capture 0 App Type Cfg: app_type 69936, acdb_dev_id 62, sample_rate 48000, snd_device_be_idx -14
12-15 22:05:32.743   788 18807 D audio_hw_primary: enable_audio_route: usecase(9) apply and update mixer path: audio-record
12-15 22:05:32.743   788 18807 D audio_route: Apply path: audio-record
12-15 22:05:32.813  4192  4364 I MicroDetectionWorker: onReady
12-15 22:05:33.128  1456  7796 I OpenGLRenderer: Initialized EGL, version 1.4
12-15 22:05:33.128  1456  7796 D OpenGLRenderer: Swap behavior 2
12-15 22:05:33.158  2748  2917 W OpenGLRenderer: Incorrectly called buildLayer on View: ShortcutAndWidgetContainer, destroying layer...
12-15 22:05:33.295 18599 18672 I chatty  : uid=10566(org.mozilla.fenix.performancetest) expire 6 lines
12-15 22:05:33.322   808   898 I SFPerfTracer:      triggers: (rate: 0:0) (0 sw vsyncs) (0 skipped) (37:898744 vsyncs) (39:1920122)
12-15 22:05:33.361 25990 25990 I Finsky  : [2] pqo.onTrimMemory(1): Memory trim requested to level 80
12-15 22:05:33.369  1456  4797 D ConnectivityService: requestNetwork for uid/pid:10566/18599 NetworkRequest [ TRACK_DEFAULT id=9785, [ Capabilities: INTERNET&NOT_RESTRICTED&TRUSTED&NOT_VPN] ]
12-15 22:05:33.371  1456  2099 D Ethernet: got request NetworkRequest [ TRACK_DEFAULT id=9785, [ Capabilities: INTERNET&NOT_RESTRICTED&TRUSTED&NOT_VPN] ] with score 60
12-15 22:05:33.371  1456  2054 D WIFI_UT : got request NetworkRequest [ TRACK_DEFAULT id=9785, [ Capabilities: INTERNET&NOT_RESTRICTED&TRUSTED&NOT_VPN] ] with score 60
12-15 22:05:33.371  1456  2054 D WIFI    : got request NetworkRequest [ TRACK_DEFAULT id=9785, [ Capabilities: INTERNET&NOT_RESTRICTED&TRUSTED&NOT_VPN] ] with score 60
12-15 22:05:33.371  2398  2398 D PhoneSwitcherNetworkRequstListener: got request NetworkRequest [ TRACK_DEFAULT id=9785, [ Capabilities: INTERNET&NOT_RESTRICTED&TRUSTED&NOT_VPN] ] with score 60
12-15 22:05:33.395 18599 18809 I chatty  : uid=10566(org.mozilla.fenix.performancetest) expire 9 lines
12-15 22:05:33.865 18599 18637 I chatty  : uid=10566(org.mozilla.fenix.performancetest) expire 1 line
12-15 22:05:33.874  1456  2067 D ConnectivityService: releasing NetworkRequest [ TRACK_DEFAULT id=9785, [ Capabilities: INTERNET&NOT_RESTRICTED&TRUSTED&NOT_VPN] ] (release request)
12-15 22:05:37.756  1456  1471 I ActivityManager: Force stopping org.mozilla.fenix.performancetest appid=10566 user=0: from pid 18813
12-15 22:05:37.756  1456  1471 I ActivityManager: Killing 18599:org.mozilla.fenix.performancetest/u0a566 (adj 700): stop org.mozilla.fenix.performancetest
12-15 22:05:37.758  1456  1605 W zygote  : kill(-18599, 9) failed: No such process
12-15 22:05:37.759  1456  1471 W ActivityManager: Force removing ActivityRecord{36ef59d u0 org.mozilla.fenix.performancetest/org.mozilla.fenix.HomeActivity t9233}: app died, no saved state
12-15 22:05:37.759 18638 18638 I chatty  : uid=10566(org.mozilla.fenix.performancetest) expire 1 line
12-15 22:05:37.768  1456  1471 I ActivityManager: Killing 18638:org.mozilla.fenix.performancetest:tab/u0a566 (adj 0): stop org.mozilla.fenix.performancetest
12-15 22:05:37.771  1456  1605 W zygote  : kill(-18599, 9) failed: No such process
12-15 22:05:37.776 19801 19801 I AppBase : onTrimMemory(): 15
12-15 22:05:37.776 19801 19801 I GoogleInputMethodService: onTrimMemory(): 15
12-15 22:05:37.785  2398  2398 D CarrierSvcBindHelper: No carrier app for: 0
12-15 22:05:37.786  2398  2398 D CarrierSvcBindHelper: No carrier app for: 1
12-15 22:05:37.787  1456  1605 W zygote  : kill(-18599, 9) failed: No such process
12-15 22:05:37.842  1456  1605 I chatty  : uid=1000(system) ActivityManager identical 4 lines
12-15 22:05:37.845  1456  1673 W ActivityManager: setHasOverlayUi called on unknown pid: 18599
12-15 22:05:37.855  1456  1605 W zygote  : kill(-18599, 9) failed: No such process
12-15 22:05:37.855  1456  1605 I zygote  : Successfully killed process cgroup uid 10566 pid 18599 in 97ms
12-15 22:05:37.856  1456  1605 W zygote  : kill(-18638, 9) failed: No such process
12-15 22:05:37.856  1456  1605 I zygote  : Successfully killed process cgroup uid 10566 pid 18638 in 0ms
12-15 22:05:37.882  1456 10366 I ActivityManager: START u0 {act=android.intent.action.VIEW dat=about:blank typ=text/html flg=0x10000000 cmp=org.mozilla.fenix.performancetest/org.mozilla.fenix.IntentReceiverActivity} from uid 2000
12-15 22:05:37.883   794   839 E ANDR-PERF-RESOURCEQS: Failed to apply optimization [4, 0]
12-15 22:05:37.890  1456  7796 I OpenGLRenderer: Initialized EGL, version 1.4
12-15 22:05:37.890  1456  7796 D OpenGLRenderer: Swap behavior 2
12-15 22:05:37.904  1456  6339 I ActivityManager: Start proc 18821:org.mozilla.fenix.performancetest/u0a566 for activity org.mozilla.fenix.performancetest/org.mozilla.fenix.IntentReceiverActivity
12-15 22:05:37.908 18821 18821 I chatty  : uid=10566(org.mozilla.fenix.performancetest) expire 49 lines
12-15 22:05:38.004  4192  4364 I MicroDetectionState: Should stop hotword detection immediately - false
12-15 22:05:38.005  4192  4364 I MicroDetector: Keeping mic open: false
12-15 22:05:38.005  4192  4364 I RecognitionAudioControl: #shutdownAudio [requestId: -7604978433856329515, keepAudioOpen: false, forced: true]
12-15 22:05:38.005  4192  4364 I RecognitionAudioControl: #internalShutdownAudio [requestId: -7604978433856329515]
12-15 22:05:38.005  4192  4364 I RecognitionAudioControl: #internalShutdownAudio [keepAudioOpen: false, forced: true]
12-15 22:05:38.005  4192  4364 I RecognitionAudioControl: #actualShutdownAudio
12-15 22:05:38.005  4192  4364 I AudioController: #shutdown [requestId=-7604978433856329515]
12-15 22:05:38.005  4192 27080 E DeviceStateChecker: DeviceStateChecker cancelled
12-15 22:05:38.007  4192 26435 I AudioController: internalShutdown
12-15 22:05:38.008  4192 14960 I MicroRecognitionRunner: Stopping hotword detection.
12-15 22:05:38.048  2146  2165 I zygote  : NativeAlloc concurrent copying GC freed 12384(677KB) AllocSpace objects, 0(0B) LOS objects, 50% free, 7MB/14MB, paused 120us total 108.006ms
12-15 22:05:38.054   788  1401 D audio_hw_primary: disable_audio_route: usecase(9) reset and update mixer path: audio-record
12-15 22:05:38.055   788  1401 D audio_hw_primary: disable_snd_device: snd_device(120: voice-rec-mic)
12-15 22:05:38.058  1012 11919 D APM_AudioPolicyManager: stopInput() input 24334, session 24369
12-15 22:05:38.059   788  1479 D audio_hw_primary: in_set_parameters: enter: kvpairs=routing=0
12-15 22:05:38.061  4192 26435 I MicrophoneInputStream: mic_close  SR : 16000 CC : 16 SO : 1999
12-15 22:05:38.061  4192 26435 E AudioSource: Stop listening is called on already closed AudioSource
12-15 22:05:38.063  4192 26453 I MicroRecognitionRunner: Detection finished
12-15 22:05:38.158 18821 18839 I chatty  : uid=10566(org.mozilla.fenix.performancetest) expire 13 lines
12-15 22:05:38.363 18821 18851 I chatty  : uid=10566(org.mozilla.fenix.performancetest) expire 19 lines
12-15 22:05:38.500 18821 18861 I chatty  : uid=10566(org.mozilla.fenix.performancetest) expire 9 lines
12-15 22:05:38.500  1456  6339 I ActivityManager: Start proc 18860:org.mozilla.fenix.performancetest:tab/u0a566 for service org.mozilla.fenix.performancetest/org.mozilla.gecko.process.GeckoServiceChildProcess$tab
12-15 22:05:38.509 18860 18860 I chatty  : uid=10566(org.mozilla.fenix.performancetest) expire 2 lines
12-15 22:05:38.643 18821 18885 I chatty  : uid=10566(org.mozilla.fenix.performancetest) expire 1 line
12-15 22:05:38.684 18860 18886 I chatty  : uid=10566(org.mozilla.fenix.performancetest) expire 1 line
12-15 22:05:38.780 18821 18827 I chatty  : uid=10566(org.mozilla.fenix.performancetest) expire 11 lines
12-15 22:05:39.076 18821 18821 I chatty  : uid=10566(org.mozilla.fenix.performancetest) expire 38 lines
12-15 22:05:39.225  1456  2920 I ActivityManager: START u0 {act=android.intent.action.VIEW dat=about:blank typ=text/html flg=0x10000000 cmp=org.mozilla.fenix.performancetest/org.mozilla.fenix.HomeActivity (has extras)} from uid 10566
12-15 22:05:39.274  1456  2916 I WifiService: getDhcpInfo uid=10566
12-15 22:05:39.301 18821 18851 I chatty  : uid=10566(org.mozilla.fenix.performancetest) expire 186 lines
12-15 22:05:39.313 18821 18885 I chatty  : uid=10566(org.mozilla.fenix.performancetest) expire 8 lines
12-15 22:05:39.538  1456  1673 I LaunchCheckinHandler: Displayed org.mozilla.fenix.performancetest/org.mozilla.fenix.IntentReceiverActivity,cp,ca,1646
12-15 22:05:40.249 18821 18916 I chatty  : uid=10566(org.mozilla.fenix.performancetest) expire 10 lines
12-15 22:05:40.264 18821 18946 I chatty  : uid=10566(org.mozilla.fenix.performancetest) expire 2 lines
12-15 22:05:40.294 18821 18940 I chatty  : uid=10566(org.mozilla.fenix.performancetest) expire 1 line
12-15 22:05:40.473 18821 18861 I chatty  : uid=10566(org.mozilla.fenix.performancetest) expire 1 line
12-15 22:05:40.494 18821 18947 I chatty  : uid=10566(org.mozilla.fenix.performancetest) expire 1 line
12-15 22:05:40.503 18821 18957 I chatty  : uid=10566(org.mozilla.fenix.performancetest) expire 4 lines
12-15 22:05:40.651 18860 18886 I chatty  : uid=10566(org.mozilla.fenix.performancetest) expire 47 lines
12-15 22:05:40.871  1456  1673 I ActivityManager: Displayed org.mozilla.fenix.performancetest/org.mozilla.fenix.HomeActivity: +1s516ms (total +2s973ms)
12-15 22:05:41.006 18821 18856 I chatty  : uid=10566(org.mozilla.fenix.performancetest) expire 1 line
12-15 22:05:41.047   808   808 I SFPerfTracer:      triggers: (rate: 48:45585) (compose: 0:5) (post: 0:12) (render: 0:9) (0:1050050 frames) (1:1901672)
12-15 22:05:41.047   808   808 D SFPerfTracer:        layers: (6:12) (NavigationBar#0 (0xb07df000): 0:235539) (StatusBar#0 (0xb07e3000): 0:845415) (com.android.systemui.ImageWallpaper#0 (0xb07e7000): 0:16093)* (Sprite#0 (0xb0733000): 0:317)* (DimLayerController/Stack=0#0 (0xb075a000): 0:3382)* (Sprite#1 (0xb077c000): 0:195)* (org.mozilla.fenix.performancetest/org.mozilla.fenix.HomeActivity#0 (0xb035e000): 0:53)- (com.android.launcher3/com.android.launcher3.CustomizationPanelLauncher#0 (0xb0763000): 0:40)* (com.android.launcher3/com.android.launcher3.CustomizationPanelLauncher#1 (0xb0771000): 0:9)* (Splash Screen org.mozilla.fenix.performancetest#0 (0xb0384000): 1:33) (org.mozilla.fenix.performancetest/org.mozilla.fenix.IntentReceiverActivity#0 (0xb039b000): 0:6)* (org.mozilla.fenix.performancetest/org.mozilla.fenix.HomeActivity#0 (0xb037b000): 1:16) 
12-15 22:05:41.139  4192  4192 I MemoryTrimmer: Trimming objects from memory, since app is in the background.
12-15 22:05:41.145 25990 25990 I Finsky  : [2] pqo.onTrimMemory(1): Memory trim requested to level 80
12-15 22:05:41.149  4192  4192 I MemoryTrimmer: Trimming objects from memory, since app is in the background.
12-15 22:05:41.151  4192 11900 I PBSessionCacheImpl: Deleted sessionId[18438187063720731] from persistence.
12-15 22:05:41.153  1456  2916 I WifiService: getWifiEnabledState uid=10073
12-15 22:05:41.156  4192  4364 W SearchServiceCore: Abort, client detached.
12-15 22:05:41.867 18821 18839 I chatty  : uid=10566(org.mozilla.fenix.performancetest) expire 4 lines
12-15 22:05:43.544 19013 19013 D AndroidRuntime: >>>>>> START com.android.internal.os.RuntimeInit uid 2000 <<<<<<
12-15 22:05:43.557 19013 19013 W app_process: Could not reserve sentinel fault page
12-15 22:05:43.723 19013 19013 I app_process: The ClassLoaderContext is a special shared library.
12-15 22:05:43.796 19013 19013 D AndroidRuntime: Calling main entry com.android.commands.input.Input
12-15 22:05:43.799 19013 19013 I Input   : injectKeyEvent: KeyEvent { action=ACTION_DOWN, keyCode=KEYCODE_HOME, scanCode=0, metaState=0, flags=0x0, repeatCount=0, eventTime=8912767412, downTime=8912767412, deviceId=-1, source=0x101 }
12-15 22:05:43.805 19013 19013 I Input   : injectKeyEvent: KeyEvent { action=ACTION_UP, keyCode=KEYCODE_HOME, scanCode=0, metaState=0, flags=0x0, repeatCount=0, eventTime=8912767412, downTime=8912767412, deviceId=-1, source=0x101 }
12-15 22:05:43.813  1456  1941 I ActivityManager: START u0 {act=android.intent.action.MAIN cat=[android.intent.category.HOME] flg=0x10200000 cmp=com.android.launcher3/.CustomizationPanelLauncher (has extras)} from uid 1000
12-15 22:05:43.814   794   839 E ANDR-PERF-RESOURCEQS: Failed to apply optimization [4, 0]
12-15 22:05:43.827  1456  1941 I ActivityManager: moveHomeStack, setupComplete:true
12-15 22:05:43.831 19013 19013 D AndroidRuntime: Shutting down VM
12-15 22:05:43.840  4192  4304 I Adreno  : QUALCOMM build                   : bb5b86c, I77d3059488
12-15 22:05:43.840  4192  4304 I Adreno  : Build Date                       : 06/07/18
12-15 22:05:43.840  4192  4304 I Adreno  : OpenGL ES Shader Compiler Version: EV031.22.00.01_06
12-15 22:05:43.840  4192  4304 I Adreno  : Local Branch                     : 
12-15 22:05:43.840  4192  4304 I Adreno  : Remote Branch                    : refs/tags/AU_LINUX_ANDROID_LA.UM.6.5.R1.08.01.00.312.086
12-15 22:05:43.840  4192  4304 I Adreno  : Remote Branch                    : NONE
12-15 22:05:43.840  4192  4304 I Adreno  : Reconstruct Branch               : NOTHING
12-15 22:05:43.843  4192  4304 D vndksupport: Loading /vendor/lib/hw/gralloc.msm8937.so from current namespace instead of sphal namespace.
