12-13 03:50:39.191 19308 19308 I Input   : injectKeyEvent: KeyEvent { action=ACTION_DOWN, keyCode=KEYCODE_HOME, scanCode=0, metaState=0, flags=0x0, repeatCount=0, eventTime=8674262804, downTime=8674262804, deviceId=-1, source=0x101 }
12-13 03:50:39.198 19308 19308 I Input   : injectKeyEvent: KeyEvent { action=ACTION_UP, keyCode=KEYCODE_HOME, scanCode=0, metaState=0, flags=0x0, repeatCount=0, eventTime=8674262804, downTime=8674262804, deviceId=-1, source=0x101 }
12-13 03:50:39.204  1456  1941 I ActivityManager: START u0 {act=android.intent.action.MAIN cat=[android.intent.category.HOME] flg=0x10200000 cmp=com.android.launcher3/.CustomizationPanelLauncher (has extras)} from uid 1000
12-13 03:50:39.205   794   839 E ANDR-PERF-RESOURCEQS: Failed to apply optimization [4, 0]
12-13 03:50:39.217  1456  1941 I ActivityManager: moveHomeStack, setupComplete:true
12-13 03:50:39.221 19308 19308 D AndroidRuntime: Shutting down VM
12-13 03:50:39.232  4192  4304 I Adreno  : QUALCOMM build                   : bb5b86c, I77d3059488
12-13 03:50:39.232  4192  4304 I Adreno  : Build Date                       : 06/07/18
12-13 03:50:39.232  4192  4304 I Adreno  : OpenGL ES Shader Compiler Version: EV031.22.00.01_06
12-13 03:50:39.232  4192  4304 I Adreno  : Local Branch                     : 
12-13 03:50:39.232  4192  4304 I Adreno  : Remote Branch                    : refs/tags/AU_LINUX_ANDROID_LA.UM.6.5.R1.08.01.00.312.086
12-13 03:50:39.232  4192  4304 I Adreno  : Remote Branch                    : NONE
12-13 03:50:39.232  4192  4304 I Adreno  : Reconstruct Branch               : NOTHING
12-13 03:50:39.237  4192  4304 D vndksupport: Loading /vendor/lib/hw/gralloc.msm8937.so from current namespace instead of sphal namespace.
12-13 03:50:39.242  4192  4304 I Adreno  : PFP: 0x005ff087, ME: 0x005ff063
12-13 03:50:39.243  6392  6392 I Finsky  : [2] pqo.onTrimMemory(1): Memory trim requested to level 60
12-13 03:50:39.245  2748  2748 D Launcher.Utilities: Wakeup weather: Intent { act=com.motorola.launcher3.action.WAKEUP_WEATHER cmp=com.motorola.timeweatherwidget/com.motorola.commandcenter.weather.WakeUpService }
12-13 03:50:39.246  4192  4304 I zygote  : android::hardware::configstore::V1_0::ISurfaceFlingerConfigs::hasWideColorDisplay retrieved: 0
12-13 03:50:39.248  4192  4304 I OpenGLRenderer: Initialized EGL, version 1.4
12-13 03:50:39.248  4192  4304 D OpenGLRenderer: Swap behavior 2
12-13 03:50:39.260  1456  1456 I NotificationService: Cannot find enqueued record for key: 0|com.motorola.timeweatherwidget|1|null|10116
12-13 03:50:39.267   808   808 D SurfaceFlinger: duplicate layer name: changing com.android.launcher3/com.android.launcher3.CustomizationPanelLauncher to com.android.launcher3/com.android.launcher3.CustomizationPanelLauncher#1
12-13 03:50:39.271  4192  4192 W ThreadPoolDumper: Queue length for executor EventBus is now 11. Perhaps some tasks are too long, or the pool is too small.
12-13 03:50:39.284  1456  4802 I WifiService: getWifiEnabledState uid=10073
12-13 03:50:39.295  1456  4802 I WifiService: getWifiEnabledState uid=10073
12-13 03:50:39.328  4192  4364 I MicroDetectionState: Should stop hotword detection immediately - false
12-13 03:50:39.334  4192  4364 I MicroDetectionWorker: #startMicroDetector [speakerMode: 0]
12-13 03:50:39.336  4192  4364 I AudioController: Created new AudioSource
12-13 03:50:39.350  1456  1673 I LaunchCheckinHandler: Displayed com.android.launcher3/.CustomizationPanelLauncher,wp,wa,146
12-13 03:50:39.351  4192  4364 I MicroDetectionWorker: onReady
12-13 03:50:39.352  4192  5709 I MicroDataManager: isInitializedWithLatestParams-true
12-13 03:50:39.352  4192  5709 I MicroDataManager: isInitializing-false locale not changed-true model not changed-true
12-13 03:50:39.352  4192  5709 I MicroDataManager: Already initialized, obtaining the hotword data immediately.
12-13 03:50:39.358  4192  2822 I MicroRecognitionRunner: Starting detection.
12-13 03:50:39.359  4192  2822 I InputStreamUtils: Using micInputStream
12-13 03:50:39.360  4192  5815 I MicrophoneInputStream: mic_starting  SR : 16000 CC : 16 SO : 1999
12-13 03:50:39.364   788  1479 V msm8974_platform: platform_check_input_mask: enter check_input_mask source 6 mask 10
12-13 03:50:39.366  1012 19322 I AudioFlinger: AudioFlinger's thread 0xb2483040 tid=19322 ready to run
12-13 03:50:39.370   788  1479 D audio_hw_primary: in_set_parameters: enter: kvpairs=input_source=6;routing=-2147483644
12-13 03:50:39.371  1012 19368 D APM_AudioPolicyManager: AudioPolicyManager::startInput() input 15190, session 15225, source = 1999
12-13 03:50:39.371  4192  5815 I MicrophoneInputStream: mic_started  SR : 16000 CC : 16 SO : 1999
12-13 03:50:39.374   788 19323 V msm8974_platform: platform_update_usecase_from_source: input source :6
12-13 03:50:39.374   788 19323 V msm8974_platform: platform_check_input_mask: enter check_input_mask source 6 mask 10
12-13 03:50:39.374   788 19323 V msm8974_platform: platform_get_input_snd_device: enter: out_device(0) in_device(0x4) channel_count (1) channel_mask (0x10)
12-13 03:50:39.374   788 19323 V msm8974_platform: platform_get_input_snd_device: exit: in_snd_device(voice-rec-mic)
12-13 03:50:39.374   788 19323 V msm8974_platform: platform_get_backend_index:napb: backend port - 5 device - 120 
12-13 03:50:39.374   788 19323 V msm8974_platform: platform_check_and_set_capture_backend_cfg:txbecf: afe: bitwidth 0, samplerate 0, channel 1, backend_idx 5 usecase = 9 device (voice-rec-mic)
12-13 03:50:39.374   788 19323 V msm8974_platform: platform_check_capture_backend_cfg:txbecf: afe: Codec selected backend: 5 current bit width: 0 and sample rate: 0, channels 1
12-13 03:50:39.374   788 19323 V msm8974_platform: platform_check_capture_backend_cfg:txbecf: afe: Codec selected backend: 5 updated bit width: 0 and sample rate: 0
12-13 03:50:39.374   788 19323 I msm8974_platform: platform_check_capture_backend_cfg:txbecf: afe: Codec backend needs to be updated. new bit width: 0 new sample rate: 0 new channel: 1
12-13 03:50:39.374   788 19323 V msm8974_platform: platform_get_backend_index:napb: backend port - 5 device - 120 
12-13 03:50:39.374   788 19323 V msm8974_platform: platform_set_backend_cfg:becf: afe: bitwidth 0, samplerate 0 channels 1, backend_idx 5 device (voice-rec-mic)
12-13 03:50:39.375   788 19323 E msm8974_platform: platform_set_backend_cfg:becf: afe: Could not get ctl for mixer command - SLIM_0_TX Format
12-13 03:50:39.375   788 19323 V msm8974_platform: platform_send_audio_calibration: sending audio calibration for snd_device(120) acdb_id(62)
12-13 03:50:39.375   788 19323 D ACDB-LOADER: ACDB -> send_audio_cal, acdb_id = 62, path = 1, app id = 0x11130, sample rate = 48000
12-13 03:50:39.375   788 19323 D ACDB-LOADER: ACDB -> send_asm_topology
12-13 03:50:39.375   788 19323 D ACDB-LOADER: ACDB -> ACDB_CMD_GET_AUDPROC_STREAM_TOPOLOGY_ID
12-13 03:50:39.375   788 19323 D ACDB-LOADER: ACDB -> send_adm_topology
12-13 03:50:39.375   788 19323 D ACDB-LOADER: ACDB -> ACDB_CMD_GET_AUDPROC_COMMON_TOPOLOGY_ID
12-13 03:50:39.375   788 19323 D ACDB-LOADER: ACDB -> send_audtable
12-13 03:50:39.375   788 19323 D ACDB-LOADER: ACDB -> ACDB_CMD_GET_AUDPROC_COMMON_TABLE_SIZE
12-13 03:50:39.375   788 19323 D ACDB-LOADER: ACDB -> ACDB_CMD_GET_AUDPROC_COMMON_TABLE
12-13 03:50:39.376   788 19323 D ACDB-LOADER: ACDB -> AUDIO_SET_AUDPROC_CAL
12-13 03:50:39.376   788 19323 D ACDB-LOADER: ACDB -> send_audvoltable
12-13 03:50:39.376   788 19323 D ACDB-LOADER: ACDB -> ACDB_CMD_GET_AUDPROC_VOL_STEP_TABLE_SIZE
12-13 03:50:39.376   788 19323 D ACDB-LOADER: ACDB -> ACDB_CMD_GET_AUDPROC_GAIN_DEP_STEP_TABLE, vol index 0
12-13 03:50:39.376   788 19323 D         : Failed to fetch the lookup information of the device 0000003E 
12-13 03:50:39.376   788 19323 D ACDB-LOADER: ACDB -> AUDIO_SET_VOL_CAL cal type = 12
12-13 03:50:39.376   788 19323 D ACDB-LOADER: ACDB -> ACDB_CMD_GET_AUDPROC_STREAM_TABLE_SIZE
12-13 03:50:39.376   788 19323 D ACDB-LOADER: ACDB -> send_audstrmtable
12-13 03:50:39.376   788 19323 D ACDB-LOADER: ACDB -> ACDB_CMD_GET_AUDPROC_STREAM_TABLE_V2
12-13 03:50:39.376   788 19323 D ACDB-LOADER: ACDB -> audstrm_cal->cal_type.cal_data.cal_size = 456
12-13 03:50:39.376   788 19323 D ACDB-LOADER: ACDB -> send_afe_topology
12-13 03:50:39.376   788 19323 D ACDB-LOADER: ACDB -> ACDB_CMD_GET_AFE_TOPOLOGY_ID
12-13 03:50:39.376   788 19323 D ACDB-LOADER: ACDB -> GET_AFE_TOPOLOGY_ID for adcd_id 62, Topology Id 112fb
12-13 03:50:39.376   788 19323 D ACDB-LOADER: ACDB -> send_afe_cal
12-13 03:50:39.376   788 19323 D ACDB-LOADER: ACDB -> ACDB_CMD_GET_AFE_COMMON_TABLE_SIZE
12-13 03:50:39.376   788 19323 D         : Failed to fetch the lookup information of the device 0000003E 
12-13 03:50:39.376   788 19323 E ACDB-LOADER: Error: ACDB_CMD_GET_AFE_COMMON_TABLE_SIZE Returned = -19
12-13 03:50:39.376   788 19323 D ACDB-LOADER: ACDB -> ACDB_CMD_GET_AFE_COMMON_TABLE
12-13 03:50:39.376   788 19323 D         : Failed to fetch the lookup information of the device 0000003E 
12-13 03:50:39.376   788 19323 D ACDB-LOADER: ACDB -> AUDIO_SET_AFE_CAL
12-13 03:50:39.376   788 19323 D ACDB-LOADER: ACDB -> send_hw_delay : acdb_id = 62 path = 1
12-13 03:50:39.376   788 19323 D ACDB-LOADER: ACDB -> ACDB_AVSYNC_INFO: ACDB_CMD_GET_DEVICE_PROPERTY
12-13 03:50:39.376   788 19323 D audio_hw_primary: enable_snd_device: snd_device(120: voice-rec-mic)
12-13 03:50:39.377   788 19323 D audio_route: Apply path: voice-rec-mic
12-13 03:50:39.380   788 19323 V msm8974_platform: platform_get_snd_device_backend_index: enter with device 120
12-13 03:50:39.380   788 19323 E msm8974_platform: platform_get_snd_device_backend_index: BE DAI Name Table is not present
12-13 03:50:39.380   788 19323 V msm8974_platform: platform_get_backend_index:napb: backend port - 5 device - 120 
12-13 03:50:39.380   788 19323 I audio_hw_utils: Set Audio Stream Capture 0 App Type Cfg: app_type 69936, acdb_dev_id 62, sample_rate 48000, snd_device_be_idx -14
12-13 03:50:39.380   788 19323 D audio_hw_primary: enable_audio_route: usecase(9) apply and update mixer path: audio-record
12-13 03:50:39.380   788 19323 D audio_route: Apply path: audio-record
12-13 03:50:39.450  4192  4364 I MicroDetectionWorker: onReady
12-13 03:50:39.763  1456  7796 I OpenGLRenderer: Initialized EGL, version 1.4
12-13 03:50:39.763  1456  7796 D OpenGLRenderer: Swap behavior 2
12-13 03:50:39.795  2748  2917 W OpenGLRenderer: Incorrectly called buildLayer on View: ShortcutAndWidgetContainer, destroying layer...
12-13 03:50:39.933 19109 19184 I chatty  : uid=10549(org.mozilla.fenix.performancetest) expire 6 lines
12-13 03:50:39.957   808   898 I SFPerfTracer:      triggers: (rate: 0:0) (0 sw vsyncs) (0 skipped) (38:775817 vsyncs) (40:1749131)
12-13 03:50:40.006  6392  6392 I Finsky  : [2] pqo.onTrimMemory(1): Memory trim requested to level 80
12-13 03:50:40.014  1456  4802 D ConnectivityService: requestNetwork for uid/pid:10549/19109 NetworkRequest [ TRACK_DEFAULT id=8812, [ Capabilities: INTERNET&NOT_RESTRICTED&TRUSTED&NOT_VPN] ]
12-13 03:50:40.016  1456  2054 D WIFI_UT : got request NetworkRequest [ TRACK_DEFAULT id=8812, [ Capabilities: INTERNET&NOT_RESTRICTED&TRUSTED&NOT_VPN] ] with score 60
12-13 03:50:40.016  1456  2099 D Ethernet: got request NetworkRequest [ TRACK_DEFAULT id=8812, [ Capabilities: INTERNET&NOT_RESTRICTED&TRUSTED&NOT_VPN] ] with score 60
12-13 03:50:40.016  1456  2054 D WIFI    : got request NetworkRequest [ TRACK_DEFAULT id=8812, [ Capabilities: INTERNET&NOT_RESTRICTED&TRUSTED&NOT_VPN] ] with score 60
12-13 03:50:40.017  2398  2398 D PhoneSwitcherNetworkRequstListener: got request NetworkRequest [ TRACK_DEFAULT id=8812, [ Capabilities: INTERNET&NOT_RESTRICTED&TRUSTED&NOT_VPN] ] with score 60
12-13 03:50:40.037 19109 19325 I chatty  : uid=10549(org.mozilla.fenix.performancetest) expire 9 lines
12-13 03:50:40.549 19109 19129 I chatty  : uid=10549(org.mozilla.fenix.performancetest) expire 1 line
12-13 03:50:40.559  1456  2067 D ConnectivityService: releasing NetworkRequest [ TRACK_DEFAULT id=8812, [ Capabilities: INTERNET&NOT_RESTRICTED&TRUSTED&NOT_VPN] ] (release request)
12-13 03:50:44.380  1456  2402 I ActivityManager: Force stopping org.mozilla.fenix.performancetest appid=10549 user=0: from pid 19329
12-13 03:50:44.380  1456  2402 I ActivityManager: Killing 19109:org.mozilla.fenix.performancetest/u0a549 (adj 700): stop org.mozilla.fenix.performancetest
12-13 03:50:44.382  1456  1605 W zygote  : kill(-19109, 9) failed: No such process
12-13 03:50:44.383  1456  2402 W ActivityManager: Force removing ActivityRecord{1204659 u0 org.mozilla.fenix.performancetest/org.mozilla.fenix.HomeActivity t8064}: app died, no saved state
12-13 03:50:44.393  1456  2402 I ActivityManager: Killing 19150:org.mozilla.fenix.performancetest:tab/u0a549 (adj 0): stop org.mozilla.fenix.performancetest
12-13 03:50:44.396  1456  1605 W zygote  : kill(-19109, 9) failed: No such process
12-13 03:50:44.401 19801 19801 I AppBase : onTrimMemory(): 15
12-13 03:50:44.401 19801 19801 I GoogleInputMethodService: onTrimMemory(): 15
12-13 03:50:44.410  2398  2398 D CarrierSvcBindHelper: No carrier app for: 0
12-13 03:50:44.411  1456  1605 W zygote  : kill(-19109, 9) failed: No such process
12-13 03:50:44.411  2398  2398 D CarrierSvcBindHelper: No carrier app for: 1
12-13 03:50:44.426  1456  1605 W zygote  : kill(-19109, 9) failed: No such process
12-13 03:50:44.476  1456  1673 W ActivityManager: setHasOverlayUi called on unknown pid: 19109
12-13 03:50:44.487  1456  1605 W zygote  : kill(-19109, 9) failed: No such process
12-13 03:50:44.487  1456  1605 I zygote  : Successfully killed process cgroup uid 10549 pid 19109 in 105ms
12-13 03:50:44.487  1456  1605 W zygote  : kill(-19150, 9) failed: No such process
12-13 03:50:44.487  1456  1605 I zygote  : Successfully killed process cgroup uid 10549 pid 19150 in 0ms
12-13 03:50:44.512  1456  5050 I ActivityManager: START u0 {act=android.intent.action.VIEW dat=about:blank typ=text/html flg=0x10000000 cmp=org.mozilla.fenix.performancetest/org.mozilla.fenix.IntentReceiverActivity} from uid 2000
12-13 03:50:44.513   794   839 E ANDR-PERF-RESOURCEQS: Failed to apply optimization [4, 0]
12-13 03:50:44.521  1456  7796 I OpenGLRenderer: Initialized EGL, version 1.4
12-13 03:50:44.521  1456  7796 D OpenGLRenderer: Swap behavior 2
12-13 03:50:44.533  1456  4802 I ActivityManager: Start proc 19337:org.mozilla.fenix.performancetest/u0a549 for activity org.mozilla.fenix.performancetest/org.mozilla.fenix.IntentReceiverActivity
12-13 03:50:44.538 19337 19337 I chatty  : uid=10549(org.mozilla.fenix.performancetest) expire 92 lines
12-13 03:50:44.633  4192  4364 I MicroDetectionState: Should stop hotword detection immediately - false
12-13 03:50:44.634  4192  4364 I MicroDetector: Keeping mic open: false
12-13 03:50:44.634  4192  2846 E DeviceStateChecker: DeviceStateChecker cancelled
12-13 03:50:44.634  4192  4364 I RecognitionAudioControl: #shutdownAudio [requestId: 7990955192633462675, keepAudioOpen: false, forced: true]
12-13 03:50:44.634  4192  4364 I RecognitionAudioControl: #internalShutdownAudio [requestId: 7990955192633462675]
12-13 03:50:44.634  4192  4364 I RecognitionAudioControl: #internalShutdownAudio [keepAudioOpen: false, forced: true]
12-13 03:50:44.634  4192  4364 I RecognitionAudioControl: #actualShutdownAudio
12-13 03:50:44.634  4192  4364 I AudioController: #shutdown [requestId=7990955192633462675]
12-13 03:50:44.635  4192  5709 I AudioController: internalShutdown
12-13 03:50:44.635  4192 17021 I MicroRecognitionRunner: Stopping hotword detection.
12-13 03:50:44.643  4192  2822 I MicroRecognitionRunner: Detection finished
12-13 03:50:44.657  2146  2165 I zygote  : NativeAlloc concurrent copying GC freed 14499(775KB) AllocSpace objects, 0(0B) LOS objects, 50% free, 6MB/13MB, paused 296us total 101.995ms
12-13 03:50:44.694   788  1479 D audio_hw_primary: disable_audio_route: usecase(9) reset and update mixer path: audio-record
12-13 03:50:44.695   788  1479 D audio_hw_primary: disable_snd_device: snd_device(120: voice-rec-mic)
12-13 03:50:44.697  1012 19368 D APM_AudioPolicyManager: stopInput() input 15190, session 15225
12-13 03:50:44.697   788   788 D audio_hw_primary: in_set_parameters: enter: kvpairs=routing=0
12-13 03:50:44.698  4192  5709 I MicrophoneInputStream: mic_close  SR : 16000 CC : 16 SO : 1999
12-13 03:50:44.699  4192  5709 E AudioSource: Stop listening is called on already closed AudioSource
12-13 03:50:44.769 19337 19356 I chatty  : uid=10549(org.mozilla.fenix.performancetest) expire 15 lines
12-13 03:50:45.006 19337 19369 I chatty  : uid=10549(org.mozilla.fenix.performancetest) expire 205 lines
12-13 03:50:45.024   808   808 I SFPerfTracer:      triggers: (rate: 35:41465) (compose: 0:5) (post: 0:12) (render: 0:9) (16:931039 frames) (17:1733357)
12-13 03:50:45.025   808   808 D SFPerfTracer:        layers: (3:14) (NavigationBar#0 (0xb07df000): 9:192209) (StatusBar#0 (0xb07e3000): 10:803755) (com.android.systemui.ImageWallpaper#0 (0xb07e7000): 0:13665)* (Sprite#0 (0xb0733000): 0:317)* (DimLayerController/Stack=0#0 (0xb075a000): 0:3382)* (Sprite#1 (0xb077c000): 0:195)* (com.android.launcher3/com.android.launcher3.CustomizationPanelLauncher#0 (0xb0763000): 0:39)- (com.android.launcher3/com.android.launcher3.CustomizationPanelLauncher#1 (0xb0771000): 0:11)- (Splash Screen org.mozilla.fenix.performancetest#0 (0xb0384000): 0:34)- (org.mozilla.fenix.performancetest/org.mozilla.fenix.IntentReceiverActivity#0 (0xb039b000): 0:6)- (org.mozilla.fenix.performancetest/org.mozilla.fenix.HomeActivity#0 (0xb0342000): 0:53)- (com.android.launcher3/com.android.launcher3.CustomizationPanelLauncher#0 (0xb0763000): 0:38)* (com.android.launcher3/com.android.launcher3.CustomizationPanelLauncher#1 (0xb0771000): 0:8)* (Splash Screen org.mozilla.fenix.performancetest#0 (0xb0384000): 16:20) 
12-13 03:50:45.145 19337 19379 I chatty  : uid=10549(org.mozilla.fenix.performancetest) expire 10 lines
12-13 03:50:45.150  1456  2162 I ActivityManager: Start proc 19381:org.mozilla.fenix.performancetest:tab/u0a549 for service org.mozilla.fenix.performancetest/org.mozilla.gecko.process.GeckoServiceChildProcess$tab
12-13 03:50:45.154 19381 19381 I chatty  : uid=10549(org.mozilla.fenix.performancetest) expire 3 lines
12-13 03:50:45.310 19337 19406 I chatty  : uid=10549(org.mozilla.fenix.performancetest) expire 9 lines
12-13 03:50:45.321 19381 19407 I chatty  : uid=10549(org.mozilla.fenix.performancetest) expire 48 lines
12-13 03:50:45.344 19337 19344 I chatty  : uid=10549(org.mozilla.fenix.performancetest) expire 13 lines
12-13 03:50:45.912 19337 19350 I chatty  : uid=10549(org.mozilla.fenix.performancetest) expire 1 line
12-13 03:50:45.949  1456  2162 I ActivityManager: START u0 {act=android.intent.action.VIEW dat=about:blank typ=text/html flg=0x10000000 cmp=org.mozilla.fenix.performancetest/org.mozilla.fenix.HomeActivity (has extras)} from uid 10549
12-13 03:50:46.011  1456  2162 I WifiService: getDhcpInfo uid=10549
12-13 03:50:46.148  1456  1673 I LaunchCheckinHandler: Displayed org.mozilla.fenix.performancetest/org.mozilla.fenix.IntentReceiverActivity,cp,ca,1627
12-13 03:50:46.862 19337 19448 I chatty  : uid=10549(org.mozilla.fenix.performancetest) expire 10 lines
12-13 03:50:47.021 19337 19470 I chatty  : uid=10549(org.mozilla.fenix.performancetest) expire 2 lines
12-13 03:50:47.047 23624 23633 I zygote  : Background concurrent copying GC freed 173513(8MB) AllocSpace objects, 14(1016KB) LOS objects, 49% free, 8MB/16MB, paused 112us total 110.563ms
12-13 03:50:47.047 19337 19462 I chatty  : uid=10549(org.mozilla.fenix.performancetest) expire 1 line
12-13 03:50:47.082 19337 19463 I chatty  : uid=10549(org.mozilla.fenix.performancetest) expire 1 line
12-13 03:50:47.459 19337 19487 I chatty  : uid=10549(org.mozilla.fenix.performancetest) expire 4 lines
12-13 03:50:47.882  1456  1673 I ActivityManager: Displayed org.mozilla.fenix.performancetest/org.mozilla.fenix.HomeActivity: +1s768ms (total +3s350ms)
12-13 03:50:47.920 19337 19359 I chatty  : uid=10549(org.mozilla.fenix.performancetest) expire 2 lines
12-13 03:50:48.072  4192  4192 I MemoryTrimmer: Trimming objects from memory, since app is in the background.
12-13 03:50:48.077  6392  6392 I Finsky  : [2] pqo.onTrimMemory(1): Memory trim requested to level 80
12-13 03:50:48.081  4192  4192 I MemoryTrimmer: Trimming objects from memory, since app is in the background.
12-13 03:50:48.085  4192  5815 I PBSessionCacheImpl: Deleted sessionId[18438187063714413] from persistence.
12-13 03:50:48.090  1456  2402 I WifiService: getWifiEnabledState uid=10073
12-13 03:50:48.098  4192  4364 W SearchServiceCore: Abort, client detached.
12-13 03:50:50.145 19536 19536 D AndroidRuntime: >>>>>> START com.android.internal.os.RuntimeInit uid 2000 <<<<<<
12-13 03:50:50.158 19536 19536 W app_process: Could not reserve sentinel fault page
12-13 03:50:50.323 19536 19536 I app_process: The ClassLoaderContext is a special shared library.
12-13 03:50:50.395 19536 19536 D AndroidRuntime: Calling main entry com.android.commands.input.Input
12-13 03:50:50.396 19536 19536 I Input   : injectKeyEvent: KeyEvent { action=ACTION_DOWN, keyCode=KEYCODE_HOME, scanCode=0, metaState=0, flags=0x0, repeatCount=0, eventTime=8674274009, downTime=8674274009, deviceId=-1, source=0x101 }
12-13 03:50:50.402 19536 19536 I Input   : injectKeyEvent: KeyEvent { action=ACTION_UP, keyCode=KEYCODE_HOME, scanCode=0, metaState=0, flags=0x0, repeatCount=0, eventTime=8674274009, downTime=8674274009, deviceId=-1, source=0x101 }
12-13 03:50:50.409  1456  1941 I ActivityManager: START u0 {act=android.intent.action.MAIN cat=[android.intent.category.HOME] flg=0x10200000 cmp=com.android.launcher3/.CustomizationPanelLauncher (has extras)} from uid 1000
12-13 03:50:50.409   794   839 E ANDR-PERF-RESOURCEQS: Failed to apply optimization [4, 0]
12-13 03:50:50.422  1456  1941 I ActivityManager: moveHomeStack, setupComplete:true
12-13 03:50:50.429  4192  4304 I Adreno  : QUALCOMM build                   : bb5b86c, I77d3059488
12-13 03:50:50.429  4192  4304 I Adreno  : Build Date                       : 06/07/18
12-13 03:50:50.429  4192  4304 I Adreno  : OpenGL ES Shader Compiler Version: EV031.22.00.01_06
12-13 03:50:50.429  4192  4304 I Adreno  : Local Branch                     : 
12-13 03:50:50.429  4192  4304 I Adreno  : Remote Branch                    : refs/tags/AU_LINUX_ANDROID_LA.UM.6.5.R1.08.01.00.312.086
12-13 03:50:50.429  4192  4304 I Adreno  : Remote Branch                    : NONE
12-13 03:50:50.429  4192  4304 I Adreno  : Reconstruct Branch               : NOTHING
12-13 03:50:50.431  4192  4304 D vndksupport: Loading /vendor/lib/hw/gralloc.msm8937.so from current namespace instead of sphal namespace.
12-13 03:50:50.433 19536 19536 D AndroidRuntime: Shutting down VM
12-13 03:50:50.435  4192  4304 I Adreno  : PFP: 0x005ff087, ME: 0x005ff063
12-13 03:50:50.439  4192  4304 I zygote  : android::hardware::configstore::V1_0::ISurfaceFlingerConfigs::hasWideColorDisplay retrieved: 0
12-13 03:50:50.439  4192  4304 I OpenGLRenderer: Initialized EGL, version 1.4
12-13 03:50:50.440  4192  4304 D OpenGLRenderer: Swap behavior 2
12-13 03:50:50.446  6392  6392 I Finsky  : [2] pqo.onTrimMemory(1): Memory trim requested to level 60
12-13 03:50:50.448  2748  2748 D Launcher.Utilities: Wakeup weather: Intent { act=com.motorola.launcher3.action.WAKEUP_WEATHER cmp=com.motorola.timeweatherwidget/com.motorola.commandcenter.weather.WakeUpService }
12-13 03:50:50.463  1456  1456 I NotificationService: Cannot find enqueued record for key: 0|com.motorola.timeweatherwidget|1|null|10116
12-13 03:50:50.471   808   808 D SurfaceFlinger: duplicate layer name: changing com.android.launcher3/com.android.launcher3.CustomizationPanelLauncher to com.android.launcher3/com.android.launcher3.CustomizationPanelLauncher#1
12-13 03:50:50.476  4192  2846 W ThreadPoolDumper: Queue length for executor EventBus is now 11. Perhaps some tasks are too long, or the pool is too small.
12-13 03:50:50.477  1456  2204 I WifiService: getWifiEnabledState uid=10073
12-13 03:50:50.489  1456  4802 I WifiService: getWifiEnabledState uid=10073
12-13 03:50:50.525  4192  4364 I MicroDetectionState: Should stop hotword detection immediately - false
12-13 03:50:50.530  4192  4364 I MicroDetectionWorker: #startMicroDetector [speakerMode: 0]
12-13 03:50:50.532  4192  4364 I AudioController: Created new AudioSource
12-13 03:50:50.550  1456  1673 I LaunchCheckinHandler: Displayed com.android.launcher3/.CustomizationPanelLauncher,wp,wa,141
12-13 03:50:50.551  4192  4364 I MicroDetectionWorker: onReady
12-13 03:50:50.552  4192 17021 I MicroDataManager: isInitializedWithLatestParams-true
12-13 03:50:50.552  4192 17021 I MicroDataManager: isInitializing-false locale not changed-true model not changed-true
12-13 03:50:50.552  4192 17021 I MicroDataManager: Already initialized, obtaining the hotword data immediately.
12-13 03:50:50.558  4192  5970 I MicroRecognitionRunner: Starting detection.
12-13 03:50:50.558  4192  5970 I InputStreamUtils: Using micInputStream
12-13 03:50:50.559  4192  5815 I MicrophoneInputStream: mic_starting  SR : 16000 CC : 16 SO : 1999
12-13 03:50:50.562   788   788 V msm8974_platform: platform_check_input_mask: enter check_input_mask source 6 mask 10
12-13 03:50:50.564  1012 19550 I AudioFlinger: AudioFlinger's thread 0xb2483c80 tid=19550 ready to run
12-13 03:50:50.568   788   788 D audio_hw_primary: in_set_parameters: enter: kvpairs=input_source=6;routing=-2147483644
12-13 03:50:50.569  1012 11919 D APM_AudioPolicyManager: AudioPolicyManager::startInput() input 15198, session 15233, source = 1999
12-13 03:50:50.573  4192  5815 I MicrophoneInputStream: mic_started  SR : 16000 CC : 16 SO : 1999
12-13 03:50:50.574   788 19551 V msm8974_platform: platform_update_usecase_from_source: input source :6
12-13 03:50:50.574   788 19551 V msm8974_platform: platform_check_input_mask: enter check_input_mask source 6 mask 10
12-13 03:50:50.574   788 19551 V msm8974_platform: platform_get_input_snd_device: enter: out_device(0) in_device(0x4) channel_count (1) channel_mask (0x10)
12-13 03:50:50.574   788 19551 V msm8974_platform: platform_get_input_snd_device: exit: in_snd_device(voice-rec-mic)
12-13 03:50:50.574   788 19551 V msm8974_platform: platform_get_backend_index:napb: backend port - 5 device - 120 
12-13 03:50:50.575   788 19551 V msm8974_platform: platform_check_and_set_capture_backend_cfg:txbecf: afe: bitwidth 0, samplerate 0, channel 1, backend_idx 5 usecase = 9 device (voice-rec-mic)
12-13 03:50:50.575   788 19551 V msm8974_platform: platform_check_capture_backend_cfg:txbecf: afe: Codec selected backend: 5 current bit width: 0 and sample rate: 0, channels 1
12-13 03:50:50.575   788 19551 V msm8974_platform: platform_check_capture_backend_cfg:txbecf: afe: Codec selected backend: 5 updated bit width: 0 and sample rate: 0
12-13 03:50:50.575   788 19551 I msm8974_platform: platform_check_capture_backend_cfg:txbecf: afe: Codec backend needs to be updated. new bit width: 0 new sample rate: 0 new channel: 1
12-13 03:50:50.575   788 19551 V msm8974_platform: platform_get_backend_index:napb: backend port - 5 device - 120 
12-13 03:50:50.575   788 19551 V msm8974_platform: platform_set_backend_cfg:becf: afe: bitwidth 0, samplerate 0 channels 1, backend_idx 5 device (voice-rec-mic)
12-13 03:50:50.575   788 19551 E msm8974_platform: platform_set_backend_cfg:becf: afe: Could not get ctl for mixer command - SLIM_0_TX Format
12-13 03:50:50.575   788 19551 V msm8974_platform: platform_send_audio_calibration: sending audio calibration for snd_device(120) acdb_id(62)
12-13 03:50:50.575   788 19551 D ACDB-LOADER: ACDB -> send_audio_cal, acdb_id = 62, path = 1, app id = 0x11130, sample rate = 48000
12-13 03:50:50.575   788 19551 D ACDB-LOADER: ACDB -> send_asm_topology
12-13 03:50:50.575   788 19551 D ACDB-LOADER: ACDB -> ACDB_CMD_GET_AUDPROC_STREAM_TOPOLOGY_ID
12-13 03:50:50.575   788 19551 D ACDB-LOADER: ACDB -> send_adm_topology
12-13 03:50:50.575   788 19551 D ACDB-LOADER: ACDB -> ACDB_CMD_GET_AUDPROC_COMMON_TOPOLOGY_ID
12-13 03:50:50.575   788 19551 D ACDB-LOADER: ACDB -> send_audtable
12-13 03:50:50.575   788 19551 D ACDB-LOADER: ACDB -> ACDB_CMD_GET_AUDPROC_COMMON_TABLE_SIZE
12-13 03:50:50.576   788 19551 D ACDB-LOADER: ACDB -> ACDB_CMD_GET_AUDPROC_COMMON_TABLE
12-13 03:50:50.576   788 19551 D ACDB-LOADER: ACDB -> AUDIO_SET_AUDPROC_CAL
12-13 03:50:50.576   788 19551 D ACDB-LOADER: ACDB -> send_audvoltable
12-13 03:50:50.576   788 19551 D ACDB-LOADER: ACDB -> ACDB_CMD_GET_AUDPROC_VOL_STEP_TABLE_SIZE
12-13 03:50:50.576   788 19551 D ACDB-LOADER: ACDB -> ACDB_CMD_GET_AUDPROC_GAIN_DEP_STEP_TABLE, vol index 0
12-13 03:50:50.576   788 19551 D         : Failed to fetch the lookup information of the device 0000003E 
12-13 03:50:50.576   788 19551 D ACDB-LOADER: ACDB -> AUDIO_SET_VOL_CAL cal type = 12
12-13 03:50:50.576   788 19551 D ACDB-LOADER: ACDB -> ACDB_CMD_GET_AUDPROC_STREAM_TABLE_SIZE
12-13 03:50:50.576   788 19551 D ACDB-LOADER: ACDB -> send_audstrmtable
12-13 03:50:50.576   788 19551 D ACDB-LOADER: ACDB -> ACDB_CMD_GET_AUDPROC_STREAM_TABLE_V2
12-13 03:50:50.576   788 19551 D ACDB-LOADER: ACDB -> audstrm_cal->cal_type.cal_data.cal_size = 456
12-13 03:50:50.576   788 19551 D ACDB-LOADER: ACDB -> send_afe_topology
12-13 03:50:50.576   788 19551 D ACDB-LOADER: ACDB -> ACDB_CMD_GET_AFE_TOPOLOGY_ID
12-13 03:50:50.576   788 19551 D ACDB-LOADER: ACDB -> GET_AFE_TOPOLOGY_ID for adcd_id 62, Topology Id 112fb
12-13 03:50:50.576   788 19551 D ACDB-LOADER: ACDB -> send_afe_cal
12-13 03:50:50.576   788 19551 D ACDB-LOADER: ACDB -> ACDB_CMD_GET_AFE_COMMON_TABLE_SIZE
12-13 03:50:50.576   788 19551 D         : Failed to fetch the lookup information of the device 0000003E 
12-13 03:50:50.576   788 19551 E ACDB-LOADER: Error: ACDB_CMD_GET_AFE_COMMON_TABLE_SIZE Returned = -19
12-13 03:50:50.576   788 19551 D ACDB-LOADER: ACDB -> ACDB_CMD_GET_AFE_COMMON_TABLE
12-13 03:50:50.576   788 19551 D         : Failed to fetch the lookup information of the device 0000003E 
12-13 03:50:50.576   788 19551 D ACDB-LOADER: ACDB -> AUDIO_SET_AFE_CAL
12-13 03:50:50.576   788 19551 D ACDB-LOADER: ACDB -> send_hw_delay : acdb_id = 62 path = 1
12-13 03:50:50.576   788 19551 D ACDB-LOADER: ACDB -> ACDB_AVSYNC_INFO: ACDB_CMD_GET_DEVICE_PROPERTY
12-13 03:50:50.576   788 19551 D audio_hw_primary: enable_snd_device: snd_device(120: voice-rec-mic)
12-13 03:50:50.576   788 19551 D audio_route: Apply path: voice-rec-mic
12-13 03:50:50.579   788 19551 V msm8974_platform: platform_get_snd_device_backend_index: enter with device 120
12-13 03:50:50.579   788 19551 E msm8974_platform: platform_get_snd_device_backend_index: BE DAI Name Table is not present
12-13 03:50:50.579   788 19551 V msm8974_platform: platform_get_backend_index:napb: backend port - 5 device - 120 
12-13 03:50:50.579   788 19551 I audio_hw_utils: Set Audio Stream Capture 0 App Type Cfg: app_type 69936, acdb_dev_id 62, sample_rate 48000, snd_device_be_idx -14
12-13 03:50:50.579   788 19551 D audio_hw_primary: enable_audio_route: usecase(9) apply and update mixer path: audio-record
12-13 03:50:50.579   788 19551 D audio_route: Apply path: audio-record
12-13 03:50:50.649  4192  4364 I MicroDetectionWorker: onReady
12-13 03:50:50.958  1456  7796 I OpenGLRenderer: Initialized EGL, version 1.4
12-13 03:50:50.958  1456  7796 D OpenGLRenderer: Swap behavior 2
12-13 03:50:50.989  2748  2917 W OpenGLRenderer: Incorrectly called buildLayer on View: ShortcutAndWidgetContainer, destroying layer...
12-13 03:50:51.149 19337 19415 I chatty  : uid=10549(org.mozilla.fenix.performancetest) expire 6 lines
12-13 03:50:51.152   808   898 I SFPerfTracer:      triggers: (rate: 0:0) (0 sw vsyncs) (0 skipped) (37:775897 vsyncs) (39:1749252)
12-13 03:50:51.227  6392  6392 I Finsky  : [2] pqo.onTrimMemory(1): Memory trim requested to level 80
12-13 03:50:51.232 19337 19435 I chatty  : uid=10549(org.mozilla.fenix.performancetest) expire 1 line
12-13 03:50:51.241  1456  1466 I zygote  : NativeAlloc concurrent copying GC freed 44918(2MB) AllocSpace objects, 24(864KB) LOS objects, 42% free, 28MB/49MB, paused 192us total 283.065ms
12-13 03:50:51.248  1456  4802 D ConnectivityService: requestNetwork for uid/pid:10549/19337 NetworkRequest [ TRACK_DEFAULT id=8813, [ Capabilities: INTERNET&NOT_RESTRICTED&TRUSTED&NOT_VPN] ]
12-13 03:50:51.250  1456  2054 D WIFI_UT : got request NetworkRequest [ TRACK_DEFAULT id=8813, [ Capabilities: INTERNET&NOT_RESTRICTED&TRUSTED&NOT_VPN] ] with score 60
12-13 03:50:51.250  1456  2099 D Ethernet: got request NetworkRequest [ TRACK_DEFAULT id=8813, [ Capabilities: INTERNET&NOT_RESTRICTED&TRUSTED&NOT_VPN] ] with score 60
12-13 03:50:51.250  1456  2054 D WIFI    : got request NetworkRequest [ TRACK_DEFAULT id=8813, [ Capabilities: INTERNET&NOT_RESTRICTED&TRUSTED&NOT_VPN] ] with score 60
12-13 03:50:51.250  2398  2398 D PhoneSwitcherNetworkRequstListener: got request NetworkRequest [ TRACK_DEFAULT id=8813, [ Capabilities: INTERNET&NOT_RESTRICTED&TRUSTED&NOT_VPN] ] with score 60
12-13 03:50:51.280 19337 19553 I chatty  : uid=10549(org.mozilla.fenix.performancetest) expire 9 lines
12-13 03:50:51.827  1456  2067 D ConnectivityService: releasing NetworkRequest [ TRACK_DEFAULT id=8813, [ Capabilities: INTERNET&NOT_RESTRICTED&TRUSTED&NOT_VPN] ] (release request)
12-13 03:50:55.601  1456  4802 I ActivityManager: Force stopping org.mozilla.fenix.performancetest appid=10549 user=0: from pid 19557
12-13 03:50:55.602  1456  4802 I ActivityManager: Killing 19337:org.mozilla.fenix.performancetest/u0a549 (adj 700): stop org.mozilla.fenix.performancetest
12-13 03:50:55.604  1456  1605 W zygote  : kill(-19337, 9) failed: No such process
12-13 03:50:55.604  1456  4802 W ActivityManager: Force removing ActivityRecord{3ba998e u0 org.mozilla.fenix.performancetest/org.mozilla.fenix.HomeActivity t8065}: app died, no saved state
12-13 03:50:55.612  1456  1605 W zygote  : kill(-19337, 9) failed: No such process
12-13 03:50:55.614  1456  4802 I ActivityManager: Killing 19381:org.mozilla.fenix.performancetest:tab/u0a549 (adj 0): stop org.mozilla.fenix.performancetest
12-13 03:50:55.622 19801 19801 I AppBase : onTrimMemory(): 15
12-13 03:50:55.623 19801 19801 I GoogleInputMethodService: onTrimMemory(): 15
12-13 03:50:55.626  1456  1605 W zygote  : kill(-19337, 9) failed: No such process
12-13 03:50:55.634  2398  2398 D CarrierSvcBindHelper: No carrier app for: 0
12-13 03:50:55.634  2398  2398 D CarrierSvcBindHelper: No carrier app for: 1
12-13 03:50:55.659  1456  1605 W zygote  : kill(-19337, 9) failed: No such process
12-13 03:50:55.686  1456  1605 I chatty  : uid=1000(system) ActivityManager identical 13 lines
12-13 03:50:55.693  1456  1673 W ActivityManager: setHasOverlayUi called on unknown pid: 19337
12-13 03:50:55.701  1456  1605 W zygote  : kill(-19337, 9) failed: No such process
12-13 03:50:55.702  1456  1605 I zygote  : Successfully killed process cgroup uid 10549 pid 19337 in 98ms
12-13 03:50:55.702  1456  1605 W zygote  : kill(-19381, 9) failed: No such process
12-13 03:50:55.729  1456  1605 W zygote  : kill(-19381, 9) failed: No such process
12-13 03:50:55.729  1456  1605 I zygote  : Successfully killed process cgroup uid 10549 pid 19381 in 26ms
12-13 03:50:55.733  1456 10962 I ActivityManager: START u0 {act=android.intent.action.VIEW dat=about:blank typ=text/html flg=0x10000000 cmp=org.mozilla.fenix.performancetest/org.mozilla.fenix.IntentReceiverActivity} from uid 2000
12-13 03:50:55.734   794   839 E ANDR-PERF-RESOURCEQS: Failed to apply optimization [4, 0]
12-13 03:50:55.751  1456  7796 I OpenGLRenderer: Initialized EGL, version 1.4
12-13 03:50:55.751  1456  7796 D OpenGLRenderer: Swap behavior 2
12-13 03:50:55.755  1456  3925 I ActivityManager: Start proc 19565:org.mozilla.fenix.performancetest/u0a549 for activity org.mozilla.fenix.performancetest/org.mozilla.fenix.IntentReceiverActivity
12-13 03:50:55.761 19565 19565 I chatty  : uid=10549(org.mozilla.fenix.performancetest) expire 91 lines
12-13 03:50:55.855  4192  4364 I MicroDetectionState: Should stop hotword detection immediately - false
12-13 03:50:55.855  4192  4364 I MicroDetector: Keeping mic open: false
12-13 03:50:55.855  4192  4364 I RecognitionAudioControl: #shutdownAudio [requestId: -7450917649684258603, keepAudioOpen: false, forced: true]
12-13 03:50:55.855  4192  2846 E DeviceStateChecker: DeviceStateChecker cancelled
12-13 03:50:55.855  4192  4364 I RecognitionAudioControl: #internalShutdownAudio [requestId: -7450917649684258603]
12-13 03:50:55.855  4192  4364 I RecognitionAudioControl: #internalShutdownAudio [keepAudioOpen: false, forced: true]
12-13 03:50:55.855  4192  4364 I RecognitionAudioControl: #actualShutdownAudio
12-13 03:50:55.856  4192  4364 I AudioController: #shutdown [requestId=-7450917649684258603]
12-13 03:50:55.856  4192 17021 I AudioController: internalShutdown
12-13 03:50:55.856  4192  5709 I MicroRecognitionRunner: Stopping hotword detection.
12-13 03:50:55.868   808   808 I SFPerfTracer:      triggers: (rate: 35:41471) (compose: 0:5) (post: 0:12) (render: 0:9) (2:931099 frames) (3:1733457)
12-13 03:50:55.868   808   808 D SFPerfTracer:        layers: (4:14) (NavigationBar#0 (0xb07df000): 0:192221) (StatusBar#0 (0xb07e3000): 0:803767) (com.android.systemui.ImageWallpaper#0 (0xb07e7000): 0:13666) (Sprite#0 (0xb0733000): 0:317)* (DimLayerController/Stack=0#0 (0xb075a000): 0:3382)* (Sprite#1 (0xb077c000): 0:195)* (com.android.launcher3/com.android.launcher3.CustomizationPanelLauncher#0 (0xb0763000): 0:38)- (com.android.launcher3/com.android.launcher3.CustomizationPanelLauncher#1 (0xb0771000): 0:8)- (Splash Screen org.mozilla.fenix.performancetest#0 (0xb0384000): 0:34)- (org.mozilla.fenix.performancetest/org.mozilla.fenix.IntentReceiverActivity#0 (0xb039b000): 0:6)- (org.mozilla.fenix.performancetest/org.mozilla.fenix.HomeActivity#0 (0xb0342000): 0:57)- (com.android.launcher3/com.android.launcher3.CustomizationPanelLauncher#0 (0xb0763000): 0:39)* (com.android.launcher3/com.android.launcher3.CustomizationPanelLauncher#1 (0xb0771000): 0:9) (Splash Screen org.mozilla.fenix.performancetest#0 (0xb0384000): 0:2)* 
12-13 03:50:55.911   788   788 D audio_hw_primary: disable_audio_route: usecase(9) reset and update mixer path: audio-record
12-13 03:50:55.912   788   788 D audio_hw_primary: disable_snd_device: snd_device(120: voice-rec-mic)
12-13 03:50:55.913  1012 11919 D APM_AudioPolicyManager: stopInput() input 15198, session 15233
12-13 03:50:55.914   788  1479 D audio_hw_primary: in_set_parameters: enter: kvpairs=routing=0
12-13 03:50:55.916  4192 17021 I MicrophoneInputStream: mic_close  SR : 16000 CC : 16 SO : 1999
12-13 03:50:55.917  4192 17021 E AudioSource: Stop listening is called on already closed AudioSource
12-13 03:50:55.919  4192  5970 I MicroRecognitionRunner: Detection finished
12-13 03:50:55.994 19565 19583 I chatty  : uid=10549(org.mozilla.fenix.performancetest) expire 15 lines
12-13 03:50:56.231 19565 19597 I chatty  : uid=10549(org.mozilla.fenix.performancetest) expire 207 lines
12-13 03:50:56.375  1456  2204 I ActivityManager: Start proc 19605:org.mozilla.fenix.performancetest:tab/u0a549 for service org.mozilla.fenix.performancetest/org.mozilla.gecko.process.GeckoServiceChildProcess$tab
12-13 03:50:56.379 19605 19605 I chatty  : uid=10549(org.mozilla.fenix.performancetest) expire 3 lines
12-13 03:50:56.380 19565 19611 I chatty  : uid=10549(org.mozilla.fenix.performancetest) expire 10 lines
12-13 03:50:56.544 19605 19632 I chatty  : uid=10549(org.mozilla.fenix.performancetest) expire 48 lines
12-13 03:50:56.545 19565 19631 I chatty  : uid=10549(org.mozilla.fenix.performancetest) expire 9 lines
12-13 03:50:56.565 19565 19571 I chatty  : uid=10549(org.mozilla.fenix.performancetest) expire 17 lines
12-13 03:50:57.134 19565 19577 I chatty  : uid=10549(org.mozilla.fenix.performancetest) expire 1 line
12-13 03:50:57.188  1456  3925 I ActivityManager: START u0 {act=android.intent.action.VIEW dat=about:blank typ=text/html flg=0x10000000 cmp=org.mozilla.fenix.performancetest/org.mozilla.fenix.HomeActivity (has extras)} from uid 10549
12-13 03:50:57.230  1456  1473 I WifiService: getDhcpInfo uid=10549
12-13 03:50:57.431  1456  1673 I LaunchCheckinHandler: Displayed org.mozilla.fenix.performancetest/org.mozilla.fenix.IntentReceiverActivity,cp,ca,1689
12-13 03:50:58.383 19565 19694 I chatty  : uid=10549(org.mozilla.fenix.performancetest) expire 2 lines
12-13 03:50:58.404 19565 19688 I chatty  : uid=10549(org.mozilla.fenix.performancetest) expire 1 line
12-13 03:50:58.442 19565 19661 I chatty  : uid=10549(org.mozilla.fenix.performancetest) expire 10 lines
12-13 03:50:58.661 19565 19702 I chatty  : uid=10549(org.mozilla.fenix.performancetest) expire 1 line
12-13 03:50:58.692 19565 19712 I chatty  : uid=10549(org.mozilla.fenix.performancetest) expire 4 lines
12-13 03:50:59.059  1456  1673 I ActivityManager: Displayed org.mozilla.fenix.performancetest/org.mozilla.fenix.HomeActivity: +1s660ms (total +3s308ms)
12-13 03:50:59.216 19565 19582 I chatty  : uid=10549(org.mozilla.fenix.performancetest) expire 1 line
12-13 03:50:59.343  4192  4192 I MemoryTrimmer: Trimming objects from memory, since app is in the background.
12-13 03:50:59.348  6392  6392 I Finsky  : [2] pqo.onTrimMemory(1): Memory trim requested to level 80
12-13 03:50:59.350  4192  4192 I MemoryTrimmer: Trimming objects from memory, since app is in the background.
12-13 03:50:59.355  4192  5815 I PBSessionCacheImpl: Deleted sessionId[18438187063714418] from persistence.
12-13 03:50:59.363  1456  2204 I WifiService: getWifiEnabledState uid=10073
12-13 03:50:59.372  4192  4364 W SearchServiceCore: Abort, client detached.
12-13 03:51:01.398 19762 19762 D AndroidRuntime: >>>>>> START com.android.internal.os.RuntimeInit uid 2000 <<<<<<
12-13 03:51:01.411 19762 19762 W app_process: Could not reserve sentinel fault page
12-13 03:51:01.576 19762 19762 I app_process: The ClassLoaderContext is a special shared library.
12-13 03:51:01.649 19762 19762 D AndroidRuntime: Calling main entry com.android.commands.input.Input
12-13 03:51:01.651 19762 19762 I Input   : injectKeyEvent: KeyEvent { action=ACTION_DOWN, keyCode=KEYCODE_HOME, scanCode=0, metaState=0, flags=0x0, repeatCount=0, eventTime=8674285264, downTime=8674285264, deviceId=-1, source=0x101 }
12-13 03:51:01.662 19762 19762 I Input   : injectKeyEvent: KeyEvent { action=ACTION_UP, keyCode=KEYCODE_HOME, scanCode=0, metaState=0, flags=0x0, repeatCount=0, eventTime=8674285264, downTime=8674285264, deviceId=-1, source=0x101 }
12-13 03:51:01.668  1456  1941 I ActivityManager: START u0 {act=android.intent.action.MAIN cat=[android.intent.category.HOME] flg=0x10200000 cmp=com.android.launcher3/.CustomizationPanelLauncher (has extras)} from uid 1000
12-13 03:51:01.669   794   839 E ANDR-PERF-RESOURCEQS: Failed to apply optimization [4, 0]
12-13 03:51:01.680  1456  1941 I ActivityManager: moveHomeStack, setupComplete:true
12-13 03:51:01.685  4192  4304 I Adreno  : QUALCOMM build                   : bb5b86c, I77d3059488
12-13 03:51:01.685  4192  4304 I Adreno  : Build Date                       : 06/07/18
12-13 03:51:01.685  4192  4304 I Adreno  : OpenGL ES Shader Compiler Version: EV031.22.00.01_06
12-13 03:51:01.685  4192  4304 I Adreno  : Local Branch                     : 
12-13 03:51:01.685  4192  4304 I Adreno  : Remote Branch                    : refs/tags/AU_LINUX_ANDROID_LA.UM.6.5.R1.08.01.00.312.086
12-13 03:51:01.685  4192  4304 I Adreno  : Remote Branch                    : NONE
12-13 03:51:01.685  4192  4304 I Adreno  : Reconstruct Branch               : NOTHING
12-13 03:51:01.687  4192  4304 D vndksupport: Loading /vendor/lib/hw/gralloc.msm8937.so from current namespace instead of sphal namespace.
12-13 03:51:01.691  4192  4304 I Adreno  : PFP: 0x005ff087, ME: 0x005ff063
12-13 03:51:01.691 19762 19762 D AndroidRuntime: Shutting down VM
12-13 03:51:01.694  4192  4304 I zygote  : android::hardware::configstore::V1_0::ISurfaceFlingerConfigs::hasWideColorDisplay retrieved: 0
12-13 03:51:01.695  4192  4304 I OpenGLRenderer: Initialized EGL, version 1.4
12-13 03:51:01.696  4192  4304 D OpenGLRenderer: Swap behavior 2
12-13 03:51:01.701  6392  6392 I Finsky  : [2] pqo.onTrimMemory(1): Memory trim requested to level 80
12-13 03:51:01.704  2748  2748 D Launcher.Utilities: Wakeup weather: Intent { act=com.motorola.launcher3.action.WAKEUP_WEATHER cmp=com.motorola.timeweatherwidget/com.motorola.commandcenter.weather.WakeUpService }
12-13 03:51:01.723  1456  1456 I NotificationService: Cannot find enqueued record for key: 0|com.motorola.timeweatherwidget|1|null|10116
12-13 03:51:01.727   808   808 D SurfaceFlinger: duplicate layer name: changing com.android.launcher3/com.android.launcher3.CustomizationPanelLauncher to com.android.launcher3/com.android.launcher3.CustomizationPanelLauncher#1
12-13 03:51:01.735  4192  2846 W ThreadPoolDumper: Queue length for executor EventBus is now 11. Perhaps some tasks are too long, or the pool is too small.
12-13 03:51:01.738  1456  2204 I WifiService: getWifiEnabledState uid=10073
12-13 03:51:01.749  1456  3925 I WifiService: getWifiEnabledState uid=10073
12-13 03:51:01.786  4192  4364 I MicroDetectionState: Should stop hotword detection immediately - false
12-13 03:51:01.790  4192  4364 I MicroDetectionWorker: #startMicroDetector [speakerMode: 0]
12-13 03:51:01.792  4192  4364 I AudioController: Created new AudioSource
12-13 03:51:01.800  1456  1673 I LaunchCheckinHandler: Displayed com.android.launcher3/.CustomizationPanelLauncher,wp,wa,131
12-13 03:51:01.801  4192  4364 I MicroDetectionWorker: onReady
12-13 03:51:01.802  4192  7232 I MicroDataManager: isInitializedWithLatestParams-true
12-13 03:51:01.802  4192  7232 I MicroDataManager: isInitializing-false locale not changed-true model not changed-true
12-13 03:51:01.802  4192  7232 I MicroDataManager: Already initialized, obtaining the hotword data immediately.
12-13 03:51:01.810  4192  5800 I MicroRecognitionRunner: Starting detection.
12-13 03:51:01.810  4192  5800 I InputStreamUtils: Using micInputStream
12-13 03:51:01.811  4192  5815 I MicrophoneInputStream: mic_starting  SR : 16000 CC : 16 SO : 1999
12-13 03:51:01.814   788  1479 V msm8974_platform: platform_check_input_mask: enter check_input_mask source 6 mask 10
12-13 03:51:01.818  1012 19776 I AudioFlinger: AudioFlinger's thread 0xb2483100 tid=19776 ready to run
12-13 03:51:01.824   788  1479 D audio_hw_primary: in_set_parameters: enter: kvpairs=input_source=6;routing=-2147483644
12-13 03:51:01.825  1012  1301 D APM_AudioPolicyManager: AudioPolicyManager::startInput() input 15206, session 15241, source = 1999
12-13 03:51:01.825  4192  5815 I MicrophoneInputStream: mic_started  SR : 16000 CC : 16 SO : 1999
12-13 03:51:01.827   788 19777 V msm8974_platform: platform_update_usecase_from_source: input source :6
12-13 03:51:01.827   788 19777 V msm8974_platform: platform_check_input_mask: enter check_input_mask source 6 mask 10
12-13 03:51:01.827   788 19777 V msm8974_platform: platform_get_input_snd_device: enter: out_device(0) in_device(0x4) channel_count (1) channel_mask (0x10)
12-13 03:51:01.827   788 19777 V msm8974_platform: platform_get_input_snd_device: exit: in_snd_device(voice-rec-mic)
12-13 03:51:01.827   788 19777 V msm8974_platform: platform_get_backend_index:napb: backend port - 5 device - 120 
12-13 03:51:01.827   788 19777 V msm8974_platform: platform_check_and_set_capture_backend_cfg:txbecf: afe: bitwidth 0, samplerate 0, channel 1, backend_idx 5 usecase = 9 device (voice-rec-mic)
12-13 03:51:01.827   788 19777 V msm8974_platform: platform_check_capture_backend_cfg:txbecf: afe: Codec selected backend: 5 current bit width: 0 and sample rate: 0, channels 1
12-13 03:51:01.827   788 19777 V msm8974_platform: platform_check_capture_backend_cfg:txbecf: afe: Codec selected backend: 5 updated bit width: 0 and sample rate: 0
12-13 03:51:01.827   788 19777 I msm8974_platform: platform_check_capture_backend_cfg:txbecf: afe: Codec backend needs to be updated. new bit width: 0 new sample rate: 0 new channel: 1
12-13 03:51:01.827   788 19777 V msm8974_platform: platform_get_backend_index:napb: backend port - 5 device - 120 
12-13 03:51:01.827   788 19777 V msm8974_platform: platform_set_backend_cfg:becf: afe: bitwidth 0, samplerate 0 channels 1, backend_idx 5 device (voice-rec-mic)
12-13 03:51:01.827   788 19777 E msm8974_platform: platform_set_backend_cfg:becf: afe: Could not get ctl for mixer command - SLIM_0_TX Format
12-13 03:51:01.827   788 19777 V msm8974_platform: platform_send_audio_calibration: sending audio calibration for snd_device(120) acdb_id(62)
12-13 03:51:01.827   788 19777 D ACDB-LOADER: ACDB -> send_audio_cal, acdb_id = 62, path = 1, app id = 0x11130, sample rate = 48000
12-13 03:51:01.827   788 19777 D ACDB-LOADER: ACDB -> send_asm_topology
12-13 03:51:01.827   788 19777 D ACDB-LOADER: ACDB -> ACDB_CMD_GET_AUDPROC_STREAM_TOPOLOGY_ID
12-13 03:51:01.828   788 19777 D ACDB-LOADER: ACDB -> send_adm_topology
12-13 03:51:01.828   788 19777 D ACDB-LOADER: ACDB -> ACDB_CMD_GET_AUDPROC_COMMON_TOPOLOGY_ID
12-13 03:51:01.828   788 19777 D ACDB-LOADER: ACDB -> send_audtable
12-13 03:51:01.828   788 19777 D ACDB-LOADER: ACDB -> ACDB_CMD_GET_AUDPROC_COMMON_TABLE_SIZE
12-13 03:51:01.828   788 19777 D ACDB-LOADER: ACDB -> ACDB_CMD_GET_AUDPROC_COMMON_TABLE
12-13 03:51:01.828   788 19777 D ACDB-LOADER: ACDB -> AUDIO_SET_AUDPROC_CAL
12-13 03:51:01.828   788 19777 D ACDB-LOADER: ACDB -> send_audvoltable
12-13 03:51:01.828   788 19777 D ACDB-LOADER: ACDB -> ACDB_CMD_GET_AUDPROC_VOL_STEP_TABLE_SIZE
12-13 03:51:01.828   788 19777 D ACDB-LOADER: ACDB -> ACDB_CMD_GET_AUDPROC_GAIN_DEP_STEP_TABLE, vol index 0
12-13 03:51:01.828   788 19777 D         : Failed to fetch the lookup information of the device 0000003E 
12-13 03:51:01.828   788 19777 D ACDB-LOADER: ACDB -> AUDIO_SET_VOL_CAL cal type = 12
12-13 03:51:01.828   788 19777 D ACDB-LOADER: ACDB -> ACDB_CMD_GET_AUDPROC_STREAM_TABLE_SIZE
