12-18 21:44:20.556 19624  5986 I AudioController: internalShutdown
12-18 21:44:20.556 19624  5810 I MicroRecognitionRunner: Stopping hotword detection.
12-18 21:44:20.609   788  1479 D audio_hw_primary: disable_audio_route: usecase(9) reset and update mixer path: audio-record
12-18 21:44:20.611   788  1479 D audio_hw_primary: disable_snd_device: snd_device(120: voice-rec-mic)
12-18 21:44:20.612  1012  1301 D APM_AudioPolicyManager: stopInput() input 35038, session 35073
12-18 21:44:20.613   788   788 D audio_hw_primary: in_set_parameters: enter: kvpairs=routing=0
12-18 21:44:20.615 19624  5986 I MicrophoneInputStream: mic_close  SR : 16000 CC : 16 SO : 1999
12-18 21:44:20.615 19624  5986 E AudioSource: Stop listening is called on already closed AudioSource
12-18 21:44:20.616 19624   598 I MicroRecognitionRunner: Detection finished
12-18 21:44:20.697  8228  8246 I chatty  : uid=10595(org.mozilla.fenix.performancetest) expire 13 lines
12-18 21:44:20.906  8228  8259 I chatty  : uid=10595(org.mozilla.fenix.performancetest) expire 16 lines
12-18 21:44:21.044  1456  1471 I ActivityManager: Start proc 8269:org.mozilla.fenix.performancetest:tab/u0a595 for service org.mozilla.fenix.performancetest/org.mozilla.gecko.process.GeckoServiceChildProcess$tab
12-18 21:44:21.046  8228  8274 I chatty  : uid=10595(org.mozilla.fenix.performancetest) expire 1 line
12-18 21:44:21.051  8269  8269 I chatty  : uid=10595(org.mozilla.fenix.performancetest) expire 3 lines
12-18 21:44:21.068  8228  8228 I chatty  : uid=10595(org.mozilla.fenix.performancetest) expire 52 lines
12-18 21:44:21.075  8228  8274 I chatty  : uid=10595(org.mozilla.fenix.performancetest) expire 9 lines
12-18 21:44:21.218  8269  8295 I chatty  : uid=10595(org.mozilla.fenix.performancetest) expire 1 line
12-18 21:44:21.348  8228  8233 I chatty  : uid=10595(org.mozilla.fenix.performancetest) expire 11 lines
12-18 21:44:21.403  8228  8259 I chatty  : uid=10595(org.mozilla.fenix.performancetest) expire 22 lines
12-18 21:44:21.735  8228  8328 I chatty  : uid=10595(org.mozilla.fenix.performancetest) expire 5 lines
12-18 21:44:22.005  1456  1466 I zygote  : Background concurrent copying GC freed 61418(3MB) AllocSpace objects, 24(800KB) LOS objects, 42% free, 29MB/50MB, paused 196us total 310.134ms
12-18 21:44:22.180  1456  5797 I WifiService: getDhcpInfo uid=10595
12-18 21:44:22.796  8228  8372 I chatty  : uid=10595(org.mozilla.fenix.performancetest) expire 2 lines
12-18 21:44:23.199  1456  1673 I LaunchCheckinHandler: Displayed org.mozilla.fenix.performancetest/org.mozilla.fenix.HomeActivity,cp,ca,2754
12-18 21:44:23.199  1456  1673 I ActivityManager: Displayed org.mozilla.fenix.performancetest/org.mozilla.fenix.HomeActivity: +2s749ms
12-18 21:44:23.258  8228  8395 I chatty  : uid=10595(org.mozilla.fenix.performancetest) expire 4 lines
12-18 21:44:23.309 19624 19624 I MemoryTrimmer: Trimming objects from memory, since app is in the background.
12-18 21:44:23.317 19624 19624 I MemoryTrimmer: Trimming objects from memory, since app is in the background.
12-18 21:44:23.318 19624 21273 I PBSessionCacheImpl: Deleted sessionId[86308841256996712] from persistence.
12-18 21:44:23.321  1456  1471 I WifiService: getWifiEnabledState uid=10073
12-18 21:44:23.325 19624 19715 W SearchServiceCore: Abort, client detached.
12-18 21:44:23.364  8228  8264 I chatty  : uid=10595(org.mozilla.fenix.performancetest) expire 2 lines
12-18 21:44:23.591   808   898 I SFPerfTracer:      triggers: (rate: 0:0) (0 sw vsyncs) (0 skipped) (17:1015938 vsyncs) (19:2089715)
12-18 21:44:26.099  8400  8400 D AndroidRuntime: >>>>>> START com.android.internal.os.RuntimeInit uid 2000 <<<<<<
12-18 21:44:26.112  8400  8400 W app_process: Could not reserve sentinel fault page
12-18 21:44:26.277  8400  8400 I app_process: The ClassLoaderContext is a special shared library.
12-18 21:44:26.345  8400  8400 D AndroidRuntime: Calling main entry com.android.commands.input.Input
12-18 21:44:26.351  8400  8400 I Input   : injectKeyEvent: KeyEvent { action=ACTION_DOWN, keyCode=KEYCODE_HOME, scanCode=0, metaState=0, flags=0x0, repeatCount=0, eventTime=9170689964, downTime=9170689964, deviceId=-1, source=0x101 }
12-18 21:44:26.357  8400  8400 I Input   : injectKeyEvent: KeyEvent { action=ACTION_UP, keyCode=KEYCODE_HOME, scanCode=0, metaState=0, flags=0x0, repeatCount=0, eventTime=9170689964, downTime=9170689964, deviceId=-1, source=0x101 }
12-18 21:44:26.364  1456  1941 I ActivityManager: START u0 {act=android.intent.action.MAIN cat=[android.intent.category.HOME] flg=0x10200000 cmp=com.android.launcher3/.CustomizationPanelLauncher (has extras)} from uid 1000
12-18 21:44:26.365   794   839 E ANDR-PERF-RESOURCEQS: Failed to apply optimization [4, 0]
12-18 21:44:26.376  1456  1941 I ActivityManager: moveHomeStack, setupComplete:true
12-18 21:44:26.380 19624 19707 I Adreno  : QUALCOMM build                   : bb5b86c, I77d3059488
12-18 21:44:26.380 19624 19707 I Adreno  : Build Date                       : 06/07/18
12-18 21:44:26.380 19624 19707 I Adreno  : OpenGL ES Shader Compiler Version: EV031.22.00.01_06
12-18 21:44:26.380 19624 19707 I Adreno  : Local Branch                     : 
12-18 21:44:26.380 19624 19707 I Adreno  : Remote Branch                    : refs/tags/AU_LINUX_ANDROID_LA.UM.6.5.R1.08.01.00.312.086
12-18 21:44:26.380 19624 19707 I Adreno  : Remote Branch                    : NONE
12-18 21:44:26.380 19624 19707 I Adreno  : Reconstruct Branch               : NOTHING
12-18 21:44:26.383 19624 19707 D vndksupport: Loading /vendor/lib/hw/gralloc.msm8937.so from current namespace instead of sphal namespace.
12-18 21:44:26.386  8400  8400 D AndroidRuntime: Shutting down VM
12-18 21:44:26.387 19624 19707 I Adreno  : PFP: 0x005ff087, ME: 0x005ff063
12-18 21:44:26.390 19624 19707 I zygote  : android::hardware::configstore::V1_0::ISurfaceFlingerConfigs::hasWideColorDisplay retrieved: 0
12-18 21:44:26.391 19624 19707 I OpenGLRenderer: Initialized EGL, version 1.4
12-18 21:44:26.391 19624 19707 D OpenGLRenderer: Swap behavior 2
12-18 21:44:26.396  5530  5530 I Finsky  : [2] puo.onTrimMemory(1): Memory trim requested to level 80
12-18 21:44:26.398  2748  2748 D Launcher.Utilities: Wakeup weather: Intent { act=com.motorola.launcher3.action.WAKEUP_WEATHER cmp=com.motorola.timeweatherwidget/com.motorola.commandcenter.weather.WakeUpService }
12-18 21:44:26.414  1456  1456 I NotificationService: Cannot find enqueued record for key: 0|com.motorola.timeweatherwidget|1|null|10116
12-18 21:44:26.422   808   808 D SurfaceFlinger: duplicate layer name: changing com.android.launcher3/com.android.launcher3.CustomizationPanelLauncher to com.android.launcher3/com.android.launcher3.CustomizationPanelLauncher#1
12-18 21:44:26.430 19624   598 W ThreadPoolDumper: Queue length for executor EventBus is now 11. Perhaps some tasks are too long, or the pool is too small.
12-18 21:44:26.434  1456  1471 I WifiService: getWifiEnabledState uid=10073
12-18 21:44:26.449  1456  1471 I WifiService: getWifiEnabledState uid=10073
12-18 21:44:26.477 19624 19715 I MicroDetectionState: Should stop hotword detection immediately - false
12-18 21:44:26.483 19624 19715 I MicroDetectionWorker: #startMicroDetector [speakerMode: 0]
12-18 21:44:26.486 19624 19715 I AudioController: Created new AudioSource
12-18 21:44:26.506  1456  1673 I LaunchCheckinHandler: Displayed com.android.launcher3/.CustomizationPanelLauncher,wp,wa,141
12-18 21:44:26.506 19624 19715 I MicroDetectionWorker: onReady
12-18 21:44:26.507 19624  5810 I MicroDataManager: isInitializedWithLatestParams-true
12-18 21:44:26.507 19624  5810 I MicroDataManager: isInitializing-false locale not changed-true model not changed-true
12-18 21:44:26.507 19624  5810 I MicroDataManager: Already initialized, obtaining the hotword data immediately.
12-18 21:44:26.511 19624  6003 I MicroRecognitionRunner: Starting detection.
12-18 21:44:26.512 19624  6003 I InputStreamUtils: Using micInputStream
12-18 21:44:26.512 19624 21273 I MicrophoneInputStream: mic_starting  SR : 16000 CC : 16 SO : 1999
12-18 21:44:26.515   788   788 V msm8974_platform: platform_check_input_mask: enter check_input_mask source 6 mask 10
12-18 21:44:26.519  1012  8415 I AudioFlinger: AudioFlinger's thread 0xb2483780 tid=8415 ready to run
12-18 21:44:26.526   788   788 D audio_hw_primary: in_set_parameters: enter: kvpairs=input_source=6;routing=-2147483644
12-18 21:44:26.527  1012 11031 D APM_AudioPolicyManager: AudioPolicyManager::startInput() input 35046, session 35081, source = 1999
12-18 21:44:26.527 19624 21273 I MicrophoneInputStream: mic_started  SR : 16000 CC : 16 SO : 1999
12-18 21:44:26.528   788  8416 V msm8974_platform: platform_update_usecase_from_source: input source :6
12-18 21:44:26.528   788  8416 V msm8974_platform: platform_check_input_mask: enter check_input_mask source 6 mask 10
12-18 21:44:26.528   788  8416 V msm8974_platform: platform_get_input_snd_device: enter: out_device(0) in_device(0x4) channel_count (1) channel_mask (0x10)
12-18 21:44:26.528   788  8416 V msm8974_platform: platform_get_input_snd_device: exit: in_snd_device(voice-rec-mic)
12-18 21:44:26.528   788  8416 V msm8974_platform: platform_get_backend_index:napb: backend port - 5 device - 120 
12-18 21:44:26.528   788  8416 V msm8974_platform: platform_check_and_set_capture_backend_cfg:txbecf: afe: bitwidth 0, samplerate 0, channel 1, backend_idx 5 usecase = 9 device (voice-rec-mic)
12-18 21:44:26.528   788  8416 V msm8974_platform: platform_check_capture_backend_cfg:txbecf: afe: Codec selected backend: 5 current bit width: 0 and sample rate: 0, channels 1
12-18 21:44:26.528   788  8416 V msm8974_platform: platform_check_capture_backend_cfg:txbecf: afe: Codec selected backend: 5 updated bit width: 0 and sample rate: 0
12-18 21:44:26.528   788  8416 I msm8974_platform: platform_check_capture_backend_cfg:txbecf: afe: Codec backend needs to be updated. new bit width: 0 new sample rate: 0 new channel: 1
12-18 21:44:26.528   788  8416 V msm8974_platform: platform_get_backend_index:napb: backend port - 5 device - 120 
12-18 21:44:26.528   788  8416 V msm8974_platform: platform_set_backend_cfg:becf: afe: bitwidth 0, samplerate 0 channels 1, backend_idx 5 device (voice-rec-mic)
12-18 21:44:26.529   788  8416 E msm8974_platform: platform_set_backend_cfg:becf: afe: Could not get ctl for mixer command - SLIM_0_TX Format
12-18 21:44:26.529   788  8416 V msm8974_platform: platform_send_audio_calibration: sending audio calibration for snd_device(120) acdb_id(62)
12-18 21:44:26.529   788  8416 D ACDB-LOADER: ACDB -> send_audio_cal, acdb_id = 62, path = 1, app id = 0x11130, sample rate = 48000
12-18 21:44:26.529   788  8416 D ACDB-LOADER: ACDB -> send_asm_topology
12-18 21:44:26.529   788  8416 D ACDB-LOADER: ACDB -> ACDB_CMD_GET_AUDPROC_STREAM_TOPOLOGY_ID
12-18 21:44:26.529   788  8416 D ACDB-LOADER: ACDB -> send_adm_topology
12-18 21:44:26.529   788  8416 D ACDB-LOADER: ACDB -> ACDB_CMD_GET_AUDPROC_COMMON_TOPOLOGY_ID
12-18 21:44:26.529   788  8416 D ACDB-LOADER: ACDB -> send_audtable
12-18 21:44:26.529   788  8416 D ACDB-LOADER: ACDB -> ACDB_CMD_GET_AUDPROC_COMMON_TABLE_SIZE
12-18 21:44:26.529   788  8416 D ACDB-LOADER: ACDB -> ACDB_CMD_GET_AUDPROC_COMMON_TABLE
12-18 21:44:26.529   788  8416 D ACDB-LOADER: ACDB -> AUDIO_SET_AUDPROC_CAL
12-18 21:44:26.529   788  8416 D ACDB-LOADER: ACDB -> send_audvoltable
12-18 21:44:26.529   788  8416 D ACDB-LOADER: ACDB -> ACDB_CMD_GET_AUDPROC_VOL_STEP_TABLE_SIZE
12-18 21:44:26.529   788  8416 D ACDB-LOADER: ACDB -> ACDB_CMD_GET_AUDPROC_GAIN_DEP_STEP_TABLE, vol index 0
12-18 21:44:26.529   788  8416 D         : Failed to fetch the lookup information of the device 0000003E 
12-18 21:44:26.529   788  8416 D ACDB-LOADER: ACDB -> AUDIO_SET_VOL_CAL cal type = 12
12-18 21:44:26.529   788  8416 D ACDB-LOADER: ACDB -> ACDB_CMD_GET_AUDPROC_STREAM_TABLE_SIZE
12-18 21:44:26.529   788  8416 D ACDB-LOADER: ACDB -> send_audstrmtable
12-18 21:44:26.529   788  8416 D ACDB-LOADER: ACDB -> ACDB_CMD_GET_AUDPROC_STREAM_TABLE_V2
12-18 21:44:26.529   788  8416 D ACDB-LOADER: ACDB -> audstrm_cal->cal_type.cal_data.cal_size = 456
12-18 21:44:26.529   788  8416 D ACDB-LOADER: ACDB -> send_afe_topology
12-18 21:44:26.529   788  8416 D ACDB-LOADER: ACDB -> ACDB_CMD_GET_AFE_TOPOLOGY_ID
12-18 21:44:26.529   788  8416 D ACDB-LOADER: ACDB -> GET_AFE_TOPOLOGY_ID for adcd_id 62, Topology Id 112fb
12-18 21:44:26.529   788  8416 D ACDB-LOADER: ACDB -> send_afe_cal
12-18 21:44:26.529   788  8416 D ACDB-LOADER: ACDB -> ACDB_CMD_GET_AFE_COMMON_TABLE_SIZE
12-18 21:44:26.529   788  8416 D         : Failed to fetch the lookup information of the device 0000003E 
12-18 21:44:26.529   788  8416 E ACDB-LOADER: Error: ACDB_CMD_GET_AFE_COMMON_TABLE_SIZE Returned = -19
12-18 21:44:26.529   788  8416 D ACDB-LOADER: ACDB -> ACDB_CMD_GET_AFE_COMMON_TABLE
12-18 21:44:26.529   788  8416 D         : Failed to fetch the lookup information of the device 0000003E 
12-18 21:44:26.529   788  8416 D ACDB-LOADER: ACDB -> AUDIO_SET_AFE_CAL
12-18 21:44:26.529   788  8416 D ACDB-LOADER: ACDB -> send_hw_delay : acdb_id = 62 path = 1
12-18 21:44:26.529   788  8416 D ACDB-LOADER: ACDB -> ACDB_AVSYNC_INFO: ACDB_CMD_GET_DEVICE_PROPERTY
12-18 21:44:26.529   788  8416 D audio_hw_primary: enable_snd_device: snd_device(120: voice-rec-mic)
12-18 21:44:26.530   788  8416 D audio_route: Apply path: voice-rec-mic
12-18 21:44:26.532   788  8416 V msm8974_platform: platform_get_snd_device_backend_index: enter with device 120
12-18 21:44:26.532   788  8416 E msm8974_platform: platform_get_snd_device_backend_index: BE DAI Name Table is not present
12-18 21:44:26.532   788  8416 V msm8974_platform: platform_get_backend_index:napb: backend port - 5 device - 120 
12-18 21:44:26.532   788  8416 I audio_hw_utils: Set Audio Stream Capture 0 App Type Cfg: app_type 69936, acdb_dev_id 62, sample_rate 48000, snd_device_be_idx -14
12-18 21:44:26.533   788  8416 D audio_hw_primary: enable_audio_route: usecase(9) apply and update mixer path: audio-record
12-18 21:44:26.533   788  8416 D audio_route: Apply path: audio-record
12-18 21:44:26.603 19624 19715 I MicroDetectionWorker: onReady
12-18 21:44:26.903  1456  7796 I OpenGLRenderer: Initialized EGL, version 1.4
12-18 21:44:26.904  1456  7796 D OpenGLRenderer: Swap behavior 2
12-18 21:44:26.953  2748  2917 W OpenGLRenderer: Incorrectly called buildLayer on View: ShortcutAndWidgetContainer, destroying layer...
12-18 21:44:27.077  8228  8246 I chatty  : uid=10595(org.mozilla.fenix.performancetest) expire 1 line
12-18 21:44:27.085  8228  8338 I chatty  : uid=10595(org.mozilla.fenix.performancetest) expire 6 lines
12-18 21:44:27.146  1456  2916 D ConnectivityService: requestNetwork for uid/pid:10595/8228 NetworkRequest [ TRACK_DEFAULT id=11238, [ Capabilities: INTERNET&NOT_RESTRICTED&TRUSTED&NOT_VPN] ]
12-18 21:44:27.148  1456  2099 D Ethernet: got request NetworkRequest [ TRACK_DEFAULT id=11238, [ Capabilities: INTERNET&NOT_RESTRICTED&TRUSTED&NOT_VPN] ] with score 60
12-18 21:44:27.148  1456  2054 D WIFI_UT : got request NetworkRequest [ TRACK_DEFAULT id=11238, [ Capabilities: INTERNET&NOT_RESTRICTED&TRUSTED&NOT_VPN] ] with score 60
12-18 21:44:27.148  1456  2054 D WIFI    : got request NetworkRequest [ TRACK_DEFAULT id=11238, [ Capabilities: INTERNET&NOT_RESTRICTED&TRUSTED&NOT_VPN] ] with score 60
12-18 21:44:27.148  2398  2398 D PhoneSwitcherNetworkRequstListener: got request NetworkRequest [ TRACK_DEFAULT id=11238, [ Capabilities: INTERNET&NOT_RESTRICTED&TRUSTED&NOT_VPN] ] with score 60
12-18 21:44:27.172  8228  8417 I chatty  : uid=10595(org.mozilla.fenix.performancetest) expire 9 lines
12-18 21:44:27.661  1456  2067 D ConnectivityService: releasing NetworkRequest [ TRACK_DEFAULT id=11238, [ Capabilities: INTERNET&NOT_RESTRICTED&TRUSTED&NOT_VPN] ] (release request)
12-18 21:44:30.358  1456  2916 W ActivityManager: Background start not allowed: service Intent { cmp=com.google.android.apps.messaging/.shared.datamodel.action.execution.ActionExecutorImpl$EmptyService } to com.google.android.apps.messaging/.shared.datamodel.action.execution.ActionExecutorImpl$EmptyService from pid=6149 uid=10110 pkg=com.google.android.apps.messaging
12-18 21:44:30.360  6149  6149 W BugleDataModel: ActionExecutorImpl: Action started execution, but we can't guarantee it will complete, the app may be killed. Action: class com.google.android.apps.messaging.shared.datamodel.action.SelfParticipantsRefreshAction-SelfParticipantsRefreshAction:9251433618007
12-18 21:44:30.360  6149  6149 W BugleDataModel: java.lang.IllegalStateException: Not allowed to start service Intent { cmp=com.google.android.apps.messaging/.shared.datamodel.action.execution.ActionExecutorImpl$EmptyService }: app is in background uid UidRecord{96c1ab3 u0a110 CEM  idle change:cached procs:1 seq(0,0,0)}
12-18 21:44:30.360  6149  6149 W BugleDataModel: 	at android.app.ContextImpl.startServiceCommon(ContextImpl.java:1536)
12-18 21:44:30.360  6149  6149 W BugleDataModel: 	at android.app.ContextImpl.startService(ContextImpl.java:1492)
12-18 21:44:30.360  6149  6149 W BugleDataModel: 	at android.content.ContextWrapper.startService(ContextWrapper.java:650)
12-18 21:44:30.360  6149  6149 W BugleDataModel: 	at com.google.android.apps.messaging.shared.datamodel.action.execution.ActionExecutorImpl.a(PG:94)
12-18 21:44:30.360  6149  6149 W BugleDataModel: 	at com.google.android.apps.messaging.shared.datamodel.action.execution.ActionExecutorImpl.a(PG:89)
12-18 21:44:30.360  6149  6149 W BugleDataModel: 	at fib.c(PG:113)
12-18 21:44:30.360  6149  6149 W BugleDataModel: 	at fhy.run(PG:1)
12-18 21:44:30.360  6149  6149 W BugleDataModel: 	at zit.run(PG:3)
12-18 21:44:30.360  6149  6149 W BugleDataModel: 	at android.os.Handler.handleCallback(Handler.java:790)
12-18 21:44:30.360  6149  6149 W BugleDataModel: 	at android.os.Handler.dispatchMessage(Handler.java:99)
12-18 21:44:30.360  6149  6149 W BugleDataModel: 	at android.os.Looper.loop(Looper.java:164)
12-18 21:44:30.360  6149  6149 W BugleDataModel: 	at android.app.ActivityThread.main(ActivityThread.java:6626)
12-18 21:44:30.360  6149  6149 W BugleDataModel: 	at java.lang.reflect.Method.invoke(Native Method)
12-18 21:44:30.360  6149  6149 W BugleDataModel: 	at com.android.internal.os.RuntimeInit$MethodAndArgsCaller.run(RuntimeInit.java:438)
12-18 21:44:30.360  6149  6149 W BugleDataModel: 	at com.android.internal.os.ZygoteInit.main(ZygoteInit.java:811)
12-18 21:44:30.365  6149  6326 I BugleDataModel: ParticipantRefresh: Start participant refresh. refreshMode: SELF_ONLY
12-18 21:44:30.449  6149  6326 W Bugle   : SubscriptionMetadataUtils get: invalid subId = -1
12-18 21:44:30.450  6149  6326 W Bugle   : SubscriptionMetadataUtils get: invalid subId = -1
12-18 21:44:30.451  6149  6326 W Bugle   : MultiSimSubscriptionUtils: getSelfRawNumber: subInfo is null for subscription{id:-1}
12-18 21:44:30.531  6149  6326 I BugleDataModel: ParticipantRefresh: Number of participants refreshed: 0
12-18 21:44:31.529  1456  2916 I ActivityManager: Force stopping org.mozilla.fenix.performancetest appid=10595 user=0: from pid 8422
12-18 21:44:31.529  1456  2916 I ActivityManager: Killing 8228:org.mozilla.fenix.performancetest/u0a595 (adj 700): stop org.mozilla.fenix.performancetest
12-18 21:44:31.532  1456  2916 W ActivityManager: Force removing ActivityRecord{211c61c u0 org.mozilla.fenix.performancetest/org.mozilla.fenix.HomeActivity t10570}: app died, no saved state
12-18 21:44:31.532  1456  1605 W zygote  : kill(-8228, 9) failed: No such process
12-18 21:44:31.541  1456  2916 I ActivityManager: Killing 8269:org.mozilla.fenix.performancetest:tab/u0a595 (adj 0): stop org.mozilla.fenix.performancetest
12-18 21:44:31.548  1456  1605 W zygote  : kill(-8228, 9) failed: No such process
12-18 21:44:31.553  2398  2398 D CarrierSvcBindHelper: No carrier app for: 0
12-18 21:44:31.554  2398  2398 D CarrierSvcBindHelper: No carrier app for: 1
12-18 21:44:31.564  1456  1605 W zygote  : kill(-8228, 9) failed: No such process
12-18 21:44:31.597  1456  1673 W ActivityManager: setHasOverlayUi called on unknown pid: 8228
12-18 21:44:31.599  1456  1605 I chatty  : uid=1000(system) ActivityManager identical 3 lines
12-18 21:44:31.609  1456  1605 W zygote  : kill(-8228, 9) failed: No such process
12-18 21:44:31.610  1456  1605 I zygote  : Successfully killed process cgroup uid 10595 pid 8228 in 77ms
12-18 21:44:31.610  1456  1605 W zygote  : kill(-8269, 9) failed: No such process
12-18 21:44:31.610  1456  1605 I zygote  : Successfully killed process cgroup uid 10595 pid 8269 in 0ms
12-18 21:44:31.648  1456  2915 I ActivityManager: START u0 {act=android.intent.action.MAIN cat=[android.intent.category.LAUNCHER] flg=0x10000000 cmp=org.mozilla.fenix.performancetest/org.mozilla.fenix.HomeActivity} from uid 2000
12-18 21:44:31.649   794   839 E ANDR-PERF-RESOURCEQS: Failed to apply optimization [4, 0]
12-18 21:44:31.668  1456 10366 I ActivityManager: Start proc 8429:org.mozilla.fenix.performancetest/u0a595 for activity org.mozilla.fenix.performancetest/org.mozilla.fenix.HomeActivity
12-18 21:44:31.673  8429  8429 I chatty  : uid=10595(org.mozilla.fenix.performancetest) expire 59 lines
12-18 21:44:31.767 19624 19715 I MicroDetectionState: Should stop hotword detection immediately - false
12-18 21:44:31.767 19624 19715 I MicroDetector: Keeping mic open: false
12-18 21:44:31.768 19624 19715 I RecognitionAudioControl: #shutdownAudio [requestId: -5496500754906989778, keepAudioOpen: false, forced: true]
12-18 21:44:31.768 19624   598 E DeviceStateChecker: DeviceStateChecker cancelled
12-18 21:44:31.768 19624 19715 I RecognitionAudioControl: #internalShutdownAudio [requestId: -5496500754906989778]
12-18 21:44:31.768 19624 19715 I RecognitionAudioControl: #internalShutdownAudio [keepAudioOpen: false, forced: true]
12-18 21:44:31.768 19624 19715 I RecognitionAudioControl: #actualShutdownAudio
12-18 21:44:31.768 19624 19715 I AudioController: #shutdown [requestId=-5496500754906989778]
12-18 21:44:31.769 19624  5810 I AudioController: internalShutdown
12-18 21:44:31.769 19624  5986 I MicroRecognitionRunner: Stopping hotword detection.
12-18 21:44:31.783   808   808 I SFPerfTracer:      triggers: (rate: 49:48263) (compose: 0:5) (post: 0:12) (render: 0:9) (2:1161592 frames) (3:2068290)
12-18 21:44:31.783   808   808 D SFPerfTracer:        layers: (4:13) (NavigationBar#0 (0xb07df000): 0:264352) (StatusBar#0 (0xb07e3000): 0:893279) (com.android.systemui.ImageWallpaper#0 (0xb07e7000): 0:19043) (Sprite#0 (0xb0733000): 0:317)* (DimLayerController/Stack=0#0 (0xb075a000): 0:3501)* (Sprite#1 (0xb077c000): 0:195)* (com.android.launcher3/com.android.launcher3.CustomizationPanelLauncher#0 (0xb0763000): 0:38)- (com.android.launcher3/com.android.launcher3.CustomizationPanelLauncher#1 (0xb0771000): 0:9)- (Splash Screen org.mozilla.fenix.performancetest#0 (0xb0384000): 0:30)- (org.mozilla.fenix.performancetest/org.mozilla.fenix.HomeActivity#0 (0xb039b000): 0:45)- (com.android.launcher3/com.android.launcher3.CustomizationPanelLauncher#0 (0xb0763000): 0:38)* (com.android.launcher3/com.android.launcher3.CustomizationPanelLauncher#1 (0xb0771000): 0:9) (Splash Screen org.mozilla.fenix.performancetest#0 (0xb0384000): 1:3)* 
12-18 21:44:31.825   788   788 D audio_hw_primary: disable_audio_route: usecase(9) reset and update mixer path: audio-record
12-18 21:44:31.826   788   788 D audio_hw_primary: disable_snd_device: snd_device(120: voice-rec-mic)
12-18 21:44:31.827  1012  8317 D APM_AudioPolicyManager: stopInput() input 35046, session 35081
12-18 21:44:31.828   788  1479 D audio_hw_primary: in_set_parameters: enter: kvpairs=routing=0
12-18 21:44:31.830 19624  5810 I MicrophoneInputStream: mic_close  SR : 16000 CC : 16 SO : 1999
12-18 21:44:31.830 19624  5810 E AudioSource: Stop listening is called on already closed AudioSource
12-18 21:44:31.832 19624  6003 I MicroRecognitionRunner: Detection finished
12-18 21:44:31.900  8429  8446 I chatty  : uid=10595(org.mozilla.fenix.performancetest) expire 13 lines
12-18 21:44:32.110  8429  8460 I chatty  : uid=10595(org.mozilla.fenix.performancetest) expire 35 lines
12-18 21:44:32.244  8429  8467 I chatty  : uid=10595(org.mozilla.fenix.performancetest) expire 10 lines
12-18 21:44:32.255  1456  2923 I ActivityManager: Start proc 8470:org.mozilla.fenix.performancetest:tab/u0a595 for service org.mozilla.fenix.performancetest/org.mozilla.gecko.process.GeckoServiceChildProcess$tab
12-18 21:44:32.256  8470  8470 I chatty  : uid=10595(org.mozilla.fenix.performancetest) expire 2 lines
12-18 21:44:32.428  8470  8492 I chatty  : uid=10595(org.mozilla.fenix.performancetest) expire 1 line
12-18 21:44:32.544  8429  8434 I chatty  : uid=10595(org.mozilla.fenix.performancetest) expire 8 lines
12-18 21:44:32.936  8429  8522 I chatty  : uid=10595(org.mozilla.fenix.performancetest) expire 5 lines
12-18 21:44:33.380  1456  2915 I WifiService: getDhcpInfo uid=10595
12-18 21:44:33.955  8429  8460 I chatty  : uid=10595(org.mozilla.fenix.performancetest) expire 3 lines
12-18 21:44:33.992  8429  8567 I chatty  : uid=10595(org.mozilla.fenix.performancetest) expire 2 lines
12-18 21:44:34.190  8429  8429 I chatty  : uid=10595(org.mozilla.fenix.performancetest) expire 9 lines
12-18 21:44:34.219  8429  8434 I chatty  : uid=10595(org.mozilla.fenix.performancetest) expire 3 lines
12-18 21:44:34.396  1456  1673 I LaunchCheckinHandler: Displayed org.mozilla.fenix.performancetest/org.mozilla.fenix.HomeActivity,cp,ca,2739
12-18 21:44:34.396  1456  1673 I ActivityManager: Displayed org.mozilla.fenix.performancetest/org.mozilla.fenix.HomeActivity: +2s734ms
12-18 21:44:34.456  8429  8589 I chatty  : uid=10595(org.mozilla.fenix.performancetest) expire 4 lines
12-18 21:44:34.516 19624 19624 I MemoryTrimmer: Trimming objects from memory, since app is in the background.
12-18 21:44:34.525 19624 19624 I MemoryTrimmer: Trimming objects from memory, since app is in the background.
12-18 21:44:34.525 19624 21273 I PBSessionCacheImpl: Deleted sessionId[86308841256996717] from persistence.
12-18 21:44:34.529  1456  2915 I WifiService: getWifiEnabledState uid=10073
12-18 21:44:34.532 19624 19715 W SearchServiceCore: Abort, client detached.
12-18 21:44:34.569  8429  8445 I chatty  : uid=10595(org.mozilla.fenix.performancetest) expire 1 line
12-18 21:44:37.303  8594  8594 D AndroidRuntime: >>>>>> START com.android.internal.os.RuntimeInit uid 2000 <<<<<<
12-18 21:44:37.316  8594  8594 W app_process: Could not reserve sentinel fault page
12-18 21:44:37.481  8594  8594 I app_process: The ClassLoaderContext is a special shared library.
12-18 21:44:37.550  8594  8594 D AndroidRuntime: Calling main entry com.android.commands.input.Input
12-18 21:44:37.551  8594  8594 I Input   : injectKeyEvent: KeyEvent { action=ACTION_DOWN, keyCode=KEYCODE_HOME, scanCode=0, metaState=0, flags=0x0, repeatCount=0, eventTime=9170701164, downTime=9170701164, deviceId=-1, source=0x101 }
12-18 21:44:37.562  8594  8594 I Input   : injectKeyEvent: KeyEvent { action=ACTION_UP, keyCode=KEYCODE_HOME, scanCode=0, metaState=0, flags=0x0, repeatCount=0, eventTime=9170701164, downTime=9170701164, deviceId=-1, source=0x101 }
12-18 21:44:37.569  1456  1941 I ActivityManager: START u0 {act=android.intent.action.MAIN cat=[android.intent.category.HOME] flg=0x10200000 cmp=com.android.launcher3/.CustomizationPanelLauncher (has extras)} from uid 1000
12-18 21:44:37.569   794   839 E ANDR-PERF-RESOURCEQS: Failed to apply optimization [4, 0]
12-18 21:44:37.581  1456  1941 I ActivityManager: moveHomeStack, setupComplete:true
12-18 21:44:37.587 19624 19707 I Adreno  : QUALCOMM build                   : bb5b86c, I77d3059488
12-18 21:44:37.587 19624 19707 I Adreno  : Build Date                       : 06/07/18
12-18 21:44:37.587 19624 19707 I Adreno  : OpenGL ES Shader Compiler Version: EV031.22.00.01_06
12-18 21:44:37.587 19624 19707 I Adreno  : Local Branch                     : 
12-18 21:44:37.587 19624 19707 I Adreno  : Remote Branch                    : refs/tags/AU_LINUX_ANDROID_LA.UM.6.5.R1.08.01.00.312.086
12-18 21:44:37.587 19624 19707 I Adreno  : Remote Branch                    : NONE
12-18 21:44:37.587 19624 19707 I Adreno  : Reconstruct Branch               : NOTHING
12-18 21:44:37.590 19624 19707 D vndksupport: Loading /vendor/lib/hw/gralloc.msm8937.so from current namespace instead of sphal namespace.
12-18 21:44:37.591  8594  8594 D AndroidRuntime: Shutting down VM
12-18 21:44:37.593 19624 19707 I Adreno  : PFP: 0x005ff087, ME: 0x005ff063
12-18 21:44:37.597 19624 19707 I zygote  : android::hardware::configstore::V1_0::ISurfaceFlingerConfigs::hasWideColorDisplay retrieved: 0
12-18 21:44:37.597 19624 19707 I OpenGLRenderer: Initialized EGL, version 1.4
12-18 21:44:37.597 19624 19707 D OpenGLRenderer: Swap behavior 2
12-18 21:44:37.604  5530  5530 I Finsky  : [2] puo.onTrimMemory(1): Memory trim requested to level 80
12-18 21:44:37.605  2748  2748 D Launcher.Utilities: Wakeup weather: Intent { act=com.motorola.launcher3.action.WAKEUP_WEATHER cmp=com.motorola.timeweatherwidget/com.motorola.commandcenter.weather.WakeUpService }
12-18 21:44:37.621  1456  1456 I NotificationService: Cannot find enqueued record for key: 0|com.motorola.timeweatherwidget|1|null|10116
12-18 21:44:37.623   808   808 D SurfaceFlinger: duplicate layer name: changing com.android.launcher3/com.android.launcher3.CustomizationPanelLauncher to com.android.launcher3/com.android.launcher3.CustomizationPanelLauncher#1
12-18 21:44:37.640 19624   598 W ThreadPoolDumper: Queue length for executor EventBus is now 11. Perhaps some tasks are too long, or the pool is too small.
12-18 21:44:37.644  1456  5797 I WifiService: getWifiEnabledState uid=10073
12-18 21:44:37.654  1456  5797 I WifiService: getWifiEnabledState uid=10073
12-18 21:44:37.680 19624 19715 I MicroDetectionState: Should stop hotword detection immediately - false
12-18 21:44:37.686 19624 19715 I MicroDetectionWorker: #startMicroDetector [speakerMode: 0]
12-18 21:44:37.687 19624 19715 I AudioController: Created new AudioSource
12-18 21:44:37.689 19624 19715 I MicroDetectionWorker: onReady
12-18 21:44:37.689 19624  5986 I MicroDataManager: isInitializedWithLatestParams-true
12-18 21:44:37.689  1456  1673 I LaunchCheckinHandler: Displayed com.android.launcher3/.CustomizationPanelLauncher,wp,wa,121
12-18 21:44:37.689 19624  5986 I MicroDataManager: isInitializing-false locale not changed-true model not changed-true
12-18 21:44:37.690 19624  5986 I MicroDataManager: Already initialized, obtaining the hotword data immediately.
12-18 21:44:37.695 19624  6582 I MicroRecognitionRunner: Starting detection.
12-18 21:44:37.695 19624  6582 I InputStreamUtils: Using micInputStream
12-18 21:44:37.696 19624 21273 I MicrophoneInputStream: mic_starting  SR : 16000 CC : 16 SO : 1999
12-18 21:44:37.700   788  1479 V msm8974_platform: platform_check_input_mask: enter check_input_mask source 6 mask 10
12-18 21:44:37.703  1012  8608 I AudioFlinger: AudioFlinger's thread 0xb2483ac0 tid=8608 ready to run
12-18 21:44:37.707   788  1479 D audio_hw_primary: in_set_parameters: enter: kvpairs=input_source=6;routing=-2147483644
12-18 21:44:37.708  1012 11031 D APM_AudioPolicyManager: AudioPolicyManager::startInput() input 35054, session 35089, source = 1999
12-18 21:44:37.709 19624 21273 I MicrophoneInputStream: mic_started  SR : 16000 CC : 16 SO : 1999
12-18 21:44:37.711   788  8609 V msm8974_platform: platform_update_usecase_from_source: input source :6
12-18 21:44:37.711   788  8609 V msm8974_platform: platform_check_input_mask: enter check_input_mask source 6 mask 10
12-18 21:44:37.711   788  8609 V msm8974_platform: platform_get_input_snd_device: enter: out_device(0) in_device(0x4) channel_count (1) channel_mask (0x10)
12-18 21:44:37.711   788  8609 V msm8974_platform: platform_get_input_snd_device: exit: in_snd_device(voice-rec-mic)
12-18 21:44:37.711   788  8609 V msm8974_platform: platform_get_backend_index:napb: backend port - 5 device - 120 
12-18 21:44:37.711   788  8609 V msm8974_platform: platform_check_and_set_capture_backend_cfg:txbecf: afe: bitwidth 0, samplerate 0, channel 1, backend_idx 5 usecase = 9 device (voice-rec-mic)
12-18 21:44:37.711   788  8609 V msm8974_platform: platform_check_capture_backend_cfg:txbecf: afe: Codec selected backend: 5 current bit width: 0 and sample rate: 0, channels 1
12-18 21:44:37.711   788  8609 V msm8974_platform: platform_check_capture_backend_cfg:txbecf: afe: Codec selected backend: 5 updated bit width: 0 and sample rate: 0
12-18 21:44:37.711   788  8609 I msm8974_platform: platform_check_capture_backend_cfg:txbecf: afe: Codec backend needs to be updated. new bit width: 0 new sample rate: 0 new channel: 1
12-18 21:44:37.711   788  8609 V msm8974_platform: platform_get_backend_index:napb: backend port - 5 device - 120 
12-18 21:44:37.711   788  8609 V msm8974_platform: platform_set_backend_cfg:becf: afe: bitwidth 0, samplerate 0 channels 1, backend_idx 5 device (voice-rec-mic)
12-18 21:44:37.712   788  8609 E msm8974_platform: platform_set_backend_cfg:becf: afe: Could not get ctl for mixer command - SLIM_0_TX Format
12-18 21:44:37.712   788  8609 V msm8974_platform: platform_send_audio_calibration: sending audio calibration for snd_device(120) acdb_id(62)
12-18 21:44:37.712   788  8609 D ACDB-LOADER: ACDB -> send_audio_cal, acdb_id = 62, path = 1, app id = 0x11130, sample rate = 48000
12-18 21:44:37.712   788  8609 D ACDB-LOADER: ACDB -> send_asm_topology
12-18 21:44:37.712   788  8609 D ACDB-LOADER: ACDB -> ACDB_CMD_GET_AUDPROC_STREAM_TOPOLOGY_ID
12-18 21:44:37.712   788  8609 D ACDB-LOADER: ACDB -> send_adm_topology
12-18 21:44:37.712   788  8609 D ACDB-LOADER: ACDB -> ACDB_CMD_GET_AUDPROC_COMMON_TOPOLOGY_ID
12-18 21:44:37.712   788  8609 D ACDB-LOADER: ACDB -> send_audtable
12-18 21:44:37.712   788  8609 D ACDB-LOADER: ACDB -> ACDB_CMD_GET_AUDPROC_COMMON_TABLE_SIZE
12-18 21:44:37.712   788  8609 D ACDB-LOADER: ACDB -> ACDB_CMD_GET_AUDPROC_COMMON_TABLE
12-18 21:44:37.712   788  8609 D ACDB-LOADER: ACDB -> AUDIO_SET_AUDPROC_CAL
12-18 21:44:37.713   788  8609 D ACDB-LOADER: ACDB -> send_audvoltable
12-18 21:44:37.713   788  8609 D ACDB-LOADER: ACDB -> ACDB_CMD_GET_AUDPROC_VOL_STEP_TABLE_SIZE
12-18 21:44:37.713   788  8609 D ACDB-LOADER: ACDB -> ACDB_CMD_GET_AUDPROC_GAIN_DEP_STEP_TABLE, vol index 0
12-18 21:44:37.713   788  8609 D         : Failed to fetch the lookup information of the device 0000003E 
12-18 21:44:37.713   788  8609 D ACDB-LOADER: ACDB -> AUDIO_SET_VOL_CAL cal type = 12
12-18 21:44:37.713   788  8609 D ACDB-LOADER: ACDB -> ACDB_CMD_GET_AUDPROC_STREAM_TABLE_SIZE
12-18 21:44:37.713   788  8609 D ACDB-LOADER: ACDB -> send_audstrmtable
12-18 21:44:37.713   788  8609 D ACDB-LOADER: ACDB -> ACDB_CMD_GET_AUDPROC_STREAM_TABLE_V2
12-18 21:44:37.713   788  8609 D ACDB-LOADER: ACDB -> audstrm_cal->cal_type.cal_data.cal_size = 456
12-18 21:44:37.713   788  8609 D ACDB-LOADER: ACDB -> send_afe_topology
12-18 21:44:37.713   788  8609 D ACDB-LOADER: ACDB -> ACDB_CMD_GET_AFE_TOPOLOGY_ID
12-18 21:44:37.713   788  8609 D ACDB-LOADER: ACDB -> GET_AFE_TOPOLOGY_ID for adcd_id 62, Topology Id 112fb
12-18 21:44:37.713   788  8609 D ACDB-LOADER: ACDB -> send_afe_cal
12-18 21:44:37.713   788  8609 D ACDB-LOADER: ACDB -> ACDB_CMD_GET_AFE_COMMON_TABLE_SIZE
12-18 21:44:37.713   788  8609 D         : Failed to fetch the lookup information of the device 0000003E 
12-18 21:44:37.713   788  8609 E ACDB-LOADER: Error: ACDB_CMD_GET_AFE_COMMON_TABLE_SIZE Returned = -19
12-18 21:44:37.713   788  8609 D ACDB-LOADER: ACDB -> ACDB_CMD_GET_AFE_COMMON_TABLE
12-18 21:44:37.713   788  8609 D         : Failed to fetch the lookup information of the device 0000003E 
12-18 21:44:37.713   788  8609 D ACDB-LOADER: ACDB -> AUDIO_SET_AFE_CAL
12-18 21:44:37.713   788  8609 D ACDB-LOADER: ACDB -> send_hw_delay : acdb_id = 62 path = 1
12-18 21:44:37.713   788  8609 D ACDB-LOADER: ACDB -> ACDB_AVSYNC_INFO: ACDB_CMD_GET_DEVICE_PROPERTY
12-18 21:44:37.713   788  8609 D audio_hw_primary: enable_snd_device: snd_device(120: voice-rec-mic)
12-18 21:44:37.713   788  8609 D audio_route: Apply path: voice-rec-mic
12-18 21:44:37.718   788  8609 V msm8974_platform: platform_get_snd_device_backend_index: enter with device 120
12-18 21:44:37.718   788  8609 E msm8974_platform: platform_get_snd_device_backend_index: BE DAI Name Table is not present
12-18 21:44:37.718   788  8609 V msm8974_platform: platform_get_backend_index:napb: backend port - 5 device - 120 
12-18 21:44:37.718   788  8609 I audio_hw_utils: Set Audio Stream Capture 0 App Type Cfg: app_type 69936, acdb_dev_id 62, sample_rate 48000, snd_device_be_idx -14
12-18 21:44:37.718   788  8609 D audio_hw_primary: enable_audio_route: usecase(9) apply and update mixer path: audio-record
12-18 21:44:37.718   788  8609 D audio_route: Apply path: audio-record
12-18 21:44:37.788 19624 19715 I MicroDetectionWorker: onReady
12-18 21:44:38.099  1456  7796 I OpenGLRenderer: Initialized EGL, version 1.4
12-18 21:44:38.099  1456  7796 D OpenGLRenderer: Swap behavior 2
12-18 21:44:38.149  2748  2917 W OpenGLRenderer: Incorrectly called buildLayer on View: ShortcutAndWidgetContainer, destroying layer...
12-18 21:44:38.280  8429  8446 I chatty  : uid=10595(org.mozilla.fenix.performancetest) expire 1 line
12-18 21:44:38.290  8429  8533 I chatty  : uid=10595(org.mozilla.fenix.performancetest) expire 6 lines
12-18 21:44:38.311   808   898 I SFPerfTracer:      triggers: (rate: 0:0) (0 sw vsyncs) (0 skipped) (37:1016052 vsyncs) (39:2089849)
12-18 21:44:38.357  1456  1473 D ConnectivityService: requestNetwork for uid/pid:10595/8429 NetworkRequest [ TRACK_DEFAULT id=11239, [ Capabilities: INTERNET&NOT_RESTRICTED&TRUSTED&NOT_VPN] ]
12-18 21:44:38.359  1456  2099 D Ethernet: got request NetworkRequest [ TRACK_DEFAULT id=11239, [ Capabilities: INTERNET&NOT_RESTRICTED&TRUSTED&NOT_VPN] ] with score 60
12-18 21:44:38.359  1456  2054 D WIFI_UT : got request NetworkRequest [ TRACK_DEFAULT id=11239, [ Capabilities: INTERNET&NOT_RESTRICTED&TRUSTED&NOT_VPN] ] with score 60
12-18 21:44:38.359  1456  2054 D WIFI    : got request NetworkRequest [ TRACK_DEFAULT id=11239, [ Capabilities: INTERNET&NOT_RESTRICTED&TRUSTED&NOT_VPN] ] with score 60
12-18 21:44:38.360  2398  2398 D PhoneSwitcherNetworkRequstListener: got request NetworkRequest [ TRACK_DEFAULT id=11239, [ Capabilities: INTERNET&NOT_RESTRICTED&TRUSTED&NOT_VPN] ] with score 60
12-18 21:44:38.377  1456  1466 I zygote  : NativeAlloc concurrent copying GC freed 37977(2MB) AllocSpace objects, 18(616KB) LOS objects, 42% free, 29MB/50MB, paused 175us total 278.546ms
12-18 21:44:38.390  8429  8612 I chatty  : uid=10595(org.mozilla.fenix.performancetest) expire 9 lines
12-18 21:44:38.465  7962  8015 I zygote  : Deoptimizing java.lang.Object bisn.a(java.lang.Object) due to JIT inline cache
12-18 21:44:38.878  8429  8449 I chatty  : uid=10595(org.mozilla.fenix.performancetest) expire 1 line
12-18 21:44:38.887  1456  2067 D ConnectivityService: releasing NetworkRequest [ TRACK_DEFAULT id=11239, [ Capabilities: INTERNET&NOT_RESTRICTED&TRUSTED&NOT_VPN] ] (release request)
12-18 21:44:42.742  1456  1473 I ActivityManager: Force stopping org.mozilla.fenix.performancetest appid=10595 user=0: from pid 8616
12-18 21:44:42.742  1456  1473 I ActivityManager: Killing 8429:org.mozilla.fenix.performancetest/u0a595 (adj 700): stop org.mozilla.fenix.performancetest
12-18 21:44:42.744  1456  1605 W zygote  : kill(-8429, 9) failed: No such process
12-18 21:44:42.745  1456  1473 W ActivityManager: Force removing ActivityRecord{c25b29d u0 org.mozilla.fenix.performancetest/org.mozilla.fenix.HomeActivity t10571}: app died, no saved state
12-18 21:44:42.745  8470  8470 I chatty  : uid=10595(org.mozilla.fenix.performancetest) expire 1 line
12-18 21:44:42.760  1456  1605 W zygote  : kill(-8429, 9) failed: No such process
12-18 21:44:42.761  1456  1473 I ActivityManager: Killing 8470:org.mozilla.fenix.performancetest:tab/u0a595 (adj 0): stop org.mozilla.fenix.performancetest
12-18 21:44:42.774  2398  2398 D CarrierSvcBindHelper: No carrier app for: 0
12-18 21:44:42.775  2398  2398 D CarrierSvcBindHelper: No carrier app for: 1
12-18 21:44:42.782  1456  1605 W zygote  : kill(-8429, 9) failed: No such process
12-18 21:44:42.818  1456  1673 W ActivityManager: setHasOverlayUi called on unknown pid: 8429
12-18 21:44:42.821  1456  1605 I chatty  : uid=1000(system) ActivityManager identical 5 lines
12-18 21:44:42.836  1456  1605 W zygote  : kill(-8429, 9) failed: No such process
12-18 21:44:42.836  1456  1605 I zygote  : Successfully killed process cgroup uid 10595 pid 8429 in 92ms
12-18 21:44:42.837  1456  1605 W zygote  : kill(-8470, 9) failed: No such process
12-18 21:44:42.837  1456  1605 I zygote  : Successfully killed process cgroup uid 10595 pid 8470 in 0ms
12-18 21:44:42.866  1456  7556 I ActivityManager: START u0 {act=android.intent.action.MAIN cat=[android.intent.category.LAUNCHER] flg=0x10000000 cmp=org.mozilla.fenix.performancetest/org.mozilla.fenix.HomeActivity} from uid 2000
12-18 21:44:42.867   794   839 E ANDR-PERF-RESOURCEQS: Failed to apply optimization [4, 0]
12-18 21:44:42.887  1456  2915 I ActivityManager: Start proc 8623:org.mozilla.fenix.performancetest/u0a595 for activity org.mozilla.fenix.performancetest/org.mozilla.fenix.HomeActivity
12-18 21:44:42.891  8623  8623 I chatty  : uid=10595(org.mozilla.fenix.performancetest) expire 68 lines
12-18 21:44:42.984 19624 19715 I MicroDetectionState: Should stop hotword detection immediately - false
12-18 21:44:42.984 19624 19715 I MicroDetector: Keeping mic open: false
12-18 21:44:42.984 19624 19715 I RecognitionAudioControl: #shutdownAudio [requestId: 4473209703261475077, keepAudioOpen: false, forced: true]
12-18 21:44:42.984 19624   598 E DeviceStateChecker: DeviceStateChecker cancelled
12-18 21:44:42.984 19624 19715 I RecognitionAudioControl: #internalShutdownAudio [requestId: 4473209703261475077]
12-18 21:44:42.985 19624 19715 I RecognitionAudioControl: #internalShutdownAudio [keepAudioOpen: false, forced: true]
12-18 21:44:42.985 19624 19715 I RecognitionAudioControl: #actualShutdownAudio
12-18 21:44:42.985 19624 19715 I AudioController: #shutdown [requestId=4473209703261475077]
12-18 21:44:42.985 19624  5986 I AudioController: internalShutdown
12-18 21:44:42.985 19624  5810 I MicroRecognitionRunner: Stopping hotword detection.
12-18 21:44:43.031   788  1479 D audio_hw_primary: disable_audio_route: usecase(9) reset and update mixer path: audio-record
12-18 21:44:43.032   788  1479 D audio_hw_primary: disable_snd_device: snd_device(120: voice-rec-mic)
12-18 21:44:43.034  1012  4918 D APM_AudioPolicyManager: stopInput() input 35054, session 35089
12-18 21:44:43.034   788   788 D audio_hw_primary: in_set_parameters: enter: kvpairs=routing=0
12-18 21:44:43.036 19624  5986 I MicrophoneInputStream: mic_close  SR : 16000 CC : 16 SO : 1999
12-18 21:44:43.036 19624  5986 E AudioSource: Stop listening is called on already closed AudioSource
12-18 21:44:43.038 19624  6582 I MicroRecognitionRunner: Detection finished
12-18 21:44:43.138  8623  8640 I chatty  : uid=10595(org.mozilla.fenix.performancetest) expire 14 lines
12-18 21:44:43.344  8623  8652 I chatty  : uid=10595(org.mozilla.fenix.performancetest) expire 38 lines
12-18 21:44:43.377   808   808 I SFPerfTracer:      triggers: (rate: 49:48264) (compose: 0:5) (post: 0:12) (render: 0:9) (16:1161674 frames) (17:2068400)
12-18 21:44:43.378   808   808 D SFPerfTracer:        layers: (3:13) (NavigationBar#0 (0xb07df000): 9:264375) (StatusBar#0 (0xb07e3000): 9:893303) (com.android.systemui.ImageWallpaper#0 (0xb07e7000): 0:19046)* (Sprite#0 (0xb0733000): 0:317)* (DimLayerController/Stack=0#0 (0xb075a000): 0:3501)* (Sprite#1 (0xb077c000): 0:195)* (com.android.launcher3/com.android.launcher3.CustomizationPanelLauncher#0 (0xb0763000): 0:39)- (com.android.launcher3/com.android.launcher3.CustomizationPanelLauncher#1 (0xb0771000): 0:10)- (Splash Screen org.mozilla.fenix.performancetest#0 (0xb0384000): 0:31)- (org.mozilla.fenix.performancetest/org.mozilla.fenix.HomeActivity#0 (0xb039b000): 0:46)- (com.android.launcher3/com.android.launcher3.CustomizationPanelLauncher#0 (0xb0763000): 0:38)* (com.android.launcher3/com.android.launcher3.CustomizationPanelLauncher#1 (0xb0771000): 0:9)* (Splash Screen org.mozilla.fenix.performancetest#0 (0xb0384000): 16:20) 
12-18 21:44:43.483  8623  8661 I chatty  : uid=10595(org.mozilla.fenix.performancetest) expire 10 lines
12-18 21:44:43.487  1456  7556 I ActivityManager: Start proc 8663:org.mozilla.fenix.performancetest:tab/u0a595 for service org.mozilla.fenix.performancetest/org.mozilla.gecko.process.GeckoServiceChildProcess$tab
12-18 21:44:43.495  8663  8663 I chatty  : uid=10595(org.mozilla.fenix.performancetest) expire 3 lines
12-18 21:44:43.663  8663  8686 I chatty  : uid=10595(org.mozilla.fenix.performancetest) expire 1 line
12-18 21:44:43.785  8623  8628 I chatty  : uid=10595(org.mozilla.fenix.performancetest) expire 11 lines
12-18 21:44:44.159  8623  8715 I chatty  : uid=10595(org.mozilla.fenix.performancetest) expire 5 lines
12-18 21:44:44.597  1456  1471 I WifiService: getDhcpInfo uid=10595
12-18 21:44:45.206  8623  8759 I chatty  : uid=10595(org.mozilla.fenix.performancetest) expire 2 lines
12-18 21:44:45.614  1456  1673 I LaunchCheckinHandler: Displayed org.mozilla.fenix.performancetest/org.mozilla.fenix.HomeActivity,cp,ca,2739
12-18 21:44:45.615  1456  1673 I ActivityManager: Displayed org.mozilla.fenix.performancetest/org.mozilla.fenix.HomeActivity: +2s736ms
12-18 21:44:45.677  8623  8782 I chatty  : uid=10595(org.mozilla.fenix.performancetest) expire 4 lines
12-18 21:44:45.735 19624 19624 I MemoryTrimmer: Trimming objects from memory, since app is in the background.
12-18 21:44:45.741 19624 19624 I MemoryTrimmer: Trimming objects from memory, since app is in the background.
12-18 21:44:45.742 19624 21273 I PBSessionCacheImpl: Deleted sessionId[86308841256996722] from persistence.
12-18 21:44:45.745  1456  1471 I WifiService: getWifiEnabledState uid=10073
12-18 21:44:45.751 19624 19715 W SearchServiceCore: Abort, client detached.
12-18 21:44:45.793  8623  8639 I chatty  : uid=10595(org.mozilla.fenix.performancetest) expire 1 line
12-18 21:44:48.519  8787  8787 D AndroidRuntime: >>>>>> START com.android.internal.os.RuntimeInit uid 2000 <<<<<<
12-18 21:44:48.532  8787  8787 W app_process: Could not reserve sentinel fault page
12-18 21:44:48.698  8787  8787 I app_process: The ClassLoaderContext is a special shared library.
12-18 21:44:48.767  8787  8787 D AndroidRuntime: Calling main entry com.android.commands.input.Input
12-18 21:44:48.768  8787  8787 I Input   : injectKeyEvent: KeyEvent { action=ACTION_DOWN, keyCode=KEYCODE_HOME, scanCode=0, metaState=0, flags=0x0, repeatCount=0, eventTime=9170712381, downTime=9170712381, deviceId=-1, source=0x101 }
12-18 21:44:48.775  8787  8787 I Input   : injectKeyEvent: KeyEvent { action=ACTION_UP, keyCode=KEYCODE_HOME, scanCode=0, metaState=0, flags=0x0, repeatCount=0, eventTime=9170712381, downTime=9170712381, deviceId=-1, source=0x101 }
12-18 21:44:48.781  1456  1941 I ActivityManager: START u0 {act=android.intent.action.MAIN cat=[android.intent.category.HOME] flg=0x10200000 cmp=com.android.launcher3/.CustomizationPanelLauncher (has extras)} from uid 1000
12-18 21:44:48.782   794   839 E ANDR-PERF-RESOURCEQS: Failed to apply optimization [4, 0]
12-18 21:44:48.792  1456  1941 I ActivityManager: moveHomeStack, setupComplete:true
12-18 21:44:48.796  8787  8787 D AndroidRuntime: Shutting down VM
12-18 21:44:48.813 19624 19707 I Adreno  : QUALCOMM build                   : bb5b86c, I77d3059488
12-18 21:44:48.813 19624 19707 I Adreno  : Build Date                       : 06/07/18
12-18 21:44:48.813 19624 19707 I Adreno  : OpenGL ES Shader Compiler Version: EV031.22.00.01_06
12-18 21:44:48.813 19624 19707 I Adreno  : Local Branch                     : 
12-18 21:44:48.813 19624 19707 I Adreno  : Remote Branch                    : refs/tags/AU_LINUX_ANDROID_LA.UM.6.5.R1.08.01.00.312.086
12-18 21:44:48.813 19624 19707 I Adreno  : Remote Branch                    : NONE
12-18 21:44:48.813 19624 19707 I Adreno  : Reconstruct Branch               : NOTHING
12-18 21:44:48.815 19624 19707 D vndksupport: Loading /vendor/lib/hw/gralloc.msm8937.so from current namespace instead of sphal namespace.
12-18 21:44:48.819  5530  5530 I Finsky  : [2] puo.onTrimMemory(1): Memory trim requested to level 80
12-18 21:44:48.819 19624 19707 I Adreno  : PFP: 0x005ff087, ME: 0x005ff063
12-18 21:44:48.819  2748  2748 D Launcher.Utilities: Wakeup weather: Intent { act=com.motorola.launcher3.action.WAKEUP_WEATHER cmp=com.motorola.timeweatherwidget/com.motorola.commandcenter.weather.WakeUpService }
12-18 21:44:48.824 19624 19707 I zygote  : android::hardware::configstore::V1_0::ISurfaceFlingerConfigs::hasWideColorDisplay retrieved: 0
12-18 21:44:48.825 19624 19707 I OpenGLRenderer: Initialized EGL, version 1.4
12-18 21:44:48.826 19624 19707 D OpenGLRenderer: Swap behavior 2
12-18 21:44:48.833  1456  1456 I NotificationService: Cannot find enqueued record for key: 0|com.motorola.timeweatherwidget|1|null|10116
12-18 21:44:48.839   808   808 D SurfaceFlinger: duplicate layer name: changing com.android.launcher3/com.android.launcher3.CustomizationPanelLauncher to com.android.launcher3/com.android.launcher3.CustomizationPanelLauncher#1
12-18 21:44:48.860 19624   598 W ThreadPoolDumper: Queue length for executor EventBus is now 11. Perhaps some tasks are too long, or the pool is too small.
12-18 21:44:48.862  1456  5050 I WifiService: getWifiEnabledState uid=10073
12-18 21:44:48.875  1456  7556 I WifiService: getWifiEnabledState uid=10073
12-18 21:44:48.898 19624 19715 I MicroDetectionState: Should stop hotword detection immediately - false
12-18 21:44:48.902 19624 19715 I MicroDetectionWorker: #startMicroDetector [speakerMode: 0]
12-18 21:44:48.903 19624 19715 I AudioController: Created new AudioSource
12-18 21:44:48.908 19624 19715 I MicroDetectionWorker: onReady
