--------- beginning of system
10-04 21:43:18.738  1456  1601 I ActivityManager: Force stopping org.mozilla.fenix.nightly appid=10305 user=-1: deletePackageX
--------- beginning of main
10-04 21:43:18.929  1017  1017 I keystore: clear_uid 10305
10-04 21:43:19.028   808   898 I SFPerfTracer:      triggers: (rate: 0:0) (0 sw vsyncs) (0 skipped) (33:80561 vsyncs) (35:367405)
10-04 21:43:19.308  1456  1723 I zygote  : Explicit concurrent copying GC freed 76705(3MB) AllocSpace objects, 14(664KB) LOS objects, 42% free, 19MB/33MB, paused 255us total 377.980ms
10-04 21:43:19.388  1456  1723 I ActivityManager: Force stopping org.mozilla.fenix.nightly appid=10305 user=0: pkg removed
10-04 21:43:19.438  4781  4792 I zygote  : Background concurrent copying GC freed 3428(233KB) AllocSpace objects, 11(552KB) LOS objects, 53% free, 1346KB/2MB, paused 8.295ms total 42.691ms
10-04 21:43:19.439  1456  1601 W BroadcastQueue: Background execution not allowed: receiving Intent { act=android.intent.action.PACKAGE_REMOVED dat=package:org.mozilla.fenix.nightly flg=0x4000010 (has extras) } to com.android.vending/com.google.android.finsky.packagemanager.impl.PackageMonitorReceiverImpl$RegisteredReceiver
10-04 21:43:19.450  1456  1601 W BroadcastQueue: Background execution not allowed: receiving Intent { act=android.intent.action.PACKAGE_REMOVED dat=package:org.mozilla.fenix.nightly flg=0x4000010 (has extras) } to com.android.vending/com.google.android.finsky.instantapps.appmanagement.InstantAppRemoveMonitor
10-04 21:43:19.454  1456  1601 W BroadcastQueue: Background execution not allowed: receiving Intent { act=android.intent.action.PACKAGE_REMOVED dat=package:org.mozilla.fenix.nightly flg=0x4000010 (has extras) } to com.google.android.gms/.games.chimera.GamesSystemBroadcastReceiverProxy
10-04 21:43:19.454  1456  1601 W BroadcastQueue: Background execution not allowed: receiving Intent { act=android.intent.action.PACKAGE_REMOVED dat=package:org.mozilla.fenix.nightly flg=0x4000010 (has extras) } to com.google.android.gms/.chimera.GmsIntentOperationService$PersistentTrustedReceiver
10-04 21:43:19.464  7883 24367 W TileUtils: Found com.android.settings.backup.BackupSettingsActivity for intent Intent { act=com.android.settings.action.SETTINGS pkg=com.android.settings } missing metadata com.android.settings.category
10-04 21:43:19.485  1456  1942 I InputReader: Reconfiguring input devices.  changes=0x00000010
10-04 21:43:19.502  2146  2165 I zygote  : Background concurrent copying GC freed 1409(104KB) AllocSpace objects, 0(0B) LOS objects, 49% free, 5MB/11MB, paused 273us total 106.769ms
10-04 21:43:19.504  2398  2398 D CarrierSvcBindHelper: No carrier app for: 0
10-04 21:43:19.505  2398  2398 D CarrierSvcBindHelper: No carrier app for: 1
10-04 21:43:19.505  1456  1456 I ActivityManager: Start proc 24567:com.android.keychain/1000 for service com.android.keychain/.KeyChainService
10-04 21:43:19.515  1456  1601 W BroadcastQueue: Background execution not allowed: receiving Intent { act=android.intent.action.PACKAGE_REMOVED dat=package:org.mozilla.fenix.nightly flg=0x4000010 (has extras) } to com.google.android.googlequicksearchbox/com.google.android.apps.gsa.googlequicksearchbox.GelStubAppWatcher
10-04 21:43:19.518 12455 12455 I GeofencerStateMachine: removeGeofences: removeRequest=RemoveGeofencingRequest[REMOVE_ALL packageName=org.mozilla.fenix.nightly]
10-04 21:43:19.518  2398  2398 E VvmPkgInstalledRcvr: cannot create TelephonyManager from ComponentInfo{com.android.phone/com.android.services.telephony.TelephonyConnectionService}, [****], UserHandle{0}
10-04 21:43:19.534  1456  1456 W ResourceType: ResTable_typeSpec entry count inconsistent: given 545, previously 544
10-04 21:43:19.535  1456  1456 W ResourceType: ResTable_typeSpec entry count inconsistent: given 378, previously 1461
10-04 21:43:19.535  1456  1456 W ResourceType: ResTable_typeSpec entry count inconsistent: given 215, previously 1172
10-04 21:43:19.536  1456  1600 W ResourceType: ResTable_typeSpec entry count inconsistent: given 32, previously 38
10-04 21:43:19.538  1456  1600 W ResourceType: ResTable_typeSpec entry count inconsistent: given 2172, previously 2169
10-04 21:43:19.538  1456  1600 W ResourceType: ResTable_typeSpec entry count inconsistent: given 268, previously 1517
10-04 21:43:19.542  1456  1601 I ActivityManager: Start proc 24577:com.android.chrome/u0a85 for broadcast com.android.chrome/org.chromium.chrome.browser.browserservices.ClientAppBroadcastReceiver
10-04 21:43:19.546  1456  1600 W ResourceType: Found multiple library tables, ignoring...
10-04 21:43:19.552  1456  1603 W Looper  : Dispatch took 161ms on android.ui, h=Handler (com.android.server.am.ActivityManagerService$UiHandler) {2cc60ff} cb=null msg=53
10-04 21:43:19.560  1456  1723 D KernelUidCpuTimeReader: Removing uids 10305-10305
10-04 21:43:19.572  1456  1456 I ConditionProviders: Disallowing condition provider org.mozilla.fenix.nightly
10-04 21:43:19.612 24567 24567 I zygote  : The ClassLoaderContext is a special shared library.
10-04 21:43:19.679 24577 24577 W ResourceType: Found multiple library tables, ignoring...
10-04 21:43:19.700 12500 22394 I Icing   : doRemovePackageData org.mozilla.fenix.nightly
10-04 21:43:19.729 12500 12610 I Icing   : IndexChimeraService.getServiceInterface callingPackage=com.google.android.gms componentName=AppsCorpus serviceId=36
10-04 21:43:19.734 12500 22538 I ContentMaintenance: Internal cache bytes used: 0; limit: 100000000; download size: 0
10-04 21:43:19.746 24577 24577 I LoadedApk: No resource references to update in package com.android.chrome.autofill_assistant
10-04 21:43:19.750 12500 22538 I RealtimeCacheCleanup: Beginning Realtime garbage collection.
10-04 21:43:19.752 12500 22538 I RealtimeCacheCleanup: Finished Realtime garbage collection.
10-04 21:43:19.773 12500 24617 W Icing   : No valid account for uploading user actions: addq: Not signed in
10-04 21:43:19.808  1456  2918 I ActivityManager: Start proc 24624:com.android.documentsui/u0a30 for broadcast com.android.documentsui/.PackageReceiver
10-04 21:43:19.871 24624 24624 I zygote  : The ClassLoaderContext is a special shared library.
10-04 21:43:19.891 12500 24617 I Icing   : Usage reports ok 1, Failed Usage reports 0, indexed 0, rejected 0
10-04 21:43:19.946 23423 23423 I Finsky  : [2] ptk.a(7): PackageMonitor received: android.intent.action.PACKAGE_FULLY_REMOVED
10-04 21:43:19.947 23423 23423 I Finsky  : [2] pum.d(11): Invalidating cached PackageState for org.mozilla.fenix.nightly
10-04 21:43:19.951 23423 23423 I Finsky  : [2] zhq.a(10): Do not start WearSupportService due to Wear service optimization
10-04 21:43:19.952 23423 23423 I Finsky  : [2] zhq.a(10): Do not start WearSupportService due to Wear service optimization
10-04 21:43:19.954 23423 23423 I Finsky  : [2] tqt.a(1): Clearing split related stale data.
10-04 21:43:19.954 23423 24641 I Finsky  : [15359] mmi.run(2): Cleaning dev-triggered-update data on package uninstall for org.mozilla.fenix.nightly.
10-04 21:43:19.959 23423 23423 I Finsky  : [2] pum.j(2): Package no longer installed: org.mozilla.fenix.nightly
10-04 21:43:19.959 23423 24643 I Finsky  : [15361] mmj.run(2): Finished dev-triggered-update cleaning.
10-04 21:43:19.964  1456  2916 I ActivityManager: Start proc 24647:com.google.android.apps.docs/u0a90 for content provider com.google.android.apps.docs/.storagebackend.StorageBackendContentProvider
10-04 21:43:19.976 23423 23423 I Finsky  : [2] lxn.b(11): Installer: package org.mozilla.fenix.nightly was removed. replacing: false
10-04 21:43:19.989 23423 23423 I Finsky  : [2] lxn.a(68): Installer: Notifying status update. package=org.mozilla.fenix.nightly, status=UNINSTALLED
10-04 21:43:19.997 23423 23423 I zygote  : Deoptimizing void j$.util.Iterator$$CC.forEachRemaining$$dflt$$(java.util.Iterator, j$.util.function.Consumer) due to JIT inline cache
10-04 21:43:19.999 23423 23423 I Finsky  : [2] lxn.a(220): Installer: found apps to install. isMultiUserMode=false, apps=[]
10-04 21:43:20.019 23423 23516 I Finsky  : [15334] mic.b(40): IQ: Notifying installation update. package=org.mozilla.fenix.nightly, status=UNINSTALLED
10-04 21:43:20.024 23423 24646 I Finsky  : [15364] pkj.run(16): Frosting DB delete succeeded: true
10-04 21:43:20.039 23423 23516 I zygote  : Deoptimizing void gst.a(java.lang.String, java.lang.String, java.util.Collection, boolean) due to JIT inline cache
10-04 21:43:20.119 23423 23516 I Finsky  : [15334] mic.b(26): IQ: No matching installs to run for jobs: []
10-04 21:43:20.174 23423 23423 I Finsky  : [2] sjp.a(8): Jobs in database: 1-1337 3-567 3-568 12-1 24-77777777 26-1414141414 
10-04 21:43:20.193 23423 23423 I Finsky  : [2] sfl.a(59): ConstraintMapping: 24-77777777,  -> L: 0ms, D: 56872887ms, C: false, I: true, N: 0
10-04 21:43:20.194 23423 23423 I Finsky  : [2] sfl.a(59): ConstraintMapping: 1-1337, 12-1,  -> L: 14813ms, D: 60458167ms, C: false, I: false, N: 1
10-04 21:43:20.195 23423 23423 I Finsky  : [2] sfl.a(59): ConstraintMapping: 3-568,  -> L: 0ms, D: 86338110ms, C: false, I: true, N: 2
10-04 21:43:20.196 23423 23423 I Finsky  : [2] sfl.a(59): ConstraintMapping: 3-567,  -> L: 0ms, D: 86338093ms, C: true, I: true, N: 2
10-04 21:43:20.197 23423 23423 I Finsky  : [2] sfl.a(59): ConstraintMapping: 26-1414141414,  -> L: 22923668ms, D: 23823668ms, C: false, I: false, N: 0
10-04 21:43:20.209 23423 23423 I Finsky  : [2] shz.a(37): Cancelling existing jobscheduler jobs: 9001 9000 9002 9009 9006 
10-04 21:43:20.209 23423 23423 I Finsky  : [2] shz.a(13): Throttling wakeup for job 9003 (expected to run in 0 ms) due to recent wakeup
10-04 21:43:20.210 23423 23423 I Finsky  : [2] shz.a(30): Scheduling job Id: 9003, L: 30000, D: 56872887, C: false, I: true, N: 0
10-04 21:43:20.212 23423 23423 I Finsky  : [2] shz.a(13): Throttling wakeup for job 9004 (expected to run in 14813 ms) due to recent wakeup
10-04 21:43:20.213 23423 23423 I Finsky  : [2] shz.a(30): Scheduling job Id: 9004, L: 30000, D: 60458167, C: false, I: false, N: 1
10-04 21:43:20.215 23423 23423 I Finsky  : [2] shz.a(13): Throttling wakeup for job 9005 (expected to run in 0 ms) due to recent wakeup
10-04 21:43:20.216 23423 23423 I Finsky  : [2] shz.a(30): Scheduling job Id: 9005, L: 30000, D: 86338110, C: false, I: true, N: 2
10-04 21:43:20.218 23423 23423 I Finsky  : [2] shz.a(13): Throttling wakeup for job 9007 (expected to run in 0 ms) due to recent wakeup
10-04 21:43:20.218 23423 23423 I Finsky  : [2] shz.a(30): Scheduling job Id: 9007, L: 30000, D: 86338093, C: true, I: true, N: 2
10-04 21:43:20.221 23423 23423 I Finsky  : [2] shz.a(30): Scheduling job Id: 9008, L: 22923668, D: 23823668, C: false, I: false, N: 0
10-04 21:43:20.343 24647 24672 I GAv4    : Google Analytics 19.4.66 is starting up. To enable debug logging on a device run:
10-04 21:43:20.343 24647 24672 I GAv4    :   adb shell setprop log.tag.GAv4 DEBUG
10-04 21:43:20.343 24647 24672 I GAv4    :   adb logcat -s GAv4
10-04 21:43:20.381 24647 24675 W GAv4    : CampaignTrackingReceiver is not registered, not exported or is disabled. Installation campaign tracking is not possible. See http://goo.gl/8Rd3yj for instructions.
10-04 21:43:20.459 24647 24647 W PrimesInit: Primes instant initialization
10-04 21:43:20.462 24647 24678 W Primes  : background initialization
10-04 21:43:20.537 24647 24647 W FieldDefinition: [main] Ignoring isIndexed constraint as field also has uniqueness constraint (on just this field, and therefore SQLite will have to create an index on that. For field: cqs$a@42af0fa
10-04 21:43:20.676 12455 12455 W ChimeraUtils: Non Chimera context
10-04 21:43:20.677 12455 12455 W ChimeraUtils: Non Chimera context
10-04 21:43:20.774 24647 24647 W ComponentDiscovery: Application info not found.
10-04 21:43:20.774 24647 24647 W ComponentDiscovery: Could not retrieve metadata, returning empty list of registrars.
10-04 21:43:20.873 12455 12455 W ChimeraUtils: Non Chimera context
10-04 21:43:20.873 12455 12455 W ChimeraUtils: Non Chimera context
10-04 21:43:20.886 24624 24638 I ProvidersCache: Provider returned no roots. Possibly naughty: com.google.android.apps.docs.storage
10-04 21:43:20.902 12500 22514 I Icing   : Indexing com.google.android.gms-apps from com.google.android.gms
10-04 21:43:20.904 24624 24695 I ProvidersCache: Provider returned no roots. Possibly naughty: com.google.android.apps.docs.storage
10-04 21:43:20.921   808   808 I SFPerfTracer:      triggers: (rate: 4:5498) (compose: 0:0) (post: 0:0) (render: 0:1) (16:143959 frames) (17:364760)
10-04 21:43:20.922   808   808 D SFPerfTracer:        layers: (3:12) (NavigationBar#0 (0xb07df000): 0:1072) (StatusBar#0 (0xb07e3000): 0:219854) (com.android.systemui.ImageWallpaper#0 (0xb07e7000): 0:76)* (Sprite#0 (0xb0733000): 0:317)* (DimLayerController/Stack=0#0 (0xb075a000): 0:165)* (animation background stackId=1#0 (0xb0771000): 0:4)* (Sprite#1 (0xb077c000): 0:195)* (org.mozilla.fenix.nightly/org.mozilla.fenix.HomeActivity#0 (0xb03ae000): 0:25)- (com.android.settings/com.android.settings.Settings$DevelopmentSettingsActivity#0 (0xb0763000): 0:10)- (Splash Screen org.mozilla.fenix.nightly#0 (0xb03a4000): 0:30)- (org.mozilla.fenix.nightly/org.mozilla.fenix.HomeActivity#0 (0xb03ae000): 0:28)- (com.android.settings/com.android.settings.Settings$DevelopmentSettingsActivity#0 (0xb0763000): 17:35) 
10-04 21:43:20.949 12500 22514 I Icing   : Indexing com.google.android.gms-internal.3p:MobileApplication from com.google.android.gms
10-04 21:43:20.959 12500 22514 I Icing   : Indexing com.google.android.gms-internal.3p:DigitalDocument from com.google.android.gms
10-04 21:43:20.970 12500 22514 I Icing   : Indexing done com.google.android.gms-apps
10-04 21:43:20.974 12500 22514 I Icing   : Indexing done com.google.android.gms-internal.3p:MobileApplication
10-04 21:43:20.977 12500 22514 I Icing   : Indexing done com.google.android.gms-internal.3p:DigitalDocument
10-04 21:43:23.445 24647 24679 W DynamiteModule: Local module descriptor class for providerinstaller not found.
10-04 21:43:23.453 24647 24679 W ProviderInstaller: Failed to load providerinstaller module: No acceptable module found. Local version is 0 and remote version is 0.
10-04 21:43:23.466 24647 24679 I zygote  : The ClassLoaderContext is a special shared library.
10-04 21:43:23.469 24647 24679 I zygote  : The ClassLoaderContext is a special shared library.
10-04 21:43:23.493 24647 24679 V NativeCrypto: Registering com/google/android/gms/org/conscrypt/NativeCrypto's 284 native methods...
10-04 21:43:23.539 24647 24679 D NetworkSecurityConfig: Using Network Security Config from resource network_security_config debugBuild: false
10-04 21:43:23.543 24647 24679 I ProviderInstaller: Installed default security provider GmsCore_OpenSSL
10-04 21:43:25.044 24647 24665 I zygote  : Waiting for a blocking GC ProfileSaver
10-04 21:43:25.060 24647 24665 I zygote  : WaitForGcToComplete blocked ProfileSaver on HeapTrim for 16.833ms
10-04 21:43:25.930  1456  1466 I zygote  : Background concurrent copying GC freed 97938(7MB) AllocSpace objects, 58(4MB) LOS objects, 42% free, 22MB/39MB, paused 839us total 295.310ms
10-04 21:43:26.504  2398  2398 D QtiCarrierConfigHelper: WARNING, no carrier configs on phone Id: 0
10-04 21:43:28.040 23423 23423 I Finsky  : [2] xyb.a(5): Verification requested, id = 189
10-04 21:43:28.050 23423 23423 E Finsky  : [2] yls.b(2): Package name null is not an installed package
10-04 21:43:28.057 23423 23446 I Finsky  : [15290] yaf.a(9): Single user settings service is not running, bind it now
10-04 21:43:28.062 23423 23423 I Finsky  : [2] yae.onServiceConnected(1): Single user settings service is connected
10-04 21:43:28.070 23423 23446 W Settings: Setting install_non_market_apps has moved from android.provider.Settings.Global to android.provider.Settings.Secure, returning read-only value.
10-04 21:43:31.596 23423 24705 I zygote  : Deoptimizing void akqv.run() due to JIT inline cache
10-04 21:43:31.603 23423 23446 I Finsky  : [15290] khh.a(3): Task 7 requested foreground
10-04 21:43:31.605 23423 23446 I Finsky  : [15290] khh.a(17): Not entering foreground
10-04 21:43:31.802 23423 23452 I Finsky  : [15296] ygl.b(3): Verify: Verification package=org.mozilla.fenix.nightly, id=189 response=0
10-04 21:43:31.811 23423 23446 I Finsky  : [15290] yls.b(4): PSIC verification started with installer uid: 2000 package name: null, originating uid: -1
10-04 21:43:31.816 23423 23423 I Finsky  : [2] yhm.c(8): Verifying id=189, result=1
10-04 21:43:31.820 23423 23423 I Finsky  : [2] yhm.h(6): Verification complete: id=189, package_name=org.mozilla.fenix.nightly
10-04 21:43:32.514  1456  1723 I PackageManager.DexOptimizer: Running dexopt (dexoptNeeded=1) on: /data/app/org.mozilla.fenix.nightly-SJrn-9ss3OKKRYxZTVQ4LA==/base.apk pkg=org.mozilla.fenix.nightly isa=arm dexoptFlags=boot_complete,public target-filter=quicken oatDir=/data/app/org.mozilla.fenix.nightly-SJrn-9ss3OKKRYxZTVQ4LA==/oat sharedLibraries=PCL[]
10-04 21:43:32.568 24708 24708 I dex2oat : /system/bin/dex2oat --input-vdex-fd=-1 --output-vdex-fd=11 --compiler-filter=quicken --classpath-dir=/data/app/org.mozilla.fenix.nightly-SJrn-9ss3OKKRYxZTVQ4LA== --class-loader-context=PCL[]
10-04 21:43:32.576 24708 24708 W dex2oat : Could not reserve sentinel fault page
10-04 21:43:36.157 24708 24708 I dex2oat : dex2oat took 3.590s (15.328s cpu) (threads: 8) arena alloc=34KB (35832B) java alloc=6MB (6890208B) native alloc=8MB (9379240B) free=2MB (2155096B)
10-04 21:43:36.196  1016  1939 E         : Couldn't opendir /data/app/vmdl136230921.tmp: No such file or directory
10-04 21:43:36.196  1016  1939 E installd: Failed to delete /data/app/vmdl136230921.tmp: No such file or directory
10-04 21:43:36.214  2360  2360 D MayaFrameworkProxyService: receive intent :Intent { act=android.intent.action.PACKAGE_ADDED dat=package:org.mozilla.fenix.nightly flg=0x4000010 (has extras) }
10-04 21:43:36.217  1456  2162 W BroadcastQueue: Background execution not allowed: receiving Intent { act=android.intent.action.PACKAGE_ADDED dat=package:org.mozilla.fenix.nightly flg=0x4000010 (has extras) } to com.android.vending/com.google.android.finsky.packagemanager.impl.PackageMonitorReceiverImpl$RegisteredReceiver
10-04 21:43:36.226 23423 23423 I Finsky  : [2] ptk.a(7): PackageMonitor received: android.intent.action.PACKAGE_ADDED
10-04 21:43:36.227 23423 23423 I Finsky  : [2] pum.d(11): Invalidating cached PackageState for org.mozilla.fenix.nightly
10-04 21:43:36.235 23423 23423 I Finsky  : [2] zhq.a(10): Do not start WearSupportService due to Wear service optimization
10-04 21:43:36.238 23423 23423 I Finsky  : [2] zhq.a(10): Do not start WearSupportService due to Wear service optimization
10-04 21:43:36.241  1456  1601 W BroadcastQueue: Background execution not allowed: receiving Intent { act=android.intent.action.PACKAGE_ADDED dat=package:org.mozilla.fenix.nightly flg=0x4000010 (has extras) } to com.google.android.gms/.games.chimera.GamesSystemBroadcastReceiverProxy
10-04 21:43:36.242  1456  1601 W BroadcastQueue: Background execution not allowed: receiving Intent { act=android.intent.action.PACKAGE_ADDED dat=package:org.mozilla.fenix.nightly flg=0x4000010 (has extras) } to com.google.android.gms/.gass.chimera.PackageChangeBroadcastReceiver
10-04 21:43:36.243  1456  1601 W BroadcastQueue: Background execution not allowed: receiving Intent { act=android.intent.action.PACKAGE_ADDED dat=package:org.mozilla.fenix.nightly flg=0x4000010 (has extras) } to com.google.android.gms/.chimera.GmsIntentOperationService$PersistentTrustedReceiver
10-04 21:43:36.244  1456  1601 W BroadcastQueue: Background execution not allowed: receiving Intent { act=android.intent.action.PACKAGE_ADDED dat=package:org.mozilla.fenix.nightly flg=0x4000010 (has extras) } to com.google.android.googlequicksearchbox/com.google.android.apps.gsa.googlequicksearchbox.GelStubAppWatcher
10-04 21:43:36.244  1456  1601 W BroadcastQueue: Background execution not allowed: receiving Intent { act=android.intent.action.PACKAGE_ADDED dat=package:org.mozilla.fenix.nightly flg=0x4000010 (has extras) } to com.google.android.ims/.receivers.RcsAutoStartReceiver
10-04 21:43:36.254  1456  1942 I InputReader: Reconfiguring input devices.  changes=0x00000010
10-04 21:43:36.261  1456  1456 W ResourceType: ResTable_typeSpec entry count inconsistent: given 545, previously 544
10-04 21:43:36.261  1456  1456 W ResourceType: ResTable_typeSpec entry count inconsistent: given 378, previously 1461
10-04 21:43:36.261  1456  1456 W ResourceType: ResTable_typeSpec entry count inconsistent: given 215, previously 1172
10-04 21:43:36.265 23423 24641 I Finsky  : [15359] mmh.run(2): Cleaning dev-triggered-update data on package install for org.mozilla.fenix.nightly.
10-04 21:43:36.266 23423 23423 I Finsky  : [2] tqt.a(1): Clearing split related stale data.
10-04 21:43:36.268 23423 24643 I Finsky  : [15361] mmj.run(2): Finished dev-triggered-update cleaning.
10-04 21:43:36.273 23423 23423 I Finsky  : [2] pkk.c(2): Frosting ID looked up on UI thread. Caller should move to a background thread.
10-04 21:43:36.281 23423 24646 I Finsky  : [15364] pkg.run(16): Wrote row to frosting DB: 1000
10-04 21:43:36.297  7883 24721 W TileUtils: Found com.android.settings.backup.BackupSettingsActivity for intent Intent { act=com.android.settings.action.SETTINGS pkg=com.android.settings } missing metadata com.android.settings.category
10-04 21:43:36.299  2398  2398 D CarrierSvcBindHelper: No carrier app for: 0
10-04 21:43:36.300  2398  2398 D CarrierSvcBindHelper: No carrier app for: 1
10-04 21:43:36.306 12455 24731 W GCM     : Unexpected forwarded intent: Intent { act=android.intent.action.PACKAGE_ADDED dat=package:org.mozilla.fenix.nightly flg=0x4000010 cmp=com.google.android.gms/.chimera.PersistentIntentOperationService (has extras) }
10-04 21:43:36.310 12455 24728 W GCM     : Unexpected forwarded intent: Intent { act=android.intent.action.PACKAGE_ADDED dat=package:org.mozilla.fenix.nightly flg=0x4000010 cmp=com.google.android.gms/.chimera.PersistentIntentOperationService (has extras) }
10-04 21:43:36.311  2398  2398 E VvmPkgInstalledRcvr: cannot create TelephonyManager from ComponentInfo{com.android.phone/com.android.services.telephony.TelephonyConnectionService}, [****], UserHandle{0}
10-04 21:43:36.311  2398  2398 D ImsResolver: maybeAddedImsService, packageName: org.mozilla.fenix.nightly
10-04 21:43:36.312  2398  2398 D CarrierConfigLoader: mHandler: 9 phoneId: 0
10-04 21:43:36.321  1456  1600 W ResourceType: No known package when getting value for resource number 0x7f080120
10-04 21:43:36.321  1456  1600 W ResourceType: No known package when getting value for resource number 0x7f1200e0
10-04 21:43:36.321  1456  1600 W ResourceType: No known package when getting value for resource number 0x7f1200e0
10-04 21:43:36.321  1456  1600 W ResourceType: No known package when getting value for resource number 0x7f08011e
10-04 21:43:36.321  1456  1600 W ResourceType: No known package when getting value for resource number 0x7f1200de
10-04 21:43:36.321  1456  1600 W ResourceType: No known package when getting value for resource number 0x7f1200de
10-04 21:43:36.327 24624 24720 I ProvidersCache: Provider returned no roots. Possibly naughty: com.google.android.apps.docs.storage
10-04 21:43:36.338  1456  1456 W ResourceType: Found multiple library tables, ignoring...
10-04 21:43:36.349 12500 24733 I Auth    : [SupervisedAccountIntentOperation] onHandleIntent(): android.intent.action.PACKAGE_ADDED
10-04 21:43:36.350 12500 24735 I ChromeSync: [Sync,SyncIntentOperation] Handling the intent: Intent { act=android.intent.action.PACKAGE_ADDED dat=package:org.mozilla.fenix.nightly flg=0x4000010 cmp=com.google.android.gms/.chimera.GmsIntentOperationService (has extras) }.
10-04 21:43:36.367  1456  1600 W ResourceType: ResTable_typeSpec entry count inconsistent: given 32, previously 38
10-04 21:43:36.370  1456  3927 I ActivityManager: START u0 {act=android.intent.action.VIEW dat=about:blank typ=text/html flg=0x10000000 cmp=org.mozilla.fenix.nightly/org.mozilla.fenix.IntentReceiverActivity} from uid 2000
10-04 21:43:36.370   794   839 E ANDR-PERF-RESOURCEQS: Failed to apply optimization [4, 0]
10-04 21:43:36.383  1456  1600 W ResourceType: ResTable_typeSpec entry count inconsistent: given 2172, previously 2169
10-04 21:43:36.383  1456  1600 W ResourceType: ResTable_typeSpec entry count inconsistent: given 268, previously 1517
10-04 21:43:36.404  1456  1456 I TelecomService: DefaultDialerCache: Refreshing default dialer for user 0: now com.android.dialer: DDC.oR@DA8
10-04 21:43:36.488  1456  2402 I ActivityManager: Start proc 24743:org.mozilla.fenix.nightly/u0a306 for activity org.mozilla.fenix.nightly/org.mozilla.fenix.IntentReceiverActivity
10-04 21:43:36.520 12500 12609 I Icing   : IndexChimeraService.getServiceInterface callingPackage=com.google.android.gms componentName=AppsCorpus serviceId=36
10-04 21:43:36.550  1456  1466 I zygote  : Background concurrent copying GC freed 95806(5MB) AllocSpace objects, 35(1564KB) LOS objects, 42% free, 23MB/41MB, paused 393us total 354.689ms
10-04 21:43:36.567  1456  6339 W ActivityManager: Slow operation: 53ms so far, now at attachApplicationLocked: after mServices.attachApplicationLocked
10-04 21:43:36.585 12500 22532 W Icing   : No valid account for uploading user actions: addq: Not signed in
10-04 21:43:36.627 24743 24743 D FirebaseApp: Default FirebaseApp failed to initialize because no default options were found. This usually means that com.google.gms:google-services was not applied to your gradle project.
10-04 21:43:36.627 24743 24743 I FirebaseInitProvider: FirebaseApp initialization unsuccessful
10-04 21:43:36.653 12500 22532 I Icing   : Usage reports ok 1, Failed Usage reports 0, indexed 0, rejected 0
10-04 21:43:36.668 24743 24743 W System.err: SLF4J: Failed to load class "org.slf4j.impl.StaticLoggerBinder".
10-04 21:43:36.668 24743 24743 W System.err: SLF4J: Defaulting to no-operation (NOP) logger implementation
10-04 21:43:36.668 24743 24743 W System.err: SLF4J: See http://www.slf4j.org/codes.html#StaticLoggerBinder for further details.
10-04 21:43:36.669 24743 24743 D io.sentry.android.AndroidSentryClientFactory: Construction of Android Sentry.
10-04 21:43:36.683 24743 24743 D RustNativeSupport: findMegazordLibraryName(viaduct, 0.40.0
10-04 21:43:36.684 24743 24743 D RustNativeSupport: lib in use: none
10-04 21:43:36.684 24743 24743 D RustNativeSupport: lib configured: fenix
10-04 21:43:36.684 24743 24743 D RustNativeSupport: lib version configured: 0.40.0
10-04 21:43:36.684 24743 24743 D RustNativeSupport: settled on fenix
10-04 21:43:36.711 24743 24743 D RustNativeSupport: findMegazordLibraryName(rustlog, 0.40.0
10-04 21:43:36.711 24743 24743 D RustNativeSupport: lib in use: none
10-04 21:43:36.711 24743 24743 D RustNativeSupport: lib configured: fenix
10-04 21:43:36.711 24743 24743 D RustNativeSupport: lib version configured: 0.40.0
10-04 21:43:36.711 24743 24743 D RustNativeSupport: settled on fenix
10-04 21:43:36.714 24743 24743 I rc_log_ffi::ios: rc_log adapter initialized!
10-04 21:43:36.732 24743 24743 D GeckoThread: State changed to LAUNCHED
10-04 21:43:36.733 24743 24763 I GeckoThread: preparing to run Gecko
10-04 21:43:36.738 24743 24743 D GeckoRuntime: Lifecycle: onCreate
10-04 21:43:36.738 24743 24763 D GeckoThread: State changed to MOZGLUE_READY
10-04 21:43:36.747  1456  2918 D VoldConnector: SND -> {135 volume mkdirs /storage/emulated/0/Android/data/org.mozilla.fenix.nightly/files/Download/}
10-04 21:43:36.748  1456  1977 D VoldConnector: RCV <- {200 135 Command succeeded}
10-04 21:43:36.762 24743 24763 W Settings: Setting animator_duration_scale has moved from android.provider.Settings.System to android.provider.Settings.Global, returning read-only global URI.
10-04 21:43:36.764 24743 24763 E GeckoLibLoad: Load sqlite start
10-04 21:43:36.772 24743 24743 E experiments: Caught error trying to retrieve experiments from storage: java.io.FileNotFoundException: /data/user/0/org.mozilla.fenix.nightly/app_experiments-service/experiments.json (No such file or directory)
10-04 21:43:36.773 24743 24766 D App     : Bucket is 45
10-04 21:43:36.774 24743 24766 D App     : Experiments active: {}
10-04 21:43:36.778 24743 24743 I experiments: No active experiment in cache
10-04 21:43:36.790 24743 24743 I glean/Glean: Metrics enabled: true
10-04 21:43:36.802 24743 24763 W GeckoLinker: /data/app/org.mozilla.fenix.nightly-SJrn-9ss3OKKRYxZTVQ4LA==/lib/arm/libnss3.so: unhandled flags #8 not handled
10-04 21:43:36.810 24743 24763 W GeckoLinker: /data/app/org.mozilla.fenix.nightly-SJrn-9ss3OKKRYxZTVQ4LA==/lib/arm/libnss3.so: Relocation to NULL @0x00133ffc for symbol "__cxa_type_match"
10-04 21:43:36.811 24743 24763 E GeckoLibLoad: Load sqlite done
10-04 21:43:36.811 24743 24763 E GeckoLibLoad: Load nss start
10-04 21:43:36.811 24743 24763 E GeckoLibLoad: Load nss done
10-04 21:43:36.812 24743 24763 W GeckoLinker: /data/app/org.mozilla.fenix.nightly-SJrn-9ss3OKKRYxZTVQ4LA==/lib/arm/libxul.so: unhandled flags #8 not handled
10-04 21:43:36.813 24743 24763 W GeckoLinker: /data/app/org.mozilla.fenix.nightly-SJrn-9ss3OKKRYxZTVQ4LA==/lib/arm/liblgpllibs.so: unhandled flags #8 not handled
10-04 21:43:36.823 24743 24743 I glean/Dispatchers: Task queued for execution and delayed until flushed
10-04 21:43:36.848 24743 24763 E GeckoLibLoad: Loaded libs in 36.780993ms total, 26ms(56ms) user, 6ms(16ms) system, 0(0) faults
10-04 21:43:36.848 24743 24763 D GeckoThread: State changed to LIBS_READY
10-04 21:43:36.849 24743 24763 W GeckoThread: zerdatime 2767890310 - runGecko
10-04 21:43:36.852 24743 24763 D GeckoProfile: Loading profile at: null name: default
10-04 21:43:36.853 24743 24763 D GeckoProfile: Created new profile dir.
10-04 21:43:36.854 24743 24763 I GeckoProfile: Enqueuing profile init.
10-04 21:43:36.857 24743 24763 D GeckoProfile: Found profile dir: /data/user/0/org.mozilla.fenix.nightly/files/mozilla/s4nzg8zx.default
10-04 21:43:36.857 24743 24763 D GeckoProfile: Attempting to write new client ID properties
10-04 21:43:36.858 24743 24763 D GeckoProfile: Creating profile dir: /data/user/0/org.mozilla.fenix.nightly/files/mozilla/s4nzg8zx.default
10-04 21:43:36.871  1456  2918 I ActivityManager: Start proc 24778:org.mozilla.fenix.nightly:tab/u0a306 for service org.mozilla.fenix.nightly/org.mozilla.gecko.process.GeckoServiceChildProcess$tab
10-04 21:43:36.881 24743 24743 I glean/Dispatchers: Task queued for execution and delayed until flushed
10-04 21:43:36.882 24743 24743 I glean/Dispatchers: Task queued for execution and delayed until flushed
10-04 21:43:36.979 24778 24778 W System.err: SLF4J: Failed to load class "org.slf4j.impl.StaticLoggerBinder".
10-04 21:43:36.979 24778 24778 W System.err: SLF4J: Defaulting to no-operation (NOP) logger implementation
10-04 21:43:36.979 24778 24778 W System.err: SLF4J: See http://www.slf4j.org/codes.html#StaticLoggerBinder for further details.
10-04 21:43:36.981 24778 24778 D io.sentry.android.AndroidSentryClientFactory: Construction of Android Sentry.
10-04 21:43:37.006 24778 24778 D RustNativeSupport: findMegazordLibraryName(viaduct, 0.40.0
10-04 21:43:37.006 24778 24778 D RustNativeSupport: lib in use: none
10-04 21:43:37.007 24778 24778 D RustNativeSupport: lib configured: fenix
10-04 21:43:37.007 24778 24778 D RustNativeSupport: lib version configured: 0.40.0
10-04 21:43:37.007 24778 24778 D RustNativeSupport: settled on fenix
10-04 21:43:37.032 24778 24778 D RustNativeSupport: findMegazordLibraryName(rustlog, 0.40.0
10-04 21:43:37.032 24778 24778 D RustNativeSupport: lib in use: none
10-04 21:43:37.032 24778 24778 D RustNativeSupport: lib configured: fenix
10-04 21:43:37.032 24778 24778 D RustNativeSupport: lib version configured: 0.40.0
10-04 21:43:37.032 24778 24778 D RustNativeSupport: settled on fenix
10-04 21:43:37.034 24778 24778 I rc_log_ffi::ios: rc_log adapter initialized!
10-04 21:43:37.039 24778 24778 D GeckoThread: State changed to LAUNCHED
10-04 21:43:37.041 24778 24803 I GeckoThread: preparing to run Gecko
10-04 21:43:37.076 24743 24743 W [WARNING][Leanplum]: [com.leanplum.internal.ActionManager::getLocationManager::8]: Geofencing support requires leanplum-location module and Google Play Services v8.1 and higher.
10-04 21:43:37.076 24743 24743 W [WARNING][Leanplum]: Add this to your build.gradle file:
10-04 21:43:37.076 24743 24743 W [WARNING][Leanplum]: implementation 'com.google.android.gms:play-services-location:8.3.0+'
10-04 21:43:37.076 24743 24743 W [WARNING][Leanplum]: implementation 'com.leanplum:leanplum-location:+'
10-04 21:43:37.081 24743 24743 I [INFO][Leanplum]: [com.leanplum.monitoring.ExceptionHandler::setContext::6]: LeanplumExceptionHandler could not initialize Exception Reporting.This is expected if you have not included the leanplum-monitoring module
10-04 21:43:37.089 24743 24753 I zygote  : Background concurrent copying GC freed 6262(700KB) AllocSpace objects, 15(576KB) LOS objects, 50% free, 2MB/4MB, paused 697us total 160.645ms
10-04 21:43:37.097 24743 24743 I FirefoxAccountStateMachine: Enabling/updating sync with a new SyncConfig: SyncConfig(supportedEngines=[mozilla.components.service.fxa.SyncEngine$History@fe7a11b, mozilla.components.service.fxa.SyncEngine$Bookmarks@e9802b8], syncPeriodInMinutes=240)
10-04 21:43:37.099 24743 24743 I BgSyncManager: Periodic syncing enabled at a 240 interval
10-04 21:43:37.100 24743 24743 I FirefoxAccountStateMachine: Sync is enabled
10-04 21:43:37.102 24743 24743 W PushConfig: No firebase configuration found; cannot support push service.
10-04 21:43:37.104 24743 24807 I FirefoxAccountStateMachine: Processing event Event$Init for state Start. Next state is Start
10-04 21:43:37.107 24743 24807 I FirefoxAccountStateMachine: Ran 'Event$Init' side-effects for state Start, got successive event Event$AccountNotFound
10-04 21:43:37.107 24743 24807 I FirefoxAccountStateMachine: Processing event Event$AccountNotFound for state Start. Next state is NotAuthenticated
10-04 21:43:37.110 24743 24807 D RustNativeSupport: findMegazordLibraryName(fxaclient, 0.40.0
10-04 21:43:37.110 24743 24807 D RustNativeSupport: lib in use: none
10-04 21:43:37.110 24743 24807 D RustNativeSupport: lib configured: fenix
10-04 21:43:37.110 24743 24807 D RustNativeSupport: lib version configured: 0.40.0
10-04 21:43:37.110 24743 24807 D RustNativeSupport: settled on fenix
10-04 21:43:37.113 24743 24807 D fxaclient_ffi: fxa_new
10-04 21:43:37.119 24743 24792 D RustNativeSupport: findMegazordLibraryName(places, 0.40.0
10-04 21:43:37.119 24743 24792 D RustNativeSupport: lib in use: none
10-04 21:43:37.119 24743 24792 D RustNativeSupport: lib configured: fenix
10-04 21:43:37.119 24743 24792 D RustNativeSupport: lib version configured: 0.40.0
10-04 21:43:37.119 24743 24792 D RustNativeSupport: settled on fenix
10-04 21:43:37.124 24743 24792 D places_ffi: places_api_new
10-04 21:43:37.129 24743 24748 I zygote  : Do partial code cache collection, code=28KB, data=23KB
10-04 21:43:37.133 24743 24748 I zygote  : After code cache collection, code=28KB, data=23KB
10-04 21:43:37.133 24743 24748 I zygote  : Increasing code cache capacity to 128KB
10-04 21:43:37.143 24743 24743 D GeckoRuntime: Lifecycle: onStart
10-04 21:43:37.154 24743 24792 D places::db::schema: Creating schema
10-04 21:43:37.156 24743 24743 D GeckoRuntime: Lifecycle: onResume
10-04 21:43:37.157 24743 24743 D GeckoNetworkManager: Incoming event start for state OffNoListeners -> OnNoListeners
10-04 21:43:37.159 24743 24743 D GeckoNetworkManager: New network state: UP, WIFI, WIFI
10-04 21:43:37.160 24743 24805 D NetworkSecurityConfig: No Network Security Config specified, using platform default
10-04 21:43:37.179 24743 24814 D OpenGLRenderer: HWUI GL Pipeline
10-04 21:43:37.187 24743 24743 I glean/Glean: Registering pings for org.mozilla.fenix.GleanMetrics.Pings
10-04 21:43:37.188 24743 24743 I glean/Glean: Registering pings for mozilla.components.service.glean.GleanMetrics.Pings
10-04 21:43:37.212 24743 24743 E glean/MetricsPingScheduler: MetricsPingScheduler last stored ping time was not valid
10-04 21:43:37.222 24743 24743 I glean/MetricsPingScheduler: The 'metrics' ping is scheduled for immediate collection, Fri Oct 04 21:43:37 EDT 2019
10-04 21:43:37.222 24743 24743 I glean/Dispatchers: Task queued for execution and delayed until flushed
10-04 21:43:37.223 24743 24743 E glean/MetricsPingScheduler: MetricsPingScheduler last stored ping time was not valid
10-04 21:43:37.223 24743 24743 I glean/MetricsPingScheduler: The 'metrics' ping is scheduled for immediate collection, Fri Oct 04 21:43:37 EDT 2019
10-04 21:43:37.223 24743 24743 I glean/Dispatchers: Task queued for execution and delayed until flushed
10-04 21:43:37.226 24743 24821 I glean/MetricsPingScheduler: Collecting the 'metrics' ping, now = Fri Oct 04 21:43:37 EDT 2019
10-04 21:43:37.228 24743 24821 D glean/MetricsPingScheduler: Scheduling the 'metrics' ping in 22582789ms
10-04 21:43:37.230 24743 24821 I glean/MetricsPingScheduler: Collecting the 'metrics' ping, now = Fri Oct 04 21:43:37 EDT 2019
10-04 21:43:37.232 24743 24821 D glean/MetricsPingScheduler: Scheduling the 'metrics' ping in 22582777ms
10-04 21:43:37.234 24743 24743 I zygote  : Deoptimizing void mozilla.components.support.utils.Browsers.<init>(android.content.Context, android.net.Uri, kotlin.jvm.internal.DefaultConstructorMarker) due to JIT inline cache
10-04 21:43:37.235 24743 24821 D glean/PingMaker: Collecting metrics
10-04 21:43:37.239 24743 24806 E ActivityThread: Failed to find provider info for com.facebook.katana.provider.AttributionIdProvider
10-04 21:43:37.245 24743 24792 D sql_support::conn_ext: Transaction commited after 92.629436ms
10-04 21:43:37.247 24743 24792 D places_ffi: places_connection_new
10-04 21:43:37.256 24743 24792 D places_ffi: places_connection_new
10-04 21:43:37.266 24743 24792 D places_ffi: places_run_maintenance
10-04 21:43:37.371 24743 24763 I Gecko:DumpUtils: Fifo watcher disabled via pref.
10-04 21:43:37.395 24743 24765 I App     : ActivationPing - generating ping with the hashed id
10-04 21:43:37.396 24743 24753 I zygote  : Background concurrent copying GC freed 18887(1646KB) AllocSpace objects, 17(616KB) LOS objects, 49% free, 3MB/7MB, paused 469us total 145.384ms
10-04 21:43:37.396 24743 24765 I App     : ActivationPing - generating ping (has `identifier`: true)
10-04 21:43:37.410  1456  2918 I ActivityManager: START u0 {act=android.intent.action.VIEW dat=about:blank typ=text/html flg=0x10000000 cmp=org.mozilla.fenix.nightly/org.mozilla.fenix.HomeActivity (has extras)} from uid 10306
10-04 21:43:37.434 24743 24743 D GeckoNetworkManager: Incoming event receivedUpdate for state OnNoListeners -> OnNoListeners
10-04 21:43:37.435 24743 24743 D GeckoNetworkManager: New network state: UP, WIFI, WIFI
10-04 21:43:37.455 24743 24821 D glean/PingMaker: Collecting metrics
10-04 21:43:37.465 24743 24767 D glean/PingStorageEngine: Storing ping 17737e62-fdf5-4f4f-9c25-22be309baf2c at /data/user/0/org.mozilla.fenix.nightly/glean_data/pending_pings/17737e62-fdf5-4f4f-9c25-22be309baf2c
10-04 21:43:37.466  1456  2916 I WifiService: getDhcpInfo uid=10306
10-04 21:43:37.477 24743 24767 D glean/PingStorageEngine: Storing ping c9ccc9d0-0da1-48b3-9e60-a8355d5e4bcd at /data/user/0/org.mozilla.fenix.nightly/glean_data/pending_pings/c9ccc9d0-0da1-48b3-9e60-a8355d5e4bcd
10-04 21:43:37.478 24743 24821 D glean/PingMaker: Collecting activation
10-04 21:43:37.479 24743 24814 I Adreno  : QUALCOMM build                   : bb5b86c, I77d3059488
10-04 21:43:37.479 24743 24814 I Adreno  : Build Date                       : 06/07/18
10-04 21:43:37.479 24743 24814 I Adreno  : OpenGL ES Shader Compiler Version: EV031.22.00.01_06
10-04 21:43:37.479 24743 24814 I Adreno  : Local Branch                     : 
10-04 21:43:37.479 24743 24814 I Adreno  : Remote Branch                    : refs/tags/AU_LINUX_ANDROID_LA.UM.6.5.R1.08.01.00.312.086
10-04 21:43:37.479 24743 24814 I Adreno  : Remote Branch                    : NONE
10-04 21:43:37.479 24743 24814 I Adreno  : Reconstruct Branch               : NOTHING
10-04 21:43:37.480 24743 24821 D glean/Glean: No content for ping 'PingType(name=activation, includeClientId=false).name', therefore no ping queued.
10-04 21:43:37.480 24743 24814 D vndksupport: Loading /vendor/lib/hw/gralloc.msm8937.so from current namespace instead of sphal namespace.
10-04 21:43:37.504 24743 24814 I Adreno  : PFP: 0x005ff087, ME: 0x005ff063
10-04 21:43:37.518 24743 24814 I zygote  : android::hardware::configstore::V1_0::ISurfaceFlingerConfigs::hasWideColorDisplay retrieved: 0
10-04 21:43:37.523  1456  2918 D ConnectivityService: requestNetwork for uid/pid:10306/24743 NetworkRequest [ TRACK_DEFAULT id=895, [ Capabilities: INTERNET&NOT_RESTRICTED&TRUSTED&NOT_VPN] ]
10-04 21:43:37.524  1456  2054 D WIFI_UT : got request NetworkRequest [ TRACK_DEFAULT id=895, [ Capabilities: INTERNET&NOT_RESTRICTED&TRUSTED&NOT_VPN] ] with score 60
10-04 21:43:37.524  1456  2099 D Ethernet: got request NetworkRequest [ TRACK_DEFAULT id=895, [ Capabilities: INTERNET&NOT_RESTRICTED&TRUSTED&NOT_VPN] ] with score 60
10-04 21:43:37.524  1456  2054 D WIFI    : got request NetworkRequest [ TRACK_DEFAULT id=895, [ Capabilities: INTERNET&NOT_RESTRICTED&TRUSTED&NOT_VPN] ] with score 60
10-04 21:43:37.524  2398  2398 D PhoneSwitcherNetworkRequstListener: got request NetworkRequest [ TRACK_DEFAULT id=895, [ Capabilities: INTERNET&NOT_RESTRICTED&TRUSTED&NOT_VPN] ] with score 60
10-04 21:43:37.528 24743 24814 I OpenGLRenderer: Initialized EGL, version 1.4
10-04 21:43:37.528 24743 24814 D OpenGLRenderer: Swap behavior 2
10-04 21:43:37.542 24743 24814 D vndksupport: Loading /vendor/lib/hw/android.hardware.graphics.mapper@2.0-impl.so from current namespace instead of sphal namespace.
10-04 21:43:37.544 24743 24814 D vndksupport: Loading /vendor/lib/hw/gralloc.msm8937.so from current namespace instead of sphal namespace.
10-04 21:43:37.561 24743 24748 I zygote  : Do partial code cache collection, code=57KB, data=43KB
10-04 21:43:37.563 24743 24748 I zygote  : After code cache collection, code=37KB, data=33KB
10-04 21:43:37.563 24743 24748 I zygote  : Increasing code cache capacity to 256KB
10-04 21:43:37.592  1456  1673 I LaunchCheckinHandler: Displayed org.mozilla.fenix.nightly/org.mozilla.fenix.IntentReceiverActivity,cp,ca,1117
10-04 21:43:37.611 24743 24743 D PhoneWindow: Restoring navigation bar divider color to default value = 0x00000000
10-04 21:43:37.650 24743 24763 D GeckoSysInfo: System memory: 1867MB.
10-04 21:43:37.652 24743 24763 D GeckoThread: State changed to JNI_READY
10-04 21:43:37.658 12500 22532 I Icing   : Indexing com.google.android.gms-apps from com.google.android.gms
10-04 21:43:37.692 24743 24743 I NavController: Ignoring popBackStack to destination org.mozilla.fenix.nightly:id/browserFragment as it was not found on the current back stack
10-04 21:43:37.715 12500 22532 I Icing   : Indexing com.google.android.gms-internal.3p:MobileApplication from com.google.android.gms
10-04 21:43:37.725 12500 22532 I Icing   : Indexing com.google.android.gms-internal.3p:DigitalDocument from com.google.android.gms
10-04 21:43:37.734 12500 22532 I Icing   : Indexing done com.google.android.gms-apps
10-04 21:43:37.738 12500 22532 I Icing   : Indexing done com.google.android.gms-internal.3p:MobileApplication
10-04 21:43:37.743 12500 22532 I Icing   : Indexing done com.google.android.gms-internal.3p:DigitalDocument
10-04 21:43:38.022 24743 24807 W FirefoxAccountStateMachine: Got invalid event Event$Init for state NotAuthenticated.
10-04 21:43:38.034 24743 24872 I experiments: Fetching experiments from https://firefox.settings.services.mozilla.com/v1/buckets/main/collections/mobile-experiments/records
10-04 21:43:38.035 24743 24873 D glean/PingStorageEngine: Processing persisted pings at /data/user/0/org.mozilla.fenix.nightly/glean_data/pending_pings
10-04 21:43:38.037 24743 24873 D glean/PingStorageEngine: Processing ping: 17737e62-fdf5-4f4f-9c25-22be309baf2c
10-04 21:43:38.040 24743 24873 D glean/ConceptFetchHttpUploader: Submitting ping to: https://incoming.telemetry.mozilla.org/submit/org-mozilla-fenix-nightly/metrics/1/17737e62-fdf5-4f4f-9c25-22be309baf2c
10-04 21:43:38.059  1456  1893 D BatteryService: uevent={POWER_SUPPLY_VOLTAGE_NOW=4269079, POWER_SUPPLY_CHARGE_RATE=Normal, POWER_SUPPLY_HEALTH=Good, POWER_SUPPLY_CURRENT_NOW=346830, POWER_SUPPLY_PRESENT=1, SUBSYSTEM=power_supply, POWER_SUPPLY_TEMP=272, SEQNUM=76419, ACTION=change, POWER_SUPPLY_NAME=battery, POWER_SUPPLY_STATUS=Full, POWER_SUPPLY_CHARGE_COUNTER=2831084, POWER_SUPPLY_CAPACITY=100, DEVPATH=/devices/soc/qpnp-smbcharger-17/power_supply/battery}
10-04 21:43:38.064  2398  2398 D QtiCarrierConfigHelper: WARNING, no carrier configs on phone Id: 0
10-04 21:43:38.090 24743 24870 W LOTTIE  : Animation contains merge paths. Merge paths are only supported on KitKat+ and must be manually enabled by calling enableMergePathsForKitKatAndAbove().
10-04 21:43:38.096 24743 24743 I zygote  : Deoptimizing java.lang.Object androidx.collection.SimpleArrayMap.put(java.lang.Object, java.lang.Object) due to JIT inline cache
10-04 21:43:38.107 24743 24763 I Gecko   : 1570239818104	addons.xpi	WARN	List of valid built-in add-ons could not be parsed.: [Exception... "Component returned failure code: 0x80520012 (NS_ERROR_FILE_NOT_FOUND) [nsIXPCComponents_Utils.readUTF8URI]"  nsresult: "0x80520012 (NS_ERROR_FILE_NOT_FOUND)"  location: "JS frame :: resource://gre/modules/addons/XPIProvider.jsm :: startup :: line 2362"  data: no] Stack trace: startup()@resource://gre/modules/addons/XPIProvider.jsm:2362
10-04 21:43:38.107 24743 24763 I Gecko   : callProvider()@resource://gre/modules/AddonManager.jsm:213
10-04 21:43:38.107 24743 24763 I Gecko   : _startProvider()@resource://gre/modules/AddonManager.jsm:649
10-04 21:43:38.107 24743 24763 I Gecko   : startup()@resource://gre/modules/AddonManager.jsm:873
10-04 21:43:38.107 24743 24763 I Gecko   : startup()@resource://gre/modules/AddonManager.jsm:3469
10-04 21:43:38.107 24743 24763 I Gecko   : observe()@resource://gre/modules/addonManager.js:86
10-04 21:43:38.157 24743 24763 I Gecko   : 1570239818156	addons.xpi	WARN	No list of valid system add-ons found.
10-04 21:43:38.159 24743 24748 I zygote  : Do full code cache collection, code=123KB, data=96KB
10-04 21:43:38.161 24743 24748 I zygote  : After code cache collection, code=95KB, data=62KB
10-04 21:43:38.230 24743 24763 D GeckoThread: State changed to PROFILE_READY
10-04 21:43:38.362 24743 24763 W GeckoEventDispatcher: No listener for AndroidCastDevice:SyncDevice
10-04 21:43:38.368 24743 24763 I Gecko   : -*- nsDNSServiceDiscovery.js : nsDNSServiceDiscovery
10-04 21:43:38.479 24743 24763 W ResourceType: Too many attribute references, stopped at: 0x01010099
10-04 21:43:38.529 24743 24763 I Gecko   : Attempting load of libEGL.so
10-04 21:43:38.532  1456  1673 I ActivityManager: Displayed org.mozilla.fenix.nightly/org.mozilla.fenix.HomeActivity: +1s23ms (total +2s50ms)
10-04 21:43:38.535 24743 24743 W LOTTIE  : Animation contains merge paths but they are disabled.
10-04 21:43:38.726 24743 24743 D GeckoNetworkManager: Incoming event enableNotifications for state OnNoListeners -> OnWithListeners
10-04 21:43:38.727 24743 24743 D GeckoNetworkManager: New network state: UP, WIFI, WIFI
10-04 21:43:38.728 24743 24743 D GeckoNetworkManager: Incoming event receivedUpdate for state OnWithListeners -> OnWithListeners
10-04 21:43:38.730 24743 24743 D GeckoNetworkManager: New network state: UP, WIFI, WIFI
10-04 21:43:38.737 24743 24763 W GeckoLinker: /data/app/org.mozilla.fenix.nightly-SJrn-9ss3OKKRYxZTVQ4LA==/lib/arm/libsoftokn3.so: unhandled flags #8 not handled
10-04 21:43:38.738 24743 24763 W GeckoLinker: /data/app/org.mozilla.fenix.nightly-SJrn-9ss3OKKRYxZTVQ4LA==/lib/arm/libsoftokn3.so: Relocation to NULL @0x00025ffc for symbol "__cxa_type_match"
10-04 21:43:38.739 24743 24763 W GeckoLinker: /data/app/org.mozilla.fenix.nightly-SJrn-9ss3OKKRYxZTVQ4LA==/lib/arm/libfreebl3.so: unhandled flags #8 not handled
10-04 21:43:38.740 24743 24763 W GeckoLinker: /data/app/org.mozilla.fenix.nightly-SJrn-9ss3OKKRYxZTVQ4LA==/lib/arm/libfreebl3.so: Relocation to NULL @0x00040ffc for symbol "__cxa_type_match"
10-04 21:43:38.810 24743 24884 W GeckoLinker: /data/app/org.mozilla.fenix.nightly-SJrn-9ss3OKKRYxZTVQ4LA==/lib/arm/libnssckbi.so: unhandled flags #8 not handled
10-04 21:43:38.810 24743 24884 W GeckoLinker: /data/app/org.mozilla.fenix.nightly-SJrn-9ss3OKKRYxZTVQ4LA==/lib/arm/libnssckbi.so: Relocation to NULL @0x00050ffc for symbol "__cxa_type_match"
10-04 21:43:39.236 24778 24803 D GeckoThread: State changed to MOZGLUE_READY
10-04 21:43:39.243 24778 24803 W Settings: Setting animator_duration_scale has moved from android.provider.Settings.System to android.provider.Settings.Global, returning read-only global URI.
10-04 21:43:39.245 24778 24803 E GeckoLibLoad: Load sqlite start
10-04 21:43:39.262 24778 24803 W GeckoLinker: /data/app/org.mozilla.fenix.nightly-SJrn-9ss3OKKRYxZTVQ4LA==/lib/arm/libnss3.so: unhandled flags #8 not handled
10-04 21:43:39.267 24778 24803 W GeckoLinker: /data/app/org.mozilla.fenix.nightly-SJrn-9ss3OKKRYxZTVQ4LA==/lib/arm/libnss3.so: Relocation to NULL @0x00133ffc for symbol "__cxa_type_match"
10-04 21:43:39.267 24778 24803 E GeckoLibLoad: Load sqlite done
10-04 21:43:39.267 24778 24803 E GeckoLibLoad: Load nss start
10-04 21:43:39.267 24778 24803 E GeckoLibLoad: Load nss done
10-04 21:43:39.268 24778 24803 W GeckoLinker: /data/app/org.mozilla.fenix.nightly-SJrn-9ss3OKKRYxZTVQ4LA==/lib/arm/libxul.so: unhandled flags #8 not handled
10-04 21:43:39.268 24778 24803 W GeckoLinker: /data/app/org.mozilla.fenix.nightly-SJrn-9ss3OKKRYxZTVQ4LA==/lib/arm/liblgpllibs.so: unhandled flags #8 not handled
10-04 21:43:39.271 24743 24763 W VideoCapabilities: Unrecognized profile 2130706433 for video/avc
10-04 21:43:39.271 24743 24763 W VideoCapabilities: Unrecognized profile 2130706434 for video/avc
