10-09 21:43:01.344  7069  7069 I zygote  : Deoptimizing void mozilla.components.support.utils.Browsers.<init>(android.content.Context, android.net.Uri, kotlin.jvm.internal.DefaultConstructorMarker) due to JIT inline cache
10-09 21:43:01.348  7069  7137 D NetworkSecurityConfig: No Network Security Config specified, using platform default
10-09 21:43:01.355  7069  7074 I zygote  : Do partial code cache collection, code=54KB, data=46KB
10-09 21:43:01.357  7069  7074 I zygote  : After code cache collection, code=47KB, data=43KB
10-09 21:43:01.357  7069  7074 I zygote  : Increasing code cache capacity to 256KB
10-09 21:43:01.378  7069  7069 D GeckoRuntime: Lifecycle: onResume
10-09 21:43:01.378  7069  7140 W FirefoxAccountStateMachine: Got invalid event Event$Init for state NotAuthenticated.
10-09 21:43:01.382  7069  7069 D GeckoNetworkManager: Incoming event start for state OffNoListeners -> OnNoListeners
10-09 21:43:01.383  7069  7069 D GeckoNetworkManager: New network state: UP, WIFI, WIFI
10-09 21:43:01.400  7069  7165 D OpenGLRenderer: HWUI GL Pipeline
10-09 21:43:01.406  7069  7069 I glean/Glean: Registering pings for org.mozilla.fenix.GleanMetrics.Pings
10-09 21:43:01.407  7069  7069 I glean/Glean: Registering pings for mozilla.components.service.glean.GleanMetrics.Pings
10-09 21:43:01.407  7069  7093 D GeckoSysInfo: System memory: 1867MB.
10-09 21:43:01.409  7069  7093 D GeckoThread: State changed to JNI_READY
10-09 21:43:01.431  7069  7172 D glean/PingMaker: Collecting events
10-09 21:43:01.444  7069  7069 D glean/MetricsPingScheduler: The 'metrics' ping was last sent on Wed Oct 09 00:00:00 EDT 2019
10-09 21:43:01.445  7069  7069 I glean/MetricsPingScheduler: The 'metrics' ping was already sent today, Wed Oct 09 21:43:01 EDT 2019.
10-09 21:43:01.445  7069  7069 D glean/MetricsPingScheduler: Scheduling the 'metrics' ping in 22618570ms
10-09 21:43:01.447  7069  7069 D glean/MetricsPingScheduler: The 'metrics' ping was last sent on Wed Oct 09 00:00:00 EDT 2019
10-09 21:43:01.448  7069  7069 I glean/MetricsPingScheduler: The 'metrics' ping was already sent today, Wed Oct 09 21:43:01 EDT 2019.
10-09 21:43:01.448  7069  7069 D glean/MetricsPingScheduler: Scheduling the 'metrics' ping in 22618553ms
10-09 21:43:01.461  7069  7069 D GeckoNetworkManager: Incoming event receivedUpdate for state OnNoListeners -> OnNoListeners
10-09 21:43:01.462  7069  7069 D GeckoNetworkManager: New network state: UP, WIFI, WIFI
10-09 21:43:01.472  1456 10962 I WifiService: getDhcpInfo uid=10319
10-09 21:43:01.479  7069  7139 E ActivityThread: Failed to find provider info for com.facebook.katana.provider.AttributionIdProvider
10-09 21:43:01.482  7069  7069 I zygote  : Deoptimizing java.lang.Object androidx.collection.SimpleArrayMap.put(java.lang.Object, java.lang.Object) due to JIT inline cache
10-09 21:43:01.531  7069  7131 D glean/PingStorageEngine: Storing ping a8800905-6d64-4677-862a-987a3068ffce at /data/user/0/org.mozilla.fenix.nightly/glean_data/pending_pings/a8800905-6d64-4677-862a-987a3068ffce
10-09 21:43:01.622  1456  1471 D ConnectivityService: requestNetwork for uid/pid:10319/7069 NetworkRequest [ TRACK_DEFAULT id=996, [ Capabilities: INTERNET&NOT_RESTRICTED&TRUSTED&NOT_VPN] ]
10-09 21:43:01.623  1456  2099 D Ethernet: got request NetworkRequest [ TRACK_DEFAULT id=996, [ Capabilities: INTERNET&NOT_RESTRICTED&TRUSTED&NOT_VPN] ] with score 60
10-09 21:43:01.624  1456  2054 D WIFI_UT : got request NetworkRequest [ TRACK_DEFAULT id=996, [ Capabilities: INTERNET&NOT_RESTRICTED&TRUSTED&NOT_VPN] ] with score 60
10-09 21:43:01.624  1456  2054 D WIFI    : got request NetworkRequest [ TRACK_DEFAULT id=996, [ Capabilities: INTERNET&NOT_RESTRICTED&TRUSTED&NOT_VPN] ] with score 60
10-09 21:43:01.624  2398  2398 D PhoneSwitcherNetworkRequstListener: got request NetworkRequest [ TRACK_DEFAULT id=996, [ Capabilities: INTERNET&NOT_RESTRICTED&TRUSTED&NOT_VPN] ] with score 60
10-09 21:43:01.748  7069  7165 I Adreno  : QUALCOMM build                   : bb5b86c, I77d3059488
10-09 21:43:01.748  7069  7165 I Adreno  : Build Date                       : 06/07/18
10-09 21:43:01.748  7069  7165 I Adreno  : OpenGL ES Shader Compiler Version: EV031.22.00.01_06
10-09 21:43:01.748  7069  7165 I Adreno  : Local Branch                     : 
10-09 21:43:01.748  7069  7165 I Adreno  : Remote Branch                    : refs/tags/AU_LINUX_ANDROID_LA.UM.6.5.R1.08.01.00.312.086
10-09 21:43:01.748  7069  7165 I Adreno  : Remote Branch                    : NONE
10-09 21:43:01.748  7069  7165 I Adreno  : Reconstruct Branch               : NOTHING
10-09 21:43:01.749  7069  7165 D vndksupport: Loading /vendor/lib/hw/gralloc.msm8937.so from current namespace instead of sphal namespace.
10-09 21:43:01.755  7069  7165 I Adreno  : PFP: 0x005ff087, ME: 0x005ff063
10-09 21:43:01.765  7069  7165 I zygote  : android::hardware::configstore::V1_0::ISurfaceFlingerConfigs::hasWideColorDisplay retrieved: 0
10-09 21:43:01.768  7069  7165 I OpenGLRenderer: Initialized EGL, version 1.4
10-09 21:43:01.768  7069  7165 D OpenGLRenderer: Swap behavior 2
10-09 21:43:01.807  7069  7074 I zygote  : Do full code cache collection, code=122KB, data=109KB
10-09 21:43:01.809  7069  7074 I zygote  : After code cache collection, code=88KB, data=49KB
10-09 21:43:01.844  7069  7201 D glean/PingStorageEngine: Processing persisted pings at /data/user/0/org.mozilla.fenix.nightly/glean_data/pending_pings
10-09 21:43:01.845  7069  7201 D glean/PingStorageEngine: Processing ping: a8800905-6d64-4677-862a-987a3068ffce
10-09 21:43:01.848  7069  7201 D glean/ConceptFetchHttpUploader: Submitting ping to: https://incoming.telemetry.mozilla.org/submit/org-mozilla-fenix-nightly/events/1/a8800905-6d64-4677-862a-987a3068ffce
10-09 21:43:01.861  7069  7165 D vndksupport: Loading /vendor/lib/hw/android.hardware.graphics.mapper@2.0-impl.so from current namespace instead of sphal namespace.
10-09 21:43:01.862  7069  7165 D vndksupport: Loading /vendor/lib/hw/gralloc.msm8937.so from current namespace instead of sphal namespace.
10-09 21:43:01.880  1456  1673 I LaunchCheckinHandler: Displayed org.mozilla.fenix.nightly/org.mozilla.fenix.HomeActivity,cp,ca,1339
10-09 21:43:01.881  1456  1673 I ActivityManager: Displayed org.mozilla.fenix.nightly/org.mozilla.fenix.HomeActivity: +1s334ms
10-09 21:43:01.885  7069  7093 I Gecko   : 1570671781881	addons.xpi	WARN	List of valid built-in add-ons could not be parsed.: [Exception... "Component returned failure code: 0x80520012 (NS_ERROR_FILE_NOT_FOUND) [nsIXPCComponents_Utils.readUTF8URI]"  nsresult: "0x80520012 (NS_ERROR_FILE_NOT_FOUND)"  location: "JS frame :: resource://gre/modules/addons/XPIProvider.jsm :: startup :: line 2362"  data: no] Stack trace: startup()@resource://gre/modules/addons/XPIProvider.jsm:2362
10-09 21:43:01.885  7069  7093 I Gecko   : callProvider()@resource://gre/modules/AddonManager.jsm:213
10-09 21:43:01.885  7069  7093 I Gecko   : _startProvider()@resource://gre/modules/AddonManager.jsm:649
10-09 21:43:01.885  7069  7093 I Gecko   : startup()@resource://gre/modules/AddonManager.jsm:873
10-09 21:43:01.885  7069  7093 I Gecko   : startup()@resource://gre/modules/AddonManager.jsm:3469
10-09 21:43:01.885  7069  7093 I Gecko   : observe()@resource://gre/modules/addonManager.js:86
10-09 21:43:01.917  7069  7206 I experiments: Fetching experiments from https://firefox.settings.services.mozilla.com/v1/buckets/main/collections/mobile-experiments/records?_since=1566233826256
10-09 21:43:02.053  7069  7093 D GeckoThread: State changed to PROFILE_READY
10-09 21:43:02.158  7069  7093 W GeckoEventDispatcher: No listener for AndroidCastDevice:SyncDevice
10-09 21:43:02.166  7069  7093 I Gecko   : -*- nsDNSServiceDiscovery.js : nsDNSServiceDiscovery
10-09 21:43:02.267  7069  7093 W ResourceType: Too many attribute references, stopped at: 0x01010099
10-09 21:43:02.314  7069  7093 I Gecko   : Attempting load of libEGL.so
10-09 21:43:02.504  7069  7069 D GeckoNetworkManager: Incoming event enableNotifications for state OnNoListeners -> OnWithListeners
10-09 21:43:02.505  7069  7069 D GeckoNetworkManager: New network state: UP, WIFI, WIFI
10-09 21:43:02.506  7069  7069 D GeckoNetworkManager: Incoming event receivedUpdate for state OnWithListeners -> OnWithListeners
10-09 21:43:02.507  7069  7069 D GeckoNetworkManager: New network state: UP, WIFI, WIFI
10-09 21:43:02.509  7069  7093 W GeckoLinker: /data/app/org.mozilla.fenix.nightly-FEq5VoLeOqLfVa1-Lhz9pQ==/lib/arm/libsoftokn3.so: unhandled flags #8 not handled
10-09 21:43:02.510  7069  7093 W GeckoLinker: /data/app/org.mozilla.fenix.nightly-FEq5VoLeOqLfVa1-Lhz9pQ==/lib/arm/libsoftokn3.so: Relocation to NULL @0x00025ffc for symbol "__cxa_type_match"
10-09 21:43:02.511  7069  7093 W GeckoLinker: /data/app/org.mozilla.fenix.nightly-FEq5VoLeOqLfVa1-Lhz9pQ==/lib/arm/libfreebl3.so: unhandled flags #8 not handled
10-09 21:43:02.511  7069  7093 W GeckoLinker: /data/app/org.mozilla.fenix.nightly-FEq5VoLeOqLfVa1-Lhz9pQ==/lib/arm/libfreebl3.so: Relocation to NULL @0x00040ffc for symbol "__cxa_type_match"
10-09 21:43:02.545  7069  7225 W GeckoLinker: /data/app/org.mozilla.fenix.nightly-FEq5VoLeOqLfVa1-Lhz9pQ==/lib/arm/libnssckbi.so: unhandled flags #8 not handled
10-09 21:43:02.545  7069  7225 W GeckoLinker: /data/app/org.mozilla.fenix.nightly-FEq5VoLeOqLfVa1-Lhz9pQ==/lib/arm/libnssckbi.so: Relocation to NULL @0x00050ffc for symbol "__cxa_type_match"
10-09 21:43:02.746  7069  7206 D experiments: Fetched experiments from https://firefox.settings.services.mozilla.com/v1/buckets/main/collections/mobile-experiments/records?_since=1566233826256:
10-09 21:43:02.746  7069  7206 D experiments: {"data":[]}
10-09 21:43:02.747  7069  7206 I experiments: Experiments update from server: ExperimentsSnapshot(experiments=[Experiment(id=fenix-test-2019-08-05, description=End-to-end test of the Mobiles Experiments platform for Firefox Preview., lastModified=1566233826256, schemaModified=1566228455761, buckets=Buckets(start=0, count=667), branches=[Branch(name=a, ratio=1), Branch(name=b, ratio=1), Branch(name=c, ratio=1)], match=Matcher(appId=^org.mozilla.fenix$, appDisplayVersion=null, appMinVersion=null, appMaxVersion=null, localeLanguage=null, localeCountry=null, deviceManufacturer=null, deviceModel=null, regions=[], debugTags=[]))], lastModified=1566233826256)
10-09 21:43:02.748  7069  7206 I experiments: onExperimentsUpdated - no experiment currently active, looking for match
10-09 21:43:02.751  7069  7088 I WM-WorkerWrapper: Worker result SUCCESS for Work [ id=500232d6-9227-4c0d-bc9c-12435e2099cb, tags={ mozilla.components.service.experiments.ExperimentsUpdaterWorker, mozilla.components.service.experiments } ]
10-09 21:43:02.942  7069  7201 D glean/ConceptFetchHttpUploader: Ping successfully sent (200)
10-09 21:43:02.943  7069  7201 D glean/PingStorageEngine: a8800905-6d64-4677-862a-987a3068ffce was deleted: true
10-09 21:43:02.944  7069  7087 I WM-WorkerWrapper: Worker result SUCCESS for Work [ id=b135f738-1012-4b12-9467-4f5e47a0cd72, tags={ mozac_service_glean_ping_upload_worker, mozilla.components.service.glean.scheduler.PingUploadWorker } ]
10-09 21:43:02.947  1456  2067 D ConnectivityService: releasing NetworkRequest [ TRACK_DEFAULT id=996, [ Capabilities: INTERNET&NOT_RESTRICTED&TRUSTED&NOT_VPN] ] (release request)
10-09 21:43:09.850  6236  6267 I Finsky  : [17451] jmy.run(3): Stats for Executor: BlockingExecutor joq@a53ecad[Running, pool size = 2, active threads = 0, queued tasks = 0, completed tasks = 16]
10-09 21:43:09.851  6236  6267 I Finsky  : [17451] jmy.run(3): Stats for Executor: LightweightExecutor joq@2a6abe2[Running, pool size = 4, active threads = 0, queued tasks = 0, completed tasks = 71]
10-09 21:43:10.244  6236  6267 I Finsky  : [17451] jmy.run(3): Stats for Executor: bgExecutor joq@c223b73[Running, pool size = 4, active threads = 0, queued tasks = 0, completed tasks = 81]
10-09 21:43:10.653  1456  1471 I ActivityManager: Force stopping org.mozilla.fenix.nightly appid=10319 user=0: from pid 7248
10-09 21:43:10.654  1456  1471 I ActivityManager: Killing 7069:org.mozilla.fenix.nightly/u0a319 (adj 0): stop org.mozilla.fenix.nightly
10-09 21:43:10.656  1456  1605 W zygote  : kill(-7069, 9) failed: No such process
10-09 21:43:10.657  1456  1471 W ActivityManager: Force removing ActivityRecord{bc74f19 u0 org.mozilla.fenix.nightly/org.mozilla.fenix.HomeActivity t627}: app died, no saved state
10-09 21:43:10.658  7111  7111 I ServiceChildProcess: Service has been unbound. Stopping.
10-09 21:43:10.673  1456  1605 W zygote  : kill(-7069, 9) failed: No such process
10-09 21:43:10.685  1456  7796 I OpenGLRenderer: Initialized EGL, version 1.4
10-09 21:43:10.685  1456  7796 D OpenGLRenderer: Swap behavior 2
10-09 21:43:10.687  1456  1605 W zygote  : kill(-7069, 9) failed: No such process
10-09 21:43:10.692  1456  1471 I ActivityManager: Killing 7111:org.mozilla.fenix.nightly:tab/u0a319 (adj 0): stop org.mozilla.fenix.nightly
10-09 21:43:10.702  1456  1605 I chatty  : uid=1000(system) ActivityManager identical 1 line
10-09 21:43:10.717  1456  1605 W zygote  : kill(-7069, 9) failed: No such process
10-09 21:43:10.727  2398  2398 D CarrierSvcBindHelper: No carrier app for: 0
10-09 21:43:10.730  2398  2398 D CarrierSvcBindHelper: No carrier app for: 1
10-09 21:43:10.741  1456  1605 W zygote  : kill(-7069, 9) failed: No such process
10-09 21:43:10.762  7883  7883 W Settings: Setting bugreport_in_power_menu has moved from android.provider.Settings.Secure to android.provider.Settings.Global.
10-09 21:43:10.766  7883  7251 W TileUtils: Found com.android.settings.backup.BackupSettingsActivity for intent Intent { act=com.android.settings.action.SETTINGS pkg=com.android.settings } missing metadata com.android.settings.category
10-09 21:43:10.781  1456  2196 I WifiService: getVerboseLoggingLevel uid=1000
10-09 21:43:10.782  1456  1471 I WifiService: getAggressiveHandover uid=1000
10-09 21:43:10.783  1456  1471 I WifiService: getAllowScansWithTraffic uid=1000
10-09 21:43:10.794  7883  7883 W ResourceType: Found multiple library tables, ignoring...
10-09 21:43:10.800  1456  1605 W zygote  : kill(-7069, 9) failed: No such process
10-09 21:43:10.811  2398  2398 E PhoneInterfaceManager: [PhoneIntfMgr] getAllowedCarriers: CommandException: com.android.internal.telephony.CommandException: REQUEST_NOT_SUPPORTED
10-09 21:43:10.816  1456  1605 W zygote  : kill(-7069, 9) failed: No such process
10-09 21:43:10.822  2398  2398 E PhoneInterfaceManager: [PhoneIntfMgr] getAllowedCarriers: CommandException: com.android.internal.telephony.CommandException: REQUEST_NOT_SUPPORTED
10-09 21:43:10.831  1456  2196 I ActivityManager: START u0 {act=android.intent.action.MAIN cat=[android.intent.category.LAUNCHER] flg=0x10000000 cmp=org.mozilla.fenix.nightly/org.mozilla.fenix.HomeActivity} from uid 2000
10-09 21:43:10.831  1456  1605 W zygote  : kill(-7069, 9) failed: No such process
10-09 21:43:10.832   794   839 E ANDR-PERF-RESOURCEQS: Failed to apply optimization [4, 0]
10-09 21:43:10.840  7883  7254 D Settings: No enabled state changed, skipping updateCategory call
10-09 21:43:10.843  1456  1941 W InputDispatcher: channel 'c6475ee org.mozilla.fenix.nightly/org.mozilla.fenix.HomeActivity (server)' ~ Consumer closed input channel or an error occurred.  events=0x9
10-09 21:43:10.843  1456  1941 E InputDispatcher: channel 'c6475ee org.mozilla.fenix.nightly/org.mozilla.fenix.HomeActivity (server)' ~ Channel is unrecoverably broken and will be disposed!
10-09 21:43:10.844  1456  3925 I WindowManager: WIN DEATH: Window{c6475ee u0 org.mozilla.fenix.nightly/org.mozilla.fenix.HomeActivity}
10-09 21:43:10.844  1456  3925 W InputDispatcher: Attempted to unregister already unregistered input channel 'c6475ee org.mozilla.fenix.nightly/org.mozilla.fenix.HomeActivity (server)'
10-09 21:43:10.847  1456  1605 W zygote  : kill(-7069, 9) failed: No such process
10-09 21:43:10.855  1456  1605 I chatty  : uid=1000(system) ActivityManager identical 1 line
10-09 21:43:10.862  1456  1673 W ActivityManager: setHasOverlayUi called on unknown pid: 7069
10-09 21:43:10.870  1456  1605 W zygote  : kill(-7069, 9) failed: No such process
10-09 21:43:10.871  1456  1605 I zygote  : Successfully killed process cgroup uid 10319 pid 7069 in 215ms
10-09 21:43:10.871  1456  1605 W zygote  : kill(-7111, 9) failed: No such process
10-09 21:43:10.871  1456  1605 I zygote  : Successfully killed process cgroup uid 10319 pid 7111 in 0ms
10-09 21:43:10.904  1456  7570 I ActivityManager: Start proc 7257:org.mozilla.fenix.nightly/u0a319 for activity org.mozilla.fenix.nightly/org.mozilla.fenix.HomeActivity
10-09 21:43:10.938  1456  7570 I WindowManager: Failed to capture screenshot of Token{6665c2b ActivityRecord{e887c7a u0 com.android.settings/.Settings$DevelopmentSettingsActivity t206}} appWin=Window{4f49e2 u0 com.android.settings/com.android.settings.Settings$DevelopmentSettingsActivity} drawState=4
10-09 21:43:11.001  7257  7257 D FirebaseApp: Default FirebaseApp failed to initialize because no default options were found. This usually means that com.google.gms:google-services was not applied to your gradle project.
10-09 21:43:11.001  7257  7257 I FirebaseInitProvider: FirebaseApp initialization unsuccessful
10-09 21:43:11.010  1456  1466 I zygote  : NativeAlloc concurrent copying GC freed 39893(2MB) AllocSpace objects, 21(896KB) LOS objects, 42% free, 21MB/36MB, paused 241us total 324.962ms
10-09 21:43:11.045  7257  7257 W System.err: SLF4J: Failed to load class "org.slf4j.impl.StaticLoggerBinder".
10-09 21:43:11.045  7257  7257 W System.err: SLF4J: Defaulting to no-operation (NOP) logger implementation
10-09 21:43:11.046  7257  7257 W System.err: SLF4J: See http://www.slf4j.org/codes.html#StaticLoggerBinder for further details.
10-09 21:43:11.046  7257  7257 D io.sentry.android.AndroidSentryClientFactory: Construction of Android Sentry.
10-09 21:43:11.063  7257  7257 D RustNativeSupport: findMegazordLibraryName(viaduct, 0.40.0
10-09 21:43:11.063  7257  7257 D RustNativeSupport: lib in use: none
10-09 21:43:11.063  7257  7257 D RustNativeSupport: lib configured: fenix
10-09 21:43:11.063  7257  7257 D RustNativeSupport: lib version configured: 0.40.0
10-09 21:43:11.063  7257  7257 D RustNativeSupport: settled on fenix
10-09 21:43:11.095  7257  7257 D RustNativeSupport: findMegazordLibraryName(rustlog, 0.40.0
10-09 21:43:11.095  7257  7257 D RustNativeSupport: lib in use: none
10-09 21:43:11.095  7257  7257 D RustNativeSupport: lib configured: fenix
10-09 21:43:11.095  7257  7257 D RustNativeSupport: lib version configured: 0.40.0
10-09 21:43:11.095  7257  7257 D RustNativeSupport: settled on fenix
10-09 21:43:11.098  7257  7257 I rc_log_ffi::ios: rc_log adapter initialized!
10-09 21:43:11.116  7257  7257 D GeckoThread: State changed to LAUNCHED
10-09 21:43:11.117  7257  7275 I GeckoThread: preparing to run Gecko
10-09 21:43:11.122  7257  7257 D GeckoRuntime: Lifecycle: onCreate
10-09 21:43:11.123  7257  7275 D GeckoThread: State changed to MOZGLUE_READY
10-09 21:43:11.135  7257  7275 W Settings: Setting animator_duration_scale has moved from android.provider.Settings.System to android.provider.Settings.Global, returning read-only global URI.
10-09 21:43:11.136  7257  7275 E GeckoLibLoad: Load sqlite start
10-09 21:43:11.154  7257  7257 I experiments: No active experiment in cache
10-09 21:43:11.155  7257  7277 D App     : Bucket is 97
10-09 21:43:11.160  7257  7277 D App     : Experiments active: {asFeatureSyncDisabled=false}
10-09 21:43:11.169  7257  7275 W GeckoLinker: /data/app/org.mozilla.fenix.nightly-FEq5VoLeOqLfVa1-Lhz9pQ==/lib/arm/libnss3.so: unhandled flags #8 not handled
10-09 21:43:11.178  7257  7257 I glean/Glean: Metrics enabled: true
10-09 21:43:11.178  7257  7275 W GeckoLinker: /data/app/org.mozilla.fenix.nightly-FEq5VoLeOqLfVa1-Lhz9pQ==/lib/arm/libnss3.so: Relocation to NULL @0x00133ffc for symbol "__cxa_type_match"
10-09 21:43:11.179  7257  7275 E GeckoLibLoad: Load sqlite done
10-09 21:43:11.179  7257  7275 E GeckoLibLoad: Load nss start
10-09 21:43:11.179  7257  7275 E GeckoLibLoad: Load nss done
10-09 21:43:11.180  7257  7275 W GeckoLinker: /data/app/org.mozilla.fenix.nightly-FEq5VoLeOqLfVa1-Lhz9pQ==/lib/arm/libxul.so: unhandled flags #8 not handled
10-09 21:43:11.180  7257  7275 W GeckoLinker: /data/app/org.mozilla.fenix.nightly-FEq5VoLeOqLfVa1-Lhz9pQ==/lib/arm/liblgpllibs.so: unhandled flags #8 not handled
10-09 21:43:11.209  7257  7257 I glean/Dispatchers: Task queued for execution and delayed until flushed
10-09 21:43:11.222  7257  7275 E GeckoLibLoad: Loaded libs in 42.455577ms total, 23ms(86ms) user, 10ms(36ms) system, 0(0) faults
10-09 21:43:11.222  7257  7275 D GeckoThread: State changed to LIBS_READY
10-09 21:43:11.222  7257  7275 W GeckoThread: zerdatime 3199864684 - runGecko
10-09 21:43:11.226  7257  7275 D GeckoProfile: Loading profile at: null name: default
10-09 21:43:11.227  7257  7275 D GeckoProfile: Found profile dir: /data/user/0/org.mozilla.fenix.nightly/files/mozilla/r2kduqte.default
10-09 21:43:11.240  1456  7570 I ActivityManager: Start proc 7295:org.mozilla.fenix.nightly:tab/u0a319 for service org.mozilla.fenix.nightly/org.mozilla.gecko.process.GeckoServiceChildProcess$tab
10-09 21:43:11.266  7257  7257 I glean/Dispatchers: Task queued for execution and delayed until flushed
10-09 21:43:11.267  7257  7257 I glean/Dispatchers: Task queued for execution and delayed until flushed
10-09 21:43:11.272  7257  7257 D App     : ActivationPing - already generated
10-09 21:43:11.319  7295  7295 W System.err: SLF4J: Failed to load class "org.slf4j.impl.StaticLoggerBinder".
10-09 21:43:11.319  7295  7295 W System.err: SLF4J: Defaulting to no-operation (NOP) logger implementation
10-09 21:43:11.319  7295  7295 W System.err: SLF4J: See http://www.slf4j.org/codes.html#StaticLoggerBinder for further details.
10-09 21:43:11.320  7295  7295 D io.sentry.android.AndroidSentryClientFactory: Construction of Android Sentry.
10-09 21:43:11.336  7295  7295 D RustNativeSupport: findMegazordLibraryName(viaduct, 0.40.0
10-09 21:43:11.336  7295  7295 D RustNativeSupport: lib in use: none
10-09 21:43:11.336  7295  7295 D RustNativeSupport: lib configured: fenix
10-09 21:43:11.336  7295  7295 D RustNativeSupport: lib version configured: 0.40.0
10-09 21:43:11.336  7295  7295 D RustNativeSupport: settled on fenix
10-09 21:43:11.362  7295  7295 D RustNativeSupport: findMegazordLibraryName(rustlog, 0.40.0
10-09 21:43:11.362  7295  7295 D RustNativeSupport: lib in use: none
10-09 21:43:11.362  7295  7295 D RustNativeSupport: lib configured: fenix
10-09 21:43:11.362  7295  7295 D RustNativeSupport: lib version configured: 0.40.0
10-09 21:43:11.362  7295  7295 D RustNativeSupport: settled on fenix
10-09 21:43:11.373  7295  7295 I rc_log_ffi::ios: rc_log adapter initialized!
10-09 21:43:11.379  7295  7295 D GeckoThread: State changed to LAUNCHED
10-09 21:43:11.388  7295  7319 I GeckoThread: preparing to run Gecko
10-09 21:43:11.400  7257  7267 I zygote  : Background concurrent copying GC freed 8009(846KB) AllocSpace objects, 16(404KB) LOS objects, 49% free, 2MB/4MB, paused 531us total 111.715ms
10-09 21:43:11.406  7257  7257 W [WARNING][Leanplum]: [com.leanplum.internal.ActionManager::getLocationManager::8]: Geofencing support requires leanplum-location module and Google Play Services v8.1 and higher.
10-09 21:43:11.406  7257  7257 W [WARNING][Leanplum]: Add this to your build.gradle file:
10-09 21:43:11.406  7257  7257 W [WARNING][Leanplum]: implementation 'com.google.android.gms:play-services-location:8.3.0+'
10-09 21:43:11.406  7257  7257 W [WARNING][Leanplum]: implementation 'com.leanplum:leanplum-location:+'
10-09 21:43:11.414  7257  7257 I [INFO][Leanplum]: [com.leanplum.monitoring.ExceptionHandler::setContext::6]: LeanplumExceptionHandler could not initialize Exception Reporting.This is expected if you have not included the leanplum-monitoring module
10-09 21:43:11.424  7257  7257 I FirefoxAccountStateMachine: Enabling/updating sync with a new SyncConfig: SyncConfig(supportedEngines=[mozilla.components.service.fxa.SyncEngine$History@9dd6891, mozilla.components.service.fxa.SyncEngine$Bookmarks@a47e3f6], syncPeriodInMinutes=240)
10-09 21:43:11.428  7257  7257 I BgSyncManager: Periodic syncing enabled at a 240 interval
10-09 21:43:11.428  7257  7257 I FirefoxAccountStateMachine: Sync is enabled
10-09 21:43:11.431  7257  7257 W PushConfig: No firebase configuration found; cannot support push service.
10-09 21:43:11.432  7257  7262 I zygote  : Do partial code cache collection, code=27KB, data=23KB
10-09 21:43:11.434  7257  7262 I zygote  : After code cache collection, code=27KB, data=23KB
10-09 21:43:11.434  7257  7262 I zygote  : Increasing code cache capacity to 128KB
10-09 21:43:11.435  7257  7323 I FirefoxAccountStateMachine: Processing event Event$Init for state Start. Next state is Start
10-09 21:43:11.439  7257  7323 I FirefoxAccountStateMachine: Ran 'Event$Init' side-effects for state Start, got successive event Event$AccountNotFound
10-09 21:43:11.440  7257  7323 I FirefoxAccountStateMachine: Processing event Event$AccountNotFound for state Start. Next state is NotAuthenticated
10-09 21:43:11.442  7257  7323 D RustNativeSupport: findMegazordLibraryName(fxaclient, 0.40.0
10-09 21:43:11.442  7257  7323 D RustNativeSupport: lib in use: none
10-09 21:43:11.442  7257  7323 D RustNativeSupport: lib configured: fenix
10-09 21:43:11.443  7257  7323 D RustNativeSupport: lib version configured: 0.40.0
10-09 21:43:11.443  7257  7323 D RustNativeSupport: settled on fenix
10-09 21:43:11.447  7257  7323 D fxaclient_ffi: fxa_new
10-09 21:43:11.488  7257  7257 D PhoneWindow: Restoring navigation bar divider color to default value = 0x00000000
10-09 21:43:11.562  7257  7257 I glean/Dispatchers: Task queued for execution and delayed until flushed
10-09 21:43:11.660  7257  7275 I Gecko:DumpUtils: Fifo watcher disabled via pref.
10-09 21:43:11.694  7257  7257 D GeckoRuntime: Lifecycle: onStart
10-09 21:43:11.711  7257  7257 I zygote  : Deoptimizing void mozilla.components.support.utils.Browsers.<init>(android.content.Context, android.net.Uri, kotlin.jvm.internal.DefaultConstructorMarker) due to JIT inline cache
10-09 21:43:11.715  7257  7320 D NetworkSecurityConfig: No Network Security Config specified, using platform default
10-09 21:43:11.725  7257  7262 I zygote  : Do partial code cache collection, code=55KB, data=47KB
10-09 21:43:11.727  7257  7262 I zygote  : After code cache collection, code=48KB, data=44KB
10-09 21:43:11.727  7257  7262 I zygote  : Increasing code cache capacity to 256KB
10-09 21:43:11.749  7257  7257 D GeckoRuntime: Lifecycle: onResume
10-09 21:43:11.750  7257  7323 W FirefoxAccountStateMachine: Got invalid event Event$Init for state NotAuthenticated.
10-09 21:43:11.753  7257  7257 D GeckoNetworkManager: Incoming event start for state OffNoListeners -> OnNoListeners
10-09 21:43:11.754  7257  7257 D GeckoNetworkManager: New network state: UP, WIFI, WIFI
10-09 21:43:11.774  7257  7347 D OpenGLRenderer: HWUI GL Pipeline
10-09 21:43:11.780  7257  7257 I glean/Glean: Registering pings for org.mozilla.fenix.GleanMetrics.Pings
10-09 21:43:11.781  7257  7257 I glean/Glean: Registering pings for mozilla.components.service.glean.GleanMetrics.Pings
10-09 21:43:11.798  7257  7275 D GeckoSysInfo: System memory: 1867MB.
10-09 21:43:11.800  7257  7356 D glean/PingMaker: Collecting events
10-09 21:43:11.800  7257  7275 D GeckoThread: State changed to JNI_READY
10-09 21:43:11.820  7257  7257 D glean/MetricsPingScheduler: The 'metrics' ping was last sent on Wed Oct 09 00:00:00 EDT 2019
10-09 21:43:11.825  7257  7257 I glean/MetricsPingScheduler: The 'metrics' ping was already sent today, Wed Oct 09 21:43:11 EDT 2019.
10-09 21:43:11.825  7257  7257 D glean/MetricsPingScheduler: Scheduling the 'metrics' ping in 22608200ms
10-09 21:43:11.829  7257  7257 D glean/MetricsPingScheduler: The 'metrics' ping was last sent on Wed Oct 09 00:00:00 EDT 2019
10-09 21:43:11.829  7257  7257 I glean/MetricsPingScheduler: The 'metrics' ping was already sent today, Wed Oct 09 21:43:11 EDT 2019.
10-09 21:43:11.830  7257  7257 D glean/MetricsPingScheduler: Scheduling the 'metrics' ping in 22608173ms
10-09 21:43:11.860  7257  7257 D GeckoNetworkManager: Incoming event receivedUpdate for state OnNoListeners -> OnNoListeners
10-09 21:43:11.863  7257  7257 D GeckoNetworkManager: New network state: UP, WIFI, WIFI
10-09 21:43:11.870  1456  2196 I WifiService: getDhcpInfo uid=10319
10-09 21:43:11.873  7257  7322 E ActivityThread: Failed to find provider info for com.facebook.katana.provider.AttributionIdProvider
10-09 21:43:11.891  7257  7257 I zygote  : Deoptimizing java.lang.Object androidx.collection.SimpleArrayMap.put(java.lang.Object, java.lang.Object) due to JIT inline cache
10-09 21:43:11.942  7257  7315 D glean/PingStorageEngine: Storing ping 38eed34d-0936-4613-8e4f-0e91a6f12028 at /data/user/0/org.mozilla.fenix.nightly/glean_data/pending_pings/38eed34d-0936-4613-8e4f-0e91a6f12028
10-09 21:43:11.982  1456  7570 D ConnectivityService: requestNetwork for uid/pid:10319/7257 NetworkRequest [ TRACK_DEFAULT id=997, [ Capabilities: INTERNET&NOT_RESTRICTED&TRUSTED&NOT_VPN] ]
10-09 21:43:11.983  1456  2099 D Ethernet: got request NetworkRequest [ TRACK_DEFAULT id=997, [ Capabilities: INTERNET&NOT_RESTRICTED&TRUSTED&NOT_VPN] ] with score 60
10-09 21:43:11.984  1456  2054 D WIFI_UT : got request NetworkRequest [ TRACK_DEFAULT id=997, [ Capabilities: INTERNET&NOT_RESTRICTED&TRUSTED&NOT_VPN] ] with score 60
10-09 21:43:11.984  1456  2054 D WIFI    : got request NetworkRequest [ TRACK_DEFAULT id=997, [ Capabilities: INTERNET&NOT_RESTRICTED&TRUSTED&NOT_VPN] ] with score 60
10-09 21:43:11.984  2398  2398 D PhoneSwitcherNetworkRequstListener: got request NetworkRequest [ TRACK_DEFAULT id=997, [ Capabilities: INTERNET&NOT_RESTRICTED&TRUSTED&NOT_VPN] ] with score 60
10-09 21:43:12.156  7257  7347 I Adreno  : QUALCOMM build                   : bb5b86c, I77d3059488
10-09 21:43:12.156  7257  7347 I Adreno  : Build Date                       : 06/07/18
10-09 21:43:12.156  7257  7347 I Adreno  : OpenGL ES Shader Compiler Version: EV031.22.00.01_06
10-09 21:43:12.156  7257  7347 I Adreno  : Local Branch                     : 
10-09 21:43:12.156  7257  7347 I Adreno  : Remote Branch                    : refs/tags/AU_LINUX_ANDROID_LA.UM.6.5.R1.08.01.00.312.086
10-09 21:43:12.156  7257  7347 I Adreno  : Remote Branch                    : NONE
10-09 21:43:12.156  7257  7347 I Adreno  : Reconstruct Branch               : NOTHING
10-09 21:43:12.157  7257  7347 D vndksupport: Loading /vendor/lib/hw/gralloc.msm8937.so from current namespace instead of sphal namespace.
10-09 21:43:12.165  7257  7347 I Adreno  : PFP: 0x005ff087, ME: 0x005ff063
10-09 21:43:12.174  7257  7347 I zygote  : android::hardware::configstore::V1_0::ISurfaceFlingerConfigs::hasWideColorDisplay retrieved: 0
10-09 21:43:12.175  7257  7347 I OpenGLRenderer: Initialized EGL, version 1.4
10-09 21:43:12.176  7257  7347 D OpenGLRenderer: Swap behavior 2
10-09 21:43:12.182  7257  7262 I zygote  : Do full code cache collection, code=124KB, data=103KB
10-09 21:43:12.184  7257  7262 I zygote  : After code cache collection, code=88KB, data=49KB
10-09 21:43:12.228  7257  7262 I zygote  : Do partial code cache collection, code=89KB, data=63KB
10-09 21:43:12.230  7257  7262 I zygote  : After code cache collection, code=89KB, data=63KB
10-09 21:43:12.231  7257  7262 I zygote  : Increasing code cache capacity to 512KB
10-09 21:43:12.251  7257  7385 D glean/PingStorageEngine: Processing persisted pings at /data/user/0/org.mozilla.fenix.nightly/glean_data/pending_pings
10-09 21:43:12.252  7257  7385 D glean/PingStorageEngine: Processing ping: 38eed34d-0936-4613-8e4f-0e91a6f12028
10-09 21:43:12.257  7257  7385 D glean/ConceptFetchHttpUploader: Submitting ping to: https://incoming.telemetry.mozilla.org/submit/org-mozilla-fenix-nightly/events/1/38eed34d-0936-4613-8e4f-0e91a6f12028
10-09 21:43:12.267  7257  7347 D vndksupport: Loading /vendor/lib/hw/android.hardware.graphics.mapper@2.0-impl.so from current namespace instead of sphal namespace.
10-09 21:43:12.268  7257  7347 D vndksupport: Loading /vendor/lib/hw/gralloc.msm8937.so from current namespace instead of sphal namespace.
10-09 21:43:12.285  1456  1673 I LaunchCheckinHandler: Displayed org.mozilla.fenix.nightly/org.mozilla.fenix.HomeActivity,cp,ca,1406
10-09 21:43:12.286  1456  1673 I ActivityManager: Displayed org.mozilla.fenix.nightly/org.mozilla.fenix.HomeActivity: +1s401ms
10-09 21:43:12.295  7257  7275 I Gecko   : 1570671792290	addons.xpi	WARN	List of valid built-in add-ons could not be parsed.: [Exception... "Component returned failure code: 0x80520012 (NS_ERROR_FILE_NOT_FOUND) [nsIXPCComponents_Utils.readUTF8URI]"  nsresult: "0x80520012 (NS_ERROR_FILE_NOT_FOUND)"  location: "JS frame :: resource://gre/modules/addons/XPIProvider.jsm :: startup :: line 2362"  data: no] Stack trace: startup()@resource://gre/modules/addons/XPIProvider.jsm:2362
10-09 21:43:12.295  7257  7275 I Gecko   : callProvider()@resource://gre/modules/AddonManager.jsm:213
10-09 21:43:12.295  7257  7275 I Gecko   : _startProvider()@resource://gre/modules/AddonManager.jsm:649
10-09 21:43:12.295  7257  7275 I Gecko   : startup()@resource://gre/modules/AddonManager.jsm:873
10-09 21:43:12.295  7257  7275 I Gecko   : startup()@resource://gre/modules/AddonManager.jsm:3469
10-09 21:43:12.295  7257  7275 I Gecko   : observe()@resource://gre/modules/addonManager.js:86
10-09 21:43:12.323  7257  7390 I experiments: Fetching experiments from https://firefox.settings.services.mozilla.com/v1/buckets/main/collections/mobile-experiments/records?_since=1566233826256
10-09 21:43:12.464  7257  7275 D GeckoThread: State changed to PROFILE_READY
10-09 21:43:12.569  7257  7275 W GeckoEventDispatcher: No listener for AndroidCastDevice:SyncDevice
10-09 21:43:12.577  7257  7275 I Gecko   : -*- nsDNSServiceDiscovery.js : nsDNSServiceDiscovery
10-09 21:43:12.675   808   808 I SFPerfTracer:      triggers: (rate: 4:6257) (compose: 0:0) (post: 0:0) (render: 0:1) (7:164031 frames) (8:412985)
10-09 21:43:12.675   808   808 D SFPerfTracer:        layers: (3:13) (NavigationBar#0 (0xb07df000): 0:1072) (StatusBar#0 (0xb07e3000): 0:250857) (com.android.systemui.ImageWallpaper#0 (0xb07e7000): 0:76)* (Sprite#0 (0xb0733000): 0:317)* (DimLayerController/Stack=0#0 (0xb075a000): 0:165)* (animation background stackId=1#0 (0xb0771000): 0:4)* (Sprite#1 (0xb077c000): 0:195)* (com.android.settings/com.android.settings.Settings$DevelopmentSettingsActivity#0 (0xb0763000): 0:7)- (Splash Screen org.mozilla.fenix.nightly#0 (0xb039b000): 0:31)- (org.mozilla.fenix.nightly/org.mozilla.fenix.HomeActivity#0 (0xb075f000): 0:30)- (com.android.settings/com.android.settings.Settings$DevelopmentSettingsActivity#0 (0xb075d000): 0:7)- (Splash Screen org.mozilla.fenix.nightly#0 (0xb075f000): 0:30)- (org.mozilla.fenix.nightly/org.mozilla.fenix.HomeActivity#0 (0xb039b000): 7:20) 
10-09 21:43:12.678  7257  7275 W ResourceType: Too many attribute references, stopped at: 0x01010099
10-09 21:43:12.725  7257  7275 I Gecko   : Attempting load of libEGL.so
10-09 21:43:12.916  7257  7257 D GeckoNetworkManager: Incoming event enableNotifications for state OnNoListeners -> OnWithListeners
10-09 21:43:12.918  7257  7257 D GeckoNetworkManager: New network state: UP, WIFI, WIFI
10-09 21:43:12.918  7257  7257 D GeckoNetworkManager: Incoming event receivedUpdate for state OnWithListeners -> OnWithListeners
10-09 21:43:12.920  7257  7257 D GeckoNetworkManager: New network state: UP, WIFI, WIFI
10-09 21:43:12.921  7257  7275 W GeckoLinker: /data/app/org.mozilla.fenix.nightly-FEq5VoLeOqLfVa1-Lhz9pQ==/lib/arm/libsoftokn3.so: unhandled flags #8 not handled
10-09 21:43:12.922  7257  7275 W GeckoLinker: /data/app/org.mozilla.fenix.nightly-FEq5VoLeOqLfVa1-Lhz9pQ==/lib/arm/libsoftokn3.so: Relocation to NULL @0x00025ffc for symbol "__cxa_type_match"
10-09 21:43:12.923  7257  7275 W GeckoLinker: /data/app/org.mozilla.fenix.nightly-FEq5VoLeOqLfVa1-Lhz9pQ==/lib/arm/libfreebl3.so: unhandled flags #8 not handled
10-09 21:43:12.924  7257  7275 W GeckoLinker: /data/app/org.mozilla.fenix.nightly-FEq5VoLeOqLfVa1-Lhz9pQ==/lib/arm/libfreebl3.so: Relocation to NULL @0x00040ffc for symbol "__cxa_type_match"
10-09 21:43:12.957  7257  7408 W GeckoLinker: /data/app/org.mozilla.fenix.nightly-FEq5VoLeOqLfVa1-Lhz9pQ==/lib/arm/libnssckbi.so: unhandled flags #8 not handled
10-09 21:43:12.958  7257  7408 W GeckoLinker: /data/app/org.mozilla.fenix.nightly-FEq5VoLeOqLfVa1-Lhz9pQ==/lib/arm/libnssckbi.so: Relocation to NULL @0x00050ffc for symbol "__cxa_type_match"
10-09 21:43:13.125  7257  7390 D experiments: Fetched experiments from https://firefox.settings.services.mozilla.com/v1/buckets/main/collections/mobile-experiments/records?_since=1566233826256:
10-09 21:43:13.125  7257  7390 D experiments: {"data":[]}
10-09 21:43:13.125  7257  7390 I experiments: Experiments update from server: ExperimentsSnapshot(experiments=[Experiment(id=fenix-test-2019-08-05, description=End-to-end test of the Mobiles Experiments platform for Firefox Preview., lastModified=1566233826256, schemaModified=1566228455761, buckets=Buckets(start=0, count=667), branches=[Branch(name=a, ratio=1), Branch(name=b, ratio=1), Branch(name=c, ratio=1)], match=Matcher(appId=^org.mozilla.fenix$, appDisplayVersion=null, appMinVersion=null, appMaxVersion=null, localeLanguage=null, localeCountry=null, deviceManufacturer=null, deviceModel=null, regions=[], debugTags=[]))], lastModified=1566233826256)
10-09 21:43:13.127  7257  7390 I experiments: onExperimentsUpdated - no experiment currently active, looking for match
10-09 21:43:13.130  7257  7271 I WM-WorkerWrapper: Worker result SUCCESS for Work [ id=63f5fbf6-e5bb-4688-8ea5-8c2e151f805f, tags={ mozilla.components.service.experiments.ExperimentsUpdaterWorker, mozilla.components.service.experiments } ]
10-09 21:43:13.360  7257  7385 D glean/ConceptFetchHttpUploader: Ping successfully sent (200)
10-09 21:43:13.361  7257  7385 D glean/PingStorageEngine: 38eed34d-0936-4613-8e4f-0e91a6f12028 was deleted: true
10-09 21:43:13.362  7257  7288 I WM-WorkerWrapper: Worker result SUCCESS for Work [ id=881423a3-39e7-42ec-a90f-847e16d5e9fe, tags={ mozac_service_glean_ping_upload_worker, mozilla.components.service.glean.scheduler.PingUploadWorker } ]
10-09 21:43:13.366  1456  2067 D ConnectivityService: releasing NetworkRequest [ TRACK_DEFAULT id=997, [ Capabilities: INTERNET&NOT_RESTRICTED&TRUSTED&NOT_VPN] ] (release request)
10-09 21:43:20.979  1456  1473 I ActivityManager: Force stopping org.mozilla.fenix.nightly appid=10319 user=0: from pid 7431
10-09 21:43:20.979  1456  1473 I ActivityManager: Killing 7257:org.mozilla.fenix.nightly/u0a319 (adj 0): stop org.mozilla.fenix.nightly
10-09 21:43:20.981  1456  1605 W zygote  : kill(-7257, 9) failed: No such process
10-09 21:43:20.982  1456  1473 W ActivityManager: Force removing ActivityRecord{f4b0e49 u0 org.mozilla.fenix.nightly/org.mozilla.fenix.HomeActivity t628}: app died, no saved state
10-09 21:43:20.983  7295  7295 I ServiceChildProcess: Service has been unbound. Stopping.
10-09 21:43:20.996  1456  1605 W zygote  : kill(-7257, 9) failed: No such process
10-09 21:43:21.006  1456  7796 I OpenGLRenderer: Initialized EGL, version 1.4
10-09 21:43:21.006  1456  7796 D OpenGLRenderer: Swap behavior 2
10-09 21:43:21.011  1456  1605 W zygote  : kill(-7257, 9) failed: No such process
10-09 21:43:21.024  1456  1605 I chatty  : uid=1000(system) ActivityManager identical 1 line
10-09 21:43:21.030  1456  1473 I ActivityManager: Killing 7295:org.mozilla.fenix.nightly:tab/u0a319 (adj 0): stop org.mozilla.fenix.nightly
10-09 21:43:21.040  1456  1605 W zygote  : kill(-7257, 9) failed: No such process
10-09 21:43:21.047  2398  2398 D CarrierSvcBindHelper: No carrier app for: 0
10-09 21:43:21.047  2398  2398 D CarrierSvcBindHelper: No carrier app for: 1
10-09 21:43:21.056  7883  7883 W Settings: Setting bugreport_in_power_menu has moved from android.provider.Settings.Secure to android.provider.Settings.Global.
10-09 21:43:21.065  1456  1605 W zygote  : kill(-7257, 9) failed: No such process
10-09 21:43:21.066  1456  2196 I WifiService: getVerboseLoggingLevel uid=1000
10-09 21:43:21.066  1456  2196 I WifiService: getAggressiveHandover uid=1000
10-09 21:43:21.067  1456  2196 I WifiService: getAllowScansWithTraffic uid=1000
10-09 21:43:21.073  7883  7434 W TileUtils: Found com.android.settings.backup.BackupSettingsActivity for intent Intent { act=com.android.settings.action.SETTINGS pkg=com.android.settings } missing metadata com.android.settings.category
10-09 21:43:21.078  7883  7883 W ResourceType: Found multiple library tables, ignoring...
10-09 21:43:21.080  1456  1605 W zygote  : kill(-7257, 9) failed: No such process
10-09 21:43:21.100  1456  1605 W zygote  : kill(-7257, 9) failed: No such process
10-09 21:43:21.104  7883  7434 D Settings: No enabled state changed, skipping updateCategory call
10-09 21:43:21.113  1456  1605 W zygote  : kill(-7257, 9) failed: No such process
10-09 21:43:21.114  2398  2398 E PhoneInterfaceManager: [PhoneIntfMgr] getAllowedCarriers: CommandException: com.android.internal.telephony.CommandException: REQUEST_NOT_SUPPORTED
10-09 21:43:21.118  2398  2398 E PhoneInterfaceManager: [PhoneIntfMgr] getAllowedCarriers: CommandException: com.android.internal.telephony.CommandException: REQUEST_NOT_SUPPORTED
10-09 21:43:21.127  1456  1605 W zygote  : kill(-7257, 9) failed: No such process
10-09 21:43:21.143  1456  1605 W zygote  : kill(-7257, 9) failed: No such process
10-09 21:43:21.147  1456  2196 W InputMethodManagerService: Got RemoteException sending setActive(false) notification to pid 7257 uid 10319
10-09 21:43:21.159  1456  2196 I WindowManager: WIN DEATH: Window{215a7c8 u0 org.mozilla.fenix.nightly/org.mozilla.fenix.HomeActivity}
10-09 21:43:21.160  1456  1673 W ActivityManager: setHasOverlayUi called on unknown pid: 7257
10-09 21:43:21.161   808  2484 E SurfaceFlinger: Failed to find layer (org.mozilla.fenix.nightly/org.mozilla.fenix.HomeActivity#0) in layer parent (no-parent).
10-09 21:43:21.161   808  2484 E SurfaceFlinger: Failed to find layer (org.mozilla.fenix.nightly/org.mozilla.fenix.HomeActivity#0) in layer parent (no-parent).
10-09 21:43:21.163  1456  1605 W zygote  : kill(-7257, 9) failed: No such process
