12-19 21:45:05.940  1456  1605 W zygote  : kill(-19051, 9) failed: No such process
12-19 21:45:05.980  1456  1605 I chatty  : uid=1000(system) ActivityManager identical 3 lines
12-19 21:45:05.982  1456  1673 W ActivityManager: setHasOverlayUi called on unknown pid: 19051
12-19 21:45:05.994  1456  1605 W zygote  : kill(-19051, 9) failed: No such process
12-19 21:45:05.994  1456  1605 I zygote  : Successfully killed process cgroup uid 10600 pid 19051 in 86ms
12-19 21:45:05.995  1456  1605 W zygote  : kill(-19090, 9) failed: No such process
12-19 21:45:05.995  1456  1605 I zygote  : Successfully killed process cgroup uid 10600 pid 19090 in 0ms
12-19 21:45:06.029  1456  2236 I ActivityManager: START u0 {act=android.intent.action.MAIN cat=[android.intent.category.LAUNCHER] flg=0x10000000 cmp=org.mozilla.fenix.performancetest/org.mozilla.fenix.HomeActivity} from uid 2000
12-19 21:45:06.029   794   839 E ANDR-PERF-RESOURCEQS: Failed to apply optimization [4, 0]
12-19 21:45:06.051  1456  4829 I ActivityManager: Start proc 19243:org.mozilla.fenix.performancetest/u0a600 for activity org.mozilla.fenix.performancetest/org.mozilla.fenix.HomeActivity
12-19 21:45:06.055 19243 19243 I chatty  : uid=10600(org.mozilla.fenix.performancetest) expire 59 lines
12-19 21:45:06.137 19624 19715 I MicroDetectionState: Should stop hotword detection immediately - false
12-19 21:45:06.138 19624 19715 I MicroDetector: Keeping mic open: false
12-19 21:45:06.138 19624 19715 I RecognitionAudioControl: #shutdownAudio [requestId: -2399028322330104077, keepAudioOpen: false, forced: true]
12-19 21:45:06.138 19624 16182 E DeviceStateChecker: DeviceStateChecker cancelled
12-19 21:45:06.138 19624 19715 I RecognitionAudioControl: #internalShutdownAudio [requestId: -2399028322330104077]
12-19 21:45:06.138 19624 19715 I RecognitionAudioControl: #internalShutdownAudio [keepAudioOpen: false, forced: true]
12-19 21:45:06.138 19624 19715 I RecognitionAudioControl: #actualShutdownAudio
12-19 21:45:06.138 19624 19715 I AudioController: #shutdown [requestId=-2399028322330104077]
12-19 21:45:06.138 19624 16165 I AudioController: internalShutdown
12-19 21:45:06.138 19624 15940 I MicroRecognitionRunner: Stopping hotword detection.
12-19 21:45:06.189   788  1479 D audio_hw_primary: disable_audio_route: usecase(9) reset and update mixer path: audio-record
12-19 21:45:06.190   788  1479 D audio_hw_primary: disable_snd_device: snd_device(120: voice-rec-mic)
12-19 21:45:06.192  1012  8317 D APM_AudioPolicyManager: stopInput() input 37510, session 37545
12-19 21:45:06.192   788   788 D audio_hw_primary: in_set_parameters: enter: kvpairs=routing=0
12-19 21:45:06.193 19624 16165 I MicrophoneInputStream: mic_close  SR : 16000 CC : 16 SO : 1999
12-19 21:45:06.194 19624 16165 E AudioSource: Stop listening is called on already closed AudioSource
12-19 21:45:06.194 19624 27444 I MicroRecognitionRunner: Detection finished
12-19 21:45:06.286 19243 19260 I chatty  : uid=10600(org.mozilla.fenix.performancetest) expire 13 lines
12-19 21:45:06.496 19243 19272 I chatty  : uid=10600(org.mozilla.fenix.performancetest) expire 27 lines
12-19 21:45:06.627 19243 19281 I chatty  : uid=10600(org.mozilla.fenix.performancetest) expire 10 lines
12-19 21:45:06.633  1456  2236 I ActivityManager: Start proc 19282:org.mozilla.fenix.performancetest:tab/u0a600 for service org.mozilla.fenix.performancetest/org.mozilla.gecko.process.GeckoServiceChildProcess$tab
12-19 21:45:06.637 19282 19282 I chatty  : uid=10600(org.mozilla.fenix.performancetest) expire 2 lines
12-19 21:45:06.813 19282 19306 I chatty  : uid=10600(org.mozilla.fenix.performancetest) expire 1 line
12-19 21:45:06.933 19243 19248 I chatty  : uid=10600(org.mozilla.fenix.performancetest) expire 6 lines
12-19 21:45:07.321 19243 19334 I chatty  : uid=10600(org.mozilla.fenix.performancetest) expire 5 lines
12-19 21:45:07.758  1456  2236 I WifiService: getDhcpInfo uid=10600
12-19 21:45:07.915 19243 19272 I chatty  : uid=10600(org.mozilla.fenix.performancetest) expire 11 lines
12-19 21:45:08.241 19243 19248 I chatty  : uid=10600(org.mozilla.fenix.performancetest) expire 5 lines
12-19 21:45:08.359 19243 19378 I chatty  : uid=10600(org.mozilla.fenix.performancetest) expire 2 lines
12-19 21:45:08.746 19243 19243 I chatty  : uid=10600(org.mozilla.fenix.performancetest) expire 8 lines
12-19 21:45:08.750  1456  1673 I LaunchCheckinHandler: Displayed org.mozilla.fenix.performancetest/org.mozilla.fenix.HomeActivity,cp,ca,2714
12-19 21:45:08.751  1456  1673 I ActivityManager: Displayed org.mozilla.fenix.performancetest/org.mozilla.fenix.HomeActivity: +2s711ms
12-19 21:45:08.812 19243 19402 I chatty  : uid=10600(org.mozilla.fenix.performancetest) expire 4 lines
12-19 21:45:08.870 19624 19624 I MemoryTrimmer: Trimming objects from memory, since app is in the background.
12-19 21:45:08.878 19624 19624 I MemoryTrimmer: Trimming objects from memory, since app is in the background.
12-19 21:45:08.879 19624 26600 I PBSessionCacheImpl: Deleted sessionId[86308841256998489] from persistence.
12-19 21:45:08.884  1456  4829 I WifiService: getWifiEnabledState uid=10073
12-19 21:45:08.887 19624 19715 W SearchServiceCore: Abort, client detached.
12-19 21:45:08.937 19243 19279 I chatty  : uid=10600(org.mozilla.fenix.performancetest) expire 2 lines
12-19 21:45:11.684 19407 19407 D AndroidRuntime: >>>>>> START com.android.internal.os.RuntimeInit uid 2000 <<<<<<
12-19 21:45:11.696 19407 19407 W app_process: Could not reserve sentinel fault page
12-19 21:45:11.862 19407 19407 I app_process: The ClassLoaderContext is a special shared library.
12-19 21:45:11.935 19407 19407 D AndroidRuntime: Calling main entry com.android.commands.input.Input
12-19 21:45:11.937 19407 19407 I Input   : injectKeyEvent: KeyEvent { action=ACTION_DOWN, keyCode=KEYCODE_HOME, scanCode=0, metaState=0, flags=0x0, repeatCount=0, eventTime=9257135549, downTime=9257135549, deviceId=-1, source=0x101 }
12-19 21:45:11.946 19407 19407 I Input   : injectKeyEvent: KeyEvent { action=ACTION_UP, keyCode=KEYCODE_HOME, scanCode=0, metaState=0, flags=0x0, repeatCount=0, eventTime=9257135549, downTime=9257135549, deviceId=-1, source=0x101 }
12-19 21:45:11.953  1456  1941 I ActivityManager: START u0 {act=android.intent.action.MAIN cat=[android.intent.category.HOME] flg=0x10200000 cmp=com.android.launcher3/.CustomizationPanelLauncher (has extras)} from uid 1000
12-19 21:45:11.954   794   839 E ANDR-PERF-RESOURCEQS: Failed to apply optimization [4, 0]
12-19 21:45:11.964  1456  1941 I ActivityManager: moveHomeStack, setupComplete:true
12-19 21:45:11.971 19624 19707 I Adreno  : QUALCOMM build                   : bb5b86c, I77d3059488
12-19 21:45:11.971 19624 19707 I Adreno  : Build Date                       : 06/07/18
12-19 21:45:11.971 19624 19707 I Adreno  : OpenGL ES Shader Compiler Version: EV031.22.00.01_06
12-19 21:45:11.971 19624 19707 I Adreno  : Local Branch                     : 
12-19 21:45:11.971 19624 19707 I Adreno  : Remote Branch                    : refs/tags/AU_LINUX_ANDROID_LA.UM.6.5.R1.08.01.00.312.086
12-19 21:45:11.971 19624 19707 I Adreno  : Remote Branch                    : NONE
12-19 21:45:11.971 19624 19707 I Adreno  : Reconstruct Branch               : NOTHING
12-19 21:45:11.973 19624 19707 D vndksupport: Loading /vendor/lib/hw/gralloc.msm8937.so from current namespace instead of sphal namespace.
12-19 21:45:11.975 19407 19407 D AndroidRuntime: Shutting down VM
12-19 21:45:11.977 19624 19707 I Adreno  : PFP: 0x005ff087, ME: 0x005ff063
12-19 21:45:11.981 19624 19707 I zygote  : android::hardware::configstore::V1_0::ISurfaceFlingerConfigs::hasWideColorDisplay retrieved: 0
12-19 21:45:11.982 19624 19707 I OpenGLRenderer: Initialized EGL, version 1.4
12-19 21:45:11.982 19624 19707 D OpenGLRenderer: Swap behavior 2
12-19 21:45:11.985 16985 16985 I Finsky  : [2] puo.onTrimMemory(1): Memory trim requested to level 80
12-19 21:45:11.987  2748  2748 D Launcher.Utilities: Wakeup weather: Intent { act=com.motorola.launcher3.action.WAKEUP_WEATHER cmp=com.motorola.timeweatherwidget/com.motorola.commandcenter.weather.WakeUpService }
12-19 21:45:12.003  1456  1456 I NotificationService: Cannot find enqueued record for key: 0|com.motorola.timeweatherwidget|1|null|10116
12-19 21:45:12.008   808   808 D SurfaceFlinger: duplicate layer name: changing com.android.launcher3/com.android.launcher3.CustomizationPanelLauncher to com.android.launcher3/com.android.launcher3.CustomizationPanelLauncher#1
12-19 21:45:12.018 19624 16182 W ThreadPoolDumper: Queue length for executor EventBus is now 11. Perhaps some tasks are too long, or the pool is too small.
12-19 21:45:12.020  1456  2236 I WifiService: getWifiEnabledState uid=10073
12-19 21:45:12.026  1456  2923 I WifiService: getWifiEnabledState uid=10073
12-19 21:45:12.055 19624 19715 I MicroDetectionState: Should stop hotword detection immediately - false
12-19 21:45:12.058 19624 19715 I MicroDetectionWorker: #startMicroDetector [speakerMode: 0]
12-19 21:45:12.060 19624 19715 I AudioController: Created new AudioSource
12-19 21:45:12.083  1456  1673 I LaunchCheckinHandler: Displayed com.android.launcher3/.CustomizationPanelLauncher,wp,wa,129
12-19 21:45:12.084 19624 19715 I MicroDetectionWorker: onReady
12-19 21:45:12.084 19624 16155 I MicroDataManager: isInitializedWithLatestParams-true
12-19 21:45:12.084 19624 16155 I MicroDataManager: isInitializing-false locale not changed-true model not changed-true
12-19 21:45:12.085 19624 16155 I MicroDataManager: Already initialized, obtaining the hotword data immediately.
12-19 21:45:12.089 19624 16753 I MicroRecognitionRunner: Starting detection.
12-19 21:45:12.090 19624 16753 I InputStreamUtils: Using micInputStream
12-19 21:45:12.090 19624 26600 I MicrophoneInputStream: mic_starting  SR : 16000 CC : 16 SO : 1999
12-19 21:45:12.093   788   788 V msm8974_platform: platform_check_input_mask: enter check_input_mask source 6 mask 10
12-19 21:45:12.099  1012 19421 I AudioFlinger: AudioFlinger's thread 0xb2483dc0 tid=19421 ready to run
12-19 21:45:12.105   788   788 D audio_hw_primary: in_set_parameters: enter: kvpairs=input_source=6;routing=-2147483644
12-19 21:45:12.106  1012 19368 D APM_AudioPolicyManager: AudioPolicyManager::startInput() input 37518, session 37553, source = 1999
12-19 21:45:12.106 19624 26600 I MicrophoneInputStream: mic_started  SR : 16000 CC : 16 SO : 1999
12-19 21:45:12.108   788 19422 V msm8974_platform: platform_update_usecase_from_source: input source :6
12-19 21:45:12.108   788 19422 V msm8974_platform: platform_check_input_mask: enter check_input_mask source 6 mask 10
12-19 21:45:12.108   788 19422 V msm8974_platform: platform_get_input_snd_device: enter: out_device(0) in_device(0x4) channel_count (1) channel_mask (0x10)
12-19 21:45:12.108   788 19422 V msm8974_platform: platform_get_input_snd_device: exit: in_snd_device(voice-rec-mic)
12-19 21:45:12.108   788 19422 V msm8974_platform: platform_get_backend_index:napb: backend port - 5 device - 120 
12-19 21:45:12.108   788 19422 V msm8974_platform: platform_check_and_set_capture_backend_cfg:txbecf: afe: bitwidth 0, samplerate 0, channel 1, backend_idx 5 usecase = 9 device (voice-rec-mic)
12-19 21:45:12.108   788 19422 V msm8974_platform: platform_check_capture_backend_cfg:txbecf: afe: Codec selected backend: 5 current bit width: 0 and sample rate: 0, channels 1
12-19 21:45:12.108   788 19422 V msm8974_platform: platform_check_capture_backend_cfg:txbecf: afe: Codec selected backend: 5 updated bit width: 0 and sample rate: 0
12-19 21:45:12.108   788 19422 I msm8974_platform: platform_check_capture_backend_cfg:txbecf: afe: Codec backend needs to be updated. new bit width: 0 new sample rate: 0 new channel: 1
12-19 21:45:12.108   788 19422 V msm8974_platform: platform_get_backend_index:napb: backend port - 5 device - 120 
12-19 21:45:12.108   788 19422 V msm8974_platform: platform_set_backend_cfg:becf: afe: bitwidth 0, samplerate 0 channels 1, backend_idx 5 device (voice-rec-mic)
12-19 21:45:12.109   788 19422 E msm8974_platform: platform_set_backend_cfg:becf: afe: Could not get ctl for mixer command - SLIM_0_TX Format
12-19 21:45:12.109   788 19422 V msm8974_platform: platform_send_audio_calibration: sending audio calibration for snd_device(120) acdb_id(62)
12-19 21:45:12.109   788 19422 D ACDB-LOADER: ACDB -> send_audio_cal, acdb_id = 62, path = 1, app id = 0x11130, sample rate = 48000
12-19 21:45:12.109   788 19422 D ACDB-LOADER: ACDB -> send_asm_topology
12-19 21:45:12.109   788 19422 D ACDB-LOADER: ACDB -> ACDB_CMD_GET_AUDPROC_STREAM_TOPOLOGY_ID
12-19 21:45:12.109   788 19422 D ACDB-LOADER: ACDB -> send_adm_topology
12-19 21:45:12.109   788 19422 D ACDB-LOADER: ACDB -> ACDB_CMD_GET_AUDPROC_COMMON_TOPOLOGY_ID
12-19 21:45:12.109   788 19422 D ACDB-LOADER: ACDB -> send_audtable
12-19 21:45:12.109   788 19422 D ACDB-LOADER: ACDB -> ACDB_CMD_GET_AUDPROC_COMMON_TABLE_SIZE
12-19 21:45:12.109   788 19422 D ACDB-LOADER: ACDB -> ACDB_CMD_GET_AUDPROC_COMMON_TABLE
12-19 21:45:12.109   788 19422 D ACDB-LOADER: ACDB -> AUDIO_SET_AUDPROC_CAL
12-19 21:45:12.109   788 19422 D ACDB-LOADER: ACDB -> send_audvoltable
12-19 21:45:12.109   788 19422 D ACDB-LOADER: ACDB -> ACDB_CMD_GET_AUDPROC_VOL_STEP_TABLE_SIZE
12-19 21:45:12.109   788 19422 D ACDB-LOADER: ACDB -> ACDB_CMD_GET_AUDPROC_GAIN_DEP_STEP_TABLE, vol index 0
12-19 21:45:12.109   788 19422 D         : Failed to fetch the lookup information of the device 0000003E 
12-19 21:45:12.109   788 19422 D ACDB-LOADER: ACDB -> AUDIO_SET_VOL_CAL cal type = 12
12-19 21:45:12.109   788 19422 D ACDB-LOADER: ACDB -> ACDB_CMD_GET_AUDPROC_STREAM_TABLE_SIZE
12-19 21:45:12.109   788 19422 D ACDB-LOADER: ACDB -> send_audstrmtable
12-19 21:45:12.109   788 19422 D ACDB-LOADER: ACDB -> ACDB_CMD_GET_AUDPROC_STREAM_TABLE_V2
12-19 21:45:12.109   788 19422 D ACDB-LOADER: ACDB -> audstrm_cal->cal_type.cal_data.cal_size = 456
12-19 21:45:12.109   788 19422 D ACDB-LOADER: ACDB -> send_afe_topology
12-19 21:45:12.109   788 19422 D ACDB-LOADER: ACDB -> ACDB_CMD_GET_AFE_TOPOLOGY_ID
12-19 21:45:12.110   788 19422 D ACDB-LOADER: ACDB -> GET_AFE_TOPOLOGY_ID for adcd_id 62, Topology Id 112fb
12-19 21:45:12.110   788 19422 D ACDB-LOADER: ACDB -> send_afe_cal
12-19 21:45:12.110   788 19422 D ACDB-LOADER: ACDB -> ACDB_CMD_GET_AFE_COMMON_TABLE_SIZE
12-19 21:45:12.110   788 19422 D         : Failed to fetch the lookup information of the device 0000003E 
12-19 21:45:12.110   788 19422 E ACDB-LOADER: Error: ACDB_CMD_GET_AFE_COMMON_TABLE_SIZE Returned = -19
12-19 21:45:12.110   788 19422 D ACDB-LOADER: ACDB -> ACDB_CMD_GET_AFE_COMMON_TABLE
12-19 21:45:12.110   788 19422 D         : Failed to fetch the lookup information of the device 0000003E 
12-19 21:45:12.110   788 19422 D ACDB-LOADER: ACDB -> AUDIO_SET_AFE_CAL
12-19 21:45:12.110   788 19422 D ACDB-LOADER: ACDB -> send_hw_delay : acdb_id = 62 path = 1
12-19 21:45:12.110   788 19422 D ACDB-LOADER: ACDB -> ACDB_AVSYNC_INFO: ACDB_CMD_GET_DEVICE_PROPERTY
12-19 21:45:12.110   788 19422 D audio_hw_primary: enable_snd_device: snd_device(120: voice-rec-mic)
12-19 21:45:12.110   788 19422 D audio_route: Apply path: voice-rec-mic
12-19 21:45:12.114   788 19422 V msm8974_platform: platform_get_snd_device_backend_index: enter with device 120
12-19 21:45:12.114   788 19422 E msm8974_platform: platform_get_snd_device_backend_index: BE DAI Name Table is not present
12-19 21:45:12.114   788 19422 V msm8974_platform: platform_get_backend_index:napb: backend port - 5 device - 120 
12-19 21:45:12.114   788 19422 I audio_hw_utils: Set Audio Stream Capture 0 App Type Cfg: app_type 69936, acdb_dev_id 62, sample_rate 48000, snd_device_be_idx -14
12-19 21:45:12.115   788 19422 D audio_hw_primary: enable_audio_route: usecase(9) apply and update mixer path: audio-record
12-19 21:45:12.115   788 19422 D audio_route: Apply path: audio-record
12-19 21:45:12.185 19624 19715 I MicroDetectionWorker: onReady
12-19 21:45:12.484  1456  7796 I OpenGLRenderer: Initialized EGL, version 1.4
12-19 21:45:12.484  1456  7796 D OpenGLRenderer: Swap behavior 2
12-19 21:45:12.547  2748  2917 W OpenGLRenderer: Incorrectly called buildLayer on View: ShortcutAndWidgetContainer, destroying layer...
12-19 21:45:12.666 19243 19260 I chatty  : uid=10600(org.mozilla.fenix.performancetest) expire 1 line
12-19 21:45:12.676 19243 19343 I chatty  : uid=10600(org.mozilla.fenix.performancetest) expire 6 lines
12-19 21:45:12.679   808   898 I SFPerfTracer:      triggers: (rate: 0:0) (0 sw vsyncs) (0 skipped) (36:1043944 vsyncs) (38:2132723)
12-19 21:45:12.740  1456  2916 D ConnectivityService: requestNetwork for uid/pid:10600/19243 NetworkRequest [ TRACK_DEFAULT id=11584, [ Capabilities: INTERNET&NOT_RESTRICTED&TRUSTED&NOT_VPN] ]
12-19 21:45:12.742  1456  2099 D Ethernet: got request NetworkRequest [ TRACK_DEFAULT id=11584, [ Capabilities: INTERNET&NOT_RESTRICTED&TRUSTED&NOT_VPN] ] with score 60
12-19 21:45:12.742  1456  2054 D WIFI_UT : got request NetworkRequest [ TRACK_DEFAULT id=11584, [ Capabilities: INTERNET&NOT_RESTRICTED&TRUSTED&NOT_VPN] ] with score 60
12-19 21:45:12.742  1456  2054 D WIFI    : got request NetworkRequest [ TRACK_DEFAULT id=11584, [ Capabilities: INTERNET&NOT_RESTRICTED&TRUSTED&NOT_VPN] ] with score 60
12-19 21:45:12.742  2398  2398 D PhoneSwitcherNetworkRequstListener: got request NetworkRequest [ TRACK_DEFAULT id=11584, [ Capabilities: INTERNET&NOT_RESTRICTED&TRUSTED&NOT_VPN] ] with score 60
12-19 21:45:12.764  1456  1466 I zygote  : NativeAlloc concurrent copying GC freed 43994(2MB) AllocSpace objects, 28(944KB) LOS objects, 42% free, 29MB/51MB, paused 182us total 279.409ms
12-19 21:45:12.771 19243 19423 I chatty  : uid=10600(org.mozilla.fenix.performancetest) expire 9 lines
12-19 21:45:13.116   808   808 I SFPerfTracer:      triggers: (rate: 49:48992) (compose: 0:5) (post: 0:12) (render: 0:9) (0:1188670 frames) (1:2110441)
12-19 21:45:13.116   808   808 D SFPerfTracer:        layers: (4:12) (NavigationBar#0 (0xb07df000): 0:270743) (StatusBar#0 (0xb07e3000): 0:906248) (com.android.systemui.ImageWallpaper#0 (0xb07e7000): 0:19722) (Sprite#0 (0xb0733000): 0:317)* (DimLayerController/Stack=0#0 (0xb075a000): 0:3501)* (Sprite#1 (0xb077c000): 0:195)* (com.android.launcher3/com.android.launcher3.CustomizationPanelLauncher#0 (0xb0763000): 0:38)- (com.android.launcher3/com.android.launcher3.CustomizationPanelLauncher#1 (0xb0771000): 0:11)- (Splash Screen org.mozilla.fenix.performancetest#0 (0xb0384000): 0:31)- (org.mozilla.fenix.performancetest/org.mozilla.fenix.HomeActivity#0 (0xb039b000): 0:46)- (com.android.launcher3/com.android.launcher3.CustomizationPanelLauncher#0 (0xb0763000): 0:35)* (com.android.launcher3/com.android.launcher3.CustomizationPanelLauncher#1 (0xb0771000): 0:6) 
12-19 21:45:13.264  1456  2067 D ConnectivityService: releasing NetworkRequest [ TRACK_DEFAULT id=11584, [ Capabilities: INTERNET&NOT_RESTRICTED&TRUSTED&NOT_VPN] ] (release request)
12-19 21:45:14.231  1456  2063 D WifiNative-wlan0: Scan issued for specific freq..
12-19 21:45:14.233   769  1892 I MotoSensors: Sensorhub hal setDelay: 1 - 20
12-19 21:45:14.233   769  1892 I MotoSensors: Sensorhub hal setdelay: 1 - 20
12-19 21:45:14.234   769  1892 I MotoSensors: HubSensors::updateAccelRate 200
12-19 21:45:14.234   769  1892 I MotoSensors: Sensorhub hal enable: 1 - 1
12-19 21:45:14.234   769  1892 I MotoSensors: HubSensors::updateAccelRate 20
12-19 21:45:14.666  1456  4829 D WificondControl: Scan result ready event
12-19 21:45:14.749   769  1892 I MotoSensors: Sensorhub hal enable: 1 - 0
12-19 21:45:14.770  1456  1601 I ActivityManager: Start proc 19426:com.google.android.apps.maps/u0a108 for broadcast com.google.android.apps.maps/com.google.android.apps.gmm.navigation.service.detection.ActivityRecognitionReceiver
12-19 21:45:14.809 19426 19426 W ResourceType: ResTable_typeSpec entry count inconsistent: given 15, previously 22
12-19 21:45:14.928 19426 19445 I Adreno  : QUALCOMM build                   : bb5b86c, I77d3059488
12-19 21:45:14.928 19426 19445 I Adreno  : Build Date                       : 06/07/18
12-19 21:45:14.928 19426 19445 I Adreno  : OpenGL ES Shader Compiler Version: EV031.22.00.01_06
12-19 21:45:14.928 19426 19445 I Adreno  : Local Branch                     : 
12-19 21:45:14.928 19426 19445 I Adreno  : Remote Branch                    : refs/tags/AU_LINUX_ANDROID_LA.UM.6.5.R1.08.01.00.312.086
12-19 21:45:14.928 19426 19445 I Adreno  : Remote Branch                    : NONE
12-19 21:45:14.928 19426 19445 I Adreno  : Reconstruct Branch               : NOTHING
12-19 21:45:14.929 19426 19445 D vndksupport: Loading /vendor/lib/hw/gralloc.msm8937.so from current namespace instead of sphal namespace.
12-19 21:45:14.936 19426 19445 I Adreno  : PFP: 0x005ff087, ME: 0x005ff063
12-19 21:45:14.950 19426 19445 I zygote  : android::hardware::configstore::V1_0::ISurfaceFlingerConfigs::hasWideColorDisplay retrieved: 0
12-19 21:45:15.354 19426 19431 I zygote  : Do partial code cache collection, code=23KB, data=24KB
12-19 21:45:15.355 19426 19431 I zygote  : After code cache collection, code=23KB, data=24KB
12-19 21:45:15.355 19426 19431 I zygote  : Increasing code cache capacity to 128KB
12-19 21:45:15.432 19426 19431 I zygote  : Do partial code cache collection, code=50KB, data=33KB
12-19 21:45:15.435 19426 19431 I zygote  : After code cache collection, code=42KB, data=27KB
12-19 21:45:15.435 19426 19431 I zygote  : Increasing code cache capacity to 256KB
12-19 21:45:15.528  1456  4829 I ActivityManager: Start proc 19458:com.google.process.gapps/u0a36 for content provider com.google.android.gsf/.settings.GoogleSettingsProvider
12-19 21:45:15.576 19458 19458 I zygote  : The ClassLoaderContext is a special shared library.
12-19 21:45:15.604 19458 19458 I GoogleHttpClient: GMS http client unavailable, use old client
12-19 21:45:15.816 20331 29005 I GeofencerStateMachine: removeGeofences: removeRequest=RemoveGeofencingRequest[REMOVE_BY_IDS Ids=[atn_geofence_request_id], packageName=com.google.android.apps.maps]
12-19 21:45:16.893  2398  2398 D QtiCarrierConfigHelper: WARNING, no carrier configs on phone Id: 0
12-19 21:45:17.146  1456  4829 I ActivityManager: Force stopping org.mozilla.fenix.performancetest appid=10600 user=0: from pid 19488
12-19 21:45:17.147  1456  4829 I ActivityManager: Killing 19243:org.mozilla.fenix.performancetest/u0a600 (adj 700): stop org.mozilla.fenix.performancetest
12-19 21:45:17.149  1456  1605 W zygote  : kill(-19243, 9) failed: No such process
12-19 21:45:17.150  1456  4829 W ActivityManager: Force removing ActivityRecord{375417d u0 org.mozilla.fenix.performancetest/org.mozilla.fenix.HomeActivity t10879}: app died, no saved state
12-19 21:45:17.151 19282 19282 I chatty  : uid=10600(org.mozilla.fenix.performancetest) expire 1 line
12-19 21:45:17.162  1456  4829 I ActivityManager: Killing 19282:org.mozilla.fenix.performancetest:tab/u0a600 (adj 0): stop org.mozilla.fenix.performancetest
12-19 21:45:17.165  1456  1605 W zygote  : kill(-19243, 9) failed: No such process
12-19 21:45:17.167 16985 16985 I Finsky  : [2] puo.onTrimMemory(1): Memory trim requested to level 80
12-19 21:45:17.174  2398  2398 D CarrierSvcBindHelper: No carrier app for: 0
12-19 21:45:17.176  2398  2398 D CarrierSvcBindHelper: No carrier app for: 1
12-19 21:45:17.178  1456  1605 W zygote  : kill(-19243, 9) failed: No such process
12-19 21:45:17.225  1456  1605 I chatty  : uid=1000(system) ActivityManager identical 6 lines
12-19 21:45:17.226  1456  1673 W ActivityManager: setHasOverlayUi called on unknown pid: 19243
12-19 21:45:17.240  1456  1605 W zygote  : kill(-19243, 9) failed: No such process
12-19 21:45:17.241  1456  1605 I zygote  : Successfully killed process cgroup uid 10600 pid 19243 in 91ms
12-19 21:45:17.241  1456  1605 W zygote  : kill(-19282, 9) failed: No such process
12-19 21:45:17.241  1456  1605 I zygote  : Successfully killed process cgroup uid 10600 pid 19282 in 0ms
12-19 21:45:17.270  1456  2236 I ActivityManager: START u0 {act=android.intent.action.MAIN cat=[android.intent.category.LAUNCHER] flg=0x10000000 cmp=org.mozilla.fenix.performancetest/org.mozilla.fenix.HomeActivity} from uid 2000
12-19 21:45:17.271   794   839 E ANDR-PERF-RESOURCEQS: Failed to apply optimization [4, 0]
12-19 21:45:17.281  1456  1893 D BatteryService: uevent={POWER_SUPPLY_VOLTAGE_NOW=4355748, POWER_SUPPLY_CHARGE_RATE=Normal, POWER_SUPPLY_HEALTH=Good, POWER_SUPPLY_CURRENT_NOW=762, POWER_SUPPLY_PRESENT=1, SUBSYSTEM=power_supply, POWER_SUPPLY_TEMP=277, SEQNUM=245780, ACTION=change, POWER_SUPPLY_NAME=battery, POWER_SUPPLY_STATUS=Full, POWER_SUPPLY_CHARGE_COUNTER=2827324, POWER_SUPPLY_CAPACITY=100, DEVPATH=/devices/soc/qpnp-smbcharger-17/power_supply/battery}
12-19 21:45:17.291  1456  2204 I ActivityManager: Start proc 19495:org.mozilla.fenix.performancetest/u0a600 for activity org.mozilla.fenix.performancetest/org.mozilla.fenix.HomeActivity
12-19 21:45:17.295 19495 19495 I chatty  : uid=10600(org.mozilla.fenix.performancetest) expire 67 lines
12-19 21:45:17.306  2398  2398 D QtiCarrierConfigHelper: WARNING, no carrier configs on phone Id: 0
12-19 21:45:17.390 19624 19715 I MicroDetectionState: Should stop hotword detection immediately - false
12-19 21:45:17.390 19624 19715 I MicroDetector: Keeping mic open: false
12-19 21:45:17.390 19624 19715 I RecognitionAudioControl: #shutdownAudio [requestId: 5715016815339087376, keepAudioOpen: false, forced: true]
12-19 21:45:17.390 19624 16182 E DeviceStateChecker: DeviceStateChecker cancelled
12-19 21:45:17.390 19624 19715 I RecognitionAudioControl: #internalShutdownAudio [requestId: 5715016815339087376]
12-19 21:45:17.390 19624 19715 I RecognitionAudioControl: #internalShutdownAudio [keepAudioOpen: false, forced: true]
12-19 21:45:17.390 19624 19715 I RecognitionAudioControl: #actualShutdownAudio
12-19 21:45:17.390 19624 19715 I AudioController: #shutdown [requestId=5715016815339087376]
12-19 21:45:17.391 19624 16164 I MicroRecognitionRunner: Stopping hotword detection.
12-19 21:45:17.392 19624 16155 I AudioController: internalShutdown
12-19 21:45:17.393 19624 16753 I MicroRecognitionRunner: Detection finished
12-19 21:45:17.449   788   788 D audio_hw_primary: disable_audio_route: usecase(9) reset and update mixer path: audio-record
12-19 21:45:17.450   788   788 D audio_hw_primary: disable_snd_device: snd_device(120: voice-rec-mic)
12-19 21:45:17.452  1012  1302 D APM_AudioPolicyManager: stopInput() input 37518, session 37553
12-19 21:45:17.452   788  1479 D audio_hw_primary: in_set_parameters: enter: kvpairs=routing=0
12-19 21:45:17.454 19624 16155 I MicrophoneInputStream: mic_close  SR : 16000 CC : 16 SO : 1999
12-19 21:45:17.454 19624 16155 E AudioSource: Stop listening is called on already closed AudioSource
12-19 21:45:17.528 19495 19513 I chatty  : uid=10600(org.mozilla.fenix.performancetest) expire 14 lines
12-19 21:45:17.745 19495 19527 I chatty  : uid=10600(org.mozilla.fenix.performancetest) expire 38 lines
12-19 21:45:17.874 19495 19534 I chatty  : uid=10600(org.mozilla.fenix.performancetest) expire 10 lines
12-19 21:45:17.882  1456  1473 I ActivityManager: Start proc 19536:org.mozilla.fenix.performancetest:tab/u0a600 for service org.mozilla.fenix.performancetest/org.mozilla.gecko.process.GeckoServiceChildProcess$tab
12-19 21:45:17.888 19536 19536 I chatty  : uid=10600(org.mozilla.fenix.performancetest) expire 3 lines
12-19 21:45:18.058 19536 19559 I chatty  : uid=10600(org.mozilla.fenix.performancetest) expire 1 line
12-19 21:45:18.178 19495 19501 I chatty  : uid=10600(org.mozilla.fenix.performancetest) expire 11 lines
12-19 21:45:18.561 19495 19588 I chatty  : uid=10600(org.mozilla.fenix.performancetest) expire 5 lines
12-19 21:45:19.003  1456  1473 I WifiService: getDhcpInfo uid=10600
12-19 21:45:19.612 19495 19642 I chatty  : uid=10600(org.mozilla.fenix.performancetest) expire 2 lines
12-19 21:45:19.806 19426 19439 I zygote  : Waiting for a blocking GC ProfileSaver
12-19 21:45:19.846 19426 19439 I zygote  : Waiting for a blocking GC ProfileSaver
12-19 21:45:19.847 19426 19439 I zygote  : WaitForGcToComplete blocked ProfileSaver on HeapTrim for 40.293ms
12-19 21:45:19.856 19426 19436 I zygote  : WaitForGcToComplete blocked HeapTrim on ProfileSaver for 9.007ms
12-19 21:45:20.001  1456  1673 I LaunchCheckinHandler: Displayed org.mozilla.fenix.performancetest/org.mozilla.fenix.HomeActivity,cp,ca,2723
12-19 21:45:20.002  1456  1673 I ActivityManager: Displayed org.mozilla.fenix.performancetest/org.mozilla.fenix.HomeActivity: +2s718ms
12-19 21:45:20.114 19495 19675 I chatty  : uid=10600(org.mozilla.fenix.performancetest) expire 4 lines
12-19 21:45:20.125 19624 19624 I MemoryTrimmer: Trimming objects from memory, since app is in the background.
12-19 21:45:20.130 16985 16985 I Finsky  : [2] puo.onTrimMemory(1): Memory trim requested to level 80
12-19 21:45:20.134 19624 19624 I MemoryTrimmer: Trimming objects from memory, since app is in the background.
12-19 21:45:20.137 19624 26600 I PBSessionCacheImpl: Deleted sessionId[86308841256998494] from persistence.
12-19 21:45:20.140  1456  1473 I WifiService: getWifiEnabledState uid=10073
12-19 21:45:20.143 19624 19715 W SearchServiceCore: Abort, client detached.
12-19 21:45:20.183 19495 19512 I chatty  : uid=10600(org.mozilla.fenix.performancetest) expire 1 line
12-19 21:45:22.930 19677 19677 D AndroidRuntime: >>>>>> START com.android.internal.os.RuntimeInit uid 2000 <<<<<<
12-19 21:45:22.942 19677 19677 W app_process: Could not reserve sentinel fault page
12-19 21:45:23.108 19677 19677 I app_process: The ClassLoaderContext is a special shared library.
12-19 21:45:23.181 19677 19677 D AndroidRuntime: Calling main entry com.android.commands.input.Input
12-19 21:45:23.185 19677 19677 I Input   : injectKeyEvent: KeyEvent { action=ACTION_DOWN, keyCode=KEYCODE_HOME, scanCode=0, metaState=0, flags=0x0, repeatCount=0, eventTime=9257146796, downTime=9257146796, deviceId=-1, source=0x101 }
12-19 21:45:23.192 19677 19677 I Input   : injectKeyEvent: KeyEvent { action=ACTION_UP, keyCode=KEYCODE_HOME, scanCode=0, metaState=0, flags=0x0, repeatCount=0, eventTime=9257146796, downTime=9257146796, deviceId=-1, source=0x101 }
12-19 21:45:23.199  1456  1941 I ActivityManager: START u0 {act=android.intent.action.MAIN cat=[android.intent.category.HOME] flg=0x10200000 cmp=com.android.launcher3/.CustomizationPanelLauncher (has extras)} from uid 1000
12-19 21:45:23.199   794   839 E ANDR-PERF-RESOURCEQS: Failed to apply optimization [4, 0]
12-19 21:45:23.210  1456  1941 I ActivityManager: moveHomeStack, setupComplete:true
12-19 21:45:23.217 19624 19707 I Adreno  : QUALCOMM build                   : bb5b86c, I77d3059488
12-19 21:45:23.217 19624 19707 I Adreno  : Build Date                       : 06/07/18
12-19 21:45:23.217 19624 19707 I Adreno  : OpenGL ES Shader Compiler Version: EV031.22.00.01_06
12-19 21:45:23.217 19624 19707 I Adreno  : Local Branch                     : 
12-19 21:45:23.217 19624 19707 I Adreno  : Remote Branch                    : refs/tags/AU_LINUX_ANDROID_LA.UM.6.5.R1.08.01.00.312.086
12-19 21:45:23.217 19624 19707 I Adreno  : Remote Branch                    : NONE
12-19 21:45:23.217 19624 19707 I Adreno  : Reconstruct Branch               : NOTHING
12-19 21:45:23.219 19624 19707 D vndksupport: Loading /vendor/lib/hw/gralloc.msm8937.so from current namespace instead of sphal namespace.
12-19 21:45:23.221 19677 19677 D AndroidRuntime: Shutting down VM
12-19 21:45:23.222 19624 19707 I Adreno  : PFP: 0x005ff087, ME: 0x005ff063
12-19 21:45:23.226 19624 19707 I zygote  : android::hardware::configstore::V1_0::ISurfaceFlingerConfigs::hasWideColorDisplay retrieved: 0
12-19 21:45:23.227 19624 19707 I OpenGLRenderer: Initialized EGL, version 1.4
12-19 21:45:23.227 19624 19707 D OpenGLRenderer: Swap behavior 2
12-19 21:45:23.233  2748  2748 D Launcher.Utilities: Wakeup weather: Intent { act=com.motorola.launcher3.action.WAKEUP_WEATHER cmp=com.motorola.timeweatherwidget/com.motorola.commandcenter.weather.WakeUpService }
12-19 21:45:23.247  1456  1456 I NotificationService: Cannot find enqueued record for key: 0|com.motorola.timeweatherwidget|1|null|10116
12-19 21:45:23.253   808   808 D SurfaceFlinger: duplicate layer name: changing com.android.launcher3/com.android.launcher3.CustomizationPanelLauncher to com.android.launcher3/com.android.launcher3.CustomizationPanelLauncher#1
12-19 21:45:23.265 19624 16182 W ThreadPoolDumper: Queue length for executor EventBus is now 11. Perhaps some tasks are too long, or the pool is too small.
12-19 21:45:23.267  1456  1473 I WifiService: getWifiEnabledState uid=10073
12-19 21:45:23.277  1456  2204 I WifiService: getWifiEnabledState uid=10073
12-19 21:45:23.312 19624 19715 I MicroDetectionState: Should stop hotword detection immediately - false
12-19 21:45:23.317 19624 19715 I MicroDetectionWorker: #startMicroDetector [speakerMode: 0]
12-19 21:45:23.318 19624 19715 I AudioController: Created new AudioSource
12-19 21:45:23.328  1456  1673 I LaunchCheckinHandler: Displayed com.android.launcher3/.CustomizationPanelLauncher,wp,wa,129
12-19 21:45:23.330 19624 19715 I MicroDetectionWorker: onReady
12-19 21:45:23.332 19624 15940 I MicroDataManager: isInitializedWithLatestParams-true
12-19 21:45:23.332 19624 15940 I MicroDataManager: isInitializing-false locale not changed-true model not changed-true
12-19 21:45:23.332 19624 15940 I MicroDataManager: Already initialized, obtaining the hotword data immediately.
12-19 21:45:23.337 19624  6003 I MicroRecognitionRunner: Starting detection.
12-19 21:45:23.337 19624  6003 I InputStreamUtils: Using micInputStream
12-19 21:45:23.337 19624 26600 I MicrophoneInputStream: mic_starting  SR : 16000 CC : 16 SO : 1999
12-19 21:45:23.342   788  1479 V msm8974_platform: platform_check_input_mask: enter check_input_mask source 6 mask 10
12-19 21:45:23.345  1012 19694 I AudioFlinger: AudioFlinger's thread 0xb2483340 tid=19694 ready to run
12-19 21:45:23.351   788  1479 D audio_hw_primary: in_set_parameters: enter: kvpairs=input_source=6;routing=-2147483644
12-19 21:45:23.352  1012  1302 D APM_AudioPolicyManager: AudioPolicyManager::startInput() input 37526, session 37561, source = 1999
12-19 21:45:23.352 19624 26600 I MicrophoneInputStream: mic_started  SR : 16000 CC : 16 SO : 1999
12-19 21:45:23.354   788 19695 V msm8974_platform: platform_update_usecase_from_source: input source :6
12-19 21:45:23.354   788 19695 V msm8974_platform: platform_check_input_mask: enter check_input_mask source 6 mask 10
12-19 21:45:23.354   788 19695 V msm8974_platform: platform_get_input_snd_device: enter: out_device(0) in_device(0x4) channel_count (1) channel_mask (0x10)
12-19 21:45:23.354   788 19695 V msm8974_platform: platform_get_input_snd_device: exit: in_snd_device(voice-rec-mic)
12-19 21:45:23.354   788 19695 V msm8974_platform: platform_get_backend_index:napb: backend port - 5 device - 120 
12-19 21:45:23.354   788 19695 V msm8974_platform: platform_check_and_set_capture_backend_cfg:txbecf: afe: bitwidth 0, samplerate 0, channel 1, backend_idx 5 usecase = 9 device (voice-rec-mic)
12-19 21:45:23.354   788 19695 V msm8974_platform: platform_check_capture_backend_cfg:txbecf: afe: Codec selected backend: 5 current bit width: 0 and sample rate: 0, channels 1
12-19 21:45:23.354   788 19695 V msm8974_platform: platform_check_capture_backend_cfg:txbecf: afe: Codec selected backend: 5 updated bit width: 0 and sample rate: 0
12-19 21:45:23.354   788 19695 I msm8974_platform: platform_check_capture_backend_cfg:txbecf: afe: Codec backend needs to be updated. new bit width: 0 new sample rate: 0 new channel: 1
12-19 21:45:23.354   788 19695 V msm8974_platform: platform_get_backend_index:napb: backend port - 5 device - 120 
12-19 21:45:23.354   788 19695 V msm8974_platform: platform_set_backend_cfg:becf: afe: bitwidth 0, samplerate 0 channels 1, backend_idx 5 device (voice-rec-mic)
12-19 21:45:23.354   788 19695 E msm8974_platform: platform_set_backend_cfg:becf: afe: Could not get ctl for mixer command - SLIM_0_TX Format
12-19 21:45:23.354   788 19695 V msm8974_platform: platform_send_audio_calibration: sending audio calibration for snd_device(120) acdb_id(62)
12-19 21:45:23.354   788 19695 D ACDB-LOADER: ACDB -> send_audio_cal, acdb_id = 62, path = 1, app id = 0x11130, sample rate = 48000
12-19 21:45:23.355   788 19695 D ACDB-LOADER: ACDB -> send_asm_topology
12-19 21:45:23.355   788 19695 D ACDB-LOADER: ACDB -> ACDB_CMD_GET_AUDPROC_STREAM_TOPOLOGY_ID
12-19 21:45:23.355   788 19695 D ACDB-LOADER: ACDB -> send_adm_topology
12-19 21:45:23.355   788 19695 D ACDB-LOADER: ACDB -> ACDB_CMD_GET_AUDPROC_COMMON_TOPOLOGY_ID
12-19 21:45:23.355   788 19695 D ACDB-LOADER: ACDB -> send_audtable
12-19 21:45:23.355   788 19695 D ACDB-LOADER: ACDB -> ACDB_CMD_GET_AUDPROC_COMMON_TABLE_SIZE
12-19 21:45:23.355   788 19695 D ACDB-LOADER: ACDB -> ACDB_CMD_GET_AUDPROC_COMMON_TABLE
12-19 21:45:23.355   788 19695 D ACDB-LOADER: ACDB -> AUDIO_SET_AUDPROC_CAL
12-19 21:45:23.355   788 19695 D ACDB-LOADER: ACDB -> send_audvoltable
12-19 21:45:23.355   788 19695 D ACDB-LOADER: ACDB -> ACDB_CMD_GET_AUDPROC_VOL_STEP_TABLE_SIZE
12-19 21:45:23.355   788 19695 D ACDB-LOADER: ACDB -> ACDB_CMD_GET_AUDPROC_GAIN_DEP_STEP_TABLE, vol index 0
12-19 21:45:23.355   788 19695 D         : Failed to fetch the lookup information of the device 0000003E 
12-19 21:45:23.355   788 19695 D ACDB-LOADER: ACDB -> AUDIO_SET_VOL_CAL cal type = 12
12-19 21:45:23.355   788 19695 D ACDB-LOADER: ACDB -> ACDB_CMD_GET_AUDPROC_STREAM_TABLE_SIZE
12-19 21:45:23.355   788 19695 D ACDB-LOADER: ACDB -> send_audstrmtable
12-19 21:45:23.355   788 19695 D ACDB-LOADER: ACDB -> ACDB_CMD_GET_AUDPROC_STREAM_TABLE_V2
12-19 21:45:23.355   788 19695 D ACDB-LOADER: ACDB -> audstrm_cal->cal_type.cal_data.cal_size = 456
12-19 21:45:23.355   788 19695 D ACDB-LOADER: ACDB -> send_afe_topology
12-19 21:45:23.355   788 19695 D ACDB-LOADER: ACDB -> ACDB_CMD_GET_AFE_TOPOLOGY_ID
12-19 21:45:23.355   788 19695 D ACDB-LOADER: ACDB -> GET_AFE_TOPOLOGY_ID for adcd_id 62, Topology Id 112fb
12-19 21:45:23.355   788 19695 D ACDB-LOADER: ACDB -> send_afe_cal
12-19 21:45:23.355   788 19695 D ACDB-LOADER: ACDB -> ACDB_CMD_GET_AFE_COMMON_TABLE_SIZE
12-19 21:45:23.355   788 19695 D         : Failed to fetch the lookup information of the device 0000003E 
12-19 21:45:23.355   788 19695 E ACDB-LOADER: Error: ACDB_CMD_GET_AFE_COMMON_TABLE_SIZE Returned = -19
12-19 21:45:23.355   788 19695 D ACDB-LOADER: ACDB -> ACDB_CMD_GET_AFE_COMMON_TABLE
12-19 21:45:23.355   788 19695 D         : Failed to fetch the lookup information of the device 0000003E 
12-19 21:45:23.356   788 19695 D ACDB-LOADER: ACDB -> AUDIO_SET_AFE_CAL
12-19 21:45:23.356   788 19695 D ACDB-LOADER: ACDB -> send_hw_delay : acdb_id = 62 path = 1
12-19 21:45:23.356   788 19695 D ACDB-LOADER: ACDB -> ACDB_AVSYNC_INFO: ACDB_CMD_GET_DEVICE_PROPERTY
12-19 21:45:23.356   788 19695 D audio_hw_primary: enable_snd_device: snd_device(120: voice-rec-mic)
12-19 21:45:23.356   788 19695 D audio_route: Apply path: voice-rec-mic
12-19 21:45:23.360   788 19695 V msm8974_platform: platform_get_snd_device_backend_index: enter with device 120
12-19 21:45:23.360   788 19695 E msm8974_platform: platform_get_snd_device_backend_index: BE DAI Name Table is not present
12-19 21:45:23.360   788 19695 V msm8974_platform: platform_get_backend_index:napb: backend port - 5 device - 120 
12-19 21:45:23.360   788 19695 I audio_hw_utils: Set Audio Stream Capture 0 App Type Cfg: app_type 69936, acdb_dev_id 62, sample_rate 48000, snd_device_be_idx -14
12-19 21:45:23.361   788 19695 D audio_hw_primary: enable_audio_route: usecase(9) apply and update mixer path: audio-record
12-19 21:45:23.361   788 19695 D audio_route: Apply path: audio-record
12-19 21:45:23.430 19624 19715 I MicroDetectionWorker: onReady
12-19 21:45:23.729  1456  7796 I OpenGLRenderer: Initialized EGL, version 1.4
12-19 21:45:23.729  1456  7796 D OpenGLRenderer: Swap behavior 2
12-19 21:45:23.778  2748  2917 W OpenGLRenderer: Incorrectly called buildLayer on View: ShortcutAndWidgetContainer, destroying layer...
12-19 21:45:23.920 19495 19598 I chatty  : uid=10600(org.mozilla.fenix.performancetest) expire 6 lines
12-19 21:45:23.974 16985 16985 I Finsky  : [2] puo.onTrimMemory(1): Memory trim requested to level 80
12-19 21:45:23.982  1456  2204 D ConnectivityService: requestNetwork for uid/pid:10600/19495 NetworkRequest [ TRACK_DEFAULT id=11585, [ Capabilities: INTERNET&NOT_RESTRICTED&TRUSTED&NOT_VPN] ]
12-19 21:45:23.984  1456  2099 D Ethernet: got request NetworkRequest [ TRACK_DEFAULT id=11585, [ Capabilities: INTERNET&NOT_RESTRICTED&TRUSTED&NOT_VPN] ] with score 60
12-19 21:45:23.984  1456  2054 D WIFI_UT : got request NetworkRequest [ TRACK_DEFAULT id=11585, [ Capabilities: INTERNET&NOT_RESTRICTED&TRUSTED&NOT_VPN] ] with score 60
12-19 21:45:23.984  1456  2054 D WIFI    : got request NetworkRequest [ TRACK_DEFAULT id=11585, [ Capabilities: INTERNET&NOT_RESTRICTED&TRUSTED&NOT_VPN] ] with score 60
12-19 21:45:23.984  2398  2398 D PhoneSwitcherNetworkRequstListener: got request NetworkRequest [ TRACK_DEFAULT id=11585, [ Capabilities: INTERNET&NOT_RESTRICTED&TRUSTED&NOT_VPN] ] with score 60
12-19 21:45:24.007 19495 19697 I chatty  : uid=10600(org.mozilla.fenix.performancetest) expire 9 lines
12-19 21:45:24.495 19495 19516 I chatty  : uid=10600(org.mozilla.fenix.performancetest) expire 1 line
12-19 21:45:24.504  1456  2067 D ConnectivityService: releasing NetworkRequest [ TRACK_DEFAULT id=11585, [ Capabilities: INTERNET&NOT_RESTRICTED&TRUSTED&NOT_VPN] ] (release request)
12-19 21:45:26.280   808   898 I SFPerfTracer:      triggers: (rate: 0:0) (0 sw vsyncs) (0 skipped) (0:1044022 vsyncs) (1:2132824)
12-19 21:45:28.373  1456  5797 I ActivityManager: Force stopping org.mozilla.fenix.performancetest appid=10600 user=0: from pid 19701
12-19 21:45:28.373  1456  5797 I ActivityManager: Killing 19495:org.mozilla.fenix.performancetest/u0a600 (adj 700): stop org.mozilla.fenix.performancetest
12-19 21:45:28.375  1456  1605 W zygote  : kill(-19495, 9) failed: No such process
12-19 21:45:28.376  1456  5797 W ActivityManager: Force removing ActivityRecord{d1f87bf u0 org.mozilla.fenix.performancetest/org.mozilla.fenix.HomeActivity t10880}: app died, no saved state
12-19 21:45:28.384  1456  1605 W zygote  : kill(-19495, 9) failed: No such process
12-19 21:45:28.387  1456  5797 I ActivityManager: Killing 19536:org.mozilla.fenix.performancetest:tab/u0a600 (adj 0): stop org.mozilla.fenix.performancetest
12-19 21:45:28.398  1456  1605 W zygote  : kill(-19495, 9) failed: No such process
12-19 21:45:28.403  2398  2398 D CarrierSvcBindHelper: No carrier app for: 0
12-19 21:45:28.404  2398  2398 D CarrierSvcBindHelper: No carrier app for: 1
12-19 21:45:28.405   808   808 I SFPerfTracer:      triggers: (rate: 49:48992) (compose: 0:5) (post: 0:12) (render: 0:9) (0:1188738 frames) (1:2110541)
12-19 21:45:28.406   808   808 D SFPerfTracer:        layers: (4:12) (NavigationBar#0 (0xb07df000): 0:270765) (StatusBar#0 (0xb07e3000): 0:906275) (com.android.systemui.ImageWallpaper#0 (0xb07e7000): 0:19724) (Sprite#0 (0xb0733000): 0:317)* (DimLayerController/Stack=0#0 (0xb075a000): 0:3501)* (Sprite#1 (0xb077c000): 0:195)* (com.android.launcher3/com.android.launcher3.CustomizationPanelLauncher#0 (0xb0763000): 0:37)- (com.android.launcher3/com.android.launcher3.CustomizationPanelLauncher#1 (0xb0771000): 0:9)- (Splash Screen org.mozilla.fenix.performancetest#0 (0xb0384000): 0:32)- (org.mozilla.fenix.performancetest/org.mozilla.fenix.HomeActivity#0 (0xb039b000): 0:46)- (com.android.launcher3/com.android.launcher3.CustomizationPanelLauncher#0 (0xb0763000): 0:36)* (com.android.launcher3/com.android.launcher3.CustomizationPanelLauncher#1 (0xb0771000): 0:8) 
12-19 21:45:28.411  1456  1605 W zygote  : kill(-19495, 9) failed: No such process
12-19 21:45:28.443  1456  1673 W ActivityManager: setHasOverlayUi called on unknown pid: 19495
12-19 21:45:28.456  1456  1605 W zygote  : kill(-19495, 9) failed: No such process
12-19 21:45:28.456  1456  1605 I zygote  : Successfully killed process cgroup uid 10600 pid 19495 in 81ms
12-19 21:45:28.457  1456  1605 W zygote  : kill(-19536, 9) failed: No such process
12-19 21:45:28.457  1456  1605 I zygote  : Successfully killed process cgroup uid 10600 pid 19536 in 0ms
12-19 21:45:28.493  1456  7570 I ActivityManager: START u0 {act=android.intent.action.MAIN cat=[android.intent.category.LAUNCHER] flg=0x10000000 cmp=org.mozilla.fenix.performancetest/org.mozilla.fenix.HomeActivity} from uid 2000
12-19 21:45:28.494   794   839 E ANDR-PERF-RESOURCEQS: Failed to apply optimization [4, 0]
12-19 21:45:28.513  1456  5050 I ActivityManager: Start proc 19709:org.mozilla.fenix.performancetest/u0a600 for activity org.mozilla.fenix.performancetest/org.mozilla.fenix.HomeActivity
12-19 21:45:28.517 19709 19709 I chatty  : uid=10600(org.mozilla.fenix.performancetest) expire 9 lines
12-19 21:45:28.611 19624 19715 I MicroDetectionState: Should stop hotword detection immediately - false
12-19 21:45:28.611 19624 19715 I MicroDetector: Keeping mic open: false
12-19 21:45:28.611 19624 16753 E DeviceStateChecker: DeviceStateChecker cancelled
12-19 21:45:28.611 19624 19715 I RecognitionAudioControl: #shutdownAudio [requestId: 9069822738336065464, keepAudioOpen: false, forced: true]
12-19 21:45:28.612 19624 19715 I RecognitionAudioControl: #internalShutdownAudio [requestId: 9069822738336065464]
12-19 21:45:28.612 19624 19715 I RecognitionAudioControl: #internalShutdownAudio [keepAudioOpen: false, forced: true]
12-19 21:45:28.612 19624 19715 I RecognitionAudioControl: #actualShutdownAudio
12-19 21:45:28.612 19624 19715 I AudioController: #shutdown [requestId=9069822738336065464]
12-19 21:45:28.612 19624 15940 I AudioController: internalShutdown
12-19 21:45:28.612 19624 16164 I MicroRecognitionRunner: Stopping hotword detection.
12-19 21:45:28.675   788  1479 D audio_hw_primary: disable_audio_route: usecase(9) reset and update mixer path: audio-record
12-19 21:45:28.677   788  1479 D audio_hw_primary: disable_snd_device: snd_device(120: voice-rec-mic)
12-19 21:45:28.679  1012  1302 D APM_AudioPolicyManager: stopInput() input 37526, session 37561
12-19 21:45:28.680   788   788 D audio_hw_primary: in_set_parameters: enter: kvpairs=routing=0
12-19 21:45:28.682 19624 15940 I MicrophoneInputStream: mic_close  SR : 16000 CC : 16 SO : 1999
12-19 21:45:28.683 19624 15940 E AudioSource: Stop listening is called on already closed AudioSource
12-19 21:45:28.684 19624  6003 I MicroRecognitionRunner: Detection finished
12-19 21:45:28.751 19709 19732 I chatty  : uid=10600(org.mozilla.fenix.performancetest) expire 13 lines
12-19 21:45:28.967 19709 19746 I chatty  : uid=10600(org.mozilla.fenix.performancetest) expire 38 lines
12-19 21:45:29.062 19709 19709 I chatty  : uid=10600(org.mozilla.fenix.performancetest) expire 59 lines
12-19 21:45:29.102 19709 19761 I chatty  : uid=10600(org.mozilla.fenix.performancetest) expire 10 lines
12-19 21:45:29.108  1456  5050 I ActivityManager: Start proc 19762:org.mozilla.fenix.performancetest:tab/u0a600 for service org.mozilla.fenix.performancetest/org.mozilla.gecko.process.GeckoServiceChildProcess$tab
12-19 21:45:29.113 19762 19762 I chatty  : uid=10600(org.mozilla.fenix.performancetest) expire 3 lines
12-19 21:45:29.277 19762 19786 I chatty  : uid=10600(org.mozilla.fenix.performancetest) expire 1 line
12-19 21:45:29.414 19624 19634 I zygote  : Background concurrent copying GC freed 348133(16MB) AllocSpace objects, 21(6MB) LOS objects, 33% free, 47MB/71MB, paused 399us total 790.244ms
12-19 21:45:29.416 19709 19718 I chatty  : uid=10600(org.mozilla.fenix.performancetest) expire 11 lines
12-19 21:45:29.794 19709 19815 I chatty  : uid=10600(org.mozilla.fenix.performancetest) expire 5 lines
12-19 21:45:30.084  1456  1466 I zygote  : Background concurrent copying GC freed 51055(2MB) AllocSpace objects, 24(800KB) LOS objects, 42% free, 29MB/50MB, paused 167us total 302.548ms
12-19 21:45:30.249  1456  2916 I WifiService: getDhcpInfo uid=10600
12-19 21:45:30.860 19709 19861 I chatty  : uid=10600(org.mozilla.fenix.performancetest) expire 2 lines
12-19 21:45:31.252  1456  1673 I LaunchCheckinHandler: Displayed org.mozilla.fenix.performancetest/org.mozilla.fenix.HomeActivity,cp,ca,2751
12-19 21:45:31.252  1456  1673 I ActivityManager: Displayed org.mozilla.fenix.performancetest/org.mozilla.fenix.HomeActivity: +2s746ms
12-19 21:45:31.311 19709 19883 I chatty  : uid=10600(org.mozilla.fenix.performancetest) expire 4 lines
12-19 21:45:31.369 19624 19624 I MemoryTrimmer: Trimming objects from memory, since app is in the background.
12-19 21:45:31.374 16985 16985 I Finsky  : [2] puo.onTrimMemory(1): Memory trim requested to level 80
12-19 21:45:31.376 19624 19624 I MemoryTrimmer: Trimming objects from memory, since app is in the background.
12-19 21:45:31.378 19624 26600 I PBSessionCacheImpl: Deleted sessionId[86308841256998499] from persistence.
12-19 21:45:31.383  1456  7570 I WifiService: getWifiEnabledState uid=10073
12-19 21:45:31.386 19624 19715 W SearchServiceCore: Abort, client detached.
12-19 21:45:31.422 19709 19755 I chatty  : uid=10600(org.mozilla.fenix.performancetest) expire 1 line
12-19 21:45:34.154 19888 19888 D AndroidRuntime: >>>>>> START com.android.internal.os.RuntimeInit uid 2000 <<<<<<
12-19 21:45:34.167 19888 19888 W app_process: Could not reserve sentinel fault page
12-19 21:45:34.333 19888 19888 I app_process: The ClassLoaderContext is a special shared library.
12-19 21:45:34.401 19888 19888 D AndroidRuntime: Calling main entry com.android.commands.input.Input
12-19 21:45:34.407 19888 19888 I Input   : injectKeyEvent: KeyEvent { action=ACTION_DOWN, keyCode=KEYCODE_HOME, scanCode=0, metaState=0, flags=0x0, repeatCount=0, eventTime=9257158021, downTime=9257158021, deviceId=-1, source=0x101 }
