--------- beginning of main
12-16 22:20:42.048 20313 20313 I Finsky  : [2] tsn.a(14): Throttling wakeup for job 9006 (expected to run in 0 ms) due to recent wakeup
12-16 22:20:42.049 20313 20313 I Finsky  : [2] tsn.a(30): Scheduling job Id: 9006, L: 30000, D: 86383791, C: true, I: true, N: 2
12-16 22:20:42.051 20313 20313 I Finsky  : [2] tsn.a(14): Throttling wakeup for job 9007 (expected to run in 12806 ms) due to recent wakeup
12-16 22:20:42.052 20313 20313 I Finsky  : [2] tsn.a(30): Scheduling job Id: 9007, L: 30000, D: 42806, C: false, I: false, N: 0
12-16 22:20:42.056  1456  1605 W zygote  : kill(-20294, 9) failed: No such process
12-16 22:20:42.078  1456  1605 W zygote  : kill(-20294, 9) failed: No such process
12-16 22:20:42.079 19624 19715 I MicroDetectionWorker: onReady
12-16 22:20:42.095  1456  1605 W zygote  : kill(-20294, 9) failed: No such process
12-16 22:20:42.113  1456  1605 I chatty  : uid=1000(system) ActivityManager identical 4 lines
--------- beginning of system
12-16 22:20:42.123  1456  2402 D ConnectivityService: ConnectivityService NetworkRequestInfo binderDied(NetworkRequest [ TRACK_DEFAULT id=10548, [ Capabilities: INTERNET&NOT_RESTRICTED&TRUSTED&NOT_VPN] ], android.os.BinderProxy@3b36cfc)
12-16 22:20:42.123  1456  2067 D ConnectivityService: releasing NetworkRequest [ TRACK_DEFAULT id=10548, [ Capabilities: INTERNET&NOT_RESTRICTED&TRUSTED&NOT_VPN] ] (release request)
12-16 22:20:42.127  1456  1605 W zygote  : kill(-20294, 9) failed: No such process
12-16 22:20:42.127  1456  1605 I zygote  : Successfully killed process cgroup uid 10030 pid 20294 in 115ms
12-16 22:20:42.127  1456  1605 W zygote  : kill(-20213, 9) failed: No such process
12-16 22:20:42.127  1456  1605 I zygote  : Successfully killed process cgroup uid 10027 pid 20213 in 0ms
12-16 22:20:42.128  1456  1605 W zygote  : kill(-21435, 9) failed: No such process
12-16 22:20:42.128  1456  1605 I zygote  : Successfully killed process cgroup uid 10116 pid 21435 in 0ms
12-16 22:20:42.128  1456  1605 W zygote  : kill(-9094, 9) failed: No such process
12-16 22:20:42.128  1456  1605 I zygote  : Successfully killed process cgroup uid 10036 pid 9094 in 0ms
12-16 22:20:42.128  1456  1605 W zygote  : kill(-20335, 9) failed: No such process
12-16 22:20:42.128  1456  1605 I zygote  : Successfully killed process cgroup uid 10090 pid 20335 in 0ms
12-16 22:20:42.129  1456  1605 W zygote  : kill(-29695, 9) failed: No such process
12-16 22:20:42.129  1456  1605 I zygote  : Successfully killed process cgroup uid 10108 pid 29695 in 0ms
12-16 22:20:42.129  1456  1605 W zygote  : kill(-20607, 9) failed: No such process
12-16 22:20:42.129  1456  1605 I zygote  : Successfully killed process cgroup uid 10044 pid 20607 in 0ms
12-16 22:20:42.129  1456  1605 W zygote  : kill(-20228, 9) failed: No such process
12-16 22:20:42.129  1456  1605 I zygote  : Successfully killed process cgroup uid 1000 pid 20228 in 0ms
12-16 22:20:42.130  1456  1605 W zygote  : kill(-20244, 9) failed: No such process
12-16 22:20:42.130  1456  1605 I zygote  : Successfully killed process cgroup uid 10085 pid 20244 in 0ms
12-16 22:20:42.130  1456  1605 W zygote  : kill(-10332, 9) failed: No such process
12-16 22:20:42.130  1456  1605 I zygote  : Successfully killed process cgroup uid 10018 pid 10332 in 0ms
12-16 22:20:42.130  1456  1605 W zygote  : kill(-20186, 9) failed: No such process
12-16 22:20:42.130  1456  1605 I zygote  : Successfully killed process cgroup uid 10041 pid 20186 in 0ms
12-16 22:20:42.130  1456  1605 W zygote  : kill(-20497, 9) failed: No such process
12-16 22:20:42.131  1456  1605 I zygote  : Successfully killed process cgroup uid 10031 pid 20497 in 0ms
12-16 22:20:42.131  1456  1605 W zygote  : kill(-29739, 9) failed: No such process
12-16 22:20:42.131  1456  1605 I zygote  : Successfully killed process cgroup uid 10036 pid 29739 in 0ms
12-16 22:20:42.286  1456  5031 I ActivityManager: START u0 {act=android.intent.action.MAIN cat=[android.intent.category.LAUNCHER] flg=0x10000000 cmp=org.mozilla.fenix.performancetest/org.mozilla.fenix.HomeActivity} from uid 2000
12-16 22:20:42.287   794   839 E ANDR-PERF-RESOURCEQS: Failed to apply optimization [4, 0]
12-16 22:20:42.306  1456  2402 I ActivityManager: Start proc 20849:org.mozilla.fenix.performancetest/u0a581 for activity org.mozilla.fenix.performancetest/org.mozilla.fenix.HomeActivity
12-16 22:20:42.310 20849 20849 I chatty  : uid=10581(org.mozilla.fenix.performancetest) expire 67 lines
12-16 22:20:42.326   808   808 I SFPerfTracer:      triggers: (rate: 48:47290) (compose: 0:5) (post: 0:12) (render: 0:9) (25:1119545 frames) (26:2002238)
12-16 22:20:42.327   808   808 D SFPerfTracer:        layers: (4:13) (NavigationBar#0 (0xb07df000): 14:254912) (StatusBar#0 (0xb07e3000): 11:871299) (com.android.systemui.ImageWallpaper#0 (0xb07e7000): 1:18093) (Sprite#0 (0xb0733000): 0:317)* (DimLayerController/Stack=0#0 (0xb075a000): 0:3458)* (Sprite#1 (0xb077c000): 0:195)* (org.mozilla.fenix.performancetest/org.mozilla.fenix.HomeActivity#0 (0xb029f000): 0:62)- (com.android.launcher3/com.android.launcher3.CustomizationPanelLauncher#0 (0xb0763000): 0:41)- (com.android.launcher3/com.android.launcher3.CustomizationPanelLauncher#1 (0xb0771000): 0:11)- (Splash Screen org.mozilla.fenix.performancetest#0 (0xb0384000): 0:31)- (org.mozilla.fenix.performancetest/org.mozilla.fenix.HomeActivity#0 (0xb028e000): 0:28)- (com.android.launcher3/com.android.launcher3.CustomizationPanelLauncher#0 (0xb0763000): 26:31)* (com.android.launcher3/com.android.launcher3.CustomizationPanelLauncher#1 (0xb0771000): 2:5) 
12-16 22:20:42.343  2748  2917 W OpenGLRenderer: Incorrectly called buildLayer on View: ShortcutAndWidgetContainer, destroying layer...
12-16 22:20:42.410 19624 19715 I MicroDetectionState: Should stop hotword detection immediately - false
12-16 22:20:42.411 19624 19715 I MicroDetector: Keeping mic open: false
12-16 22:20:42.411 19624 19715 I RecognitionAudioControl: #shutdownAudio [requestId: -2041105999851982302, keepAudioOpen: false, forced: true]
12-16 22:20:42.411 19624 10831 E DeviceStateChecker: DeviceStateChecker cancelled
12-16 22:20:42.411 19624 19715 I RecognitionAudioControl: #internalShutdownAudio [requestId: -2041105999851982302]
12-16 22:20:42.411 19624 19715 I RecognitionAudioControl: #internalShutdownAudio [keepAudioOpen: false, forced: true]
12-16 22:20:42.411 19624 19715 I RecognitionAudioControl: #actualShutdownAudio
12-16 22:20:42.411 19624 19715 I AudioController: #shutdown [requestId=-2041105999851982302]
12-16 22:20:42.412 19624 20797 I AudioController: internalShutdown
12-16 22:20:42.412 19624 10257 I MicroRecognitionRunner: Stopping hotword detection.
12-16 22:20:42.461   788   788 D audio_hw_primary: disable_audio_route: usecase(9) reset and update mixer path: audio-record
12-16 22:20:42.462   788   788 D audio_hw_primary: disable_snd_device: snd_device(120: voice-rec-mic)
12-16 22:20:42.464  1012  8317 D APM_AudioPolicyManager: stopInput() input 31590, session 31625
12-16 22:20:42.464   788   788 D audio_hw_primary: in_set_parameters: enter: kvpairs=routing=0
12-16 22:20:42.466 19624 20797 I MicrophoneInputStream: mic_close  SR : 16000 CC : 16 SO : 1999
12-16 22:20:42.466 19624 20797 E AudioSource: Stop listening is called on already closed AudioSource
12-16 22:20:42.468 19624 10275 I MicroRecognitionRunner: Detection finished
12-16 22:20:42.553 20849 20866 I chatty  : uid=10581(org.mozilla.fenix.performancetest) expire 14 lines
12-16 22:20:42.766 20849 20878 I chatty  : uid=10581(org.mozilla.fenix.performancetest) expire 42 lines
12-16 22:20:42.791   808   898 I SFPerfTracer:      triggers: (rate: 0:0) (0 sw vsyncs) (0 skipped) (62:974201 vsyncs) (64:2022711)
12-16 22:20:42.905  1456  5031 I ActivityManager: Start proc 20887:org.mozilla.fenix.performancetest:tab/u0a581 for service org.mozilla.fenix.performancetest/org.mozilla.gecko.process.GeckoServiceChildProcess$tab
12-16 22:20:42.907 20887 20887 I chatty  : uid=10581(org.mozilla.fenix.performancetest) expire 3 lines
12-16 22:20:42.912 20849 20893 I chatty  : uid=10581(org.mozilla.fenix.performancetest) expire 10 lines
12-16 22:20:42.919  1456  1601 I ActivityManager: Start proc 20894:com.motorola.timeweatherwidget/u0a116 for service com.motorola.timeweatherwidget/com.motorola.commandcenter.WidgetService
12-16 22:20:42.962 20894 20894 I zygote  : The ClassLoaderContext is a special shared library.
12-16 22:20:42.967 20894 20894 I zygote  : The ClassLoaderContext is a special shared library.
12-16 22:20:42.986 20894 20894 D CmdCenter: - --->: 2017 WidgetApplication onCreate
12-16 22:20:43.009 20894 20894 I WeatherApp: Creating weather service
12-16 22:20:43.022 20894 20894 I WeatherApp: onStartCommand action: com.motorola.commandcenter.weather.action.START_WEATHER_SERVICE
12-16 22:20:43.022 20894 20928 I WeatherApp: is force update = false
12-16 22:20:43.024 20894 20894 I WeatherApp: onStartCommand action: com.motorola.commandcenter.weather.action.START_WEATHER_SERVICE
12-16 22:20:43.025 20894 20928 I WeatherApp: Current Location is OFF.
12-16 22:20:43.025 20894 20928 I WeatherApp: is force update = false
12-16 22:20:43.032 20894 20928 I WeatherApp: No top city.
12-16 22:20:43.034 20894 20928 I WeatherApp: is force update = false
12-16 22:20:43.034 20894 20928 I WeatherApp: Current Location is OFF.
12-16 22:20:43.034 20894 20928 I WeatherApp: is force update = false
12-16 22:20:43.036 20894 20928 I WeatherApp: No top city.
12-16 22:20:43.053  1456  1471 I ActivityManager: Start proc 20933:com.android.providers.calendar/u0a16 for content provider com.android.providers.calendar/.CalendarProvider2
12-16 22:20:43.086 20887 20947 I chatty  : uid=10581(org.mozilla.fenix.performancetest) expire 1 line
12-16 22:20:43.088 20933 20933 I zygote  : The ClassLoaderContext is a special shared library.
12-16 22:20:43.090 20933 20933 I chatty  : uid=10016(com.android.providers.calendar) identical 1 line
12-16 22:20:43.092 20933 20933 I zygote  : The ClassLoaderContext is a special shared library.
12-16 22:20:43.118 20933 20933 I CalendarProvider2: Created com.android.providers.calendar.CalendarAlarmManager@6e6d45e(com.android.providers.calendar.CalendarProvider2@3b1403f)
12-16 22:20:43.121  1456  1471 W Binder  : Outgoing transactions from this process must be FLAG_ONEWAY
12-16 22:20:43.121  1456  1471 W Binder  : java.lang.Throwable
12-16 22:20:43.121  1456  1471 W Binder  : 	at android.os.BinderProxy.transact(Binder.java:752)
12-16 22:20:43.121  1456  1471 W Binder  : 	at android.content.ContentProviderProxy.getType(ContentProviderNative.java:451)
12-16 22:20:43.121  1456  1471 W Binder  : 	at com.android.server.am.ActivityManagerService.getProviderMimeType(ActivityManagerService.java:12677)
12-16 22:20:43.121  1456  1471 W Binder  : 	at android.app.IActivityManager$Stub.onTransact(IActivityManager.java:1800)
12-16 22:20:43.121  1456  1471 W Binder  : 	at com.android.server.am.ActivityManagerService.onTransact(ActivityManagerService.java:3169)
12-16 22:20:43.121  1456  1471 W Binder  : 	at android.os.Binder.execTransact(Binder.java:697)
12-16 22:20:43.229 20849 20854 I chatty  : uid=10581(org.mozilla.fenix.performancetest) expire 8 lines
12-16 22:20:43.600 20849 20978 I chatty  : uid=10581(org.mozilla.fenix.performancetest) expire 5 lines
12-16 22:20:43.767 20849 20989 I chatty  : uid=10581(org.mozilla.fenix.performancetest) expire 9 lines
12-16 22:20:43.834  1456  1471 D ConnectivityService: requestNetwork for uid/pid:10581/20849 NetworkRequest [ TRACK_DEFAULT id=10753, [ Capabilities: INTERNET&NOT_RESTRICTED&TRUSTED&NOT_VPN] ]
12-16 22:20:43.836  1456  2099 D Ethernet: got request NetworkRequest [ TRACK_DEFAULT id=10753, [ Capabilities: INTERNET&NOT_RESTRICTED&TRUSTED&NOT_VPN] ] with score 60
12-16 22:20:43.836  1456  2054 D WIFI_UT : got request NetworkRequest [ TRACK_DEFAULT id=10753, [ Capabilities: INTERNET&NOT_RESTRICTED&TRUSTED&NOT_VPN] ] with score 60
12-16 22:20:43.836  1456  2054 D WIFI    : got request NetworkRequest [ TRACK_DEFAULT id=10753, [ Capabilities: INTERNET&NOT_RESTRICTED&TRUSTED&NOT_VPN] ] with score 60
12-16 22:20:43.837  2398  2398 D PhoneSwitcherNetworkRequstListener: got request NetworkRequest [ TRACK_DEFAULT id=10753, [ Capabilities: INTERNET&NOT_RESTRICTED&TRUSTED&NOT_VPN] ] with score 60
12-16 22:20:44.082  1456  1471 I WifiService: getDhcpInfo uid=10581
12-16 22:20:44.612 20849 21007 I chatty  : uid=10581(org.mozilla.fenix.performancetest) expire 2 lines
12-16 22:20:44.632 20849 21013 I chatty  : uid=10581(org.mozilla.fenix.performancetest) expire 5 lines
12-16 22:20:44.884  1456  1673 I LaunchCheckinHandler: Displayed org.mozilla.fenix.performancetest/org.mozilla.fenix.HomeActivity,cp,ca,2590
12-16 22:20:44.885  1456  1673 I ActivityManager: Displayed org.mozilla.fenix.performancetest/org.mozilla.fenix.HomeActivity: +2s583ms
12-16 22:20:44.929 20849 21033 I chatty  : uid=10581(org.mozilla.fenix.performancetest) expire 4 lines
12-16 22:20:44.950 19624 19624 I MemoryTrimmer: Trimming objects from memory, since app is in the background.
12-16 22:20:44.962 19624 19624 I MemoryTrimmer: Trimming objects from memory, since app is in the background.
12-16 22:20:44.980 19624 10281 I PBSessionCacheImpl: Deleted sessionId[86308841256994087] from persistence.
12-16 22:20:44.997  1456  6339 I WifiService: getWifiEnabledState uid=10073
12-16 22:20:44.999 19624 19715 W SearchServiceCore: Abort, client detached.
12-16 22:20:45.013 20849 20883 I chatty  : uid=10581(org.mozilla.fenix.performancetest) expire 2 lines
12-16 22:20:45.093  1456  2067 D ConnectivityService: releasing NetworkRequest [ TRACK_DEFAULT id=10753, [ Capabilities: INTERNET&NOT_RESTRICTED&TRUSTED&NOT_VPN] ] (release request)
12-16 22:20:46.818  1456  1600 W ResourceType: No known package when getting value for resource number 0x7f080196
12-16 22:20:46.818  1456  1600 W ResourceType: No known package when getting value for resource number 0x7f1200fd
12-16 22:20:46.818  1456  1600 W ResourceType: No known package when getting value for resource number 0x7f1200fd
12-16 22:20:46.819  2360  2360 D MayaFrameworkProxyService: receive intent :Intent { act=android.intent.action.PACKAGE_CHANGED dat=package:org.mozilla.fenix.performancetest flg=0x45000010 (has extras) }
12-16 22:20:46.821  1456  1600 W ResourceType: No known package when getting value for resource number 0x7f080194
12-16 22:20:46.821  1456  1600 W ResourceType: No known package when getting value for resource number 0x7f1200fb
12-16 22:20:46.821  1456  1600 W ResourceType: No known package when getting value for resource number 0x7f1200fb
12-16 22:20:46.822  1456  1942 I InputReader: Reconfiguring input devices.  changes=0x00000010
12-16 22:20:46.834  1456  1600 W SearchableInfo: Invalid searchable metadata for com.google.android.gms/.nearby.sharing.ContactSelectActivity: Search label must be a resource reference.
12-16 22:20:46.862  1456  1456 I TelecomService: DefaultDialerCache: Refreshing default dialer for user 0: now com.android.dialer: DDC.oR@Zkc
12-16 22:20:46.876  2398  2398 D CarrierSvcBindHelper: No carrier app for: 0
12-16 22:20:46.877  2398  2398 D CarrierSvcBindHelper: No carrier app for: 1
12-16 22:20:46.884  2398  2398 E VvmPkgInstalledRcvr: cannot create TelephonyManager from ComponentInfo{com.android.phone/com.android.services.telephony.TelephonyConnectionService}, [****], UserHandle{0}
12-16 22:20:46.884  2398  2398 D ImsResolver: maybeAddedImsService, packageName: org.mozilla.fenix.performancetest
12-16 22:20:47.051 20319  9277 I Icing   : Indexing com.google.android.gms-internal.3p:MobileApplication from com.google.android.gms using seqno 2511
12-16 22:20:47.058 20319  9277 I Icing   : Indexing com.google.android.gms-internal.3p:MobileApplication from com.google.android.gms using seqno 2511
12-16 22:20:47.218  1456  1466 I zygote  : Background concurrent copying GC freed 66299(4MB) AllocSpace objects, 36(1488KB) LOS objects, 42% free, 29MB/51MB, paused 338us total 317.221ms
12-16 22:20:47.917 21061 21061 D AndroidRuntime: >>>>>> START com.android.internal.os.RuntimeInit uid 2000 <<<<<<
12-16 22:20:47.930 21061 21061 W app_process: Could not reserve sentinel fault page
12-16 22:20:48.052 20319  9277 I Icing   : Indexing com.google.android.gms-apps from com.google.android.gms
12-16 22:20:48.105 21061 21061 I app_process: The ClassLoaderContext is a special shared library.
12-16 22:20:48.153 20319  9277 I Icing   : Indexing done com.google.android.gms-apps
12-16 22:20:48.173 21061 21061 D AndroidRuntime: Calling main entry com.android.commands.input.Input
12-16 22:20:48.175 21061 21061 I Input   : injectKeyEvent: KeyEvent { action=ACTION_DOWN, keyCode=KEYCODE_HOME, scanCode=0, metaState=0, flags=0x0, repeatCount=0, eventTime=9000071788, downTime=9000071788, deviceId=-1, source=0x101 }
12-16 22:20:48.180 21061 21061 I Input   : injectKeyEvent: KeyEvent { action=ACTION_UP, keyCode=KEYCODE_HOME, scanCode=0, metaState=0, flags=0x0, repeatCount=0, eventTime=9000071788, downTime=9000071788, deviceId=-1, source=0x101 }
12-16 22:20:48.186  1456  1941 I ActivityManager: START u0 {act=android.intent.action.MAIN cat=[android.intent.category.HOME] flg=0x10200000 cmp=com.android.launcher3/.CustomizationPanelLauncher (has extras)} from uid 1000
12-16 22:20:48.187   794   839 E ANDR-PERF-RESOURCEQS: Failed to apply optimization [4, 0]
12-16 22:20:48.198  1456  1941 I ActivityManager: moveHomeStack, setupComplete:true
12-16 22:20:48.201 21061 21061 D AndroidRuntime: Shutting down VM
12-16 22:20:48.212 19624 19707 I Adreno  : QUALCOMM build                   : bb5b86c, I77d3059488
12-16 22:20:48.212 19624 19707 I Adreno  : Build Date                       : 06/07/18
12-16 22:20:48.212 19624 19707 I Adreno  : OpenGL ES Shader Compiler Version: EV031.22.00.01_06
12-16 22:20:48.212 19624 19707 I Adreno  : Local Branch                     : 
12-16 22:20:48.212 19624 19707 I Adreno  : Remote Branch                    : refs/tags/AU_LINUX_ANDROID_LA.UM.6.5.R1.08.01.00.312.086
12-16 22:20:48.212 19624 19707 I Adreno  : Remote Branch                    : NONE
12-16 22:20:48.212 19624 19707 I Adreno  : Reconstruct Branch               : NOTHING
12-16 22:20:48.216 19624 19707 D vndksupport: Loading /vendor/lib/hw/gralloc.msm8937.so from current namespace instead of sphal namespace.
12-16 22:20:48.219 19624 19707 I Adreno  : PFP: 0x005ff087, ME: 0x005ff063
12-16 22:20:48.224 19624 19707 I zygote  : android::hardware::configstore::V1_0::ISurfaceFlingerConfigs::hasWideColorDisplay retrieved: 0
12-16 22:20:48.225 19624 19707 I OpenGLRenderer: Initialized EGL, version 1.4
12-16 22:20:48.225 20313 20313 I Finsky  : [2] puo.onTrimMemory(1): Memory trim requested to level 80
12-16 22:20:48.225 19624 19707 D OpenGLRenderer: Swap behavior 2
12-16 22:20:48.227  2748  2748 D Launcher.Utilities: Wakeup weather: Intent { act=com.motorola.launcher3.action.WAKEUP_WEATHER cmp=com.motorola.timeweatherwidget/com.motorola.commandcenter.weather.WakeUpService }
12-16 22:20:48.247   808   808 D SurfaceFlinger: duplicate layer name: changing com.android.launcher3/com.android.launcher3.CustomizationPanelLauncher to com.android.launcher3/com.android.launcher3.CustomizationPanelLauncher#1
12-16 22:20:48.247  1456  1456 I NotificationService: Cannot find enqueued record for key: 0|com.motorola.timeweatherwidget|1|null|10116
12-16 22:20:48.255 19624 10831 W ThreadPoolDumper: Queue length for executor EventBus is now 11. Perhaps some tasks are too long, or the pool is too small.
12-16 22:20:48.258  1456  5027 I WifiService: getWifiEnabledState uid=10073
12-16 22:20:48.267  1456  2918 I WifiService: getWifiEnabledState uid=10073
12-16 22:20:48.299 19624 19715 I MicroDetectionState: Should stop hotword detection immediately - false
12-16 22:20:48.303 19624 19715 I MicroDetectionWorker: #startMicroDetector [speakerMode: 0]
12-16 22:20:48.305 19624 19715 I AudioController: Created new AudioSource
12-16 22:20:48.332  1456  1673 I LaunchCheckinHandler: Displayed com.android.launcher3/.CustomizationPanelLauncher,wp,wa,145
12-16 22:20:48.332 19624 19715 I MicroDetectionWorker: onReady
12-16 22:20:48.333 19624 20798 I MicroDataManager: isInitializedWithLatestParams-true
12-16 22:20:48.333 19624 20798 I MicroDataManager: isInitializing-false locale not changed-true model not changed-true
12-16 22:20:48.333 19624 20798 I MicroDataManager: Already initialized, obtaining the hotword data immediately.
12-16 22:20:48.337 19624  6360 I MicroRecognitionRunner: Starting detection.
12-16 22:20:48.338 19624  6360 I InputStreamUtils: Using micInputStream
12-16 22:20:48.338 19624 10281 I MicrophoneInputStream: mic_starting  SR : 16000 CC : 16 SO : 1999
12-16 22:20:48.345   788   788 V msm8974_platform: platform_check_input_mask: enter check_input_mask source 6 mask 10
12-16 22:20:48.348  1012 21078 I AudioFlinger: AudioFlinger's thread 0xb2483880 tid=21078 ready to run
12-16 22:20:48.353   788   788 D audio_hw_primary: in_set_parameters: enter: kvpairs=input_source=6;routing=-2147483644
12-16 22:20:48.354  1012  1390 D APM_AudioPolicyManager: AudioPolicyManager::startInput() input 31598, session 31633, source = 1999
12-16 22:20:48.355 19624 10281 I MicrophoneInputStream: mic_started  SR : 16000 CC : 16 SO : 1999
12-16 22:20:48.356   788 21079 V msm8974_platform: platform_update_usecase_from_source: input source :6
12-16 22:20:48.356   788 21079 V msm8974_platform: platform_check_input_mask: enter check_input_mask source 6 mask 10
12-16 22:20:48.356   788 21079 V msm8974_platform: platform_get_input_snd_device: enter: out_device(0) in_device(0x4) channel_count (1) channel_mask (0x10)
12-16 22:20:48.356   788 21079 V msm8974_platform: platform_get_input_snd_device: exit: in_snd_device(voice-rec-mic)
12-16 22:20:48.356   788 21079 V msm8974_platform: platform_get_backend_index:napb: backend port - 5 device - 120 
12-16 22:20:48.356   788 21079 V msm8974_platform: platform_check_and_set_capture_backend_cfg:txbecf: afe: bitwidth 0, samplerate 0, channel 1, backend_idx 5 usecase = 9 device (voice-rec-mic)
12-16 22:20:48.356   788 21079 V msm8974_platform: platform_check_capture_backend_cfg:txbecf: afe: Codec selected backend: 5 current bit width: 0 and sample rate: 0, channels 1
12-16 22:20:48.356   788 21079 V msm8974_platform: platform_check_capture_backend_cfg:txbecf: afe: Codec selected backend: 5 updated bit width: 0 and sample rate: 0
12-16 22:20:48.356   788 21079 I msm8974_platform: platform_check_capture_backend_cfg:txbecf: afe: Codec backend needs to be updated. new bit width: 0 new sample rate: 0 new channel: 1
12-16 22:20:48.356   788 21079 V msm8974_platform: platform_get_backend_index:napb: backend port - 5 device - 120 
12-16 22:20:48.356   788 21079 V msm8974_platform: platform_set_backend_cfg:becf: afe: bitwidth 0, samplerate 0 channels 1, backend_idx 5 device (voice-rec-mic)
12-16 22:20:48.359   788 21079 E msm8974_platform: platform_set_backend_cfg:becf: afe: Could not get ctl for mixer command - SLIM_0_TX Format
12-16 22:20:48.359   788 21079 V msm8974_platform: platform_send_audio_calibration: sending audio calibration for snd_device(120) acdb_id(62)
12-16 22:20:48.359   788 21079 D ACDB-LOADER: ACDB -> send_audio_cal, acdb_id = 62, path = 1, app id = 0x11130, sample rate = 48000
12-16 22:20:48.359   788 21079 D ACDB-LOADER: ACDB -> send_asm_topology
12-16 22:20:48.359   788 21079 D ACDB-LOADER: ACDB -> ACDB_CMD_GET_AUDPROC_STREAM_TOPOLOGY_ID
12-16 22:20:48.359   788 21079 D ACDB-LOADER: ACDB -> send_adm_topology
12-16 22:20:48.359   788 21079 D ACDB-LOADER: ACDB -> ACDB_CMD_GET_AUDPROC_COMMON_TOPOLOGY_ID
12-16 22:20:48.359   788 21079 D ACDB-LOADER: ACDB -> send_audtable
12-16 22:20:48.359   788 21079 D ACDB-LOADER: ACDB -> ACDB_CMD_GET_AUDPROC_COMMON_TABLE_SIZE
12-16 22:20:48.359   788 21079 D ACDB-LOADER: ACDB -> ACDB_CMD_GET_AUDPROC_COMMON_TABLE
12-16 22:20:48.359   788 21079 D ACDB-LOADER: ACDB -> AUDIO_SET_AUDPROC_CAL
12-16 22:20:48.359   788 21079 D ACDB-LOADER: ACDB -> send_audvoltable
12-16 22:20:48.359   788 21079 D ACDB-LOADER: ACDB -> ACDB_CMD_GET_AUDPROC_VOL_STEP_TABLE_SIZE
12-16 22:20:48.359   788 21079 D ACDB-LOADER: ACDB -> ACDB_CMD_GET_AUDPROC_GAIN_DEP_STEP_TABLE, vol index 0
12-16 22:20:48.359   788 21079 D         : Failed to fetch the lookup information of the device 0000003E 
12-16 22:20:48.359   788 21079 D ACDB-LOADER: ACDB -> AUDIO_SET_VOL_CAL cal type = 12
12-16 22:20:48.359   788 21079 D ACDB-LOADER: ACDB -> ACDB_CMD_GET_AUDPROC_STREAM_TABLE_SIZE
12-16 22:20:48.359   788 21079 D ACDB-LOADER: ACDB -> send_audstrmtable
12-16 22:20:48.359   788 21079 D ACDB-LOADER: ACDB -> ACDB_CMD_GET_AUDPROC_STREAM_TABLE_V2
12-16 22:20:48.360   788 21079 D ACDB-LOADER: ACDB -> audstrm_cal->cal_type.cal_data.cal_size = 456
12-16 22:20:48.360   788 21079 D ACDB-LOADER: ACDB -> send_afe_topology
12-16 22:20:48.360   788 21079 D ACDB-LOADER: ACDB -> ACDB_CMD_GET_AFE_TOPOLOGY_ID
12-16 22:20:48.360   788 21079 D ACDB-LOADER: ACDB -> GET_AFE_TOPOLOGY_ID for adcd_id 62, Topology Id 112fb
12-16 22:20:48.360   788 21079 D ACDB-LOADER: ACDB -> send_afe_cal
12-16 22:20:48.360   788 21079 D ACDB-LOADER: ACDB -> ACDB_CMD_GET_AFE_COMMON_TABLE_SIZE
12-16 22:20:48.360   788 21079 D         : Failed to fetch the lookup information of the device 0000003E 
12-16 22:20:48.360   788 21079 E ACDB-LOADER: Error: ACDB_CMD_GET_AFE_COMMON_TABLE_SIZE Returned = -19
12-16 22:20:48.360   788 21079 D ACDB-LOADER: ACDB -> ACDB_CMD_GET_AFE_COMMON_TABLE
12-16 22:20:48.360   788 21079 D         : Failed to fetch the lookup information of the device 0000003E 
12-16 22:20:48.360   788 21079 D ACDB-LOADER: ACDB -> AUDIO_SET_AFE_CAL
12-16 22:20:48.360   788 21079 D ACDB-LOADER: ACDB -> send_hw_delay : acdb_id = 62 path = 1
12-16 22:20:48.360   788 21079 D ACDB-LOADER: ACDB -> ACDB_AVSYNC_INFO: ACDB_CMD_GET_DEVICE_PROPERTY
12-16 22:20:48.361   788 21079 D audio_hw_primary: enable_snd_device: snd_device(120: voice-rec-mic)
12-16 22:20:48.361   788 21079 D audio_route: Apply path: voice-rec-mic
12-16 22:20:48.363   788 21079 V msm8974_platform: platform_get_snd_device_backend_index: enter with device 120
12-16 22:20:48.363   788 21079 E msm8974_platform: platform_get_snd_device_backend_index: BE DAI Name Table is not present
12-16 22:20:48.364   788 21079 V msm8974_platform: platform_get_backend_index:napb: backend port - 5 device - 120 
12-16 22:20:48.364   788 21079 I audio_hw_utils: Set Audio Stream Capture 0 App Type Cfg: app_type 69936, acdb_dev_id 62, sample_rate 48000, snd_device_be_idx -14
12-16 22:20:48.364   788 21079 D audio_hw_primary: enable_audio_route: usecase(9) apply and update mixer path: audio-record
12-16 22:20:48.364   788 21079 D audio_route: Apply path: audio-record
12-16 22:20:48.434 19624 19715 I MicroDetectionWorker: onReady
12-16 22:20:48.456  2146  2165 I zygote  : NativeAlloc concurrent copying GC freed 14659(875KB) AllocSpace objects, 0(0B) LOS objects, 49% free, 6MB/13MB, paused 218us total 107.383ms
12-16 22:20:48.505  1456  1893 D BatteryService: uevent={POWER_SUPPLY_VOLTAGE_NOW=4383977, POWER_SUPPLY_CHARGE_RATE=Normal, POWER_SUPPLY_HEALTH=Good, POWER_SUPPLY_CURRENT_NOW=-144805, POWER_SUPPLY_PRESENT=1, SUBSYSTEM=power_supply, POWER_SUPPLY_TEMP=327, SEQNUM=238486, ACTION=change, POWER_SUPPLY_NAME=battery, POWER_SUPPLY_STATUS=Charging, POWER_SUPPLY_CHARGE_COUNTER=2822786, POWER_SUPPLY_CAPACITY=100, DEVPATH=/devices/soc/qpnp-smbcharger-17/power_supply/battery}
12-16 22:20:48.512  2398  2398 D QtiCarrierConfigHelper: WARNING, no carrier configs on phone Id: 0
12-16 22:20:48.726  1456  7796 I OpenGLRenderer: Initialized EGL, version 1.4
12-16 22:20:48.727  1456  7796 D OpenGLRenderer: Swap behavior 2
12-16 22:20:48.790  2748  2917 W OpenGLRenderer: Incorrectly called buildLayer on View: ShortcutAndWidgetContainer, destroying layer...
12-16 22:20:48.976  1456  5031 D ConnectivityService: requestNetwork for uid/pid:10581/20849 NetworkRequest [ TRACK_DEFAULT id=10754, [ Capabilities: INTERNET&NOT_RESTRICTED&TRUSTED&NOT_VPN] ]
12-16 22:20:48.977  1456  2099 D Ethernet: got request NetworkRequest [ TRACK_DEFAULT id=10754, [ Capabilities: INTERNET&NOT_RESTRICTED&TRUSTED&NOT_VPN] ] with score 60
12-16 22:20:48.978  1456  2054 D WIFI_UT : got request NetworkRequest [ TRACK_DEFAULT id=10754, [ Capabilities: INTERNET&NOT_RESTRICTED&TRUSTED&NOT_VPN] ] with score 60
12-16 22:20:48.978  1456  2054 D WIFI    : got request NetworkRequest [ TRACK_DEFAULT id=10754, [ Capabilities: INTERNET&NOT_RESTRICTED&TRUSTED&NOT_VPN] ] with score 60
12-16 22:20:48.979  2398  2398 D PhoneSwitcherNetworkRequstListener: got request NetworkRequest [ TRACK_DEFAULT id=10754, [ Capabilities: INTERNET&NOT_RESTRICTED&TRUSTED&NOT_VPN] ] with score 60
12-16 22:20:49.028 20849 21081 I chatty  : uid=10581(org.mozilla.fenix.performancetest) expire 9 lines
12-16 22:20:49.478 20849 20869 I chatty  : uid=10581(org.mozilla.fenix.performancetest) expire 1 line
12-16 22:20:49.487  1456  2067 D ConnectivityService: releasing NetworkRequest [ TRACK_DEFAULT id=10754, [ Capabilities: INTERNET&NOT_RESTRICTED&TRUSTED&NOT_VPN] ] (release request)
12-16 22:20:53.365  1456  2918 I ActivityManager: Force stopping org.mozilla.fenix.performancetest appid=10581 user=0: from pid 21086
12-16 22:20:53.366  1456  2918 I ActivityManager: Killing 20849:org.mozilla.fenix.performancetest/u0a581 (adj 700): stop org.mozilla.fenix.performancetest
12-16 22:20:53.368  1456  1605 W zygote  : kill(-20849, 9) failed: No such process
12-16 22:20:53.369  1456  2918 W ActivityManager: Force removing ActivityRecord{ff5460b u0 org.mozilla.fenix.performancetest/org.mozilla.fenix.HomeActivity t10139}: app died, no saved state
12-16 22:20:53.378  1456  2918 I ActivityManager: Killing 20887:org.mozilla.fenix.performancetest:tab/u0a581 (adj 0): stop org.mozilla.fenix.performancetest
12-16 22:20:53.385  1456  1605 W zygote  : kill(-20849, 9) failed: No such process
12-16 22:20:53.390  2398  2398 D CarrierSvcBindHelper: No carrier app for: 0
12-16 22:20:53.390  2398  2398 D CarrierSvcBindHelper: No carrier app for: 1
12-16 22:20:53.400  1456  1605 W zygote  : kill(-20849, 9) failed: No such process
12-16 22:20:53.448  1456  1673 W ActivityManager: setHasOverlayUi called on unknown pid: 20849
12-16 22:20:53.460  1456  1605 W zygote  : kill(-20849, 9) failed: No such process
12-16 22:20:53.460  1456  1605 I zygote  : Successfully killed process cgroup uid 10581 pid 20849 in 92ms
12-16 22:20:53.460  1456  1605 W zygote  : kill(-20887, 9) failed: No such process
12-16 22:20:53.460  1456  1605 I zygote  : Successfully killed process cgroup uid 10581 pid 20887 in 0ms
12-16 22:20:53.491  1456  5031 I ActivityManager: START u0 {act=android.intent.action.MAIN cat=[android.intent.category.LAUNCHER] flg=0x10000000 cmp=org.mozilla.fenix.performancetest/org.mozilla.fenix.HomeActivity} from uid 2000
12-16 22:20:53.492   794   839 E ANDR-PERF-RESOURCEQS: Failed to apply optimization [4, 0]
12-16 22:20:53.514  1456  2204 I ActivityManager: Start proc 21093:org.mozilla.fenix.performancetest/u0a581 for activity org.mozilla.fenix.performancetest/org.mozilla.fenix.HomeActivity
12-16 22:20:53.519 21093 21093 I chatty  : uid=10581(org.mozilla.fenix.performancetest) expire 27 lines
12-16 22:20:53.612 19624 19715 I MicroDetectionState: Should stop hotword detection immediately - false
12-16 22:20:53.612 19624 19715 I MicroDetector: Keeping mic open: false
12-16 22:20:53.612 19624 10831 E DeviceStateChecker: DeviceStateChecker cancelled
12-16 22:20:53.612 19624 19715 I RecognitionAudioControl: #shutdownAudio [requestId: 7484381763340182377, keepAudioOpen: false, forced: true]
12-16 22:20:53.613 19624 19715 I RecognitionAudioControl: #internalShutdownAudio [requestId: 7484381763340182377]
12-16 22:20:53.613 19624 19715 I RecognitionAudioControl: #internalShutdownAudio [keepAudioOpen: false, forced: true]
12-16 22:20:53.613 19624 19715 I RecognitionAudioControl: #actualShutdownAudio
12-16 22:20:53.613 19624 19715 I AudioController: #shutdown [requestId=7484381763340182377]
12-16 22:20:53.613 19624 20798 I AudioController: internalShutdown
12-16 22:20:53.614 19624 20452 I MicroRecognitionRunner: Stopping hotword detection.
12-16 22:20:53.639   808   808 I SFPerfTracer:      triggers: (rate: 48:47290) (compose: 0:5) (post: 0:12) (render: 0:9) (0:1119614 frames) (1:2002338)
12-16 22:20:53.639   808   808 D SFPerfTracer:        layers: (2:13) (NavigationBar#0 (0xb07df000): 0:254933) (StatusBar#0 (0xb07e3000): 0:871323) (com.android.systemui.ImageWallpaper#0 (0xb07e7000): 1:18096)* (Sprite#0 (0xb0733000): 0:317)* (DimLayerController/Stack=0#0 (0xb075a000): 0:3458)* (Sprite#1 (0xb077c000): 0:195)* (com.android.launcher3/com.android.launcher3.CustomizationPanelLauncher#0 (0xb0763000): 0:38)- (com.android.launcher3/com.android.launcher3.CustomizationPanelLauncher#1 (0xb0771000): 0:7)- (Splash Screen org.mozilla.fenix.performancetest#0 (0xb0384000): 0:32)- (org.mozilla.fenix.performancetest/org.mozilla.fenix.HomeActivity#0 (0xb028e000): 0:45)- (com.android.launcher3/com.android.launcher3.CustomizationPanelLauncher#0 (0xb0763000): 1:38)* (com.android.launcher3/com.android.launcher3.CustomizationPanelLauncher#1 (0xb0771000): 1:11)* (Splash Screen org.mozilla.fenix.performancetest#0 (0xb0384000): 1:3)* 
12-16 22:20:53.675   788   788 D audio_hw_primary: disable_audio_route: usecase(9) reset and update mixer path: audio-record
12-16 22:20:53.676   788   788 D audio_hw_primary: disable_snd_device: snd_device(120: voice-rec-mic)
12-16 22:20:53.678  1012  1302 D APM_AudioPolicyManager: stopInput() input 31598, session 31633
12-16 22:20:53.679   788  1401 D audio_hw_primary: in_set_parameters: enter: kvpairs=routing=0
12-16 22:20:53.680 19624 20798 I MicrophoneInputStream: mic_close  SR : 16000 CC : 16 SO : 1999
12-16 22:20:53.681 19624 20798 E AudioSource: Stop listening is called on already closed AudioSource
12-16 22:20:53.682 19624  6360 I MicroRecognitionRunner: Detection finished
12-16 22:20:53.750 21093 21110 I chatty  : uid=10581(org.mozilla.fenix.performancetest) expire 13 lines
12-16 22:20:53.973 21093 21124 I chatty  : uid=10581(org.mozilla.fenix.performancetest) expire 18 lines
12-16 22:20:54.114 21093 21133 I chatty  : uid=10581(org.mozilla.fenix.performancetest) expire 9 lines
12-16 22:20:54.114  1456  2916 I ActivityManager: Start proc 21131:org.mozilla.fenix.performancetest:tab/u0a581 for service org.mozilla.fenix.performancetest/org.mozilla.gecko.process.GeckoServiceChildProcess$tab
12-16 22:20:54.118 21131 21131 I chatty  : uid=10581(org.mozilla.fenix.performancetest) expire 2 lines
12-16 22:20:54.288 21131 21156 I chatty  : uid=10581(org.mozilla.fenix.performancetest) expire 1 line
12-16 22:20:54.412 21093 21098 I chatty  : uid=10581(org.mozilla.fenix.performancetest) expire 8 lines
12-16 22:20:54.518 21093 21124 I chatty  : uid=10581(org.mozilla.fenix.performancetest) expire 20 lines
12-16 22:20:54.681 21093 21093 I chatty  : uid=10581(org.mozilla.fenix.performancetest) expire 40 lines
12-16 22:20:54.729 21093 21133 I chatty  : uid=10581(org.mozilla.fenix.performancetest) expire 1 line
12-16 22:20:54.785 21093 21184 I chatty  : uid=10581(org.mozilla.fenix.performancetest) expire 5 lines
12-16 22:20:55.237  1456  7570 I WifiService: getDhcpInfo uid=10581
12-16 22:20:55.857 21093 21216 I chatty  : uid=10581(org.mozilla.fenix.performancetest) expire 2 lines
12-16 22:20:56.013  1456  1673 I LaunchCheckinHandler: Displayed org.mozilla.fenix.performancetest/org.mozilla.fenix.HomeActivity,cp,ca,2514
12-16 22:20:56.014  1456  1673 I ActivityManager: Displayed org.mozilla.fenix.performancetest/org.mozilla.fenix.HomeActivity: +2s505ms
12-16 22:20:56.060 21093 21239 I chatty  : uid=10581(org.mozilla.fenix.performancetest) expire 4 lines
12-16 22:20:56.076 19624 19624 I MemoryTrimmer: Trimming objects from memory, since app is in the background.
12-16 22:20:56.085 19624 19624 I MemoryTrimmer: Trimming objects from memory, since app is in the background.
12-16 22:20:56.087 19624 10281 I PBSessionCacheImpl: Deleted sessionId[86308841256994090] from persistence.
12-16 22:20:56.092  1456  7570 I WifiService: getWifiEnabledState uid=10073
12-16 22:20:56.099 19624 19715 W SearchServiceCore: Abort, client detached.
12-16 22:20:56.172 21093 21113 I chatty  : uid=10581(org.mozilla.fenix.performancetest) expire 1 line
12-16 22:20:56.392   808   898 I SFPerfTracer:      triggers: (rate: 0:0) (0 sw vsyncs) (0 skipped) (17:974296 vsyncs) (19:2022829)
12-16 22:20:59.145 21246 21246 D AndroidRuntime: >>>>>> START com.android.internal.os.RuntimeInit uid 2000 <<<<<<
12-16 22:20:59.158 21246 21246 W app_process: Could not reserve sentinel fault page
12-16 22:20:59.324 21246 21246 I app_process: The ClassLoaderContext is a special shared library.
12-16 22:20:59.392 21246 21246 D AndroidRuntime: Calling main entry com.android.commands.input.Input
12-16 22:20:59.396 21246 21246 I Input   : injectKeyEvent: KeyEvent { action=ACTION_DOWN, keyCode=KEYCODE_HOME, scanCode=0, metaState=0, flags=0x0, repeatCount=0, eventTime=9000083006, downTime=9000083006, deviceId=-1, source=0x101 }
12-16 22:20:59.408 21246 21246 I Input   : injectKeyEvent: KeyEvent { action=ACTION_UP, keyCode=KEYCODE_HOME, scanCode=0, metaState=0, flags=0x0, repeatCount=0, eventTime=9000083006, downTime=9000083006, deviceId=-1, source=0x101 }
12-16 22:20:59.414  1456  1941 I ActivityManager: START u0 {act=android.intent.action.MAIN cat=[android.intent.category.HOME] flg=0x10200000 cmp=com.android.launcher3/.CustomizationPanelLauncher (has extras)} from uid 1000
12-16 22:20:59.415   794   839 E ANDR-PERF-RESOURCEQS: Failed to apply optimization [4, 0]
12-16 22:20:59.425  1456  1941 I ActivityManager: moveHomeStack, setupComplete:true
12-16 22:20:59.429 21246 21246 D AndroidRuntime: Shutting down VM
12-16 22:20:59.436 19624 19707 I Adreno  : QUALCOMM build                   : bb5b86c, I77d3059488
12-16 22:20:59.436 19624 19707 I Adreno  : Build Date                       : 06/07/18
12-16 22:20:59.436 19624 19707 I Adreno  : OpenGL ES Shader Compiler Version: EV031.22.00.01_06
12-16 22:20:59.436 19624 19707 I Adreno  : Local Branch                     : 
12-16 22:20:59.436 19624 19707 I Adreno  : Remote Branch                    : refs/tags/AU_LINUX_ANDROID_LA.UM.6.5.R1.08.01.00.312.086
12-16 22:20:59.436 19624 19707 I Adreno  : Remote Branch                    : NONE
12-16 22:20:59.436 19624 19707 I Adreno  : Reconstruct Branch               : NOTHING
12-16 22:20:59.439 19624 19707 D vndksupport: Loading /vendor/lib/hw/gralloc.msm8937.so from current namespace instead of sphal namespace.
12-16 22:20:59.442 19624 19707 I Adreno  : PFP: 0x005ff087, ME: 0x005ff063
12-16 22:20:59.446 19624 19707 I zygote  : android::hardware::configstore::V1_0::ISurfaceFlingerConfigs::hasWideColorDisplay retrieved: 0
12-16 22:20:59.447 19624 19707 I OpenGLRenderer: Initialized EGL, version 1.4
12-16 22:20:59.448 19624 19707 D OpenGLRenderer: Swap behavior 2
12-16 22:20:59.448 20313 20313 I Finsky  : [2] puo.onTrimMemory(1): Memory trim requested to level 80
12-16 22:20:59.449  2748  2748 D Launcher.Utilities: Wakeup weather: Intent { act=com.motorola.launcher3.action.WAKEUP_WEATHER cmp=com.motorola.timeweatherwidget/com.motorola.commandcenter.weather.WakeUpService }
12-16 22:20:59.466  1456  1456 I NotificationService: Cannot find enqueued record for key: 0|com.motorola.timeweatherwidget|1|null|10116
12-16 22:20:59.472   808   808 D SurfaceFlinger: duplicate layer name: changing com.android.launcher3/com.android.launcher3.CustomizationPanelLauncher to com.android.launcher3/com.android.launcher3.CustomizationPanelLauncher#1
12-16 22:20:59.479 19624 10831 W ThreadPoolDumper: Queue length for executor EventBus is now 11. Perhaps some tasks are too long, or the pool is too small.
12-16 22:20:59.482  1456  2916 I WifiService: getWifiEnabledState uid=10073
12-16 22:20:59.493  1456  3927 I WifiService: getWifiEnabledState uid=10073
12-16 22:20:59.532 19624 19715 I MicroDetectionState: Should stop hotword detection immediately - false
12-16 22:20:59.537 19624 19715 I MicroDetectionWorker: #startMicroDetector [speakerMode: 0]
12-16 22:20:59.540 19624 19715 I AudioController: Created new AudioSource
12-16 22:20:59.544  1456  1673 I LaunchCheckinHandler: Displayed com.android.launcher3/.CustomizationPanelLauncher,wp,wa,130
12-16 22:20:59.546 19624 19715 I MicroDetectionWorker: onReady
12-16 22:20:59.546 19624 20798 I MicroDataManager: isInitializedWithLatestParams-true
12-16 22:20:59.546 19624 20798 I MicroDataManager: isInitializing-false locale not changed-true model not changed-true
12-16 22:20:59.547 19624 20798 I MicroDataManager: Already initialized, obtaining the hotword data immediately.
12-16 22:20:59.551 19624 10275 I MicroRecognitionRunner: Starting detection.
12-16 22:20:59.552 19624 10275 I InputStreamUtils: Using micInputStream
12-16 22:20:59.552 19624 10281 I MicrophoneInputStream: mic_starting  SR : 16000 CC : 16 SO : 1999
12-16 22:20:59.559   788  1401 V msm8974_platform: platform_check_input_mask: enter check_input_mask source 6 mask 10
12-16 22:20:59.561  1012 21260 I AudioFlinger: AudioFlinger's thread 0xb2483e40 tid=21260 ready to run
12-16 22:20:59.566   788  1401 D audio_hw_primary: in_set_parameters: enter: kvpairs=input_source=6;routing=-2147483644
12-16 22:20:59.568  1012 19368 D APM_AudioPolicyManager: AudioPolicyManager::startInput() input 31606, session 31641, source = 1999
12-16 22:20:59.569 19624 10281 I MicrophoneInputStream: mic_started  SR : 16000 CC : 16 SO : 1999
12-16 22:20:59.570   788 21261 V msm8974_platform: platform_update_usecase_from_source: input source :6
12-16 22:20:59.571   788 21261 V msm8974_platform: platform_check_input_mask: enter check_input_mask source 6 mask 10
12-16 22:20:59.571   788 21261 V msm8974_platform: platform_get_input_snd_device: enter: out_device(0) in_device(0x4) channel_count (1) channel_mask (0x10)
12-16 22:20:59.571   788 21261 V msm8974_platform: platform_get_input_snd_device: exit: in_snd_device(voice-rec-mic)
12-16 22:20:59.571   788 21261 V msm8974_platform: platform_get_backend_index:napb: backend port - 5 device - 120 
12-16 22:20:59.571   788 21261 V msm8974_platform: platform_check_and_set_capture_backend_cfg:txbecf: afe: bitwidth 0, samplerate 0, channel 1, backend_idx 5 usecase = 9 device (voice-rec-mic)
12-16 22:20:59.571   788 21261 V msm8974_platform: platform_check_capture_backend_cfg:txbecf: afe: Codec selected backend: 5 current bit width: 0 and sample rate: 0, channels 1
12-16 22:20:59.571   788 21261 V msm8974_platform: platform_check_capture_backend_cfg:txbecf: afe: Codec selected backend: 5 updated bit width: 0 and sample rate: 0
12-16 22:20:59.571   788 21261 I msm8974_platform: platform_check_capture_backend_cfg:txbecf: afe: Codec backend needs to be updated. new bit width: 0 new sample rate: 0 new channel: 1
12-16 22:20:59.571   788 21261 V msm8974_platform: platform_get_backend_index:napb: backend port - 5 device - 120 
12-16 22:20:59.571   788 21261 V msm8974_platform: platform_set_backend_cfg:becf: afe: bitwidth 0, samplerate 0 channels 1, backend_idx 5 device (voice-rec-mic)
12-16 22:20:59.571   788 21261 E msm8974_platform: platform_set_backend_cfg:becf: afe: Could not get ctl for mixer command - SLIM_0_TX Format
12-16 22:20:59.571   788 21261 V msm8974_platform: platform_send_audio_calibration: sending audio calibration for snd_device(120) acdb_id(62)
12-16 22:20:59.571   788 21261 D ACDB-LOADER: ACDB -> send_audio_cal, acdb_id = 62, path = 1, app id = 0x11130, sample rate = 48000
12-16 22:20:59.571   788 21261 D ACDB-LOADER: ACDB -> send_asm_topology
12-16 22:20:59.571   788 21261 D ACDB-LOADER: ACDB -> ACDB_CMD_GET_AUDPROC_STREAM_TOPOLOGY_ID
12-16 22:20:59.572   788 21261 D ACDB-LOADER: ACDB -> send_adm_topology
12-16 22:20:59.572   788 21261 D ACDB-LOADER: ACDB -> ACDB_CMD_GET_AUDPROC_COMMON_TOPOLOGY_ID
12-16 22:20:59.572   788 21261 D ACDB-LOADER: ACDB -> send_audtable
12-16 22:20:59.572   788 21261 D ACDB-LOADER: ACDB -> ACDB_CMD_GET_AUDPROC_COMMON_TABLE_SIZE
12-16 22:20:59.572   788 21261 D ACDB-LOADER: ACDB -> ACDB_CMD_GET_AUDPROC_COMMON_TABLE
12-16 22:20:59.572   788 21261 D ACDB-LOADER: ACDB -> AUDIO_SET_AUDPROC_CAL
12-16 22:20:59.572   788 21261 D ACDB-LOADER: ACDB -> send_audvoltable
12-16 22:20:59.572   788 21261 D ACDB-LOADER: ACDB -> ACDB_CMD_GET_AUDPROC_VOL_STEP_TABLE_SIZE
12-16 22:20:59.572   788 21261 D ACDB-LOADER: ACDB -> ACDB_CMD_GET_AUDPROC_GAIN_DEP_STEP_TABLE, vol index 0
12-16 22:20:59.572   788 21261 D         : Failed to fetch the lookup information of the device 0000003E 
12-16 22:20:59.572   788 21261 D ACDB-LOADER: ACDB -> AUDIO_SET_VOL_CAL cal type = 12
12-16 22:20:59.572   788 21261 D ACDB-LOADER: ACDB -> ACDB_CMD_GET_AUDPROC_STREAM_TABLE_SIZE
12-16 22:20:59.572   788 21261 D ACDB-LOADER: ACDB -> send_audstrmtable
12-16 22:20:59.572   788 21261 D ACDB-LOADER: ACDB -> ACDB_CMD_GET_AUDPROC_STREAM_TABLE_V2
12-16 22:20:59.572   788 21261 D ACDB-LOADER: ACDB -> audstrm_cal->cal_type.cal_data.cal_size = 456
12-16 22:20:59.572   788 21261 D ACDB-LOADER: ACDB -> send_afe_topology
12-16 22:20:59.572   788 21261 D ACDB-LOADER: ACDB -> ACDB_CMD_GET_AFE_TOPOLOGY_ID
12-16 22:20:59.572   788 21261 D ACDB-LOADER: ACDB -> GET_AFE_TOPOLOGY_ID for adcd_id 62, Topology Id 112fb
12-16 22:20:59.572   788 21261 D ACDB-LOADER: ACDB -> send_afe_cal
12-16 22:20:59.572   788 21261 D ACDB-LOADER: ACDB -> ACDB_CMD_GET_AFE_COMMON_TABLE_SIZE
12-16 22:20:59.572   788 21261 D         : Failed to fetch the lookup information of the device 0000003E 
12-16 22:20:59.572   788 21261 E ACDB-LOADER: Error: ACDB_CMD_GET_AFE_COMMON_TABLE_SIZE Returned = -19
12-16 22:20:59.572   788 21261 D ACDB-LOADER: ACDB -> ACDB_CMD_GET_AFE_COMMON_TABLE
12-16 22:20:59.572   788 21261 D         : Failed to fetch the lookup information of the device 0000003E 
12-16 22:20:59.572   788 21261 D ACDB-LOADER: ACDB -> AUDIO_SET_AFE_CAL
12-16 22:20:59.573   788 21261 D ACDB-LOADER: ACDB -> send_hw_delay : acdb_id = 62 path = 1
12-16 22:20:59.573   788 21261 D ACDB-LOADER: ACDB -> ACDB_AVSYNC_INFO: ACDB_CMD_GET_DEVICE_PROPERTY
12-16 22:20:59.573   788 21261 D audio_hw_primary: enable_snd_device: snd_device(120: voice-rec-mic)
12-16 22:20:59.573   788 21261 D audio_route: Apply path: voice-rec-mic
12-16 22:20:59.575   788 21261 V msm8974_platform: platform_get_snd_device_backend_index: enter with device 120
12-16 22:20:59.575   788 21261 E msm8974_platform: platform_get_snd_device_backend_index: BE DAI Name Table is not present
12-16 22:20:59.575   788 21261 V msm8974_platform: platform_get_backend_index:napb: backend port - 5 device - 120 
12-16 22:20:59.575   788 21261 I audio_hw_utils: Set Audio Stream Capture 0 App Type Cfg: app_type 69936, acdb_dev_id 62, sample_rate 48000, snd_device_be_idx -14
12-16 22:20:59.575   788 21261 D audio_hw_primary: enable_audio_route: usecase(9) apply and update mixer path: audio-record
12-16 22:20:59.575   788 21261 D audio_route: Apply path: audio-record
12-16 22:20:59.644 19624 19715 I MicroDetectionWorker: onReady
12-16 22:20:59.938  1456  7796 I OpenGLRenderer: Initialized EGL, version 1.4
12-16 22:20:59.938  1456  7796 D OpenGLRenderer: Swap behavior 2
12-16 22:21:00.003  2748  2917 W OpenGLRenderer: Incorrectly called buildLayer on View: ShortcutAndWidgetContainer, destroying layer...
12-16 22:21:00.128 21093 21110 I chatty  : uid=10581(org.mozilla.fenix.performancetest) expire 1 line
12-16 22:21:00.136 21093 21198 I chatty  : uid=10581(org.mozilla.fenix.performancetest) expire 6 lines
12-16 22:21:00.201  1456  3927 D ConnectivityService: requestNetwork for uid/pid:10581/21093 NetworkRequest [ TRACK_DEFAULT id=10755, [ Capabilities: INTERNET&NOT_RESTRICTED&TRUSTED&NOT_VPN] ]
12-16 22:21:00.203  1456  2099 D Ethernet: got request NetworkRequest [ TRACK_DEFAULT id=10755, [ Capabilities: INTERNET&NOT_RESTRICTED&TRUSTED&NOT_VPN] ] with score 60
12-16 22:21:00.203  1456  2054 D WIFI_UT : got request NetworkRequest [ TRACK_DEFAULT id=10755, [ Capabilities: INTERNET&NOT_RESTRICTED&TRUSTED&NOT_VPN] ] with score 60
12-16 22:21:00.203  1456  2054 D WIFI    : got request NetworkRequest [ TRACK_DEFAULT id=10755, [ Capabilities: INTERNET&NOT_RESTRICTED&TRUSTED&NOT_VPN] ] with score 60
12-16 22:21:00.204  2398  2398 D PhoneSwitcherNetworkRequstListener: got request NetworkRequest [ TRACK_DEFAULT id=10755, [ Capabilities: INTERNET&NOT_RESTRICTED&TRUSTED&NOT_VPN] ] with score 60
12-16 22:21:00.228  1456  1466 I zygote  : NativeAlloc concurrent copying GC freed 39840(2MB) AllocSpace objects, 16(512KB) LOS objects, 42% free, 29MB/51MB, paused 263us total 290.512ms
12-16 22:21:00.229 21093 21262 I chatty  : uid=10581(org.mozilla.fenix.performancetest) expire 9 lines
12-16 22:21:00.750 21093 21115 I chatty  : uid=10581(org.mozilla.fenix.performancetest) expire 1 line
12-16 22:21:00.759  1456  2067 D ConnectivityService: releasing NetworkRequest [ TRACK_DEFAULT id=10755, [ Capabilities: INTERNET&NOT_RESTRICTED&TRUSTED&NOT_VPN] ] (release request)
12-16 22:21:02.916  1456  1601 I ActivityManager: Start proc 21264:com.google.android.ims/u0a18 for service com.google.android.ims/.services.RcsService
12-16 22:21:03.087 21264 21264 I CarrierServices: [2] cne.<init>: Initializing SimStateTracker with multi-sim support
12-16 22:21:03.089 21264 21264 I CarrierServices: [2] cnl.<init>: Initializing SimStateTracker for single-sim device
12-16 22:21:03.090 21264 21264 I CarrierServices: [2] bsr.b: Reinitialize CSLib Flags: com.google.android.ims.library
12-16 22:21:03.168 21264 21264 I CarrierServices: [2] CarrierServicesReleaseApp.a: Initializing CarrierServices application.
12-16 22:21:03.169 21264 21264 I CarrierServices: [2] awu.a: Initializing VoiceLibrary.
12-16 22:21:03.170 21264 21264 I CarrierServices: [2] auv.a: Initializing Carrier Services Library.
12-16 22:21:03.171 21264 21264 I CarrierServices: [2] bsr.b: Reinitialize CSLib Flags: com.google.android.ims.library
