12-21 22:04:30.077   788 29859 D audio_hw_primary: enable_audio_route: usecase(9) apply and update mixer path: audio-record
12-21 22:04:30.077   788 29859 D audio_route: Apply path: audio-record
12-21 22:04:30.147 19624 19715 I MicroDetectionWorker: onReady
12-21 22:04:30.460  1456  7796 I OpenGLRenderer: Initialized EGL, version 1.4
12-21 22:04:30.460  1456  7796 D OpenGLRenderer: Swap behavior 2
12-21 22:04:30.492  2748  2917 W OpenGLRenderer: Incorrectly called buildLayer on View: ShortcutAndWidgetContainer, destroying layer...
12-21 22:04:30.628 29636 29708 I chatty  : uid=10611(org.mozilla.fenix.performancetest) expire 6 lines
12-21 22:04:30.696  1456  5050 D ConnectivityService: requestNetwork for uid/pid:10611/29636 NetworkRequest [ TRACK_DEFAULT id=12369, [ Capabilities: INTERNET&NOT_RESTRICTED&TRUSTED&NOT_VPN] ]
12-21 22:04:30.697  1456  2099 D Ethernet: got request NetworkRequest [ TRACK_DEFAULT id=12369, [ Capabilities: INTERNET&NOT_RESTRICTED&TRUSTED&NOT_VPN] ] with score 60
12-21 22:04:30.698  1456  2054 D WIFI_UT : got request NetworkRequest [ TRACK_DEFAULT id=12369, [ Capabilities: INTERNET&NOT_RESTRICTED&TRUSTED&NOT_VPN] ] with score 60
12-21 22:04:30.698  1456  2054 D WIFI    : got request NetworkRequest [ TRACK_DEFAULT id=12369, [ Capabilities: INTERNET&NOT_RESTRICTED&TRUSTED&NOT_VPN] ] with score 60
12-21 22:04:30.698  2398  2398 D PhoneSwitcherNetworkRequstListener: got request NetworkRequest [ TRACK_DEFAULT id=12369, [ Capabilities: INTERNET&NOT_RESTRICTED&TRUSTED&NOT_VPN] ] with score 60
12-21 22:04:30.723 29636 29861 I chatty  : uid=10611(org.mozilla.fenix.performancetest) expire 9 lines
12-21 22:04:31.249 29636 29658 I chatty  : uid=10611(org.mozilla.fenix.performancetest) expire 1 line
12-21 22:04:31.258  1456  2067 D ConnectivityService: releasing NetworkRequest [ TRACK_DEFAULT id=12369, [ Capabilities: INTERNET&NOT_RESTRICTED&TRUSTED&NOT_VPN] ] (release request)
12-21 22:04:35.084  1456  5050 I ActivityManager: Force stopping org.mozilla.fenix.performancetest appid=10611 user=0: from pid 29866
12-21 22:04:35.084  1456  5050 I ActivityManager: Killing 29636:org.mozilla.fenix.performancetest/u0a611 (adj 700): stop org.mozilla.fenix.performancetest
12-21 22:04:35.087  1456  1605 W zygote  : kill(-29636, 9) failed: No such process
12-21 22:04:35.087  1456  5050 W ActivityManager: Force removing ActivityRecord{3223d29 u0 org.mozilla.fenix.performancetest/org.mozilla.fenix.HomeActivity t11591}: app died, no saved state
12-21 22:04:35.088 29675 29675 I chatty  : uid=10611(org.mozilla.fenix.performancetest) expire 1 line
12-21 22:04:35.097  1456  5050 I ActivityManager: Killing 29675:org.mozilla.fenix.performancetest:tab/u0a611 (adj 0): stop org.mozilla.fenix.performancetest
12-21 22:04:35.100  1456  1605 W zygote  : kill(-29636, 9) failed: No such process
12-21 22:04:35.105 26068 26068 I AppBase : onTrimMemory(): 15
12-21 22:04:35.106 26068 26068 I GoogleInputMethodService: onTrimMemory(): 15
12-21 22:04:35.114  2398  2398 D CarrierSvcBindHelper: No carrier app for: 0
12-21 22:04:35.114  1456  1605 W zygote  : kill(-29636, 9) failed: No such process
12-21 22:04:35.114  2398  2398 D CarrierSvcBindHelper: No carrier app for: 1
12-21 22:04:35.134  1456  1605 W zygote  : kill(-29636, 9) failed: No such process
12-21 22:04:35.179  1456  1673 W ActivityManager: setHasOverlayUi called on unknown pid: 29636
12-21 22:04:35.188  1456  1605 I chatty  : uid=1000(system) ActivityManager identical 4 lines
12-21 22:04:35.200  1456  1605 W zygote  : kill(-29636, 9) failed: No such process
12-21 22:04:35.200  1456  1605 I zygote  : Successfully killed process cgroup uid 10611 pid 29636 in 113ms
12-21 22:04:35.200  1456  1605 W zygote  : kill(-29675, 9) failed: No such process
12-21 22:04:35.201  1456  1605 I zygote  : Successfully killed process cgroup uid 10611 pid 29675 in 0ms
12-21 22:04:35.214  1456  4679 I ActivityManager: START u0 {act=android.intent.action.VIEW dat=about:blank typ=text/html flg=0x10000000 cmp=org.mozilla.fenix.performancetest/org.mozilla.fenix.IntentReceiverActivity} from uid 2000
12-21 22:04:35.215   794   839 E ANDR-PERF-RESOURCEQS: Failed to apply optimization [4, 0]
12-21 22:04:35.218  1456  7796 I OpenGLRenderer: Initialized EGL, version 1.4
12-21 22:04:35.218  1456  7796 D OpenGLRenderer: Swap behavior 2
12-21 22:04:35.236  1456  2915 I ActivityManager: Start proc 29874:org.mozilla.fenix.performancetest/u0a611 for activity org.mozilla.fenix.performancetest/org.mozilla.fenix.IntentReceiverActivity
12-21 22:04:35.240 29874 29874 I chatty  : uid=10611(org.mozilla.fenix.performancetest) expire 9 lines
12-21 22:04:35.338 19624 19715 I MicroDetectionState: Should stop hotword detection immediately - false
12-21 22:04:35.339 19624 19715 I MicroDetector: Keeping mic open: false
12-21 22:04:35.339 19624 19715 I RecognitionAudioControl: #shutdownAudio [requestId: 857211916517172003, keepAudioOpen: false, forced: true]
12-21 22:04:35.339 19624 25519 E DeviceStateChecker: DeviceStateChecker cancelled
12-21 22:04:35.339 19624 19715 I RecognitionAudioControl: #internalShutdownAudio [requestId: 857211916517172003]
12-21 22:04:35.340 19624 19715 I RecognitionAudioControl: #internalShutdownAudio [keepAudioOpen: false, forced: true]
12-21 22:04:35.340 19624 19715 I RecognitionAudioControl: #actualShutdownAudio
12-21 22:04:35.340 19624 19715 I AudioController: #shutdown [requestId=857211916517172003]
12-21 22:04:35.340 19624 21550 I MicroRecognitionRunner: Stopping hotword detection.
12-21 22:04:35.341 19624  5326 I AudioController: internalShutdown
12-21 22:04:35.389   788  1479 D audio_hw_primary: disable_audio_route: usecase(9) reset and update mixer path: audio-record
12-21 22:04:35.389   788  1479 D audio_hw_primary: disable_snd_device: snd_device(120: voice-rec-mic)
12-21 22:04:35.391  1012  4918 D APM_AudioPolicyManager: stopInput() input 43214, session 43249
12-21 22:04:35.392   788   788 D audio_hw_primary: in_set_parameters: enter: kvpairs=routing=0
12-21 22:04:35.393 19624  5326 I MicrophoneInputStream: mic_close  SR : 16000 CC : 16 SO : 1999
12-21 22:04:35.393 19624  5326 E AudioSource: Stop listening is called on already closed AudioSource
12-21 22:04:35.394 19624  4983 I MicroRecognitionRunner: Detection finished
12-21 22:04:35.490 29874 29893 I chatty  : uid=10611(org.mozilla.fenix.performancetest) expire 13 lines
12-21 22:04:35.705 29874 29905 I chatty  : uid=10611(org.mozilla.fenix.performancetest) expire 131 lines
12-21 22:04:35.718   808   898 I SFPerfTracer:      triggers: (rate: 0:0) (0 sw vsyncs) (0 skipped) (20:1107977 vsyncs) (22:2227750)
12-21 22:04:35.808 29874 29874 I chatty  : uid=10611(org.mozilla.fenix.performancetest) expire 63 lines
12-21 22:04:35.852 29874 29914 I chatty  : uid=10611(org.mozilla.fenix.performancetest) expire 10 lines
12-21 22:04:35.861  1456  4679 I ActivityManager: Start proc 29916:org.mozilla.fenix.performancetest:tab/u0a611 for service org.mozilla.fenix.performancetest/org.mozilla.gecko.process.GeckoServiceChildProcess$tab
12-21 22:04:35.867 29916 29916 I chatty  : uid=10611(org.mozilla.fenix.performancetest) expire 2 lines
12-21 22:04:36.012 29874 29939 I chatty  : uid=10611(org.mozilla.fenix.performancetest) expire 9 lines
12-21 22:04:36.030 29916 29940 I chatty  : uid=10611(org.mozilla.fenix.performancetest) expire 30 lines
12-21 22:04:36.145 29874 29879 I chatty  : uid=10611(org.mozilla.fenix.performancetest) expire 11 lines
12-21 22:04:36.614  1456 10736 I ActivityManager: START u0 {act=android.intent.action.VIEW dat=about:blank typ=text/html flg=0x10000000 cmp=org.mozilla.fenix.performancetest/org.mozilla.fenix.HomeActivity (has extras)} from uid 10611
12-21 22:04:36.634  1456 10736 I WifiService: getDhcpInfo uid=10611
12-21 22:04:36.843 29874 29986 I chatty  : uid=10611(org.mozilla.fenix.performancetest) expire 4 lines
12-21 22:04:36.845  1456  1673 I LaunchCheckinHandler: Displayed org.mozilla.fenix.performancetest/org.mozilla.fenix.IntentReceiverActivity,cp,ca,1623
12-21 22:04:37.556 29874 29970 I chatty  : uid=10611(org.mozilla.fenix.performancetest) expire 10 lines
12-21 22:04:37.627 29874 29988 I chatty  : uid=10611(org.mozilla.fenix.performancetest) expire 2 lines
12-21 22:04:37.793 29874 30013 I chatty  : uid=10611(org.mozilla.fenix.performancetest) expire 1 line
12-21 22:04:38.089 29874 29896 I chatty  : uid=10611(org.mozilla.fenix.performancetest) expire 1 line
12-21 22:04:38.155  1456  1673 I ActivityManager: Displayed org.mozilla.fenix.performancetest/org.mozilla.fenix.HomeActivity: +1s343ms (total +2s926ms)
12-21 22:04:38.423 19624 19624 I MemoryTrimmer: Trimming objects from memory, since app is in the background.
12-21 22:04:38.434 19624 19624 I MemoryTrimmer: Trimming objects from memory, since app is in the background.
12-21 22:04:38.436 19624 26116 I PBSessionCacheImpl: Deleted sessionId[86308841257002492] from persistence.
12-21 22:04:38.440  1456  5027 I WifiService: getWifiEnabledState uid=10073
12-21 22:04:38.445 19624 19715 W SearchServiceCore: Abort, client detached.
12-21 22:04:39.058 29874 29905 I chatty  : uid=10611(org.mozilla.fenix.performancetest) expire 77 lines
12-21 22:04:39.065 29916 29940 I chatty  : uid=10611(org.mozilla.fenix.performancetest) expire 18 lines
12-21 22:04:39.093 29874 29874 I chatty  : uid=10611(org.mozilla.fenix.performancetest) expire 20 lines
12-21 22:04:39.216 29874 29893 I chatty  : uid=10611(org.mozilla.fenix.performancetest) expire 4 lines
12-21 22:04:39.247   808   808 I SFPerfTracer:      triggers: (rate: 49:50835) (compose: 0:5) (post: 0:12) (render: 0:9) (0:1250275 frames) (1:2203738)
12-21 22:04:39.247   808   808 D SFPerfTracer:        layers: (4:12) (NavigationBar#0 (0xb07df000): 0:285443) (StatusBar#0 (0xb07e3000): 0:933701) (com.android.systemui.ImageWallpaper#0 (0xb07e7000): 0:21292)* (Sprite#0 (0xb0733000): 0:317)* (DimLayerController/Stack=0#0 (0xb075a000): 0:3501)* (Sprite#1 (0xb077c000): 0:195)* (org.mozilla.fenix.performancetest/org.mozilla.fenix.HomeActivity#0 (0xb02a2000): 0:53)- (com.android.launcher3/com.android.launcher3.CustomizationPanelLauncher#0 (0xb0763000): 0:39)- (com.android.launcher3/com.android.launcher3.CustomizationPanelLauncher#1 (0xb0771000): 0:8)- (Splash Screen org.mozilla.fenix.performancetest#0 (0xb0384000): 0:33)- (org.mozilla.fenix.performancetest/org.mozilla.fenix.IntentReceiverActivity#0 (0xb039b000): 0:6)- (org.mozilla.fenix.performancetest/org.mozilla.fenix.HomeActivity#0 (0xb02a2000): 0:25) 
12-21 22:04:40.872 30089 30089 D AndroidRuntime: >>>>>> START com.android.internal.os.RuntimeInit uid 2000 <<<<<<
12-21 22:04:40.885 30089 30089 W app_process: Could not reserve sentinel fault page
12-21 22:04:41.057 30089 30089 I app_process: The ClassLoaderContext is a special shared library.
12-21 22:04:41.129 30089 30089 D AndroidRuntime: Calling main entry com.android.commands.input.Input
12-21 22:04:41.130 30089 30089 I Input   : injectKeyEvent: KeyEvent { action=ACTION_DOWN, keyCode=KEYCODE_HOME, scanCode=0, metaState=0, flags=0x0, repeatCount=0, eventTime=9431104744, downTime=9431104744, deviceId=-1, source=0x101 }
12-21 22:04:41.137 30089 30089 I Input   : injectKeyEvent: KeyEvent { action=ACTION_UP, keyCode=KEYCODE_HOME, scanCode=0, metaState=0, flags=0x0, repeatCount=0, eventTime=9431104744, downTime=9431104744, deviceId=-1, source=0x101 }
12-21 22:04:41.144  1456  1941 I ActivityManager: START u0 {act=android.intent.action.MAIN cat=[android.intent.category.HOME] flg=0x10200000 cmp=com.android.launcher3/.CustomizationPanelLauncher (has extras)} from uid 1000
12-21 22:04:41.144   794   839 E ANDR-PERF-RESOURCEQS: Failed to apply optimization [4, 0]
12-21 22:04:41.158  1456  1941 I ActivityManager: moveHomeStack, setupComplete:true
12-21 22:04:41.163 30089 30089 D AndroidRuntime: Shutting down VM
12-21 22:04:41.172 19624 19707 I Adreno  : QUALCOMM build                   : bb5b86c, I77d3059488
12-21 22:04:41.172 19624 19707 I Adreno  : Build Date                       : 06/07/18
12-21 22:04:41.172 19624 19707 I Adreno  : OpenGL ES Shader Compiler Version: EV031.22.00.01_06
12-21 22:04:41.172 19624 19707 I Adreno  : Local Branch                     : 
12-21 22:04:41.172 19624 19707 I Adreno  : Remote Branch                    : refs/tags/AU_LINUX_ANDROID_LA.UM.6.5.R1.08.01.00.312.086
12-21 22:04:41.172 19624 19707 I Adreno  : Remote Branch                    : NONE
12-21 22:04:41.172 19624 19707 I Adreno  : Reconstruct Branch               : NOTHING
12-21 22:04:41.175 19624 19707 D vndksupport: Loading /vendor/lib/hw/gralloc.msm8937.so from current namespace instead of sphal namespace.
12-21 22:04:41.180 19624 19707 I Adreno  : PFP: 0x005ff087, ME: 0x005ff063
12-21 22:04:41.185 19624 19707 I zygote  : android::hardware::configstore::V1_0::ISurfaceFlingerConfigs::hasWideColorDisplay retrieved: 0
12-21 22:04:41.186 19624 19707 I OpenGLRenderer: Initialized EGL, version 1.4
12-21 22:04:41.186 19624 19707 D OpenGLRenderer: Swap behavior 2
12-21 22:04:41.192  2748  2748 D Launcher.Utilities: Wakeup weather: Intent { act=com.motorola.launcher3.action.WAKEUP_WEATHER cmp=com.motorola.timeweatherwidget/com.motorola.commandcenter.weather.WakeUpService }
12-21 22:04:41.206  1456  1456 I NotificationService: Cannot find enqueued record for key: 0|com.motorola.timeweatherwidget|1|null|10116
12-21 22:04:41.213   808   808 D SurfaceFlinger: duplicate layer name: changing com.android.launcher3/com.android.launcher3.CustomizationPanelLauncher to com.android.launcher3/com.android.launcher3.CustomizationPanelLauncher#1
12-21 22:04:41.226 19624 25519 W ThreadPoolDumper: Queue length for executor EventBus is now 11. Perhaps some tasks are too long, or the pool is too small.
12-21 22:04:41.229  1456 10736 I WifiService: getWifiEnabledState uid=10073
12-21 22:04:41.237  1456  5907 I WifiService: getWifiEnabledState uid=10073
12-21 22:04:41.268 19624 19715 I MicroDetectionState: Should stop hotword detection immediately - false
12-21 22:04:41.277 19624 19715 I MicroDetectionWorker: #startMicroDetector [speakerMode: 0]
12-21 22:04:41.278 19624 19715 I AudioController: Created new AudioSource
12-21 22:04:41.294  1456  1673 I LaunchCheckinHandler: Displayed com.android.launcher3/.CustomizationPanelLauncher,wp,wa,150
12-21 22:04:41.294 19624 19715 I MicroDetectionWorker: onReady
12-21 22:04:41.295 19624 21551 I MicroDataManager: isInitializedWithLatestParams-true
12-21 22:04:41.295 19624 21551 I MicroDataManager: isInitializing-false locale not changed-true model not changed-true
12-21 22:04:41.295 19624 21551 I MicroDataManager: Already initialized, obtaining the hotword data immediately.
12-21 22:04:41.299 19624  4661 I MicroRecognitionRunner: Starting detection.
12-21 22:04:41.299 19624  4661 I InputStreamUtils: Using micInputStream
12-21 22:04:41.300 19624 26116 I MicrophoneInputStream: mic_starting  SR : 16000 CC : 16 SO : 1999
12-21 22:04:41.304   788   788 V msm8974_platform: platform_check_input_mask: enter check_input_mask source 6 mask 10
12-21 22:04:41.307  1012 30103 I AudioFlinger: AudioFlinger's thread 0xb2483080 tid=30103 ready to run
12-21 22:04:41.313   788   788 D audio_hw_primary: in_set_parameters: enter: kvpairs=input_source=6;routing=-2147483644
12-21 22:04:41.314  1012 13178 D APM_AudioPolicyManager: AudioPolicyManager::startInput() input 43222, session 43257, source = 1999
12-21 22:04:41.315 19624 26116 I MicrophoneInputStream: mic_started  SR : 16000 CC : 16 SO : 1999
12-21 22:04:41.317   788 30104 V msm8974_platform: platform_update_usecase_from_source: input source :6
12-21 22:04:41.317   788 30104 V msm8974_platform: platform_check_input_mask: enter check_input_mask source 6 mask 10
12-21 22:04:41.317   788 30104 V msm8974_platform: platform_get_input_snd_device: enter: out_device(0) in_device(0x4) channel_count (1) channel_mask (0x10)
12-21 22:04:41.317   788 30104 V msm8974_platform: platform_get_input_snd_device: exit: in_snd_device(voice-rec-mic)
12-21 22:04:41.317   788 30104 V msm8974_platform: platform_get_backend_index:napb: backend port - 5 device - 120 
12-21 22:04:41.317   788 30104 V msm8974_platform: platform_check_and_set_capture_backend_cfg:txbecf: afe: bitwidth 0, samplerate 0, channel 1, backend_idx 5 usecase = 9 device (voice-rec-mic)
12-21 22:04:41.317   788 30104 V msm8974_platform: platform_check_capture_backend_cfg:txbecf: afe: Codec selected backend: 5 current bit width: 0 and sample rate: 0, channels 1
12-21 22:04:41.317   788 30104 V msm8974_platform: platform_check_capture_backend_cfg:txbecf: afe: Codec selected backend: 5 updated bit width: 0 and sample rate: 0
12-21 22:04:41.317   788 30104 I msm8974_platform: platform_check_capture_backend_cfg:txbecf: afe: Codec backend needs to be updated. new bit width: 0 new sample rate: 0 new channel: 1
12-21 22:04:41.317   788 30104 V msm8974_platform: platform_get_backend_index:napb: backend port - 5 device - 120 
12-21 22:04:41.317   788 30104 V msm8974_platform: platform_set_backend_cfg:becf: afe: bitwidth 0, samplerate 0 channels 1, backend_idx 5 device (voice-rec-mic)
12-21 22:04:41.317   788 30104 E msm8974_platform: platform_set_backend_cfg:becf: afe: Could not get ctl for mixer command - SLIM_0_TX Format
12-21 22:04:41.317   788 30104 V msm8974_platform: platform_send_audio_calibration: sending audio calibration for snd_device(120) acdb_id(62)
12-21 22:04:41.317   788 30104 D ACDB-LOADER: ACDB -> send_audio_cal, acdb_id = 62, path = 1, app id = 0x11130, sample rate = 48000
12-21 22:04:41.317   788 30104 D ACDB-LOADER: ACDB -> send_asm_topology
12-21 22:04:41.317   788 30104 D ACDB-LOADER: ACDB -> ACDB_CMD_GET_AUDPROC_STREAM_TOPOLOGY_ID
12-21 22:04:41.318   788 30104 D ACDB-LOADER: ACDB -> send_adm_topology
12-21 22:04:41.318   788 30104 D ACDB-LOADER: ACDB -> ACDB_CMD_GET_AUDPROC_COMMON_TOPOLOGY_ID
12-21 22:04:41.318   788 30104 D ACDB-LOADER: ACDB -> send_audtable
12-21 22:04:41.318   788 30104 D ACDB-LOADER: ACDB -> ACDB_CMD_GET_AUDPROC_COMMON_TABLE_SIZE
12-21 22:04:41.318   788 30104 D ACDB-LOADER: ACDB -> ACDB_CMD_GET_AUDPROC_COMMON_TABLE
12-21 22:04:41.318   788 30104 D ACDB-LOADER: ACDB -> AUDIO_SET_AUDPROC_CAL
12-21 22:04:41.318   788 30104 D ACDB-LOADER: ACDB -> send_audvoltable
12-21 22:04:41.318   788 30104 D ACDB-LOADER: ACDB -> ACDB_CMD_GET_AUDPROC_VOL_STEP_TABLE_SIZE
12-21 22:04:41.318   788 30104 D ACDB-LOADER: ACDB -> ACDB_CMD_GET_AUDPROC_GAIN_DEP_STEP_TABLE, vol index 0
12-21 22:04:41.318   788 30104 D         : Failed to fetch the lookup information of the device 0000003E 
12-21 22:04:41.318   788 30104 D ACDB-LOADER: ACDB -> AUDIO_SET_VOL_CAL cal type = 12
12-21 22:04:41.318   788 30104 D ACDB-LOADER: ACDB -> ACDB_CMD_GET_AUDPROC_STREAM_TABLE_SIZE
12-21 22:04:41.318   788 30104 D ACDB-LOADER: ACDB -> send_audstrmtable
12-21 22:04:41.318   788 30104 D ACDB-LOADER: ACDB -> ACDB_CMD_GET_AUDPROC_STREAM_TABLE_V2
12-21 22:04:41.318   788 30104 D ACDB-LOADER: ACDB -> audstrm_cal->cal_type.cal_data.cal_size = 456
12-21 22:04:41.318   788 30104 D ACDB-LOADER: ACDB -> send_afe_topology
12-21 22:04:41.318   788 30104 D ACDB-LOADER: ACDB -> ACDB_CMD_GET_AFE_TOPOLOGY_ID
12-21 22:04:41.318   788 30104 D ACDB-LOADER: ACDB -> GET_AFE_TOPOLOGY_ID for adcd_id 62, Topology Id 112fb
12-21 22:04:41.318   788 30104 D ACDB-LOADER: ACDB -> send_afe_cal
12-21 22:04:41.318   788 30104 D ACDB-LOADER: ACDB -> ACDB_CMD_GET_AFE_COMMON_TABLE_SIZE
12-21 22:04:41.318   788 30104 D         : Failed to fetch the lookup information of the device 0000003E 
12-21 22:04:41.318   788 30104 E ACDB-LOADER: Error: ACDB_CMD_GET_AFE_COMMON_TABLE_SIZE Returned = -19
12-21 22:04:41.318   788 30104 D ACDB-LOADER: ACDB -> ACDB_CMD_GET_AFE_COMMON_TABLE
12-21 22:04:41.318   788 30104 D         : Failed to fetch the lookup information of the device 0000003E 
12-21 22:04:41.318   788 30104 D ACDB-LOADER: ACDB -> AUDIO_SET_AFE_CAL
12-21 22:04:41.318   788 30104 D ACDB-LOADER: ACDB -> send_hw_delay : acdb_id = 62 path = 1
12-21 22:04:41.318   788 30104 D ACDB-LOADER: ACDB -> ACDB_AVSYNC_INFO: ACDB_CMD_GET_DEVICE_PROPERTY
12-21 22:04:41.318   788 30104 D audio_hw_primary: enable_snd_device: snd_device(120: voice-rec-mic)
12-21 22:04:41.319   788 30104 D audio_route: Apply path: voice-rec-mic
12-21 22:04:41.323   788 30104 V msm8974_platform: platform_get_snd_device_backend_index: enter with device 120
12-21 22:04:41.323   788 30104 E msm8974_platform: platform_get_snd_device_backend_index: BE DAI Name Table is not present
12-21 22:04:41.323   788 30104 V msm8974_platform: platform_get_backend_index:napb: backend port - 5 device - 120 
12-21 22:04:41.323   788 30104 I audio_hw_utils: Set Audio Stream Capture 0 App Type Cfg: app_type 69936, acdb_dev_id 62, sample_rate 48000, snd_device_be_idx -14
12-21 22:04:41.323   788 30104 D audio_hw_primary: enable_audio_route: usecase(9) apply and update mixer path: audio-record
12-21 22:04:41.323   788 30104 D audio_route: Apply path: audio-record
12-21 22:04:41.393 19624 19715 I MicroDetectionWorker: onReady
12-21 22:04:41.415  2146  2165 I zygote  : NativeAlloc concurrent copying GC freed 21427(1104KB) AllocSpace objects, 0(0B) LOS objects, 49% free, 7MB/15MB, paused 185us total 110.163ms
12-21 22:04:41.705  1456  7796 I OpenGLRenderer: Initialized EGL, version 1.4
12-21 22:04:41.705  1456  7796 D OpenGLRenderer: Swap behavior 2
12-21 22:04:41.739  2748  2917 W OpenGLRenderer: Incorrectly called buildLayer on View: ShortcutAndWidgetContainer, destroying layer...
12-21 22:04:41.866 29874 29948 I chatty  : uid=10611(org.mozilla.fenix.performancetest) expire 6 lines
12-21 22:04:41.945  1456  4679 D ConnectivityService: requestNetwork for uid/pid:10611/29874 NetworkRequest [ TRACK_DEFAULT id=12370, [ Capabilities: INTERNET&NOT_RESTRICTED&TRUSTED&NOT_VPN] ]
12-21 22:04:41.947  1456  2099 D Ethernet: got request NetworkRequest [ TRACK_DEFAULT id=12370, [ Capabilities: INTERNET&NOT_RESTRICTED&TRUSTED&NOT_VPN] ] with score 60
12-21 22:04:41.947  1456  2054 D WIFI_UT : got request NetworkRequest [ TRACK_DEFAULT id=12370, [ Capabilities: INTERNET&NOT_RESTRICTED&TRUSTED&NOT_VPN] ] with score 60
12-21 22:04:41.947  1456  2054 D WIFI    : got request NetworkRequest [ TRACK_DEFAULT id=12370, [ Capabilities: INTERNET&NOT_RESTRICTED&TRUSTED&NOT_VPN] ] with score 60
12-21 22:04:41.947  2398  2398 D PhoneSwitcherNetworkRequstListener: got request NetworkRequest [ TRACK_DEFAULT id=12370, [ Capabilities: INTERNET&NOT_RESTRICTED&TRUSTED&NOT_VPN] ] with score 60
12-21 22:04:41.981 29874 30106 I chatty  : uid=10611(org.mozilla.fenix.performancetest) expire 9 lines
12-21 22:04:41.993  1456  1466 I zygote  : NativeAlloc concurrent copying GC freed 56458(3MB) AllocSpace objects, 36(1232KB) LOS objects, 42% free, 30MB/52MB, paused 156us total 288.218ms
12-21 22:04:42.450 29874 29912 I chatty  : uid=10611(org.mozilla.fenix.performancetest) expire 1 line
12-21 22:04:42.460  1456  2067 D ConnectivityService: releasing NetworkRequest [ TRACK_DEFAULT id=12370, [ Capabilities: INTERNET&NOT_RESTRICTED&TRUSTED&NOT_VPN] ] (release request)
12-21 22:04:46.342  1456  4797 I ActivityManager: Force stopping org.mozilla.fenix.performancetest appid=10611 user=0: from pid 30110
12-21 22:04:46.342  1456  4797 I ActivityManager: Killing 29874:org.mozilla.fenix.performancetest/u0a611 (adj 700): stop org.mozilla.fenix.performancetest
12-21 22:04:46.345  1456  1605 W zygote  : kill(-29874, 9) failed: No such process
12-21 22:04:46.346  1456  4797 W ActivityManager: Force removing ActivityRecord{b7574ff u0 org.mozilla.fenix.performancetest/org.mozilla.fenix.HomeActivity t11592}: app died, no saved state
12-21 22:04:46.346 29916 29916 I chatty  : uid=10611(org.mozilla.fenix.performancetest) expire 1 line
12-21 22:04:46.358  1456  4797 I ActivityManager: Killing 29916:org.mozilla.fenix.performancetest:tab/u0a611 (adj 0): stop org.mozilla.fenix.performancetest
12-21 22:04:46.360  1456  1605 W zygote  : kill(-29874, 9) failed: No such process
12-21 22:04:46.369  1456  1605 W zygote  : kill(-29874, 9) failed: No such process
12-21 22:04:46.377 26068 26068 I AppBase : onTrimMemory(): 15
12-21 22:04:46.377 26068 26068 I GoogleInputMethodService: onTrimMemory(): 15
12-21 22:04:46.388  1456  1605 W zygote  : kill(-29874, 9) failed: No such process
12-21 22:04:46.388  2398  2398 D CarrierSvcBindHelper: No carrier app for: 0
12-21 22:04:46.389  2398  2398 D CarrierSvcBindHelper: No carrier app for: 1
12-21 22:04:46.451  1456  1605 I chatty  : uid=1000(system) ActivityManager expire 4 lines
12-21 22:04:46.452  1456  1673 W ActivityManager: setHasOverlayUi called on unknown pid: 29874
12-21 22:04:46.467  1456  1605 W zygote  : kill(-29874, 9) failed: No such process
12-21 22:04:46.467  1456  1605 I zygote  : Successfully killed process cgroup uid 10611 pid 29874 in 122ms
12-21 22:04:46.467  1456  1605 W zygote  : kill(-29916, 9) failed: No such process
12-21 22:04:46.467  1456  1605 I zygote  : Successfully killed process cgroup uid 10611 pid 29916 in 0ms
12-21 22:04:46.493  1456  7796 I OpenGLRenderer: Initialized EGL, version 1.4
12-21 22:04:46.493  1456  7796 D OpenGLRenderer: Swap behavior 2
12-21 22:04:46.494  1456  2162 I ActivityManager: START u0 {act=android.intent.action.VIEW dat=about:blank typ=text/html flg=0x10000000 cmp=org.mozilla.fenix.performancetest/org.mozilla.fenix.IntentReceiverActivity} from uid 2000
12-21 22:04:46.495   794   839 E ANDR-PERF-RESOURCEQS: Failed to apply optimization [4, 0]
12-21 22:04:46.517  1456  2196 I ActivityManager: Start proc 30118:org.mozilla.fenix.performancetest/u0a611 for activity org.mozilla.fenix.performancetest/org.mozilla.fenix.IntentReceiverActivity
12-21 22:04:46.522 30118 30118 I chatty  : uid=10611(org.mozilla.fenix.performancetest) expire 58 lines
12-21 22:04:46.602 19624 19715 I MicroDetectionState: Should stop hotword detection immediately - false
12-21 22:04:46.602 19624 19715 I MicroDetector: Keeping mic open: false
12-21 22:04:46.602 19624 19715 I RecognitionAudioControl: #shutdownAudio [requestId: -2517585895339339047, keepAudioOpen: false, forced: true]
12-21 22:04:46.602 19624  4983 E DeviceStateChecker: DeviceStateChecker cancelled
12-21 22:04:46.603 19624 19715 I RecognitionAudioControl: #internalShutdownAudio [requestId: -2517585895339339047]
12-21 22:04:46.603 19624 19715 I RecognitionAudioControl: #internalShutdownAudio [keepAudioOpen: false, forced: true]
12-21 22:04:46.603 19624 19715 I RecognitionAudioControl: #actualShutdownAudio
12-21 22:04:46.603 19624 19715 I AudioController: #shutdown [requestId=-2517585895339339047]
12-21 22:04:46.603 19624 21551 I AudioController: internalShutdown
12-21 22:04:46.603 19624 21550 I MicroRecognitionRunner: Stopping hotword detection.
12-21 22:04:46.655   788   788 D audio_hw_primary: disable_audio_route: usecase(9) reset and update mixer path: audio-record
12-21 22:04:46.656   788   788 D audio_hw_primary: disable_snd_device: snd_device(120: voice-rec-mic)
12-21 22:04:46.658  1012 13178 D APM_AudioPolicyManager: stopInput() input 43222, session 43257
12-21 22:04:46.659   788  1479 D audio_hw_primary: in_set_parameters: enter: kvpairs=routing=0
12-21 22:04:46.661 19624 21551 I MicrophoneInputStream: mic_close  SR : 16000 CC : 16 SO : 1999
12-21 22:04:46.661 19624 21551 E AudioSource: Stop listening is called on already closed AudioSource
12-21 22:04:46.663 19624  4661 I MicroRecognitionRunner: Detection finished
12-21 22:04:46.756 30118 30135 I chatty  : uid=10611(org.mozilla.fenix.performancetest) expire 13 lines
12-21 22:04:46.979 30118 30149 I chatty  : uid=10611(org.mozilla.fenix.performancetest) expire 56 lines
12-21 22:04:47.013   808   898 I SFPerfTracer:      triggers: (rate: 0:0) (0 sw vsyncs) (0 skipped) (24:1108066 vsyncs) (26:2227870)
12-21 22:04:47.106 30118 30156 I chatty  : uid=10611(org.mozilla.fenix.performancetest) expire 10 lines
12-21 22:04:47.114  1456  7556 I ActivityManager: Start proc 30158:org.mozilla.fenix.performancetest:tab/u0a611 for service org.mozilla.fenix.performancetest/org.mozilla.gecko.process.GeckoServiceChildProcess$tab
12-21 22:04:47.117 30158 30158 I chatty  : uid=10611(org.mozilla.fenix.performancetest) expire 2 lines
12-21 22:04:47.257 30118 30192 I chatty  : uid=10611(org.mozilla.fenix.performancetest) expire 9 lines
12-21 22:04:47.283 30158 30194 I chatty  : uid=10611(org.mozilla.fenix.performancetest) expire 1 line
12-21 22:04:47.390 30118 30123 I chatty  : uid=10611(org.mozilla.fenix.performancetest) expire 8 lines
12-21 22:04:47.861  1456  7556 I ActivityManager: START u0 {act=android.intent.action.VIEW dat=about:blank typ=text/html flg=0x10000000 cmp=org.mozilla.fenix.performancetest/org.mozilla.fenix.HomeActivity (has extras)} from uid 10611
12-21 22:04:47.877  1456  7556 I WifiService: getDhcpInfo uid=10611
12-21 22:04:48.102 30118 30239 I chatty  : uid=10611(org.mozilla.fenix.performancetest) expire 1 line
12-21 22:04:48.105  1456  1673 I LaunchCheckinHandler: Displayed org.mozilla.fenix.performancetest/org.mozilla.fenix.IntentReceiverActivity,cp,ca,1600
12-21 22:04:48.812 30118 30225 I chatty  : uid=10611(org.mozilla.fenix.performancetest) expire 10 lines
12-21 22:04:48.871 30118 30270 I chatty  : uid=10611(org.mozilla.fenix.performancetest) expire 2 lines
12-21 22:04:49.042 30118 30118 I chatty  : uid=10611(org.mozilla.fenix.performancetest) expire 34 lines
12-21 22:04:49.042 30118 30149 I chatty  : uid=10611(org.mozilla.fenix.performancetest) expire 150 lines
12-21 22:04:49.050 30118 30266 I chatty  : uid=10611(org.mozilla.fenix.performancetest) expire 1 line
12-21 22:04:49.297 30118 30239 I chatty  : uid=10611(org.mozilla.fenix.performancetest) expire 3 lines
12-21 22:04:49.312 30118 30134 I chatty  : uid=10611(org.mozilla.fenix.performancetest) expire 1 line
12-21 22:04:49.413  1456  1673 I ActivityManager: Displayed org.mozilla.fenix.performancetest/org.mozilla.fenix.HomeActivity: +1s343ms (total +2s903ms)
12-21 22:04:49.418 30158 30194 I chatty  : uid=10611(org.mozilla.fenix.performancetest) expire 47 lines
12-21 22:04:49.560 30118 30123 I chatty  : uid=10611(org.mozilla.fenix.performancetest) expire 3 lines
12-21 22:04:49.591   808   808 I SFPerfTracer:      triggers: (rate: 49:50841) (compose: 0:5) (post: 0:12) (render: 0:9) (7:1250347 frames) (8:2203844)
12-21 22:04:49.591   808   808 D SFPerfTracer:        layers: (5:12) (NavigationBar#0 (0xb07df000): 0:285465) (StatusBar#0 (0xb07e3000): 0:933723) (com.android.systemui.ImageWallpaper#0 (0xb07e7000): 0:21294)* (Sprite#0 (0xb0733000): 0:317)* (DimLayerController/Stack=0#0 (0xb075a000): 0:3501)* (Sprite#1 (0xb077c000): 0:195)* (org.mozilla.fenix.performancetest/org.mozilla.fenix.HomeActivity#0 (0xb02a2000): 0:53)- (com.android.launcher3/com.android.launcher3.CustomizationPanelLauncher#0 (0xb0763000): 0:40)* (com.android.launcher3/com.android.launcher3.CustomizationPanelLauncher#1 (0xb0771000): 0:10)* (Splash Screen org.mozilla.fenix.performancetest#0 (0xb0384000): 8:32) (org.mozilla.fenix.performancetest/org.mozilla.fenix.IntentReceiverActivity#0 (0xb039b000): 0:5)* (org.mozilla.fenix.performancetest/org.mozilla.fenix.HomeActivity#0 (0xb02a2000): 8:17) 
12-21 22:04:49.696 19624 19624 I MemoryTrimmer: Trimming objects from memory, since app is in the background.
12-21 22:04:49.703 19624 19624 I MemoryTrimmer: Trimming objects from memory, since app is in the background.
12-21 22:04:49.707 19624 21551 I PBSessionCacheImpl: Deleted sessionId[86308841257002497] from persistence.
12-21 22:04:49.712  1456  2196 I WifiService: getWifiEnabledState uid=10073
12-21 22:04:49.717 19624 19715 W SearchServiceCore: Abort, client detached.
12-21 22:04:49.956  1456  1893 D BatteryService: uevent={POWER_SUPPLY_VOLTAGE_NOW=4316838, POWER_SUPPLY_CHARGE_RATE=Normal, POWER_SUPPLY_HEALTH=Good, POWER_SUPPLY_CURRENT_NOW=166472, POWER_SUPPLY_PRESENT=1, SUBSYSTEM=power_supply, POWER_SUPPLY_TEMP=302, SEQNUM=250401, ACTION=change, POWER_SUPPLY_NAME=battery, POWER_SUPPLY_STATUS=Charging, POWER_SUPPLY_CHARGE_COUNTER=2803394, POWER_SUPPLY_CAPACITY=100, DEVPATH=/devices/soc/qpnp-smbcharger-17/power_supply/battery}
12-21 22:04:49.964  2398  2398 D QtiCarrierConfigHelper: WARNING, no carrier configs on phone Id: 0
12-21 22:04:50.426 30118 30135 I chatty  : uid=10611(org.mozilla.fenix.performancetest) expire 4 lines
12-21 22:04:50.457  1456  1600 I UsageStatsService: User[0] Flushing usage stats to disk
12-21 22:04:52.155 30342 30342 D AndroidRuntime: >>>>>> START com.android.internal.os.RuntimeInit uid 2000 <<<<<<
12-21 22:04:52.168 30342 30342 W app_process: Could not reserve sentinel fault page
12-21 22:04:52.335 30342 30342 I app_process: The ClassLoaderContext is a special shared library.
12-21 22:04:52.404 30342 30342 D AndroidRuntime: Calling main entry com.android.commands.input.Input
12-21 22:04:52.405 30342 30342 I Input   : injectKeyEvent: KeyEvent { action=ACTION_DOWN, keyCode=KEYCODE_HOME, scanCode=0, metaState=0, flags=0x0, repeatCount=0, eventTime=9431116018, downTime=9431116018, deviceId=-1, source=0x101 }
12-21 22:04:52.411 30342 30342 I Input   : injectKeyEvent: KeyEvent { action=ACTION_UP, keyCode=KEYCODE_HOME, scanCode=0, metaState=0, flags=0x0, repeatCount=0, eventTime=9431116018, downTime=9431116018, deviceId=-1, source=0x101 }
12-21 22:04:52.419  1456  1941 I ActivityManager: START u0 {act=android.intent.action.MAIN cat=[android.intent.category.HOME] flg=0x10200000 cmp=com.android.launcher3/.CustomizationPanelLauncher (has extras)} from uid 1000
12-21 22:04:52.419   794   839 E ANDR-PERF-RESOURCEQS: Failed to apply optimization [4, 0]
12-21 22:04:52.432  1456  1941 I ActivityManager: moveHomeStack, setupComplete:true
12-21 22:04:52.439 19624 19707 I Adreno  : QUALCOMM build                   : bb5b86c, I77d3059488
12-21 22:04:52.439 19624 19707 I Adreno  : Build Date                       : 06/07/18
12-21 22:04:52.439 19624 19707 I Adreno  : OpenGL ES Shader Compiler Version: EV031.22.00.01_06
12-21 22:04:52.439 19624 19707 I Adreno  : Local Branch                     : 
12-21 22:04:52.439 19624 19707 I Adreno  : Remote Branch                    : refs/tags/AU_LINUX_ANDROID_LA.UM.6.5.R1.08.01.00.312.086
12-21 22:04:52.439 19624 19707 I Adreno  : Remote Branch                    : NONE
12-21 22:04:52.439 19624 19707 I Adreno  : Reconstruct Branch               : NOTHING
12-21 22:04:52.442 19624 19707 D vndksupport: Loading /vendor/lib/hw/gralloc.msm8937.so from current namespace instead of sphal namespace.
12-21 22:04:52.442 30342 30342 D AndroidRuntime: Shutting down VM
12-21 22:04:52.445 19624 19707 I Adreno  : PFP: 0x005ff087, ME: 0x005ff063
12-21 22:04:52.449 19624 19707 I zygote  : android::hardware::configstore::V1_0::ISurfaceFlingerConfigs::hasWideColorDisplay retrieved: 0
12-21 22:04:52.450 19624 19707 I OpenGLRenderer: Initialized EGL, version 1.4
12-21 22:04:52.451 19624 19707 D OpenGLRenderer: Swap behavior 2
12-21 22:04:52.456  2748  2748 D Launcher.Utilities: Wakeup weather: Intent { act=com.motorola.launcher3.action.WAKEUP_WEATHER cmp=com.motorola.timeweatherwidget/com.motorola.commandcenter.weather.WakeUpService }
12-21 22:04:52.469  1456  1456 I NotificationService: Cannot find enqueued record for key: 0|com.motorola.timeweatherwidget|1|null|10116
12-21 22:04:52.474   808   808 D SurfaceFlinger: duplicate layer name: changing com.android.launcher3/com.android.launcher3.CustomizationPanelLauncher to com.android.launcher3/com.android.launcher3.CustomizationPanelLauncher#1
12-21 22:04:52.487 19624  4983 W ThreadPoolDumper: Queue length for executor EventBus is now 11. Perhaps some tasks are too long, or the pool is too small.
12-21 22:04:52.489  1456  2236 I WifiService: getWifiEnabledState uid=10073
12-21 22:04:52.497  1456  2236 I WifiService: getWifiEnabledState uid=10073
12-21 22:04:52.525 19624 19715 I MicroDetectionState: Should stop hotword detection immediately - false
12-21 22:04:52.529 19624 19715 I MicroDetectionWorker: #startMicroDetector [speakerMode: 0]
12-21 22:04:52.531 19624 19715 I AudioController: Created new AudioSource
12-21 22:04:52.553  1456  1673 I LaunchCheckinHandler: Displayed com.android.launcher3/.CustomizationPanelLauncher,wp,wa,134
12-21 22:04:52.553 19624 19715 I MicroDetectionWorker: onReady
12-21 22:04:52.554 19624  4236 I MicroDataManager: isInitializedWithLatestParams-true
12-21 22:04:52.554 19624  4236 I MicroDataManager: isInitializing-false locale not changed-true model not changed-true
12-21 22:04:52.554 19624  4236 I MicroDataManager: Already initialized, obtaining the hotword data immediately.
12-21 22:04:52.558 19624  4982 I MicroRecognitionRunner: Starting detection.
12-21 22:04:52.558 19624  4982 I InputStreamUtils: Using micInputStream
12-21 22:04:52.559 19624 26116 I MicrophoneInputStream: mic_starting  SR : 16000 CC : 16 SO : 1999
12-21 22:04:52.563   788  1479 V msm8974_platform: platform_check_input_mask: enter check_input_mask source 6 mask 10
12-21 22:04:52.568  1012 30356 I AudioFlinger: AudioFlinger's thread 0xb2483900 tid=30356 ready to run
12-21 22:04:52.573   788  1479 D audio_hw_primary: in_set_parameters: enter: kvpairs=input_source=6;routing=-2147483644
12-21 22:04:52.574  1012 19368 D APM_AudioPolicyManager: AudioPolicyManager::startInput() input 43230, session 43265, source = 1999
12-21 22:04:52.575 19624 26116 I MicrophoneInputStream: mic_started  SR : 16000 CC : 16 SO : 1999
12-21 22:04:52.576   788 30357 V msm8974_platform: platform_update_usecase_from_source: input source :6
12-21 22:04:52.576   788 30357 V msm8974_platform: platform_check_input_mask: enter check_input_mask source 6 mask 10
12-21 22:04:52.576   788 30357 V msm8974_platform: platform_get_input_snd_device: enter: out_device(0) in_device(0x4) channel_count (1) channel_mask (0x10)
12-21 22:04:52.576   788 30357 V msm8974_platform: platform_get_input_snd_device: exit: in_snd_device(voice-rec-mic)
12-21 22:04:52.576   788 30357 V msm8974_platform: platform_get_backend_index:napb: backend port - 5 device - 120 
12-21 22:04:52.576   788 30357 V msm8974_platform: platform_check_and_set_capture_backend_cfg:txbecf: afe: bitwidth 0, samplerate 0, channel 1, backend_idx 5 usecase = 9 device (voice-rec-mic)
12-21 22:04:52.576   788 30357 V msm8974_platform: platform_check_capture_backend_cfg:txbecf: afe: Codec selected backend: 5 current bit width: 0 and sample rate: 0, channels 1
12-21 22:04:52.576   788 30357 V msm8974_platform: platform_check_capture_backend_cfg:txbecf: afe: Codec selected backend: 5 updated bit width: 0 and sample rate: 0
12-21 22:04:52.576   788 30357 I msm8974_platform: platform_check_capture_backend_cfg:txbecf: afe: Codec backend needs to be updated. new bit width: 0 new sample rate: 0 new channel: 1
12-21 22:04:52.576   788 30357 V msm8974_platform: platform_get_backend_index:napb: backend port - 5 device - 120 
12-21 22:04:52.576   788 30357 V msm8974_platform: platform_set_backend_cfg:becf: afe: bitwidth 0, samplerate 0 channels 1, backend_idx 5 device (voice-rec-mic)
12-21 22:04:52.577   788 30357 E msm8974_platform: platform_set_backend_cfg:becf: afe: Could not get ctl for mixer command - SLIM_0_TX Format
12-21 22:04:52.577   788 30357 V msm8974_platform: platform_send_audio_calibration: sending audio calibration for snd_device(120) acdb_id(62)
12-21 22:04:52.577   788 30357 D ACDB-LOADER: ACDB -> send_audio_cal, acdb_id = 62, path = 1, app id = 0x11130, sample rate = 48000
12-21 22:04:52.577   788 30357 D ACDB-LOADER: ACDB -> send_asm_topology
12-21 22:04:52.577   788 30357 D ACDB-LOADER: ACDB -> ACDB_CMD_GET_AUDPROC_STREAM_TOPOLOGY_ID
12-21 22:04:52.577   788 30357 D ACDB-LOADER: ACDB -> send_adm_topology
12-21 22:04:52.577   788 30357 D ACDB-LOADER: ACDB -> ACDB_CMD_GET_AUDPROC_COMMON_TOPOLOGY_ID
12-21 22:04:52.577   788 30357 D ACDB-LOADER: ACDB -> send_audtable
12-21 22:04:52.577   788 30357 D ACDB-LOADER: ACDB -> ACDB_CMD_GET_AUDPROC_COMMON_TABLE_SIZE
12-21 22:04:52.577   788 30357 D ACDB-LOADER: ACDB -> ACDB_CMD_GET_AUDPROC_COMMON_TABLE
12-21 22:04:52.577   788 30357 D ACDB-LOADER: ACDB -> AUDIO_SET_AUDPROC_CAL
12-21 22:04:52.577   788 30357 D ACDB-LOADER: ACDB -> send_audvoltable
12-21 22:04:52.577   788 30357 D ACDB-LOADER: ACDB -> ACDB_CMD_GET_AUDPROC_VOL_STEP_TABLE_SIZE
12-21 22:04:52.577   788 30357 D ACDB-LOADER: ACDB -> ACDB_CMD_GET_AUDPROC_GAIN_DEP_STEP_TABLE, vol index 0
12-21 22:04:52.577   788 30357 D         : Failed to fetch the lookup information of the device 0000003E 
12-21 22:04:52.577   788 30357 D ACDB-LOADER: ACDB -> AUDIO_SET_VOL_CAL cal type = 12
12-21 22:04:52.577   788 30357 D ACDB-LOADER: ACDB -> ACDB_CMD_GET_AUDPROC_STREAM_TABLE_SIZE
12-21 22:04:52.577   788 30357 D ACDB-LOADER: ACDB -> send_audstrmtable
12-21 22:04:52.577   788 30357 D ACDB-LOADER: ACDB -> ACDB_CMD_GET_AUDPROC_STREAM_TABLE_V2
12-21 22:04:52.577   788 30357 D ACDB-LOADER: ACDB -> audstrm_cal->cal_type.cal_data.cal_size = 456
12-21 22:04:52.577   788 30357 D ACDB-LOADER: ACDB -> send_afe_topology
12-21 22:04:52.577   788 30357 D ACDB-LOADER: ACDB -> ACDB_CMD_GET_AFE_TOPOLOGY_ID
12-21 22:04:52.577   788 30357 D ACDB-LOADER: ACDB -> GET_AFE_TOPOLOGY_ID for adcd_id 62, Topology Id 112fb
12-21 22:04:52.577   788 30357 D ACDB-LOADER: ACDB -> send_afe_cal
12-21 22:04:52.577   788 30357 D ACDB-LOADER: ACDB -> ACDB_CMD_GET_AFE_COMMON_TABLE_SIZE
12-21 22:04:52.577   788 30357 D         : Failed to fetch the lookup information of the device 0000003E 
12-21 22:04:52.577   788 30357 E ACDB-LOADER: Error: ACDB_CMD_GET_AFE_COMMON_TABLE_SIZE Returned = -19
12-21 22:04:52.577   788 30357 D ACDB-LOADER: ACDB -> ACDB_CMD_GET_AFE_COMMON_TABLE
12-21 22:04:52.577   788 30357 D         : Failed to fetch the lookup information of the device 0000003E 
12-21 22:04:52.577   788 30357 D ACDB-LOADER: ACDB -> AUDIO_SET_AFE_CAL
12-21 22:04:52.577   788 30357 D ACDB-LOADER: ACDB -> send_hw_delay : acdb_id = 62 path = 1
12-21 22:04:52.577   788 30357 D ACDB-LOADER: ACDB -> ACDB_AVSYNC_INFO: ACDB_CMD_GET_DEVICE_PROPERTY
12-21 22:04:52.577   788 30357 D audio_hw_primary: enable_snd_device: snd_device(120: voice-rec-mic)
12-21 22:04:52.577   788 30357 D audio_route: Apply path: voice-rec-mic
12-21 22:04:52.582   788 30357 V msm8974_platform: platform_get_snd_device_backend_index: enter with device 120
12-21 22:04:52.582   788 30357 E msm8974_platform: platform_get_snd_device_backend_index: BE DAI Name Table is not present
12-21 22:04:52.582   788 30357 V msm8974_platform: platform_get_backend_index:napb: backend port - 5 device - 120 
12-21 22:04:52.582   788 30357 I audio_hw_utils: Set Audio Stream Capture 0 App Type Cfg: app_type 69936, acdb_dev_id 62, sample_rate 48000, snd_device_be_idx -14
12-21 22:04:52.583   788 30357 D audio_hw_primary: enable_audio_route: usecase(9) apply and update mixer path: audio-record
12-21 22:04:52.583   788 30357 D audio_route: Apply path: audio-record
12-21 22:04:52.654 19624 19715 I MicroDetectionWorker: onReady
12-21 22:04:52.967  1456  7796 I OpenGLRenderer: Initialized EGL, version 1.4
12-21 22:04:52.967  1456  7796 D OpenGLRenderer: Swap behavior 2
12-21 22:04:52.999  2748  2917 W OpenGLRenderer: Incorrectly called buildLayer on View: ShortcutAndWidgetContainer, destroying layer...
12-21 22:04:53.141 30118 30203 I chatty  : uid=10611(org.mozilla.fenix.performancetest) expire 6 lines
12-21 22:04:53.212  1456  2162 D ConnectivityService: requestNetwork for uid/pid:10611/30118 NetworkRequest [ TRACK_DEFAULT id=12371, [ Capabilities: INTERNET&NOT_RESTRICTED&TRUSTED&NOT_VPN] ]
12-21 22:04:53.213  1456  2099 D Ethernet: got request NetworkRequest [ TRACK_DEFAULT id=12371, [ Capabilities: INTERNET&NOT_RESTRICTED&TRUSTED&NOT_VPN] ] with score 60
12-21 22:04:53.213  1456  2054 D WIFI_UT : got request NetworkRequest [ TRACK_DEFAULT id=12371, [ Capabilities: INTERNET&NOT_RESTRICTED&TRUSTED&NOT_VPN] ] with score 60
12-21 22:04:53.214  1456  2054 D WIFI    : got request NetworkRequest [ TRACK_DEFAULT id=12371, [ Capabilities: INTERNET&NOT_RESTRICTED&TRUSTED&NOT_VPN] ] with score 60
12-21 22:04:53.214  2398  2398 D PhoneSwitcherNetworkRequstListener: got request NetworkRequest [ TRACK_DEFAULT id=12371, [ Capabilities: INTERNET&NOT_RESTRICTED&TRUSTED&NOT_VPN] ] with score 60
12-21 22:04:53.236 30118 30360 I chatty  : uid=10611(org.mozilla.fenix.performancetest) expire 9 lines
12-21 22:04:53.710 30118 30140 I chatty  : uid=10611(org.mozilla.fenix.performancetest) expire 1 line
12-21 22:04:53.719  1456  2067 D ConnectivityService: releasing NetworkRequest [ TRACK_DEFAULT id=12371, [ Capabilities: INTERNET&NOT_RESTRICTED&TRUSTED&NOT_VPN] ] (release request)
12-21 22:04:57.587  1456  2920 I ActivityManager: Force stopping org.mozilla.fenix.performancetest appid=10611 user=0: from pid 30365
12-21 22:04:57.587  1456  2920 I ActivityManager: Killing 30118:org.mozilla.fenix.performancetest/u0a611 (adj 700): stop org.mozilla.fenix.performancetest
12-21 22:04:57.590  1456  2920 W ActivityManager: Force removing ActivityRecord{c72029a u0 org.mozilla.fenix.performancetest/org.mozilla.fenix.HomeActivity t11593}: app died, no saved state
12-21 22:04:57.590  1456  1605 W zygote  : kill(-30118, 9) failed: No such process
12-21 22:04:57.591 30158 30158 I chatty  : uid=10611(org.mozilla.fenix.performancetest) expire 1 line
12-21 22:04:57.599  1456  2920 I ActivityManager: Killing 30158:org.mozilla.fenix.performancetest:tab/u0a611 (adj 0): stop org.mozilla.fenix.performancetest
12-21 22:04:57.609  1456  1605 W zygote  : kill(-30118, 9) failed: No such process
12-21 22:04:57.610 26068 26068 I AppBase : onTrimMemory(): 15
12-21 22:04:57.610 26068 26068 I GoogleInputMethodService: onTrimMemory(): 15
12-21 22:04:57.614  2398  2398 D CarrierSvcBindHelper: No carrier app for: 0
12-21 22:04:57.616  2398  2398 D CarrierSvcBindHelper: No carrier app for: 1
12-21 22:04:57.623  1456  1605 W zygote  : kill(-30118, 9) failed: No such process
12-21 22:04:57.693  1456  1673 W ActivityManager: setHasOverlayUi called on unknown pid: 30118
12-21 22:04:57.700  1456  1605 I chatty  : uid=1000(system) ActivityManager identical 5 lines
12-21 22:04:57.714  1456  1473 I ActivityManager: START u0 {act=android.intent.action.VIEW dat=about:blank typ=text/html flg=0x10000000 cmp=org.mozilla.fenix.performancetest/org.mozilla.fenix.IntentReceiverActivity} from uid 2000
12-21 22:04:57.714  1456  1605 W zygote  : kill(-30118, 9) failed: No such process
12-21 22:04:57.714  1456  1605 I zygote  : Successfully killed process cgroup uid 10611 pid 30118 in 123ms
12-21 22:04:57.714  1456  1605 W zygote  : kill(-30158, 9) failed: No such process
12-21 22:04:57.714  1456  1605 I zygote  : Successfully killed process cgroup uid 10611 pid 30158 in 0ms
12-21 22:04:57.715   794   839 E ANDR-PERF-RESOURCEQS: Failed to apply optimization [4, 0]
12-21 22:04:57.723  1456  7796 I OpenGLRenderer: Initialized EGL, version 1.4
12-21 22:04:57.724  1456  7796 D OpenGLRenderer: Swap behavior 2
12-21 22:04:57.734  1456  5027 I ActivityManager: Start proc 30373:org.mozilla.fenix.performancetest/u0a611 for activity org.mozilla.fenix.performancetest/org.mozilla.fenix.IntentReceiverActivity
12-21 22:04:57.739 30373 30373 I chatty  : uid=10611(org.mozilla.fenix.performancetest) expire 11 lines
12-21 22:04:57.822 19624 19715 I MicroDetectionState: Should stop hotword detection immediately - false
12-21 22:04:57.822 19624 19715 I MicroDetector: Keeping mic open: false
12-21 22:04:57.822 19624 19715 I RecognitionAudioControl: #shutdownAudio [requestId: 2130794131736126921, keepAudioOpen: false, forced: true]
12-21 22:04:57.822 19624  4661 E DeviceStateChecker: DeviceStateChecker cancelled
12-21 22:04:57.822 19624 19715 I RecognitionAudioControl: #internalShutdownAudio [requestId: 2130794131736126921]
12-21 22:04:57.822 19624 19715 I RecognitionAudioControl: #internalShutdownAudio [keepAudioOpen: false, forced: true]
12-21 22:04:57.822 19624 19715 I RecognitionAudioControl: #actualShutdownAudio
12-21 22:04:57.822 19624 19715 I AudioController: #shutdown [requestId=2130794131736126921]
12-21 22:04:57.822 19624  4236 I AudioController: internalShutdown
12-21 22:04:57.823 19624 21551 I MicroRecognitionRunner: Stopping hotword detection.
12-21 22:04:57.874   788  1479 D audio_hw_primary: disable_audio_route: usecase(9) reset and update mixer path: audio-record
12-21 22:04:57.875   788  1479 D audio_hw_primary: disable_snd_device: snd_device(120: voice-rec-mic)
12-21 22:04:57.877  1012 13178 D APM_AudioPolicyManager: stopInput() input 43230, session 43265
12-21 22:04:57.878   788   788 D audio_hw_primary: in_set_parameters: enter: kvpairs=routing=0
12-21 22:04:57.880 19624  4236 I MicrophoneInputStream: mic_close  SR : 16000 CC : 16 SO : 1999
12-21 22:04:57.880 19624  4236 E AudioSource: Stop listening is called on already closed AudioSource
12-21 22:04:57.881 19624  4982 I MicroRecognitionRunner: Detection finished
12-21 22:04:57.978 30373 30391 I chatty  : uid=10611(org.mozilla.fenix.performancetest) expire 13 lines
12-21 22:04:58.190 30373 30403 I chatty  : uid=10611(org.mozilla.fenix.performancetest) expire 138 lines
12-21 22:04:58.225   808   898 I SFPerfTracer:      triggers: (rate: 0:0) (0 sw vsyncs) (0 skipped) (24:1108153 vsyncs) (26:2227991)
12-21 22:04:58.311 30373 30373 I chatty  : uid=10611(org.mozilla.fenix.performancetest) expire 60 lines
12-21 22:04:58.322 30373 30412 I chatty  : uid=10611(org.mozilla.fenix.performancetest) expire 10 lines
12-21 22:04:58.325  1456  1473 I ActivityManager: Start proc 30413:org.mozilla.fenix.performancetest:tab/u0a611 for service org.mozilla.fenix.performancetest/org.mozilla.gecko.process.GeckoServiceChildProcess$tab
12-21 22:04:58.335 30413 30413 I chatty  : uid=10611(org.mozilla.fenix.performancetest) expire 2 lines
12-21 22:04:58.472 30373 30437 I chatty  : uid=10611(org.mozilla.fenix.performancetest) expire 9 lines
12-21 22:04:58.502 30413 30438 I chatty  : uid=10611(org.mozilla.fenix.performancetest) expire 31 lines
12-21 22:04:58.605 30373 30378 I chatty  : uid=10611(org.mozilla.fenix.performancetest) expire 11 lines
