12-17 21:42:30.060   651   922 I webrtc_voice_engine.cc: [000:247] [922] (line 318): WebRtcVoiceEngine::ApplyOptions: AudioOptions {aec: 1, agc: 1, ns: 1, hf: 1, swap: 0, audio_jitter_buffer_max_packets: 200, audio_jitter_buffer_fast_accelerate: 0, audio_jitter_buffer_min_delay_ms: 0, audio_jitter_buffer_enable_rtx_handling: 0, typing: 1, experimental_agc: 0, experimental_ns: 0, residual_echo_detector: 1, }
12-17 21:42:30.060   651   922 I webrtc_voice_engine.cc: [000:247] [922] (line 374): Disable AGC according to field trial.
12-17 21:42:30.060   651   922 I audio_device_module.cc: [000:247] [922] (line 531): BuiltInAECIsAvailable
12-17 21:42:30.060   651   922 I audio_device_module.cc: [000:247] [922] (line 535): output: 1
12-17 21:42:30.060   651   922 I audio_device_module.cc: [000:247] [922] (line 561): EnableBuiltInAEC(1)
12-17 21:42:30.060   651   922 I audio_device_module.cc: [000:247] [922] (line 531): BuiltInAECIsAvailable
12-17 21:42:30.060   651   922 I audio_device_module.cc: [000:247] [922] (line 535): output: 1
12-17 21:42:30.060   651   922 I audio_record_jni.cc: [000:247] [922] (line 215): EnableBuiltInAEC(1)
12-17 21:42:30.063   651   907 W CarrierServices: [115097] bvw.C: No config URL. RCS will be disabled!
12-17 21:42:30.066   651   922 I WebRtcAudioRecordExternal: [000:253] [922] enableBuiltInAEC(true)
12-17 21:42:30.066   651   922 I WebRtcAudioEffectsExternal: [000:254] [922] setAEC(true)
12-17 21:42:30.066   651   922 I audio_device_module.cc: [000:254] [922] (line 566): output: 0
12-17 21:42:30.066   651   922 I webrtc_voice_engine.cc: [000:254] [922] (line 400): Disabling EC since built-in EC will be used instead
12-17 21:42:30.066   651   922 I audio_processing_impl.cc: [000:254] [922] (line 718): Highpass filter activated: 0
12-17 21:42:30.068   651   888 I CarrierServices: [115094] cmn.a: Received Provisioning Event: [Availability updated (12)]
12-17 21:42:30.068   651   888 I CarrierServices: [115094] cmn.a: JibeService is running, passing event to provisioning engine.
12-17 21:42:30.070   651   922 I audio_processing_impl.cc: [000:257] [922] (line 736): Gain Controller 2 activated: 0
12-17 21:42:30.070   651   922 I audio_processing_impl.cc: [000:257] [922] (line 738): Pre-amplifier activated: 0
12-17 21:42:30.070   651   922 I apm_helpers.cc: [000:257] [922] (line 48): Echo control set to 0 with mode 1
12-17 21:42:30.070   651   922 I audio_device_module.cc: [000:258] [922] (line 541): BuiltInAGCIsAvailable
12-17 21:42:30.070   651   922 I audio_device_module.cc: [000:258] [922] (line 542): output: 0
12-17 21:42:30.070   651   922 I audio_device_module.cc: [000:258] [922] (line 551): BuiltInNSIsAvailable
12-17 21:42:30.073  1456  1466 I zygote  : Background concurrent copying GC freed 68144(3MB) AllocSpace objects, 28(1072KB) LOS objects, 42% free, 28MB/50MB, paused 223us total 316.582ms
12-17 21:42:30.074   651   922 I audio_device_module.cc: [000:258] [922] (line 555): output: 1
12-17 21:42:30.074   651   922 I audio_device_module.cc: [000:261] [922] (line 578): EnableBuiltInNS(1)
12-17 21:42:30.074   651   922 I audio_device_module.cc: [000:261] [922] (line 551): BuiltInNSIsAvailable
12-17 21:42:30.074   651   922 I audio_device_module.cc: [000:261] [922] (line 555): output: 1
12-17 21:42:30.074   651   922 I audio_record_jni.cc: [000:261] [922] (line 223): EnableBuiltInNS(1)
12-17 21:42:30.074   651   922 I WebRtcAudioRecordExternal: [000:261] [922] enableBuiltInNS(true)
12-17 21:42:30.074   651   922 I WebRtcAudioEffectsExternal: [000:262] [922] setNS(true)
12-17 21:42:30.074   651   922 I audio_device_module.cc: [000:262] [922] (line 583): output: 0
12-17 21:42:30.075   651   922 I webrtc_voice_engine.cc: [000:262] [922] (line 429): Disabling NS since built-in NS will be used instead
12-17 21:42:30.075   651   922 I audio_processing_impl.cc: [000:262] [922] (line 718): Highpass filter activated: 0
12-17 21:42:30.075   651   922 I audio_processing_impl.cc: [000:262] [922] (line 736): Gain Controller 2 activated: 0
12-17 21:42:30.075   651   922 I audio_processing_impl.cc: [000:262] [922] (line 738): Pre-amplifier activated: 0
12-17 21:42:30.075   651   922 I apm_helpers.cc: [000:263] [922] (line 62): NS set to 0
12-17 21:42:30.075   651   922 I webrtc_voice_engine.cc: [000:263] [922] (line 437): Stereo swapping enabled? 0
12-17 21:42:30.075   651   922 I webrtc_voice_engine.cc: [000:263] [922] (line 442): NetEq capacity is 200
12-17 21:42:30.075   651   922 I webrtc_voice_engine.cc: [000:263] [922] (line 448): NetEq fast mode? 0
12-17 21:42:30.075   651   922 I webrtc_voice_engine.cc: [000:263] [922] (line 454): NetEq minimum delay is 0
12-17 21:42:30.075   651   922 I webrtc_voice_engine.cc: [000:263] [922] (line 460): NetEq handle reordered packets? 0
12-17 21:42:30.075   651   922 I webrtc_voice_engine.cc: [000:263] [922] (line 472): Experimental ns is enabled? 0
12-17 21:42:30.075   651   922 I webrtc_voice_engine.cc: [000:263] [922] (line 482): Setting AGC to 0
12-17 21:42:30.075   651   922 I webrtc_voice_engine.cc: [000:263] [922] (line 504): Typing detection is enabled? 0
12-17 21:42:30.075   651   922 I audio_processing_impl.cc: [000:263] [922] (line 718): Highpass filter activated: 1
12-17 21:42:30.076   651   922 I audio_processing_impl.cc: [000:263] [922] (line 736): Gain Controller 2 activated: 0
12-17 21:42:30.076   651   922 I audio_processing_impl.cc: [000:263] [922] (line 738): Pre-amplifier activated: 0
12-17 21:42:30.077   651   922 I PeerConnectionFactory: [000:264] [922] onWorkerThreadReady
12-17 21:42:30.082   651   888 I CarrierServices: [115094] cdj.a: Handling Provisioning Event: [Availability updated (12)]
12-17 21:42:30.091   651   924 I PeerConnectionFactory: [000:278] [924] onSignalingThreadReady
12-17 21:42:30.091   651   921 I PeerConnectionFactory: [000:279] [921] onNetworkThreadReady
12-17 21:42:30.091   651   763 I CarrierServices: [115082] dah.run: schedule local logs cleanup job service
12-17 21:42:30.093   651   853 I CarrierServices: [115092] cdc.a: Sending ProvisioningEvent to Bugle [Update provisioning status (11)], [I_RX4awbE69dTpdZElF5ageNbCU5kW5cXzLTa2Lce-E]
12-17 21:42:30.112   651   853 I CarrierServices: [115092] cdw.a: (PEv2-SM): DisabledState: event SIM event
12-17 21:42:30.114   651   853 I CarrierServices: [115092] cdw.a: (PEv2-SM): DisabledState: event Availability updated
12-17 21:42:30.114   651   853 I CarrierServices: [115092] cev.a: RcsAvailabilityManager: Calculating Rcs Availability
12-17 21:42:30.116   651   726 E CarrierServices: [115071] cne.m: Default SIM info not updated.
12-17 21:42:30.117   651   726 I CarrierServices: [115071] cne.m: Processing an intent
12-17 21:42:30.127   651   726 I CarrierServices: [115071] cne.a: Ignoring duplicate SIM state: ABSENT
12-17 21:42:30.135   651   853 I CarrierServices: [115092] cev.a: RcsAvailabilityManager: Rcs Availability still DISABLED_SIM_ABSENT (RCS is disabled due to SIM absent)
12-17 21:42:30.137   651   726 E CarrierServices: [115071] cne.m: Default SIM info not updated.
12-17 21:42:30.137   651   726 I CarrierServices: [115071] cne.m: Processing an intent
12-17 21:42:30.147   651   726 I CarrierServices: [115071] cne.a: Ignoring duplicate SIM state: ABSENT
12-17 21:42:30.160   805   805 I BugleRcsEngine: [2] szm.<init>: Initializing SimStateTracker with multi-sim support
12-17 21:42:30.162   805   805 W BugleRcsEngine: Trying to log through cs.apk when it has not been initialized yet
12-17 21:42:30.164   805   805 I BugleRcsEngine: [2] szs.<init>: Initializing SimStateTracker for single-sim device
12-17 21:42:30.164   805   805 W BugleRcsEngine: Trying to log through cs.apk when it has not been initialized yet
12-17 21:42:30.170   805   876 I FA      : App measurement is starting up, version: 19000
12-17 21:42:30.171   805   876 I FA      : To enable debug logging run: adb shell setprop log.tag.FA VERBOSE
12-17 21:42:30.171   805   876 I FA      : To enable faster debug mode event logging run:
12-17 21:42:30.171   805   876 I FA      :   adb shell setprop debug.firebase.analytics.app com.google.android.apps.messaging
12-17 21:42:30.192   805   923 I BugleRcsEngine: [115084] shm.b: Reinitialize CSLib Flags: com.google.android.ims.library
12-17 21:42:30.195   805   805 I Bugle   : BugleApplicationBase: Bugle version: 5.2.062 (pegasus_rc17_xxhdpi.armeabi-v7a.phone)
12-17 21:42:30.197   805   912 I PrimesTesting: GserviceFlagsSupplier.get()
12-17 21:42:30.246   805   933 I Bugle   : Initializing EmojiCompat
12-17 21:42:30.247   805   876 I zygote  : Deoptimizing java.lang.Object qpm.a(java.lang.Object) due to JIT inline cache
12-17 21:42:30.249  1456  3927 I WifiService: getDhcpInfo uid=10590
12-17 21:42:30.251   805   805 I Bugle   : DarkModeUtilBase: Setting system dark mode to off
12-17 21:42:30.275 20319 20346 I FontsContentProvider: Received query Noto Color Emoji Compat, URI content://com.google.android.gms.fonts
12-17 21:42:30.278 20319 20346 I FontsContentProvider: Query [Noto Color Emoji Compat] resolved to {Noto Color Emoji Compat, wdth 100.0, wght 400, ital 0.0, bestEffort false}
12-17 21:42:30.284 20319 20346 I FontsContentProvider: Fetch {Noto Color Emoji Compat, wdth 100.0, wght 400, ital 0.0, bestEffort false} end status Status{statusCode=SUCCESS, resolution=null}
12-17 21:42:30.284 20319 20346 I zygote  : Deoptimizing java.lang.Object bnnv.a(java.lang.Object, int, java.lang.Object, boolean) due to JIT inline cache
12-17 21:42:30.311 20319 20346 I FontsContentProvider: Pulling font file for id = 9, cache size = 4
12-17 21:42:30.322   805   805 I BugleDataModel: RcsMigrationService: Returning RCS state provider.
12-17 21:42:30.341   805   936 I BugleRcsEngine: [115089] tgj.c: Checking if using CarrierServices.apk is possible. Enabled: true, isAtLeastM: true, runningInsideBugle: true
12-17 21:42:30.341   805   894 I BugleRcsEngine: [115079] szm.a: register Carrier Config Changed event
12-17 21:42:30.344 20319 20346 I FontsContentProvider: Pulling font file for id = 9, cache size = 4
12-17 21:42:30.348   805   805 I BugleRcsProvisioning: RcsProvisioningEventReceiver: Received ProvisioningEvent: Enable PEv2
12-17 21:42:30.355   805   943 I BugleRcsEngine: [115094] szo.b: do not delay first event
12-17 21:42:30.366   805   894 I BugleRcsEngine: [115079] shm.b: Reinitialize CSLib Flags: com.google.android.ims.library
12-17 21:42:30.382  1456  5031 W ActivityManager: Background start not allowed: service Intent { cmp=com.google.android.apps.messaging/.shared.datamodel.action.execution.ActionExecutorImpl$EmptyService } to com.google.android.apps.messaging/.shared.datamodel.action.execution.ActionExecutorImpl$EmptyService from pid=805 uid=10110 pkg=com.google.android.apps.messaging
12-17 21:42:30.386   805   805 I BugleAction: ActionSchedulerImpl: class com.google.android.apps.messaging.shared.datamodel.action.CountryCodeDetectorAction-CountryCodeDetectorAction:9165033738003 deferred since it was started from unsafe context
12-17 21:42:30.393   805   936 I RcsProvisioning: Failed to read config: no config found /data/user/0/com.google.android.apps.messaging/files/rcsconfig (No such file or directory)
12-17 21:42:30.410   805   940 D NetworkSecurityConfig: No Network Security Config specified, using platform default
12-17 21:42:30.410   805   943 E BugleRcsEngine: [115094] szm.k: Default SIM info not updated.
12-17 21:42:30.411   805   943 I BugleRcsEngine: [115094] szm.k: Processing an intent
12-17 21:42:30.416   805   943 I BugleRcsEngine: [115094] szm.a: SIM state ABSENT
12-17 21:42:30.436   805   943 I BugleRcsEngine: [115094] szm.a: Broadcasting Intent { act=com.google.android.ims.SIM_ABSENT }
12-17 21:42:30.443   805   805 I BugleDataModel: ParticipantRefresh: ContactContentObserver created
12-17 21:42:30.450   805   912 I BugleRcs: RcsAvailabilityUtilImplPhone: MSIM Rcs disabled because ENABLE_RCS_MULTISIM_V0 disabled
12-17 21:42:30.455   805   805 W BugleRcsEngine: [2] szm.b: Unexpected action: android.telephony.action.DEFAULT_SUBSCRIPTION_CHANGED
12-17 21:42:30.464   805   805 I BugleRcsProvisioning: RcsProvisioningEventReceiver: Received ProvisioningEvent: Request Bugle information
12-17 21:42:30.468   805   953 I BugleRcsEngine: [115101] szo.b: SIM delay is not enabled
12-17 21:42:30.469   805   953 W BugleRcsEngine: [115101] szm.c: process intent: android.intent.action.SIM_STATE_CHANGED
12-17 21:42:30.474   805   912 I BugleRcs: RcsAvailabilityUtilForProvisioningEngineV2: Get Updated RcsAvailability, RcsAvailability: DISABLED_MULTI_SLOT_DEVICE, SimId: Redacted-0
12-17 21:42:30.479   805   933 I BugleRcs: RcsAvailabilityUtilForProvisioningEngineV2: success updating RCS availability asynch
12-17 21:42:30.484   805   805 I Bugle   : SimChangeReceiver: action: com.google.android.ims.SIM_ABSENT
12-17 21:42:30.490   805   894 I BugleRcs: RcsAvailabilityUtilForProvisioningEngineV2: updated datastore for rcs availability, simId: , availability: DISABLED_MULTI_SLOT_DEVICE
12-17 21:42:30.494   805   923 I BugleRcsEngine: [115084] rud.a: Initializing Carrier Services Library.
12-17 21:42:30.494   805   923 I BugleRcsEngine: [115084] shm.b: Reinitialize CSLib Flags: com.google.android.ims.library
12-17 21:42:30.498   805   912 W Bugle   : SubscriptionMetadataUtils get: invalid subId = -1
12-17 21:42:30.506   805   805 I BugleRcsEngine: [2] yrg.disconnect: Disconnecting ChatSessionService
12-17 21:42:30.507   805   805 I BugleRcsEngine: [2] yrg.disconnect: Disconnecting ContactsService
12-17 21:42:30.507   805   805 I BugleRcsEngine: [2] yrg.disconnect: Disconnecting FileTransferService
12-17 21:42:30.507   805   805 I BugleRcsEngine: [2] yrg.disconnect: Disconnecting LocationSharingService
12-17 21:42:30.508   805   805 I BugleRcsEngine: [2] yrg.disconnect: Disconnecting ImsConnectionTrackerService
12-17 21:42:30.509   805   805 I BugleRcsEngine: [2] yrg.disconnect: Disconnecting RcsProfileService
12-17 21:42:30.514   805   912 W Bugle   : SubscriptionMetadataUtils get: invalid subId = -1
12-17 21:42:30.514   805   805 I BugleRcsEngine: [2] yrg.disconnect: Disconnecting BusinessInfoService
12-17 21:42:30.516   805   912 W Bugle   : Get mms config failed: invalid subId. subId=-1, real subId=-1, map={ }
12-17 21:42:30.517   805   805 I BugleRcsProvisioning: RcsProvisioningEventReceiver: Received ProvisioningEvent: Availability updated
12-17 21:42:30.518   805   805 I BugleRcsProvisioning: RcsProvisioningEventReceiver: Bugle receives rcs availability update to: 9
12-17 21:42:30.528   805   805 I BugleRcsEngine: [2] yrg.disconnect: Disconnecting ChatSessionService
12-17 21:42:30.528   805   805 I BugleRcsEngine: [2] yrg.disconnect: Disconnecting ContactsService
12-17 21:42:30.529   805   805 I BugleRcsEngine: [2] yrg.disconnect: Disconnecting FileTransferService
12-17 21:42:30.529   805   805 I BugleRcsEngine: [2] yrg.disconnect: Disconnecting LocationSharingService
12-17 21:42:30.530   805   805 I BugleRcsEngine: [2] yrg.disconnect: Disconnecting ImsConnectionTrackerService
12-17 21:42:30.530   805   805 I BugleRcsEngine: [2] yrg.disconnect: Disconnecting RcsProfileService
12-17 21:42:30.531   805   805 I BugleRcsEngine: [2] yrg.disconnect: Disconnecting BusinessInfoService
12-17 21:42:30.531   805   923 I BugleRcsEngine: [115084] szm.<init>: Initializing SimStateTracker with multi-sim support
12-17 21:42:30.532   805   923 I BugleRcsEngine: [115084] szs.<init>: Initializing SimStateTracker for single-sim device
12-17 21:42:30.533   805   923 I BugleRcsEngine: [115084] shm.b: Reinitialize CSLib Flags: com.google.android.ims.library
12-17 21:42:30.540   805   933 I BugleRcs: RcsAvailabilityUtilForProvisioningEngineV2: updated datastore for rcs availability, simId: , availability: DISABLED_SIM_ABSENT
12-17 21:42:30.552   805   805 I BugleRcsProvisioning: RcsProvisioningEventReceiver: Received ProvisioningEvent: Update provisioning status
12-17 21:42:30.553   805   912 I BugleBackup: Registering preference change listener for "buglesub_-1".
12-17 21:42:30.568   805   805 I BugleRcsProvisioning: RcsProvisioningEventReceiver: Received ProvisioningEvent: Request Bugle information
12-17 21:42:30.575   805   943 E BugleRcsEngine: [115094] szm.k: Default SIM info not updated.
12-17 21:42:30.577   805   943 I BugleRcsEngine: [115094] szm.k: Processing an intent
12-17 21:42:30.580   805   943 I BugleRcsEngine: [115094] szm.a: Ignoring duplicate SIM state: ABSENT
12-17 21:42:30.581   805   923 I BugleBackup: Registering preference change listener for "bugle".
12-17 21:42:30.587   805   805 I BugleRcsProvisioning: RcsProvisioningEventReceiver: Received ProvisioningEvent: Update provisioning status
12-17 21:42:30.598   805   912 W Bugle   : SubscriptionMetadataUtils get: invalid subId = -1
12-17 21:42:30.637   805   912 I chatty  : uid=10110(com.google.android.apps.messaging) BG Thread #1 identical 4 lines
12-17 21:42:30.640   805   912 W Bugle   : SubscriptionMetadataUtils get: invalid subId = -1
12-17 21:42:30.644   805   936 I RcsProvisioning: Failed to read config: no config found /data/user/0/com.google.android.apps.messaging/files/rcsconfig (No such file or directory)
12-17 21:42:30.648   805   912 W Bugle   : SubscriptionMetadataUtils get: invalid subId = -1
12-17 21:42:30.653   805   912 W Bugle   : SubscriptionMetadataUtils get: invalid subId = -1
12-17 21:42:30.739   805   816 I zygote  : Do partial code cache collection, code=22KB, data=31KB
12-17 21:42:30.741   805   816 I zygote  : After code cache collection, code=19KB, data=30KB
12-17 21:42:30.741   805   816 I zygote  : Increasing code cache capacity to 128KB
12-17 21:42:30.747   805   936 E BugleRcsEngine: [115089] sub.a: File not found.: java.io.FileNotFoundException: /data/user/0/com.google.android.apps.messaging/files/httpft_pending (No such file or directory)
12-17 21:42:30.747   805   936 E BugleRcsEngine: 	at java.io.FileInputStream.open0(Native Method)
12-17 21:42:30.747   805   936 E BugleRcsEngine: 	at java.io.FileInputStream.open(FileInputStream.java:200)
12-17 21:42:30.747   805   936 E BugleRcsEngine: 	at java.io.FileInputStream.<init>(FileInputStream.java:150)
12-17 21:42:30.747   805   936 E BugleRcsEngine: 	at android.app.ContextImpl.openFileInput(ContextImpl.java:530)
12-17 21:42:30.747   805   936 E BugleRcsEngine: 	at android.content.ContextWrapper.openFileInput(ContextWrapper.java:195)
12-17 21:42:30.747   805   936 E BugleRcsEngine: 	at sub.a(PG:37)
12-17 21:42:30.747   805   936 E BugleRcsEngine: 	at com.google.android.apps.messaging.rcsmigration.RcsStateProvider.buildRcsState(PG:45)
12-17 21:42:30.747   805   936 E BugleRcsEngine: 	at com.google.android.apps.messaging.rcsmigration.RcsStateProvider.getRcsState(PG:57)
12-17 21:42:30.747   805   936 E BugleRcsEngine: 	at com.google.android.ims.rcsmigration.IRcsStateProvider$Stub.dispatchTransaction(PG:8)
12-17 21:42:30.747   805   936 E BugleRcsEngine: 	at com.google.android.aidl.BaseStub.onTransact(PG:9)
12-17 21:42:30.747   805   936 E BugleRcsEngine: 	at android.os.Binder.execTransact(Binder.java:697)
12-17 21:42:30.758   651   892 I CarrierServices: [115095] brf.doInBackground: Saving RCS State
12-17 21:42:30.758   651   716 I CarrierServices: [115064] cmn.a: Received Provisioning Event: [Bugle information (100)]
12-17 21:42:30.758   651   723 I CarrierServices: [115068] cmn.a: Received Provisioning Event: [Bugle information (100)]
12-17 21:42:30.759   651   892 I CarrierServices: [115095] brf.doInBackground: Old operation mode: 2
12-17 21:42:30.759   651   723 I CarrierServices: [115068] cmn.a: JibeService is running, passing event to provisioning engine.
12-17 21:42:30.759   651   716 I CarrierServices: [115064] cmn.a: JibeService is running, passing event to provisioning engine.
12-17 21:42:30.759   651   888 I CarrierServices: [115094] cmn.a: Received Provisioning Event: [Bugle information (100)]
12-17 21:42:30.759   651   723 I CarrierServices: [115068] cdj.a: Handling Provisioning Event: [Bugle information (100)]
12-17 21:42:30.759   651   716 I CarrierServices: [115064] cdj.a: Handling Provisioning Event: [Bugle information (100)]
12-17 21:42:30.759   651   892 I CarrierServices: [115095] brf.doInBackground: New operation mode: 2
12-17 21:42:30.759   651   888 I CarrierServices: [115094] cmn.a: JibeService is running, passing event to provisioning engine.
12-17 21:42:30.760   651   888 I CarrierServices: [115094] cdj.a: Handling Provisioning Event: [Bugle information (100)]
12-17 21:42:30.760   651   651 I CarrierServices: [2] brf.onPostExecute: Finalizing migration for RCS state: Operation mode FULL STACK
12-17 21:42:30.762   651   716 I CarrierServices: [115064] cev.a: RcsAvailabilityManager: Calculating Rcs Availability
12-17 21:42:30.762   651   888 I CarrierServices: [115094] cev.a: RcsAvailabilityManager: Calculating Rcs Availability
12-17 21:42:30.762   805   936 I BugleRcsEngine: [115089] RcsStateProvider.onMigrationComplete: Migration complete.
12-17 21:42:30.762   651   723 I CarrierServices: [115068] cev.a: RcsAvailabilityManager: Calculating Rcs Availability
12-17 21:42:30.766   651   651 I CarrierServices: [2] brg.a: Unbinding RcsMigrationService
12-17 21:42:30.768   651   723 I CarrierServices: [115068] cev.a: RcsAvailabilityManager: Rcs Availability still DISABLED_SIM_ABSENT (RCS is disabled due to SIM absent)
12-17 21:42:30.768   651   888 I CarrierServices: [115094] cev.a: RcsAvailabilityManager: Rcs Availability still DISABLED_SIM_ABSENT (RCS is disabled due to SIM absent)
12-17 21:42:30.770   651   716 I CarrierServices: [115064] cev.a: RcsAvailabilityManager: Rcs Availability still DISABLED_SIM_ABSENT (RCS is disabled due to SIM absent)
12-17 21:42:30.770   805   981 I BugleRcsEngine: [115115] tgj.c: Checking if using CarrierServices.apk is possible. Enabled: true, isAtLeastM: true, runningInsideBugle: true
12-17 21:42:30.772   805   981 I BugleRcsEngine: [115115] RcsStateProvider.lambda$onMigrationComplete$0$RcsStateProvider: Rcs Engine should be running in cs.apk. Stopping JibeService.
12-17 21:42:30.772   805   981 I BugleRcsEngine: [115115] yrg.disconnect: Disconnecting ChatSessionService
12-17 21:42:30.773   805   981 I BugleRcsEngine: [115115] yrg.disconnect: Disconnecting ContactsService
12-17 21:42:30.773   805   981 I BugleRcsEngine: [115115] yrg.disconnect: Disconnecting FileTransferService
12-17 21:42:30.774   805   981 I BugleRcsEngine: [115115] yrg.disconnect: Disconnecting LocationSharingService
12-17 21:42:30.774   805   981 I BugleRcsEngine: [115115] yrg.disconnect: Disconnecting ImsConnectionTrackerService
12-17 21:42:30.774   805   981 I BugleRcsEngine: [115115] yrg.disconnect: Disconnecting RcsProfileService
12-17 21:42:30.775   805   981 I BugleRcsEngine: [115115] yrg.disconnect: Disconnecting BusinessInfoService
12-17 21:42:30.777   805   981 I BugleRcsEngine: [115115] RcsStateProvider.lambda$onMigrationComplete$0$RcsStateProvider: JibeService stopped: false
12-17 21:42:30.778   805   981 I BugleRcsEngine: [115115] yrg.connect: Connecting ChatSessionService
12-17 21:42:30.780   651   892 I CarrierServices: [115095] cmn.a: Received Provisioning Event: [Bugle information (100)]
12-17 21:42:30.781   805   981 I BugleRcsEngine: [115115] yrg.connect: shouldUseCarrierServicesJibeService: true, CarrierServices rcs service found: true
12-17 21:42:30.781   651   892 I CarrierServices: [115095] cmn.a: JibeService is running, passing event to provisioning engine.
12-17 21:42:30.781   651   892 I CarrierServices: [115095] cdj.a: Handling Provisioning Event: [Bugle information (100)]
12-17 21:42:30.781   805   981 I BugleRcsEngine: [115115] yrg.connect: Binding to JibeService in CarrierServices.
12-17 21:42:30.782   651   892 I CarrierServices: [115095] cev.a: RcsAvailabilityManager: Calculating Rcs Availability
12-17 21:42:30.783   805   981 I BugleRcsEngine: [115115] yrg.connect: Connecting EventService
12-17 21:42:30.785   651   892 I CarrierServices: [115095] cev.a: RcsAvailabilityManager: Rcs Availability still DISABLED_SIM_ABSENT (RCS is disabled due to SIM absent)
12-17 21:42:30.786   805   981 I BugleRcsEngine: [115115] yrg.connect: shouldUseCarrierServicesJibeService: true, CarrierServices rcs service found: true
12-17 21:42:30.787   805   981 I BugleRcsEngine: [115115] yrg.connect: Binding to JibeService in CarrierServices.
12-17 21:42:30.787   615   978 I chatty  : uid=10590(org.mozilla.fenix.performancetest) expire 2 lines
12-17 21:42:30.788   805   981 I BugleRcsEngine: [115115] yrg.connect: Connecting ContactsService
12-17 21:42:30.791   805   805 I RcsClientLib: Service com.google.android.rcs.client.chatsession.ChatSessionService connected. Will notify listeners: true
12-17 21:42:30.791   805   981 I BugleRcsEngine: [115115] yrg.connect: shouldUseCarrierServicesJibeService: true, CarrierServices rcs service found: true
12-17 21:42:30.791   805   981 I BugleRcsEngine: [115115] yrg.connect: Binding to JibeService in CarrierServices.
12-17 21:42:30.792   805   805 I RcsClientLib: Service com.google.android.rcs.client.events.EventService connected. Will notify listeners: true
12-17 21:42:30.793   805   981 I BugleRcsEngine: [115115] yrg.connect: Connecting FileTransferService
12-17 21:42:30.796   805   981 I BugleRcsEngine: [115115] yrg.connect: shouldUseCarrierServicesJibeService: true, CarrierServices rcs service found: true
12-17 21:42:30.796   805   981 I BugleRcsEngine: [115115] yrg.connect: Binding to JibeService in CarrierServices.
12-17 21:42:30.799   805   805 I RcsClientLib: Service com.google.android.rcs.client.contacts.ContactsService connected. Will notify listeners: true
12-17 21:42:30.799   805   981 I BugleRcsEngine: [115115] yrg.connect: Connecting LocationSharingService
12-17 21:42:30.803   805   981 I BugleRcsEngine: [115115] yrg.connect: shouldUseCarrierServicesJibeService: true, CarrierServices rcs service found: true
12-17 21:42:30.804   805   981 I BugleRcsEngine: [115115] yrg.connect: Binding to JibeService in CarrierServices.
12-17 21:42:30.805   805   805 I RcsClientLib: Service com.google.android.rcs.client.filetransfer.FileTransferService connected. Will notify listeners: true
12-17 21:42:30.805   805   981 I BugleRcsEngine: [115115] yrg.connect: Connecting ImsConnectionTrackerService
12-17 21:42:30.808   805   981 I BugleRcsEngine: [115115] yrg.connect: shouldUseCarrierServicesJibeService: true, CarrierServices rcs service found: true
12-17 21:42:30.809   805   981 I BugleRcsEngine: [115115] yrg.connect: Binding to JibeService in CarrierServices.
12-17 21:42:30.810   805   981 I BugleRcsEngine: [115115] yrg.connect: Connecting RcsProfileService
12-17 21:42:30.810   805   805 I RcsClientLib: Service com.google.android.rcs.client.locationsharing.LocationSharingService connected. Will notify listeners: true
12-17 21:42:30.814   805   981 I BugleRcsEngine: [115115] yrg.connect: shouldUseCarrierServicesJibeService: true, CarrierServices rcs service found: true
12-17 21:42:30.814   805   805 I RcsClientLib: Service com.google.android.rcs.client.ims.ImsConnectionTrackerService connected. Will notify listeners: true
12-17 21:42:30.814   805   981 I BugleRcsEngine: [115115] yrg.connect: Binding to JibeService in CarrierServices.
12-17 21:42:30.816   805   981 I BugleRcsEngine: [115115] yrg.connect: Connecting BusinessInfoService
12-17 21:42:30.819   805   981 I BugleRcsEngine: [115115] yrg.connect: shouldUseCarrierServicesJibeService: true, CarrierServices rcs service found: true
12-17 21:42:30.819   805   981 I BugleRcsEngine: [115115] yrg.connect: Binding to JibeService in CarrierServices.
12-17 21:42:30.867   805   981 I RcsProvisioning: Failed to read config: no config found /data/user/0/com.google.android.apps.messaging/files/rcsconfig (No such file or directory)
12-17 21:42:30.888   651   724 E CarrierServices: [115069] coc.a: Invalid signature found for com.android.contacts: 133C95C5F20BA6481C493541241961C0DC0415A8
12-17 21:42:30.905   651   724 E CarrierServices: [115069] coc.a: Invalid signature found for com.android.contacts: 133C95C5F20BA6481C493541241961C0DC0415A8
12-17 21:42:30.925   805   805 I RcsClientLib: Service com.google.android.rcs.client.profile.RcsProfileService connected. Will notify listeners: true
12-17 21:42:30.930   651   724 W CarrierServices: [115069] ccb.c: No config URL available.
12-17 21:42:30.932   805   805 I BugleRcs: RcsAvailability ACS url: null
12-17 21:42:30.932   805   805 I RcsClientLib: Service com.google.android.rcs.client.businessinfo.BusinessInfoService connected. Will notify listeners: true
12-17 21:42:30.937   651   724 W CarrierServices: [115069] ccb.c: No config URL available.
12-17 21:42:30.937   805   805 I BugleRcs: RcsAvailability ACS url: null
12-17 21:42:31.005   805   981 I BugleRcsEngine: [115115] sub.a: Deleted transfers file: false
12-17 21:42:31.009   805   981 I RcsProvisioning: Failed to read config: no config found /data/user/0/com.google.android.apps.messaging/files/rcsconfig (No such file or directory)
12-17 21:42:31.421  1456  1673 I LaunchCheckinHandler: Displayed org.mozilla.fenix.performancetest/org.mozilla.fenix.HomeActivity,cp,ca,3340
12-17 21:42:31.422  1456  1673 I ActivityManager: Displayed org.mozilla.fenix.performancetest/org.mozilla.fenix.HomeActivity: +3s335ms
12-17 21:42:31.465   808   808 I SFPerfTracer:      triggers: (rate: 48:47389) (compose: 0:5) (post: 0:12) (render: 0:9) (0:1133861 frames) (1:2025848)
12-17 21:42:31.465   808   808 D SFPerfTracer:        layers: (3:14) (NavigationBar#0 (0xb07df000): 0:257941) (StatusBar#0 (0xb07e3000): 0:880446) (com.android.systemui.ImageWallpaper#0 (0xb07e7000): 0:18355)* (Sprite#0 (0xb0733000): 0:317)* (DimLayerController/Stack=0#0 (0xb075a000): 0:3501)* (Sprite#1 (0xb077c000): 0:195)* (com.android.launcher3/com.android.launcher3.CustomizationPanelLauncher#0 (0xb0763000): 0:45)- (com.android.launcher3/com.android.launcher3.CustomizationPanelLauncher#1 (0xb0771000): 0:4600)- (Splash Screen org.mozilla.fenix.performancetest#0 (0xb0384000): 0:31)- (org.mozilla.fenix.performancetest/org.mozilla.fenix.HomeActivity#0 (0xb0293000): 0:32)- (com.android.launcher3/com.android.launcher3.CustomizationPanelLauncher#0 (0xb0763000): 0:39)* (com.android.launcher3/com.android.launcher3.CustomizationPanelLauncher#1 (0xb0771000): 0:8)* (Splash Screen org.mozilla.fenix.performancetest#0 (0xb039b000): 0:22) (org.mozilla.fenix.performancetest/org.mozilla.fenix.HomeActivity#0 (0xb0292000): 1:4)* 
12-17 21:42:31.853   615  1059 I chatty  : uid=10590(org.mozilla.fenix.performancetest) expire 4 lines
12-17 21:42:31.877 19624 19624 I MemoryTrimmer: Trimming objects from memory, since app is in the background.
12-17 21:42:31.898 19624 19624 I MemoryTrimmer: Trimming objects from memory, since app is in the background.
12-17 21:42:31.936 19624   600 I PBSessionCacheImpl: Deleted sessionId[86308841256994909] from persistence.
12-17 21:42:31.937  1456  2921 I WifiService: getWifiEnabledState uid=10073
12-17 21:42:31.941   615   638 I chatty  : uid=10590(org.mozilla.fenix.performancetest) expire 1 line
12-17 21:42:31.948 19624 19715 W SearchServiceCore: Abort, client detached.
12-17 21:42:32.009   651   845 W CarrierServices: [115089] bvw.C: No config URL. RCS will be disabled!
12-17 21:42:32.020   651   919 W CarrierServices: [115099] ccb.c: No config URL available.
12-17 21:42:32.023  1456  2921 W ActivityManager: Background start not allowed: service Intent { cmp=com.google.android.apps.messaging/.shared.datamodel.action.execution.ActionExecutorImpl$EmptyService } to com.google.android.apps.messaging/.shared.datamodel.action.execution.ActionExecutorImpl$EmptyService from pid=805 uid=10110 pkg=com.google.android.apps.messaging
12-17 21:42:32.041   805  1065 W Bugle   : SubscriptionMetadataUtils get: invalid subId = -1
12-17 21:42:32.059   805  1065 W Bugle   : SubscriptionMetadataUtils get: invalid subId = -1
12-17 21:42:32.065   805  1065 I Bugle   : CountryCodeDetector: updateMainDeviceCountry from system locale as fallback. detected country: US
12-17 21:42:32.546  2398  2398 D ImsResolver: maybeAddedImsService, packageName: org.mozilla.fenix.performancetest
12-17 21:42:32.554  2360  2360 D MayaFrameworkProxyService: receive intent :Intent { act=android.intent.action.PACKAGE_CHANGED dat=package:org.mozilla.fenix.performancetest flg=0x45000010 (has extras) }
12-17 21:42:32.568  1456  1600 W ResourceType: No known package when getting value for resource number 0x7f080196
12-17 21:42:32.572  1456  1600 W ResourceType: No known package when getting value for resource number 0x7f1200fd
12-17 21:42:32.573  1456  1600 W ResourceType: No known package when getting value for resource number 0x7f1200fd
12-17 21:42:32.573  1456  1942 I InputReader: Reconfiguring input devices.  changes=0x00000010
12-17 21:42:32.573  1456  1600 W ResourceType: No known package when getting value for resource number 0x7f080194
12-17 21:42:32.574  1456  1600 W ResourceType: No known package when getting value for resource number 0x7f1200fb
12-17 21:42:32.574  1456  1600 W ResourceType: No known package when getting value for resource number 0x7f1200fb
12-17 21:42:32.574  1456  1456 W ResourceType: ResTable_typeSpec entry count inconsistent: given 614, previously 617
12-17 21:42:32.574  1456  1456 W ResourceType: ResTable_typeSpec entry count inconsistent: given 393, previously 1423
12-17 21:42:32.574  1456  1456 W ResourceType: ResTable_typeSpec entry count inconsistent: given 216, previously 1206
12-17 21:42:32.604  2398  2398 D CarrierSvcBindHelper: No carrier app for: 0
12-17 21:42:32.606  2398  2398 D CarrierSvcBindHelper: No carrier app for: 1
12-17 21:42:32.620  1456  1600 W ResourceType: ResTable_typeSpec entry count inconsistent: given 29, previously 35
12-17 21:42:32.621  1456  1456 W ResourceType: Found multiple library tables, ignoring...
12-17 21:42:32.621  2398  2398 E VvmPkgInstalledRcvr: cannot create TelephonyManager from ComponentInfo{com.android.phone/com.android.services.telephony.TelephonyConnectionService}, [****], UserHandle{0}
12-17 21:42:32.622  1456  1600 W ResourceType: ResTable_typeSpec entry count inconsistent: given 2206, previously 2203
12-17 21:42:32.622  1456  1600 W ResourceType: ResTable_typeSpec entry count inconsistent: given 272, previously 1528
12-17 21:42:32.637  1456  1600 W SearchableInfo: Invalid searchable metadata for com.google.android.gms/.nearby.sharing.ContactSelectActivity: Search label must be a resource reference.
12-17 21:42:32.696  1456  1456 I TelecomService: DefaultDialerCache: Refreshing default dialer for user 0: now com.android.dialer: DDC.oR@Z8U
12-17 21:42:32.796 20319 28749 I Icing   : Indexing com.google.android.gms-internal.3p:MobileApplication from com.google.android.gms using seqno 2511
12-17 21:42:33.737   651   685 I zygote  : Waiting for a blocking GC ProfileSaver
12-17 21:42:33.753   651   685 I zygote  : WaitForGcToComplete blocked ProfileSaver on HeapTrim for 16.046ms
12-17 21:42:33.796 20319 28749 I Icing   : Indexing com.google.android.gms-apps from com.google.android.gms
12-17 21:42:33.832  1135  1135 D AndroidRuntime: >>>>>> START com.android.internal.os.RuntimeInit uid 2000 <<<<<<
12-17 21:42:33.845  1135  1135 W app_process: Could not reserve sentinel fault page
12-17 21:42:33.888 20319 28749 I Icing   : Indexing done com.google.android.gms-apps
12-17 21:42:34.084  1135  1135 I app_process: The ClassLoaderContext is a special shared library.
12-17 21:42:34.169  1135  1135 D AndroidRuntime: Calling main entry com.android.commands.input.Input
12-17 21:42:34.170  1135  1135 I Input   : injectKeyEvent: KeyEvent { action=ACTION_DOWN, keyCode=KEYCODE_HOME, scanCode=0, metaState=0, flags=0x0, repeatCount=0, eventTime=9084177783, downTime=9084177783, deviceId=-1, source=0x101 }
12-17 21:42:34.175  1135  1135 I Input   : injectKeyEvent: KeyEvent { action=ACTION_UP, keyCode=KEYCODE_HOME, scanCode=0, metaState=0, flags=0x0, repeatCount=0, eventTime=9084177783, downTime=9084177783, deviceId=-1, source=0x101 }
12-17 21:42:34.182  1456  1941 I ActivityManager: START u0 {act=android.intent.action.MAIN cat=[android.intent.category.HOME] flg=0x10200000 cmp=com.android.launcher3/.CustomizationPanelLauncher (has extras)} from uid 1000
12-17 21:42:34.182   794   839 E ANDR-PERF-RESOURCEQS: Failed to apply optimization [4, 0]
12-17 21:42:34.193  1456  1941 I ActivityManager: moveHomeStack, setupComplete:true
12-17 21:42:34.197  1135  1135 D AndroidRuntime: Shutting down VM
12-17 21:42:34.208 19624 19707 I Adreno  : QUALCOMM build                   : bb5b86c, I77d3059488
12-17 21:42:34.208 19624 19707 I Adreno  : Build Date                       : 06/07/18
12-17 21:42:34.208 19624 19707 I Adreno  : OpenGL ES Shader Compiler Version: EV031.22.00.01_06
12-17 21:42:34.208 19624 19707 I Adreno  : Local Branch                     : 
12-17 21:42:34.208 19624 19707 I Adreno  : Remote Branch                    : refs/tags/AU_LINUX_ANDROID_LA.UM.6.5.R1.08.01.00.312.086
12-17 21:42:34.208 19624 19707 I Adreno  : Remote Branch                    : NONE
12-17 21:42:34.208 19624 19707 I Adreno  : Reconstruct Branch               : NOTHING
12-17 21:42:34.213 19624 19707 D vndksupport: Loading /vendor/lib/hw/gralloc.msm8937.so from current namespace instead of sphal namespace.
12-17 21:42:34.219 19624 19707 I Adreno  : PFP: 0x005ff087, ME: 0x005ff063
12-17 21:42:34.223  2748  2748 D Launcher.Utilities: Wakeup weather: Intent { act=com.motorola.launcher3.action.WAKEUP_WEATHER cmp=com.motorola.timeweatherwidget/com.motorola.commandcenter.weather.WakeUpService }
12-17 21:42:34.224 32535 32535 I Finsky  : [2] puo.onTrimMemory(1): Memory trim requested to level 80
12-17 21:42:34.224 19624 19707 I zygote  : android::hardware::configstore::V1_0::ISurfaceFlingerConfigs::hasWideColorDisplay retrieved: 0
12-17 21:42:34.226 19624 19707 I OpenGLRenderer: Initialized EGL, version 1.4
12-17 21:42:34.226 19624 19707 D OpenGLRenderer: Swap behavior 2
12-17 21:42:34.241  1456  1456 I NotificationService: Cannot find enqueued record for key: 0|com.motorola.timeweatherwidget|1|null|10116
12-17 21:42:34.251   808   808 D SurfaceFlinger: duplicate layer name: changing com.android.launcher3/com.android.launcher3.CustomizationPanelLauncher to com.android.launcher3/com.android.launcher3.CustomizationPanelLauncher#1
12-17 21:42:34.263 19624 27444 W ThreadPoolDumper: Queue length for executor EventBus is now 11. Perhaps some tasks are too long, or the pool is too small.
12-17 21:42:34.270  1456  3927 I WifiService: getWifiEnabledState uid=10073
12-17 21:42:34.279  1456  4829 I WifiService: getWifiEnabledState uid=10073
12-17 21:42:34.309 19624 19715 I MicroDetectionState: Should stop hotword detection immediately - false
12-17 21:42:34.313 19624 19715 I MicroDetectionWorker: #startMicroDetector [speakerMode: 0]
12-17 21:42:34.315 19624 19715 I AudioController: Created new AudioSource
12-17 21:42:34.343  1456  1673 I LaunchCheckinHandler: Displayed com.android.launcher3/.CustomizationPanelLauncher,wp,wa,161
12-17 21:42:34.344 19624 19715 I MicroDetectionWorker: onReady
12-17 21:42:34.344 19624  1061 I MicroDataManager: isInitializedWithLatestParams-true
12-17 21:42:34.344 19624  1061 I MicroDataManager: isInitializing-false locale not changed-true model not changed-true
12-17 21:42:34.345 19624  1061 I MicroDataManager: Already initialized, obtaining the hotword data immediately.
12-17 21:42:34.351 19624   605 I MicroRecognitionRunner: Starting detection.
12-17 21:42:34.351 19624   605 I InputStreamUtils: Using micInputStream
12-17 21:42:34.352 19624   600 I MicrophoneInputStream: mic_starting  SR : 16000 CC : 16 SO : 1999
12-17 21:42:34.356   788  1479 V msm8974_platform: platform_check_input_mask: enter check_input_mask source 6 mask 10
12-17 21:42:34.359  1012  1155 I AudioFlinger: AudioFlinger's thread 0xb2483400 tid=1155 ready to run
12-17 21:42:34.366   788  1479 D audio_hw_primary: in_set_parameters: enter: kvpairs=input_source=6;routing=-2147483644
12-17 21:42:34.367  1012 11031 D APM_AudioPolicyManager: AudioPolicyManager::startInput() input 32526, session 32561, source = 1999
12-17 21:42:34.367 19624   600 I MicrophoneInputStream: mic_started  SR : 16000 CC : 16 SO : 1999
12-17 21:42:34.369   788  1158 V msm8974_platform: platform_update_usecase_from_source: input source :6
12-17 21:42:34.369   788  1158 V msm8974_platform: platform_check_input_mask: enter check_input_mask source 6 mask 10
12-17 21:42:34.369   788  1158 V msm8974_platform: platform_get_input_snd_device: enter: out_device(0) in_device(0x4) channel_count (1) channel_mask (0x10)
12-17 21:42:34.369   788  1158 V msm8974_platform: platform_get_input_snd_device: exit: in_snd_device(voice-rec-mic)
12-17 21:42:34.369   788  1158 V msm8974_platform: platform_get_backend_index:napb: backend port - 5 device - 120 
12-17 21:42:34.369   788  1158 V msm8974_platform: platform_check_and_set_capture_backend_cfg:txbecf: afe: bitwidth 0, samplerate 0, channel 1, backend_idx 5 usecase = 9 device (voice-rec-mic)
12-17 21:42:34.369   788  1158 V msm8974_platform: platform_check_capture_backend_cfg:txbecf: afe: Codec selected backend: 5 current bit width: 0 and sample rate: 0, channels 1
12-17 21:42:34.369   788  1158 V msm8974_platform: platform_check_capture_backend_cfg:txbecf: afe: Codec selected backend: 5 updated bit width: 0 and sample rate: 0
12-17 21:42:34.369   788  1158 I msm8974_platform: platform_check_capture_backend_cfg:txbecf: afe: Codec backend needs to be updated. new bit width: 0 new sample rate: 0 new channel: 1
12-17 21:42:34.369   788  1158 V msm8974_platform: platform_get_backend_index:napb: backend port - 5 device - 120 
12-17 21:42:34.369   788  1158 V msm8974_platform: platform_set_backend_cfg:becf: afe: bitwidth 0, samplerate 0 channels 1, backend_idx 5 device (voice-rec-mic)
12-17 21:42:34.370   788  1158 E msm8974_platform: platform_set_backend_cfg:becf: afe: Could not get ctl for mixer command - SLIM_0_TX Format
12-17 21:42:34.370   788  1158 V msm8974_platform: platform_send_audio_calibration: sending audio calibration for snd_device(120) acdb_id(62)
12-17 21:42:34.370   788  1158 D ACDB-LOADER: ACDB -> send_audio_cal, acdb_id = 62, path = 1, app id = 0x11130, sample rate = 48000
12-17 21:42:34.370   788  1158 D ACDB-LOADER: ACDB -> send_asm_topology
12-17 21:42:34.370   788  1158 D ACDB-LOADER: ACDB -> ACDB_CMD_GET_AUDPROC_STREAM_TOPOLOGY_ID
12-17 21:42:34.370   788  1158 D ACDB-LOADER: ACDB -> send_adm_topology
12-17 21:42:34.370   788  1158 D ACDB-LOADER: ACDB -> ACDB_CMD_GET_AUDPROC_COMMON_TOPOLOGY_ID
12-17 21:42:34.370   788  1158 D ACDB-LOADER: ACDB -> send_audtable
12-17 21:42:34.370   788  1158 D ACDB-LOADER: ACDB -> ACDB_CMD_GET_AUDPROC_COMMON_TABLE_SIZE
12-17 21:42:34.370   788  1158 D ACDB-LOADER: ACDB -> ACDB_CMD_GET_AUDPROC_COMMON_TABLE
12-17 21:42:34.370   788  1158 D ACDB-LOADER: ACDB -> AUDIO_SET_AUDPROC_CAL
12-17 21:42:34.370   788  1158 D ACDB-LOADER: ACDB -> send_audvoltable
12-17 21:42:34.370   788  1158 D ACDB-LOADER: ACDB -> ACDB_CMD_GET_AUDPROC_VOL_STEP_TABLE_SIZE
12-17 21:42:34.370   788  1158 D ACDB-LOADER: ACDB -> ACDB_CMD_GET_AUDPROC_GAIN_DEP_STEP_TABLE, vol index 0
12-17 21:42:34.371   788  1158 D         : Failed to fetch the lookup information of the device 0000003E 
12-17 21:42:34.371   788  1158 D ACDB-LOADER: ACDB -> AUDIO_SET_VOL_CAL cal type = 12
12-17 21:42:34.371   788  1158 D ACDB-LOADER: ACDB -> ACDB_CMD_GET_AUDPROC_STREAM_TABLE_SIZE
12-17 21:42:34.371   788  1158 D ACDB-LOADER: ACDB -> send_audstrmtable
12-17 21:42:34.371   788  1158 D ACDB-LOADER: ACDB -> ACDB_CMD_GET_AUDPROC_STREAM_TABLE_V2
12-17 21:42:34.371   788  1158 D ACDB-LOADER: ACDB -> audstrm_cal->cal_type.cal_data.cal_size = 456
12-17 21:42:34.371   788  1158 D ACDB-LOADER: ACDB -> send_afe_topology
12-17 21:42:34.371   788  1158 D ACDB-LOADER: ACDB -> ACDB_CMD_GET_AFE_TOPOLOGY_ID
12-17 21:42:34.371   788  1158 D ACDB-LOADER: ACDB -> GET_AFE_TOPOLOGY_ID for adcd_id 62, Topology Id 112fb
12-17 21:42:34.371   788  1158 D ACDB-LOADER: ACDB -> send_afe_cal
12-17 21:42:34.371   788  1158 D ACDB-LOADER: ACDB -> ACDB_CMD_GET_AFE_COMMON_TABLE_SIZE
12-17 21:42:34.371   788  1158 D         : Failed to fetch the lookup information of the device 0000003E 
12-17 21:42:34.371   788  1158 E ACDB-LOADER: Error: ACDB_CMD_GET_AFE_COMMON_TABLE_SIZE Returned = -19
12-17 21:42:34.371   788  1158 D ACDB-LOADER: ACDB -> ACDB_CMD_GET_AFE_COMMON_TABLE
12-17 21:42:34.371   788  1158 D         : Failed to fetch the lookup information of the device 0000003E 
12-17 21:42:34.371   788  1158 D ACDB-LOADER: ACDB -> AUDIO_SET_AFE_CAL
12-17 21:42:34.371   788  1158 D ACDB-LOADER: ACDB -> send_hw_delay : acdb_id = 62 path = 1
12-17 21:42:34.371   788  1158 D ACDB-LOADER: ACDB -> ACDB_AVSYNC_INFO: ACDB_CMD_GET_DEVICE_PROPERTY
12-17 21:42:34.372   788  1158 D audio_hw_primary: enable_snd_device: snd_device(120: voice-rec-mic)
12-17 21:42:34.372   788  1158 D audio_route: Apply path: voice-rec-mic
12-17 21:42:34.375   788  1158 V msm8974_platform: platform_get_snd_device_backend_index: enter with device 120
12-17 21:42:34.376   788  1158 E msm8974_platform: platform_get_snd_device_backend_index: BE DAI Name Table is not present
12-17 21:42:34.376   788  1158 V msm8974_platform: platform_get_backend_index:napb: backend port - 5 device - 120 
12-17 21:42:34.376   788  1158 I audio_hw_utils: Set Audio Stream Capture 0 App Type Cfg: app_type 69936, acdb_dev_id 62, sample_rate 48000, snd_device_be_idx -14
12-17 21:42:34.376   788  1158 D audio_hw_primary: enable_audio_route: usecase(9) apply and update mixer path: audio-record
12-17 21:42:34.376   788  1158 D audio_route: Apply path: audio-record
12-17 21:42:34.446 19624 19715 I MicroDetectionWorker: onReady
12-17 21:42:34.465  2146  2165 I zygote  : NativeAlloc concurrent copying GC freed 17986(965KB) AllocSpace objects, 0(0B) LOS objects, 49% free, 7MB/14MB, paused 138us total 101.027ms
12-17 21:42:34.566   805   828 I zygote  : Waiting for a blocking GC ProfileSaver
12-17 21:42:34.579   805   828 I zygote  : WaitForGcToComplete blocked ProfileSaver on HeapTrim for 12.533ms
12-17 21:42:34.739  1456  7796 I OpenGLRenderer: Initialized EGL, version 1.4
12-17 21:42:34.740  1456  7796 D OpenGLRenderer: Swap behavior 2
12-17 21:42:34.790  2748  2917 W OpenGLRenderer: Incorrectly called buildLayer on View: ShortcutAndWidgetContainer, destroying layer...
12-17 21:42:35.213   805   894 V AssistantIntegClient: #getAssistantConfig
12-17 21:42:35.227 19624 27444 I GsaConfigFlagsSyncer: Flags already sync'ed.
12-17 21:42:35.233   805   953 W AssistantConfig: appIntegrationDataInBase64 is null
12-17 21:42:35.244   805   894 I BugleNetwork: Startup: registering tachyon.
12-17 21:42:35.301 20319 20537 I Icing   : IndexChimeraService.getServiceInterface callingPackage=com.google.android.apps.messaging componentName=null serviceId=32
12-17 21:42:35.310 20319 28749 W Icing   : No valid account for uploading user actions
12-17 21:42:35.332   805   894 W zygote  : Unsupported class loader
12-17 21:42:35.335   805   894 W zygote  : Skipping duplicate class check due to unsupported classloader
12-17 21:42:35.338   805   894 I DynamiteModule: Considering local module com.google.android.gms.cronet_dynamite:0 and remote module com.google.android.gms.cronet_dynamite:1211
12-17 21:42:35.338   805   894 I DynamiteModule: Selected remote version of com.google.android.gms.cronet_dynamite, version >= 1211
12-17 21:42:35.338   805   894 V DynamiteModule: Dynamite loader version >= 2, using loadModule2NoCrashUtils
12-17 21:42:35.379   805   933 E Bugle   : AssistantIntegrationStartupTask: Error getting assistant availability.
12-17 21:42:35.379   805   933 E Bugle   : java.lang.IllegalStateException: Failed to query to AGSA.
12-17 21:42:35.379   805   933 E Bugle   : 	at tky.onPostExecute(PG:23)
12-17 21:42:35.379   805   933 E Bugle   : 	at android.os.AsyncTask.finish(AsyncTask.java:695)
12-17 21:42:35.379   805   933 E Bugle   : 	at android.os.AsyncTask.-wrap1(Unknown Source:0)
12-17 21:42:35.379   805   933 E Bugle   : 	at android.os.AsyncTask$InternalHandler.handleMessage(AsyncTask.java:712)
12-17 21:42:35.379   805   933 E Bugle   : 	at android.os.Handler.dispatchMessage(Handler.java:106)
12-17 21:42:35.379   805   933 E Bugle   : 	at android.os.Looper.loop(Looper.java:164)
12-17 21:42:35.379   805   933 E Bugle   : 	at android.app.ActivityThread.main(ActivityThread.java:6626)
12-17 21:42:35.379   805   933 E Bugle   : 	at java.lang.reflect.Method.invoke(Native Method)
12-17 21:42:35.379   805   933 E Bugle   : 	at com.android.internal.os.RuntimeInit$MethodAndArgsCaller.run(RuntimeInit.java:438)
12-17 21:42:35.379   805   933 E Bugle   : 	at com.android.internal.os.ZygoteInit.main(ZygoteInit.java:811)
12-17 21:42:35.381 20319 28749 I Icing   : Usage reports ok 1, Failed Usage reports 0, indexed 0, rejected 0
12-17 21:42:35.385   805   894 W zygote  : Unsupported class loader
12-17 21:42:35.390   805   894 W zygote  : Skipping duplicate class check due to unsupported classloader
12-17 21:42:35.392   805   933 I Bugle   : BugleMddTaskScheduler: Scheduling MDD job, tag: MDD.CHARGING.PERIODIC.TASK, period: 21600
12-17 21:42:35.403   805   933 I Bugle   : BugleMddTaskScheduler: Scheduling MDD job, tag: MDD.MAINTENANCE.PERIODIC.GCM.TASK, period: 86400
12-17 21:42:35.411   805   912 I Bugle   : VerifiedSmsStartupTask: Checking if Verified SMS tasks should be enqueued. feature enabled: true, eligible: false
12-17 21:42:35.411   805   912 I Bugle   : VerifiedSmsStartupTask: Not enqueuing Verified SMS periodic task, Verified SMS is disabled.
12-17 21:42:35.411   805   933 I Bugle   : BugleMddTaskScheduler: Scheduling MDD job, tag: MDD.CELLULAR.CHARGING.PERIODIC.TASK, period: 21600
12-17 21:42:35.416   805   933 I Bugle   : BugleMddTaskScheduler: Scheduling MDD job, tag: MDD.WIFI.CHARGING.PERIODIC.TASK, period: 3600
