09-28 21:44:10.146 28706 28706 D GeckoNetworkManager: Incoming event receivedUpdate for state OnWithListeners -> OnWithListeners
09-28 21:44:10.147 28706 28706 D GeckoNetworkManager: New network state: UP, WIFI, WIFI
09-28 21:44:10.149 28706 28728 W GeckoLinker: /data/app/org.mozilla.fenix.nightly-z4Sv0TCoU9bCj92i7J_wGw==/lib/arm/libsoftokn3.so: unhandled flags #8 not handled
09-28 21:44:10.150 28706 28728 W GeckoLinker: /data/app/org.mozilla.fenix.nightly-z4Sv0TCoU9bCj92i7J_wGw==/lib/arm/libsoftokn3.so: Relocation to NULL @0x00025ffc for symbol "__cxa_type_match"
09-28 21:44:10.150 28706 28728 W GeckoLinker: /data/app/org.mozilla.fenix.nightly-z4Sv0TCoU9bCj92i7J_wGw==/lib/arm/libfreebl3.so: unhandled flags #8 not handled
09-28 21:44:10.151 28706 28728 W GeckoLinker: /data/app/org.mozilla.fenix.nightly-z4Sv0TCoU9bCj92i7J_wGw==/lib/arm/libfreebl3.so: Relocation to NULL @0x00040ffc for symbol "__cxa_type_match"
09-28 21:44:10.186 28706 28862 W GeckoLinker: /data/app/org.mozilla.fenix.nightly-z4Sv0TCoU9bCj92i7J_wGw==/lib/arm/libnssckbi.so: unhandled flags #8 not handled
09-28 21:44:10.187 28706 28862 W GeckoLinker: /data/app/org.mozilla.fenix.nightly-z4Sv0TCoU9bCj92i7J_wGw==/lib/arm/libnssckbi.so: Relocation to NULL @0x00050ffc for symbol "__cxa_type_match"
09-28 21:44:10.398 28706 28835 D experiments: Fetched experiments from https://firefox.settings.services.mozilla.com/v1/buckets/main/collections/mobile-experiments/records?_since=1566233826256:
09-28 21:44:10.398 28706 28835 D experiments: {"data":[]}
09-28 21:44:10.399 28706 28835 I experiments: Experiments update from server: ExperimentsSnapshot(experiments=[Experiment(id=fenix-test-2019-08-05, description=End-to-end test of the Mobiles Experiments platform for Firefox Preview., lastModified=1566233826256, schemaModified=1566228455761, buckets=Buckets(start=0, count=667), branches=[Branch(name=a, ratio=1), Branch(name=b, ratio=1), Branch(name=c, ratio=1)], match=Matcher(appId=^org.mozilla.fenix$, appDisplayVersion=null, appMinVersion=null, appMaxVersion=null, localeLanguage=null, localeCountry=null, deviceManufacturer=null, deviceModel=null, regions=[], debugTags=[]))], lastModified=1566233826256)
09-28 21:44:10.401 28706 28835 I experiments: onExperimentsUpdated - no experiment currently active, looking for match
09-28 21:44:10.403 28706 28720 I WM-WorkerWrapper: Worker result SUCCESS for Work [ id=bcd30da6-48d5-4623-a64b-8f3e70c1ba59, tags={ mozilla.components.service.experiments.ExperimentsUpdaterWorker, mozilla.components.service.experiments } ]
09-28 21:44:10.482 28745 28772 D GeckoThread: State changed to MOZGLUE_READY
09-28 21:44:10.489 28745 28772 W Settings: Setting animator_duration_scale has moved from android.provider.Settings.System to android.provider.Settings.Global, returning read-only global URI.
09-28 21:44:10.491 28745 28772 E GeckoLibLoad: Load sqlite start
09-28 21:44:10.509 28745 28772 W GeckoLinker: /data/app/org.mozilla.fenix.nightly-z4Sv0TCoU9bCj92i7J_wGw==/lib/arm/libnss3.so: unhandled flags #8 not handled
09-28 21:44:10.513 28745 28772 W GeckoLinker: /data/app/org.mozilla.fenix.nightly-z4Sv0TCoU9bCj92i7J_wGw==/lib/arm/libnss3.so: Relocation to NULL @0x00130ffc for symbol "__cxa_type_match"
09-28 21:44:10.513 28745 28772 E GeckoLibLoad: Load sqlite done
09-28 21:44:10.513 28745 28772 E GeckoLibLoad: Load nss start
09-28 21:44:10.513 28745 28772 E GeckoLibLoad: Load nss done
09-28 21:44:10.514 28745 28772 W GeckoLinker: /data/app/org.mozilla.fenix.nightly-z4Sv0TCoU9bCj92i7J_wGw==/lib/arm/libxul.so: unhandled flags #8 not handled
09-28 21:44:10.514 28745 28772 W GeckoLinker: /data/app/org.mozilla.fenix.nightly-z4Sv0TCoU9bCj92i7J_wGw==/lib/arm/liblgpllibs.so: unhandled flags #8 not handled
09-28 21:44:10.523 28706 28728 D GeckoThread: State changed to RUNNING
09-28 21:44:10.523 28706 28728 I GeckoSession: zerdatime 2249523985 - chrome startup finished
09-28 21:44:10.546 28745 28772 E GeckoLibLoad: Loaded libs in 32.761878ms total, 20ms(20ms) user, 13ms(13ms) system, 0(0) faults
09-28 21:44:10.547 28745 28772 D GeckoThread: State changed to LIBS_READY
09-28 21:44:10.547 28745 28772 W GeckoThread: zerdatime 2249524008 - runGecko
09-28 21:44:10.687 28706 28728 W ResourceType: Too many attribute references, stopped at: 0x01010099
09-28 21:44:11.077 28745 28772 D GeckoThread: State changed to RUNNING
09-28 21:44:11.158 28706 28706 D App     : Installed browser-icons extension
09-28 21:44:11.159 28706 28706 D mozac-webextensions: Installed extension: mozacWebchannel
09-28 21:44:11.159 28706 28706 D mozac-webextensions: Installed extension: mozacReaderview
09-28 21:44:11.236 28706 28706 D GeckoSession: handleMessage GeckoView:PageStart uri=about:blank
09-28 21:44:11.250 28706 28706 D GeckoSession: handleMessage GeckoView:LocationChange uri=about:blank
09-28 21:44:11.250 28706 28706 D GeckoSession: handleMessage GeckoView:PageStop uri=null
09-28 21:44:11.255 28706 28706 I SessionStorage/AutoSave: Save: Load finished
09-28 21:44:11.271 28706 28730 D SessionStorage/AutoSave: Saved state to disk [14ms]
09-28 21:44:11.327 28706 28728 D GeckoScreenOrientation: unlocking
09-28 21:44:11.329 28706 28706 D GeckoSession: handleMessage GeckoView:OnLoadRequest uri=about:blank
09-28 21:44:11.340 28706 28706 D GeckoSession: handleMessage GeckoView:OnLoadRequest uri=about:blank
09-28 21:44:11.387 28706 28706 D GeckoSession: handleMessage GeckoView:PageStart uri=about:blank
09-28 21:44:11.455 28706 28706 D GeckoSession: handleMessage GeckoView:PageStop uri=null
09-28 21:44:11.459 28706 28706 I SessionStorage/AutoSave: Save: Load finished
09-28 21:44:11.460 28706 28809 D SessionStorage/AutoSave: Delaying save (1796ms)
09-28 21:44:11.469 28706 28706 D GeckoSession: handleMessage GeckoView:PageStart uri=about:blank
09-28 21:44:11.487 28706 28706 D GeckoSession: handleMessage GeckoView:SecurityChanged uri=null
09-28 21:44:11.509 28706 28706 D GeckoSession: handleMessage GeckoView:PageStop uri=null
09-28 21:44:11.515 28706 28706 I SessionStorage/AutoSave: Save: Load finished
09-28 21:44:11.515 28706 28706 D SessionStorage/AutoSave: Skipping save, other job already in flight
09-28 21:44:11.523 28706 28706 D mozac-webcompat: Installed WebCompat webextension: webcompat@mozilla.com
09-28 21:44:12.241 28706 28706 D GeckoSession: handleMessage GeckoView:StateUpdated uri=null
09-28 21:44:13.275 28706 28730 D SessionStorage/AutoSave: Saved state to disk [16ms]
09-28 21:44:18.123  1456  4802 I ActivityManager: Force stopping org.mozilla.fenix.nightly appid=10288 user=0: from pid 28926
09-28 21:44:18.124  1456  4802 I ActivityManager: Killing 28706:org.mozilla.fenix.nightly/u0a288 (adj 0): stop org.mozilla.fenix.nightly
09-28 21:44:18.126  1456  1605 W zygote  : kill(-28706, 9) failed: No such process
09-28 21:44:18.129 28745 28745 I ServiceChildProcess: Service has been unbound. Stopping.
09-28 21:44:18.129  1456  4802 W ActivityManager: Force removing ActivityRecord{267ed82 u0 org.mozilla.fenix.nightly/org.mozilla.fenix.HomeActivity t536}: app died, no saved state
09-28 21:44:18.142  1456  1605 W zygote  : kill(-28706, 9) failed: No such process
09-28 21:44:18.154  1456  7796 I OpenGLRenderer: Initialized EGL, version 1.4
09-28 21:44:18.154  1456  7796 D OpenGLRenderer: Swap behavior 2
09-28 21:44:18.155  1456  1605 W zygote  : kill(-28706, 9) failed: No such process
09-28 21:44:18.182  1456  4802 I ActivityManager: Killing 28745:org.mozilla.fenix.nightly:tab/u0a288 (adj 0): stop org.mozilla.fenix.nightly
09-28 21:44:18.202  1456  1605 I chatty  : uid=1000(system) ActivityManager identical 3 lines
09-28 21:44:18.223  1456  1605 W zygote  : kill(-28706, 9) failed: No such process
09-28 21:44:18.231  2398  2398 D CarrierSvcBindHelper: No carrier app for: 0
09-28 21:44:18.231  2398  2398 D CarrierSvcBindHelper: No carrier app for: 1
09-28 21:44:18.238  7883  7883 W Settings: Setting bugreport_in_power_menu has moved from android.provider.Settings.Secure to android.provider.Settings.Global.
09-28 21:44:18.256  1456  1605 W zygote  : kill(-28706, 9) failed: No such process
09-28 21:44:18.264  1456  1473 I WifiService: getVerboseLoggingLevel uid=1000
09-28 21:44:18.264  1456  1473 I WifiService: getAggressiveHandover uid=1000
09-28 21:44:18.264  1456  1473 I WifiService: getAllowScansWithTraffic uid=1000
09-28 21:44:18.279  7883 28928 W TileUtils: Found com.android.settings.backup.BackupSettingsActivity for intent Intent { act=com.android.settings.action.SETTINGS pkg=com.android.settings } missing metadata com.android.settings.category
09-28 21:44:18.282  1456  1605 W zygote  : kill(-28706, 9) failed: No such process
09-28 21:44:18.295  1456  1605 W zygote  : kill(-28706, 9) failed: No such process
09-28 21:44:18.296  2398  2398 E PhoneInterfaceManager: [PhoneIntfMgr] getAllowedCarriers: CommandException: com.android.internal.telephony.CommandException: REQUEST_NOT_SUPPORTED
09-28 21:44:18.309  1456  1605 W zygote  : kill(-28706, 9) failed: No such process
09-28 21:44:18.309  7883 28932 D Settings: No enabled state changed, skipping updateCategory call
09-28 21:44:18.314  2398  2398 E PhoneInterfaceManager: [PhoneIntfMgr] getAllowedCarriers: CommandException: com.android.internal.telephony.CommandException: REQUEST_NOT_SUPPORTED
09-28 21:44:18.322  1456  1605 W zygote  : kill(-28706, 9) failed: No such process
09-28 21:44:18.333  1456  3927 I WindowManager: WIN DEATH: Window{c579ce7 u0 org.mozilla.fenix.nightly/org.mozilla.fenix.HomeActivity}
09-28 21:44:18.336  1456  1605 I chatty  : uid=1000(system) ActivityManager identical 1 line
09-28 21:44:18.343  1456  1673 W ActivityManager: setHasOverlayUi called on unknown pid: 28706
09-28 21:44:18.348  1456  1605 W zygote  : kill(-28706, 9) failed: No such process
09-28 21:44:18.359  1456  4802 I ActivityManager: START u0 {act=android.intent.action.VIEW dat=about:blank typ=text/html flg=0x10000000 cmp=org.mozilla.fenix.nightly/org.mozilla.fenix.IntentReceiverActivity} from uid 2000
09-28 21:44:18.360   794   839 E ANDR-PERF-RESOURCEQS: Failed to apply optimization [4, 0]
09-28 21:44:18.362  1456  1605 W zygote  : kill(-28706, 9) failed: No such process
09-28 21:44:18.362  1456  1605 I zygote  : Successfully killed process cgroup uid 10288 pid 28706 in 236ms
09-28 21:44:18.363  1456  1605 W zygote  : kill(-28745, 9) failed: No such process
09-28 21:44:18.363  1456  1605 I zygote  : Successfully killed process cgroup uid 10288 pid 28745 in 0ms
09-28 21:44:18.397  1456  3927 I ActivityManager: Start proc 28936:org.mozilla.fenix.nightly/u0a288 for activity org.mozilla.fenix.nightly/org.mozilla.fenix.IntentReceiverActivity
09-28 21:44:18.443  1456  4802 I WindowManager: Failed to capture screenshot of Token{6665c2b ActivityRecord{e887c7a u0 com.android.settings/.Settings$DevelopmentSettingsActivity t206}} appWin=Window{4f49e2 u0 com.android.settings/com.android.settings.Settings$DevelopmentSettingsActivity} drawState=4
09-28 21:44:18.470  1456  1466 I zygote  : NativeAlloc concurrent copying GC freed 32219(1857KB) AllocSpace objects, 20(848KB) LOS objects, 42% free, 20MB/35MB, paused 291us total 315.883ms
09-28 21:44:18.501 28936 28936 D FirebaseApp: Default FirebaseApp failed to initialize because no default options were found. This usually means that com.google.gms:google-services was not applied to your gradle project.
09-28 21:44:18.501 28936 28936 I FirebaseInitProvider: FirebaseApp initialization unsuccessful
09-28 21:44:18.542 28936 28936 W System.err: SLF4J: Failed to load class "org.slf4j.impl.StaticLoggerBinder".
09-28 21:44:18.542 28936 28936 W System.err: SLF4J: Defaulting to no-operation (NOP) logger implementation
09-28 21:44:18.542 28936 28936 W System.err: SLF4J: See http://www.slf4j.org/codes.html#StaticLoggerBinder for further details.
09-28 21:44:18.543 28936 28936 D io.sentry.android.AndroidSentryClientFactory: Construction of Android Sentry.
09-28 21:44:18.563 28936 28936 D RustNativeSupport: findMegazordLibraryName(viaduct, 0.39.1
09-28 21:44:18.563 28936 28936 D RustNativeSupport: lib in use: none
09-28 21:44:18.563 28936 28936 D RustNativeSupport: lib configured: fenix
09-28 21:44:18.563 28936 28936 D RustNativeSupport: lib version configured: 0.39.1
09-28 21:44:18.563 28936 28936 D RustNativeSupport: settled on fenix
09-28 21:44:18.590 28936 28936 D RustNativeSupport: findMegazordLibraryName(rustlog, 0.39.1
09-28 21:44:18.590 28936 28936 D RustNativeSupport: lib in use: none
09-28 21:44:18.590 28936 28936 D RustNativeSupport: lib configured: fenix
09-28 21:44:18.590 28936 28936 D RustNativeSupport: lib version configured: 0.39.1
09-28 21:44:18.590 28936 28936 D RustNativeSupport: settled on fenix
09-28 21:44:18.594 28936 28936 I rc_log_ffi::ios: rc_log adapter initialized!
09-28 21:44:18.613 28936 28936 D GeckoThread: State changed to LAUNCHED
09-28 21:44:18.614 28936 28955 I GeckoThread: preparing to run Gecko
09-28 21:44:18.619 28936 28936 D GeckoRuntime: Lifecycle: onCreate
09-28 21:44:18.619 28936 28955 D GeckoThread: State changed to MOZGLUE_READY
09-28 21:44:18.631 28936 28955 W Settings: Setting animator_duration_scale has moved from android.provider.Settings.System to android.provider.Settings.Global, returning read-only global URI.
09-28 21:44:18.632 28936 28955 E GeckoLibLoad: Load sqlite start
09-28 21:44:18.648 28936 28957 D App     : Bucket is 17
09-28 21:44:18.650 28936 28936 I experiments: No active experiment in cache
09-28 21:44:18.654 28936 28957 D App     : Experiments active: {asFeatureSyncDisabled=false}
09-28 21:44:18.669 28936 28955 W GeckoLinker: /data/app/org.mozilla.fenix.nightly-z4Sv0TCoU9bCj92i7J_wGw==/lib/arm/libnss3.so: unhandled flags #8 not handled
09-28 21:44:18.669 28936 28936 I glean/Glean: Metrics enabled: true
09-28 21:44:18.678 28936 28955 W GeckoLinker: /data/app/org.mozilla.fenix.nightly-z4Sv0TCoU9bCj92i7J_wGw==/lib/arm/libnss3.so: Relocation to NULL @0x00130ffc for symbol "__cxa_type_match"
09-28 21:44:18.679 28936 28955 E GeckoLibLoad: Load sqlite done
09-28 21:44:18.679 28936 28955 E GeckoLibLoad: Load nss start
09-28 21:44:18.679 28936 28955 E GeckoLibLoad: Load nss done
09-28 21:44:18.680 28936 28955 W GeckoLinker: /data/app/org.mozilla.fenix.nightly-z4Sv0TCoU9bCj92i7J_wGw==/lib/arm/libxul.so: unhandled flags #8 not handled
09-28 21:44:18.680 28936 28955 W GeckoLinker: /data/app/org.mozilla.fenix.nightly-z4Sv0TCoU9bCj92i7J_wGw==/lib/arm/liblgpllibs.so: unhandled flags #8 not handled
09-28 21:44:18.717 28936 28955 E GeckoLibLoad: Loaded libs in 37.841931ms total, 26ms(93ms) user, 10ms(16ms) system, 0(0) faults
09-28 21:44:18.718 28936 28955 D GeckoThread: State changed to LIBS_READY
09-28 21:44:18.718 28936 28955 W GeckoThread: zerdatime 2249532179 - runGecko
09-28 21:44:18.724 28936 28955 D GeckoProfile: Loading profile at: null name: default
09-28 21:44:18.725 28936 28955 D GeckoProfile: Found profile dir: /data/user/0/org.mozilla.fenix.nightly/files/mozilla/1mxqvrth.default
09-28 21:44:18.735  1456  5907 I ActivityManager: Start proc 28975:org.mozilla.fenix.nightly:tab/u0a288 for service org.mozilla.fenix.nightly/org.mozilla.gecko.process.GeckoServiceChildProcess$tab
09-28 21:44:18.772 28936 28936 W [WARNING][Leanplum]: [com.leanplum.internal.ActionManager::getLocationManager::8]: Geofencing support requires leanplum-location module and Google Play Services v8.1 and higher.
09-28 21:44:18.772 28936 28936 W [WARNING][Leanplum]: Add this to your build.gradle file:
09-28 21:44:18.772 28936 28936 W [WARNING][Leanplum]: implementation 'com.google.android.gms:play-services-location:8.3.0+'
09-28 21:44:18.772 28936 28936 W [WARNING][Leanplum]: implementation 'com.leanplum:leanplum-location:+'
09-28 21:44:18.783 28936 28936 I [INFO][Leanplum]: [com.leanplum.monitoring.ExceptionHandler::setContext::6]: LeanplumExceptionHandler could not initialize Exception Reporting.This is expected if you have not included the leanplum-monitoring module
09-28 21:44:18.794 28936 28936 I FirefoxAccountStateMachine: Enabling/updating sync with a new SyncConfig: SyncConfig(supportedEngines=[HISTORY, BOOKMARKS], syncPeriodInMinutes=240)
09-28 21:44:18.796 28936 28936 I BgSyncManager: Periodic syncing enabled at a 240 interval
09-28 21:44:18.797 28936 28936 I FirefoxAccountStateMachine: Sync is enabled
09-28 21:44:18.799 28936 28936 W PushConfig: No firebase configuration found; cannot support push service.
09-28 21:44:18.801 28936 28994 I FirefoxAccountStateMachine: Processing event Event$Init for state Start. Next state is Start
09-28 21:44:18.805 28936 28994 I FirefoxAccountStateMachine: Ran 'Event$Init' side-effects for state Start, got successive event Event$AccountNotFound
09-28 21:44:18.805 28936 28994 I FirefoxAccountStateMachine: Processing event Event$AccountNotFound for state Start. Next state is NotAuthenticated
09-28 21:44:18.808 28936 28994 D RustNativeSupport: findMegazordLibraryName(fxaclient, 0.39.1
09-28 21:44:18.808 28936 28994 D RustNativeSupport: lib in use: none
09-28 21:44:18.808 28936 28994 D RustNativeSupport: lib configured: fenix
09-28 21:44:18.808 28936 28994 D RustNativeSupport: lib version configured: 0.39.1
09-28 21:44:18.808 28936 28994 D RustNativeSupport: settled on fenix
09-28 21:44:18.811 28936 28994 D fxaclient_ffi: fxa_new
09-28 21:44:18.811 28975 28975 W System.err: SLF4J: Failed to load class "org.slf4j.impl.StaticLoggerBinder".
09-28 21:44:18.812 28975 28975 W System.err: SLF4J: Defaulting to no-operation (NOP) logger implementation
09-28 21:44:18.812 28975 28975 W System.err: SLF4J: See http://www.slf4j.org/codes.html#StaticLoggerBinder for further details.
09-28 21:44:18.813 28975 28975 D io.sentry.android.AndroidSentryClientFactory: Construction of Android Sentry.
09-28 21:44:18.834 28975 28975 D RustNativeSupport: findMegazordLibraryName(viaduct, 0.39.1
09-28 21:44:18.834 28975 28975 D RustNativeSupport: lib in use: none
09-28 21:44:18.834 28975 28975 D RustNativeSupport: lib configured: fenix
09-28 21:44:18.834 28975 28975 D RustNativeSupport: lib version configured: 0.39.1
09-28 21:44:18.834 28975 28975 D RustNativeSupport: settled on fenix
09-28 21:44:18.837 28936 28936 D GeckoRuntime: Lifecycle: onStart
09-28 21:44:18.849 28936 28936 D GeckoRuntime: Lifecycle: onResume
09-28 21:44:18.850 28936 28936 D GeckoNetworkManager: Incoming event start for state OffNoListeners -> OnNoListeners
09-28 21:44:18.851 28936 28936 D GeckoNetworkManager: New network state: UP, WIFI, WIFI
09-28 21:44:18.852 28936 28991 D NetworkSecurityConfig: No Network Security Config specified, using platform default
09-28 21:44:18.862 28975 28975 D RustNativeSupport: findMegazordLibraryName(rustlog, 0.39.1
09-28 21:44:18.862 28975 28975 D RustNativeSupport: lib in use: none
09-28 21:44:18.863 28975 28975 D RustNativeSupport: lib configured: fenix
09-28 21:44:18.863 28975 28975 D RustNativeSupport: lib version configured: 0.39.1
09-28 21:44:18.863 28975 28975 D RustNativeSupport: settled on fenix
09-28 21:44:18.866 28975 28975 I rc_log_ffi::ios: rc_log adapter initialized!
09-28 21:44:18.870 28936 29002 D OpenGLRenderer: HWUI GL Pipeline
09-28 21:44:18.872 28975 28975 D GeckoThread: State changed to LAUNCHED
09-28 21:44:18.873 28975 29003 I GeckoThread: preparing to run Gecko
09-28 21:44:18.878 28936 28936 I glean/Glean: Registering pings for org.mozilla.fenix.GleanMetrics.Pings
09-28 21:44:18.879 28936 28936 I glean/Glean: Registering pings for mozilla.components.service.glean.GleanMetrics.Pings
09-28 21:44:18.895 28936 28936 I glean/Dispatchers: Task queued for execution and delayed until flushed
09-28 21:44:18.910 28936 28936 D glean/MetricsPingScheduler: The 'metrics' ping was last sent on Sat Sep 28 00:00:00 EDT 2019
09-28 21:44:18.912 28936 28936 I glean/MetricsPingScheduler: The 'metrics' ping was already sent today, Sat Sep 28 21:44:18 EDT 2019.
09-28 21:44:18.912 28936 28936 D glean/MetricsPingScheduler: Scheduling the 'metrics' ping in 22541103ms
09-28 21:44:18.914 28936 28936 D glean/MetricsPingScheduler: The 'metrics' ping was last sent on Sat Sep 28 00:00:00 EDT 2019
09-28 21:44:18.914 28936 28936 I glean/MetricsPingScheduler: The 'metrics' ping was already sent today, Sat Sep 28 21:44:18 EDT 2019.
09-28 21:44:18.915 28936 28936 D glean/MetricsPingScheduler: Scheduling the 'metrics' ping in 22541087ms
09-28 21:44:18.926 28936 29009 D glean/PingMaker: Collecting events
09-28 21:44:18.981 28936 28958 D glean/PingStorageEngine: Storing ping d940d9c1-27e3-407d-a0aa-65efe8162c88 at /data/user/0/org.mozilla.fenix.nightly/glean_data/pending_pings/d940d9c1-27e3-407d-a0aa-65efe8162c88
09-28 21:44:18.982 28936 28941 I zygote  : Do partial code cache collection, code=24KB, data=24KB
09-28 21:44:18.992 28936 28941 I zygote  : After code cache collection, code=24KB, data=24KB
09-28 21:44:18.992 28936 28941 I zygote  : Increasing code cache capacity to 128KB
09-28 21:44:19.030 28936 28936 D App     : ActivationPing - already generated
09-28 21:44:19.061  1456  3927 D ConnectivityService: requestNetwork for uid/pid:10288/28936 NetworkRequest [ TRACK_DEFAULT id=736, [ Capabilities: INTERNET&NOT_RESTRICTED&TRUSTED&NOT_VPN] ]
09-28 21:44:19.063  1456  2054 D WIFI_UT : got request NetworkRequest [ TRACK_DEFAULT id=736, [ Capabilities: INTERNET&NOT_RESTRICTED&TRUSTED&NOT_VPN] ] with score 60
09-28 21:44:19.063  1456  2054 D WIFI    : got request NetworkRequest [ TRACK_DEFAULT id=736, [ Capabilities: INTERNET&NOT_RESTRICTED&TRUSTED&NOT_VPN] ] with score 60
09-28 21:44:19.064  1456  2099 D Ethernet: got request NetworkRequest [ TRACK_DEFAULT id=736, [ Capabilities: INTERNET&NOT_RESTRICTED&TRUSTED&NOT_VPN] ] with score 60
09-28 21:44:19.065  2398  2398 D PhoneSwitcherNetworkRequstListener: got request NetworkRequest [ TRACK_DEFAULT id=736, [ Capabilities: INTERNET&NOT_RESTRICTED&TRUSTED&NOT_VPN] ] with score 60
09-28 21:44:19.100 28936 28955 I Gecko:DumpUtils: Fifo watcher disabled via pref.
09-28 21:44:19.144  1456  3927 I ActivityManager: START u0 {act=android.intent.action.VIEW dat=about:blank typ=text/html flg=0x10000000 cmp=org.mozilla.fenix.nightly/org.mozilla.fenix.HomeActivity (has extras)} from uid 10288
09-28 21:44:19.160 28936 28936 D GeckoNetworkManager: Incoming event receivedUpdate for state OnNoListeners -> OnNoListeners
09-28 21:44:19.162 28936 28936 D GeckoNetworkManager: New network state: UP, WIFI, WIFI
09-28 21:44:19.163  1456  2236 I WifiService: getDhcpInfo uid=10288
09-28 21:44:19.167 28936 28993 E ActivityThread: Failed to find provider info for com.facebook.katana.provider.AttributionIdProvider
09-28 21:44:19.176 28936 29002 I Adreno  : QUALCOMM build                   : bb5b86c, I77d3059488
09-28 21:44:19.176 28936 29002 I Adreno  : Build Date                       : 06/07/18
09-28 21:44:19.176 28936 29002 I Adreno  : OpenGL ES Shader Compiler Version: EV031.22.00.01_06
09-28 21:44:19.176 28936 29002 I Adreno  : Local Branch                     : 
09-28 21:44:19.176 28936 29002 I Adreno  : Remote Branch                    : refs/tags/AU_LINUX_ANDROID_LA.UM.6.5.R1.08.01.00.312.086
09-28 21:44:19.176 28936 29002 I Adreno  : Remote Branch                    : NONE
09-28 21:44:19.176 28936 29002 I Adreno  : Reconstruct Branch               : NOTHING
09-28 21:44:19.177 28936 29002 D vndksupport: Loading /vendor/lib/hw/gralloc.msm8937.so from current namespace instead of sphal namespace.
09-28 21:44:19.185 28936 29058 D glean/PingStorageEngine: Processing persisted pings at /data/user/0/org.mozilla.fenix.nightly/glean_data/pending_pings
09-28 21:44:19.186 28936 29058 D glean/PingStorageEngine: Processing ping: d940d9c1-27e3-407d-a0aa-65efe8162c88
09-28 21:44:19.186 28936 29002 I Adreno  : PFP: 0x005ff087, ME: 0x005ff063
09-28 21:44:19.190 28936 29058 D glean/ConceptFetchHttpUploader: Submitting ping to: https://incoming.telemetry.mozilla.org/submit/org-mozilla-fenix-nightly/events/1/d940d9c1-27e3-407d-a0aa-65efe8162c88
09-28 21:44:19.199 28936 29002 I zygote  : android::hardware::configstore::V1_0::ISurfaceFlingerConfigs::hasWideColorDisplay retrieved: 0
09-28 21:44:19.203 28936 29002 I OpenGLRenderer: Initialized EGL, version 1.4
09-28 21:44:19.203 28936 29002 D OpenGLRenderer: Swap behavior 2
09-28 21:44:19.228 28936 29002 D vndksupport: Loading /vendor/lib/hw/android.hardware.graphics.mapper@2.0-impl.so from current namespace instead of sphal namespace.
09-28 21:44:19.229 28936 29002 D vndksupport: Loading /vendor/lib/hw/gralloc.msm8937.so from current namespace instead of sphal namespace.
09-28 21:44:19.242 28936 29062 I experiments: Fetching experiments from https://firefox.settings.services.mozilla.com/v1/buckets/main/collections/mobile-experiments/records?_since=1566233826256
09-28 21:44:19.245  1456  1673 I LaunchCheckinHandler: Displayed org.mozilla.fenix.nightly/org.mozilla.fenix.IntentReceiverActivity,cp,ca,865
09-28 21:44:19.276 28936 28936 D PhoneWindow: Restoring navigation bar divider color to default value = 0x00000000
09-28 21:44:19.285 28936 28955 D GeckoSysInfo: System memory: 1867MB.
09-28 21:44:19.286 28936 28955 D GeckoThread: State changed to JNI_READY
09-28 21:44:19.337 28936 28941 I zygote  : Do partial code cache collection, code=55KB, data=46KB
09-28 21:44:19.338 28936 28941 I zygote  : After code cache collection, code=47KB, data=42KB
09-28 21:44:19.338 28936 28941 I zygote  : Increasing code cache capacity to 256KB
09-28 21:44:19.354 28936 28936 I NavController: Ignoring popBackStack to destination org.mozilla.fenix.nightly:id/browserFragment as it was not found on the current back stack
09-28 21:44:19.571 28936 29058 D glean/ConceptFetchHttpUploader: Ping successfully sent (200)
09-28 21:44:19.573 28936 29058 D glean/PingStorageEngine: d940d9c1-27e3-407d-a0aa-65efe8162c88 was deleted: true
09-28 21:44:19.577 28936 28950 I WM-WorkerWrapper: Worker result SUCCESS for Work [ id=54a98b54-6411-495a-83e1-3fb2275f7251, tags={ mozac_service_glean_ping_upload_worker, mozilla.components.service.glean.scheduler.PingUploadWorker } ]
09-28 21:44:19.648 28936 28994 W FirefoxAccountStateMachine: Got invalid event Event$Init for state NotAuthenticated.
09-28 21:44:19.707 28936 28936 I zygote  : Deoptimizing java.lang.Object androidx.collection.SimpleArrayMap.put(java.lang.Object, java.lang.Object) due to JIT inline cache
09-28 21:44:19.738 28936 29069 W LOTTIE  : Animation contains merge paths. Merge paths are only supported on KitKat+ and must be manually enabled by calling enableMergePathsForKitKatAndAbove().
09-28 21:44:19.769 28936 28955 I Gecko   : 1569721459765	addons.xpi	WARN	List of valid built-in add-ons could not be parsed.: [Exception... "Component returned failure code: 0x80520012 (NS_ERROR_FILE_NOT_FOUND) [nsIXPCComponents_Utils.readUTF8URI]"  nsresult: "0x80520012 (NS_ERROR_FILE_NOT_FOUND)"  location: "JS frame :: resource://gre/modules/addons/XPIProvider.jsm :: startup :: line 2362"  data: no] Stack trace: startup()@resource://gre/modules/addons/XPIProvider.jsm:2362
09-28 21:44:19.769 28936 28955 I Gecko   : callProvider()@resource://gre/modules/AddonManager.jsm:213
09-28 21:44:19.769 28936 28955 I Gecko   : _startProvider()@resource://gre/modules/AddonManager.jsm:649
09-28 21:44:19.769 28936 28955 I Gecko   : startup()@resource://gre/modules/AddonManager.jsm:873
09-28 21:44:19.769 28936 28955 I Gecko   : startup()@resource://gre/modules/AddonManager.jsm:3469
09-28 21:44:19.769 28936 28955 I Gecko   : observe()@resource://gre/modules/addonManager.js:86
09-28 21:44:19.794 28936 28941 I zygote  : Do full code cache collection, code=125KB, data=97KB
09-28 21:44:19.796 28936 28941 I zygote  : After code cache collection, code=100KB, data=64KB
09-28 21:44:19.800  1456  2067 D ConnectivityService: releasing NetworkRequest [ TRACK_DEFAULT id=736, [ Capabilities: INTERNET&NOT_RESTRICTED&TRUSTED&NOT_VPN] ] (release request)
09-28 21:44:19.904  1456  1673 I ActivityManager: Displayed org.mozilla.fenix.nightly/org.mozilla.fenix.HomeActivity: +686ms (total +1s518ms)
09-28 21:44:19.920 28936 28936 W LOTTIE  : Animation contains merge paths but they are disabled.
09-28 21:44:19.927 28936 28941 I zygote  : Do partial code cache collection, code=123KB, data=81KB
09-28 21:44:19.928 28936 28941 I zygote  : After code cache collection, code=119KB, data=80KB
09-28 21:44:19.928 28936 28941 I zygote  : Increasing code cache capacity to 512KB
09-28 21:44:19.966 28936 28955 D GeckoThread: State changed to PROFILE_READY
09-28 21:44:20.075 28936 28955 W GeckoEventDispatcher: No listener for AndroidCastDevice:SyncDevice
09-28 21:44:20.082 28936 28955 I Gecko   : -*- nsDNSServiceDiscovery.js : nsDNSServiceDiscovery
09-28 21:44:20.186 28936 28955 W ResourceType: Too many attribute references, stopped at: 0x01010099
09-28 21:44:20.234 28936 28955 I Gecko   : Attempting load of libEGL.so
09-28 21:44:20.290   808   898 I SFPerfTracer:      triggers: (rate: 0:0) (0 sw vsyncs) (0 skipped) (19:68282 vsyncs) (21:305657)
09-28 21:44:20.294   808   808 I SFPerfTracer:      triggers: (rate: 4:4639) (compose: 0:0) (post: 0:0) (render: 0:1) (7:119401 frames) (8:303403)
09-28 21:44:20.294   808   808 D SFPerfTracer:        layers: (4:12) (NavigationBar#0 (0xb07df000): 0:1072) (StatusBar#0 (0xb07e3000): 0:181216) (com.android.systemui.ImageWallpaper#0 (0xb07e7000): 0:76)* (Sprite#0 (0xb0733000): 0:317)* (DimLayerController/Stack=0#0 (0xb075a000): 0:165)* (animation background stackId=1#0 (0xb0771000): 0:4)* (Sprite#1 (0xb077c000): 0:195)* (org.mozilla.fenix.nightly/org.mozilla.fenix.HomeActivity#0 (0xb03a5000): 0:65)- (com.android.settings/com.android.settings.Settings$DevelopmentSettingsActivity#0 (0xb0763000): 0:7)- (Splash Screen org.mozilla.fenix.nightly#0 (0xb075d000): 0:32)- (org.mozilla.fenix.nightly/org.mozilla.fenix.IntentReceiverActivity#0 (0xb03a0000): 0:6)- (org.mozilla.fenix.nightly/org.mozilla.fenix.HomeActivity#0 (0xb03a5000): 7:24) 
09-28 21:44:20.429 28936 28936 D GeckoNetworkManager: Incoming event enableNotifications for state OnNoListeners -> OnWithListeners
09-28 21:44:20.430 28936 28936 D GeckoNetworkManager: New network state: UP, WIFI, WIFI
09-28 21:44:20.431 28936 28936 D GeckoNetworkManager: Incoming event receivedUpdate for state OnWithListeners -> OnWithListeners
09-28 21:44:20.432 28936 28936 D GeckoNetworkManager: New network state: UP, WIFI, WIFI
09-28 21:44:20.434 28936 28955 W GeckoLinker: /data/app/org.mozilla.fenix.nightly-z4Sv0TCoU9bCj92i7J_wGw==/lib/arm/libsoftokn3.so: unhandled flags #8 not handled
09-28 21:44:20.435 28936 28955 W GeckoLinker: /data/app/org.mozilla.fenix.nightly-z4Sv0TCoU9bCj92i7J_wGw==/lib/arm/libsoftokn3.so: Relocation to NULL @0x00025ffc for symbol "__cxa_type_match"
09-28 21:44:20.436 28936 28955 W GeckoLinker: /data/app/org.mozilla.fenix.nightly-z4Sv0TCoU9bCj92i7J_wGw==/lib/arm/libfreebl3.so: unhandled flags #8 not handled
09-28 21:44:20.436 28936 28955 W GeckoLinker: /data/app/org.mozilla.fenix.nightly-z4Sv0TCoU9bCj92i7J_wGw==/lib/arm/libfreebl3.so: Relocation to NULL @0x00040ffc for symbol "__cxa_type_match"
09-28 21:44:20.471 28936 29090 W GeckoLinker: /data/app/org.mozilla.fenix.nightly-z4Sv0TCoU9bCj92i7J_wGw==/lib/arm/libnssckbi.so: unhandled flags #8 not handled
09-28 21:44:20.472 28936 29090 W GeckoLinker: /data/app/org.mozilla.fenix.nightly-z4Sv0TCoU9bCj92i7J_wGw==/lib/arm/libnssckbi.so: Relocation to NULL @0x00050ffc for symbol "__cxa_type_match"
09-28 21:44:20.679 28936 29062 D experiments: Fetched experiments from https://firefox.settings.services.mozilla.com/v1/buckets/main/collections/mobile-experiments/records?_since=1566233826256:
09-28 21:44:20.679 28936 29062 D experiments: {"data":[]}
09-28 21:44:20.680 28936 29062 I experiments: Experiments update from server: ExperimentsSnapshot(experiments=[Experiment(id=fenix-test-2019-08-05, description=End-to-end test of the Mobiles Experiments platform for Firefox Preview., lastModified=1566233826256, schemaModified=1566228455761, buckets=Buckets(start=0, count=667), branches=[Branch(name=a, ratio=1), Branch(name=b, ratio=1), Branch(name=c, ratio=1)], match=Matcher(appId=^org.mozilla.fenix$, appDisplayVersion=null, appMinVersion=null, appMaxVersion=null, localeLanguage=null, localeCountry=null, deviceManufacturer=null, deviceModel=null, regions=[], debugTags=[]))], lastModified=1566233826256)
09-28 21:44:20.681 28936 29062 I experiments: onExperimentsUpdated - no experiment currently active, looking for match
09-28 21:44:20.684 28936 28950 I WM-WorkerWrapper: Worker result SUCCESS for Work [ id=413b7640-82e2-40fd-a89f-16fbc9da0c95, tags={ mozilla.components.service.experiments.ExperimentsUpdaterWorker, mozilla.components.service.experiments } ]
09-28 21:44:20.762 28975 29003 D GeckoThread: State changed to MOZGLUE_READY
09-28 21:44:20.769 28975 29003 W Settings: Setting animator_duration_scale has moved from android.provider.Settings.System to android.provider.Settings.Global, returning read-only global URI.
09-28 21:44:20.770 28975 29003 E GeckoLibLoad: Load sqlite start
09-28 21:44:20.788 28975 29003 W GeckoLinker: /data/app/org.mozilla.fenix.nightly-z4Sv0TCoU9bCj92i7J_wGw==/lib/arm/libnss3.so: unhandled flags #8 not handled
09-28 21:44:20.792 28975 29003 W GeckoLinker: /data/app/org.mozilla.fenix.nightly-z4Sv0TCoU9bCj92i7J_wGw==/lib/arm/libnss3.so: Relocation to NULL @0x00130ffc for symbol "__cxa_type_match"
09-28 21:44:20.793 28975 29003 E GeckoLibLoad: Load sqlite done
09-28 21:44:20.793 28975 29003 E GeckoLibLoad: Load nss start
09-28 21:44:20.793 28975 29003 E GeckoLibLoad: Load nss done
09-28 21:44:20.793 28975 29003 W GeckoLinker: /data/app/org.mozilla.fenix.nightly-z4Sv0TCoU9bCj92i7J_wGw==/lib/arm/libxul.so: unhandled flags #8 not handled
09-28 21:44:20.794 28975 29003 W GeckoLinker: /data/app/org.mozilla.fenix.nightly-z4Sv0TCoU9bCj92i7J_wGw==/lib/arm/liblgpllibs.so: unhandled flags #8 not handled
09-28 21:44:20.802 28936 28955 D GeckoThread: State changed to RUNNING
09-28 21:44:20.803 28936 28955 I GeckoSession: zerdatime 2249534264 - chrome startup finished
09-28 21:44:20.825 28975 29003 E GeckoLibLoad: Loaded libs in 32.148389ms total, 23ms(23ms) user, 10ms(10ms) system, 0(0) faults
09-28 21:44:20.826 28975 29003 D GeckoThread: State changed to LIBS_READY
09-28 21:44:20.826 28975 29003 W GeckoThread: zerdatime 2249534287 - runGecko
09-28 21:44:20.967 28936 28955 W ResourceType: Too many attribute references, stopped at: 0x01010099
09-28 21:44:21.357 28975 29003 D GeckoThread: State changed to RUNNING
09-28 21:44:21.436 28936 28936 D App     : Installed browser-icons extension
09-28 21:44:21.437 28936 28936 D mozac-webextensions: Installed extension: mozacWebchannel
09-28 21:44:21.437 28936 28936 D mozac-webextensions: Installed extension: mozacReaderview
09-28 21:44:21.518 28936 28936 D GeckoSession: handleMessage GeckoView:PageStart uri=about:blank
09-28 21:44:21.532 28936 28936 D GeckoSession: handleMessage GeckoView:LocationChange uri=about:blank
09-28 21:44:21.532 28936 28936 D GeckoSession: handleMessage GeckoView:PageStop uri=null
09-28 21:44:21.536 28936 28936 I SessionStorage/AutoSave: Save: Load finished
09-28 21:44:21.577 28936 28957 D SessionStorage/AutoSave: Saved state to disk [40ms]
09-28 21:44:21.617 28936 28955 D GeckoScreenOrientation: unlocking
09-28 21:44:21.621 28936 28936 D GeckoSession: handleMessage GeckoView:OnLoadRequest uri=about:blank
09-28 21:44:21.635  1456  1623 I WifiService: requestActivityInfo uid=1000
09-28 21:44:21.635  1456  1623 I WifiService: reportActivityInfo uid=1000
09-28 21:44:21.635  1456  1623 I WifiService: getSupportedFeatures uid=1000
09-28 21:44:21.637 28936 28936 D GeckoSession: handleMessage GeckoView:OnLoadRequest uri=about:blank
09-28 21:44:21.683  1456  1623 E BatteryExternalStatsWorker: no controller energy info supplied for bluetooth
09-28 21:44:21.720  1456  1623 E BatteryExternalStatsWorker: modem info is invalid: ModemActivityInfo{ mTimestamp=2249535151 mSleepTimeMs=-2057864892 mIdleTimeMs=2058980662 mTxTimeMs[]=[0, 0, 0, 0, 0] mRxTimeMs=4548 mEnergyUsed=0}
09-28 21:44:21.741 28936 28936 D GeckoSession: handleMessage GeckoView:PageStart uri=about:blank
09-28 21:44:21.760 28936 28936 D GeckoSession: handleMessage GeckoView:PageStop uri=null
09-28 21:44:21.767 28936 28936 I SessionStorage/AutoSave: Save: Load finished
09-28 21:44:21.768 28936 29033 D SessionStorage/AutoSave: Delaying save (1770ms)
09-28 21:44:21.777 28936 28936 D GeckoSession: handleMessage GeckoView:PageStart uri=about:blank
09-28 21:44:21.802 28936 28936 D GeckoSession: handleMessage GeckoView:SecurityChanged uri=null
09-28 21:44:21.832 28936 28936 D mozac-webcompat: Installed WebCompat webextension: webcompat@mozilla.com
09-28 21:44:21.847 28936 28936 D GeckoSession: handleMessage GeckoView:PageStop uri=null
09-28 21:44:21.853 28936 28936 I SessionStorage/AutoSave: Save: Load finished
09-28 21:44:21.853 28936 28936 D SessionStorage/AutoSave: Skipping save, other job already in flight
09-28 21:44:22.520 28936 28936 D GeckoSession: handleMessage GeckoView:StateUpdated uri=null
09-28 21:44:23.558 28936 28957 D SessionStorage/AutoSave: Saved state to disk [17ms]
09-28 21:44:26.506  2398  2398 D QtiCarrierConfigHelper: WARNING, no carrier configs on phone Id: 0
09-28 21:44:28.498  1456  4802 I ActivityManager: Force stopping org.mozilla.fenix.nightly appid=10288 user=0: from pid 29158
09-28 21:44:28.498  1456  4802 I ActivityManager: Killing 28936:org.mozilla.fenix.nightly/u0a288 (adj 0): stop org.mozilla.fenix.nightly
09-28 21:44:28.501  1456  1605 W zygote  : kill(-28936, 9) failed: No such process
09-28 21:44:28.503 28975 28975 I ServiceChildProcess: Service has been unbound. Stopping.
09-28 21:44:28.503  1456  4802 W ActivityManager: Force removing ActivityRecord{f7e9f2 u0 org.mozilla.fenix.nightly/org.mozilla.fenix.HomeActivity t537}: app died, no saved state
09-28 21:44:28.516  1456  1605 W zygote  : kill(-28936, 9) failed: No such process
09-28 21:44:28.532  1456  1605 W zygote  : kill(-28936, 9) failed: No such process
09-28 21:44:28.535  1456  7796 I OpenGLRenderer: Initialized EGL, version 1.4
09-28 21:44:28.535  1456  7796 D OpenGLRenderer: Swap behavior 2
09-28 21:44:28.537  1456  4802 I ActivityManager: Killing 28975:org.mozilla.fenix.nightly:tab/u0a288 (adj 0): stop org.mozilla.fenix.nightly
09-28 21:44:28.552  1456  1605 W zygote  : kill(-28936, 9) failed: No such process
09-28 21:44:28.567  2398  2398 D CarrierSvcBindHelper: No carrier app for: 0
09-28 21:44:28.570  1456  1605 W zygote  : kill(-28936, 9) failed: No such process
09-28 21:44:28.573  2398  2398 D CarrierSvcBindHelper: No carrier app for: 1
09-28 21:44:28.575  7883  7883 W Settings: Setting bugreport_in_power_menu has moved from android.provider.Settings.Secure to android.provider.Settings.Global.
09-28 21:44:28.587  1456  3925 I WifiService: getVerboseLoggingLevel uid=1000
09-28 21:44:28.588  1456  3927 I WifiService: getAggressiveHandover uid=1000
09-28 21:44:28.588  1456  1605 W zygote  : kill(-28936, 9) failed: No such process
09-28 21:44:28.588  1456  3927 I WifiService: getAllowScansWithTraffic uid=1000
09-28 21:44:28.591  7883 29161 W TileUtils: Found com.android.settings.backup.BackupSettingsActivity for intent Intent { act=com.android.settings.action.SETTINGS pkg=com.android.settings } missing metadata com.android.settings.category
09-28 21:44:28.607  1456  1605 W zygote  : kill(-28936, 9) failed: No such process
09-28 21:44:28.625  1456  1605 W zygote  : kill(-28936, 9) failed: No such process
09-28 21:44:28.637  2398  2398 E PhoneInterfaceManager: [PhoneIntfMgr] getAllowedCarriers: CommandException: com.android.internal.telephony.CommandException: REQUEST_NOT_SUPPORTED
09-28 21:44:28.639  1456  1605 W zygote  : kill(-28936, 9) failed: No such process
09-28 21:44:28.640  7883 29161 D Settings: No enabled state changed, skipping updateCategory call
09-28 21:44:28.641  2398  2398 E PhoneInterfaceManager: [PhoneIntfMgr] getAllowedCarriers: CommandException: com.android.internal.telephony.CommandException: REQUEST_NOT_SUPPORTED
09-28 21:44:28.652  1456  1605 W zygote  : kill(-28936, 9) failed: No such process
09-28 21:44:28.760  1456  1605 I chatty  : uid=1000(system) ActivityManager identical 6 lines
09-28 21:44:28.775  1456  5907 I WindowManager: WIN DEATH: Window{70e6997 u0 org.mozilla.fenix.nightly/org.mozilla.fenix.HomeActivity}
09-28 21:44:28.776  1456  1605 W zygote  : kill(-28936, 9) failed: No such process
09-28 21:44:28.781   808   871 E SurfaceFlinger: Failed to find layer (org.mozilla.fenix.nightly/org.mozilla.fenix.HomeActivity#0) in layer parent (no-parent).
09-28 21:44:28.785  1456  1673 W ActivityManager: setHasOverlayUi called on unknown pid: 28936
