--------- beginning of main
12-08 21:42:07.019  1456  1605 W zygote  : kill(-29980, 9) failed: No such process
12-08 21:42:07.034  1456  1605 W zygote  : kill(-29980, 9) failed: No such process
12-08 21:42:07.035  1456  1605 I zygote  : Successfully killed process cgroup uid 10110 pid 29980 in 97ms
12-08 21:42:07.035  1456  1605 W zygote  : kill(-17442, 9) failed: No such process
12-08 21:42:07.035  1456  1605 I zygote  : Successfully killed process cgroup uid 10062 pid 17442 in 0ms
12-08 21:42:07.035  1456  1605 W zygote  : kill(-764, 9) failed: No such process
12-08 21:42:07.035  1456  1605 I zygote  : Successfully killed process cgroup uid 10116 pid 764 in 0ms
12-08 21:42:07.035  1456  1605 W zygote  : kill(-18839, 9) failed: No such process
12-08 21:42:07.035  1456  1605 I zygote  : Successfully killed process cgroup uid 10036 pid 18839 in 0ms
12-08 21:42:07.036  1456  1605 W zygote  : kill(-15681, 9) failed: No such process
12-08 21:42:07.036  1456  1605 I zygote  : Successfully killed process cgroup uid 10041 pid 15681 in 0ms
12-08 21:42:07.036  1456  1605 W zygote  : kill(-17559, 9) failed: No such process
12-08 21:42:07.036  1456  1605 I zygote  : Successfully killed process cgroup uid 10114 pid 17559 in 0ms
12-08 21:42:07.036  1456  1605 W zygote  : kill(-17591, 9) failed: No such process
12-08 21:42:07.036  1456  1605 I zygote  : Successfully killed process cgroup uid 10050 pid 17591 in 0ms
12-08 21:42:07.036  1456  1605 W zygote  : kill(-15794, 9) failed: No such process
12-08 21:42:07.036  1456  1605 I zygote  : Successfully killed process cgroup uid 10031 pid 15794 in 0ms
--------- beginning of system
12-08 21:42:07.204  1456  1601 I ActivityManager: Force stopping org.mozilla.fenix.performancetest appid=10511 user=-1: deletePackageX
12-08 21:42:07.366  1017  1017 I keystore: clear_uid 10511
12-08 21:42:07.812  1456  1723 I zygote  : Explicit concurrent copying GC freed 271147(10MB) AllocSpace objects, 12(512KB) LOS objects, 42% free, 26MB/45MB, paused 202us total 433.010ms
12-08 21:42:07.908  1456  1723 I ActivityManager: Start proc 17832:com.android.defcontainer/u0a27 for service com.android.defcontainer/.DefaultContainerService
12-08 21:42:07.908  1456  1723 I ActivityManager: Force stopping org.mozilla.fenix.performancetest appid=10511 user=0: pkg removed
12-08 21:42:07.915  1456  1723 D KernelUidCpuTimeReader: Removing uids 10511-10511
12-08 21:42:07.928  1456  1601 W BroadcastQueue: Background execution not allowed: receiving Intent { act=android.intent.action.PACKAGE_REMOVED dat=package:org.mozilla.fenix.performancetest flg=0x4000010 (has extras) } to com.android.vending/com.google.android.finsky.packagemanager.impl.PackageMonitorReceiverImpl$RegisteredReceiver
12-08 21:42:07.950  1456  1942 I InputReader: Reconfiguring input devices.  changes=0x00000010
12-08 21:42:07.972  1456  1601 I ActivityManager: Start proc 17847:com.motorola.timeweatherwidget/u0a116 for service com.motorola.timeweatherwidget/com.motorola.commandcenter.WidgetService
12-08 21:42:07.979  2398  2398 D CarrierSvcBindHelper: No carrier app for: 0
12-08 21:42:07.980  2398  2398 D CarrierSvcBindHelper: No carrier app for: 1
12-08 21:42:07.981  1456  1601 W BroadcastQueue: Background execution not allowed: receiving Intent { act=android.intent.action.PACKAGE_REMOVED dat=package:org.mozilla.fenix.performancetest flg=0x4000010 (has extras) } to com.android.vending/com.google.android.finsky.instantapps.appmanagement.InstantAppRemoveMonitor
12-08 21:42:07.981  1456  1601 W BroadcastQueue: Background execution not allowed: receiving Intent { act=android.intent.action.PACKAGE_REMOVED dat=package:org.mozilla.fenix.performancetest flg=0x4000010 (has extras) } to com.google.android.gms/.games.chimera.GamesSystemBroadcastReceiverProxy
12-08 21:42:07.981  1456  1601 W BroadcastQueue: Background execution not allowed: receiving Intent { act=android.intent.action.PACKAGE_REMOVED dat=package:org.mozilla.fenix.performancetest flg=0x4000010 (has extras) } to com.google.android.gms/.chimera.GmsIntentOperationService$PersistentTrustedReceiver
12-08 21:42:07.986 23624 23624 I GeofencerStateMachine: removeGeofences: removeRequest=RemoveGeofencingRequest[REMOVE_ALL packageName=org.mozilla.fenix.performancetest]
12-08 21:42:07.994  2398  2398 E VvmPkgInstalledRcvr: cannot create TelephonyManager from ComponentInfo{com.android.phone/com.android.services.telephony.TelephonyConnectionService}, [****], UserHandle{0}
12-08 21:42:08.015  1456  1456 I ActivityManager: Start proc 17863:com.android.keychain/1000 for service com.android.keychain/.KeyChainService
12-08 21:42:08.017 17832 17832 I zygote  : The ClassLoaderContext is a special shared library.
12-08 21:42:08.018  2748  2773 I zygote  : Background concurrent copying GC freed 49235(1656KB) AllocSpace objects, 0(0B) LOS objects, 50% free, 3MB/6MB, paused 228us total 106.760ms
12-08 21:42:08.022  1456  1601 W BroadcastQueue: Background execution not allowed: receiving Intent { act=android.intent.action.PACKAGE_REMOVED dat=package:org.mozilla.fenix.performancetest flg=0x4000010 (has extras) } to com.google.android.googlequicksearchbox/com.google.android.apps.gsa.googlequicksearchbox.GelStubAppWatcher
12-08 21:42:08.028  1456  1456 W ResourceType: ResTable_typeSpec entry count inconsistent: given 610, previously 613
12-08 21:42:08.029  1456  1456 W ResourceType: ResTable_typeSpec entry count inconsistent: given 391, previously 1408
12-08 21:42:08.029  1456  1456 W ResourceType: ResTable_typeSpec entry count inconsistent: given 216, previously 1214
12-08 21:42:08.057  1456  1601 I ActivityManager: Start proc 17873:com.android.chrome/u0a85 for broadcast com.android.chrome/org.chromium.chrome.browser.browserservices.ClientAppBroadcastReceiver
12-08 21:42:08.074  2146  2165 I zygote  : Background concurrent copying GC freed 153805(5MB) AllocSpace objects, 0(0B) LOS objects, 49% free, 6MB/13MB, paused 180us total 156.349ms
12-08 21:42:08.092  1456  1456 I ConditionProviders: Disallowing condition provider org.mozilla.fenix.performancetest
12-08 21:42:08.096 23653 23663 I zygote  : Background concurrent copying GC freed 34863(2MB) AllocSpace objects, 15(816KB) LOS objects, 49% free, 9MB/19MB, paused 276us total 184.858ms
12-08 21:42:08.098  1456  1456 W ResourceType: Found multiple library tables, ignoring...
12-08 21:42:08.104 17847 17847 I zygote  : The ClassLoaderContext is a special shared library.
12-08 21:42:08.115 17863 17863 I zygote  : The ClassLoaderContext is a special shared library.
12-08 21:42:08.116 17847 17847 I zygote  : The ClassLoaderContext is a special shared library.
12-08 21:42:08.146  1456  2625 V KeyValueBackupJob: Scheduling k/v pass in 242 minutes
12-08 21:42:08.197 17847 17847 D CmdCenter: - --->: 2017 WidgetApplication onCreate
12-08 21:42:08.199 17873 17873 W ResourceType: Found multiple library tables, ignoring...
12-08 21:42:08.200 23653 16431 I Icing   : doRemovePackageData org.mozilla.fenix.performancetest
12-08 21:42:08.208 23653 12893 I ContentMaintenance: Internal cache bytes used: 0; limit: 100000000; download size: 0
12-08 21:42:08.252 23653 12893 I RealtimeCacheCleanup: Beginning Realtime garbage collection.
12-08 21:42:08.254 17873 17873 I PlayCore: UID: [10085]  PID: [17873] SplitInstallListenerRegistry : registerListener
12-08 21:42:08.258 17847 17847 I WeatherApp: Creating weather service
12-08 21:42:08.258 23653 23786 I Icing   : IndexChimeraService.getServiceInterface callingPackage=com.google.android.gms componentName=AppsCorpus serviceId=36
12-08 21:42:08.264 23653 12893 I RealtimeCacheCleanup: Finished Realtime garbage collection.
12-08 21:42:08.267 17873 17873 I LoadedApk: No resource references to update in package com.android.chrome.autofill_assistant
12-08 21:42:08.278 23653 15221 W Icing   : No valid account for uploading user actions
12-08 21:42:08.323 23653 15221 I Icing   : Usage reports ok 0, Failed Usage reports 0, indexed 0, rejected 0
12-08 21:42:08.334  1456  3925 I ActivityManager: Start proc 17935:com.android.documentsui/u0a30 for broadcast com.android.documentsui/.PackageReceiver
12-08 21:42:08.358 23653 23790 I Icing   : IndexChimeraService.getServiceInterface callingPackage=com.google.android.gms componentName=null serviceId=30
12-08 21:42:08.360  1456  2162 I ActivityManager: Start proc 17947:com.android.providers.calendar/u0a16 for content provider com.android.providers.calendar/.CalendarProvider2
12-08 21:42:08.372 23653 15221 W Icing   : No valid account for uploading user actions
12-08 21:42:08.389 23653 15221 I Icing   : Usage reports ok 0, Failed Usage reports 0, indexed 0, rejected 0
12-08 21:42:08.390 17935 17935 I zygote  : The ClassLoaderContext is a special shared library.
12-08 21:42:08.413 17947 17947 I zygote  : The ClassLoaderContext is a special shared library.
12-08 21:42:08.417 17947 17947 I chatty  : uid=10016(com.android.providers.calendar) identical 1 line
12-08 21:42:08.421 17947 17947 I zygote  : The ClassLoaderContext is a special shared library.
12-08 21:42:08.456 17947 17947 I CalendarProvider2: Created com.android.providers.calendar.CalendarAlarmManager@6e6d45e(com.android.providers.calendar.CalendarProvider2@3b1403f)
12-08 21:42:08.482  1456  1456 I ActivityManager: Start proc 17970:com.android.vending/u0a62 for broadcast com.android.vending/com.google.android.finsky.packagemanager.impl.PackageMonitorReceiverImpl$RegisteredReceiver
12-08 21:42:08.483  1456  2162 W Binder  : Outgoing transactions from this process must be FLAG_ONEWAY
12-08 21:42:08.483  1456  2162 W Binder  : java.lang.Throwable
12-08 21:42:08.483  1456  2162 W Binder  : 	at android.os.BinderProxy.transact(Binder.java:752)
12-08 21:42:08.483  1456  2162 W Binder  : 	at android.content.ContentProviderProxy.getType(ContentProviderNative.java:451)
12-08 21:42:08.483  1456  2162 W Binder  : 	at com.android.server.am.ActivityManagerService.getProviderMimeType(ActivityManagerService.java:12677)
12-08 21:42:08.483  1456  2162 W Binder  : 	at android.app.IActivityManager$Stub.onTransact(IActivityManager.java:1800)
12-08 21:42:08.483  1456  2162 W Binder  : 	at com.android.server.am.ActivityManagerService.onTransact(ActivityManagerService.java:3169)
12-08 21:42:08.483  1456  2162 W Binder  : 	at android.os.Binder.execTransact(Binder.java:697)
12-08 21:42:08.520  1456  2402 I ActivityManager: Start proc 17984:com.google.android.apps.docs/u0a90 for content provider com.google.android.apps.docs/.storagebackend.StorageBackendContentProvider
12-08 21:42:08.580 17970 17970 I Finsky  : [2] efs.aH(9): Process created at version: 17.8.14-all [0] [PR] 283242051
12-08 21:42:08.701  1456  2402 I ActivityManager: Start proc 18009:com.google.process.gservices/u0a36 for content provider com.google.android.gsf/.gservices.GservicesProvider
12-08 21:42:08.764 18009 18009 I zygote  : The ClassLoaderContext is a special shared library.
12-08 21:42:08.781 18009 18009 I GservicesProvider: Gservices pushing to system: true; secure/global: true
12-08 21:42:08.863 17984 18028 I GAv4    : Google Analytics 20.0.07 is starting up. To enable debug logging on a device run:
12-08 21:42:08.863 17984 18028 I GAv4    :   adb shell setprop log.tag.GAv4 DEBUG
12-08 21:42:08.863 17984 18028 I GAv4    :   adb logcat -s GAv4
12-08 21:42:08.882 17984 18031 W GAv4    : CampaignTrackingReceiver is not registered, not exported or is disabled. Installation campaign tracking is not possible. See http://goo.gl/8Rd3yj for instructions.
12-08 21:42:08.980 17984 17984 W PrimesInit: Primes instant initialization
12-08 21:42:08.993 17984 18034 W Primes  : background initialization
12-08 21:42:09.059 17984 17984 W FieldDefinition: [main] Ignoring isIndexed constraint as field also has uniqueness constraint (on just this field, and therefore SQLite will have to create an index on that. For field: bow$a@710f6ab
12-08 21:42:09.076 17970 18007 I Finsky  : [79146] rfs.a(38): Started reading experiment flags from file [0tGUNCGIkbk4o6-fQ335kUYSKwVj4lusnHT-A5Dsy08].
12-08 21:42:09.076 17984 17990 I zygote  : Do partial code cache collection, code=8KB, data=10KB
12-08 21:42:09.078 17984 17990 I zygote  : After code cache collection, code=8KB, data=10KB
12-08 21:42:09.078 17984 17990 I zygote  : Increasing code cache capacity to 128KB
12-08 21:42:09.095 17970 18007 I Finsky  : [79146] rfs.a(49): Finished reading experiment flags from file [0tGUNCGIkbk4o6-fQ335kUYSKwVj4lusnHT-A5Dsy08].
12-08 21:42:09.095 17970 18038 I Finsky  : [79148] rfs.a(38): Started reading experiment flags from file [Se-xCc4LzNyh3UrKMIU2sUf-PUKz4oQEbpKZDMuaFno].
12-08 21:42:09.112 17970 18038 I Finsky  : [79148] rfs.a(49): Finished reading experiment flags from file [Se-xCc4LzNyh3UrKMIU2sUf-PUKz4oQEbpKZDMuaFno].
12-08 21:42:09.197 23624 23624 W ChimeraUtils: Non Chimera context
12-08 21:42:09.197 23624 23624 W ChimeraUtils: Non Chimera context
12-08 21:42:09.225 17970 17970 I Finsky  : [2] tpf.<init>(15): Resetting scheduler db
12-08 21:42:09.265 17970 18003 I Finsky  : [79142] efs.W(6): Not a unicorn account
12-08 21:42:09.322 17970 18004 W PrimesInit: Primes instant initialization
12-08 21:42:09.327 23653 15221 I Icing   : Indexing com.google.android.gms-apps from com.google.android.gms
12-08 21:42:09.334 17970 18057 W Primes  : background initialization
12-08 21:42:09.334 17970 18003 I Finsky  : [79142] qtl.<init>(5): Registering in memory receiver for android.intent.action.PACKAGE_ADDED
12-08 21:42:09.348 23653 15221 I Icing   : Indexing com.google.android.gms-internal.3p:MobileApplication from com.google.android.gms
12-08 21:42:09.365 23653 15221 I Icing   : Indexing com.google.android.gms-internal.3p:DigitalDocument from com.google.android.gms
12-08 21:42:09.370 17970 18005 I cr_CronetLibraryLoader: Cronet version: 80.0.3970.3, arch: armv7l
12-08 21:42:09.375 23653 15221 I Icing   : Indexing done com.google.android.gms-apps
12-08 21:42:09.375 17970 18004 I Finsky  : [79143] efs.aR(5): Disable SystemUpdateActivity, because Android is lower than Q
12-08 21:42:09.378 23653 15221 I Icing   : Indexing done com.google.android.gms-internal.3p:MobileApplication
12-08 21:42:09.381 23653 15221 I Icing   : Indexing done com.google.android.gms-internal.3p:DigitalDocument
12-08 21:42:09.403 17970 18072 I Finsky  : [79160] eet.run(3): Set SystemUpdateActivity enabled state to 2
12-08 21:42:09.413 17970 18005 W Finsky  : [79144] duu.a(21): For unauth, use getDfeApiNonAuthenticated() instead!
12-08 21:42:09.427 17970 18005 I Finsky  : [79144] pbh.c(4): Enqueuing libraries load for 0
12-08 21:42:09.437 17970 18005 I Finsky  : [79144] gzh.f(7): Subscription detail: N/A
12-08 21:42:09.438 17970 18051 I Finsky  : [79154] pbh.a(13): Starting libraries load for 0
12-08 21:42:09.451 23624 23624 W ChimeraUtils: Non Chimera context
12-08 21:42:09.451 23624 23624 W ChimeraUtils: Non Chimera context
12-08 21:42:09.465 17970 18005 I Finsky  : [79144] zsg.k(5): Setup app restrictions monitor
12-08 21:42:09.482 17970 18005 I Finsky  : [79144] zud.a(4): Device wide unknown source restriction is changed.
12-08 21:42:09.494 17935 17964 I ProvidersCache: Provider returned no roots. Possibly naughty: com.google.android.apps.docs.storage
12-08 21:42:09.515 17935 18073 I ProvidersCache: Provider returned no roots. Possibly naughty: com.google.android.apps.docs.storage
12-08 21:42:09.539 17970 18051 I Finsky  : [79154] pbh.a(28): Finished loading 0 libraries.
12-08 21:42:09.552 17970 18003 W Settings: Setting download_manager_max_bytes_over_mobile has moved from android.provider.Settings.Secure to android.provider.Settings.Global.
12-08 21:42:09.589 17970 18003 I Finsky  : [79142] pzj.a(5): SettingNotFoundException, fall through to G.downloadBytesOverMobileMaximum
12-08 21:42:09.590 17970 18003 W Settings: Setting download_manager_recommended_max_bytes_over_mobile has moved from android.provider.Settings.Secure to android.provider.Settings.Global.
12-08 21:42:09.592 17970 18003 I Finsky  : [79142] pzj.a(9): SettingNotFoundException, fall through to G.downloadBytesOverMobileRecommended
12-08 21:42:09.605  1456  1600 W ResourceType: ResTable_typeSpec entry count inconsistent: given 29, previously 35
12-08 21:42:09.606  1456  1600 W ResourceType: ResTable_typeSpec entry count inconsistent: given 2214, previously 2211
12-08 21:42:09.607  1456  1600 W ResourceType: ResTable_typeSpec entry count inconsistent: given 272, previously 1522
12-08 21:42:09.613  1456  1600 W SearchableInfo: Invalid searchable metadata for com.google.android.gms/.nearby.sharing.ContactSelectActivity: Search label must be a resource reference.
12-08 21:42:09.726  1456  1466 I zygote  : Background concurrent copying GC freed 27568(3MB) AllocSpace objects, 12(560KB) LOS objects, 42% free, 27MB/48MB, paused 730us total 281.441ms
12-08 21:42:09.732 17970 17970 I Finsky  : [2] pqo.onTrimMemory(1): Memory trim requested to level 10
12-08 21:42:09.745 17970 17970 I Finsky  : [2] qtl.a(7): PackageMonitor received: android.intent.action.PACKAGE_FULLY_REMOVED
12-08 21:42:09.745 17970 17970 I Finsky  : [2] quo.d(11): Invalidating cached PackageState for org.mozilla.fenix.performancetest
12-08 21:42:09.750 17970 17970 I Finsky  : [2] abao.a(10): Do not start WearSupportService due to Wear service optimization
12-08 21:42:09.752 17970 17970 I Finsky  : [2] abao.a(10): Do not start WearSupportService due to Wear service optimization
12-08 21:42:09.755 17970 17970 I Finsky  : [2] vbc.a(1): Clearing split related stale data.
12-08 21:42:09.764 17970 18106 I Finsky  : [79182] nib.run(2): Cleaning dev-triggered-update data on package uninstall for org.mozilla.fenix.performancetest.
12-08 21:42:09.769 17970 17970 I Finsky  : [2] quo.j(2): Package no longer installed: org.mozilla.fenix.performancetest
12-08 21:42:09.788 17970 17970 I Finsky  : [2] mul.<init>(16): Installer: Setting Parallelism[DEFAULT]
12-08 21:42:09.789 17970 17970 I Finsky  : [2] mrk.b(6): Installer: package org.mozilla.fenix.performancetest was removed. replacing: false
12-08 21:42:09.803 17970 18111 I Finsky  : [79187] nic.run(2): Finished dev-triggered-update cleaning.
12-08 21:42:09.823 17970 18110 I Finsky  : [79186] qjz.run(16): Frosting DB delete succeeded: true
12-08 21:42:09.874 17970 17974 I zygote  : Do partial code cache collection, code=30KB, data=25KB
12-08 21:42:09.876 17970 17974 I zygote  : After code cache collection, code=30KB, data=25KB
12-08 21:42:09.876 17970 17974 I zygote  : Increasing code cache capacity to 128KB
12-08 21:42:09.982 17970 17970 I Finsky  : [2] mrk.a(83): Installer: Notifying status update. package=org.mozilla.fenix.performancetest, status=UNINSTALLED
12-08 21:42:09.982 17970 17970 I Finsky  : [2] mrk.a(242): Installer kick - no action, not running yet
12-08 21:42:10.009 17970 17970 I Finsky  : [2] mrk.a(18): Installer: Attempting to start installer
12-08 21:42:10.018 17970 17970 I zygote  : Deoptimizing java.lang.Object j$.util.concurrent.ConcurrentHashMap.putVal(java.lang.Object, java.lang.Object, boolean) due to JIT inline cache
12-08 21:42:10.022  1456  1473 I ActivityManager: Start proc 18114:android.process.media/u0a31 for broadcast com.android.providers.downloads/.DownloadReceiver
12-08 21:42:10.029 17970 17970 I Finsky  : [2] mmw.<init>(9): Not checking if recovering from paused session because experiment is off
12-08 21:42:10.043 17970 17970 I Finsky  : [2] pqo.onTrimMemory(1): Memory trim requested to level 80
12-08 21:42:10.043 17970 17970 I Finsky  : [2] gzg.onSubscriptionsChanged(1): onSubscriptionsChanged
12-08 21:42:10.051 17970 17970 I Finsky  : [2] mrk.a(242): Installer kick - no action, not running yet
12-08 21:42:10.052 17970 17970 I Finsky  : [2] mrk.a(242): Installer kick - no action, not running yet
12-08 21:42:10.055 17970 18007 D NetworkSecurityConfig: No Network Security Config specified, using platform default
12-08 21:42:10.083 18114 18114 I zygote  : The ClassLoaderContext is a special shared library.
12-08 21:42:10.104 17970 17970 I Finsky  : [2] too.a(3): SCH: Canceling job 3-1090
12-08 21:42:10.107 18114 18114 I zygote  : The ClassLoaderContext is a special shared library.
12-08 21:42:10.114 17970 17970 I Finsky  : [2] tpf.a(7): SCH: Jobs in database: 1-1337 3-1091 12-1 24-77777777 26-1414141414 29-29 
12-08 21:42:10.120 17970 17970 I zygote  : Deoptimizing java.lang.Object j$.util.concurrent.ConcurrentHashMap.get(java.lang.Object) due to JIT inline cache
12-08 21:42:10.158 17970 17970 I Finsky  : [2] tkv.a(58): SCH: ConstraintMapping: 24-77777777,  -> L: 0ms, D: 53433100ms, C: false, I: true, N: 0
12-08 21:42:10.159 17970 17970 I Finsky  : [2] tkv.a(58): SCH: ConstraintMapping: 1-1337, 12-1,  -> L: 14898ms, D: 56928210ms, C: false, I: false, N: 1
12-08 21:42:10.160 17970 17970 I Finsky  : [2] tkv.a(58): SCH: ConstraintMapping: 3-1091,  -> L: 0ms, D: 83560660ms, C: true, I: true, N: 2
12-08 21:42:10.161 17970 17970 I Finsky  : [2] tkv.a(58): SCH: ConstraintMapping: 26-1414141414, 29-29,  -> L: 29064ms, D: 59064ms, C: false, I: false, N: 0
12-08 21:42:10.174 17970 17970 I Finsky  : [2] tnn.a(37): Cancelling existing jobscheduler jobs: 9000 9004 9003 9008 9006 
12-08 21:42:10.177 17970 17970 I Finsky  : [2] tnn.a(30): Scheduling job Id: 9001, L: 0, D: 53433100, C: false, I: true, N: 0
12-08 21:42:10.179 17970 17970 I Finsky  : [2] tnn.a(30): Scheduling job Id: 9002, L: 14898, D: 56928210, C: false, I: false, N: 1
12-08 21:42:10.190 17970 17970 I Finsky  : [2] tnn.a(30): Scheduling job Id: 9005, L: 0, D: 83560660, C: true, I: true, N: 2
12-08 21:42:10.193 17970 17970 I Finsky  : [2] tnn.a(30): Scheduling job Id: 9007, L: 29064, D: 59064, C: false, I: false, N: 0
12-08 21:42:10.214 17970 17970 I Finsky  : [2] too.a(3): SCH: Canceling job 3-1091
12-08 21:42:10.224 17970 17970 I Finsky  : [2] tpf.a(7): SCH: Jobs in database: 1-1337 12-1 24-77777777 26-1414141414 29-29 
12-08 21:42:10.251 17970 17970 I Finsky  : [2] tkv.a(58): SCH: ConstraintMapping: 24-77777777,  -> L: 0ms, D: 53433010ms, C: false, I: true, N: 0
12-08 21:42:10.252 17970 17970 I Finsky  : [2] tkv.a(58): SCH: ConstraintMapping: 1-1337, 12-1,  -> L: 14808ms, D: 56928115ms, C: false, I: false, N: 1
12-08 21:42:10.253 17970 17970 I Finsky  : [2] tkv.a(58): SCH: ConstraintMapping: 26-1414141414, 29-29,  -> L: 28971ms, D: 58971ms, C: false, I: false, N: 0
12-08 21:42:10.271 17847 17847 I WeatherApp: onStartCommand action: com.motorola.commandcenter.weather.action.START_WEATHER_SERVICE
12-08 21:42:10.274 17970 17970 I Finsky  : [2] tnn.a(37): Cancelling existing jobscheduler jobs: 9002 9007 9001 9005 
12-08 21:42:10.274 17970 17970 I Finsky  : [2] tnn.a(30): Scheduling job Id: 9000, L: 0, D: 53433010, C: false, I: true, N: 0
12-08 21:42:10.276 17970 17970 I Finsky  : [2] tnn.a(30): Scheduling job Id: 9003, L: 14808, D: 56928115, C: false, I: false, N: 1
12-08 21:42:10.280 17970 17970 I Finsky  : [2] tnn.a(30): Scheduling job Id: 9004, L: 28971, D: 58971, C: false, I: false, N: 0
12-08 21:42:10.281 17847 17847 I WeatherApp: onStartCommand action: com.motorola.commandcenter.weather.action.START_WEATHER_SERVICE
12-08 21:42:10.282 17847 17926 I WeatherApp: is force update = false
12-08 21:42:10.287 17970 17970 I Finsky  : [2] tpf.a(7): SCH: Jobs in database: 1-1337 12-1 24-77777777 26-1414141414 29-29 
12-08 21:42:10.288 17847 17926 I WeatherApp: Current Location is OFF.
12-08 21:42:10.288 17847 17926 I WeatherApp: is force update = false
12-08 21:42:10.297 17847 17926 I WeatherApp: No top city.
12-08 21:42:10.298 17847 17926 I WeatherApp: is force update = false
12-08 21:42:10.298 17847 17926 I WeatherApp: Current Location is OFF.
12-08 21:42:10.298 17847 17926 I WeatherApp: is force update = false
12-08 21:42:10.298 17970 18123 I Finsky  : [79191] ndb.c(25): IQ: Creating job 1092, for (REQ_DEVICE_IDLE, REQ_GEARHEAD_PROJECTION_OFF, MIN_BATTERY=50, SHOULD_APPLY_BUDGET=true, NETWORK=UNMETERED, PROVISIONING_STATE=PROVISIONED)
12-08 21:42:10.300 17847 17926 I WeatherApp: No top city.
12-08 21:42:10.307 17970 17970 I Finsky  : [2] tkv.a(58): SCH: ConstraintMapping: 24-77777777,  -> L: 0ms, D: 53432947ms, C: false, I: true, N: 0
12-08 21:42:10.308 17970 17970 I Finsky  : [2] tkv.a(58): SCH: ConstraintMapping: 1-1337, 12-1,  -> L: 14745ms, D: 56928053ms, C: false, I: false, N: 1
12-08 21:42:10.309 17970 17970 I Finsky  : [2] tkv.a(58): SCH: ConstraintMapping: 26-1414141414, 29-29,  -> L: 28913ms, D: 58913ms, C: false, I: false, N: 0
12-08 21:42:10.318 17970 17970 I Finsky  : [2] tnn.a(37): Cancelling existing jobscheduler jobs: 9004 9003 9000 
12-08 21:42:10.319 17970 17970 I Finsky  : [2] tnn.a(30): Scheduling job Id: 9001, L: 0, D: 53432947, C: false, I: true, N: 0
12-08 21:42:10.321 17970 17970 I Finsky  : [2] tnn.a(30): Scheduling job Id: 9002, L: 14745, D: 56928053, C: false, I: false, N: 1
12-08 21:42:10.323 17970 17970 I Finsky  : [2] tnn.a(30): Scheduling job Id: 9005, L: 28913, D: 58913, C: false, I: false, N: 0
12-08 21:42:10.327 17970 17970 I Finsky  : [2] tpf.a(7): SCH: Jobs in database: 1-1337 12-1 24-77777777 26-1414141414 29-29 
12-08 21:42:10.348 17970 17970 I Finsky  : [2] tkv.a(58): SCH: ConstraintMapping: 24-77777777,  -> L: 0ms, D: 53432908ms, C: false, I: true, N: 0
12-08 21:42:10.349 17970 17970 I Finsky  : [2] tkv.a(58): SCH: ConstraintMapping: 1-1337, 12-1,  -> L: 14706ms, D: 56928013ms, C: false, I: false, N: 1
12-08 21:42:10.350 17970 17970 I Finsky  : [2] tkv.a(58): SCH: ConstraintMapping: 26-1414141414, 29-29,  -> L: 28872ms, D: 58872ms, C: false, I: false, N: 0
12-08 21:42:10.356 17970 17970 I Finsky  : [2] tnn.a(37): Cancelling existing jobscheduler jobs: 9005 9001 9002 
12-08 21:42:10.357 17970 17970 I Finsky  : [2] tnn.a(30): Scheduling job Id: 9000, L: 0, D: 53432908, C: false, I: true, N: 0
12-08 21:42:10.359 17970 17970 I Finsky  : [2] tnn.a(30): Scheduling job Id: 9003, L: 14706, D: 56928013, C: false, I: false, N: 1
12-08 21:42:10.361 17970 17970 I Finsky  : [2] tnn.a(30): Scheduling job Id: 9004, L: 28872, D: 58872, C: false, I: false, N: 0
12-08 21:42:10.369 17970 18129 I Finsky  : [79192] mql.run(2): Installer: Installer starting.
12-08 21:42:10.369 17970 17970 I Finsky  : [2] pqo.onTrimMemory(1): Memory trim requested to level 80
12-08 21:42:10.369 17970 18129 I Finsky  : [79192] mql.run(4): Installer: Installer started.
12-08 21:42:10.373 17970 17970 I Finsky  : [2] mrk.a(250): Installer: found apps to install. isMultiUserMode=false, apps=[]
12-08 21:42:10.423 17970 17970 I Finsky  : [2] tpf.a(7): SCH: Jobs in database: 1-1337 3-1092 12-1 24-77777777 26-1414141414 29-29 
12-08 21:42:10.423 17970 18123 I Finsky  : [79191] ndb.c(25): IQ: Creating job 1093, for (REQ_CHARGING, REQ_DEVICE_IDLE, REQ_GEARHEAD_PROJECTION_OFF, NETWORK=UNMETERED, PROVISIONING_STATE=PROVISIONED)
12-08 21:42:10.444 17970 17970 I Finsky  : [2] tkv.a(58): SCH: ConstraintMapping: 24-77777777,  -> L: 0ms, D: 53432811ms, C: false, I: true, N: 0
12-08 21:42:10.445 17970 17970 I Finsky  : [2] tkv.a(58): SCH: ConstraintMapping: 1-1337, 12-1,  -> L: 14608ms, D: 56927918ms, C: false, I: false, N: 1
12-08 21:42:10.447 17970 17970 I Finsky  : [2] tkv.a(58): SCH: ConstraintMapping: 3-1092,  -> L: 0ms, D: 86399876ms, C: false, I: true, N: 2
12-08 21:42:10.448 17970 17970 I Finsky  : [2] tkv.a(58): SCH: ConstraintMapping: 26-1414141414, 29-29,  -> L: 28776ms, D: 58776ms, C: false, I: false, N: 0
12-08 21:42:10.455 17970 17970 I Finsky  : [2] tnn.a(37): Cancelling existing jobscheduler jobs: 9004 9000 9003 
12-08 21:42:10.456 17970 17970 I Finsky  : [2] tnn.a(30): Scheduling job Id: 9001, L: 0, D: 53432811, C: false, I: true, N: 0
12-08 21:42:10.458 17970 17970 I Finsky  : [2] tnn.a(30): Scheduling job Id: 9002, L: 14608, D: 56927918, C: false, I: false, N: 1
12-08 21:42:10.461 17970 17970 I Finsky  : [2] tnn.a(30): Scheduling job Id: 9005, L: 0, D: 86399876, C: false, I: true, N: 2
12-08 21:42:10.463 17970 17970 I Finsky  : [2] tnn.a(30): Scheduling job Id: 9006, L: 28776, D: 58776, C: false, I: false, N: 0
12-08 21:42:10.482 17970 17970 I Finsky  : [2] tpf.a(7): SCH: Jobs in database: 1-1337 3-1092 3-1093 12-1 24-77777777 26-1414141414 29-29 
12-08 21:42:10.491 17970 18123 I Finsky  : [79191] ndb.b(42): IQ: Notifying installation update. package=org.mozilla.fenix.performancetest, status=UNINSTALLED
12-08 21:42:10.512 17970 17970 I Finsky  : [2] tkv.a(58): SCH: ConstraintMapping: 24-77777777,  -> L: 0ms, D: 53432745ms, C: false, I: true, N: 0
12-08 21:42:10.514 17970 17970 I Finsky  : [2] tkv.a(58): SCH: ConstraintMapping: 1-1337, 12-1,  -> L: 14543ms, D: 56927857ms, C: false, I: false, N: 1
12-08 21:42:10.515 17970 17970 I Finsky  : [2] tkv.a(58): SCH: ConstraintMapping: 3-1092,  -> L: 0ms, D: 86399815ms, C: false, I: true, N: 2
12-08 21:42:10.516 17970 17970 I Finsky  : [2] tkv.a(58): SCH: ConstraintMapping: 3-1093,  -> L: 0ms, D: 86399933ms, C: true, I: true, N: 2
12-08 21:42:10.517 17970 17970 I Finsky  : [2] tkv.a(58): SCH: ConstraintMapping: 26-1414141414, 29-29,  -> L: 28710ms, D: 58710ms, C: false, I: false, N: 0
12-08 21:42:10.529 17970 17970 I Finsky  : [2] tnn.a(37): Cancelling existing jobscheduler jobs: 9002 9001 9005 9006 
12-08 21:42:10.530 17970 17970 I Finsky  : [2] tnn.a(30): Scheduling job Id: 9000, L: 0, D: 53432745, C: false, I: true, N: 0
12-08 21:42:10.532 17970 17970 I Finsky  : [2] tnn.a(30): Scheduling job Id: 9003, L: 14543, D: 56927857, C: false, I: false, N: 1
12-08 21:42:10.533 17970 18123 I Finsky  : [79191] ndb.b(28): IQ: No matching installs to run for jobs: []
12-08 21:42:10.535 17970 17970 I Finsky  : [2] tnn.a(30): Scheduling job Id: 9004, L: 0, D: 86399815, C: false, I: true, N: 2
12-08 21:42:10.538 17970 17970 I Finsky  : [2] tnn.a(30): Scheduling job Id: 9007, L: 0, D: 86399933, C: true, I: true, N: 2
12-08 21:42:10.540 17970 17970 I Finsky  : [2] tnn.a(30): Scheduling job Id: 9008, L: 28710, D: 58710, C: false, I: false, N: 0
12-08 21:42:10.578 17970 17970 I Finsky  : [2] vaq.a(24): Connecting InstallListener to SplitInstallService broadcaster...
12-08 21:42:11.966 17984 18035 W DynamiteModule: Local module descriptor class for providerinstaller not found.
12-08 21:42:11.971 17984 18035 W ProviderInstaller: Failed to load providerinstaller module: No acceptable module found. Local version is 0 and remote version is 0.
12-08 21:42:11.981 17984 18035 I zygote  : The ClassLoaderContext is a special shared library.
12-08 21:42:11.984 17984 18035 I zygote  : The ClassLoaderContext is a special shared library.
12-08 21:42:12.001 17984 18035 V NativeCrypto: Registering com/google/android/gms/org/conscrypt/NativeCrypto's 286 native methods...
12-08 21:42:12.054 17984 18035 D NetworkSecurityConfig: Using Network Security Config from resource network_security_config debugBuild: false
12-08 21:42:12.057 17984 18035 I ProviderInstaller: Installed default security provider GmsCore_OpenSSL
12-08 21:42:13.533 17970 17989 I zygote  : Waiting for a blocking GC ProfileSaver
12-08 21:42:13.591 17984 18001 I zygote  : Waiting for a blocking GC ProfileSaver
12-08 21:42:13.593 17970 17989 I zygote  : WaitForGcToComplete blocked ProfileSaver on HeapTrim for 60.048ms
12-08 21:42:13.626 17984 18001 I zygote  : WaitForGcToComplete blocked ProfileSaver on HeapTrim for 34.735ms
12-08 21:42:14.587 17970 17970 I Finsky  : [2] zlj.a(7): Verification requested, id = 487
12-08 21:42:14.874 17970 17970 E Finsky  : [2] zzd.b(2): Package name null is not an installed package
12-08 21:42:14.890 17970 18038 I Finsky  : [79148] znj.a(9): Single user settings service is not running, bind it now
12-08 21:42:14.897 17970 17970 I Finsky  : [2] zni.onServiceConnected(1): Single user settings service is connected
12-08 21:42:14.964 17970 18038 W Settings: Setting install_non_market_apps has moved from android.provider.Settings.Global to android.provider.Settings.Secure, returning read-only value.
12-08 21:42:15.609 17970 17974 I zygote  : Do partial code cache collection, code=61KB, data=52KB
12-08 21:42:15.611 17970 17974 I zygote  : After code cache collection, code=58KB, data=51KB
12-08 21:42:15.611 17970 17974 I zygote  : Increasing code cache capacity to 256KB
12-08 21:42:16.203 17970 18038 I Finsky  : [79148] laa.a(8): Task 7 requested foreground
12-08 21:42:16.208 17970 18038 I Finsky  : [79148] laa.a(21): Not entering foreground
12-08 21:42:16.644 17970 18051 I Finsky  : [79154] zts.b(4): Verify: Verification package=org.mozilla.fenix.performancetest, id=487 response=0
12-08 21:42:16.659 17970 18038 I Finsky  : [79148] zzd.b(4): PSIC verification started with installer uid: 2000 package name: null, originating uid: -1
12-08 21:42:16.665 17970 17970 I Finsky  : [2] zuv.c(5): Verifying id=487, result=1
12-08 21:42:16.670 17970 17970 I Finsky  : [2] zuv.gT(6): Verification complete: id=487, package_name=org.mozilla.fenix.performancetest
12-08 21:42:16.685 17970 17970 I Finsky  : [2] pqo.onTrimMemory(1): Memory trim requested to level 80
12-08 21:42:17.365  1456  1723 I PackageManager.DexOptimizer: Running dexopt (dexoptNeeded=1) on: /data/app/org.mozilla.fenix.performancetest-3Ub3Mhf-jMmI-6bh6Qsy_w==/base.apk pkg=org.mozilla.fenix.performancetest isa=arm dexoptFlags=boot_complete,debuggable,public target-filter=quicken oatDir=/data/app/org.mozilla.fenix.performancetest-3Ub3Mhf-jMmI-6bh6Qsy_w==/oat sharedLibraries=PCL[]
12-08 21:42:17.416 18155 18155 I dex2oat : /system/bin/dex2oat --input-vdex-fd=-1 --output-vdex-fd=11 --compiler-filter=quicken --debuggable --classpath-dir=/data/app/org.mozilla.fenix.performancetest-3Ub3Mhf-jMmI-6bh6Qsy_w== --class-loader-context=PCL[]
12-08 21:42:17.424 18155 18155 W dex2oat : Could not reserve sentinel fault page
12-08 21:42:19.265 17970 18038 I Finsky  : [79148] hge.a(25): No selector loaded
12-08 21:42:19.279 17970 18038 I Finsky  : [79148] ipq.d(92): System was updated or GL extensions were already cached.
12-08 21:42:19.287 17970 18051 I Finsky  : [79154] eey.run(3): Initializing the instant apps module.
12-08 21:42:19.400 17970 18132 I Finsky  : [79194] rfx.b(1): Triggered update for experiment package com.google.android.finsky.regular.
12-08 21:42:19.543 17970 18072 I Finsky  : [79160] zsg.f(2): Restoring notifications
12-08 21:42:19.636 17970 18075 I Finsky  : [79162] eev.run(8): Component class com.google.android.finsky.wear.WearSupportService disabled via PackageManager.
12-08 21:42:19.638 17970 18072 I Finsky  : [79160] zsg.f(5): Done restoring notifications
12-08 21:42:19.640 17970 17974 I zygote  : Do full code cache collection, code=108KB, data=82KB
12-08 21:42:19.642 17970 17974 I zygote  : After code cache collection, code=66KB, data=40KB
12-08 21:42:19.642 17970 18075 I Finsky  : [79162] eev.run(8): Component class com.google.android.finsky.wear.WearChangeListenerService disabled via PackageManager.
12-08 21:42:19.666 17970 18038 I Finsky  : [79148] abao.a(10): Do not start WearSupportService due to Wear service optimization
12-08 21:42:19.819 17970 18132 I Finsky  : [79194] rfx.b(8): Already at the latest configurations for experiment package com.google.android.finsky.regular.
12-08 21:42:19.823 17970 18119 I Finsky  : [79190] rfx.b(1): Triggered update for experiment package com.google.android.finsky.stable.
12-08 21:42:19.878 17970 18119 I Finsky  : [79190] rfx.b(8): Already at the latest configurations for experiment package com.google.android.finsky.stable.
12-08 21:42:20.050 17970 17974 I zygote  : Do partial code cache collection, code=94KB, data=77KB
12-08 21:42:20.052 17970 17974 I zygote  : After code cache collection, code=94KB, data=77KB
12-08 21:42:20.052 17970 17974 I zygote  : Increasing code cache capacity to 512KB
12-08 21:42:20.053 17970 17974 I zygote  : Compiler allocated 6MB to compile java.lang.Object ajnq.call()
12-08 21:42:20.095 18155 18155 I dex2oat : Explicit concurrent copying GC freed 48784(7MB) AllocSpace objects, 0(0B) LOS objects, 90% free, 159KB/1695KB, paused 80us total 9.382ms
12-08 21:42:20.151 18155 18155 W dex2oat : Method processed more than once: void org.mozilla.geckoview.GeckoView.<init>(android.content.Context)
12-08 21:42:20.152 18155 18155 W dex2oat : Method processed more than once: void org.mozilla.geckoview.GeckoView.<init>(android.content.Context, android.util.AttributeSet)
12-08 21:42:20.152 18155 18155 W dex2oat : Method processed more than once: org.mozilla.gecko.SurfaceViewWrapper org.mozilla.geckoview.GeckoView.access$100(org.mozilla.geckoview.GeckoView)
12-08 21:42:20.152 18155 18155 W dex2oat : Method processed more than once: boolean org.mozilla.geckoview.GeckoView.access$302(org.mozilla.geckoview.GeckoView, boolean)
12-08 21:42:20.153 18155 18155 W dex2oat : Method processed more than once: void org.mozilla.geckoview.GeckoView.init()
12-08 21:42:20.153 18155 18155 W dex2oat : Method processed more than once: void org.mozilla.geckoview.GeckoView.restoreSession(org.mozilla.geckoview.GeckoSession)
12-08 21:42:20.153 18155 18155 W dex2oat : Method processed more than once: void org.mozilla.geckoview.GeckoView.autofill(android.util.SparseArray)
12-08 21:42:20.154 18155 18155 W dex2oat : Method processed more than once: org.mozilla.geckoview.GeckoResult org.mozilla.geckoview.GeckoView.capturePixels()
12-08 21:42:20.154 18155 18155 W dex2oat : Method processed more than once: void org.mozilla.geckoview.GeckoView.coverUntilFirstPaint(int)
12-08 21:42:20.154 18155 18155 W dex2oat : Method processed more than once: void org.mozilla.geckoview.GeckoView.dispatchDraw(android.graphics.Canvas)
12-08 21:42:20.155 18155 18155 W dex2oat : Method processed more than once: boolean org.mozilla.geckoview.GeckoView.gatherTransparentRegion(android.graphics.Region)
12-08 21:42:20.155 18155 18155 W dex2oat : Method processed more than once: boolean org.mozilla.geckoview.GeckoView.getAutofillEnabled()
12-08 21:42:20.155 18155 18155 W dex2oat : Method processed more than once: org.mozilla.geckoview.DynamicToolbarAnimator org.mozilla.geckoview.GeckoView.getDynamicToolbarAnimator()
12-08 21:42:20.155 18155 18155 W dex2oat : Method processed more than once: org.mozilla.gecko.EventDispatcher org.mozilla.geckoview.GeckoView.getEventDispatcher()
12-08 21:42:20.155 18155 18155 W dex2oat : Method processed more than once: android.os.Handler org.mozilla.geckoview.GeckoView.getHandler()
12-08 21:42:20.155 18155 18155 W dex2oat : Method processed more than once: org.mozilla.geckoview.PanZoomController org.mozilla.geckoview.GeckoView.getPanZoomController()
12-08 21:42:20.155 18155 18155 W dex2oat : Method processed more than once: org.mozilla.geckoview.GeckoSession org.mozilla.geckoview.GeckoView.getSession()
12-08 21:42:20.156 18155 18155 W dex2oat : Method processed more than once: void org.mozilla.geckoview.GeckoView.onAttachedToWindow()
12-08 21:42:20.156 18155 18155 W dex2oat : Method processed more than once: void org.mozilla.geckoview.GeckoView.onConfigurationChanged(android.content.res.Configuration)
12-08 21:42:20.156 18155 18155 W dex2oat : Method processed more than once: android.view.inputmethod.InputConnection org.mozilla.geckoview.GeckoView.onCreateInputConnection(android.view.inputmethod.EditorInfo)
12-08 21:42:20.156 18155 18155 W dex2oat : Method processed more than once: void org.mozilla.geckoview.GeckoView.onDetachedFromWindow()
12-08 21:42:20.156 18155 18155 W dex2oat : Method processed more than once: void org.mozilla.geckoview.GeckoView.onFocusChanged(boolean, int, android.graphics.Rect)
12-08 21:42:20.157 18155 18155 W dex2oat : Method processed more than once: boolean org.mozilla.geckoview.GeckoView.onGenericMotionEvent(android.view.MotionEvent)
12-08 21:42:20.157 18155 18155 W dex2oat : Method processed more than once: int org.mozilla.geckoview.GeckoView.onGenericMotionEventForResult(android.view.MotionEvent)
12-08 21:42:20.157 18155 18155 W dex2oat : Method processed more than once: boolean org.mozilla.geckoview.GeckoView.onKeyDown(int, android.view.KeyEvent)
12-08 21:42:20.157 18155 18155 W dex2oat : Method processed more than once: boolean org.mozilla.geckoview.GeckoView.onKeyLongPress(int, android.view.KeyEvent)
12-08 21:42:20.157 18155 18155 W dex2oat : Method processed more than once: boolean org.mozilla.geckoview.GeckoView.onKeyMultiple(int, int, android.view.KeyEvent)
12-08 21:42:20.158 18155 18155 W dex2oat : Method processed more than once: boolean org.mozilla.geckoview.GeckoView.onKeyPreIme(int, android.view.KeyEvent)
12-08 21:42:20.158 18155 18155 W dex2oat : Method processed more than once: boolean org.mozilla.geckoview.GeckoView.onKeyUp(int, android.view.KeyEvent)
12-08 21:42:20.158 18155 18155 W dex2oat : Method processed more than once: void org.mozilla.geckoview.GeckoView.onProvideAutofillVirtualStructure(android.view.ViewStructure, int)
12-08 21:42:20.159 18155 18155 W dex2oat : Method processed more than once: void org.mozilla.geckoview.GeckoView.onRestoreInstanceState(android.os.Parcelable)
12-08 21:42:20.159 18155 18155 W dex2oat : Method processed more than once: android.os.Parcelable org.mozilla.geckoview.GeckoView.onSaveInstanceState()
12-08 21:42:20.159 18155 18155 W dex2oat : Method processed more than once: boolean org.mozilla.geckoview.GeckoView.onTouchEvent(android.view.MotionEvent)
12-08 21:42:20.159 18155 18155 W dex2oat : Method processed more than once: int org.mozilla.geckoview.GeckoView.onTouchEventForResult(android.view.MotionEvent)
12-08 21:42:20.160 18155 18155 W dex2oat : Method processed more than once: void org.mozilla.geckoview.GeckoView.onWindowFocusChanged(boolean)
12-08 21:42:20.160 18155 18155 W dex2oat : Method processed more than once: void org.mozilla.geckoview.GeckoView.onWindowVisibilityChanged(int)
12-08 21:42:20.160 18155 18155 W dex2oat : Method processed more than once: org.mozilla.geckoview.GeckoSession org.mozilla.geckoview.GeckoView.releaseSession()
12-08 21:42:20.160 18155 18155 W dex2oat : Method processed more than once: void org.mozilla.geckoview.GeckoView.setActive(boolean)
12-08 21:42:20.160 18155 18155 W dex2oat : Method processed more than once: void org.mozilla.geckoview.GeckoView.setAutofillEnabled(boolean)
12-08 21:42:20.161 18155 18155 W dex2oat : Method processed more than once: void org.mozilla.geckoview.GeckoView.setDynamicToolbarMaxHeight(int)
12-08 21:42:20.162 18155 18155 W dex2oat : Method processed more than once: void org.mozilla.geckoview.GeckoView.setSession(org.mozilla.geckoview.GeckoSession)
12-08 21:42:20.162 18155 18155 W dex2oat : Method processed more than once: void org.mozilla.geckoview.GeckoView.setVerticalClipping(int)
12-08 21:42:20.162 18155 18155 W dex2oat : Method processed more than once: void org.mozilla.geckoview.GeckoView.setViewBackend(int)
12-08 21:42:20.162 18155 18155 W dex2oat : Method processed more than once: boolean org.mozilla.geckoview.GeckoView.shouldPinOnScreen()
12-08 21:42:20.235 18155 18155 I dex2oat : Explicit concurrent copying GC freed 3671(486KB) AllocSpace objects, 0(0B) LOS objects, 90% free, 169KB/1705KB, paused 54us total 7.204ms
12-08 21:42:20.383 17970 17970 I Finsky  : [2] uku.run(5): Detected restoreservicev2://recovery not needed, will not run
12-08 21:42:20.467 18155 18155 I dex2oat : dex2oat took 3.052s (10.287s cpu) (threads: 8) arena alloc=2MB (2261352B) java alloc=169KB (173936B) native alloc=3MB (3698432B) free=6MB (7311616B)
12-08 21:42:20.508  1016  1199 E         : Couldn't opendir /data/app/vmdl1626730285.tmp: No such file or directory
12-08 21:42:20.508  1016  1199 E installd: Failed to delete /data/app/vmdl1626730285.tmp: No such file or directory
12-08 21:42:20.528  2360  2360 D MayaFrameworkProxyService: receive intent :Intent { act=android.intent.action.PACKAGE_ADDED dat=package:org.mozilla.fenix.performancetest flg=0x4000010 (has extras) }
12-08 21:42:20.531  1456  4679 W BroadcastQueue: Background execution not allowed: receiving Intent { act=android.intent.action.PACKAGE_ADDED dat=package:org.mozilla.fenix.performancetest flg=0x4000010 (has extras) } to com.android.vending/com.google.android.finsky.packagemanager.impl.PackageMonitorReceiverImpl$RegisteredReceiver
12-08 21:42:20.544  1456  1942 I InputReader: Reconfiguring input devices.  changes=0x00000010
12-08 21:42:20.553 17970 17970 I Finsky  : [2] qtl.a(7): PackageMonitor received: android.intent.action.PACKAGE_ADDED
12-08 21:42:20.563 17970 17970 I Finsky  : [2] quo.d(11): Invalidating cached PackageState for org.mozilla.fenix.performancetest
12-08 21:42:20.566  1456  1601 W BroadcastQueue: Background execution not allowed: receiving Intent { act=android.intent.action.PACKAGE_ADDED dat=package:org.mozilla.fenix.performancetest flg=0x4000010 (has extras) } to com.google.android.gms/.games.chimera.GamesSystemBroadcastReceiverProxy
12-08 21:42:20.566  1456  1601 W BroadcastQueue: Background execution not allowed: receiving Intent { act=android.intent.action.PACKAGE_ADDED dat=package:org.mozilla.fenix.performancetest flg=0x4000010 (has extras) } to com.google.android.gms/.gass.chimera.PackageChangeBroadcastReceiver
12-08 21:42:20.566 17970 17970 I Finsky  : [2] abao.a(10): Do not start WearSupportService due to Wear service optimization
12-08 21:42:20.567  1456  1601 W BroadcastQueue: Background execution not allowed: receiving Intent { act=android.intent.action.PACKAGE_ADDED dat=package:org.mozilla.fenix.performancetest flg=0x4000010 (has extras) } to com.google.android.gms/.chimera.GmsIntentOperationService$PersistentTrustedReceiver
12-08 21:42:20.567  1456  1601 W BroadcastQueue: Background execution not allowed: receiving Intent { act=android.intent.action.PACKAGE_ADDED dat=package:org.mozilla.fenix.performancetest flg=0x4000010 (has extras) } to com.google.android.googlequicksearchbox/com.google.android.apps.gsa.googlequicksearchbox.GelStubAppWatcher
12-08 21:42:20.568 17970 17970 I Finsky  : [2] abao.a(10): Do not start WearSupportService due to Wear service optimization
12-08 21:42:20.570 17970 18106 I Finsky  : [79182] nia.run(2): Cleaning dev-triggered-update data on package install for org.mozilla.fenix.performancetest.
12-08 21:42:20.570 17970 17970 I Finsky  : [2] vbc.a(1): Clearing split related stale data.
12-08 21:42:20.574 17970 18111 I Finsky  : [79187] nic.run(2): Finished dev-triggered-update cleaning.
12-08 21:42:20.575  1456  1601 W BroadcastQueue: Background execution not allowed: receiving Intent { act=android.intent.action.PACKAGE_ADDED dat=package:org.mozilla.fenix.performancetest flg=0x4000010 (has extras) } to com.google.android.ims/.receivers.RcsAutoStartReceiver
12-08 21:42:20.580  1456  1600 W ResourceType: No known package when getting value for resource number 0x7f080196
12-08 21:42:20.580  1456  1600 W ResourceType: No known package when getting value for resource number 0x7f1200f7
12-08 21:42:20.580  1456  1600 W ResourceType: No known package when getting value for resource number 0x7f1200f7
12-08 21:42:20.584 17970 17970 I Finsky  : [2] qka.c(2): Frosting ID looked up on UI thread. Caller should move to a background thread.
12-08 21:42:20.585  1456  1600 W ResourceType: No known package when getting value for resource number 0x7f080194
12-08 21:42:20.585  1456  1600 W ResourceType: No known package when getting value for resource number 0x7f1200f5
12-08 21:42:20.585  1456  1600 W ResourceType: No known package when getting value for resource number 0x7f1200f5
12-08 21:42:20.599  1456  1601 I ActivityManager: Start proc 18183:com.motorola.invisiblenet/u0a44 for broadcast com.motorola.invisiblenet/.PackageAddedReceiver
12-08 21:42:20.611  2398  2398 D CarrierSvcBindHelper: No carrier app for: 0
12-08 21:42:20.612  2398  2398 D CarrierSvcBindHelper: No carrier app for: 1
12-08 21:42:20.613  2398  2398 D ImsResolver: maybeAddedImsService, packageName: org.mozilla.fenix.performancetest
12-08 21:42:20.621  1456  1600 W SearchableInfo: Invalid searchable metadata for com.google.android.gms/.nearby.sharing.ContactSelectActivity: Search label must be a resource reference.
12-08 21:42:20.633 17970 18187 I Finsky  : [79212] akkf.a(2): registerListener
12-08 21:42:20.636  2398  2398 E VvmPkgInstalledRcvr: cannot create TelephonyManager from ComponentInfo{com.android.phone/com.android.services.telephony.TelephonyConnectionService}, [****], UserHandle{0}
12-08 21:42:20.636  2398  2398 D CarrierConfigLoader: mHandler: 9 phoneId: 0
12-08 21:42:20.637 17970 18110 I Finsky  : [79186] qjw.run(16): Wrote row to frosting DB: 1356
12-08 21:42:20.638 17970 18187 I Finsky  : [79212] jtg.a(2): getDownloads(-)
12-08 21:42:20.644  1456  1456 I TelecomService: DefaultDialerCache: Refreshing default dialer for user 0: now com.android.dialer: DDC.oR@Q6U
12-08 21:42:20.650 17970 18187 I Finsky  : [79212] eom.run(7): Initialized AssetModuleDownloader.
12-08 21:42:20.652 17970 18202 I zygote  : Deoptimizing java.lang.String abmm.a(java.lang.String, java.lang.Object[]) due to JIT inline cache
12-08 21:42:20.652 17970 18202 I Finsky  : [79214] akko.a(7): Initiate binding to the service.
12-08 21:42:20.707 18183 18183 I zygote  : The ClassLoaderContext is a special shared library.
12-08 21:42:20.709  1456  5027 I ActivityManager: Start proc 18206:com.android.vending:download_service/u0a62 for service com.android.vending/com.google.android.finsky.downloadservice.DownloadService
12-08 21:42:20.720 17935 18181 I ProvidersCache: Provider returned no roots. Possibly naughty: com.google.android.apps.docs.storage
12-08 21:42:20.721  1456  1473 I ActivityManager: START u0 {act=android.intent.action.MAIN cat=[android.intent.category.LAUNCHER] flg=0x10000000 cmp=org.mozilla.fenix.performancetest/org.mozilla.fenix.HomeActivity} from uid 2000
12-08 21:42:20.721   794   839 E ANDR-PERF-RESOURCEQS: Failed to apply optimization [4, 0]
12-08 21:42:20.752  1456  4679 I ActivityManager: Start proc 18222:org.mozilla.fenix.performancetest/u0a512 for activity org.mozilla.fenix.performancetest/org.mozilla.fenix.HomeActivity
12-08 21:42:20.758 18222 18222 I chatty  : uid=10512(org.mozilla.fenix.performancetest) expire 66 lines
12-08 21:42:20.792 23653 18231 I Auth    : [SupervisedAccountIntentOperation] onHandleIntent(): android.intent.action.PACKAGE_ADDED
