10-04 21:44:09.030 25483 25488 I zygote  : Do full code cache collection, code=126KB, data=98KB
10-04 21:44:09.033 25483 25488 I zygote  : After code cache collection, code=113KB, data=69KB
10-04 21:44:09.102  1456  1673 I ActivityManager: Displayed org.mozilla.fenix.nightly/org.mozilla.fenix.HomeActivity: +678ms (total +1s591ms)
10-04 21:44:09.109 25483 25488 I zygote  : Do partial code cache collection, code=123KB, data=82KB
10-04 21:44:09.111 25483 25488 I zygote  : After code cache collection, code=123KB, data=82KB
10-04 21:44:09.111 25483 25488 I zygote  : Increasing code cache capacity to 512KB
10-04 21:44:09.119 25483 25483 W LOTTIE  : Animation contains merge paths but they are disabled.
10-04 21:44:09.138 25483 25505 D GeckoThread: State changed to PROFILE_READY
10-04 21:44:09.253 25483 25505 W GeckoEventDispatcher: No listener for AndroidCastDevice:SyncDevice
10-04 21:44:09.260 25483 25505 I Gecko   : -*- nsDNSServiceDiscovery.js : nsDNSServiceDiscovery
10-04 21:44:09.274   808   808 I SFPerfTracer:      triggers: (rate: 4:5526) (compose: 0:0) (post: 0:0) (render: 0:1) (5:144264 frames) (6:365174)
10-04 21:44:09.274   808   808 D SFPerfTracer:        layers: (5:12) (NavigationBar#0 (0xb07df000): 0:1072) (StatusBar#0 (0xb07e3000): 0:219881) (com.android.systemui.ImageWallpaper#0 (0xb07e7000): 0:76)* (Sprite#0 (0xb0733000): 0:317)* (DimLayerController/Stack=0#0 (0xb075a000): 0:165)* (animation background stackId=1#0 (0xb0771000): 0:4)* (Sprite#1 (0xb077c000): 0:195)* (org.mozilla.fenix.nightly/org.mozilla.fenix.HomeActivity#0 (0xb03a4000): 0:60)- (com.android.settings/com.android.settings.Settings$DevelopmentSettingsActivity#0 (0xb0763000): 0:9)- (Splash Screen org.mozilla.fenix.nightly#0 (0xb039b000): 6:32) (org.mozilla.fenix.nightly/org.mozilla.fenix.IntentReceiverActivity#0 (0xb0397000): 0:5)- (org.mozilla.fenix.nightly/org.mozilla.fenix.HomeActivity#0 (0xb075d000): 6:16) 
10-04 21:44:09.364 25483 25505 W ResourceType: Too many attribute references, stopped at: 0x01010099
10-04 21:44:09.412 25483 25505 I Gecko   : Attempting load of libEGL.so
10-04 21:44:09.602 25483 25483 D GeckoNetworkManager: Incoming event enableNotifications for state OnNoListeners -> OnWithListeners
10-04 21:44:09.603 25483 25483 D GeckoNetworkManager: New network state: UP, WIFI, WIFI
10-04 21:44:09.604 25483 25483 D GeckoNetworkManager: Incoming event receivedUpdate for state OnWithListeners -> OnWithListeners
10-04 21:44:09.605 25483 25483 D GeckoNetworkManager: New network state: UP, WIFI, WIFI
10-04 21:44:09.607 25483 25505 W GeckoLinker: /data/app/org.mozilla.fenix.nightly-SJrn-9ss3OKKRYxZTVQ4LA==/lib/arm/libsoftokn3.so: unhandled flags #8 not handled
10-04 21:44:09.608 25483 25505 W GeckoLinker: /data/app/org.mozilla.fenix.nightly-SJrn-9ss3OKKRYxZTVQ4LA==/lib/arm/libsoftokn3.so: Relocation to NULL @0x00025ffc for symbol "__cxa_type_match"
10-04 21:44:09.609 25483 25505 W GeckoLinker: /data/app/org.mozilla.fenix.nightly-SJrn-9ss3OKKRYxZTVQ4LA==/lib/arm/libfreebl3.so: unhandled flags #8 not handled
10-04 21:44:09.609 25483 25505 W GeckoLinker: /data/app/org.mozilla.fenix.nightly-SJrn-9ss3OKKRYxZTVQ4LA==/lib/arm/libfreebl3.so: Relocation to NULL @0x00040ffc for symbol "__cxa_type_match"
10-04 21:44:09.642 25483 25633 W GeckoLinker: /data/app/org.mozilla.fenix.nightly-SJrn-9ss3OKKRYxZTVQ4LA==/lib/arm/libnssckbi.so: unhandled flags #8 not handled
10-04 21:44:09.643 25483 25633 W GeckoLinker: /data/app/org.mozilla.fenix.nightly-SJrn-9ss3OKKRYxZTVQ4LA==/lib/arm/libnssckbi.so: Relocation to NULL @0x00050ffc for symbol "__cxa_type_match"
10-04 21:44:09.849 25483 25605 D experiments: Fetched experiments from https://firefox.settings.services.mozilla.com/v1/buckets/main/collections/mobile-experiments/records?_since=1566233826256:
10-04 21:44:09.849 25483 25605 D experiments: {"data":[]}
10-04 21:44:09.850 25483 25605 I experiments: Experiments update from server: ExperimentsSnapshot(experiments=[Experiment(id=fenix-test-2019-08-05, description=End-to-end test of the Mobiles Experiments platform for Firefox Preview., lastModified=1566233826256, schemaModified=1566228455761, buckets=Buckets(start=0, count=667), branches=[Branch(name=a, ratio=1), Branch(name=b, ratio=1), Branch(name=c, ratio=1)], match=Matcher(appId=^org.mozilla.fenix$, appDisplayVersion=null, appMinVersion=null, appMaxVersion=null, localeLanguage=null, localeCountry=null, deviceManufacturer=null, deviceModel=null, regions=[], debugTags=[]))], lastModified=1566233826256)
10-04 21:44:09.852 25483 25605 I experiments: onExperimentsUpdated - no experiment currently active, looking for match
10-04 21:44:09.856 25483 25497 I WM-WorkerWrapper: Worker result SUCCESS for Work [ id=a355cde3-d497-4a57-bfef-67a9a0d88ab7, tags={ mozilla.components.service.experiments.ExperimentsUpdaterWorker, mozilla.components.service.experiments } ]
10-04 21:44:09.934 25522 25546 D GeckoThread: State changed to MOZGLUE_READY
10-04 21:44:09.941 25522 25546 W Settings: Setting animator_duration_scale has moved from android.provider.Settings.System to android.provider.Settings.Global, returning read-only global URI.
10-04 21:44:09.943 25522 25546 E GeckoLibLoad: Load sqlite start
10-04 21:44:09.961 25522 25546 W GeckoLinker: /data/app/org.mozilla.fenix.nightly-SJrn-9ss3OKKRYxZTVQ4LA==/lib/arm/libnss3.so: unhandled flags #8 not handled
10-04 21:44:09.965 25522 25546 W GeckoLinker: /data/app/org.mozilla.fenix.nightly-SJrn-9ss3OKKRYxZTVQ4LA==/lib/arm/libnss3.so: Relocation to NULL @0x00133ffc for symbol "__cxa_type_match"
10-04 21:44:09.965 25522 25546 E GeckoLibLoad: Load sqlite done
10-04 21:44:09.966 25522 25546 E GeckoLibLoad: Load nss start
10-04 21:44:09.966 25522 25546 E GeckoLibLoad: Load nss done
10-04 21:44:09.966 25522 25546 W GeckoLinker: /data/app/org.mozilla.fenix.nightly-SJrn-9ss3OKKRYxZTVQ4LA==/lib/arm/libxul.so: unhandled flags #8 not handled
10-04 21:44:09.966 25522 25546 W GeckoLinker: /data/app/org.mozilla.fenix.nightly-SJrn-9ss3OKKRYxZTVQ4LA==/lib/arm/liblgpllibs.so: unhandled flags #8 not handled
10-04 21:44:09.975 25483 25505 D GeckoThread: State changed to RUNNING
10-04 21:44:09.976 25483 25505 I GeckoSession: zerdatime 2767923437 - chrome startup finished
10-04 21:44:09.983 25483 25602 D glean/ConceptFetchHttpUploader: Ping successfully sent (200)
10-04 21:44:09.983 25483 25602 D glean/PingStorageEngine: eb5b6563-3baf-4f7a-b323-a69e42bcc66f was deleted: true
10-04 21:44:09.985 25483 25497 I WM-WorkerWrapper: Worker result SUCCESS for Work [ id=ae52762f-8846-4893-946c-8998833299ad, tags={ mozac_service_glean_ping_upload_worker, mozilla.components.service.glean.scheduler.PingUploadWorker } ]
10-04 21:44:09.992  1456  2067 D ConnectivityService: releasing NetworkRequest [ TRACK_DEFAULT id=898, [ Capabilities: INTERNET&NOT_RESTRICTED&TRUSTED&NOT_VPN] ] (release request)
10-04 21:44:09.998 25522 25546 E GeckoLibLoad: Loaded libs in 32.212920ms total, 23ms(23ms) user, 6ms(6ms) system, 0(0) faults
10-04 21:44:09.998 25522 25546 D GeckoThread: State changed to LIBS_READY
10-04 21:44:09.998 25522 25546 W GeckoThread: zerdatime 2767923460 - runGecko
10-04 21:44:10.152 25483 25505 W ResourceType: Too many attribute references, stopped at: 0x01010099
10-04 21:44:10.481 25522 25546 D GeckoThread: State changed to RUNNING
10-04 21:44:10.644 25483 25483 D App     : Installed browser-icons extension
10-04 21:44:10.646 25483 25483 D mozac-webextensions: Installed extension: mozacWebchannel
10-04 21:44:10.647 25483 25483 D mozac-webextensions: Installed extension: mozacReaderview
10-04 21:44:10.705 25483 25483 D GeckoSession: handleMessage GeckoView:PageStart uri=about:blank
10-04 21:44:10.720 25483 25483 D GeckoSession: handleMessage GeckoView:LocationChange uri=about:blank
10-04 21:44:10.720 25483 25483 D GeckoSession: handleMessage GeckoView:PageStop uri=null
10-04 21:44:10.725 25483 25483 I SessionStorage/AutoSave: Save: Load finished
10-04 21:44:10.737 25483 25509 D SessionStorage/AutoSave: Saved state to disk [11ms]
10-04 21:44:10.782 25483 25505 D GeckoScreenOrientation: unlocking
10-04 21:44:10.789 25483 25483 D GeckoSession: handleMessage GeckoView:OnLoadRequest uri=about:blank
10-04 21:44:10.802 25483 25483 D GeckoSession: handleMessage GeckoView:OnLoadRequest uri=about:blank
10-04 21:44:10.895 25483 25483 D GeckoSession: handleMessage GeckoView:PageStart uri=about:blank
10-04 21:44:10.908 25483 25483 D GeckoSession: handleMessage GeckoView:PageStop uri=null
10-04 21:44:10.913 25483 25483 I SessionStorage/AutoSave: Save: Load finished
10-04 21:44:10.915 25483 25509 D SessionStorage/AutoSave: Delaying save (1811ms)
10-04 21:44:10.927 25483 25483 D GeckoSession: handleMessage GeckoView:PageStart uri=about:blank
10-04 21:44:10.955 25483 25483 D GeckoSession: handleMessage GeckoView:SecurityChanged uri=null
10-04 21:44:10.966 25483 25483 D GeckoSession: handleMessage GeckoView:PageStop uri=null
10-04 21:44:10.975 25483 25483 I SessionStorage/AutoSave: Save: Load finished
10-04 21:44:10.975 25483 25483 D SessionStorage/AutoSave: Skipping save, other job already in flight
10-04 21:44:10.988 25483 25483 D mozac-webcompat: Installed WebCompat webextension: webcompat@mozilla.com
10-04 21:44:11.716 25483 25483 D GeckoSession: handleMessage GeckoView:StateUpdated uri=null
10-04 21:44:11.716 25483 25483 W GeckoSession: No history entries found.
10-04 21:44:12.743 25483 25509 D SessionStorage/AutoSave: Saved state to disk [15ms]
10-04 21:44:17.622  1456  1473 I ActivityManager: Force stopping org.mozilla.fenix.nightly appid=10306 user=0: from pid 25700
10-04 21:44:17.622  1456  1473 I ActivityManager: Killing 25483:org.mozilla.fenix.nightly/u0a306 (adj 0): stop org.mozilla.fenix.nightly
10-04 21:44:17.624  1456  1605 W zygote  : kill(-25483, 9) failed: No such process
10-04 21:44:17.627 25522 25522 I ServiceChildProcess: Service has been unbound. Stopping.
10-04 21:44:17.627  1456  1473 W ActivityManager: Force removing ActivityRecord{80e819b u0 org.mozilla.fenix.nightly/org.mozilla.fenix.HomeActivity t594}: app died, no saved state
10-04 21:44:17.641  1456  1605 W zygote  : kill(-25483, 9) failed: No such process
10-04 21:44:17.650  1456  1605 W zygote  : kill(-25483, 9) failed: No such process
10-04 21:44:17.658  1456  7796 I OpenGLRenderer: Initialized EGL, version 1.4
10-04 21:44:17.659  1456  7796 D OpenGLRenderer: Swap behavior 2
10-04 21:44:17.666  1456  1605 W zygote  : kill(-25483, 9) failed: No such process
10-04 21:44:17.695  1456  7556 I WindowManager: WIN DEATH: Window{978987c u0 org.mozilla.fenix.nightly/org.mozilla.fenix.HomeActivity}
10-04 21:44:17.711  1456  1605 I chatty  : uid=1000(system) ActivityManager identical 3 lines
10-04 21:44:17.714  1456  1473 I ActivityManager: Killing 25522:org.mozilla.fenix.nightly:tab/u0a306 (adj 0): stop org.mozilla.fenix.nightly
10-04 21:44:17.733  1456  1603 W Looper  : Dispatch took 107ms on android.ui, h=Handler (com.android.server.am.ActivityManagerService$UiHandler) {2cc60ff} cb=null msg=32
10-04 21:44:17.734  1456  1605 W zygote  : kill(-25483, 9) failed: No such process
10-04 21:44:17.734  1456  1605 I zygote  : Successfully killed process cgroup uid 10306 pid 25483 in 109ms
10-04 21:44:17.734  1456  1605 W zygote  : kill(-25522, 9) failed: No such process
10-04 21:44:17.739  1456  1673 W ActivityManager: setHasOverlayUi called on unknown pid: 25483
10-04 21:44:17.747  1456  1605 W zygote  : kill(-25522, 9) failed: No such process
10-04 21:44:17.755  2398  2398 D CarrierSvcBindHelper: No carrier app for: 0
10-04 21:44:17.756  2398  2398 D CarrierSvcBindHelper: No carrier app for: 1
10-04 21:44:17.758  7883  7883 W Settings: Setting bugreport_in_power_menu has moved from android.provider.Settings.Secure to android.provider.Settings.Global.
10-04 21:44:17.763  1456  1605 W zygote  : kill(-25522, 9) failed: No such process
10-04 21:44:17.769  1456  2916 I WifiService: getVerboseLoggingLevel uid=1000
10-04 21:44:17.770  1456  5027 I WifiService: getAggressiveHandover uid=1000
10-04 21:44:17.771  1456  1473 I WifiService: getAllowScansWithTraffic uid=1000
10-04 21:44:17.782  7883  7883 W ResourceType: Found multiple library tables, ignoring...
10-04 21:44:17.801  1456  1605 W zygote  : kill(-25522, 9) failed: No such process
10-04 21:44:17.804  7883 25702 W TileUtils: Found com.android.settings.backup.BackupSettingsActivity for intent Intent { act=com.android.settings.action.SETTINGS pkg=com.android.settings } missing metadata com.android.settings.category
10-04 21:44:17.808  2398  2398 E PhoneInterfaceManager: [PhoneIntfMgr] getAllowedCarriers: CommandException: com.android.internal.telephony.CommandException: REQUEST_NOT_SUPPORTED
10-04 21:44:17.814  2398  2398 E PhoneInterfaceManager: [PhoneIntfMgr] getAllowedCarriers: CommandException: com.android.internal.telephony.CommandException: REQUEST_NOT_SUPPORTED
10-04 21:44:17.817  1456  1605 W zygote  : kill(-25522, 9) failed: No such process
10-04 21:44:17.830  1456  1605 W zygote  : kill(-25522, 9) failed: No such process
10-04 21:44:17.832  7883 25706 D Settings: No enabled state changed, skipping updateCategory call
10-04 21:44:17.843  1456  1605 W zygote  : kill(-25522, 9) failed: No such process
10-04 21:44:17.857  1456  1605 W zygote  : kill(-25522, 9) failed: No such process
10-04 21:44:17.857  1456  1605 I zygote  : Successfully killed process cgroup uid 10306 pid 25522 in 122ms
10-04 21:44:17.899  1456  7556 I ActivityManager: START u0 {act=android.intent.action.VIEW dat=about:blank typ=text/html flg=0x10000000 cmp=org.mozilla.fenix.nightly/org.mozilla.fenix.IntentReceiverActivity} from uid 2000
10-04 21:44:17.899   794   839 E ANDR-PERF-RESOURCEQS: Failed to apply optimization [4, 0]
10-04 21:44:17.922  1456  6339 I ActivityManager: Start proc 25710:org.mozilla.fenix.nightly/u0a306 for activity org.mozilla.fenix.nightly/org.mozilla.fenix.IntentReceiverActivity
10-04 21:44:17.988  1456  1466 I zygote  : NativeAlloc concurrent copying GC freed 21311(1350KB) AllocSpace objects, 13(516KB) LOS objects, 42% free, 20MB/35MB, paused 653us total 329.574ms
10-04 21:44:18.027 25710 25710 D FirebaseApp: Default FirebaseApp failed to initialize because no default options were found. This usually means that com.google.gms:google-services was not applied to your gradle project.
10-04 21:44:18.027 25710 25710 I FirebaseInitProvider: FirebaseApp initialization unsuccessful
10-04 21:44:18.067 25710 25710 W System.err: SLF4J: Failed to load class "org.slf4j.impl.StaticLoggerBinder".
10-04 21:44:18.067 25710 25710 W System.err: SLF4J: Defaulting to no-operation (NOP) logger implementation
10-04 21:44:18.067 25710 25710 W System.err: SLF4J: See http://www.slf4j.org/codes.html#StaticLoggerBinder for further details.
10-04 21:44:18.068 25710 25710 D io.sentry.android.AndroidSentryClientFactory: Construction of Android Sentry.
10-04 21:44:18.090 25710 25710 D RustNativeSupport: findMegazordLibraryName(viaduct, 0.40.0
10-04 21:44:18.090 25710 25710 D RustNativeSupport: lib in use: none
10-04 21:44:18.090 25710 25710 D RustNativeSupport: lib configured: fenix
10-04 21:44:18.090 25710 25710 D RustNativeSupport: lib version configured: 0.40.0
10-04 21:44:18.091 25710 25710 D RustNativeSupport: settled on fenix
10-04 21:44:18.118 25710 25710 D RustNativeSupport: findMegazordLibraryName(rustlog, 0.40.0
10-04 21:44:18.118 25710 25710 D RustNativeSupport: lib in use: none
10-04 21:44:18.118 25710 25710 D RustNativeSupport: lib configured: fenix
10-04 21:44:18.118 25710 25710 D RustNativeSupport: lib version configured: 0.40.0
10-04 21:44:18.118 25710 25710 D RustNativeSupport: settled on fenix
10-04 21:44:18.121 25710 25710 I rc_log_ffi::ios: rc_log adapter initialized!
10-04 21:44:18.139 25710 25710 D GeckoThread: State changed to LAUNCHED
10-04 21:44:18.139 25710 25729 I GeckoThread: preparing to run Gecko
10-04 21:44:18.144 25710 25710 D GeckoRuntime: Lifecycle: onCreate
10-04 21:44:18.144 25710 25729 D GeckoThread: State changed to MOZGLUE_READY
10-04 21:44:18.157 25710 25729 W Settings: Setting animator_duration_scale has moved from android.provider.Settings.System to android.provider.Settings.Global, returning read-only global URI.
10-04 21:44:18.158 25710 25729 E GeckoLibLoad: Load sqlite start
10-04 21:44:18.178 25710 25729 W GeckoLinker: /data/app/org.mozilla.fenix.nightly-SJrn-9ss3OKKRYxZTVQ4LA==/lib/arm/libnss3.so: unhandled flags #8 not handled
10-04 21:44:18.184 25710 25729 W GeckoLinker: /data/app/org.mozilla.fenix.nightly-SJrn-9ss3OKKRYxZTVQ4LA==/lib/arm/libnss3.so: Relocation to NULL @0x00133ffc for symbol "__cxa_type_match"
10-04 21:44:18.186 25710 25729 E GeckoLibLoad: Load sqlite done
10-04 21:44:18.186 25710 25710 I experiments: No active experiment in cache
10-04 21:44:18.187 25710 25729 E GeckoLibLoad: Load nss start
10-04 21:44:18.187 25710 25729 E GeckoLibLoad: Load nss done
10-04 21:44:18.187 25710 25733 D App     : Bucket is 45
10-04 21:44:18.188 25710 25729 W GeckoLinker: /data/app/org.mozilla.fenix.nightly-SJrn-9ss3OKKRYxZTVQ4LA==/lib/arm/libxul.so: unhandled flags #8 not handled
10-04 21:44:18.188 25710 25729 W GeckoLinker: /data/app/org.mozilla.fenix.nightly-SJrn-9ss3OKKRYxZTVQ4LA==/lib/arm/liblgpllibs.so: unhandled flags #8 not handled
10-04 21:44:18.191 25710 25733 D App     : Experiments active: {asFeatureSyncDisabled=false}
10-04 21:44:18.202 25710 25710 I glean/Glean: Metrics enabled: true
10-04 21:44:18.231 25710 25710 I glean/Dispatchers: Task queued for execution and delayed until flushed
10-04 21:44:18.236 25710 25729 E GeckoLibLoad: Loaded libs in 49.254067ms total, 23ms(160ms) user, 16ms(43ms) system, 0(0) faults
10-04 21:44:18.237 25710 25729 D GeckoThread: State changed to LIBS_READY
10-04 21:44:18.237 25710 25729 W GeckoThread: zerdatime 2767931698 - runGecko
10-04 21:44:18.242 25710 25729 D GeckoProfile: Loading profile at: null name: default
10-04 21:44:18.242 25710 25729 D GeckoProfile: Found profile dir: /data/user/0/org.mozilla.fenix.nightly/files/mozilla/s4nzg8zx.default
10-04 21:44:18.254  1456  4802 I ActivityManager: Start proc 25749:org.mozilla.fenix.nightly:tab/u0a306 for service org.mozilla.fenix.nightly/org.mozilla.gecko.process.GeckoServiceChildProcess$tab
10-04 21:44:18.285 25710 25710 I glean/Dispatchers: Task queued for execution and delayed until flushed
10-04 21:44:18.286 25710 25710 I glean/Dispatchers: Task queued for execution and delayed until flushed
10-04 21:44:18.291 25710 25710 D App     : ActivationPing - already generated
10-04 21:44:18.331 25749 25749 W System.err: SLF4J: Failed to load class "org.slf4j.impl.StaticLoggerBinder".
10-04 21:44:18.331 25749 25749 W System.err: SLF4J: Defaulting to no-operation (NOP) logger implementation
10-04 21:44:18.332 25749 25749 W System.err: SLF4J: See http://www.slf4j.org/codes.html#StaticLoggerBinder for further details.
10-04 21:44:18.333 25749 25749 D io.sentry.android.AndroidSentryClientFactory: Construction of Android Sentry.
10-04 21:44:18.349 25749 25749 D RustNativeSupport: findMegazordLibraryName(viaduct, 0.40.0
10-04 21:44:18.349 25749 25749 D RustNativeSupport: lib in use: none
10-04 21:44:18.349 25749 25749 D RustNativeSupport: lib configured: fenix
10-04 21:44:18.349 25749 25749 D RustNativeSupport: lib version configured: 0.40.0
10-04 21:44:18.349 25749 25749 D RustNativeSupport: settled on fenix
10-04 21:44:18.390 25749 25749 D RustNativeSupport: findMegazordLibraryName(rustlog, 0.40.0
10-04 21:44:18.390 25749 25749 D RustNativeSupport: lib in use: none
10-04 21:44:18.391 25749 25749 D RustNativeSupport: lib configured: fenix
10-04 21:44:18.391 25749 25749 D RustNativeSupport: lib version configured: 0.40.0
10-04 21:44:18.391 25749 25749 D RustNativeSupport: settled on fenix
10-04 21:44:18.394 25749 25749 I rc_log_ffi::ios: rc_log adapter initialized!
10-04 21:44:18.402 25749 25749 D GeckoThread: State changed to LAUNCHED
10-04 21:44:18.404 25749 25773 I GeckoThread: preparing to run Gecko
10-04 21:44:18.409 25710 25720 I zygote  : Background concurrent copying GC freed 12105(1074KB) AllocSpace objects, 19(484KB) LOS objects, 50% free, 1976KB/3MB, paused 496us total 113.411ms
10-04 21:44:18.415 25710 25710 W [WARNING][Leanplum]: [com.leanplum.internal.ActionManager::getLocationManager::8]: Geofencing support requires leanplum-location module and Google Play Services v8.1 and higher.
10-04 21:44:18.415 25710 25710 W [WARNING][Leanplum]: Add this to your build.gradle file:
10-04 21:44:18.415 25710 25710 W [WARNING][Leanplum]: implementation 'com.google.android.gms:play-services-location:8.3.0+'
10-04 21:44:18.415 25710 25710 W [WARNING][Leanplum]: implementation 'com.leanplum:leanplum-location:+'
10-04 21:44:18.421 25710 25715 I zygote  : Do partial code cache collection, code=27KB, data=22KB
10-04 21:44:18.422 25710 25715 I zygote  : After code cache collection, code=27KB, data=22KB
10-04 21:44:18.422 25710 25715 I zygote  : Increasing code cache capacity to 128KB
10-04 21:44:18.426 25710 25710 I [INFO][Leanplum]: [com.leanplum.monitoring.ExceptionHandler::setContext::6]: LeanplumExceptionHandler could not initialize Exception Reporting.This is expected if you have not included the leanplum-monitoring module
10-04 21:44:18.439 25710 25710 I FirefoxAccountStateMachine: Enabling/updating sync with a new SyncConfig: SyncConfig(supportedEngines=[mozilla.components.service.fxa.SyncEngine$History@a47e3f6, mozilla.components.service.fxa.SyncEngine$Bookmarks@e5533f7], syncPeriodInMinutes=240)
10-04 21:44:18.442 25710 25710 I BgSyncManager: Periodic syncing enabled at a 240 interval
10-04 21:44:18.442 25710 25710 I FirefoxAccountStateMachine: Sync is enabled
10-04 21:44:18.445 25710 25710 W PushConfig: No firebase configuration found; cannot support push service.
10-04 21:44:18.447 25710 25777 I FirefoxAccountStateMachine: Processing event Event$Init for state Start. Next state is Start
10-04 21:44:18.451 25710 25777 I FirefoxAccountStateMachine: Ran 'Event$Init' side-effects for state Start, got successive event Event$AccountNotFound
10-04 21:44:18.452 25710 25777 I FirefoxAccountStateMachine: Processing event Event$AccountNotFound for state Start. Next state is NotAuthenticated
10-04 21:44:18.455 25710 25777 D RustNativeSupport: findMegazordLibraryName(fxaclient, 0.40.0
10-04 21:44:18.455 25710 25777 D RustNativeSupport: lib in use: none
10-04 21:44:18.455 25710 25777 D RustNativeSupport: lib configured: fenix
10-04 21:44:18.455 25710 25777 D RustNativeSupport: lib version configured: 0.40.0
10-04 21:44:18.455 25710 25777 D RustNativeSupport: settled on fenix
10-04 21:44:18.458 25710 25777 D fxaclient_ffi: fxa_new
10-04 21:44:18.480 25710 25710 D GeckoRuntime: Lifecycle: onStart
10-04 21:44:18.489 25710 25710 D GeckoRuntime: Lifecycle: onResume
10-04 21:44:18.490 25710 25710 D GeckoNetworkManager: Incoming event start for state OffNoListeners -> OnNoListeners
10-04 21:44:18.491 25710 25710 D GeckoNetworkManager: New network state: UP, WIFI, WIFI
10-04 21:44:18.494 25710 25774 D NetworkSecurityConfig: No Network Security Config specified, using platform default
10-04 21:44:18.508 25710 25786 D OpenGLRenderer: HWUI GL Pipeline
10-04 21:44:18.517 25710 25710 I glean/Glean: Registering pings for org.mozilla.fenix.GleanMetrics.Pings
10-04 21:44:18.518 25710 25710 I glean/Glean: Registering pings for mozilla.components.service.glean.GleanMetrics.Pings
10-04 21:44:18.536 25710 25791 D glean/PingMaker: Collecting events
10-04 21:44:18.558 25710 25710 D glean/MetricsPingScheduler: The 'metrics' ping was last sent on Fri Oct 04 00:00:00 EDT 2019
10-04 21:44:18.560 25710 25710 I glean/MetricsPingScheduler: The 'metrics' ping was already sent today, Fri Oct 04 21:44:18 EDT 2019.
10-04 21:44:18.560 25710 25710 D glean/MetricsPingScheduler: Scheduling the 'metrics' ping in 22541465ms
10-04 21:44:18.565 25710 25710 D glean/MetricsPingScheduler: The 'metrics' ping was last sent on Fri Oct 04 00:00:00 EDT 2019
10-04 21:44:18.565 25710 25710 I glean/MetricsPingScheduler: The 'metrics' ping was already sent today, Fri Oct 04 21:44:18 EDT 2019.
10-04 21:44:18.565 25710 25710 D glean/MetricsPingScheduler: Scheduling the 'metrics' ping in 22541438ms
10-04 21:44:18.590 25710 25710 I zygote  : Deoptimizing void mozilla.components.support.utils.Browsers.<init>(android.content.Context, android.net.Uri, kotlin.jvm.internal.DefaultConstructorMarker) due to JIT inline cache
10-04 21:44:18.612 25710 25775 E ActivityThread: Failed to find provider info for com.facebook.katana.provider.AttributionIdProvider
10-04 21:44:18.631 25710 25729 I Gecko:DumpUtils: Fifo watcher disabled via pref.
10-04 21:44:18.647 25710 25735 D glean/PingStorageEngine: Storing ping 14038c74-e66c-471f-8b9e-d568c5e23c82 at /data/user/0/org.mozilla.fenix.nightly/glean_data/pending_pings/14038c74-e66c-471f-8b9e-d568c5e23c82
10-04 21:44:18.685 25710 25720 I zygote  : Background concurrent copying GC freed 13080(1337KB) AllocSpace objects, 31(748KB) LOS objects, 49% free, 3MB/6MB, paused 226us total 139.355ms
10-04 21:44:18.706  1456  7556 I ActivityManager: START u0 {act=android.intent.action.VIEW dat=about:blank typ=text/html flg=0x10000000 cmp=org.mozilla.fenix.nightly/org.mozilla.fenix.HomeActivity (has extras)} from uid 10306
10-04 21:44:18.717 25710 25710 D GeckoNetworkManager: Incoming event receivedUpdate for state OnNoListeners -> OnNoListeners
10-04 21:44:18.718 25710 25710 D GeckoNetworkManager: New network state: UP, WIFI, WIFI
10-04 21:44:18.720  1456  1473 I WifiService: getDhcpInfo uid=10306
10-04 21:44:18.722  1456  6339 D ConnectivityService: requestNetwork for uid/pid:10306/25710 NetworkRequest [ TRACK_DEFAULT id=899, [ Capabilities: INTERNET&NOT_RESTRICTED&TRUSTED&NOT_VPN] ]
10-04 21:44:18.723  1456  2099 D Ethernet: got request NetworkRequest [ TRACK_DEFAULT id=899, [ Capabilities: INTERNET&NOT_RESTRICTED&TRUSTED&NOT_VPN] ] with score 60
10-04 21:44:18.723  1456  2054 D WIFI_UT : got request NetworkRequest [ TRACK_DEFAULT id=899, [ Capabilities: INTERNET&NOT_RESTRICTED&TRUSTED&NOT_VPN] ] with score 60
10-04 21:44:18.724  1456  2054 D WIFI    : got request NetworkRequest [ TRACK_DEFAULT id=899, [ Capabilities: INTERNET&NOT_RESTRICTED&TRUSTED&NOT_VPN] ] with score 60
10-04 21:44:18.724  2398  2398 D PhoneSwitcherNetworkRequstListener: got request NetworkRequest [ TRACK_DEFAULT id=899, [ Capabilities: INTERNET&NOT_RESTRICTED&TRUSTED&NOT_VPN] ] with score 60
10-04 21:44:18.734 25710 25786 I Adreno  : QUALCOMM build                   : bb5b86c, I77d3059488
10-04 21:44:18.734 25710 25786 I Adreno  : Build Date                       : 06/07/18
10-04 21:44:18.734 25710 25786 I Adreno  : OpenGL ES Shader Compiler Version: EV031.22.00.01_06
10-04 21:44:18.734 25710 25786 I Adreno  : Local Branch                     : 
10-04 21:44:18.734 25710 25786 I Adreno  : Remote Branch                    : refs/tags/AU_LINUX_ANDROID_LA.UM.6.5.R1.08.01.00.312.086
10-04 21:44:18.734 25710 25786 I Adreno  : Remote Branch                    : NONE
10-04 21:44:18.734 25710 25786 I Adreno  : Reconstruct Branch               : NOTHING
10-04 21:44:18.735 25710 25786 D vndksupport: Loading /vendor/lib/hw/gralloc.msm8937.so from current namespace instead of sphal namespace.
10-04 21:44:18.747 25710 25786 I Adreno  : PFP: 0x005ff087, ME: 0x005ff063
10-04 21:44:18.774 25710 25786 I zygote  : android::hardware::configstore::V1_0::ISurfaceFlingerConfigs::hasWideColorDisplay retrieved: 0
10-04 21:44:18.776 25710 25786 I OpenGLRenderer: Initialized EGL, version 1.4
10-04 21:44:18.776 25710 25786 D OpenGLRenderer: Swap behavior 2
10-04 21:44:18.791 25710 25829 D glean/PingStorageEngine: Processing persisted pings at /data/user/0/org.mozilla.fenix.nightly/glean_data/pending_pings
10-04 21:44:18.792 25710 25829 D glean/PingStorageEngine: Processing ping: 14038c74-e66c-471f-8b9e-d568c5e23c82
10-04 21:44:18.795 25710 25829 D glean/ConceptFetchHttpUploader: Submitting ping to: https://incoming.telemetry.mozilla.org/submit/org-mozilla-fenix-nightly/events/1/14038c74-e66c-471f-8b9e-d568c5e23c82
10-04 21:44:18.799 25710 25786 D vndksupport: Loading /vendor/lib/hw/android.hardware.graphics.mapper@2.0-impl.so from current namespace instead of sphal namespace.
10-04 21:44:18.800 25710 25786 D vndksupport: Loading /vendor/lib/hw/gralloc.msm8937.so from current namespace instead of sphal namespace.
10-04 21:44:18.812 25710 25831 I experiments: Fetching experiments from https://firefox.settings.services.mozilla.com/v1/buckets/main/collections/mobile-experiments/records?_since=1566233826256
10-04 21:44:18.818  1456  1673 I LaunchCheckinHandler: Displayed org.mozilla.fenix.nightly/org.mozilla.fenix.IntentReceiverActivity,cp,ca,908
10-04 21:44:18.836 25710 25710 D PhoneWindow: Restoring navigation bar divider color to default value = 0x00000000
10-04 21:44:18.850 25710 25729 D GeckoSysInfo: System memory: 1867MB.
10-04 21:44:18.852 25710 25729 D GeckoThread: State changed to JNI_READY
10-04 21:44:18.888 25710 25715 I zygote  : Do partial code cache collection, code=55KB, data=46KB
10-04 21:44:18.890 25710 25715 I zygote  : After code cache collection, code=40KB, data=38KB
10-04 21:44:18.890 25710 25715 I zygote  : Increasing code cache capacity to 256KB
10-04 21:44:18.916 25710 25710 I NavController: Ignoring popBackStack to destination org.mozilla.fenix.nightly:id/browserFragment as it was not found on the current back stack
10-04 21:44:19.189 25710 25777 W FirefoxAccountStateMachine: Got invalid event Event$Init for state NotAuthenticated.
10-04 21:44:19.257 25710 25710 I zygote  : Deoptimizing java.lang.Object androidx.collection.SimpleArrayMap.put(java.lang.Object, java.lang.Object) due to JIT inline cache
10-04 21:44:19.272 25710 25839 W LOTTIE  : Animation contains merge paths. Merge paths are only supported on KitKat+ and must be manually enabled by calling enableMergePathsForKitKatAndAbove().
10-04 21:44:19.283 25710 25729 I Gecko   : 1570239859280	addons.xpi	WARN	List of valid built-in add-ons could not be parsed.: [Exception... "Component returned failure code: 0x80520012 (NS_ERROR_FILE_NOT_FOUND) [nsIXPCComponents_Utils.readUTF8URI]"  nsresult: "0x80520012 (NS_ERROR_FILE_NOT_FOUND)"  location: "JS frame :: resource://gre/modules/addons/XPIProvider.jsm :: startup :: line 2362"  data: no] Stack trace: startup()@resource://gre/modules/addons/XPIProvider.jsm:2362
10-04 21:44:19.283 25710 25729 I Gecko   : callProvider()@resource://gre/modules/AddonManager.jsm:213
10-04 21:44:19.283 25710 25729 I Gecko   : _startProvider()@resource://gre/modules/AddonManager.jsm:649
10-04 21:44:19.283 25710 25729 I Gecko   : startup()@resource://gre/modules/AddonManager.jsm:873
10-04 21:44:19.283 25710 25729 I Gecko   : startup()@resource://gre/modules/AddonManager.jsm:3469
10-04 21:44:19.283 25710 25729 I Gecko   : observe()@resource://gre/modules/addonManager.js:86
10-04 21:44:19.387 25710 25715 I zygote  : Do full code cache collection, code=124KB, data=96KB
10-04 21:44:19.389 25710 25715 I zygote  : After code cache collection, code=110KB, data=69KB
10-04 21:44:19.457  1456  1673 I ActivityManager: Displayed org.mozilla.fenix.nightly/org.mozilla.fenix.HomeActivity: +672ms (total +1s542ms)
10-04 21:44:19.467 25710 25729 D GeckoThread: State changed to PROFILE_READY
10-04 21:44:19.472 25710 25710 W LOTTIE  : Animation contains merge paths but they are disabled.
10-04 21:44:19.583 25710 25729 W GeckoEventDispatcher: No listener for AndroidCastDevice:SyncDevice
10-04 21:44:19.589 25710 25729 I Gecko   : -*- nsDNSServiceDiscovery.js : nsDNSServiceDiscovery
10-04 21:44:19.694 25710 25729 W ResourceType: Too many attribute references, stopped at: 0x01010099
10-04 21:44:19.743 25710 25729 I Gecko   : Attempting load of libEGL.so
10-04 21:44:19.848   808   898 I SFPerfTracer:      triggers: (rate: 0:0) (0 sw vsyncs) (0 skipped) (19:80941 vsyncs) (21:367937)
10-04 21:44:19.934 25710 25710 D GeckoNetworkManager: Incoming event enableNotifications for state OnNoListeners -> OnWithListeners
10-04 21:44:19.935 25710 25710 D GeckoNetworkManager: New network state: UP, WIFI, WIFI
10-04 21:44:19.936 25710 25710 D GeckoNetworkManager: Incoming event receivedUpdate for state OnWithListeners -> OnWithListeners
10-04 21:44:19.937 25710 25710 D GeckoNetworkManager: New network state: UP, WIFI, WIFI
10-04 21:44:19.939 25710 25729 W GeckoLinker: /data/app/org.mozilla.fenix.nightly-SJrn-9ss3OKKRYxZTVQ4LA==/lib/arm/libsoftokn3.so: unhandled flags #8 not handled
10-04 21:44:19.940 25710 25729 W GeckoLinker: /data/app/org.mozilla.fenix.nightly-SJrn-9ss3OKKRYxZTVQ4LA==/lib/arm/libsoftokn3.so: Relocation to NULL @0x00025ffc for symbol "__cxa_type_match"
10-04 21:44:19.941 25710 25729 W GeckoLinker: /data/app/org.mozilla.fenix.nightly-SJrn-9ss3OKKRYxZTVQ4LA==/lib/arm/libfreebl3.so: unhandled flags #8 not handled
10-04 21:44:19.941 25710 25729 W GeckoLinker: /data/app/org.mozilla.fenix.nightly-SJrn-9ss3OKKRYxZTVQ4LA==/lib/arm/libfreebl3.so: Relocation to NULL @0x00040ffc for symbol "__cxa_type_match"
10-04 21:44:19.975 25710 25859 W GeckoLinker: /data/app/org.mozilla.fenix.nightly-SJrn-9ss3OKKRYxZTVQ4LA==/lib/arm/libnssckbi.so: unhandled flags #8 not handled
10-04 21:44:19.976 25710 25859 W GeckoLinker: /data/app/org.mozilla.fenix.nightly-SJrn-9ss3OKKRYxZTVQ4LA==/lib/arm/libnssckbi.so: Relocation to NULL @0x00050ffc for symbol "__cxa_type_match"
10-04 21:44:20.188 25710 25831 D experiments: Fetched experiments from https://firefox.settings.services.mozilla.com/v1/buckets/main/collections/mobile-experiments/records?_since=1566233826256:
10-04 21:44:20.188 25710 25831 D experiments: {"data":[]}
10-04 21:44:20.189 25710 25831 I experiments: Experiments update from server: ExperimentsSnapshot(experiments=[Experiment(id=fenix-test-2019-08-05, description=End-to-end test of the Mobiles Experiments platform for Firefox Preview., lastModified=1566233826256, schemaModified=1566228455761, buckets=Buckets(start=0, count=667), branches=[Branch(name=a, ratio=1), Branch(name=b, ratio=1), Branch(name=c, ratio=1)], match=Matcher(appId=^org.mozilla.fenix$, appDisplayVersion=null, appMinVersion=null, appMaxVersion=null, localeLanguage=null, localeCountry=null, deviceManufacturer=null, deviceModel=null, regions=[], debugTags=[]))], lastModified=1566233826256)
10-04 21:44:20.192 25710 25831 I experiments: onExperimentsUpdated - no experiment currently active, looking for match
10-04 21:44:20.196 25710 25724 I WM-WorkerWrapper: Worker result SUCCESS for Work [ id=2c33b20a-8aed-480f-a8c4-9b863d37d89a, tags={ mozilla.components.service.experiments.ExperimentsUpdaterWorker, mozilla.components.service.experiments } ]
10-04 21:44:20.221 25710 25715 I zygote  : Do partial code cache collection, code=124KB, data=88KB
10-04 21:44:20.224 25710 25715 I zygote  : After code cache collection, code=124KB, data=88KB
10-04 21:44:20.224 25710 25715 I zygote  : Increasing code cache capacity to 512KB
10-04 21:44:20.280 25749 25773 D GeckoThread: State changed to MOZGLUE_READY
10-04 21:44:20.288 25749 25773 W Settings: Setting animator_duration_scale has moved from android.provider.Settings.System to android.provider.Settings.Global, returning read-only global URI.
10-04 21:44:20.289 25749 25773 E GeckoLibLoad: Load sqlite start
10-04 21:44:20.307 25749 25773 W GeckoLinker: /data/app/org.mozilla.fenix.nightly-SJrn-9ss3OKKRYxZTVQ4LA==/lib/arm/libnss3.so: unhandled flags #8 not handled
10-04 21:44:20.311 25749 25773 W GeckoLinker: /data/app/org.mozilla.fenix.nightly-SJrn-9ss3OKKRYxZTVQ4LA==/lib/arm/libnss3.so: Relocation to NULL @0x00133ffc for symbol "__cxa_type_match"
10-04 21:44:20.312 25749 25773 E GeckoLibLoad: Load sqlite done
10-04 21:44:20.312 25749 25773 E GeckoLibLoad: Load nss start
10-04 21:44:20.312 25749 25773 E GeckoLibLoad: Load nss done
10-04 21:44:20.312 25749 25773 W GeckoLinker: /data/app/org.mozilla.fenix.nightly-SJrn-9ss3OKKRYxZTVQ4LA==/lib/arm/libxul.so: unhandled flags #8 not handled
10-04 21:44:20.312 25749 25773 W GeckoLinker: /data/app/org.mozilla.fenix.nightly-SJrn-9ss3OKKRYxZTVQ4LA==/lib/arm/liblgpllibs.so: unhandled flags #8 not handled
10-04 21:44:20.321 25710 25729 D GeckoThread: State changed to RUNNING
10-04 21:44:20.322 25710 25729 I GeckoSession: zerdatime 2767933783 - chrome startup finished
10-04 21:44:20.331 25710 25829 D glean/ConceptFetchHttpUploader: Ping successfully sent (200)
10-04 21:44:20.331 25710 25829 D glean/PingStorageEngine: 14038c74-e66c-471f-8b9e-d568c5e23c82 was deleted: true
10-04 21:44:20.333 25710 25724 I WM-WorkerWrapper: Worker result SUCCESS for Work [ id=af0ff420-5fc7-4233-a0df-eaec81634a36, tags={ mozac_service_glean_ping_upload_worker, mozilla.components.service.glean.scheduler.PingUploadWorker } ]
10-04 21:44:20.338  1456  2067 D ConnectivityService: releasing NetworkRequest [ TRACK_DEFAULT id=899, [ Capabilities: INTERNET&NOT_RESTRICTED&TRUSTED&NOT_VPN] ] (release request)
10-04 21:44:20.345 25749 25773 E GeckoLibLoad: Loaded libs in 32.574847ms total, 23ms(23ms) user, 10ms(10ms) system, 0(0) faults
10-04 21:44:20.345 25749 25773 D GeckoThread: State changed to LIBS_READY
10-04 21:44:20.345 25749 25773 W GeckoThread: zerdatime 2767933806 - runGecko
10-04 21:44:20.501 25710 25729 W ResourceType: Too many attribute references, stopped at: 0x01010099
10-04 21:44:20.829 25749 25773 D GeckoThread: State changed to RUNNING
10-04 21:44:20.994 25710 25710 D App     : Installed browser-icons extension
10-04 21:44:20.995 25710 25710 D mozac-webextensions: Installed extension: mozacWebchannel
10-04 21:44:20.996 25710 25710 D mozac-webextensions: Installed extension: mozacReaderview
10-04 21:44:21.107 25710 25710 D GeckoSession: handleMessage GeckoView:PageStart uri=about:blank
10-04 21:44:21.116 25710 25729 D GeckoScreenOrientation: unlocking
10-04 21:44:21.121 25710 25710 D GeckoSession: handleMessage GeckoView:LocationChange uri=about:blank
10-04 21:44:21.122 25710 25710 D GeckoSession: handleMessage GeckoView:PageStop uri=null
10-04 21:44:21.127 25710 25710 I SessionStorage/AutoSave: Save: Load finished
10-04 21:44:21.137 25710 25733 D SessionStorage/AutoSave: Saved state to disk [9ms]
10-04 21:44:21.148 25710 25710 D GeckoSession: handleMessage GeckoView:OnLoadRequest uri=about:blank
10-04 21:44:21.167 25710 25710 D GeckoSession: handleMessage GeckoView:OnLoadRequest uri=about:blank
10-04 21:44:21.262 25710 25710 D mozac-webcompat: Installed WebCompat webextension: webcompat@mozilla.com
10-04 21:44:21.263 25710 25710 D GeckoSession: handleMessage GeckoView:PageStart uri=about:blank
10-04 21:44:21.277 25710 25710 D GeckoSession: handleMessage GeckoView:PageStop uri=null
10-04 21:44:21.282 25710 25710 I SessionStorage/AutoSave: Save: Load finished
10-04 21:44:21.283 25710 25766 D SessionStorage/AutoSave: Delaying save (1845ms)
10-04 21:44:21.298 25710 25710 D GeckoSession: handleMessage GeckoView:PageStart uri=about:blank
10-04 21:44:21.317 25710 25710 D GeckoSession: handleMessage GeckoView:SecurityChanged uri=null
10-04 21:44:21.320   808   808 I SFPerfTracer:      triggers: (rate: 4:5534) (compose: 0:0) (post: 0:0) (render: 0:1) (4:144331 frames) (5:365276)
10-04 21:44:21.321   808   808 D SFPerfTracer:        layers: (4:13) (NavigationBar#0 (0xb07df000): 0:1072) (StatusBar#0 (0xb07e3000): 0:219891) (com.android.systemui.ImageWallpaper#0 (0xb07e7000): 0:76)* (Sprite#0 (0xb0733000): 0:317)* (DimLayerController/Stack=0#0 (0xb075a000): 0:165)* (animation background stackId=1#0 (0xb0771000): 0:4)* (Sprite#1 (0xb077c000): 0:195)* (Splash Screen org.mozilla.fenix.nightly#0 (0xb039b000): 0:33)- (org.mozilla.fenix.nightly/org.mozilla.fenix.HomeActivity#0 (0xb075d000): 0:34)- (com.android.settings/com.android.settings.Settings$DevelopmentSettingsActivity#0 (0xb0763000): 0:13)- (Splash Screen org.mozilla.fenix.nightly#0 (0xb039b000): 0:33)- (org.mozilla.fenix.nightly/org.mozilla.fenix.IntentReceiverActivity#0 (0xb0397000): 0:5)- (org.mozilla.fenix.nightly/org.mozilla.fenix.HomeActivity#0 (0xb075d000): 4:29) 
10-04 21:44:21.381 25710 25710 D GeckoSession: handleMessage GeckoView:PageStop uri=null
10-04 21:44:21.385 25710 25710 I SessionStorage/AutoSave: Save: Load finished
10-04 21:44:21.385 25710 25710 D SessionStorage/AutoSave: Skipping save, other job already in flight
10-04 21:44:22.058 25710 25710 D GeckoSession: handleMessage GeckoView:StateUpdated uri=null
10-04 21:44:22.058 25710 25710 W GeckoSession: No history entries found.
10-04 21:44:23.145 25710 25770 D SessionStorage/AutoSave: Saved state to disk [15ms]
10-04 21:44:26.505  2398  2398 D QtiCarrierConfigHelper: WARNING, no carrier configs on phone Id: 0
10-04 21:44:28.027  1456  7556 I ActivityManager: Force stopping org.mozilla.fenix.nightly appid=10306 user=0: from pid 25926
10-04 21:44:28.027  1456  7556 I ActivityManager: Killing 25710:org.mozilla.fenix.nightly/u0a306 (adj 0): stop org.mozilla.fenix.nightly
10-04 21:44:28.029  1456  1605 W zygote  : kill(-25710, 9) failed: No such process
10-04 21:44:28.030 25749 25749 I ServiceChildProcess: Service has been unbound. Stopping.
10-04 21:44:28.031  1456  7556 W ActivityManager: Force removing ActivityRecord{ffd7d27 u0 org.mozilla.fenix.nightly/org.mozilla.fenix.HomeActivity t595}: app died, no saved state
10-04 21:44:28.043  1456  1605 W zygote  : kill(-25710, 9) failed: No such process
10-04 21:44:28.055  1456  7796 I OpenGLRenderer: Initialized EGL, version 1.4
10-04 21:44:28.055  1456  7796 D OpenGLRenderer: Swap behavior 2
10-04 21:44:28.056  1456  1605 W zygote  : kill(-25710, 9) failed: No such process
10-04 21:44:28.063  1456  7556 I ActivityManager: Killing 25749:org.mozilla.fenix.nightly:tab/u0a306 (adj 0): stop org.mozilla.fenix.nightly
10-04 21:44:28.077  1456  1605 W zygote  : kill(-25710, 9) failed: No such process
10-04 21:44:28.094  2398  2398 D CarrierSvcBindHelper: No carrier app for: 0
10-04 21:44:28.098  2398  2398 D CarrierSvcBindHelper: No carrier app for: 1
10-04 21:44:28.099  1456  1605 W zygote  : kill(-25710, 9) failed: No such process
10-04 21:44:28.114  1456  1605 I chatty  : uid=1000(system) ActivityManager identical 1 line
10-04 21:44:28.128  1456  1605 W zygote  : kill(-25710, 9) failed: No such process
10-04 21:44:28.135  7883  7883 W Settings: Setting bugreport_in_power_menu has moved from android.provider.Settings.Secure to android.provider.Settings.Global.
10-04 21:44:28.143  1456  1605 W zygote  : kill(-25710, 9) failed: No such process
10-04 21:44:28.147  1456  6339 I WifiService: getVerboseLoggingLevel uid=1000
10-04 21:44:28.147  1456  6339 I WifiService: getAggressiveHandover uid=1000
10-04 21:44:28.147  1456  5797 I WifiService: getAllowScansWithTraffic uid=1000
10-04 21:44:28.153  7883 25929 W TileUtils: Found com.android.settings.backup.BackupSettingsActivity for intent Intent { act=com.android.settings.action.SETTINGS pkg=com.android.settings } missing metadata com.android.settings.category
10-04 21:44:28.157  1456  1605 W zygote  : kill(-25710, 9) failed: No such process
10-04 21:44:28.159  7883  7883 W ResourceType: Found multiple library tables, ignoring...
10-04 21:44:28.170  1456  1605 W zygote  : kill(-25710, 9) failed: No such process
10-04 21:44:28.176  2398  2398 E PhoneInterfaceManager: [PhoneIntfMgr] getAllowedCarriers: CommandException: com.android.internal.telephony.CommandException: REQUEST_NOT_SUPPORTED
10-04 21:44:28.182  2398  2398 E PhoneInterfaceManager: [PhoneIntfMgr] getAllowedCarriers: CommandException: com.android.internal.telephony.CommandException: REQUEST_NOT_SUPPORTED
10-04 21:44:28.184  1456  1605 W zygote  : kill(-25710, 9) failed: No such process
10-04 21:44:28.186  7883 25929 D Settings: No enabled state changed, skipping updateCategory call
10-04 21:44:28.197  1456  1605 W zygote  : kill(-25710, 9) failed: No such process
10-04 21:44:28.243  1456 10962 I WindowManager: WIN DEATH: Window{c966204 u0 org.mozilla.fenix.nightly/org.mozilla.fenix.HomeActivity}
10-04 21:44:28.244  1456  6339 W InputMethodManagerService: Got RemoteException sending setActive(false) notification to pid 25710 uid 10306
10-04 21:44:28.250  1456  1673 W ActivityManager: setHasOverlayUi called on unknown pid: 25710
