11-02 21:43:00.894  1456  2916 I ActivityManager: START u0 {flg=0x10018000 cmp=org.mozilla.fenix.nightly/mozilla.components.lib.crash.prompt.CrashReporterActivity (has extras)} from uid 10409
11-02 21:43:00.904  1456  1603 I ActivityManager: Showing crash dialog for package org.mozilla.fenix.nightly u0
11-02 21:43:00.911  1456  1601 W BroadcastQueue: Background execution not allowed: receiving Intent { act=android.intent.action.DROPBOX_ENTRY_ADDED flg=0x10 (has extras) } to com.google.android.gms/.stats.service.DropBoxEntryAddedReceiver
11-02 21:43:00.911  1456  1601 W BroadcastQueue: Background execution not allowed: receiving Intent { act=android.intent.action.DROPBOX_ENTRY_ADDED flg=0x10 (has extras) } to com.google.android.gms/.chimera.GmsIntentOperationService$PersistentTrustedReceiver
11-02 21:43:00.937  1456  7796 I OpenGLRenderer: Initialized EGL, version 1.4
11-02 21:43:00.937  1456  7796 D OpenGLRenderer: Swap behavior 2
11-02 21:43:01.397  1456  1601 W ActivityManager: Activity pause timeout for ActivityRecord{5eaee5e u0 org.mozilla.fenix.nightly/org.mozilla.fenix.HomeActivity t901 f}
11-02 21:43:01.410  1456  1601 I ActivityManager: Start proc 7693:org.mozilla.fenix.nightly:mozilla.components.lib.crash.CrashReporter/u0a409 for activity org.mozilla.fenix.nightly/mozilla.components.lib.crash.prompt.CrashReporterActivity
11-02 21:43:01.518  1456  1466 I zygote  : NativeAlloc concurrent copying GC freed 64025(3MB) AllocSpace objects, 27(988KB) LOS objects, 42% free, 24MB/42MB, paused 156us total 258.499ms
11-02 21:43:01.564  1456  2916 W ActivityManager: Slow operation: 132ms so far, now at attachApplicationLocked: after mServices.attachApplicationLocked
11-02 21:43:01.613  7693  7693 W System.err: SLF4J: Failed to load class "org.slf4j.impl.StaticLoggerBinder".
11-02 21:43:01.613  7693  7693 W System.err: SLF4J: Defaulting to no-operation (NOP) logger implementation
11-02 21:43:01.613  7693  7693 W System.err: SLF4J: See http://www.slf4j.org/codes.html#StaticLoggerBinder for further details.
11-02 21:43:01.614  7693  7693 D io.sentry.android.AndroidSentryClientFactory: Construction of Android Sentry.
11-02 21:43:01.640  7693  7693 D RustNativeSupport: findMegazordLibraryName(viaduct, 0.42.2
11-02 21:43:01.640  7693  7693 D RustNativeSupport: lib in use: none
11-02 21:43:01.640  7693  7693 D RustNativeSupport: lib configured: fenix
11-02 21:43:01.640  7693  7693 D RustNativeSupport: lib version configured: 0.42.0
11-02 21:43:01.640  7693  7693 E RustNativeSupport: version requested by component doesn't match initialized megazord version (0.42.2 != 0.42.0)
11-02 21:43:01.641  7693  7693 D AndroidRuntime: Shutting down VM
11-02 21:43:01.642  7693  7693 E AndroidRuntime: FATAL EXCEPTION: main
11-02 21:43:01.642  7693  7693 E AndroidRuntime: Process: org.mozilla.fenix.nightly:mozilla.components.lib.crash.CrashReporter, PID: 7693
11-02 21:43:01.642  7693  7693 E AndroidRuntime: java.lang.ExceptionInInitializerError
11-02 21:43:01.642  7693  7693 E AndroidRuntime: 	at mozilla.appservices.httpconfig.LibViaduct.<clinit>(Unknown Source:0)
11-02 21:43:01.642  7693  7693 E AndroidRuntime: 	at mozilla.appservices.httpconfig.RustHttpConfig.setClient(HttpConfig.kt:5)
11-02 21:43:01.642  7693  7693 E AndroidRuntime: 	at org.mozilla.fenix.FenixApplication.setupApplication(FenixApplication.kt:25)
11-02 21:43:01.642  7693  7693 E AndroidRuntime: 	at org.mozilla.fenix.FenixApplication.onCreate(FenixApplication.kt:2)
11-02 21:43:01.642  7693  7693 E AndroidRuntime: 	at android.app.Instrumentation.callApplicationOnCreate(Instrumentation.java:1141)
11-02 21:43:01.642  7693  7693 E AndroidRuntime: 	at android.app.ActivityThread.handleBindApplication(ActivityThread.java:5854)
11-02 21:43:01.642  7693  7693 E AndroidRuntime: 	at android.app.ActivityThread.-wrap1(Unknown Source:0)
11-02 21:43:01.642  7693  7693 E AndroidRuntime: 	at android.app.ActivityThread$H.handleMessage(ActivityThread.java:1697)
11-02 21:43:01.642  7693  7693 E AndroidRuntime: 	at android.os.Handler.dispatchMessage(Handler.java:106)
11-02 21:43:01.642  7693  7693 E AndroidRuntime: 	at android.os.Looper.loop(Looper.java:164)
11-02 21:43:01.642  7693  7693 E AndroidRuntime: 	at android.app.ActivityThread.main(ActivityThread.java:6626)
11-02 21:43:01.642  7693  7693 E AndroidRuntime: 	at java.lang.reflect.Method.invoke(Native Method)
11-02 21:43:01.642  7693  7693 E AndroidRuntime: 	at com.android.internal.os.RuntimeInit$MethodAndArgsCaller.run(RuntimeInit.java:438)
11-02 21:43:01.642  7693  7693 E AndroidRuntime: 	at com.android.internal.os.ZygoteInit.main(ZygoteInit.java:811)
11-02 21:43:01.642  7693  7693 E AndroidRuntime: Caused by: mozilla.appservices.support.native.IncompatibleMegazordVersion: Incompatible megazord version: library "viaduct" was compiled expecting app-services version "0.42.2", but the megazord "fenix" provides version "0.42.0"
11-02 21:43:01.642  7693  7693 E AndroidRuntime: 	at mozilla.appservices.support.native.HelpersKt.lookupMegazordLibrary(Helpers.kt:13)
11-02 21:43:01.642  7693  7693 E AndroidRuntime: 	at mozilla.appservices.support.native.HelpersKt.findMegazordLibraryName(Helpers.kt:4)
11-02 21:43:01.642  7693  7693 E AndroidRuntime: 	at mozilla.appservices.httpconfig.LibViaduct$Companion$INSTANCE$1.invoke(LibViaduct.kt:3)
11-02 21:43:01.642  7693  7693 E AndroidRuntime: 	at mozilla.appservices.httpconfig.LibViaduct$Companion$INSTANCE$1.invoke(LibViaduct.kt:1)
11-02 21:43:01.642  7693  7693 E AndroidRuntime: 	at mozilla.appservices.httpconfig.LibViaduct$Companion.<clinit>(LibViaduct.kt:2)
11-02 21:43:01.642  7693  7693 E AndroidRuntime: 	... 14 more
11-02 21:43:01.667  1456  2916 I ActivityManager: START u0 {flg=0x10018000 cmp=org.mozilla.fenix.nightly/mozilla.components.lib.crash.prompt.CrashReporterActivity (has extras)} from uid 10409
11-02 21:43:01.716  1456  1603 I ActivityManager: Showing crash dialog for package org.mozilla.fenix.nightly u0
11-02 21:43:01.716  1456  1601 W BroadcastQueue: Background execution not allowed: receiving Intent { act=android.intent.action.DROPBOX_ENTRY_ADDED flg=0x10 (has extras) } to com.google.android.gms/.stats.service.DropBoxEntryAddedReceiver
11-02 21:43:01.717  1456  1601 W BroadcastQueue: Background execution not allowed: receiving Intent { act=android.intent.action.DROPBOX_ENTRY_ADDED flg=0x10 (has extras) } to com.google.android.gms/.chimera.GmsIntentOperationService$PersistentTrustedReceiver
11-02 21:43:01.766   808   808 D SurfaceFlinger: duplicate layer name: changing Application Error: org.mozilla.fenix.nightly to Application Error: org.mozilla.fenix.nightly#1
11-02 21:43:01.783   808   808 I SFPerfTracer:      triggers: (rate: 5:10318) (compose: 0:0) (post: 0:0) (render: 0:1) (43:268979 frames) (44:668908)
11-02 21:43:01.783   808   808 D SFPerfTracer:        layers: (4:13) (NavigationBar#0 (0xb07df000): 0:1152) (StatusBar#0 (0xb07e3000): 0:407760) (com.android.systemui.ImageWallpaper#0 (0xb07e7000): 0:76)* (Sprite#0 (0xb0733000): 0:317)* (DimLayerController/Stack=0#0 (0xb075a000): 8:291) (animation background stackId=1#0 (0xb0771000): 0:4)* (Sprite#1 (0xb077c000): 0:195)* (com.android.settings/com.android.settings.Settings$DevelopmentSettingsActivity#0 (0xb0763000): 1:161)* (Splash Screen org.mozilla.fenix.nightly#0 (0xb075d000): 0:33)- (Application Error: org.mozilla.fenix.nightly#0 (0xb03ae000): 0:21)- (Application Error: org.mozilla.fenix.nightly#1 (0xb03a4000): 0:22)- (Splash Screen org.mozilla.fenix.nightly#0 (0xb03a0000): 0:18)* (Application Error: org.mozilla.fenix.nightly#0 (0xb03ae000): 7:13) 
11-02 21:43:02.184  1456  1601 W ActivityManager: Activity pause timeout for ActivityRecord{95152d3 u0 org.mozilla.fenix.nightly/mozilla.components.lib.crash.prompt.CrashReporterActivity t901 f}
11-02 21:43:03.701  2340  2441 I QCNEJ   : |CORE| CNE received action RSSI/Link Changed events: android.net.wifi.RSSI_CHANGED
11-02 21:43:03.702  2340  2441 D QCNEJ   : |CORE| Updating RSSI: -67
11-02 21:43:07.271   808   808 I SFPerfTracer:      triggers: (rate: 5:10318) (compose: 0:0) (post: 0:0) (render: 0:1) (323:269304 frames) (324:669236)
11-02 21:43:07.271   808   808 D SFPerfTracer:        layers: (5:11) (NavigationBar#0 (0xb07df000): 0:1152) (StatusBar#0 (0xb07e3000): 1:407761) (com.android.systemui.ImageWallpaper#0 (0xb07e7000): 0:76)* (Sprite#0 (0xb0733000): 0:317)* (DimLayerController/Stack=0#0 (0xb075a000): 1:292) (animation background stackId=1#0 (0xb0771000): 0:4)* (Sprite#1 (0xb077c000): 0:195)* (com.android.settings/com.android.settings.Settings$DevelopmentSettingsActivity#0 (0xb0763000): 18:179)* (Splash Screen org.mozilla.fenix.nightly#0 (0xb03a0000): 1:19)* (Application Error: org.mozilla.fenix.nightly#0 (0xb03ae000): 0:13) (Application Error: org.mozilla.fenix.nightly#1 (0xb03a4000): 9:12) 
11-02 21:43:07.503  1456  1889 W WindowManager: Failed looking up window callers=com.android.server.wm.WindowManagerService.windowForClientLocked:5961 com.android.server.wm.WindowManagerService.removeWindow:1810 com.android.server.wm.Session.remove:222 
11-02 21:43:07.613   808   898 I SFPerfTracer:      triggers: (rate: 0:0) (0 sw vsyncs) (0 skipped) (421:145916 vsyncs) (423:673911)
11-02 21:43:10.136  1456  1893 D BatteryService: uevent={POWER_SUPPLY_VOLTAGE_NOW=4357579, POWER_SUPPLY_CHARGE_RATE=Normal, POWER_SUPPLY_HEALTH=Good, POWER_SUPPLY_CURRENT_NOW=152, POWER_SUPPLY_PRESENT=1, SUBSYSTEM=power_supply, POWER_SUPPLY_TEMP=257, SEQNUM=140685, ACTION=change, POWER_SUPPLY_NAME=battery, POWER_SUPPLY_STATUS=Full, POWER_SUPPLY_CHARGE_COUNTER=2820060, POWER_SUPPLY_CAPACITY=100, DEVPATH=/devices/soc/qpnp-smbcharger-17/power_supply/battery}
11-02 21:43:10.143  2398  2398 D QtiCarrierConfigHelper: WARNING, no carrier configs on phone Id: 0
11-02 21:43:10.654  1456  1601 W ActivityManager: Launch timeout has expired, giving up wake lock!
11-02 21:43:10.776  1456  5031 I ActivityManager: Force stopping org.mozilla.fenix.nightly appid=10409 user=0: from pid 7713
11-02 21:43:10.777  1456  5031 I ActivityManager: Killing 7669:org.mozilla.fenix.nightly/u0a409 (adj 900): stop org.mozilla.fenix.nightly
11-02 21:43:10.781  1456  1605 W zygote  : kill(-7669, 9) failed: No such process
11-02 21:43:10.788  1456  5031 I ActivityManager: Killing 7693:org.mozilla.fenix.nightly:mozilla.components.lib.crash.CrashReporter/u0a409 (adj 0): stop org.mozilla.fenix.nightly
11-02 21:43:10.789  1456  5031 W ActivityManager: Force removing ActivityRecord{74e0b0f u0 org.mozilla.fenix.nightly/mozilla.components.lib.crash.prompt.CrashReporterActivity t901}: app died, no saved state
11-02 21:43:10.796  1456  1605 I chatty  : uid=1000(system) ActivityManager identical 1 line
11-02 21:43:10.810  1456  1605 W zygote  : kill(-7669, 9) failed: No such process
11-02 21:43:10.810  1456  1605 I zygote  : Successfully killed process cgroup uid 10409 pid 7669 in 31ms
11-02 21:43:10.810  1456  1605 W zygote  : kill(-7693, 9) failed: No such process
11-02 21:43:10.810  1456  1605 I zygote  : Successfully killed process cgroup uid 10409 pid 7693 in 0ms
11-02 21:43:10.840  1456 10962 W ActivityManager: Ignoring remove of inactive process: ProcessRecord{e5adae7 0:org.mozilla.fenix.nightly:mozilla.components.lib.crash.CrashReporter/u0a409}
11-02 21:43:10.843  1456  7556 W ActivityManager: Ignoring remove of inactive process: ProcessRecord{2fcd53d 0:org.mozilla.fenix.nightly/u0a409}
11-02 21:43:10.850  2398  2398 D CarrierSvcBindHelper: No carrier app for: 0
11-02 21:43:10.851  2398  2398 D CarrierSvcBindHelper: No carrier app for: 1
11-02 21:43:10.860  7883  7883 W Settings: Setting bugreport_in_power_menu has moved from android.provider.Settings.Secure to android.provider.Settings.Global.
11-02 21:43:10.865  7883  7715 W TileUtils: Found com.android.settings.backup.BackupSettingsActivity for intent Intent { act=com.android.settings.action.SETTINGS pkg=com.android.settings } missing metadata com.android.settings.category
11-02 21:43:10.869  1456  1471 I WifiService: getVerboseLoggingLevel uid=1000
11-02 21:43:10.870  1456 10962 I WifiService: getAggressiveHandover uid=1000
11-02 21:43:10.870  1456  1471 I WifiService: getAllowScansWithTraffic uid=1000
11-02 21:43:10.895  2398  2398 E PhoneInterfaceManager: [PhoneIntfMgr] getAllowedCarriers: CommandException: com.android.internal.telephony.CommandException: REQUEST_NOT_SUPPORTED
11-02 21:43:10.899  2398  2398 E PhoneInterfaceManager: [PhoneIntfMgr] getAllowedCarriers: CommandException: com.android.internal.telephony.CommandException: REQUEST_NOT_SUPPORTED
11-02 21:43:10.915  7883  7718 D Settings: No enabled state changed, skipping updateCategory call
11-02 21:43:10.980  1456  1889 W AppOps  : Finishing op nesting under-run: uid 1000 pkg android code 24 time=0 duration=0 nesting=0
11-02 21:43:10.992  1456  2402 I ActivityManager: START u0 {act=android.intent.action.MAIN cat=[android.intent.category.LAUNCHER] flg=0x10000000 cmp=org.mozilla.fenix.nightly/org.mozilla.fenix.HomeActivity} from uid 2000
11-02 21:43:10.993   794   839 E ANDR-PERF-RESOURCEQS: Failed to apply optimization [4, 0]
11-02 21:43:11.017  1456 10962 I ActivityManager: Start proc 7722:org.mozilla.fenix.nightly/u0a409 for activity org.mozilla.fenix.nightly/org.mozilla.fenix.HomeActivity
11-02 21:43:11.046  1456  1889 W AppOps  : Finishing op nesting under-run: uid 1000 pkg android code 24 time=0 duration=0 nesting=0
11-02 21:43:11.159  7722  7722 D FirebaseApp: Default FirebaseApp failed to initialize because no default options were found. This usually means that com.google.gms:google-services was not applied to your gradle project.
11-02 21:43:11.159  7722  7722 I FirebaseInitProvider: FirebaseApp initialization unsuccessful
11-02 21:43:11.196  7722  7722 W System.err: SLF4J: Failed to load class "org.slf4j.impl.StaticLoggerBinder".
11-02 21:43:11.196  7722  7722 W System.err: SLF4J: Defaulting to no-operation (NOP) logger implementation
11-02 21:43:11.196  7722  7722 W System.err: SLF4J: See http://www.slf4j.org/codes.html#StaticLoggerBinder for further details.
11-02 21:43:11.197  7722  7722 D io.sentry.android.AndroidSentryClientFactory: Construction of Android Sentry.
11-02 21:43:11.212  7722  7722 D RustNativeSupport: findMegazordLibraryName(viaduct, 0.42.2
11-02 21:43:11.212  7722  7722 D RustNativeSupport: lib in use: none
11-02 21:43:11.212  7722  7722 D RustNativeSupport: lib configured: fenix
11-02 21:43:11.212  7722  7722 D RustNativeSupport: lib version configured: 0.42.0
11-02 21:43:11.213  7722  7722 E RustNativeSupport: version requested by component doesn't match initialized megazord version (0.42.2 != 0.42.0)
11-02 21:43:11.213  7722  7722 D AndroidRuntime: Shutting down VM
11-02 21:43:11.214  7722  7722 E AndroidRuntime: FATAL EXCEPTION: main
11-02 21:43:11.214  7722  7722 E AndroidRuntime: Process: org.mozilla.fenix.nightly, PID: 7722
11-02 21:43:11.214  7722  7722 E AndroidRuntime: java.lang.ExceptionInInitializerError
11-02 21:43:11.214  7722  7722 E AndroidRuntime: 	at mozilla.appservices.httpconfig.LibViaduct.<clinit>(Unknown Source:0)
11-02 21:43:11.214  7722  7722 E AndroidRuntime: 	at mozilla.appservices.httpconfig.RustHttpConfig.setClient(HttpConfig.kt:5)
11-02 21:43:11.214  7722  7722 E AndroidRuntime: 	at org.mozilla.fenix.FenixApplication.setupApplication(FenixApplication.kt:25)
11-02 21:43:11.214  7722  7722 E AndroidRuntime: 	at org.mozilla.fenix.FenixApplication.onCreate(FenixApplication.kt:2)
11-02 21:43:11.214  7722  7722 E AndroidRuntime: 	at android.app.Instrumentation.callApplicationOnCreate(Instrumentation.java:1141)
11-02 21:43:11.214  7722  7722 E AndroidRuntime: 	at android.app.ActivityThread.handleBindApplication(ActivityThread.java:5854)
11-02 21:43:11.214  7722  7722 E AndroidRuntime: 	at android.app.ActivityThread.-wrap1(Unknown Source:0)
11-02 21:43:11.214  7722  7722 E AndroidRuntime: 	at android.app.ActivityThread$H.handleMessage(ActivityThread.java:1697)
11-02 21:43:11.214  7722  7722 E AndroidRuntime: 	at android.os.Handler.dispatchMessage(Handler.java:106)
11-02 21:43:11.214  7722  7722 E AndroidRuntime: 	at android.os.Looper.loop(Looper.java:164)
11-02 21:43:11.214  7722  7722 E AndroidRuntime: 	at android.app.ActivityThread.main(ActivityThread.java:6626)
11-02 21:43:11.214  7722  7722 E AndroidRuntime: 	at java.lang.reflect.Method.invoke(Native Method)
11-02 21:43:11.214  7722  7722 E AndroidRuntime: 	at com.android.internal.os.RuntimeInit$MethodAndArgsCaller.run(RuntimeInit.java:438)
11-02 21:43:11.214  7722  7722 E AndroidRuntime: 	at com.android.internal.os.ZygoteInit.main(ZygoteInit.java:811)
11-02 21:43:11.214  7722  7722 E AndroidRuntime: Caused by: mozilla.appservices.support.native.IncompatibleMegazordVersion: Incompatible megazord version: library "viaduct" was compiled expecting app-services version "0.42.2", but the megazord "fenix" provides version "0.42.0"
11-02 21:43:11.214  7722  7722 E AndroidRuntime: 	at mozilla.appservices.support.native.HelpersKt.lookupMegazordLibrary(Helpers.kt:13)
11-02 21:43:11.214  7722  7722 E AndroidRuntime: 	at mozilla.appservices.support.native.HelpersKt.findMegazordLibraryName(Helpers.kt:4)
11-02 21:43:11.214  7722  7722 E AndroidRuntime: 	at mozilla.appservices.httpconfig.LibViaduct$Companion$INSTANCE$1.invoke(LibViaduct.kt:3)
11-02 21:43:11.214  7722  7722 E AndroidRuntime: 	at mozilla.appservices.httpconfig.LibViaduct$Companion$INSTANCE$1.invoke(LibViaduct.kt:1)
11-02 21:43:11.214  7722  7722 E AndroidRuntime: 	at mozilla.appservices.httpconfig.LibViaduct$Companion.<clinit>(LibViaduct.kt:2)
11-02 21:43:11.214  7722  7722 E AndroidRuntime: 	... 14 more
11-02 21:43:11.238  1456 10962 I ActivityManager: START u0 {flg=0x10018000 cmp=org.mozilla.fenix.nightly/mozilla.components.lib.crash.prompt.CrashReporterActivity (has extras)} from uid 10409
11-02 21:43:11.247  1456  1603 I ActivityManager: Showing crash dialog for package org.mozilla.fenix.nightly u0
11-02 21:43:11.255  1456  1601 W BroadcastQueue: Background execution not allowed: receiving Intent { act=android.intent.action.DROPBOX_ENTRY_ADDED flg=0x10 (has extras) } to com.google.android.gms/.stats.service.DropBoxEntryAddedReceiver
11-02 21:43:11.255  1456  1601 W BroadcastQueue: Background execution not allowed: receiving Intent { act=android.intent.action.DROPBOX_ENTRY_ADDED flg=0x10 (has extras) } to com.google.android.gms/.chimera.GmsIntentOperationService$PersistentTrustedReceiver
11-02 21:43:11.278  1456  7796 I OpenGLRenderer: Initialized EGL, version 1.4
11-02 21:43:11.279  1456  7796 D OpenGLRenderer: Swap behavior 2
11-02 21:43:11.741  1456  1601 W ActivityManager: Activity pause timeout for ActivityRecord{742148a u0 org.mozilla.fenix.nightly/org.mozilla.fenix.HomeActivity t902 f}
11-02 21:43:11.769  1456  1601 I ActivityManager: Start proc 7746:org.mozilla.fenix.nightly:mozilla.components.lib.crash.CrashReporter/u0a409 for activity org.mozilla.fenix.nightly/mozilla.components.lib.crash.prompt.CrashReporterActivity
11-02 21:43:11.890  1456  1471 W ActivityManager: Slow operation: 109ms so far, now at attachApplicationLocked: after mServices.attachApplicationLocked
11-02 21:43:11.940  7746  7746 W System.err: SLF4J: Failed to load class "org.slf4j.impl.StaticLoggerBinder".
11-02 21:43:11.940  7746  7746 W System.err: SLF4J: Defaulting to no-operation (NOP) logger implementation
11-02 21:43:11.940  7746  7746 W System.err: SLF4J: See http://www.slf4j.org/codes.html#StaticLoggerBinder for further details.
11-02 21:43:11.941  7746  7746 D io.sentry.android.AndroidSentryClientFactory: Construction of Android Sentry.
11-02 21:43:11.971  7746  7746 D RustNativeSupport: findMegazordLibraryName(viaduct, 0.42.2
11-02 21:43:11.971  7746  7746 D RustNativeSupport: lib in use: none
11-02 21:43:11.971  7746  7746 D RustNativeSupport: lib configured: fenix
11-02 21:43:11.971  7746  7746 D RustNativeSupport: lib version configured: 0.42.0
11-02 21:43:11.971  7746  7746 E RustNativeSupport: version requested by component doesn't match initialized megazord version (0.42.2 != 0.42.0)
11-02 21:43:11.972  7746  7746 D AndroidRuntime: Shutting down VM
11-02 21:43:11.973  7746  7746 E AndroidRuntime: FATAL EXCEPTION: main
11-02 21:43:11.973  7746  7746 E AndroidRuntime: Process: org.mozilla.fenix.nightly:mozilla.components.lib.crash.CrashReporter, PID: 7746
11-02 21:43:11.973  7746  7746 E AndroidRuntime: java.lang.ExceptionInInitializerError
11-02 21:43:11.973  7746  7746 E AndroidRuntime: 	at mozilla.appservices.httpconfig.LibViaduct.<clinit>(Unknown Source:0)
11-02 21:43:11.973  7746  7746 E AndroidRuntime: 	at mozilla.appservices.httpconfig.RustHttpConfig.setClient(HttpConfig.kt:5)
11-02 21:43:11.973  7746  7746 E AndroidRuntime: 	at org.mozilla.fenix.FenixApplication.setupApplication(FenixApplication.kt:25)
11-02 21:43:11.973  7746  7746 E AndroidRuntime: 	at org.mozilla.fenix.FenixApplication.onCreate(FenixApplication.kt:2)
11-02 21:43:11.973  7746  7746 E AndroidRuntime: 	at android.app.Instrumentation.callApplicationOnCreate(Instrumentation.java:1141)
11-02 21:43:11.973  7746  7746 E AndroidRuntime: 	at android.app.ActivityThread.handleBindApplication(ActivityThread.java:5854)
11-02 21:43:11.973  7746  7746 E AndroidRuntime: 	at android.app.ActivityThread.-wrap1(Unknown Source:0)
11-02 21:43:11.973  7746  7746 E AndroidRuntime: 	at android.app.ActivityThread$H.handleMessage(ActivityThread.java:1697)
11-02 21:43:11.973  7746  7746 E AndroidRuntime: 	at android.os.Handler.dispatchMessage(Handler.java:106)
11-02 21:43:11.973  7746  7746 E AndroidRuntime: 	at android.os.Looper.loop(Looper.java:164)
11-02 21:43:11.973  7746  7746 E AndroidRuntime: 	at android.app.ActivityThread.main(ActivityThread.java:6626)
11-02 21:43:11.973  7746  7746 E AndroidRuntime: 	at java.lang.reflect.Method.invoke(Native Method)
11-02 21:43:11.973  7746  7746 E AndroidRuntime: 	at com.android.internal.os.RuntimeInit$MethodAndArgsCaller.run(RuntimeInit.java:438)
11-02 21:43:11.973  7746  7746 E AndroidRuntime: 	at com.android.internal.os.ZygoteInit.main(ZygoteInit.java:811)
11-02 21:43:11.973  7746  7746 E AndroidRuntime: Caused by: mozilla.appservices.support.native.IncompatibleMegazordVersion: Incompatible megazord version: library "viaduct" was compiled expecting app-services version "0.42.2", but the megazord "fenix" provides version "0.42.0"
11-02 21:43:11.973  7746  7746 E AndroidRuntime: 	at mozilla.appservices.support.native.HelpersKt.lookupMegazordLibrary(Helpers.kt:13)
11-02 21:43:11.973  7746  7746 E AndroidRuntime: 	at mozilla.appservices.support.native.HelpersKt.findMegazordLibraryName(Helpers.kt:4)
11-02 21:43:11.973  7746  7746 E AndroidRuntime: 	at mozilla.appservices.httpconfig.LibViaduct$Companion$INSTANCE$1.invoke(LibViaduct.kt:3)
11-02 21:43:11.973  7746  7746 E AndroidRuntime: 	at mozilla.appservices.httpconfig.LibViaduct$Companion$INSTANCE$1.invoke(LibViaduct.kt:1)
11-02 21:43:11.973  7746  7746 E AndroidRuntime: 	at mozilla.appservices.httpconfig.LibViaduct$Companion.<clinit>(LibViaduct.kt:2)
11-02 21:43:11.973  7746  7746 E AndroidRuntime: 	... 14 more
11-02 21:43:11.998  1456  7556 I ActivityManager: START u0 {flg=0x10018000 cmp=org.mozilla.fenix.nightly/mozilla.components.lib.crash.prompt.CrashReporterActivity (has extras)} from uid 10409
11-02 21:43:12.042  1456  1601 W BroadcastQueue: Background execution not allowed: receiving Intent { act=android.intent.action.DROPBOX_ENTRY_ADDED flg=0x10 (has extras) } to com.google.android.gms/.stats.service.DropBoxEntryAddedReceiver
11-02 21:43:12.042  1456  1601 W BroadcastQueue: Background execution not allowed: receiving Intent { act=android.intent.action.DROPBOX_ENTRY_ADDED flg=0x10 (has extras) } to com.google.android.gms/.chimera.GmsIntentOperationService$PersistentTrustedReceiver
11-02 21:43:12.043  1456  1603 I ActivityManager: Showing crash dialog for package org.mozilla.fenix.nightly u0
11-02 21:43:12.092   808   808 D SurfaceFlinger: duplicate layer name: changing Application Error: org.mozilla.fenix.nightly to Application Error: org.mozilla.fenix.nightly#1
11-02 21:43:12.160   808   808 I SFPerfTracer:      triggers: (rate: 5:10318) (compose: 0:0) (post: 0:0) (render: 0:1) (2:269385 frames) (3:669338)
11-02 21:43:12.160   808   808 D SFPerfTracer:        layers: (4:14) (NavigationBar#0 (0xb07df000): 0:1170) (StatusBar#0 (0xb07e3000): 0:407781) (com.android.systemui.ImageWallpaper#0 (0xb07e7000): 0:76)* (Sprite#0 (0xb0733000): 0:317)* (DimLayerController/Stack=0#0 (0xb075a000): 0:313) (animation background stackId=1#0 (0xb0771000): 0:4)* (Sprite#1 (0xb077c000): 0:195)* (com.android.settings/com.android.settings.Settings$DevelopmentSettingsActivity#0 (0xb0763000): 0:204)* (Splash Screen org.mozilla.fenix.nightly#0 (0xb03a0000): 0:32)- (Application Error: org.mozilla.fenix.nightly#0 (0xb03ae000): 0:21)- (Application Error: org.mozilla.fenix.nightly#1 (0xb03a4000): 0:21)- (Splash Screen org.mozilla.fenix.nightly#0 (0xb0383000): 0:19)* (Application Error: org.mozilla.fenix.nightly#0 (0xb03ae000): 0:13) (Application Error: org.mozilla.fenix.nightly#1 (0xb03a4000): 3:3)* 
11-02 21:43:12.510  1456  1601 W ActivityManager: Activity pause timeout for ActivityRecord{d0cdecf u0 org.mozilla.fenix.nightly/mozilla.components.lib.crash.prompt.CrashReporterActivity t902 f}
11-02 21:43:12.766  2340  2441 I QCNEJ   : |CORE| CNE received action RSSI/Link Changed events: android.net.wifi.RSSI_CHANGED
11-02 21:43:12.766  2340  2441 D QCNEJ   : |CORE| Updating RSSI: -66
11-02 21:43:17.237  7314  7330 I Finsky  : [29171] kam.run(3): Stats for Executor: BlockingExecutor kce@b11e8d7[Running, pool size = 2, active threads = 0, queued tasks = 0, completed tasks = 13]
11-02 21:43:17.238  7314  7330 I Finsky  : [29171] kam.run(3): Stats for Executor: LightweightExecutor kce@8dbd5c4[Running, pool size = 4, active threads = 0, queued tasks = 0, completed tasks = 71]
11-02 21:43:17.597   808   808 I SFPerfTracer:      triggers: (rate: 5:10318) (compose: 0:0) (post: 0:0) (render: 0:1) (323:269708 frames) (324:669663)
11-02 21:43:17.597   808   808 D SFPerfTracer:        layers: (5:11) (NavigationBar#0 (0xb07df000): 0:1170) (StatusBar#0 (0xb07e3000): 1:407782) (com.android.systemui.ImageWallpaper#0 (0xb07e7000): 0:76)* (Sprite#0 (0xb0733000): 0:317)* (DimLayerController/Stack=0#0 (0xb075a000): 1:314) (animation background stackId=1#0 (0xb0771000): 0:4)* (Sprite#1 (0xb077c000): 0:195)* (com.android.settings/com.android.settings.Settings$DevelopmentSettingsActivity#0 (0xb0763000): 18:222)* (Splash Screen org.mozilla.fenix.nightly#0 (0xb0383000): 1:20)* (Application Error: org.mozilla.fenix.nightly#0 (0xb03ae000): 0:13) (Application Error: org.mozilla.fenix.nightly#1 (0xb03a4000): 9:13) 
11-02 21:43:17.616  7314  7330 I Finsky  : [29171] kam.run(3): Stats for Executor: bgExecutor kce@a53ecad[Running, pool size = 4, active threads = 0, queued tasks = 0, completed tasks = 71]
11-02 21:43:17.829  1456  1889 W WindowManager: Failed looking up window callers=com.android.server.wm.WindowManagerService.windowForClientLocked:5961 com.android.server.wm.WindowManagerService.removeWindow:1810 com.android.server.wm.Session.remove:222 
11-02 21:43:17.939   808   898 I SFPerfTracer:      triggers: (rate: 0:0) (0 sw vsyncs) (0 skipped) (421:146337 vsyncs) (423:674338)
11-02 21:43:18.373  7314  7314 I Finsky  : [2] com.google.android.finsky.scheduler.JobSchedulerEngine$PhoneskyJobSchedulerJobService.onStartJob(5): SCH: onJobSchedulerWakeup with jobId 9008
11-02 21:43:18.377  7314  7314 I Finsky  : [2] szl.a(24): Scheduling fallback job with id: 9034, and delay: 43200000 ms
11-02 21:43:18.381  7314  7314 I Finsky  : [2] szl.a(5): Scheduling fallback in 64799998 (absolute: 5338276899)
11-02 21:43:18.420  7314  7314 I Finsky  : [2] szx.handleMessage(10): SCH: DeviceState: DeviceState{currentTime=1572745398410, isCharging=true, isIdle=false, netAny=true, netNotRoaming=true, netUnmetered=true, batteryPercent=100.0}
11-02 21:43:18.434  7314  7765 I Finsky  : [29246] tcn.a(7): SCH: Jobs in database: 1-1337 3-812 3-813 24-77777777 26-1414141414 29-29 
11-02 21:43:18.468  7314  7314 I Finsky  : [2] szy.a(20): SCH: Running job: 29-29
11-02 21:43:18.476  7314  7314 I Finsky  : [2] szx.handleMessage(65): SCH: RunningQueue size: 1, PendingQueue size: 0
11-02 21:43:18.476  7314  7314 I Finsky  : [2] szx.handleMessage(68): SCH: Running queue: 29-29 
11-02 21:43:18.480  7314  7766 I Finsky  : [29247] yjr.a(1): ProcessRecoveryLogsUtil: No files in recovery directory
11-02 21:43:18.480  7314  7766 I Finsky  : [29247] tbi.a(16): SCH: jobFinished: 29-29. TimeElapsed: 12ms.
11-02 21:43:18.482  7314  7314 I Finsky  : [2] szy.a(36): SCH: Job 29-29 finished. Not rescheduling.
11-02 21:43:18.483  7314  7314 I Finsky  : [2] szx.handleMessage(65): SCH: RunningQueue size: 0, PendingQueue size: 0
11-02 21:43:18.484  7314  7314 I Finsky  : [2] szx.handleMessage(29): Executor finished
11-02 21:43:18.500  7314  7314 I Finsky  : [2] tcn.a(7): SCH: Jobs in database: 1-1337 3-812 3-813 24-77777777 26-1414141414 
11-02 21:43:18.521  7314  7314 I Finsky  : [2] syd.a(58): SCH: ConstraintMapping: 24-77777777,  -> L: 0ms, D: 56900621ms, C: false, I: true, N: 0
11-02 21:43:18.522  7314  7314 I Finsky  : [2] syd.a(58): SCH: ConstraintMapping: 1-1337,  -> L: 17259845ms, D: 60459845ms, C: false, I: false, N: 1
11-02 21:43:18.523  7314  7314 I Finsky  : [2] syd.a(58): SCH: ConstraintMapping: 3-813,  -> L: 0ms, D: 86342816ms, C: false, I: true, N: 2
11-02 21:43:18.524  7314  7314 I Finsky  : [2] syd.a(58): SCH: ConstraintMapping: 3-812,  -> L: 0ms, D: 86342793ms, C: true, I: true, N: 2
11-02 21:43:18.525  7314  7314 I Finsky  : [2] syd.a(58): SCH: ConstraintMapping: 26-1414141414,  -> L: 23783051ms, D: 24683051ms, C: false, I: false, N: 0
11-02 21:43:18.534  7314  7314 I Finsky  : [2] tav.a(37): Cancelling existing jobscheduler jobs: 9007 9005 9001 9004 
11-02 21:43:18.535  7314  7314 I Finsky  : [2] tav.a(13): Throttling wakeup for job 9000 (expected to run in 0 ms) due to recent wakeup
11-02 21:43:18.535  7314  7314 I Finsky  : [2] tav.a(30): Scheduling job Id: 9000, L: 30000, D: 56900621, C: false, I: true, N: 0
11-02 21:43:18.538  7314  7314 I Finsky  : [2] tav.a(30): Scheduling job Id: 9002, L: 17259845, D: 60459845, C: false, I: false, N: 1
11-02 21:43:18.540  7314  7314 I Finsky  : [2] tav.a(13): Throttling wakeup for job 9003 (expected to run in 0 ms) due to recent wakeup
11-02 21:43:18.540  7314  7314 I Finsky  : [2] tav.a(30): Scheduling job Id: 9003, L: 30000, D: 86342816, C: false, I: true, N: 2
11-02 21:43:18.542  7314  7314 I Finsky  : [2] tav.a(13): Throttling wakeup for job 9006 (expected to run in 0 ms) due to recent wakeup
11-02 21:43:18.543  7314  7314 I Finsky  : [2] tav.a(30): Scheduling job Id: 9006, L: 30000, D: 86342793, C: true, I: true, N: 2
11-02 21:43:18.545  7314  7314 I Finsky  : [2] tav.a(30): Scheduling job Id: 9009, L: 23783051, D: 24683051, C: false, I: false, N: 0
11-02 21:43:21.000  1456  1601 W ActivityManager: Launch timeout has expired, giving up wake lock!
11-02 21:43:21.119  1456  7556 I ActivityManager: Force stopping org.mozilla.fenix.nightly appid=10409 user=0: from pid 7769
11-02 21:43:21.119  1456  7556 I ActivityManager: Killing 7722:org.mozilla.fenix.nightly/u0a409 (adj 900): stop org.mozilla.fenix.nightly
11-02 21:43:21.120  1456  1605 W zygote  : kill(-7722, 9) failed: No such process
11-02 21:43:21.127  1456  1605 I chatty  : uid=1000(system) ActivityManager identical 1 line
11-02 21:43:21.128  1456  7556 I ActivityManager: Killing 7746:org.mozilla.fenix.nightly:mozilla.components.lib.crash.CrashReporter/u0a409 (adj 0): stop org.mozilla.fenix.nightly
11-02 21:43:21.129  1456  7556 W ActivityManager: Force removing ActivityRecord{e46e8cb u0 org.mozilla.fenix.nightly/mozilla.components.lib.crash.prompt.CrashReporterActivity t902}: app died, no saved state
11-02 21:43:21.142  1456  1605 W zygote  : kill(-7722, 9) failed: No such process
11-02 21:43:21.143  1456  1605 I zygote  : Successfully killed process cgroup uid 10409 pid 7722 in 23ms
11-02 21:43:21.143  1456  1605 W zygote  : kill(-7746, 9) failed: No such process
11-02 21:43:21.158  1456  1605 W zygote  : kill(-7746, 9) failed: No such process
11-02 21:43:21.159  1456  1605 I zygote  : Successfully killed process cgroup uid 10409 pid 7746 in 15ms
11-02 21:43:21.183  1456  4829 W ActivityManager: Ignoring remove of inactive process: ProcessRecord{9ab46aa 0:org.mozilla.fenix.nightly/u0a409}
11-02 21:43:21.184  1456  1471 W ActivityManager: Ignoring remove of inactive process: ProcessRecord{ef1129b 0:org.mozilla.fenix.nightly:mozilla.components.lib.crash.CrashReporter/u0a409}
11-02 21:43:21.192  2398  2398 D CarrierSvcBindHelper: No carrier app for: 0
11-02 21:43:21.194  2398  2398 D CarrierSvcBindHelper: No carrier app for: 1
11-02 21:43:21.205  7883  7883 W Settings: Setting bugreport_in_power_menu has moved from android.provider.Settings.Secure to android.provider.Settings.Global.
11-02 21:43:21.218  1456  4829 I WifiService: getVerboseLoggingLevel uid=1000
11-02 21:43:21.219  1456  5031 I WifiService: getAggressiveHandover uid=1000
11-02 21:43:21.220  1456  5031 I WifiService: getAllowScansWithTraffic uid=1000
11-02 21:43:21.225  7883  7771 W TileUtils: Found com.android.settings.backup.BackupSettingsActivity for intent Intent { act=com.android.settings.action.SETTINGS pkg=com.android.settings } missing metadata com.android.settings.category
11-02 21:43:21.243  2398  2398 E PhoneInterfaceManager: [PhoneIntfMgr] getAllowedCarriers: CommandException: com.android.internal.telephony.CommandException: REQUEST_NOT_SUPPORTED
11-02 21:43:21.249  7883  7771 D Settings: No enabled state changed, skipping updateCategory call
11-02 21:43:21.256  2398  2398 E PhoneInterfaceManager: [PhoneIntfMgr] getAllowedCarriers: CommandException: com.android.internal.telephony.CommandException: REQUEST_NOT_SUPPORTED
11-02 21:43:21.318  1456  1889 W AppOps  : Finishing op nesting under-run: uid 1000 pkg android code 24 time=0 duration=0 nesting=0
