12-28 21:44:56.924  1456 10736 I WifiService: getWifiEnabledState uid=10073
12-28 21:44:56.961  1456  1673 I LaunchCheckinHandler: Displayed com.android.launcher3/.CustomizationPanelLauncher,wp,wa,142
12-28 21:44:56.989 23700 23889 I MicroDetectionState: Should stop hotword detection immediately - false
12-28 21:44:56.997 23700 23889 I MicroDetectionWorker: #startMicroDetector [speakerMode: 0]
12-28 21:44:57.002 23700 23889 I AudioController: Created new AudioSource
12-28 21:44:57.006 23700 23889 I MicroDetectionWorker: onReady
12-28 21:44:57.007 23700 27434 I MicroDataManager: isInitializedWithLatestParams-true
12-28 21:44:57.007 23700 27434 I MicroDataManager: isInitializing-false locale not changed-true model not changed-true
12-28 21:44:57.008 23700 27434 I MicroDataManager: Already initialized, obtaining the hotword data immediately.
12-28 21:44:57.017 23700 27114 I MicroRecognitionRunner: Starting detection.
12-28 21:44:57.018 23700 27114 I InputStreamUtils: Using micInputStream
12-28 21:44:57.019 23700 27115 I MicrophoneInputStream: mic_starting  SR : 16000 CC : 16 SO : 1999
12-28 21:44:57.022   788  1401 V msm8974_platform: platform_check_input_mask: enter check_input_mask source 6 mask 10
12-28 21:44:57.024  1012 30309 I AudioFlinger: AudioFlinger's thread 0xb2483440 tid=30309 ready to run
12-28 21:44:57.031   788  1401 D audio_hw_primary: in_set_parameters: enter: kvpairs=input_source=6;routing=-2147483644
12-28 21:44:57.032  1012  1012 D APM_AudioPolicyManager: AudioPolicyManager::startInput() input 59526, session 59577, source = 1999
12-28 21:44:57.034 23700 27115 I MicrophoneInputStream: mic_started  SR : 16000 CC : 16 SO : 1999
12-28 21:44:57.034   788 30310 V msm8974_platform: platform_update_usecase_from_source: input source :6
12-28 21:44:57.034   788 30310 V msm8974_platform: platform_check_input_mask: enter check_input_mask source 6 mask 10
12-28 21:44:57.034   788 30310 V msm8974_platform: platform_get_input_snd_device: enter: out_device(0) in_device(0x4) channel_count (1) channel_mask (0x10)
12-28 21:44:57.035   788 30310 V msm8974_platform: platform_get_input_snd_device: exit: in_snd_device(voice-rec-mic)
12-28 21:44:57.035   788 30310 V msm8974_platform: platform_get_backend_index:napb: backend port - 5 device - 120 
12-28 21:44:57.035   788 30310 V msm8974_platform: platform_check_and_set_capture_backend_cfg:txbecf: afe: bitwidth 0, samplerate 0, channel 1, backend_idx 5 usecase = 9 device (voice-rec-mic)
12-28 21:44:57.035   788 30310 V msm8974_platform: platform_check_capture_backend_cfg:txbecf: afe: Codec selected backend: 5 current bit width: 0 and sample rate: 0, channels 1
12-28 21:44:57.035   788 30310 V msm8974_platform: platform_check_capture_backend_cfg:txbecf: afe: Codec selected backend: 5 updated bit width: 0 and sample rate: 0
12-28 21:44:57.035   788 30310 I msm8974_platform: platform_check_capture_backend_cfg:txbecf: afe: Codec backend needs to be updated. new bit width: 0 new sample rate: 0 new channel: 1
12-28 21:44:57.035   788 30310 V msm8974_platform: platform_get_backend_index:napb: backend port - 5 device - 120 
12-28 21:44:57.035   788 30310 V msm8974_platform: platform_set_backend_cfg:becf: afe: bitwidth 0, samplerate 0 channels 1, backend_idx 5 device (voice-rec-mic)
12-28 21:44:57.035   788 30310 E msm8974_platform: platform_set_backend_cfg:becf: afe: Could not get ctl for mixer command - SLIM_0_TX Format
12-28 21:44:57.036   788 30310 V msm8974_platform: platform_send_audio_calibration: sending audio calibration for snd_device(120) acdb_id(62)
12-28 21:44:57.036   788 30310 D ACDB-LOADER: ACDB -> send_audio_cal, acdb_id = 62, path = 1, app id = 0x11130, sample rate = 48000
12-28 21:44:57.036   788 30310 D ACDB-LOADER: ACDB -> send_asm_topology
12-28 21:44:57.036   788 30310 D ACDB-LOADER: ACDB -> ACDB_CMD_GET_AUDPROC_STREAM_TOPOLOGY_ID
12-28 21:44:57.036   788 30310 D ACDB-LOADER: ACDB -> send_adm_topology
12-28 21:44:57.036   788 30310 D ACDB-LOADER: ACDB -> ACDB_CMD_GET_AUDPROC_COMMON_TOPOLOGY_ID
12-28 21:44:57.036   788 30310 D ACDB-LOADER: ACDB -> send_audtable
12-28 21:44:57.036   788 30310 D ACDB-LOADER: ACDB -> ACDB_CMD_GET_AUDPROC_COMMON_TABLE_SIZE
12-28 21:44:57.036   788 30310 D ACDB-LOADER: ACDB -> ACDB_CMD_GET_AUDPROC_COMMON_TABLE
12-28 21:44:57.036   788 30310 D ACDB-LOADER: ACDB -> AUDIO_SET_AUDPROC_CAL
12-28 21:44:57.036   788 30310 D ACDB-LOADER: ACDB -> send_audvoltable
12-28 21:44:57.036   788 30310 D ACDB-LOADER: ACDB -> ACDB_CMD_GET_AUDPROC_VOL_STEP_TABLE_SIZE
12-28 21:44:57.036   788 30310 D ACDB-LOADER: ACDB -> ACDB_CMD_GET_AUDPROC_GAIN_DEP_STEP_TABLE, vol index 0
12-28 21:44:57.036   788 30310 D         : Failed to fetch the lookup information of the device 0000003E 
12-28 21:44:57.037   788 30310 D ACDB-LOADER: ACDB -> AUDIO_SET_VOL_CAL cal type = 12
12-28 21:44:57.037   788 30310 D ACDB-LOADER: ACDB -> ACDB_CMD_GET_AUDPROC_STREAM_TABLE_SIZE
12-28 21:44:57.037   788 30310 D ACDB-LOADER: ACDB -> send_audstrmtable
12-28 21:44:57.037   788 30310 D ACDB-LOADER: ACDB -> ACDB_CMD_GET_AUDPROC_STREAM_TABLE_V2
12-28 21:44:57.037   788 30310 D ACDB-LOADER: ACDB -> audstrm_cal->cal_type.cal_data.cal_size = 456
12-28 21:44:57.037   788 30310 D ACDB-LOADER: ACDB -> send_afe_topology
12-28 21:44:57.037   788 30310 D ACDB-LOADER: ACDB -> ACDB_CMD_GET_AFE_TOPOLOGY_ID
12-28 21:44:57.037   788 30310 D ACDB-LOADER: ACDB -> GET_AFE_TOPOLOGY_ID for adcd_id 62, Topology Id 112fb
12-28 21:44:57.037   788 30310 D ACDB-LOADER: ACDB -> send_afe_cal
12-28 21:44:57.037   788 30310 D ACDB-LOADER: ACDB -> ACDB_CMD_GET_AFE_COMMON_TABLE_SIZE
12-28 21:44:57.037   788 30310 D         : Failed to fetch the lookup information of the device 0000003E 
12-28 21:44:57.037   788 30310 E ACDB-LOADER: Error: ACDB_CMD_GET_AFE_COMMON_TABLE_SIZE Returned = -19
12-28 21:44:57.037   788 30310 D ACDB-LOADER: ACDB -> ACDB_CMD_GET_AFE_COMMON_TABLE
12-28 21:44:57.037   788 30310 D         : Failed to fetch the lookup information of the device 0000003E 
12-28 21:44:57.037   788 30310 D ACDB-LOADER: ACDB -> AUDIO_SET_AFE_CAL
12-28 21:44:57.037   788 30310 D ACDB-LOADER: ACDB -> send_hw_delay : acdb_id = 62 path = 1
12-28 21:44:57.037   788 30310 D ACDB-LOADER: ACDB -> ACDB_AVSYNC_INFO: ACDB_CMD_GET_DEVICE_PROPERTY
12-28 21:44:57.038   788 30310 D audio_hw_primary: enable_snd_device: snd_device(120: voice-rec-mic)
12-28 21:44:57.038   788 30310 D audio_route: Apply path: voice-rec-mic
12-28 21:44:57.041   788 30310 V msm8974_platform: platform_get_snd_device_backend_index: enter with device 120
12-28 21:44:57.041   788 30310 E msm8974_platform: platform_get_snd_device_backend_index: BE DAI Name Table is not present
12-28 21:44:57.041   788 30310 V msm8974_platform: platform_get_backend_index:napb: backend port - 5 device - 120 
12-28 21:44:57.041   788 30310 I audio_hw_utils: Set Audio Stream Capture 0 App Type Cfg: app_type 69936, acdb_dev_id 62, sample_rate 48000, snd_device_be_idx -14
12-28 21:44:57.041   788 30310 D audio_hw_primary: enable_audio_route: usecase(9) apply and update mixer path: audio-record
12-28 21:44:57.041   788 30310 D audio_route: Apply path: audio-record
12-28 21:44:57.111 23700 23889 I MicroDetectionWorker: onReady
12-28 21:44:57.368  1456  7796 I OpenGLRenderer: Initialized EGL, version 1.4
12-28 21:44:57.368  1456  7796 D OpenGLRenderer: Swap behavior 2
12-28 21:44:57.414  2748  2917 W OpenGLRenderer: Incorrectly called buildLayer on View: ShortcutAndWidgetContainer, destroying layer...
12-28 21:44:57.534 30126 30143 I chatty  : uid=10645(org.mozilla.fenix.performancetest) expire 1 line
12-28 21:44:57.543 30126 30228 I chatty  : uid=10645(org.mozilla.fenix.performancetest) expire 6 lines
12-28 21:44:57.598 27888 27888 I Finsky  : [2] puo.onTrimMemory(1): Memory trim requested to level 80
12-28 21:44:57.608  1456  4802 D ConnectivityService: requestNetwork for uid/pid:10645/30126 NetworkRequest [ TRACK_DEFAULT id=14655, [ Capabilities: INTERNET&NOT_RESTRICTED&TRUSTED&NOT_VPN] ]
12-28 21:44:57.610  1456  2099 D Ethernet: got request NetworkRequest [ TRACK_DEFAULT id=14655, [ Capabilities: INTERNET&NOT_RESTRICTED&TRUSTED&NOT_VPN] ] with score 60
12-28 21:44:57.610  1456  2054 D WIFI_UT : got request NetworkRequest [ TRACK_DEFAULT id=14655, [ Capabilities: INTERNET&NOT_RESTRICTED&TRUSTED&NOT_VPN] ] with score 60
12-28 21:44:57.610  1456  2054 D WIFI    : got request NetworkRequest [ TRACK_DEFAULT id=14655, [ Capabilities: INTERNET&NOT_RESTRICTED&TRUSTED&NOT_VPN] ] with score 60
12-28 21:44:57.610  2398  2398 D PhoneSwitcherNetworkRequstListener: got request NetworkRequest [ TRACK_DEFAULT id=14655, [ Capabilities: INTERNET&NOT_RESTRICTED&TRUSTED&NOT_VPN] ] with score 60
12-28 21:44:57.641 30126 30312 I chatty  : uid=10645(org.mozilla.fenix.performancetest) expire 9 lines
12-28 21:44:57.656  1456  1466 I zygote  : NativeAlloc concurrent copying GC freed 35067(1929KB) AllocSpace objects, 15(556KB) LOS objects, 42% free, 30MB/53MB, paused 154us total 287.872ms
12-28 21:44:58.166 30126 30142 I chatty  : uid=10645(org.mozilla.fenix.performancetest) expire 1 line
12-28 21:44:58.175  1456  2067 D ConnectivityService: releasing NetworkRequest [ TRACK_DEFAULT id=14655, [ Capabilities: INTERNET&NOT_RESTRICTED&TRUSTED&NOT_VPN] ] (release request)
12-28 21:45:02.006  1456  2401 I ActivityManager: Force stopping org.mozilla.fenix.performancetest appid=10645 user=0: from pid 30317
12-28 21:45:02.007  1456  2401 I ActivityManager: Killing 30126:org.mozilla.fenix.performancetest/u0a645 (adj 700): stop org.mozilla.fenix.performancetest
12-28 21:45:02.009  1456  1605 W zygote  : kill(-30126, 9) failed: No such process
12-28 21:45:02.010  1456  2401 W ActivityManager: Force removing ActivityRecord{cc27fbd u0 org.mozilla.fenix.performancetest/org.mozilla.fenix.HomeActivity t13625}: app died, no saved state
12-28 21:45:02.022  1456  1605 W zygote  : kill(-30126, 9) failed: No such process
12-28 21:45:02.023  1456  2401 I ActivityManager: Killing 30167:org.mozilla.fenix.performancetest:tab/u0a645 (adj 0): stop org.mozilla.fenix.performancetest
12-28 21:45:02.028 27888 27888 I Finsky  : [2] puo.onTrimMemory(1): Memory trim requested to level 80
12-28 21:45:02.035  2398  2398 D CarrierSvcBindHelper: No carrier app for: 0
12-28 21:45:02.036  2398  2398 D CarrierSvcBindHelper: No carrier app for: 1
12-28 21:45:02.037  1456  1605 W zygote  : kill(-30126, 9) failed: No such process
12-28 21:45:02.101  1456  1673 W ActivityManager: setHasOverlayUi called on unknown pid: 30126
12-28 21:45:02.102  1456  1605 I chatty  : uid=1000(system) ActivityManager identical 4 lines
12-28 21:45:02.118  1456  1605 W zygote  : kill(-30126, 9) failed: No such process
12-28 21:45:02.118  1456  1605 I zygote  : Successfully killed process cgroup uid 10645 pid 30126 in 109ms
12-28 21:45:02.118  1456  1605 W zygote  : kill(-30167, 9) failed: No such process
12-28 21:45:02.118  1456  1605 I zygote  : Successfully killed process cgroup uid 10645 pid 30167 in 0ms
12-28 21:45:02.136  1456  5797 I ActivityManager: START u0 {act=android.intent.action.MAIN cat=[android.intent.category.LAUNCHER] flg=0x10000000 cmp=org.mozilla.fenix.performancetest/org.mozilla.fenix.HomeActivity} from uid 2000
12-28 21:45:02.137   794   839 E ANDR-PERF-RESOURCEQS: Failed to apply optimization [4, 0]
12-28 21:45:02.156  1456  2401 I ActivityManager: Start proc 30324:org.mozilla.fenix.performancetest/u0a645 for activity org.mozilla.fenix.performancetest/org.mozilla.fenix.HomeActivity
12-28 21:45:02.161 30324 30324 I chatty  : uid=10645(org.mozilla.fenix.performancetest) expire 55 lines
12-28 21:45:02.262 23700 23889 I MicroDetectionState: Should stop hotword detection immediately - false
12-28 21:45:02.263 23700 23889 I MicroDetector: Keeping mic open: false
12-28 21:45:02.263 23700 23812 E DeviceStateChecker: DeviceStateChecker cancelled
12-28 21:45:02.263 23700 23889 I RecognitionAudioControl: #shutdownAudio [requestId: -2446480031859664136, keepAudioOpen: false, forced: true]
12-28 21:45:02.264 23700 23889 I RecognitionAudioControl: #internalShutdownAudio [requestId: -2446480031859664136]
12-28 21:45:02.264 23700 23889 I RecognitionAudioControl: #internalShutdownAudio [keepAudioOpen: false, forced: true]
12-28 21:45:02.264 23700 23889 I RecognitionAudioControl: #actualShutdownAudio
12-28 21:45:02.264 23700 23889 I AudioController: #shutdown [requestId=-2446480031859664136]
12-28 21:45:02.265 23700 27434 I AudioController: internalShutdown
12-28 21:45:02.265 23700 27433 I MicroRecognitionRunner: Stopping hotword detection.
12-28 21:45:02.312   788  1401 D audio_hw_primary: disable_audio_route: usecase(9) reset and update mixer path: audio-record
12-28 21:45:02.313   788  1401 D audio_hw_primary: disable_snd_device: snd_device(120: voice-rec-mic)
12-28 21:45:02.315  1012  1012 D APM_AudioPolicyManager: stopInput() input 59526, session 59577
12-28 21:45:02.315   788  1401 D audio_hw_primary: in_set_parameters: enter: kvpairs=routing=0
12-28 21:45:02.318 23700 27434 I MicrophoneInputStream: mic_close  SR : 16000 CC : 16 SO : 1999
12-28 21:45:02.319 23700 27434 E AudioSource: Stop listening is called on already closed AudioSource
12-28 21:45:02.321 23700 27114 I MicroRecognitionRunner: Detection finished
12-28 21:45:02.395 30324 30341 I chatty  : uid=10645(org.mozilla.fenix.performancetest) expire 13 lines
12-28 21:45:02.609 30324 30353 I chatty  : uid=10645(org.mozilla.fenix.performancetest) expire 23 lines
12-28 21:45:02.739 30324 30362 I chatty  : uid=10645(org.mozilla.fenix.performancetest) expire 10 lines
12-28 21:45:02.742  1456  2401 I ActivityManager: Start proc 30363:org.mozilla.fenix.performancetest:tab/u0a645 for service org.mozilla.fenix.performancetest/org.mozilla.gecko.process.GeckoServiceChildProcess$tab
12-28 21:45:02.750 30363 30363 I chatty  : uid=10645(org.mozilla.fenix.performancetest) expire 2 lines
12-28 21:45:02.919 30363 30388 I chatty  : uid=10645(org.mozilla.fenix.performancetest) expire 1 line
12-28 21:45:03.050 30324 30329 I chatty  : uid=10645(org.mozilla.fenix.performancetest) expire 6 lines
12-28 21:45:03.292 29827 29878 I zygote  : Deoptimizing java.lang.Object bisn.a(java.lang.Object) due to JIT inline cache
12-28 21:45:03.443 30324 30419 I chatty  : uid=10645(org.mozilla.fenix.performancetest) expire 5 lines
12-28 21:45:03.847 30324 30324 I chatty  : uid=10645(org.mozilla.fenix.performancetest) expire 15 lines
12-28 21:45:03.890  1456  3927 I WifiService: getDhcpInfo uid=10645
12-28 21:45:03.913 30324 30353 I chatty  : uid=10645(org.mozilla.fenix.performancetest) expire 69 lines
12-28 21:45:04.375 30324 30329 I chatty  : uid=10645(org.mozilla.fenix.performancetest) expire 5 lines
12-28 21:45:04.481 30324 30464 I chatty  : uid=10645(org.mozilla.fenix.performancetest) expire 2 lines
12-28 21:45:04.893  1456  1673 I LaunchCheckinHandler: Displayed org.mozilla.fenix.performancetest/org.mozilla.fenix.HomeActivity,cp,ca,2749
12-28 21:45:04.893  1456  1673 I ActivityManager: Displayed org.mozilla.fenix.performancetest/org.mozilla.fenix.HomeActivity: +2s744ms
12-28 21:45:04.954 30324 30492 I chatty  : uid=10645(org.mozilla.fenix.performancetest) expire 4 lines
12-28 21:45:05.007 23700 23700 I MemoryTrimmer: Trimming objects from memory, since app is in the background.
12-28 21:45:05.013 27888 27888 I Finsky  : [2] puo.onTrimMemory(1): Memory trim requested to level 80
12-28 21:45:05.019 23700 23700 I MemoryTrimmer: Trimming objects from memory, since app is in the background.
12-28 21:45:05.025 23700 27115 I PBSessionCacheImpl: Deleted sessionId[104235279871151907] from persistence.
12-28 21:45:05.036  1456  3927 I WifiService: getWifiEnabledState uid=10073
12-28 21:45:05.053 23700 23889 W SearchServiceCore: Abort, client detached.
12-28 21:45:05.083   808   808 I SFPerfTracer:      triggers: (rate: 49:55829) (compose: 0:5) (post: 0:13) (render: 0:9) (0:1434064 frames) (1:2481185)
12-28 21:45:05.083   808   808 D SFPerfTracer:        layers: (3:11) (NavigationBar#0 (0xb07df000): 0:327332) (StatusBar#0 (0xb07e3000): 0:1017263) (com.android.systemui.ImageWallpaper#0 (0xb07e7000): 0:25710)* (Sprite#0 (0xb0733000): 0:317)* (DimLayerController/Stack=0#0 (0xb075a000): 0:3501)* (Sprite#1 (0xb077c000): 0:195)* (org.mozilla.fenix.performancetest/org.mozilla.fenix.HomeActivity#0 (0xb039b000): 0:45)- (com.android.launcher3/com.android.launcher3.CustomizationPanelLauncher#0 (0xb0763000): 0:40)- (com.android.launcher3/com.android.launcher3.CustomizationPanelLauncher#1 (0xb0771000): 0:13)- (Splash Screen org.mozilla.fenix.performancetest#0 (0xb0384000): 1:31)* (org.mozilla.fenix.performancetest/org.mozilla.fenix.HomeActivity#0 (0xb039b000): 1:13) 
12-28 21:45:05.280   808   898 I SFPerfTracer:      triggers: (rate: 0:0) (0 sw vsyncs) (0 skipped) (17:1296882 vsyncs) (19:2510365)
12-28 21:45:05.415 30324 30358 I chatty  : uid=10645(org.mozilla.fenix.performancetest) expire 1 line
12-28 21:45:07.798 30496 30496 D AndroidRuntime: >>>>>> START com.android.internal.os.RuntimeInit uid 2000 <<<<<<
12-28 21:45:07.810 30496 30496 W app_process: Could not reserve sentinel fault page
12-28 21:45:07.976 30496 30496 I app_process: The ClassLoaderContext is a special shared library.
12-28 21:45:08.041 30496 30496 D AndroidRuntime: Calling main entry com.android.commands.input.Input
12-28 21:45:08.047 30496 30496 I Input   : injectKeyEvent: KeyEvent { action=ACTION_DOWN, keyCode=KEYCODE_HOME, scanCode=0, metaState=0, flags=0x0, repeatCount=0, eventTime=10034736774, downTime=10034736774, deviceId=-1, source=0x101 }
12-28 21:45:08.053 30496 30496 I Input   : injectKeyEvent: KeyEvent { action=ACTION_UP, keyCode=KEYCODE_HOME, scanCode=0, metaState=0, flags=0x0, repeatCount=0, eventTime=10034736774, downTime=10034736774, deviceId=-1, source=0x101 }
12-28 21:45:08.060  1456  1941 I ActivityManager: START u0 {act=android.intent.action.MAIN cat=[android.intent.category.HOME] flg=0x10200000 cmp=com.android.launcher3/.CustomizationPanelLauncher (has extras)} from uid 1000
12-28 21:45:08.060   794   839 E ANDR-PERF-RESOURCEQS: Failed to apply optimization [4, 0]
12-28 21:45:08.071  1456  1941 I ActivityManager: moveHomeStack, setupComplete:true
12-28 21:45:08.077 23700 23821 I Adreno  : QUALCOMM build                   : bb5b86c, I77d3059488
12-28 21:45:08.077 23700 23821 I Adreno  : Build Date                       : 06/07/18
12-28 21:45:08.077 23700 23821 I Adreno  : OpenGL ES Shader Compiler Version: EV031.22.00.01_06
12-28 21:45:08.077 23700 23821 I Adreno  : Local Branch                     : 
12-28 21:45:08.077 23700 23821 I Adreno  : Remote Branch                    : refs/tags/AU_LINUX_ANDROID_LA.UM.6.5.R1.08.01.00.312.086
12-28 21:45:08.077 23700 23821 I Adreno  : Remote Branch                    : NONE
12-28 21:45:08.077 23700 23821 I Adreno  : Reconstruct Branch               : NOTHING
12-28 21:45:08.079 23700 23821 D vndksupport: Loading /vendor/lib/hw/gralloc.msm8937.so from current namespace instead of sphal namespace.
12-28 21:45:08.080 30496 30496 D AndroidRuntime: Shutting down VM
12-28 21:45:08.082 23700 23821 I Adreno  : PFP: 0x005ff087, ME: 0x005ff063
12-28 21:45:08.086 23700 23821 I zygote  : android::hardware::configstore::V1_0::ISurfaceFlingerConfigs::hasWideColorDisplay retrieved: 0
12-28 21:45:08.087 23700 23821 I OpenGLRenderer: Initialized EGL, version 1.4
12-28 21:45:08.087 23700 23821 D OpenGLRenderer: Swap behavior 2
12-28 21:45:08.096  2748  2748 D Launcher.Utilities: Wakeup weather: Intent { act=com.motorola.launcher3.action.WAKEUP_WEATHER cmp=com.motorola.timeweatherwidget/com.motorola.commandcenter.weather.WakeUpService }
12-28 21:45:08.112  1456  1456 I NotificationService: Cannot find enqueued record for key: 0|com.motorola.timeweatherwidget|1|null|10116
12-28 21:45:08.113   808   808 D SurfaceFlinger: duplicate layer name: changing com.android.launcher3/com.android.launcher3.CustomizationPanelLauncher to com.android.launcher3/com.android.launcher3.CustomizationPanelLauncher#1
12-28 21:45:08.134 23700 23812 W ThreadPoolDumper: Queue length for executor EventBus is now 11. Perhaps some tasks are too long, or the pool is too small.
12-28 21:45:08.138  1456  2402 I WifiService: getWifiEnabledState uid=10073
12-28 21:45:08.151  1456  2402 I WifiService: getWifiEnabledState uid=10073
12-28 21:45:08.195  1456  1673 I LaunchCheckinHandler: Displayed com.android.launcher3/.CustomizationPanelLauncher,wp,wa,135
12-28 21:45:08.219 23700 23889 I MicroDetectionState: Should stop hotword detection immediately - false
12-28 21:45:08.229 23700 23889 I MicroDetectionWorker: #startMicroDetector [speakerMode: 0]
12-28 21:45:08.232 23700 23889 I AudioController: Created new AudioSource
12-28 21:45:08.238 23700 23889 I MicroDetectionWorker: onReady
12-28 21:45:08.240 23700 27434 I MicroDataManager: isInitializedWithLatestParams-true
12-28 21:45:08.240 23700 27434 I MicroDataManager: isInitializing-false locale not changed-true model not changed-true
12-28 21:45:08.244 23700 27434 I MicroDataManager: Already initialized, obtaining the hotword data immediately.
12-28 21:45:08.252 23700 27113 I MicroRecognitionRunner: Starting detection.
12-28 21:45:08.253 23700 27113 I InputStreamUtils: Using micInputStream
12-28 21:45:08.254 23700 27115 I MicrophoneInputStream: mic_starting  SR : 16000 CC : 16 SO : 1999
12-28 21:45:08.259   788  1401 V msm8974_platform: platform_check_input_mask: enter check_input_mask source 6 mask 10
12-28 21:45:08.262  1012 30510 I AudioFlinger: AudioFlinger's thread 0xb2483800 tid=30510 ready to run
12-28 21:45:08.268   788  1401 D audio_hw_primary: in_set_parameters: enter: kvpairs=input_source=6;routing=-2147483644
12-28 21:45:08.269  1012  4818 D APM_AudioPolicyManager: AudioPolicyManager::startInput() input 59534, session 59585, source = 1999
12-28 21:45:08.271   788 30511 V msm8974_platform: platform_update_usecase_from_source: input source :6
12-28 21:45:08.271   788 30511 V msm8974_platform: platform_check_input_mask: enter check_input_mask source 6 mask 10
12-28 21:45:08.271   788 30511 V msm8974_platform: platform_get_input_snd_device: enter: out_device(0) in_device(0x4) channel_count (1) channel_mask (0x10)
12-28 21:45:08.272   788 30511 V msm8974_platform: platform_get_input_snd_device: exit: in_snd_device(voice-rec-mic)
12-28 21:45:08.272   788 30511 V msm8974_platform: platform_get_backend_index:napb: backend port - 5 device - 120 
12-28 21:45:08.272   788 30511 V msm8974_platform: platform_check_and_set_capture_backend_cfg:txbecf: afe: bitwidth 0, samplerate 0, channel 1, backend_idx 5 usecase = 9 device (voice-rec-mic)
12-28 21:45:08.272   788 30511 V msm8974_platform: platform_check_capture_backend_cfg:txbecf: afe: Codec selected backend: 5 current bit width: 0 and sample rate: 0, channels 1
12-28 21:45:08.272   788 30511 V msm8974_platform: platform_check_capture_backend_cfg:txbecf: afe: Codec selected backend: 5 updated bit width: 0 and sample rate: 0
12-28 21:45:08.272   788 30511 I msm8974_platform: platform_check_capture_backend_cfg:txbecf: afe: Codec backend needs to be updated. new bit width: 0 new sample rate: 0 new channel: 1
12-28 21:45:08.272   788 30511 V msm8974_platform: platform_get_backend_index:napb: backend port - 5 device - 120 
12-28 21:45:08.272   788 30511 V msm8974_platform: platform_set_backend_cfg:becf: afe: bitwidth 0, samplerate 0 channels 1, backend_idx 5 device (voice-rec-mic)
12-28 21:45:08.272   788 30511 E msm8974_platform: platform_set_backend_cfg:becf: afe: Could not get ctl for mixer command - SLIM_0_TX Format
12-28 21:45:08.272   788 30511 V msm8974_platform: platform_send_audio_calibration: sending audio calibration for snd_device(120) acdb_id(62)
12-28 21:45:08.272   788 30511 D ACDB-LOADER: ACDB -> send_audio_cal, acdb_id = 62, path = 1, app id = 0x11130, sample rate = 48000
12-28 21:45:08.272   788 30511 D ACDB-LOADER: ACDB -> send_asm_topology
12-28 21:45:08.272   788 30511 D ACDB-LOADER: ACDB -> ACDB_CMD_GET_AUDPROC_STREAM_TOPOLOGY_ID
12-28 21:45:08.273   788 30511 D ACDB-LOADER: ACDB -> send_adm_topology
12-28 21:45:08.273   788 30511 D ACDB-LOADER: ACDB -> ACDB_CMD_GET_AUDPROC_COMMON_TOPOLOGY_ID
12-28 21:45:08.273   788 30511 D ACDB-LOADER: ACDB -> send_audtable
12-28 21:45:08.273   788 30511 D ACDB-LOADER: ACDB -> ACDB_CMD_GET_AUDPROC_COMMON_TABLE_SIZE
12-28 21:45:08.273   788 30511 D ACDB-LOADER: ACDB -> ACDB_CMD_GET_AUDPROC_COMMON_TABLE
12-28 21:45:08.273 23700 27115 I MicrophoneInputStream: mic_started  SR : 16000 CC : 16 SO : 1999
12-28 21:45:08.274   788 30511 D ACDB-LOADER: ACDB -> AUDIO_SET_AUDPROC_CAL
12-28 21:45:08.274   788 30511 D ACDB-LOADER: ACDB -> send_audvoltable
12-28 21:45:08.274   788 30511 D ACDB-LOADER: ACDB -> ACDB_CMD_GET_AUDPROC_VOL_STEP_TABLE_SIZE
12-28 21:45:08.274   788 30511 D ACDB-LOADER: ACDB -> ACDB_CMD_GET_AUDPROC_GAIN_DEP_STEP_TABLE, vol index 0
12-28 21:45:08.274   788 30511 D         : Failed to fetch the lookup information of the device 0000003E 
12-28 21:45:08.274   788 30511 D ACDB-LOADER: ACDB -> AUDIO_SET_VOL_CAL cal type = 12
12-28 21:45:08.274   788 30511 D ACDB-LOADER: ACDB -> ACDB_CMD_GET_AUDPROC_STREAM_TABLE_SIZE
12-28 21:45:08.274   788 30511 D ACDB-LOADER: ACDB -> send_audstrmtable
12-28 21:45:08.274   788 30511 D ACDB-LOADER: ACDB -> ACDB_CMD_GET_AUDPROC_STREAM_TABLE_V2
12-28 21:45:08.274   788 30511 D ACDB-LOADER: ACDB -> audstrm_cal->cal_type.cal_data.cal_size = 456
12-28 21:45:08.274   788 30511 D ACDB-LOADER: ACDB -> send_afe_topology
12-28 21:45:08.274   788 30511 D ACDB-LOADER: ACDB -> ACDB_CMD_GET_AFE_TOPOLOGY_ID
12-28 21:45:08.274   788 30511 D ACDB-LOADER: ACDB -> GET_AFE_TOPOLOGY_ID for adcd_id 62, Topology Id 112fb
12-28 21:45:08.274   788 30511 D ACDB-LOADER: ACDB -> send_afe_cal
12-28 21:45:08.274   788 30511 D ACDB-LOADER: ACDB -> ACDB_CMD_GET_AFE_COMMON_TABLE_SIZE
12-28 21:45:08.274   788 30511 D         : Failed to fetch the lookup information of the device 0000003E 
12-28 21:45:08.274   788 30511 E ACDB-LOADER: Error: ACDB_CMD_GET_AFE_COMMON_TABLE_SIZE Returned = -19
12-28 21:45:08.274   788 30511 D ACDB-LOADER: ACDB -> ACDB_CMD_GET_AFE_COMMON_TABLE
12-28 21:45:08.274   788 30511 D         : Failed to fetch the lookup information of the device 0000003E 
12-28 21:45:08.274   788 30511 D ACDB-LOADER: ACDB -> AUDIO_SET_AFE_CAL
12-28 21:45:08.274   788 30511 D ACDB-LOADER: ACDB -> send_hw_delay : acdb_id = 62 path = 1
12-28 21:45:08.274   788 30511 D ACDB-LOADER: ACDB -> ACDB_AVSYNC_INFO: ACDB_CMD_GET_DEVICE_PROPERTY
12-28 21:45:08.275   788 30511 D audio_hw_primary: enable_snd_device: snd_device(120: voice-rec-mic)
12-28 21:45:08.275   788 30511 D audio_route: Apply path: voice-rec-mic
12-28 21:45:08.278   788 30511 V msm8974_platform: platform_get_snd_device_backend_index: enter with device 120
12-28 21:45:08.278   788 30511 E msm8974_platform: platform_get_snd_device_backend_index: BE DAI Name Table is not present
12-28 21:45:08.278   788 30511 V msm8974_platform: platform_get_backend_index:napb: backend port - 5 device - 120 
12-28 21:45:08.278   788 30511 I audio_hw_utils: Set Audio Stream Capture 0 App Type Cfg: app_type 69936, acdb_dev_id 62, sample_rate 48000, snd_device_be_idx -14
12-28 21:45:08.279   788 30511 D audio_hw_primary: enable_audio_route: usecase(9) apply and update mixer path: audio-record
12-28 21:45:08.279   788 30511 D audio_route: Apply path: audio-record
12-28 21:45:08.322  2146  2165 I zygote  : NativeAlloc concurrent copying GC freed 20008(1053KB) AllocSpace objects, 0(0B) LOS objects, 49% free, 8MB/16MB, paused 113us total 119.679ms
12-28 21:45:08.348 23700 23889 I MicroDetectionWorker: onReady
12-28 21:45:08.595  1456  7796 I OpenGLRenderer: Initialized EGL, version 1.4
12-28 21:45:08.596  1456  7796 D OpenGLRenderer: Swap behavior 2
12-28 21:45:08.642  2748  2917 W OpenGLRenderer: Incorrectly called buildLayer on View: ShortcutAndWidgetContainer, destroying layer...
12-28 21:45:08.774 30324 30341 I chatty  : uid=10645(org.mozilla.fenix.performancetest) expire 1 line
12-28 21:45:08.793 30324 30430 I chatty  : uid=10645(org.mozilla.fenix.performancetest) expire 6 lines
12-28 21:45:08.852 27888 27888 I Finsky  : [2] puo.onTrimMemory(1): Memory trim requested to level 80
12-28 21:45:08.861  1456  5797 D ConnectivityService: requestNetwork for uid/pid:10645/30324 NetworkRequest [ TRACK_DEFAULT id=14656, [ Capabilities: INTERNET&NOT_RESTRICTED&TRUSTED&NOT_VPN] ]
12-28 21:45:08.862  1456  2099 D Ethernet: got request NetworkRequest [ TRACK_DEFAULT id=14656, [ Capabilities: INTERNET&NOT_RESTRICTED&TRUSTED&NOT_VPN] ] with score 60
12-28 21:45:08.862  1456  2054 D WIFI_UT : got request NetworkRequest [ TRACK_DEFAULT id=14656, [ Capabilities: INTERNET&NOT_RESTRICTED&TRUSTED&NOT_VPN] ] with score 60
12-28 21:45:08.863  1456  2054 D WIFI    : got request NetworkRequest [ TRACK_DEFAULT id=14656, [ Capabilities: INTERNET&NOT_RESTRICTED&TRUSTED&NOT_VPN] ] with score 60
12-28 21:45:08.863  2398  2398 D PhoneSwitcherNetworkRequstListener: got request NetworkRequest [ TRACK_DEFAULT id=14656, [ Capabilities: INTERNET&NOT_RESTRICTED&TRUSTED&NOT_VPN] ] with score 60
12-28 21:45:08.889 30324 30513 I chatty  : uid=10645(org.mozilla.fenix.performancetest) expire 9 lines
12-28 21:45:09.420 30324 30360 I chatty  : uid=10645(org.mozilla.fenix.performancetest) expire 1 line
12-28 21:45:09.429  1456  2067 D ConnectivityService: releasing NetworkRequest [ TRACK_DEFAULT id=14656, [ Capabilities: INTERNET&NOT_RESTRICTED&TRUSTED&NOT_VPN] ] (release request)
12-28 21:45:11.778  2398  2398 D QtiCarrierConfigHelper: WARNING, no carrier configs on phone Id: 0
12-28 21:45:13.244  1456  5797 I ActivityManager: Force stopping org.mozilla.fenix.performancetest appid=10645 user=0: from pid 30517
12-28 21:45:13.245  1456  5797 I ActivityManager: Killing 30324:org.mozilla.fenix.performancetest/u0a645 (adj 700): stop org.mozilla.fenix.performancetest
12-28 21:45:13.247  1456  5797 W ActivityManager: Force removing ActivityRecord{a992db1 u0 org.mozilla.fenix.performancetest/org.mozilla.fenix.HomeActivity t13626}: app died, no saved state
12-28 21:45:13.248  1456  1605 W zygote  : kill(-30324, 9) failed: No such process
12-28 21:45:13.248 30363 30363 I chatty  : uid=10645(org.mozilla.fenix.performancetest) expire 1 line
12-28 21:45:13.256  1456  5797 I ActivityManager: Killing 30363:org.mozilla.fenix.performancetest:tab/u0a645 (adj 0): stop org.mozilla.fenix.performancetest
12-28 21:45:13.267  1456  1605 W zygote  : kill(-30324, 9) failed: No such process
12-28 21:45:13.267  2398  2398 D CarrierSvcBindHelper: No carrier app for: 0
12-28 21:45:13.268  2398  2398 D CarrierSvcBindHelper: No carrier app for: 1
12-28 21:45:13.282  1456  1605 W zygote  : kill(-30324, 9) failed: No such process
12-28 21:45:13.313  1456  1605 I chatty  : uid=1000(system) ActivityManager identical 2 lines
12-28 21:45:13.323  1456  1673 W ActivityManager: setHasOverlayUi called on unknown pid: 30324
12-28 21:45:13.329  1456  1605 W zygote  : kill(-30324, 9) failed: No such process
12-28 21:45:13.329  1456  1605 I zygote  : Successfully killed process cgroup uid 10645 pid 30324 in 81ms
12-28 21:45:13.329  1456  1605 W zygote  : kill(-30363, 9) failed: No such process
12-28 21:45:13.329  1456  1605 I zygote  : Successfully killed process cgroup uid 10645 pid 30363 in 0ms
12-28 21:45:13.364  1456  7556 I ActivityManager: START u0 {act=android.intent.action.MAIN cat=[android.intent.category.LAUNCHER] flg=0x10000000 cmp=org.mozilla.fenix.performancetest/org.mozilla.fenix.HomeActivity} from uid 2000
12-28 21:45:13.364   794   839 E ANDR-PERF-RESOURCEQS: Failed to apply optimization [4, 0]
12-28 21:45:13.384  1456  5031 I ActivityManager: Start proc 30524:org.mozilla.fenix.performancetest/u0a645 for activity org.mozilla.fenix.performancetest/org.mozilla.fenix.HomeActivity
12-28 21:45:13.388 30524 30524 I chatty  : uid=10645(org.mozilla.fenix.performancetest) expire 70 lines
12-28 21:45:13.489 23700 23889 I MicroDetectionState: Should stop hotword detection immediately - false
12-28 21:45:13.490 23700 23889 I MicroDetector: Keeping mic open: false
12-28 21:45:13.490 23700 27114 E DeviceStateChecker: DeviceStateChecker cancelled
12-28 21:45:13.491 23700 23889 I RecognitionAudioControl: #shutdownAudio [requestId: -8294103447597417319, keepAudioOpen: false, forced: true]
12-28 21:45:13.492 23700 23889 I RecognitionAudioControl: #internalShutdownAudio [requestId: -8294103447597417319]
12-28 21:45:13.492 23700 23889 I RecognitionAudioControl: #internalShutdownAudio [keepAudioOpen: false, forced: true]
12-28 21:45:13.492 23700 23889 I RecognitionAudioControl: #actualShutdownAudio
12-28 21:45:13.492 23700 23889 I AudioController: #shutdown [requestId=-8294103447597417319]
12-28 21:45:13.493 23700 27434 I AudioController: internalShutdown
12-28 21:45:13.494 23700 27433 I MicroRecognitionRunner: Stopping hotword detection.
12-28 21:45:13.500 23700 27113 I MicroRecognitionRunner: Detection finished
12-28 21:45:13.549   788  1401 D audio_hw_primary: disable_audio_route: usecase(9) reset and update mixer path: audio-record
12-28 21:45:13.550   788  1401 D audio_hw_primary: disable_snd_device: snd_device(120: voice-rec-mic)
12-28 21:45:13.551  1012  1390 D APM_AudioPolicyManager: stopInput() input 59534, session 59585
12-28 21:45:13.552   788  1401 D audio_hw_primary: in_set_parameters: enter: kvpairs=routing=0
12-28 21:45:13.555 23700 27434 I MicrophoneInputStream: mic_close  SR : 16000 CC : 16 SO : 1999
12-28 21:45:13.556 23700 27434 E AudioSource: Stop listening is called on already closed AudioSource
12-28 21:45:13.625 30524 30541 I chatty  : uid=10645(org.mozilla.fenix.performancetest) expire 13 lines
12-28 21:45:13.839 30524 30553 I chatty  : uid=10645(org.mozilla.fenix.performancetest) expire 92 lines
12-28 21:45:13.974 30524 30565 I chatty  : uid=10645(org.mozilla.fenix.performancetest) expire 10 lines
12-28 21:45:13.980  1456  2916 I ActivityManager: Start proc 30563:org.mozilla.fenix.performancetest:tab/u0a645 for service org.mozilla.fenix.performancetest/org.mozilla.gecko.process.GeckoServiceChildProcess$tab
12-28 21:45:13.981 30563 30563 I chatty  : uid=10645(org.mozilla.fenix.performancetest) expire 2 lines
12-28 21:45:14.145 30563 30587 I chatty  : uid=10645(org.mozilla.fenix.performancetest) expire 1 line
12-28 21:45:14.281 30524 30529 I chatty  : uid=10645(org.mozilla.fenix.performancetest) expire 11 lines
12-28 21:45:14.670 30524 30616 I chatty  : uid=10645(org.mozilla.fenix.performancetest) expire 5 lines
12-28 21:45:15.100  1456  6339 I WifiService: getDhcpInfo uid=10645
12-28 21:45:15.693 30524 30661 I chatty  : uid=10645(org.mozilla.fenix.performancetest) expire 2 lines
12-28 21:45:16.110  1456  1673 I LaunchCheckinHandler: Displayed org.mozilla.fenix.performancetest/org.mozilla.fenix.HomeActivity,cp,ca,2737
12-28 21:45:16.111  1456  1673 I ActivityManager: Displayed org.mozilla.fenix.performancetest/org.mozilla.fenix.HomeActivity: +2s732ms
12-28 21:45:16.173 30524 30688 I chatty  : uid=10645(org.mozilla.fenix.performancetest) expire 4 lines
12-28 21:45:16.231 23700 23700 I MemoryTrimmer: Trimming objects from memory, since app is in the background.
12-28 21:45:16.237 27888 27888 I Finsky  : [2] puo.onTrimMemory(1): Memory trim requested to level 80
12-28 21:45:16.240 23700 23700 I MemoryTrimmer: Trimming objects from memory, since app is in the background.
12-28 21:45:16.248 23700 27115 I PBSessionCacheImpl: Deleted sessionId[104235279871151912] from persistence.
12-28 21:45:16.255  1456  2916 I WifiService: getWifiEnabledState uid=10073
12-28 21:45:16.272 23700 23889 W SearchServiceCore: Abort, client detached.
12-28 21:45:16.498   808   808 I SFPerfTracer:      triggers: (rate: 49:55830) (compose: 0:5) (post: 0:13) (render: 0:9) (7:1434142 frames) (8:2481292)
12-28 21:45:16.499   808   808 D SFPerfTracer:        layers: (3:11) (NavigationBar#0 (0xb07df000): 0:327354) (StatusBar#0 (0xb07e3000): 0:1017287) (com.android.systemui.ImageWallpaper#0 (0xb07e7000): 0:25712)* (Sprite#0 (0xb0733000): 0:317)* (DimLayerController/Stack=0#0 (0xb075a000): 0:3501)* (Sprite#1 (0xb077c000): 0:195)* (org.mozilla.fenix.performancetest/org.mozilla.fenix.HomeActivity#0 (0xb039b000): 0:46)- (com.android.launcher3/com.android.launcher3.CustomizationPanelLauncher#0 (0xb0763000): 0:42)- (com.android.launcher3/com.android.launcher3.CustomizationPanelLauncher#1 (0xb0771000): 0:10)- (Splash Screen org.mozilla.fenix.performancetest#0 (0xb0384000): 0:32)- (org.mozilla.fenix.performancetest/org.mozilla.fenix.HomeActivity#0 (0xb039b000): 7:20) 
12-28 21:45:16.508 30524 30540 I chatty  : uid=10645(org.mozilla.fenix.performancetest) expire 2 lines
12-28 21:45:19.021 30694 30694 D AndroidRuntime: >>>>>> START com.android.internal.os.RuntimeInit uid 2000 <<<<<<
12-28 21:45:19.034 30694 30694 W app_process: Could not reserve sentinel fault page
12-28 21:45:19.200 30694 30694 I app_process: The ClassLoaderContext is a special shared library.
12-28 21:45:19.273 30694 30694 D AndroidRuntime: Calling main entry com.android.commands.input.Input
12-28 21:45:19.280 30694 30694 I Input   : injectKeyEvent: KeyEvent { action=ACTION_DOWN, keyCode=KEYCODE_HOME, scanCode=0, metaState=0, flags=0x0, repeatCount=0, eventTime=10034748002, downTime=10034748002, deviceId=-1, source=0x101 }
12-28 21:45:19.287 30694 30694 I Input   : injectKeyEvent: KeyEvent { action=ACTION_UP, keyCode=KEYCODE_HOME, scanCode=0, metaState=0, flags=0x0, repeatCount=0, eventTime=10034748002, downTime=10034748002, deviceId=-1, source=0x101 }
12-28 21:45:19.293  1456  1941 I ActivityManager: START u0 {act=android.intent.action.MAIN cat=[android.intent.category.HOME] flg=0x10200000 cmp=com.android.launcher3/.CustomizationPanelLauncher (has extras)} from uid 1000
12-28 21:45:19.293   794   839 E ANDR-PERF-RESOURCEQS: Failed to apply optimization [4, 0]
12-28 21:45:19.304  1456  1941 I ActivityManager: moveHomeStack, setupComplete:true
12-28 21:45:19.307 30694 30694 D AndroidRuntime: Shutting down VM
12-28 21:45:19.315   808   898 I SFPerfTracer:      triggers: (rate: 0:0) (0 sw vsyncs) (0 skipped) (0:1296960 vsyncs) (1:2510466)
12-28 21:45:19.324 23700 23821 I Adreno  : QUALCOMM build                   : bb5b86c, I77d3059488
12-28 21:45:19.324 23700 23821 I Adreno  : Build Date                       : 06/07/18
12-28 21:45:19.324 23700 23821 I Adreno  : OpenGL ES Shader Compiler Version: EV031.22.00.01_06
12-28 21:45:19.324 23700 23821 I Adreno  : Local Branch                     : 
12-28 21:45:19.324 23700 23821 I Adreno  : Remote Branch                    : refs/tags/AU_LINUX_ANDROID_LA.UM.6.5.R1.08.01.00.312.086
12-28 21:45:19.324 23700 23821 I Adreno  : Remote Branch                    : NONE
12-28 21:45:19.324 23700 23821 I Adreno  : Reconstruct Branch               : NOTHING
12-28 21:45:19.328 23700 23821 D vndksupport: Loading /vendor/lib/hw/gralloc.msm8937.so from current namespace instead of sphal namespace.
12-28 21:45:19.332 23700 23821 I Adreno  : PFP: 0x005ff087, ME: 0x005ff063
12-28 21:45:19.333  2748  2748 D Launcher.Utilities: Wakeup weather: Intent { act=com.motorola.launcher3.action.WAKEUP_WEATHER cmp=com.motorola.timeweatherwidget/com.motorola.commandcenter.weather.WakeUpService }
12-28 21:45:19.337 23700 23821 I zygote  : android::hardware::configstore::V1_0::ISurfaceFlingerConfigs::hasWideColorDisplay retrieved: 0
12-28 21:45:19.338 23700 23821 I OpenGLRenderer: Initialized EGL, version 1.4
12-28 21:45:19.339 23700 23821 D OpenGLRenderer: Swap behavior 2
12-28 21:45:19.346  1456  1456 I NotificationService: Cannot find enqueued record for key: 0|com.motorola.timeweatherwidget|1|null|10116
12-28 21:45:19.348   808   808 D SurfaceFlinger: duplicate layer name: changing com.android.launcher3/com.android.launcher3.CustomizationPanelLauncher to com.android.launcher3/com.android.launcher3.CustomizationPanelLauncher#1
12-28 21:45:19.385 23700 27114 W ThreadPoolDumper: Queue length for executor EventBus is now 11. Perhaps some tasks are too long, or the pool is too small.
12-28 21:45:19.388  1456  6339 I WifiService: getWifiEnabledState uid=10073
12-28 21:45:19.398  1456  7556 I WifiService: getWifiEnabledState uid=10073
12-28 21:45:19.420  1456  1673 I LaunchCheckinHandler: Displayed com.android.launcher3/.CustomizationPanelLauncher,wp,wa,126
12-28 21:45:19.465 23700 23889 I MicroDetectionState: Should stop hotword detection immediately - false
12-28 21:45:19.476 23700 23889 I MicroDetectionWorker: #startMicroDetector [speakerMode: 0]
12-28 21:45:19.479 23700 23889 I AudioController: Created new AudioSource
12-28 21:45:19.483 23700 23889 I MicroDetectionWorker: onReady
12-28 21:45:19.485 23700 27081 I MicroDataManager: isInitializedWithLatestParams-true
12-28 21:45:19.485 23700 27081 I MicroDataManager: isInitializing-false locale not changed-true model not changed-true
12-28 21:45:19.489 23700 27081 I MicroDataManager: Already initialized, obtaining the hotword data immediately.
12-28 21:45:19.496 23700 23804 I MicroRecognitionRunner: Starting detection.
12-28 21:45:19.496 23700 23804 I InputStreamUtils: Using micInputStream
12-28 21:45:19.497 23700 27115 I MicrophoneInputStream: mic_starting  SR : 16000 CC : 16 SO : 1999
12-28 21:45:19.500   788  1401 V msm8974_platform: platform_check_input_mask: enter check_input_mask source 6 mask 10
12-28 21:45:19.504  1012 30708 I AudioFlinger: AudioFlinger's thread 0xb2483000 tid=30708 ready to run
12-28 21:45:19.511   788  1401 D audio_hw_primary: in_set_parameters: enter: kvpairs=input_source=6;routing=-2147483644
12-28 21:45:19.512  1012 11031 D APM_AudioPolicyManager: AudioPolicyManager::startInput() input 59542, session 59593, source = 1999
12-28 21:45:19.513 23700 27115 I MicrophoneInputStream: mic_started  SR : 16000 CC : 16 SO : 1999
12-28 21:45:19.514   788 30709 V msm8974_platform: platform_update_usecase_from_source: input source :6
12-28 21:45:19.514   788 30709 V msm8974_platform: platform_check_input_mask: enter check_input_mask source 6 mask 10
12-28 21:45:19.514   788 30709 V msm8974_platform: platform_get_input_snd_device: enter: out_device(0) in_device(0x4) channel_count (1) channel_mask (0x10)
12-28 21:45:19.514   788 30709 V msm8974_platform: platform_get_input_snd_device: exit: in_snd_device(voice-rec-mic)
12-28 21:45:19.514   788 30709 V msm8974_platform: platform_get_backend_index:napb: backend port - 5 device - 120 
12-28 21:45:19.514   788 30709 V msm8974_platform: platform_check_and_set_capture_backend_cfg:txbecf: afe: bitwidth 0, samplerate 0, channel 1, backend_idx 5 usecase = 9 device (voice-rec-mic)
12-28 21:45:19.514   788 30709 V msm8974_platform: platform_check_capture_backend_cfg:txbecf: afe: Codec selected backend: 5 current bit width: 0 and sample rate: 0, channels 1
12-28 21:45:19.514   788 30709 V msm8974_platform: platform_check_capture_backend_cfg:txbecf: afe: Codec selected backend: 5 updated bit width: 0 and sample rate: 0
12-28 21:45:19.514   788 30709 I msm8974_platform: platform_check_capture_backend_cfg:txbecf: afe: Codec backend needs to be updated. new bit width: 0 new sample rate: 0 new channel: 1
12-28 21:45:19.514   788 30709 V msm8974_platform: platform_get_backend_index:napb: backend port - 5 device - 120 
12-28 21:45:19.515   788 30709 V msm8974_platform: platform_set_backend_cfg:becf: afe: bitwidth 0, samplerate 0 channels 1, backend_idx 5 device (voice-rec-mic)
12-28 21:45:19.515   788 30709 E msm8974_platform: platform_set_backend_cfg:becf: afe: Could not get ctl for mixer command - SLIM_0_TX Format
12-28 21:45:19.515   788 30709 V msm8974_platform: platform_send_audio_calibration: sending audio calibration for snd_device(120) acdb_id(62)
12-28 21:45:19.515   788 30709 D ACDB-LOADER: ACDB -> send_audio_cal, acdb_id = 62, path = 1, app id = 0x11130, sample rate = 48000
12-28 21:45:19.515   788 30709 D ACDB-LOADER: ACDB -> send_asm_topology
12-28 21:45:19.515   788 30709 D ACDB-LOADER: ACDB -> ACDB_CMD_GET_AUDPROC_STREAM_TOPOLOGY_ID
12-28 21:45:19.515   788 30709 D ACDB-LOADER: ACDB -> send_adm_topology
12-28 21:45:19.515   788 30709 D ACDB-LOADER: ACDB -> ACDB_CMD_GET_AUDPROC_COMMON_TOPOLOGY_ID
12-28 21:45:19.516   788 30709 D ACDB-LOADER: ACDB -> send_audtable
12-28 21:45:19.516   788 30709 D ACDB-LOADER: ACDB -> ACDB_CMD_GET_AUDPROC_COMMON_TABLE_SIZE
12-28 21:45:19.516   788 30709 D ACDB-LOADER: ACDB -> ACDB_CMD_GET_AUDPROC_COMMON_TABLE
12-28 21:45:19.516   788 30709 D ACDB-LOADER: ACDB -> AUDIO_SET_AUDPROC_CAL
12-28 21:45:19.516   788 30709 D ACDB-LOADER: ACDB -> send_audvoltable
12-28 21:45:19.516   788 30709 D ACDB-LOADER: ACDB -> ACDB_CMD_GET_AUDPROC_VOL_STEP_TABLE_SIZE
12-28 21:45:19.516   788 30709 D ACDB-LOADER: ACDB -> ACDB_CMD_GET_AUDPROC_GAIN_DEP_STEP_TABLE, vol index 0
12-28 21:45:19.516   788 30709 D         : Failed to fetch the lookup information of the device 0000003E 
12-28 21:45:19.516   788 30709 D ACDB-LOADER: ACDB -> AUDIO_SET_VOL_CAL cal type = 12
12-28 21:45:19.516   788 30709 D ACDB-LOADER: ACDB -> ACDB_CMD_GET_AUDPROC_STREAM_TABLE_SIZE
12-28 21:45:19.516   788 30709 D ACDB-LOADER: ACDB -> send_audstrmtable
12-28 21:45:19.516   788 30709 D ACDB-LOADER: ACDB -> ACDB_CMD_GET_AUDPROC_STREAM_TABLE_V2
12-28 21:45:19.516   788 30709 D ACDB-LOADER: ACDB -> audstrm_cal->cal_type.cal_data.cal_size = 456
12-28 21:45:19.516   788 30709 D ACDB-LOADER: ACDB -> send_afe_topology
12-28 21:45:19.516   788 30709 D ACDB-LOADER: ACDB -> ACDB_CMD_GET_AFE_TOPOLOGY_ID
12-28 21:45:19.516   788 30709 D ACDB-LOADER: ACDB -> GET_AFE_TOPOLOGY_ID for adcd_id 62, Topology Id 112fb
12-28 21:45:19.516   788 30709 D ACDB-LOADER: ACDB -> send_afe_cal
12-28 21:45:19.516   788 30709 D ACDB-LOADER: ACDB -> ACDB_CMD_GET_AFE_COMMON_TABLE_SIZE
12-28 21:45:19.516   788 30709 D         : Failed to fetch the lookup information of the device 0000003E 
12-28 21:45:19.516   788 30709 E ACDB-LOADER: Error: ACDB_CMD_GET_AFE_COMMON_TABLE_SIZE Returned = -19
12-28 21:45:19.517   788 30709 D ACDB-LOADER: ACDB -> ACDB_CMD_GET_AFE_COMMON_TABLE
12-28 21:45:19.517   788 30709 D         : Failed to fetch the lookup information of the device 0000003E 
12-28 21:45:19.517   788 30709 D ACDB-LOADER: ACDB -> AUDIO_SET_AFE_CAL
12-28 21:45:19.517   788 30709 D ACDB-LOADER: ACDB -> send_hw_delay : acdb_id = 62 path = 1
12-28 21:45:19.517   788 30709 D ACDB-LOADER: ACDB -> ACDB_AVSYNC_INFO: ACDB_CMD_GET_DEVICE_PROPERTY
12-28 21:45:19.517   788 30709 D audio_hw_primary: enable_snd_device: snd_device(120: voice-rec-mic)
12-28 21:45:19.517   788 30709 D audio_route: Apply path: voice-rec-mic
12-28 21:45:19.519   788 30709 V msm8974_platform: platform_get_snd_device_backend_index: enter with device 120
12-28 21:45:19.520   788 30709 E msm8974_platform: platform_get_snd_device_backend_index: BE DAI Name Table is not present
12-28 21:45:19.520   788 30709 V msm8974_platform: platform_get_backend_index:napb: backend port - 5 device - 120 
12-28 21:45:19.520   788 30709 I audio_hw_utils: Set Audio Stream Capture 0 App Type Cfg: app_type 69936, acdb_dev_id 62, sample_rate 48000, snd_device_be_idx -14
12-28 21:45:19.520   788 30709 D audio_hw_primary: enable_audio_route: usecase(9) apply and update mixer path: audio-record
12-28 21:45:19.520   788 30709 D audio_route: Apply path: audio-record
12-28 21:45:19.590 23700 23889 I MicroDetectionWorker: onReady
12-28 21:45:19.823  1456  7796 I OpenGLRenderer: Initialized EGL, version 1.4
12-28 21:45:19.824  1456  7796 D OpenGLRenderer: Swap behavior 2
12-28 21:45:19.885  2748  2917 W OpenGLRenderer: Incorrectly called buildLayer on View: ShortcutAndWidgetContainer, destroying layer...
12-28 21:45:20.006 30524 30541 I chatty  : uid=10645(org.mozilla.fenix.performancetest) expire 1 line
12-28 21:45:20.017 30524 30627 I chatty  : uid=10645(org.mozilla.fenix.performancetest) expire 6 lines
12-28 21:45:20.073 27888 27888 I Finsky  : [2] puo.onTrimMemory(1): Memory trim requested to level 80
12-28 21:45:20.083  1456  7556 D ConnectivityService: requestNetwork for uid/pid:10645/30524 NetworkRequest [ TRACK_DEFAULT id=14657, [ Capabilities: INTERNET&NOT_RESTRICTED&TRUSTED&NOT_VPN] ]
12-28 21:45:20.084  1456  2099 D Ethernet: got request NetworkRequest [ TRACK_DEFAULT id=14657, [ Capabilities: INTERNET&NOT_RESTRICTED&TRUSTED&NOT_VPN] ] with score 60
12-28 21:45:20.084  1456  2054 D WIFI_UT : got request NetworkRequest [ TRACK_DEFAULT id=14657, [ Capabilities: INTERNET&NOT_RESTRICTED&TRUSTED&NOT_VPN] ] with score 60
12-28 21:45:20.084  1456  2054 D WIFI    : got request NetworkRequest [ TRACK_DEFAULT id=14657, [ Capabilities: INTERNET&NOT_RESTRICTED&TRUSTED&NOT_VPN] ] with score 60
12-28 21:45:20.085  2398  2398 D PhoneSwitcherNetworkRequstListener: got request NetworkRequest [ TRACK_DEFAULT id=14657, [ Capabilities: INTERNET&NOT_RESTRICTED&TRUSTED&NOT_VPN] ] with score 60
12-28 21:45:20.111 30524 30711 I chatty  : uid=10645(org.mozilla.fenix.performancetest) expire 9 lines
12-28 21:45:20.114  1456  1466 I zygote  : NativeAlloc concurrent copying GC freed 42054(2MB) AllocSpace objects, 24(864KB) LOS objects, 42% free, 30MB/53MB, paused 152us total 290.961ms
12-28 21:45:20.590  1456  2067 D ConnectivityService: releasing NetworkRequest [ TRACK_DEFAULT id=14657, [ Capabilities: INTERNET&NOT_RESTRICTED&TRUSTED&NOT_VPN] ] (release request)
12-28 21:45:21.160 27254 27259 I zygote  : Do partial code cache collection, code=52KB, data=60KB
12-28 21:45:21.163 27254 27259 I zygote  : After code cache collection, code=52KB, data=60KB
12-28 21:45:21.163 27254 27259 I zygote  : Increasing code cache capacity to 256KB
12-28 21:45:24.451  1456  6339 I ActivityManager: Force stopping org.mozilla.fenix.performancetest appid=10645 user=0: from pid 30715
12-28 21:45:24.451  1456  6339 I ActivityManager: Killing 30524:org.mozilla.fenix.performancetest/u0a645 (adj 700): stop org.mozilla.fenix.performancetest
12-28 21:45:24.454  1456  6339 W ActivityManager: Force removing ActivityRecord{59a292e u0 org.mozilla.fenix.performancetest/org.mozilla.fenix.HomeActivity t13627}: app died, no saved state
