12-16 22:22:06.769 19624 19707 I Adreno  : QUALCOMM build                   : bb5b86c, I77d3059488
12-16 22:22:06.769 19624 19707 I Adreno  : Build Date                       : 06/07/18
12-16 22:22:06.769 19624 19707 I Adreno  : OpenGL ES Shader Compiler Version: EV031.22.00.01_06
12-16 22:22:06.769 19624 19707 I Adreno  : Local Branch                     : 
12-16 22:22:06.769 19624 19707 I Adreno  : Remote Branch                    : refs/tags/AU_LINUX_ANDROID_LA.UM.6.5.R1.08.01.00.312.086
12-16 22:22:06.769 19624 19707 I Adreno  : Remote Branch                    : NONE
12-16 22:22:06.769 19624 19707 I Adreno  : Reconstruct Branch               : NOTHING
12-16 22:22:06.769   808   898 I SFPerfTracer:      triggers: (rate: 0:0) (0 sw vsyncs) (0 skipped) (0:974760 vsyncs) (1:2023407)
12-16 22:22:06.772 19624 19707 D vndksupport: Loading /vendor/lib/hw/gralloc.msm8937.so from current namespace instead of sphal namespace.
12-16 22:22:06.774 22460 22460 D AndroidRuntime: Shutting down VM
12-16 22:22:06.775 19624 19707 I Adreno  : PFP: 0x005ff087, ME: 0x005ff063
12-16 22:22:06.780 19624 19707 I zygote  : android::hardware::configstore::V1_0::ISurfaceFlingerConfigs::hasWideColorDisplay retrieved: 0
12-16 22:22:06.781 19624 19707 I OpenGLRenderer: Initialized EGL, version 1.4
12-16 22:22:06.781 19624 19707 D OpenGLRenderer: Swap behavior 2
12-16 22:22:06.782  2748  2748 D Launcher.Utilities: Wakeup weather: Intent { act=com.motorola.launcher3.action.WAKEUP_WEATHER cmp=com.motorola.timeweatherwidget/com.motorola.commandcenter.weather.WakeUpService }
12-16 22:22:06.798  1456  1456 I NotificationService: Cannot find enqueued record for key: 0|com.motorola.timeweatherwidget|1|null|10116
12-16 22:22:06.807   808   808 D SurfaceFlinger: duplicate layer name: changing com.android.launcher3/com.android.launcher3.CustomizationPanelLauncher to com.android.launcher3/com.android.launcher3.CustomizationPanelLauncher#1
12-16 22:22:06.812 19624 10275 W ThreadPoolDumper: Queue length for executor EventBus is now 11. Perhaps some tasks are too long, or the pool is too small.
12-16 22:22:06.814  1456 10366 I WifiService: getWifiEnabledState uid=10073
12-16 22:22:06.834  1456  7556 I WifiService: getWifiEnabledState uid=10073
12-16 22:22:06.866 19624 19715 I MicroDetectionState: Should stop hotword detection immediately - false
12-16 22:22:06.870 19624 19715 I MicroDetectionWorker: #startMicroDetector [speakerMode: 0]
12-16 22:22:06.871  1456  1673 I LaunchCheckinHandler: Displayed com.android.launcher3/.CustomizationPanelLauncher,wp,wa,119
12-16 22:22:06.873 19624 19715 I AudioController: Created new AudioSource
12-16 22:22:06.877 19624 19715 I MicroDetectionWorker: onReady
12-16 22:22:06.878 19624 20452 I MicroDataManager: isInitializedWithLatestParams-true
12-16 22:22:06.878 19624 20452 I MicroDataManager: isInitializing-false locale not changed-true model not changed-true
12-16 22:22:06.878 19624 20452 I MicroDataManager: Already initialized, obtaining the hotword data immediately.
12-16 22:22:06.884 19624  6360 I MicroRecognitionRunner: Starting detection.
12-16 22:22:06.884 19624  6360 I InputStreamUtils: Using micInputStream
12-16 22:22:06.885 19624 21759 I MicrophoneInputStream: mic_starting  SR : 16000 CC : 16 SO : 1999
12-16 22:22:06.889   788  1401 V msm8974_platform: platform_check_input_mask: enter check_input_mask source 6 mask 10
12-16 22:22:06.893  1012 22475 I AudioFlinger: AudioFlinger's thread 0xb2483080 tid=22475 ready to run
12-16 22:22:06.897   788  1401 D audio_hw_primary: in_set_parameters: enter: kvpairs=input_source=6;routing=-2147483644
12-16 22:22:06.898  1012 19368 D APM_AudioPolicyManager: AudioPolicyManager::startInput() input 31654, session 31689, source = 1999
12-16 22:22:06.899 19624 21759 I MicrophoneInputStream: mic_started  SR : 16000 CC : 16 SO : 1999
12-16 22:22:06.900   788 22476 V msm8974_platform: platform_update_usecase_from_source: input source :6
12-16 22:22:06.900   788 22476 V msm8974_platform: platform_check_input_mask: enter check_input_mask source 6 mask 10
12-16 22:22:06.900   788 22476 V msm8974_platform: platform_get_input_snd_device: enter: out_device(0) in_device(0x4) channel_count (1) channel_mask (0x10)
12-16 22:22:06.900   788 22476 V msm8974_platform: platform_get_input_snd_device: exit: in_snd_device(voice-rec-mic)
12-16 22:22:06.900   788 22476 V msm8974_platform: platform_get_backend_index:napb: backend port - 5 device - 120 
12-16 22:22:06.900   788 22476 V msm8974_platform: platform_check_and_set_capture_backend_cfg:txbecf: afe: bitwidth 0, samplerate 0, channel 1, backend_idx 5 usecase = 9 device (voice-rec-mic)
12-16 22:22:06.900   788 22476 V msm8974_platform: platform_check_capture_backend_cfg:txbecf: afe: Codec selected backend: 5 current bit width: 0 and sample rate: 0, channels 1
12-16 22:22:06.900   788 22476 V msm8974_platform: platform_check_capture_backend_cfg:txbecf: afe: Codec selected backend: 5 updated bit width: 0 and sample rate: 0
12-16 22:22:06.900   788 22476 I msm8974_platform: platform_check_capture_backend_cfg:txbecf: afe: Codec backend needs to be updated. new bit width: 0 new sample rate: 0 new channel: 1
12-16 22:22:06.900   788 22476 V msm8974_platform: platform_get_backend_index:napb: backend port - 5 device - 120 
12-16 22:22:06.900   788 22476 V msm8974_platform: platform_set_backend_cfg:becf: afe: bitwidth 0, samplerate 0 channels 1, backend_idx 5 device (voice-rec-mic)
12-16 22:22:06.900   788 22476 E msm8974_platform: platform_set_backend_cfg:becf: afe: Could not get ctl for mixer command - SLIM_0_TX Format
12-16 22:22:06.900   788 22476 V msm8974_platform: platform_send_audio_calibration: sending audio calibration for snd_device(120) acdb_id(62)
12-16 22:22:06.900   788 22476 D ACDB-LOADER: ACDB -> send_audio_cal, acdb_id = 62, path = 1, app id = 0x11130, sample rate = 48000
12-16 22:22:06.900   788 22476 D ACDB-LOADER: ACDB -> send_asm_topology
12-16 22:22:06.900   788 22476 D ACDB-LOADER: ACDB -> ACDB_CMD_GET_AUDPROC_STREAM_TOPOLOGY_ID
12-16 22:22:06.900   788 22476 D ACDB-LOADER: ACDB -> send_adm_topology
12-16 22:22:06.900   788 22476 D ACDB-LOADER: ACDB -> ACDB_CMD_GET_AUDPROC_COMMON_TOPOLOGY_ID
12-16 22:22:06.900   788 22476 D ACDB-LOADER: ACDB -> send_audtable
12-16 22:22:06.901   788 22476 D ACDB-LOADER: ACDB -> ACDB_CMD_GET_AUDPROC_COMMON_TABLE_SIZE
12-16 22:22:06.901   788 22476 D ACDB-LOADER: ACDB -> ACDB_CMD_GET_AUDPROC_COMMON_TABLE
12-16 22:22:06.901   788 22476 D ACDB-LOADER: ACDB -> AUDIO_SET_AUDPROC_CAL
12-16 22:22:06.901   788 22476 D ACDB-LOADER: ACDB -> send_audvoltable
12-16 22:22:06.901   788 22476 D ACDB-LOADER: ACDB -> ACDB_CMD_GET_AUDPROC_VOL_STEP_TABLE_SIZE
12-16 22:22:06.901   788 22476 D ACDB-LOADER: ACDB -> ACDB_CMD_GET_AUDPROC_GAIN_DEP_STEP_TABLE, vol index 0
12-16 22:22:06.901   788 22476 D         : Failed to fetch the lookup information of the device 0000003E 
12-16 22:22:06.901   788 22476 D ACDB-LOADER: ACDB -> AUDIO_SET_VOL_CAL cal type = 12
12-16 22:22:06.901   788 22476 D ACDB-LOADER: ACDB -> ACDB_CMD_GET_AUDPROC_STREAM_TABLE_SIZE
12-16 22:22:06.901   788 22476 D ACDB-LOADER: ACDB -> send_audstrmtable
12-16 22:22:06.901   788 22476 D ACDB-LOADER: ACDB -> ACDB_CMD_GET_AUDPROC_STREAM_TABLE_V2
12-16 22:22:06.901   788 22476 D ACDB-LOADER: ACDB -> audstrm_cal->cal_type.cal_data.cal_size = 456
12-16 22:22:06.901   788 22476 D ACDB-LOADER: ACDB -> send_afe_topology
12-16 22:22:06.901   788 22476 D ACDB-LOADER: ACDB -> ACDB_CMD_GET_AFE_TOPOLOGY_ID
12-16 22:22:06.901   788 22476 D ACDB-LOADER: ACDB -> GET_AFE_TOPOLOGY_ID for adcd_id 62, Topology Id 112fb
12-16 22:22:06.901   788 22476 D ACDB-LOADER: ACDB -> send_afe_cal
12-16 22:22:06.901   788 22476 D ACDB-LOADER: ACDB -> ACDB_CMD_GET_AFE_COMMON_TABLE_SIZE
12-16 22:22:06.901   788 22476 D         : Failed to fetch the lookup information of the device 0000003E 
12-16 22:22:06.901   788 22476 E ACDB-LOADER: Error: ACDB_CMD_GET_AFE_COMMON_TABLE_SIZE Returned = -19
12-16 22:22:06.901   788 22476 D ACDB-LOADER: ACDB -> ACDB_CMD_GET_AFE_COMMON_TABLE
12-16 22:22:06.901   788 22476 D         : Failed to fetch the lookup information of the device 0000003E 
12-16 22:22:06.901   788 22476 D ACDB-LOADER: ACDB -> AUDIO_SET_AFE_CAL
12-16 22:22:06.901   788 22476 D ACDB-LOADER: ACDB -> send_hw_delay : acdb_id = 62 path = 1
12-16 22:22:06.901   788 22476 D ACDB-LOADER: ACDB -> ACDB_AVSYNC_INFO: ACDB_CMD_GET_DEVICE_PROPERTY
12-16 22:22:06.901   788 22476 D audio_hw_primary: enable_snd_device: snd_device(120: voice-rec-mic)
12-16 22:22:06.901   788 22476 D audio_route: Apply path: voice-rec-mic
12-16 22:22:06.905   788 22476 V msm8974_platform: platform_get_snd_device_backend_index: enter with device 120
12-16 22:22:06.905   788 22476 E msm8974_platform: platform_get_snd_device_backend_index: BE DAI Name Table is not present
12-16 22:22:06.905   788 22476 V msm8974_platform: platform_get_backend_index:napb: backend port - 5 device - 120 
12-16 22:22:06.905   788 22476 I audio_hw_utils: Set Audio Stream Capture 0 App Type Cfg: app_type 69936, acdb_dev_id 62, sample_rate 48000, snd_device_be_idx -14
12-16 22:22:06.905   788 22476 D audio_hw_primary: enable_audio_route: usecase(9) apply and update mixer path: audio-record
12-16 22:22:06.905   788 22476 D audio_route: Apply path: audio-record
12-16 22:22:06.976 19624 19715 I MicroDetectionWorker: onReady
12-16 22:22:07.074   808   808 I SFPerfTracer:      triggers: (rate: 48:47291) (compose: 0:5) (post: 0:12) (render: 0:9) (11:1120062 frames) (12:2002963)
12-16 22:22:07.074   808   808 D SFPerfTracer:        layers: (5:13) (NavigationBar#0 (0xb07df000): 11:255081) (StatusBar#0 (0xb07e3000): 10:871485) (com.android.systemui.ImageWallpaper#0 (0xb07e7000): 2:18112) (Sprite#0 (0xb0733000): 0:317)* (DimLayerController/Stack=0#0 (0xb075a000): 0:3458)* (Sprite#1 (0xb077c000): 0:195)* (org.mozilla.fenix.performancetest/org.mozilla.fenix.HomeActivity#0 (0xb039b000): 0:46)- (com.android.launcher3/com.android.launcher3.CustomizationPanelLauncher#0 (0xb0763000): 0:40)- (com.android.launcher3/com.android.launcher3.CustomizationPanelLauncher#1 (0xb0771000): 0:14)- (Splash Screen org.mozilla.fenix.performancetest#0 (0xb0384000): 0:32)- (org.mozilla.fenix.performancetest/org.mozilla.fenix.HomeActivity#0 (0xb039b000): 12:33) (com.android.launcher3/com.android.launcher3.CustomizationPanelLauncher#0 (0xb0763000): 12:16)* (com.android.launcher3/com.android.launcher3.CustomizationPanelLauncher#1 (0xb0771000): 2:4) 
12-16 22:22:07.275  1456  7796 I OpenGLRenderer: Initialized EGL, version 1.4
12-16 22:22:07.275  1456  7796 D OpenGLRenderer: Swap behavior 2
12-16 22:22:07.339  2748  2917 W OpenGLRenderer: Incorrectly called buildLayer on View: ShortcutAndWidgetContainer, destroying layer...
12-16 22:22:07.463 22314 22331 I chatty  : uid=10581(org.mozilla.fenix.performancetest) expire 1 line
12-16 22:22:07.473 22314 22417 I chatty  : uid=10581(org.mozilla.fenix.performancetest) expire 6 lines
12-16 22:22:07.542  1456 10366 D ConnectivityService: requestNetwork for uid/pid:10581/22314 NetworkRequest [ TRACK_DEFAULT id=10763, [ Capabilities: INTERNET&NOT_RESTRICTED&TRUSTED&NOT_VPN] ]
12-16 22:22:07.544  1456  2054 D WIFI_UT : got request NetworkRequest [ TRACK_DEFAULT id=10763, [ Capabilities: INTERNET&NOT_RESTRICTED&TRUSTED&NOT_VPN] ] with score 60
12-16 22:22:07.544  1456  2099 D Ethernet: got request NetworkRequest [ TRACK_DEFAULT id=10763, [ Capabilities: INTERNET&NOT_RESTRICTED&TRUSTED&NOT_VPN] ] with score 60
12-16 22:22:07.544  1456  2054 D WIFI    : got request NetworkRequest [ TRACK_DEFAULT id=10763, [ Capabilities: INTERNET&NOT_RESTRICTED&TRUSTED&NOT_VPN] ] with score 60
12-16 22:22:07.547  2398  2398 D PhoneSwitcherNetworkRequstListener: got request NetworkRequest [ TRACK_DEFAULT id=10763, [ Capabilities: INTERNET&NOT_RESTRICTED&TRUSTED&NOT_VPN] ] with score 60
12-16 22:22:07.562  1456  1466 I zygote  : NativeAlloc concurrent copying GC freed 72562(4MB) AllocSpace objects, 28(944KB) LOS objects, 42% free, 29MB/52MB, paused 243us total 287.047ms
12-16 22:22:07.577 22314 22477 I chatty  : uid=10581(org.mozilla.fenix.performancetest) expire 9 lines
12-16 22:22:08.179  1456  2067 D ConnectivityService: releasing NetworkRequest [ TRACK_DEFAULT id=10763, [ Capabilities: INTERNET&NOT_RESTRICTED&TRUSTED&NOT_VPN] ] (release request)
12-16 22:22:11.950  1456  5907 I ActivityManager: Force stopping org.mozilla.fenix.performancetest appid=10581 user=0: from pid 22482
12-16 22:22:11.950  1456  5907 I ActivityManager: Killing 22314:org.mozilla.fenix.performancetest/u0a581 (adj 700): stop org.mozilla.fenix.performancetest
12-16 22:22:11.952  1456  1605 W zygote  : kill(-22314, 9) failed: No such process
12-16 22:22:11.953  1456  5907 W ActivityManager: Force removing ActivityRecord{a6ad873 u0 org.mozilla.fenix.performancetest/org.mozilla.fenix.HomeActivity t10146}: app died, no saved state
12-16 22:22:11.954 22353 22353 I chatty  : uid=10581(org.mozilla.fenix.performancetest) com.google.android.gms.unstable expire 1 line
12-16 22:22:11.963  1456  5907 I ActivityManager: Killing 22353:org.mozilla.fenix.performancetest:tab/u0a581 (adj 0): stop org.mozilla.fenix.performancetest
12-16 22:22:11.970  1456  1605 W zygote  : kill(-22314, 9) failed: No such process
12-16 22:22:11.974  2398  2398 D CarrierSvcBindHelper: No carrier app for: 0
12-16 22:22:11.975  2398  2398 D CarrierSvcBindHelper: No carrier app for: 1
12-16 22:22:11.985  1456  1605 W zygote  : kill(-22314, 9) failed: No such process
12-16 22:22:12.014  1456  1605 I chatty  : uid=1000(system) ActivityManager identical 2 lines
12-16 22:22:12.021  1456  1673 W ActivityManager: setHasOverlayUi called on unknown pid: 22314
12-16 22:22:12.029  1456  1605 W zygote  : kill(-22314, 9) failed: No such process
12-16 22:22:12.029  1456  1605 I zygote  : Successfully killed process cgroup uid 10581 pid 22314 in 77ms
12-16 22:22:12.030  1456  1605 W zygote  : kill(-22353, 9) failed: No such process
12-16 22:22:12.030  1456  1605 I zygote  : Successfully killed process cgroup uid 10581 pid 22353 in 0ms
12-16 22:22:12.071  1456  4250 I ActivityManager: START u0 {act=android.intent.action.MAIN cat=[android.intent.category.LAUNCHER] flg=0x10000000 cmp=org.mozilla.fenix.performancetest/org.mozilla.fenix.HomeActivity} from uid 2000
12-16 22:22:12.072   794   839 E ANDR-PERF-RESOURCEQS: Failed to apply optimization [4, 0]
12-16 22:22:12.091  1456 10962 I ActivityManager: Start proc 22489:org.mozilla.fenix.performancetest/u0a581 for activity org.mozilla.fenix.performancetest/org.mozilla.fenix.HomeActivity
12-16 22:22:12.095 22489 22489 I chatty  : uid=10581(org.mozilla.fenix.performancetest) expire 67 lines
12-16 22:22:12.189 19624 19715 I MicroDetectionState: Should stop hotword detection immediately - false
12-16 22:22:12.189 19624 19715 I MicroDetector: Keeping mic open: false
12-16 22:22:12.189 19624 10831 E DeviceStateChecker: DeviceStateChecker cancelled
12-16 22:22:12.190 19624 19715 I RecognitionAudioControl: #shutdownAudio [requestId: -1330088223486962454, keepAudioOpen: false, forced: true]
12-16 22:22:12.190 19624 19715 I RecognitionAudioControl: #internalShutdownAudio [requestId: -1330088223486962454]
12-16 22:22:12.190 19624 19715 I RecognitionAudioControl: #internalShutdownAudio [keepAudioOpen: false, forced: true]
12-16 22:22:12.190 19624 19715 I RecognitionAudioControl: #actualShutdownAudio
12-16 22:22:12.190 19624 19715 I AudioController: #shutdown [requestId=-1330088223486962454]
12-16 22:22:12.190 19624 20452 I AudioController: internalShutdown
12-16 22:22:12.190 19624 10257 I MicroRecognitionRunner: Stopping hotword detection.
12-16 22:22:12.238   788  1401 D audio_hw_primary: disable_audio_route: usecase(9) reset and update mixer path: audio-record
12-16 22:22:12.239   788  1401 D audio_hw_primary: disable_snd_device: snd_device(120: voice-rec-mic)
12-16 22:22:12.241  1012  1302 D APM_AudioPolicyManager: stopInput() input 31654, session 31689
12-16 22:22:12.242   788  1401 D audio_hw_primary: in_set_parameters: enter: kvpairs=routing=0
12-16 22:22:12.244 19624 20452 I MicrophoneInputStream: mic_close  SR : 16000 CC : 16 SO : 1999
12-16 22:22:12.244 19624 20452 E AudioSource: Stop listening is called on already closed AudioSource
12-16 22:22:12.245 19624  6360 I MicroRecognitionRunner: Detection finished
12-16 22:22:12.322 22489 22506 I chatty  : uid=10581(org.mozilla.fenix.performancetest) expire 14 lines
12-16 22:22:12.544 22489 22520 I chatty  : uid=10581(org.mozilla.fenix.performancetest) expire 38 lines
12-16 22:22:12.670 22489 22527 I chatty  : uid=10581(org.mozilla.fenix.performancetest) expire 10 lines
12-16 22:22:12.676  1456  4802 I ActivityManager: Start proc 22528:org.mozilla.fenix.performancetest:tab/u0a581 for service org.mozilla.fenix.performancetest/org.mozilla.gecko.process.GeckoServiceChildProcess$tab
12-16 22:22:12.683 22528 22528 I chatty  : uid=10581(org.mozilla.fenix.performancetest) expire 2 lines
12-16 22:22:12.850 22528 22552 I chatty  : uid=10581(org.mozilla.fenix.performancetest) expire 1 line
12-16 22:22:12.973 22489 22494 I chatty  : uid=10581(org.mozilla.fenix.performancetest) expire 8 lines
12-16 22:22:13.360 22489 22581 I chatty  : uid=10581(org.mozilla.fenix.performancetest) expire 5 lines
12-16 22:22:13.797  1456  4802 I WifiService: getDhcpInfo uid=10581
12-16 22:22:14.407 22489 22611 I chatty  : uid=10581(org.mozilla.fenix.performancetest) expire 2 lines
12-16 22:22:14.559  1456  1673 I LaunchCheckinHandler: Displayed org.mozilla.fenix.performancetest/org.mozilla.fenix.HomeActivity,cp,ca,2480
12-16 22:22:14.560  1456  1673 I ActivityManager: Displayed org.mozilla.fenix.performancetest/org.mozilla.fenix.HomeActivity: +2s475ms
12-16 22:22:14.606 22489 22629 I chatty  : uid=10581(org.mozilla.fenix.performancetest) expire 4 lines
12-16 22:22:14.621 19624 19624 I MemoryTrimmer: Trimming objects from memory, since app is in the background.
12-16 22:22:14.631 19624 19624 I MemoryTrimmer: Trimming objects from memory, since app is in the background.
12-16 22:22:14.633 19624 21759 I PBSessionCacheImpl: Deleted sessionId[86308841256994128] from persistence.
12-16 22:22:14.642  1456  4802 I WifiService: getWifiEnabledState uid=10073
12-16 22:22:14.648 19624 19715 W SearchServiceCore: Abort, client detached.
12-16 22:22:14.770 22489 22512 I chatty  : uid=10581(org.mozilla.fenix.performancetest) expire 1 line
12-16 22:22:14.871  2398  2398 D QtiCarrierConfigHelper: WARNING, no carrier configs on phone Id: 0
12-16 22:22:17.724 22636 22636 D AndroidRuntime: >>>>>> START com.android.internal.os.RuntimeInit uid 2000 <<<<<<
12-16 22:22:17.737 22636 22636 W app_process: Could not reserve sentinel fault page
12-16 22:22:17.903 22636 22636 I app_process: The ClassLoaderContext is a special shared library.
12-16 22:22:17.972 22636 22636 D AndroidRuntime: Calling main entry com.android.commands.input.Input
12-16 22:22:17.975 22636 22636 I Input   : injectKeyEvent: KeyEvent { action=ACTION_DOWN, keyCode=KEYCODE_HOME, scanCode=0, metaState=0, flags=0x0, repeatCount=0, eventTime=9000161586, downTime=9000161586, deviceId=-1, source=0x101 }
12-16 22:22:17.985 22636 22636 I Input   : injectKeyEvent: KeyEvent { action=ACTION_UP, keyCode=KEYCODE_HOME, scanCode=0, metaState=0, flags=0x0, repeatCount=0, eventTime=9000161586, downTime=9000161586, deviceId=-1, source=0x101 }
12-16 22:22:17.991  1456  1941 I ActivityManager: START u0 {act=android.intent.action.MAIN cat=[android.intent.category.HOME] flg=0x10200000 cmp=com.android.launcher3/.CustomizationPanelLauncher (has extras)} from uid 1000
12-16 22:22:17.992   794   839 E ANDR-PERF-RESOURCEQS: Failed to apply optimization [4, 0]
12-16 22:22:18.002  1456  1941 I ActivityManager: moveHomeStack, setupComplete:true
12-16 22:22:18.005 22636 22636 D AndroidRuntime: Shutting down VM
12-16 22:22:18.024 19624 19707 I Adreno  : QUALCOMM build                   : bb5b86c, I77d3059488
12-16 22:22:18.024 19624 19707 I Adreno  : Build Date                       : 06/07/18
12-16 22:22:18.024 19624 19707 I Adreno  : OpenGL ES Shader Compiler Version: EV031.22.00.01_06
12-16 22:22:18.024 19624 19707 I Adreno  : Local Branch                     : 
12-16 22:22:18.024 19624 19707 I Adreno  : Remote Branch                    : refs/tags/AU_LINUX_ANDROID_LA.UM.6.5.R1.08.01.00.312.086
12-16 22:22:18.024 19624 19707 I Adreno  : Remote Branch                    : NONE
12-16 22:22:18.024 19624 19707 I Adreno  : Reconstruct Branch               : NOTHING
12-16 22:22:18.027 19624 19707 D vndksupport: Loading /vendor/lib/hw/gralloc.msm8937.so from current namespace instead of sphal namespace.
12-16 22:22:18.030 20313 20313 I Finsky  : [2] puo.onTrimMemory(1): Memory trim requested to level 80
12-16 22:22:18.032 19624 19707 I Adreno  : PFP: 0x005ff087, ME: 0x005ff063
12-16 22:22:18.033  2748  2748 D Launcher.Utilities: Wakeup weather: Intent { act=com.motorola.launcher3.action.WAKEUP_WEATHER cmp=com.motorola.timeweatherwidget/com.motorola.commandcenter.weather.WakeUpService }
12-16 22:22:18.037 19624 19707 I zygote  : android::hardware::configstore::V1_0::ISurfaceFlingerConfigs::hasWideColorDisplay retrieved: 0
12-16 22:22:18.038 19624 19707 I OpenGLRenderer: Initialized EGL, version 1.4
12-16 22:22:18.039 19624 19707 D OpenGLRenderer: Swap behavior 2
12-16 22:22:18.047  1456  1456 I NotificationService: Cannot find enqueued record for key: 0|com.motorola.timeweatherwidget|1|null|10116
12-16 22:22:18.050   808   808 D SurfaceFlinger: duplicate layer name: changing com.android.launcher3/com.android.launcher3.CustomizationPanelLauncher to com.android.launcher3/com.android.launcher3.CustomizationPanelLauncher#1
12-16 22:22:18.076 19624 10831 W ThreadPoolDumper: Queue length for executor EventBus is now 11. Perhaps some tasks are too long, or the pool is too small.
12-16 22:22:18.081  1456  4250 I WifiService: getWifiEnabledState uid=10073
12-16 22:22:18.089  1456  5031 I WifiService: getWifiEnabledState uid=10073
12-16 22:22:18.113 19624 19715 I MicroDetectionState: Should stop hotword detection immediately - false
12-16 22:22:18.114  1456  1673 I LaunchCheckinHandler: Displayed com.android.launcher3/.CustomizationPanelLauncher,wp,wa,122
12-16 22:22:18.119 19624 19715 I MicroDetectionWorker: #startMicroDetector [speakerMode: 0]
12-16 22:22:18.123 19624 19715 I AudioController: Created new AudioSource
12-16 22:22:18.128 19624 19715 I MicroDetectionWorker: onReady
12-16 22:22:18.128 19624 20452 I MicroDataManager: isInitializedWithLatestParams-true
12-16 22:22:18.128 19624 20452 I MicroDataManager: isInitializing-false locale not changed-true model not changed-true
12-16 22:22:18.129 19624 20452 I MicroDataManager: Already initialized, obtaining the hotword data immediately.
12-16 22:22:18.134 19624  9145 I MicroRecognitionRunner: Starting detection.
12-16 22:22:18.135 19624  9145 I InputStreamUtils: Using micInputStream
12-16 22:22:18.136 19624 21759 I MicrophoneInputStream: mic_starting  SR : 16000 CC : 16 SO : 1999
12-16 22:22:18.140   788  1401 V msm8974_platform: platform_check_input_mask: enter check_input_mask source 6 mask 10
12-16 22:22:18.142  1012 22651 I AudioFlinger: AudioFlinger's thread 0xb24837c0 tid=22651 ready to run
12-16 22:22:18.146   788  1401 D audio_hw_primary: in_set_parameters: enter: kvpairs=input_source=6;routing=-2147483644
12-16 22:22:18.147  1012 19368 D APM_AudioPolicyManager: AudioPolicyManager::startInput() input 31662, session 31697, source = 1999
12-16 22:22:18.148 19624 21759 I MicrophoneInputStream: mic_started  SR : 16000 CC : 16 SO : 1999
12-16 22:22:18.149   788 22652 V msm8974_platform: platform_update_usecase_from_source: input source :6
12-16 22:22:18.149   788 22652 V msm8974_platform: platform_check_input_mask: enter check_input_mask source 6 mask 10
12-16 22:22:18.149   788 22652 V msm8974_platform: platform_get_input_snd_device: enter: out_device(0) in_device(0x4) channel_count (1) channel_mask (0x10)
12-16 22:22:18.149   788 22652 V msm8974_platform: platform_get_input_snd_device: exit: in_snd_device(voice-rec-mic)
12-16 22:22:18.149   788 22652 V msm8974_platform: platform_get_backend_index:napb: backend port - 5 device - 120 
12-16 22:22:18.149   788 22652 V msm8974_platform: platform_check_and_set_capture_backend_cfg:txbecf: afe: bitwidth 0, samplerate 0, channel 1, backend_idx 5 usecase = 9 device (voice-rec-mic)
12-16 22:22:18.149   788 22652 V msm8974_platform: platform_check_capture_backend_cfg:txbecf: afe: Codec selected backend: 5 current bit width: 0 and sample rate: 0, channels 1
12-16 22:22:18.149   788 22652 V msm8974_platform: platform_check_capture_backend_cfg:txbecf: afe: Codec selected backend: 5 updated bit width: 0 and sample rate: 0
12-16 22:22:18.149   788 22652 I msm8974_platform: platform_check_capture_backend_cfg:txbecf: afe: Codec backend needs to be updated. new bit width: 0 new sample rate: 0 new channel: 1
12-16 22:22:18.149   788 22652 V msm8974_platform: platform_get_backend_index:napb: backend port - 5 device - 120 
12-16 22:22:18.149   788 22652 V msm8974_platform: platform_set_backend_cfg:becf: afe: bitwidth 0, samplerate 0 channels 1, backend_idx 5 device (voice-rec-mic)
12-16 22:22:18.150   788 22652 E msm8974_platform: platform_set_backend_cfg:becf: afe: Could not get ctl for mixer command - SLIM_0_TX Format
12-16 22:22:18.150   788 22652 V msm8974_platform: platform_send_audio_calibration: sending audio calibration for snd_device(120) acdb_id(62)
12-16 22:22:18.150   788 22652 D ACDB-LOADER: ACDB -> send_audio_cal, acdb_id = 62, path = 1, app id = 0x11130, sample rate = 48000
12-16 22:22:18.150   788 22652 D ACDB-LOADER: ACDB -> send_asm_topology
12-16 22:22:18.150   788 22652 D ACDB-LOADER: ACDB -> ACDB_CMD_GET_AUDPROC_STREAM_TOPOLOGY_ID
12-16 22:22:18.150   788 22652 D ACDB-LOADER: ACDB -> send_adm_topology
12-16 22:22:18.150   788 22652 D ACDB-LOADER: ACDB -> ACDB_CMD_GET_AUDPROC_COMMON_TOPOLOGY_ID
12-16 22:22:18.150   788 22652 D ACDB-LOADER: ACDB -> send_audtable
12-16 22:22:18.150   788 22652 D ACDB-LOADER: ACDB -> ACDB_CMD_GET_AUDPROC_COMMON_TABLE_SIZE
12-16 22:22:18.150   788 22652 D ACDB-LOADER: ACDB -> ACDB_CMD_GET_AUDPROC_COMMON_TABLE
12-16 22:22:18.150   788 22652 D ACDB-LOADER: ACDB -> AUDIO_SET_AUDPROC_CAL
12-16 22:22:18.150   788 22652 D ACDB-LOADER: ACDB -> send_audvoltable
12-16 22:22:18.150   788 22652 D ACDB-LOADER: ACDB -> ACDB_CMD_GET_AUDPROC_VOL_STEP_TABLE_SIZE
12-16 22:22:18.151   788 22652 D ACDB-LOADER: ACDB -> ACDB_CMD_GET_AUDPROC_GAIN_DEP_STEP_TABLE, vol index 0
12-16 22:22:18.151   788 22652 D         : Failed to fetch the lookup information of the device 0000003E 
12-16 22:22:18.151   788 22652 D ACDB-LOADER: ACDB -> AUDIO_SET_VOL_CAL cal type = 12
12-16 22:22:18.151   788 22652 D ACDB-LOADER: ACDB -> ACDB_CMD_GET_AUDPROC_STREAM_TABLE_SIZE
12-16 22:22:18.151   788 22652 D ACDB-LOADER: ACDB -> send_audstrmtable
12-16 22:22:18.151   788 22652 D ACDB-LOADER: ACDB -> ACDB_CMD_GET_AUDPROC_STREAM_TABLE_V2
12-16 22:22:18.151   788 22652 D ACDB-LOADER: ACDB -> audstrm_cal->cal_type.cal_data.cal_size = 456
12-16 22:22:18.151   788 22652 D ACDB-LOADER: ACDB -> send_afe_topology
12-16 22:22:18.151   788 22652 D ACDB-LOADER: ACDB -> ACDB_CMD_GET_AFE_TOPOLOGY_ID
12-16 22:22:18.151   788 22652 D ACDB-LOADER: ACDB -> GET_AFE_TOPOLOGY_ID for adcd_id 62, Topology Id 112fb
12-16 22:22:18.151   788 22652 D ACDB-LOADER: ACDB -> send_afe_cal
12-16 22:22:18.151   788 22652 D ACDB-LOADER: ACDB -> ACDB_CMD_GET_AFE_COMMON_TABLE_SIZE
12-16 22:22:18.151   788 22652 D         : Failed to fetch the lookup information of the device 0000003E 
12-16 22:22:18.151   788 22652 E ACDB-LOADER: Error: ACDB_CMD_GET_AFE_COMMON_TABLE_SIZE Returned = -19
12-16 22:22:18.151   788 22652 D ACDB-LOADER: ACDB -> ACDB_CMD_GET_AFE_COMMON_TABLE
12-16 22:22:18.151   788 22652 D         : Failed to fetch the lookup information of the device 0000003E 
12-16 22:22:18.151   788 22652 D ACDB-LOADER: ACDB -> AUDIO_SET_AFE_CAL
12-16 22:22:18.151   788 22652 D ACDB-LOADER: ACDB -> send_hw_delay : acdb_id = 62 path = 1
12-16 22:22:18.151   788 22652 D ACDB-LOADER: ACDB -> ACDB_AVSYNC_INFO: ACDB_CMD_GET_DEVICE_PROPERTY
12-16 22:22:18.151   788 22652 D audio_hw_primary: enable_snd_device: snd_device(120: voice-rec-mic)
12-16 22:22:18.151   788 22652 D audio_route: Apply path: voice-rec-mic
12-16 22:22:18.154   788 22652 V msm8974_platform: platform_get_snd_device_backend_index: enter with device 120
12-16 22:22:18.154   788 22652 E msm8974_platform: platform_get_snd_device_backend_index: BE DAI Name Table is not present
12-16 22:22:18.154   788 22652 V msm8974_platform: platform_get_backend_index:napb: backend port - 5 device - 120 
12-16 22:22:18.154   788 22652 I audio_hw_utils: Set Audio Stream Capture 0 App Type Cfg: app_type 69936, acdb_dev_id 62, sample_rate 48000, snd_device_be_idx -14
12-16 22:22:18.155   788 22652 D audio_hw_primary: enable_audio_route: usecase(9) apply and update mixer path: audio-record
12-16 22:22:18.155   788 22652 D audio_route: Apply path: audio-record
12-16 22:22:18.224 19624 19715 I MicroDetectionWorker: onReady
12-16 22:22:18.520  1456  7796 I OpenGLRenderer: Initialized EGL, version 1.4
12-16 22:22:18.520  1456  7796 D OpenGLRenderer: Swap behavior 2
12-16 22:22:18.538   808   808 I SFPerfTracer:      triggers: (rate: 48:47292) (compose: 0:5) (post: 0:12) (render: 0:9) (12:1120141 frames) (13:2003069)
12-16 22:22:18.538   808   808 D SFPerfTracer:        layers: (4:13) (NavigationBar#0 (0xb07df000): 0:255103) (StatusBar#0 (0xb07e3000): 0:871508) (com.android.systemui.ImageWallpaper#0 (0xb07e7000): 0:18114) (Sprite#0 (0xb0733000): 0:317)* (DimLayerController/Stack=0#0 (0xb075a000): 0:3458)* (Sprite#1 (0xb077c000): 0:195)* (org.mozilla.fenix.performancetest/org.mozilla.fenix.HomeActivity#0 (0xb039b000): 0:45)- (com.android.launcher3/com.android.launcher3.CustomizationPanelLauncher#0 (0xb0763000): 0:39)- (com.android.launcher3/com.android.launcher3.CustomizationPanelLauncher#1 (0xb0771000): 0:9)- (Splash Screen org.mozilla.fenix.performancetest#0 (0xb0384000): 0:32)- (org.mozilla.fenix.performancetest/org.mozilla.fenix.HomeActivity#0 (0xb039b000): 12:45)* (com.android.launcher3/com.android.launcher3.CustomizationPanelLauncher#0 (0xb0763000): 13:28)* (com.android.launcher3/com.android.launcher3.CustomizationPanelLauncher#1 (0xb0771000): 1:5) 
12-16 22:22:18.583  2748  2917 W OpenGLRenderer: Incorrectly called buildLayer on View: ShortcutAndWidgetContainer, destroying layer...
12-16 22:22:18.712 22489 22593 I chatty  : uid=10581(org.mozilla.fenix.performancetest) expire 6 lines
12-16 22:22:18.749   808   898 I SFPerfTracer:      triggers: (rate: 0:0) (0 sw vsyncs) (0 skipped) (38:974875 vsyncs) (40:2023543)
12-16 22:22:18.774  1456 10962 D ConnectivityService: requestNetwork for uid/pid:10581/22489 NetworkRequest [ TRACK_DEFAULT id=10764, [ Capabilities: INTERNET&NOT_RESTRICTED&TRUSTED&NOT_VPN] ]
12-16 22:22:18.776  1456  2099 D Ethernet: got request NetworkRequest [ TRACK_DEFAULT id=10764, [ Capabilities: INTERNET&NOT_RESTRICTED&TRUSTED&NOT_VPN] ] with score 60
12-16 22:22:18.776  1456  2054 D WIFI_UT : got request NetworkRequest [ TRACK_DEFAULT id=10764, [ Capabilities: INTERNET&NOT_RESTRICTED&TRUSTED&NOT_VPN] ] with score 60
12-16 22:22:18.776  1456  2054 D WIFI    : got request NetworkRequest [ TRACK_DEFAULT id=10764, [ Capabilities: INTERNET&NOT_RESTRICTED&TRUSTED&NOT_VPN] ] with score 60
12-16 22:22:18.777  2398  2398 D PhoneSwitcherNetworkRequstListener: got request NetworkRequest [ TRACK_DEFAULT id=10764, [ Capabilities: INTERNET&NOT_RESTRICTED&TRUSTED&NOT_VPN] ] with score 60
12-16 22:22:18.800 22489 22653 I chatty  : uid=10581(org.mozilla.fenix.performancetest) expire 9 lines
12-16 22:22:19.286 22489 22505 I chatty  : uid=10581(org.mozilla.fenix.performancetest) expire 1 line
12-16 22:22:19.295  1456  2067 D ConnectivityService: releasing NetworkRequest [ TRACK_DEFAULT id=10764, [ Capabilities: INTERNET&NOT_RESTRICTED&TRUSTED&NOT_VPN] ] (release request)
12-16 22:22:23.161  1456 10962 I ActivityManager: Force stopping org.mozilla.fenix.performancetest appid=10581 user=0: from pid 22657
12-16 22:22:23.162  1456 10962 I ActivityManager: Killing 22489:org.mozilla.fenix.performancetest/u0a581 (adj 700): stop org.mozilla.fenix.performancetest
12-16 22:22:23.164  1456  1605 W zygote  : kill(-22489, 9) failed: No such process
12-16 22:22:23.164  1456 10962 W ActivityManager: Force removing ActivityRecord{ebf9d08 u0 org.mozilla.fenix.performancetest/org.mozilla.fenix.HomeActivity t10147}: app died, no saved state
12-16 22:22:23.166 22528 22528 I chatty  : uid=10581(org.mozilla.fenix.performancetest) expire 1 line
12-16 22:22:23.175  1456 10962 I ActivityManager: Killing 22528:org.mozilla.fenix.performancetest:tab/u0a581 (adj 0): stop org.mozilla.fenix.performancetest
12-16 22:22:23.180  1456  1605 W zygote  : kill(-22489, 9) failed: No such process
12-16 22:22:23.188  2398  2398 D CarrierSvcBindHelper: No carrier app for: 0
12-16 22:22:23.194  1456  1605 W zygote  : kill(-22489, 9) failed: No such process
12-16 22:22:23.195  2398  2398 D CarrierSvcBindHelper: No carrier app for: 1
12-16 22:22:23.210  1456  1605 W zygote  : kill(-22489, 9) failed: No such process
12-16 22:22:23.225  1456  1605 I chatty  : uid=1000(system) ActivityManager identical 3 lines
12-16 22:22:23.228  1456  1673 W ActivityManager: setHasOverlayUi called on unknown pid: 22489
12-16 22:22:23.241  1456  1605 W zygote  : kill(-22489, 9) failed: No such process
12-16 22:22:23.241  1456  1605 I zygote  : Successfully killed process cgroup uid 10581 pid 22489 in 77ms
12-16 22:22:23.241  1456  1605 W zygote  : kill(-22528, 9) failed: No such process
12-16 22:22:23.241  1456  1605 I zygote  : Successfully killed process cgroup uid 10581 pid 22528 in 0ms
12-16 22:22:23.283  1456  4802 I ActivityManager: START u0 {act=android.intent.action.MAIN cat=[android.intent.category.LAUNCHER] flg=0x10000000 cmp=org.mozilla.fenix.performancetest/org.mozilla.fenix.HomeActivity} from uid 2000
12-16 22:22:23.285   794   839 E ANDR-PERF-RESOURCEQS: Failed to apply optimization [4, 0]
12-16 22:22:23.305  1456  2236 I ActivityManager: Start proc 22664:org.mozilla.fenix.performancetest/u0a581 for activity org.mozilla.fenix.performancetest/org.mozilla.fenix.HomeActivity
12-16 22:22:23.309 22664 22664 I chatty  : uid=10581(org.mozilla.fenix.performancetest) expire 67 lines
12-16 22:22:23.402 19624 19715 I MicroDetectionState: Should stop hotword detection immediately - false
12-16 22:22:23.402 19624 19715 I MicroDetector: Keeping mic open: false
12-16 22:22:23.403 19624 19715 I RecognitionAudioControl: #shutdownAudio [requestId: 4339782900570194754, keepAudioOpen: false, forced: true]
12-16 22:22:23.403 19624  6360 E DeviceStateChecker: DeviceStateChecker cancelled
12-16 22:22:23.403 19624 19715 I RecognitionAudioControl: #internalShutdownAudio [requestId: 4339782900570194754]
12-16 22:22:23.403 19624 19715 I RecognitionAudioControl: #internalShutdownAudio [keepAudioOpen: false, forced: true]
12-16 22:22:23.403 19624 19715 I RecognitionAudioControl: #actualShutdownAudio
12-16 22:22:23.403 19624 19715 I AudioController: #shutdown [requestId=4339782900570194754]
12-16 22:22:23.403 19624 20452 I AudioController: internalShutdown
12-16 22:22:23.403 19624 10257 I MicroRecognitionRunner: Stopping hotword detection.
12-16 22:22:23.468   788  1401 D audio_hw_primary: disable_audio_route: usecase(9) reset and update mixer path: audio-record
12-16 22:22:23.469   788  1401 D audio_hw_primary: disable_snd_device: snd_device(120: voice-rec-mic)
12-16 22:22:23.471  1012  1302 D APM_AudioPolicyManager: stopInput() input 31662, session 31697
12-16 22:22:23.471   788  1401 D audio_hw_primary: in_set_parameters: enter: kvpairs=routing=0
12-16 22:22:23.474 19624 21759 I MicrophoneInputStream: mic_close  SR : 16000 CC : 16 SO : 1999
12-16 22:22:23.474 19624 20452 E AudioSource: Stop listening is called on already closed AudioSource
12-16 22:22:23.475 19624  9145 I MicroRecognitionRunner: Detection finished
12-16 22:22:23.543 22664 22681 I chatty  : uid=10581(org.mozilla.fenix.performancetest) expire 14 lines
12-16 22:22:23.756 22664 22693 I chatty  : uid=10581(org.mozilla.fenix.performancetest) expire 38 lines
12-16 22:22:23.889  1456  2402 I ActivityManager: Start proc 22702:org.mozilla.fenix.performancetest:tab/u0a581 for service org.mozilla.fenix.performancetest/org.mozilla.gecko.process.GeckoServiceChildProcess$tab
12-16 22:22:23.889 22664 22704 I chatty  : uid=10581(org.mozilla.fenix.performancetest) expire 10 lines
12-16 22:22:23.897 22702 22702 I chatty  : uid=10581(org.mozilla.fenix.performancetest) expire 3 lines
12-16 22:22:24.064 22702 22727 I chatty  : uid=10581(org.mozilla.fenix.performancetest) expire 1 line
12-16 22:22:24.203 22664 22669 I chatty  : uid=10581(org.mozilla.fenix.performancetest) expire 8 lines
12-16 22:22:24.593 22664 22757 I chatty  : uid=10581(org.mozilla.fenix.performancetest) expire 5 lines
12-16 22:22:25.044  1456  4802 I WifiService: getDhcpInfo uid=10581
12-16 22:22:25.638 22664 22784 I chatty  : uid=10581(org.mozilla.fenix.performancetest) expire 2 lines
12-16 22:22:25.795  1456  1673 I LaunchCheckinHandler: Displayed org.mozilla.fenix.performancetest/org.mozilla.fenix.HomeActivity,cp,ca,2502
12-16 22:22:25.795  1456  1673 I ActivityManager: Displayed org.mozilla.fenix.performancetest/org.mozilla.fenix.HomeActivity: +2s497ms
12-16 22:22:25.842 22664 22803 I chatty  : uid=10581(org.mozilla.fenix.performancetest) expire 4 lines
12-16 22:22:25.858 19624 19624 I MemoryTrimmer: Trimming objects from memory, since app is in the background.
12-16 22:22:25.868 19624 19624 I MemoryTrimmer: Trimming objects from memory, since app is in the background.
12-16 22:22:25.872 19624 21759 I PBSessionCacheImpl: Deleted sessionId[86308841256994133] from persistence.
12-16 22:22:25.876  1456  4802 I WifiService: getWifiEnabledState uid=10073
12-16 22:22:25.884 19624 19715 W SearchServiceCore: Abort, client detached.
12-16 22:22:25.956 22664 22680 I chatty  : uid=10581(org.mozilla.fenix.performancetest) expire 1 line
12-16 22:22:26.383  1023  1194 D MDnsDS  : MDnsSdListener::Monitor poll timed out
12-16 22:22:26.383  1023  1194 D MDnsDS  : Going to poll with pollCount 1
12-16 22:22:28.941 22809 22809 D AndroidRuntime: >>>>>> START com.android.internal.os.RuntimeInit uid 2000 <<<<<<
12-16 22:22:28.954 22809 22809 W app_process: Could not reserve sentinel fault page
12-16 22:22:29.121 22809 22809 I app_process: The ClassLoaderContext is a special shared library.
12-16 22:22:29.193 22809 22809 D AndroidRuntime: Calling main entry com.android.commands.input.Input
12-16 22:22:29.194 22809 22809 I Input   : injectKeyEvent: KeyEvent { action=ACTION_DOWN, keyCode=KEYCODE_HOME, scanCode=0, metaState=0, flags=0x0, repeatCount=0, eventTime=9000172807, downTime=9000172807, deviceId=-1, source=0x101 }
12-16 22:22:29.200 22809 22809 I Input   : injectKeyEvent: KeyEvent { action=ACTION_UP, keyCode=KEYCODE_HOME, scanCode=0, metaState=0, flags=0x0, repeatCount=0, eventTime=9000172807, downTime=9000172807, deviceId=-1, source=0x101 }
12-16 22:22:29.208  1456  1941 I ActivityManager: START u0 {act=android.intent.action.MAIN cat=[android.intent.category.HOME] flg=0x10200000 cmp=com.android.launcher3/.CustomizationPanelLauncher (has extras)} from uid 1000
12-16 22:22:29.208   794   839 E ANDR-PERF-RESOURCEQS: Failed to apply optimization [4, 0]
12-16 22:22:29.219  1456  1941 I ActivityManager: moveHomeStack, setupComplete:true
12-16 22:22:29.222 22809 22809 D AndroidRuntime: Shutting down VM
12-16 22:22:29.232 19624 19707 I Adreno  : QUALCOMM build                   : bb5b86c, I77d3059488
12-16 22:22:29.232 19624 19707 I Adreno  : Build Date                       : 06/07/18
12-16 22:22:29.232 19624 19707 I Adreno  : OpenGL ES Shader Compiler Version: EV031.22.00.01_06
12-16 22:22:29.232 19624 19707 I Adreno  : Local Branch                     : 
12-16 22:22:29.232 19624 19707 I Adreno  : Remote Branch                    : refs/tags/AU_LINUX_ANDROID_LA.UM.6.5.R1.08.01.00.312.086
12-16 22:22:29.232 19624 19707 I Adreno  : Remote Branch                    : NONE
12-16 22:22:29.232 19624 19707 I Adreno  : Reconstruct Branch               : NOTHING
12-16 22:22:29.235 19624 19707 D vndksupport: Loading /vendor/lib/hw/gralloc.msm8937.so from current namespace instead of sphal namespace.
12-16 22:22:29.240 19624 19707 I Adreno  : PFP: 0x005ff087, ME: 0x005ff063
12-16 22:22:29.240 20313 20313 I Finsky  : [2] puo.onTrimMemory(1): Memory trim requested to level 80
12-16 22:22:29.241  2748  2748 D Launcher.Utilities: Wakeup weather: Intent { act=com.motorola.launcher3.action.WAKEUP_WEATHER cmp=com.motorola.timeweatherwidget/com.motorola.commandcenter.weather.WakeUpService }
12-16 22:22:29.245 19624 19707 I zygote  : android::hardware::configstore::V1_0::ISurfaceFlingerConfigs::hasWideColorDisplay retrieved: 0
12-16 22:22:29.246 19624 19707 I OpenGLRenderer: Initialized EGL, version 1.4
12-16 22:22:29.247 19624 19707 D OpenGLRenderer: Swap behavior 2
12-16 22:22:29.254  1456  1456 I NotificationService: Cannot find enqueued record for key: 0|com.motorola.timeweatherwidget|1|null|10116
12-16 22:22:29.262   808   808 D SurfaceFlinger: duplicate layer name: changing com.android.launcher3/com.android.launcher3.CustomizationPanelLauncher to com.android.launcher3/com.android.launcher3.CustomizationPanelLauncher#1
12-16 22:22:29.279 19624 19624 W ThreadPoolDumper: Queue length for executor EventBus is now 11. Perhaps some tasks are too long, or the pool is too small.
12-16 22:22:29.288  1456  2402 I WifiService: getWifiEnabledState uid=10073
12-16 22:22:29.299  1456  4802 I WifiService: getWifiEnabledState uid=10073
12-16 22:22:29.325 19624 19715 I MicroDetectionState: Should stop hotword detection immediately - false
12-16 22:22:29.330 19624 19715 I MicroDetectionWorker: #startMicroDetector [speakerMode: 0]
12-16 22:22:29.333 19624 19715 I AudioController: Created new AudioSource
12-16 22:22:29.335  1456  1673 I LaunchCheckinHandler: Displayed com.android.launcher3/.CustomizationPanelLauncher,wp,wa,127
12-16 22:22:29.340 19624 19715 I MicroDetectionWorker: onReady
12-16 22:22:29.340 19624 20798 I MicroDataManager: isInitializedWithLatestParams-true
12-16 22:22:29.340 19624 20798 I MicroDataManager: isInitializing-false locale not changed-true model not changed-true
12-16 22:22:29.341 19624 20798 I MicroDataManager: Already initialized, obtaining the hotword data immediately.
12-16 22:22:29.347 19624 10275 I MicroRecognitionRunner: Starting detection.
12-16 22:22:29.348 19624 10275 I InputStreamUtils: Using micInputStream
12-16 22:22:29.350 19624 21759 I MicrophoneInputStream: mic_starting  SR : 16000 CC : 16 SO : 1999
12-16 22:22:29.353   788  1401 V msm8974_platform: platform_check_input_mask: enter check_input_mask source 6 mask 10
12-16 22:22:29.354  1012 22824 I AudioFlinger: AudioFlinger's thread 0xb2483ec0 tid=22824 ready to run
12-16 22:22:29.359   788  1401 D audio_hw_primary: in_set_parameters: enter: kvpairs=input_source=6;routing=-2147483644
12-16 22:22:29.361  1012  1302 D APM_AudioPolicyManager: AudioPolicyManager::startInput() input 31670, session 31705, source = 1999
12-16 22:22:29.362 19624 21759 I MicrophoneInputStream: mic_started  SR : 16000 CC : 16 SO : 1999
12-16 22:22:29.363   788 22825 V msm8974_platform: platform_update_usecase_from_source: input source :6
12-16 22:22:29.364   788 22825 V msm8974_platform: platform_check_input_mask: enter check_input_mask source 6 mask 10
12-16 22:22:29.364   788 22825 V msm8974_platform: platform_get_input_snd_device: enter: out_device(0) in_device(0x4) channel_count (1) channel_mask (0x10)
12-16 22:22:29.364   788 22825 V msm8974_platform: platform_get_input_snd_device: exit: in_snd_device(voice-rec-mic)
12-16 22:22:29.364   788 22825 V msm8974_platform: platform_get_backend_index:napb: backend port - 5 device - 120 
12-16 22:22:29.364   788 22825 V msm8974_platform: platform_check_and_set_capture_backend_cfg:txbecf: afe: bitwidth 0, samplerate 0, channel 1, backend_idx 5 usecase = 9 device (voice-rec-mic)
12-16 22:22:29.364   788 22825 V msm8974_platform: platform_check_capture_backend_cfg:txbecf: afe: Codec selected backend: 5 current bit width: 0 and sample rate: 0, channels 1
12-16 22:22:29.364   788 22825 V msm8974_platform: platform_check_capture_backend_cfg:txbecf: afe: Codec selected backend: 5 updated bit width: 0 and sample rate: 0
12-16 22:22:29.364   788 22825 I msm8974_platform: platform_check_capture_backend_cfg:txbecf: afe: Codec backend needs to be updated. new bit width: 0 new sample rate: 0 new channel: 1
12-16 22:22:29.364   788 22825 V msm8974_platform: platform_get_backend_index:napb: backend port - 5 device - 120 
12-16 22:22:29.364   788 22825 V msm8974_platform: platform_set_backend_cfg:becf: afe: bitwidth 0, samplerate 0 channels 1, backend_idx 5 device (voice-rec-mic)
12-16 22:22:29.364   788 22825 E msm8974_platform: platform_set_backend_cfg:becf: afe: Could not get ctl for mixer command - SLIM_0_TX Format
12-16 22:22:29.364   788 22825 V msm8974_platform: platform_send_audio_calibration: sending audio calibration for snd_device(120) acdb_id(62)
12-16 22:22:29.365   788 22825 D ACDB-LOADER: ACDB -> send_audio_cal, acdb_id = 62, path = 1, app id = 0x11130, sample rate = 48000
12-16 22:22:29.365   788 22825 D ACDB-LOADER: ACDB -> send_asm_topology
12-16 22:22:29.365   788 22825 D ACDB-LOADER: ACDB -> ACDB_CMD_GET_AUDPROC_STREAM_TOPOLOGY_ID
12-16 22:22:29.365   788 22825 D ACDB-LOADER: ACDB -> send_adm_topology
12-16 22:22:29.365   788 22825 D ACDB-LOADER: ACDB -> ACDB_CMD_GET_AUDPROC_COMMON_TOPOLOGY_ID
12-16 22:22:29.365   788 22825 D ACDB-LOADER: ACDB -> send_audtable
12-16 22:22:29.365   788 22825 D ACDB-LOADER: ACDB -> ACDB_CMD_GET_AUDPROC_COMMON_TABLE_SIZE
12-16 22:22:29.365   788 22825 D ACDB-LOADER: ACDB -> ACDB_CMD_GET_AUDPROC_COMMON_TABLE
12-16 22:22:29.365   788 22825 D ACDB-LOADER: ACDB -> AUDIO_SET_AUDPROC_CAL
12-16 22:22:29.365   788 22825 D ACDB-LOADER: ACDB -> send_audvoltable
12-16 22:22:29.365   788 22825 D ACDB-LOADER: ACDB -> ACDB_CMD_GET_AUDPROC_VOL_STEP_TABLE_SIZE
12-16 22:22:29.365   788 22825 D ACDB-LOADER: ACDB -> ACDB_CMD_GET_AUDPROC_GAIN_DEP_STEP_TABLE, vol index 0
12-16 22:22:29.365   788 22825 D         : Failed to fetch the lookup information of the device 0000003E 
12-16 22:22:29.365   788 22825 D ACDB-LOADER: ACDB -> AUDIO_SET_VOL_CAL cal type = 12
12-16 22:22:29.365   788 22825 D ACDB-LOADER: ACDB -> ACDB_CMD_GET_AUDPROC_STREAM_TABLE_SIZE
12-16 22:22:29.365   788 22825 D ACDB-LOADER: ACDB -> send_audstrmtable
12-16 22:22:29.365   788 22825 D ACDB-LOADER: ACDB -> ACDB_CMD_GET_AUDPROC_STREAM_TABLE_V2
12-16 22:22:29.365   788 22825 D ACDB-LOADER: ACDB -> audstrm_cal->cal_type.cal_data.cal_size = 456
12-16 22:22:29.365   788 22825 D ACDB-LOADER: ACDB -> send_afe_topology
12-16 22:22:29.365   788 22825 D ACDB-LOADER: ACDB -> ACDB_CMD_GET_AFE_TOPOLOGY_ID
12-16 22:22:29.365   788 22825 D ACDB-LOADER: ACDB -> GET_AFE_TOPOLOGY_ID for adcd_id 62, Topology Id 112fb
12-16 22:22:29.365   788 22825 D ACDB-LOADER: ACDB -> send_afe_cal
12-16 22:22:29.365   788 22825 D ACDB-LOADER: ACDB -> ACDB_CMD_GET_AFE_COMMON_TABLE_SIZE
12-16 22:22:29.365   788 22825 D         : Failed to fetch the lookup information of the device 0000003E 
12-16 22:22:29.366   788 22825 E ACDB-LOADER: Error: ACDB_CMD_GET_AFE_COMMON_TABLE_SIZE Returned = -19
12-16 22:22:29.366   788 22825 D ACDB-LOADER: ACDB -> ACDB_CMD_GET_AFE_COMMON_TABLE
12-16 22:22:29.366   788 22825 D         : Failed to fetch the lookup information of the device 0000003E 
12-16 22:22:29.366   788 22825 D ACDB-LOADER: ACDB -> AUDIO_SET_AFE_CAL
12-16 22:22:29.366   788 22825 D ACDB-LOADER: ACDB -> send_hw_delay : acdb_id = 62 path = 1
12-16 22:22:29.366   788 22825 D ACDB-LOADER: ACDB -> ACDB_AVSYNC_INFO: ACDB_CMD_GET_DEVICE_PROPERTY
12-16 22:22:29.366   788 22825 D audio_hw_primary: enable_snd_device: snd_device(120: voice-rec-mic)
12-16 22:22:29.366   788 22825 D audio_route: Apply path: voice-rec-mic
12-16 22:22:29.369   788 22825 V msm8974_platform: platform_get_snd_device_backend_index: enter with device 120
12-16 22:22:29.369   788 22825 E msm8974_platform: platform_get_snd_device_backend_index: BE DAI Name Table is not present
12-16 22:22:29.369   788 22825 V msm8974_platform: platform_get_backend_index:napb: backend port - 5 device - 120 
12-16 22:22:29.369   788 22825 I audio_hw_utils: Set Audio Stream Capture 0 App Type Cfg: app_type 69936, acdb_dev_id 62, sample_rate 48000, snd_device_be_idx -14
12-16 22:22:29.369   788 22825 D audio_hw_primary: enable_audio_route: usecase(9) apply and update mixer path: audio-record
12-16 22:22:29.369   788 22825 D audio_route: Apply path: audio-record
12-16 22:22:29.438 19624 19715 I MicroDetectionWorker: onReady
12-16 22:22:29.732  1456  7796 I OpenGLRenderer: Initialized EGL, version 1.4
12-16 22:22:29.732  1456  7796 D OpenGLRenderer: Swap behavior 2
12-16 22:22:29.761 19624 19634 I zygote  : Background concurrent copying GC freed 348473(16MB) AllocSpace objects, 22(7MB) LOS objects, 45% free, 28MB/52MB, paused 174us total 411.981ms
12-16 22:22:29.795  2748  2917 W OpenGLRenderer: Incorrectly called buildLayer on View: ShortcutAndWidgetContainer, destroying layer...
12-16 22:22:29.933 22664 22766 I chatty  : uid=10581(org.mozilla.fenix.performancetest) expire 6 lines
12-16 22:22:29.964   808   808 I SFPerfTracer:      triggers: (rate: 48:47292) (compose: 0:5) (post: 0:12) (render: 0:9) (8:1120214 frames) (9:2003170)
