10-01 21:43:56.268 26003 26025 D App     : Experiments active: {asFeatureSyncDisabled=false}
10-01 21:43:56.276 26003 26022 W GeckoLinker: /data/app/org.mozilla.fenix.nightly-g9dvGAB_jBwc-Zjk1lFXrA==/lib/arm/libnss3.so: unhandled flags #8 not handled
10-01 21:43:56.277 26003 26003 I glean/Glean: Metrics enabled: true
10-01 21:43:56.285 26003 26022 W GeckoLinker: /data/app/org.mozilla.fenix.nightly-g9dvGAB_jBwc-Zjk1lFXrA==/lib/arm/libnss3.so: Relocation to NULL @0x00133ffc for symbol "__cxa_type_match"
10-01 21:43:56.285 26003 26022 E GeckoLibLoad: Load sqlite done
10-01 21:43:56.286 26003 26022 E GeckoLibLoad: Load nss start
10-01 21:43:56.286 26003 26022 E GeckoLibLoad: Load nss done
10-01 21:43:56.286 26003 26022 W GeckoLinker: /data/app/org.mozilla.fenix.nightly-g9dvGAB_jBwc-Zjk1lFXrA==/lib/arm/libxul.so: unhandled flags #8 not handled
10-01 21:43:56.287 26003 26022 W GeckoLinker: /data/app/org.mozilla.fenix.nightly-g9dvGAB_jBwc-Zjk1lFXrA==/lib/arm/liblgpllibs.so: unhandled flags #8 not handled
10-01 21:43:56.307 26003 26003 I glean/Dispatchers: Task queued for execution and delayed until flushed
10-01 21:43:56.326 26003 26022 E GeckoLibLoad: Loaded libs in 39.794431ms total, 23ms(86ms) user, 10ms(36ms) system, 0(0) faults
10-01 21:43:56.326 26003 26022 D GeckoThread: State changed to LIBS_READY
10-01 21:43:56.326 26003 26022 W GeckoThread: zerdatime 2508709788 - runGecko
10-01 21:43:56.331 26003 26022 D GeckoProfile: Loading profile at: null name: default
10-01 21:43:56.332 26003 26022 D GeckoProfile: Found profile dir: /data/user/0/org.mozilla.fenix.nightly/files/mozilla/pwksrr1a.default
10-01 21:43:56.346  1456  7556 I ActivityManager: Start proc 26042:org.mozilla.fenix.nightly:tab/u0a294 for service org.mozilla.fenix.nightly/org.mozilla.gecko.process.GeckoServiceChildProcess$tab
10-01 21:43:56.367 26003 26003 I glean/Dispatchers: Task queued for execution and delayed until flushed
10-01 21:43:56.367 26003 26003 I glean/Dispatchers: Task queued for execution and delayed until flushed
10-01 21:43:56.373 26003 26003 D App     : ActivationPing - already generated
10-01 21:43:56.419 26042 26042 W System.err: SLF4J: Failed to load class "org.slf4j.impl.StaticLoggerBinder".
10-01 21:43:56.419 26042 26042 W System.err: SLF4J: Defaulting to no-operation (NOP) logger implementation
10-01 21:43:56.419 26042 26042 W System.err: SLF4J: See http://www.slf4j.org/codes.html#StaticLoggerBinder for further details.
10-01 21:43:56.420 26042 26042 D io.sentry.android.AndroidSentryClientFactory: Construction of Android Sentry.
10-01 21:43:56.442 26042 26042 D RustNativeSupport: findMegazordLibraryName(viaduct, 0.40.0
10-01 21:43:56.442 26042 26042 D RustNativeSupport: lib in use: none
10-01 21:43:56.442 26042 26042 D RustNativeSupport: lib configured: fenix
10-01 21:43:56.442 26042 26042 D RustNativeSupport: lib version configured: 0.40.0
10-01 21:43:56.442 26042 26042 D RustNativeSupport: settled on fenix
10-01 21:43:56.443   808   898 I SFPerfTracer:      triggers: (rate: 0:0) (0 sw vsyncs) (0 skipped) (24:73783 vsyncs) (26:336657)
10-01 21:43:56.479 26042 26042 D RustNativeSupport: findMegazordLibraryName(rustlog, 0.40.0
10-01 21:43:56.479 26042 26042 D RustNativeSupport: lib in use: none
10-01 21:43:56.479 26042 26042 D RustNativeSupport: lib configured: fenix
10-01 21:43:56.479 26042 26042 D RustNativeSupport: lib version configured: 0.40.0
10-01 21:43:56.479 26042 26042 D RustNativeSupport: settled on fenix
10-01 21:43:56.483 26042 26042 I rc_log_ffi::ios: rc_log adapter initialized!
10-01 21:43:56.494 26042 26042 D GeckoThread: State changed to LAUNCHED
10-01 21:43:56.495 26042 26066 I GeckoThread: preparing to run Gecko
10-01 21:43:56.497 26003 26013 I zygote  : Background concurrent copying GC freed 11222(983KB) AllocSpace objects, 17(444KB) LOS objects, 49% free, 1940KB/3MB, paused 457us total 114.072ms
10-01 21:43:56.498 26003 26003 W [WARNING][Leanplum]: [com.leanplum.internal.ActionManager::getLocationManager::8]: Geofencing support requires leanplum-location module and Google Play Services v8.1 and higher.
10-01 21:43:56.498 26003 26003 W [WARNING][Leanplum]: Add this to your build.gradle file:
10-01 21:43:56.498 26003 26003 W [WARNING][Leanplum]: implementation 'com.google.android.gms:play-services-location:8.3.0+'
10-01 21:43:56.498 26003 26003 W [WARNING][Leanplum]: implementation 'com.leanplum:leanplum-location:+'
10-01 21:43:56.500 26003 26003 I [INFO][Leanplum]: [com.leanplum.monitoring.ExceptionHandler::setContext::6]: LeanplumExceptionHandler could not initialize Exception Reporting.This is expected if you have not included the leanplum-monitoring module
10-01 21:43:56.511 26003 26003 I FirefoxAccountStateMachine: Enabling/updating sync with a new SyncConfig: SyncConfig(supportedEngines=[mozilla.components.service.fxa.SyncEngine$History@a47e3f6, mozilla.components.service.fxa.SyncEngine$Bookmarks@e5533f7], syncPeriodInMinutes=240)
10-01 21:43:56.514 26003 26003 I BgSyncManager: Periodic syncing enabled at a 240 interval
10-01 21:43:56.515 26003 26003 I FirefoxAccountStateMachine: Sync is enabled
10-01 21:43:56.518 26003 26003 W PushConfig: No firebase configuration found; cannot support push service.
10-01 21:43:56.521 26003 26070 I FirefoxAccountStateMachine: Processing event Event$Init for state Start. Next state is Start
10-01 21:43:56.522 26003 26008 I zygote  : Do partial code cache collection, code=27KB, data=22KB
10-01 21:43:56.524 26003 26008 I zygote  : After code cache collection, code=27KB, data=22KB
10-01 21:43:56.524 26003 26008 I zygote  : Increasing code cache capacity to 128KB
10-01 21:43:56.526 26003 26070 I FirefoxAccountStateMachine: Ran 'Event$Init' side-effects for state Start, got successive event Event$AccountNotFound
10-01 21:43:56.527 26003 26070 I FirefoxAccountStateMachine: Processing event Event$AccountNotFound for state Start. Next state is NotAuthenticated
10-01 21:43:56.531 26003 26070 D RustNativeSupport: findMegazordLibraryName(fxaclient, 0.40.0
10-01 21:43:56.531 26003 26070 D RustNativeSupport: lib in use: none
10-01 21:43:56.531 26003 26070 D RustNativeSupport: lib configured: fenix
10-01 21:43:56.532 26003 26070 D RustNativeSupport: lib version configured: 0.40.0
10-01 21:43:56.532 26003 26070 D RustNativeSupport: settled on fenix
10-01 21:43:56.537 26003 26070 D fxaclient_ffi: fxa_new
10-01 21:43:56.558 26003 26003 D GeckoRuntime: Lifecycle: onStart
10-01 21:43:56.567 26003 26003 D GeckoRuntime: Lifecycle: onResume
10-01 21:43:56.568 26003 26003 D GeckoNetworkManager: Incoming event start for state OffNoListeners -> OnNoListeners
10-01 21:43:56.569 26003 26003 D GeckoNetworkManager: New network state: UP, WIFI, WIFI
10-01 21:43:56.574 26003 26067 D NetworkSecurityConfig: No Network Security Config specified, using platform default
10-01 21:43:56.586 26003 26077 D OpenGLRenderer: HWUI GL Pipeline
10-01 21:43:56.594 26003 26003 I glean/Glean: Registering pings for org.mozilla.fenix.GleanMetrics.Pings
10-01 21:43:56.595 26003 26003 I glean/Glean: Registering pings for mozilla.components.service.glean.GleanMetrics.Pings
10-01 21:43:56.611 26003 26003 I glean/Dispatchers: Task queued for execution and delayed until flushed
10-01 21:43:56.623 26003 26003 D glean/MetricsPingScheduler: The 'metrics' ping was last sent on Tue Oct 01 00:00:00 EDT 2019
10-01 21:43:56.624 26003 26003 I glean/MetricsPingScheduler: The 'metrics' ping was already sent today, Tue Oct 01 21:43:56 EDT 2019.
10-01 21:43:56.624 26003 26003 D glean/MetricsPingScheduler: Scheduling the 'metrics' ping in 22563387ms
10-01 21:43:56.626 26003 26003 D glean/MetricsPingScheduler: The 'metrics' ping was last sent on Tue Oct 01 00:00:00 EDT 2019
10-01 21:43:56.626 26003 26003 I glean/MetricsPingScheduler: The 'metrics' ping was already sent today, Tue Oct 01 21:43:56 EDT 2019.
10-01 21:43:56.626 26003 26003 D glean/MetricsPingScheduler: Scheduling the 'metrics' ping in 22563375ms
10-01 21:43:56.632 26003 26085 D glean/PingMaker: Collecting events
10-01 21:43:56.680 26003 26069 E ActivityThread: Failed to find provider info for com.facebook.katana.provider.AttributionIdProvider
10-01 21:43:56.750  1456  7556 I ActivityManager: START u0 {act=android.intent.action.VIEW dat=about:blank typ=text/html flg=0x10000000 cmp=org.mozilla.fenix.nightly/org.mozilla.fenix.HomeActivity (has extras)} from uid 10294
10-01 21:43:56.761 26003 26003 D GeckoNetworkManager: Incoming event receivedUpdate for state OnNoListeners -> OnNoListeners
10-01 21:43:56.761 26003 26022 I Gecko:DumpUtils: Fifo watcher disabled via pref.
10-01 21:43:56.763 26003 26003 D GeckoNetworkManager: New network state: UP, WIFI, WIFI
10-01 21:43:56.779  1456  7556 I WifiService: getDhcpInfo uid=10294
10-01 21:43:56.799 26003 26061 D glean/PingStorageEngine: Storing ping 837ac9d1-e756-490f-a763-f98e525694eb at /data/user/0/org.mozilla.fenix.nightly/glean_data/pending_pings/837ac9d1-e756-490f-a763-f98e525694eb
10-01 21:43:56.800 26003 26077 I Adreno  : QUALCOMM build                   : bb5b86c, I77d3059488
10-01 21:43:56.800 26003 26077 I Adreno  : Build Date                       : 06/07/18
10-01 21:43:56.800 26003 26077 I Adreno  : OpenGL ES Shader Compiler Version: EV031.22.00.01_06
10-01 21:43:56.800 26003 26077 I Adreno  : Local Branch                     : 
10-01 21:43:56.800 26003 26077 I Adreno  : Remote Branch                    : refs/tags/AU_LINUX_ANDROID_LA.UM.6.5.R1.08.01.00.312.086
10-01 21:43:56.800 26003 26077 I Adreno  : Remote Branch                    : NONE
10-01 21:43:56.800 26003 26077 I Adreno  : Reconstruct Branch               : NOTHING
10-01 21:43:56.801 26003 26077 D vndksupport: Loading /vendor/lib/hw/gralloc.msm8937.so from current namespace instead of sphal namespace.
10-01 21:43:56.829 26003 26077 I Adreno  : PFP: 0x005ff087, ME: 0x005ff063
10-01 21:43:56.841 26003 26077 I zygote  : android::hardware::configstore::V1_0::ISurfaceFlingerConfigs::hasWideColorDisplay retrieved: 0
10-01 21:43:56.854 26003 26077 I OpenGLRenderer: Initialized EGL, version 1.4
10-01 21:43:56.855 26003 26077 D OpenGLRenderer: Swap behavior 2
10-01 21:43:56.866  1456  7570 D ConnectivityService: requestNetwork for uid/pid:10294/26003 NetworkRequest [ TRACK_DEFAULT id=822, [ Capabilities: INTERNET&NOT_RESTRICTED&TRUSTED&NOT_VPN] ]
10-01 21:43:56.868  1456  2099 D Ethernet: got request NetworkRequest [ TRACK_DEFAULT id=822, [ Capabilities: INTERNET&NOT_RESTRICTED&TRUSTED&NOT_VPN] ] with score 60
10-01 21:43:56.868  1456  2054 D WIFI_UT : got request NetworkRequest [ TRACK_DEFAULT id=822, [ Capabilities: INTERNET&NOT_RESTRICTED&TRUSTED&NOT_VPN] ] with score 60
10-01 21:43:56.868  1456  2054 D WIFI    : got request NetworkRequest [ TRACK_DEFAULT id=822, [ Capabilities: INTERNET&NOT_RESTRICTED&TRUSTED&NOT_VPN] ] with score 60
10-01 21:43:56.868  2398  2398 D PhoneSwitcherNetworkRequstListener: got request NetworkRequest [ TRACK_DEFAULT id=822, [ Capabilities: INTERNET&NOT_RESTRICTED&TRUSTED&NOT_VPN] ] with score 60
10-01 21:43:56.873 26003 26077 D vndksupport: Loading /vendor/lib/hw/android.hardware.graphics.mapper@2.0-impl.so from current namespace instead of sphal namespace.
10-01 21:43:56.875 26003 26077 D vndksupport: Loading /vendor/lib/hw/gralloc.msm8937.so from current namespace instead of sphal namespace.
10-01 21:43:56.897  1456  1673 I LaunchCheckinHandler: Displayed org.mozilla.fenix.nightly/org.mozilla.fenix.IntentReceiverActivity,cp,ca,912
10-01 21:43:56.918 26003 26003 D PhoneWindow: Restoring navigation bar divider color to default value = 0x00000000
10-01 21:43:56.994 26003 26003 I NavController: Ignoring popBackStack to destination org.mozilla.fenix.nightly:id/browserFragment as it was not found on the current back stack
10-01 21:43:57.001 26003 26022 D GeckoSysInfo: System memory: 1867MB.
10-01 21:43:57.003 26003 26022 D GeckoThread: State changed to JNI_READY
10-01 21:43:57.008 26003 26008 I zygote  : Do partial code cache collection, code=62KB, data=50KB
10-01 21:43:57.011 26003 26008 I zygote  : After code cache collection, code=54KB, data=45KB
10-01 21:43:57.011 26003 26008 I zygote  : Increasing code cache capacity to 256KB
10-01 21:43:57.270 26003 26070 W FirefoxAccountStateMachine: Got invalid event Event$Init for state NotAuthenticated.
10-01 21:43:57.282 26003 26133 I experiments: Fetching experiments from https://firefox.settings.services.mozilla.com/v1/buckets/main/collections/mobile-experiments/records?_since=1566233826256
10-01 21:43:57.286 26003 26134 D glean/PingStorageEngine: Processing persisted pings at /data/user/0/org.mozilla.fenix.nightly/glean_data/pending_pings
10-01 21:43:57.287 26003 26134 D glean/PingStorageEngine: Processing ping: 837ac9d1-e756-490f-a763-f98e525694eb
10-01 21:43:57.290 26003 26134 D glean/ConceptFetchHttpUploader: Submitting ping to: https://incoming.telemetry.mozilla.org/submit/org-mozilla-fenix-nightly/events/1/837ac9d1-e756-490f-a763-f98e525694eb
10-01 21:43:57.348 26003 26003 I zygote  : Deoptimizing java.lang.Object androidx.collection.SimpleArrayMap.put(java.lang.Object, java.lang.Object) due to JIT inline cache
10-01 21:43:57.379 26003 26129 W LOTTIE  : Animation contains merge paths. Merge paths are only supported on KitKat+ and must be manually enabled by calling enableMergePathsForKitKatAndAbove().
10-01 21:43:57.398   808   808 I SFPerfTracer:      triggers: (rate: 4:5218) (compose: 0:0) (post: 0:0) (render: 0:1) (0:131279 frames) (1:334222)
10-01 21:43:57.398   808   808 D SFPerfTracer:        layers: (3:11) (NavigationBar#0 (0xb07df000): 0:1072) (StatusBar#0 (0xb07e3000): 0:200928) (com.android.systemui.ImageWallpaper#0 (0xb07e7000): 0:76)* (Sprite#0 (0xb0733000): 0:317)* (DimLayerController/Stack=0#0 (0xb075a000): 0:165)* (animation background stackId=1#0 (0xb0771000): 0:4)* (Sprite#1 (0xb077c000): 0:195)* (org.mozilla.fenix.nightly/org.mozilla.fenix.HomeActivity#0 (0xb075d000): 0:83)- (com.android.settings/com.android.settings.Settings$DevelopmentSettingsActivity#0 (0xb0763000): 0:7)* (Splash Screen org.mozilla.fenix.nightly#0 (0xb0396000): 0:21) (org.mozilla.fenix.nightly/org.mozilla.fenix.IntentReceiverActivity#0 (0xb03a0000): 0:5)* 
10-01 21:43:57.461 26003 26022 I Gecko   : 1569980637453	addons.xpi	WARN	List of valid built-in add-ons could not be parsed.: [Exception... "Component returned failure code: 0x80520012 (NS_ERROR_FILE_NOT_FOUND) [nsIXPCComponents_Utils.readUTF8URI]"  nsresult: "0x80520012 (NS_ERROR_FILE_NOT_FOUND)"  location: "JS frame :: resource://gre/modules/addons/XPIProvider.jsm :: startup :: line 2362"  data: no] Stack trace: startup()@resource://gre/modules/addons/XPIProvider.jsm:2362
10-01 21:43:57.461 26003 26022 I Gecko   : callProvider()@resource://gre/modules/AddonManager.jsm:213
10-01 21:43:57.461 26003 26022 I Gecko   : _startProvider()@resource://gre/modules/AddonManager.jsm:649
10-01 21:43:57.461 26003 26022 I Gecko   : startup()@resource://gre/modules/AddonManager.jsm:873
10-01 21:43:57.461 26003 26022 I Gecko   : startup()@resource://gre/modules/AddonManager.jsm:3469
10-01 21:43:57.461 26003 26022 I Gecko   : observe()@resource://gre/modules/addonManager.js:86
10-01 21:43:57.475 26003 26008 I zygote  : Do full code cache collection, code=126KB, data=97KB
10-01 21:43:57.481 26003 26008 I zygote  : After code cache collection, code=95KB, data=58KB
10-01 21:43:57.568  1456  1673 I ActivityManager: Displayed org.mozilla.fenix.nightly/org.mozilla.fenix.HomeActivity: +721ms (total +1s579ms)
10-01 21:43:57.590 26003 26003 W LOTTIE  : Animation contains merge paths but they are disabled.
10-01 21:43:57.670 26003 26022 D GeckoThread: State changed to PROFILE_READY
10-01 21:43:57.694 26003 26134 D glean/ConceptFetchHttpUploader: Ping successfully sent (200)
10-01 21:43:57.695 26003 26134 D glean/PingStorageEngine: 837ac9d1-e756-490f-a763-f98e525694eb was deleted: true
10-01 21:43:57.696 26003 26017 I WM-WorkerWrapper: Worker result SUCCESS for Work [ id=d8a1e131-c332-41e6-a17c-d99cae69d77c, tags={ mozac_service_glean_ping_upload_worker, mozilla.components.service.glean.scheduler.PingUploadWorker } ]
10-01 21:43:57.701  1456  2067 D ConnectivityService: releasing NetworkRequest [ TRACK_DEFAULT id=822, [ Capabilities: INTERNET&NOT_RESTRICTED&TRUSTED&NOT_VPN] ] (release request)
10-01 21:43:57.781 26003 26022 W GeckoEventDispatcher: No listener for AndroidCastDevice:SyncDevice
10-01 21:43:57.787 26003 26022 I Gecko   : -*- nsDNSServiceDiscovery.js : nsDNSServiceDiscovery
10-01 21:43:57.890 26003 26022 W ResourceType: Too many attribute references, stopped at: 0x01010099
10-01 21:43:57.936 26003 26022 I Gecko   : Attempting load of libEGL.so
10-01 21:43:58.125 26003 26003 D GeckoNetworkManager: Incoming event enableNotifications for state OnNoListeners -> OnWithListeners
10-01 21:43:58.127 26003 26003 D GeckoNetworkManager: New network state: UP, WIFI, WIFI
10-01 21:43:58.128 26003 26003 D GeckoNetworkManager: Incoming event receivedUpdate for state OnWithListeners -> OnWithListeners
10-01 21:43:58.129 26003 26003 D GeckoNetworkManager: New network state: UP, WIFI, WIFI
10-01 21:43:58.131 26003 26022 W GeckoLinker: /data/app/org.mozilla.fenix.nightly-g9dvGAB_jBwc-Zjk1lFXrA==/lib/arm/libsoftokn3.so: unhandled flags #8 not handled
10-01 21:43:58.132 26003 26022 W GeckoLinker: /data/app/org.mozilla.fenix.nightly-g9dvGAB_jBwc-Zjk1lFXrA==/lib/arm/libsoftokn3.so: Relocation to NULL @0x00025ffc for symbol "__cxa_type_match"
10-01 21:43:58.132 26003 26022 W GeckoLinker: /data/app/org.mozilla.fenix.nightly-g9dvGAB_jBwc-Zjk1lFXrA==/lib/arm/libfreebl3.so: unhandled flags #8 not handled
10-01 21:43:58.133 26003 26022 W GeckoLinker: /data/app/org.mozilla.fenix.nightly-g9dvGAB_jBwc-Zjk1lFXrA==/lib/arm/libfreebl3.so: Relocation to NULL @0x00040ffc for symbol "__cxa_type_match"
10-01 21:43:58.166 26003 26153 W GeckoLinker: /data/app/org.mozilla.fenix.nightly-g9dvGAB_jBwc-Zjk1lFXrA==/lib/arm/libnssckbi.so: unhandled flags #8 not handled
10-01 21:43:58.167 26003 26153 W GeckoLinker: /data/app/org.mozilla.fenix.nightly-g9dvGAB_jBwc-Zjk1lFXrA==/lib/arm/libnssckbi.so: Relocation to NULL @0x00050ffc for symbol "__cxa_type_match"
10-01 21:43:58.371 26003 26133 D experiments: Fetched experiments from https://firefox.settings.services.mozilla.com/v1/buckets/main/collections/mobile-experiments/records?_since=1566233826256:
10-01 21:43:58.371 26003 26133 D experiments: {"data":[]}
10-01 21:43:58.373 26003 26133 I experiments: Experiments update from server: ExperimentsSnapshot(experiments=[Experiment(id=fenix-test-2019-08-05, description=End-to-end test of the Mobiles Experiments platform for Firefox Preview., lastModified=1566233826256, schemaModified=1566228455761, buckets=Buckets(start=0, count=667), branches=[Branch(name=a, ratio=1), Branch(name=b, ratio=1), Branch(name=c, ratio=1)], match=Matcher(appId=^org.mozilla.fenix$, appDisplayVersion=null, appMinVersion=null, appMaxVersion=null, localeLanguage=null, localeCountry=null, deviceManufacturer=null, deviceModel=null, regions=[], debugTags=[]))], lastModified=1566233826256)
10-01 21:43:58.375 26003 26133 I experiments: onExperimentsUpdated - no experiment currently active, looking for match
10-01 21:43:58.378 26003 26017 I WM-WorkerWrapper: Worker result SUCCESS for Work [ id=a28a39c4-4fad-434d-8a7b-0eb8d057fcac, tags={ mozilla.components.service.experiments.ExperimentsUpdaterWorker, mozilla.components.service.experiments } ]
10-01 21:43:58.456 26042 26066 D GeckoThread: State changed to MOZGLUE_READY
10-01 21:43:58.463 26042 26066 W Settings: Setting animator_duration_scale has moved from android.provider.Settings.System to android.provider.Settings.Global, returning read-only global URI.
10-01 21:43:58.465 26042 26066 E GeckoLibLoad: Load sqlite start
10-01 21:43:58.482 26042 26066 W GeckoLinker: /data/app/org.mozilla.fenix.nightly-g9dvGAB_jBwc-Zjk1lFXrA==/lib/arm/libnss3.so: unhandled flags #8 not handled
10-01 21:43:58.487 26042 26066 W GeckoLinker: /data/app/org.mozilla.fenix.nightly-g9dvGAB_jBwc-Zjk1lFXrA==/lib/arm/libnss3.so: Relocation to NULL @0x00133ffc for symbol "__cxa_type_match"
10-01 21:43:58.487 26042 26066 E GeckoLibLoad: Load sqlite done
10-01 21:43:58.487 26042 26066 E GeckoLibLoad: Load nss start
10-01 21:43:58.487 26042 26066 E GeckoLibLoad: Load nss done
10-01 21:43:58.488 26042 26066 W GeckoLinker: /data/app/org.mozilla.fenix.nightly-g9dvGAB_jBwc-Zjk1lFXrA==/lib/arm/libxul.so: unhandled flags #8 not handled
10-01 21:43:58.488 26042 26066 W GeckoLinker: /data/app/org.mozilla.fenix.nightly-g9dvGAB_jBwc-Zjk1lFXrA==/lib/arm/liblgpllibs.so: unhandled flags #8 not handled
10-01 21:43:58.496 26003 26022 D GeckoThread: State changed to RUNNING
10-01 21:43:58.497 26003 26022 I GeckoSession: zerdatime 2508711958 - chrome startup finished
10-01 21:43:58.519 26042 26066 E GeckoLibLoad: Loaded libs in 31.932087ms total, 23ms(23ms) user, 10ms(6ms) system, 0(0) faults
10-01 21:43:58.520 26042 26066 D GeckoThread: State changed to LIBS_READY
10-01 21:43:58.520 26042 26066 W GeckoThread: zerdatime 2508711981 - runGecko
10-01 21:43:58.657 26003 26022 W ResourceType: Too many attribute references, stopped at: 0x01010099
10-01 21:43:59.002 26042 26066 D GeckoThread: State changed to RUNNING
10-01 21:43:59.124 26003 26003 D App     : Installed browser-icons extension
10-01 21:43:59.126 26003 26003 D mozac-webextensions: Installed extension: mozacWebchannel
10-01 21:43:59.126 26003 26003 D mozac-webextensions: Installed extension: mozacReaderview
10-01 21:43:59.261 26003 26003 D GeckoSession: handleMessage GeckoView:PageStart uri=about:blank
10-01 21:43:59.269 26003 26022 D GeckoScreenOrientation: unlocking
10-01 21:43:59.275 26003 26003 D GeckoSession: handleMessage GeckoView:LocationChange uri=about:blank
10-01 21:43:59.275 26003 26003 D GeckoSession: handleMessage GeckoView:PageStop uri=null
10-01 21:43:59.279 26003 26003 I SessionStorage/AutoSave: Save: Load finished
10-01 21:43:59.290 26003 26025 D SessionStorage/AutoSave: Saved state to disk [10ms]
10-01 21:43:59.297 26003 26003 D GeckoSession: handleMessage GeckoView:OnLoadRequest uri=about:blank
10-01 21:43:59.313 26003 26003 D GeckoSession: handleMessage GeckoView:OnLoadRequest uri=about:blank
10-01 21:43:59.325 26003 26008 I zygote  : Do partial code cache collection, code=120KB, data=90KB
10-01 21:43:59.327 26003 26008 I zygote  : After code cache collection, code=119KB, data=89KB
10-01 21:43:59.327 26003 26008 I zygote  : Increasing code cache capacity to 512KB
10-01 21:43:59.406 26003 26003 D GeckoSession: handleMessage GeckoView:PageStart uri=about:blank
10-01 21:43:59.422 26003 26003 D GeckoSession: handleMessage GeckoView:PageStop uri=null
10-01 21:43:59.427 26003 26003 I SessionStorage/AutoSave: Save: Load finished
10-01 21:43:59.428 26003 26063 D SessionStorage/AutoSave: Delaying save (1851ms)
10-01 21:43:59.444 26003 26003 D GeckoSession: handleMessage GeckoView:PageStart uri=about:blank
10-01 21:43:59.468 26003 26003 D GeckoSession: handleMessage GeckoView:SecurityChanged uri=null
10-01 21:43:59.472 26003 26003 D mozac-webcompat: Installed WebCompat webextension: webcompat@mozilla.com
10-01 21:43:59.544 26003 26003 D GeckoSession: handleMessage GeckoView:PageStop uri=null
10-01 21:43:59.548 26003 26003 I SessionStorage/AutoSave: Save: Load finished
10-01 21:43:59.548 26003 26003 D SessionStorage/AutoSave: Skipping save, other job already in flight
10-01 21:44:00.208 26003 26003 D GeckoSession: handleMessage GeckoView:StateUpdated uri=null
10-01 21:44:00.209 26003 26003 W GeckoSession: No history entries found.
10-01 21:44:01.296 26003 26025 D SessionStorage/AutoSave: Saved state to disk [15ms]
10-01 21:44:06.102  1456  4679 I ActivityManager: Force stopping org.mozilla.fenix.nightly appid=10294 user=0: from pid 26219
10-01 21:44:06.102  1456  4679 I ActivityManager: Killing 26003:org.mozilla.fenix.nightly/u0a294 (adj 0): stop org.mozilla.fenix.nightly
10-01 21:44:06.104  1456  1605 W zygote  : kill(-26003, 9) failed: No such process
10-01 21:44:06.106 26042 26042 I ServiceChildProcess: Service has been unbound. Stopping.
10-01 21:44:06.106  1456  4679 W ActivityManager: Force removing ActivityRecord{c1e0d78 u0 org.mozilla.fenix.nightly/org.mozilla.fenix.HomeActivity t557}: app died, no saved state
10-01 21:44:06.116  1456  1605 W zygote  : kill(-26003, 9) failed: No such process
10-01 21:44:06.131  1456  1605 W zygote  : kill(-26003, 9) failed: No such process
10-01 21:44:06.131  1456  7796 I OpenGLRenderer: Initialized EGL, version 1.4
10-01 21:44:06.132  1456  7796 D OpenGLRenderer: Swap behavior 2
10-01 21:44:06.146  1456  1605 W zygote  : kill(-26003, 9) failed: No such process
10-01 21:44:06.156  1456  4679 I ActivityManager: Killing 26042:org.mozilla.fenix.nightly:tab/u0a294 (adj 0): stop org.mozilla.fenix.nightly
10-01 21:44:06.159  1456  1605 I chatty  : uid=1000(system) ActivityManager identical 1 line
10-01 21:44:06.175  1456  1605 W zygote  : kill(-26003, 9) failed: No such process
10-01 21:44:06.183  2398  2398 D CarrierSvcBindHelper: No carrier app for: 0
10-01 21:44:06.184  2398  2398 D CarrierSvcBindHelper: No carrier app for: 1
10-01 21:44:06.190  1456  1605 W zygote  : kill(-26003, 9) failed: No such process
10-01 21:44:06.210  1456  1605 I chatty  : uid=1000(system) ActivityManager identical 1 line
10-01 21:44:06.219  1456  1605 W zygote  : kill(-26003, 9) failed: No such process
10-01 21:44:06.228  7883  7883 W Settings: Setting bugreport_in_power_menu has moved from android.provider.Settings.Secure to android.provider.Settings.Global.
10-01 21:44:06.235  1456  1605 W zygote  : kill(-26003, 9) failed: No such process
10-01 21:44:06.244  1456  5027 I WifiService: getVerboseLoggingLevel uid=1000
10-01 21:44:06.244  1456  4679 I WifiService: getAggressiveHandover uid=1000
10-01 21:44:06.245  1456  4679 I WifiService: getAllowScansWithTraffic uid=1000
10-01 21:44:06.255  7883 26223 W TileUtils: Found com.android.settings.backup.BackupSettingsActivity for intent Intent { act=com.android.settings.action.SETTINGS pkg=com.android.settings } missing metadata com.android.settings.category
10-01 21:44:06.260  1456  1605 W zygote  : kill(-26003, 9) failed: No such process
10-01 21:44:06.267 24240 24240 I Finsky  : [2] com.google.android.finsky.scheduler.JobSchedulerEngine$PhoneskyJobSchedulerJobService.onStartJob(5): onJobSchedulerWakeup with jobId 9001
10-01 21:44:06.274  1456  1605 W zygote  : kill(-26003, 9) failed: No such process
10-01 21:44:06.277 24240 24240 I Finsky  : [2] sgq.a(24): Scheduling fallback job with id: 9034, and delay: 43200000 ms
10-01 21:44:06.281 24240 24240 I Finsky  : [2] sgq.a(5): Scheduling fallback in 64799997 (absolute: 2573519739)
10-01 21:44:06.285  2398  2398 E PhoneInterfaceManager: [PhoneIntfMgr] getAllowedCarriers: CommandException: com.android.internal.telephony.CommandException: REQUEST_NOT_SUPPORTED
10-01 21:44:06.289  1456  1605 W zygote  : kill(-26003, 9) failed: No such process
10-01 21:44:06.295  2398  2398 E PhoneInterfaceManager: [PhoneIntfMgr] getAllowedCarriers: CommandException: com.android.internal.telephony.CommandException: REQUEST_NOT_SUPPORTED
10-01 21:44:06.305  1456  1605 W zygote  : kill(-26003, 9) failed: No such process
10-01 21:44:06.309  7883 26223 D Settings: No enabled state changed, skipping updateCategory call
10-01 21:44:06.330  1456  1605 W zygote  : kill(-26003, 9) failed: No such process
10-01 21:44:06.330   794   839 E ANDR-PERF-RESOURCEQS: Failed to apply optimization [4, 0]
10-01 21:44:06.331  1456  3927 I ActivityManager: START u0 {act=android.intent.action.VIEW dat=about:blank typ=text/html flg=0x10000000 cmp=org.mozilla.fenix.nightly/org.mozilla.fenix.IntentReceiverActivity} from uid 2000
10-01 21:44:06.332  1456  5027 I WindowManager: WIN DEATH: Window{30cc045 u0 org.mozilla.fenix.nightly/org.mozilla.fenix.HomeActivity}
10-01 21:44:06.337   808   872 E SurfaceFlinger: Failed to find layer (org.mozilla.fenix.nightly/org.mozilla.fenix.HomeActivity#0) in layer parent (no-parent).
10-01 21:44:06.343  1456  1605 W zygote  : kill(-26003, 9) failed: No such process
10-01 21:44:06.349  1456  1673 W ActivityManager: setHasOverlayUi called on unknown pid: 26003
10-01 21:44:06.356 24240 24240 I Finsky  : [2] shc.handleMessage(10): DeviceState: DeviceState{currentTime=1569980646316, isCharging=true, isIdle=false, netAny=true, netNotRoaming=true, netUnmetered=true, batteryPercent=100.0}
10-01 21:44:06.358  1456  1605 W zygote  : kill(-26003, 9) failed: No such process
10-01 21:44:06.366 24240 26228 I Finsky  : [13931] sjp.a(8): Jobs in database: 1-1337 3-541 12-1 24-77777777 26-1414141414 
10-01 21:44:06.376  1456  1605 W zygote  : kill(-26003, 9) failed: No such process
10-01 21:44:06.376  1456  1605 I zygote  : Successfully killed process cgroup uid 10294 pid 26003 in 272ms
10-01 21:44:06.377  1456  1605 W zygote  : kill(-26042, 9) failed: No such process
10-01 21:44:06.377  1456  1605 I zygote  : Successfully killed process cgroup uid 10294 pid 26042 in 0ms
10-01 21:44:06.386  1456 10366 I ActivityManager: Start proc 26229:org.mozilla.fenix.nightly/u0a294 for activity org.mozilla.fenix.nightly/org.mozilla.fenix.IntentReceiverActivity
10-01 21:44:06.387 24240 24240 I Finsky  : [2] shd.a(21): Running job: 12-1
10-01 21:44:06.388 24240 24240 I Finsky  : [2] com.google.android.finsky.contentsync.ContentSyncJob.a(15): ContentSyncJob started
10-01 21:44:06.389 24240 24240 I Finsky  : [2] shc.handleMessage(65): RunningQueue size: 1, PendingQueue size: 0
10-01 21:44:06.389 24240 24240 I Finsky  : [2] shc.handleMessage(68): Running queue: 12-1 
10-01 21:44:06.432  1456 10366 I WindowManager: Failed to capture screenshot of Token{6665c2b ActivityRecord{e887c7a u0 com.android.settings/.Settings$DevelopmentSettingsActivity t206}} appWin=Window{4f49e2 u0 com.android.settings/com.android.settings.Settings$DevelopmentSettingsActivity} drawState=4
10-01 21:44:06.500 26229 26229 D FirebaseApp: Default FirebaseApp failed to initialize because no default options were found. This usually means that com.google.gms:google-services was not applied to your gradle project.
10-01 21:44:06.500 26229 26229 I FirebaseInitProvider: FirebaseApp initialization unsuccessful
10-01 21:44:06.507  1456  1466 I zygote  : NativeAlloc concurrent copying GC freed 61395(3MB) AllocSpace objects, 32(1344KB) LOS objects, 42% free, 20MB/35MB, paused 467us total 375.655ms
10-01 21:44:06.545 26229 26229 W System.err: SLF4J: Failed to load class "org.slf4j.impl.StaticLoggerBinder".
10-01 21:44:06.545 26229 26229 W System.err: SLF4J: Defaulting to no-operation (NOP) logger implementation
10-01 21:44:06.545 26229 26229 W System.err: SLF4J: See http://www.slf4j.org/codes.html#StaticLoggerBinder for further details.
10-01 21:44:06.546 26229 26229 D io.sentry.android.AndroidSentryClientFactory: Construction of Android Sentry.
10-01 21:44:06.573 26229 26229 D RustNativeSupport: findMegazordLibraryName(viaduct, 0.40.0
10-01 21:44:06.574 26229 26229 D RustNativeSupport: lib in use: none
10-01 21:44:06.574 26229 26229 D RustNativeSupport: lib configured: fenix
10-01 21:44:06.574 24240 26243 I Finsky  : [13933] dyn.a(31): Completed 0 account content syncs with 0 successful.
10-01 21:44:06.574 26229 26229 D RustNativeSupport: lib version configured: 0.40.0
10-01 21:44:06.574 26229 26229 D RustNativeSupport: settled on fenix
10-01 21:44:06.574 24240 24240 I Finsky  : [2] com.google.android.finsky.contentsync.ContentSyncJob.a(13): Installation state replication succeeded.
10-01 21:44:06.576 24240 24240 I Finsky  : [2] sim.a(16): jobFinished: 12-1. TimeElapsed: 187ms.
10-01 21:44:06.578 24240 24240 I Finsky  : [2] shd.a(40): Job 12-1 finished. Not rescheduling.
10-01 21:44:06.579 24240 24240 I Finsky  : [2] shc.handleMessage(65): RunningQueue size: 0, PendingQueue size: 0
10-01 21:44:06.580 24240 24240 I Finsky  : [2] shc.handleMessage(29): Executor finished
10-01 21:44:06.596 24240 24240 I Finsky  : [2] sjp.a(8): Jobs in database: 1-1337 3-541 24-77777777 26-1414141414 
10-01 21:44:06.602 24240 24240 I Finsky  : [2] sfl.a(59): ConstraintMapping: 24-77777777,  -> L: 0ms, D: 56856265ms, C: false, I: true, N: 0
10-01 21:44:06.603 24240 24240 I Finsky  : [2] sfl.a(59): ConstraintMapping: 1-1337,  -> L: 17211747ms, D: 60411747ms, C: false, I: false, N: 1
10-01 21:44:06.605 24240 24240 I Finsky  : [2] sfl.a(59): ConstraintMapping: 3-541,  -> L: 0ms, D: 86283950ms, C: true, I: true, N: 2
10-01 21:44:06.606 24240 24240 I Finsky  : [2] sfl.a(59): ConstraintMapping: 26-1414141414,  -> L: 22808006ms, D: 23708006ms, C: false, I: false, N: 0
10-01 21:44:06.611 26229 26229 D RustNativeSupport: findMegazordLibraryName(rustlog, 0.40.0
10-01 21:44:06.611 26229 26229 D RustNativeSupport: lib in use: none
10-01 21:44:06.611 26229 26229 D RustNativeSupport: lib configured: fenix
10-01 21:44:06.611 26229 26229 D RustNativeSupport: lib version configured: 0.40.0
10-01 21:44:06.611 26229 26229 D RustNativeSupport: settled on fenix
10-01 21:44:06.611 24240 24240 I Finsky  : [2] shz.a(37): Cancelling existing jobscheduler jobs: 9007 9000 9002 
10-01 21:44:06.612 24240 24240 I Finsky  : [2] shz.a(13): Throttling wakeup for job 9003 (expected to run in 0 ms) due to recent wakeup
10-01 21:44:06.612 24240 24240 I Finsky  : [2] shz.a(30): Scheduling job Id: 9003, L: 30000, D: 56856265, C: false, I: true, N: 0
10-01 21:44:06.614 24240 24240 I Finsky  : [2] shz.a(30): Scheduling job Id: 9004, L: 17211747, D: 60411747, C: false, I: false, N: 1
10-01 21:44:06.614 26229 26229 I rc_log_ffi::ios: rc_log adapter initialized!
10-01 21:44:06.616 24240 24240 I Finsky  : [2] shz.a(13): Throttling wakeup for job 9005 (expected to run in 0 ms) due to recent wakeup
10-01 21:44:06.616 24240 24240 I Finsky  : [2] shz.a(30): Scheduling job Id: 9005, L: 30000, D: 86283950, C: true, I: true, N: 2
10-01 21:44:06.618 24240 24240 I Finsky  : [2] shz.a(30): Scheduling job Id: 9006, L: 22808006, D: 23708006, C: false, I: false, N: 0
10-01 21:44:06.636 26229 26229 D GeckoThread: State changed to LAUNCHED
10-01 21:44:06.637 26229 26253 I GeckoThread: preparing to run Gecko
10-01 21:44:06.642 26229 26229 D GeckoRuntime: Lifecycle: onCreate
10-01 21:44:06.642 26229 26253 D GeckoThread: State changed to MOZGLUE_READY
10-01 21:44:06.655 26229 26253 W Settings: Setting animator_duration_scale has moved from android.provider.Settings.System to android.provider.Settings.Global, returning read-only global URI.
10-01 21:44:06.657 26229 26253 E GeckoLibLoad: Load sqlite start
10-01 21:44:06.672 26229 26255 D App     : Bucket is 94
10-01 21:44:06.677 26229 26229 I experiments: No active experiment in cache
10-01 21:44:06.679 26229 26255 D App     : Experiments active: {asFeatureSyncDisabled=false}
10-01 21:44:06.689 26229 26253 W GeckoLinker: /data/app/org.mozilla.fenix.nightly-g9dvGAB_jBwc-Zjk1lFXrA==/lib/arm/libnss3.so: unhandled flags #8 not handled
10-01 21:44:06.695 26229 26229 I glean/Glean: Metrics enabled: true
10-01 21:44:06.700 26229 26253 W GeckoLinker: /data/app/org.mozilla.fenix.nightly-g9dvGAB_jBwc-Zjk1lFXrA==/lib/arm/libnss3.so: Relocation to NULL @0x00133ffc for symbol "__cxa_type_match"
10-01 21:44:06.700 26229 26253 E GeckoLibLoad: Load sqlite done
10-01 21:44:06.701 26229 26253 E GeckoLibLoad: Load nss start
10-01 21:44:06.701 26229 26253 E GeckoLibLoad: Load nss done
10-01 21:44:06.701 26229 26253 W GeckoLinker: /data/app/org.mozilla.fenix.nightly-g9dvGAB_jBwc-Zjk1lFXrA==/lib/arm/libxul.so: unhandled flags #8 not handled
10-01 21:44:06.701 26229 26253 W GeckoLinker: /data/app/org.mozilla.fenix.nightly-g9dvGAB_jBwc-Zjk1lFXrA==/lib/arm/liblgpllibs.so: unhandled flags #8 not handled
10-01 21:44:06.725 26229 26229 I glean/Dispatchers: Task queued for execution and delayed until flushed
10-01 21:44:06.740 26229 26253 E GeckoLibLoad: Loaded libs in 39.517244ms total, 23ms(80ms) user, 10ms(23ms) system, 0(0) faults
10-01 21:44:06.741 26229 26253 D GeckoThread: State changed to LIBS_READY
10-01 21:44:06.741 26229 26253 W GeckoThread: zerdatime 2508720202 - runGecko
10-01 21:44:06.744 26229 26253 D GeckoProfile: Loading profile at: null name: default
10-01 21:44:06.745 26229 26253 D GeckoProfile: Found profile dir: /data/user/0/org.mozilla.fenix.nightly/files/mozilla/pwksrr1a.default
10-01 21:44:06.757  1456 10366 I ActivityManager: Start proc 26270:org.mozilla.fenix.nightly:tab/u0a294 for service org.mozilla.fenix.nightly/org.mozilla.gecko.process.GeckoServiceChildProcess$tab
10-01 21:44:06.777 26229 26229 I glean/Dispatchers: Task queued for execution and delayed until flushed
10-01 21:44:06.777 26229 26229 I glean/Dispatchers: Task queued for execution and delayed until flushed
10-01 21:44:06.782 26229 26229 D App     : ActivationPing - already generated
10-01 21:44:06.819   808   898 I SFPerfTracer:      triggers: (rate: 0:0) (0 sw vsyncs) (0 skipped) (36:73868 vsyncs) (38:336775)
10-01 21:44:06.823   808   808 I SFPerfTracer:      triggers: (rate: 4:5221) (compose: 0:0) (post: 0:0) (render: 0:1) (16:131360 frames) (17:334330)
10-01 21:44:06.823   808   808 D SFPerfTracer:        layers: (3:13) (NavigationBar#0 (0xb07df000): 0:1072) (StatusBar#0 (0xb07e3000): 10:200943) (com.android.systemui.ImageWallpaper#0 (0xb07e7000): 0:76)* (Sprite#0 (0xb0733000): 0:317)* (DimLayerController/Stack=0#0 (0xb075a000): 0:165)* (animation background stackId=1#0 (0xb0771000): 0:4)* (Sprite#1 (0xb077c000): 0:195)* (com.android.settings/com.android.settings.Settings$DevelopmentSettingsActivity#0 (0xb0763000): 0:7)- (Splash Screen org.mozilla.fenix.nightly#0 (0xb0396000): 0:33)- (org.mozilla.fenix.nightly/org.mozilla.fenix.IntentReceiverActivity#0 (0xb03a0000): 0:6)- (org.mozilla.fenix.nightly/org.mozilla.fenix.HomeActivity#0 (0xb075d000): 0:63)- (com.android.settings/com.android.settings.Settings$DevelopmentSettingsActivity#0 (0xb0763000): 0:6)* (Splash Screen org.mozilla.fenix.nightly#0 (0xb038e000): 16:20) 
10-01 21:44:06.827 26270 26270 W System.err: SLF4J: Failed to load class "org.slf4j.impl.StaticLoggerBinder".
10-01 21:44:06.828 26270 26270 W System.err: SLF4J: Defaulting to no-operation (NOP) logger implementation
10-01 21:44:06.828 26270 26270 W System.err: SLF4J: See http://www.slf4j.org/codes.html#StaticLoggerBinder for further details.
10-01 21:44:06.828 26270 26270 D io.sentry.android.AndroidSentryClientFactory: Construction of Android Sentry.
10-01 21:44:06.843 26270 26270 D RustNativeSupport: findMegazordLibraryName(viaduct, 0.40.0
10-01 21:44:06.843 26270 26270 D RustNativeSupport: lib in use: none
10-01 21:44:06.843 26270 26270 D RustNativeSupport: lib configured: fenix
10-01 21:44:06.843 26270 26270 D RustNativeSupport: lib version configured: 0.40.0
10-01 21:44:06.843 26270 26270 D RustNativeSupport: settled on fenix
10-01 21:44:06.875 26270 26270 D RustNativeSupport: findMegazordLibraryName(rustlog, 0.40.0
10-01 21:44:06.875 26270 26270 D RustNativeSupport: lib in use: none
10-01 21:44:06.875 26270 26270 D RustNativeSupport: lib configured: fenix
10-01 21:44:06.875 26270 26270 D RustNativeSupport: lib version configured: 0.40.0
10-01 21:44:06.876 26270 26270 D RustNativeSupport: settled on fenix
10-01 21:44:06.880 26270 26270 I rc_log_ffi::ios: rc_log adapter initialized!
10-01 21:44:06.886 26270 26270 D GeckoThread: State changed to LAUNCHED
10-01 21:44:06.887 26270 26293 I GeckoThread: preparing to run Gecko
10-01 21:44:06.902 26229 26240 I zygote  : Background concurrent copying GC freed 11801(1035KB) AllocSpace objects, 17(444KB) LOS objects, 50% free, 1939KB/3MB, paused 338us total 114.550ms
10-01 21:44:06.904 26229 26229 W [WARNING][Leanplum]: [com.leanplum.internal.ActionManager::getLocationManager::8]: Geofencing support requires leanplum-location module and Google Play Services v8.1 and higher.
10-01 21:44:06.904 26229 26229 W [WARNING][Leanplum]: Add this to your build.gradle file:
10-01 21:44:06.904 26229 26229 W [WARNING][Leanplum]: implementation 'com.google.android.gms:play-services-location:8.3.0+'
10-01 21:44:06.904 26229 26229 W [WARNING][Leanplum]: implementation 'com.leanplum:leanplum-location:+'
10-01 21:44:06.906 26229 26229 I [INFO][Leanplum]: [com.leanplum.monitoring.ExceptionHandler::setContext::6]: LeanplumExceptionHandler could not initialize Exception Reporting.This is expected if you have not included the leanplum-monitoring module
10-01 21:44:06.915 26229 26234 I zygote  : Do partial code cache collection, code=27KB, data=21KB
10-01 21:44:06.916 26229 26234 I zygote  : After code cache collection, code=27KB, data=21KB
10-01 21:44:06.916 26229 26234 I zygote  : Increasing code cache capacity to 128KB
10-01 21:44:06.920 26229 26229 I FirefoxAccountStateMachine: Enabling/updating sync with a new SyncConfig: SyncConfig(supportedEngines=[mozilla.components.service.fxa.SyncEngine$History@9dd6891, mozilla.components.service.fxa.SyncEngine$Bookmarks@a47e3f6], syncPeriodInMinutes=240)
10-01 21:44:06.923 26229 26229 I BgSyncManager: Periodic syncing enabled at a 240 interval
10-01 21:44:06.923 26229 26229 I FirefoxAccountStateMachine: Sync is enabled
10-01 21:44:06.926 26229 26229 W PushConfig: No firebase configuration found; cannot support push service.
10-01 21:44:06.929 26229 26298 I FirefoxAccountStateMachine: Processing event Event$Init for state Start. Next state is Start
10-01 21:44:06.931 26229 26298 I FirefoxAccountStateMachine: Ran 'Event$Init' side-effects for state Start, got successive event Event$AccountNotFound
10-01 21:44:06.932 26229 26298 I FirefoxAccountStateMachine: Processing event Event$AccountNotFound for state Start. Next state is NotAuthenticated
10-01 21:44:06.934 26229 26298 D RustNativeSupport: findMegazordLibraryName(fxaclient, 0.40.0
10-01 21:44:06.935 26229 26298 D RustNativeSupport: lib in use: none
10-01 21:44:06.935 26229 26298 D RustNativeSupport: lib configured: fenix
10-01 21:44:06.935 26229 26298 D RustNativeSupport: lib version configured: 0.40.0
10-01 21:44:06.935 26229 26298 D RustNativeSupport: settled on fenix
10-01 21:44:06.938 26229 26298 D fxaclient_ffi: fxa_new
10-01 21:44:06.960 26229 26229 D GeckoRuntime: Lifecycle: onStart
10-01 21:44:06.968 26229 26229 D GeckoRuntime: Lifecycle: onResume
10-01 21:44:06.969 26229 26229 D GeckoNetworkManager: Incoming event start for state OffNoListeners -> OnNoListeners
10-01 21:44:06.970 26229 26229 D GeckoNetworkManager: New network state: UP, WIFI, WIFI
10-01 21:44:06.979 26229 26295 D NetworkSecurityConfig: No Network Security Config specified, using platform default
10-01 21:44:06.990 26229 26305 D OpenGLRenderer: HWUI GL Pipeline
10-01 21:44:06.998 26229 26229 I glean/Glean: Registering pings for org.mozilla.fenix.GleanMetrics.Pings
10-01 21:44:06.999 26229 26229 I glean/Glean: Registering pings for mozilla.components.service.glean.GleanMetrics.Pings
10-01 21:44:07.015 26229 26229 I glean/Dispatchers: Task queued for execution and delayed until flushed
10-01 21:44:07.027 26229 26229 D glean/MetricsPingScheduler: The 'metrics' ping was last sent on Tue Oct 01 00:00:00 EDT 2019
10-01 21:44:07.028 26229 26229 I glean/MetricsPingScheduler: The 'metrics' ping was already sent today, Tue Oct 01 21:44:07 EDT 2019.
10-01 21:44:07.028 26229 26229 D glean/MetricsPingScheduler: Scheduling the 'metrics' ping in 22552984ms
10-01 21:44:07.030 26229 26229 D glean/MetricsPingScheduler: The 'metrics' ping was last sent on Tue Oct 01 00:00:00 EDT 2019
10-01 21:44:07.030 26229 26229 I glean/MetricsPingScheduler: The 'metrics' ping was already sent today, Tue Oct 01 21:44:07 EDT 2019.
10-01 21:44:07.031 26229 26229 D glean/MetricsPingScheduler: Scheduling the 'metrics' ping in 22552971ms
10-01 21:44:07.036 26229 26313 D glean/PingMaker: Collecting events
10-01 21:44:07.084 26229 26297 E ActivityThread: Failed to find provider info for com.facebook.katana.provider.AttributionIdProvider
10-01 21:44:07.174 26229 26240 I zygote  : Background concurrent copying GC freed 12586(1287KB) AllocSpace objects, 28(688KB) LOS objects, 49% free, 2MB/5MB, paused 340us total 138.117ms
10-01 21:44:07.189  1456  2920 I ActivityManager: START u0 {act=android.intent.action.VIEW dat=about:blank typ=text/html flg=0x10000000 cmp=org.mozilla.fenix.nightly/org.mozilla.fenix.HomeActivity (has extras)} from uid 10294
10-01 21:44:07.208 26229 26253 I Gecko:DumpUtils: Fifo watcher disabled via pref.
10-01 21:44:07.216 26229 26229 D GeckoNetworkManager: Incoming event receivedUpdate for state OnNoListeners -> OnNoListeners
10-01 21:44:07.218 26229 26229 D GeckoNetworkManager: New network state: UP, WIFI, WIFI
10-01 21:44:07.218 26229 26291 D glean/PingStorageEngine: Storing ping e58ff4c5-2511-4258-82a6-e8d7e2bf3905 at /data/user/0/org.mozilla.fenix.nightly/glean_data/pending_pings/e58ff4c5-2511-4258-82a6-e8d7e2bf3905
10-01 21:44:07.221  1456 10366 I WifiService: getDhcpInfo uid=10294
10-01 21:44:07.243 26229 26305 I Adreno  : QUALCOMM build                   : bb5b86c, I77d3059488
10-01 21:44:07.243 26229 26305 I Adreno  : Build Date                       : 06/07/18
10-01 21:44:07.243 26229 26305 I Adreno  : OpenGL ES Shader Compiler Version: EV031.22.00.01_06
10-01 21:44:07.243 26229 26305 I Adreno  : Local Branch                     : 
10-01 21:44:07.243 26229 26305 I Adreno  : Remote Branch                    : refs/tags/AU_LINUX_ANDROID_LA.UM.6.5.R1.08.01.00.312.086
10-01 21:44:07.243 26229 26305 I Adreno  : Remote Branch                    : NONE
10-01 21:44:07.243 26229 26305 I Adreno  : Reconstruct Branch               : NOTHING
10-01 21:44:07.245 26229 26305 D vndksupport: Loading /vendor/lib/hw/gralloc.msm8937.so from current namespace instead of sphal namespace.
10-01 21:44:07.267  1456  2920 D ConnectivityService: requestNetwork for uid/pid:10294/26229 NetworkRequest [ TRACK_DEFAULT id=823, [ Capabilities: INTERNET&NOT_RESTRICTED&TRUSTED&NOT_VPN] ]
10-01 21:44:07.268  1456  2054 D WIFI_UT : got request NetworkRequest [ TRACK_DEFAULT id=823, [ Capabilities: INTERNET&NOT_RESTRICTED&TRUSTED&NOT_VPN] ] with score 60
10-01 21:44:07.269  1456  2099 D Ethernet: got request NetworkRequest [ TRACK_DEFAULT id=823, [ Capabilities: INTERNET&NOT_RESTRICTED&TRUSTED&NOT_VPN] ] with score 60
10-01 21:44:07.269  1456  2054 D WIFI    : got request NetworkRequest [ TRACK_DEFAULT id=823, [ Capabilities: INTERNET&NOT_RESTRICTED&TRUSTED&NOT_VPN] ] with score 60
10-01 21:44:07.269  2398  2398 D PhoneSwitcherNetworkRequstListener: got request NetworkRequest [ TRACK_DEFAULT id=823, [ Capabilities: INTERNET&NOT_RESTRICTED&TRUSTED&NOT_VPN] ] with score 60
10-01 21:44:07.326 26229 26305 I Adreno  : PFP: 0x005ff087, ME: 0x005ff063
10-01 21:44:07.336 26229 26305 I zygote  : android::hardware::configstore::V1_0::ISurfaceFlingerConfigs::hasWideColorDisplay retrieved: 0
10-01 21:44:07.338 26229 26305 I OpenGLRenderer: Initialized EGL, version 1.4
10-01 21:44:07.338 26229 26305 D OpenGLRenderer: Swap behavior 2
10-01 21:44:07.360 26229 26305 D vndksupport: Loading /vendor/lib/hw/android.hardware.graphics.mapper@2.0-impl.so from current namespace instead of sphal namespace.
10-01 21:44:07.362 26229 26305 D vndksupport: Loading /vendor/lib/hw/gralloc.msm8937.so from current namespace instead of sphal namespace.
10-01 21:44:07.378 26229 26353 I experiments: Fetching experiments from https://firefox.settings.services.mozilla.com/v1/buckets/main/collections/mobile-experiments/records?_since=1566233826256
10-01 21:44:07.379 26229 26354 D glean/PingStorageEngine: Processing persisted pings at /data/user/0/org.mozilla.fenix.nightly/glean_data/pending_pings
10-01 21:44:07.379 26229 26354 D glean/PingStorageEngine: Processing ping: e58ff4c5-2511-4258-82a6-e8d7e2bf3905
10-01 21:44:07.380  1456  1673 I LaunchCheckinHandler: Displayed org.mozilla.fenix.nightly/org.mozilla.fenix.IntentReceiverActivity,cp,ca,1016
10-01 21:44:07.383 26229 26354 D glean/ConceptFetchHttpUploader: Submitting ping to: https://incoming.telemetry.mozilla.org/submit/org-mozilla-fenix-nightly/events/1/e58ff4c5-2511-4258-82a6-e8d7e2bf3905
10-01 21:44:07.400 26229 26229 D PhoneWindow: Restoring navigation bar divider color to default value = 0x00000000
10-01 21:44:07.450 26229 26234 I zygote  : Do partial code cache collection, code=57KB, data=47KB
10-01 21:44:07.453 26229 26234 I zygote  : After code cache collection, code=50KB, data=42KB
10-01 21:44:07.453 26229 26234 I zygote  : Increasing code cache capacity to 256KB
10-01 21:44:07.467 26229 26253 D GeckoSysInfo: System memory: 1867MB.
10-01 21:44:07.469 26229 26253 D GeckoThread: State changed to JNI_READY
10-01 21:44:07.481 26229 26229 I NavController: Ignoring popBackStack to destination org.mozilla.fenix.nightly:id/browserFragment as it was not found on the current back stack
10-01 21:44:07.751 26229 26298 W FirefoxAccountStateMachine: Got invalid event Event$Init for state NotAuthenticated.
10-01 21:44:07.756 26229 26354 D glean/ConceptFetchHttpUploader: Ping successfully sent (200)
10-01 21:44:07.756 26229 26354 D glean/PingStorageEngine: e58ff4c5-2511-4258-82a6-e8d7e2bf3905 was deleted: true
10-01 21:44:07.758 26229 26245 I WM-WorkerWrapper: Worker result SUCCESS for Work [ id=c1107051-3aa1-4b54-b6a8-c1223f8dff11, tags={ mozac_service_glean_ping_upload_worker, mozilla.components.service.glean.scheduler.PingUploadWorker } ]
10-01 21:44:07.822 26229 26229 I zygote  : Deoptimizing java.lang.Object androidx.collection.SimpleArrayMap.put(java.lang.Object, java.lang.Object) due to JIT inline cache
10-01 21:44:07.853 26229 26361 W LOTTIE  : Animation contains merge paths. Merge paths are only supported on KitKat+ and must be manually enabled by calling enableMergePathsForKitKatAndAbove().
10-01 21:44:07.920 26229 26253 I Gecko   : 1569980647916	addons.xpi	WARN	List of valid built-in add-ons could not be parsed.: [Exception... "Component returned failure code: 0x80520012 (NS_ERROR_FILE_NOT_FOUND) [nsIXPCComponents_Utils.readUTF8URI]"  nsresult: "0x80520012 (NS_ERROR_FILE_NOT_FOUND)"  location: "JS frame :: resource://gre/modules/addons/XPIProvider.jsm :: startup :: line 2362"  data: no] Stack trace: startup()@resource://gre/modules/addons/XPIProvider.jsm:2362
