--------- beginning of main
12-25 22:01:30.346  1456  1605 W zygote  : kill(-12063, 9) failed: No such process
12-25 22:01:30.346  1456  1605 I zygote  : Successfully killed process cgroup uid 10027 pid 12063 in 13ms
12-25 22:01:30.346  1456  1605 W zygote  : kill(-22624, 9) failed: No such process
12-25 22:01:30.350  7933  7966 I MicroDetectionWorker: onReady
12-25 22:01:30.366  1456  1605 W zygote  : kill(-22624, 9) failed: No such process
--------- beginning of system
12-25 22:01:30.444  1456  2918 D ConnectivityService: ConnectivityService NetworkRequestInfo binderDied(NetworkRequest [ LISTEN id=13628, [ Capabilities: INTERNET&NOT_RESTRICTED&TRUSTED] ], android.os.BinderProxy@6bf9c7)
12-25 22:01:30.444  1456  1605 I chatty  : uid=1000(system) ActivityManager identical 5 lines
12-25 22:01:30.460  1456  1605 W zygote  : kill(-22624, 9) failed: No such process
12-25 22:01:30.460  1456  1605 I zygote  : Successfully killed process cgroup uid 10062 pid 22624 in 113ms
12-25 22:01:30.460  1456  1605 W zygote  : kill(-26005, 9) failed: No such process
12-25 22:01:30.460  1456  1605 I zygote  : Successfully killed process cgroup uid 10116 pid 26005 in 0ms
12-25 22:01:30.460  1456  1605 W zygote  : kill(-12174, 9) failed: No such process
12-25 22:01:30.460  1456  1605 I zygote  : Successfully killed process cgroup uid 10090 pid 12174 in 0ms
12-25 22:01:30.461  1456  1605 W zygote  : kill(-26184, 9) failed: No such process
12-25 22:01:30.461  1456  1605 I zygote  : Successfully killed process cgroup uid 10108 pid 26184 in 0ms
12-25 22:01:30.461  1456  1605 W zygote  : kill(-4224, 9) failed: No such process
12-25 22:01:30.461  1456  1605 I zygote  : Successfully killed process cgroup uid 10036 pid 4224 in 0ms
12-25 22:01:30.461  1456  1605 W zygote  : kill(-12262, 9) failed: No such process
12-25 22:01:30.461  1456  1605 I zygote  : Successfully killed process cgroup uid 10044 pid 12262 in 0ms
12-25 22:01:30.462  1456  1605 W zygote  : kill(-12069, 9) failed: No such process
12-25 22:01:30.462  1456  1605 I zygote  : Successfully killed process cgroup uid 1000 pid 12069 in 0ms
12-25 22:01:30.462  1456  1605 W zygote  : kill(-12082, 9) failed: No such process
12-25 22:01:30.462  1456  1605 I zygote  : Successfully killed process cgroup uid 10085 pid 12082 in 0ms
12-25 22:01:30.462  1456  1605 W zygote  : kill(-16940, 9) failed: No such process
12-25 22:01:30.462  1456  1605 I zygote  : Successfully killed process cgroup uid 10014 pid 16940 in 0ms
12-25 22:01:30.462  1456  1605 W zygote  : kill(-22754, 9) failed: No such process
12-25 22:01:30.462  1456  1605 I zygote  : Successfully killed process cgroup uid 10031 pid 22754 in 0ms
12-25 22:01:30.464  1456  1605 W zygote  : kill(-26215, 9) failed: No such process
12-25 22:01:30.464  1456  1605 I zygote  : Successfully killed process cgroup uid 10036 pid 26215 in 0ms
12-25 22:01:30.588  1456  2915 I ActivityManager: START u0 {act=android.intent.action.VIEW dat=about:blank typ=text/html flg=0x10000000 cmp=org.mozilla.fenix.performancetest/org.mozilla.fenix.IntentReceiverActivity} from uid 2000
12-25 22:01:30.589   794   839 E ANDR-PERF-RESOURCEQS: Failed to apply optimization [4, 0]
12-25 22:01:30.609  1456  1471 I ActivityManager: Start proc 12566:org.mozilla.fenix.performancetest/u0a631 for activity org.mozilla.fenix.performancetest/org.mozilla.fenix.IntentReceiverActivity
12-25 22:01:30.613 12566 12566 I chatty  : uid=10631(org.mozilla.fenix.performancetest) expire 68 lines
12-25 22:01:30.633  2748  2917 W OpenGLRenderer: Incorrectly called buildLayer on View: ShortcutAndWidgetContainer, destroying layer...
12-25 22:01:30.708  7933  7966 I MicroDetectionState: Should stop hotword detection immediately - false
12-25 22:01:30.709  7933  7966 I MicroDetector: Keeping mic open: false
12-25 22:01:30.709  7933  7966 I RecognitionAudioControl: #shutdownAudio [requestId: -5289358813547642582, keepAudioOpen: false, forced: true]
12-25 22:01:30.709  7933 23113 E DeviceStateChecker: DeviceStateChecker cancelled
12-25 22:01:30.709  7933  7966 I RecognitionAudioControl: #internalShutdownAudio [requestId: -5289358813547642582]
12-25 22:01:30.709  7933  7966 I RecognitionAudioControl: #internalShutdownAudio [keepAudioOpen: false, forced: true]
12-25 22:01:30.709  7933  7966 I RecognitionAudioControl: #actualShutdownAudio
12-25 22:01:30.709  7933  7966 I AudioController: #shutdown [requestId=-5289358813547642582]
12-25 22:01:30.710  7933 23065 I AudioController: internalShutdown
12-25 22:01:30.710  7933 23062 I MicroRecognitionRunner: Stopping hotword detection.
12-25 22:01:30.760  1456  7796 I OpenGLRenderer: Initialized EGL, version 1.4
12-25 22:01:30.760  1456  7796 D OpenGLRenderer: Swap behavior 2
12-25 22:01:30.775   788  1401 D audio_hw_primary: disable_audio_route: usecase(9) reset and update mixer path: audio-record
12-25 22:01:30.776   788  1401 D audio_hw_primary: disable_snd_device: snd_device(120: voice-rec-mic)
12-25 22:01:30.777  1012  1302 D APM_AudioPolicyManager: stopInput() input 52894, session 52945
12-25 22:01:30.778   788  1401 D audio_hw_primary: in_set_parameters: enter: kvpairs=routing=0
12-25 22:01:30.779  7933 23065 I MicrophoneInputStream: mic_close  SR : 16000 CC : 16 SO : 1999
12-25 22:01:30.779  7933 23065 E AudioSource: Stop listening is called on already closed AudioSource
12-25 22:01:30.781  7933  7953 I MicroRecognitionRunner: Detection finished
12-25 22:01:30.855 12566 12583 I chatty  : uid=10631(org.mozilla.fenix.performancetest) expire 13 lines
12-25 22:01:31.068 12566 12595 I chatty  : uid=10631(org.mozilla.fenix.performancetest) expire 108 lines
12-25 22:01:31.203  1456  2915 I ActivityManager: Start proc 12605:org.mozilla.fenix.performancetest:tab/u0a631 for service org.mozilla.fenix.performancetest/org.mozilla.gecko.process.GeckoServiceChildProcess$tab
12-25 22:01:31.211 12605 12605 I chatty  : uid=10631(org.mozilla.fenix.performancetest) expire 2 lines
12-25 22:01:31.216 12566 12610 I chatty  : uid=10631(org.mozilla.fenix.performancetest) expire 10 lines
12-25 22:01:31.239  1456  1601 I ActivityManager: Start proc 12613:com.motorola.timeweatherwidget/u0a116 for service com.motorola.timeweatherwidget/com.motorola.commandcenter.WidgetService
12-25 22:01:31.279 12613 12613 I zygote  : The ClassLoaderContext is a special shared library.
12-25 22:01:31.289 12613 12613 I zygote  : The ClassLoaderContext is a special shared library.
12-25 22:01:31.319 12613 12613 D CmdCenter: - --->: 2017 WidgetApplication onCreate
12-25 22:01:31.347 12613 12613 I WeatherApp: Creating weather service
12-25 22:01:31.361 12613 12613 I WeatherApp: onStartCommand action: com.motorola.commandcenter.weather.action.START_WEATHER_SERVICE
12-25 22:01:31.362 12613 12647 I WeatherApp: is force update = false
12-25 22:01:31.363 12613 12613 I WeatherApp: onStartCommand action: com.motorola.commandcenter.weather.action.START_WEATHER_SERVICE
12-25 22:01:31.366 12613 12647 I WeatherApp: Current Location is OFF.
12-25 22:01:31.366 12613 12647 I WeatherApp: is force update = false
12-25 22:01:31.377 12566 12651 I chatty  : uid=10631(org.mozilla.fenix.performancetest) expire 9 lines
12-25 22:01:31.379 12613 12647 I WeatherApp: No top city.
12-25 22:01:31.380 12613 12647 I WeatherApp: is force update = false
12-25 22:01:31.380 12613 12647 I WeatherApp: Current Location is OFF.
12-25 22:01:31.380 12613 12647 I WeatherApp: is force update = false
12-25 22:01:31.387 12605 12652 I chatty  : uid=10631(org.mozilla.fenix.performancetest) expire 14 lines
12-25 22:01:31.393  1456  4250 I ActivityManager: Start proc 12653:com.android.providers.calendar/u0a16 for content provider com.android.providers.calendar/.CalendarProvider2
12-25 22:01:31.394 12613 12647 I WeatherApp: No top city.
12-25 22:01:31.428 12653 12653 I zygote  : The ClassLoaderContext is a special shared library.
12-25 22:01:31.431 12653 12653 I zygote  : The ClassLoaderContext is a special shared library.
12-25 22:01:31.433 12653 12653 I zygote  : The ClassLoaderContext is a special shared library.
12-25 22:01:31.461 12653 12653 I CalendarProvider2: Created com.android.providers.calendar.CalendarAlarmManager@6e6d45e(com.android.providers.calendar.CalendarProvider2@3b1403f)
12-25 22:01:31.464  1456  4250 W Binder  : Outgoing transactions from this process must be FLAG_ONEWAY
12-25 22:01:31.464  1456  4250 W Binder  : java.lang.Throwable
12-25 22:01:31.464  1456  4250 W Binder  : 	at android.os.BinderProxy.transact(Binder.java:752)
12-25 22:01:31.464  1456  4250 W Binder  : 	at android.content.ContentProviderProxy.getType(ContentProviderNative.java:451)
12-25 22:01:31.464  1456  4250 W Binder  : 	at com.android.server.am.ActivityManagerService.getProviderMimeType(ActivityManagerService.java:12677)
12-25 22:01:31.464  1456  4250 W Binder  : 	at android.app.IActivityManager$Stub.onTransact(IActivityManager.java:1800)
12-25 22:01:31.464  1456  4250 W Binder  : 	at com.android.server.am.ActivityManagerService.onTransact(ActivityManagerService.java:3169)
12-25 22:01:31.464  1456  4250 W Binder  : 	at android.os.Binder.execTransact(Binder.java:697)
12-25 22:01:31.530 12566 12676 I chatty  : uid=10631(org.mozilla.fenix.performancetest) expire 3 lines
12-25 22:01:31.537 12566 12571 I chatty  : uid=10631(org.mozilla.fenix.performancetest) expire 9 lines
12-25 22:01:31.608  1456  4250 D ConnectivityService: requestNetwork for uid/pid:10631/12566 NetworkRequest [ TRACK_DEFAULT id=13735, [ Capabilities: INTERNET&NOT_RESTRICTED&TRUSTED&NOT_VPN] ]
12-25 22:01:31.610  1456  2099 D Ethernet: got request NetworkRequest [ TRACK_DEFAULT id=13735, [ Capabilities: INTERNET&NOT_RESTRICTED&TRUSTED&NOT_VPN] ] with score 60
12-25 22:01:31.610  1456  2054 D WIFI_UT : got request NetworkRequest [ TRACK_DEFAULT id=13735, [ Capabilities: INTERNET&NOT_RESTRICTED&TRUSTED&NOT_VPN] ] with score 60
12-25 22:01:31.612  1456  2054 D WIFI    : got request NetworkRequest [ TRACK_DEFAULT id=13735, [ Capabilities: INTERNET&NOT_RESTRICTED&TRUSTED&NOT_VPN] ] with score 60
12-25 22:01:31.612  2398  2398 D PhoneSwitcherNetworkRequstListener: got request NetworkRequest [ TRACK_DEFAULT id=13735, [ Capabilities: INTERNET&NOT_RESTRICTED&TRUSTED&NOT_VPN] ] with score 60
12-25 22:01:31.990  1456 10366 I ActivityManager: START u0 {act=android.intent.action.VIEW dat=about:blank typ=text/html flg=0x10000000 cmp=org.mozilla.fenix.performancetest/org.mozilla.fenix.HomeActivity (has extras)} from uid 10631
12-25 22:01:32.008  1456  4250 I WifiService: getDhcpInfo uid=10631
12-25 22:01:32.055 12566 12710 I chatty  : uid=10631(org.mozilla.fenix.performancetest) expire 5 lines
12-25 22:01:32.171 12566 12716 I chatty  : uid=10631(org.mozilla.fenix.performancetest) expire 4 lines
12-25 22:01:32.173  1456  1673 I LaunchCheckinHandler: Displayed org.mozilla.fenix.performancetest/org.mozilla.fenix.IntentReceiverActivity,cp,ca,1575
12-25 22:01:32.202   808   808 I SFPerfTracer:      triggers: (rate: 49:53672) (compose: 0:5) (post: 0:12) (render: 0:9) (3:1358747 frames) (4:2366836)
12-25 22:01:32.203   808   808 D SFPerfTracer:        layers: (3:15) (NavigationBar#0 (0xb07df000): 0:310231) (StatusBar#0 (0xb07e3000): 0:982495) (com.android.systemui.ImageWallpaper#0 (0xb07e7000): 0:23926)* (Sprite#0 (0xb0733000): 0:317)* (DimLayerController/Stack=0#0 (0xb075a000): 0:3501)* (Sprite#1 (0xb077c000): 0:195)* (com.android.launcher3/com.android.launcher3.CustomizationPanelLauncher#0 (0xb0763000): 0:41)- (com.android.launcher3/com.android.launcher3.CustomizationPanelLauncher#1 (0xb0771000): 0:11)- (Splash Screen org.mozilla.fenix.performancetest#0 (0xb0384000): 0:34)- (org.mozilla.fenix.performancetest/org.mozilla.fenix.IntentReceiverActivity#0 (0xb039b000): 0:6)- (org.mozilla.fenix.performancetest/org.mozilla.fenix.HomeActivity#0 (0xb02d6000): 0:39)- (com.android.launcher3/com.android.launcher3.CustomizationPanelLauncher#0 (0xb0763000): 0:40)* (com.android.launcher3/com.android.launcher3.CustomizationPanelLauncher#1 (0xb0771000): 0:7)* (Splash Screen org.mozilla.fenix.performancetest#0 (0xb0384000): 0:21) 
12-25 22:01:32.893 12566 12706 I chatty  : uid=10631(org.mozilla.fenix.performancetest) expire 10 lines
12-25 22:01:32.922 12566 12745 I chatty  : uid=10631(org.mozilla.fenix.performancetest) expire 2 lines
12-25 22:01:33.089 12566 12746 I chatty  : uid=10631(org.mozilla.fenix.performancetest) expire 1 line
12-25 22:01:33.545 12566 12582 I chatty  : uid=10631(org.mozilla.fenix.performancetest) expire 1 line
12-25 22:01:33.682  1456  1673 I ActivityManager: Displayed org.mozilla.fenix.performancetest/org.mozilla.fenix.HomeActivity: +1s566ms (total +3s78ms)
12-25 22:01:33.713 12566 12604 I chatty  : uid=10631(org.mozilla.fenix.performancetest) expire 2 lines
12-25 22:01:33.841 12566 12571 I chatty  : uid=10631(org.mozilla.fenix.performancetest) expire 2 lines
12-25 22:01:33.861  1456  2067 D ConnectivityService: releasing NetworkRequest [ TRACK_DEFAULT id=13735, [ Capabilities: INTERNET&NOT_RESTRICTED&TRUSTED&NOT_VPN] ] (release request)
12-25 22:01:33.944 12605 12652 I chatty  : uid=10631(org.mozilla.fenix.performancetest) expire 34 lines
12-25 22:01:33.963  7933  7933 I MemoryTrimmer: Trimming objects from memory, since app is in the background.
12-25 22:01:33.970  7933  7933 I MemoryTrimmer: Trimming objects from memory, since app is in the background.
12-25 22:01:33.976  7933 23108 I PBSessionCacheImpl: Deleted sessionId[34891280184934464] from persistence.
12-25 22:01:33.982  1456 10366 I WifiService: getWifiEnabledState uid=10073
12-25 22:01:33.986  7933  7966 W SearchServiceCore: Abort, client detached.
12-25 22:01:34.121   808   898 I SFPerfTracer:      triggers: (rate: 0:0) (0 sw vsyncs) (0 skipped) (35:1219723 vsyncs) (37:2393906)
12-25 22:01:34.386 12566 12566 I chatty  : uid=10631(org.mozilla.fenix.performancetest) expire 24 lines
12-25 22:01:34.446 12566 12595 I chatty  : uid=10631(org.mozilla.fenix.performancetest) expire 104 lines
12-25 22:01:34.605 12566 12583 I chatty  : uid=10631(org.mozilla.fenix.performancetest) expire 4 lines
12-25 22:01:35.125  2398  2398 D ImsResolver: maybeAddedImsService, packageName: org.mozilla.fenix.performancetest
12-25 22:01:35.126  1456  1600 W ResourceType: No known package when getting value for resource number 0x7f080196
12-25 22:01:35.126  1456  1600 W ResourceType: No known package when getting value for resource number 0x7f1200fe
12-25 22:01:35.126  1456  1600 W ResourceType: No known package when getting value for resource number 0x7f1200fe
12-25 22:01:35.126  1456  1600 W ResourceType: No known package when getting value for resource number 0x7f080194
12-25 22:01:35.126  1456  1600 W ResourceType: No known package when getting value for resource number 0x7f1200fc
12-25 22:01:35.126  1456  1600 W ResourceType: No known package when getting value for resource number 0x7f1200fc
12-25 22:01:35.128  2360  2360 D MayaFrameworkProxyService: receive intent :Intent { act=android.intent.action.PACKAGE_CHANGED dat=package:org.mozilla.fenix.performancetest flg=0x45000010 (has extras) }
12-25 22:01:35.143  1456  1942 I InputReader: Reconfiguring input devices.  changes=0x00000010
12-25 22:01:35.146  1456  1600 W SearchableInfo: Invalid searchable metadata for com.google.android.gms/.nearby.sharing.ContactSelectActivity: Search label must be a resource reference.
12-25 22:01:35.194  1456  1456 I TelecomService: DefaultDialerCache: Refreshing default dialer for user 0: now com.android.dialer: DDC.oR@fnk
12-25 22:01:35.213  2398  2398 D CarrierSvcBindHelper: No carrier app for: 0
12-25 22:01:35.214  2398  2398 D CarrierSvcBindHelper: No carrier app for: 1
12-25 22:01:35.226  2398  2398 E VvmPkgInstalledRcvr: cannot create TelephonyManager from ComponentInfo{com.android.phone/com.android.services.telephony.TelephonyConnectionService}, [****], UserHandle{0}
12-25 22:01:35.366 20319 12148 I Icing   : Indexing com.google.android.gms-internal.3p:MobileApplication from com.google.android.gms using seqno 2511
12-25 22:01:35.501  1456  1466 I zygote  : Background concurrent copying GC freed 63681(3MB) AllocSpace objects, 39(1612KB) LOS objects, 42% free, 30MB/53MB, paused 256us total 328.914ms
12-25 22:01:36.247 12843 12843 D AndroidRuntime: >>>>>> START com.android.internal.os.RuntimeInit uid 2000 <<<<<<
12-25 22:01:36.260 12843 12843 W app_process: Could not reserve sentinel fault page
12-25 22:01:36.367 20319 22276 I Icing   : Indexing com.google.android.gms-apps from com.google.android.gms
12-25 22:01:36.427 12843 12843 I app_process: The ClassLoaderContext is a special shared library.
12-25 22:01:36.474 20319 22276 I Icing   : Indexing done com.google.android.gms-apps
12-25 22:01:36.497 12843 12843 D AndroidRuntime: Calling main entry com.android.commands.input.Input
12-25 22:01:36.501 12843 12843 I Input   : injectKeyEvent: KeyEvent { action=ACTION_DOWN, keyCode=KEYCODE_HOME, scanCode=0, metaState=0, flags=0x0, repeatCount=0, eventTime=9776525228, downTime=9776525228, deviceId=-1, source=0x101 }
12-25 22:01:36.508 12843 12843 I Input   : injectKeyEvent: KeyEvent { action=ACTION_UP, keyCode=KEYCODE_HOME, scanCode=0, metaState=0, flags=0x0, repeatCount=0, eventTime=9776525228, downTime=9776525228, deviceId=-1, source=0x101 }
12-25 22:01:36.515  1456  1941 I ActivityManager: START u0 {act=android.intent.action.MAIN cat=[android.intent.category.HOME] flg=0x10200000 cmp=com.android.launcher3/.CustomizationPanelLauncher (has extras)} from uid 1000
12-25 22:01:36.516   794   839 E ANDR-PERF-RESOURCEQS: Failed to apply optimization [4, 0]
12-25 22:01:36.530  1456  1941 I ActivityManager: moveHomeStack, setupComplete:true
12-25 22:01:36.537  7933  7963 I Adreno  : QUALCOMM build                   : bb5b86c, I77d3059488
12-25 22:01:36.537  7933  7963 I Adreno  : Build Date                       : 06/07/18
12-25 22:01:36.537  7933  7963 I Adreno  : OpenGL ES Shader Compiler Version: EV031.22.00.01_06
12-25 22:01:36.537  7933  7963 I Adreno  : Local Branch                     : 
12-25 22:01:36.537  7933  7963 I Adreno  : Remote Branch                    : refs/tags/AU_LINUX_ANDROID_LA.UM.6.5.R1.08.01.00.312.086
12-25 22:01:36.537  7933  7963 I Adreno  : Remote Branch                    : NONE
12-25 22:01:36.537  7933  7963 I Adreno  : Reconstruct Branch               : NOTHING
12-25 22:01:36.541 12843 12843 D AndroidRuntime: Shutting down VM
12-25 22:01:36.543  7933  7963 D vndksupport: Loading /vendor/lib/hw/gralloc.msm8937.so from current namespace instead of sphal namespace.
12-25 22:01:36.548  7933  7963 I Adreno  : PFP: 0x005ff087, ME: 0x005ff063
12-25 22:01:36.549  2748  2748 D Launcher.Utilities: Wakeup weather: Intent { act=com.motorola.launcher3.action.WAKEUP_WEATHER cmp=com.motorola.timeweatherwidget/com.motorola.commandcenter.weather.WakeUpService }
12-25 22:01:36.553  7933  7963 I zygote  : android::hardware::configstore::V1_0::ISurfaceFlingerConfigs::hasWideColorDisplay retrieved: 0
12-25 22:01:36.554  7933  7963 I OpenGLRenderer: Initialized EGL, version 1.4
12-25 22:01:36.554  7933  7963 D OpenGLRenderer: Swap behavior 2
12-25 22:01:36.572  1456  1456 I NotificationService: Cannot find enqueued record for key: 0|com.motorola.timeweatherwidget|1|null|10116
12-25 22:01:36.577   808   808 D SurfaceFlinger: duplicate layer name: changing com.android.launcher3/com.android.launcher3.CustomizationPanelLauncher to com.android.launcher3/com.android.launcher3.CustomizationPanelLauncher#1
12-25 22:01:36.594  7933 23113 W ThreadPoolDumper: Queue length for executor EventBus is now 11. Perhaps some tasks are too long, or the pool is too small.
12-25 22:01:36.599  1456  6339 I WifiService: getWifiEnabledState uid=10073
12-25 22:01:36.615  1456  6339 I WifiService: getWifiEnabledState uid=10073
12-25 22:01:36.649  1456  1673 I LaunchCheckinHandler: Displayed com.android.launcher3/.CustomizationPanelLauncher,wp,wa,134
12-25 22:01:36.662  7933  7966 I MicroDetectionState: Should stop hotword detection immediately - false
12-25 22:01:36.667  7933  7966 I MicroDetectionWorker: #startMicroDetector [speakerMode: 0]
12-25 22:01:36.673  7933  7966 I AudioController: Created new AudioSource
12-25 22:01:36.675  7933  7966 I MicroDetectionWorker: onReady
12-25 22:01:36.675  7933 23062 I MicroDataManager: isInitializedWithLatestParams-true
12-25 22:01:36.675  7933 23062 I MicroDataManager: isInitializing-false locale not changed-true model not changed-true
12-25 22:01:36.676  7933 23062 I MicroDataManager: Already initialized, obtaining the hotword data immediately.
12-25 22:01:36.683  7933 23102 I MicroRecognitionRunner: Starting detection.
12-25 22:01:36.683  7933 23102 I InputStreamUtils: Using micInputStream
12-25 22:01:36.685  7933 23108 I MicrophoneInputStream: mic_starting  SR : 16000 CC : 16 SO : 1999
12-25 22:01:36.689   788  1401 V msm8974_platform: platform_check_input_mask: enter check_input_mask source 6 mask 10
12-25 22:01:36.691  1012 12870 I AudioFlinger: AudioFlinger's thread 0xb2483c80 tid=12870 ready to run
12-25 22:01:36.698   788  1479 D audio_hw_primary: in_set_parameters: enter: kvpairs=input_source=6;routing=-2147483644
12-25 22:01:36.701  1012  4818 D APM_AudioPolicyManager: AudioPolicyManager::startInput() input 52902, session 52953, source = 1999
12-25 22:01:36.701  7933 23108 I MicrophoneInputStream: mic_started  SR : 16000 CC : 16 SO : 1999
12-25 22:01:36.703   788 12871 V msm8974_platform: platform_update_usecase_from_source: input source :6
12-25 22:01:36.703   788 12871 V msm8974_platform: platform_check_input_mask: enter check_input_mask source 6 mask 10
12-25 22:01:36.703   788 12871 V msm8974_platform: platform_get_input_snd_device: enter: out_device(0) in_device(0x4) channel_count (1) channel_mask (0x10)
12-25 22:01:36.703   788 12871 V msm8974_platform: platform_get_input_snd_device: exit: in_snd_device(voice-rec-mic)
12-25 22:01:36.703   788 12871 V msm8974_platform: platform_get_backend_index:napb: backend port - 5 device - 120 
12-25 22:01:36.703   788 12871 V msm8974_platform: platform_check_and_set_capture_backend_cfg:txbecf: afe: bitwidth 0, samplerate 0, channel 1, backend_idx 5 usecase = 9 device (voice-rec-mic)
12-25 22:01:36.703   788 12871 V msm8974_platform: platform_check_capture_backend_cfg:txbecf: afe: Codec selected backend: 5 current bit width: 0 and sample rate: 0, channels 1
12-25 22:01:36.703   788 12871 V msm8974_platform: platform_check_capture_backend_cfg:txbecf: afe: Codec selected backend: 5 updated bit width: 0 and sample rate: 0
12-25 22:01:36.703   788 12871 I msm8974_platform: platform_check_capture_backend_cfg:txbecf: afe: Codec backend needs to be updated. new bit width: 0 new sample rate: 0 new channel: 1
12-25 22:01:36.703   788 12871 V msm8974_platform: platform_get_backend_index:napb: backend port - 5 device - 120 
12-25 22:01:36.703   788 12871 V msm8974_platform: platform_set_backend_cfg:becf: afe: bitwidth 0, samplerate 0 channels 1, backend_idx 5 device (voice-rec-mic)
12-25 22:01:36.704   788 12871 E msm8974_platform: platform_set_backend_cfg:becf: afe: Could not get ctl for mixer command - SLIM_0_TX Format
12-25 22:01:36.704   788 12871 V msm8974_platform: platform_send_audio_calibration: sending audio calibration for snd_device(120) acdb_id(62)
12-25 22:01:36.704   788 12871 D ACDB-LOADER: ACDB -> send_audio_cal, acdb_id = 62, path = 1, app id = 0x11130, sample rate = 48000
12-25 22:01:36.704   788 12871 D ACDB-LOADER: ACDB -> send_asm_topology
12-25 22:01:36.704   788 12871 D ACDB-LOADER: ACDB -> ACDB_CMD_GET_AUDPROC_STREAM_TOPOLOGY_ID
12-25 22:01:36.704   788 12871 D ACDB-LOADER: ACDB -> send_adm_topology
12-25 22:01:36.704   788 12871 D ACDB-LOADER: ACDB -> ACDB_CMD_GET_AUDPROC_COMMON_TOPOLOGY_ID
12-25 22:01:36.704   788 12871 D ACDB-LOADER: ACDB -> send_audtable
12-25 22:01:36.704   788 12871 D ACDB-LOADER: ACDB -> ACDB_CMD_GET_AUDPROC_COMMON_TABLE_SIZE
12-25 22:01:36.704   788 12871 D ACDB-LOADER: ACDB -> ACDB_CMD_GET_AUDPROC_COMMON_TABLE
12-25 22:01:36.704   788 12871 D ACDB-LOADER: ACDB -> AUDIO_SET_AUDPROC_CAL
12-25 22:01:36.704   788 12871 D ACDB-LOADER: ACDB -> send_audvoltable
12-25 22:01:36.704   788 12871 D ACDB-LOADER: ACDB -> ACDB_CMD_GET_AUDPROC_VOL_STEP_TABLE_SIZE
12-25 22:01:36.704   788 12871 D ACDB-LOADER: ACDB -> ACDB_CMD_GET_AUDPROC_GAIN_DEP_STEP_TABLE, vol index 0
12-25 22:01:36.705   788 12871 D         : Failed to fetch the lookup information of the device 0000003E 
12-25 22:01:36.705   788 12871 D ACDB-LOADER: ACDB -> AUDIO_SET_VOL_CAL cal type = 12
12-25 22:01:36.705   788 12871 D ACDB-LOADER: ACDB -> ACDB_CMD_GET_AUDPROC_STREAM_TABLE_SIZE
12-25 22:01:36.705   788 12871 D ACDB-LOADER: ACDB -> send_audstrmtable
12-25 22:01:36.705   788 12871 D ACDB-LOADER: ACDB -> ACDB_CMD_GET_AUDPROC_STREAM_TABLE_V2
12-25 22:01:36.705   788 12871 D ACDB-LOADER: ACDB -> audstrm_cal->cal_type.cal_data.cal_size = 456
12-25 22:01:36.705   788 12871 D ACDB-LOADER: ACDB -> send_afe_topology
12-25 22:01:36.705   788 12871 D ACDB-LOADER: ACDB -> ACDB_CMD_GET_AFE_TOPOLOGY_ID
12-25 22:01:36.705   788 12871 D ACDB-LOADER: ACDB -> GET_AFE_TOPOLOGY_ID for adcd_id 62, Topology Id 112fb
12-25 22:01:36.705   788 12871 D ACDB-LOADER: ACDB -> send_afe_cal
12-25 22:01:36.705   788 12871 D ACDB-LOADER: ACDB -> ACDB_CMD_GET_AFE_COMMON_TABLE_SIZE
12-25 22:01:36.705   788 12871 D         : Failed to fetch the lookup information of the device 0000003E 
12-25 22:01:36.705   788 12871 E ACDB-LOADER: Error: ACDB_CMD_GET_AFE_COMMON_TABLE_SIZE Returned = -19
12-25 22:01:36.705   788 12871 D ACDB-LOADER: ACDB -> ACDB_CMD_GET_AFE_COMMON_TABLE
12-25 22:01:36.705   788 12871 D         : Failed to fetch the lookup information of the device 0000003E 
12-25 22:01:36.705   788 12871 D ACDB-LOADER: ACDB -> AUDIO_SET_AFE_CAL
12-25 22:01:36.705   788 12871 D ACDB-LOADER: ACDB -> send_hw_delay : acdb_id = 62 path = 1
12-25 22:01:36.705   788 12871 D ACDB-LOADER: ACDB -> ACDB_AVSYNC_INFO: ACDB_CMD_GET_DEVICE_PROPERTY
12-25 22:01:36.705   788 12871 D audio_hw_primary: enable_snd_device: snd_device(120: voice-rec-mic)
12-25 22:01:36.705   788 12871 D audio_route: Apply path: voice-rec-mic
12-25 22:01:36.709   788 12871 V msm8974_platform: platform_get_snd_device_backend_index: enter with device 120
12-25 22:01:36.709   788 12871 E msm8974_platform: platform_get_snd_device_backend_index: BE DAI Name Table is not present
12-25 22:01:36.709   788 12871 V msm8974_platform: platform_get_backend_index:napb: backend port - 5 device - 120 
12-25 22:01:36.709   788 12871 I audio_hw_utils: Set Audio Stream Capture 0 App Type Cfg: app_type 69936, acdb_dev_id 62, sample_rate 48000, snd_device_be_idx -14
12-25 22:01:36.709   788 12871 D audio_hw_primary: enable_audio_route: usecase(9) apply and update mixer path: audio-record
12-25 22:01:36.709   788 12871 D audio_route: Apply path: audio-record
12-25 22:01:36.779  7933  7966 I MicroDetectionWorker: onReady
12-25 22:01:36.799  2146  2165 I zygote  : NativeAlloc concurrent copying GC freed 19946(1060KB) AllocSpace objects, 0(0B) LOS objects, 50% free, 7MB/15MB, paused 124us total 110.945ms
12-25 22:01:37.066  1456  7796 I OpenGLRenderer: Initialized EGL, version 1.4
12-25 22:01:37.066  1456  7796 D OpenGLRenderer: Swap behavior 2
12-25 22:01:37.113  2748  2917 W OpenGLRenderer: Incorrectly called buildLayer on View: ShortcutAndWidgetContainer, destroying layer...
12-25 22:01:37.238 12566 12676 I chatty  : uid=10631(org.mozilla.fenix.performancetest) expire 6 lines
12-25 22:01:37.316  1456  5031 D ConnectivityService: requestNetwork for uid/pid:10631/12566 NetworkRequest [ TRACK_DEFAULT id=13736, [ Capabilities: INTERNET&NOT_RESTRICTED&TRUSTED&NOT_VPN] ]
12-25 22:01:37.317  1456  2099 D Ethernet: got request NetworkRequest [ TRACK_DEFAULT id=13736, [ Capabilities: INTERNET&NOT_RESTRICTED&TRUSTED&NOT_VPN] ] with score 60
12-25 22:01:37.317  1456  2054 D WIFI_UT : got request NetworkRequest [ TRACK_DEFAULT id=13736, [ Capabilities: INTERNET&NOT_RESTRICTED&TRUSTED&NOT_VPN] ] with score 60
12-25 22:01:37.317  1456  2054 D WIFI    : got request NetworkRequest [ TRACK_DEFAULT id=13736, [ Capabilities: INTERNET&NOT_RESTRICTED&TRUSTED&NOT_VPN] ] with score 60
12-25 22:01:37.319  2398  2398 D PhoneSwitcherNetworkRequstListener: got request NetworkRequest [ TRACK_DEFAULT id=13736, [ Capabilities: INTERNET&NOT_RESTRICTED&TRUSTED&NOT_VPN] ] with score 60
12-25 22:01:37.344 12566 12874 I chatty  : uid=10631(org.mozilla.fenix.performancetest) expire 9 lines
12-25 22:01:38.755  1456  2067 D ConnectivityService: releasing NetworkRequest [ TRACK_DEFAULT id=13736, [ Capabilities: INTERNET&NOT_RESTRICTED&TRUSTED&NOT_VPN] ] (release request)
12-25 22:01:41.692  1456  5031 I ActivityManager: Force stopping org.mozilla.fenix.performancetest appid=10631 user=0: from pid 12879
12-25 22:01:41.693  1456  5031 I ActivityManager: Killing 12566:org.mozilla.fenix.performancetest/u0a631 (adj 700): stop org.mozilla.fenix.performancetest
12-25 22:01:41.695  1456  1605 W zygote  : kill(-12566, 9) failed: No such process
12-25 22:01:41.695  1456  5031 W ActivityManager: Force removing ActivityRecord{6dd0dd u0 org.mozilla.fenix.performancetest/org.mozilla.fenix.HomeActivity t12798}: app died, no saved state
12-25 22:01:41.696 12605 12605 I chatty  : uid=10631(org.mozilla.fenix.performancetest) expire 1 line
12-25 22:01:41.704  1456  5031 I ActivityManager: Killing 12605:org.mozilla.fenix.performancetest:tab/u0a631 (adj 0): stop org.mozilla.fenix.performancetest
12-25 22:01:41.712  1456  1605 W zygote  : kill(-12566, 9) failed: No such process
12-25 22:01:41.716  2398  2398 D CarrierSvcBindHelper: No carrier app for: 0
12-25 22:01:41.717  2398  2398 D CarrierSvcBindHelper: No carrier app for: 1
12-25 22:01:41.725  1456  1605 W zygote  : kill(-12566, 9) failed: No such process
12-25 22:01:41.728   808   808 I SFPerfTracer:      triggers: (rate: 49:53675) (compose: 0:5) (post: 0:12) (render: 0:9) (0:1358815 frames) (1:2366936)
12-25 22:01:41.728   808   808 D SFPerfTracer:        layers: (4:13) (NavigationBar#0 (0xb07df000): 0:310243) (StatusBar#0 (0xb07e3000): 0:982508) (com.android.systemui.ImageWallpaper#0 (0xb07e7000): 0:23927) (Sprite#0 (0xb0733000): 0:317)* (DimLayerController/Stack=0#0 (0xb075a000): 0:3501)* (Sprite#1 (0xb077c000): 0:195)* (com.android.launcher3/com.android.launcher3.CustomizationPanelLauncher#0 (0xb0763000): 0:40)- (com.android.launcher3/com.android.launcher3.CustomizationPanelLauncher#1 (0xb0771000): 0:7)- (Splash Screen org.mozilla.fenix.performancetest#0 (0xb0384000): 0:33)- (org.mozilla.fenix.performancetest/org.mozilla.fenix.IntentReceiverActivity#0 (0xb039b000): 0:6)- (org.mozilla.fenix.performancetest/org.mozilla.fenix.HomeActivity#0 (0xb02cf000): 0:54)- (com.android.launcher3/com.android.launcher3.CustomizationPanelLauncher#0 (0xb0763000): 0:38)* (com.android.launcher3/com.android.launcher3.CustomizationPanelLauncher#1 (0xb0771000): 0:6) 
12-25 22:01:41.779  1456  1673 W ActivityManager: setHasOverlayUi called on unknown pid: 12566
12-25 22:01:41.785  1456  1605 I chatty  : uid=1000(system) ActivityManager identical 5 lines
12-25 22:01:41.800  1456  1605 W zygote  : kill(-12566, 9) failed: No such process
12-25 22:01:41.800  1456  1605 I zygote  : Successfully killed process cgroup uid 10631 pid 12566 in 105ms
12-25 22:01:41.801  1456  1605 W zygote  : kill(-12605, 9) failed: No such process
12-25 22:01:41.801  1456  1605 I zygote  : Successfully killed process cgroup uid 10631 pid 12605 in 0ms
12-25 22:01:41.815  1456  1471 I ActivityManager: START u0 {act=android.intent.action.VIEW dat=about:blank typ=text/html flg=0x10000000 cmp=org.mozilla.fenix.performancetest/org.mozilla.fenix.IntentReceiverActivity} from uid 2000
12-25 22:01:41.815   794   839 E ANDR-PERF-RESOURCEQS: Failed to apply optimization [4, 0]
12-25 22:01:41.835  1456  2402 I ActivityManager: Start proc 12887:org.mozilla.fenix.performancetest/u0a631 for activity org.mozilla.fenix.performancetest/org.mozilla.fenix.IntentReceiverActivity
12-25 22:01:41.840 12887 12887 I chatty  : uid=10631(org.mozilla.fenix.performancetest) expire 55 lines
12-25 22:01:41.933  7933  7966 I MicroDetectionState: Should stop hotword detection immediately - false
12-25 22:01:41.934  7933  7966 I MicroDetector: Keeping mic open: false
12-25 22:01:41.934  7933  7953 E DeviceStateChecker: DeviceStateChecker cancelled
12-25 22:01:41.934  7933  7966 I RecognitionAudioControl: #shutdownAudio [requestId: -6439072875419898130, keepAudioOpen: false, forced: true]
12-25 22:01:41.935  7933  7966 I RecognitionAudioControl: #internalShutdownAudio [requestId: -6439072875419898130]
12-25 22:01:41.935  7933  7966 I RecognitionAudioControl: #internalShutdownAudio [keepAudioOpen: false, forced: true]
12-25 22:01:41.935  7933  7966 I RecognitionAudioControl: #actualShutdownAudio
12-25 22:01:41.935  7933  7966 I AudioController: #shutdown [requestId=-6439072875419898130]
12-25 22:01:41.935  7933 23062 I AudioController: internalShutdown
12-25 22:01:41.935  7933 23065 I MicroRecognitionRunner: Stopping hotword detection.
12-25 22:01:41.981   788  1479 D audio_hw_primary: disable_audio_route: usecase(9) reset and update mixer path: audio-record
12-25 22:01:41.982   788  1479 D audio_hw_primary: disable_snd_device: snd_device(120: voice-rec-mic)
12-25 22:01:41.985  1012  1302 D APM_AudioPolicyManager: stopInput() input 52902, session 52953
12-25 22:01:41.985   788  1401 D audio_hw_primary: in_set_parameters: enter: kvpairs=routing=0
12-25 22:01:41.987  7933 23062 I MicrophoneInputStream: mic_close  SR : 16000 CC : 16 SO : 1999
12-25 22:01:41.988  7933 23062 E AudioSource: Stop listening is called on already closed AudioSource
12-25 22:01:41.989  7933 23102 I MicroRecognitionRunner: Detection finished
12-25 22:01:42.074 12887 12904 I chatty  : uid=10631(org.mozilla.fenix.performancetest) expire 13 lines
12-25 22:01:42.288 12887 12918 I chatty  : uid=10631(org.mozilla.fenix.performancetest) expire 20 lines
12-25 22:01:42.429  1456  2401 I ActivityManager: Start proc 12925:org.mozilla.fenix.performancetest:tab/u0a631 for service org.mozilla.fenix.performancetest/org.mozilla.gecko.process.GeckoServiceChildProcess$tab
12-25 22:01:42.429 12887 12927 I chatty  : uid=10631(org.mozilla.fenix.performancetest) expire 9 lines
12-25 22:01:42.432 12925 12925 I chatty  : uid=10631(org.mozilla.fenix.performancetest) expire 2 lines
12-25 22:01:42.571 12887 12950 I chatty  : uid=10631(org.mozilla.fenix.performancetest) expire 3 lines
12-25 22:01:42.600 12925 12951 I chatty  : uid=10631(org.mozilla.fenix.performancetest) expire 1 line
12-25 22:01:42.712 12887 12892 I chatty  : uid=10631(org.mozilla.fenix.performancetest) expire 11 lines
12-25 22:01:43.038  1456  2063 D WifiNative-wlan0: Scan issued for specific freq..
12-25 22:01:43.087 20319 12148 I Icing   : Indexing com.google.android.gms-internal.3p:MobileApplication from com.google.android.gms using seqno 2511
12-25 22:01:43.182  1456  2162 I ActivityManager: START u0 {act=android.intent.action.VIEW dat=about:blank typ=text/html flg=0x10000000 cmp=org.mozilla.fenix.performancetest/org.mozilla.fenix.HomeActivity (has extras)} from uid 10631
12-25 22:01:43.203  1456  2401 I WifiService: getDhcpInfo uid=10631
12-25 22:01:43.244 12887 12950 I chatty  : uid=10631(org.mozilla.fenix.performancetest) expire 6 lines
12-25 22:01:43.347 12887 12997 I chatty  : uid=10631(org.mozilla.fenix.performancetest) expire 4 lines
12-25 22:01:43.350  1456  1673 I LaunchCheckinHandler: Displayed org.mozilla.fenix.performancetest/org.mozilla.fenix.IntentReceiverActivity,cp,ca,1526
12-25 22:01:43.403 12887 12887 I chatty  : uid=10631(org.mozilla.fenix.performancetest) expire 37 lines
12-25 22:01:43.447 12887 12918 I chatty  : uid=10631(org.mozilla.fenix.performancetest) expire 188 lines
12-25 22:01:44.004  1456  2162 D WificondControl: Scan result ready event
12-25 22:01:44.074 12887 12978 I chatty  : uid=10631(org.mozilla.fenix.performancetest) expire 10 lines
12-25 22:01:44.190 12887 12999 I chatty  : uid=10631(org.mozilla.fenix.performancetest) expire 2 lines
12-25 22:01:44.263 12887 12927 I chatty  : uid=10631(org.mozilla.fenix.performancetest) expire 1 line
12-25 22:01:44.295 12887 13022 I chatty  : uid=10631(org.mozilla.fenix.performancetest) expire 1 line
12-25 22:01:44.677  1456  1673 I ActivityManager: Displayed org.mozilla.fenix.performancetest/org.mozilla.fenix.HomeActivity: +1s364ms (total +2s848ms)
12-25 22:01:44.759 12925 12951 I chatty  : uid=10631(org.mozilla.fenix.performancetest) expire 47 lines
12-25 22:01:44.934 12887 12903 I chatty  : uid=10631(org.mozilla.fenix.performancetest) expire 1 line
12-25 22:01:44.935  7933  7933 I MemoryTrimmer: Trimming objects from memory, since app is in the background.
12-25 22:01:44.946  7933  7933 I MemoryTrimmer: Trimming objects from memory, since app is in the background.
12-25 22:01:44.946  7933 23108 I PBSessionCacheImpl: Deleted sessionId[34891280184934467] from persistence.
12-25 22:01:44.955  1456  1471 I WifiService: getWifiEnabledState uid=10073
12-25 22:01:44.963  7933  7966 W SearchServiceCore: Abort, client detached.
12-25 22:01:45.066   808   898 I SFPerfTracer:      triggers: (rate: 0:0) (0 sw vsyncs) (0 skipped) (18:1219808 vsyncs) (20:2394025)
12-25 22:01:45.670 12887 12904 I chatty  : uid=10631(org.mozilla.fenix.performancetest) expire 3 lines
12-25 22:01:47.481 13096 13096 D AndroidRuntime: >>>>>> START com.android.internal.os.RuntimeInit uid 2000 <<<<<<
12-25 22:01:47.493 13096 13096 W app_process: Could not reserve sentinel fault page
12-25 22:01:47.659 13096 13096 I app_process: The ClassLoaderContext is a special shared library.
12-25 22:01:47.727 13096 13096 D AndroidRuntime: Calling main entry com.android.commands.input.Input
12-25 22:01:47.728 13096 13096 I Input   : injectKeyEvent: KeyEvent { action=ACTION_DOWN, keyCode=KEYCODE_HOME, scanCode=0, metaState=0, flags=0x0, repeatCount=0, eventTime=9776536455, downTime=9776536455, deviceId=-1, source=0x101 }
12-25 22:01:47.734 13096 13096 I Input   : injectKeyEvent: KeyEvent { action=ACTION_UP, keyCode=KEYCODE_HOME, scanCode=0, metaState=0, flags=0x0, repeatCount=0, eventTime=9776536455, downTime=9776536455, deviceId=-1, source=0x101 }
12-25 22:01:47.740  1456  1941 I ActivityManager: START u0 {act=android.intent.action.MAIN cat=[android.intent.category.HOME] flg=0x10200000 cmp=com.android.launcher3/.CustomizationPanelLauncher (has extras)} from uid 1000
12-25 22:01:47.741   794   839 E ANDR-PERF-RESOURCEQS: Failed to apply optimization [4, 0]
12-25 22:01:47.753  1456  1941 I ActivityManager: moveHomeStack, setupComplete:true
12-25 22:01:47.759  7933  7963 I Adreno  : QUALCOMM build                   : bb5b86c, I77d3059488
12-25 22:01:47.759  7933  7963 I Adreno  : Build Date                       : 06/07/18
12-25 22:01:47.759  7933  7963 I Adreno  : OpenGL ES Shader Compiler Version: EV031.22.00.01_06
12-25 22:01:47.759  7933  7963 I Adreno  : Local Branch                     : 
12-25 22:01:47.759  7933  7963 I Adreno  : Remote Branch                    : refs/tags/AU_LINUX_ANDROID_LA.UM.6.5.R1.08.01.00.312.086
12-25 22:01:47.759  7933  7963 I Adreno  : Remote Branch                    : NONE
12-25 22:01:47.759  7933  7963 I Adreno  : Reconstruct Branch               : NOTHING
12-25 22:01:47.762  7933  7963 D vndksupport: Loading /vendor/lib/hw/gralloc.msm8937.so from current namespace instead of sphal namespace.
12-25 22:01:47.763 13096 13096 D AndroidRuntime: Shutting down VM
12-25 22:01:47.765  7933  7963 I Adreno  : PFP: 0x005ff087, ME: 0x005ff063
12-25 22:01:47.769  7933  7963 I zygote  : android::hardware::configstore::V1_0::ISurfaceFlingerConfigs::hasWideColorDisplay retrieved: 0
12-25 22:01:47.770  7933  7963 I OpenGLRenderer: Initialized EGL, version 1.4
12-25 22:01:47.770  7933  7963 D OpenGLRenderer: Swap behavior 2
12-25 22:01:47.771  2748  2748 D Launcher.Utilities: Wakeup weather: Intent { act=com.motorola.launcher3.action.WAKEUP_WEATHER cmp=com.motorola.timeweatherwidget/com.motorola.commandcenter.weather.WakeUpService }
12-25 22:01:47.789  1456  1456 I NotificationService: Cannot find enqueued record for key: 0|com.motorola.timeweatherwidget|1|null|10116
12-25 22:01:47.797   808   808 D SurfaceFlinger: duplicate layer name: changing com.android.launcher3/com.android.launcher3.CustomizationPanelLauncher to com.android.launcher3/com.android.launcher3.CustomizationPanelLauncher#1
12-25 22:01:47.805  7933  7953 W ThreadPoolDumper: Queue length for executor EventBus is now 11. Perhaps some tasks are too long, or the pool is too small.
12-25 22:01:47.809  1456  2162 I WifiService: getWifiEnabledState uid=10073
12-25 22:01:47.820  1456  1471 I WifiService: getWifiEnabledState uid=10073
12-25 22:01:47.856  7933  7966 I MicroDetectionState: Should stop hotword detection immediately - false
12-25 22:01:47.862  7933  7966 I MicroDetectionWorker: #startMicroDetector [speakerMode: 0]
12-25 22:01:47.865  7933  7966 I AudioController: Created new AudioSource
12-25 22:01:47.885  1456  1673 I LaunchCheckinHandler: Displayed com.android.launcher3/.CustomizationPanelLauncher,wp,wa,145
12-25 22:01:47.886  7933  7966 I MicroDetectionWorker: onReady
12-25 22:01:47.886  7933 22885 I MicroDataManager: isInitializedWithLatestParams-true
12-25 22:01:47.886  7933 22885 I MicroDataManager: isInitializing-false locale not changed-true model not changed-true
12-25 22:01:47.887  7933 22885 I MicroDataManager: Already initialized, obtaining the hotword data immediately.
12-25 22:01:47.897  7933 23113 I MicroRecognitionRunner: Starting detection.
12-25 22:01:47.897  7933 23113 I InputStreamUtils: Using micInputStream
12-25 22:01:47.898  7933 23108 I MicrophoneInputStream: mic_starting  SR : 16000 CC : 16 SO : 1999
12-25 22:01:47.901   788  1401 V msm8974_platform: platform_check_input_mask: enter check_input_mask source 6 mask 10
12-25 22:01:47.903  1012 13110 I AudioFlinger: AudioFlinger's thread 0xb24835c0 tid=13110 ready to run
12-25 22:01:47.910   788  1401 D audio_hw_primary: in_set_parameters: enter: kvpairs=input_source=6;routing=-2147483644
12-25 22:01:47.911  1012  1301 D APM_AudioPolicyManager: AudioPolicyManager::startInput() input 52910, session 52961, source = 1999
12-25 22:01:47.911  7933 23108 I MicrophoneInputStream: mic_started  SR : 16000 CC : 16 SO : 1999
12-25 22:01:47.913   788 13111 V msm8974_platform: platform_update_usecase_from_source: input source :6
12-25 22:01:47.913   788 13111 V msm8974_platform: platform_check_input_mask: enter check_input_mask source 6 mask 10
12-25 22:01:47.913   788 13111 V msm8974_platform: platform_get_input_snd_device: enter: out_device(0) in_device(0x4) channel_count (1) channel_mask (0x10)
12-25 22:01:47.913   788 13111 V msm8974_platform: platform_get_input_snd_device: exit: in_snd_device(voice-rec-mic)
12-25 22:01:47.913   788 13111 V msm8974_platform: platform_get_backend_index:napb: backend port - 5 device - 120 
12-25 22:01:47.913   788 13111 V msm8974_platform: platform_check_and_set_capture_backend_cfg:txbecf: afe: bitwidth 0, samplerate 0, channel 1, backend_idx 5 usecase = 9 device (voice-rec-mic)
12-25 22:01:47.913   788 13111 V msm8974_platform: platform_check_capture_backend_cfg:txbecf: afe: Codec selected backend: 5 current bit width: 0 and sample rate: 0, channels 1
12-25 22:01:47.913   788 13111 V msm8974_platform: platform_check_capture_backend_cfg:txbecf: afe: Codec selected backend: 5 updated bit width: 0 and sample rate: 0
12-25 22:01:47.913   788 13111 I msm8974_platform: platform_check_capture_backend_cfg:txbecf: afe: Codec backend needs to be updated. new bit width: 0 new sample rate: 0 new channel: 1
12-25 22:01:47.913   788 13111 V msm8974_platform: platform_get_backend_index:napb: backend port - 5 device - 120 
12-25 22:01:47.913   788 13111 V msm8974_platform: platform_set_backend_cfg:becf: afe: bitwidth 0, samplerate 0 channels 1, backend_idx 5 device (voice-rec-mic)
12-25 22:01:47.914   788 13111 E msm8974_platform: platform_set_backend_cfg:becf: afe: Could not get ctl for mixer command - SLIM_0_TX Format
12-25 22:01:47.914   788 13111 V msm8974_platform: platform_send_audio_calibration: sending audio calibration for snd_device(120) acdb_id(62)
12-25 22:01:47.914   788 13111 D ACDB-LOADER: ACDB -> send_audio_cal, acdb_id = 62, path = 1, app id = 0x11130, sample rate = 48000
12-25 22:01:47.914   788 13111 D ACDB-LOADER: ACDB -> send_asm_topology
12-25 22:01:47.914   788 13111 D ACDB-LOADER: ACDB -> ACDB_CMD_GET_AUDPROC_STREAM_TOPOLOGY_ID
12-25 22:01:47.914   788 13111 D ACDB-LOADER: ACDB -> send_adm_topology
12-25 22:01:47.914   788 13111 D ACDB-LOADER: ACDB -> ACDB_CMD_GET_AUDPROC_COMMON_TOPOLOGY_ID
12-25 22:01:47.914   788 13111 D ACDB-LOADER: ACDB -> send_audtable
12-25 22:01:47.914   788 13111 D ACDB-LOADER: ACDB -> ACDB_CMD_GET_AUDPROC_COMMON_TABLE_SIZE
12-25 22:01:47.914   788 13111 D ACDB-LOADER: ACDB -> ACDB_CMD_GET_AUDPROC_COMMON_TABLE
12-25 22:01:47.914   788 13111 D ACDB-LOADER: ACDB -> AUDIO_SET_AUDPROC_CAL
12-25 22:01:47.915   788 13111 D ACDB-LOADER: ACDB -> send_audvoltable
12-25 22:01:47.915   788 13111 D ACDB-LOADER: ACDB -> ACDB_CMD_GET_AUDPROC_VOL_STEP_TABLE_SIZE
12-25 22:01:47.915   788 13111 D ACDB-LOADER: ACDB -> ACDB_CMD_GET_AUDPROC_GAIN_DEP_STEP_TABLE, vol index 0
12-25 22:01:47.915   788 13111 D         : Failed to fetch the lookup information of the device 0000003E 
12-25 22:01:47.915   788 13111 D ACDB-LOADER: ACDB -> AUDIO_SET_VOL_CAL cal type = 12
12-25 22:01:47.915   788 13111 D ACDB-LOADER: ACDB -> ACDB_CMD_GET_AUDPROC_STREAM_TABLE_SIZE
12-25 22:01:47.915   788 13111 D ACDB-LOADER: ACDB -> send_audstrmtable
12-25 22:01:47.915   788 13111 D ACDB-LOADER: ACDB -> ACDB_CMD_GET_AUDPROC_STREAM_TABLE_V2
12-25 22:01:47.915   788 13111 D ACDB-LOADER: ACDB -> audstrm_cal->cal_type.cal_data.cal_size = 456
12-25 22:01:47.915   788 13111 D ACDB-LOADER: ACDB -> send_afe_topology
12-25 22:01:47.915   788 13111 D ACDB-LOADER: ACDB -> ACDB_CMD_GET_AFE_TOPOLOGY_ID
12-25 22:01:47.915   788 13111 D ACDB-LOADER: ACDB -> GET_AFE_TOPOLOGY_ID for adcd_id 62, Topology Id 112fb
12-25 22:01:47.915   788 13111 D ACDB-LOADER: ACDB -> send_afe_cal
12-25 22:01:47.915   788 13111 D ACDB-LOADER: ACDB -> ACDB_CMD_GET_AFE_COMMON_TABLE_SIZE
12-25 22:01:47.915   788 13111 D         : Failed to fetch the lookup information of the device 0000003E 
12-25 22:01:47.915   788 13111 E ACDB-LOADER: Error: ACDB_CMD_GET_AFE_COMMON_TABLE_SIZE Returned = -19
12-25 22:01:47.915   788 13111 D ACDB-LOADER: ACDB -> ACDB_CMD_GET_AFE_COMMON_TABLE
12-25 22:01:47.915   788 13111 D         : Failed to fetch the lookup information of the device 0000003E 
12-25 22:01:47.915   788 13111 D ACDB-LOADER: ACDB -> AUDIO_SET_AFE_CAL
12-25 22:01:47.915   788 13111 D ACDB-LOADER: ACDB -> send_hw_delay : acdb_id = 62 path = 1
12-25 22:01:47.915   788 13111 D ACDB-LOADER: ACDB -> ACDB_AVSYNC_INFO: ACDB_CMD_GET_DEVICE_PROPERTY
12-25 22:01:47.915   788 13111 D audio_hw_primary: enable_snd_device: snd_device(120: voice-rec-mic)
12-25 22:01:47.915   788 13111 D audio_route: Apply path: voice-rec-mic
12-25 22:01:47.917   788 13111 V msm8974_platform: platform_get_snd_device_backend_index: enter with device 120
12-25 22:01:47.918   788 13111 E msm8974_platform: platform_get_snd_device_backend_index: BE DAI Name Table is not present
12-25 22:01:47.918   788 13111 V msm8974_platform: platform_get_backend_index:napb: backend port - 5 device - 120 
12-25 22:01:47.918   788 13111 I audio_hw_utils: Set Audio Stream Capture 0 App Type Cfg: app_type 69936, acdb_dev_id 62, sample_rate 48000, snd_device_be_idx -14
12-25 22:01:47.918   788 13111 D audio_hw_primary: enable_audio_route: usecase(9) apply and update mixer path: audio-record
12-25 22:01:47.918   788 13111 D audio_route: Apply path: audio-record
12-25 22:01:47.986  7933  7966 I MicroDetectionWorker: onReady
12-25 22:01:48.296  1456  7796 I OpenGLRenderer: Initialized EGL, version 1.4
12-25 22:01:48.297  1456  7796 D OpenGLRenderer: Swap behavior 2
12-25 22:01:48.314   808   808 I SFPerfTracer:      triggers: (rate: 49:53681) (compose: 0:5) (post: 0:12) (render: 0:9) (12:1358883 frames) (13:2367037)
12-25 22:01:48.314   808   808 D SFPerfTracer:        layers: (4:13) (NavigationBar#0 (0xb07df000): 0:310265) (StatusBar#0 (0xb07e3000): 0:982528) (com.android.systemui.ImageWallpaper#0 (0xb07e7000): 0:23929) (Sprite#0 (0xb0733000): 0:317)* (DimLayerController/Stack=0#0 (0xb075a000): 0:3501)* (Sprite#1 (0xb077c000): 0:195)* (com.android.launcher3/com.android.launcher3.CustomizationPanelLauncher#0 (0xb0763000): 0:41)- (com.android.launcher3/com.android.launcher3.CustomizationPanelLauncher#1 (0xb0771000): 0:9)- (Splash Screen org.mozilla.fenix.performancetest#0 (0xb0384000): 0:33)- (org.mozilla.fenix.performancetest/org.mozilla.fenix.IntentReceiverActivity#0 (0xb039b000): 0:5)- (org.mozilla.fenix.performancetest/org.mozilla.fenix.HomeActivity#0 (0xb02cf000): 12:55)* (com.android.launcher3/com.android.launcher3.CustomizationPanelLauncher#0 (0xb0763000): 13:30)* (com.android.launcher3/com.android.launcher3.CustomizationPanelLauncher#1 (0xb0771000): 1:4) 
12-25 22:01:48.329  2748  2917 W OpenGLRenderer: Incorrectly called buildLayer on View: ShortcutAndWidgetContainer, destroying layer...
12-25 22:01:48.464 12887 12959 I chatty  : uid=10631(org.mozilla.fenix.performancetest) expire 6 lines
12-25 22:01:48.476 12887 12904 I chatty  : uid=10631(org.mozilla.fenix.performancetest) expire 1 line
12-25 22:01:48.538  1456  2402 D ConnectivityService: requestNetwork for uid/pid:10631/12887 NetworkRequest [ TRACK_DEFAULT id=13737, [ Capabilities: INTERNET&NOT_RESTRICTED&TRUSTED&NOT_VPN] ]
12-25 22:01:48.540  1456  2099 D Ethernet: got request NetworkRequest [ TRACK_DEFAULT id=13737, [ Capabilities: INTERNET&NOT_RESTRICTED&TRUSTED&NOT_VPN] ] with score 60
12-25 22:01:48.540  1456  2054 D WIFI_UT : got request NetworkRequest [ TRACK_DEFAULT id=13737, [ Capabilities: INTERNET&NOT_RESTRICTED&TRUSTED&NOT_VPN] ] with score 60
