--------- beginning of main
09-23 21:42:13.039  2340  2441 I QCNEJ   : |CORE| CNE received action RSSI/Link Changed events: android.net.wifi.RSSI_CHANGED
09-23 21:42:13.040  2340  2441 D QCNEJ   : |CORE| Updating RSSI: -66
09-23 21:42:13.779  1456  1466 I zygote  : Background concurrent copying GC freed 180908(9MB) AllocSpace objects, 45(3MB) LOS objects, 42% free, 21MB/38MB, paused 291us total 306.799ms
--------- beginning of system
09-23 21:42:15.779  1456  1723 I ActivityManager: Start proc 5917:com.android.defcontainer/u0a27 for service com.android.defcontainer/.DefaultContainerService
09-23 21:42:15.832  5917  5917 I zygote  : The ClassLoaderContext is a special shared library.
09-23 21:42:15.916  1456  1601 I ActivityManager: Start proc 5933:com.android.vending/u0a62 for broadcast com.android.vending/com.google.android.finsky.verifier.impl.PackageVerificationReceiver
09-23 21:42:16.332  5933  5954 I Finsky  : [10088] qar.a(40): Started reading experiment flags from file [SKocQA9EQQFTb-1gQsc5WsjVhGA].
09-23 21:42:16.345  5933  5954 I Finsky  : [10088] qar.a(53): Finished reading experiment flags from file [SKocQA9EQQFTb-1gQsc5WsjVhGA].
09-23 21:42:16.350  5933  5958 I Finsky  : [10091] qar.a(40): Started reading experiment flags from file [v6B-2IolLQRBwrwPhscSaeg04As].
09-23 21:42:16.368  5933  5958 I Finsky  : [10091] qar.a(53): Finished reading experiment flags from file [v6B-2IolLQRBwrwPhscSaeg04As].
09-23 21:42:16.477  5933  5933 I Finsky  : [2] shu.<init>(13): Resetting scheduler db
09-23 21:42:16.495  5933  5952 I Finsky  : [10086] dxy.X(6): Not a unicorn account
09-23 21:42:16.513  5933  5952 W PrimesInit: Primes instant initialization
09-23 21:42:16.524  5933  5967 W Primes  : background initialization
09-23 21:42:16.533  5933  5953 I Finsky  : [10087] dxy.aS(6): Disable SystemUpdateActivity, because Android is lower than Q
09-23 21:42:16.545  5933  5953 I Finsky  : [10087] puy.<init>(5): Registering in memory receiver for android.intent.action.PACKAGE_ADDED
09-23 21:42:16.549  5933  5968 I Finsky  : [10101] dwz.run(3): Set SystemUpdateActivity enabled state to 2
09-23 21:42:16.556  5933  5967 I PrimesTesting: GserviceFlagsSupplier.get()
09-23 21:42:16.595  5933  5950 I cr_CronetLibraryLoader: Cronet version: 78.0.3887.6, arch: armv7l
09-23 21:42:16.602  5933  5953 W Settings: Setting download_manager_max_bytes_over_mobile has moved from android.provider.Settings.Secure to android.provider.Settings.Global.
09-23 21:42:16.613  5933  5950 W Finsky  : [10084] dnv.a(21): For unauth, use getDfeApiNonAuthenticated() instead!
09-23 21:42:16.621  5933  5953 I Finsky  : [10087] pce.a(4): SettingNotFoundException, fall through to G.downloadBytesOverMobileMaximum
09-23 21:42:16.621  5933  5953 W Settings: Setting download_manager_recommended_max_bytes_over_mobile has moved from android.provider.Settings.Secure to android.provider.Settings.Global.
09-23 21:42:16.623  5933  5953 I Finsky  : [10087] pce.a(9): SettingNotFoundException, fall through to G.downloadBytesOverMobileRecommended
09-23 21:42:16.669  5933  5965 I Finsky  : [10098] ogj.a(17): Finished loading 0 libraries.
09-23 21:42:16.678  5933  5950 I Finsky  : [10084] xyp.j(4): Setup app restrictions monitor
09-23 21:42:16.680  5933  5950 I Finsky  : [10084] yak.a(5): Device wide unknown source restriction is changed.
09-23 21:42:16.712  5933  5933 I Finsky  : [2] dxy.aH(88): Process created at version: 16.6.26-all [0] [PR] 268150575
09-23 21:42:16.721  5933  5933 I Finsky  : [2] xrn.a(5): Verification requested, id = 137
09-23 21:42:16.742  5933  5933 I Finsky  : [2] lzd.a(51): Installer: Attempting to start installer
09-23 21:42:16.746  5933  5933 I Finsky  : [2] lur.<init>(7): Not checking if recovering from paused session because experiment is off
09-23 21:42:16.785  5933  5933 E Finsky  : [2] yfi.b(2): Package name null is not an installed package
09-23 21:42:16.801  5933  5978 I Finsky  : [10106] xtv.a(12): Single user settings service is not running, bind it now
09-23 21:42:16.803  5933  5933 I Finsky  : [2] lzd.a(267): Installer kick - no action, not running yet
09-23 21:42:16.804  5933  5933 I Finsky  : [2] lzd.a(267): Installer kick - no action, not running yet
09-23 21:42:16.806  5933  5954 D NetworkSecurityConfig: No Network Security Config specified, using platform default
09-23 21:42:16.808  5933  5933 I Finsky  : [2] xtu.onServiceConnected(1): Single user settings service is connected
09-23 21:42:16.829  5933  6005 I zygote  : Deoptimizing java.lang.Object j$.util.concurrent.ConcurrentHashMap.putVal(java.lang.Object, java.lang.Object, boolean) due to JIT inline cache
09-23 21:42:16.862  5933  5978 W Settings: Setting install_non_market_apps has moved from android.provider.Settings.Global to android.provider.Settings.Secure, returning read-only value.
09-23 21:42:16.932  5933  5933 I Finsky  : [2] shu.a(7): Jobs in database: 1-1337 3-453 3-454 24-77777777 26-1414141414 29-29 
09-23 21:42:16.945  5933  5933 I Finsky  : [2] sdz.a(67): ConstraintMapping: 24-77777777,  -> L: 0ms, D: 56931807ms, C: false, I: true, N: 0
09-23 21:42:16.946  5933  5933 I Finsky  : [2] sdz.a(67): ConstraintMapping: 1-1337,  -> L: 17321409ms, D: 60521409ms, C: false, I: false, N: 1
09-23 21:42:16.947  5933  5933 I Finsky  : [2] sdz.a(67): ConstraintMapping: 3-454,  -> L: 0ms, D: 82678490ms, C: false, I: true, N: 2
09-23 21:42:16.948  5933  5933 I Finsky  : [2] sdz.a(67): ConstraintMapping: 3-453,  -> L: 0ms, D: 82678465ms, C: true, I: true, N: 2
09-23 21:42:16.949  5933  5933 I Finsky  : [2] sdz.a(67): ConstraintMapping: 26-1414141414, 29-29,  -> L: 29529ms, D: 59529ms, C: false, I: false, N: 0
09-23 21:42:16.966  5933  5933 I Finsky  : [2] sge.a(35): Cancelling existing jobscheduler jobs: 9002 9004 9001 9003 9006 
09-23 21:42:16.968  5933  5933 I Finsky  : [2] sge.a(25): Scheduling job Id: 9000, L: 0, D: 56931807, C: false, I: true, N: 0
09-23 21:42:16.970  5933  5933 I Finsky  : [2] sge.a(25): Scheduling job Id: 9005, L: 17321409, D: 60521409, C: false, I: false, N: 1
09-23 21:42:16.973  5933  5933 I Finsky  : [2] sge.a(25): Scheduling job Id: 9007, L: 0, D: 82678490, C: false, I: true, N: 2
09-23 21:42:16.975  5933  5933 I Finsky  : [2] sge.a(25): Scheduling job Id: 9008, L: 0, D: 82678465, C: true, I: true, N: 2
09-23 21:42:16.977  5933  5933 I Finsky  : [2] sge.a(25): Scheduling job Id: 9009, L: 29529, D: 59529, C: false, I: false, N: 0
09-23 21:42:16.990  5933  5938 I zygote  : Do partial code cache collection, code=31KB, data=29KB
09-23 21:42:16.992  5933  5938 I zygote  : After code cache collection, code=29KB, data=29KB
09-23 21:42:16.992  5933  5938 I zygote  : Increasing code cache capacity to 128KB
09-23 21:42:17.004  1456  4250 I ActivityManager: Start proc 6010:android.process.media/u0a31 for content provider com.android.providers.downloads/.DownloadProvider
09-23 21:42:17.042  6010  6010 I zygote  : The ClassLoaderContext is a special shared library.
09-23 21:42:17.059  6010  6010 I zygote  : The ClassLoaderContext is a special shared library.
09-23 21:42:17.157  5933  6007 I Finsky  : [10131] lye.run(2): Installer: Installer starting.
09-23 21:42:17.158  5933  6007 I Finsky  : [10131] lye.run(4): Installer: Installer started.
09-23 21:42:17.166  5933  5933 I Finsky  : [2] lzd.a(272): Installer: found apps to install. isMultiUserMode=false, apps=[]
09-23 21:42:17.177  5933  5933 I Finsky  : [2] shd.a(3): Canceling job 3-453
09-23 21:42:17.183  5933  5933 I Finsky  : [2] shu.a(7): Jobs in database: 1-1337 3-454 24-77777777 26-1414141414 29-29 
09-23 21:42:17.192  5933  5933 I Finsky  : [2] sdz.a(67): ConstraintMapping: 24-77777777,  -> L: 0ms, D: 56931560ms, C: false, I: true, N: 0
09-23 21:42:17.193  5933  5933 I Finsky  : [2] sdz.a(67): ConstraintMapping: 1-1337,  -> L: 17321158ms, D: 60521158ms, C: false, I: false, N: 1
09-23 21:42:17.193  5933  5933 I Finsky  : [2] sdz.a(67): ConstraintMapping: 3-454,  -> L: 0ms, D: 82678242ms, C: false, I: true, N: 2
09-23 21:42:17.194  5933  5933 I Finsky  : [2] sdz.a(67): ConstraintMapping: 26-1414141414, 29-29,  -> L: 29282ms, D: 59282ms, C: false, I: false, N: 0
09-23 21:42:17.203  5933  5933 I Finsky  : [2] sge.a(35): Cancelling existing jobscheduler jobs: 9007 9008 9000 9005 9009 
09-23 21:42:17.204  5933  5933 I Finsky  : [2] sge.a(25): Scheduling job Id: 9001, L: 0, D: 56931560, C: false, I: true, N: 0
09-23 21:42:17.205  5933  5933 I Finsky  : [2] sge.a(25): Scheduling job Id: 9002, L: 17321158, D: 60521158, C: false, I: false, N: 1
09-23 21:42:17.207  5933  5933 I Finsky  : [2] sge.a(25): Scheduling job Id: 9003, L: 0, D: 82678242, C: false, I: true, N: 2
09-23 21:42:17.208  5933  5933 I Finsky  : [2] sge.a(25): Scheduling job Id: 9004, L: 29282, D: 59282, C: false, I: false, N: 0
09-23 21:42:17.217  5933  5933 I Finsky  : [2] shd.a(3): Canceling job 3-454
09-23 21:42:17.222  5933  5933 I Finsky  : [2] shu.a(7): Jobs in database: 1-1337 24-77777777 26-1414141414 29-29 
09-23 21:42:17.230  5933  5933 I Finsky  : [2] sdz.a(67): ConstraintMapping: 24-77777777,  -> L: 0ms, D: 56931522ms, C: false, I: true, N: 0
09-23 21:42:17.231  5933  5933 I Finsky  : [2] sdz.a(67): ConstraintMapping: 1-1337,  -> L: 17321119ms, D: 60521119ms, C: false, I: false, N: 1
09-23 21:42:17.232  5933  5933 I Finsky  : [2] sdz.a(67): ConstraintMapping: 26-1414141414, 29-29,  -> L: 29244ms, D: 59244ms, C: false, I: false, N: 0
09-23 21:42:17.240  5933  5933 I Finsky  : [2] sge.a(35): Cancelling existing jobscheduler jobs: 9004 9003 9001 9002 
09-23 21:42:17.241  5933  5933 I Finsky  : [2] sge.a(25): Scheduling job Id: 9000, L: 0, D: 56931522, C: false, I: true, N: 0
09-23 21:42:17.242  5933  5933 I Finsky  : [2] sge.a(25): Scheduling job Id: 9005, L: 17321119, D: 60521119, C: false, I: false, N: 1
09-23 21:42:17.244  5933  5933 I Finsky  : [2] sge.a(25): Scheduling job Id: 9006, L: 29244, D: 59244, C: false, I: false, N: 0
09-23 21:42:17.276  5933  6029 I Finsky  : [10134] mkc.c(28): IQ: Creating job 455, for (REQ_CHARGING, REQ_DEVICE_IDLE, REQ_GEARHEAD_PROJECTION_OFF, NETWORK=UNMETERED, PROVISIONING_STATE=PROVISIONED)
09-23 21:42:17.301  5933  5933 I Finsky  : [2] shu.a(7): Jobs in database: 1-1337 3-455 24-77777777 26-1414141414 29-29 
09-23 21:42:17.302  5933  6029 I Finsky  : [10134] mkc.c(28): IQ: Creating job 456, for (REQ_DEVICE_IDLE, REQ_GEARHEAD_PROJECTION_OFF, MIN_BATTERY=70, SHOULD_APPLY_BUDGET=true, NETWORK=UNMETERED, PROVISIONING_STATE=PROVISIONED)
09-23 21:42:17.311  5933  5933 I Finsky  : [2] sdz.a(67): ConstraintMapping: 24-77777777,  -> L: 0ms, D: 56931441ms, C: false, I: true, N: 0
09-23 21:42:17.312  5933  5933 I Finsky  : [2] sdz.a(67): ConstraintMapping: 1-1337,  -> L: 17321040ms, D: 60521040ms, C: false, I: false, N: 1
09-23 21:42:17.313  5933  5933 I Finsky  : [2] sdz.a(67): ConstraintMapping: 3-455,  -> L: 0ms, D: 86399979ms, C: true, I: true, N: 2
09-23 21:42:17.313  5933  5933 I Finsky  : [2] sdz.a(67): ConstraintMapping: 26-1414141414, 29-29,  -> L: 29163ms, D: 59163ms, C: false, I: false, N: 0
09-23 21:42:17.319  5933  5933 I Finsky  : [2] sge.a(35): Cancelling existing jobscheduler jobs: 9000 9005 9006 
09-23 21:42:17.320  5933  5933 I Finsky  : [2] sge.a(25): Scheduling job Id: 9001, L: 0, D: 56931441, C: false, I: true, N: 0
09-23 21:42:17.322  5933  5933 I Finsky  : [2] sge.a(25): Scheduling job Id: 9002, L: 17321040, D: 60521040, C: false, I: false, N: 1
09-23 21:42:17.323  5933  5933 I Finsky  : [2] sge.a(25): Scheduling job Id: 9003, L: 0, D: 86399979, C: true, I: true, N: 2
09-23 21:42:17.325  5933  5933 I Finsky  : [2] sge.a(25): Scheduling job Id: 9004, L: 29163, D: 59163, C: false, I: false, N: 0
09-23 21:42:17.342  5933  5933 I Finsky  : [2] shu.a(7): Jobs in database: 1-1337 3-455 3-456 24-77777777 26-1414141414 29-29 
09-23 21:42:17.353  5933  5933 I Finsky  : [2] sdz.a(67): ConstraintMapping: 24-77777777,  -> L: 0ms, D: 56931399ms, C: false, I: true, N: 0
09-23 21:42:17.353  5933  5933 I Finsky  : [2] sdz.a(67): ConstraintMapping: 1-1337,  -> L: 17320999ms, D: 60520999ms, C: false, I: false, N: 1
09-23 21:42:17.354  5933  5933 I Finsky  : [2] sdz.a(67): ConstraintMapping: 3-456,  -> L: 0ms, D: 86399958ms, C: false, I: true, N: 2
09-23 21:42:17.355  5933  5933 I Finsky  : [2] sdz.a(67): ConstraintMapping: 3-455,  -> L: 0ms, D: 86399938ms, C: true, I: true, N: 2
09-23 21:42:17.356  5933  5933 I Finsky  : [2] sdz.a(67): ConstraintMapping: 26-1414141414, 29-29,  -> L: 29121ms, D: 59121ms, C: false, I: false, N: 0
09-23 21:42:17.365  5933  5933 I Finsky  : [2] sge.a(35): Cancelling existing jobscheduler jobs: 9003 9002 9001 9004 
09-23 21:42:17.367  5933  5933 I Finsky  : [2] sge.a(25): Scheduling job Id: 9000, L: 0, D: 56931399, C: false, I: true, N: 0
09-23 21:42:17.369  5933  5933 I Finsky  : [2] sge.a(25): Scheduling job Id: 9005, L: 17320999, D: 60520999, C: false, I: false, N: 1
09-23 21:42:17.371  5933  5933 I Finsky  : [2] sge.a(25): Scheduling job Id: 9006, L: 0, D: 86399958, C: false, I: true, N: 2
09-23 21:42:17.374  5933  5933 I Finsky  : [2] sge.a(25): Scheduling job Id: 9007, L: 0, D: 86399938, C: true, I: true, N: 2
09-23 21:42:17.376  5933  5933 I Finsky  : [2] sge.a(25): Scheduling job Id: 9008, L: 29121, D: 59121, C: false, I: false, N: 0
09-23 21:42:17.421  5933  5933 I Finsky  : [2] tmk.a(37): Connecting InstallListener to SplitInstallService broadcaster...
09-23 21:42:20.083  5933  5938 I zygote  : Do partial code cache collection, code=61KB, data=51KB
09-23 21:42:20.085  5933  5938 I zygote  : After code cache collection, code=60KB, data=50KB
09-23 21:42:20.085  5933  5938 I zygote  : Increasing code cache capacity to 256KB
09-23 21:42:20.535  5933  5978 I Finsky  : [10106] kju.a(3): Task 7 requested foreground
09-23 21:42:20.572  5933  5978 I Finsky  : [10106] kju.a(17): Not entering foreground
09-23 21:42:20.852  5933  5958 I Finsky  : [10091] yab.b(1): Verify: Verification package=org.mozilla.fenix.nightly, id=137 response=0
09-23 21:42:20.861  5933  5978 I Finsky  : [10106] yfi.b(3): PSIC verification started with installer uid: 2000 package name: null, originating uid: -1
09-23 21:42:20.868  5933  5933 I Finsky  : [2] ybc.c(3): Verifying id=137, result=1
09-23 21:42:20.872  5933  5933 I Finsky  : [2] ybc.h(6): Verification complete: id=137, package_name=org.mozilla.fenix.nightly
09-23 21:42:20.968  5933  5947 I zygote  : Waiting for a blocking GC ProfileSaver
09-23 21:42:21.011  5933  5947 I zygote  : WaitForGcToComplete blocked ProfileSaver on HeapTrim for 43.454ms
09-23 21:42:21.560  1456  1723 I PackageManager.DexOptimizer: Running dexopt (dexoptNeeded=1) on: /data/app/org.mozilla.fenix.nightly-aDBp_xCirtYkL0smI6WSFA==/base.apk pkg=org.mozilla.fenix.nightly isa=arm dexoptFlags=boot_complete,public target-filter=quicken oatDir=/data/app/org.mozilla.fenix.nightly-aDBp_xCirtYkL0smI6WSFA==/oat sharedLibraries=PCL[]
09-23 21:42:21.611  6036  6036 I dex2oat : /system/bin/dex2oat --input-vdex-fd=-1 --output-vdex-fd=11 --compiler-filter=quicken --classpath-dir=/data/app/org.mozilla.fenix.nightly-aDBp_xCirtYkL0smI6WSFA== --class-loader-context=PCL[]
09-23 21:42:21.619  6036  6036 W dex2oat : Could not reserve sentinel fault page
09-23 21:42:22.226  2340  2441 I QCNEJ   : |CORE| CNE received action RSSI/Link Changed events: android.net.wifi.RSSI_CHANGED
09-23 21:42:22.226  2340  2441 D QCNEJ   : |CORE| Updating RSSI: -72
09-23 21:42:25.168  6036  6036 I dex2oat : dex2oat took 3.558s (15.385s cpu) (threads: 8) arena alloc=40KB (41640B) java alloc=6MB (6840456B) native alloc=8MB (9341952B) free=2MB (2192384B)
09-23 21:42:25.194  1456  4829 I ActivityManager: Killing 5649:com.google.android.calendar/u0a82 (adj 906): empty for 2903s
09-23 21:42:25.195  1456  1605 W zygote  : kill(-5649, 9) failed: No such process
09-23 21:42:25.203  1016  1911 E         : Couldn't opendir /data/app/vmdl251217059.tmp: No such file or directory
09-23 21:42:25.203  1016  1911 E installd: Failed to delete /data/app/vmdl251217059.tmp: No such file or directory
09-23 21:42:25.211  1456  1605 W zygote  : kill(-5649, 9) failed: No such process
09-23 21:42:25.219  2398  2398 D ImsResolver: maybeAddedImsService, packageName: org.mozilla.fenix.nightly
09-23 21:42:25.220  2360  2360 D MayaFrameworkProxyService: receive intent :Intent { act=android.intent.action.PACKAGE_ADDED dat=package:org.mozilla.fenix.nightly flg=0x4000010 (has extras) }
09-23 21:42:25.222  1456  2162 W BroadcastQueue: Background execution not allowed: receiving Intent { act=android.intent.action.PACKAGE_ADDED dat=package:org.mozilla.fenix.nightly flg=0x4000010 (has extras) } to com.android.vending/com.google.android.finsky.packagemanager.impl.PackageMonitorReceiverImpl$RegisteredReceiver
09-23 21:42:25.233  1456  1605 W zygote  : kill(-5649, 9) failed: No such process
09-23 21:42:25.235  5933  5933 I Finsky  : [2] puy.a(6): PackageMonitor received: android.intent.action.PACKAGE_ADDED
09-23 21:42:25.236  5933  5933 I Finsky  : [2] pvz.d(8): Invalidating cached PackageState for org.mozilla.fenix.nightly
09-23 21:42:25.249  1456  1605 W zygote  : kill(-5649, 9) failed: No such process
09-23 21:42:25.249  1456  1605 I zygote  : Successfully killed process cgroup uid 10082 pid 5649 in 54ms
09-23 21:42:25.255  1456  1601 W BroadcastQueue: Background execution not allowed: receiving Intent { act=android.intent.action.PACKAGE_ADDED dat=package:org.mozilla.fenix.nightly flg=0x4000010 (has extras) } to com.google.android.gms/.games.chimera.GamesSystemBroadcastReceiverProxy
09-23 21:42:25.255  1456  1601 W BroadcastQueue: Background execution not allowed: receiving Intent { act=android.intent.action.PACKAGE_ADDED dat=package:org.mozilla.fenix.nightly flg=0x4000010 (has extras) } to com.google.android.gms/.gass.chimera.PackageChangeBroadcastReceiver
09-23 21:42:25.255  1456  1601 W BroadcastQueue: Background execution not allowed: receiving Intent { act=android.intent.action.PACKAGE_ADDED dat=package:org.mozilla.fenix.nightly flg=0x4000010 (has extras) } to com.google.android.gms/.chimera.GmsIntentOperationService$PersistentTrustedReceiver
09-23 21:42:25.263  5933  5933 I Finsky  : [2] yza.a(11): Do not start WearSupportService due to Wear service optimization
09-23 21:42:25.264  5933  5933 I Finsky  : [2] yza.a(11): Do not start WearSupportService due to Wear service optimization
09-23 21:42:25.269  5933  5933 I Finsky  : [2] tmy.a(1): Clearing split related stale data.
09-23 21:42:25.277  1456  1601 W BroadcastQueue: Background execution not allowed: receiving Intent { act=android.intent.action.PACKAGE_ADDED dat=package:org.mozilla.fenix.nightly flg=0x4000010 (has extras) } to com.google.android.googlequicksearchbox/com.google.android.apps.gsa.googlequicksearchbox.GelStubAppWatcher
09-23 21:42:25.278  1456  1601 W BroadcastQueue: Background execution not allowed: receiving Intent { act=android.intent.action.PACKAGE_ADDED dat=package:org.mozilla.fenix.nightly flg=0x4000010 (has extras) } to com.google.android.ims/.receivers.RcsAutoStartReceiver
09-23 21:42:25.278  1456  1456 W ResourceType: ResTable_typeSpec entry count inconsistent: given 545, previously 544
09-23 21:42:25.278  1456  1456 W ResourceType: ResTable_typeSpec entry count inconsistent: given 378, previously 1461
09-23 21:42:25.279  1456  1456 W ResourceType: ResTable_typeSpec entry count inconsistent: given 215, previously 1172
09-23 21:42:25.282  1456  1942 I InputReader: Reconfiguring input devices.  changes=0x00000010
09-23 21:42:25.309  7883  6046 W TileUtils: Found com.android.settings.backup.BackupSettingsActivity for intent Intent { act=com.android.settings.action.SETTINGS pkg=com.android.settings } missing metadata com.android.settings.category
09-23 21:42:25.310  5933  6050 I Finsky  : [10141] moh.run(2): Cleaning dev-triggered-update data on package install for org.mozilla.fenix.nightly.
09-23 21:42:25.311  1456  1601 I ActivityManager: Start proc 6053:com.motorola.invisiblenet/u0a44 for broadcast com.motorola.invisiblenet/.PackageAddedReceiver
09-23 21:42:25.313  5933  5933 I Finsky  : [2] plx.c(2): Frosting ID looked up on UI thread. Caller should move to a background thread.
09-23 21:42:25.346  2398  2398 D CarrierSvcBindHelper: No carrier app for: 0
09-23 21:42:25.347  1456  1600 W ResourceType: No known package when getting value for resource number 0x7f08011d
09-23 21:42:25.347  1456  1600 W ResourceType: No known package when getting value for resource number 0x7f1200e4
09-23 21:42:25.347  1456  1600 W ResourceType: No known package when getting value for resource number 0x7f1200e4
09-23 21:42:25.347  1456  1600 W ResourceType: No known package when getting value for resource number 0x7f08011b
09-23 21:42:25.347  1456  1600 W ResourceType: No known package when getting value for resource number 0x7f1200e3
09-23 21:42:25.347  1456  1600 W ResourceType: No known package when getting value for resource number 0x7f1200e3
09-23 21:42:25.347 12455  6065 W GCM     : Unexpected forwarded intent: Intent { act=android.intent.action.PACKAGE_ADDED dat=package:org.mozilla.fenix.nightly flg=0x4000010 cmp=com.google.android.gms/.chimera.PersistentIntentOperationService (has extras) }
09-23 21:42:25.347  2398  2398 D CarrierSvcBindHelper: No carrier app for: 1
09-23 21:42:25.350   794   839 E ANDR-PERF-RESOURCEQS: Failed to apply optimization [4, 0]
09-23 21:42:25.350  1456  2162 I ActivityManager: START u0 {act=android.intent.action.MAIN cat=[android.intent.category.LAUNCHER] flg=0x10000000 cmp=org.mozilla.fenix.nightly/org.mozilla.fenix.HomeActivity} from uid 2000
09-23 21:42:25.354 12455  6077 W GCM     : Unexpected forwarded intent: Intent { act=android.intent.action.PACKAGE_ADDED dat=package:org.mozilla.fenix.nightly flg=0x4000010 cmp=com.google.android.gms/.chimera.PersistentIntentOperationService (has extras) }
09-23 21:42:25.362  2398  2398 E VvmPkgInstalledRcvr: cannot create TelephonyManager from ComponentInfo{com.android.phone/com.android.services.telephony.TelephonyConnectionService}, [****], UserHandle{0}
09-23 21:42:25.362  2398  2398 D CarrierConfigLoader: mHandler: 9 phoneId: 0
09-23 21:42:25.365  5933  6058 I Finsky  : [10143] plt.run(16): Wrote row to frosting DB: 957
09-23 21:42:25.373  5933  6061 I Finsky  : [10145] moj.run(2): Finished dev-triggered-update cleaning.
09-23 21:42:25.392  1456  2204 I ActivityManager: Start proc 6081:org.mozilla.fenix.nightly/u0a264 for activity org.mozilla.fenix.nightly/org.mozilla.fenix.HomeActivity
09-23 21:42:25.412  1456  1600 W ResourceType: ResTable_typeSpec entry count inconsistent: given 32, previously 38
09-23 21:42:25.415 12500  6071 I Auth    : [SupervisedAccountIntentOperation] onHandleIntent(): android.intent.action.PACKAGE_ADDED
09-23 21:42:25.424  1456  1456 I TelecomService: DefaultDialerCache: Refreshing default dialer for user 0: now com.android.dialer: DDC.oR@CKs
09-23 21:42:25.426 12500  6071 I ChromeSync: [Sync,SyncIntentOperation] Handling the intent: Intent { act=android.intent.action.PACKAGE_ADDED dat=package:org.mozilla.fenix.nightly flg=0x4000010 cmp=com.google.android.gms/.chimera.GmsIntentOperationService (has extras) }.
09-23 21:42:25.428  1456  1600 W ResourceType: ResTable_typeSpec entry count inconsistent: given 2167, previously 2164
09-23 21:42:25.429  1456  1600 W ResourceType: ResTable_typeSpec entry count inconsistent: given 268, previously 1515
09-23 21:42:25.433  6053  6053 I zygote  : The ClassLoaderContext is a special shared library.
09-23 21:42:25.436  5933  5933 I Finsky  : [2] shu.a(7): Jobs in database: 1-1337 3-455 3-456 12-1 24-77777777 26-1414141414 29-29 
09-23 21:42:25.451  5933  5933 I Finsky  : [2] sdz.a(67): ConstraintMapping: 24-77777777,  -> L: 0ms, D: 56923303ms, C: false, I: true, N: 0
09-23 21:42:25.452  5933  5933 I Finsky  : [2] sdz.a(67): ConstraintMapping: 1-1337, 12-1,  -> L: 14909ms, D: 60512905ms, C: false, I: false, N: 1
09-23 21:42:25.453  5933  5933 I Finsky  : [2] sdz.a(67): ConstraintMapping: 3-456,  -> L: 0ms, D: 86391863ms, C: false, I: true, N: 2
09-23 21:42:25.454  5933  5933 I Finsky  : [2] sdz.a(67): ConstraintMapping: 3-455,  -> L: 0ms, D: 86391844ms, C: true, I: true, N: 2
09-23 21:42:25.456  5933  5933 I Finsky  : [2] sdz.a(67): ConstraintMapping: 26-1414141414, 29-29,  -> L: 21024ms, D: 51024ms, C: false, I: false, N: 0
09-23 21:42:25.505  1456  2204 W ActivityManager: Slow operation: 69ms so far, now at attachApplicationLocked: after mServices.attachApplicationLocked
09-23 21:42:25.559  1456  1466 I zygote  : Background concurrent copying GC freed 114437(5MB) AllocSpace objects, 44(2MB) LOS objects, 42% free, 23MB/40MB, paused 374us total 357.156ms
09-23 21:42:25.568  5933  5933 I Finsky  : [2] sge.a(35): Cancelling existing jobscheduler jobs: 9000 9006 9007 9005 9008 
09-23 21:42:25.569  5933  5933 I Finsky  : [2] sge.a(25): Scheduling job Id: 9001, L: 0, D: 56923303, C: false, I: true, N: 0
09-23 21:42:25.572  5933  5933 I Finsky  : [2] sge.a(25): Scheduling job Id: 9002, L: 14909, D: 60512905, C: false, I: false, N: 1
09-23 21:42:25.574  5933  5933 I Finsky  : [2] sge.a(25): Scheduling job Id: 9003, L: 0, D: 86391863, C: false, I: true, N: 2
09-23 21:42:25.577  5933  5933 I Finsky  : [2] sge.a(25): Scheduling job Id: 9004, L: 0, D: 86391844, C: true, I: true, N: 2
09-23 21:42:25.580  5933  5933 I Finsky  : [2] sge.a(25): Scheduling job Id: 9009, L: 21024, D: 51024, C: false, I: false, N: 0
09-23 21:42:25.601 12500 12611 I Icing   : IndexChimeraService.getServiceInterface callingPackage=com.google.android.gms componentName=AppsCorpus serviceId=36
09-23 21:42:25.609  6081  6081 D FirebaseApp: com.google.firebase.auth.FirebaseAuth is not linked. Skipping initialization.
09-23 21:42:25.611  6081  6081 D FirebaseApp: com.google.firebase.crash.FirebaseCrash is not linked. Skipping initialization.
09-23 21:42:25.611  6081  6081 I FirebaseInitProvider: FirebaseApp initialization successful
09-23 21:42:25.629 12500  4913 W Icing   : No valid account for uploading user actions: addq: Not signed in
09-23 21:42:25.661  6081  6081 W System.err: SLF4J: Failed to load class "org.slf4j.impl.StaticLoggerBinder".
09-23 21:42:25.661  6081  6081 W System.err: SLF4J: Defaulting to no-operation (NOP) logger implementation
09-23 21:42:25.661  6081  6081 W System.err: SLF4J: See http://www.slf4j.org/codes.html#StaticLoggerBinder for further details.
09-23 21:42:25.662  6081  6081 D io.sentry.android.AndroidSentryClientFactory: Construction of Android Sentry.
09-23 21:42:25.687  6081  6081 D RustNativeSupport: findMegazordLibraryName(viaduct, 0.39.1
09-23 21:42:25.687  6081  6081 D RustNativeSupport: lib in use: none
09-23 21:42:25.687  6081  6081 D RustNativeSupport: lib configured: fenix
09-23 21:42:25.687  6081  6081 D RustNativeSupport: lib version configured: 0.39.1
09-23 21:42:25.687  6081  6081 D RustNativeSupport: settled on fenix
09-23 21:42:25.703  6081  6111 I FA      : Collection disabled with firebase_analytics_collection_enabled=0
09-23 21:42:25.703  6081  6111 I FA      : App measurement is starting up, version: 12780
09-23 21:42:25.704  6081  6111 I FA      : To enable debug logging run: adb shell setprop log.tag.FA VERBOSE
09-23 21:42:25.704  6081  6111 I FA      : To enable faster debug mode event logging run:
09-23 21:42:25.704  6081  6111 I FA      :   adb shell setprop debug.firebase.analytics.app org.mozilla.fenix.nightly
09-23 21:42:25.727  6081  6081 D RustNativeSupport: findMegazordLibraryName(rustlog, 0.39.1
09-23 21:42:25.727  6081  6081 D RustNativeSupport: lib in use: none
09-23 21:42:25.727  6081  6081 D RustNativeSupport: lib configured: fenix
09-23 21:42:25.727  6081  6081 D RustNativeSupport: lib version configured: 0.39.1
09-23 21:42:25.727  6081  6081 D RustNativeSupport: settled on fenix
09-23 21:42:25.730  6081  6081 I rc_log_ffi::ios: rc_log adapter initialized!
09-23 21:42:25.755  6081  6081 D GeckoThread: State changed to LAUNCHED
09-23 21:42:25.756  6081  6119 I GeckoThread: preparing to run Gecko
09-23 21:42:25.761  6081  6081 D GeckoRuntime: Lifecycle: onCreate
09-23 21:42:25.763  6081  6119 D GeckoThread: State changed to MOZGLUE_READY
09-23 21:42:25.770  1456  2921 D VoldConnector: SND -> {93 volume mkdirs /storage/emulated/0/Android/data/org.mozilla.fenix.nightly/files/Download/}
09-23 21:42:25.771 12500  4913 I Icing   : Usage reports ok 2, Failed Usage reports 0, indexed 0, rejected 0
09-23 21:42:25.773  1456  1977 D VoldConnector: RCV <- {200 93 Command succeeded}
09-23 21:42:25.784  6081  6119 W Settings: Setting animator_duration_scale has moved from android.provider.Settings.System to android.provider.Settings.Global, returning read-only global URI.
09-23 21:42:25.786  6081  6119 E GeckoLibLoad: Load sqlite start
09-23 21:42:25.788  6081  6081 E experiments: Caught error trying to retrieve experiments from storage: java.io.FileNotFoundException: /data/user/0/org.mozilla.fenix.nightly/app_experiments-service/experiments.json (No such file or directory)
09-23 21:42:25.792  6081  6081 I experiments: No active experiment in cache
09-23 21:42:25.792  6081  6121 D App     : Bucket is 78
09-23 21:42:25.793  6081  6121 D App     : Experiments active: {}
09-23 21:42:25.800  6081  6081 I glean/Glean: Metrics enabled: true
09-23 21:42:25.824  6081  6119 W GeckoLinker: /data/app/org.mozilla.fenix.nightly-aDBp_xCirtYkL0smI6WSFA==/lib/arm/libnss3.so: unhandled flags #8 not handled
09-23 21:42:25.833  6081  6119 W GeckoLinker: /data/app/org.mozilla.fenix.nightly-aDBp_xCirtYkL0smI6WSFA==/lib/arm/libnss3.so: Relocation to NULL @0x00133ffc for symbol "__cxa_type_match"
09-23 21:42:25.834  6081  6119 E GeckoLibLoad: Load sqlite done
09-23 21:42:25.834  6081  6119 E GeckoLibLoad: Load nss start
09-23 21:42:25.834  6081  6119 E GeckoLibLoad: Load nss done
09-23 21:42:25.835  6081  6119 W GeckoLinker: /data/app/org.mozilla.fenix.nightly-aDBp_xCirtYkL0smI6WSFA==/lib/arm/libxul.so: unhandled flags #8 not handled
09-23 21:42:25.836  6081  6119 W GeckoLinker: /data/app/org.mozilla.fenix.nightly-aDBp_xCirtYkL0smI6WSFA==/lib/arm/liblgpllibs.so: unhandled flags #8 not handled
09-23 21:42:25.886  6081  6119 E GeckoLibLoad: Loaded libs in 51.324015ms total, 33ms(93ms) user, 10ms(30ms) system, 0(0) faults
09-23 21:42:25.886  6081  6119 D GeckoThread: State changed to LIBS_READY
09-23 21:42:25.887  6081  6119 W GeckoThread: zerdatime 1817419348 - runGecko
09-23 21:42:25.889  6081  6081 W [WARNING][Leanplum]: [com.leanplum.internal.ActionManager::getLocationManager::8]: Geofencing support requires leanplum-location module and Google Play Services v8.1 and higher.
09-23 21:42:25.889  6081  6081 W [WARNING][Leanplum]: Add this to your build.gradle file:
09-23 21:42:25.889  6081  6081 W [WARNING][Leanplum]: implementation 'com.google.android.gms:play-services-location:8.3.0+'
09-23 21:42:25.889  6081  6081 W [WARNING][Leanplum]: implementation 'com.leanplum:leanplum-location:+'
09-23 21:42:25.891  6081  6119 D GeckoProfile: Loading profile at: null name: default
09-23 21:42:25.891  6081  6081 I [INFO][Leanplum]: [com.leanplum.monitoring.ExceptionHandler::setContext::6]: LeanplumExceptionHandler could not initialize Exception Reporting.This is expected if you have not included the leanplum-monitoring module
09-23 21:42:25.892  6081  6119 D GeckoProfile: Created new profile dir.
09-23 21:42:25.895  6081  6119 I GeckoProfile: Enqueuing profile init.
09-23 21:42:25.903  6081  6086 I zygote  : Do partial code cache collection, code=31KB, data=25KB
09-23 21:42:25.903  6081  6119 D GeckoProfile: Found profile dir: /data/user/0/org.mozilla.fenix.nightly/files/mozilla/mmuluzhz.default
09-23 21:42:25.904  1456  2162 I ActivityManager: Start proc 6133:org.mozilla.fenix.nightly:tab/u0a264 for service org.mozilla.fenix.nightly/org.mozilla.gecko.process.GeckoServiceChildProcess$tab
09-23 21:42:25.906  6081  6086 I zygote  : After code cache collection, code=31KB, data=25KB
09-23 21:42:25.906  6081  6086 I zygote  : Increasing code cache capacity to 128KB
09-23 21:42:25.908  6081  6119 D GeckoProfile: Attempting to write new client ID properties
09-23 21:42:25.911  6081  6119 D GeckoProfile: Creating profile dir: /data/user/0/org.mozilla.fenix.nightly/files/mozilla/mmuluzhz.default
09-23 21:42:25.919  6081  6081 I FirefoxAccountStateMachine: Enabling/updating sync with a new SyncConfig: SyncConfig(supportedEngines=[HISTORY, BOOKMARKS], syncPeriodInMinutes=240)
09-23 21:42:25.922  6081  6081 I BgSyncManager: Periodic syncing enabled at a 240 interval
09-23 21:42:25.922  6081  6081 I FirefoxAccountStateMachine: Sync is enabled
09-23 21:42:25.929  6081  6081 D PushConfig: Creating push configuration for autopush.
09-23 21:42:25.949  6081  6081 I App     : AutoPushFeature is configured, initializing it...
09-23 21:42:25.949  6081  6153 I FirefoxAccountStateMachine: Processing event Event$Init for state Start. Next state is Start
09-23 21:42:25.954  6081  6153 I FirefoxAccountStateMachine: Ran 'Event$Init' side-effects for state Start, got successive event Event$AccountNotFound
09-23 21:42:25.954  6081  6153 I FirefoxAccountStateMachine: Processing event Event$AccountNotFound for state Start. Next state is NotAuthenticated
09-23 21:42:25.957  6081  6153 D RustNativeSupport: findMegazordLibraryName(fxaclient, 0.39.1
09-23 21:42:25.957  6081  6153 D RustNativeSupport: lib in use: none
09-23 21:42:25.957  6081  6153 D RustNativeSupport: lib configured: fenix
09-23 21:42:25.957  6081  6153 D RustNativeSupport: lib version configured: 0.39.1
09-23 21:42:25.958  6081  6153 D RustNativeSupport: settled on fenix
09-23 21:42:25.962  6081  6153 D fxaclient_ffi: fxa_new
09-23 21:42:25.980  6133  6133 W System.err: SLF4J: Failed to load class "org.slf4j.impl.StaticLoggerBinder".
09-23 21:42:25.981  6133  6133 W System.err: SLF4J: Defaulting to no-operation (NOP) logger implementation
09-23 21:42:25.981  6133  6133 W System.err: SLF4J: See http://www.slf4j.org/codes.html#StaticLoggerBinder for further details.
09-23 21:42:25.982  6133  6133 D io.sentry.android.AndroidSentryClientFactory: Construction of Android Sentry.
09-23 21:42:25.996  6133  6133 D RustNativeSupport: findMegazordLibraryName(viaduct, 0.39.1
09-23 21:42:25.996  6133  6133 D RustNativeSupport: lib in use: none
09-23 21:42:25.996  6133  6133 D RustNativeSupport: lib configured: fenix
09-23 21:42:25.996  6133  6133 D RustNativeSupport: lib version configured: 0.39.1
09-23 21:42:25.996  6133  6133 D RustNativeSupport: settled on fenix
09-23 21:42:25.997  6081  6081 D PhoneWindow: Restoring navigation bar divider color to default value = 0x00000000
09-23 21:42:26.023  6133  6133 D RustNativeSupport: findMegazordLibraryName(rustlog, 0.39.1
09-23 21:42:26.023  6133  6133 D RustNativeSupport: lib in use: none
09-23 21:42:26.023  6133  6133 D RustNativeSupport: lib configured: fenix
09-23 21:42:26.023  6133  6133 D RustNativeSupport: lib version configured: 0.39.1
09-23 21:42:26.023  6133  6133 D RustNativeSupport: settled on fenix
09-23 21:42:26.026  6133  6133 I rc_log_ffi::ios: rc_log adapter initialized!
09-23 21:42:26.033  6133  6133 D GeckoThread: State changed to LAUNCHED
09-23 21:42:26.033  6133  6159 I GeckoThread: preparing to run Gecko
09-23 21:42:26.083  6081  6081 I glean/Dispatchers: Task queued for execution and delayed until flushed
09-23 21:42:26.246  6081  6119 I Gecko:DumpUtils: Fifo watcher disabled via pref.
09-23 21:42:26.248  6081  6081 D GeckoRuntime: Lifecycle: onStart
09-23 21:42:26.254  6081  6081 I zygote  : Deoptimizing java.lang.Object androidx.collection.SimpleArrayMap.put(java.lang.Object, java.lang.Object) due to JIT inline cache
09-23 21:42:26.273  6081  6081 D GeckoRuntime: Lifecycle: onResume
09-23 21:42:26.274  6081  6153 W FirefoxAccountStateMachine: Got invalid event Event$Init for state NotAuthenticated.
09-23 21:42:26.275  6081  6081 D GeckoNetworkManager: Incoming event start for state OffNoListeners -> OnNoListeners
09-23 21:42:26.277  6081  6081 D GeckoNetworkManager: New network state: UP, WIFI, WIFI
09-23 21:42:26.296  6081  6132 D NetworkSecurityConfig: No Network Security Config specified, using platform default
09-23 21:42:26.310  6081  6086 I zygote  : Do partial code cache collection, code=53KB, data=49KB
09-23 21:42:26.313  6081  6086 I zygote  : After code cache collection, code=51KB, data=48KB
09-23 21:42:26.313  6081  6086 I zygote  : Increasing code cache capacity to 256KB
09-23 21:42:26.316  6081  6186 D OpenGLRenderer: HWUI GL Pipeline
09-23 21:42:26.325  6081  6081 I glean/Glean: Registering pings for org.mozilla.fenix.GleanMetrics.Pings
09-23 21:42:26.325  6081  6081 I glean/Glean: Registering pings for mozilla.components.service.glean.GleanMetrics.Pings
09-23 21:42:26.344  6081  6081 I glean/Dispatchers: Task queued for execution and delayed until flushed
09-23 21:42:26.347  6081  6081 E glean/MetricsPingScheduler: MetricsPingScheduler last stored ping time was not valid
09-23 21:42:26.356  6081  6081 I glean/MetricsPingScheduler: The 'metrics' ping is scheduled for immediate collection, Mon Sep 23 21:42:26 EDT 2019
09-23 21:42:26.356  6081  6081 I glean/Dispatchers: Task queued for execution and delayed until flushed
09-23 21:42:26.356  6081  6081 E glean/MetricsPingScheduler: MetricsPingScheduler last stored ping time was not valid
09-23 21:42:26.356  6081  6081 I glean/MetricsPingScheduler: The 'metrics' ping is scheduled for immediate collection, Mon Sep 23 21:42:26 EDT 2019
09-23 21:42:26.357  6081  6081 I glean/Dispatchers: Task queued for execution and delayed until flushed
09-23 21:42:26.367  6081  6193 I glean/MetricsPingScheduler: Collecting the 'metrics' ping, now = Mon Sep 23 21:42:26 EDT 2019
09-23 21:42:26.368  6081  6193 D glean/MetricsPingScheduler: Scheduling the 'metrics' ping in 22653655ms
09-23 21:42:26.369  6081  6193 I glean/MetricsPingScheduler: Collecting the 'metrics' ping, now = Mon Sep 23 21:42:26 EDT 2019
09-23 21:42:26.371  6081  6193 D glean/MetricsPingScheduler: Scheduling the 'metrics' ping in 22653644ms
09-23 21:42:26.372  6081  6193 D glean/PingMaker: Collecting events
09-23 21:42:26.455  6081  6178 D glean/PingStorageEngine: Storing ping 8ae4b364-292b-44aa-91cf-4bd874c33344 at /data/user/0/org.mozilla.fenix.nightly/glean_data/pending_pings/8ae4b364-292b-44aa-91cf-4bd874c33344
09-23 21:42:26.490  6081  6193 D glean/PingMaker: Collecting metrics
09-23 21:42:26.493  5933  5968 E Finsky  : [10101] gwi.a(24): Unable to build selector: /storage/emulated/0/Download/marketenvs.csv (No such file or directory)
09-23 21:42:26.502  2398  2398 D QtiCarrierConfigHelper: WARNING, no carrier configs on phone Id: 0
09-23 21:42:26.510  5933  5968 I zygote  : Deoptimizing void allp.a(java.lang.Iterable, java.util.List) due to JIT inline cache
09-23 21:42:26.519  5933  5968 I Finsky  : [10101] ifs.d(47): System was updated or GL extensions were already cached.
09-23 21:42:26.546  6081  6193 D glean/Glean: No content for ping 'PingType(name=metrics, includeClientId=true).name', therefore no ping queued.
09-23 21:42:26.548  6081  6193 D glean/PingMaker: Collecting metrics
09-23 21:42:26.552  6081  6193 D glean/Glean: No content for ping 'PingType(name=metrics, includeClientId=true).name', therefore no ping queued.
09-23 21:42:26.559  5933  5978 I Finsky  : [10106] dxe.run(3): Initializing the instant apps module.
09-23 21:42:26.562  6081  6081 D GeckoNetworkManager: Incoming event receivedUpdate for state OnNoListeners -> OnNoListeners
09-23 21:42:26.565  6081  6081 D GeckoNetworkManager: New network state: UP, WIFI, WIFI
09-23 21:42:26.565  6081  6138 E ActivityThread: Failed to find provider info for com.facebook.katana.provider.AttributionIdProvider
09-23 21:42:26.575  1456  2916 I WifiService: getDhcpInfo uid=10264
09-23 21:42:26.597  5933  6000 I Finsky  : [10125] qaw.b(1): Triggered update for experiment package com.google.android.finsky.regular.
09-23 21:42:26.600  1456  2921 D ConnectivityService: requestNetwork for uid/pid:10264/6081 NetworkRequest [ TRACK_DEFAULT id=587, [ Capabilities: INTERNET&NOT_RESTRICTED&TRUSTED&NOT_VPN] ]
09-23 21:42:26.601  1456  2054 D WIFI_UT : got request NetworkRequest [ TRACK_DEFAULT id=587, [ Capabilities: INTERNET&NOT_RESTRICTED&TRUSTED&NOT_VPN] ] with score 59
09-23 21:42:26.601  1456  2099 D Ethernet: got request NetworkRequest [ TRACK_DEFAULT id=587, [ Capabilities: INTERNET&NOT_RESTRICTED&TRUSTED&NOT_VPN] ] with score 59
09-23 21:42:26.601  1456  2054 D WIFI    : got request NetworkRequest [ TRACK_DEFAULT id=587, [ Capabilities: INTERNET&NOT_RESTRICTED&TRUSTED&NOT_VPN] ] with score 59
09-23 21:42:26.603  2398  2398 D PhoneSwitcherNetworkRequstListener: got request NetworkRequest [ TRACK_DEFAULT id=587, [ Capabilities: INTERNET&NOT_RESTRICTED&TRUSTED&NOT_VPN] ] with score 59
09-23 21:42:26.629  6081  6119 D GeckoSysInfo: System memory: 1867MB.
09-23 21:42:26.635  6081  6092 I zygote  : Background concurrent copying GC freed 21611(1845KB) AllocSpace objects, 22(800KB) LOS objects, 50% free, 4MB/9MB, paused 1.684ms total 201.226ms
09-23 21:42:26.636  6081  6119 D GeckoThread: State changed to JNI_READY
09-23 21:42:26.650  5933  5965 I Finsky  : [10098] xyp.f(3): Restoring notifications
09-23 21:42:26.682  5933  5958 I Finsky  : [10091] yza.a(11): Do not start WearSupportService due to Wear service optimization
09-23 21:42:26.682  5933  5968 I Finsky  : [10101] dxb.run(6): Component class com.google.android.finsky.wear.WearSupportService disabled via PackageManager.
09-23 21:42:26.683  5933  5965 I Finsky  : [10098] xyp.f(8): Done restoring notifications
09-23 21:42:26.684  5933  5968 I Finsky  : [10101] dxb.run(6): Component class com.google.android.finsky.wear.WearChangeListenerService disabled via PackageManager.
09-23 21:42:26.711  6081  6186 I Adreno  : QUALCOMM build                   : bb5b86c, I77d3059488
09-23 21:42:26.711  6081  6186 I Adreno  : Build Date                       : 06/07/18
09-23 21:42:26.711  6081  6186 I Adreno  : OpenGL ES Shader Compiler Version: EV031.22.00.01_06
09-23 21:42:26.711  6081  6186 I Adreno  : Local Branch                     : 
09-23 21:42:26.711  6081  6186 I Adreno  : Remote Branch                    : refs/tags/AU_LINUX_ANDROID_LA.UM.6.5.R1.08.01.00.312.086
09-23 21:42:26.711  6081  6186 I Adreno  : Remote Branch                    : NONE
09-23 21:42:26.711  6081  6186 I Adreno  : Reconstruct Branch               : NOTHING
09-23 21:42:26.712  6081  6186 D vndksupport: Loading /vendor/lib/hw/gralloc.msm8937.so from current namespace instead of sphal namespace.
09-23 21:42:26.723  6081  6186 I Adreno  : PFP: 0x005ff087, ME: 0x005ff063
09-23 21:42:26.733  6081  6186 I zygote  : android::hardware::configstore::V1_0::ISurfaceFlingerConfigs::hasWideColorDisplay retrieved: 0
09-23 21:42:26.734  6081  6186 I OpenGLRenderer: Initialized EGL, version 1.4
09-23 21:42:26.734  6081  6186 D OpenGLRenderer: Swap behavior 2
09-23 21:42:26.775 12500  4913 I Icing   : Indexing com.google.android.gms-apps from com.google.android.gms
09-23 21:42:26.880 12500  4913 I Icing   : Indexing com.google.android.gms-internal.3p:MobileApplication from com.google.android.gms
09-23 21:42:26.895 12500  4913 I Icing   : Indexing done com.google.android.gms-apps
09-23 21:42:26.896 12500  4913 I Icing   : Indexing com.google.android.gms-internal.3p:DigitalDocument from com.google.android.gms
09-23 21:42:26.899  6081  6226 D glean/PingStorageEngine: Processing persisted pings at /data/user/0/org.mozilla.fenix.nightly/glean_data/pending_pings
09-23 21:42:26.900  6081  6226 D glean/PingStorageEngine: Processing ping: 8ae4b364-292b-44aa-91cf-4bd874c33344
09-23 21:42:26.905  6081  6226 D glean/ConceptFetchHttpUploader: Submitting ping to: https://incoming.telemetry.mozilla.org/submit/org-mozilla-fenix-nightly/events/1/8ae4b364-292b-44aa-91cf-4bd874c33344
09-23 21:42:26.914 12500  4913 I Icing   : Indexing done com.google.android.gms-internal.3p:MobileApplication
09-23 21:42:26.920 12500  4913 I Icing   : Indexing done com.google.android.gms-internal.3p:DigitalDocument
09-23 21:42:26.932  5933  6000 I Finsky  : [10125] qaw.b(12): Already at the latest configurations for experiment package com.google.android.finsky.regular.
09-23 21:42:26.933  5933  6008 I Finsky  : [10132] qaw.b(1): Triggered update for experiment package com.google.android.finsky.stable.
09-23 21:42:26.940 12500 12510 I zygote  : Background concurrent copying GC freed 39944(2MB) AllocSpace objects, 7(268KB) LOS objects, 50% free, 9MB/18MB, paused 132us total 125.337ms
09-23 21:42:26.970  6081  6186 D vndksupport: Loading /vendor/lib/hw/android.hardware.graphics.mapper@2.0-impl.so from current namespace instead of sphal namespace.
09-23 21:42:26.973  6081  6186 D vndksupport: Loading /vendor/lib/hw/gralloc.msm8937.so from current namespace instead of sphal namespace.
09-23 21:42:26.989  6081  6086 I zygote  : Do full code cache collection, code=124KB, data=113KB
09-23 21:42:26.991  6081  6086 I zygote  : After code cache collection, code=86KB, data=54KB
09-23 21:42:26.996  6081  6215 I App     : ActivationPing - generating ping with the hashed id
09-23 21:42:26.997  6081  6215 I App     : ActivationPing - generating ping (has `identifier`: true)
09-23 21:42:26.997  5933  6008 I Finsky  : [10132] qaw.b(12): Already at the latest configurations for experiment package com.google.android.finsky.stable.
09-23 21:42:27.001  6081  6193 D glean/PingMaker: Collecting activation
09-23 21:42:27.032  6081  6177 D glean/PingStorageEngine: Storing ping 237a7469-5dc5-435f-9a16-2a2254aa6a8a at /data/user/0/org.mozilla.fenix.nightly/glean_data/pending_pings/237a7469-5dc5-435f-9a16-2a2254aa6a8a
09-23 21:42:27.057  1456  1673 I LaunchCheckinHandler: Displayed org.mozilla.fenix.nightly/org.mozilla.fenix.HomeActivity,cp,ca,1682
09-23 21:42:27.058  5933  5938 I zygote  : Do full code cache collection, code=103KB, data=112KB
09-23 21:42:27.058  1456  1673 I ActivityManager: Displayed org.mozilla.fenix.nightly/org.mozilla.fenix.HomeActivity: +1s675ms
09-23 21:42:27.060  5933  5938 I zygote  : After code cache collection, code=76KB, data=74KB
09-23 21:42:27.096  6081  6236 I experiments: Fetching experiments from https://firefox.settings.services.mozilla.com/v1/buckets/main/collections/mobile-experiments/records
09-23 21:42:27.170  5933  5933 I Finsky  : [2] swt.run(5): Detected restoreservicev2://recovery not needed, will not run
09-23 21:42:27.210  6081  6119 I Gecko   : 1569289347206	addons.xpi	WARN	List of valid built-in add-ons could not be parsed.: [Exception... "Component returned failure code: 0x80520012 (NS_ERROR_FILE_NOT_FOUND) [nsIXPCComponents_Utils.readUTF8URI]"  nsresult: "0x80520012 (NS_ERROR_FILE_NOT_FOUND)"  location: "JS frame :: resource://gre/modules/addons/XPIProvider.jsm :: startup :: line 2362"  data: no] Stack trace: startup()@resource://gre/modules/addons/XPIProvider.jsm:2362
09-23 21:42:27.210  6081  6119 I Gecko   : callProvider()@resource://gre/modules/AddonManager.jsm:213
09-23 21:42:27.210  6081  6119 I Gecko   : _startProvider()@resource://gre/modules/AddonManager.jsm:649
09-23 21:42:27.210  6081  6119 I Gecko   : startup()@resource://gre/modules/AddonManager.jsm:873
09-23 21:42:27.210  6081  6119 I Gecko   : startup()@resource://gre/modules/AddonManager.jsm:3469
09-23 21:42:27.210  6081  6119 I Gecko   : observe()@resource://gre/modules/addonManager.js:86
09-23 21:42:27.259  6081  6119 I Gecko   : 1569289347259	addons.xpi	WARN	No list of valid system add-ons found.
09-23 21:42:27.305  6081  6226 D glean/ConceptFetchHttpUploader: Ping successfully sent (200)
09-23 21:42:27.306  6081  6226 D glean/PingStorageEngine: 8ae4b364-292b-44aa-91cf-4bd874c33344 was deleted: true
09-23 21:42:27.308  6081  6112 I WM-WorkerWrapper: Worker result SUCCESS for Work [ id=657a2cdc-2a86-4163-b372-0e98c41a5a81, tags={ mozac_service_glean_ping_upload_worker, mozilla.components.service.glean.scheduler.PingUploadWorker } ]
09-23 21:42:27.312  1456  2067 D ConnectivityService: releasing NetworkRequest [ TRACK_DEFAULT id=587, [ Capabilities: INTERNET&NOT_RESTRICTED&TRUSTED&NOT_VPN] ] (release request)
09-23 21:42:27.314  6081  6119 D GeckoThread: State changed to PROFILE_READY
09-23 21:42:27.425  5933  6254 I Finsky  : [10154] jfd.a(1): registerListener
09-23 21:42:27.426  6081  6119 W GeckoEventDispatcher: No listener for AndroidCastDevice:SyncDevice
09-23 21:42:27.427  5933  6254 I Finsky  : [10154] jez.a(2): getDownloads(-)
09-23 21:42:27.428  5933  6255 I zygote  : Deoptimizing java.lang.String zki.a(java.lang.String, java.lang.Object[]) due to JIT inline cache
09-23 21:42:27.429  5933  6255 I Finsky  : [10155] jfd.a(1): Initiate binding to the service.
09-23 21:42:27.429  5933  6254 I Finsky  : [10154] egm.run(5): Initialized AssetModuleDownloader.
09-23 21:42:27.433  6081  6119 I Gecko   : -*- nsDNSServiceDiscovery.js : nsDNSServiceDiscovery
09-23 21:42:27.443  1456  2916 I ActivityManager: Start proc 6256:com.android.vending:download_service/u0a62 for service com.android.vending/com.google.android.finsky.downloadservice.DownloadService
09-23 21:42:27.527  1456  2916 D ConnectivityService: requestNetwork for uid/pid:10062/6256 NetworkRequest [ TRACK_DEFAULT id=588, [ Capabilities: INTERNET&NOT_RESTRICTED&TRUSTED&NOT_VPN] ]
09-23 21:42:27.529  1456  2099 D Ethernet: got request NetworkRequest [ TRACK_DEFAULT id=588, [ Capabilities: INTERNET&NOT_RESTRICTED&TRUSTED&NOT_VPN] ] with score 59
09-23 21:42:27.529  1456  2054 D WIFI_UT : got request NetworkRequest [ TRACK_DEFAULT id=588, [ Capabilities: INTERNET&NOT_RESTRICTED&TRUSTED&NOT_VPN] ] with score 59
09-23 21:42:27.529  1456  2054 D WIFI    : got request NetworkRequest [ TRACK_DEFAULT id=588, [ Capabilities: INTERNET&NOT_RESTRICTED&TRUSTED&NOT_VPN] ] with score 59
09-23 21:42:27.530  2398  2398 D PhoneSwitcherNetworkRequstListener: got request NetworkRequest [ TRACK_DEFAULT id=588, [ Capabilities: INTERNET&NOT_RESTRICTED&TRUSTED&NOT_VPN] ] with score 59
09-23 21:42:27.531  6256  6273 I Finsky:download_service: [10104] ixx.a(1): Trying to resume downloads.
