10-11 21:43:46.091 28811 28834 W GeckoLinker: /data/app/org.mozilla.fenix.nightly-6O5PRnAwbPcz27YfLYQsOw==/lib/arm/libsoftokn3.so: Relocation to NULL @0x00025ffc for symbol "__cxa_type_match"
10-11 21:43:46.092 28811 28834 W GeckoLinker: /data/app/org.mozilla.fenix.nightly-6O5PRnAwbPcz27YfLYQsOw==/lib/arm/libfreebl3.so: unhandled flags #8 not handled
10-11 21:43:46.093 28811 28834 W GeckoLinker: /data/app/org.mozilla.fenix.nightly-6O5PRnAwbPcz27YfLYQsOw==/lib/arm/libfreebl3.so: Relocation to NULL @0x00040ffc for symbol "__cxa_type_match"
10-11 21:43:46.164 28811 28956 W GeckoLinker: /data/app/org.mozilla.fenix.nightly-6O5PRnAwbPcz27YfLYQsOw==/lib/arm/libnssckbi.so: unhandled flags #8 not handled
10-11 21:43:46.165 28811 28956 W GeckoLinker: /data/app/org.mozilla.fenix.nightly-6O5PRnAwbPcz27YfLYQsOw==/lib/arm/libnssckbi.so: Relocation to NULL @0x00050ffc for symbol "__cxa_type_match"
10-11 21:43:46.253  2340  2441 I QCNEJ   : |CORE| CNE received action RSSI/Link Changed events: android.net.wifi.RSSI_CHANGED
10-11 21:43:46.253  2340  2441 D QCNEJ   : |CORE| Updating RSSI: -67
10-11 21:43:46.513 28811 28944 D experiments: Fetched experiments from https://firefox.settings.services.mozilla.com/v1/buckets/main/collections/mobile-experiments/records:
10-11 21:43:46.513 28811 28944 D experiments: {"data":[{"match":{"app_id":"^org.mozilla.fenix$","regions":[],"debug_tags":[]},"schema":1566228455761,"buckets":{"count":667,"start":0},"branches":[{"name":"a","ratio":1},{"name":"b","ratio":1},{"name":"c","ratio":1}],"description":"End-to-end test of the Mobiles Experiments platform for Firefox Preview.","id":"fenix-test-2019-08-05","last_modified":1566233826256}]}
10-11 21:43:46.516 28811 28944 I experiments: Experiments update from server: ExperimentsSnapshot(experiments=[Experiment(id=fenix-test-2019-08-05, description=End-to-end test of the Mobiles Experiments platform for Firefox Preview., lastModified=1566233826256, schemaModified=1566228455761, buckets=Buckets(start=0, count=667), branches=[Branch(name=a, ratio=1), Branch(name=b, ratio=1), Branch(name=c, ratio=1)], match=Matcher(appId=^org.mozilla.fenix$, appDisplayVersion=null, appMinVersion=null, appMaxVersion=null, localeLanguage=null, localeCountry=null, deviceManufacturer=null, deviceModel=null, regions=[], debugTags=[]))], lastModified=1566233826256)
10-11 21:43:46.518 28811 28944 I experiments: onExperimentsUpdated - no experiment currently active, looking for match
10-11 21:43:46.525 28811 28827 I WM-WorkerWrapper: Worker result SUCCESS for Work [ id=de0ca0e6-e715-45eb-8bac-da423caff17f, tags={ mozilla.components.service.experiments.ExperimentsUpdaterWorker, mozilla.components.service.experiments } ]
10-11 21:43:46.611 28847 28873 D GeckoThread: State changed to MOZGLUE_READY
10-11 21:43:46.618 28847 28873 W Settings: Setting animator_duration_scale has moved from android.provider.Settings.System to android.provider.Settings.Global, returning read-only global URI.
10-11 21:43:46.620 28847 28873 E GeckoLibLoad: Load sqlite start
10-11 21:43:46.638 28847 28873 W GeckoLinker: /data/app/org.mozilla.fenix.nightly-6O5PRnAwbPcz27YfLYQsOw==/lib/arm/libnss3.so: unhandled flags #8 not handled
10-11 21:43:46.642 28847 28873 W GeckoLinker: /data/app/org.mozilla.fenix.nightly-6O5PRnAwbPcz27YfLYQsOw==/lib/arm/libnss3.so: Relocation to NULL @0x00133ffc for symbol "__cxa_type_match"
10-11 21:43:46.642 28847 28873 E GeckoLibLoad: Load sqlite done
10-11 21:43:46.643 28847 28873 E GeckoLibLoad: Load nss start
10-11 21:43:46.643 28847 28873 E GeckoLibLoad: Load nss done
10-11 21:43:46.643 28847 28873 W GeckoLinker: /data/app/org.mozilla.fenix.nightly-6O5PRnAwbPcz27YfLYQsOw==/lib/arm/libxul.so: unhandled flags #8 not handled
10-11 21:43:46.643 28847 28873 W GeckoLinker: /data/app/org.mozilla.fenix.nightly-6O5PRnAwbPcz27YfLYQsOw==/lib/arm/liblgpllibs.so: unhandled flags #8 not handled
10-11 21:43:46.646 28811 28834 W VideoCapabilities: Unrecognized profile 2130706433 for video/avc
10-11 21:43:46.646 28811 28834 W VideoCapabilities: Unrecognized profile 2130706434 for video/avc
10-11 21:43:46.648 28811 28834 W VideoCapabilities: Unrecognized profile 2130706433 for video/avc
10-11 21:43:46.648 28811 28834 W VideoCapabilities: Unrecognized profile 2130706434 for video/avc
10-11 21:43:46.667 28811 28834 W VideoCapabilities: Unrecognized profile 2130706433 for video/avc
10-11 21:43:46.667 28811 28834 W VideoCapabilities: Unrecognized profile 2130706434 for video/avc
10-11 21:43:46.674 28847 28873 E GeckoLibLoad: Loaded libs in 30.770160ms total, 23ms(26ms) user, 6ms(6ms) system, 0(0) faults
10-11 21:43:46.674 28847 28873 D GeckoThread: State changed to LIBS_READY
10-11 21:43:46.674 28847 28873 W GeckoThread: zerdatime 3372700135 - runGecko
10-11 21:43:46.675 28811 28834 I VideoCapabilities: Unsupported profile 4 for video/mp4v-es
10-11 21:43:46.680 28811 28834 E HardwareCodecCapability: Found candidate encoder OMX.google.vp8.encoder
10-11 21:43:46.681 28811 28834 E HardwareCodecCapability: Found candidate decoder OMX.qcom.video.decoder.vp8
10-11 21:43:46.683 28811 28834 V HardwareCodecCapability:    Color: 0x7f420888
10-11 21:43:46.683 28811 28834 V HardwareCodecCapability:    Color: 0x7fa30c04
10-11 21:43:46.683 28811 28834 V HardwareCodecCapability:    Color: 0x15
10-11 21:43:46.683 28811 28834 V HardwareCodecCapability:    Color: 0x13
10-11 21:43:46.683 28811 28834 V HardwareCodecCapability:    Color: 0x7fa30c05
10-11 21:43:46.683 28811 28834 E HardwareCodecCapability: Found target decoder OMX.qcom.video.decoder.vp8. Color: 0x13
10-11 21:43:46.710 28811 28834 D GeckoThread: State changed to RUNNING
10-11 21:43:46.710 28811 28834 I GeckoSession: zerdatime 3372700172 - chrome startup finished
10-11 21:43:46.722 28811 28945 D glean/ConceptFetchHttpUploader: Ping successfully sent (200)
10-11 21:43:46.722 28811 28945 D glean/PingStorageEngine: 8b225225-e92a-4bcf-a36c-842eb256a30c was deleted: true
10-11 21:43:46.723 28811 28945 D glean/PingStorageEngine: Processing ping: c5dc5372-6fc0-456e-a190-848eb2f48db5
10-11 21:43:46.726 28811 28945 D glean/ConceptFetchHttpUploader: Submitting ping to: https://incoming.telemetry.mozilla.org/submit/org-mozilla-fenix-nightly/metrics/1/c5dc5372-6fc0-456e-a190-848eb2f48db5
10-11 21:43:46.914 28811 28834 W ResourceType: Too many attribute references, stopped at: 0x01010099
10-11 21:43:47.020 28811 28945 D glean/ConceptFetchHttpUploader: Ping successfully sent (200)
10-11 21:43:47.020 28811 28945 D glean/PingStorageEngine: c5dc5372-6fc0-456e-a190-848eb2f48db5 was deleted: true
10-11 21:43:47.022 28811 28833 I WM-WorkerWrapper: Worker result SUCCESS for Work [ id=a94b6d4b-cad8-4470-b833-5aa0774cd266, tags={ mozac_service_glean_ping_upload_worker, mozilla.components.service.glean.scheduler.PingUploadWorker } ]
10-11 21:43:47.026  1456  2067 D ConnectivityService: releasing NetworkRequest [ TRACK_DEFAULT id=1054, [ Capabilities: INTERNET&NOT_RESTRICTED&TRUSTED&NOT_VPN] ] (release request)
10-11 21:43:47.218 28847 28873 D GeckoThread: State changed to RUNNING
10-11 21:43:47.493 28811 28811 D App     : Installed browser-icons extension
10-11 21:43:47.494 28811 28811 D mozac-webextensions: Installed extension: mozacWebchannel
10-11 21:43:47.495 28811 28811 D mozac-webextensions: Installed extension: mozacReaderview
10-11 21:43:47.498 28811 28834 I Gecko   : 1570844627498	addons.xpi-utils	WARN	Synchronous load of XPI database due to getAddonsByType([theme]) Stack: getAddonsByType@resource://gre/modules/addons/XPIDatabase.jsm:1992:21
10-11 21:43:47.498 28811 28834 I Gecko   : installBuiltinAddon@resource://gre/modules/addons/XPIInstall.jsm:4291:24
10-11 21:43:47.498 28811 28834 I Gecko   : 
10-11 21:43:47.597 28811 28811 D GeckoSession: handleMessage GeckoView:PageStart uri=about:blank
10-11 21:43:47.615 28811 28811 D GeckoSession: handleMessage GeckoView:LocationChange uri=about:blank
10-11 21:43:47.616 28811 28811 D GeckoSession: handleMessage GeckoView:PageStop uri=null
10-11 21:43:47.621 28811 28811 I SessionStorage/AutoSave: Save: Load finished
10-11 21:43:47.635 28811 28836 D SessionStorage/AutoSave: Saved state to disk [13ms]
10-11 21:43:47.688 28811 28834 D GeckoScreenOrientation: unlocking
10-11 21:43:47.692 28811 28811 D GeckoSession: handleMessage GeckoView:OnLoadRequest uri=about:blank
10-11 21:43:47.705 28811 28811 D GeckoSession: handleMessage GeckoView:OnLoadRequest uri=about:blank
10-11 21:43:47.818 28811 28811 D GeckoSession: handleMessage GeckoView:PageStart uri=about:blank
10-11 21:43:47.844 28811 28811 D GeckoSession: handleMessage GeckoView:PageStop uri=null
10-11 21:43:47.850 28811 28811 I SessionStorage/AutoSave: Save: Load finished
10-11 21:43:47.852 28811 28839 D SessionStorage/AutoSave: Delaying save (1770ms)
10-11 21:43:47.875 28811 28811 D GeckoSession: handleMessage GeckoView:PageStart uri=about:blank
10-11 21:43:47.921 28811 28811 D GeckoSession: handleMessage GeckoView:SecurityChanged uri=null
10-11 21:43:47.926 28811 28811 D GeckoSession: handleMessage GeckoView:PageStop uri=null
10-11 21:43:47.930 28811 28811 I SessionStorage/AutoSave: Save: Load finished
10-11 21:43:47.931 28811 28811 D SessionStorage/AutoSave: Skipping save, other job already in flight
10-11 21:43:47.940 28811 28811 D mozac-webcompat: Installed WebCompat webextension: webcompat@mozilla.com
10-11 21:43:48.580 28811 28811 D GeckoSession: handleMessage GeckoView:StateUpdated uri=null
10-11 21:43:48.580 28811 28811 W GeckoSession: No history entries found.
10-11 21:43:49.639 28811 28836 D SessionStorage/AutoSave: Saved state to disk [14ms]
10-11 21:43:50.987   808   808 I SFPerfTracer:      triggers: (rate: 4:6749) (compose: 0:0) (post: 0:0) (render: 0:1) (12:172873 frames) (13:432596)
10-11 21:43:50.987   808   808 D SFPerfTracer:        layers: (4:11) (NavigationBar#0 (0xb07df000): 0:1072) (StatusBar#0 (0xb07e3000): 0:262921) (com.android.systemui.ImageWallpaper#0 (0xb07e7000): 0:76)* (Sprite#0 (0xb0733000): 0:317)* (DimLayerController/Stack=0#0 (0xb075a000): 0:165)* (animation background stackId=1#0 (0xb0771000): 0:4)* (Sprite#1 (0xb077c000): 0:195)* (com.android.settings/com.android.settings.Settings$DevelopmentSettingsActivity#0 (0xb0763000): 0:35)- (Splash Screen org.mozilla.fenix.nightly#0 (0xb039b000): 0:32)- (org.mozilla.fenix.nightly/org.mozilla.fenix.IntentReceiverActivity#0 (0xb075e000): 0:7)- (org.mozilla.fenix.nightly/org.mozilla.fenix.HomeActivity#0 (0xb0396000): 13:56) 
10-11 21:43:52.384  2340  2441 I QCNEJ   : |CORE| CNE received action RSSI/Link Changed events: android.net.wifi.RSSI_CHANGED
10-11 21:43:52.384  2340  2441 D QCNEJ   : |CORE| Updating RSSI: -66
10-11 21:43:54.052  1456  2401 I ActivityManager: Force stopping org.mozilla.fenix.nightly appid=10328 user=0: from pid 29064
10-11 21:43:54.053  1456  2401 I ActivityManager: Killing 28811:org.mozilla.fenix.nightly/u0a328 (adj 0): stop org.mozilla.fenix.nightly
10-11 21:43:54.056  1456  1605 W zygote  : kill(-28811, 9) failed: No such process
10-11 21:43:54.058 28847 28847 I ServiceChildProcess: Service has been unbound. Stopping.
10-11 21:43:54.059  1456  2401 W ActivityManager: Force removing ActivityRecord{f04bb30 u0 org.mozilla.fenix.nightly/org.mozilla.fenix.HomeActivity t653}: app died, no saved state
10-11 21:43:54.070  1456  1605 W zygote  : kill(-28811, 9) failed: No such process
10-11 21:43:54.083  1456  1605 W zygote  : kill(-28811, 9) failed: No such process
10-11 21:43:54.091  1456  7796 I OpenGLRenderer: Initialized EGL, version 1.4
10-11 21:43:54.091  1456  7796 D OpenGLRenderer: Swap behavior 2
10-11 21:43:54.096  1456  1605 W zygote  : kill(-28811, 9) failed: No such process
10-11 21:43:54.106  1456  2401 I ActivityManager: Killing 28847:org.mozilla.fenix.nightly:tab/u0a328 (adj 0): stop org.mozilla.fenix.nightly
10-11 21:43:54.134  1456  1605 I chatty  : uid=1000(system) ActivityManager identical 2 lines
10-11 21:43:54.148  1456  1605 W zygote  : kill(-28811, 9) failed: No such process
10-11 21:43:54.157  2398  2398 D CarrierSvcBindHelper: No carrier app for: 0
10-11 21:43:54.157  2398  2398 D CarrierSvcBindHelper: No carrier app for: 1
10-11 21:43:54.165  2360  2360 D MayaFrameworkProxyService: receive intent :Intent { act=android.intent.action.PACKAGE_CHANGED dat=package:org.mozilla.fenix.nightly flg=0x45000010 (has extras) }
10-11 21:43:54.170  1456  1605 W zygote  : kill(-28811, 9) failed: No such process
10-11 21:43:54.184  1456  1605 W zygote  : kill(-28811, 9) failed: No such process
10-11 21:43:54.186  1456  1942 I InputReader: Reconfiguring input devices.  changes=0x00000010
10-11 21:43:54.197  1456  1605 W zygote  : kill(-28811, 9) failed: No such process
10-11 21:43:54.201  7883  7883 W Settings: Setting bugreport_in_power_menu has moved from android.provider.Settings.Secure to android.provider.Settings.Global.
10-11 21:43:54.220  1456  2401 I WifiService: getVerboseLoggingLevel uid=1000
10-11 21:43:54.221  1456  5797 I WifiService: getAggressiveHandover uid=1000
10-11 21:43:54.223  1456  5797 I WifiService: getAllowScansWithTraffic uid=1000
10-11 21:43:54.227  7883 29069 W TileUtils: Found com.android.settings.backup.BackupSettingsActivity for intent Intent { act=com.android.settings.action.SETTINGS pkg=com.android.settings } missing metadata com.android.settings.category
10-11 21:43:54.241  7883  7883 W ResourceType: Found multiple library tables, ignoring...
10-11 21:43:54.242  1456  1605 W zygote  : kill(-28811, 9) failed: No such process
10-11 21:43:54.258  1456  1605 I chatty  : uid=1000(system) ActivityManager identical 1 line
10-11 21:43:54.275  1456  1605 W zygote  : kill(-28811, 9) failed: No such process
10-11 21:43:54.286  2398  2398 D CarrierSvcBindHelper: No carrier app for: 0
10-11 21:43:54.291  1456  1605 W zygote  : kill(-28811, 9) failed: No such process
10-11 21:43:54.291  2398  2398 D CarrierSvcBindHelper: No carrier app for: 1
10-11 21:43:54.303  2398  2398 E VvmPkgInstalledRcvr: cannot create TelephonyManager from ComponentInfo{com.android.phone/com.android.services.telephony.TelephonyConnectionService}, [****], UserHandle{0}
10-11 21:43:54.303  2398  2398 D ImsResolver: maybeAddedImsService, packageName: org.mozilla.fenix.nightly
10-11 21:43:54.306  1456  1605 W zygote  : kill(-28811, 9) failed: No such process
10-11 21:43:54.312  1456 10962 I ActivityManager: START u0 {act=android.intent.action.VIEW dat=about:blank typ=text/html flg=0x10000000 cmp=org.mozilla.fenix.nightly/org.mozilla.fenix.IntentReceiverActivity} from uid 2000
10-11 21:43:54.313   794   839 E ANDR-PERF-RESOURCEQS: Failed to apply optimization [4, 0]
10-11 21:43:54.320  2398  2398 E PhoneInterfaceManager: [PhoneIntfMgr] getAllowedCarriers: CommandException: com.android.internal.telephony.CommandException: REQUEST_NOT_SUPPORTED
10-11 21:43:54.322  1456  1605 W zygote  : kill(-28811, 9) failed: No such process
10-11 21:43:54.332  1456  2918 I WindowManager: WIN DEATH: Window{7d0a919 u0 org.mozilla.fenix.nightly/org.mozilla.fenix.HomeActivity}
10-11 21:43:54.336  1456  1605 W zygote  : kill(-28811, 9) failed: No such process
10-11 21:43:54.344   808   872 E SurfaceFlinger: Failed to find layer (org.mozilla.fenix.nightly/org.mozilla.fenix.HomeActivity#0) in layer parent (no-parent).
10-11 21:43:54.348  2146  2165 I zygote  : NativeAlloc concurrent copying GC freed 8635(404KB) AllocSpace objects, 0(0B) LOS objects, 49% free, 5MB/11MB, paused 302us total 108.919ms
10-11 21:43:54.350  1456  1605 W zygote  : kill(-28811, 9) failed: No such process
10-11 21:43:54.363  1456  1605 W zygote  : kill(-28811, 9) failed: No such process
10-11 21:43:54.375  2398  2398 E PhoneInterfaceManager: [PhoneIntfMgr] getAllowedCarriers: CommandException: com.android.internal.telephony.CommandException: REQUEST_NOT_SUPPORTED
10-11 21:43:54.376  1456  1456 I TelecomService: DefaultDialerCache: Refreshing default dialer for user 0: now com.android.dialer: DDC.oR@DkI
10-11 21:43:54.377  1456  1673 W ActivityManager: setHasOverlayUi called on unknown pid: 28811
10-11 21:43:54.377  1456  1605 W zygote  : kill(-28811, 9) failed: No such process
10-11 21:43:54.393  1456  1605 W zygote  : kill(-28811, 9) failed: No such process
10-11 21:43:54.393  1456  1605 I zygote  : Successfully killed process cgroup uid 10328 pid 28811 in 337ms
10-11 21:43:54.393  1456  1605 W zygote  : kill(-28847, 9) failed: No such process
10-11 21:43:54.393  1456  1605 I zygote  : Successfully killed process cgroup uid 10328 pid 28847 in 0ms
10-11 21:43:54.427  7883 29081 D Settings: No enabled state changed, skipping updateCategory call
10-11 21:43:54.440  1456  5907 I ActivityManager: Start proc 29086:org.mozilla.fenix.nightly/u0a328 for activity org.mozilla.fenix.nightly/org.mozilla.fenix.IntentReceiverActivity
10-11 21:43:54.451 28695 29068 I ProvidersCache: Provider returned no roots. Possibly naughty: com.google.android.apps.docs.storage
10-11 21:43:54.451  1456  1600 W ResourceType: No known package when getting value for resource number 0x7f080120
10-11 21:43:54.451  1456  1600 W ResourceType: No known package when getting value for resource number 0x7f1200e0
10-11 21:43:54.451  1456  1600 W ResourceType: No known package when getting value for resource number 0x7f1200e0
10-11 21:43:54.451  1456  1600 W ResourceType: No known package when getting value for resource number 0x7f08011e
10-11 21:43:54.451  1456  1600 W ResourceType: No known package when getting value for resource number 0x7f1200de
10-11 21:43:54.451  1456  1600 W ResourceType: No known package when getting value for resource number 0x7f1200de
10-11 21:43:54.461  1456  1600 W SearchableInfo: Invalid searchable metadata for com.google.android.gms/.nearby.sharing.ContactSelectActivity: Search label must be a resource reference.
10-11 21:43:54.475 14875 15052 I Icing   : IndexChimeraService.getServiceInterface callingPackage=com.google.android.gms componentName=AppsCorpus serviceId=36
10-11 21:43:54.493  1456  1466 I zygote  : NativeAlloc concurrent copying GC freed 92134(4MB) AllocSpace objects, 24(1332KB) LOS objects, 42% free, 22MB/38MB, paused 322us total 401.994ms
10-11 21:43:54.495 14875 28826 W Icing   : No valid account for uploading user actions: admc: Not signed in
10-11 21:43:54.505  1456  2402 I WindowManager: Failed to capture screenshot of Token{6665c2b ActivityRecord{e887c7a u0 com.android.settings/.Settings$DevelopmentSettingsActivity t206}} appWin=Window{4f49e2 u0 com.android.settings/com.android.settings.Settings$DevelopmentSettingsActivity} drawState=4
10-11 21:43:54.523 14875 15057 I Icing   : IndexChimeraService.getServiceInterface callingPackage=com.google.android.gms componentName=null serviceId=30
10-11 21:43:54.577 29086 29086 D FirebaseApp: Default FirebaseApp failed to initialize because no default options were found. This usually means that com.google.gms:google-services was not applied to your gradle project.
10-11 21:43:54.577 29086 29086 I FirebaseInitProvider: FirebaseApp initialization unsuccessful
10-11 21:43:54.619 29086 29086 W System.err: SLF4J: Failed to load class "org.slf4j.impl.StaticLoggerBinder".
10-11 21:43:54.619 29086 29086 W System.err: SLF4J: Defaulting to no-operation (NOP) logger implementation
10-11 21:43:54.619 29086 29086 W System.err: SLF4J: See http://www.slf4j.org/codes.html#StaticLoggerBinder for further details.
10-11 21:43:54.620 29086 29086 D io.sentry.android.AndroidSentryClientFactory: Construction of Android Sentry.
10-11 21:43:54.636 29086 29086 D RustNativeSupport: findMegazordLibraryName(viaduct, 0.40.0
10-11 21:43:54.636 29086 29086 D RustNativeSupport: lib in use: none
10-11 21:43:54.636 29086 29086 D RustNativeSupport: lib configured: fenix
10-11 21:43:54.636 29086 29086 D RustNativeSupport: lib version configured: 0.40.0
10-11 21:43:54.636 29086 29086 D RustNativeSupport: settled on fenix
10-11 21:43:54.640 14875 28826 I Icing   : Usage reports ok 2, Failed Usage reports 0, indexed 0, rejected 0
10-11 21:43:54.646 14875 28826 W Icing   : No valid account for uploading user actions: admc: Not signed in
10-11 21:43:54.654 14875 28826 I Icing   : Usage reports ok 0, Failed Usage reports 0, indexed 0, rejected 0
10-11 21:43:54.663 29086 29086 D RustNativeSupport: findMegazordLibraryName(rustlog, 0.40.0
10-11 21:43:54.663 29086 29086 D RustNativeSupport: lib in use: none
10-11 21:43:54.663 29086 29086 D RustNativeSupport: lib configured: fenix
10-11 21:43:54.663 29086 29086 D RustNativeSupport: lib version configured: 0.40.0
10-11 21:43:54.663 29086 29086 D RustNativeSupport: settled on fenix
10-11 21:43:54.667 29086 29086 I rc_log_ffi::ios: rc_log adapter initialized!
10-11 21:43:54.690 29086 29086 D GeckoThread: State changed to LAUNCHED
10-11 21:43:54.691 29086 29105 I GeckoThread: preparing to run Gecko
10-11 21:43:54.697 29086 29105 D GeckoThread: State changed to MOZGLUE_READY
10-11 21:43:54.697 29086 29086 D GeckoRuntime: Lifecycle: onCreate
10-11 21:43:54.710 29086 29105 W Settings: Setting animator_duration_scale has moved from android.provider.Settings.System to android.provider.Settings.Global, returning read-only global URI.
10-11 21:43:54.711 29086 29105 E GeckoLibLoad: Load sqlite start
10-11 21:43:54.729 29086 29086 I experiments: No active experiment in cache
10-11 21:43:54.729 29086 29109 D App     : Bucket is 44
10-11 21:43:54.734 29086 29109 D App     : Experiments active: {asFeatureSyncDisabled=false}
10-11 21:43:54.739 29086 29105 W GeckoLinker: /data/app/org.mozilla.fenix.nightly-6O5PRnAwbPcz27YfLYQsOw==/lib/arm/libnss3.so: unhandled flags #8 not handled
10-11 21:43:54.747 29086 29086 I glean/Glean: Metrics enabled: true
10-11 21:43:54.748 29086 29105 W GeckoLinker: /data/app/org.mozilla.fenix.nightly-6O5PRnAwbPcz27YfLYQsOw==/lib/arm/libnss3.so: Relocation to NULL @0x00133ffc for symbol "__cxa_type_match"
10-11 21:43:54.748 29086 29105 E GeckoLibLoad: Load sqlite done
10-11 21:43:54.749 29086 29105 E GeckoLibLoad: Load nss start
10-11 21:43:54.749 29086 29105 E GeckoLibLoad: Load nss done
10-11 21:43:54.750 29086 29105 W GeckoLinker: /data/app/org.mozilla.fenix.nightly-6O5PRnAwbPcz27YfLYQsOw==/lib/arm/libxul.so: unhandled flags #8 not handled
10-11 21:43:54.750 29086 29105 W GeckoLinker: /data/app/org.mozilla.fenix.nightly-6O5PRnAwbPcz27YfLYQsOw==/lib/arm/liblgpllibs.so: unhandled flags #8 not handled
10-11 21:43:54.784 29086 29086 I glean/Dispatchers: Task queued for execution and delayed until flushed
10-11 21:43:54.790 29086 29105 E GeckoLibLoad: Loaded libs in 40.820473ms total, 26ms(100ms) user, 10ms(40ms) system, 0(0) faults
10-11 21:43:54.791 29086 29105 D GeckoThread: State changed to LIBS_READY
10-11 21:43:54.791 29086 29105 W GeckoThread: zerdatime 3372708252 - runGecko
10-11 21:43:54.794 29086 29105 D GeckoProfile: Loading profile at: null name: default
10-11 21:43:54.795 29086 29105 D GeckoProfile: Found profile dir: /data/user/0/org.mozilla.fenix.nightly/files/mozilla/m7y1cnmt.default
10-11 21:43:54.807  1456  4250 I ActivityManager: Start proc 29124:org.mozilla.fenix.nightly:tab/u0a328 for service org.mozilla.fenix.nightly/org.mozilla.gecko.process.GeckoServiceChildProcess$tab
10-11 21:43:54.838 29086 29086 I glean/Dispatchers: Task queued for execution and delayed until flushed
10-11 21:43:54.839 29086 29086 I glean/Dispatchers: Task queued for execution and delayed until flushed
10-11 21:43:54.844 29086 29086 D App     : ActivationPing - already generated
10-11 21:43:54.892   808   898 I SFPerfTracer:      triggers: (rate: 0:0) (0 sw vsyncs) (0 skipped) (41:94984 vsyncs) (43:435747)
10-11 21:43:54.901 29124 29124 W System.err: SLF4J: Failed to load class "org.slf4j.impl.StaticLoggerBinder".
10-11 21:43:54.901 29124 29124 W System.err: SLF4J: Defaulting to no-operation (NOP) logger implementation
10-11 21:43:54.901 29124 29124 W System.err: SLF4J: See http://www.slf4j.org/codes.html#StaticLoggerBinder for further details.
10-11 21:43:54.902 29124 29124 D io.sentry.android.AndroidSentryClientFactory: Construction of Android Sentry.
10-11 21:43:54.929 29124 29124 D RustNativeSupport: findMegazordLibraryName(viaduct, 0.40.0
10-11 21:43:54.929 29124 29124 D RustNativeSupport: lib in use: none
10-11 21:43:54.929 29124 29124 D RustNativeSupport: lib configured: fenix
10-11 21:43:54.929 29124 29124 D RustNativeSupport: lib version configured: 0.40.0
10-11 21:43:54.929 29124 29124 D RustNativeSupport: settled on fenix
10-11 21:43:54.952 29086 29086 W [WARNING][Leanplum]: [com.leanplum.internal.ActionManager::getLocationManager::8]: Geofencing support requires leanplum-location module and Google Play Services v8.1 and higher.
10-11 21:43:54.952 29086 29086 W [WARNING][Leanplum]: Add this to your build.gradle file:
10-11 21:43:54.952 29086 29086 W [WARNING][Leanplum]: implementation 'com.google.android.gms:play-services-location:8.3.0+'
10-11 21:43:54.952 29086 29086 W [WARNING][Leanplum]: implementation 'com.leanplum:leanplum-location:+'
10-11 21:43:54.956 29086 29091 I zygote  : Do partial code cache collection, code=27KB, data=22KB
10-11 21:43:54.957 29086 29091 I zygote  : After code cache collection, code=27KB, data=22KB
10-11 21:43:54.957 29086 29091 I zygote  : Increasing code cache capacity to 128KB
10-11 21:43:54.959 29124 29124 D RustNativeSupport: findMegazordLibraryName(rustlog, 0.40.0
10-11 21:43:54.959 29124 29124 D RustNativeSupport: lib in use: none
10-11 21:43:54.959 29124 29124 D RustNativeSupport: lib configured: fenix
10-11 21:43:54.959 29124 29124 D RustNativeSupport: lib version configured: 0.40.0
10-11 21:43:54.959 29124 29124 D RustNativeSupport: settled on fenix
10-11 21:43:54.962 29086 29086 I [INFO][Leanplum]: [com.leanplum.monitoring.ExceptionHandler::setContext::6]: LeanplumExceptionHandler could not initialize Exception Reporting.This is expected if you have not included the leanplum-monitoring module
10-11 21:43:54.963 29124 29124 I rc_log_ffi::ios: rc_log adapter initialized!
10-11 21:43:54.968 29124 29124 D GeckoThread: State changed to LAUNCHED
10-11 21:43:54.969 29124 29149 I GeckoThread: preparing to run Gecko
10-11 21:43:54.974 29086 29086 I FirefoxAccountStateMachine: Enabling/updating sync with a new SyncConfig: SyncConfig(supportedEngines=[mozilla.components.service.fxa.SyncEngine$History@9dd6891, mozilla.components.service.fxa.SyncEngine$Bookmarks@a47e3f6], syncPeriodInMinutes=240)
10-11 21:43:54.977 29086 29148 I [INFO][Leanplum]: [com.leanplum.LeanplumFcmProvider::isManifestSetup::11]: Firebase Messaging is setup correctly.
10-11 21:43:54.978 29086 29086 I BgSyncManager: Periodic syncing enabled at a 240 interval
10-11 21:43:54.978 29086 29086 I FirefoxAccountStateMachine: Sync is enabled
10-11 21:43:54.981 29086 29086 W PushConfig: No firebase configuration found; cannot support push service.
10-11 21:43:54.983 29086 29152 I FirefoxAccountStateMachine: Processing event Event$Init for state Start. Next state is Start
10-11 21:43:54.987 29086 29152 I FirefoxAccountStateMachine: Ran 'Event$Init' side-effects for state Start, got successive event Event$AccountNotFound
10-11 21:43:54.988 29086 29152 I FirefoxAccountStateMachine: Processing event Event$AccountNotFound for state Start. Next state is NotAuthenticated
10-11 21:43:54.991 29086 29152 D RustNativeSupport: findMegazordLibraryName(fxaclient, 0.40.0
10-11 21:43:54.991 29086 29152 D RustNativeSupport: lib in use: none
10-11 21:43:54.991 29086 29152 D RustNativeSupport: lib configured: fenix
10-11 21:43:54.992 29086 29152 D RustNativeSupport: lib version configured: 0.40.0
10-11 21:43:54.992 29086 29152 D RustNativeSupport: settled on fenix
10-11 21:43:54.995 29086 29152 D fxaclient_ffi: fxa_new
10-11 21:43:55.017 29086 29086 D GeckoRuntime: Lifecycle: onStart
10-11 21:43:55.025 29086 29086 D GeckoRuntime: Lifecycle: onResume
10-11 21:43:55.026 29086 29086 D GeckoNetworkManager: Incoming event start for state OffNoListeners -> OnNoListeners
10-11 21:43:55.027 29086 29086 D GeckoNetworkManager: New network state: UP, WIFI, WIFI
10-11 21:43:55.028 29086 29148 D NetworkSecurityConfig: No Network Security Config specified, using platform default
10-11 21:43:55.047 29086 29159 D OpenGLRenderer: HWUI GL Pipeline
10-11 21:43:55.054 29086 29086 I glean/Glean: Registering pings for org.mozilla.fenix.GleanMetrics.Pings
10-11 21:43:55.055 29086 29086 I glean/Glean: Registering pings for mozilla.components.service.glean.GleanMetrics.Pings
10-11 21:43:55.072 29086 29164 D glean/PingMaker: Collecting events
10-11 21:43:55.088 29086 29086 D glean/MetricsPingScheduler: The 'metrics' ping was last sent on Fri Oct 11 00:00:00 EDT 2019
10-11 21:43:55.096 29086 29086 I glean/MetricsPingScheduler: The 'metrics' ping was already sent today, Fri Oct 11 21:43:55 EDT 2019.
10-11 21:43:55.097 29086 29086 D glean/MetricsPingScheduler: Scheduling the 'metrics' ping in 22564929ms
10-11 21:43:55.102 29086 29086 D glean/MetricsPingScheduler: The 'metrics' ping was last sent on Fri Oct 11 00:00:00 EDT 2019
10-11 21:43:55.102 29086 29086 I glean/MetricsPingScheduler: The 'metrics' ping was already sent today, Fri Oct 11 21:43:55 EDT 2019.
10-11 21:43:55.102 29086 29086 D glean/MetricsPingScheduler: Scheduling the 'metrics' ping in 22564900ms
10-11 21:43:55.141 29086 29183 E [ERROR][Leanplum]: [com.leanplum.LeanplumPushRegistrationService::onHandleIntent::4]: Failed to complete registration token refresh., java.lang.IllegalStateException: Default FirebaseApp is not initialized in this process org.mozilla.fenix.nightly. Make sure to call FirebaseApp.initializeApp(Context) first.
10-11 21:43:55.158 29086 29086 I zygote  : Deoptimizing void mozilla.components.support.utils.Browsers.<init>(android.content.Context, android.net.Uri, kotlin.jvm.internal.DefaultConstructorMarker) due to JIT inline cache
10-11 21:43:55.179 29086 29150 E ActivityThread: Failed to find provider info for com.facebook.katana.provider.AttributionIdProvider
10-11 21:43:55.196 27481 27481 I Finsky  : [2] com.google.android.finsky.scheduler.JobSchedulerEngine$PhoneskyJobSchedulerJobService.onStartJob(5): SCH: onJobSchedulerWakeup with jobId 9004
10-11 21:43:55.206 27481 27481 I Finsky  : [2] seo.a(24): Scheduling fallback job with id: 9034, and delay: 43200000 ms
10-11 21:43:55.208 27481 27481 I Finsky  : [2] seo.a(5): Scheduling fallback in 64799998 (absolute: 3437508668)
10-11 21:43:55.224 27481 27481 I Finsky  : [2] sfa.handleMessage(10): SCH: DeviceState: DeviceState{currentTime=1570844635219, isCharging=true, isIdle=false, netAny=true, netNotRoaming=true, netUnmetered=true, batteryPercent=100.0}
10-11 21:43:55.231 27481 28613 I Finsky  : [18501] sho.a(8): SCH: Jobs in database: 1-1337 3-633 3-634 12-1 24-77777777 26-1414141414 
10-11 21:43:55.244 27481 27481 I Finsky  : [2] sfb.a(19): SCH: Running job: 12-1
10-11 21:43:55.246 29086 29142 D glean/PingStorageEngine: Storing ping 53deca00-b961-4bcc-a554-ee48af5ab037 at /data/user/0/org.mozilla.fenix.nightly/glean_data/pending_pings/53deca00-b961-4bcc-a554-ee48af5ab037
10-11 21:43:55.246 27481 27481 I Finsky  : [2] com.google.android.finsky.contentsync.ContentSyncJob.a(15): ContentSyncJob started
10-11 21:43:55.248 27481 27481 I Finsky  : [2] sfa.handleMessage(65): SCH: RunningQueue size: 1, PendingQueue size: 0
10-11 21:43:55.248 27481 27481 I Finsky  : [2] sfa.handleMessage(68): SCH: Running queue: 12-1 
10-11 21:43:55.285 29086 29105 I Gecko:DumpUtils: Fifo watcher disabled via pref.
10-11 21:43:55.299  1456  1471 I ActivityManager: START u0 {act=android.intent.action.VIEW dat=about:blank typ=text/html flg=0x10000000 cmp=org.mozilla.fenix.nightly/org.mozilla.fenix.HomeActivity (has extras)} from uid 10328
10-11 21:43:55.311 29086 29086 D GeckoNetworkManager: Incoming event receivedUpdate for state OnNoListeners -> OnNoListeners
10-11 21:43:55.312 29086 29086 D GeckoNetworkManager: New network state: UP, WIFI, WIFI
10-11 21:43:55.316  1456  2402 I WifiService: getDhcpInfo uid=10328
10-11 21:43:55.319  1456  5907 D ConnectivityService: requestNetwork for uid/pid:10328/29086 NetworkRequest [ TRACK_DEFAULT id=1055, [ Capabilities: INTERNET&NOT_RESTRICTED&TRUSTED&NOT_VPN] ]
10-11 21:43:55.321  1456  2099 D Ethernet: got request NetworkRequest [ TRACK_DEFAULT id=1055, [ Capabilities: INTERNET&NOT_RESTRICTED&TRUSTED&NOT_VPN] ] with score 60
10-11 21:43:55.321  1456  2054 D WIFI_UT : got request NetworkRequest [ TRACK_DEFAULT id=1055, [ Capabilities: INTERNET&NOT_RESTRICTED&TRUSTED&NOT_VPN] ] with score 60
10-11 21:43:55.321  1456  2054 D WIFI    : got request NetworkRequest [ TRACK_DEFAULT id=1055, [ Capabilities: INTERNET&NOT_RESTRICTED&TRUSTED&NOT_VPN] ] with score 60
10-11 21:43:55.322  2398  2398 D PhoneSwitcherNetworkRequstListener: got request NetworkRequest [ TRACK_DEFAULT id=1055, [ Capabilities: INTERNET&NOT_RESTRICTED&TRUSTED&NOT_VPN] ] with score 60
10-11 21:43:55.336 29086 29159 I Adreno  : QUALCOMM build                   : bb5b86c, I77d3059488
10-11 21:43:55.336 29086 29159 I Adreno  : Build Date                       : 06/07/18
10-11 21:43:55.336 29086 29159 I Adreno  : OpenGL ES Shader Compiler Version: EV031.22.00.01_06
10-11 21:43:55.336 29086 29159 I Adreno  : Local Branch                     : 
10-11 21:43:55.336 29086 29159 I Adreno  : Remote Branch                    : refs/tags/AU_LINUX_ANDROID_LA.UM.6.5.R1.08.01.00.312.086
10-11 21:43:55.336 29086 29159 I Adreno  : Remote Branch                    : NONE
10-11 21:43:55.336 29086 29159 I Adreno  : Reconstruct Branch               : NOTHING
10-11 21:43:55.337 29086 29159 D vndksupport: Loading /vendor/lib/hw/gralloc.msm8937.so from current namespace instead of sphal namespace.
10-11 21:43:55.349 29086 29159 I Adreno  : PFP: 0x005ff087, ME: 0x005ff063
10-11 21:43:55.387 29086 29159 I zygote  : android::hardware::configstore::V1_0::ISurfaceFlingerConfigs::hasWideColorDisplay retrieved: 0
10-11 21:43:55.389 29086 29159 I OpenGLRenderer: Initialized EGL, version 1.4
10-11 21:43:55.390 29086 29159 D OpenGLRenderer: Swap behavior 2
10-11 21:43:55.403 29086 29208 D glean/PingStorageEngine: Processing persisted pings at /data/user/0/org.mozilla.fenix.nightly/glean_data/pending_pings
10-11 21:43:55.403 29086 29208 D glean/PingStorageEngine: Processing ping: 53deca00-b961-4bcc-a554-ee48af5ab037
10-11 21:43:55.407 29086 29208 D glean/ConceptFetchHttpUploader: Submitting ping to: https://incoming.telemetry.mozilla.org/submit/org-mozilla-fenix-nightly/events/1/53deca00-b961-4bcc-a554-ee48af5ab037
10-11 21:43:55.408 29086 29159 D vndksupport: Loading /vendor/lib/hw/android.hardware.graphics.mapper@2.0-impl.so from current namespace instead of sphal namespace.
10-11 21:43:55.411 29086 29159 D vndksupport: Loading /vendor/lib/hw/gralloc.msm8937.so from current namespace instead of sphal namespace.
10-11 21:43:55.426 29086 29211 I experiments: Fetching experiments from https://firefox.settings.services.mozilla.com/v1/buckets/main/collections/mobile-experiments/records?_since=1566233826256
10-11 21:43:55.431  1456  1673 I LaunchCheckinHandler: Displayed org.mozilla.fenix.nightly/org.mozilla.fenix.IntentReceiverActivity,cp,ca,1004
10-11 21:43:55.435 27481 29195 I Finsky  : [18518] dza.a(31): Completed 0 account content syncs with 0 successful.
10-11 21:43:55.435 27481 27481 I Finsky  : [2] com.google.android.finsky.contentsync.ContentSyncJob.a(13): Installation state replication succeeded.
10-11 21:43:55.436 27481 27481 I Finsky  : [2] sgl.a(16): SCH: jobFinished: 12-1. TimeElapsed: 191ms.
10-11 21:43:55.437 27481 27481 I Finsky  : [2] sfb.a(36): SCH: Job 12-1 finished. Not rescheduling.
10-11 21:43:55.438 27481 27481 I Finsky  : [2] sfa.handleMessage(65): SCH: RunningQueue size: 0, PendingQueue size: 0
10-11 21:43:55.438 27481 27481 I Finsky  : [2] sfa.handleMessage(29): Executor finished
10-11 21:43:55.455 27481 27481 I Finsky  : [2] sho.a(8): SCH: Jobs in database: 1-1337 3-633 3-634 24-77777777 26-1414141414 
10-11 21:43:55.456 29086 29086 D PhoneWindow: Restoring navigation bar divider color to default value = 0x00000000
10-11 21:43:55.464 27481 27481 I Finsky  : [2] sdg.a(59): SCH: ConstraintMapping: 24-77777777,  -> L: 0ms, D: 56833162ms, C: false, I: true, N: 0
10-11 21:43:55.464 27481 27481 I Finsky  : [2] sdg.a(59): SCH: ConstraintMapping: 1-1337,  -> L: 17222895ms, D: 60422895ms, C: false, I: false, N: 1
10-11 21:43:55.465 27481 27481 I Finsky  : [2] sdg.a(59): SCH: ConstraintMapping: 3-634,  -> L: 0ms, D: 86307622ms, C: false, I: true, N: 2
10-11 21:43:55.466 27481 27481 I Finsky  : [2] sdg.a(59): SCH: ConstraintMapping: 3-633,  -> L: 0ms, D: 86307600ms, C: true, I: true, N: 2
10-11 21:43:55.467 27481 27481 I Finsky  : [2] sdg.a(59): SCH: ConstraintMapping: 26-1414141414,  -> L: 23010867ms, D: 23910867ms, C: false, I: false, N: 0
10-11 21:43:55.477 27481 27481 I Finsky  : [2] sfy.a(37): Cancelling existing jobscheduler jobs: 9001 9007 9008 9005 
10-11 21:43:55.478 27481 27481 I Finsky  : [2] sfy.a(13): Throttling wakeup for job 9000 (expected to run in 0 ms) due to recent wakeup
10-11 21:43:55.481 27481 27481 I Finsky  : [2] sfy.a(30): Scheduling job Id: 9000, L: 30000, D: 56833162, C: false, I: true, N: 0
10-11 21:43:55.485 27481 27481 I Finsky  : [2] sfy.a(30): Scheduling job Id: 9002, L: 17222895, D: 60422895, C: false, I: false, N: 1
10-11 21:43:55.486 27481 27481 I Finsky  : [2] sfy.a(13): Throttling wakeup for job 9003 (expected to run in 0 ms) due to recent wakeup
10-11 21:43:55.487 27481 27481 I Finsky  : [2] sfy.a(30): Scheduling job Id: 9003, L: 30000, D: 86307622, C: false, I: true, N: 2
10-11 21:43:55.488 27481 27481 I Finsky  : [2] sfy.a(13): Throttling wakeup for job 9006 (expected to run in 0 ms) due to recent wakeup
10-11 21:43:55.489 27481 27481 I Finsky  : [2] sfy.a(30): Scheduling job Id: 9006, L: 30000, D: 86307600, C: true, I: true, N: 2
10-11 21:43:55.491 27481 27481 I Finsky  : [2] sfy.a(30): Scheduling job Id: 9009, L: 23010867, D: 23910867, C: false, I: false, N: 0
10-11 21:43:55.500 29086 29105 D GeckoSysInfo: System memory: 1867MB.
10-11 21:43:55.502 29086 29105 D GeckoThread: State changed to JNI_READY
10-11 21:43:55.511 29086 29091 I zygote  : Do partial code cache collection, code=57KB, data=47KB
10-11 21:43:55.513 29086 29091 I zygote  : After code cache collection, code=42KB, data=40KB
10-11 21:43:55.513 29086 29091 I zygote  : Increasing code cache capacity to 256KB
10-11 21:43:55.541 29086 29086 I NavController: Ignoring popBackStack to destination org.mozilla.fenix.nightly:id/browserFragment as it was not found on the current back stack
10-11 21:43:55.647 14875 28826 I Icing   : Indexing com.google.android.gms-apps from com.google.android.gms
10-11 21:43:55.705 14875 28826 I Icing   : Indexing com.google.android.gms-internal.3p:MobileApplication from com.google.android.gms
10-11 21:43:55.721 14875 28826 I Icing   : Indexing com.google.android.gms-internal.3p:DigitalDocument from com.google.android.gms
10-11 21:43:55.733 14875 28826 I Icing   : Indexing done com.google.android.gms-apps
10-11 21:43:55.738 14875 28826 I Icing   : Indexing done com.google.android.gms-internal.3p:MobileApplication
10-11 21:43:55.743 14875 28826 I Icing   : Indexing done com.google.android.gms-internal.3p:DigitalDocument
10-11 21:43:55.872 29086 29152 W FirefoxAccountStateMachine: Got invalid event Event$Init for state NotAuthenticated.
10-11 21:43:55.930 29086 29217 W LOTTIE  : Animation contains merge paths. Merge paths are only supported on KitKat+ and must be manually enabled by calling enableMergePathsForKitKatAndAbove().
10-11 21:43:55.933 29086 29086 I zygote  : Deoptimizing java.lang.Object androidx.collection.SimpleArrayMap.put(java.lang.Object, java.lang.Object) due to JIT inline cache
10-11 21:43:55.964 29086 29091 I zygote  : Do full code cache collection, code=111KB, data=91KB
10-11 21:43:55.966 29086 29091 I zygote  : After code cache collection, code=93KB, data=62KB
10-11 21:43:55.991 29086 29105 I Gecko   : 1570844635988	addons.xpi	WARN	List of valid built-in add-ons could not be parsed.: [Exception... "Component returned failure code: 0x80520012 (NS_ERROR_FILE_NOT_FOUND) [nsIXPCComponents_Utils.readUTF8URI]"  nsresult: "0x80520012 (NS_ERROR_FILE_NOT_FOUND)"  location: "JS frame :: resource://gre/modules/addons/XPIProvider.jsm :: startup :: line 2362"  data: no] Stack trace: startup()@resource://gre/modules/addons/XPIProvider.jsm:2362
10-11 21:43:55.991 29086 29105 I Gecko   : callProvider()@resource://gre/modules/AddonManager.jsm:213
10-11 21:43:55.991 29086 29105 I Gecko   : _startProvider()@resource://gre/modules/AddonManager.jsm:649
10-11 21:43:55.991 29086 29105 I Gecko   : startup()@resource://gre/modules/AddonManager.jsm:873
10-11 21:43:55.991 29086 29105 I Gecko   : startup()@resource://gre/modules/AddonManager.jsm:3469
10-11 21:43:55.991 29086 29105 I Gecko   : observe()@resource://gre/modules/addonManager.js:86
10-11 21:43:55.999 29086 29105 I Gecko   : 1570844635998	addons.xpi	WARN	No list of valid system add-ons found.
10-11 21:43:56.128  1456  1673 I ActivityManager: Displayed org.mozilla.fenix.nightly/org.mozilla.fenix.HomeActivity: +740ms (total +1s694ms)
10-11 21:43:56.137 29086 29086 W LOTTIE  : Animation contains merge paths but they are disabled.
10-11 21:43:56.188 29086 29105 D GeckoThread: State changed to PROFILE_READY
10-11 21:43:56.299 29086 29105 W GeckoEventDispatcher: No listener for AndroidCastDevice:SyncDevice
10-11 21:43:56.306 29086 29105 I Gecko   : -*- nsDNSServiceDiscovery.js : nsDNSServiceDiscovery
10-11 21:43:56.409 29086 29105 W ResourceType: Too many attribute references, stopped at: 0x01010099
10-11 21:43:56.457 29086 29105 I Gecko   : Attempting load of libEGL.so
10-11 21:43:56.650 29086 29086 D GeckoNetworkManager: Incoming event enableNotifications for state OnNoListeners -> OnWithListeners
10-11 21:43:56.652 29086 29086 D GeckoNetworkManager: New network state: UP, WIFI, WIFI
10-11 21:43:56.653 29086 29086 D GeckoNetworkManager: Incoming event receivedUpdate for state OnWithListeners -> OnWithListeners
10-11 21:43:56.654 29086 29086 D GeckoNetworkManager: New network state: UP, WIFI, WIFI
10-11 21:43:56.657 29086 29105 W GeckoLinker: /data/app/org.mozilla.fenix.nightly-6O5PRnAwbPcz27YfLYQsOw==/lib/arm/libsoftokn3.so: unhandled flags #8 not handled
10-11 21:43:56.658 29086 29105 W GeckoLinker: /data/app/org.mozilla.fenix.nightly-6O5PRnAwbPcz27YfLYQsOw==/lib/arm/libsoftokn3.so: Relocation to NULL @0x00025ffc for symbol "__cxa_type_match"
10-11 21:43:56.659 29086 29105 W GeckoLinker: /data/app/org.mozilla.fenix.nightly-6O5PRnAwbPcz27YfLYQsOw==/lib/arm/libfreebl3.so: unhandled flags #8 not handled
10-11 21:43:56.660 29086 29105 W GeckoLinker: /data/app/org.mozilla.fenix.nightly-6O5PRnAwbPcz27YfLYQsOw==/lib/arm/libfreebl3.so: Relocation to NULL @0x00040ffc for symbol "__cxa_type_match"
10-11 21:43:56.693 29086 29245 W GeckoLinker: /data/app/org.mozilla.fenix.nightly-6O5PRnAwbPcz27YfLYQsOw==/lib/arm/libnssckbi.so: unhandled flags #8 not handled
10-11 21:43:56.694 29086 29245 W GeckoLinker: /data/app/org.mozilla.fenix.nightly-6O5PRnAwbPcz27YfLYQsOw==/lib/arm/libnssckbi.so: Relocation to NULL @0x00050ffc for symbol "__cxa_type_match"
10-11 21:43:56.917 29086 29211 D experiments: Fetched experiments from https://firefox.settings.services.mozilla.com/v1/buckets/main/collections/mobile-experiments/records?_since=1566233826256:
10-11 21:43:56.917 29086 29211 D experiments: {"data":[]}
10-11 21:43:56.918 29086 29211 I experiments: Experiments update from server: ExperimentsSnapshot(experiments=[Experiment(id=fenix-test-2019-08-05, description=End-to-end test of the Mobiles Experiments platform for Firefox Preview., lastModified=1566233826256, schemaModified=1566228455761, buckets=Buckets(start=0, count=667), branches=[Branch(name=a, ratio=1), Branch(name=b, ratio=1), Branch(name=c, ratio=1)], match=Matcher(appId=^org.mozilla.fenix$, appDisplayVersion=null, appMinVersion=null, appMaxVersion=null, localeLanguage=null, localeCountry=null, deviceManufacturer=null, deviceModel=null, regions=[], debugTags=[]))], lastModified=1566233826256)
10-11 21:43:56.925 29086 29211 I experiments: onExperimentsUpdated - no experiment currently active, looking for match
10-11 21:43:56.932 29086 29103 I WM-WorkerWrapper: Worker result SUCCESS for Work [ id=79c411d8-ce5d-4c79-be0d-e72d6b6b1f73, tags={ mozilla.components.service.experiments.ExperimentsUpdaterWorker, mozilla.components.service.experiments } ]
10-11 21:43:57.009 29124 29149 D GeckoThread: State changed to MOZGLUE_READY
10-11 21:43:57.017 29124 29149 W Settings: Setting animator_duration_scale has moved from android.provider.Settings.System to android.provider.Settings.Global, returning read-only global URI.
10-11 21:43:57.018 29124 29149 E GeckoLibLoad: Load sqlite start
10-11 21:43:57.036 29124 29149 W GeckoLinker: /data/app/org.mozilla.fenix.nightly-6O5PRnAwbPcz27YfLYQsOw==/lib/arm/libnss3.so: unhandled flags #8 not handled
10-11 21:43:57.040 29124 29149 W GeckoLinker: /data/app/org.mozilla.fenix.nightly-6O5PRnAwbPcz27YfLYQsOw==/lib/arm/libnss3.so: Relocation to NULL @0x00133ffc for symbol "__cxa_type_match"
10-11 21:43:57.041 29124 29149 E GeckoLibLoad: Load sqlite done
10-11 21:43:57.041 29124 29149 E GeckoLibLoad: Load nss start
10-11 21:43:57.041 29124 29149 E GeckoLibLoad: Load nss done
10-11 21:43:57.041 29124 29149 W GeckoLinker: /data/app/org.mozilla.fenix.nightly-6O5PRnAwbPcz27YfLYQsOw==/lib/arm/libxul.so: unhandled flags #8 not handled
10-11 21:43:57.042 29124 29149 W GeckoLinker: /data/app/org.mozilla.fenix.nightly-6O5PRnAwbPcz27YfLYQsOw==/lib/arm/liblgpllibs.so: unhandled flags #8 not handled
10-11 21:43:57.050 29086 29105 D GeckoThread: State changed to RUNNING
10-11 21:43:57.051 29086 29105 I GeckoSession: zerdatime 3372710512 - chrome startup finished
10-11 21:43:57.059 29086 29208 D glean/ConceptFetchHttpUploader: Ping successfully sent (200)
10-11 21:43:57.060 29086 29208 D glean/PingStorageEngine: 53deca00-b961-4bcc-a554-ee48af5ab037 was deleted: true
10-11 21:43:57.061 29086 29119 I WM-WorkerWrapper: Worker result SUCCESS for Work [ id=50ba1808-5400-41f2-ba15-954503533c58, tags={ mozac_service_glean_ping_upload_worker, mozilla.components.service.glean.scheduler.PingUploadWorker } ]
10-11 21:43:57.067  1456  2067 D ConnectivityService: releasing NetworkRequest [ TRACK_DEFAULT id=1055, [ Capabilities: INTERNET&NOT_RESTRICTED&TRUSTED&NOT_VPN] ] (release request)
10-11 21:43:57.074 29124 29149 E GeckoLibLoad: Loaded libs in 32.624378ms total, 26ms(26ms) user, 6ms(6ms) system, 0(0) faults
10-11 21:43:57.074 29124 29149 D GeckoThread: State changed to LIBS_READY
10-11 21:43:57.074 29124 29149 W GeckoThread: zerdatime 3372710535 - runGecko
10-11 21:43:57.227 29086 29105 W ResourceType: Too many attribute references, stopped at: 0x01010099
10-11 21:43:57.610 29124 29149 D GeckoThread: State changed to RUNNING
10-11 21:43:57.716 29086 29086 D App     : Installed browser-icons extension
10-11 21:43:57.717 29086 29086 D mozac-webextensions: Installed extension: mozacWebchannel
10-11 21:43:57.717 29086 29086 D mozac-webextensions: Installed extension: mozacReaderview
10-11 21:43:57.777 29086 29086 D GeckoSession: handleMessage GeckoView:PageStart uri=about:blank
10-11 21:43:57.791 29086 29086 D GeckoSession: handleMessage GeckoView:LocationChange uri=about:blank
10-11 21:43:57.791 29086 29086 D GeckoSession: handleMessage GeckoView:PageStop uri=null
10-11 21:43:57.796 29086 29086 I SessionStorage/AutoSave: Save: Load finished
10-11 21:43:57.803 29086 29109 D SessionStorage/AutoSave: Saved state to disk [7ms]
10-11 21:43:57.847 29086 29105 D GeckoScreenOrientation: unlocking
10-11 21:43:57.849 29086 29091 I zygote  : Do partial code cache collection, code=125KB, data=94KB
10-11 21:43:57.851 29086 29091 I zygote  : After code cache collection, code=125KB, data=94KB
10-11 21:43:57.852 29086 29091 I zygote  : Increasing code cache capacity to 512KB
10-11 21:43:57.859 29086 29086 D GeckoSession: handleMessage GeckoView:OnLoadRequest uri=about:blank
10-11 21:43:57.871 29086 29086 D GeckoSession: handleMessage GeckoView:OnLoadRequest uri=about:blank
10-11 21:43:57.966 29086 29086 D GeckoSession: handleMessage GeckoView:PageStart uri=about:blank
10-11 21:43:57.977 29086 29086 D GeckoSession: handleMessage GeckoView:PageStop uri=null
10-11 21:43:57.981 29086 29086 I SessionStorage/AutoSave: Save: Load finished
10-11 21:43:57.982 29086 29109 D SessionStorage/AutoSave: Delaying save (1815ms)
10-11 21:43:57.989 29086 29086 D GeckoSession: handleMessage GeckoView:PageStart uri=about:blank
10-11 21:43:58.006 29086 29086 D GeckoSession: handleMessage GeckoView:SecurityChanged uri=null
10-11 21:43:58.026 29086 29086 D mozac-webcompat: Installed WebCompat webextension: webcompat@mozilla.com
10-11 21:43:58.039 29086 29086 D GeckoSession: handleMessage GeckoView:PageStop uri=null
10-11 21:43:58.044 29086 29086 I SessionStorage/AutoSave: Save: Load finished
10-11 21:43:58.045 29086 29086 D SessionStorage/AutoSave: Skipping save, other job already in flight
10-11 21:43:58.450  2340  2441 I QCNEJ   : |CORE| CNE received action RSSI/Link Changed events: android.net.wifi.RSSI_CHANGED
10-11 21:43:58.451  2340  2441 D QCNEJ   : |CORE| Updating RSSI: -67
10-11 21:43:58.491   808   808 I SFPerfTracer:      triggers: (rate: 4:6754) (compose: 0:0) (post: 0:0) (render: 0:1) (23:172958 frames) (24:432709)
