12-05 22:00:05.774  1456  2196 I ActivityManager: Killing 22179:org.mozilla.fenix.performancetest/u0a493 (adj 0): stop org.mozilla.fenix.performancetest
12-05 22:00:05.777  1456  1605 W zygote  : kill(-22179, 9) failed: No such process
12-05 22:00:05.779  1456  2196 W ActivityManager: Force removing ActivityRecord{c199191 u0 org.mozilla.fenix.performancetest/org.mozilla.fenix.HomeActivity t4135}: app died, no saved state
12-05 22:00:05.780 22235 22235 I chatty  : uid=10493(org.mozilla.fenix.performancetest) expire 1 line
12-05 22:00:05.794  1456  1605 W zygote  : kill(-22179, 9) failed: No such process
12-05 22:00:05.810  1456  1605 W zygote  : kill(-22179, 9) failed: No such process
12-05 22:00:05.813  1456  7796 I OpenGLRenderer: Initialized EGL, version 1.4
12-05 22:00:05.814  1456  7796 D OpenGLRenderer: Swap behavior 2
12-05 22:00:05.823  1456  2196 I ActivityManager: moveHomeStack, setupComplete:true
12-05 22:00:05.826  1456  1605 W zygote  : kill(-22179, 9) failed: No such process
12-05 22:00:05.828  1456  2196 I ActivityManager: Killing 22235:org.mozilla.fenix.performancetest:tab/u0a493 (adj 0): stop org.mozilla.fenix.performancetest
12-05 22:00:05.864  2398  2398 D CarrierSvcBindHelper: No carrier app for: 0
12-05 22:00:05.865  2398  2398 D CarrierSvcBindHelper: No carrier app for: 1
12-05 22:00:05.875  1456  1605 W zygote  : kill(-22179, 9) failed: No such process
12-05 22:00:05.876  2748  2748 D Launcher.Utilities: Wakeup weather: Intent { act=com.motorola.launcher3.action.WAKEUP_WEATHER cmp=com.motorola.timeweatherwidget/com.motorola.commandcenter.weather.WakeUpService }
12-05 22:00:05.921  1456  2923 I WindowManager: WIN DEATH: Window{e60ebda u0 org.mozilla.fenix.performancetest/org.mozilla.fenix.HomeActivity}
12-05 22:00:05.930  1456  1456 I NotificationService: Cannot find enqueued record for key: 0|com.motorola.timeweatherwidget|1|null|10116
12-05 22:00:05.939  1456  1605 I chatty  : uid=1000(system) ActivityManager expire 3 lines
12-05 22:00:05.957  1456  1605 W zygote  : kill(-22179, 9) failed: No such process
12-05 22:00:05.957  1456  1605 I zygote  : Successfully killed process cgroup uid 10493 pid 22179 in 180ms
12-05 22:00:05.957  1456  1605 W zygote  : kill(-22235, 9) failed: No such process
12-05 22:00:05.959  1456  1673 W ActivityManager: setHasOverlayUi called on unknown pid: 22179
12-05 22:00:05.961   808   808 D SurfaceFlinger: duplicate layer name: changing com.android.launcher3/com.android.launcher3.CustomizationPanelLauncher to com.android.launcher3/com.android.launcher3.CustomizationPanelLauncher#1
12-05 22:00:05.968 24218  4519 W ThreadPoolDumper: Queue length for executor EventBus is now 11. Perhaps some tasks are too long, or the pool is too small.
12-05 22:00:05.972  1456  1605 W zygote  : kill(-22235, 9) failed: No such process
12-05 22:00:05.979  2360  2360 D MayaFrameworkProxyService: receive intent :Intent { act=android.intent.action.PACKAGE_CHANGED dat=package:org.mozilla.fenix.performancetest flg=0x45000010 (has extras) }
12-05 22:00:05.981  1456  1942 I InputReader: Reconfiguring input devices.  changes=0x00000010
12-05 22:00:05.981  1456  2916 I WifiService: getWifiEnabledState uid=10073
12-05 22:00:05.985  1456  1605 W zygote  : kill(-22235, 9) failed: No such process
12-05 22:00:05.997  1456  2916 D skia    : --- SkAndroidCodec::NewFromStream returned null
12-05 22:00:05.997  1456  2916 W WindowManager: Failed to load bitmap: /data/system_ce/0/snapshots/4135_reduced.jpg
12-05 22:00:06.001  1456  1605 W zygote  : kill(-22235, 9) failed: No such process
12-05 22:00:06.002  1456  1600 W ResourceType: No known package when getting value for resource number 0x7f080196
12-05 22:00:06.002  1456  1600 W ResourceType: No known package when getting value for resource number 0x7f1200f7
12-05 22:00:06.002  1456  1600 W ResourceType: No known package when getting value for resource number 0x7f1200f7
12-05 22:00:06.002  1456  1600 W ResourceType: No known package when getting value for resource number 0x7f080194
12-05 22:00:06.002  1456  1600 W ResourceType: No known package when getting value for resource number 0x7f1200f5
12-05 22:00:06.002  1456  1600 W ResourceType: No known package when getting value for resource number 0x7f1200f5
12-05 22:00:06.016  1456  1605 W zygote  : kill(-22235, 9) failed: No such process
12-05 22:00:06.020  1456  1456 I TelecomService: DefaultDialerCache: Refreshing default dialer for user 0: now com.android.dialer: DDC.oR@Mqc
12-05 22:00:06.024  1456  1600 W SearchableInfo: Invalid searchable metadata for com.google.android.gms/.nearby.sharing.ContactSelectActivity: Search label must be a resource reference.
12-05 22:00:06.030  1456  2915 I WifiService: getWifiEnabledState uid=10073
12-05 22:00:06.038  1456  1605 W zygote  : kill(-22235, 9) failed: No such process
12-05 22:00:06.047  1456  2915 I ActivityManager: START u0 {act=android.intent.action.VIEW dat=about:blank typ=text/html flg=0x10000000 cmp=org.mozilla.fenix.performancetest/org.mozilla.fenix.IntentReceiverActivity} from uid 2000
12-05 22:00:06.048   794   839 E ANDR-PERF-RESOURCEQS: Failed to apply optimization [4, 0]
12-05 22:00:06.057  1456  1605 W zygote  : kill(-22235, 9) failed: No such process
12-05 22:00:06.057  1456  1605 I zygote  : Successfully killed process cgroup uid 10493 pid 22235 in 99ms
12-05 22:00:06.058  2398  2398 D CarrierSvcBindHelper: No carrier app for: 0
12-05 22:00:06.058  2398  2398 D CarrierSvcBindHelper: No carrier app for: 1
12-05 22:00:06.066  2398  2398 E VvmPkgInstalledRcvr: cannot create TelephonyManager from ComponentInfo{com.android.phone/com.android.services.telephony.TelephonyConnectionService}, [****], UserHandle{0}
12-05 22:00:06.066  2398  2398 D ImsResolver: maybeAddedImsService, packageName: org.mozilla.fenix.performancetest
12-05 22:00:06.089 22017 22434 I ProvidersCache: Provider returned no roots. Possibly naughty: com.google.android.apps.docs.storage
12-05 22:00:06.103  1456  2921 I ActivityManager: Start proc 22444:org.mozilla.fenix.performancetest/u0a493 for activity org.mozilla.fenix.performancetest/org.mozilla.fenix.IntentReceiverActivity
12-05 22:00:06.108 22444 22444 I chatty  : uid=10493(org.mozilla.fenix.performancetest) expire 49 lines
12-05 22:00:06.264 23653 23758 I Icing   : IndexChimeraService.getServiceInterface callingPackage=com.google.android.gms componentName=AppsCorpus serviceId=36
12-05 22:00:06.269  1456  2915 W ActivityManager: getTaskSnapshot: taskId=4135 not found
12-05 22:00:06.275 23653 22010 W Icing   : No valid account for uploading user actions
12-05 22:00:06.299 23653 23798 I Icing   : IndexChimeraService.getServiceInterface callingPackage=com.google.android.gms componentName=null serviceId=30
12-05 22:00:06.352 23653 22010 I Icing   : Usage reports ok 1, Failed Usage reports 0, indexed 0, rejected 0
12-05 22:00:06.355 23653 22010 W Icing   : No valid account for uploading user actions
12-05 22:00:06.361 23653 22010 I Icing   : Usage reports ok 0, Failed Usage reports 0, indexed 0, rejected 0
12-05 22:00:06.412 22444 22470 I chatty  : uid=10493(org.mozilla.fenix.performancetest) expire 13 lines
12-05 22:00:06.475 24218 24230 I zygote  : CollectorTransition concurrent copying GC freed 9213(652KB) AllocSpace objects, 0(0B) LOS objects, 23% free, 76MB/100MB, paused 235us total 2.014s
12-05 22:00:06.654 22444 22482 I chatty  : uid=10493(org.mozilla.fenix.performancetest) expire 19 lines
12-05 22:00:06.796  1456  2923 I ActivityManager: Start proc 22492:org.mozilla.fenix.performancetest:tab/u0a493 for service org.mozilla.fenix.performancetest/org.mozilla.gecko.process.GeckoServiceChildProcess$tab
12-05 22:00:06.801 22492 22492 I chatty  : uid=10493(org.mozilla.fenix.performancetest) expire 2 lines
12-05 22:00:06.802 22444 22498 I chatty  : uid=10493(org.mozilla.fenix.performancetest) expire 9 lines
12-05 22:00:06.948 22444 22518 I chatty  : uid=10493(org.mozilla.fenix.performancetest) expire 1 line
12-05 22:00:06.965 22492 22519 I chatty  : uid=10493(org.mozilla.fenix.performancetest) expire 1 line
12-05 22:00:06.980 22444 22457 I chatty  : uid=10493(org.mozilla.fenix.performancetest) expire 6 lines
12-05 22:00:07.073 22444 22527 I chatty  : uid=10493(org.mozilla.fenix.performancetest) expire 3 lines
12-05 22:00:07.142  1456  2921 D ConnectivityService: requestNetwork for uid/pid:10493/22444 NetworkRequest [ TRACK_DEFAULT id=4843, [ Capabilities: INTERNET&NOT_RESTRICTED&TRUSTED&NOT_VPN] ]
12-05 22:00:07.144  1456  2099 D Ethernet: got request NetworkRequest [ TRACK_DEFAULT id=4843, [ Capabilities: INTERNET&NOT_RESTRICTED&TRUSTED&NOT_VPN] ] with score 60
12-05 22:00:07.144  1456  2054 D WIFI_UT : got request NetworkRequest [ TRACK_DEFAULT id=4843, [ Capabilities: INTERNET&NOT_RESTRICTED&TRUSTED&NOT_VPN] ] with score 60
12-05 22:00:07.145  2398  2398 D PhoneSwitcherNetworkRequstListener: got request NetworkRequest [ TRACK_DEFAULT id=4843, [ Capabilities: INTERNET&NOT_RESTRICTED&TRUSTED&NOT_VPN] ] with score 60
12-05 22:00:07.145  1456  2054 D WIFI    : got request NetworkRequest [ TRACK_DEFAULT id=4843, [ Capabilities: INTERNET&NOT_RESTRICTED&TRUSTED&NOT_VPN] ] with score 60
12-05 22:00:07.353 23653 22010 I Icing   : Indexing com.google.android.gms-apps from com.google.android.gms
12-05 22:00:07.411 23653 22010 I Icing   : Indexing done com.google.android.gms-apps
12-05 22:00:07.412 23653 22010 I Icing   : Indexing com.google.android.gms-internal.3p:MobileApplication from com.google.android.gms
12-05 22:00:07.423 23653 22010 I Icing   : Indexing com.google.android.gms-internal.3p:DigitalDocument from com.google.android.gms
12-05 22:00:07.424 22444 22444 I chatty  : uid=10493(org.mozilla.fenix.performancetest) expire 39 lines
12-05 22:00:07.436 23653 22010 I Icing   : Indexing done com.google.android.gms-internal.3p:MobileApplication
12-05 22:00:07.440 23653 22010 I Icing   : Indexing done com.google.android.gms-internal.3p:DigitalDocument
12-05 22:00:07.640  1456  1893 D BatteryService: uevent={POWER_SUPPLY_VOLTAGE_NOW=4242986, POWER_SUPPLY_CHARGE_RATE=Normal, POWER_SUPPLY_HEALTH=Good, POWER_SUPPLY_CURRENT_NOW=472409, POWER_SUPPLY_PRESENT=1, SUBSYSTEM=power_supply, POWER_SUPPLY_TEMP=295, SEQNUM=214256, ACTION=change, POWER_SUPPLY_NAME=battery, POWER_SUPPLY_STATUS=Charging, POWER_SUPPLY_CHARGE_COUNTER=2798584, POWER_SUPPLY_CAPACITY=99, DEVPATH=/devices/soc/qpnp-smbcharger-17/power_supply/battery}
12-05 22:00:07.646  2398  2398 D QtiCarrierConfigHelper: WARNING, no carrier configs on phone Id: 0
12-05 22:00:07.686 22444 22464 I chatty  : uid=10493(org.mozilla.fenix.performancetest) expire 1 line
12-05 22:00:07.698 22444 22482 I chatty  : uid=10493(org.mozilla.fenix.performancetest) expire 182 lines
12-05 22:00:07.706  1456  2915 I ActivityManager: START u0 {act=android.intent.action.VIEW dat=about:blank typ=text/html flg=0x10000000 cmp=org.mozilla.fenix.performancetest/org.mozilla.fenix.HomeActivity (has extras)} from uid 10493
12-05 22:00:07.726  1456  2915 I WifiService: getDhcpInfo uid=10493
12-05 22:00:07.759 22444 22518 I chatty  : uid=10493(org.mozilla.fenix.performancetest) expire 8 lines
12-05 22:00:07.771 22444 22568 I chatty  : uid=10493(org.mozilla.fenix.performancetest) expire 5 lines
12-05 22:00:07.874  1456  1673 I LaunchCheckinHandler: Displayed org.mozilla.fenix.performancetest/org.mozilla.fenix.IntentReceiverActivity,cp,ca,1788
12-05 22:00:08.395 22444 22457 I chatty  : uid=10493(org.mozilla.fenix.performancetest) expire 5 lines
12-05 22:00:08.596 22444 22558 I chatty  : uid=10493(org.mozilla.fenix.performancetest) expire 10 lines
12-05 22:00:08.671 22444 22585 I chatty  : uid=10493(org.mozilla.fenix.performancetest) expire 2 lines
12-05 22:00:08.698 22444 22577 I chatty  : uid=10493(org.mozilla.fenix.performancetest) expire 1 line
12-05 22:00:08.835 22444 22580 I chatty  : uid=10493(org.mozilla.fenix.performancetest) expire 1 line
12-05 22:00:08.842 22444 22498 I chatty  : uid=10493(org.mozilla.fenix.performancetest) expire 1 line
12-05 22:00:08.866 22444 22598 I chatty  : uid=10493(org.mozilla.fenix.performancetest) expire 4 lines
12-05 22:00:09.103 22492 22519 I chatty  : uid=10493(org.mozilla.fenix.performancetest) expire 45 lines
12-05 22:00:09.204 22444 22473 I chatty  : uid=10493(org.mozilla.fenix.performancetest) expire 1 line
12-05 22:00:09.243  1456  1673 I ActivityManager: Displayed org.mozilla.fenix.performancetest/org.mozilla.fenix.HomeActivity: +1s411ms (total +3s150ms)
12-05 22:00:09.389  1456  2067 D ConnectivityService: releasing NetworkRequest [ TRACK_DEFAULT id=4843, [ Capabilities: INTERNET&NOT_RESTRICTED&TRUSTED&NOT_VPN] ] (release request)
12-05 22:00:09.424   808   808 I SFPerfTracer:      triggers: (rate: 9:25011) (compose: 0:1) (post: 0:6) (render: 0:4) (7:624494 frames) (8:1277679)
12-05 22:00:09.425   808   808 D SFPerfTracer:        layers: (5:17) (NavigationBar#0 (0xb07df000): 0:83374) (StatusBar#0 (0xb07e3000): 0:684501) (com.android.systemui.ImageWallpaper#0 (0xb07e7000): 0:5862)* (Sprite#0 (0xb0733000): 0:317)* (DimLayerController/Stack=0#0 (0xb075a000): 0:3328)* (Sprite#1 (0xb077c000): 0:195)* (animation background stackId=1#0 (0xb0771000): 0:208)* (com.android.launcher3/com.android.launcher3.CustomizationPanelLauncher#0 (0xb0763000): 0:27)- (com.android.launcher3/com.android.launcher3.CustomizationPanelLauncher#1 (0xb0384000): 0:8)- (Splash Screen org.mozilla.fenix.performancetest#0 (0xb039b000): 0:34)- (org.mozilla.fenix.performancetest/org.mozilla.fenix.IntentReceiverActivity#0 (0xb03a5000): 0:7)- (org.mozilla.fenix.performancetest/org.mozilla.fenix.HomeActivity#0 (0xb03ae000): 0:40)- (com.android.launcher3/com.android.launcher3.CustomizationPanelLauncher#0 (0xb0763000): 0:17)* (com.android.launcher3/com.android.launcher3.CustomizationPanelLauncher#1 (0xb0384000): 0:6)* (Splash Screen org.mozilla.fenix.performancetest#0
12-05 22:00:09.485 22444 22491 I chatty  : uid=10493(org.mozilla.fenix.performancetest) expire 1 line
12-05 22:00:09.489  2748  2917 W OpenGLRenderer: Incorrectly called buildLayer on View: ShortcutAndWidgetContainer, destroying layer...
12-05 22:00:09.516 24218  4515 I PBSessionCacheImpl: Deleted sessionId[106513465717544179] from persistence.
12-05 22:00:09.527 24218 24289 W SearchServiceCore: Abort, client detached.
12-05 22:00:09.533  1456  2915 I WifiService: getWifiEnabledState uid=10073
12-05 22:00:09.621   808   898 I SFPerfTracer:      triggers: (rate: 0:0) (0 sw vsyncs) (0 skipped) (21:456000 vsyncs) (23:1287335)
12-05 22:00:10.209 22444 22470 I chatty  : uid=10493(org.mozilla.fenix.performancetest) expire 3 lines
12-05 22:00:16.190  1456  2923 I ActivityManager: Force stopping org.mozilla.fenix.performancetest appid=10493 user=0: from pid 22658
12-05 22:00:16.190  1456  2923 I ActivityManager: Killing 22444:org.mozilla.fenix.performancetest/u0a493 (adj 0): stop org.mozilla.fenix.performancetest
12-05 22:00:16.192  1456  1605 W zygote  : kill(-22444, 9) failed: No such process
12-05 22:00:16.194  1456  2923 W ActivityManager: Force removing ActivityRecord{64bcc95 u0 org.mozilla.fenix.performancetest/org.mozilla.fenix.HomeActivity t4136}: app died, no saved state
12-05 22:00:16.194 22492 22492 I chatty  : uid=10493(org.mozilla.fenix.performancetest) expire 1 line
12-05 22:00:16.208  1456  1605 W zygote  : kill(-22444, 9) failed: No such process
12-05 22:00:16.222  1456  1605 W zygote  : kill(-22444, 9) failed: No such process
12-05 22:00:16.227  1456  7796 I OpenGLRenderer: Initialized EGL, version 1.4
12-05 22:00:16.227  1456  7796 D OpenGLRenderer: Swap behavior 2
12-05 22:00:16.235  1456  2923 I ActivityManager: moveHomeStack, setupComplete:true
12-05 22:00:16.241  1456  1605 W zygote  : kill(-22444, 9) failed: No such process
12-05 22:00:16.242  1456  2923 I ActivityManager: Killing 22492:org.mozilla.fenix.performancetest:tab/u0a493 (adj 0): stop org.mozilla.fenix.performancetest
12-05 22:00:16.256  1456  1605 I chatty  : uid=1000(system) ActivityManager identical 1 line
12-05 22:00:16.280  1456  1605 W zygote  : kill(-22444, 9) failed: No such process
12-05 22:00:16.296  1456  2196 I WindowManager: WIN DEATH: Window{fd5a913 u0 org.mozilla.fenix.performancetest/org.mozilla.fenix.HomeActivity}
12-05 22:00:16.306  2748  2748 D Launcher.Utilities: Wakeup weather: Intent { act=com.motorola.launcher3.action.WAKEUP_WEATHER cmp=com.motorola.timeweatherwidget/com.motorola.commandcenter.weather.WakeUpService }
12-05 22:00:16.314  2398  2398 D CarrierSvcBindHelper: No carrier app for: 0
12-05 22:00:16.315  2398  2398 D CarrierSvcBindHelper: No carrier app for: 1
12-05 22:00:16.330  1456  1605 W zygote  : kill(-22444, 9) failed: No such process
12-05 22:00:16.331  1456  1605 I zygote  : Successfully killed process cgroup uid 10493 pid 22444 in 138ms
12-05 22:00:16.331  1456  1605 W zygote  : kill(-22492, 9) failed: No such process
12-05 22:00:16.346  1456  1605 W zygote  : kill(-22492, 9) failed: No such process
12-05 22:00:16.346  1456  1605 I zygote  : Successfully killed process cgroup uid 10493 pid 22492 in 14ms
12-05 22:00:16.349  1456  1673 W ActivityManager: setHasOverlayUi called on unknown pid: 22444
12-05 22:00:16.357   808   808 D SurfaceFlinger: duplicate layer name: changing com.android.launcher3/com.android.launcher3.CustomizationPanelLauncher to com.android.launcher3/com.android.launcher3.CustomizationPanelLauncher#1
12-05 22:00:16.400 24218  4519 W ThreadPoolDumper: Queue length for executor EventBus is now 11. Perhaps some tasks are too long, or the pool is too small.
12-05 22:00:16.402  1456  3925 I WifiService: getWifiEnabledState uid=10073
12-05 22:00:16.412  1456  1456 I NotificationService: Cannot find enqueued record for key: 0|com.motorola.timeweatherwidget|1|null|10116
12-05 22:00:16.422  1456  2921 I WifiService: getWifiEnabledState uid=10073
12-05 22:00:16.436 24218 24230 I zygote  : CollectorTransition concurrent copying GC freed 19298(1024KB) AllocSpace objects, 0(0B) LOS objects, 24% free, 75MB/99MB, paused 209us total 1.934s
12-05 22:00:16.458  1456  5027 I WifiService: getWifiEnabledState uid=10073
12-05 22:00:16.500  1456  7556 I ActivityManager: START u0 {act=android.intent.action.VIEW dat=about:blank typ=text/html flg=0x10000000 cmp=org.mozilla.fenix.performancetest/org.mozilla.fenix.IntentReceiverActivity} from uid 2000
12-05 22:00:16.500   794   839 E ANDR-PERF-RESOURCEQS: Failed to apply optimization [4, 0]
12-05 22:00:16.532  1456  2921 I ActivityManager: Start proc 22669:org.mozilla.fenix.performancetest/u0a493 for activity org.mozilla.fenix.performancetest/org.mozilla.fenix.IntentReceiverActivity
12-05 22:00:16.538 22669 22669 I chatty  : uid=10493(org.mozilla.fenix.performancetest) expire 68 lines
12-05 22:00:16.579  1456  1466 I zygote  : NativeAlloc concurrent copying GC freed 73857(4MB) AllocSpace objects, 47(2028KB) LOS objects, 42% free, 27MB/47MB, paused 291us total 352.203ms
12-05 22:00:16.784 22669 22686 I chatty  : uid=10493(org.mozilla.fenix.performancetest) expire 13 lines
12-05 22:00:17.033 22669 22700 I chatty  : uid=10493(org.mozilla.fenix.performancetest) expire 105 lines
12-05 22:00:17.175 22669 22709 I chatty  : uid=10493(org.mozilla.fenix.performancetest) expire 10 lines
12-05 22:00:17.183  1456 10962 I ActivityManager: Start proc 22712:org.mozilla.fenix.performancetest:tab/u0a493 for service org.mozilla.fenix.performancetest/org.mozilla.gecko.process.GeckoServiceChildProcess$tab
12-05 22:00:17.186 22712 22712 I chatty  : uid=10493(org.mozilla.fenix.performancetest) expire 2 lines
12-05 22:00:17.333 22669 22734 I chatty  : uid=10493(org.mozilla.fenix.performancetest) expire 9 lines
12-05 22:00:17.343 22712 22735 I chatty  : uid=10493(org.mozilla.fenix.performancetest) expire 18 lines
12-05 22:00:17.354 22669 22674 I chatty  : uid=10493(org.mozilla.fenix.performancetest) expire 11 lines
12-05 22:00:17.457 22669 22743 I chatty  : uid=10493(org.mozilla.fenix.performancetest) expire 3 lines
12-05 22:00:17.523  1456 10962 D ConnectivityService: requestNetwork for uid/pid:10493/22669 NetworkRequest [ TRACK_DEFAULT id=4844, [ Capabilities: INTERNET&NOT_RESTRICTED&TRUSTED&NOT_VPN] ]
12-05 22:00:17.526  1456  2099 D Ethernet: got request NetworkRequest [ TRACK_DEFAULT id=4844, [ Capabilities: INTERNET&NOT_RESTRICTED&TRUSTED&NOT_VPN] ] with score 60
12-05 22:00:17.526  1456  2054 D WIFI_UT : got request NetworkRequest [ TRACK_DEFAULT id=4844, [ Capabilities: INTERNET&NOT_RESTRICTED&TRUSTED&NOT_VPN] ] with score 60
12-05 22:00:17.526  1456  2054 D WIFI    : got request NetworkRequest [ TRACK_DEFAULT id=4844, [ Capabilities: INTERNET&NOT_RESTRICTED&TRUSTED&NOT_VPN] ] with score 60
12-05 22:00:17.527  2398  2398 D PhoneSwitcherNetworkRequstListener: got request NetworkRequest [ TRACK_DEFAULT id=4844, [ Capabilities: INTERNET&NOT_RESTRICTED&TRUSTED&NOT_VPN] ] with score 60
12-05 22:00:18.038 22669 22680 I chatty  : uid=10493(org.mozilla.fenix.performancetest) expire 1 line
12-05 22:00:18.113  1456  3925 I ActivityManager: START u0 {act=android.intent.action.VIEW dat=about:blank typ=text/html flg=0x10000000 cmp=org.mozilla.fenix.performancetest/org.mozilla.fenix.HomeActivity (has extras)} from uid 10493
12-05 22:00:18.127  1456  3925 I WifiService: getDhcpInfo uid=10493
12-05 22:00:18.180 22669 22788 I chatty  : uid=10493(org.mozilla.fenix.performancetest) expire 5 lines
12-05 22:00:18.291 22669 22791 I chatty  : uid=10493(org.mozilla.fenix.performancetest) expire 4 lines
12-05 22:00:18.293  1456  1673 I LaunchCheckinHandler: Displayed org.mozilla.fenix.performancetest/org.mozilla.fenix.IntentReceiverActivity,cp,ca,1776
12-05 22:00:19.005 22669 22774 I chatty  : uid=10493(org.mozilla.fenix.performancetest) expire 10 lines
12-05 22:00:19.094 22669 22793 I chatty  : uid=10493(org.mozilla.fenix.performancetest) expire 2 lines
12-05 22:00:19.122 22669 22798 I chatty  : uid=10493(org.mozilla.fenix.performancetest) expire 1 line
12-05 22:00:19.260 22669 22799 I chatty  : uid=10493(org.mozilla.fenix.performancetest) expire 1 line
12-05 22:00:19.592 22669 22685 I chatty  : uid=10493(org.mozilla.fenix.performancetest) expire 2 lines
12-05 22:00:19.650  1456  1673 I ActivityManager: Displayed org.mozilla.fenix.performancetest/org.mozilla.fenix.HomeActivity: +1s397ms (total +3s129ms)
12-05 22:00:19.808  1456  2067 D ConnectivityService: releasing NetworkRequest [ TRACK_DEFAULT id=4844, [ Capabilities: INTERNET&NOT_RESTRICTED&TRUSTED&NOT_VPN] ] (release request)
12-05 22:00:19.919   808   808 I SFPerfTracer:      triggers: (rate: 9:25020) (compose: 0:1) (post: 0:6) (render: 0:4) (0:624560 frames) (1:1277779)
12-05 22:00:19.919   808   808 D SFPerfTracer:        layers: (5:17) (NavigationBar#0 (0xb07df000): 0:83395) (StatusBar#0 (0xb07e3000): 0:684522) (com.android.systemui.ImageWallpaper#0 (0xb07e7000): 0:5864)* (Sprite#0 (0xb0733000): 0:317)* (DimLayerController/Stack=0#0 (0xb075a000): 0:3328)* (Sprite#1 (0xb077c000): 0:195)* (animation background stackId=1#0 (0xb0771000): 0:208)* (com.android.launcher3/com.android.launcher3.CustomizationPanelLauncher#0 (0xb0763000): 0:17)- (com.android.launcher3/com.android.launcher3.CustomizationPanelLauncher#1 (0xb0384000): 0:6)- (Splash Screen org.mozilla.fenix.performancetest#0 (0xb039b000): 0:34)- (org.mozilla.fenix.performancetest/org.mozilla.fenix.IntentReceiverActivity#0 (0xb03a5000): 0:6)- (org.mozilla.fenix.performancetest/org.mozilla.fenix.HomeActivity#0 (0xb03ae000): 0:37)- (com.android.launcher3/com.android.launcher3.CustomizationPanelLauncher#0 (0xb0763000): 0:17)* (com.android.launcher3/com.android.launcher3.CustomizationPanelLauncher#1 (0xb0384000): 0:7)* (Splash Screen org.mozilla.fenix.performancetest#0
12-05 22:00:19.936  2748  2917 W OpenGLRenderer: Incorrectly called buildLayer on View: ShortcutAndWidgetContainer, destroying layer...
12-05 22:00:19.952 24218  4515 I PBSessionCacheImpl: Deleted sessionId[106513465717544180] from persistence.
12-05 22:00:19.956  1456  3925 I WifiService: getWifiEnabledState uid=10073
12-05 22:00:19.957 24218 24289 W SearchServiceCore: Abort, client detached.
12-05 22:00:20.142 22712 22735 I chatty  : uid=10493(org.mozilla.fenix.performancetest) expire 28 lines
12-05 22:00:20.409 22669 22669 I chatty  : uid=10493(org.mozilla.fenix.performancetest) expire 20 lines
12-05 22:00:20.512 22669 22700 I chatty  : uid=10493(org.mozilla.fenix.performancetest) expire 94 lines
12-05 22:00:20.609 22669 22686 I chatty  : uid=10493(org.mozilla.fenix.performancetest) expire 2 lines
12-05 22:00:20.683   808   898 I SFPerfTracer:      triggers: (rate: 0:0) (0 sw vsyncs) (0 skipped) (0:456067 vsyncs) (1:1287436)
12-05 22:00:21.342  1456 10962 I ActivityManager: Killing 5868:com.google.android.videos/u0a117 (adj 906): empty #17
12-05 22:00:21.343  1456  1605 W zygote  : kill(-5868, 9) failed: No such process
12-05 22:00:21.375  1456  1605 I chatty  : uid=1000(system) ActivityManager identical 3 lines
12-05 22:00:21.390  1456  1605 W zygote  : kill(-5868, 9) failed: No such process
12-05 22:00:21.390  1456  1605 I zygote  : Successfully killed process cgroup uid 10117 pid 5868 in 47ms
12-05 22:00:22.631 22669 22769 I chatty  : uid=10493(org.mozilla.fenix.performancetest) expire 1 line
12-05 22:00:26.631  1456  2916 I ActivityManager: Force stopping org.mozilla.fenix.performancetest appid=10493 user=0: from pid 22877
12-05 22:00:26.631  1456  2916 I ActivityManager: Killing 22669:org.mozilla.fenix.performancetest/u0a493 (adj 0): stop org.mozilla.fenix.performancetest
12-05 22:00:26.633  1456  1605 W zygote  : kill(-22669, 9) failed: No such process
12-05 22:00:26.635  1456  2916 W ActivityManager: Force removing ActivityRecord{a303b0d u0 org.mozilla.fenix.performancetest/org.mozilla.fenix.HomeActivity t4137}: app died, no saved state
12-05 22:00:26.636 22712 22712 I chatty  : uid=10493(org.mozilla.fenix.performancetest) expire 1 line
12-05 22:00:26.648  1456  1605 W zygote  : kill(-22669, 9) failed: No such process
12-05 22:00:26.664  1456  1605 W zygote  : kill(-22669, 9) failed: No such process
12-05 22:00:26.670  1456  7796 I OpenGLRenderer: Initialized EGL, version 1.4
12-05 22:00:26.670  1456  7796 D OpenGLRenderer: Swap behavior 2
12-05 22:00:26.673  1456  2916 I ActivityManager: moveHomeStack, setupComplete:true
12-05 22:00:26.678  1456  1605 W zygote  : kill(-22669, 9) failed: No such process
12-05 22:00:26.679  1456  2916 I ActivityManager: Killing 22712:org.mozilla.fenix.performancetest:tab/u0a493 (adj 0): stop org.mozilla.fenix.performancetest
12-05 22:00:26.692  1456  1605 W zygote  : kill(-22669, 9) failed: No such process
12-05 22:00:26.703  2398  2398 D CarrierSvcBindHelper: No carrier app for: 0
12-05 22:00:26.707  1456  2915 I WindowManager: WIN DEATH: Window{dfebec5 u0 org.mozilla.fenix.performancetest/org.mozilla.fenix.HomeActivity}
12-05 22:00:26.708  1456  1605 W zygote  : kill(-22669, 9) failed: No such process
12-05 22:00:26.720  2398  2398 D CarrierSvcBindHelper: No carrier app for: 1
12-05 22:00:26.723   808   871 E SurfaceFlinger: Failed to find layer (org.mozilla.fenix.performancetest/org.mozilla.fenix.HomeActivity#0) in layer parent (no-parent).
12-05 22:00:26.725  2748  2748 D Launcher.Utilities: Wakeup weather: Intent { act=com.motorola.launcher3.action.WAKEUP_WEATHER cmp=com.motorola.timeweatherwidget/com.motorola.commandcenter.weather.WakeUpService }
12-05 22:00:26.764   808   808 D SurfaceFlinger: duplicate layer name: changing com.android.launcher3/com.android.launcher3.CustomizationPanelLauncher to com.android.launcher3/com.android.launcher3.CustomizationPanelLauncher#1
12-05 22:00:26.769  1456  1605 W zygote  : kill(-22669, 9) failed: No such process
12-05 22:00:26.770  1456  1605 I zygote  : Successfully killed process cgroup uid 10493 pid 22669 in 136ms
12-05 22:00:26.770  1456  1605 W zygote  : kill(-22712, 9) failed: No such process
12-05 22:00:26.776  1456  1673 W ActivityManager: setHasOverlayUi called on unknown pid: 22669
12-05 22:00:26.777  1456  1456 I NotificationService: Cannot find enqueued record for key: 0|com.motorola.timeweatherwidget|1|null|10116
12-05 22:00:26.802  1456  1605 W zygote  : kill(-22712, 9) failed: No such process
12-05 22:00:26.813 24218  4525 W ThreadPoolDumper: Queue length for executor EventBus is now 11. Perhaps some tasks are too long, or the pool is too small.
12-05 22:00:26.818  1456  1605 W zygote  : kill(-22712, 9) failed: No such process
12-05 22:00:26.823  1456  7556 I WifiService: getWifiEnabledState uid=10073
12-05 22:00:26.835  1456  1605 W zygote  : kill(-22712, 9) failed: No such process
12-05 22:00:26.839  2146  2165 I zygote  : NativeAlloc concurrent copying GC freed 28190(1355KB) AllocSpace objects, 0(0B) LOS objects, 49% free, 6MB/12MB, paused 172us total 127.682ms
12-05 22:00:26.849  1456  1605 W zygote  : kill(-22712, 9) failed: No such process
12-05 22:00:26.858  1456  7556 I WifiService: getWifiEnabledState uid=10073
12-05 22:00:26.884 24218 24230 I zygote  : CollectorTransition concurrent copying GC freed 16190(887KB) AllocSpace objects, 0(0B) LOS objects, 24% free, 75MB/99MB, paused 204us total 1.942s
12-05 22:00:26.887  1456  1605 W zygote  : kill(-22712, 9) failed: No such process
12-05 22:00:26.887  1456  3925 I ActivityManager: START u0 {act=android.intent.action.VIEW dat=about:blank typ=text/html flg=0x10000000 cmp=org.mozilla.fenix.performancetest/org.mozilla.fenix.IntentReceiverActivity} from uid 2000
12-05 22:00:26.887  1456  1605 I zygote  : Successfully killed process cgroup uid 10493 pid 22712 in 116ms
12-05 22:00:26.887   794   839 E ANDR-PERF-RESOURCEQS: Failed to apply optimization [4, 0]
12-05 22:00:26.915  1456  5027 I ActivityManager: Start proc 22886:org.mozilla.fenix.performancetest/u0a493 for activity org.mozilla.fenix.performancetest/org.mozilla.fenix.IntentReceiverActivity
12-05 22:00:26.921 22886 22886 I chatty  : uid=10493(org.mozilla.fenix.performancetest) expire 57 lines
12-05 22:00:27.157 22886 22903 I chatty  : uid=10493(org.mozilla.fenix.performancetest) expire 13 lines
12-05 22:00:27.394 22886 22915 I chatty  : uid=10493(org.mozilla.fenix.performancetest) expire 34 lines
12-05 22:00:27.531 22886 22925 I chatty  : uid=10493(org.mozilla.fenix.performancetest) expire 9 lines
12-05 22:00:27.550 22930 22930 I chatty  : uid=10493(org.mozilla.fenix.performancetest) expire 2 lines
12-05 22:00:27.555  1456  5027 I ActivityManager: Start proc 22930:org.mozilla.fenix.performancetest:tab/u0a493 for service org.mozilla.fenix.performancetest/org.mozilla.gecko.process.GeckoServiceChildProcess$tab
12-05 22:00:27.687 22886 22951 I chatty  : uid=10493(org.mozilla.fenix.performancetest) expire 9 lines
12-05 22:00:27.732 22930 22952 I chatty  : uid=10493(org.mozilla.fenix.performancetest) expire 1 line
12-05 22:00:27.736 22886 22891 I chatty  : uid=10493(org.mozilla.fenix.performancetest) expire 8 lines
12-05 22:00:27.818 22886 22960 I chatty  : uid=10493(org.mozilla.fenix.performancetest) expire 3 lines
12-05 22:00:27.887  1456  5027 D ConnectivityService: requestNetwork for uid/pid:10493/22886 NetworkRequest [ TRACK_DEFAULT id=4845, [ Capabilities: INTERNET&NOT_RESTRICTED&TRUSTED&NOT_VPN] ]
12-05 22:00:27.890  1456  2099 D Ethernet: got request NetworkRequest [ TRACK_DEFAULT id=4845, [ Capabilities: INTERNET&NOT_RESTRICTED&TRUSTED&NOT_VPN] ] with score 60
12-05 22:00:27.890  1456  2054 D WIFI_UT : got request NetworkRequest [ TRACK_DEFAULT id=4845, [ Capabilities: INTERNET&NOT_RESTRICTED&TRUSTED&NOT_VPN] ] with score 60
12-05 22:00:27.890  1456  2054 D WIFI    : got request NetworkRequest [ TRACK_DEFAULT id=4845, [ Capabilities: INTERNET&NOT_RESTRICTED&TRUSTED&NOT_VPN] ] with score 60
12-05 22:00:27.893  2398  2398 D PhoneSwitcherNetworkRequstListener: got request NetworkRequest [ TRACK_DEFAULT id=4845, [ Capabilities: INTERNET&NOT_RESTRICTED&TRUSTED&NOT_VPN] ] with score 60
12-05 22:00:28.381 22886 22897 I chatty  : uid=10493(org.mozilla.fenix.performancetest) expire 1 line
12-05 22:00:28.418  1456  5027 I ActivityManager: START u0 {act=android.intent.action.VIEW dat=about:blank typ=text/html flg=0x10000000 cmp=org.mozilla.fenix.performancetest/org.mozilla.fenix.HomeActivity (has extras)} from uid 10493
12-05 22:00:28.436  1456  5027 I WifiService: getDhcpInfo uid=10493
12-05 22:00:28.489 22886 23005 I chatty  : uid=10493(org.mozilla.fenix.performancetest) expire 3 lines
12-05 22:00:28.597  1456  1673 I LaunchCheckinHandler: Displayed org.mozilla.fenix.performancetest/org.mozilla.fenix.IntentReceiverActivity,cp,ca,1695
12-05 22:00:29.301 22886 22939 I chatty  : uid=10493(org.mozilla.fenix.performancetest) expire 10 lines
12-05 22:00:29.412 22886 23021 I chatty  : uid=10493(org.mozilla.fenix.performancetest) expire 2 lines
12-05 22:00:29.436 22886 23014 I chatty  : uid=10493(org.mozilla.fenix.performancetest) expire 1 line
12-05 22:00:29.520 22886 22925 I chatty  : uid=10493(org.mozilla.fenix.performancetest) expire 1 line
12-05 22:00:29.557 22886 22886 I chatty  : uid=10493(org.mozilla.fenix.performancetest) expire 31 lines
12-05 22:00:29.557 22886 23015 I chatty  : uid=10493(org.mozilla.fenix.performancetest) expire 1 line
12-05 22:00:29.561 22886 23034 I chatty  : uid=10493(org.mozilla.fenix.performancetest) expire 4 lines
12-05 22:00:29.817 22930 22952 I chatty  : uid=10493(org.mozilla.fenix.performancetest) expire 45 lines
12-05 22:00:29.857 22886 22915 I chatty  : uid=10493(org.mozilla.fenix.performancetest) expire 165 lines
12-05 22:00:29.862 22886 22891 I chatty  : uid=10493(org.mozilla.fenix.performancetest) expire 3 lines
12-05 22:00:29.901 22886 23005 I chatty  : uid=10493(org.mozilla.fenix.performancetest) expire 2 lines
12-05 22:00:29.915 22886 22921 I chatty  : uid=10493(org.mozilla.fenix.performancetest) expire 1 line
12-05 22:00:29.950  1456  1673 I ActivityManager: Displayed org.mozilla.fenix.performancetest/org.mozilla.fenix.HomeActivity: +1s388ms (total +3s41ms)
12-05 22:00:30.103  1456  2067 D ConnectivityService: releasing NetworkRequest [ TRACK_DEFAULT id=4845, [ Capabilities: INTERNET&NOT_RESTRICTED&TRUSTED&NOT_VPN] ] (release request)
12-05 22:00:30.203  2748  2917 W OpenGLRenderer: Incorrectly called buildLayer on View: ShortcutAndWidgetContainer, destroying layer...
12-05 22:00:30.222 24218  4515 I PBSessionCacheImpl: Deleted sessionId[106513465717544181] from persistence.
12-05 22:00:30.234  1456  2920 I WifiService: getWifiEnabledState uid=10073
12-05 22:00:30.238 22886 22923 I chatty  : uid=10493(org.mozilla.fenix.performancetest) expire 1 line
12-05 22:00:30.238 24218 24289 W SearchServiceCore: Abort, client detached.
12-05 22:00:30.942 22886 22903 I chatty  : uid=10493(org.mozilla.fenix.performancetest) expire 2 lines
12-05 22:00:31.131   808   808 I SFPerfTracer:      triggers: (rate: 9:25027) (compose: 0:1) (post: 0:6) (render: 0:4) (2:624623 frames) (3:1277880)
12-05 22:00:31.131   808   808 D SFPerfTracer:        layers: (4:16) (NavigationBar#0 (0xb07df000): 0:83415) (StatusBar#0 (0xb07e3000): 0:684542) (com.android.systemui.ImageWallpaper#0 (0xb07e7000): 0:5866)* (Sprite#0 (0xb0733000): 0:317)* (DimLayerController/Stack=0#0 (0xb075a000): 0:3328)* (Sprite#1 (0xb077c000): 0:195)* (animation background stackId=1#0 (0xb0771000): 0:208)* (com.android.launcher3/com.android.launcher3.CustomizationPanelLauncher#0 (0xb0763000): 0:17)- (com.android.launcher3/com.android.launcher3.CustomizationPanelLauncher#1 (0xb0384000): 0:7)- (org.mozilla.fenix.performancetest/org.mozilla.fenix.IntentReceiverActivity#0 (0xb03a5000): 0:7)- (org.mozilla.fenix.performancetest/org.mozilla.fenix.HomeActivity#0 (0xb03ae000): 0:37)- (com.android.launcher3/com.android.launcher3.CustomizationPanelLauncher#0 (0xb0763000): 0:12)- (com.android.launcher3/com.android.launcher3.CustomizationPanelLauncher#1 (0xb0384000): 0:6)- (Splash Screen org.mozilla.fenix.performancetest#0 (0xb039b000): 0:33)- 
12-05 22:00:31.426   808   898 I SFPerfTracer:      triggers: (rate: 0:0) (0 sw vsyncs) (0 skipped) (0:456133 vsyncs) (1:1287537)
12-05 22:00:32.962 22886 22904 I chatty  : uid=10493(org.mozilla.fenix.performancetest) expire 1 line
12-05 22:00:37.016  1456  2920 I ActivityManager: Force stopping org.mozilla.fenix.performancetest appid=10493 user=0: from pid 23094
12-05 22:00:37.017  1456  2920 I ActivityManager: Killing 22886:org.mozilla.fenix.performancetest/u0a493 (adj 0): stop org.mozilla.fenix.performancetest
12-05 22:00:37.018  1456  1605 W zygote  : kill(-22886, 9) failed: No such process
12-05 22:00:37.020  1456  2920 W ActivityManager: Force removing ActivityRecord{cded8c9 u0 org.mozilla.fenix.performancetest/org.mozilla.fenix.HomeActivity t4138}: app died, no saved state
12-05 22:00:37.021 22930 22930 I chatty  : uid=10493(org.mozilla.fenix.performancetest) expire 1 line
12-05 22:00:37.032  1456  1605 W zygote  : kill(-22886, 9) failed: No such process
12-05 22:00:37.048  1456  1605 W zygote  : kill(-22886, 9) failed: No such process
12-05 22:00:37.058  1456  7796 I OpenGLRenderer: Initialized EGL, version 1.4
12-05 22:00:37.058  1456  7796 D OpenGLRenderer: Swap behavior 2
12-05 22:00:37.062  1456  1605 W zygote  : kill(-22886, 9) failed: No such process
12-05 22:00:37.065  1456  2920 I ActivityManager: moveHomeStack, setupComplete:true
12-05 22:00:37.074  1456  2920 I ActivityManager: Killing 22930:org.mozilla.fenix.performancetest:tab/u0a493 (adj 0): stop org.mozilla.fenix.performancetest
12-05 22:00:37.120  1456  1605 I chatty  : uid=1000(system) ActivityManager identical 4 lines
12-05 22:00:37.138  1456  1605 W zygote  : kill(-22886, 9) failed: No such process
12-05 22:00:37.147  2748  2748 D Launcher.Utilities: Wakeup weather: Intent { act=com.motorola.launcher3.action.WAKEUP_WEATHER cmp=com.motorola.timeweatherwidget/com.motorola.commandcenter.weather.WakeUpService }
12-05 22:00:37.153  2398  2398 D CarrierSvcBindHelper: No carrier app for: 0
12-05 22:00:37.154  1456  1605 W zygote  : kill(-22886, 9) failed: No such process
12-05 22:00:37.154  2398  2398 D CarrierSvcBindHelper: No carrier app for: 1
12-05 22:00:37.171  1456  3927 I WindowManager: WIN DEATH: Window{133d801 u0 org.mozilla.fenix.performancetest/org.mozilla.fenix.HomeActivity}
12-05 22:00:37.192  1456  1605 W zygote  : kill(-22886, 9) failed: No such process
12-05 22:00:37.204   808   808 D SurfaceFlinger: duplicate layer name: changing com.android.launcher3/com.android.launcher3.CustomizationPanelLauncher to com.android.launcher3/com.android.launcher3.CustomizationPanelLauncher#1
12-05 22:00:37.205  1456  1605 W zygote  : kill(-22886, 9) failed: No such process
12-05 22:00:37.213 24218 24230 I zygote  : CollectorTransition concurrent copying GC freed 16206(922KB) AllocSpace objects, 0(0B) LOS objects, 24% free, 75MB/99MB, paused 206us total 1.999s
12-05 22:00:37.220  1456  1673 W ActivityManager: setHasOverlayUi called on unknown pid: 22886
12-05 22:00:37.222 24218  4525 W ThreadPoolDumper: Queue length for executor EventBus is now 11. Perhaps some tasks are too long, or the pool is too small.
12-05 22:00:37.237  1456  1456 I NotificationService: Cannot find enqueued record for key: 0|com.motorola.timeweatherwidget|1|null|10116
12-05 22:00:37.240  1456  4679 I WifiService: getWifiEnabledState uid=10073
12-05 22:00:37.240  1456  1605 W zygote  : kill(-22886, 9) failed: No such process
12-05 22:00:37.241  1456  1605 I zygote  : Successfully killed process cgroup uid 10493 pid 22886 in 222ms
12-05 22:00:37.241  1456  1605 W zygote  : kill(-22930, 9) failed: No such process
12-05 22:00:37.242  1456  1605 I zygote  : Successfully killed process cgroup uid 10493 pid 22930 in 0ms
12-05 22:00:37.273  1456  3927 I WifiService: getWifiEnabledState uid=10073
12-05 22:00:37.301   794   839 E ANDR-PERF-RESOURCEQS: Failed to apply optimization [4, 0]
12-05 22:00:37.302  1456  4829 I ActivityManager: START u0 {act=android.intent.action.VIEW dat=about:blank typ=text/html flg=0x10000000 cmp=org.mozilla.fenix.performancetest/org.mozilla.fenix.IntentReceiverActivity} from uid 2000
12-05 22:00:37.326  1456  3927 I ActivityManager: Start proc 23103:org.mozilla.fenix.performancetest/u0a493 for activity org.mozilla.fenix.performancetest/org.mozilla.fenix.IntentReceiverActivity
12-05 22:00:37.330 23103 23103 I chatty  : uid=10493(org.mozilla.fenix.performancetest) expire 17 lines
12-05 22:00:37.392  1456  1466 I zygote  : NativeAlloc concurrent copying GC freed 35451(2MB) AllocSpace objects, 28(1072KB) LOS objects, 42% free, 27MB/47MB, paused 256us total 333.910ms
12-05 22:00:37.574 23103 23120 I chatty  : uid=10493(org.mozilla.fenix.performancetest) expire 13 lines
12-05 22:00:37.823 23103 23134 I chatty  : uid=10493(org.mozilla.fenix.performancetest) expire 16 lines
12-05 22:00:37.961 23103 23142 I chatty  : uid=10493(org.mozilla.fenix.performancetest) expire 1 line
12-05 22:00:37.969  1456  4829 I ActivityManager: Start proc 23145:org.mozilla.fenix.performancetest:tab/u0a493 for service org.mozilla.fenix.performancetest/org.mozilla.gecko.process.GeckoServiceChildProcess$tab
12-05 22:00:37.977 23145 23145 I chatty  : uid=10493(org.mozilla.fenix.performancetest) expire 2 lines
12-05 22:00:37.985 23103 23103 I chatty  : uid=10493(org.mozilla.fenix.performancetest) expire 55 lines
12-05 22:00:38.004 23103 23142 I chatty  : uid=10493(org.mozilla.fenix.performancetest) expire 9 lines
12-05 22:00:38.118 23103 23168 I chatty  : uid=10493(org.mozilla.fenix.performancetest) expire 9 lines
12-05 22:00:38.139 23103 23108 I chatty  : uid=10493(org.mozilla.fenix.performancetest) expire 11 lines
12-05 22:00:38.147 23145 23169 I chatty  : uid=10493(org.mozilla.fenix.performancetest) expire 31 lines
12-05 22:00:38.241 23103 23177 I chatty  : uid=10493(org.mozilla.fenix.performancetest) expire 3 lines
12-05 22:00:38.306  1456  4829 D ConnectivityService: requestNetwork for uid/pid:10493/23103 NetworkRequest [ TRACK_DEFAULT id=4846, [ Capabilities: INTERNET&NOT_RESTRICTED&TRUSTED&NOT_VPN] ]
12-05 22:00:38.308  1456  2099 D Ethernet: got request NetworkRequest [ TRACK_DEFAULT id=4846, [ Capabilities: INTERNET&NOT_RESTRICTED&TRUSTED&NOT_VPN] ] with score 60
12-05 22:00:38.308  1456  2054 D WIFI_UT : got request NetworkRequest [ TRACK_DEFAULT id=4846, [ Capabilities: INTERNET&NOT_RESTRICTED&TRUSTED&NOT_VPN] ] with score 60
12-05 22:00:38.309  1456  2054 D WIFI    : got request NetworkRequest [ TRACK_DEFAULT id=4846, [ Capabilities: INTERNET&NOT_RESTRICTED&TRUSTED&NOT_VPN] ] with score 60
12-05 22:00:38.309  2398  2398 D PhoneSwitcherNetworkRequstListener: got request NetworkRequest [ TRACK_DEFAULT id=4846, [ Capabilities: INTERNET&NOT_RESTRICTED&TRUSTED&NOT_VPN] ] with score 60
12-05 22:00:38.369 23103 23134 I chatty  : uid=10493(org.mozilla.fenix.performancetest) expire 122 lines
12-05 22:00:38.839 23103 23114 I chatty  : uid=10493(org.mozilla.fenix.performancetest) expire 1 line
12-05 22:00:38.847  1456  2236 I ActivityManager: START u0 {act=android.intent.action.VIEW dat=about:blank typ=text/html flg=0x10000000 cmp=org.mozilla.fenix.performancetest/org.mozilla.fenix.HomeActivity (has extras)} from uid 10493
12-05 22:00:38.868  1456  4679 I WifiService: getDhcpInfo uid=10493
12-05 22:00:38.915 23103 23218 I chatty  : uid=10493(org.mozilla.fenix.performancetest) expire 5 lines
12-05 22:00:39.031  1456  1673 I LaunchCheckinHandler: Displayed org.mozilla.fenix.performancetest/org.mozilla.fenix.IntentReceiverActivity,cp,ca,1718
12-05 22:00:39.738 23103 23211 I chatty  : uid=10493(org.mozilla.fenix.performancetest) expire 10 lines
12-05 22:00:39.839 23103 23234 I chatty  : uid=10493(org.mozilla.fenix.performancetest) expire 2 lines
12-05 22:00:39.862 23103 23227 I chatty  : uid=10493(org.mozilla.fenix.performancetest) expire 1 line
12-05 22:00:39.985 23103 23248 I chatty  : uid=10493(org.mozilla.fenix.performancetest) expire 4 lines
12-05 22:00:39.987 23103 23228 I chatty  : uid=10493(org.mozilla.fenix.performancetest) expire 1 line
12-05 22:00:40.314 23103 23123 I chatty  : uid=10493(org.mozilla.fenix.performancetest) expire 1 line
12-05 22:00:40.363  1456  1673 I ActivityManager: Displayed org.mozilla.fenix.performancetest/org.mozilla.fenix.HomeActivity: +1s372ms (total +3s44ms)
12-05 22:00:40.514  1456  2067 D ConnectivityService: releasing NetworkRequest [ TRACK_DEFAULT id=4846, [ Capabilities: INTERNET&NOT_RESTRICTED&TRUSTED&NOT_VPN] ] (release request)
12-05 22:00:40.606 23103 23126 I chatty  : uid=10493(org.mozilla.fenix.performancetest) expire 1 line
12-05 22:00:40.644  2748  2917 W OpenGLRenderer: Incorrectly called buildLayer on View: ShortcutAndWidgetContainer, destroying layer...
12-05 22:00:40.664  1456  2236 I WifiService: getWifiEnabledState uid=10073
12-05 22:00:40.665 24218  4515 I PBSessionCacheImpl: Deleted sessionId[106513465717544182] from persistence.
12-05 22:00:40.674 24218 24289 W SearchServiceCore: Abort, client detached.
12-05 22:00:41.274 23103 23134 I chatty  : uid=10493(org.mozilla.fenix.performancetest) expire 61 lines
12-05 22:00:41.274 23145 23169 I chatty  : uid=10493(org.mozilla.fenix.performancetest) expire 15 lines
12-05 22:00:41.281 23103 23103 I chatty  : uid=10493(org.mozilla.fenix.performancetest) expire 16 lines
12-05 22:00:41.333 23103 23120 I chatty  : uid=10493(org.mozilla.fenix.performancetest) expire 3 lines
12-05 22:00:47.429  1456  2236 I ActivityManager: Force stopping org.mozilla.fenix.performancetest appid=10493 user=0: from pid 23308
12-05 22:00:47.430  1456  2236 I ActivityManager: Killing 23103:org.mozilla.fenix.performancetest/u0a493 (adj 0): stop org.mozilla.fenix.performancetest
12-05 22:00:47.432  1456  1605 W zygote  : kill(-23103, 9) failed: No such process
12-05 22:00:47.433  1456  2236 W ActivityManager: Force removing ActivityRecord{aa176cb u0 org.mozilla.fenix.performancetest/org.mozilla.fenix.HomeActivity t4139}: app died, no saved state
12-05 22:00:47.434 23145 23145 I chatty  : uid=10493(org.mozilla.fenix.performancetest) expire 1 line
12-05 22:00:47.448  1456  1605 W zygote  : kill(-23103, 9) failed: No such process
12-05 22:00:47.465  1456  1605 W zygote  : kill(-23103, 9) failed: No such process
12-05 22:00:47.474  1456  7796 I OpenGLRenderer: Initialized EGL, version 1.4
12-05 22:00:47.474  1456  7796 D OpenGLRenderer: Swap behavior 2
12-05 22:00:47.478  1456  2236 I ActivityManager: moveHomeStack, setupComplete:true
12-05 22:00:47.481  1456  1605 W zygote  : kill(-23103, 9) failed: No such process
12-05 22:00:47.483  1456  2236 I ActivityManager: Killing 23145:org.mozilla.fenix.performancetest:tab/u0a493 (adj 0): stop org.mozilla.fenix.performancetest
12-05 22:00:47.495  1456  1605 I chatty  : uid=1000(system) ActivityManager identical 1 line
12-05 22:00:47.503   808   808 I SFPerfTracer:      triggers: (rate: 9:25040) (compose: 0:1) (post: 0:6) (render: 0:4) (1:624687 frames) (2:1277981)
12-05 22:00:47.504   808   808 D SFPerfTracer:        layers: (4:13) (NavigationBar#0 (0xb07df000): 0:83434) (StatusBar#0 (0xb07e3000): 0:684561) (com.android.systemui.ImageWallpaper#0 (0xb07e7000): 0:5868)* (Sprite#0 (0xb0733000): 0:317)* (DimLayerController/Stack=0#0 (0xb075a000): 0:3328)* (Sprite#1 (0xb077c000): 0:195)* (animation background stackId=1#0 (0xb0771000): 0:208)* (org.mozilla.fenix.performancetest/org.mozilla.fenix.HomeActivity#0 (0xb03ae000): 0:39)- (com.android.launcher3/com.android.launcher3.CustomizationPanelLauncher#0 (0xb0763000): 0:14)- (com.android.launcher3/com.android.launcher3.CustomizationPanelLauncher#1 (0xb0384000): 0:7)- (Splash Screen org.mozilla.fenix.performancetest#0 (0xb039b000): 0:34)- (org.mozilla.fenix.performancetest/org.mozilla.fenix.IntentReceiverActivity#0 (0xb03a5000): 0:6)- (org.mozilla.fenix.performancetest/org.mozilla.fenix.HomeActivity#0 (0xb03ae000): 2:34) 
12-05 22:00:47.513  1456  2196 I WindowManager: WIN DEATH: Window{4a7f443 u0 org.mozilla.fenix.performancetest/org.mozilla.fenix.HomeActivity}
12-05 22:00:47.513  1456  1605 W zygote  : kill(-23103, 9) failed: No such process
12-05 22:00:47.514  2748  2748 D Launcher.Utilities: Wakeup weather: Intent { act=com.motorola.launcher3.action.WAKEUP_WEATHER cmp=com.motorola.timeweatherwidget/com.motorola.commandcenter.weather.WakeUpService }
12-05 22:00:47.524  2398  2398 D CarrierSvcBindHelper: No carrier app for: 0
12-05 22:00:47.525  2398  2398 D CarrierSvcBindHelper: No carrier app for: 1
12-05 22:00:47.534  1456  1605 W zygote  : kill(-23103, 9) failed: No such process
12-05 22:00:47.548  1456  1605 W zygote  : kill(-23103, 9) failed: No such process
12-05 22:00:47.548  1456  1605 I zygote  : Successfully killed process cgroup uid 10493 pid 23103 in 117ms
12-05 22:00:47.549  1456  1605 W zygote  : kill(-23145, 9) failed: No such process
12-05 22:00:47.562   808   808 D SurfaceFlinger: duplicate layer name: changing com.android.launcher3/com.android.launcher3.CustomizationPanelLauncher to com.android.launcher3/com.android.launcher3.CustomizationPanelLauncher#1
12-05 22:00:47.572  1456  1673 W ActivityManager: setHasOverlayUi called on unknown pid: 23103
12-05 22:00:47.573 24218 24230 I zygote  : CollectorTransition concurrent copying GC freed 16127(935KB) AllocSpace objects, 0(0B) LOS objects, 24% free, 75MB/99MB, paused 229us total 1.923s
12-05 22:00:47.577 24218 18830 W ThreadPoolDumper: Queue length for executor EventBus is now 11. Perhaps some tasks are too long, or the pool is too small.
12-05 22:00:47.579  1456  1456 I NotificationService: Cannot find enqueued record for key: 0|com.motorola.timeweatherwidget|1|null|10116
12-05 22:00:47.594  1456  5050 I WifiService: getWifiEnabledState uid=10073
12-05 22:00:47.605  1456  1605 W zygote  : kill(-23145, 9) failed: No such process
12-05 22:00:47.605  1456  1605 I zygote  : Successfully killed process cgroup uid 10493 pid 23145 in 56ms
12-05 22:00:47.622  1456  4679 I WifiService: getWifiEnabledState uid=10073
12-05 22:00:47.680  1456  5050 I ActivityManager: START u0 {act=android.intent.action.VIEW dat=about:blank typ=text/html flg=0x10000000 cmp=org.mozilla.fenix.performancetest/org.mozilla.fenix.IntentReceiverActivity} from uid 2000
12-05 22:00:47.680   794   839 E ANDR-PERF-RESOURCEQS: Failed to apply optimization [4, 0]
