12-29 21:45:03.476  1456  2401 I ActivityManager: Killing 9966:org.mozilla.fenix.performancetest/u0a650 (adj 700): stop org.mozilla.fenix.performancetest
12-29 21:45:03.479  1456  1605 W zygote  : kill(-9966, 9) failed: No such process
12-29 21:45:03.480  1456  2401 W ActivityManager: Force removing ActivityRecord{c82b083 u0 org.mozilla.fenix.performancetest/org.mozilla.fenix.HomeActivity t13930}: app died, no saved state
12-29 21:45:03.490  1456  2401 I ActivityManager: Killing 10004:org.mozilla.fenix.performancetest:tab/u0a650 (adj 0): stop org.mozilla.fenix.performancetest
12-29 21:45:03.494  7723  7723 I Finsky  : [2] puo.onTrimMemory(1): Memory trim requested to level 80
12-29 21:45:03.495  1456  1605 W zygote  : kill(-9966, 9) failed: No such process
12-29 21:45:03.500  2398  2398 D CarrierSvcBindHelper: No carrier app for: 0
12-29 21:45:03.501  2398  2398 D CarrierSvcBindHelper: No carrier app for: 1
12-29 21:45:03.511  1456  1605 W zygote  : kill(-9966, 9) failed: No such process
12-29 21:45:03.558  1456  1605 I chatty  : uid=1000(system) ActivityManager identical 3 lines
12-29 21:45:03.563  1456  1673 W ActivityManager: setHasOverlayUi called on unknown pid: 9966
12-29 21:45:03.574  1456  1605 W zygote  : kill(-9966, 9) failed: No such process
12-29 21:45:03.574  1456  1605 I zygote  : Successfully killed process cgroup uid 10650 pid 9966 in 95ms
12-29 21:45:03.574  1456  1605 W zygote  : kill(-10004, 9) failed: No such process
12-29 21:45:03.574  1456  1605 I zygote  : Successfully killed process cgroup uid 10650 pid 10004 in 0ms
12-29 21:45:03.599  1456  7570 I ActivityManager: START u0 {act=android.intent.action.MAIN cat=[android.intent.category.LAUNCHER] flg=0x10000000 cmp=org.mozilla.fenix.performancetest/org.mozilla.fenix.HomeActivity} from uid 2000
12-29 21:45:03.600   794   839 E ANDR-PERF-RESOURCEQS: Failed to apply optimization [4, 0]
12-29 21:45:03.620  1456  4679 I ActivityManager: Start proc 10167:org.mozilla.fenix.performancetest/u0a650 for activity org.mozilla.fenix.performancetest/org.mozilla.fenix.HomeActivity
12-29 21:45:03.624 10167 10167 I chatty  : uid=10650(org.mozilla.fenix.performancetest) expire 59 lines
12-29 21:45:03.718 23700 23889 I MicroDetectionState: Should stop hotword detection immediately - false
12-29 21:45:03.719 23700 23889 I MicroDetector: Keeping mic open: false
12-29 21:45:03.719 23700 27113 E DeviceStateChecker: DeviceStateChecker cancelled
12-29 21:45:03.719 23700 23889 I RecognitionAudioControl: #shutdownAudio [requestId: 8953180795367588192, keepAudioOpen: false, forced: true]
12-29 21:45:03.719 23700 23889 I RecognitionAudioControl: #internalShutdownAudio [requestId: 8953180795367588192]
12-29 21:45:03.719 23700 23889 I RecognitionAudioControl: #internalShutdownAudio [keepAudioOpen: false, forced: true]
12-29 21:45:03.719 23700 23889 I RecognitionAudioControl: #actualShutdownAudio
12-29 21:45:03.719 23700 23889 I AudioController: #shutdown [requestId=8953180795367588192]
12-29 21:45:03.719 23700  6727 I AudioController: internalShutdown
12-29 21:45:03.720 23700 10133 I MicroRecognitionRunner: Stopping hotword detection.
12-29 21:45:03.781   788  1401 D audio_hw_primary: disable_audio_route: usecase(9) reset and update mixer path: audio-record
12-29 21:45:03.782   788  1401 D audio_hw_primary: disable_snd_device: snd_device(120: voice-rec-mic)
12-29 21:45:03.784  1012  4818 D APM_AudioPolicyManager: stopInput() input 61966, session 62017
12-29 21:45:03.785   788   788 D audio_hw_primary: in_set_parameters: enter: kvpairs=routing=0
12-29 21:45:03.787 23700  6727 I MicrophoneInputStream: mic_close  SR : 16000 CC : 16 SO : 1999
12-29 21:45:03.787 23700  6727 E AudioSource: Stop listening is called on already closed AudioSource
12-29 21:45:03.788 23700  7538 I MicroRecognitionRunner: Detection finished
12-29 21:45:03.854 10167 10185 I chatty  : uid=10650(org.mozilla.fenix.performancetest) expire 13 lines
12-29 21:45:04.068 10167 10197 I chatty  : uid=10650(org.mozilla.fenix.performancetest) expire 28 lines
12-29 21:45:04.201  1456  4679 I ActivityManager: Start proc 10207:org.mozilla.fenix.performancetest:tab/u0a650 for service org.mozilla.fenix.performancetest/org.mozilla.gecko.process.GeckoServiceChildProcess$tab
12-29 21:45:04.207 10207 10207 I chatty  : uid=10650(org.mozilla.fenix.performancetest) expire 2 lines
12-29 21:45:04.210 10167 10213 I chatty  : uid=10650(org.mozilla.fenix.performancetest) expire 10 lines
12-29 21:45:04.369 10207 10232 I chatty  : uid=10650(org.mozilla.fenix.performancetest) expire 1 line
12-29 21:45:04.509 10167 10172 I chatty  : uid=10650(org.mozilla.fenix.performancetest) expire 6 lines
12-29 21:45:04.887 10167 10261 I chatty  : uid=10650(org.mozilla.fenix.performancetest) expire 5 lines
12-29 21:45:05.329  1456  2920 I WifiService: getDhcpInfo uid=10650
12-29 21:45:05.485 10167 10197 I chatty  : uid=10650(org.mozilla.fenix.performancetest) expire 64 lines
12-29 21:45:05.815 10167 10172 I chatty  : uid=10650(org.mozilla.fenix.performancetest) expire 5 lines
12-29 21:45:05.930 10167 10305 I chatty  : uid=10650(org.mozilla.fenix.performancetest) expire 2 lines
12-29 21:45:05.964   808   898 I SFPerfTracer:      triggers: (rate: 0:0) (0 sw vsyncs) (0 skipped) (0:1324967 vsyncs) (1:2552192)
12-29 21:45:06.139 10167 10167 I chatty  : uid=10650(org.mozilla.fenix.performancetest) expire 11 lines
12-29 21:45:06.358  1456  1673 I LaunchCheckinHandler: Displayed org.mozilla.fenix.performancetest/org.mozilla.fenix.HomeActivity,cp,ca,2749
12-29 21:45:06.358  1456  1673 I ActivityManager: Displayed org.mozilla.fenix.performancetest/org.mozilla.fenix.HomeActivity: +2s744ms
12-29 21:45:06.459 10167 10336 I chatty  : uid=10650(org.mozilla.fenix.performancetest) expire 4 lines
12-29 21:45:06.471 23700 23700 I MemoryTrimmer: Trimming objects from memory, since app is in the background.
12-29 21:45:06.476  7723  7723 I Finsky  : [2] puo.onTrimMemory(1): Memory trim requested to level 80
12-29 21:45:06.479 23700 23700 I MemoryTrimmer: Trimming objects from memory, since app is in the background.
12-29 21:45:06.480 23700  8713 I PBSessionCacheImpl: Deleted sessionId[104235279871153616] from persistence.
12-29 21:45:06.486  1456  2920 I WifiService: getWifiEnabledState uid=10073
12-29 21:45:06.492 23700 23889 W SearchServiceCore: Abort, client detached.
12-29 21:45:06.756 10167 10203 I chatty  : uid=10650(org.mozilla.fenix.performancetest) expire 1 line
12-29 21:45:09.256 10339 10339 D AndroidRuntime: >>>>>> START com.android.internal.os.RuntimeInit uid 2000 <<<<<<
12-29 21:45:09.269 10339 10339 W app_process: Could not reserve sentinel fault page
12-29 21:45:09.434 10339 10339 I app_process: The ClassLoaderContext is a special shared library.
12-29 21:45:09.509 10339 10339 D AndroidRuntime: Calling main entry com.android.commands.input.Input
12-29 21:45:09.513 10339 10339 I Input   : injectKeyEvent: KeyEvent { action=ACTION_DOWN, keyCode=KEYCODE_HOME, scanCode=0, metaState=0, flags=0x0, repeatCount=0, eventTime=10121138238, downTime=10121138238, deviceId=-1, source=0x101 }
12-29 21:45:09.522 10339 10339 I Input   : injectKeyEvent: KeyEvent { action=ACTION_UP, keyCode=KEYCODE_HOME, scanCode=0, metaState=0, flags=0x0, repeatCount=0, eventTime=10121138238, downTime=10121138238, deviceId=-1, source=0x101 }
12-29 21:45:09.528  1456  1941 I ActivityManager: START u0 {act=android.intent.action.MAIN cat=[android.intent.category.HOME] flg=0x10200000 cmp=com.android.launcher3/.CustomizationPanelLauncher (has extras)} from uid 1000
12-29 21:45:09.528   794   839 E ANDR-PERF-RESOURCEQS: Failed to apply optimization [4, 0]
12-29 21:45:09.539  1456  1941 I ActivityManager: moveHomeStack, setupComplete:true
12-29 21:45:09.545 23700 23821 I Adreno  : QUALCOMM build                   : bb5b86c, I77d3059488
12-29 21:45:09.545 23700 23821 I Adreno  : Build Date                       : 06/07/18
12-29 21:45:09.545 23700 23821 I Adreno  : OpenGL ES Shader Compiler Version: EV031.22.00.01_06
12-29 21:45:09.545 23700 23821 I Adreno  : Local Branch                     : 
12-29 21:45:09.545 23700 23821 I Adreno  : Remote Branch                    : refs/tags/AU_LINUX_ANDROID_LA.UM.6.5.R1.08.01.00.312.086
12-29 21:45:09.545 23700 23821 I Adreno  : Remote Branch                    : NONE
12-29 21:45:09.545 23700 23821 I Adreno  : Reconstruct Branch               : NOTHING
12-29 21:45:09.548 23700 23821 D vndksupport: Loading /vendor/lib/hw/gralloc.msm8937.so from current namespace instead of sphal namespace.
12-29 21:45:09.549 10339 10339 D AndroidRuntime: Shutting down VM
12-29 21:45:09.551 23700 23821 I Adreno  : PFP: 0x005ff087, ME: 0x005ff063
12-29 21:45:09.555 23700 23821 I zygote  : android::hardware::configstore::V1_0::ISurfaceFlingerConfigs::hasWideColorDisplay retrieved: 0
12-29 21:45:09.556 23700 23821 I OpenGLRenderer: Initialized EGL, version 1.4
12-29 21:45:09.556 23700 23821 D OpenGLRenderer: Swap behavior 2
12-29 21:45:09.561  2748  2748 D Launcher.Utilities: Wakeup weather: Intent { act=com.motorola.launcher3.action.WAKEUP_WEATHER cmp=com.motorola.timeweatherwidget/com.motorola.commandcenter.weather.WakeUpService }
12-29 21:45:09.577  1456  1456 I NotificationService: Cannot find enqueued record for key: 0|com.motorola.timeweatherwidget|1|null|10116
12-29 21:45:09.581   808   808 D SurfaceFlinger: duplicate layer name: changing com.android.launcher3/com.android.launcher3.CustomizationPanelLauncher to com.android.launcher3/com.android.launcher3.CustomizationPanelLauncher#1
12-29 21:45:09.592 23700 27113 W ThreadPoolDumper: Queue length for executor EventBus is now 11. Perhaps some tasks are too long, or the pool is too small.
12-29 21:45:09.595  1456  2402 I WifiService: getWifiEnabledState uid=10073
12-29 21:45:09.602  1456  2402 I WifiService: getWifiEnabledState uid=10073
12-29 21:45:09.639 23700 23889 I MicroDetectionState: Should stop hotword detection immediately - false
12-29 21:45:09.644 23700 23889 I MicroDetectionWorker: #startMicroDetector [speakerMode: 0]
12-29 21:45:09.647 23700 23889 I AudioController: Created new AudioSource
12-29 21:45:09.664  1456  1673 I LaunchCheckinHandler: Displayed com.android.launcher3/.CustomizationPanelLauncher,wp,wa,136
12-29 21:45:09.665 23700 23889 I MicroDetectionWorker: onReady
12-29 21:45:09.665 23700  6726 I MicroDataManager: isInitializedWithLatestParams-true
12-29 21:45:09.665 23700  6726 I MicroDataManager: isInitializing-false locale not changed-true model not changed-true
12-29 21:45:09.666 23700  6726 I MicroDataManager: Already initialized, obtaining the hotword data immediately.
12-29 21:45:09.671 23700  7538 I MicroRecognitionRunner: Starting detection.
12-29 21:45:09.672 23700  7538 I InputStreamUtils: Using micInputStream
12-29 21:45:09.672 23700  8713 I MicrophoneInputStream: mic_starting  SR : 16000 CC : 16 SO : 1999
12-29 21:45:09.680   788   788 V msm8974_platform: platform_check_input_mask: enter check_input_mask source 6 mask 10
12-29 21:45:09.682  1012 10362 I AudioFlinger: AudioFlinger's thread 0xb2483040 tid=10362 ready to run
12-29 21:45:09.687   788   788 D audio_hw_primary: in_set_parameters: enter: kvpairs=input_source=6;routing=-2147483644
12-29 21:45:09.688  1012 10158 D APM_AudioPolicyManager: AudioPolicyManager::startInput() input 61974, session 62025, source = 1999
12-29 21:45:09.688 23700  8713 I MicrophoneInputStream: mic_started  SR : 16000 CC : 16 SO : 1999
12-29 21:45:09.689   788 10364 V msm8974_platform: platform_update_usecase_from_source: input source :6
12-29 21:45:09.689   788 10364 V msm8974_platform: platform_check_input_mask: enter check_input_mask source 6 mask 10
12-29 21:45:09.689   788 10364 V msm8974_platform: platform_get_input_snd_device: enter: out_device(0) in_device(0x4) channel_count (1) channel_mask (0x10)
12-29 21:45:09.689   788 10364 V msm8974_platform: platform_get_input_snd_device: exit: in_snd_device(voice-rec-mic)
12-29 21:45:09.689   788 10364 V msm8974_platform: platform_get_backend_index:napb: backend port - 5 device - 120 
12-29 21:45:09.689   788 10364 V msm8974_platform: platform_check_and_set_capture_backend_cfg:txbecf: afe: bitwidth 0, samplerate 0, channel 1, backend_idx 5 usecase = 9 device (voice-rec-mic)
12-29 21:45:09.689   788 10364 V msm8974_platform: platform_check_capture_backend_cfg:txbecf: afe: Codec selected backend: 5 current bit width: 0 and sample rate: 0, channels 1
12-29 21:45:09.689   788 10364 V msm8974_platform: platform_check_capture_backend_cfg:txbecf: afe: Codec selected backend: 5 updated bit width: 0 and sample rate: 0
12-29 21:45:09.689   788 10364 I msm8974_platform: platform_check_capture_backend_cfg:txbecf: afe: Codec backend needs to be updated. new bit width: 0 new sample rate: 0 new channel: 1
12-29 21:45:09.690   788 10364 V msm8974_platform: platform_get_backend_index:napb: backend port - 5 device - 120 
12-29 21:45:09.690   788 10364 V msm8974_platform: platform_set_backend_cfg:becf: afe: bitwidth 0, samplerate 0 channels 1, backend_idx 5 device (voice-rec-mic)
12-29 21:45:09.691   788 10364 E msm8974_platform: platform_set_backend_cfg:becf: afe: Could not get ctl for mixer command - SLIM_0_TX Format
12-29 21:45:09.691   788 10364 V msm8974_platform: platform_send_audio_calibration: sending audio calibration for snd_device(120) acdb_id(62)
12-29 21:45:09.691   788 10364 D ACDB-LOADER: ACDB -> send_audio_cal, acdb_id = 62, path = 1, app id = 0x11130, sample rate = 48000
12-29 21:45:09.691   788 10364 D ACDB-LOADER: ACDB -> send_asm_topology
12-29 21:45:09.691   788 10364 D ACDB-LOADER: ACDB -> ACDB_CMD_GET_AUDPROC_STREAM_TOPOLOGY_ID
12-29 21:45:09.691   788 10364 D ACDB-LOADER: ACDB -> send_adm_topology
12-29 21:45:09.691   788 10364 D ACDB-LOADER: ACDB -> ACDB_CMD_GET_AUDPROC_COMMON_TOPOLOGY_ID
12-29 21:45:09.691   788 10364 D ACDB-LOADER: ACDB -> send_audtable
12-29 21:45:09.691   788 10364 D ACDB-LOADER: ACDB -> ACDB_CMD_GET_AUDPROC_COMMON_TABLE_SIZE
12-29 21:45:09.691   788 10364 D ACDB-LOADER: ACDB -> ACDB_CMD_GET_AUDPROC_COMMON_TABLE
12-29 21:45:09.691   788 10364 D ACDB-LOADER: ACDB -> AUDIO_SET_AUDPROC_CAL
12-29 21:45:09.691   788 10364 D ACDB-LOADER: ACDB -> send_audvoltable
12-29 21:45:09.691   788 10364 D ACDB-LOADER: ACDB -> ACDB_CMD_GET_AUDPROC_VOL_STEP_TABLE_SIZE
12-29 21:45:09.691   788 10364 D ACDB-LOADER: ACDB -> ACDB_CMD_GET_AUDPROC_GAIN_DEP_STEP_TABLE, vol index 0
12-29 21:45:09.691   788 10364 D         : Failed to fetch the lookup information of the device 0000003E 
12-29 21:45:09.692   788 10364 D ACDB-LOADER: ACDB -> AUDIO_SET_VOL_CAL cal type = 12
12-29 21:45:09.692   788 10364 D ACDB-LOADER: ACDB -> ACDB_CMD_GET_AUDPROC_STREAM_TABLE_SIZE
12-29 21:45:09.692   788 10364 D ACDB-LOADER: ACDB -> send_audstrmtable
12-29 21:45:09.692   788 10364 D ACDB-LOADER: ACDB -> ACDB_CMD_GET_AUDPROC_STREAM_TABLE_V2
12-29 21:45:09.692   788 10364 D ACDB-LOADER: ACDB -> audstrm_cal->cal_type.cal_data.cal_size = 456
12-29 21:45:09.692   788 10364 D ACDB-LOADER: ACDB -> send_afe_topology
12-29 21:45:09.692   788 10364 D ACDB-LOADER: ACDB -> ACDB_CMD_GET_AFE_TOPOLOGY_ID
12-29 21:45:09.692   788 10364 D ACDB-LOADER: ACDB -> GET_AFE_TOPOLOGY_ID for adcd_id 62, Topology Id 112fb
12-29 21:45:09.692   788 10364 D ACDB-LOADER: ACDB -> send_afe_cal
12-29 21:45:09.692   788 10364 D ACDB-LOADER: ACDB -> ACDB_CMD_GET_AFE_COMMON_TABLE_SIZE
12-29 21:45:09.692   788 10364 D         : Failed to fetch the lookup information of the device 0000003E 
12-29 21:45:09.692   788 10364 E ACDB-LOADER: Error: ACDB_CMD_GET_AFE_COMMON_TABLE_SIZE Returned = -19
12-29 21:45:09.692   788 10364 D ACDB-LOADER: ACDB -> ACDB_CMD_GET_AFE_COMMON_TABLE
12-29 21:45:09.692   788 10364 D         : Failed to fetch the lookup information of the device 0000003E 
12-29 21:45:09.692   788 10364 D ACDB-LOADER: ACDB -> AUDIO_SET_AFE_CAL
12-29 21:45:09.692   788 10364 D ACDB-LOADER: ACDB -> send_hw_delay : acdb_id = 62 path = 1
12-29 21:45:09.692   788 10364 D ACDB-LOADER: ACDB -> ACDB_AVSYNC_INFO: ACDB_CMD_GET_DEVICE_PROPERTY
12-29 21:45:09.692   788 10364 D audio_hw_primary: enable_snd_device: snd_device(120: voice-rec-mic)
12-29 21:45:09.692   788 10364 D audio_route: Apply path: voice-rec-mic
12-29 21:45:09.697   788 10364 V msm8974_platform: platform_get_snd_device_backend_index: enter with device 120
12-29 21:45:09.697   788 10364 E msm8974_platform: platform_get_snd_device_backend_index: BE DAI Name Table is not present
12-29 21:45:09.697   788 10364 V msm8974_platform: platform_get_backend_index:napb: backend port - 5 device - 120 
12-29 21:45:09.697   788 10364 I audio_hw_utils: Set Audio Stream Capture 0 App Type Cfg: app_type 69936, acdb_dev_id 62, sample_rate 48000, snd_device_be_idx -14
12-29 21:45:09.697   788 10364 D audio_hw_primary: enable_audio_route: usecase(9) apply and update mixer path: audio-record
12-29 21:45:09.697   788 10364 D audio_route: Apply path: audio-record
12-29 21:45:09.767 23700 23889 I MicroDetectionWorker: onReady
12-29 21:45:09.781  2146  2165 I zygote  : NativeAlloc concurrent copying GC freed 18453(1015KB) AllocSpace objects, 0(0B) LOS objects, 49% free, 8MB/16MB, paused 187us total 107.223ms
12-29 21:45:10.082  1456  7796 I OpenGLRenderer: Initialized EGL, version 1.4
12-29 21:45:10.082  1456  7796 D OpenGLRenderer: Swap behavior 2
12-29 21:45:10.112  2748  2917 W OpenGLRenderer: Incorrectly called buildLayer on View: ShortcutAndWidgetContainer, destroying layer...
12-29 21:45:10.239 10167 10185 I chatty  : uid=10650(org.mozilla.fenix.performancetest) expire 1 line
12-29 21:45:10.250 10167 10270 I chatty  : uid=10650(org.mozilla.fenix.performancetest) expire 6 lines
12-29 21:45:10.279   808   808 I SFPerfTracer:      triggers: (rate: 49:56498) (compose: 0:5) (post: 0:13) (render: 0:9) (6:1461326 frames) (7:2522324)
12-29 21:45:10.279   808   808 D SFPerfTracer:        layers: (4:12) (NavigationBar#0 (0xb07df000): 0:333534) (StatusBar#0 (0xb07e3000): 0:1029497) (com.android.systemui.ImageWallpaper#0 (0xb07e7000): 0:26372) (Sprite#0 (0xb0733000): 0:317)* (DimLayerController/Stack=0#0 (0xb075a000): 0:3501)* (Sprite#1 (0xb077c000): 0:195)* (com.android.launcher3/com.android.launcher3.CustomizationPanelLauncher#0 (0xb0763000): 0:39)- (com.android.launcher3/com.android.launcher3.CustomizationPanelLauncher#1 (0xb0771000): 0:14)- (Splash Screen org.mozilla.fenix.performancetest#0 (0xb0384000): 0:31)- (org.mozilla.fenix.performancetest/org.mozilla.fenix.HomeActivity#0 (0xb039b000): 0:46)- (com.android.launcher3/com.android.launcher3.CustomizationPanelLauncher#0 (0xb0763000): 7:37)* (com.android.launcher3/com.android.launcher3.CustomizationPanelLauncher#1 (0xb0771000): 1:6) 
12-29 21:45:10.321  7723  7723 I Finsky  : [2] puo.onTrimMemory(1): Memory trim requested to level 80
12-29 21:45:10.330  1456  7570 D ConnectivityService: requestNetwork for uid/pid:10650/10167 NetworkRequest [ TRACK_DEFAULT id=14997, [ Capabilities: INTERNET&NOT_RESTRICTED&TRUSTED&NOT_VPN] ]
12-29 21:45:10.332  1456  2099 D Ethernet: got request NetworkRequest [ TRACK_DEFAULT id=14997, [ Capabilities: INTERNET&NOT_RESTRICTED&TRUSTED&NOT_VPN] ] with score 60
12-29 21:45:10.332  1456  2054 D WIFI_UT : got request NetworkRequest [ TRACK_DEFAULT id=14997, [ Capabilities: INTERNET&NOT_RESTRICTED&TRUSTED&NOT_VPN] ] with score 60
12-29 21:45:10.332  1456  2054 D WIFI    : got request NetworkRequest [ TRACK_DEFAULT id=14997, [ Capabilities: INTERNET&NOT_RESTRICTED&TRUSTED&NOT_VPN] ] with score 60
12-29 21:45:10.332  2398  2398 D PhoneSwitcherNetworkRequstListener: got request NetworkRequest [ TRACK_DEFAULT id=14997, [ Capabilities: INTERNET&NOT_RESTRICTED&TRUSTED&NOT_VPN] ] with score 60
12-29 21:45:10.359 10167 10368 I chatty  : uid=10650(org.mozilla.fenix.performancetest) expire 9 lines
12-29 21:45:10.373  1456  1466 I zygote  : NativeAlloc concurrent copying GC freed 57749(3MB) AllocSpace objects, 24(864KB) LOS objects, 42% free, 30MB/53MB, paused 150us total 290.898ms
12-29 21:45:10.857 10167 10188 I chatty  : uid=10650(org.mozilla.fenix.performancetest) expire 1 line
12-29 21:45:10.867  1456  2067 D ConnectivityService: releasing NetworkRequest [ TRACK_DEFAULT id=14997, [ Capabilities: INTERNET&NOT_RESTRICTED&TRUSTED&NOT_VPN] ] (release request)
12-29 21:45:10.929 23700 23714 I zygote  : Background concurrent copying GC freed 92951(4MB) AllocSpace objects, 5(1448KB) LOS objects, 49% free, 18MB/37MB, paused 138us total 263.432ms
12-29 21:45:11.775  2398  2398 D QtiCarrierConfigHelper: WARNING, no carrier configs on phone Id: 0
12-29 21:45:14.696  1456  2402 I ActivityManager: Force stopping org.mozilla.fenix.performancetest appid=10650 user=0: from pid 10372
12-29 21:45:14.696  1456  2402 I ActivityManager: Killing 10167:org.mozilla.fenix.performancetest/u0a650 (adj 700): stop org.mozilla.fenix.performancetest
12-29 21:45:14.698  1456  1605 W zygote  : kill(-10167, 9) failed: No such process
12-29 21:45:14.698  1456  2402 W ActivityManager: Force removing ActivityRecord{354f997 u0 org.mozilla.fenix.performancetest/org.mozilla.fenix.HomeActivity t13931}: app died, no saved state
12-29 21:45:14.699 10207 10207 I chatty  : uid=10650(org.mozilla.fenix.performancetest) expire 1 line
12-29 21:45:14.707  1456  2402 I ActivityManager: Killing 10207:org.mozilla.fenix.performancetest:tab/u0a650 (adj 0): stop org.mozilla.fenix.performancetest
12-29 21:45:14.714  1456  1605 W zygote  : kill(-10167, 9) failed: No such process
12-29 21:45:14.719  2398  2398 D CarrierSvcBindHelper: No carrier app for: 0
12-29 21:45:14.719  2398  2398 D CarrierSvcBindHelper: No carrier app for: 1
12-29 21:45:14.730  1456  1605 W zygote  : kill(-10167, 9) failed: No such process
12-29 21:45:14.767  1456  1605 I chatty  : uid=1000(system) ActivityManager identical 3 lines
12-29 21:45:14.767  1456  1673 W ActivityManager: setHasOverlayUi called on unknown pid: 10167
12-29 21:45:14.783  1456  1605 W zygote  : kill(-10167, 9) failed: No such process
12-29 21:45:14.783  1456  1605 I zygote  : Successfully killed process cgroup uid 10650 pid 10167 in 85ms
12-29 21:45:14.783  1456  1605 W zygote  : kill(-10207, 9) failed: No such process
12-29 21:45:14.783  1456  1605 I zygote  : Successfully killed process cgroup uid 10650 pid 10207 in 0ms
12-29 21:45:14.814  1456  5797 I ActivityManager: START u0 {act=android.intent.action.MAIN cat=[android.intent.category.LAUNCHER] flg=0x10000000 cmp=org.mozilla.fenix.performancetest/org.mozilla.fenix.HomeActivity} from uid 2000
12-29 21:45:14.815   794   839 E ANDR-PERF-RESOURCEQS: Failed to apply optimization [4, 0]
12-29 21:45:14.834  1456  2920 I ActivityManager: Start proc 10379:org.mozilla.fenix.performancetest/u0a650 for activity org.mozilla.fenix.performancetest/org.mozilla.fenix.HomeActivity
12-29 21:45:14.839 10379 10379 I chatty  : uid=10650(org.mozilla.fenix.performancetest) expire 70 lines
12-29 21:45:14.933 23700 23889 I MicroDetectionState: Should stop hotword detection immediately - false
12-29 21:45:14.933 23700 23889 I MicroDetector: Keeping mic open: false
12-29 21:45:14.933 23700 27113 E DeviceStateChecker: DeviceStateChecker cancelled
12-29 21:45:14.933 23700 23889 I RecognitionAudioControl: #shutdownAudio [requestId: 284860714582385299, keepAudioOpen: false, forced: true]
12-29 21:45:14.934 23700 23889 I RecognitionAudioControl: #internalShutdownAudio [requestId: 284860714582385299]
12-29 21:45:14.934 23700 23889 I RecognitionAudioControl: #internalShutdownAudio [keepAudioOpen: false, forced: true]
12-29 21:45:14.934 23700 23889 I RecognitionAudioControl: #actualShutdownAudio
12-29 21:45:14.934 23700 23889 I AudioController: #shutdown [requestId=284860714582385299]
12-29 21:45:14.934 23700  6726 I AudioController: internalShutdown
12-29 21:45:14.934 23700  6727 I MicroRecognitionRunner: Stopping hotword detection.
12-29 21:45:14.992   788   788 D audio_hw_primary: disable_audio_route: usecase(9) reset and update mixer path: audio-record
12-29 21:45:14.993   788   788 D audio_hw_primary: disable_snd_device: snd_device(120: voice-rec-mic)
12-29 21:45:14.994  1012 11031 D APM_AudioPolicyManager: stopInput() input 61974, session 62025
12-29 21:45:14.995   788  1401 D audio_hw_primary: in_set_parameters: enter: kvpairs=routing=0
12-29 21:45:14.996 23700  6726 I MicrophoneInputStream: mic_close  SR : 16000 CC : 16 SO : 1999
12-29 21:45:14.996 23700  6726 E AudioSource: Stop listening is called on already closed AudioSource
12-29 21:45:14.998 23700  7538 I MicroRecognitionRunner: Detection finished
12-29 21:45:15.067 10379 10398 I chatty  : uid=10650(org.mozilla.fenix.performancetest) expire 14 lines
12-29 21:45:15.286 10379 10412 I chatty  : uid=10650(org.mozilla.fenix.performancetest) expire 92 lines
12-29 21:45:15.420 10379 10419 I chatty  : uid=10650(org.mozilla.fenix.performancetest) expire 10 lines
12-29 21:45:15.422  1456  7570 I ActivityManager: Start proc 10420:org.mozilla.fenix.performancetest:tab/u0a650 for service org.mozilla.fenix.performancetest/org.mozilla.gecko.process.GeckoServiceChildProcess$tab
12-29 21:45:15.429 10420 10420 I chatty  : uid=10650(org.mozilla.fenix.performancetest) expire 2 lines
12-29 21:45:15.597 10420 10444 I chatty  : uid=10650(org.mozilla.fenix.performancetest) expire 1 line
12-29 21:45:15.718 10379 10385 I chatty  : uid=10650(org.mozilla.fenix.performancetest) expire 11 lines
12-29 21:45:16.093 10379 10473 I chatty  : uid=10650(org.mozilla.fenix.performancetest) expire 5 lines
12-29 21:45:16.535  1456 10962 I WifiService: getDhcpInfo uid=10650
12-29 21:45:17.157 10379 10517 I chatty  : uid=10650(org.mozilla.fenix.performancetest) expire 2 lines
12-29 21:45:17.558  1456  1673 I LaunchCheckinHandler: Displayed org.mozilla.fenix.performancetest/org.mozilla.fenix.HomeActivity,cp,ca,2736
12-29 21:45:17.558  1456  1673 I ActivityManager: Displayed org.mozilla.fenix.performancetest/org.mozilla.fenix.HomeActivity: +2s729ms
12-29 21:45:17.660 10379 10549 I chatty  : uid=10650(org.mozilla.fenix.performancetest) expire 4 lines
12-29 21:45:17.672 23700 23700 I MemoryTrimmer: Trimming objects from memory, since app is in the background.
12-29 21:45:17.678  7723  7723 I Finsky  : [2] puo.onTrimMemory(1): Memory trim requested to level 80
12-29 21:45:17.683 23700 23700 I MemoryTrimmer: Trimming objects from memory, since app is in the background.
12-29 21:45:17.683 23700  8713 I PBSessionCacheImpl: Deleted sessionId[104235279871153621] from persistence.
12-29 21:45:17.687  1456  2920 I WifiService: getWifiEnabledState uid=10073
12-29 21:45:17.693 23700 23889 W SearchServiceCore: Abort, client detached.
12-29 21:45:17.944   808   898 I SFPerfTracer:      triggers: (rate: 0:0) (0 sw vsyncs) (0 skipped) (17:1325061 vsyncs) (19:2552310)
12-29 21:45:17.975 10379 10401 I chatty  : uid=10650(org.mozilla.fenix.performancetest) expire 1 line
12-29 21:45:20.471 10552 10552 D AndroidRuntime: >>>>>> START com.android.internal.os.RuntimeInit uid 2000 <<<<<<
12-29 21:45:20.484 10552 10552 W app_process: Could not reserve sentinel fault page
12-29 21:45:20.649 10552 10552 I app_process: The ClassLoaderContext is a special shared library.
12-29 21:45:20.718 10552 10552 D AndroidRuntime: Calling main entry com.android.commands.input.Input
12-29 21:45:20.720 10552 10552 I Input   : injectKeyEvent: KeyEvent { action=ACTION_DOWN, keyCode=KEYCODE_HOME, scanCode=0, metaState=0, flags=0x0, repeatCount=0, eventTime=10121149447, downTime=10121149447, deviceId=-1, source=0x101 }
12-29 21:45:20.731 10552 10552 I Input   : injectKeyEvent: KeyEvent { action=ACTION_UP, keyCode=KEYCODE_HOME, scanCode=0, metaState=0, flags=0x0, repeatCount=0, eventTime=10121149447, downTime=10121149447, deviceId=-1, source=0x101 }
12-29 21:45:20.737  1456  1941 I ActivityManager: START u0 {act=android.intent.action.MAIN cat=[android.intent.category.HOME] flg=0x10200000 cmp=com.android.launcher3/.CustomizationPanelLauncher (has extras)} from uid 1000
12-29 21:45:20.738   794   839 E ANDR-PERF-RESOURCEQS: Failed to apply optimization [4, 0]
12-29 21:45:20.749  1456  1941 I ActivityManager: moveHomeStack, setupComplete:true
12-29 21:45:20.752 10552 10552 D AndroidRuntime: Shutting down VM
12-29 21:45:20.757 23700 23821 I Adreno  : QUALCOMM build                   : bb5b86c, I77d3059488
12-29 21:45:20.757 23700 23821 I Adreno  : Build Date                       : 06/07/18
12-29 21:45:20.757 23700 23821 I Adreno  : OpenGL ES Shader Compiler Version: EV031.22.00.01_06
12-29 21:45:20.757 23700 23821 I Adreno  : Local Branch                     : 
12-29 21:45:20.757 23700 23821 I Adreno  : Remote Branch                    : refs/tags/AU_LINUX_ANDROID_LA.UM.6.5.R1.08.01.00.312.086
12-29 21:45:20.757 23700 23821 I Adreno  : Remote Branch                    : NONE
12-29 21:45:20.757 23700 23821 I Adreno  : Reconstruct Branch               : NOTHING
12-29 21:45:20.760 23700 23821 D vndksupport: Loading /vendor/lib/hw/gralloc.msm8937.so from current namespace instead of sphal namespace.
12-29 21:45:20.763 23700 23821 I Adreno  : PFP: 0x005ff087, ME: 0x005ff063
12-29 21:45:20.768 23700 23821 I zygote  : android::hardware::configstore::V1_0::ISurfaceFlingerConfigs::hasWideColorDisplay retrieved: 0
12-29 21:45:20.769 23700 23821 I OpenGLRenderer: Initialized EGL, version 1.4
12-29 21:45:20.769 23700 23821 D OpenGLRenderer: Swap behavior 2
12-29 21:45:20.774  2748  2748 D Launcher.Utilities: Wakeup weather: Intent { act=com.motorola.launcher3.action.WAKEUP_WEATHER cmp=com.motorola.timeweatherwidget/com.motorola.commandcenter.weather.WakeUpService }
12-29 21:45:20.788  1456  1456 I NotificationService: Cannot find enqueued record for key: 0|com.motorola.timeweatherwidget|1|null|10116
12-29 21:45:20.794   808   808 D SurfaceFlinger: duplicate layer name: changing com.android.launcher3/com.android.launcher3.CustomizationPanelLauncher to com.android.launcher3/com.android.launcher3.CustomizationPanelLauncher#1
12-29 21:45:20.808  1456  7570 I WifiService: getWifiEnabledState uid=10073
12-29 21:45:20.809 23700 27113 W ThreadPoolDumper: Queue length for executor EventBus is now 11. Perhaps some tasks are too long, or the pool is too small.
12-29 21:45:20.815  1456  7570 I WifiService: getWifiEnabledState uid=10073
12-29 21:45:20.847 23700 23889 I MicroDetectionState: Should stop hotword detection immediately - false
12-29 21:45:20.851 23700 23889 I MicroDetectionWorker: #startMicroDetector [speakerMode: 0]
12-29 21:45:20.854 23700 23889 I AudioController: Created new AudioSource
12-29 21:45:20.872  1456  1673 I LaunchCheckinHandler: Displayed com.android.launcher3/.CustomizationPanelLauncher,wp,wa,134
12-29 21:45:20.873 23700 23889 I MicroDetectionWorker: onReady
12-29 21:45:20.873 23700  6908 I MicroDataManager: isInitializedWithLatestParams-true
12-29 21:45:20.873 23700  6908 I MicroDataManager: isInitializing-false locale not changed-true model not changed-true
12-29 21:45:20.873 23700  6908 I MicroDataManager: Already initialized, obtaining the hotword data immediately.
12-29 21:45:20.878 23700  6941 I MicroRecognitionRunner: Starting detection.
12-29 21:45:20.878 23700  6941 I InputStreamUtils: Using micInputStream
12-29 21:45:20.879 23700  8713 I MicrophoneInputStream: mic_starting  SR : 16000 CC : 16 SO : 1999
12-29 21:45:20.882   788  1401 V msm8974_platform: platform_check_input_mask: enter check_input_mask source 6 mask 10
12-29 21:45:20.883  1012 10566 I AudioFlinger: AudioFlinger's thread 0xb2483d80 tid=10566 ready to run
12-29 21:45:20.890   788  1401 D audio_hw_primary: in_set_parameters: enter: kvpairs=input_source=6;routing=-2147483644
12-29 21:45:20.891  1012 10158 D APM_AudioPolicyManager: AudioPolicyManager::startInput() input 61982, session 62033, source = 1999
12-29 21:45:20.892 23700  8713 I MicrophoneInputStream: mic_started  SR : 16000 CC : 16 SO : 1999
12-29 21:45:20.893   788 10567 V msm8974_platform: platform_update_usecase_from_source: input source :6
12-29 21:45:20.893   788 10567 V msm8974_platform: platform_check_input_mask: enter check_input_mask source 6 mask 10
12-29 21:45:20.893   788 10567 V msm8974_platform: platform_get_input_snd_device: enter: out_device(0) in_device(0x4) channel_count (1) channel_mask (0x10)
12-29 21:45:20.893   788 10567 V msm8974_platform: platform_get_input_snd_device: exit: in_snd_device(voice-rec-mic)
12-29 21:45:20.893   788 10567 V msm8974_platform: platform_get_backend_index:napb: backend port - 5 device - 120 
12-29 21:45:20.893   788 10567 V msm8974_platform: platform_check_and_set_capture_backend_cfg:txbecf: afe: bitwidth 0, samplerate 0, channel 1, backend_idx 5 usecase = 9 device (voice-rec-mic)
12-29 21:45:20.893   788 10567 V msm8974_platform: platform_check_capture_backend_cfg:txbecf: afe: Codec selected backend: 5 current bit width: 0 and sample rate: 0, channels 1
12-29 21:45:20.893   788 10567 V msm8974_platform: platform_check_capture_backend_cfg:txbecf: afe: Codec selected backend: 5 updated bit width: 0 and sample rate: 0
12-29 21:45:20.893   788 10567 I msm8974_platform: platform_check_capture_backend_cfg:txbecf: afe: Codec backend needs to be updated. new bit width: 0 new sample rate: 0 new channel: 1
12-29 21:45:20.893   788 10567 V msm8974_platform: platform_get_backend_index:napb: backend port - 5 device - 120 
12-29 21:45:20.894   788 10567 V msm8974_platform: platform_set_backend_cfg:becf: afe: bitwidth 0, samplerate 0 channels 1, backend_idx 5 device (voice-rec-mic)
12-29 21:45:20.894   788 10567 E msm8974_platform: platform_set_backend_cfg:becf: afe: Could not get ctl for mixer command - SLIM_0_TX Format
12-29 21:45:20.894   788 10567 V msm8974_platform: platform_send_audio_calibration: sending audio calibration for snd_device(120) acdb_id(62)
12-29 21:45:20.894   788 10567 D ACDB-LOADER: ACDB -> send_audio_cal, acdb_id = 62, path = 1, app id = 0x11130, sample rate = 48000
12-29 21:45:20.894   788 10567 D ACDB-LOADER: ACDB -> send_asm_topology
12-29 21:45:20.894   788 10567 D ACDB-LOADER: ACDB -> ACDB_CMD_GET_AUDPROC_STREAM_TOPOLOGY_ID
12-29 21:45:20.894   788 10567 D ACDB-LOADER: ACDB -> send_adm_topology
12-29 21:45:20.894   788 10567 D ACDB-LOADER: ACDB -> ACDB_CMD_GET_AUDPROC_COMMON_TOPOLOGY_ID
12-29 21:45:20.894   788 10567 D ACDB-LOADER: ACDB -> send_audtable
12-29 21:45:20.894   788 10567 D ACDB-LOADER: ACDB -> ACDB_CMD_GET_AUDPROC_COMMON_TABLE_SIZE
12-29 21:45:20.894   788 10567 D ACDB-LOADER: ACDB -> ACDB_CMD_GET_AUDPROC_COMMON_TABLE
12-29 21:45:20.894   788 10567 D ACDB-LOADER: ACDB -> AUDIO_SET_AUDPROC_CAL
12-29 21:45:20.894   788 10567 D ACDB-LOADER: ACDB -> send_audvoltable
12-29 21:45:20.894   788 10567 D ACDB-LOADER: ACDB -> ACDB_CMD_GET_AUDPROC_VOL_STEP_TABLE_SIZE
12-29 21:45:20.894   788 10567 D ACDB-LOADER: ACDB -> ACDB_CMD_GET_AUDPROC_GAIN_DEP_STEP_TABLE, vol index 0
12-29 21:45:20.895   788 10567 D         : Failed to fetch the lookup information of the device 0000003E 
12-29 21:45:20.895   788 10567 D ACDB-LOADER: ACDB -> AUDIO_SET_VOL_CAL cal type = 12
12-29 21:45:20.895   788 10567 D ACDB-LOADER: ACDB -> ACDB_CMD_GET_AUDPROC_STREAM_TABLE_SIZE
12-29 21:45:20.895   788 10567 D ACDB-LOADER: ACDB -> send_audstrmtable
12-29 21:45:20.895   788 10567 D ACDB-LOADER: ACDB -> ACDB_CMD_GET_AUDPROC_STREAM_TABLE_V2
12-29 21:45:20.895   788 10567 D ACDB-LOADER: ACDB -> audstrm_cal->cal_type.cal_data.cal_size = 456
12-29 21:45:20.895   788 10567 D ACDB-LOADER: ACDB -> send_afe_topology
12-29 21:45:20.895   788 10567 D ACDB-LOADER: ACDB -> ACDB_CMD_GET_AFE_TOPOLOGY_ID
12-29 21:45:20.895   788 10567 D ACDB-LOADER: ACDB -> GET_AFE_TOPOLOGY_ID for adcd_id 62, Topology Id 112fb
12-29 21:45:20.895   788 10567 D ACDB-LOADER: ACDB -> send_afe_cal
12-29 21:45:20.895   788 10567 D ACDB-LOADER: ACDB -> ACDB_CMD_GET_AFE_COMMON_TABLE_SIZE
12-29 21:45:20.895   788 10567 D         : Failed to fetch the lookup information of the device 0000003E 
12-29 21:45:20.895   788 10567 E ACDB-LOADER: Error: ACDB_CMD_GET_AFE_COMMON_TABLE_SIZE Returned = -19
12-29 21:45:20.895   788 10567 D ACDB-LOADER: ACDB -> ACDB_CMD_GET_AFE_COMMON_TABLE
12-29 21:45:20.895   788 10567 D         : Failed to fetch the lookup information of the device 0000003E 
12-29 21:45:20.895   788 10567 D ACDB-LOADER: ACDB -> AUDIO_SET_AFE_CAL
12-29 21:45:20.895   788 10567 D ACDB-LOADER: ACDB -> send_hw_delay : acdb_id = 62 path = 1
12-29 21:45:20.895   788 10567 D ACDB-LOADER: ACDB -> ACDB_AVSYNC_INFO: ACDB_CMD_GET_DEVICE_PROPERTY
12-29 21:45:20.895   788 10567 D audio_hw_primary: enable_snd_device: snd_device(120: voice-rec-mic)
12-29 21:45:20.895   788 10567 D audio_route: Apply path: voice-rec-mic
12-29 21:45:20.898   788 10567 V msm8974_platform: platform_get_snd_device_backend_index: enter with device 120
12-29 21:45:20.898   788 10567 E msm8974_platform: platform_get_snd_device_backend_index: BE DAI Name Table is not present
12-29 21:45:20.898   788 10567 V msm8974_platform: platform_get_backend_index:napb: backend port - 5 device - 120 
12-29 21:45:20.898   788 10567 I audio_hw_utils: Set Audio Stream Capture 0 App Type Cfg: app_type 69936, acdb_dev_id 62, sample_rate 48000, snd_device_be_idx -14
12-29 21:45:20.898   788 10567 D audio_hw_primary: enable_audio_route: usecase(9) apply and update mixer path: audio-record
12-29 21:45:20.898   788 10567 D audio_route: Apply path: audio-record
12-29 21:45:20.967 23700 23889 I MicroDetectionWorker: onReady
12-29 21:45:21.276  1456  7796 I OpenGLRenderer: Initialized EGL, version 1.4
12-29 21:45:21.276  1456  7796 D OpenGLRenderer: Swap behavior 2
12-29 21:45:21.323  2748  2917 W OpenGLRenderer: Incorrectly called buildLayer on View: ShortcutAndWidgetContainer, destroying layer...
12-29 21:45:21.458 10379 10483 I chatty  : uid=10650(org.mozilla.fenix.performancetest) expire 6 lines
12-29 21:45:21.514  7723  7723 I Finsky  : [2] puo.onTrimMemory(1): Memory trim requested to level 80
12-29 21:45:21.524  1456  7570 D ConnectivityService: requestNetwork for uid/pid:10650/10379 NetworkRequest [ TRACK_DEFAULT id=14998, [ Capabilities: INTERNET&NOT_RESTRICTED&TRUSTED&NOT_VPN] ]
12-29 21:45:21.525  1456  2099 D Ethernet: got request NetworkRequest [ TRACK_DEFAULT id=14998, [ Capabilities: INTERNET&NOT_RESTRICTED&TRUSTED&NOT_VPN] ] with score 60
12-29 21:45:21.525  1456  2054 D WIFI_UT : got request NetworkRequest [ TRACK_DEFAULT id=14998, [ Capabilities: INTERNET&NOT_RESTRICTED&TRUSTED&NOT_VPN] ] with score 60
12-29 21:45:21.525  1456  2054 D WIFI    : got request NetworkRequest [ TRACK_DEFAULT id=14998, [ Capabilities: INTERNET&NOT_RESTRICTED&TRUSTED&NOT_VPN] ] with score 60
12-29 21:45:21.525  2398  2398 D PhoneSwitcherNetworkRequstListener: got request NetworkRequest [ TRACK_DEFAULT id=14998, [ Capabilities: INTERNET&NOT_RESTRICTED&TRUSTED&NOT_VPN] ] with score 60
12-29 21:45:21.549 10379 10569 I chatty  : uid=10650(org.mozilla.fenix.performancetest) expire 9 lines
12-29 21:45:22.004 10379 10397 I chatty  : uid=10650(org.mozilla.fenix.performancetest) expire 1 line
12-29 21:45:22.014  1456  2067 D ConnectivityService: releasing NetworkRequest [ TRACK_DEFAULT id=14998, [ Capabilities: INTERNET&NOT_RESTRICTED&TRUSTED&NOT_VPN] ] (release request)
12-29 21:45:25.900  1456  7570 I ActivityManager: Force stopping org.mozilla.fenix.performancetest appid=10650 user=0: from pid 10573
12-29 21:45:25.901  1456  7570 I ActivityManager: Killing 10379:org.mozilla.fenix.performancetest/u0a650 (adj 700): stop org.mozilla.fenix.performancetest
12-29 21:45:25.903  1456  7570 W ActivityManager: Force removing ActivityRecord{aed5bdc u0 org.mozilla.fenix.performancetest/org.mozilla.fenix.HomeActivity t13932}: app died, no saved state
12-29 21:45:25.903  1456  1605 W zygote  : kill(-10379, 9) failed: No such process
12-29 21:45:25.904 10420 10420 I chatty  : uid=10650(org.mozilla.fenix.performancetest) expire 1 line
12-29 21:45:25.912  1456  7570 I ActivityManager: Killing 10420:org.mozilla.fenix.performancetest:tab/u0a650 (adj 0): stop org.mozilla.fenix.performancetest
12-29 21:45:25.919  1456  1605 W zygote  : kill(-10379, 9) failed: No such process
12-29 21:45:25.923  2398  2398 D CarrierSvcBindHelper: No carrier app for: 0
12-29 21:45:25.924  2398  2398 D CarrierSvcBindHelper: No carrier app for: 1
12-29 21:45:25.934   808   808 I SFPerfTracer:      triggers: (rate: 49:56498) (compose: 0:5) (post: 0:13) (render: 0:9) (0:1461392 frames) (1:2522424)
12-29 21:45:25.934  1456  1605 W zygote  : kill(-10379, 9) failed: No such process
12-29 21:45:25.934   808   808 D SFPerfTracer:        layers: (4:12) (NavigationBar#0 (0xb07df000): 0:333555) (StatusBar#0 (0xb07e3000): 0:1029522) (com.android.systemui.ImageWallpaper#0 (0xb07e7000): 0:26374) (Sprite#0 (0xb0733000): 0:317)* (DimLayerController/Stack=0#0 (0xb075a000): 0:3501)* (Sprite#1 (0xb077c000): 0:195)* (com.android.launcher3/com.android.launcher3.CustomizationPanelLauncher#0 (0xb0763000): 0:40)- (com.android.launcher3/com.android.launcher3.CustomizationPanelLauncher#1 (0xb0771000): 0:10)- (Splash Screen org.mozilla.fenix.performancetest#0 (0xb0384000): 0:31)- (org.mozilla.fenix.performancetest/org.mozilla.fenix.HomeActivity#0 (0xb039b000): 0:46)- (com.android.launcher3/com.android.launcher3.CustomizationPanelLauncher#0 (0xb0763000): 0:35)* (com.android.launcher3/com.android.launcher3.CustomizationPanelLauncher#1 (0xb0771000): 0:7) 
12-29 21:45:25.976  1456  1673 W ActivityManager: setHasOverlayUi called on unknown pid: 10379
12-29 21:45:25.977  1456  1605 I chatty  : uid=1000(system) ActivityManager identical 7 lines
12-29 21:45:25.984  1456  1605 W zygote  : kill(-10379, 9) failed: No such process
12-29 21:45:25.984  1456  1605 I zygote  : Successfully killed process cgroup uid 10650 pid 10379 in 80ms
12-29 21:45:25.984  1456  1605 W zygote  : kill(-10420, 9) failed: No such process
12-29 21:45:25.984  1456  1605 I zygote  : Successfully killed process cgroup uid 10650 pid 10420 in 0ms
12-29 21:45:26.020  1456  4797 I ActivityManager: START u0 {act=android.intent.action.MAIN cat=[android.intent.category.LAUNCHER] flg=0x10000000 cmp=org.mozilla.fenix.performancetest/org.mozilla.fenix.HomeActivity} from uid 2000
12-29 21:45:26.021   794   839 E ANDR-PERF-RESOURCEQS: Failed to apply optimization [4, 0]
12-29 21:45:26.041  1456  2921 I ActivityManager: Start proc 10580:org.mozilla.fenix.performancetest/u0a650 for activity org.mozilla.fenix.performancetest/org.mozilla.fenix.HomeActivity
12-29 21:45:26.045 10580 10580 I chatty  : uid=10650(org.mozilla.fenix.performancetest) expire 70 lines
12-29 21:45:26.141 23700 23889 I MicroDetectionState: Should stop hotword detection immediately - false
12-29 21:45:26.141 23700 23889 I MicroDetector: Keeping mic open: false
12-29 21:45:26.142 23700 27113 E DeviceStateChecker: DeviceStateChecker cancelled
12-29 21:45:26.142 23700 23889 I RecognitionAudioControl: #shutdownAudio [requestId: -4443654972662803986, keepAudioOpen: false, forced: true]
12-29 21:45:26.142 23700 23889 I RecognitionAudioControl: #internalShutdownAudio [requestId: -4443654972662803986]
12-29 21:45:26.142 23700 23889 I RecognitionAudioControl: #internalShutdownAudio [keepAudioOpen: false, forced: true]
12-29 21:45:26.142 23700 23889 I RecognitionAudioControl: #actualShutdownAudio
12-29 21:45:26.142 23700 23889 I AudioController: #shutdown [requestId=-4443654972662803986]
12-29 21:45:26.143 23700  6908 I AudioController: internalShutdown
12-29 21:45:26.143 23700  6726 I MicroRecognitionRunner: Stopping hotword detection.
12-29 21:45:26.188   788  1401 D audio_hw_primary: disable_audio_route: usecase(9) reset and update mixer path: audio-record
12-29 21:45:26.189   788  1401 D audio_hw_primary: disable_snd_device: snd_device(120: voice-rec-mic)
12-29 21:45:26.190  1012 10158 D APM_AudioPolicyManager: stopInput() input 61982, session 62033
12-29 21:45:26.191   788  1401 D audio_hw_primary: in_set_parameters: enter: kvpairs=routing=0
12-29 21:45:26.193 23700  6908 I MicrophoneInputStream: mic_close  SR : 16000 CC : 16 SO : 1999
12-29 21:45:26.193 23700  6908 E AudioSource: Stop listening is called on already closed AudioSource
12-29 21:45:26.194 23700  6941 I MicroRecognitionRunner: Detection finished
12-29 21:45:26.280 10580 10598 I chatty  : uid=10650(org.mozilla.fenix.performancetest) expire 14 lines
12-29 21:45:26.492 10580 10610 I chatty  : uid=10650(org.mozilla.fenix.performancetest) expire 92 lines
12-29 21:45:26.626  1456  4829 I ActivityManager: Start proc 10619:org.mozilla.fenix.performancetest:tab/u0a650 for service org.mozilla.fenix.performancetest/org.mozilla.gecko.process.GeckoServiceChildProcess$tab
12-29 21:45:26.634 10619 10619 I chatty  : uid=10650(org.mozilla.fenix.performancetest) expire 3 lines
12-29 21:45:26.636 10580 10625 I chatty  : uid=10650(org.mozilla.fenix.performancetest) expire 10 lines
12-29 21:45:26.797 10619 10644 I chatty  : uid=10650(org.mozilla.fenix.performancetest) expire 1 line
12-29 21:45:26.938 10580 10585 I chatty  : uid=10650(org.mozilla.fenix.performancetest) expire 11 lines
12-29 21:45:27.318 10580 10673 I chatty  : uid=10650(org.mozilla.fenix.performancetest) expire 5 lines
12-29 21:45:27.747  1456  2921 I WifiService: getDhcpInfo uid=10650
12-29 21:45:28.349 10580 10718 I chatty  : uid=10650(org.mozilla.fenix.performancetest) expire 2 lines
12-29 21:45:28.763  1456  1673 I LaunchCheckinHandler: Displayed org.mozilla.fenix.performancetest/org.mozilla.fenix.HomeActivity,cp,ca,2734
12-29 21:45:28.763  1456  1673 I ActivityManager: Displayed org.mozilla.fenix.performancetest/org.mozilla.fenix.HomeActivity: +2s729ms
12-29 21:45:28.827 10580 10747 I chatty  : uid=10650(org.mozilla.fenix.performancetest) expire 4 lines
12-29 21:45:28.880 23700 23700 I MemoryTrimmer: Trimming objects from memory, since app is in the background.
12-29 21:45:28.884  7723  7723 I Finsky  : [2] puo.onTrimMemory(1): Memory trim requested to level 80
12-29 21:45:28.887 23700 23700 I MemoryTrimmer: Trimming objects from memory, since app is in the background.
12-29 21:45:28.888 23700  8713 I PBSessionCacheImpl: Deleted sessionId[104235279871153626] from persistence.
12-29 21:45:28.894  1456  2921 I WifiService: getWifiEnabledState uid=10073
12-29 21:45:28.900 23700 23889 W SearchServiceCore: Abort, client detached.
12-29 21:45:29.151 10580 10618 I chatty  : uid=10650(org.mozilla.fenix.performancetest) expire 1 line
12-29 21:45:30.001  1456  1893 D BatteryService: uevent={POWER_SUPPLY_VOLTAGE_NOW=4350255, POWER_SUPPLY_CHARGE_RATE=Normal, POWER_SUPPLY_HEALTH=Good, POWER_SUPPLY_CURRENT_NOW=0, POWER_SUPPLY_PRESENT=1, SUBSYSTEM=power_supply, POWER_SUPPLY_TEMP=280, SEQNUM=268772, ACTION=change, POWER_SUPPLY_NAME=battery, POWER_SUPPLY_STATUS=Full, POWER_SUPPLY_CHARGE_COUNTER=2824589, POWER_SUPPLY_CAPACITY=100, DEVPATH=/devices/soc/qpnp-smbcharger-17/power_supply/battery}
12-29 21:45:30.009  2398  2398 D QtiCarrierConfigHelper: WARNING, no carrier configs on phone Id: 0
12-29 21:45:31.671 10753 10753 D AndroidRuntime: >>>>>> START com.android.internal.os.RuntimeInit uid 2000 <<<<<<
12-29 21:45:31.684 10753 10753 W app_process: Could not reserve sentinel fault page
12-29 21:45:31.849 10753 10753 I app_process: The ClassLoaderContext is a special shared library.
12-29 21:45:31.922 10753 10753 D AndroidRuntime: Calling main entry com.android.commands.input.Input
12-29 21:45:31.925 10753 10753 I Input   : injectKeyEvent: KeyEvent { action=ACTION_DOWN, keyCode=KEYCODE_HOME, scanCode=0, metaState=0, flags=0x0, repeatCount=0, eventTime=10121160652, downTime=10121160652, deviceId=-1, source=0x101 }
12-29 21:45:31.932 10753 10753 I Input   : injectKeyEvent: KeyEvent { action=ACTION_UP, keyCode=KEYCODE_HOME, scanCode=0, metaState=0, flags=0x0, repeatCount=0, eventTime=10121160652, downTime=10121160652, deviceId=-1, source=0x101 }
12-29 21:45:31.938  1456  1941 I ActivityManager: START u0 {act=android.intent.action.MAIN cat=[android.intent.category.HOME] flg=0x10200000 cmp=com.android.launcher3/.CustomizationPanelLauncher (has extras)} from uid 1000
12-29 21:45:31.939   794   839 E ANDR-PERF-RESOURCEQS: Failed to apply optimization [4, 0]
12-29 21:45:31.951  1456  1941 I ActivityManager: moveHomeStack, setupComplete:true
12-29 21:45:31.955 23700 23821 I Adreno  : QUALCOMM build                   : bb5b86c, I77d3059488
12-29 21:45:31.955 23700 23821 I Adreno  : Build Date                       : 06/07/18
12-29 21:45:31.955 23700 23821 I Adreno  : OpenGL ES Shader Compiler Version: EV031.22.00.01_06
12-29 21:45:31.955 23700 23821 I Adreno  : Local Branch                     : 
12-29 21:45:31.955 23700 23821 I Adreno  : Remote Branch                    : refs/tags/AU_LINUX_ANDROID_LA.UM.6.5.R1.08.01.00.312.086
12-29 21:45:31.955 23700 23821 I Adreno  : Remote Branch                    : NONE
12-29 21:45:31.955 23700 23821 I Adreno  : Reconstruct Branch               : NOTHING
12-29 21:45:31.958 23700 23821 D vndksupport: Loading /vendor/lib/hw/gralloc.msm8937.so from current namespace instead of sphal namespace.
12-29 21:45:31.961 10753 10753 D AndroidRuntime: Shutting down VM
12-29 21:45:31.961 23700 23821 I Adreno  : PFP: 0x005ff087, ME: 0x005ff063
12-29 21:45:31.966  7723  7723 I Finsky  : [2] puo.onTrimMemory(1): Memory trim requested to level 80
12-29 21:45:31.966 23700 23821 I zygote  : android::hardware::configstore::V1_0::ISurfaceFlingerConfigs::hasWideColorDisplay retrieved: 0
12-29 21:45:31.967 23700 23821 I OpenGLRenderer: Initialized EGL, version 1.4
12-29 21:45:31.967 23700 23821 D OpenGLRenderer: Swap behavior 2
12-29 21:45:31.967  2748  2748 D Launcher.Utilities: Wakeup weather: Intent { act=com.motorola.launcher3.action.WAKEUP_WEATHER cmp=com.motorola.timeweatherwidget/com.motorola.commandcenter.weather.WakeUpService }
12-29 21:45:31.989  1456  1456 I NotificationService: Cannot find enqueued record for key: 0|com.motorola.timeweatherwidget|1|null|10116
12-29 21:45:31.996   808   808 D SurfaceFlinger: duplicate layer name: changing com.android.launcher3/com.android.launcher3.CustomizationPanelLauncher to com.android.launcher3/com.android.launcher3.CustomizationPanelLauncher#1
