12-15 21:43:16.505 27596 27596 I Input   : injectKeyEvent: KeyEvent { action=ACTION_UP, keyCode=KEYCODE_HOME, scanCode=0, metaState=0, flags=0x0, repeatCount=0, eventTime=8911420107, downTime=8911420107, deviceId=-1, source=0x101 }
12-15 21:43:16.511  1456  1941 I ActivityManager: START u0 {act=android.intent.action.MAIN cat=[android.intent.category.HOME] flg=0x10200000 cmp=com.android.launcher3/.CustomizationPanelLauncher (has extras)} from uid 1000
12-15 21:43:16.512   794   839 E ANDR-PERF-RESOURCEQS: Failed to apply optimization [4, 0]
12-15 21:43:16.522  1456  1941 I ActivityManager: moveHomeStack, setupComplete:true
12-15 21:43:16.525 27596 27596 D AndroidRuntime: Shutting down VM
12-15 21:43:16.533  4192  4304 I Adreno  : QUALCOMM build                   : bb5b86c, I77d3059488
12-15 21:43:16.533  4192  4304 I Adreno  : Build Date                       : 06/07/18
12-15 21:43:16.533  4192  4304 I Adreno  : OpenGL ES Shader Compiler Version: EV031.22.00.01_06
12-15 21:43:16.533  4192  4304 I Adreno  : Local Branch                     : 
12-15 21:43:16.533  4192  4304 I Adreno  : Remote Branch                    : refs/tags/AU_LINUX_ANDROID_LA.UM.6.5.R1.08.01.00.312.086
12-15 21:43:16.533  4192  4304 I Adreno  : Remote Branch                    : NONE
12-15 21:43:16.533  4192  4304 I Adreno  : Reconstruct Branch               : NOTHING
12-15 21:43:16.536  4192  4304 D vndksupport: Loading /vendor/lib/hw/gralloc.msm8937.so from current namespace instead of sphal namespace.
12-15 21:43:16.540  4192  4304 I Adreno  : PFP: 0x005ff087, ME: 0x005ff063
12-15 21:43:16.544  4192  4304 I zygote  : android::hardware::configstore::V1_0::ISurfaceFlingerConfigs::hasWideColorDisplay retrieved: 0
12-15 21:43:16.546  4192  4304 I OpenGLRenderer: Initialized EGL, version 1.4
12-15 21:43:16.546  4192  4304 D OpenGLRenderer: Swap behavior 2
12-15 21:43:16.548  2748  2748 D Launcher.Utilities: Wakeup weather: Intent { act=com.motorola.launcher3.action.WAKEUP_WEATHER cmp=com.motorola.timeweatherwidget/com.motorola.commandcenter.weather.WakeUpService }
12-15 21:43:16.567  1456  1456 I NotificationService: Cannot find enqueued record for key: 0|com.motorola.timeweatherwidget|1|null|10116
12-15 21:43:16.569   808   808 D SurfaceFlinger: duplicate layer name: changing com.android.launcher3/com.android.launcher3.CustomizationPanelLauncher to com.android.launcher3/com.android.launcher3.CustomizationPanelLauncher#1
12-15 21:43:16.579  4192 27080 W ThreadPoolDumper: Queue length for executor EventBus is now 11. Perhaps some tasks are too long, or the pool is too small.
12-15 21:43:16.579   808   808 I SFPerfTracer:      triggers: (rate: 48:45343) (compose: 0:5) (post: 0:12) (render: 0:9) (1:1041853 frames) (2:1889928)
12-15 21:43:16.579   808   808 D SFPerfTracer:        layers: (3:12) (NavigationBar#0 (0xb07df000): 0:233103) (StatusBar#0 (0xb07e3000): 0:842788) (com.android.systemui.ImageWallpaper#0 (0xb07e7000): 0:15832)* (Sprite#0 (0xb0733000): 0:317)* (DimLayerController/Stack=0#0 (0xb075a000): 0:3382)* (Sprite#1 (0xb077c000): 0:195)* (org.mozilla.fenix.performancetest/org.mozilla.fenix.HomeActivity#0 (0xb039b000): 0:47)- (com.android.launcher3/com.android.launcher3.CustomizationPanelLauncher#0 (0xb0763000): 0:38)- (com.android.launcher3/com.android.launcher3.CustomizationPanelLauncher#1 (0xb0771000): 0:11)- (Splash Screen org.mozilla.fenix.performancetest#0 (0xb0384000): 0:31)- (org.mozilla.fenix.performancetest/org.mozilla.fenix.HomeActivity#0 (0xb039b000): 1:21) (com.android.launcher3/com.android.launcher3.CustomizationPanelLauncher#0 (0xb0763000): 1:1)* 
12-15 21:43:16.581  1456  2916 I WifiService: getWifiEnabledState uid=10073
12-15 21:43:16.589  1456  2916 I WifiService: getWifiEnabledState uid=10073
12-15 21:43:16.615  4192  4364 I MicroDetectionState: Should stop hotword detection immediately - false
12-15 21:43:16.619  4192  4364 I MicroDetectionWorker: #startMicroDetector [speakerMode: 0]
12-15 21:43:16.620  4192  4364 I AudioController: Created new AudioSource
12-15 21:43:16.645  1456  1673 I LaunchCheckinHandler: Displayed com.android.launcher3/.CustomizationPanelLauncher,wp,wa,134
12-15 21:43:16.646  4192  4364 I MicroDetectionWorker: onReady
12-15 21:43:16.646  4192 26436 I MicroDataManager: isInitializedWithLatestParams-true
12-15 21:43:16.646  4192 26436 I MicroDataManager: isInitializing-false locale not changed-true model not changed-true
12-15 21:43:16.646  4192 26436 I MicroDataManager: Already initialized, obtaining the hotword data immediately.
12-15 21:43:16.651 25990 25990 I Finsky  : [2] pqo.onTrimMemory(1): Memory trim requested to level 80
12-15 21:43:16.653  4192  7513 I MicroRecognitionRunner: Starting detection.
12-15 21:43:16.653  4192  7513 I InputStreamUtils: Using micInputStream
12-15 21:43:16.654  4192  6235 I MicrophoneInputStream: mic_starting  SR : 16000 CC : 16 SO : 1999
12-15 21:43:16.657   788  1479 V msm8974_platform: platform_check_input_mask: enter check_input_mask source 6 mask 10
12-15 21:43:16.659  1012 27615 I AudioFlinger: AudioFlinger's thread 0xb2483880 tid=27615 ready to run
12-15 21:43:16.666   788  1479 D audio_hw_primary: in_set_parameters: enter: kvpairs=input_source=6;routing=-2147483644
12-15 21:43:16.667  1012  1390 D APM_AudioPolicyManager: AudioPolicyManager::startInput() input 23390, session 23425, source = 1999
12-15 21:43:16.668  4192  6235 I MicrophoneInputStream: mic_started  SR : 16000 CC : 16 SO : 1999
12-15 21:43:16.670   788 27616 V msm8974_platform: platform_update_usecase_from_source: input source :6
12-15 21:43:16.670   788 27616 V msm8974_platform: platform_check_input_mask: enter check_input_mask source 6 mask 10
12-15 21:43:16.670   788 27616 V msm8974_platform: platform_get_input_snd_device: enter: out_device(0) in_device(0x4) channel_count (1) channel_mask (0x10)
12-15 21:43:16.670   788 27616 V msm8974_platform: platform_get_input_snd_device: exit: in_snd_device(voice-rec-mic)
12-15 21:43:16.670   788 27616 V msm8974_platform: platform_get_backend_index:napb: backend port - 5 device - 120 
12-15 21:43:16.670   788 27616 V msm8974_platform: platform_check_and_set_capture_backend_cfg:txbecf: afe: bitwidth 0, samplerate 0, channel 1, backend_idx 5 usecase = 9 device (voice-rec-mic)
12-15 21:43:16.670   788 27616 V msm8974_platform: platform_check_capture_backend_cfg:txbecf: afe: Codec selected backend: 5 current bit width: 0 and sample rate: 0, channels 1
12-15 21:43:16.670   788 27616 V msm8974_platform: platform_check_capture_backend_cfg:txbecf: afe: Codec selected backend: 5 updated bit width: 0 and sample rate: 0
12-15 21:43:16.670   788 27616 I msm8974_platform: platform_check_capture_backend_cfg:txbecf: afe: Codec backend needs to be updated. new bit width: 0 new sample rate: 0 new channel: 1
12-15 21:43:16.670   788 27616 V msm8974_platform: platform_get_backend_index:napb: backend port - 5 device - 120 
12-15 21:43:16.670   788 27616 V msm8974_platform: platform_set_backend_cfg:becf: afe: bitwidth 0, samplerate 0 channels 1, backend_idx 5 device (voice-rec-mic)
12-15 21:43:16.671   788 27616 E msm8974_platform: platform_set_backend_cfg:becf: afe: Could not get ctl for mixer command - SLIM_0_TX Format
12-15 21:43:16.671   788 27616 V msm8974_platform: platform_send_audio_calibration: sending audio calibration for snd_device(120) acdb_id(62)
12-15 21:43:16.671   788 27616 D ACDB-LOADER: ACDB -> send_audio_cal, acdb_id = 62, path = 1, app id = 0x11130, sample rate = 48000
12-15 21:43:16.671   788 27616 D ACDB-LOADER: ACDB -> send_asm_topology
12-15 21:43:16.671   788 27616 D ACDB-LOADER: ACDB -> ACDB_CMD_GET_AUDPROC_STREAM_TOPOLOGY_ID
12-15 21:43:16.671   788 27616 D ACDB-LOADER: ACDB -> send_adm_topology
12-15 21:43:16.671   788 27616 D ACDB-LOADER: ACDB -> ACDB_CMD_GET_AUDPROC_COMMON_TOPOLOGY_ID
12-15 21:43:16.671   788 27616 D ACDB-LOADER: ACDB -> send_audtable
12-15 21:43:16.671   788 27616 D ACDB-LOADER: ACDB -> ACDB_CMD_GET_AUDPROC_COMMON_TABLE_SIZE
12-15 21:43:16.671   788 27616 D ACDB-LOADER: ACDB -> ACDB_CMD_GET_AUDPROC_COMMON_TABLE
12-15 21:43:16.671   788 27616 D ACDB-LOADER: ACDB -> AUDIO_SET_AUDPROC_CAL
12-15 21:43:16.671   788 27616 D ACDB-LOADER: ACDB -> send_audvoltable
12-15 21:43:16.671   788 27616 D ACDB-LOADER: ACDB -> ACDB_CMD_GET_AUDPROC_VOL_STEP_TABLE_SIZE
12-15 21:43:16.671   788 27616 D ACDB-LOADER: ACDB -> ACDB_CMD_GET_AUDPROC_GAIN_DEP_STEP_TABLE, vol index 0
12-15 21:43:16.671   788 27616 D         : Failed to fetch the lookup information of the device 0000003E 
12-15 21:43:16.671   788 27616 D ACDB-LOADER: ACDB -> AUDIO_SET_VOL_CAL cal type = 12
12-15 21:43:16.671   788 27616 D ACDB-LOADER: ACDB -> ACDB_CMD_GET_AUDPROC_STREAM_TABLE_SIZE
12-15 21:43:16.671   788 27616 D ACDB-LOADER: ACDB -> send_audstrmtable
12-15 21:43:16.671   788 27616 D ACDB-LOADER: ACDB -> ACDB_CMD_GET_AUDPROC_STREAM_TABLE_V2
12-15 21:43:16.672   788 27616 D ACDB-LOADER: ACDB -> audstrm_cal->cal_type.cal_data.cal_size = 456
12-15 21:43:16.672   788 27616 D ACDB-LOADER: ACDB -> send_afe_topology
12-15 21:43:16.672   788 27616 D ACDB-LOADER: ACDB -> ACDB_CMD_GET_AFE_TOPOLOGY_ID
12-15 21:43:16.672   788 27616 D ACDB-LOADER: ACDB -> GET_AFE_TOPOLOGY_ID for adcd_id 62, Topology Id 112fb
12-15 21:43:16.672   788 27616 D ACDB-LOADER: ACDB -> send_afe_cal
12-15 21:43:16.672   788 27616 D ACDB-LOADER: ACDB -> ACDB_CMD_GET_AFE_COMMON_TABLE_SIZE
12-15 21:43:16.672   788 27616 D         : Failed to fetch the lookup information of the device 0000003E 
12-15 21:43:16.672   788 27616 E ACDB-LOADER: Error: ACDB_CMD_GET_AFE_COMMON_TABLE_SIZE Returned = -19
12-15 21:43:16.672   788 27616 D ACDB-LOADER: ACDB -> ACDB_CMD_GET_AFE_COMMON_TABLE
12-15 21:43:16.672   788 27616 D         : Failed to fetch the lookup information of the device 0000003E 
12-15 21:43:16.672   788 27616 D ACDB-LOADER: ACDB -> AUDIO_SET_AFE_CAL
12-15 21:43:16.672   788 27616 D ACDB-LOADER: ACDB -> send_hw_delay : acdb_id = 62 path = 1
12-15 21:43:16.672   788 27616 D ACDB-LOADER: ACDB -> ACDB_AVSYNC_INFO: ACDB_CMD_GET_DEVICE_PROPERTY
12-15 21:43:16.672   788 27616 D audio_hw_primary: enable_snd_device: snd_device(120: voice-rec-mic)
12-15 21:43:16.672   788 27616 D audio_route: Apply path: voice-rec-mic
12-15 21:43:16.675   788 27616 V msm8974_platform: platform_get_snd_device_backend_index: enter with device 120
12-15 21:43:16.675   788 27616 E msm8974_platform: platform_get_snd_device_backend_index: BE DAI Name Table is not present
12-15 21:43:16.675   788 27616 V msm8974_platform: platform_get_backend_index:napb: backend port - 5 device - 120 
12-15 21:43:16.675   788 27616 I audio_hw_utils: Set Audio Stream Capture 0 App Type Cfg: app_type 69936, acdb_dev_id 62, sample_rate 48000, snd_device_be_idx -14
12-15 21:43:16.675   788 27616 D audio_hw_primary: enable_audio_route: usecase(9) apply and update mixer path: audio-record
12-15 21:43:16.675   788 27616 D audio_route: Apply path: audio-record
12-15 21:43:16.745  4192  4364 I MicroDetectionWorker: onReady
12-15 21:43:17.050  1456  7796 I OpenGLRenderer: Initialized EGL, version 1.4
12-15 21:43:17.050  1456  7796 D OpenGLRenderer: Swap behavior 2
12-15 21:43:17.097  2748  2917 W OpenGLRenderer: Incorrectly called buildLayer on View: ShortcutAndWidgetContainer, destroying layer...
12-15 21:43:17.224 27446 27463 I chatty  : uid=10565(org.mozilla.fenix.performancetest) expire 1 line
12-15 21:43:17.234 27446 27550 I chatty  : uid=10565(org.mozilla.fenix.performancetest) expire 6 lines
12-15 21:43:17.298  1456  2402 D ConnectivityService: requestNetwork for uid/pid:10565/27446 NetworkRequest [ TRACK_DEFAULT id=9668, [ Capabilities: INTERNET&NOT_RESTRICTED&TRUSTED&NOT_VPN] ]
12-15 21:43:17.299  1456  2054 D WIFI_UT : got request NetworkRequest [ TRACK_DEFAULT id=9668, [ Capabilities: INTERNET&NOT_RESTRICTED&TRUSTED&NOT_VPN] ] with score 60
12-15 21:43:17.299  1456  2099 D Ethernet: got request NetworkRequest [ TRACK_DEFAULT id=9668, [ Capabilities: INTERNET&NOT_RESTRICTED&TRUSTED&NOT_VPN] ] with score 60
12-15 21:43:17.299  1456  2054 D WIFI    : got request NetworkRequest [ TRACK_DEFAULT id=9668, [ Capabilities: INTERNET&NOT_RESTRICTED&TRUSTED&NOT_VPN] ] with score 60
12-15 21:43:17.299  2398  2398 D PhoneSwitcherNetworkRequstListener: got request NetworkRequest [ TRACK_DEFAULT id=9668, [ Capabilities: INTERNET&NOT_RESTRICTED&TRUSTED&NOT_VPN] ] with score 60
12-15 21:43:17.323 27446 27617 I chatty  : uid=10565(org.mozilla.fenix.performancetest) expire 9 lines
12-15 21:43:17.821  1456  2067 D ConnectivityService: releasing NetworkRequest [ TRACK_DEFAULT id=9668, [ Capabilities: INTERNET&NOT_RESTRICTED&TRUSTED&NOT_VPN] ] (release request)
12-15 21:43:21.687  1456  4829 I ActivityManager: Force stopping org.mozilla.fenix.performancetest appid=10565 user=0: from pid 27621
12-15 21:43:21.688  1456  4829 I ActivityManager: Killing 27446:org.mozilla.fenix.performancetest/u0a565 (adj 700): stop org.mozilla.fenix.performancetest
12-15 21:43:21.690  1456  1605 W zygote  : kill(-27446, 9) failed: No such process
12-15 21:43:21.690  1456  4829 W ActivityManager: Force removing ActivityRecord{221e147 u0 org.mozilla.fenix.performancetest/org.mozilla.fenix.HomeActivity t9115}: app died, no saved state
12-15 21:43:21.699  1456  4829 I ActivityManager: Killing 27486:org.mozilla.fenix.performancetest:tab/u0a565 (adj 0): stop org.mozilla.fenix.performancetest
12-15 21:43:21.705 26329 26329 D GeckoMemoryMonitor: onTrimMemory() notification received with level 10
12-15 21:43:21.707 19801 19801 I AppBase : onTrimMemory(): 10
12-15 21:43:21.707 19801 19801 I GoogleInputMethodService: onTrimMemory(): 10
12-15 21:43:21.707  1456  1605 W zygote  : kill(-27446, 9) failed: No such process
12-15 21:43:21.716  2398  2398 D CarrierSvcBindHelper: No carrier app for: 0
12-15 21:43:21.717  2398  2398 D CarrierSvcBindHelper: No carrier app for: 1
12-15 21:43:21.722  1456  1605 W zygote  : kill(-27446, 9) failed: No such process
12-15 21:43:21.751  1456  1605 I chatty  : uid=1000(system) ActivityManager identical 2 lines
12-15 21:43:21.759  1456  1673 W ActivityManager: setHasOverlayUi called on unknown pid: 27446
12-15 21:43:21.766  1456  1605 W zygote  : kill(-27446, 9) failed: No such process
12-15 21:43:21.766  1456  1605 I zygote  : Successfully killed process cgroup uid 10565 pid 27446 in 76ms
12-15 21:43:21.767  1456  1605 W zygote  : kill(-27486, 9) failed: No such process
12-15 21:43:21.767  1456  1605 I zygote  : Successfully killed process cgroup uid 10565 pid 27486 in 0ms
12-15 21:43:21.810  1456  2915 I ActivityManager: START u0 {act=android.intent.action.MAIN cat=[android.intent.category.LAUNCHER] flg=0x10000000 cmp=org.mozilla.fenix.performancetest/org.mozilla.fenix.HomeActivity} from uid 2000
12-15 21:43:21.810   794   839 E ANDR-PERF-RESOURCEQS: Failed to apply optimization [4, 0]
12-15 21:43:21.824  1456  7796 I OpenGLRenderer: Initialized EGL, version 1.4
12-15 21:43:21.825  1456  7796 D OpenGLRenderer: Swap behavior 2
12-15 21:43:21.830  1456  5027 I ActivityManager: Start proc 27628:org.mozilla.fenix.performancetest/u0a565 for activity org.mozilla.fenix.performancetest/org.mozilla.fenix.HomeActivity
12-15 21:43:21.834 27628 27628 I chatty  : uid=10565(org.mozilla.fenix.performancetest) expire 63 lines
12-15 21:43:21.928  4192  4364 I MicroDetectionState: Should stop hotword detection immediately - false
12-15 21:43:21.928  4192  4364 I MicroDetector: Keeping mic open: false
12-15 21:43:21.928  4192  4364 I RecognitionAudioControl: #shutdownAudio [requestId: -7814502153155376824, keepAudioOpen: false, forced: true]
12-15 21:43:21.928  4192 27080 E DeviceStateChecker: DeviceStateChecker cancelled
12-15 21:43:21.929  4192  4364 I RecognitionAudioControl: #internalShutdownAudio [requestId: -7814502153155376824]
12-15 21:43:21.929  4192  4364 I RecognitionAudioControl: #internalShutdownAudio [keepAudioOpen: false, forced: true]
12-15 21:43:21.929  4192  4364 I RecognitionAudioControl: #actualShutdownAudio
12-15 21:43:21.929  4192  4364 I AudioController: #shutdown [requestId=-7814502153155376824]
12-15 21:43:21.929  4192 26436 I AudioController: internalShutdown
12-15 21:43:21.930  4192 26435 I MicroRecognitionRunner: Stopping hotword detection.
12-15 21:43:21.985   788  1479 D audio_hw_primary: disable_audio_route: usecase(9) reset and update mixer path: audio-record
12-15 21:43:21.985   788  1479 D audio_hw_primary: disable_snd_device: snd_device(120: voice-rec-mic)
12-15 21:43:21.986  1012  1390 D APM_AudioPolicyManager: stopInput() input 23390, session 23425
12-15 21:43:21.987   788  1401 D audio_hw_primary: in_set_parameters: enter: kvpairs=routing=0
12-15 21:43:21.989  4192 26436 I MicrophoneInputStream: mic_close  SR : 16000 CC : 16 SO : 1999
12-15 21:43:21.989  4192 26436 E AudioSource: Stop listening is called on already closed AudioSource
12-15 21:43:21.992  4192  7513 I MicroRecognitionRunner: Detection finished
12-15 21:43:22.066 27628 27645 I chatty  : uid=10565(org.mozilla.fenix.performancetest) expire 13 lines
12-15 21:43:22.276 27628 27657 I chatty  : uid=10565(org.mozilla.fenix.performancetest) expire 38 lines
12-15 21:43:22.406 27628 27666 I chatty  : uid=10565(org.mozilla.fenix.performancetest) expire 10 lines
12-15 21:43:22.408  1456  2915 I ActivityManager: Start proc 27667:org.mozilla.fenix.performancetest:tab/u0a565 for service org.mozilla.fenix.performancetest/org.mozilla.gecko.process.GeckoServiceChildProcess$tab
12-15 21:43:22.417 27667 27667 I chatty  : uid=10565(org.mozilla.fenix.performancetest) expire 2 lines
12-15 21:43:22.590 27667 27691 I chatty  : uid=10565(org.mozilla.fenix.performancetest) expire 1 line
12-15 21:43:22.707 27628 27633 I chatty  : uid=10565(org.mozilla.fenix.performancetest) expire 11 lines
12-15 21:43:22.894 26329 26343 D AuthStateProvider: Caller must be whitelisted.
12-15 21:43:23.096 27628 27719 I chatty  : uid=10565(org.mozilla.fenix.performancetest) expire 5 lines
12-15 21:43:23.562  1456  2915 I WifiService: getDhcpInfo uid=10565
12-15 21:43:24.151 27628 27750 I chatty  : uid=10565(org.mozilla.fenix.performancetest) expire 2 lines
12-15 21:43:24.567  1456  1673 I LaunchCheckinHandler: Displayed org.mozilla.fenix.performancetest/org.mozilla.fenix.HomeActivity,cp,ca,2749
12-15 21:43:24.568  1456  1673 I ActivityManager: Displayed org.mozilla.fenix.performancetest/org.mozilla.fenix.HomeActivity: +2s742ms
12-15 21:43:24.603 26329 26343 D AuthStateProvider: Caller must be whitelisted.
12-15 21:43:24.646 27628 27775 I chatty  : uid=10565(org.mozilla.fenix.performancetest) expire 4 lines
12-15 21:43:24.688 27628 27628 I chatty  : uid=10565(org.mozilla.fenix.performancetest) expire 5 lines
12-15 21:43:24.701  4192  4192 I MemoryTrimmer: Trimming objects from memory, since app is in the background.
12-15 21:43:24.706 25990 25990 I Finsky  : [2] pqo.onTrimMemory(1): Memory trim requested to level 80
12-15 21:43:24.709  4192  4192 I MemoryTrimmer: Trimming objects from memory, since app is in the background.
12-15 21:43:24.709  4192  6235 I PBSessionCacheImpl: Deleted sessionId[18438187063720141] from persistence.
12-15 21:43:24.710 27628 27644 I chatty  : uid=10565(org.mozilla.fenix.performancetest) expire 2 lines
12-15 21:43:24.713  1456  5027 I WifiService: getWifiEnabledState uid=10073
12-15 21:43:24.718  4192  4364 W SearchServiceCore: Abort, client detached.
12-15 21:43:24.948   808   898 I SFPerfTracer:      triggers: (rate: 0:0) (0 sw vsyncs) (0 skipped) (17:889548 vsyncs) (19:1908287)
12-15 21:43:27.466 27780 27780 D AndroidRuntime: >>>>>> START com.android.internal.os.RuntimeInit uid 2000 <<<<<<
12-15 21:43:27.479 27780 27780 W app_process: Could not reserve sentinel fault page
12-15 21:43:27.646 27780 27780 I app_process: The ClassLoaderContext is a special shared library.
12-15 21:43:27.719 27780 27780 D AndroidRuntime: Calling main entry com.android.commands.input.Input
12-15 21:43:27.730 27780 27780 I Input   : injectKeyEvent: KeyEvent { action=ACTION_DOWN, keyCode=KEYCODE_HOME, scanCode=0, metaState=0, flags=0x0, repeatCount=0, eventTime=8911431339, downTime=8911431339, deviceId=-1, source=0x101 }
12-15 21:43:27.736 27780 27780 I Input   : injectKeyEvent: KeyEvent { action=ACTION_UP, keyCode=KEYCODE_HOME, scanCode=0, metaState=0, flags=0x0, repeatCount=0, eventTime=8911431339, downTime=8911431339, deviceId=-1, source=0x101 }
12-15 21:43:27.743  1456  1941 I ActivityManager: START u0 {act=android.intent.action.MAIN cat=[android.intent.category.HOME] flg=0x10200000 cmp=com.android.launcher3/.CustomizationPanelLauncher (has extras)} from uid 1000
12-15 21:43:27.743   794   839 E ANDR-PERF-RESOURCEQS: Failed to apply optimization [4, 0]
12-15 21:43:27.753  1456  1941 I ActivityManager: moveHomeStack, setupComplete:true
12-15 21:43:27.757 27780 27780 D AndroidRuntime: Shutting down VM
12-15 21:43:27.761  4192  4304 I Adreno  : QUALCOMM build                   : bb5b86c, I77d3059488
12-15 21:43:27.761  4192  4304 I Adreno  : Build Date                       : 06/07/18
12-15 21:43:27.761  4192  4304 I Adreno  : OpenGL ES Shader Compiler Version: EV031.22.00.01_06
12-15 21:43:27.761  4192  4304 I Adreno  : Local Branch                     : 
12-15 21:43:27.761  4192  4304 I Adreno  : Remote Branch                    : refs/tags/AU_LINUX_ANDROID_LA.UM.6.5.R1.08.01.00.312.086
12-15 21:43:27.761  4192  4304 I Adreno  : Remote Branch                    : NONE
12-15 21:43:27.761  4192  4304 I Adreno  : Reconstruct Branch               : NOTHING
12-15 21:43:27.764  4192  4304 D vndksupport: Loading /vendor/lib/hw/gralloc.msm8937.so from current namespace instead of sphal namespace.
12-15 21:43:27.767  4192  4304 I Adreno  : PFP: 0x005ff087, ME: 0x005ff063
12-15 21:43:27.771  4192  4304 I zygote  : android::hardware::configstore::V1_0::ISurfaceFlingerConfigs::hasWideColorDisplay retrieved: 0
12-15 21:43:27.772  4192  4304 I OpenGLRenderer: Initialized EGL, version 1.4
12-15 21:43:27.772  4192  4304 D OpenGLRenderer: Swap behavior 2
12-15 21:43:27.779  2748  2748 D Launcher.Utilities: Wakeup weather: Intent { act=com.motorola.launcher3.action.WAKEUP_WEATHER cmp=com.motorola.timeweatherwidget/com.motorola.commandcenter.weather.WakeUpService }
12-15 21:43:27.794  1456  1456 I NotificationService: Cannot find enqueued record for key: 0|com.motorola.timeweatherwidget|1|null|10116
12-15 21:43:27.798   808   808 D SurfaceFlinger: duplicate layer name: changing com.android.launcher3/com.android.launcher3.CustomizationPanelLauncher to com.android.launcher3/com.android.launcher3.CustomizationPanelLauncher#1
12-15 21:43:27.809  4192 27080 W ThreadPoolDumper: Queue length for executor EventBus is now 11. Perhaps some tasks are too long, or the pool is too small.
12-15 21:43:27.812  1456  5027 I WifiService: getWifiEnabledState uid=10073
12-15 21:43:27.820  1456  5797 I WifiService: getWifiEnabledState uid=10073
12-15 21:43:27.845  4192  4364 I MicroDetectionState: Should stop hotword detection immediately - false
12-15 21:43:27.849  4192  4364 I MicroDetectionWorker: #startMicroDetector [speakerMode: 0]
12-15 21:43:27.850  4192  4364 I AudioController: Created new AudioSource
12-15 21:43:27.879  1456  1673 I LaunchCheckinHandler: Displayed com.android.launcher3/.CustomizationPanelLauncher,wp,wa,136
12-15 21:43:27.880  4192  4364 I MicroDetectionWorker: onReady
12-15 21:43:27.880  4192 26435 I MicroDataManager: isInitializedWithLatestParams-true
12-15 21:43:27.880  4192 26435 I MicroDataManager: isInitializing-false locale not changed-true model not changed-true
12-15 21:43:27.881  4192 26435 I MicroDataManager: Already initialized, obtaining the hotword data immediately.
12-15 21:43:27.883 25990 25990 I Finsky  : [2] pqo.onTrimMemory(1): Memory trim requested to level 80
12-15 21:43:27.885  4192 30458 I MicroRecognitionRunner: Starting detection.
12-15 21:43:27.885  4192 30458 I InputStreamUtils: Using micInputStream
12-15 21:43:27.885  4192  6235 I MicrophoneInputStream: mic_starting  SR : 16000 CC : 16 SO : 1999
12-15 21:43:27.889   788  1401 V msm8974_platform: platform_check_input_mask: enter check_input_mask source 6 mask 10
12-15 21:43:27.892  1012 27795 I AudioFlinger: AudioFlinger's thread 0xb2483b40 tid=27795 ready to run
12-15 21:43:27.897   788  1401 D audio_hw_primary: in_set_parameters: enter: kvpairs=input_source=6;routing=-2147483644
12-15 21:43:27.898  1012 13178 D APM_AudioPolicyManager: AudioPolicyManager::startInput() input 23398, session 23433, source = 1999
12-15 21:43:27.899  4192  6235 I MicrophoneInputStream: mic_started  SR : 16000 CC : 16 SO : 1999
12-15 21:43:27.900   788 27796 V msm8974_platform: platform_update_usecase_from_source: input source :6
12-15 21:43:27.900   788 27796 V msm8974_platform: platform_check_input_mask: enter check_input_mask source 6 mask 10
12-15 21:43:27.900   788 27796 V msm8974_platform: platform_get_input_snd_device: enter: out_device(0) in_device(0x4) channel_count (1) channel_mask (0x10)
12-15 21:43:27.900   788 27796 V msm8974_platform: platform_get_input_snd_device: exit: in_snd_device(voice-rec-mic)
12-15 21:43:27.900   788 27796 V msm8974_platform: platform_get_backend_index:napb: backend port - 5 device - 120 
12-15 21:43:27.900   788 27796 V msm8974_platform: platform_check_and_set_capture_backend_cfg:txbecf: afe: bitwidth 0, samplerate 0, channel 1, backend_idx 5 usecase = 9 device (voice-rec-mic)
12-15 21:43:27.900   788 27796 V msm8974_platform: platform_check_capture_backend_cfg:txbecf: afe: Codec selected backend: 5 current bit width: 0 and sample rate: 0, channels 1
12-15 21:43:27.900   788 27796 V msm8974_platform: platform_check_capture_backend_cfg:txbecf: afe: Codec selected backend: 5 updated bit width: 0 and sample rate: 0
12-15 21:43:27.900   788 27796 I msm8974_platform: platform_check_capture_backend_cfg:txbecf: afe: Codec backend needs to be updated. new bit width: 0 new sample rate: 0 new channel: 1
12-15 21:43:27.900   788 27796 V msm8974_platform: platform_get_backend_index:napb: backend port - 5 device - 120 
12-15 21:43:27.900   788 27796 V msm8974_platform: platform_set_backend_cfg:becf: afe: bitwidth 0, samplerate 0 channels 1, backend_idx 5 device (voice-rec-mic)
12-15 21:43:27.901   788 27796 E msm8974_platform: platform_set_backend_cfg:becf: afe: Could not get ctl for mixer command - SLIM_0_TX Format
12-15 21:43:27.901   788 27796 V msm8974_platform: platform_send_audio_calibration: sending audio calibration for snd_device(120) acdb_id(62)
12-15 21:43:27.901   788 27796 D ACDB-LOADER: ACDB -> send_audio_cal, acdb_id = 62, path = 1, app id = 0x11130, sample rate = 48000
12-15 21:43:27.901   788 27796 D ACDB-LOADER: ACDB -> send_asm_topology
12-15 21:43:27.901   788 27796 D ACDB-LOADER: ACDB -> ACDB_CMD_GET_AUDPROC_STREAM_TOPOLOGY_ID
12-15 21:43:27.901   788 27796 D ACDB-LOADER: ACDB -> send_adm_topology
12-15 21:43:27.901   788 27796 D ACDB-LOADER: ACDB -> ACDB_CMD_GET_AUDPROC_COMMON_TOPOLOGY_ID
12-15 21:43:27.901   788 27796 D ACDB-LOADER: ACDB -> send_audtable
12-15 21:43:27.901   788 27796 D ACDB-LOADER: ACDB -> ACDB_CMD_GET_AUDPROC_COMMON_TABLE_SIZE
12-15 21:43:27.901   788 27796 D ACDB-LOADER: ACDB -> ACDB_CMD_GET_AUDPROC_COMMON_TABLE
12-15 21:43:27.901   788 27796 D ACDB-LOADER: ACDB -> AUDIO_SET_AUDPROC_CAL
12-15 21:43:27.901   788 27796 D ACDB-LOADER: ACDB -> send_audvoltable
12-15 21:43:27.901   788 27796 D ACDB-LOADER: ACDB -> ACDB_CMD_GET_AUDPROC_VOL_STEP_TABLE_SIZE
12-15 21:43:27.901   788 27796 D ACDB-LOADER: ACDB -> ACDB_CMD_GET_AUDPROC_GAIN_DEP_STEP_TABLE, vol index 0
12-15 21:43:27.901   788 27796 D         : Failed to fetch the lookup information of the device 0000003E 
12-15 21:43:27.901   788 27796 D ACDB-LOADER: ACDB -> AUDIO_SET_VOL_CAL cal type = 12
12-15 21:43:27.901   788 27796 D ACDB-LOADER: ACDB -> ACDB_CMD_GET_AUDPROC_STREAM_TABLE_SIZE
12-15 21:43:27.901   788 27796 D ACDB-LOADER: ACDB -> send_audstrmtable
12-15 21:43:27.901   788 27796 D ACDB-LOADER: ACDB -> ACDB_CMD_GET_AUDPROC_STREAM_TABLE_V2
12-15 21:43:27.901   788 27796 D ACDB-LOADER: ACDB -> audstrm_cal->cal_type.cal_data.cal_size = 456
12-15 21:43:27.901   788 27796 D ACDB-LOADER: ACDB -> send_afe_topology
12-15 21:43:27.901   788 27796 D ACDB-LOADER: ACDB -> ACDB_CMD_GET_AFE_TOPOLOGY_ID
12-15 21:43:27.901   788 27796 D ACDB-LOADER: ACDB -> GET_AFE_TOPOLOGY_ID for adcd_id 62, Topology Id 112fb
12-15 21:43:27.901   788 27796 D ACDB-LOADER: ACDB -> send_afe_cal
12-15 21:43:27.901   788 27796 D ACDB-LOADER: ACDB -> ACDB_CMD_GET_AFE_COMMON_TABLE_SIZE
12-15 21:43:27.901   788 27796 D         : Failed to fetch the lookup information of the device 0000003E 
12-15 21:43:27.901   788 27796 E ACDB-LOADER: Error: ACDB_CMD_GET_AFE_COMMON_TABLE_SIZE Returned = -19
12-15 21:43:27.901   788 27796 D ACDB-LOADER: ACDB -> ACDB_CMD_GET_AFE_COMMON_TABLE
12-15 21:43:27.901   788 27796 D         : Failed to fetch the lookup information of the device 0000003E 
12-15 21:43:27.901   788 27796 D ACDB-LOADER: ACDB -> AUDIO_SET_AFE_CAL
12-15 21:43:27.902   788 27796 D ACDB-LOADER: ACDB -> send_hw_delay : acdb_id = 62 path = 1
12-15 21:43:27.902   788 27796 D ACDB-LOADER: ACDB -> ACDB_AVSYNC_INFO: ACDB_CMD_GET_DEVICE_PROPERTY
12-15 21:43:27.902   788 27796 D audio_hw_primary: enable_snd_device: snd_device(120: voice-rec-mic)
12-15 21:43:27.902   788 27796 D audio_route: Apply path: voice-rec-mic
12-15 21:43:27.906   788 27796 V msm8974_platform: platform_get_snd_device_backend_index: enter with device 120
12-15 21:43:27.906   788 27796 E msm8974_platform: platform_get_snd_device_backend_index: BE DAI Name Table is not present
12-15 21:43:27.906   788 27796 V msm8974_platform: platform_get_backend_index:napb: backend port - 5 device - 120 
12-15 21:43:27.906   788 27796 I audio_hw_utils: Set Audio Stream Capture 0 App Type Cfg: app_type 69936, acdb_dev_id 62, sample_rate 48000, snd_device_be_idx -14
12-15 21:43:27.906   788 27796 D audio_hw_primary: enable_audio_route: usecase(9) apply and update mixer path: audio-record
12-15 21:43:27.906   788 27796 D audio_route: Apply path: audio-record
12-15 21:43:27.981  4192  4364 I MicroDetectionWorker: onReady
12-15 21:43:28.076   808   808 I SFPerfTracer:      triggers: (rate: 48:45344) (compose: 0:5) (post: 0:12) (render: 0:9) (10:1041931 frames) (11:1890035)
12-15 21:43:28.076   808   808 D SFPerfTracer:        layers: (5:13) (NavigationBar#0 (0xb07df000): 10:233135) (StatusBar#0 (0xb07e3000): 9:842819) (com.android.systemui.ImageWallpaper#0 (0xb07e7000): 1:15836) (Sprite#0 (0xb0733000): 0:317)* (DimLayerController/Stack=0#0 (0xb075a000): 0:3382)* (Sprite#1 (0xb077c000): 0:195)* (org.mozilla.fenix.performancetest/org.mozilla.fenix.HomeActivity#0 (0xb039b000): 0:46)- (com.android.launcher3/com.android.launcher3.CustomizationPanelLauncher#0 (0xb0763000): 0:38)- (com.android.launcher3/com.android.launcher3.CustomizationPanelLauncher#1 (0xb0771000): 0:10)- (Splash Screen org.mozilla.fenix.performancetest#0 (0xb0384000): 0:32)- (org.mozilla.fenix.performancetest/org.mozilla.fenix.HomeActivity#0 (0xb039b000): 11:34) (com.android.launcher3/com.android.launcher3.CustomizationPanelLauncher#0 (0xb0763000): 11:16)* (com.android.launcher3/com.android.launcher3.CustomizationPanelLauncher#1 (0xb0771000): 1:4) 
12-15 21:43:28.279  1456  7796 I OpenGLRenderer: Initialized EGL, version 1.4
12-15 21:43:28.279  1456  7796 D OpenGLRenderer: Swap behavior 2
12-15 21:43:28.326  2748  2917 W OpenGLRenderer: Incorrectly called buildLayer on View: ShortcutAndWidgetContainer, destroying layer...
12-15 21:43:28.456 27628 27645 I chatty  : uid=10565(org.mozilla.fenix.performancetest) expire 1 line
12-15 21:43:28.464 27628 27733 I chatty  : uid=10565(org.mozilla.fenix.performancetest) expire 6 lines
12-15 21:43:28.530  1456  2915 D ConnectivityService: requestNetwork for uid/pid:10565/27628 NetworkRequest [ TRACK_DEFAULT id=9669, [ Capabilities: INTERNET&NOT_RESTRICTED&TRUSTED&NOT_VPN] ]
12-15 21:43:28.532  1456  2054 D WIFI_UT : got request NetworkRequest [ TRACK_DEFAULT id=9669, [ Capabilities: INTERNET&NOT_RESTRICTED&TRUSTED&NOT_VPN] ] with score 60
12-15 21:43:28.532  1456  2099 D Ethernet: got request NetworkRequest [ TRACK_DEFAULT id=9669, [ Capabilities: INTERNET&NOT_RESTRICTED&TRUSTED&NOT_VPN] ] with score 60
12-15 21:43:28.533  1456  2054 D WIFI    : got request NetworkRequest [ TRACK_DEFAULT id=9669, [ Capabilities: INTERNET&NOT_RESTRICTED&TRUSTED&NOT_VPN] ] with score 60
12-15 21:43:28.533  2398  2398 D PhoneSwitcherNetworkRequstListener: got request NetworkRequest [ TRACK_DEFAULT id=9669, [ Capabilities: INTERNET&NOT_RESTRICTED&TRUSTED&NOT_VPN] ] with score 60
12-15 21:43:28.553  1456  1466 I zygote  : NativeAlloc concurrent copying GC freed 44488(2MB) AllocSpace objects, 24(864KB) LOS objects, 42% free, 28MB/49MB, paused 151us total 273.851ms
12-15 21:43:28.561 27628 27797 I chatty  : uid=10565(org.mozilla.fenix.performancetest) expire 9 lines
12-15 21:43:29.095  1456  2067 D ConnectivityService: releasing NetworkRequest [ TRACK_DEFAULT id=9669, [ Capabilities: INTERNET&NOT_RESTRICTED&TRUSTED&NOT_VPN] ] (release request)
12-15 21:43:32.913  1456  2915 I ActivityManager: Force stopping org.mozilla.fenix.performancetest appid=10565 user=0: from pid 27801
12-15 21:43:32.913  1456  2915 I ActivityManager: Killing 27628:org.mozilla.fenix.performancetest/u0a565 (adj 700): stop org.mozilla.fenix.performancetest
12-15 21:43:32.915  1456  1605 W zygote  : kill(-27628, 9) failed: No such process
12-15 21:43:32.916  1456  2915 W ActivityManager: Force removing ActivityRecord{872cb8 u0 org.mozilla.fenix.performancetest/org.mozilla.fenix.HomeActivity t9116}: app died, no saved state
12-15 21:43:32.916 27667 27667 I chatty  : uid=10565(org.mozilla.fenix.performancetest) expire 1 line
12-15 21:43:32.924  1456  2915 I ActivityManager: Killing 27667:org.mozilla.fenix.performancetest:tab/u0a565 (adj 0): stop org.mozilla.fenix.performancetest
12-15 21:43:32.929  1456  1605 W zygote  : kill(-27628, 9) failed: No such process
12-15 21:43:32.939  2398  2398 D CarrierSvcBindHelper: No carrier app for: 0
12-15 21:43:32.939  2398  2398 D CarrierSvcBindHelper: No carrier app for: 1
12-15 21:43:32.942  1456  1605 W zygote  : kill(-27628, 9) failed: No such process
12-15 21:43:32.972  1456  1605 I chatty  : uid=1000(system) ActivityManager identical 4 lines
12-15 21:43:32.980  1456  1673 W ActivityManager: setHasOverlayUi called on unknown pid: 27628
12-15 21:43:32.988  1456  1605 W zygote  : kill(-27628, 9) failed: No such process
12-15 21:43:32.988  1456  1605 I zygote  : Successfully killed process cgroup uid 10565 pid 27628 in 73ms
12-15 21:43:32.988  1456  1605 W zygote  : kill(-27667, 9) failed: No such process
12-15 21:43:32.988  1456  1605 I zygote  : Successfully killed process cgroup uid 10565 pid 27667 in 0ms
12-15 21:43:33.032  1456  4802 I ActivityManager: START u0 {act=android.intent.action.MAIN cat=[android.intent.category.LAUNCHER] flg=0x10000000 cmp=org.mozilla.fenix.performancetest/org.mozilla.fenix.HomeActivity} from uid 2000
12-15 21:43:33.033   794   839 E ANDR-PERF-RESOURCEQS: Failed to apply optimization [4, 0]
12-15 21:43:33.054  1456  2923 I ActivityManager: Start proc 27808:org.mozilla.fenix.performancetest/u0a565 for activity org.mozilla.fenix.performancetest/org.mozilla.fenix.HomeActivity
12-15 21:43:33.057 27808 27808 I chatty  : uid=10565(org.mozilla.fenix.performancetest) expire 68 lines
12-15 21:43:33.151  4192  4364 I MicroDetectionState: Should stop hotword detection immediately - false
12-15 21:43:33.151  4192  4364 I MicroDetector: Keeping mic open: false
12-15 21:43:33.151  4192  4364 I RecognitionAudioControl: #shutdownAudio [requestId: 8766410113120238008, keepAudioOpen: false, forced: true]
12-15 21:43:33.151  4192  4364 I RecognitionAudioControl: #internalShutdownAudio [requestId: 8766410113120238008]
12-15 21:43:33.151  4192  4364 I RecognitionAudioControl: #internalShutdownAudio [keepAudioOpen: false, forced: true]
12-15 21:43:33.152  4192  4364 I RecognitionAudioControl: #actualShutdownAudio
12-15 21:43:33.152  4192  4364 I AudioController: #shutdown [requestId=8766410113120238008]
12-15 21:43:33.152  4192 26435 I AudioController: internalShutdown
12-15 21:43:33.152  4192 27080 E DeviceStateChecker: DeviceStateChecker cancelled
12-15 21:43:33.153  4192 26436 I MicroRecognitionRunner: Stopping hotword detection.
12-15 21:43:33.203   788  1401 D audio_hw_primary: disable_audio_route: usecase(9) reset and update mixer path: audio-record
12-15 21:43:33.204   788  1401 D audio_hw_primary: disable_snd_device: snd_device(120: voice-rec-mic)
12-15 21:43:33.206  1012  1390 D APM_AudioPolicyManager: stopInput() input 23398, session 23433
12-15 21:43:33.207   788  1479 D audio_hw_primary: in_set_parameters: enter: kvpairs=routing=0
12-15 21:43:33.208  4192 26435 I MicrophoneInputStream: mic_close  SR : 16000 CC : 16 SO : 1999
12-15 21:43:33.209  4192 26435 E AudioSource: Stop listening is called on already closed AudioSource
12-15 21:43:33.210  4192 30458 I MicroRecognitionRunner: Detection finished
12-15 21:43:33.288 27808 27825 I chatty  : uid=10565(org.mozilla.fenix.performancetest) expire 14 lines
12-15 21:43:33.503 27808 27839 I chatty  : uid=10565(org.mozilla.fenix.performancetest) expire 38 lines
12-15 21:43:33.628 27808 27846 I chatty  : uid=10565(org.mozilla.fenix.performancetest) expire 10 lines
12-15 21:43:33.638  1456  2923 I ActivityManager: Start proc 27848:org.mozilla.fenix.performancetest:tab/u0a565 for service org.mozilla.fenix.performancetest/org.mozilla.gecko.process.GeckoServiceChildProcess$tab
12-15 21:43:33.647 27848 27848 I chatty  : uid=10565(org.mozilla.fenix.performancetest) expire 3 lines
12-15 21:43:33.812 27848 27871 I chatty  : uid=10565(org.mozilla.fenix.performancetest) expire 1 line
12-15 21:43:33.933 27808 27813 I chatty  : uid=10565(org.mozilla.fenix.performancetest) expire 11 lines
12-15 21:43:34.120 26329 26343 D AuthStateProvider: Caller must be whitelisted.
12-15 21:43:34.328 27808 27900 I chatty  : uid=10565(org.mozilla.fenix.performancetest) expire 5 lines
12-15 21:43:34.776  1456  2923 I WifiService: getDhcpInfo uid=10565
12-15 21:43:35.372 27808 27930 I chatty  : uid=10565(org.mozilla.fenix.performancetest) expire 2 lines
12-15 21:43:35.771  1456  1673 I LaunchCheckinHandler: Displayed org.mozilla.fenix.performancetest/org.mozilla.fenix.HomeActivity,cp,ca,2730
12-15 21:43:35.771  1456  1673 I ActivityManager: Displayed org.mozilla.fenix.performancetest/org.mozilla.fenix.HomeActivity: +2s725ms
12-15 21:43:35.798 26329 26343 D AuthStateProvider: Caller must be whitelisted.
12-15 21:43:35.840 27808 27953 I chatty  : uid=10565(org.mozilla.fenix.performancetest) expire 4 lines
12-15 21:43:35.894  4192  4192 I MemoryTrimmer: Trimming objects from memory, since app is in the background.
12-15 21:43:35.899 25990 25990 I Finsky  : [2] pqo.onTrimMemory(1): Memory trim requested to level 80
12-15 21:43:35.901  4192  4192 I MemoryTrimmer: Trimming objects from memory, since app is in the background.
12-15 21:43:35.903  4192  6235 I PBSessionCacheImpl: Deleted sessionId[18438187063720146] from persistence.
12-15 21:43:35.906  1456  2921 I WifiService: getWifiEnabledState uid=10073
12-15 21:43:35.909  4192  4364 W SearchServiceCore: Abort, client detached.
12-15 21:43:35.952 27808 27834 I chatty  : uid=10565(org.mozilla.fenix.performancetest) expire 1 line
12-15 21:43:38.686 27958 27958 D AndroidRuntime: >>>>>> START com.android.internal.os.RuntimeInit uid 2000 <<<<<<
12-15 21:43:38.699 27958 27958 W app_process: Could not reserve sentinel fault page
12-15 21:43:38.874 27958 27958 I app_process: The ClassLoaderContext is a special shared library.
12-15 21:43:38.940 27958 27958 D AndroidRuntime: Calling main entry com.android.commands.input.Input
12-15 21:43:38.950 27958 27958 I Input   : injectKeyEvent: KeyEvent { action=ACTION_DOWN, keyCode=KEYCODE_HOME, scanCode=0, metaState=0, flags=0x0, repeatCount=0, eventTime=8911442558, downTime=8911442558, deviceId=-1, source=0x101 }
12-15 21:43:38.957 27958 27958 I Input   : injectKeyEvent: KeyEvent { action=ACTION_UP, keyCode=KEYCODE_HOME, scanCode=0, metaState=0, flags=0x0, repeatCount=0, eventTime=8911442558, downTime=8911442558, deviceId=-1, source=0x101 }
12-15 21:43:38.963  1456  1941 I ActivityManager: START u0 {act=android.intent.action.MAIN cat=[android.intent.category.HOME] flg=0x10200000 cmp=com.android.launcher3/.CustomizationPanelLauncher (has extras)} from uid 1000
12-15 21:43:38.964   794   839 E ANDR-PERF-RESOURCEQS: Failed to apply optimization [4, 0]
12-15 21:43:38.974  1456  1941 I ActivityManager: moveHomeStack, setupComplete:true
12-15 21:43:38.977 27958 27958 D AndroidRuntime: Shutting down VM
12-15 21:43:38.987  4192  4304 I Adreno  : QUALCOMM build                   : bb5b86c, I77d3059488
12-15 21:43:38.987  4192  4304 I Adreno  : Build Date                       : 06/07/18
12-15 21:43:38.987  4192  4304 I Adreno  : OpenGL ES Shader Compiler Version: EV031.22.00.01_06
12-15 21:43:38.987  4192  4304 I Adreno  : Local Branch                     : 
12-15 21:43:38.987  4192  4304 I Adreno  : Remote Branch                    : refs/tags/AU_LINUX_ANDROID_LA.UM.6.5.R1.08.01.00.312.086
12-15 21:43:38.987  4192  4304 I Adreno  : Remote Branch                    : NONE
12-15 21:43:38.987  4192  4304 I Adreno  : Reconstruct Branch               : NOTHING
12-15 21:43:38.991  4192  4304 D vndksupport: Loading /vendor/lib/hw/gralloc.msm8937.so from current namespace instead of sphal namespace.
12-15 21:43:38.995  4192  4304 I Adreno  : PFP: 0x005ff087, ME: 0x005ff063
12-15 21:43:39.000  4192  4304 I zygote  : android::hardware::configstore::V1_0::ISurfaceFlingerConfigs::hasWideColorDisplay retrieved: 0
12-15 21:43:39.001  4192  4304 I OpenGLRenderer: Initialized EGL, version 1.4
12-15 21:43:39.001  4192  4304 D OpenGLRenderer: Swap behavior 2
12-15 21:43:39.001  2748  2748 D Launcher.Utilities: Wakeup weather: Intent { act=com.motorola.launcher3.action.WAKEUP_WEATHER cmp=com.motorola.timeweatherwidget/com.motorola.commandcenter.weather.WakeUpService }
12-15 21:43:39.013  1456  1456 I NotificationService: Cannot find enqueued record for key: 0|com.motorola.timeweatherwidget|1|null|10116
12-15 21:43:39.018   808   808 D SurfaceFlinger: duplicate layer name: changing com.android.launcher3/com.android.launcher3.CustomizationPanelLauncher to com.android.launcher3/com.android.launcher3.CustomizationPanelLauncher#1
12-15 21:43:39.036  4192  4192 W ThreadPoolDumper: Queue length for executor EventBus is now 11. Perhaps some tasks are too long, or the pool is too small.
12-15 21:43:39.042  1456  4797 I WifiService: getWifiEnabledState uid=10073
12-15 21:43:39.048  1456  2923 I WifiService: getWifiEnabledState uid=10073
12-15 21:43:39.064 25990 25990 I Finsky  : [2] pqo.onTrimMemory(1): Memory trim requested to level 80
12-15 21:43:39.076  4192  4364 I MicroDetectionState: Should stop hotword detection immediately - false
12-15 21:43:39.079  4192  4364 I MicroDetectionWorker: #startMicroDetector [speakerMode: 0]
12-15 21:43:39.080  4192  4364 I AudioController: Created new AudioSource
12-15 21:43:39.105  1456  1673 I LaunchCheckinHandler: Displayed com.android.launcher3/.CustomizationPanelLauncher,wp,wa,141
12-15 21:43:39.105  4192  4364 I MicroDetectionWorker: onReady
12-15 21:43:39.105  4192 26438 I MicroDataManager: isInitializedWithLatestParams-true
12-15 21:43:39.105  4192 26438 I MicroDataManager: isInitializing-false locale not changed-true model not changed-true
12-15 21:43:39.106  4192 26438 I MicroDataManager: Already initialized, obtaining the hotword data immediately.
12-15 21:43:39.110  4192 26453 I MicroRecognitionRunner: Starting detection.
12-15 21:43:39.110  4192 26453 I InputStreamUtils: Using micInputStream
12-15 21:43:39.111  4192  6235 I MicrophoneInputStream: mic_starting  SR : 16000 CC : 16 SO : 1999
12-15 21:43:39.113   788  1479 V msm8974_platform: platform_check_input_mask: enter check_input_mask source 6 mask 10
12-15 21:43:39.115  1012 27973 I AudioFlinger: AudioFlinger's thread 0xb2483ac0 tid=27973 ready to run
12-15 21:43:39.121   788  1479 D audio_hw_primary: in_set_parameters: enter: kvpairs=input_source=6;routing=-2147483644
12-15 21:43:39.122  1012 19499 D APM_AudioPolicyManager: AudioPolicyManager::startInput() input 23406, session 23441, source = 1999
12-15 21:43:39.123  4192  6235 I MicrophoneInputStream: mic_started  SR : 16000 CC : 16 SO : 1999
12-15 21:43:39.124   788 27974 V msm8974_platform: platform_update_usecase_from_source: input source :6
12-15 21:43:39.124   788 27974 V msm8974_platform: platform_check_input_mask: enter check_input_mask source 6 mask 10
12-15 21:43:39.124   788 27974 V msm8974_platform: platform_get_input_snd_device: enter: out_device(0) in_device(0x4) channel_count (1) channel_mask (0x10)
12-15 21:43:39.124   788 27974 V msm8974_platform: platform_get_input_snd_device: exit: in_snd_device(voice-rec-mic)
12-15 21:43:39.124   788 27974 V msm8974_platform: platform_get_backend_index:napb: backend port - 5 device - 120 
12-15 21:43:39.124   788 27974 V msm8974_platform: platform_check_and_set_capture_backend_cfg:txbecf: afe: bitwidth 0, samplerate 0, channel 1, backend_idx 5 usecase = 9 device (voice-rec-mic)
12-15 21:43:39.124   788 27974 V msm8974_platform: platform_check_capture_backend_cfg:txbecf: afe: Codec selected backend: 5 current bit width: 0 and sample rate: 0, channels 1
12-15 21:43:39.124   788 27974 V msm8974_platform: platform_check_capture_backend_cfg:txbecf: afe: Codec selected backend: 5 updated bit width: 0 and sample rate: 0
12-15 21:43:39.124   788 27974 I msm8974_platform: platform_check_capture_backend_cfg:txbecf: afe: Codec backend needs to be updated. new bit width: 0 new sample rate: 0 new channel: 1
12-15 21:43:39.124   788 27974 V msm8974_platform: platform_get_backend_index:napb: backend port - 5 device - 120 
12-15 21:43:39.125   788 27974 V msm8974_platform: platform_set_backend_cfg:becf: afe: bitwidth 0, samplerate 0 channels 1, backend_idx 5 device (voice-rec-mic)
12-15 21:43:39.125   788 27974 E msm8974_platform: platform_set_backend_cfg:becf: afe: Could not get ctl for mixer command - SLIM_0_TX Format
12-15 21:43:39.125   788 27974 V msm8974_platform: platform_send_audio_calibration: sending audio calibration for snd_device(120) acdb_id(62)
12-15 21:43:39.125   788 27974 D ACDB-LOADER: ACDB -> send_audio_cal, acdb_id = 62, path = 1, app id = 0x11130, sample rate = 48000
12-15 21:43:39.125   788 27974 D ACDB-LOADER: ACDB -> send_asm_topology
12-15 21:43:39.125   788 27974 D ACDB-LOADER: ACDB -> ACDB_CMD_GET_AUDPROC_STREAM_TOPOLOGY_ID
12-15 21:43:39.125   788 27974 D ACDB-LOADER: ACDB -> send_adm_topology
12-15 21:43:39.125   788 27974 D ACDB-LOADER: ACDB -> ACDB_CMD_GET_AUDPROC_COMMON_TOPOLOGY_ID
12-15 21:43:39.125   788 27974 D ACDB-LOADER: ACDB -> send_audtable
12-15 21:43:39.125   788 27974 D ACDB-LOADER: ACDB -> ACDB_CMD_GET_AUDPROC_COMMON_TABLE_SIZE
12-15 21:43:39.125   788 27974 D ACDB-LOADER: ACDB -> ACDB_CMD_GET_AUDPROC_COMMON_TABLE
12-15 21:43:39.125   788 27974 D ACDB-LOADER: ACDB -> AUDIO_SET_AUDPROC_CAL
12-15 21:43:39.125   788 27974 D ACDB-LOADER: ACDB -> send_audvoltable
12-15 21:43:39.125   788 27974 D ACDB-LOADER: ACDB -> ACDB_CMD_GET_AUDPROC_VOL_STEP_TABLE_SIZE
12-15 21:43:39.125   788 27974 D ACDB-LOADER: ACDB -> ACDB_CMD_GET_AUDPROC_GAIN_DEP_STEP_TABLE, vol index 0
12-15 21:43:39.125   788 27974 D         : Failed to fetch the lookup information of the device 0000003E 
12-15 21:43:39.125   788 27974 D ACDB-LOADER: ACDB -> AUDIO_SET_VOL_CAL cal type = 12
12-15 21:43:39.125   788 27974 D ACDB-LOADER: ACDB -> ACDB_CMD_GET_AUDPROC_STREAM_TABLE_SIZE
12-15 21:43:39.125   788 27974 D ACDB-LOADER: ACDB -> send_audstrmtable
12-15 21:43:39.125   788 27974 D ACDB-LOADER: ACDB -> ACDB_CMD_GET_AUDPROC_STREAM_TABLE_V2
12-15 21:43:39.125   788 27974 D ACDB-LOADER: ACDB -> audstrm_cal->cal_type.cal_data.cal_size = 456
12-15 21:43:39.125   788 27974 D ACDB-LOADER: ACDB -> send_afe_topology
12-15 21:43:39.125   788 27974 D ACDB-LOADER: ACDB -> ACDB_CMD_GET_AFE_TOPOLOGY_ID
12-15 21:43:39.125   788 27974 D ACDB-LOADER: ACDB -> GET_AFE_TOPOLOGY_ID for adcd_id 62, Topology Id 112fb
12-15 21:43:39.125   788 27974 D ACDB-LOADER: ACDB -> send_afe_cal
12-15 21:43:39.126   788 27974 D ACDB-LOADER: ACDB -> ACDB_CMD_GET_AFE_COMMON_TABLE_SIZE
12-15 21:43:39.126   788 27974 D         : Failed to fetch the lookup information of the device 0000003E 
12-15 21:43:39.126   788 27974 E ACDB-LOADER: Error: ACDB_CMD_GET_AFE_COMMON_TABLE_SIZE Returned = -19
12-15 21:43:39.126   788 27974 D ACDB-LOADER: ACDB -> ACDB_CMD_GET_AFE_COMMON_TABLE
12-15 21:43:39.126   788 27974 D         : Failed to fetch the lookup information of the device 0000003E 
12-15 21:43:39.126   788 27974 D ACDB-LOADER: ACDB -> AUDIO_SET_AFE_CAL
12-15 21:43:39.126   788 27974 D ACDB-LOADER: ACDB -> send_hw_delay : acdb_id = 62 path = 1
12-15 21:43:39.126   788 27974 D ACDB-LOADER: ACDB -> ACDB_AVSYNC_INFO: ACDB_CMD_GET_DEVICE_PROPERTY
12-15 21:43:39.126   788 27974 D audio_hw_primary: enable_snd_device: snd_device(120: voice-rec-mic)
12-15 21:43:39.126   788 27974 D audio_route: Apply path: voice-rec-mic
12-15 21:43:39.129   788 27974 V msm8974_platform: platform_get_snd_device_backend_index: enter with device 120
12-15 21:43:39.129   788 27974 E msm8974_platform: platform_get_snd_device_backend_index: BE DAI Name Table is not present
12-15 21:43:39.129   788 27974 V msm8974_platform: platform_get_backend_index:napb: backend port - 5 device - 120 
12-15 21:43:39.129   788 27974 I audio_hw_utils: Set Audio Stream Capture 0 App Type Cfg: app_type 69936, acdb_dev_id 62, sample_rate 48000, snd_device_be_idx -14
12-15 21:43:39.129   788 27974 D audio_hw_primary: enable_audio_route: usecase(9) apply and update mixer path: audio-record
12-15 21:43:39.129   788 27974 D audio_route: Apply path: audio-record
12-15 21:43:39.198  4192  4364 I MicroDetectionWorker: onReady
12-15 21:43:39.508  1456  7796 I OpenGLRenderer: Initialized EGL, version 1.4
