12-20 22:05:26.023   788 20268 V msm8974_platform: platform_get_backend_index:napb: backend port - 5 device - 120 
12-20 22:05:26.023   788 20268 V msm8974_platform: platform_set_backend_cfg:becf: afe: bitwidth 0, samplerate 0 channels 1, backend_idx 5 device (voice-rec-mic)
12-20 22:05:26.024   788 20268 E msm8974_platform: platform_set_backend_cfg:becf: afe: Could not get ctl for mixer command - SLIM_0_TX Format
12-20 22:05:26.024   788 20268 V msm8974_platform: platform_send_audio_calibration: sending audio calibration for snd_device(120) acdb_id(62)
12-20 22:05:26.024   788 20268 D ACDB-LOADER: ACDB -> send_audio_cal, acdb_id = 62, path = 1, app id = 0x11130, sample rate = 48000
12-20 22:05:26.024   788 20268 D ACDB-LOADER: ACDB -> send_asm_topology
12-20 22:05:26.024   788 20268 D ACDB-LOADER: ACDB -> ACDB_CMD_GET_AUDPROC_STREAM_TOPOLOGY_ID
12-20 22:05:26.024   788 20268 D ACDB-LOADER: ACDB -> send_adm_topology
12-20 22:05:26.024   788 20268 D ACDB-LOADER: ACDB -> ACDB_CMD_GET_AUDPROC_COMMON_TOPOLOGY_ID
12-20 22:05:26.024   788 20268 D ACDB-LOADER: ACDB -> send_audtable
12-20 22:05:26.024   788 20268 D ACDB-LOADER: ACDB -> ACDB_CMD_GET_AUDPROC_COMMON_TABLE_SIZE
12-20 22:05:26.024   788 20268 D ACDB-LOADER: ACDB -> ACDB_CMD_GET_AUDPROC_COMMON_TABLE
12-20 22:05:26.024   788 20268 D ACDB-LOADER: ACDB -> AUDIO_SET_AUDPROC_CAL
12-20 22:05:26.024   788 20268 D ACDB-LOADER: ACDB -> send_audvoltable
12-20 22:05:26.024   788 20268 D ACDB-LOADER: ACDB -> ACDB_CMD_GET_AUDPROC_VOL_STEP_TABLE_SIZE
12-20 22:05:26.024   788 20268 D ACDB-LOADER: ACDB -> ACDB_CMD_GET_AUDPROC_GAIN_DEP_STEP_TABLE, vol index 0
12-20 22:05:26.024   788 20268 D         : Failed to fetch the lookup information of the device 0000003E 
12-20 22:05:26.024   788 20268 D ACDB-LOADER: ACDB -> AUDIO_SET_VOL_CAL cal type = 12
12-20 22:05:26.024   788 20268 D ACDB-LOADER: ACDB -> ACDB_CMD_GET_AUDPROC_STREAM_TABLE_SIZE
12-20 22:05:26.024   788 20268 D ACDB-LOADER: ACDB -> send_audstrmtable
12-20 22:05:26.024   788 20268 D ACDB-LOADER: ACDB -> ACDB_CMD_GET_AUDPROC_STREAM_TABLE_V2
12-20 22:05:26.024   788 20268 D ACDB-LOADER: ACDB -> audstrm_cal->cal_type.cal_data.cal_size = 456
12-20 22:05:26.024   788 20268 D ACDB-LOADER: ACDB -> send_afe_topology
12-20 22:05:26.024   788 20268 D ACDB-LOADER: ACDB -> ACDB_CMD_GET_AFE_TOPOLOGY_ID
12-20 22:05:26.024   788 20268 D ACDB-LOADER: ACDB -> GET_AFE_TOPOLOGY_ID for adcd_id 62, Topology Id 112fb
12-20 22:05:26.024   788 20268 D ACDB-LOADER: ACDB -> send_afe_cal
12-20 22:05:26.024   788 20268 D ACDB-LOADER: ACDB -> ACDB_CMD_GET_AFE_COMMON_TABLE_SIZE
12-20 22:05:26.024   788 20268 D         : Failed to fetch the lookup information of the device 0000003E 
12-20 22:05:26.024   788 20268 E ACDB-LOADER: Error: ACDB_CMD_GET_AFE_COMMON_TABLE_SIZE Returned = -19
12-20 22:05:26.024   788 20268 D ACDB-LOADER: ACDB -> ACDB_CMD_GET_AFE_COMMON_TABLE
12-20 22:05:26.024   788 20268 D         : Failed to fetch the lookup information of the device 0000003E 
12-20 22:05:26.024   788 20268 D ACDB-LOADER: ACDB -> AUDIO_SET_AFE_CAL
12-20 22:05:26.024   788 20268 D ACDB-LOADER: ACDB -> send_hw_delay : acdb_id = 62 path = 1
12-20 22:05:26.024   788 20268 D ACDB-LOADER: ACDB -> ACDB_AVSYNC_INFO: ACDB_CMD_GET_DEVICE_PROPERTY
12-20 22:05:26.025   788 20268 D audio_hw_primary: enable_snd_device: snd_device(120: voice-rec-mic)
12-20 22:05:26.025   788 20268 D audio_route: Apply path: voice-rec-mic
12-20 22:05:26.028   788 20268 V msm8974_platform: platform_get_snd_device_backend_index: enter with device 120
12-20 22:05:26.028   788 20268 E msm8974_platform: platform_get_snd_device_backend_index: BE DAI Name Table is not present
12-20 22:05:26.028   788 20268 V msm8974_platform: platform_get_backend_index:napb: backend port - 5 device - 120 
12-20 22:05:26.028   788 20268 I audio_hw_utils: Set Audio Stream Capture 0 App Type Cfg: app_type 69936, acdb_dev_id 62, sample_rate 48000, snd_device_be_idx -14
12-20 22:05:26.029   788 20268 D audio_hw_primary: enable_audio_route: usecase(9) apply and update mixer path: audio-record
12-20 22:05:26.029   788 20268 D audio_route: Apply path: audio-record
12-20 22:05:26.101 19624 19715 I MicroDetectionWorker: onReady
12-20 22:05:26.127  2146  2165 I zygote  : NativeAlloc concurrent copying GC freed 21114(1127KB) AllocSpace objects, 0(0B) LOS objects, 49% free, 7MB/14MB, paused 134us total 109.566ms
12-20 22:05:26.352   808   808 I SFPerfTracer:      triggers: (rate: 49:50094) (compose: 0:5) (post: 0:12) (render: 0:9) (7:1223661 frames) (8:2163486)
12-20 22:05:26.352   808   808 D SFPerfTracer:        layers: (4:13) (NavigationBar#0 (0xb07df000): 0:279239) (StatusBar#0 (0xb07e3000): 0:921524) (com.android.systemui.ImageWallpaper#0 (0xb07e7000): 0:20638) (Sprite#0 (0xb0733000): 0:317)* (DimLayerController/Stack=0#0 (0xb075a000): 0:3501)* (Sprite#1 (0xb077c000): 0:195)* (com.android.launcher3/com.android.launcher3.CustomizationPanelLauncher#0 (0xb0763000): 0:38)- (com.android.launcher3/com.android.launcher3.CustomizationPanelLauncher#1 (0xb0771000): 0:10)- (Splash Screen org.mozilla.fenix.performancetest#0 (0xb0384000): 0:34)- (org.mozilla.fenix.performancetest/org.mozilla.fenix.IntentReceiverActivity#0 (0xb039b000): 0:6)- (org.mozilla.fenix.performancetest/org.mozilla.fenix.HomeActivity#0 (0xb02a2000): 8:54)* (com.android.launcher3/com.android.launcher3.CustomizationPanelLauncher#0 (0xb0763000): 8:25)* (com.android.launcher3/com.android.launcher3.CustomizationPanelLauncher#1 (0xb0771000): 1:5) 
12-20 22:05:26.419  1456  7796 I OpenGLRenderer: Initialized EGL, version 1.4
12-20 22:05:26.419  1456  7796 D OpenGLRenderer: Swap behavior 2
12-20 22:05:26.465  2748  2917 W OpenGLRenderer: Incorrectly called buildLayer on View: ShortcutAndWidgetContainer, destroying layer...
12-20 22:05:26.587 20044 20116 I chatty  : uid=10606(org.mozilla.fenix.performancetest) expire 6 lines
12-20 22:05:26.614   808   898 I SFPerfTracer:      triggers: (rate: 0:0) (0 sw vsyncs) (0 skipped) (37:1080590 vsyncs) (39:2186782)
12-20 22:05:26.667  1456  4829 D ConnectivityService: requestNetwork for uid/pid:10606/20044 NetworkRequest [ TRACK_DEFAULT id=12034, [ Capabilities: INTERNET&NOT_RESTRICTED&TRUSTED&NOT_VPN] ]
12-20 22:05:26.669  1456  2099 D Ethernet: got request NetworkRequest [ TRACK_DEFAULT id=12034, [ Capabilities: INTERNET&NOT_RESTRICTED&TRUSTED&NOT_VPN] ] with score 60
12-20 22:05:26.669  1456  2054 D WIFI_UT : got request NetworkRequest [ TRACK_DEFAULT id=12034, [ Capabilities: INTERNET&NOT_RESTRICTED&TRUSTED&NOT_VPN] ] with score 60
12-20 22:05:26.669  1456  2054 D WIFI    : got request NetworkRequest [ TRACK_DEFAULT id=12034, [ Capabilities: INTERNET&NOT_RESTRICTED&TRUSTED&NOT_VPN] ] with score 60
12-20 22:05:26.670  2398  2398 D PhoneSwitcherNetworkRequstListener: got request NetworkRequest [ TRACK_DEFAULT id=12034, [ Capabilities: INTERNET&NOT_RESTRICTED&TRUSTED&NOT_VPN] ] with score 60
12-20 22:05:26.693 20044 20271 I chatty  : uid=10606(org.mozilla.fenix.performancetest) expire 9 lines
12-20 22:05:26.708  1456  1466 I zygote  : NativeAlloc concurrent copying GC freed 61669(3MB) AllocSpace objects, 37(1252KB) LOS objects, 42% free, 30MB/52MB, paused 156us total 289.464ms
12-20 22:05:27.210 20044 20078 I chatty  : uid=10606(org.mozilla.fenix.performancetest) expire 1 line
12-20 22:05:27.219  1456  2067 D ConnectivityService: releasing NetworkRequest [ TRACK_DEFAULT id=12034, [ Capabilities: INTERNET&NOT_RESTRICTED&TRUSTED&NOT_VPN] ] (release request)
12-20 22:05:31.034  1456  4829 I ActivityManager: Force stopping org.mozilla.fenix.performancetest appid=10606 user=0: from pid 20275
12-20 22:05:31.035  1456  4829 I ActivityManager: Killing 20044:org.mozilla.fenix.performancetest/u0a606 (adj 700): stop org.mozilla.fenix.performancetest
12-20 22:05:31.037  1456  4829 W ActivityManager: Force removing ActivityRecord{149d2b3 u0 org.mozilla.fenix.performancetest/org.mozilla.fenix.HomeActivity t11291}: app died, no saved state
12-20 22:05:31.038  1456  1605 W zygote  : kill(-20044, 9) failed: No such process
12-20 22:05:31.038 20082 20082 I chatty  : uid=10606(org.mozilla.fenix.performancetest) expire 1 line
12-20 22:05:31.046  1456  4829 I ActivityManager: Killing 20082:org.mozilla.fenix.performancetest:tab/u0a606 (adj 0): stop org.mozilla.fenix.performancetest
12-20 22:05:31.055  1456  1605 W zygote  : kill(-20044, 9) failed: No such process
12-20 22:05:31.055 26068 26068 I AppBase : onTrimMemory(): 15
12-20 22:05:31.056 26068 26068 I GoogleInputMethodService: onTrimMemory(): 15
12-20 22:05:31.065  2398  2398 D CarrierSvcBindHelper: No carrier app for: 0
12-20 22:05:31.070  1456  1605 W zygote  : kill(-20044, 9) failed: No such process
12-20 22:05:31.073  2398  2398 D CarrierSvcBindHelper: No carrier app for: 1
12-20 22:05:31.089  1456  1605 W zygote  : kill(-20044, 9) failed: No such process
12-20 22:05:31.115  1456  1605 I chatty  : uid=1000(system) ActivityManager identical 2 lines
12-20 22:05:31.121  1456  1673 W ActivityManager: setHasOverlayUi called on unknown pid: 20044
12-20 22:05:31.131  1456  1605 W zygote  : kill(-20044, 9) failed: No such process
12-20 22:05:31.131  1456  1605 I zygote  : Successfully killed process cgroup uid 10606 pid 20044 in 93ms
12-20 22:05:31.131  1456  1605 W zygote  : kill(-20082, 9) failed: No such process
12-20 22:05:31.131  1456  1605 I zygote  : Successfully killed process cgroup uid 10606 pid 20082 in 0ms
12-20 22:05:31.163  1456  2204 I ActivityManager: START u0 {act=android.intent.action.VIEW dat=about:blank typ=text/html flg=0x10000000 cmp=org.mozilla.fenix.performancetest/org.mozilla.fenix.IntentReceiverActivity} from uid 2000
12-20 22:05:31.163   794   839 E ANDR-PERF-RESOURCEQS: Failed to apply optimization [4, 0]
12-20 22:05:31.177  1456  7796 I OpenGLRenderer: Initialized EGL, version 1.4
12-20 22:05:31.177  1456  7796 D OpenGLRenderer: Swap behavior 2
12-20 22:05:31.184  1456  2916 I ActivityManager: Start proc 20283:org.mozilla.fenix.performancetest/u0a606 for activity org.mozilla.fenix.performancetest/org.mozilla.fenix.IntentReceiverActivity
12-20 22:05:31.189 20283 20283 I chatty  : uid=10606(org.mozilla.fenix.performancetest) expire 70 lines
12-20 22:05:31.283 19624 19715 I MicroDetectionState: Should stop hotword detection immediately - false
12-20 22:05:31.283 19624 19715 I MicroDetector: Keeping mic open: false
12-20 22:05:31.283 19624 19715 I RecognitionAudioControl: #shutdownAudio [requestId: -4623856552592225565, keepAudioOpen: false, forced: true]
12-20 22:05:31.283 19624 16182 E DeviceStateChecker: DeviceStateChecker cancelled
12-20 22:05:31.283 19624 19715 I RecognitionAudioControl: #internalShutdownAudio [requestId: -4623856552592225565]
12-20 22:05:31.283 19624 19715 I RecognitionAudioControl: #internalShutdownAudio [keepAudioOpen: false, forced: true]
12-20 22:05:31.283 19624 19715 I RecognitionAudioControl: #actualShutdownAudio
12-20 22:05:31.283 19624 19715 I AudioController: #shutdown [requestId=-4623856552592225565]
12-20 22:05:31.283 19624 26111 I AudioController: internalShutdown
12-20 22:05:31.284 19624 26115 I MicroRecognitionRunner: Stopping hotword detection.
12-20 22:05:31.342   788   788 D audio_hw_primary: disable_audio_route: usecase(9) reset and update mixer path: audio-record
12-20 22:05:31.342   788   788 D audio_hw_primary: disable_snd_device: snd_device(120: voice-rec-mic)
12-20 22:05:31.345  1012  1390 D APM_AudioPolicyManager: stopInput() input 40814, session 40849
12-20 22:05:31.346   788  1401 D audio_hw_primary: in_set_parameters: enter: kvpairs=routing=0
12-20 22:05:31.347 19624 26111 I MicrophoneInputStream: mic_close  SR : 16000 CC : 16 SO : 1999
12-20 22:05:31.348 19624 26111 E AudioSource: Stop listening is called on already closed AudioSource
12-20 22:05:31.349 19624 14757 I MicroRecognitionRunner: Detection finished
12-20 22:05:31.416 20283 20302 I chatty  : uid=10606(org.mozilla.fenix.performancetest) expire 13 lines
12-20 22:05:31.630 20283 20316 I chatty  : uid=10606(org.mozilla.fenix.performancetest) expire 108 lines
12-20 22:05:31.768  1456  2204 I ActivityManager: Start proc 20332:org.mozilla.fenix.performancetest:tab/u0a606 for service org.mozilla.fenix.performancetest/org.mozilla.gecko.process.GeckoServiceChildProcess$tab
12-20 22:05:31.769 20283 20336 I chatty  : uid=10606(org.mozilla.fenix.performancetest) expire 10 lines
12-20 22:05:31.777 20332 20332 I chatty  : uid=10606(org.mozilla.fenix.performancetest) expire 2 lines
12-20 22:05:31.924 20283 20377 I chatty  : uid=10606(org.mozilla.fenix.performancetest) expire 9 lines
12-20 22:05:31.938 20332 20378 I chatty  : uid=10606(org.mozilla.fenix.performancetest) expire 27 lines
12-20 22:05:32.063 20283 20289 I chatty  : uid=10606(org.mozilla.fenix.performancetest) expire 11 lines
12-20 22:05:32.533  1456  7556 I ActivityManager: START u0 {act=android.intent.action.VIEW dat=about:blank typ=text/html flg=0x10000000 cmp=org.mozilla.fenix.performancetest/org.mozilla.fenix.HomeActivity (has extras)} from uid 10606
12-20 22:05:32.551  1456  2162 I WifiService: getDhcpInfo uid=10606
12-20 22:05:32.814  1456  1673 I LaunchCheckinHandler: Displayed org.mozilla.fenix.performancetest/org.mozilla.fenix.IntentReceiverActivity,cp,ca,1643
12-20 22:05:33.530 20283 20429 I chatty  : uid=10606(org.mozilla.fenix.performancetest) expire 10 lines
12-20 22:05:33.547 20283 20478 I chatty  : uid=10606(org.mozilla.fenix.performancetest) expire 2 lines
12-20 22:05:33.744 20283 20479 I chatty  : uid=10606(org.mozilla.fenix.performancetest) expire 1 line
12-20 22:05:33.765 20283 20500 I chatty  : uid=10606(org.mozilla.fenix.performancetest) expire 4 lines
12-20 22:05:34.135  1456  1673 I ActivityManager: Displayed org.mozilla.fenix.performancetest/org.mozilla.fenix.HomeActivity: +1s500ms (total +2s956ms)
12-20 22:05:34.317 20283 20301 I chatty  : uid=10606(org.mozilla.fenix.performancetest) expire 2 lines
12-20 22:05:34.415 19624 19624 I MemoryTrimmer: Trimming objects from memory, since app is in the background.
12-20 22:05:34.419 19624 16298 I PBSessionCacheImpl: Deleted sessionId[86308841257000783] from persistence.
12-20 22:05:34.424 19624 19624 I MemoryTrimmer: Trimming objects from memory, since app is in the background.
12-20 22:05:34.431  1456  7556 I WifiService: getWifiEnabledState uid=10073
12-20 22:05:34.439 19624 19715 W SearchServiceCore: Abort, client detached.
12-20 22:05:34.956 20332 20378 I chatty  : uid=10606(org.mozilla.fenix.performancetest) expire 21 lines
12-20 22:05:34.956 20283 20316 I chatty  : uid=10606(org.mozilla.fenix.performancetest) expire 99 lines
12-20 22:05:34.975 20283 20283 I chatty  : uid=10606(org.mozilla.fenix.performancetest) expire 21 lines
12-20 22:05:35.155 20283 20302 I chatty  : uid=10606(org.mozilla.fenix.performancetest) expire 4 lines
12-20 22:05:36.826 20568 20568 D AndroidRuntime: >>>>>> START com.android.internal.os.RuntimeInit uid 2000 <<<<<<
12-20 22:05:36.839 20568 20568 W app_process: Could not reserve sentinel fault page
12-20 22:05:37.004 20568 20568 I app_process: The ClassLoaderContext is a special shared library.
12-20 22:05:37.071 20568 20568 D AndroidRuntime: Calling main entry com.android.commands.input.Input
12-20 22:05:37.073 20568 20568 I Input   : injectKeyEvent: KeyEvent { action=ACTION_DOWN, keyCode=KEYCODE_HOME, scanCode=0, metaState=0, flags=0x0, repeatCount=0, eventTime=9344760685, downTime=9344760685, deviceId=-1, source=0x101 }
12-20 22:05:37.080 20568 20568 I Input   : injectKeyEvent: KeyEvent { action=ACTION_UP, keyCode=KEYCODE_HOME, scanCode=0, metaState=0, flags=0x0, repeatCount=0, eventTime=9344760685, downTime=9344760685, deviceId=-1, source=0x101 }
12-20 22:05:37.088  1456  1941 I ActivityManager: START u0 {act=android.intent.action.MAIN cat=[android.intent.category.HOME] flg=0x10200000 cmp=com.android.launcher3/.CustomizationPanelLauncher (has extras)} from uid 1000
12-20 22:05:37.088   794   839 E ANDR-PERF-RESOURCEQS: Failed to apply optimization [4, 0]
12-20 22:05:37.102  1456  1941 I ActivityManager: moveHomeStack, setupComplete:true
12-20 22:05:37.110 19624 19707 I Adreno  : QUALCOMM build                   : bb5b86c, I77d3059488
12-20 22:05:37.110 19624 19707 I Adreno  : Build Date                       : 06/07/18
12-20 22:05:37.110 19624 19707 I Adreno  : OpenGL ES Shader Compiler Version: EV031.22.00.01_06
12-20 22:05:37.110 19624 19707 I Adreno  : Local Branch                     : 
12-20 22:05:37.110 19624 19707 I Adreno  : Remote Branch                    : refs/tags/AU_LINUX_ANDROID_LA.UM.6.5.R1.08.01.00.312.086
12-20 22:05:37.110 19624 19707 I Adreno  : Remote Branch                    : NONE
12-20 22:05:37.110 19624 19707 I Adreno  : Reconstruct Branch               : NOTHING
12-20 22:05:37.113 19624 19707 D vndksupport: Loading /vendor/lib/hw/gralloc.msm8937.so from current namespace instead of sphal namespace.
12-20 22:05:37.115 20568 20568 D AndroidRuntime: Shutting down VM
12-20 22:05:37.116 19624 19707 I Adreno  : PFP: 0x005ff087, ME: 0x005ff063
12-20 22:05:37.120 19624 19707 I zygote  : android::hardware::configstore::V1_0::ISurfaceFlingerConfigs::hasWideColorDisplay retrieved: 0
12-20 22:05:37.121 19624 19707 I OpenGLRenderer: Initialized EGL, version 1.4
12-20 22:05:37.121 19624 19707 D OpenGLRenderer: Swap behavior 2
12-20 22:05:37.128  2748  2748 D Launcher.Utilities: Wakeup weather: Intent { act=com.motorola.launcher3.action.WAKEUP_WEATHER cmp=com.motorola.timeweatherwidget/com.motorola.commandcenter.weather.WakeUpService }
12-20 22:05:37.142  1456  1456 I NotificationService: Cannot find enqueued record for key: 0|com.motorola.timeweatherwidget|1|null|10116
12-20 22:05:37.150   808   808 D SurfaceFlinger: duplicate layer name: changing com.android.launcher3/com.android.launcher3.CustomizationPanelLauncher to com.android.launcher3/com.android.launcher3.CustomizationPanelLauncher#1
12-20 22:05:37.158 19624 16182 W ThreadPoolDumper: Queue length for executor EventBus is now 11. Perhaps some tasks are too long, or the pool is too small.
12-20 22:05:37.161  1456  7556 I WifiService: getWifiEnabledState uid=10073
12-20 22:05:37.173  1456  7556 I WifiService: getWifiEnabledState uid=10073
12-20 22:05:37.201 19624 19715 I MicroDetectionState: Should stop hotword detection immediately - false
12-20 22:05:37.205 19624 19715 I MicroDetectionWorker: #startMicroDetector [speakerMode: 0]
12-20 22:05:37.206 19624 19715 I AudioController: Created new AudioSource
12-20 22:05:37.231  1456  1673 I LaunchCheckinHandler: Displayed com.android.launcher3/.CustomizationPanelLauncher,wp,wa,144
12-20 22:05:37.232 19624 19715 I MicroDetectionWorker: onReady
12-20 22:05:37.232 19624 26111 I MicroDataManager: isInitializedWithLatestParams-true
12-20 22:05:37.233 19624 26111 I MicroDataManager: isInitializing-false locale not changed-true model not changed-true
12-20 22:05:37.233 19624 26111 I MicroDataManager: Already initialized, obtaining the hotword data immediately.
12-20 22:05:37.238 19624  4661 I MicroRecognitionRunner: Starting detection.
12-20 22:05:37.238 19624  4661 I InputStreamUtils: Using micInputStream
12-20 22:05:37.238 19624 16298 I MicrophoneInputStream: mic_starting  SR : 16000 CC : 16 SO : 1999
12-20 22:05:37.241   788  1401 V msm8974_platform: platform_check_input_mask: enter check_input_mask source 6 mask 10
12-20 22:05:37.246  1012 20585 I AudioFlinger: AudioFlinger's thread 0xb2483880 tid=20585 ready to run
12-20 22:05:37.252   788  1401 D audio_hw_primary: in_set_parameters: enter: kvpairs=input_source=6;routing=-2147483644
12-20 22:05:37.253  1012  1390 D APM_AudioPolicyManager: AudioPolicyManager::startInput() input 40822, session 40857, source = 1999
12-20 22:05:37.254 19624 16298 I MicrophoneInputStream: mic_started  SR : 16000 CC : 16 SO : 1999
12-20 22:05:37.255   788 20586 V msm8974_platform: platform_update_usecase_from_source: input source :6
12-20 22:05:37.255   788 20586 V msm8974_platform: platform_check_input_mask: enter check_input_mask source 6 mask 10
12-20 22:05:37.255   788 20586 V msm8974_platform: platform_get_input_snd_device: enter: out_device(0) in_device(0x4) channel_count (1) channel_mask (0x10)
12-20 22:05:37.255   788 20586 V msm8974_platform: platform_get_input_snd_device: exit: in_snd_device(voice-rec-mic)
12-20 22:05:37.255   788 20586 V msm8974_platform: platform_get_backend_index:napb: backend port - 5 device - 120 
12-20 22:05:37.255   788 20586 V msm8974_platform: platform_check_and_set_capture_backend_cfg:txbecf: afe: bitwidth 0, samplerate 0, channel 1, backend_idx 5 usecase = 9 device (voice-rec-mic)
12-20 22:05:37.255   788 20586 V msm8974_platform: platform_check_capture_backend_cfg:txbecf: afe: Codec selected backend: 5 current bit width: 0 and sample rate: 0, channels 1
12-20 22:05:37.255   788 20586 V msm8974_platform: platform_check_capture_backend_cfg:txbecf: afe: Codec selected backend: 5 updated bit width: 0 and sample rate: 0
12-20 22:05:37.255   788 20586 I msm8974_platform: platform_check_capture_backend_cfg:txbecf: afe: Codec backend needs to be updated. new bit width: 0 new sample rate: 0 new channel: 1
12-20 22:05:37.255   788 20586 V msm8974_platform: platform_get_backend_index:napb: backend port - 5 device - 120 
12-20 22:05:37.255   788 20586 V msm8974_platform: platform_set_backend_cfg:becf: afe: bitwidth 0, samplerate 0 channels 1, backend_idx 5 device (voice-rec-mic)
12-20 22:05:37.255   788 20586 E msm8974_platform: platform_set_backend_cfg:becf: afe: Could not get ctl for mixer command - SLIM_0_TX Format
12-20 22:05:37.256   788 20586 V msm8974_platform: platform_send_audio_calibration: sending audio calibration for snd_device(120) acdb_id(62)
12-20 22:05:37.256   788 20586 D ACDB-LOADER: ACDB -> send_audio_cal, acdb_id = 62, path = 1, app id = 0x11130, sample rate = 48000
12-20 22:05:37.256   788 20586 D ACDB-LOADER: ACDB -> send_asm_topology
12-20 22:05:37.256   788 20586 D ACDB-LOADER: ACDB -> ACDB_CMD_GET_AUDPROC_STREAM_TOPOLOGY_ID
12-20 22:05:37.256   788 20586 D ACDB-LOADER: ACDB -> send_adm_topology
12-20 22:05:37.256   788 20586 D ACDB-LOADER: ACDB -> ACDB_CMD_GET_AUDPROC_COMMON_TOPOLOGY_ID
12-20 22:05:37.256   788 20586 D ACDB-LOADER: ACDB -> send_audtable
12-20 22:05:37.256   788 20586 D ACDB-LOADER: ACDB -> ACDB_CMD_GET_AUDPROC_COMMON_TABLE_SIZE
12-20 22:05:37.256   788 20586 D ACDB-LOADER: ACDB -> ACDB_CMD_GET_AUDPROC_COMMON_TABLE
12-20 22:05:37.256   788 20586 D ACDB-LOADER: ACDB -> AUDIO_SET_AUDPROC_CAL
12-20 22:05:37.256   788 20586 D ACDB-LOADER: ACDB -> send_audvoltable
12-20 22:05:37.256   788 20586 D ACDB-LOADER: ACDB -> ACDB_CMD_GET_AUDPROC_VOL_STEP_TABLE_SIZE
12-20 22:05:37.256   788 20586 D ACDB-LOADER: ACDB -> ACDB_CMD_GET_AUDPROC_GAIN_DEP_STEP_TABLE, vol index 0
12-20 22:05:37.256   788 20586 D         : Failed to fetch the lookup information of the device 0000003E 
12-20 22:05:37.256   788 20586 D ACDB-LOADER: ACDB -> AUDIO_SET_VOL_CAL cal type = 12
12-20 22:05:37.256   788 20586 D ACDB-LOADER: ACDB -> ACDB_CMD_GET_AUDPROC_STREAM_TABLE_SIZE
12-20 22:05:37.256   788 20586 D ACDB-LOADER: ACDB -> send_audstrmtable
12-20 22:05:37.256   788 20586 D ACDB-LOADER: ACDB -> ACDB_CMD_GET_AUDPROC_STREAM_TABLE_V2
12-20 22:05:37.256   788 20586 D ACDB-LOADER: ACDB -> audstrm_cal->cal_type.cal_data.cal_size = 456
12-20 22:05:37.256   788 20586 D ACDB-LOADER: ACDB -> send_afe_topology
12-20 22:05:37.256   788 20586 D ACDB-LOADER: ACDB -> ACDB_CMD_GET_AFE_TOPOLOGY_ID
12-20 22:05:37.256   788 20586 D ACDB-LOADER: ACDB -> GET_AFE_TOPOLOGY_ID for adcd_id 62, Topology Id 112fb
12-20 22:05:37.256   788 20586 D ACDB-LOADER: ACDB -> send_afe_cal
12-20 22:05:37.256   788 20586 D ACDB-LOADER: ACDB -> ACDB_CMD_GET_AFE_COMMON_TABLE_SIZE
12-20 22:05:37.256   788 20586 D         : Failed to fetch the lookup information of the device 0000003E 
12-20 22:05:37.256   788 20586 E ACDB-LOADER: Error: ACDB_CMD_GET_AFE_COMMON_TABLE_SIZE Returned = -19
12-20 22:05:37.256   788 20586 D ACDB-LOADER: ACDB -> ACDB_CMD_GET_AFE_COMMON_TABLE
12-20 22:05:37.257   788 20586 D         : Failed to fetch the lookup information of the device 0000003E 
12-20 22:05:37.257   788 20586 D ACDB-LOADER: ACDB -> AUDIO_SET_AFE_CAL
12-20 22:05:37.257   788 20586 D ACDB-LOADER: ACDB -> send_hw_delay : acdb_id = 62 path = 1
12-20 22:05:37.257   788 20586 D ACDB-LOADER: ACDB -> ACDB_AVSYNC_INFO: ACDB_CMD_GET_DEVICE_PROPERTY
12-20 22:05:37.257   788 20586 D audio_hw_primary: enable_snd_device: snd_device(120: voice-rec-mic)
12-20 22:05:37.257   788 20586 D audio_route: Apply path: voice-rec-mic
12-20 22:05:37.260   788 20586 V msm8974_platform: platform_get_snd_device_backend_index: enter with device 120
12-20 22:05:37.260   788 20586 E msm8974_platform: platform_get_snd_device_backend_index: BE DAI Name Table is not present
12-20 22:05:37.260   788 20586 V msm8974_platform: platform_get_backend_index:napb: backend port - 5 device - 120 
12-20 22:05:37.260   788 20586 I audio_hw_utils: Set Audio Stream Capture 0 App Type Cfg: app_type 69936, acdb_dev_id 62, sample_rate 48000, snd_device_be_idx -14
12-20 22:05:37.260   788 20586 D audio_hw_primary: enable_audio_route: usecase(9) apply and update mixer path: audio-record
12-20 22:05:37.260   788 20586 D audio_route: Apply path: audio-record
12-20 22:05:37.315   808   808 I SFPerfTracer:      triggers: (rate: 49:50105) (compose: 0:5) (post: 0:12) (render: 0:9) (3:1223726 frames) (4:2163587)
12-20 22:05:37.315   808   808 D SFPerfTracer:        layers: (6:13) (NavigationBar#0 (0xb07df000): 4:279246) (StatusBar#0 (0xb07e3000): 3:921532) (com.android.systemui.ImageWallpaper#0 (0xb07e7000): 1:20640) (Sprite#0 (0xb0733000): 0:317)* (DimLayerController/Stack=0#0 (0xb075a000): 0:3501)* (Sprite#1 (0xb077c000): 0:195)* (com.android.launcher3/com.android.launcher3.CustomizationPanelLauncher#0 (0xb0763000): 0:40)- (com.android.launcher3/com.android.launcher3.CustomizationPanelLauncher#1 (0xb0771000): 0:10)- (Splash Screen org.mozilla.fenix.performancetest#0 (0xb0384000): 0:33)- (org.mozilla.fenix.performancetest/org.mozilla.fenix.IntentReceiverActivity#0 (0xb039b000): 0:6)- (org.mozilla.fenix.performancetest/org.mozilla.fenix.HomeActivity#0 (0xb02a2000): 4:39) (com.android.launcher3/com.android.launcher3.CustomizationPanelLauncher#0 (0xb0763000): 4:10)* (com.android.launcher3/com.android.launcher3.CustomizationPanelLauncher#1 (0xb0771000): 1:4) 
12-20 22:05:37.331 19624 19715 I MicroDetectionWorker: onReady
12-20 22:05:37.630  1456  7796 I OpenGLRenderer: Initialized EGL, version 1.4
12-20 22:05:37.630  1456  7796 D OpenGLRenderer: Swap behavior 2
12-20 22:05:37.680  2748  2917 W OpenGLRenderer: Incorrectly called buildLayer on View: ShortcutAndWidgetContainer, destroying layer...
12-20 22:05:37.809 20283 20390 I chatty  : uid=10606(org.mozilla.fenix.performancetest) expire 6 lines
12-20 22:05:37.826   808   898 I SFPerfTracer:      triggers: (rate: 0:0) (0 sw vsyncs) (0 skipped) (37:1080671 vsyncs) (39:2186901)
12-20 22:05:37.881  1456  2204 D ConnectivityService: requestNetwork for uid/pid:10606/20283 NetworkRequest [ TRACK_DEFAULT id=12035, [ Capabilities: INTERNET&NOT_RESTRICTED&TRUSTED&NOT_VPN] ]
12-20 22:05:37.882  1456  2099 D Ethernet: got request NetworkRequest [ TRACK_DEFAULT id=12035, [ Capabilities: INTERNET&NOT_RESTRICTED&TRUSTED&NOT_VPN] ] with score 60
12-20 22:05:37.882  1456  2054 D WIFI_UT : got request NetworkRequest [ TRACK_DEFAULT id=12035, [ Capabilities: INTERNET&NOT_RESTRICTED&TRUSTED&NOT_VPN] ] with score 60
12-20 22:05:37.883  1456  2054 D WIFI    : got request NetworkRequest [ TRACK_DEFAULT id=12035, [ Capabilities: INTERNET&NOT_RESTRICTED&TRUSTED&NOT_VPN] ] with score 60
12-20 22:05:37.883  2398  2398 D PhoneSwitcherNetworkRequstListener: got request NetworkRequest [ TRACK_DEFAULT id=12035, [ Capabilities: INTERNET&NOT_RESTRICTED&TRUSTED&NOT_VPN] ] with score 60
12-20 22:05:37.904 20283 20588 I chatty  : uid=10606(org.mozilla.fenix.performancetest) expire 9 lines
12-20 22:05:38.377  1456  2067 D ConnectivityService: releasing NetworkRequest [ TRACK_DEFAULT id=12035, [ Capabilities: INTERNET&NOT_RESTRICTED&TRUSTED&NOT_VPN] ] (release request)
12-20 22:05:42.268  1456  2204 I ActivityManager: Force stopping org.mozilla.fenix.performancetest appid=10606 user=0: from pid 20593
12-20 22:05:42.268  1456  2204 I ActivityManager: Killing 20283:org.mozilla.fenix.performancetest/u0a606 (adj 700): stop org.mozilla.fenix.performancetest
12-20 22:05:42.271  1456  2204 W ActivityManager: Force removing ActivityRecord{4aaf5bf u0 org.mozilla.fenix.performancetest/org.mozilla.fenix.HomeActivity t11292}: app died, no saved state
12-20 22:05:42.271  1456  1605 W zygote  : kill(-20283, 9) failed: No such process
12-20 22:05:42.272 20332 20332 I chatty  : uid=10606(org.mozilla.fenix.performancetest) expire 1 line
12-20 22:05:42.282  1456  2204 I ActivityManager: Killing 20332:org.mozilla.fenix.performancetest:tab/u0a606 (adj 0): stop org.mozilla.fenix.performancetest
12-20 22:05:42.287  1456  1605 W zygote  : kill(-20283, 9) failed: No such process
12-20 22:05:42.294 26068 26068 I AppBase : onTrimMemory(): 15
12-20 22:05:42.295 26068 26068 I GoogleInputMethodService: onTrimMemory(): 15
12-20 22:05:42.300  2398  2398 D CarrierSvcBindHelper: No carrier app for: 0
12-20 22:05:42.300  2398  2398 D CarrierSvcBindHelper: No carrier app for: 1
12-20 22:05:42.303  1456  1605 W zygote  : kill(-20283, 9) failed: No such process
12-20 22:05:42.351  1456  1605 I chatty  : uid=1000(system) ActivityManager identical 3 lines
12-20 22:05:42.356  1456  1673 W ActivityManager: setHasOverlayUi called on unknown pid: 20283
12-20 22:05:42.365  1456  1605 W zygote  : kill(-20283, 9) failed: No such process
12-20 22:05:42.365  1456  1605 I zygote  : Successfully killed process cgroup uid 10606 pid 20283 in 94ms
12-20 22:05:42.366  1456  1605 W zygote  : kill(-20332, 9) failed: No such process
12-20 22:05:42.366  1456  1605 I zygote  : Successfully killed process cgroup uid 10606 pid 20332 in 0ms
12-20 22:05:42.398  1456  4802 I ActivityManager: START u0 {act=android.intent.action.VIEW dat=about:blank typ=text/html flg=0x10000000 cmp=org.mozilla.fenix.performancetest/org.mozilla.fenix.IntentReceiverActivity} from uid 2000
12-20 22:05:42.399   794   839 E ANDR-PERF-RESOURCEQS: Failed to apply optimization [4, 0]
12-20 22:05:42.402  1456  7796 I OpenGLRenderer: Initialized EGL, version 1.4
12-20 22:05:42.402  1456  7796 D OpenGLRenderer: Swap behavior 2
12-20 22:05:42.418  1456  4829 I ActivityManager: Start proc 20601:org.mozilla.fenix.performancetest/u0a606 for activity org.mozilla.fenix.performancetest/org.mozilla.fenix.IntentReceiverActivity
12-20 22:05:42.422 20601 20601 I chatty  : uid=10606(org.mozilla.fenix.performancetest) expire 57 lines
12-20 22:05:42.517 19624 19715 I MicroDetectionState: Should stop hotword detection immediately - false
12-20 22:05:42.517 19624 19715 I MicroDetector: Keeping mic open: false
12-20 22:05:42.517 19624 19715 I RecognitionAudioControl: #shutdownAudio [requestId: -7843780061981845361, keepAudioOpen: false, forced: true]
12-20 22:05:42.517 19624 14757 E DeviceStateChecker: DeviceStateChecker cancelled
12-20 22:05:42.517 19624 19715 I RecognitionAudioControl: #internalShutdownAudio [requestId: -7843780061981845361]
12-20 22:05:42.517 19624 19715 I RecognitionAudioControl: #internalShutdownAudio [keepAudioOpen: false, forced: true]
12-20 22:05:42.517 19624 19715 I RecognitionAudioControl: #actualShutdownAudio
12-20 22:05:42.517 19624 19715 I AudioController: #shutdown [requestId=-7843780061981845361]
12-20 22:05:42.517 19624 26111 I AudioController: internalShutdown
12-20 22:05:42.517 19624 26115 I MicroRecognitionRunner: Stopping hotword detection.
12-20 22:05:42.575   788  1401 D audio_hw_primary: disable_audio_route: usecase(9) reset and update mixer path: audio-record
12-20 22:05:42.576   788  1401 D audio_hw_primary: disable_snd_device: snd_device(120: voice-rec-mic)
12-20 22:05:42.579  1012 11031 D APM_AudioPolicyManager: stopInput() input 40822, session 40857
12-20 22:05:42.579   788  1401 D audio_hw_primary: in_set_parameters: enter: kvpairs=routing=0
12-20 22:05:42.580 19624 26111 I MicrophoneInputStream: mic_close  SR : 16000 CC : 16 SO : 1999
12-20 22:05:42.581 19624 26111 E AudioSource: Stop listening is called on already closed AudioSource
12-20 22:05:42.582 19624  4661 I MicroRecognitionRunner: Detection finished
12-20 22:05:42.663 20601 20618 I chatty  : uid=10606(org.mozilla.fenix.performancetest) expire 13 lines
12-20 22:05:42.868 20601 20630 I chatty  : uid=10606(org.mozilla.fenix.performancetest) expire 34 lines
12-20 22:05:43.006 20601 20639 I chatty  : uid=10606(org.mozilla.fenix.performancetest) expire 9 lines
12-20 22:05:43.010  1456  4829 I ActivityManager: Start proc 20640:org.mozilla.fenix.performancetest:tab/u0a606 for service org.mozilla.fenix.performancetest/org.mozilla.gecko.process.GeckoServiceChildProcess$tab
12-20 22:05:43.015 20640 20640 I chatty  : uid=10606(org.mozilla.fenix.performancetest) com.google.android.gms.unstable expire 2 lines
12-20 22:05:43.150 20601 20664 I chatty  : uid=10606(org.mozilla.fenix.performancetest) expire 9 lines
12-20 22:05:43.187 20640 20665 I chatty  : uid=10606(org.mozilla.fenix.performancetest) com.google.android.gms.unstable expire 1 line
12-20 22:05:43.287 20601 20606 I chatty  : uid=10606(org.mozilla.fenix.performancetest) expire 8 lines
12-20 22:05:43.569   769   769 I MotoSensors: Sensorhub hal setDelay: 1 - 20
12-20 22:05:43.570   769   769 I MotoSensors: Sensorhub hal setdelay: 1 - 20
12-20 22:05:43.570   769   769 I MotoSensors: HubSensors::updateAccelRate 200
12-20 22:05:43.570   769   769 I MotoSensors: Sensorhub hal enable: 1 - 1
12-20 22:05:43.570   769   769 I MotoSensors: HubSensors::updateAccelRate 20
12-20 22:05:43.731  1456  2401 I ActivityManager: START u0 {act=android.intent.action.VIEW dat=about:blank typ=text/html flg=0x10000000 cmp=org.mozilla.fenix.performancetest/org.mozilla.fenix.HomeActivity (has extras)} from uid 10606
12-20 22:05:43.765  1456  4829 I WifiService: getDhcpInfo uid=10606
12-20 22:05:44.042  1456  1673 I LaunchCheckinHandler: Displayed org.mozilla.fenix.performancetest/org.mozilla.fenix.IntentReceiverActivity,cp,ca,1635
12-20 22:05:44.101   769  1892 I MotoSensors: Sensorhub hal enable: 1 - 0
12-20 22:05:44.748 20601 20692 I chatty  : uid=10606(org.mozilla.fenix.performancetest) expire 10 lines
12-20 22:05:44.773 20601 20751 I chatty  : uid=10606(org.mozilla.fenix.performancetest) expire 2 lines
12-20 22:05:44.989 20601 20639 I chatty  : uid=10606(org.mozilla.fenix.performancetest) expire 1 line
12-20 22:05:44.997 20601 20752 I chatty  : uid=10606(org.mozilla.fenix.performancetest) expire 1 line
12-20 22:05:45.012 20601 20601 I chatty  : uid=10606(org.mozilla.fenix.performancetest) expire 34 lines
12-20 22:05:45.016 20601 20765 I chatty  : uid=10606(org.mozilla.fenix.performancetest) expire 4 lines
12-20 22:05:45.179 20640 20665 I chatty  : uid=10606(org.mozilla.fenix.performancetest) com.google.android.gms.unstable expire 47 lines
12-20 22:05:45.216 20601 20630 I chatty  : uid=10606(org.mozilla.fenix.performancetest) expire 173 lines
12-20 22:05:45.375  1456  1673 I ActivityManager: Displayed org.mozilla.fenix.performancetest/org.mozilla.fenix.HomeActivity: +1s532ms (total +2s961ms)
12-20 22:05:45.496 20601 20606 I chatty  : uid=10606(org.mozilla.fenix.performancetest) expire 3 lines
12-20 22:05:45.527 20601 20617 I chatty  : uid=10606(org.mozilla.fenix.performancetest) expire 1 line
12-20 22:05:45.663 19624 19624 I MemoryTrimmer: Trimming objects from memory, since app is in the background.
12-20 22:05:45.671 19624 16298 I PBSessionCacheImpl: Deleted sessionId[86308841257000788] from persistence.
12-20 22:05:45.672 19624 19624 I MemoryTrimmer: Trimming objects from memory, since app is in the background.
12-20 22:05:45.675  1456  4829 I WifiService: getWifiEnabledState uid=10073
12-20 22:05:45.688 19624 19715 W SearchServiceCore: Abort, client detached.
12-20 22:05:46.407 20601 20618 I chatty  : uid=10606(org.mozilla.fenix.performancetest) expire 4 lines
12-20 22:05:46.756   808   808 I SFPerfTracer:      triggers: (rate: 49:50113) (compose: 0:5) (post: 0:12) (render: 0:9) (2:1223794 frames) (3:2163687)
12-20 22:05:46.756   808   808 D SFPerfTracer:        layers: (4:12) (NavigationBar#0 (0xb07df000): 0:279262) (StatusBar#0 (0xb07e3000): 0:921549) (com.android.systemui.ImageWallpaper#0 (0xb07e7000): 0:20641)* (Sprite#0 (0xb0733000): 0:317)* (DimLayerController/Stack=0#0 (0xb075a000): 0:3501)* (Sprite#1 (0xb077c000): 0:195)* (org.mozilla.fenix.performancetest/org.mozilla.fenix.HomeActivity#0 (0xb02a2000): 0:54)- (com.android.launcher3/com.android.launcher3.CustomizationPanelLauncher#0 (0xb0763000): 0:39)- (com.android.launcher3/com.android.launcher3.CustomizationPanelLauncher#1 (0xb0771000): 0:9)- (Splash Screen org.mozilla.fenix.performancetest#0 (0xb0384000): 0:34)- (org.mozilla.fenix.performancetest/org.mozilla.fenix.IntentReceiverActivity#0 (0xb039b000): 0:6)- (org.mozilla.fenix.performancetest/org.mozilla.fenix.HomeActivity#0 (0xb02a2000): 2:29) 
12-20 22:05:48.061 20820 20820 D AndroidRuntime: >>>>>> START com.android.internal.os.RuntimeInit uid 2000 <<<<<<
12-20 22:05:48.073 20820 20820 W app_process: Could not reserve sentinel fault page
12-20 22:05:48.240 20820 20820 I app_process: The ClassLoaderContext is a special shared library.
12-20 22:05:48.306 20820 20820 D AndroidRuntime: Calling main entry com.android.commands.input.Input
12-20 22:05:48.311 20820 20820 I Input   : injectKeyEvent: KeyEvent { action=ACTION_DOWN, keyCode=KEYCODE_HOME, scanCode=0, metaState=0, flags=0x0, repeatCount=0, eventTime=9344771921, downTime=9344771921, deviceId=-1, source=0x101 }
12-20 22:05:48.317 20820 20820 I Input   : injectKeyEvent: KeyEvent { action=ACTION_UP, keyCode=KEYCODE_HOME, scanCode=0, metaState=0, flags=0x0, repeatCount=0, eventTime=9344771921, downTime=9344771921, deviceId=-1, source=0x101 }
12-20 22:05:48.324  1456  1941 I ActivityManager: START u0 {act=android.intent.action.MAIN cat=[android.intent.category.HOME] flg=0x10200000 cmp=com.android.launcher3/.CustomizationPanelLauncher (has extras)} from uid 1000
12-20 22:05:48.325   794   839 E ANDR-PERF-RESOURCEQS: Failed to apply optimization [4, 0]
12-20 22:05:48.338  1456  1941 I ActivityManager: moveHomeStack, setupComplete:true
12-20 22:05:48.346 19624 19707 I Adreno  : QUALCOMM build                   : bb5b86c, I77d3059488
12-20 22:05:48.346 19624 19707 I Adreno  : Build Date                       : 06/07/18
12-20 22:05:48.346 19624 19707 I Adreno  : OpenGL ES Shader Compiler Version: EV031.22.00.01_06
12-20 22:05:48.346 19624 19707 I Adreno  : Local Branch                     : 
12-20 22:05:48.346 19624 19707 I Adreno  : Remote Branch                    : refs/tags/AU_LINUX_ANDROID_LA.UM.6.5.R1.08.01.00.312.086
12-20 22:05:48.346 19624 19707 I Adreno  : Remote Branch                    : NONE
12-20 22:05:48.346 19624 19707 I Adreno  : Reconstruct Branch               : NOTHING
12-20 22:05:48.349 19624 19707 D vndksupport: Loading /vendor/lib/hw/gralloc.msm8937.so from current namespace instead of sphal namespace.
12-20 22:05:48.350 20820 20820 D AndroidRuntime: Shutting down VM
12-20 22:05:48.352 19624 19707 I Adreno  : PFP: 0x005ff087, ME: 0x005ff063
12-20 22:05:48.357 19624 19707 I zygote  : android::hardware::configstore::V1_0::ISurfaceFlingerConfigs::hasWideColorDisplay retrieved: 0
12-20 22:05:48.358 19624 19707 I OpenGLRenderer: Initialized EGL, version 1.4
12-20 22:05:48.358 19624 19707 D OpenGLRenderer: Swap behavior 2
12-20 22:05:48.368  2748  2748 D Launcher.Utilities: Wakeup weather: Intent { act=com.motorola.launcher3.action.WAKEUP_WEATHER cmp=com.motorola.timeweatherwidget/com.motorola.commandcenter.weather.WakeUpService }
12-20 22:05:48.381  1456  1456 I NotificationService: Cannot find enqueued record for key: 0|com.motorola.timeweatherwidget|1|null|10116
12-20 22:05:48.385   808   808 D SurfaceFlinger: duplicate layer name: changing com.android.launcher3/com.android.launcher3.CustomizationPanelLauncher to com.android.launcher3/com.android.launcher3.CustomizationPanelLauncher#1
12-20 22:05:48.397 19624 14757 W ThreadPoolDumper: Queue length for executor EventBus is now 11. Perhaps some tasks are too long, or the pool is too small.
12-20 22:05:48.399  1456 10736 I WifiService: getWifiEnabledState uid=10073
12-20 22:05:48.407  1456 10736 I WifiService: getWifiEnabledState uid=10073
12-20 22:05:48.438 19624 19715 I MicroDetectionState: Should stop hotword detection immediately - false
12-20 22:05:48.447 19624 19715 I MicroDetectionWorker: #startMicroDetector [speakerMode: 0]
12-20 22:05:48.449 19624 19715 I AudioController: Created new AudioSource
12-20 22:05:48.458  1456  1673 I LaunchCheckinHandler: Displayed com.android.launcher3/.CustomizationPanelLauncher,wp,wa,133
12-20 22:05:48.458 19624 19715 I MicroDetectionWorker: onReady
12-20 22:05:48.459 19624 26120 I MicroDataManager: isInitializedWithLatestParams-true
12-20 22:05:48.459 19624 26120 I MicroDataManager: isInitializing-false locale not changed-true model not changed-true
12-20 22:05:48.459 19624 26120 I MicroDataManager: Already initialized, obtaining the hotword data immediately.
12-20 22:05:48.464 19624 25519 I MicroRecognitionRunner: Starting detection.
12-20 22:05:48.464 19624 25519 I InputStreamUtils: Using micInputStream
12-20 22:05:48.465 19624 16298 I MicrophoneInputStream: mic_starting  SR : 16000 CC : 16 SO : 1999
12-20 22:05:48.468   788  1401 V msm8974_platform: platform_check_input_mask: enter check_input_mask source 6 mask 10
12-20 22:05:48.471  1012 20834 I AudioFlinger: AudioFlinger's thread 0xb2483f00 tid=20834 ready to run
12-20 22:05:48.477   788  1401 D audio_hw_primary: in_set_parameters: enter: kvpairs=input_source=6;routing=-2147483644
12-20 22:05:48.478  1012 19368 D APM_AudioPolicyManager: AudioPolicyManager::startInput() input 40830, session 40865, source = 1999
12-20 22:05:48.478 19624 16298 I MicrophoneInputStream: mic_started  SR : 16000 CC : 16 SO : 1999
12-20 22:05:48.481   788 20835 V msm8974_platform: platform_update_usecase_from_source: input source :6
12-20 22:05:48.481   788 20835 V msm8974_platform: platform_check_input_mask: enter check_input_mask source 6 mask 10
12-20 22:05:48.481   788 20835 V msm8974_platform: platform_get_input_snd_device: enter: out_device(0) in_device(0x4) channel_count (1) channel_mask (0x10)
12-20 22:05:48.481   788 20835 V msm8974_platform: platform_get_input_snd_device: exit: in_snd_device(voice-rec-mic)
12-20 22:05:48.481   788 20835 V msm8974_platform: platform_get_backend_index:napb: backend port - 5 device - 120 
12-20 22:05:48.481   788 20835 V msm8974_platform: platform_check_and_set_capture_backend_cfg:txbecf: afe: bitwidth 0, samplerate 0, channel 1, backend_idx 5 usecase = 9 device (voice-rec-mic)
12-20 22:05:48.481   788 20835 V msm8974_platform: platform_check_capture_backend_cfg:txbecf: afe: Codec selected backend: 5 current bit width: 0 and sample rate: 0, channels 1
12-20 22:05:48.481   788 20835 V msm8974_platform: platform_check_capture_backend_cfg:txbecf: afe: Codec selected backend: 5 updated bit width: 0 and sample rate: 0
12-20 22:05:48.481   788 20835 I msm8974_platform: platform_check_capture_backend_cfg:txbecf: afe: Codec backend needs to be updated. new bit width: 0 new sample rate: 0 new channel: 1
12-20 22:05:48.481   788 20835 V msm8974_platform: platform_get_backend_index:napb: backend port - 5 device - 120 
12-20 22:05:48.481   788 20835 V msm8974_platform: platform_set_backend_cfg:becf: afe: bitwidth 0, samplerate 0 channels 1, backend_idx 5 device (voice-rec-mic)
12-20 22:05:48.482   788 20835 E msm8974_platform: platform_set_backend_cfg:becf: afe: Could not get ctl for mixer command - SLIM_0_TX Format
12-20 22:05:48.482   788 20835 V msm8974_platform: platform_send_audio_calibration: sending audio calibration for snd_device(120) acdb_id(62)
12-20 22:05:48.482   788 20835 D ACDB-LOADER: ACDB -> send_audio_cal, acdb_id = 62, path = 1, app id = 0x11130, sample rate = 48000
12-20 22:05:48.482   788 20835 D ACDB-LOADER: ACDB -> send_asm_topology
12-20 22:05:48.482   788 20835 D ACDB-LOADER: ACDB -> ACDB_CMD_GET_AUDPROC_STREAM_TOPOLOGY_ID
12-20 22:05:48.482   788 20835 D ACDB-LOADER: ACDB -> send_adm_topology
12-20 22:05:48.482   788 20835 D ACDB-LOADER: ACDB -> ACDB_CMD_GET_AUDPROC_COMMON_TOPOLOGY_ID
12-20 22:05:48.482   788 20835 D ACDB-LOADER: ACDB -> send_audtable
12-20 22:05:48.482   788 20835 D ACDB-LOADER: ACDB -> ACDB_CMD_GET_AUDPROC_COMMON_TABLE_SIZE
12-20 22:05:48.482   788 20835 D ACDB-LOADER: ACDB -> ACDB_CMD_GET_AUDPROC_COMMON_TABLE
12-20 22:05:48.482   788 20835 D ACDB-LOADER: ACDB -> AUDIO_SET_AUDPROC_CAL
12-20 22:05:48.482   788 20835 D ACDB-LOADER: ACDB -> send_audvoltable
12-20 22:05:48.482   788 20835 D ACDB-LOADER: ACDB -> ACDB_CMD_GET_AUDPROC_VOL_STEP_TABLE_SIZE
12-20 22:05:48.482   788 20835 D ACDB-LOADER: ACDB -> ACDB_CMD_GET_AUDPROC_GAIN_DEP_STEP_TABLE, vol index 0
12-20 22:05:48.483   788 20835 D         : Failed to fetch the lookup information of the device 0000003E 
12-20 22:05:48.483   788 20835 D ACDB-LOADER: ACDB -> AUDIO_SET_VOL_CAL cal type = 12
12-20 22:05:48.483   788 20835 D ACDB-LOADER: ACDB -> ACDB_CMD_GET_AUDPROC_STREAM_TABLE_SIZE
12-20 22:05:48.483   788 20835 D ACDB-LOADER: ACDB -> send_audstrmtable
12-20 22:05:48.483   788 20835 D ACDB-LOADER: ACDB -> ACDB_CMD_GET_AUDPROC_STREAM_TABLE_V2
12-20 22:05:48.483   788 20835 D ACDB-LOADER: ACDB -> audstrm_cal->cal_type.cal_data.cal_size = 456
12-20 22:05:48.483   788 20835 D ACDB-LOADER: ACDB -> send_afe_topology
12-20 22:05:48.483   788 20835 D ACDB-LOADER: ACDB -> ACDB_CMD_GET_AFE_TOPOLOGY_ID
12-20 22:05:48.483   788 20835 D ACDB-LOADER: ACDB -> GET_AFE_TOPOLOGY_ID for adcd_id 62, Topology Id 112fb
12-20 22:05:48.483   788 20835 D ACDB-LOADER: ACDB -> send_afe_cal
12-20 22:05:48.483   788 20835 D ACDB-LOADER: ACDB -> ACDB_CMD_GET_AFE_COMMON_TABLE_SIZE
12-20 22:05:48.483   788 20835 D         : Failed to fetch the lookup information of the device 0000003E 
12-20 22:05:48.483   788 20835 E ACDB-LOADER: Error: ACDB_CMD_GET_AFE_COMMON_TABLE_SIZE Returned = -19
12-20 22:05:48.483   788 20835 D ACDB-LOADER: ACDB -> ACDB_CMD_GET_AFE_COMMON_TABLE
12-20 22:05:48.483   788 20835 D         : Failed to fetch the lookup information of the device 0000003E 
12-20 22:05:48.483   788 20835 D ACDB-LOADER: ACDB -> AUDIO_SET_AFE_CAL
12-20 22:05:48.483   788 20835 D ACDB-LOADER: ACDB -> send_hw_delay : acdb_id = 62 path = 1
12-20 22:05:48.483   788 20835 D ACDB-LOADER: ACDB -> ACDB_AVSYNC_INFO: ACDB_CMD_GET_DEVICE_PROPERTY
12-20 22:05:48.483   788 20835 D audio_hw_primary: enable_snd_device: snd_device(120: voice-rec-mic)
12-20 22:05:48.483   788 20835 D audio_route: Apply path: voice-rec-mic
12-20 22:05:48.486   788 20835 V msm8974_platform: platform_get_snd_device_backend_index: enter with device 120
12-20 22:05:48.486   788 20835 E msm8974_platform: platform_get_snd_device_backend_index: BE DAI Name Table is not present
12-20 22:05:48.486   788 20835 V msm8974_platform: platform_get_backend_index:napb: backend port - 5 device - 120 
12-20 22:05:48.486   788 20835 I audio_hw_utils: Set Audio Stream Capture 0 App Type Cfg: app_type 69936, acdb_dev_id 62, sample_rate 48000, snd_device_be_idx -14
12-20 22:05:48.487   788 20835 D audio_hw_primary: enable_audio_route: usecase(9) apply and update mixer path: audio-record
12-20 22:05:48.487   788 20835 D audio_route: Apply path: audio-record
12-20 22:05:48.557 19624 19715 I MicroDetectionWorker: onReady
12-20 22:05:48.579  2146  2165 I zygote  : NativeAlloc concurrent copying GC freed 19108(1051KB) AllocSpace objects, 0(0B) LOS objects, 50% free, 7MB/14MB, paused 1.662ms total 109.796ms
12-20 22:05:48.875  1456  7796 I OpenGLRenderer: Initialized EGL, version 1.4
12-20 22:05:48.875  1456  7796 D OpenGLRenderer: Swap behavior 2
12-20 22:05:48.908  2748  2917 W OpenGLRenderer: Incorrectly called buildLayer on View: ShortcutAndWidgetContainer, destroying layer...
12-20 22:05:49.045 20601 20674 I chatty  : uid=10606(org.mozilla.fenix.performancetest) expire 6 lines
12-20 22:05:49.071   808   898 I SFPerfTracer:      triggers: (rate: 0:0) (0 sw vsyncs) (0 skipped) (37:1080753 vsyncs) (39:2187022)
12-20 22:05:49.121  1456  1471 D ConnectivityService: requestNetwork for uid/pid:10606/20601 NetworkRequest [ TRACK_DEFAULT id=12036, [ Capabilities: INTERNET&NOT_RESTRICTED&TRUSTED&NOT_VPN] ]
12-20 22:05:49.122  1456  2054 D WIFI_UT : got request NetworkRequest [ TRACK_DEFAULT id=12036, [ Capabilities: INTERNET&NOT_RESTRICTED&TRUSTED&NOT_VPN] ] with score 60
12-20 22:05:49.122  1456  2099 D Ethernet: got request NetworkRequest [ TRACK_DEFAULT id=12036, [ Capabilities: INTERNET&NOT_RESTRICTED&TRUSTED&NOT_VPN] ] with score 60
12-20 22:05:49.123  1456  2054 D WIFI    : got request NetworkRequest [ TRACK_DEFAULT id=12036, [ Capabilities: INTERNET&NOT_RESTRICTED&TRUSTED&NOT_VPN] ] with score 60
12-20 22:05:49.123  2398  2398 D PhoneSwitcherNetworkRequstListener: got request NetworkRequest [ TRACK_DEFAULT id=12036, [ Capabilities: INTERNET&NOT_RESTRICTED&TRUSTED&NOT_VPN] ] with score 60
12-20 22:05:49.147 20601 20837 I chatty  : uid=10606(org.mozilla.fenix.performancetest) expire 9 lines
12-20 22:05:49.166  1456  1466 I zygote  : NativeAlloc concurrent copying GC freed 55023(3MB) AllocSpace objects, 36(1232KB) LOS objects, 42% free, 30MB/52MB, paused 162us total 290.658ms
12-20 22:05:49.632 20601 20621 I chatty  : uid=10606(org.mozilla.fenix.performancetest) expire 1 line
12-20 22:05:49.641  1456  2067 D ConnectivityService: releasing NetworkRequest [ TRACK_DEFAULT id=12036, [ Capabilities: INTERNET&NOT_RESTRICTED&TRUSTED&NOT_VPN] ] (release request)
12-20 22:05:53.512  1456  1471 I ActivityManager: Force stopping org.mozilla.fenix.performancetest appid=10606 user=0: from pid 20841
