10-25 21:44:25.094 20479 20479 D GeckoSession: handleMessage GeckoView:PageStart uri=about:blank
10-25 21:44:25.109 20479 20479 D GeckoSession: handleMessage GeckoView:PageStop uri=null
10-25 21:44:25.113 20479 20479 I SessionStorage/AutoSave: Save: Load finished
10-25 21:44:25.114 20479 20505 D SessionStorage/AutoSave: Delaying save (1839ms)
10-25 21:44:25.121 20479 20479 D GeckoSession: handleMessage GeckoView:PageStart uri=about:blank
10-25 21:44:25.144 20479 20479 D GeckoSession: handleMessage GeckoView:SecurityChanged uri=null
10-25 21:44:25.179 20479 20484 I zygote  : Do full code cache collection, code=253KB, data=167KB
10-25 21:44:25.181 20479 20484 I zygote  : After code cache collection, code=166KB, data=93KB
10-25 21:44:25.200 20479 20479 D GeckoSession: handleMessage GeckoView:PageStop uri=null
10-25 21:44:25.204 20479 20479 I SessionStorage/AutoSave: Save: Load finished
10-25 21:44:25.204 20479 20479 D SessionStorage/AutoSave: Skipping save, other job already in flight
10-25 21:44:25.877 20479 20479 D GeckoSession: handleMessage GeckoView:StateUpdated uri=null
10-25 21:44:25.877 20479 20479 W GeckoSession: No history entries found.
10-25 21:44:26.965 20479 20533 D SessionStorage/AutoSave: Saved state to disk [10ms]
10-25 21:44:31.752  1456 10736 I ActivityManager: Force stopping org.mozilla.fenix.nightly appid=10378 user=0: from pid 20678
10-25 21:44:31.752  1456 10736 I ActivityManager: Killing 20479:org.mozilla.fenix.nightly/u0a378 (adj 0): stop org.mozilla.fenix.nightly
10-25 21:44:31.754  1456  1605 W zygote  : kill(-20479, 9) failed: No such process
10-25 21:44:31.756 20517 20517 I ServiceChildProcess: Service has been unbound. Stopping.
10-25 21:44:31.756  1456 10736 W ActivityManager: Force removing ActivityRecord{5aad884 u0 org.mozilla.fenix.nightly/org.mozilla.fenix.HomeActivity t811}: app died, no saved state
10-25 21:44:31.775  1456  1605 W zygote  : kill(-20479, 9) failed: No such process
10-25 21:44:31.789  1456  1605 W zygote  : kill(-20479, 9) failed: No such process
10-25 21:44:31.790  1456  7796 I OpenGLRenderer: Initialized EGL, version 1.4
10-25 21:44:31.790  1456  7796 D OpenGLRenderer: Swap behavior 2
10-25 21:44:31.798  1456 10736 I ActivityManager: Killing 20517:org.mozilla.fenix.nightly:tab/u0a378 (adj 0): stop org.mozilla.fenix.nightly
10-25 21:44:31.808  1456  1605 W zygote  : kill(-20479, 9) failed: No such process
10-25 21:44:31.824  1456  1605 W zygote  : kill(-20479, 9) failed: No such process
10-25 21:44:31.839  2398  2398 D CarrierSvcBindHelper: No carrier app for: 0
10-25 21:44:31.841  2398  2398 D CarrierSvcBindHelper: No carrier app for: 1
10-25 21:44:31.851  7883  7883 W Settings: Setting bugreport_in_power_menu has moved from android.provider.Settings.Secure to android.provider.Settings.Global.
10-25 21:44:31.855  1456  1605 W zygote  : kill(-20479, 9) failed: No such process
10-25 21:44:31.865  1456 10736 I WifiService: getVerboseLoggingLevel uid=1000
10-25 21:44:31.866  1456  1471 I WifiService: getAggressiveHandover uid=1000
10-25 21:44:31.867  1456 10736 I WifiService: getAllowScansWithTraffic uid=1000
10-25 21:44:31.869  1456  1605 W zygote  : kill(-20479, 9) failed: No such process
10-25 21:44:31.878  7883  7883 W ResourceType: Found multiple library tables, ignoring...
10-25 21:44:31.884  1456  1605 W zygote  : kill(-20479, 9) failed: No such process
10-25 21:44:31.895  2398  2398 E PhoneInterfaceManager: [PhoneIntfMgr] getAllowedCarriers: CommandException: com.android.internal.telephony.CommandException: REQUEST_NOT_SUPPORTED
10-25 21:44:31.901  1456  1605 W zygote  : kill(-20479, 9) failed: No such process
10-25 21:44:31.902  2398  2398 E PhoneInterfaceManager: [PhoneIntfMgr] getAllowedCarriers: CommandException: com.android.internal.telephony.CommandException: REQUEST_NOT_SUPPORTED
10-25 21:44:31.915  1456  1605 W zygote  : kill(-20479, 9) failed: No such process
10-25 21:44:31.918  7883 20680 W TileUtils: Found com.android.settings.backup.BackupSettingsActivity for intent Intent { act=com.android.settings.action.SETTINGS pkg=com.android.settings } missing metadata com.android.settings.category
10-25 21:44:31.929  1456  1605 W zygote  : kill(-20479, 9) failed: No such process
10-25 21:44:31.946  1456  1605 W zygote  : kill(-20479, 9) failed: No such process
10-25 21:44:31.957  7883 20680 D Settings: No enabled state changed, skipping updateCategory call
10-25 21:44:31.959  1456  1605 W zygote  : kill(-20479, 9) failed: No such process
