12-28 22:21:06.894   794   839 E ANDR-PERF-RESOURCEQS: Failed to apply optimization [4, 0]
12-28 22:21:06.905  1456  1941 I ActivityManager: moveHomeStack, setupComplete:true
12-28 22:21:06.911 23700 23821 I Adreno  : QUALCOMM build                   : bb5b86c, I77d3059488
12-28 22:21:06.911 23700 23821 I Adreno  : Build Date                       : 06/07/18
12-28 22:21:06.911 23700 23821 I Adreno  : OpenGL ES Shader Compiler Version: EV031.22.00.01_06
12-28 22:21:06.911 23700 23821 I Adreno  : Local Branch                     : 
12-28 22:21:06.911 23700 23821 I Adreno  : Remote Branch                    : refs/tags/AU_LINUX_ANDROID_LA.UM.6.5.R1.08.01.00.312.086
12-28 22:21:06.911 23700 23821 I Adreno  : Remote Branch                    : NONE
12-28 22:21:06.911 23700 23821 I Adreno  : Reconstruct Branch               : NOTHING
12-28 22:21:06.914 23700 23821 D vndksupport: Loading /vendor/lib/hw/gralloc.msm8937.so from current namespace instead of sphal namespace.
12-28 22:21:06.915 11182 11182 D AndroidRuntime: Shutting down VM
12-28 22:21:06.917 23700 23821 I Adreno  : PFP: 0x005ff087, ME: 0x005ff063
12-28 22:21:06.921 23700 23821 I zygote  : android::hardware::configstore::V1_0::ISurfaceFlingerConfigs::hasWideColorDisplay retrieved: 0
12-28 22:21:06.921  2748  2748 D Launcher.Utilities: Wakeup weather: Intent { act=com.motorola.launcher3.action.WAKEUP_WEATHER cmp=com.motorola.timeweatherwidget/com.motorola.commandcenter.weather.WakeUpService }
12-28 22:21:06.922 23700 23821 I OpenGLRenderer: Initialized EGL, version 1.4
12-28 22:21:06.922 23700 23821 D OpenGLRenderer: Swap behavior 2
12-28 22:21:06.943  1456  1456 I NotificationService: Cannot find enqueued record for key: 0|com.motorola.timeweatherwidget|1|null|10116
12-28 22:21:06.944   808   808 D SurfaceFlinger: duplicate layer name: changing com.android.launcher3/com.android.launcher3.CustomizationPanelLauncher to com.android.launcher3/com.android.launcher3.CustomizationPanelLauncher#1
12-28 22:21:06.957 23700 23804 W ThreadPoolDumper: Queue length for executor EventBus is now 11. Perhaps some tasks are too long, or the pool is too small.
12-28 22:21:06.959  1456  6339 I WifiService: getWifiEnabledState uid=10073
12-28 22:21:06.967  1456  1471 I WifiService: getWifiEnabledState uid=10073
12-28 22:21:07.009 23700 23889 I MicroDetectionState: Should stop hotword detection immediately - false
12-28 22:21:07.015 23700 23889 I MicroDetectionWorker: #startMicroDetector [speakerMode: 0]
12-28 22:21:07.017 23700 23889 I AudioController: Created new AudioSource
12-28 22:21:07.024  1456  1673 I LaunchCheckinHandler: Displayed com.android.launcher3/.CustomizationPanelLauncher,wp,wa,131
12-28 22:21:07.026 23700 23889 I MicroDetectionWorker: onReady
12-28 22:21:07.029 23700  5046 I MicroDataManager: isInitializedWithLatestParams-true
12-28 22:21:07.029 23700  5046 I MicroDataManager: isInitializing-false locale not changed-true model not changed-true
12-28 22:21:07.029 23700  5046 I MicroDataManager: Already initialized, obtaining the hotword data immediately.
12-28 22:21:07.031  9830  9830 I Finsky  : [2] puo.onTrimMemory(1): Memory trim requested to level 60
12-28 22:21:07.034 23700 27114 I MicroRecognitionRunner: Starting detection.
12-28 22:21:07.034 23700 27114 I InputStreamUtils: Using micInputStream
12-28 22:21:07.035 23700 27115 I MicrophoneInputStream: mic_starting  SR : 16000 CC : 16 SO : 1999
12-28 22:21:07.040   788  1401 V msm8974_platform: platform_check_input_mask: enter check_input_mask source 6 mask 10
12-28 22:21:07.043  1012 11196 I AudioFlinger: AudioFlinger's thread 0xb2483dc0 tid=11196 ready to run
12-28 22:21:07.048   788  1401 D audio_hw_primary: in_set_parameters: enter: kvpairs=input_source=6;routing=-2147483644
12-28 22:21:07.049  1012  4818 D APM_AudioPolicyManager: AudioPolicyManager::startInput() input 61054, session 61105, source = 1999
12-28 22:21:07.049 23700 27115 I MicrophoneInputStream: mic_started  SR : 16000 CC : 16 SO : 1999
12-28 22:21:07.051   788 11197 V msm8974_platform: platform_update_usecase_from_source: input source :6
12-28 22:21:07.051   788 11197 V msm8974_platform: platform_check_input_mask: enter check_input_mask source 6 mask 10
12-28 22:21:07.051   788 11197 V msm8974_platform: platform_get_input_snd_device: enter: out_device(0) in_device(0x4) channel_count (1) channel_mask (0x10)
12-28 22:21:07.051   788 11197 V msm8974_platform: platform_get_input_snd_device: exit: in_snd_device(voice-rec-mic)
12-28 22:21:07.051   788 11197 V msm8974_platform: platform_get_backend_index:napb: backend port - 5 device - 120 
12-28 22:21:07.051   788 11197 V msm8974_platform: platform_check_and_set_capture_backend_cfg:txbecf: afe: bitwidth 0, samplerate 0, channel 1, backend_idx 5 usecase = 9 device (voice-rec-mic)
12-28 22:21:07.051   788 11197 V msm8974_platform: platform_check_capture_backend_cfg:txbecf: afe: Codec selected backend: 5 current bit width: 0 and sample rate: 0, channels 1
12-28 22:21:07.051   788 11197 V msm8974_platform: platform_check_capture_backend_cfg:txbecf: afe: Codec selected backend: 5 updated bit width: 0 and sample rate: 0
12-28 22:21:07.051   788 11197 I msm8974_platform: platform_check_capture_backend_cfg:txbecf: afe: Codec backend needs to be updated. new bit width: 0 new sample rate: 0 new channel: 1
12-28 22:21:07.051   788 11197 V msm8974_platform: platform_get_backend_index:napb: backend port - 5 device - 120 
12-28 22:21:07.051   788 11197 V msm8974_platform: platform_set_backend_cfg:becf: afe: bitwidth 0, samplerate 0 channels 1, backend_idx 5 device (voice-rec-mic)
12-28 22:21:07.051   788 11197 E msm8974_platform: platform_set_backend_cfg:becf: afe: Could not get ctl for mixer command - SLIM_0_TX Format
12-28 22:21:07.051   788 11197 V msm8974_platform: platform_send_audio_calibration: sending audio calibration for snd_device(120) acdb_id(62)
12-28 22:21:07.051   788 11197 D ACDB-LOADER: ACDB -> send_audio_cal, acdb_id = 62, path = 1, app id = 0x11130, sample rate = 48000
12-28 22:21:07.051   788 11197 D ACDB-LOADER: ACDB -> send_asm_topology
12-28 22:21:07.051   788 11197 D ACDB-LOADER: ACDB -> ACDB_CMD_GET_AUDPROC_STREAM_TOPOLOGY_ID
12-28 22:21:07.052   788 11197 D ACDB-LOADER: ACDB -> send_adm_topology
12-28 22:21:07.052   788 11197 D ACDB-LOADER: ACDB -> ACDB_CMD_GET_AUDPROC_COMMON_TOPOLOGY_ID
12-28 22:21:07.052   788 11197 D ACDB-LOADER: ACDB -> send_audtable
12-28 22:21:07.052   788 11197 D ACDB-LOADER: ACDB -> ACDB_CMD_GET_AUDPROC_COMMON_TABLE_SIZE
12-28 22:21:07.052   788 11197 D ACDB-LOADER: ACDB -> ACDB_CMD_GET_AUDPROC_COMMON_TABLE
12-28 22:21:07.052   788 11197 D ACDB-LOADER: ACDB -> AUDIO_SET_AUDPROC_CAL
12-28 22:21:07.052   788 11197 D ACDB-LOADER: ACDB -> send_audvoltable
12-28 22:21:07.052   788 11197 D ACDB-LOADER: ACDB -> ACDB_CMD_GET_AUDPROC_VOL_STEP_TABLE_SIZE
12-28 22:21:07.052   788 11197 D ACDB-LOADER: ACDB -> ACDB_CMD_GET_AUDPROC_GAIN_DEP_STEP_TABLE, vol index 0
12-28 22:21:07.052   788 11197 D         : Failed to fetch the lookup information of the device 0000003E 
12-28 22:21:07.052   788 11197 D ACDB-LOADER: ACDB -> AUDIO_SET_VOL_CAL cal type = 12
12-28 22:21:07.052   788 11197 D ACDB-LOADER: ACDB -> ACDB_CMD_GET_AUDPROC_STREAM_TABLE_SIZE
12-28 22:21:07.052   788 11197 D ACDB-LOADER: ACDB -> send_audstrmtable
12-28 22:21:07.052   788 11197 D ACDB-LOADER: ACDB -> ACDB_CMD_GET_AUDPROC_STREAM_TABLE_V2
12-28 22:21:07.052   788 11197 D ACDB-LOADER: ACDB -> audstrm_cal->cal_type.cal_data.cal_size = 456
12-28 22:21:07.052   788 11197 D ACDB-LOADER: ACDB -> send_afe_topology
12-28 22:21:07.052   788 11197 D ACDB-LOADER: ACDB -> ACDB_CMD_GET_AFE_TOPOLOGY_ID
12-28 22:21:07.052   788 11197 D ACDB-LOADER: ACDB -> GET_AFE_TOPOLOGY_ID for adcd_id 62, Topology Id 112fb
12-28 22:21:07.052   788 11197 D ACDB-LOADER: ACDB -> send_afe_cal
12-28 22:21:07.052   788 11197 D ACDB-LOADER: ACDB -> ACDB_CMD_GET_AFE_COMMON_TABLE_SIZE
12-28 22:21:07.052   788 11197 D         : Failed to fetch the lookup information of the device 0000003E 
12-28 22:21:07.053   788 11197 E ACDB-LOADER: Error: ACDB_CMD_GET_AFE_COMMON_TABLE_SIZE Returned = -19
12-28 22:21:07.053   788 11197 D ACDB-LOADER: ACDB -> ACDB_CMD_GET_AFE_COMMON_TABLE
12-28 22:21:07.053   788 11197 D         : Failed to fetch the lookup information of the device 0000003E 
12-28 22:21:07.053   788 11197 D ACDB-LOADER: ACDB -> AUDIO_SET_AFE_CAL
12-28 22:21:07.053   788 11197 D ACDB-LOADER: ACDB -> send_hw_delay : acdb_id = 62 path = 1
12-28 22:21:07.053   788 11197 D ACDB-LOADER: ACDB -> ACDB_AVSYNC_INFO: ACDB_CMD_GET_DEVICE_PROPERTY
12-28 22:21:07.053   788 11197 D audio_hw_primary: enable_snd_device: snd_device(120: voice-rec-mic)
12-28 22:21:07.053   788 11197 D audio_route: Apply path: voice-rec-mic
12-28 22:21:07.056   788 11197 V msm8974_platform: platform_get_snd_device_backend_index: enter with device 120
12-28 22:21:07.056   788 11197 E msm8974_platform: platform_get_snd_device_backend_index: BE DAI Name Table is not present
12-28 22:21:07.056   788 11197 V msm8974_platform: platform_get_backend_index:napb: backend port - 5 device - 120 
12-28 22:21:07.056   788 11197 I audio_hw_utils: Set Audio Stream Capture 0 App Type Cfg: app_type 69936, acdb_dev_id 62, sample_rate 48000, snd_device_be_idx -14
12-28 22:21:07.057   788 11197 D audio_hw_primary: enable_audio_route: usecase(9) apply and update mixer path: audio-record
12-28 22:21:07.057   788 11197 D audio_route: Apply path: audio-record
12-28 22:21:07.126 23700 23889 I MicroDetectionWorker: onReady
12-28 22:21:07.142  2146  2165 I zygote  : NativeAlloc concurrent copying GC freed 17419(913KB) AllocSpace objects, 0(0B) LOS objects, 50% free, 8MB/16MB, paused 198us total 108.126ms
12-28 22:21:07.425  1456  7796 I OpenGLRenderer: Initialized EGL, version 1.4
12-28 22:21:07.426  1456  7796 D OpenGLRenderer: Swap behavior 2
12-28 22:21:07.473  2748  2917 W OpenGLRenderer: Incorrectly called buildLayer on View: ShortcutAndWidgetContainer, destroying layer...
12-28 22:21:07.606 10973 11001 I chatty  : uid=10647(org.mozilla.fenix.performancetest) expire 1 line
12-28 22:21:07.614 10973 11090 I chatty  : uid=10647(org.mozilla.fenix.performancetest) expire 6 lines
12-28 22:21:07.678  1456  5027 D ConnectivityService: requestNetwork for uid/pid:10647/10973 NetworkRequest [ TRACK_DEFAULT id=14852, [ Capabilities: INTERNET&NOT_RESTRICTED&TRUSTED&NOT_VPN] ]
12-28 22:21:07.680  1456  2054 D WIFI_UT : got request NetworkRequest [ TRACK_DEFAULT id=14852, [ Capabilities: INTERNET&NOT_RESTRICTED&TRUSTED&NOT_VPN] ] with score 60
12-28 22:21:07.680  1456  2099 D Ethernet: got request NetworkRequest [ TRACK_DEFAULT id=14852, [ Capabilities: INTERNET&NOT_RESTRICTED&TRUSTED&NOT_VPN] ] with score 60
12-28 22:21:07.680  1456  2054 D WIFI    : got request NetworkRequest [ TRACK_DEFAULT id=14852, [ Capabilities: INTERNET&NOT_RESTRICTED&TRUSTED&NOT_VPN] ] with score 60
12-28 22:21:07.680  2398  2398 D PhoneSwitcherNetworkRequstListener: got request NetworkRequest [ TRACK_DEFAULT id=14852, [ Capabilities: INTERNET&NOT_RESTRICTED&TRUSTED&NOT_VPN] ] with score 60
12-28 22:21:07.708 10973 11198 I chatty  : uid=10647(org.mozilla.fenix.performancetest) expire 9 lines
12-28 22:21:08.214 10973 11021 I chatty  : uid=10647(org.mozilla.fenix.performancetest) expire 1 line
12-28 22:21:08.225  1456  2067 D ConnectivityService: releasing NetworkRequest [ TRACK_DEFAULT id=14852, [ Capabilities: INTERNET&NOT_RESTRICTED&TRUSTED&NOT_VPN] ] (release request)
12-28 22:21:08.767  1456  2054 D WifiCountryMonitorFcc: fixCurrentCountryIso called
12-28 22:21:11.780  2398  2398 D QtiCarrierConfigHelper: WARNING, no carrier configs on phone Id: 0
12-28 22:21:11.852  1456  5027 W ActivityManager: Background start not allowed: service Intent { cmp=com.google.android.apps.messaging/.shared.datamodel.action.execution.ActionExecutorImpl$EmptyService } to com.google.android.apps.messaging/.shared.datamodel.action.execution.ActionExecutorImpl$EmptyService from pid=10880 uid=10110 pkg=com.google.android.apps.messaging
12-28 22:21:11.853 10880 10880 W BugleDataModel: ActionExecutorImpl: Action started execution, but we can't guarantee it will complete, the app may be killed. Action: class com.google.android.apps.messaging.shared.datamodel.action.GenericWorkerQueueAction-GenericWorkerQueueAction:10117749068008
12-28 22:21:11.853 10880 10880 W BugleDataModel: java.lang.IllegalStateException: Not allowed to start service Intent { cmp=com.google.android.apps.messaging/.shared.datamodel.action.execution.ActionExecutorImpl$EmptyService }: app is in background uid UidRecord{7ce9092 u0a110 CEM  idle change:cached procs:1 seq(0,0,0)}
12-28 22:21:11.853 10880 10880 W BugleDataModel: 	at android.app.ContextImpl.startServiceCommon(ContextImpl.java:1536)
12-28 22:21:11.853 10880 10880 W BugleDataModel: 	at android.app.ContextImpl.startService(ContextImpl.java:1492)
12-28 22:21:11.853 10880 10880 W BugleDataModel: 	at android.content.ContextWrapper.startService(ContextWrapper.java:650)
12-28 22:21:11.853 10880 10880 W BugleDataModel: 	at com.google.android.apps.messaging.shared.datamodel.action.execution.ActionExecutorImpl.a(PG:94)
12-28 22:21:11.853 10880 10880 W BugleDataModel: 	at com.google.android.apps.messaging.shared.datamodel.action.execution.ActionExecutorImpl.a(PG:89)
12-28 22:21:11.853 10880 10880 W BugleDataModel: 	at fib.c(PG:113)
12-28 22:21:11.853 10880 10880 W BugleDataModel: 	at fhy.run(PG:1)
12-28 22:21:11.853 10880 10880 W BugleDataModel: 	at zit.run(PG:3)
12-28 22:21:11.853 10880 10880 W BugleDataModel: 	at android.os.Handler.handleCallback(Handler.java:790)
12-28 22:21:11.853 10880 10880 W BugleDataModel: 	at android.os.Handler.dispatchMessage(Handler.java:99)
12-28 22:21:11.853 10880 10880 W BugleDataModel: 	at android.os.Looper.loop(Looper.java:164)
12-28 22:21:11.853 10880 10880 W BugleDataModel: 	at android.app.ActivityThread.main(ActivityThread.java:6626)
12-28 22:21:11.853 10880 10880 W BugleDataModel: 	at java.lang.reflect.Method.invoke(Native Method)
12-28 22:21:11.853 10880 10880 W BugleDataModel: 	at com.android.internal.os.RuntimeInit$MethodAndArgsCaller.run(RuntimeInit.java:438)
12-28 22:21:11.853 10880 10880 W BugleDataModel: 	at com.android.internal.os.ZygoteInit.main(ZygoteInit.java:811)
12-28 22:21:12.093  1456  5027 I ActivityManager: Force stopping org.mozilla.fenix.performancetest appid=10647 user=0: from pid 11203
12-28 22:21:12.093  1456  5027 I ActivityManager: Killing 10973:org.mozilla.fenix.performancetest/u0a647 (adj 700): stop org.mozilla.fenix.performancetest
12-28 22:21:12.096  1456  1605 W zygote  : kill(-10973, 9) failed: No such process
12-28 22:21:12.097  1456  5027 W ActivityManager: Force removing ActivityRecord{96228a8 u0 org.mozilla.fenix.performancetest/org.mozilla.fenix.HomeActivity t13816}: app died, no saved state
12-28 22:21:12.097 11025 11025 I chatty  : uid=10647(org.mozilla.fenix.performancetest) expire 1 line
12-28 22:21:12.105  1456  5027 I ActivityManager: Killing 11025:org.mozilla.fenix.performancetest:tab/u0a647 (adj 0): stop org.mozilla.fenix.performancetest
12-28 22:21:12.109  1456  1605 W zygote  : kill(-10973, 9) failed: No such process
12-28 22:21:12.113 26068 26068 I AppBase : onTrimMemory(): 10
12-28 22:21:12.113 26068 26068 I GoogleInputMethodService: onTrimMemory(): 10
12-28 22:21:12.124  2398  2398 D CarrierSvcBindHelper: No carrier app for: 0
12-28 22:21:12.124  2398  2398 D CarrierSvcBindHelper: No carrier app for: 1
12-28 22:21:12.125  1456  1605 W zygote  : kill(-10973, 9) failed: No such process
12-28 22:21:12.152  1456  1605 I chatty  : uid=1000(system) ActivityManager identical 2 lines
12-28 22:21:12.165  1456  1605 W zygote  : kill(-10973, 9) failed: No such process
12-28 22:21:12.174  1456  1673 W ActivityManager: setHasOverlayUi called on unknown pid: 10973
12-28 22:21:12.177  9830  9830 I Finsky  : [2] JobSchedulerEngine$PhoneskyJobSchedulerJobService.onStartJob(5): SCH: onJobSchedulerWakeup with jobId 9004
12-28 22:21:12.180  1456  1605 W zygote  : kill(-10973, 9) failed: No such process
12-28 22:21:12.180  1456  1605 I zygote  : Successfully killed process cgroup uid 10647 pid 10973 in 84ms
12-28 22:21:12.180  1456  1605 W zygote  : kill(-11025, 9) failed: No such process
12-28 22:21:12.181  1456  1605 I zygote  : Successfully killed process cgroup uid 10647 pid 11025 in 0ms
12-28 22:21:12.181  9830  9830 I Finsky  : [2] trd.a(24): Scheduling fallback job with id: 9034, and delay: 43200000 ms
12-28 22:21:12.184  9830  9830 I Finsky  : [2] trd.a(5): Scheduling fallback in 64799998 (absolute: 10182560856)
12-28 22:21:12.210  9830  9830 I Finsky  : [2] trp.handleMessage(10): SCH: DeviceState: DeviceState{currentTime=1577589672199, isCharging=true, isIdle=false, netAny=true, netNotRoaming=true, netUnmetered=true, batteryPercent=100.0}
12-28 22:21:12.219  9830 11208 I Finsky  : [148602] tuf.a(7): SCH: Jobs in database: 1-1337 24-77777777 26-1414141414 29-29 
12-28 22:21:12.230  1456  5907 I ActivityManager: START u0 {act=android.intent.action.MAIN cat=[android.intent.category.LAUNCHER] flg=0x10000000 cmp=org.mozilla.fenix.performancetest/org.mozilla.fenix.HomeActivity} from uid 2000
12-28 22:21:12.231   794   839 E ANDR-PERF-RESOURCEQS: Failed to apply optimization [4, 0]
12-28 22:21:12.238  9830  9830 I Finsky  : [2] trq.a(18): SCH: Running job: 29-29
12-28 22:21:12.241  9830  9830 I Finsky  : [2] trp.handleMessage(63): SCH: RunningQueue size: 1, PendingQueue size: 0
12-28 22:21:12.241  9830  9830 I Finsky  : [2] trp.handleMessage(66): SCH: Running queue: 29-29 
12-28 22:21:12.242  9830 11211 I Finsky  : [148603] zjc.a(1): ProcessRecoveryLogsUtil: No files in recovery directory
12-28 22:21:12.243  9830 11211 I Finsky  : [148603] tta.a(13): SCH: jobFinished: 29-29. TimeElapsed: 5ms.
12-28 22:21:12.245  9830  9830 I Finsky  : [2] trq.a(34): SCH: Job 29-29 finished. Not rescheduling.
12-28 22:21:12.246  9830  9830 I Finsky  : [2] trp.handleMessage(63): SCH: RunningQueue size: 0, PendingQueue size: 0
12-28 22:21:12.246  1456  7796 I OpenGLRenderer: Initialized EGL, version 1.4
12-28 22:21:12.246  9830  9830 I Finsky  : [2] trp.handleMessage(29): Executor finished
12-28 22:21:12.246  1456  7796 D OpenGLRenderer: Swap behavior 2
12-28 22:21:12.255  1456  4679 I ActivityManager: Start proc 11212:org.mozilla.fenix.performancetest/u0a647 for activity org.mozilla.fenix.performancetest/org.mozilla.fenix.HomeActivity
12-28 22:21:12.261 11212 11212 I chatty  : uid=10647(org.mozilla.fenix.performancetest) expire 69 lines
12-28 22:21:12.292  9830  9830 I Finsky  : [2] tuf.a(7): SCH: Jobs in database: 1-1337 24-77777777 26-1414141414 
12-28 22:21:12.301  9830  9830 I Finsky  : [2] tpv.a(58): SCH: ConstraintMapping: 24-77777777,  -> L: 0ms, D: 51021044ms, C: false, I: true, N: 0
12-28 22:21:12.301  9830  9830 I Finsky  : [2] tpv.a(58): SCH: ConstraintMapping: 1-1337,  -> L: 11386046ms, D: 54586046ms, C: false, I: false, N: 1
12-28 22:21:12.302  9830  9830 I Finsky  : [2] tpv.a(58): SCH: ConstraintMapping: 26-1414141414,  -> L: 38708761ms, D: 39608761ms, C: false, I: false, N: 0
12-28 22:21:12.305  9830  9830 I Finsky  : [2] tsn.a(37): Cancelling existing jobscheduler jobs: 9000 9002 
12-28 22:21:12.306  9830  9830 I Finsky  : [2] tsn.a(14): Throttling wakeup for job 9001 (expected to run in 0 ms) due to recent wakeup
12-28 22:21:12.306  9830  9830 I Finsky  : [2] tsn.a(30): Scheduling job Id: 9001, L: 30000, D: 51021044, C: false, I: true, N: 0
12-28 22:21:12.308  9830  9830 I Finsky  : [2] tsn.a(30): Scheduling job Id: 9003, L: 11386046, D: 54586046, C: false, I: false, N: 1
12-28 22:21:12.309  9830  9830 I Finsky  : [2] tsn.a(30): Scheduling job Id: 9005, L: 38708761, D: 39608761, C: false, I: false, N: 0
12-28 22:21:12.310  9830  9830 I Finsky  : [2] puo.onTrimMemory(1): Memory trim requested to level 80
12-28 22:21:12.339 23700 23889 I MicroDetectionState: Should stop hotword detection immediately - false
12-28 22:21:12.339 23700 23889 I MicroDetector: Keeping mic open: false
12-28 22:21:12.340 23700 27113 E DeviceStateChecker: DeviceStateChecker cancelled
12-28 22:21:12.340 23700 23889 I RecognitionAudioControl: #shutdownAudio [requestId: -1163363691963363502, keepAudioOpen: false, forced: true]
12-28 22:21:12.340 23700 23889 I RecognitionAudioControl: #internalShutdownAudio [requestId: -1163363691963363502]
12-28 22:21:12.340 23700 23889 I RecognitionAudioControl: #internalShutdownAudio [keepAudioOpen: false, forced: true]
12-28 22:21:12.340 23700 23889 I RecognitionAudioControl: #actualShutdownAudio
12-28 22:21:12.340 23700 23889 I AudioController: #shutdown [requestId=-1163363691963363502]
12-28 22:21:12.340 23700  5046 I AudioController: internalShutdown
12-28 22:21:12.340 23700 27434 I MicroRecognitionRunner: Stopping hotword detection.
12-28 22:21:12.388   788  1401 D audio_hw_primary: disable_audio_route: usecase(9) reset and update mixer path: audio-record
12-28 22:21:12.389   788  1401 D audio_hw_primary: disable_snd_device: snd_device(120: voice-rec-mic)
12-28 22:21:12.392  1012  4818 D APM_AudioPolicyManager: stopInput() input 61054, session 61105
12-28 22:21:12.393   788  1401 D audio_hw_primary: in_set_parameters: enter: kvpairs=routing=0
12-28 22:21:12.396 23700  5046 I MicrophoneInputStream: mic_close  SR : 16000 CC : 16 SO : 1999
12-28 22:21:12.396 23700  5046 E AudioSource: Stop listening is called on already closed AudioSource
12-28 22:21:12.397 23700 27114 I MicroRecognitionRunner: Detection finished
12-28 22:21:12.495 11212 11229 I chatty  : uid=10647(org.mozilla.fenix.performancetest) expire 14 lines
12-28 22:21:12.717 11212 11243 I chatty  : uid=10647(org.mozilla.fenix.performancetest) expire 92 lines
12-28 22:21:12.752   808   808 I SFPerfTracer:      triggers: (rate: 49:56426) (compose: 0:5) (post: 0:13) (render: 0:9) (16:1448336 frames) (17:2501930)
12-28 22:21:12.752   808   808 D SFPerfTracer:        layers: (3:13) (NavigationBar#0 (0xb07df000): 9:331198) (StatusBar#0 (0xb07e3000): 9:1021484) (com.android.systemui.ImageWallpaper#0 (0xb07e7000): 0:26124)* (Sprite#0 (0xb0733000): 0:317)* (DimLayerController/Stack=0#0 (0xb075a000): 0:3501)* (Sprite#1 (0xb077c000): 0:195)* (com.android.launcher3/com.android.launcher3.CustomizationPanelLauncher#0 (0xb0763000): 0:39)- (com.android.launcher3/com.android.launcher3.CustomizationPanelLauncher#1 (0xb0771000): 0:13)- (Splash Screen org.mozilla.fenix.performancetest#0 (0xb0384000): 0:31)- (org.mozilla.fenix.performancetest/org.mozilla.fenix.HomeActivity#0 (0xb039b000): 0:45)- (com.android.launcher3/com.android.launcher3.CustomizationPanelLauncher#0 (0xb0763000): 0:40)* (com.android.launcher3/com.android.launcher3.CustomizationPanelLauncher#1 (0xb0771000): 0:10)* (Splash Screen org.mozilla.fenix.performancetest#0 (0xb0384000): 16:20) 
12-28 22:21:12.851 11212 11250 I chatty  : uid=10647(org.mozilla.fenix.performancetest) expire 10 lines
12-28 22:21:12.854  1456  7556 I ActivityManager: Start proc 11251:org.mozilla.fenix.performancetest:tab/u0a647 for service org.mozilla.fenix.performancetest/org.mozilla.gecko.process.GeckoServiceChildProcess$tab
12-28 22:21:12.859 11251 11251 I chatty  : uid=10647(org.mozilla.fenix.performancetest) expire 2 lines
12-28 22:21:13.026 11251 11275 I chatty  : uid=10647(org.mozilla.fenix.performancetest) expire 1 line
12-28 22:21:13.143 11212 11217 I chatty  : uid=10647(org.mozilla.fenix.performancetest) expire 8 lines
12-28 22:21:13.524 11212 11304 I chatty  : uid=10647(org.mozilla.fenix.performancetest) expire 5 lines
12-28 22:21:13.972  1456  7556 I WifiService: getDhcpInfo uid=10647
12-28 22:21:14.613 11212 11353 I chatty  : uid=10647(org.mozilla.fenix.performancetest) expire 2 lines
12-28 22:21:14.727  1456  1673 I LaunchCheckinHandler: Displayed org.mozilla.fenix.performancetest/org.mozilla.fenix.HomeActivity,cp,ca,2487
12-28 22:21:14.728  1456  1673 I ActivityManager: Displayed org.mozilla.fenix.performancetest/org.mozilla.fenix.HomeActivity: +2s481ms
12-28 22:21:14.769 11212 11362 I chatty  : uid=10647(org.mozilla.fenix.performancetest) expire 4 lines
12-28 22:21:14.790 23700 23700 I MemoryTrimmer: Trimming objects from memory, since app is in the background.
12-28 22:21:14.802 23700 23700 I MemoryTrimmer: Trimming objects from memory, since app is in the background.
12-28 22:21:14.812 23700  7051 I PBSessionCacheImpl: Deleted sessionId[104235279871152861] from persistence.
12-28 22:21:14.818  1456  7556 I WifiService: getWifiEnabledState uid=10073
12-28 22:21:14.843 23700 23889 W SearchServiceCore: Abort, client detached.
12-28 22:21:14.909 11212 11235 I chatty  : uid=10647(org.mozilla.fenix.performancetest) expire 1 line
12-28 22:21:15.121   808   898 I SFPerfTracer:      triggers: (rate: 0:0) (0 sw vsyncs) (0 skipped) (18:1312945 vsyncs) (20:2531660)
12-28 22:21:17.879 11385 11385 D AndroidRuntime: >>>>>> START com.android.internal.os.RuntimeInit uid 2000 <<<<<<
12-28 22:21:17.892 11385 11385 W app_process: Could not reserve sentinel fault page
12-28 22:21:18.060 11385 11385 I app_process: The ClassLoaderContext is a special shared library.
12-28 22:21:18.127 11385 11385 D AndroidRuntime: Calling main entry com.android.commands.input.Input
12-28 22:21:18.128 11385 11385 I Input   : injectKeyEvent: KeyEvent { action=ACTION_DOWN, keyCode=KEYCODE_HOME, scanCode=0, metaState=0, flags=0x0, repeatCount=0, eventTime=10036906856, downTime=10036906856, deviceId=-1, source=0x101 }
12-28 22:21:18.134 11385 11385 I Input   : injectKeyEvent: KeyEvent { action=ACTION_UP, keyCode=KEYCODE_HOME, scanCode=0, metaState=0, flags=0x0, repeatCount=0, eventTime=10036906856, downTime=10036906856, deviceId=-1, source=0x101 }
12-28 22:21:18.140  1456  1941 I ActivityManager: START u0 {act=android.intent.action.MAIN cat=[android.intent.category.HOME] flg=0x10200000 cmp=com.android.launcher3/.CustomizationPanelLauncher (has extras)} from uid 1000
12-28 22:21:18.140   794   839 E ANDR-PERF-RESOURCEQS: Failed to apply optimization [4, 0]
12-28 22:21:18.151  1456  1941 I ActivityManager: moveHomeStack, setupComplete:true
12-28 22:21:18.154 11385 11385 D AndroidRuntime: Shutting down VM
12-28 22:21:18.165 23700 23821 I Adreno  : QUALCOMM build                   : bb5b86c, I77d3059488
12-28 22:21:18.165 23700 23821 I Adreno  : Build Date                       : 06/07/18
12-28 22:21:18.165 23700 23821 I Adreno  : OpenGL ES Shader Compiler Version: EV031.22.00.01_06
12-28 22:21:18.165 23700 23821 I Adreno  : Local Branch                     : 
12-28 22:21:18.165 23700 23821 I Adreno  : Remote Branch                    : refs/tags/AU_LINUX_ANDROID_LA.UM.6.5.R1.08.01.00.312.086
12-28 22:21:18.165 23700 23821 I Adreno  : Remote Branch                    : NONE
12-28 22:21:18.165 23700 23821 I Adreno  : Reconstruct Branch               : NOTHING
12-28 22:21:18.169 23700 23821 D vndksupport: Loading /vendor/lib/hw/gralloc.msm8937.so from current namespace instead of sphal namespace.
12-28 22:21:18.172 23700 23821 I Adreno  : PFP: 0x005ff087, ME: 0x005ff063
12-28 22:21:18.176 23700 23821 I zygote  : android::hardware::configstore::V1_0::ISurfaceFlingerConfigs::hasWideColorDisplay retrieved: 0
12-28 22:21:18.177 23700 23821 I OpenGLRenderer: Initialized EGL, version 1.4
12-28 22:21:18.177 23700 23821 D OpenGLRenderer: Swap behavior 2
12-28 22:21:18.177  9830  9830 I Finsky  : [2] puo.onTrimMemory(1): Memory trim requested to level 80
12-28 22:21:18.180  2748  2748 D Launcher.Utilities: Wakeup weather: Intent { act=com.motorola.launcher3.action.WAKEUP_WEATHER cmp=com.motorola.timeweatherwidget/com.motorola.commandcenter.weather.WakeUpService }
12-28 22:21:18.196  1456  1456 I NotificationService: Cannot find enqueued record for key: 0|com.motorola.timeweatherwidget|1|null|10116
12-28 22:21:18.202   808   808 D SurfaceFlinger: duplicate layer name: changing com.android.launcher3/com.android.launcher3.CustomizationPanelLauncher to com.android.launcher3/com.android.launcher3.CustomizationPanelLauncher#1
12-28 22:21:18.215 23700 27113 W ThreadPoolDumper: Queue length for executor EventBus is now 11. Perhaps some tasks are too long, or the pool is too small.
12-28 22:21:18.219  1456  7556 I WifiService: getWifiEnabledState uid=10073
12-28 22:21:18.228  1456  7556 I WifiService: getWifiEnabledState uid=10073
12-28 22:21:18.266 23700 23889 I MicroDetectionState: Should stop hotword detection immediately - false
12-28 22:21:18.277 23700 23889 I MicroDetectionWorker: #startMicroDetector [speakerMode: 0]
12-28 22:21:18.279 23700 23889 I AudioController: Created new AudioSource
12-28 22:21:18.288  1456  1673 I LaunchCheckinHandler: Displayed com.android.launcher3/.CustomizationPanelLauncher,wp,wa,147
12-28 22:21:18.290 23700 23889 I MicroDetectionWorker: onReady
12-28 22:21:18.290 23700  5046 I MicroDataManager: isInitializedWithLatestParams-true
12-28 22:21:18.290 23700  5046 I MicroDataManager: isInitializing-false locale not changed-true model not changed-true
12-28 22:21:18.291 23700  5046 I MicroDataManager: Already initialized, obtaining the hotword data immediately.
12-28 22:21:18.296 23700 23812 I MicroRecognitionRunner: Starting detection.
12-28 22:21:18.296 23700 23812 I InputStreamUtils: Using micInputStream
12-28 22:21:18.297 23700 27115 I MicrophoneInputStream: mic_starting  SR : 16000 CC : 16 SO : 1999
12-28 22:21:18.301   788   788 V msm8974_platform: platform_check_input_mask: enter check_input_mask source 6 mask 10
12-28 22:21:18.304  1012 11399 I AudioFlinger: AudioFlinger's thread 0xb2483940 tid=11399 ready to run
12-28 22:21:18.310   788   788 D audio_hw_primary: in_set_parameters: enter: kvpairs=input_source=6;routing=-2147483644
12-28 22:21:18.311  1012 11031 D APM_AudioPolicyManager: AudioPolicyManager::startInput() input 61062, session 61113, source = 1999
12-28 22:21:18.312 23700 27115 I MicrophoneInputStream: mic_started  SR : 16000 CC : 16 SO : 1999
12-28 22:21:18.314   788 11400 V msm8974_platform: platform_update_usecase_from_source: input source :6
12-28 22:21:18.314   788 11400 V msm8974_platform: platform_check_input_mask: enter check_input_mask source 6 mask 10
12-28 22:21:18.314   788 11400 V msm8974_platform: platform_get_input_snd_device: enter: out_device(0) in_device(0x4) channel_count (1) channel_mask (0x10)
12-28 22:21:18.314   788 11400 V msm8974_platform: platform_get_input_snd_device: exit: in_snd_device(voice-rec-mic)
12-28 22:21:18.314   788 11400 V msm8974_platform: platform_get_backend_index:napb: backend port - 5 device - 120 
12-28 22:21:18.314   788 11400 V msm8974_platform: platform_check_and_set_capture_backend_cfg:txbecf: afe: bitwidth 0, samplerate 0, channel 1, backend_idx 5 usecase = 9 device (voice-rec-mic)
12-28 22:21:18.314   788 11400 V msm8974_platform: platform_check_capture_backend_cfg:txbecf: afe: Codec selected backend: 5 current bit width: 0 and sample rate: 0, channels 1
12-28 22:21:18.314   788 11400 V msm8974_platform: platform_check_capture_backend_cfg:txbecf: afe: Codec selected backend: 5 updated bit width: 0 and sample rate: 0
12-28 22:21:18.314   788 11400 I msm8974_platform: platform_check_capture_backend_cfg:txbecf: afe: Codec backend needs to be updated. new bit width: 0 new sample rate: 0 new channel: 1
12-28 22:21:18.314   788 11400 V msm8974_platform: platform_get_backend_index:napb: backend port - 5 device - 120 
12-28 22:21:18.314   788 11400 V msm8974_platform: platform_set_backend_cfg:becf: afe: bitwidth 0, samplerate 0 channels 1, backend_idx 5 device (voice-rec-mic)
12-28 22:21:18.314   788 11400 E msm8974_platform: platform_set_backend_cfg:becf: afe: Could not get ctl for mixer command - SLIM_0_TX Format
12-28 22:21:18.315   788 11400 V msm8974_platform: platform_send_audio_calibration: sending audio calibration for snd_device(120) acdb_id(62)
12-28 22:21:18.315   788 11400 D ACDB-LOADER: ACDB -> send_audio_cal, acdb_id = 62, path = 1, app id = 0x11130, sample rate = 48000
12-28 22:21:18.315   788 11400 D ACDB-LOADER: ACDB -> send_asm_topology
12-28 22:21:18.315   788 11400 D ACDB-LOADER: ACDB -> ACDB_CMD_GET_AUDPROC_STREAM_TOPOLOGY_ID
12-28 22:21:18.315   788 11400 D ACDB-LOADER: ACDB -> send_adm_topology
12-28 22:21:18.315   788 11400 D ACDB-LOADER: ACDB -> ACDB_CMD_GET_AUDPROC_COMMON_TOPOLOGY_ID
12-28 22:21:18.315   788 11400 D ACDB-LOADER: ACDB -> send_audtable
12-28 22:21:18.315   788 11400 D ACDB-LOADER: ACDB -> ACDB_CMD_GET_AUDPROC_COMMON_TABLE_SIZE
12-28 22:21:18.315   788 11400 D ACDB-LOADER: ACDB -> ACDB_CMD_GET_AUDPROC_COMMON_TABLE
12-28 22:21:18.315   788 11400 D ACDB-LOADER: ACDB -> AUDIO_SET_AUDPROC_CAL
12-28 22:21:18.315   788 11400 D ACDB-LOADER: ACDB -> send_audvoltable
12-28 22:21:18.315   788 11400 D ACDB-LOADER: ACDB -> ACDB_CMD_GET_AUDPROC_VOL_STEP_TABLE_SIZE
12-28 22:21:18.315   788 11400 D ACDB-LOADER: ACDB -> ACDB_CMD_GET_AUDPROC_GAIN_DEP_STEP_TABLE, vol index 0
12-28 22:21:18.315   788 11400 D         : Failed to fetch the lookup information of the device 0000003E 
12-28 22:21:18.315   788 11400 D ACDB-LOADER: ACDB -> AUDIO_SET_VOL_CAL cal type = 12
12-28 22:21:18.315   788 11400 D ACDB-LOADER: ACDB -> ACDB_CMD_GET_AUDPROC_STREAM_TABLE_SIZE
12-28 22:21:18.315   788 11400 D ACDB-LOADER: ACDB -> send_audstrmtable
12-28 22:21:18.315   788 11400 D ACDB-LOADER: ACDB -> ACDB_CMD_GET_AUDPROC_STREAM_TABLE_V2
12-28 22:21:18.315   788 11400 D ACDB-LOADER: ACDB -> audstrm_cal->cal_type.cal_data.cal_size = 456
12-28 22:21:18.315   788 11400 D ACDB-LOADER: ACDB -> send_afe_topology
12-28 22:21:18.316   788 11400 D ACDB-LOADER: ACDB -> ACDB_CMD_GET_AFE_TOPOLOGY_ID
12-28 22:21:18.316   788 11400 D ACDB-LOADER: ACDB -> GET_AFE_TOPOLOGY_ID for adcd_id 62, Topology Id 112fb
12-28 22:21:18.316   788 11400 D ACDB-LOADER: ACDB -> send_afe_cal
12-28 22:21:18.316   788 11400 D ACDB-LOADER: ACDB -> ACDB_CMD_GET_AFE_COMMON_TABLE_SIZE
12-28 22:21:18.316   788 11400 D         : Failed to fetch the lookup information of the device 0000003E 
12-28 22:21:18.316   788 11400 E ACDB-LOADER: Error: ACDB_CMD_GET_AFE_COMMON_TABLE_SIZE Returned = -19
12-28 22:21:18.316   788 11400 D ACDB-LOADER: ACDB -> ACDB_CMD_GET_AFE_COMMON_TABLE
12-28 22:21:18.316   788 11400 D         : Failed to fetch the lookup information of the device 0000003E 
12-28 22:21:18.316   788 11400 D ACDB-LOADER: ACDB -> AUDIO_SET_AFE_CAL
12-28 22:21:18.316   788 11400 D ACDB-LOADER: ACDB -> send_hw_delay : acdb_id = 62 path = 1
12-28 22:21:18.316   788 11400 D ACDB-LOADER: ACDB -> ACDB_AVSYNC_INFO: ACDB_CMD_GET_DEVICE_PROPERTY
12-28 22:21:18.316   788 11400 D audio_hw_primary: enable_snd_device: snd_device(120: voice-rec-mic)
12-28 22:21:18.316   788 11400 D audio_route: Apply path: voice-rec-mic
12-28 22:21:18.319   788 11400 V msm8974_platform: platform_get_snd_device_backend_index: enter with device 120
12-28 22:21:18.319   788 11400 E msm8974_platform: platform_get_snd_device_backend_index: BE DAI Name Table is not present
12-28 22:21:18.319   788 11400 V msm8974_platform: platform_get_backend_index:napb: backend port - 5 device - 120 
12-28 22:21:18.319   788 11400 I audio_hw_utils: Set Audio Stream Capture 0 App Type Cfg: app_type 69936, acdb_dev_id 62, sample_rate 48000, snd_device_be_idx -14
12-28 22:21:18.319   788 11400 D audio_hw_primary: enable_audio_route: usecase(9) apply and update mixer path: audio-record
12-28 22:21:18.319   788 11400 D audio_route: Apply path: audio-record
12-28 22:21:18.389 23700 23889 I MicroDetectionWorker: onReady
12-28 22:21:18.686  1456  7796 I OpenGLRenderer: Initialized EGL, version 1.4
12-28 22:21:18.686  1456  7796 D OpenGLRenderer: Swap behavior 2
12-28 22:21:18.736  2748  2917 W OpenGLRenderer: Incorrectly called buildLayer on View: ShortcutAndWidgetContainer, destroying layer...
12-28 22:21:18.863 11212 11318 I chatty  : uid=10647(org.mozilla.fenix.performancetest) expire 6 lines
12-28 22:21:18.928  1456  5027 D ConnectivityService: requestNetwork for uid/pid:10647/11212 NetworkRequest [ TRACK_DEFAULT id=14853, [ Capabilities: INTERNET&NOT_RESTRICTED&TRUSTED&NOT_VPN] ]
12-28 22:21:18.930  1456  2099 D Ethernet: got request NetworkRequest [ TRACK_DEFAULT id=14853, [ Capabilities: INTERNET&NOT_RESTRICTED&TRUSTED&NOT_VPN] ] with score 60
12-28 22:21:18.930  1456  2054 D WIFI_UT : got request NetworkRequest [ TRACK_DEFAULT id=14853, [ Capabilities: INTERNET&NOT_RESTRICTED&TRUSTED&NOT_VPN] ] with score 60
12-28 22:21:18.930  2398  2398 D PhoneSwitcherNetworkRequstListener: got request NetworkRequest [ TRACK_DEFAULT id=14853, [ Capabilities: INTERNET&NOT_RESTRICTED&TRUSTED&NOT_VPN] ] with score 60
12-28 22:21:18.930  1456  2054 D WIFI    : got request NetworkRequest [ TRACK_DEFAULT id=14853, [ Capabilities: INTERNET&NOT_RESTRICTED&TRUSTED&NOT_VPN] ] with score 60
12-28 22:21:18.958 11212 11401 I chatty  : uid=10647(org.mozilla.fenix.performancetest) expire 9 lines
12-28 22:21:18.979  1456  1466 I zygote  : NativeAlloc concurrent copying GC freed 48066(3MB) AllocSpace objects, 16(576KB) LOS objects, 42% free, 31MB/55MB, paused 156us total 293.367ms
12-28 22:21:19.457 11212 11235 I chatty  : uid=10647(org.mozilla.fenix.performancetest) expire 1 line
12-28 22:21:19.466  1456  2067 D ConnectivityService: releasing NetworkRequest [ TRACK_DEFAULT id=14853, [ Capabilities: INTERNET&NOT_RESTRICTED&TRUSTED&NOT_VPN] ] (release request)
12-28 22:21:20.627  9830  9864 I Finsky  : [148524] kia.run(3): Stats for Executor: BlockingExecutor kju@369fb03[Running, pool size = 2, active threads = 0, queued tasks = 0, completed tasks = 17]
12-28 22:21:20.628  9830  9864 I Finsky  : [148524] kia.run(3): Stats for Executor: LightweightExecutor kju@5ecfa80[Running, pool size = 4, active threads = 0, queued tasks = 0, completed tasks = 71]
12-28 22:21:20.978  9830  9864 I Finsky  : [148524] kia.run(3): Stats for Executor: bgExecutor kju@939d8b9[Running, pool size = 4, active threads = 0, queued tasks = 0, completed tasks = 61]
12-28 22:21:23.307  1456  5907 I ActivityManager: Force stopping org.mozilla.fenix.performancetest appid=10647 user=0: from pid 11405
12-28 22:21:23.307  1456  5907 I ActivityManager: Killing 11212:org.mozilla.fenix.performancetest/u0a647 (adj 700): stop org.mozilla.fenix.performancetest
12-28 22:21:23.309  1456  1605 W zygote  : kill(-11212, 9) failed: No such process
12-28 22:21:23.310  1456  5907 W ActivityManager: Force removing ActivityRecord{d832c35 u0 org.mozilla.fenix.performancetest/org.mozilla.fenix.HomeActivity t13817}: app died, no saved state
12-28 22:21:23.312 11251 11251 I chatty  : uid=10647(org.mozilla.fenix.performancetest) expire 1 line
12-28 22:21:23.319  1456  5907 I ActivityManager: Killing 11251:org.mozilla.fenix.performancetest:tab/u0a647 (adj 0): stop org.mozilla.fenix.performancetest
12-28 22:21:23.322  1456  1605 W zygote  : kill(-11212, 9) failed: No such process
12-28 22:21:23.332  2398  2398 D CarrierSvcBindHelper: No carrier app for: 0
12-28 22:21:23.332  2398  2398 D CarrierSvcBindHelper: No carrier app for: 1
12-28 22:21:23.336  1456  1605 W zygote  : kill(-11212, 9) failed: No such process
12-28 22:21:23.379  1456  1605 I chatty  : uid=1000(system) ActivityManager identical 6 lines
12-28 22:21:23.381  1456  1673 W ActivityManager: setHasOverlayUi called on unknown pid: 11212
12-28 22:21:23.394  1456  1605 W zygote  : kill(-11212, 9) failed: No such process
12-28 22:21:23.395  1456  1605 I zygote  : Successfully killed process cgroup uid 10647 pid 11212 in 85ms
12-28 22:21:23.395  1456  1605 W zygote  : kill(-11251, 9) failed: No such process
12-28 22:21:23.395  1456  1605 I zygote  : Successfully killed process cgroup uid 10647 pid 11251 in 0ms
12-28 22:21:23.432  1456  6339 I ActivityManager: START u0 {act=android.intent.action.MAIN cat=[android.intent.category.LAUNCHER] flg=0x10000000 cmp=org.mozilla.fenix.performancetest/org.mozilla.fenix.HomeActivity} from uid 2000
12-28 22:21:23.433   794   839 E ANDR-PERF-RESOURCEQS: Failed to apply optimization [4, 0]
12-28 22:21:23.454  1456  2923 I ActivityManager: Start proc 11412:org.mozilla.fenix.performancetest/u0a647 for activity org.mozilla.fenix.performancetest/org.mozilla.fenix.HomeActivity
12-28 22:21:23.459 11412 11412 I chatty  : uid=10647(org.mozilla.fenix.performancetest) expire 69 lines
12-28 22:21:23.553 23700 23889 I MicroDetectionState: Should stop hotword detection immediately - false
12-28 22:21:23.553 23700 23889 I MicroDetector: Keeping mic open: false
12-28 22:21:23.553 23700 27114 E DeviceStateChecker: DeviceStateChecker cancelled
12-28 22:21:23.553 23700 23889 I RecognitionAudioControl: #shutdownAudio [requestId: 1916899247246601764, keepAudioOpen: false, forced: true]
12-28 22:21:23.554 23700 23889 I RecognitionAudioControl: #internalShutdownAudio [requestId: 1916899247246601764]
12-28 22:21:23.554 23700 23889 I RecognitionAudioControl: #internalShutdownAudio [keepAudioOpen: false, forced: true]
12-28 22:21:23.554 23700 23889 I RecognitionAudioControl: #actualShutdownAudio
12-28 22:21:23.554 23700 23889 I AudioController: #shutdown [requestId=1916899247246601764]
12-28 22:21:23.554 23700  5046 I AudioController: internalShutdown
12-28 22:21:23.554 23700 27434 I MicroRecognitionRunner: Stopping hotword detection.
12-28 22:21:23.608   788   788 D audio_hw_primary: disable_audio_route: usecase(9) reset and update mixer path: audio-record
12-28 22:21:23.609   788   788 D audio_hw_primary: disable_snd_device: snd_device(120: voice-rec-mic)
12-28 22:21:23.612  1012 11031 D APM_AudioPolicyManager: stopInput() input 61062, session 61113
12-28 22:21:23.613   788  1401 D audio_hw_primary: in_set_parameters: enter: kvpairs=routing=0
12-28 22:21:23.615 23700  5046 I MicrophoneInputStream: mic_close  SR : 16000 CC : 16 SO : 1999
12-28 22:21:23.615 23700  5046 E AudioSource: Stop listening is called on already closed AudioSource
12-28 22:21:23.616 23700 23812 I MicroRecognitionRunner: Detection finished
12-28 22:21:23.690 11412 11429 I chatty  : uid=10647(org.mozilla.fenix.performancetest) expire 14 lines
12-28 22:21:23.904 11412 11441 I chatty  : uid=10647(org.mozilla.fenix.performancetest) expire 92 lines
12-28 22:21:23.957 10749 10812 I zygote  : Deoptimizing java.lang.Object bisn.a(java.lang.Object) due to JIT inline cache
12-28 22:21:24.043  1456  2923 I ActivityManager: Start proc 11450:org.mozilla.fenix.performancetest:tab/u0a647 for service org.mozilla.fenix.performancetest/org.mozilla.gecko.process.GeckoServiceChildProcess$tab
12-28 22:21:24.046 11412 11456 I chatty  : uid=10647(org.mozilla.fenix.performancetest) expire 10 lines
12-28 22:21:24.050 11450 11450 I chatty  : uid=10647(org.mozilla.fenix.performancetest) expire 3 lines
12-28 22:21:24.213 11450 11475 I chatty  : uid=10647(org.mozilla.fenix.performancetest) expire 1 line
12-28 22:21:24.352 11412 11417 I chatty  : uid=10647(org.mozilla.fenix.performancetest) expire 8 lines
12-28 22:21:24.725 11412 11502 I chatty  : uid=10647(org.mozilla.fenix.performancetest) expire 5 lines
12-28 22:21:25.171  1456  5907 I WifiService: getDhcpInfo uid=10647
12-28 22:21:25.795 11412 11552 I chatty  : uid=10647(org.mozilla.fenix.performancetest) expire 2 lines
12-28 22:21:25.928  1456  1673 I LaunchCheckinHandler: Displayed org.mozilla.fenix.performancetest/org.mozilla.fenix.HomeActivity,cp,ca,2488
12-28 22:21:25.929  1456  1673 I ActivityManager: Displayed org.mozilla.fenix.performancetest/org.mozilla.fenix.HomeActivity: +2s482ms
12-28 22:21:25.951   808   808 I SFPerfTracer:      triggers: (rate: 49:56427) (compose: 0:5) (post: 0:13) (render: 0:9) (0:1448405 frames) (1:2502030)
12-28 22:21:25.951   808   808 D SFPerfTracer:        layers: (3:14) (NavigationBar#0 (0xb07df000): 0:331219) (StatusBar#0 (0xb07e3000): 0:1021507) (com.android.systemui.ImageWallpaper#0 (0xb07e7000): 0:26126)* (Sprite#0 (0xb0733000): 0:317)* (DimLayerController/Stack=0#0 (0xb075a000): 0:3501)* (Sprite#1 (0xb077c000): 0:195)* (com.android.launcher3/com.android.launcher3.CustomizationPanelLauncher#0 (0xb0763000): 0:40)- (com.android.launcher3/com.android.launcher3.CustomizationPanelLauncher#1 (0xb0771000): 0:10)- (Splash Screen org.mozilla.fenix.performancetest#0 (0xb0384000): 0:32)- (org.mozilla.fenix.performancetest/org.mozilla.fenix.HomeActivity#0 (0xb039b000): 0:47)- (com.android.launcher3/com.android.launcher3.CustomizationPanelLauncher#0 (0xb0763000): 0:40)* (com.android.launcher3/com.android.launcher3.CustomizationPanelLauncher#1 (0xb0771000): 0:10)* (Splash Screen org.mozilla.fenix.performancetest#0 (0xb0384000): 1:21) (org.mozilla.fenix.performancetest/org.mozilla.fenix.HomeActivity#0 (0xb039b000): 1:3)* 
12-28 22:21:25.975 11412 11561 I chatty  : uid=10647(org.mozilla.fenix.performancetest) expire 4 lines
12-28 22:21:25.996 23700 23700 I MemoryTrimmer: Trimming objects from memory, since app is in the background.
12-28 22:21:26.028 23700 27115 I PBSessionCacheImpl: Deleted sessionId[104235279871152866] from persistence.
12-28 22:21:26.029 23700 23700 I MemoryTrimmer: Trimming objects from memory, since app is in the background.
12-28 22:21:26.033  1456  4829 I WifiService: getWifiEnabledState uid=10073
12-28 22:21:26.040 23700 23889 W SearchServiceCore: Abort, client detached.
12-28 22:21:26.072 11412 11428 I chatty  : uid=10647(org.mozilla.fenix.performancetest) expire 1 line
12-28 22:21:29.095 11583 11583 D AndroidRuntime: >>>>>> START com.android.internal.os.RuntimeInit uid 2000 <<<<<<
12-28 22:21:29.108 11583 11583 W app_process: Could not reserve sentinel fault page
12-28 22:21:29.275 11583 11583 I app_process: The ClassLoaderContext is a special shared library.
12-28 22:21:29.341 11583 11583 D AndroidRuntime: Calling main entry com.android.commands.input.Input
12-28 22:21:29.346 11583 11583 I Input   : injectKeyEvent: KeyEvent { action=ACTION_DOWN, keyCode=KEYCODE_HOME, scanCode=0, metaState=0, flags=0x0, repeatCount=0, eventTime=10036918071, downTime=10036918071, deviceId=-1, source=0x101 }
12-28 22:21:29.353 11583 11583 I Input   : injectKeyEvent: KeyEvent { action=ACTION_UP, keyCode=KEYCODE_HOME, scanCode=0, metaState=0, flags=0x0, repeatCount=0, eventTime=10036918071, downTime=10036918071, deviceId=-1, source=0x101 }
12-28 22:21:29.359  1456  1941 I ActivityManager: START u0 {act=android.intent.action.MAIN cat=[android.intent.category.HOME] flg=0x10200000 cmp=com.android.launcher3/.CustomizationPanelLauncher (has extras)} from uid 1000
12-28 22:21:29.360   794   839 E ANDR-PERF-RESOURCEQS: Failed to apply optimization [4, 0]
12-28 22:21:29.370  1456  1941 I ActivityManager: moveHomeStack, setupComplete:true
12-28 22:21:29.374 11583 11583 D AndroidRuntime: Shutting down VM
12-28 22:21:29.381 23700 23821 I Adreno  : QUALCOMM build                   : bb5b86c, I77d3059488
12-28 22:21:29.381 23700 23821 I Adreno  : Build Date                       : 06/07/18
12-28 22:21:29.381 23700 23821 I Adreno  : OpenGL ES Shader Compiler Version: EV031.22.00.01_06
12-28 22:21:29.381 23700 23821 I Adreno  : Local Branch                     : 
12-28 22:21:29.381 23700 23821 I Adreno  : Remote Branch                    : refs/tags/AU_LINUX_ANDROID_LA.UM.6.5.R1.08.01.00.312.086
12-28 22:21:29.381 23700 23821 I Adreno  : Remote Branch                    : NONE
12-28 22:21:29.381 23700 23821 I Adreno  : Reconstruct Branch               : NOTHING
12-28 22:21:29.384 23700 23821 D vndksupport: Loading /vendor/lib/hw/gralloc.msm8937.so from current namespace instead of sphal namespace.
12-28 22:21:29.388 23700 23821 I Adreno  : PFP: 0x005ff087, ME: 0x005ff063
12-28 22:21:29.393 23700 23821 I zygote  : android::hardware::configstore::V1_0::ISurfaceFlingerConfigs::hasWideColorDisplay retrieved: 0
12-28 22:21:29.394 23700 23821 I OpenGLRenderer: Initialized EGL, version 1.4
12-28 22:21:29.394 23700 23821 D OpenGLRenderer: Swap behavior 2
12-28 22:21:29.396  9830  9830 I Finsky  : [2] puo.onTrimMemory(1): Memory trim requested to level 80
12-28 22:21:29.397  2748  2748 D Launcher.Utilities: Wakeup weather: Intent { act=com.motorola.launcher3.action.WAKEUP_WEATHER cmp=com.motorola.timeweatherwidget/com.motorola.commandcenter.weather.WakeUpService }
12-28 22:21:29.414  1456  1456 I NotificationService: Cannot find enqueued record for key: 0|com.motorola.timeweatherwidget|1|null|10116
12-28 22:21:29.415   808   808 D SurfaceFlinger: duplicate layer name: changing com.android.launcher3/com.android.launcher3.CustomizationPanelLauncher to com.android.launcher3/com.android.launcher3.CustomizationPanelLauncher#1
12-28 22:21:29.428 23700 27114 W ThreadPoolDumper: Queue length for executor EventBus is now 11. Perhaps some tasks are too long, or the pool is too small.
12-28 22:21:29.433  1456  5907 I WifiService: getWifiEnabledState uid=10073
12-28 22:21:29.442  1456  5907 I WifiService: getWifiEnabledState uid=10073
12-28 22:21:29.480 23700 23889 I MicroDetectionState: Should stop hotword detection immediately - false
12-28 22:21:29.488 23700 23889 I MicroDetectionWorker: #startMicroDetector [speakerMode: 0]
12-28 22:21:29.490 23700 23889 I AudioController: Created new AudioSource
12-28 22:21:29.500  1456  1673 I LaunchCheckinHandler: Displayed com.android.launcher3/.CustomizationPanelLauncher,wp,wa,140
12-28 22:21:29.501 23700 23889 I MicroDetectionWorker: onReady
12-28 22:21:29.502 23700  7051 I MicroDataManager: isInitializedWithLatestParams-true
12-28 22:21:29.502 23700  7051 I MicroDataManager: isInitializing-false locale not changed-true model not changed-true
12-28 22:21:29.503 23700  7051 I MicroDataManager: Already initialized, obtaining the hotword data immediately.
12-28 22:21:29.510 23700 23804 I MicroRecognitionRunner: Starting detection.
12-28 22:21:29.511 23700 23804 I InputStreamUtils: Using micInputStream
12-28 22:21:29.512 23700  8713 I MicrophoneInputStream: mic_starting  SR : 16000 CC : 16 SO : 1999
12-28 22:21:29.515   788  1401 V msm8974_platform: platform_check_input_mask: enter check_input_mask source 6 mask 10
12-28 22:21:29.518  1012 11597 I AudioFlinger: AudioFlinger's thread 0xb2483dc0 tid=11597 ready to run
12-28 22:21:29.522   788  1401 D audio_hw_primary: in_set_parameters: enter: kvpairs=input_source=6;routing=-2147483644
