12-25 22:04:58.871  1456  1941 I ActivityManager: START u0 {act=android.intent.action.MAIN cat=[android.intent.category.HOME] flg=0x10200000 cmp=com.android.launcher3/.CustomizationPanelLauncher (has extras)} from uid 1000
12-25 22:04:58.872   794   839 E ANDR-PERF-RESOURCEQS: Failed to apply optimization [4, 0]
12-25 22:04:58.887  1456  1941 I ActivityManager: moveHomeStack, setupComplete:true
12-25 22:04:58.892  7933  7963 I Adreno  : QUALCOMM build                   : bb5b86c, I77d3059488
12-25 22:04:58.892  7933  7963 I Adreno  : Build Date                       : 06/07/18
12-25 22:04:58.892  7933  7963 I Adreno  : OpenGL ES Shader Compiler Version: EV031.22.00.01_06
12-25 22:04:58.892  7933  7963 I Adreno  : Local Branch                     : 
12-25 22:04:58.892  7933  7963 I Adreno  : Remote Branch                    : refs/tags/AU_LINUX_ANDROID_LA.UM.6.5.R1.08.01.00.312.086
12-25 22:04:58.892  7933  7963 I Adreno  : Remote Branch                    : NONE
12-25 22:04:58.892  7933  7963 I Adreno  : Reconstruct Branch               : NOTHING
12-25 22:04:58.894  7933  7963 D vndksupport: Loading /vendor/lib/hw/gralloc.msm8937.so from current namespace instead of sphal namespace.
12-25 22:04:58.895 17267 17267 D AndroidRuntime: Shutting down VM
12-25 22:04:58.897  7933  7963 I Adreno  : PFP: 0x005ff087, ME: 0x005ff063
12-25 22:04:58.901  7933  7963 I zygote  : android::hardware::configstore::V1_0::ISurfaceFlingerConfigs::hasWideColorDisplay retrieved: 0
12-25 22:04:58.902  7933  7963 I OpenGLRenderer: Initialized EGL, version 1.4
12-25 22:04:58.902  7933  7963 D OpenGLRenderer: Swap behavior 2
12-25 22:04:58.907  2748  2748 D Launcher.Utilities: Wakeup weather: Intent { act=com.motorola.launcher3.action.WAKEUP_WEATHER cmp=com.motorola.timeweatherwidget/com.motorola.commandcenter.weather.WakeUpService }
12-25 22:04:58.928  1456  1456 I NotificationService: Cannot find enqueued record for key: 0|com.motorola.timeweatherwidget|1|null|10116
12-25 22:04:58.928   808   808 D SurfaceFlinger: duplicate layer name: changing com.android.launcher3/com.android.launcher3.CustomizationPanelLauncher to com.android.launcher3/com.android.launcher3.CustomizationPanelLauncher#1
12-25 22:04:58.939  7933  7990 W ThreadPoolDumper: Queue length for executor EventBus is now 11. Perhaps some tasks are too long, or the pool is too small.
12-25 22:04:58.942  1456 10962 I WifiService: getWifiEnabledState uid=10073
12-25 22:04:58.952  1456 10962 I WifiService: getWifiEnabledState uid=10073
12-25 22:04:58.957   808   808 I SFPerfTracer:      triggers: (rate: 49:53768) (compose: 0:5) (post: 0:12) (render: 0:9) (0:1360179 frames) (1:2369005)
12-25 22:04:58.957   808   808 D SFPerfTracer:        layers: (4:14) (NavigationBar#0 (0xb07df000): 0:310619) (StatusBar#0 (0xb07e3000): 0:982909) (com.android.systemui.ImageWallpaper#0 (0xb07e7000): 0:23963)* (Sprite#0 (0xb0733000): 0:317)* (DimLayerController/Stack=0#0 (0xb075a000): 0:3501)* (Sprite#1 (0xb077c000): 0:195)* (org.mozilla.fenix.performancetest/org.mozilla.fenix.HomeActivity#0 (0xb02e0000): 0:55)- (com.android.launcher3/com.android.launcher3.CustomizationPanelLauncher#0 (0xb0763000): 0:40)- (com.android.launcher3/com.android.launcher3.CustomizationPanelLauncher#1 (0xb0771000): 0:10)- (Splash Screen org.mozilla.fenix.performancetest#0 (0xb0384000): 0:34)- (org.mozilla.fenix.performancetest/org.mozilla.fenix.IntentReceiverActivity#0 (0xb039b000): 0:6)- (org.mozilla.fenix.performancetest/org.mozilla.fenix.HomeActivity#0 (0xb02df000): 1:35) (com.android.launcher3/com.android.launcher3.CustomizationPanelLauncher#0 (0xb0763000): 1:2)* (com.android.launcher3/com.android.launcher3.CustomizationPanelLauncher#1 (0xb0771000): 1:1)* 
12-25 22:04:58.991  7933  7966 I MicroDetectionState: Should stop hotword detection immediately - false
12-25 22:04:58.996  7933  7966 I MicroDetectionWorker: #startMicroDetector [speakerMode: 0]
12-25 22:04:58.998  7933  7966 I AudioController: Created new AudioSource
12-25 22:04:59.016  1456  1673 I LaunchCheckinHandler: Displayed com.android.launcher3/.CustomizationPanelLauncher,wp,wa,145
12-25 22:04:59.017  7933  7966 I MicroDetectionWorker: onReady
12-25 22:04:59.017  7933 13059 I MicroDataManager: isInitializedWithLatestParams-true
12-25 22:04:59.017  7933 13059 I MicroDataManager: isInitializing-false locale not changed-true model not changed-true
12-25 22:04:59.018  7933 13059 I MicroDataManager: Already initialized, obtaining the hotword data immediately.
12-25 22:04:59.023  7933 23113 I MicroRecognitionRunner: Starting detection.
12-25 22:04:59.023  7933 23113 I InputStreamUtils: Using micInputStream
12-25 22:04:59.025  7933 16273 I MicrophoneInputStream: mic_starting  SR : 16000 CC : 16 SO : 1999
12-25 22:04:59.029   788  1401 V msm8974_platform: platform_check_input_mask: enter check_input_mask source 6 mask 10
12-25 22:04:59.032  1012 17281 I AudioFlinger: AudioFlinger's thread 0xb2483d40 tid=17281 ready to run
12-25 22:04:59.037   788  1401 D audio_hw_primary: in_set_parameters: enter: kvpairs=input_source=6;routing=-2147483644
12-25 22:04:59.038  1012 19368 D APM_AudioPolicyManager: AudioPolicyManager::startInput() input 53046, session 53097, source = 1999
12-25 22:04:59.040  7933 16273 I MicrophoneInputStream: mic_started  SR : 16000 CC : 16 SO : 1999
12-25 22:04:59.042   788 17282 V msm8974_platform: platform_update_usecase_from_source: input source :6
12-25 22:04:59.042   788 17282 V msm8974_platform: platform_check_input_mask: enter check_input_mask source 6 mask 10
12-25 22:04:59.042   788 17282 V msm8974_platform: platform_get_input_snd_device: enter: out_device(0) in_device(0x4) channel_count (1) channel_mask (0x10)
12-25 22:04:59.042   788 17282 V msm8974_platform: platform_get_input_snd_device: exit: in_snd_device(voice-rec-mic)
12-25 22:04:59.042   788 17282 V msm8974_platform: platform_get_backend_index:napb: backend port - 5 device - 120 
12-25 22:04:59.042   788 17282 V msm8974_platform: platform_check_and_set_capture_backend_cfg:txbecf: afe: bitwidth 0, samplerate 0, channel 1, backend_idx 5 usecase = 9 device (voice-rec-mic)
12-25 22:04:59.042   788 17282 V msm8974_platform: platform_check_capture_backend_cfg:txbecf: afe: Codec selected backend: 5 current bit width: 0 and sample rate: 0, channels 1
12-25 22:04:59.042   788 17282 V msm8974_platform: platform_check_capture_backend_cfg:txbecf: afe: Codec selected backend: 5 updated bit width: 0 and sample rate: 0
12-25 22:04:59.042   788 17282 I msm8974_platform: platform_check_capture_backend_cfg:txbecf: afe: Codec backend needs to be updated. new bit width: 0 new sample rate: 0 new channel: 1
12-25 22:04:59.042   788 17282 V msm8974_platform: platform_get_backend_index:napb: backend port - 5 device - 120 
12-25 22:04:59.042   788 17282 V msm8974_platform: platform_set_backend_cfg:becf: afe: bitwidth 0, samplerate 0 channels 1, backend_idx 5 device (voice-rec-mic)
12-25 22:04:59.043   788 17282 E msm8974_platform: platform_set_backend_cfg:becf: afe: Could not get ctl for mixer command - SLIM_0_TX Format
12-25 22:04:59.043   788 17282 V msm8974_platform: platform_send_audio_calibration: sending audio calibration for snd_device(120) acdb_id(62)
12-25 22:04:59.043   788 17282 D ACDB-LOADER: ACDB -> send_audio_cal, acdb_id = 62, path = 1, app id = 0x11130, sample rate = 48000
12-25 22:04:59.043   788 17282 D ACDB-LOADER: ACDB -> send_asm_topology
12-25 22:04:59.043   788 17282 D ACDB-LOADER: ACDB -> ACDB_CMD_GET_AUDPROC_STREAM_TOPOLOGY_ID
12-25 22:04:59.043   788 17282 D ACDB-LOADER: ACDB -> send_adm_topology
12-25 22:04:59.043   788 17282 D ACDB-LOADER: ACDB -> ACDB_CMD_GET_AUDPROC_COMMON_TOPOLOGY_ID
12-25 22:04:59.043   788 17282 D ACDB-LOADER: ACDB -> send_audtable
12-25 22:04:59.043   788 17282 D ACDB-LOADER: ACDB -> ACDB_CMD_GET_AUDPROC_COMMON_TABLE_SIZE
12-25 22:04:59.043   788 17282 D ACDB-LOADER: ACDB -> ACDB_CMD_GET_AUDPROC_COMMON_TABLE
12-25 22:04:59.043   788 17282 D ACDB-LOADER: ACDB -> AUDIO_SET_AUDPROC_CAL
12-25 22:04:59.043   788 17282 D ACDB-LOADER: ACDB -> send_audvoltable
12-25 22:04:59.043   788 17282 D ACDB-LOADER: ACDB -> ACDB_CMD_GET_AUDPROC_VOL_STEP_TABLE_SIZE
12-25 22:04:59.043   788 17282 D ACDB-LOADER: ACDB -> ACDB_CMD_GET_AUDPROC_GAIN_DEP_STEP_TABLE, vol index 0
12-25 22:04:59.043   788 17282 D         : Failed to fetch the lookup information of the device 0000003E 
12-25 22:04:59.043   788 17282 D ACDB-LOADER: ACDB -> AUDIO_SET_VOL_CAL cal type = 12
12-25 22:04:59.043   788 17282 D ACDB-LOADER: ACDB -> ACDB_CMD_GET_AUDPROC_STREAM_TABLE_SIZE
12-25 22:04:59.043   788 17282 D ACDB-LOADER: ACDB -> send_audstrmtable
12-25 22:04:59.043   788 17282 D ACDB-LOADER: ACDB -> ACDB_CMD_GET_AUDPROC_STREAM_TABLE_V2
12-25 22:04:59.043   788 17282 D ACDB-LOADER: ACDB -> audstrm_cal->cal_type.cal_data.cal_size = 456
12-25 22:04:59.043   788 17282 D ACDB-LOADER: ACDB -> send_afe_topology
12-25 22:04:59.043   788 17282 D ACDB-LOADER: ACDB -> ACDB_CMD_GET_AFE_TOPOLOGY_ID
12-25 22:04:59.043   788 17282 D ACDB-LOADER: ACDB -> GET_AFE_TOPOLOGY_ID for adcd_id 62, Topology Id 112fb
12-25 22:04:59.044   788 17282 D ACDB-LOADER: ACDB -> send_afe_cal
12-25 22:04:59.044   788 17282 D ACDB-LOADER: ACDB -> ACDB_CMD_GET_AFE_COMMON_TABLE_SIZE
12-25 22:04:59.044   788 17282 D         : Failed to fetch the lookup information of the device 0000003E 
12-25 22:04:59.044   788 17282 E ACDB-LOADER: Error: ACDB_CMD_GET_AFE_COMMON_TABLE_SIZE Returned = -19
12-25 22:04:59.044   788 17282 D ACDB-LOADER: ACDB -> ACDB_CMD_GET_AFE_COMMON_TABLE
12-25 22:04:59.044   788 17282 D         : Failed to fetch the lookup information of the device 0000003E 
12-25 22:04:59.044   788 17282 D ACDB-LOADER: ACDB -> AUDIO_SET_AFE_CAL
12-25 22:04:59.044   788 17282 D ACDB-LOADER: ACDB -> send_hw_delay : acdb_id = 62 path = 1
12-25 22:04:59.044   788 17282 D ACDB-LOADER: ACDB -> ACDB_AVSYNC_INFO: ACDB_CMD_GET_DEVICE_PROPERTY
12-25 22:04:59.044   788 17282 D audio_hw_primary: enable_snd_device: snd_device(120: voice-rec-mic)
12-25 22:04:59.044   788 17282 D audio_route: Apply path: voice-rec-mic
12-25 22:04:59.047   788 17282 V msm8974_platform: platform_get_snd_device_backend_index: enter with device 120
12-25 22:04:59.047   788 17282 E msm8974_platform: platform_get_snd_device_backend_index: BE DAI Name Table is not present
12-25 22:04:59.047   788 17282 V msm8974_platform: platform_get_backend_index:napb: backend port - 5 device - 120 
12-25 22:04:59.047   788 17282 I audio_hw_utils: Set Audio Stream Capture 0 App Type Cfg: app_type 69936, acdb_dev_id 62, sample_rate 48000, snd_device_be_idx -14
12-25 22:04:59.047   788 17282 D audio_hw_primary: enable_audio_route: usecase(9) apply and update mixer path: audio-record
12-25 22:04:59.047   788 17282 D audio_route: Apply path: audio-record
12-25 22:04:59.117  7933  7966 I MicroDetectionWorker: onReady
12-25 22:04:59.142  2146  2165 I zygote  : NativeAlloc concurrent copying GC freed 22204(1138KB) AllocSpace objects, 0(0B) LOS objects, 50% free, 7MB/15MB, paused 268us total 111.788ms
12-25 22:04:59.349  7933  7943 I zygote  : Background concurrent copying GC freed 314853(15MB) AllocSpace objects, 20(6MB) LOS objects, 50% free, 22MB/44MB, paused 186us total 324.894ms
12-25 22:04:59.427  1456  7796 I OpenGLRenderer: Initialized EGL, version 1.4
12-25 22:04:59.427  1456  7796 D OpenGLRenderer: Swap behavior 2
12-25 22:04:59.459  2748  2917 W OpenGLRenderer: Incorrectly called buildLayer on View: ShortcutAndWidgetContainer, destroying layer...
12-25 22:04:59.596 17057 17129 I chatty  : uid=10631(org.mozilla.fenix.performancetest) expire 6 lines
12-25 22:04:59.622   808   898 I SFPerfTracer:      triggers: (rate: 0:0) (0 sw vsyncs) (0 skipped) (37:1221336 vsyncs) (39:2396132)
12-25 22:04:59.672  1456  5027 D ConnectivityService: requestNetwork for uid/pid:10631/17057 NetworkRequest [ TRACK_DEFAULT id=13754, [ Capabilities: INTERNET&NOT_RESTRICTED&TRUSTED&NOT_VPN] ]
12-25 22:04:59.674  1456  2099 D Ethernet: got request NetworkRequest [ TRACK_DEFAULT id=13754, [ Capabilities: INTERNET&NOT_RESTRICTED&TRUSTED&NOT_VPN] ] with score 60
12-25 22:04:59.674  1456  2054 D WIFI_UT : got request NetworkRequest [ TRACK_DEFAULT id=13754, [ Capabilities: INTERNET&NOT_RESTRICTED&TRUSTED&NOT_VPN] ] with score 60
12-25 22:04:59.674  1456  2054 D WIFI    : got request NetworkRequest [ TRACK_DEFAULT id=13754, [ Capabilities: INTERNET&NOT_RESTRICTED&TRUSTED&NOT_VPN] ] with score 60
12-25 22:04:59.675  2398  2398 D PhoneSwitcherNetworkRequstListener: got request NetworkRequest [ TRACK_DEFAULT id=13754, [ Capabilities: INTERNET&NOT_RESTRICTED&TRUSTED&NOT_VPN] ] with score 60
12-25 22:04:59.702 17057 17284 I chatty  : uid=10631(org.mozilla.fenix.performancetest) expire 9 lines
12-25 22:04:59.720  1456  1466 I zygote  : NativeAlloc concurrent copying GC freed 61624(3MB) AllocSpace objects, 30(1112KB) LOS objects, 42% free, 30MB/53MB, paused 190us total 293.120ms
12-25 22:05:00.234 17057 17077 I chatty  : uid=10631(org.mozilla.fenix.performancetest) expire 1 line
12-25 22:05:00.244  1456  2067 D ConnectivityService: releasing NetworkRequest [ TRACK_DEFAULT id=13754, [ Capabilities: INTERNET&NOT_RESTRICTED&TRUSTED&NOT_VPN] ] (release request)
12-25 22:05:04.007  1456  1893 D BatteryService: uevent={POWER_SUPPLY_VOLTAGE_NOW=4343846, POWER_SUPPLY_CHARGE_RATE=Normal, POWER_SUPPLY_HEALTH=Good, POWER_SUPPLY_CURRENT_NOW=152, POWER_SUPPLY_PRESENT=1, SUBSYSTEM=power_supply, POWER_SUPPLY_TEMP=312, SEQNUM=259679, ACTION=change, POWER_SUPPLY_NAME=battery, POWER_SUPPLY_STATUS=Full, POWER_SUPPLY_CHARGE_COUNTER=2815531, POWER_SUPPLY_CAPACITY=100, DEVPATH=/devices/soc/qpnp-smbcharger-17/power_supply/battery}
12-25 22:05:04.014  2398  2398 D QtiCarrierConfigHelper: WARNING, no carrier configs on phone Id: 0
12-25 22:05:04.064  1456  4679 I ActivityManager: Force stopping org.mozilla.fenix.performancetest appid=10631 user=0: from pid 17288
12-25 22:05:04.065  1456  4679 I ActivityManager: Killing 17057:org.mozilla.fenix.performancetest/u0a631 (adj 700): stop org.mozilla.fenix.performancetest
12-25 22:05:04.067  1456  1605 W zygote  : kill(-17057, 9) failed: No such process
12-25 22:05:04.068  1456  4679 W ActivityManager: Force removing ActivityRecord{ea87802 u0 org.mozilla.fenix.performancetest/org.mozilla.fenix.HomeActivity t12816}: app died, no saved state
12-25 22:05:04.070 17095 17095 I chatty  : uid=10631(org.mozilla.fenix.performancetest) expire 1 line
12-25 22:05:04.078  1456  4679 I ActivityManager: Killing 17095:org.mozilla.fenix.performancetest:tab/u0a631 (adj 0): stop org.mozilla.fenix.performancetest
12-25 22:05:04.082  1456  1605 W zygote  : kill(-17057, 9) failed: No such process
12-25 22:05:04.087  2398  2398 D CarrierSvcBindHelper: No carrier app for: 0
12-25 22:05:04.089  2398  2398 D CarrierSvcBindHelper: No carrier app for: 1
12-25 22:05:04.097  1456  1605 W zygote  : kill(-17057, 9) failed: No such process
12-25 22:05:04.146  1456  1605 I chatty  : uid=1000(system) ActivityManager identical 3 lines
12-25 22:05:04.149  1456  1673 W ActivityManager: setHasOverlayUi called on unknown pid: 17057
12-25 22:05:04.161  1456  1605 W zygote  : kill(-17057, 9) failed: No such process
12-25 22:05:04.162  1456  1605 I zygote  : Successfully killed process cgroup uid 10631 pid 17057 in 94ms
12-25 22:05:04.162  1456  1605 W zygote  : kill(-17095, 9) failed: No such process
12-25 22:05:04.162  1456  1605 I zygote  : Successfully killed process cgroup uid 10631 pid 17095 in 0ms
12-25 22:05:04.186  1456  2918 I ActivityManager: START u0 {act=android.intent.action.VIEW dat=about:blank typ=text/html flg=0x10000000 cmp=org.mozilla.fenix.performancetest/org.mozilla.fenix.IntentReceiverActivity} from uid 2000
12-25 22:05:04.186   794   839 E ANDR-PERF-RESOURCEQS: Failed to apply optimization [4, 0]
12-25 22:05:04.208  1456  2915 I ActivityManager: Start proc 17296:org.mozilla.fenix.performancetest/u0a631 for activity org.mozilla.fenix.performancetest/org.mozilla.fenix.IntentReceiverActivity
12-25 22:05:04.213 17296 17296 I chatty  : uid=10631(org.mozilla.fenix.performancetest) expire 57 lines
12-25 22:05:04.306  7933  7966 I MicroDetectionState: Should stop hotword detection immediately - false
12-25 22:05:04.307  7933  7966 I MicroDetector: Keeping mic open: false
12-25 22:05:04.307  7933  7966 I RecognitionAudioControl: #shutdownAudio [requestId: -7892183977886323613, keepAudioOpen: false, forced: true]
12-25 22:05:04.307  7933 23102 E DeviceStateChecker: DeviceStateChecker cancelled
12-25 22:05:04.307  7933  7966 I RecognitionAudioControl: #internalShutdownAudio [requestId: -7892183977886323613]
12-25 22:05:04.307  7933  7966 I RecognitionAudioControl: #internalShutdownAudio [keepAudioOpen: false, forced: true]
12-25 22:05:04.307  7933  7966 I RecognitionAudioControl: #actualShutdownAudio
12-25 22:05:04.307  7933  7966 I AudioController: #shutdown [requestId=-7892183977886323613]
12-25 22:05:04.308  7933 13059 I AudioController: internalShutdown
12-25 22:05:04.308  7933 23061 I MicroRecognitionRunner: Stopping hotword detection.
12-25 22:05:04.358   788  1401 D audio_hw_primary: disable_audio_route: usecase(9) reset and update mixer path: audio-record
12-25 22:05:04.359   788  1401 D audio_hw_primary: disable_snd_device: snd_device(120: voice-rec-mic)
12-25 22:05:04.361  1012 19368 D APM_AudioPolicyManager: stopInput() input 53046, session 53097
12-25 22:05:04.361   788  1401 D audio_hw_primary: in_set_parameters: enter: kvpairs=routing=0
12-25 22:05:04.363  7933 13059 I MicrophoneInputStream: mic_close  SR : 16000 CC : 16 SO : 1999
12-25 22:05:04.364  7933 13059 E AudioSource: Stop listening is called on already closed AudioSource
12-25 22:05:04.365  7933 23113 I MicroRecognitionRunner: Detection finished
12-25 22:05:04.445 17296 17313 I chatty  : uid=10631(org.mozilla.fenix.performancetest) expire 13 lines
12-25 22:05:04.661 17296 17327 I chatty  : uid=10631(org.mozilla.fenix.performancetest) expire 35 lines
12-25 22:05:04.789 17296 17334 I chatty  : uid=10631(org.mozilla.fenix.performancetest) expire 9 lines
12-25 22:05:04.795  1456  2918 I ActivityManager: Start proc 17336:org.mozilla.fenix.performancetest:tab/u0a631 for service org.mozilla.fenix.performancetest/org.mozilla.gecko.process.GeckoServiceChildProcess$tab
12-25 22:05:04.803 17336 17336 I chatty  : uid=10631(org.mozilla.fenix.performancetest) expire 2 lines
12-25 22:05:04.946 17296 17359 I chatty  : uid=10631(org.mozilla.fenix.performancetest) expire 9 lines
12-25 22:05:04.966 17336 17360 I chatty  : uid=10631(org.mozilla.fenix.performancetest) expire 1 line
12-25 22:05:05.078 17296 17301 I chatty  : uid=10631(org.mozilla.fenix.performancetest) expire 8 lines
12-25 22:05:05.548  1456  7570 I ActivityManager: START u0 {act=android.intent.action.VIEW dat=about:blank typ=text/html flg=0x10000000 cmp=org.mozilla.fenix.performancetest/org.mozilla.fenix.HomeActivity (has extras)} from uid 10631
12-25 22:05:05.567  1456  2915 I WifiService: getDhcpInfo uid=10631
12-25 22:05:05.805  1456  1673 I LaunchCheckinHandler: Displayed org.mozilla.fenix.performancetest/org.mozilla.fenix.IntentReceiverActivity,cp,ca,1610
12-25 22:05:06.527 17296 17386 I chatty  : uid=10631(org.mozilla.fenix.performancetest) expire 10 lines
12-25 22:05:06.567 17296 17407 I chatty  : uid=10631(org.mozilla.fenix.performancetest) expire 2 lines
12-25 22:05:06.605 17296 17327 I chatty  : uid=10631(org.mozilla.fenix.performancetest) expire 173 lines
12-25 22:05:06.668 17296 17296 I chatty  : uid=10631(org.mozilla.fenix.performancetest) expire 35 lines
12-25 22:05:06.723 17296 17334 I chatty  : uid=10631(org.mozilla.fenix.performancetest) expire 1 line
12-25 22:05:06.728 17296 17436 I chatty  : uid=10631(org.mozilla.fenix.performancetest) expire 1 line
12-25 22:05:06.749 17296 17447 I chatty  : uid=10631(org.mozilla.fenix.performancetest) expire 4 lines
12-25 22:05:07.054 17296 17316 I chatty  : uid=10631(org.mozilla.fenix.performancetest) expire 1 line
12-25 22:05:07.118  1456  1673 I ActivityManager: Displayed org.mozilla.fenix.performancetest/org.mozilla.fenix.HomeActivity: +1s480ms (total +2s917ms)
12-25 22:05:07.144 17336 17360 I chatty  : uid=10631(org.mozilla.fenix.performancetest) expire 47 lines
12-25 22:05:07.297   808   808 I SFPerfTracer:      triggers: (rate: 49:53770) (compose: 0:5) (post: 0:12) (render: 0:9) (0:1360251 frames) (1:2369105)
12-25 22:05:07.297   808   808 D SFPerfTracer:        layers: (6:12) (NavigationBar#0 (0xb07df000): 0:310640) (StatusBar#0 (0xb07e3000): 0:982934) (com.android.systemui.ImageWallpaper#0 (0xb07e7000): 0:23965)* (Sprite#0 (0xb0733000): 0:317)* (DimLayerController/Stack=0#0 (0xb075a000): 0:3501)* (Sprite#1 (0xb077c000): 0:195)* (org.mozilla.fenix.performancetest/org.mozilla.fenix.HomeActivity#0 (0xb02df000): 0:55)- (com.android.launcher3/com.android.launcher3.CustomizationPanelLauncher#0 (0xb0763000): 0:38)* (com.android.launcher3/com.android.launcher3.CustomizationPanelLauncher#1 (0xb0771000): 0:12)* (Splash Screen org.mozilla.fenix.performancetest#0 (0xb0384000): 1:31) (org.mozilla.fenix.performancetest/org.mozilla.fenix.IntentReceiverActivity#0 (0xb039b000): 0:6)* (org.mozilla.fenix.performancetest/org.mozilla.fenix.HomeActivity#0 (0xb02df000): 1:16) 
12-25 22:05:07.323 17296 17301 I chatty  : uid=10631(org.mozilla.fenix.performancetest) expire 3 lines
12-25 22:05:07.404  7933  7933 I MemoryTrimmer: Trimming objects from memory, since app is in the background.
12-25 22:05:07.420  7933  7933 I MemoryTrimmer: Trimming objects from memory, since app is in the background.
12-25 22:05:07.421  7933 16273 I PBSessionCacheImpl: Deleted sessionId[34891280184934557] from persistence.
12-25 22:05:07.424  1456  7570 I WifiService: getWifiEnabledState uid=10073
12-25 22:05:07.434  7933  7966 W SearchServiceCore: Abort, client detached.
12-25 22:05:08.174 17296 17313 I chatty  : uid=10631(org.mozilla.fenix.performancetest) expire 4 lines
12-25 22:05:09.847 17504 17504 D AndroidRuntime: >>>>>> START com.android.internal.os.RuntimeInit uid 2000 <<<<<<
12-25 22:05:09.860 17504 17504 W app_process: Could not reserve sentinel fault page
12-25 22:05:10.025 17504 17504 I app_process: The ClassLoaderContext is a special shared library.
12-25 22:05:10.092 17504 17504 D AndroidRuntime: Calling main entry com.android.commands.input.Input
12-25 22:05:10.095 17504 17504 I Input   : injectKeyEvent: KeyEvent { action=ACTION_DOWN, keyCode=KEYCODE_HOME, scanCode=0, metaState=0, flags=0x0, repeatCount=0, eventTime=9776738822, downTime=9776738822, deviceId=-1, source=0x101 }
12-25 22:05:10.106 17504 17504 I Input   : injectKeyEvent: KeyEvent { action=ACTION_UP, keyCode=KEYCODE_HOME, scanCode=0, metaState=0, flags=0x0, repeatCount=0, eventTime=9776738822, downTime=9776738822, deviceId=-1, source=0x101 }
12-25 22:05:10.113  1456  1941 I ActivityManager: START u0 {act=android.intent.action.MAIN cat=[android.intent.category.HOME] flg=0x10200000 cmp=com.android.launcher3/.CustomizationPanelLauncher (has extras)} from uid 1000
12-25 22:05:10.114   794   839 E ANDR-PERF-RESOURCEQS: Failed to apply optimization [4, 0]
12-25 22:05:10.129  1456  1941 I ActivityManager: moveHomeStack, setupComplete:true
12-25 22:05:10.133 17504 17504 D AndroidRuntime: Shutting down VM
12-25 22:05:10.138  7933  7963 I Adreno  : QUALCOMM build                   : bb5b86c, I77d3059488
12-25 22:05:10.138  7933  7963 I Adreno  : Build Date                       : 06/07/18
12-25 22:05:10.138  7933  7963 I Adreno  : OpenGL ES Shader Compiler Version: EV031.22.00.01_06
12-25 22:05:10.138  7933  7963 I Adreno  : Local Branch                     : 
12-25 22:05:10.138  7933  7963 I Adreno  : Remote Branch                    : refs/tags/AU_LINUX_ANDROID_LA.UM.6.5.R1.08.01.00.312.086
12-25 22:05:10.138  7933  7963 I Adreno  : Remote Branch                    : NONE
12-25 22:05:10.138  7933  7963 I Adreno  : Reconstruct Branch               : NOTHING
12-25 22:05:10.140  7933  7963 D vndksupport: Loading /vendor/lib/hw/gralloc.msm8937.so from current namespace instead of sphal namespace.
12-25 22:05:10.144  7933  7963 I Adreno  : PFP: 0x005ff087, ME: 0x005ff063
12-25 22:05:10.148  7933  7963 I zygote  : android::hardware::configstore::V1_0::ISurfaceFlingerConfigs::hasWideColorDisplay retrieved: 0
12-25 22:05:10.149  7933  7963 I OpenGLRenderer: Initialized EGL, version 1.4
12-25 22:05:10.149  7933  7963 D OpenGLRenderer: Swap behavior 2
12-25 22:05:10.156  2748  2748 D Launcher.Utilities: Wakeup weather: Intent { act=com.motorola.launcher3.action.WAKEUP_WEATHER cmp=com.motorola.timeweatherwidget/com.motorola.commandcenter.weather.WakeUpService }
12-25 22:05:10.170  1456  1456 I NotificationService: Cannot find enqueued record for key: 0|com.motorola.timeweatherwidget|1|null|10116
12-25 22:05:10.174   808   808 D SurfaceFlinger: duplicate layer name: changing com.android.launcher3/com.android.launcher3.CustomizationPanelLauncher to com.android.launcher3/com.android.launcher3.CustomizationPanelLauncher#1
12-25 22:05:10.186  7933 23102 W ThreadPoolDumper: Queue length for executor EventBus is now 11. Perhaps some tasks are too long, or the pool is too small.
12-25 22:05:10.187  1456  2918 I WifiService: getWifiEnabledState uid=10073
12-25 22:05:10.195  1456  7570 I WifiService: getWifiEnabledState uid=10073
12-25 22:05:10.234  7933  7966 I MicroDetectionState: Should stop hotword detection immediately - false
12-25 22:05:10.240  7933  7966 I MicroDetectionWorker: #startMicroDetector [speakerMode: 0]
12-25 22:05:10.243  7933  7966 I AudioController: Created new AudioSource
12-25 22:05:10.255  7933  7966 I MicroDetectionWorker: onReady
12-25 22:05:10.256  7933 22886 I MicroDataManager: isInitializedWithLatestParams-true
12-25 22:05:10.256  7933 22886 I MicroDataManager: isInitializing-false locale not changed-true model not changed-true
12-25 22:05:10.256  7933 22886 I MicroDataManager: Already initialized, obtaining the hotword data immediately.
12-25 22:05:10.258  1456  1673 I LaunchCheckinHandler: Displayed com.android.launcher3/.CustomizationPanelLauncher,wp,wa,144
12-25 22:05:10.260  7933  7953 I MicroRecognitionRunner: Starting detection.
12-25 22:05:10.261  7933  7953 I InputStreamUtils: Using micInputStream
12-25 22:05:10.261  7933 16273 I MicrophoneInputStream: mic_starting  SR : 16000 CC : 16 SO : 1999
12-25 22:05:10.264   788  1401 V msm8974_platform: platform_check_input_mask: enter check_input_mask source 6 mask 10
12-25 22:05:10.269  1012 17518 I AudioFlinger: AudioFlinger's thread 0xb2483740 tid=17518 ready to run
12-25 22:05:10.275   788  1401 D audio_hw_primary: in_set_parameters: enter: kvpairs=input_source=6;routing=-2147483644
12-25 22:05:10.276  1012 19368 D APM_AudioPolicyManager: AudioPolicyManager::startInput() input 53054, session 53105, source = 1999
12-25 22:05:10.276  7933 16273 I MicrophoneInputStream: mic_started  SR : 16000 CC : 16 SO : 1999
12-25 22:05:10.277   788 17519 V msm8974_platform: platform_update_usecase_from_source: input source :6
12-25 22:05:10.277   788 17519 V msm8974_platform: platform_check_input_mask: enter check_input_mask source 6 mask 10
12-25 22:05:10.278   788 17519 V msm8974_platform: platform_get_input_snd_device: enter: out_device(0) in_device(0x4) channel_count (1) channel_mask (0x10)
12-25 22:05:10.278   788 17519 V msm8974_platform: platform_get_input_snd_device: exit: in_snd_device(voice-rec-mic)
12-25 22:05:10.278   788 17519 V msm8974_platform: platform_get_backend_index:napb: backend port - 5 device - 120 
12-25 22:05:10.278   788 17519 V msm8974_platform: platform_check_and_set_capture_backend_cfg:txbecf: afe: bitwidth 0, samplerate 0, channel 1, backend_idx 5 usecase = 9 device (voice-rec-mic)
12-25 22:05:10.278   788 17519 V msm8974_platform: platform_check_capture_backend_cfg:txbecf: afe: Codec selected backend: 5 current bit width: 0 and sample rate: 0, channels 1
12-25 22:05:10.278   788 17519 V msm8974_platform: platform_check_capture_backend_cfg:txbecf: afe: Codec selected backend: 5 updated bit width: 0 and sample rate: 0
12-25 22:05:10.278   788 17519 I msm8974_platform: platform_check_capture_backend_cfg:txbecf: afe: Codec backend needs to be updated. new bit width: 0 new sample rate: 0 new channel: 1
12-25 22:05:10.278   788 17519 V msm8974_platform: platform_get_backend_index:napb: backend port - 5 device - 120 
12-25 22:05:10.278   788 17519 V msm8974_platform: platform_set_backend_cfg:becf: afe: bitwidth 0, samplerate 0 channels 1, backend_idx 5 device (voice-rec-mic)
12-25 22:05:10.278   788 17519 E msm8974_platform: platform_set_backend_cfg:becf: afe: Could not get ctl for mixer command - SLIM_0_TX Format
12-25 22:05:10.278   788 17519 V msm8974_platform: platform_send_audio_calibration: sending audio calibration for snd_device(120) acdb_id(62)
12-25 22:05:10.278   788 17519 D ACDB-LOADER: ACDB -> send_audio_cal, acdb_id = 62, path = 1, app id = 0x11130, sample rate = 48000
12-25 22:05:10.278   788 17519 D ACDB-LOADER: ACDB -> send_asm_topology
12-25 22:05:10.278   788 17519 D ACDB-LOADER: ACDB -> ACDB_CMD_GET_AUDPROC_STREAM_TOPOLOGY_ID
12-25 22:05:10.278   788 17519 D ACDB-LOADER: ACDB -> send_adm_topology
12-25 22:05:10.278   788 17519 D ACDB-LOADER: ACDB -> ACDB_CMD_GET_AUDPROC_COMMON_TOPOLOGY_ID
12-25 22:05:10.278   788 17519 D ACDB-LOADER: ACDB -> send_audtable
12-25 22:05:10.278   788 17519 D ACDB-LOADER: ACDB -> ACDB_CMD_GET_AUDPROC_COMMON_TABLE_SIZE
12-25 22:05:10.278   788 17519 D ACDB-LOADER: ACDB -> ACDB_CMD_GET_AUDPROC_COMMON_TABLE
12-25 22:05:10.278   788 17519 D ACDB-LOADER: ACDB -> AUDIO_SET_AUDPROC_CAL
12-25 22:05:10.278   788 17519 D ACDB-LOADER: ACDB -> send_audvoltable
12-25 22:05:10.278   788 17519 D ACDB-LOADER: ACDB -> ACDB_CMD_GET_AUDPROC_VOL_STEP_TABLE_SIZE
12-25 22:05:10.279   788 17519 D ACDB-LOADER: ACDB -> ACDB_CMD_GET_AUDPROC_GAIN_DEP_STEP_TABLE, vol index 0
12-25 22:05:10.279   788 17519 D         : Failed to fetch the lookup information of the device 0000003E 
12-25 22:05:10.279   788 17519 D ACDB-LOADER: ACDB -> AUDIO_SET_VOL_CAL cal type = 12
12-25 22:05:10.279   788 17519 D ACDB-LOADER: ACDB -> ACDB_CMD_GET_AUDPROC_STREAM_TABLE_SIZE
12-25 22:05:10.279   788 17519 D ACDB-LOADER: ACDB -> send_audstrmtable
12-25 22:05:10.279   788 17519 D ACDB-LOADER: ACDB -> ACDB_CMD_GET_AUDPROC_STREAM_TABLE_V2
12-25 22:05:10.279   788 17519 D ACDB-LOADER: ACDB -> audstrm_cal->cal_type.cal_data.cal_size = 456
12-25 22:05:10.279   788 17519 D ACDB-LOADER: ACDB -> send_afe_topology
12-25 22:05:10.279   788 17519 D ACDB-LOADER: ACDB -> ACDB_CMD_GET_AFE_TOPOLOGY_ID
12-25 22:05:10.279   788 17519 D ACDB-LOADER: ACDB -> GET_AFE_TOPOLOGY_ID for adcd_id 62, Topology Id 112fb
12-25 22:05:10.279   788 17519 D ACDB-LOADER: ACDB -> send_afe_cal
12-25 22:05:10.279   788 17519 D ACDB-LOADER: ACDB -> ACDB_CMD_GET_AFE_COMMON_TABLE_SIZE
12-25 22:05:10.279   788 17519 D         : Failed to fetch the lookup information of the device 0000003E 
12-25 22:05:10.279   788 17519 E ACDB-LOADER: Error: ACDB_CMD_GET_AFE_COMMON_TABLE_SIZE Returned = -19
12-25 22:05:10.279   788 17519 D ACDB-LOADER: ACDB -> ACDB_CMD_GET_AFE_COMMON_TABLE
12-25 22:05:10.279   788 17519 D         : Failed to fetch the lookup information of the device 0000003E 
12-25 22:05:10.279   788 17519 D ACDB-LOADER: ACDB -> AUDIO_SET_AFE_CAL
12-25 22:05:10.279   788 17519 D ACDB-LOADER: ACDB -> send_hw_delay : acdb_id = 62 path = 1
12-25 22:05:10.279   788 17519 D ACDB-LOADER: ACDB -> ACDB_AVSYNC_INFO: ACDB_CMD_GET_DEVICE_PROPERTY
12-25 22:05:10.279   788 17519 D audio_hw_primary: enable_snd_device: snd_device(120: voice-rec-mic)
12-25 22:05:10.279   788 17519 D audio_route: Apply path: voice-rec-mic
12-25 22:05:10.282   788 17519 V msm8974_platform: platform_get_snd_device_backend_index: enter with device 120
12-25 22:05:10.282   788 17519 E msm8974_platform: platform_get_snd_device_backend_index: BE DAI Name Table is not present
12-25 22:05:10.282   788 17519 V msm8974_platform: platform_get_backend_index:napb: backend port - 5 device - 120 
12-25 22:05:10.282   788 17519 I audio_hw_utils: Set Audio Stream Capture 0 App Type Cfg: app_type 69936, acdb_dev_id 62, sample_rate 48000, snd_device_be_idx -14
12-25 22:05:10.283   788 17519 D audio_hw_primary: enable_audio_route: usecase(9) apply and update mixer path: audio-record
12-25 22:05:10.283   788 17519 D audio_route: Apply path: audio-record
12-25 22:05:10.354  7933  7966 I MicroDetectionWorker: onReady
12-25 22:05:10.671  1456  7796 I OpenGLRenderer: Initialized EGL, version 1.4
12-25 22:05:10.672  1456  7796 D OpenGLRenderer: Swap behavior 2
12-25 22:05:10.717  2748  2917 W OpenGLRenderer: Incorrectly called buildLayer on View: ShortcutAndWidgetContainer, destroying layer...
12-25 22:05:10.834 17296 17368 I chatty  : uid=10631(org.mozilla.fenix.performancetest) expire 6 lines
12-25 22:05:10.867   808   898 I SFPerfTracer:      triggers: (rate: 0:0) (0 sw vsyncs) (0 skipped) (37:1221429 vsyncs) (39:2396258)
12-25 22:05:10.931  1456  7570 D ConnectivityService: requestNetwork for uid/pid:10631/17296 NetworkRequest [ TRACK_DEFAULT id=13755, [ Capabilities: INTERNET&NOT_RESTRICTED&TRUSTED&NOT_VPN] ]
12-25 22:05:10.932  1456  2099 D Ethernet: got request NetworkRequest [ TRACK_DEFAULT id=13755, [ Capabilities: INTERNET&NOT_RESTRICTED&TRUSTED&NOT_VPN] ] with score 60
12-25 22:05:10.932  1456  2054 D WIFI_UT : got request NetworkRequest [ TRACK_DEFAULT id=13755, [ Capabilities: INTERNET&NOT_RESTRICTED&TRUSTED&NOT_VPN] ] with score 60
12-25 22:05:10.932  1456  2054 D WIFI    : got request NetworkRequest [ TRACK_DEFAULT id=13755, [ Capabilities: INTERNET&NOT_RESTRICTED&TRUSTED&NOT_VPN] ] with score 60
12-25 22:05:10.932  2398  2398 D PhoneSwitcherNetworkRequstListener: got request NetworkRequest [ TRACK_DEFAULT id=13755, [ Capabilities: INTERNET&NOT_RESTRICTED&TRUSTED&NOT_VPN] ] with score 60
12-25 22:05:10.956 17296 17522 I chatty  : uid=10631(org.mozilla.fenix.performancetest) expire 9 lines
12-25 22:05:11.485 17296 17312 I chatty  : uid=10631(org.mozilla.fenix.performancetest) expire 1 line
12-25 22:05:11.495  1456  2067 D ConnectivityService: releasing NetworkRequest [ TRACK_DEFAULT id=13755, [ Capabilities: INTERNET&NOT_RESTRICTED&TRUSTED&NOT_VPN] ] (release request)
12-25 22:05:15.294  1456  2915 I ActivityManager: Force stopping org.mozilla.fenix.performancetest appid=10631 user=0: from pid 17527
12-25 22:05:15.294  1456  2915 I ActivityManager: Killing 17296:org.mozilla.fenix.performancetest/u0a631 (adj 700): stop org.mozilla.fenix.performancetest
12-25 22:05:15.297  1456  1605 W zygote  : kill(-17296, 9) failed: No such process
12-25 22:05:15.297  1456  2915 W ActivityManager: Force removing ActivityRecord{9bd85be u0 org.mozilla.fenix.performancetest/org.mozilla.fenix.HomeActivity t12817}: app died, no saved state
12-25 22:05:15.298 17336 17336 I chatty  : uid=10631(org.mozilla.fenix.performancetest) expire 1 line
12-25 22:05:15.308  1456  2915 I ActivityManager: Killing 17336:org.mozilla.fenix.performancetest:tab/u0a631 (adj 0): stop org.mozilla.fenix.performancetest
12-25 22:05:15.313  1456  1605 W zygote  : kill(-17296, 9) failed: No such process
12-25 22:05:15.320  2398  2398 D CarrierSvcBindHelper: No carrier app for: 0
12-25 22:05:15.321  2398  2398 D CarrierSvcBindHelper: No carrier app for: 1
12-25 22:05:15.330  1456  1605 W zygote  : kill(-17296, 9) failed: No such process
12-25 22:05:15.391  1456  1673 W ActivityManager: setHasOverlayUi called on unknown pid: 17296
12-25 22:05:15.391  1456  1605 I chatty  : uid=1000(system) ActivityManager identical 4 lines
12-25 22:05:15.407  1456  1605 W zygote  : kill(-17296, 9) failed: No such process
12-25 22:05:15.407  1456  1605 I zygote  : Successfully killed process cgroup uid 10631 pid 17296 in 109ms
12-25 22:05:15.407  1456  1605 W zygote  : kill(-17336, 9) failed: No such process
12-25 22:05:15.407  1456  1605 I zygote  : Successfully killed process cgroup uid 10631 pid 17336 in 0ms
12-25 22:05:15.426  1456  2918 I ActivityManager: START u0 {act=android.intent.action.VIEW dat=about:blank typ=text/html flg=0x10000000 cmp=org.mozilla.fenix.performancetest/org.mozilla.fenix.IntentReceiverActivity} from uid 2000
12-25 22:05:15.426   794   839 E ANDR-PERF-RESOURCEQS: Failed to apply optimization [4, 0]
12-25 22:05:15.449  1456  4797 I ActivityManager: Start proc 17535:org.mozilla.fenix.performancetest/u0a631 for activity org.mozilla.fenix.performancetest/org.mozilla.fenix.IntentReceiverActivity
12-25 22:05:15.453 17535 17535 I chatty  : uid=10631(org.mozilla.fenix.performancetest) expire 6 lines
12-25 22:05:15.534  7933  7966 I MicroDetectionState: Should stop hotword detection immediately - false
12-25 22:05:15.534  7933  7966 I MicroDetector: Keeping mic open: false
12-25 22:05:15.534  7933  7966 I RecognitionAudioControl: #shutdownAudio [requestId: -453774339135189470, keepAudioOpen: false, forced: true]
12-25 22:05:15.534  7933 23113 E DeviceStateChecker: DeviceStateChecker cancelled
12-25 22:05:15.534  7933  7966 I RecognitionAudioControl: #internalShutdownAudio [requestId: -453774339135189470]
12-25 22:05:15.534  7933  7966 I RecognitionAudioControl: #internalShutdownAudio [keepAudioOpen: false, forced: true]
12-25 22:05:15.534  7933  7966 I RecognitionAudioControl: #actualShutdownAudio
12-25 22:05:15.534  7933  7966 I AudioController: #shutdown [requestId=-453774339135189470]
12-25 22:05:15.535  7933 22886 I AudioController: internalShutdown
12-25 22:05:15.535  7933 23062 I MicroRecognitionRunner: Stopping hotword detection.
12-25 22:05:15.595   788  1401 D audio_hw_primary: disable_audio_route: usecase(9) reset and update mixer path: audio-record
12-25 22:05:15.596   788  1401 D audio_hw_primary: disable_snd_device: snd_device(120: voice-rec-mic)
12-25 22:05:15.597  1012 19368 D APM_AudioPolicyManager: stopInput() input 53054, session 53105
12-25 22:05:15.598   788  1479 D audio_hw_primary: in_set_parameters: enter: kvpairs=routing=0
12-25 22:05:15.599  7933 22886 I MicrophoneInputStream: mic_close  SR : 16000 CC : 16 SO : 1999
12-25 22:05:15.600  7933 22886 E AudioSource: Stop listening is called on already closed AudioSource
12-25 22:05:15.601  7933  7953 I MicroRecognitionRunner: Detection finished
12-25 22:05:15.701 17535 17553 I chatty  : uid=10631(org.mozilla.fenix.performancetest) expire 13 lines
12-25 22:05:15.920 17535 17535 I chatty  : uid=10631(org.mozilla.fenix.performancetest) expire 65 lines
12-25 22:05:15.921 17535 17565 I chatty  : uid=10631(org.mozilla.fenix.performancetest) expire 120 lines
12-25 22:05:16.060 17535 17574 I chatty  : uid=10631(org.mozilla.fenix.performancetest) expire 10 lines
12-25 22:05:16.062  1456  2918 I ActivityManager: Start proc 17575:org.mozilla.fenix.performancetest:tab/u0a631 for service org.mozilla.fenix.performancetest/org.mozilla.gecko.process.GeckoServiceChildProcess$tab
12-25 22:05:16.069 17575 17575 I chatty  : uid=10631(org.mozilla.fenix.performancetest) com.google.android.gms.unstable expire 2 lines
12-25 22:05:16.222 17535 17599 I chatty  : uid=10631(org.mozilla.fenix.performancetest) expire 9 lines
12-25 22:05:16.237 17575 17600 I chatty  : uid=10631(org.mozilla.fenix.performancetest) com.google.android.gms.unstable expire 23 lines
12-25 22:05:16.360 17535 17540 I chatty  : uid=10631(org.mozilla.fenix.performancetest) expire 11 lines
12-25 22:05:16.817  1456  4797 I ActivityManager: START u0 {act=android.intent.action.VIEW dat=about:blank typ=text/html flg=0x10000000 cmp=org.mozilla.fenix.performancetest/org.mozilla.fenix.HomeActivity (has extras)} from uid 10631
12-25 22:05:16.846  1456  2918 I WifiService: getDhcpInfo uid=10631
12-25 22:05:17.107  1456  1673 I LaunchCheckinHandler: Displayed org.mozilla.fenix.performancetest/org.mozilla.fenix.IntentReceiverActivity,cp,ca,1670
12-25 22:05:17.832 17535 17628 I chatty  : uid=10631(org.mozilla.fenix.performancetest) expire 10 lines
12-25 22:05:17.860 17535 17675 I chatty  : uid=10631(org.mozilla.fenix.performancetest) expire 2 lines
12-25 22:05:18.023 17535 17676 I chatty  : uid=10631(org.mozilla.fenix.performancetest) expire 1 line
12-25 22:05:18.062 17535 17687 I chatty  : uid=10631(org.mozilla.fenix.performancetest) expire 4 lines
12-25 22:05:18.271   808   808 I SFPerfTracer:      triggers: (rate: 49:53774) (compose: 0:5) (post: 0:12) (render: 0:9) (1:1360316 frames) (2:2369205)
12-25 22:05:18.271   808   808 D SFPerfTracer:        layers: (3:16) (NavigationBar#0 (0xb07df000): 0:310661) (StatusBar#0 (0xb07e3000): 0:982956) (com.android.systemui.ImageWallpaper#0 (0xb07e7000): 0:23967)* (Sprite#0 (0xb0733000): 0:317)* (DimLayerController/Stack=0#0 (0xb075a000): 0:3501)* (Sprite#1 (0xb077c000): 0:195)* (com.android.launcher3/com.android.launcher3.CustomizationPanelLauncher#0 (0xb0763000): 0:38)- (com.android.launcher3/com.android.launcher3.CustomizationPanelLauncher#1 (0xb0771000): 0:12)- (Splash Screen org.mozilla.fenix.performancetest#0 (0xb0384000): 0:32)- (org.mozilla.fenix.performancetest/org.mozilla.fenix.IntentReceiverActivity#0 (0xb039b000): 0:6)- (org.mozilla.fenix.performancetest/org.mozilla.fenix.HomeActivity#0 (0xb02df000): 0:54)- (com.android.launcher3/com.android.launcher3.CustomizationPanelLauncher#0 (0xb0763000): 0:40)* (com.android.launcher3/com.android.launcher3.CustomizationPanelLauncher#1 (0xb0771000): 0:9)* (Splash Screen org.mozilla.fenix.performancetest#0 (0xb0384000): 1:22) 
12-25 22:05:18.424  1456  1673 I ActivityManager: Displayed org.mozilla.fenix.performancetest/org.mozilla.fenix.HomeActivity: +1s491ms (total +2s982ms)
12-25 22:05:18.533 17535 17570 I chatty  : uid=10631(org.mozilla.fenix.performancetest) expire 2 lines
12-25 22:05:18.700  7933  7933 I MemoryTrimmer: Trimming objects from memory, since app is in the background.
12-25 22:05:18.714  7933  7933 I MemoryTrimmer: Trimming objects from memory, since app is in the background.
12-25 22:05:18.719  7933 16273 I PBSessionCacheImpl: Deleted sessionId[34891280184934562] from persistence.
12-25 22:05:18.726  1456  4797 I WifiService: getWifiEnabledState uid=10073
12-25 22:05:18.736  7933  7966 W SearchServiceCore: Abort, client detached.
12-25 22:05:19.218 17575 17600 I chatty  : uid=10631(org.mozilla.fenix.performancetest) com.google.android.gms.unstable expire 25 lines
12-25 22:05:19.254 17535 17565 I chatty  : uid=10631(org.mozilla.fenix.performancetest) expire 88 lines
12-25 22:05:19.263 17535 17535 I chatty  : uid=10631(org.mozilla.fenix.performancetest) expire 21 lines
12-25 22:05:19.469 17535 17553 I chatty  : uid=10631(org.mozilla.fenix.performancetest) expire 4 lines
12-25 22:05:21.087 17745 17745 D AndroidRuntime: >>>>>> START com.android.internal.os.RuntimeInit uid 2000 <<<<<<
12-25 22:05:21.100 17745 17745 W app_process: Could not reserve sentinel fault page
12-25 22:05:21.265 17745 17745 I app_process: The ClassLoaderContext is a special shared library.
12-25 22:05:21.334 17745 17745 D AndroidRuntime: Calling main entry com.android.commands.input.Input
12-25 22:05:21.335 17745 17745 I Input   : injectKeyEvent: KeyEvent { action=ACTION_DOWN, keyCode=KEYCODE_HOME, scanCode=0, metaState=0, flags=0x0, repeatCount=0, eventTime=9776750063, downTime=9776750063, deviceId=-1, source=0x101 }
12-25 22:05:21.341 17745 17745 I Input   : injectKeyEvent: KeyEvent { action=ACTION_UP, keyCode=KEYCODE_HOME, scanCode=0, metaState=0, flags=0x0, repeatCount=0, eventTime=9776750063, downTime=9776750063, deviceId=-1, source=0x101 }
12-25 22:05:21.349  1456  1941 I ActivityManager: START u0 {act=android.intent.action.MAIN cat=[android.intent.category.HOME] flg=0x10200000 cmp=com.android.launcher3/.CustomizationPanelLauncher (has extras)} from uid 1000
12-25 22:05:21.349   794   839 E ANDR-PERF-RESOURCEQS: Failed to apply optimization [4, 0]
12-25 22:05:21.363  1456  1941 I ActivityManager: moveHomeStack, setupComplete:true
12-25 22:05:21.370  7933  7963 I Adreno  : QUALCOMM build                   : bb5b86c, I77d3059488
12-25 22:05:21.370  7933  7963 I Adreno  : Build Date                       : 06/07/18
12-25 22:05:21.370  7933  7963 I Adreno  : OpenGL ES Shader Compiler Version: EV031.22.00.01_06
12-25 22:05:21.370  7933  7963 I Adreno  : Local Branch                     : 
12-25 22:05:21.370  7933  7963 I Adreno  : Remote Branch                    : refs/tags/AU_LINUX_ANDROID_LA.UM.6.5.R1.08.01.00.312.086
12-25 22:05:21.370  7933  7963 I Adreno  : Remote Branch                    : NONE
12-25 22:05:21.370  7933  7963 I Adreno  : Reconstruct Branch               : NOTHING
12-25 22:05:21.374  7933  7963 D vndksupport: Loading /vendor/lib/hw/gralloc.msm8937.so from current namespace instead of sphal namespace.
12-25 22:05:21.376 17745 17745 D AndroidRuntime: Shutting down VM
12-25 22:05:21.377  7933  7963 I Adreno  : PFP: 0x005ff087, ME: 0x005ff063
12-25 22:05:21.381  7933  7963 I zygote  : android::hardware::configstore::V1_0::ISurfaceFlingerConfigs::hasWideColorDisplay retrieved: 0
12-25 22:05:21.382  7933  7963 I OpenGLRenderer: Initialized EGL, version 1.4
12-25 22:05:21.383  7933  7963 D OpenGLRenderer: Swap behavior 2
12-25 22:05:21.387  2748  2748 D Launcher.Utilities: Wakeup weather: Intent { act=com.motorola.launcher3.action.WAKEUP_WEATHER cmp=com.motorola.timeweatherwidget/com.motorola.commandcenter.weather.WakeUpService }
12-25 22:05:21.407  1456  1456 I NotificationService: Cannot find enqueued record for key: 0|com.motorola.timeweatherwidget|1|null|10116
12-25 22:05:21.409   808   808 D SurfaceFlinger: duplicate layer name: changing com.android.launcher3/com.android.launcher3.CustomizationPanelLauncher to com.android.launcher3/com.android.launcher3.CustomizationPanelLauncher#1
12-25 22:05:21.419  7933 23113 W ThreadPoolDumper: Queue length for executor EventBus is now 11. Perhaps some tasks are too long, or the pool is too small.
12-25 22:05:21.421  1456  2918 I WifiService: getWifiEnabledState uid=10073
12-25 22:05:21.430  1456  1471 I WifiService: getWifiEnabledState uid=10073
12-25 22:05:21.468  7933  7966 I MicroDetectionState: Should stop hotword detection immediately - false
12-25 22:05:21.473  7933  7966 I MicroDetectionWorker: #startMicroDetector [speakerMode: 0]
12-25 22:05:21.476  7933  7966 I AudioController: Created new AudioSource
12-25 22:05:21.481  1456  1673 I LaunchCheckinHandler: Displayed com.android.launcher3/.CustomizationPanelLauncher,wp,wa,131
12-25 22:05:21.482  7933  7966 I MicroDetectionWorker: onReady
12-25 22:05:21.482  7933 23062 I MicroDataManager: isInitializedWithLatestParams-true
12-25 22:05:21.482  7933 23062 I MicroDataManager: isInitializing-false locale not changed-true model not changed-true
12-25 22:05:21.482  7933 23062 I MicroDataManager: Already initialized, obtaining the hotword data immediately.
12-25 22:05:21.490  7933  7990 I MicroRecognitionRunner: Starting detection.
12-25 22:05:21.490  7933  7990 I InputStreamUtils: Using micInputStream
12-25 22:05:21.491  7933 16273 I MicrophoneInputStream: mic_starting  SR : 16000 CC : 16 SO : 1999
12-25 22:05:21.494   788  1479 V msm8974_platform: platform_check_input_mask: enter check_input_mask source 6 mask 10
12-25 22:05:21.498  1012 17759 I AudioFlinger: AudioFlinger's thread 0xb2483680 tid=17759 ready to run
12-25 22:05:21.504   788  1401 D audio_hw_primary: in_set_parameters: enter: kvpairs=input_source=6;routing=-2147483644
12-25 22:05:21.505  1012  1302 D APM_AudioPolicyManager: AudioPolicyManager::startInput() input 53062, session 53113, source = 1999
12-25 22:05:21.505  7933 16273 I MicrophoneInputStream: mic_started  SR : 16000 CC : 16 SO : 1999
12-25 22:05:21.507   788 17760 V msm8974_platform: platform_update_usecase_from_source: input source :6
12-25 22:05:21.507   788 17760 V msm8974_platform: platform_check_input_mask: enter check_input_mask source 6 mask 10
12-25 22:05:21.507   788 17760 V msm8974_platform: platform_get_input_snd_device: enter: out_device(0) in_device(0x4) channel_count (1) channel_mask (0x10)
12-25 22:05:21.507   788 17760 V msm8974_platform: platform_get_input_snd_device: exit: in_snd_device(voice-rec-mic)
12-25 22:05:21.507   788 17760 V msm8974_platform: platform_get_backend_index:napb: backend port - 5 device - 120 
12-25 22:05:21.507   788 17760 V msm8974_platform: platform_check_and_set_capture_backend_cfg:txbecf: afe: bitwidth 0, samplerate 0, channel 1, backend_idx 5 usecase = 9 device (voice-rec-mic)
12-25 22:05:21.507   788 17760 V msm8974_platform: platform_check_capture_backend_cfg:txbecf: afe: Codec selected backend: 5 current bit width: 0 and sample rate: 0, channels 1
12-25 22:05:21.507   788 17760 V msm8974_platform: platform_check_capture_backend_cfg:txbecf: afe: Codec selected backend: 5 updated bit width: 0 and sample rate: 0
12-25 22:05:21.507   788 17760 I msm8974_platform: platform_check_capture_backend_cfg:txbecf: afe: Codec backend needs to be updated. new bit width: 0 new sample rate: 0 new channel: 1
12-25 22:05:21.507   788 17760 V msm8974_platform: platform_get_backend_index:napb: backend port - 5 device - 120 
12-25 22:05:21.507   788 17760 V msm8974_platform: platform_set_backend_cfg:becf: afe: bitwidth 0, samplerate 0 channels 1, backend_idx 5 device (voice-rec-mic)
12-25 22:05:21.508   788 17760 E msm8974_platform: platform_set_backend_cfg:becf: afe: Could not get ctl for mixer command - SLIM_0_TX Format
12-25 22:05:21.508   788 17760 V msm8974_platform: platform_send_audio_calibration: sending audio calibration for snd_device(120) acdb_id(62)
12-25 22:05:21.508   788 17760 D ACDB-LOADER: ACDB -> send_audio_cal, acdb_id = 62, path = 1, app id = 0x11130, sample rate = 48000
12-25 22:05:21.508   788 17760 D ACDB-LOADER: ACDB -> send_asm_topology
12-25 22:05:21.508   788 17760 D ACDB-LOADER: ACDB -> ACDB_CMD_GET_AUDPROC_STREAM_TOPOLOGY_ID
12-25 22:05:21.508   788 17760 D ACDB-LOADER: ACDB -> send_adm_topology
12-25 22:05:21.508   788 17760 D ACDB-LOADER: ACDB -> ACDB_CMD_GET_AUDPROC_COMMON_TOPOLOGY_ID
12-25 22:05:21.508   788 17760 D ACDB-LOADER: ACDB -> send_audtable
12-25 22:05:21.508   788 17760 D ACDB-LOADER: ACDB -> ACDB_CMD_GET_AUDPROC_COMMON_TABLE_SIZE
