12-18 22:01:56.136  1456  3925 I ActivityManager: Killing 26679:org.mozilla.fenix.performancetest/u0a596 (adj 700): stop org.mozilla.fenix.performancetest
12-18 22:01:56.139 26718 26718 I chatty  : uid=10596(org.mozilla.fenix.performancetest) expire 1 line
12-18 22:01:56.139  1456  1605 W zygote  : kill(-26679, 9) failed: No such process
12-18 22:01:56.143  1456  3925 W ActivityManager: Force removing ActivityRecord{8aa8f6c u0 org.mozilla.fenix.performancetest/org.mozilla.fenix.HomeActivity t10662}: app died, no saved state
12-18 22:01:56.151  1456  3925 I ActivityManager: Killing 26718:org.mozilla.fenix.performancetest:tab/u0a596 (adj 0): stop org.mozilla.fenix.performancetest
12-18 22:01:56.153  1456  1605 W zygote  : kill(-26679, 9) failed: No such process
12-18 22:01:56.165  2398  2398 D CarrierSvcBindHelper: No carrier app for: 0
12-18 22:01:56.165  2398  2398 D CarrierSvcBindHelper: No carrier app for: 1
12-18 22:01:56.167  1456  1605 W zygote  : kill(-26679, 9) failed: No such process
12-18 22:01:56.219  1456  1673 W ActivityManager: setHasOverlayUi called on unknown pid: 26679
12-18 22:01:56.227  1456  1605 I chatty  : uid=1000(system) ActivityManager identical 4 lines
12-18 22:01:56.243  1456  1605 W zygote  : kill(-26679, 9) failed: No such process
12-18 22:01:56.243  1456  1605 I zygote  : Successfully killed process cgroup uid 10596 pid 26679 in 103ms
12-18 22:01:56.243  1456  1605 W zygote  : kill(-26718, 9) failed: No such process
12-18 22:01:56.243  1456  1605 I zygote  : Successfully killed process cgroup uid 10596 pid 26718 in 0ms
12-18 22:01:56.262  1456  4250 I ActivityManager: START u0 {act=android.intent.action.VIEW dat=about:blank typ=text/html flg=0x10000000 cmp=org.mozilla.fenix.performancetest/org.mozilla.fenix.IntentReceiverActivity} from uid 2000
12-18 22:01:56.263   794   839 E ANDR-PERF-RESOURCEQS: Failed to apply optimization [4, 0]
12-18 22:01:56.283  1456  2923 I ActivityManager: Start proc 26916:org.mozilla.fenix.performancetest/u0a596 for activity org.mozilla.fenix.performancetest/org.mozilla.fenix.IntentReceiverActivity
12-18 22:01:56.287 26916 26916 I chatty  : uid=10596(org.mozilla.fenix.performancetest) expire 3 lines
12-18 22:01:56.381 19624 19715 I MicroDetectionState: Should stop hotword detection immediately - false
12-18 22:01:56.381 19624 19715 I MicroDetector: Keeping mic open: false
12-18 22:01:56.382 19624   598 E DeviceStateChecker: DeviceStateChecker cancelled
12-18 22:01:56.382 19624 19715 I RecognitionAudioControl: #shutdownAudio [requestId: -231673893689646516, keepAudioOpen: false, forced: true]
12-18 22:01:56.382 19624 19715 I RecognitionAudioControl: #internalShutdownAudio [requestId: -231673893689646516]
12-18 22:01:56.382 19624 19715 I RecognitionAudioControl: #internalShutdownAudio [keepAudioOpen: false, forced: true]
12-18 22:01:56.382 19624 19715 I RecognitionAudioControl: #actualShutdownAudio
12-18 22:01:56.382 19624 19715 I AudioController: #shutdown [requestId=-231673893689646516]
12-18 22:01:56.383 19624 26297 I AudioController: internalShutdown
12-18 22:01:56.383 19624  5989 I MicroRecognitionRunner: Stopping hotword detection.
12-18 22:01:56.444   788   788 D audio_hw_primary: disable_audio_route: usecase(9) reset and update mixer path: audio-record
12-18 22:01:56.445   788   788 D audio_hw_primary: disable_snd_device: snd_device(120: voice-rec-mic)
12-18 22:01:56.447  1012  1012 D APM_AudioPolicyManager: stopInput() input 35782, session 35817
12-18 22:01:56.448   788  1479 D audio_hw_primary: in_set_parameters: enter: kvpairs=routing=0
12-18 22:01:56.449 19624 26297 I MicrophoneInputStream: mic_close  SR : 16000 CC : 16 SO : 1999
12-18 22:01:56.449 19624 26297 E AudioSource: Stop listening is called on already closed AudioSource
12-18 22:01:56.451 19624  6003 I MicroRecognitionRunner: Detection finished
12-18 22:01:56.521 26916 26934 I chatty  : uid=10596(org.mozilla.fenix.performancetest) expire 13 lines
12-18 22:01:56.523 26916 26916 I chatty  : uid=10596(org.mozilla.fenix.performancetest) expire 67 lines
12-18 22:01:56.731 26916 26946 I chatty  : uid=10596(org.mozilla.fenix.performancetest) expire 114 lines
12-18 22:01:56.760   808   808 I SFPerfTracer:      triggers: (rate: 49:48312) (compose: 0:5) (post: 0:12) (render: 0:9) (16:1167821 frames) (17:2077052)
12-18 22:01:56.760   808   808 D SFPerfTracer:        layers: (3:14) (NavigationBar#0 (0xb07df000): 10:266267) (StatusBar#0 (0xb07e3000): 10:895365) (com.android.systemui.ImageWallpaper#0 (0xb07e7000): 0:19251)* (Sprite#0 (0xb0733000): 0:317)* (DimLayerController/Stack=0#0 (0xb075a000): 0:3501)* (Sprite#1 (0xb077c000): 0:195)* (com.android.launcher3/com.android.launcher3.CustomizationPanelLauncher#0 (0xb0763000): 0:40)- (com.android.launcher3/com.android.launcher3.CustomizationPanelLauncher#1 (0xb0771000): 0:10)- (Splash Screen org.mozilla.fenix.performancetest#0 (0xb0384000): 0:33)- (org.mozilla.fenix.performancetest/org.mozilla.fenix.IntentReceiverActivity#0 (0xb039b000): 0:6)- (org.mozilla.fenix.performancetest/org.mozilla.fenix.HomeActivity#0 (0xb0293000): 0:56)- (com.android.launcher3/com.android.launcher3.CustomizationPanelLauncher#0 (0xb0763000): 0:40)* (com.android.launcher3/com.android.launcher3.CustomizationPanelLauncher#1 (0xb0771000): 0:10)* (Splash Screen org.mozilla.fenix.performancetest#0 (0xb0384000): 16:19) 
12-18 22:01:56.866  1456  3925 I ActivityManager: Start proc 26955:org.mozilla.fenix.performancetest:tab/u0a596 for service org.mozilla.fenix.performancetest/org.mozilla.gecko.process.GeckoServiceChildProcess$tab
12-18 22:01:56.869 26955 26955 I chatty  : uid=10596(org.mozilla.fenix.performancetest) expire 2 lines
12-18 22:01:56.871 26916 26961 I chatty  : uid=10596(org.mozilla.fenix.performancetest) expire 10 lines
12-18 22:01:57.011 26916 26980 I chatty  : uid=10596(org.mozilla.fenix.performancetest) expire 9 lines
12-18 22:01:57.036 26955 26981 I chatty  : uid=10596(org.mozilla.fenix.performancetest) expire 27 lines
12-18 22:01:57.147 26916 26921 I chatty  : uid=10596(org.mozilla.fenix.performancetest) expire 11 lines
12-18 22:01:57.579  1456  2401 I ActivityManager: START u0 {act=android.intent.action.VIEW dat=about:blank typ=text/html flg=0x10000000 cmp=org.mozilla.fenix.performancetest/org.mozilla.fenix.HomeActivity (has extras)} from uid 10596
12-18 22:01:57.601  1456  3925 I WifiService: getDhcpInfo uid=10596
12-18 22:01:57.749  1456  1673 I LaunchCheckinHandler: Displayed org.mozilla.fenix.performancetest/org.mozilla.fenix.IntentReceiverActivity,cp,ca,1479
12-18 22:01:58.472 26916 27016 I chatty  : uid=10596(org.mozilla.fenix.performancetest) expire 10 lines
12-18 22:01:58.626 26916 27057 I chatty  : uid=10596(org.mozilla.fenix.performancetest) expire 2 lines
12-18 22:01:58.665 26916 27050 I chatty  : uid=10596(org.mozilla.fenix.performancetest) expire 1 line
12-18 22:01:58.690 26916 27068 I chatty  : uid=10596(org.mozilla.fenix.performancetest) expire 4 lines
12-18 22:01:59.076  1456  1673 I ActivityManager: Displayed org.mozilla.fenix.performancetest/org.mozilla.fenix.HomeActivity: +1s370ms (total +2s799ms)
12-18 22:01:59.340 19624 19624 I MemoryTrimmer: Trimming objects from memory, since app is in the background.
12-18 22:01:59.353 19624 26600 I PBSessionCacheImpl: Deleted sessionId[86308841256997175] from persistence.
12-18 22:01:59.358 19624 19624 I MemoryTrimmer: Trimming objects from memory, since app is in the background.
12-18 22:01:59.361  1456  2921 I WifiService: getWifiEnabledState uid=10073
12-18 22:01:59.364 19624 19715 W SearchServiceCore: Abort, client detached.
12-18 22:01:59.381 26916 26951 I chatty  : uid=10596(org.mozilla.fenix.performancetest) expire 1 line
12-18 22:01:59.413   808   898 I SFPerfTracer:      triggers: (rate: 0:0) (0 sw vsyncs) (0 skipped) (20:1023155 vsyncs) (22:2098736)
12-18 22:02:00.001 26916 26946 I chatty  : uid=10596(org.mozilla.fenix.performancetest) expire 93 lines
12-18 22:02:00.001 26955 26981 I chatty  : uid=10596(org.mozilla.fenix.performancetest) expire 21 lines
12-18 22:02:00.017 26916 26916 I chatty  : uid=10596(org.mozilla.fenix.performancetest) expire 21 lines
12-18 22:02:00.093 26916 26934 I chatty  : uid=10596(org.mozilla.fenix.performancetest) expire 4 lines
12-18 22:02:00.515 20319 25926 I Icing   : Indexing com.google.android.gms-internal.3p:MobileApplication from com.google.android.gms using seqno 2511
12-18 22:02:00.613 20319  4099 I Checkin : [EventLogChimeraService] Opted in for usage reporting: false
12-18 22:02:00.613 20319  4099 I Checkin : [EventLogChimeraService] Aggregate from 1576722824627 (log), 1576722824627 (data)
12-18 22:02:00.685  1456  1601 W BroadcastQueue: Background execution not allowed: receiving Intent { act=android.intent.action.DROPBOX_ENTRY_ADDED flg=0x10 (has extras) } to com.google.android.gms/.stats.service.DropBoxEntryAddedReceiver
12-18 22:02:00.686  1456  1601 W BroadcastQueue: Background execution not allowed: receiving Intent { act=android.intent.action.DROPBOX_ENTRY_ADDED flg=0x10 (has extras) } to com.google.android.gms/.chimera.GmsIntentOperationService$PersistentTrustedReceiver
12-18 22:02:00.708  1456  3925 I ActivityManager: Start proc 27126:com.google.process.gservices/u0a36 for content provider com.google.android.gsf/.gservices.GservicesProvider
12-18 22:02:00.711  1456  1601 W BroadcastQueue: Background execution not allowed: receiving Intent { act=android.intent.action.DROPBOX_ENTRY_ADDED flg=0x10 (has extras) } to com.google.android.gms/.stats.service.DropBoxEntryAddedReceiver
12-18 22:02:00.711  1456  1601 W BroadcastQueue: Background execution not allowed: receiving Intent { act=android.intent.action.DROPBOX_ENTRY_ADDED flg=0x10 (has extras) } to com.google.android.gms/.chimera.GmsIntentOperationService$PersistentTrustedReceiver
12-18 22:02:00.741 27126 27126 I zygote  : The ClassLoaderContext is a special shared library.
12-18 22:02:00.759 27126 27126 I GservicesProvider: Gservices pushing to system: true; secure/global: true
12-18 22:02:01.924 27150 27150 D AndroidRuntime: >>>>>> START com.android.internal.os.RuntimeInit uid 2000 <<<<<<
12-18 22:02:01.937 27150 27150 W app_process: Could not reserve sentinel fault page
12-18 22:02:02.101 27150 27150 I app_process: The ClassLoaderContext is a special shared library.
12-18 22:02:02.170 27150 27150 D AndroidRuntime: Calling main entry com.android.commands.input.Input
12-18 22:02:02.171 27150 27150 I Input   : injectKeyEvent: KeyEvent { action=ACTION_DOWN, keyCode=KEYCODE_HOME, scanCode=0, metaState=0, flags=0x0, repeatCount=0, eventTime=9171745784, downTime=9171745784, deviceId=-1, source=0x101 }
12-18 22:02:02.179 27150 27150 I Input   : injectKeyEvent: KeyEvent { action=ACTION_UP, keyCode=KEYCODE_HOME, scanCode=0, metaState=0, flags=0x0, repeatCount=0, eventTime=9171745784, downTime=9171745784, deviceId=-1, source=0x101 }
12-18 22:02:02.186  1456  1941 I ActivityManager: START u0 {act=android.intent.action.MAIN cat=[android.intent.category.HOME] flg=0x10200000 cmp=com.android.launcher3/.CustomizationPanelLauncher (has extras)} from uid 1000
12-18 22:02:02.187   794   839 E ANDR-PERF-RESOURCEQS: Failed to apply optimization [4, 0]
12-18 22:02:02.199  1456  1941 I ActivityManager: moveHomeStack, setupComplete:true
12-18 22:02:02.203 27150 27150 D AndroidRuntime: Shutting down VM
12-18 22:02:02.209 19624 19707 I Adreno  : QUALCOMM build                   : bb5b86c, I77d3059488
12-18 22:02:02.209 19624 19707 I Adreno  : Build Date                       : 06/07/18
12-18 22:02:02.209 19624 19707 I Adreno  : OpenGL ES Shader Compiler Version: EV031.22.00.01_06
12-18 22:02:02.209 19624 19707 I Adreno  : Local Branch                     : 
12-18 22:02:02.209 19624 19707 I Adreno  : Remote Branch                    : refs/tags/AU_LINUX_ANDROID_LA.UM.6.5.R1.08.01.00.312.086
12-18 22:02:02.209 19624 19707 I Adreno  : Remote Branch                    : NONE
12-18 22:02:02.209 19624 19707 I Adreno  : Reconstruct Branch               : NOTHING
12-18 22:02:02.212 19624 19707 D vndksupport: Loading /vendor/lib/hw/gralloc.msm8937.so from current namespace instead of sphal namespace.
12-18 22:02:02.215 19624 19707 I Adreno  : PFP: 0x005ff087, ME: 0x005ff063
12-18 22:02:02.219 19624 19707 I zygote  : android::hardware::configstore::V1_0::ISurfaceFlingerConfigs::hasWideColorDisplay retrieved: 0
12-18 22:02:02.221 19624 19707 I OpenGLRenderer: Initialized EGL, version 1.4
12-18 22:02:02.221 19624 19707 D OpenGLRenderer: Swap behavior 2
12-18 22:02:02.225  2748  2748 D Launcher.Utilities: Wakeup weather: Intent { act=com.motorola.launcher3.action.WAKEUP_WEATHER cmp=com.motorola.timeweatherwidget/com.motorola.commandcenter.weather.WakeUpService }
12-18 22:02:02.241  1456  1456 I NotificationService: Cannot find enqueued record for key: 0|com.motorola.timeweatherwidget|1|null|10116
12-18 22:02:02.246   808   808 D SurfaceFlinger: duplicate layer name: changing com.android.launcher3/com.android.launcher3.CustomizationPanelLauncher to com.android.launcher3/com.android.launcher3.CustomizationPanelLauncher#1
12-18 22:02:02.254 19624   598 W ThreadPoolDumper: Queue length for executor EventBus is now 11. Perhaps some tasks are too long, or the pool is too small.
12-18 22:02:02.257  1456  2923 I WifiService: getWifiEnabledState uid=10073
12-18 22:02:02.266  1456  2923 I WifiService: getWifiEnabledState uid=10073
12-18 22:02:02.296 19624 19715 I MicroDetectionState: Should stop hotword detection immediately - false
12-18 22:02:02.300 19624 19715 I MicroDetectionWorker: #startMicroDetector [speakerMode: 0]
12-18 22:02:02.302 19624 19715 I AudioController: Created new AudioSource
12-18 22:02:02.331  1456  1673 I LaunchCheckinHandler: Displayed com.android.launcher3/.CustomizationPanelLauncher,wp,wa,144
12-18 22:02:02.332 19624 19715 I MicroDetectionWorker: onReady
12-18 22:02:02.332 19624 26297 I MicroDataManager: isInitializedWithLatestParams-true
12-18 22:02:02.332 19624 26297 I MicroDataManager: isInitializing-false locale not changed-true model not changed-true
12-18 22:02:02.332 19624 26297 I MicroDataManager: Already initialized, obtaining the hotword data immediately.
12-18 22:02:02.337 19624  6582 I MicroRecognitionRunner: Starting detection.
12-18 22:02:02.337 19624  6582 I InputStreamUtils: Using micInputStream
12-18 22:02:02.338 19624 26600 I MicrophoneInputStream: mic_starting  SR : 16000 CC : 16 SO : 1999
12-18 22:02:02.342   788  1479 V msm8974_platform: platform_check_input_mask: enter check_input_mask source 6 mask 10
12-18 22:02:02.345  1012 27164 I AudioFlinger: AudioFlinger's thread 0xb24836c0 tid=27164 ready to run
12-18 22:02:02.351   788   788 D audio_hw_primary: in_set_parameters: enter: kvpairs=input_source=6;routing=-2147483644
12-18 22:02:02.353  1012  1301 D APM_AudioPolicyManager: AudioPolicyManager::startInput() input 35790, session 35825, source = 1999
12-18 22:02:02.353 19624 26600 I MicrophoneInputStream: mic_started  SR : 16000 CC : 16 SO : 1999
12-18 22:02:02.355   788 27165 V msm8974_platform: platform_update_usecase_from_source: input source :6
12-18 22:02:02.355   788 27165 V msm8974_platform: platform_check_input_mask: enter check_input_mask source 6 mask 10
12-18 22:02:02.355   788 27165 V msm8974_platform: platform_get_input_snd_device: enter: out_device(0) in_device(0x4) channel_count (1) channel_mask (0x10)
12-18 22:02:02.355   788 27165 V msm8974_platform: platform_get_input_snd_device: exit: in_snd_device(voice-rec-mic)
12-18 22:02:02.355   788 27165 V msm8974_platform: platform_get_backend_index:napb: backend port - 5 device - 120 
12-18 22:02:02.355   788 27165 V msm8974_platform: platform_check_and_set_capture_backend_cfg:txbecf: afe: bitwidth 0, samplerate 0, channel 1, backend_idx 5 usecase = 9 device (voice-rec-mic)
12-18 22:02:02.355   788 27165 V msm8974_platform: platform_check_capture_backend_cfg:txbecf: afe: Codec selected backend: 5 current bit width: 0 and sample rate: 0, channels 1
12-18 22:02:02.355   788 27165 V msm8974_platform: platform_check_capture_backend_cfg:txbecf: afe: Codec selected backend: 5 updated bit width: 0 and sample rate: 0
12-18 22:02:02.355   788 27165 I msm8974_platform: platform_check_capture_backend_cfg:txbecf: afe: Codec backend needs to be updated. new bit width: 0 new sample rate: 0 new channel: 1
12-18 22:02:02.355   788 27165 V msm8974_platform: platform_get_backend_index:napb: backend port - 5 device - 120 
12-18 22:02:02.355   788 27165 V msm8974_platform: platform_set_backend_cfg:becf: afe: bitwidth 0, samplerate 0 channels 1, backend_idx 5 device (voice-rec-mic)
12-18 22:02:02.356   788 27165 E msm8974_platform: platform_set_backend_cfg:becf: afe: Could not get ctl for mixer command - SLIM_0_TX Format
12-18 22:02:02.356   788 27165 V msm8974_platform: platform_send_audio_calibration: sending audio calibration for snd_device(120) acdb_id(62)
12-18 22:02:02.356   788 27165 D ACDB-LOADER: ACDB -> send_audio_cal, acdb_id = 62, path = 1, app id = 0x11130, sample rate = 48000
12-18 22:02:02.356   788 27165 D ACDB-LOADER: ACDB -> send_asm_topology
12-18 22:02:02.356   788 27165 D ACDB-LOADER: ACDB -> ACDB_CMD_GET_AUDPROC_STREAM_TOPOLOGY_ID
12-18 22:02:02.356   788 27165 D ACDB-LOADER: ACDB -> send_adm_topology
12-18 22:02:02.356   788 27165 D ACDB-LOADER: ACDB -> ACDB_CMD_GET_AUDPROC_COMMON_TOPOLOGY_ID
12-18 22:02:02.356   788 27165 D ACDB-LOADER: ACDB -> send_audtable
12-18 22:02:02.356   788 27165 D ACDB-LOADER: ACDB -> ACDB_CMD_GET_AUDPROC_COMMON_TABLE_SIZE
12-18 22:02:02.356   788 27165 D ACDB-LOADER: ACDB -> ACDB_CMD_GET_AUDPROC_COMMON_TABLE
12-18 22:02:02.356   788 27165 D ACDB-LOADER: ACDB -> AUDIO_SET_AUDPROC_CAL
12-18 22:02:02.356   788 27165 D ACDB-LOADER: ACDB -> send_audvoltable
12-18 22:02:02.356   788 27165 D ACDB-LOADER: ACDB -> ACDB_CMD_GET_AUDPROC_VOL_STEP_TABLE_SIZE
12-18 22:02:02.356   788 27165 D ACDB-LOADER: ACDB -> ACDB_CMD_GET_AUDPROC_GAIN_DEP_STEP_TABLE, vol index 0
12-18 22:02:02.356   788 27165 D         : Failed to fetch the lookup information of the device 0000003E 
12-18 22:02:02.356   788 27165 D ACDB-LOADER: ACDB -> AUDIO_SET_VOL_CAL cal type = 12
12-18 22:02:02.356   788 27165 D ACDB-LOADER: ACDB -> ACDB_CMD_GET_AUDPROC_STREAM_TABLE_SIZE
12-18 22:02:02.356   788 27165 D ACDB-LOADER: ACDB -> send_audstrmtable
12-18 22:02:02.356   788 27165 D ACDB-LOADER: ACDB -> ACDB_CMD_GET_AUDPROC_STREAM_TABLE_V2
12-18 22:02:02.356   788 27165 D ACDB-LOADER: ACDB -> audstrm_cal->cal_type.cal_data.cal_size = 456
12-18 22:02:02.356   788 27165 D ACDB-LOADER: ACDB -> send_afe_topology
12-18 22:02:02.356   788 27165 D ACDB-LOADER: ACDB -> ACDB_CMD_GET_AFE_TOPOLOGY_ID
12-18 22:02:02.357   788 27165 D ACDB-LOADER: ACDB -> GET_AFE_TOPOLOGY_ID for adcd_id 62, Topology Id 112fb
12-18 22:02:02.357   788 27165 D ACDB-LOADER: ACDB -> send_afe_cal
12-18 22:02:02.357   788 27165 D ACDB-LOADER: ACDB -> ACDB_CMD_GET_AFE_COMMON_TABLE_SIZE
12-18 22:02:02.357   788 27165 D         : Failed to fetch the lookup information of the device 0000003E 
12-18 22:02:02.357   788 27165 E ACDB-LOADER: Error: ACDB_CMD_GET_AFE_COMMON_TABLE_SIZE Returned = -19
12-18 22:02:02.357   788 27165 D ACDB-LOADER: ACDB -> ACDB_CMD_GET_AFE_COMMON_TABLE
12-18 22:02:02.357   788 27165 D         : Failed to fetch the lookup information of the device 0000003E 
12-18 22:02:02.357   788 27165 D ACDB-LOADER: ACDB -> AUDIO_SET_AFE_CAL
12-18 22:02:02.357   788 27165 D ACDB-LOADER: ACDB -> send_hw_delay : acdb_id = 62 path = 1
12-18 22:02:02.357   788 27165 D ACDB-LOADER: ACDB -> ACDB_AVSYNC_INFO: ACDB_CMD_GET_DEVICE_PROPERTY
12-18 22:02:02.357   788 27165 D audio_hw_primary: enable_snd_device: snd_device(120: voice-rec-mic)
12-18 22:02:02.357   788 27165 D audio_route: Apply path: voice-rec-mic
12-18 22:02:02.359   788 27165 V msm8974_platform: platform_get_snd_device_backend_index: enter with device 120
12-18 22:02:02.360   788 27165 E msm8974_platform: platform_get_snd_device_backend_index: BE DAI Name Table is not present
12-18 22:02:02.360   788 27165 V msm8974_platform: platform_get_backend_index:napb: backend port - 5 device - 120 
12-18 22:02:02.360   788 27165 I audio_hw_utils: Set Audio Stream Capture 0 App Type Cfg: app_type 69936, acdb_dev_id 62, sample_rate 48000, snd_device_be_idx -14
12-18 22:02:02.360   788 27165 D audio_hw_primary: enable_audio_route: usecase(9) apply and update mixer path: audio-record
12-18 22:02:02.360   788 27165 D audio_route: Apply path: audio-record
12-18 22:02:02.429 19624 19715 I MicroDetectionWorker: onReady
12-18 22:02:02.446  2146  2165 I zygote  : NativeAlloc concurrent copying GC freed 20892(1056KB) AllocSpace objects, 0(0B) LOS objects, 50% free, 7MB/14MB, paused 224us total 103.228ms
12-18 22:02:02.741  1456  7796 I OpenGLRenderer: Initialized EGL, version 1.4
12-18 22:02:02.741  1456  7796 D OpenGLRenderer: Swap behavior 2
12-18 22:02:02.789  2748  2917 W OpenGLRenderer: Incorrectly called buildLayer on View: ShortcutAndWidgetContainer, destroying layer...
12-18 22:02:02.909 26916 26989 I chatty  : uid=10596(org.mozilla.fenix.performancetest) expire 6 lines
12-18 22:02:02.975  1456  2923 D ConnectivityService: requestNetwork for uid/pid:10596/26916 NetworkRequest [ TRACK_DEFAULT id=11332, [ Capabilities: INTERNET&NOT_RESTRICTED&TRUSTED&NOT_VPN] ]
12-18 22:02:02.977  1456  2099 D Ethernet: got request NetworkRequest [ TRACK_DEFAULT id=11332, [ Capabilities: INTERNET&NOT_RESTRICTED&TRUSTED&NOT_VPN] ] with score 60
12-18 22:02:02.977  1456  2054 D WIFI_UT : got request NetworkRequest [ TRACK_DEFAULT id=11332, [ Capabilities: INTERNET&NOT_RESTRICTED&TRUSTED&NOT_VPN] ] with score 60
12-18 22:02:02.977  1456  2054 D WIFI    : got request NetworkRequest [ TRACK_DEFAULT id=11332, [ Capabilities: INTERNET&NOT_RESTRICTED&TRUSTED&NOT_VPN] ] with score 60
12-18 22:02:02.977  2398  2398 D PhoneSwitcherNetworkRequstListener: got request NetworkRequest [ TRACK_DEFAULT id=11332, [ Capabilities: INTERNET&NOT_RESTRICTED&TRUSTED&NOT_VPN] ] with score 60
12-18 22:02:03.000 26916 27167 I chatty  : uid=10596(org.mozilla.fenix.performancetest) expire 9 lines
12-18 22:02:03.421 26916 26954 I chatty  : uid=10596(org.mozilla.fenix.performancetest) expire 1 line
12-18 22:02:03.430  1456  2067 D ConnectivityService: releasing NetworkRequest [ TRACK_DEFAULT id=11332, [ Capabilities: INTERNET&NOT_RESTRICTED&TRUSTED&NOT_VPN] ] (release request)
12-18 22:02:07.359  1456  2923 I ActivityManager: Force stopping org.mozilla.fenix.performancetest appid=10596 user=0: from pid 27171
12-18 22:02:07.359  1456  2923 I ActivityManager: Killing 26916:org.mozilla.fenix.performancetest/u0a596 (adj 700): stop org.mozilla.fenix.performancetest
12-18 22:02:07.362  1456  1605 W zygote  : kill(-26916, 9) failed: No such process
12-18 22:02:07.362  1456  2923 W ActivityManager: Force removing ActivityRecord{3d790e1 u0 org.mozilla.fenix.performancetest/org.mozilla.fenix.HomeActivity t10663}: app died, no saved state
12-18 22:02:07.363 26955 26955 I chatty  : uid=10596(org.mozilla.fenix.performancetest) expire 1 line
12-18 22:02:07.373  1456  2923 I ActivityManager: Killing 26955:org.mozilla.fenix.performancetest:tab/u0a596 (adj 0): stop org.mozilla.fenix.performancetest
12-18 22:02:07.376  1456  1605 W zygote  : kill(-26916, 9) failed: No such process
12-18 22:02:07.385  2398  2398 D CarrierSvcBindHelper: No carrier app for: 0
12-18 22:02:07.386  2398  2398 D CarrierSvcBindHelper: No carrier app for: 1
12-18 22:02:07.389  1456  1605 W zygote  : kill(-26916, 9) failed: No such process
12-18 22:02:07.445  1456  1673 W ActivityManager: setHasOverlayUi called on unknown pid: 26916
12-18 22:02:07.448  1456  1605 I chatty  : uid=1000(system) ActivityManager identical 4 lines
12-18 22:02:07.459  1456  1605 W zygote  : kill(-26916, 9) failed: No such process
12-18 22:02:07.459  1456  1605 I zygote  : Successfully killed process cgroup uid 10596 pid 26916 in 98ms
12-18 22:02:07.460  1456  1605 W zygote  : kill(-26955, 9) failed: No such process
12-18 22:02:07.460  1456  1605 I zygote  : Successfully killed process cgroup uid 10596 pid 26955 in 0ms
12-18 22:02:07.482  1456  2401 I ActivityManager: START u0 {act=android.intent.action.VIEW dat=about:blank typ=text/html flg=0x10000000 cmp=org.mozilla.fenix.performancetest/org.mozilla.fenix.IntentReceiverActivity} from uid 2000
12-18 22:02:07.483   794   839 E ANDR-PERF-RESOURCEQS: Failed to apply optimization [4, 0]
12-18 22:02:07.503  1456  4679 I ActivityManager: Start proc 27179:org.mozilla.fenix.performancetest/u0a596 for activity org.mozilla.fenix.performancetest/org.mozilla.fenix.IntentReceiverActivity
12-18 22:02:07.508 27179 27179 I chatty  : uid=10596(org.mozilla.fenix.performancetest) expire 57 lines
12-18 22:02:07.601 19624 19715 I MicroDetectionState: Should stop hotword detection immediately - false
12-18 22:02:07.601 19624 19715 I MicroDetector: Keeping mic open: false
12-18 22:02:07.601 19624  6003 E DeviceStateChecker: DeviceStateChecker cancelled
12-18 22:02:07.602 19624 19715 I RecognitionAudioControl: #shutdownAudio [requestId: -1056067672616951052, keepAudioOpen: false, forced: true]
12-18 22:02:07.602 19624 19715 I RecognitionAudioControl: #internalShutdownAudio [requestId: -1056067672616951052]
12-18 22:02:07.602 19624 19715 I RecognitionAudioControl: #internalShutdownAudio [keepAudioOpen: false, forced: true]
12-18 22:02:07.603 19624 19715 I RecognitionAudioControl: #actualShutdownAudio
12-18 22:02:07.603 19624 19715 I AudioController: #shutdown [requestId=-1056067672616951052]
12-18 22:02:07.603 19624 26297 I AudioController: internalShutdown
12-18 22:02:07.604 19624  5989 I MicroRecognitionRunner: Stopping hotword detection.
12-18 22:02:07.621   808   808 I SFPerfTracer:      triggers: (rate: 49:48319) (compose: 0:5) (post: 0:12) (render: 0:9) (2:1167889 frames) (3:2077154)
12-18 22:02:07.622   808   808 D SFPerfTracer:        layers: (4:14) (NavigationBar#0 (0xb07df000): 0:266278) (StatusBar#0 (0xb07e3000): 0:895380) (com.android.systemui.ImageWallpaper#0 (0xb07e7000): 0:19252) (Sprite#0 (0xb0733000): 0:317)* (DimLayerController/Stack=0#0 (0xb075a000): 0:3501)* (Sprite#1 (0xb077c000): 0:195)* (com.android.launcher3/com.android.launcher3.CustomizationPanelLauncher#0 (0xb0763000): 0:40)- (com.android.launcher3/com.android.launcher3.CustomizationPanelLauncher#1 (0xb0771000): 0:10)- (Splash Screen org.mozilla.fenix.performancetest#0 (0xb0384000): 0:33)- (org.mozilla.fenix.performancetest/org.mozilla.fenix.IntentReceiverActivity#0 (0xb039b000): 0:5)- (org.mozilla.fenix.performancetest/org.mozilla.fenix.HomeActivity#0 (0xb0293000): 0:61)- (com.android.launcher3/com.android.launcher3.CustomizationPanelLauncher#0 (0xb0763000): 0:37)* (com.android.launcher3/com.android.launcher3.CustomizationPanelLauncher#1 (0xb0771000): 0:8) (Splash Screen org.mozilla.fenix.performancetest#0 (0xb0384000): 1:3)* 
12-18 22:02:07.649   788   788 D audio_hw_primary: disable_audio_route: usecase(9) reset and update mixer path: audio-record
12-18 22:02:07.649   788   788 D audio_hw_primary: disable_snd_device: snd_device(120: voice-rec-mic)
12-18 22:02:07.650  1012  1302 D APM_AudioPolicyManager: stopInput() input 35790, session 35825
12-18 22:02:07.651   788   788 D audio_hw_primary: in_set_parameters: enter: kvpairs=routing=0
12-18 22:02:07.654 19624 26297 I MicrophoneInputStream: mic_close  SR : 16000 CC : 16 SO : 1999
12-18 22:02:07.654 19624 26297 E AudioSource: Stop listening is called on already closed AudioSource
12-18 22:02:07.656 19624  6582 I MicroRecognitionRunner: Detection finished
12-18 22:02:07.740 27179 27196 I chatty  : uid=10596(org.mozilla.fenix.performancetest) expire 13 lines
12-18 22:02:07.947 27179 27208 I chatty  : uid=10596(org.mozilla.fenix.performancetest) expire 32 lines
12-18 22:02:08.088  1456  7570 I ActivityManager: Start proc 27217:org.mozilla.fenix.performancetest:tab/u0a596 for service org.mozilla.fenix.performancetest/org.mozilla.gecko.process.GeckoServiceChildProcess$tab
12-18 22:02:08.091 27217 27217 I chatty  : uid=10596(org.mozilla.fenix.performancetest) expire 2 lines
12-18 22:02:08.092 27179 27223 I chatty  : uid=10596(org.mozilla.fenix.performancetest) expire 9 lines
12-18 22:02:08.229 27179 27242 I chatty  : uid=10596(org.mozilla.fenix.performancetest) expire 9 lines
12-18 22:02:08.261 27217 27243 I chatty  : uid=10596(org.mozilla.fenix.performancetest) expire 1 line
12-18 22:02:08.373 27179 27184 I chatty  : uid=10596(org.mozilla.fenix.performancetest) expire 8 lines
12-18 22:02:08.820  1456  5050 I ActivityManager: START u0 {act=android.intent.action.VIEW dat=about:blank typ=text/html flg=0x10000000 cmp=org.mozilla.fenix.performancetest/org.mozilla.fenix.HomeActivity (has extras)} from uid 10596
12-18 22:02:08.851  1456  7570 I WifiService: getDhcpInfo uid=10596
12-18 22:02:08.994  1456  1673 I LaunchCheckinHandler: Displayed org.mozilla.fenix.performancetest/org.mozilla.fenix.IntentReceiverActivity,cp,ca,1503
12-18 22:02:09.718 27179 27269 I chatty  : uid=10596(org.mozilla.fenix.performancetest) expire 10 lines
12-18 22:02:09.789 27179 27208 I chatty  : uid=10596(org.mozilla.fenix.performancetest) expire 175 lines
12-18 22:02:09.829 27179 27318 I chatty  : uid=10596(org.mozilla.fenix.performancetest) expire 2 lines
12-18 22:02:09.928 27179 27223 I chatty  : uid=10596(org.mozilla.fenix.performancetest) expire 1 line
12-18 22:02:09.954 27179 27179 I chatty  : uid=10596(org.mozilla.fenix.performancetest) expire 34 lines
12-18 22:02:09.958 27179 27312 I chatty  : uid=10596(org.mozilla.fenix.performancetest) expire 1 line
12-18 22:02:09.958 27179 27331 I chatty  : uid=10596(org.mozilla.fenix.performancetest) expire 4 lines
12-18 22:02:10.195 27217 27243 I chatty  : uid=10596(org.mozilla.fenix.performancetest) expire 47 lines
12-18 22:02:10.273   808   898 I SFPerfTracer:      triggers: (rate: 0:0) (0 sw vsyncs) (0 skipped) (1:1023222 vsyncs) (3:2098838)
12-18 22:02:10.348  1456  1673 I ActivityManager: Displayed org.mozilla.fenix.performancetest/org.mozilla.fenix.HomeActivity: +1s386ms (total +2s847ms)
12-18 22:02:10.559 27179 27184 I chatty  : uid=10596(org.mozilla.fenix.performancetest) expire 3 lines
12-18 22:02:10.583 27179 27213 I chatty  : uid=10596(org.mozilla.fenix.performancetest) expire 1 line
12-18 22:02:10.610 19624 19624 I MemoryTrimmer: Trimming objects from memory, since app is in the background.
12-18 22:02:10.619 19624 19624 I MemoryTrimmer: Trimming objects from memory, since app is in the background.
12-18 22:02:10.625 19624 26600 I PBSessionCacheImpl: Deleted sessionId[86308841256997180] from persistence.
12-18 22:02:10.629  1456  5050 I WifiService: getWifiEnabledState uid=10073
12-18 22:02:10.636 19624 19715 W SearchServiceCore: Abort, client detached.
12-18 22:02:11.318 27179 27196 I chatty  : uid=10596(org.mozilla.fenix.performancetest) expire 4 lines
12-18 22:02:13.138 27388 27388 D AndroidRuntime: >>>>>> START com.android.internal.os.RuntimeInit uid 2000 <<<<<<
12-18 22:02:13.151 27388 27388 W app_process: Could not reserve sentinel fault page
12-18 22:02:13.317 27388 27388 I app_process: The ClassLoaderContext is a special shared library.
12-18 22:02:13.387 27388 27388 D AndroidRuntime: Calling main entry com.android.commands.input.Input
12-18 22:02:13.389 27388 27388 I Input   : injectKeyEvent: KeyEvent { action=ACTION_DOWN, keyCode=KEYCODE_HOME, scanCode=0, metaState=0, flags=0x0, repeatCount=0, eventTime=9171757002, downTime=9171757002, deviceId=-1, source=0x101 }
12-18 22:02:13.399 27388 27388 I Input   : injectKeyEvent: KeyEvent { action=ACTION_UP, keyCode=KEYCODE_HOME, scanCode=0, metaState=0, flags=0x0, repeatCount=0, eventTime=9171757002, downTime=9171757002, deviceId=-1, source=0x101 }
12-18 22:02:13.405  1456  1941 I ActivityManager: START u0 {act=android.intent.action.MAIN cat=[android.intent.category.HOME] flg=0x10200000 cmp=com.android.launcher3/.CustomizationPanelLauncher (has extras)} from uid 1000
12-18 22:02:13.406   794   839 E ANDR-PERF-RESOURCEQS: Failed to apply optimization [4, 0]
12-18 22:02:13.419  1456  1941 I ActivityManager: moveHomeStack, setupComplete:true
12-18 22:02:13.424 19624 19707 I Adreno  : QUALCOMM build                   : bb5b86c, I77d3059488
12-18 22:02:13.424 19624 19707 I Adreno  : Build Date                       : 06/07/18
12-18 22:02:13.424 19624 19707 I Adreno  : OpenGL ES Shader Compiler Version: EV031.22.00.01_06
12-18 22:02:13.424 19624 19707 I Adreno  : Local Branch                     : 
12-18 22:02:13.424 19624 19707 I Adreno  : Remote Branch                    : refs/tags/AU_LINUX_ANDROID_LA.UM.6.5.R1.08.01.00.312.086
12-18 22:02:13.424 19624 19707 I Adreno  : Remote Branch                    : NONE
12-18 22:02:13.424 19624 19707 I Adreno  : Reconstruct Branch               : NOTHING
12-18 22:02:13.426 19624 19707 D vndksupport: Loading /vendor/lib/hw/gralloc.msm8937.so from current namespace instead of sphal namespace.
12-18 22:02:13.430 19624 19707 I Adreno  : PFP: 0x005ff087, ME: 0x005ff063
12-18 22:02:13.430 27388 27388 D AndroidRuntime: Shutting down VM
12-18 22:02:13.434 19624 19707 I zygote  : android::hardware::configstore::V1_0::ISurfaceFlingerConfigs::hasWideColorDisplay retrieved: 0
12-18 22:02:13.435 19624 19707 I OpenGLRenderer: Initialized EGL, version 1.4
12-18 22:02:13.435 19624 19707 D OpenGLRenderer: Swap behavior 2
12-18 22:02:13.443  2748  2748 D Launcher.Utilities: Wakeup weather: Intent { act=com.motorola.launcher3.action.WAKEUP_WEATHER cmp=com.motorola.timeweatherwidget/com.motorola.commandcenter.weather.WakeUpService }
12-18 22:02:13.467  1456  1456 I NotificationService: Cannot find enqueued record for key: 0|com.motorola.timeweatherwidget|1|null|10116
12-18 22:02:13.469   808   808 D SurfaceFlinger: duplicate layer name: changing com.android.launcher3/com.android.launcher3.CustomizationPanelLauncher to com.android.launcher3/com.android.launcher3.CustomizationPanelLauncher#1
12-18 22:02:13.482 19624  6003 W ThreadPoolDumper: Queue length for executor EventBus is now 11. Perhaps some tasks are too long, or the pool is too small.
12-18 22:02:13.485  1456 10366 I WifiService: getWifiEnabledState uid=10073
12-18 22:02:13.496  1456 10366 I WifiService: getWifiEnabledState uid=10073
12-18 22:02:13.529 19624 19715 I MicroDetectionState: Should stop hotword detection immediately - false
12-18 22:02:13.535 19624 19715 I MicroDetectionWorker: #startMicroDetector [speakerMode: 0]
12-18 22:02:13.537 19624 19715 I AudioController: Created new AudioSource
12-18 22:02:13.564  1456  1673 I LaunchCheckinHandler: Displayed com.android.launcher3/.CustomizationPanelLauncher,wp,wa,159
12-18 22:02:13.565 19624 19715 I MicroDetectionWorker: onReady
12-18 22:02:13.566 19624  5988 I MicroDataManager: isInitializedWithLatestParams-true
12-18 22:02:13.566 19624  5988 I MicroDataManager: isInitializing-false locale not changed-true model not changed-true
12-18 22:02:13.566 19624  5988 I MicroDataManager: Already initialized, obtaining the hotword data immediately.
12-18 22:02:13.574 19624 27444 I MicroRecognitionRunner: Starting detection.
12-18 22:02:13.574 19624 27444 I InputStreamUtils: Using micInputStream
12-18 22:02:13.575 19624 21273 I MicrophoneInputStream: mic_starting  SR : 16000 CC : 16 SO : 1999
12-18 22:02:13.579   788   788 V msm8974_platform: platform_check_input_mask: enter check_input_mask source 6 mask 10
12-18 22:02:13.581  1012 27402 I AudioFlinger: AudioFlinger's thread 0xb24832c0 tid=27402 ready to run
12-18 22:02:13.589   788   788 D audio_hw_primary: in_set_parameters: enter: kvpairs=input_source=6;routing=-2147483644
12-18 22:02:13.590  1012  8317 D APM_AudioPolicyManager: AudioPolicyManager::startInput() input 35798, session 35833, source = 1999
12-18 22:02:13.590 19624 21273 I MicrophoneInputStream: mic_started  SR : 16000 CC : 16 SO : 1999
12-18 22:02:13.592   788 27403 V msm8974_platform: platform_update_usecase_from_source: input source :6
12-18 22:02:13.592   788 27403 V msm8974_platform: platform_check_input_mask: enter check_input_mask source 6 mask 10
12-18 22:02:13.592   788 27403 V msm8974_platform: platform_get_input_snd_device: enter: out_device(0) in_device(0x4) channel_count (1) channel_mask (0x10)
12-18 22:02:13.592   788 27403 V msm8974_platform: platform_get_input_snd_device: exit: in_snd_device(voice-rec-mic)
12-18 22:02:13.592   788 27403 V msm8974_platform: platform_get_backend_index:napb: backend port - 5 device - 120 
12-18 22:02:13.592   788 27403 V msm8974_platform: platform_check_and_set_capture_backend_cfg:txbecf: afe: bitwidth 0, samplerate 0, channel 1, backend_idx 5 usecase = 9 device (voice-rec-mic)
12-18 22:02:13.592   788 27403 V msm8974_platform: platform_check_capture_backend_cfg:txbecf: afe: Codec selected backend: 5 current bit width: 0 and sample rate: 0, channels 1
12-18 22:02:13.593   788 27403 V msm8974_platform: platform_check_capture_backend_cfg:txbecf: afe: Codec selected backend: 5 updated bit width: 0 and sample rate: 0
12-18 22:02:13.593   788 27403 I msm8974_platform: platform_check_capture_backend_cfg:txbecf: afe: Codec backend needs to be updated. new bit width: 0 new sample rate: 0 new channel: 1
12-18 22:02:13.593   788 27403 V msm8974_platform: platform_get_backend_index:napb: backend port - 5 device - 120 
12-18 22:02:13.593   788 27403 V msm8974_platform: platform_set_backend_cfg:becf: afe: bitwidth 0, samplerate 0 channels 1, backend_idx 5 device (voice-rec-mic)
12-18 22:02:13.593   788 27403 E msm8974_platform: platform_set_backend_cfg:becf: afe: Could not get ctl for mixer command - SLIM_0_TX Format
12-18 22:02:13.593   788 27403 V msm8974_platform: platform_send_audio_calibration: sending audio calibration for snd_device(120) acdb_id(62)
12-18 22:02:13.593   788 27403 D ACDB-LOADER: ACDB -> send_audio_cal, acdb_id = 62, path = 1, app id = 0x11130, sample rate = 48000
12-18 22:02:13.594   788 27403 D ACDB-LOADER: ACDB -> send_asm_topology
12-18 22:02:13.594   788 27403 D ACDB-LOADER: ACDB -> ACDB_CMD_GET_AUDPROC_STREAM_TOPOLOGY_ID
12-18 22:02:13.594   788 27403 D ACDB-LOADER: ACDB -> send_adm_topology
12-18 22:02:13.594   788 27403 D ACDB-LOADER: ACDB -> ACDB_CMD_GET_AUDPROC_COMMON_TOPOLOGY_ID
12-18 22:02:13.594   788 27403 D ACDB-LOADER: ACDB -> send_audtable
12-18 22:02:13.594   788 27403 D ACDB-LOADER: ACDB -> ACDB_CMD_GET_AUDPROC_COMMON_TABLE_SIZE
12-18 22:02:13.594   788 27403 D ACDB-LOADER: ACDB -> ACDB_CMD_GET_AUDPROC_COMMON_TABLE
12-18 22:02:13.594   788 27403 D ACDB-LOADER: ACDB -> AUDIO_SET_AUDPROC_CAL
12-18 22:02:13.594   788 27403 D ACDB-LOADER: ACDB -> send_audvoltable
12-18 22:02:13.594   788 27403 D ACDB-LOADER: ACDB -> ACDB_CMD_GET_AUDPROC_VOL_STEP_TABLE_SIZE
12-18 22:02:13.594   788 27403 D ACDB-LOADER: ACDB -> ACDB_CMD_GET_AUDPROC_GAIN_DEP_STEP_TABLE, vol index 0
12-18 22:02:13.594   788 27403 D         : Failed to fetch the lookup information of the device 0000003E 
12-18 22:02:13.594   788 27403 D ACDB-LOADER: ACDB -> AUDIO_SET_VOL_CAL cal type = 12
12-18 22:02:13.594   788 27403 D ACDB-LOADER: ACDB -> ACDB_CMD_GET_AUDPROC_STREAM_TABLE_SIZE
12-18 22:02:13.595   788 27403 D ACDB-LOADER: ACDB -> send_audstrmtable
12-18 22:02:13.595   788 27403 D ACDB-LOADER: ACDB -> ACDB_CMD_GET_AUDPROC_STREAM_TABLE_V2
12-18 22:02:13.595   788 27403 D ACDB-LOADER: ACDB -> audstrm_cal->cal_type.cal_data.cal_size = 456
12-18 22:02:13.595   788 27403 D ACDB-LOADER: ACDB -> send_afe_topology
12-18 22:02:13.595   788 27403 D ACDB-LOADER: ACDB -> ACDB_CMD_GET_AFE_TOPOLOGY_ID
12-18 22:02:13.595   788 27403 D ACDB-LOADER: ACDB -> GET_AFE_TOPOLOGY_ID for adcd_id 62, Topology Id 112fb
12-18 22:02:13.595   788 27403 D ACDB-LOADER: ACDB -> send_afe_cal
12-18 22:02:13.595   788 27403 D ACDB-LOADER: ACDB -> ACDB_CMD_GET_AFE_COMMON_TABLE_SIZE
12-18 22:02:13.595   788 27403 D         : Failed to fetch the lookup information of the device 0000003E 
12-18 22:02:13.595   788 27403 E ACDB-LOADER: Error: ACDB_CMD_GET_AFE_COMMON_TABLE_SIZE Returned = -19
12-18 22:02:13.595   788 27403 D ACDB-LOADER: ACDB -> ACDB_CMD_GET_AFE_COMMON_TABLE
12-18 22:02:13.595   788 27403 D         : Failed to fetch the lookup information of the device 0000003E 
12-18 22:02:13.595   788 27403 D ACDB-LOADER: ACDB -> AUDIO_SET_AFE_CAL
12-18 22:02:13.595   788 27403 D ACDB-LOADER: ACDB -> send_hw_delay : acdb_id = 62 path = 1
12-18 22:02:13.595   788 27403 D ACDB-LOADER: ACDB -> ACDB_AVSYNC_INFO: ACDB_CMD_GET_DEVICE_PROPERTY
12-18 22:02:13.595   788 27403 D audio_hw_primary: enable_snd_device: snd_device(120: voice-rec-mic)
12-18 22:02:13.595   788 27403 D audio_route: Apply path: voice-rec-mic
12-18 22:02:13.598   788 27403 V msm8974_platform: platform_get_snd_device_backend_index: enter with device 120
12-18 22:02:13.598   788 27403 E msm8974_platform: platform_get_snd_device_backend_index: BE DAI Name Table is not present
12-18 22:02:13.598   788 27403 V msm8974_platform: platform_get_backend_index:napb: backend port - 5 device - 120 
12-18 22:02:13.598   788 27403 I audio_hw_utils: Set Audio Stream Capture 0 App Type Cfg: app_type 69936, acdb_dev_id 62, sample_rate 48000, snd_device_be_idx -14
12-18 22:02:13.599   788 27403 D audio_hw_primary: enable_audio_route: usecase(9) apply and update mixer path: audio-record
12-18 22:02:13.599   788 27403 D audio_route: Apply path: audio-record
12-18 22:02:13.670 19624 19715 I MicroDetectionWorker: onReady
12-18 22:02:13.768  1456  1466 I zygote  : Background concurrent copying GC freed 53413(3MB) AllocSpace objects, 34(1192KB) LOS objects, 42% free, 29MB/51MB, paused 564us total 321.730ms
12-18 22:02:13.970  1456  7796 I OpenGLRenderer: Initialized EGL, version 1.4
12-18 22:02:13.970  1456  7796 D OpenGLRenderer: Swap behavior 2
12-18 22:02:14.003  2748  2917 W OpenGLRenderer: Incorrectly called buildLayer on View: ShortcutAndWidgetContainer, destroying layer...
12-18 22:02:14.127 27179 27251 I chatty  : uid=10596(org.mozilla.fenix.performancetest) expire 6 lines
12-18 22:02:14.170   808   808 I SFPerfTracer:      triggers: (rate: 49:48325) (compose: 0:5) (post: 0:12) (render: 0:9) (6:1167964 frames) (7:2077257)
12-18 22:02:14.171   808   808 D SFPerfTracer:        layers: (4:13) (NavigationBar#0 (0xb07df000): 0:266299) (StatusBar#0 (0xb07e3000): 0:895401) (com.android.systemui.ImageWallpaper#0 (0xb07e7000): 0:19254) (Sprite#0 (0xb0733000): 0:317)* (DimLayerController/Stack=0#0 (0xb075a000): 0:3501)* (Sprite#1 (0xb077c000): 0:195)* (com.android.launcher3/com.android.launcher3.CustomizationPanelLauncher#0 (0xb0763000): 0:38)- (com.android.launcher3/com.android.launcher3.CustomizationPanelLauncher#1 (0xb0771000): 0:9)- (Splash Screen org.mozilla.fenix.performancetest#0 (0xb0384000): 0:34)- (org.mozilla.fenix.performancetest/org.mozilla.fenix.IntentReceiverActivity#0 (0xb039b000): 0:6)- (org.mozilla.fenix.performancetest/org.mozilla.fenix.HomeActivity#0 (0xb0293000): 0:57)- (com.android.launcher3/com.android.launcher3.CustomizationPanelLauncher#0 (0xb0763000): 7:37)* (com.android.launcher3/com.android.launcher3.CustomizationPanelLauncher#1 (0xb0771000): 1:5) 
12-18 22:02:14.191  1456  4679 D ConnectivityService: requestNetwork for uid/pid:10596/27179 NetworkRequest [ TRACK_DEFAULT id=11333, [ Capabilities: INTERNET&NOT_RESTRICTED&TRUSTED&NOT_VPN] ]
12-18 22:02:14.192  1456  2099 D Ethernet: got request NetworkRequest [ TRACK_DEFAULT id=11333, [ Capabilities: INTERNET&NOT_RESTRICTED&TRUSTED&NOT_VPN] ] with score 60
12-18 22:02:14.192  1456  2054 D WIFI_UT : got request NetworkRequest [ TRACK_DEFAULT id=11333, [ Capabilities: INTERNET&NOT_RESTRICTED&TRUSTED&NOT_VPN] ] with score 60
12-18 22:02:14.192  1456  2054 D WIFI    : got request NetworkRequest [ TRACK_DEFAULT id=11333, [ Capabilities: INTERNET&NOT_RESTRICTED&TRUSTED&NOT_VPN] ] with score 60
12-18 22:02:14.193  2398  2398 D PhoneSwitcherNetworkRequstListener: got request NetworkRequest [ TRACK_DEFAULT id=11333, [ Capabilities: INTERNET&NOT_RESTRICTED&TRUSTED&NOT_VPN] ] with score 60
12-18 22:02:14.214 27179 27405 I chatty  : uid=10596(org.mozilla.fenix.performancetest) expire 9 lines
12-18 22:02:14.718 27179 27199 I chatty  : uid=10596(org.mozilla.fenix.performancetest) expire 1 line
12-18 22:02:14.727  1456  2067 D ConnectivityService: releasing NetworkRequest [ TRACK_DEFAULT id=11333, [ Capabilities: INTERNET&NOT_RESTRICTED&TRUSTED&NOT_VPN] ] (release request)
12-18 22:02:16.893  2398  2398 D QtiCarrierConfigHelper: WARNING, no carrier configs on phone Id: 0
12-18 22:02:18.584  1456  4679 I ActivityManager: Force stopping org.mozilla.fenix.performancetest appid=10596 user=0: from pid 27410
12-18 22:02:18.585  1456  4679 I ActivityManager: Killing 27179:org.mozilla.fenix.performancetest/u0a596 (adj 700): stop org.mozilla.fenix.performancetest
12-18 22:02:18.587  1456  1605 W zygote  : kill(-27179, 9) failed: No such process
12-18 22:02:18.588  1456  4679 W ActivityManager: Force removing ActivityRecord{142fc14 u0 org.mozilla.fenix.performancetest/org.mozilla.fenix.HomeActivity t10664}: app died, no saved state
12-18 22:02:18.588 27217 27217 I chatty  : uid=10596(org.mozilla.fenix.performancetest) expire 1 line
12-18 22:02:18.596  1456  4679 I ActivityManager: Killing 27217:org.mozilla.fenix.performancetest:tab/u0a596 (adj 0): stop org.mozilla.fenix.performancetest
12-18 22:02:18.602  1456  1605 W zygote  : kill(-27179, 9) failed: No such process
12-18 22:02:18.608  2398  2398 D CarrierSvcBindHelper: No carrier app for: 0
12-18 22:02:18.609  2398  2398 D CarrierSvcBindHelper: No carrier app for: 1
12-18 22:02:18.617  1456  1605 W zygote  : kill(-27179, 9) failed: No such process
12-18 22:02:18.663  1456  1605 I chatty  : uid=1000(system) ActivityManager identical 3 lines
12-18 22:02:18.666  1456  1673 W ActivityManager: setHasOverlayUi called on unknown pid: 27179
12-18 22:02:18.678  1456  1605 W zygote  : kill(-27179, 9) failed: No such process
12-18 22:02:18.678  1456  1605 I zygote  : Successfully killed process cgroup uid 10596 pid 27179 in 91ms
12-18 22:02:18.679  1456  1605 W zygote  : kill(-27217, 9) failed: No such process
12-18 22:02:18.679  1456  1605 I zygote  : Successfully killed process cgroup uid 10596 pid 27217 in 0ms
12-18 22:02:18.707  1456  5027 I ActivityManager: START u0 {act=android.intent.action.VIEW dat=about:blank typ=text/html flg=0x10000000 cmp=org.mozilla.fenix.performancetest/org.mozilla.fenix.IntentReceiverActivity} from uid 2000
12-18 22:02:18.708   794   839 E ANDR-PERF-RESOURCEQS: Failed to apply optimization [4, 0]
12-18 22:02:18.728  1456  2402 I ActivityManager: Start proc 27418:org.mozilla.fenix.performancetest/u0a596 for activity org.mozilla.fenix.performancetest/org.mozilla.fenix.IntentReceiverActivity
12-18 22:02:18.733 27418 27418 I chatty  : uid=10596(org.mozilla.fenix.performancetest) expire 6 lines
12-18 22:02:18.826 19624 19715 I MicroDetectionState: Should stop hotword detection immediately - false
12-18 22:02:18.826 19624 19715 I MicroDetector: Keeping mic open: false
12-18 22:02:18.826 19624 19715 I RecognitionAudioControl: #shutdownAudio [requestId: -1389121805766327330, keepAudioOpen: false, forced: true]
12-18 22:02:18.826 19624  6582 E DeviceStateChecker: DeviceStateChecker cancelled
12-18 22:02:18.826 19624 19715 I RecognitionAudioControl: #internalShutdownAudio [requestId: -1389121805766327330]
12-18 22:02:18.826 19624 19715 I RecognitionAudioControl: #internalShutdownAudio [keepAudioOpen: false, forced: true]
12-18 22:02:18.826 19624 19715 I RecognitionAudioControl: #actualShutdownAudio
12-18 22:02:18.826 19624 19715 I AudioController: #shutdown [requestId=-1389121805766327330]
12-18 22:02:18.826 19624  5988 I AudioController: internalShutdown
12-18 22:02:18.827 19624  5989 I MicroRecognitionRunner: Stopping hotword detection.
12-18 22:02:18.869   788   788 D audio_hw_primary: disable_audio_route: usecase(9) reset and update mixer path: audio-record
12-18 22:02:18.870   788   788 D audio_hw_primary: disable_snd_device: snd_device(120: voice-rec-mic)
12-18 22:02:18.872  1012  1301 D APM_AudioPolicyManager: stopInput() input 35798, session 35833
12-18 22:02:18.872   788  1479 D audio_hw_primary: in_set_parameters: enter: kvpairs=routing=0
12-18 22:02:18.874 19624  5988 I MicrophoneInputStream: mic_close  SR : 16000 CC : 16 SO : 1999
12-18 22:02:18.874 19624  5988 E AudioSource: Stop listening is called on already closed AudioSource
12-18 22:02:18.876 19624 27444 I MicroRecognitionRunner: Detection finished
12-18 22:02:18.968 27418 27435 I chatty  : uid=10596(org.mozilla.fenix.performancetest) expire 13 lines
12-18 22:02:19.177 27418 27418 I chatty  : uid=10596(org.mozilla.fenix.performancetest) expire 64 lines
12-18 22:02:19.178 27418 27450 I chatty  : uid=10596(org.mozilla.fenix.performancetest) expire 122 lines
12-18 22:02:19.212   808   898 I SFPerfTracer:      triggers: (rate: 0:0) (0 sw vsyncs) (0 skipped) (20:1023301 vsyncs) (22:2098945)
12-18 22:02:19.314 27418 27457 I chatty  : uid=10596(org.mozilla.fenix.performancetest) expire 10 lines
12-18 22:02:19.319  1456  5050 I ActivityManager: Start proc 27458:org.mozilla.fenix.performancetest:tab/u0a596 for service org.mozilla.fenix.performancetest/org.mozilla.gecko.process.GeckoServiceChildProcess$tab
12-18 22:02:19.323 27458 27458 I chatty  : uid=10596(org.mozilla.fenix.performancetest) expire 2 lines
12-18 22:02:19.471 27418 27482 I chatty  : uid=10596(org.mozilla.fenix.performancetest) expire 9 lines
12-18 22:02:19.495 27458 27483 I chatty  : uid=10596(org.mozilla.fenix.performancetest) expire 30 lines
12-18 22:02:19.601 27418 27423 I chatty  : uid=10596(org.mozilla.fenix.performancetest) expire 11 lines
12-18 22:02:20.059  1456  2915 I ActivityManager: START u0 {act=android.intent.action.VIEW dat=about:blank typ=text/html flg=0x10000000 cmp=org.mozilla.fenix.performancetest/org.mozilla.fenix.HomeActivity (has extras)} from uid 10596
12-18 22:02:20.078  1456  2915 I WifiService: getDhcpInfo uid=10596
