--------- beginning of system
09-30 21:43:17.813  1456  1601 I ActivityManager: Force stopping org.mozilla.fenix.nightly appid=10291 user=-1: deletePackageX
--------- beginning of main
09-30 21:43:17.995  1017  1017 I keystore: clear_uid 10291
09-30 21:43:18.377  1456  1723 I zygote  : Explicit concurrent copying GC freed 58887(2MB) AllocSpace objects, 8(352KB) LOS objects, 42% free, 18MB/32MB, paused 255us total 380.838ms
09-30 21:43:18.459  1456  1723 I ActivityManager: Force stopping org.mozilla.fenix.nightly appid=10291 user=0: pkg removed
09-30 21:43:18.465  1456  1723 D KernelUidCpuTimeReader: Removing uids 10291-10291
09-30 21:43:18.486  1456  1601 W BroadcastQueue: Background execution not allowed: receiving Intent { act=android.intent.action.PACKAGE_REMOVED dat=package:org.mozilla.fenix.nightly flg=0x4000010 (has extras) } to com.android.vending/com.google.android.finsky.packagemanager.impl.PackageMonitorReceiverImpl$RegisteredReceiver
09-30 21:43:18.489  1456  1601 W BroadcastQueue: Background execution not allowed: receiving Intent { act=android.intent.action.PACKAGE_REMOVED dat=package:org.mozilla.fenix.nightly flg=0x4000010 (has extras) } to com.android.vending/com.google.android.finsky.instantapps.appmanagement.InstantAppRemoveMonitor
09-30 21:43:18.496  7883 15288 W TileUtils: Found com.android.settings.backup.BackupSettingsActivity for intent Intent { act=com.android.settings.action.SETTINGS pkg=com.android.settings } missing metadata com.android.settings.category
09-30 21:43:18.498  1456  1601 W BroadcastQueue: Background execution not allowed: receiving Intent { act=android.intent.action.PACKAGE_REMOVED dat=package:org.mozilla.fenix.nightly flg=0x4000010 (has extras) } to com.google.android.gms/.games.chimera.GamesSystemBroadcastReceiverProxy
09-30 21:43:18.498  1456  1601 W BroadcastQueue: Background execution not allowed: receiving Intent { act=android.intent.action.PACKAGE_REMOVED dat=package:org.mozilla.fenix.nightly flg=0x4000010 (has extras) } to com.google.android.gms/.chimera.GmsIntentOperationService$PersistentTrustedReceiver
09-30 21:43:18.503  1456  1601 W BroadcastQueue: Background execution not allowed: receiving Intent { act=android.intent.action.PACKAGE_REMOVED dat=package:org.mozilla.fenix.nightly flg=0x4000010 (has extras) } to com.google.android.googlequicksearchbox/com.google.android.apps.gsa.googlequicksearchbox.GelStubAppWatcher
09-30 21:43:18.506 12455 12455 I GeofencerStateMachine: removeGeofences: removeRequest=RemoveGeofencingRequest[REMOVE_ALL packageName=org.mozilla.fenix.nightly]
09-30 21:43:18.511  1456  1942 I InputReader: Reconfiguring input devices.  changes=0x00000010
09-30 21:43:18.525  1456  1601 I ActivityManager: Start proc 15491:com.android.chrome/u0a85 for broadcast com.android.chrome/org.chromium.chrome.browser.browserservices.ClientAppBroadcastReceiver
09-30 21:43:18.528  2398  2398 D CarrierSvcBindHelper: No carrier app for: 0
09-30 21:43:18.529  2398  2398 D CarrierSvcBindHelper: No carrier app for: 1
09-30 21:43:18.549  2398  2398 E VvmPkgInstalledRcvr: cannot create TelephonyManager from ComponentInfo{com.android.phone/com.android.services.telephony.TelephonyConnectionService}, [****], UserHandle{0}
09-30 21:43:18.551  1456  1456 I ActivityManager: Start proc 15499:com.android.keychain/1000 for service com.android.keychain/.KeyChainService
09-30 21:43:18.568  2748  2773 I zygote  : Background concurrent copying GC freed 19097(925KB) AllocSpace objects, 6(348KB) LOS objects, 49% free, 3MB/7MB, paused 201us total 106.751ms
09-30 21:43:18.578  1456  1456 W ResourceType: ResTable_typeSpec entry count inconsistent: given 545, previously 544
09-30 21:43:18.578  1456  1456 W ResourceType: ResTable_typeSpec entry count inconsistent: given 378, previously 1461
09-30 21:43:18.578  1456  1456 W ResourceType: ResTable_typeSpec entry count inconsistent: given 215, previously 1172
09-30 21:43:18.591  1456  1600 W ResourceType: ResTable_typeSpec entry count inconsistent: given 32, previously 38
09-30 21:43:18.592  1456  1600 W ResourceType: ResTable_typeSpec entry count inconsistent: given 2172, previously 2169
09-30 21:43:18.592  1456  1600 W ResourceType: ResTable_typeSpec entry count inconsistent: given 268, previously 1517
09-30 21:43:18.610  1456  1456 I ConditionProviders: Disallowing condition provider org.mozilla.fenix.nightly
09-30 21:43:18.657 15499 15499 I zygote  : The ClassLoaderContext is a special shared library.
09-30 21:43:18.681 12500  9188 I ContentMaintenance: Internal cache bytes used: 0; limit: 100000000; download size: 0
09-30 21:43:18.687 12500 13430 I Icing   : doRemovePackageData org.mozilla.fenix.nightly
09-30 21:43:18.741 12500  9188 I RealtimeCacheCleanup: Beginning Realtime garbage collection.
09-30 21:43:18.751 12500  9188 I RealtimeCacheCleanup: Finished Realtime garbage collection.
09-30 21:43:18.772 12500 12610 I Icing   : IndexChimeraService.getServiceInterface callingPackage=com.google.android.gms componentName=AppsCorpus serviceId=36
09-30 21:43:18.790 12500 13430 W Icing   : No valid account for uploading user actions: addq: Not signed in
09-30 21:43:18.819  1456  3927 I ActivityManager: Start proc 15550:com.android.documentsui/u0a30 for broadcast com.android.documentsui/.PackageReceiver
09-30 21:43:18.913 12500 13430 I Icing   : Usage reports ok 1, Failed Usage reports 0, indexed 0, rejected 0
09-30 21:43:18.917 15550 15550 I zygote  : The ClassLoaderContext is a special shared library.
09-30 21:43:19.054  1456 10962 I ActivityManager: Start proc 15567:com.google.android.apps.docs/u0a90 for content provider com.google.android.apps.docs/.storagebackend.StorageBackendContentProvider
09-30 21:43:19.091 14312 14312 I Finsky  : [2] ptk.a(7): PackageMonitor received: android.intent.action.PACKAGE_FULLY_REMOVED
09-30 21:43:19.092 14312 14312 I Finsky  : [2] pum.d(11): Invalidating cached PackageState for org.mozilla.fenix.nightly
09-30 21:43:19.095 14312 14312 I Finsky  : [2] zhq.a(10): Do not start WearSupportService due to Wear service optimization
09-30 21:43:19.096 14312 14312 I Finsky  : [2] zhq.a(10): Do not start WearSupportService due to Wear service optimization
09-30 21:43:19.100 14312 14312 I Finsky  : [2] tqt.a(1): Clearing split related stale data.
09-30 21:43:19.105 14312 14312 I Finsky  : [2] pum.j(2): Package no longer installed: org.mozilla.fenix.nightly
09-30 21:43:19.107 14312 15581 I Finsky  : [13430] mmi.run(2): Cleaning dev-triggered-update data on package uninstall for org.mozilla.fenix.nightly.
09-30 21:43:19.120 14312 14312 I Finsky  : [2] lxn.b(11): Installer: package org.mozilla.fenix.nightly was removed. replacing: false
09-30 21:43:19.123 14312 14312 I Finsky  : [2] lxn.a(68): Installer: Notifying status update. package=org.mozilla.fenix.nightly, status=UNINSTALLED
09-30 21:43:19.124 14312 15586 I Finsky  : [13434] mmj.run(2): Finished dev-triggered-update cleaning.
09-30 21:43:19.127 14312 14312 I zygote  : Deoptimizing void j$.util.Iterator$$CC.forEachRemaining$$dflt$$(java.util.Iterator, j$.util.function.Consumer) due to JIT inline cache
09-30 21:43:19.164 14312 14312 I Finsky  : [2] lxn.a(220): Installer: found apps to install. isMultiUserMode=false, apps=[]
09-30 21:43:19.199 14312 15585 I Finsky  : [13433] pkj.run(16): Frosting DB delete succeeded: true
09-30 21:43:19.206 14312 14404 I Finsky  : [13406] mic.b(40): IQ: Notifying installation update. package=org.mozilla.fenix.nightly, status=UNINSTALLED
09-30 21:43:19.217 14312 14404 I zygote  : Deoptimizing void gst.a(java.lang.String, java.lang.String, java.util.Collection, boolean) due to JIT inline cache
09-30 21:43:19.260 14312 14312 I Finsky  : [2] sjp.a(8): Jobs in database: 1-1337 3-529 3-530 12-1 24-77777777 26-1414141414 
09-30 21:43:19.272 14312 14312 I Finsky  : [2] sfl.a(59): ConstraintMapping: 24-77777777,  -> L: 0ms, D: 56869381ms, C: false, I: true, N: 0
09-30 21:43:19.273 14312 14312 I Finsky  : [2] sfl.a(59): ConstraintMapping: 1-1337, 12-1,  -> L: 14863ms, D: 60459080ms, C: false, I: false, N: 1
09-30 21:43:19.274 14312 14312 I Finsky  : [2] sfl.a(59): ConstraintMapping: 3-530,  -> L: 0ms, D: 86338092ms, C: false, I: true, N: 2
09-30 21:43:19.275 14312 14312 I Finsky  : [2] sfl.a(59): ConstraintMapping: 3-529,  -> L: 0ms, D: 86338073ms, C: true, I: true, N: 2
09-30 21:43:19.276 14312 14312 I Finsky  : [2] sfl.a(59): ConstraintMapping: 26-1414141414,  -> L: 22773955ms, D: 23673955ms, C: false, I: false, N: 0
09-30 21:43:19.284 14312 14404 I Finsky  : [13406] mic.b(26): IQ: No matching installs to run for jobs: []
09-30 21:43:19.295 14312 14312 I Finsky  : [2] shz.a(37): Cancelling existing jobscheduler jobs: 9000 9009 9001 9002 9006 
09-30 21:43:19.296 14312 14312 I Finsky  : [2] shz.a(13): Throttling wakeup for job 9003 (expected to run in 0 ms) due to recent wakeup
09-30 21:43:19.297 14312 14312 I Finsky  : [2] shz.a(30): Scheduling job Id: 9003, L: 30000, D: 56869381, C: false, I: true, N: 0
09-30 21:43:19.299 14312 14312 I Finsky  : [2] shz.a(13): Throttling wakeup for job 9004 (expected to run in 14863 ms) due to recent wakeup
09-30 21:43:19.300 14312 14312 I Finsky  : [2] shz.a(30): Scheduling job Id: 9004, L: 30000, D: 60459080, C: false, I: false, N: 1
09-30 21:43:19.302 14312 14312 I Finsky  : [2] shz.a(13): Throttling wakeup for job 9005 (expected to run in 0 ms) due to recent wakeup
09-30 21:43:19.303 14312 14312 I Finsky  : [2] shz.a(30): Scheduling job Id: 9005, L: 30000, D: 86338092, C: false, I: true, N: 2
09-30 21:43:19.305 14312 14312 I Finsky  : [2] shz.a(13): Throttling wakeup for job 9007 (expected to run in 0 ms) due to recent wakeup
09-30 21:43:19.306 14312 14312 I Finsky  : [2] shz.a(30): Scheduling job Id: 9007, L: 30000, D: 86338073, C: true, I: true, N: 2
09-30 21:43:19.308 14312 14312 I Finsky  : [2] shz.a(30): Scheduling job Id: 9008, L: 22773955, D: 23673955, C: false, I: false, N: 0
09-30 21:43:19.449 15567 15600 I GAv4    : Google Analytics 19.4.66 is starting up. To enable debug logging on a device run:
09-30 21:43:19.449 15567 15600 I GAv4    :   adb shell setprop log.tag.GAv4 DEBUG
09-30 21:43:19.449 15567 15600 I GAv4    :   adb logcat -s GAv4
09-30 21:43:19.496 15567 15603 W GAv4    : CampaignTrackingReceiver is not registered, not exported or is disabled. Installation campaign tracking is not possible. See http://goo.gl/8Rd3yj for instructions.
09-30 21:43:19.572 15567 15567 W PrimesInit: Primes instant initialization
09-30 21:43:19.585 15567 15606 W Primes  : background initialization
09-30 21:43:19.660 15567 15567 W FieldDefinition: [main] Ignoring isIndexed constraint as field also has uniqueness constraint (on just this field, and therefore SQLite will have to create an index on that. For field: cqs$a@42af0fa
09-30 21:43:19.800 12455 12455 W ChimeraUtils: Non Chimera context
09-30 21:43:19.800 12455 12455 W ChimeraUtils: Non Chimera context
09-30 21:43:19.886 15567 15567 W ComponentDiscovery: Application info not found.
09-30 21:43:19.887 15567 15567 W ComponentDiscovery: Could not retrieve metadata, returning empty list of registrars.
09-30 21:43:19.917 12500 13430 I Icing   : Indexing com.google.android.gms-apps from com.google.android.gms
09-30 21:43:19.931 12500 13430 I Icing   : Indexing com.google.android.gms-internal.3p:MobileApplication from com.google.android.gms
09-30 21:43:19.952 12500 13430 I Icing   : Indexing done com.google.android.gms-apps
09-30 21:43:19.955 12500 13430 I Icing   : Indexing com.google.android.gms-internal.3p:DigitalDocument from com.google.android.gms
09-30 21:43:19.976 12500 13430 I Icing   : Indexing done com.google.android.gms-internal.3p:MobileApplication
09-30 21:43:19.982 12500 13430 I Icing   : Indexing done com.google.android.gms-internal.3p:DigitalDocument
09-30 21:43:19.983 12455 12455 W ChimeraUtils: Non Chimera context
09-30 21:43:19.983 12455 12455 W ChimeraUtils: Non Chimera context
09-30 21:43:19.992 15550 15564 I ProvidersCache: Provider returned no roots. Possibly naughty: com.google.android.apps.docs.storage
09-30 21:43:20.004 15550 15621 I ProvidersCache: Provider returned no roots. Possibly naughty: com.google.android.apps.docs.storage
09-30 21:43:20.192 12455 12466 I zygote  : Background concurrent copying GC freed 103045(5MB) AllocSpace objects, 14(448KB) LOS objects, 49% free, 7MB/14MB, paused 286us total 125.294ms
09-30 21:43:22.569 15567 15607 W DynamiteModule: Local module descriptor class for providerinstaller not found.
09-30 21:43:22.576 15567 15607 W ProviderInstaller: Failed to load providerinstaller module: No acceptable module found. Local version is 0 and remote version is 0.
09-30 21:43:22.590 15567 15607 I zygote  : The ClassLoaderContext is a special shared library.
09-30 21:43:22.592 15567 15607 I zygote  : The ClassLoaderContext is a special shared library.
09-30 21:43:22.615 15567 15607 V NativeCrypto: Registering com/google/android/gms/org/conscrypt/NativeCrypto's 284 native methods...
09-30 21:43:22.646 15567 15607 D NetworkSecurityConfig: Using Network Security Config from resource network_security_config debugBuild: false
09-30 21:43:22.649 15567 15607 I ProviderInstaller: Installed default security provider GmsCore_OpenSSL
09-30 21:43:23.380  1456  1466 I zygote  : Background concurrent copying GC freed 94928(7MB) AllocSpace objects, 53(4MB) LOS objects, 42% free, 21MB/37MB, paused 300us total 293.300ms
09-30 21:43:24.125 15567 15587 I zygote  : Waiting for a blocking GC ProfileSaver
09-30 21:43:24.154 15567 15587 I zygote  : WaitForGcToComplete blocked ProfileSaver on HeapTrim for 28.954ms
09-30 21:43:26.505  2398  2398 D QtiCarrierConfigHelper: WARNING, no carrier configs on phone Id: 0
09-30 21:43:26.539   808   808 I SFPerfTracer:      triggers: (rate: 4:4929) (compose: 0:0) (post: 0:0) (render: 0:1) (0:126804 frames) (1:322925)
09-30 21:43:26.540   808   808 D SFPerfTracer:        layers: (3:11) (NavigationBar#0 (0xb07df000): 0:1072) (StatusBar#0 (0xb07e3000): 0:194066) (com.android.systemui.ImageWallpaper#0 (0xb07e7000): 0:76)* (Sprite#0 (0xb0733000): 0:317)* (DimLayerController/Stack=0#0 (0xb075a000): 0:165)* (animation background stackId=1#0 (0xb0771000): 0:4)* (Sprite#1 (0xb077c000): 0:195)* (com.android.settings/com.android.settings.Settings$DevelopmentSettingsActivity#0 (0xb0763000): 0:7)- (Splash Screen org.mozilla.fenix.nightly#0 (0xb075d000): 0:31)- (org.mozilla.fenix.nightly/org.mozilla.fenix.HomeActivity#0 (0xb03a4000): 0:30)- (com.android.settings/com.android.settings.Settings$DevelopmentSettingsActivity#0 (0xb0763000): 0:33) 
09-30 21:43:26.962 14312 14312 I Finsky  : [2] xyb.a(5): Verification requested, id = 173
09-30 21:43:26.970 14312 14312 E Finsky  : [2] yls.b(2): Package name null is not an installed package
09-30 21:43:26.976 14312 14355 I Finsky  : [13377] yaf.a(9): Single user settings service is not running, bind it now
09-30 21:43:26.982 14312 14312 I Finsky  : [2] yae.onServiceConnected(1): Single user settings service is connected
09-30 21:43:26.990 14312 14355 W Settings: Setting install_non_market_apps has moved from android.provider.Settings.Global to android.provider.Settings.Secure, returning read-only value.
09-30 21:43:28.920  1456  1893 D BatteryService: uevent={POWER_SUPPLY_VOLTAGE_NOW=4341405, POWER_SUPPLY_CHARGE_RATE=Normal, POWER_SUPPLY_HEALTH=Good, POWER_SUPPLY_CURRENT_NOW=152, POWER_SUPPLY_PRESENT=1, SUBSYSTEM=power_supply, POWER_SUPPLY_TEMP=285, SEQNUM=67573, ACTION=change, POWER_SUPPLY_NAME=battery, POWER_SUPPLY_STATUS=Full, POWER_SUPPLY_CHARGE_COUNTER=2833057, POWER_SUPPLY_CAPACITY=100, DEVPATH=/devices/soc/qpnp-smbcharger-17/power_supply/battery}
09-30 21:43:28.928  2398  2398 D QtiCarrierConfigHelper: WARNING, no carrier configs on phone Id: 0
09-30 21:43:30.564 14312 15634 I zygote  : Deoptimizing void akqv.run() due to JIT inline cache
09-30 21:43:30.570 14312 14355 I Finsky  : [13377] khh.a(3): Task 7 requested foreground
09-30 21:43:30.573 14312 14355 I Finsky  : [13377] khh.a(17): Not entering foreground
09-30 21:43:30.756 14312 14335 I Finsky  : [13362] ygl.b(3): Verify: Verification package=org.mozilla.fenix.nightly, id=173 response=0
09-30 21:43:30.764 14312 14355 I Finsky  : [13377] yls.b(4): PSIC verification started with installer uid: 2000 package name: null, originating uid: -1
09-30 21:43:30.769 14312 14312 I Finsky  : [2] yhm.c(8): Verifying id=173, result=1
09-30 21:43:30.773 14312 14312 I Finsky  : [2] yhm.h(6): Verification complete: id=173, package_name=org.mozilla.fenix.nightly
09-30 21:43:31.457  1456  1723 I PackageManager.DexOptimizer: Running dexopt (dexoptNeeded=1) on: /data/app/org.mozilla.fenix.nightly-THloPKsoGCpzVhlIVyMHvA==/base.apk pkg=org.mozilla.fenix.nightly isa=arm dexoptFlags=boot_complete,public target-filter=quicken oatDir=/data/app/org.mozilla.fenix.nightly-THloPKsoGCpzVhlIVyMHvA==/oat sharedLibraries=PCL[]
09-30 21:43:31.510 15637 15637 I dex2oat : /system/bin/dex2oat --input-vdex-fd=-1 --output-vdex-fd=11 --compiler-filter=quicken --classpath-dir=/data/app/org.mozilla.fenix.nightly-THloPKsoGCpzVhlIVyMHvA== --class-loader-context=PCL[]
09-30 21:43:31.517 15637 15637 W dex2oat : Could not reserve sentinel fault page
09-30 21:43:35.130 15637 15637 I dex2oat : dex2oat took 3.622s (15.773s cpu) (threads: 8) arena alloc=34KB (35832B) java alloc=6MB (6873824B) native alloc=8MB (9214680B) free=2MB (2319656B)
09-30 21:43:35.165  1016  1199 E         : Couldn't opendir /data/app/vmdl639004332.tmp: No such file or directory
09-30 21:43:35.165  1016  1199 E installd: Failed to delete /data/app/vmdl639004332.tmp: No such file or directory
09-30 21:43:35.183  2360  2360 D MayaFrameworkProxyService: receive intent :Intent { act=android.intent.action.PACKAGE_ADDED dat=package:org.mozilla.fenix.nightly flg=0x4000010 (has extras) }
09-30 21:43:35.190 14312 14312 I Finsky  : [2] ptk.a(7): PackageMonitor received: android.intent.action.PACKAGE_ADDED
09-30 21:43:35.191  1456  4679 W BroadcastQueue: Background execution not allowed: receiving Intent { act=android.intent.action.PACKAGE_ADDED dat=package:org.mozilla.fenix.nightly flg=0x4000010 (has extras) } to com.android.vending/com.google.android.finsky.packagemanager.impl.PackageMonitorReceiverImpl$RegisteredReceiver
09-30 21:43:35.199 14312 14312 I Finsky  : [2] pum.d(11): Invalidating cached PackageState for org.mozilla.fenix.nightly
09-30 21:43:35.211 14312 14312 I Finsky  : [2] zhq.a(10): Do not start WearSupportService due to Wear service optimization
09-30 21:43:35.213 14312 14312 I Finsky  : [2] zhq.a(10): Do not start WearSupportService due to Wear service optimization
09-30 21:43:35.214 14312 15581 I Finsky  : [13430] mmh.run(2): Cleaning dev-triggered-update data on package install for org.mozilla.fenix.nightly.
09-30 21:43:35.214 14312 14312 I Finsky  : [2] tqt.a(1): Clearing split related stale data.
09-30 21:43:35.228 14312 15586 I Finsky  : [13434] mmj.run(2): Finished dev-triggered-update cleaning.
09-30 21:43:35.240  1456  1456 W ResourceType: ResTable_typeSpec entry count inconsistent: given 545, previously 544
09-30 21:43:35.241  1456  1456 W ResourceType: ResTable_typeSpec entry count inconsistent: given 378, previously 1461
09-30 21:43:35.241  1456  1456 W ResourceType: ResTable_typeSpec entry count inconsistent: given 215, previously 1172
09-30 21:43:35.241 14312 14312 I Finsky  : [2] pkk.c(2): Frosting ID looked up on UI thread. Caller should move to a background thread.
09-30 21:43:35.255  1456  1601 W BroadcastQueue: Background execution not allowed: receiving Intent { act=android.intent.action.PACKAGE_ADDED dat=package:org.mozilla.fenix.nightly flg=0x4000010 (has extras) } to com.google.android.gms/.games.chimera.GamesSystemBroadcastReceiverProxy
09-30 21:43:35.255  1456  1601 W BroadcastQueue: Background execution not allowed: receiving Intent { act=android.intent.action.PACKAGE_ADDED dat=package:org.mozilla.fenix.nightly flg=0x4000010 (has extras) } to com.google.android.gms/.gass.chimera.PackageChangeBroadcastReceiver
09-30 21:43:35.255  1456  1601 W BroadcastQueue: Background execution not allowed: receiving Intent { act=android.intent.action.PACKAGE_ADDED dat=package:org.mozilla.fenix.nightly flg=0x4000010 (has extras) } to com.google.android.gms/.chimera.GmsIntentOperationService$PersistentTrustedReceiver
09-30 21:43:35.265  1456  1601 W BroadcastQueue: Background execution not allowed: receiving Intent { act=android.intent.action.PACKAGE_ADDED dat=package:org.mozilla.fenix.nightly flg=0x4000010 (has extras) } to com.google.android.googlequicksearchbox/com.google.android.apps.gsa.googlequicksearchbox.GelStubAppWatcher
09-30 21:43:35.265 14312 15585 I Finsky  : [13433] pkg.run(16): Wrote row to frosting DB: 990
09-30 21:43:35.266  1456  1601 W BroadcastQueue: Background execution not allowed: receiving Intent { act=android.intent.action.PACKAGE_ADDED dat=package:org.mozilla.fenix.nightly flg=0x4000010 (has extras) } to com.google.android.ims/.receivers.RcsAutoStartReceiver
09-30 21:43:35.268  7883 15647 W TileUtils: Found com.android.settings.backup.BackupSettingsActivity for intent Intent { act=com.android.settings.action.SETTINGS pkg=com.android.settings } missing metadata com.android.settings.category
09-30 21:43:35.279 12455 15657 W GCM     : Unexpected forwarded intent: Intent { act=android.intent.action.PACKAGE_ADDED dat=package:org.mozilla.fenix.nightly flg=0x4000010 cmp=com.google.android.gms/.chimera.PersistentIntentOperationService (has extras) }
09-30 21:43:35.282 12455 15657 W GCM     : Unexpected forwarded intent: Intent { act=android.intent.action.PACKAGE_ADDED dat=package:org.mozilla.fenix.nightly flg=0x4000010 cmp=com.google.android.gms/.chimera.PersistentIntentOperationService (has extras) }
09-30 21:43:35.294  2398  2398 D CarrierSvcBindHelper: No carrier app for: 0
09-30 21:43:35.295  2398  2398 D CarrierSvcBindHelper: No carrier app for: 1
09-30 21:43:35.303  2398  2398 E VvmPkgInstalledRcvr: cannot create TelephonyManager from ComponentInfo{com.android.phone/com.android.services.telephony.TelephonyConnectionService}, [****], UserHandle{0}
09-30 21:43:35.303  2398  2398 D ImsResolver: maybeAddedImsService, packageName: org.mozilla.fenix.nightly
09-30 21:43:35.304  2398  2398 D CarrierConfigLoader: mHandler: 9 phoneId: 0
09-30 21:43:35.312  1456  1600 W ResourceType: No known package when getting value for resource number 0x7f080120
09-30 21:43:35.312  1456  1600 W ResourceType: No known package when getting value for resource number 0x7f1200e0
09-30 21:43:35.312  1456  1600 W ResourceType: No known package when getting value for resource number 0x7f1200e0
09-30 21:43:35.312  1456  1600 W ResourceType: No known package when getting value for resource number 0x7f08011e
09-30 21:43:35.312  1456  1600 W ResourceType: No known package when getting value for resource number 0x7f1200de
09-30 21:43:35.312  1456  1600 W ResourceType: No known package when getting value for resource number 0x7f1200de
09-30 21:43:35.314 15550 15649 I ProvidersCache: Provider returned no roots. Possibly naughty: com.google.android.apps.docs.storage
09-30 21:43:35.327 12500 15656 I Auth    : [SupervisedAccountIntentOperation] onHandleIntent(): android.intent.action.PACKAGE_ADDED
09-30 21:43:35.330  1456  1942 I InputReader: Reconfiguring input devices.  changes=0x00000010
09-30 21:43:35.335 12500 15662 I ChromeSync: [Sync,SyncIntentOperation] Handling the intent: Intent { act=android.intent.action.PACKAGE_ADDED dat=package:org.mozilla.fenix.nightly flg=0x4000010 cmp=com.google.android.gms/.chimera.GmsIntentOperationService (has extras) }.
09-30 21:43:35.343  1456 10366 I ActivityManager: START u0 {act=android.intent.action.VIEW dat=about:blank typ=text/html flg=0x10000000 cmp=org.mozilla.fenix.nightly/org.mozilla.fenix.IntentReceiverActivity} from uid 2000
09-30 21:43:35.344   794   839 E ANDR-PERF-RESOURCEQS: Failed to apply optimization [4, 0]
09-30 21:43:35.386  1456  1600 W ResourceType: ResTable_typeSpec entry count inconsistent: given 32, previously 38
09-30 21:43:35.388  1456  1600 W ResourceType: ResTable_typeSpec entry count inconsistent: given 2172, previously 2169
09-30 21:43:35.388  1456  1600 W ResourceType: ResTable_typeSpec entry count inconsistent: given 268, previously 1517
09-30 21:43:35.443  1456 10962 I ActivityManager: Start proc 15667:org.mozilla.fenix.nightly/u0a292 for activity org.mozilla.fenix.nightly/org.mozilla.fenix.IntentReceiverActivity
09-30 21:43:35.451  1456  1456 I TelecomService: DefaultDialerCache: Refreshing default dialer for user 0: now com.android.dialer: DDC.oR@Cu4
09-30 21:43:35.534  1456  2196 W ActivityManager: Slow operation: 59ms so far, now at attachApplicationLocked: after mServices.attachApplicationLocked
09-30 21:43:35.540  1456  1466 I zygote  : Background concurrent copying GC freed 99149(5MB) AllocSpace objects, 40(1824KB) LOS objects, 42% free, 23MB/40MB, paused 407us total 376.207ms
09-30 21:43:35.556 12500 12611 I Icing   : IndexChimeraService.getServiceInterface callingPackage=com.google.android.gms componentName=AppsCorpus serviceId=36
09-30 21:43:35.577 12500 15543 W Icing   : No valid account for uploading user actions: addq: Not signed in
09-30 21:43:35.591 15667 15667 D FirebaseApp: Default FirebaseApp failed to initialize because no default options were found. This usually means that com.google.gms:google-services was not applied to your gradle project.
09-30 21:43:35.591 15667 15667 I FirebaseInitProvider: FirebaseApp initialization unsuccessful
09-30 21:43:35.633 15667 15667 W System.err: SLF4J: Failed to load class "org.slf4j.impl.StaticLoggerBinder".
09-30 21:43:35.633 15667 15667 W System.err: SLF4J: Defaulting to no-operation (NOP) logger implementation
09-30 21:43:35.633 15667 15667 W System.err: SLF4J: See http://www.slf4j.org/codes.html#StaticLoggerBinder for further details.
09-30 21:43:35.634 15667 15667 D io.sentry.android.AndroidSentryClientFactory: Construction of Android Sentry.
09-30 21:43:35.648 15667 15667 D RustNativeSupport: findMegazordLibraryName(viaduct, 0.40.0
09-30 21:43:35.648 15667 15667 D RustNativeSupport: lib in use: none
09-30 21:43:35.648 15667 15667 D RustNativeSupport: lib configured: fenix
09-30 21:43:35.648 15667 15667 D RustNativeSupport: lib version configured: 0.40.0
09-30 21:43:35.648 15667 15667 D RustNativeSupport: settled on fenix
09-30 21:43:35.656 12500 15543 I Icing   : Usage reports ok 1, Failed Usage reports 0, indexed 0, rejected 0
09-30 21:43:35.682 15667 15667 D RustNativeSupport: findMegazordLibraryName(rustlog, 0.40.0
09-30 21:43:35.682 15667 15667 D RustNativeSupport: lib in use: none
09-30 21:43:35.682 15667 15667 D RustNativeSupport: lib configured: fenix
09-30 21:43:35.682 15667 15667 D RustNativeSupport: lib version configured: 0.40.0
09-30 21:43:35.682 15667 15667 D RustNativeSupport: settled on fenix
09-30 21:43:35.685 15667 15667 I rc_log_ffi::ios: rc_log adapter initialized!
09-30 21:43:35.706 15667 15667 D GeckoThread: State changed to LAUNCHED
09-30 21:43:35.707 15667 15688 I GeckoThread: preparing to run Gecko
09-30 21:43:35.712 15667 15667 D GeckoRuntime: Lifecycle: onCreate
09-30 21:43:35.714 15667 15688 D GeckoThread: State changed to MOZGLUE_READY
09-30 21:43:35.722  1456 10962 D VoldConnector: SND -> {121 volume mkdirs /storage/emulated/0/Android/data/org.mozilla.fenix.nightly/files/Download/}
09-30 21:43:35.724  1456  1977 D VoldConnector: RCV <- {200 121 Command succeeded}
09-30 21:43:35.736 15667 15688 W Settings: Setting animator_duration_scale has moved from android.provider.Settings.System to android.provider.Settings.Global, returning read-only global URI.
09-30 21:43:35.737 15667 15667 E experiments: Caught error trying to retrieve experiments from storage: java.io.FileNotFoundException: /data/user/0/org.mozilla.fenix.nightly/app_experiments-service/experiments.json (No such file or directory)
09-30 21:43:35.737 15667 15688 E GeckoLibLoad: Load sqlite start
09-30 21:43:35.739 15667 15667 I experiments: No active experiment in cache
09-30 21:43:35.746 15667 15692 D App     : Bucket is 72
09-30 21:43:35.746 15667 15692 D App     : Experiments active: {}
09-30 21:43:35.758 15667 15667 I glean/Glean: Metrics enabled: true
09-30 21:43:35.778 15667 15688 W GeckoLinker: /data/app/org.mozilla.fenix.nightly-THloPKsoGCpzVhlIVyMHvA==/lib/arm/libnss3.so: unhandled flags #8 not handled
09-30 21:43:35.802 15667 15688 W GeckoLinker: /data/app/org.mozilla.fenix.nightly-THloPKsoGCpzVhlIVyMHvA==/lib/arm/libnss3.so: Relocation to NULL @0x00133ffc for symbol "__cxa_type_match"
09-30 21:43:35.803 15667 15688 E GeckoLibLoad: Load sqlite done
09-30 21:43:35.804 15667 15688 E GeckoLibLoad: Load nss start
09-30 21:43:35.804 15667 15688 E GeckoLibLoad: Load nss done
09-30 21:43:35.805 15667 15688 W GeckoLinker: /data/app/org.mozilla.fenix.nightly-THloPKsoGCpzVhlIVyMHvA==/lib/arm/libxul.so: unhandled flags #8 not handled
09-30 21:43:35.805 15667 15688 W GeckoLinker: /data/app/org.mozilla.fenix.nightly-THloPKsoGCpzVhlIVyMHvA==/lib/arm/liblgpllibs.so: unhandled flags #8 not handled
09-30 21:43:35.842 15667 15688 E GeckoLibLoad: Loaded libs in 38.349014ms total, 16ms(60ms) user, 20ms(33ms) system, 0(0) faults
09-30 21:43:35.843 15667 15688 D GeckoThread: State changed to LIBS_READY
09-30 21:43:35.843 15667 15688 W GeckoThread: zerdatime 2422289304 - runGecko
09-30 21:43:35.847 15667 15688 D GeckoProfile: Loading profile at: null name: default
09-30 21:43:35.848 15667 15688 D GeckoProfile: Created new profile dir.
09-30 21:43:35.850 15667 15688 I GeckoProfile: Enqueuing profile init.
09-30 21:43:35.852 15667 15688 D GeckoProfile: Found profile dir: /data/user/0/org.mozilla.fenix.nightly/files/mozilla/73zchcl9.default
09-30 21:43:35.853 15667 15688 D GeckoProfile: Attempting to write new client ID properties
09-30 21:43:35.854 15667 15688 D GeckoProfile: Creating profile dir: /data/user/0/org.mozilla.fenix.nightly/files/mozilla/73zchcl9.default
09-30 21:43:35.858  1456  7570 I ActivityManager: Start proc 15702:org.mozilla.fenix.nightly:tab/u0a292 for service org.mozilla.fenix.nightly/org.mozilla.gecko.process.GeckoServiceChildProcess$tab
09-30 21:43:35.862 15667 15667 W [WARNING][Leanplum]: [com.leanplum.internal.ActionManager::getLocationManager::8]: Geofencing support requires leanplum-location module and Google Play Services v8.1 and higher.
09-30 21:43:35.862 15667 15667 W [WARNING][Leanplum]: Add this to your build.gradle file:
09-30 21:43:35.862 15667 15667 W [WARNING][Leanplum]: implementation 'com.google.android.gms:play-services-location:8.3.0+'
09-30 21:43:35.862 15667 15667 W [WARNING][Leanplum]: implementation 'com.leanplum:leanplum-location:+'
09-30 21:43:35.865 15667 15667 I [INFO][Leanplum]: [com.leanplum.monitoring.ExceptionHandler::setContext::6]: LeanplumExceptionHandler could not initialize Exception Reporting.This is expected if you have not included the leanplum-monitoring module
09-30 21:43:35.876   808   898 I SFPerfTracer:      triggers: (rate: 0:0) (0 sw vsyncs) (0 skipped) (14:71601 vsyncs) (16:325329)
09-30 21:43:35.882 15667 15667 I FirefoxAccountStateMachine: Enabling/updating sync with a new SyncConfig: SyncConfig(supportedEngines=[mozilla.components.service.fxa.SyncEngine$History@84047d2, mozilla.components.service.fxa.SyncEngine$Bookmarks@7acc0a3], syncPeriodInMinutes=240)
09-30 21:43:35.886 15667 15667 I BgSyncManager: Periodic syncing enabled at a 240 interval
09-30 21:43:35.886 15667 15667 I FirefoxAccountStateMachine: Sync is enabled
09-30 21:43:35.888 15667 15667 W PushConfig: No firebase configuration found; cannot support push service.
09-30 21:43:35.890 15667 15720 I FirefoxAccountStateMachine: Processing event Event$Init for state Start. Next state is Start
09-30 21:43:35.894 15667 15720 I FirefoxAccountStateMachine: Ran 'Event$Init' side-effects for state Start, got successive event Event$AccountNotFound
09-30 21:43:35.894 15667 15720 I FirefoxAccountStateMachine: Processing event Event$AccountNotFound for state Start. Next state is NotAuthenticated
09-30 21:43:35.898 15667 15720 D RustNativeSupport: findMegazordLibraryName(fxaclient, 0.40.0
09-30 21:43:35.898 15667 15720 D RustNativeSupport: lib in use: none
09-30 21:43:35.898 15667 15720 D RustNativeSupport: lib configured: fenix
09-30 21:43:35.898 15667 15720 D RustNativeSupport: lib version configured: 0.40.0
09-30 21:43:35.898 15667 15720 D RustNativeSupport: settled on fenix
09-30 21:43:35.902 15667 15720 D fxaclient_ffi: fxa_new
09-30 21:43:35.914 15667 15694 D RustNativeSupport: findMegazordLibraryName(places, 0.40.0
09-30 21:43:35.914 15667 15694 D RustNativeSupport: lib in use: none
09-30 21:43:35.914 15667 15694 D RustNativeSupport: lib configured: fenix
09-30 21:43:35.914 15667 15694 D RustNativeSupport: lib version configured: 0.40.0
09-30 21:43:35.914 15667 15694 D RustNativeSupport: settled on fenix
09-30 21:43:35.916 15667 15694 D places_ffi: places_api_new
09-30 21:43:35.936 15667 15667 D GeckoRuntime: Lifecycle: onStart
09-30 21:43:35.939 15702 15702 W System.err: SLF4J: Failed to load class "org.slf4j.impl.StaticLoggerBinder".
09-30 21:43:35.939 15702 15702 W System.err: SLF4J: Defaulting to no-operation (NOP) logger implementation
09-30 21:43:35.939 15702 15702 W System.err: SLF4J: See http://www.slf4j.org/codes.html#StaticLoggerBinder for further details.
09-30 21:43:35.940 15702 15702 D io.sentry.android.AndroidSentryClientFactory: Construction of Android Sentry.
09-30 21:43:35.948 15667 15694 D places::db::schema: Creating schema
09-30 21:43:35.950 15667 15667 D GeckoRuntime: Lifecycle: onResume
09-30 21:43:35.952 15667 15667 D GeckoNetworkManager: Incoming event start for state OffNoListeners -> OnNoListeners
09-30 21:43:35.954 15667 15667 D GeckoNetworkManager: New network state: UP, WIFI, WIFI
09-30 21:43:35.956 15667 15710 D NetworkSecurityConfig: No Network Security Config specified, using platform default
09-30 21:43:35.962 15702 15702 D RustNativeSupport: findMegazordLibraryName(viaduct, 0.40.0
09-30 21:43:35.962 15702 15702 D RustNativeSupport: lib in use: none
09-30 21:43:35.962 15702 15702 D RustNativeSupport: lib configured: fenix
09-30 21:43:35.962 15702 15702 D RustNativeSupport: lib version configured: 0.40.0
09-30 21:43:35.962 15702 15702 D RustNativeSupport: settled on fenix
09-30 21:43:35.976 15667 15729 D OpenGLRenderer: HWUI GL Pipeline
09-30 21:43:35.983 15667 15667 I glean/Glean: Registering pings for org.mozilla.fenix.GleanMetrics.Pings
09-30 21:43:35.985 15667 15667 I glean/Glean: Registering pings for mozilla.components.service.glean.GleanMetrics.Pings
09-30 21:43:35.990 15667 15672 I zygote  : Do partial code cache collection, code=29KB, data=24KB
09-30 21:43:35.992 15667 15672 I zygote  : After code cache collection, code=29KB, data=24KB
09-30 21:43:35.992 15667 15672 I zygote  : Increasing code cache capacity to 128KB
09-30 21:43:35.994 15702 15702 D RustNativeSupport: findMegazordLibraryName(rustlog, 0.40.0
09-30 21:43:35.994 15702 15702 D RustNativeSupport: lib in use: none
09-30 21:43:35.994 15702 15702 D RustNativeSupport: lib configured: fenix
09-30 21:43:35.994 15702 15702 D RustNativeSupport: lib version configured: 0.40.0
09-30 21:43:35.994 15702 15702 D RustNativeSupport: settled on fenix
09-30 21:43:35.998 15702 15702 I rc_log_ffi::ios: rc_log adapter initialized!
09-30 21:43:36.004 15702 15702 D GeckoThread: State changed to LAUNCHED
09-30 21:43:36.005 15702 15734 I GeckoThread: preparing to run Gecko
09-30 21:43:36.017 15667 15667 I glean/Dispatchers: Task queued for execution and delayed until flushed
09-30 21:43:36.021 15667 15667 E glean/MetricsPingScheduler: MetricsPingScheduler last stored ping time was not valid
09-30 21:43:36.031 15667 15667 I glean/MetricsPingScheduler: The 'metrics' ping is scheduled for immediate collection, Mon Sep 30 21:43:36 EDT 2019
09-30 21:43:36.032 15667 15667 I glean/Dispatchers: Task queued for execution and delayed until flushed
09-30 21:43:36.032 15667 15667 E glean/MetricsPingScheduler: MetricsPingScheduler last stored ping time was not valid
09-30 21:43:36.032 15667 15667 I glean/MetricsPingScheduler: The 'metrics' ping is scheduled for immediate collection, Mon Sep 30 21:43:36 EDT 2019
09-30 21:43:36.032 15667 15667 I glean/Dispatchers: Task queued for execution and delayed until flushed
09-30 21:43:36.035 15667 15737 I glean/MetricsPingScheduler: Collecting the 'metrics' ping, now = Mon Sep 30 21:43:36 EDT 2019
09-30 21:43:36.036 15667 15737 D glean/MetricsPingScheduler: Scheduling the 'metrics' ping in 22583981ms
09-30 21:43:36.038 15667 15737 I glean/MetricsPingScheduler: Collecting the 'metrics' ping, now = Mon Sep 30 21:43:36 EDT 2019
09-30 21:43:36.039 15667 15737 D glean/MetricsPingScheduler: Scheduling the 'metrics' ping in 22583968ms
09-30 21:43:36.040 15667 15737 D glean/PingMaker: Collecting metrics
09-30 21:43:36.046 15667 15694 D sql_support::conn_ext: Transaction commited after 98.781ms
09-30 21:43:36.048 15667 15694 D places_ffi: places_connection_new
09-30 21:43:36.051 15667 15694 D places_ffi: places_connection_new
09-30 21:43:36.059 15667 15694 D places_ffi: places_run_maintenance
09-30 21:43:36.084 15667 15737 D glean/Glean: No content for ping 'PingType(name=metrics, includeClientId=true).name', therefore no ping queued.
09-30 21:43:36.085 15667 15737 D glean/PingMaker: Collecting metrics
09-30 21:43:36.088 15667 15737 D glean/Glean: No content for ping 'PingType(name=metrics, includeClientId=true).name', therefore no ping queued.
09-30 21:43:36.157 15667 15717 E ActivityThread: Failed to find provider info for com.facebook.katana.provider.AttributionIdProvider
09-30 21:43:36.215 15667 15688 I Gecko:DumpUtils: Fifo watcher disabled via pref.
09-30 21:43:36.230  1456 10366 I ActivityManager: START u0 {act=android.intent.action.VIEW dat=about:blank typ=text/html flg=0x10000000 cmp=org.mozilla.fenix.nightly/org.mozilla.fenix.HomeActivity (has extras)} from uid 10292
09-30 21:43:36.240 15667 15667 D GeckoNetworkManager: Incoming event receivedUpdate for state OnNoListeners -> OnNoListeners
09-30 21:43:36.241 15667 15667 D GeckoNetworkManager: New network state: UP, WIFI, WIFI
09-30 21:43:36.243  1456  2162 I WifiService: getDhcpInfo uid=10292
09-30 21:43:36.265 15667 15729 I Adreno  : QUALCOMM build                   : bb5b86c, I77d3059488
09-30 21:43:36.265 15667 15729 I Adreno  : Build Date                       : 06/07/18
09-30 21:43:36.265 15667 15729 I Adreno  : OpenGL ES Shader Compiler Version: EV031.22.00.01_06
09-30 21:43:36.265 15667 15729 I Adreno  : Local Branch                     : 
09-30 21:43:36.265 15667 15729 I Adreno  : Remote Branch                    : refs/tags/AU_LINUX_ANDROID_LA.UM.6.5.R1.08.01.00.312.086
09-30 21:43:36.265 15667 15729 I Adreno  : Remote Branch                    : NONE
09-30 21:43:36.265 15667 15729 I Adreno  : Reconstruct Branch               : NOTHING
09-30 21:43:36.266 15667 15729 D vndksupport: Loading /vendor/lib/hw/gralloc.msm8937.so from current namespace instead of sphal namespace.
09-30 21:43:36.268 15667 15672 I zygote  : Do partial code cache collection, code=54KB, data=39KB
09-30 21:43:36.270 15667 15672 I zygote  : After code cache collection, code=42KB, data=33KB
09-30 21:43:36.270 15667 15672 I zygote  : Increasing code cache capacity to 256KB
09-30 21:43:36.293 15667 15729 I Adreno  : PFP: 0x005ff087, ME: 0x005ff063
09-30 21:43:36.303 15667 15729 I zygote  : android::hardware::configstore::V1_0::ISurfaceFlingerConfigs::hasWideColorDisplay retrieved: 0
09-30 21:43:36.308 15667 15729 I OpenGLRenderer: Initialized EGL, version 1.4
09-30 21:43:36.308 15667 15729 D OpenGLRenderer: Swap behavior 2
09-30 21:43:36.322 15667 15729 D vndksupport: Loading /vendor/lib/hw/android.hardware.graphics.mapper@2.0-impl.so from current namespace instead of sphal namespace.
09-30 21:43:36.323 15667 15729 D vndksupport: Loading /vendor/lib/hw/gralloc.msm8937.so from current namespace instead of sphal namespace.
09-30 21:43:36.358 15667 15761 I App     : ActivationPing - generating ping with the hashed id
09-30 21:43:36.360 15667 15761 I App     : ActivationPing - generating ping (has `identifier`: true)
09-30 21:43:36.360 15667 15737 D glean/PingMaker: Collecting activation
09-30 21:43:36.367  1456  1673 I LaunchCheckinHandler: Displayed org.mozilla.fenix.nightly/org.mozilla.fenix.IntentReceiverActivity,cp,ca,941
09-30 21:43:36.375 15667 15690 D glean/PingStorageEngine: Storing ping e10d75bf-0069-4c99-87d5-533cc036cb2a at /data/user/0/org.mozilla.fenix.nightly/glean_data/pending_pings/e10d75bf-0069-4c99-87d5-533cc036cb2a
09-30 21:43:36.392 15667 15667 D PhoneWindow: Restoring navigation bar divider color to default value = 0x00000000
09-30 21:43:36.397  1456 10962 D ConnectivityService: requestNetwork for uid/pid:10292/15667 NetworkRequest [ TRACK_DEFAULT id=790, [ Capabilities: INTERNET&NOT_RESTRICTED&TRUSTED&NOT_VPN] ]
09-30 21:43:36.399  1456  2054 D WIFI_UT : got request NetworkRequest [ TRACK_DEFAULT id=790, [ Capabilities: INTERNET&NOT_RESTRICTED&TRUSTED&NOT_VPN] ] with score 60
09-30 21:43:36.399  1456  2099 D Ethernet: got request NetworkRequest [ TRACK_DEFAULT id=790, [ Capabilities: INTERNET&NOT_RESTRICTED&TRUSTED&NOT_VPN] ] with score 60
09-30 21:43:36.399  1456  2054 D WIFI    : got request NetworkRequest [ TRACK_DEFAULT id=790, [ Capabilities: INTERNET&NOT_RESTRICTED&TRUSTED&NOT_VPN] ] with score 60
09-30 21:43:36.400  2398  2398 D PhoneSwitcherNetworkRequstListener: got request NetworkRequest [ TRACK_DEFAULT id=790, [ Capabilities: INTERNET&NOT_RESTRICTED&TRUSTED&NOT_VPN] ] with score 60
09-30 21:43:36.407 15667 15688 D GeckoSysInfo: System memory: 1867MB.
09-30 21:43:36.409 15667 15688 D GeckoThread: State changed to JNI_READY
09-30 21:43:36.474 15667 15667 I NavController: Ignoring popBackStack to destination org.mozilla.fenix.nightly:id/browserFragment as it was not found on the current back stack
09-30 21:43:36.659 12500 15543 I Icing   : Indexing com.google.android.gms-apps from com.google.android.gms
09-30 21:43:36.715 12500 15543 I Icing   : Indexing com.google.android.gms-internal.3p:MobileApplication from com.google.android.gms
09-30 21:43:36.725 12500 15543 I Icing   : Indexing com.google.android.gms-internal.3p:DigitalDocument from com.google.android.gms
09-30 21:43:36.735 12500 15543 I Icing   : Indexing done com.google.android.gms-apps
09-30 21:43:36.739 12500 15543 I Icing   : Indexing done com.google.android.gms-internal.3p:MobileApplication
09-30 21:43:36.744 12500 15543 I Icing   : Indexing done com.google.android.gms-internal.3p:DigitalDocument
09-30 21:43:36.754 15667 15720 W FirefoxAccountStateMachine: Got invalid event Event$Init for state NotAuthenticated.
09-30 21:43:36.765 15667 15799 I experiments: Fetching experiments from https://firefox.settings.services.mozilla.com/v1/buckets/main/collections/mobile-experiments/records
09-30 21:43:36.771 15667 15800 D glean/PingStorageEngine: Processing persisted pings at /data/user/0/org.mozilla.fenix.nightly/glean_data/pending_pings
09-30 21:43:36.771 15667 15800 D glean/PingStorageEngine: Processing ping: e10d75bf-0069-4c99-87d5-533cc036cb2a
09-30 21:43:36.774 15667 15800 D glean/ConceptFetchHttpUploader: Submitting ping to: https://incoming.telemetry.mozilla.org/submit/org-mozilla-fenix-nightly/activation/1/e10d75bf-0069-4c99-87d5-533cc036cb2a
09-30 21:43:36.845 15667 15667 I zygote  : Deoptimizing java.lang.Object androidx.collection.SimpleArrayMap.put(java.lang.Object, java.lang.Object) due to JIT inline cache
09-30 21:43:36.852 15667 15672 I zygote  : Do full code cache collection, code=119KB, data=85KB
09-30 21:43:36.854 15667 15672 I zygote  : After code cache collection, code=90KB, data=57KB
09-30 21:43:36.869 15667 15797 W LOTTIE  : Animation contains merge paths. Merge paths are only supported on KitKat+ and must be manually enabled by calling enableMergePathsForKitKatAndAbove().
09-30 21:43:36.883 15667 15688 I Gecko   : 1569894216880	addons.xpi	WARN	List of valid built-in add-ons could not be parsed.: [Exception... "Component returned failure code: 0x80520012 (NS_ERROR_FILE_NOT_FOUND) [nsIXPCComponents_Utils.readUTF8URI]"  nsresult: "0x80520012 (NS_ERROR_FILE_NOT_FOUND)"  location: "JS frame :: resource://gre/modules/addons/XPIProvider.jsm :: startup :: line 2362"  data: no] Stack trace: startup()@resource://gre/modules/addons/XPIProvider.jsm:2362
09-30 21:43:36.883 15667 15688 I Gecko   : callProvider()@resource://gre/modules/AddonManager.jsm:213
09-30 21:43:36.883 15667 15688 I Gecko   : _startProvider()@resource://gre/modules/AddonManager.jsm:649
09-30 21:43:36.883 15667 15688 I Gecko   : startup()@resource://gre/modules/AddonManager.jsm:873
09-30 21:43:36.883 15667 15688 I Gecko   : startup()@resource://gre/modules/AddonManager.jsm:3469
09-30 21:43:36.883 15667 15688 I Gecko   : observe()@resource://gre/modules/addonManager.js:86
09-30 21:43:36.934 15667 15688 I Gecko   : 1569894216934	addons.xpi	WARN	No list of valid system add-ons found.
09-30 21:43:36.995 15667 15688 D GeckoThread: State changed to PROFILE_READY
09-30 21:43:37.061 15667 15672 I zygote  : Do partial code cache collection, code=124KB, data=84KB
09-30 21:43:37.064 15667 15672 I zygote  : After code cache collection, code=124KB, data=84KB
09-30 21:43:37.064 15667 15672 I zygote  : Increasing code cache capacity to 512KB
09-30 21:43:37.134 15667 15688 W GeckoEventDispatcher: No listener for AndroidCastDevice:SyncDevice
09-30 21:43:37.140 15667 15688 I Gecko   : -*- nsDNSServiceDiscovery.js : nsDNSServiceDiscovery
09-30 21:43:37.141 15667 15800 D glean/ConceptFetchHttpUploader: Ping successfully sent (200)
09-30 21:43:37.142 15667 15800 D glean/PingStorageEngine: e10d75bf-0069-4c99-87d5-533cc036cb2a was deleted: true
09-30 21:43:37.144 15667 15682 I WM-WorkerWrapper: Worker result SUCCESS for Work [ id=36756c07-ee9a-4dca-8dd1-f5b105e75bb1, tags={ mozac_service_glean_ping_upload_worker, mozilla.components.service.glean.scheduler.PingUploadWorker } ]
09-30 21:43:37.249 15667 15688 W ResourceType: Too many attribute references, stopped at: 0x01010099
09-30 21:43:37.279  1456  1673 I ActivityManager: Displayed org.mozilla.fenix.nightly/org.mozilla.fenix.HomeActivity: +982ms (total +1s847ms)
09-30 21:43:37.292 15667 15667 W LOTTIE  : Animation contains merge paths but they are disabled.
09-30 21:43:37.301 15667 15688 I Gecko   : Attempting load of libEGL.so
09-30 21:43:37.302  1456  2067 D ConnectivityService: releasing NetworkRequest [ TRACK_DEFAULT id=790, [ Capabilities: INTERNET&NOT_RESTRICTED&TRUSTED&NOT_VPN] ] (release request)
09-30 21:43:37.497 15667 15667 D GeckoNetworkManager: Incoming event enableNotifications for state OnNoListeners -> OnWithListeners
09-30 21:43:37.499 15667 15667 D GeckoNetworkManager: New network state: UP, WIFI, WIFI
09-30 21:43:37.500 15667 15667 D GeckoNetworkManager: Incoming event receivedUpdate for state OnWithListeners -> OnWithListeners
09-30 21:43:37.501 15667 15667 D GeckoNetworkManager: New network state: UP, WIFI, WIFI
09-30 21:43:37.508 15667 15688 W GeckoLinker: /data/app/org.mozilla.fenix.nightly-THloPKsoGCpzVhlIVyMHvA==/lib/arm/libsoftokn3.so: unhandled flags #8 not handled
09-30 21:43:37.509 15667 15688 W GeckoLinker: /data/app/org.mozilla.fenix.nightly-THloPKsoGCpzVhlIVyMHvA==/lib/arm/libsoftokn3.so: Relocation to NULL @0x00025ffc for symbol "__cxa_type_match"
09-30 21:43:37.510 15667 15688 W GeckoLinker: /data/app/org.mozilla.fenix.nightly-THloPKsoGCpzVhlIVyMHvA==/lib/arm/libfreebl3.so: unhandled flags #8 not handled
09-30 21:43:37.511 15667 15688 W GeckoLinker: /data/app/org.mozilla.fenix.nightly-THloPKsoGCpzVhlIVyMHvA==/lib/arm/libfreebl3.so: Relocation to NULL @0x00040ffc for symbol "__cxa_type_match"
09-30 21:43:37.584 15667 15811 W GeckoLinker: /data/app/org.mozilla.fenix.nightly-THloPKsoGCpzVhlIVyMHvA==/lib/arm/libnssckbi.so: unhandled flags #8 not handled
09-30 21:43:37.584 15667 15811 W GeckoLinker: /data/app/org.mozilla.fenix.nightly-THloPKsoGCpzVhlIVyMHvA==/lib/arm/libnssckbi.so: Relocation to NULL @0x00050ffc for symbol "__cxa_type_match"
09-30 21:43:37.918 15667 15799 D experiments: Fetched experiments from https://firefox.settings.services.mozilla.com/v1/buckets/main/collections/mobile-experiments/records:
09-30 21:43:37.918 15667 15799 D experiments: {"data":[{"match":{"app_id":"^org.mozilla.fenix$","regions":[],"debug_tags":[]},"schema":1566228455761,"buckets":{"count":667,"start":0},"branches":[{"name":"a","ratio":1},{"name":"b","ratio":1},{"name":"c","ratio":1}],"description":"End-to-end test of the Mobiles Experiments platform for Firefox Preview.","id":"fenix-test-2019-08-05","last_modified":1566233826256}]}
09-30 21:43:37.920 15667 15799 I experiments: Experiments update from server: ExperimentsSnapshot(experiments=[Experiment(id=fenix-test-2019-08-05, description=End-to-end test of the Mobiles Experiments platform for Firefox Preview., lastModified=1566233826256, schemaModified=1566228455761, buckets=Buckets(start=0, count=667), branches=[Branch(name=a, ratio=1), Branch(name=b, ratio=1), Branch(name=c, ratio=1)], match=Matcher(appId=^org.mozilla.fenix$, appDisplayVersion=null, appMinVersion=null, appMaxVersion=null, localeLanguage=null, localeCountry=null, deviceManufacturer=null, deviceModel=null, regions=[], debugTags=[]))], lastModified=1566233826256)
09-30 21:43:37.927 15667 15799 I experiments: onExperimentsUpdated - no experiment currently active, looking for match
09-30 21:43:37.932 15667 15682 I WM-WorkerWrapper: Worker result SUCCESS for Work [ id=f9152a5e-7348-4a33-b5ab-74feaf20f568, tags={ mozilla.components.service.experiments.ExperimentsUpdaterWorker, mozilla.components.service.experiments } ]
09-30 21:43:38.015 15702 15734 D GeckoThread: State changed to MOZGLUE_READY
09-30 21:43:38.023 15702 15734 W Settings: Setting animator_duration_scale has moved from android.provider.Settings.System to android.provider.Settings.Global, returning read-only global URI.
09-30 21:43:38.025 15702 15734 E GeckoLibLoad: Load sqlite start
