10-15 21:44:11.084 11328 11404 I Adreno  : Build Date                       : 06/07/18
10-15 21:44:11.084 11328 11404 I Adreno  : OpenGL ES Shader Compiler Version: EV031.22.00.01_06
10-15 21:44:11.084 11328 11404 I Adreno  : Local Branch                     : 
10-15 21:44:11.084 11328 11404 I Adreno  : Remote Branch                    : refs/tags/AU_LINUX_ANDROID_LA.UM.6.5.R1.08.01.00.312.086
10-15 21:44:11.084 11328 11404 I Adreno  : Remote Branch                    : NONE
10-15 21:44:11.084 11328 11404 I Adreno  : Reconstruct Branch               : NOTHING
10-15 21:44:11.085 11328 11404 D vndksupport: Loading /vendor/lib/hw/gralloc.msm8937.so from current namespace instead of sphal namespace.
10-15 21:44:11.092 11328 11404 I Adreno  : PFP: 0x005ff087, ME: 0x005ff063
10-15 21:44:11.108 11328 11404 I zygote  : android::hardware::configstore::V1_0::ISurfaceFlingerConfigs::hasWideColorDisplay retrieved: 0
10-15 21:44:11.110 11328 11404 I OpenGLRenderer: Initialized EGL, version 1.4
10-15 21:44:11.110 11328 11404 D OpenGLRenderer: Swap behavior 2
10-15 21:44:11.126 11328 11448 D glean/PingStorageEngine: Processing persisted pings at /data/user/0/org.mozilla.fenix.nightly/glean_data/pending_pings
10-15 21:44:11.127 11328 11448 D glean/PingStorageEngine: Processing ping: 35b407ee-96e3-4d1f-ada3-712d75aa636d
10-15 21:44:11.134 11328 11448 D glean/ConceptFetchHttpUploader: Submitting ping to: https://incoming.telemetry.mozilla.org/submit/org-mozilla-fenix-nightly/events/1/35b407ee-96e3-4d1f-ada3-712d75aa636d
10-15 21:44:11.135 11328 11404 D vndksupport: Loading /vendor/lib/hw/android.hardware.graphics.mapper@2.0-impl.so from current namespace instead of sphal namespace.
10-15 21:44:11.136 11328 11404 D vndksupport: Loading /vendor/lib/hw/gralloc.msm8937.so from current namespace instead of sphal namespace.
10-15 21:44:11.152 11328 11452 I experiments: Fetching experiments from https://firefox.settings.services.mozilla.com/v1/buckets/main/collections/mobile-experiments/records?_since=1566233826256
10-15 21:44:11.154  1456  1673 I LaunchCheckinHandler: Displayed org.mozilla.fenix.nightly/org.mozilla.fenix.IntentReceiverActivity,cp,ca,922
10-15 21:44:11.179 11328 11328 D PhoneWindow: Restoring navigation bar divider color to default value = 0x00000000
10-15 21:44:11.186 11328 11348 D GeckoSysInfo: System memory: 1867MB.
10-15 21:44:11.188 11328 11348 D GeckoThread: State changed to JNI_READY
10-15 21:44:11.233 11328 11333 I zygote  : Do partial code cache collection, code=58KB, data=47KB
10-15 21:44:11.235 11328 11333 I zygote  : After code cache collection, code=43KB, data=40KB
10-15 21:44:11.235 11328 11333 I zygote  : Increasing code cache capacity to 256KB
10-15 21:44:11.260 11328 11328 I NavController: Ignoring popBackStack to destination org.mozilla.fenix.nightly:id/browserFragment as it was not found on the current back stack
10-15 21:44:11.554 11328 11395 W FirefoxAccountStateMachine: Got invalid event Event$Init for state NotAuthenticated.
10-15 21:44:11.613 11328 11328 I zygote  : Deoptimizing java.lang.Object androidx.collection.SimpleArrayMap.put(java.lang.Object, java.lang.Object) due to JIT inline cache
10-15 21:44:11.627 11328 11460 W LOTTIE  : Animation contains merge paths. Merge paths are only supported on KitKat+ and must be manually enabled by calling enableMergePathsForKitKatAndAbove().
10-15 21:44:11.665 11328 11348 I Gecko   : 1571190251661	addons.xpi	WARN	List of valid built-in add-ons could not be parsed.: [Exception... "Component returned failure code: 0x80520012 (NS_ERROR_FILE_NOT_FOUND) [nsIXPCComponents_Utils.readUTF8URI]"  nsresult: "0x80520012 (NS_ERROR_FILE_NOT_FOUND)"  location: "JS frame :: resource://gre/modules/addons/XPIProvider.jsm :: startup :: line 2362"  data: no] Stack trace: startup()@resource://gre/modules/addons/XPIProvider.jsm:2362
10-15 21:44:11.665 11328 11348 I Gecko   : callProvider()@resource://gre/modules/AddonManager.jsm:213
10-15 21:44:11.665 11328 11348 I Gecko   : _startProvider()@resource://gre/modules/AddonManager.jsm:649
10-15 21:44:11.665 11328 11348 I Gecko   : startup()@resource://gre/modules/AddonManager.jsm:873
10-15 21:44:11.665 11328 11348 I Gecko   : startup()@resource://gre/modules/AddonManager.jsm:3469
10-15 21:44:11.665 11328 11348 I Gecko   : observe()@resource://gre/modules/addonManager.js:86
10-15 21:44:11.731 11328 11333 I zygote  : Do full code cache collection, code=124KB, data=97KB
10-15 21:44:11.735 11328 11333 I zygote  : After code cache collection, code=110KB, data=69KB
10-15 21:44:11.814  1456  1673 I ActivityManager: Displayed org.mozilla.fenix.nightly/org.mozilla.fenix.HomeActivity: +694ms (total +1s578ms)
10-15 21:44:11.821 11328 11328 W LOTTIE  : Animation contains merge paths but they are disabled.
10-15 21:44:11.853 11328 11348 D GeckoThread: State changed to PROFILE_READY
10-15 21:44:11.887 11328 11333 I zygote  : Do partial code cache collection, code=118KB, data=85KB
10-15 21:44:11.890 11328 11333 I zygote  : After code cache collection, code=117KB, data=85KB
10-15 21:44:11.890 11328 11333 I zygote  : Increasing code cache capacity to 512KB
10-15 21:44:11.972 11328 11348 W GeckoEventDispatcher: No listener for AndroidCastDevice:SyncDevice
10-15 21:44:11.979 11328 11348 I Gecko   : -*- nsDNSServiceDiscovery.js : nsDNSServiceDiscovery
10-15 21:44:12.090 11328 11348 W ResourceType: Too many attribute references, stopped at: 0x01010099
10-15 21:44:12.138 11328 11348 I Gecko   : Attempting load of libEGL.so
10-15 21:44:12.331 11328 11328 D GeckoNetworkManager: Incoming event enableNotifications for state OnNoListeners -> OnWithListeners
10-15 21:44:12.332 11328 11328 D GeckoNetworkManager: New network state: UP, WIFI, WIFI
10-15 21:44:12.333 11328 11328 D GeckoNetworkManager: Incoming event receivedUpdate for state OnWithListeners -> OnWithListeners
10-15 21:44:12.334 11328 11328 D GeckoNetworkManager: New network state: UP, WIFI, WIFI
10-15 21:44:12.336 11328 11348 W GeckoLinker: /data/app/org.mozilla.fenix.nightly-MoYbNjjeUzg3iULhA7caOw==/lib/arm/libsoftokn3.so: unhandled flags #8 not handled
10-15 21:44:12.337 11328 11348 W GeckoLinker: /data/app/org.mozilla.fenix.nightly-MoYbNjjeUzg3iULhA7caOw==/lib/arm/libsoftokn3.so: Relocation to NULL @0x00025ffc for symbol "__cxa_type_match"
10-15 21:44:12.338 11328 11348 W GeckoLinker: /data/app/org.mozilla.fenix.nightly-MoYbNjjeUzg3iULhA7caOw==/lib/arm/libfreebl3.so: unhandled flags #8 not handled
10-15 21:44:12.339 11328 11348 W GeckoLinker: /data/app/org.mozilla.fenix.nightly-MoYbNjjeUzg3iULhA7caOw==/lib/arm/libfreebl3.so: Relocation to NULL @0x00040ffc for symbol "__cxa_type_match"
10-15 21:44:12.372 11328 11481 W GeckoLinker: /data/app/org.mozilla.fenix.nightly-MoYbNjjeUzg3iULhA7caOw==/lib/arm/libnssckbi.so: unhandled flags #8 not handled
10-15 21:44:12.373 11328 11481 W GeckoLinker: /data/app/org.mozilla.fenix.nightly-MoYbNjjeUzg3iULhA7caOw==/lib/arm/libnssckbi.so: Relocation to NULL @0x00050ffc for symbol "__cxa_type_match"
10-15 21:44:12.601 11328 11452 D experiments: Fetched experiments from https://firefox.settings.services.mozilla.com/v1/buckets/main/collections/mobile-experiments/records?_since=1566233826256:
10-15 21:44:12.601 11328 11452 D experiments: {"data":[]}
10-15 21:44:12.602 11328 11452 I experiments: Experiments update from server: ExperimentsSnapshot(experiments=[Experiment(id=fenix-test-2019-08-05, description=End-to-end test of the Mobiles Experiments platform for Firefox Preview., lastModified=1566233826256, schemaModified=1566228455761, buckets=Buckets(start=0, count=667), branches=[Branch(name=a, ratio=1), Branch(name=b, ratio=1), Branch(name=c, ratio=1)], match=Matcher(appId=^org.mozilla.fenix$, appDisplayVersion=null, appMinVersion=null, appMaxVersion=null, localeLanguage=null, localeCountry=null, deviceManufacturer=null, deviceModel=null, regions=[], debugTags=[]))], lastModified=1566233826256)
10-15 21:44:12.605 11328 11452 I experiments: onExperimentsUpdated - no experiment currently active, looking for match
10-15 21:44:12.610 11328 11347 I WM-WorkerWrapper: Worker result SUCCESS for Work [ id=ebb4b2c1-7e18-4abd-8ede-902f0eb2bd85, tags={ mozilla.components.service.experiments.ExperimentsUpdaterWorker, mozilla.components.service.experiments } ]
10-15 21:44:12.683 11365 11390 D GeckoThread: State changed to MOZGLUE_READY
10-15 21:44:12.690 11365 11390 W Settings: Setting animator_duration_scale has moved from android.provider.Settings.System to android.provider.Settings.Global, returning read-only global URI.
10-15 21:44:12.692 11365 11390 E GeckoLibLoad: Load sqlite start
10-15 21:44:12.709 11365 11390 W GeckoLinker: /data/app/org.mozilla.fenix.nightly-MoYbNjjeUzg3iULhA7caOw==/lib/arm/libnss3.so: unhandled flags #8 not handled
10-15 21:44:12.714 11365 11390 W GeckoLinker: /data/app/org.mozilla.fenix.nightly-MoYbNjjeUzg3iULhA7caOw==/lib/arm/libnss3.so: Relocation to NULL @0x00133ffc for symbol "__cxa_type_match"
10-15 21:44:12.714 11365 11390 E GeckoLibLoad: Load sqlite done
10-15 21:44:12.714 11365 11390 E GeckoLibLoad: Load nss start
10-15 21:44:12.714 11365 11390 E GeckoLibLoad: Load nss done
10-15 21:44:12.715 11365 11390 W GeckoLinker: /data/app/org.mozilla.fenix.nightly-MoYbNjjeUzg3iULhA7caOw==/lib/arm/libxul.so: unhandled flags #8 not handled
10-15 21:44:12.715 11365 11390 W GeckoLinker: /data/app/org.mozilla.fenix.nightly-MoYbNjjeUzg3iULhA7caOw==/lib/arm/liblgpllibs.so: unhandled flags #8 not handled
10-15 21:44:12.725 11328 11348 D GeckoThread: State changed to RUNNING
10-15 21:44:12.725 11328 11348 I GeckoSession: zerdatime 3718331246 - chrome startup finished
10-15 21:44:12.734 11328 11448 D glean/ConceptFetchHttpUploader: Ping successfully sent (200)
10-15 21:44:12.734 11328 11448 D glean/PingStorageEngine: 35b407ee-96e3-4d1f-ada3-712d75aa636d was deleted: true
10-15 21:44:12.736 11328 11343 I WM-WorkerWrapper: Worker result SUCCESS for Work [ id=3d1e360b-6097-4ee9-84b9-9a115e862c3c, tags={ mozac_service_glean_ping_upload_worker, mozilla.components.service.glean.scheduler.PingUploadWorker } ]
10-15 21:44:12.747 11365 11390 E GeckoLibLoad: Loaded libs in 31.990211ms total, 20ms(20ms) user, 10ms(10ms) system, 0(0) faults
10-15 21:44:12.747 11365 11390 D GeckoThread: State changed to LIBS_READY
10-15 21:44:12.747 11365 11390 W GeckoThread: zerdatime 3718331268 - runGecko
10-15 21:44:12.757  1456  2067 D ConnectivityService: releasing NetworkRequest [ TRACK_DEFAULT id=1188, [ Capabilities: INTERNET&NOT_RESTRICTED&TRUSTED&NOT_VPN] ] (release request)
10-15 21:44:12.905 11328 11348 W ResourceType: Too many attribute references, stopped at: 0x01010099
10-15 21:44:13.284 11365 11390 D GeckoThread: State changed to RUNNING
10-15 21:44:13.400 11328 11328 D App     : Installed browser-icons extension
10-15 21:44:13.401 11328 11328 D mozac-webextensions: Installed extension: mozacWebchannel
10-15 21:44:13.401 11328 11328 D mozac-webextensions: Installed extension: mozacReaderview
10-15 21:44:13.517 11328 11328 D GeckoSession: handleMessage GeckoView:PageStart uri=about:blank
10-15 21:44:13.524 11328 11348 D GeckoScreenOrientation: unlocking
10-15 21:44:13.532 11328 11328 D GeckoSession: handleMessage GeckoView:LocationChange uri=about:blank
10-15 21:44:13.532 11328 11328 D GeckoSession: handleMessage GeckoView:PageStop uri=null
10-15 21:44:13.537 11328 11328 I SessionStorage/AutoSave: Save: Load finished
10-15 21:44:13.545 11328 11350 D SessionStorage/AutoSave: Saved state to disk [6ms]
10-15 21:44:13.554 11328 11328 D GeckoSession: handleMessage GeckoView:OnLoadRequest uri=about:blank
10-15 21:44:13.567 11328 11328 D GeckoSession: handleMessage GeckoView:OnLoadRequest uri=about:blank
10-15 21:44:13.663 11328 11328 D mozac-webcompat: Installed WebCompat webextension: webcompat@mozilla.com
10-15 21:44:13.664 11328 11328 D GeckoSession: handleMessage GeckoView:PageStart uri=about:blank
10-15 21:44:13.680 11328 11328 D GeckoSession: handleMessage GeckoView:PageStop uri=null
10-15 21:44:13.684 11328 11328 I SessionStorage/AutoSave: Save: Load finished
10-15 21:44:13.685 11328 11350 D SessionStorage/AutoSave: Delaying save (1854ms)
10-15 21:44:13.699 11328 11328 D GeckoSession: handleMessage GeckoView:PageStart uri=about:blank
10-15 21:44:13.715 11328 11328 D GeckoSession: handleMessage GeckoView:SecurityChanged uri=null
10-15 21:44:13.782 11328 11328 D GeckoSession: handleMessage GeckoView:PageStop uri=null
10-15 21:44:13.787 11328 11328 I SessionStorage/AutoSave: Save: Load finished
10-15 21:44:13.788 11328 11328 D SessionStorage/AutoSave: Skipping save, other job already in flight
10-15 21:44:14.228   808   808 I SFPerfTracer:      triggers: (rate: 4:7216) (compose: 0:0) (post: 0:0) (render: 0:1) (24:190531 frames) (25:473803)
10-15 21:44:14.229   808   808 D SFPerfTracer:        layers: (4:12) (NavigationBar#0 (0xb07df000): 0:1072) (StatusBar#0 (0xb07e3000): 0:288237) (com.android.systemui.ImageWallpaper#0 (0xb07e7000): 0:76)* (Sprite#0 (0xb0733000): 0:317)* (DimLayerController/Stack=0#0 (0xb075a000): 0:165)* (animation background stackId=1#0 (0xb0771000): 0:4)* (Sprite#1 (0xb077c000): 0:195)* (org.mozilla.fenix.nightly/org.mozilla.fenix.HomeActivity#0 (0xb03a0000): 0:63)- (com.android.settings/com.android.settings.Settings$DevelopmentSettingsActivity#0 (0xb0763000): 0:8)- (Splash Screen org.mozilla.fenix.nightly#0 (0xb039b000): 0:33)- (org.mozilla.fenix.nightly/org.mozilla.fenix.IntentReceiverActivity#0 (0xb0383000): 0:6)- (org.mozilla.fenix.nightly/org.mozilla.fenix.HomeActivity#0 (0xb03a0000): 25:53) 
10-15 21:44:14.464 11328 11328 D GeckoSession: handleMessage GeckoView:StateUpdated uri=null
10-15 21:44:14.465 11328 11328 W GeckoSession: No history entries found.
10-15 21:44:15.549 11328 11350 D SessionStorage/AutoSave: Saved state to disk [8ms]
10-15 21:44:20.326  1456  7556 I ActivityManager: Force stopping org.mozilla.fenix.nightly appid=10342 user=0: from pid 11549
10-15 21:44:20.326  1456  7556 I ActivityManager: Killing 11328:org.mozilla.fenix.nightly/u0a342 (adj 0): stop org.mozilla.fenix.nightly
10-15 21:44:20.329  1456  1605 W zygote  : kill(-11328, 9) failed: No such process
10-15 21:44:20.331 11365 11365 I ServiceChildProcess: Service has been unbound. Stopping.
10-15 21:44:20.331  1456  7556 W ActivityManager: Force removing ActivityRecord{c1912e9 u0 org.mozilla.fenix.nightly/org.mozilla.fenix.HomeActivity t702}: app died, no saved state
10-15 21:44:20.345  1456  1605 W zygote  : kill(-11328, 9) failed: No such process
10-15 21:44:20.360  1456  1605 W zygote  : kill(-11328, 9) failed: No such process
10-15 21:44:20.375  1456  7796 I OpenGLRenderer: Initialized EGL, version 1.4
10-15 21:44:20.375  1456  1605 W zygote  : kill(-11328, 9) failed: No such process
10-15 21:44:20.375  1456  7796 D OpenGLRenderer: Swap behavior 2
10-15 21:44:20.379  1456  7556 I ActivityManager: Killing 11365:org.mozilla.fenix.nightly:tab/u0a342 (adj 0): stop org.mozilla.fenix.nightly
10-15 21:44:20.390  1456  1605 W zygote  : kill(-11328, 9) failed: No such process
10-15 21:44:20.409  1456  1605 W zygote  : kill(-11328, 9) failed: No such process
10-15 21:44:20.416  2398  2398 D CarrierSvcBindHelper: No carrier app for: 0
10-15 21:44:20.422  2398  2398 D CarrierSvcBindHelper: No carrier app for: 1
10-15 21:44:20.432  7883  7883 W Settings: Setting bugreport_in_power_menu has moved from android.provider.Settings.Secure to android.provider.Settings.Global.
10-15 21:44:20.443  1456  1471 I WifiService: getVerboseLoggingLevel uid=1000
10-15 21:44:20.444  1456  1471 I WifiService: getAggressiveHandover uid=1000
10-15 21:44:20.445  1456  1471 I WifiService: getAllowScansWithTraffic uid=1000
10-15 21:44:20.453  1456  1605 W zygote  : kill(-11328, 9) failed: No such process
10-15 21:44:20.465  7883  7883 W ResourceType: Found multiple library tables, ignoring...
10-15 21:44:20.465  7883 11553 W TileUtils: Found com.android.settings.backup.BackupSettingsActivity for intent Intent { act=com.android.settings.action.SETTINGS pkg=com.android.settings } missing metadata com.android.settings.category
10-15 21:44:20.470  1456  1605 W zygote  : kill(-11328, 9) failed: No such process
10-15 21:44:20.485  1456  1605 W zygote  : kill(-11328, 9) failed: No such process
10-15 21:44:20.497  2398  2398 E PhoneInterfaceManager: [PhoneIntfMgr] getAllowedCarriers: CommandException: com.android.internal.telephony.CommandException: REQUEST_NOT_SUPPORTED
10-15 21:44:20.501  1456  1605 W zygote  : kill(-11328, 9) failed: No such process
10-15 21:44:20.502  2398  2398 E PhoneInterfaceManager: [PhoneIntfMgr] getAllowedCarriers: CommandException: com.android.internal.telephony.CommandException: REQUEST_NOT_SUPPORTED
10-15 21:44:20.515  1456  1605 W zygote  : kill(-11328, 9) failed: No such process
10-15 21:44:20.519  7883 11556 D Settings: No enabled state changed, skipping updateCategory call
10-15 21:44:20.528  1456  1605 W zygote  : kill(-11328, 9) failed: No such process
10-15 21:44:20.533  1456  5027 I ActivityManager: START u0 {act=android.intent.action.VIEW dat=about:blank typ=text/html flg=0x10000000 cmp=org.mozilla.fenix.nightly/org.mozilla.fenix.IntentReceiverActivity} from uid 2000
10-15 21:44:20.534   794   839 E ANDR-PERF-RESOURCEQS: Failed to apply optimization [4, 0]
10-15 21:44:20.542  1456  1605 W zygote  : kill(-11328, 9) failed: No such process
10-15 21:44:20.550  1456  1471 I WindowManager: WIN DEATH: Window{e8cc4d2 u0 org.mozilla.fenix.nightly/org.mozilla.fenix.HomeActivity}
10-15 21:44:20.551   808   985 E SurfaceFlinger: Failed to find layer (org.mozilla.fenix.nightly/org.mozilla.fenix.HomeActivity#0) in layer parent (no-parent).
10-15 21:44:20.555   808   985 E SurfaceFlinger: Failed to find layer (org.mozilla.fenix.nightly/org.mozilla.fenix.HomeActivity#0) in layer parent (no-parent).
10-15 21:44:20.555  1456  1605 W zygote  : kill(-11328, 9) failed: No such process
10-15 21:44:20.556  1456  1673 W ActivityManager: setHasOverlayUi called on unknown pid: 11328
10-15 21:44:20.565  1456  1605 I chatty  : uid=1000(system) ActivityManager identical 1 line
10-15 21:44:20.581  1456  5050 I ActivityManager: Start proc 11559:org.mozilla.fenix.nightly/u0a342 for activity org.mozilla.fenix.nightly/org.mozilla.fenix.IntentReceiverActivity
10-15 21:44:20.581  1456  1605 W zygote  : kill(-11328, 9) failed: No such process
10-15 21:44:20.581  1456  1605 I zygote  : Successfully killed process cgroup uid 10342 pid 11328 in 252ms
10-15 21:44:20.582  1456  1605 W zygote  : kill(-11365, 9) failed: No such process
10-15 21:44:20.582  1456  1605 I zygote  : Successfully killed process cgroup uid 10342 pid 11365 in 0ms
10-15 21:44:20.629  1456  1889 I WindowManager: Failed to capture screenshot of Token{6665c2b ActivityRecord{e887c7a u0 com.android.settings/.Settings$DevelopmentSettingsActivity t206}} appWin=Window{4f49e2 u0 com.android.settings/com.android.settings.Settings$DevelopmentSettingsActivity} drawState=4
10-15 21:44:20.705 11559 11559 D FirebaseApp: Default FirebaseApp failed to initialize because no default options were found. This usually means that com.google.gms:google-services was not applied to your gradle project.
10-15 21:44:20.705 11559 11559 I FirebaseInitProvider: FirebaseApp initialization unsuccessful
10-15 21:44:20.742 11559 11559 W System.err: SLF4J: Failed to load class "org.slf4j.impl.StaticLoggerBinder".
10-15 21:44:20.742 11559 11559 W System.err: SLF4J: Defaulting to no-operation (NOP) logger implementation
10-15 21:44:20.742 11559 11559 W System.err: SLF4J: See http://www.slf4j.org/codes.html#StaticLoggerBinder for further details.
10-15 21:44:20.743 11559 11559 D io.sentry.android.AndroidSentryClientFactory: Construction of Android Sentry.
10-15 21:44:20.759 11559 11559 D RustNativeSupport: findMegazordLibraryName(viaduct, 0.40.0
10-15 21:44:20.759 11559 11559 D RustNativeSupport: lib in use: none
10-15 21:44:20.759 11559 11559 D RustNativeSupport: lib configured: fenix
10-15 21:44:20.759 11559 11559 D RustNativeSupport: lib version configured: 0.40.0
10-15 21:44:20.759 11559 11559 D RustNativeSupport: settled on fenix
10-15 21:44:20.785 11559 11559 D RustNativeSupport: findMegazordLibraryName(rustlog, 0.40.0
10-15 21:44:20.785 11559 11559 D RustNativeSupport: lib in use: none
10-15 21:44:20.785 11559 11559 D RustNativeSupport: lib configured: fenix
10-15 21:44:20.785 11559 11559 D RustNativeSupport: lib version configured: 0.40.0
10-15 21:44:20.785 11559 11559 D RustNativeSupport: settled on fenix
10-15 21:44:20.788 11559 11559 I rc_log_ffi::ios: rc_log adapter initialized!
10-15 21:44:20.805 11559 11559 D GeckoThread: State changed to LAUNCHED
10-15 21:44:20.806 11559 11578 I GeckoThread: preparing to run Gecko
10-15 21:44:20.811 11559 11559 D GeckoRuntime: Lifecycle: onCreate
10-15 21:44:20.811 11559 11578 D GeckoThread: State changed to MOZGLUE_READY
10-15 21:44:20.824 11559 11578 W Settings: Setting animator_duration_scale has moved from android.provider.Settings.System to android.provider.Settings.Global, returning read-only global URI.
10-15 21:44:20.826 11559 11578 E GeckoLibLoad: Load sqlite start
10-15 21:44:20.843 11559 11559 I experiments: No active experiment in cache
10-15 21:44:20.847 11559 11580 D App     : Bucket is 75
10-15 21:44:20.855 11559 11578 W GeckoLinker: /data/app/org.mozilla.fenix.nightly-MoYbNjjeUzg3iULhA7caOw==/lib/arm/libnss3.so: unhandled flags #8 not handled
10-15 21:44:20.860 11559 11580 D App     : Experiments active: {asFeatureSyncDisabled=false}
10-15 21:44:20.867 11559 11578 W GeckoLinker: /data/app/org.mozilla.fenix.nightly-MoYbNjjeUzg3iULhA7caOw==/lib/arm/libnss3.so: Relocation to NULL @0x00133ffc for symbol "__cxa_type_match"
10-15 21:44:20.868 11559 11578 E GeckoLibLoad: Load sqlite done
10-15 21:44:20.872 11559 11578 E GeckoLibLoad: Load nss start
10-15 21:44:20.873 11559 11578 E GeckoLibLoad: Load nss done
10-15 21:44:20.873 11559 11578 W GeckoLinker: /data/app/org.mozilla.fenix.nightly-MoYbNjjeUzg3iULhA7caOw==/lib/arm/libxul.so: unhandled flags #8 not handled
10-15 21:44:20.874 11559 11578 W GeckoLinker: /data/app/org.mozilla.fenix.nightly-MoYbNjjeUzg3iULhA7caOw==/lib/arm/liblgpllibs.so: unhandled flags #8 not handled
10-15 21:44:20.884 11559 11559 I glean/Glean: Metrics enabled: true
10-15 21:44:20.917 11559 11578 E GeckoLibLoad: Loaded libs in 43.977921ms total, 20ms(153ms) user, 20ms(40ms) system, 0(0) faults
10-15 21:44:20.917 11559 11578 D GeckoThread: State changed to LIBS_READY
10-15 21:44:20.918 11559 11578 W GeckoThread: zerdatime 3718339439 - runGecko
10-15 21:44:20.920 11559 11559 I glean/Dispatchers: Task queued for execution and delayed until flushed
10-15 21:44:20.923 11559 11578 D GeckoProfile: Loading profile at: null name: default
10-15 21:44:20.924 11559 11578 D GeckoProfile: Found profile dir: /data/user/0/org.mozilla.fenix.nightly/files/mozilla/41sfyou3.default
10-15 21:44:20.933  1456  5050 I ActivityManager: Start proc 11597:org.mozilla.fenix.nightly:tab/u0a342 for service org.mozilla.fenix.nightly/org.mozilla.gecko.process.GeckoServiceChildProcess$tab
10-15 21:44:20.977 11559 11559 I glean/Dispatchers: Task queued for execution and delayed until flushed
10-15 21:44:20.978 11559 11559 I glean/Dispatchers: Task queued for execution and delayed until flushed
10-15 21:44:20.985 11559 11559 D App     : ActivationPing - already generated
10-15 21:44:21.005 11597 11597 W System.err: SLF4J: Failed to load class "org.slf4j.impl.StaticLoggerBinder".
10-15 21:44:21.005 11597 11597 W System.err: SLF4J: Defaulting to no-operation (NOP) logger implementation
10-15 21:44:21.005 11597 11597 W System.err: SLF4J: See http://www.slf4j.org/codes.html#StaticLoggerBinder for further details.
10-15 21:44:21.006 11597 11597 D io.sentry.android.AndroidSentryClientFactory: Construction of Android Sentry.
10-15 21:44:21.021   808   898 I SFPerfTracer:      triggers: (rate: 0:0) (0 sw vsyncs) (0 skipped) (34:104693 vsyncs) (36:477241)
10-15 21:44:21.022 11597 11597 D RustNativeSupport: findMegazordLibraryName(viaduct, 0.40.0
10-15 21:44:21.023 11597 11597 D RustNativeSupport: lib in use: none
10-15 21:44:21.023 11597 11597 D RustNativeSupport: lib configured: fenix
10-15 21:44:21.023 11597 11597 D RustNativeSupport: lib version configured: 0.40.0
10-15 21:44:21.023 11597 11597 D RustNativeSupport: settled on fenix
10-15 21:44:21.050 11597 11597 D RustNativeSupport: findMegazordLibraryName(rustlog, 0.40.0
10-15 21:44:21.050 11597 11597 D RustNativeSupport: lib in use: none
10-15 21:44:21.050 11597 11597 D RustNativeSupport: lib configured: fenix
10-15 21:44:21.050 11597 11597 D RustNativeSupport: lib version configured: 0.40.0
10-15 21:44:21.050 11597 11597 D RustNativeSupport: settled on fenix
10-15 21:44:21.053 11597 11597 I rc_log_ffi::ios: rc_log adapter initialized!
10-15 21:44:21.058 11597 11597 D GeckoThread: State changed to LAUNCHED
10-15 21:44:21.059 11597 11622 I GeckoThread: preparing to run Gecko
10-15 21:44:21.063 11559 11564 I zygote  : Do partial code cache collection, code=28KB, data=23KB
10-15 21:44:21.065 11559 11564 I zygote  : After code cache collection, code=28KB, data=23KB
10-15 21:44:21.065 11559 11564 I zygote  : Increasing code cache capacity to 128KB
10-15 21:44:21.077 11559 11559 W [WARNING][Leanplum]: [com.leanplum.internal.ActionManager::getLocationManager::8]: Geofencing support requires leanplum-location module and Google Play Services v8.1 and higher.
10-15 21:44:21.077 11559 11559 W [WARNING][Leanplum]: Add this to your build.gradle file:
10-15 21:44:21.077 11559 11559 W [WARNING][Leanplum]: implementation 'com.google.android.gms:play-services-location:8.3.0+'
10-15 21:44:21.077 11559 11559 W [WARNING][Leanplum]: implementation 'com.leanplum:leanplum-location:+'
10-15 21:44:21.085 11559 11559 I [INFO][Leanplum]: [com.leanplum.monitoring.ExceptionHandler::setContext::6]: LeanplumExceptionHandler could not initialize Exception Reporting.This is expected if you have not included the leanplum-monitoring module
10-15 21:44:21.095 11559 11623 I [INFO][Leanplum]: [com.leanplum.LeanplumFcmProvider::isManifestSetup::11]: Firebase Messaging is setup correctly.
10-15 21:44:21.095 11559 11559 I FirefoxAccountStateMachine: Enabling/updating sync with a new SyncConfig: SyncConfig(supportedEngines=[mozilla.components.service.fxa.SyncEngine$History@9dd6891, mozilla.components.service.fxa.SyncEngine$Bookmarks@a47e3f6], syncPeriodInMinutes=240)
10-15 21:44:21.099 11559 11559 I BgSyncManager: Periodic syncing enabled at a 240 interval
10-15 21:44:21.099 11559 11559 I FirefoxAccountStateMachine: Sync is enabled
10-15 21:44:21.102 11559 11559 W PushConfig: No firebase configuration found; cannot support push service.
10-15 21:44:21.104 11559 11626 I FirefoxAccountStateMachine: Processing event Event$Init for state Start. Next state is Start
10-15 21:44:21.107 11559 11626 I FirefoxAccountStateMachine: Ran 'Event$Init' side-effects for state Start, got successive event Event$AccountNotFound
10-15 21:44:21.107 11559 11626 I FirefoxAccountStateMachine: Processing event Event$AccountNotFound for state Start. Next state is NotAuthenticated
10-15 21:44:21.110 11559 11626 D RustNativeSupport: findMegazordLibraryName(fxaclient, 0.40.0
10-15 21:44:21.110 11559 11626 D RustNativeSupport: lib in use: none
10-15 21:44:21.110 11559 11626 D RustNativeSupport: lib configured: fenix
10-15 21:44:21.110 11559 11626 D RustNativeSupport: lib version configured: 0.40.0
10-15 21:44:21.110 11559 11626 D RustNativeSupport: settled on fenix
10-15 21:44:21.113 11559 11626 D fxaclient_ffi: fxa_new
10-15 21:44:21.135 11559 11559 D GeckoRuntime: Lifecycle: onStart
10-15 21:44:21.145 11559 11559 D GeckoRuntime: Lifecycle: onResume
10-15 21:44:21.146 11559 11559 D GeckoNetworkManager: Incoming event start for state OffNoListeners -> OnNoListeners
10-15 21:44:21.147 11559 11559 D GeckoNetworkManager: New network state: UP, WIFI, WIFI
10-15 21:44:21.149 11559 11623 D NetworkSecurityConfig: No Network Security Config specified, using platform default
10-15 21:44:21.163 11559 11634 D OpenGLRenderer: HWUI GL Pipeline
10-15 21:44:21.169 11559 11559 I glean/Glean: Registering pings for org.mozilla.fenix.GleanMetrics.Pings
10-15 21:44:21.170 11559 11559 I glean/Glean: Registering pings for mozilla.components.service.glean.GleanMetrics.Pings
10-15 21:44:21.187 11559 11640 D glean/PingMaker: Collecting events
10-15 21:44:21.209 11559 11559 D glean/MetricsPingScheduler: The 'metrics' ping was last sent on Tue Oct 15 00:00:00 EDT 2019
10-15 21:44:21.210 11559 11559 I glean/MetricsPingScheduler: The 'metrics' ping was already sent today, Tue Oct 15 21:44:21 EDT 2019.
10-15 21:44:21.210 11559 11559 D glean/MetricsPingScheduler: Scheduling the 'metrics' ping in 22538813ms
10-15 21:44:21.212 11559 11559 D glean/MetricsPingScheduler: The 'metrics' ping was last sent on Tue Oct 15 00:00:00 EDT 2019
10-15 21:44:21.213 11559 11559 I glean/MetricsPingScheduler: The 'metrics' ping was already sent today, Tue Oct 15 21:44:21 EDT 2019.
10-15 21:44:21.213 11559 11559 D glean/MetricsPingScheduler: Scheduling the 'metrics' ping in 22538789ms
10-15 21:44:21.240 11559 11653 E [ERROR][Leanplum]: [com.leanplum.LeanplumPushRegistrationService::onHandleIntent::4]: Failed to complete registration token refresh., java.lang.IllegalStateException: Default FirebaseApp is not initialized in this process org.mozilla.fenix.nightly. Make sure to call FirebaseApp.initializeApp(Context) first.
10-15 21:44:21.253 11559 11559 I zygote  : Deoptimizing void mozilla.components.support.utils.Browsers.<init>(android.content.Context, android.net.Uri, kotlin.jvm.internal.DefaultConstructorMarker) due to JIT inline cache
10-15 21:44:21.266 11559 11624 E ActivityThread: Failed to find provider info for com.facebook.katana.provider.AttributionIdProvider
10-15 21:44:21.299 11559 11582 D glean/PingStorageEngine: Storing ping adb790ea-1e3e-4cfc-a941-a364ccbd3067 at /data/user/0/org.mozilla.fenix.nightly/glean_data/pending_pings/adb790ea-1e3e-4cfc-a941-a364ccbd3067
10-15 21:44:21.320 11559 11578 I Gecko:DumpUtils: Fifo watcher disabled via pref.
10-15 21:44:21.344  1456  6339 I ActivityManager: START u0 {act=android.intent.action.VIEW dat=about:blank typ=text/html flg=0x10000000 cmp=org.mozilla.fenix.nightly/org.mozilla.fenix.HomeActivity (has extras)} from uid 10342
10-15 21:44:21.353 11559 11559 D GeckoNetworkManager: Incoming event receivedUpdate for state OnNoListeners -> OnNoListeners
10-15 21:44:21.355 11559 11559 D GeckoNetworkManager: New network state: UP, WIFI, WIFI
10-15 21:44:21.357  1456  5050 I WifiService: getDhcpInfo uid=10342
10-15 21:44:21.358  1456  1471 D ConnectivityService: requestNetwork for uid/pid:10342/11559 NetworkRequest [ TRACK_DEFAULT id=1189, [ Capabilities: INTERNET&NOT_RESTRICTED&TRUSTED&NOT_VPN] ]
10-15 21:44:21.360  1456  2099 D Ethernet: got request NetworkRequest [ TRACK_DEFAULT id=1189, [ Capabilities: INTERNET&NOT_RESTRICTED&TRUSTED&NOT_VPN] ] with score 60
10-15 21:44:21.360  1456  2054 D WIFI_UT : got request NetworkRequest [ TRACK_DEFAULT id=1189, [ Capabilities: INTERNET&NOT_RESTRICTED&TRUSTED&NOT_VPN] ] with score 60
10-15 21:44:21.360  1456  2054 D WIFI    : got request NetworkRequest [ TRACK_DEFAULT id=1189, [ Capabilities: INTERNET&NOT_RESTRICTED&TRUSTED&NOT_VPN] ] with score 60
10-15 21:44:21.362  2398  2398 D PhoneSwitcherNetworkRequstListener: got request NetworkRequest [ TRACK_DEFAULT id=1189, [ Capabilities: INTERNET&NOT_RESTRICTED&TRUSTED&NOT_VPN] ] with score 60
10-15 21:44:21.378 11559 11634 I Adreno  : QUALCOMM build                   : bb5b86c, I77d3059488
10-15 21:44:21.378 11559 11634 I Adreno  : Build Date                       : 06/07/18
10-15 21:44:21.378 11559 11634 I Adreno  : OpenGL ES Shader Compiler Version: EV031.22.00.01_06
10-15 21:44:21.378 11559 11634 I Adreno  : Local Branch                     : 
10-15 21:44:21.378 11559 11634 I Adreno  : Remote Branch                    : refs/tags/AU_LINUX_ANDROID_LA.UM.6.5.R1.08.01.00.312.086
10-15 21:44:21.378 11559 11634 I Adreno  : Remote Branch                    : NONE
10-15 21:44:21.378 11559 11634 I Adreno  : Reconstruct Branch               : NOTHING
10-15 21:44:21.378 11559 11634 D vndksupport: Loading /vendor/lib/hw/gralloc.msm8937.so from current namespace instead of sphal namespace.
10-15 21:44:21.393 11559 11634 I Adreno  : PFP: 0x005ff087, ME: 0x005ff063
10-15 21:44:21.403 11559 11634 I zygote  : android::hardware::configstore::V1_0::ISurfaceFlingerConfigs::hasWideColorDisplay retrieved: 0
10-15 21:44:21.405 11559 11634 I OpenGLRenderer: Initialized EGL, version 1.4
10-15 21:44:21.406 11559 11634 D OpenGLRenderer: Swap behavior 2
10-15 21:44:21.424 11559 11679 D glean/PingStorageEngine: Processing persisted pings at /data/user/0/org.mozilla.fenix.nightly/glean_data/pending_pings
10-15 21:44:21.426 11559 11679 D glean/PingStorageEngine: Processing ping: adb790ea-1e3e-4cfc-a941-a364ccbd3067
10-15 21:44:21.428 11559 11634 D vndksupport: Loading /vendor/lib/hw/android.hardware.graphics.mapper@2.0-impl.so from current namespace instead of sphal namespace.
10-15 21:44:21.429 11559 11679 D glean/ConceptFetchHttpUploader: Submitting ping to: https://incoming.telemetry.mozilla.org/submit/org-mozilla-fenix-nightly/events/1/adb790ea-1e3e-4cfc-a941-a364ccbd3067
10-15 21:44:21.431 11559 11634 D vndksupport: Loading /vendor/lib/hw/gralloc.msm8937.so from current namespace instead of sphal namespace.
10-15 21:44:21.442  1456  1623 I WifiService: requestActivityInfo uid=1000
10-15 21:44:21.442  1456  1623 I WifiService: reportActivityInfo uid=1000
10-15 21:44:21.442  1456  1623 I WifiService: getSupportedFeatures uid=1000
10-15 21:44:21.444  2398  2398 D QtiCarrierConfigHelper: WARNING, no carrier configs on phone Id: 0
10-15 21:44:21.445 11559 11682 I experiments: Fetching experiments from https://firefox.settings.services.mozilla.com/v1/buckets/main/collections/mobile-experiments/records?_since=1566233826256
10-15 21:44:21.448  1456  1673 I LaunchCheckinHandler: Displayed org.mozilla.fenix.nightly/org.mozilla.fenix.IntentReceiverActivity,cp,ca,883
10-15 21:44:21.475 11559 11559 D PhoneWindow: Restoring navigation bar divider color to default value = 0x00000000
10-15 21:44:21.478  1456  1623 E BatteryExternalStatsWorker: no controller energy info supplied for bluetooth
10-15 21:44:21.491 11559 11578 D GeckoSysInfo: System memory: 1867MB.
10-15 21:44:21.495 11559 11578 D GeckoThread: State changed to JNI_READY
10-15 21:44:21.507  1456  1623 E BatteryExternalStatsWorker: modem info is invalid: ModemActivityInfo{ mTimestamp=3718340005 mSleepTimeMs=-596880597 mIdleTimeMs=596901335 mTxTimeMs[]=[0, 0, 0, 0, 0] mRxTimeMs=63 mEnergyUsed=0}
10-15 21:44:21.533 11559 11564 I zygote  : Do partial code cache collection, code=57KB, data=47KB
10-15 21:44:21.534 11559 11564 I zygote  : After code cache collection, code=42KB, data=40KB
10-15 21:44:21.534 11559 11564 I zygote  : Increasing code cache capacity to 256KB
10-15 21:44:21.556 11559 11559 I NavController: Ignoring popBackStack to destination org.mozilla.fenix.nightly:id/browserFragment as it was not found on the current back stack
10-15 21:44:21.846 11559 11626 W FirefoxAccountStateMachine: Got invalid event Event$Init for state NotAuthenticated.
10-15 21:44:21.910 11559 11559 I zygote  : Deoptimizing java.lang.Object androidx.collection.SimpleArrayMap.put(java.lang.Object, java.lang.Object) due to JIT inline cache
10-15 21:44:21.923 11559 11690 W LOTTIE  : Animation contains merge paths. Merge paths are only supported on KitKat+ and must be manually enabled by calling enableMergePathsForKitKatAndAbove().
10-15 21:44:21.958 11559 11578 I Gecko   : 1571190261954	addons.xpi	WARN	List of valid built-in add-ons could not be parsed.: [Exception... "Component returned failure code: 0x80520012 (NS_ERROR_FILE_NOT_FOUND) [nsIXPCComponents_Utils.readUTF8URI]"  nsresult: "0x80520012 (NS_ERROR_FILE_NOT_FOUND)"  location: "JS frame :: resource://gre/modules/addons/XPIProvider.jsm :: startup :: line 2362"  data: no] Stack trace: startup()@resource://gre/modules/addons/XPIProvider.jsm:2362
10-15 21:44:21.958 11559 11578 I Gecko   : callProvider()@resource://gre/modules/AddonManager.jsm:213
10-15 21:44:21.958 11559 11578 I Gecko   : _startProvider()@resource://gre/modules/AddonManager.jsm:649
10-15 21:44:21.958 11559 11578 I Gecko   : startup()@resource://gre/modules/AddonManager.jsm:873
10-15 21:44:21.958 11559 11578 I Gecko   : startup()@resource://gre/modules/AddonManager.jsm:3469
10-15 21:44:21.958 11559 11578 I Gecko   : observe()@resource://gre/modules/addonManager.js:86
10-15 21:44:22.049 11559 11564 I zygote  : Do full code cache collection, code=126KB, data=100KB
10-15 21:44:22.052 11559 11564 I zygote  : After code cache collection, code=108KB, data=69KB
10-15 21:44:22.127  1456  1673 I ActivityManager: Displayed org.mozilla.fenix.nightly/org.mozilla.fenix.HomeActivity: +714ms (total +1s559ms)
10-15 21:44:22.131 11559 11564 I zygote  : Do partial code cache collection, code=123KB, data=80KB
10-15 21:44:22.133 11559 11564 I zygote  : After code cache collection, code=120KB, data=80KB
10-15 21:44:22.133 11559 11564 I zygote  : Increasing code cache capacity to 512KB
10-15 21:44:22.149 11559 11559 W LOTTIE  : Animation contains merge paths but they are disabled.
10-15 21:44:22.158 11559 11578 D GeckoThread: State changed to PROFILE_READY
10-15 21:44:22.273 11559 11578 W GeckoEventDispatcher: No listener for AndroidCastDevice:SyncDevice
10-15 21:44:22.280 11559 11578 I Gecko   : -*- nsDNSServiceDiscovery.js : nsDNSServiceDiscovery
10-15 21:44:22.392 11559 11578 W ResourceType: Too many attribute references, stopped at: 0x01010099
10-15 21:44:22.440 11559 11578 I Gecko   : Attempting load of libEGL.so
10-15 21:44:22.633 11559 11559 D GeckoNetworkManager: Incoming event enableNotifications for state OnNoListeners -> OnWithListeners
10-15 21:44:22.634 11559 11559 D GeckoNetworkManager: New network state: UP, WIFI, WIFI
10-15 21:44:22.635 11559 11559 D GeckoNetworkManager: Incoming event receivedUpdate for state OnWithListeners -> OnWithListeners
10-15 21:44:22.636 11559 11559 D GeckoNetworkManager: New network state: UP, WIFI, WIFI
10-15 21:44:22.638 11559 11578 W GeckoLinker: /data/app/org.mozilla.fenix.nightly-MoYbNjjeUzg3iULhA7caOw==/lib/arm/libsoftokn3.so: unhandled flags #8 not handled
10-15 21:44:22.639 11559 11578 W GeckoLinker: /data/app/org.mozilla.fenix.nightly-MoYbNjjeUzg3iULhA7caOw==/lib/arm/libsoftokn3.so: Relocation to NULL @0x00025ffc for symbol "__cxa_type_match"
10-15 21:44:22.640 11559 11578 W GeckoLinker: /data/app/org.mozilla.fenix.nightly-MoYbNjjeUzg3iULhA7caOw==/lib/arm/libfreebl3.so: unhandled flags #8 not handled
10-15 21:44:22.640 11559 11578 W GeckoLinker: /data/app/org.mozilla.fenix.nightly-MoYbNjjeUzg3iULhA7caOw==/lib/arm/libfreebl3.so: Relocation to NULL @0x00040ffc for symbol "__cxa_type_match"
10-15 21:44:22.674 11559 11712 W GeckoLinker: /data/app/org.mozilla.fenix.nightly-MoYbNjjeUzg3iULhA7caOw==/lib/arm/libnssckbi.so: unhandled flags #8 not handled
10-15 21:44:22.675 11559 11712 W GeckoLinker: /data/app/org.mozilla.fenix.nightly-MoYbNjjeUzg3iULhA7caOw==/lib/arm/libnssckbi.so: Relocation to NULL @0x00050ffc for symbol "__cxa_type_match"
10-15 21:44:22.899 11559 11682 D experiments: Fetched experiments from https://firefox.settings.services.mozilla.com/v1/buckets/main/collections/mobile-experiments/records?_since=1566233826256:
10-15 21:44:22.899 11559 11682 D experiments: {"data":[]}
10-15 21:44:22.900 11559 11682 I experiments: Experiments update from server: ExperimentsSnapshot(experiments=[Experiment(id=fenix-test-2019-08-05, description=End-to-end test of the Mobiles Experiments platform for Firefox Preview., lastModified=1566233826256, schemaModified=1566228455761, buckets=Buckets(start=0, count=667), branches=[Branch(name=a, ratio=1), Branch(name=b, ratio=1), Branch(name=c, ratio=1)], match=Matcher(appId=^org.mozilla.fenix$, appDisplayVersion=null, appMinVersion=null, appMaxVersion=null, localeLanguage=null, localeCountry=null, deviceManufacturer=null, deviceModel=null, regions=[], debugTags=[]))], lastModified=1566233826256)
10-15 21:44:22.903 11559 11682 I experiments: onExperimentsUpdated - no experiment currently active, looking for match
10-15 21:44:22.908 11559 11575 I WM-WorkerWrapper: Worker result SUCCESS for Work [ id=2f28cb3e-32f1-40ba-a2bd-8999d5e775b5, tags={ mozilla.components.service.experiments.ExperimentsUpdaterWorker, mozilla.components.service.experiments } ]
10-15 21:44:22.992 11597 11622 D GeckoThread: State changed to MOZGLUE_READY
10-15 21:44:22.999 11597 11622 W Settings: Setting animator_duration_scale has moved from android.provider.Settings.System to android.provider.Settings.Global, returning read-only global URI.
10-15 21:44:23.001 11597 11622 E GeckoLibLoad: Load sqlite start
10-15 21:44:23.018 11597 11622 W GeckoLinker: /data/app/org.mozilla.fenix.nightly-MoYbNjjeUzg3iULhA7caOw==/lib/arm/libnss3.so: unhandled flags #8 not handled
10-15 21:44:23.023 11597 11622 W GeckoLinker: /data/app/org.mozilla.fenix.nightly-MoYbNjjeUzg3iULhA7caOw==/lib/arm/libnss3.so: Relocation to NULL @0x00133ffc for symbol "__cxa_type_match"
10-15 21:44:23.023 11597 11622 E GeckoLibLoad: Load sqlite done
10-15 21:44:23.023 11597 11622 E GeckoLibLoad: Load nss start
10-15 21:44:23.023 11597 11622 E GeckoLibLoad: Load nss done
10-15 21:44:23.024 11597 11622 W GeckoLinker: /data/app/org.mozilla.fenix.nightly-MoYbNjjeUzg3iULhA7caOw==/lib/arm/libxul.so: unhandled flags #8 not handled
10-15 21:44:23.024 11597 11622 W GeckoLinker: /data/app/org.mozilla.fenix.nightly-MoYbNjjeUzg3iULhA7caOw==/lib/arm/liblgpllibs.so: unhandled flags #8 not handled
10-15 21:44:23.033 11559 11578 D GeckoThread: State changed to RUNNING
10-15 21:44:23.033 11559 11578 I GeckoSession: zerdatime 3718341555 - chrome startup finished
10-15 21:44:23.042 11559 11679 D glean/ConceptFetchHttpUploader: Ping successfully sent (200)
10-15 21:44:23.043 11559 11679 D glean/PingStorageEngine: adb790ea-1e3e-4cfc-a941-a364ccbd3067 was deleted: true
10-15 21:44:23.044 11559 11592 I WM-WorkerWrapper: Worker result SUCCESS for Work [ id=8434b540-3846-4561-9678-33bc3d2ec6dd, tags={ mozac_service_glean_ping_upload_worker, mozilla.components.service.glean.scheduler.PingUploadWorker } ]
10-15 21:44:23.050  1456  2067 D ConnectivityService: releasing NetworkRequest [ TRACK_DEFAULT id=1189, [ Capabilities: INTERNET&NOT_RESTRICTED&TRUSTED&NOT_VPN] ] (release request)
10-15 21:44:23.056 11597 11622 E GeckoLibLoad: Loaded libs in 32.540003ms total, 26ms(23ms) user, 6ms(6ms) system, 0(0) faults
10-15 21:44:23.056 11597 11622 D GeckoThread: State changed to LIBS_READY
10-15 21:44:23.056 11597 11622 W GeckoThread: zerdatime 3718341577 - runGecko
10-15 21:44:23.211 11559 11578 W ResourceType: Too many attribute references, stopped at: 0x01010099
10-15 21:44:23.592 11597 11622 D GeckoThread: State changed to RUNNING
10-15 21:44:23.704 11559 11559 D App     : Installed browser-icons extension
10-15 21:44:23.705 11559 11559 D mozac-webextensions: Installed extension: mozacWebchannel
10-15 21:44:23.706 11559 11559 D mozac-webextensions: Installed extension: mozacReaderview
10-15 21:44:23.819 11559 11559 D GeckoSession: handleMessage GeckoView:PageStart uri=about:blank
10-15 21:44:23.828 11559 11578 D GeckoScreenOrientation: unlocking
10-15 21:44:23.834 11559 11559 D GeckoSession: handleMessage GeckoView:LocationChange uri=about:blank
10-15 21:44:23.835 11559 11559 D GeckoSession: handleMessage GeckoView:PageStop uri=null
10-15 21:44:23.839 11559 11559 I SessionStorage/AutoSave: Save: Load finished
10-15 21:44:23.847 11559 11580 D SessionStorage/AutoSave: Saved state to disk [7ms]
10-15 21:44:23.860 11559 11559 D GeckoSession: handleMessage GeckoView:OnLoadRequest uri=about:blank
10-15 21:44:23.879 11559 11559 D GeckoSession: handleMessage GeckoView:OnLoadRequest uri=about:blank
10-15 21:44:23.966 11559 11559 D GeckoSession: handleMessage GeckoView:PageStart uri=about:blank
10-15 21:44:23.981 11559 11559 D GeckoSession: handleMessage GeckoView:PageStop uri=null
10-15 21:44:23.986 11559 11559 I SessionStorage/AutoSave: Save: Load finished
10-15 21:44:23.988 11559 11580 D SessionStorage/AutoSave: Delaying save (1852ms)
10-15 21:44:24.017 11559 11559 D GeckoSession: handleMessage GeckoView:PageStart uri=about:blank
10-15 21:44:24.040 11559 11559 D GeckoSession: handleMessage GeckoView:SecurityChanged uri=null
10-15 21:44:24.057 11559 11559 D mozac-webcompat: Installed WebCompat webextension: webcompat@mozilla.com
10-15 21:44:24.124 11559 11559 D GeckoSession: handleMessage GeckoView:PageStop uri=null
10-15 21:44:24.129 11559 11559 I SessionStorage/AutoSave: Save: Load finished
10-15 21:44:24.129 11559 11559 D SessionStorage/AutoSave: Skipping save, other job already in flight
10-15 21:44:24.571   808   808 I SFPerfTracer:      triggers: (rate: 4:7220) (compose: 0:0) (post: 0:0) (render: 0:1) (19:190609 frames) (20:473911)
10-15 21:44:24.572   808   808 D SFPerfTracer:        layers: (4:12) (NavigationBar#0 (0xb07df000): 0:1072) (StatusBar#0 (0xb07e3000): 0:288249) (com.android.systemui.ImageWallpaper#0 (0xb07e7000): 0:76)* (Sprite#0 (0xb0733000): 0:317)* (DimLayerController/Stack=0#0 (0xb075a000): 0:165)* (animation background stackId=1#0 (0xb0771000): 0:4)* (Sprite#1 (0xb077c000): 0:195)* (org.mozilla.fenix.nightly/org.mozilla.fenix.HomeActivity#0 (0xb03a0000): 0:64)- (com.android.settings/com.android.settings.Settings$DevelopmentSettingsActivity#0 (0xb0763000): 0:8)- (Splash Screen org.mozilla.fenix.nightly#0 (0xb039b000): 0:32)- (org.mozilla.fenix.nightly/org.mozilla.fenix.IntentReceiverActivity#0 (0xb0383000): 0:6)- (org.mozilla.fenix.nightly/org.mozilla.fenix.HomeActivity#0 (0xb03a0000): 20:52) 
10-15 21:44:24.769 11559 11559 D GeckoSession: handleMessage GeckoView:StateUpdated uri=null
10-15 21:44:24.769 11559 11559 W GeckoSession: No history entries found.
10-15 21:44:25.860 11559 11583 D SessionStorage/AutoSave: Saved state to disk [17ms]
10-15 21:44:30.668  1456  1471 I ActivityManager: Force stopping org.mozilla.fenix.nightly appid=10342 user=0: from pid 11778
10-15 21:44:30.668  1456  1471 I ActivityManager: Killing 11559:org.mozilla.fenix.nightly/u0a342 (adj 0): stop org.mozilla.fenix.nightly
10-15 21:44:30.670  1456  1605 W zygote  : kill(-11559, 9) failed: No such process
10-15 21:44:30.672 11597 11597 I ServiceChildProcess: Service has been unbound. Stopping.
10-15 21:44:30.672  1456  1471 W ActivityManager: Force removing ActivityRecord{e1e7160 u0 org.mozilla.fenix.nightly/org.mozilla.fenix.HomeActivity t703}: app died, no saved state
10-15 21:44:30.685  1456  1605 W zygote  : kill(-11559, 9) failed: No such process
10-15 21:44:30.699  1456  1605 I chatty  : uid=1000(system) ActivityManager identical 1 line
10-15 21:44:30.706  1456  1471 I ActivityManager: Killing 11597:org.mozilla.fenix.nightly:tab/u0a342 (adj 0): stop org.mozilla.fenix.nightly
10-15 21:44:30.712  1456  1605 W zygote  : kill(-11559, 9) failed: No such process
10-15 21:44:30.722  2398  2398 D CarrierSvcBindHelper: No carrier app for: 0
10-15 21:44:30.724  2398  2398 D CarrierSvcBindHelper: No carrier app for: 1
10-15 21:44:30.726  1456  1605 W zygote  : kill(-11559, 9) failed: No such process
10-15 21:44:30.731  7883  7883 W Settings: Setting bugreport_in_power_menu has moved from android.provider.Settings.Secure to android.provider.Settings.Global.
10-15 21:44:30.736  7883 11780 W TileUtils: Found com.android.settings.backup.BackupSettingsActivity for intent Intent { act=com.android.settings.action.SETTINGS pkg=com.android.settings } missing metadata com.android.settings.category
10-15 21:44:30.739  1456  1605 W zygote  : kill(-11559, 9) failed: No such process
10-15 21:44:30.743  1456  1471 I WifiService: getVerboseLoggingLevel uid=1000
10-15 21:44:30.744  1456  1471 I WifiService: getAggressiveHandover uid=1000
10-15 21:44:30.744  1456  1471 I WifiService: getAllowScansWithTraffic uid=1000
10-15 21:44:30.754  7883  7883 W ResourceType: Found multiple library tables, ignoring...
10-15 21:44:30.756  1456  1605 W zygote  : kill(-11559, 9) failed: No such process
10-15 21:44:30.759  7883 11780 D Settings: No enabled state changed, skipping updateCategory call
10-15 21:44:30.768  1456  1605 W zygote  : kill(-11559, 9) failed: No such process
10-15 21:44:30.769  2398  2398 E PhoneInterfaceManager: [PhoneIntfMgr] getAllowedCarriers: CommandException: com.android.internal.telephony.CommandException: REQUEST_NOT_SUPPORTED
10-15 21:44:30.774  2398  2398 E PhoneInterfaceManager: [PhoneIntfMgr] getAllowedCarriers: CommandException: com.android.internal.telephony.CommandException: REQUEST_NOT_SUPPORTED
10-15 21:44:30.783  1456  1605 W zygote  : kill(-11559, 9) failed: No such process
10-15 21:44:30.803  1456  1605 I chatty  : uid=1000(system) ActivityManager identical 1 line
10-15 21:44:30.820  1456  1605 W zygote  : kill(-11559, 9) failed: No such process
10-15 21:44:30.829  1456  2196 I WindowManager: WIN DEATH: Window{3cd0542 u0 org.mozilla.fenix.nightly/org.mozilla.fenix.HomeActivity}
10-15 21:44:30.831   808  2453 E SurfaceFlinger: Failed to find layer (org.mozilla.fenix.nightly/org.mozilla.fenix.HomeActivity#0) in layer parent (no-parent).
10-15 21:44:30.837  1456  1605 W zygote  : kill(-11559, 9) failed: No such process
10-15 21:44:30.839  1456  1673 W ActivityManager: setHasOverlayUi called on unknown pid: 11559
10-15 21:44:30.866  1456  1605 I chatty  : uid=1000(system) ActivityManager identical 2 lines
10-15 21:44:30.882  1456  1605 W zygote  : kill(-11559, 9) failed: No such process
10-15 21:44:30.882  1456  1605 I zygote  : Successfully killed process cgroup uid 10342 pid 11559 in 211ms
10-15 21:44:30.882  1456  1605 W zygote  : kill(-11597, 9) failed: No such process
10-15 21:44:30.882  1456  1605 I zygote  : Successfully killed process cgroup uid 10342 pid 11597 in 0ms
