12-04 21:57:28.370  2360  2360 I ModemStatsDSDetect: onReceive() -Intent { act=android.net.conn.INET_CONDITION_ACTION flg=0x4000010 (has extras) }
12-04 21:57:28.371  2360  2360 I ModemStatsDSDetect: INET_CONDITION=100 ,activeNet=[type: WIFI[], state: CONNECTED/CONNECTED, reason: (unspecified), extra: "Mozilla Guest", failover: false, available: true, roaming: false]
12-04 21:57:28.371  2360  2360 I ModemStatsDSDetect: Inetcondition changed, white->blue
12-04 21:57:28.371  2360  2360 I ModemStatsDSDetect: onReceive() - done, currentInetCondition=100
12-04 21:57:28.421 24643 24857 I chatty  : uid=10470(org.mozilla.fenix.performancetest) expire 5 lines
12-04 21:57:28.452 24643 24860 I chatty  : uid=10470(org.mozilla.fenix.performancetest) expire 4 lines
12-04 21:57:28.458 23624 24856 E WakeLock: GCM_CONN_ALARM release without a matched acquire!
12-04 21:57:28.733 24643 24667 I chatty  : uid=10470(org.mozilla.fenix.performancetest) expire 1 line
12-04 21:57:28.815 24643 24671 I chatty  : uid=10470(org.mozilla.fenix.performancetest) expire 1 line
12-04 21:57:28.830  1456  2067 D ConnectivityService: releasing NetworkRequest [ TRACK_DEFAULT id=3702, [ Capabilities: INTERNET&NOT_RESTRICTED&TRUSTED&NOT_VPN] ] (release request)
12-04 21:57:33.849  1456  2054 W AlarmManager: Unrecognized alarm listener com.android.server.wifi.WifiConfigStore$1@b6eaa99
12-04 21:57:33.858  1456  2054 D WifiConfigStore: Writing to stores completed in 8 ms.
12-04 21:57:33.922  1456  2921 I ActivityManager: Force stopping org.mozilla.fenix.performancetest appid=10470 user=0: from pid 24880
12-04 21:57:33.922  1456  2921 I ActivityManager: Killing 24643:org.mozilla.fenix.performancetest/u0a470 (adj 0): stop org.mozilla.fenix.performancetest
12-04 21:57:33.924  1456  1605 W zygote  : kill(-24643, 9) failed: No such process
12-04 21:57:33.925  1456  2921 W ActivityManager: Force removing ActivityRecord{c58961c u0 org.mozilla.fenix.performancetest/org.mozilla.fenix.HomeActivity t2808}: app died, no saved state
12-04 21:57:33.940  1456  1605 W zygote  : kill(-24643, 9) failed: No such process
12-04 21:57:33.951  1456  7796 I OpenGLRenderer: Initialized EGL, version 1.4
12-04 21:57:33.952  1456  7796 D OpenGLRenderer: Swap behavior 2
12-04 21:57:33.956  1456  1605 W zygote  : kill(-24643, 9) failed: No such process
12-04 21:57:33.962  1456  2921 I ActivityManager: moveHomeStack, setupComplete:true
12-04 21:57:33.964   808   898 I SFPerfTracer:      triggers: (rate: 0:0) (0 sw vsyncs) (0 skipped) (0:362711 vsyncs) (1:1156177)
12-04 21:57:33.987  1456  1605 I chatty  : uid=1000(system) ActivityManager identical 2 lines
12-04 21:57:33.991  1456  2921 I ActivityManager: Killing 24692:org.mozilla.fenix.performancetest:tab/u0a470 (adj 0): stop org.mozilla.fenix.performancetest
12-04 21:57:34.012  1456  1605 W zygote  : kill(-24643, 9) failed: No such process
12-04 21:57:34.015  2748  2748 D Launcher.Utilities: Wakeup weather: Intent { act=com.motorola.launcher3.action.WAKEUP_WEATHER cmp=com.motorola.timeweatherwidget/com.motorola.commandcenter.weather.WakeUpService }
12-04 21:57:34.023  2398  2398 D CarrierSvcBindHelper: No carrier app for: 0
12-04 21:57:34.025  2398  2398 D CarrierSvcBindHelper: No carrier app for: 1
12-04 21:57:34.028  1456  1605 W zygote  : kill(-24643, 9) failed: No such process
12-04 21:57:34.047  1456  1605 W zygote  : kill(-24643, 9) failed: No such process
12-04 21:57:34.052  1456  1941 W InputDispatcher: channel '5e2898b org.mozilla.fenix.performancetest/org.mozilla.fenix.HomeActivity (server)' ~ Consumer closed input channel or an error occurred.  events=0x9
12-04 21:57:34.053  1456  1941 E InputDispatcher: channel '5e2898b org.mozilla.fenix.performancetest/org.mozilla.fenix.HomeActivity (server)' ~ Channel is unrecoverably broken and will be disposed!
12-04 21:57:34.061  1456  1605 W zygote  : kill(-24643, 9) failed: No such process
12-04 21:57:34.064  1456 10366 I WindowManager: WIN DEATH: Window{5e2898b u0 org.mozilla.fenix.performancetest/org.mozilla.fenix.HomeActivity}
12-04 21:57:34.064  1456 10366 W InputDispatcher: Attempted to unregister already unregistered input channel '5e2898b org.mozilla.fenix.performancetest/org.mozilla.fenix.HomeActivity (server)'
12-04 21:57:34.085  1456  1605 W zygote  : kill(-24643, 9) failed: No such process
12-04 21:57:34.085  1456  1605 I zygote  : Successfully killed process cgroup uid 10470 pid 24643 in 161ms
12-04 21:57:34.085  1456  1605 W zygote  : kill(-24692, 9) failed: No such process
12-04 21:57:34.085  1456  1605 I zygote  : Successfully killed process cgroup uid 10470 pid 24692 in 0ms
12-04 21:57:34.089   808   808 D SurfaceFlinger: duplicate layer name: changing com.android.launcher3/com.android.launcher3.CustomizationPanelLauncher to com.android.launcher3/com.android.launcher3.CustomizationPanelLauncher#1
12-04 21:57:34.098 24218  5934 W ThreadPoolDumper: Queue length for executor EventBus is now 11. Perhaps some tasks are too long, or the pool is too small.
12-04 21:57:34.109  1456  1456 I NotificationService: Cannot find enqueued record for key: 0|com.motorola.timeweatherwidget|1|null|10116
12-04 21:57:34.110  1456  1673 W ActivityManager: setHasOverlayUi called on unknown pid: 24643
12-04 21:57:34.129  1456  4679 I WifiService: getWifiEnabledState uid=10073
12-04 21:57:34.136  1456  4679 I ActivityManager: START u0 {act=android.intent.action.MAIN cat=[android.intent.category.LAUNCHER] flg=0x10000000 cmp=org.mozilla.fenix.performancetest/org.mozilla.fenix.HomeActivity} from uid 2000
12-04 21:57:34.137   794   839 E ANDR-PERF-RESOURCEQS: Failed to apply optimization [4, 0]
12-04 21:57:34.143  1456  2923 I WifiService: getWifiEnabledState uid=10073
12-04 21:57:34.170 24218 24289 I MicroDetectionState: Should stop hotword detection immediately - false
12-04 21:57:34.172  1456  3925 I ActivityManager: Start proc 24889:org.mozilla.fenix.performancetest/u0a470 for activity org.mozilla.fenix.performancetest/org.mozilla.fenix.HomeActivity
12-04 21:57:34.174 24218 24289 I MicroDetectionWorker: #startMicroDetector [speakerMode: 0]
12-04 21:57:34.176 24218 24289 I AudioController: Created new AudioSource
12-04 21:57:34.182 24889 24889 I chatty  : uid=10470(org.mozilla.fenix.performancetest) expire 43 lines
12-04 21:57:34.188 24218 24289 I MicroDetectionWorker: onReady
12-04 21:57:34.190 24218  9986 I MicroDataManager: isInitializing-false locale not changed-true model not changed-true
12-04 21:57:34.191 24218  9986 I MicroDataManager: Already initialized, obtaining the hotword data immediately.
12-04 21:57:34.202 24218  9454 I MicroRecognitionRunner: Starting detection.
12-04 21:57:34.204 24218  9454 I InputStreamUtils: Using micInputStream
12-04 21:57:34.209 24218  9444 I MicrophoneInputStream: mic_starting  SR : 16000 CC : 16 SO : 1999
12-04 21:57:34.218  1012 24896 I chatty  : uid=1041(audioserver) /system/bin/audioserver expire 1 line
12-04 21:57:34.226  1012  4818 I chatty  : uid=1041(audioserver) Binder:1012_4 expire 1 line
12-04 21:57:34.227 24218  9444 I MicrophoneInputStream: mic_started  SR : 16000 CC : 16 SO : 1999
12-04 21:57:34.228   788 24897 I chatty  : uid=1041(audioserver) audio@2.0-servi expire 51 lines
12-04 21:57:34.247 24218 24289 I MicroDetectionState: Should stop hotword detection immediately - false
12-04 21:57:34.248 24218 24289 I MicroDetector: Keeping mic open: false
12-04 21:57:34.248 24218 24289 I RecognitionAudioControl: #shutdownAudio [requestId: 6133955587160093885, keepAudioOpen: false, forced: true]
12-04 21:57:34.248 24218  6297 E DeviceStateChecker: DeviceStateChecker cancelled
12-04 21:57:34.248 24218 24289 I RecognitionAudioControl: #internalShutdownAudio [requestId: 6133955587160093885]
12-04 21:57:34.248 24218 24289 I RecognitionAudioControl: #internalShutdownAudio [keepAudioOpen: false, forced: true]
12-04 21:57:34.248 24218 24289 I RecognitionAudioControl: #actualShutdownAudio
12-04 21:57:34.248 24218 24289 I AudioController: #shutdown [requestId=6133955587160093885]
12-04 21:57:34.250 24218  9986 I AudioController: internalShutdown
12-04 21:57:34.250 24218  9245 I MicroRecognitionRunner: Stopping hotword detection.
12-04 21:57:34.346  1456  1466 I zygote  : NativeAlloc concurrent copying GC freed 122690(5MB) AllocSpace objects, 39(1676KB) LOS objects, 42% free, 26MB/47MB, paused 258us total 394.279ms
12-04 21:57:34.347   788  1479 I chatty  : uid=1041(audioserver) HwBinder:788_3 expire 2 lines
12-04 21:57:34.350  1012  4818 I chatty  : uid=1041(audioserver) Binder:1012_4 expire 1 line
12-04 21:57:34.351   788   788 I chatty  : uid=1041(audioserver) audio@2.0-servi expire 1 line
12-04 21:57:34.353 24218  9986 I MicrophoneInputStream: mic_close  SR : 16000 CC : 16 SO : 1999
12-04 21:57:34.354 24218  9986 E AudioSource: Stop listening is called on already closed AudioSource
12-04 21:57:34.355 24218  9454 I MicroRecognitionRunner: Detection finished
12-04 21:57:34.452 24889 24910 I chatty  : uid=10470(org.mozilla.fenix.performancetest) expire 11 lines
12-04 21:57:34.693 24889 24924 I chatty  : uid=10470(org.mozilla.fenix.performancetest) expire 38 lines
12-04 21:57:34.780 24889 24912 I chatty  : uid=10470(org.mozilla.fenix.performancetest) expire 2 lines
12-04 21:57:34.839  1456  4797 I ActivityManager: Start proc 24933:org.mozilla.fenix.performancetest:tab/u0a470 for service org.mozilla.fenix.performancetest/org.mozilla.gecko.process.GeckoServiceChildProcess$tab
12-04 21:57:34.843 24933 24933 I chatty  : uid=10470(org.mozilla.fenix.performancetest) expire 3 lines
12-04 21:57:34.847 24889 24938 I chatty  : uid=10470(org.mozilla.fenix.performancetest) expire 10 lines
12-04 21:57:34.969 24889 24898 I chatty  : uid=10470(org.mozilla.fenix.performancetest) expire 11 lines
12-04 21:57:35.009 24933 24959 I chatty  : uid=10470(org.mozilla.fenix.performancetest) expire 1 line
12-04 21:57:35.625 24889 24998 I chatty  : uid=10470(org.mozilla.fenix.performancetest) expire 5 lines
12-04 21:57:35.743 24889 25007 I chatty  : uid=10470(org.mozilla.fenix.performancetest) expire 3 lines
12-04 21:57:35.814  1456  4679 D ConnectivityService: requestNetwork for uid/pid:10470/24889 NetworkRequest [ TRACK_DEFAULT id=3703, [ Capabilities: INTERNET&NOT_RESTRICTED&TRUSTED&NOT_VPN] ]
12-04 21:57:35.815  1456  2099 D Ethernet: got request NetworkRequest [ TRACK_DEFAULT id=3703, [ Capabilities: INTERNET&NOT_RESTRICTED&TRUSTED&NOT_VPN] ] with score 60
12-04 21:57:35.815  1456  2054 D WIFI_UT : got request NetworkRequest [ TRACK_DEFAULT id=3703, [ Capabilities: INTERNET&NOT_RESTRICTED&TRUSTED&NOT_VPN] ] with score 60
12-04 21:57:35.815  1456  2054 D WIFI    : got request NetworkRequest [ TRACK_DEFAULT id=3703, [ Capabilities: INTERNET&NOT_RESTRICTED&TRUSTED&NOT_VPN] ] with score 60
12-04 21:57:35.816  2398  2398 D PhoneSwitcherNetworkRequstListener: got request NetworkRequest [ TRACK_DEFAULT id=3703, [ Capabilities: INTERNET&NOT_RESTRICTED&TRUSTED&NOT_VPN] ] with score 60
12-04 21:57:35.887 24889 24889 I chatty  : uid=10470(org.mozilla.fenix.performancetest) expire 22 lines
12-04 21:57:36.093  1456  4679 I WifiService: getDhcpInfo uid=10470
12-04 21:57:36.695 24889 25024 I chatty  : uid=10470(org.mozilla.fenix.performancetest) expire 2 lines
12-04 21:57:36.878 24889 25040 I chatty  : uid=10470(org.mozilla.fenix.performancetest) expire 5 lines
12-04 21:57:37.110  1456  1673 I LaunchCheckinHandler: Displayed org.mozilla.fenix.performancetest/org.mozilla.fenix.HomeActivity,cp,ca,2958
12-04 21:57:37.111  1456  1673 I ActivityManager: Displayed org.mozilla.fenix.performancetest/org.mozilla.fenix.HomeActivity: +2s954ms
12-04 21:57:37.211 24889 25047 I chatty  : uid=10470(org.mozilla.fenix.performancetest) expire 4 lines
12-04 21:57:37.288  2748  2917 W OpenGLRenderer: Incorrectly called buildLayer on View: ShortcutAndWidgetContainer, destroying layer...
12-04 21:57:37.305 24889 24915 I chatty  : uid=10470(org.mozilla.fenix.performancetest) expire 2 lines
12-04 21:57:37.317 24218  9444 I PBSessionCacheImpl: Deleted sessionId[106513465717542460] from persistence.
12-04 21:57:37.320  1456  1471 I WifiService: getWifiEnabledState uid=10073
12-04 21:57:37.335 24218 24289 W SearchServiceCore: Abort, client detached.
12-04 21:57:37.381  1456  2067 D ConnectivityService: releasing NetworkRequest [ TRACK_DEFAULT id=3703, [ Capabilities: INTERNET&NOT_RESTRICTED&TRUSTED&NOT_VPN] ] (release request)
12-04 21:57:43.907  1456  2063 D WifiNative-wlan0: Scan issued for specific freq..
12-04 21:57:44.271  1456  4679 I ActivityManager: Force stopping org.mozilla.fenix.performancetest appid=10470 user=0: from pid 25056
12-04 21:57:44.271  1456  4679 I ActivityManager: Killing 24889:org.mozilla.fenix.performancetest/u0a470 (adj 0): stop org.mozilla.fenix.performancetest
12-04 21:57:44.273  1456  1605 W zygote  : kill(-24889, 9) failed: No such process
12-04 21:57:44.275  1456  4679 W ActivityManager: Force removing ActivityRecord{3b26c96 u0 org.mozilla.fenix.performancetest/org.mozilla.fenix.HomeActivity t2809}: app died, no saved state
12-04 21:57:44.289  1456  1605 W zygote  : kill(-24889, 9) failed: No such process
12-04 21:57:44.304  1456  1605 W zygote  : kill(-24889, 9) failed: No such process
12-04 21:57:44.309  1456  4797 D WificondControl: Scan result ready event
12-04 21:57:44.310  1456  7796 I OpenGLRenderer: Initialized EGL, version 1.4
12-04 21:57:44.316  1456  4679 I ActivityManager: moveHomeStack, setupComplete:true
12-04 21:57:44.317  1456  7796 D OpenGLRenderer: Swap behavior 2
12-04 21:57:44.317  1456  1605 W zygote  : kill(-24889, 9) failed: No such process
12-04 21:57:44.324  1456  4679 I ActivityManager: Killing 24933:org.mozilla.fenix.performancetest:tab/u0a470 (adj 0): stop org.mozilla.fenix.performancetest
12-04 21:57:44.334  1456  1605 I chatty  : uid=1000(system) ActivityManager identical 1 line
12-04 21:57:44.352  1456  1605 W zygote  : kill(-24889, 9) failed: No such process
12-04 21:57:44.353  1456  1941 W InputDispatcher: channel 'ecaac64 org.mozilla.fenix.performancetest/org.mozilla.fenix.HomeActivity (server)' ~ Consumer closed input channel or an error occurred.  events=0x9
12-04 21:57:44.354  1456  1941 E InputDispatcher: channel 'ecaac64 org.mozilla.fenix.performancetest/org.mozilla.fenix.HomeActivity (server)' ~ Channel is unrecoverably broken and will be disposed!
12-04 21:57:44.366  1456 10736 I WindowManager: WIN DEATH: Window{ecaac64 u0 org.mozilla.fenix.performancetest/org.mozilla.fenix.HomeActivity}
12-04 21:57:44.366  1456 10736 W InputDispatcher: Attempted to unregister already unregistered input channel 'ecaac64 org.mozilla.fenix.performancetest/org.mozilla.fenix.HomeActivity (server)'
12-04 21:57:44.367  1456  1605 W zygote  : kill(-24889, 9) failed: No such process
12-04 21:57:44.372  2748  2748 D Launcher.Utilities: Wakeup weather: Intent { act=com.motorola.launcher3.action.WAKEUP_WEATHER cmp=com.motorola.timeweatherwidget/com.motorola.commandcenter.weather.WakeUpService }
12-04 21:57:44.381  1456  1605 W zygote  : kill(-24889, 9) failed: No such process
12-04 21:57:44.381  1456  1605 I zygote  : Successfully killed process cgroup uid 10470 pid 24889 in 108ms
12-04 21:57:44.382  1456  1605 W zygote  : kill(-24933, 9) failed: No such process
12-04 21:57:44.384  2398  2398 D CarrierSvcBindHelper: No carrier app for: 0
12-04 21:57:44.385  2398  2398 D CarrierSvcBindHelper: No carrier app for: 1
12-04 21:57:44.385  1456  1605 I zygote  : Successfully killed process cgroup uid 10470 pid 24933 in 3ms
12-04 21:57:44.431  1456  1673 W ActivityManager: setHasOverlayUi called on unknown pid: 24889
12-04 21:57:44.448   808   808 D SurfaceFlinger: duplicate layer name: changing com.android.launcher3/com.android.launcher3.CustomizationPanelLauncher to com.android.launcher3/com.android.launcher3.CustomizationPanelLauncher#1
12-04 21:57:44.461   808   808 I SFPerfTracer:      triggers: (rate: 8:18940) (compose: 0:1) (post: 0:5) (render: 0:4) (2:537319 frames) (3:1148350)
12-04 21:57:44.461   808   808 D SFPerfTracer:        layers: (2:15) (NavigationBar#0 (0xb07df000): 0:50110) (StatusBar#0 (0xb07e3000): 0:654893) (com.android.systemui.ImageWallpaper#0 (0xb07e7000): 0:3109)* (Sprite#0 (0xb0733000): 0:317)* (DimLayerController/Stack=0#0 (0xb075a000): 0:3275)* (Sprite#1 (0xb077c000): 0:195)* (com.android.launcher3/com.android.launcher3.CustomizationPanelLauncher#0 (0xb0763000): 0:13)- (com.android.launcher3/com.android.launcher3.CustomizationPanelLauncher#1 (0xb0771000): 0:6)- (Splash Screen org.mozilla.fenix.performancetest#0 (0xb0384000): 0:32)- (org.mozilla.fenix.performancetest/org.mozilla.fenix.HomeActivity#0 (0xb039b000): 0:27)- (com.android.launcher3/com.android.launcher3.CustomizationPanelLauncher#0 (0xb0763000): 0:12)- (com.android.launcher3/com.android.launcher3.CustomizationPanelLauncher#1 (0xb0771000): 0:6)- (Splash Screen org.mozilla.fenix.performancetest#0 (0xb0384000): 0:32)- (org.mozilla.fenix.performancetest/org.mozilla.fenix.HomeActivity#0 (0xb039b000): 0:25)- 
12-04 21:57:44.469 24218  9454 W ThreadPoolDumper: Queue length for executor EventBus is now 11. Perhaps some tasks are too long, or the pool is too small.
12-04 21:57:44.471  1456 10736 I WifiService: getWifiEnabledState uid=10073
12-04 21:57:44.471   794   839 E ANDR-PERF-RESOURCEQS: Failed to apply optimization [4, 0]
12-04 21:57:44.472  1456  4829 I ActivityManager: START u0 {act=android.intent.action.MAIN cat=[android.intent.category.LAUNCHER] flg=0x10000000 cmp=org.mozilla.fenix.performancetest/org.mozilla.fenix.HomeActivity} from uid 2000
12-04 21:57:44.481  2146  2146 W StatusBar: removeNotification for unknown key: 0|com.motorola.timeweatherwidget|1|null|10116
12-04 21:57:44.482  1456 10736 I WifiService: getWifiEnabledState uid=10073
12-04 21:57:44.519 24218 24289 I MicroDetectionState: Should stop hotword detection immediately - false
12-04 21:57:44.524  1456  4797 I ActivityManager: Start proc 25064:org.mozilla.fenix.performancetest/u0a470 for activity org.mozilla.fenix.performancetest/org.mozilla.fenix.HomeActivity
12-04 21:57:44.524 24218 24289 I MicroDetectionWorker: #startMicroDetector [speakerMode: 0]
12-04 21:57:44.529 24218 24289 I AudioController: Created new AudioSource
12-04 21:57:44.530 25064 25064 I chatty  : uid=10470(org.mozilla.fenix.performancetest) expire 24 lines
12-04 21:57:44.539 24218 24289 I MicroDetectionWorker: onReady
12-04 21:57:44.540 24218  9245 I MicroDataManager: isInitializing-false locale not changed-true model not changed-true
12-04 21:57:44.540 24218  9245 I MicroDataManager: Already initialized, obtaining the hotword data immediately.
12-04 21:57:44.553 24218  5934 I MicroRecognitionRunner: Starting detection.
12-04 21:57:44.553 24218  5934 I InputStreamUtils: Using micInputStream
12-04 21:57:44.554 24218  9444 I MicrophoneInputStream: mic_starting  SR : 16000 CC : 16 SO : 1999
12-04 21:57:44.556   788  1401 I chatty  : uid=1041(audioserver) HwBinder:788_2 expire 2 lines
12-04 21:57:44.561  1012 25070 I chatty  : uid=1041(audioserver) /system/bin/audioserver expire 1 line
12-04 21:57:44.566  1012 19368 I chatty  : uid=1041(audioserver) Binder:1012_C expire 1 line
12-04 21:57:44.566 24218  9444 I MicrophoneInputStream: mic_started  SR : 16000 CC : 16 SO : 1999
12-04 21:57:44.568   788 25071 I chatty  : uid=1041(audioserver) audio@2.0-servi expire 46 lines
12-04 21:57:44.573   788 25071 E msm8974_platform: platform_get_snd_device_backend_index: BE DAI Name Table is not present
12-04 21:57:44.573   788 25071 V msm8974_platform: platform_get_backend_index:napb: backend port - 5 device - 120 
12-04 21:57:44.573   788 25071 I audio_hw_utils: Set Audio Stream Capture 0 App Type Cfg: app_type 69936, acdb_dev_id 62, sample_rate 48000, snd_device_be_idx -14
12-04 21:57:44.573   788 25071 D audio_hw_primary: enable_audio_route: usecase(9) apply and update mixer path: audio-record
12-04 21:57:44.573   788 25071 D audio_route: Apply path: audio-record
12-04 21:57:44.613 24218 24289 I MicroDetectionState: Should stop hotword detection immediately - false
12-04 21:57:44.613 24218 24289 I MicroDetector: Keeping mic open: false
12-04 21:57:44.613 24218 24289 I RecognitionAudioControl: #shutdownAudio [requestId: -438366274653572215, keepAudioOpen: false, forced: true]
12-04 21:57:44.613 24218  6297 E DeviceStateChecker: DeviceStateChecker cancelled
12-04 21:57:44.613 24218 24289 I RecognitionAudioControl: #internalShutdownAudio [requestId: -438366274653572215]
12-04 21:57:44.613 24218 24289 I RecognitionAudioControl: #internalShutdownAudio [keepAudioOpen: false, forced: true]
12-04 21:57:44.613 24218 24289 I RecognitionAudioControl: #actualShutdownAudio
12-04 21:57:44.613 24218 24289 I AudioController: #shutdown [requestId=-438366274653572215]
12-04 21:57:44.614 24218  9245 I AudioController: internalShutdown
12-04 21:57:44.614 24218  9986 I MicroRecognitionRunner: Stopping hotword detection.
12-04 21:57:44.684   788  1401 D audio_hw_primary: disable_audio_route: usecase(9) reset and update mixer path: audio-record
12-04 21:57:44.685   788  1401 D audio_hw_primary: disable_snd_device: snd_device(120: voice-rec-mic)
12-04 21:57:44.687  1012 11031 D APM_AudioPolicyManager: stopInput() input 5686, session 5721
12-04 21:57:44.687   788   788 D audio_hw_primary: in_set_parameters: enter: kvpairs=routing=0
12-04 21:57:44.689 24218  9245 I MicrophoneInputStream: mic_close  SR : 16000 CC : 16 SO : 1999
12-04 21:57:44.689 24218  9245 E AudioSource: Stop listening is called on already closed AudioSource
12-04 21:57:44.690 24218  5934 I MicroRecognitionRunner: Detection finished
12-04 21:57:44.782 25064 25084 I chatty  : uid=10470(org.mozilla.fenix.performancetest) expire 13 lines
12-04 21:57:45.005 25064 25096 I chatty  : uid=10470(org.mozilla.fenix.performancetest) expire 16 lines
12-04 21:57:45.009   808   898 I SFPerfTracer:      triggers: (rate: 0:0) (0 sw vsyncs) (0 skipped) (37:362802 vsyncs) (39:1156278)
12-04 21:57:45.157 25064 25106 I chatty  : uid=10470(org.mozilla.fenix.performancetest) expire 2 lines
12-04 21:57:45.158  1456  4679 I ActivityManager: Start proc 25107:org.mozilla.fenix.performancetest:tab/u0a470 for service org.mozilla.fenix.performancetest/org.mozilla.gecko.process.GeckoServiceChildProcess$tab
12-04 21:57:45.166 25107 25107 I chatty  : uid=10470(org.mozilla.fenix.performancetest) expire 2 lines
12-04 21:57:45.191 25064 25106 I chatty  : uid=10470(org.mozilla.fenix.performancetest) expire 8 lines
12-04 21:57:45.293 25064 25064 I chatty  : uid=10470(org.mozilla.fenix.performancetest) expire 40 lines
12-04 21:57:45.317 25064 25072 I chatty  : uid=10470(org.mozilla.fenix.performancetest) expire 11 lines
12-04 21:57:45.347 25107 25133 I chatty  : uid=10470(org.mozilla.fenix.performancetest) expire 1 line
12-04 21:57:45.544 25064 25096 I chatty  : uid=10470(org.mozilla.fenix.performancetest) expire 22 lines
12-04 21:57:45.877 25064 25167 I chatty  : uid=10470(org.mozilla.fenix.performancetest) expire 5 lines
12-04 21:57:46.035 25064 25178 I chatty  : uid=10470(org.mozilla.fenix.performancetest) expire 3 lines
12-04 21:57:46.103  1456  4679 D ConnectivityService: requestNetwork for uid/pid:10470/25064 NetworkRequest [ TRACK_DEFAULT id=3704, [ Capabilities: INTERNET&NOT_RESTRICTED&TRUSTED&NOT_VPN] ]
12-04 21:57:46.105  1456  2099 D Ethernet: got request NetworkRequest [ TRACK_DEFAULT id=3704, [ Capabilities: INTERNET&NOT_RESTRICTED&TRUSTED&NOT_VPN] ] with score 60
12-04 21:57:46.105  1456  2054 D WIFI_UT : got request NetworkRequest [ TRACK_DEFAULT id=3704, [ Capabilities: INTERNET&NOT_RESTRICTED&TRUSTED&NOT_VPN] ] with score 60
12-04 21:57:46.105  1456  2054 D WIFI    : got request NetworkRequest [ TRACK_DEFAULT id=3704, [ Capabilities: INTERNET&NOT_RESTRICTED&TRUSTED&NOT_VPN] ] with score 60
12-04 21:57:46.105  2398  2398 D PhoneSwitcherNetworkRequstListener: got request NetworkRequest [ TRACK_DEFAULT id=3704, [ Capabilities: INTERNET&NOT_RESTRICTED&TRUSTED&NOT_VPN] ] with score 60
12-04 21:57:46.367  1456  4679 I WifiService: getDhcpInfo uid=10470
12-04 21:57:46.985 25064 25196 I chatty  : uid=10470(org.mozilla.fenix.performancetest) expire 2 lines
12-04 21:57:47.148 25064 25212 I chatty  : uid=10470(org.mozilla.fenix.performancetest) expire 3 lines
12-04 21:57:47.374  1456  1673 I LaunchCheckinHandler: Displayed org.mozilla.fenix.performancetest/org.mozilla.fenix.HomeActivity,cp,ca,2862
12-04 21:57:47.375  1456  1673 I ActivityManager: Displayed org.mozilla.fenix.performancetest/org.mozilla.fenix.HomeActivity: +2s858ms
12-04 21:57:47.436 25064 25219 I chatty  : uid=10470(org.mozilla.fenix.performancetest) expire 1 line
12-04 21:57:47.475 25064 25064 I chatty  : uid=10470(org.mozilla.fenix.performancetest) expire 1 line
12-04 21:57:47.489  2748  2917 W OpenGLRenderer: Incorrectly called buildLayer on View: ShortcutAndWidgetContainer, destroying layer...
12-04 21:57:47.510 25064 25212 I chatty  : uid=10470(org.mozilla.fenix.performancetest) expire 2 lines
12-04 21:57:47.513 24218  9444 I PBSessionCacheImpl: Deleted sessionId[106513465717542463] from persistence.
12-04 21:57:47.519 25064 25105 I chatty  : uid=10470(org.mozilla.fenix.performancetest) expire 1 line
12-04 21:57:47.524  1456  4829 I WifiService: getWifiEnabledState uid=10073
12-04 21:57:47.529 24218 24289 W SearchServiceCore: Abort, client detached.
12-04 21:57:47.536  1456  2067 D ConnectivityService: releasing NetworkRequest [ TRACK_DEFAULT id=3704, [ Capabilities: INTERNET&NOT_RESTRICTED&TRUSTED&NOT_VPN] ] (release request)
12-04 21:57:47.560 25064 25219 I chatty  : uid=10470(org.mozilla.fenix.performancetest) expire 3 lines
12-04 21:57:47.580 25064 25083 I chatty  : uid=10470(org.mozilla.fenix.performancetest) expire 1 line
12-04 21:57:54.605  1456  4679 I ActivityManager: Force stopping org.mozilla.fenix.performancetest appid=10470 user=0: from pid 25227
12-04 21:57:54.606  1456  4679 I ActivityManager: Killing 25064:org.mozilla.fenix.performancetest/u0a470 (adj 0): stop org.mozilla.fenix.performancetest
12-04 21:57:54.608  1456  1605 W zygote  : kill(-25064, 9) failed: No such process
12-04 21:57:54.609  1456  4679 W ActivityManager: Force removing ActivityRecord{f719f56 u0 org.mozilla.fenix.performancetest/org.mozilla.fenix.HomeActivity t2810}: app died, no saved state
12-04 21:57:54.609 25107 25107 I chatty  : uid=10470(org.mozilla.fenix.performancetest) expire 1 line
12-04 21:57:54.623  1456  1605 W zygote  : kill(-25064, 9) failed: No such process
12-04 21:57:54.637  1456  1605 W zygote  : kill(-25064, 9) failed: No such process
12-04 21:57:54.639  1456  4679 I ActivityManager: moveHomeStack, setupComplete:true
12-04 21:57:54.646  1456  7796 I OpenGLRenderer: Initialized EGL, version 1.4
12-04 21:57:54.646  1456  7796 D OpenGLRenderer: Swap behavior 2
12-04 21:57:54.646  1456  4679 I ActivityManager: Killing 25107:org.mozilla.fenix.performancetest:tab/u0a470 (adj 0): stop org.mozilla.fenix.performancetest
12-04 21:57:54.651  1456  1605 W zygote  : kill(-25064, 9) failed: No such process
12-04 21:57:54.668  1456  1605 W zygote  : kill(-25064, 9) failed: No such process
12-04 21:57:54.684  2398  2398 D CarrierSvcBindHelper: No carrier app for: 0
12-04 21:57:54.685  1456  1605 W zygote  : kill(-25064, 9) failed: No such process
12-04 21:57:54.687  2398  2398 D CarrierSvcBindHelper: No carrier app for: 1
12-04 21:57:54.696  1456  1941 W InputDispatcher: channel 'b55d24 org.mozilla.fenix.performancetest/org.mozilla.fenix.HomeActivity (server)' ~ Consumer closed input channel or an error occurred.  events=0x9
12-04 21:57:54.696  1456  1941 E InputDispatcher: channel 'b55d24 org.mozilla.fenix.performancetest/org.mozilla.fenix.HomeActivity (server)' ~ Channel is unrecoverably broken and will be disposed!
12-04 21:57:54.711  2748  2748 D Launcher.Utilities: Wakeup weather: Intent { act=com.motorola.launcher3.action.WAKEUP_WEATHER cmp=com.motorola.timeweatherwidget/com.motorola.commandcenter.weather.WakeUpService }
12-04 21:57:54.712  1456 10366 I WindowManager: WIN DEATH: Window{b55d24 u0 org.mozilla.fenix.performancetest/org.mozilla.fenix.HomeActivity}
12-04 21:57:54.712  1456 10366 W InputDispatcher: Attempted to unregister already unregistered input channel 'b55d24 org.mozilla.fenix.performancetest/org.mozilla.fenix.HomeActivity (server)'
12-04 21:57:54.728  1456  1673 W ActivityManager: setHasOverlayUi called on unknown pid: 25064
12-04 21:57:54.729  1456  1605 W zygote  : kill(-25064, 9) failed: No such process
12-04 21:57:54.746  1456  1456 I NotificationService: Cannot find enqueued record for key: 0|com.motorola.timeweatherwidget|1|null|10116
12-04 21:57:54.756  1456  1605 W zygote  : kill(-25064, 9) failed: No such process
12-04 21:57:54.756 24218 24218 W ThreadPoolDumper: Queue length for executor EventBus is now 11. Perhaps some tasks are too long, or the pool is too small.
12-04 21:57:54.756  1456  1605 I zygote  : Successfully killed process cgroup uid 10470 pid 25064 in 148ms
12-04 21:57:54.758   808   808 D SurfaceFlinger: duplicate layer name: changing com.android.launcher3/com.android.launcher3.CustomizationPanelLauncher to com.android.launcher3/com.android.launcher3.CustomizationPanelLauncher#1
12-04 21:57:54.759  1456  1605 W zygote  : kill(-25107, 9) failed: No such process
12-04 21:57:54.759  1456  1605 I zygote  : Successfully killed process cgroup uid 10470 pid 25107 in 0ms
12-04 21:57:54.770  1456  3927 I WifiService: getWifiEnabledState uid=10073
12-04 21:57:54.799  1456  2923 I WifiService: getWifiEnabledState uid=10073
12-04 21:57:54.843  1456  3927 I ActivityManager: START u0 {act=android.intent.action.MAIN cat=[android.intent.category.LAUNCHER] flg=0x10000000 cmp=org.mozilla.fenix.performancetest/org.mozilla.fenix.HomeActivity} from uid 2000
12-04 21:57:54.843 24218 24289 I MicroDetectionState: Should stop hotword detection immediately - false
12-04 21:57:54.843   794   839 E ANDR-PERF-RESOURCEQS: Failed to apply optimization [4, 0]
12-04 21:57:54.847 24218 24289 I MicroDetectionWorker: #startMicroDetector [speakerMode: 0]
12-04 21:57:54.849 24218 24289 I AudioController: Created new AudioSource
12-04 21:57:54.861 24218 24289 I MicroDetectionWorker: onReady
12-04 21:57:54.862 24218  9986 I MicroDataManager: isInitializing-false locale not changed-true model not changed-true
12-04 21:57:54.862 24218  9986 I MicroDataManager: Already initialized, obtaining the hotword data immediately.
12-04 21:57:54.863  2146  2165 I zygote  : NativeAlloc concurrent copying GC freed 23725(1313KB) AllocSpace objects, 0(0B) LOS objects, 49% free, 6MB/12MB, paused 147us total 162.276ms
12-04 21:57:54.876 24218  6297 I MicroRecognitionRunner: Starting detection.
12-04 21:57:54.876 24218  6297 I InputStreamUtils: Using micInputStream
12-04 21:57:54.877 24218  9444 I MicrophoneInputStream: mic_starting  SR : 16000 CC : 16 SO : 1999
12-04 21:57:54.880  1456 10736 I ActivityManager: Start proc 25236:org.mozilla.fenix.performancetest/u0a470 for activity org.mozilla.fenix.performancetest/org.mozilla.fenix.HomeActivity
12-04 21:57:54.881   788   788 V msm8974_platform: platform_check_input_mask: enter check_input_mask source 6 mask 10
12-04 21:57:54.883  1012 25242 I AudioFlinger: AudioFlinger's thread 0xb2483ac0 tid=25242 ready to run
12-04 21:57:54.884 25236 25236 I chatty  : uid=10470(org.mozilla.fenix.performancetest) expire 4 lines
12-04 21:57:54.905   788   788 D audio_hw_primary: in_set_parameters: enter: kvpairs=input_source=6;routing=-2147483644
12-04 21:57:54.907  1012 11031 D APM_AudioPolicyManager: AudioPolicyManager::startInput() input 5694, session 5729, source = 1999
12-04 21:57:54.908 24218  9444 I MicrophoneInputStream: mic_started  SR : 16000 CC : 16 SO : 1999
12-04 21:57:54.910   788 25243 V msm8974_platform: platform_update_usecase_from_source: input source :6
12-04 21:57:54.910   788 25243 V msm8974_platform: platform_check_input_mask: enter check_input_mask source 6 mask 10
12-04 21:57:54.910   788 25243 V msm8974_platform: platform_get_input_snd_device: enter: out_device(0) in_device(0x4) channel_count (1) channel_mask (0x10)
12-04 21:57:54.910   788 25243 V msm8974_platform: platform_get_input_snd_device: exit: in_snd_device(voice-rec-mic)
12-04 21:57:54.910   788 25243 V msm8974_platform: platform_get_backend_index:napb: backend port - 5 device - 120 
12-04 21:57:54.910   788 25243 V msm8974_platform: platform_check_and_set_capture_backend_cfg:txbecf: afe: bitwidth 0, samplerate 0, channel 1, backend_idx 5 usecase = 9 device (voice-rec-mic)
12-04 21:57:54.910   788 25243 V msm8974_platform: platform_check_capture_backend_cfg:txbecf: afe: Codec selected backend: 5 current bit width: 0 and sample rate: 0, channels 1
12-04 21:57:54.910   788 25243 V msm8974_platform: platform_check_capture_backend_cfg:txbecf: afe: Codec selected backend: 5 updated bit width: 0 and sample rate: 0
12-04 21:57:54.910   788 25243 I msm8974_platform: platform_check_capture_backend_cfg:txbecf: afe: Codec backend needs to be updated. new bit width: 0 new sample rate: 0 new channel: 1
12-04 21:57:54.910   788 25243 V msm8974_platform: platform_get_backend_index:napb: backend port - 5 device - 120 
12-04 21:57:54.910   788 25243 V msm8974_platform: platform_set_backend_cfg:becf: afe: bitwidth 0, samplerate 0 channels 1, backend_idx 5 device (voice-rec-mic)
12-04 21:57:54.911   788 25243 E msm8974_platform: platform_set_backend_cfg:becf: afe: Could not get ctl for mixer command - SLIM_0_TX Format
12-04 21:57:54.911   788 25243 V msm8974_platform: platform_send_audio_calibration: sending audio calibration for snd_device(120) acdb_id(62)
12-04 21:57:54.911   788 25243 D ACDB-LOADER: ACDB -> send_audio_cal, acdb_id = 62, path = 1, app id = 0x11130, sample rate = 48000
12-04 21:57:54.911   788 25243 D ACDB-LOADER: ACDB -> send_asm_topology
12-04 21:57:54.911   788 25243 D ACDB-LOADER: ACDB -> ACDB_CMD_GET_AUDPROC_STREAM_TOPOLOGY_ID
12-04 21:57:54.911   788 25243 D ACDB-LOADER: ACDB -> send_adm_topology
12-04 21:57:54.911   788 25243 D ACDB-LOADER: ACDB -> ACDB_CMD_GET_AUDPROC_COMMON_TOPOLOGY_ID
12-04 21:57:54.911   788 25243 D ACDB-LOADER: ACDB -> send_audtable
12-04 21:57:54.911   788 25243 D ACDB-LOADER: ACDB -> ACDB_CMD_GET_AUDPROC_COMMON_TABLE_SIZE
12-04 21:57:54.911   788 25243 D ACDB-LOADER: ACDB -> ACDB_CMD_GET_AUDPROC_COMMON_TABLE
12-04 21:57:54.911   788 25243 D ACDB-LOADER: ACDB -> AUDIO_SET_AUDPROC_CAL
12-04 21:57:54.911   788 25243 D ACDB-LOADER: ACDB -> send_audvoltable
12-04 21:57:54.911   788 25243 D ACDB-LOADER: ACDB -> ACDB_CMD_GET_AUDPROC_VOL_STEP_TABLE_SIZE
12-04 21:57:54.911   788 25243 D ACDB-LOADER: ACDB -> ACDB_CMD_GET_AUDPROC_GAIN_DEP_STEP_TABLE, vol index 0
12-04 21:57:54.911   788 25243 D         : Failed to fetch the lookup information of the device 0000003E 
12-04 21:57:54.911   788 25243 D ACDB-LOADER: ACDB -> AUDIO_SET_VOL_CAL cal type = 12
12-04 21:57:54.911   788 25243 D ACDB-LOADER: ACDB -> ACDB_CMD_GET_AUDPROC_STREAM_TABLE_SIZE
12-04 21:57:54.911   788 25243 D ACDB-LOADER: ACDB -> send_audstrmtable
12-04 21:57:54.911   788 25243 D ACDB-LOADER: ACDB -> ACDB_CMD_GET_AUDPROC_STREAM_TABLE_V2
12-04 21:57:54.911   788 25243 D ACDB-LOADER: ACDB -> audstrm_cal->cal_type.cal_data.cal_size = 456
12-04 21:57:54.912   788 25243 D ACDB-LOADER: ACDB -> send_afe_topology
12-04 21:57:54.912   788 25243 D ACDB-LOADER: ACDB -> ACDB_CMD_GET_AFE_TOPOLOGY_ID
12-04 21:57:54.912   788 25243 D ACDB-LOADER: ACDB -> GET_AFE_TOPOLOGY_ID for adcd_id 62, Topology Id 112fb
12-04 21:57:54.912   788 25243 D ACDB-LOADER: ACDB -> send_afe_cal
12-04 21:57:54.912   788 25243 D ACDB-LOADER: ACDB -> ACDB_CMD_GET_AFE_COMMON_TABLE_SIZE
12-04 21:57:54.912   788 25243 D         : Failed to fetch the lookup information of the device 0000003E 
12-04 21:57:54.912   788 25243 E ACDB-LOADER: Error: ACDB_CMD_GET_AFE_COMMON_TABLE_SIZE Returned = -19
12-04 21:57:54.912   788 25243 D ACDB-LOADER: ACDB -> ACDB_CMD_GET_AFE_COMMON_TABLE
12-04 21:57:54.912   788 25243 D         : Failed to fetch the lookup information of the device 0000003E 
12-04 21:57:54.912   788 25243 D ACDB-LOADER: ACDB -> AUDIO_SET_AFE_CAL
12-04 21:57:54.912   788 25243 D ACDB-LOADER: ACDB -> send_hw_delay : acdb_id = 62 path = 1
12-04 21:57:54.912   788 25243 D ACDB-LOADER: ACDB -> ACDB_AVSYNC_INFO: ACDB_CMD_GET_DEVICE_PROPERTY
12-04 21:57:54.912   788 25243 D audio_hw_primary: enable_snd_device: snd_device(120: voice-rec-mic)
12-04 21:57:54.912   788 25243 D audio_route: Apply path: voice-rec-mic
12-04 21:57:54.915   788 25243 V msm8974_platform: platform_get_snd_device_backend_index: enter with device 120
12-04 21:57:54.915   788 25243 E msm8974_platform: platform_get_snd_device_backend_index: BE DAI Name Table is not present
12-04 21:57:54.915   788 25243 V msm8974_platform: platform_get_backend_index:napb: backend port - 5 device - 120 
12-04 21:57:54.915   788 25243 I audio_hw_utils: Set Audio Stream Capture 0 App Type Cfg: app_type 69936, acdb_dev_id 62, sample_rate 48000, snd_device_be_idx -14
12-04 21:57:54.915   788 25243 D audio_hw_primary: enable_audio_route: usecase(9) apply and update mixer path: audio-record
12-04 21:57:54.915   788 25243 D audio_route: Apply path: audio-record
12-04 21:57:54.956 24218 24289 I MicroDetectionState: Should stop hotword detection immediately - false
12-04 21:57:54.956 24218 24289 I MicroDetector: Keeping mic open: false
12-04 21:57:54.957 24218  9454 E DeviceStateChecker: DeviceStateChecker cancelled
12-04 21:57:54.957 24218 24289 I RecognitionAudioControl: #shutdownAudio [requestId: -750412717086463039, keepAudioOpen: false, forced: true]
12-04 21:57:54.957 24218 24289 I RecognitionAudioControl: #internalShutdownAudio [requestId: -750412717086463039]
12-04 21:57:54.957 24218 24289 I RecognitionAudioControl: #internalShutdownAudio [keepAudioOpen: false, forced: true]
12-04 21:57:54.957 24218 24289 I RecognitionAudioControl: #actualShutdownAudio
12-04 21:57:54.957 24218 24289 I AudioController: #shutdown [requestId=-750412717086463039]
12-04 21:57:54.957 24218  9986 I AudioController: internalShutdown
12-04 21:57:54.957 24218  9985 I MicroRecognitionRunner: Stopping hotword detection.
12-04 21:57:54.991  1456  1466 I zygote  : NativeAlloc concurrent copying GC freed 55418(2MB) AllocSpace objects, 24(864KB) LOS objects, 42% free, 26MB/47MB, paused 227us total 350.609ms
12-04 21:57:55.027   788   788 D audio_hw_primary: disable_audio_route: usecase(9) reset and update mixer path: audio-record
12-04 21:57:55.029   788   788 D audio_hw_primary: disable_snd_device: snd_device(120: voice-rec-mic)
12-04 21:57:55.031  1012  1390 D APM_AudioPolicyManager: stopInput() input 5694, session 5729
12-04 21:57:55.032   788  1401 D audio_hw_primary: in_set_parameters: enter: kvpairs=routing=0
12-04 21:57:55.034 24218  9986 I MicrophoneInputStream: mic_close  SR : 16000 CC : 16 SO : 1999
12-04 21:57:55.034 24218  9986 E AudioSource: Stop listening is called on already closed AudioSource
12-04 21:57:55.036 24218  6297 I MicroRecognitionRunner: Detection finished
12-04 21:57:55.146 25236 25256 I chatty  : uid=10470(org.mozilla.fenix.performancetest) expire 5 lines
12-04 21:57:55.147 25236 25236 I chatty  : uid=10470(org.mozilla.fenix.performancetest) expire 2 lines
12-04 21:57:55.235 25236 25256 I chatty  : uid=10470(org.mozilla.fenix.performancetest) expire 6 lines
12-04 21:57:55.392 25236 25236 I chatty  : uid=10470(org.mozilla.fenix.performancetest) expire 2 lines
12-04 21:57:55.393 25236 25270 I chatty  : uid=10470(org.mozilla.fenix.performancetest) expire 6 lines
12-04 21:57:55.470 25236 25257 I chatty  : uid=10470(org.mozilla.fenix.performancetest) expire 2 lines
12-04 21:57:55.478 25236 25236 I chatty  : uid=10470(org.mozilla.fenix.performancetest) expire 1 line
12-04 21:57:55.483 25236 25270 I chatty  : uid=10470(org.mozilla.fenix.performancetest) expire 6 lines
12-04 21:57:55.494 25236 25236 I chatty  : uid=10470(org.mozilla.fenix.performancetest) expire 4 lines
12-04 21:57:55.519 25236 25270 I chatty  : uid=10470(org.mozilla.fenix.performancetest) expire 3 lines
12-04 21:57:55.531 25236 25236 I chatty  : uid=10470(org.mozilla.fenix.performancetest) expire 1 line
12-04 21:57:55.535  1456 10366 I ActivityManager: Start proc 25278:org.mozilla.fenix.performancetest:tab/u0a470 for service org.mozilla.fenix.performancetest/org.mozilla.gecko.process.GeckoServiceChildProcess$tab
12-04 21:57:55.535 25236 25282 I chatty  : uid=10470(org.mozilla.fenix.performancetest) expire 1 line
12-04 21:57:55.537 25236 25270 I chatty  : uid=10470(org.mozilla.fenix.performancetest) expire 1 line
12-04 21:57:55.538 25278 25278 I chatty  : uid=10470(org.mozilla.fenix.performancetest) expire 1 line
12-04 21:57:55.559 25236 25236 I chatty  : uid=10470(org.mozilla.fenix.performancetest) expire 40 lines
12-04 21:57:55.571 25236 25282 I chatty  : uid=10470(org.mozilla.fenix.performancetest) expire 9 lines
12-04 21:57:55.672 25236 25244 I chatty  : uid=10470(org.mozilla.fenix.performancetest) expire 6 lines
12-04 21:57:55.712 25278 25278 I chatty  : uid=10470(org.mozilla.fenix.performancetest) expire 1 line
12-04 21:57:55.713 25278 25305 I chatty  : uid=10470(org.mozilla.fenix.performancetest) expire 1 line
12-04 21:57:55.928 25236 25270 I chatty  : uid=10470(org.mozilla.fenix.performancetest) expire 4 lines
12-04 21:57:56.280 25236 25339 I chatty  : uid=10470(org.mozilla.fenix.performancetest) expire 1 line
12-04 21:57:56.435 25236 25351 I chatty  : uid=10470(org.mozilla.fenix.performancetest) expire 3 lines
12-04 21:57:56.502  1456  2923 D ConnectivityService: requestNetwork for uid/pid:10470/25236 NetworkRequest [ TRACK_DEFAULT id=3705, [ Capabilities: INTERNET&NOT_RESTRICTED&TRUSTED&NOT_VPN] ]
12-04 21:57:56.504  1456  2099 D Ethernet: got request NetworkRequest [ TRACK_DEFAULT id=3705, [ Capabilities: INTERNET&NOT_RESTRICTED&TRUSTED&NOT_VPN] ] with score 60
12-04 21:57:56.504  1456  2054 D WIFI_UT : got request NetworkRequest [ TRACK_DEFAULT id=3705, [ Capabilities: INTERNET&NOT_RESTRICTED&TRUSTED&NOT_VPN] ] with score 60
12-04 21:57:56.505  1456  2054 D WIFI    : got request NetworkRequest [ TRACK_DEFAULT id=3705, [ Capabilities: INTERNET&NOT_RESTRICTED&TRUSTED&NOT_VPN] ] with score 60
12-04 21:57:56.505  2398  2398 D PhoneSwitcherNetworkRequstListener: got request NetworkRequest [ TRACK_DEFAULT id=3705, [ Capabilities: INTERNET&NOT_RESTRICTED&TRUSTED&NOT_VPN] ] with score 60
12-04 21:57:56.636 25236 25270 I chatty  : uid=10470(org.mozilla.fenix.performancetest) expire 18 lines
12-04 21:57:56.739 25236 25236 I chatty  : uid=10470(org.mozilla.fenix.performancetest) expire 11 lines
12-04 21:57:56.798  1456  2923 I WifiService: getDhcpInfo uid=10470
12-04 21:57:57.273 25236 25244 I chatty  : uid=10470(org.mozilla.fenix.performancetest) expire 5 lines
12-04 21:57:57.392 25236 25369 I chatty  : uid=10470(org.mozilla.fenix.performancetest) expire 2 lines
12-04 21:57:57.436 25236 25339 I chatty  : uid=10470(org.mozilla.fenix.performancetest) expire 4 lines
12-04 21:57:57.594 25236 25385 I chatty  : uid=10470(org.mozilla.fenix.performancetest) expire 5 lines
12-04 21:57:57.805  1456  1673 I LaunchCheckinHandler: Displayed org.mozilla.fenix.performancetest/org.mozilla.fenix.HomeActivity,cp,ca,2945
12-04 21:57:57.805  1456  1673 I ActivityManager: Displayed org.mozilla.fenix.performancetest/org.mozilla.fenix.HomeActivity: +2s940ms
12-04 21:57:57.827   808   808 I SFPerfTracer:      triggers: (rate: 8:18941) (compose: 0:1) (post: 0:5) (render: 0:4) (1:537391 frames) (2:1148450)
12-04 21:57:57.827   808   808 D SFPerfTracer:        layers: (3:14) (NavigationBar#0 (0xb07df000): 0:50148) (StatusBar#0 (0xb07e3000): 1:654924) (com.android.systemui.ImageWallpaper#0 (0xb07e7000): 0:3114)* (Sprite#0 (0xb0733000): 0:317)* (DimLayerController/Stack=0#0 (0xb075a000): 0:3275)* (Sprite#1 (0xb077c000): 0:195)* (com.android.launcher3/com.android.launcher3.CustomizationPanelLauncher#0 (0xb0763000): 0:11)- (com.android.launcher3/com.android.launcher3.CustomizationPanelLauncher#1 (0xb0771000): 0:6)- (Splash Screen org.mozilla.fenix.performancetest#0 (0xb0384000): 0:30)- (org.mozilla.fenix.performancetest/org.mozilla.fenix.HomeActivity#0 (0xb039b000): 0:25)- (com.android.launcher3/com.android.launcher3.CustomizationPanelLauncher#0 (0xb0763000): 0:16)* (com.android.launcher3/com.android.launcher3.CustomizationPanelLauncher#1 (0xb0771000): 0:5)* (Splash Screen org.mozilla.fenix.performancetest#0 (0xb0384000): 1:21) (org.mozilla.fenix.performancetest/org.mozilla.fenix.HomeActivity#0 (0xb039b000): 1:3)* 
12-04 21:57:57.902 25236 25393 I chatty  : uid=10470(org.mozilla.fenix.performancetest) expire 4 lines
12-04 21:57:57.989 25236 25255 I chatty  : uid=10470(org.mozilla.fenix.performancetest) expire 2 lines
12-04 21:57:57.994  2748  2917 W OpenGLRenderer: Incorrectly called buildLayer on View: ShortcutAndWidgetContainer, destroying layer...
12-04 21:57:58.018 24218  9444 I PBSessionCacheImpl: Deleted sessionId[106513465717542466] from persistence.
12-04 21:57:58.027  1456  2923 I WifiService: getWifiEnabledState uid=10073
12-04 21:57:58.034 24218 24289 W SearchServiceCore: Abort, client detached.
12-04 21:57:58.076  1456  2067 D ConnectivityService: releasing NetworkRequest [ TRACK_DEFAULT id=3705, [ Capabilities: INTERNET&NOT_RESTRICTED&TRUSTED&NOT_VPN] ] (release request)
12-04 21:58:03.909  1456  2063 D WifiNative-wlan0: Scan issued for specific freq..
12-04 21:58:04.304  1456 10736 D WificondControl: Scan result ready event
12-04 21:58:04.416  2507  2526 I QcrilOemhookMsgTunnel: [0]processOemHookIndication length=21
12-04 21:58:04.416  2507  2507 D QcrilMsgTunnelIfaceManager: handleMessage what = 0
12-04 21:58:04.423  2398  2398 E MSimContext: MSimContext: Invalid subId in getSimContext(-2). Returning the original Context
12-04 21:58:04.425  2398  2398 E MSimContext: MSimContext: Invalid subId in getSimContext(-2). Returning the original Context
12-04 21:58:04.992  1456 10736 I ActivityManager: Force stopping org.mozilla.fenix.performancetest appid=10470 user=0: from pid 25405
12-04 21:58:04.992  1456 10736 I ActivityManager: Killing 25236:org.mozilla.fenix.performancetest/u0a470 (adj 0): stop org.mozilla.fenix.performancetest
12-04 21:58:04.994  1456  1605 W zygote  : kill(-25236, 9) failed: No such process
12-04 21:58:04.995  1456 10736 W ActivityManager: Force removing ActivityRecord{7019216 u0 org.mozilla.fenix.performancetest/org.mozilla.fenix.HomeActivity t2811}: app died, no saved state
12-04 21:58:04.996 25278 25278 I chatty  : uid=10470(org.mozilla.fenix.performancetest) expire 1 line
12-04 21:58:05.010  1456  1605 W zygote  : kill(-25236, 9) failed: No such process
12-04 21:58:05.022  1456  7796 I OpenGLRenderer: Initialized EGL, version 1.4
12-04 21:58:05.022  1456  7796 D OpenGLRenderer: Swap behavior 2
12-04 21:58:05.023  1456  1605 W zygote  : kill(-25236, 9) failed: No such process
12-04 21:58:05.026  1456 10736 I ActivityManager: moveHomeStack, setupComplete:true
12-04 21:58:05.037  1456  1605 I chatty  : uid=1000(system) ActivityManager identical 1 line
12-04 21:58:05.046  1456 10736 I ActivityManager: Killing 25278:org.mozilla.fenix.performancetest:tab/u0a470 (adj 0): stop org.mozilla.fenix.performancetest
12-04 21:58:05.051  1456  1605 W zygote  : kill(-25236, 9) failed: No such process
12-04 21:58:05.071  2398  2398 D CarrierSvcBindHelper: No carrier app for: 0
12-04 21:58:05.071  2748  2748 D Launcher.Utilities: Wakeup weather: Intent { act=com.motorola.launcher3.action.WAKEUP_WEATHER cmp=com.motorola.timeweatherwidget/com.motorola.commandcenter.weather.WakeUpService }
12-04 21:58:05.077  2398  2398 D CarrierSvcBindHelper: No carrier app for: 1
12-04 21:58:05.110  1456  1941 W InputDispatcher: channel '51ecde4 org.mozilla.fenix.performancetest/org.mozilla.fenix.HomeActivity (server)' ~ Consumer closed input channel or an error occurred.  events=0x9
12-04 21:58:05.111  1456  7570 I WindowManager: WIN DEATH: Window{51ecde4 u0 org.mozilla.fenix.performancetest/org.mozilla.fenix.HomeActivity}
12-04 21:58:05.111  1456  1941 E InputDispatcher: channel '51ecde4 org.mozilla.fenix.performancetest/org.mozilla.fenix.HomeActivity (server)' ~ Channel is unrecoverably broken and will be disposed!
12-04 21:58:05.111  1456  7570 W InputDispatcher: Attempted to unregister already unregistered input channel '51ecde4 org.mozilla.fenix.performancetest/org.mozilla.fenix.HomeActivity (server)'
12-04 21:58:05.117  1456  1605 W zygote  : kill(-25236, 9) failed: No such process
12-04 21:58:05.125 24218 24218 W ThreadPoolDumper: Queue length for executor EventBus is now 11. Perhaps some tasks are too long, or the pool is too small.
12-04 21:58:05.131  1456  1605 W zygote  : kill(-25236, 9) failed: No such process
12-04 21:58:05.135   808   808 D SurfaceFlinger: duplicate layer name: changing com.android.launcher3/com.android.launcher3.CustomizationPanelLauncher to com.android.launcher3/com.android.launcher3.CustomizationPanelLauncher#1
12-04 21:58:05.137  1456 10366 I WifiService: getWifiEnabledState uid=10073
12-04 21:58:05.138  1456  1456 I NotificationService: Cannot find enqueued record for key: 0|com.motorola.timeweatherwidget|1|null|10116
12-04 21:58:05.146  1456  1605 W zygote  : kill(-25236, 9) failed: No such process
12-04 21:58:05.150  1456  1673 W ActivityManager: setHasOverlayUi called on unknown pid: 25236
12-04 21:58:05.173  1456 10366 I WifiService: getWifiEnabledState uid=10073
12-04 21:58:05.184  1456  1605 W zygote  : kill(-25236, 9) failed: No such process
12-04 21:58:05.184  1456  1605 I zygote  : Successfully killed process cgroup uid 10470 pid 25236 in 190ms
12-04 21:58:05.185  1456  1605 W zygote  : kill(-25278, 9) failed: No such process
12-04 21:58:05.185  1456  1605 I zygote  : Successfully killed process cgroup uid 10470 pid 25278 in 0ms
12-04 21:58:05.217 24218 24289 I MicroDetectionState: Should stop hotword detection immediately - false
12-04 21:58:05.221  1456  3927 I ActivityManager: START u0 {act=android.intent.action.MAIN cat=[android.intent.category.LAUNCHER] flg=0x10000000 cmp=org.mozilla.fenix.performancetest/org.mozilla.fenix.HomeActivity} from uid 2000
