12-24 22:22:28.609 28175 28175 I app_process: The ClassLoaderContext is a special shared library.
12-24 22:22:28.676 28175 28175 D AndroidRuntime: Calling main entry com.android.commands.input.Input
12-24 22:22:28.678 28175 28175 I Input   : injectKeyEvent: KeyEvent { action=ACTION_DOWN, keyCode=KEYCODE_HOME, scanCode=0, metaState=0, flags=0x0, repeatCount=0, eventTime=9691372291, downTime=9691372291, deviceId=-1, source=0x101 }
12-24 22:22:28.687 28175 28175 I Input   : injectKeyEvent: KeyEvent { action=ACTION_UP, keyCode=KEYCODE_HOME, scanCode=0, metaState=0, flags=0x0, repeatCount=0, eventTime=9691372291, downTime=9691372291, deviceId=-1, source=0x101 }
12-24 22:22:28.694  1456  1941 I ActivityManager: START u0 {act=android.intent.action.MAIN cat=[android.intent.category.HOME] flg=0x10200000 cmp=com.android.launcher3/.CustomizationPanelLauncher (has extras)} from uid 1000
12-24 22:22:28.695   794   839 E ANDR-PERF-RESOURCEQS: Failed to apply optimization [4, 0]
12-24 22:22:28.706  1456  1941 I ActivityManager: moveHomeStack, setupComplete:true
12-24 22:22:28.709 28175 28175 D AndroidRuntime: Shutting down VM
12-24 22:22:28.721  7933  7963 I Adreno  : QUALCOMM build                   : bb5b86c, I77d3059488
12-24 22:22:28.721  7933  7963 I Adreno  : Build Date                       : 06/07/18
12-24 22:22:28.721  7933  7963 I Adreno  : OpenGL ES Shader Compiler Version: EV031.22.00.01_06
12-24 22:22:28.721  7933  7963 I Adreno  : Local Branch                     : 
12-24 22:22:28.721  7933  7963 I Adreno  : Remote Branch                    : refs/tags/AU_LINUX_ANDROID_LA.UM.6.5.R1.08.01.00.312.086
12-24 22:22:28.721  7933  7963 I Adreno  : Remote Branch                    : NONE
12-24 22:22:28.721  7933  7963 I Adreno  : Reconstruct Branch               : NOTHING
12-24 22:22:28.724  7933  7963 D vndksupport: Loading /vendor/lib/hw/gralloc.msm8937.so from current namespace instead of sphal namespace.
12-24 22:22:28.728  7933  7963 I Adreno  : PFP: 0x005ff087, ME: 0x005ff063
12-24 22:22:28.730 25489 25489 I Finsky  : [2] puo.onTrimMemory(1): Memory trim requested to level 80
12-24 22:22:28.733  2748  2748 D Launcher.Utilities: Wakeup weather: Intent { act=com.motorola.launcher3.action.WAKEUP_WEATHER cmp=com.motorola.timeweatherwidget/com.motorola.commandcenter.weather.WakeUpService }
12-24 22:22:28.735  7933  7963 I zygote  : android::hardware::configstore::V1_0::ISurfaceFlingerConfigs::hasWideColorDisplay retrieved: 0
12-24 22:22:28.736  7933  7963 I OpenGLRenderer: Initialized EGL, version 1.4
12-24 22:22:28.736  7933  7963 D OpenGLRenderer: Swap behavior 2
12-24 22:22:28.745  1456  1456 I NotificationService: Cannot find enqueued record for key: 0|com.motorola.timeweatherwidget|1|null|10116
12-24 22:22:28.751   808   808 D SurfaceFlinger: duplicate layer name: changing com.android.launcher3/com.android.launcher3.CustomizationPanelLauncher to com.android.launcher3/com.android.launcher3.CustomizationPanelLauncher#1
12-24 22:22:28.776  7933  7953 W ThreadPoolDumper: Queue length for executor EventBus is now 11. Perhaps some tasks are too long, or the pool is too small.
12-24 22:22:28.778  1456  2204 I WifiService: getWifiEnabledState uid=10073
12-24 22:22:28.790  1456  2204 I WifiService: getWifiEnabledState uid=10073
12-24 22:22:28.825  7933  7966 I MicroDetectionState: Should stop hotword detection immediately - false
12-24 22:22:28.830  7933  7966 I MicroDetectionWorker: #startMicroDetector [speakerMode: 0]
12-24 22:22:28.832  7933  7966 I AudioController: Created new AudioSource
12-24 22:22:28.833  1456  1673 I LaunchCheckinHandler: Displayed com.android.launcher3/.CustomizationPanelLauncher,wp,wa,138
12-24 22:22:28.840  7933 26414 I MicroDataManager: isInitializedWithLatestParams-true
12-24 22:22:28.840  7933 26414 I MicroDataManager: isInitializing-false locale not changed-true model not changed-true
12-24 22:22:28.841  7933  7966 I MicroDetectionWorker: onReady
12-24 22:22:28.841  7933 26414 I MicroDataManager: Already initialized, obtaining the hotword data immediately.
12-24 22:22:28.847  7933  7990 I MicroRecognitionRunner: Starting detection.
12-24 22:22:28.847  7933  7990 I InputStreamUtils: Using micInputStream
12-24 22:22:28.848  7933 10441 I MicrophoneInputStream: mic_starting  SR : 16000 CC : 16 SO : 1999
12-24 22:22:28.854   788  1479 V msm8974_platform: platform_check_input_mask: enter check_input_mask source 6 mask 10
12-24 22:22:28.856  1012 28190 I AudioFlinger: AudioFlinger's thread 0xb2483d80 tid=28190 ready to run
12-24 22:22:28.861   788  1479 D audio_hw_primary: in_set_parameters: enter: kvpairs=input_source=6;routing=-2147483644
12-24 22:22:28.861  1012  1012 D APM_AudioPolicyManager: AudioPolicyManager::startInput() input 51342, session 51393, source = 1999
12-24 22:22:28.862  7933 10441 I MicrophoneInputStream: mic_started  SR : 16000 CC : 16 SO : 1999
12-24 22:22:28.863   788 28191 V msm8974_platform: platform_update_usecase_from_source: input source :6
12-24 22:22:28.863   788 28191 V msm8974_platform: platform_check_input_mask: enter check_input_mask source 6 mask 10
12-24 22:22:28.863   788 28191 V msm8974_platform: platform_get_input_snd_device: enter: out_device(0) in_device(0x4) channel_count (1) channel_mask (0x10)
12-24 22:22:28.863   788 28191 V msm8974_platform: platform_get_input_snd_device: exit: in_snd_device(voice-rec-mic)
12-24 22:22:28.863   788 28191 V msm8974_platform: platform_get_backend_index:napb: backend port - 5 device - 120 
12-24 22:22:28.863   788 28191 V msm8974_platform: platform_check_and_set_capture_backend_cfg:txbecf: afe: bitwidth 0, samplerate 0, channel 1, backend_idx 5 usecase = 9 device (voice-rec-mic)
12-24 22:22:28.863   788 28191 V msm8974_platform: platform_check_capture_backend_cfg:txbecf: afe: Codec selected backend: 5 current bit width: 0 and sample rate: 0, channels 1
12-24 22:22:28.863   788 28191 V msm8974_platform: platform_check_capture_backend_cfg:txbecf: afe: Codec selected backend: 5 updated bit width: 0 and sample rate: 0
12-24 22:22:28.863   788 28191 I msm8974_platform: platform_check_capture_backend_cfg:txbecf: afe: Codec backend needs to be updated. new bit width: 0 new sample rate: 0 new channel: 1
12-24 22:22:28.863   788 28191 V msm8974_platform: platform_get_backend_index:napb: backend port - 5 device - 120 
12-24 22:22:28.863   788 28191 V msm8974_platform: platform_set_backend_cfg:becf: afe: bitwidth 0, samplerate 0 channels 1, backend_idx 5 device (voice-rec-mic)
12-24 22:22:28.864   788 28191 E msm8974_platform: platform_set_backend_cfg:becf: afe: Could not get ctl for mixer command - SLIM_0_TX Format
12-24 22:22:28.864   788 28191 V msm8974_platform: platform_send_audio_calibration: sending audio calibration for snd_device(120) acdb_id(62)
12-24 22:22:28.864   788 28191 D ACDB-LOADER: ACDB -> send_audio_cal, acdb_id = 62, path = 1, app id = 0x11130, sample rate = 48000
12-24 22:22:28.864   788 28191 D ACDB-LOADER: ACDB -> send_asm_topology
12-24 22:22:28.864   788 28191 D ACDB-LOADER: ACDB -> ACDB_CMD_GET_AUDPROC_STREAM_TOPOLOGY_ID
12-24 22:22:28.864   788 28191 D ACDB-LOADER: ACDB -> send_adm_topology
12-24 22:22:28.864   788 28191 D ACDB-LOADER: ACDB -> ACDB_CMD_GET_AUDPROC_COMMON_TOPOLOGY_ID
12-24 22:22:28.864   788 28191 D ACDB-LOADER: ACDB -> send_audtable
12-24 22:22:28.864   788 28191 D ACDB-LOADER: ACDB -> ACDB_CMD_GET_AUDPROC_COMMON_TABLE_SIZE
12-24 22:22:28.865   788 28191 D ACDB-LOADER: ACDB -> ACDB_CMD_GET_AUDPROC_COMMON_TABLE
12-24 22:22:28.865   788 28191 D ACDB-LOADER: ACDB -> AUDIO_SET_AUDPROC_CAL
12-24 22:22:28.865   788 28191 D ACDB-LOADER: ACDB -> send_audvoltable
12-24 22:22:28.865   788 28191 D ACDB-LOADER: ACDB -> ACDB_CMD_GET_AUDPROC_VOL_STEP_TABLE_SIZE
12-24 22:22:28.865   788 28191 D ACDB-LOADER: ACDB -> ACDB_CMD_GET_AUDPROC_GAIN_DEP_STEP_TABLE, vol index 0
12-24 22:22:28.865   788 28191 D         : Failed to fetch the lookup information of the device 0000003E 
12-24 22:22:28.865   788 28191 D ACDB-LOADER: ACDB -> AUDIO_SET_VOL_CAL cal type = 12
12-24 22:22:28.865   788 28191 D ACDB-LOADER: ACDB -> ACDB_CMD_GET_AUDPROC_STREAM_TABLE_SIZE
12-24 22:22:28.865   788 28191 D ACDB-LOADER: ACDB -> send_audstrmtable
12-24 22:22:28.865   788 28191 D ACDB-LOADER: ACDB -> ACDB_CMD_GET_AUDPROC_STREAM_TABLE_V2
12-24 22:22:28.865   788 28191 D ACDB-LOADER: ACDB -> audstrm_cal->cal_type.cal_data.cal_size = 456
12-24 22:22:28.865   788 28191 D ACDB-LOADER: ACDB -> send_afe_topology
12-24 22:22:28.865   788 28191 D ACDB-LOADER: ACDB -> ACDB_CMD_GET_AFE_TOPOLOGY_ID
12-24 22:22:28.865   788 28191 D ACDB-LOADER: ACDB -> GET_AFE_TOPOLOGY_ID for adcd_id 62, Topology Id 112fb
12-24 22:22:28.865   788 28191 D ACDB-LOADER: ACDB -> send_afe_cal
12-24 22:22:28.865   788 28191 D ACDB-LOADER: ACDB -> ACDB_CMD_GET_AFE_COMMON_TABLE_SIZE
12-24 22:22:28.865   788 28191 D         : Failed to fetch the lookup information of the device 0000003E 
12-24 22:22:28.865   788 28191 E ACDB-LOADER: Error: ACDB_CMD_GET_AFE_COMMON_TABLE_SIZE Returned = -19
12-24 22:22:28.865   788 28191 D ACDB-LOADER: ACDB -> ACDB_CMD_GET_AFE_COMMON_TABLE
12-24 22:22:28.865   788 28191 D         : Failed to fetch the lookup information of the device 0000003E 
12-24 22:22:28.865   788 28191 D ACDB-LOADER: ACDB -> AUDIO_SET_AFE_CAL
12-24 22:22:28.865   788 28191 D ACDB-LOADER: ACDB -> send_hw_delay : acdb_id = 62 path = 1
12-24 22:22:28.866   788 28191 D ACDB-LOADER: ACDB -> ACDB_AVSYNC_INFO: ACDB_CMD_GET_DEVICE_PROPERTY
12-24 22:22:28.866   788 28191 D audio_hw_primary: enable_snd_device: snd_device(120: voice-rec-mic)
12-24 22:22:28.866   788 28191 D audio_route: Apply path: voice-rec-mic
12-24 22:22:28.872   788 28191 V msm8974_platform: platform_get_snd_device_backend_index: enter with device 120
12-24 22:22:28.872   788 28191 E msm8974_platform: platform_get_snd_device_backend_index: BE DAI Name Table is not present
12-24 22:22:28.872   788 28191 V msm8974_platform: platform_get_backend_index:napb: backend port - 5 device - 120 
12-24 22:22:28.872   788 28191 I audio_hw_utils: Set Audio Stream Capture 0 App Type Cfg: app_type 69936, acdb_dev_id 62, sample_rate 48000, snd_device_be_idx -14
12-24 22:22:28.872   788 28191 D audio_hw_primary: enable_audio_route: usecase(9) apply and update mixer path: audio-record
12-24 22:22:28.872   788 28191 D audio_route: Apply path: audio-record
12-24 22:22:28.941  7933  7966 I MicroDetectionWorker: onReady
12-24 22:22:29.238  1456  7796 I OpenGLRenderer: Initialized EGL, version 1.4
12-24 22:22:29.238  1456  7796 D OpenGLRenderer: Swap behavior 2
12-24 22:22:29.285  2748  2917 W OpenGLRenderer: Incorrectly called buildLayer on View: ShortcutAndWidgetContainer, destroying layer...
12-24 22:22:29.407 28008 28025 I chatty  : uid=10627(org.mozilla.fenix.performancetest) com.google.android.gms.unstable expire 1 line
12-24 22:22:29.415 28008 28108 I chatty  : uid=10627(org.mozilla.fenix.performancetest) com.google.android.gms.unstable expire 6 lines
12-24 22:22:29.482  1456  2204 D ConnectivityService: requestNetwork for uid/pid:10627/28008 NetworkRequest [ TRACK_DEFAULT id=13516, [ Capabilities: INTERNET&NOT_RESTRICTED&TRUSTED&NOT_VPN] ]
12-24 22:22:29.484  1456  2099 D Ethernet: got request NetworkRequest [ TRACK_DEFAULT id=13516, [ Capabilities: INTERNET&NOT_RESTRICTED&TRUSTED&NOT_VPN] ] with score 60
12-24 22:22:29.484  1456  2054 D WIFI_UT : got request NetworkRequest [ TRACK_DEFAULT id=13516, [ Capabilities: INTERNET&NOT_RESTRICTED&TRUSTED&NOT_VPN] ] with score 60
12-24 22:22:29.484  1456  2054 D WIFI    : got request NetworkRequest [ TRACK_DEFAULT id=13516, [ Capabilities: INTERNET&NOT_RESTRICTED&TRUSTED&NOT_VPN] ] with score 60
12-24 22:22:29.484  2398  2398 D PhoneSwitcherNetworkRequstListener: got request NetworkRequest [ TRACK_DEFAULT id=13516, [ Capabilities: INTERNET&NOT_RESTRICTED&TRUSTED&NOT_VPN] ] with score 60
12-24 22:22:29.510 28008 28192 I chatty  : uid=10627(org.mozilla.fenix.performancetest) com.google.android.gms.unstable expire 9 lines
12-24 22:22:29.530  1456  1466 I zygote  : NativeAlloc concurrent copying GC freed 63063(4MB) AllocSpace objects, 24(864KB) LOS objects, 42% free, 30MB/54MB, paused 149us total 291.593ms
12-24 22:22:29.902   808   808 I SFPerfTracer:      triggers: (rate: 49:53365) (compose: 0:5) (post: 0:12) (render: 0:9) (0:1339607 frames) (1:2338319)
12-24 22:22:29.902   808   808 D SFPerfTracer:        layers: (4:12) (NavigationBar#0 (0xb07df000): 0:306218) (StatusBar#0 (0xb07e3000): 0:972828) (com.android.systemui.ImageWallpaper#0 (0xb07e7000): 0:23480) (Sprite#0 (0xb0733000): 0:317)* (DimLayerController/Stack=0#0 (0xb075a000): 0:3501)* (Sprite#1 (0xb077c000): 0:195)* (com.android.launcher3/com.android.launcher3.CustomizationPanelLauncher#0 (0xb0763000): 0:40)- (com.android.launcher3/com.android.launcher3.CustomizationPanelLauncher#1 (0xb0771000): 0:10)- (Splash Screen org.mozilla.fenix.performancetest#0 (0xb0384000): 0:30)- (org.mozilla.fenix.performancetest/org.mozilla.fenix.HomeActivity#0 (0xb039b000): 0:45)- (com.android.launcher3/com.android.launcher3.CustomizationPanelLauncher#0 (0xb0763000): 0:36)* (com.android.launcher3/com.android.launcher3.CustomizationPanelLauncher#1 (0xb0771000): 0:6) 
12-24 22:22:30.006 28008 28042 I chatty  : uid=10627(org.mozilla.fenix.performancetest) com.google.android.gms.unstable expire 1 line
12-24 22:22:30.016  1456  2067 D ConnectivityService: releasing NetworkRequest [ TRACK_DEFAULT id=13516, [ Capabilities: INTERNET&NOT_RESTRICTED&TRUSTED&NOT_VPN] ] (release request)
12-24 22:22:32.118  1456  1893 D BatteryService: uevent={POWER_SUPPLY_VOLTAGE_NOW=4402440, POWER_SUPPLY_CHARGE_RATE=Normal, POWER_SUPPLY_HEALTH=Good, POWER_SUPPLY_CURRENT_NOW=-203245, POWER_SUPPLY_PRESENT=1, SUBSYSTEM=power_supply, POWER_SUPPLY_TEMP=320, SEQNUM=257429, ACTION=change, POWER_SUPPLY_NAME=battery, POWER_SUPPLY_STATUS=Charging, POWER_SUPPLY_CHARGE_COUNTER=2814400, POWER_SUPPLY_CAPACITY=100, DEVPATH=/devices/soc/qpnp-smbcharger-17/power_supply/battery}
12-24 22:22:32.126  2398  2398 D QtiCarrierConfigHelper: WARNING, no carrier configs on phone Id: 0
12-24 22:22:32.257   808   898 I SFPerfTracer:      triggers: (rate: 0:0) (0 sw vsyncs) (0 skipped) (0:1200777 vsyncs) (2:2364977)
12-24 22:22:33.874  1456  2918 I ActivityManager: Force stopping org.mozilla.fenix.performancetest appid=10627 user=0: from pid 28196
12-24 22:22:33.874  1456  2918 I ActivityManager: Killing 28008:org.mozilla.fenix.performancetest/u0a627 (adj 700): stop org.mozilla.fenix.performancetest
12-24 22:22:33.877  1456  2918 W ActivityManager: Force removing ActivityRecord{58ad34d u0 org.mozilla.fenix.performancetest/org.mozilla.fenix.HomeActivity t12603}: app died, no saved state
12-24 22:22:33.877  1456  1605 W zygote  : kill(-28008, 9) failed: No such process
12-24 22:22:33.878 28046 28046 I chatty  : uid=10627(org.mozilla.fenix.performancetest) expire 1 line
12-24 22:22:33.886  1456  2918 I ActivityManager: Killing 28046:org.mozilla.fenix.performancetest:tab/u0a627 (adj 0): stop org.mozilla.fenix.performancetest
12-24 22:22:33.898  1456  1605 W zygote  : kill(-28008, 9) failed: No such process
12-24 22:22:33.899  2398  2398 D CarrierSvcBindHelper: No carrier app for: 0
12-24 22:22:33.900  2398  2398 D CarrierSvcBindHelper: No carrier app for: 1
12-24 22:22:33.955  1456  1605 I chatty  : uid=1000(system) ActivityManager expire 4 lines
12-24 22:22:33.955  1456  1673 W ActivityManager: setHasOverlayUi called on unknown pid: 28008
12-24 22:22:33.970  1456  1605 W zygote  : kill(-28008, 9) failed: No such process
12-24 22:22:33.970  1456  1605 I zygote  : Successfully killed process cgroup uid 10627 pid 28008 in 93ms
12-24 22:22:33.971  1456  1605 W zygote  : kill(-28046, 9) failed: No such process
12-24 22:22:33.971  1456  1605 I zygote  : Successfully killed process cgroup uid 10627 pid 28046 in 0ms
12-24 22:22:33.994  1456  5907 I ActivityManager: START u0 {act=android.intent.action.MAIN cat=[android.intent.category.LAUNCHER] flg=0x10000000 cmp=org.mozilla.fenix.performancetest/org.mozilla.fenix.HomeActivity} from uid 2000
12-24 22:22:33.994   794   839 E ANDR-PERF-RESOURCEQS: Failed to apply optimization [4, 0]
12-24 22:22:34.015  1456  3925 I ActivityManager: Start proc 28203:org.mozilla.fenix.performancetest/u0a627 for activity org.mozilla.fenix.performancetest/org.mozilla.fenix.HomeActivity
12-24 22:22:34.019 28203 28203 I chatty  : uid=10627(org.mozilla.fenix.performancetest) expire 59 lines
12-24 22:22:34.117  7933  7966 I MicroDetectionState: Should stop hotword detection immediately - false
12-24 22:22:34.118  7933  7966 I MicroDetector: Keeping mic open: false
12-24 22:22:34.118  7933  7966 I RecognitionAudioControl: #shutdownAudio [requestId: -8407511885478772784, keepAudioOpen: false, forced: true]
12-24 22:22:34.118  7933 11443 E DeviceStateChecker: DeviceStateChecker cancelled
12-24 22:22:34.118  7933  7966 I RecognitionAudioControl: #internalShutdownAudio [requestId: -8407511885478772784]
12-24 22:22:34.118  7933  7966 I RecognitionAudioControl: #internalShutdownAudio [keepAudioOpen: false, forced: true]
12-24 22:22:34.118  7933  7966 I RecognitionAudioControl: #actualShutdownAudio
12-24 22:22:34.118  7933  7966 I AudioController: #shutdown [requestId=-8407511885478772784]
12-24 22:22:34.119  7933 26414 I AudioController: internalShutdown
12-24 22:22:34.119  7933  2598 I MicroRecognitionRunner: Stopping hotword detection.
12-24 22:22:34.160   788  1479 D audio_hw_primary: disable_audio_route: usecase(9) reset and update mixer path: audio-record
12-24 22:22:34.161   788  1479 D audio_hw_primary: disable_snd_device: snd_device(120: voice-rec-mic)
12-24 22:22:34.163  1012  1012 D APM_AudioPolicyManager: stopInput() input 51342, session 51393
12-24 22:22:34.164   788   788 D audio_hw_primary: in_set_parameters: enter: kvpairs=routing=0
12-24 22:22:34.166  7933 26414 I MicrophoneInputStream: mic_close  SR : 16000 CC : 16 SO : 1999
12-24 22:22:34.167  7933 26414 E AudioSource: Stop listening is called on already closed AudioSource
12-24 22:22:34.168  7933  7990 I MicroRecognitionRunner: Detection finished
12-24 22:22:34.252 28203 28220 I chatty  : uid=10627(org.mozilla.fenix.performancetest) expire 13 lines
12-24 22:22:34.474 28203 28234 I chatty  : uid=10627(org.mozilla.fenix.performancetest) expire 35 lines
12-24 22:22:34.608  1456  5907 I ActivityManager: Start proc 28241:org.mozilla.fenix.performancetest:tab/u0a627 for service org.mozilla.fenix.performancetest/org.mozilla.gecko.process.GeckoServiceChildProcess$tab
12-24 22:22:34.609 28203 28244 I chatty  : uid=10627(org.mozilla.fenix.performancetest) expire 10 lines
12-24 22:22:34.612 28241 28241 I chatty  : uid=10627(org.mozilla.fenix.performancetest) expire 2 lines
12-24 22:22:34.776 28241 28266 I chatty  : uid=10627(org.mozilla.fenix.performancetest) expire 1 line
12-24 22:22:34.901 28203 28208 I chatty  : uid=10627(org.mozilla.fenix.performancetest) expire 7 lines
12-24 22:22:35.288 28203 28295 I chatty  : uid=10627(org.mozilla.fenix.performancetest) expire 5 lines
12-24 22:22:35.724  1456  5907 I WifiService: getDhcpInfo uid=10627
12-24 22:22:36.258 28203 28208 I chatty  : uid=10627(org.mozilla.fenix.performancetest) expire 1 line
12-24 22:22:36.319 28203 28234 I chatty  : uid=10627(org.mozilla.fenix.performancetest) expire 57 lines
12-24 22:22:36.360 28203 28340 I chatty  : uid=10627(org.mozilla.fenix.performancetest) expire 2 lines
12-24 22:22:36.495  1456  1673 I LaunchCheckinHandler: Displayed org.mozilla.fenix.performancetest/org.mozilla.fenix.HomeActivity,cp,ca,2492
12-24 22:22:36.495  1456  1673 I ActivityManager: Displayed org.mozilla.fenix.performancetest/org.mozilla.fenix.HomeActivity: +2s487ms
12-24 22:22:36.533 28203 28203 I chatty  : uid=10627(org.mozilla.fenix.performancetest) expire 10 lines
12-24 22:22:36.541 28203 28355 I chatty  : uid=10627(org.mozilla.fenix.performancetest) expire 4 lines
12-24 22:22:36.554  7933  7933 I MemoryTrimmer: Trimming objects from memory, since app is in the background.
12-24 22:22:36.567  7933  7933 I MemoryTrimmer: Trimming objects from memory, since app is in the background.
12-24 22:22:36.577  7933 10441 I PBSessionCacheImpl: Deleted sessionId[34891280184933292] from persistence.
12-24 22:22:36.582  1456  3925 I WifiService: getWifiEnabledState uid=10073
12-24 22:22:36.602  7933  7966 W SearchServiceCore: Abort, client detached.
12-24 22:22:36.643 28203 28225 I chatty  : uid=10627(org.mozilla.fenix.performancetest) expire 2 lines
12-24 22:22:39.648 28373 28373 D AndroidRuntime: >>>>>> START com.android.internal.os.RuntimeInit uid 2000 <<<<<<
12-24 22:22:39.661 28373 28373 W app_process: Could not reserve sentinel fault page
12-24 22:22:39.825 28373 28373 I app_process: The ClassLoaderContext is a special shared library.
12-24 22:22:39.899 28373 28373 D AndroidRuntime: Calling main entry com.android.commands.input.Input
12-24 22:22:39.902 28373 28373 I Input   : injectKeyEvent: KeyEvent { action=ACTION_DOWN, keyCode=KEYCODE_HOME, scanCode=0, metaState=0, flags=0x0, repeatCount=0, eventTime=9691383515, downTime=9691383515, deviceId=-1, source=0x101 }
12-24 22:22:39.909 28373 28373 I Input   : injectKeyEvent: KeyEvent { action=ACTION_UP, keyCode=KEYCODE_HOME, scanCode=0, metaState=0, flags=0x0, repeatCount=0, eventTime=9691383515, downTime=9691383515, deviceId=-1, source=0x101 }
12-24 22:22:39.915  1456  1941 I ActivityManager: START u0 {act=android.intent.action.MAIN cat=[android.intent.category.HOME] flg=0x10200000 cmp=com.android.launcher3/.CustomizationPanelLauncher (has extras)} from uid 1000
12-24 22:22:39.916   794   839 E ANDR-PERF-RESOURCEQS: Failed to apply optimization [4, 0]
12-24 22:22:39.927  1456  1941 I ActivityManager: moveHomeStack, setupComplete:true
12-24 22:22:39.934  7933  7963 I Adreno  : QUALCOMM build                   : bb5b86c, I77d3059488
12-24 22:22:39.934  7933  7963 I Adreno  : Build Date                       : 06/07/18
12-24 22:22:39.934  7933  7963 I Adreno  : OpenGL ES Shader Compiler Version: EV031.22.00.01_06
12-24 22:22:39.934  7933  7963 I Adreno  : Local Branch                     : 
12-24 22:22:39.934  7933  7963 I Adreno  : Remote Branch                    : refs/tags/AU_LINUX_ANDROID_LA.UM.6.5.R1.08.01.00.312.086
12-24 22:22:39.934  7933  7963 I Adreno  : Remote Branch                    : NONE
12-24 22:22:39.934  7933  7963 I Adreno  : Reconstruct Branch               : NOTHING
12-24 22:22:39.936  7933  7963 D vndksupport: Loading /vendor/lib/hw/gralloc.msm8937.so from current namespace instead of sphal namespace.
12-24 22:22:39.937 28373 28373 D AndroidRuntime: Shutting down VM
12-24 22:22:39.940  7933  7963 I Adreno  : PFP: 0x005ff087, ME: 0x005ff063
12-24 22:22:39.943  7933  7963 I zygote  : android::hardware::configstore::V1_0::ISurfaceFlingerConfigs::hasWideColorDisplay retrieved: 0
12-24 22:22:39.944  7933  7963 I OpenGLRenderer: Initialized EGL, version 1.4
12-24 22:22:39.945  7933  7963 D OpenGLRenderer: Swap behavior 2
12-24 22:22:39.947 25489 25489 I Finsky  : [2] puo.onTrimMemory(1): Memory trim requested to level 80
12-24 22:22:39.949  2748  2748 D Launcher.Utilities: Wakeup weather: Intent { act=com.motorola.launcher3.action.WAKEUP_WEATHER cmp=com.motorola.timeweatherwidget/com.motorola.commandcenter.weather.WakeUpService }
12-24 22:22:39.962  1456  1456 I NotificationService: Cannot find enqueued record for key: 0|com.motorola.timeweatherwidget|1|null|10116
12-24 22:22:39.970   808   808 D SurfaceFlinger: duplicate layer name: changing com.android.launcher3/com.android.launcher3.CustomizationPanelLauncher to com.android.launcher3/com.android.launcher3.CustomizationPanelLauncher#1
12-24 22:22:39.986  7933 11443 W ThreadPoolDumper: Queue length for executor EventBus is now 11. Perhaps some tasks are too long, or the pool is too small.
12-24 22:22:39.989  1456  5907 I WifiService: getWifiEnabledState uid=10073
12-24 22:22:40.002  1456  5907 I WifiService: getWifiEnabledState uid=10073
12-24 22:22:40.036  7933  7966 I MicroDetectionState: Should stop hotword detection immediately - false
12-24 22:22:40.041  7933  7966 I MicroDetectionWorker: #startMicroDetector [speakerMode: 0]
12-24 22:22:40.043  7933  7966 I AudioController: Created new AudioSource
12-24 22:22:40.051  1456  1673 I LaunchCheckinHandler: Displayed com.android.launcher3/.CustomizationPanelLauncher,wp,wa,136
12-24 22:22:40.057  7933  7966 I MicroDetectionWorker: onReady
12-24 22:22:40.058  7933 11227 I MicroDataManager: isInitializedWithLatestParams-true
12-24 22:22:40.058  7933 11227 I MicroDataManager: isInitializing-false locale not changed-true model not changed-true
12-24 22:22:40.061  7933 11227 I MicroDataManager: Already initialized, obtaining the hotword data immediately.
12-24 22:22:40.068  7933  7990 I MicroRecognitionRunner: Starting detection.
12-24 22:22:40.069  7933  7990 I InputStreamUtils: Using micInputStream
12-24 22:22:40.069  7933 10441 I MicrophoneInputStream: mic_starting  SR : 16000 CC : 16 SO : 1999
12-24 22:22:40.072   788   788 V msm8974_platform: platform_check_input_mask: enter check_input_mask source 6 mask 10
12-24 22:22:40.074  1012 28388 I AudioFlinger: AudioFlinger's thread 0xb2483780 tid=28388 ready to run
12-24 22:22:40.083   788   788 D audio_hw_primary: in_set_parameters: enter: kvpairs=input_source=6;routing=-2147483644
12-24 22:22:40.084  1012 10158 D APM_AudioPolicyManager: AudioPolicyManager::startInput() input 51350, session 51401, source = 1999
12-24 22:22:40.085  7933 10441 I MicrophoneInputStream: mic_started  SR : 16000 CC : 16 SO : 1999
12-24 22:22:40.086   788 28389 V msm8974_platform: platform_update_usecase_from_source: input source :6
12-24 22:22:40.086   788 28389 V msm8974_platform: platform_check_input_mask: enter check_input_mask source 6 mask 10
12-24 22:22:40.086   788 28389 V msm8974_platform: platform_get_input_snd_device: enter: out_device(0) in_device(0x4) channel_count (1) channel_mask (0x10)
12-24 22:22:40.086   788 28389 V msm8974_platform: platform_get_input_snd_device: exit: in_snd_device(voice-rec-mic)
12-24 22:22:40.086   788 28389 V msm8974_platform: platform_get_backend_index:napb: backend port - 5 device - 120 
12-24 22:22:40.086   788 28389 V msm8974_platform: platform_check_and_set_capture_backend_cfg:txbecf: afe: bitwidth 0, samplerate 0, channel 1, backend_idx 5 usecase = 9 device (voice-rec-mic)
12-24 22:22:40.086   788 28389 V msm8974_platform: platform_check_capture_backend_cfg:txbecf: afe: Codec selected backend: 5 current bit width: 0 and sample rate: 0, channels 1
12-24 22:22:40.086   788 28389 V msm8974_platform: platform_check_capture_backend_cfg:txbecf: afe: Codec selected backend: 5 updated bit width: 0 and sample rate: 0
12-24 22:22:40.086   788 28389 I msm8974_platform: platform_check_capture_backend_cfg:txbecf: afe: Codec backend needs to be updated. new bit width: 0 new sample rate: 0 new channel: 1
12-24 22:22:40.086   788 28389 V msm8974_platform: platform_get_backend_index:napb: backend port - 5 device - 120 
12-24 22:22:40.086   788 28389 V msm8974_platform: platform_set_backend_cfg:becf: afe: bitwidth 0, samplerate 0 channels 1, backend_idx 5 device (voice-rec-mic)
12-24 22:22:40.086   788 28389 E msm8974_platform: platform_set_backend_cfg:becf: afe: Could not get ctl for mixer command - SLIM_0_TX Format
12-24 22:22:40.086   788 28389 V msm8974_platform: platform_send_audio_calibration: sending audio calibration for snd_device(120) acdb_id(62)
12-24 22:22:40.086   788 28389 D ACDB-LOADER: ACDB -> send_audio_cal, acdb_id = 62, path = 1, app id = 0x11130, sample rate = 48000
12-24 22:22:40.086   788 28389 D ACDB-LOADER: ACDB -> send_asm_topology
12-24 22:22:40.087   788 28389 D ACDB-LOADER: ACDB -> ACDB_CMD_GET_AUDPROC_STREAM_TOPOLOGY_ID
12-24 22:22:40.087   788 28389 D ACDB-LOADER: ACDB -> send_adm_topology
12-24 22:22:40.087   788 28389 D ACDB-LOADER: ACDB -> ACDB_CMD_GET_AUDPROC_COMMON_TOPOLOGY_ID
12-24 22:22:40.087   788 28389 D ACDB-LOADER: ACDB -> send_audtable
12-24 22:22:40.087   788 28389 D ACDB-LOADER: ACDB -> ACDB_CMD_GET_AUDPROC_COMMON_TABLE_SIZE
12-24 22:22:40.087   788 28389 D ACDB-LOADER: ACDB -> ACDB_CMD_GET_AUDPROC_COMMON_TABLE
12-24 22:22:40.087   788 28389 D ACDB-LOADER: ACDB -> AUDIO_SET_AUDPROC_CAL
12-24 22:22:40.087   788 28389 D ACDB-LOADER: ACDB -> send_audvoltable
12-24 22:22:40.087   788 28389 D ACDB-LOADER: ACDB -> ACDB_CMD_GET_AUDPROC_VOL_STEP_TABLE_SIZE
12-24 22:22:40.087   788 28389 D ACDB-LOADER: ACDB -> ACDB_CMD_GET_AUDPROC_GAIN_DEP_STEP_TABLE, vol index 0
12-24 22:22:40.087   788 28389 D         : Failed to fetch the lookup information of the device 0000003E 
12-24 22:22:40.087   788 28389 D ACDB-LOADER: ACDB -> AUDIO_SET_VOL_CAL cal type = 12
12-24 22:22:40.087   788 28389 D ACDB-LOADER: ACDB -> ACDB_CMD_GET_AUDPROC_STREAM_TABLE_SIZE
12-24 22:22:40.087   788 28389 D ACDB-LOADER: ACDB -> send_audstrmtable
12-24 22:22:40.087   788 28389 D ACDB-LOADER: ACDB -> ACDB_CMD_GET_AUDPROC_STREAM_TABLE_V2
12-24 22:22:40.087   788 28389 D ACDB-LOADER: ACDB -> audstrm_cal->cal_type.cal_data.cal_size = 456
12-24 22:22:40.087   788 28389 D ACDB-LOADER: ACDB -> send_afe_topology
12-24 22:22:40.087   788 28389 D ACDB-LOADER: ACDB -> ACDB_CMD_GET_AFE_TOPOLOGY_ID
12-24 22:22:40.087   788 28389 D ACDB-LOADER: ACDB -> GET_AFE_TOPOLOGY_ID for adcd_id 62, Topology Id 112fb
12-24 22:22:40.087   788 28389 D ACDB-LOADER: ACDB -> send_afe_cal
12-24 22:22:40.087   788 28389 D ACDB-LOADER: ACDB -> ACDB_CMD_GET_AFE_COMMON_TABLE_SIZE
12-24 22:22:40.087   788 28389 D         : Failed to fetch the lookup information of the device 0000003E 
12-24 22:22:40.087   788 28389 E ACDB-LOADER: Error: ACDB_CMD_GET_AFE_COMMON_TABLE_SIZE Returned = -19
12-24 22:22:40.087   788 28389 D ACDB-LOADER: ACDB -> ACDB_CMD_GET_AFE_COMMON_TABLE
12-24 22:22:40.087   788 28389 D         : Failed to fetch the lookup information of the device 0000003E 
12-24 22:22:40.087   788 28389 D ACDB-LOADER: ACDB -> AUDIO_SET_AFE_CAL
12-24 22:22:40.087   788 28389 D ACDB-LOADER: ACDB -> send_hw_delay : acdb_id = 62 path = 1
12-24 22:22:40.087   788 28389 D ACDB-LOADER: ACDB -> ACDB_AVSYNC_INFO: ACDB_CMD_GET_DEVICE_PROPERTY
12-24 22:22:40.087   788 28389 D audio_hw_primary: enable_snd_device: snd_device(120: voice-rec-mic)
12-24 22:22:40.087   788 28389 D audio_route: Apply path: voice-rec-mic
12-24 22:22:40.090   788 28389 V msm8974_platform: platform_get_snd_device_backend_index: enter with device 120
12-24 22:22:40.090   788 28389 E msm8974_platform: platform_get_snd_device_backend_index: BE DAI Name Table is not present
12-24 22:22:40.090   788 28389 V msm8974_platform: platform_get_backend_index:napb: backend port - 5 device - 120 
12-24 22:22:40.090   788 28389 I audio_hw_utils: Set Audio Stream Capture 0 App Type Cfg: app_type 69936, acdb_dev_id 62, sample_rate 48000, snd_device_be_idx -14
12-24 22:22:40.090   788 28389 D audio_hw_primary: enable_audio_route: usecase(9) apply and update mixer path: audio-record
12-24 22:22:40.090   788 28389 D audio_route: Apply path: audio-record
12-24 22:22:40.159  7933  7966 I MicroDetectionWorker: onReady
12-24 22:22:40.173  2146  2165 I zygote  : NativeAlloc concurrent copying GC freed 18584(1007KB) AllocSpace objects, 0(0B) LOS objects, 49% free, 7MB/15MB, paused 122us total 102.307ms
12-24 22:22:40.449  1456  7796 I OpenGLRenderer: Initialized EGL, version 1.4
12-24 22:22:40.450  1456  7796 D OpenGLRenderer: Swap behavior 2
12-24 22:22:40.497  2748  2917 W OpenGLRenderer: Incorrectly called buildLayer on View: ShortcutAndWidgetContainer, destroying layer...
12-24 22:22:40.628 28203 28220 I chatty  : uid=10627(org.mozilla.fenix.performancetest) expire 1 line
12-24 22:22:40.637 28203 28305 I chatty  : uid=10627(org.mozilla.fenix.performancetest) expire 6 lines
12-24 22:22:40.700  1456  3925 D ConnectivityService: requestNetwork for uid/pid:10627/28203 NetworkRequest [ TRACK_DEFAULT id=13517, [ Capabilities: INTERNET&NOT_RESTRICTED&TRUSTED&NOT_VPN] ]
12-24 22:22:40.701  1456  2099 D Ethernet: got request NetworkRequest [ TRACK_DEFAULT id=13517, [ Capabilities: INTERNET&NOT_RESTRICTED&TRUSTED&NOT_VPN] ] with score 60
12-24 22:22:40.701  1456  2054 D WIFI_UT : got request NetworkRequest [ TRACK_DEFAULT id=13517, [ Capabilities: INTERNET&NOT_RESTRICTED&TRUSTED&NOT_VPN] ] with score 60
12-24 22:22:40.702  1456  2054 D WIFI    : got request NetworkRequest [ TRACK_DEFAULT id=13517, [ Capabilities: INTERNET&NOT_RESTRICTED&TRUSTED&NOT_VPN] ] with score 60
12-24 22:22:40.702  2398  2398 D PhoneSwitcherNetworkRequstListener: got request NetworkRequest [ TRACK_DEFAULT id=13517, [ Capabilities: INTERNET&NOT_RESTRICTED&TRUSTED&NOT_VPN] ] with score 60
12-24 22:22:40.725 28203 28390 I chatty  : uid=10627(org.mozilla.fenix.performancetest) expire 9 lines
12-24 22:22:41.209  1456  2067 D ConnectivityService: releasing NetworkRequest [ TRACK_DEFAULT id=13517, [ Capabilities: INTERNET&NOT_RESTRICTED&TRUSTED&NOT_VPN] ] (release request)
12-24 22:22:42.535  1456  2063 D WifiNative-wlan0: Scan issued for specific freq..
12-24 22:22:42.537   769   769 I MotoSensors: Sensorhub hal setDelay: 1 - 20
12-24 22:22:42.537   769   769 I MotoSensors: Sensorhub hal setdelay: 1 - 20
12-24 22:22:42.537   769   769 I MotoSensors: HubSensors::updateAccelRate 200
12-24 22:22:42.538   769   769 I MotoSensors: Sensorhub hal enable: 1 - 1
12-24 22:22:42.538   769   769 I MotoSensors: HubSensors::updateAccelRate 20
12-24 22:22:42.972  1456  3925 D WificondControl: Scan result ready event
12-24 22:22:43.053   769   769 I MotoSensors: Sensorhub hal enable: 1 - 0
12-24 22:22:43.096  1456  1601 I ActivityManager: Start proc 28393:com.google.android.apps.maps/u0a108 for broadcast com.google.android.apps.maps/com.google.android.apps.gmm.navigation.service.detection.ActivityRecognitionReceiver
12-24 22:22:43.172 28393 28393 W ResourceType: ResTable_typeSpec entry count inconsistent: given 15, previously 22
12-24 22:22:43.346 28393 28412 I Adreno  : QUALCOMM build                   : bb5b86c, I77d3059488
12-24 22:22:43.346 28393 28412 I Adreno  : Build Date                       : 06/07/18
12-24 22:22:43.346 28393 28412 I Adreno  : OpenGL ES Shader Compiler Version: EV031.22.00.01_06
12-24 22:22:43.346 28393 28412 I Adreno  : Local Branch                     : 
12-24 22:22:43.346 28393 28412 I Adreno  : Remote Branch                    : refs/tags/AU_LINUX_ANDROID_LA.UM.6.5.R1.08.01.00.312.086
12-24 22:22:43.346 28393 28412 I Adreno  : Remote Branch                    : NONE
12-24 22:22:43.346 28393 28412 I Adreno  : Reconstruct Branch               : NOTHING
12-24 22:22:43.347 28393 28412 D vndksupport: Loading /vendor/lib/hw/gralloc.msm8937.so from current namespace instead of sphal namespace.
12-24 22:22:43.424 28393 28412 I Adreno  : PFP: 0x005ff087, ME: 0x005ff063
12-24 22:22:43.440 28393 28412 I zygote  : android::hardware::configstore::V1_0::ISurfaceFlingerConfigs::hasWideColorDisplay retrieved: 0
12-24 22:22:43.827 28393 28398 I zygote  : Do partial code cache collection, code=23KB, data=24KB
12-24 22:22:43.828 28393 28398 I zygote  : After code cache collection, code=23KB, data=24KB
12-24 22:22:43.828 28393 28398 I zygote  : Increasing code cache capacity to 128KB
12-24 22:22:43.903 28393 28398 I zygote  : Do partial code cache collection, code=50KB, data=33KB
12-24 22:22:43.906 28393 28398 I zygote  : After code cache collection, code=42KB, data=27KB
12-24 22:22:43.906 28393 28398 I zygote  : Increasing code cache capacity to 256KB
12-24 22:22:43.982  1456  3925 I ActivityManager: Start proc 28425:com.google.process.gapps/u0a36 for content provider com.google.android.gsf/.settings.GoogleSettingsProvider
12-24 22:22:44.031 28425 28425 I zygote  : The ClassLoaderContext is a special shared library.
12-24 22:22:44.059 28425 28425 I GoogleHttpClient: GMS http client unavailable, use old client
12-24 22:22:44.276 20331 20547 I GeofencerStateMachine: removeGeofences: removeRequest=RemoveGeofencingRequest[REMOVE_BY_IDS Ids=[atn_geofence_request_id], packageName=com.google.android.apps.maps]
12-24 22:22:45.082  1456  2162 I ActivityManager: Force stopping org.mozilla.fenix.performancetest appid=10627 user=0: from pid 28454
12-24 22:22:45.083  1456  2162 I ActivityManager: Killing 28203:org.mozilla.fenix.performancetest/u0a627 (adj 700): stop org.mozilla.fenix.performancetest
12-24 22:22:45.085  1456  1605 W zygote  : kill(-28203, 9) failed: No such process
12-24 22:22:45.086  1456  2162 W ActivityManager: Force removing ActivityRecord{5b8821a u0 org.mozilla.fenix.performancetest/org.mozilla.fenix.HomeActivity t12604}: app died, no saved state
12-24 22:22:45.086 28241 28241 I chatty  : uid=10627(org.mozilla.fenix.performancetest) expire 1 line
12-24 22:22:45.096  1456  2162 I ActivityManager: Killing 28241:org.mozilla.fenix.performancetest:tab/u0a627 (adj 0): stop org.mozilla.fenix.performancetest
12-24 22:22:45.101 25489 25489 I Finsky  : [2] puo.onTrimMemory(1): Memory trim requested to level 80
12-24 22:22:45.104  1456  1605 W zygote  : kill(-28203, 9) failed: No such process
12-24 22:22:45.109  2398  2398 D CarrierSvcBindHelper: No carrier app for: 0
12-24 22:22:45.109  2398  2398 D CarrierSvcBindHelper: No carrier app for: 1
12-24 22:22:45.117  1456  1605 W zygote  : kill(-28203, 9) failed: No such process
12-24 22:22:45.163  1456  1673 W ActivityManager: setHasOverlayUi called on unknown pid: 28203
12-24 22:22:45.164  1456  1605 I chatty  : uid=1000(system) ActivityManager identical 6 lines
12-24 22:22:45.171  1456  1605 W zygote  : kill(-28203, 9) failed: No such process
12-24 22:22:45.171  1456  1605 I zygote  : Successfully killed process cgroup uid 10627 pid 28203 in 86ms
12-24 22:22:45.171  1456  1605 W zygote  : kill(-28241, 9) failed: No such process
12-24 22:22:45.171  1456  1605 I zygote  : Successfully killed process cgroup uid 10627 pid 28241 in 0ms
12-24 22:22:45.208  1456  4250 I ActivityManager: START u0 {act=android.intent.action.MAIN cat=[android.intent.category.LAUNCHER] flg=0x10000000 cmp=org.mozilla.fenix.performancetest/org.mozilla.fenix.HomeActivity} from uid 2000
12-24 22:22:45.209   794   839 E ANDR-PERF-RESOURCEQS: Failed to apply optimization [4, 0]
12-24 22:22:45.224   808   808 I SFPerfTracer:      triggers: (rate: 49:53366) (compose: 0:5) (post: 0:12) (render: 0:9) (0:1339674 frames) (1:2338419)
12-24 22:22:45.224   808   808 D SFPerfTracer:        layers: (4:12) (NavigationBar#0 (0xb07df000): 0:306240) (StatusBar#0 (0xb07e3000): 0:972852) (com.android.systemui.ImageWallpaper#0 (0xb07e7000): 0:23483) (Sprite#0 (0xb0733000): 0:317)* (DimLayerController/Stack=0#0 (0xb075a000): 0:3501)* (Sprite#1 (0xb077c000): 0:195)* (com.android.launcher3/com.android.launcher3.CustomizationPanelLauncher#0 (0xb0763000): 0:38)- (com.android.launcher3/com.android.launcher3.CustomizationPanelLauncher#1 (0xb0771000): 0:9)- (Splash Screen org.mozilla.fenix.performancetest#0 (0xb0384000): 0:31)- (org.mozilla.fenix.performancetest/org.mozilla.fenix.HomeActivity#0 (0xb039b000): 0:46)- (com.android.launcher3/com.android.launcher3.CustomizationPanelLauncher#0 (0xb0763000): 1:37)* (com.android.launcher3/com.android.launcher3.CustomizationPanelLauncher#1 (0xb0771000): 1:9) 
12-24 22:22:45.229  1456  2918 I ActivityManager: Start proc 28461:org.mozilla.fenix.performancetest/u0a627 for activity org.mozilla.fenix.performancetest/org.mozilla.fenix.HomeActivity
12-24 22:22:45.233 28461 28461 I chatty  : uid=10627(org.mozilla.fenix.performancetest) expire 69 lines
12-24 22:22:45.330  7933  7966 I MicroDetectionState: Should stop hotword detection immediately - false
12-24 22:22:45.330  7933  7966 I MicroDetector: Keeping mic open: false
12-24 22:22:45.330  7933  7966 I RecognitionAudioControl: #shutdownAudio [requestId: 6614969356297688512, keepAudioOpen: false, forced: true]
12-24 22:22:45.330  7933 12035 E DeviceStateChecker: DeviceStateChecker cancelled
12-24 22:22:45.331  7933  7966 I RecognitionAudioControl: #internalShutdownAudio [requestId: 6614969356297688512]
12-24 22:22:45.331  7933  7966 I RecognitionAudioControl: #internalShutdownAudio [keepAudioOpen: false, forced: true]
12-24 22:22:45.331  7933  7966 I RecognitionAudioControl: #actualShutdownAudio
12-24 22:22:45.331  7933  7966 I AudioController: #shutdown [requestId=6614969356297688512]
12-24 22:22:45.331  7933 11227 I AudioController: internalShutdown
12-24 22:22:45.331  7933 11226 I MicroRecognitionRunner: Stopping hotword detection.
12-24 22:22:45.381   788   788 D audio_hw_primary: disable_audio_route: usecase(9) reset and update mixer path: audio-record
12-24 22:22:45.382   788   788 D audio_hw_primary: disable_snd_device: snd_device(120: voice-rec-mic)
12-24 22:22:45.383  1012  1390 D APM_AudioPolicyManager: stopInput() input 51350, session 51401
12-24 22:22:45.384   788  1479 D audio_hw_primary: in_set_parameters: enter: kvpairs=routing=0
12-24 22:22:45.386  7933 11227 I MicrophoneInputStream: mic_close  SR : 16000 CC : 16 SO : 1999
12-24 22:22:45.386  7933 11227 E AudioSource: Stop listening is called on already closed AudioSource
12-24 22:22:45.388  7933  7990 I MicroRecognitionRunner: Detection finished
12-24 22:22:45.469 28461 28478 I chatty  : uid=10627(org.mozilla.fenix.performancetest) expire 14 lines
12-24 22:22:45.682 28461 28490 I chatty  : uid=10627(org.mozilla.fenix.performancetest) expire 92 lines
12-24 22:22:45.706   808   898 I SFPerfTracer:      triggers: (rate: 0:0) (0 sw vsyncs) (0 skipped) (23:1200875 vsyncs) (25:2365099)
12-24 22:22:45.822  1456 10736 I ActivityManager: Start proc 28500:org.mozilla.fenix.performancetest:tab/u0a627 for service org.mozilla.fenix.performancetest/org.mozilla.gecko.process.GeckoServiceChildProcess$tab
12-24 22:22:45.824 28500 28500 I chatty  : uid=10627(org.mozilla.fenix.performancetest) expire 3 lines
12-24 22:22:45.828 28461 28505 I chatty  : uid=10627(org.mozilla.fenix.performancetest) expire 10 lines
12-24 22:22:45.986 28500 28524 I chatty  : uid=10627(org.mozilla.fenix.performancetest) expire 1 line
12-24 22:22:46.120 28461 28466 I chatty  : uid=10627(org.mozilla.fenix.performancetest) expire 8 lines
12-24 22:22:46.490 28461 28552 I chatty  : uid=10627(org.mozilla.fenix.performancetest) expire 5 lines
12-24 22:22:46.794  1456  1466 I zygote  : Background concurrent copying GC freed 67416(4MB) AllocSpace objects, 21(740KB) LOS objects, 42% free, 30MB/54MB, paused 182us total 314.694ms
12-24 22:22:46.956  1456  4250 I WifiService: getDhcpInfo uid=10627
12-24 22:22:47.581 28461 28599 I chatty  : uid=10627(org.mozilla.fenix.performancetest) expire 2 lines
12-24 22:22:47.707  1456  1673 I LaunchCheckinHandler: Displayed org.mozilla.fenix.performancetest/org.mozilla.fenix.HomeActivity,cp,ca,2490
12-24 22:22:47.707  1456  1673 I ActivityManager: Displayed org.mozilla.fenix.performancetest/org.mozilla.fenix.HomeActivity: +2s485ms
12-24 22:22:47.764 28461 28614 I chatty  : uid=10627(org.mozilla.fenix.performancetest) expire 4 lines
12-24 22:22:47.781  7933  7933 I MemoryTrimmer: Trimming objects from memory, since app is in the background.
12-24 22:22:47.788 25489 25489 I Finsky  : [2] puo.onTrimMemory(1): Memory trim requested to level 80
12-24 22:22:47.794  7933  7933 I MemoryTrimmer: Trimming objects from memory, since app is in the background.
12-24 22:22:47.802  7933 10441 I PBSessionCacheImpl: Deleted sessionId[34891280184933297] from persistence.
12-24 22:22:47.809  1456  2920 I WifiService: getWifiEnabledState uid=10073
12-24 22:22:47.815  7933  7966 W SearchServiceCore: Abort, client detached.
12-24 22:22:47.860 28461 28477 I chatty  : uid=10627(org.mozilla.fenix.performancetest) expire 2 lines
12-24 22:22:48.168 28393 28406 I zygote  : Waiting for a blocking GC ProfileSaver
12-24 22:22:48.183 28393 28406 I zygote  : WaitForGcToComplete blocked ProfileSaver on HeapTrim for 15.462ms
12-24 22:22:50.872 28633 28633 D AndroidRuntime: >>>>>> START com.android.internal.os.RuntimeInit uid 2000 <<<<<<
12-24 22:22:50.884 28633 28633 W app_process: Could not reserve sentinel fault page
12-24 22:22:51.049 28633 28633 I app_process: The ClassLoaderContext is a special shared library.
12-24 22:22:51.115 28633 28633 D AndroidRuntime: Calling main entry com.android.commands.input.Input
12-24 22:22:51.122 28633 28633 I Input   : injectKeyEvent: KeyEvent { action=ACTION_DOWN, keyCode=KEYCODE_HOME, scanCode=0, metaState=0, flags=0x0, repeatCount=0, eventTime=9691394730, downTime=9691394730, deviceId=-1, source=0x101 }
12-24 22:22:51.128 28633 28633 I Input   : injectKeyEvent: KeyEvent { action=ACTION_UP, keyCode=KEYCODE_HOME, scanCode=0, metaState=0, flags=0x0, repeatCount=0, eventTime=9691394730, downTime=9691394730, deviceId=-1, source=0x101 }
12-24 22:22:51.135  1456  1941 I ActivityManager: START u0 {act=android.intent.action.MAIN cat=[android.intent.category.HOME] flg=0x10200000 cmp=com.android.launcher3/.CustomizationPanelLauncher (has extras)} from uid 1000
12-24 22:22:51.135   794   839 E ANDR-PERF-RESOURCEQS: Failed to apply optimization [4, 0]
12-24 22:22:51.146  1456  1941 I ActivityManager: moveHomeStack, setupComplete:true
12-24 22:22:51.149 28633 28633 D AndroidRuntime: Shutting down VM
12-24 22:22:51.159  7933  7963 I Adreno  : QUALCOMM build                   : bb5b86c, I77d3059488
12-24 22:22:51.159  7933  7963 I Adreno  : Build Date                       : 06/07/18
12-24 22:22:51.159  7933  7963 I Adreno  : OpenGL ES Shader Compiler Version: EV031.22.00.01_06
12-24 22:22:51.159  7933  7963 I Adreno  : Local Branch                     : 
12-24 22:22:51.159  7933  7963 I Adreno  : Remote Branch                    : refs/tags/AU_LINUX_ANDROID_LA.UM.6.5.R1.08.01.00.312.086
12-24 22:22:51.159  7933  7963 I Adreno  : Remote Branch                    : NONE
12-24 22:22:51.159  7933  7963 I Adreno  : Reconstruct Branch               : NOTHING
12-24 22:22:51.162  7933  7963 D vndksupport: Loading /vendor/lib/hw/gralloc.msm8937.so from current namespace instead of sphal namespace.
12-24 22:22:51.166  7933  7963 I Adreno  : PFP: 0x005ff087, ME: 0x005ff063
12-24 22:22:51.169  2748  2748 D Launcher.Utilities: Wakeup weather: Intent { act=com.motorola.launcher3.action.WAKEUP_WEATHER cmp=com.motorola.timeweatherwidget/com.motorola.commandcenter.weather.WakeUpService }
12-24 22:22:51.171  7933  7963 I zygote  : android::hardware::configstore::V1_0::ISurfaceFlingerConfigs::hasWideColorDisplay retrieved: 0
12-24 22:22:51.173  7933  7963 I OpenGLRenderer: Initialized EGL, version 1.4
12-24 22:22:51.173  7933  7963 D OpenGLRenderer: Swap behavior 2
12-24 22:22:51.182  1456  1456 I NotificationService: Cannot find enqueued record for key: 0|com.motorola.timeweatherwidget|1|null|10116
12-24 22:22:51.191   808   808 D SurfaceFlinger: duplicate layer name: changing com.android.launcher3/com.android.launcher3.CustomizationPanelLauncher to com.android.launcher3/com.android.launcher3.CustomizationPanelLauncher#1
12-24 22:22:51.202  7933 12035 W ThreadPoolDumper: Queue length for executor EventBus is now 11. Perhaps some tasks are too long, or the pool is too small.
12-24 22:22:51.203  1456  4250 I WifiService: getWifiEnabledState uid=10073
12-24 22:22:51.216  1456  3927 I WifiService: getWifiEnabledState uid=10073
12-24 22:22:51.255  7933  7966 I MicroDetectionState: Should stop hotword detection immediately - false
12-24 22:22:51.258  1456  1673 I LaunchCheckinHandler: Displayed com.android.launcher3/.CustomizationPanelLauncher,wp,wa,123
12-24 22:22:51.262  7933  7966 I MicroDetectionWorker: #startMicroDetector [speakerMode: 0]
12-24 22:22:51.265  7933  7966 I AudioController: Created new AudioSource
12-24 22:22:51.267  7933  7966 I MicroDetectionWorker: onReady
12-24 22:22:51.268  7933 11226 I MicroDataManager: isInitializedWithLatestParams-true
12-24 22:22:51.268  7933 11226 I MicroDataManager: isInitializing-false locale not changed-true model not changed-true
12-24 22:22:51.269  7933 11226 I MicroDataManager: Already initialized, obtaining the hotword data immediately.
12-24 22:22:51.275  7933  7953 I MicroRecognitionRunner: Starting detection.
12-24 22:22:51.276  7933  7953 I InputStreamUtils: Using micInputStream
12-24 22:22:51.276  7933 10441 I MicrophoneInputStream: mic_starting  SR : 16000 CC : 16 SO : 1999
12-24 22:22:51.279   788  1479 V msm8974_platform: platform_check_input_mask: enter check_input_mask source 6 mask 10
12-24 22:22:51.281  1012 28648 I AudioFlinger: AudioFlinger's thread 0xb2483900 tid=28648 ready to run
12-24 22:22:51.285   788  1479 D audio_hw_primary: in_set_parameters: enter: kvpairs=input_source=6;routing=-2147483644
12-24 22:22:51.289  1012  4918 D APM_AudioPolicyManager: AudioPolicyManager::startInput() input 51358, session 51409, source = 1999
12-24 22:22:51.290  7933 10441 I MicrophoneInputStream: mic_started  SR : 16000 CC : 16 SO : 1999
12-24 22:22:51.291   788 28649 V msm8974_platform: platform_update_usecase_from_source: input source :6
12-24 22:22:51.291   788 28649 V msm8974_platform: platform_check_input_mask: enter check_input_mask source 6 mask 10
12-24 22:22:51.291   788 28649 V msm8974_platform: platform_get_input_snd_device: enter: out_device(0) in_device(0x4) channel_count (1) channel_mask (0x10)
12-24 22:22:51.291   788 28649 V msm8974_platform: platform_get_input_snd_device: exit: in_snd_device(voice-rec-mic)
12-24 22:22:51.291   788 28649 V msm8974_platform: platform_get_backend_index:napb: backend port - 5 device - 120 
12-24 22:22:51.291   788 28649 V msm8974_platform: platform_check_and_set_capture_backend_cfg:txbecf: afe: bitwidth 0, samplerate 0, channel 1, backend_idx 5 usecase = 9 device (voice-rec-mic)
12-24 22:22:51.292   788 28649 V msm8974_platform: platform_check_capture_backend_cfg:txbecf: afe: Codec selected backend: 5 current bit width: 0 and sample rate: 0, channels 1
12-24 22:22:51.292   788 28649 V msm8974_platform: platform_check_capture_backend_cfg:txbecf: afe: Codec selected backend: 5 updated bit width: 0 and sample rate: 0
