12-31 22:22:21.795   788 14709 I msm8974_platform: platform_check_capture_backend_cfg:txbecf: afe: Codec backend needs to be updated. new bit width: 0 new sample rate: 0 new channel: 1
12-31 22:22:21.795   788 14709 V msm8974_platform: platform_get_backend_index:napb: backend port - 5 device - 120 
12-31 22:22:21.795   788 14709 V msm8974_platform: platform_set_backend_cfg:becf: afe: bitwidth 0, samplerate 0 channels 1, backend_idx 5 device (voice-rec-mic)
12-31 22:22:21.795   788 14709 E msm8974_platform: platform_set_backend_cfg:becf: afe: Could not get ctl for mixer command - SLIM_0_TX Format
12-31 22:22:21.795   788 14709 V msm8974_platform: platform_send_audio_calibration: sending audio calibration for snd_device(120) acdb_id(62)
12-31 22:22:21.795   788 14709 D ACDB-LOADER: ACDB -> send_audio_cal, acdb_id = 62, path = 1, app id = 0x11130, sample rate = 48000
12-31 22:22:21.795   788 14709 D ACDB-LOADER: ACDB -> send_asm_topology
12-31 22:22:21.795   788 14709 D ACDB-LOADER: ACDB -> ACDB_CMD_GET_AUDPROC_STREAM_TOPOLOGY_ID
12-31 22:22:21.795   788 14709 D ACDB-LOADER: ACDB -> send_adm_topology
12-31 22:22:21.795   788 14709 D ACDB-LOADER: ACDB -> ACDB_CMD_GET_AUDPROC_COMMON_TOPOLOGY_ID
12-31 22:22:21.795   788 14709 D ACDB-LOADER: ACDB -> send_audtable
12-31 22:22:21.795   788 14709 D ACDB-LOADER: ACDB -> ACDB_CMD_GET_AUDPROC_COMMON_TABLE_SIZE
12-31 22:22:21.795   788 14709 D ACDB-LOADER: ACDB -> ACDB_CMD_GET_AUDPROC_COMMON_TABLE
12-31 22:22:21.795   788 14709 D ACDB-LOADER: ACDB -> AUDIO_SET_AUDPROC_CAL
12-31 22:22:21.795   788 14709 D ACDB-LOADER: ACDB -> send_audvoltable
12-31 22:22:21.795   788 14709 D ACDB-LOADER: ACDB -> ACDB_CMD_GET_AUDPROC_VOL_STEP_TABLE_SIZE
12-31 22:22:21.795   788 14709 D ACDB-LOADER: ACDB -> ACDB_CMD_GET_AUDPROC_GAIN_DEP_STEP_TABLE, vol index 0
12-31 22:22:21.795   788 14709 D         : Failed to fetch the lookup information of the device 0000003E 
12-31 22:22:21.795   788 14709 D ACDB-LOADER: ACDB -> AUDIO_SET_VOL_CAL cal type = 12
12-31 22:22:21.795   788 14709 D ACDB-LOADER: ACDB -> ACDB_CMD_GET_AUDPROC_STREAM_TABLE_SIZE
12-31 22:22:21.795   788 14709 D ACDB-LOADER: ACDB -> send_audstrmtable
12-31 22:22:21.795   788 14709 D ACDB-LOADER: ACDB -> ACDB_CMD_GET_AUDPROC_STREAM_TABLE_V2
12-31 22:22:21.796   788 14709 D ACDB-LOADER: ACDB -> audstrm_cal->cal_type.cal_data.cal_size = 456
12-31 22:22:21.796   788 14709 D ACDB-LOADER: ACDB -> send_afe_topology
12-31 22:22:21.796   788 14709 D ACDB-LOADER: ACDB -> ACDB_CMD_GET_AFE_TOPOLOGY_ID
12-31 22:22:21.796   788 14709 D ACDB-LOADER: ACDB -> GET_AFE_TOPOLOGY_ID for adcd_id 62, Topology Id 112fb
12-31 22:22:21.796   788 14709 D ACDB-LOADER: ACDB -> send_afe_cal
12-31 22:22:21.796   788 14709 D ACDB-LOADER: ACDB -> ACDB_CMD_GET_AFE_COMMON_TABLE_SIZE
12-31 22:22:21.796   788 14709 D         : Failed to fetch the lookup information of the device 0000003E 
12-31 22:22:21.796   788 14709 E ACDB-LOADER: Error: ACDB_CMD_GET_AFE_COMMON_TABLE_SIZE Returned = -19
12-31 22:22:21.796   788 14709 D ACDB-LOADER: ACDB -> ACDB_CMD_GET_AFE_COMMON_TABLE
12-31 22:22:21.796   788 14709 D         : Failed to fetch the lookup information of the device 0000003E 
12-31 22:22:21.796   788 14709 D ACDB-LOADER: ACDB -> AUDIO_SET_AFE_CAL
12-31 22:22:21.796   788 14709 D ACDB-LOADER: ACDB -> send_hw_delay : acdb_id = 62 path = 1
12-31 22:22:21.796   788 14709 D ACDB-LOADER: ACDB -> ACDB_AVSYNC_INFO: ACDB_CMD_GET_DEVICE_PROPERTY
12-31 22:22:21.796   788 14709 D audio_hw_primary: enable_snd_device: snd_device(120: voice-rec-mic)
12-31 22:22:21.796   788 14709 D audio_route: Apply path: voice-rec-mic
12-31 22:22:21.798   788 14709 V msm8974_platform: platform_get_snd_device_backend_index: enter with device 120
12-31 22:22:21.798   788 14709 E msm8974_platform: platform_get_snd_device_backend_index: BE DAI Name Table is not present
12-31 22:22:21.798   788 14709 V msm8974_platform: platform_get_backend_index:napb: backend port - 5 device - 120 
12-31 22:22:21.798   788 14709 I audio_hw_utils: Set Audio Stream Capture 0 App Type Cfg: app_type 69936, acdb_dev_id 62, sample_rate 48000, snd_device_be_idx -14
12-31 22:22:21.798   788 14709 D audio_hw_primary: enable_audio_route: usecase(9) apply and update mixer path: audio-record
12-31 22:22:21.798   788 14709 D audio_route: Apply path: audio-record
12-31 22:22:21.867 23700 23889 I MicroDetectionWorker: onReady
12-31 22:22:22.176  1456  7796 I OpenGLRenderer: Initialized EGL, version 1.4
12-31 22:22:22.177  1456  7796 D OpenGLRenderer: Swap behavior 2
12-31 22:22:22.237  2748  2917 W OpenGLRenderer: Incorrectly called buildLayer on View: ShortcutAndWidgetContainer, destroying layer...
12-31 22:22:22.359 14467 14564 I chatty  : uid=10662(org.mozilla.fenix.performancetest) expire 6 lines
12-31 22:22:22.415 11988 11988 I Finsky  : [2] puo.onTrimMemory(1): Memory trim requested to level 80
12-31 22:22:22.423  1456 10366 D ConnectivityService: requestNetwork for uid/pid:10662/14467 NetworkRequest [ TRACK_DEFAULT id=15867, [ Capabilities: INTERNET&NOT_RESTRICTED&TRUSTED&NOT_VPN] ]
12-31 22:22:22.425  1456  2054 D WIFI_UT : got request NetworkRequest [ TRACK_DEFAULT id=15867, [ Capabilities: INTERNET&NOT_RESTRICTED&TRUSTED&NOT_VPN] ] with score 60
12-31 22:22:22.425  1456  2099 D Ethernet: got request NetworkRequest [ TRACK_DEFAULT id=15867, [ Capabilities: INTERNET&NOT_RESTRICTED&TRUSTED&NOT_VPN] ] with score 60
12-31 22:22:22.425  1456  2054 D WIFI    : got request NetworkRequest [ TRACK_DEFAULT id=15867, [ Capabilities: INTERNET&NOT_RESTRICTED&TRUSTED&NOT_VPN] ] with score 60
12-31 22:22:22.425  2398  2398 D PhoneSwitcherNetworkRequstListener: got request NetworkRequest [ TRACK_DEFAULT id=15867, [ Capabilities: INTERNET&NOT_RESTRICTED&TRUSTED&NOT_VPN] ] with score 60
12-31 22:22:22.448 14467 14711 I chatty  : uid=10662(org.mozilla.fenix.performancetest) expire 9 lines
12-31 22:22:22.484 14576 14589 I zygote  : Waiting for a blocking GC ProfileSaver
12-31 22:22:22.509 14576 14589 I zygote  : WaitForGcToComplete blocked ProfileSaver on HeapTrim for 25.788ms
12-31 22:22:22.914 14467 14497 I chatty  : uid=10662(org.mozilla.fenix.performancetest) expire 1 line
12-31 22:22:22.923  1456  2067 D ConnectivityService: releasing NetworkRequest [ TRACK_DEFAULT id=15867, [ Capabilities: INTERNET&NOT_RESTRICTED&TRUSTED&NOT_VPN] ] (release request)
12-31 22:22:24.809   808   898 I SFPerfTracer:      triggers: (rate: 0:0) (0 sw vsyncs) (0 skipped) (0:1397540 vsyncs) (1:2657382)
12-31 22:22:26.804  1456 10366 I ActivityManager: Force stopping org.mozilla.fenix.performancetest appid=10662 user=0: from pid 14716
12-31 22:22:26.804  1456 10366 I ActivityManager: Killing 14467:org.mozilla.fenix.performancetest/u0a662 (adj 700): stop org.mozilla.fenix.performancetest
12-31 22:22:26.807  1456  1605 W zygote  : kill(-14467, 9) failed: No such process
12-31 22:22:26.807  1456 10366 W ActivityManager: Force removing ActivityRecord{88b250c u0 org.mozilla.fenix.performancetest/org.mozilla.fenix.HomeActivity t14738}: app died, no saved state
12-31 22:22:26.816  1456 10366 I ActivityManager: Killing 14506:org.mozilla.fenix.performancetest:tab/u0a662 (adj 0): stop org.mozilla.fenix.performancetest
12-31 22:22:26.822 11988 11988 I Finsky  : [2] puo.onTrimMemory(1): Memory trim requested to level 80
12-31 22:22:26.828  1456  1605 W zygote  : kill(-14467, 9) failed: No such process
12-31 22:22:26.828  2398  2398 D CarrierSvcBindHelper: No carrier app for: 0
12-31 22:22:26.829  2398  2398 D CarrierSvcBindHelper: No carrier app for: 1
12-31 22:22:26.835   808   808 I SFPerfTracer:      triggers: (rate: 49:58813) (compose: 0:5) (post: 0:13) (render: 0:9) (0:1530502 frames) (1:2625377)
12-31 22:22:26.835   808   808 D SFPerfTracer:        layers: (4:12) (NavigationBar#0 (0xb07df000): 0:350147) (StatusBar#0 (0xb07e3000): 0:1058150) (com.android.systemui.ImageWallpaper#0 (0xb07e7000): 0:28081) (Sprite#0 (0xb0733000): 0:317)* (DimLayerController/Stack=0#0 (0xb075a000): 0:3501)* (Sprite#1 (0xb077c000): 0:195)* (com.android.launcher3/com.android.launcher3.CustomizationPanelLauncher#0 (0xb0763000): 0:40)- (com.android.launcher3/com.android.launcher3.CustomizationPanelLauncher#1 (0xb0771000): 0:9)- (Splash Screen org.mozilla.fenix.performancetest#0 (0xb0384000): 0:31)- (org.mozilla.fenix.performancetest/org.mozilla.fenix.HomeActivity#0 (0xb039b000): 0:46)- (com.android.launcher3/com.android.launcher3.CustomizationPanelLauncher#0 (0xb0763000): 0:38)* (com.android.launcher3/com.android.launcher3.CustomizationPanelLauncher#1 (0xb0771000): 0:6) 
12-31 22:22:26.843  1456  1605 W zygote  : kill(-14467, 9) failed: No such process
12-31 22:22:26.884  1456  1605 I chatty  : uid=1000(system) ActivityManager identical 3 lines
12-31 22:22:26.894  1456  1673 W ActivityManager: setHasOverlayUi called on unknown pid: 14467
12-31 22:22:26.899  1456  1605 W zygote  : kill(-14467, 9) failed: No such process
12-31 22:22:26.900  1456  1605 I zygote  : Successfully killed process cgroup uid 10662 pid 14467 in 93ms
12-31 22:22:26.900  1456  1605 W zygote  : kill(-14506, 9) failed: No such process
12-31 22:22:26.900  1456  1605 I zygote  : Successfully killed process cgroup uid 10662 pid 14506 in 0ms
12-31 22:22:26.925  1456  1473 I ActivityManager: START u0 {act=android.intent.action.MAIN cat=[android.intent.category.LAUNCHER] flg=0x10000000 cmp=org.mozilla.fenix.performancetest/org.mozilla.fenix.HomeActivity} from uid 2000
12-31 22:22:26.926   794   839 E ANDR-PERF-RESOURCEQS: Failed to apply optimization [4, 0]
12-31 22:22:26.946  1456 10962 I ActivityManager: Start proc 14723:org.mozilla.fenix.performancetest/u0a662 for activity org.mozilla.fenix.performancetest/org.mozilla.fenix.HomeActivity
12-31 22:22:26.952 14723 14723 I chatty  : uid=10662(org.mozilla.fenix.performancetest) expire 40 lines
12-31 22:22:27.047 23700 23889 I MicroDetectionState: Should stop hotword detection immediately - false
12-31 22:22:27.047 23700 23889 I MicroDetector: Keeping mic open: false
12-31 22:22:27.047 23700 23804 E DeviceStateChecker: DeviceStateChecker cancelled
12-31 22:22:27.048 23700 23889 I RecognitionAudioControl: #shutdownAudio [requestId: 607382168520034517, keepAudioOpen: false, forced: true]
12-31 22:22:27.048 23700 23889 I RecognitionAudioControl: #internalShutdownAudio [requestId: 607382168520034517]
12-31 22:22:27.048 23700 23889 I RecognitionAudioControl: #internalShutdownAudio [keepAudioOpen: false, forced: true]
12-31 22:22:27.048 23700 23889 I RecognitionAudioControl: #actualShutdownAudio
12-31 22:22:27.048 23700 23889 I AudioController: #shutdown [requestId=607382168520034517]
12-31 22:22:27.049 23700 19058 I MicroRecognitionRunner: Stopping hotword detection.
12-31 22:22:27.050 23700  5821 I AudioController: internalShutdown
12-31 22:22:27.110   788  1479 D audio_hw_primary: disable_audio_route: usecase(9) reset and update mixer path: audio-record
12-31 22:22:27.110   788  1479 D audio_hw_primary: disable_snd_device: snd_device(120: voice-rec-mic)
12-31 22:22:27.111  1012 26683 D APM_AudioPolicyManager: stopInput() input 68430, session 68481
12-31 22:22:27.112   788   788 D audio_hw_primary: in_set_parameters: enter: kvpairs=routing=0
12-31 22:22:27.113 23700  5821 I MicrophoneInputStream: mic_close  SR : 16000 CC : 16 SO : 1999
12-31 22:22:27.113 23700  5821 E AudioSource: Stop listening is called on already closed AudioSource
12-31 22:22:27.115 23700 18380 I MicroRecognitionRunner: Detection finished
12-31 22:22:27.181 14723 14740 I chatty  : uid=10662(org.mozilla.fenix.performancetest) expire 14 lines
12-31 22:22:27.341 14723 14751 I chatty  : uid=10662(org.mozilla.fenix.performancetest) expire 35 lines
12-31 22:22:27.452 14723 14757 I chatty  : uid=10662(org.mozilla.fenix.performancetest) expire 10 lines
12-31 22:22:27.473  1456 10962 I ActivityManager: Start proc 14760:org.mozilla.fenix.performancetest:tab/u0a662 for service org.mozilla.fenix.performancetest/org.mozilla.gecko.process.GeckoServiceChildProcess$tab
12-31 22:22:27.476 14760 14760 I chatty  : uid=10662(org.mozilla.fenix.performancetest) expire 2 lines
12-31 22:22:27.638 14760 14783 I chatty  : uid=10662(org.mozilla.fenix.performancetest) expire 1 line
12-31 22:22:27.891 14723 14728 I chatty  : uid=10662(org.mozilla.fenix.performancetest) expire 8 lines
12-31 22:22:28.092 14723 14807 I chatty  : uid=10662(org.mozilla.fenix.performancetest) expire 5 lines
12-31 22:22:28.526  1456  1471 I WifiService: getDhcpInfo uid=10662
12-31 22:22:29.219 14723 14857 I chatty  : uid=10662(org.mozilla.fenix.performancetest) expire 2 lines
12-31 22:22:29.278  1456  1673 I LaunchCheckinHandler: Displayed org.mozilla.fenix.performancetest/org.mozilla.fenix.HomeActivity,cp,ca,2345
12-31 22:22:29.280  1456  1673 I ActivityManager: Displayed org.mozilla.fenix.performancetest/org.mozilla.fenix.HomeActivity: +2s340ms
12-31 22:22:29.318 14723 14865 I chatty  : uid=10662(org.mozilla.fenix.performancetest) expire 4 lines
12-31 22:22:29.337 23700 23700 I MemoryTrimmer: Trimming objects from memory, since app is in the background.
12-31 22:22:29.344 11988 11988 I Finsky  : [2] puo.onTrimMemory(1): Memory trim requested to level 80
12-31 22:22:29.348 23700 29847 I PBSessionCacheImpl: Deleted sessionId[104235279871158073] from persistence.
12-31 22:22:29.360 23700 23700 I MemoryTrimmer: Trimming objects from memory, since app is in the background.
12-31 22:22:29.360  1456  2921 I WifiService: getWifiEnabledState uid=10073
12-31 22:22:29.365 23700 23889 W SearchServiceCore: Abort, client detached.
12-31 22:22:29.485 14723 14747 I chatty  : uid=10662(org.mozilla.fenix.performancetest) expire 1 line
12-31 22:22:32.582 14887 14887 D AndroidRuntime: >>>>>> START com.android.internal.os.RuntimeInit uid 2000 <<<<<<
12-31 22:22:32.595 14887 14887 W app_process: Could not reserve sentinel fault page
12-31 22:22:32.760 14887 14887 I app_process: The ClassLoaderContext is a special shared library.
12-31 22:22:32.833 14887 14887 D AndroidRuntime: Calling main entry com.android.commands.input.Input
12-31 22:22:32.835 14887 14887 I Input   : injectKeyEvent: KeyEvent { action=ACTION_DOWN, keyCode=KEYCODE_HOME, scanCode=0, metaState=0, flags=0x0, repeatCount=0, eventTime=10296181561, downTime=10296181561, deviceId=-1, source=0x101 }
12-31 22:22:32.845 14887 14887 I Input   : injectKeyEvent: KeyEvent { action=ACTION_UP, keyCode=KEYCODE_HOME, scanCode=0, metaState=0, flags=0x0, repeatCount=0, eventTime=10296181561, downTime=10296181561, deviceId=-1, source=0x101 }
12-31 22:22:32.853  1456  1941 I ActivityManager: START u0 {act=android.intent.action.MAIN cat=[android.intent.category.HOME] flg=0x10200000 cmp=com.android.launcher3/.CustomizationPanelLauncher (has extras)} from uid 1000
12-31 22:22:32.853   794   839 E ANDR-PERF-RESOURCEQS: Failed to apply optimization [4, 0]
12-31 22:22:32.864  1456  1941 I ActivityManager: moveHomeStack, setupComplete:true
12-31 22:22:32.870 23700 23821 I Adreno  : QUALCOMM build                   : bb5b86c, I77d3059488
12-31 22:22:32.870 23700 23821 I Adreno  : Build Date                       : 06/07/18
12-31 22:22:32.870 23700 23821 I Adreno  : OpenGL ES Shader Compiler Version: EV031.22.00.01_06
12-31 22:22:32.870 23700 23821 I Adreno  : Local Branch                     : 
12-31 22:22:32.870 23700 23821 I Adreno  : Remote Branch                    : refs/tags/AU_LINUX_ANDROID_LA.UM.6.5.R1.08.01.00.312.086
12-31 22:22:32.870 23700 23821 I Adreno  : Remote Branch                    : NONE
12-31 22:22:32.870 23700 23821 I Adreno  : Reconstruct Branch               : NOTHING
12-31 22:22:32.873 23700 23821 D vndksupport: Loading /vendor/lib/hw/gralloc.msm8937.so from current namespace instead of sphal namespace.
12-31 22:22:32.875 14887 14887 D AndroidRuntime: Shutting down VM
12-31 22:22:32.877 23700 23821 I Adreno  : PFP: 0x005ff087, ME: 0x005ff063
12-31 22:22:32.881 23700 23821 I zygote  : android::hardware::configstore::V1_0::ISurfaceFlingerConfigs::hasWideColorDisplay retrieved: 0
12-31 22:22:32.882 23700 23821 I OpenGLRenderer: Initialized EGL, version 1.4
12-31 22:22:32.882 23700 23821 D OpenGLRenderer: Swap behavior 2
12-31 22:22:32.883 11988 11988 I Finsky  : [2] puo.onTrimMemory(1): Memory trim requested to level 80
12-31 22:22:32.884  2748  2748 D Launcher.Utilities: Wakeup weather: Intent { act=com.motorola.launcher3.action.WAKEUP_WEATHER cmp=com.motorola.timeweatherwidget/com.motorola.commandcenter.weather.WakeUpService }
12-31 22:22:32.903  1456  1456 I NotificationService: Cannot find enqueued record for key: 0|com.motorola.timeweatherwidget|1|null|10116
12-31 22:22:32.906   808   808 D SurfaceFlinger: duplicate layer name: changing com.android.launcher3/com.android.launcher3.CustomizationPanelLauncher to com.android.launcher3/com.android.launcher3.CustomizationPanelLauncher#1
12-31 22:22:32.915 23700 23804 W ThreadPoolDumper: Queue length for executor EventBus is now 11. Perhaps some tasks are too long, or the pool is too small.
12-31 22:22:32.918  1456 10962 I WifiService: getWifiEnabledState uid=10073
12-31 22:22:32.929  1456 10962 I WifiService: getWifiEnabledState uid=10073
12-31 22:22:32.962 23700 23889 I MicroDetectionState: Should stop hotword detection immediately - false
12-31 22:22:32.967 23700 23889 I MicroDetectionWorker: #startMicroDetector [speakerMode: 0]
12-31 22:22:32.968 23700 23889 I AudioController: Created new AudioSource
12-31 22:22:32.982  1456  1673 I LaunchCheckinHandler: Displayed com.android.launcher3/.CustomizationPanelLauncher,wp,wa,129
12-31 22:22:32.984 23700 23889 I MicroDetectionWorker: onReady
12-31 22:22:32.984 23700  5821 I MicroDataManager: isInitializedWithLatestParams-true
12-31 22:22:32.984 23700  5821 I MicroDataManager: isInitializing-false locale not changed-true model not changed-true
12-31 22:22:32.984 23700  5821 I MicroDataManager: Already initialized, obtaining the hotword data immediately.
12-31 22:22:32.989 23700 12036 I MicroRecognitionRunner: Starting detection.
12-31 22:22:32.989 23700 12036 I InputStreamUtils: Using micInputStream
12-31 22:22:32.990 23700 29847 I MicrophoneInputStream: mic_starting  SR : 16000 CC : 16 SO : 1999
12-31 22:22:32.992   788   788 V msm8974_platform: platform_check_input_mask: enter check_input_mask source 6 mask 10
12-31 22:22:32.994  1012 14904 I AudioFlinger: AudioFlinger's thread 0xb2483e00 tid=14904 ready to run
12-31 22:22:33.000   788   788 D audio_hw_primary: in_set_parameters: enter: kvpairs=input_source=6;routing=-2147483644
12-31 22:22:33.001  1012  1390 D APM_AudioPolicyManager: AudioPolicyManager::startInput() input 68438, session 68489, source = 1999
12-31 22:22:33.001 23700 29847 I MicrophoneInputStream: mic_started  SR : 16000 CC : 16 SO : 1999
12-31 22:22:33.003   788 14905 V msm8974_platform: platform_update_usecase_from_source: input source :6
12-31 22:22:33.003   788 14905 V msm8974_platform: platform_check_input_mask: enter check_input_mask source 6 mask 10
12-31 22:22:33.003   788 14905 V msm8974_platform: platform_get_input_snd_device: enter: out_device(0) in_device(0x4) channel_count (1) channel_mask (0x10)
12-31 22:22:33.003   788 14905 V msm8974_platform: platform_get_input_snd_device: exit: in_snd_device(voice-rec-mic)
12-31 22:22:33.003   788 14905 V msm8974_platform: platform_get_backend_index:napb: backend port - 5 device - 120 
12-31 22:22:33.003   788 14905 V msm8974_platform: platform_check_and_set_capture_backend_cfg:txbecf: afe: bitwidth 0, samplerate 0, channel 1, backend_idx 5 usecase = 9 device (voice-rec-mic)
12-31 22:22:33.003   788 14905 V msm8974_platform: platform_check_capture_backend_cfg:txbecf: afe: Codec selected backend: 5 current bit width: 0 and sample rate: 0, channels 1
12-31 22:22:33.003   788 14905 V msm8974_platform: platform_check_capture_backend_cfg:txbecf: afe: Codec selected backend: 5 updated bit width: 0 and sample rate: 0
12-31 22:22:33.003   788 14905 I msm8974_platform: platform_check_capture_backend_cfg:txbecf: afe: Codec backend needs to be updated. new bit width: 0 new sample rate: 0 new channel: 1
12-31 22:22:33.004   788 14905 V msm8974_platform: platform_get_backend_index:napb: backend port - 5 device - 120 
12-31 22:22:33.004   788 14905 V msm8974_platform: platform_set_backend_cfg:becf: afe: bitwidth 0, samplerate 0 channels 1, backend_idx 5 device (voice-rec-mic)
12-31 22:22:33.004   788 14905 E msm8974_platform: platform_set_backend_cfg:becf: afe: Could not get ctl for mixer command - SLIM_0_TX Format
12-31 22:22:33.004   788 14905 V msm8974_platform: platform_send_audio_calibration: sending audio calibration for snd_device(120) acdb_id(62)
12-31 22:22:33.004   788 14905 D ACDB-LOADER: ACDB -> send_audio_cal, acdb_id = 62, path = 1, app id = 0x11130, sample rate = 48000
12-31 22:22:33.004   788 14905 D ACDB-LOADER: ACDB -> send_asm_topology
12-31 22:22:33.004   788 14905 D ACDB-LOADER: ACDB -> ACDB_CMD_GET_AUDPROC_STREAM_TOPOLOGY_ID
12-31 22:22:33.004   788 14905 D ACDB-LOADER: ACDB -> send_adm_topology
12-31 22:22:33.004   788 14905 D ACDB-LOADER: ACDB -> ACDB_CMD_GET_AUDPROC_COMMON_TOPOLOGY_ID
12-31 22:22:33.004   788 14905 D ACDB-LOADER: ACDB -> send_audtable
12-31 22:22:33.004   788 14905 D ACDB-LOADER: ACDB -> ACDB_CMD_GET_AUDPROC_COMMON_TABLE_SIZE
12-31 22:22:33.004   788 14905 D ACDB-LOADER: ACDB -> ACDB_CMD_GET_AUDPROC_COMMON_TABLE
12-31 22:22:33.004   788 14905 D ACDB-LOADER: ACDB -> AUDIO_SET_AUDPROC_CAL
12-31 22:22:33.004   788 14905 D ACDB-LOADER: ACDB -> send_audvoltable
12-31 22:22:33.004   788 14905 D ACDB-LOADER: ACDB -> ACDB_CMD_GET_AUDPROC_VOL_STEP_TABLE_SIZE
12-31 22:22:33.004   788 14905 D ACDB-LOADER: ACDB -> ACDB_CMD_GET_AUDPROC_GAIN_DEP_STEP_TABLE, vol index 0
12-31 22:22:33.004   788 14905 D         : Failed to fetch the lookup information of the device 0000003E 
12-31 22:22:33.004   788 14905 D ACDB-LOADER: ACDB -> AUDIO_SET_VOL_CAL cal type = 12
12-31 22:22:33.004   788 14905 D ACDB-LOADER: ACDB -> ACDB_CMD_GET_AUDPROC_STREAM_TABLE_SIZE
12-31 22:22:33.004   788 14905 D ACDB-LOADER: ACDB -> send_audstrmtable
12-31 22:22:33.004   788 14905 D ACDB-LOADER: ACDB -> ACDB_CMD_GET_AUDPROC_STREAM_TABLE_V2
12-31 22:22:33.004   788 14905 D ACDB-LOADER: ACDB -> audstrm_cal->cal_type.cal_data.cal_size = 456
12-31 22:22:33.004   788 14905 D ACDB-LOADER: ACDB -> send_afe_topology
12-31 22:22:33.004   788 14905 D ACDB-LOADER: ACDB -> ACDB_CMD_GET_AFE_TOPOLOGY_ID
12-31 22:22:33.005   788 14905 D ACDB-LOADER: ACDB -> GET_AFE_TOPOLOGY_ID for adcd_id 62, Topology Id 112fb
12-31 22:22:33.005   788 14905 D ACDB-LOADER: ACDB -> send_afe_cal
12-31 22:22:33.005   788 14905 D ACDB-LOADER: ACDB -> ACDB_CMD_GET_AFE_COMMON_TABLE_SIZE
12-31 22:22:33.005   788 14905 D         : Failed to fetch the lookup information of the device 0000003E 
12-31 22:22:33.005   788 14905 E ACDB-LOADER: Error: ACDB_CMD_GET_AFE_COMMON_TABLE_SIZE Returned = -19
12-31 22:22:33.005   788 14905 D ACDB-LOADER: ACDB -> ACDB_CMD_GET_AFE_COMMON_TABLE
12-31 22:22:33.005   788 14905 D         : Failed to fetch the lookup information of the device 0000003E 
12-31 22:22:33.005   788 14905 D ACDB-LOADER: ACDB -> AUDIO_SET_AFE_CAL
12-31 22:22:33.005   788 14905 D ACDB-LOADER: ACDB -> send_hw_delay : acdb_id = 62 path = 1
12-31 22:22:33.005   788 14905 D ACDB-LOADER: ACDB -> ACDB_AVSYNC_INFO: ACDB_CMD_GET_DEVICE_PROPERTY
12-31 22:22:33.005   788 14905 D audio_hw_primary: enable_snd_device: snd_device(120: voice-rec-mic)
12-31 22:22:33.005   788 14905 D audio_route: Apply path: voice-rec-mic
12-31 22:22:33.008   788 14905 V msm8974_platform: platform_get_snd_device_backend_index: enter with device 120
12-31 22:22:33.008   788 14905 E msm8974_platform: platform_get_snd_device_backend_index: BE DAI Name Table is not present
12-31 22:22:33.008   788 14905 V msm8974_platform: platform_get_backend_index:napb: backend port - 5 device - 120 
12-31 22:22:33.008   788 14905 I audio_hw_utils: Set Audio Stream Capture 0 App Type Cfg: app_type 69936, acdb_dev_id 62, sample_rate 48000, snd_device_be_idx -14
12-31 22:22:33.008   788 14905 D audio_hw_primary: enable_audio_route: usecase(9) apply and update mixer path: audio-record
12-31 22:22:33.008   788 14905 D audio_route: Apply path: audio-record
12-31 22:22:33.077 23700 23889 I MicroDetectionWorker: onReady
12-31 22:22:33.106  2146  2165 I zygote  : NativeAlloc concurrent copying GC freed 19799(1080KB) AllocSpace objects, 0(0B) LOS objects, 49% free, 8MB/16MB, paused 172us total 110.670ms
12-31 22:22:33.388  1456  7796 I OpenGLRenderer: Initialized EGL, version 1.4
12-31 22:22:33.388  1456  7796 D OpenGLRenderer: Swap behavior 2
12-31 22:22:33.449  2748  2917 W OpenGLRenderer: Incorrectly called buildLayer on View: ShortcutAndWidgetContainer, destroying layer...
12-31 22:22:33.576 14723 14819 I chatty  : uid=10662(org.mozilla.fenix.performancetest) expire 6 lines
12-31 22:22:33.634 11988 11988 I Finsky  : [2] puo.onTrimMemory(1): Memory trim requested to level 80
12-31 22:22:33.644  1456  1471 D ConnectivityService: requestNetwork for uid/pid:10662/14723 NetworkRequest [ TRACK_DEFAULT id=15868, [ Capabilities: INTERNET&NOT_RESTRICTED&TRUSTED&NOT_VPN] ]
12-31 22:22:33.646  1456  2099 D Ethernet: got request NetworkRequest [ TRACK_DEFAULT id=15868, [ Capabilities: INTERNET&NOT_RESTRICTED&TRUSTED&NOT_VPN] ] with score 60
12-31 22:22:33.646  1456  2054 D WIFI_UT : got request NetworkRequest [ TRACK_DEFAULT id=15868, [ Capabilities: INTERNET&NOT_RESTRICTED&TRUSTED&NOT_VPN] ] with score 60
12-31 22:22:33.646  1456  2054 D WIFI    : got request NetworkRequest [ TRACK_DEFAULT id=15868, [ Capabilities: INTERNET&NOT_RESTRICTED&TRUSTED&NOT_VPN] ] with score 60
12-31 22:22:33.647  2398  2398 D PhoneSwitcherNetworkRequstListener: got request NetworkRequest [ TRACK_DEFAULT id=15868, [ Capabilities: INTERNET&NOT_RESTRICTED&TRUSTED&NOT_VPN] ] with score 60
12-31 22:22:33.672 14723 14908 I chatty  : uid=10662(org.mozilla.fenix.performancetest) expire 9 lines
12-31 22:22:33.686  1456  1466 I zygote  : NativeAlloc concurrent copying GC freed 45071(3MB) AllocSpace objects, 15(556KB) LOS objects, 42% free, 31MB/55MB, paused 190us total 297.623ms
12-31 22:22:34.359 14723 14750 I chatty  : uid=10662(org.mozilla.fenix.performancetest) expire 1 line
12-31 22:22:34.368  1456  2067 D ConnectivityService: releasing NetworkRequest [ TRACK_DEFAULT id=15868, [ Capabilities: INTERNET&NOT_RESTRICTED&TRUSTED&NOT_VPN] ] (release request)
12-31 22:22:38.029  1456  5050 I ActivityManager: Force stopping org.mozilla.fenix.performancetest appid=10662 user=0: from pid 14912
12-31 22:22:38.029  1456  5050 I ActivityManager: Killing 14723:org.mozilla.fenix.performancetest/u0a662 (adj 700): stop org.mozilla.fenix.performancetest
12-31 22:22:38.032  1456  1605 W zygote  : kill(-14723, 9) failed: No such process
12-31 22:22:38.032  1456  5050 W ActivityManager: Force removing ActivityRecord{95ebd56 u0 org.mozilla.fenix.performancetest/org.mozilla.fenix.HomeActivity t14739}: app died, no saved state
12-31 22:22:38.033 14760 14760 I chatty  : uid=10662(org.mozilla.fenix.performancetest) expire 1 line
12-31 22:22:38.041  1456  5050 I ActivityManager: Killing 14760:org.mozilla.fenix.performancetest:tab/u0a662 (adj 0): stop org.mozilla.fenix.performancetest
12-31 22:22:38.046  1456  1605 W zygote  : kill(-14723, 9) failed: No such process
12-31 22:22:38.053  2398  2398 D CarrierSvcBindHelper: No carrier app for: 0
12-31 22:22:38.054  2398  2398 D CarrierSvcBindHelper: No carrier app for: 1
12-31 22:22:38.059  1456  1605 W zygote  : kill(-14723, 9) failed: No such process
12-31 22:22:38.104  1456  1605 I chatty  : uid=1000(system) ActivityManager identical 8 lines
12-31 22:22:38.108  1456  1673 W ActivityManager: setHasOverlayUi called on unknown pid: 14723
12-31 22:22:38.119  1456  1605 W zygote  : kill(-14723, 9) failed: No such process
12-31 22:22:38.119  1456  1605 I zygote  : Successfully killed process cgroup uid 10662 pid 14723 in 88ms
12-31 22:22:38.120  1456  1605 W zygote  : kill(-14760, 9) failed: No such process
12-31 22:22:38.120  1456  1605 I zygote  : Successfully killed process cgroup uid 10662 pid 14760 in 0ms
12-31 22:22:38.153  1456 10962 I ActivityManager: START u0 {act=android.intent.action.MAIN cat=[android.intent.category.LAUNCHER] flg=0x10000000 cmp=org.mozilla.fenix.performancetest/org.mozilla.fenix.HomeActivity} from uid 2000
12-31 22:22:38.154   794   839 E ANDR-PERF-RESOURCEQS: Failed to apply optimization [4, 0]
12-31 22:22:38.174  1456 10366 I ActivityManager: Start proc 14919:org.mozilla.fenix.performancetest/u0a662 for activity org.mozilla.fenix.performancetest/org.mozilla.fenix.HomeActivity
12-31 22:22:38.180 14919 14919 I chatty  : uid=10662(org.mozilla.fenix.performancetest) expire 40 lines
12-31 22:22:38.275 23700 23889 I MicroDetectionState: Should stop hotword detection immediately - false
12-31 22:22:38.275 23700 23889 I MicroDetector: Keeping mic open: false
12-31 22:22:38.276 23700 23804 E DeviceStateChecker: DeviceStateChecker cancelled
12-31 22:22:38.276 23700 23889 I RecognitionAudioControl: #shutdownAudio [requestId: -6214015846495626096, keepAudioOpen: false, forced: true]
12-31 22:22:38.276 23700 23889 I RecognitionAudioControl: #internalShutdownAudio [requestId: -6214015846495626096]
12-31 22:22:38.276 23700 23889 I RecognitionAudioControl: #internalShutdownAudio [keepAudioOpen: false, forced: true]
12-31 22:22:38.276 23700 23889 I RecognitionAudioControl: #actualShutdownAudio
12-31 22:22:38.276 23700 23889 I AudioController: #shutdown [requestId=-6214015846495626096]
12-31 22:22:38.277 23700  5821 I AudioController: internalShutdown
12-31 22:22:38.277 23700  5824 I MicroRecognitionRunner: Stopping hotword detection.
12-31 22:22:38.297   808   808 I SFPerfTracer:      triggers: (rate: 49:58813) (compose: 0:5) (post: 0:13) (render: 0:9) (2:1530573 frames) (3:2625479)
12-31 22:22:38.298   808   808 D SFPerfTracer:        layers: (4:13) (NavigationBar#0 (0xb07df000): 0:350168) (StatusBar#0 (0xb07e3000): 0:1058172) (com.android.systemui.ImageWallpaper#0 (0xb07e7000): 0:28083) (Sprite#0 (0xb0733000): 0:317)* (DimLayerController/Stack=0#0 (0xb075a000): 0:3501)* (Sprite#1 (0xb077c000): 0:195)* (com.android.launcher3/com.android.launcher3.CustomizationPanelLauncher#0 (0xb0763000): 0:41)- (com.android.launcher3/com.android.launcher3.CustomizationPanelLauncher#1 (0xb0771000): 0:9)- (Splash Screen org.mozilla.fenix.performancetest#0 (0xb0384000): 0:31)- (org.mozilla.fenix.performancetest/org.mozilla.fenix.HomeActivity#0 (0xb039b000): 0:47)- (com.android.launcher3/com.android.launcher3.CustomizationPanelLauncher#0 (0xb0763000): 0:40)* (com.android.launcher3/com.android.launcher3.CustomizationPanelLauncher#1 (0xb0771000): 0:10) (Splash Screen org.mozilla.fenix.performancetest#0 (0xb0384000): 1:3)* 
12-31 22:22:38.339   788   788 D audio_hw_primary: disable_audio_route: usecase(9) reset and update mixer path: audio-record
12-31 22:22:38.339   788   788 D audio_hw_primary: disable_snd_device: snd_device(120: voice-rec-mic)
12-31 22:22:38.341  1012  1390 D APM_AudioPolicyManager: stopInput() input 68438, session 68489
12-31 22:22:38.341   788   788 D audio_hw_primary: in_set_parameters: enter: kvpairs=routing=0
12-31 22:22:38.344 23700  5821 I MicrophoneInputStream: mic_close  SR : 16000 CC : 16 SO : 1999
12-31 22:22:38.344 23700  5821 E AudioSource: Stop listening is called on already closed AudioSource
12-31 22:22:38.346 23700 12036 I MicroRecognitionRunner: Detection finished
12-31 22:22:38.420 14919 14936 I chatty  : uid=10662(org.mozilla.fenix.performancetest) expire 14 lines
12-31 22:22:38.572 14919 14945 I chatty  : uid=10662(org.mozilla.fenix.performancetest) expire 35 lines
12-31 22:22:38.660   808   898 I SFPerfTracer:      triggers: (rate: 0:0) (0 sw vsyncs) (0 skipped) (23:1397641 vsyncs) (25:2657505)
12-31 22:22:38.692 14919 14954 I chatty  : uid=10662(org.mozilla.fenix.performancetest) expire 10 lines
12-31 22:22:38.705  1456 10366 I ActivityManager: Start proc 14956:org.mozilla.fenix.performancetest:tab/u0a662 for service org.mozilla.fenix.performancetest/org.mozilla.gecko.process.GeckoServiceChildProcess$tab
12-31 22:22:38.707 14956 14956 I chatty  : uid=10662(org.mozilla.fenix.performancetest) expire 3 lines
12-31 22:22:38.866 14956 14979 I chatty  : uid=10662(org.mozilla.fenix.performancetest) expire 1 line
12-31 22:22:39.122 14919 14924 I chatty  : uid=10662(org.mozilla.fenix.performancetest) expire 8 lines
12-31 22:22:39.317 14919 15005 I chatty  : uid=10662(org.mozilla.fenix.performancetest) expire 5 lines
12-31 22:22:39.752  1456  7570 I WifiService: getDhcpInfo uid=10662
12-31 22:22:40.442 14919 15054 I chatty  : uid=10662(org.mozilla.fenix.performancetest) expire 2 lines
12-31 22:22:40.507  1456  1673 I LaunchCheckinHandler: Displayed org.mozilla.fenix.performancetest/org.mozilla.fenix.HomeActivity,cp,ca,2345
12-31 22:22:40.507  1456  1673 I ActivityManager: Displayed org.mozilla.fenix.performancetest/org.mozilla.fenix.HomeActivity: +2s340ms
12-31 22:22:40.546 14919 15062 I chatty  : uid=10662(org.mozilla.fenix.performancetest) expire 4 lines
12-31 22:22:40.565 23700 23700 I MemoryTrimmer: Trimming objects from memory, since app is in the background.
12-31 22:22:40.572 11988 11988 I Finsky  : [2] puo.onTrimMemory(1): Memory trim requested to level 80
12-31 22:22:40.576 23700 29847 I PBSessionCacheImpl: Deleted sessionId[104235279871158078] from persistence.
12-31 22:22:40.580  1456 10366 I WifiService: getWifiEnabledState uid=10073
12-31 22:22:40.588 23700 23700 I MemoryTrimmer: Trimming objects from memory, since app is in the background.
12-31 22:22:40.589 23700 23889 W SearchServiceCore: Abort, client detached.
12-31 22:22:41.142 14919 14935 I chatty  : uid=10662(org.mozilla.fenix.performancetest) expire 1 line
12-31 22:22:43.814 15084 15084 D AndroidRuntime: >>>>>> START com.android.internal.os.RuntimeInit uid 2000 <<<<<<
12-31 22:22:43.827 15084 15084 W app_process: Could not reserve sentinel fault page
12-31 22:22:43.993 15084 15084 I app_process: The ClassLoaderContext is a special shared library.
12-31 22:22:44.062 15084 15084 D AndroidRuntime: Calling main entry com.android.commands.input.Input
12-31 22:22:44.063 15084 15084 I Input   : injectKeyEvent: KeyEvent { action=ACTION_DOWN, keyCode=KEYCODE_HOME, scanCode=0, metaState=0, flags=0x0, repeatCount=0, eventTime=10296192790, downTime=10296192790, deviceId=-1, source=0x101 }
12-31 22:22:44.073 15084 15084 I Input   : injectKeyEvent: KeyEvent { action=ACTION_UP, keyCode=KEYCODE_HOME, scanCode=0, metaState=0, flags=0x0, repeatCount=0, eventTime=10296192790, downTime=10296192790, deviceId=-1, source=0x101 }
12-31 22:22:44.080  1456  1941 I ActivityManager: START u0 {act=android.intent.action.MAIN cat=[android.intent.category.HOME] flg=0x10200000 cmp=com.android.launcher3/.CustomizationPanelLauncher (has extras)} from uid 1000
12-31 22:22:44.080   794   839 E ANDR-PERF-RESOURCEQS: Failed to apply optimization [4, 0]
12-31 22:22:44.091  1456  1941 I ActivityManager: moveHomeStack, setupComplete:true
12-31 22:22:44.094 15084 15084 D AndroidRuntime: Shutting down VM
12-31 22:22:44.100 23700 23821 I Adreno  : QUALCOMM build                   : bb5b86c, I77d3059488
12-31 22:22:44.100 23700 23821 I Adreno  : Build Date                       : 06/07/18
12-31 22:22:44.100 23700 23821 I Adreno  : OpenGL ES Shader Compiler Version: EV031.22.00.01_06
12-31 22:22:44.100 23700 23821 I Adreno  : Local Branch                     : 
12-31 22:22:44.100 23700 23821 I Adreno  : Remote Branch                    : refs/tags/AU_LINUX_ANDROID_LA.UM.6.5.R1.08.01.00.312.086
12-31 22:22:44.100 23700 23821 I Adreno  : Remote Branch                    : NONE
12-31 22:22:44.100 23700 23821 I Adreno  : Reconstruct Branch               : NOTHING
12-31 22:22:44.103 23700 23821 D vndksupport: Loading /vendor/lib/hw/gralloc.msm8937.so from current namespace instead of sphal namespace.
12-31 22:22:44.107 23700 23821 I Adreno  : PFP: 0x005ff087, ME: 0x005ff063
12-31 22:22:44.111 23700 23821 I zygote  : android::hardware::configstore::V1_0::ISurfaceFlingerConfigs::hasWideColorDisplay retrieved: 0
12-31 22:22:44.112 23700 23821 I OpenGLRenderer: Initialized EGL, version 1.4
12-31 22:22:44.112 23700 23821 D OpenGLRenderer: Swap behavior 2
12-31 22:22:44.115  2748  2748 D Launcher.Utilities: Wakeup weather: Intent { act=com.motorola.launcher3.action.WAKEUP_WEATHER cmp=com.motorola.timeweatherwidget/com.motorola.commandcenter.weather.WakeUpService }
12-31 22:22:44.135  1456  1456 I NotificationService: Cannot find enqueued record for key: 0|com.motorola.timeweatherwidget|1|null|10116
12-31 22:22:44.136   808   808 D SurfaceFlinger: duplicate layer name: changing com.android.launcher3/com.android.launcher3.CustomizationPanelLauncher to com.android.launcher3/com.android.launcher3.CustomizationPanelLauncher#1
12-31 22:22:44.150 23700 23804 W ThreadPoolDumper: Queue length for executor EventBus is now 11. Perhaps some tasks are too long, or the pool is too small.
12-31 22:22:44.152  1456  2921 I WifiService: getWifiEnabledState uid=10073
12-31 22:22:44.159  1456  2921 I WifiService: getWifiEnabledState uid=10073
12-31 22:22:44.189 23700 23889 I MicroDetectionState: Should stop hotword detection immediately - false
12-31 22:22:44.193 23700 23889 I MicroDetectionWorker: #startMicroDetector [speakerMode: 0]
12-31 22:22:44.195 23700 23889 I AudioController: Created new AudioSource
12-31 22:22:44.207  1456  1673 I LaunchCheckinHandler: Displayed com.android.launcher3/.CustomizationPanelLauncher,wp,wa,127
12-31 22:22:44.208 23700 23889 I MicroDetectionWorker: onReady
12-31 22:22:44.208 23700  5825 I MicroDataManager: isInitializedWithLatestParams-true
12-31 22:22:44.208 23700  5825 I MicroDataManager: isInitializing-false locale not changed-true model not changed-true
12-31 22:22:44.209 23700  5825 I MicroDataManager: Already initialized, obtaining the hotword data immediately.
12-31 22:22:44.215 23700 29832 I MicroRecognitionRunner: Starting detection.
12-31 22:22:44.216 23700 29832 I InputStreamUtils: Using micInputStream
12-31 22:22:44.216 23700 29847 I MicrophoneInputStream: mic_starting  SR : 16000 CC : 16 SO : 1999
12-31 22:22:44.219   788  1479 V msm8974_platform: platform_check_input_mask: enter check_input_mask source 6 mask 10
12-31 22:22:44.221  1012 15099 I AudioFlinger: AudioFlinger's thread 0xb2483fc0 tid=15099 ready to run
12-31 22:22:44.227   788  1479 D audio_hw_primary: in_set_parameters: enter: kvpairs=input_source=6;routing=-2147483644
12-31 22:22:44.230  1012 11031 D APM_AudioPolicyManager: AudioPolicyManager::startInput() input 68446, session 68497, source = 1999
12-31 22:22:44.231 23700 29847 I MicrophoneInputStream: mic_started  SR : 16000 CC : 16 SO : 1999
12-31 22:22:44.233   788 15100 V msm8974_platform: platform_update_usecase_from_source: input source :6
12-31 22:22:44.233   788 15100 V msm8974_platform: platform_check_input_mask: enter check_input_mask source 6 mask 10
12-31 22:22:44.233   788 15100 V msm8974_platform: platform_get_input_snd_device: enter: out_device(0) in_device(0x4) channel_count (1) channel_mask (0x10)
12-31 22:22:44.233   788 15100 V msm8974_platform: platform_get_input_snd_device: exit: in_snd_device(voice-rec-mic)
12-31 22:22:44.233   788 15100 V msm8974_platform: platform_get_backend_index:napb: backend port - 5 device - 120 
12-31 22:22:44.233   788 15100 V msm8974_platform: platform_check_and_set_capture_backend_cfg:txbecf: afe: bitwidth 0, samplerate 0, channel 1, backend_idx 5 usecase = 9 device (voice-rec-mic)
12-31 22:22:44.233   788 15100 V msm8974_platform: platform_check_capture_backend_cfg:txbecf: afe: Codec selected backend: 5 current bit width: 0 and sample rate: 0, channels 1
12-31 22:22:44.233   788 15100 V msm8974_platform: platform_check_capture_backend_cfg:txbecf: afe: Codec selected backend: 5 updated bit width: 0 and sample rate: 0
12-31 22:22:44.233   788 15100 I msm8974_platform: platform_check_capture_backend_cfg:txbecf: afe: Codec backend needs to be updated. new bit width: 0 new sample rate: 0 new channel: 1
12-31 22:22:44.233   788 15100 V msm8974_platform: platform_get_backend_index:napb: backend port - 5 device - 120 
12-31 22:22:44.233   788 15100 V msm8974_platform: platform_set_backend_cfg:becf: afe: bitwidth 0, samplerate 0 channels 1, backend_idx 5 device (voice-rec-mic)
12-31 22:22:44.233   788 15100 E msm8974_platform: platform_set_backend_cfg:becf: afe: Could not get ctl for mixer command - SLIM_0_TX Format
12-31 22:22:44.233   788 15100 V msm8974_platform: platform_send_audio_calibration: sending audio calibration for snd_device(120) acdb_id(62)
12-31 22:22:44.233   788 15100 D ACDB-LOADER: ACDB -> send_audio_cal, acdb_id = 62, path = 1, app id = 0x11130, sample rate = 48000
12-31 22:22:44.233   788 15100 D ACDB-LOADER: ACDB -> send_asm_topology
12-31 22:22:44.234   788 15100 D ACDB-LOADER: ACDB -> ACDB_CMD_GET_AUDPROC_STREAM_TOPOLOGY_ID
12-31 22:22:44.234   788 15100 D ACDB-LOADER: ACDB -> send_adm_topology
12-31 22:22:44.234   788 15100 D ACDB-LOADER: ACDB -> ACDB_CMD_GET_AUDPROC_COMMON_TOPOLOGY_ID
12-31 22:22:44.234   788 15100 D ACDB-LOADER: ACDB -> send_audtable
12-31 22:22:44.234   788 15100 D ACDB-LOADER: ACDB -> ACDB_CMD_GET_AUDPROC_COMMON_TABLE_SIZE
12-31 22:22:44.234   788 15100 D ACDB-LOADER: ACDB -> ACDB_CMD_GET_AUDPROC_COMMON_TABLE
12-31 22:22:44.234   788 15100 D ACDB-LOADER: ACDB -> AUDIO_SET_AUDPROC_CAL
12-31 22:22:44.234   788 15100 D ACDB-LOADER: ACDB -> send_audvoltable
12-31 22:22:44.234   788 15100 D ACDB-LOADER: ACDB -> ACDB_CMD_GET_AUDPROC_VOL_STEP_TABLE_SIZE
12-31 22:22:44.234   788 15100 D ACDB-LOADER: ACDB -> ACDB_CMD_GET_AUDPROC_GAIN_DEP_STEP_TABLE, vol index 0
12-31 22:22:44.234   788 15100 D         : Failed to fetch the lookup information of the device 0000003E 
12-31 22:22:44.234   788 15100 D ACDB-LOADER: ACDB -> AUDIO_SET_VOL_CAL cal type = 12
12-31 22:22:44.234   788 15100 D ACDB-LOADER: ACDB -> ACDB_CMD_GET_AUDPROC_STREAM_TABLE_SIZE
12-31 22:22:44.234   788 15100 D ACDB-LOADER: ACDB -> send_audstrmtable
12-31 22:22:44.234   788 15100 D ACDB-LOADER: ACDB -> ACDB_CMD_GET_AUDPROC_STREAM_TABLE_V2
12-31 22:22:44.234   788 15100 D ACDB-LOADER: ACDB -> audstrm_cal->cal_type.cal_data.cal_size = 456
12-31 22:22:44.234   788 15100 D ACDB-LOADER: ACDB -> send_afe_topology
12-31 22:22:44.234   788 15100 D ACDB-LOADER: ACDB -> ACDB_CMD_GET_AFE_TOPOLOGY_ID
12-31 22:22:44.234   788 15100 D ACDB-LOADER: ACDB -> GET_AFE_TOPOLOGY_ID for adcd_id 62, Topology Id 112fb
12-31 22:22:44.234   788 15100 D ACDB-LOADER: ACDB -> send_afe_cal
12-31 22:22:44.234   788 15100 D ACDB-LOADER: ACDB -> ACDB_CMD_GET_AFE_COMMON_TABLE_SIZE
12-31 22:22:44.234   788 15100 D         : Failed to fetch the lookup information of the device 0000003E 
12-31 22:22:44.235   788 15100 E ACDB-LOADER: Error: ACDB_CMD_GET_AFE_COMMON_TABLE_SIZE Returned = -19
12-31 22:22:44.235   788 15100 D ACDB-LOADER: ACDB -> ACDB_CMD_GET_AFE_COMMON_TABLE
12-31 22:22:44.235   788 15100 D         : Failed to fetch the lookup information of the device 0000003E 
12-31 22:22:44.235   788 15100 D ACDB-LOADER: ACDB -> AUDIO_SET_AFE_CAL
12-31 22:22:44.235   788 15100 D ACDB-LOADER: ACDB -> send_hw_delay : acdb_id = 62 path = 1
12-31 22:22:44.235   788 15100 D ACDB-LOADER: ACDB -> ACDB_AVSYNC_INFO: ACDB_CMD_GET_DEVICE_PROPERTY
12-31 22:22:44.235   788 15100 D audio_hw_primary: enable_snd_device: snd_device(120: voice-rec-mic)
12-31 22:22:44.235   788 15100 D audio_route: Apply path: voice-rec-mic
12-31 22:22:44.237   788 15100 V msm8974_platform: platform_get_snd_device_backend_index: enter with device 120
12-31 22:22:44.237   788 15100 E msm8974_platform: platform_get_snd_device_backend_index: BE DAI Name Table is not present
12-31 22:22:44.237   788 15100 V msm8974_platform: platform_get_backend_index:napb: backend port - 5 device - 120 
12-31 22:22:44.237   788 15100 I audio_hw_utils: Set Audio Stream Capture 0 App Type Cfg: app_type 69936, acdb_dev_id 62, sample_rate 48000, snd_device_be_idx -14
12-31 22:22:44.238   788 15100 D audio_hw_primary: enable_audio_route: usecase(9) apply and update mixer path: audio-record
12-31 22:22:44.238   788 15100 D audio_route: Apply path: audio-record
12-31 22:22:44.306 23700 23889 I MicroDetectionWorker: onReady
12-31 22:22:44.616  1456  7796 I OpenGLRenderer: Initialized EGL, version 1.4
12-31 22:22:44.616  1456  7796 D OpenGLRenderer: Swap behavior 2
12-31 22:22:44.677  2748  2917 W OpenGLRenderer: Incorrectly called buildLayer on View: ShortcutAndWidgetContainer, destroying layer...
12-31 22:22:44.802 14919 15016 I chatty  : uid=10662(org.mozilla.fenix.performancetest) expire 6 lines
12-31 22:22:44.858 11988 11988 I Finsky  : [2] puo.onTrimMemory(1): Memory trim requested to level 80
12-31 22:22:44.867  1456  4829 D ConnectivityService: requestNetwork for uid/pid:10662/14919 NetworkRequest [ TRACK_DEFAULT id=15869, [ Capabilities: INTERNET&NOT_RESTRICTED&TRUSTED&NOT_VPN] ]
12-31 22:22:44.868  1456  2099 D Ethernet: got request NetworkRequest [ TRACK_DEFAULT id=15869, [ Capabilities: INTERNET&NOT_RESTRICTED&TRUSTED&NOT_VPN] ] with score 60
12-31 22:22:44.868  1456  2054 D WIFI_UT : got request NetworkRequest [ TRACK_DEFAULT id=15869, [ Capabilities: INTERNET&NOT_RESTRICTED&TRUSTED&NOT_VPN] ] with score 60
12-31 22:22:44.868  1456  2054 D WIFI    : got request NetworkRequest [ TRACK_DEFAULT id=15869, [ Capabilities: INTERNET&NOT_RESTRICTED&TRUSTED&NOT_VPN] ] with score 60
12-31 22:22:44.869  2398  2398 D PhoneSwitcherNetworkRequstListener: got request NetworkRequest [ TRACK_DEFAULT id=15869, [ Capabilities: INTERNET&NOT_RESTRICTED&TRUSTED&NOT_VPN] ] with score 60
12-31 22:22:44.891 14919 15101 I chatty  : uid=10662(org.mozilla.fenix.performancetest) expire 9 lines
12-31 22:22:45.467 14919 14949 I chatty  : uid=10662(org.mozilla.fenix.performancetest) expire 1 line
12-31 22:22:45.477  1456  2067 D ConnectivityService: releasing NetworkRequest [ TRACK_DEFAULT id=15869, [ Capabilities: INTERNET&NOT_RESTRICTED&TRUSTED&NOT_VPN] ] (release request)
12-31 22:22:48.505 14576 14676 I zygote  : Deoptimizing java.lang.Object bisn.a(java.lang.Object) due to JIT inline cache
12-31 22:22:49.258  1456  2921 I ActivityManager: Force stopping org.mozilla.fenix.performancetest appid=10662 user=0: from pid 15106
12-31 22:22:49.258  1456  2921 I ActivityManager: Killing 14919:org.mozilla.fenix.performancetest/u0a662 (adj 700): stop org.mozilla.fenix.performancetest
12-31 22:22:49.260  1456  1605 W zygote  : kill(-14919, 9) failed: No such process
12-31 22:22:49.261  1456  2921 W ActivityManager: Force removing ActivityRecord{33b7f25 u0 org.mozilla.fenix.performancetest/org.mozilla.fenix.HomeActivity t14740}: app died, no saved state
12-31 22:22:49.272  1456  2921 I ActivityManager: Killing 14956:org.mozilla.fenix.performancetest:tab/u0a662 (adj 0): stop org.mozilla.fenix.performancetest
12-31 22:22:49.279  1456  1605 W zygote  : kill(-14919, 9) failed: No such process
12-31 22:22:49.282  2398  2398 D CarrierSvcBindHelper: No carrier app for: 0
12-31 22:22:49.283  2398  2398 D CarrierSvcBindHelper: No carrier app for: 1
12-31 22:22:49.293  1456  1605 W zygote  : kill(-14919, 9) failed: No such process
12-31 22:22:49.350  1456  1673 W ActivityManager: setHasOverlayUi called on unknown pid: 14919
12-31 22:22:49.362  1456  1605 W zygote  : kill(-14919, 9) failed: No such process
12-31 22:22:49.362  1456  1605 I zygote  : Successfully killed process cgroup uid 10662 pid 14919 in 101ms
12-31 22:22:49.362  1456  1605 W zygote  : kill(-14956, 9) failed: No such process
12-31 22:22:49.362  1456  1605 I zygote  : Successfully killed process cgroup uid 10662 pid 14956 in 0ms
12-31 22:22:49.380  1456  5050 I ActivityManager: START u0 {act=android.intent.action.MAIN cat=[android.intent.category.LAUNCHER] flg=0x10000000 cmp=org.mozilla.fenix.performancetest/org.mozilla.fenix.HomeActivity} from uid 2000
12-31 22:22:49.380   794   839 E ANDR-PERF-RESOURCEQS: Failed to apply optimization [4, 0]
12-31 22:22:49.400  1456 10736 I ActivityManager: Start proc 15113:org.mozilla.fenix.performancetest/u0a662 for activity org.mozilla.fenix.performancetest/org.mozilla.fenix.HomeActivity
12-31 22:22:49.405 15113 15113 I chatty  : uid=10662(org.mozilla.fenix.performancetest) expire 31 lines
12-31 22:22:49.499 23700 23889 I MicroDetectionState: Should stop hotword detection immediately - false
12-31 22:22:49.500 23700 23889 I MicroDetector: Keeping mic open: false
12-31 22:22:49.500 23700 23804 E DeviceStateChecker: DeviceStateChecker cancelled
12-31 22:22:49.500 23700 23889 I RecognitionAudioControl: #shutdownAudio [requestId: 6524359910428183965, keepAudioOpen: false, forced: true]
12-31 22:22:49.500 23700 23889 I RecognitionAudioControl: #internalShutdownAudio [requestId: 6524359910428183965]
12-31 22:22:49.500 23700 23889 I RecognitionAudioControl: #internalShutdownAudio [keepAudioOpen: false, forced: true]
12-31 22:22:49.500 23700 23889 I RecognitionAudioControl: #actualShutdownAudio
12-31 22:22:49.500 23700 23889 I AudioController: #shutdown [requestId=6524359910428183965]
12-31 22:22:49.500 23700  5825 I AudioController: internalShutdown
12-31 22:22:49.500 23700 19058 I MicroRecognitionRunner: Stopping hotword detection.
12-31 22:22:49.550   788  1479 D audio_hw_primary: disable_audio_route: usecase(9) reset and update mixer path: audio-record
12-31 22:22:49.550   788  1479 D audio_hw_primary: disable_snd_device: snd_device(120: voice-rec-mic)
12-31 22:22:49.552  1012 26683 D APM_AudioPolicyManager: stopInput() input 68446, session 68497
12-31 22:22:49.552   788   788 D audio_hw_primary: in_set_parameters: enter: kvpairs=routing=0
12-31 22:22:49.553 23700  5825 I MicrophoneInputStream: mic_close  SR : 16000 CC : 16 SO : 1999
12-31 22:22:49.554 23700  5825 E AudioSource: Stop listening is called on already closed AudioSource
12-31 22:22:49.555 23700 29832 I MicroRecognitionRunner: Detection finished
12-31 22:22:49.647 15113 15130 I chatty  : uid=10662(org.mozilla.fenix.performancetest) expire 13 lines
