--------- beginning of main
12-08 21:59:42.094  1456  1605 W zygote  : kill(-24155, 9) failed: No such process
12-08 21:59:42.094  1456  1605 I zygote  : Successfully killed process cgroup uid 10110 pid 24155 in 71ms
12-08 21:59:42.094  1456  1605 W zygote  : kill(-17832, 9) failed: No such process
12-08 21:59:42.095  1456  1605 I zygote  : Successfully killed process cgroup uid 10027 pid 17832 in 0ms
12-08 21:59:42.095  1456  1605 W zygote  : kill(-17970, 9) failed: No such process
12-08 21:59:42.095  1456  1605 I zygote  : Successfully killed process cgroup uid 10062 pid 17970 in 0ms
12-08 21:59:42.095  1456  1605 W zygote  : kill(-17984, 9) failed: No such process
12-08 21:59:42.095  1456  1605 I zygote  : Successfully killed process cgroup uid 10090 pid 17984 in 0ms
12-08 21:59:42.095  1456  1605 W zygote  : kill(-18009, 9) failed: No such process
12-08 21:59:42.095  1456  1605 I zygote  : Successfully killed process cgroup uid 10036 pid 18009 in 0ms
12-08 21:59:42.096  1456  1605 W zygote  : kill(-18183, 9) failed: No such process
12-08 21:59:42.096  1456  1605 I zygote  : Successfully killed process cgroup uid 10044 pid 18183 in 0ms
12-08 21:59:42.096  1456  1605 W zygote  : kill(-17863, 9) failed: No such process
12-08 21:59:42.096  1456  1605 I zygote  : Successfully killed process cgroup uid 1000 pid 17863 in 0ms
12-08 21:59:42.096  1456  1605 W zygote  : kill(-17873, 9) failed: No such process
12-08 21:59:42.096  1456  1605 I zygote  : Successfully killed process cgroup uid 10085 pid 17873 in 0ms
12-08 21:59:42.096  1456  1605 W zygote  : kill(-26254, 9) failed: No such process
12-08 21:59:42.096  1456  1605 I zygote  : Successfully killed process cgroup uid 10014 pid 26254 in 0ms
12-08 21:59:42.097  1456  1605 W zygote  : kill(-18114, 9) failed: No such process
12-08 21:59:42.097  1456  1605 I zygote  : Successfully killed process cgroup uid 10031 pid 18114 in 0ms
12-08 21:59:42.097  1456  1605 W zygote  : kill(-24216, 9) failed: No such process
12-08 21:59:42.097  1456  1605 I zygote  : Successfully killed process cgroup uid 10110 pid 24216 in 0ms
--------- beginning of system
12-08 21:59:42.224  1456  1601 I ActivityManager: Force stopping org.mozilla.fenix.performancetest appid=10512 user=-1: deletePackageX
12-08 21:59:42.379  1017  1017 I keystore: clear_uid 10512
12-08 21:59:42.790  1456  1723 I zygote  : Explicit concurrent copying GC freed 57516(2MB) AllocSpace objects, 13(516KB) LOS objects, 42% free, 25MB/45MB, paused 192us total 399.119ms
12-08 21:59:42.885  1456  1723 I ActivityManager: Start proc 3616:com.android.defcontainer/u0a27 for service com.android.defcontainer/.DefaultContainerService
12-08 21:59:42.886  1456  1723 I ActivityManager: Force stopping org.mozilla.fenix.performancetest appid=10512 user=0: pkg removed
12-08 21:59:42.901  1456  1601 W BroadcastQueue: Background execution not allowed: receiving Intent { act=android.intent.action.PACKAGE_REMOVED dat=package:org.mozilla.fenix.performancetest flg=0x4000010 (has extras) } to com.android.vending/com.google.android.finsky.packagemanager.impl.PackageMonitorReceiverImpl$RegisteredReceiver
12-08 21:59:42.944  1456  1942 I InputReader: Reconfiguring input devices.  changes=0x00000010
12-08 21:59:42.950  1456  1456 I ActivityManager: Start proc 3624:com.android.keychain/1000 for service com.android.keychain/.KeyChainService
12-08 21:59:42.950  1456  1601 W BroadcastQueue: Background execution not allowed: receiving Intent { act=android.intent.action.PACKAGE_REMOVED dat=package:org.mozilla.fenix.performancetest flg=0x4000010 (has extras) } to com.android.vending/com.google.android.finsky.instantapps.appmanagement.InstantAppRemoveMonitor
12-08 21:59:42.956 23624 23624 I GeofencerStateMachine: removeGeofences: removeRequest=RemoveGeofencingRequest[REMOVE_ALL packageName=org.mozilla.fenix.performancetest]
12-08 21:59:42.957  1456  1601 W BroadcastQueue: Background execution not allowed: receiving Intent { act=android.intent.action.PACKAGE_REMOVED dat=package:org.mozilla.fenix.performancetest flg=0x4000010 (has extras) } to com.google.android.gms/.games.chimera.GamesSystemBroadcastReceiverProxy
12-08 21:59:42.957  1456  1601 W BroadcastQueue: Background execution not allowed: receiving Intent { act=android.intent.action.PACKAGE_REMOVED dat=package:org.mozilla.fenix.performancetest flg=0x4000010 (has extras) } to com.google.android.gms/.chimera.GmsIntentOperationService$PersistentTrustedReceiver
12-08 21:59:42.959  1456  1723 D KernelUidCpuTimeReader: Removing uids 10512-10512
12-08 21:59:42.962  1456  1601 W BroadcastQueue: Background execution not allowed: receiving Intent { act=android.intent.action.PACKAGE_REMOVED dat=package:org.mozilla.fenix.performancetest flg=0x4000010 (has extras) } to com.google.android.googlequicksearchbox/com.google.android.apps.gsa.googlequicksearchbox.GelStubAppWatcher
12-08 21:59:42.971  1456  1456 W ResourceType: ResTable_typeSpec entry count inconsistent: given 610, previously 613
12-08 21:59:42.971  1456  1456 W ResourceType: ResTable_typeSpec entry count inconsistent: given 391, previously 1408
12-08 21:59:42.971  1456  1456 W ResourceType: ResTable_typeSpec entry count inconsistent: given 216, previously 1214
12-08 21:59:42.978  2398  2398 D CarrierSvcBindHelper: No carrier app for: 0
12-08 21:59:42.978  1456  1601 I ActivityManager: Start proc 3638:com.android.chrome/u0a85 for broadcast com.android.chrome/org.chromium.chrome.browser.browserservices.ClientAppBroadcastReceiver
12-08 21:59:42.979  2398  2398 D CarrierSvcBindHelper: No carrier app for: 1
12-08 21:59:42.997  2398  2398 E VvmPkgInstalledRcvr: cannot create TelephonyManager from ComponentInfo{com.android.phone/com.android.services.telephony.TelephonyConnectionService}, [****], UserHandle{0}
12-08 21:59:43.008  3616  3616 I zygote  : The ClassLoaderContext is a special shared library.
12-08 21:59:43.023  1456  1456 I ConditionProviders: Disallowing condition provider org.mozilla.fenix.performancetest
12-08 21:59:43.028  1456  1456 W ResourceType: Found multiple library tables, ignoring...
12-08 21:59:43.044  3624  3624 I zygote  : The ClassLoaderContext is a special shared library.
12-08 21:59:43.119  3638  3638 W ResourceType: Found multiple library tables, ignoring...
12-08 21:59:43.137 23653 23663 I zygote  : Background concurrent copying GC freed 336(79KB) AllocSpace objects, 0(0B) LOS objects, 49% free, 9MB/18MB, paused 199us total 234.677ms
12-08 21:59:43.147 23653 14443 I ContentMaintenance: Internal cache bytes used: 0; limit: 100000000; download size: 0
12-08 21:59:43.166 23653 14443 I RealtimeCacheCleanup: Beginning Realtime garbage collection.
12-08 21:59:43.169 23653 14443 I RealtimeCacheCleanup: Finished Realtime garbage collection.
12-08 21:59:43.177 23653  3687 I Icing   : doRemovePackageData org.mozilla.fenix.performancetest
12-08 21:59:43.181  3638  3638 I PlayCore: UID: [10085]  PID: [3638] SplitInstallListenerRegistry : registerListener
12-08 21:59:43.190 23653 23786 I Icing   : IndexChimeraService.getServiceInterface callingPackage=com.google.android.gms componentName=AppsCorpus serviceId=36
12-08 21:59:43.190  3638  3638 I LoadedApk: No resource references to update in package com.android.chrome.autofill_assistant
12-08 21:59:43.211 23653 14443 W Icing   : No valid account for uploading user actions
12-08 21:59:43.236 23653 23798 I Icing   : IndexChimeraService.getServiceInterface callingPackage=com.google.android.gms componentName=null serviceId=30
12-08 21:59:43.239 23653 14443 I Icing   : Usage reports ok 0, Failed Usage reports 0, indexed 0, rejected 0
12-08 21:59:43.251  1456  2236 I ActivityManager: Start proc 3697:com.android.documentsui/u0a30 for broadcast com.android.documentsui/.PackageReceiver
12-08 21:59:43.263 23653 14443 W Icing   : No valid account for uploading user actions
12-08 21:59:43.272 23653 14443 I Icing   : Usage reports ok 0, Failed Usage reports 0, indexed 0, rejected 0
12-08 21:59:43.297  3697  3697 I zygote  : The ClassLoaderContext is a special shared library.
12-08 21:59:43.376  1456  1456 I ActivityManager: Start proc 3715:com.android.vending/u0a62 for broadcast com.android.vending/com.google.android.finsky.packagemanager.impl.PackageMonitorReceiverImpl$RegisteredReceiver
12-08 21:59:43.406  1456  2236 I ActivityManager: Start proc 3728:com.google.android.apps.docs/u0a90 for content provider com.google.android.apps.docs/.storagebackend.StorageBackendContentProvider
12-08 21:59:43.486  3715  3715 I Finsky  : [2] efs.aH(9): Process created at version: 17.8.14-all [0] [PR] 283242051
12-08 21:59:43.600  1456  2236 I ActivityManager: Start proc 3755:com.google.process.gservices/u0a36 for content provider com.google.android.gsf/.gservices.GservicesProvider
12-08 21:59:43.641  3755  3755 I zygote  : The ClassLoaderContext is a special shared library.
12-08 21:59:43.658  3755  3755 I GservicesProvider: Gservices pushing to system: true; secure/global: true
12-08 21:59:43.695  3728  3772 I GAv4    : Google Analytics 20.0.07 is starting up. To enable debug logging on a device run:
12-08 21:59:43.695  3728  3772 I GAv4    :   adb shell setprop log.tag.GAv4 DEBUG
12-08 21:59:43.695  3728  3772 I GAv4    :   adb logcat -s GAv4
12-08 21:59:43.769  3728  3775 W GAv4    : CampaignTrackingReceiver is not registered, not exported or is disabled. Installation campaign tracking is not possible. See http://goo.gl/8Rd3yj for instructions.
12-08 21:59:43.819  3728  3728 W PrimesInit: Primes instant initialization
12-08 21:59:43.839  3728  3778 W Primes  : background initialization
12-08 21:59:43.887  3728  3728 W FieldDefinition: [main] Ignoring isIndexed constraint as field also has uniqueness constraint (on just this field, and therefore SQLite will have to create an index on that. For field: bow$a@42af0fa
12-08 21:59:43.924  3728  3734 I zygote  : Do partial code cache collection, code=6KB, data=8KB
12-08 21:59:43.925  3728  3734 I zygote  : After code cache collection, code=6KB, data=8KB
12-08 21:59:43.925  3728  3734 I zygote  : Increasing code cache capacity to 128KB
12-08 21:59:43.966  3715  3753 I Finsky  : [79998] rfs.a(38): Started reading experiment flags from file [0tGUNCGIkbk4o6-fQ335kUYSKwVj4lusnHT-A5Dsy08].
12-08 21:59:43.980  3715  3753 I Finsky  : [79998] rfs.a(49): Finished reading experiment flags from file [0tGUNCGIkbk4o6-fQ335kUYSKwVj4lusnHT-A5Dsy08].
12-08 21:59:43.985  3715  3753 I Finsky  : [79998] rfs.a(38): Started reading experiment flags from file [Se-xCc4LzNyh3UrKMIU2sUf-PUKz4oQEbpKZDMuaFno].
12-08 21:59:43.994  3715  3753 I Finsky  : [79998] rfs.a(49): Finished reading experiment flags from file [Se-xCc4LzNyh3UrKMIU2sUf-PUKz4oQEbpKZDMuaFno].
12-08 21:59:44.017 23624 23624 W ChimeraUtils: Non Chimera context
12-08 21:59:44.018 23624 23624 W ChimeraUtils: Non Chimera context
12-08 21:59:44.094  3715  3715 I Finsky  : [2] tpf.<init>(15): Resetting scheduler db
12-08 21:59:44.126  3715  3751 I Finsky  : [79996] efs.W(6): Not a unicorn account
12-08 21:59:44.175  3715  3749 W PrimesInit: Primes instant initialization
12-08 21:59:44.196  3715  3807 W Primes  : background initialization
12-08 21:59:44.200  3697  3712 I ProvidersCache: Provider returned no roots. Possibly naughty: com.google.android.apps.docs.storage
12-08 21:59:44.205  3715  3749 I Finsky  : [79994] efs.aR(5): Disable SystemUpdateActivity, because Android is lower than Q
12-08 21:59:44.208  3715  3751 I Finsky  : [79996] qtl.<init>(5): Registering in memory receiver for android.intent.action.PACKAGE_ADDED
12-08 21:59:44.209 23624 23624 W ChimeraUtils: Non Chimera context
12-08 21:59:44.209 23624 23624 W ChimeraUtils: Non Chimera context
12-08 21:59:44.229  3715  3811 I Finsky  : [80010] eet.run(3): Set SystemUpdateActivity enabled state to 2
12-08 21:59:44.243 23653 14443 I Icing   : Indexing com.google.android.gms-apps from com.google.android.gms
12-08 21:59:44.258  3697  3800 I ProvidersCache: Provider returned no roots. Possibly naughty: com.google.android.apps.docs.storage
12-08 21:59:44.266 23653 14443 I Icing   : Indexing com.google.android.gms-internal.3p:MobileApplication from com.google.android.gms
12-08 21:59:44.274 23653 14443 I Icing   : Indexing com.google.android.gms-internal.3p:DigitalDocument from com.google.android.gms
12-08 21:59:44.281  3715  3750 I cr_CronetLibraryLoader: Cronet version: 80.0.3970.3, arch: armv7l
12-08 21:59:44.281 23653 14443 I Icing   : Indexing done com.google.android.gms-apps
12-08 21:59:44.285 23653 14443 I Icing   : Indexing done com.google.android.gms-internal.3p:MobileApplication
12-08 21:59:44.288  3715  3750 W Finsky  : [79995] duu.a(21): For unauth, use getDfeApiNonAuthenticated() instead!
12-08 21:59:44.289 23653 14443 I Icing   : Indexing done com.google.android.gms-internal.3p:DigitalDocument
12-08 21:59:44.290  3715  3750 I Finsky  : [79995] pbh.c(4): Enqueuing libraries load for 0
12-08 21:59:44.309  3715  3799 I Finsky  : [80006] pbh.a(13): Starting libraries load for 0
12-08 21:59:44.310  3715  3750 I Finsky  : [79995] gzh.f(7): Subscription detail: N/A
12-08 21:59:44.319  3715  3749 W Settings: Setting download_manager_max_bytes_over_mobile has moved from android.provider.Settings.Secure to android.provider.Settings.Global.
12-08 21:59:44.328  3715  3799 I Finsky  : [80006] pbh.a(28): Finished loading 0 libraries.
12-08 21:59:44.344  3715  3749 I Finsky  : [79994] pzj.a(5): SettingNotFoundException, fall through to G.downloadBytesOverMobileMaximum
12-08 21:59:44.354  3715  3749 W Settings: Setting download_manager_recommended_max_bytes_over_mobile has moved from android.provider.Settings.Secure to android.provider.Settings.Global.
12-08 21:59:44.367  3715  3749 I Finsky  : [79994] pzj.a(9): SettingNotFoundException, fall through to G.downloadBytesOverMobileRecommended
12-08 21:59:44.398  1456  1600 W ResourceType: ResTable_typeSpec entry count inconsistent: given 29, previously 35
12-08 21:59:44.399  1456  1600 W ResourceType: ResTable_typeSpec entry count inconsistent: given 2214, previously 2211
12-08 21:59:44.399  1456  1600 W ResourceType: ResTable_typeSpec entry count inconsistent: given 272, previously 1522
12-08 21:59:44.405  1456  1600 W SearchableInfo: Invalid searchable metadata for com.google.android.gms/.nearby.sharing.ContactSelectActivity: Search label must be a resource reference.
12-08 21:59:44.438  3715  3751 I Finsky  : [79996] zsg.k(5): Setup app restrictions monitor
12-08 21:59:44.447  3715  3751 I Finsky  : [79996] zud.a(4): Device wide unknown source restriction is changed.
12-08 21:59:44.531 23624 23633 I zygote  : Background concurrent copying GC freed 70970(3MB) AllocSpace objects, 1(16KB) LOS objects, 50% free, 8MB/16MB, paused 260us total 148.837ms
12-08 21:59:44.552  3715  3715 I Finsky  : [2] pqo.onTrimMemory(1): Memory trim requested to level 10
12-08 21:59:44.559  3715  3715 I Finsky  : [2] qtl.a(7): PackageMonitor received: android.intent.action.PACKAGE_FULLY_REMOVED
12-08 21:59:44.560  3715  3715 I Finsky  : [2] quo.d(11): Invalidating cached PackageState for org.mozilla.fenix.performancetest
12-08 21:59:44.566  3715  3715 I Finsky  : [2] abao.a(10): Do not start WearSupportService due to Wear service optimization
12-08 21:59:44.569  3715  3715 I Finsky  : [2] abao.a(10): Do not start WearSupportService due to Wear service optimization
12-08 21:59:44.572  3715  3715 I Finsky  : [2] vbc.a(1): Clearing split related stale data.
12-08 21:59:44.586  3715  3850 I Finsky  : [80034] nib.run(2): Cleaning dev-triggered-update data on package uninstall for org.mozilla.fenix.performancetest.
12-08 21:59:44.592  3715  3715 I Finsky  : [2] quo.j(2): Package no longer installed: org.mozilla.fenix.performancetest
12-08 21:59:44.633  3715  3715 I Finsky  : [2] mul.<init>(16): Installer: Setting Parallelism[DEFAULT]
12-08 21:59:44.636  3715  3715 I Finsky  : [2] mrk.b(6): Installer: package org.mozilla.fenix.performancetest was removed. replacing: false
12-08 21:59:44.646  3715  3855 I Finsky  : [80039] nic.run(2): Finished dev-triggered-update cleaning.
12-08 21:59:44.659  3715  3854 I Finsky  : [80038] qjz.run(16): Frosting DB delete succeeded: true
12-08 21:59:44.725  3715  3720 I zygote  : Do partial code cache collection, code=30KB, data=25KB
12-08 21:59:44.727  3715  3720 I zygote  : After code cache collection, code=30KB, data=25KB
12-08 21:59:44.727  3715  3720 I zygote  : Increasing code cache capacity to 128KB
12-08 21:59:44.824  3715  3715 I Finsky  : [2] mrk.a(83): Installer: Notifying status update. package=org.mozilla.fenix.performancetest, status=UNINSTALLED
12-08 21:59:44.825  3715  3715 I Finsky  : [2] mrk.a(242): Installer kick - no action, not running yet
12-08 21:59:44.848  3715  3715 I Finsky  : [2] mrk.a(18): Installer: Attempting to start installer
12-08 21:59:44.854  3715  3715 I zygote  : Deoptimizing java.lang.Object j$.util.concurrent.ConcurrentHashMap.putVal(java.lang.Object, java.lang.Object, boolean) due to JIT inline cache
12-08 21:59:44.860  1456  2920 I ActivityManager: Start proc 3858:android.process.media/u0a31 for broadcast com.android.providers.downloads/.DownloadReceiver
12-08 21:59:44.871  3715  3715 I Finsky  : [2] mmw.<init>(9): Not checking if recovering from paused session because experiment is off
12-08 21:59:44.888  3715  3715 I Finsky  : [2] pqo.onTrimMemory(1): Memory trim requested to level 80
12-08 21:59:44.888  3715  3715 I Finsky  : [2] gzg.onSubscriptionsChanged(1): onSubscriptionsChanged
12-08 21:59:44.891  3715  3715 I Finsky  : [2] mrk.a(242): Installer kick - no action, not running yet
12-08 21:59:44.894  3715  3715 I Finsky  : [2] mrk.a(242): Installer kick - no action, not running yet
12-08 21:59:44.905  3715  3753 D NetworkSecurityConfig: No Network Security Config specified, using platform default
12-08 21:59:44.920  3858  3858 I zygote  : The ClassLoaderContext is a special shared library.
12-08 21:59:44.943  3858  3858 I zygote  : The ClassLoaderContext is a special shared library.
12-08 21:59:45.016  3715  3715 I Finsky  : [2] too.a(3): SCH: Canceling job 3-1092
12-08 21:59:45.030  3715  3715 I Finsky  : [2] tpf.a(7): SCH: Jobs in database: 1-1337 3-1093 12-1 24-77777777 26-1414141414 29-29 
12-08 21:59:45.039  3715  3715 I zygote  : Deoptimizing java.lang.Object j$.util.concurrent.ConcurrentHashMap.get(java.lang.Object) due to JIT inline cache
12-08 21:59:45.088  3715  3715 I Finsky  : [2] tkv.a(58): SCH: ConstraintMapping: 24-77777777,  -> L: 0ms, D: 52378172ms, C: false, I: true, N: 0
12-08 21:59:45.090  3715  3715 I Finsky  : [2] tkv.a(58): SCH: ConstraintMapping: 1-1337, 12-1,  -> L: 14812ms, D: 55873284ms, C: false, I: false, N: 1
12-08 21:59:45.091  3715  3715 I Finsky  : [2] tkv.a(58): SCH: ConstraintMapping: 3-1093,  -> L: 0ms, D: 85345358ms, C: true, I: true, N: 2
12-08 21:59:45.092  3715  3715 I Finsky  : [2] tkv.a(58): SCH: ConstraintMapping: 26-1414141414, 29-29,  -> L: 29002ms, D: 59002ms, C: false, I: false, N: 0
12-08 21:59:45.104  3715  3715 I Finsky  : [2] tnn.a(37): Cancelling existing jobscheduler jobs: 9007 9000 9004 9008 9003 
12-08 21:59:45.106  3715  3715 I Finsky  : [2] tnn.a(30): Scheduling job Id: 9001, L: 0, D: 52378172, C: false, I: true, N: 0
12-08 21:59:45.110  3715  3715 I Finsky  : [2] tnn.a(30): Scheduling job Id: 9002, L: 14812, D: 55873284, C: false, I: false, N: 1
12-08 21:59:45.113  3715  3715 I Finsky  : [2] tnn.a(30): Scheduling job Id: 9005, L: 0, D: 85345358, C: true, I: true, N: 2
12-08 21:59:45.115  3715  3715 I Finsky  : [2] tnn.a(30): Scheduling job Id: 9006, L: 29002, D: 59002, C: false, I: false, N: 0
12-08 21:59:45.130  3715  3715 I Finsky  : [2] too.a(3): SCH: Canceling job 3-1093
12-08 21:59:45.131  3715  3873 I Finsky  : [80044] mql.run(2): Installer: Installer starting.
12-08 21:59:45.131  3715  3873 I Finsky  : [80044] mql.run(4): Installer: Installer started.
12-08 21:59:45.136  3715  3715 I Finsky  : [2] mrk.a(250): Installer: found apps to install. isMultiUserMode=false, apps=[]
12-08 21:59:45.148  3715  3715 I Finsky  : [2] pqo.onTrimMemory(1): Memory trim requested to level 80
12-08 21:59:45.150  3715  3715 I Finsky  : [2] tpf.a(7): SCH: Jobs in database: 1-1337 12-1 24-77777777 26-1414141414 29-29 
12-08 21:59:45.175  3715  3715 I Finsky  : [2] tkv.a(58): SCH: ConstraintMapping: 24-77777777,  -> L: 0ms, D: 52378082ms, C: false, I: true, N: 0
12-08 21:59:45.177  3715  3715 I Finsky  : [2] tkv.a(58): SCH: ConstraintMapping: 1-1337, 12-1,  -> L: 14724ms, D: 55873190ms, C: false, I: false, N: 1
12-08 21:59:45.178  3715  3715 I Finsky  : [2] tkv.a(58): SCH: ConstraintMapping: 26-1414141414, 29-29,  -> L: 28915ms, D: 58915ms, C: false, I: false, N: 0
12-08 21:59:45.187  3715  3715 I Finsky  : [2] tnn.a(37): Cancelling existing jobscheduler jobs: 9001 9002 9005 9006 
12-08 21:59:45.188  3715  3715 I Finsky  : [2] tnn.a(30): Scheduling job Id: 9000, L: 0, D: 52378082, C: false, I: true, N: 0
12-08 21:59:45.190  3715  3715 I Finsky  : [2] tnn.a(30): Scheduling job Id: 9003, L: 14724, D: 55873190, C: false, I: false, N: 1
12-08 21:59:45.193  3715  3715 I Finsky  : [2] tnn.a(30): Scheduling job Id: 9004, L: 28915, D: 58915, C: false, I: false, N: 0
12-08 21:59:45.195  3715  3715 I Finsky  : [2] tpf.a(7): SCH: Jobs in database: 1-1337 12-1 24-77777777 26-1414141414 29-29 
12-08 21:59:45.204  3715  3871 I Finsky  : [80043] ndb.c(25): IQ: Creating job 1094, for (REQ_DEVICE_IDLE, REQ_GEARHEAD_PROJECTION_OFF, MIN_BATTERY=50, SHOULD_APPLY_BUDGET=true, NETWORK=UNMETERED, PROVISIONING_STATE=PROVISIONED)
12-08 21:59:45.216  3715  3715 I Finsky  : [2] tkv.a(58): SCH: ConstraintMapping: 24-77777777,  -> L: 0ms, D: 52378039ms, C: false, I: true, N: 0
12-08 21:59:45.217  3715  3715 I Finsky  : [2] tkv.a(58): SCH: ConstraintMapping: 1-1337, 12-1,  -> L: 14679ms, D: 55873144ms, C: false, I: false, N: 1
12-08 21:59:45.218  3715  3715 I Finsky  : [2] tkv.a(58): SCH: ConstraintMapping: 26-1414141414, 29-29,  -> L: 28873ms, D: 58873ms, C: false, I: false, N: 0
12-08 21:59:45.227  3715  3715 I Finsky  : [2] tnn.a(37): Cancelling existing jobscheduler jobs: 9004 9000 9003 
12-08 21:59:45.228  3715  3715 I Finsky  : [2] tnn.a(30): Scheduling job Id: 9001, L: 0, D: 52378039, C: false, I: true, N: 0
12-08 21:59:45.230  3715  3715 I Finsky  : [2] tnn.a(30): Scheduling job Id: 9002, L: 14679, D: 55873144, C: false, I: false, N: 1
12-08 21:59:45.233  3715  3715 I Finsky  : [2] tnn.a(30): Scheduling job Id: 9005, L: 28873, D: 58873, C: false, I: false, N: 0
12-08 21:59:45.236  3715  3715 I Finsky  : [2] tpf.a(7): SCH: Jobs in database: 1-1337 12-1 24-77777777 26-1414141414 29-29 
12-08 21:59:45.252  3715  3715 I Finsky  : [2] tkv.a(58): SCH: ConstraintMapping: 24-77777777,  -> L: 0ms, D: 52378001ms, C: false, I: true, N: 0
12-08 21:59:45.253  3715  3715 I Finsky  : [2] tkv.a(58): SCH: ConstraintMapping: 1-1337, 12-1,  -> L: 14641ms, D: 55873104ms, C: false, I: false, N: 1
12-08 21:59:45.254  3715  3715 I Finsky  : [2] tkv.a(58): SCH: ConstraintMapping: 26-1414141414, 29-29,  -> L: 28836ms, D: 58836ms, C: false, I: false, N: 0
12-08 21:59:45.262  3715  3715 I Finsky  : [2] tnn.a(37): Cancelling existing jobscheduler jobs: 9002 9005 9001 
12-08 21:59:45.262  3715  3715 I Finsky  : [2] tnn.a(30): Scheduling job Id: 9000, L: 0, D: 52378001, C: false, I: true, N: 0
12-08 21:59:45.264  3715  3715 I Finsky  : [2] tnn.a(30): Scheduling job Id: 9003, L: 14641, D: 55873104, C: false, I: false, N: 1
12-08 21:59:45.267  3715  3715 I Finsky  : [2] tnn.a(30): Scheduling job Id: 9004, L: 28836, D: 58836, C: false, I: false, N: 0
12-08 21:59:45.296  3715  3715 I Finsky  : [2] tpf.a(7): SCH: Jobs in database: 1-1337 3-1094 12-1 24-77777777 26-1414141414 29-29 
12-08 21:59:45.296  3715  3871 I Finsky  : [80043] ndb.c(25): IQ: Creating job 1095, for (REQ_CHARGING, REQ_DEVICE_IDLE, REQ_GEARHEAD_PROJECTION_OFF, NETWORK=UNMETERED, PROVISIONING_STATE=PROVISIONED)
12-08 21:59:45.320  3715  3715 I Finsky  : [2] tkv.a(58): SCH: ConstraintMapping: 24-77777777,  -> L: 0ms, D: 52377936ms, C: false, I: true, N: 0
12-08 21:59:45.321  3715  3715 I Finsky  : [2] tkv.a(58): SCH: ConstraintMapping: 1-1337, 12-1,  -> L: 14577ms, D: 55873044ms, C: false, I: false, N: 1
12-08 21:59:45.322  3715  3715 I Finsky  : [2] tkv.a(58): SCH: ConstraintMapping: 3-1094,  -> L: 0ms, D: 86399908ms, C: false, I: true, N: 2
12-08 21:59:45.323  3715  3715 I Finsky  : [2] tkv.a(58): SCH: ConstraintMapping: 26-1414141414, 29-29,  -> L: 28770ms, D: 58770ms, C: false, I: false, N: 0
12-08 21:59:45.331  3715  3715 I Finsky  : [2] tnn.a(37): Cancelling existing jobscheduler jobs: 9000 9003 9004 
12-08 21:59:45.332  3715  3715 I Finsky  : [2] tnn.a(30): Scheduling job Id: 9001, L: 0, D: 52377936, C: false, I: true, N: 0
12-08 21:59:45.333  3715  3715 I Finsky  : [2] tnn.a(30): Scheduling job Id: 9002, L: 14577, D: 55873044, C: false, I: false, N: 1
12-08 21:59:45.336  3715  3715 I Finsky  : [2] tnn.a(30): Scheduling job Id: 9005, L: 0, D: 86399908, C: false, I: true, N: 2
12-08 21:59:45.338  3715  3715 I Finsky  : [2] tnn.a(30): Scheduling job Id: 9006, L: 28770, D: 58770, C: false, I: false, N: 0
12-08 21:59:45.429  3715  3715 I Finsky  : [2] tpf.a(7): SCH: Jobs in database: 1-1337 3-1094 3-1095 12-1 24-77777777 26-1414141414 29-29 
12-08 21:59:45.438  3715  3871 I Finsky  : [80043] ndb.b(42): IQ: Notifying installation update. package=org.mozilla.fenix.performancetest, status=UNINSTALLED
12-08 21:59:45.464  3715  3715 I Finsky  : [2] tkv.a(58): SCH: ConstraintMapping: 24-77777777,  -> L: 0ms, D: 52377796ms, C: false, I: true, N: 0
12-08 21:59:45.465  3715  3715 I Finsky  : [2] tkv.a(58): SCH: ConstraintMapping: 1-1337, 12-1,  -> L: 14438ms, D: 55872911ms, C: false, I: false, N: 1
12-08 21:59:45.466  3715  3715 I Finsky  : [2] tkv.a(58): SCH: ConstraintMapping: 3-1094,  -> L: 0ms, D: 86399774ms, C: false, I: true, N: 2
12-08 21:59:45.467  3715  3715 I Finsky  : [2] tkv.a(58): SCH: ConstraintMapping: 3-1095,  -> L: 0ms, D: 86399860ms, C: true, I: true, N: 2
12-08 21:59:45.469  3715  3715 I Finsky  : [2] tkv.a(58): SCH: ConstraintMapping: 26-1414141414, 29-29,  -> L: 28628ms, D: 58628ms, C: false, I: false, N: 0
12-08 21:59:45.470  3715  3871 I Finsky  : [80043] ndb.b(28): IQ: No matching installs to run for jobs: []
12-08 21:59:45.480  3715  3715 I Finsky  : [2] tnn.a(37): Cancelling existing jobscheduler jobs: 9006 9001 9005 9002 
12-08 21:59:45.481  3715  3715 I Finsky  : [2] tnn.a(30): Scheduling job Id: 9000, L: 0, D: 52377796, C: false, I: true, N: 0
12-08 21:59:45.483  3715  3715 I Finsky  : [2] tnn.a(30): Scheduling job Id: 9003, L: 14438, D: 55872911, C: false, I: false, N: 1
12-08 21:59:45.486  3715  3715 I Finsky  : [2] tnn.a(30): Scheduling job Id: 9004, L: 0, D: 86399774, C: false, I: true, N: 2
12-08 21:59:45.488  3715  3715 I Finsky  : [2] tnn.a(30): Scheduling job Id: 9007, L: 0, D: 86399860, C: true, I: true, N: 2
12-08 21:59:45.490  3715  3715 I Finsky  : [2] tnn.a(30): Scheduling job Id: 9008, L: 28628, D: 58628, C: false, I: false, N: 0
12-08 21:59:45.508  3715  3715 I Finsky  : [2] vaq.a(24): Connecting InstallListener to SplitInstallService broadcaster...
12-08 21:59:46.800  3728  3779 W DynamiteModule: Local module descriptor class for providerinstaller not found.
12-08 21:59:46.804 23624 12527 W ProviderHelper: Unknown dynamite feature providerinstaller
12-08 21:59:46.808  3728  3779 W ProviderInstaller: Failed to load providerinstaller module: No acceptable module found. Local version is 0 and remote version is 0.
12-08 21:59:46.820  3728  3779 I zygote  : The ClassLoaderContext is a special shared library.
12-08 21:59:46.823  3728  3779 I zygote  : The ClassLoaderContext is a special shared library.
12-08 21:59:46.844  3728  3779 V NativeCrypto: Registering com/google/android/gms/org/conscrypt/NativeCrypto's 286 native methods...
12-08 21:59:46.894  3728  3779 D NetworkSecurityConfig: Using Network Security Config from resource network_security_config debugBuild: false
12-08 21:59:46.898  3728  3779 I ProviderInstaller: Installed default security provider GmsCore_OpenSSL
12-08 21:59:47.013  1456  1466 I zygote  : Background concurrent copying GC freed 46927(4MB) AllocSpace objects, 31(1516KB) LOS objects, 42% free, 26MB/45MB, paused 273us total 291.471ms
12-08 21:59:48.443  3715  3742 I zygote  : Waiting for a blocking GC ProfileSaver
12-08 21:59:48.464  8217  8229 I zygote  : Background concurrent copying GC freed 19245(1063KB) AllocSpace objects, 0(0B) LOS objects, 48% free, 25MB/49MB, paused 2.638ms total 432.267ms
12-08 21:59:48.475  3728  3746 I zygote  : Waiting for a blocking GC ProfileSaver
12-08 21:59:48.489  3715  3742 I zygote  : WaitForGcToComplete blocked ProfileSaver on HeapTrim for 45.291ms
12-08 21:59:48.511  3728  3746 I zygote  : WaitForGcToComplete blocked ProfileSaver on HeapTrim for 35.729ms
12-08 21:59:49.562  3715  3715 I Finsky  : [2] zlj.a(7): Verification requested, id = 488
12-08 21:59:49.849  3715  3715 E Finsky  : [2] zzd.b(2): Package name null is not an installed package
12-08 21:59:49.865  3715  3799 I Finsky  : [80006] znj.a(9): Single user settings service is not running, bind it now
12-08 21:59:49.872  3715  3715 I Finsky  : [2] zni.onServiceConnected(1): Single user settings service is connected
12-08 21:59:49.937  3715  3799 W Settings: Setting install_non_market_apps has moved from android.provider.Settings.Global to android.provider.Settings.Secure, returning read-only value.
12-08 21:59:50.583  3715  3720 I zygote  : Do partial code cache collection, code=61KB, data=52KB
12-08 21:59:50.586  3715  3720 I zygote  : After code cache collection, code=58KB, data=51KB
12-08 21:59:50.586  3715  3720 I zygote  : Increasing code cache capacity to 256KB
12-08 21:59:51.175  3715  3799 I Finsky  : [80006] laa.a(8): Task 7 requested foreground
12-08 21:59:51.182  3715  3799 I Finsky  : [80006] laa.a(21): Not entering foreground
12-08 21:59:51.510  3715  3782 I Finsky  : [80000] zts.b(4): Verify: Verification package=org.mozilla.fenix.performancetest, id=488 response=0
12-08 21:59:51.526  3715  3799 I Finsky  : [80006] zzd.b(4): PSIC verification started with installer uid: 2000 package name: null, originating uid: -1
12-08 21:59:51.532  3715  3715 I Finsky  : [2] zuv.c(5): Verifying id=488, result=1
12-08 21:59:51.537  3715  3715 I Finsky  : [2] zuv.gT(6): Verification complete: id=488, package_name=org.mozilla.fenix.performancetest
12-08 21:59:51.552  3715  3715 I Finsky  : [2] pqo.onTrimMemory(1): Memory trim requested to level 80
12-08 21:59:52.249  1456  1723 I PackageManager.DexOptimizer: Running dexopt (dexoptNeeded=1) on: /data/app/org.mozilla.fenix.performancetest-fzUSZNntcHNTrCCyAhQtOA==/base.apk pkg=org.mozilla.fenix.performancetest isa=arm dexoptFlags=boot_complete,debuggable,public target-filter=quicken oatDir=/data/app/org.mozilla.fenix.performancetest-fzUSZNntcHNTrCCyAhQtOA==/oat sharedLibraries=PCL[]
12-08 21:59:52.323  3899  3899 I dex2oat : /system/bin/dex2oat --input-vdex-fd=-1 --output-vdex-fd=11 --compiler-filter=quicken --debuggable --classpath-dir=/data/app/org.mozilla.fenix.performancetest-fzUSZNntcHNTrCCyAhQtOA== --class-loader-context=PCL[]
12-08 21:59:52.332  3899  3899 W dex2oat : Could not reserve sentinel fault page
12-08 21:59:54.121  3715  3799 I Finsky  : [80006] hge.a(25): No selector loaded
12-08 21:59:54.148  3715  3799 I Finsky  : [80006] ipq.d(92): System was updated or GL extensions were already cached.
12-08 21:59:54.178  3715  3782 I Finsky  : [80000] eey.run(3): Initializing the instant apps module.
12-08 21:59:54.233  3715  3864 I Finsky  : [80042] rfx.b(1): Triggered update for experiment package com.google.android.finsky.stable.
12-08 21:59:54.354  3715  3811 I Finsky  : [80010] zsg.f(2): Restoring notifications
12-08 21:59:54.402  3715  3811 I Finsky  : [80010] zsg.f(5): Done restoring notifications
12-08 21:59:54.430  3715  3720 I zygote  : Do full code cache collection, code=108KB, data=83KB
12-08 21:59:54.438  3715  3720 I zygote  : After code cache collection, code=66KB, data=40KB
12-08 21:59:54.510  3715  3799 I Finsky  : [80006] eev.run(8): Component class com.google.android.finsky.wear.WearSupportService disabled via PackageManager.
12-08 21:59:54.510  3715  3782 I Finsky  : [80000] abao.a(10): Do not start WearSupportService due to Wear service optimization
12-08 21:59:54.511  3715  3799 I Finsky  : [80006] eev.run(8): Component class com.google.android.finsky.wear.WearChangeListenerService disabled via PackageManager.
12-08 21:59:54.514  3715  3864 I Finsky  : [80042] rfx.b(8): Already at the latest configurations for experiment package com.google.android.finsky.stable.
12-08 21:59:54.515  3715  3877 I Finsky  : [80046] rfx.b(1): Triggered update for experiment package com.google.android.finsky.regular.
12-08 21:59:54.735  3715  3877 I Finsky  : [80046] rfx.b(8): Already at the latest configurations for experiment package com.google.android.finsky.regular.
12-08 21:59:54.951  3715  3720 I zygote  : Do partial code cache collection, code=93KB, data=77KB
12-08 21:59:54.953  3715  3720 I zygote  : After code cache collection, code=93KB, data=77KB
12-08 21:59:54.953  3715  3720 I zygote  : Increasing code cache capacity to 512KB
12-08 21:59:54.954  3715  3720 I zygote  : Compiler allocated 6MB to compile java.lang.Object ajnq.call()
12-08 21:59:55.031  3899  3899 I dex2oat : Explicit concurrent copying GC freed 48785(7MB) AllocSpace objects, 0(0B) LOS objects, 90% free, 159KB/1695KB, paused 74us total 9.490ms
12-08 21:59:55.090  3899  3922 W dex2oat : Method processed more than once: void org.mozilla.geckoview.GeckoView.<init>(android.content.Context)
12-08 21:59:55.090  3899  3922 W dex2oat : Method processed more than once: void org.mozilla.geckoview.GeckoView.<init>(android.content.Context, android.util.AttributeSet)
12-08 21:59:55.090  3899  3922 W dex2oat : Method processed more than once: org.mozilla.gecko.SurfaceViewWrapper org.mozilla.geckoview.GeckoView.access$100(org.mozilla.geckoview.GeckoView)
12-08 21:59:55.090  3899  3922 W dex2oat : Method processed more than once: boolean org.mozilla.geckoview.GeckoView.access$302(org.mozilla.geckoview.GeckoView, boolean)
12-08 21:59:55.092  3899  3922 W dex2oat : Method processed more than once: void org.mozilla.geckoview.GeckoView.init()
12-08 21:59:55.092  3899  3922 W dex2oat : Method processed more than once: void org.mozilla.geckoview.GeckoView.restoreSession(org.mozilla.geckoview.GeckoSession)
12-08 21:59:55.093  3899  3922 W dex2oat : Method processed more than once: void org.mozilla.geckoview.GeckoView.autofill(android.util.SparseArray)
12-08 21:59:55.093  3899  3922 W dex2oat : Method processed more than once: org.mozilla.geckoview.GeckoResult org.mozilla.geckoview.GeckoView.capturePixels()
12-08 21:59:55.093  3899  3922 W dex2oat : Method processed more than once: void org.mozilla.geckoview.GeckoView.coverUntilFirstPaint(int)
12-08 21:59:55.093  3899  3922 W dex2oat : Method processed more than once: void org.mozilla.geckoview.GeckoView.dispatchDraw(android.graphics.Canvas)
12-08 21:59:55.094  3899  3922 W dex2oat : Method processed more than once: boolean org.mozilla.geckoview.GeckoView.gatherTransparentRegion(android.graphics.Region)
12-08 21:59:55.094  3899  3922 W dex2oat : Method processed more than once: boolean org.mozilla.geckoview.GeckoView.getAutofillEnabled()
12-08 21:59:55.094  3899  3922 W dex2oat : Method processed more than once: org.mozilla.geckoview.DynamicToolbarAnimator org.mozilla.geckoview.GeckoView.getDynamicToolbarAnimator()
12-08 21:59:55.094  3899  3922 W dex2oat : Method processed more than once: org.mozilla.gecko.EventDispatcher org.mozilla.geckoview.GeckoView.getEventDispatcher()
12-08 21:59:55.094  3899  3922 W dex2oat : Method processed more than once: android.os.Handler org.mozilla.geckoview.GeckoView.getHandler()
12-08 21:59:55.094  3899  3922 W dex2oat : Method processed more than once: org.mozilla.geckoview.PanZoomController org.mozilla.geckoview.GeckoView.getPanZoomController()
12-08 21:59:55.094  3899  3922 W dex2oat : Method processed more than once: org.mozilla.geckoview.GeckoSession org.mozilla.geckoview.GeckoView.getSession()
12-08 21:59:55.095  3899  3922 W dex2oat : Method processed more than once: void org.mozilla.geckoview.GeckoView.onAttachedToWindow()
12-08 21:59:55.095  3899  3922 W dex2oat : Method processed more than once: void org.mozilla.geckoview.GeckoView.onConfigurationChanged(android.content.res.Configuration)
12-08 21:59:55.095  3899  3922 W dex2oat : Method processed more than once: android.view.inputmethod.InputConnection org.mozilla.geckoview.GeckoView.onCreateInputConnection(android.view.inputmethod.EditorInfo)
12-08 21:59:55.096  3899  3922 W dex2oat : Method processed more than once: void org.mozilla.geckoview.GeckoView.onDetachedFromWindow()
12-08 21:59:55.096  3899  3922 W dex2oat : Method processed more than once: void org.mozilla.geckoview.GeckoView.onFocusChanged(boolean, int, android.graphics.Rect)
12-08 21:59:55.097  3899  3922 W dex2oat : Method processed more than once: boolean org.mozilla.geckoview.GeckoView.onGenericMotionEvent(android.view.MotionEvent)
12-08 21:59:55.097  3899  3922 W dex2oat : Method processed more than once: int org.mozilla.geckoview.GeckoView.onGenericMotionEventForResult(android.view.MotionEvent)
12-08 21:59:55.097  3899  3922 W dex2oat : Method processed more than once: boolean org.mozilla.geckoview.GeckoView.onKeyDown(int, android.view.KeyEvent)
12-08 21:59:55.098  3899  3922 W dex2oat : Method processed more than once: boolean org.mozilla.geckoview.GeckoView.onKeyLongPress(int, android.view.KeyEvent)
12-08 21:59:55.098  3899  3922 W dex2oat : Method processed more than once: boolean org.mozilla.geckoview.GeckoView.onKeyMultiple(int, int, android.view.KeyEvent)
12-08 21:59:55.098  3899  3922 W dex2oat : Method processed more than once: boolean org.mozilla.geckoview.GeckoView.onKeyPreIme(int, android.view.KeyEvent)
12-08 21:59:55.099  3899  3922 W dex2oat : Method processed more than once: boolean org.mozilla.geckoview.GeckoView.onKeyUp(int, android.view.KeyEvent)
12-08 21:59:55.100  3899  3922 W dex2oat : Method processed more than once: void org.mozilla.geckoview.GeckoView.onProvideAutofillVirtualStructure(android.view.ViewStructure, int)
12-08 21:59:55.100  3899  3922 W dex2oat : Method processed more than once: void org.mozilla.geckoview.GeckoView.onRestoreInstanceState(android.os.Parcelable)
12-08 21:59:55.101  3899  3922 W dex2oat : Method processed more than once: android.os.Parcelable org.mozilla.geckoview.GeckoView.onSaveInstanceState()
12-08 21:59:55.101  3899  3922 W dex2oat : Method processed more than once: boolean org.mozilla.geckoview.GeckoView.onTouchEvent(android.view.MotionEvent)
12-08 21:59:55.101  3899  3922 W dex2oat : Method processed more than once: int org.mozilla.geckoview.GeckoView.onTouchEventForResult(android.view.MotionEvent)
12-08 21:59:55.103  3899  3922 W dex2oat : Method processed more than once: void org.mozilla.geckoview.GeckoView.onWindowFocusChanged(boolean)
12-08 21:59:55.103  3899  3922 W dex2oat : Method processed more than once: void org.mozilla.geckoview.GeckoView.onWindowVisibilityChanged(int)
12-08 21:59:55.104  3899  3922 W dex2oat : Method processed more than once: org.mozilla.geckoview.GeckoSession org.mozilla.geckoview.GeckoView.releaseSession()
12-08 21:59:55.104  3899  3922 W dex2oat : Method processed more than once: void org.mozilla.geckoview.GeckoView.setActive(boolean)
12-08 21:59:55.104  3899  3922 W dex2oat : Method processed more than once: void org.mozilla.geckoview.GeckoView.setAutofillEnabled(boolean)
12-08 21:59:55.104  3899  3922 W dex2oat : Method processed more than once: void org.mozilla.geckoview.GeckoView.setDynamicToolbarMaxHeight(int)
12-08 21:59:55.106  3899  3922 W dex2oat : Method processed more than once: void org.mozilla.geckoview.GeckoView.setSession(org.mozilla.geckoview.GeckoSession)
12-08 21:59:55.106  3899  3922 W dex2oat : Method processed more than once: void org.mozilla.geckoview.GeckoView.setVerticalClipping(int)
12-08 21:59:55.107  3899  3922 W dex2oat : Method processed more than once: void org.mozilla.geckoview.GeckoView.setViewBackend(int)
12-08 21:59:55.107  3899  3922 W dex2oat : Method processed more than once: boolean org.mozilla.geckoview.GeckoView.shouldPinOnScreen()
12-08 21:59:55.145  3715  3715 I Finsky  : [2] uku.run(5): Detected restoreservicev2://recovery not needed, will not run
12-08 21:59:55.171  3899  3899 I dex2oat : Explicit concurrent copying GC freed 3670(502KB) AllocSpace objects, 0(0B) LOS objects, 90% free, 169KB/1705KB, paused 55us total 7.175ms
12-08 21:59:55.428  3899  3899 I dex2oat : dex2oat took 3.107s (10.258s cpu) (threads: 8) arena alloc=2MB (2278080B) java alloc=169KB (173944B) native alloc=3MB (3698432B) free=7MB (7835904B)
12-08 21:59:55.461  1016  1199 E         : Couldn't opendir /data/app/vmdl1458906142.tmp: No such file or directory
12-08 21:59:55.461  1016  1199 E installd: Failed to delete /data/app/vmdl1458906142.tmp: No such file or directory
12-08 21:59:55.478  2398  2398 D ImsResolver: maybeAddedImsService, packageName: org.mozilla.fenix.performancetest
12-08 21:59:55.481  2360  2360 D MayaFrameworkProxyService: receive intent :Intent { act=android.intent.action.PACKAGE_ADDED dat=package:org.mozilla.fenix.performancetest flg=0x4000010 (has extras) }
12-08 21:59:55.499  1456  2921 W BroadcastQueue: Background execution not allowed: receiving Intent { act=android.intent.action.PACKAGE_ADDED dat=package:org.mozilla.fenix.performancetest flg=0x4000010 (has extras) } to com.android.vending/com.google.android.finsky.packagemanager.impl.PackageMonitorReceiverImpl$RegisteredReceiver
12-08 21:59:55.501  1456  1601 W BroadcastQueue: Background execution not allowed: receiving Intent { act=android.intent.action.PACKAGE_ADDED dat=package:org.mozilla.fenix.performancetest flg=0x4000010 (has extras) } to com.google.android.gms/.games.chimera.GamesSystemBroadcastReceiverProxy
12-08 21:59:55.512  1456  1601 W BroadcastQueue: Background execution not allowed: receiving Intent { act=android.intent.action.PACKAGE_ADDED dat=package:org.mozilla.fenix.performancetest flg=0x4000010 (has extras) } to com.google.android.gms/.gass.chimera.PackageChangeBroadcastReceiver
12-08 21:59:55.512  1456  1601 W BroadcastQueue: Background execution not allowed: receiving Intent { act=android.intent.action.PACKAGE_ADDED dat=package:org.mozilla.fenix.performancetest flg=0x4000010 (has extras) } to com.google.android.gms/.chimera.GmsIntentOperationService$PersistentTrustedReceiver
12-08 21:59:55.512  1456  1601 W BroadcastQueue: Background execution not allowed: receiving Intent { act=android.intent.action.PACKAGE_ADDED dat=package:org.mozilla.fenix.performancetest flg=0x4000010 (has extras) } to com.google.android.googlequicksearchbox/com.google.android.apps.gsa.googlequicksearchbox.GelStubAppWatcher
12-08 21:59:55.512  1456  1942 I InputReader: Reconfiguring input devices.  changes=0x00000010
12-08 21:59:55.513  1456  1601 W BroadcastQueue: Background execution not allowed: receiving Intent { act=android.intent.action.PACKAGE_ADDED dat=package:org.mozilla.fenix.performancetest flg=0x4000010 (has extras) } to com.google.android.ims/.receivers.RcsAutoStartReceiver
12-08 21:59:55.518  3715  3715 I Finsky  : [2] qtl.a(7): PackageMonitor received: android.intent.action.PACKAGE_ADDED
12-08 21:59:55.520  3715  3715 I Finsky  : [2] quo.d(11): Invalidating cached PackageState for org.mozilla.fenix.performancetest
12-08 21:59:55.521  1456  1456 W ResourceType: ResTable_typeSpec entry count inconsistent: given 610, previously 613
12-08 21:59:55.521  1456  1456 W ResourceType: ResTable_typeSpec entry count inconsistent: given 391, previously 1408
12-08 21:59:55.521  1456  1456 W ResourceType: ResTable_typeSpec entry count inconsistent: given 216, previously 1214
12-08 21:59:55.524  3715  3715 I Finsky  : [2] abao.a(10): Do not start WearSupportService due to Wear service optimization
12-08 21:59:55.533  2398  2398 D CarrierSvcBindHelper: No carrier app for: 0
12-08 21:59:55.534  2398  2398 D CarrierSvcBindHelper: No carrier app for: 1
12-08 21:59:55.545  2398  2398 E VvmPkgInstalledRcvr: cannot create TelephonyManager from ComponentInfo{com.android.phone/com.android.services.telephony.TelephonyConnectionService}, [****], UserHandle{0}
12-08 21:59:55.545  2398  2398 D CarrierConfigLoader: mHandler: 9 phoneId: 0
12-08 21:59:55.547  3715  3715 I Finsky  : [2] abao.a(10): Do not start WearSupportService due to Wear service optimization
12-08 21:59:55.552  1456  1600 W ResourceType: No known package when getting value for resource number 0x7f080196
12-08 21:59:55.552  1456  1600 W ResourceType: No known package when getting value for resource number 0x7f1200f7
12-08 21:59:55.552  1456  1600 W ResourceType: No known package when getting value for resource number 0x7f1200f7
12-08 21:59:55.552  1456  1600 W ResourceType: No known package when getting value for resource number 0x7f080194
12-08 21:59:55.552  1456  1600 W ResourceType: No known package when getting value for resource number 0x7f1200f5
12-08 21:59:55.553  1456  1600 W ResourceType: No known package when getting value for resource number 0x7f1200f5
12-08 21:59:55.556  3715  3850 I Finsky  : [80034] nia.run(2): Cleaning dev-triggered-update data on package install for org.mozilla.fenix.performancetest.
12-08 21:59:55.556  3715  3715 I Finsky  : [2] vbc.a(1): Clearing split related stale data.
12-08 21:59:55.560  3715  3938 I Finsky  : [80064] akkf.a(2): registerListener
12-08 21:59:55.561  3715  3855 I Finsky  : [80039] nic.run(2): Finished dev-triggered-update cleaning.
12-08 21:59:55.565  3715  3715 I Finsky  : [2] qka.c(2): Frosting ID looked up on UI thread. Caller should move to a background thread.
12-08 21:59:55.566  1456  1601 I ActivityManager: Start proc 3933:com.motorola.invisiblenet/u0a44 for broadcast com.motorola.invisiblenet/.PackageAddedReceiver
12-08 21:59:55.577  1456  1456 W ResourceType: Found multiple library tables, ignoring...
12-08 21:59:55.580  3715  3854 I Finsky  : [80038] qjw.run(16): Wrote row to frosting DB: 1356
12-08 21:59:55.580  3715  3938 I Finsky  : [80064] jtg.a(2): getDownloads(-)
12-08 21:59:55.603  1456  1600 W ResourceType: ResTable_typeSpec entry count inconsistent: given 29, previously 35
12-08 21:59:55.603  1456  2921 I ActivityManager: START u0 {act=android.intent.action.VIEW dat=about:blank typ=text/html flg=0x10000000 cmp=org.mozilla.fenix.performancetest/org.mozilla.fenix.IntentReceiverActivity} from uid 2000
12-08 21:59:55.604   794   839 E ANDR-PERF-RESOURCEQS: Failed to apply optimization [4, 0]
12-08 21:59:55.604  1456  1600 W ResourceType: ResTable_typeSpec entry count inconsistent: given 2214, previously 2211
12-08 21:59:55.604  1456  1600 W ResourceType: ResTable_typeSpec entry count inconsistent: given 272, previously 1522
12-08 21:59:55.606  3715  3951 I zygote  : Deoptimizing java.lang.String abmm.a(java.lang.String, java.lang.Object[]) due to JIT inline cache
12-08 21:59:55.607  3715  3951 I Finsky  : [80066] akko.a(7): Initiate binding to the service.
12-08 21:59:55.607  3715  3938 I Finsky  : [80064] eom.run(7): Initialized AssetModuleDownloader.
12-08 21:59:55.611  3933  3933 I zygote  : The ClassLoaderContext is a special shared library.
12-08 21:59:55.621  1456  1600 W SearchableInfo: Invalid searchable metadata for com.google.android.gms/.nearby.sharing.ContactSelectActivity: Search label must be a resource reference.
12-08 21:59:55.622  3697  3931 I ProvidersCache: Provider returned no roots. Possibly naughty: com.google.android.apps.docs.storage
12-08 21:59:55.630  1456  1456 I TelecomService: DefaultDialerCache: Refreshing default dialer for user 0: now com.android.dialer: DDC.oR@RHo
12-08 21:59:55.653  1456  2920 I ActivityManager: Start proc 3957:com.android.vending:download_service/u0a62 for service com.android.vending/com.google.android.finsky.downloadservice.DownloadService
12-08 21:59:55.676  1456  2236 I ActivityManager: Start proc 3970:org.mozilla.fenix.performancetest/u0a513 for activity org.mozilla.fenix.performancetest/org.mozilla.fenix.IntentReceiverActivity
12-08 21:59:55.682  3970  3970 I chatty  : uid=10513(org.mozilla.fenix.performancetest) expire 67 lines
12-08 21:59:55.704 23624  3979 W GCM     : Unexpected forwarded intent: Intent { act=android.intent.action.PACKAGE_ADDED dat=package:org.mozilla.fenix.performancetest flg=0x4000010 cmp=com.google.android.gms/.chimera.PersistentIntentOperationService (has extras) }
12-08 21:59:55.710 23624  3982 W GCM     : Unexpected forwarded intent: Intent { act=android.intent.action.PACKAGE_ADDED dat=package:org.mozilla.fenix.performancetest flg=0x4000010 cmp=com.google.android.gms/.chimera.PersistentIntentOperationService (has extras) }
12-08 21:59:55.710 23653  3984 I Auth    : [SupervisedAccountIntentOperation] onHandleIntent(): android.intent.action.PACKAGE_ADDED
12-08 21:59:55.716 23653  3983 I ChromeSync: [Sync,SyncIntentOperation] Handling the intent: Intent { act=android.intent.action.PACKAGE_ADDED dat=package:org.mozilla.fenix.performancetest flg=0x4000010 cmp=com.google.android.gms/.chimera.GmsIntentOperationService (has extras) }.
12-08 21:59:55.812  1456  1466 I zygote  : Background concurrent copying GC freed 63352(2MB) AllocSpace objects, 22(1064KB) LOS objects, 42% free, 27MB/48MB, paused 326us total 351.604ms
12-08 21:59:55.832  3957  3957 I Finsky:download_service: [2] efs.aH(9): Process created at version: 17.8.14-all [0] [PR] 283242051
12-08 21:59:55.843 23653 23798 I Icing   : IndexChimeraService.getServiceInterface callingPackage=com.google.android.gms componentName=AppsCorpus serviceId=36
12-08 21:59:55.865 23653  3687 W Icing   : No valid account for uploading user actions
12-08 21:59:55.885 23653 23786 I Icing   : IndexChimeraService.getServiceInterface callingPackage=com.google.android.gms componentName=null serviceId=30
