05-18 19:02:20.116  1456  1941 I ActivityManager: START u0 {act=android.intent.action.MAIN cat=[android.intent.category.HOME] flg=0x10200000 cmp=com.android.launcher3/.CustomizationPanelLauncher (has extras)} from uid 1000
05-18 19:02:20.117   794   839 E ANDR-PERF-RESOURCEQS: Failed to apply optimization [4, 0]
05-18 19:02:20.123 14040 14040 D AndroidRuntime: Shutting down VM
05-18 19:02:20.133  1456  4797 I ActivityManager: moveHomeStack, setupComplete:true
05-18 19:02:20.142 23133 23171 I Adreno  : QUALCOMM build                   : bb5b86c, I77d3059488
05-18 19:02:20.142 23133 23171 I Adreno  : Build Date                       : 06/07/18
05-18 19:02:20.142 23133 23171 I Adreno  : OpenGL ES Shader Compiler Version: EV031.22.00.01_06
05-18 19:02:20.142 23133 23171 I Adreno  : Local Branch                     : 
05-18 19:02:20.142 23133 23171 I Adreno  : Remote Branch                    : refs/tags/AU_LINUX_ANDROID_LA.UM.6.5.R1.08.01.00.312.086
05-18 19:02:20.142 23133 23171 I Adreno  : Remote Branch                    : NONE
05-18 19:02:20.142 23133 23171 I Adreno  : Reconstruct Branch               : NOTHING
05-18 19:02:20.145 23133 23171 D vndksupport: Loading /vendor/lib/hw/gralloc.msm8937.so from current namespace instead of sphal namespace.
05-18 19:02:20.151 23133 23171 I Adreno  : PFP: 0x005ff087, ME: 0x005ff063
05-18 19:02:20.155 23133 23171 I zygote  : android::hardware::configstore::V1_0::ISurfaceFlingerConfigs::hasWideColorDisplay retrieved: 0
05-18 19:02:20.156  2748  2748 D Launcher.Utilities: Wakeup weather: Intent { act=com.motorola.launcher3.action.WAKEUP_WEATHER cmp=com.motorola.timeweatherwidget/com.motorola.commandcenter.weather.WakeUpService }
05-18 19:02:20.156 23133 23171 I OpenGLRenderer: Initialized EGL, version 1.4
05-18 19:02:20.157 23133 23171 D OpenGLRenderer: Swap behavior 2
05-18 19:02:20.169  1456  1456 I NotificationService: Cannot find enqueued record for key: 0|com.motorola.timeweatherwidget|1|null|10116
05-18 19:02:20.176   808   808 D SurfaceFlinger: duplicate layer name: changing com.android.launcher3/com.android.launcher3.CustomizationPanelLauncher to com.android.launcher3/com.android.launcher3.CustomizationPanelLauncher#1
05-18 19:02:20.190 23133 23166 W ThreadPoolDumper: Queue length for executor EventBus is now 11. Perhaps some tasks are too long, or the pool is too small.
05-18 19:02:20.194  1456  4797 I WifiService: getWifiEnabledState uid=10073
05-18 19:02:20.201  1456  7556 I WifiService: getWifiEnabledState uid=10073
05-18 19:02:20.275  1456  1673 I LaunchCheckinHandler: Displayed com.android.launcher3/.CustomizationPanelLauncher,wp,wa,158
05-18 19:02:20.275 23133 23175 I MicroDetectionState: Should stop hotword detection immediately - false
05-18 19:02:20.276 23133 23133 I BgTaskExecutorImpl: Starting EXCLUSIVE background task TNG_MINUS_ONE_SYNC.
05-18 19:02:20.277 13815 13880 D ServiceAllocator: org.mozilla.gecko.process.GeckoChildProcessServices$tab0 updateBindings: IDLE priority, 6 importance, 0 successful binds, 0 failed binds, 2 successful unbinds, 0 failed unbinds
05-18 19:02:20.280 23133 23175 I MicroDetectionWorker: #startMicroDetector [speakerMode: 0]
05-18 19:02:20.290 23133 23163 I MicroDataManager: isInitializing-false locale not changed-true model not changed-true
05-18 19:02:20.291 23133 23175 I TngMinusOneSync: Syncing TNG:-1
05-18 19:02:20.292   788   788 V msm8974_platform: platform_check_input_mask: enter check_input_mask source 6 mask 10
05-18 19:02:20.294  1012 14054 I AudioFlinger: AudioFlinger's thread 0xb2483640 tid=14054 ready to run
05-18 19:02:20.295 23133 23163 I MicroDataManager: Already initialized, obtaining the hotword data immediately.
05-18 19:02:20.309 23133 22396 I MicroRecognitionRunner: Starting detection.
05-18 19:02:20.309 23133 22396 I InputStreamUtils: Using micInputStream
05-18 19:02:20.310   788   788 D audio_hw_primary: in_set_parameters: enter: kvpairs=input_source=6;routing=-2147483644
05-18 19:02:20.311  1012  4918 D APM_AudioPolicyManager: AudioPolicyManager::startInput() input 350686, session 350801, source = 1999
05-18 19:02:20.313 23133 23175 I MicroDetectionWorker: onReady
05-18 19:02:20.314 23133 23175 I HotwordLSAdapter: getAudioSourceOpeningStatus completed: 1
05-18 19:02:20.315   788 14055 V msm8974_platform: platform_update_usecase_from_source: input source :6
05-18 19:02:20.315   788 14055 V msm8974_platform: platform_check_input_mask: enter check_input_mask source 6 mask 10
05-18 19:02:20.315   788 14055 V msm8974_platform: platform_get_input_snd_device: enter: out_device(0) in_device(0x4) channel_count (1) channel_mask (0x10)
05-18 19:02:20.315   788 14055 V msm8974_platform: platform_get_input_snd_device: exit: in_snd_device(voice-rec-mic)
05-18 19:02:20.315   788 14055 V msm8974_platform: platform_get_backend_index:napb: backend port - 5 device - 120 
05-18 19:02:20.315   788 14055 V msm8974_platform: platform_check_and_set_capture_backend_cfg:txbecf: afe: bitwidth 0, samplerate 0, channel 1, backend_idx 5 usecase = 9 device (voice-rec-mic)
05-18 19:02:20.315   788 14055 V msm8974_platform: platform_check_capture_backend_cfg:txbecf: afe: Codec selected backend: 5 current bit width: 0 and sample rate: 0, channels 1
05-18 19:02:20.315   788 14055 V msm8974_platform: platform_check_capture_backend_cfg:txbecf: afe: Codec selected backend: 5 updated bit width: 0 and sample rate: 0
05-18 19:02:20.315   788 14055 I msm8974_platform: platform_check_capture_backend_cfg:txbecf: afe: Codec backend needs to be updated. new bit width: 0 new sample rate: 0 new channel: 1
05-18 19:02:20.315   788 14055 V msm8974_platform: platform_get_backend_index:napb: backend port - 5 device - 120 
05-18 19:02:20.315   788 14055 V msm8974_platform: platform_set_backend_cfg:becf: afe: bitwidth 0, samplerate 0 channels 1, backend_idx 5 device (voice-rec-mic)
05-18 19:02:20.318   788 14055 E msm8974_platform: platform_set_backend_cfg:becf: afe: Could not get ctl for mixer command - SLIM_0_TX Format
05-18 19:02:20.318   788 14055 V msm8974_platform: platform_send_audio_calibration: sending audio calibration for snd_device(120) acdb_id(62)
05-18 19:02:20.318   788 14055 D ACDB-LOADER: ACDB -> send_audio_cal, acdb_id = 62, path = 1, app id = 0x11130, sample rate = 48000
05-18 19:02:20.318   788 14055 D ACDB-LOADER: ACDB -> send_asm_topology
05-18 19:02:20.318   788 14055 D ACDB-LOADER: ACDB -> ACDB_CMD_GET_AUDPROC_STREAM_TOPOLOGY_ID
05-18 19:02:20.318   788 14055 D ACDB-LOADER: ACDB -> send_adm_topology
05-18 19:02:20.318   788 14055 D ACDB-LOADER: ACDB -> ACDB_CMD_GET_AUDPROC_COMMON_TOPOLOGY_ID
05-18 19:02:20.318   788 14055 D ACDB-LOADER: ACDB -> send_audtable
05-18 19:02:20.318   788 14055 D ACDB-LOADER: ACDB -> ACDB_CMD_GET_AUDPROC_COMMON_TABLE_SIZE
05-18 19:02:20.318   788 14055 D ACDB-LOADER: ACDB -> ACDB_CMD_GET_AUDPROC_COMMON_TABLE
05-18 19:02:20.318   788 14055 D ACDB-LOADER: ACDB -> AUDIO_SET_AUDPROC_CAL
05-18 19:02:20.318   788 14055 D ACDB-LOADER: ACDB -> send_audvoltable
05-18 19:02:20.318   788 14055 D ACDB-LOADER: ACDB -> ACDB_CMD_GET_AUDPROC_VOL_STEP_TABLE_SIZE
05-18 19:02:20.319   788 14055 D ACDB-LOADER: ACDB -> ACDB_CMD_GET_AUDPROC_GAIN_DEP_STEP_TABLE, vol index 0
05-18 19:02:20.319   788 14055 D         : Failed to fetch the lookup information of the device 0000003E 
05-18 19:02:20.319   788 14055 D ACDB-LOADER: ACDB -> AUDIO_SET_VOL_CAL cal type = 12
05-18 19:02:20.319   788 14055 D ACDB-LOADER: ACDB -> ACDB_CMD_GET_AUDPROC_STREAM_TABLE_SIZE
05-18 19:02:20.319   788 14055 D ACDB-LOADER: ACDB -> send_audstrmtable
05-18 19:02:20.319   788 14055 D ACDB-LOADER: ACDB -> ACDB_CMD_GET_AUDPROC_STREAM_TABLE_V2
05-18 19:02:20.319   788 14055 D ACDB-LOADER: ACDB -> audstrm_cal->cal_type.cal_data.cal_size = 456
05-18 19:02:20.319   788 14055 D ACDB-LOADER: ACDB -> send_afe_topology
05-18 19:02:20.319   788 14055 D ACDB-LOADER: ACDB -> ACDB_CMD_GET_AFE_TOPOLOGY_ID
05-18 19:02:20.319   788 14055 D ACDB-LOADER: ACDB -> GET_AFE_TOPOLOGY_ID for adcd_id 62, Topology Id 112fb
05-18 19:02:20.319   788 14055 D ACDB-LOADER: ACDB -> send_afe_cal
05-18 19:02:20.319   788 14055 D ACDB-LOADER: ACDB -> ACDB_CMD_GET_AFE_COMMON_TABLE_SIZE
05-18 19:02:20.319   788 14055 D         : Failed to fetch the lookup information of the device 0000003E 
05-18 19:02:20.320   788 14055 E ACDB-LOADER: Error: ACDB_CMD_GET_AFE_COMMON_TABLE_SIZE Returned = -19
05-18 19:02:20.320   788 14055 D ACDB-LOADER: ACDB -> ACDB_CMD_GET_AFE_COMMON_TABLE
05-18 19:02:20.320   788 14055 D         : Failed to fetch the lookup information of the device 0000003E 
05-18 19:02:20.320   788 14055 D ACDB-LOADER: ACDB -> AUDIO_SET_AFE_CAL
05-18 19:02:20.320   788 14055 D ACDB-LOADER: ACDB -> send_hw_delay : acdb_id = 62 path = 1
05-18 19:02:20.320   788 14055 D ACDB-LOADER: ACDB -> ACDB_AVSYNC_INFO: ACDB_CMD_GET_DEVICE_PROPERTY
05-18 19:02:20.320   788 14055 D audio_hw_primary: enable_snd_device: snd_device(120: voice-rec-mic)
05-18 19:02:20.320   788 14055 D audio_route: Apply path: voice-rec-mic
05-18 19:02:20.323   788 14055 V msm8974_platform: platform_get_snd_device_backend_index: enter with device 120
05-18 19:02:20.323   788 14055 E msm8974_platform: platform_get_snd_device_backend_index: BE DAI Name Table is not present
05-18 19:02:20.323   788 14055 V msm8974_platform: platform_get_backend_index:napb: backend port - 5 device - 120 
05-18 19:02:20.323   788 14055 I audio_hw_utils: Set Audio Stream Capture 0 App Type Cfg: app_type 69936, acdb_dev_id 62, sample_rate 48000, snd_device_be_idx -14
05-18 19:02:20.324   788 14055 D audio_hw_primary: enable_audio_route: usecase(9) apply and update mixer path: audio-record
05-18 19:02:20.324   788 14055 D audio_route: Apply path: audio-record
05-18 19:02:20.350 13815 13815 D GeckoSession: handleMessage GeckoView:StateUpdated uri=null
05-18 19:02:20.467  2146  2165 I zygote  : NativeAlloc concurrent copying GC freed 21771(1100KB) AllocSpace objects, 0(0B) LOS objects, 49% free, 10MB/21MB, paused 128us total 160.791ms
05-18 19:02:20.516 13815 13840 I libglean_ffi: glean_core::ping: Collecting startup-timeline
05-18 19:02:20.520 13815 13840 D libglean_ffi: glean_core::ping: Storing ping '1b0fee8c-0051-477b-90fd-b5382b77f851' at '/data/user/0/org.mozilla.fennec_aurora/glean_data/pending_pings/1b0fee8c-0051-477b-90fd-b5382b77f851'
05-18 19:02:20.520 13815 13840 I libglean_ffi: glean_core: The ping 'startup-timeline' was submitted and will be sent as soon as possible
05-18 19:02:20.538 13815 13815 I zygote  : Deoptimizing kotlinx.coroutines.internal.LockFreeLinkedListNode kotlinx.coroutines.internal.LockFreeLinkedListNode.correctPrev(kotlinx.coroutines.internal.OpDescriptor) due to JIT inline cache
05-18 19:02:20.539 13815 13815 D SessionManager: onTrimMemory(80): clearThumbnails=true, closeEngineSessions=true
05-18 19:02:20.542 13815 13815 D SessionManager: Cleared 3 thumbnail(s) and unlinked 0 engine sessions(s)
05-18 19:02:20.554  1456  2918 D ConnectivityService: requestNetwork for uid/pid:11334/13815 NetworkRequest [ TRACK_DEFAULT id=49640, [ Capabilities: INTERNET&NOT_RESTRICTED&TRUSTED&NOT_VPN] ]
05-18 19:02:20.555  1456  2099 D Ethernet: got request NetworkRequest [ TRACK_DEFAULT id=49640, [ Capabilities: INTERNET&NOT_RESTRICTED&TRUSTED&NOT_VPN] ] with score 60
05-18 19:02:20.555  1456  2054 D WIFI_UT : got request NetworkRequest [ TRACK_DEFAULT id=49640, [ Capabilities: INTERNET&NOT_RESTRICTED&TRUSTED&NOT_VPN] ] with score 60
05-18 19:02:20.556  1456  2054 D WIFI    : got request NetworkRequest [ TRACK_DEFAULT id=49640, [ Capabilities: INTERNET&NOT_RESTRICTED&TRUSTED&NOT_VPN] ] with score 60
05-18 19:02:20.556  2398  2398 D PhoneSwitcherNetworkRequstListener: got request NetworkRequest [ TRACK_DEFAULT id=49640, [ Capabilities: INTERNET&NOT_RESTRICTED&TRUSTED&NOT_VPN] ] with score 60
05-18 19:02:20.556 13815 13815 I glean/Glean: Registering pings for org.mozilla.fenix.GleanMetrics.Pings
05-18 19:02:20.602 13815 13815 D App     : ActivationPing - already generated
05-18 19:02:20.604 13815 13841 I FenixApplication: Running post-visual completeness tasks...
05-18 19:02:20.604 13815 13841 I FenixApplication: Storage initialization...
05-18 19:02:20.604 13815 13841 I PlacesHistoryStorage: Warming up places storage...
05-18 19:02:20.604 13815 13841 I PlacesHistoryStorage: 'Warming up places storage' took 0 ms
05-18 19:02:20.604 13815 13841 I PlacesBookmarksStorage: Warming up places storage...
05-18 19:02:20.604 13815 13841 I PlacesBookmarksStorage: 'Warming up places storage' took 0 ms
05-18 19:02:20.611 13815 13815 I FenixApplication: Kicking-off account manager...
05-18 19:02:20.611 13815 14059 D glean/PingUploadWorker: Processing persisted pings at /data/user/0/org.mozilla.fennec_aurora/glean_data/pending_pings
05-18 19:02:20.611 13815 13815 I FenixApplication: 'Kicking-off account manager' took 0 ms
05-18 19:02:20.611 13815 14059 D glean/PingUploadWorker: Processing ping: 1b0fee8c-0051-477b-90fd-b5382b77f851
05-18 19:02:20.613 13815 14059 D glean/ConceptFetchHttpUploader: Submitting ping to: https://incoming.telemetry.mozilla.org/submit/org-mozilla-fennec-aurora/startup-timeline/1/1b0fee8c-0051-477b-90fd-b5382b77f851
05-18 19:02:20.632 13815 13841 I SyncableLoginsStorage: Warming up storage...
05-18 19:02:20.640 13815 13841 D RustNativeSupport: findMegazordLibraryName(logins, 0.58.2
05-18 19:02:20.640 13815 13841 D RustNativeSupport: lib in use: none
05-18 19:02:20.640 13815 13841 D RustNativeSupport: lib configured: megazord
05-18 19:02:20.640 13815 13841 D RustNativeSupport: lib version configured: 0.58.2
05-18 19:02:20.640 13815 13841 D RustNativeSupport: settled on megazord
05-18 19:02:20.642 13815 13841 D logins_ffi: sync15_passwords_state_new
05-18 19:02:20.683  1456  7796 I OpenGLRenderer: Initialized EGL, version 1.4
05-18 19:02:20.683  1456  7796 D OpenGLRenderer: Swap behavior 2
05-18 19:02:20.702   808   808 I SFPerfTracer:      triggers: (rate: 88:2052711) (compose: 0:7) (post: 0:19) (render: 0:17) (12:11285091 frames) (13:14389527)
05-18 19:02:20.702   808   808 D SFPerfTracer:        layers: (4:13) (NavigationBar#0 (0xb07df000): 0:1116424) (StatusBar#0 (0xb07e3000): 0:2650173) (com.android.systemui.ImageWallpaper#0 (0xb07e7000): 0:104368) (Sprite#0 (0xb0733000): 0:317)* (DimLayerController/Stack=0#0 (0xb075a000): 0:3866)* (Sprite#1 (0xb077c000): 0:195)* (com.android.launcher3/com.android.launcher3.CustomizationPanelLauncher#0 (0xb0763000): 0:40)- (com.android.launcher3/com.android.launcher3.CustomizationPanelLauncher#1 (0xb0771000): 0:8)- (Splash Screen org.mozilla.fennec_aurora#0 (0xb039b000): 0:32)- (org.mozilla.fennec_aurora/org.mozilla.fenix.IntentReceiverActivity#0 (0xafd20000): 0:3)- (org.mozilla.fennec_aurora/org.mozilla.fenix.HomeActivity#0 (0xafd7c000): 12:61)* (com.android.launcher3/com.android.launcher3.CustomizationPanelLauncher#0 (0xb0763000): 13:27)* (com.android.launcher3/com.android.launcher3.CustomizationPanelLauncher#1 (0xb0771000): 1:4) 
05-18 19:02:20.731  2748  2917 W OpenGLRenderer: Incorrectly called buildLayer on View: ShortcutAndWidgetContainer, destroying layer...
05-18 19:02:20.795 13815 14059 D glean/ConceptFetchHttpUploader: Ping successfully sent (200)
05-18 19:02:20.796 13815 14059 D glean/PingUploadWorker: 1b0fee8c-0051-477b-90fd-b5382b77f851 was deleted: true
05-18 19:02:20.798 13815 13910 I WM-WorkerWrapper: Worker result SUCCESS for Work [ id=bb5768e1-c55f-4255-9ffd-b6878503be35, tags={ mozilla.telemetry.glean.scheduler.PingUploadWorker, mozac_service_glean_ping_upload_worker } ]
05-18 19:02:20.802  1456  2067 D ConnectivityService: releasing NetworkRequest [ TRACK_DEFAULT id=49640, [ Capabilities: INTERNET&NOT_RESTRICTED&TRUSTED&NOT_VPN] ] (release request)
05-18 19:02:20.822 13815 13815 D GeckoRuntime: Lifecycle: onPause
05-18 19:02:20.822 13815 13815 D GeckoNetworkManager: Incoming event stop for state OnWithListeners -> OffWithListeners
05-18 19:02:20.823 13815 13815 I SessionStorage/AutoSave: Save: Background
05-18 19:02:20.829 13815 13840 I libglean_ffi: glean_core::ping: Collecting baseline
05-18 19:02:20.832 13815 13856 D SessionStorage/AutoSave: Saved state to disk [8ms]
05-18 19:02:20.836 13815 13840 D libglean_ffi: glean_core::ping: Storing ping '4562562e-d206-4ea8-b06b-54271069a3ef' at '/data/user/0/org.mozilla.fennec_aurora/glean_data/pending_pings/4562562e-d206-4ea8-b06b-54271069a3ef'
05-18 19:02:20.837 13815 13840 I libglean_ffi: glean_core: The ping 'baseline' was submitted and will be sent as soon as possible
05-18 19:02:20.839 13815 13840 I libglean_ffi: glean_core::ping: Collecting events
05-18 19:02:20.844 13815 13840 D libglean_ffi: glean_core::ping: Storing ping '8e99e48d-e11f-47a1-a040-00521582f04b' at '/data/user/0/org.mozilla.fennec_aurora/glean_data/pending_pings/8e99e48d-e11f-47a1-a040-00521582f04b'
05-18 19:02:20.844 13815 13840 I libglean_ffi: glean_core: The ping 'events' was submitted and will be sent as soon as possible
05-18 19:02:20.867  1456  4797 D ConnectivityService: requestNetwork for uid/pid:11334/13815 NetworkRequest [ TRACK_DEFAULT id=49641, [ Capabilities: INTERNET&NOT_RESTRICTED&TRUSTED&NOT_VPN] ]
05-18 19:02:20.869  1456  2099 D Ethernet: got request NetworkRequest [ TRACK_DEFAULT id=49641, [ Capabilities: INTERNET&NOT_RESTRICTED&TRUSTED&NOT_VPN] ] with score 60
05-18 19:02:20.869  1456  2054 D WIFI_UT : got request NetworkRequest [ TRACK_DEFAULT id=49641, [ Capabilities: INTERNET&NOT_RESTRICTED&TRUSTED&NOT_VPN] ] with score 60
05-18 19:02:20.869  1456  2054 D WIFI    : got request NetworkRequest [ TRACK_DEFAULT id=49641, [ Capabilities: INTERNET&NOT_RESTRICTED&TRUSTED&NOT_VPN] ] with score 60
05-18 19:02:20.869  2398  2398 D PhoneSwitcherNetworkRequstListener: got request NetworkRequest [ TRACK_DEFAULT id=49641, [ Capabilities: INTERNET&NOT_RESTRICTED&TRUSTED&NOT_VPN] ] with score 60
05-18 19:02:20.878 13815 14061 D glean/PingUploadWorker: Processing persisted pings at /data/user/0/org.mozilla.fennec_aurora/glean_data/pending_pings
05-18 19:02:20.879 13815 14061 D glean/PingUploadWorker: Processing ping: 4562562e-d206-4ea8-b06b-54271069a3ef
05-18 19:02:20.881 13815 14061 D glean/ConceptFetchHttpUploader: Submitting ping to: https://incoming.telemetry.mozilla.org/submit/org-mozilla-fennec-aurora/baseline/1/4562562e-d206-4ea8-b06b-54271069a3ef
05-18 19:02:20.930   808   898 I SFPerfTracer:      triggers: (rate: 0:1) (0 sw vsyncs) (0 skipped) (42:7191633 vsyncs) (44:14514156)
05-18 19:02:21.183 13815 14061 D glean/ConceptFetchHttpUploader: Ping successfully sent (200)
05-18 19:02:21.184 13815 14061 D glean/PingUploadWorker: 4562562e-d206-4ea8-b06b-54271069a3ef was deleted: true
05-18 19:02:21.184 13815 14061 D glean/PingUploadWorker: Processing ping: 8e99e48d-e11f-47a1-a040-00521582f04b
05-18 19:02:21.185 13815 14061 D glean/ConceptFetchHttpUploader: Submitting ping to: https://incoming.telemetry.mozilla.org/submit/org-mozilla-fennec-aurora/events/1/8e99e48d-e11f-47a1-a040-00521582f04b
05-18 19:02:21.261 13815 13841 I SyncableLoginsStorage: 'Warming up storage' took 628 ms
05-18 19:02:21.261 13815 13841 I FenixApplication: 'Storage initialization' took 657 ms
05-18 19:02:21.320 13815 14061 D glean/ConceptFetchHttpUploader: Ping successfully sent (200)
05-18 19:02:21.320 13815 14061 D glean/PingUploadWorker: 8e99e48d-e11f-47a1-a040-00521582f04b was deleted: true
05-18 19:02:21.321 13815 13912 I WM-WorkerWrapper: Worker result SUCCESS for Work [ id=2a882dcc-fba4-4892-b42f-5a6bd925b9a4, tags={ mozilla.telemetry.glean.scheduler.PingUploadWorker, mozac_service_glean_ping_upload_worker } ]
05-18 19:02:21.324  1456  2067 D ConnectivityService: releasing NetworkRequest [ TRACK_DEFAULT id=49641, [ Capabilities: INTERNET&NOT_RESTRICTED&TRUSTED&NOT_VPN] ] (release request)
05-18 19:02:21.340  1456  1456 I ActivityManager: Start proc 14062:com.android.vending/u0a62 for service com.android.vending/com.google.android.finsky.scheduler.JobSchedulerEngine$PhoneskyJobSchedulerJobService
05-18 19:02:21.363 13815 13815 D SessionManager: onTrimMemory(80): clearThumbnails=true, closeEngineSessions=true
05-18 19:02:21.368 13815 13815 D SessionManager: Cleared 3 thumbnail(s) and unlinked 0 engine sessions(s)
05-18 19:02:21.413 14062 14062 I Finsky  : [2] ecd.aY(5): Process created at version: 20.1.17-all [0] [PR] 310643216
05-18 19:02:21.737 14062 14085 I Finsky  : [554438] swi.a(28): Started reading experiment flags from file [0tGUNCGIkbk4o6-fQ335kUYSKwVj4lusnHT-A5Dsy08].
05-18 19:02:21.758 14062 14085 I Finsky  : [554438] swi.a(42): Finished reading experiment flags from file [0tGUNCGIkbk4o6-fQ335kUYSKwVj4lusnHT-A5Dsy08].
05-18 19:02:21.773 14062 14085 I Finsky  : [554438] swi.a(28): Started reading experiment flags from file [Se-xCc4LzNyh3UrKMIU2sUf-PUKz4oQEbpKZDMuaFno].
05-18 19:02:21.783 14062 14085 I Finsky  : [554438] swi.a(42): Finished reading experiment flags from file [Se-xCc4LzNyh3UrKMIU2sUf-PUKz4oQEbpKZDMuaFno].
05-18 19:02:21.819 14062 14062 I Finsky  : [2] vnt.<init>(20): Resetting scheduler db
05-18 19:02:21.832 14062 14080 I Finsky  : [554433] ecd.P(6): Not a unicorn account
05-18 19:02:21.884 14062 14080 I Finsky  : [554433] ztz.a(2): Disable SystemUpdateActivity, because Android is lower than Q
05-18 19:02:21.892 14062 14101 I Finsky  : [554450] zty.run(4): Set SystemUpdateActivity enabled state to 2
05-18 19:02:21.895 14062 14081 I Finsky  : [554434] she.<init>(5): PackageMonitor - Registering in memory receiver for android.intent.action.PACKAGE_ADDED and android.intent.action.PACKAGE_REMOVED
05-18 19:02:21.913 14062 14083 I cr_CronetLibraryLoader: Cronet version: 84.0.4128.0, arch: armv7l
05-18 19:02:21.921 14062 14081 W Settings: Setting download_manager_max_bytes_over_mobile has moved from android.provider.Settings.Secure to android.provider.Settings.Global.
05-18 19:02:21.921 14062 14083 W Finsky  : [554436] dqx.a(25): For unauth, use getDfeApiNonAuthenticated() instead!
05-18 19:02:21.931 14062 14081 I Finsky  : [554434] rex.a(4): SettingNotFoundException, fall through to G.downloadBytesOverMobileMaximum
05-18 19:02:21.932 14062 14081 W Settings: Setting download_manager_recommended_max_bytes_over_mobile has moved from android.provider.Settings.Secure to android.provider.Settings.Global.
05-18 19:02:21.934 14062 14081 I Finsky  : [554434] rex.a(9): SettingNotFoundException, fall through to G.downloadBytesOverMobileRecommended
05-18 19:02:21.941 14062 14083 I Finsky  : [554436] qal.c(4): Enqueuing libraries load for 0
05-18 19:02:21.948 14062 14098 I Finsky  : [554448] qal.a(25): Starting libraries load for 0
05-18 19:02:21.953 14062 14083 I Finsky  : [554436] hgi.h(7): Subscription detail: N/A
05-18 19:02:21.969 14062 14098 I Finsky  : [554448] qal.a(48): Finished loading 0 libraries.
05-18 19:02:21.973 14062 14080 I Finsky  : [554433] acky.m(3): Setup app restrictions monitor
05-18 19:02:21.977 14062 14080 I Finsky  : [554433] acmv.a(3): Device wide unknown source restriction is changed.
05-18 19:02:22.013 14062 14062 I Finsky  : [2] qrx.onTrimMemory(1): Memory trim requested to level 15
05-18 19:02:22.044 14062 14062 I Finsky  : [2] nnz.<init>(12): Installer: Setting Parallelism[DEFAULT]
05-18 19:02:22.046 14062 14062 I Finsky  : [2] njw.a(25): Installer: Attempting to start installer
05-18 19:02:22.056 14062 14062 I Finsky  : [2] nfd.<init>(9): Not checking if recovering from paused session because the experiment is off
05-18 19:02:22.062 14062 14062 I Finsky  : [2] JobSchedulerEngine$PhoneskyJobSchedulerJobService.onStartJob(3): SCH: onJobSchedulerWakeup with jobId 9004
05-18 19:02:22.066 14062 14062 I Finsky  : [2] vkw.a(19): Scheduling fallback job with id: 9034, and delay: 43200000 ms
05-18 19:02:22.069 14062 14062 I Finsky  : [2] vkw.a(9): Scheduling fallback in 64799998 (absolute: 22435848140)
05-18 19:02:22.076 14062 14062 I Finsky  : [2] hgh.onSubscriptionsChanged(1): onSubscriptionsChanged
05-18 19:02:22.080 14062 14062 I Finsky  : [2] njw.a(233): Installer kick - no action, not running yet
05-18 19:02:22.083 14062 14085 D NetworkSecurityConfig: No Network Security Config specified, using platform default
05-18 19:02:22.101 14062 14067 I zygote  : Do partial code cache collection, code=27KB, data=21KB
05-18 19:02:22.103 14062 14067 I zygote  : After code cache collection, code=27KB, data=21KB
05-18 19:02:22.103 14062 14067 I zygote  : Increasing code cache capacity to 128KB
05-18 19:02:22.174 14062 14062 I Finsky  : [2] vlf.handleMessage(6): SCH: DeviceState: DeviceState{currentTime=1589842942170, isCharging=true, isIdle=false, netAny=true, netNotRoaming=true, netUnmetered=true, batteryPercent=100.0}
05-18 19:02:22.189 14062 14094 I Finsky  : [554444] vnt.a(7): SCH: Jobs in database: 1-1337 3-2903 3-2904 12-1 24-77777777 26-1414141414 29-29 
05-18 19:02:22.226 14062 14062 I Finsky  : [2] vlg.a(18): SCH: Running job: 12-1
05-18 19:02:22.228 14062 14062 I Finsky  : [2] ContentSyncJob.a(15): ContentSyncJob started
05-18 19:02:22.229 14062 14062 I Finsky  : [2] vlf.handleMessage(57): SCH: RunningQueue size: 1, PendingQueue size: 0
05-18 19:02:22.229 14062 14062 I Finsky  : [2] vlf.handleMessage(60): SCH: Running queue: 12-1 
05-18 19:02:22.245  1456  6339 I ActivityManager: Start proc 14143:android.process.media/u0a31 for content provider com.android.providers.downloads/.DownloadProvider
05-18 19:02:22.265 14143 14143 I zygote  : The ClassLoaderContext is a special shared library.
05-18 19:02:22.281 14143 14143 I zygote  : The ClassLoaderContext is a special shared library.
05-18 19:02:22.352 14062 14137 I Finsky  : [554480] nix.run(2): Installer: Installer starting.
05-18 19:02:22.353 14062 14137 I Finsky  : [554480] nix.run(4): Installer: Installer started.
05-18 19:02:22.355 14062 14062 I Finsky  : [2] njw.a(238): Installer: found apps to install. isMultiUserMode=false, apps=[]
05-18 19:02:22.389 14062 14062 I Finsky  : [2] vnc.a(3): SCH: Canceling job 3-2903
05-18 19:02:22.401 14062 14062 I Finsky  : [2] vnc.a(3): SCH: Canceling job 3-2904
05-18 19:02:22.421 14062 14161 I Finsky  : [554487] nwq.c(28): IQ: Creating job 2905, for (REQ_DEVICE_IDLE, REQ_GEARHEAD_PROJECTION_OFF, MIN_BATTERY=50, SHOULD_APPLY_BUDGET=true, NETWORK=UNMETERED, PROVISIONING_STATE=PROVISIONED)
05-18 19:02:22.438 14062 14161 I Finsky  : [554487] nwq.c(28): IQ: Creating job 2906, for (REQ_CHARGING, REQ_DEVICE_IDLE, REQ_GEARHEAD_PROJECTION_OFF, NETWORK=UNMETERED, PROVISIONING_STATE=PROVISIONED)
05-18 19:02:22.473 14062 14062 I Finsky  : [2] wzq.a(21): Connecting InstallListener to SplitInstallService broadcaster...
05-18 19:02:22.478 14062 14067 I zygote  : Do partial code cache collection, code=59KB, data=53KB
05-18 19:02:22.480 14062 14067 I zygote  : After code cache collection, code=59KB, data=53KB
05-18 19:02:22.480 14062 14067 I zygote  : Increasing code cache capacity to 256KB
05-18 19:02:22.759 14062 14166 I Finsky  : [554492] eie.a(30): Completed 0 account content syncs with 0 successful.
05-18 19:02:22.760 14062 14062 I Finsky  : [2] ContentSyncJob.a(13): Installation state replication succeeded.
05-18 19:02:22.760 14062 14062 I Finsky  : [2] vmq.a(16): SCH: jobFinished: 12-1. TimeElapsed: 533ms.
05-18 19:02:22.762 14062 14062 I Finsky  : [2] vlg.a(36): SCH: Job 12-1 finished. Not rescheduling.
05-18 19:02:22.763 14062 14062 I Finsky  : [2] vlf.handleMessage(57): SCH: RunningQueue size: 0, PendingQueue size: 0
05-18 19:02:22.763 14062 14062 I Finsky  : [2] vlf.handleMessage(64): Waiting on changed job store
05-18 19:02:25.281  1456  6339 I ActivityManager: Force stopping org.mozilla.fennec_aurora appid=11334 user=0: from pid 14169
05-18 19:02:25.281  1456  6339 I ActivityManager: Killing 13815:org.mozilla.fennec_aurora/u0a1334 (adj 700): stop org.mozilla.fennec_aurora
05-18 19:02:25.284  1456  1605 W zygote  : kill(-13815, 9) failed: No such process
05-18 19:02:25.285  1456  6339 W ActivityManager: Force removing ActivityRecord{fac1096 u0 org.mozilla.fennec_aurora/org.mozilla.fenix.HomeActivity t73064}: app died, no saved state
05-18 19:02:25.288 13892 13892 I ServiceChildProcess: Service has been unbound. Stopping.
05-18 19:02:25.297  1456  6339 I ActivityManager: Killing 13892:org.mozilla.fennec_aurora:tab0/u0a1334 (adj 0): stop org.mozilla.fennec_aurora
05-18 19:02:25.300  1456  1605 W zygote  : kill(-13815, 9) failed: No such process
05-18 19:02:25.308  2398  2398 D CarrierSvcBindHelper: No carrier app for: 0
05-18 19:02:25.308  2398  2398 D CarrierSvcBindHelper: No carrier app for: 1
05-18 19:02:25.316  1456  1605 W zygote  : kill(-13815, 9) failed: No such process
05-18 19:02:25.353  1456  1673 W ActivityManager: setHasOverlayUi called on unknown pid: 13815
05-18 19:02:25.377  1456  1605 I chatty  : uid=1000(system) ActivityManager identical 5 lines
05-18 19:02:25.392  1456  1605 W zygote  : kill(-13815, 9) failed: No such process
05-18 19:02:25.404  1456  2204 I ActivityManager: START u0 {act=android.intent.action.VIEW dat=https://example.com/... typ=text/html flg=0x10000000 cmp=org.mozilla.fennec_aurora/org.mozilla.fenix.IntentReceiverActivity} from uid 2000
05-18 19:02:25.405   794   839 E ANDR-PERF-RESOURCEQS: Failed to apply optimization [4, 0]
05-18 19:02:25.407  1456  1605 W zygote  : kill(-13815, 9) failed: No such process
05-18 19:02:25.407  1456  1605 I zygote  : Successfully killed process cgroup uid 11334 pid 13815 in 123ms
05-18 19:02:25.408  1456  1605 W zygote  : kill(-13892, 9) failed: No such process
05-18 19:02:25.408  1456  1605 I zygote  : Successfully killed process cgroup uid 11334 pid 13892 in 0ms
05-18 19:02:25.425  1456  2923 I ActivityManager: Start proc 14177:org.mozilla.fennec_aurora/u0a1334 for activity org.mozilla.fennec_aurora/org.mozilla.fenix.IntentReceiverActivity
05-18 19:02:25.514 23133 23175 I MicroDetectionState: Should stop hotword detection immediately - false
05-18 19:02:25.514 23133 23175 I MicroDetector: Keeping mic open: false
05-18 19:02:25.514 23133 23175 I MicroDetector: #shutdownAudioWithAudioLibrary
05-18 19:02:25.514 23133  3422 E DeviceStateChecker: DeviceStateChecker cancelled
05-18 19:02:25.515 23133 23174 I MicroRecognitionRunner: Stopping hotword detection.
05-18 19:02:25.515 23133 22396 W b       : #read failed: read EOF from AudioAccessor.
05-18 19:02:25.516 23133 22396 I MicroRecognitionRunner: Detection finished
05-18 19:02:25.571   788   788 D audio_hw_primary: disable_audio_route: usecase(9) reset and update mixer path: audio-record
05-18 19:02:25.572   788   788 D audio_hw_primary: disable_snd_device: snd_device(120: voice-rec-mic)
05-18 19:02:25.574  1012 11919 D APM_AudioPolicyManager: stopInput() input 350686, session 350801
05-18 19:02:25.575   788  1401 D audio_hw_primary: in_set_parameters: enter: kvpairs=routing=0
05-18 19:02:25.577 23133 23175 I HotwordLSAdapter: stopListeningStatus result: 1
05-18 19:02:25.581 14177 14177 D FirebaseApp: com.google.firebase.auth.FirebaseAuth is not linked. Skipping initialization.
05-18 19:02:25.581 14177 14177 D FirebaseApp: com.google.firebase.crash.FirebaseCrash is not linked. Skipping initialization.
05-18 19:02:25.582 14177 14177 I FirebaseInitProvider: FirebaseApp initialization successful
05-18 19:02:25.643 14177 14177 D FennecProfile: profiles.ini: true
05-18 19:02:25.644 14177 14195 I FA      : Collection disabled with firebase_analytics_collection_enabled=0
05-18 19:02:25.644 14177 14195 I FA      : App measurement is starting up, version: 12780
05-18 19:02:25.645 14177 14195 I FA      : To enable debug logging run: adb shell setprop log.tag.FA VERBOSE
05-18 19:02:25.645 14177 14195 I FA      : To enable faster debug mode event logging run:
05-18 19:02:25.645 14177 14195 I FA      :   adb shell setprop debug.firebase.analytics.app org.mozilla.fennec_aurora
05-18 19:02:25.646 14177 14177 D FennecProfile: Ignoring line in [general] section: StartWithLastProfile=1
05-18 19:02:25.647 14177 14177 D FennecProfile: Found 1 profiles
05-18 19:02:25.647 14177 14177 D FennecProfile: Found default profile: FennecProfile(name=default, path=/data/user/0/org.mozilla.fennec_aurora/files/mozilla/0tyv5hk1.default, default=true)
05-18 19:02:25.651 14177 14177 D FennecMigrator: No migrations to run. Fennec install - false.
05-18 19:02:25.661 14177 14177 D FenixApplication: Initializing Glean (uploadEnabled=true, isFennec=true)
05-18 19:02:25.677 14177 14203 D RustNativeSupport: findMegazordLibraryName(viaduct, 0.58.2
05-18 19:02:25.677 14177 14203 D RustNativeSupport: lib in use: none
05-18 19:02:25.677 14177 14203 D RustNativeSupport: lib configured: megazord
05-18 19:02:25.677 14177 14203 D RustNativeSupport: lib version configured: 0.58.2
05-18 19:02:25.677 14177 14203 D RustNativeSupport: settled on megazord
05-18 19:02:25.700 14177 14202 D libglean_ffi: glean_ffi: Android logging should be hooked up!
05-18 19:02:25.702 14177 14177 D GeckoThread: State changed to LAUNCHED
05-18 19:02:25.703 14177 14206 I GeckoThread: preparing to run Gecko
05-18 19:02:25.704 14177 14202 I glean/Glean: Registering pings for mozilla.telemetry.glean.GleanMetrics.Pings
05-18 19:02:25.711 14177 14177 D GeckoRuntime: Lifecycle: onCreate
05-18 19:02:25.712 14177 14206 D GeckoThread: State changed to MOZGLUE_READY
05-18 19:02:25.714 14177 14202 I libglean_ffi: glean_core: Creating new Glean
05-18 19:02:25.714 14177 14202 D libglean_ffi: glean_core::database: Database path: "/data/user/0/org.mozilla.fennec_aurora/glean_data/db"
05-18 19:02:25.715 14177 14203 D RustNativeSupport: findMegazordLibraryName(rustlog, 0.58.2
05-18 19:02:25.715 14177 14202 I libglean_ffi: glean_core::database: Database initialized
05-18 19:02:25.715 14177 14203 D RustNativeSupport: lib in use: none
05-18 19:02:25.715 14177 14203 D RustNativeSupport: lib configured: megazord
05-18 19:02:25.716 14177 14203 D RustNativeSupport: lib version configured: 0.58.2
05-18 19:02:25.716 14177 14203 D RustNativeSupport: settled on megazord
05-18 19:02:25.718 14177 14202 I libglean_ffi: glean_ffi: Glean initialized
05-18 19:02:25.718 14177 14203 I rc_log_ffi::ios: rc_log adapter initialized!
05-18 19:02:25.726 14177 14206 W Settings: Setting animator_duration_scale has moved from android.provider.Settings.System to android.provider.Settings.Global, returning read-only global URI.
05-18 19:02:25.727 14177 14177 I zygote  : Deoptimizing java.lang.Object androidx.collection.SimpleArrayMap.put(java.lang.Object, java.lang.Object) due to JIT inline cache
05-18 19:02:25.731 14177 14206 E GeckoLibLoad: Load sqlite start
05-18 19:02:25.734 14177 14206 E GeckoLibLoad: Load sqlite done
05-18 19:02:25.735 14177 14206 E GeckoLibLoad: Load nss start
05-18 19:02:25.735 14177 14206 E GeckoLibLoad: Load nss done
05-18 19:02:25.737 14177 14177 D GleanMetricsService: Enabling Glean.
05-18 19:02:25.741 14177 14202 D glean/MetricsPingSched: The 'metrics' ping was last sent on Mon May 18 00:00:00 EDT 2020
05-18 19:02:25.742 14177 14202 I glean/MetricsPingSched: The 'metrics' ping was already sent today, Mon May 18 19:02:25 EDT 2020.
05-18 19:02:25.742 14177 14202 D glean/MetricsPingSched: Scheduling the 'metrics' ping in 32254278ms
05-18 19:02:25.756 14177 14206 E GeckoLibLoad: Loaded libs in 21.239221ms total, 6ms(33ms) user, 13ms(16ms) system, 0(0) faults
05-18 19:02:25.756 14177 14206 D GeckoThread: State changed to LIBS_READY
05-18 19:02:25.757 14177 14177 I glean/Dispatchers: Task queued for execution and delayed until flushed
05-18 19:02:25.757 14177 14202 D libglean_ffi: glean_core: Clearing Lifetime::Application metrics
05-18 19:02:25.759 14177 14206 W GeckoThread: zerdatime 22371051833 - runGecko
05-18 19:02:25.760 14177 14177 I AdjustMetricsService: No adjust token defined
05-18 19:02:25.762 14177 14206 D GeckoProfile: Loading profile at: null name: default
05-18 19:02:25.763 14177 14177 D PushConfig: Creating push configuration for autopush.
05-18 19:02:25.764 14177 14206 D GeckoProfile: Found profile dir: /data/user/0/org.mozilla.fennec_aurora/files/mozilla/0tyv5hk1.default
05-18 19:02:25.769 14177 14177 I App     : AutoPushFeature is configured, initializing it...
05-18 19:02:25.770 14177 14213 D AutoPushFeature: Initializing native component with the cached token.
05-18 19:02:25.771 14177 14177 I AutoPushFeature: Checking validity of push subscriptions.
05-18 19:02:25.772 14177 14213 D RustNativeSupport: findMegazordLibraryName(push, 0.58.2
05-18 19:02:25.772 14177 14213 D RustNativeSupport: lib in use: none
05-18 19:02:25.772 14177 14213 D RustNativeSupport: lib configured: megazord
05-18 19:02:25.772 14177 14213 D RustNativeSupport: lib version configured: 0.58.2
05-18 19:02:25.772 14177 14213 D RustNativeSupport: settled on megazord
05-18 19:02:25.787 14177 14177 D FennecProfile: profiles.ini: true
05-18 19:02:25.791 14177 14177 D FennecProfile: Ignoring line in [general] section: StartWithLastProfile=1
05-18 19:02:25.792 14177 14177 D FennecProfile: Found 1 profiles
05-18 19:02:25.792 14177 14177 D FennecProfile: Found default profile: FennecProfile(name=default, path=/data/user/0/org.mozilla.fennec_aurora/files/mozilla/0tyv5hk1.default, default=true)
05-18 19:02:25.796 14177 14202 I libglean_ffi: glean_core: Upload enabled: true
05-18 19:02:25.805 14177 14203 W [WARNING][Leanplum]: [com.leanplum.internal.ActionManager::getLocationManager::8]: Geofencing support requires leanplum-location module and Google Play Services v8.1 and higher.
05-18 19:02:25.805 14177 14203 W [WARNING][Leanplum]: Add this to your build.gradle file:
05-18 19:02:25.805 14177 14203 W [WARNING][Leanplum]: implementation 'com.google.android.gms:play-services-location:8.3.0+'
05-18 19:02:25.805 14177 14203 W [WARNING][Leanplum]: implementation 'com.leanplum:leanplum-location:+'
05-18 19:02:25.816 14177 14177 D FennecMigrator: This is not a Fennec installation. No migration needed.
05-18 19:02:25.818 14177 14177 D SessionManager: onTrimMemory(15): clearThumbnails=true, closeEngineSessions=true
05-18 19:02:25.818 14177 14177 D SessionManager: Cleared 0 thumbnail(s) and unlinked 0 engine sessions(s)
05-18 19:02:25.829 14177 14203 I [INFO][Leanplum]: [com.leanplum.monitoring.ExceptionHandler::setContext::6]: LeanplumExceptionHandler could not initialize Exception Reporting.This is expected if you have not included the leanplum-monitoring module
05-18 19:02:25.837 14177 14206 I Gecko:DumpUtils: Fifo watcher disabled via pref.
05-18 19:02:25.880 14177 14226 I [INFO][Leanplum]: [com.leanplum.LeanplumFcmProvider::isManifestSetup::11]: Firebase Messaging is setup correctly.
05-18 19:02:25.885 14177 14177 D GeckoRuntime: Lifecycle: onStart
05-18 19:02:25.893 14177 14177 D GeckoRuntime: Lifecycle: onResume
05-18 19:02:25.895 14177 14177 D GeckoNetworkManager: Incoming event start for state OffNoListeners -> OnNoListeners
05-18 19:02:25.898 14177 14177 D GeckoNetworkManager: New network state: UP, WIFI, WIFI
05-18 19:02:25.915 14177 14206 D GeckoSysInfo: System memory: 1867MB.
05-18 19:02:25.918 14177 14206 D GeckoThread: State changed to JNI_READY
05-18 19:02:25.921 14177 14182 I zygote  : Do partial code cache collection, code=24KB, data=28KB
05-18 19:02:25.924 14177 14182 I zygote  : After code cache collection, code=22KB, data=28KB
05-18 19:02:25.924 14177 14182 I zygote  : Increasing code cache capacity to 128KB
05-18 19:02:25.927 14177 14241 D OpenGLRenderer: HWUI GL Pipeline
05-18 19:02:25.944  1456 10962 I ActivityManager: Start proc 14249:org.mozilla.fennec_aurora:tab0/u0a1334 for service org.mozilla.fennec_aurora/org.mozilla.gecko.process.GeckoChildProcessServices$tab0
05-18 19:02:25.947 14177 14238 D ServiceAllocator: org.mozilla.gecko.process.GeckoChildProcessServices$tab0 updateBindings: BACKGROUND priority, 0 importance, 2 successful binds, 0 failed binds, 0 successful unbinds, 0 failed unbinds
05-18 19:02:25.959 14177 14202 I libglean_ffi: glean_core::ping: Collecting baseline
05-18 19:02:25.963 14177 14202 D libglean_ffi: glean_core::ping: Storing ping '57a06032-a806-424a-a93c-801c2e0ed978' at '/data/user/0/org.mozilla.fennec_aurora/glean_data/pending_pings/57a06032-a806-424a-a93c-801c2e0ed978'
05-18 19:02:25.964 14177 14202 I libglean_ffi: glean_core: The ping 'baseline' was submitted and will be sent as soon as possible
05-18 19:02:26.013  1456 10962 D ConnectivityService: requestNetwork for uid/pid:11334/14177 NetworkRequest [ TRACK_DEFAULT id=49643, [ Capabilities: INTERNET&NOT_RESTRICTED&TRUSTED&NOT_VPN] ]
05-18 19:02:26.015  1456  2099 D Ethernet: got request NetworkRequest [ TRACK_DEFAULT id=49643, [ Capabilities: INTERNET&NOT_RESTRICTED&TRUSTED&NOT_VPN] ] with score 60
05-18 19:02:26.017  1456  2054 D WIFI_UT : got request NetworkRequest [ TRACK_DEFAULT id=49643, [ Capabilities: INTERNET&NOT_RESTRICTED&TRUSTED&NOT_VPN] ] with score 60
05-18 19:02:26.017  1456  2054 D WIFI    : got request NetworkRequest [ TRACK_DEFAULT id=49643, [ Capabilities: INTERNET&NOT_RESTRICTED&TRUSTED&NOT_VPN] ] with score 60
05-18 19:02:26.017  2398  2398 D PhoneSwitcherNetworkRequstListener: got request NetworkRequest [ TRACK_DEFAULT id=49643, [ Capabilities: INTERNET&NOT_RESTRICTED&TRUSTED&NOT_VPN] ] with score 60
05-18 19:02:26.023  1456 10962 I ActivityManager: START u0 {act=android.intent.action.VIEW dat=https://example.com/... typ=text/html cmp=org.mozilla.fennec_aurora/org.mozilla.fenix.HomeActivity (has extras)} from uid 11334
05-18 19:02:26.039 14177 14177 D GeckoNetworkManager: Incoming event receivedUpdate for state OnNoListeners -> OnNoListeners
05-18 19:02:26.041 14177 14177 D GeckoNetworkManager: New network state: UP, WIFI, WIFI
05-18 19:02:26.043  1456  2923 I WifiService: getDhcpInfo uid=11334
05-18 19:02:26.062  1456  1466 I zygote  : Background concurrent copying GC freed 63793(4MB) AllocSpace objects, 46(2MB) LOS objects, 34% free, 44MB/68MB, paused 167us total 401.771ms
05-18 19:02:26.064 14177 14226 D NetworkSecurityConfig: No Network Security Config specified, using platform default
05-18 19:02:26.102 14177 14241 I Adreno  : QUALCOMM build                   : bb5b86c, I77d3059488
05-18 19:02:26.102 14177 14241 I Adreno  : Build Date                       : 06/07/18
05-18 19:02:26.102 14177 14241 I Adreno  : OpenGL ES Shader Compiler Version: EV031.22.00.01_06
05-18 19:02:26.102 14177 14241 I Adreno  : Local Branch                     : 
05-18 19:02:26.102 14177 14241 I Adreno  : Remote Branch                    : refs/tags/AU_LINUX_ANDROID_LA.UM.6.5.R1.08.01.00.312.086
05-18 19:02:26.102 14177 14241 I Adreno  : Remote Branch                    : NONE
05-18 19:02:26.102 14177 14241 I Adreno  : Reconstruct Branch               : NOTHING
05-18 19:02:26.103 14177 14241 D vndksupport: Loading /vendor/lib/hw/gralloc.msm8937.so from current namespace instead of sphal namespace.
05-18 19:02:26.114 14177 14241 I Adreno  : PFP: 0x005ff087, ME: 0x005ff063
05-18 19:02:26.114 14249 14249 D GeckoThread: State changed to LAUNCHED
05-18 19:02:26.115 14249 14276 I GeckoThread: preparing to run Gecko
05-18 19:02:26.124 14177 14241 I zygote  : android::hardware::configstore::V1_0::ISurfaceFlingerConfigs::hasWideColorDisplay retrieved: 0
05-18 19:02:26.127 14177 14241 I OpenGLRenderer: Initialized EGL, version 1.4
05-18 19:02:26.127 14177 14241 D OpenGLRenderer: Swap behavior 2
05-18 19:02:26.149 14177 14281 D glean/PingUploadWorker: Processing persisted pings at /data/user/0/org.mozilla.fennec_aurora/glean_data/pending_pings
05-18 19:02:26.150 14177 14281 D glean/PingUploadWorker: Processing ping: 57a06032-a806-424a-a93c-801c2e0ed978
05-18 19:02:26.153 14177 14281 D glean/ConceptFetchHttpUploader: Submitting ping to: https://incoming.telemetry.mozilla.org/submit/org-mozilla-fennec-aurora/baseline/1/57a06032-a806-424a-a93c-801c2e0ed978
05-18 19:02:26.157  1456 10962 I WindowManager: Keep hide if surface has never drawn Window{e356183 u0 org.mozilla.fennec_aurora/org.mozilla.fenix.IntentReceiverActivity}
05-18 19:02:26.159  1456 10962 I WindowManager: Failed to capture screenshot of Token{62593b8 ActivityRecord{7dcd61b u0 org.mozilla.fennec_aurora/org.mozilla.fenix.IntentReceiverActivity t73065 f}} appWin=Window{e356183 u0 org.mozilla.fennec_aurora/org.mozilla.fenix.IntentReceiverActivity} drawState=1
05-18 19:02:26.165 14177 14177 I [INFO][Leanplum]: [com.leanplum.LeanplumCloudMessagingProvider::onRegistrationIdReceived::3]: Device registered for push notifications with registration token, d8VR2J3a_0o:APA91bHQf619iLBz9TKBGFBEzf4TP_XdfgXRtFuV_WaT9q8SBoTBT-sH2Iv50Yac90UpA1cvowKtzmQFqQtmOy2hvWTw14ljgaGDwqS9WwQUfGjvfQ6n_SmifHJevwEumJ-sYFUQ-wNm
05-18 19:02:26.180 14177 14177 D MigrationPushRenewer: Migration state: NONE
05-18 19:02:26.182 14177 14177 D MigrationTelemetryListener: Migration state: NONE
05-18 19:02:26.189  1456  1673 I LaunchCheckinHandler: Displayed org.mozilla.fennec_aurora/org.mozilla.fenix.IntentReceiverActivity,cp,ca,777
05-18 19:02:26.216 14177 14182 I zygote  : Do partial code cache collection, code=62KB, data=48KB
05-18 19:02:26.218 14177 14182 I zygote  : After code cache collection, code=54KB, data=43KB
05-18 19:02:26.218 14177 14182 I zygote  : Increasing code cache capacity to 256KB
05-18 19:02:26.220 14177 14177 D PhoneWindow: Restoring navigation bar divider color to default value = 0x00000000
05-18 19:02:26.278 14177 14177 I NavController: Ignoring popBackStack to destination org.mozilla.fennec_aurora:id/browserFragment as it was not found on the current back stack
05-18 19:02:26.382 14062 14077 I zygote  : Waiting for a blocking GC ProfileSaver
05-18 19:02:26.430 14062 14077 I zygote  : Waiting for a blocking GC ProfileSaver
05-18 19:02:26.430 14062 14077 I zygote  : WaitForGcToComplete blocked ProfileSaver on HeapTrim for 48.278ms
05-18 19:02:26.441 14062 14072 I zygote  : WaitForGcToComplete blocked HeapTrim on ProfileSaver for 9.404ms
05-18 19:02:26.471 14177 14206 D GeckoThread: State changed to PROFILE_READY
05-18 19:02:26.485 14177 14177 I FirefoxAccountStateMachine: Enabling/updating sync with a new SyncConfig: SyncConfig(supportedEngines=[mozilla.components.service.fxa.SyncEngine$History@69975bc, mozilla.components.service.fxa.SyncEngine$Bookmarks@c9e9945, mozilla.components.service.fxa.SyncEngine$Passwords@298789a], syncPeriodInMinutes=240)
05-18 19:02:26.487 14177 14177 I BgSyncManager: Periodic syncing enabled at a 240 interval
05-18 19:02:26.488 14177 14177 I FirefoxAccountStateMachine: Sync is enabled
05-18 19:02:26.495 14177 14289 I FirefoxAccountStateMachine: Processing event Event$Init for state Start. Next state is Start
05-18 19:02:26.512 14177 14232 D RustNativeSupport: findMegazordLibraryName(places, 0.58.2
05-18 19:02:26.513 14177 14232 D RustNativeSupport: lib in use: none
05-18 19:02:26.513 14177 14232 D RustNativeSupport: lib configured: megazord
05-18 19:02:26.513 14177 14232 D RustNativeSupport: lib version configured: 0.58.2
05-18 19:02:26.513 14177 14232 D RustNativeSupport: settled on megazord
05-18 19:02:26.517 14177 14232 D places_ffi: places_api_new
05-18 19:02:26.519 14177 14289 I FirefoxAccountStateMachine: Ran 'Event$Init' side-effects for state Start, got successive event Event$AccountNotFound
05-18 19:02:26.519 14177 14289 I FirefoxAccountStateMachine: Processing event Event$AccountNotFound for state Start. Next state is NotAuthenticated
05-18 19:02:26.523 14177 14289 D RustNativeSupport: findMegazordLibraryName(fxaclient, 0.58.2
05-18 19:02:26.524 14177 14289 D RustNativeSupport: lib in use: none
05-18 19:02:26.525 14177 14289 D RustNativeSupport: lib configured: megazord
05-18 19:02:26.525 14177 14289 D RustNativeSupport: lib version configured: 0.58.2
05-18 19:02:26.525 14177 14289 D RustNativeSupport: settled on megazord
05-18 19:02:26.534 14177 14289 D fxaclient_ffi: fxa_new
05-18 19:02:26.592 14177 14206 D GeckoThread: State changed to RUNNING
05-18 19:02:26.602 14177 14177 W GeckoEventDispatcher: No listener for GeckoView:AccessibilityEnabled
05-18 19:02:26.612 14177 14206 I Gecko   : -*- nsDNSServiceDiscovery.js : nsDNSServiceDiscovery
05-18 19:02:26.614 14177 14232 D sql_support::conn_ext: Transaction commited after 48.881828ms
05-18 19:02:26.616 14177 14232 D places_ffi: places_connection_new
05-18 19:02:26.620 14177 14232 D places_ffi: places_connection_new
05-18 19:02:26.637 14177 14232 D places_ffi: bookmarks_get_all_with_url
05-18 19:02:26.660 14177 14289 W FirefoxAccountStateMachine: Got invalid event Event$Init for state NotAuthenticated.
05-18 19:02:26.691 14177 14294 W LOTTIE  : Animation contains merge paths. Merge paths are only supported on KitKat+ and must be manually enabled by calling enableMergePathsForKitKatAndAbove().
05-18 19:02:26.704 14177 14182 I zygote  : Do full code cache collection, code=126KB, data=98KB
05-18 19:02:26.706 14177 14182 I zygote  : After code cache collection, code=96KB, data=59KB
05-18 19:02:26.733 14177 14305 I Gecko   : [GFX1-]: Failed to create EGLContext!: 0x300c
05-18 19:02:26.742  1456  2923 I ActivityManager: Displayed org.mozilla.fennec_aurora/org.mozilla.fenix.HomeActivity: +591ms (total +1s330ms)
05-18 19:02:26.742  1456  2923 I ActivityManager: Fully drawn org.mozilla.fennec_aurora/org.mozilla.fenix.HomeActivity: +591ms (total +1s330ms)
05-18 19:02:26.776 14177 14206 W ResourceType: Too many attribute references, stopped at: 0x01010099
05-18 19:02:26.791 14177 14241 D vndksupport: Loading /vendor/lib/hw/android.hardware.graphics.mapper@2.0-impl.so from current namespace instead of sphal namespace.
05-18 19:02:26.792 14177 14241 D vndksupport: Loading /vendor/lib/hw/gralloc.msm8937.so from current namespace instead of sphal namespace.
05-18 19:02:26.816 14177 14177 D GeckoNetworkManager: Incoming event enableNotifications for state OnNoListeners -> OnWithListeners
05-18 19:02:26.818 14177 14177 D GeckoNetworkManager: New network state: UP, WIFI, WIFI
05-18 19:02:26.830 14177 14177 W LOTTIE  : Animation contains merge paths but they are disabled.
05-18 19:02:26.907 14177 14177 D GeckoNetworkManager: Incoming event receivedUpdate for state OnWithListeners -> OnWithListeners
05-18 19:02:26.909 14177 14177 D GeckoNetworkManager: New network state: UP, WIFI, WIFI
