02-05 22:01:35.532  9631  9631 D GeckoSession: handleMessage GeckoView:OnLoadRequest uri=about:blank
02-05 22:01:35.563  9631  9631 D GeckoSession: handleMessage GeckoView:OnLoadRequest uri=about:blank
02-05 22:01:35.666  9631  9631 D mozac-webcompat: Installed WebCompat webextension: webcompat@mozilla.com
02-05 22:01:35.694  9631  9631 D GeckoSession: handleMessage GeckoView:PageStart uri=about:blank
02-05 22:01:35.730  9631  9631 D GeckoSession: handleMessage GeckoView:PageStop uri=null
02-05 22:01:35.739  9631  9631 I SessionStorage/AutoSave: Save: Load finished
02-05 22:01:35.740  9631  9699 D SessionStorage/AutoSave: Delaying save (1749ms)
02-05 22:01:35.741  9631  9699 I zygote  : Deoptimizing java.lang.Object kotlinx.coroutines.CancellableContinuationImpl.getResult() due to JIT inline cache
02-05 22:01:35.761  9631  9631 D GeckoSession: handleMessage GeckoView:PageStart uri=about:blank
02-05 22:01:35.801  9631  9631 D GeckoSession: handleMessage GeckoView:SecurityChanged uri=null
02-05 22:01:35.938  9631  9631 D GeckoSession: handleMessage GeckoView:PageStop uri=null
02-05 22:01:35.947  9631  9631 I SessionStorage/AutoSave: Save: Load finished
02-05 22:01:35.947  9631  9631 D SessionStorage/AutoSave: Skipping save, other job already in flight
02-05 22:01:36.052  9631  9636 I zygote  : Do full code cache collection, code=253KB, data=149KB
02-05 22:01:36.054  9631  9636 I zygote  : After code cache collection, code=166KB, data=86KB
02-05 22:01:36.075  2360  2360 D MayaFrameworkProxyService: receive intent :Intent { act=android.intent.action.PACKAGE_CHANGED dat=package:org.mozilla.fenix.nightly flg=0x45000010 (has extras) }
02-05 22:01:36.093  1456  1942 I InputReader: Reconfiguring input devices.  changes=0x00000010
02-05 22:01:36.100  1456  1600 W ResourceType: No known package when getting value for resource number 0x7f0801a0
02-05 22:01:36.100  1456  1600 W ResourceType: No known package when getting value for resource number 0x7f120106
02-05 22:01:36.100  1456  1600 W ResourceType: No known package when getting value for resource number 0x7f120106
02-05 22:01:36.101  1456  1600 W ResourceType: No known package when getting value for resource number 0x7f08019e
02-05 22:01:36.101  1456  1600 W ResourceType: No known package when getting value for resource number 0x7f120105
02-05 22:01:36.101  1456  1600 W ResourceType: No known package when getting value for resource number 0x7f120105
02-05 22:01:36.110  1456  1456 I TelecomService: DefaultDialerCache: Refreshing default dialer for user 0: now com.android.dialer: DDC.oR@D/c
02-05 22:01:36.128  2398  2398 D ImsResolver: maybeAddedImsService, packageName: org.mozilla.fenix.nightly
02-05 22:01:36.129  2398  2398 D CarrierSvcBindHelper: No carrier app for: 0
02-05 22:01:36.130  2398  2398 D CarrierSvcBindHelper: No carrier app for: 1
02-05 22:01:36.143  2398  2398 E VvmPkgInstalledRcvr: cannot create TelephonyManager from ComponentInfo{com.android.phone/com.android.services.telephony.TelephonyConnectionService}, [****], UserHandle{0}
02-05 22:01:36.300 13975 14047 I Icing   : IndexChimeraService.getServiceInterface callingPackage=com.google.android.gms componentName=AppsCorpus serviceId=36
02-05 22:01:36.310 13975 28618 W Icing   : No valid account for uploading user actions
02-05 22:01:36.387 13975 28618 I Icing   : Usage reports ok 1, Failed Usage reports 0, indexed 0, rejected 0
02-05 22:01:36.389 13975 28618 I Icing   : Indexing com.google.android.gms-internal.3p:MobileApplication from com.google.android.gms using seqno 2511
02-05 22:01:36.419  9631  9631 D GeckoSession: handleMessage GeckoView:StateUpdated uri=null
02-05 22:01:36.419  9631  9631 W GeckoSession: No history entries found.
02-05 22:01:37.255 10018 10018 D AndroidRuntime: >>>>>> START com.android.internal.os.RuntimeInit uid 2000 <<<<<<
02-05 22:01:37.268 10018 10018 W app_process: Could not reserve sentinel fault page
02-05 22:01:37.390 13975 28618 I Icing   : Indexing com.google.android.gms-apps from com.google.android.gms
02-05 22:01:37.440 10018 10018 I app_process: The ClassLoaderContext is a special shared library.
02-05 22:01:37.465 13975  9154 I Icing   : Indexing done com.google.android.gms-apps
02-05 22:01:37.494  9631  9699 D SessionStorage/AutoSave: Saved state to disk [4ms]
02-05 22:01:37.505 10018 10018 D AndroidRuntime: Calling main entry com.android.commands.input.Input
02-05 22:01:37.506 10018 10018 I Input   : injectKeyEvent: KeyEvent { action=ACTION_DOWN, keyCode=KEYCODE_HOME, scanCode=0, metaState=0, flags=0x0, repeatCount=0, eventTime=13378629014, downTime=13378629014, deviceId=-1, source=0x101 }
02-05 22:01:37.512 10018 10018 I Input   : injectKeyEvent: KeyEvent { action=ACTION_UP, keyCode=KEYCODE_HOME, scanCode=0, metaState=0, flags=0x0, repeatCount=0, eventTime=13378629014, downTime=13378629014, deviceId=-1, source=0x101 }
02-05 22:01:37.521  1456  1941 I ActivityManager: START u0 {act=android.intent.action.MAIN cat=[android.intent.category.HOME] flg=0x10200000 cmp=com.android.launcher3/.CustomizationPanelLauncher (has extras)} from uid 1000
02-05 22:01:37.521   794   839 E ANDR-PERF-RESOURCEQS: Failed to apply optimization [4, 0]
02-05 22:01:37.535  1456  1941 I ActivityManager: moveHomeStack, setupComplete:true
02-05 22:01:37.539 10018 10018 D AndroidRuntime: Shutting down VM
02-05 22:01:37.547 20023 20118 I Adreno  : QUALCOMM build                   : bb5b86c, I77d3059488
02-05 22:01:37.547 20023 20118 I Adreno  : Build Date                       : 06/07/18
02-05 22:01:37.547 20023 20118 I Adreno  : OpenGL ES Shader Compiler Version: EV031.22.00.01_06
02-05 22:01:37.547 20023 20118 I Adreno  : Local Branch                     : 
02-05 22:01:37.547 20023 20118 I Adreno  : Remote Branch                    : refs/tags/AU_LINUX_ANDROID_LA.UM.6.5.R1.08.01.00.312.086
02-05 22:01:37.547 20023 20118 I Adreno  : Remote Branch                    : NONE
02-05 22:01:37.547 20023 20118 I Adreno  : Reconstruct Branch               : NOTHING
02-05 22:01:37.551 20023 20118 D vndksupport: Loading /vendor/lib/hw/gralloc.msm8937.so from current namespace instead of sphal namespace.
02-05 22:01:37.553  9631  9631 I zygote  : Deoptimizing kotlin.coroutines.CoroutineContext$Element kotlin.coroutines.CombinedContext.get(kotlin.coroutines.CoroutineContext$Key) due to JIT inline cache
02-05 22:01:37.554  9631  9631 I zygote  : Deoptimizing kotlin.coroutines.CoroutineContext$Element kotlin.coroutines.CoroutineContext$Element$DefaultImpls.get(kotlin.coroutines.CoroutineContext$Element, kotlin.coroutines.CoroutineContext$Key) due to JIT inline cache
02-05 22:01:37.556 20023 20118 I Adreno  : PFP: 0x005ff087, ME: 0x005ff063
02-05 22:01:37.562 20023 20118 I zygote  : android::hardware::configstore::V1_0::ISurfaceFlingerConfigs::hasWideColorDisplay retrieved: 0
02-05 22:01:37.563 20023 20118 I OpenGLRenderer: Initialized EGL, version 1.4
02-05 22:01:37.563  2748  2748 D Launcher.Utilities: Wakeup weather: Intent { act=com.motorola.launcher3.action.WAKEUP_WEATHER cmp=com.motorola.timeweatherwidget/com.motorola.commandcenter.weather.WakeUpService }
02-05 22:01:37.563 20023 20118 D OpenGLRenderer: Swap behavior 2
02-05 22:01:37.581  1456  1456 I NotificationService: Cannot find enqueued record for key: 0|com.motorola.timeweatherwidget|1|null|10116
02-05 22:01:37.582   808   808 D SurfaceFlinger: duplicate layer name: changing com.android.launcher3/com.android.launcher3.CustomizationPanelLauncher to com.android.launcher3/com.android.launcher3.CustomizationPanelLauncher#1
02-05 22:01:37.606 20023 20093 W ThreadPoolDumper: Queue length for executor EventBus is now 11. Perhaps some tasks are too long, or the pool is too small.
02-05 22:01:37.613  1456  1471 I WifiService: getWifiEnabledState uid=10073
02-05 22:01:37.624  1456  1471 I WifiService: getWifiEnabledState uid=10073
02-05 22:01:37.648  9631  9631 D GeckoSession: handleMessage GeckoView:StateUpdated uri=null
02-05 22:01:37.651 20023 20165 I MicroDetectionState: Should stop hotword detection immediately - false
02-05 22:01:37.657 20023 20165 I MicroDetectionWorker: #startMicroDetector [speakerMode: 0]
02-05 22:01:37.662 20023 20165 I AudioController: Created new AudioSource
02-05 22:01:37.691  1456  1673 I LaunchCheckinHandler: Displayed com.android.launcher3/.CustomizationPanelLauncher,wp,wa,169
02-05 22:01:37.693 20023 20096 I MicroDataManager: isInitializedWithLatestParams-true
02-05 22:01:37.693 20023 20096 I MicroDataManager: isInitializing-false locale not changed-true model not changed-true
02-05 22:01:37.694 20023 20096 I MicroDataManager: Already initialized, obtaining the hotword data immediately.
02-05 22:01:37.699 20023 20105 I MicroRecognitionRunner: Starting detection.
02-05 22:01:37.699 20023 20105 I InputStreamUtils: Using micInputStream
02-05 22:01:37.700 20023  2762 I MicrophoneInputStream: mic_starting  SR : 16000 CC : 16 SO : 1999
02-05 22:01:37.703   788  1479 V msm8974_platform: platform_check_input_mask: enter check_input_mask source 6 mask 10
02-05 22:01:37.705  1012 10044 I AudioFlinger: AudioFlinger's thread 0xb24833c0 tid=10044 ready to run
02-05 22:01:37.713   788  1479 D audio_hw_primary: in_set_parameters: enter: kvpairs=input_source=6;routing=-2147483644
02-05 22:01:37.714  1012 11031 D APM_AudioPolicyManager: AudioPolicyManager::startInput() input 122334, session 122409, source = 1999
02-05 22:01:37.716 20023  2762 I MicrophoneInputStream: mic_started  SR : 16000 CC : 16 SO : 1999
02-05 22:01:37.716   788 10045 V msm8974_platform: platform_update_usecase_from_source: input source :6
02-05 22:01:37.716   788 10045 V msm8974_platform: platform_check_input_mask: enter check_input_mask source 6 mask 10
02-05 22:01:37.716   788 10045 V msm8974_platform: platform_get_input_snd_device: enter: out_device(0) in_device(0x4) channel_count (1) channel_mask (0x10)
02-05 22:01:37.716   788 10045 V msm8974_platform: platform_get_input_snd_device: exit: in_snd_device(voice-rec-mic)
02-05 22:01:37.716   788 10045 V msm8974_platform: platform_get_backend_index:napb: backend port - 5 device - 120 
02-05 22:01:37.716   788 10045 V msm8974_platform: platform_check_and_set_capture_backend_cfg:txbecf: afe: bitwidth 0, samplerate 0, channel 1, backend_idx 5 usecase = 9 device (voice-rec-mic)
02-05 22:01:37.716   788 10045 V msm8974_platform: platform_check_capture_backend_cfg:txbecf: afe: Codec selected backend: 5 current bit width: 0 and sample rate: 0, channels 1
02-05 22:01:37.717   788 10045 V msm8974_platform: platform_check_capture_backend_cfg:txbecf: afe: Codec selected backend: 5 updated bit width: 0 and sample rate: 0
02-05 22:01:37.717   788 10045 I msm8974_platform: platform_check_capture_backend_cfg:txbecf: afe: Codec backend needs to be updated. new bit width: 0 new sample rate: 0 new channel: 1
02-05 22:01:37.717   788 10045 V msm8974_platform: platform_get_backend_index:napb: backend port - 5 device - 120 
02-05 22:01:37.717   788 10045 V msm8974_platform: platform_set_backend_cfg:becf: afe: bitwidth 0, samplerate 0 channels 1, backend_idx 5 device (voice-rec-mic)
02-05 22:01:37.717   788 10045 E msm8974_platform: platform_set_backend_cfg:becf: afe: Could not get ctl for mixer command - SLIM_0_TX Format
02-05 22:01:37.717   788 10045 V msm8974_platform: platform_send_audio_calibration: sending audio calibration for snd_device(120) acdb_id(62)
02-05 22:01:37.717   788 10045 D ACDB-LOADER: ACDB -> send_audio_cal, acdb_id = 62, path = 1, app id = 0x11130, sample rate = 48000
02-05 22:01:37.717   788 10045 D ACDB-LOADER: ACDB -> send_asm_topology
02-05 22:01:37.717   788 10045 D ACDB-LOADER: ACDB -> ACDB_CMD_GET_AUDPROC_STREAM_TOPOLOGY_ID
02-05 22:01:37.717   788 10045 D ACDB-LOADER: ACDB -> send_adm_topology
02-05 22:01:37.717   788 10045 D ACDB-LOADER: ACDB -> ACDB_CMD_GET_AUDPROC_COMMON_TOPOLOGY_ID
02-05 22:01:37.717   788 10045 D ACDB-LOADER: ACDB -> send_audtable
02-05 22:01:37.717   788 10045 D ACDB-LOADER: ACDB -> ACDB_CMD_GET_AUDPROC_COMMON_TABLE_SIZE
02-05 22:01:37.717   788 10045 D ACDB-LOADER: ACDB -> ACDB_CMD_GET_AUDPROC_COMMON_TABLE
02-05 22:01:37.717   788 10045 D ACDB-LOADER: ACDB -> AUDIO_SET_AUDPROC_CAL
02-05 22:01:37.717   788 10045 D ACDB-LOADER: ACDB -> send_audvoltable
02-05 22:01:37.717   788 10045 D ACDB-LOADER: ACDB -> ACDB_CMD_GET_AUDPROC_VOL_STEP_TABLE_SIZE
02-05 22:01:37.717   788 10045 D ACDB-LOADER: ACDB -> ACDB_CMD_GET_AUDPROC_GAIN_DEP_STEP_TABLE, vol index 0
02-05 22:01:37.717   788 10045 D         : Failed to fetch the lookup information of the device 0000003E 
02-05 22:01:37.718   788 10045 D ACDB-LOADER: ACDB -> AUDIO_SET_VOL_CAL cal type = 12
02-05 22:01:37.718   788 10045 D ACDB-LOADER: ACDB -> ACDB_CMD_GET_AUDPROC_STREAM_TABLE_SIZE
02-05 22:01:37.718   788 10045 D ACDB-LOADER: ACDB -> send_audstrmtable
02-05 22:01:37.718   788 10045 D ACDB-LOADER: ACDB -> ACDB_CMD_GET_AUDPROC_STREAM_TABLE_V2
02-05 22:01:37.718   788 10045 D ACDB-LOADER: ACDB -> audstrm_cal->cal_type.cal_data.cal_size = 456
02-05 22:01:37.718   788 10045 D ACDB-LOADER: ACDB -> send_afe_topology
02-05 22:01:37.718   788 10045 D ACDB-LOADER: ACDB -> ACDB_CMD_GET_AFE_TOPOLOGY_ID
02-05 22:01:37.718   788 10045 D ACDB-LOADER: ACDB -> GET_AFE_TOPOLOGY_ID for adcd_id 62, Topology Id 112fb
02-05 22:01:37.718   788 10045 D ACDB-LOADER: ACDB -> send_afe_cal
02-05 22:01:37.718   788 10045 D ACDB-LOADER: ACDB -> ACDB_CMD_GET_AFE_COMMON_TABLE_SIZE
02-05 22:01:37.718   788 10045 D         : Failed to fetch the lookup information of the device 0000003E 
02-05 22:01:37.718   788 10045 E ACDB-LOADER: Error: ACDB_CMD_GET_AFE_COMMON_TABLE_SIZE Returned = -19
02-05 22:01:37.718   788 10045 D ACDB-LOADER: ACDB -> ACDB_CMD_GET_AFE_COMMON_TABLE
02-05 22:01:37.718   788 10045 D         : Failed to fetch the lookup information of the device 0000003E 
02-05 22:01:37.718   788 10045 D ACDB-LOADER: ACDB -> AUDIO_SET_AFE_CAL
02-05 22:01:37.718   788 10045 D ACDB-LOADER: ACDB -> send_hw_delay : acdb_id = 62 path = 1
02-05 22:01:37.718   788 10045 D ACDB-LOADER: ACDB -> ACDB_AVSYNC_INFO: ACDB_CMD_GET_DEVICE_PROPERTY
02-05 22:01:37.718   788 10045 D audio_hw_primary: enable_snd_device: snd_device(120: voice-rec-mic)
02-05 22:01:37.718   788 10045 D audio_route: Apply path: voice-rec-mic
02-05 22:01:37.721   788 10045 V msm8974_platform: platform_get_snd_device_backend_index: enter with device 120
02-05 22:01:37.721   788 10045 E msm8974_platform: platform_get_snd_device_backend_index: BE DAI Name Table is not present
02-05 22:01:37.721   788 10045 V msm8974_platform: platform_get_backend_index:napb: backend port - 5 device - 120 
02-05 22:01:37.721   788 10045 I audio_hw_utils: Set Audio Stream Capture 0 App Type Cfg: app_type 69936, acdb_dev_id 62, sample_rate 48000, snd_device_be_idx -14
02-05 22:01:37.721   788 10045 D audio_hw_primary: enable_audio_route: usecase(9) apply and update mixer path: audio-record
02-05 22:01:37.722   788 10045 D audio_route: Apply path: audio-record
02-05 22:01:37.794 20023 20165 I MicroDetectionWorker: onReady
02-05 22:01:37.863  2146  2165 I zygote  : NativeAlloc concurrent copying GC freed 19435(1055KB) AllocSpace objects, 0(0B) LOS objects, 49% free, 9MB/19MB, paused 135us total 143.870ms
02-05 22:01:38.093  1456  7796 I OpenGLRenderer: Initialized EGL, version 1.4
02-05 22:01:38.093  1456  7796 D OpenGLRenderer: Swap behavior 2
02-05 22:01:38.126  2748  2917 W OpenGLRenderer: Incorrectly called buildLayer on View: ShortcutAndWidgetContainer, destroying layer...
02-05 22:01:38.226  9631  9631 D GeckoRuntime: Lifecycle: onPause
02-05 22:01:38.227  9631  9631 D GeckoNetworkManager: Incoming event stop for state OnWithListeners -> OffWithListeners
02-05 22:01:38.228  9631  9631 I SessionStorage/AutoSave: Save: Background
02-05 22:01:38.232  9631  9699 D SessionStorage/AutoSave: Saved state to disk [3ms]
02-05 22:01:38.234  9631  9655 I libglean_ffi: glean_core::ping: Collecting baseline
02-05 22:01:38.241  9631  9655 D libglean_ffi: glean_core::ping: Storing ping '7d8824ce-598b-4313-b306-6b161e8ef54e' at '/data/user/0/org.mozilla.fenix.nightly/glean_data/pending_pings/7d8824ce-598b-4313-b306-6b161e8ef54e'
02-05 22:01:38.247  9631  9655 I libglean_ffi: glean_core: The ping 'baseline' was submitted and will be sent as soon as possible
02-05 22:01:38.248  9631  9655 I libglean_ffi: glean_core::ping: Collecting events
02-05 22:01:38.253  9631  9655 D libglean_ffi: glean_core::ping: Storing ping '67a76656-b086-4af4-9977-abc58aeb74ad' at '/data/user/0/org.mozilla.fenix.nightly/glean_data/pending_pings/67a76656-b086-4af4-9977-abc58aeb74ad'
02-05 22:01:38.254  9631  9655 I libglean_ffi: glean_core: The ping 'events' was submitted and will be sent as soon as possible
02-05 22:01:38.287  9718  9718 I Finsky  : [2] ppb.onTrimMemory(1): Memory trim requested to level 80
02-05 22:01:38.288   808   898 I SFPerfTracer:      triggers: (rate: 0:0) (0 sw vsyncs) (0 skipped) (38:3480783 vsyncs) (40:6193396)
02-05 22:01:38.294  1456  1473 D ConnectivityService: requestNetwork for uid/pid:10826/9631 NetworkRequest [ TRACK_DEFAULT id=25024, [ Capabilities: INTERNET&NOT_RESTRICTED&TRUSTED&NOT_VPN] ]
02-05 22:01:38.295  1456  2099 D Ethernet: got request NetworkRequest [ TRACK_DEFAULT id=25024, [ Capabilities: INTERNET&NOT_RESTRICTED&TRUSTED&NOT_VPN] ] with score 60
02-05 22:01:38.296  1456  2054 D WIFI_UT : got request NetworkRequest [ TRACK_DEFAULT id=25024, [ Capabilities: INTERNET&NOT_RESTRICTED&TRUSTED&NOT_VPN] ] with score 60
02-05 22:01:38.296  1456  2054 D WIFI    : got request NetworkRequest [ TRACK_DEFAULT id=25024, [ Capabilities: INTERNET&NOT_RESTRICTED&TRUSTED&NOT_VPN] ] with score 60
02-05 22:01:38.297  2398  2398 D PhoneSwitcherNetworkRequstListener: got request NetworkRequest [ TRACK_DEFAULT id=25024, [ Capabilities: INTERNET&NOT_RESTRICTED&TRUSTED&NOT_VPN] ] with score 60
02-05 22:01:38.306  9631 10048 D glean/PingUploadWorker: Processing persisted pings at /data/user/0/org.mozilla.fenix.nightly/glean_data/pending_pings
02-05 22:01:38.307  9631 10048 D glean/PingUploadWorker: Processing ping: 7d8824ce-598b-4313-b306-6b161e8ef54e
02-05 22:01:38.309  9631 10048 D glean/ConceptFetchHttpUploader: Submitting ping to: https://incoming.telemetry.mozilla.org/submit/org-mozilla-fenix-nightly/baseline/1/7d8824ce-598b-4313-b306-6b161e8ef54e
02-05 22:01:38.658  9631 10048 D glean/ConceptFetchHttpUploader: Ping successfully sent (200)
02-05 22:01:38.658  9631 10048 D glean/PingUploadWorker: 7d8824ce-598b-4313-b306-6b161e8ef54e was deleted: true
02-05 22:01:38.659  9631 10048 D glean/PingUploadWorker: Processing ping: 67a76656-b086-4af4-9977-abc58aeb74ad
02-05 22:01:38.662  9631 10048 D glean/ConceptFetchHttpUploader: Submitting ping to: https://incoming.telemetry.mozilla.org/submit/org-mozilla-fenix-nightly/events/1/67a76656-b086-4af4-9977-abc58aeb74ad
02-05 22:01:38.881  9631 10048 D glean/ConceptFetchHttpUploader: Ping successfully sent (200)
02-05 22:01:38.881  9631 10048 D glean/PingUploadWorker: 67a76656-b086-4af4-9977-abc58aeb74ad was deleted: true
02-05 22:01:38.882  9631  9651 I WM-WorkerWrapper: Worker result SUCCESS for Work [ id=04f16b7d-11bf-45bf-9ba7-8dbe4a94d60d, tags={ mozilla.telemetry.glean.scheduler.PingUploadWorker, mozac_service_glean_ping_upload_worker } ]
02-05 22:01:38.885  1456  2067 D ConnectivityService: releasing NetworkRequest [ TRACK_DEFAULT id=25024, [ Capabilities: INTERNET&NOT_RESTRICTED&TRUSTED&NOT_VPN] ] (release request)
02-05 22:01:42.694  1456  6339 I ActivityManager: Force stopping org.mozilla.fenix.nightly appid=10826 user=0: from pid 10062
02-05 22:01:42.695  1456  6339 I ActivityManager: Killing 9631:org.mozilla.fenix.nightly/u0a826 (adj 700): stop org.mozilla.fenix.nightly
02-05 22:01:42.697  1456  1605 W zygote  : kill(-9631, 9) failed: No such process
02-05 22:01:42.698  9777  9777 I ServiceChildProcess: Service has been unbound. Stopping.
02-05 22:01:42.699  1456  6339 W ActivityManager: Force removing ActivityRecord{2e729d3 u0 org.mozilla.fenix.nightly/org.mozilla.fenix.HomeActivity t23087}: app died, no saved state
02-05 22:01:42.700  9751  9751 I ServiceChildProcess: Service has been unbound. Stopping.
02-05 22:01:42.707  1456  1605 W zygote  : kill(-9631, 9) failed: No such process
02-05 22:01:42.710  1456  6339 I ActivityManager: Killing 9777:org.mozilla.fenix.nightly:socket/u0a826 (adj 0): stop org.mozilla.fenix.nightly
02-05 22:01:42.715  1456  6339 I ActivityManager: Killing 9751:org.mozilla.fenix.nightly:tab/u0a826 (adj 0): stop org.mozilla.fenix.nightly
02-05 22:01:42.719  9718  9718 I Finsky  : [2] ppb.onTrimMemory(1): Memory trim requested to level 80
02-05 22:01:42.722  1456  1605 W zygote  : kill(-9631, 9) failed: No such process
02-05 22:01:42.726  2398  2398 D CarrierSvcBindHelper: No carrier app for: 0
02-05 22:01:42.727  2398  2398 D CarrierSvcBindHelper: No carrier app for: 1
02-05 22:01:42.735  1456  1605 W zygote  : kill(-9631, 9) failed: No such process
02-05 22:01:42.794  1456  1673 W ActivityManager: setHasOverlayUi called on unknown pid: 9631
02-05 22:01:42.795  1456  1605 I chatty  : uid=1000(system) ActivityManager identical 4 lines
02-05 22:01:42.808  1456  1605 W zygote  : kill(-9631, 9) failed: No such process
02-05 22:01:42.808  1456  1605 I zygote  : Successfully killed process cgroup uid 10826 pid 9631 in 111ms
02-05 22:01:42.808  1456  1605 W zygote  : kill(-9777, 9) failed: No such process
02-05 22:01:42.808  1456  1605 I zygote  : Successfully killed process cgroup uid 10826 pid 9777 in 0ms
02-05 22:01:42.809  1456  1605 W zygote  : kill(-9751, 9) failed: No such process
02-05 22:01:42.809  1456  1605 I zygote  : Successfully killed process cgroup uid 10826 pid 9751 in 0ms
02-05 22:01:42.825  1456  3925 I ActivityManager: START u0 {act=android.intent.action.VIEW dat=about:blank typ=text/html flg=0x10000000 cmp=org.mozilla.fenix.nightly/org.mozilla.fenix.IntentReceiverActivity} from uid 2000
02-05 22:01:42.826   794   839 E ANDR-PERF-RESOURCEQS: Failed to apply optimization [4, 0]
02-05 22:01:42.845  1456  1471 I ActivityManager: Start proc 10071:org.mozilla.fenix.nightly/u0a826 for activity org.mozilla.fenix.nightly/org.mozilla.fenix.IntentReceiverActivity
02-05 22:01:42.933 20023 20165 I MicroDetectionState: Should stop hotword detection immediately - false
02-05 22:01:42.933 20023 20165 I MicroDetector: Keeping mic open: false
02-05 22:01:42.934 20023 20165 I RecognitionAudioControl: #shutdownAudio [requestId: 2694721021941164809, keepAudioOpen: false, forced: true]
02-05 22:01:42.934 20023 11076 E DeviceStateChecker: DeviceStateChecker cancelled
02-05 22:01:42.934 20023 20165 I RecognitionAudioControl: #internalShutdownAudio [requestId: 2694721021941164809]
02-05 22:01:42.934 20023 20165 I RecognitionAudioControl: #internalShutdownAudio [keepAudioOpen: false, forced: true]
02-05 22:01:42.934 20023 20165 I RecognitionAudioControl: #actualShutdownAudio
02-05 22:01:42.934 20023 20165 I AudioController: #shutdown [requestId=2694721021941164809]
02-05 22:01:42.934 20023 20097 I AudioController: internalShutdown
02-05 22:01:42.934 20023 20113 I MicroRecognitionRunner: Stopping hotword detection.
02-05 22:01:42.982 10071 10071 D FirebaseApp: com.google.firebase.auth.FirebaseAuth is not linked. Skipping initialization.
02-05 22:01:42.983 10071 10071 D FirebaseApp: com.google.firebase.crash.FirebaseCrash is not linked. Skipping initialization.
02-05 22:01:42.983 10071 10071 I FirebaseInitProvider: FirebaseApp initialization successful
02-05 22:01:42.991   788  1479 D audio_hw_primary: disable_audio_route: usecase(9) reset and update mixer path: audio-record
02-05 22:01:42.992   788  1479 D audio_hw_primary: disable_snd_device: snd_device(120: voice-rec-mic)
02-05 22:01:42.993  1012 13178 D APM_AudioPolicyManager: stopInput() input 122334, session 122409
02-05 22:01:42.994   788  1479 D audio_hw_primary: in_set_parameters: enter: kvpairs=routing=0
02-05 22:01:42.995 20023 20097 I MicrophoneInputStream: mic_close  SR : 16000 CC : 16 SO : 1999
02-05 22:01:42.996 20023 20097 E AudioSource: Stop listening is called on already closed AudioSource
02-05 22:01:42.997 20023 20105 I MicroRecognitionRunner: Detection finished
02-05 22:01:43.043 10071 10089 I FA      : Collection disabled with firebase_analytics_collection_enabled=0
02-05 22:01:43.044 10071 10089 I FA      : App measurement is starting up, version: 12780
02-05 22:01:43.044 10071 10089 I FA      : To enable debug logging run: adb shell setprop log.tag.FA VERBOSE
02-05 22:01:43.044 10071 10089 I FA      : To enable faster debug mode event logging run:
02-05 22:01:43.044 10071 10089 I FA      :   adb shell setprop debug.firebase.analytics.app org.mozilla.fenix.nightly
02-05 22:01:43.049 10071 10071 D FenixApplication: Initializing Glean (uploadEnabled=true, isFennec=false)
02-05 22:01:43.065 10071 10071 D libglean_ffi: glean_ffi: Android logging should be hooked up!
02-05 22:01:43.067 10071 10071 I glean/Glean: Registering pings for mozilla.telemetry.glean.GleanMetrics.Pings
02-05 22:01:43.072 10071 10071 I libglean_ffi: glean_core: Creating new Glean
02-05 22:01:43.072 10071 10071 D libglean_ffi: glean_core::database: Database path: "/data/user/0/org.mozilla.fenix.nightly/glean_data/db"
02-05 22:01:43.073 10071 10071 I libglean_ffi: glean_core::database: Database initialized
02-05 22:01:43.073 10071 10071 I libglean_ffi: glean_ffi: Glean initialized
02-05 22:01:43.089 10071 10071 D glean/MetricsPingSched: The 'metrics' ping was last sent on Wed Feb 05 00:00:00 EST 2020
02-05 22:01:43.090 10071 10071 I glean/MetricsPingSched: The 'metrics' ping was already sent today, Wed Feb 05 22:01:43 EST 2020.
02-05 22:01:43.090 10071 10071 D glean/MetricsPingSched: Scheduling the 'metrics' ping in 21496922ms
02-05 22:01:43.092 10071 10097 D libglean_ffi: glean_core: Clearing Lifetime::Application metrics
02-05 22:01:43.121 10071 10071 I glean/Dispatchers: Initial tasks queue completed successfully
02-05 22:01:43.127 10071 10101 D RustNativeSupport: findMegazordLibraryName(viaduct, 0.48.3
02-05 22:01:43.127 10071 10101 D RustNativeSupport: lib in use: none
02-05 22:01:43.127 10071 10101 D RustNativeSupport: lib configured: fenix
02-05 22:01:43.128 10071 10101 D RustNativeSupport: lib version configured: 0.48.3
02-05 22:01:43.128 10071 10101 D RustNativeSupport: settled on fenix
02-05 22:01:43.131  9718  9800 I Finsky  : [245968] hcp.a(24): No selector loaded
02-05 22:01:43.134  9718  9800 I zygote  : Deoptimizing void aoln.a(java.lang.Iterable, java.util.List) due to JIT inline cache
02-05 22:01:43.140 10071 10076 I zygote  : Do partial code cache collection, code=17KB, data=16KB
02-05 22:01:43.142 10071 10076 I zygote  : After code cache collection, code=17KB, data=16KB
02-05 22:01:43.142 10071 10076 I zygote  : Increasing code cache capacity to 128KB
02-05 22:01:43.143  9718  9800 I Finsky  : [245968] ill.d(66): System was updated or GL extensions were already cached.
02-05 22:01:43.146 10071 10101 D RustNativeSupport: findMegazordLibraryName(rustlog, 0.48.3
02-05 22:01:43.146 10071 10101 D RustNativeSupport: lib in use: none
02-05 22:01:43.146 10071 10101 D RustNativeSupport: lib configured: fenix
02-05 22:01:43.146 10071 10101 D RustNativeSupport: lib version configured: 0.48.3
02-05 22:01:43.146 10071 10101 D RustNativeSupport: settled on fenix
02-05 22:01:43.148 10071 10101 I rc_log_ffi::ios: rc_log adapter initialized!
02-05 22:01:43.188  9718  9829 I Finsky  : [245982] ebh.run(3): Initializing the instant apps module.
02-05 22:01:43.191 10071 10071 D GeckoThread: State changed to LAUNCHED
02-05 22:01:43.191 10071 10107 I GeckoThread: preparing to run Gecko
02-05 22:01:43.196  9718  9864 I Finsky  : [246008] rgo.c(1): Triggered update for experiment package com.google.android.finsky.stable.
02-05 22:01:43.199 10071 10071 D GeckoRuntime: Lifecycle: onCreate
02-05 22:01:43.200 10071 10107 D GeckoThread: State changed to MOZGLUE_READY
02-05 22:01:43.213 10071 10107 W Settings: Setting animator_duration_scale has moved from android.provider.Settings.System to android.provider.Settings.Global, returning read-only global URI.
02-05 22:01:43.214 10071 10071 I zygote  : Deoptimizing java.lang.Object androidx.collection.SimpleArrayMap.put(java.lang.Object, java.lang.Object) due to JIT inline cache
02-05 22:01:43.215 10071 10107 E GeckoLibLoad: Load sqlite start
02-05 22:01:43.220 10071 10071 D GleanMetricsService: Enabling Glean.
02-05 22:01:43.235 10071 10107 W GeckoLinker: /data/app/org.mozilla.fenix.nightly-u-XzcjKihf0G9w17ko0s_Q==/lib/arm/libnss3.so: unhandled flags #8 not handled
02-05 22:01:43.237 10071 10097 I libglean_ffi: glean_core: Upload enabled: true
02-05 22:01:43.241 10071 10107 W GeckoLinker: /data/app/org.mozilla.fenix.nightly-u-XzcjKihf0G9w17ko0s_Q==/lib/arm/libnss3.so: Relocation to NULL @0x001c7ffc for symbol "__cxa_type_match"
02-05 22:01:43.242 10071 10107 E GeckoLibLoad: Load sqlite done
02-05 22:01:43.242 10071 10107 E GeckoLibLoad: Load nss start
02-05 22:01:43.242 10071 10107 E GeckoLibLoad: Load nss done
02-05 22:01:43.243 10071 10107 W GeckoLinker: /data/app/org.mozilla.fenix.nightly-u-XzcjKihf0G9w17ko0s_Q==/lib/arm/libxul.so: unhandled flags #8 not handled
02-05 22:01:43.243 10071 10107 W GeckoLinker: /data/app/org.mozilla.fenix.nightly-u-XzcjKihf0G9w17ko0s_Q==/lib/arm/liblgpllibs.so: unhandled flags #8 not handled
02-05 22:01:43.277 10071 10107 E GeckoLibLoad: Loaded libs in 34.794743ms total, 30ms(76ms) user, 3ms(6ms) system, 0(0) faults
02-05 22:01:43.277 10071 10107 D GeckoThread: State changed to LIBS_READY
02-05 22:01:43.279 10071 10107 W GeckoThread: zerdatime 13486197046 - runGecko
02-05 22:01:43.283 10071 10107 D GeckoProfile: Loading profile at: null name: default
02-05 22:01:43.285 10071 10107 D GeckoProfile: Found profile dir: /data/user/0/org.mozilla.fenix.nightly/files/mozilla/f6vs7bee.default
02-05 22:01:43.289  9718  9816 I Finsky  : [245978] zws.f(2): Restoring notifications
02-05 22:01:43.299  9718  9810 I Finsky  : [245974] ebd.run(8): Component class com.google.android.finsky.wear.WearSupportService disabled via PackageManager.
02-05 22:01:43.301  9718  9810 I Finsky  : [245974] ebd.run(8): Component class com.google.android.finsky.wear.WearChangeListenerService disabled via PackageManager.
02-05 22:01:43.304  9718  9829 I Finsky  : [245982] abfm.a(10): Do not start WearSupportService due to Wear service optimization
02-05 22:01:43.306 10071 10071 W [WARNING][Leanplum]: [com.leanplum.internal.ActionManager::getLocationManager::8]: Geofencing support requires leanplum-location module and Google Play Services v8.1 and higher.
02-05 22:01:43.306 10071 10071 W [WARNING][Leanplum]: Add this to your build.gradle file:
02-05 22:01:43.306 10071 10071 W [WARNING][Leanplum]: implementation 'com.google.android.gms:play-services-location:8.3.0+'
02-05 22:01:43.306 10071 10071 W [WARNING][Leanplum]: implementation 'com.leanplum:leanplum-location:+'
02-05 22:01:43.321 10071 10071 I [INFO][Leanplum]: [com.leanplum.monitoring.ExceptionHandler::setContext::6]: LeanplumExceptionHandler could not initialize Exception Reporting.This is expected if you have not included the leanplum-monitoring module
02-05 22:01:43.323  9718  9816 I Finsky  : [245978] zws.f(6): Done restoring notifications
02-05 22:01:43.331 10071 10114 I [INFO][Leanplum]: [com.leanplum.LeanplumFcmProvider::isManifestSetup::11]: Firebase Messaging is setup correctly.
02-05 22:01:43.341 10071 10071 I FirefoxAccountStateMachine: Enabling/updating sync with a new SyncConfig: SyncConfig(supportedEngines=[mozilla.components.service.fxa.SyncEngine$History@df68371, mozilla.components.service.fxa.SyncEngine$Bookmarks@8689556, mozilla.components.service.fxa.SyncEngine$Passwords@88bf9d7], syncPeriodInMinutes=240)
02-05 22:01:43.345 10071 10071 I BgSyncManager: Periodic syncing enabled at a 240 interval
02-05 22:01:43.346 10071 10071 I FirefoxAccountStateMachine: Sync is enabled
02-05 22:01:43.346 10071 10071 D PushConfig: Creating push configuration for autopush.
02-05 22:01:43.353 10071 10121 D AutoPushFeature: Initializing native component with the cached token.
02-05 22:01:43.356 10071 10121 D RustNativeSupport: findMegazordLibraryName(push, 0.48.3
02-05 22:01:43.356 10071 10121 D RustNativeSupport: lib in use: none
02-05 22:01:43.357 10071 10121 D RustNativeSupport: lib configured: fenix
02-05 22:01:43.357 10071 10121 D RustNativeSupport: lib version configured: 0.48.3
02-05 22:01:43.357 10071 10121 D RustNativeSupport: settled on fenix
02-05 22:01:43.362 10071 10123 I FirefoxAccountStateMachine: Processing event Event$Init for state Start. Next state is Start
02-05 22:01:43.363 10071 10071 I App     : AutoPushFeature is configured, initializing it...
02-05 22:01:43.364 10071 10071 I AutoPushFeature: Checking validity of push subscriptions.
02-05 22:01:43.391 10071 10123 I FirefoxAccountStateMachine: Ran 'Event$Init' side-effects for state Start, got successive event Event$AccountNotFound
02-05 22:01:43.392 10071 10123 I FirefoxAccountStateMachine: Processing event Event$AccountNotFound for state Start. Next state is NotAuthenticated
02-05 22:01:43.396 10071 10123 D RustNativeSupport: findMegazordLibraryName(fxaclient, 0.48.3
02-05 22:01:43.396 10071 10123 D RustNativeSupport: lib in use: none
02-05 22:01:43.396 10071 10123 D RustNativeSupport: lib configured: fenix
02-05 22:01:43.396 10071 10123 D RustNativeSupport: lib version configured: 0.48.3
02-05 22:01:43.396 10071 10123 D RustNativeSupport: settled on fenix
02-05 22:01:43.400 10071 10123 D fxaclient_ffi: fxa_new
02-05 22:01:43.415  9718  9864 I Finsky  : [246008] rgo.c(8): Already at the latest configurations for experiment package com.google.android.finsky.stable.
02-05 22:01:43.415  9718  9854 I Finsky  : [246003] rgo.c(1): Triggered update for experiment package com.google.android.finsky.regular.
02-05 22:01:43.420 10071 10071 D GeckoRuntime: Lifecycle: onStart
02-05 22:01:43.429 10071 10071 D GeckoRuntime: Lifecycle: onResume
02-05 22:01:43.431 10071 10071 D GeckoNetworkManager: Incoming event start for state OffNoListeners -> OnNoListeners
02-05 22:01:43.432 10071 10071 D GeckoNetworkManager: New network state: UP, WIFI, WIFI
02-05 22:01:43.433 10071 10114 D NetworkSecurityConfig: No Network Security Config specified, using platform default
02-05 22:01:43.451 10071 10134 D OpenGLRenderer: HWUI GL Pipeline
02-05 22:01:43.463 10071 10071 I glean/Glean: Registering pings for org.mozilla.fenix.GleanMetrics.Pings
02-05 22:01:43.497 10071 10071 D App     : ActivationPing - already generated
02-05 22:01:43.563  9718  9854 I Finsky  : [246003] rgo.c(8): Already at the latest configurations for experiment package com.google.android.finsky.regular.
02-05 22:01:43.570 10071 10076 I zygote  : Do partial code cache collection, code=52KB, data=36KB
02-05 22:01:43.574 10071 10076 I zygote  : After code cache collection, code=50KB, data=35KB
02-05 22:01:43.574 10071 10076 I zygote  : Increasing code cache capacity to 256KB
02-05 22:01:43.618  1456  1471 I ActivityManager: START u0 {act=android.intent.action.VIEW dat=about:blank typ=text/html flg=0x10000000 cmp=org.mozilla.fenix.nightly/org.mozilla.fenix.HomeActivity (has extras)} from uid 10826
02-05 22:01:43.627 10071 10071 D GeckoNetworkManager: Incoming event receivedUpdate for state OnNoListeners -> OnNoListeners
02-05 22:01:43.629 10071 10071 D GeckoNetworkManager: New network state: UP, WIFI, WIFI
02-05 22:01:43.632  1456  2921 I WifiService: getDhcpInfo uid=10826
02-05 22:01:43.642 10071 10134 I Adreno  : QUALCOMM build                   : bb5b86c, I77d3059488
02-05 22:01:43.642 10071 10134 I Adreno  : Build Date                       : 06/07/18
02-05 22:01:43.642 10071 10134 I Adreno  : OpenGL ES Shader Compiler Version: EV031.22.00.01_06
02-05 22:01:43.642 10071 10134 I Adreno  : Local Branch                     : 
02-05 22:01:43.642 10071 10134 I Adreno  : Remote Branch                    : refs/tags/AU_LINUX_ANDROID_LA.UM.6.5.R1.08.01.00.312.086
02-05 22:01:43.642 10071 10134 I Adreno  : Remote Branch                    : NONE
02-05 22:01:43.642 10071 10134 I Adreno  : Reconstruct Branch               : NOTHING
02-05 22:01:43.643 10071 10134 D vndksupport: Loading /vendor/lib/hw/gralloc.msm8937.so from current namespace instead of sphal namespace.
02-05 22:01:43.654 10071 10134 I Adreno  : PFP: 0x005ff087, ME: 0x005ff063
02-05 22:01:43.662 10071 10134 I zygote  : android::hardware::configstore::V1_0::ISurfaceFlingerConfigs::hasWideColorDisplay retrieved: 0
02-05 22:01:43.663 10071 10134 I OpenGLRenderer: Initialized EGL, version 1.4
02-05 22:01:43.663 10071 10134 D OpenGLRenderer: Swap behavior 2
02-05 22:01:43.676 10071 10071 I [INFO][Leanplum]: [com.leanplum.LeanplumCloudMessagingProvider::onRegistrationIdReceived::3]: Device registered for push notifications with registration token, d4z0lmudWSU:APA91bHBnx2htw1zBy250B0aICBZKmEW4WwzscFpIO37oo3s5-94W5m19mG2Ox10GdQE5CKXzSC4YMdDc1Q7LTWZTBVv9CaJU8UTnoxpMLYPeJsFr8JOYkDcl8v-gHDZz0-z799IUDTj
02-05 22:01:43.694 10071 10107 I Gecko:DumpUtils: Fifo watcher disabled via pref.
02-05 22:01:43.697  1456  1889 I WindowManager: Keep hide if surface has never drawn Window{217a47f u0 org.mozilla.fenix.nightly/org.mozilla.fenix.IntentReceiverActivity}
02-05 22:01:43.700  1456  1889 I WindowManager: Failed to capture screenshot of Token{b6b5ca2 ActivityRecord{8ede86d u0 org.mozilla.fenix.nightly/org.mozilla.fenix.IntentReceiverActivity t23088 f}} appWin=Window{217a47f u0 org.mozilla.fenix.nightly/org.mozilla.fenix.IntentReceiverActivity} drawState=3
02-05 22:01:43.706  1456  1673 I LaunchCheckinHandler: Displayed org.mozilla.fenix.nightly/org.mozilla.fenix.IntentReceiverActivity,cp,ca,872
02-05 22:01:43.735 10071 10107 D GeckoSysInfo: System memory: 1867MB.
02-05 22:01:43.741 10071 10107 D GeckoThread: State changed to JNI_READY
02-05 22:01:43.742 10071 10071 D PhoneWindow: Restoring navigation bar divider color to default value = 0x00000000
02-05 22:01:43.762  1456  2921 I ActivityManager: Start proc 10174:org.mozilla.fenix.nightly:tab/u0a826 for service org.mozilla.fenix.nightly/org.mozilla.gecko.process.GeckoServiceChildProcess$tab
02-05 22:01:43.803 10071 10071 I NavController: Ignoring popBackStack to destination org.mozilla.fenix.nightly:id/browserFragment as it was not found on the current back stack
02-05 22:01:43.829  9718  9726 I zygote  : Compiler allocated 7MB to compile java.lang.Object ajiz.call()
02-05 22:01:43.840  9718  9718 I Finsky  : [2] ulg.run(5): Detected restoreservicev2://recovery not needed, will not run
02-05 22:01:43.896  1456  1471 I ActivityManager: Start proc 10195:org.mozilla.fenix.nightly:socket/u0a826 for service org.mozilla.fenix.nightly/org.mozilla.gecko.process.GeckoServiceChildProcess$socket
02-05 22:01:43.913 10174 10174 D GeckoThread: State changed to LAUNCHED
02-05 22:01:43.914 10174 10209 I GeckoThread: preparing to run Gecko
02-05 22:01:43.980 10071 10135 D RustNativeSupport: findMegazordLibraryName(places, 0.48.3
02-05 22:01:43.980 10071 10135 D RustNativeSupport: lib in use: none
02-05 22:01:43.980 10071 10135 D RustNativeSupport: lib configured: fenix
02-05 22:01:43.981 10071 10135 D RustNativeSupport: lib version configured: 0.48.3
02-05 22:01:43.981 10071 10135 D RustNativeSupport: settled on fenix
02-05 22:01:43.984 10071 10135 D places_ffi: places_api_new
02-05 22:01:44.027 10195 10195 D GeckoThread: State changed to LAUNCHED
02-05 22:01:44.028 10195 10214 I GeckoThread: preparing to run Gecko
02-05 22:01:44.034 10071 10135 D sql_support::conn_ext: Transaction commited after 34.30792ms
02-05 22:01:44.036 10071 10135 D places_ffi: places_connection_new
02-05 22:01:44.040 10071 10135 D places_ffi: places_connection_new
02-05 22:01:44.051  9718 10216 I Finsky  : [246025] akhc.a(2): registerListener
02-05 22:01:44.054  9718 10216 I Finsky  : [246025] joc.a(2): getDownloads(-)
02-05 22:01:44.057 10071 10135 D places_ffi: bookmarks_get_all_with_url
02-05 22:01:44.057  9718 10216 I Finsky  : [246025] ekx.run(7): Initialized AssetModuleDownloader.
02-05 22:01:44.058  9718 10219 I Finsky  : [246027] akhk.a(7): Initiate binding to the service.
02-05 22:01:44.072  1456  2921 I ActivityManager: Start proc 10220:com.android.vending:download_service/u0a62 for service com.android.vending/com.google.android.finsky.downloadservice.DownloadService
02-05 22:01:44.076 10071 10123 W FirefoxAccountStateMachine: Got invalid event Event$Init for state NotAuthenticated.
02-05 22:01:44.089 10071 10076 I zygote  : Do full code cache collection, code=121KB, data=84KB
02-05 22:01:44.090   808   808 I SFPerfTracer:      triggers: (rate: 50:549395) (compose: 0:6) (post: 0:14) (render: 0:11) (16:4652761 frames) (17:6144359)
02-05 22:01:44.091   808   808 D SFPerfTracer:        layers: (3:15) (NavigationBar#0 (0xb07df000): 10:505022) (StatusBar#0 (0xb07e3000): 10:1447850) (com.android.systemui.ImageWallpaper#0 (0xb07e7000): 0:43762)* (Sprite#0 (0xb0733000): 0:317)* (DimLayerController/Stack=0#0 (0xb075a000): 0:3589)* (Sprite#1 (0xb077c000): 0:195)* (com.android.launcher3/com.android.launcher3.CustomizationPanelLauncher#0 (0xb0763000): 0:39)- (com.android.launcher3/com.android.launcher3.CustomizationPanelLauncher#1 (0xb0771000): 0:7)- (org.mozilla.fenix.nightly/org.mozilla.fenix.IntentReceiverActivity#0 (0xb0384000): 0:5)- (Splash Screen org.mozilla.fenix.nightly#0 (0xb039b000): 0:31)- (org.mozilla.fenix.nightly/org.mozilla.fenix.HomeActivity#0 (0xb00e1000): 0:62)- (com.android.launcher3/com.android.launcher3.CustomizationPanelLauncher#0 (0xb0763000): 0:42)* (com.android.launcher3/com.android.launcher3.CustomizationPanelLauncher#1 (0xb0771000): 0:11)* (org.mozilla.fenix.nightly/org.mozilla.fenix.IntentReceiverActivity#0 (0xb0384000): 0:4)* 
02-05 22:01:44.091 10071 10076 I zygote  : After code cache collection, code=94KB, data=53KB
02-05 22:01:44.130  9718  9718 I Finsky  : [2] ppb.onTrimMemory(1): Memory trim requested to level 80
02-05 22:01:44.138 10220 10220 I Finsky:download_service: [2] ebz.aG(7): Process created at version: 18.6.33-all [0] [PR] 292279539
02-05 22:01:44.146 10071 10212 W LOTTIE  : Animation contains merge paths. Merge paths are only supported on KitKat+ and must be manually enabled by calling enableMergePathsForKitKatAndAbove().
02-05 22:01:44.148 10195 10214 D GeckoThread: State changed to MOZGLUE_READY
02-05 22:01:44.164 10195 10214 W Settings: Setting animator_duration_scale has moved from android.provider.Settings.System to android.provider.Settings.Global, returning read-only global URI.
02-05 22:01:44.168 10195 10214 E GeckoLibLoad: Load sqlite start
02-05 22:01:44.182  1456  5907 D ConnectivityService: requestNetwork for uid/pid:10062/10220 NetworkRequest [ TRACK_DEFAULT id=25025, [ Capabilities: INTERNET&NOT_RESTRICTED&TRUSTED&NOT_VPN] ]
02-05 22:01:44.184  1456  2054 D WIFI_UT : got request NetworkRequest [ TRACK_DEFAULT id=25025, [ Capabilities: INTERNET&NOT_RESTRICTED&TRUSTED&NOT_VPN] ] with score 60
02-05 22:01:44.184  1456  2054 D WIFI    : got request NetworkRequest [ TRACK_DEFAULT id=25025, [ Capabilities: INTERNET&NOT_RESTRICTED&TRUSTED&NOT_VPN] ] with score 60
02-05 22:01:44.184  2398  2398 D PhoneSwitcherNetworkRequstListener: got request NetworkRequest [ TRACK_DEFAULT id=25025, [ Capabilities: INTERNET&NOT_RESTRICTED&TRUSTED&NOT_VPN] ] with score 60
02-05 22:01:44.186 10220 10239 I Finsky:download_service: [245989] jhm.onAvailable(3): Network is available [NetworkState{connected=true, wifi=true, metered=false, roaming=false}].
02-05 22:01:44.192 10195 10214 W GeckoLinker: /data/app/org.mozilla.fenix.nightly-u-XzcjKihf0G9w17ko0s_Q==/lib/arm/libnss3.so: unhandled flags #8 not handled
02-05 22:01:44.194  1456  2099 D Ethernet: got request NetworkRequest [ TRACK_DEFAULT id=25025, [ Capabilities: INTERNET&NOT_RESTRICTED&TRUSTED&NOT_VPN] ] with score 60
02-05 22:01:44.199  9718  9718 I Finsky  : [2] akhq.onServiceConnected(2): ServiceConnectionImpl.onServiceConnected(ComponentInfo{com.android.vending/com.google.android.finsky.downloadservice.DownloadService})
02-05 22:01:44.199 10195 10214 W GeckoLinker: /data/app/org.mozilla.fenix.nightly-u-XzcjKihf0G9w17ko0s_Q==/lib/arm/libnss3.so: Relocation to NULL @0x001c7ffc for symbol "__cxa_type_match"
02-05 22:01:44.199 10195 10214 E GeckoLibLoad: Load sqlite done
02-05 22:01:44.200  9718 10219 I Finsky  : [246027] akho.a(3): linkToDeath
02-05 22:01:44.200 10195 10214 E GeckoLibLoad: Load nss start
02-05 22:01:44.200 10195 10214 E GeckoLibLoad: Load nss done
02-05 22:01:44.200 10195 10214 W GeckoLinker: /data/app/org.mozilla.fenix.nightly-u-XzcjKihf0G9w17ko0s_Q==/lib/arm/libxul.so: unhandled flags #8 not handled
02-05 22:01:44.201 10195 10214 W GeckoLinker: /data/app/org.mozilla.fenix.nightly-u-XzcjKihf0G9w17ko0s_Q==/lib/arm/liblgpllibs.so: unhandled flags #8 not handled
02-05 22:01:44.202 10220 10233 I Finsky:download_service: [245983] jiq.a(12): Starting getDownloads().
02-05 22:01:44.211  9718  9726 I zygote  : Do partial code cache collection, code=112KB, data=93KB
02-05 22:01:44.213  9718  9726 I zygote  : After code cache collection, code=110KB, data=92KB
02-05 22:01:44.213  9718  9726 I zygote  : Increasing code cache capacity to 512KB
02-05 22:01:44.231  1456  2921 I ActivityManager: Displayed org.mozilla.fenix.nightly/org.mozilla.fenix.HomeActivity: +550ms (total +1s397ms)
02-05 22:01:44.231  1456  2921 I ActivityManager: Fully drawn org.mozilla.fenix.nightly/org.mozilla.fenix.HomeActivity: +550ms (total +1s397ms)
02-05 22:01:44.246 10195 10214 E GeckoLibLoad: Loaded libs in 45.951099ms total, 23ms(26ms) user, 20ms(16ms) system, 0(0) faults
02-05 22:01:44.246 10195 10214 D GeckoThread: State changed to LIBS_READY
02-05 22:01:44.246 10195 10214 W GeckoThread: zerdatime 13486198014 - runGecko
02-05 22:01:44.251  9718 10219 I Finsky  : [246027] akhl.a(2): Unbind from service.
02-05 22:01:44.253  9718  9737 I Finsky  : [245956] jnv.d(6): onGetDownloads()
02-05 22:01:44.280 10071 10134 D vndksupport: Loading /vendor/lib/hw/android.hardware.graphics.mapper@2.0-impl.so from current namespace instead of sphal namespace.
02-05 22:01:44.281 10071 10076 I zygote  : Do partial code cache collection, code=121KB, data=80KB
02-05 22:01:44.283 10071 10076 I zygote  : After code cache collection, code=121KB, data=80KB
02-05 22:01:44.283 10071 10076 I zygote  : Increasing code cache capacity to 512KB
02-05 22:01:44.283 10071 10134 D vndksupport: Loading /vendor/lib/hw/gralloc.msm8937.so from current namespace instead of sphal namespace.
02-05 22:01:44.320 10071 10071 W LOTTIE  : Animation contains merge paths but they are disabled.
02-05 22:01:44.380 20023 20023 I MemoryTrimmer: Trimming objects from memory, since app is in the background.
02-05 22:01:44.391 20023  2762 I PBSessionCacheImpl: Deleted sessionId[88063665787505001] from persistence.
02-05 22:01:44.403  1456  1471 I WifiService: getWifiEnabledState uid=10073
02-05 22:01:44.409 20023 20165 W SearchServiceCore: Abort, client detached.
02-05 22:01:44.412 20023 20023 I MemoryTrimmer: Trimming objects from memory, since app is in the background.
02-05 22:01:44.452 10195 10214 D GeckoThread: State changed to RUNNING
02-05 22:01:44.465  1456  1466 I zygote  : Background concurrent copying GC freed 70393(4MB) AllocSpace objects, 42(1928KB) LOS objects, 40% free, 35MB/59MB, paused 167us total 370.155ms
02-05 22:01:44.611 10071 10107 I Gecko   : 1580958104608	addons.xpi	WARN	List of valid built-in add-ons could not be parsed.: [Exception... "Component returned failure code: 0x80520012 (NS_ERROR_FILE_NOT_FOUND) [nsIXPCComponents_Utils.readUTF8URI]"  nsresult: "0x80520012 (NS_ERROR_FILE_NOT_FOUND)"  location: "JS frame :: resource://gre/modules/addons/XPIProvider.jsm :: startup :: line 2365"  data: no] Stack trace: startup()@resource://gre/modules/addons/XPIProvider.jsm:2365
02-05 22:01:44.611 10071 10107 I Gecko   : callProvider()@resource://gre/modules/AddonManager.jsm:215
02-05 22:01:44.611 10071 10107 I Gecko   : _startProvider()@resource://gre/modules/AddonManager.jsm:587
02-05 22:01:44.611 10071 10107 I Gecko   : startup()@resource://gre/modules/AddonManager.jsm:811
02-05 22:01:44.611 10071 10107 I Gecko   : startup()@resource://gre/modules/AddonManager.jsm:3481
02-05 22:01:44.611 10071 10107 I Gecko   : observe()@resource://gre/modules/addonManager.js:87
02-05 22:01:44.769 10071 10107 D GeckoThread: State changed to PROFILE_READY
02-05 22:01:44.849 10071 10107 D GeckoThread: State changed to RUNNING
02-05 22:01:44.865 10071 10107 W GeckoEventDispatcher: No listener for AndroidCastDevice:SyncDevice
02-05 22:01:44.871 10071 10107 I Gecko   : -*- nsDNSServiceDiscovery.js : nsDNSServiceDiscovery
02-05 22:01:44.972 10071 10107 W ResourceType: Too many attribute references, stopped at: 0x01010099
02-05 22:01:45.204 10071 10071 D GeckoNetworkManager: Incoming event enableNotifications for state OnNoListeners -> OnWithListeners
02-05 22:01:45.205 10071 10071 D GeckoNetworkManager: New network state: UP, WIFI, WIFI
02-05 22:01:45.206 10071 10071 D GeckoNetworkManager: Incoming event receivedUpdate for state OnWithListeners -> OnWithListeners
02-05 22:01:45.208 10071 10071 D GeckoNetworkManager: New network state: UP, WIFI, WIFI
02-05 22:01:45.227 10071 10107 W GeckoEventDispatcher: No listener for GeckoView:AccessibilityEnabled
02-05 22:01:45.228 10071 10107 W GeckoLinker: /data/app/org.mozilla.fenix.nightly-u-XzcjKihf0G9w17ko0s_Q==/lib/arm/libsoftokn3.so: unhandled flags #8 not handled
02-05 22:01:45.229 10071 10107 W GeckoLinker: /data/app/org.mozilla.fenix.nightly-u-XzcjKihf0G9w17ko0s_Q==/lib/arm/libsoftokn3.so: Relocation to NULL @0x0002dffc for symbol "__cxa_type_match"
02-05 22:01:45.230 10071 10107 W GeckoLinker: /data/app/org.mozilla.fenix.nightly-u-XzcjKihf0G9w17ko0s_Q==/lib/arm/libfreebl3.so: unhandled flags #8 not handled
02-05 22:01:45.231 10071 10107 W GeckoLinker: /data/app/org.mozilla.fenix.nightly-u-XzcjKihf0G9w17ko0s_Q==/lib/arm/libfreebl3.so: Relocation to NULL @0x0004fffc for symbol "__cxa_type_match"
