03-20 11:26:03.879 15627 15627 W BugleDataModel: ActionExecutorImpl: Action started execution, but we can't guarantee it will complete, the app may be killed. Action: class com.google.android.apps.messaging.shared.datamodel.action.SelfParticipantsRefreshAction-SelfParticipantsRefreshAction:17245937266006
03-20 11:26:03.879 15627 15627 W BugleDataModel: java.lang.IllegalStateException: Not allowed to start service Intent { cmp=com.google.android.apps.messaging/.shared.datamodel.action.execution.ActionExecutorImpl$EmptyService }: app is in background uid UidRecord{99e1b85 u0a110 CEM  idle change:cached procs:1 seq(0,0,0)}
03-20 11:26:03.879 15627 15627 W BugleDataModel: 	at android.app.ContextImpl.startServiceCommon(ContextImpl.java:1536)
03-20 11:26:03.879 15627 15627 W BugleDataModel: 	at android.app.ContextImpl.startService(ContextImpl.java:1492)
03-20 11:26:03.879 15627 15627 W BugleDataModel: 	at android.content.ContextWrapper.startService(ContextWrapper.java:650)
03-20 11:26:03.879 15627 15627 W BugleDataModel: 	at com.google.android.apps.messaging.shared.datamodel.action.execution.ActionExecutorImpl.a(PG:94)
03-20 11:26:03.879 15627 15627 W BugleDataModel: 	at com.google.android.apps.messaging.shared.datamodel.action.execution.ActionExecutorImpl.a(PG:89)
03-20 11:26:03.879 15627 15627 W BugleDataModel: 	at fib.c(PG:113)
03-20 11:26:03.879 15627 15627 W BugleDataModel: 	at fhy.run(PG:1)
03-20 11:26:03.879 15627 15627 W BugleDataModel: 	at zit.run(PG:3)
03-20 11:26:03.879 15627 15627 W BugleDataModel: 	at android.os.Handler.handleCallback(Handler.java:790)
03-20 11:26:03.879 15627 15627 W BugleDataModel: 	at android.os.Handler.dispatchMessage(Handler.java:99)
03-20 11:26:03.879 15627 15627 W BugleDataModel: 	at android.os.Looper.loop(Looper.java:164)
03-20 11:26:03.879 15627 15627 W BugleDataModel: 	at android.app.ActivityThread.main(ActivityThread.java:6626)
03-20 11:26:03.879 15627 15627 W BugleDataModel: 	at java.lang.reflect.Method.invoke(Native Method)
03-20 11:26:03.879 15627 15627 W BugleDataModel: 	at com.android.internal.os.RuntimeInit$MethodAndArgsCaller.run(RuntimeInit.java:438)
03-20 11:26:03.879 15627 15627 W BugleDataModel: 	at com.android.internal.os.ZygoteInit.main(ZygoteInit.java:811)
03-20 11:26:03.883 15627 15760 I BugleDataModel: ParticipantRefresh: Start participant refresh. refreshMode: SELF_ONLY
03-20 11:26:03.961 15627 15760 W Bugle   : SubscriptionMetadataUtils get: invalid subId = -1
03-20 11:26:03.963 15627 15760 W Bugle   : SubscriptionMetadataUtils get: invalid subId = -1
03-20 11:26:03.963 15627 15760 W Bugle   : MultiSimSubscriptionUtils: getSelfRawNumber: subInfo is null for subscription{id:-1}
03-20 11:26:03.980  1456  2916 I ActivityManager: Start proc 18430:android.process.acore/u0a14 for content provider com.android.providers.contacts/.ContactsProvider2
03-20 11:26:04.032 18430 18430 I zygote  : The ClassLoaderContext is a special shared library.
03-20 11:26:04.093 18430 18430 I ContactsPerf: VoicemailContentProvider.onCreate start
03-20 11:26:04.097 18430 18430 I ContactsPerf: VoicemailContentProvider.onCreate finish
03-20 11:26:04.108 18430 18430 I zygote  : The ClassLoaderContext is a special shared library.
03-20 11:26:04.122 18430 18430 I zygote  : The ClassLoaderContext is a special shared library.
03-20 11:26:04.131 18430 18446 D ContactsDatabaseHelper: WAL enabled for contacts2.db: true
03-20 11:26:04.201 18430 18446 I ContactLocale: AddressBook Labels [[en_US]]: [, A, B, C, D, E, F, G, H, I, J, K, L, M, N, O, P, Q, R, S, T, U, V, W, X, Y, Z, , , , , , , , , , , , , , , , , , , , , , , , , , , , , , , , , , , , , , , , , , , , , , , , , , , , , , , , , , , , , , , , , , , , , , , , , , , , , , , , , , , , , , , , , , , , , , , , , , , , , , , , , , , , , , , , , , , , , , , , , , , , , , , , , , , , , , , , , , , , , , , , , , , , , , , , , , , , , , , , , , , , , , , , , , , , , , , , , , , , , , , , , , , #, ]
03-20 11:26:04.239 18430 18446 D ContactsDatabaseHelper: WAL enabled for profile.db: false
03-20 11:26:04.309 15627 15760 I BugleDataModel: ParticipantRefresh: Number of participants refreshed: 0
03-20 11:26:05.125  1456  2916 I ActivityManager: Force stopping org.mozilla.fennec_aurora appid=11132 user=0: from pid 18453
03-20 11:26:05.125  1456  2916 I ActivityManager: Killing 18209:org.mozilla.fennec_aurora/u0a1132 (adj 700): stop org.mozilla.fennec_aurora
03-20 11:26:05.128  1456  1605 W zygote  : kill(-18209, 9) failed: No such process
03-20 11:26:05.129  1456  2916 W ActivityManager: Force removing ActivityRecord{8ea9914 u0 org.mozilla.fennec_aurora/org.mozilla.fenix.HomeActivity t40441}: app died, no saved state
03-20 11:26:05.129 18292 18292 I chatty  : uid=11132(org.mozilla.fennec_aurora) expire 1 line
03-20 11:26:05.141  1456  2916 I ActivityManager: Killing 18292:org.mozilla.fennec_aurora:tab0/u0a1132 (adj 0): stop org.mozilla.fennec_aurora
03-20 11:26:05.144  1456  1605 W zygote  : kill(-18209, 9) failed: No such process
03-20 11:26:05.154  2398  2398 D CarrierSvcBindHelper: No carrier app for: 0
03-20 11:26:05.155  2398  2398 D CarrierSvcBindHelper: No carrier app for: 1
03-20 11:26:05.157  1456  1605 W zygote  : kill(-18209, 9) failed: No such process
03-20 11:26:05.200  1456  1605 I chatty  : uid=1000(system) ActivityManager identical 6 lines
03-20 11:26:05.204  1456  7556 D ConnectivityService: ConnectivityService NetworkRequestInfo binderDied(NetworkRequest [ TRACK_DEFAULT id=32140, [ Capabilities: INTERNET&NOT_RESTRICTED&TRUSTED&NOT_VPN] ], android.os.BinderProxy@8614935)
03-20 11:26:05.204  1456  2067 D ConnectivityService: releasing NetworkRequest [ TRACK_DEFAULT id=32140, [ Capabilities: INTERNET&NOT_RESTRICTED&TRUSTED&NOT_VPN] ] (release request)
03-20 11:26:05.204  1456  1673 W ActivityManager: setHasOverlayUi called on unknown pid: 18209
03-20 11:26:05.214  1456  1605 W zygote  : kill(-18209, 9) failed: No such process
03-20 11:26:05.214  1456  1605 I zygote  : Successfully killed process cgroup uid 11132 pid 18209 in 85ms
03-20 11:26:05.214  1456  1605 W zygote  : kill(-18292, 9) failed: No such process
03-20 11:26:05.214  1456  1605 I zygote  : Successfully killed process cgroup uid 11132 pid 18292 in 0ms
03-20 11:26:05.249  1456  5797 I ActivityManager: START u0 {act=android.intent.action.MAIN cat=[android.intent.category.LAUNCHER] flg=0x10000000 cmp=org.mozilla.fennec_aurora/.App} from uid 2000
03-20 11:26:05.249   794   839 E ANDR-PERF-RESOURCEQS: Failed to apply optimization [4, 0]
03-20 11:26:05.270  1456 10736 I ActivityManager: Start proc 18460:org.mozilla.fennec_aurora/u0a1132 for activity org.mozilla.fennec_aurora/.App
03-20 11:26:05.357 28336 28379 I MicroDetectionState: Should stop hotword detection immediately - false
03-20 11:26:05.357 28336 28379 I MicroDetector: Keeping mic open: false
03-20 11:26:05.357 28336 21552 E DeviceStateChecker: DeviceStateChecker cancelled
03-20 11:26:05.358 28336 28379 I RecognitionAudioControl: #shutdownAudio [requestId: -1362945644745847063, keepAudioOpen: false, forced: true]
03-20 11:26:05.358 28336 28379 I RecognitionAudioControl: #internalShutdownAudio [requestId: -1362945644745847063]
03-20 11:26:05.358 28336 28379 I RecognitionAudioControl: #internalShutdownAudio [keepAudioOpen: false, forced: true]
03-20 11:26:05.358 28336 28379 I RecognitionAudioControl: #actualShutdownAudio
03-20 11:26:05.358 28336 28379 I AudioController: #shutdown [requestId=-1362945644745847063]
03-20 11:26:05.358 28336 28362 I AudioController: internalShutdown
03-20 11:26:05.358 28336 28374 I MicroRecognitionRunner: Stopping hotword detection.
03-20 11:26:05.405   788   788 D audio_hw_primary: disable_audio_route: usecase(9) reset and update mixer path: audio-record
03-20 11:26:05.405   788   788 D audio_hw_primary: disable_snd_device: snd_device(120: voice-rec-mic)
03-20 11:26:05.408  1012  8317 D APM_AudioPolicyManager: stopInput() input 220238, session 220353
03-20 11:26:05.408   788  1401 D audio_hw_primary: in_set_parameters: enter: kvpairs=routing=0
03-20 11:26:05.410 28336 28362 I MicrophoneInputStream: mic_close  SR : 16000 CC : 16 SO : 1999
03-20 11:26:05.410 28336 28362 E AudioSource: Stop listening is called on already closed AudioSource
03-20 11:26:05.412 28336 21549 I MicroRecognitionRunner: Detection finished
03-20 11:26:05.434 18460 18460 I chatty  : uid=11132(org.mozilla.fennec_aurora) expire 53 lines
03-20 11:26:05.516 18460 18479 I chatty  : uid=11132(org.mozilla.fennec_aurora) expire 4 lines
03-20 11:26:05.544 18460 18487 I chatty  : uid=11132(org.mozilla.fennec_aurora) expire 14 lines
03-20 11:26:05.559 18460 18486 I chatty  : uid=11132(org.mozilla.fennec_aurora) expire 17 lines
03-20 11:26:05.611 18460 18494 I chatty  : uid=11132(org.mozilla.fennec_aurora) expire 27 lines
03-20 11:26:05.698   808   898 I SFPerfTracer:      triggers: (rate: 0:1) (0 sw vsyncs) (0 skipped) (17:5360534 vsyncs) (19:11726147)
03-20 11:26:05.703 18460 18499 I chatty  : uid=11132(org.mozilla.fennec_aurora) expire 1 line
03-20 11:26:05.712 18460 18505 I chatty  : uid=11132(org.mozilla.fennec_aurora) expire 10 lines
03-20 11:26:05.749  1456  4797 I ActivityManager: START u0 {act=android.intent.action.MAIN cat=[android.intent.category.LAUNCHER] flg=0x10000000 cmp=org.mozilla.fennec_aurora/org.mozilla.fenix.HomeActivity (has extras)} from uid 11132
03-20 11:26:05.765 18460 18465 I chatty  : uid=11132(org.mozilla.fennec_aurora) expire 8 lines
03-20 11:26:05.770   808   808 D SurfaceFlinger: duplicate layer name: changing Splash Screen org.mozilla.fennec_aurora to Splash Screen org.mozilla.fennec_aurora#1
03-20 11:26:06.075  1456  5797 I ActivityManager: Start proc 18543:org.mozilla.fennec_aurora:tab0/u0a1132 for service org.mozilla.fennec_aurora/org.mozilla.gecko.process.GeckoChildProcessServices$tab0
03-20 11:26:06.094 18460 18460 E ActivityThread: Failed to find provider info for org.mozilla.firefox_beta.fxa.auth
03-20 11:26:06.095 18460 18460 E ActivityThread: Failed to find provider info for org.mozilla.fennec_aurora.fxa.auth
03-20 11:26:06.180 18460 18564 I chatty  : uid=11132(org.mozilla.fennec_aurora) expire 9 lines
03-20 11:26:06.206 18543 18543 I chatty  : uid=11132(org.mozilla.fennec_aurora) expire 2 lines
03-20 11:26:06.207 18543 18566 I chatty  : uid=11132(org.mozilla.fennec_aurora) expire 1 line
03-20 11:26:06.286   808   808 I SFPerfTracer:      triggers: (rate: 71:2006357) (compose: 0:7) (post: 0:19) (render: 0:17) (0:9449780 frames) (1:11648120)
03-20 11:26:06.286   808   808 D SFPerfTracer:        layers: (3:12) (NavigationBar#0 (0xb07df000): 0:770579) (StatusBar#0 (0xb07e3000): 0:1941891) (com.android.systemui.ImageWallpaper#0 (0xb07e7000): 0:69806)* (Sprite#0 (0xb0733000): 0:317)* (DimLayerController/Stack=0#0 (0xb075a000): 0:3780)* (Sprite#1 (0xb077c000): 0:195)* (Splash Screen org.mozilla.fennec_aurora#1 (0xb013a000): 0:30)- (org.mozilla.fennec_aurora/org.mozilla.fenix.HomeActivity#0 (0xb039b000): 0:48)- (com.android.launcher3/com.android.launcher3.CustomizationPanelLauncher#0 (0xb0763000): 0:38)* (com.android.launcher3/com.android.launcher3.CustomizationPanelLauncher#1 (0xb0771000): 0:13)* (Splash Screen org.mozilla.fennec_aurora#0 (0xb039b000): 0:19)- (Splash Screen org.mozilla.fennec_aurora#1 (0xb013a000): 0:19) 
03-20 11:26:06.522  1456  1673 I LaunchCheckinHandler: Displayed org.mozilla.fennec_aurora/org.mozilla.fenix.HomeActivity,wp,ca,718
03-20 11:26:06.522  1456  1673 I ActivityManager: Displayed org.mozilla.fennec_aurora/org.mozilla.fenix.HomeActivity: +713ms (total +1s260ms)
03-20 11:26:06.544 28336 28336 I MemoryTrimmer: Trimming objects from memory, since app is in the background.
03-20 11:26:06.552 28336 28379 E AudioSource: Stop listening is called on already closed AudioSource
03-20 11:26:06.554 28336 28336 I MemoryTrimmer: Trimming objects from memory, since app is in the background.
03-20 11:26:06.555 28336 15348 I PBSessionCacheImpl: Deleted sessionId[124624629806585342] from persistence.
03-20 11:26:06.559  1456  5797 I WifiService: getWifiEnabledState uid=10073
03-20 11:26:06.561 28336 28379 I DEBUG   : OpaToSrpTransitionState#onStateChanged#notNullQuery
03-20 11:26:06.561 28336 28379 I DEBUG   : OpaToSrpTransitionState#onStateChanged#notNullQuery
03-20 11:26:06.563 28336 28379 W SearchServiceCore: Abort, client detached.
03-20 11:26:06.589 18460 18460 E ActivityThread: Failed to find provider info for org.mozilla.firefox_beta.fxa.auth
03-20 11:26:06.589 18460 18460 E ActivityThread: Failed to find provider info for org.mozilla.fennec_aurora.fxa.auth
03-20 11:26:06.833 18460 18585 I chatty  : uid=11132(org.mozilla.fennec_aurora) expire 2 lines
03-20 11:26:06.973  1023 18590 D libc    : Internal error: netid(0), id(0x96ff), server(0.0.0.0)
03-20 11:26:06.973  1023 18590 D libc    : Internal error: netid(0), id(0x96ff), server(0.0.0.0)
03-20 11:26:06.973  1023 18590 D libc    : Internal error: netid(0), id(0x8eb), server(0.0.0.0)
03-20 11:26:06.974  1023 18590 D libc    : Internal error: netid(0), id(0x8eb), server(0.0.0.0)
03-20 11:26:06.993  1023 18601 D libc    : Internal error: netid(0), id(0xf5), server(0.0.0.0)
03-20 11:26:06.993  1023 18601 D libc    : Internal error: netid(0), id(0xf5), server(0.0.0.0)
03-20 11:26:06.994  1023 18601 D libc    : Internal error: netid(0), id(0x5caa), server(0.0.0.0)
03-20 11:26:06.994  1023 18601 D libc    : Internal error: netid(0), id(0x5caa), server(0.0.0.0)
03-20 11:26:06.996  1023 18603 D libc    : Internal error: netid(0), id(0xa0f0), server(0.0.0.0)
03-20 11:26:06.996  1023 18603 D libc    : Internal error: netid(0), id(0xa0f0), server(0.0.0.0)
03-20 11:26:06.996  1023 18603 D libc    : Internal error: netid(0), id(0x83a5), server(0.0.0.0)
03-20 11:26:06.996  1023 18603 D libc    : Internal error: netid(0), id(0x83a5), server(0.0.0.0)
03-20 11:26:06.999 18460 18489 I chatty  : uid=11132(org.mozilla.fennec_aurora) expire 1 line
03-20 11:26:07.000 18460 18507 I chatty  : uid=11132(org.mozilla.fennec_aurora) expire 1 line
03-20 11:26:07.030 18460 18607 I chatty  : uid=11132(org.mozilla.fennec_aurora) expire 1 line
03-20 11:26:07.031  1023 18620 D libc    : Internal error: netid(0), id(0x29f8), server(0.0.0.0)
03-20 11:26:07.031  1023 18620 D libc    : Internal error: netid(0), id(0x29f8), server(0.0.0.0)
03-20 11:26:07.032  1023 18620 D libc    : Internal error: netid(0), id(0x16f5), server(0.0.0.0)
03-20 11:26:07.032  1023 18620 D libc    : Internal error: netid(0), id(0x16f5), server(0.0.0.0)
03-20 11:26:07.033  1023 18624 D libc    : Internal error: netid(0), id(0xce), server(0.0.0.0)
03-20 11:26:07.033  1023 18624 D libc    : Internal error: netid(0), id(0xce), server(0.0.0.0)
03-20 11:26:07.033  1023 18624 D libc    : Internal error: netid(0), id(0x718c), server(0.0.0.0)
03-20 11:26:07.033  1023 18624 D libc    : Internal error: netid(0), id(0x718c), server(0.0.0.0)
03-20 11:26:07.036  1023 18627 D libc    : Internal error: netid(0), id(0x33a3), server(0.0.0.0)
03-20 11:26:07.036  1023 18627 D libc    : Internal error: netid(0), id(0x33a3), server(0.0.0.0)
03-20 11:26:07.037  1023 18627 D libc    : Internal error: netid(0), id(0x3afb), server(0.0.0.0)
03-20 11:26:07.038  1023 18627 D libc    : Internal error: netid(0), id(0x3afb), server(0.0.0.0)
03-20 11:26:09.037 18430 18444 I zygote  : Waiting for a blocking GC ProfileSaver
03-20 11:26:09.044 18430 18444 I zygote  : WaitForGcToComplete blocked ProfileSaver on HeapTrim for 6.581ms
03-20 11:26:10.157   769  1892 I MotoSensors: Sensorhub hal setDelay: 1 - 20
03-20 11:26:10.157   769  1892 I MotoSensors: Sensorhub hal setdelay: 1 - 20
03-20 11:26:10.158   769  1892 I MotoSensors: HubSensors::updateAccelRate 200
03-20 11:26:10.158   769  1892 I MotoSensors: Sensorhub hal enable: 1 - 1
03-20 11:26:10.158   769  1892 I MotoSensors: HubSensors::updateAccelRate 20
03-20 11:26:10.694   769  1892 I MotoSensors: Sensorhub hal enable: 1 - 0
03-20 11:26:10.918 18661 18661 D AndroidRuntime: >>>>>> START com.android.internal.os.RuntimeInit uid 2000 <<<<<<
03-20 11:26:10.931 18661 18661 W app_process: Could not reserve sentinel fault page
03-20 11:26:11.099 18661 18661 I app_process: The ClassLoaderContext is a special shared library.
03-20 11:26:11.169 18661 18661 D AndroidRuntime: Calling main entry com.android.commands.input.Input
03-20 11:26:11.171 18661 18661 I Input   : injectKeyEvent: KeyEvent { action=ACTION_DOWN, keyCode=KEYCODE_HOME, scanCode=0, metaState=0, flags=0x0, repeatCount=0, eventTime=16794026450, downTime=16794026450, deviceId=-1, source=0x101 }
03-20 11:26:11.183 18661 18661 I Input   : injectKeyEvent: KeyEvent { action=ACTION_UP, keyCode=KEYCODE_HOME, scanCode=0, metaState=0, flags=0x0, repeatCount=0, eventTime=16794026450, downTime=16794026450, deviceId=-1, source=0x101 }
03-20 11:26:11.190  1456  1941 I ActivityManager: START u0 {act=android.intent.action.MAIN cat=[android.intent.category.HOME] flg=0x10200000 cmp=com.android.launcher3/.CustomizationPanelLauncher (has extras)} from uid 1000
03-20 11:26:11.190   794   839 E ANDR-PERF-RESOURCEQS: Failed to apply optimization [4, 0]
03-20 11:26:11.201  1456  1941 I ActivityManager: moveHomeStack, setupComplete:true
03-20 11:26:11.207 28336 28375 I Adreno  : QUALCOMM build                   : bb5b86c, I77d3059488
03-20 11:26:11.207 28336 28375 I Adreno  : Build Date                       : 06/07/18
03-20 11:26:11.207 28336 28375 I Adreno  : OpenGL ES Shader Compiler Version: EV031.22.00.01_06
03-20 11:26:11.207 28336 28375 I Adreno  : Local Branch                     : 
03-20 11:26:11.207 28336 28375 I Adreno  : Remote Branch                    : refs/tags/AU_LINUX_ANDROID_LA.UM.6.5.R1.08.01.00.312.086
03-20 11:26:11.207 28336 28375 I Adreno  : Remote Branch                    : NONE
03-20 11:26:11.207 28336 28375 I Adreno  : Reconstruct Branch               : NOTHING
03-20 11:26:11.210 28336 28375 D vndksupport: Loading /vendor/lib/hw/gralloc.msm8937.so from current namespace instead of sphal namespace.
03-20 11:26:11.213 28336 28375 I Adreno  : PFP: 0x005ff087, ME: 0x005ff063
03-20 11:26:11.213 18661 18661 D AndroidRuntime: Shutting down VM
03-20 11:26:11.217 28336 28375 I zygote  : android::hardware::configstore::V1_0::ISurfaceFlingerConfigs::hasWideColorDisplay retrieved: 0
03-20 11:26:11.218 28336 28375 I OpenGLRenderer: Initialized EGL, version 1.4
03-20 11:26:11.218 28336 28375 D OpenGLRenderer: Swap behavior 2
03-20 11:26:11.222  2748  2748 D Launcher.Utilities: Wakeup weather: Intent { act=com.motorola.launcher3.action.WAKEUP_WEATHER cmp=com.motorola.timeweatherwidget/com.motorola.commandcenter.weather.WakeUpService }
03-20 11:26:11.238  1456  1456 I NotificationService: Cannot find enqueued record for key: 0|com.motorola.timeweatherwidget|1|null|10116
03-20 11:26:11.244   808   808 D SurfaceFlinger: duplicate layer name: changing com.android.launcher3/com.android.launcher3.CustomizationPanelLauncher to com.android.launcher3/com.android.launcher3.CustomizationPanelLauncher#1
03-20 11:26:11.258 28336 28364 W ThreadPoolDumper: Queue length for executor EventBus is now 11. Perhaps some tasks are too long, or the pool is too small.
03-20 11:26:11.259  1456 10736 I WifiService: getWifiEnabledState uid=10073
03-20 11:26:11.276  1456 10736 I WifiService: getWifiEnabledState uid=10073
03-20 11:26:11.289 28336 28379 I DEBUG   : OpaToSrpTransitionState#onStateChanged#notNullQuery
03-20 11:26:11.291 28336 28379 I DEBUG   : OpaToSrpTransitionState#onStateChanged#notNullQuery
03-20 11:26:11.316 28336 28379 I MicroDetectionState: Should stop hotword detection immediately - false
03-20 11:26:11.321 28336 28379 I MicroDetectionWorker: #startMicroDetector [speakerMode: 0]
03-20 11:26:11.322 28336 28379 I AudioController: Created new AudioSource
03-20 11:26:11.344  1456  1673 I LaunchCheckinHandler: Displayed com.android.launcher3/.CustomizationPanelLauncher,wp,wa,154
03-20 11:26:11.346 28336 28362 I MicroDataManager: isInitializedWithLatestParams-true
03-20 11:26:11.346 28336 28362 I MicroDataManager: isInitializing-false locale not changed-true model not changed-true
03-20 11:26:11.346 28336 28362 I MicroDataManager: Already initialized, obtaining the hotword data immediately.
03-20 11:26:11.348 16114 16114 I Finsky  : [2] ppb.onTrimMemory(1): Memory trim requested to level 80
03-20 11:26:11.358 28336 21552 I MicroRecognitionRunner: Starting detection.
03-20 11:26:11.358 28336 21552 I InputStreamUtils: Using micInputStream
03-20 11:26:11.358 28336 15348 I MicrophoneInputStream: mic_starting  SR : 16000 CC : 16 SO : 1999
03-20 11:26:11.361   788  1401 V msm8974_platform: platform_check_input_mask: enter check_input_mask source 6 mask 10
03-20 11:26:11.363  1012 18675 I AudioFlinger: AudioFlinger's thread 0xb2483e40 tid=18675 ready to run
03-20 11:26:11.372   788  1401 D audio_hw_primary: in_set_parameters: enter: kvpairs=input_source=6;routing=-2147483644
03-20 11:26:11.374  1012  1302 D APM_AudioPolicyManager: AudioPolicyManager::startInput() input 220246, session 220361, source = 1999
03-20 11:26:11.374 28336 15348 I MicrophoneInputStream: mic_started  SR : 16000 CC : 16 SO : 1999
03-20 11:26:11.376   788 18676 V msm8974_platform: platform_update_usecase_from_source: input source :6
03-20 11:26:11.376   788 18676 V msm8974_platform: platform_check_input_mask: enter check_input_mask source 6 mask 10
03-20 11:26:11.376   788 18676 V msm8974_platform: platform_get_input_snd_device: enter: out_device(0) in_device(0x4) channel_count (1) channel_mask (0x10)
03-20 11:26:11.376   788 18676 V msm8974_platform: platform_get_input_snd_device: exit: in_snd_device(voice-rec-mic)
03-20 11:26:11.376   788 18676 V msm8974_platform: platform_get_backend_index:napb: backend port - 5 device - 120 
03-20 11:26:11.376   788 18676 V msm8974_platform: platform_check_and_set_capture_backend_cfg:txbecf: afe: bitwidth 0, samplerate 0, channel 1, backend_idx 5 usecase = 9 device (voice-rec-mic)
03-20 11:26:11.376   788 18676 V msm8974_platform: platform_check_capture_backend_cfg:txbecf: afe: Codec selected backend: 5 current bit width: 0 and sample rate: 0, channels 1
03-20 11:26:11.377   788 18676 V msm8974_platform: platform_check_capture_backend_cfg:txbecf: afe: Codec selected backend: 5 updated bit width: 0 and sample rate: 0
03-20 11:26:11.377   788 18676 I msm8974_platform: platform_check_capture_backend_cfg:txbecf: afe: Codec backend needs to be updated. new bit width: 0 new sample rate: 0 new channel: 1
03-20 11:26:11.377   788 18676 V msm8974_platform: platform_get_backend_index:napb: backend port - 5 device - 120 
03-20 11:26:11.377   788 18676 V msm8974_platform: platform_set_backend_cfg:becf: afe: bitwidth 0, samplerate 0 channels 1, backend_idx 5 device (voice-rec-mic)
03-20 11:26:11.377   788 18676 E msm8974_platform: platform_set_backend_cfg:becf: afe: Could not get ctl for mixer command - SLIM_0_TX Format
03-20 11:26:11.377   788 18676 V msm8974_platform: platform_send_audio_calibration: sending audio calibration for snd_device(120) acdb_id(62)
03-20 11:26:11.377   788 18676 D ACDB-LOADER: ACDB -> send_audio_cal, acdb_id = 62, path = 1, app id = 0x11130, sample rate = 48000
03-20 11:26:11.377   788 18676 D ACDB-LOADER: ACDB -> send_asm_topology
03-20 11:26:11.377   788 18676 D ACDB-LOADER: ACDB -> ACDB_CMD_GET_AUDPROC_STREAM_TOPOLOGY_ID
03-20 11:26:11.377   788 18676 D ACDB-LOADER: ACDB -> send_adm_topology
03-20 11:26:11.377   788 18676 D ACDB-LOADER: ACDB -> ACDB_CMD_GET_AUDPROC_COMMON_TOPOLOGY_ID
03-20 11:26:11.377   788 18676 D ACDB-LOADER: ACDB -> send_audtable
03-20 11:26:11.377   788 18676 D ACDB-LOADER: ACDB -> ACDB_CMD_GET_AUDPROC_COMMON_TABLE_SIZE
03-20 11:26:11.378   788 18676 D ACDB-LOADER: ACDB -> ACDB_CMD_GET_AUDPROC_COMMON_TABLE
03-20 11:26:11.378   788 18676 D ACDB-LOADER: ACDB -> AUDIO_SET_AUDPROC_CAL
03-20 11:26:11.378   788 18676 D ACDB-LOADER: ACDB -> send_audvoltable
03-20 11:26:11.378   788 18676 D ACDB-LOADER: ACDB -> ACDB_CMD_GET_AUDPROC_VOL_STEP_TABLE_SIZE
03-20 11:26:11.378   788 18676 D ACDB-LOADER: ACDB -> ACDB_CMD_GET_AUDPROC_GAIN_DEP_STEP_TABLE, vol index 0
03-20 11:26:11.378   788 18676 D         : Failed to fetch the lookup information of the device 0000003E 
03-20 11:26:11.378   788 18676 D ACDB-LOADER: ACDB -> AUDIO_SET_VOL_CAL cal type = 12
03-20 11:26:11.378   788 18676 D ACDB-LOADER: ACDB -> ACDB_CMD_GET_AUDPROC_STREAM_TABLE_SIZE
03-20 11:26:11.378   788 18676 D ACDB-LOADER: ACDB -> send_audstrmtable
03-20 11:26:11.378   788 18676 D ACDB-LOADER: ACDB -> ACDB_CMD_GET_AUDPROC_STREAM_TABLE_V2
03-20 11:26:11.378   788 18676 D ACDB-LOADER: ACDB -> audstrm_cal->cal_type.cal_data.cal_size = 456
03-20 11:26:11.378   788 18676 D ACDB-LOADER: ACDB -> send_afe_topology
03-20 11:26:11.378   788 18676 D ACDB-LOADER: ACDB -> ACDB_CMD_GET_AFE_TOPOLOGY_ID
03-20 11:26:11.378   788 18676 D ACDB-LOADER: ACDB -> GET_AFE_TOPOLOGY_ID for adcd_id 62, Topology Id 112fb
03-20 11:26:11.378   788 18676 D ACDB-LOADER: ACDB -> send_afe_cal
03-20 11:26:11.378   788 18676 D ACDB-LOADER: ACDB -> ACDB_CMD_GET_AFE_COMMON_TABLE_SIZE
03-20 11:26:11.378   788 18676 D         : Failed to fetch the lookup information of the device 0000003E 
03-20 11:26:11.378   788 18676 E ACDB-LOADER: Error: ACDB_CMD_GET_AFE_COMMON_TABLE_SIZE Returned = -19
03-20 11:26:11.378   788 18676 D ACDB-LOADER: ACDB -> ACDB_CMD_GET_AFE_COMMON_TABLE
03-20 11:26:11.378   788 18676 D         : Failed to fetch the lookup information of the device 0000003E 
03-20 11:26:11.378   788 18676 D ACDB-LOADER: ACDB -> AUDIO_SET_AFE_CAL
03-20 11:26:11.378   788 18676 D ACDB-LOADER: ACDB -> send_hw_delay : acdb_id = 62 path = 1
03-20 11:26:11.378   788 18676 D ACDB-LOADER: ACDB -> ACDB_AVSYNC_INFO: ACDB_CMD_GET_DEVICE_PROPERTY
03-20 11:26:11.378   788 18676 D audio_hw_primary: enable_snd_device: snd_device(120: voice-rec-mic)
03-20 11:26:11.378   788 18676 D audio_route: Apply path: voice-rec-mic
03-20 11:26:11.381   788 18676 V msm8974_platform: platform_get_snd_device_backend_index: enter with device 120
03-20 11:26:11.381   788 18676 E msm8974_platform: platform_get_snd_device_backend_index: BE DAI Name Table is not present
03-20 11:26:11.381   788 18676 V msm8974_platform: platform_get_backend_index:napb: backend port - 5 device - 120 
03-20 11:26:11.381   788 18676 I audio_hw_utils: Set Audio Stream Capture 0 App Type Cfg: app_type 69936, acdb_dev_id 62, sample_rate 48000, snd_device_be_idx -14
03-20 11:26:11.381   788 18676 D audio_hw_primary: enable_audio_route: usecase(9) apply and update mixer path: audio-record
03-20 11:26:11.381   788 18676 D audio_route: Apply path: audio-record
03-20 11:26:11.456 28336 28379 I MicroDetectionWorker: onReady
03-20 11:26:11.733  1456  1466 I zygote  : Background concurrent copying GC freed 59830(4MB) AllocSpace objects, 25(884KB) LOS objects, 37% free, 39MB/63MB, paused 253us total 366.427ms
03-20 11:26:11.755  1456  7796 I OpenGLRenderer: Initialized EGL, version 1.4
03-20 11:26:11.755  1456  7796 D OpenGLRenderer: Swap behavior 2
03-20 11:26:11.785  2748  2917 W OpenGLRenderer: Incorrectly called buildLayer on View: ShortcutAndWidgetContainer, destroying layer...
03-20 11:26:11.899 18460 18510 I chatty  : uid=11132(org.mozilla.fennec_aurora) expire 1 line
03-20 11:26:12.704 28336 28346 I zygote  : Background concurrent copying GC freed 118856(6MB) AllocSpace objects, 7(2MB) LOS objects, 20% free, 92MB/116MB, paused 127us total 1.428s
03-20 11:26:16.376  1456 10736 I ActivityManager: Force stopping org.mozilla.fennec_aurora appid=11132 user=0: from pid 18681
03-20 11:26:16.376  1456 10736 I ActivityManager: Killing 18460:org.mozilla.fennec_aurora/u0a1132 (adj 700): stop org.mozilla.fennec_aurora
03-20 11:26:16.379  1456  1605 W zygote  : kill(-18460, 9) failed: No such process
03-20 11:26:16.381  1456 10736 W ActivityManager: Force removing ActivityRecord{56f8615 u0 org.mozilla.fennec_aurora/org.mozilla.fenix.HomeActivity t40443}: app died, no saved state
03-20 11:26:16.392  1456 10736 I ActivityManager: Killing 18543:org.mozilla.fennec_aurora:tab0/u0a1132 (adj 0): stop org.mozilla.fennec_aurora
03-20 11:26:16.394  1456  1605 W zygote  : kill(-18460, 9) failed: No such process
03-20 11:26:16.402  2398  2398 D CarrierSvcBindHelper: No carrier app for: 0
03-20 11:26:16.403  2398  2398 D CarrierSvcBindHelper: No carrier app for: 1
03-20 11:26:16.408  1456  1605 W zygote  : kill(-18460, 9) failed: No such process
03-20 11:26:16.449  1456  1673 W ActivityManager: setHasOverlayUi called on unknown pid: 18460
03-20 11:26:16.457  1456  1605 W zygote  : kill(-18460, 9) failed: No such process
03-20 11:26:16.457  1456  1605 I zygote  : Successfully killed process cgroup uid 11132 pid 18460 in 78ms
03-20 11:26:16.457  1456  1605 W zygote  : kill(-18543, 9) failed: No such process
03-20 11:26:16.457  1456  1605 I zygote  : Successfully killed process cgroup uid 11132 pid 18543 in 0ms
03-20 11:26:16.498  1456  2236 I ActivityManager: START u0 {act=android.intent.action.MAIN cat=[android.intent.category.LAUNCHER] flg=0x10000000 cmp=org.mozilla.fennec_aurora/.App} from uid 2000
03-20 11:26:16.498   794   839 E ANDR-PERF-RESOURCEQS: Failed to apply optimization [4, 0]
03-20 11:26:16.519  1456  4802 I ActivityManager: Start proc 18688:org.mozilla.fennec_aurora/u0a1132 for activity org.mozilla.fennec_aurora/.App
03-20 11:26:16.606 28336 28379 I MicroDetectionState: Should stop hotword detection immediately - false
03-20 11:26:16.606 28336 28379 I MicroDetector: Keeping mic open: false
03-20 11:26:16.606 28336 21549 E DeviceStateChecker: DeviceStateChecker cancelled
03-20 11:26:16.606 28336 28379 I RecognitionAudioControl: #shutdownAudio [requestId: -2874528086120528133, keepAudioOpen: false, forced: true]
03-20 11:26:16.606 28336 28379 I RecognitionAudioControl: #internalShutdownAudio [requestId: -2874528086120528133]
03-20 11:26:16.607 28336 28379 I RecognitionAudioControl: #internalShutdownAudio [keepAudioOpen: false, forced: true]
03-20 11:26:16.607 28336 28379 I RecognitionAudioControl: #actualShutdownAudio
03-20 11:26:16.607 28336 28379 I AudioController: #shutdown [requestId=-2874528086120528133]
03-20 11:26:16.607 28336 28367 I AudioController: internalShutdown
03-20 11:26:16.607 28336 28378 I MicroRecognitionRunner: Stopping hotword detection.
03-20 11:26:16.657   788  1401 D audio_hw_primary: disable_audio_route: usecase(9) reset and update mixer path: audio-record
03-20 11:26:16.658   788  1401 D audio_hw_primary: disable_snd_device: snd_device(120: voice-rec-mic)
03-20 11:26:16.659  1012  1390 D APM_AudioPolicyManager: stopInput() input 220246, session 220361
03-20 11:26:16.659   788   788 D audio_hw_primary: in_set_parameters: enter: kvpairs=routing=0
03-20 11:26:16.662 28336 28367 I MicrophoneInputStream: mic_close  SR : 16000 CC : 16 SO : 1999
03-20 11:26:16.662 28336 28367 E AudioSource: Stop listening is called on already closed AudioSource
03-20 11:26:16.664 28336 21552 I MicroRecognitionRunner: Detection finished
03-20 11:26:16.677 18688 18688 I chatty  : uid=11132(org.mozilla.fennec_aurora) expire 26 lines
03-20 11:26:16.756 18688 18707 I chatty  : uid=11132(org.mozilla.fennec_aurora) expire 4 lines
03-20 11:26:16.781 18688 18718 I chatty  : uid=11132(org.mozilla.fennec_aurora) expire 13 lines
03-20 11:26:16.783  1456  4802 D ConnectivityService: requestNetwork for uid/pid:11132/18688 NetworkRequest [ TRACK_DEFAULT id=32141, [ Capabilities: INTERNET&NOT_RESTRICTED&TRUSTED&NOT_VPN] ]
03-20 11:26:16.784  1456  2099 D Ethernet: got request NetworkRequest [ TRACK_DEFAULT id=32141, [ Capabilities: INTERNET&NOT_RESTRICTED&TRUSTED&NOT_VPN] ] with score 0
03-20 11:26:16.784  1456  2054 D WIFI_UT : got request NetworkRequest [ TRACK_DEFAULT id=32141, [ Capabilities: INTERNET&NOT_RESTRICTED&TRUSTED&NOT_VPN] ] with score 0
03-20 11:26:16.785  1456  2054 D WIFI    : got request NetworkRequest [ TRACK_DEFAULT id=32141, [ Capabilities: INTERNET&NOT_RESTRICTED&TRUSTED&NOT_VPN] ] with score 0
03-20 11:26:16.785  2398  2398 D PhoneSwitcherNetworkRequstListener: got request NetworkRequest [ TRACK_DEFAULT id=32141, [ Capabilities: INTERNET&NOT_RESTRICTED&TRUSTED&NOT_VPN] ] with score 0
03-20 11:26:16.804 18688 18716 I chatty  : uid=11132(org.mozilla.fennec_aurora) expire 11 lines
03-20 11:26:16.848 18688 18724 I chatty  : uid=11132(org.mozilla.fennec_aurora) expire 13 lines
03-20 11:26:16.933 18688 18729 I chatty  : uid=11132(org.mozilla.fennec_aurora) expire 1 line
03-20 11:26:16.939 18688 18733 I chatty  : uid=11132(org.mozilla.fennec_aurora) expire 10 lines
03-20 11:26:16.953 18688 18724 I chatty  : uid=11132(org.mozilla.fennec_aurora) expire 14 lines
03-20 11:26:16.960   808   898 I SFPerfTracer:      triggers: (rate: 0:1) (0 sw vsyncs) (0 skipped) (21:5360627 vsyncs) (23:11726264)
03-20 11:26:16.980  1456  4802 I ActivityManager: START u0 {act=android.intent.action.MAIN cat=[android.intent.category.LAUNCHER] flg=0x10000000 cmp=org.mozilla.fennec_aurora/org.mozilla.fenix.HomeActivity (has extras)} from uid 11132
03-20 11:26:16.996   808   808 D SurfaceFlinger: duplicate layer name: changing Splash Screen org.mozilla.fennec_aurora to Splash Screen org.mozilla.fennec_aurora#1
03-20 11:26:16.999 18688 18693 I chatty  : uid=11132(org.mozilla.fennec_aurora) expire 8 lines
03-20 11:26:17.096 18688 18688 I chatty  : uid=11132(org.mozilla.fennec_aurora) expire 27 lines
03-20 11:26:17.314  1456  2923 I ActivityManager: Start proc 18773:org.mozilla.fennec_aurora:tab0/u0a1132 for service org.mozilla.fennec_aurora/org.mozilla.gecko.process.GeckoChildProcessServices$tab0
03-20 11:26:17.327 18688 18688 E ActivityThread: Failed to find provider info for org.mozilla.firefox_beta.fxa.auth
03-20 11:26:17.328 18688 18688 E ActivityThread: Failed to find provider info for org.mozilla.fennec_aurora.fxa.auth
03-20 11:26:17.414 18688 18793 I chatty  : uid=11132(org.mozilla.fennec_aurora) expire 9 lines
03-20 11:26:17.447 18773 18773 I chatty  : uid=11132(org.mozilla.fennec_aurora) expire 2 lines
03-20 11:26:17.448 18773 18796 I chatty  : uid=11132(org.mozilla.fennec_aurora) expire 1 line
03-20 11:26:17.449   808   808 I SFPerfTracer:      triggers: (rate: 71:2006358) (compose: 0:7) (post: 0:19) (render: 0:17) (16:9449864 frames) (17:11648234)
03-20 11:26:17.449   808   808 D SFPerfTracer:        layers: (3:14) (NavigationBar#0 (0xb07df000): 0:770600) (StatusBar#0 (0xb07e3000): 0:1941913) (com.android.systemui.ImageWallpaper#0 (0xb07e7000): 0:69808)* (Sprite#0 (0xb0733000): 0:317)* (DimLayerController/Stack=0#0 (0xb075a000): 0:3780)* (Sprite#1 (0xb077c000): 0:195)* (com.android.launcher3/com.android.launcher3.CustomizationPanelLauncher#0 (0xb0763000): 0:38)- (com.android.launcher3/com.android.launcher3.CustomizationPanelLauncher#1 (0xb0771000): 0:13)- (Splash Screen org.mozilla.fennec_aurora#1 (0xb013a000): 0:31)- (org.mozilla.fennec_aurora/org.mozilla.fenix.HomeActivity#0 (0xb039b000): 0:47)- (com.android.launcher3/com.android.launcher3.CustomizationPanelLauncher#0 (0xb0763000): 0:40)* (com.android.launcher3/com.android.launcher3.CustomizationPanelLauncher#1 (0xb0771000): 0:9)* (Splash Screen org.mozilla.fennec_aurora#0 (0xb039b000): 0:19)- (Splash Screen org.mozilla.fennec_aurora#1 (0xb013a000): 16:19) 
03-20 11:26:17.771  1456  1673 I LaunchCheckinHandler: Displayed org.mozilla.fennec_aurora/org.mozilla.fenix.HomeActivity,wp,ca,727
03-20 11:26:17.772  1456  1673 I ActivityManager: Displayed org.mozilla.fennec_aurora/org.mozilla.fenix.HomeActivity: +718ms (total +1s256ms)
03-20 11:26:17.788 28336 28336 I MemoryTrimmer: Trimming objects from memory, since app is in the background.
03-20 11:26:17.794 28336 28379 E AudioSource: Stop listening is called on already closed AudioSource
03-20 11:26:17.795 28336 28336 I MemoryTrimmer: Trimming objects from memory, since app is in the background.
03-20 11:26:17.796 28336 15348 I PBSessionCacheImpl: Deleted sessionId[124624629806585347] from persistence.
03-20 11:26:17.802  1456 10736 I WifiService: getWifiEnabledState uid=10073
03-20 11:26:17.803 28336 28379 I DEBUG   : OpaToSrpTransitionState#onStateChanged#notNullQuery
03-20 11:26:17.804 28336 28379 I DEBUG   : OpaToSrpTransitionState#onStateChanged#notNullQuery
03-20 11:26:17.806 28336 28379 W SearchServiceCore: Abort, client detached.
03-20 11:26:17.837 18688 18688 E ActivityThread: Failed to find provider info for org.mozilla.firefox_beta.fxa.auth
03-20 11:26:17.838 18688 18688 E ActivityThread: Failed to find provider info for org.mozilla.fennec_aurora.fxa.auth
03-20 11:26:18.071 18688 18815 I chatty  : uid=11132(org.mozilla.fennec_aurora) expire 2 lines
03-20 11:26:18.211  1023 18820 D libc    : Internal error: netid(0), id(0x64a3), server(0.0.0.0)
03-20 11:26:18.211  1023 18820 D libc    : Internal error: netid(0), id(0x64a3), server(0.0.0.0)
03-20 11:26:18.211  1023 18820 D libc    : Internal error: netid(0), id(0xeaca), server(0.0.0.0)
03-20 11:26:18.212  1023 18820 D libc    : Internal error: netid(0), id(0xeaca), server(0.0.0.0)
03-20 11:26:18.228  1023 18832 D libc    : Internal error: netid(0), id(0x78a0), server(0.0.0.0)
03-20 11:26:18.228  1023 18832 D libc    : Internal error: netid(0), id(0x78a0), server(0.0.0.0)
03-20 11:26:18.229  1023 18832 D libc    : Internal error: netid(0), id(0x4ecf), server(0.0.0.0)
03-20 11:26:18.229  1023 18832 D libc    : Internal error: netid(0), id(0x4ecf), server(0.0.0.0)
03-20 11:26:18.231  1023 18835 D libc    : Internal error: netid(0), id(0x1ec), server(0.0.0.0)
03-20 11:26:18.231  1023 18835 D libc    : Internal error: netid(0), id(0x1ec), server(0.0.0.0)
03-20 11:26:18.231  1023 18835 D libc    : Internal error: netid(0), id(0xd8a4), server(0.0.0.0)
03-20 11:26:18.231  1023 18835 D libc    : Internal error: netid(0), id(0xd8a4), server(0.0.0.0)
03-20 11:26:18.235 18688 18718 I chatty  : uid=11132(org.mozilla.fennec_aurora) expire 2 lines
03-20 11:26:18.236 18688 18738 I chatty  : uid=11132(org.mozilla.fennec_aurora) expire 1 line
03-20 11:26:18.236 18688 18747 I chatty  : uid=11132(org.mozilla.fennec_aurora) expire 1 line
03-20 11:26:18.272  1023 18848 D libc    : Internal error: netid(0), id(0xd6dd), server(0.0.0.0)
03-20 11:26:18.272  1023 18848 D libc    : Internal error: netid(0), id(0xd6dd), server(0.0.0.0)
03-20 11:26:18.272  1023 18848 D libc    : Internal error: netid(0), id(0x7a84), server(0.0.0.0)
03-20 11:26:18.272  1023 18848 D libc    : Internal error: netid(0), id(0x7a84), server(0.0.0.0)
03-20 11:26:18.273  1023 18852 D libc    : Internal error: netid(0), id(0x77d1), server(0.0.0.0)
03-20 11:26:18.274  1023 18852 D libc    : Internal error: netid(0), id(0x77d1), server(0.0.0.0)
03-20 11:26:18.274  1023 18852 D libc    : Internal error: netid(0), id(0x52fd), server(0.0.0.0)
03-20 11:26:18.274  1023 18852 D libc    : Internal error: netid(0), id(0x52fd), server(0.0.0.0)
03-20 11:26:18.277  1023 18855 D libc    : Internal error: netid(0), id(0xf6b1), server(0.0.0.0)
03-20 11:26:18.277  1023 18855 D libc    : Internal error: netid(0), id(0xf6b1), server(0.0.0.0)
03-20 11:26:18.277  1023 18855 D libc    : Internal error: netid(0), id(0x16e1), server(0.0.0.0)
03-20 11:26:18.277  1023 18855 D libc    : Internal error: netid(0), id(0x16e1), server(0.0.0.0)
03-20 11:26:22.166 18888 18888 D AndroidRuntime: >>>>>> START com.android.internal.os.RuntimeInit uid 2000 <<<<<<
03-20 11:26:22.179 18888 18888 W app_process: Could not reserve sentinel fault page
03-20 11:26:22.346 18888 18888 I app_process: The ClassLoaderContext is a special shared library.
03-20 11:26:22.411 18888 18888 D AndroidRuntime: Calling main entry com.android.commands.input.Input
03-20 11:26:22.412 18888 18888 I Input   : injectKeyEvent: KeyEvent { action=ACTION_DOWN, keyCode=KEYCODE_HOME, scanCode=0, metaState=0, flags=0x0, repeatCount=0, eventTime=16794037692, downTime=16794037692, deviceId=-1, source=0x101 }
03-20 11:26:22.422 18888 18888 I Input   : injectKeyEvent: KeyEvent { action=ACTION_UP, keyCode=KEYCODE_HOME, scanCode=0, metaState=0, flags=0x0, repeatCount=0, eventTime=16794037692, downTime=16794037692, deviceId=-1, source=0x101 }
03-20 11:26:22.429  1456  1941 I ActivityManager: START u0 {act=android.intent.action.MAIN cat=[android.intent.category.HOME] flg=0x10200000 cmp=com.android.launcher3/.CustomizationPanelLauncher (has extras)} from uid 1000
03-20 11:26:22.430   794   839 E ANDR-PERF-RESOURCEQS: Failed to apply optimization [4, 0]
03-20 11:26:22.441  1456  1941 I ActivityManager: moveHomeStack, setupComplete:true
03-20 11:26:22.448 28336 28375 I Adreno  : QUALCOMM build                   : bb5b86c, I77d3059488
03-20 11:26:22.448 28336 28375 I Adreno  : Build Date                       : 06/07/18
03-20 11:26:22.448 28336 28375 I Adreno  : OpenGL ES Shader Compiler Version: EV031.22.00.01_06
03-20 11:26:22.448 28336 28375 I Adreno  : Local Branch                     : 
03-20 11:26:22.448 28336 28375 I Adreno  : Remote Branch                    : refs/tags/AU_LINUX_ANDROID_LA.UM.6.5.R1.08.01.00.312.086
03-20 11:26:22.448 28336 28375 I Adreno  : Remote Branch                    : NONE
03-20 11:26:22.448 28336 28375 I Adreno  : Reconstruct Branch               : NOTHING
03-20 11:26:22.451 28336 28375 D vndksupport: Loading /vendor/lib/hw/gralloc.msm8937.so from current namespace instead of sphal namespace.
03-20 11:26:22.452 18888 18888 D AndroidRuntime: Shutting down VM
03-20 11:26:22.454 28336 28375 I Adreno  : PFP: 0x005ff087, ME: 0x005ff063
03-20 11:26:22.459 28336 28375 I zygote  : android::hardware::configstore::V1_0::ISurfaceFlingerConfigs::hasWideColorDisplay retrieved: 0
03-20 11:26:22.460 28336 28375 I OpenGLRenderer: Initialized EGL, version 1.4
03-20 11:26:22.460 28336 28375 D OpenGLRenderer: Swap behavior 2
03-20 11:26:22.465  2748  2748 D Launcher.Utilities: Wakeup weather: Intent { act=com.motorola.launcher3.action.WAKEUP_WEATHER cmp=com.motorola.timeweatherwidget/com.motorola.commandcenter.weather.WakeUpService }
03-20 11:26:22.483  1456  1456 I NotificationService: Cannot find enqueued record for key: 0|com.motorola.timeweatherwidget|1|null|10116
03-20 11:26:22.483   808   808 D SurfaceFlinger: duplicate layer name: changing com.android.launcher3/com.android.launcher3.CustomizationPanelLauncher to com.android.launcher3/com.android.launcher3.CustomizationPanelLauncher#1
03-20 11:26:22.494 28336 28369 W ThreadPoolDumper: Queue length for executor EventBus is now 11. Perhaps some tasks are too long, or the pool is too small.
03-20 11:26:22.496  1456 10736 I WifiService: getWifiEnabledState uid=10073
03-20 11:26:22.512  1456  2236 I WifiService: getWifiEnabledState uid=10073
03-20 11:26:22.520 28336 28379 I DEBUG   : OpaToSrpTransitionState#onStateChanged#notNullQuery
03-20 11:26:22.521 28336 28379 I DEBUG   : OpaToSrpTransitionState#onStateChanged#notNullQuery
03-20 11:26:22.536 28336 28379 I MicroDetectionState: Should stop hotword detection immediately - false
03-20 11:26:22.540 28336 28379 I MicroDetectionWorker: #startMicroDetector [speakerMode: 0]
03-20 11:26:22.541 28336 28379 I AudioController: Created new AudioSource
03-20 11:26:22.546 16114 16114 I Finsky  : [2] ppb.onTrimMemory(1): Memory trim requested to level 80
03-20 11:26:22.579  1456  1673 I LaunchCheckinHandler: Displayed com.android.launcher3/.CustomizationPanelLauncher,wp,wa,149
03-20 11:26:22.579 28336 28380 I MicroDataManager: isInitializedWithLatestParams-true
03-20 11:26:22.579 28336 28380 I MicroDataManager: isInitializing-false locale not changed-true model not changed-true
03-20 11:26:22.580 28336 28380 I MicroDataManager: Already initialized, obtaining the hotword data immediately.
03-20 11:26:22.584 28336 21549 I MicroRecognitionRunner: Starting detection.
03-20 11:26:22.584 28336 21549 I InputStreamUtils: Using micInputStream
03-20 11:26:22.585 28336 15348 I MicrophoneInputStream: mic_starting  SR : 16000 CC : 16 SO : 1999
03-20 11:26:22.587   788   788 V msm8974_platform: platform_check_input_mask: enter check_input_mask source 6 mask 10
03-20 11:26:22.589  1012 18902 I AudioFlinger: AudioFlinger's thread 0xb2483100 tid=18902 ready to run
03-20 11:26:22.596   788   788 D audio_hw_primary: in_set_parameters: enter: kvpairs=input_source=6;routing=-2147483644
03-20 11:26:22.598  1012  8317 D APM_AudioPolicyManager: AudioPolicyManager::startInput() input 220254, session 220369, source = 1999
03-20 11:26:22.598 28336 15348 I MicrophoneInputStream: mic_started  SR : 16000 CC : 16 SO : 1999
03-20 11:26:22.600   788 18903 V msm8974_platform: platform_update_usecase_from_source: input source :6
03-20 11:26:22.600   788 18903 V msm8974_platform: platform_check_input_mask: enter check_input_mask source 6 mask 10
03-20 11:26:22.600   788 18903 V msm8974_platform: platform_get_input_snd_device: enter: out_device(0) in_device(0x4) channel_count (1) channel_mask (0x10)
03-20 11:26:22.600   788 18903 V msm8974_platform: platform_get_input_snd_device: exit: in_snd_device(voice-rec-mic)
03-20 11:26:22.600   788 18903 V msm8974_platform: platform_get_backend_index:napb: backend port - 5 device - 120 
03-20 11:26:22.600   788 18903 V msm8974_platform: platform_check_and_set_capture_backend_cfg:txbecf: afe: bitwidth 0, samplerate 0, channel 1, backend_idx 5 usecase = 9 device (voice-rec-mic)
03-20 11:26:22.600   788 18903 V msm8974_platform: platform_check_capture_backend_cfg:txbecf: afe: Codec selected backend: 5 current bit width: 0 and sample rate: 0, channels 1
03-20 11:26:22.600   788 18903 V msm8974_platform: platform_check_capture_backend_cfg:txbecf: afe: Codec selected backend: 5 updated bit width: 0 and sample rate: 0
03-20 11:26:22.600   788 18903 I msm8974_platform: platform_check_capture_backend_cfg:txbecf: afe: Codec backend needs to be updated. new bit width: 0 new sample rate: 0 new channel: 1
03-20 11:26:22.600   788 18903 V msm8974_platform: platform_get_backend_index:napb: backend port - 5 device - 120 
03-20 11:26:22.600   788 18903 V msm8974_platform: platform_set_backend_cfg:becf: afe: bitwidth 0, samplerate 0 channels 1, backend_idx 5 device (voice-rec-mic)
03-20 11:26:22.601   788 18903 E msm8974_platform: platform_set_backend_cfg:becf: afe: Could not get ctl for mixer command - SLIM_0_TX Format
03-20 11:26:22.601   788 18903 V msm8974_platform: platform_send_audio_calibration: sending audio calibration for snd_device(120) acdb_id(62)
03-20 11:26:22.601   788 18903 D ACDB-LOADER: ACDB -> send_audio_cal, acdb_id = 62, path = 1, app id = 0x11130, sample rate = 48000
03-20 11:26:22.601   788 18903 D ACDB-LOADER: ACDB -> send_asm_topology
03-20 11:26:22.601   788 18903 D ACDB-LOADER: ACDB -> ACDB_CMD_GET_AUDPROC_STREAM_TOPOLOGY_ID
03-20 11:26:22.601   788 18903 D ACDB-LOADER: ACDB -> send_adm_topology
03-20 11:26:22.601   788 18903 D ACDB-LOADER: ACDB -> ACDB_CMD_GET_AUDPROC_COMMON_TOPOLOGY_ID
03-20 11:26:22.601   788 18903 D ACDB-LOADER: ACDB -> send_audtable
03-20 11:26:22.601   788 18903 D ACDB-LOADER: ACDB -> ACDB_CMD_GET_AUDPROC_COMMON_TABLE_SIZE
03-20 11:26:22.602   788 18903 D ACDB-LOADER: ACDB -> ACDB_CMD_GET_AUDPROC_COMMON_TABLE
03-20 11:26:22.602   788 18903 D ACDB-LOADER: ACDB -> AUDIO_SET_AUDPROC_CAL
03-20 11:26:22.602   788 18903 D ACDB-LOADER: ACDB -> send_audvoltable
03-20 11:26:22.602   788 18903 D ACDB-LOADER: ACDB -> ACDB_CMD_GET_AUDPROC_VOL_STEP_TABLE_SIZE
03-20 11:26:22.602   788 18903 D ACDB-LOADER: ACDB -> ACDB_CMD_GET_AUDPROC_GAIN_DEP_STEP_TABLE, vol index 0
03-20 11:26:22.602   788 18903 D         : Failed to fetch the lookup information of the device 0000003E 
03-20 11:26:22.602   788 18903 D ACDB-LOADER: ACDB -> AUDIO_SET_VOL_CAL cal type = 12
03-20 11:26:22.602   788 18903 D ACDB-LOADER: ACDB -> ACDB_CMD_GET_AUDPROC_STREAM_TABLE_SIZE
03-20 11:26:22.602   788 18903 D ACDB-LOADER: ACDB -> send_audstrmtable
03-20 11:26:22.602   788 18903 D ACDB-LOADER: ACDB -> ACDB_CMD_GET_AUDPROC_STREAM_TABLE_V2
03-20 11:26:22.602   788 18903 D ACDB-LOADER: ACDB -> audstrm_cal->cal_type.cal_data.cal_size = 456
03-20 11:26:22.602   788 18903 D ACDB-LOADER: ACDB -> send_afe_topology
03-20 11:26:22.602   788 18903 D ACDB-LOADER: ACDB -> ACDB_CMD_GET_AFE_TOPOLOGY_ID
03-20 11:26:22.602   788 18903 D ACDB-LOADER: ACDB -> GET_AFE_TOPOLOGY_ID for adcd_id 62, Topology Id 112fb
03-20 11:26:22.602   788 18903 D ACDB-LOADER: ACDB -> send_afe_cal
03-20 11:26:22.602   788 18903 D ACDB-LOADER: ACDB -> ACDB_CMD_GET_AFE_COMMON_TABLE_SIZE
03-20 11:26:22.603   788 18903 D         : Failed to fetch the lookup information of the device 0000003E 
03-20 11:26:22.603   788 18903 E ACDB-LOADER: Error: ACDB_CMD_GET_AFE_COMMON_TABLE_SIZE Returned = -19
03-20 11:26:22.603   788 18903 D ACDB-LOADER: ACDB -> ACDB_CMD_GET_AFE_COMMON_TABLE
03-20 11:26:22.603   788 18903 D         : Failed to fetch the lookup information of the device 0000003E 
03-20 11:26:22.603   788 18903 D ACDB-LOADER: ACDB -> AUDIO_SET_AFE_CAL
03-20 11:26:22.603   788 18903 D ACDB-LOADER: ACDB -> send_hw_delay : acdb_id = 62 path = 1
03-20 11:26:22.603   788 18903 D ACDB-LOADER: ACDB -> ACDB_AVSYNC_INFO: ACDB_CMD_GET_DEVICE_PROPERTY
03-20 11:26:22.603   788 18903 D audio_hw_primary: enable_snd_device: snd_device(120: voice-rec-mic)
03-20 11:26:22.603   788 18903 D audio_route: Apply path: voice-rec-mic
03-20 11:26:22.606   788 18903 V msm8974_platform: platform_get_snd_device_backend_index: enter with device 120
03-20 11:26:22.606   788 18903 E msm8974_platform: platform_get_snd_device_backend_index: BE DAI Name Table is not present
03-20 11:26:22.606   788 18903 V msm8974_platform: platform_get_backend_index:napb: backend port - 5 device - 120 
03-20 11:26:22.606   788 18903 I audio_hw_utils: Set Audio Stream Capture 0 App Type Cfg: app_type 69936, acdb_dev_id 62, sample_rate 48000, snd_device_be_idx -14
03-20 11:26:22.606   788 18903 D audio_hw_primary: enable_audio_route: usecase(9) apply and update mixer path: audio-record
03-20 11:26:22.606   788 18903 D audio_route: Apply path: audio-record
03-20 11:26:22.676 28336 28379 I MicroDetectionWorker: onReady
