--------- beginning of main
05-28 23:55:15.937  1456  1605 W zygote  : kill(-14363, 9) failed: No such process
05-28 23:55:15.937  1456  1605 I zygote  : Successfully killed process cgroup uid 10062 pid 14363 in 151ms
05-28 23:55:15.937  1012  1012 D APM_AudioPolicyManager: AudioPolicyManager::startInput() input 363646, session 363761, source = 1999
05-28 23:55:15.939 10849 10986 I MicroDetectionWorker: onReady
05-28 23:55:15.939 10849 10986 I HotwordLSAdapter: getAudioSourceOpeningStatus completed: 1
05-28 23:55:15.940  1456  1605 W zygote  : kill(-19966, 9) failed: No such process
05-28 23:55:15.940  1456  1605 I zygote  : Successfully killed process cgroup uid 10030 pid 19966 in 2ms
05-28 23:55:15.941  1456  1605 W zygote  : kill(-19872, 9) failed: No such process
05-28 23:55:15.941  1456  1605 I zygote  : Successfully killed process cgroup uid 10027 pid 19872 in 0ms
05-28 23:55:15.943   788 20509 V msm8974_platform: platform_update_usecase_from_source: input source :6
05-28 23:55:15.943  1456  1605 W zygote  : kill(-13989, 9) failed: No such process
05-28 23:55:15.943   788 20509 V msm8974_platform: platform_check_input_mask: enter check_input_mask source 6 mask 10
05-28 23:55:15.943   788 20509 V msm8974_platform: platform_get_input_snd_device: enter: out_device(0) in_device(0x4) channel_count (1) channel_mask (0x10)
05-28 23:55:15.943   788 20509 V msm8974_platform: platform_get_input_snd_device: exit: in_snd_device(voice-rec-mic)
05-28 23:55:15.943   788 20509 V msm8974_platform: platform_get_backend_index:napb: backend port - 5 device - 120 
05-28 23:55:15.943   788 20509 V msm8974_platform: platform_check_and_set_capture_backend_cfg:txbecf: afe: bitwidth 0, samplerate 0, channel 1, backend_idx 5 usecase = 9 device (voice-rec-mic)
05-28 23:55:15.943   788 20509 V msm8974_platform: platform_check_capture_backend_cfg:txbecf: afe: Codec selected backend: 5 current bit width: 0 and sample rate: 0, channels 1
05-28 23:55:15.944   788 20509 V msm8974_platform: platform_check_capture_backend_cfg:txbecf: afe: Codec selected backend: 5 updated bit width: 0 and sample rate: 0
05-28 23:55:15.944   788 20509 I msm8974_platform: platform_check_capture_backend_cfg:txbecf: afe: Codec backend needs to be updated. new bit width: 0 new sample rate: 0 new channel: 1
05-28 23:55:15.944   788 20509 V msm8974_platform: platform_get_backend_index:napb: backend port - 5 device - 120 
05-28 23:55:15.944   788 20509 V msm8974_platform: platform_set_backend_cfg:becf: afe: bitwidth 0, samplerate 0 channels 1, backend_idx 5 device (voice-rec-mic)
05-28 23:55:15.944   788 20509 E msm8974_platform: platform_set_backend_cfg:becf: afe: Could not get ctl for mixer command - SLIM_0_TX Format
05-28 23:55:15.944   788 20509 V msm8974_platform: platform_send_audio_calibration: sending audio calibration for snd_device(120) acdb_id(62)
05-28 23:55:15.944   788 20509 D ACDB-LOADER: ACDB -> send_audio_cal, acdb_id = 62, path = 1, app id = 0x11130, sample rate = 48000
05-28 23:55:15.944   788 20509 D ACDB-LOADER: ACDB -> send_asm_topology
05-28 23:55:15.944   788 20509 D ACDB-LOADER: ACDB -> ACDB_CMD_GET_AUDPROC_STREAM_TOPOLOGY_ID
05-28 23:55:15.944   788 20509 D ACDB-LOADER: ACDB -> send_adm_topology
05-28 23:55:15.944   788 20509 D ACDB-LOADER: ACDB -> ACDB_CMD_GET_AUDPROC_COMMON_TOPOLOGY_ID
05-28 23:55:15.944   788 20509 D ACDB-LOADER: ACDB -> send_audtable
05-28 23:55:15.944   788 20509 D ACDB-LOADER: ACDB -> ACDB_CMD_GET_AUDPROC_COMMON_TABLE_SIZE
05-28 23:55:15.945   788 20509 D ACDB-LOADER: ACDB -> ACDB_CMD_GET_AUDPROC_COMMON_TABLE
05-28 23:55:15.945   788 20509 D ACDB-LOADER: ACDB -> AUDIO_SET_AUDPROC_CAL
05-28 23:55:15.945   788 20509 D ACDB-LOADER: ACDB -> send_audvoltable
05-28 23:55:15.945   788 20509 D ACDB-LOADER: ACDB -> ACDB_CMD_GET_AUDPROC_VOL_STEP_TABLE_SIZE
05-28 23:55:15.945   788 20509 D ACDB-LOADER: ACDB -> ACDB_CMD_GET_AUDPROC_GAIN_DEP_STEP_TABLE, vol index 0
05-28 23:55:15.945   788 20509 D         : Failed to fetch the lookup information of the device 0000003E 
05-28 23:55:15.945   788 20509 D ACDB-LOADER: ACDB -> AUDIO_SET_VOL_CAL cal type = 12
05-28 23:55:15.945   788 20509 D ACDB-LOADER: ACDB -> ACDB_CMD_GET_AUDPROC_STREAM_TABLE_SIZE
05-28 23:55:15.945   788 20509 D ACDB-LOADER: ACDB -> send_audstrmtable
05-28 23:55:15.945   788 20509 D ACDB-LOADER: ACDB -> ACDB_CMD_GET_AUDPROC_STREAM_TABLE_V2
05-28 23:55:15.945   788 20509 D ACDB-LOADER: ACDB -> audstrm_cal->cal_type.cal_data.cal_size = 456
05-28 23:55:15.945   788 20509 D ACDB-LOADER: ACDB -> send_afe_topology
05-28 23:55:15.945   788 20509 D ACDB-LOADER: ACDB -> ACDB_CMD_GET_AFE_TOPOLOGY_ID
05-28 23:55:15.945   788 20509 D ACDB-LOADER: ACDB -> GET_AFE_TOPOLOGY_ID for adcd_id 62, Topology Id 112fb
05-28 23:55:15.945   788 20509 D ACDB-LOADER: ACDB -> send_afe_cal
05-28 23:55:15.945   788 20509 D ACDB-LOADER: ACDB -> ACDB_CMD_GET_AFE_COMMON_TABLE_SIZE
05-28 23:55:15.945   788 20509 D         : Failed to fetch the lookup information of the device 0000003E 
05-28 23:55:15.945   788 20509 E ACDB-LOADER: Error: ACDB_CMD_GET_AFE_COMMON_TABLE_SIZE Returned = -19
05-28 23:55:15.945   788 20509 D ACDB-LOADER: ACDB -> ACDB_CMD_GET_AFE_COMMON_TABLE
05-28 23:55:15.945   788 20509 D         : Failed to fetch the lookup information of the device 0000003E 
05-28 23:55:15.945   788 20509 D ACDB-LOADER: ACDB -> AUDIO_SET_AFE_CAL
05-28 23:55:15.945   788 20509 D ACDB-LOADER: ACDB -> send_hw_delay : acdb_id = 62 path = 1
05-28 23:55:15.945   788 20509 D ACDB-LOADER: ACDB -> ACDB_AVSYNC_INFO: ACDB_CMD_GET_DEVICE_PROPERTY
05-28 23:55:15.945   788 20509 D audio_hw_primary: enable_snd_device: snd_device(120: voice-rec-mic)
05-28 23:55:15.945   788 20509 D audio_route: Apply path: voice-rec-mic
05-28 23:55:15.948   788 20509 V msm8974_platform: platform_get_snd_device_backend_index: enter with device 120
05-28 23:55:15.948   788 20509 E msm8974_platform: platform_get_snd_device_backend_index: BE DAI Name Table is not present
05-28 23:55:15.948   788 20509 V msm8974_platform: platform_get_backend_index:napb: backend port - 5 device - 120 
05-28 23:55:15.949   788 20509 I audio_hw_utils: Set Audio Stream Capture 0 App Type Cfg: app_type 69936, acdb_dev_id 62, sample_rate 48000, snd_device_be_idx -14
05-28 23:55:15.949   788 20509 D audio_hw_primary: enable_audio_route: usecase(9) apply and update mixer path: audio-record
05-28 23:55:15.949   788 20509 D audio_route: Apply path: audio-record
05-28 23:55:15.957  1456  1605 W zygote  : kill(-13989, 9) failed: No such process
05-28 23:55:16.014  1456  1605 I chatty  : uid=1000(system) ActivityManager identical 9 lines
--------- beginning of system
05-28 23:55:16.016  1456  2923 D ConnectivityService: ConnectivityService NetworkRequestInfo binderDied(NetworkRequest [ LISTEN id=54910, [ Capabilities: INTERNET&NOT_RESTRICTED&TRUSTED] ], android.os.BinderProxy@5196cc8)
05-28 23:55:16.027  1456  1605 W zygote  : kill(-13989, 9) failed: No such process
05-28 23:55:16.027  1456  1605 I zygote  : Successfully killed process cgroup uid 10062 pid 13989 in 84ms
05-28 23:55:16.028  1456  1605 W zygote  : kill(-19933, 9) failed: No such process
05-28 23:55:16.056  1456  1605 W zygote  : kill(-19933, 9) failed: No such process
05-28 23:55:16.056  1456  1605 I zygote  : Successfully killed process cgroup uid 10036 pid 19933 in 28ms
05-28 23:55:16.057  1456  1605 W zygote  : kill(-20003, 9) failed: No such process
05-28 23:55:16.080  1456  1605 W zygote  : kill(-20003, 9) failed: No such process
05-28 23:55:16.080  1456  1605 I zygote  : Successfully killed process cgroup uid 10090 pid 20003 in 23ms
05-28 23:55:16.080  1456  1605 W zygote  : kill(-20018, 9) failed: No such process
05-28 23:55:16.080  1456  1605 I zygote  : Successfully killed process cgroup uid 10108 pid 20018 in 0ms
05-28 23:55:16.081  1456  1605 W zygote  : kill(-20228, 9) failed: No such process
05-28 23:55:16.081  1456  1605 I zygote  : Successfully killed process cgroup uid 10044 pid 20228 in 0ms
05-28 23:55:16.081  1456  1605 W zygote  : kill(-19895, 9) failed: No such process
05-28 23:55:16.081  1456  1605 I zygote  : Successfully killed process cgroup uid 1000 pid 19895 in 0ms
05-28 23:55:16.081  1456  1605 W zygote  : kill(-19881, 9) failed: No such process
05-28 23:55:16.081  1456  1605 I zygote  : Successfully killed process cgroup uid 10085 pid 19881 in 0ms
05-28 23:55:16.081  1456  1605 W zygote  : kill(-20087, 9) failed: No such process
05-28 23:55:16.081  1456  1605 I zygote  : Successfully killed process cgroup uid 10114 pid 20087 in 0ms
05-28 23:55:16.082  1456  1605 W zygote  : kill(-14069, 9) failed: No such process
05-28 23:55:16.082  1456  1605 I zygote  : Successfully killed process cgroup uid 10031 pid 14069 in 0ms
05-28 23:55:16.082  1456  1605 W zygote  : kill(-20145, 9) failed: No such process
05-28 23:55:16.082  1456  1605 I zygote  : Successfully killed process cgroup uid 10036 pid 20145 in 0ms
05-28 23:55:16.155  1456  2401 I ActivityManager: START u0 {act=android.intent.action.MAIN cat=[android.intent.category.LAUNCHER] flg=0x10000000 cmp=org.mozilla.fennec_aurora/.App} from uid 2000
05-28 23:55:16.156   794   839 E ANDR-PERF-RESOURCEQS: Failed to apply optimization [4, 0]
05-28 23:55:16.177  1456 10366 I ActivityManager: Start proc 20517:org.mozilla.fennec_aurora/u0a1356 for activity org.mozilla.fennec_aurora/.App
05-28 23:55:16.266 10849 10986 I MicroDetectionState: Should stop hotword detection immediately - false
05-28 23:55:16.266 10849 10986 I MicroDetector: Keeping mic open: false
05-28 23:55:16.266 10849 10986 I MicroDetector: #shutdownAudioWithAudioLibrary
05-28 23:55:16.266 10849   538 E DeviceStateChecker: DeviceStateChecker cancelled
05-28 23:55:16.267 10849 10928 I MicroRecognitionRunner: Stopping hotword detection.
05-28 23:55:16.267 10849 16475 W b       : #read failed: read EOF from AudioAccessor.
05-28 23:55:16.268 10849 16475 I MicroRecognitionRunner: Detection finished
05-28 23:55:16.317   788  1479 D audio_hw_primary: disable_audio_route: usecase(9) reset and update mixer path: audio-record
05-28 23:55:16.318   788  1479 D audio_hw_primary: disable_snd_device: snd_device(120: voice-rec-mic)
05-28 23:55:16.320  1012  1012 D APM_AudioPolicyManager: stopInput() input 363646, session 363761
05-28 23:55:16.320   788  1401 D audio_hw_primary: in_set_parameters: enter: kvpairs=routing=0
05-28 23:55:16.322  1456  7796 I OpenGLRenderer: Initialized EGL, version 1.4
05-28 23:55:16.322  1456  7796 D OpenGLRenderer: Swap behavior 2
05-28 23:55:16.325 10849 10986 I HotwordLSAdapter: stopListeningStatus result: 1
05-28 23:55:16.371 20517 20517 I chatty  : uid=11356(org.mozilla.fennec_aurora) expire 57 lines
05-28 23:55:16.451 20517 20535 I chatty  : uid=11356(org.mozilla.fennec_aurora) expire 4 lines
05-28 23:55:16.478 20517 20543 I chatty  : uid=11356(org.mozilla.fennec_aurora) expire 13 lines
05-28 23:55:16.495 20517 20542 I chatty  : uid=11356(org.mozilla.fennec_aurora) expire 32 lines
05-28 23:55:16.500 20517 20546 I chatty  : uid=11356(org.mozilla.fennec_aurora) expire 19 lines
05-28 23:55:16.575  1456  2401 D ConnectivityService: requestNetwork for uid/pid:11356/20517 NetworkRequest [ TRACK_DEFAULT id=55001, [ Capabilities: INTERNET&NOT_RESTRICTED&TRUSTED&NOT_VPN] ]
05-28 23:55:16.576  1456  2099 D Ethernet: got request NetworkRequest [ TRACK_DEFAULT id=55001, [ Capabilities: INTERNET&NOT_RESTRICTED&TRUSTED&NOT_VPN] ] with score 60
05-28 23:55:16.576  1456  2054 D WIFI_UT : got request NetworkRequest [ TRACK_DEFAULT id=55001, [ Capabilities: INTERNET&NOT_RESTRICTED&TRUSTED&NOT_VPN] ] with score 60
05-28 23:55:16.576  1456  2054 D WIFI    : got request NetworkRequest [ TRACK_DEFAULT id=55001, [ Capabilities: INTERNET&NOT_RESTRICTED&TRUSTED&NOT_VPN] ] with score 60
05-28 23:55:16.577  2398  2398 D PhoneSwitcherNetworkRequstListener: got request NetworkRequest [ TRACK_DEFAULT id=55001, [ Capabilities: INTERNET&NOT_RESTRICTED&TRUSTED&NOT_VPN] ] with score 60
05-28 23:55:16.580 20517 20558 I chatty  : uid=11356(org.mozilla.fennec_aurora) expire 6 lines
05-28 23:55:16.612   808   808 I SFPerfTracer:      triggers: (rate: 91:2059697) (compose: 0:7) (post: 0:19) (render: 0:17) (16:11510741 frames) (17:14749311)
05-28 23:55:16.612   808   808 D SFPerfTracer:        layers: (3:13) (NavigationBar#0 (0xb07df000): 9:1150645) (StatusBar#0 (0xb07e3000): 9:2769492) (com.android.systemui.ImageWallpaper#0 (0xb07e7000): 0:107623)* (Sprite#0 (0xb0733000): 0:317)* (DimLayerController/Stack=0#0 (0xb075a000): 0:3866)* (Sprite#1 (0xb077c000): 0:195)* (com.android.launcher3/com.android.launcher3.CustomizationPanelLauncher#0 (0xb0763000): 0:40)- (com.android.launcher3/com.android.launcher3.CustomizationPanelLauncher#1 (0xb0771000): 0:14)- (Splash Screen org.mozilla.fennec_aurora#1 (0xafd20000): 0:31)- (org.mozilla.fennec_aurora/org.mozilla.fenix.HomeActivity#0 (0xb039b000): 0:54)- (com.android.launcher3/com.android.launcher3.CustomizationPanelLauncher#0 (0xb0763000): 0:28)* (com.android.launcher3/com.android.launcher3.CustomizationPanelLauncher#1 (0xb0771000): 0:6)* (Splash Screen org.mozilla.fennec_aurora#0 (0xb039b000): 16:19) 
05-28 23:55:16.674  1456  2401 I ActivityManager: START u0 {act=android.intent.action.MAIN cat=[android.intent.category.LAUNCHER] flg=0x10000000 cmp=org.mozilla.fennec_aurora/org.mozilla.fenix.HomeActivity (has extras)} from uid 11356
05-28 23:55:16.677 20517 20581 I chatty  : uid=11356(org.mozilla.fennec_aurora) expire 1 line
05-28 23:55:16.693   808   808 D SurfaceFlinger: duplicate layer name: changing Splash Screen org.mozilla.fennec_aurora to Splash Screen org.mozilla.fennec_aurora#1
05-28 23:55:16.733 20517 20522 I chatty  : uid=11356(org.mozilla.fennec_aurora) expire 11 lines
05-28 23:55:16.748 20517 20598 I chatty  : uid=11356(org.mozilla.fennec_aurora) expire 9 lines
05-28 23:55:16.777  1456  2916 I ActivityManager: Start proc 20601:org.mozilla.fennec_aurora:tab0/u0a1356 for service org.mozilla.fennec_aurora/org.mozilla.gecko.process.GeckoChildProcessServices$tab0
05-28 23:55:16.780 20517 20588 I chatty  : uid=11356(org.mozilla.fennec_aurora) expire 1 line
05-28 23:55:16.950 20601 20601 I chatty  : uid=11356(org.mozilla.fennec_aurora) expire 2 lines
05-28 23:55:16.951 20601 20623 I chatty  : uid=11356(org.mozilla.fennec_aurora) expire 1 line
05-28 23:55:17.138 20517 20578 I chatty  : uid=11356(org.mozilla.fennec_aurora) expire 1 line
05-28 23:55:17.154 20517 20631 I chatty  : uid=11356(org.mozilla.fennec_aurora) expire 9 lines
05-28 23:55:17.175  1456  2401 I WifiService: getDhcpInfo uid=11356
05-28 23:55:17.378  1456  1673 I LaunchCheckinHandler: Displayed org.mozilla.fennec_aurora/org.mozilla.fenix.HomeActivity,wp,ca,627
05-28 23:55:17.379  1456  1673 I ActivityManager: Displayed org.mozilla.fennec_aurora/org.mozilla.fenix.HomeActivity: +624ms (total +1s211ms)
05-28 23:55:17.393  2748  2917 W OpenGLRenderer: Incorrectly called buildLayer on View: ShortcutAndWidgetContainer, destroying layer...
05-28 23:55:17.399 10849 10849 I MemoryTrimmer: Trimming objects from memory, since app is in the background.
05-28 23:55:17.406 10849 10849 I MemoryTrimmer: Trimming objects from memory, since app is in the background.
05-28 23:55:17.406 10849 22312 I PBSessionCacheImpl: Deleted sessionId[47715996814621408] from persistence.
05-28 23:55:17.415  1456  2401 I WifiService: getWifiEnabledState uid=10073
05-28 23:55:17.419 10849 10986 W SearchServiceCore: Abort, client detached.
05-28 23:55:17.726   808   898 I SFPerfTracer:      triggers: (rate: 0:1) (0 sw vsyncs) (0 skipped) (17:7401483 vsyncs) (19:14879786)
05-28 23:55:17.824  1456  2401 I ActivityManager: Fully drawn org.mozilla.fennec_aurora/org.mozilla.fenix.HomeActivity: +1s73ms (total +1s660ms)
05-28 23:55:17.953 20517 20663 I chatty  : uid=11356(org.mozilla.fennec_aurora) expire 1 line
05-28 23:55:17.953 20517 20664 I chatty  : uid=11356(org.mozilla.fennec_aurora) expire 1 line
05-28 23:55:18.320 20517 20665 I chatty  : uid=11356(org.mozilla.fennec_aurora) expire 1 line
05-28 23:55:18.353  1456  1893 D BatteryService: uevent={POWER_SUPPLY_VOLTAGE_NOW=4301274, POWER_SUPPLY_CHARGE_RATE=Normal, POWER_SUPPLY_HEALTH=Good, POWER_SUPPLY_CURRENT_NOW=198363, POWER_SUPPLY_PRESENT=1, SUBSYSTEM=power_supply, POWER_SUPPLY_TEMP=397, SEQNUM=545966, ACTION=change, POWER_SUPPLY_NAME=battery, POWER_SUPPLY_STATUS=Charging, POWER_SUPPLY_CHARGE_COUNTER=2789650, POWER_SUPPLY_CAPACITY=99, DEVPATH=/devices/soc/qpnp-smbcharger-17/power_supply/battery}
05-28 23:55:18.357  2398  2398 D QtiCarrierConfigHelper: WARNING, no carrier configs on phone Id: 0
05-28 23:55:18.570 20517 20537 I chatty  : uid=11356(org.mozilla.fennec_aurora) expire 2 lines
05-28 23:55:18.574  1456  2067 D ConnectivityService: releasing NetworkRequest [ TRACK_DEFAULT id=55001, [ Capabilities: INTERNET&NOT_RESTRICTED&TRUSTED&NOT_VPN] ] (release request)
05-28 23:55:19.144 20517 20568 I chatty  : uid=11356(org.mozilla.fennec_aurora) expire 28 lines
05-28 23:55:20.731  2398  2398 D ImsResolver: maybeAddedImsService, packageName: org.mozilla.fennec_aurora
05-28 23:55:20.732  2360  2360 D MayaFrameworkProxyService: receive intent :Intent { act=android.intent.action.PACKAGE_CHANGED dat=package:org.mozilla.fennec_aurora flg=0x45000010 (has extras) }
05-28 23:55:20.739  1456  1600 W ResourceType: No known package when getting value for resource number 0x7f0801a7
05-28 23:55:20.739  1456  1600 W ResourceType: No known package when getting value for resource number 0x7f130124
05-28 23:55:20.740  1456  1600 W ResourceType: No known package when getting value for resource number 0x7f130124
05-28 23:55:20.740  1456  1600 W ResourceType: No known package when getting value for resource number 0x7f0801a5
05-28 23:55:20.740  1456  1600 W ResourceType: No known package when getting value for resource number 0x7f130123
05-28 23:55:20.740  1456  1600 W ResourceType: No known package when getting value for resource number 0x7f130123
05-28 23:55:20.741  1456  1942 I InputReader: Reconfiguring input devices.  changes=0x00000010
05-28 23:55:20.771 30279 20693 I Fitness : OnPackageChangedOperation got intent: Intent { act=android.intent.action.PACKAGE_CHANGED dat=package:org.mozilla.fennec_aurora flg=0x45000010 cmp=com.google.android.gms/.chimera.PersistentIntentOperationService (has extras) } [CONTEXT service_id=17 ]
05-28 23:55:20.781  1456  1456 I TelecomService: DefaultDialerCache: Refreshing default dialer for user 0: now com.android.dialer: DDC.oR@OO4
05-28 23:55:20.856  2398  2398 D CarrierSvcBindHelper: No carrier app for: 0
05-28 23:55:20.858  2398  2398 D CarrierSvcBindHelper: No carrier app for: 1
05-28 23:55:20.859 30279 20697 I Fitness : FitCleanupIntentOperation received Intent android.intent.action.PACKAGE_CHANGED [CONTEXT service_id=17 ]
05-28 23:55:20.869  2398  2398 E VvmPkgInstalledRcvr: cannot create TelephonyManager from ComponentInfo{com.android.phone/com.android.services.telephony.TelephonyConnectionService}, [****], UserHandle{0}
05-28 23:55:21.307  1456  1466 I zygote  : Background concurrent copying GC freed 116403(6MB) AllocSpace objects, 42(2004KB) LOS objects, 34% free, 45MB/69MB, paused 258us total 414.593ms
05-28 23:55:21.800 20704 20704 D AndroidRuntime: >>>>>> START com.android.internal.os.RuntimeInit uid 2000 <<<<<<
05-28 23:55:21.813 20704 20704 W app_process: Could not reserve sentinel fault page
05-28 23:55:21.903 30243 20158 I Icing   : Indexing com.google.android.gms-apps from com.google.android.gms
05-28 23:55:21.978 20704 20704 I app_process: The ClassLoaderContext is a special shared library.
05-28 23:55:22.000 30243 20158 I Icing   : Indexing done com.google.android.gms-apps
05-28 23:55:22.047 20704 20704 D AndroidRuntime: Calling main entry com.android.commands.input.Input
05-28 23:55:22.049 20704 20704 I Input   : injectKeyEvent: KeyEvent { action=ACTION_DOWN, keyCode=KEYCODE_HOME, scanCode=0, metaState=0, flags=0x0, repeatCount=0, eventTime=22800589634, downTime=22800589634, deviceId=-1, source=0x101 }
05-28 23:55:22.059 20704 20704 I Input   : injectKeyEvent: KeyEvent { action=ACTION_UP, keyCode=KEYCODE_HOME, scanCode=0, metaState=0, flags=0x0, repeatCount=0, eventTime=22800589634, downTime=22800589634, deviceId=-1, source=0x101 }
05-28 23:55:22.065  1456  1941 I ActivityManager: START u0 {act=android.intent.action.MAIN cat=[android.intent.category.HOME] flg=0x10200000 cmp=com.android.launcher3/.CustomizationPanelLauncher (has extras)} from uid 1000
05-28 23:55:22.066   794   839 E ANDR-PERF-RESOURCEQS: Failed to apply optimization [4, 0]
05-28 23:55:22.072 20704 20704 D AndroidRuntime: Shutting down VM
05-28 23:55:22.080  1456  3927 I ActivityManager: moveHomeStack, setupComplete:true
05-28 23:55:22.098 10849 10934 I Adreno  : QUALCOMM build                   : bb5b86c, I77d3059488
05-28 23:55:22.098 10849 10934 I Adreno  : Build Date                       : 06/07/18
05-28 23:55:22.098 10849 10934 I Adreno  : OpenGL ES Shader Compiler Version: EV031.22.00.01_06
05-28 23:55:22.098 10849 10934 I Adreno  : Local Branch                     : 
05-28 23:55:22.098 10849 10934 I Adreno  : Remote Branch                    : refs/tags/AU_LINUX_ANDROID_LA.UM.6.5.R1.08.01.00.312.086
05-28 23:55:22.098 10849 10934 I Adreno  : Remote Branch                    : NONE
05-28 23:55:22.098 10849 10934 I Adreno  : Reconstruct Branch               : NOTHING
05-28 23:55:22.102 10849 10934 D vndksupport: Loading /vendor/lib/hw/gralloc.msm8937.so from current namespace instead of sphal namespace.
05-28 23:55:22.105  2748  2748 D Launcher.Utilities: Wakeup weather: Intent { act=com.motorola.launcher3.action.WAKEUP_WEATHER cmp=com.motorola.timeweatherwidget/com.motorola.commandcenter.weather.WakeUpService }
05-28 23:55:22.107 10849 10934 I Adreno  : PFP: 0x005ff087, ME: 0x005ff063
05-28 23:55:22.111 10849 10934 I zygote  : android::hardware::configstore::V1_0::ISurfaceFlingerConfigs::hasWideColorDisplay retrieved: 0
05-28 23:55:22.111 10849 10934 I OpenGLRenderer: Initialized EGL, version 1.4
05-28 23:55:22.112 10849 10934 D OpenGLRenderer: Swap behavior 2
05-28 23:55:22.114  1456  1456 I NotificationService: Cannot find enqueued record for key: 0|com.motorola.timeweatherwidget|1|null|10116
05-28 23:55:22.118   808   808 D SurfaceFlinger: duplicate layer name: changing com.android.launcher3/com.android.launcher3.CustomizationPanelLauncher to com.android.launcher3/com.android.launcher3.CustomizationPanelLauncher#1
05-28 23:55:22.146 10849 10920 W ThreadPoolDumper: Queue length for executor EventBus is now 11. Perhaps some tasks are too long, or the pool is too small.
05-28 23:55:22.147  1456  1471 I WifiService: getWifiEnabledState uid=10073
05-28 23:55:22.154  1456  1471 I WifiService: getWifiEnabledState uid=10073
05-28 23:55:22.210  1456  1673 I LaunchCheckinHandler: Displayed com.android.launcher3/.CustomizationPanelLauncher,wp,wa,145
05-28 23:55:22.215 10849 10849 I BgTaskExecutorImpl: Starting EXCLUSIVE background task TNG_MINUS_ONE_SYNC.
05-28 23:55:22.218 10849 10986 I MicroDetectionState: Should stop hotword detection immediately - false
05-28 23:55:22.224 10849 10986 I MicroDetectionWorker: #startMicroDetector [speakerMode: 0]
05-28 23:55:22.230 10849 10986 I TngMinusOneSync: Syncing TNG:-1
05-28 23:55:22.230 10849 10894 I MicroDataManager: isInitializing-false locale not changed-true model not changed-true
05-28 23:55:22.230 10849 10894 I MicroDataManager: Already initialized, obtaining the hotword data immediately.
05-28 23:55:22.233   788  1401 V msm8974_platform: platform_check_input_mask: enter check_input_mask source 6 mask 10
05-28 23:55:22.235  1012 20719 I AudioFlinger: AudioFlinger's thread 0xb2483240 tid=20719 ready to run
05-28 23:55:22.237 10849 26889 I MicroRecognitionRunner: Starting detection.
05-28 23:55:22.238 10849 26889 I InputStreamUtils: Using micInputStream
05-28 23:55:22.246   788  1401 D audio_hw_primary: in_set_parameters: enter: kvpairs=input_source=6;routing=-2147483644
05-28 23:55:22.248  1012  1302 D APM_AudioPolicyManager: AudioPolicyManager::startInput() input 363654, session 363769, source = 1999
05-28 23:55:22.250   788 20720 V msm8974_platform: platform_update_usecase_from_source: input source :6
05-28 23:55:22.250   788 20720 V msm8974_platform: platform_check_input_mask: enter check_input_mask source 6 mask 10
05-28 23:55:22.250   788 20720 V msm8974_platform: platform_get_input_snd_device: enter: out_device(0) in_device(0x4) channel_count (1) channel_mask (0x10)
05-28 23:55:22.250   788 20720 V msm8974_platform: platform_get_input_snd_device: exit: in_snd_device(voice-rec-mic)
05-28 23:55:22.250   788 20720 V msm8974_platform: platform_get_backend_index:napb: backend port - 5 device - 120 
05-28 23:55:22.250   788 20720 V msm8974_platform: platform_check_and_set_capture_backend_cfg:txbecf: afe: bitwidth 0, samplerate 0, channel 1, backend_idx 5 usecase = 9 device (voice-rec-mic)
05-28 23:55:22.250 10849 10986 I MicroDetectionWorker: onReady
05-28 23:55:22.251   788 20720 V msm8974_platform: platform_check_capture_backend_cfg:txbecf: afe: Codec selected backend: 5 current bit width: 0 and sample rate: 0, channels 1
05-28 23:55:22.251   788 20720 V msm8974_platform: platform_check_capture_backend_cfg:txbecf: afe: Codec selected backend: 5 updated bit width: 0 and sample rate: 0
05-28 23:55:22.251   788 20720 I msm8974_platform: platform_check_capture_backend_cfg:txbecf: afe: Codec backend needs to be updated. new bit width: 0 new sample rate: 0 new channel: 1
05-28 23:55:22.251   788 20720 V msm8974_platform: platform_get_backend_index:napb: backend port - 5 device - 120 
05-28 23:55:22.251   788 20720 V msm8974_platform: platform_set_backend_cfg:becf: afe: bitwidth 0, samplerate 0 channels 1, backend_idx 5 device (voice-rec-mic)
05-28 23:55:22.251   788 20720 E msm8974_platform: platform_set_backend_cfg:becf: afe: Could not get ctl for mixer command - SLIM_0_TX Format
05-28 23:55:22.251   788 20720 V msm8974_platform: platform_send_audio_calibration: sending audio calibration for snd_device(120) acdb_id(62)
05-28 23:55:22.251 10849 10986 I HotwordLSAdapter: getAudioSourceOpeningStatus completed: 1
05-28 23:55:22.251   788 20720 D ACDB-LOADER: ACDB -> send_audio_cal, acdb_id = 62, path = 1, app id = 0x11130, sample rate = 48000
05-28 23:55:22.251   788 20720 D ACDB-LOADER: ACDB -> send_asm_topology
05-28 23:55:22.251   788 20720 D ACDB-LOADER: ACDB -> ACDB_CMD_GET_AUDPROC_STREAM_TOPOLOGY_ID
05-28 23:55:22.251   788 20720 D ACDB-LOADER: ACDB -> send_adm_topology
05-28 23:55:22.251   788 20720 D ACDB-LOADER: ACDB -> ACDB_CMD_GET_AUDPROC_COMMON_TOPOLOGY_ID
05-28 23:55:22.251   788 20720 D ACDB-LOADER: ACDB -> send_audtable
05-28 23:55:22.251   788 20720 D ACDB-LOADER: ACDB -> ACDB_CMD_GET_AUDPROC_COMMON_TABLE_SIZE
05-28 23:55:22.251   788 20720 D ACDB-LOADER: ACDB -> ACDB_CMD_GET_AUDPROC_COMMON_TABLE
05-28 23:55:22.251   788 20720 D ACDB-LOADER: ACDB -> AUDIO_SET_AUDPROC_CAL
05-28 23:55:22.251   788 20720 D ACDB-LOADER: ACDB -> send_audvoltable
05-28 23:55:22.251   788 20720 D ACDB-LOADER: ACDB -> ACDB_CMD_GET_AUDPROC_VOL_STEP_TABLE_SIZE
05-28 23:55:22.251   788 20720 D ACDB-LOADER: ACDB -> ACDB_CMD_GET_AUDPROC_GAIN_DEP_STEP_TABLE, vol index 0
05-28 23:55:22.251   788 20720 D         : Failed to fetch the lookup information of the device 0000003E 
05-28 23:55:22.252   788 20720 D ACDB-LOADER: ACDB -> AUDIO_SET_VOL_CAL cal type = 12
05-28 23:55:22.252   788 20720 D ACDB-LOADER: ACDB -> ACDB_CMD_GET_AUDPROC_STREAM_TABLE_SIZE
05-28 23:55:22.252   788 20720 D ACDB-LOADER: ACDB -> send_audstrmtable
05-28 23:55:22.252   788 20720 D ACDB-LOADER: ACDB -> ACDB_CMD_GET_AUDPROC_STREAM_TABLE_V2
05-28 23:55:22.252   788 20720 D ACDB-LOADER: ACDB -> audstrm_cal->cal_type.cal_data.cal_size = 456
05-28 23:55:22.252   788 20720 D ACDB-LOADER: ACDB -> send_afe_topology
05-28 23:55:22.252   788 20720 D ACDB-LOADER: ACDB -> ACDB_CMD_GET_AFE_TOPOLOGY_ID
05-28 23:55:22.252   788 20720 D ACDB-LOADER: ACDB -> GET_AFE_TOPOLOGY_ID for adcd_id 62, Topology Id 112fb
05-28 23:55:22.252   788 20720 D ACDB-LOADER: ACDB -> send_afe_cal
05-28 23:55:22.252   788 20720 D ACDB-LOADER: ACDB -> ACDB_CMD_GET_AFE_COMMON_TABLE_SIZE
05-28 23:55:22.252   788 20720 D         : Failed to fetch the lookup information of the device 0000003E 
05-28 23:55:22.252   788 20720 E ACDB-LOADER: Error: ACDB_CMD_GET_AFE_COMMON_TABLE_SIZE Returned = -19
05-28 23:55:22.252   788 20720 D ACDB-LOADER: ACDB -> ACDB_CMD_GET_AFE_COMMON_TABLE
05-28 23:55:22.252   788 20720 D         : Failed to fetch the lookup information of the device 0000003E 
05-28 23:55:22.252   788 20720 D ACDB-LOADER: ACDB -> AUDIO_SET_AFE_CAL
05-28 23:55:22.252   788 20720 D ACDB-LOADER: ACDB -> send_hw_delay : acdb_id = 62 path = 1
05-28 23:55:22.252   788 20720 D ACDB-LOADER: ACDB -> ACDB_AVSYNC_INFO: ACDB_CMD_GET_DEVICE_PROPERTY
05-28 23:55:22.252   788 20720 D audio_hw_primary: enable_snd_device: snd_device(120: voice-rec-mic)
05-28 23:55:22.252   788 20720 D audio_route: Apply path: voice-rec-mic
05-28 23:55:22.257   788 20720 V msm8974_platform: platform_get_snd_device_backend_index: enter with device 120
05-28 23:55:22.257   788 20720 E msm8974_platform: platform_get_snd_device_backend_index: BE DAI Name Table is not present
05-28 23:55:22.257   788 20720 V msm8974_platform: platform_get_backend_index:napb: backend port - 5 device - 120 
05-28 23:55:22.258   788 20720 I audio_hw_utils: Set Audio Stream Capture 0 App Type Cfg: app_type 69936, acdb_dev_id 62, sample_rate 48000, snd_device_be_idx -14
05-28 23:55:22.258   788 20720 D audio_hw_primary: enable_audio_route: usecase(9) apply and update mixer path: audio-record
05-28 23:55:22.258   788 20720 D audio_route: Apply path: audio-record
05-28 23:55:22.397  2146  2165 I zygote  : NativeAlloc concurrent copying GC freed 17037(975KB) AllocSpace objects, 0(0B) LOS objects, 49% free, 11MB/22MB, paused 212us total 162.981ms
05-28 23:55:22.401 20517 20725 I chatty  : uid=11356(org.mozilla.fennec_aurora) expire 10 lines
05-28 23:55:22.421  1017  1017 I keystore: del USRPKEY_org.mozilla.fennec_aurora 11356
05-28 23:55:22.421  1017  1017 I keystore: del USRSKEY_org.mozilla.fennec_aurora 11356
05-28 23:55:22.422  1017  1017 I keystore: del USRCERT_org.mozilla.fennec_aurora 11356
05-28 23:55:22.423  1017  1017 I keystore: del CACERT_org.mozilla.fennec_aurora 11356
05-28 23:55:22.428   829   847 D DrmLibTime: got the req here! ret=0
05-28 23:55:22.429   829   847 D DrmLibTime: command id, time_cmd_id = 770
05-28 23:55:22.429   829   847 D DrmLibTime: time_getutcsec starts!
05-28 23:55:22.429   829   847 D DrmLibTime: QSEE Time Listener: time_getutcsec
05-28 23:55:22.429   829   847 D DrmLibTime: QSEE Time Listener: get_utc_seconds
05-28 23:55:22.429   829   847 D DrmLibTime: QSEE Time Listener: time_get_modem_time
05-28 23:55:22.429   829   847 D DrmLibTime: QSEE Time Listener: Checking if ATS_MODEM is set or not.
05-28 23:55:22.429   829   847 D QC-time-services: Lib:time_genoff_operation: pargs->base = 13
05-28 23:55:22.429   829   847 D QC-time-services: Lib:time_genoff_operation: pargs->operation = 2
05-28 23:55:22.429   829   847 D QC-time-services: Lib:time_genoff_operation: pargs->ts_val = 0
05-28 23:55:22.429   829   847 D QC-time-services: Lib:time_genoff_operation: Send to server  passed!!
05-28 23:55:22.429  1004  1052 D QC-time-services: Daemon: Connection accepted:time_genoff
05-28 23:55:22.430  1004 20730 D QC-time-services: Daemon:Received base = 13, unit = 1, operation = 2,value = 0
05-28 23:55:22.430  1004 20730 D QC-time-services: Daemon:genoff_opr: Base = 13, val = 0, operation = 2
05-28 23:55:22.430  1004 20730 D QC-time-services: offset is: 3 for base: 0
05-28 23:55:22.430   829   847 E QC-time-services: Receive Passed == base = 13, unit = 1, operation = 2, result = 0
05-28 23:55:22.430   829   847 D DrmLibTime: QSEE Time Listener: ATS_MODEM is not set. Fallback to Android system time.
05-28 23:55:22.430   829   847 D DrmLibTime: QSEE Time Listener: Retrieved Android system time: 1590724522
05-28 23:55:22.430   829   847 D DrmLibTime: time_getutcsec returns 0, sec = 1590724522; nsec = 0
05-28 23:55:22.430   829   847 D DrmLibTime: time_getutcsec finished! 
05-28 23:55:22.430   829   847 D DrmLibTime: iotcl_continue_command finished! and return 0 
05-28 23:55:22.430   829   847 D DrmLibTime: before calling ioctl to read the next time_cmd
05-28 23:55:22.432  1004  1052 E QC-time-services: Daemon: Time-services: Waiting to acceptconnection
05-28 23:55:22.473 20517 20562 I chatty  : uid=11356(org.mozilla.fennec_aurora) expire 3 lines
05-28 23:55:22.537  1456  2401 D ConnectivityService: requestNetwork for uid/pid:11356/20517 NetworkRequest [ TRACK_DEFAULT id=55002, [ Capabilities: INTERNET&NOT_RESTRICTED&TRUSTED&NOT_VPN] ]
05-28 23:55:22.538  1456  2054 D WIFI_UT : got request NetworkRequest [ TRACK_DEFAULT id=55002, [ Capabilities: INTERNET&NOT_RESTRICTED&TRUSTED&NOT_VPN] ] with score 60
05-28 23:55:22.538  1456  2054 D WIFI    : got request NetworkRequest [ TRACK_DEFAULT id=55002, [ Capabilities: INTERNET&NOT_RESTRICTED&TRUSTED&NOT_VPN] ] with score 60
05-28 23:55:22.539  2398  2398 D PhoneSwitcherNetworkRequstListener: got request NetworkRequest [ TRACK_DEFAULT id=55002, [ Capabilities: INTERNET&NOT_RESTRICTED&TRUSTED&NOT_VPN] ] with score 60
05-28 23:55:22.540  1456  2099 D Ethernet: got request NetworkRequest [ TRACK_DEFAULT id=55002, [ Capabilities: INTERNET&NOT_RESTRICTED&TRUSTED&NOT_VPN] ] with score 60
05-28 23:55:22.552 20517 20731 I chatty  : uid=11356(org.mozilla.fennec_aurora) expire 13 lines
05-28 23:55:22.615  1456  7796 I OpenGLRenderer: Initialized EGL, version 1.4
05-28 23:55:22.615  1456  7796 D OpenGLRenderer: Swap behavior 2
05-28 23:55:22.626   808   808 I SFPerfTracer:      triggers: (rate: 91:2059702) (compose: 0:7) (post: 0:19) (render: 0:17) (12:11510823 frames) (13:14749416)
05-28 23:55:22.626   808   808 D SFPerfTracer:        layers: (4:13) (NavigationBar#0 (0xb07df000): 0:1150656) (StatusBar#0 (0xb07e3000): 0:2769506) (com.android.systemui.ImageWallpaper#0 (0xb07e7000): 0:107624) (Sprite#0 (0xb0733000): 0:317)* (DimLayerController/Stack=0#0 (0xb075a000): 0:3866)* (Sprite#1 (0xb077c000): 0:195)* (com.android.launcher3/com.android.launcher3.CustomizationPanelLauncher#0 (0xb0763000): 0:28)- (com.android.launcher3/com.android.launcher3.CustomizationPanelLauncher#1 (0xb0771000): 0:6)- (Splash Screen org.mozilla.fennec_aurora#0 (0xb039b000): 0:19)- (Splash Screen org.mozilla.fennec_aurora#1 (0xafd20000): 0:32)- (org.mozilla.fennec_aurora/org.mozilla.fenix.HomeActivity#0 (0xb039b000): 12:67)* (com.android.launcher3/com.android.launcher3.CustomizationPanelLauncher#0 (0xb0763000): 13:28)* (com.android.launcher3/com.android.launcher3.CustomizationPanelLauncher#1 (0xb0771000): 1:6) 
05-28 23:55:22.672  2748  2917 W OpenGLRenderer: Incorrectly called buildLayer on View: ShortcutAndWidgetContainer, destroying layer...
05-28 23:55:23.216 20517 20552 I chatty  : uid=11356(org.mozilla.fennec_aurora) expire 1 line
05-28 23:55:23.219  1456  2067 D ConnectivityService: releasing NetworkRequest [ TRACK_DEFAULT id=55002, [ Capabilities: INTERNET&NOT_RESTRICTED&TRUSTED&NOT_VPN] ] (release request)
05-28 23:55:27.229  1456  2921 I ActivityManager: Force stopping org.mozilla.fennec_aurora appid=11356 user=0: from pid 20738
05-28 23:55:27.229  1456  2921 I ActivityManager: Killing 20517:org.mozilla.fennec_aurora/u0a1356 (adj 700): stop org.mozilla.fennec_aurora
05-28 23:55:27.231  1456  1605 W zygote  : kill(-20517, 9) failed: No such process
05-28 23:55:27.232  1456  2921 W ActivityManager: Force removing ActivityRecord{66aef28 u0 org.mozilla.fennec_aurora/org.mozilla.fenix.HomeActivity t76304}: app died, no saved state
05-28 23:55:27.237  1456  1605 W zygote  : kill(-20517, 9) failed: No such process
05-28 23:55:27.243  1456  2921 I ActivityManager: Killing 20601:org.mozilla.fennec_aurora:tab0/u0a1356 (adj 0): stop org.mozilla.fennec_aurora
05-28 23:55:27.256  2398  2398 D CarrierSvcBindHelper: No carrier app for: 0
05-28 23:55:27.257  2398  2398 D CarrierSvcBindHelper: No carrier app for: 1
05-28 23:55:27.259  1456  1605 W zygote  : kill(-20517, 9) failed: No such process
05-28 23:55:27.301  1456  1673 W ActivityManager: setHasOverlayUi called on unknown pid: 20517
05-28 23:55:27.314  1456  1605 W zygote  : kill(-20517, 9) failed: No such process
05-28 23:55:27.314  1456  1605 I zygote  : Successfully killed process cgroup uid 11356 pid 20517 in 82ms
05-28 23:55:27.314  1456  1605 W zygote  : kill(-20601, 9) failed: No such process
05-28 23:55:27.314  1456  1605 I zygote  : Successfully killed process cgroup uid 11356 pid 20601 in 0ms
05-28 23:55:27.351  1456  2915 I ActivityManager: START u0 {act=android.intent.action.MAIN cat=[android.intent.category.LAUNCHER] flg=0x10000000 cmp=org.mozilla.fennec_aurora/.App} from uid 2000
05-28 23:55:27.351   794   839 E ANDR-PERF-RESOURCEQS: Failed to apply optimization [4, 0]
05-28 23:55:27.371  1456  2401 I ActivityManager: Start proc 20746:org.mozilla.fennec_aurora/u0a1356 for activity org.mozilla.fennec_aurora/.App
05-28 23:55:27.460 10849 10986 I MicroDetectionState: Should stop hotword detection immediately - false
05-28 23:55:27.461 10849 10986 I MicroDetector: Keeping mic open: false
05-28 23:55:27.461 10849 10986 I MicroDetector: #shutdownAudioWithAudioLibrary
05-28 23:55:27.461 10849 16475 E DeviceStateChecker: DeviceStateChecker cancelled
05-28 23:55:27.461 10849 10916 I MicroRecognitionRunner: Stopping hotword detection.
05-28 23:55:27.462 10849 26889 W b       : #read failed: read EOF from AudioAccessor.
05-28 23:55:27.463 10849 26889 I MicroRecognitionRunner: Detection finished
05-28 23:55:27.507   788  1401 D audio_hw_primary: disable_audio_route: usecase(9) reset and update mixer path: audio-record
05-28 23:55:27.508   788  1401 D audio_hw_primary: disable_snd_device: snd_device(120: voice-rec-mic)
05-28 23:55:27.510  1012  4918 D APM_AudioPolicyManager: stopInput() input 363654, session 363769
05-28 23:55:27.510   788  1479 D audio_hw_primary: in_set_parameters: enter: kvpairs=routing=0
05-28 23:55:27.514 10849 10986 I HotwordLSAdapter: stopListeningStatus result: 1
05-28 23:55:27.551 20746 20746 I chatty  : uid=11356(org.mozilla.fennec_aurora) expire 11 lines
05-28 23:55:27.626 20746 20765 I chatty  : uid=11356(org.mozilla.fennec_aurora) expire 4 lines
05-28 23:55:27.657 20746 20775 I chatty  : uid=11356(org.mozilla.fennec_aurora) expire 10 lines
05-28 23:55:27.675 20746 20774 I chatty  : uid=11356(org.mozilla.fennec_aurora) expire 2 lines
05-28 23:55:27.679 20746 20778 I chatty  : uid=11356(org.mozilla.fennec_aurora) expire 19 lines
05-28 23:55:27.689 20746 20774 I chatty  : uid=11356(org.mozilla.fennec_aurora) expire 21 lines
05-28 23:55:27.690 20746 20775 I chatty  : uid=11356(org.mozilla.fennec_aurora) expire 1 line
05-28 23:55:27.700 20746 20746 I chatty  : uid=11356(org.mozilla.fennec_aurora) expire 44 lines
05-28 23:55:27.753 20746 20786 I chatty  : uid=11356(org.mozilla.fennec_aurora) expire 6 lines
05-28 23:55:27.778 20746 20777 I chatty  : uid=11356(org.mozilla.fennec_aurora) expire 2 lines
05-28 23:55:27.814 20746 20796 I chatty  : uid=11356(org.mozilla.fennec_aurora) expire 1 line
05-28 23:55:27.831  1456  2915 I ActivityManager: START u0 {act=android.intent.action.MAIN cat=[android.intent.category.LAUNCHER] flg=0x10000000 cmp=org.mozilla.fennec_aurora/org.mozilla.fenix.HomeActivity (has extras)} from uid 11356
05-28 23:55:27.851   808   898 I SFPerfTracer:      triggers: (rate: 0:1) (0 sw vsyncs) (0 skipped) (0:7401560 vsyncs) (1:14879887)
05-28 23:55:27.853   808   808 D SurfaceFlinger: duplicate layer name: changing Splash Screen org.mozilla.fennec_aurora to Splash Screen org.mozilla.fennec_aurora#1
05-28 23:55:27.887 20746 20751 I chatty  : uid=11356(org.mozilla.fennec_aurora) expire 11 lines
05-28 23:55:27.931  1456  2915 I ActivityManager: Start proc 20824:org.mozilla.fennec_aurora:tab0/u0a1356 for service org.mozilla.fennec_aurora/org.mozilla.gecko.process.GeckoChildProcessServices$tab0
05-28 23:55:27.933 20746 20812 I chatty  : uid=11356(org.mozilla.fennec_aurora) expire 1 line
05-28 23:55:28.093 20824 20824 I chatty  : uid=11356(org.mozilla.fennec_aurora) expire 2 lines
05-28 23:55:28.094 20824 20846 I chatty  : uid=11356(org.mozilla.fennec_aurora) expire 1 line
05-28 23:55:28.282 20746 20794 I chatty  : uid=11356(org.mozilla.fennec_aurora) expire 1 line
05-28 23:55:28.297 20746 20854 I chatty  : uid=11356(org.mozilla.fennec_aurora) expire 9 lines
05-28 23:55:28.312  1456  5797 D ConnectivityService: requestNetwork for uid/pid:11356/20746 NetworkRequest [ TRACK_DEFAULT id=55003, [ Capabilities: INTERNET&NOT_RESTRICTED&TRUSTED&NOT_VPN] ]
05-28 23:55:28.314  1456  2099 D Ethernet: got request NetworkRequest [ TRACK_DEFAULT id=55003, [ Capabilities: INTERNET&NOT_RESTRICTED&TRUSTED&NOT_VPN] ] with score 60
05-28 23:55:28.314  1456  2054 D WIFI_UT : got request NetworkRequest [ TRACK_DEFAULT id=55003, [ Capabilities: INTERNET&NOT_RESTRICTED&TRUSTED&NOT_VPN] ] with score 60
05-28 23:55:28.314  1456  2054 D WIFI    : got request NetworkRequest [ TRACK_DEFAULT id=55003, [ Capabilities: INTERNET&NOT_RESTRICTED&TRUSTED&NOT_VPN] ] with score 60
05-28 23:55:28.314  2398  2398 D PhoneSwitcherNetworkRequstListener: got request NetworkRequest [ TRACK_DEFAULT id=55003, [ Capabilities: INTERNET&NOT_RESTRICTED&TRUSTED&NOT_VPN] ] with score 60
05-28 23:55:28.316  1456  5797 I WifiService: getDhcpInfo uid=11356
05-28 23:55:28.466 20746 20860 I chatty  : uid=11356(org.mozilla.fennec_aurora) expire 13 lines
05-28 23:55:28.510  1456  1673 I LaunchCheckinHandler: Displayed org.mozilla.fennec_aurora/org.mozilla.fenix.HomeActivity,wp,ca,604
05-28 23:55:28.511  1456  1673 I ActivityManager: Displayed org.mozilla.fennec_aurora/org.mozilla.fenix.HomeActivity: +595ms (total +1s142ms)
05-28 23:55:28.524 10849 10849 I MemoryTrimmer: Trimming objects from memory, since app is in the background.
05-28 23:55:28.530 10849 10849 I MemoryTrimmer: Trimming objects from memory, since app is in the background.
05-28 23:55:28.531 10849 22313 I PBSessionCacheImpl: Deleted sessionId[47715996814621413] from persistence.
05-28 23:55:28.535  1456  2401 I WifiService: getWifiEnabledState uid=10073
05-28 23:55:28.541 10849 10986 W SearchServiceCore: Abort, client detached.
05-28 23:55:28.834  1456  2401 I ActivityManager: Fully drawn org.mozilla.fennec_aurora/org.mozilla.fenix.HomeActivity: +928ms (total +1s475ms)
05-28 23:55:28.898 20746 20881 I chatty  : uid=11356(org.mozilla.fennec_aurora) expire 1 line
05-28 23:55:28.898 20746 20882 I chatty  : uid=11356(org.mozilla.fennec_aurora) expire 1 line
05-28 23:55:29.358   808   808 I SFPerfTracer:      triggers: (rate: 91:2059703) (compose: 0:7) (post: 0:19) (render: 0:17) (23:11510905 frames) (24:14749522)
05-28 23:55:29.358   808   808 D SFPerfTracer:        layers: (3:11) (NavigationBar#0 (0xb07df000): 0:1150666) (StatusBar#0 (0xb07e3000): 0:2769517) (com.android.systemui.ImageWallpaper#0 (0xb07e7000): 0:107625)* (Sprite#0 (0xb0733000): 0:317)* (DimLayerController/Stack=0#0 (0xb075a000): 0:3866)* (Sprite#1 (0xb077c000): 0:195)* (com.android.launcher3/com.android.launcher3.CustomizationPanelLauncher#0 (0xb0763000): 0:41)- (com.android.launcher3/com.android.launcher3.CustomizationPanelLauncher#1 (0xb0771000): 0:11)- (Splash Screen org.mozilla.fennec_aurora#0 (0xb039b000): 0:19)- (Splash Screen org.mozilla.fennec_aurora#1 (0xafd20000): 0:32)- (org.mozilla.fennec_aurora/org.mozilla.fenix.HomeActivity#0 (0xb039b000): 24:44) 
05-28 23:55:29.457 20746 20889 I chatty  : uid=11356(org.mozilla.fennec_aurora) expire 1 line
05-28 23:55:29.970 20746 20768 I chatty  : uid=11356(org.mozilla.fennec_aurora) expire 1 line
05-28 23:55:29.974  1456  2067 D ConnectivityService: releasing NetworkRequest [ TRACK_DEFAULT id=55003, [ Capabilities: INTERNET&NOT_RESTRICTED&TRUSTED&NOT_VPN] ] (release request)
05-28 23:55:30.363 20746 20808 I chatty  : uid=11356(org.mozilla.fennec_aurora) expire 26 lines
05-28 23:55:30.429 20746 20766 I chatty  : uid=11356(org.mozilla.fennec_aurora) expire 2 lines
05-28 23:55:33.004 20916 20916 D AndroidRuntime: >>>>>> START com.android.internal.os.RuntimeInit uid 2000 <<<<<<
05-28 23:55:33.017 20916 20916 W app_process: Could not reserve sentinel fault page
05-28 23:55:33.183 20916 20916 I app_process: The ClassLoaderContext is a special shared library.
05-28 23:55:33.249 20916 20916 D AndroidRuntime: Calling main entry com.android.commands.input.Input
05-28 23:55:33.252 20916 20916 I Input   : injectKeyEvent: KeyEvent { action=ACTION_DOWN, keyCode=KEYCODE_HOME, scanCode=0, metaState=0, flags=0x0, repeatCount=0, eventTime=22800600838, downTime=22800600838, deviceId=-1, source=0x101 }
05-28 23:55:33.259 20916 20916 I Input   : injectKeyEvent: KeyEvent { action=ACTION_UP, keyCode=KEYCODE_HOME, scanCode=0, metaState=0, flags=0x0, repeatCount=0, eventTime=22800600838, downTime=22800600838, deviceId=-1, source=0x101 }
05-28 23:55:33.265  1456  1941 I ActivityManager: START u0 {act=android.intent.action.MAIN cat=[android.intent.category.HOME] flg=0x10200000 cmp=com.android.launcher3/.CustomizationPanelLauncher (has extras)} from uid 1000
05-28 23:55:33.266   794   839 E ANDR-PERF-RESOURCEQS: Failed to apply optimization [4, 0]
05-28 23:55:33.272 20916 20916 D AndroidRuntime: Shutting down VM
05-28 23:55:33.279  1456  2401 I ActivityManager: moveHomeStack, setupComplete:true
05-28 23:55:33.289 10849 10934 I Adreno  : QUALCOMM build                   : bb5b86c, I77d3059488
05-28 23:55:33.289 10849 10934 I Adreno  : Build Date                       : 06/07/18
05-28 23:55:33.289 10849 10934 I Adreno  : OpenGL ES Shader Compiler Version: EV031.22.00.01_06
05-28 23:55:33.289 10849 10934 I Adreno  : Local Branch                     : 
05-28 23:55:33.289 10849 10934 I Adreno  : Remote Branch                    : refs/tags/AU_LINUX_ANDROID_LA.UM.6.5.R1.08.01.00.312.086
05-28 23:55:33.289 10849 10934 I Adreno  : Remote Branch                    : NONE
05-28 23:55:33.289 10849 10934 I Adreno  : Reconstruct Branch               : NOTHING
05-28 23:55:33.293 10849 10934 D vndksupport: Loading /vendor/lib/hw/gralloc.msm8937.so from current namespace instead of sphal namespace.
05-28 23:55:33.297 10849 10934 I Adreno  : PFP: 0x005ff087, ME: 0x005ff063
05-28 23:55:33.301 10849 10934 I zygote  : android::hardware::configstore::V1_0::ISurfaceFlingerConfigs::hasWideColorDisplay retrieved: 0
05-28 23:55:33.302  2748  2748 D Launcher.Utilities: Wakeup weather: Intent { act=com.motorola.launcher3.action.WAKEUP_WEATHER cmp=com.motorola.timeweatherwidget/com.motorola.commandcenter.weather.WakeUpService }
05-28 23:55:33.302 10849 10934 I OpenGLRenderer: Initialized EGL, version 1.4
05-28 23:55:33.303 10849 10934 D OpenGLRenderer: Swap behavior 2
05-28 23:55:33.315  1456  1456 I NotificationService: Cannot find enqueued record for key: 0|com.motorola.timeweatherwidget|1|null|10116
05-28 23:55:33.320   808   808 D SurfaceFlinger: duplicate layer name: changing com.android.launcher3/com.android.launcher3.CustomizationPanelLauncher to com.android.launcher3/com.android.launcher3.CustomizationPanelLauncher#1
05-28 23:55:33.340 10849 10915 W ThreadPoolDumper: Queue length for executor EventBus is now 11. Perhaps some tasks are too long, or the pool is too small.
05-28 23:55:33.342  1456  4802 I WifiService: getWifiEnabledState uid=10073
05-28 23:55:33.348  1456  4802 I WifiService: getWifiEnabledState uid=10073
05-28 23:55:33.404  1456  1673 I LaunchCheckinHandler: Displayed com.android.launcher3/.CustomizationPanelLauncher,wp,wa,139
05-28 23:55:33.409 10849 10849 I BgTaskExecutorImpl: Starting EXCLUSIVE background task TNG_MINUS_ONE_SYNC.
05-28 23:55:33.412 10849 10986 I MicroDetectionState: Should stop hotword detection immediately - false
05-28 23:55:33.417 10849 10986 I MicroDetectionWorker: #startMicroDetector [speakerMode: 0]
05-28 23:55:33.423 10849 10894 I MicroDataManager: isInitializing-false locale not changed-true model not changed-true
05-28 23:55:33.423 10849 10986 I TngMinusOneSync: Syncing TNG:-1
05-28 23:55:33.424 10849 10894 I MicroDataManager: Already initialized, obtaining the hotword data immediately.
05-28 23:55:33.425   788  1479 V msm8974_platform: platform_check_input_mask: enter check_input_mask source 6 mask 10
05-28 23:55:33.427  1012 20930 I AudioFlinger: AudioFlinger's thread 0xb2483080 tid=20930 ready to run
05-28 23:55:33.429 10849 14234 I MicroRecognitionRunner: Starting detection.
05-28 23:55:33.430 10849 14234 I InputStreamUtils: Using micInputStream
05-28 23:55:33.432   788  1479 D audio_hw_primary: in_set_parameters: enter: kvpairs=input_source=6;routing=-2147483644
05-28 23:55:33.434  1012 10158 D APM_AudioPolicyManager: AudioPolicyManager::startInput() input 363662, session 363777, source = 1999
05-28 23:55:33.436 10849 10986 I MicroDetectionWorker: onReady
05-28 23:55:33.437 10849 10986 I HotwordLSAdapter: getAudioSourceOpeningStatus completed: 1
05-28 23:55:33.437   788 20931 V msm8974_platform: platform_update_usecase_from_source: input source :6
05-28 23:55:33.437   788 20931 V msm8974_platform: platform_check_input_mask: enter check_input_mask source 6 mask 10
05-28 23:55:33.437   788 20931 V msm8974_platform: platform_get_input_snd_device: enter: out_device(0) in_device(0x4) channel_count (1) channel_mask (0x10)
05-28 23:55:33.437   788 20931 V msm8974_platform: platform_get_input_snd_device: exit: in_snd_device(voice-rec-mic)
05-28 23:55:33.437   788 20931 V msm8974_platform: platform_get_backend_index:napb: backend port - 5 device - 120 
05-28 23:55:33.437   788 20931 V msm8974_platform: platform_check_and_set_capture_backend_cfg:txbecf: afe: bitwidth 0, samplerate 0, channel 1, backend_idx 5 usecase = 9 device (voice-rec-mic)
05-28 23:55:33.437   788 20931 V msm8974_platform: platform_check_capture_backend_cfg:txbecf: afe: Codec selected backend: 5 current bit width: 0 and sample rate: 0, channels 1
