07-08 11:37:02.603  1655  1692 D glean/MetricsPingSched: Scheduling the 'metrics' ping in 58977412ms
07-08 11:37:02.619  1655  1692 D libglean_ffi: glean_core: Clearing Lifetime::Application metrics
07-08 11:37:02.619  1655  1699 E GeckoLibLoad: Loaded libs in 19.289273ms total, 16ms(50ms) user, 3ms(10ms) system, 0(0) faults
07-08 11:37:02.620  1655  1699 D GeckoThread: State changed to LIBS_READY
07-08 11:37:02.624  1655  1655 D GleanMetricsService: Enabling Glean.
07-08 11:37:02.624  1655  1699 W GeckoThread: zerdatime 26750728697 - runGecko
07-08 11:37:02.624  1655  1655 I glean/Dispatchers: Task queued for execution and delayed until flushed
07-08 11:37:02.626  1655  1699 D GeckoProfile: Loading profile at: null name: default
07-08 11:37:02.627  1655  1699 D GeckoProfile: Found profile dir: /data/user/0/org.mozilla.fennec_aurora/files/mozilla/kk6l030r.default
07-08 11:37:02.630  1655  1655 I AdjustMetricsService: No adjust token defined
07-08 11:37:02.632  1655  1655 D PushConfig: Creating push configuration for autopush.
07-08 11:37:02.642  1655  1655 I App     : AutoPushFeature is configured, initializing it...
07-08 11:37:02.643  1655  1710 D AutoPushFeature: Initializing native component with the cached token.
07-08 11:37:02.644  1655  1655 I AutoPushFeature: Checking validity of push subscriptions.
07-08 11:37:02.649  1655  1655 D FennecProfile: profiles.ini: true
07-08 11:37:02.653  1655  1710 D RustNativeSupport: findMegazordLibraryName(push, 61.0.6
07-08 11:37:02.653  1655  1710 D RustNativeSupport: lib in use: none
07-08 11:37:02.653  1655  1710 D RustNativeSupport: lib configured: megazord
07-08 11:37:02.653  1655  1710 D RustNativeSupport: lib version configured: 61.0.6
07-08 11:37:02.654  1655  1710 D RustNativeSupport: settled on megazord
07-08 11:37:02.655  1655  1692 I libglean_ffi: glean_core: Upload enabled: true
07-08 11:37:02.655  1655  1655 D FennecProfile: Ignoring line in [general] section: StartWithLastProfile=1
07-08 11:37:02.655  1655  1655 D FennecProfile: Found 1 profiles
07-08 11:37:02.655  1655  1655 D FennecProfile: Found default profile: FennecProfile(name=default, path=/data/user/0/org.mozilla.fennec_aurora/files/mozilla/kk6l030r.default, default=true)
07-08 11:37:02.676  1655  1693 W [WARNING][Leanplum]: [com.leanplum.internal.ActionManager::getLocationManager::8]: Geofencing support requires leanplum-location module and Google Play Services v8.1 and higher.
07-08 11:37:02.676  1655  1693 W [WARNING][Leanplum]: Add this to your build.gradle file:
07-08 11:37:02.676  1655  1693 W [WARNING][Leanplum]: implementation 'com.google.android.gms:play-services-location:8.3.0+'
07-08 11:37:02.676  1655  1693 W [WARNING][Leanplum]: implementation 'com.leanplum:leanplum-location:+'
07-08 11:37:02.689  1655  1699 I Gecko:DumpUtils: Fifo watcher disabled via pref.
07-08 11:37:02.692  1655  1655 D FennecMigrator: This is not a Fennec installation. No migration needed.
07-08 11:37:02.693  1655  1655 D SessionManager: onTrimMemory(15): clearThumbnails=true, closeEngineSessions=true
07-08 11:37:02.693  1655  1655 D SessionManager: Cleared 0 thumbnail(s) and unlinked 0 engine sessions(s)
07-08 11:37:02.708  1655  1693 I [INFO][Leanplum]: [com.leanplum.monitoring.ExceptionHandler::setContext::6]: LeanplumExceptionHandler could not initialize Exception Reporting.This is expected if you have not included the leanplum-monitoring module
07-08 11:37:02.745  1655  1733 I [INFO][Leanplum]: [com.leanplum.LeanplumFcmProvider::isManifestSetup::11]: Firebase Messaging is setup correctly.
07-08 11:37:02.783  1655  1667 I zygote  : Background concurrent copying GC freed 10983(897KB) AllocSpace objects, 13(260KB) LOS objects, 49% free, 4MB/8MB, paused 725us total 105.868ms
07-08 11:37:02.792  1655  1699 D GeckoSysInfo: System memory: 1867MB.
07-08 11:37:02.795  1655  1699 D GeckoThread: State changed to JNI_READY
07-08 11:37:02.807  1655  1662 I zygote  : Do partial code cache collection, code=24KB, data=25KB
07-08 11:37:02.809  1655  1662 I zygote  : After code cache collection, code=22KB, data=25KB
07-08 11:37:02.809  1655  1662 I zygote  : Increasing code cache capacity to 128KB
07-08 11:37:02.818  1456  2915 I ActivityManager: Start proc 1759:org.mozilla.fennec_aurora:tab0/u0a1482 for service org.mozilla.fennec_aurora/org.mozilla.gecko.process.GeckoChildProcessServices$tab0
07-08 11:37:02.821  1655  1748 D ServiceAllocator: org.mozilla.gecko.process.GeckoChildProcessServices$tab0 updateBindings: BACKGROUND priority, 0 importance, 2 successful binds, 0 failed binds, 0 successful unbinds
07-08 11:37:02.855  1456  1601 W ActivityManager: Activity pause timeout for ActivityRecord{9ac65fc u0 org.mozilla.fennec_aurora/org.mozilla.fenix.IntentReceiverActivity t93004}
07-08 11:37:02.864  1456  2915 I ActivityManager: START u0 {act=android.intent.action.VIEW dat=https://example.com/... typ=text/html cmp=org.mozilla.fennec_aurora/org.mozilla.fenix.HomeActivity (has extras)} from uid 11482
07-08 11:37:02.929  1759  1759 D GeckoThread: State changed to LAUNCHED
07-08 11:37:02.930  1759  1781 I GeckoThread: preparing to run Gecko
07-08 11:37:02.986  1655  1662 I zygote  : Do partial code cache collection, code=53KB, data=47KB
07-08 11:37:02.987  1655  1662 I zygote  : After code cache collection, code=46KB, data=42KB
07-08 11:37:02.987  1655  1662 I zygote  : Increasing code cache capacity to 256KB
07-08 11:37:03.061  1655  1655 I NavController: Ignoring popBackStack to destination org.mozilla.fennec_aurora:id/browserFragment as it was not found on the current back stack
07-08 11:37:03.307  1655  1655 I FirefoxAccountStateMachine: Enabling/updating sync with a new SyncConfig: SyncConfig(supportedEngines=[mozilla.components.service.fxa.SyncEngine$History@a6fa6a9, mozilla.components.service.fxa.SyncEngine$Bookmarks@607a42e, mozilla.components.service.fxa.SyncEngine$Passwords@edb1bcf, mozilla.components.service.fxa.SyncEngine$Tabs@6de195c], syncPeriodInMinutes=240)
07-08 11:37:03.310  1655  1655 I BgSyncManager: Periodic syncing enabled at a 240 interval
07-08 11:37:03.311  1655  1655 I FirefoxAccountStateMachine: Sync is enabled
07-08 11:37:03.320  1655  1789 I FirefoxAccountStateMachine: Processing event Event$Init for state Start. Next state is Start
07-08 11:37:03.339  1655  1712 D RustNativeSupport: findMegazordLibraryName(places, 61.0.6
07-08 11:37:03.339  1655  1712 D RustNativeSupport: lib in use: none
07-08 11:37:03.339  1655  1712 D RustNativeSupport: lib configured: megazord
07-08 11:37:03.339  1655  1712 D RustNativeSupport: lib version configured: 61.0.6
07-08 11:37:03.339  1655  1712 D RustNativeSupport: settled on megazord
07-08 11:37:03.344  1655  1712 D places_ffi: places_api_new
07-08 11:37:03.348  1655  1789 I FirefoxAccountStateMachine: Ran 'Event$Init' side-effects for state Start, got successive event Event$AccountNotFound
07-08 11:37:03.348  1655  1789 I FirefoxAccountStateMachine: Processing event Event$AccountNotFound for state Start. Next state is NotAuthenticated
07-08 11:37:03.352  1655  1699 D GeckoThread: State changed to PROFILE_READY
07-08 11:37:03.361  1655  1789 D RustNativeSupport: findMegazordLibraryName(fxaclient, 61.0.6
07-08 11:37:03.362  1655  1789 D RustNativeSupport: lib in use: none
07-08 11:37:03.362  1655  1789 D RustNativeSupport: lib configured: megazord
07-08 11:37:03.362  1655  1789 D RustNativeSupport: lib version configured: 61.0.6
07-08 11:37:03.362  1655  1789 D RustNativeSupport: settled on megazord
07-08 11:37:03.367  1655  1789 D fxaclient_ffi: fxa_new
07-08 11:37:03.375  1456  1601 W ActivityManager: Activity pause timeout for ActivityRecord{929d1ad u0 org.mozilla.fennec_aurora/org.mozilla.fenix.HomeActivity t93005}
07-08 11:37:03.409  1655  1712 D sql_support::conn_ext: Transaction commited after 35.765784ms
07-08 11:37:03.410  1655  1712 D places_ffi: places_connection_new
07-08 11:37:03.415  1655  1712 D places_ffi: places_connection_new
07-08 11:37:03.434  1655  1712 D places_ffi: bookmarks_get_all_with_url
07-08 11:37:03.442  1655  1655 D GeckoRuntime: Lifecycle: onStart
07-08 11:37:03.444  1655  1692 I libglean_ffi: glean_core::ping: Collecting baseline
07-08 11:37:03.451  1655  1692 D libglean_ffi: glean_core::ping: Storing ping '396b6041-8aeb-40fa-94d4-d377736e4ad3' at '/data/user/0/org.mozilla.fennec_aurora/glean_data/pending_pings/396b6041-8aeb-40fa-94d4-d377736e4ad3'
07-08 11:37:03.453  1655  1692 I libglean_ffi: glean_core: The ping 'baseline' was submitted and will be sent as soon as possible
07-08 11:37:03.462  1655  1655 D GeckoRuntime: Lifecycle: onResume
07-08 11:37:03.463  1655  1655 D GeckoNetworkManager: Incoming event start for state OffNoListeners -> OnNoListeners
07-08 11:37:03.465  1655  1655 D GeckoNetworkManager: New network state: UP, WIFI, WIFI
07-08 11:37:03.471  1655  1729 D NetworkSecurityConfig: No Network Security Config specified, using platform default
07-08 11:37:03.485  1655  1805 D OpenGLRenderer: HWUI GL Pipeline
07-08 11:37:03.493  1456  2915 D ConnectivityService: requestNetwork for uid/pid:11482/1655 NetworkRequest [ TRACK_DEFAULT id=80406, [ Capabilities: INTERNET&NOT_RESTRICTED&TRUSTED&NOT_VPN] ]
07-08 11:37:03.494  1456  2099 D Ethernet: got request NetworkRequest [ TRACK_DEFAULT id=80406, [ Capabilities: INTERNET&NOT_RESTRICTED&TRUSTED&NOT_VPN] ] with score 60
07-08 11:37:03.494  1456  2054 D WIFI_UT : got request NetworkRequest [ TRACK_DEFAULT id=80406, [ Capabilities: INTERNET&NOT_RESTRICTED&TRUSTED&NOT_VPN] ] with score 60
07-08 11:37:03.495  1456  2054 D WIFI    : got request NetworkRequest [ TRACK_DEFAULT id=80406, [ Capabilities: INTERNET&NOT_RESTRICTED&TRUSTED&NOT_VPN] ] with score 60
07-08 11:37:03.495  2398  2398 D PhoneSwitcherNetworkRequstListener: got request NetworkRequest [ TRACK_DEFAULT id=80406, [ Capabilities: INTERNET&NOT_RESTRICTED&TRUSTED&NOT_VPN] ] with score 60
07-08 11:37:03.498  1655  1699 D GeckoThread: State changed to RUNNING
07-08 11:37:03.521  1655  1699 I Gecko   : -*- nsDNSServiceDiscovery.js : nsDNSServiceDiscovery
07-08 11:37:03.538  1655  1794 W LOTTIE  : Animation contains merge paths. Merge paths are only supported on KitKat+ and must be manually enabled by calling enableMergePathsForKitKatAndAbove().
07-08 11:37:03.539  1655  1662 I zygote  : Do full code cache collection, code=125KB, data=98KB
07-08 11:37:03.540  1655  1662 I zygote  : After code cache collection, code=94KB, data=60KB
07-08 11:37:03.563  1655  1655 I [INFO][Leanplum]: [com.leanplum.LeanplumCloudMessagingProvider::onRegistrationIdReceived::3]: Device registered for push notifications with registration token, eADMwAcwh2w:APA91bEsbrSHVDxw1Eirm2iO86A4Pne5xHN_6upgoAlupsO9EsmFlkwcaKCLUaarQmBK4jTDUX6IBkHw3BKmbIGXoys7EnDtk8A0mYTIgca5-lQsYVioisuTWZnC8rwu1J1HM6tOh34D
07-08 11:37:03.579  1655  1692 I libglean_ffi: glean_core::ping: Collecting startup-timeline
07-08 11:37:03.584  1655  1692 D libglean_ffi: glean_core::ping: Storing ping 'f39264bc-674d-4679-82e0-ecf2baef0799' at '/data/user/0/org.mozilla.fennec_aurora/glean_data/pending_pings/f39264bc-674d-4679-82e0-ecf2baef0799'
07-08 11:37:03.586  1655  1692 I libglean_ffi: glean_core: The ping 'startup-timeline' was submitted and will be sent as soon as possible
07-08 11:37:03.614  1655  1789 W FirefoxAccountStateMachine: Got invalid event Event$Init for state NotAuthenticated.
07-08 11:37:03.615  1655  1655 D GeckoNetworkManager: Incoming event receivedUpdate for state OnNoListeners -> OnNoListeners
07-08 11:37:03.616  1655  1699 I Adreno  : QUALCOMM build                   : bb5b86c, I77d3059488
07-08 11:37:03.616  1655  1699 I Adreno  : Build Date                       : 06/07/18
07-08 11:37:03.616  1655  1699 I Adreno  : OpenGL ES Shader Compiler Version: EV031.22.00.01_06
07-08 11:37:03.616  1655  1699 I Adreno  : Local Branch                     : 
07-08 11:37:03.616  1655  1699 I Adreno  : Remote Branch                    : refs/tags/AU_LINUX_ANDROID_LA.UM.6.5.R1.08.01.00.312.086
07-08 11:37:03.616  1655  1699 I Adreno  : Remote Branch                    : NONE
07-08 11:37:03.616  1655  1699 I Adreno  : Reconstruct Branch               : NOTHING
07-08 11:37:03.616  1655  1655 D GeckoNetworkManager: New network state: UP, WIFI, WIFI
07-08 11:37:03.616  1655  1699 D vndksupport: Loading /vendor/lib/hw/gralloc.msm8937.so from current namespace instead of sphal namespace.
07-08 11:37:03.617  1456  2916 I WifiService: getDhcpInfo uid=11482
07-08 11:37:03.623  1655  1699 I Adreno  : PFP: 0x005ff087, ME: 0x005ff063
07-08 11:37:03.630  1655  1699 I zygote  : android::hardware::configstore::V1_0::ISurfaceFlingerConfigs::hasWideColorDisplay retrieved: 0
07-08 11:37:03.649  1456  1673 I WindowManager: Failed to capture screenshot of Token{d7f2ce2 ActivityRecord{929d1ad u0 org.mozilla.fennec_aurora/org.mozilla.fenix.HomeActivity t93005}} appWin=Window{f7556e1 u0 Splash Screen org.mozilla.fennec_aurora} drawState=4
07-08 11:37:03.663  1655  1813 I Gecko   : [GFX1-]: Failed to create EGLContext!: 0x300c
07-08 11:37:03.664   808   808 I SFPerfTracer:      triggers: (rate: 118:2547376) (compose: 0:9) (post: 0:22) (render: 0:22) (41:14608698 frames) (42:18341240)
07-08 11:37:03.664   808   808 D SFPerfTracer:        layers: (2:9) (NavigationBar#0 (0xb07df000): 0:1338683)* (StatusBar#0 (0xb07e3000): 0:3196305) (com.android.systemui.ImageWallpaper#0 (0xb07e7000): 0:123833) (Sprite#0 (0xb0733000): 0:317)* (DimLayerController/Stack=0#0 (0xb075a000): 0:4189)* (Sprite#1 (0xb077c000): 0:195)* (Sprite#2 (0xb039b000): 0:4)* (Splash Screen org.mozilla.fennec_aurora#0 (0xb0763000): 0:5)- (Splash Screen org.mozilla.fennec_aurora#0 (0xb0763000): 2:5)* 
07-08 11:37:03.668  1655  1655 D MigrationPushRenewer: Migration state: NONE
07-08 11:37:03.668  1655  1655 D MigrationTelemetryListener: Migration state: NONE
07-08 11:37:03.673  1655  1655 D GeckoNetworkManager: Incoming event enableNotifications for state OnNoListeners -> OnWithListeners
07-08 11:37:03.677  1655  1655 D GeckoNetworkManager: New network state: UP, WIFI, WIFI
07-08 11:37:03.677  1655  1831 I libglean_ffi: glean_core::upload: New upload task with id 396b6041-8aeb-40fa-94d4-d377736e4ad3 (path: /submit/org-mozilla-fennec-aurora/baseline/1/396b6041-8aeb-40fa-94d4-d377736e4ad3)
07-08 11:37:03.681  1655  1831 D glean/ConceptFetchHttpUploader: Submitting ping to: https://incoming.telemetry.mozilla.org/submit/org-mozilla-fennec-aurora/baseline/1/396b6041-8aeb-40fa-94d4-d377736e4ad3
07-08 11:37:03.689  1655  1655 W LOTTIE  : Animation contains merge paths but they are disabled.
07-08 11:37:03.701  1655  1655 D GeckoNetworkManager: Incoming event receivedUpdate for state OnWithListeners -> OnWithListeners
07-08 11:37:03.703  1655  1655 D GeckoNetworkManager: New network state: UP, WIFI, WIFI
07-08 11:37:03.715  1655  1699 W ResourceType: Too many attribute references, stopped at: 0x01010099
07-08 11:37:03.762  1655  1699 W GeckoEventDispatcher: No listener for GeckoView:AccessibilityEnabled
07-08 11:37:04.086  1655  1748 D ServiceAllocator: org.mozilla.gecko.process.GeckoChildProcessServices$tab0 updateBindings: FOREGROUND priority, 0 importance, 1 successful binds, 0 failed binds, 0 successful unbinds
07-08 11:37:04.094  1759  1781 D GeckoThread: State changed to MOZGLUE_READY
07-08 11:37:04.102  1655  1748 D ServiceAllocator: org.mozilla.gecko.process.GeckoChildProcessServices$tab0 updateBindings: FOREGROUND priority, 2 importance, 0 successful binds, 0 failed binds, 0 successful unbinds
07-08 11:37:04.102  1759  1781 W Settings: Setting animator_duration_scale has moved from android.provider.Settings.System to android.provider.Settings.Global, returning read-only global URI.
07-08 11:37:04.106  1759  1781 E GeckoLibLoad: Load sqlite start
07-08 11:37:04.107  1759  1781 E GeckoLibLoad: Load sqlite done
07-08 11:37:04.108  1759  1781 E GeckoLibLoad: Load nss start
07-08 11:37:04.108  1759  1781 E GeckoLibLoad: Load nss done
07-08 11:37:04.116  1655  1699 I GeckoSession: zerdatime 26750730190 - chrome startup finished
07-08 11:37:04.126  1759  1781 E GeckoLibLoad: Loaded libs in 17.584950ms total, 6ms(6ms) user, 6ms(10ms) system, 0(0) faults
07-08 11:37:04.126  1759  1781 D GeckoThread: State changed to LIBS_READY
07-08 11:37:04.126  1759  1781 W GeckoThread: zerdatime 26750730199 - runGecko
07-08 11:37:04.190  1655  1712 D places_ffi: places_connection_new
07-08 11:37:04.201  1655  1655 D GeckoRuntime: Lifecycle: onPause
07-08 11:37:04.201  1655  1655 D GeckoNetworkManager: Incoming event stop for state OnWithListeners -> OffWithListeners
07-08 11:37:04.202  1655  1655 I SessionStorage/AutoSave: Save: Background
07-08 11:37:04.212  1655  1712 D places_ffi: places_note_observation
07-08 11:37:04.212  1655  1742 D SessionStorage/AutoSave: Saved state to disk [9ms]
07-08 11:37:04.214  1655  1742 I zygote  : Deoptimizing void kotlinx.coroutines.DispatchedTask.run() due to JIT inline cache
07-08 11:37:04.214  1655  1692 I libglean_ffi: glean_core::ping: Collecting baseline
07-08 11:37:04.220  1655  1692 D libglean_ffi: glean_core::ping: Storing ping '1f0ce29b-7ec1-4086-b78f-3dd9eb8718b9' at '/data/user/0/org.mozilla.fennec_aurora/glean_data/pending_pings/1f0ce29b-7ec1-4086-b78f-3dd9eb8718b9'
07-08 11:37:04.223  1655  1692 I libglean_ffi: glean_core: The ping 'baseline' was submitted and will be sent as soon as possible
07-08 11:37:04.225  1655  1692 I libglean_ffi: glean_core::ping: Collecting events
07-08 11:37:04.229  1655  1692 D libglean_ffi: glean_core::ping: Storing ping '24db2cc0-e203-439a-b131-6aa75d806a10' at '/data/user/0/org.mozilla.fennec_aurora/glean_data/pending_pings/24db2cc0-e203-439a-b131-6aa75d806a10'
07-08 11:37:04.231  1655  1692 I libglean_ffi: glean_core: The ping 'events' was submitted and will be sent as soon as possible
07-08 11:37:04.254  1655  1712 D sql_support::conn_ext: Transaction commited after 40.027035ms
07-08 11:37:04.256  1655  1712 I zygote  : Deoptimizing void kotlinx.coroutines.DispatchedTask.run() due to JIT inline cache
07-08 11:37:04.257  1655  1732 D places_ffi: places_note_observation
07-08 11:37:04.299  1759  1781 D GeckoThread: State changed to RUNNING
07-08 11:37:04.302  1655  1831 I libglean_ffi: glean_core::upload: Ping 396b6041-8aeb-40fa-94d4-d377736e4ad3 successfully sent 200.
07-08 11:37:04.302  1655  1831 I libglean_ffi: glean_core::upload::directory: File was deleted /data/user/0/org.mozilla.fennec_aurora/glean_data/pending_pings/396b6041-8aeb-40fa-94d4-d377736e4ad3
07-08 11:37:04.302  1655  1732 D sql_support::conn_ext: Transaction commited after 43.955265ms
07-08 11:37:04.303  1655  1732 I zygote  : Deoptimizing void kotlinx.coroutines.DispatchedTask.run() due to JIT inline cache
07-08 11:37:04.307  1655  1831 I libglean_ffi: glean_core::upload: New upload task with id f39264bc-674d-4679-82e0-ecf2baef0799 (path: /submit/org-mozilla-fennec-aurora/startup-timeline/1/f39264bc-674d-4679-82e0-ecf2baef0799)
07-08 11:37:04.308  1655  1831 D glean/ConceptFetchHttpUploader: Submitting ping to: https://incoming.telemetry.mozilla.org/submit/org-mozilla-fennec-aurora/startup-timeline/1/f39264bc-674d-4679-82e0-ecf2baef0799
07-08 11:37:04.341  1759  1781 W ResourceType: Too many attribute references, stopped at: 0x01010099
07-08 11:37:04.367  1655  1699 D GeckoScreenOrientation: unlocking
07-08 11:37:04.430  1655  1655 D GeckoSession: handleMessage GeckoView:PageStart uri=about:blank
07-08 11:37:04.437  1759  1759 D GeckoNetworkManager: Incoming event enableNotifications for state OffNoListeners -> OffWithListeners
07-08 11:37:04.439  1759  1759 D GeckoNetworkManager: New network state: UP, WIFI, WIFI
07-08 11:37:04.446  1655  1655 D GeckoSession: handleMessage GeckoView:LocationChange uri=about:blank
07-08 11:37:04.452  1655  1655 D GeckoSession: handleMessage GeckoView:PageStop uri=null
07-08 11:37:04.458  1655  1655 I SessionStorage/AutoSave: Save: Load finished
07-08 11:37:04.459  1655  1732 D SessionStorage/AutoSave: Delaying save (1744ms)
07-08 11:37:04.721  1655  1655 D GeckoSession: handleMessage GeckoView:ProgressChanged uri=null
07-08 11:37:04.726  1655  1655 D GeckoSession: handleMessage GeckoView:PageStart uri=https://example.com/
07-08 11:37:04.741  1655  1655 D GeckoSession: handleMessage GeckoView:ProgressChanged uri=null
07-08 11:37:04.742  1655  1831 I libglean_ffi: glean_core::upload: Ping f39264bc-674d-4679-82e0-ecf2baef0799 successfully sent 200.
07-08 11:37:04.743  1655  1831 I libglean_ffi: glean_core::upload::directory: File was deleted /data/user/0/org.mozilla.fennec_aurora/glean_data/pending_pings/f39264bc-674d-4679-82e0-ecf2baef0799
07-08 11:37:04.747  1655  1831 I libglean_ffi: glean_core::upload: New upload task with id 1f0ce29b-7ec1-4086-b78f-3dd9eb8718b9 (path: /submit/org-mozilla-fennec-aurora/baseline/1/1f0ce29b-7ec1-4086-b78f-3dd9eb8718b9)
07-08 11:37:04.749  1655  1831 D glean/ConceptFetchHttpUploader: Submitting ping to: https://incoming.telemetry.mozilla.org/submit/org-mozilla-fennec-aurora/baseline/1/1f0ce29b-7ec1-4086-b78f-3dd9eb8718b9
07-08 11:37:04.749  1655  1655 D GeckoSession: handleMessage GeckoView:PageStop uri=null
07-08 11:37:04.750  1655  1655 I SessionStorage/AutoSave: Save: Load finished
07-08 11:37:04.751  1655  1655 D SessionStorage/AutoSave: Skipping save, other job already in flight
07-08 11:37:04.756  1655  1655 D GeckoSession: handleMessage GeckoView:SecurityChanged uri=null
07-08 11:37:04.757  1655  1655 D GeckoSession: handleMessage GeckoView:ProgressChanged uri=null
07-08 11:37:04.761  1655  1655 D GeckoSession: handleMessage GeckoView:PageStart uri=https://example.com/
07-08 11:37:04.780  1655  1655 D App     : Installed browser-icons extension
07-08 11:37:04.788  1655  1662 I zygote  : Do partial code cache collection, code=123KB, data=84KB
07-08 11:37:04.791  1655  1662 I zygote  : After code cache collection, code=118KB, data=82KB
07-08 11:37:04.791  1655  1662 I zygote  : Increasing code cache capacity to 512KB
07-08 11:37:04.796  1655  1655 I zygote  : Deoptimizing java.lang.Object mozilla.components.support.ktx.kotlinx.coroutines.flow.FlowKt$filterChanged$1.invokeSuspend(java.lang.Object) due to JIT inline cache
07-08 11:37:04.817  1655  1655 D mozac-webextensions: Installed extension: mozacWebchannel
07-08 11:37:04.907  1655  1655 D WebExtension: handleMessage GeckoView:PageAction:Update
07-08 11:37:04.913  1655  1655 D GeckoSession: handleMessage GeckoView:LocationChange uri=https://example.com/
07-08 11:37:04.914  1655  1699 W GeckoEventDispatcher: No listener for GeckoView:PageAction:Update
07-08 11:37:04.918  1655  1732 D places_ffi: bookmarks_get_all_with_url
07-08 11:37:04.937  1655  1655 D GeckoSession: handleMessage GeckoView:SecurityChanged uri=null
07-08 11:37:05.069  1655  1732 D places_ffi: places_note_observation
07-08 11:37:05.069  1655  1655 D GeckoSession: handleMessage GeckoView:ProgressChanged uri=null
07-08 11:37:05.088  1655  1732 D sql_support::conn_ext: Transaction commited after 18.170783ms
07-08 11:37:05.116  1655  1655 D GeckoSession: handleMessage GeckoView:ProgressChanged uri=null
07-08 11:37:05.119  1655  1831 I libglean_ffi: glean_core::upload: Ping 1f0ce29b-7ec1-4086-b78f-3dd9eb8718b9 successfully sent 200.
07-08 11:37:05.120  1655  1831 I libglean_ffi: glean_core::upload::directory: File was deleted /data/user/0/org.mozilla.fennec_aurora/glean_data/pending_pings/1f0ce29b-7ec1-4086-b78f-3dd9eb8718b9
07-08 11:37:05.122  1655  1655 D GeckoSession: handleMessage GeckoView:PageStop uri=null
07-08 11:37:05.123  1655  1831 I libglean_ffi: glean_core::upload: New upload task with id 24db2cc0-e203-439a-b131-6aa75d806a10 (path: /submit/org-mozilla-fennec-aurora/events/1/24db2cc0-e203-439a-b131-6aa75d806a10)
07-08 11:37:05.124  1655  1655 I SessionStorage/AutoSave: Save: Load finished
07-08 11:37:05.124  1655  1655 D SessionStorage/AutoSave: Skipping save, other job already in flight
07-08 11:37:05.125  1655  1831 D glean/ConceptFetchHttpUploader: Submitting ping to: https://incoming.telemetry.mozilla.org/submit/org-mozilla-fennec-aurora/events/1/24db2cc0-e203-439a-b131-6aa75d806a10
07-08 11:37:05.188  1655  1655 D WebExtension: handleMessage GeckoView:WebExtension:Message
07-08 11:37:05.203  1655  1655 D WebExtension: handleMessage GeckoView:WebExtension:Connect
07-08 11:37:05.212  1655  1732 D places_ffi: places_get_visited
07-08 11:37:05.221  1655  1944 D BrowserIcons: Loaded icon (source = GENERATOR): https://example.com/
07-08 11:37:05.373  1655  1655 D mozac-webextensions: Installed extension: mozacReaderview
07-08 11:37:05.384  1655  1655 D mozac-webcompat-reporter: Installed WebCompat Reporter webextension: webcompat-reporter@mozilla.org
07-08 11:37:05.394  1655  1655 D mozac-webcompat: Installed WebCompat webextension: webcompat@mozilla.org
07-08 11:37:05.484  1655  1831 I libglean_ffi: glean_core::upload: Ping 24db2cc0-e203-439a-b131-6aa75d806a10 successfully sent 200.
07-08 11:37:05.484  1655  1831 I libglean_ffi: glean_core::upload::directory: File was deleted /data/user/0/org.mozilla.fennec_aurora/glean_data/pending_pings/24db2cc0-e203-439a-b131-6aa75d806a10
07-08 11:37:05.488  1655  1831 I libglean_ffi: glean_core::upload: No more pings to upload! You are done.
07-08 11:37:05.490  1655  1684 I WM-WorkerWrapper: Worker result SUCCESS for Work [ id=448df8ea-f7b0-4db4-96de-1d62564453c2, tags={ mozilla.telemetry.glean.scheduler.PingUploadWorker, mozac_service_glean_ping_upload_worker } ]
07-08 11:37:05.494  1456  2067 D ConnectivityService: releasing NetworkRequest [ TRACK_DEFAULT id=80406, [ Capabilities: INTERNET&NOT_RESTRICTED&TRUSTED&NOT_VPN] ] (release request)
07-08 11:37:05.791  1655  1655 I DefaultSupportedAddonsChecker: Register check for new supported add-ons
07-08 11:37:05.821  1655  1732 I SupportedAddonsWorker: Trying to check for new supported add-ons
07-08 11:37:05.924  1655  1655 D GeckoSession: handleMessage GeckoView:StateUpdated uri=null
07-08 11:37:05.925  1655  1655 W GeckoSession: No history entries found.
07-08 11:37:05.931  1655  1688 I WM-WorkerWrapper: Worker result SUCCESS for Work [ id=58508b20-08bb-4923-92e5-f8039d28d977, tags={ mozilla.components.feature.addons.migration.DefaultSupportedAddonsChecker.periodicWork, mozilla.components.feature.addons.migration.SupportedAddonsWorker } ]
07-08 11:37:06.215  1655  1732 D SessionStorage/AutoSave: Saved state to disk [11ms]
07-08 11:37:07.987  1946  1946 D AndroidRuntime: >>>>>> START com.android.internal.os.RuntimeInit uid 2000 <<<<<<
07-08 11:37:07.999  1946  1946 W app_process: Could not reserve sentinel fault page
07-08 11:37:08.165  1946  1946 I app_process: The ClassLoaderContext is a special shared library.
07-08 11:37:08.236  1946  1946 D AndroidRuntime: Calling main entry com.android.commands.input.Input
07-08 11:37:08.237  1946  1946 I Input   : injectKeyEvent: KeyEvent { action=ACTION_DOWN, keyCode=KEYCODE_HOME, scanCode=0, metaState=0, flags=0x0, repeatCount=0, eventTime=25620620664, downTime=25620620664, deviceId=-1, source=0x101 }
07-08 11:37:08.244  1946  1946 I Input   : injectKeyEvent: KeyEvent { action=ACTION_UP, keyCode=KEYCODE_HOME, scanCode=0, metaState=0, flags=0x0, repeatCount=0, eventTime=25620620664, downTime=25620620664, deviceId=-1, source=0x101 }
07-08 11:37:08.247  1946  1946 D AndroidRuntime: Shutting down VM
07-08 11:37:08.651  1655  1655 I glean/Glean: Registering pings for org.mozilla.fenix.GleanMetrics.Pings
07-08 11:37:08.799  1655  1655 D App     : ActivationPing - already generated
07-08 11:37:08.811  1655  1732 I FenixApplication: Running post-visual completeness tasks...
07-08 11:37:08.811  1655  1732 I FenixApplication: Storage initialization...
07-08 11:37:08.811  1655  1732 I PlacesHistoryStorage: Warming up places storage...
07-08 11:37:08.812  1655  1655 I FenixApplication: Kicking-off account manager...
07-08 11:37:08.812  1655  1655 I FenixApplication: 'Kicking-off account manager' took 0 ms
07-08 11:37:08.812  1655  1732 I PlacesHistoryStorage: 'Warming up places storage' took 0 ms
07-08 11:37:08.813  1655  1732 I PlacesBookmarksStorage: Warming up places storage...
07-08 11:37:08.813  1655  1732 I PlacesBookmarksStorage: 'Warming up places storage' took 0 ms
07-08 11:37:08.818  1655  1959 I experiments: No active experiment in cache
07-08 11:37:08.823  1655  1959 W experiments: Experiment bucket is outside of the bucket range.
07-08 11:37:08.851  1655  1732 I SyncableLoginsStorage: Warming up storage...
07-08 11:37:08.860  1655  1732 D RustNativeSupport: findMegazordLibraryName(logins, 61.0.6
07-08 11:37:08.860  1655  1732 D RustNativeSupport: lib in use: none
07-08 11:37:08.861  1655  1732 D RustNativeSupport: lib configured: megazord
07-08 11:37:08.861  1655  1732 D RustNativeSupport: lib version configured: 61.0.6
07-08 11:37:08.861  1655  1732 D RustNativeSupport: settled on megazord
07-08 11:37:08.863  1655  1732 D logins_ffi: sync15_passwords_state_new
07-08 11:37:08.885  1655  1967 I experiments: Fetching experiments from https://firefox.settings.services.mozilla.com/v1/buckets/main/collections/mobile-experiments/records?_since=1594160039420
07-08 11:37:08.886  2146  2165 I zygote  : Background concurrent copying GC freed 30341(1204KB) AllocSpace objects, 0(0B) LOS objects, 49% free, 12MB/24MB, paused 229us total 198.971ms
07-08 11:37:08.997  1655  1967 W ActivityThread: ClassLoader.getResources: The class loader returned by Thread.getContextClassLoader() may fail for processes that host multiple applications. You should explicitly specify a context class loader. For example: Thread.setContextClassLoader(getClass().getClassLoader());
07-08 11:37:09.002  1655  1967 D experiments: Fetched experiments from https://firefox.settings.services.mozilla.com/v1/buckets/main/collections/mobile-experiments/records?_since=1594160039420:
07-08 11:37:09.002  1655  1967 D experiments: {"data": []}
07-08 11:37:09.003  1655  1967 I experiments: Experiments update from server: ExperimentsSnapshot(experiments=[Experiment(id=fenix-search-widget, description=Show a contextual hint to active searchers on their home screen, prompting them to install the search widget. Will not be shown to users who already have a search widget installed., lastModified=1594160039420, schemaModified=1594141444321, buckets=Buckets(start=0, count=1000), branches=[Branch(name=control_no_cfr, ratio=1), Branch(name=treatment_cfr, ratio=1)], match=Matcher(appId=^org.mozilla.fenix|org.mozilla.fenix.debug$, appDisplayVersion=null, appMinVersion=null, appMaxVersion=null, localeLanguage=^en-GB|en-CA|en-US$, localeCountry=null, deviceManufacturer=null, deviceModel=null, regions=[], debugTags=[]))], lastModified=1594160039420)
07-08 11:37:09.005  1655  1967 I experiments: onExperimentsUpdated - no experiment currently active, looking for match
07-08 11:37:09.006  1655  1967 W experiments: Experiment bucket is outside of the bucket range.
07-08 11:37:09.010  1655  1688 I WM-WorkerWrapper: Worker result SUCCESS for Work [ id=7e732162-9c26-40bd-b4cf-f815b0354693, tags={ mozilla.components.service.experiments.ExperimentsUpdaterWorker, mozilla.components.service.experiments } ]
07-08 11:37:09.485  1655  1732 I SyncableLoginsStorage: 'Warming up storage' took 634 ms
07-08 11:37:09.486  1655  1732 I FenixApplication: 'Storage initialization' took 674 ms
07-08 11:37:13.406  1456  4797 I ActivityManager: Force stopping org.mozilla.fennec_aurora appid=11482 user=0: from pid 1987
07-08 11:37:13.406  1456  4797 I ActivityManager: Killing 1655:org.mozilla.fennec_aurora/u0a1482 (adj 0): stop org.mozilla.fennec_aurora
07-08 11:37:13.409  1456  1605 W zygote  : kill(-1655, 9) failed: No such process
07-08 11:37:13.413  1759  1759 I ServiceChildProcess: Service has been unbound. Stopping.
07-08 11:37:13.414  1456  4797 W ActivityManager: Force removing ActivityRecord{929d1ad u0 org.mozilla.fennec_aurora/org.mozilla.fenix.HomeActivity t93005}: app died, no saved state
07-08 11:37:13.416  1456  1605 W zygote  : kill(-1655, 9) failed: No such process
07-08 11:37:13.425  1456  4797 I ActivityManager: Killing 1759:org.mozilla.fennec_aurora:tab0/u0a1482 (adj 0): stop org.mozilla.fennec_aurora
07-08 11:37:13.431  1456  1605 W zygote  : kill(-1655, 9) failed: No such process
07-08 11:37:13.441  2398  2398 D CarrierSvcBindHelper: No carrier app for: 0
07-08 11:37:13.442  2398  2398 D CarrierSvcBindHelper: No carrier app for: 1
07-08 11:37:13.446  1456  1605 W zygote  : kill(-1655, 9) failed: No such process
07-08 11:37:13.476  1456  1673 W ActivityManager: setHasOverlayUi called on unknown pid: 1655
07-08 11:37:13.476  1456  1605 I chatty  : uid=1000(system) ActivityManager identical 2 lines
07-08 11:37:13.492  1456  1605 W zygote  : kill(-1655, 9) failed: No such process
07-08 11:37:13.492  1456  1605 I zygote  : Successfully killed process cgroup uid 11482 pid 1655 in 83ms
07-08 11:37:13.492  1456  1605 W zygote  : kill(-1759, 9) failed: No such process
07-08 11:37:13.492  1456  1605 I zygote  : Successfully killed process cgroup uid 11482 pid 1759 in 0ms
07-08 11:37:14.500  1456  2063 D WifiNative-wlan0: Scan issued for specific freq..
07-08 11:37:14.512  1456  1456 I ActivityManager: Start proc 1995:com.android.vending/u0a62 for service com.android.vending/com.google.android.finsky.scheduler.process.mainimpl.PhoneskyJobServiceMain
07-08 11:37:14.561  1456  4802 I ActivityManager: START u0 {act=android.intent.action.VIEW dat=https://example.com/... typ=text/html flg=0x10000000 cmp=org.mozilla.fennec_aurora/org.mozilla.fenix.IntentReceiverActivity} from uid 2000
07-08 11:37:14.562   794   839 E ANDR-PERF-RESOURCEQS: Failed to apply optimization [4, 0]
07-08 11:37:14.577  1456  4802 I ActivityManager: Start proc 2013:org.mozilla.fennec_aurora/u0a1482 for activity org.mozilla.fennec_aurora/org.mozilla.fenix.IntentReceiverActivity
07-08 11:37:14.607  1995  1995 I Finsky  : [2] dzz.aP(5): Process created at version: 20.7.16-all [0] [PR] 317546459
07-08 11:37:14.607  1456  4802 D WificondControl: Scan result ready event
07-08 11:37:14.678  2013  2013 D FirebaseApp: com.google.firebase.auth.FirebaseAuth is not linked. Skipping initialization.
07-08 11:37:14.680  2013  2013 D FirebaseApp: com.google.firebase.crash.FirebaseCrash is not linked. Skipping initialization.
07-08 11:37:14.680  2013  2013 I FirebaseInitProvider: FirebaseApp initialization successful
07-08 11:37:14.724  2013  2040 I FA      : Collection disabled with firebase_analytics_collection_enabled=0
07-08 11:37:14.725  2013  2040 I FA      : App measurement is starting up, version: 12780
07-08 11:37:14.725  2013  2040 I FA      : To enable debug logging run: adb shell setprop log.tag.FA VERBOSE
07-08 11:37:14.725  2013  2040 I FA      : To enable faster debug mode event logging run:
07-08 11:37:14.725  2013  2040 I FA      :   adb shell setprop debug.firebase.analytics.app org.mozilla.fennec_aurora
07-08 11:37:14.738  2013  2013 D FennecProfile: profiles.ini: true
07-08 11:37:14.744  2013  2013 D FennecProfile: Ignoring line in [general] section: StartWithLastProfile=1
07-08 11:37:14.744  2013  2013 D FennecProfile: Found 1 profiles
07-08 11:37:14.744  2013  2013 D FennecProfile: Found default profile: FennecProfile(name=default, path=/data/user/0/org.mozilla.fennec_aurora/files/mozilla/kk6l030r.default, default=true)
07-08 11:37:14.772  2013  2013 D FennecMigrator: No migrations to run. Fennec install - false.
07-08 11:37:14.798  2013  2013 D FenixApplication: Initializing Glean (uploadEnabled=true, isFennec=true)
07-08 11:37:14.817  2013  2066 D RustNativeSupport: findMegazordLibraryName(viaduct, 61.0.6
07-08 11:37:14.817  2013  2066 D RustNativeSupport: lib in use: none
07-08 11:37:14.817  2013  2066 D RustNativeSupport: lib configured: megazord
07-08 11:37:14.817  2013  2066 D RustNativeSupport: lib version configured: 61.0.6
07-08 11:37:14.817  2013  2066 D RustNativeSupport: settled on megazord
07-08 11:37:14.838  2013  2060 D libglean_ffi: glean_ffi: Android logging should be hooked up!
07-08 11:37:14.846  2013  2060 I glean/Glean: Registering pings for mozilla.telemetry.glean.GleanMetrics.Pings
07-08 11:37:14.852  2013  2060 I libglean_ffi: glean_core: Creating new Glean v31.2.2
07-08 11:37:14.852  2013  2060 D libglean_ffi: glean_core::database: Database path: "/data/user/0/org.mozilla.fennec_aurora/glean_data/db"
07-08 11:37:14.852  2013  2060 I libglean_ffi: glean_core::database: Database initialized
07-08 11:37:14.853  2013  2078 I libglean_ffi: glean_core::upload::directory: Processing persisted pings.
07-08 11:37:14.856  2013  2013 D GeckoThread: State changed to LAUNCHED
07-08 11:37:14.857  2013  2079 I GeckoThread: preparing to run Gecko
07-08 11:37:14.857  2013  2066 D RustNativeSupport: findMegazordLibraryName(rustlog, 61.0.6
07-08 11:37:14.857  2013  2066 D RustNativeSupport: lib in use: none
07-08 11:37:14.857  2013  2066 D RustNativeSupport: lib configured: megazord
07-08 11:37:14.857  2013  2066 D RustNativeSupport: lib version configured: 61.0.6
07-08 11:37:14.857  2013  2066 D RustNativeSupport: settled on megazord
07-08 11:37:14.859  2013  2060 I libglean_ffi: glean_ffi: Glean initialized
07-08 11:37:14.864  2013  2013 D GeckoRuntime: Lifecycle: onCreate
07-08 11:37:14.865  2013  2079 D GeckoThread: State changed to MOZGLUE_READY
07-08 11:37:14.866  2013  2066 I rc_log_ffi::ios: rc_log adapter initialized!
07-08 11:37:14.878  2013  2079 W Settings: Setting animator_duration_scale has moved from android.provider.Settings.System to android.provider.Settings.Global, returning read-only global URI.
07-08 11:37:14.879  2013  2013 I zygote  : Deoptimizing java.lang.Object androidx.collection.SimpleArrayMap.put(java.lang.Object, java.lang.Object) due to JIT inline cache
07-08 11:37:14.881  2013  2079 E GeckoLibLoad: Load sqlite start
07-08 11:37:14.887  2013  2079 E GeckoLibLoad: Load sqlite done
07-08 11:37:14.887  2013  2079 E GeckoLibLoad: Load nss start
07-08 11:37:14.887  2013  2079 E GeckoLibLoad: Load nss done
07-08 11:37:14.887  2013  2060 D glean/MetricsPingSched: The 'metrics' ping was last sent on Wed Jul 08 00:00:00 EDT 2020
07-08 11:37:14.889  2013  2060 I glean/MetricsPingSched: The 'metrics' ping was already sent today, Wed Jul 08 11:37:14 EDT 2020.
07-08 11:37:14.889  2013  2060 D glean/MetricsPingSched: Scheduling the 'metrics' ping in 58965128ms
07-08 11:37:14.910  2013  2013 D GleanMetricsService: Enabling Glean.
07-08 11:37:14.915  2013  2079 E GeckoLibLoad: Loaded libs in 27.482451ms total, 6ms(56ms) user, 16ms(23ms) system, 0(0) faults
07-08 11:37:14.915  2013  2060 D libglean_ffi: glean_core: Clearing Lifetime::Application metrics
07-08 11:37:14.915  2013  2079 D GeckoThread: State changed to LIBS_READY
07-08 11:37:14.917  2013  2013 I glean/Dispatchers: Task queued for execution and delayed until flushed
07-08 11:37:14.919  2013  2079 W GeckoThread: zerdatime 26750740992 - runGecko
07-08 11:37:14.921  2013  2079 D GeckoProfile: Loading profile at: null name: default
07-08 11:37:14.922  2013  2013 I AdjustMetricsService: No adjust token defined
07-08 11:37:14.923  2013  2079 D GeckoProfile: Found profile dir: /data/user/0/org.mozilla.fennec_aurora/files/mozilla/kk6l030r.default
07-08 11:37:14.924  2013  2013 D PushConfig: Creating push configuration for autopush.
07-08 11:37:14.924  1995  2034 I Finsky  : [657340] thv.a(28): Started reading experiment flags from file [0tGUNCGIkbk4o6-fQ335kUYSKwVj4lusnHT-A5Dsy08].
07-08 11:37:14.931  2013  2013 I App     : AutoPushFeature is configured, initializing it...
07-08 11:37:14.932  2013  2103 D AutoPushFeature: Initializing native component with the cached token.
07-08 11:37:14.934  2013  2013 I AutoPushFeature: Checking validity of push subscriptions.
07-08 11:37:14.937  2013  2013 D FennecProfile: profiles.ini: true
07-08 11:37:14.938  2013  2103 D RustNativeSupport: findMegazordLibraryName(push, 61.0.6
07-08 11:37:14.938  2013  2103 D RustNativeSupport: lib in use: none
07-08 11:37:14.938  2013  2103 D RustNativeSupport: lib configured: megazord
07-08 11:37:14.938  2013  2103 D RustNativeSupport: lib version configured: 61.0.6
07-08 11:37:14.938  2013  2103 D RustNativeSupport: settled on megazord
07-08 11:37:14.939  1995  2034 I Finsky  : [657340] thv.a(43): Finished reading experiment flags from file [0tGUNCGIkbk4o6-fQ335kUYSKwVj4lusnHT-A5Dsy08].
07-08 11:37:14.941  2013  2013 D FennecProfile: Ignoring line in [general] section: StartWithLastProfile=1
07-08 11:37:14.941  2013  2013 D FennecProfile: Found 1 profiles
07-08 11:37:14.942  2013  2013 D FennecProfile: Found default profile: FennecProfile(name=default, path=/data/user/0/org.mozilla.fennec_aurora/files/mozilla/kk6l030r.default, default=true)
07-08 11:37:14.953  1995  2034 I Finsky  : [657340] thv.a(28): Started reading experiment flags from file [3-9ncBH5HM63OCvBkRXive0q_wV44V4DnBdLhrsotWE].
07-08 11:37:14.956  2013  2060 I libglean_ffi: glean_core: Upload enabled: true
07-08 11:37:14.970  1995  2034 I Finsky  : [657340] thv.a(43): Finished reading experiment flags from file [3-9ncBH5HM63OCvBkRXive0q_wV44V4DnBdLhrsotWE].
07-08 11:37:14.991  2013  2066 W [WARNING][Leanplum]: [com.leanplum.internal.ActionManager::getLocationManager::8]: Geofencing support requires leanplum-location module and Google Play Services v8.1 and higher.
07-08 11:37:14.991  2013  2066 W [WARNING][Leanplum]: Add this to your build.gradle file:
07-08 11:37:14.991  2013  2066 W [WARNING][Leanplum]: implementation 'com.google.android.gms:play-services-location:8.3.0+'
07-08 11:37:14.991  2013  2066 W [WARNING][Leanplum]: implementation 'com.leanplum:leanplum-location:+'
07-08 11:37:14.997  2013  2013 D FennecMigrator: This is not a Fennec installation. No migration needed.
07-08 11:37:14.998  1995  1995 I Finsky  : [2] thv.a(28): Started reading experiment flags from file [Se-xCc4LzNyh3UrKMIU2sUf-PUKz4oQEbpKZDMuaFno].
07-08 11:37:15.005  1995  1995 I Finsky  : [2] thv.a(43): Finished reading experiment flags from file [Se-xCc4LzNyh3UrKMIU2sUf-PUKz4oQEbpKZDMuaFno].
07-08 11:37:15.007  2013  2013 D SessionManager: onTrimMemory(15): clearThumbnails=true, closeEngineSessions=true
07-08 11:37:15.007  2013  2013 D SessionManager: Cleared 0 thumbnail(s) and unlinked 0 engine sessions(s)
07-08 11:37:15.026  1995  1995 I Finsky  : [2] wdm.<init>(12): Resetting scheduler db
07-08 11:37:15.047  2013  2079 I Gecko:DumpUtils: Fifo watcher disabled via pref.
07-08 11:37:15.047  1995  2031 I Finsky  : [657337] dzz.G(6): Not a unicorn account
07-08 11:37:15.053  2013  2066 I [INFO][Leanplum]: [com.leanplum.monitoring.ExceptionHandler::setContext::6]: LeanplumExceptionHandler could not initialize Exception Reporting.This is expected if you have not included the leanplum-monitoring module
07-08 11:37:15.081  1995  2030 I Finsky  : [657336] aaxf.a(2): Disable SystemUpdateActivity, because Android is lower than Q
07-08 11:37:15.095  1995  2033 I Finsky  : [657339] sst.<init>(4): PackageMonitorReceiverImpl - Registering in memory receiver for android.intent.action.PACKAGE_ADDED and android.intent.action.PACKAGE_REMOVED
07-08 11:37:15.101  1995  2150 I Finsky  : [657352] aaxe.run(50): Set SystemUpdateActivity enabled state to 2
07-08 11:37:15.103  2013  2140 I [INFO][Leanplum]: [com.leanplum.LeanplumFcmProvider::isManifestSetup::11]: Firebase Messaging is setup correctly.
07-08 11:37:15.103  1456  1601 W ActivityManager: Activity pause timeout for ActivityRecord{8d0feec u0 org.mozilla.fennec_aurora/org.mozilla.fenix.IntentReceiverActivity t93006}
07-08 11:37:15.139  2013  2024 I zygote  : Background concurrent copying GC freed 10624(882KB) AllocSpace objects, 11(220KB) LOS objects, 49% free, 4MB/8MB, paused 228us total 178.710ms
07-08 11:37:15.153  1995  2032 I cr_CronetLibraryLoader: Cronet version: 85.0.4162.4, arch: armv7l
07-08 11:37:15.158  2013  2079 D GeckoSysInfo: System memory: 1867MB.
07-08 11:37:15.161  2013  2079 D GeckoThread: State changed to JNI_READY
07-08 11:37:15.167  1995  2033 W Settings: Setting download_manager_max_bytes_over_mobile has moved from android.provider.Settings.Secure to android.provider.Settings.Global.
07-08 11:37:15.168  1995  2033 I Finsky  : [657339] rql.a(4): SettingNotFoundException, fall through to G.downloadBytesOverMobileMaximum
07-08 11:37:15.170  1995  2033 W Settings: Setting download_manager_recommended_max_bytes_over_mobile has moved from android.provider.Settings.Secure to android.provider.Settings.Global.
07-08 11:37:15.172  1995  2033 I Finsky  : [657339] rql.a(9): SettingNotFoundException, fall through to G.downloadBytesOverMobileRecommended
07-08 11:37:15.173  2013  2019 I zygote  : Do partial code cache collection, code=24KB, data=25KB
07-08 11:37:15.181  2013  2019 I zygote  : After code cache collection, code=14KB, data=20KB
07-08 11:37:15.181  2013  2019 I zygote  : Increasing code cache capacity to 128KB
07-08 11:37:15.185  1456  2921 I ActivityManager: Start proc 2202:com.google.process.gapps/u0a36 for content provider com.google.android.gsf/.settings.GoogleSettingsProvider
07-08 11:37:15.203  1456  4679 I ActivityManager: Start proc 2216:org.mozilla.fennec_aurora:tab0/u0a1482 for service org.mozilla.fennec_aurora/org.mozilla.gecko.process.GeckoChildProcessServices$tab0
07-08 11:37:15.207  2013  2184 D ServiceAllocator: org.mozilla.gecko.process.GeckoChildProcessServices$tab0 updateBindings: BACKGROUND priority, 0 importance, 2 successful binds, 0 failed binds, 0 successful unbinds
07-08 11:37:15.221  1456  3927 I ActivityManager: START u0 {act=android.intent.action.VIEW dat=https://example.com/... typ=text/html cmp=org.mozilla.fennec_aurora/org.mozilla.fenix.HomeActivity (has extras)} from uid 11482
07-08 11:37:15.239  2202  2202 I zygote  : The ClassLoaderContext is a special shared library.
07-08 11:37:15.259  1995  2033 I Finsky  : [657339] apcl.a(2): registerListener
07-08 11:37:15.261  1995  2030 I Finsky  : [657336] qhb.f(5): Enqueuing libraries load for -1022286689
07-08 11:37:15.282  1995  2030 I Finsky  : [657336] hgf.i(7): Subscription detail: N/A
07-08 11:37:15.283  1995  2150 I Finsky  : [657352] qhb.a(25): Starting libraries load for -1022286689
07-08 11:37:15.294  2202  2202 I GoogleHttpClient: GMS http client unavailable, use old client
07-08 11:37:15.300  1995  2033 I Finsky  : [657339] apcl.a(2): registerListener
07-08 11:37:15.301  1995  2033 I Finsky  : [657339] apcl.a(2): registerListener
07-08 11:37:15.321  1995  2033 I Finsky  : [657339] adoz.m(3): Setup app restrictions monitor
07-08 11:37:15.330  1995  2033 I Finsky  : [657339] adqw.a(3): Device wide unknown source restriction is changed.
07-08 11:37:15.360  2216  2216 D GeckoThread: State changed to LAUNCHED
07-08 11:37:15.363  2216  2280 I GeckoThread: preparing to run Gecko
07-08 11:37:15.374  1995  2282 I zygote  : Deoptimizing java.lang.Object j$.util.concurrent.ConcurrentHashMap.get(java.lang.Object) due to JIT inline cache
07-08 11:37:15.403  1995  2150 I Finsky  : [657352] qhb.a(43): Loaded library for account: [AAC4ZR2FqmqriLdHGwwa0PTm1S5rYLPox8QgmtyNLQ8]
07-08 11:37:15.404  1995  2000 I zygote  : Do partial code cache collection, code=28KB, data=21KB
07-08 11:37:15.405  1995  2150 I Finsky  : [657352] qhb.a(47): Finished loading 1 libraries.
07-08 11:37:15.410  1995  2000 I zygote  : After code cache collection, code=27KB, data=21KB
07-08 11:37:15.410  1995  2000 I zygote  : Increasing code cache capacity to 128KB
07-08 11:37:15.433  1995  2279 I zygote  : Deoptimizing void j$.util.Iterator$$CC.forEachRemaining$$dflt$$(java.util.Iterator, j$.util.function.Consumer) due to JIT inline cache
07-08 11:37:15.433  1995  1995 I Finsky  : [2] qyn.onTrimMemory(1): Memory trim requested to level 15
07-08 11:37:15.460  1995  1995 I Finsky  : [2] nsg.<init>(13): Installer: Setting Parallelism[DEFAULT]
07-08 11:37:15.463  1995  1995 I Finsky  : [2] nod.b(2): Installer: Attempting to start installer
07-08 11:37:15.467  1995  1995 I Finsky  : [2] apcl.a(2): registerListener
07-08 11:37:15.473  2013  2019 I zygote  : Do partial code cache collection, code=56KB, data=50KB
07-08 11:37:15.475  1995  1995 I Finsky  : [2] njk.<init>(8): Not checking if recovering from paused session because the experiment is off
07-08 11:37:15.475  2013  2019 I zygote  : After code cache collection, code=56KB, data=50KB
07-08 11:37:15.475  2013  2019 I zygote  : Increasing code cache capacity to 256KB
07-08 11:37:15.481  2013  2013 I NavController: Ignoring popBackStack to destination org.mozilla.fennec_aurora:id/browserFragment as it was not found on the current back stack
07-08 11:37:15.496  1995  1995 I Finsky  : [2] wdm.a(20): SCH: onJobSchedulerWakeup with jobId 9000
07-08 11:37:15.499  1995  1995 I Finsky  : [2] wao.a(19): Scheduling fallback job with id: 9034, and delay: 43200000 ms
07-08 11:37:15.504  1995  1995 I Finsky  : [2] wao.a(9): Scheduling fallback in 64799997 (absolute: 26815541574)
07-08 11:37:15.515  1995  1995 I Finsky  : [2] hge.onSubscriptionsChanged(1): onSubscriptionsChanged
07-08 11:37:15.519  1995  1995 I Finsky  : [2] nod.a(209): Installer kick - no action, not running yet
07-08 11:37:15.524  1995  2034 D NetworkSecurityConfig: No Network Security Config specified, using platform default
07-08 11:37:15.528  1995  2292 I zygote  : Deoptimizing int atub.a(java.lang.Object, byte[], int, int, int, atqv) due to JIT inline cache
07-08 11:37:15.667  1995  2000 I zygote  : Do partial code cache collection, code=59KB, data=47KB
07-08 11:37:15.669  1995  2000 I zygote  : After code cache collection, code=52KB, data=43KB
07-08 11:37:15.669  1995  2000 I zygote  : Increasing code cache capacity to 256KB
07-08 11:37:15.684  1995  1995 I Finsky  : [2] wax.handleMessage(8): SCH: DeviceState: DeviceState{currentTime=1594222635679, isCharging=true, isIdle=false, netAny=true, netNotRoaming=true, netUnmetered=true, batteryPercent=42.0}
07-08 11:37:15.698  1995  2137 I Finsky  : [657347] wdm.a(7): SCH: Jobs in database: 1-1337 12-1 26-1414141414 29-29 34-16 34-18 34-19 
07-08 11:37:15.702  1995  2321 I Finsky  : [657386] kba.a(4): getDownloads()
