01-31 21:45:02.450   788   682 D         : Failed to fetch the lookup information of the device 0000003E 
01-31 21:45:02.450   788   682 D ACDB-LOADER: ACDB -> AUDIO_SET_VOL_CAL cal type = 12
01-31 21:45:02.450   788   682 D ACDB-LOADER: ACDB -> ACDB_CMD_GET_AUDPROC_STREAM_TABLE_SIZE
01-31 21:45:02.450   788   682 D ACDB-LOADER: ACDB -> send_audstrmtable
01-31 21:45:02.450   788   682 D ACDB-LOADER: ACDB -> ACDB_CMD_GET_AUDPROC_STREAM_TABLE_V2
01-31 21:45:02.450   788   682 D ACDB-LOADER: ACDB -> audstrm_cal->cal_type.cal_data.cal_size = 456
01-31 21:45:02.450   788   682 D ACDB-LOADER: ACDB -> send_afe_topology
01-31 21:45:02.450   788   682 D ACDB-LOADER: ACDB -> ACDB_CMD_GET_AFE_TOPOLOGY_ID
01-31 21:45:02.450   788   682 D ACDB-LOADER: ACDB -> GET_AFE_TOPOLOGY_ID for adcd_id 62, Topology Id 112fb
01-31 21:45:02.450   788   682 D ACDB-LOADER: ACDB -> send_afe_cal
01-31 21:45:02.450   788   682 D ACDB-LOADER: ACDB -> ACDB_CMD_GET_AFE_COMMON_TABLE_SIZE
01-31 21:45:02.450   788   682 D         : Failed to fetch the lookup information of the device 0000003E 
01-31 21:45:02.450   788   682 E ACDB-LOADER: Error: ACDB_CMD_GET_AFE_COMMON_TABLE_SIZE Returned = -19
01-31 21:45:02.450   788   682 D ACDB-LOADER: ACDB -> ACDB_CMD_GET_AFE_COMMON_TABLE
01-31 21:45:02.451   788   682 D         : Failed to fetch the lookup information of the device 0000003E 
01-31 21:45:02.451   788   682 D ACDB-LOADER: ACDB -> AUDIO_SET_AFE_CAL
01-31 21:45:02.451   788   682 D ACDB-LOADER: ACDB -> send_hw_delay : acdb_id = 62 path = 1
01-31 21:45:02.451   788   682 D ACDB-LOADER: ACDB -> ACDB_AVSYNC_INFO: ACDB_CMD_GET_DEVICE_PROPERTY
01-31 21:45:02.451   788   682 D audio_hw_primary: enable_snd_device: snd_device(120: voice-rec-mic)
01-31 21:45:02.451   788   682 D audio_route: Apply path: voice-rec-mic
01-31 21:45:02.453   788   682 V msm8974_platform: platform_get_snd_device_backend_index: enter with device 120
01-31 21:45:02.453   788   682 E msm8974_platform: platform_get_snd_device_backend_index: BE DAI Name Table is not present
01-31 21:45:02.453   788   682 V msm8974_platform: platform_get_backend_index:napb: backend port - 5 device - 120 
01-31 21:45:02.453   788   682 I audio_hw_utils: Set Audio Stream Capture 0 App Type Cfg: app_type 69936, acdb_dev_id 62, sample_rate 48000, snd_device_be_idx -14
01-31 21:45:02.453   788   682 D audio_hw_primary: enable_audio_route: usecase(9) apply and update mixer path: audio-record
01-31 21:45:02.453   788   682 D audio_route: Apply path: audio-record
01-31 21:45:02.525 20023 20165 I MicroDetectionWorker: onReady
01-31 21:45:02.812  1456  7796 I OpenGLRenderer: Initialized EGL, version 1.4
01-31 21:45:02.813  1456  7796 D OpenGLRenderer: Swap behavior 2
01-31 21:45:02.859  2748  2917 W OpenGLRenderer: Incorrectly called buildLayer on View: ShortcutAndWidgetContainer, destroying layer...
01-31 21:45:02.976   431   490 I chatty  : uid=10810(org.mozilla.fenix.nightly) expire 1 line
01-31 21:45:03.020  1456  4250 D ConnectivityService: requestNetwork for uid/pid:10810/431 NetworkRequest [ TRACK_DEFAULT id=23639, [ Capabilities: INTERNET&NOT_RESTRICTED&TRUSTED&NOT_VPN] ]
01-31 21:45:03.022  1456  2099 D Ethernet: got request NetworkRequest [ TRACK_DEFAULT id=23639, [ Capabilities: INTERNET&NOT_RESTRICTED&TRUSTED&NOT_VPN] ] with score 60
01-31 21:45:03.022  1456  2054 D WIFI_UT : got request NetworkRequest [ TRACK_DEFAULT id=23639, [ Capabilities: INTERNET&NOT_RESTRICTED&TRUSTED&NOT_VPN] ] with score 60
01-31 21:45:03.022  1456  2054 D WIFI    : got request NetworkRequest [ TRACK_DEFAULT id=23639, [ Capabilities: INTERNET&NOT_RESTRICTED&TRUSTED&NOT_VPN] ] with score 60
01-31 21:45:03.023  2398  2398 D PhoneSwitcherNetworkRequstListener: got request NetworkRequest [ TRACK_DEFAULT id=23639, [ Capabilities: INTERNET&NOT_RESTRICTED&TRUSTED&NOT_VPN] ] with score 60
01-31 21:45:03.031   431   684 I chatty  : uid=10810(org.mozilla.fenix.nightly) expire 9 lines
01-31 21:45:03.084 13975 28229 I Icing   : Indexing com.google.android.gms-apps from com.google.android.gms
01-31 21:45:03.136 13975 28229 I Icing   : Indexing done com.google.android.gms-apps
01-31 21:45:03.501   431   476 I chatty  : uid=10810(org.mozilla.fenix.nightly) expire 1 line
01-31 21:45:03.505  1456  2067 D ConnectivityService: releasing NetworkRequest [ TRACK_DEFAULT id=23639, [ Capabilities: INTERNET&NOT_RESTRICTED&TRUSTED&NOT_VPN] ] (release request)
01-31 21:45:07.430  1456  5027 I ActivityManager: Force stopping org.mozilla.fenix.nightly appid=10810 user=0: from pid 689
01-31 21:45:07.430  1456  5027 I ActivityManager: Killing 431:org.mozilla.fenix.nightly/u0a810 (adj 700): stop org.mozilla.fenix.nightly
01-31 21:45:07.433  1456  1605 W zygote  : kill(-431, 9) failed: No such process
01-31 21:45:07.434  1456  5027 W ActivityManager: Force removing ActivityRecord{1dc3f80 u0 org.mozilla.fenix.nightly/org.mozilla.fenix.HomeActivity t21727}: app died, no saved state
01-31 21:45:07.442  1456  5027 I ActivityManager: Killing 542:org.mozilla.fenix.nightly:socket/u0a810 (adj 0): stop org.mozilla.fenix.nightly
01-31 21:45:07.448  1456  5027 I ActivityManager: Killing 519:org.mozilla.fenix.nightly:tab/u0a810 (adj 0): stop org.mozilla.fenix.nightly
01-31 21:45:07.449  1456  1605 W zygote  : kill(-431, 9) failed: No such process
01-31 21:45:07.459  2398  2398 D CarrierSvcBindHelper: No carrier app for: 0
01-31 21:45:07.460  2398  2398 D CarrierSvcBindHelper: No carrier app for: 1
01-31 21:45:07.464  1456  1605 W zygote  : kill(-431, 9) failed: No such process
01-31 21:45:07.517  1456  1673 W ActivityManager: setHasOverlayUi called on unknown pid: 431
01-31 21:45:07.524  1456  1605 W zygote  : kill(-431, 9) failed: No such process
01-31 21:45:07.524  1456  1605 I zygote  : Successfully killed process cgroup uid 10810 pid 431 in 91ms
01-31 21:45:07.525  1456  1605 W zygote  : kill(-542, 9) failed: No such process
01-31 21:45:07.525  1456  1605 I zygote  : Successfully killed process cgroup uid 10810 pid 542 in 0ms
01-31 21:45:07.525  1456  1605 W zygote  : kill(-519, 9) failed: No such process
01-31 21:45:07.525  1456  1605 I zygote  : Successfully killed process cgroup uid 10810 pid 519 in 0ms
01-31 21:45:07.556  1456 10736 I ActivityManager: START u0 {act=android.intent.action.MAIN cat=[android.intent.category.LAUNCHER] flg=0x10000000 cmp=org.mozilla.fenix.nightly/org.mozilla.fenix.HomeActivity} from uid 2000
01-31 21:45:07.557   794   839 E ANDR-PERF-RESOURCEQS: Failed to apply optimization [4, 0]
01-31 21:45:07.576  1456  5797 I ActivityManager: Start proc 696:org.mozilla.fenix.nightly/u0a810 for activity org.mozilla.fenix.nightly/org.mozilla.fenix.HomeActivity
01-31 21:45:07.667 20023 20165 I MicroDetectionState: Should stop hotword detection immediately - false
01-31 21:45:07.668 20023 20165 I MicroDetector: Keeping mic open: false
01-31 21:45:07.668 20023 20165 I RecognitionAudioControl: #shutdownAudio [requestId: 5008040090649249039, keepAudioOpen: false, forced: true]
01-31 21:45:07.668 20023 20207 E DeviceStateChecker: DeviceStateChecker cancelled
01-31 21:45:07.668 20023 20165 I RecognitionAudioControl: #internalShutdownAudio [requestId: 5008040090649249039]
01-31 21:45:07.668 20023 20165 I RecognitionAudioControl: #internalShutdownAudio [keepAudioOpen: false, forced: true]
01-31 21:45:07.668 20023 20165 I RecognitionAudioControl: #actualShutdownAudio
01-31 21:45:07.668 20023 20165 I AudioController: #shutdown [requestId=5008040090649249039]
01-31 21:45:07.669 20023 20071 I AudioController: internalShutdown
01-31 21:45:07.670 20023 20113 I MicroRecognitionRunner: Stopping hotword detection.
01-31 21:45:07.723   788  1479 D audio_hw_primary: disable_audio_route: usecase(9) reset and update mixer path: audio-record
01-31 21:45:07.724   788  1479 D audio_hw_primary: disable_snd_device: snd_device(120: voice-rec-mic)
01-31 21:45:07.726  1012 11031 D APM_AudioPolicyManager: stopInput() input 112510, session 112585
01-31 21:45:07.727   788  1401 D audio_hw_primary: in_set_parameters: enter: kvpairs=routing=0
01-31 21:45:07.729 20023 20071 I MicrophoneInputStream: mic_close  SR : 16000 CC : 16 SO : 1999
01-31 21:45:07.730 20023 20071 E AudioSource: Stop listening is called on already closed AudioSource
01-31 21:45:07.732 20023 20105 I MicroRecognitionRunner: Detection finished
01-31 21:45:07.741   696   696 I chatty  : uid=10810(org.mozilla.fenix.nightly) expire 18 lines
01-31 21:45:07.805   696   714 I chatty  : uid=10810(org.mozilla.fenix.nightly) expire 4 lines
01-31 21:45:07.855   696   722 I chatty  : uid=10810(org.mozilla.fenix.nightly) expire 2 lines
01-31 21:45:07.896   696   726 I chatty  : uid=10810(org.mozilla.fenix.nightly) expire 11 lines
01-31 21:45:07.952   696   734 I chatty  : uid=10810(org.mozilla.fenix.nightly) expire 31 lines
01-31 21:45:08.014   696   701 I chatty  : uid=10810(org.mozilla.fenix.nightly) expire 8 lines
01-31 21:45:08.060   696   696 I chatty  : uid=10810(org.mozilla.fenix.nightly) expire 27 lines
01-31 21:45:08.098   696   756 I chatty  : uid=10810(org.mozilla.fenix.nightly) expire 10 lines
01-31 21:45:08.298 29056 29069 D AuthStateProvider: Verifying caller's signature:77eac4ceed36afefba76179931dd4cc195ab0cd54baf355d215e7bbdd28e402a
01-31 21:45:08.298 29056 29069 D AuthStateProvider: Success!
01-31 21:45:08.299   696   696 E ActivityThread: Failed to find provider info for org.mozilla.fennec_aurora.fxa.auth
01-31 21:45:08.425  1456  2401 I ActivityManager: Start proc 824:org.mozilla.fenix.nightly:tab/u0a810 for service org.mozilla.fenix.nightly/org.mozilla.gecko.process.GeckoServiceChildProcess$tab
01-31 21:45:08.428   696   748 I chatty  : uid=10810(org.mozilla.fenix.nightly) expire 1 line
01-31 21:45:08.445   696   870 I chatty  : uid=10810(org.mozilla.fenix.nightly) expire 9 lines
01-31 21:45:08.516  1456 10736 I WifiService: getDhcpInfo uid=10810
01-31 21:45:08.561  1456 10736 I ActivityManager: Start proc 883:org.mozilla.fenix.nightly:socket/u0a810 for service org.mozilla.fenix.nightly/org.mozilla.gecko.process.GeckoServiceChildProcess$socket
01-31 21:45:08.572   824   824 I chatty  : uid=10810(org.mozilla.fenix.nightly) expire 2 lines
01-31 21:45:08.573   824   912 I chatty  : uid=10810(org.mozilla.fenix.nightly) expire 1 line
01-31 21:45:08.677  1456 10736 I ActivityManager: Displayed org.mozilla.fenix.nightly/org.mozilla.fenix.HomeActivity: +1s112ms
01-31 21:45:08.677  1456 10736 I ActivityManager: Fully drawn org.mozilla.fenix.nightly/org.mozilla.fenix.HomeActivity: +1s112ms
01-31 21:45:08.695   883   883 I chatty  : uid=10810(org.mozilla.fenix.nightly) expire 2 lines
01-31 21:45:08.695   883   920 I chatty  : uid=10810(org.mozilla.fenix.nightly) expire 15 lines
01-31 21:45:08.720   808   898 I SFPerfTracer:      triggers: (rate: 0:0) (0 sw vsyncs) (0 skipped) (0:3370822 vsyncs) (2:6020478)
01-31 21:45:08.729  1456  1673 I LaunchCheckinHandler: Displayed org.mozilla.fenix.nightly/org.mozilla.fenix.HomeActivity,cp,ca,1164
01-31 21:45:08.734 29056 29069 D AuthStateProvider: Verifying caller's signature:77eac4ceed36afefba76179931dd4cc195ab0cd54baf355d215e7bbdd28e402a
01-31 21:45:08.734 29056 29069 D AuthStateProvider: Success!
01-31 21:45:08.736   696   696 E ActivityThread: Failed to find provider info for org.mozilla.fennec_aurora.fxa.auth
01-31 21:45:08.796 29506 29506 I Finsky  : [2] pow.onTrimMemory(1): Memory trim requested to level 80
01-31 21:45:08.806 20023 20023 I MemoryTrimmer: Trimming objects from memory, since app is in the background.
01-31 21:45:08.815 20023 20023 I MemoryTrimmer: Trimming objects from memory, since app is in the background.
01-31 21:45:08.818 20023 22319 I PBSessionCacheImpl: Deleted sessionId[88063665787497781] from persistence.
01-31 21:45:08.825  1456  2401 I WifiService: getWifiEnabledState uid=10073
01-31 21:45:08.841 20023 20165 W SearchServiceCore: Abort, client detached.
01-31 21:45:09.107   808   808 I SFPerfTracer:      triggers: (rate: 50:547728) (compose: 0:6) (post: 0:14) (render: 0:11) (6:4542272 frames) (7:5974210)
01-31 21:45:09.107   808   808 D SFPerfTracer:        layers: (3:12) (NavigationBar#0 (0xb07df000): 0:479607) (StatusBar#0 (0xb07e3000): 0:1389664) (com.android.systemui.ImageWallpaper#0 (0xb07e7000): 0:41139)* (Sprite#0 (0xb0733000): 0:317)* (DimLayerController/Stack=0#0 (0xb075a000): 0:3589)* (Sprite#1 (0xb077c000): 0:195)* (Splash Screen org.mozilla.fenix.nightly#0 (0xb0384000): 0:31)- (org.mozilla.fenix.nightly/org.mozilla.fenix.HomeActivity#0 (0xb039b000): 0:46)- (com.android.launcher3/com.android.launcher3.CustomizationPanelLauncher#0 (0xb0763000): 0:40)- (com.android.launcher3/com.android.launcher3.CustomizationPanelLauncher#1 (0xb0771000): 0:10)- (Splash Screen org.mozilla.fenix.nightly#0 (0xb0384000): 0:31)- (org.mozilla.fenix.nightly/org.mozilla.fenix.HomeActivity#0 (0xb039b000): 6:20) 
01-31 21:45:09.810   696   977 I chatty  : uid=10810(org.mozilla.fenix.nightly) expire 2 lines
01-31 21:45:10.526  1456  2063 D WifiNative-wlan0: Scan issued for specific freq..
01-31 21:45:10.530   769  1892 I MotoSensors: Sensorhub hal setDelay: 1 - 20
01-31 21:45:10.530   769  1892 I MotoSensors: Sensorhub hal setdelay: 1 - 20
01-31 21:45:10.530   769  1892 I MotoSensors: HubSensors::updateAccelRate 200
01-31 21:45:10.531   769  1892 I MotoSensors: Sensorhub hal enable: 1 - 1
01-31 21:45:10.531   769  1892 I MotoSensors: HubSensors::updateAccelRate 20
01-31 21:45:10.805  1456 10736 D WificondControl: Scan result ready event
01-31 21:45:11.053   769  1892 I MotoSensors: Sensorhub hal enable: 1 - 0
01-31 21:45:13.072  2360  2360 D MayaFrameworkProxyService: receive intent :Intent { act=android.intent.action.PACKAGE_CHANGED dat=package:org.mozilla.fenix.nightly flg=0x45000010 (has extras) }
01-31 21:45:13.073  1456  1600 W ResourceType: No known package when getting value for resource number 0x7f0801a1
01-31 21:45:13.074  1456  1942 I InputReader: Reconfiguring input devices.  changes=0x00000010
01-31 21:45:13.076  1456  1600 W ResourceType: No known package when getting value for resource number 0x7f120105
01-31 21:45:13.076  1456  1600 W ResourceType: No known package when getting value for resource number 0x7f120105
01-31 21:45:13.076  1456  1600 W ResourceType: No known package when getting value for resource number 0x7f08019f
01-31 21:45:13.081  1456  1600 W ResourceType: No known package when getting value for resource number 0x7f120104
01-31 21:45:13.081  1456  1600 W ResourceType: No known package when getting value for resource number 0x7f120104
01-31 21:45:13.111  1456  1456 I TelecomService: DefaultDialerCache: Refreshing default dialer for user 0: now com.android.dialer: DDC.oR@8oo
01-31 21:45:13.132  2398  2398 D CarrierSvcBindHelper: No carrier app for: 0
01-31 21:45:13.133  2398  2398 D CarrierSvcBindHelper: No carrier app for: 1
01-31 21:45:13.183  2398  2398 E VvmPkgInstalledRcvr: cannot create TelephonyManager from ComponentInfo{com.android.phone/com.android.services.telephony.TelephonyConnectionService}, [****], UserHandle{0}
01-31 21:45:13.184  2398  2398 D ImsResolver: maybeAddedImsService, packageName: org.mozilla.fenix.nightly
01-31 21:45:13.206  1008  1008 D AndroidRuntime: >>>>>> START com.android.internal.os.RuntimeInit uid 2000 <<<<<<
01-31 21:45:13.219  1008  1008 W app_process: Could not reserve sentinel fault page
01-31 21:45:13.222 13975 14049 I Icing   : IndexChimeraService.getServiceInterface callingPackage=com.google.android.gms componentName=AppsCorpus serviceId=36
01-31 21:45:13.233 13975 28846 W Icing   : No valid account for uploading user actions
01-31 21:45:13.307 13975 28846 I Icing   : Usage reports ok 1, Failed Usage reports 0, indexed 0, rejected 0
01-31 21:45:13.309 13975 28846 I Icing   : Indexing com.google.android.gms-internal.3p:MobileApplication from com.google.android.gms using seqno 2511
01-31 21:45:13.385  1008  1008 I app_process: The ClassLoaderContext is a special shared library.
01-31 21:45:13.454  1008  1008 D AndroidRuntime: Calling main entry com.android.commands.input.Input
01-31 21:45:13.455  1008  1008 I Input   : injectKeyEvent: KeyEvent { action=ACTION_DOWN, keyCode=KEYCODE_HOME, scanCode=0, metaState=0, flags=0x0, repeatCount=0, eventTime=12945639870, downTime=12945639870, deviceId=-1, source=0x101 }
01-31 21:45:13.464  1008  1008 I Input   : injectKeyEvent: KeyEvent { action=ACTION_UP, keyCode=KEYCODE_HOME, scanCode=0, metaState=0, flags=0x0, repeatCount=0, eventTime=12945639870, downTime=12945639870, deviceId=-1, source=0x101 }
01-31 21:45:13.470  1456  1941 I ActivityManager: START u0 {act=android.intent.action.MAIN cat=[android.intent.category.HOME] flg=0x10200000 cmp=com.android.launcher3/.CustomizationPanelLauncher (has extras)} from uid 1000
01-31 21:45:13.470   794   839 E ANDR-PERF-RESOURCEQS: Failed to apply optimization [4, 0]
01-31 21:45:13.482  1456  1941 I ActivityManager: moveHomeStack, setupComplete:true
01-31 21:45:13.488 20023 20118 I Adreno  : QUALCOMM build                   : bb5b86c, I77d3059488
01-31 21:45:13.488 20023 20118 I Adreno  : Build Date                       : 06/07/18
01-31 21:45:13.488 20023 20118 I Adreno  : OpenGL ES Shader Compiler Version: EV031.22.00.01_06
01-31 21:45:13.488 20023 20118 I Adreno  : Local Branch                     : 
01-31 21:45:13.488 20023 20118 I Adreno  : Remote Branch                    : refs/tags/AU_LINUX_ANDROID_LA.UM.6.5.R1.08.01.00.312.086
01-31 21:45:13.488 20023 20118 I Adreno  : Remote Branch                    : NONE
01-31 21:45:13.488 20023 20118 I Adreno  : Reconstruct Branch               : NOTHING
01-31 21:45:13.491 20023 20118 D vndksupport: Loading /vendor/lib/hw/gralloc.msm8937.so from current namespace instead of sphal namespace.
01-31 21:45:13.492  1008  1008 D AndroidRuntime: Shutting down VM
01-31 21:45:13.494 20023 20118 I Adreno  : PFP: 0x005ff087, ME: 0x005ff063
01-31 21:45:13.498 20023 20118 I zygote  : android::hardware::configstore::V1_0::ISurfaceFlingerConfigs::hasWideColorDisplay retrieved: 0
01-31 21:45:13.499 20023 20118 I OpenGLRenderer: Initialized EGL, version 1.4
01-31 21:45:13.499 20023 20118 D OpenGLRenderer: Swap behavior 2
01-31 21:45:13.506  2748  2748 D Launcher.Utilities: Wakeup weather: Intent { act=com.motorola.launcher3.action.WAKEUP_WEATHER cmp=com.motorola.timeweatherwidget/com.motorola.commandcenter.weather.WakeUpService }
01-31 21:45:13.526  1456  1456 I NotificationService: Cannot find enqueued record for key: 0|com.motorola.timeweatherwidget|1|null|10116
01-31 21:45:13.529   808   808 D SurfaceFlinger: duplicate layer name: changing com.android.launcher3/com.android.launcher3.CustomizationPanelLauncher to com.android.launcher3/com.android.launcher3.CustomizationPanelLauncher#1
01-31 21:45:13.546 20023 20093 W ThreadPoolDumper: Queue length for executor EventBus is now 11. Perhaps some tasks are too long, or the pool is too small.
01-31 21:45:13.548  1456 10736 I WifiService: getWifiEnabledState uid=10073
01-31 21:45:13.558  1456 10736 I WifiService: getWifiEnabledState uid=10073
01-31 21:45:13.608 20023 20165 I MicroDetectionState: Should stop hotword detection immediately - false
01-31 21:45:13.615 20023 20165 I MicroDetectionWorker: #startMicroDetector [speakerMode: 0]
01-31 21:45:13.618 20023 20165 I AudioController: Created new AudioSource
01-31 21:45:13.631  1456  1673 I LaunchCheckinHandler: Displayed com.android.launcher3/.CustomizationPanelLauncher,wp,wa,161
01-31 21:45:13.633 20023 20125 I MicroDataManager: isInitializedWithLatestParams-true
01-31 21:45:13.633 20023 20125 I MicroDataManager: isInitializing-false locale not changed-true model not changed-true
01-31 21:45:13.635 20023 20125 I MicroDataManager: Already initialized, obtaining the hotword data immediately.
01-31 21:45:13.645 20023 20207 I MicroRecognitionRunner: Starting detection.
01-31 21:45:13.646 20023 20207 I InputStreamUtils: Using micInputStream
01-31 21:45:13.647 20023 22319 I MicrophoneInputStream: mic_starting  SR : 16000 CC : 16 SO : 1999
01-31 21:45:13.653   788  1401 V msm8974_platform: platform_check_input_mask: enter check_input_mask source 6 mask 10
01-31 21:45:13.656  1012  1066 I AudioFlinger: AudioFlinger's thread 0xb24833c0 tid=1066 ready to run
01-31 21:45:13.663   788  1401 D audio_hw_primary: in_set_parameters: enter: kvpairs=input_source=6;routing=-2147483644
01-31 21:45:13.664  1012  1012 D APM_AudioPolicyManager: AudioPolicyManager::startInput() input 112518, session 112593, source = 1999
01-31 21:45:13.664 20023 22319 I MicrophoneInputStream: mic_started  SR : 16000 CC : 16 SO : 1999
01-31 21:45:13.666   788  1067 V msm8974_platform: platform_update_usecase_from_source: input source :6
01-31 21:45:13.666   788  1067 V msm8974_platform: platform_check_input_mask: enter check_input_mask source 6 mask 10
01-31 21:45:13.666   788  1067 V msm8974_platform: platform_get_input_snd_device: enter: out_device(0) in_device(0x4) channel_count (1) channel_mask (0x10)
01-31 21:45:13.666   788  1067 V msm8974_platform: platform_get_input_snd_device: exit: in_snd_device(voice-rec-mic)
01-31 21:45:13.666   788  1067 V msm8974_platform: platform_get_backend_index:napb: backend port - 5 device - 120 
01-31 21:45:13.666   788  1067 V msm8974_platform: platform_check_and_set_capture_backend_cfg:txbecf: afe: bitwidth 0, samplerate 0, channel 1, backend_idx 5 usecase = 9 device (voice-rec-mic)
01-31 21:45:13.666   788  1067 V msm8974_platform: platform_check_capture_backend_cfg:txbecf: afe: Codec selected backend: 5 current bit width: 0 and sample rate: 0, channels 1
01-31 21:45:13.666   788  1067 V msm8974_platform: platform_check_capture_backend_cfg:txbecf: afe: Codec selected backend: 5 updated bit width: 0 and sample rate: 0
01-31 21:45:13.666   788  1067 I msm8974_platform: platform_check_capture_backend_cfg:txbecf: afe: Codec backend needs to be updated. new bit width: 0 new sample rate: 0 new channel: 1
01-31 21:45:13.667   788  1067 V msm8974_platform: platform_get_backend_index:napb: backend port - 5 device - 120 
01-31 21:45:13.667   788  1067 V msm8974_platform: platform_set_backend_cfg:becf: afe: bitwidth 0, samplerate 0 channels 1, backend_idx 5 device (voice-rec-mic)
01-31 21:45:13.667   788  1067 E msm8974_platform: platform_set_backend_cfg:becf: afe: Could not get ctl for mixer command - SLIM_0_TX Format
01-31 21:45:13.667   788  1067 V msm8974_platform: platform_send_audio_calibration: sending audio calibration for snd_device(120) acdb_id(62)
01-31 21:45:13.667   788  1067 D ACDB-LOADER: ACDB -> send_audio_cal, acdb_id = 62, path = 1, app id = 0x11130, sample rate = 48000
01-31 21:45:13.667   788  1067 D ACDB-LOADER: ACDB -> send_asm_topology
01-31 21:45:13.667   788  1067 D ACDB-LOADER: ACDB -> ACDB_CMD_GET_AUDPROC_STREAM_TOPOLOGY_ID
01-31 21:45:13.667   788  1067 D ACDB-LOADER: ACDB -> send_adm_topology
01-31 21:45:13.667   788  1067 D ACDB-LOADER: ACDB -> ACDB_CMD_GET_AUDPROC_COMMON_TOPOLOGY_ID
01-31 21:45:13.668   788  1067 D ACDB-LOADER: ACDB -> send_audtable
01-31 21:45:13.668   788  1067 D ACDB-LOADER: ACDB -> ACDB_CMD_GET_AUDPROC_COMMON_TABLE_SIZE
01-31 21:45:13.668   788  1067 D ACDB-LOADER: ACDB -> ACDB_CMD_GET_AUDPROC_COMMON_TABLE
01-31 21:45:13.668   788  1067 D ACDB-LOADER: ACDB -> AUDIO_SET_AUDPROC_CAL
01-31 21:45:13.668   788  1067 D ACDB-LOADER: ACDB -> send_audvoltable
01-31 21:45:13.668   788  1067 D ACDB-LOADER: ACDB -> ACDB_CMD_GET_AUDPROC_VOL_STEP_TABLE_SIZE
01-31 21:45:13.668   788  1067 D ACDB-LOADER: ACDB -> ACDB_CMD_GET_AUDPROC_GAIN_DEP_STEP_TABLE, vol index 0
01-31 21:45:13.668   788  1067 D         : Failed to fetch the lookup information of the device 0000003E 
01-31 21:45:13.668   788  1067 D ACDB-LOADER: ACDB -> AUDIO_SET_VOL_CAL cal type = 12
01-31 21:45:13.668   788  1067 D ACDB-LOADER: ACDB -> ACDB_CMD_GET_AUDPROC_STREAM_TABLE_SIZE
01-31 21:45:13.668   788  1067 D ACDB-LOADER: ACDB -> send_audstrmtable
01-31 21:45:13.668   788  1067 D ACDB-LOADER: ACDB -> ACDB_CMD_GET_AUDPROC_STREAM_TABLE_V2
01-31 21:45:13.668   788  1067 D ACDB-LOADER: ACDB -> audstrm_cal->cal_type.cal_data.cal_size = 456
01-31 21:45:13.668   788  1067 D ACDB-LOADER: ACDB -> send_afe_topology
01-31 21:45:13.668   788  1067 D ACDB-LOADER: ACDB -> ACDB_CMD_GET_AFE_TOPOLOGY_ID
01-31 21:45:13.668   788  1067 D ACDB-LOADER: ACDB -> GET_AFE_TOPOLOGY_ID for adcd_id 62, Topology Id 112fb
01-31 21:45:13.668   788  1067 D ACDB-LOADER: ACDB -> send_afe_cal
01-31 21:45:13.668   788  1067 D ACDB-LOADER: ACDB -> ACDB_CMD_GET_AFE_COMMON_TABLE_SIZE
01-31 21:45:13.668   788  1067 D         : Failed to fetch the lookup information of the device 0000003E 
01-31 21:45:13.668   788  1067 E ACDB-LOADER: Error: ACDB_CMD_GET_AFE_COMMON_TABLE_SIZE Returned = -19
01-31 21:45:13.668   788  1067 D ACDB-LOADER: ACDB -> ACDB_CMD_GET_AFE_COMMON_TABLE
01-31 21:45:13.668   788  1067 D         : Failed to fetch the lookup information of the device 0000003E 
01-31 21:45:13.669   788  1067 D ACDB-LOADER: ACDB -> AUDIO_SET_AFE_CAL
01-31 21:45:13.669   788  1067 D ACDB-LOADER: ACDB -> send_hw_delay : acdb_id = 62 path = 1
01-31 21:45:13.669   788  1067 D ACDB-LOADER: ACDB -> ACDB_AVSYNC_INFO: ACDB_CMD_GET_DEVICE_PROPERTY
01-31 21:45:13.669   788  1067 D audio_hw_primary: enable_snd_device: snd_device(120: voice-rec-mic)
01-31 21:45:13.669   788  1067 D audio_route: Apply path: voice-rec-mic
01-31 21:45:13.672   788  1067 V msm8974_platform: platform_get_snd_device_backend_index: enter with device 120
01-31 21:45:13.673   788  1067 E msm8974_platform: platform_get_snd_device_backend_index: BE DAI Name Table is not present
01-31 21:45:13.673   788  1067 V msm8974_platform: platform_get_backend_index:napb: backend port - 5 device - 120 
01-31 21:45:13.673   788  1067 I audio_hw_utils: Set Audio Stream Capture 0 App Type Cfg: app_type 69936, acdb_dev_id 62, sample_rate 48000, snd_device_be_idx -14
01-31 21:45:13.673   788  1067 D audio_hw_primary: enable_audio_route: usecase(9) apply and update mixer path: audio-record
01-31 21:45:13.673   788  1067 D audio_route: Apply path: audio-record
01-31 21:45:13.743 20023 20165 I MicroDetectionWorker: onReady
01-31 21:45:13.789  2146  2165 I zygote  : NativeAlloc concurrent copying GC freed 20030(1081KB) AllocSpace objects, 0(0B) LOS objects, 49% free, 9MB/19MB, paused 248us total 139.919ms
01-31 21:45:14.023  1456  7796 I OpenGLRenderer: Initialized EGL, version 1.4
01-31 21:45:14.023  1456  7796 D OpenGLRenderer: Swap behavior 2
01-31 21:45:14.072  2748  2917 W OpenGLRenderer: Incorrectly called buildLayer on View: ShortcutAndWidgetContainer, destroying layer...
01-31 21:45:14.179   696   726 I chatty  : uid=10810(org.mozilla.fenix.nightly) expire 1 line
01-31 21:45:14.183   696   722 I chatty  : uid=10810(org.mozilla.fenix.nightly) expire 6 lines
01-31 21:45:14.224 29506 29506 I Finsky  : [2] pow.onTrimMemory(1): Memory trim requested to level 80
01-31 21:45:14.229  1456  1473 D ConnectivityService: requestNetwork for uid/pid:10810/696 NetworkRequest [ TRACK_DEFAULT id=23640, [ Capabilities: INTERNET&NOT_RESTRICTED&TRUSTED&NOT_VPN] ]
01-31 21:45:14.231  1456  2099 D Ethernet: got request NetworkRequest [ TRACK_DEFAULT id=23640, [ Capabilities: INTERNET&NOT_RESTRICTED&TRUSTED&NOT_VPN] ] with score 60
01-31 21:45:14.231  1456  2054 D WIFI_UT : got request NetworkRequest [ TRACK_DEFAULT id=23640, [ Capabilities: INTERNET&NOT_RESTRICTED&TRUSTED&NOT_VPN] ] with score 60
01-31 21:45:14.231  2398  2398 D PhoneSwitcherNetworkRequstListener: got request NetworkRequest [ TRACK_DEFAULT id=23640, [ Capabilities: INTERNET&NOT_RESTRICTED&TRUSTED&NOT_VPN] ] with score 60
01-31 21:45:14.231  1456  2054 D WIFI    : got request NetworkRequest [ TRACK_DEFAULT id=23640, [ Capabilities: INTERNET&NOT_RESTRICTED&TRUSTED&NOT_VPN] ] with score 60
01-31 21:45:14.243   696  1101 I chatty  : uid=10810(org.mozilla.fenix.nightly) expire 9 lines
01-31 21:45:14.310 13975 28846 I Icing   : Indexing com.google.android.gms-apps from com.google.android.gms
01-31 21:45:14.345  1456  1466 I zygote  : NativeAlloc concurrent copying GC freed 64148(3MB) AllocSpace objects, 27(1180KB) LOS objects, 40% free, 35MB/59MB, paused 149us total 322.288ms
01-31 21:45:14.369 13975 28846 I Icing   : Indexing done com.google.android.gms-apps
01-31 21:45:14.717   696   715 I chatty  : uid=10810(org.mozilla.fenix.nightly) expire 1 line
01-31 21:45:14.721  1456  2067 D ConnectivityService: releasing NetworkRequest [ TRACK_DEFAULT id=23640, [ Capabilities: INTERNET&NOT_RESTRICTED&TRUSTED&NOT_VPN] ] (release request)
01-31 21:45:16.933  2398  2398 D QtiCarrierConfigHelper: WARNING, no carrier configs on phone Id: 0
01-31 21:45:18.646  1456 10736 I ActivityManager: Force stopping org.mozilla.fenix.nightly appid=10810 user=0: from pid 1130
01-31 21:45:18.646  1456 10736 I ActivityManager: Killing 696:org.mozilla.fenix.nightly/u0a810 (adj 700): stop org.mozilla.fenix.nightly
01-31 21:45:18.648  1456  1605 W zygote  : kill(-696, 9) failed: No such process
01-31 21:45:18.650  1456 10736 W ActivityManager: Force removing ActivityRecord{5a83f63 u0 org.mozilla.fenix.nightly/org.mozilla.fenix.HomeActivity t21728}: app died, no saved state
01-31 21:45:18.661  1456 10736 I ActivityManager: Killing 883:org.mozilla.fenix.nightly:socket/u0a810 (adj 0): stop org.mozilla.fenix.nightly
01-31 21:45:18.661  1456  1605 W zygote  : kill(-696, 9) failed: No such process
01-31 21:45:18.664  1456 10736 I ActivityManager: Killing 824:org.mozilla.fenix.nightly:tab/u0a810 (adj 0): stop org.mozilla.fenix.nightly
01-31 21:45:18.675  2398  2398 D CarrierSvcBindHelper: No carrier app for: 0
01-31 21:45:18.676  1456  1605 W zygote  : kill(-696, 9) failed: No such process
01-31 21:45:18.677  2398  2398 D CarrierSvcBindHelper: No carrier app for: 1
01-31 21:45:18.691  1456  1605 W zygote  : kill(-696, 9) failed: No such process
01-31 21:45:18.721  1456  1605 I chatty  : uid=1000(system) ActivityManager identical 2 lines
01-31 21:45:18.729  1456  1673 W ActivityManager: setHasOverlayUi called on unknown pid: 696
01-31 21:45:18.737  1456  1605 W zygote  : kill(-696, 9) failed: No such process
01-31 21:45:18.737  1456  1605 I zygote  : Successfully killed process cgroup uid 10810 pid 696 in 88ms
01-31 21:45:18.737  1456  1605 W zygote  : kill(-883, 9) failed: No such process
01-31 21:45:18.737  1456  1605 I zygote  : Successfully killed process cgroup uid 10810 pid 883 in 0ms
01-31 21:45:18.737  1456  1605 W zygote  : kill(-824, 9) failed: No such process
01-31 21:45:18.737  1456  1605 I zygote  : Successfully killed process cgroup uid 10810 pid 824 in 0ms
01-31 21:45:18.773  1456  5027 I ActivityManager: START u0 {act=android.intent.action.MAIN cat=[android.intent.category.LAUNCHER] flg=0x10000000 cmp=org.mozilla.fenix.nightly/org.mozilla.fenix.HomeActivity} from uid 2000
01-31 21:45:18.773   794   839 E ANDR-PERF-RESOURCEQS: Failed to apply optimization [4, 0]
01-31 21:45:18.793  1456  5907 I ActivityManager: Start proc 1141:org.mozilla.fenix.nightly/u0a810 for activity org.mozilla.fenix.nightly/org.mozilla.fenix.HomeActivity
01-31 21:45:18.884 20023 20165 I MicroDetectionState: Should stop hotword detection immediately - false
01-31 21:45:18.885 20023 20165 I MicroDetector: Keeping mic open: false
01-31 21:45:18.885 20023 20105 E DeviceStateChecker: DeviceStateChecker cancelled
01-31 21:45:18.885 20023 20165 I RecognitionAudioControl: #shutdownAudio [requestId: 8174531243100797382, keepAudioOpen: false, forced: true]
01-31 21:45:18.885 20023 20165 I RecognitionAudioControl: #internalShutdownAudio [requestId: 8174531243100797382]
01-31 21:45:18.885 20023 20165 I RecognitionAudioControl: #internalShutdownAudio [keepAudioOpen: false, forced: true]
01-31 21:45:18.885 20023 20165 I RecognitionAudioControl: #actualShutdownAudio
01-31 21:45:18.885 20023 20165 I AudioController: #shutdown [requestId=8174531243100797382]
01-31 21:45:18.886 20023 20096 I AudioController: internalShutdown
01-31 21:45:18.886 20023 20071 I MicroRecognitionRunner: Stopping hotword detection.
01-31 21:45:18.947   788  1401 D audio_hw_primary: disable_audio_route: usecase(9) reset and update mixer path: audio-record
01-31 21:45:18.948   788  1401 D audio_hw_primary: disable_snd_device: snd_device(120: voice-rec-mic)
01-31 21:45:18.951  1012  1302 D APM_AudioPolicyManager: stopInput() input 112518, session 112593
01-31 21:45:18.952   788  1401 D audio_hw_primary: in_set_parameters: enter: kvpairs=routing=0
01-31 21:45:18.954 20023 20096 I MicrophoneInputStream: mic_close  SR : 16000 CC : 16 SO : 1999
01-31 21:45:18.955 20023 20096 E AudioSource: Stop listening is called on already closed AudioSource
01-31 21:45:18.957 20023 20207 I MicroRecognitionRunner: Detection finished
01-31 21:45:18.964  1141  1141 I chatty  : uid=10810(org.mozilla.fenix.nightly) com.google.android.apps.tachyon expire 42 lines
01-31 21:45:19.035 20023 20046 I zygote  : Background concurrent copying GC freed 166665(8MB) AllocSpace objects, 10(3MB) LOS objects, 50% free, 11MB/22MB, paused 236us total 147.204ms
01-31 21:45:19.036  1141  1164 I chatty  : uid=10810(org.mozilla.fenix.nightly) com.google.android.apps.tachyon expire 4 lines
01-31 21:45:19.093  1141  1170 I chatty  : uid=10810(org.mozilla.fenix.nightly) com.google.android.apps.tachyon expire 2 lines
01-31 21:45:19.131  1141  1175 I chatty  : uid=10810(org.mozilla.fenix.nightly) com.google.android.apps.tachyon expire 11 lines
01-31 21:45:19.142  1141  1146 I chatty  : uid=10810(org.mozilla.fenix.nightly) com.google.android.apps.tachyon expire 8 lines
01-31 21:45:19.185  1141  1184 I chatty  : uid=10810(org.mozilla.fenix.nightly) com.google.android.apps.tachyon expire 31 lines
01-31 21:45:19.336  1141  1242 I chatty  : uid=10810(org.mozilla.fenix.nightly) com.google.android.apps.tachyon expire 10 lines
01-31 21:45:19.530 29056 29069 D AuthStateProvider: Verifying caller's signature:77eac4ceed36afefba76179931dd4cc195ab0cd54baf355d215e7bbdd28e402a
01-31 21:45:19.530 29056 29069 D AuthStateProvider: Success!
01-31 21:45:19.532  1141  1141 E ActivityThread: Failed to find provider info for org.mozilla.fennec_aurora.fxa.auth
01-31 21:45:19.646  1141  1205 I chatty  : uid=10810(org.mozilla.fenix.nightly) com.google.android.apps.tachyon expire 1 line
01-31 21:45:19.671  1141  1307 I chatty  : uid=10810(org.mozilla.fenix.nightly) com.google.android.apps.tachyon expire 9 lines
01-31 21:45:19.675  1456  5797 I ActivityManager: Start proc 1309:org.mozilla.fenix.nightly:tab/u0a810 for service org.mozilla.fenix.nightly/org.mozilla.gecko.process.GeckoServiceChildProcess$tab
01-31 21:45:19.726  1456  5797 I WifiService: getDhcpInfo uid=10810
01-31 21:45:19.802  1456  5797 I ActivityManager: Start proc 1378:org.mozilla.fenix.nightly:socket/u0a810 for service org.mozilla.fenix.nightly/org.mozilla.gecko.process.GeckoServiceChildProcess$socket
01-31 21:45:19.818  1309  1309 I chatty  : uid=10810(org.mozilla.fenix.nightly) expire 1 line
01-31 21:45:19.819  1309  1425 I chatty  : uid=10810(org.mozilla.fenix.nightly) expire 1 line
01-31 21:45:19.916  1456  7570 I ActivityManager: Displayed org.mozilla.fenix.nightly/org.mozilla.fenix.HomeActivity: +1s136ms
01-31 21:45:19.916  1456  7570 I ActivityManager: Fully drawn org.mozilla.fenix.nightly/org.mozilla.fenix.HomeActivity: +1s136ms
01-31 21:45:19.943  1378  1378 I chatty  : uid=10810(org.mozilla.fenix.nightly) expire 1 line
01-31 21:45:19.944  1378  1438 I chatty  : uid=10810(org.mozilla.fenix.nightly) expire 15 lines
01-31 21:45:19.961  1456  1673 I LaunchCheckinHandler: Displayed org.mozilla.fenix.nightly/org.mozilla.fenix.HomeActivity,cp,ca,1180
01-31 21:45:19.969 29056 29069 D AuthStateProvider: Verifying caller's signature:77eac4ceed36afefba76179931dd4cc195ab0cd54baf355d215e7bbdd28e402a
01-31 21:45:19.969 29056 29069 D AuthStateProvider: Success!
01-31 21:45:19.971  1141  1141 E ActivityThread: Failed to find provider info for org.mozilla.fennec_aurora.fxa.auth
01-31 21:45:20.026 29506 29506 I Finsky  : [2] pow.onTrimMemory(1): Memory trim requested to level 80
01-31 21:45:20.036 20023 20023 I MemoryTrimmer: Trimming objects from memory, since app is in the background.
01-31 21:45:20.045 20023 20023 I MemoryTrimmer: Trimming objects from memory, since app is in the background.
01-31 21:45:20.048 20023 22319 I PBSessionCacheImpl: Deleted sessionId[88063665787497786] from persistence.
01-31 21:45:20.055  1456  7570 I WifiService: getWifiEnabledState uid=10073
01-31 21:45:20.072 20023 20165 W SearchServiceCore: Abort, client detached.
01-31 21:45:20.349   808   898 I SFPerfTracer:      triggers: (rate: 0:0) (0 sw vsyncs) (0 skipped) (17:3370911 vsyncs) (19:6020591)
01-31 21:45:21.041  1141  1495 I chatty  : uid=10810(org.mozilla.fenix.nightly) com.google.android.apps.tachyon expire 2 lines
01-31 21:45:24.230  2398  2398 D ImsResolver: maybeAddedImsService, packageName: org.mozilla.fenix.nightly
01-31 21:45:24.230  1456  1600 W ResourceType: No known package when getting value for resource number 0x7f0801a1
01-31 21:45:24.230  1456  1600 W ResourceType: No known package when getting value for resource number 0x7f120105
01-31 21:45:24.231  1456  1600 W ResourceType: No known package when getting value for resource number 0x7f120105
01-31 21:45:24.231  1456  1600 W ResourceType: No known package when getting value for resource number 0x7f08019f
01-31 21:45:24.231  1456  1600 W ResourceType: No known package when getting value for resource number 0x7f120104
01-31 21:45:24.232  1456  1600 W ResourceType: No known package when getting value for resource number 0x7f120104
01-31 21:45:24.236  2360  2360 D MayaFrameworkProxyService: receive intent :Intent { act=android.intent.action.PACKAGE_CHANGED dat=package:org.mozilla.fenix.nightly flg=0x45000010 (has extras) }
01-31 21:45:24.253  1456  1456 W ResourceType: ResTable_typeSpec entry count inconsistent: given 669, previously 675
01-31 21:45:24.253  1456  1456 W ResourceType: ResTable_typeSpec entry count inconsistent: given 394, previously 1461
01-31 21:45:24.254  1456  1456 W ResourceType: ResTable_typeSpec entry count inconsistent: given 217, previously 1293
01-31 21:45:24.269  1456  1942 I InputReader: Reconfiguring input devices.  changes=0x00000010
01-31 21:45:24.276  2398  2398 D CarrierSvcBindHelper: No carrier app for: 0
01-31 21:45:24.282  2398  2398 D CarrierSvcBindHelper: No carrier app for: 1
01-31 21:45:24.290  2398  2398 E VvmPkgInstalledRcvr: cannot create TelephonyManager from ComponentInfo{com.android.phone/com.android.services.telephony.TelephonyConnectionService}, [****], UserHandle{0}
01-31 21:45:24.326  1456  1600 W ResourceType: ResTable_typeSpec entry count inconsistent: given 29, previously 34
01-31 21:45:24.329  1456  1600 W ResourceType: ResTable_typeSpec entry count inconsistent: given 2172, previously 2169
01-31 21:45:24.329  1456  1600 W ResourceType: ResTable_typeSpec entry count inconsistent: given 272, previously 1536
01-31 21:45:24.354  1456  1600 W ResourceType: Found multiple library tables, ignoring...
01-31 21:45:24.356  1456  1456 W ResourceType: Found multiple library tables, ignoring...
01-31 21:45:24.400  1456  1456 I TelecomService: DefaultDialerCache: Refreshing default dialer for user 0: now com.android.dialer: DDC.oR@8pM
01-31 21:45:24.402 13975 14049 I Icing   : IndexChimeraService.getServiceInterface callingPackage=com.google.android.gms componentName=AppsCorpus serviceId=36
01-31 21:45:24.415 13975 18868 W Icing   : No valid account for uploading user actions
01-31 21:45:24.424  1551  1551 D AndroidRuntime: >>>>>> START com.android.internal.os.RuntimeInit uid 2000 <<<<<<
01-31 21:45:24.437  1551  1551 W app_process: Could not reserve sentinel fault page
01-31 21:45:24.494 13975 18868 I Icing   : Usage reports ok 1, Failed Usage reports 0, indexed 0, rejected 0
01-31 21:45:24.496 13975 18868 I Icing   : Indexing com.google.android.gms-internal.3p:MobileApplication from com.google.android.gms using seqno 2511
01-31 21:45:24.602  1551  1551 I app_process: The ClassLoaderContext is a special shared library.
01-31 21:45:24.665  1551  1551 D AndroidRuntime: Calling main entry com.android.commands.input.Input
01-31 21:45:24.676  1551  1551 I Input   : injectKeyEvent: KeyEvent { action=ACTION_DOWN, keyCode=KEYCODE_HOME, scanCode=0, metaState=0, flags=0x0, repeatCount=0, eventTime=12945651085, downTime=12945651085, deviceId=-1, source=0x101 }
01-31 21:45:24.682  1551  1551 I Input   : injectKeyEvent: KeyEvent { action=ACTION_UP, keyCode=KEYCODE_HOME, scanCode=0, metaState=0, flags=0x0, repeatCount=0, eventTime=12945651085, downTime=12945651085, deviceId=-1, source=0x101 }
01-31 21:45:24.689  1456  1941 I ActivityManager: START u0 {act=android.intent.action.MAIN cat=[android.intent.category.HOME] flg=0x10200000 cmp=com.android.launcher3/.CustomizationPanelLauncher (has extras)} from uid 1000
01-31 21:45:24.689   794   839 E ANDR-PERF-RESOURCEQS: Failed to apply optimization [4, 0]
01-31 21:45:24.701  1456  1941 I ActivityManager: moveHomeStack, setupComplete:true
01-31 21:45:24.705  1551  1551 D AndroidRuntime: Shutting down VM
01-31 21:45:24.713 20023 20118 I Adreno  : QUALCOMM build                   : bb5b86c, I77d3059488
01-31 21:45:24.713 20023 20118 I Adreno  : Build Date                       : 06/07/18
01-31 21:45:24.713 20023 20118 I Adreno  : OpenGL ES Shader Compiler Version: EV031.22.00.01_06
01-31 21:45:24.713 20023 20118 I Adreno  : Local Branch                     : 
01-31 21:45:24.713 20023 20118 I Adreno  : Remote Branch                    : refs/tags/AU_LINUX_ANDROID_LA.UM.6.5.R1.08.01.00.312.086
01-31 21:45:24.713 20023 20118 I Adreno  : Remote Branch                    : NONE
01-31 21:45:24.713 20023 20118 I Adreno  : Reconstruct Branch               : NOTHING
01-31 21:45:24.716 20023 20118 D vndksupport: Loading /vendor/lib/hw/gralloc.msm8937.so from current namespace instead of sphal namespace.
01-31 21:45:24.719 20023 20118 I Adreno  : PFP: 0x005ff087, ME: 0x005ff063
01-31 21:45:24.722 20023 20118 I zygote  : android::hardware::configstore::V1_0::ISurfaceFlingerConfigs::hasWideColorDisplay retrieved: 0
01-31 21:45:24.723 20023 20118 I OpenGLRenderer: Initialized EGL, version 1.4
01-31 21:45:24.723 20023 20118 D OpenGLRenderer: Swap behavior 2
01-31 21:45:24.731  2748  2748 D Launcher.Utilities: Wakeup weather: Intent { act=com.motorola.launcher3.action.WAKEUP_WEATHER cmp=com.motorola.timeweatherwidget/com.motorola.commandcenter.weather.WakeUpService }
01-31 21:45:24.744  1456  1456 I NotificationService: Cannot find enqueued record for key: 0|com.motorola.timeweatherwidget|1|null|10116
01-31 21:45:24.748   808   808 D SurfaceFlinger: duplicate layer name: changing com.android.launcher3/com.android.launcher3.CustomizationPanelLauncher to com.android.launcher3/com.android.launcher3.CustomizationPanelLauncher#1
01-31 21:45:24.756 20023 20023 W ThreadPoolDumper: Queue length for executor EventBus is now 11. Perhaps some tasks are too long, or the pool is too small.
01-31 21:45:24.772  1456 10736 I WifiService: getWifiEnabledState uid=10073
01-31 21:45:24.788 29506 29506 I Finsky  : [2] pow.onTrimMemory(1): Memory trim requested to level 80
01-31 21:45:24.793  1456  4797 I WifiService: getWifiEnabledState uid=10073
01-31 21:45:24.829  1456  1673 I LaunchCheckinHandler: Displayed com.android.launcher3/.CustomizationPanelLauncher,wp,wa,140
01-31 21:45:24.839 20023 20165 I MicroDetectionState: Should stop hotword detection immediately - false
01-31 21:45:24.847 20023 20165 I MicroDetectionWorker: #startMicroDetector [speakerMode: 0]
01-31 21:45:24.850   808   808 I SFPerfTracer:      triggers: (rate: 50:547728) (compose: 0:6) (post: 0:14) (render: 0:11) (1:4542342 frames) (2:5974311)
01-31 21:45:24.851   808   808 D SFPerfTracer:        layers: (3:13) (NavigationBar#0 (0xb07df000): 1:479630) (StatusBar#0 (0xb07e3000): 1:1389689) (com.android.systemui.ImageWallpaper#0 (0xb07e7000): 0:41141)* (Sprite#0 (0xb0733000): 0:317)* (DimLayerController/Stack=0#0 (0xb075a000): 0:3589)* (Sprite#1 (0xb077c000): 0:195)* (org.mozilla.fenix.nightly/org.mozilla.fenix.HomeActivity#0 (0xb039b000): 0:46)- (com.android.launcher3/com.android.launcher3.CustomizationPanelLauncher#0 (0xb0763000): 0:38)- (com.android.launcher3/com.android.launcher3.CustomizationPanelLauncher#1 (0xb0771000): 0:10)- (Splash Screen org.mozilla.fenix.nightly#0 (0xb0384000): 0:29)- (org.mozilla.fenix.nightly/org.mozilla.fenix.HomeActivity#0 (0xb039b000): 1:22) (com.android.launcher3/com.android.launcher3.CustomizationPanelLauncher#0 (0xb0763000): 1:6)* (com.android.launcher3/com.android.launcher3.CustomizationPanelLauncher#1 (0xb0771000): 1:3)* 
01-31 21:45:24.851 20023 20165 I AudioController: Created new AudioSource
01-31 21:45:24.856 20023 20096 I MicroDataManager: isInitializedWithLatestParams-true
01-31 21:45:24.856 20023 20096 I MicroDataManager: isInitializing-false locale not changed-true model not changed-true
01-31 21:45:24.856 20023 20096 I MicroDataManager: Already initialized, obtaining the hotword data immediately.
01-31 21:45:24.863 20023 20105 I MicroRecognitionRunner: Starting detection.
01-31 21:45:24.863 20023 20105 I InputStreamUtils: Using micInputStream
01-31 21:45:24.864 20023 22319 I MicrophoneInputStream: mic_starting  SR : 16000 CC : 16 SO : 1999
01-31 21:45:24.868   788  1401 V msm8974_platform: platform_check_input_mask: enter check_input_mask source 6 mask 10
01-31 21:45:24.869  1012  1593 I AudioFlinger: AudioFlinger's thread 0xb2483740 tid=1593 ready to run
01-31 21:45:24.874   788  1401 D audio_hw_primary: in_set_parameters: enter: kvpairs=input_source=6;routing=-2147483644
01-31 21:45:24.875  1012 11031 D APM_AudioPolicyManager: AudioPolicyManager::startInput() input 112526, session 112601, source = 1999
01-31 21:45:24.875 20023 22319 I MicrophoneInputStream: mic_started  SR : 16000 CC : 16 SO : 1999
01-31 21:45:24.877   788  1594 V msm8974_platform: platform_update_usecase_from_source: input source :6
01-31 21:45:24.877   788  1594 V msm8974_platform: platform_check_input_mask: enter check_input_mask source 6 mask 10
01-31 21:45:24.877   788  1594 V msm8974_platform: platform_get_input_snd_device: enter: out_device(0) in_device(0x4) channel_count (1) channel_mask (0x10)
01-31 21:45:24.877   788  1594 V msm8974_platform: platform_get_input_snd_device: exit: in_snd_device(voice-rec-mic)
01-31 21:45:24.877   788  1594 V msm8974_platform: platform_get_backend_index:napb: backend port - 5 device - 120 
01-31 21:45:24.877   788  1594 V msm8974_platform: platform_check_and_set_capture_backend_cfg:txbecf: afe: bitwidth 0, samplerate 0, channel 1, backend_idx 5 usecase = 9 device (voice-rec-mic)
01-31 21:45:24.877   788  1594 V msm8974_platform: platform_check_capture_backend_cfg:txbecf: afe: Codec selected backend: 5 current bit width: 0 and sample rate: 0, channels 1
01-31 21:45:24.877   788  1594 V msm8974_platform: platform_check_capture_backend_cfg:txbecf: afe: Codec selected backend: 5 updated bit width: 0 and sample rate: 0
01-31 21:45:24.877   788  1594 I msm8974_platform: platform_check_capture_backend_cfg:txbecf: afe: Codec backend needs to be updated. new bit width: 0 new sample rate: 0 new channel: 1
01-31 21:45:24.877   788  1594 V msm8974_platform: platform_get_backend_index:napb: backend port - 5 device - 120 
01-31 21:45:24.877   788  1594 V msm8974_platform: platform_set_backend_cfg:becf: afe: bitwidth 0, samplerate 0 channels 1, backend_idx 5 device (voice-rec-mic)
01-31 21:45:24.878   788  1594 E msm8974_platform: platform_set_backend_cfg:becf: afe: Could not get ctl for mixer command - SLIM_0_TX Format
01-31 21:45:24.878   788  1594 V msm8974_platform: platform_send_audio_calibration: sending audio calibration for snd_device(120) acdb_id(62)
01-31 21:45:24.878   788  1594 D ACDB-LOADER: ACDB -> send_audio_cal, acdb_id = 62, path = 1, app id = 0x11130, sample rate = 48000
01-31 21:45:24.878   788  1594 D ACDB-LOADER: ACDB -> send_asm_topology
01-31 21:45:24.878   788  1594 D ACDB-LOADER: ACDB -> ACDB_CMD_GET_AUDPROC_STREAM_TOPOLOGY_ID
01-31 21:45:24.878   788  1594 D ACDB-LOADER: ACDB -> send_adm_topology
01-31 21:45:24.878   788  1594 D ACDB-LOADER: ACDB -> ACDB_CMD_GET_AUDPROC_COMMON_TOPOLOGY_ID
01-31 21:45:24.878   788  1594 D ACDB-LOADER: ACDB -> send_audtable
01-31 21:45:24.878   788  1594 D ACDB-LOADER: ACDB -> ACDB_CMD_GET_AUDPROC_COMMON_TABLE_SIZE
01-31 21:45:24.878   788  1594 D ACDB-LOADER: ACDB -> ACDB_CMD_GET_AUDPROC_COMMON_TABLE
01-31 21:45:24.878   788  1594 D ACDB-LOADER: ACDB -> AUDIO_SET_AUDPROC_CAL
01-31 21:45:24.878   788  1594 D ACDB-LOADER: ACDB -> send_audvoltable
01-31 21:45:24.878   788  1594 D ACDB-LOADER: ACDB -> ACDB_CMD_GET_AUDPROC_VOL_STEP_TABLE_SIZE
01-31 21:45:24.878   788  1594 D ACDB-LOADER: ACDB -> ACDB_CMD_GET_AUDPROC_GAIN_DEP_STEP_TABLE, vol index 0
01-31 21:45:24.878   788  1594 D         : Failed to fetch the lookup information of the device 0000003E 
01-31 21:45:24.878   788  1594 D ACDB-LOADER: ACDB -> AUDIO_SET_VOL_CAL cal type = 12
01-31 21:45:24.878   788  1594 D ACDB-LOADER: ACDB -> ACDB_CMD_GET_AUDPROC_STREAM_TABLE_SIZE
01-31 21:45:24.878   788  1594 D ACDB-LOADER: ACDB -> send_audstrmtable
01-31 21:45:24.878   788  1594 D ACDB-LOADER: ACDB -> ACDB_CMD_GET_AUDPROC_STREAM_TABLE_V2
01-31 21:45:24.878   788  1594 D ACDB-LOADER: ACDB -> audstrm_cal->cal_type.cal_data.cal_size = 456
01-31 21:45:24.878   788  1594 D ACDB-LOADER: ACDB -> send_afe_topology
01-31 21:45:24.878   788  1594 D ACDB-LOADER: ACDB -> ACDB_CMD_GET_AFE_TOPOLOGY_ID
01-31 21:45:24.878   788  1594 D ACDB-LOADER: ACDB -> GET_AFE_TOPOLOGY_ID for adcd_id 62, Topology Id 112fb
01-31 21:45:24.878   788  1594 D ACDB-LOADER: ACDB -> send_afe_cal
01-31 21:45:24.878   788  1594 D ACDB-LOADER: ACDB -> ACDB_CMD_GET_AFE_COMMON_TABLE_SIZE
01-31 21:45:24.878   788  1594 D         : Failed to fetch the lookup information of the device 0000003E 
01-31 21:45:24.878   788  1594 E ACDB-LOADER: Error: ACDB_CMD_GET_AFE_COMMON_TABLE_SIZE Returned = -19
01-31 21:45:24.878   788  1594 D ACDB-LOADER: ACDB -> ACDB_CMD_GET_AFE_COMMON_TABLE
