07-08 16:15:05.942 25391 25417 D libglean_ffi: glean_core::ping: Storing ping '3d3db057-371d-4775-8366-c50db2783f1f' at '/data/user/0/org.mozilla.fennec_aurora/glean_data/pending_pings/3d3db057-371d-4775-8366-c50db2783f1f'
07-08 16:15:05.946 25391 25417 I libglean_ffi: glean_core: The ping 'baseline' was submitted and will be sent as soon as possible
07-08 16:15:05.954 25391 25391 D GeckoRuntime: Lifecycle: onResume
07-08 16:15:05.957 25391 25391 D GeckoNetworkManager: Incoming event start for state OffNoListeners -> OnNoListeners
07-08 16:15:05.960 25391 25391 D GeckoNetworkManager: New network state: UP, WIFI, WIFI
07-08 16:15:05.967 25391 25447 D NetworkSecurityConfig: No Network Security Config specified, using platform default
07-08 16:15:05.984 25391 25525 D OpenGLRenderer: HWUI GL Pipeline
07-08 16:15:05.987 25391 25396 I zygote  : Do full code cache collection, code=120KB, data=94KB
07-08 16:15:05.989 25391 25396 I zygote  : After code cache collection, code=88KB, data=56KB
07-08 16:15:05.993  1456  3925 D ConnectivityService: requestNetwork for uid/pid:11497/25391 NetworkRequest [ TRACK_DEFAULT id=81760, [ Capabilities: INTERNET&NOT_RESTRICTED&TRUSTED&NOT_VPN] ]
07-08 16:15:05.994  1456  2054 D WIFI_UT : got request NetworkRequest [ TRACK_DEFAULT id=81760, [ Capabilities: INTERNET&NOT_RESTRICTED&TRUSTED&NOT_VPN] ] with score 60
07-08 16:15:05.994  1456  2099 D Ethernet: got request NetworkRequest [ TRACK_DEFAULT id=81760, [ Capabilities: INTERNET&NOT_RESTRICTED&TRUSTED&NOT_VPN] ] with score 60
07-08 16:15:05.994  1456  2054 D WIFI    : got request NetworkRequest [ TRACK_DEFAULT id=81760, [ Capabilities: INTERNET&NOT_RESTRICTED&TRUSTED&NOT_VPN] ] with score 60
07-08 16:15:05.994  2398  2398 D PhoneSwitcherNetworkRequstListener: got request NetworkRequest [ TRACK_DEFAULT id=81760, [ Capabilities: INTERNET&NOT_RESTRICTED&TRUSTED&NOT_VPN] ] with score 60
07-08 16:15:05.998 25391 25514 W LOTTIE  : Animation contains merge paths. Merge paths are only supported on KitKat+ and must be manually enabled by calling enableMergePathsForKitKatAndAbove().
07-08 16:15:06.021 25391 25391 I [INFO][Leanplum]: [com.leanplum.LeanplumCloudMessagingProvider::onRegistrationIdReceived::3]: Device registered for push notifications with registration token, fYUWtA9d5EM:APA91bFc9XcxxakbZnTDbPFaXe3CDZkdGNQhD9_bT5Y59aNn3XPIg6Vpe-BP1QxKNfiZFKtfc27p1DozlImI7EaHCi9FRlymTPvr27Q5vJwu2ElNQjRYd4jf26xweHrjDJFZjrlr1MzF
07-08 16:15:06.042 25391 25421 I Adreno  : QUALCOMM build                   : bb5b86c, I77d3059488
07-08 16:15:06.042 25391 25421 I Adreno  : Build Date                       : 06/07/18
07-08 16:15:06.042 25391 25421 I Adreno  : OpenGL ES Shader Compiler Version: EV031.22.00.01_06
07-08 16:15:06.042 25391 25421 I Adreno  : Local Branch                     : 
07-08 16:15:06.042 25391 25421 I Adreno  : Remote Branch                    : refs/tags/AU_LINUX_ANDROID_LA.UM.6.5.R1.08.01.00.312.086
07-08 16:15:06.042 25391 25421 I Adreno  : Remote Branch                    : NONE
07-08 16:15:06.042 25391 25421 I Adreno  : Reconstruct Branch               : NOTHING
07-08 16:15:06.043 25391 25421 D vndksupport: Loading /vendor/lib/hw/gralloc.msm8937.so from current namespace instead of sphal namespace.
07-08 16:15:06.052 25391 25421 I Adreno  : PFP: 0x005ff087, ME: 0x005ff063
07-08 16:15:06.062 25391 25421 I zygote  : android::hardware::configstore::V1_0::ISurfaceFlingerConfigs::hasWideColorDisplay retrieved: 0
07-08 16:15:06.088 25391 25391 I zygote  : Deoptimizing kotlin.coroutines.CoroutineContext$Element androidx.core.app.AppOpsManagerCompat.get(kotlin.coroutines.CoroutineContext$Element, kotlin.coroutines.CoroutineContext$Key) due to JIT inline cache
07-08 16:15:06.094 25391 25533 I Gecko   : [GFX1-]: Failed to create EGLContext!: 0x300c
07-08 16:15:06.103 25391 25417 I libglean_ffi: glean_core::ping: Collecting startup-timeline
07-08 16:15:06.108 25391 25417 D libglean_ffi: glean_core::ping: Storing ping '361fadcf-b5b4-4811-9f1d-68ece42ae418' at '/data/user/0/org.mozilla.fennec_aurora/glean_data/pending_pings/361fadcf-b5b4-4811-9f1d-68ece42ae418'
07-08 16:15:06.112 25391 25417 I libglean_ffi: glean_core: The ping 'startup-timeline' was submitted and will be sent as soon as possible
07-08 16:15:06.136 25391 25507 W FirefoxAccountStateMachine: Got invalid event Event$Init for state NotAuthenticated.
07-08 16:15:06.137 25391 25391 D GeckoNetworkManager: Incoming event receivedUpdate for state OnNoListeners -> OnNoListeners
07-08 16:15:06.139 25391 25391 D GeckoNetworkManager: New network state: UP, WIFI, WIFI
07-08 16:15:06.140  1456  3925 I WifiService: getDhcpInfo uid=11497
07-08 16:15:06.154 25391 25421 W ResourceType: Too many attribute references, stopped at: 0x01010099
07-08 16:15:06.169  1456  1673 I WindowManager: Failed to capture screenshot of Token{6fc967b ActivityRecord{524ee0a u0 org.mozilla.fennec_aurora/org.mozilla.fenix.HomeActivity t95299}} appWin=Window{e5e34ae u0 Splash Screen org.mozilla.fennec_aurora} drawState=4
07-08 16:15:06.175 25391 25391 D MigrationPushRenewer: Migration state: NONE
07-08 16:15:06.176 25391 25391 D MigrationTelemetryListener: Migration state: NONE
07-08 16:15:06.176 25391 25391 D GeckoNetworkManager: Incoming event enableNotifications for state OnNoListeners -> OnWithListeners
07-08 16:15:06.178 25391 25391 D GeckoNetworkManager: New network state: UP, WIFI, WIFI
07-08 16:15:06.184 25391 25562 I libglean_ffi: glean_core::upload: New upload task with id 3d3db057-371d-4775-8366-c50db2783f1f (path: /submit/org-mozilla-fennec-aurora/baseline/1/3d3db057-371d-4775-8366-c50db2783f1f)
07-08 16:15:06.186 25391 25391 W LOTTIE  : Animation contains merge paths but they are disabled.
07-08 16:15:06.188 25391 25562 D glean/ConceptFetchHttpUploader: Submitting ping to: https://incoming.telemetry.mozilla.org/submit/org-mozilla-fennec-aurora/baseline/1/3d3db057-371d-4775-8366-c50db2783f1f
07-08 16:15:06.205 25391 25391 I zygote  : Deoptimizing void kotlinx.coroutines.DispatchedTask.run() due to JIT inline cache
07-08 16:15:06.211 25391 25391 D GeckoNetworkManager: Incoming event receivedUpdate for state OnWithListeners -> OnWithListeners
07-08 16:15:06.213 25391 25391 D GeckoNetworkManager: New network state: UP, WIFI, WIFI
07-08 16:15:06.383 25391 25421 W GeckoEventDispatcher: No listener for GeckoView:AccessibilityEnabled
07-08 16:15:06.546 25391 25466 D ServiceAllocator: org.mozilla.gecko.process.GeckoChildProcessServices$tab0 updateBindings: FOREGROUND priority, 0 importance, 1 successful binds, 0 failed binds, 0 successful unbinds
07-08 16:15:06.555 25477 25499 D GeckoThread: State changed to MOZGLUE_READY
07-08 16:15:06.563 25477 25499 W Settings: Setting animator_duration_scale has moved from android.provider.Settings.System to android.provider.Settings.Global, returning read-only global URI.
07-08 16:15:06.566 25477 25499 E GeckoLibLoad: Load sqlite start
07-08 16:15:06.568 25477 25499 E GeckoLibLoad: Load sqlite done
07-08 16:15:06.568 25477 25499 E GeckoLibLoad: Load nss start
07-08 16:15:06.569 25477 25499 E GeckoLibLoad: Load nss done
07-08 16:15:06.578 25391 25421 W VideoCapabilities: Unrecognized profile 2130706433 for video/avc
07-08 16:15:06.578 25391 25421 W VideoCapabilities: Unrecognized profile 2130706434 for video/avc
07-08 16:15:06.581 25391 25421 W VideoCapabilities: Unrecognized profile 2130706433 for video/avc
07-08 16:15:06.581 25391 25421 W VideoCapabilities: Unrecognized profile 2130706434 for video/avc
07-08 16:15:06.586 25477 25499 E GeckoLibLoad: Loaded libs in 17.145627ms total, 10ms(13ms) user, 6ms(3ms) system, 0(0) faults
07-08 16:15:06.586 25477 25499 D GeckoThread: State changed to LIBS_READY
07-08 16:15:06.586 25477 25499 W GeckoThread: zerdatime 26767412660 - runGecko
07-08 16:15:06.604 25391 25421 W VideoCapabilities: Unrecognized profile 2130706433 for video/avc
07-08 16:15:06.604 25391 25421 W VideoCapabilities: Unrecognized profile 2130706434 for video/avc
07-08 16:15:06.612 25391 25421 I VideoCapabilities: Unsupported profile 4 for video/mp4v-es
07-08 16:15:06.616 25391 25421 D HardwareCodecCapability: Found candidate encoder OMX.qcom.video.encoder.avc
07-08 16:15:06.616 25391 25421 W VideoCapabilities: Unrecognized profile 2130706433 for video/avc
07-08 16:15:06.616 25391 25421 W VideoCapabilities: Unrecognized profile 2130706434 for video/avc
07-08 16:15:06.617 25391 25421 V HardwareCodecCapability:    Color: 0x7fa30c04
07-08 16:15:06.618 25391 25421 V HardwareCodecCapability:    Color: 0x7f000789
07-08 16:15:06.618 25391 25421 V HardwareCodecCapability:    Color: 0x7f420888
07-08 16:15:06.618 25391 25421 V HardwareCodecCapability:    Color: 0x15
07-08 16:15:06.618 25391 25421 D HardwareCodecCapability: Found target encoder OMX.qcom.video.encoder.avc. Color: 0x15
07-08 16:15:06.618 25391 25421 D HardwareCodecCapability: Found candidate decoder OMX.qcom.video.decoder.avc
07-08 16:15:06.618 25391 25421 W VideoCapabilities: Unrecognized profile 2130706433 for video/avc
07-08 16:15:06.618 25391 25421 W VideoCapabilities: Unrecognized profile 2130706434 for video/avc
07-08 16:15:06.619 25391 25421 V HardwareCodecCapability:    Color: 0x7f420888
07-08 16:15:06.619 25391 25421 V HardwareCodecCapability:    Color: 0x7fa30c04
07-08 16:15:06.619 25391 25421 V HardwareCodecCapability:    Color: 0x15
07-08 16:15:06.619 25391 25421 V HardwareCodecCapability:    Color: 0x13
07-08 16:15:06.619 25391 25421 V HardwareCodecCapability:    Color: 0x7fa30c05
07-08 16:15:06.619 25391 25421 D HardwareCodecCapability: Found target decoder OMX.qcom.video.decoder.avc. Color: 0x13
07-08 16:15:06.620 25391 25421 D HardwareCodecCapability: Found candidate encoder OMX.google.vp8.encoder
07-08 16:15:06.620 25391 25421 D HardwareCodecCapability: Found candidate decoder OMX.qcom.video.decoder.vp8
07-08 16:15:06.621 25391 25421 V HardwareCodecCapability:    Color: 0x7f420888
07-08 16:15:06.622 25391 25421 V HardwareCodecCapability:    Color: 0x7fa30c04
07-08 16:15:06.622 25391 25421 V HardwareCodecCapability:    Color: 0x15
07-08 16:15:06.622 25391 25421 V HardwareCodecCapability:    Color: 0x13
07-08 16:15:06.622 25391 25421 V HardwareCodecCapability:    Color: 0x7fa30c05
07-08 16:15:06.622 25391 25421 D HardwareCodecCapability: Found target decoder OMX.qcom.video.decoder.vp8. Color: 0x13
07-08 16:15:06.625 25391 25466 D ServiceAllocator: org.mozilla.gecko.process.GeckoChildProcessServices$tab0 updateBindings: FOREGROUND priority, 2 importance, 0 successful binds, 0 failed binds, 0 successful unbinds
07-08 16:15:06.639 25391 25421 I GeckoSession: zerdatime 26767412712 - chrome startup finished
07-08 16:15:06.700 25391 25391 D GeckoRuntime: Lifecycle: onPause
07-08 16:15:06.700 25391 25391 D GeckoNetworkManager: Incoming event stop for state OnWithListeners -> OffWithListeners
07-08 16:15:06.701 25391 25391 I SessionStorage/AutoSave: Save: Background
07-08 16:15:06.711 25391 25417 I libglean_ffi: glean_core::ping: Collecting baseline
07-08 16:15:06.717 25391 25455 D SessionStorage/AutoSave: Saved state to disk [14ms]
07-08 16:15:06.718 25391 25417 D libglean_ffi: glean_core::ping: Storing ping 'e4b198b5-b4e9-4fbc-8295-f78640f5a04b' at '/data/user/0/org.mozilla.fennec_aurora/glean_data/pending_pings/e4b198b5-b4e9-4fbc-8295-f78640f5a04b'
07-08 16:15:06.725 25391 25455 D places_ffi: places_connection_new
07-08 16:15:06.726 25391 25417 I libglean_ffi: glean_core: The ping 'baseline' was submitted and will be sent as soon as possible
07-08 16:15:06.729 25391 25417 I libglean_ffi: glean_core::ping: Collecting events
07-08 16:15:06.737 25391 25417 D libglean_ffi: glean_core::ping: Storing ping 'cb2b887c-a273-4697-a97d-9127ec6cb5fc' at '/data/user/0/org.mozilla.fennec_aurora/glean_data/pending_pings/cb2b887c-a273-4697-a97d-9127ec6cb5fc'
07-08 16:15:06.741 25391 25417 I libglean_ffi: glean_core: The ping 'events' was submitted and will be sent as soon as possible
07-08 16:15:06.748 25391 25453 D places_ffi: places_note_observation
07-08 16:15:06.759 25477 25499 D GeckoThread: State changed to RUNNING
07-08 16:15:06.779 25391 25562 I libglean_ffi: glean_core::upload: Ping 3d3db057-371d-4775-8366-c50db2783f1f successfully sent 200.
07-08 16:15:06.779 25391 25562 I libglean_ffi: glean_core::upload::directory: File was deleted /data/user/0/org.mozilla.fennec_aurora/glean_data/pending_pings/3d3db057-371d-4775-8366-c50db2783f1f
07-08 16:15:06.789 25391 25562 I libglean_ffi: glean_core::upload: New upload task with id 361fadcf-b5b4-4811-9f1d-68ece42ae418 (path: /submit/org-mozilla-fennec-aurora/startup-timeline/1/361fadcf-b5b4-4811-9f1d-68ece42ae418)
07-08 16:15:06.791 25391 25562 D glean/ConceptFetchHttpUploader: Submitting ping to: https://incoming.telemetry.mozilla.org/submit/org-mozilla-fennec-aurora/startup-timeline/1/361fadcf-b5b4-4811-9f1d-68ece42ae418
07-08 16:15:06.801 25391 25453 D sql_support::conn_ext: Transaction commited after 50.288443ms
07-08 16:15:06.801 25477 25499 W ResourceType: Too many attribute references, stopped at: 0x01010099
07-08 16:15:06.804 25391 25455 D places_ffi: places_note_observation
07-08 16:15:06.834 25391 25455 D sql_support::conn_ext: Transaction commited after 29.310471ms
07-08 16:15:06.836 25391 25421 D GeckoScreenOrientation: unlocking
07-08 16:15:06.885 25391 25391 D GeckoSession: handleMessage GeckoView:PageStart uri=about:blank
07-08 16:15:06.902 25391 25391 D GeckoSession: handleMessage GeckoView:LocationChange uri=about:blank
07-08 16:15:06.908 25391 25391 D GeckoSession: handleMessage GeckoView:PageStop uri=null
07-08 16:15:06.910 25477 25477 D GeckoNetworkManager: Incoming event enableNotifications for state OffNoListeners -> OffWithListeners
07-08 16:15:06.913 25477 25477 D GeckoNetworkManager: New network state: UP, WIFI, WIFI
07-08 16:15:06.916 25391 25391 I SessionStorage/AutoSave: Save: Load finished
07-08 16:15:06.916 25391 25455 D SessionStorage/AutoSave: Delaying save (1786ms)
07-08 16:15:06.929 25391 25391 D GeckoSession: handleMessage GeckoView:ProgressChanged uri=null
07-08 16:15:06.934 25391 25391 D GeckoSession: handleMessage GeckoView:PageStart uri=https://example.com/
07-08 16:15:06.945 25391 25391 D GeckoSession: handleMessage GeckoView:ProgressChanged uri=null
07-08 16:15:06.948 25391 25391 D GeckoSession: handleMessage GeckoView:PageStop uri=null
07-08 16:15:06.948 25391 25391 I SessionStorage/AutoSave: Save: Load finished
07-08 16:15:06.948 25391 25391 D SessionStorage/AutoSave: Skipping save, other job already in flight
07-08 16:15:06.956 25391 25396 I zygote  : Do partial code cache collection, code=125KB, data=88KB
07-08 16:15:06.957 25391 25396 I zygote  : After code cache collection, code=121KB, data=87KB
07-08 16:15:06.957 25391 25396 I zygote  : Increasing code cache capacity to 512KB
07-08 16:15:06.976 25391 25391 D GeckoSession: handleMessage GeckoView:SecurityChanged uri=null
07-08 16:15:06.977 25391 25391 D GeckoSession: handleMessage GeckoView:ProgressChanged uri=null
07-08 16:15:06.981 25391 25391 D GeckoSession: handleMessage GeckoView:PageStart uri=https://example.com/
07-08 16:15:07.304 25391 25562 I libglean_ffi: glean_core::upload: Ping 361fadcf-b5b4-4811-9f1d-68ece42ae418 successfully sent 200.
07-08 16:15:07.304 25391 25562 I libglean_ffi: glean_core::upload::directory: File was deleted /data/user/0/org.mozilla.fennec_aurora/glean_data/pending_pings/361fadcf-b5b4-4811-9f1d-68ece42ae418
07-08 16:15:07.309 25391 25562 I libglean_ffi: glean_core::upload: New upload task with id e4b198b5-b4e9-4fbc-8295-f78640f5a04b (path: /submit/org-mozilla-fennec-aurora/baseline/1/e4b198b5-b4e9-4fbc-8295-f78640f5a04b)
07-08 16:15:07.310 25391 25562 D glean/ConceptFetchHttpUploader: Submitting ping to: https://incoming.telemetry.mozilla.org/submit/org-mozilla-fennec-aurora/baseline/1/e4b198b5-b4e9-4fbc-8295-f78640f5a04b
07-08 16:15:07.335 25391 25391 D App     : Installed browser-icons extension
07-08 16:15:07.337 25391 25391 I zygote  : Deoptimizing void kotlin.coroutines.jvm.internal.ContinuationImpl.<init>(kotlin.coroutines.Continuation) due to JIT inline cache
07-08 16:15:07.339 25391 25391 I zygote  : Deoptimizing java.lang.Object kotlin.coroutines.CombinedContext.fold(java.lang.Object, kotlin.jvm.functions.Function2) due to JIT inline cache
07-08 16:15:07.342 25391 25391 I zygote  : Deoptimizing java.lang.Object mozilla.components.support.ktx.kotlinx.coroutines.flow.FlowKt$filterChanged$1.invokeSuspend(java.lang.Object) due to JIT inline cache
07-08 16:15:07.371 25391 25391 D mozac-webextensions: Installed extension: mozacWebchannel
07-08 16:15:07.444 25391 25391 D GeckoSession: handleMessage GeckoView:LocationChange uri=https://example.com/
07-08 16:15:07.450 25391 25455 D places_ffi: bookmarks_get_all_with_url
07-08 16:15:07.464 25391 25391 D GeckoSession: handleMessage GeckoView:SecurityChanged uri=null
07-08 16:15:07.479 25391 25391 I zygote  : Deoptimizing java.lang.Object mozilla.components.support.ktx.kotlinx.coroutines.flow.FlowKt$filterChanged$1.invokeSuspend(java.lang.Object) due to JIT inline cache
07-08 16:15:07.488 25391 25391 D WebExtension: handleMessage GeckoView:PageAction:Update
07-08 16:15:07.635 25391 25455 D places_ffi: places_note_observation
07-08 16:15:07.636 25391 25391 D GeckoSession: handleMessage GeckoView:ProgressChanged uri=null
07-08 16:15:07.640 25391 25562 I libglean_ffi: glean_core::upload: Ping e4b198b5-b4e9-4fbc-8295-f78640f5a04b successfully sent 200.
07-08 16:15:07.640 25391 25562 I libglean_ffi: glean_core::upload::directory: File was deleted /data/user/0/org.mozilla.fennec_aurora/glean_data/pending_pings/e4b198b5-b4e9-4fbc-8295-f78640f5a04b
07-08 16:15:07.641 25391 25391 D GeckoSession: handleMessage GeckoView:ProgressChanged uri=null
07-08 16:15:07.647 25391 25391 D GeckoSession: handleMessage GeckoView:PageStop uri=null
07-08 16:15:07.647 25391 25562 I libglean_ffi: glean_core::upload: New upload task with id cb2b887c-a273-4697-a97d-9127ec6cb5fc (path: /submit/org-mozilla-fennec-aurora/events/1/cb2b887c-a273-4697-a97d-9127ec6cb5fc)
07-08 16:15:07.649 25391 25391 I SessionStorage/AutoSave: Save: Load finished
07-08 16:15:07.649 25391 25391 D SessionStorage/AutoSave: Skipping save, other job already in flight
07-08 16:15:07.650 25391 25455 D sql_support::conn_ext: Transaction commited after 13.30771ms
07-08 16:15:07.651 25391 25562 D glean/ConceptFetchHttpUploader: Submitting ping to: https://incoming.telemetry.mozilla.org/submit/org-mozilla-fennec-aurora/events/1/cb2b887c-a273-4697-a97d-9127ec6cb5fc
07-08 16:15:07.689 25391 25391 D WebExtension: handleMessage GeckoView:WebExtension:Message
07-08 16:15:07.696 25391 25391 D WebExtension: handleMessage GeckoView:WebExtension:Connect
07-08 16:15:07.727 25391 25630 D BrowserIcons: Loaded icon (source = GENERATOR): https://example.com/
07-08 16:15:07.772 25391 25455 D places_ffi: places_get_visited
07-08 16:15:07.931 25391 25391 D mozac-webextensions: Installed extension: mozacReaderview
07-08 16:15:07.934 25391 25562 I libglean_ffi: glean_core::upload: Ping cb2b887c-a273-4697-a97d-9127ec6cb5fc successfully sent 200.
07-08 16:15:07.934 25391 25562 I libglean_ffi: glean_core::upload::directory: File was deleted /data/user/0/org.mozilla.fennec_aurora/glean_data/pending_pings/cb2b887c-a273-4697-a97d-9127ec6cb5fc
07-08 16:15:07.938 25391 25562 I libglean_ffi: glean_core::upload: No more pings to upload! You are done.
07-08 16:15:07.941 25391 25508 I WM-WorkerWrapper: Worker result SUCCESS for Work [ id=0257f18f-f751-4367-a806-2bfb0a64efca, tags={ mozilla.telemetry.glean.scheduler.PingUploadWorker, mozac_service_glean_ping_upload_worker } ]
07-08 16:15:07.945 25391 25391 D mozac-webcompat-reporter: Installed WebCompat Reporter webextension: webcompat-reporter@mozilla.org
07-08 16:15:07.947  1456  2067 D ConnectivityService: releasing NetworkRequest [ TRACK_DEFAULT id=81760, [ Capabilities: INTERNET&NOT_RESTRICTED&TRUSTED&NOT_VPN] ] (release request)
07-08 16:15:07.954 25391 25391 D mozac-webcompat: Installed WebCompat webextension: webcompat@mozilla.org
07-08 16:15:08.378 25391 25391 I DefaultSupportedAddonsChecker: Register check for new supported add-ons
07-08 16:15:08.433 25391 25455 I SupportedAddonsWorker: Trying to check for new supported add-ons
07-08 16:15:08.438 25391 25391 D GeckoSession: handleMessage GeckoView:StateUpdated uri=null
07-08 16:15:08.439 25391 25391 W GeckoSession: No history entries found.
07-08 16:15:08.595 25391 25411 I WM-WorkerWrapper: Worker result SUCCESS for Work [ id=a7177e24-21f9-427c-b18d-e9fcbe3b0658, tags={ mozilla.components.feature.addons.migration.DefaultSupportedAddonsChecker.periodicWork, mozilla.components.feature.addons.migration.SupportedAddonsWorker } ]
07-08 16:15:08.722 25391 25455 D SessionStorage/AutoSave: Saved state to disk [17ms]
07-08 16:15:10.366 25631 25631 D AndroidRuntime: >>>>>> START com.android.internal.os.RuntimeInit uid 2000 <<<<<<
07-08 16:15:10.379 25631 25631 W app_process: Could not reserve sentinel fault page
07-08 16:15:10.546 25631 25631 I app_process: The ClassLoaderContext is a special shared library.
07-08 16:15:10.620 25631 25631 D AndroidRuntime: Calling main entry com.android.commands.input.Input
07-08 16:15:10.627 25631 25631 I Input   : injectKeyEvent: KeyEvent { action=ACTION_DOWN, keyCode=KEYCODE_HOME, scanCode=0, metaState=0, flags=0x0, repeatCount=0, eventTime=25637303048, downTime=25637303048, deviceId=-1, source=0x101 }
07-08 16:15:10.632 25631 25631 I Input   : injectKeyEvent: KeyEvent { action=ACTION_UP, keyCode=KEYCODE_HOME, scanCode=0, metaState=0, flags=0x0, repeatCount=0, eventTime=25637303048, downTime=25637303048, deviceId=-1, source=0x101 }
07-08 16:15:10.634 25631 25631 D AndroidRuntime: Shutting down VM
07-08 16:15:11.169 25391 25391 I glean/Glean: Registering pings for org.mozilla.fenix.GleanMetrics.Pings
07-08 16:15:11.307 25391 25391 D App     : ActivationPing - already generated
07-08 16:15:11.321 25391 25455 I FenixApplication: Running post-visual completeness tasks...
07-08 16:15:11.321 25391 25455 I FenixApplication: Storage initialization...
07-08 16:15:11.321 25391 25455 I PlacesHistoryStorage: Warming up places storage...
07-08 16:15:11.322 25391 25455 I PlacesHistoryStorage: 'Warming up places storage' took 0 ms
07-08 16:15:11.322 25391 25391 I FenixApplication: Kicking-off account manager...
07-08 16:15:11.322 25391 25391 I FenixApplication: 'Kicking-off account manager' took 0 ms
07-08 16:15:11.322 25391 25455 I PlacesBookmarksStorage: Warming up places storage...
07-08 16:15:11.322 25391 25455 I PlacesBookmarksStorage: 'Warming up places storage' took 0 ms
07-08 16:15:11.333 25391 25644 I experiments: No active experiment in cache
07-08 16:15:11.338 25391 25644 W experiments: Experiment bucket is outside of the bucket range.
07-08 16:15:11.366 25391 25455 I SyncableLoginsStorage: Warming up storage...
07-08 16:15:11.378 25391 25455 D RustNativeSupport: findMegazordLibraryName(logins, 61.0.6
07-08 16:15:11.378 25391 25455 D RustNativeSupport: lib in use: none
07-08 16:15:11.378 25391 25455 D RustNativeSupport: lib configured: megazord
07-08 16:15:11.378 25391 25455 D RustNativeSupport: lib version configured: 61.0.6
07-08 16:15:11.378 25391 25455 D RustNativeSupport: settled on megazord
07-08 16:15:11.381 25391 25455 D logins_ffi: sync15_passwords_state_new
07-08 16:15:11.404 25391 25650 I experiments: Fetching experiments from https://firefox.settings.services.mozilla.com/v1/buckets/main/collections/mobile-experiments/records?_since=1594230842195
07-08 16:15:11.512 25391 25650 W ActivityThread: ClassLoader.getResources: The class loader returned by Thread.getContextClassLoader() may fail for processes that host multiple applications. You should explicitly specify a context class loader. For example: Thread.setContextClassLoader(getClass().getClassLoader());
07-08 16:15:11.516 25391 25650 D experiments: Fetched experiments from https://firefox.settings.services.mozilla.com/v1/buckets/main/collections/mobile-experiments/records?_since=1594230842195:
07-08 16:15:11.516 25391 25650 D experiments: {"data": []}
07-08 16:15:11.517 25391 25650 I experiments: Experiments update from server: ExperimentsSnapshot(experiments=[Experiment(id=fenix-search-widget, description=Show a contextual hint to active searchers on their home screen, prompting them to install the search widget. Will not be shown to users who already have a search widget installed., lastModified=1594230842195, schemaModified=1594160039473, buckets=Buckets(start=0, count=1000), branches=[Branch(name=control_no_cfr, ratio=1), Branch(name=treatment_cfr, ratio=1)], match=Matcher(appId=^org.mozilla.fenix|org.mozilla.fenix.debug$, appDisplayVersion=null, appMinVersion=null, appMaxVersion=null, localeLanguage=^eng$, localeCountry=null, deviceManufacturer=null, deviceModel=null, regions=[], debugTags=[]))], lastModified=1594230842195)
07-08 16:15:11.519 25391 25650 I experiments: onExperimentsUpdated - no experiment currently active, looking for match
07-08 16:15:11.520 25391 25650 W experiments: Experiment bucket is outside of the bucket range.
07-08 16:15:11.523 25391 25508 I WM-WorkerWrapper: Worker result SUCCESS for Work [ id=1eac630b-8273-40a7-b8f7-2176ce2ae132, tags={ mozilla.components.service.experiments.ExperimentsUpdaterWorker, mozilla.components.service.experiments } ]
07-08 16:15:12.021 25391 25455 I SyncableLoginsStorage: 'Warming up storage' took 654 ms
07-08 16:15:12.021 25391 25455 I FenixApplication: 'Storage initialization' took 699 ms
07-08 16:15:14.082  1456  1893 D BatteryService: uevent={POWER_SUPPLY_VOLTAGE_NOW=4181494, POWER_SUPPLY_CHARGE_RATE=Normal, POWER_SUPPLY_HEALTH=Good, POWER_SUPPLY_CURRENT_NOW=-305631, POWER_SUPPLY_PRESENT=1, SUBSYSTEM=power_supply, POWER_SUPPLY_TEMP=305, SEQNUM=667810, ACTION=change, POWER_SUPPLY_NAME=battery, POWER_SUPPLY_STATUS=Charging, POWER_SUPPLY_CHARGE_COUNTER=2064951, POWER_SUPPLY_CAPACITY=79, DEVPATH=/devices/soc/qpnp-smbcharger-17/power_supply/battery}
07-08 16:15:14.090  2398  2398 D QtiCarrierConfigHelper: WARNING, no carrier configs on phone Id: 0
07-08 16:15:14.141   808   898 I SFPerfTracer:      triggers: (rate: 0:10) (0 sw vsyncs) (0 skipped) (56:9596973 vsyncs) (58:18587801)
07-08 16:15:15.794  1456  3925 I ActivityManager: Force stopping org.mozilla.fennec_aurora appid=11497 user=0: from pid 25666
07-08 16:15:15.794  1456  3925 I ActivityManager: Killing 25391:org.mozilla.fennec_aurora/u0a1497 (adj 0): stop org.mozilla.fennec_aurora
07-08 16:15:15.797  1456  1605 W zygote  : kill(-25391, 9) failed: No such process
07-08 16:15:15.802 25477 25477 I ServiceChildProcess: Service has been unbound. Stopping.
07-08 16:15:15.802  1456  3925 W ActivityManager: Force removing ActivityRecord{524ee0a u0 org.mozilla.fennec_aurora/org.mozilla.fenix.HomeActivity t95299}: app died, no saved state
07-08 16:15:15.814  1456  1605 W zygote  : kill(-25391, 9) failed: No such process
07-08 16:15:15.817  1456  3925 I ActivityManager: Killing 25477:org.mozilla.fennec_aurora:tab0/u0a1497 (adj 0): stop org.mozilla.fennec_aurora
07-08 16:15:15.826  7966  7966 I AppBase : AppBase.onTrimMemory():618 onTrimMemory(): 10
07-08 16:15:15.826  7966  7966 I GoogleInputMethodService: GoogleInputMethodService.onTrimMemory():4331 onTrimMemory(): 10
07-08 16:15:15.831  1456  1605 W zygote  : kill(-25391, 9) failed: No such process
07-08 16:15:15.831  2398  2398 D CarrierSvcBindHelper: No carrier app for: 0
07-08 16:15:15.833  2398  2398 D CarrierSvcBindHelper: No carrier app for: 1
07-08 16:15:15.846  1456  1605 W zygote  : kill(-25391, 9) failed: No such process
07-08 16:15:15.877  1456  1673 W ActivityManager: setHasOverlayUi called on unknown pid: 25391
07-08 16:15:15.877  1456  1605 I chatty  : uid=1000(system) ActivityManager identical 2 lines
07-08 16:15:15.893  1456  1605 W zygote  : kill(-25391, 9) failed: No such process
07-08 16:15:15.893  1456  1605 I zygote  : Successfully killed process cgroup uid 11497 pid 25391 in 95ms
07-08 16:15:15.893  1456  1605 W zygote  : kill(-25477, 9) failed: No such process
07-08 16:15:15.893  1456  1605 I zygote  : Successfully killed process cgroup uid 11497 pid 25477 in 0ms
07-08 16:15:16.962  1456  3925 I ActivityManager: START u0 {act=android.intent.action.VIEW dat=https://example.com/... typ=text/html flg=0x10000000 cmp=org.mozilla.fennec_aurora/org.mozilla.fenix.IntentReceiverActivity} from uid 2000
07-08 16:15:16.963   794   839 E ANDR-PERF-RESOURCEQS: Failed to apply optimization [4, 0]
07-08 16:15:16.977  1456  3925 I ActivityManager: Start proc 25675:org.mozilla.fennec_aurora/u0a1497 for activity org.mozilla.fennec_aurora/org.mozilla.fenix.IntentReceiverActivity
07-08 16:15:17.076 25675 25675 D FirebaseApp: com.google.firebase.auth.FirebaseAuth is not linked. Skipping initialization.
07-08 16:15:17.077 25675 25675 D FirebaseApp: com.google.firebase.crash.FirebaseCrash is not linked. Skipping initialization.
07-08 16:15:17.077 25675 25675 I FirebaseInitProvider: FirebaseApp initialization successful
07-08 16:15:17.113 25675 25693 I FA      : Collection disabled with firebase_analytics_collection_enabled=0
07-08 16:15:17.113 25675 25693 I FA      : App measurement is starting up, version: 12780
07-08 16:15:17.113 25675 25693 I FA      : To enable debug logging run: adb shell setprop log.tag.FA VERBOSE
07-08 16:15:17.114 25675 25693 I FA      : To enable faster debug mode event logging run:
07-08 16:15:17.114 25675 25693 I FA      :   adb shell setprop debug.firebase.analytics.app org.mozilla.fennec_aurora
07-08 16:15:17.127 25675 25675 D FennecProfile: profiles.ini: true
07-08 16:15:17.132 25675 25675 D FennecProfile: Ignoring line in [general] section: StartWithLastProfile=1
07-08 16:15:17.132 25675 25675 D FennecProfile: Found 1 profiles
07-08 16:15:17.133 25675 25675 D FennecProfile: Found default profile: FennecProfile(name=default, path=/data/user/0/org.mozilla.fennec_aurora/files/mozilla/imtg16dm.default, default=true)
07-08 16:15:17.155 25675 25675 D FennecMigrator: No migrations to run. Fennec install - false.
07-08 16:15:17.178 25675 25675 D FenixApplication: Initializing Glean (uploadEnabled=true, isFennec=true)
07-08 16:15:17.189 25675 25701 D RustNativeSupport: findMegazordLibraryName(viaduct, 61.0.6
07-08 16:15:17.189 25675 25701 D RustNativeSupport: lib in use: none
07-08 16:15:17.189 25675 25701 D RustNativeSupport: lib configured: megazord
07-08 16:15:17.189 25675 25701 D RustNativeSupport: lib version configured: 61.0.6
07-08 16:15:17.189 25675 25701 D RustNativeSupport: settled on megazord
07-08 16:15:17.212 25675 25700 D libglean_ffi: glean_ffi: Android logging should be hooked up!
07-08 16:15:17.221 25675 25700 I glean/Glean: Registering pings for mozilla.telemetry.glean.GleanMetrics.Pings
07-08 16:15:17.224 25675 25700 I libglean_ffi: glean_core: Creating new Glean v31.2.2
07-08 16:15:17.224 25675 25700 D libglean_ffi: glean_core::database: Database path: "/data/user/0/org.mozilla.fennec_aurora/glean_data/db"
07-08 16:15:17.225 25675 25700 I libglean_ffi: glean_core::database: Database initialized
07-08 16:15:17.225 25675 25701 D RustNativeSupport: findMegazordLibraryName(rustlog, 61.0.6
07-08 16:15:17.225 25675 25701 D RustNativeSupport: lib in use: none
07-08 16:15:17.225 25675 25701 D RustNativeSupport: lib configured: megazord
07-08 16:15:17.225 25675 25701 D RustNativeSupport: lib version configured: 61.0.6
07-08 16:15:17.225 25675 25701 D RustNativeSupport: settled on megazord
07-08 16:15:17.226 25675 25704 I libglean_ffi: glean_core::upload::directory: Processing persisted pings.
07-08 16:15:17.228 25675 25701 I rc_log_ffi::ios: rc_log adapter initialized!
07-08 16:15:17.228 25675 25675 D GeckoThread: State changed to LAUNCHED
07-08 16:15:17.229 25675 25705 I GeckoThread: preparing to run Gecko
07-08 16:15:17.229 25675 25700 I libglean_ffi: glean_ffi: Glean initialized
07-08 16:15:17.236 25675 25675 D GeckoRuntime: Lifecycle: onCreate
07-08 16:15:17.236 25675 25705 D GeckoThread: State changed to MOZGLUE_READY
07-08 16:15:17.249 25675 25705 W Settings: Setting animator_duration_scale has moved from android.provider.Settings.System to android.provider.Settings.Global, returning read-only global URI.
07-08 16:15:17.254 25675 25675 I zygote  : Deoptimizing java.lang.Object androidx.collection.SimpleArrayMap.put(java.lang.Object, java.lang.Object) due to JIT inline cache
07-08 16:15:17.254 25675 25705 E GeckoLibLoad: Load sqlite start
07-08 16:15:17.258 25675 25705 E GeckoLibLoad: Load sqlite done
07-08 16:15:17.258 25675 25700 D glean/MetricsPingSched: The 'metrics' ping was last sent on Wed Jul 08 00:00:00 EDT 2020
07-08 16:15:17.258 25675 25705 E GeckoLibLoad: Load nss start
07-08 16:15:17.258 25675 25705 E GeckoLibLoad: Load nss done
07-08 16:15:17.259 25675 25700 I glean/MetricsPingSched: The 'metrics' ping was already sent today, Wed Jul 08 16:15:17 EDT 2020.
07-08 16:15:17.260 25675 25700 D glean/MetricsPingSched: Scheduling the 'metrics' ping in 42282757ms
07-08 16:15:17.277 25675 25705 E GeckoLibLoad: Loaded libs in 18.719272ms total, 10ms(46ms) user, 6ms(10ms) system, 0(0) faults
07-08 16:15:17.277 25675 25700 D libglean_ffi: glean_core: Clearing Lifetime::Application metrics
07-08 16:15:17.277 25675 25705 D GeckoThread: State changed to LIBS_READY
07-08 16:15:17.282 25675 25705 W GeckoThread: zerdatime 26767423355 - runGecko
07-08 16:15:17.285 25675 25705 D GeckoProfile: Loading profile at: null name: default
07-08 16:15:17.285 25675 25675 D GleanMetricsService: Enabling Glean.
07-08 16:15:17.286 25675 25675 I glean/Dispatchers: Task queued for execution and delayed until flushed
07-08 16:15:17.287 25675 25705 D GeckoProfile: Found profile dir: /data/user/0/org.mozilla.fennec_aurora/files/mozilla/imtg16dm.default
07-08 16:15:17.290 25675 25675 I AdjustMetricsService: No adjust token defined
07-08 16:15:17.292 25675 25675 D PushConfig: Creating push configuration for autopush.
07-08 16:15:17.304 25675 25675 I App     : AutoPushFeature is configured, initializing it...
07-08 16:15:17.304 25675 25716 D AutoPushFeature: Initializing native component with the cached token.
07-08 16:15:17.305 25675 25675 I AutoPushFeature: Checking validity of push subscriptions.
07-08 16:15:17.308 25675 25675 D FennecProfile: profiles.ini: true
07-08 16:15:17.314 25675 25675 D FennecProfile: Ignoring line in [general] section: StartWithLastProfile=1
07-08 16:15:17.314 25675 25716 D RustNativeSupport: findMegazordLibraryName(push, 61.0.6
07-08 16:15:17.314 25675 25716 D RustNativeSupport: lib in use: none
07-08 16:15:17.314 25675 25675 D FennecProfile: Found 1 profiles
07-08 16:15:17.315 25675 25716 D RustNativeSupport: lib configured: megazord
07-08 16:15:17.315 25675 25716 D RustNativeSupport: lib version configured: 61.0.6
07-08 16:15:17.315 25675 25675 D FennecProfile: Found default profile: FennecProfile(name=default, path=/data/user/0/org.mozilla.fennec_aurora/files/mozilla/imtg16dm.default, default=true)
07-08 16:15:17.315 25675 25716 D RustNativeSupport: settled on megazord
07-08 16:15:17.318 25675 25700 I libglean_ffi: glean_core: Upload enabled: true
07-08 16:15:17.335 25675 25701 W [WARNING][Leanplum]: [com.leanplum.internal.ActionManager::getLocationManager::8]: Geofencing support requires leanplum-location module and Google Play Services v8.1 and higher.
07-08 16:15:17.335 25675 25701 W [WARNING][Leanplum]: Add this to your build.gradle file:
07-08 16:15:17.335 25675 25701 W [WARNING][Leanplum]: implementation 'com.google.android.gms:play-services-location:8.3.0+'
07-08 16:15:17.335 25675 25701 W [WARNING][Leanplum]: implementation 'com.leanplum:leanplum-location:+'
07-08 16:15:17.350 25675 25705 I Gecko:DumpUtils: Fifo watcher disabled via pref.
07-08 16:15:17.362 25675 25675 D FennecMigrator: This is not a Fennec installation. No migration needed.
07-08 16:15:17.372 25675 25675 D SessionManager: onTrimMemory(5): clearThumbnails=false, closeEngineSessions=false
07-08 16:15:17.405 25675 25701 I [INFO][Leanplum]: [com.leanplum.monitoring.ExceptionHandler::setContext::6]: LeanplumExceptionHandler could not initialize Exception Reporting.This is expected if you have not included the leanplum-monitoring module
07-08 16:15:17.452 25675 25737 I [INFO][Leanplum]: [com.leanplum.LeanplumFcmProvider::isManifestSetup::11]: Firebase Messaging is setup correctly.
07-08 16:15:17.466 25675 25685 I zygote  : Background concurrent copying GC freed 11439(926KB) AllocSpace objects, 11(220KB) LOS objects, 49% free, 4MB/8MB, paused 200us total 132.904ms
07-08 16:15:17.472 25675 25705 D GeckoSysInfo: System memory: 1867MB.
07-08 16:15:17.476 25675 25705 D GeckoThread: State changed to JNI_READY
07-08 16:15:17.487 25675 25680 I zygote  : Do partial code cache collection, code=24KB, data=25KB
07-08 16:15:17.488 25675 25680 I zygote  : After code cache collection, code=22KB, data=25KB
07-08 16:15:17.488 25675 25680 I zygote  : Increasing code cache capacity to 128KB
07-08 16:15:17.502  1456  1601 W ActivityManager: Activity pause timeout for ActivityRecord{9d803c5 u0 org.mozilla.fennec_aurora/org.mozilla.fenix.IntentReceiverActivity t95300}
07-08 16:15:17.503  1456  2204 I ActivityManager: Start proc 25757:org.mozilla.fennec_aurora:tab0/u0a1497 for service org.mozilla.fennec_aurora/org.mozilla.gecko.process.GeckoChildProcessServices$tab0
07-08 16:15:17.508 25675 25745 D ServiceAllocator: org.mozilla.gecko.process.GeckoChildProcessServices$tab0 updateBindings: BACKGROUND priority, 0 importance, 2 successful binds, 0 failed binds, 0 successful unbinds
07-08 16:15:17.533  1456 10736 I ActivityManager: START u0 {act=android.intent.action.VIEW dat=https://example.com/... typ=text/html cmp=org.mozilla.fennec_aurora/org.mozilla.fenix.HomeActivity (has extras)} from uid 11497
07-08 16:15:17.628 25757 25757 D GeckoThread: State changed to LAUNCHED
07-08 16:15:17.629 25757 25778 I GeckoThread: preparing to run Gecko
07-08 16:15:17.657 25675 25680 I zygote  : Do partial code cache collection, code=53KB, data=47KB
07-08 16:15:17.659 25675 25680 I zygote  : After code cache collection, code=45KB, data=42KB
07-08 16:15:17.659 25675 25680 I zygote  : Increasing code cache capacity to 256KB
07-08 16:15:17.686  1456  1466 I zygote  : Background concurrent copying GC freed 52063(2MB) AllocSpace objects, 36(1424KB) LOS objects, 32% free, 48MB/72MB, paused 190us total 442.715ms
07-08 16:15:17.745 25675 25675 I NavController: Ignoring popBackStack to destination org.mozilla.fennec_aurora:id/browserFragment as it was not found on the current back stack
07-08 16:15:17.993 25675 25675 I FirefoxAccountStateMachine: Enabling/updating sync with a new SyncConfig: SyncConfig(supportedEngines=[mozilla.components.service.fxa.SyncEngine$History@a6fa6a9, mozilla.components.service.fxa.SyncEngine$Bookmarks@607a42e, mozilla.components.service.fxa.SyncEngine$Passwords@edb1bcf, mozilla.components.service.fxa.SyncEngine$Tabs@6de195c], syncPeriodInMinutes=240)
07-08 16:15:17.996 25675 25675 I BgSyncManager: Periodic syncing enabled at a 240 interval
07-08 16:15:17.996 25675 25675 I FirefoxAccountStateMachine: Sync is enabled
07-08 16:15:18.007 25675 25787 I FirefoxAccountStateMachine: Processing event Event$Init for state Start. Next state is Start
07-08 16:15:18.025 25675 25705 D GeckoThread: State changed to PROFILE_READY
07-08 16:15:18.025 25675 25728 D RustNativeSupport: findMegazordLibraryName(places, 61.0.6
07-08 16:15:18.025 25675 25728 D RustNativeSupport: lib in use: none
07-08 16:15:18.026 25675 25728 D RustNativeSupport: lib configured: megazord
07-08 16:15:18.026 25675 25728 D RustNativeSupport: lib version configured: 61.0.6
07-08 16:15:18.026 25675 25728 D RustNativeSupport: settled on megazord
07-08 16:15:18.028 25675 25787 I FirefoxAccountStateMachine: Ran 'Event$Init' side-effects for state Start, got successive event Event$AccountNotFound
07-08 16:15:18.028 25675 25787 I FirefoxAccountStateMachine: Processing event Event$AccountNotFound for state Start. Next state is NotAuthenticated
07-08 16:15:18.030 25675 25728 D places_ffi: places_api_new
07-08 16:15:18.041 25675 25787 D RustNativeSupport: findMegazordLibraryName(fxaclient, 61.0.6
07-08 16:15:18.042 25675 25787 D RustNativeSupport: lib in use: none
07-08 16:15:18.042 25675 25787 D RustNativeSupport: lib configured: megazord
07-08 16:15:18.042 25675 25787 D RustNativeSupport: lib version configured: 61.0.6
07-08 16:15:18.042 25675 25787 D RustNativeSupport: settled on megazord
07-08 16:15:18.044  1456  1601 W ActivityManager: Activity pause timeout for ActivityRecord{bf39b04 u0 org.mozilla.fennec_aurora/org.mozilla.fenix.HomeActivity t95301}
07-08 16:15:18.046 25675 25787 D fxaclient_ffi: fxa_new
07-08 16:15:18.095 25675 25728 D sql_support::conn_ext: Transaction commited after 37.14792ms
07-08 16:15:18.098 25675 25728 D places_ffi: places_connection_new
07-08 16:15:18.102 25675 25728 D places_ffi: places_connection_new
07-08 16:15:18.124 25675 25728 D places_ffi: bookmarks_get_all_with_url
07-08 16:15:18.132 25675 25705 D GeckoThread: State changed to RUNNING
07-08 16:15:18.140 25675 25675 D GeckoRuntime: Lifecycle: onStart
07-08 16:15:18.143 25675 25700 I libglean_ffi: glean_core::ping: Collecting baseline
07-08 16:15:18.148 25675 25700 D libglean_ffi: glean_core::ping: Storing ping '07acadfe-a9cb-463f-a053-89ef452087e3' at '/data/user/0/org.mozilla.fennec_aurora/glean_data/pending_pings/07acadfe-a9cb-463f-a053-89ef452087e3'
07-08 16:15:18.150 25675 25700 I libglean_ffi: glean_core: The ping 'baseline' was submitted and will be sent as soon as possible
07-08 16:15:18.151 25675 25705 I Gecko   : -*- nsDNSServiceDiscovery.js : nsDNSServiceDiscovery
07-08 16:15:18.161 25675 25675 D GeckoRuntime: Lifecycle: onResume
07-08 16:15:18.163 25675 25675 D GeckoNetworkManager: Incoming event start for state OffNoListeners -> OnNoListeners
07-08 16:15:18.165 25675 25675 D GeckoNetworkManager: New network state: UP, WIFI, WIFI
07-08 16:15:18.171 25675 25732 D NetworkSecurityConfig: No Network Security Config specified, using platform default
07-08 16:15:18.186 25675 25802 D OpenGLRenderer: HWUI GL Pipeline
07-08 16:15:18.210  1456 10736 D ConnectivityService: requestNetwork for uid/pid:11497/25675 NetworkRequest [ TRACK_DEFAULT id=81762, [ Capabilities: INTERNET&NOT_RESTRICTED&TRUSTED&NOT_VPN] ]
07-08 16:15:18.212  1456  2054 D WIFI_UT : got request NetworkRequest [ TRACK_DEFAULT id=81762, [ Capabilities: INTERNET&NOT_RESTRICTED&TRUSTED&NOT_VPN] ] with score 60
07-08 16:15:18.212  1456  2054 D WIFI    : got request NetworkRequest [ TRACK_DEFAULT id=81762, [ Capabilities: INTERNET&NOT_RESTRICTED&TRUSTED&NOT_VPN] ] with score 60
07-08 16:15:18.212  2398  2398 D PhoneSwitcherNetworkRequstListener: got request NetworkRequest [ TRACK_DEFAULT id=81762, [ Capabilities: INTERNET&NOT_RESTRICTED&TRUSTED&NOT_VPN] ] with score 60
07-08 16:15:18.212  1456  2099 D Ethernet: got request NetworkRequest [ TRACK_DEFAULT id=81762, [ Capabilities: INTERNET&NOT_RESTRICTED&TRUSTED&NOT_VPN] ] with score 60
07-08 16:15:18.230 25675 25675 I [INFO][Leanplum]: [com.leanplum.LeanplumCloudMessagingProvider::onRegistrationIdReceived::3]: Device registered for push notifications with registration token, fYUWtA9d5EM:APA91bFc9XcxxakbZnTDbPFaXe3CDZkdGNQhD9_bT5Y59aNn3XPIg6Vpe-BP1QxKNfiZFKtfc27p1DozlImI7EaHCi9FRlymTPvr27Q5vJwu2ElNQjRYd4jf26xweHrjDJFZjrlr1MzF
07-08 16:15:18.240 25675 25793 W LOTTIE  : Animation contains merge paths. Merge paths are only supported on KitKat+ and must be manually enabled by calling enableMergePathsForKitKatAndAbove().
07-08 16:15:18.248 25675 25680 I zygote  : Do full code cache collection, code=126KB, data=100KB
07-08 16:15:18.250 25675 25680 I zygote  : After code cache collection, code=95KB, data=60KB
07-08 16:15:18.258 25675 25705 I Adreno  : QUALCOMM build                   : bb5b86c, I77d3059488
07-08 16:15:18.258 25675 25705 I Adreno  : Build Date                       : 06/07/18
07-08 16:15:18.258 25675 25705 I Adreno  : OpenGL ES Shader Compiler Version: EV031.22.00.01_06
07-08 16:15:18.258 25675 25705 I Adreno  : Local Branch                     : 
07-08 16:15:18.258 25675 25705 I Adreno  : Remote Branch                    : refs/tags/AU_LINUX_ANDROID_LA.UM.6.5.R1.08.01.00.312.086
07-08 16:15:18.258 25675 25705 I Adreno  : Remote Branch                    : NONE
07-08 16:15:18.258 25675 25705 I Adreno  : Reconstruct Branch               : NOTHING
07-08 16:15:18.259 25675 25705 D vndksupport: Loading /vendor/lib/hw/gralloc.msm8937.so from current namespace instead of sphal namespace.
07-08 16:15:18.265 25675 25705 I Adreno  : PFP: 0x005ff087, ME: 0x005ff063
07-08 16:15:18.273 25675 25705 I zygote  : android::hardware::configstore::V1_0::ISurfaceFlingerConfigs::hasWideColorDisplay retrieved: 0
07-08 16:15:18.305 25675 25810 I Gecko   : [GFX1-]: Failed to create EGLContext!: 0x300c
07-08 16:15:18.315 25675 25675 I zygote  : Deoptimizing kotlin.coroutines.CoroutineContext$Element androidx.core.app.AppOpsManagerCompat.get(kotlin.coroutines.CoroutineContext$Element, kotlin.coroutines.CoroutineContext$Key) due to JIT inline cache
07-08 16:15:18.330 25675 25700 I libglean_ffi: glean_core::ping: Collecting startup-timeline
07-08 16:15:18.335 25675 25700 D libglean_ffi: glean_core::ping: Storing ping 'b17e4968-306d-4849-9cd9-089447eb1646' at '/data/user/0/org.mozilla.fennec_aurora/glean_data/pending_pings/b17e4968-306d-4849-9cd9-089447eb1646'
07-08 16:15:18.337 25675 25700 I libglean_ffi: glean_core: The ping 'startup-timeline' was submitted and will be sent as soon as possible
07-08 16:15:18.356 25675 25787 I zygote  : Deoptimizing void kotlinx.coroutines.DispatchedTask.run() due to JIT inline cache
07-08 16:15:18.357 25675 25787 W FirefoxAccountStateMachine: Got invalid event Event$Init for state NotAuthenticated.
07-08 16:15:18.358 25675 25675 D GeckoNetworkManager: Incoming event receivedUpdate for state OnNoListeners -> OnNoListeners
07-08 16:15:18.360 25675 25675 D GeckoNetworkManager: New network state: UP, WIFI, WIFI
07-08 16:15:18.360 25675 25705 W ResourceType: Too many attribute references, stopped at: 0x01010099
07-08 16:15:18.360  1456  2918 I WifiService: getDhcpInfo uid=11497
07-08 16:15:18.383  1456  1673 I WindowManager: Failed to capture screenshot of Token{90c68ed ActivityRecord{bf39b04 u0 org.mozilla.fennec_aurora/org.mozilla.fenix.HomeActivity t95301}} appWin=Window{22a3088 u0 Splash Screen org.mozilla.fennec_aurora} drawState=4
07-08 16:15:18.392 25675 25675 D MigrationPushRenewer: Migration state: NONE
07-08 16:15:18.392 25675 25675 D MigrationTelemetryListener: Migration state: NONE
07-08 16:15:18.394 25675 25675 D GeckoNetworkManager: Incoming event enableNotifications for state OnNoListeners -> OnWithListeners
07-08 16:15:18.396 25675 25675 D GeckoNetworkManager: New network state: UP, WIFI, WIFI
07-08 16:15:18.406   808   808 I SFPerfTracer:      triggers: (rate: 118:2548560) (compose: 0:9) (post: 0:22) (render: 0:22) (46:14681689 frames) (47:18424773)
07-08 16:15:18.406 25675 25835 I libglean_ffi: glean_core::upload: New upload task with id 07acadfe-a9cb-463f-a053-89ef452087e3 (path: /submit/org-mozilla-fennec-aurora/baseline/1/07acadfe-a9cb-463f-a053-89ef452087e3)
07-08 16:15:18.407   808   808 D SFPerfTracer:        layers: (2:9) (NavigationBar#0 (0xb07df000): 0:1338683)* (StatusBar#0 (0xb07e3000): 0:3198237) (com.android.systemui.ImageWallpaper#0 (0xb07e7000): 0:123833) (Sprite#0 (0xb0733000): 0:317)* (DimLayerController/Stack=0#0 (0xb075a000): 0:4189)* (Sprite#1 (0xb077c000): 0:195)* (Sprite#2 (0xb039b000): 0:4)* (Splash Screen org.mozilla.fennec_aurora#0 (0xb0763000): 0:6)- (Splash Screen org.mozilla.fennec_aurora#0 (0xb0763000): 2:5)* 
07-08 16:15:18.408 25675 25675 W LOTTIE  : Animation contains merge paths but they are disabled.
07-08 16:15:18.410 25675 25835 D glean/ConceptFetchHttpUploader: Submitting ping to: https://incoming.telemetry.mozilla.org/submit/org-mozilla-fennec-aurora/baseline/1/07acadfe-a9cb-463f-a053-89ef452087e3
07-08 16:15:18.413 25675 25705 W GeckoEventDispatcher: No listener for GeckoView:AccessibilityEnabled
07-08 16:15:18.427 25675 25675 D GeckoNetworkManager: Incoming event receivedUpdate for state OnWithListeners -> OnWithListeners
07-08 16:15:18.428 25675 25675 D GeckoNetworkManager: New network state: UP, WIFI, WIFI
07-08 16:15:18.730 25675 25745 D ServiceAllocator: org.mozilla.gecko.process.GeckoChildProcessServices$tab0 updateBindings: FOREGROUND priority, 0 importance, 1 successful binds, 0 failed binds, 0 successful unbinds
07-08 16:15:18.739 25757 25778 D GeckoThread: State changed to MOZGLUE_READY
07-08 16:15:18.747 25757 25778 W Settings: Setting animator_duration_scale has moved from android.provider.Settings.System to android.provider.Settings.Global, returning read-only global URI.
07-08 16:15:18.750 25757 25778 E GeckoLibLoad: Load sqlite start
07-08 16:15:18.752 25757 25778 E GeckoLibLoad: Load sqlite done
07-08 16:15:18.752 25757 25778 E GeckoLibLoad: Load nss start
07-08 16:15:18.752 25757 25778 E GeckoLibLoad: Load nss done
07-08 16:15:18.762 25675 25705 W VideoCapabilities: Unrecognized profile 2130706433 for video/avc
07-08 16:15:18.762 25675 25705 W VideoCapabilities: Unrecognized profile 2130706434 for video/avc
07-08 16:15:18.765 25675 25705 W VideoCapabilities: Unrecognized profile 2130706433 for video/avc
07-08 16:15:18.765 25675 25705 W VideoCapabilities: Unrecognized profile 2130706434 for video/avc
07-08 16:15:18.769 25757 25778 E GeckoLibLoad: Loaded libs in 16.912293ms total, 3ms(10ms) user, 9ms(10ms) system, 0(0) faults
07-08 16:15:18.769 25757 25778 D GeckoThread: State changed to LIBS_READY
07-08 16:15:18.770 25757 25778 W GeckoThread: zerdatime 26767424843 - runGecko
07-08 16:15:18.787 25675 25705 W VideoCapabilities: Unrecognized profile 2130706433 for video/avc
07-08 16:15:18.787 25675 25705 W VideoCapabilities: Unrecognized profile 2130706434 for video/avc
07-08 16:15:18.794 25675 25705 I VideoCapabilities: Unsupported profile 4 for video/mp4v-es
