01-20 21:48:33.752 15951 15991 E GeckoLibLoad: Loaded libs in 35.316461ms total, 26ms(80ms) user, 6ms(13ms) system, 0(0) faults
01-20 21:48:33.753 15951 15991 D GeckoThread: State changed to LIBS_READY
01-20 21:48:33.753 15951 15991 W GeckoThread: zerdatime 12103002427 - runGecko
01-20 21:48:33.757 15951 15991 D GeckoProfile: Loading profile at: null name: default
01-20 21:48:33.758 15951 15991 D GeckoProfile: Found profile dir: /data/user/0/org.mozilla.fenix.nightly/files/mozilla/toin8z5v.default
01-20 21:48:33.769  1456  5027 I ActivityManager: Start proc 15996:org.mozilla.fenix.nightly:tab/u0a767 for service org.mozilla.fenix.nightly/org.mozilla.gecko.process.GeckoServiceChildProcess$tab
01-20 21:48:33.782 15951 15951 W [WARNING][Leanplum]: [com.leanplum.internal.ActionManager::getLocationManager::8]: Geofencing support requires leanplum-location module and Google Play Services v8.1 and higher.
01-20 21:48:33.782 15951 15951 W [WARNING][Leanplum]: Add this to your build.gradle file:
01-20 21:48:33.782 15951 15951 W [WARNING][Leanplum]: implementation 'com.google.android.gms:play-services-location:8.3.0+'
01-20 21:48:33.782 15951 15951 W [WARNING][Leanplum]: implementation 'com.leanplum:leanplum-location:+'
01-20 21:48:33.800 15951 15951 I [INFO][Leanplum]: [com.leanplum.monitoring.ExceptionHandler::setContext::6]: LeanplumExceptionHandler could not initialize Exception Reporting.This is expected if you have not included the leanplum-monitoring module
01-20 21:48:33.823 15951 15951 I FirefoxAccountStateMachine: Enabling/updating sync with a new SyncConfig: SyncConfig(supportedEngines=[mozilla.components.service.fxa.SyncEngine$History@1d37a3a, mozilla.components.service.fxa.SyncEngine$Bookmarks@924e6eb, mozilla.components.service.fxa.SyncEngine$Passwords@7d41c48], syncPeriodInMinutes=240)
01-20 21:48:33.826 15951 15951 I BgSyncManager: Periodic syncing enabled at a 240 interval
01-20 21:48:33.826 15951 15951 I FirefoxAccountStateMachine: Sync is enabled
01-20 21:48:33.827 15951 15951 D PushConfig: Creating push configuration for autopush.
01-20 21:48:33.832 15951 16019 D AutoPushFeature: Initializing native component with the cached token.
01-20 21:48:33.836 15951 16019 D RustNativeSupport: findMegazordLibraryName(push, 0.48.2
01-20 21:48:33.836 15951 16019 D RustNativeSupport: lib in use: none
01-20 21:48:33.836 15951 16019 D RustNativeSupport: lib configured: fenix
01-20 21:48:33.836 15951 16019 D RustNativeSupport: lib version configured: 0.48.2
01-20 21:48:33.836 15951 16019 D RustNativeSupport: settled on fenix
01-20 21:48:33.838 15951 16021 I FirefoxAccountStateMachine: Processing event Event$Init for state Start. Next state is Start
01-20 21:48:33.838 15951 15951 I App     : AutoPushFeature is configured, initializing it...
01-20 21:48:33.838 15951 15951 I AutoPushFeature: Checking validity of push subscriptions.
01-20 21:48:33.851 15951 16021 I FirefoxAccountStateMachine: Ran 'Event$Init' side-effects for state Start, got successive event Event$AccountNotFound
01-20 21:48:33.851 15951 16021 I FirefoxAccountStateMachine: Processing event Event$AccountNotFound for state Start. Next state is NotAuthenticated
01-20 21:48:33.854 15951 16021 D RustNativeSupport: findMegazordLibraryName(fxaclient, 0.48.2
01-20 21:48:33.854 15951 16021 D RustNativeSupport: lib in use: none
01-20 21:48:33.854 15951 16021 D RustNativeSupport: lib configured: fenix
01-20 21:48:33.854 15951 16021 D RustNativeSupport: lib version configured: 0.48.2
01-20 21:48:33.854 15951 16021 D RustNativeSupport: settled on fenix
01-20 21:48:33.857 15951 16021 D fxaclient_ffi: fxa_new
01-20 21:48:33.886 15951 15951 D PhoneWindow: Restoring navigation bar divider color to default value = 0x00000000
01-20 21:48:33.899 15996 15996 D GeckoThread: State changed to LAUNCHED
01-20 21:48:33.900 15996 16029 I GeckoThread: preparing to run Gecko
01-20 21:48:33.967 15951 15956 I zygote  : Do partial code cache collection, code=55KB, data=39KB
01-20 21:48:33.969 15951 15956 I zygote  : After code cache collection, code=53KB, data=38KB
01-20 21:48:33.969 15951 15956 I zygote  : Increasing code cache capacity to 256KB
01-20 21:48:34.086 15951 15951 D GeckoRuntime: Lifecycle: onStart
01-20 21:48:34.100 15951 15991 I Gecko:DumpUtils: Fifo watcher disabled via pref.
01-20 21:48:34.121 15951 16011 D NetworkSecurityConfig: No Network Security Config specified, using platform default
01-20 21:48:34.121 15951 15951 D GeckoRuntime: Lifecycle: onResume
01-20 21:48:34.122 15951 16021 W FirefoxAccountStateMachine: Got invalid event Event$Init for state NotAuthenticated.
01-20 21:48:34.123 15951 15951 D GeckoNetworkManager: Incoming event start for state OffNoListeners -> OnNoListeners
01-20 21:48:34.126 15951 15951 D GeckoNetworkManager: New network state: UP, WIFI, WIFI
01-20 21:48:34.161 15951 15991 D GeckoSysInfo: System memory: 1867MB.
01-20 21:48:34.164 15951 16052 D OpenGLRenderer: HWUI GL Pipeline
01-20 21:48:34.164 15951 15991 D GeckoThread: State changed to JNI_READY
01-20 21:48:34.177 15951 16063 D glean/PingUploadWorker: Processing persisted pings at /data/user/0/org.mozilla.fenix.nightly/glean_data/deletion_request
01-20 21:48:34.178 15951 15951 I glean/Glean: Registering pings for org.mozilla.fenix.GleanMetrics.Pings
01-20 21:48:34.180 15951 15972 I WM-WorkerWrapper: Worker result SUCCESS for Work [ id=8b8df612-00de-4f07-8f5e-dc39993125a3, tags={ mozilla.telemetry.glean.scheduler.DeletionPingUploadWorker, mozac_service_glean_deletion_ping_upload_worker } ]
01-20 21:48:34.200 15951 15951 D App     : ActivationPing - already generated
01-20 21:48:34.204 15951 15951 D GeckoNetworkManager: Incoming event receivedUpdate for state OnNoListeners -> OnNoListeners
01-20 21:48:34.207 15951 15951 D GeckoNetworkManager: New network state: UP, WIFI, WIFI
01-20 21:48:34.208  1456  2920 I WifiService: getDhcpInfo uid=10767
01-20 21:48:34.382 15951 16052 I Adreno  : QUALCOMM build                   : bb5b86c, I77d3059488
01-20 21:48:34.382 15951 16052 I Adreno  : Build Date                       : 06/07/18
01-20 21:48:34.382 15951 16052 I Adreno  : OpenGL ES Shader Compiler Version: EV031.22.00.01_06
01-20 21:48:34.382 15951 16052 I Adreno  : Local Branch                     : 
01-20 21:48:34.382 15951 16052 I Adreno  : Remote Branch                    : refs/tags/AU_LINUX_ANDROID_LA.UM.6.5.R1.08.01.00.312.086
01-20 21:48:34.382 15951 16052 I Adreno  : Remote Branch                    : NONE
01-20 21:48:34.382 15951 16052 I Adreno  : Reconstruct Branch               : NOTHING
01-20 21:48:34.384 15951 16052 D vndksupport: Loading /vendor/lib/hw/gralloc.msm8937.so from current namespace instead of sphal namespace.
01-20 21:48:34.396 15951 16052 I Adreno  : PFP: 0x005ff087, ME: 0x005ff063
01-20 21:48:34.408 15951 16052 I zygote  : android::hardware::configstore::V1_0::ISurfaceFlingerConfigs::hasWideColorDisplay retrieved: 0
01-20 21:48:34.409 15951 16052 I OpenGLRenderer: Initialized EGL, version 1.4
01-20 21:48:34.410 15951 16052 D OpenGLRenderer: Swap behavior 2
01-20 21:48:34.428  1456  2067 D ConnectivityService: releasing NetworkRequest [ TRACK_DEFAULT id=20357, [ Capabilities: INTERNET&NOT_RESTRICTED&TRUSTED&NOT_VPN] ] (release request)
01-20 21:48:34.444 15951 15956 I zygote  : Do full code cache collection, code=126KB, data=103KB
01-20 21:48:34.447 15951 15956 I zygote  : After code cache collection, code=98KB, data=52KB
01-20 21:48:34.458 15951 16052 D vndksupport: Loading /vendor/lib/hw/android.hardware.graphics.mapper@2.0-impl.so from current namespace instead of sphal namespace.
01-20 21:48:34.459 15951 16052 D vndksupport: Loading /vendor/lib/hw/gralloc.msm8937.so from current namespace instead of sphal namespace.
01-20 21:48:34.478  1456  1673 I LaunchCheckinHandler: Displayed org.mozilla.fenix.nightly/org.mozilla.fenix.HomeActivity,cp,ca,1204
01-20 21:48:34.478  1456  1673 I ActivityManager: Displayed org.mozilla.fenix.nightly/org.mozilla.fenix.HomeActivity: +1s199ms
01-20 21:48:34.503 13959 13959 I Finsky  : [2] pze.onTrimMemory(1): Memory trim requested to level 80
01-20 21:48:34.513 26094 26094 I MemoryTrimmer: Trimming objects from memory, since app is in the background.
01-20 21:48:34.521 26094 26094 I MemoryTrimmer: Trimming objects from memory, since app is in the background.
01-20 21:48:34.525 26094  7497 I PBSessionCacheImpl: Deleted sessionId[114764204860354839] from persistence.
01-20 21:48:34.528  1456 10962 I WifiService: getWifiEnabledState uid=10073
01-20 21:48:34.536 26094 26271 W SearchServiceCore: Abort, client detached.
01-20 21:48:34.703 15951 15991 I Gecko   : 1579574914700	addons.xpi	WARN	List of valid built-in add-ons could not be parsed.: [Exception... "Component returned failure code: 0x80520012 (NS_ERROR_FILE_NOT_FOUND) [nsIXPCComponents_Utils.readUTF8URI]"  nsresult: "0x80520012 (NS_ERROR_FILE_NOT_FOUND)"  location: "JS frame :: resource://gre/modules/addons/XPIProvider.jsm :: startup :: line 2366"  data: no] Stack trace: startup()@resource://gre/modules/addons/XPIProvider.jsm:2366
01-20 21:48:34.703 15951 15991 I Gecko   : callProvider()@resource://gre/modules/AddonManager.jsm:215
01-20 21:48:34.703 15951 15991 I Gecko   : _startProvider()@resource://gre/modules/AddonManager.jsm:586
01-20 21:48:34.703 15951 15991 I Gecko   : startup()@resource://gre/modules/AddonManager.jsm:810
01-20 21:48:34.703 15951 15991 I Gecko   : startup()@resource://gre/modules/AddonManager.jsm:3474
01-20 21:48:34.703 15951 15991 I Gecko   : observe()@resource://gre/modules/addonManager.js:87
01-20 21:48:34.866 15951 15991 D GeckoThread: State changed to PROFILE_READY
01-20 21:48:34.952 15951 15991 D GeckoThread: State changed to RUNNING
01-20 21:48:34.968 15951 15991 W GeckoEventDispatcher: No listener for AndroidCastDevice:SyncDevice
01-20 21:48:34.974 15951 15991 I Gecko   : -*- nsDNSServiceDiscovery.js : nsDNSServiceDiscovery
01-20 21:48:35.078 15951 15991 W ResourceType: Too many attribute references, stopped at: 0x01010099
01-20 21:48:35.125 15951 15991 I Gecko   : Attempting load of libEGL.so
01-20 21:48:35.329 15951 15951 D GeckoNetworkManager: Incoming event enableNotifications for state OnNoListeners -> OnWithListeners
01-20 21:48:35.330 15951 15951 D GeckoNetworkManager: New network state: UP, WIFI, WIFI
01-20 21:48:35.331 15951 15951 D GeckoNetworkManager: Incoming event receivedUpdate for state OnWithListeners -> OnWithListeners
01-20 21:48:35.332 15951 15951 D GeckoNetworkManager: New network state: UP, WIFI, WIFI
01-20 21:48:35.334 15951 15991 W GeckoLinker: /data/app/org.mozilla.fenix.nightly-EoTA66cGegc2S7CuZSsJwA==/lib/arm/libsoftokn3.so: unhandled flags #8 not handled
01-20 21:48:35.335 15951 15991 W GeckoLinker: /data/app/org.mozilla.fenix.nightly-EoTA66cGegc2S7CuZSsJwA==/lib/arm/libsoftokn3.so: Relocation to NULL @0x00027ffc for symbol "__cxa_type_match"
01-20 21:48:35.336 15951 15991 W GeckoLinker: /data/app/org.mozilla.fenix.nightly-EoTA66cGegc2S7CuZSsJwA==/lib/arm/libfreebl3.so: unhandled flags #8 not handled
01-20 21:48:35.337 15951 15991 W GeckoLinker: /data/app/org.mozilla.fenix.nightly-EoTA66cGegc2S7CuZSsJwA==/lib/arm/libfreebl3.so: Relocation to NULL @0x00041ffc for symbol "__cxa_type_match"
01-20 21:48:35.372 15951 16119 W GeckoLinker: /data/app/org.mozilla.fenix.nightly-EoTA66cGegc2S7CuZSsJwA==/lib/arm/libnssckbi.so: unhandled flags #8 not handled
01-20 21:48:35.373 15951 16119 W GeckoLinker: /data/app/org.mozilla.fenix.nightly-EoTA66cGegc2S7CuZSsJwA==/lib/arm/libnssckbi.so: Relocation to NULL @0x00052ffc for symbol "__cxa_type_match"
01-20 21:48:35.512 15951 15991 W ResourceType: Too many attribute references, stopped at: 0x01010099
01-20 21:48:35.971 15951 15951 D App     : Installed browser-icons extension
01-20 21:48:36.230 15951 15951 D mozac-webcompat: Installed WebCompat webextension: webcompat@mozilla.com
01-20 21:48:38.777  1456  1600 W ResourceType: No known package when getting value for resource number 0x7f0801aa
01-20 21:48:38.777  1456  1600 W ResourceType: No known package when getting value for resource number 0x7f120103
01-20 21:48:38.777  1456  1600 W ResourceType: No known package when getting value for resource number 0x7f120103
01-20 21:48:38.778  1456  1600 W ResourceType: No known package when getting value for resource number 0x7f0801a8
01-20 21:48:38.778  1456  1600 W ResourceType: No known package when getting value for resource number 0x7f120102
01-20 21:48:38.778  1456  1600 W ResourceType: No known package when getting value for resource number 0x7f120102
01-20 21:48:38.779  2360  2360 D MayaFrameworkProxyService: receive intent :Intent { act=android.intent.action.PACKAGE_CHANGED dat=package:org.mozilla.fenix.nightly flg=0x45000010 (has extras) }
01-20 21:48:38.798  1456  1456 W ResourceType: ResTable_typeSpec entry count inconsistent: given 665, previously 671
01-20 21:48:38.798  1456  1456 W ResourceType: ResTable_typeSpec entry count inconsistent: given 394, previously 1458
01-20 21:48:38.798  1456  1456 W ResourceType: ResTable_typeSpec entry count inconsistent: given 217, previously 1293
01-20 21:48:38.800  1456  1942 I InputReader: Reconfiguring input devices.  changes=0x00000010
01-20 21:48:38.885  2398  2398 D ImsResolver: maybeAddedImsService, packageName: org.mozilla.fenix.nightly
01-20 21:48:38.887  2398  2398 D CarrierSvcBindHelper: No carrier app for: 0
01-20 21:48:38.888  2398  2398 D CarrierSvcBindHelper: No carrier app for: 1
01-20 21:48:38.895  2398  2398 E VvmPkgInstalledRcvr: cannot create TelephonyManager from ComponentInfo{com.android.phone/com.android.services.telephony.TelephonyConnectionService}, [****], UserHandle{0}
01-20 21:48:38.898  1456  1456 W ResourceType: Found multiple library tables, ignoring...
01-20 21:48:38.917 16143 16143 D AndroidRuntime: >>>>>> START com.android.internal.os.RuntimeInit uid 2000 <<<<<<
01-20 21:48:38.930  1456  1600 W ResourceType: ResTable_typeSpec entry count inconsistent: given 29, previously 35
01-20 21:48:38.930 16143 16143 W app_process: Could not reserve sentinel fault page
01-20 21:48:38.932  1456  1600 W ResourceType: ResTable_typeSpec entry count inconsistent: given 2184, previously 2181
01-20 21:48:38.932  1456  1600 W ResourceType: ResTable_typeSpec entry count inconsistent: given 272, previously 1525
01-20 21:48:38.943  1456  1456 I TelecomService: DefaultDialerCache: Refreshing default dialer for user 0: now com.android.dialer: DDC.oR@tnI
01-20 21:48:38.944  1456  1600 W SearchableInfo: Invalid searchable metadata for com.google.android.gms/.nearby.sharing.ContactSelectActivity: Search label must be a resource reference.
01-20 21:48:38.963 20319 28950 I Icing   : Indexing com.google.android.gms-internal.3p:MobileApplication from com.google.android.gms using seqno 2511
01-20 21:48:38.967 20319 28950 I Icing   : Indexing com.google.android.gms-internal.3p:MobileApplication from com.google.android.gms using seqno 2511
01-20 21:48:39.097 16143 16143 I app_process: The ClassLoaderContext is a special shared library.
01-20 21:48:39.163 16143 16143 D AndroidRuntime: Calling main entry com.android.commands.input.Input
01-20 21:48:39.164 16143 16143 I Input   : injectKeyEvent: KeyEvent { action=ACTION_DOWN, keyCode=KEYCODE_HOME, scanCode=0, metaState=0, flags=0x0, repeatCount=0, eventTime=12022147891, downTime=12022147891, deviceId=-1, source=0x101 }
01-20 21:48:39.174 16143 16143 I Input   : injectKeyEvent: KeyEvent { action=ACTION_UP, keyCode=KEYCODE_HOME, scanCode=0, metaState=0, flags=0x0, repeatCount=0, eventTime=12022147891, downTime=12022147891, deviceId=-1, source=0x101 }
01-20 21:48:39.181  1456  1941 I ActivityManager: START u0 {act=android.intent.action.MAIN cat=[android.intent.category.HOME] flg=0x10200000 cmp=com.android.launcher3/.CustomizationPanelLauncher (has extras)} from uid 1000
01-20 21:48:39.181   794   839 E ANDR-PERF-RESOURCEQS: Failed to apply optimization [4, 0]
01-20 21:48:39.192  1456  1941 I ActivityManager: moveHomeStack, setupComplete:true
01-20 21:48:39.195 16143 16143 D AndroidRuntime: Shutting down VM
01-20 21:48:39.211 26094 26219 I Adreno  : QUALCOMM build                   : bb5b86c, I77d3059488
01-20 21:48:39.211 26094 26219 I Adreno  : Build Date                       : 06/07/18
01-20 21:48:39.211 26094 26219 I Adreno  : OpenGL ES Shader Compiler Version: EV031.22.00.01_06
01-20 21:48:39.211 26094 26219 I Adreno  : Local Branch                     : 
01-20 21:48:39.211 26094 26219 I Adreno  : Remote Branch                    : refs/tags/AU_LINUX_ANDROID_LA.UM.6.5.R1.08.01.00.312.086
01-20 21:48:39.211 26094 26219 I Adreno  : Remote Branch                    : NONE
01-20 21:48:39.211 26094 26219 I Adreno  : Reconstruct Branch               : NOTHING
01-20 21:48:39.213 26094 26219 D vndksupport: Loading /vendor/lib/hw/gralloc.msm8937.so from current namespace instead of sphal namespace.
01-20 21:48:39.216 26094 26219 I Adreno  : PFP: 0x005ff087, ME: 0x005ff063
01-20 21:48:39.220 13959 13959 I Finsky  : [2] pze.onTrimMemory(1): Memory trim requested to level 80
01-20 21:48:39.222 26094 26219 I zygote  : android::hardware::configstore::V1_0::ISurfaceFlingerConfigs::hasWideColorDisplay retrieved: 0
01-20 21:48:39.223 26094 26219 I OpenGLRenderer: Initialized EGL, version 1.4
01-20 21:48:39.223  2748  2748 D Launcher.Utilities: Wakeup weather: Intent { act=com.motorola.launcher3.action.WAKEUP_WEATHER cmp=com.motorola.timeweatherwidget/com.motorola.commandcenter.weather.WakeUpService }
01-20 21:48:39.223 26094 26219 D OpenGLRenderer: Swap behavior 2
01-20 21:48:39.236  1456  1456 I NotificationService: Cannot find enqueued record for key: 0|com.motorola.timeweatherwidget|1|null|10116
01-20 21:48:39.241   808   808 D SurfaceFlinger: duplicate layer name: changing com.android.launcher3/com.android.launcher3.CustomizationPanelLauncher to com.android.launcher3/com.android.launcher3.CustomizationPanelLauncher#1
01-20 21:48:39.253 26094 26200 W ThreadPoolDumper: Queue length for executor EventBus is now 11. Perhaps some tasks are too long, or the pool is too small.
01-20 21:48:39.257  1456  2204 I WifiService: getWifiEnabledState uid=10073
01-20 21:48:39.266  1456  5027 I WifiService: getWifiEnabledState uid=10073
01-20 21:48:39.298 26094 26271 I MicroDetectionState: Should stop hotword detection immediately - false
01-20 21:48:39.303 26094 26271 I MicroDetectionWorker: #startMicroDetector [speakerMode: 0]
01-20 21:48:39.305 26094 26271 I AudioController: Created new AudioSource
01-20 21:48:39.310  1456  1673 I LaunchCheckinHandler: Displayed com.android.launcher3/.CustomizationPanelLauncher,wp,wa,129
01-20 21:48:39.313 26094 26228 I MicroDataManager: isInitializedWithLatestParams-true
01-20 21:48:39.314 26094 26228 I MicroDataManager: isInitializing-false locale not changed-true model not changed-true
01-20 21:48:39.315 26094 26228 I MicroDataManager: Already initialized, obtaining the hotword data immediately.
01-20 21:48:39.323 26094 26315 I MicroRecognitionRunner: Starting detection.
01-20 21:48:39.324 26094 26315 I InputStreamUtils: Using micInputStream
01-20 21:48:39.325 26094  7691 I MicrophoneInputStream: mic_starting  SR : 16000 CC : 16 SO : 1999
01-20 21:48:39.328   788  1401 V msm8974_platform: platform_check_input_mask: enter check_input_mask source 6 mask 10
01-20 21:48:39.330  1012 16170 I AudioFlinger: AudioFlinger's thread 0xb24839c0 tid=16170 ready to run
01-20 21:48:39.335   788  1401 D audio_hw_primary: in_set_parameters: enter: kvpairs=input_source=6;routing=-2147483644
01-20 21:48:39.336  1012  1302 D APM_AudioPolicyManager: AudioPolicyManager::startInput() input 97342, session 97409, source = 1999
01-20 21:48:39.336 26094  7691 I MicrophoneInputStream: mic_started  SR : 16000 CC : 16 SO : 1999
01-20 21:48:39.338   788 16171 V msm8974_platform: platform_update_usecase_from_source: input source :6
01-20 21:48:39.338   788 16171 V msm8974_platform: platform_check_input_mask: enter check_input_mask source 6 mask 10
01-20 21:48:39.338   788 16171 V msm8974_platform: platform_get_input_snd_device: enter: out_device(0) in_device(0x4) channel_count (1) channel_mask (0x10)
01-20 21:48:39.338   788 16171 V msm8974_platform: platform_get_input_snd_device: exit: in_snd_device(voice-rec-mic)
01-20 21:48:39.338   788 16171 V msm8974_platform: platform_get_backend_index:napb: backend port - 5 device - 120 
01-20 21:48:39.338   788 16171 V msm8974_platform: platform_check_and_set_capture_backend_cfg:txbecf: afe: bitwidth 0, samplerate 0, channel 1, backend_idx 5 usecase = 9 device (voice-rec-mic)
01-20 21:48:39.338   788 16171 V msm8974_platform: platform_check_capture_backend_cfg:txbecf: afe: Codec selected backend: 5 current bit width: 0 and sample rate: 0, channels 1
01-20 21:48:39.338   788 16171 V msm8974_platform: platform_check_capture_backend_cfg:txbecf: afe: Codec selected backend: 5 updated bit width: 0 and sample rate: 0
01-20 21:48:39.338   788 16171 I msm8974_platform: platform_check_capture_backend_cfg:txbecf: afe: Codec backend needs to be updated. new bit width: 0 new sample rate: 0 new channel: 1
01-20 21:48:39.338   788 16171 V msm8974_platform: platform_get_backend_index:napb: backend port - 5 device - 120 
01-20 21:48:39.338   788 16171 V msm8974_platform: platform_set_backend_cfg:becf: afe: bitwidth 0, samplerate 0 channels 1, backend_idx 5 device (voice-rec-mic)
01-20 21:48:39.339   788 16171 E msm8974_platform: platform_set_backend_cfg:becf: afe: Could not get ctl for mixer command - SLIM_0_TX Format
01-20 21:48:39.339   788 16171 V msm8974_platform: platform_send_audio_calibration: sending audio calibration for snd_device(120) acdb_id(62)
01-20 21:48:39.339   788 16171 D ACDB-LOADER: ACDB -> send_audio_cal, acdb_id = 62, path = 1, app id = 0x11130, sample rate = 48000
01-20 21:48:39.339   788 16171 D ACDB-LOADER: ACDB -> send_asm_topology
01-20 21:48:39.339   788 16171 D ACDB-LOADER: ACDB -> ACDB_CMD_GET_AUDPROC_STREAM_TOPOLOGY_ID
01-20 21:48:39.339   788 16171 D ACDB-LOADER: ACDB -> send_adm_topology
01-20 21:48:39.339   788 16171 D ACDB-LOADER: ACDB -> ACDB_CMD_GET_AUDPROC_COMMON_TOPOLOGY_ID
01-20 21:48:39.339   788 16171 D ACDB-LOADER: ACDB -> send_audtable
01-20 21:48:39.339   788 16171 D ACDB-LOADER: ACDB -> ACDB_CMD_GET_AUDPROC_COMMON_TABLE_SIZE
01-20 21:48:39.339   788 16171 D ACDB-LOADER: ACDB -> ACDB_CMD_GET_AUDPROC_COMMON_TABLE
01-20 21:48:39.339   788 16171 D ACDB-LOADER: ACDB -> AUDIO_SET_AUDPROC_CAL
01-20 21:48:39.339   788 16171 D ACDB-LOADER: ACDB -> send_audvoltable
01-20 21:48:39.340   788 16171 D ACDB-LOADER: ACDB -> ACDB_CMD_GET_AUDPROC_VOL_STEP_TABLE_SIZE
01-20 21:48:39.340   788 16171 D ACDB-LOADER: ACDB -> ACDB_CMD_GET_AUDPROC_GAIN_DEP_STEP_TABLE, vol index 0
01-20 21:48:39.340   788 16171 D         : Failed to fetch the lookup information of the device 0000003E 
01-20 21:48:39.340   788 16171 D ACDB-LOADER: ACDB -> AUDIO_SET_VOL_CAL cal type = 12
01-20 21:48:39.340   788 16171 D ACDB-LOADER: ACDB -> ACDB_CMD_GET_AUDPROC_STREAM_TABLE_SIZE
01-20 21:48:39.340   788 16171 D ACDB-LOADER: ACDB -> send_audstrmtable
01-20 21:48:39.340   788 16171 D ACDB-LOADER: ACDB -> ACDB_CMD_GET_AUDPROC_STREAM_TABLE_V2
01-20 21:48:39.340   788 16171 D ACDB-LOADER: ACDB -> audstrm_cal->cal_type.cal_data.cal_size = 456
01-20 21:48:39.340   788 16171 D ACDB-LOADER: ACDB -> send_afe_topology
01-20 21:48:39.340   788 16171 D ACDB-LOADER: ACDB -> ACDB_CMD_GET_AFE_TOPOLOGY_ID
01-20 21:48:39.340   788 16171 D ACDB-LOADER: ACDB -> GET_AFE_TOPOLOGY_ID for adcd_id 62, Topology Id 112fb
01-20 21:48:39.340   788 16171 D ACDB-LOADER: ACDB -> send_afe_cal
01-20 21:48:39.340   788 16171 D ACDB-LOADER: ACDB -> ACDB_CMD_GET_AFE_COMMON_TABLE_SIZE
01-20 21:48:39.340   788 16171 D         : Failed to fetch the lookup information of the device 0000003E 
01-20 21:48:39.340   788 16171 E ACDB-LOADER: Error: ACDB_CMD_GET_AFE_COMMON_TABLE_SIZE Returned = -19
01-20 21:48:39.340   788 16171 D ACDB-LOADER: ACDB -> ACDB_CMD_GET_AFE_COMMON_TABLE
01-20 21:48:39.340   788 16171 D         : Failed to fetch the lookup information of the device 0000003E 
01-20 21:48:39.340   788 16171 D ACDB-LOADER: ACDB -> AUDIO_SET_AFE_CAL
01-20 21:48:39.340   788 16171 D ACDB-LOADER: ACDB -> send_hw_delay : acdb_id = 62 path = 1
01-20 21:48:39.340   788 16171 D ACDB-LOADER: ACDB -> ACDB_AVSYNC_INFO: ACDB_CMD_GET_DEVICE_PROPERTY
01-20 21:48:39.340   788 16171 D audio_hw_primary: enable_snd_device: snd_device(120: voice-rec-mic)
01-20 21:48:39.340   788 16171 D audio_route: Apply path: voice-rec-mic
01-20 21:48:39.344   788 16171 V msm8974_platform: platform_get_snd_device_backend_index: enter with device 120
01-20 21:48:39.344   788 16171 E msm8974_platform: platform_get_snd_device_backend_index: BE DAI Name Table is not present
01-20 21:48:39.344   788 16171 V msm8974_platform: platform_get_backend_index:napb: backend port - 5 device - 120 
01-20 21:48:39.344   788 16171 I audio_hw_utils: Set Audio Stream Capture 0 App Type Cfg: app_type 69936, acdb_dev_id 62, sample_rate 48000, snd_device_be_idx -14
01-20 21:48:39.344   788 16171 D audio_hw_primary: enable_audio_route: usecase(9) apply and update mixer path: audio-record
01-20 21:48:39.344   788 16171 D audio_route: Apply path: audio-record
01-20 21:48:39.414 26094 26271 I MicroDetectionWorker: onReady
01-20 21:48:39.712  1456  7796 I OpenGLRenderer: Initialized EGL, version 1.4
01-20 21:48:39.712  1456  7796 D OpenGLRenderer: Swap behavior 2
01-20 21:48:39.772  2748  2917 W OpenGLRenderer: Incorrectly called buildLayer on View: ShortcutAndWidgetContainer, destroying layer...
01-20 21:48:39.885 15951 15951 D GeckoRuntime: Lifecycle: onPause
01-20 21:48:39.885 15951 15951 D GeckoNetworkManager: Incoming event stop for state OnWithListeners -> OffWithListeners
01-20 21:48:39.886 15951 15951 I SessionStorage/AutoSave: Save: Background
01-20 21:48:39.888 15951 16034 D SessionStorage/AutoSave: Saved state to disk [0ms]
01-20 21:48:39.892 15951 15974 I libglean_ffi: glean_core::ping: Collecting baseline
01-20 21:48:39.897 15951 15974 D libglean_ffi: glean_core::ping: Storing ping '88496fd2-1805-4111-9275-0df3df509fce' at '/data/user/0/org.mozilla.fenix.nightly/glean_data/pending_pings/88496fd2-1805-4111-9275-0df3df509fce'
01-20 21:48:39.897 15951 15974 I libglean_ffi: glean_core: The ping 'baseline' was submitted and will be sent as soon as possible
01-20 21:48:39.897 15951 15974 I libglean_ffi: glean_core::ping: Collecting events
01-20 21:48:39.901 15951 15974 D libglean_ffi: glean_core::ping: Storing ping '3b27ac2b-6309-4958-8876-bc24e40bf0b2' at '/data/user/0/org.mozilla.fenix.nightly/glean_data/pending_pings/3b27ac2b-6309-4958-8876-bc24e40bf0b2'
01-20 21:48:39.901 15951 15974 I libglean_ffi: glean_core: The ping 'events' was submitted and will be sent as soon as possible
01-20 21:48:39.928  1456  2204 D ConnectivityService: requestNetwork for uid/pid:10767/15951 NetworkRequest [ TRACK_DEFAULT id=20358, [ Capabilities: INTERNET&NOT_RESTRICTED&TRUSTED&NOT_VPN] ]
01-20 21:48:39.930  1456  2099 D Ethernet: got request NetworkRequest [ TRACK_DEFAULT id=20358, [ Capabilities: INTERNET&NOT_RESTRICTED&TRUSTED&NOT_VPN] ] with score 60
01-20 21:48:39.930  1456  2054 D WIFI_UT : got request NetworkRequest [ TRACK_DEFAULT id=20358, [ Capabilities: INTERNET&NOT_RESTRICTED&TRUSTED&NOT_VPN] ] with score 60
01-20 21:48:39.930  1456  2054 D WIFI    : got request NetworkRequest [ TRACK_DEFAULT id=20358, [ Capabilities: INTERNET&NOT_RESTRICTED&TRUSTED&NOT_VPN] ] with score 60
01-20 21:48:39.930  2398  2398 D PhoneSwitcherNetworkRequstListener: got request NetworkRequest [ TRACK_DEFAULT id=20358, [ Capabilities: INTERNET&NOT_RESTRICTED&TRUSTED&NOT_VPN] ] with score 60
01-20 21:48:39.938 15951 16172 D glean/PingUploadWorker: Processing persisted pings at /data/user/0/org.mozilla.fenix.nightly/glean_data/pending_pings
01-20 21:48:39.939 15951 16172 D glean/PingUploadWorker: Processing ping: 88496fd2-1805-4111-9275-0df3df509fce
01-20 21:48:39.943 15951 16172 D glean/ConceptFetchHttpUploader: Submitting ping to: https://incoming.telemetry.mozilla.org/submit/org-mozilla-fenix-nightly/baseline/1/88496fd2-1805-4111-9275-0df3df509fce
01-20 21:48:39.963 20319 28950 I Icing   : Indexing com.google.android.gms-apps from com.google.android.gms
01-20 21:48:40.015 20319 28950 I Icing   : Indexing done com.google.android.gms-apps
01-20 21:48:40.271 15951 16172 D glean/ConceptFetchHttpUploader: Ping successfully sent (200)
01-20 21:48:40.271 15951 16172 D glean/PingUploadWorker: 88496fd2-1805-4111-9275-0df3df509fce was deleted: true
01-20 21:48:40.271 15951 16172 D glean/PingUploadWorker: Processing ping: 3b27ac2b-6309-4958-8876-bc24e40bf0b2
01-20 21:48:40.272 15951 16172 D glean/ConceptFetchHttpUploader: Submitting ping to: https://incoming.telemetry.mozilla.org/submit/org-mozilla-fenix-nightly/events/1/3b27ac2b-6309-4958-8876-bc24e40bf0b2
01-20 21:48:40.445 15951 16172 D glean/ConceptFetchHttpUploader: Ping successfully sent (200)
01-20 21:48:40.446 15951 16172 D glean/PingUploadWorker: 3b27ac2b-6309-4958-8876-bc24e40bf0b2 was deleted: true
01-20 21:48:40.447 15951 15981 I WM-WorkerWrapper: Worker result SUCCESS for Work [ id=5fa98066-2b76-44a7-81f6-c7b23b18a09b, tags={ mozilla.telemetry.glean.scheduler.PingUploadWorker, mozac_service_glean_ping_upload_worker } ]
01-20 21:48:40.450  1456  2067 D ConnectivityService: releasing NetworkRequest [ TRACK_DEFAULT id=20358, [ Capabilities: INTERNET&NOT_RESTRICTED&TRUSTED&NOT_VPN] ] (release request)
01-20 21:48:44.341  1456  5027 I ActivityManager: Force stopping org.mozilla.fenix.nightly appid=10767 user=0: from pid 16179
01-20 21:48:44.342  1456  5027 I ActivityManager: Killing 15951:org.mozilla.fenix.nightly/u0a767 (adj 700): stop org.mozilla.fenix.nightly
01-20 21:48:44.344  1456  1605 W zygote  : kill(-15951, 9) failed: No such process
01-20 21:48:44.348 15996 15996 I ServiceChildProcess: Service has been unbound. Stopping.
01-20 21:48:44.348  1456  5027 W ActivityManager: Force removing ActivityRecord{29b64c3 u0 org.mozilla.fenix.nightly/org.mozilla.fenix.HomeActivity t18878}: app died, no saved state
01-20 21:48:44.357  1456  1605 W zygote  : kill(-15951, 9) failed: No such process
01-20 21:48:44.358  1456  5027 I ActivityManager: Killing 15996:org.mozilla.fenix.nightly:tab/u0a767 (adj 0): stop org.mozilla.fenix.nightly
01-20 21:48:44.369  2398  2398 D CarrierSvcBindHelper: No carrier app for: 0
01-20 21:48:44.370  2398  2398 D CarrierSvcBindHelper: No carrier app for: 1
01-20 21:48:44.372  1456  1605 W zygote  : kill(-15951, 9) failed: No such process
01-20 21:48:44.412  1456  1673 W ActivityManager: setHasOverlayUi called on unknown pid: 15951
01-20 21:48:44.410  1456  1605 I chatty  : uid=1000(system) ActivityManager identical 3 lines
01-20 21:48:44.424  1456  1605 W zygote  : kill(-15951, 9) failed: No such process
01-20 21:48:44.424  1456  1605 I zygote  : Successfully killed process cgroup uid 10767 pid 15951 in 79ms
01-20 21:48:44.424  1456  1605 W zygote  : kill(-15996, 9) failed: No such process
01-20 21:48:44.424  1456  1605 I zygote  : Successfully killed process cgroup uid 10767 pid 15996 in 0ms
