03-02 22:08:19.952   788 10319 V msm8974_platform: platform_get_snd_device_backend_index: enter with device 120
03-02 22:08:19.952   788 10319 E msm8974_platform: platform_get_snd_device_backend_index: BE DAI Name Table is not present
03-02 22:08:19.952   788 10319 V msm8974_platform: platform_get_backend_index:napb: backend port - 5 device - 120 
03-02 22:08:19.952   788 10319 I audio_hw_utils: Set Audio Stream Capture 0 App Type Cfg: app_type 69936, acdb_dev_id 62, sample_rate 48000, snd_device_be_idx -14
03-02 22:08:19.952   788 10319 D audio_hw_primary: enable_audio_route: usecase(9) apply and update mixer path: audio-record
03-02 22:08:19.952   788 10319 D audio_route: Apply path: audio-record
03-02 22:08:20.022  3111  3156 I MicroDetectionWorker: onReady
03-02 22:08:20.122   808   808 I SFPerfTracer:      triggers: (rate: 57:1996165) (compose: 0:7) (post: 0:19) (render: 0:17) (11:8911827 frames) (12:10678473)
03-02 22:08:20.122   808   808 D SFPerfTracer:        layers: (5:13) (NavigationBar#0 (0xb07df000): 11:655640) (StatusBar#0 (0xb07e3000): 10:1724215) (com.android.systemui.ImageWallpaper#0 (0xb07e7000): 2:58091) (Sprite#0 (0xb0733000): 0:317)* (DimLayerController/Stack=0#0 (0xb075a000): 0:3734)* (Sprite#1 (0xb077c000): 0:195)* (org.mozilla.fennec_aurora/org.mozilla.fenix.HomeActivity#0 (0xb013a000): 0:46)- (com.android.launcher3/com.android.launcher3.CustomizationPanelLauncher#0 (0xb0763000): 0:40)- (com.android.launcher3/com.android.launcher3.CustomizationPanelLauncher#1 (0xb0771000): 0:10)- (Splash Screen org.mozilla.fennec_aurora#0 (0xb039b000): 0:31)- (org.mozilla.fennec_aurora/org.mozilla.fenix.HomeActivity#0 (0xb013a000): 12:37) (com.android.launcher3/com.android.launcher3.CustomizationPanelLauncher#0 (0xb0763000): 12:16)* (com.android.launcher3/com.android.launcher3.CustomizationPanelLauncher#1 (0xb0771000): 2:5) 
03-02 22:08:20.326  1456  7796 I OpenGLRenderer: Initialized EGL, version 1.4
03-02 22:08:20.326  1456  7796 D OpenGLRenderer: Swap behavior 2
03-02 22:08:20.370  2748  2917 W OpenGLRenderer: Incorrectly called buildLayer on View: ShortcutAndWidgetContainer, destroying layer...
03-02 22:08:20.480 10074 10299 I chatty  : uid=11062(org.mozilla.fennec_aurora) expire 1 line
03-02 22:08:20.482 10074 10103 I chatty  : uid=11062(org.mozilla.fennec_aurora) expire 6 lines
03-02 22:08:24.945  1456  7556 I ActivityManager: Force stopping org.mozilla.fennec_aurora appid=11062 user=0: from pid 10322
03-02 22:08:24.945  1456  7556 I ActivityManager: Killing 10074:org.mozilla.fennec_aurora/u0a1062 (adj 700): stop org.mozilla.fennec_aurora
03-02 22:08:24.948  1456  1605 W zygote  : kill(-10074, 9) failed: No such process
03-02 22:08:24.950  1456  7556 W ActivityManager: Force removing ActivityRecord{2649526 u0 org.mozilla.fennec_aurora/org.mozilla.fenix.HomeActivity t31340}: app died, no saved state
03-02 22:08:24.950 10155 10155 I chatty  : uid=11062(org.mozilla.fennec_aurora) expire 1 line
03-02 22:08:24.960  1456  7556 I ActivityManager: Killing 10183:org.mozilla.fennec_aurora:socket/u0a1062 (adj 0): stop org.mozilla.fennec_aurora
03-02 22:08:24.964  1456  7556 I ActivityManager: Killing 10155:org.mozilla.fennec_aurora:tab/u0a1062 (adj 0): stop org.mozilla.fennec_aurora
03-02 22:08:24.965  1456  1605 W zygote  : kill(-10074, 9) failed: No such process
03-02 22:08:24.976  2398  2398 D CarrierSvcBindHelper: No carrier app for: 0
03-02 22:08:24.977  2398  2398 D CarrierSvcBindHelper: No carrier app for: 1
03-02 22:08:24.979  1456  1605 W zygote  : kill(-10074, 9) failed: No such process
03-02 22:08:25.025  1456  1605 I chatty  : uid=1000(system) ActivityManager identical 6 lines
03-02 22:08:25.027  1456  5050 D ConnectivityService: ConnectivityService NetworkRequestInfo binderDied(NetworkRequest [ TRACK_DEFAULT id=29153, [ Capabilities: INTERNET&NOT_RESTRICTED&TRUSTED&NOT_VPN] ], android.os.BinderProxy@f6b0696)
03-02 22:08:25.027  1456  1673 W ActivityManager: setHasOverlayUi called on unknown pid: 10074
03-02 22:08:25.027  1456  2067 D ConnectivityService: releasing NetworkRequest [ TRACK_DEFAULT id=29153, [ Capabilities: INTERNET&NOT_RESTRICTED&TRUSTED&NOT_VPN] ] (release request)
03-02 22:08:25.039  1456  1605 W zygote  : kill(-10074, 9) failed: No such process
03-02 22:08:25.039  1456  1605 I zygote  : Successfully killed process cgroup uid 11062 pid 10074 in 90ms
03-02 22:08:25.039  1456  1605 W zygote  : kill(-10183, 9) failed: No such process
03-02 22:08:25.039  1456  1605 I zygote  : Successfully killed process cgroup uid 11062 pid 10183 in 0ms
03-02 22:08:25.039  1456  1605 W zygote  : kill(-10155, 9) failed: No such process
03-02 22:08:25.039  1456  1605 I zygote  : Successfully killed process cgroup uid 11062 pid 10155 in 0ms
03-02 22:08:25.075  1456  2916 I ActivityManager: START u0 {act=android.intent.action.MAIN cat=[android.intent.category.LAUNCHER] flg=0x10000000 cmp=org.mozilla.fennec_aurora/org.mozilla.fenix.HomeActivity} from uid 2000
03-02 22:08:25.075   794   839 E ANDR-PERF-RESOURCEQS: Failed to apply optimization [4, 0]
03-02 22:08:25.094  1456  7556 I ActivityManager: Start proc 10330:org.mozilla.fennec_aurora/u0a1062 for activity org.mozilla.fennec_aurora/org.mozilla.fenix.HomeActivity
03-02 22:08:25.097   808   898 I SFPerfTracer:      triggers: (rate: 0:1) (0 sw vsyncs) (0 skipped) (1:4814090 vsyncs) (3:10743116)
03-02 22:08:25.185  3111  3156 I MicroDetectionState: Should stop hotword detection immediately - false
03-02 22:08:25.186  3111  3156 I MicroDetector: Keeping mic open: false
03-02 22:08:25.186  3111  3149 E DeviceStateChecker: DeviceStateChecker cancelled
03-02 22:08:25.186  3111  3156 I RecognitionAudioControl: #shutdownAudio [requestId: -2627433774446556305, keepAudioOpen: false, forced: true]
03-02 22:08:25.186  3111  3156 I RecognitionAudioControl: #internalShutdownAudio [requestId: -2627433774446556305]
03-02 22:08:25.186  3111  3156 I RecognitionAudioControl: #internalShutdownAudio [keepAudioOpen: false, forced: true]
03-02 22:08:25.186  3111  3156 I RecognitionAudioControl: #actualShutdownAudio
03-02 22:08:25.186  3111  3156 I AudioController: #shutdown [requestId=-2627433774446556305]
03-02 22:08:25.187  3111  3151 I AudioController: internalShutdown
03-02 22:08:25.187  3111  3135 I MicroRecognitionRunner: Stopping hotword detection.
03-02 22:08:25.239 10330 10330 I chatty  : uid=11062(org.mozilla.fennec_aurora) expire 51 lines
03-02 22:08:25.242   788  1479 D audio_hw_primary: disable_audio_route: usecase(9) reset and update mixer path: audio-record
03-02 22:08:25.243   788  1479 D audio_hw_primary: disable_snd_device: snd_device(120: voice-rec-mic)
03-02 22:08:25.245  1012  1390 D APM_AudioPolicyManager: stopInput() input 176038, session 176145
03-02 22:08:25.246   788  1401 D audio_hw_primary: in_set_parameters: enter: kvpairs=routing=0
03-02 22:08:25.247  3111  3151 I MicrophoneInputStream: mic_close  SR : 16000 CC : 16 SO : 1999
03-02 22:08:25.248  3111  3151 E AudioSource: Stop listening is called on already closed AudioSource
03-02 22:08:25.251  3111  3219 I MicroRecognitionRunner: Detection finished
03-02 22:08:25.317 10330 10349 I chatty  : uid=11062(org.mozilla.fennec_aurora) expire 4 lines
03-02 22:08:25.349 10330 10357 I chatty  : uid=11062(org.mozilla.fennec_aurora) expire 12 lines
03-02 22:08:25.367 10330 10356 I chatty  : uid=11062(org.mozilla.fennec_aurora) expire 17 lines
03-02 22:08:25.404 10330 10363 I chatty  : uid=11062(org.mozilla.fennec_aurora) expire 30 lines
03-02 22:08:25.490 10330 10367 I chatty  : uid=11062(org.mozilla.fennec_aurora) expire 1 line
03-02 22:08:25.516 10330 10378 I chatty  : uid=11062(org.mozilla.fennec_aurora) expire 10 lines
03-02 22:08:25.589 10330 10335 I chatty  : uid=11062(org.mozilla.fennec_aurora) expire 8 lines
03-02 22:08:25.805 10330 10330 E ActivityThread: Failed to find provider info for org.mozilla.firefox.fxa.auth
03-02 22:08:25.805 10330 10330 E ActivityThread: Failed to find provider info for org.mozilla.firefox_beta.fxa.auth
03-02 22:08:25.806 10330 10330 E ActivityThread: Failed to find provider info for org.mozilla.fennec_aurora.fxa.auth
03-02 22:08:25.882 10330 10411 I chatty  : uid=11062(org.mozilla.fennec_aurora) expire 9 lines
03-02 22:08:25.887  1456  2196 I ActivityManager: Start proc 10412:org.mozilla.fennec_aurora:tab/u0a1062 for service org.mozilla.fennec_aurora/org.mozilla.gecko.process.GeckoChildProcessServices$tab
03-02 22:08:26.004 10412 10412 I chatty  : uid=11062(org.mozilla.fennec_aurora) com.google.android.gms.unstable expire 2 lines
03-02 22:08:26.005 10412 10440 I chatty  : uid=11062(org.mozilla.fennec_aurora) com.google.android.gms.unstable expire 1 line
03-02 22:08:26.006  1456  2196 I ActivityManager: Start proc 10438:org.mozilla.fennec_aurora:socket/u0a1062 for service org.mozilla.fennec_aurora/org.mozilla.gecko.process.GeckoChildProcessServices$socket
03-02 22:08:26.101 17694 17705 I zygote  : Background concurrent copying GC freed 90195(5MB) AllocSpace objects, 21(444KB) LOS objects, 49% free, 8MB/17MB, paused 226us total 127.157ms
03-02 22:08:26.134 10438 10438 I chatty  : uid=11062(org.mozilla.fennec_aurora) expire 2 lines
03-02 22:08:26.135 10438 10455 I chatty  : uid=11062(org.mozilla.fennec_aurora) expire 15 lines
03-02 22:08:26.218  1456  2196 I ActivityManager: Displayed org.mozilla.fennec_aurora/org.mozilla.fenix.HomeActivity: +1s135ms
03-02 22:08:26.218  1456  2196 I ActivityManager: Fully drawn org.mozilla.fennec_aurora/org.mozilla.fenix.HomeActivity: +1s135ms
03-02 22:08:26.273  1456  1673 I LaunchCheckinHandler: Displayed org.mozilla.fennec_aurora/org.mozilla.fenix.HomeActivity,cp,ca,1190
03-02 22:08:26.279 10330 10330 E ActivityThread: Failed to find provider info for org.mozilla.firefox.fxa.auth
03-02 22:08:26.279 10330 10330 E ActivityThread: Failed to find provider info for org.mozilla.firefox_beta.fxa.auth
03-02 22:08:26.280 10330 10330 E ActivityThread: Failed to find provider info for org.mozilla.fennec_aurora.fxa.auth
03-02 22:08:26.347  3111  3111 I MemoryTrimmer: Trimming objects from memory, since app is in the background.
03-02 22:08:26.362  3111  3111 I MemoryTrimmer: Trimming objects from memory, since app is in the background.
03-02 22:08:26.365  3111  5678 I PBSessionCacheImpl: Deleted sessionId[13683905891082320] from persistence.
03-02 22:08:26.374  1456  2196 I WifiService: getWifiEnabledState uid=10073
03-02 22:08:26.378  3111  3156 I DEBUG   : OpaToSrpTransitionState#onStateChanged#notNullQuery
03-02 22:08:26.379  3111  3156 I DEBUG   : OpaToSrpTransitionState#onStateChanged#notNullQuery
03-02 22:08:26.383  3111  3156 W SearchServiceCore: Abort, client detached.
03-02 22:08:27.123  2398  2398 D QtiCarrierConfigHelper: WARNING, no carrier configs on phone Id: 0
03-02 22:08:27.158  1023 10506 D libc    : Internal error: netid(0), id(0x5b10), server(0.0.0.0)
03-02 22:08:27.159  1023 10506 D libc    : Internal error: netid(0), id(0x5b10), server(0.0.0.0)
03-02 22:08:27.159  1023 10506 D libc    : Internal error: netid(0), id(0x9b42), server(0.0.0.0)
03-02 22:08:27.159  1023 10506 D libc    : Internal error: netid(0), id(0x9b42), server(0.0.0.0)
03-02 22:08:27.190 10330 10502 I chatty  : uid=11062(org.mozilla.fennec_aurora) expire 2 lines
03-02 22:08:27.332  1023 10513 D libc    : Internal error: netid(0), id(0x3d74), server(0.0.0.0)
03-02 22:08:27.332  1023 10513 D libc    : Internal error: netid(0), id(0x3d74), server(0.0.0.0)
03-02 22:08:27.332  1023 10513 D libc    : Internal error: netid(0), id(0xb873), server(0.0.0.0)
03-02 22:08:27.332  1023 10513 D libc    : Internal error: netid(0), id(0xb873), server(0.0.0.0)
03-02 22:08:27.334  1023 10515 D libc    : Internal error: netid(0), id(0x940), server(0.0.0.0)
03-02 22:08:27.334  1023 10515 D libc    : Internal error: netid(0), id(0x940), server(0.0.0.0)
03-02 22:08:27.334  1023 10515 D libc    : Internal error: netid(0), id(0xed32), server(0.0.0.0)
03-02 22:08:27.334  1023 10515 D libc    : Internal error: netid(0), id(0xed32), server(0.0.0.0)
03-02 22:08:27.336  1023 10520 D libc    : Internal error: netid(0), id(0x823c), server(0.0.0.0)
03-02 22:08:27.337  1023 10520 D libc    : Internal error: netid(0), id(0x823c), server(0.0.0.0)
03-02 22:08:27.337  1023 10520 D libc    : Internal error: netid(0), id(0x2509), server(0.0.0.0)
03-02 22:08:27.337  1023 10520 D libc    : Internal error: netid(0), id(0x2509), server(0.0.0.0)
03-02 22:08:27.370 10330 10385 I chatty  : uid=11062(org.mozilla.fennec_aurora) expire 1 line
03-02 22:08:27.370 10330 10383 I chatty  : uid=11062(org.mozilla.fennec_aurora) expire 1 line
03-02 22:08:27.405 10330 10530 I chatty  : uid=11062(org.mozilla.fennec_aurora) expire 1 line
03-02 22:08:30.727 10549 10549 D AndroidRuntime: >>>>>> START com.android.internal.os.RuntimeInit uid 2000 <<<<<<
03-02 22:08:30.740 10549 10549 W app_process: Could not reserve sentinel fault page
03-02 22:08:30.907 10549 10549 I app_process: The ClassLoaderContext is a special shared library.
03-02 22:08:30.976 10549 10549 D AndroidRuntime: Calling main entry com.android.commands.input.Input
03-02 22:08:30.977 10549 10549 I Input   : injectKeyEvent: KeyEvent { action=ACTION_DOWN, keyCode=KEYCODE_HOME, scanCode=0, metaState=0, flags=0x0, repeatCount=0, eventTime=15280966257, downTime=15280966257, deviceId=-1, source=0x101 }
03-02 22:08:30.987 10549 10549 I Input   : injectKeyEvent: KeyEvent { action=ACTION_UP, keyCode=KEYCODE_HOME, scanCode=0, metaState=0, flags=0x0, repeatCount=0, eventTime=15280966257, downTime=15280966257, deviceId=-1, source=0x101 }
03-02 22:08:30.993  1456  1941 I ActivityManager: START u0 {act=android.intent.action.MAIN cat=[android.intent.category.HOME] flg=0x10200000 cmp=com.android.launcher3/.CustomizationPanelLauncher (has extras)} from uid 1000
03-02 22:08:30.994   794   839 E ANDR-PERF-RESOURCEQS: Failed to apply optimization [4, 0]
03-02 22:08:31.005  1456  1941 I ActivityManager: moveHomeStack, setupComplete:true
03-02 22:08:31.008 10549 10549 D AndroidRuntime: Shutting down VM
03-02 22:08:31.016  3111  3152 I Adreno  : QUALCOMM build                   : bb5b86c, I77d3059488
03-02 22:08:31.016  3111  3152 I Adreno  : Build Date                       : 06/07/18
03-02 22:08:31.016  3111  3152 I Adreno  : OpenGL ES Shader Compiler Version: EV031.22.00.01_06
03-02 22:08:31.016  3111  3152 I Adreno  : Local Branch                     : 
03-02 22:08:31.016  3111  3152 I Adreno  : Remote Branch                    : refs/tags/AU_LINUX_ANDROID_LA.UM.6.5.R1.08.01.00.312.086
03-02 22:08:31.016  3111  3152 I Adreno  : Remote Branch                    : NONE
03-02 22:08:31.016  3111  3152 I Adreno  : Reconstruct Branch               : NOTHING
03-02 22:08:31.019  3111  3152 D vndksupport: Loading /vendor/lib/hw/gralloc.msm8937.so from current namespace instead of sphal namespace.
03-02 22:08:31.022  3111  3152 I Adreno  : PFP: 0x005ff087, ME: 0x005ff063
03-02 22:08:31.026  3111  3152 I zygote  : android::hardware::configstore::V1_0::ISurfaceFlingerConfigs::hasWideColorDisplay retrieved: 0
03-02 22:08:31.027  3111  3152 I OpenGLRenderer: Initialized EGL, version 1.4
03-02 22:08:31.027  3111  3152 D OpenGLRenderer: Swap behavior 2
03-02 22:08:31.028  2748  2748 D Launcher.Utilities: Wakeup weather: Intent { act=com.motorola.launcher3.action.WAKEUP_WEATHER cmp=com.motorola.timeweatherwidget/com.motorola.commandcenter.weather.WakeUpService }
03-02 22:08:31.042  1456  1456 I NotificationService: Cannot find enqueued record for key: 0|com.motorola.timeweatherwidget|1|null|10116
03-02 22:08:31.052   808   808 D SurfaceFlinger: duplicate layer name: changing com.android.launcher3/com.android.launcher3.CustomizationPanelLauncher to com.android.launcher3/com.android.launcher3.CustomizationPanelLauncher#1
03-02 22:08:31.066  3111  3143 W ThreadPoolDumper: Queue length for executor EventBus is now 11. Perhaps some tasks are too long, or the pool is too small.
03-02 22:08:31.071  1456  6339 I WifiService: getWifiEnabledState uid=10073
03-02 22:08:31.086  1456  2196 I WifiService: getWifiEnabledState uid=10073
03-02 22:08:31.103  3111  3156 I DEBUG   : OpaToSrpTransitionState#onStateChanged#notNullQuery
03-02 22:08:31.104  3111  3156 I DEBUG   : OpaToSrpTransitionState#onStateChanged#notNullQuery
03-02 22:08:31.133  1456  1673 I LaunchCheckinHandler: Displayed com.android.launcher3/.CustomizationPanelLauncher,wp,wa,140
03-02 22:08:31.135  3111  3156 I MicroDetectionState: Should stop hotword detection immediately - false
03-02 22:08:31.140  3111  3156 I MicroDetectionWorker: #startMicroDetector [speakerMode: 0]
03-02 22:08:31.140  9261  9261 I Finsky  : [2] ppb.onTrimMemory(1): Memory trim requested to level 60
03-02 22:08:31.147  3111  3156 I AudioController: Created new AudioSource
03-02 22:08:31.153  3111  3151 I MicroDataManager: isInitializedWithLatestParams-true
03-02 22:08:31.153  3111  3151 I MicroDataManager: isInitializing-false locale not changed-true model not changed-true
03-02 22:08:31.154  3111  3151 I MicroDataManager: Already initialized, obtaining the hotword data immediately.
03-02 22:08:31.161  3111  3149 I MicroRecognitionRunner: Starting detection.
03-02 22:08:31.161  3111  3149 I InputStreamUtils: Using micInputStream
03-02 22:08:31.162  3111  5678 I MicrophoneInputStream: mic_starting  SR : 16000 CC : 16 SO : 1999
03-02 22:08:31.167   788  1479 V msm8974_platform: platform_check_input_mask: enter check_input_mask source 6 mask 10
03-02 22:08:31.170  1012 10563 I AudioFlinger: AudioFlinger's thread 0xb2483600 tid=10563 ready to run
03-02 22:08:31.175   788  1479 D audio_hw_primary: in_set_parameters: enter: kvpairs=input_source=6;routing=-2147483644
03-02 22:08:31.176  1012 10158 D APM_AudioPolicyManager: AudioPolicyManager::startInput() input 176046, session 176153, source = 1999
03-02 22:08:31.177  3111  5678 I MicrophoneInputStream: mic_started  SR : 16000 CC : 16 SO : 1999
03-02 22:08:31.178   788 10564 V msm8974_platform: platform_update_usecase_from_source: input source :6
03-02 22:08:31.178   788 10564 V msm8974_platform: platform_check_input_mask: enter check_input_mask source 6 mask 10
03-02 22:08:31.178   788 10564 V msm8974_platform: platform_get_input_snd_device: enter: out_device(0) in_device(0x4) channel_count (1) channel_mask (0x10)
03-02 22:08:31.178   788 10564 V msm8974_platform: platform_get_input_snd_device: exit: in_snd_device(voice-rec-mic)
03-02 22:08:31.178   788 10564 V msm8974_platform: platform_get_backend_index:napb: backend port - 5 device - 120 
03-02 22:08:31.178   788 10564 V msm8974_platform: platform_check_and_set_capture_backend_cfg:txbecf: afe: bitwidth 0, samplerate 0, channel 1, backend_idx 5 usecase = 9 device (voice-rec-mic)
03-02 22:08:31.178   788 10564 V msm8974_platform: platform_check_capture_backend_cfg:txbecf: afe: Codec selected backend: 5 current bit width: 0 and sample rate: 0, channels 1
03-02 22:08:31.178   788 10564 V msm8974_platform: platform_check_capture_backend_cfg:txbecf: afe: Codec selected backend: 5 updated bit width: 0 and sample rate: 0
03-02 22:08:31.178   788 10564 I msm8974_platform: platform_check_capture_backend_cfg:txbecf: afe: Codec backend needs to be updated. new bit width: 0 new sample rate: 0 new channel: 1
03-02 22:08:31.178   788 10564 V msm8974_platform: platform_get_backend_index:napb: backend port - 5 device - 120 
03-02 22:08:31.178   788 10564 V msm8974_platform: platform_set_backend_cfg:becf: afe: bitwidth 0, samplerate 0 channels 1, backend_idx 5 device (voice-rec-mic)
03-02 22:08:31.179   788 10564 E msm8974_platform: platform_set_backend_cfg:becf: afe: Could not get ctl for mixer command - SLIM_0_TX Format
03-02 22:08:31.179   788 10564 V msm8974_platform: platform_send_audio_calibration: sending audio calibration for snd_device(120) acdb_id(62)
03-02 22:08:31.179   788 10564 D ACDB-LOADER: ACDB -> send_audio_cal, acdb_id = 62, path = 1, app id = 0x11130, sample rate = 48000
03-02 22:08:31.179   788 10564 D ACDB-LOADER: ACDB -> send_asm_topology
03-02 22:08:31.179   788 10564 D ACDB-LOADER: ACDB -> ACDB_CMD_GET_AUDPROC_STREAM_TOPOLOGY_ID
03-02 22:08:31.179   788 10564 D ACDB-LOADER: ACDB -> send_adm_topology
03-02 22:08:31.179   788 10564 D ACDB-LOADER: ACDB -> ACDB_CMD_GET_AUDPROC_COMMON_TOPOLOGY_ID
03-02 22:08:31.179   788 10564 D ACDB-LOADER: ACDB -> send_audtable
03-02 22:08:31.179   788 10564 D ACDB-LOADER: ACDB -> ACDB_CMD_GET_AUDPROC_COMMON_TABLE_SIZE
03-02 22:08:31.179   788 10564 D ACDB-LOADER: ACDB -> ACDB_CMD_GET_AUDPROC_COMMON_TABLE
03-02 22:08:31.179   788 10564 D ACDB-LOADER: ACDB -> AUDIO_SET_AUDPROC_CAL
03-02 22:08:31.179   788 10564 D ACDB-LOADER: ACDB -> send_audvoltable
03-02 22:08:31.179   788 10564 D ACDB-LOADER: ACDB -> ACDB_CMD_GET_AUDPROC_VOL_STEP_TABLE_SIZE
03-02 22:08:31.179   788 10564 D ACDB-LOADER: ACDB -> ACDB_CMD_GET_AUDPROC_GAIN_DEP_STEP_TABLE, vol index 0
03-02 22:08:31.179   788 10564 D         : Failed to fetch the lookup information of the device 0000003E 
03-02 22:08:31.179   788 10564 D ACDB-LOADER: ACDB -> AUDIO_SET_VOL_CAL cal type = 12
03-02 22:08:31.179   788 10564 D ACDB-LOADER: ACDB -> ACDB_CMD_GET_AUDPROC_STREAM_TABLE_SIZE
03-02 22:08:31.179   788 10564 D ACDB-LOADER: ACDB -> send_audstrmtable
03-02 22:08:31.179   788 10564 D ACDB-LOADER: ACDB -> ACDB_CMD_GET_AUDPROC_STREAM_TABLE_V2
03-02 22:08:31.180   788 10564 D ACDB-LOADER: ACDB -> audstrm_cal->cal_type.cal_data.cal_size = 456
03-02 22:08:31.180   788 10564 D ACDB-LOADER: ACDB -> send_afe_topology
03-02 22:08:31.180   788 10564 D ACDB-LOADER: ACDB -> ACDB_CMD_GET_AFE_TOPOLOGY_ID
03-02 22:08:31.180   788 10564 D ACDB-LOADER: ACDB -> GET_AFE_TOPOLOGY_ID for adcd_id 62, Topology Id 112fb
03-02 22:08:31.180   788 10564 D ACDB-LOADER: ACDB -> send_afe_cal
03-02 22:08:31.180   788 10564 D ACDB-LOADER: ACDB -> ACDB_CMD_GET_AFE_COMMON_TABLE_SIZE
03-02 22:08:31.180   788 10564 D         : Failed to fetch the lookup information of the device 0000003E 
03-02 22:08:31.180   788 10564 E ACDB-LOADER: Error: ACDB_CMD_GET_AFE_COMMON_TABLE_SIZE Returned = -19
03-02 22:08:31.180   788 10564 D ACDB-LOADER: ACDB -> ACDB_CMD_GET_AFE_COMMON_TABLE
03-02 22:08:31.180   788 10564 D         : Failed to fetch the lookup information of the device 0000003E 
03-02 22:08:31.180   788 10564 D ACDB-LOADER: ACDB -> AUDIO_SET_AFE_CAL
03-02 22:08:31.180   788 10564 D ACDB-LOADER: ACDB -> send_hw_delay : acdb_id = 62 path = 1
03-02 22:08:31.180   788 10564 D ACDB-LOADER: ACDB -> ACDB_AVSYNC_INFO: ACDB_CMD_GET_DEVICE_PROPERTY
03-02 22:08:31.180   788 10564 D audio_hw_primary: enable_snd_device: snd_device(120: voice-rec-mic)
03-02 22:08:31.180   788 10564 D audio_route: Apply path: voice-rec-mic
03-02 22:08:31.183   788 10564 V msm8974_platform: platform_get_snd_device_backend_index: enter with device 120
03-02 22:08:31.183   788 10564 E msm8974_platform: platform_get_snd_device_backend_index: BE DAI Name Table is not present
03-02 22:08:31.183   788 10564 V msm8974_platform: platform_get_backend_index:napb: backend port - 5 device - 120 
03-02 22:08:31.183   788 10564 I audio_hw_utils: Set Audio Stream Capture 0 App Type Cfg: app_type 69936, acdb_dev_id 62, sample_rate 48000, snd_device_be_idx -14
03-02 22:08:31.184   788 10564 D audio_hw_primary: enable_audio_route: usecase(9) apply and update mixer path: audio-record
03-02 22:08:31.184   788 10564 D audio_route: Apply path: audio-record
03-02 22:08:31.254  3111  3156 I MicroDetectionWorker: onReady
03-02 22:08:31.537  1456  7796 I OpenGLRenderer: Initialized EGL, version 1.4
03-02 22:08:31.537  1456  7796 D OpenGLRenderer: Swap behavior 2
03-02 22:08:31.554   808   808 I SFPerfTracer:      triggers: (rate: 57:1996166) (compose: 0:7) (post: 0:19) (render: 0:17) (12:8911905 frames) (13:10678580)
03-02 22:08:31.555   808   808 D SFPerfTracer:        layers: (4:13) (NavigationBar#0 (0xb07df000): 0:655661) (StatusBar#0 (0xb07e3000): 0:1724239) (com.android.systemui.ImageWallpaper#0 (0xb07e7000): 0:58093) (Sprite#0 (0xb0733000): 0:317)* (DimLayerController/Stack=0#0 (0xb075a000): 0:3734)* (Sprite#1 (0xb077c000): 0:195)* (org.mozilla.fennec_aurora/org.mozilla.fenix.HomeActivity#0 (0xb013a000): 0:49)- (com.android.launcher3/com.android.launcher3.CustomizationPanelLauncher#0 (0xb0763000): 0:39)- (com.android.launcher3/com.android.launcher3.CustomizationPanelLauncher#1 (0xb0771000): 0:10)- (Splash Screen org.mozilla.fennec_aurora#0 (0xb039b000): 0:31)- (org.mozilla.fennec_aurora/org.mozilla.fenix.HomeActivity#0 (0xb013a000): 12:46)* (com.android.launcher3/com.android.launcher3.CustomizationPanelLauncher#0 (0xb0763000): 13:29)* (com.android.launcher3/com.android.launcher3.CustomizationPanelLauncher#1 (0xb0771000): 1:5) 
03-02 22:08:31.598  2748  2917 W OpenGLRenderer: Incorrectly called buildLayer on View: ShortcutAndWidgetContainer, destroying layer...
03-02 22:08:31.703 10330 10386 I chatty  : uid=11062(org.mozilla.fennec_aurora) expire 1 line
03-02 22:08:31.875  1456  1466 I zygote  : NativeAlloc concurrent copying GC freed 61637(4MB) AllocSpace objects, 24(864KB) LOS objects, 38% free, 38MB/62MB, paused 186us total 338.080ms
03-02 22:08:36.166  1456  2196 I ActivityManager: Force stopping org.mozilla.fennec_aurora appid=11062 user=0: from pid 10570
03-02 22:08:36.166  1456  2196 I ActivityManager: Killing 10330:org.mozilla.fennec_aurora/u0a1062 (adj 700): stop org.mozilla.fennec_aurora
03-02 22:08:36.169  1456  1605 W zygote  : kill(-10330, 9) failed: No such process
03-02 22:08:36.171  1456  2196 W ActivityManager: Force removing ActivityRecord{dc3f7ed u0 org.mozilla.fennec_aurora/org.mozilla.fenix.HomeActivity t31341}: app died, no saved state
03-02 22:08:36.181  1456  2196 I ActivityManager: Killing 10438:org.mozilla.fennec_aurora:socket/u0a1062 (adj 0): stop org.mozilla.fennec_aurora
03-02 22:08:36.184  1456  2196 I ActivityManager: Killing 10412:org.mozilla.fennec_aurora:tab/u0a1062 (adj 0): stop org.mozilla.fennec_aurora
03-02 22:08:36.185  1456  1605 W zygote  : kill(-10330, 9) failed: No such process
03-02 22:08:36.202  2398  2398 D CarrierSvcBindHelper: No carrier app for: 0
03-02 22:08:36.202  2398  2398 D CarrierSvcBindHelper: No carrier app for: 1
03-02 22:08:36.213  1456  1605 W zygote  : kill(-10330, 9) failed: No such process
03-02 22:08:36.269  1456  1673 W ActivityManager: setHasOverlayUi called on unknown pid: 10330
03-02 22:08:36.281  1456  1605 W zygote  : kill(-10330, 9) failed: No such process
03-02 22:08:36.281  1456  1605 I zygote  : Successfully killed process cgroup uid 11062 pid 10330 in 112ms
03-02 22:08:36.281  1456  1605 W zygote  : kill(-10438, 9) failed: No such process
03-02 22:08:36.281  1456  1605 I zygote  : Successfully killed process cgroup uid 11062 pid 10438 in 0ms
03-02 22:08:36.281  1456  1605 W zygote  : kill(-10412, 9) failed: No such process
03-02 22:08:36.282  1456  1605 I zygote  : Successfully killed process cgroup uid 11062 pid 10412 in 0ms
03-02 22:08:36.292  1456  3925 I ActivityManager: START u0 {act=android.intent.action.MAIN cat=[android.intent.category.LAUNCHER] flg=0x10000000 cmp=org.mozilla.fennec_aurora/org.mozilla.fenix.HomeActivity} from uid 2000
03-02 22:08:36.293   794   839 E ANDR-PERF-RESOURCEQS: Failed to apply optimization [4, 0]
03-02 22:08:36.316  1456 10366 I ActivityManager: Start proc 10579:org.mozilla.fennec_aurora/u0a1062 for activity org.mozilla.fennec_aurora/org.mozilla.fenix.HomeActivity
03-02 22:08:36.403  3111  3156 I MicroDetectionState: Should stop hotword detection immediately - false
03-02 22:08:36.403  3111  3156 I MicroDetector: Keeping mic open: false
03-02 22:08:36.403  3111  3219 E DeviceStateChecker: DeviceStateChecker cancelled
03-02 22:08:36.403  3111  3156 I RecognitionAudioControl: #shutdownAudio [requestId: 1371271087067289088, keepAudioOpen: false, forced: true]
03-02 22:08:36.403  3111  3156 I RecognitionAudioControl: #internalShutdownAudio [requestId: 1371271087067289088]
03-02 22:08:36.403  3111  3156 I RecognitionAudioControl: #internalShutdownAudio [keepAudioOpen: false, forced: true]
03-02 22:08:36.403  3111  3156 I RecognitionAudioControl: #actualShutdownAudio
03-02 22:08:36.403  3111  3156 I AudioController: #shutdown [requestId=1371271087067289088]
03-02 22:08:36.404  3111  3139 I AudioController: internalShutdown
03-02 22:08:36.404  3111  3140 I MicroRecognitionRunner: Stopping hotword detection.
03-02 22:08:36.452   788  1479 D audio_hw_primary: disable_audio_route: usecase(9) reset and update mixer path: audio-record
03-02 22:08:36.452   788  1479 D audio_hw_primary: disable_snd_device: snd_device(120: voice-rec-mic)
03-02 22:08:36.454  1012  1012 D APM_AudioPolicyManager: stopInput() input 176046, session 176153
03-02 22:08:36.454   788  1479 D audio_hw_primary: in_set_parameters: enter: kvpairs=routing=0
03-02 22:08:36.457  3111  3139 I MicrophoneInputStream: mic_close  SR : 16000 CC : 16 SO : 1999
03-02 22:08:36.457  3111  3139 E AudioSource: Stop listening is called on already closed AudioSource
03-02 22:08:36.459  3111  3149 I MicroRecognitionRunner: Detection finished
03-02 22:08:36.475 10579 10579 I chatty  : uid=11062(org.mozilla.fennec_aurora) expire 4 lines
03-02 22:08:36.549 10579 10599 I chatty  : uid=11062(org.mozilla.fennec_aurora) expire 4 lines
03-02 22:08:36.551 10579 10579 I chatty  : uid=11062(org.mozilla.fennec_aurora) expire 47 lines
03-02 22:08:36.571  1456  3925 D ConnectivityService: requestNetwork for uid/pid:11062/10579 NetworkRequest [ TRACK_DEFAULT id=29154, [ Capabilities: INTERNET&NOT_RESTRICTED&TRUSTED&NOT_VPN] ]
03-02 22:08:36.573  1456  2099 D Ethernet: got request NetworkRequest [ TRACK_DEFAULT id=29154, [ Capabilities: INTERNET&NOT_RESTRICTED&TRUSTED&NOT_VPN] ] with score 0
03-02 22:08:36.573  1456  2054 D WIFI_UT : got request NetworkRequest [ TRACK_DEFAULT id=29154, [ Capabilities: INTERNET&NOT_RESTRICTED&TRUSTED&NOT_VPN] ] with score 0
03-02 22:08:36.573  2398  2398 D PhoneSwitcherNetworkRequstListener: got request NetworkRequest [ TRACK_DEFAULT id=29154, [ Capabilities: INTERNET&NOT_RESTRICTED&TRUSTED&NOT_VPN] ] with score 0
03-02 22:08:36.573  1456  2054 D WIFI    : got request NetworkRequest [ TRACK_DEFAULT id=29154, [ Capabilities: INTERNET&NOT_RESTRICTED&TRUSTED&NOT_VPN] ] with score 0
03-02 22:08:36.587 10579 10610 I chatty  : uid=11062(org.mozilla.fennec_aurora) expire 12 lines
03-02 22:08:36.604 10579 10609 I chatty  : uid=11062(org.mozilla.fennec_aurora) expire 17 lines
03-02 22:08:36.642 10579 10616 I chatty  : uid=11062(org.mozilla.fennec_aurora) expire 30 lines
03-02 22:08:36.731 10579 10619 I chatty  : uid=11062(org.mozilla.fennec_aurora) expire 1 line
03-02 22:08:36.743   808   898 I SFPerfTracer:      triggers: (rate: 0:1) (0 sw vsyncs) (0 skipped) (20:4814183 vsyncs) (22:10743235)
03-02 22:08:36.760 10579 10628 I chatty  : uid=11062(org.mozilla.fennec_aurora) expire 10 lines
03-02 22:08:36.826 10579 10584 I chatty  : uid=11062(org.mozilla.fennec_aurora) expire 8 lines
03-02 22:08:37.038 10579 10579 E ActivityThread: Failed to find provider info for org.mozilla.firefox.fxa.auth
03-02 22:08:37.039 10579 10579 E ActivityThread: Failed to find provider info for org.mozilla.firefox_beta.fxa.auth
03-02 22:08:37.039 10579 10579 E ActivityThread: Failed to find provider info for org.mozilla.fennec_aurora.fxa.auth
03-02 22:08:37.120 10579 10661 I chatty  : uid=11062(org.mozilla.fennec_aurora) expire 9 lines
03-02 22:08:37.123  1456 10366 I ActivityManager: Start proc 10662:org.mozilla.fennec_aurora:tab/u0a1062 for service org.mozilla.fennec_aurora/org.mozilla.gecko.process.GeckoChildProcessServices$tab
03-02 22:08:37.242  1456  5907 I ActivityManager: Start proc 10689:org.mozilla.fennec_aurora:socket/u0a1062 for service org.mozilla.fennec_aurora/org.mozilla.gecko.process.GeckoChildProcessServices$socket
03-02 22:08:37.255 10662 10662 I chatty  : uid=11062(org.mozilla.fennec_aurora) expire 2 lines
03-02 22:08:37.256 10662 10702 I chatty  : uid=11062(org.mozilla.fennec_aurora) expire 1 line
03-02 22:08:37.367 10689 10689 I chatty  : uid=11062(org.mozilla.fennec_aurora) expire 2 lines
03-02 22:08:37.367 10689 10706 I chatty  : uid=11062(org.mozilla.fennec_aurora) expire 15 lines
03-02 22:08:37.445  1456  3925 I ActivityManager: Displayed org.mozilla.fennec_aurora/org.mozilla.fenix.HomeActivity: +1s144ms
03-02 22:08:37.446  1456  3925 I ActivityManager: Fully drawn org.mozilla.fennec_aurora/org.mozilla.fenix.HomeActivity: +1s144ms
03-02 22:08:37.499  1456  1673 I LaunchCheckinHandler: Displayed org.mozilla.fennec_aurora/org.mozilla.fenix.HomeActivity,cp,ca,1197
03-02 22:08:37.504 10579 10579 E ActivityThread: Failed to find provider info for org.mozilla.firefox.fxa.auth
03-02 22:08:37.505 10579 10579 E ActivityThread: Failed to find provider info for org.mozilla.firefox_beta.fxa.auth
03-02 22:08:37.506 10579 10579 E ActivityThread: Failed to find provider info for org.mozilla.fennec_aurora.fxa.auth
03-02 22:08:37.569  3111  3111 I MemoryTrimmer: Trimming objects from memory, since app is in the background.
03-02 22:08:37.577  3111  3111 I MemoryTrimmer: Trimming objects from memory, since app is in the background.
03-02 22:08:37.581  3111  5678 I PBSessionCacheImpl: Deleted sessionId[13683905891082325] from persistence.
03-02 22:08:37.588  1456  3925 I WifiService: getWifiEnabledState uid=10073
03-02 22:08:37.592  3111  3156 I DEBUG   : OpaToSrpTransitionState#onStateChanged#notNullQuery
03-02 22:08:37.594  3111  3156 I DEBUG   : OpaToSrpTransitionState#onStateChanged#notNullQuery
03-02 22:08:37.602  3111  3156 W SearchServiceCore: Abort, client detached.
03-02 22:08:38.411 10579 10756 I chatty  : uid=11062(org.mozilla.fennec_aurora) expire 2 lines
03-02 22:08:38.416  1023 10763 D libc    : Internal error: netid(0), id(0x8d66), server(0.0.0.0)
03-02 22:08:38.416  1023 10763 D libc    : Internal error: netid(0), id(0x8d66), server(0.0.0.0)
03-02 22:08:38.416  1023 10763 D libc    : Internal error: netid(0), id(0xd467), server(0.0.0.0)
03-02 22:08:38.416  1023 10763 D libc    : Internal error: netid(0), id(0xd467), server(0.0.0.0)
03-02 22:08:38.553  1023 10769 D libc    : Internal error: netid(0), id(0xf569), server(0.0.0.0)
03-02 22:08:38.553  1023 10769 D libc    : Internal error: netid(0), id(0xf569), server(0.0.0.0)
03-02 22:08:38.554  1023 10769 D libc    : Internal error: netid(0), id(0x4f7d), server(0.0.0.0)
03-02 22:08:38.554  1023 10769 D libc    : Internal error: netid(0), id(0x4f7d), server(0.0.0.0)
03-02 22:08:38.554  1023 10771 D libc    : Internal error: netid(0), id(0x840b), server(0.0.0.0)
03-02 22:08:38.554  1023 10771 D libc    : Internal error: netid(0), id(0x840b), server(0.0.0.0)
03-02 22:08:38.555  1023 10771 D libc    : Internal error: netid(0), id(0xe27e), server(0.0.0.0)
03-02 22:08:38.555  1023 10771 D libc    : Internal error: netid(0), id(0xe27e), server(0.0.0.0)
03-02 22:08:38.557  1023 10783 D libc    : Internal error: netid(0), id(0xc32d), server(0.0.0.0)
03-02 22:08:38.557  1023 10783 D libc    : Internal error: netid(0), id(0xc32d), server(0.0.0.0)
03-02 22:08:38.557  1023 10783 D libc    : Internal error: netid(0), id(0x5542), server(0.0.0.0)
03-02 22:08:38.557  1023 10783 D libc    : Internal error: netid(0), id(0x5542), server(0.0.0.0)
03-02 22:08:38.594 10579 10634 I chatty  : uid=11062(org.mozilla.fennec_aurora) expire 1 line
03-02 22:08:38.595 10579 10636 I chatty  : uid=11062(org.mozilla.fennec_aurora) expire 1 line
03-02 22:08:38.632 10579 10794 I chatty  : uid=11062(org.mozilla.fennec_aurora) expire 1 line
03-02 22:08:41.487  9261  9284 I Finsky  : [339636] kay.run(3): Stats for Executor: BlockingExecutor kcu@c0fa51c[Running, pool size = 2, active threads = 0, queued tasks = 0, completed tasks = 15]
03-02 22:08:41.487  9261  9284 I Finsky  : [339636] kay.run(3): Stats for Executor: LightweightExecutor kcu@6a00525[Running, pool size = 4, active threads = 0, queued tasks = 0, completed tasks = 442]
03-02 22:08:41.794  9261  9284 I Finsky  : [339636] kay.run(3): Stats for Executor: bgExecutor kcu@351a6fa[Running, pool size = 4, active threads = 0, queued tasks = 0, completed tasks = 690]
03-02 22:08:41.932  9261  9261 I Finsky  : [2] JobSchedulerEngine$PhoneskyJobSchedulerJobService.onStartJob(5): SCH: onJobSchedulerWakeup with jobId 9009
03-02 22:08:41.936  9261  9261 I Finsky  : [2] tnz.a(24): Scheduling fallback job with id: 9034, and delay: 43200000 ms
03-02 22:08:41.940  9261  9261 I Finsky  : [2] tnz.a(5): Scheduling fallback in 64799997 (absolute: 15797815704)
03-02 22:08:41.952  9261  9261 I Finsky  : [2] toi.handleMessage(10): SCH: DeviceState: DeviceState{currentTime=1583204921948, isCharging=true, isIdle=false, netAny=false, netNotRoaming=false, netUnmetered=false, batteryPercent=100.0}
03-02 22:08:41.952 10813 10813 D AndroidRuntime: >>>>>> START com.android.internal.os.RuntimeInit uid 2000 <<<<<<
03-02 22:08:41.965 10813 10813 W app_process: Could not reserve sentinel fault page
03-02 22:08:41.967  9261 10816 I Finsky  : [339717] tqw.a(7): SCH: Jobs in database: 1-1337 3-1981 3-1982 12-1 24-77777777 26-1414141414 29-29 
03-02 22:08:41.992  9261  9261 I Finsky  : [2] toj.a(20): SCH: Running job: 29-29
03-02 22:08:41.995  9261  9261 I Finsky  : [2] toi.handleMessage(63): SCH: RunningQueue size: 1, PendingQueue size: 0
03-02 22:08:41.996  9261  9261 I Finsky  : [2] toi.handleMessage(66): SCH: Running queue: 29-29 
03-02 22:08:41.996  9261 10817 I Finsky  : [339718] zhm.a(1): ProcessRecoveryLogsUtil: No files in recovery directory
03-02 22:08:41.997  9261 10817 I Finsky  : [339718] tpt.a(13): SCH: jobFinished: 29-29. TimeElapsed: 4ms.
03-02 22:08:41.998  9261  9261 I Finsky  : [2] toj.a(35): SCH: Job 29-29 finished. Not rescheduling.
03-02 22:08:41.999  9261  9261 I Finsky  : [2] toi.handleMessage(63): SCH: RunningQueue size: 0, PendingQueue size: 0
03-02 22:08:42.000  9261  9261 I Finsky  : [2] toi.handleMessage(29): Executor finished
03-02 22:08:42.015  9261  9261 I Finsky  : [2] ppb.onTrimMemory(1): Memory trim requested to level 80
03-02 22:08:42.021  9261  9261 I Finsky  : [2] tqw.a(7): SCH: Jobs in database: 1-1337 3-1981 3-1982 12-1 24-77777777 26-1414141414 
03-02 22:08:42.043  9261  9261 I Finsky  : [2] tmt.a(58): SCH: ConstraintMapping: 24-77777777,  -> L: 0ms, D: 71880522ms, C: false, I: true, N: 0
03-02 22:08:42.044  9261  9261 I Finsky  : [2] tmt.a(58): SCH: ConstraintMapping: 1-1337, 12-1,  -> L: 0ms, D: 55336335ms, C: false, I: false, N: 1
03-02 22:08:42.046  9261  9261 I Finsky  : [2] tmt.a(58): SCH: ConstraintMapping: 3-1981,  -> L: 0ms, D: 86340668ms, C: false, I: true, N: 2
03-02 22:08:42.046  9261  9261 I Finsky  : [2] tmt.a(58): SCH: ConstraintMapping: 3-1982,  -> L: 0ms, D: 86340675ms, C: true, I: true, N: 2
03-02 22:08:42.047  9261  9261 I Finsky  : [2] tmt.a(58): SCH: ConstraintMapping: 26-1414141414,  -> L: 7496406ms, D: 8396406ms, C: false, I: false, N: 0
03-02 22:08:42.056  9261  9261 I Finsky  : [2] tpg.a(37): Cancelling existing jobscheduler jobs: 9001 9000 9002 9003 
03-02 22:08:42.056  9261  9261 I Finsky  : [2] tpg.a(14): Throttling wakeup for job 9004 (expected to run in 0 ms) due to recent wakeup
03-02 22:08:42.057  9261  9261 I Finsky  : [2] tpg.a(30): Scheduling job Id: 9004, L: 30000, D: 71880522, C: false, I: true, N: 0
03-02 22:08:42.059  9261  9261 I Finsky  : [2] tpg.a(14): Throttling wakeup for job 9005 (expected to run in 0 ms) due to recent wakeup
03-02 22:08:42.060  9261  9261 I Finsky  : [2] tpg.a(30): Scheduling job Id: 9005, L: 30000, D: 55336335, C: false, I: false, N: 1
03-02 22:08:42.061  9261  9261 I Finsky  : [2] tpg.a(14): Throttling wakeup for job 9006 (expected to run in 0 ms) due to recent wakeup
03-02 22:08:42.062  9261  9261 I Finsky  : [2] tpg.a(30): Scheduling job Id: 9006, L: 30000, D: 86340668, C: false, I: true, N: 2
03-02 22:08:42.064  9261  9261 I Finsky  : [2] tpg.a(14): Throttling wakeup for job 9007 (expected to run in 0 ms) due to recent wakeup
03-02 22:08:42.064  9261  9261 I Finsky  : [2] tpg.a(30): Scheduling job Id: 9007, L: 30000, D: 86340675, C: true, I: true, N: 2
03-02 22:08:42.066  9261  9261 I Finsky  : [2] tpg.a(30): Scheduling job Id: 9008, L: 7496406, D: 8396406, C: false, I: false, N: 0
03-02 22:08:42.132 10813 10813 I app_process: The ClassLoaderContext is a special shared library.
03-02 22:08:42.200 10813 10813 D AndroidRuntime: Calling main entry com.android.commands.input.Input
03-02 22:08:42.204 10813 10813 I Input   : injectKeyEvent: KeyEvent { action=ACTION_DOWN, keyCode=KEYCODE_HOME, scanCode=0, metaState=0, flags=0x0, repeatCount=0, eventTime=15280977481, downTime=15280977481, deviceId=-1, source=0x101 }
03-02 22:08:42.210 10813 10813 I Input   : injectKeyEvent: KeyEvent { action=ACTION_UP, keyCode=KEYCODE_HOME, scanCode=0, metaState=0, flags=0x0, repeatCount=0, eventTime=15280977481, downTime=15280977481, deviceId=-1, source=0x101 }
03-02 22:08:42.216  1456  1941 I ActivityManager: START u0 {act=android.intent.action.MAIN cat=[android.intent.category.HOME] flg=0x10200000 cmp=com.android.launcher3/.CustomizationPanelLauncher (has extras)} from uid 1000
03-02 22:08:42.217   794   839 E ANDR-PERF-RESOURCEQS: Failed to apply optimization [4, 0]
03-02 22:08:42.228  1456  1941 I ActivityManager: moveHomeStack, setupComplete:true
03-02 22:08:42.236  3111  3152 I Adreno  : QUALCOMM build                   : bb5b86c, I77d3059488
03-02 22:08:42.236  3111  3152 I Adreno  : Build Date                       : 06/07/18
03-02 22:08:42.236  3111  3152 I Adreno  : OpenGL ES Shader Compiler Version: EV031.22.00.01_06
03-02 22:08:42.236  3111  3152 I Adreno  : Local Branch                     : 
03-02 22:08:42.236  3111  3152 I Adreno  : Remote Branch                    : refs/tags/AU_LINUX_ANDROID_LA.UM.6.5.R1.08.01.00.312.086
03-02 22:08:42.236  3111  3152 I Adreno  : Remote Branch                    : NONE
03-02 22:08:42.236  3111  3152 I Adreno  : Reconstruct Branch               : NOTHING
03-02 22:08:42.238  3111  3152 D vndksupport: Loading /vendor/lib/hw/gralloc.msm8937.so from current namespace instead of sphal namespace.
03-02 22:08:42.240 10813 10813 D AndroidRuntime: Shutting down VM
03-02 22:08:42.242  3111  3152 I Adreno  : PFP: 0x005ff087, ME: 0x005ff063
03-02 22:08:42.246  3111  3152 I zygote  : android::hardware::configstore::V1_0::ISurfaceFlingerConfigs::hasWideColorDisplay retrieved: 0
03-02 22:08:42.247  3111  3152 I OpenGLRenderer: Initialized EGL, version 1.4
03-02 22:08:42.247  3111  3152 D OpenGLRenderer: Swap behavior 2
03-02 22:08:42.255  2748  2748 D Launcher.Utilities: Wakeup weather: Intent { act=com.motorola.launcher3.action.WAKEUP_WEATHER cmp=com.motorola.timeweatherwidget/com.motorola.commandcenter.weather.WakeUpService }
03-02 22:08:42.271  1456  1456 I NotificationService: Cannot find enqueued record for key: 0|com.motorola.timeweatherwidget|1|null|10116
03-02 22:08:42.273   808   808 D SurfaceFlinger: duplicate layer name: changing com.android.launcher3/com.android.launcher3.CustomizationPanelLauncher to com.android.launcher3/com.android.launcher3.CustomizationPanelLauncher#1
03-02 22:08:42.289  1456  3925 I WifiService: getWifiEnabledState uid=10073
03-02 22:08:42.289  3111  3137 W ThreadPoolDumper: Queue length for executor EventBus is now 11. Perhaps some tasks are too long, or the pool is too small.
03-02 22:08:42.309  1456  5907 I WifiService: getWifiEnabledState uid=10073
03-02 22:08:42.319  9261  9261 I Finsky  : [2] ppb.onTrimMemory(1): Memory trim requested to level 80
03-02 22:08:42.323  3111  3156 I DEBUG   : OpaToSrpTransitionState#onStateChanged#notNullQuery
03-02 22:08:42.325  3111  3156 I DEBUG   : OpaToSrpTransitionState#onStateChanged#notNullQuery
03-02 22:08:42.361  3111  3156 I MicroDetectionState: Should stop hotword detection immediately - false
03-02 22:08:42.367  1456  1673 I LaunchCheckinHandler: Displayed com.android.launcher3/.CustomizationPanelLauncher,wp,wa,149
03-02 22:08:42.367  3111  3156 I MicroDetectionWorker: #startMicroDetector [speakerMode: 0]
03-02 22:08:42.371  3111  3156 I AudioController: Created new AudioSource
03-02 22:08:42.374  3111  3139 I MicroDataManager: isInitializedWithLatestParams-true
03-02 22:08:42.375  3111  3139 I MicroDataManager: isInitializing-false locale not changed-true model not changed-true
03-02 22:08:42.375  3111  3139 I MicroDataManager: Already initialized, obtaining the hotword data immediately.
03-02 22:08:42.386  3111  3219 I MicroRecognitionRunner: Starting detection.
03-02 22:08:42.387  3111  3219 I InputStreamUtils: Using micInputStream
03-02 22:08:42.387  3111  5678 I MicrophoneInputStream: mic_starting  SR : 16000 CC : 16 SO : 1999
03-02 22:08:42.392   788  1479 V msm8974_platform: platform_check_input_mask: enter check_input_mask source 6 mask 10
03-02 22:08:42.394  1012 10831 I AudioFlinger: AudioFlinger's thread 0xb24839c0 tid=10831 ready to run
03-02 22:08:42.401   788  1479 D audio_hw_primary: in_set_parameters: enter: kvpairs=input_source=6;routing=-2147483644
03-02 22:08:42.402  1012 19499 D APM_AudioPolicyManager: AudioPolicyManager::startInput() input 176054, session 176161, source = 1999
03-02 22:08:42.402  3111  5678 I MicrophoneInputStream: mic_started  SR : 16000 CC : 16 SO : 1999
03-02 22:08:42.403   788 10832 V msm8974_platform: platform_update_usecase_from_source: input source :6
03-02 22:08:42.403   788 10832 V msm8974_platform: platform_check_input_mask: enter check_input_mask source 6 mask 10
03-02 22:08:42.404   788 10832 V msm8974_platform: platform_get_input_snd_device: enter: out_device(0) in_device(0x4) channel_count (1) channel_mask (0x10)
03-02 22:08:42.404   788 10832 V msm8974_platform: platform_get_input_snd_device: exit: in_snd_device(voice-rec-mic)
03-02 22:08:42.404   788 10832 V msm8974_platform: platform_get_backend_index:napb: backend port - 5 device - 120 
03-02 22:08:42.404   788 10832 V msm8974_platform: platform_check_and_set_capture_backend_cfg:txbecf: afe: bitwidth 0, samplerate 0, channel 1, backend_idx 5 usecase = 9 device (voice-rec-mic)
03-02 22:08:42.404   788 10832 V msm8974_platform: platform_check_capture_backend_cfg:txbecf: afe: Codec selected backend: 5 current bit width: 0 and sample rate: 0, channels 1
03-02 22:08:42.404   788 10832 V msm8974_platform: platform_check_capture_backend_cfg:txbecf: afe: Codec selected backend: 5 updated bit width: 0 and sample rate: 0
03-02 22:08:42.404   788 10832 I msm8974_platform: platform_check_capture_backend_cfg:txbecf: afe: Codec backend needs to be updated. new bit width: 0 new sample rate: 0 new channel: 1
03-02 22:08:42.404   788 10832 V msm8974_platform: platform_get_backend_index:napb: backend port - 5 device - 120 
03-02 22:08:42.404   788 10832 V msm8974_platform: platform_set_backend_cfg:becf: afe: bitwidth 0, samplerate 0 channels 1, backend_idx 5 device (voice-rec-mic)
03-02 22:08:42.404   788 10832 E msm8974_platform: platform_set_backend_cfg:becf: afe: Could not get ctl for mixer command - SLIM_0_TX Format
03-02 22:08:42.405   788 10832 V msm8974_platform: platform_send_audio_calibration: sending audio calibration for snd_device(120) acdb_id(62)
03-02 22:08:42.405   788 10832 D ACDB-LOADER: ACDB -> send_audio_cal, acdb_id = 62, path = 1, app id = 0x11130, sample rate = 48000
03-02 22:08:42.405   788 10832 D ACDB-LOADER: ACDB -> send_asm_topology
03-02 22:08:42.405   788 10832 D ACDB-LOADER: ACDB -> ACDB_CMD_GET_AUDPROC_STREAM_TOPOLOGY_ID
03-02 22:08:42.405   788 10832 D ACDB-LOADER: ACDB -> send_adm_topology
03-02 22:08:42.405   788 10832 D ACDB-LOADER: ACDB -> ACDB_CMD_GET_AUDPROC_COMMON_TOPOLOGY_ID
03-02 22:08:42.405   788 10832 D ACDB-LOADER: ACDB -> send_audtable
03-02 22:08:42.405   788 10832 D ACDB-LOADER: ACDB -> ACDB_CMD_GET_AUDPROC_COMMON_TABLE_SIZE
03-02 22:08:42.405   788 10832 D ACDB-LOADER: ACDB -> ACDB_CMD_GET_AUDPROC_COMMON_TABLE
03-02 22:08:42.405   788 10832 D ACDB-LOADER: ACDB -> AUDIO_SET_AUDPROC_CAL
03-02 22:08:42.405   788 10832 D ACDB-LOADER: ACDB -> send_audvoltable
03-02 22:08:42.405   788 10832 D ACDB-LOADER: ACDB -> ACDB_CMD_GET_AUDPROC_VOL_STEP_TABLE_SIZE
03-02 22:08:42.405   788 10832 D ACDB-LOADER: ACDB -> ACDB_CMD_GET_AUDPROC_GAIN_DEP_STEP_TABLE, vol index 0
03-02 22:08:42.405   788 10832 D         : Failed to fetch the lookup information of the device 0000003E 
03-02 22:08:42.405   788 10832 D ACDB-LOADER: ACDB -> AUDIO_SET_VOL_CAL cal type = 12
03-02 22:08:42.405   788 10832 D ACDB-LOADER: ACDB -> ACDB_CMD_GET_AUDPROC_STREAM_TABLE_SIZE
03-02 22:08:42.405   788 10832 D ACDB-LOADER: ACDB -> send_audstrmtable
03-02 22:08:42.405   788 10832 D ACDB-LOADER: ACDB -> ACDB_CMD_GET_AUDPROC_STREAM_TABLE_V2
03-02 22:08:42.405   788 10832 D ACDB-LOADER: ACDB -> audstrm_cal->cal_type.cal_data.cal_size = 456
03-02 22:08:42.405   788 10832 D ACDB-LOADER: ACDB -> send_afe_topology
03-02 22:08:42.405   788 10832 D ACDB-LOADER: ACDB -> ACDB_CMD_GET_AFE_TOPOLOGY_ID
03-02 22:08:42.405   788 10832 D ACDB-LOADER: ACDB -> GET_AFE_TOPOLOGY_ID for adcd_id 62, Topology Id 112fb
03-02 22:08:42.405   788 10832 D ACDB-LOADER: ACDB -> send_afe_cal
03-02 22:08:42.405   788 10832 D ACDB-LOADER: ACDB -> ACDB_CMD_GET_AFE_COMMON_TABLE_SIZE
03-02 22:08:42.405   788 10832 D         : Failed to fetch the lookup information of the device 0000003E 
03-02 22:08:42.406   788 10832 E ACDB-LOADER: Error: ACDB_CMD_GET_AFE_COMMON_TABLE_SIZE Returned = -19
03-02 22:08:42.406   788 10832 D ACDB-LOADER: ACDB -> ACDB_CMD_GET_AFE_COMMON_TABLE
03-02 22:08:42.406   788 10832 D         : Failed to fetch the lookup information of the device 0000003E 
03-02 22:08:42.406   788 10832 D ACDB-LOADER: ACDB -> AUDIO_SET_AFE_CAL
03-02 22:08:42.406   788 10832 D ACDB-LOADER: ACDB -> send_hw_delay : acdb_id = 62 path = 1
03-02 22:08:42.406   788 10832 D ACDB-LOADER: ACDB -> ACDB_AVSYNC_INFO: ACDB_CMD_GET_DEVICE_PROPERTY
03-02 22:08:42.406   788 10832 D audio_hw_primary: enable_snd_device: snd_device(120: voice-rec-mic)
03-02 22:08:42.406   788 10832 D audio_route: Apply path: voice-rec-mic
03-02 22:08:42.408   788 10832 V msm8974_platform: platform_get_snd_device_backend_index: enter with device 120
