02-05 22:07:53.682 19796 19796 I chatty  : uid=10827(org.mozilla.fenix.nightly) expire 2 lines
02-05 22:07:53.682 19796 19814 I chatty  : uid=10827(org.mozilla.fenix.nightly) expire 15 lines
02-05 22:07:53.701  1456  2196 I ActivityManager: Displayed org.mozilla.fenix.nightly/org.mozilla.fenix.HomeActivity: +1s153ms
02-05 22:07:53.701  1456  2196 I ActivityManager: Fully drawn org.mozilla.fenix.nightly/org.mozilla.fenix.HomeActivity: +1s153ms
02-05 22:07:53.715 19680 19680 I chatty  : uid=10827(org.mozilla.fenix.nightly) expire 10 lines
02-05 22:07:53.776  1456  1673 I LaunchCheckinHandler: Displayed org.mozilla.fenix.nightly/org.mozilla.fenix.HomeActivity,cp,ca,1228
02-05 22:07:53.809 20023 20023 I MemoryTrimmer: Trimming objects from memory, since app is in the background.
02-05 22:07:53.820 17931 17931 I Finsky  : [2] ppb.onTrimMemory(1): Memory trim requested to level 80
02-05 22:07:53.824 20023 20113 I PBSessionCacheImpl: Deleted sessionId[88063665787505162] from persistence.
02-05 22:07:53.827 20023 20023 I MemoryTrimmer: Trimming objects from memory, since app is in the background.
02-05 22:07:53.832  1456  7570 I WifiService: getWifiEnabledState uid=10073
02-05 22:07:53.841 20023 20165 W SearchServiceCore: Abort, client detached.
02-05 22:07:54.156  1456  1466 I zygote  : Background concurrent copying GC freed 72761(4MB) AllocSpace objects, 31(1260KB) LOS objects, 39% free, 36MB/60MB, paused 427us total 350.014ms
02-05 22:07:54.158 19680 19714 I chatty  : uid=10827(org.mozilla.fenix.nightly) expire 11 lines
02-05 22:07:54.792 19680 19863 I chatty  : uid=10827(org.mozilla.fenix.nightly) expire 2 lines
02-05 22:07:58.031  2398  2398 D ImsResolver: maybeAddedImsService, packageName: org.mozilla.fenix.nightly
02-05 22:07:58.032  1456  1600 W ResourceType: No known package when getting value for resource number 0x7f0801a0
02-05 22:07:58.033  1456  1600 W ResourceType: No known package when getting value for resource number 0x7f120106
02-05 22:07:58.033  1456  1600 W ResourceType: No known package when getting value for resource number 0x7f120106
02-05 22:07:58.033  1456  1600 W ResourceType: No known package when getting value for resource number 0x7f08019e
02-05 22:07:58.033  1456  1600 W ResourceType: No known package when getting value for resource number 0x7f120105
02-05 22:07:58.033  1456  1600 W ResourceType: No known package when getting value for resource number 0x7f120105
02-05 22:07:58.034  2360  2360 D MayaFrameworkProxyService: receive intent :Intent { act=android.intent.action.PACKAGE_CHANGED dat=package:org.mozilla.fenix.nightly flg=0x45000010 (has extras) }
02-05 22:07:58.060  1456  1456 W ResourceType: ResTable_typeSpec entry count inconsistent: given 669, previously 675
02-05 22:07:58.060  1456  1456 W ResourceType: ResTable_typeSpec entry count inconsistent: given 394, previously 1461
02-05 22:07:58.060  1456  1456 W ResourceType: ResTable_typeSpec entry count inconsistent: given 217, previously 1293
02-05 22:07:58.062  1456  1942 I InputReader: Reconfiguring input devices.  changes=0x00000010
02-05 22:07:58.142  1456  1456 W ResourceType: Found multiple library tables, ignoring...
02-05 22:07:58.146  2398  2398 D CarrierSvcBindHelper: No carrier app for: 0
02-05 22:07:58.147  2398  2398 D CarrierSvcBindHelper: No carrier app for: 1
02-05 22:07:58.156  2398  2398 E VvmPkgInstalledRcvr: cannot create TelephonyManager from ComponentInfo{com.android.phone/com.android.services.telephony.TelephonyConnectionService}, [****], UserHandle{0}
02-05 22:07:58.170  1456  1600 W ResourceType: ResTable_typeSpec entry count inconsistent: given 29, previously 34
02-05 22:07:58.173  1456  1600 W ResourceType: ResTable_typeSpec entry count inconsistent: given 2172, previously 2169
02-05 22:07:58.173  1456  1600 W ResourceType: ResTable_typeSpec entry count inconsistent: given 272, previously 1536
02-05 22:07:58.191 19887 19887 D AndroidRuntime: >>>>>> START com.android.internal.os.RuntimeInit uid 2000 <<<<<<
02-05 22:07:58.197 13975 14023 I Icing   : IndexChimeraService.getServiceInterface callingPackage=com.google.android.gms componentName=AppsCorpus serviceId=36
02-05 22:07:58.205 19887 19887 W app_process: Could not reserve sentinel fault page
02-05 22:07:58.208  1456  1456 I TelecomService: DefaultDialerCache: Refreshing default dialer for user 0: now com.android.dialer: DDC.oR@EMk
02-05 22:07:58.210 13975 13136 W Icing   : No valid account for uploading user actions
02-05 22:07:58.293 13975 13136 I Icing   : Usage reports ok 1, Failed Usage reports 0, indexed 0, rejected 0
02-05 22:07:58.295 13975 13136 I Icing   : Indexing com.google.android.gms-internal.3p:MobileApplication from com.google.android.gms using seqno 2511
02-05 22:07:58.370 19887 19887 I app_process: The ClassLoaderContext is a special shared library.
02-05 22:07:58.436 19887 19887 D AndroidRuntime: Calling main entry com.android.commands.input.Input
02-05 22:07:58.437 19887 19887 I Input   : injectKeyEvent: KeyEvent { action=ACTION_DOWN, keyCode=KEYCODE_HOME, scanCode=0, metaState=0, flags=0x0, repeatCount=0, eventTime=13379009944, downTime=13379009944, deviceId=-1, source=0x101 }
02-05 22:07:58.447 19887 19887 I Input   : injectKeyEvent: KeyEvent { action=ACTION_UP, keyCode=KEYCODE_HOME, scanCode=0, metaState=0, flags=0x0, repeatCount=0, eventTime=13379009944, downTime=13379009944, deviceId=-1, source=0x101 }
02-05 22:07:58.454  1456  1941 I ActivityManager: START u0 {act=android.intent.action.MAIN cat=[android.intent.category.HOME] flg=0x10200000 cmp=com.android.launcher3/.CustomizationPanelLauncher (has extras)} from uid 1000
02-05 22:07:58.455   794   839 E ANDR-PERF-RESOURCEQS: Failed to apply optimization [4, 0]
02-05 22:07:58.466  1456  1941 I ActivityManager: moveHomeStack, setupComplete:true
02-05 22:07:58.473 20023 20118 I Adreno  : QUALCOMM build                   : bb5b86c, I77d3059488
02-05 22:07:58.473 20023 20118 I Adreno  : Build Date                       : 06/07/18
02-05 22:07:58.473 20023 20118 I Adreno  : OpenGL ES Shader Compiler Version: EV031.22.00.01_06
02-05 22:07:58.473 20023 20118 I Adreno  : Local Branch                     : 
02-05 22:07:58.473 20023 20118 I Adreno  : Remote Branch                    : refs/tags/AU_LINUX_ANDROID_LA.UM.6.5.R1.08.01.00.312.086
02-05 22:07:58.473 20023 20118 I Adreno  : Remote Branch                    : NONE
02-05 22:07:58.473 20023 20118 I Adreno  : Reconstruct Branch               : NOTHING
02-05 22:07:58.476 20023 20118 D vndksupport: Loading /vendor/lib/hw/gralloc.msm8937.so from current namespace instead of sphal namespace.
02-05 22:07:58.477 19887 19887 D AndroidRuntime: Shutting down VM
02-05 22:07:58.480 20023 20118 I Adreno  : PFP: 0x005ff087, ME: 0x005ff063
02-05 22:07:58.483 20023 20118 I zygote  : android::hardware::configstore::V1_0::ISurfaceFlingerConfigs::hasWideColorDisplay retrieved: 0
02-05 22:07:58.484 20023 20118 I OpenGLRenderer: Initialized EGL, version 1.4
02-05 22:07:58.484 20023 20118 D OpenGLRenderer: Swap behavior 2
02-05 22:07:58.490  2748  2748 D Launcher.Utilities: Wakeup weather: Intent { act=com.motorola.launcher3.action.WAKEUP_WEATHER cmp=com.motorola.timeweatherwidget/com.motorola.commandcenter.weather.WakeUpService }
02-05 22:07:58.504  1456  1456 I NotificationService: Cannot find enqueued record for key: 0|com.motorola.timeweatherwidget|1|null|10116
02-05 22:07:58.509   808   808 D SurfaceFlinger: duplicate layer name: changing com.android.launcher3/com.android.launcher3.CustomizationPanelLauncher to com.android.launcher3/com.android.launcher3.CustomizationPanelLauncher#1
02-05 22:07:58.524 20023 20101 W ThreadPoolDumper: Queue length for executor EventBus is now 11. Perhaps some tasks are too long, or the pool is too small.
02-05 22:07:58.526  1456  4679 I WifiService: getWifiEnabledState uid=10073
02-05 22:07:58.539  1456  4679 I WifiService: getWifiEnabledState uid=10073
02-05 22:07:58.565 20023 20165 I MicroDetectionState: Should stop hotword detection immediately - false
02-05 22:07:58.571 20023 20165 I MicroDetectionWorker: #startMicroDetector [speakerMode: 0]
02-05 22:07:58.572 20023 20165 I AudioController: Created new AudioSource
02-05 22:07:58.582  1456  1673 I LaunchCheckinHandler: Displayed com.android.launcher3/.CustomizationPanelLauncher,wp,wa,127
02-05 22:07:58.583 20023 20115 I MicroDataManager: isInitializedWithLatestParams-true
02-05 22:07:58.583 20023 20115 I MicroDataManager: isInitializing-false locale not changed-true model not changed-true
02-05 22:07:58.584 20023 20115 I MicroDataManager: Already initialized, obtaining the hotword data immediately.
02-05 22:07:58.589 20023 11076 I MicroRecognitionRunner: Starting detection.
02-05 22:07:58.589 20023 11076 I InputStreamUtils: Using micInputStream
02-05 22:07:58.589 17931 17931 I Finsky  : [2] ppb.onTrimMemory(1): Memory trim requested to level 80
02-05 22:07:58.590 20023  2762 I MicrophoneInputStream: mic_starting  SR : 16000 CC : 16 SO : 1999
02-05 22:07:58.593   788  1479 V msm8974_platform: platform_check_input_mask: enter check_input_mask source 6 mask 10
02-05 22:07:58.597  1012 19916 I AudioFlinger: AudioFlinger's thread 0xb2483440 tid=19916 ready to run
02-05 22:07:58.606   788  1479 D audio_hw_primary: in_set_parameters: enter: kvpairs=input_source=6;routing=-2147483644
02-05 22:07:58.607  1012  1301 D APM_AudioPolicyManager: AudioPolicyManager::startInput() input 122598, session 122673, source = 1999
02-05 22:07:58.608 20023  2762 I MicrophoneInputStream: mic_started  SR : 16000 CC : 16 SO : 1999
02-05 22:07:58.609   788 19917 V msm8974_platform: platform_update_usecase_from_source: input source :6
02-05 22:07:58.609   788 19917 V msm8974_platform: platform_check_input_mask: enter check_input_mask source 6 mask 10
02-05 22:07:58.609   788 19917 V msm8974_platform: platform_get_input_snd_device: enter: out_device(0) in_device(0x4) channel_count (1) channel_mask (0x10)
02-05 22:07:58.609   788 19917 V msm8974_platform: platform_get_input_snd_device: exit: in_snd_device(voice-rec-mic)
02-05 22:07:58.609   788 19917 V msm8974_platform: platform_get_backend_index:napb: backend port - 5 device - 120 
02-05 22:07:58.609   788 19917 V msm8974_platform: platform_check_and_set_capture_backend_cfg:txbecf: afe: bitwidth 0, samplerate 0, channel 1, backend_idx 5 usecase = 9 device (voice-rec-mic)
02-05 22:07:58.609   788 19917 V msm8974_platform: platform_check_capture_backend_cfg:txbecf: afe: Codec selected backend: 5 current bit width: 0 and sample rate: 0, channels 1
02-05 22:07:58.609   788 19917 V msm8974_platform: platform_check_capture_backend_cfg:txbecf: afe: Codec selected backend: 5 updated bit width: 0 and sample rate: 0
02-05 22:07:58.609   788 19917 I msm8974_platform: platform_check_capture_backend_cfg:txbecf: afe: Codec backend needs to be updated. new bit width: 0 new sample rate: 0 new channel: 1
02-05 22:07:58.609   788 19917 V msm8974_platform: platform_get_backend_index:napb: backend port - 5 device - 120 
02-05 22:07:58.609   788 19917 V msm8974_platform: platform_set_backend_cfg:becf: afe: bitwidth 0, samplerate 0 channels 1, backend_idx 5 device (voice-rec-mic)
02-05 22:07:58.609   788 19917 E msm8974_platform: platform_set_backend_cfg:becf: afe: Could not get ctl for mixer command - SLIM_0_TX Format
02-05 22:07:58.609   788 19917 V msm8974_platform: platform_send_audio_calibration: sending audio calibration for snd_device(120) acdb_id(62)
02-05 22:07:58.609   788 19917 D ACDB-LOADER: ACDB -> send_audio_cal, acdb_id = 62, path = 1, app id = 0x11130, sample rate = 48000
02-05 22:07:58.610   788 19917 D ACDB-LOADER: ACDB -> send_asm_topology
02-05 22:07:58.610   788 19917 D ACDB-LOADER: ACDB -> ACDB_CMD_GET_AUDPROC_STREAM_TOPOLOGY_ID
02-05 22:07:58.610   788 19917 D ACDB-LOADER: ACDB -> send_adm_topology
02-05 22:07:58.610   788 19917 D ACDB-LOADER: ACDB -> ACDB_CMD_GET_AUDPROC_COMMON_TOPOLOGY_ID
02-05 22:07:58.610   788 19917 D ACDB-LOADER: ACDB -> send_audtable
02-05 22:07:58.610   788 19917 D ACDB-LOADER: ACDB -> ACDB_CMD_GET_AUDPROC_COMMON_TABLE_SIZE
02-05 22:07:58.610   788 19917 D ACDB-LOADER: ACDB -> ACDB_CMD_GET_AUDPROC_COMMON_TABLE
02-05 22:07:58.610   788 19917 D ACDB-LOADER: ACDB -> AUDIO_SET_AUDPROC_CAL
02-05 22:07:58.610   788 19917 D ACDB-LOADER: ACDB -> send_audvoltable
02-05 22:07:58.610   788 19917 D ACDB-LOADER: ACDB -> ACDB_CMD_GET_AUDPROC_VOL_STEP_TABLE_SIZE
02-05 22:07:58.610   788 19917 D ACDB-LOADER: ACDB -> ACDB_CMD_GET_AUDPROC_GAIN_DEP_STEP_TABLE, vol index 0
02-05 22:07:58.610   788 19917 D         : Failed to fetch the lookup information of the device 0000003E 
02-05 22:07:58.610   788 19917 D ACDB-LOADER: ACDB -> AUDIO_SET_VOL_CAL cal type = 12
02-05 22:07:58.610   788 19917 D ACDB-LOADER: ACDB -> ACDB_CMD_GET_AUDPROC_STREAM_TABLE_SIZE
02-05 22:07:58.610   788 19917 D ACDB-LOADER: ACDB -> send_audstrmtable
02-05 22:07:58.610   788 19917 D ACDB-LOADER: ACDB -> ACDB_CMD_GET_AUDPROC_STREAM_TABLE_V2
02-05 22:07:58.610   788 19917 D ACDB-LOADER: ACDB -> audstrm_cal->cal_type.cal_data.cal_size = 456
02-05 22:07:58.610   788 19917 D ACDB-LOADER: ACDB -> send_afe_topology
02-05 22:07:58.610   788 19917 D ACDB-LOADER: ACDB -> ACDB_CMD_GET_AFE_TOPOLOGY_ID
02-05 22:07:58.610   788 19917 D ACDB-LOADER: ACDB -> GET_AFE_TOPOLOGY_ID for adcd_id 62, Topology Id 112fb
02-05 22:07:58.610   788 19917 D ACDB-LOADER: ACDB -> send_afe_cal
02-05 22:07:58.610   788 19917 D ACDB-LOADER: ACDB -> ACDB_CMD_GET_AFE_COMMON_TABLE_SIZE
02-05 22:07:58.610   788 19917 D         : Failed to fetch the lookup information of the device 0000003E 
02-05 22:07:58.610   788 19917 E ACDB-LOADER: Error: ACDB_CMD_GET_AFE_COMMON_TABLE_SIZE Returned = -19
02-05 22:07:58.610   788 19917 D ACDB-LOADER: ACDB -> ACDB_CMD_GET_AFE_COMMON_TABLE
02-05 22:07:58.611   788 19917 D         : Failed to fetch the lookup information of the device 0000003E 
02-05 22:07:58.611   788 19917 D ACDB-LOADER: ACDB -> AUDIO_SET_AFE_CAL
02-05 22:07:58.611   788 19917 D ACDB-LOADER: ACDB -> send_hw_delay : acdb_id = 62 path = 1
02-05 22:07:58.611   788 19917 D ACDB-LOADER: ACDB -> ACDB_AVSYNC_INFO: ACDB_CMD_GET_DEVICE_PROPERTY
02-05 22:07:58.611   788 19917 D audio_hw_primary: enable_snd_device: snd_device(120: voice-rec-mic)
02-05 22:07:58.611   788 19917 D audio_route: Apply path: voice-rec-mic
02-05 22:07:58.615   788 19917 V msm8974_platform: platform_get_snd_device_backend_index: enter with device 120
02-05 22:07:58.615   788 19917 E msm8974_platform: platform_get_snd_device_backend_index: BE DAI Name Table is not present
02-05 22:07:58.615   788 19917 V msm8974_platform: platform_get_backend_index:napb: backend port - 5 device - 120 
02-05 22:07:58.615   788 19917 I audio_hw_utils: Set Audio Stream Capture 0 App Type Cfg: app_type 69936, acdb_dev_id 62, sample_rate 48000, snd_device_be_idx -14
02-05 22:07:58.616   788 19917 D audio_hw_primary: enable_audio_route: usecase(9) apply and update mixer path: audio-record
02-05 22:07:58.616   788 19917 D audio_route: Apply path: audio-record
02-05 22:07:58.686 20023 20165 I MicroDetectionWorker: onReady
02-05 22:07:58.991  1456  7796 I OpenGLRenderer: Initialized EGL, version 1.4
02-05 22:07:58.991  1456  7796 D OpenGLRenderer: Swap behavior 2
02-05 22:07:59.037  2748  2917 W OpenGLRenderer: Incorrectly called buildLayer on View: ShortcutAndWidgetContainer, destroying layer...
02-05 22:07:59.165 19680 19741 I chatty  : uid=10827(org.mozilla.fenix.nightly) expire 1 line
02-05 22:07:59.169 19680 19704 I chatty  : uid=10827(org.mozilla.fenix.nightly) expire 6 lines
02-05 22:07:59.196   808   898 I SFPerfTracer:      triggers: (rate: 0:0) (0 sw vsyncs) (0 skipped) (37:3483561 vsyncs) (39:6197078)
02-05 22:07:59.238  1456  3925 D ConnectivityService: requestNetwork for uid/pid:10827/19680 NetworkRequest [ TRACK_DEFAULT id=25062, [ Capabilities: INTERNET&NOT_RESTRICTED&TRUSTED&NOT_VPN] ]
02-05 22:07:59.239  1456  2099 D Ethernet: got request NetworkRequest [ TRACK_DEFAULT id=25062, [ Capabilities: INTERNET&NOT_RESTRICTED&TRUSTED&NOT_VPN] ] with score 60
02-05 22:07:59.239  2398  2398 D PhoneSwitcherNetworkRequstListener: got request NetworkRequest [ TRACK_DEFAULT id=25062, [ Capabilities: INTERNET&NOT_RESTRICTED&TRUSTED&NOT_VPN] ] with score 60
02-05 22:07:59.252  1456  2054 D WIFI_UT : got request NetworkRequest [ TRACK_DEFAULT id=25062, [ Capabilities: INTERNET&NOT_RESTRICTED&TRUSTED&NOT_VPN] ] with score 60
02-05 22:07:59.252  1456  2054 D WIFI    : got request NetworkRequest [ TRACK_DEFAULT id=25062, [ Capabilities: INTERNET&NOT_RESTRICTED&TRUSTED&NOT_VPN] ] with score 60
02-05 22:07:59.271 20023 20046 I zygote  : Background concurrent copying GC freed 120728(5MB) AllocSpace objects, 7(2MB) LOS objects, 33% free, 46MB/70MB, paused 125us total 681.552ms
02-05 22:07:59.275 19680 19920 I chatty  : uid=10827(org.mozilla.fenix.nightly) expire 9 lines
02-05 22:07:59.295 13975 13136 I Icing   : Indexing com.google.android.gms-apps from com.google.android.gms
02-05 22:07:59.353 13975 13136 I Icing   : Indexing done com.google.android.gms-apps
02-05 22:07:59.851 19680 19699 I chatty  : uid=10827(org.mozilla.fenix.nightly) expire 1 line
02-05 22:07:59.855  1456  2067 D ConnectivityService: releasing NetworkRequest [ TRACK_DEFAULT id=25062, [ Capabilities: INTERNET&NOT_RESTRICTED&TRUSTED&NOT_VPN] ] (release request)
02-05 22:08:02.467  1456  1893 D BatteryService: uevent={POWER_SUPPLY_VOLTAGE_NOW=4340032, POWER_SUPPLY_CHARGE_RATE=Normal, POWER_SUPPLY_HEALTH=Good, POWER_SUPPLY_CURRENT_NOW=3662, POWER_SUPPLY_PRESENT=1, SUBSYSTEM=power_supply, POWER_SUPPLY_TEMP=315, SEQNUM=355765, ACTION=change, POWER_SUPPLY_NAME=battery, POWER_SUPPLY_STATUS=Full, POWER_SUPPLY_CHARGE_COUNTER=2804317, POWER_SUPPLY_CAPACITY=100, DEVPATH=/devices/soc/qpnp-smbcharger-17/power_supply/battery}
02-05 22:08:02.475  2398  2398 D QtiCarrierConfigHelper: WARNING, no carrier configs on phone Id: 0
02-05 22:08:02.611   808   808 I SFPerfTracer:      triggers: (rate: 50:549453) (compose: 0:6) (post: 0:14) (render: 0:11) (1:4655242 frames) (2:6147928)
02-05 22:08:02.612   808   808 D SFPerfTracer:        layers: (4:12) (NavigationBar#0 (0xb07df000): 0:505710) (StatusBar#0 (0xb07e3000): 2:1448591) (com.android.systemui.ImageWallpaper#0 (0xb07e7000): 0:43829) (Sprite#0 (0xb0733000): 0:317)* (DimLayerController/Stack=0#0 (0xb075a000): 0:3589)* (Sprite#1 (0xb077c000): 0:195)* (com.android.launcher3/com.android.launcher3.CustomizationPanelLauncher#0 (0xb0763000): 0:38)- (com.android.launcher3/com.android.launcher3.CustomizationPanelLauncher#1 (0xb0771000): 0:9)- (Splash Screen org.mozilla.fenix.nightly#0 (0xb0384000): 0:31)- (org.mozilla.fenix.nightly/org.mozilla.fenix.HomeActivity#0 (0xb039b000): 0:46)- (com.android.launcher3/com.android.launcher3.CustomizationPanelLauncher#0 (0xb0763000): 0:37)* (com.android.launcher3/com.android.launcher3.CustomizationPanelLauncher#1 (0xb0771000): 0:11) 
02-05 22:08:03.623  1456  2915 I ActivityManager: Force stopping org.mozilla.fenix.nightly appid=10827 user=0: from pid 19925
02-05 22:08:03.623  1456  2915 I ActivityManager: Killing 19680:org.mozilla.fenix.nightly/u0a827 (adj 700): stop org.mozilla.fenix.nightly
02-05 22:08:03.627  1456  1605 W zygote  : kill(-19680, 9) failed: No such process
02-05 22:08:03.628 19773 19773 I chatty  : uid=10827(org.mozilla.fenix.nightly) expire 1 line
02-05 22:08:03.628  1456  2915 W ActivityManager: Force removing ActivityRecord{43955b9 u0 org.mozilla.fenix.nightly/org.mozilla.fenix.HomeActivity t23144}: app died, no saved state
02-05 22:08:03.638  1456  2915 I ActivityManager: Killing 19796:org.mozilla.fenix.nightly:socket/u0a827 (adj 0): stop org.mozilla.fenix.nightly
02-05 22:08:03.641  1456  2915 I ActivityManager: Killing 19773:org.mozilla.fenix.nightly:tab/u0a827 (adj 0): stop org.mozilla.fenix.nightly
02-05 22:08:03.649  1456  1605 W zygote  : kill(-19680, 9) failed: No such process
02-05 22:08:03.654  2398  2398 D CarrierSvcBindHelper: No carrier app for: 0
02-05 22:08:03.655  2398  2398 D CarrierSvcBindHelper: No carrier app for: 1
02-05 22:08:03.661  1456  1605 W zygote  : kill(-19680, 9) failed: No such process
02-05 22:08:03.708  1456  1605 I chatty  : uid=1000(system) ActivityManager identical 7 lines
02-05 22:08:03.715  1456  1673 W ActivityManager: setHasOverlayUi called on unknown pid: 19680
02-05 22:08:03.724  1456  1605 W zygote  : kill(-19680, 9) failed: No such process
02-05 22:08:03.724  1456  1605 I zygote  : Successfully killed process cgroup uid 10827 pid 19680 in 97ms
02-05 22:08:03.724  1456  1605 W zygote  : kill(-19796, 9) failed: No such process
02-05 22:08:03.724  1456  1605 I zygote  : Successfully killed process cgroup uid 10827 pid 19796 in 0ms
02-05 22:08:03.725  1456  1605 W zygote  : kill(-19773, 9) failed: No such process
02-05 22:08:03.725  1456  1605 I zygote  : Successfully killed process cgroup uid 10827 pid 19773 in 0ms
02-05 22:08:03.750  1456  2923 I ActivityManager: START u0 {act=android.intent.action.MAIN cat=[android.intent.category.LAUNCHER] flg=0x10000000 cmp=org.mozilla.fenix.nightly/org.mozilla.fenix.HomeActivity} from uid 2000
02-05 22:08:03.750   794   839 E ANDR-PERF-RESOURCEQS: Failed to apply optimization [4, 0]
02-05 22:08:03.770  1456  2918 I ActivityManager: Start proc 19932:org.mozilla.fenix.nightly/u0a827 for activity org.mozilla.fenix.nightly/org.mozilla.fenix.HomeActivity
02-05 22:08:03.858 20023 20165 I MicroDetectionState: Should stop hotword detection immediately - false
02-05 22:08:03.859 20023 20165 I MicroDetector: Keeping mic open: false
02-05 22:08:03.859 20023 20165 I RecognitionAudioControl: #shutdownAudio [requestId: -1510899938705754461, keepAudioOpen: false, forced: true]
02-05 22:08:03.859 20023 20105 E DeviceStateChecker: DeviceStateChecker cancelled
02-05 22:08:03.859 20023 20165 I RecognitionAudioControl: #internalShutdownAudio [requestId: -1510899938705754461]
02-05 22:08:03.859 20023 20165 I RecognitionAudioControl: #internalShutdownAudio [keepAudioOpen: false, forced: true]
02-05 22:08:03.859 20023 20165 I RecognitionAudioControl: #actualShutdownAudio
02-05 22:08:03.859 20023 20165 I AudioController: #shutdown [requestId=-1510899938705754461]
02-05 22:08:03.860 20023 20125 I AudioController: internalShutdown
02-05 22:08:03.860 20023 20113 I MicroRecognitionRunner: Stopping hotword detection.
02-05 22:08:03.904   788  1479 D audio_hw_primary: disable_audio_route: usecase(9) reset and update mixer path: audio-record
02-05 22:08:03.905   788  1479 D audio_hw_primary: disable_snd_device: snd_device(120: voice-rec-mic)
02-05 22:08:03.906  1012  1301 D APM_AudioPolicyManager: stopInput() input 122598, session 122673
02-05 22:08:03.906   788  1401 D audio_hw_primary: in_set_parameters: enter: kvpairs=routing=0
02-05 22:08:03.908 20023 20125 I MicrophoneInputStream: mic_close  SR : 16000 CC : 16 SO : 1999
02-05 22:08:03.909 20023 20125 E AudioSource: Stop listening is called on already closed AudioSource
02-05 22:08:03.910 20023 11076 I MicroRecognitionRunner: Detection finished
02-05 22:08:03.931 19932 19932 I chatty  : uid=10827(org.mozilla.fenix.nightly) com.google.android.apps.tachyon expire 45 lines
02-05 22:08:03.997 19932 19950 I chatty  : uid=10827(org.mozilla.fenix.nightly) com.google.android.apps.tachyon expire 4 lines
02-05 22:08:04.054 19932 19958 I chatty  : uid=10827(org.mozilla.fenix.nightly) com.google.android.apps.tachyon expire 8 lines
02-05 22:08:04.089 19932 19962 I chatty  : uid=10827(org.mozilla.fenix.nightly) com.google.android.apps.tachyon expire 12 lines
02-05 22:08:04.151 19932 19969 I chatty  : uid=10827(org.mozilla.fenix.nightly) com.google.android.apps.tachyon expire 30 lines
02-05 22:08:04.219 19932 19937 I chatty  : uid=10827(org.mozilla.fenix.nightly) com.google.android.apps.tachyon expire 8 lines
02-05 22:08:04.277 19932 19974 I chatty  : uid=10827(org.mozilla.fenix.nightly) com.google.android.apps.tachyon expire 2 lines
02-05 22:08:04.294 19932 19981 I chatty  : uid=10827(org.mozilla.fenix.nightly) com.google.android.apps.tachyon expire 6 lines
02-05 22:08:04.299 19932 19983 I chatty  : uid=10827(org.mozilla.fenix.nightly) com.google.android.apps.tachyon expire 10 lines
02-05 22:08:04.625 19932 20021 I chatty  : uid=10827(org.mozilla.fenix.nightly) com.google.android.apps.tachyon expire 9 lines
02-05 22:08:04.630  1456  2918 I ActivityManager: Start proc 20022:org.mozilla.fenix.nightly:tab/u0a827 for service org.mozilla.fenix.nightly/org.mozilla.gecko.process.GeckoServiceChildProcess$tab
02-05 22:08:04.694  1456  2923 I WifiService: getDhcpInfo uid=10827
02-05 22:08:04.762  1456  2923 I ActivityManager: Start proc 20056:org.mozilla.fenix.nightly:socket/u0a827 for service org.mozilla.fenix.nightly/org.mozilla.gecko.process.GeckoServiceChildProcess$socket
02-05 22:08:04.780 20022 20022 I chatty  : uid=10827(org.mozilla.fenix.nightly) expire 2 lines
02-05 22:08:04.781 20022 20072 I chatty  : uid=10827(org.mozilla.fenix.nightly) expire 1 line
02-05 22:08:04.910 20056 20056 I chatty  : uid=10827(org.mozilla.fenix.nightly) expire 2 lines
02-05 22:08:04.911 20056 20079 I chatty  : uid=10827(org.mozilla.fenix.nightly) expire 15 lines
02-05 22:08:04.913  1456  2923 I ActivityManager: Displayed org.mozilla.fenix.nightly/org.mozilla.fenix.HomeActivity: +1s155ms
02-05 22:08:04.913  1456  2923 I ActivityManager: Fully drawn org.mozilla.fenix.nightly/org.mozilla.fenix.HomeActivity: +1s155ms
02-05 22:08:04.987  1456  1673 I LaunchCheckinHandler: Displayed org.mozilla.fenix.nightly/org.mozilla.fenix.HomeActivity,cp,ca,1229
02-05 22:08:05.010 17931 17931 I Finsky  : [2] ppb.onTrimMemory(1): Memory trim requested to level 80
02-05 22:08:05.015 20023 20023 I MemoryTrimmer: Trimming objects from memory, since app is in the background.
02-05 22:08:05.024 20023 20023 I MemoryTrimmer: Trimming objects from memory, since app is in the background.
02-05 22:08:05.026 20023  2762 I PBSessionCacheImpl: Deleted sessionId[88063665787505167] from persistence.
02-05 22:08:05.039  1456  6339 I WifiService: getWifiEnabledState uid=10073
02-05 22:08:05.043 20023 20165 W SearchServiceCore: Abort, client detached.
02-05 22:08:05.986 19932 20163 I chatty  : uid=10827(org.mozilla.fenix.nightly) com.google.android.apps.tachyon expire 2 lines
02-05 22:08:09.277  1456  1600 W ResourceType: No known package when getting value for resource number 0x7f0801a0
02-05 22:08:09.277  1456  1600 W ResourceType: No known package when getting value for resource number 0x7f120106
02-05 22:08:09.277  1456  1600 W ResourceType: No known package when getting value for resource number 0x7f120106
02-05 22:08:09.277  1456  1600 W ResourceType: No known package when getting value for resource number 0x7f08019e
02-05 22:08:09.277  1456  1600 W ResourceType: No known package when getting value for resource number 0x7f120105
02-05 22:08:09.277  1456  1600 W ResourceType: No known package when getting value for resource number 0x7f120105
02-05 22:08:09.280  2360  2360 D MayaFrameworkProxyService: receive intent :Intent { act=android.intent.action.PACKAGE_CHANGED dat=package:org.mozilla.fenix.nightly flg=0x45000010 (has extras) }
02-05 22:08:09.287  1456  1942 I InputReader: Reconfiguring input devices.  changes=0x00000010
02-05 22:08:09.327  1456  1456 I TelecomService: DefaultDialerCache: Refreshing default dialer for user 0: now com.android.dialer: DDC.oR@EMw
02-05 22:08:09.343  2398  2398 D ImsResolver: maybeAddedImsService, packageName: org.mozilla.fenix.nightly
02-05 22:08:09.345  2398  2398 D CarrierSvcBindHelper: No carrier app for: 0
02-05 22:08:09.346  2398  2398 D CarrierSvcBindHelper: No carrier app for: 1
02-05 22:08:09.397  2398  2398 E VvmPkgInstalledRcvr: cannot create TelephonyManager from ComponentInfo{com.android.phone/com.android.services.telephony.TelephonyConnectionService}, [****], UserHandle{0}
02-05 22:08:09.405 20193 20193 D AndroidRuntime: >>>>>> START com.android.internal.os.RuntimeInit uid 2000 <<<<<<
02-05 22:08:09.418 20193 20193 W app_process: Could not reserve sentinel fault page
02-05 22:08:09.441 13975 14023 I Icing   : IndexChimeraService.getServiceInterface callingPackage=com.google.android.gms componentName=AppsCorpus serviceId=36
02-05 22:08:09.454 13975 13820 W Icing   : No valid account for uploading user actions
02-05 22:08:09.536 13975 13820 I Icing   : Usage reports ok 1, Failed Usage reports 0, indexed 0, rejected 0
02-05 22:08:09.538 13975 13820 I Icing   : Indexing com.google.android.gms-internal.3p:MobileApplication from com.google.android.gms using seqno 2511
02-05 22:08:09.575 13975 13985 I zygote  : Background concurrent copying GC freed 142255(8MB) AllocSpace objects, 46(2008KB) LOS objects, 49% free, 9MB/18MB, paused 274us total 124.826ms
02-05 22:08:09.585 20193 20193 I app_process: The ClassLoaderContext is a special shared library.
02-05 22:08:09.648 20193 20193 D AndroidRuntime: Calling main entry com.android.commands.input.Input
02-05 22:08:09.649 20193 20193 I Input   : injectKeyEvent: KeyEvent { action=ACTION_DOWN, keyCode=KEYCODE_HOME, scanCode=0, metaState=0, flags=0x0, repeatCount=0, eventTime=13379021156, downTime=13379021156, deviceId=-1, source=0x101 }
02-05 22:08:09.654 20193 20193 I Input   : injectKeyEvent: KeyEvent { action=ACTION_UP, keyCode=KEYCODE_HOME, scanCode=0, metaState=0, flags=0x0, repeatCount=0, eventTime=13379021156, downTime=13379021156, deviceId=-1, source=0x101 }
02-05 22:08:09.660  1456  1941 I ActivityManager: START u0 {act=android.intent.action.MAIN cat=[android.intent.category.HOME] flg=0x10200000 cmp=com.android.launcher3/.CustomizationPanelLauncher (has extras)} from uid 1000
02-05 22:08:09.660   794   839 E ANDR-PERF-RESOURCEQS: Failed to apply optimization [4, 0]
02-05 22:08:09.672  1456  1941 I ActivityManager: moveHomeStack, setupComplete:true
02-05 22:08:09.675 20193 20193 D AndroidRuntime: Shutting down VM
02-05 22:08:09.683 20023 20118 I Adreno  : QUALCOMM build                   : bb5b86c, I77d3059488
02-05 22:08:09.683 20023 20118 I Adreno  : Build Date                       : 06/07/18
02-05 22:08:09.683 20023 20118 I Adreno  : OpenGL ES Shader Compiler Version: EV031.22.00.01_06
02-05 22:08:09.683 20023 20118 I Adreno  : Local Branch                     : 
02-05 22:08:09.683 20023 20118 I Adreno  : Remote Branch                    : refs/tags/AU_LINUX_ANDROID_LA.UM.6.5.R1.08.01.00.312.086
02-05 22:08:09.683 20023 20118 I Adreno  : Remote Branch                    : NONE
02-05 22:08:09.683 20023 20118 I Adreno  : Reconstruct Branch               : NOTHING
02-05 22:08:09.686 20023 20118 D vndksupport: Loading /vendor/lib/hw/gralloc.msm8937.so from current namespace instead of sphal namespace.
02-05 22:08:09.689 20023 20118 I Adreno  : PFP: 0x005ff087, ME: 0x005ff063
02-05 22:08:09.695 20023 20118 I zygote  : android::hardware::configstore::V1_0::ISurfaceFlingerConfigs::hasWideColorDisplay retrieved: 0
02-05 22:08:09.696 20023 20118 I OpenGLRenderer: Initialized EGL, version 1.4
02-05 22:08:09.696 20023 20118 D OpenGLRenderer: Swap behavior 2
02-05 22:08:09.697  2748  2748 D Launcher.Utilities: Wakeup weather: Intent { act=com.motorola.launcher3.action.WAKEUP_WEATHER cmp=com.motorola.timeweatherwidget/com.motorola.commandcenter.weather.WakeUpService }
02-05 22:08:09.711  1456  1456 I NotificationService: Cannot find enqueued record for key: 0|com.motorola.timeweatherwidget|1|null|10116
02-05 22:08:09.714   808   808 D SurfaceFlinger: duplicate layer name: changing com.android.launcher3/com.android.launcher3.CustomizationPanelLauncher to com.android.launcher3/com.android.launcher3.CustomizationPanelLauncher#1
02-05 22:08:09.740 20023 20100 W ThreadPoolDumper: Queue length for executor EventBus is now 11. Perhaps some tasks are too long, or the pool is too small.
02-05 22:08:09.742  1456  7556 I WifiService: getWifiEnabledState uid=10073
02-05 22:08:09.751  1456  6339 I WifiService: getWifiEnabledState uid=10073
02-05 22:08:09.771 20023 20165 I MicroDetectionState: Should stop hotword detection immediately - false
02-05 22:08:09.777 20023 20165 I MicroDetectionWorker: #startMicroDetector [speakerMode: 0]
02-05 22:08:09.779 20023 20165 I AudioController: Created new AudioSource
02-05 22:08:09.793  1456  1673 I LaunchCheckinHandler: Displayed com.android.launcher3/.CustomizationPanelLauncher,wp,wa,134
02-05 22:08:09.795 20023 20096 I MicroDataManager: isInitializedWithLatestParams-true
02-05 22:08:09.795 17931 17931 I Finsky  : [2] ppb.onTrimMemory(1): Memory trim requested to level 80
02-05 22:08:09.795 20023 20096 I MicroDataManager: isInitializing-false locale not changed-true model not changed-true
02-05 22:08:09.795 20023 20096 I MicroDataManager: Already initialized, obtaining the hotword data immediately.
02-05 22:08:09.799 20023 20105 I MicroRecognitionRunner: Starting detection.
02-05 22:08:09.800 20023 20105 I InputStreamUtils: Using micInputStream
02-05 22:08:09.800 20023  2762 I MicrophoneInputStream: mic_starting  SR : 16000 CC : 16 SO : 1999
02-05 22:08:09.803   788  1401 V msm8974_platform: platform_check_input_mask: enter check_input_mask source 6 mask 10
02-05 22:08:09.805  1012 20224 I AudioFlinger: AudioFlinger's thread 0xb24833c0 tid=20224 ready to run
02-05 22:08:09.813   788  1401 D audio_hw_primary: in_set_parameters: enter: kvpairs=input_source=6;routing=-2147483644
02-05 22:08:09.814  1012 11919 D APM_AudioPolicyManager: AudioPolicyManager::startInput() input 122606, session 122681, source = 1999
02-05 22:08:09.814 20023  2762 I MicrophoneInputStream: mic_started  SR : 16000 CC : 16 SO : 1999
02-05 22:08:09.816   788 20225 V msm8974_platform: platform_update_usecase_from_source: input source :6
02-05 22:08:09.816   788 20225 V msm8974_platform: platform_check_input_mask: enter check_input_mask source 6 mask 10
02-05 22:08:09.816   788 20225 V msm8974_platform: platform_get_input_snd_device: enter: out_device(0) in_device(0x4) channel_count (1) channel_mask (0x10)
02-05 22:08:09.816   788 20225 V msm8974_platform: platform_get_input_snd_device: exit: in_snd_device(voice-rec-mic)
02-05 22:08:09.816   788 20225 V msm8974_platform: platform_get_backend_index:napb: backend port - 5 device - 120 
02-05 22:08:09.816   788 20225 V msm8974_platform: platform_check_and_set_capture_backend_cfg:txbecf: afe: bitwidth 0, samplerate 0, channel 1, backend_idx 5 usecase = 9 device (voice-rec-mic)
02-05 22:08:09.816   788 20225 V msm8974_platform: platform_check_capture_backend_cfg:txbecf: afe: Codec selected backend: 5 current bit width: 0 and sample rate: 0, channels 1
02-05 22:08:09.816   788 20225 V msm8974_platform: platform_check_capture_backend_cfg:txbecf: afe: Codec selected backend: 5 updated bit width: 0 and sample rate: 0
02-05 22:08:09.816   788 20225 I msm8974_platform: platform_check_capture_backend_cfg:txbecf: afe: Codec backend needs to be updated. new bit width: 0 new sample rate: 0 new channel: 1
02-05 22:08:09.816   788 20225 V msm8974_platform: platform_get_backend_index:napb: backend port - 5 device - 120 
02-05 22:08:09.816   788 20225 V msm8974_platform: platform_set_backend_cfg:becf: afe: bitwidth 0, samplerate 0 channels 1, backend_idx 5 device (voice-rec-mic)
02-05 22:08:09.817   788 20225 E msm8974_platform: platform_set_backend_cfg:becf: afe: Could not get ctl for mixer command - SLIM_0_TX Format
02-05 22:08:09.817   788 20225 V msm8974_platform: platform_send_audio_calibration: sending audio calibration for snd_device(120) acdb_id(62)
02-05 22:08:09.817   788 20225 D ACDB-LOADER: ACDB -> send_audio_cal, acdb_id = 62, path = 1, app id = 0x11130, sample rate = 48000
02-05 22:08:09.817   788 20225 D ACDB-LOADER: ACDB -> send_asm_topology
02-05 22:08:09.817   788 20225 D ACDB-LOADER: ACDB -> ACDB_CMD_GET_AUDPROC_STREAM_TOPOLOGY_ID
02-05 22:08:09.817   788 20225 D ACDB-LOADER: ACDB -> send_adm_topology
02-05 22:08:09.817   788 20225 D ACDB-LOADER: ACDB -> ACDB_CMD_GET_AUDPROC_COMMON_TOPOLOGY_ID
02-05 22:08:09.817   788 20225 D ACDB-LOADER: ACDB -> send_audtable
02-05 22:08:09.817   788 20225 D ACDB-LOADER: ACDB -> ACDB_CMD_GET_AUDPROC_COMMON_TABLE_SIZE
02-05 22:08:09.817   788 20225 D ACDB-LOADER: ACDB -> ACDB_CMD_GET_AUDPROC_COMMON_TABLE
02-05 22:08:09.817   788 20225 D ACDB-LOADER: ACDB -> AUDIO_SET_AUDPROC_CAL
02-05 22:08:09.817   788 20225 D ACDB-LOADER: ACDB -> send_audvoltable
02-05 22:08:09.817   788 20225 D ACDB-LOADER: ACDB -> ACDB_CMD_GET_AUDPROC_VOL_STEP_TABLE_SIZE
02-05 22:08:09.817   788 20225 D ACDB-LOADER: ACDB -> ACDB_CMD_GET_AUDPROC_GAIN_DEP_STEP_TABLE, vol index 0
02-05 22:08:09.817   788 20225 D         : Failed to fetch the lookup information of the device 0000003E 
02-05 22:08:09.818   788 20225 D ACDB-LOADER: ACDB -> AUDIO_SET_VOL_CAL cal type = 12
02-05 22:08:09.818   788 20225 D ACDB-LOADER: ACDB -> ACDB_CMD_GET_AUDPROC_STREAM_TABLE_SIZE
02-05 22:08:09.818   788 20225 D ACDB-LOADER: ACDB -> send_audstrmtable
02-05 22:08:09.818   788 20225 D ACDB-LOADER: ACDB -> ACDB_CMD_GET_AUDPROC_STREAM_TABLE_V2
02-05 22:08:09.818   788 20225 D ACDB-LOADER: ACDB -> audstrm_cal->cal_type.cal_data.cal_size = 456
02-05 22:08:09.818   788 20225 D ACDB-LOADER: ACDB -> send_afe_topology
02-05 22:08:09.818   788 20225 D ACDB-LOADER: ACDB -> ACDB_CMD_GET_AFE_TOPOLOGY_ID
02-05 22:08:09.818   788 20225 D ACDB-LOADER: ACDB -> GET_AFE_TOPOLOGY_ID for adcd_id 62, Topology Id 112fb
02-05 22:08:09.818   788 20225 D ACDB-LOADER: ACDB -> send_afe_cal
02-05 22:08:09.818   788 20225 D ACDB-LOADER: ACDB -> ACDB_CMD_GET_AFE_COMMON_TABLE_SIZE
02-05 22:08:09.818   788 20225 D         : Failed to fetch the lookup information of the device 0000003E 
02-05 22:08:09.818   788 20225 E ACDB-LOADER: Error: ACDB_CMD_GET_AFE_COMMON_TABLE_SIZE Returned = -19
02-05 22:08:09.818   788 20225 D ACDB-LOADER: ACDB -> ACDB_CMD_GET_AFE_COMMON_TABLE
02-05 22:08:09.818   788 20225 D         : Failed to fetch the lookup information of the device 0000003E 
02-05 22:08:09.818   788 20225 D ACDB-LOADER: ACDB -> AUDIO_SET_AFE_CAL
02-05 22:08:09.818   788 20225 D ACDB-LOADER: ACDB -> send_hw_delay : acdb_id = 62 path = 1
02-05 22:08:09.818   788 20225 D ACDB-LOADER: ACDB -> ACDB_AVSYNC_INFO: ACDB_CMD_GET_DEVICE_PROPERTY
02-05 22:08:09.818   788 20225 D audio_hw_primary: enable_snd_device: snd_device(120: voice-rec-mic)
02-05 22:08:09.818   788 20225 D audio_route: Apply path: voice-rec-mic
02-05 22:08:09.820   788 20225 V msm8974_platform: platform_get_snd_device_backend_index: enter with device 120
02-05 22:08:09.820   788 20225 E msm8974_platform: platform_get_snd_device_backend_index: BE DAI Name Table is not present
02-05 22:08:09.820   788 20225 V msm8974_platform: platform_get_backend_index:napb: backend port - 5 device - 120 
02-05 22:08:09.820   788 20225 I audio_hw_utils: Set Audio Stream Capture 0 App Type Cfg: app_type 69936, acdb_dev_id 62, sample_rate 48000, snd_device_be_idx -14
02-05 22:08:09.820   788 20225 D audio_hw_primary: enable_audio_route: usecase(9) apply and update mixer path: audio-record
02-05 22:08:09.821   788 20225 D audio_route: Apply path: audio-record
02-05 22:08:09.889 20023 20165 I MicroDetectionWorker: onReady
02-05 22:08:09.942  2146  2165 I zygote  : NativeAlloc concurrent copying GC freed 21564(1123KB) AllocSpace objects, 0(0B) LOS objects, 49% free, 9MB/19MB, paused 154us total 131.706ms
02-05 22:08:10.198  1456  7796 I OpenGLRenderer: Initialized EGL, version 1.4
02-05 22:08:10.198  1456  7796 D OpenGLRenderer: Swap behavior 2
02-05 22:08:10.258  2748  2917 W OpenGLRenderer: Incorrectly called buildLayer on View: ShortcutAndWidgetContainer, destroying layer...
02-05 22:08:10.424  1456  1471 D ConnectivityService: requestNetwork for uid/pid:10827/19932 NetworkRequest [ TRACK_DEFAULT id=25063, [ Capabilities: INTERNET&NOT_RESTRICTED&TRUSTED&NOT_VPN] ]
02-05 22:08:10.425  1456  2099 D Ethernet: got request NetworkRequest [ TRACK_DEFAULT id=25063, [ Capabilities: INTERNET&NOT_RESTRICTED&TRUSTED&NOT_VPN] ] with score 60
02-05 22:08:10.426  1456  2054 D WIFI_UT : got request NetworkRequest [ TRACK_DEFAULT id=25063, [ Capabilities: INTERNET&NOT_RESTRICTED&TRUSTED&NOT_VPN] ] with score 60
02-05 22:08:10.426  2398  2398 D PhoneSwitcherNetworkRequstListener: got request NetworkRequest [ TRACK_DEFAULT id=25063, [ Capabilities: INTERNET&NOT_RESTRICTED&TRUSTED&NOT_VPN] ] with score 60
02-05 22:08:10.426  1456  2054 D WIFI    : got request NetworkRequest [ TRACK_DEFAULT id=25063, [ Capabilities: INTERNET&NOT_RESTRICTED&TRUSTED&NOT_VPN] ] with score 60
02-05 22:08:10.435 19932 20229 I chatty  : uid=10827(org.mozilla.fenix.nightly) com.google.android.apps.tachyon expire 9 lines
02-05 22:08:10.521  1456  1466 I zygote  : NativeAlloc concurrent copying GC freed 66157(4MB) AllocSpace objects, 29(1284KB) LOS objects, 39% free, 36MB/60MB, paused 150us total 323.726ms
02-05 22:08:10.538 13975 13820 I Icing   : Indexing com.google.android.gms-apps from com.google.android.gms
02-05 22:08:10.596 13975 13820 I Icing   : Indexing done com.google.android.gms-apps
02-05 22:08:10.842   808   898 I SFPerfTracer:      triggers: (rate: 0:0) (0 sw vsyncs) (0 skipped) (0:3483636 vsyncs) (1:6197179)
02-05 22:08:11.148 19932 19953 I chatty  : uid=10827(org.mozilla.fenix.nightly) com.google.android.apps.tachyon expire 1 line
02-05 22:08:11.153  1456  2067 D ConnectivityService: releasing NetworkRequest [ TRACK_DEFAULT id=25063, [ Capabilities: INTERNET&NOT_RESTRICTED&TRUSTED&NOT_VPN] ] (release request)
02-05 22:08:14.826  1456  1471 I ActivityManager: Force stopping org.mozilla.fenix.nightly appid=10827 user=0: from pid 20234
02-05 22:08:14.826  1456  1471 I ActivityManager: Killing 19932:org.mozilla.fenix.nightly/u0a827 (adj 700): stop org.mozilla.fenix.nightly
02-05 22:08:14.829  1456  1605 W zygote  : kill(-19932, 9) failed: No such process
02-05 22:08:14.831  1456  1471 W ActivityManager: Force removing ActivityRecord{c82fb63 u0 org.mozilla.fenix.nightly/org.mozilla.fenix.HomeActivity t23145}: app died, no saved state
02-05 22:08:14.839  1456  1471 I ActivityManager: Killing 20056:org.mozilla.fenix.nightly:socket/u0a827 (adj 0): stop org.mozilla.fenix.nightly
02-05 22:08:14.845  1456  1471 I ActivityManager: Killing 20022:org.mozilla.fenix.nightly:tab/u0a827 (adj 0): stop org.mozilla.fenix.nightly
02-05 22:08:14.846  1456  1605 W zygote  : kill(-19932, 9) failed: No such process
02-05 22:08:14.859  2398  2398 D CarrierSvcBindHelper: No carrier app for: 0
02-05 22:08:14.860  2398  2398 D CarrierSvcBindHelper: No carrier app for: 1
02-05 22:08:14.861  1456  1605 W zygote  : kill(-19932, 9) failed: No such process
02-05 22:08:14.920  1456  1673 W ActivityManager: setHasOverlayUi called on unknown pid: 19932
02-05 22:08:14.923  1456  1605 W zygote  : kill(-19932, 9) failed: No such process
02-05 22:08:14.924  1456  1605 I zygote  : Successfully killed process cgroup uid 10827 pid 19932 in 94ms
02-05 22:08:14.924  1456  1605 W zygote  : kill(-20056, 9) failed: No such process
02-05 22:08:14.924  1456  1605 I zygote  : Successfully killed process cgroup uid 10827 pid 20056 in 0ms
02-05 22:08:14.924  1456  1605 W zygote  : kill(-20022, 9) failed: No such process
02-05 22:08:14.924  1456  1605 I zygote  : Successfully killed process cgroup uid 10827 pid 20022 in 0ms
02-05 22:08:14.957  1456  2162 I ActivityManager: START u0 {act=android.intent.action.MAIN cat=[android.intent.category.LAUNCHER] flg=0x10000000 cmp=org.mozilla.fenix.nightly/org.mozilla.fenix.HomeActivity} from uid 2000
02-05 22:08:14.958   794   839 E ANDR-PERF-RESOURCEQS: Failed to apply optimization [4, 0]
02-05 22:08:14.978  1456  6339 I ActivityManager: Start proc 20242:org.mozilla.fenix.nightly/u0a827 for activity org.mozilla.fenix.nightly/org.mozilla.fenix.HomeActivity
02-05 22:08:15.067 20023 20165 I MicroDetectionState: Should stop hotword detection immediately - false
02-05 22:08:15.068 20023 20165 I MicroDetector: Keeping mic open: false
02-05 22:08:15.068 20023 20165 I RecognitionAudioControl: #shutdownAudio [requestId: 2313926165248029606, keepAudioOpen: false, forced: true]
02-05 22:08:15.068 20023 11076 E DeviceStateChecker: DeviceStateChecker cancelled
02-05 22:08:15.068 20023 20165 I RecognitionAudioControl: #internalShutdownAudio [requestId: 2313926165248029606]
02-05 22:08:15.068 20023 20165 I RecognitionAudioControl: #internalShutdownAudio [keepAudioOpen: false, forced: true]
02-05 22:08:15.068 20023 20165 I RecognitionAudioControl: #actualShutdownAudio
02-05 22:08:15.068 20023 20165 I AudioController: #shutdown [requestId=2313926165248029606]
02-05 22:08:15.069 20023 20125 I AudioController: internalShutdown
02-05 22:08:15.069 20023 20115 I MicroRecognitionRunner: Stopping hotword detection.
02-05 22:08:15.128   788  1401 D audio_hw_primary: disable_audio_route: usecase(9) reset and update mixer path: audio-record
02-05 22:08:15.129   788  1401 D audio_hw_primary: disable_snd_device: snd_device(120: voice-rec-mic)
02-05 22:08:15.131  1012  8317 D APM_AudioPolicyManager: stopInput() input 122606, session 122681
02-05 22:08:15.132   788  1401 D audio_hw_primary: in_set_parameters: enter: kvpairs=routing=0
02-05 22:08:15.134 20023  2762 I MicrophoneInputStream: mic_close  SR : 16000 CC : 16 SO : 1999
02-05 22:08:15.134 20023 20125 E AudioSource: Stop listening is called on already closed AudioSource
02-05 22:08:15.136 20023 20105 I MicroRecognitionRunner: Detection finished
02-05 22:08:15.145 20242 20242 I chatty  : uid=10827(org.mozilla.fenix.nightly) expire 14 lines
02-05 22:08:15.225 20242 20265 I chatty  : uid=10827(org.mozilla.fenix.nightly) expire 4 lines
02-05 22:08:15.281 20242 20271 I chatty  : uid=10827(org.mozilla.fenix.nightly) expire 8 lines
02-05 22:08:15.317 17694 17705 I zygote  : Background concurrent copying GC freed 78991(5MB) AllocSpace objects, 23(500KB) LOS objects, 49% free, 8MB/16MB, paused 230us total 118.669ms
02-05 22:08:15.320 20242 20276 I chatty  : uid=10827(org.mozilla.fenix.nightly) expire 11 lines
02-05 22:08:15.339 20242 20249 I chatty  : uid=10827(org.mozilla.fenix.nightly) expire 11 lines
02-05 22:08:15.389 20242 20242 I chatty  : uid=10827(org.mozilla.fenix.nightly) expire 32 lines
02-05 22:08:15.390 20242 20282 I chatty  : uid=10827(org.mozilla.fenix.nightly) expire 30 lines
02-05 22:08:15.424   808   808 I SFPerfTracer:      triggers: (rate: 50:549455) (compose: 0:6) (post: 0:14) (render: 0:11) (16:4655325 frames) (17:6148041)
02-05 22:08:15.424   808   808 D SFPerfTracer:        layers: (3:13) (NavigationBar#0 (0xb07df000): 9:505741) (StatusBar#0 (0xb07e3000): 9:1448623) (com.android.systemui.ImageWallpaper#0 (0xb07e7000): 0:43832)* (Sprite#0 (0xb0733000): 0:317)* (DimLayerController/Stack=0#0 (0xb075a000): 0:3589)* (Sprite#1 (0xb077c000): 0:195)* (com.android.launcher3/com.android.launcher3.CustomizationPanelLauncher#0 (0xb0763000): 0:39)- (com.android.launcher3/com.android.launcher3.CustomizationPanelLauncher#1 (0xb0771000): 0:13)- (Splash Screen org.mozilla.fenix.nightly#0 (0xb0384000): 0:31)- (org.mozilla.fenix.nightly/org.mozilla.fenix.HomeActivity#0 (0xb039b000): 0:47)- (com.android.launcher3/com.android.launcher3.CustomizationPanelLauncher#0 (0xb0763000): 0:38)* (com.android.launcher3/com.android.launcher3.CustomizationPanelLauncher#1 (0xb0771000): 0:9)* (Splash Screen org.mozilla.fenix.nightly#0 (0xb0384000): 16:19) 
02-05 22:08:15.519 20242 20287 I chatty  : uid=10827(org.mozilla.fenix.nightly) expire 2 lines
02-05 22:08:15.535 20242 20295 I chatty  : uid=10827(org.mozilla.fenix.nightly) expire 6 lines
02-05 22:08:15.543 20242 20298 I chatty  : uid=10827(org.mozilla.fenix.nightly) expire 10 lines
02-05 22:08:15.889  1456  5031 I ActivityManager: Start proc 20346:org.mozilla.fenix.nightly:tab/u0a827 for service org.mozilla.fenix.nightly/org.mozilla.gecko.process.GeckoServiceChildProcess$tab
02-05 22:08:15.905 20242 20361 I chatty  : uid=10827(org.mozilla.fenix.nightly) expire 9 lines
02-05 22:08:15.965  1456  6339 I WifiService: getDhcpInfo uid=10827
02-05 22:08:16.032  1456  6339 I ActivityManager: Start proc 20374:org.mozilla.fenix.nightly:socket/u0a827 for service org.mozilla.fenix.nightly/org.mozilla.gecko.process.GeckoServiceChildProcess$socket
02-05 22:08:16.045 20346 20346 I chatty  : uid=10827(org.mozilla.fenix.nightly) expire 2 lines
02-05 22:08:16.046 20346 20388 I chatty  : uid=10827(org.mozilla.fenix.nightly) expire 1 line
02-05 22:08:16.167 20374 20374 I chatty  : uid=10827(org.mozilla.fenix.nightly) expire 2 lines
02-05 22:08:16.168 20374 20393 I chatty  : uid=10827(org.mozilla.fenix.nightly) expire 15 lines
02-05 22:08:16.189  1456  6339 I ActivityManager: Displayed org.mozilla.fenix.nightly/org.mozilla.fenix.HomeActivity: +1s224ms
02-05 22:08:16.189  1456  6339 I ActivityManager: Fully drawn org.mozilla.fenix.nightly/org.mozilla.fenix.HomeActivity: +1s224ms
02-05 22:08:16.248  1456  1673 I LaunchCheckinHandler: Displayed org.mozilla.fenix.nightly/org.mozilla.fenix.HomeActivity,cp,ca,1283
02-05 22:08:16.282 17931 17931 I Finsky  : [2] ppb.onTrimMemory(1): Memory trim requested to level 80
02-05 22:08:16.283 20023 20023 I MemoryTrimmer: Trimming objects from memory, since app is in the background.
02-05 22:08:16.297 20023  2762 I PBSessionCacheImpl: Deleted sessionId[88063665787505172] from persistence.
02-05 22:08:16.303  1456  6339 I WifiService: getWifiEnabledState uid=10073
02-05 22:08:16.305 20023 20023 I MemoryTrimmer: Trimming objects from memory, since app is in the background.
02-05 22:08:16.311 20023 20165 W SearchServiceCore: Abort, client detached.
02-05 22:08:17.248 20242 20443 I chatty  : uid=10827(org.mozilla.fenix.nightly) expire 2 lines
02-05 22:08:20.421  1456  1600 W ResourceType: No known package when getting value for resource number 0x7f0801a0
02-05 22:08:20.421  1456  1600 W ResourceType: No known package when getting value for resource number 0x7f120106
02-05 22:08:20.421  1456  1600 W ResourceType: No known package when getting value for resource number 0x7f120106
02-05 22:08:20.421  1456  1600 W ResourceType: No known package when getting value for resource number 0x7f08019e
