04-18 22:07:30.808   788 23271 D         : Failed to fetch the lookup information of the device 0000003E 
04-18 22:07:30.808   788 23271 D ACDB-LOADER: ACDB -> AUDIO_SET_VOL_CAL cal type = 12
04-18 22:07:30.808   788 23271 D ACDB-LOADER: ACDB -> ACDB_CMD_GET_AUDPROC_STREAM_TABLE_SIZE
04-18 22:07:30.808   788 23271 D ACDB-LOADER: ACDB -> send_audstrmtable
04-18 22:07:30.808   788 23271 D ACDB-LOADER: ACDB -> ACDB_CMD_GET_AUDPROC_STREAM_TABLE_V2
04-18 22:07:30.808   788 23271 D ACDB-LOADER: ACDB -> audstrm_cal->cal_type.cal_data.cal_size = 456
04-18 22:07:30.808   788 23271 D ACDB-LOADER: ACDB -> send_afe_topology
04-18 22:07:30.808   788 23271 D ACDB-LOADER: ACDB -> ACDB_CMD_GET_AFE_TOPOLOGY_ID
04-18 22:07:30.808   788 23271 D ACDB-LOADER: ACDB -> GET_AFE_TOPOLOGY_ID for adcd_id 62, Topology Id 112fb
04-18 22:07:30.808   788 23271 D ACDB-LOADER: ACDB -> send_afe_cal
04-18 22:07:30.808   788 23271 D ACDB-LOADER: ACDB -> ACDB_CMD_GET_AFE_COMMON_TABLE_SIZE
04-18 22:07:30.808   788 23271 D         : Failed to fetch the lookup information of the device 0000003E 
04-18 22:07:30.809   788 23271 E ACDB-LOADER: Error: ACDB_CMD_GET_AFE_COMMON_TABLE_SIZE Returned = -19
04-18 22:07:30.809   788 23271 D ACDB-LOADER: ACDB -> ACDB_CMD_GET_AFE_COMMON_TABLE
04-18 22:07:30.809   788 23271 D         : Failed to fetch the lookup information of the device 0000003E 
04-18 22:07:30.809   788 23271 D ACDB-LOADER: ACDB -> AUDIO_SET_AFE_CAL
04-18 22:07:30.809   788 23271 D ACDB-LOADER: ACDB -> send_hw_delay : acdb_id = 62 path = 1
04-18 22:07:30.809   788 23271 D ACDB-LOADER: ACDB -> ACDB_AVSYNC_INFO: ACDB_CMD_GET_DEVICE_PROPERTY
04-18 22:07:30.809   788 23271 D audio_hw_primary: enable_snd_device: snd_device(120: voice-rec-mic)
04-18 22:07:30.809   788 23271 D audio_route: Apply path: voice-rec-mic
04-18 22:07:30.813   788 23271 V msm8974_platform: platform_get_snd_device_backend_index: enter with device 120
04-18 22:07:30.813   788 23271 E msm8974_platform: platform_get_snd_device_backend_index: BE DAI Name Table is not present
04-18 22:07:30.813   788 23271 V msm8974_platform: platform_get_backend_index:napb: backend port - 5 device - 120 
04-18 22:07:30.813   788 23271 I audio_hw_utils: Set Audio Stream Capture 0 App Type Cfg: app_type 69936, acdb_dev_id 62, sample_rate 48000, snd_device_be_idx -14
04-18 22:07:30.814   788 23271 D audio_hw_primary: enable_audio_route: usecase(9) apply and update mixer path: audio-record
04-18 22:07:30.814   788 23271 D audio_route: Apply path: audio-record
04-18 22:07:30.852 23027 23072 I chatty  : uid=11268(org.mozilla.fennec_aurora) expire 25 lines
04-18 22:07:30.869 23027 23275 I chatty  : uid=11268(org.mozilla.fennec_aurora) expire 10 lines
04-18 22:07:30.884 17373 17428 I MicroDetectionWorker: onReady
04-18 22:07:31.180  1456  7796 I OpenGLRenderer: Initialized EGL, version 1.4
04-18 22:07:31.180  1456  7796 D OpenGLRenderer: Swap behavior 2
04-18 22:07:31.245  2748  2917 W OpenGLRenderer: Incorrectly called buildLayer on View: ShortcutAndWidgetContainer, destroying layer...
04-18 22:07:31.605  1456  1466 I zygote  : NativeAlloc concurrent copying GC freed 36176(2MB) AllocSpace objects, 15(488KB) LOS objects, 37% free, 40MB/64MB, paused 178us total 349.164ms
04-18 22:07:32.285  1456  1893 D BatteryService: uevent={POWER_SUPPLY_VOLTAGE_NOW=4332097, POWER_SUPPLY_CHARGE_RATE=Normal, POWER_SUPPLY_HEALTH=Good, POWER_SUPPLY_CURRENT_NOW=12664, POWER_SUPPLY_PRESENT=1, SUBSYSTEM=power_supply, POWER_SUPPLY_TEMP=302, SEQNUM=466781, ACTION=change, POWER_SUPPLY_NAME=battery, POWER_SUPPLY_STATUS=Full, POWER_SUPPLY_CHARGE_COUNTER=2801127, POWER_SUPPLY_CAPACITY=100, DEVPATH=/devices/soc/qpnp-smbcharger-17/power_supply/battery}
04-18 22:07:32.289  2398  2398 D QtiCarrierConfigHelper: WARNING, no carrier configs on phone Id: 0
04-18 22:07:35.814  1456  5797 I ActivityManager: Force stopping org.mozilla.fennec_aurora appid=11268 user=0: from pid 23284
04-18 22:07:35.814  1456  5797 I ActivityManager: Killing 23027:org.mozilla.fennec_aurora/u0a1268 (adj 700): stop org.mozilla.fennec_aurora
04-18 22:07:35.817  1456  1605 W zygote  : kill(-23027, 9) failed: No such process
04-18 22:07:35.819  1456  5797 W ActivityManager: Force removing ActivityRecord{e4f8fe5 u0 org.mozilla.fennec_aurora/org.mozilla.fenix.HomeActivity t63082}: app died, no saved state
04-18 22:07:35.827  1456  5797 I ActivityManager: Killing 23106:org.mozilla.fennec_aurora:tab0/u0a1268 (adj 0): stop org.mozilla.fennec_aurora
04-18 22:07:35.832  1456  1605 W zygote  : kill(-23027, 9) failed: No such process
04-18 22:07:35.842  2398  2398 D CarrierSvcBindHelper: No carrier app for: 0
04-18 22:07:35.843  2398  2398 D CarrierSvcBindHelper: No carrier app for: 1
04-18 22:07:35.849  1456  1605 W zygote  : kill(-23027, 9) failed: No such process
04-18 22:07:35.885  1456  1605 I chatty  : uid=1000(system) ActivityManager identical 3 lines
04-18 22:07:35.887  1456  5797 D ConnectivityService: ConnectivityService NetworkRequestInfo binderDied(NetworkRequest [ TRACK_DEFAULT id=38207, [ Capabilities: INTERNET&NOT_RESTRICTED&TRUSTED&NOT_VPN] ], android.os.BinderProxy@7d9c588)
04-18 22:07:35.888  1456  2067 D ConnectivityService: releasing NetworkRequest [ TRACK_DEFAULT id=38207, [ Capabilities: INTERNET&NOT_RESTRICTED&TRUSTED&NOT_VPN] ] (release request)
04-18 22:07:35.888  1456  1673 W ActivityManager: setHasOverlayUi called on unknown pid: 23027
04-18 22:07:35.899  1456  1605 W zygote  : kill(-23027, 9) failed: No such process
04-18 22:07:35.900  1456  1605 I zygote  : Successfully killed process cgroup uid 11268 pid 23027 in 83ms
04-18 22:07:35.900  1456  1605 W zygote  : kill(-23106, 9) failed: No such process
04-18 22:07:35.900  1456  1605 I zygote  : Successfully killed process cgroup uid 11268 pid 23106 in 0ms
04-18 22:07:35.938  1456  5907 I ActivityManager: START u0 {act=android.intent.action.MAIN cat=[android.intent.category.LAUNCHER] flg=0x10000000 cmp=org.mozilla.fennec_aurora/.App} from uid 2000
04-18 22:07:35.939   794   839 E ANDR-PERF-RESOURCEQS: Failed to apply optimization [4, 0]
04-18 22:07:35.959  1456  4802 I ActivityManager: Start proc 23291:org.mozilla.fennec_aurora/u0a1268 for activity org.mozilla.fennec_aurora/.App
04-18 22:07:36.046 17373 17428 I MicroDetectionState: Should stop hotword detection immediately - false
04-18 22:07:36.046 17373 17428 I MicroDetector: Keeping mic open: false
04-18 22:07:36.046 17373 17402 E DeviceStateChecker: DeviceStateChecker cancelled
04-18 22:07:36.046 17373 17428 I RecognitionAudioControl: #shutdownAudio [requestId: 1191185195517961107, keepAudioOpen: false, forced: true]
04-18 22:07:36.046 17373 17428 I RecognitionAudioControl: #internalShutdownAudio [requestId: 1191185195517961107]
04-18 22:07:36.046 17373 17428 I RecognitionAudioControl: #internalShutdownAudio [keepAudioOpen: false, forced: true]
04-18 22:07:36.046 17373 17428 I RecognitionAudioControl: #actualShutdownAudio
04-18 22:07:36.046 17373 17428 I AudioController: #shutdown [requestId=1191185195517961107]
04-18 22:07:36.047 17373 17396 I AudioController: internalShutdown
04-18 22:07:36.047 17373 17429 I MicroRecognitionRunner: Stopping hotword detection.
04-18 22:07:36.102   788   788 D audio_hw_primary: disable_audio_route: usecase(9) reset and update mixer path: audio-record
04-18 22:07:36.102   788   788 D audio_hw_primary: disable_snd_device: snd_device(120: voice-rec-mic)
04-18 22:07:36.103  1012  1012 D APM_AudioPolicyManager: stopInput() input 310702, session 310817
04-18 22:07:36.104   788  1401 D audio_hw_primary: in_set_parameters: enter: kvpairs=routing=0
04-18 22:07:36.108 17373 17396 I MicrophoneInputStream: mic_close  SR : 16000 CC : 16 SO : 1999
04-18 22:07:36.108 17373 17396 E AudioSource: Stop listening is called on already closed AudioSource
04-18 22:07:36.110 17373 17475 I MicroRecognitionRunner: Detection finished
04-18 22:07:36.129 23291 23291 I chatty  : uid=11268(org.mozilla.fennec_aurora) expire 14 lines
04-18 22:07:36.208 23291 23312 I chatty  : uid=11268(org.mozilla.fennec_aurora) expire 4 lines
04-18 22:07:36.233 23291 23320 I chatty  : uid=11268(org.mozilla.fennec_aurora) expire 11 lines
04-18 22:07:36.248 23291 23319 I chatty  : uid=11268(org.mozilla.fennec_aurora) expire 10 lines
04-18 22:07:36.257 23291 23323 I chatty  : uid=11268(org.mozilla.fennec_aurora) expire 19 lines
04-18 22:07:36.311 23291 23291 I chatty  : uid=11268(org.mozilla.fennec_aurora) expire 43 lines
04-18 22:07:36.347 23291 23320 I chatty  : uid=11268(org.mozilla.fennec_aurora) expire 3 lines
04-18 22:07:36.354 23291 23319 I chatty  : uid=11268(org.mozilla.fennec_aurora) expire 10 lines
04-18 22:07:36.365 23291 23332 I chatty  : uid=11268(org.mozilla.fennec_aurora) expire 1 line
04-18 22:07:36.382  1456  4679 I ActivityManager: START u0 {act=android.intent.action.MAIN cat=[android.intent.category.LAUNCHER] flg=0x10000000 cmp=org.mozilla.fennec_aurora/org.mozilla.fenix.HomeActivity (has extras)} from uid 11268
04-18 22:07:36.388   808   898 I SFPerfTracer:      triggers: (rate: 0:1) (0 sw vsyncs) (0 skipped) (20:6562464 vsyncs) (22:13532712)
04-18 22:07:36.408   808   808 D SurfaceFlinger: duplicate layer name: changing Splash Screen org.mozilla.fennec_aurora to Splash Screen org.mozilla.fennec_aurora#1
04-18 22:07:36.413 23291 23296 I chatty  : uid=11268(org.mozilla.fennec_aurora) expire 8 lines
04-18 22:07:36.466  1456  5907 I ActivityManager: Start proc 23366:org.mozilla.fennec_aurora:tab0/u0a1268 for service org.mozilla.fennec_aurora/org.mozilla.gecko.process.GeckoChildProcessServices$tab0
04-18 22:07:36.470 23291 23352 I chatty  : uid=11268(org.mozilla.fennec_aurora) expire 2 lines
04-18 22:07:36.613 23366 23366 I chatty  : uid=11268(org.mozilla.fennec_aurora) expire 4 lines
04-18 22:07:36.613 23366 23385 I chatty  : uid=11268(org.mozilla.fennec_aurora) expire 12 lines
04-18 22:07:36.819 23291 23393 I chatty  : uid=11268(org.mozilla.fennec_aurora) expire 9 lines
04-18 22:07:37.059  1456  1673 I LaunchCheckinHandler: Displayed org.mozilla.fennec_aurora/org.mozilla.fenix.HomeActivity,wp,ca,630
04-18 22:07:37.060  1456  1673 I ActivityManager: Displayed org.mozilla.fennec_aurora/org.mozilla.fenix.HomeActivity: +625ms (total +1s107ms)
04-18 22:07:37.093   808   808 I SFPerfTracer:      triggers: (rate: 86:2030307) (compose: 0:7) (post: 0:19) (render: 0:17) (0:10619889 frames) (1:13425046)
04-18 22:07:37.093   808   808 D SFPerfTracer:        layers: (3:12) (NavigationBar#0 (0xb07df000): 0:1011150) (StatusBar#0 (0xb07e3000): 0:2351235) (com.android.systemui.ImageWallpaper#0 (0xb07e7000): 0:94164)* (Sprite#0 (0xb0733000): 0:317)* (DimLayerController/Stack=0#0 (0xb075a000): 0:3866)* (Sprite#1 (0xb077c000): 0:195)* (org.mozilla.fennec_aurora/org.mozilla.fenix.HomeActivity#0 (0xb039b000): 0:68)- (com.android.launcher3/com.android.launcher3.CustomizationPanelLauncher#0 (0xb0763000): 0:39)* (com.android.launcher3/com.android.launcher3.CustomizationPanelLauncher#1 (0xb0771000): 0:10)* (Splash Screen org.mozilla.fennec_aurora#0 (0xb039b000): 0:19)- (Splash Screen org.mozilla.fennec_aurora#1 (0xb013a000): 1:22) (org.mozilla.fennec_aurora/org.mozilla.fenix.HomeActivity#0 (0xb039b000): 1:4)* 
04-18 22:07:37.097 17373 18276 I PBSessionCacheImpl: Deleted sessionId[76408848338807466] from persistence.
04-18 22:07:37.097 17373 17373 I MemoryTrimmer: Trimming objects from memory, since app is in the background.
04-18 22:07:37.100  1456  5907 I WifiService: getWifiEnabledState uid=10073
04-18 22:07:37.102 17373 17428 I DEBUG   : OpaToSrpTransitionState#onStateChanged#notNullQuery
04-18 22:07:37.103 17373 17428 I DEBUG   : OpaToSrpTransitionState#onStateChanged#notNullQuery
04-18 22:07:37.104 17373 17428 W SearchServiceCore: Abort, client detached.
04-18 22:07:37.104 17373 17428 I chatty  : uid=10073(com.google.android.googlequicksearchbox) EventBus0 identical 1 line
04-18 22:07:37.107 17373 17428 W SearchServiceCore: Abort, client detached.
04-18 22:07:37.269  1456  5907 I ActivityManager: Fully drawn org.mozilla.fennec_aurora/org.mozilla.fenix.HomeActivity: +840ms (total +1s322ms)
04-18 22:07:37.407 23291 23413 I chatty  : uid=11268(org.mozilla.fennec_aurora) expire 2 lines
04-18 22:07:37.409 23291 23322 I chatty  : uid=11268(org.mozilla.fennec_aurora) expire 1 line
04-18 22:07:37.410 23291 23321 I chatty  : uid=11268(org.mozilla.fennec_aurora) expire 1 line
04-18 22:07:37.412 23291 23412 I chatty  : uid=11268(org.mozilla.fennec_aurora) expire 2 lines
04-18 22:07:37.413 23291 23337 I chatty  : uid=11268(org.mozilla.fennec_aurora) expire 1 line
04-18 22:07:37.455 23291 23435 I chatty  : uid=11268(org.mozilla.fennec_aurora) expire 1 line
04-18 22:07:41.594 23511 23511 D AndroidRuntime: >>>>>> START com.android.internal.os.RuntimeInit uid 2000 <<<<<<
04-18 22:07:41.607 23511 23511 W app_process: Could not reserve sentinel fault page
04-18 22:07:41.773 23511 23511 I app_process: The ClassLoaderContext is a special shared library.
04-18 22:07:41.846 23511 23511 D AndroidRuntime: Calling main entry com.android.commands.input.Input
04-18 22:07:41.849 23511 23511 I Input   : injectKeyEvent: KeyEvent { action=ACTION_DOWN, keyCode=KEYCODE_HOME, scanCode=0, metaState=0, flags=0x0, repeatCount=0, eventTime=19338117129, downTime=19338117129, deviceId=-1, source=0x101 }
04-18 22:07:41.858 23511 23511 I Input   : injectKeyEvent: KeyEvent { action=ACTION_UP, keyCode=KEYCODE_HOME, scanCode=0, metaState=0, flags=0x0, repeatCount=0, eventTime=19338117129, downTime=19338117129, deviceId=-1, source=0x101 }
04-18 22:07:41.864  1456  1941 I ActivityManager: START u0 {act=android.intent.action.MAIN cat=[android.intent.category.HOME] flg=0x10200000 cmp=com.android.launcher3/.CustomizationPanelLauncher (has extras)} from uid 1000
04-18 22:07:41.864   794   839 E ANDR-PERF-RESOURCEQS: Failed to apply optimization [4, 0]
04-18 22:07:41.871 23511 23511 D AndroidRuntime: Shutting down VM
04-18 22:07:41.879  1456  4802 I ActivityManager: moveHomeStack, setupComplete:true
04-18 22:07:41.892 17373 17422 I Adreno  : QUALCOMM build                   : bb5b86c, I77d3059488
04-18 22:07:41.892 17373 17422 I Adreno  : Build Date                       : 06/07/18
04-18 22:07:41.892 17373 17422 I Adreno  : OpenGL ES Shader Compiler Version: EV031.22.00.01_06
04-18 22:07:41.892 17373 17422 I Adreno  : Local Branch                     : 
04-18 22:07:41.892 17373 17422 I Adreno  : Remote Branch                    : refs/tags/AU_LINUX_ANDROID_LA.UM.6.5.R1.08.01.00.312.086
04-18 22:07:41.892 17373 17422 I Adreno  : Remote Branch                    : NONE
04-18 22:07:41.892 17373 17422 I Adreno  : Reconstruct Branch               : NOTHING
04-18 22:07:41.895 17373 17422 D vndksupport: Loading /vendor/lib/hw/gralloc.msm8937.so from current namespace instead of sphal namespace.
04-18 22:07:41.899 17373 17422 I Adreno  : PFP: 0x005ff087, ME: 0x005ff063
04-18 22:07:41.900  2748  2748 D Launcher.Utilities: Wakeup weather: Intent { act=com.motorola.launcher3.action.WAKEUP_WEATHER cmp=com.motorola.timeweatherwidget/com.motorola.commandcenter.weather.WakeUpService }
04-18 22:07:41.903 17373 17422 I zygote  : android::hardware::configstore::V1_0::ISurfaceFlingerConfigs::hasWideColorDisplay retrieved: 0
04-18 22:07:41.903 17373 17422 I OpenGLRenderer: Initialized EGL, version 1.4
04-18 22:07:41.904 17373 17422 D OpenGLRenderer: Swap behavior 2
04-18 22:07:41.916  1456  1456 I NotificationService: Cannot find enqueued record for key: 0|com.motorola.timeweatherwidget|1|null|10116
04-18 22:07:41.916   808   808 D SurfaceFlinger: duplicate layer name: changing com.android.launcher3/com.android.launcher3.CustomizationPanelLauncher to com.android.launcher3/com.android.launcher3.CustomizationPanelLauncher#1
04-18 22:07:41.943 17373 17397 W ThreadPoolDumper: Queue length for executor EventBus is now 11. Perhaps some tasks are too long, or the pool is too small.
04-18 22:07:41.944  1456  5027 I WifiService: getWifiEnabledState uid=10073
04-18 22:07:41.952  1456  4802 I WifiService: getWifiEnabledState uid=10073
04-18 22:07:41.965 17373 17428 I DEBUG   : OpaToSrpTransitionState#onStateChanged#notNullQuery
04-18 22:07:41.966 17373 17428 I DEBUG   : OpaToSrpTransitionState#onStateChanged#notNullQuery
04-18 22:07:41.980 17373 17428 I MicroDetectionState: Should stop hotword detection immediately - false
04-18 22:07:41.983 17373 17428 I MicroDetectionWorker: #startMicroDetector [speakerMode: 0]
04-18 22:07:41.984 17373 17428 I AudioController: Created new AudioSource
04-18 22:07:42.014  1456  1673 I LaunchCheckinHandler: Displayed com.android.launcher3/.CustomizationPanelLauncher,wp,wa,149
04-18 22:07:42.015 17373 17392 I MicroDataManager: isInitializedWithLatestParams-true
04-18 22:07:42.015 17373 17392 I MicroDataManager: isInitializing-false locale not changed-true model not changed-true
04-18 22:07:42.015 17373 17392 I MicroDataManager: Already initialized, obtaining the hotword data immediately.
04-18 22:07:42.020 17373 17402 I MicroRecognitionRunner: Starting detection.
04-18 22:07:42.020 17373 17402 I InputStreamUtils: Using micInputStream
04-18 22:07:42.021 17373 12945 I MicrophoneInputStream: mic_starting  SR : 16000 CC : 16 SO : 1999
04-18 22:07:42.024   788  1401 V msm8974_platform: platform_check_input_mask: enter check_input_mask source 6 mask 10
04-18 22:07:42.027  1012 23525 I AudioFlinger: AudioFlinger's thread 0xb2483e80 tid=23525 ready to run
04-18 22:07:42.037   788  1401 D audio_hw_primary: in_set_parameters: enter: kvpairs=input_source=6;routing=-2147483644
04-18 22:07:42.039  1012 11919 D APM_AudioPolicyManager: AudioPolicyManager::startInput() input 310710, session 310825, source = 1999
04-18 22:07:42.041   788 23526 V msm8974_platform: platform_update_usecase_from_source: input source :6
04-18 22:07:42.042   788 23526 V msm8974_platform: platform_check_input_mask: enter check_input_mask source 6 mask 10
04-18 22:07:42.042   788 23526 V msm8974_platform: platform_get_input_snd_device: enter: out_device(0) in_device(0x4) channel_count (1) channel_mask (0x10)
04-18 22:07:42.042   788 23526 V msm8974_platform: platform_get_input_snd_device: exit: in_snd_device(voice-rec-mic)
04-18 22:07:42.042 17373 12945 I MicrophoneInputStream: mic_started  SR : 16000 CC : 16 SO : 1999
04-18 22:07:42.042   788 23526 V msm8974_platform: platform_get_backend_index:napb: backend port - 5 device - 120 
04-18 22:07:42.042   788 23526 V msm8974_platform: platform_check_and_set_capture_backend_cfg:txbecf: afe: bitwidth 0, samplerate 0, channel 1, backend_idx 5 usecase = 9 device (voice-rec-mic)
04-18 22:07:42.042   788 23526 V msm8974_platform: platform_check_capture_backend_cfg:txbecf: afe: Codec selected backend: 5 current bit width: 0 and sample rate: 0, channels 1
04-18 22:07:42.042   788 23526 V msm8974_platform: platform_check_capture_backend_cfg:txbecf: afe: Codec selected backend: 5 updated bit width: 0 and sample rate: 0
04-18 22:07:42.042   788 23526 I msm8974_platform: platform_check_capture_backend_cfg:txbecf: afe: Codec backend needs to be updated. new bit width: 0 new sample rate: 0 new channel: 1
04-18 22:07:42.042   788 23526 V msm8974_platform: platform_get_backend_index:napb: backend port - 5 device - 120 
04-18 22:07:42.042   788 23526 V msm8974_platform: platform_set_backend_cfg:becf: afe: bitwidth 0, samplerate 0 channels 1, backend_idx 5 device (voice-rec-mic)
04-18 22:07:42.043   788 23526 E msm8974_platform: platform_set_backend_cfg:becf: afe: Could not get ctl for mixer command - SLIM_0_TX Format
04-18 22:07:42.043   788 23526 V msm8974_platform: platform_send_audio_calibration: sending audio calibration for snd_device(120) acdb_id(62)
04-18 22:07:42.043   788 23526 D ACDB-LOADER: ACDB -> send_audio_cal, acdb_id = 62, path = 1, app id = 0x11130, sample rate = 48000
04-18 22:07:42.043   788 23526 D ACDB-LOADER: ACDB -> send_asm_topology
04-18 22:07:42.043   788 23526 D ACDB-LOADER: ACDB -> ACDB_CMD_GET_AUDPROC_STREAM_TOPOLOGY_ID
04-18 22:07:42.043   788 23526 D ACDB-LOADER: ACDB -> send_adm_topology
04-18 22:07:42.043   788 23526 D ACDB-LOADER: ACDB -> ACDB_CMD_GET_AUDPROC_COMMON_TOPOLOGY_ID
04-18 22:07:42.043   788 23526 D ACDB-LOADER: ACDB -> send_audtable
04-18 22:07:42.043   788 23526 D ACDB-LOADER: ACDB -> ACDB_CMD_GET_AUDPROC_COMMON_TABLE_SIZE
04-18 22:07:42.043   788 23526 D ACDB-LOADER: ACDB -> ACDB_CMD_GET_AUDPROC_COMMON_TABLE
04-18 22:07:42.043   788 23526 D ACDB-LOADER: ACDB -> AUDIO_SET_AUDPROC_CAL
04-18 22:07:42.043   788 23526 D ACDB-LOADER: ACDB -> send_audvoltable
04-18 22:07:42.043   788 23526 D ACDB-LOADER: ACDB -> ACDB_CMD_GET_AUDPROC_VOL_STEP_TABLE_SIZE
04-18 22:07:42.043   788 23526 D ACDB-LOADER: ACDB -> ACDB_CMD_GET_AUDPROC_GAIN_DEP_STEP_TABLE, vol index 0
04-18 22:07:42.043   788 23526 D         : Failed to fetch the lookup information of the device 0000003E 
04-18 22:07:42.043   788 23526 D ACDB-LOADER: ACDB -> AUDIO_SET_VOL_CAL cal type = 12
04-18 22:07:42.043   788 23526 D ACDB-LOADER: ACDB -> ACDB_CMD_GET_AUDPROC_STREAM_TABLE_SIZE
04-18 22:07:42.043   788 23526 D ACDB-LOADER: ACDB -> send_audstrmtable
04-18 22:07:42.043   788 23526 D ACDB-LOADER: ACDB -> ACDB_CMD_GET_AUDPROC_STREAM_TABLE_V2
04-18 22:07:42.043   788 23526 D ACDB-LOADER: ACDB -> audstrm_cal->cal_type.cal_data.cal_size = 456
04-18 22:07:42.043   788 23526 D ACDB-LOADER: ACDB -> send_afe_topology
04-18 22:07:42.043   788 23526 D ACDB-LOADER: ACDB -> ACDB_CMD_GET_AFE_TOPOLOGY_ID
04-18 22:07:42.044   788 23526 D ACDB-LOADER: ACDB -> GET_AFE_TOPOLOGY_ID for adcd_id 62, Topology Id 112fb
04-18 22:07:42.044   788 23526 D ACDB-LOADER: ACDB -> send_afe_cal
04-18 22:07:42.044   788 23526 D ACDB-LOADER: ACDB -> ACDB_CMD_GET_AFE_COMMON_TABLE_SIZE
04-18 22:07:42.044   788 23526 D         : Failed to fetch the lookup information of the device 0000003E 
04-18 22:07:42.044   788 23526 E ACDB-LOADER: Error: ACDB_CMD_GET_AFE_COMMON_TABLE_SIZE Returned = -19
04-18 22:07:42.044   788 23526 D ACDB-LOADER: ACDB -> ACDB_CMD_GET_AFE_COMMON_TABLE
04-18 22:07:42.044   788 23526 D         : Failed to fetch the lookup information of the device 0000003E 
04-18 22:07:42.044   788 23526 D ACDB-LOADER: ACDB -> AUDIO_SET_AFE_CAL
04-18 22:07:42.044   788 23526 D ACDB-LOADER: ACDB -> send_hw_delay : acdb_id = 62 path = 1
04-18 22:07:42.044   788 23526 D ACDB-LOADER: ACDB -> ACDB_AVSYNC_INFO: ACDB_CMD_GET_DEVICE_PROPERTY
04-18 22:07:42.044   788 23526 D audio_hw_primary: enable_snd_device: snd_device(120: voice-rec-mic)
04-18 22:07:42.044   788 23526 D audio_route: Apply path: voice-rec-mic
04-18 22:07:42.047   788 23526 V msm8974_platform: platform_get_snd_device_backend_index: enter with device 120
04-18 22:07:42.047   788 23526 E msm8974_platform: platform_get_snd_device_backend_index: BE DAI Name Table is not present
04-18 22:07:42.047   788 23526 V msm8974_platform: platform_get_backend_index:napb: backend port - 5 device - 120 
04-18 22:07:42.047   788 23526 I audio_hw_utils: Set Audio Stream Capture 0 App Type Cfg: app_type 69936, acdb_dev_id 62, sample_rate 48000, snd_device_be_idx -14
04-18 22:07:42.048   788 23526 D audio_hw_primary: enable_audio_route: usecase(9) apply and update mixer path: audio-record
04-18 22:07:42.048   788 23526 D audio_route: Apply path: audio-record
04-18 22:07:42.088 23291 23335 I chatty  : uid=11268(org.mozilla.fennec_aurora) expire 25 lines
04-18 22:07:42.106 23291 23530 I chatty  : uid=11268(org.mozilla.fennec_aurora) expire 10 lines
04-18 22:07:42.118 17373 17428 I MicroDetectionWorker: onReady
04-18 22:07:42.171  2146  2165 I zygote  : NativeAlloc concurrent copying GC freed 19484(1015KB) AllocSpace objects, 0(0B) LOS objects, 49% free, 10MB/20MB, paused 171us total 147.005ms
04-18 22:07:42.425  1456  7796 I OpenGLRenderer: Initialized EGL, version 1.4
04-18 22:07:42.425  1456  7796 D OpenGLRenderer: Swap behavior 2
04-18 22:07:42.457  2748  2917 W OpenGLRenderer: Incorrectly called buildLayer on View: ShortcutAndWidgetContainer, destroying layer...
04-18 22:07:42.603   808   898 I SFPerfTracer:      triggers: (rate: 0:1) (0 sw vsyncs) (0 skipped) (37:6562552 vsyncs) (39:13532814)
04-18 22:07:47.036  1456  5027 I ActivityManager: Force stopping org.mozilla.fennec_aurora appid=11268 user=0: from pid 23538
04-18 22:07:47.036  1456  5027 I ActivityManager: Killing 23291:org.mozilla.fennec_aurora/u0a1268 (adj 700): stop org.mozilla.fennec_aurora
04-18 22:07:47.039  1456  1605 W zygote  : kill(-23291, 9) failed: No such process
04-18 22:07:47.041  1456  5027 W ActivityManager: Force removing ActivityRecord{2c6a7e8 u0 org.mozilla.fennec_aurora/org.mozilla.fenix.HomeActivity t63084}: app died, no saved state
04-18 22:07:47.049  1456  5027 I ActivityManager: Killing 23366:org.mozilla.fennec_aurora:tab0/u0a1268 (adj 0): stop org.mozilla.fennec_aurora
04-18 22:07:47.053  1456  1605 W zygote  : kill(-23291, 9) failed: No such process
04-18 22:07:47.063  2398  2398 D CarrierSvcBindHelper: No carrier app for: 0
04-18 22:07:47.064  2398  2398 D CarrierSvcBindHelper: No carrier app for: 1
04-18 22:07:47.067  1456  1605 W zygote  : kill(-23291, 9) failed: No such process
04-18 22:07:47.107  1456  1605 I chatty  : uid=1000(system) ActivityManager identical 3 lines
04-18 22:07:47.110  1456  1673 W ActivityManager: setHasOverlayUi called on unknown pid: 23291
04-18 22:07:47.123  1456  1605 W zygote  : kill(-23291, 9) failed: No such process
04-18 22:07:47.123  1456  1605 I zygote  : Successfully killed process cgroup uid 11268 pid 23291 in 84ms
04-18 22:07:47.123  1456  1605 W zygote  : kill(-23366, 9) failed: No such process
04-18 22:07:47.123  1456  1605 I zygote  : Successfully killed process cgroup uid 11268 pid 23366 in 0ms
04-18 22:07:47.161  1456  6339 I ActivityManager: START u0 {act=android.intent.action.MAIN cat=[android.intent.category.LAUNCHER] flg=0x10000000 cmp=org.mozilla.fennec_aurora/.App} from uid 2000
04-18 22:07:47.161   794   839 E ANDR-PERF-RESOURCEQS: Failed to apply optimization [4, 0]
04-18 22:07:47.180  1456  5050 I ActivityManager: Start proc 23545:org.mozilla.fennec_aurora/u0a1268 for activity org.mozilla.fennec_aurora/.App
04-18 22:07:47.270 17373 17428 I MicroDetectionState: Should stop hotword detection immediately - false
04-18 22:07:47.270 17373 17428 I MicroDetector: Keeping mic open: false
04-18 22:07:47.270 17373 17475 E DeviceStateChecker: DeviceStateChecker cancelled
04-18 22:07:47.270 17373 17428 I RecognitionAudioControl: #shutdownAudio [requestId: -837147960319886349, keepAudioOpen: false, forced: true]
04-18 22:07:47.270 17373 17428 I RecognitionAudioControl: #internalShutdownAudio [requestId: -837147960319886349]
04-18 22:07:47.270 17373 17428 I RecognitionAudioControl: #internalShutdownAudio [keepAudioOpen: false, forced: true]
04-18 22:07:47.270 17373 17428 I RecognitionAudioControl: #actualShutdownAudio
04-18 22:07:47.270 17373 17428 I AudioController: #shutdown [requestId=-837147960319886349]
04-18 22:07:47.270 17373 17429 I AudioController: internalShutdown
04-18 22:07:47.271 17373 17424 I MicroRecognitionRunner: Stopping hotword detection.
04-18 22:07:47.318   788  1401 D audio_hw_primary: disable_audio_route: usecase(9) reset and update mixer path: audio-record
04-18 22:07:47.319   788  1401 D audio_hw_primary: disable_snd_device: snd_device(120: voice-rec-mic)
04-18 22:07:47.321  1012 11919 D APM_AudioPolicyManager: stopInput() input 310710, session 310825
04-18 22:07:47.321   788  1401 D audio_hw_primary: in_set_parameters: enter: kvpairs=routing=0
04-18 22:07:47.322 17373 17429 I MicrophoneInputStream: mic_close  SR : 16000 CC : 16 SO : 1999
04-18 22:07:47.323 17373 17429 E AudioSource: Stop listening is called on already closed AudioSource
04-18 22:07:47.324 17373 17402 I MicroRecognitionRunner: Detection finished
04-18 22:07:47.348 23545 23545 I chatty  : uid=11268(org.mozilla.fennec_aurora) expire 28 lines
04-18 22:07:47.425 23545 23564 I chatty  : uid=11268(org.mozilla.fennec_aurora) expire 4 lines
04-18 22:07:47.448 23545 23572 I chatty  : uid=11268(org.mozilla.fennec_aurora) expire 13 lines
04-18 22:07:47.467 23545 23571 I chatty  : uid=11268(org.mozilla.fennec_aurora) expire 11 lines
04-18 22:07:47.473 23545 23575 I chatty  : uid=11268(org.mozilla.fennec_aurora) expire 15 lines
04-18 22:07:47.575 23545 23588 I chatty  : uid=11268(org.mozilla.fennec_aurora) expire 1 line
04-18 22:07:47.591  1456  4797 I ActivityManager: START u0 {act=android.intent.action.MAIN cat=[android.intent.category.LAUNCHER] flg=0x10000000 cmp=org.mozilla.fennec_aurora/org.mozilla.fenix.HomeActivity (has extras)} from uid 11268
04-18 22:07:47.620   808   808 I SFPerfTracer:      triggers: (rate: 86:2030307) (compose: 0:7) (post: 0:19) (render: 0:17) (16:10619968 frames) (17:13425148)
04-18 22:07:47.620   808   808 D SFPerfTracer:        layers: (3:13) (NavigationBar#0 (0xb07df000): 9:1011172) (StatusBar#0 (0xb07e3000): 9:2351257) (com.android.systemui.ImageWallpaper#0 (0xb07e7000): 0:94166)* (Sprite#0 (0xb0733000): 0:317)* (DimLayerController/Stack=0#0 (0xb075a000): 0:3866)* (Sprite#1 (0xb077c000): 0:195)* (com.android.launcher3/com.android.launcher3.CustomizationPanelLauncher#0 (0xb0763000): 0:39)- (com.android.launcher3/com.android.launcher3.CustomizationPanelLauncher#1 (0xb0771000): 0:10)- (Splash Screen org.mozilla.fennec_aurora#1 (0xb013a000): 0:31)- (org.mozilla.fennec_aurora/org.mozilla.fenix.HomeActivity#0 (0xb039b000): 0:65)- (com.android.launcher3/com.android.launcher3.CustomizationPanelLauncher#0 (0xb0763000): 0:39)* (com.android.launcher3/com.android.launcher3.CustomizationPanelLauncher#1 (0xb0771000): 0:9)* (Splash Screen org.mozilla.fennec_aurora#0 (0xb039b000): 16:19) 
04-18 22:07:47.620   808   808 D SurfaceFlinger: duplicate layer name: changing Splash Screen org.mozilla.fennec_aurora to Splash Screen org.mozilla.fennec_aurora#1
04-18 22:07:47.630 23545 23550 I chatty  : uid=11268(org.mozilla.fennec_aurora) expire 3 lines
04-18 22:07:47.680  1456 10366 I ActivityManager: Start proc 23618:org.mozilla.fennec_aurora:tab0/u0a1268 for service org.mozilla.fennec_aurora/org.mozilla.gecko.process.GeckoChildProcessServices$tab0
04-18 22:07:47.683 23545 23604 I chatty  : uid=11268(org.mozilla.fennec_aurora) expire 1 line
04-18 22:07:47.825 23618 23618 I chatty  : uid=11268(org.mozilla.fennec_aurora) expire 1 line
04-18 22:07:47.825 23618 23637 I chatty  : uid=11268(org.mozilla.fennec_aurora) expire 12 lines
04-18 22:07:48.011 23545 23550 I chatty  : uid=11268(org.mozilla.fennec_aurora) expire 5 lines
04-18 22:07:48.015 23545 23545 I chatty  : uid=11268(org.mozilla.fennec_aurora) expire 30 lines
04-18 22:07:48.035 23545 23645 I chatty  : uid=11268(org.mozilla.fennec_aurora) expire 9 lines
04-18 22:07:48.191 23545 23575 I chatty  : uid=11268(org.mozilla.fennec_aurora) expire 4 lines
04-18 22:07:48.282  1456  1673 I LaunchCheckinHandler: Displayed org.mozilla.fennec_aurora/org.mozilla.fenix.HomeActivity,wp,ca,643
04-18 22:07:48.284  1456  1673 I ActivityManager: Displayed org.mozilla.fennec_aurora/org.mozilla.fenix.HomeActivity: +632ms (total +1s101ms)
04-18 22:07:48.327 17373 12945 I PBSessionCacheImpl: Deleted sessionId[76408848338807471] from persistence.
04-18 22:07:48.328 17373 17373 I MemoryTrimmer: Trimming objects from memory, since app is in the background.
04-18 22:07:48.331  1456  6339 I WifiService: getWifiEnabledState uid=10073
04-18 22:07:48.336 17373 17428 I DEBUG   : OpaToSrpTransitionState#onStateChanged#notNullQuery
04-18 22:07:48.339 17373 17428 I DEBUG   : OpaToSrpTransitionState#onStateChanged#notNullQuery
04-18 22:07:48.341 17373 17428 W SearchServiceCore: Abort, client detached.
04-18 22:07:48.341 17373 17428 I chatty  : uid=10073(com.google.android.googlequicksearchbox) EventBus0 identical 2 lines
04-18 22:07:48.344 17373 17428 W SearchServiceCore: Abort, client detached.
04-18 22:07:48.513  1456  4797 I ActivityManager: Fully drawn org.mozilla.fennec_aurora/org.mozilla.fenix.HomeActivity: +874ms (total +1s343ms)
04-18 22:07:48.625  1023 23672 D libc    : Internal error: netid(0), id(0x1863), server(0.0.0.0)
04-18 22:07:48.625  1023 23672 D libc    : Internal error: netid(0), id(0x1863), server(0.0.0.0)
04-18 22:07:48.625  1023 23672 D libc    : Internal error: netid(0), id(0xfa1e), server(0.0.0.0)
04-18 22:07:48.625  1023 23672 D libc    : Internal error: netid(0), id(0xfa1e), server(0.0.0.0)
04-18 22:07:48.634  1023 23686 D libc    : Internal error: netid(0), id(0x2c22), server(0.0.0.0)
04-18 22:07:48.634  1023 23686 D libc    : Internal error: netid(0), id(0x2c22), server(0.0.0.0)
04-18 22:07:48.635  1023 23686 D libc    : Internal error: netid(0), id(0xd46f), server(0.0.0.0)
04-18 22:07:48.635  1023 23686 D libc    : Internal error: netid(0), id(0xd46f), server(0.0.0.0)
04-18 22:07:48.637 23545 23574 I chatty  : uid=11268(org.mozilla.fennec_aurora) expire 1 line
04-18 22:07:48.639  1023 23689 D libc    : Internal error: netid(0), id(0xb4b), server(0.0.0.0)
04-18 22:07:48.639 23545 23573 I chatty  : uid=11268(org.mozilla.fennec_aurora) expire 1 line
04-18 22:07:48.639  1023 23689 D libc    : Internal error: netid(0), id(0xb4b), server(0.0.0.0)
04-18 22:07:48.640  1023 23689 D libc    : Internal error: netid(0), id(0xae18), server(0.0.0.0)
04-18 22:07:48.640  1023 23689 D libc    : Internal error: netid(0), id(0xae18), server(0.0.0.0)
04-18 22:07:48.640 23545 23589 I chatty  : uid=11268(org.mozilla.fennec_aurora) expire 26 lines
04-18 22:07:48.643 23545 23663 I chatty  : uid=11268(org.mozilla.fennec_aurora) expire 2 lines
04-18 22:07:48.644 23545 23665 I chatty  : uid=11268(org.mozilla.fennec_aurora) expire 2 lines
04-18 22:07:48.678 23545 23697 I chatty  : uid=11268(org.mozilla.fennec_aurora) expire 1 line
04-18 22:07:49.342 23545 23604 I chatty  : uid=11268(org.mozilla.fennec_aurora) expire 1 line
04-18 22:07:49.664 23618 23618 I chatty  : uid=11268(org.mozilla.fennec_aurora) expire 3 lines
04-18 22:07:52.818 23774 23774 D AndroidRuntime: >>>>>> START com.android.internal.os.RuntimeInit uid 2000 <<<<<<
04-18 22:07:52.831 23774 23774 W app_process: Could not reserve sentinel fault page
04-18 22:07:52.999 23774 23774 I app_process: The ClassLoaderContext is a special shared library.
04-18 22:07:53.065 23774 23774 D AndroidRuntime: Calling main entry com.android.commands.input.Input
04-18 22:07:53.066 23774 23774 I Input   : injectKeyEvent: KeyEvent { action=ACTION_DOWN, keyCode=KEYCODE_HOME, scanCode=0, metaState=0, flags=0x0, repeatCount=0, eventTime=19338128346, downTime=19338128346, deviceId=-1, source=0x101 }
04-18 22:07:53.076 23774 23774 I Input   : injectKeyEvent: KeyEvent { action=ACTION_UP, keyCode=KEYCODE_HOME, scanCode=0, metaState=0, flags=0x0, repeatCount=0, eventTime=19338128346, downTime=19338128346, deviceId=-1, source=0x101 }
04-18 22:07:53.082  1456  1941 I ActivityManager: START u0 {act=android.intent.action.MAIN cat=[android.intent.category.HOME] flg=0x10200000 cmp=com.android.launcher3/.CustomizationPanelLauncher (has extras)} from uid 1000
04-18 22:07:53.083   794   839 E ANDR-PERF-RESOURCEQS: Failed to apply optimization [4, 0]
04-18 22:07:53.089 23774 23774 D AndroidRuntime: Shutting down VM
04-18 22:07:53.098  1456  4797 I ActivityManager: moveHomeStack, setupComplete:true
04-18 22:07:53.104 17373 17422 I Adreno  : QUALCOMM build                   : bb5b86c, I77d3059488
04-18 22:07:53.104 17373 17422 I Adreno  : Build Date                       : 06/07/18
04-18 22:07:53.104 17373 17422 I Adreno  : OpenGL ES Shader Compiler Version: EV031.22.00.01_06
04-18 22:07:53.104 17373 17422 I Adreno  : Local Branch                     : 
04-18 22:07:53.104 17373 17422 I Adreno  : Remote Branch                    : refs/tags/AU_LINUX_ANDROID_LA.UM.6.5.R1.08.01.00.312.086
04-18 22:07:53.104 17373 17422 I Adreno  : Remote Branch                    : NONE
04-18 22:07:53.104 17373 17422 I Adreno  : Reconstruct Branch               : NOTHING
04-18 22:07:53.107 17373 17422 D vndksupport: Loading /vendor/lib/hw/gralloc.msm8937.so from current namespace instead of sphal namespace.
04-18 22:07:53.110 17373 17422 I Adreno  : PFP: 0x005ff087, ME: 0x005ff063
04-18 22:07:53.118  2748  2748 D Launcher.Utilities: Wakeup weather: Intent { act=com.motorola.launcher3.action.WAKEUP_WEATHER cmp=com.motorola.timeweatherwidget/com.motorola.commandcenter.weather.WakeUpService }
04-18 22:07:53.119 17373 17422 I zygote  : android::hardware::configstore::V1_0::ISurfaceFlingerConfigs::hasWideColorDisplay retrieved: 0
04-18 22:07:53.120 17373 17422 I OpenGLRenderer: Initialized EGL, version 1.4
04-18 22:07:53.120 17373 17422 D OpenGLRenderer: Swap behavior 2
04-18 22:07:53.130  1456  1456 I NotificationService: Cannot find enqueued record for key: 0|com.motorola.timeweatherwidget|1|null|10116
04-18 22:07:53.135   808   808 D SurfaceFlinger: duplicate layer name: changing com.android.launcher3/com.android.launcher3.CustomizationPanelLauncher to com.android.launcher3/com.android.launcher3.CustomizationPanelLauncher#1
04-18 22:07:53.155 17373 17393 W ThreadPoolDumper: Queue length for executor EventBus is now 11. Perhaps some tasks are too long, or the pool is too small.
04-18 22:07:53.156  1456  1473 I WifiService: getWifiEnabledState uid=10073
04-18 22:07:53.166  1456 10366 I WifiService: getWifiEnabledState uid=10073
04-18 22:07:53.174 17373 17428 I DEBUG   : OpaToSrpTransitionState#onStateChanged#notNullQuery
04-18 22:07:53.175 17373 17428 I DEBUG   : OpaToSrpTransitionState#onStateChanged#notNullQuery
04-18 22:07:53.189 17373 17428 I MicroDetectionState: Should stop hotword detection immediately - false
04-18 22:07:53.193 17373 17428 I MicroDetectionWorker: #startMicroDetector [speakerMode: 0]
04-18 22:07:53.194 17373 17428 I AudioController: Created new AudioSource
04-18 22:07:53.221  1456  1673 I LaunchCheckinHandler: Displayed com.android.launcher3/.CustomizationPanelLauncher,wp,wa,138
04-18 22:07:53.222 17373 17426 I MicroDataManager: isInitializedWithLatestParams-true
04-18 22:07:53.222 17373 17426 I MicroDataManager: isInitializing-false locale not changed-true model not changed-true
04-18 22:07:53.223 17373 17426 I MicroDataManager: Already initialized, obtaining the hotword data immediately.
04-18 22:07:53.226 17373 17475 I MicroRecognitionRunner: Starting detection.
04-18 22:07:53.227 17373 17475 I InputStreamUtils: Using micInputStream
04-18 22:07:53.227 17373 18150 I MicrophoneInputStream: mic_starting  SR : 16000 CC : 16 SO : 1999
04-18 22:07:53.230   788  1401 V msm8974_platform: platform_check_input_mask: enter check_input_mask source 6 mask 10
04-18 22:07:53.232  1012 23788 I AudioFlinger: AudioFlinger's thread 0xb2483c80 tid=23788 ready to run
04-18 22:07:53.240   788  1401 D audio_hw_primary: in_set_parameters: enter: kvpairs=input_source=6;routing=-2147483644
04-18 22:07:53.241  1012  1012 D APM_AudioPolicyManager: AudioPolicyManager::startInput() input 310718, session 310833, source = 1999
04-18 22:07:53.242 17373 18150 I MicrophoneInputStream: mic_started  SR : 16000 CC : 16 SO : 1999
04-18 22:07:53.244   788 23789 V msm8974_platform: platform_update_usecase_from_source: input source :6
04-18 22:07:53.244   788 23789 V msm8974_platform: platform_check_input_mask: enter check_input_mask source 6 mask 10
04-18 22:07:53.244   788 23789 V msm8974_platform: platform_get_input_snd_device: enter: out_device(0) in_device(0x4) channel_count (1) channel_mask (0x10)
04-18 22:07:53.244   788 23789 V msm8974_platform: platform_get_input_snd_device: exit: in_snd_device(voice-rec-mic)
04-18 22:07:53.244   788 23789 V msm8974_platform: platform_get_backend_index:napb: backend port - 5 device - 120 
04-18 22:07:53.244   788 23789 V msm8974_platform: platform_check_and_set_capture_backend_cfg:txbecf: afe: bitwidth 0, samplerate 0, channel 1, backend_idx 5 usecase = 9 device (voice-rec-mic)
04-18 22:07:53.244   788 23789 V msm8974_platform: platform_check_capture_backend_cfg:txbecf: afe: Codec selected backend: 5 current bit width: 0 and sample rate: 0, channels 1
04-18 22:07:53.244   788 23789 V msm8974_platform: platform_check_capture_backend_cfg:txbecf: afe: Codec selected backend: 5 updated bit width: 0 and sample rate: 0
04-18 22:07:53.244   788 23789 I msm8974_platform: platform_check_capture_backend_cfg:txbecf: afe: Codec backend needs to be updated. new bit width: 0 new sample rate: 0 new channel: 1
04-18 22:07:53.244   788 23789 V msm8974_platform: platform_get_backend_index:napb: backend port - 5 device - 120 
04-18 22:07:53.244   788 23789 V msm8974_platform: platform_set_backend_cfg:becf: afe: bitwidth 0, samplerate 0 channels 1, backend_idx 5 device (voice-rec-mic)
04-18 22:07:53.244   788 23789 E msm8974_platform: platform_set_backend_cfg:becf: afe: Could not get ctl for mixer command - SLIM_0_TX Format
04-18 22:07:53.245   788 23789 V msm8974_platform: platform_send_audio_calibration: sending audio calibration for snd_device(120) acdb_id(62)
04-18 22:07:53.245   788 23789 D ACDB-LOADER: ACDB -> send_audio_cal, acdb_id = 62, path = 1, app id = 0x11130, sample rate = 48000
04-18 22:07:53.245   788 23789 D ACDB-LOADER: ACDB -> send_asm_topology
04-18 22:07:53.245   788 23789 D ACDB-LOADER: ACDB -> ACDB_CMD_GET_AUDPROC_STREAM_TOPOLOGY_ID
04-18 22:07:53.245   788 23789 D ACDB-LOADER: ACDB -> send_adm_topology
04-18 22:07:53.245   788 23789 D ACDB-LOADER: ACDB -> ACDB_CMD_GET_AUDPROC_COMMON_TOPOLOGY_ID
04-18 22:07:53.245   788 23789 D ACDB-LOADER: ACDB -> send_audtable
04-18 22:07:53.245   788 23789 D ACDB-LOADER: ACDB -> ACDB_CMD_GET_AUDPROC_COMMON_TABLE_SIZE
04-18 22:07:53.245   788 23789 D ACDB-LOADER: ACDB -> ACDB_CMD_GET_AUDPROC_COMMON_TABLE
04-18 22:07:53.245   788 23789 D ACDB-LOADER: ACDB -> AUDIO_SET_AUDPROC_CAL
04-18 22:07:53.245   788 23789 D ACDB-LOADER: ACDB -> send_audvoltable
04-18 22:07:53.245   788 23789 D ACDB-LOADER: ACDB -> ACDB_CMD_GET_AUDPROC_VOL_STEP_TABLE_SIZE
04-18 22:07:53.245   788 23789 D ACDB-LOADER: ACDB -> ACDB_CMD_GET_AUDPROC_GAIN_DEP_STEP_TABLE, vol index 0
04-18 22:07:53.245   788 23789 D         : Failed to fetch the lookup information of the device 0000003E 
04-18 22:07:53.245   788 23789 D ACDB-LOADER: ACDB -> AUDIO_SET_VOL_CAL cal type = 12
04-18 22:07:53.246   788 23789 D ACDB-LOADER: ACDB -> ACDB_CMD_GET_AUDPROC_STREAM_TABLE_SIZE
04-18 22:07:53.246   788 23789 D ACDB-LOADER: ACDB -> send_audstrmtable
04-18 22:07:53.246   788 23789 D ACDB-LOADER: ACDB -> ACDB_CMD_GET_AUDPROC_STREAM_TABLE_V2
04-18 22:07:53.246   788 23789 D ACDB-LOADER: ACDB -> audstrm_cal->cal_type.cal_data.cal_size = 456
04-18 22:07:53.246   788 23789 D ACDB-LOADER: ACDB -> send_afe_topology
04-18 22:07:53.246   788 23789 D ACDB-LOADER: ACDB -> ACDB_CMD_GET_AFE_TOPOLOGY_ID
04-18 22:07:53.246   788 23789 D ACDB-LOADER: ACDB -> GET_AFE_TOPOLOGY_ID for adcd_id 62, Topology Id 112fb
04-18 22:07:53.246   788 23789 D ACDB-LOADER: ACDB -> send_afe_cal
04-18 22:07:53.246   788 23789 D ACDB-LOADER: ACDB -> ACDB_CMD_GET_AFE_COMMON_TABLE_SIZE
04-18 22:07:53.246   788 23789 D         : Failed to fetch the lookup information of the device 0000003E 
04-18 22:07:53.246   788 23789 E ACDB-LOADER: Error: ACDB_CMD_GET_AFE_COMMON_TABLE_SIZE Returned = -19
04-18 22:07:53.246   788 23789 D ACDB-LOADER: ACDB -> ACDB_CMD_GET_AFE_COMMON_TABLE
04-18 22:07:53.246   788 23789 D         : Failed to fetch the lookup information of the device 0000003E 
04-18 22:07:53.246   788 23789 D ACDB-LOADER: ACDB -> AUDIO_SET_AFE_CAL
04-18 22:07:53.246   788 23789 D ACDB-LOADER: ACDB -> send_hw_delay : acdb_id = 62 path = 1
04-18 22:07:53.246   788 23789 D ACDB-LOADER: ACDB -> ACDB_AVSYNC_INFO: ACDB_CMD_GET_DEVICE_PROPERTY
04-18 22:07:53.246   788 23789 D audio_hw_primary: enable_snd_device: snd_device(120: voice-rec-mic)
04-18 22:07:53.246   788 23789 D audio_route: Apply path: voice-rec-mic
04-18 22:07:53.251   788 23789 V msm8974_platform: platform_get_snd_device_backend_index: enter with device 120
04-18 22:07:53.251   788 23789 E msm8974_platform: platform_get_snd_device_backend_index: BE DAI Name Table is not present
04-18 22:07:53.251   788 23789 V msm8974_platform: platform_get_backend_index:napb: backend port - 5 device - 120 
04-18 22:07:53.251   788 23789 I audio_hw_utils: Set Audio Stream Capture 0 App Type Cfg: app_type 69936, acdb_dev_id 62, sample_rate 48000, snd_device_be_idx -14
04-18 22:07:53.251   788 23789 D audio_hw_primary: enable_audio_route: usecase(9) apply and update mixer path: audio-record
04-18 22:07:53.251   788 23789 D audio_route: Apply path: audio-record
04-18 22:07:53.309 23545 23793 I chatty  : uid=11268(org.mozilla.fennec_aurora) expire 10 lines
04-18 22:07:53.322 17373 17428 I MicroDetectionWorker: onReady
04-18 22:07:53.446 23545 23571 I chatty  : uid=11268(org.mozilla.fennec_aurora) expire 9 lines
04-18 22:07:53.620  1456  7796 I OpenGLRenderer: Initialized EGL, version 1.4
04-18 22:07:53.620  1456  7796 D OpenGLRenderer: Swap behavior 2
04-18 22:07:53.670  2748  2917 W OpenGLRenderer: Incorrectly called buildLayer on View: ShortcutAndWidgetContainer, destroying layer...
04-18 22:07:53.791 23545 23585 I chatty  : uid=11268(org.mozilla.fennec_aurora) expire 1 line
04-18 22:07:53.815   808   898 I SFPerfTracer:      triggers: (rate: 0:1) (0 sw vsyncs) (0 skipped) (37:6562665 vsyncs) (39:13532948)
04-18 22:07:53.819   808   808 I SFPerfTracer:      triggers: (rate: 86:2030309) (compose: 0:7) (post: 0:19) (render: 0:17) (6:10620052 frames) (7:13425252)
04-18 22:07:53.819   808   808 D SFPerfTracer:        layers: (4:13) (NavigationBar#0 (0xb07df000): 0:1011183) (StatusBar#0 (0xb07e3000): 0:2351268) (com.android.systemui.ImageWallpaper#0 (0xb07e7000): 0:94167) (Sprite#0 (0xb0733000): 0:317)* (DimLayerController/Stack=0#0 (0xb075a000): 0:3866)* (Sprite#1 (0xb077c000): 0:195)* (com.android.launcher3/com.android.launcher3.CustomizationPanelLauncher#0 (0xb0763000): 0:39)- (com.android.launcher3/com.android.launcher3.CustomizationPanelLauncher#1 (0xb0771000): 0:9)- (Splash Screen org.mozilla.fennec_aurora#0 (0xb039b000): 0:19)- (Splash Screen org.mozilla.fennec_aurora#1 (0xb013a000): 0:30)- (org.mozilla.fennec_aurora/org.mozilla.fenix.HomeActivity#0 (0xb039b000): 0:68)- (com.android.launcher3/com.android.launcher3.CustomizationPanelLauncher#0 (0xb0763000): 7:35)* (com.android.launcher3/com.android.launcher3.CustomizationPanelLauncher#1 (0xb0771000): 1:6) 
04-18 22:07:53.977  1456  1466 I zygote  : NativeAlloc concurrent copying GC freed 50840(3MB) AllocSpace objects, 26(904KB) LOS objects, 37% free, 40MB/64MB, paused 188us total 357.466ms
04-18 22:07:58.264  1456  1473 I ActivityManager: Force stopping org.mozilla.fennec_aurora appid=11268 user=0: from pid 23802
04-18 22:07:58.265  1456  1473 I ActivityManager: Killing 23545:org.mozilla.fennec_aurora/u0a1268 (adj 700): stop org.mozilla.fennec_aurora
04-18 22:07:58.268  1456  1605 W zygote  : kill(-23545, 9) failed: No such process
04-18 22:07:58.269  1456  1473 W ActivityManager: Force removing ActivityRecord{ffd70c6 u0 org.mozilla.fennec_aurora/org.mozilla.fenix.HomeActivity t63086}: app died, no saved state
04-18 22:07:58.283  1456  1605 W zygote  : kill(-23545, 9) failed: No such process
04-18 22:07:58.291  1456  1473 I ActivityManager: Killing 23618:org.mozilla.fennec_aurora:tab0/u0a1268 (adj 0): stop org.mozilla.fennec_aurora
04-18 22:07:58.296  1456  1605 W zygote  : kill(-23545, 9) failed: No such process
04-18 22:07:58.308  2398  2398 D CarrierSvcBindHelper: No carrier app for: 0
04-18 22:07:58.309  2398  2398 D CarrierSvcBindHelper: No carrier app for: 1
04-18 22:07:58.312  1456  1605 W zygote  : kill(-23545, 9) failed: No such process
04-18 22:07:58.327  1456  1605 I chatty  : uid=1000(system) ActivityManager identical 1 line
04-18 22:07:58.336  1456  1673 W ActivityManager: setHasOverlayUi called on unknown pid: 23545
04-18 22:07:58.340  1456  1605 W zygote  : kill(-23545, 9) failed: No such process
04-18 22:07:58.340  1456  1605 I zygote  : Successfully killed process cgroup uid 11268 pid 23545 in 72ms
04-18 22:07:58.340  1456  1605 W zygote  : kill(-23618, 9) failed: No such process
04-18 22:07:58.340  1456  1605 I zygote  : Successfully killed process cgroup uid 11268 pid 23618 in 0ms
04-18 22:07:58.403  1456  7556 I ActivityManager: START u0 {act=android.intent.action.MAIN cat=[android.intent.category.LAUNCHER] flg=0x10000000 cmp=org.mozilla.fennec_aurora/.App} from uid 2000
04-18 22:07:58.403   794   839 E ANDR-PERF-RESOURCEQS: Failed to apply optimization [4, 0]
04-18 22:07:58.423  1456 10366 I ActivityManager: Start proc 23809:org.mozilla.fennec_aurora/u0a1268 for activity org.mozilla.fennec_aurora/.App
04-18 22:07:58.515 17373 17428 I MicroDetectionState: Should stop hotword detection immediately - false
04-18 22:07:58.515 17373 17428 I MicroDetector: Keeping mic open: false
04-18 22:07:58.515 17373 17402 E DeviceStateChecker: DeviceStateChecker cancelled
04-18 22:07:58.515 17373 17428 I RecognitionAudioControl: #shutdownAudio [requestId: 7307105925123794097, keepAudioOpen: false, forced: true]
04-18 22:07:58.515 17373 17428 I RecognitionAudioControl: #internalShutdownAudio [requestId: 7307105925123794097]
04-18 22:07:58.515 17373 17428 I RecognitionAudioControl: #internalShutdownAudio [keepAudioOpen: false, forced: true]
04-18 22:07:58.515 17373 17428 I RecognitionAudioControl: #actualShutdownAudio
04-18 22:07:58.515 17373 17428 I AudioController: #shutdown [requestId=7307105925123794097]
04-18 22:07:58.516 17373 17424 I AudioController: internalShutdown
04-18 22:07:58.516 17373 17429 I MicroRecognitionRunner: Stopping hotword detection.
04-18 22:07:58.559   788  1401 D audio_hw_primary: disable_audio_route: usecase(9) reset and update mixer path: audio-record
04-18 22:07:58.559   788  1401 D audio_hw_primary: disable_snd_device: snd_device(120: voice-rec-mic)
04-18 22:07:58.561  1012  8317 D APM_AudioPolicyManager: stopInput() input 310718, session 310833
04-18 22:07:58.561   788   788 D audio_hw_primary: in_set_parameters: enter: kvpairs=routing=0
04-18 22:07:58.564 17373 17424 I MicrophoneInputStream: mic_close  SR : 16000 CC : 16 SO : 1999
