02-19 01:07:18.120  6004  6037 W Settings: Setting animator_duration_scale has moved from android.provider.Settings.System to android.provider.Settings.Global, returning read-only global URI.
02-19 01:07:18.123  6004  6037 E GeckoLibLoad: Load sqlite start
02-19 01:07:18.140  6004  6037 W GeckoLinker: /data/app/org.mozilla.fenix.nightly-FWf74Si6cqy5zecotSZQ4w==/lib/arm/libnss3.so: unhandled flags #8 not handled
02-19 01:07:18.144  6004  6037 W GeckoLinker: /data/app/org.mozilla.fenix.nightly-FWf74Si6cqy5zecotSZQ4w==/lib/arm/libnss3.so: Relocation to NULL @0x001b8ffc for symbol "__cxa_type_match"
02-19 01:07:18.144  6004  6037 E GeckoLibLoad: Load sqlite done
02-19 01:07:18.145  6004  6037 E GeckoLibLoad: Load nss start
02-19 01:07:18.145  6004  6037 E GeckoLibLoad: Load nss done
02-19 01:07:18.145  6004  6037 W GeckoLinker: /data/app/org.mozilla.fenix.nightly-FWf74Si6cqy5zecotSZQ4w==/lib/arm/libxul.so: unhandled flags #8 not handled
02-19 01:07:18.145  6004  6037 W GeckoLinker: /data/app/org.mozilla.fenix.nightly-FWf74Si6cqy5zecotSZQ4w==/lib/arm/liblgpllibs.so: unhandled flags #8 not handled
02-19 01:07:18.156  5897  5932 I GeckoSession: zerdatime 14620531923 - chrome startup finished
02-19 01:07:18.177  6004  6037 E GeckoLibLoad: Loaded libs in 31.701149ms total, 20ms(23ms) user, 13ms(10ms) system, 0(0) faults
02-19 01:07:18.177  6004  6037 D GeckoThread: State changed to LIBS_READY
02-19 01:07:18.177  6004  6037 W GeckoThread: zerdatime 14620531944 - runGecko
02-19 01:07:18.673  6004  6037 D GeckoThread: State changed to RUNNING
02-19 01:07:18.676  5897  5897 D App     : Installed browser-icons extension
02-19 01:07:18.678  5897  5897 D mozac-webextensions: Installed extension: mozacWebchannel
02-19 01:07:18.679  5897  5897 D mozac-webextensions: Installed extension: mozacReaderview
02-19 01:07:18.747  6004  6037 W ResourceType: Too many attribute references, stopped at: 0x01010099
02-19 01:07:18.822  5897  5897 D GeckoSession: handleMessage GeckoView:PageStart uri=about:blank
02-19 01:07:18.856  5897  5897 D GeckoSession: handleMessage GeckoView:LocationChange uri=about:blank
02-19 01:07:18.856  5897  5897 D GeckoSession: handleMessage GeckoView:PageStop uri=null
02-19 01:07:18.864  5897  5897 I SessionStorage/AutoSave: Save: Load finished
02-19 01:07:18.874  5897  5970 D SessionStorage/AutoSave: Saved state to disk [9ms]
02-19 01:07:18.891  5897  5897 D GeckoSession: handleMessage GeckoView:OnLoadRequest uri=about:blank
02-19 01:07:18.906  5897  5897 D GeckoSession: handleMessage GeckoView:OnLoadRequest uri=about:blank
02-19 01:07:18.953  5897  5932 D GeckoScreenOrientation: unlocking
02-19 01:07:18.982  5897  5897 D mozac-webcompat: Installed WebCompat webextension: webcompat@mozilla.com
02-19 01:07:18.997  5897  5897 D GeckoSession: handleMessage GeckoView:PageStart uri=about:blank
02-19 01:07:19.037  5897  5897 D GeckoSession: handleMessage GeckoView:PageStop uri=null
02-19 01:07:19.042  5897  5903 I zygote  : Do full code cache collection, code=252KB, data=154KB
02-19 01:07:19.045  5897  5903 I zygote  : After code cache collection, code=183KB, data=93KB
02-19 01:07:19.049  5897  5897 I SessionStorage/AutoSave: Save: Load finished
02-19 01:07:19.050  5897  5970 D SessionStorage/AutoSave: Delaying save (1815ms)
02-19 01:07:19.072  5897  5897 D GeckoSession: handleMessage GeckoView:PageStart uri=about:blank
02-19 01:07:19.105  5897  5897 D GeckoSession: handleMessage GeckoView:SecurityChanged uri=null
02-19 01:07:19.116  5897  5897 I zygote  : Deoptimizing java.lang.Object kotlin.coroutines.CoroutineContext$plus$1.invoke(java.lang.Object, java.lang.Object) due to JIT inline cache
02-19 01:07:19.118  5897  5897 D GeckoSession: handleMessage GeckoView:PageStop uri=null
02-19 01:07:19.125  5897  5897 I SessionStorage/AutoSave: Save: Load finished
02-19 01:07:19.125  5897  5897 D SessionStorage/AutoSave: Skipping save, other job already in flight
02-19 01:07:19.833  5897  5897 D GeckoSession: handleMessage GeckoView:StateUpdated uri=null
02-19 01:07:19.834  5897  5897 W GeckoSession: No history entries found.
02-19 01:07:20.883  5897  5970 D SessionStorage/AutoSave: Saved state to disk [17ms]
02-19 01:07:20.948  6169  6169 D AndroidRuntime: >>>>>> START com.android.internal.os.RuntimeInit uid 2000 <<<<<<
02-19 01:07:20.961  6169  6169 W app_process: Could not reserve sentinel fault page
02-19 01:07:21.128  6169  6169 I app_process: The ClassLoaderContext is a special shared library.
02-19 01:07:21.197  6169  6169 D AndroidRuntime: Calling main entry com.android.commands.input.Input
02-19 01:07:21.203  6169  6169 I Input   : injectKeyEvent: KeyEvent { action=ACTION_DOWN, keyCode=KEYCODE_HOME, scanCode=0, metaState=0, flags=0x0, repeatCount=0, eventTime=14168496479, downTime=14168496479, deviceId=-1, source=0x101 }
02-19 01:07:21.209  6169  6169 I Input   : injectKeyEvent: KeyEvent { action=ACTION_UP, keyCode=KEYCODE_HOME, scanCode=0, metaState=0, flags=0x0, repeatCount=0, eventTime=14168496479, downTime=14168496479, deviceId=-1, source=0x101 }
02-19 01:07:21.215  1456  1941 I ActivityManager: START u0 {act=android.intent.action.MAIN cat=[android.intent.category.HOME] flg=0x10200000 cmp=com.android.launcher3/.CustomizationPanelLauncher (has extras)} from uid 1000
02-19 01:07:21.216   794   839 E ANDR-PERF-RESOURCEQS: Failed to apply optimization [4, 0]
02-19 01:07:21.228  1456  1941 I ActivityManager: moveHomeStack, setupComplete:true
02-19 01:07:21.232  6169  6169 D AndroidRuntime: Shutting down VM
02-19 01:07:21.244 20270 23357 I Adreno  : QUALCOMM build                   : bb5b86c, I77d3059488
02-19 01:07:21.244 20270 23357 I Adreno  : Build Date                       : 06/07/18
02-19 01:07:21.244 20270 23357 I Adreno  : OpenGL ES Shader Compiler Version: EV031.22.00.01_06
02-19 01:07:21.244 20270 23357 I Adreno  : Local Branch                     : 
02-19 01:07:21.244 20270 23357 I Adreno  : Remote Branch                    : refs/tags/AU_LINUX_ANDROID_LA.UM.6.5.R1.08.01.00.312.086
02-19 01:07:21.244 20270 23357 I Adreno  : Remote Branch                    : NONE
02-19 01:07:21.244 20270 23357 I Adreno  : Reconstruct Branch               : NOTHING
02-19 01:07:21.248 20270 23357 D vndksupport: Loading /vendor/lib/hw/gralloc.msm8937.so from current namespace instead of sphal namespace.
02-19 01:07:21.252 20270 23357 I Adreno  : PFP: 0x005ff087, ME: 0x005ff063
02-19 01:07:21.256 20270 23357 I zygote  : android::hardware::configstore::V1_0::ISurfaceFlingerConfigs::hasWideColorDisplay retrieved: 0
02-19 01:07:21.257  2748  2748 D Launcher.Utilities: Wakeup weather: Intent { act=com.motorola.launcher3.action.WAKEUP_WEATHER cmp=com.motorola.timeweatherwidget/com.motorola.commandcenter.weather.WakeUpService }
02-19 01:07:21.258 20270 23357 I OpenGLRenderer: Initialized EGL, version 1.4
02-19 01:07:21.258 20270 23357 D OpenGLRenderer: Swap behavior 2
02-19 01:07:21.270  5897  5897 I [INFO][Leanplum]: [com.leanplum.internal.RequestOld::sendIfConnected::4]: Device is offline, will send later
02-19 01:07:21.272  1456  1456 I NotificationService: Cannot find enqueued record for key: 0|com.motorola.timeweatherwidget|1|null|10116
02-19 01:07:21.277   808   808 D SurfaceFlinger: duplicate layer name: changing com.android.launcher3/com.android.launcher3.CustomizationPanelLauncher to com.android.launcher3/com.android.launcher3.CustomizationPanelLauncher#1
02-19 01:07:21.289 20270 21125 W ThreadPoolDumper: Queue length for executor EventBus is now 11. Perhaps some tasks are too long, or the pool is too small.
02-19 01:07:21.293  1456  2916 I WifiService: getWifiEnabledState uid=10073
02-19 01:07:21.294  5897  5897 I zygote  : Deoptimizing void kotlinx.coroutines.DispatchedTask.run() due to JIT inline cache
02-19 01:07:21.310  1456  2916 I WifiService: getWifiEnabledState uid=10073
02-19 01:07:21.320 20270 21092 I DEBUG   : OpaToSrpTransitionState#onStateChanged#notNullQuery
02-19 01:07:21.321 20270 21092 I DEBUG   : OpaToSrpTransitionState#onStateChanged#notNullQuery
02-19 01:07:21.329  5897  5897 D GeckoSession: handleMessage GeckoView:StateUpdated uri=null
02-19 01:07:21.340 20270 21092 I MicroDetectionState: Should stop hotword detection immediately - false
02-19 01:07:21.346 20270 21092 I MicroDetectionWorker: #startMicroDetector [speakerMode: 0]
02-19 01:07:21.347 20270 21092 I AudioController: Created new AudioSource
02-19 01:07:21.367  1456  1673 I LaunchCheckinHandler: Displayed com.android.launcher3/.CustomizationPanelLauncher,wp,wa,152
02-19 01:07:21.367 20270 21118 I MicroDataManager: isInitializedWithLatestParams-true
02-19 01:07:21.367 20270 21118 I MicroDataManager: isInitializing-false locale not changed-true model not changed-true
02-19 01:07:21.367 20270 21118 I MicroDataManager: Already initialized, obtaining the hotword data immediately.
02-19 01:07:21.368  3571  3571 I Finsky  : [2] ppb.onTrimMemory(1): Memory trim requested to level 80
02-19 01:07:21.378 20270 10216 I MicroRecognitionRunner: Starting detection.
02-19 01:07:21.379 20270 10216 I InputStreamUtils: Using micInputStream
02-19 01:07:21.379 20270  8304 I MicrophoneInputStream: mic_starting  SR : 16000 CC : 16 SO : 1999
02-19 01:07:21.382   788  1401 V msm8974_platform: platform_check_input_mask: enter check_input_mask source 6 mask 10
02-19 01:07:21.383  1012  6183 I AudioFlinger: AudioFlinger's thread 0xb2483dc0 tid=6183 ready to run
02-19 01:07:21.388   788  1401 D audio_hw_primary: in_set_parameters: enter: kvpairs=input_source=6;routing=-2147483644
02-19 01:07:21.390  1012 11919 D APM_AudioPolicyManager: AudioPolicyManager::startInput() input 149974, session 150073, source = 1999
02-19 01:07:21.390 20270  8304 I MicrophoneInputStream: mic_started  SR : 16000 CC : 16 SO : 1999
02-19 01:07:21.392   788  6184 V msm8974_platform: platform_update_usecase_from_source: input source :6
02-19 01:07:21.392   788  6184 V msm8974_platform: platform_check_input_mask: enter check_input_mask source 6 mask 10
02-19 01:07:21.392   788  6184 V msm8974_platform: platform_get_input_snd_device: enter: out_device(0) in_device(0x4) channel_count (1) channel_mask (0x10)
02-19 01:07:21.392   788  6184 V msm8974_platform: platform_get_input_snd_device: exit: in_snd_device(voice-rec-mic)
02-19 01:07:21.392   788  6184 V msm8974_platform: platform_get_backend_index:napb: backend port - 5 device - 120 
02-19 01:07:21.392   788  6184 V msm8974_platform: platform_check_and_set_capture_backend_cfg:txbecf: afe: bitwidth 0, samplerate 0, channel 1, backend_idx 5 usecase = 9 device (voice-rec-mic)
02-19 01:07:21.392   788  6184 V msm8974_platform: platform_check_capture_backend_cfg:txbecf: afe: Codec selected backend: 5 current bit width: 0 and sample rate: 0, channels 1
02-19 01:07:21.392   788  6184 V msm8974_platform: platform_check_capture_backend_cfg:txbecf: afe: Codec selected backend: 5 updated bit width: 0 and sample rate: 0
02-19 01:07:21.392   788  6184 I msm8974_platform: platform_check_capture_backend_cfg:txbecf: afe: Codec backend needs to be updated. new bit width: 0 new sample rate: 0 new channel: 1
02-19 01:07:21.392   788  6184 V msm8974_platform: platform_get_backend_index:napb: backend port - 5 device - 120 
02-19 01:07:21.392   788  6184 V msm8974_platform: platform_set_backend_cfg:becf: afe: bitwidth 0, samplerate 0 channels 1, backend_idx 5 device (voice-rec-mic)
02-19 01:07:21.392   788  6184 E msm8974_platform: platform_set_backend_cfg:becf: afe: Could not get ctl for mixer command - SLIM_0_TX Format
02-19 01:07:21.392   788  6184 V msm8974_platform: platform_send_audio_calibration: sending audio calibration for snd_device(120) acdb_id(62)
02-19 01:07:21.392   788  6184 D ACDB-LOADER: ACDB -> send_audio_cal, acdb_id = 62, path = 1, app id = 0x11130, sample rate = 48000
02-19 01:07:21.393   788  6184 D ACDB-LOADER: ACDB -> send_asm_topology
02-19 01:07:21.393   788  6184 D ACDB-LOADER: ACDB -> ACDB_CMD_GET_AUDPROC_STREAM_TOPOLOGY_ID
02-19 01:07:21.393   788  6184 D ACDB-LOADER: ACDB -> send_adm_topology
02-19 01:07:21.393   788  6184 D ACDB-LOADER: ACDB -> ACDB_CMD_GET_AUDPROC_COMMON_TOPOLOGY_ID
02-19 01:07:21.393   788  6184 D ACDB-LOADER: ACDB -> send_audtable
02-19 01:07:21.393   788  6184 D ACDB-LOADER: ACDB -> ACDB_CMD_GET_AUDPROC_COMMON_TABLE_SIZE
02-19 01:07:21.393   788  6184 D ACDB-LOADER: ACDB -> ACDB_CMD_GET_AUDPROC_COMMON_TABLE
02-19 01:07:21.393   788  6184 D ACDB-LOADER: ACDB -> AUDIO_SET_AUDPROC_CAL
02-19 01:07:21.393   788  6184 D ACDB-LOADER: ACDB -> send_audvoltable
02-19 01:07:21.393   788  6184 D ACDB-LOADER: ACDB -> ACDB_CMD_GET_AUDPROC_VOL_STEP_TABLE_SIZE
02-19 01:07:21.393   788  6184 D ACDB-LOADER: ACDB -> ACDB_CMD_GET_AUDPROC_GAIN_DEP_STEP_TABLE, vol index 0
02-19 01:07:21.393   788  6184 D         : Failed to fetch the lookup information of the device 0000003E 
02-19 01:07:21.393   788  6184 D ACDB-LOADER: ACDB -> AUDIO_SET_VOL_CAL cal type = 12
02-19 01:07:21.393   788  6184 D ACDB-LOADER: ACDB -> ACDB_CMD_GET_AUDPROC_STREAM_TABLE_SIZE
02-19 01:07:21.393   788  6184 D ACDB-LOADER: ACDB -> send_audstrmtable
02-19 01:07:21.393   788  6184 D ACDB-LOADER: ACDB -> ACDB_CMD_GET_AUDPROC_STREAM_TABLE_V2
02-19 01:07:21.393   788  6184 D ACDB-LOADER: ACDB -> audstrm_cal->cal_type.cal_data.cal_size = 456
02-19 01:07:21.393   788  6184 D ACDB-LOADER: ACDB -> send_afe_topology
02-19 01:07:21.393   788  6184 D ACDB-LOADER: ACDB -> ACDB_CMD_GET_AFE_TOPOLOGY_ID
02-19 01:07:21.393   788  6184 D ACDB-LOADER: ACDB -> GET_AFE_TOPOLOGY_ID for adcd_id 62, Topology Id 112fb
02-19 01:07:21.393   788  6184 D ACDB-LOADER: ACDB -> send_afe_cal
02-19 01:07:21.393   788  6184 D ACDB-LOADER: ACDB -> ACDB_CMD_GET_AFE_COMMON_TABLE_SIZE
02-19 01:07:21.393   788  6184 D         : Failed to fetch the lookup information of the device 0000003E 
02-19 01:07:21.393   788  6184 E ACDB-LOADER: Error: ACDB_CMD_GET_AFE_COMMON_TABLE_SIZE Returned = -19
02-19 01:07:21.393   788  6184 D ACDB-LOADER: ACDB -> ACDB_CMD_GET_AFE_COMMON_TABLE
02-19 01:07:21.393   788  6184 D         : Failed to fetch the lookup information of the device 0000003E 
02-19 01:07:21.393   788  6184 D ACDB-LOADER: ACDB -> AUDIO_SET_AFE_CAL
02-19 01:07:21.393   788  6184 D ACDB-LOADER: ACDB -> send_hw_delay : acdb_id = 62 path = 1
02-19 01:07:21.393   788  6184 D ACDB-LOADER: ACDB -> ACDB_AVSYNC_INFO: ACDB_CMD_GET_DEVICE_PROPERTY
02-19 01:07:21.393   788  6184 D audio_hw_primary: enable_snd_device: snd_device(120: voice-rec-mic)
02-19 01:07:21.394   788  6184 D audio_route: Apply path: voice-rec-mic
02-19 01:07:21.396   788  6184 V msm8974_platform: platform_get_snd_device_backend_index: enter with device 120
02-19 01:07:21.396   788  6184 E msm8974_platform: platform_get_snd_device_backend_index: BE DAI Name Table is not present
02-19 01:07:21.396   788  6184 V msm8974_platform: platform_get_backend_index:napb: backend port - 5 device - 120 
02-19 01:07:21.396   788  6184 I audio_hw_utils: Set Audio Stream Capture 0 App Type Cfg: app_type 69936, acdb_dev_id 62, sample_rate 48000, snd_device_be_idx -14
02-19 01:07:21.397   788  6184 D audio_hw_primary: enable_audio_route: usecase(9) apply and update mixer path: audio-record
02-19 01:07:21.397   788  6184 D audio_route: Apply path: audio-record
02-19 01:07:21.465 20270 21092 I MicroDetectionWorker: onReady
02-19 01:07:21.759  1456  7796 I OpenGLRenderer: Initialized EGL, version 1.4
02-19 01:07:21.759  1456  7796 D OpenGLRenderer: Swap behavior 2
02-19 01:07:21.808  2748  2917 W OpenGLRenderer: Incorrectly called buildLayer on View: ShortcutAndWidgetContainer, destroying layer...
02-19 01:07:21.920  5897  5897 D GeckoRuntime: Lifecycle: onPause
02-19 01:07:21.920  5897  5897 D GeckoNetworkManager: Incoming event stop for state OnWithListeners -> OffWithListeners
02-19 01:07:21.921  5897  5897 I SessionStorage/AutoSave: Save: Background
02-19 01:07:21.927  5897  5924 I libglean_ffi: glean_core::ping: Collecting baseline
02-19 01:07:21.930  5897  5970 D SessionStorage/AutoSave: Saved state to disk [8ms]
02-19 01:07:21.934  5897  5924 D libglean_ffi: glean_core::ping: Storing ping '7bafc5b6-4854-4426-81f9-54a074d5976d' at '/data/user/0/org.mozilla.fenix.nightly/glean_data/pending_pings/7bafc5b6-4854-4426-81f9-54a074d5976d'
02-19 01:07:21.935  5897  5924 I libglean_ffi: glean_core: The ping 'baseline' was submitted and will be sent as soon as possible
02-19 01:07:21.939  5897  5924 I libglean_ffi: glean_core::ping: Collecting events
02-19 01:07:21.943  5897  5924 D libglean_ffi: glean_core::ping: Storing ping '7637d0c6-454a-4d95-b79f-2e2eee4a71ed' at '/data/user/0/org.mozilla.fenix.nightly/glean_data/pending_pings/7637d0c6-454a-4d95-b79f-2e2eee4a71ed'
02-19 01:07:21.943  5897  5924 I libglean_ffi: glean_core: The ping 'events' was submitted and will be sent as soon as possible
02-19 01:07:21.970   808   898 I SFPerfTracer:      triggers: (rate: 0:1) (0 sw vsyncs) (0 skipped) (38:3820403 vsyncs) (40:6668397)
02-19 01:07:23.842  1456  1893 D BatteryService: uevent={POWER_SUPPLY_VOLTAGE_NOW=4350560, POWER_SUPPLY_CHARGE_RATE=Normal, POWER_SUPPLY_HEALTH=Good, POWER_SUPPLY_CURRENT_NOW=4730, POWER_SUPPLY_PRESENT=1, SUBSYSTEM=power_supply, POWER_SUPPLY_TEMP=302, SEQNUM=380060, ACTION=change, POWER_SUPPLY_NAME=battery, POWER_SUPPLY_STATUS=Full, POWER_SUPPLY_CHARGE_COUNTER=2833662, POWER_SUPPLY_CAPACITY=100, DEVPATH=/devices/soc/qpnp-smbcharger-17/power_supply/battery}
02-19 01:07:23.846  2398  2398 D QtiCarrierConfigHelper: WARNING, no carrier configs on phone Id: 0
02-19 01:07:26.389  1456  5050 I ActivityManager: Force stopping org.mozilla.fenix.nightly appid=11015 user=0: from pid 6189
02-19 01:07:26.389  1456  5050 I ActivityManager: Killing 5897:org.mozilla.fenix.nightly/u0a1015 (adj 700): stop org.mozilla.fenix.nightly
02-19 01:07:26.392  1456  1605 W zygote  : kill(-5897, 9) failed: No such process
02-19 01:07:26.392  6021  6021 I ServiceChildProcess: Service has been unbound. Stopping.
02-19 01:07:26.394  6004  6004 I ServiceChildProcess: Service has been unbound. Stopping.
02-19 01:07:26.394  1456  5050 W ActivityManager: Force removing ActivityRecord{102d743 u0 org.mozilla.fenix.nightly/org.mozilla.fenix.HomeActivity t27586}: app died, no saved state
02-19 01:07:26.403  1456  5050 I ActivityManager: Killing 6021:org.mozilla.fenix.nightly:socket/u0a1015 (adj 0): stop org.mozilla.fenix.nightly
02-19 01:07:26.406  1456  5050 I ActivityManager: Killing 6004:org.mozilla.fenix.nightly:tab/u0a1015 (adj 0): stop org.mozilla.fenix.nightly
02-19 01:07:26.408  1456  1605 W zygote  : kill(-5897, 9) failed: No such process
02-19 01:07:26.423  2398  2398 D CarrierSvcBindHelper: No carrier app for: 0
02-19 01:07:26.424  1456  1605 W zygote  : kill(-5897, 9) failed: No such process
02-19 01:07:26.424  2398  2398 D CarrierSvcBindHelper: No carrier app for: 1
02-19 01:07:26.436  1456  1605 W zygote  : kill(-5897, 9) failed: No such process
02-19 01:07:26.492  1456  1673 W ActivityManager: setHasOverlayUi called on unknown pid: 5897
02-19 01:07:26.497  1456  1605 I chatty  : uid=1000(system) ActivityManager identical 4 lines
02-19 01:07:26.510  1456  1605 W zygote  : kill(-5897, 9) failed: No such process
02-19 01:07:26.510  1456  1605 I zygote  : Successfully killed process cgroup uid 11015 pid 5897 in 118ms
02-19 01:07:26.510  1456  1605 W zygote  : kill(-6021, 9) failed: No such process
02-19 01:07:26.510  1456  1605 I zygote  : Successfully killed process cgroup uid 11015 pid 6021 in 0ms
02-19 01:07:26.510  1456  1605 W zygote  : kill(-6004, 9) failed: No such process
02-19 01:07:26.511  1456  1605 I zygote  : Successfully killed process cgroup uid 11015 pid 6004 in 0ms
02-19 01:07:26.521  1456  2162 I ActivityManager: START u0 {act=android.intent.action.VIEW dat=about:blank typ=text/html flg=0x10000000 cmp=org.mozilla.fenix.nightly/org.mozilla.fenix.IntentReceiverActivity} from uid 2000
02-19 01:07:26.522   794   839 E ANDR-PERF-RESOURCEQS: Failed to apply optimization [4, 0]
02-19 01:07:26.542  1456  2402 I ActivityManager: Start proc 6197:org.mozilla.fenix.nightly/u0a1015 for activity org.mozilla.fenix.nightly/org.mozilla.fenix.IntentReceiverActivity
02-19 01:07:26.629 20270 21092 I MicroDetectionState: Should stop hotword detection immediately - false
02-19 01:07:26.630 20270 21092 I MicroDetector: Keeping mic open: false
02-19 01:07:26.630 20270 21092 I RecognitionAudioControl: #shutdownAudio [requestId: -9078254146725163445, keepAudioOpen: false, forced: true]
02-19 01:07:26.630 20270  3703 E DeviceStateChecker: DeviceStateChecker cancelled
02-19 01:07:26.630 20270 21092 I RecognitionAudioControl: #internalShutdownAudio [requestId: -9078254146725163445]
02-19 01:07:26.630 20270 21092 I RecognitionAudioControl: #internalShutdownAudio [keepAudioOpen: false, forced: true]
02-19 01:07:26.630 20270 21092 I RecognitionAudioControl: #actualShutdownAudio
02-19 01:07:26.630 20270 21092 I AudioController: #shutdown [requestId=-9078254146725163445]
02-19 01:07:26.630 20270 21108 I AudioController: internalShutdown
02-19 01:07:26.630 20270 20380 I MicroRecognitionRunner: Stopping hotword detection.
02-19 01:07:26.673  6197  6197 D FirebaseApp: com.google.firebase.auth.FirebaseAuth is not linked. Skipping initialization.
02-19 01:07:26.674  6197  6197 D FirebaseApp: com.google.firebase.crash.FirebaseCrash is not linked. Skipping initialization.
02-19 01:07:26.674  6197  6197 I FirebaseInitProvider: FirebaseApp initialization successful
02-19 01:07:26.683   788  1401 D audio_hw_primary: disable_audio_route: usecase(9) reset and update mixer path: audio-record
02-19 01:07:26.684   788  1401 D audio_hw_primary: disable_snd_device: snd_device(120: voice-rec-mic)
02-19 01:07:26.686  1012  1301 D APM_AudioPolicyManager: stopInput() input 149974, session 150073
02-19 01:07:26.687   788   788 D audio_hw_primary: in_set_parameters: enter: kvpairs=routing=0
02-19 01:07:26.688 20270 21108 I MicrophoneInputStream: mic_close  SR : 16000 CC : 16 SO : 1999
02-19 01:07:26.688 20270 21108 E AudioSource: Stop listening is called on already closed AudioSource
02-19 01:07:26.690 20270 10216 I MicroRecognitionRunner: Detection finished
02-19 01:07:26.746  6197  6216 I FA      : Collection disabled with firebase_analytics_collection_enabled=0
02-19 01:07:26.746  6197  6216 I FA      : App measurement is starting up, version: 12780
02-19 01:07:26.747  6197  6216 I FA      : To enable debug logging run: adb shell setprop log.tag.FA VERBOSE
02-19 01:07:26.747  6197  6216 I FA      : To enable faster debug mode event logging run:
02-19 01:07:26.747  6197  6216 I FA      :   adb shell setprop debug.firebase.analytics.app org.mozilla.fenix.nightly
02-19 01:07:26.750  6197  6197 D FenixApplication: Initializing Glean (uploadEnabled=true, isFennec=false)
02-19 01:07:26.768  6197  6197 D libglean_ffi: glean_ffi: Android logging should be hooked up!
02-19 01:07:26.771  6197  6197 I glean/Glean: Registering pings for mozilla.telemetry.glean.GleanMetrics.Pings
02-19 01:07:26.776  6197  6197 I libglean_ffi: glean_core: Creating new Glean
02-19 01:07:26.776  6197  6197 D libglean_ffi: glean_core::database: Database path: "/data/user/0/org.mozilla.fenix.nightly/glean_data/db"
02-19 01:07:26.777  6197  6197 I libglean_ffi: glean_core::database: Database initialized
02-19 01:07:26.777  6197  6197 I libglean_ffi: glean_ffi: Glean initialized
02-19 01:07:26.795  6197  6197 D glean/MetricsPingSched: The 'metrics' ping was last sent on Wed Feb 19 00:00:00 EST 2020
02-19 01:07:26.796  6197  6197 I glean/MetricsPingSched: The 'metrics' ping was already sent today, Wed Feb 19 01:07:26 EST 2020.
02-19 01:07:26.796  6197  6197 D glean/MetricsPingSched: Scheduling the 'metrics' ping in 96753217ms
02-19 01:07:26.798  6197  6222 D libglean_ffi: glean_core: Clearing Lifetime::Application metrics
02-19 01:07:26.798  6197  6197 I glean/Dispatchers: Task queued for execution and delayed until flushed
02-19 01:07:26.805  6197  6225 D RustNativeSupport: findMegazordLibraryName(viaduct, 0.50.0
02-19 01:07:26.805  6197  6225 D RustNativeSupport: lib in use: none
02-19 01:07:26.806  6197  6225 D RustNativeSupport: lib configured: fenix
02-19 01:07:26.806  6197  6225 D RustNativeSupport: lib version configured: 0.50.0
02-19 01:07:26.806  6197  6225 D RustNativeSupport: settled on fenix
02-19 01:07:26.818  6197  6202 I zygote  : Do partial code cache collection, code=17KB, data=16KB
02-19 01:07:26.820  6197  6202 I zygote  : After code cache collection, code=17KB, data=16KB
02-19 01:07:26.820  6197  6202 I zygote  : Increasing code cache capacity to 128KB
02-19 01:07:26.824  6197  6225 D RustNativeSupport: findMegazordLibraryName(rustlog, 0.50.0
02-19 01:07:26.824  6197  6225 D RustNativeSupport: lib in use: none
02-19 01:07:26.824  6197  6225 D RustNativeSupport: lib configured: fenix
02-19 01:07:26.824  6197  6225 D RustNativeSupport: lib version configured: 0.50.0
02-19 01:07:26.824  6197  6225 D RustNativeSupport: settled on fenix
02-19 01:07:26.827  6197  6225 I rc_log_ffi::ios: rc_log adapter initialized!
02-19 01:07:26.858  6197  6197 D GeckoThread: State changed to LAUNCHED
02-19 01:07:26.859  6197  6229 I GeckoThread: preparing to run Gecko
02-19 01:07:26.866  6197  6197 D GeckoRuntime: Lifecycle: onCreate
02-19 01:07:26.866  6197  6229 D GeckoThread: State changed to MOZGLUE_READY
02-19 01:07:26.878  6197  6229 W Settings: Setting animator_duration_scale has moved from android.provider.Settings.System to android.provider.Settings.Global, returning read-only global URI.
02-19 01:07:26.879  6197  6197 I zygote  : Deoptimizing java.lang.Object androidx.collection.SimpleArrayMap.put(java.lang.Object, java.lang.Object) due to JIT inline cache
02-19 01:07:26.880  6197  6229 E GeckoLibLoad: Load sqlite start
02-19 01:07:26.886  6197  6197 D GleanMetricsService: Enabling Glean.
02-19 01:07:26.899  6197  6229 W GeckoLinker: /data/app/org.mozilla.fenix.nightly-FWf74Si6cqy5zecotSZQ4w==/lib/arm/libnss3.so: unhandled flags #8 not handled
02-19 01:07:26.901  6197  6222 I libglean_ffi: glean_core: Upload enabled: true
02-19 01:07:26.904  6197  6229 W GeckoLinker: /data/app/org.mozilla.fenix.nightly-FWf74Si6cqy5zecotSZQ4w==/lib/arm/libnss3.so: Relocation to NULL @0x001b8ffc for symbol "__cxa_type_match"
02-19 01:07:26.905  6197  6229 E GeckoLibLoad: Load sqlite done
02-19 01:07:26.905  6197  6229 E GeckoLibLoad: Load nss start
02-19 01:07:26.905  6197  6229 E GeckoLibLoad: Load nss done
02-19 01:07:26.906  6197  6229 W GeckoLinker: /data/app/org.mozilla.fenix.nightly-FWf74Si6cqy5zecotSZQ4w==/lib/arm/libxul.so: unhandled flags #8 not handled
02-19 01:07:26.906  6197  6229 W GeckoLinker: /data/app/org.mozilla.fenix.nightly-FWf74Si6cqy5zecotSZQ4w==/lib/arm/liblgpllibs.so: unhandled flags #8 not handled
02-19 01:07:26.925  6197  6197 W [WARNING][Leanplum]: [com.leanplum.internal.ActionManager::getLocationManager::8]: Geofencing support requires leanplum-location module and Google Play Services v8.1 and higher.
02-19 01:07:26.925  6197  6197 W [WARNING][Leanplum]: Add this to your build.gradle file:
02-19 01:07:26.925  6197  6197 W [WARNING][Leanplum]: implementation 'com.google.android.gms:play-services-location:8.3.0+'
02-19 01:07:26.925  6197  6197 W [WARNING][Leanplum]: implementation 'com.leanplum:leanplum-location:+'
02-19 01:07:26.927  6197  6197 I [INFO][Leanplum]: [com.leanplum.monitoring.ExceptionHandler::setContext::6]: LeanplumExceptionHandler could not initialize Exception Reporting.This is expected if you have not included the leanplum-monitoring module
02-19 01:07:26.940  6197  6232 I [INFO][Leanplum]: [com.leanplum.LeanplumFcmProvider::isManifestSetup::11]: Firebase Messaging is setup correctly.
02-19 01:07:26.951  6197  6229 E GeckoLibLoad: Loaded libs in 45.730212ms total, 20ms(120ms) user, 20ms(40ms) system, 0(0) faults
02-19 01:07:26.952  6197  6229 D GeckoThread: State changed to LIBS_READY
02-19 01:07:26.954  6197  6229 W GeckoThread: zerdatime 14620540722 - runGecko
02-19 01:07:26.955  6197  6197 I FirefoxAccountStateMachine: Enabling/updating sync with a new SyncConfig: SyncConfig(supportedEngines=[mozilla.components.service.fxa.SyncEngine$History@df68371, mozilla.components.service.fxa.SyncEngine$Bookmarks@8689556, mozilla.components.service.fxa.SyncEngine$Passwords@88bf9d7], syncPeriodInMinutes=240)
02-19 01:07:26.960  6197  6229 D GeckoProfile: Loading profile at: null name: default
02-19 01:07:26.965  6197  6229 D GeckoProfile: Found profile dir: /data/user/0/org.mozilla.fenix.nightly/files/mozilla/mzskylof.default
02-19 01:07:26.966  6197  6197 I BgSyncManager: Periodic syncing enabled at a 240 interval
02-19 01:07:26.968  6197  6197 I FirefoxAccountStateMachine: Sync is enabled
02-19 01:07:26.969  6197  6197 D PushConfig: Creating push configuration for autopush.
02-19 01:07:26.983  6197  6246 I FirefoxAccountStateMachine: Processing event Event$Init for state Start. Next state is Start
02-19 01:07:26.983  6197  6197 I App     : AutoPushFeature is configured, initializing it...
02-19 01:07:26.983  6197  6197 I AutoPushFeature: Checking validity of push subscriptions.
02-19 01:07:26.999  6197  6246 I FirefoxAccountStateMachine: Ran 'Event$Init' side-effects for state Start, got successive event Event$AccountNotFound
02-19 01:07:27.000  6197  6246 I FirefoxAccountStateMachine: Processing event Event$AccountNotFound for state Start. Next state is NotAuthenticated
02-19 01:07:27.004  6197  6246 D RustNativeSupport: findMegazordLibraryName(fxaclient, 0.50.0
02-19 01:07:27.004  6197  6246 D RustNativeSupport: lib in use: none
02-19 01:07:27.004  6197  6246 D RustNativeSupport: lib configured: fenix
02-19 01:07:27.004  6197  6246 D RustNativeSupport: lib version configured: 0.50.0
02-19 01:07:27.004  6197  6246 D RustNativeSupport: settled on fenix
02-19 01:07:27.006  6197  6246 D fxaclient_ffi: fxa_new
02-19 01:07:27.016  6197  6197 D GeckoRuntime: Lifecycle: onStart
02-19 01:07:27.027  6197  6197 I [INFO][Leanplum]: [com.leanplum.internal.RequestOld::sendIfConnected::4]: Device is offline, will send later
02-19 01:07:27.044  6197  6197 D GeckoRuntime: Lifecycle: onResume
02-19 01:07:27.046  6197  6197 D GeckoNetworkManager: Incoming event start for state OffNoListeners -> OnNoListeners
02-19 01:07:27.047  6197  6197 D GeckoNetworkManager: New network state: DOWN, NONE, UNKNOWN
02-19 01:07:27.067  6197  6255 D OpenGLRenderer: HWUI GL Pipeline
02-19 01:07:27.074 13975 13985 I zygote  : Background concurrent copying GC freed 37526(1708KB) AllocSpace objects, 0(0B) LOS objects, 50% free, 8MB/16MB, paused 133us total 110.446ms
02-19 01:07:27.080  6197  6197 I glean/Glean: Registering pings for org.mozilla.fenix.GleanMetrics.Pings
02-19 01:07:27.103  6197  6197 D App     : ActivationPing - already generated
02-19 01:07:27.175  6197  6202 I zygote  : Do partial code cache collection, code=57KB, data=38KB
02-19 01:07:27.178  6197  6202 I zygote  : After code cache collection, code=55KB, data=38KB
02-19 01:07:27.178  6197  6202 I zygote  : Increasing code cache capacity to 256KB
02-19 01:07:27.214  1456  2915 I ActivityManager: START u0 {act=android.intent.action.VIEW dat=about:blank typ=text/html flg=0x10000000 cmp=org.mozilla.fenix.nightly/org.mozilla.fenix.HomeActivity (has extras)} from uid 11015
02-19 01:07:27.223  6197  6197 D GeckoNetworkManager: Incoming event receivedUpdate for state OnNoListeners -> OnNoListeners
02-19 01:07:27.224  6197  6197 D GeckoNetworkManager: New network state: DOWN, NONE, UNKNOWN
02-19 01:07:27.237  6197  6255 I Adreno  : QUALCOMM build                   : bb5b86c, I77d3059488
02-19 01:07:27.237  6197  6255 I Adreno  : Build Date                       : 06/07/18
02-19 01:07:27.237  6197  6255 I Adreno  : OpenGL ES Shader Compiler Version: EV031.22.00.01_06
02-19 01:07:27.237  6197  6255 I Adreno  : Local Branch                     : 
02-19 01:07:27.237  6197  6255 I Adreno  : Remote Branch                    : refs/tags/AU_LINUX_ANDROID_LA.UM.6.5.R1.08.01.00.312.086
02-19 01:07:27.237  6197  6255 I Adreno  : Remote Branch                    : NONE
02-19 01:07:27.237  6197  6255 I Adreno  : Reconstruct Branch               : NOTHING
02-19 01:07:27.237  6197  6255 D vndksupport: Loading /vendor/lib/hw/gralloc.msm8937.so from current namespace instead of sphal namespace.
02-19 01:07:27.245  6197  6255 I Adreno  : PFP: 0x005ff087, ME: 0x005ff063
02-19 01:07:27.256  6197  6255 I zygote  : android::hardware::configstore::V1_0::ISurfaceFlingerConfigs::hasWideColorDisplay retrieved: 0
02-19 01:07:27.260  6197  6255 I OpenGLRenderer: Initialized EGL, version 1.4
02-19 01:07:27.260  6197  6255 D OpenGLRenderer: Swap behavior 2
02-19 01:07:27.281  6197  6281 D NetworkSecurityConfig: No Network Security Config specified, using platform default
02-19 01:07:27.312  1456  4679 I WindowManager: Keep hide if surface has never drawn Window{27efb36 u0 org.mozilla.fenix.nightly/org.mozilla.fenix.IntentReceiverActivity}
02-19 01:07:27.313  1456  4679 I WindowManager: Failed to capture screenshot of Token{f464dae ActivityRecord{3410629 u0 org.mozilla.fenix.nightly/org.mozilla.fenix.IntentReceiverActivity t27587 f}} appWin=Window{27efb36 u0 org.mozilla.fenix.nightly/org.mozilla.fenix.IntentReceiverActivity} drawState=1
02-19 01:07:27.320   808   808 I SFPerfTracer:      triggers: (rate: 51:554043) (compose: 0:6) (post: 0:19) (render: 0:16) (3:4982393 frames) (4:6610553)
02-19 01:07:27.320   808   808 D SFPerfTracer:        layers: (4:16) (NavigationBar#0 (0xb07df000): 0:581240) (StatusBar#0 (0xb07e3000): 0:1579689) (com.android.systemui.ImageWallpaper#0 (0xb07e7000): 0:51262) (Sprite#0 (0xb0733000): 0:317)* (DimLayerController/Stack=0#0 (0xb075a000): 0:3734)* (Sprite#1 (0xb077c000): 0:195)* (animation background stackId=1#0 (0xb039b000): 0:2)* (com.android.launcher3/com.android.launcher3.CustomizationPanelLauncher#0 (0xb0763000): 0:42)- (com.android.launcher3/com.android.launcher3.CustomizationPanelLauncher#1 (0xb0771000): 0:12)- (org.mozilla.fenix.nightly/org.mozilla.fenix.IntentReceiverActivity#0 (0xb0384000): 0:6)- (Splash Screen org.mozilla.fenix.nightly#0 (0xb0131000): 0:31)- (org.mozilla.fenix.nightly/org.mozilla.fenix.HomeActivity#0 (0xb013e000): 0:57)- (com.android.launcher3/com.android.launcher3.CustomizationPanelLauncher#0 (0xb0763000): 1:41)* (com.android.launcher3/com.android.launcher3.CustomizationPanelLauncher#1 (0xb0771000): 1:11) (org.mozilla.fenix.nightly/org.mozilla.fenix.IntentReceiverActivity#0
02-19 01:07:27.347  1456  1673 I LaunchCheckinHandler: Displayed org.mozilla.fenix.nightly/org.mozilla.fenix.IntentReceiverActivity,cp,ca,815
02-19 01:07:27.353  6197  6229 I Gecko:DumpUtils: Fifo watcher disabled via pref.
02-19 01:07:27.359  3571  3571 I Finsky  : [2] ppb.onTrimMemory(1): Memory trim requested to level 80
02-19 01:07:27.384  6197  6197 D PhoneWindow: Restoring navigation bar divider color to default value = 0x00000000
02-19 01:07:27.386  6197  6229 D GeckoSysInfo: System memory: 1867MB.
02-19 01:07:27.388  6197  6229 D GeckoThread: State changed to JNI_READY
02-19 01:07:27.389  6197  6291 I zygote  : Deoptimizing java.lang.Object androidx.collection.SimpleArrayMap.put(java.lang.Object, java.lang.Object) due to JIT inline cache
02-19 01:07:27.408  1456  6339 I ActivityManager: Start proc 6301:org.mozilla.fenix.nightly:tab/u0a1015 for service org.mozilla.fenix.nightly/org.mozilla.gecko.process.GeckoServiceChildProcess$tab
02-19 01:07:27.438  6197  6197 I NavController: Ignoring popBackStack to destination org.mozilla.fenix.nightly:id/browserFragment as it was not found on the current back stack
02-19 01:07:27.532  1456  2162 I ActivityManager: Start proc 6319:org.mozilla.fenix.nightly:socket/u0a1015 for service org.mozilla.fenix.nightly/org.mozilla.gecko.process.GeckoServiceChildProcess$socket
02-19 01:07:27.551  6301  6301 D GeckoThread: State changed to LAUNCHED
02-19 01:07:27.552  6301  6332 I GeckoThread: preparing to run Gecko
02-19 01:07:27.626  6197  6256 D RustNativeSupport: findMegazordLibraryName(places, 0.50.0
02-19 01:07:27.626  6197  6256 D RustNativeSupport: lib in use: none
02-19 01:07:27.626  6197  6256 D RustNativeSupport: lib configured: fenix
02-19 01:07:27.626  6197  6256 D RustNativeSupport: lib version configured: 0.50.0
02-19 01:07:27.627  6197  6256 D RustNativeSupport: settled on fenix
02-19 01:07:27.632  6197  6256 D places_ffi: places_api_new
02-19 01:07:27.671  6319  6319 D GeckoThread: State changed to LAUNCHED
02-19 01:07:27.673  6319  6337 I GeckoThread: preparing to run Gecko
02-19 01:07:27.692  6197  6256 D sql_support::conn_ext: Transaction commited after 32.100889ms
02-19 01:07:27.693  6197  6256 D places_ffi: places_connection_new
02-19 01:07:27.696  6197  6256 D places_ffi: places_connection_new
02-19 01:07:27.713  6197  6256 D places_ffi: bookmarks_get_all_with_url
02-19 01:07:27.771  6197  6202 I zygote  : Do full code cache collection, code=126KB, data=89KB
02-19 01:07:27.773  6197  6202 I zygote  : After code cache collection, code=92KB, data=51KB
02-19 01:07:27.777  1456  1466 I zygote  : Background concurrent copying GC freed 75041(8MB) AllocSpace objects, 21(740KB) LOS objects, 36% free, 41MB/65MB, paused 239us total 385.615ms
02-19 01:07:27.784  6197  6335 W LOTTIE  : Animation contains merge paths. Merge paths are only supported on KitKat+ and must be manually enabled by calling enableMergePathsForKitKatAndAbove().
02-19 01:07:27.851  6197  6246 W FirefoxAccountStateMachine: Got invalid event Event$Init for state NotAuthenticated.
02-19 01:07:27.862  6197  6197 E [ERROR][Leanplum]: [com.leanplum.LeanplumFcmProvider$1::onComplete::2]: getInstanceId failed
02-19 01:07:27.907  6319  6337 D GeckoThread: State changed to MOZGLUE_READY
02-19 01:07:27.917  6319  6337 W Settings: Setting animator_duration_scale has moved from android.provider.Settings.System to android.provider.Settings.Global, returning read-only global URI.
02-19 01:07:27.919  6319  6337 E GeckoLibLoad: Load sqlite start
02-19 01:07:27.937  6319  6337 W GeckoLinker: /data/app/org.mozilla.fenix.nightly-FWf74Si6cqy5zecotSZQ4w==/lib/arm/libnss3.so: unhandled flags #8 not handled
02-19 01:07:27.942  6319  6337 W GeckoLinker: /data/app/org.mozilla.fenix.nightly-FWf74Si6cqy5zecotSZQ4w==/lib/arm/libnss3.so: Relocation to NULL @0x001b8ffc for symbol "__cxa_type_match"
02-19 01:07:27.942  6319  6337 E GeckoLibLoad: Load sqlite done
02-19 01:07:27.943  6319  6337 E GeckoLibLoad: Load nss start
02-19 01:07:27.943  6319  6337 E GeckoLibLoad: Load nss done
02-19 01:07:27.943  6319  6337 W GeckoLinker: /data/app/org.mozilla.fenix.nightly-FWf74Si6cqy5zecotSZQ4w==/lib/arm/libxul.so: unhandled flags #8 not handled
02-19 01:07:27.943  6319  6337 W GeckoLinker: /data/app/org.mozilla.fenix.nightly-FWf74Si6cqy5zecotSZQ4w==/lib/arm/liblgpllibs.so: unhandled flags #8 not handled
02-19 01:07:27.974  6319  6337 E GeckoLibLoad: Loaded libs in 31.252086ms total, 20ms(20ms) user, 10ms(10ms) system, 0(0) faults
02-19 01:07:27.974  6319  6337 D GeckoThread: State changed to LIBS_READY
02-19 01:07:27.975  6319  6337 W GeckoThread: zerdatime 14620541742 - runGecko
02-19 01:07:28.055  6197  6202 I zygote  : Do partial code cache collection, code=125KB, data=89KB
02-19 01:07:28.057  6197  6202 I zygote  : After code cache collection, code=125KB, data=89KB
02-19 01:07:28.058  6197  6202 I zygote  : Increasing code cache capacity to 512KB
02-19 01:07:28.171  6319  6337 D GeckoThread: State changed to RUNNING
02-19 01:07:28.214  1456  6339 I ActivityManager: Displayed org.mozilla.fenix.nightly/org.mozilla.fenix.HomeActivity: +909ms (total +1s683ms)
02-19 01:07:28.214  1456  6339 I ActivityManager: Fully drawn org.mozilla.fenix.nightly/org.mozilla.fenix.HomeActivity: +909ms (total +1s683ms)
02-19 01:07:28.232  6197  6197 W LOTTIE  : Animation contains merge paths but they are disabled.
02-19 01:07:28.283  6197  6255 D vndksupport: Loading /vendor/lib/hw/android.hardware.graphics.mapper@2.0-impl.so from current namespace instead of sphal namespace.
02-19 01:07:28.284  6197  6255 D vndksupport: Loading /vendor/lib/hw/gralloc.msm8937.so from current namespace instead of sphal namespace.
02-19 01:07:28.355  6197  6229 I Gecko   : 1582092448349	addons.xpi	WARN	List of valid built-in add-ons could not be parsed.: [Exception... "Component returned failure code: 0x80520012 (NS_ERROR_FILE_NOT_FOUND) [nsIXPCComponents_Utils.readUTF8URI]"  nsresult: "0x80520012 (NS_ERROR_FILE_NOT_FOUND)"  location: "JS frame :: resource://gre/modules/addons/XPIProvider.jsm :: startup :: line 2372"  data: no] Stack trace: startup()@resource://gre/modules/addons/XPIProvider.jsm:2372
02-19 01:07:28.355  6197  6229 I Gecko   : callProvider()@resource://gre/modules/AddonManager.jsm:215
02-19 01:07:28.355  6197  6229 I Gecko   : _startProvider()@resource://gre/modules/AddonManager.jsm:587
02-19 01:07:28.355  6197  6229 I Gecko   : startup()@resource://gre/modules/AddonManager.jsm:811
02-19 01:07:28.355  6197  6229 I Gecko   : startup()@resource://gre/modules/AddonManager.jsm:3482
02-19 01:07:28.355  6197  6229 I Gecko   : observe()@resource://gre/modules/addonManager.js:87
02-19 01:07:28.468 20270 20270 I MemoryTrimmer: Trimming objects from memory, since app is in the background.
02-19 01:07:28.474 20270 21092 E AudioSource: Stop listening is called on already closed AudioSource
02-19 01:07:28.479 20270 20270 I MemoryTrimmer: Trimming objects from memory, since app is in the background.
02-19 01:07:28.480 20270  8304 I PBSessionCacheImpl: Deleted sessionId[89149984825575298] from persistence.
02-19 01:07:28.482  1456  4250 I WifiService: getWifiEnabledState uid=10073
02-19 01:07:28.484 20270 21092 I DEBUG   : OpaToSrpTransitionState#onStateChanged#notNullQuery
02-19 01:07:28.485 20270 21092 I DEBUG   : OpaToSrpTransitionState#onStateChanged#notNullQuery
02-19 01:07:28.487 20270 21092 W SearchServiceCore: Abort, client detached.
02-19 01:07:28.545  6197  6229 D GeckoThread: State changed to PROFILE_READY
02-19 01:07:28.629  6197  6229 D GeckoThread: State changed to RUNNING
02-19 01:07:28.645  6197  6229 W GeckoEventDispatcher: No listener for AndroidCastDevice:SyncDevice
02-19 01:07:28.651  6197  6229 I Gecko   : -*- nsDNSServiceDiscovery.js : nsDNSServiceDiscovery
02-19 01:07:28.755  6197  6229 W ResourceType: Too many attribute references, stopped at: 0x01010099
02-19 01:07:28.859  6197  6197 D GeckoNetworkManager: Incoming event enableNotifications for state OnNoListeners -> OnWithListeners
02-19 01:07:28.860  6197  6197 D GeckoNetworkManager: New network state: DOWN, NONE, UNKNOWN
02-19 01:07:28.861  6197  6197 D GeckoNetworkManager: Incoming event receivedUpdate for state OnWithListeners -> OnWithListeners
02-19 01:07:28.862  6197  6197 D GeckoNetworkManager: New network state: DOWN, NONE, UNKNOWN
02-19 01:07:28.865  6197  6229 W GeckoLinker: /data/app/org.mozilla.fenix.nightly-FWf74Si6cqy5zecotSZQ4w==/lib/arm/libsoftokn3.so: unhandled flags #8 not handled
02-19 01:07:28.866  1023  6392 D libc    : Internal error: netid(0), id(0xee3f), server(0.0.0.0)
02-19 01:07:28.866  6197  6229 W GeckoLinker: /data/app/org.mozilla.fenix.nightly-FWf74Si6cqy5zecotSZQ4w==/lib/arm/libsoftokn3.so: Relocation to NULL @0x0002cffc for symbol "__cxa_type_match"
02-19 01:07:28.866  1023  6392 D libc    : Internal error: netid(0), id(0xee3f), server(0.0.0.0)
02-19 01:07:28.866  1023  6392 D libc    : Internal error: netid(0), id(0xce5d), server(0.0.0.0)
02-19 01:07:28.866  1023  6392 D libc    : Internal error: netid(0), id(0xce5d), server(0.0.0.0)
02-19 01:07:28.867  6197  6229 W GeckoLinker: /data/app/org.mozilla.fenix.nightly-FWf74Si6cqy5zecotSZQ4w==/lib/arm/libfreebl3.so: unhandled flags #8 not handled
02-19 01:07:28.867  6197  6229 W GeckoLinker: /data/app/org.mozilla.fenix.nightly-FWf74Si6cqy5zecotSZQ4w==/lib/arm/libfreebl3.so: Relocation to NULL @0x0004fffc for symbol "__cxa_type_match"
02-19 01:07:28.897  6197  6360 W GeckoLinker: /data/app/org.mozilla.fenix.nightly-FWf74Si6cqy5zecotSZQ4w==/lib/arm/libnssckbi.so: unhandled flags #8 not handled
02-19 01:07:28.898  6197  6360 W GeckoLinker: /data/app/org.mozilla.fenix.nightly-FWf74Si6cqy5zecotSZQ4w==/lib/arm/libnssckbi.so: Relocation to NULL @0x00055ffc for symbol "__cxa_type_match"
02-19 01:07:28.918  6197  6229 W GeckoEventDispatcher: No listener for GeckoView:AccessibilityEnabled
02-19 01:07:29.057  1023  6403 D libc    : Internal error: netid(0), id(0xfc6a), server(0.0.0.0)
02-19 01:07:29.057  1023  6403 D libc    : Internal error: netid(0), id(0xfc6a), server(0.0.0.0)
02-19 01:07:29.058  1023  6403 D libc    : Internal error: netid(0), id(0x830a), server(0.0.0.0)
02-19 01:07:29.058  1023  6403 D libc    : Internal error: netid(0), id(0x830a), server(0.0.0.0)
02-19 01:07:29.059  1023  6407 D libc    : Internal error: netid(0), id(0xb754), server(0.0.0.0)
02-19 01:07:29.060  1023  6407 D libc    : Internal error: netid(0), id(0xb754), server(0.0.0.0)
02-19 01:07:29.060  1023  6407 D libc    : Internal error: netid(0), id(0xac68), server(0.0.0.0)
02-19 01:07:29.060  1023  6407 D libc    : Internal error: netid(0), id(0xac68), server(0.0.0.0)
02-19 01:07:29.061  1023  6411 D libc    : Internal error: netid(0), id(0x34), server(0.0.0.0)
02-19 01:07:29.062  1023  6411 D libc    : Internal error: netid(0), id(0x34), server(0.0.0.0)
02-19 01:07:29.062  1023  6411 D libc    : Internal error: netid(0), id(0xc93e), server(0.0.0.0)
02-19 01:07:29.062  1023  6411 D libc    : Internal error: netid(0), id(0xc93e), server(0.0.0.0)
02-19 01:07:29.080  6197  6229 W ResourceType: Too many attribute references, stopped at: 0x01010099
02-19 01:07:29.374  6301  6332 D GeckoThread: State changed to MOZGLUE_READY
02-19 01:07:29.381  6301  6332 W Settings: Setting animator_duration_scale has moved from android.provider.Settings.System to android.provider.Settings.Global, returning read-only global URI.
02-19 01:07:29.383  6301  6332 E GeckoLibLoad: Load sqlite start
02-19 01:07:29.401  6301  6332 W GeckoLinker: /data/app/org.mozilla.fenix.nightly-FWf74Si6cqy5zecotSZQ4w==/lib/arm/libnss3.so: unhandled flags #8 not handled
02-19 01:07:29.405  6301  6332 W GeckoLinker: /data/app/org.mozilla.fenix.nightly-FWf74Si6cqy5zecotSZQ4w==/lib/arm/libnss3.so: Relocation to NULL @0x001b8ffc for symbol "__cxa_type_match"
02-19 01:07:29.405  6301  6332 E GeckoLibLoad: Load sqlite done
02-19 01:07:29.405  6301  6332 E GeckoLibLoad: Load nss start
02-19 01:07:29.405  6301  6332 E GeckoLibLoad: Load nss done
02-19 01:07:29.406  6301  6332 W GeckoLinker: /data/app/org.mozilla.fenix.nightly-FWf74Si6cqy5zecotSZQ4w==/lib/arm/libxul.so: unhandled flags #8 not handled
02-19 01:07:29.406  6301  6332 W GeckoLinker: /data/app/org.mozilla.fenix.nightly-FWf74Si6cqy5zecotSZQ4w==/lib/arm/liblgpllibs.so: unhandled flags #8 not handled
02-19 01:07:29.416  6197  6229 I GeckoSession: zerdatime 14620543184 - chrome startup finished
02-19 01:07:29.437  6301  6332 E GeckoLibLoad: Loaded libs in 31.770628ms total, 23ms(23ms) user, 6ms(6ms) system, 0(0) faults
02-19 01:07:29.438  6301  6332 D GeckoThread: State changed to LIBS_READY
02-19 01:07:29.438  6301  6332 W GeckoThread: zerdatime 14620543205 - runGecko
02-19 01:07:29.935  6301  6332 D GeckoThread: State changed to RUNNING
02-19 01:07:29.940  6197  6197 D App     : Installed browser-icons extension
02-19 01:07:29.942  6197  6197 D mozac-webextensions: Installed extension: mozacWebchannel
02-19 01:07:29.945  6197  6197 D mozac-webextensions: Installed extension: mozacReaderview
02-19 01:07:29.992  6301  6332 W ResourceType: Too many attribute references, stopped at: 0x01010099
02-19 01:07:30.086  6197  6197 D GeckoSession: handleMessage GeckoView:PageStart uri=about:blank
02-19 01:07:30.115  6197  6229 D GeckoScreenOrientation: unlocking
02-19 01:07:30.123  6197  6197 D GeckoSession: handleMessage GeckoView:LocationChange uri=about:blank
02-19 01:07:30.124  6197  6197 D GeckoSession: handleMessage GeckoView:PageStop uri=null
02-19 01:07:30.130  6197  6197 I SessionStorage/AutoSave: Save: Load finished
02-19 01:07:30.141  6197  6268 D SessionStorage/AutoSave: Saved state to disk [9ms]
02-19 01:07:30.155  6197  6197 D GeckoSession: handleMessage GeckoView:OnLoadRequest uri=about:blank
02-19 01:07:30.169  6197  6197 D GeckoSession: handleMessage GeckoView:OnLoadRequest uri=about:blank
02-19 01:07:30.174  6197  6197 I zygote  : Deoptimizing void kotlin.coroutines.jvm.internal.ContinuationImpl.<init>(kotlin.coroutines.Continuation) due to JIT inline cache
02-19 01:07:30.244  6197  6197 D mozac-webcompat: Installed WebCompat webextension: webcompat@mozilla.com
02-19 01:07:30.261  6197  6197 D GeckoSession: handleMessage GeckoView:PageStart uri=about:blank
02-19 01:07:30.300  6197  6197 D GeckoSession: handleMessage GeckoView:PageStop uri=null
02-19 01:07:30.309  6197  6197 I SessionStorage/AutoSave: Save: Load finished
02-19 01:07:30.311  6197  6268 D SessionStorage/AutoSave: Delaying save (1821ms)
02-19 01:07:30.330  6197  6197 D GeckoSession: handleMessage GeckoView:PageStart uri=about:blank
02-19 01:07:30.371  6197  6197 D GeckoSession: handleMessage GeckoView:SecurityChanged uri=null
02-19 01:07:30.378  6197  6197 I zygote  : Deoptimizing java.lang.Object kotlin.coroutines.CoroutineContext$plus$1.invoke(java.lang.Object, java.lang.Object) due to JIT inline cache
02-19 01:07:30.378  6197  6197 I zygote  : Deoptimizing kotlin.coroutines.CoroutineContext kotlin.coroutines.CombinedContext.minusKey(kotlin.coroutines.CoroutineContext$Key) due to JIT inline cache
02-19 01:07:30.379  6197  6197 D GeckoSession: handleMessage GeckoView:PageStop uri=null
02-19 01:07:30.387  6197  6197 I SessionStorage/AutoSave: Save: Load finished
02-19 01:07:30.387  6197  6197 D SessionStorage/AutoSave: Skipping save, other job already in flight
02-19 01:07:30.408  6197  6202 I zygote  : Do full code cache collection, code=254KB, data=155KB
02-19 01:07:30.411  6197  6202 I zygote  : After code cache collection, code=177KB, data=89KB
02-19 01:07:31.081  6197  6197 D GeckoSession: handleMessage GeckoView:StateUpdated uri=null
