--------- beginning of main
03-22 22:19:49.314  1456  1605 W zygote  : kill(-2655, 9) failed: No such process
03-22 22:19:49.314  1456  1605 I zygote  : Successfully killed process cgroup uid 10062 pid 2655 in 43ms
03-22 22:19:49.315  1456  1605 W zygote  : kill(-12600, 9) failed: No such process
03-22 22:19:49.315  1456  1605 I zygote  : Successfully killed process cgroup uid 10090 pid 12600 in 0ms
03-22 22:19:49.315  1456  1605 W zygote  : kill(-16002, 9) failed: No such process
03-22 22:19:49.315  1456  1605 I zygote  : Successfully killed process cgroup uid 10036 pid 16002 in 0ms
03-22 22:19:49.315  1456  1605 W zygote  : kill(-12833, 9) failed: No such process
03-22 22:19:49.315  1456  1605 I zygote  : Successfully killed process cgroup uid 10044 pid 12833 in 0ms
03-22 22:19:49.315  1456  1605 W zygote  : kill(-12496, 9) failed: No such process
03-22 22:19:49.315  1456  1605 I zygote  : Successfully killed process cgroup uid 1000 pid 12496 in 0ms
03-22 22:19:49.315  1456  1605 W zygote  : kill(-12504, 9) failed: No such process
03-22 22:19:49.316  1456  1605 I zygote  : Successfully killed process cgroup uid 10085 pid 12504 in 0ms
03-22 22:19:49.316  1456  1605 W zygote  : kill(-6604, 9) failed: No such process
03-22 22:19:49.316  1456  1605 I zygote  : Successfully killed process cgroup uid 10014 pid 6604 in 0ms
03-22 22:19:49.316  1456  1605 W zygote  : kill(-2898, 9) failed: No such process
03-22 22:19:49.316  1456  1605 I zygote  : Successfully killed process cgroup uid 10031 pid 2898 in 0ms
03-22 22:19:49.316  1456  1605 W zygote  : kill(-2845, 9) failed: No such process
03-22 22:19:49.316  1456  1605 I zygote  : Successfully killed process cgroup uid 10036 pid 2845 in 0ms
--------- beginning of system
03-22 22:19:49.448  1456  2920 I ActivityManager: START u0 {act=android.intent.action.MAIN cat=[android.intent.category.LAUNCHER] flg=0x10000000 cmp=org.mozilla.fennec_aurora/.App} from uid 2000
03-22 22:19:49.467  1456  6339 I ActivityManager: Start proc 12998:org.mozilla.fennec_aurora/u0a1146 for activity org.mozilla.fennec_aurora/.App
03-22 22:19:49.558 28336 28379 I MicroDetectionState: Should stop hotword detection immediately - false
03-22 22:19:49.558 28336 28379 I MicroDetector: Keeping mic open: false
03-22 22:19:49.558 28336 28379 I RecognitionAudioControl: #shutdownAudio [requestId: 1453799156770355221, keepAudioOpen: false, forced: true]
03-22 22:19:49.558 28336 21552 E DeviceStateChecker: DeviceStateChecker cancelled
03-22 22:19:49.558 28336 28379 I RecognitionAudioControl: #internalShutdownAudio [requestId: 1453799156770355221]
03-22 22:19:49.558 28336 28379 I RecognitionAudioControl: #internalShutdownAudio [keepAudioOpen: false, forced: true]
03-22 22:19:49.558 28336 28379 I RecognitionAudioControl: #actualShutdownAudio
03-22 22:19:49.558 28336 28379 I AudioController: #shutdown [requestId=1453799156770355221]
03-22 22:19:49.559 28336 28367 I AudioController: internalShutdown
03-22 22:19:49.559 28336 28378 I MicroRecognitionRunner: Stopping hotword detection.
03-22 22:19:49.602   788  1479 I chatty  : uid=1041(audioserver) HwBinder:788_3 expire 2 lines
03-22 22:19:49.605  1012  1302 I chatty  : uid=1041(audioserver) Binder:1012_2 expire 1 line
03-22 22:19:49.606   788  1401 I chatty  : uid=1041(audioserver) HwBinder:788_2 expire 2 lines
03-22 22:19:49.608 28336 28367 I MicrophoneInputStream: mic_close  SR : 16000 CC : 16 SO : 1999
03-22 22:19:49.609 28336 28367 E AudioSource: Stop listening is called on already closed AudioSource
03-22 22:19:49.611 28336 21549 I MicroRecognitionRunner: Detection finished
03-22 22:19:49.627 12998 12998 I chatty  : uid=11146(org.mozilla.fennec_aurora) expire 45 lines
03-22 22:19:49.701 12998 13017 I chatty  : uid=11146(org.mozilla.fennec_aurora) expire 4 lines
03-22 22:19:49.726 12998 13025 I chatty  : uid=11146(org.mozilla.fennec_aurora) expire 14 lines
03-22 22:19:49.753 12998 13024 I chatty  : uid=11146(org.mozilla.fennec_aurora) expire 11 lines
03-22 22:19:49.791 12998 13031 I chatty  : uid=11146(org.mozilla.fennec_aurora) expire 27 lines
03-22 22:19:49.877 12998 13035 I chatty  : uid=11146(org.mozilla.fennec_aurora) expire 1 line
03-22 22:19:49.886 12998 13042 I chatty  : uid=11146(org.mozilla.fennec_aurora) expire 10 lines
03-22 22:19:49.907   808   808 I SFPerfTracer:      triggers: (rate: 71:2008132) (compose: 0:7) (post: 0:19) (render: 0:17) (16:9546388 frames) (17:11783428)
03-22 22:19:49.908   808   808 D SFPerfTracer:        layers: (3:13) (NavigationBar#0 (0xb07df000): 9:790486) (StatusBar#0 (0xb07e3000): 9:1975964) (com.android.systemui.ImageWallpaper#0 (0xb07e7000): 0:71878)* (Sprite#0 (0xb0733000): 0:317)* (DimLayerController/Stack=0#0 (0xb075a000): 0:3780)* (Sprite#1 (0xb077c000): 0:195)* (com.android.launcher3/com.android.launcher3.CustomizationPanelLauncher#0 (0xb0763000): 0:72)- (com.android.launcher3/com.android.launcher3.CustomizationPanelLauncher#1 (0xb0771000): 0:17)- (Splash Screen org.mozilla.fennec_aurora#0 (0xb039b000): 0:20)- (org.mozilla.fennec_aurora/org.mozilla.fenix.HomeActivity#0 (0xb039b000): 0:46)- (com.android.launcher3/com.android.launcher3.CustomizationPanelLauncher#0 (0xb0763000): 0:40)* (com.android.launcher3/com.android.launcher3.CustomizationPanelLauncher#1 (0xb0771000): 0:11)* (Splash Screen org.mozilla.fennec_aurora#0 (0xb039b000): 16:19) 
03-22 22:19:49.941  1456  2923 I ActivityManager: START u0 {act=android.intent.action.MAIN cat=[android.intent.category.LAUNCHER] flg=0x10000000 cmp=org.mozilla.fennec_aurora/org.mozilla.fenix.HomeActivity (has extras)} from uid 11146
03-22 22:19:49.945 12998 13003 I chatty  : uid=11146(org.mozilla.fennec_aurora) expire 8 lines
03-22 22:19:49.958   808   808 D SurfaceFlinger: duplicate layer name: changing Splash Screen org.mozilla.fennec_aurora to Splash Screen org.mozilla.fennec_aurora#1
03-22 22:19:50.261  1456  2923 I ActivityManager: Start proc 13084:org.mozilla.fennec_aurora:tab0/u0a1146 for service org.mozilla.fennec_aurora/org.mozilla.gecko.process.GeckoChildProcessServices$tab0
03-22 22:19:50.266 12998 12998 E ActivityThread: Failed to find provider info for org.mozilla.firefox_beta.fxa.auth
03-22 22:19:50.266 12998 12998 E ActivityThread: Failed to find provider info for org.mozilla.fennec_aurora.fxa.auth
03-22 22:19:50.339 12998 13103 I chatty  : uid=11146(org.mozilla.fennec_aurora) expire 9 lines
03-22 22:19:50.392 13084 13084 I chatty  : uid=11146(org.mozilla.fennec_aurora) expire 2 lines
03-22 22:19:50.393 13084 13107 I chatty  : uid=11146(org.mozilla.fennec_aurora) expire 1 line
03-22 22:19:50.744  1456  1673 I LaunchCheckinHandler: Displayed org.mozilla.fennec_aurora/org.mozilla.fenix.HomeActivity,wp,ca,750
03-22 22:19:50.745  1456  1673 I ActivityManager: Displayed org.mozilla.fennec_aurora/org.mozilla.fenix.HomeActivity: +740ms (total +1s278ms)
03-22 22:19:50.757 28336 28336 I MemoryTrimmer: Trimming objects from memory, since app is in the background.
03-22 22:19:50.763 28336 28379 E AudioSource: Stop listening is called on already closed AudioSource
03-22 22:19:50.765 28336 28336 I MemoryTrimmer: Trimming objects from memory, since app is in the background.
03-22 22:19:50.768 28336  3499 I PBSessionCacheImpl: Deleted sessionId[124624629806590035] from persistence.
03-22 22:19:50.769  1456  2204 I WifiService: getWifiEnabledState uid=10073
03-22 22:19:50.770 28336 28379 I DEBUG   : OpaToSrpTransitionState#onStateChanged#notNullQuery
03-22 22:19:50.771 28336 28379 I DEBUG   : OpaToSrpTransitionState#onStateChanged#notNullQuery
03-22 22:19:50.773 12998 12998 E ActivityThread: Failed to find provider info for org.mozilla.firefox_beta.fxa.auth
03-22 22:19:50.773 12998 12998 E ActivityThread: Failed to find provider info for org.mozilla.fennec_aurora.fxa.auth
03-22 22:19:50.775 28336 28379 W SearchServiceCore: Abort, client detached.
03-22 22:19:50.944 12998 13110 I chatty  : uid=11146(org.mozilla.fennec_aurora) expire 2 lines
03-22 22:19:51.123   808   898 I SFPerfTracer:      triggers: (rate: 0:1) (0 sw vsyncs) (0 skipped) (17:5459784 vsyncs) (19:11863854)
03-22 22:19:51.204  1023 13130 D libc    : Internal error: netid(0), id(0x5bc2), server(0.0.0.0)
03-22 22:19:51.204  1023 13130 D libc    : Internal error: netid(0), id(0x5bc2), server(0.0.0.0)
03-22 22:19:51.204  1023 13130 D libc    : Internal error: netid(0), id(0xef82), server(0.0.0.0)
03-22 22:19:51.205  1023 13130 D libc    : Internal error: netid(0), id(0xef82), server(0.0.0.0)
03-22 22:19:51.223  1023 13141 D libc    : Internal error: netid(0), id(0xb82), server(0.0.0.0)
03-22 22:19:51.224  1023 13141 D libc    : Internal error: netid(0), id(0xb82), server(0.0.0.0)
03-22 22:19:51.224  1023 13141 D libc    : Internal error: netid(0), id(0xb3db), server(0.0.0.0)
03-22 22:19:51.224  1023 13141 D libc    : Internal error: netid(0), id(0xb3db), server(0.0.0.0)
03-22 22:19:51.227  1023 13146 D libc    : Internal error: netid(0), id(0x52b1), server(0.0.0.0)
03-22 22:19:51.227  1023 13149 D libc    : Internal error: netid(0), id(0x5fb), server(0.0.0.0)
03-22 22:19:51.227  1023 13146 D libc    : Internal error: netid(0), id(0x52b1), server(0.0.0.0)
03-22 22:19:51.227  1023 13149 D libc    : Internal error: netid(0), id(0x5fb), server(0.0.0.0)
03-22 22:19:51.227  1023 13146 D libc    : Internal error: netid(0), id(0x6db2), server(0.0.0.0)
03-22 22:19:51.227  1023 13149 D libc    : Internal error: netid(0), id(0x9589), server(0.0.0.0)
03-22 22:19:51.228  1023 13149 D libc    : Internal error: netid(0), id(0x9589), server(0.0.0.0)
03-22 22:19:51.228  1023 13146 D libc    : Internal error: netid(0), id(0x6db2), server(0.0.0.0)
03-22 22:19:51.230  1023 13152 D libc    : Internal error: netid(0), id(0x9eca), server(0.0.0.0)
03-22 22:19:51.230  1023 13152 D libc    : Internal error: netid(0), id(0x9eca), server(0.0.0.0)
03-22 22:19:51.230  1023 13152 D libc    : Internal error: netid(0), id(0xbc8c), server(0.0.0.0)
03-22 22:19:51.231  1023 13152 D libc    : Internal error: netid(0), id(0xbc8c), server(0.0.0.0)
03-22 22:19:51.233  1023 13156 D libc    : Internal error: netid(0), id(0x8080), server(0.0.0.0)
03-22 22:19:51.233  1023 13156 D libc    : Internal error: netid(0), id(0x8080), server(0.0.0.0)
03-22 22:19:51.234  1023 13156 D libc    : Internal error: netid(0), id(0x90b2), server(0.0.0.0)
03-22 22:19:51.234  1023 13156 D libc    : Internal error: netid(0), id(0x90b2), server(0.0.0.0)
03-22 22:19:51.243 12998 13027 I chatty  : uid=11146(org.mozilla.fennec_aurora) expire 1 line
03-22 22:19:51.244 12998 13053 I chatty  : uid=11146(org.mozilla.fennec_aurora) expire 1 line
03-22 22:19:51.278 12998 13163 I chatty  : uid=11146(org.mozilla.fennec_aurora) expire 1 line
03-22 22:19:52.152  1456  2204 I ActivityManager: Force stopping org.mozilla.fennec_aurora appid=11146 user=0: from pid 13203
03-22 22:19:52.152  1456  2204 I ActivityManager: Killing 12998:org.mozilla.fennec_aurora/u0a1146 (adj 0): stop org.mozilla.fennec_aurora
03-22 22:19:52.154  1456  1605 W zygote  : kill(-12998, 9) failed: No such process
03-22 22:19:52.155  1456  2204 W ActivityManager: Force removing ActivityRecord{c875e00 u0 org.mozilla.fennec_aurora/org.mozilla.fenix.HomeActivity t42390}: app died, no saved state
03-22 22:19:52.170  1456  1605 W zygote  : kill(-12998, 9) failed: No such process
03-22 22:19:52.185  1456  1605 W zygote  : kill(-12998, 9) failed: No such process
03-22 22:19:52.191  1456  7796 I OpenGLRenderer: Initialized EGL, version 1.4
03-22 22:19:52.191  1456  7796 D OpenGLRenderer: Swap behavior 2
03-22 22:19:52.194  1456  2204 I ActivityManager: moveHomeStack, setupComplete:true
03-22 22:19:52.199  1456  1605 W zygote  : kill(-12998, 9) failed: No such process
03-22 22:19:52.203  1456  1941 W InputDispatcher: channel '77164f4 org.mozilla.fennec_aurora/org.mozilla.fenix.HomeActivity (server)' ~ Consumer closed input channel or an error occurred.  events=0x9
03-22 22:19:52.203  1456  1941 E InputDispatcher: channel '77164f4 org.mozilla.fennec_aurora/org.mozilla.fenix.HomeActivity (server)' ~ Channel is unrecoverably broken and will be disposed!
03-22 22:19:52.209  1456  1605 W zygote  : kill(-12998, 9) failed: No such process
03-22 22:19:52.213  1456  5907 I WindowManager: WIN DEATH: Window{77164f4 u0 org.mozilla.fennec_aurora/org.mozilla.fenix.HomeActivity}
03-22 22:19:52.213  1456  5907 W InputDispatcher: Attempted to unregister already unregistered input channel '77164f4 org.mozilla.fennec_aurora/org.mozilla.fenix.HomeActivity (server)'
03-22 22:19:52.213 28336 28375 I Adreno  : QUALCOMM build                   : bb5b86c, I77d3059488
03-22 22:19:52.213 28336 28375 I Adreno  : Build Date                       : 06/07/18
03-22 22:19:52.213 28336 28375 I Adreno  : OpenGL ES Shader Compiler Version: EV031.22.00.01_06
03-22 22:19:52.213 28336 28375 I Adreno  : Local Branch                     : 
03-22 22:19:52.213 28336 28375 I Adreno  : Remote Branch                    : refs/tags/AU_LINUX_ANDROID_LA.UM.6.5.R1.08.01.00.312.086
03-22 22:19:52.213 28336 28375 I Adreno  : Remote Branch                    : NONE
03-22 22:19:52.213 28336 28375 I Adreno  : Reconstruct Branch               : NOTHING
03-22 22:19:52.220 28336 28375 D vndksupport: Loading /vendor/lib/hw/gralloc.msm8937.so from current namespace instead of sphal namespace.
03-22 22:19:52.220  1456  2204 I ActivityManager: Killing 13084:org.mozilla.fennec_aurora:tab0/u0a1146 (adj 0): stop org.mozilla.fennec_aurora
03-22 22:19:52.223  1456  1605 W zygote  : kill(-12998, 9) failed: No such process
03-22 22:19:52.225 28336 28375 I Adreno  : PFP: 0x005ff087, ME: 0x005ff063
03-22 22:19:52.230  1456  1605 W zygote  : kill(-12998, 9) failed: No such process
03-22 22:19:52.230  1456  1605 I zygote  : Successfully killed process cgroup uid 11146 pid 12998 in 76ms
03-22 22:19:52.230  1456  1605 W zygote  : kill(-13084, 9) failed: No such process
03-22 22:19:52.231 28336 28375 I zygote  : android::hardware::configstore::V1_0::ISurfaceFlingerConfigs::hasWideColorDisplay retrieved: 0
03-22 22:19:52.232 28336 28375 I OpenGLRenderer: Initialized EGL, version 1.4
03-22 22:19:52.232 28336 28375 D OpenGLRenderer: Swap behavior 2
03-22 22:19:52.235  1456  1673 W ActivityManager: setHasOverlayUi called on unknown pid: 12998
03-22 22:19:52.240  2398  2398 D CarrierSvcBindHelper: No carrier app for: 0
03-22 22:19:52.240  2398  2398 D CarrierSvcBindHelper: No carrier app for: 1
03-22 22:19:52.243  1456  1605 W zygote  : kill(-13084, 9) failed: No such process
03-22 22:19:52.253  2748  2748 D Launcher.Utilities: Wakeup weather: Intent { act=com.motorola.launcher3.action.WAKEUP_WEATHER cmp=com.motorola.timeweatherwidget/com.motorola.commandcenter.weather.WakeUpService }
03-22 22:19:52.255  1456  1605 W zygote  : kill(-13084, 9) failed: No such process
03-22 22:19:52.255  1456  1605 I zygote  : Successfully killed process cgroup uid 11146 pid 13084 in 24ms
03-22 22:19:52.276  1456  1456 I NotificationService: Cannot find enqueued record for key: 0|com.motorola.timeweatherwidget|1|null|10116
03-22 22:19:52.287   808   808 D SurfaceFlinger: duplicate layer name: changing com.android.launcher3/com.android.launcher3.CustomizationPanelLauncher to com.android.launcher3/com.android.launcher3.CustomizationPanelLauncher#1
03-22 22:19:52.301 28336 28370 W ThreadPoolDumper: Queue length for executor EventBus is now 11. Perhaps some tasks are too long, or the pool is too small.
03-22 22:19:52.304  1456  5031 I WifiService: getWifiEnabledState uid=10073
03-22 22:19:52.320  1456  2920 I WifiService: getWifiEnabledState uid=10073
03-22 22:19:52.331 28336 28379 I DEBUG   : OpaToSrpTransitionState#onStateChanged#notNullQuery
03-22 22:19:52.333 28336 28379 I DEBUG   : OpaToSrpTransitionState#onStateChanged#notNullQuery
03-22 22:19:52.340  1456  2920 I ActivityManager: START u0 {act=android.intent.action.MAIN cat=[android.intent.category.LAUNCHER] flg=0x10000000 cmp=org.mozilla.fennec_aurora/.App} from uid 2000
03-22 22:19:52.358 28336 28379 I MicroDetectionState: Should stop hotword detection immediately - false
03-22 22:19:52.364 28336 28379 I MicroDetectionWorker: #startMicroDetector [speakerMode: 0]
03-22 22:19:52.366 28336 28379 I AudioController: Created new AudioSource
03-22 22:19:52.373  2146  2165 I zygote  : NativeAlloc concurrent copying GC freed 30097(1603KB) AllocSpace objects, 0(0B) LOS objects, 49% free, 8MB/17MB, paused 139us total 124.867ms
03-22 22:19:52.378  1456  5907 I ActivityManager: Start proc 13210:org.mozilla.fennec_aurora/u0a1146 for activity org.mozilla.fennec_aurora/.App
03-22 22:19:52.392 28336 28367 I MicroDataManager: isInitializedWithLatestParams-true
03-22 22:19:52.392 28336 28367 I MicroDataManager: isInitializing-false locale not changed-true model not changed-true
03-22 22:19:52.392 28336 28367 I MicroDataManager: Already initialized, obtaining the hotword data immediately.
03-22 22:19:52.400 28336 21552 I MicroRecognitionRunner: Starting detection.
03-22 22:19:52.400 28336 21552 I InputStreamUtils: Using micInputStream
03-22 22:19:52.401 28336  3499 I MicrophoneInputStream: mic_starting  SR : 16000 CC : 16 SO : 1999
03-22 22:19:52.417  1012 13224 I chatty  : uid=1041(audioserver) /system/bin/audioserver expire 1 line
03-22 22:19:52.424   788  1401 I chatty  : uid=1041(audioserver) HwBinder:788_2 expire 1 line
03-22 22:19:52.425  1012  1302 I chatty  : uid=1041(audioserver) Binder:1012_2 expire 1 line
03-22 22:19:52.425 28336  3499 I MicrophoneInputStream: mic_started  SR : 16000 CC : 16 SO : 1999
03-22 22:19:52.428   788 13225 I chatty  : uid=1041(audioserver) audio@2.0-servi expire 51 lines
03-22 22:19:52.446  1456  1600 W ResourceType: No known package when getting value for resource number 0x7f08019d
03-22 22:19:52.446  1456  1600 W ResourceType: No known package when getting value for resource number 0x7f12010e
03-22 22:19:52.446  1456  1600 W ResourceType: No known package when getting value for resource number 0x7f12010e
03-22 22:19:52.447  1456  1600 W ResourceType: No known package when getting value for resource number 0x7f08019b
03-22 22:19:52.447  1456  1600 W ResourceType: No known package when getting value for resource number 0x7f12010d
03-22 22:19:52.447  1456  1600 W ResourceType: No known package when getting value for resource number 0x7f12010d
03-22 22:19:52.451  2360  2360 D MayaFrameworkProxyService: receive intent :Intent { act=android.intent.action.PACKAGE_CHANGED dat=package:org.mozilla.fennec_aurora flg=0x45000010 (has extras) }
03-22 22:19:52.473  1456  1942 I InputReader: Reconfiguring input devices.  changes=0x00000010
03-22 22:19:52.475 28336 28379 I MicroDetectionState: Should stop hotword detection immediately - false
03-22 22:19:52.475 28336 28379 I MicroDetector: Keeping mic open: false
03-22 22:19:52.475 28336 28379 I RecognitionAudioControl: #shutdownAudio [requestId: -1978639286493591406, keepAudioOpen: false, forced: true]
03-22 22:19:52.475 28336 21549 E DeviceStateChecker: DeviceStateChecker cancelled
03-22 22:19:52.475 28336 28379 I RecognitionAudioControl: #internalShutdownAudio [requestId: -1978639286493591406]
03-22 22:19:52.475 28336 28379 I RecognitionAudioControl: #internalShutdownAudio [keepAudioOpen: false, forced: true]
03-22 22:19:52.475 28336 28379 I RecognitionAudioControl: #actualShutdownAudio
03-22 22:19:52.475 28336 28379 I AudioController: #shutdown [requestId=-1978639286493591406]
03-22 22:19:52.476 28336 28380 I AudioController: internalShutdown
03-22 22:19:52.476 28336 28366 I MicroRecognitionRunner: Stopping hotword detection.
03-22 22:19:52.513  1456  1456 I TelecomService: DefaultDialerCache: Refreshing default dialer for user 0: now com.android.dialer: DDC.oR@ozY
03-22 22:19:52.549   788  1401 I chatty  : uid=1041(audioserver) HwBinder:788_2 expire 2 lines
03-22 22:19:52.552  1012  1302 I chatty  : uid=1041(audioserver) Binder:1012_2 expire 1 line
03-22 22:19:52.552   788  1479 I chatty  : uid=1041(audioserver) HwBinder:788_3 expire 3 lines
03-22 22:19:52.556 28336 28380 I MicrophoneInputStream: mic_close  SR : 16000 CC : 16 SO : 1999
03-22 22:19:52.556 28336 28380 E AudioSource: Stop listening is called on already closed AudioSource
03-22 22:19:52.559 28336 21552 I MicroRecognitionRunner: Detection finished
03-22 22:19:52.596  2398  2398 D CarrierSvcBindHelper: No carrier app for: 0
03-22 22:19:52.600  2398  2398 D CarrierSvcBindHelper: No carrier app for: 1
03-22 22:19:52.621 13210 13210 I chatty  : uid=11146(org.mozilla.fennec_aurora) expire 53 lines
03-22 22:19:52.626  2398  2398 E VvmPkgInstalledRcvr: cannot create TelephonyManager from ComponentInfo{com.android.phone/com.android.services.telephony.TelephonyConnectionService}, [****], UserHandle{0}
03-22 22:19:52.626  2398  2398 D ImsResolver: maybeAddedImsService, packageName: org.mozilla.fennec_aurora
03-22 22:19:52.659  1456  1466 I zygote  : NativeAlloc concurrent copying GC freed 65683(4MB) AllocSpace objects, 39(1480KB) LOS objects, 36% free, 40MB/64MB, paused 182us total 467.732ms
03-22 22:19:52.665 13975 12595 I Icing   : Indexing com.google.android.gms-internal.3p:MobileApplication from com.google.android.gms using seqno 2511
03-22 22:19:52.726 13210 13244 I chatty  : uid=11146(org.mozilla.fennec_aurora) expire 4 lines
03-22 22:19:52.745  1456  5031 D ConnectivityService: requestNetwork for uid/pid:11146/13210 NetworkRequest [ TRACK_DEFAULT id=32635, [ Capabilities: INTERNET&NOT_RESTRICTED&TRUSTED&NOT_VPN] ]
03-22 22:19:52.746  1456  2054 D WIFI_UT : got request NetworkRequest [ TRACK_DEFAULT id=32635, [ Capabilities: INTERNET&NOT_RESTRICTED&TRUSTED&NOT_VPN] ] with score 0
03-22 22:19:52.746  1456  2099 D Ethernet: got request NetworkRequest [ TRACK_DEFAULT id=32635, [ Capabilities: INTERNET&NOT_RESTRICTED&TRUSTED&NOT_VPN] ] with score 0
03-22 22:19:52.747  1456  2054 D WIFI    : got request NetworkRequest [ TRACK_DEFAULT id=32635, [ Capabilities: INTERNET&NOT_RESTRICTED&TRUSTED&NOT_VPN] ] with score 0
03-22 22:19:52.747  2398  2398 D PhoneSwitcherNetworkRequstListener: got request NetworkRequest [ TRACK_DEFAULT id=32635, [ Capabilities: INTERNET&NOT_RESTRICTED&TRUSTED&NOT_VPN] ] with score 0
03-22 22:19:52.758 13210 13255 I chatty  : uid=11146(org.mozilla.fennec_aurora) expire 14 lines
03-22 22:19:52.778 13210 13254 I chatty  : uid=11146(org.mozilla.fennec_aurora) expire 17 lines
03-22 22:19:52.811 13210 13261 I chatty  : uid=11146(org.mozilla.fennec_aurora) expire 30 lines
03-22 22:19:52.903 13210 13266 I chatty  : uid=11146(org.mozilla.fennec_aurora) expire 1 line
03-22 22:19:52.908 13210 13270 I chatty  : uid=11146(org.mozilla.fennec_aurora) expire 10 lines
03-22 22:19:52.961  1456 10366 I ActivityManager: START u0 {act=android.intent.action.MAIN cat=[android.intent.category.LAUNCHER] flg=0x10000000 cmp=org.mozilla.fennec_aurora/org.mozilla.fenix.HomeActivity (has extras)} from uid 11146
03-22 22:19:52.977 13210 13215 I chatty  : uid=11146(org.mozilla.fennec_aurora) expire 8 lines
03-22 22:19:52.983   808   808 D SurfaceFlinger: duplicate layer name: changing Splash Screen org.mozilla.fennec_aurora to Splash Screen org.mozilla.fennec_aurora#1
03-22 22:19:53.279  1456  5050 I ActivityManager: Start proc 13310:org.mozilla.fennec_aurora:tab0/u0a1146 for service org.mozilla.fennec_aurora/org.mozilla.gecko.process.GeckoChildProcessServices$tab0
03-22 22:19:53.294 13210 13210 E ActivityThread: Failed to find provider info for org.mozilla.firefox_beta.fxa.auth
03-22 22:19:53.295 13210 13210 E ActivityThread: Failed to find provider info for org.mozilla.fennec_aurora.fxa.auth
03-22 22:19:53.367 13210 13331 I chatty  : uid=11146(org.mozilla.fennec_aurora) expire 9 lines
03-22 22:19:53.413 13310 13310 I chatty  : uid=11146(org.mozilla.fennec_aurora) expire 2 lines
03-22 22:19:53.414 13310 13334 I chatty  : uid=11146(org.mozilla.fennec_aurora) expire 1 line
03-22 22:19:53.416   808   808 I SFPerfTracer:      triggers: (rate: 71:2008134) (compose: 0:7) (post: 0:19) (render: 0:17) (16:9546463 frames) (17:11783530)
03-22 22:19:53.416   808   808 D SFPerfTracer:        layers: (3:15) (NavigationBar#0 (0xb07df000): 0:790502) (StatusBar#0 (0xb07e3000): 0:1975978) (com.android.systemui.ImageWallpaper#0 (0xb07e7000): 0:71880)* (Sprite#0 (0xb0733000): 0:317)* (DimLayerController/Stack=0#0 (0xb075a000): 0:3780)* (Sprite#1 (0xb077c000): 0:195)* (com.android.launcher3/com.android.launcher3.CustomizationPanelLauncher#0 (0xb0763000): 0:40)- (com.android.launcher3/com.android.launcher3.CustomizationPanelLauncher#1 (0xb0771000): 0:11)- (Splash Screen org.mozilla.fennec_aurora#0 (0xb039b000): 0:19)- (Splash Screen org.mozilla.fennec_aurora#1 (0xb013a000): 0:31)- (org.mozilla.fennec_aurora/org.mozilla.fenix.HomeActivity#0 (0xb039b000): 0:25)- (com.android.launcher3/com.android.launcher3.CustomizationPanelLauncher#0 (0xb0763000): 0:9)* (com.android.launcher3/com.android.launcher3.CustomizationPanelLauncher#1 (0xb0771000): 0:6)* (Splash Screen org.mozilla.fennec_aurora#0 (0xb039b000): 0:20)- (Splash Screen org.mozilla.fennec_aurora#1 (0xb013a000): 16:19) 
03-22 22:19:53.666 13975  8270 I Icing   : Indexing com.google.android.gms-apps from com.google.android.gms
03-22 22:19:53.730 13975  8270 I Icing   : Indexing done com.google.android.gms-apps
03-22 22:19:53.760  1456  1673 I LaunchCheckinHandler: Displayed org.mozilla.fennec_aurora/org.mozilla.fenix.HomeActivity,wp,ca,745
03-22 22:19:53.761  1456  1673 I ActivityManager: Displayed org.mozilla.fennec_aurora/org.mozilla.fenix.HomeActivity: +738ms (total +1s389ms)
03-22 22:19:53.774  2748  2917 W OpenGLRenderer: Incorrectly called buildLayer on View: ShortcutAndWidgetContainer, destroying layer...
03-22 22:19:53.779 28336 28336 I MemoryTrimmer: Trimming objects from memory, since app is in the background.
03-22 22:19:53.786 28336 28379 E AudioSource: Stop listening is called on already closed AudioSource
03-22 22:19:53.788 13210 13210 E ActivityThread: Failed to find provider info for org.mozilla.firefox_beta.fxa.auth
03-22 22:19:53.789 13210 13210 E ActivityThread: Failed to find provider info for org.mozilla.fennec_aurora.fxa.auth
03-22 22:19:53.789 28336  3499 I PBSessionCacheImpl: Deleted sessionId[124624629806590040] from persistence.
03-22 22:19:53.791 28336 28336 I MemoryTrimmer: Trimming objects from memory, since app is in the background.
03-22 22:19:53.794  1456 10366 I WifiService: getWifiEnabledState uid=10073
03-22 22:19:53.796 28336 28379 I DEBUG   : OpaToSrpTransitionState#onStateChanged#notNullQuery
03-22 22:19:53.797 28336 28379 I DEBUG   : OpaToSrpTransitionState#onStateChanged#notNullQuery
03-22 22:19:53.800 28336 28379 W SearchServiceCore: Abort, client detached.
03-22 22:19:53.961 13210 13337 I chatty  : uid=11146(org.mozilla.fennec_aurora) expire 2 lines
03-22 22:19:54.223  1023 13358 D libc    : Internal error: netid(0), id(0x8ed0), server(0.0.0.0)
03-22 22:19:54.223  1023 13358 D libc    : Internal error: netid(0), id(0x8ed0), server(0.0.0.0)
03-22 22:19:54.223  1023 13358 D libc    : Internal error: netid(0), id(0x11ed), server(0.0.0.0)
03-22 22:19:54.224  1023 13358 D libc    : Internal error: netid(0), id(0x11ed), server(0.0.0.0)
03-22 22:19:54.241  1023 13367 D libc    : Internal error: netid(0), id(0xec95), server(0.0.0.0)
03-22 22:19:54.241  1023 13367 D libc    : Internal error: netid(0), id(0xec95), server(0.0.0.0)
03-22 22:19:54.242  1023 13367 D libc    : Internal error: netid(0), id(0x7193), server(0.0.0.0)
03-22 22:19:54.242  1023 13367 D libc    : Internal error: netid(0), id(0x7193), server(0.0.0.0)
03-22 22:19:54.245  1023 13373 D libc    : Internal error: netid(0), id(0x9bc1), server(0.0.0.0)
03-22 22:19:54.245  1023 13373 D libc    : Internal error: netid(0), id(0x9bc1), server(0.0.0.0)
03-22 22:19:54.245  1023 13373 D libc    : Internal error: netid(0), id(0xd882), server(0.0.0.0)
03-22 22:19:54.245  1023 13373 D libc    : Internal error: netid(0), id(0xd882), server(0.0.0.0)
03-22 22:19:54.247  1023 13376 D libc    : Internal error: netid(0), id(0x8fb3), server(0.0.0.0)
03-22 22:19:54.247  1023 13376 D libc    : Internal error: netid(0), id(0x8fb3), server(0.0.0.0)
03-22 22:19:54.248  1023 13376 D libc    : Internal error: netid(0), id(0xa6a1), server(0.0.0.0)
03-22 22:19:54.248  1023 13376 D libc    : Internal error: netid(0), id(0xa6a1), server(0.0.0.0)
03-22 22:19:54.251  1023 13378 D libc    : Internal error: netid(0), id(0x188a), server(0.0.0.0)
03-22 22:19:54.251  1023 13378 D libc    : Internal error: netid(0), id(0x188a), server(0.0.0.0)
03-22 22:19:54.251  1023 13378 D libc    : Internal error: netid(0), id(0xc5f4), server(0.0.0.0)
03-22 22:19:54.251  1023 13378 D libc    : Internal error: netid(0), id(0xc5f4), server(0.0.0.0)
03-22 22:19:54.258 13210 13277 I chatty  : uid=11146(org.mozilla.fennec_aurora) expire 1 line
03-22 22:19:54.259 13210 13256 I chatty  : uid=11146(org.mozilla.fennec_aurora) expire 1 line
03-22 22:19:54.292 13210 13384 I chatty  : uid=11146(org.mozilla.fennec_aurora) expire 1 line
03-22 22:19:55.174 13400 13400 D AndroidRuntime: >>>>>> START com.android.internal.os.RuntimeInit uid 2000 <<<<<<
03-22 22:19:55.187 13400 13400 W app_process: Could not reserve sentinel fault page
03-22 22:19:55.385 13400 13400 I app_process: The ClassLoaderContext is a special shared library.
03-22 22:19:55.451 13400 13400 D AndroidRuntime: Calling main entry com.android.commands.input.Input
03-22 22:19:55.452 13400 13400 I Input   : injectKeyEvent: KeyEvent { action=ACTION_DOWN, keyCode=KEYCODE_HOME, scanCode=0, metaState=0, flags=0x0, repeatCount=0, eventTime=17006050732, downTime=17006050732, deviceId=-1, source=0x101 }
03-22 22:19:55.459 13400 13400 I Input   : injectKeyEvent: KeyEvent { action=ACTION_UP, keyCode=KEYCODE_HOME, scanCode=0, metaState=0, flags=0x0, repeatCount=0, eventTime=17006050732, downTime=17006050732, deviceId=-1, source=0x101 }
03-22 22:19:55.464  1456  1941 I ActivityManager: START u0 {act=android.intent.action.MAIN cat=[android.intent.category.HOME] flg=0x10200000 cmp=com.android.launcher3/.CustomizationPanelLauncher (has extras)} from uid 1000
03-22 22:19:55.476  1456  1941 I ActivityManager: moveHomeStack, setupComplete:true
03-22 22:19:55.480 13400 13400 D AndroidRuntime: Shutting down VM
03-22 22:19:55.497 28336 28375 I Adreno  : QUALCOMM build                   : bb5b86c, I77d3059488
03-22 22:19:55.497 28336 28375 I Adreno  : Build Date                       : 06/07/18
03-22 22:19:55.497 28336 28375 I Adreno  : OpenGL ES Shader Compiler Version: EV031.22.00.01_06
03-22 22:19:55.497 28336 28375 I Adreno  : Local Branch                     : 
03-22 22:19:55.497 28336 28375 I Adreno  : Remote Branch                    : refs/tags/AU_LINUX_ANDROID_LA.UM.6.5.R1.08.01.00.312.086
03-22 22:19:55.497 28336 28375 I Adreno  : Remote Branch                    : NONE
03-22 22:19:55.497 28336 28375 I Adreno  : Reconstruct Branch               : NOTHING
03-22 22:19:55.502 28336 28375 D vndksupport: Loading /vendor/lib/hw/gralloc.msm8937.so from current namespace instead of sphal namespace.
03-22 22:19:55.507  2748  2748 D Launcher.Utilities: Wakeup weather: Intent { act=com.motorola.launcher3.action.WAKEUP_WEATHER cmp=com.motorola.timeweatherwidget/com.motorola.commandcenter.weather.WakeUpService }
03-22 22:19:55.508 28336 28375 I Adreno  : PFP: 0x005ff087, ME: 0x005ff063
03-22 22:19:55.514 28336 28375 I zygote  : android::hardware::configstore::V1_0::ISurfaceFlingerConfigs::hasWideColorDisplay retrieved: 0
03-22 22:19:55.515 28336 28375 I OpenGLRenderer: Initialized EGL, version 1.4
03-22 22:19:55.515 28336 28375 D OpenGLRenderer: Swap behavior 2
03-22 22:19:55.520  1456  1456 I NotificationService: Cannot find enqueued record for key: 0|com.motorola.timeweatherwidget|1|null|10116
03-22 22:19:55.524   808   808 D SurfaceFlinger: duplicate layer name: changing com.android.launcher3/com.android.launcher3.CustomizationPanelLauncher to com.android.launcher3/com.android.launcher3.CustomizationPanelLauncher#1
03-22 22:19:55.556  1456  2162 I WifiService: getWifiEnabledState uid=10073
03-22 22:19:55.567  1456  5050 I WifiService: getWifiEnabledState uid=10073
03-22 22:19:55.577 28336 28379 I DEBUG   : OpaToSrpTransitionState#onStateChanged#notNullQuery
03-22 22:19:55.579 28336 28379 I DEBUG   : OpaToSrpTransitionState#onStateChanged#notNullQuery
03-22 22:19:55.595 28336 28379 I MicroDetectionState: Should stop hotword detection immediately - false
03-22 22:19:55.600 28336 28379 I MicroDetectionWorker: #startMicroDetector [speakerMode: 0]
03-22 22:19:55.601 28336 28379 I AudioController: Created new AudioSource
03-22 22:19:55.626  1456  1673 I LaunchCheckinHandler: Displayed com.android.launcher3/.CustomizationPanelLauncher,wp,wa,162
03-22 22:19:55.627 28336 28362 I MicroDataManager: isInitializedWithLatestParams-true
03-22 22:19:55.627 28336 28362 I MicroDataManager: isInitializing-false locale not changed-true model not changed-true
03-22 22:19:55.628 28336 28362 I MicroDataManager: Already initialized, obtaining the hotword data immediately.
03-22 22:19:55.632 28336 21549 I MicroRecognitionRunner: Starting detection.
03-22 22:19:55.632 28336 21549 I InputStreamUtils: Using micInputStream
03-22 22:19:55.633 28336  3499 I MicrophoneInputStream: mic_starting  SR : 16000 CC : 16 SO : 1999
03-22 22:19:55.640  1012 13440 I chatty  : uid=1041(audioserver) /system/bin/audioserver expire 1 line
03-22 22:19:55.648  1012  1390 I chatty  : uid=1041(audioserver) Binder:1012_3 expire 1 line
03-22 22:19:55.648 28336  3499 I MicrophoneInputStream: mic_started  SR : 16000 CC : 16 SO : 1999
03-22 22:19:55.650   788 13441 I chatty  : uid=1041(audioserver) audio@2.0-servi expire 51 lines
03-22 22:19:55.726 28336 28379 I MicroDetectionWorker: onReady
03-22 22:19:56.043  1456  7796 I OpenGLRenderer: Initialized EGL, version 1.4
03-22 22:19:56.043  1456  7796 D OpenGLRenderer: Swap behavior 2
03-22 22:19:56.073  2748  2917 W OpenGLRenderer: Incorrectly called buildLayer on View: ShortcutAndWidgetContainer, destroying layer...
03-22 22:19:56.174 13210 13278 I chatty  : uid=11146(org.mozilla.fennec_aurora) expire 1 line
03-22 22:19:56.177 13210 13254 I chatty  : uid=11146(org.mozilla.fennec_aurora) expire 9 lines
03-22 22:19:56.219   808   898 I SFPerfTracer:      triggers: (rate: 0:1) (0 sw vsyncs) (0 skipped) (38:5459890 vsyncs) (40:11863983)
03-22 22:19:57.955 13443 13443 D AndroidRuntime: >>>>>> START com.android.internal.os.RuntimeInit uid 2000 <<<<<<
03-22 22:19:57.968 13443 13443 W app_process: Could not reserve sentinel fault page
03-22 22:19:58.134 13443 13443 I app_process: The ClassLoaderContext is a special shared library.
03-22 22:19:58.195 13443 13443 D AndroidRuntime: Calling main entry com.android.commands.input.Input
03-22 22:19:58.196 13443 13443 I Input   : injectKeyEvent: KeyEvent { action=ACTION_DOWN, keyCode=KEYCODE_HOME, scanCode=0, metaState=0, flags=0x0, repeatCount=0, eventTime=17006053476, downTime=17006053476, deviceId=-1, source=0x101 }
03-22 22:19:58.199 13443 13443 I Input   : injectKeyEvent: KeyEvent { action=ACTION_UP, keyCode=KEYCODE_HOME, scanCode=0, metaState=0, flags=0x0, repeatCount=0, eventTime=17006053476, downTime=17006053476, deviceId=-1, source=0x101 }
03-22 22:19:58.204  1456  1941 I ActivityManager: START u0 {act=android.intent.action.MAIN cat=[android.intent.category.HOME] flg=0x10200000 cmp=com.android.launcher3/.CustomizationPanelLauncher (has extras)} from uid 1000
03-22 22:19:58.206  2748  2748 D Launcher.Utilities: Wakeup weather: Intent { act=com.motorola.launcher3.action.WAKEUP_WEATHER cmp=com.motorola.timeweatherwidget/com.motorola.commandcenter.weather.WakeUpService }
03-22 22:19:58.208 13443 13443 D AndroidRuntime: Shutting down VM
03-22 22:19:58.214  1456  1456 I NotificationService: Cannot find enqueued record for key: 0|com.motorola.timeweatherwidget|1|null|10116
03-22 22:19:58.783 13210 13392 I chatty  : uid=11146(org.mozilla.fennec_aurora) expire 2 lines
03-22 22:20:00.602  1456 10366 I ActivityManager: Force stopping org.mozilla.fennec_aurora appid=11146 user=0: from pid 13460
03-22 22:20:00.602  1456 10366 I ActivityManager: Killing 13210:org.mozilla.fennec_aurora/u0a1146 (adj 700): stop org.mozilla.fennec_aurora
03-22 22:20:00.604  1456  1605 W zygote  : kill(-13210, 9) failed: No such process
03-22 22:20:00.605  1456 10366 W ActivityManager: Force removing ActivityRecord{1d111b9 u0 org.mozilla.fennec_aurora/org.mozilla.fenix.HomeActivity t42392}: app died, no saved state
03-22 22:20:00.612  1456 10366 I ActivityManager: Killing 13310:org.mozilla.fennec_aurora:tab0/u0a1146 (adj 0): stop org.mozilla.fennec_aurora
03-22 22:20:00.619  2398  2398 D CarrierSvcBindHelper: No carrier app for: 0
03-22 22:20:00.619  2398  2398 D CarrierSvcBindHelper: No carrier app for: 1
03-22 22:20:00.619  1456  1605 W zygote  : kill(-13210, 9) failed: No such process
03-22 22:20:00.650  1456  2401 D ConnectivityService: ConnectivityService NetworkRequestInfo binderDied(NetworkRequest [ TRACK_DEFAULT id=32635, [ Capabilities: INTERNET&NOT_RESTRICTED&TRUSTED&NOT_VPN] ], android.os.BinderProxy@661491f)
03-22 22:20:00.650  1456  2067 D ConnectivityService: releasing NetworkRequest [ TRACK_DEFAULT id=32635, [ Capabilities: INTERNET&NOT_RESTRICTED&TRUSTED&NOT_VPN] ] (release request)
03-22 22:20:00.650  1456  1673 W ActivityManager: setHasOverlayUi called on unknown pid: 13210
03-22 22:20:00.650  1456  1605 I chatty  : uid=1000(system) ActivityManager identical 2 lines
03-22 22:20:00.665  1456  1605 W zygote  : kill(-13210, 9) failed: No such process
03-22 22:20:00.666  1456  1605 I zygote  : Successfully killed process cgroup uid 11146 pid 13210 in 61ms
03-22 22:20:00.666  1456  1605 W zygote  : kill(-13310, 9) failed: No such process
03-22 22:20:00.666  1456  1605 I zygote  : Successfully killed process cgroup uid 11146 pid 13310 in 0ms
03-22 22:20:00.691  1456  5031 I ActivityManager: START u0 {act=android.intent.action.MAIN cat=[android.intent.category.LAUNCHER] flg=0x10000000 cmp=org.mozilla.fennec_aurora/.App} from uid 2000
03-22 22:20:00.709  1456  6339 I ActivityManager: Start proc 13466:org.mozilla.fennec_aurora/u0a1146 for activity org.mozilla.fennec_aurora/.App
03-22 22:20:00.800 28336 28379 I MicroDetectionState: Should stop hotword detection immediately - false
03-22 22:20:00.800 28336 28379 I MicroDetector: Keeping mic open: false
03-22 22:20:00.801 28336 21552 E DeviceStateChecker: DeviceStateChecker cancelled
03-22 22:20:00.801 28336 28379 I RecognitionAudioControl: #shutdownAudio [requestId: -2074181763041721750, keepAudioOpen: false, forced: true]
03-22 22:20:00.801 28336 28379 I RecognitionAudioControl: #internalShutdownAudio [requestId: -2074181763041721750]
03-22 22:20:00.801 28336 28379 I RecognitionAudioControl: #internalShutdownAudio [keepAudioOpen: false, forced: true]
03-22 22:20:00.801 28336 28379 I RecognitionAudioControl: #actualShutdownAudio
03-22 22:20:00.801 28336 28379 I AudioController: #shutdown [requestId=-2074181763041721750]
03-22 22:20:00.801 28336 28362 I AudioController: internalShutdown
03-22 22:20:00.802 28336 28378 I MicroRecognitionRunner: Stopping hotword detection.
03-22 22:20:00.845   788  1479 I chatty  : uid=1041(audioserver) HwBinder:788_3 expire 2 lines
03-22 22:20:00.847  1012  8317 I chatty  : uid=1041(audioserver) Binder:1012_D expire 2 lines
03-22 22:20:00.848   788  1401 I chatty  : uid=1041(audioserver) HwBinder:788_2 expire 3 lines
03-22 22:20:00.850 28336 28362 I MicrophoneInputStream: mic_close  SR : 16000 CC : 16 SO : 1999
03-22 22:20:00.850 28336 28362 E AudioSource: Stop listening is called on already closed AudioSource
03-22 22:20:00.852 28336 21549 I MicroRecognitionRunner: Detection finished
03-22 22:20:00.868 13466 13466 I chatty  : uid=11146(org.mozilla.fennec_aurora) expire 46 lines
03-22 22:20:00.941 13466 13485 I chatty  : uid=11146(org.mozilla.fennec_aurora) expire 4 lines
03-22 22:20:00.972 13466 13493 I chatty  : uid=11146(org.mozilla.fennec_aurora) expire 14 lines
03-22 22:20:00.993 13466 13492 I chatty  : uid=11146(org.mozilla.fennec_aurora) expire 11 lines
03-22 22:20:01.025 13466 13499 I chatty  : uid=11146(org.mozilla.fennec_aurora) expire 27 lines
03-22 22:20:01.121 13466 13504 I chatty  : uid=11146(org.mozilla.fennec_aurora) expire 1 line
03-22 22:20:01.127 13466 13512 I chatty  : uid=11146(org.mozilla.fennec_aurora) expire 10 lines
03-22 22:20:01.152   808   808 I SFPerfTracer:      triggers: (rate: 71:2008135) (compose: 0:7) (post: 0:19) (render: 0:17) (16:9546532 frames) (17:11783631)
03-22 22:20:01.152   808   808 D SFPerfTracer:        layers: (3:13) (NavigationBar#0 (0xb07df000): 9:790523) (StatusBar#0 (0xb07e3000): 9:1976004) (com.android.systemui.ImageWallpaper#0 (0xb07e7000): 0:71882)* (Sprite#0 (0xb0733000): 0:317)* (DimLayerController/Stack=0#0 (0xb075a000): 0:3780)* (Sprite#1 (0xb077c000): 0:195)* (com.android.launcher3/com.android.launcher3.CustomizationPanelLauncher#0 (0xb0763000): 0:9)- (com.android.launcher3/com.android.launcher3.CustomizationPanelLauncher#1 (0xb0771000): 0:6)- (Splash Screen org.mozilla.fennec_aurora#1 (0xb013a000): 0:30)- (org.mozilla.fennec_aurora/org.mozilla.fenix.HomeActivity#0 (0xb039b000): 0:48)- (com.android.launcher3/com.android.launcher3.CustomizationPanelLauncher#0 (0xb0763000): 0:38)* (com.android.launcher3/com.android.launcher3.CustomizationPanelLauncher#1 (0xb0771000): 0:14)* (Splash Screen org.mozilla.fennec_aurora#0 (0xb039b000): 16:19) 
03-22 22:20:01.181  1456  6339 I ActivityManager: START u0 {act=android.intent.action.MAIN cat=[android.intent.category.LAUNCHER] flg=0x10000000 cmp=org.mozilla.fennec_aurora/org.mozilla.fenix.HomeActivity (has extras)} from uid 11146
03-22 22:20:01.193 13466 13471 I chatty  : uid=11146(org.mozilla.fennec_aurora) expire 8 lines
03-22 22:20:01.203   808   808 D SurfaceFlinger: duplicate layer name: changing Splash Screen org.mozilla.fennec_aurora to Splash Screen org.mozilla.fennec_aurora#1
03-22 22:20:01.498  1456  6339 I ActivityManager: Start proc 13552:org.mozilla.fennec_aurora:tab0/u0a1146 for service org.mozilla.fennec_aurora/org.mozilla.gecko.process.GeckoChildProcessServices$tab0
03-22 22:20:01.499 13466 13466 E ActivityThread: Failed to find provider info for org.mozilla.firefox_beta.fxa.auth
03-22 22:20:01.500 13466 13466 E ActivityThread: Failed to find provider info for org.mozilla.fennec_aurora.fxa.auth
03-22 22:20:01.575 13466 13571 I chatty  : uid=11146(org.mozilla.fennec_aurora) expire 9 lines
03-22 22:20:01.632 13552 13552 I chatty  : uid=11146(org.mozilla.fennec_aurora) expire 2 lines
03-22 22:20:01.633 13552 13575 I chatty  : uid=11146(org.mozilla.fennec_aurora) expire 1 line
03-22 22:20:01.938  1456  1673 I LaunchCheckinHandler: Displayed org.mozilla.fennec_aurora/org.mozilla.fenix.HomeActivity,wp,ca,719
03-22 22:20:01.938  1456  1673 I ActivityManager: Displayed org.mozilla.fennec_aurora/org.mozilla.fenix.HomeActivity: +707ms (total +1s227ms)
03-22 22:20:01.955 28336 28336 I MemoryTrimmer: Trimming objects from memory, since app is in the background.
03-22 22:20:01.961 28336 28379 E AudioSource: Stop listening is called on already closed AudioSource
03-22 22:20:01.962 28336 28336 I MemoryTrimmer: Trimming objects from memory, since app is in the background.
03-22 22:20:01.964 28336  3499 I PBSessionCacheImpl: Deleted sessionId[124624629806590043] from persistence.
03-22 22:20:01.968  1456  5907 I WifiService: getWifiEnabledState uid=10073
03-22 22:20:01.973 28336 28379 I DEBUG   : OpaToSrpTransitionState#onStateChanged#notNullQuery
03-22 22:20:01.974 28336 28379 I DEBUG   : OpaToSrpTransitionState#onStateChanged#notNullQuery
03-22 22:20:01.975 28336 28379 W SearchServiceCore: Abort, client detached.
03-22 22:20:01.998 13466 13466 E ActivityThread: Failed to find provider info for org.mozilla.firefox_beta.fxa.auth
03-22 22:20:01.998 13466 13466 E ActivityThread: Failed to find provider info for org.mozilla.fennec_aurora.fxa.auth
03-22 22:20:02.136 13466 13579 I chatty  : uid=11146(org.mozilla.fennec_aurora) expire 2 lines
03-22 22:20:02.386  1023 13599 D libc    : Internal error: netid(0), id(0xd0f9), server(0.0.0.0)
03-22 22:20:02.387  1023 13599 D libc    : Internal error: netid(0), id(0xd0f9), server(0.0.0.0)
03-22 22:20:02.387  1023 13599 D libc    : Internal error: netid(0), id(0x759b), server(0.0.0.0)
03-22 22:20:02.387  1023 13599 D libc    : Internal error: netid(0), id(0x759b), server(0.0.0.0)
03-22 22:20:02.400  1023 13609 D libc    : Internal error: netid(0), id(0xbdda), server(0.0.0.0)
03-22 22:20:02.400  1023 13609 D libc    : Internal error: netid(0), id(0xbdda), server(0.0.0.0)
03-22 22:20:02.401  1023 13609 D libc    : Internal error: netid(0), id(0x24a5), server(0.0.0.0)
03-22 22:20:02.401  1023 13609 D libc    : Internal error: netid(0), id(0x24a5), server(0.0.0.0)
03-22 22:20:02.404  1023 13613 D libc    : Internal error: netid(0), id(0xca9a), server(0.0.0.0)
03-22 22:20:02.404  1023 13613 D libc    : Internal error: netid(0), id(0xca9a), server(0.0.0.0)
03-22 22:20:02.405  1023 13613 D libc    : Internal error: netid(0), id(0x99f2), server(0.0.0.0)
03-22 22:20:02.405  1023 13613 D libc    : Internal error: netid(0), id(0x99f2), server(0.0.0.0)
03-22 22:20:02.411 13466 13521 I chatty  : uid=11146(org.mozilla.fennec_aurora) expire 1 line
03-22 22:20:02.411 13466 13495 I chatty  : uid=11146(org.mozilla.fennec_aurora) expire 1 line
03-22 22:20:02.445 13466 13617 I chatty  : uid=11146(org.mozilla.fennec_aurora) expire 1 line
03-22 22:20:02.457  1023 13626 D libc    : Internal error: netid(0), id(0x30d7), server(0.0.0.0)
03-22 22:20:02.458  1023 13626 D libc    : Internal error: netid(0), id(0x30d7), server(0.0.0.0)
03-22 22:20:02.458  1023 13626 D libc    : Internal error: netid(0), id(0xcf86), server(0.0.0.0)
03-22 22:20:02.458  1023 13626 D libc    : Internal error: netid(0), id(0xcf86), server(0.0.0.0)
03-22 22:20:02.461  1023 13631 D libc    : Internal error: netid(0), id(0x39d9), server(0.0.0.0)
03-22 22:20:02.461  1023 13631 D libc    : Internal error: netid(0), id(0x39d9), server(0.0.0.0)
03-22 22:20:02.461  1023 13631 D libc    : Internal error: netid(0), id(0xd9e1), server(0.0.0.0)
03-22 22:20:02.461  1023 13631 D libc    : Internal error: netid(0), id(0xd9e1), server(0.0.0.0)
03-22 22:20:02.464  1023 13635 D libc    : Internal error: netid(0), id(0x2af0), server(0.0.0.0)
03-22 22:20:02.464  1023 13635 D libc    : Internal error: netid(0), id(0x2af0), server(0.0.0.0)
03-22 22:20:02.465  1023 13635 D libc    : Internal error: netid(0), id(0xdb86), server(0.0.0.0)
03-22 22:20:02.465  1023 13635 D libc    : Internal error: netid(0), id(0xdb86), server(0.0.0.0)
03-22 22:20:03.324  1456  5907 I ActivityManager: Force stopping org.mozilla.fennec_aurora appid=11146 user=0: from pid 13671
03-22 22:20:03.324  1456  5907 I ActivityManager: Killing 13466:org.mozilla.fennec_aurora/u0a1146 (adj 0): stop org.mozilla.fennec_aurora
03-22 22:20:03.326  1456  1605 W zygote  : kill(-13466, 9) failed: No such process
03-22 22:20:03.327  1456  5907 W ActivityManager: Force removing ActivityRecord{67be8cc u0 org.mozilla.fennec_aurora/org.mozilla.fenix.HomeActivity t42394}: app died, no saved state
03-22 22:20:03.337  1456  1605 W zygote  : kill(-13466, 9) failed: No such process
03-22 22:20:03.350  1456  7796 I OpenGLRenderer: Initialized EGL, version 1.4
03-22 22:20:03.350  1456  7796 D OpenGLRenderer: Swap behavior 2
03-22 22:20:03.353  1456  1605 W zygote  : kill(-13466, 9) failed: No such process
03-22 22:20:03.358  1456  5907 I ActivityManager: moveHomeStack, setupComplete:true
03-22 22:20:03.367 28336 28375 I Adreno  : QUALCOMM build                   : bb5b86c, I77d3059488
03-22 22:20:03.367 28336 28375 I Adreno  : Build Date                       : 06/07/18
03-22 22:20:03.367 28336 28375 I Adreno  : OpenGL ES Shader Compiler Version: EV031.22.00.01_06
03-22 22:20:03.367 28336 28375 I Adreno  : Local Branch                     : 
03-22 22:20:03.367 28336 28375 I Adreno  : Remote Branch                    : refs/tags/AU_LINUX_ANDROID_LA.UM.6.5.R1.08.01.00.312.086
03-22 22:20:03.367 28336 28375 I Adreno  : Remote Branch                    : NONE
03-22 22:20:03.367 28336 28375 I Adreno  : Reconstruct Branch               : NOTHING
03-22 22:20:03.367  1456  1605 W zygote  : kill(-13466, 9) failed: No such process
03-22 22:20:03.371 28336 28375 D vndksupport: Loading /vendor/lib/hw/gralloc.msm8937.so from current namespace instead of sphal namespace.
03-22 22:20:03.375  1456  5907 I ActivityManager: Killing 13552:org.mozilla.fennec_aurora:tab0/u0a1146 (adj 0): stop org.mozilla.fennec_aurora
03-22 22:20:03.376 28336 28375 I Adreno  : PFP: 0x005ff087, ME: 0x005ff063
03-22 22:20:03.381 28336 28375 I zygote  : android::hardware::configstore::V1_0::ISurfaceFlingerConfigs::hasWideColorDisplay retrieved: 0
03-22 22:20:03.383 28336 28375 I OpenGLRenderer: Initialized EGL, version 1.4
03-22 22:20:03.383  1456  1605 W zygote  : kill(-13466, 9) failed: No such process
03-22 22:20:03.383 28336 28375 D OpenGLRenderer: Swap behavior 2
03-22 22:20:03.383  1456  1941 W InputDispatcher: channel 'd99db83 org.mozilla.fennec_aurora/org.mozilla.fenix.HomeActivity (server)' ~ Consumer closed input channel or an error occurred.  events=0x9
03-22 22:20:03.383  1456  1941 E InputDispatcher: channel 'd99db83 org.mozilla.fennec_aurora/org.mozilla.fenix.HomeActivity (server)' ~ Channel is unrecoverably broken and will be disposed!
03-22 22:20:03.387  1456  2920 I WindowManager: WIN DEATH: Window{d99db83 u0 org.mozilla.fennec_aurora/org.mozilla.fenix.HomeActivity}
03-22 22:20:03.387  1456  2920 W InputDispatcher: Attempted to unregister already unregistered input channel 'd99db83 org.mozilla.fennec_aurora/org.mozilla.fenix.HomeActivity (server)'
03-22 22:20:03.393  2398  2398 D CarrierSvcBindHelper: No carrier app for: 0
03-22 22:20:03.394  2398  2398 D CarrierSvcBindHelper: No carrier app for: 1
03-22 22:20:03.403  2748  2748 D Launcher.Utilities: Wakeup weather: Intent { act=com.motorola.launcher3.action.WAKEUP_WEATHER cmp=com.motorola.timeweatherwidget/com.motorola.commandcenter.weather.WakeUpService }
