03-28 21:45:04.845 21074 21074 W BugleDataModel: 	at fhy.run(PG:1)
03-28 21:45:04.845 21074 21074 W BugleDataModel: 	at zit.run(PG:3)
03-28 21:45:04.845 21074 21074 W BugleDataModel: 	at android.os.Handler.handleCallback(Handler.java:790)
03-28 21:45:04.845 21074 21074 W BugleDataModel: 	at android.os.Handler.dispatchMessage(Handler.java:99)
03-28 21:45:04.845 21074 21074 W BugleDataModel: 	at android.os.Looper.loop(Looper.java:164)
03-28 21:45:04.845 21074 21074 W BugleDataModel: 	at android.app.ActivityThread.main(ActivityThread.java:6626)
03-28 21:45:04.845 21074 21074 W BugleDataModel: 	at java.lang.reflect.Method.invoke(Native Method)
03-28 21:45:04.845 21074 21074 W BugleDataModel: 	at com.android.internal.os.RuntimeInit$MethodAndArgsCaller.run(RuntimeInit.java:438)
03-28 21:45:04.845 21074 21074 W BugleDataModel: 	at com.android.internal.os.ZygoteInit.main(ZygoteInit.java:811)
03-28 21:45:04.848 21074 21323 I BugleDataModel: ParticipantRefresh: Start participant refresh. refreshMode: SELF_ONLY
03-28 21:45:04.895 21074 21323 W Bugle   : SubscriptionMetadataUtils get: invalid subId = -1
03-28 21:45:04.896 21074 21323 W Bugle   : SubscriptionMetadataUtils get: invalid subId = -1
03-28 21:45:04.896 21074 21323 W Bugle   : MultiSimSubscriptionUtils: getSelfRawNumber: subInfo is null for subscription{id:-1}
03-28 21:45:04.910  1456  7570 I ActivityManager: Start proc 23805:android.process.acore/u0a14 for content provider com.android.providers.contacts/.ContactsProvider2
03-28 21:45:04.953 23805 23805 I zygote  : The ClassLoaderContext is a special shared library.
03-28 21:45:04.985  1456  1466 I zygote  : NativeAlloc concurrent copying GC freed 44214(2MB) AllocSpace objects, 26(904KB) LOS objects, 38% free, 38MB/62MB, paused 171us total 347.013ms
03-28 21:45:05.064 23805 23805 I ContactsPerf: VoicemailContentProvider.onCreate start
03-28 21:45:05.068 23805 23805 I ContactsPerf: VoicemailContentProvider.onCreate finish
03-28 21:45:05.084 23805 23805 I zygote  : The ClassLoaderContext is a special shared library.
03-28 21:45:05.100 23805 23821 D ContactsDatabaseHelper: WAL enabled for contacts2.db: true
03-28 21:45:05.112 23805 23805 I zygote  : The ClassLoaderContext is a special shared library.
03-28 21:45:05.199 23805 23821 I ContactLocale: AddressBook Labels [[en_US]]: [, A, B, C, D, E, F, G, H, I, J, K, L, M, N, O, P, Q, R, S, T, U, V, W, X, Y, Z, , , , , , , , , , , , , , , , , , , , , , , , , , , , , , , , , , , , , , , , , , , , , , , , , , , , , , , , , , , , , , , , , , , , , , , , , , , , , , , , , , , , , , , , , , , , , , , , , , , , , , , , , , , , , , , , , , , , , , , , , , , , , , , , , , , , , , , , , , , , , , , , , , , , , , , , , , , , , , , , , , , , , , , , , , , , , , , , , , , , , , , , , , , #, ]
03-28 21:45:05.229 23805 23821 D ContactsDatabaseHelper: WAL enabled for profile.db: false
03-28 21:45:05.298 21074 21323 I BugleDataModel: ParticipantRefresh: Number of participants refreshed: 0
03-28 21:45:09.258  1456  7570 I ActivityManager: Force stopping org.mozilla.fennec_aurora appid=11206 user=0: from pid 23831
03-28 21:45:09.258  1456  7570 I ActivityManager: Killing 23586:org.mozilla.fennec_aurora/u0a1206 (adj 700): stop org.mozilla.fennec_aurora
03-28 21:45:09.261  1456  1605 W zygote  : kill(-23586, 9) failed: No such process
03-28 21:45:09.262 23662 23662 I chatty  : uid=11206(org.mozilla.fennec_aurora) expire 1 line
03-28 21:45:09.263  1456  7570 W ActivityManager: Force removing ActivityRecord{c909e15 u0 org.mozilla.fennec_aurora/org.mozilla.fenix.HomeActivity t51449}: app died, no saved state
03-28 21:45:09.271  1456  7570 I ActivityManager: Killing 23662:org.mozilla.fennec_aurora:tab0/u0a1206 (adj 0): stop org.mozilla.fennec_aurora
03-28 21:45:09.274  1456  1605 W zygote  : kill(-23586, 9) failed: No such process
03-28 21:45:09.286  2398  2398 D CarrierSvcBindHelper: No carrier app for: 0
03-28 21:45:09.287  2398  2398 D CarrierSvcBindHelper: No carrier app for: 1
03-28 21:45:09.291  1456  1605 W zygote  : kill(-23586, 9) failed: No such process
03-28 21:45:09.324  1456  1605 I chatty  : uid=1000(system) ActivityManager identical 7 lines
03-28 21:45:09.327  1456  1673 W ActivityManager: setHasOverlayUi called on unknown pid: 23586
03-28 21:45:09.338  1456  1605 W zygote  : kill(-23586, 9) failed: No such process
03-28 21:45:09.338  1456  1605 I zygote  : Successfully killed process cgroup uid 11206 pid 23586 in 77ms
03-28 21:45:09.338  1456  1605 W zygote  : kill(-23662, 9) failed: No such process
03-28 21:45:09.338  1456  1605 I zygote  : Successfully killed process cgroup uid 11206 pid 23662 in 0ms
03-28 21:45:09.379  1456 10736 I ActivityManager: START u0 {act=android.intent.action.MAIN cat=[android.intent.category.LAUNCHER] flg=0x10000000 cmp=org.mozilla.fennec_aurora/.App} from uid 2000
03-28 21:45:09.380   794   839 E ANDR-PERF-RESOURCEQS: Failed to apply optimization [4, 0]
03-28 21:45:09.400  1456  7570 I ActivityManager: Start proc 23838:org.mozilla.fennec_aurora/u0a1206 for activity org.mozilla.fennec_aurora/.App
03-28 21:45:09.467   808   808 I SFPerfTracer:      triggers: (rate: 72:2016504) (compose: 0:7) (post: 0:19) (render: 0:17) (2:9988314 frames) (3:12460562)
03-28 21:45:09.467   808   808 D SFPerfTracer:        layers: (4:14) (NavigationBar#0 (0xb07df000): 0:889377) (StatusBar#0 (0xb07e3000): 0:2109071) (com.android.systemui.ImageWallpaper#0 (0xb07e7000): 0:81661) (Sprite#0 (0xb0733000): 0:317)* (DimLayerController/Stack=0#0 (0xb075a000): 0:3823)* (Sprite#1 (0xb077c000): 0:195)* (com.android.launcher3/com.android.launcher3.CustomizationPanelLauncher#0 (0xb0763000): 0:39)- (com.android.launcher3/com.android.launcher3.CustomizationPanelLauncher#1 (0xb0771000): 0:9)- (Splash Screen org.mozilla.fennec_aurora#0 (0xb039b000): 0:19)- (Splash Screen org.mozilla.fennec_aurora#1 (0xb013a000): 0:31)- (org.mozilla.fennec_aurora/org.mozilla.fenix.HomeActivity#0 (0xb039b000): 0:48)- (com.android.launcher3/com.android.launcher3.CustomizationPanelLauncher#0 (0xb0763000): 0:38)* (com.android.launcher3/com.android.launcher3.CustomizationPanelLauncher#1 (0xb0771000): 0:9) (Splash Screen org.mozilla.fennec_aurora#0 (0xb039b000): 2:2)* 
03-28 21:45:09.487 28336 28379 I MicroDetectionState: Should stop hotword detection immediately - false
03-28 21:45:09.487 28336 28379 I MicroDetector: Keeping mic open: false
03-28 21:45:09.487 28336 21981 E DeviceStateChecker: DeviceStateChecker cancelled
03-28 21:45:09.487 28336 28379 I RecognitionAudioControl: #shutdownAudio [requestId: 8049706032622247071, keepAudioOpen: false, forced: true]
03-28 21:45:09.488 28336 28379 I RecognitionAudioControl: #internalShutdownAudio [requestId: 8049706032622247071]
03-28 21:45:09.488 28336 28379 I RecognitionAudioControl: #internalShutdownAudio [keepAudioOpen: false, forced: true]
03-28 21:45:09.488 28336 28379 I RecognitionAudioControl: #actualShutdownAudio
03-28 21:45:09.488 28336 28379 I AudioController: #shutdown [requestId=8049706032622247071]
03-28 21:45:09.488 28336 28374 I AudioController: internalShutdown
03-28 21:45:09.488 28336 28380 I MicroRecognitionRunner: Stopping hotword detection.
03-28 21:45:09.490 28336 21980 I MicroRecognitionRunner: Detection finished
03-28 21:45:09.534   788  1479 D audio_hw_primary: disable_audio_route: usecase(9) reset and update mixer path: audio-record
03-28 21:45:09.535   788  1479 D audio_hw_primary: disable_snd_device: snd_device(120: voice-rec-mic)
03-28 21:45:09.537  1012 26683 D APM_AudioPolicyManager: stopInput() input 264182, session 264297
03-28 21:45:09.538   788   788 D audio_hw_primary: in_set_parameters: enter: kvpairs=routing=0
03-28 21:45:09.539 28336 28374 I MicrophoneInputStream: mic_close  SR : 16000 CC : 16 SO : 1999
03-28 21:45:09.540 28336 28374 E AudioSource: Stop listening is called on already closed AudioSource
03-28 21:45:09.569 23838 23838 I chatty  : uid=11206(org.mozilla.fennec_aurora) expire 56 lines
03-28 21:45:09.646 23838 23857 I chatty  : uid=11206(org.mozilla.fennec_aurora) expire 4 lines
03-28 21:45:09.663  1456  2923 D ConnectivityService: requestNetwork for uid/pid:11206/23838 NetworkRequest [ TRACK_DEFAULT id=34975, [ Capabilities: INTERNET&NOT_RESTRICTED&TRUSTED&NOT_VPN] ]
03-28 21:45:09.665  1456  2099 D Ethernet: got request NetworkRequest [ TRACK_DEFAULT id=34975, [ Capabilities: INTERNET&NOT_RESTRICTED&TRUSTED&NOT_VPN] ] with score 0
03-28 21:45:09.665  1456  2054 D WIFI_UT : got request NetworkRequest [ TRACK_DEFAULT id=34975, [ Capabilities: INTERNET&NOT_RESTRICTED&TRUSTED&NOT_VPN] ] with score 0
03-28 21:45:09.665  1456  2054 D WIFI    : got request NetworkRequest [ TRACK_DEFAULT id=34975, [ Capabilities: INTERNET&NOT_RESTRICTED&TRUSTED&NOT_VPN] ] with score 0
03-28 21:45:09.665  2398  2398 D PhoneSwitcherNetworkRequstListener: got request NetworkRequest [ TRACK_DEFAULT id=34975, [ Capabilities: INTERNET&NOT_RESTRICTED&TRUSTED&NOT_VPN] ] with score 0
03-28 21:45:09.675 23838 23869 I chatty  : uid=11206(org.mozilla.fennec_aurora) expire 11 lines
03-28 21:45:09.690 23838 23867 I chatty  : uid=11206(org.mozilla.fennec_aurora) expire 17 lines
03-28 21:45:09.699 23838 23871 I chatty  : uid=11206(org.mozilla.fennec_aurora) expire 27 lines
03-28 21:45:09.788 23838 23870 I chatty  : uid=11206(org.mozilla.fennec_aurora) expire 3 lines
03-28 21:45:09.805 23838 23879 I chatty  : uid=11206(org.mozilla.fennec_aurora) expire 1 line
03-28 21:45:09.830   808   898 I SFPerfTracer:      triggers: (rate: 0:1) (0 sw vsyncs) (0 skipped) (20:5927774 vsyncs) (22:12552376)
03-28 21:45:09.843 23838 23888 I chatty  : uid=11206(org.mozilla.fennec_aurora) expire 10 lines
03-28 21:45:09.853 23838 23843 I chatty  : uid=11206(org.mozilla.fennec_aurora) expire 8 lines
03-28 21:45:09.878  1456 10736 I ActivityManager: START u0 {act=android.intent.action.MAIN cat=[android.intent.category.LAUNCHER] flg=0x10000000 cmp=org.mozilla.fennec_aurora/org.mozilla.fenix.HomeActivity (has extras)} from uid 11206
03-28 21:45:09.900   808   808 D SurfaceFlinger: duplicate layer name: changing Splash Screen org.mozilla.fennec_aurora to Splash Screen org.mozilla.fennec_aurora#1
03-28 21:45:09.940  1456 10736 I ActivityManager: Start proc 23919:org.mozilla.fennec_aurora:tab0/u0a1206 for service org.mozilla.fennec_aurora/org.mozilla.gecko.process.GeckoChildProcessServices$tab0
03-28 21:45:10.090 23919 23919 I chatty  : uid=11206(org.mozilla.fennec_aurora) expire 2 lines
03-28 21:45:10.090 23919 23941 I chatty  : uid=11206(org.mozilla.fennec_aurora) expire 1 line
03-28 21:45:10.262 20194 20207 E AuthStateProvider: Calling package disagreement. Legacy: org.mozilla.fennec.sharedID:11206, new API: org.mozilla.fennec_aurora
03-28 21:45:10.262 20194 20207 D AuthStateProvider: Caller must be whitelisted.
03-28 21:45:10.262 23838 23838 E ActivityThread: Failed to find provider info for org.mozilla.fennec_aurora.fxa.auth
03-28 21:45:10.352 23838 23948 I chatty  : uid=11206(org.mozilla.fennec_aurora) expire 9 lines
03-28 21:45:10.676 23838 23956 I chatty  : uid=11206(org.mozilla.fennec_aurora) expire 2 lines
03-28 21:45:10.677  1456  1673 I LaunchCheckinHandler: Displayed org.mozilla.fennec_aurora/org.mozilla.fenix.HomeActivity,wp,ca,727
03-28 21:45:10.677  1456  1673 I ActivityManager: Displayed org.mozilla.fennec_aurora/org.mozilla.fenix.HomeActivity: +719ms (total +1s282ms)
03-28 21:45:10.704 28336 28379 E AudioSource: Stop listening is called on already closed AudioSource
03-28 21:45:10.706 28336 20368 I PBSessionCacheImpl: Deleted sessionId[124624629806613032] from persistence.
03-28 21:45:10.710  1456  4797 I WifiService: getWifiEnabledState uid=10073
03-28 21:45:10.713 28336 28379 I DEBUG   : OpaToSrpTransitionState#onStateChanged#notNullQuery
03-28 21:45:10.714 28336 28379 I DEBUG   : OpaToSrpTransitionState#onStateChanged#notNullQuery
03-28 21:45:10.716 28336 28379 W SearchServiceCore: Abort, client detached.
03-28 21:45:10.740 20194 20207 E AuthStateProvider: Calling package disagreement. Legacy: org.mozilla.fennec.sharedID:11206, new API: org.mozilla.fennec_aurora
03-28 21:45:10.740 20194 20207 D AuthStateProvider: Caller must be whitelisted.
03-28 21:45:10.740 23838 23838 E ActivityThread: Failed to find provider info for org.mozilla.fennec_aurora.fxa.auth
03-28 21:45:10.849  1023 23970 D libc    : Internal error: netid(0), id(0xec0d), server(0.0.0.0)
03-28 21:45:10.850  1023 23970 D libc    : Internal error: netid(0), id(0xec0d), server(0.0.0.0)
03-28 21:45:10.850  1023 23970 D libc    : Internal error: netid(0), id(0xdc00), server(0.0.0.0)
03-28 21:45:10.850  1023 23970 D libc    : Internal error: netid(0), id(0xdc00), server(0.0.0.0)
03-28 21:45:10.868  1023 23979 D libc    : Internal error: netid(0), id(0x4022), server(0.0.0.0)
03-28 21:45:10.868  1023 23979 D libc    : Internal error: netid(0), id(0x4022), server(0.0.0.0)
03-28 21:45:10.868  1023 23979 D libc    : Internal error: netid(0), id(0x6d69), server(0.0.0.0)
03-28 21:45:10.869  1023 23979 D libc    : Internal error: netid(0), id(0x6d69), server(0.0.0.0)
03-28 21:45:10.872  1023 23982 D libc    : Internal error: netid(0), id(0x240c), server(0.0.0.0)
03-28 21:45:10.873  1023 23982 D libc    : Internal error: netid(0), id(0x240c), server(0.0.0.0)
03-28 21:45:10.873  1023 23982 D libc    : Internal error: netid(0), id(0x4145), server(0.0.0.0)
03-28 21:45:10.874  1023 23982 D libc    : Internal error: netid(0), id(0x4145), server(0.0.0.0)
03-28 21:45:10.875 23838 23868 I chatty  : uid=11206(org.mozilla.fennec_aurora) expire 1 line
03-28 21:45:10.875 23838 23894 I chatty  : uid=11206(org.mozilla.fennec_aurora) expire 1 line
03-28 21:45:10.881  1023 23986 D libc    : Internal error: netid(0), id(0xbd7c), server(0.0.0.0)
03-28 21:45:10.881  1023 23986 D libc    : Internal error: netid(0), id(0xbd7c), server(0.0.0.0)
03-28 21:45:10.882  1023 23986 D libc    : Internal error: netid(0), id(0x4e43), server(0.0.0.0)
03-28 21:45:10.882  1023 23986 D libc    : Internal error: netid(0), id(0x4e43), server(0.0.0.0)
03-28 21:45:10.882  1023 23991 D libc    : Internal error: netid(0), id(0x9f31), server(0.0.0.0)
03-28 21:45:10.882  1023 23991 D libc    : Internal error: netid(0), id(0x9f31), server(0.0.0.0)
03-28 21:45:10.884  1023 23991 D libc    : Internal error: netid(0), id(0xf007), server(0.0.0.0)
03-28 21:45:10.884  1023 23991 D libc    : Internal error: netid(0), id(0xf007), server(0.0.0.0)
03-28 21:45:10.889  1023 23994 D libc    : Internal error: netid(0), id(0xf23e), server(0.0.0.0)
03-28 21:45:10.889  1023 23994 D libc    : Internal error: netid(0), id(0xf23e), server(0.0.0.0)
03-28 21:45:10.890  1023 23994 D libc    : Internal error: netid(0), id(0xb753), server(0.0.0.0)
03-28 21:45:10.890  1023 23994 D libc    : Internal error: netid(0), id(0xb753), server(0.0.0.0)
03-28 21:45:10.911 23838 23997 I chatty  : uid=11206(org.mozilla.fennec_aurora) expire 3 lines
03-28 21:45:15.042 24042 24042 D AndroidRuntime: >>>>>> START com.android.internal.os.RuntimeInit uid 2000 <<<<<<
03-28 21:45:15.055 24042 24042 W app_process: Could not reserve sentinel fault page
03-28 21:45:15.221 24042 24042 I app_process: The ClassLoaderContext is a special shared library.
03-28 21:45:15.291 24042 24042 D AndroidRuntime: Calling main entry com.android.commands.input.Input
03-28 21:45:15.301 24042 24042 I Input   : injectKeyEvent: KeyEvent { action=ACTION_DOWN, keyCode=KEYCODE_HOME, scanCode=0, metaState=0, flags=0x0, repeatCount=0, eventTime=17522370578, downTime=17522370578, deviceId=-1, source=0x101 }
03-28 21:45:15.308 24042 24042 I Input   : injectKeyEvent: KeyEvent { action=ACTION_UP, keyCode=KEYCODE_HOME, scanCode=0, metaState=0, flags=0x0, repeatCount=0, eventTime=17522370578, downTime=17522370578, deviceId=-1, source=0x101 }
03-28 21:45:15.314  1456  1941 I ActivityManager: START u0 {act=android.intent.action.MAIN cat=[android.intent.category.HOME] flg=0x10200000 cmp=com.android.launcher3/.CustomizationPanelLauncher (has extras)} from uid 1000
03-28 21:45:15.315   794   839 E ANDR-PERF-RESOURCEQS: Failed to apply optimization [4, 0]
03-28 21:45:15.326  1456  1941 I ActivityManager: moveHomeStack, setupComplete:true
03-28 21:45:15.329 24042 24042 D AndroidRuntime: Shutting down VM
03-28 21:45:15.351  2748  2748 D Launcher.Utilities: Wakeup weather: Intent { act=com.motorola.launcher3.action.WAKEUP_WEATHER cmp=com.motorola.timeweatherwidget/com.motorola.commandcenter.weather.WakeUpService }
03-28 21:45:15.366  1456  1456 I NotificationService: Cannot find enqueued record for key: 0|com.motorola.timeweatherwidget|1|null|10116
03-28 21:45:15.372   808   808 D SurfaceFlinger: duplicate layer name: changing com.android.launcher3/com.android.launcher3.CustomizationPanelLauncher to com.android.launcher3/com.android.launcher3.CustomizationPanelLauncher#1
03-28 21:45:15.383  1456  2401 I WifiService: getWifiEnabledState uid=10073
03-28 21:45:15.385 28336 28370 W ThreadPoolDumper: Queue length for executor EventBus is now 11. Perhaps some tasks are too long, or the pool is too small.
03-28 21:45:15.399  1456 10736 I WifiService: getWifiEnabledState uid=10073
03-28 21:45:15.408 28336 28379 I DEBUG   : OpaToSrpTransitionState#onStateChanged#notNullQuery
03-28 21:45:15.409 28336 28379 I DEBUG   : OpaToSrpTransitionState#onStateChanged#notNullQuery
03-28 21:45:15.423 28336 28379 I MicroDetectionState: Should stop hotword detection immediately - false
03-28 21:45:15.428 28336 28379 I MicroDetectionWorker: #startMicroDetector [speakerMode: 0]
03-28 21:45:15.429 28336 28379 I AudioController: Created new AudioSource
03-28 21:45:15.465  1456  1673 I LaunchCheckinHandler: Displayed com.android.launcher3/.CustomizationPanelLauncher,wp,wa,151
03-28 21:45:15.466 28336 28378 I MicroDataManager: isInitializedWithLatestParams-true
03-28 21:45:15.466 28336 28378 I MicroDataManager: isInitializing-false locale not changed-true model not changed-true
03-28 21:45:15.467 28336 28378 I MicroDataManager: Already initialized, obtaining the hotword data immediately.
03-28 21:45:15.471 28336 21981 I MicroRecognitionRunner: Starting detection.
03-28 21:45:15.471 28336 21981 I InputStreamUtils: Using micInputStream
03-28 21:45:15.472 28336 21379 I MicrophoneInputStream: mic_starting  SR : 16000 CC : 16 SO : 1999
03-28 21:45:15.474   788   788 V msm8974_platform: platform_check_input_mask: enter check_input_mask source 6 mask 10
03-28 21:45:15.476  1012 24056 I AudioFlinger: AudioFlinger's thread 0xb24830c0 tid=24056 ready to run
03-28 21:45:15.482   788   788 D audio_hw_primary: in_set_parameters: enter: kvpairs=input_source=6;routing=-2147483644
03-28 21:45:15.483  1012 11031 D APM_AudioPolicyManager: AudioPolicyManager::startInput() input 264190, session 264305, source = 1999
03-28 21:45:15.484 28336 21379 I MicrophoneInputStream: mic_started  SR : 16000 CC : 16 SO : 1999
03-28 21:45:15.485   788 24057 V msm8974_platform: platform_update_usecase_from_source: input source :6
03-28 21:45:15.485   788 24057 V msm8974_platform: platform_check_input_mask: enter check_input_mask source 6 mask 10
03-28 21:45:15.485   788 24057 V msm8974_platform: platform_get_input_snd_device: enter: out_device(0) in_device(0x4) channel_count (1) channel_mask (0x10)
03-28 21:45:15.486   788 24057 V msm8974_platform: platform_get_input_snd_device: exit: in_snd_device(voice-rec-mic)
03-28 21:45:15.486   788 24057 V msm8974_platform: platform_get_backend_index:napb: backend port - 5 device - 120 
03-28 21:45:15.486   788 24057 V msm8974_platform: platform_check_and_set_capture_backend_cfg:txbecf: afe: bitwidth 0, samplerate 0, channel 1, backend_idx 5 usecase = 9 device (voice-rec-mic)
03-28 21:45:15.486   788 24057 V msm8974_platform: platform_check_capture_backend_cfg:txbecf: afe: Codec selected backend: 5 current bit width: 0 and sample rate: 0, channels 1
03-28 21:45:15.486   788 24057 V msm8974_platform: platform_check_capture_backend_cfg:txbecf: afe: Codec selected backend: 5 updated bit width: 0 and sample rate: 0
03-28 21:45:15.486   788 24057 I msm8974_platform: platform_check_capture_backend_cfg:txbecf: afe: Codec backend needs to be updated. new bit width: 0 new sample rate: 0 new channel: 1
03-28 21:45:15.486   788 24057 V msm8974_platform: platform_get_backend_index:napb: backend port - 5 device - 120 
03-28 21:45:15.486   788 24057 V msm8974_platform: platform_set_backend_cfg:becf: afe: bitwidth 0, samplerate 0 channels 1, backend_idx 5 device (voice-rec-mic)
03-28 21:45:15.486   788 24057 E msm8974_platform: platform_set_backend_cfg:becf: afe: Could not get ctl for mixer command - SLIM_0_TX Format
03-28 21:45:15.486   788 24057 V msm8974_platform: platform_send_audio_calibration: sending audio calibration for snd_device(120) acdb_id(62)
03-28 21:45:15.487   788 24057 D ACDB-LOADER: ACDB -> send_audio_cal, acdb_id = 62, path = 1, app id = 0x11130, sample rate = 48000
03-28 21:45:15.487   788 24057 D ACDB-LOADER: ACDB -> send_asm_topology
03-28 21:45:15.487   788 24057 D ACDB-LOADER: ACDB -> ACDB_CMD_GET_AUDPROC_STREAM_TOPOLOGY_ID
03-28 21:45:15.487   788 24057 D ACDB-LOADER: ACDB -> send_adm_topology
03-28 21:45:15.487   788 24057 D ACDB-LOADER: ACDB -> ACDB_CMD_GET_AUDPROC_COMMON_TOPOLOGY_ID
03-28 21:45:15.487   788 24057 D ACDB-LOADER: ACDB -> send_audtable
03-28 21:45:15.487   788 24057 D ACDB-LOADER: ACDB -> ACDB_CMD_GET_AUDPROC_COMMON_TABLE_SIZE
03-28 21:45:15.487   788 24057 D ACDB-LOADER: ACDB -> ACDB_CMD_GET_AUDPROC_COMMON_TABLE
03-28 21:45:15.487   788 24057 D ACDB-LOADER: ACDB -> AUDIO_SET_AUDPROC_CAL
03-28 21:45:15.487   788 24057 D ACDB-LOADER: ACDB -> send_audvoltable
03-28 21:45:15.487   788 24057 D ACDB-LOADER: ACDB -> ACDB_CMD_GET_AUDPROC_VOL_STEP_TABLE_SIZE
03-28 21:45:15.487   788 24057 D ACDB-LOADER: ACDB -> ACDB_CMD_GET_AUDPROC_GAIN_DEP_STEP_TABLE, vol index 0
03-28 21:45:15.487   788 24057 D         : Failed to fetch the lookup information of the device 0000003E 
03-28 21:45:15.488   788 24057 D ACDB-LOADER: ACDB -> AUDIO_SET_VOL_CAL cal type = 12
03-28 21:45:15.488   788 24057 D ACDB-LOADER: ACDB -> ACDB_CMD_GET_AUDPROC_STREAM_TABLE_SIZE
03-28 21:45:15.488   788 24057 D ACDB-LOADER: ACDB -> send_audstrmtable
03-28 21:45:15.488   788 24057 D ACDB-LOADER: ACDB -> ACDB_CMD_GET_AUDPROC_STREAM_TABLE_V2
03-28 21:45:15.488   788 24057 D ACDB-LOADER: ACDB -> audstrm_cal->cal_type.cal_data.cal_size = 456
03-28 21:45:15.488   788 24057 D ACDB-LOADER: ACDB -> send_afe_topology
03-28 21:45:15.488   788 24057 D ACDB-LOADER: ACDB -> ACDB_CMD_GET_AFE_TOPOLOGY_ID
03-28 21:45:15.488   788 24057 D ACDB-LOADER: ACDB -> GET_AFE_TOPOLOGY_ID for adcd_id 62, Topology Id 112fb
03-28 21:45:15.488   788 24057 D ACDB-LOADER: ACDB -> send_afe_cal
03-28 21:45:15.488   788 24057 D ACDB-LOADER: ACDB -> ACDB_CMD_GET_AFE_COMMON_TABLE_SIZE
03-28 21:45:15.488   788 24057 D         : Failed to fetch the lookup information of the device 0000003E 
03-28 21:45:15.488   788 24057 E ACDB-LOADER: Error: ACDB_CMD_GET_AFE_COMMON_TABLE_SIZE Returned = -19
03-28 21:45:15.488   788 24057 D ACDB-LOADER: ACDB -> ACDB_CMD_GET_AFE_COMMON_TABLE
03-28 21:45:15.488   788 24057 D         : Failed to fetch the lookup information of the device 0000003E 
03-28 21:45:15.488   788 24057 D ACDB-LOADER: ACDB -> AUDIO_SET_AFE_CAL
03-28 21:45:15.488   788 24057 D ACDB-LOADER: ACDB -> send_hw_delay : acdb_id = 62 path = 1
03-28 21:45:15.488   788 24057 D ACDB-LOADER: ACDB -> ACDB_AVSYNC_INFO: ACDB_CMD_GET_DEVICE_PROPERTY
03-28 21:45:15.488   788 24057 D audio_hw_primary: enable_snd_device: snd_device(120: voice-rec-mic)
03-28 21:45:15.488   788 24057 D audio_route: Apply path: voice-rec-mic
03-28 21:45:15.490   788 24057 V msm8974_platform: platform_get_snd_device_backend_index: enter with device 120
03-28 21:45:15.490   788 24057 E msm8974_platform: platform_get_snd_device_backend_index: BE DAI Name Table is not present
03-28 21:45:15.490   788 24057 V msm8974_platform: platform_get_backend_index:napb: backend port - 5 device - 120 
03-28 21:45:15.491   788 24057 I audio_hw_utils: Set Audio Stream Capture 0 App Type Cfg: app_type 69936, acdb_dev_id 62, sample_rate 48000, snd_device_be_idx -14
03-28 21:45:15.491   788 24057 D audio_hw_primary: enable_audio_route: usecase(9) apply and update mixer path: audio-record
03-28 21:45:15.491   788 24057 D audio_route: Apply path: audio-record
03-28 21:45:15.559 28336 28379 I MicroDetectionWorker: onReady
03-28 21:45:15.865  1456  7796 I OpenGLRenderer: Initialized EGL, version 1.4
03-28 21:45:15.865  1456  7796 D OpenGLRenderer: Swap behavior 2
03-28 21:45:15.915  2748  2917 W OpenGLRenderer: Incorrectly called buildLayer on View: ShortcutAndWidgetContainer, destroying layer...
03-28 21:45:16.050   808   808 I SFPerfTracer:      triggers: (rate: 72:2016504) (compose: 0:7) (post: 0:19) (render: 0:17) (5:9988395 frames) (6:12460664)
03-28 21:45:16.050   808   808 D SFPerfTracer:        layers: (4:13) (NavigationBar#0 (0xb07df000): 0:889398) (StatusBar#0 (0xb07e3000): 0:2109092) (com.android.systemui.ImageWallpaper#0 (0xb07e7000): 0:81664) (Sprite#0 (0xb0733000): 0:317)* (DimLayerController/Stack=0#0 (0xb075a000): 0:3823)* (Sprite#1 (0xb077c000): 0:195)* (com.android.launcher3/com.android.launcher3.CustomizationPanelLauncher#0 (0xb0763000): 0:39)- (com.android.launcher3/com.android.launcher3.CustomizationPanelLauncher#1 (0xb0771000): 0:10)- (Splash Screen org.mozilla.fennec_aurora#0 (0xb039b000): 0:19)- (Splash Screen org.mozilla.fennec_aurora#1 (0xb013a000): 0:31)- (org.mozilla.fennec_aurora/org.mozilla.fenix.HomeActivity#0 (0xb039b000): 0:46)- (com.android.launcher3/com.android.launcher3.CustomizationPanelLauncher#0 (0xb0763000): 6:36)* (com.android.launcher3/com.android.launcher3.CustomizationPanelLauncher#1 (0xb0771000): 1:7) 
03-28 21:45:20.483  1456  2923 I ActivityManager: Force stopping org.mozilla.fennec_aurora appid=11206 user=0: from pid 24062
03-28 21:45:20.484  1456  2923 I ActivityManager: Killing 23838:org.mozilla.fennec_aurora/u0a1206 (adj 700): stop org.mozilla.fennec_aurora
03-28 21:45:20.486  1456  1605 W zygote  : kill(-23838, 9) failed: No such process
03-28 21:45:20.490  1456  2923 W ActivityManager: Force removing ActivityRecord{385b5a2 u0 org.mozilla.fennec_aurora/org.mozilla.fenix.HomeActivity t51451}: app died, no saved state
03-28 21:45:20.498  1456  2923 I ActivityManager: Killing 23919:org.mozilla.fennec_aurora:tab0/u0a1206 (adj 0): stop org.mozilla.fennec_aurora
03-28 21:45:20.503  1456  1605 W zygote  : kill(-23838, 9) failed: No such process
03-28 21:45:20.511  2398  2398 D CarrierSvcBindHelper: No carrier app for: 0
03-28 21:45:20.515  2398  2398 D CarrierSvcBindHelper: No carrier app for: 1
03-28 21:45:20.518  1456  1605 W zygote  : kill(-23838, 9) failed: No such process
03-28 21:45:20.546  1456  7570 D ConnectivityService: ConnectivityService NetworkRequestInfo binderDied(NetworkRequest [ TRACK_DEFAULT id=34975, [ Capabilities: INTERNET&NOT_RESTRICTED&TRUSTED&NOT_VPN] ], android.os.BinderProxy@d04aa44)
03-28 21:45:20.546  1456  2067 D ConnectivityService: releasing NetworkRequest [ TRACK_DEFAULT id=34975, [ Capabilities: INTERNET&NOT_RESTRICTED&TRUSTED&NOT_VPN] ] (release request)
03-28 21:45:20.546  1456  1673 W ActivityManager: setHasOverlayUi called on unknown pid: 23838
03-28 21:45:20.573  1456  1605 W zygote  : kill(-23838, 9) failed: No such process
03-28 21:45:20.573  1456  1605 I zygote  : Successfully killed process cgroup uid 11206 pid 23838 in 87ms
03-28 21:45:20.574  1456  1605 W zygote  : kill(-23919, 9) failed: No such process
03-28 21:45:20.574  1456  1605 I zygote  : Successfully killed process cgroup uid 11206 pid 23919 in 0ms
03-28 21:45:20.606  1456  1473 I ActivityManager: START u0 {act=android.intent.action.MAIN cat=[android.intent.category.LAUNCHER] flg=0x10000000 cmp=org.mozilla.fennec_aurora/.App} from uid 2000
03-28 21:45:20.607   794   839 E ANDR-PERF-RESOURCEQS: Failed to apply optimization [4, 0]
03-28 21:45:20.628  1456  4829 I ActivityManager: Start proc 24069:org.mozilla.fennec_aurora/u0a1206 for activity org.mozilla.fennec_aurora/.App
03-28 21:45:20.714 28336 28379 I MicroDetectionState: Should stop hotword detection immediately - false
03-28 21:45:20.714 28336 28379 I MicroDetector: Keeping mic open: false
03-28 21:45:20.714 28336 21980 E DeviceStateChecker: DeviceStateChecker cancelled
03-28 21:45:20.714 28336 28379 I RecognitionAudioControl: #shutdownAudio [requestId: 4565689478407373695, keepAudioOpen: false, forced: true]
03-28 21:45:20.715 28336 28379 I RecognitionAudioControl: #internalShutdownAudio [requestId: 4565689478407373695]
03-28 21:45:20.715 28336 28379 I RecognitionAudioControl: #internalShutdownAudio [keepAudioOpen: false, forced: true]
03-28 21:45:20.715 28336 28379 I RecognitionAudioControl: #actualShutdownAudio
03-28 21:45:20.715 28336 28379 I AudioController: #shutdown [requestId=4565689478407373695]
03-28 21:45:20.715 28336 28362 I AudioController: internalShutdown
03-28 21:45:20.715 28336 28374 I MicroRecognitionRunner: Stopping hotword detection.
03-28 21:45:20.757   788   788 D audio_hw_primary: disable_audio_route: usecase(9) reset and update mixer path: audio-record
03-28 21:45:20.758   788   788 D audio_hw_primary: disable_snd_device: snd_device(120: voice-rec-mic)
03-28 21:45:20.761  1012  4918 D APM_AudioPolicyManager: stopInput() input 264190, session 264305
03-28 21:45:20.762   788  1479 D audio_hw_primary: in_set_parameters: enter: kvpairs=routing=0
03-28 21:45:20.764 28336 28362 I MicrophoneInputStream: mic_close  SR : 16000 CC : 16 SO : 1999
03-28 21:45:20.764 28336 28362 E AudioSource: Stop listening is called on already closed AudioSource
03-28 21:45:20.765 28336 21981 I MicroRecognitionRunner: Detection finished
03-28 21:45:20.788 24069 24069 I chatty  : uid=11206(org.mozilla.fennec_aurora) expire 28 lines
03-28 21:45:20.866 24069 24088 I chatty  : uid=11206(org.mozilla.fennec_aurora) expire 4 lines
03-28 21:45:20.889 24069 24096 I chatty  : uid=11206(org.mozilla.fennec_aurora) expire 13 lines
03-28 21:45:20.912 24069 24099 I chatty  : uid=11206(org.mozilla.fennec_aurora) expire 16 lines
03-28 21:45:20.912 24069 24095 I chatty  : uid=11206(org.mozilla.fennec_aurora) expire 11 lines
03-28 21:45:21.015 24069 24107 I chatty  : uid=11206(org.mozilla.fennec_aurora) expire 1 line
03-28 21:45:21.058   808   898 I SFPerfTracer:      triggers: (rate: 0:1) (0 sw vsyncs) (0 skipped) (20:5927868 vsyncs) (22:12552490)
03-28 21:45:21.060 24069 24117 I chatty  : uid=11206(org.mozilla.fennec_aurora) expire 1 line
03-28 21:45:21.064 24069 24074 I chatty  : uid=11206(org.mozilla.fennec_aurora) expire 8 lines
03-28 21:45:21.077 24069 24069 I chatty  : uid=11206(org.mozilla.fennec_aurora) expire 28 lines
03-28 21:45:21.084 24069 24117 I chatty  : uid=11206(org.mozilla.fennec_aurora) expire 9 lines
03-28 21:45:21.086 24069 24099 I chatty  : uid=11206(org.mozilla.fennec_aurora) expire 11 lines
03-28 21:45:21.097  1456  4829 I ActivityManager: START u0 {act=android.intent.action.MAIN cat=[android.intent.category.LAUNCHER] flg=0x10000000 cmp=org.mozilla.fennec_aurora/org.mozilla.fenix.HomeActivity (has extras)} from uid 11206
03-28 21:45:21.112   808   808 D SurfaceFlinger: duplicate layer name: changing Splash Screen org.mozilla.fennec_aurora to Splash Screen org.mozilla.fennec_aurora#1
03-28 21:45:21.150  1456  2916 I ActivityManager: Start proc 24148:org.mozilla.fennec_aurora:tab0/u0a1206 for service org.mozilla.fennec_aurora/org.mozilla.gecko.process.GeckoChildProcessServices$tab0
03-28 21:45:21.287 24148 24148 I chatty  : uid=11206(org.mozilla.fennec_aurora) expire 2 lines
03-28 21:45:21.288 24148 24170 I chatty  : uid=11206(org.mozilla.fennec_aurora) expire 1 line
03-28 21:45:21.465 20194 20207 E AuthStateProvider: Calling package disagreement. Legacy: org.mozilla.fennec.sharedID:11206, new API: org.mozilla.fennec_aurora
03-28 21:45:21.465 20194 20207 D AuthStateProvider: Caller must be whitelisted.
03-28 21:45:21.466 24069 24069 E ActivityThread: Failed to find provider info for org.mozilla.fennec_aurora.fxa.auth
03-28 21:45:21.559 24069 24178 I chatty  : uid=11206(org.mozilla.fennec_aurora) expire 9 lines
03-28 21:45:21.889  1456  1673 I LaunchCheckinHandler: Displayed org.mozilla.fennec_aurora/org.mozilla.fenix.HomeActivity,wp,ca,736
03-28 21:45:21.889  1456  1673 I ActivityManager: Displayed org.mozilla.fennec_aurora/org.mozilla.fenix.HomeActivity: +728ms (total +1s266ms)
03-28 21:45:21.896 24069 24186 I chatty  : uid=11206(org.mozilla.fennec_aurora) expire 2 lines
03-28 21:45:21.912 28336 28379 E AudioSource: Stop listening is called on already closed AudioSource
03-28 21:45:21.914 28336 21379 I PBSessionCacheImpl: Deleted sessionId[124624629806613037] from persistence.
03-28 21:45:21.919  1456  2915 I WifiService: getWifiEnabledState uid=10073
03-28 21:45:21.921 28336 28379 I DEBUG   : OpaToSrpTransitionState#onStateChanged#notNullQuery
03-28 21:45:21.922 28336 28379 I DEBUG   : OpaToSrpTransitionState#onStateChanged#notNullQuery
03-28 21:45:21.925 28336 28379 W SearchServiceCore: Abort, client detached.
03-28 21:45:21.951 20194 20207 E AuthStateProvider: Calling package disagreement. Legacy: org.mozilla.fennec.sharedID:11206, new API: org.mozilla.fennec_aurora
03-28 21:45:21.951 20194 20207 D AuthStateProvider: Caller must be whitelisted.
03-28 21:45:21.951 24069 24069 E ActivityThread: Failed to find provider info for org.mozilla.fennec_aurora.fxa.auth
03-28 21:45:22.062  1023 24200 D libc    : Internal error: netid(0), id(0x1751), server(0.0.0.0)
03-28 21:45:22.063  1023 24200 D libc    : Internal error: netid(0), id(0x1751), server(0.0.0.0)
03-28 21:45:22.063  1023 24200 D libc    : Internal error: netid(0), id(0x9970), server(0.0.0.0)
03-28 21:45:22.063  1023 24200 D libc    : Internal error: netid(0), id(0x9970), server(0.0.0.0)
03-28 21:45:22.081  1023 24208 D libc    : Internal error: netid(0), id(0x5532), server(0.0.0.0)
03-28 21:45:22.081  1023 24208 D libc    : Internal error: netid(0), id(0x5532), server(0.0.0.0)
03-28 21:45:22.082  1023 24208 D libc    : Internal error: netid(0), id(0x6c70), server(0.0.0.0)
03-28 21:45:22.083  1023 24208 D libc    : Internal error: netid(0), id(0x6c70), server(0.0.0.0)
03-28 21:45:22.085  1023 24213 D libc    : Internal error: netid(0), id(0x9c1c), server(0.0.0.0)
03-28 21:45:22.085  1023 24213 D libc    : Internal error: netid(0), id(0x9c1c), server(0.0.0.0)
03-28 21:45:22.085  1023 24213 D libc    : Internal error: netid(0), id(0x6938), server(0.0.0.0)
03-28 21:45:22.086  1023 24213 D libc    : Internal error: netid(0), id(0x6938), server(0.0.0.0)
03-28 21:45:22.087 24069 24096 I chatty  : uid=11206(org.mozilla.fennec_aurora) expire 1 line
03-28 21:45:22.087 24069 24125 I chatty  : uid=11206(org.mozilla.fennec_aurora) expire 1 line
03-28 21:45:22.088 24069 24121 I chatty  : uid=11206(org.mozilla.fennec_aurora) expire 1 line
03-28 21:45:22.093  1023 24215 D libc    : Internal error: netid(0), id(0x9d2c), server(0.0.0.0)
03-28 21:45:22.093  1023 24215 D libc    : Internal error: netid(0), id(0x9d2c), server(0.0.0.0)
03-28 21:45:22.094  1023 24215 D libc    : Internal error: netid(0), id(0x550d), server(0.0.0.0)
03-28 21:45:22.094  1023 24215 D libc    : Internal error: netid(0), id(0x550d), server(0.0.0.0)
03-28 21:45:22.097  1023 24221 D libc    : Internal error: netid(0), id(0x8b53), server(0.0.0.0)
03-28 21:45:22.098  1023 24221 D libc    : Internal error: netid(0), id(0x8b53), server(0.0.0.0)
03-28 21:45:22.099  1023 24221 D libc    : Internal error: netid(0), id(0x3c58), server(0.0.0.0)
03-28 21:45:22.099  1023 24221 D libc    : Internal error: netid(0), id(0x3c58), server(0.0.0.0)
03-28 21:45:22.102  1023 24226 D libc    : Internal error: netid(0), id(0xf240), server(0.0.0.0)
03-28 21:45:22.102  1023 24226 D libc    : Internal error: netid(0), id(0xf240), server(0.0.0.0)
03-28 21:45:22.103  1023 24226 D libc    : Internal error: netid(0), id(0x5e78), server(0.0.0.0)
03-28 21:45:22.103  1023 24226 D libc    : Internal error: netid(0), id(0x5e78), server(0.0.0.0)
03-28 21:45:22.134 24069 24225 I chatty  : uid=11206(org.mozilla.fennec_aurora) expire 1 line
03-28 21:45:26.262 24271 24271 D AndroidRuntime: >>>>>> START com.android.internal.os.RuntimeInit uid 2000 <<<<<<
03-28 21:45:26.275 24271 24271 W app_process: Could not reserve sentinel fault page
03-28 21:45:26.442 24271 24271 I app_process: The ClassLoaderContext is a special shared library.
03-28 21:45:26.515 24271 24271 D AndroidRuntime: Calling main entry com.android.commands.input.Input
03-28 21:45:26.517 24271 24271 I Input   : injectKeyEvent: KeyEvent { action=ACTION_DOWN, keyCode=KEYCODE_HOME, scanCode=0, metaState=0, flags=0x0, repeatCount=0, eventTime=17522381797, downTime=17522381797, deviceId=-1, source=0x101 }
03-28 21:45:26.524 24271 24271 I Input   : injectKeyEvent: KeyEvent { action=ACTION_UP, keyCode=KEYCODE_HOME, scanCode=0, metaState=0, flags=0x0, repeatCount=0, eventTime=17522381797, downTime=17522381797, deviceId=-1, source=0x101 }
03-28 21:45:26.530  1456  1941 I ActivityManager: START u0 {act=android.intent.action.MAIN cat=[android.intent.category.HOME] flg=0x10200000 cmp=com.android.launcher3/.CustomizationPanelLauncher (has extras)} from uid 1000
03-28 21:45:26.531   794   839 E ANDR-PERF-RESOURCEQS: Failed to apply optimization [4, 0]
03-28 21:45:26.543  1456  1941 I ActivityManager: moveHomeStack, setupComplete:true
03-28 21:45:26.554 24271 24271 D AndroidRuntime: Shutting down VM
03-28 21:45:26.563  2748  2748 D Launcher.Utilities: Wakeup weather: Intent { act=com.motorola.launcher3.action.WAKEUP_WEATHER cmp=com.motorola.timeweatherwidget/com.motorola.commandcenter.weather.WakeUpService }
03-28 21:45:26.588   808   808 D SurfaceFlinger: duplicate layer name: changing com.android.launcher3/com.android.launcher3.CustomizationPanelLauncher to com.android.launcher3/com.android.launcher3.CustomizationPanelLauncher#1
03-28 21:45:26.593  1456  1456 I NotificationService: Cannot find enqueued record for key: 0|com.motorola.timeweatherwidget|1|null|10116
03-28 21:45:26.595 28336 28336 W ThreadPoolDumper: Queue length for executor EventBus is now 11. Perhaps some tasks are too long, or the pool is too small.
03-28 21:45:26.601  1456  5031 I WifiService: getWifiEnabledState uid=10073
03-28 21:45:26.616  1456  5031 I WifiService: getWifiEnabledState uid=10073
03-28 21:45:26.627 28336 28379 I DEBUG   : OpaToSrpTransitionState#onStateChanged#notNullQuery
03-28 21:45:26.629 28336 28379 I DEBUG   : OpaToSrpTransitionState#onStateChanged#notNullQuery
03-28 21:45:26.644 28336 28379 I MicroDetectionState: Should stop hotword detection immediately - false
03-28 21:45:26.648 28336 28379 I MicroDetectionWorker: #startMicroDetector [speakerMode: 0]
03-28 21:45:26.649 28336 28379 I AudioController: Created new AudioSource
03-28 21:45:26.683  1456  1673 I LaunchCheckinHandler: Displayed com.android.launcher3/.CustomizationPanelLauncher,wp,wa,152
03-28 21:45:26.683 28336 28367 I MicroDataManager: isInitializedWithLatestParams-true
03-28 21:45:26.683 28336 28367 I MicroDataManager: isInitializing-false locale not changed-true model not changed-true
03-28 21:45:26.684 28336 28367 I MicroDataManager: Already initialized, obtaining the hotword data immediately.
03-28 21:45:26.688 28336 21980 I MicroRecognitionRunner: Starting detection.
03-28 21:45:26.688 28336 21980 I InputStreamUtils: Using micInputStream
03-28 21:45:26.688 28336 20368 I MicrophoneInputStream: mic_starting  SR : 16000 CC : 16 SO : 1999
03-28 21:45:26.693   788  1479 V msm8974_platform: platform_check_input_mask: enter check_input_mask source 6 mask 10
03-28 21:45:26.695  1012 24285 I AudioFlinger: AudioFlinger's thread 0xb2483ac0 tid=24285 ready to run
03-28 21:45:26.703   788  1479 D audio_hw_primary: in_set_parameters: enter: kvpairs=input_source=6;routing=-2147483644
03-28 21:45:26.704  1012 10158 D APM_AudioPolicyManager: AudioPolicyManager::startInput() input 264198, session 264313, source = 1999
03-28 21:45:26.704 28336 20368 I MicrophoneInputStream: mic_started  SR : 16000 CC : 16 SO : 1999
03-28 21:45:26.705   788 24286 V msm8974_platform: platform_update_usecase_from_source: input source :6
03-28 21:45:26.705   788 24286 V msm8974_platform: platform_check_input_mask: enter check_input_mask source 6 mask 10
03-28 21:45:26.705   788 24286 V msm8974_platform: platform_get_input_snd_device: enter: out_device(0) in_device(0x4) channel_count (1) channel_mask (0x10)
03-28 21:45:26.705   788 24286 V msm8974_platform: platform_get_input_snd_device: exit: in_snd_device(voice-rec-mic)
03-28 21:45:26.705   788 24286 V msm8974_platform: platform_get_backend_index:napb: backend port - 5 device - 120 
03-28 21:45:26.705   788 24286 V msm8974_platform: platform_check_and_set_capture_backend_cfg:txbecf: afe: bitwidth 0, samplerate 0, channel 1, backend_idx 5 usecase = 9 device (voice-rec-mic)
03-28 21:45:26.705   788 24286 V msm8974_platform: platform_check_capture_backend_cfg:txbecf: afe: Codec selected backend: 5 current bit width: 0 and sample rate: 0, channels 1
03-28 21:45:26.705   788 24286 V msm8974_platform: platform_check_capture_backend_cfg:txbecf: afe: Codec selected backend: 5 updated bit width: 0 and sample rate: 0
03-28 21:45:26.706   788 24286 I msm8974_platform: platform_check_capture_backend_cfg:txbecf: afe: Codec backend needs to be updated. new bit width: 0 new sample rate: 0 new channel: 1
03-28 21:45:26.706   788 24286 V msm8974_platform: platform_get_backend_index:napb: backend port - 5 device - 120 
03-28 21:45:26.706   788 24286 V msm8974_platform: platform_set_backend_cfg:becf: afe: bitwidth 0, samplerate 0 channels 1, backend_idx 5 device (voice-rec-mic)
03-28 21:45:26.707   788 24286 E msm8974_platform: platform_set_backend_cfg:becf: afe: Could not get ctl for mixer command - SLIM_0_TX Format
03-28 21:45:26.707   788 24286 V msm8974_platform: platform_send_audio_calibration: sending audio calibration for snd_device(120) acdb_id(62)
03-28 21:45:26.707   788 24286 D ACDB-LOADER: ACDB -> send_audio_cal, acdb_id = 62, path = 1, app id = 0x11130, sample rate = 48000
03-28 21:45:26.707   788 24286 D ACDB-LOADER: ACDB -> send_asm_topology
03-28 21:45:26.707   788 24286 D ACDB-LOADER: ACDB -> ACDB_CMD_GET_AUDPROC_STREAM_TOPOLOGY_ID
03-28 21:45:26.707   788 24286 D ACDB-LOADER: ACDB -> send_adm_topology
03-28 21:45:26.707   788 24286 D ACDB-LOADER: ACDB -> ACDB_CMD_GET_AUDPROC_COMMON_TOPOLOGY_ID
03-28 21:45:26.707   788 24286 D ACDB-LOADER: ACDB -> send_audtable
03-28 21:45:26.707   788 24286 D ACDB-LOADER: ACDB -> ACDB_CMD_GET_AUDPROC_COMMON_TABLE_SIZE
03-28 21:45:26.707   788 24286 D ACDB-LOADER: ACDB -> ACDB_CMD_GET_AUDPROC_COMMON_TABLE
03-28 21:45:26.707   788 24286 D ACDB-LOADER: ACDB -> AUDIO_SET_AUDPROC_CAL
03-28 21:45:26.707   788 24286 D ACDB-LOADER: ACDB -> send_audvoltable
03-28 21:45:26.707   788 24286 D ACDB-LOADER: ACDB -> ACDB_CMD_GET_AUDPROC_VOL_STEP_TABLE_SIZE
03-28 21:45:26.707   788 24286 D ACDB-LOADER: ACDB -> ACDB_CMD_GET_AUDPROC_GAIN_DEP_STEP_TABLE, vol index 0
03-28 21:45:26.707   788 24286 D         : Failed to fetch the lookup information of the device 0000003E 
03-28 21:45:26.707   788 24286 D ACDB-LOADER: ACDB -> AUDIO_SET_VOL_CAL cal type = 12
03-28 21:45:26.707   788 24286 D ACDB-LOADER: ACDB -> ACDB_CMD_GET_AUDPROC_STREAM_TABLE_SIZE
03-28 21:45:26.707   788 24286 D ACDB-LOADER: ACDB -> send_audstrmtable
03-28 21:45:26.707   788 24286 D ACDB-LOADER: ACDB -> ACDB_CMD_GET_AUDPROC_STREAM_TABLE_V2
03-28 21:45:26.707   788 24286 D ACDB-LOADER: ACDB -> audstrm_cal->cal_type.cal_data.cal_size = 456
03-28 21:45:26.707   788 24286 D ACDB-LOADER: ACDB -> send_afe_topology
03-28 21:45:26.707   788 24286 D ACDB-LOADER: ACDB -> ACDB_CMD_GET_AFE_TOPOLOGY_ID
03-28 21:45:26.707   788 24286 D ACDB-LOADER: ACDB -> GET_AFE_TOPOLOGY_ID for adcd_id 62, Topology Id 112fb
03-28 21:45:26.708   788 24286 D ACDB-LOADER: ACDB -> send_afe_cal
03-28 21:45:26.708   788 24286 D ACDB-LOADER: ACDB -> ACDB_CMD_GET_AFE_COMMON_TABLE_SIZE
03-28 21:45:26.708   788 24286 D         : Failed to fetch the lookup information of the device 0000003E 
03-28 21:45:26.708   788 24286 E ACDB-LOADER: Error: ACDB_CMD_GET_AFE_COMMON_TABLE_SIZE Returned = -19
03-28 21:45:26.708   788 24286 D ACDB-LOADER: ACDB -> ACDB_CMD_GET_AFE_COMMON_TABLE
03-28 21:45:26.708   788 24286 D         : Failed to fetch the lookup information of the device 0000003E 
03-28 21:45:26.708   788 24286 D ACDB-LOADER: ACDB -> AUDIO_SET_AFE_CAL
03-28 21:45:26.708   788 24286 D ACDB-LOADER: ACDB -> send_hw_delay : acdb_id = 62 path = 1
03-28 21:45:26.708   788 24286 D ACDB-LOADER: ACDB -> ACDB_AVSYNC_INFO: ACDB_CMD_GET_DEVICE_PROPERTY
03-28 21:45:26.708   788 24286 D audio_hw_primary: enable_snd_device: snd_device(120: voice-rec-mic)
03-28 21:45:26.708   788 24286 D audio_route: Apply path: voice-rec-mic
03-28 21:45:26.713   788 24286 V msm8974_platform: platform_get_snd_device_backend_index: enter with device 120
03-28 21:45:26.713   788 24286 E msm8974_platform: platform_get_snd_device_backend_index: BE DAI Name Table is not present
03-28 21:45:26.713   788 24286 V msm8974_platform: platform_get_backend_index:napb: backend port - 5 device - 120 
03-28 21:45:26.713   788 24286 I audio_hw_utils: Set Audio Stream Capture 0 App Type Cfg: app_type 69936, acdb_dev_id 62, sample_rate 48000, snd_device_be_idx -14
03-28 21:45:26.713   788 24286 D audio_hw_primary: enable_audio_route: usecase(9) apply and update mixer path: audio-record
03-28 21:45:26.713   788 24286 D audio_route: Apply path: audio-record
03-28 21:45:26.783 28336 28379 I MicroDetectionWorker: onReady
03-28 21:45:26.823  2146  2165 I zygote  : NativeAlloc concurrent copying GC freed 19518(1083KB) AllocSpace objects, 0(0B) LOS objects, 50% free, 9MB/18MB, paused 170us total 125.424ms
03-28 21:45:26.890 24069 24098 I chatty  : uid=11206(org.mozilla.fennec_aurora) expire 2 lines
03-28 21:45:27.078  1456  7796 I OpenGLRenderer: Initialized EGL, version 1.4
03-28 21:45:27.078  1456  7796 D OpenGLRenderer: Swap behavior 2
03-28 21:45:27.097   808   808 I SFPerfTracer:      triggers: (rate: 72:2016505) (compose: 0:7) (post: 0:19) (render: 0:17) (12:9988472 frames) (13:12460769)
03-28 21:45:27.097   808   808 D SFPerfTracer:        layers: (4:13) (NavigationBar#0 (0xb07df000): 0:889419) (StatusBar#0 (0xb07e3000): 0:2109114) (com.android.systemui.ImageWallpaper#0 (0xb07e7000): 0:81666) (Sprite#0 (0xb0733000): 0:317)* (DimLayerController/Stack=0#0 (0xb075a000): 0:3823)* (Sprite#1 (0xb077c000): 0:195)* (com.android.launcher3/com.android.launcher3.CustomizationPanelLauncher#0 (0xb0763000): 0:39)- (com.android.launcher3/com.android.launcher3.CustomizationPanelLauncher#1 (0xb0771000): 0:11)- (Splash Screen org.mozilla.fennec_aurora#0 (0xb039b000): 0:19)- (Splash Screen org.mozilla.fennec_aurora#1 (0xb013a000): 0:30)- (org.mozilla.fennec_aurora/org.mozilla.fenix.HomeActivity#0 (0xb039b000): 12:48)* (com.android.launcher3/com.android.launcher3.CustomizationPanelLauncher#0 (0xb0763000): 13:29)* (com.android.launcher3/com.android.launcher3.CustomizationPanelLauncher#1 (0xb0771000): 1:5) 
03-28 21:45:27.125  2398  2398 D QtiCarrierConfigHelper: WARNING, no carrier configs on phone Id: 0
03-28 21:45:27.128  2748  2917 W OpenGLRenderer: Incorrectly called buildLayer on View: ShortcutAndWidgetContainer, destroying layer...
03-28 21:45:27.245 24069 24095 I chatty  : uid=11206(org.mozilla.fennec_aurora) expire 6 lines
03-28 21:45:27.437  1456  1466 I zygote  : NativeAlloc concurrent copying GC freed 45169(2MB) AllocSpace objects, 26(904KB) LOS objects, 38% free, 38MB/62MB, paused 181us total 359.288ms
03-28 21:45:31.713  1456  4829 I ActivityManager: Force stopping org.mozilla.fennec_aurora appid=11206 user=0: from pid 24291
03-28 21:45:31.713  1456  4829 I ActivityManager: Killing 24069:org.mozilla.fennec_aurora/u0a1206 (adj 700): stop org.mozilla.fennec_aurora
03-28 21:45:31.716  1456  1605 W zygote  : kill(-24069, 9) failed: No such process
03-28 21:45:31.728  1456  4829 W ActivityManager: Force removing ActivityRecord{50a9aa4 u0 org.mozilla.fennec_aurora/org.mozilla.fenix.HomeActivity t51453}: app died, no saved state
03-28 21:45:31.731  1456  1605 W zygote  : kill(-24069, 9) failed: No such process
03-28 21:45:31.737  1456  4829 I ActivityManager: Killing 24148:org.mozilla.fennec_aurora:tab0/u0a1206 (adj 0): stop org.mozilla.fennec_aurora
03-28 21:45:31.744  1456  1605 W zygote  : kill(-24069, 9) failed: No such process
03-28 21:45:31.751  2398  2398 D CarrierSvcBindHelper: No carrier app for: 0
03-28 21:45:31.753  2398  2398 D CarrierSvcBindHelper: No carrier app for: 1
03-28 21:45:31.760  1456  1605 W zygote  : kill(-24069, 9) failed: No such process
03-28 21:45:31.784  1456  1673 W ActivityManager: setHasOverlayUi called on unknown pid: 24069
03-28 21:45:31.791  1456  1605 I chatty  : uid=1000(system) ActivityManager identical 5 lines
03-28 21:45:31.806  1456  1605 W zygote  : kill(-24069, 9) failed: No such process
03-28 21:45:31.807  1456  1605 I zygote  : Successfully killed process cgroup uid 11206 pid 24069 in 91ms
03-28 21:45:31.807  1456  1605 W zygote  : kill(-24148, 9) failed: No such process
03-28 21:45:31.807  1456  1605 I zygote  : Successfully killed process cgroup uid 11206 pid 24148 in 0ms
03-28 21:45:31.850  1456  2162 I ActivityManager: START u0 {act=android.intent.action.MAIN cat=[android.intent.category.LAUNCHER] flg=0x10000000 cmp=org.mozilla.fennec_aurora/.App} from uid 2000
03-28 21:45:31.850   794   839 E ANDR-PERF-RESOURCEQS: Failed to apply optimization [4, 0]
03-28 21:45:31.871  1456  1473 I ActivityManager: Start proc 24298:org.mozilla.fennec_aurora/u0a1206 for activity org.mozilla.fennec_aurora/.App
03-28 21:45:31.959 28336 28379 I MicroDetectionState: Should stop hotword detection immediately - false
03-28 21:45:31.959 28336 28379 I MicroDetector: Keeping mic open: false
03-28 21:45:31.959 28336 28379 I RecognitionAudioControl: #shutdownAudio [requestId: -6250841522923742242, keepAudioOpen: false, forced: true]
03-28 21:45:31.959 28336 21981 E DeviceStateChecker: DeviceStateChecker cancelled
