07-21 23:31:17.877  3276  3276 W BugleDataModel: 	at java.lang.reflect.Method.invoke(Native Method)
07-21 23:31:17.877  3276  3276 W BugleDataModel: 	at com.android.internal.os.RuntimeInit$MethodAndArgsCaller.run(RuntimeInit.java:438)
07-21 23:31:17.877  3276  3276 W BugleDataModel: 	at com.android.internal.os.ZygoteInit.main(ZygoteInit.java:811)
07-21 23:31:17.892  3276  3571 I BugleDataModel: FixupMessageStatusOnStartupAction: sendFailedCnt: 0, downloadFailedCnt: 0, partsProcessingFailedCnt: 0
07-21 23:31:17.911  3276  3571 I BugleDataModel: PendingMessagesProcessor: process from FixupMessageStatusOnStartupAction due to connectivity changed with queues:
07-21 23:31:17.911  3276  3571 I BugleDataModel: ProcessPendingMessagesTimers: cleared next retry time for channel sms_send 
07-21 23:31:17.911  3276  3571 I BugleDataModel: ProcessPendingMessagesTimers: cleared next retry time for channel mms_send 
07-21 23:31:17.912  3276  3571 I BugleDataModel: ProcessPendingMessagesTimers: cleared next retry time for channel mms_download 
07-21 23:31:17.912  3276  3571 I BugleDataModel: ProcessPendingMessagesTimers: cleared next retry time for channel rcs_send 
07-21 23:31:17.912  3276  3571 I BugleDataModel: ProcessPendingMessagesTimers: cleared next retry time for channel rcs_ft_upload 
07-21 23:31:17.912  3276  3571 I BugleDataModel: ProcessPendingMessagesTimers: cleared next retry time for channel rcs_ft_download 
07-21 23:31:17.912  3276  3571 I BugleDataModel: ProcessPendingMessagesTimers: cleared next retry time for channel cloud_sync_send 
07-21 23:31:17.912  3276  3571 I BugleDataModel: ProcessPendingMessagesTimers: cleared next retry time for channel cloud_sync_attachment_download 
07-21 23:31:17.924  3276  3571 I BugleDataModel: PendingMessagesProcessor: process from ProcessPendingMessagesAction due to scheduled processing with queues:
07-21 23:31:19.081  1561  3874 W ActivityManager: Background start not allowed: service Intent { cmp=com.google.android.apps.messaging/.shared.datamodel.action.execution.ActionExecutorImpl$EmptyService } to com.google.android.apps.messaging/.shared.datamodel.action.execution.ActionExecutorImpl$EmptyService from pid=3276 uid=10110 pkg=com.google.android.apps.messaging
07-21 23:31:19.083  3276  3276 W BugleDataModel: ActionExecutorImpl: Action started execution, but we can't guarantee it will complete, the app may be killed. Action: class com.google.android.apps.messaging.shared.datamodel.action.GenericWorkerQueueAction-GenericWorkerQueueAction:21260774006
07-21 23:31:19.083  3276  3276 W BugleDataModel: java.lang.IllegalStateException: Not allowed to start service Intent { cmp=com.google.android.apps.messaging/.shared.datamodel.action.execution.ActionExecutorImpl$EmptyService }: app is in background uid UidRecord{9c38ec2 u0a110 CEM  idle change:cached procs:1 seq(0,0,0)}
07-21 23:31:19.083  3276  3276 W BugleDataModel: 	at android.app.ContextImpl.startServiceCommon(ContextImpl.java:1536)
07-21 23:31:19.083  3276  3276 W BugleDataModel: 	at android.app.ContextImpl.startService(ContextImpl.java:1492)
07-21 23:31:19.083  3276  3276 W BugleDataModel: 	at android.content.ContextWrapper.startService(ContextWrapper.java:650)
07-21 23:31:19.083  3276  3276 W BugleDataModel: 	at com.google.android.apps.messaging.shared.datamodel.action.execution.ActionExecutorImpl.a(PG:104)
07-21 23:31:19.083  3276  3276 W BugleDataModel: 	at com.google.android.apps.messaging.shared.datamodel.action.execution.ActionExecutorImpl.a(PG:99)
07-21 23:31:19.083  3276  3276 W BugleDataModel: 	at grb.d(PG:120)
07-21 23:31:19.083  3276  3276 W BugleDataModel: 	at gqy.run(Unknown Source:1)
07-21 23:31:19.083  3276  3276 W BugleDataModel: 	at aglo.run(PG:3)
07-21 23:31:19.083  3276  3276 W BugleDataModel: 	at android.os.Handler.handleCallback(Handler.java:790)
07-21 23:31:19.083  3276  3276 W BugleDataModel: 	at android.os.Handler.dispatchMessage(Handler.java:99)
07-21 23:31:19.083  3276  3276 W BugleDataModel: 	at android.os.Looper.loop(Looper.java:164)
07-21 23:31:19.083  3276  3276 W BugleDataModel: 	at android.app.ActivityThread.main(ActivityThread.java:6626)
07-21 23:31:19.083  3276  3276 W BugleDataModel: 	at java.lang.reflect.Method.invoke(Native Method)
07-21 23:31:19.083  3276  3276 W BugleDataModel: 	at com.android.internal.os.RuntimeInit$MethodAndArgsCaller.run(RuntimeInit.java:438)
07-21 23:31:19.083  3276  3276 W BugleDataModel: 	at com.android.internal.os.ZygoteInit.main(ZygoteInit.java:811)
07-21 23:31:19.127  3276  3533 I BugleJobs: GenericWorkerQueueAction: Bailing early, no work found, no failed work found
07-21 23:31:21.421  2202  2264 I PeriodicStatsRunner: PeriodicStatsRunner.call():175 call()
07-21 23:31:21.422  2202  2264 I PeriodicStatsRunner: PeriodicStatsRunner.call():179 No submit PeriodicStats since input started.
07-21 23:31:21.523  1561  3874 I ActivityManager: Force stopping org.mozilla.fennec_aurora appid=11502 user=0: from pid 3675
07-21 23:31:21.524  1561  3874 I ActivityManager: Killing 3386:org.mozilla.fennec_aurora/u0a1502 (adj 700): stop org.mozilla.fennec_aurora
07-21 23:31:21.526  1561  1658 W zygote  : kill(-3386, 9) failed: No such process
07-21 23:31:21.527  1561  3874 W ActivityManager: Force removing ActivityRecord{4736567 u0 org.mozilla.fennec_aurora/org.mozilla.fenix.HomeActivity t669}: app died, no saved state
07-21 23:31:21.536  1561  3874 I ActivityManager: Killing 3480:org.mozilla.fennec_aurora:tab0/u0a1502 (adj 0): stop org.mozilla.fennec_aurora
07-21 23:31:21.540  1561  1658 W zygote  : kill(-3386, 9) failed: No such process
07-21 23:31:21.546  2202  2202 I AppBase : AppBase.onTrimMemory():618 onTrimMemory(): 10
07-21 23:31:21.546  2202  2202 I GoogleInputMethodService: GoogleInputMethodService.onTrimMemory():4331 onTrimMemory(): 10
07-21 23:31:21.548  2763  2763 I Finsky  : [2] qyn.onTrimMemory(1): Memory trim requested to level 80
07-21 23:31:21.555  1561  1658 W zygote  : kill(-3386, 9) failed: No such process
07-21 23:31:21.556  2420  2420 D CarrierSvcBindHelper: No carrier app for: 0
07-21 23:31:21.557  2420  2420 D CarrierSvcBindHelper: No carrier app for: 1
07-21 23:31:21.570  1561  1658 W zygote  : kill(-3386, 9) failed: No such process
07-21 23:31:21.603  1561  1658 I chatty  : uid=1000(system) ActivityManager identical 3 lines
07-21 23:31:21.608  1561  1767 W ActivityManager: setHasOverlayUi called on unknown pid: 3386
07-21 23:31:21.617  1561  1658 W zygote  : kill(-3386, 9) failed: No such process
07-21 23:31:21.617  1561  1658 I zygote  : Successfully killed process cgroup uid 11502 pid 3386 in 91ms
07-21 23:31:21.618  1561  1658 W zygote  : kill(-3480, 9) failed: No such process
07-21 23:31:21.618  1561  1658 I zygote  : Successfully killed process cgroup uid 11502 pid 3480 in 0ms
07-21 23:31:22.672  1561  3874 I ActivityManager: START u0 {act=android.intent.action.MAIN cat=[android.intent.category.LAUNCHER] flg=0x10000000 cmp=org.mozilla.fennec_aurora/.App} from uid 2000
07-21 23:31:22.672   803   852 E ANDR-PERF-RESOURCEQS: Failed to apply optimization [4, 0]
07-21 23:31:22.699  1561  4737 I ActivityManager: Start proc 3683:org.mozilla.fennec_aurora/u0a1502 for activity org.mozilla.fennec_aurora/.App
07-21 23:31:22.785  7733  7853 I MicroDetectionState: Should stop hotword detection immediately - false
07-21 23:31:22.785  7733  7853 I MicroDetector: Keeping mic open: false
07-21 23:31:22.785  7733  7853 I MicroDetector: #shutdownAudioWithAudioLibrary
07-21 23:31:22.790  7733  7820 I MicroRecognitionRunner: Stopping hotword detection.
07-21 23:31:22.791  7733  7820 W w       : #stopListening failed: listening session token inactive.
07-21 23:31:22.791  7733 22361 E DeviceStateChecker: DeviceStateChecker cancelled
07-21 23:31:22.803  7733  2193 W b       : #read failed: read EOF from AudioAccessor.
07-21 23:31:22.818  7733  2193 I MicroRecognitionRunner: Detection finished
07-21 23:31:22.850   797  1425 D audio_hw_primary: disable_audio_route: usecase(9) reset and update mixer path: audio-record
07-21 23:31:22.851   797  1425 D audio_hw_primary: disable_snd_device: snd_device(120: voice-rec-mic)
07-21 23:31:22.854  1021 10085 D APM_AudioPolicyManager: stopInput() input 1894, session 1929
07-21 23:31:22.857   797  1425 D audio_hw_primary: in_set_parameters: enter: kvpairs=routing=0
07-21 23:31:22.867  7733  7853 I HotwordLSAdapter: stopListeningStatus result: 1
07-21 23:31:22.868  7733  7783 I AListeningSessionUtils: Sending AudioStatusChangedBroadcast to :interactor. audioSourceType: 5, isActive: false
07-21 23:31:22.903  1561  9453 I Adreno  : QUALCOMM build                   : bb5b86c, I77d3059488
07-21 23:31:22.903  1561  9453 I Adreno  : Build Date                       : 06/07/18
07-21 23:31:22.903  1561  9453 I Adreno  : OpenGL ES Shader Compiler Version: EV031.22.00.01_06
07-21 23:31:22.903  1561  9453 I Adreno  : Local Branch                     : 
07-21 23:31:22.903  1561  9453 I Adreno  : Remote Branch                    : refs/tags/AU_LINUX_ANDROID_LA.UM.6.5.R1.08.01.00.312.086
07-21 23:31:22.903  1561  9453 I Adreno  : Remote Branch                    : NONE
07-21 23:31:22.903  1561  9453 I Adreno  : Reconstruct Branch               : NOTHING
07-21 23:31:22.907  1561  9453 D vndksupport: Loading /vendor/lib/hw/gralloc.msm8937.so from current namespace instead of sphal namespace.
07-21 23:31:22.910  3683  3683 I chatty  : uid=11502(org.mozilla.fennec_aurora) expire 29 lines
07-21 23:31:22.913  1561  9453 I Adreno  : PFP: 0x005ff087, ME: 0x005ff063
07-21 23:31:22.919  1561  9453 I zygote  : android::hardware::configstore::V1_0::ISurfaceFlingerConfigs::hasWideColorDisplay retrieved: 0
07-21 23:31:22.921  1561  9453 I OpenGLRenderer: Initialized EGL, version 1.4
07-21 23:31:22.921  1561  9453 D OpenGLRenderer: Swap behavior 2
07-21 23:31:23.034  3683  3701 I chatty  : uid=11502(org.mozilla.fennec_aurora) expire 4 lines
07-21 23:31:23.098  3683  3709 I chatty  : uid=11502(org.mozilla.fennec_aurora) expire 11 lines
07-21 23:31:23.139  3683  3708 I chatty  : uid=11502(org.mozilla.fennec_aurora) expire 13 lines
07-21 23:31:23.152  3683  3712 I chatty  : uid=11502(org.mozilla.fennec_aurora) expire 15 lines
07-21 23:31:23.179  3683  3715 I chatty  : uid=11502(org.mozilla.fennec_aurora) expire 1 line
07-21 23:31:23.306  3683  3711 I chatty  : uid=11502(org.mozilla.fennec_aurora) expire 2 lines
07-21 23:31:23.470  1561  2438 I ActivityManager: START u0 {act=android.intent.action.MAIN cat=[android.intent.category.LAUNCHER] flg=0x10000000 cmp=org.mozilla.fennec_aurora/org.mozilla.fenix.HomeActivity (has extras)} from uid 11502
07-21 23:31:23.471  3683  3744 I chatty  : uid=11502(org.mozilla.fennec_aurora) expire 1 line
07-21 23:31:23.494   817   817 D SurfaceFlinger: duplicate layer name: changing Splash Screen org.mozilla.fennec_aurora to Splash Screen org.mozilla.fennec_aurora#1
07-21 23:31:23.563  3683  3693 I chatty  : uid=11502(org.mozilla.fennec_aurora) expire 1 line
07-21 23:31:23.622  1561  5634 I ActivityManager: Start proc 3768:org.mozilla.fennec_aurora:tab0/u0a1502 for service org.mozilla.fennec_aurora/org.mozilla.gecko.process.GeckoChildProcessServices$tab0
07-21 23:31:23.627  3683  3755 I chatty  : uid=11502(org.mozilla.fennec_aurora) expire 1 line
07-21 23:31:23.636  3683  3688 I chatty  : uid=11502(org.mozilla.fennec_aurora) expire 6 lines
07-21 23:31:23.820  3768  3768 I chatty  : uid=11502(org.mozilla.fennec_aurora) expire 1 line
07-21 23:31:23.822  3768  3788 I chatty  : uid=11502(org.mozilla.fennec_aurora) expire 1 line
07-21 23:31:24.198  3683  3797 I chatty  : uid=11502(org.mozilla.fennec_aurora) expire 10 lines
07-21 23:31:24.205  3683  3683 E ActivityThread: Failed to find provider info for org.mozilla.fennec_aurora.fxa.auth
07-21 23:31:24.290  3683  3708 I chatty  : uid=11502(org.mozilla.fennec_aurora) expire 10 lines
07-21 23:31:24.292  3683  3683 I chatty  : uid=11502(org.mozilla.fennec_aurora) expire 28 lines
07-21 23:31:24.317  3683  3737 I chatty  : uid=11502(org.mozilla.fennec_aurora) expire 1 line
07-21 23:31:24.325  3683  3804 I chatty  : uid=11502(org.mozilla.fennec_aurora) expire 9 lines
07-21 23:31:24.359  1561  4737 D ConnectivityService: requestNetwork for uid/pid:11502/3683 NetworkRequest [ TRACK_DEFAULT id=588, [ Capabilities: INTERNET&NOT_RESTRICTED&TRUSTED&NOT_VPN] ]
07-21 23:31:24.362  1561  2182 D Ethernet: got request NetworkRequest [ TRACK_DEFAULT id=588, [ Capabilities: INTERNET&NOT_RESTRICTED&TRUSTED&NOT_VPN] ] with score 60
07-21 23:31:24.363  2420  2420 D PhoneSwitcherNetworkRequstListener: got request NetworkRequest [ TRACK_DEFAULT id=588, [ Capabilities: INTERNET&NOT_RESTRICTED&TRUSTED&NOT_VPN] ] with score 60
07-21 23:31:24.364  1561  2110 D WIFI_UT : got request NetworkRequest [ TRACK_DEFAULT id=588, [ Capabilities: INTERNET&NOT_RESTRICTED&TRUSTED&NOT_VPN] ] with score 60
07-21 23:31:24.364  1561  2110 D WIFI    : got request NetworkRequest [ TRACK_DEFAULT id=588, [ Capabilities: INTERNET&NOT_RESTRICTED&TRUSTED&NOT_VPN] ] with score 60
07-21 23:31:24.384  1561  2438 I WifiService: getDhcpInfo uid=11502
07-21 23:31:24.447  3683  3712 I chatty  : uid=11502(org.mozilla.fennec_aurora) expire 4 lines
07-21 23:31:24.496   817   817 I SFPerfTracer:      triggers: (rate: 4:1437) (compose: 0:0) (post: 0:1) (render: 0:0) (51:32422 frames) (52:43334)
07-21 23:31:24.497   817   817 D SFPerfTracer:        layers: (3:11) (NavigationBar#0 (0xb2e5f000): 0:4224) (StatusBar#0 (0xb2e62000): 0:10716) (com.android.systemui.ImageWallpaper#0 (0xb2e77000): 0:522)* (com.android.launcher3/com.android.launcher3.CustomizationPanelLauncher#0 (0xb2e6d000): 0:8)- (com.android.launcher3/com.android.launcher3.CustomizationPanelLauncher#1 (0xb2dd1000): 0:11)- (Splash Screen org.mozilla.fennec_aurora#1 (0xb2dd6000): 0:32)- (org.mozilla.fennec_aurora/org.mozilla.fenix.HomeActivity#0 (0xb2e5c000): 0:48)- (com.android.launcher3/com.android.launcher3.CustomizationPanelLauncher#0 (0xb2e6d000): 0:9)* (com.android.launcher3/com.android.launcher3.CustomizationPanelLauncher#1 (0xb2dd1000): 0:12)* (Splash Screen org.mozilla.fennec_aurora#0 (0xb2e5c000): 0:18)- (Splash Screen org.mozilla.fennec_aurora#1 (0xb2dd6000): 18:21) 
07-21 23:31:24.626   817   905 I SFPerfTracer:      triggers: (rate: 0:0) (0 sw vsyncs) (0 skipped) (62:33785 vsyncs) (64:44771)
07-21 23:31:24.870  3683  3688 I chatty  : uid=11502(org.mozilla.fennec_aurora) expire 2 lines
07-21 23:31:24.902  1561  1767 I LaunchCheckinHandler: Displayed org.mozilla.fennec_aurora/org.mozilla.fenix.HomeActivity,wp,ca,1323
07-21 23:31:24.903  1561  1767 I ActivityManager: Displayed org.mozilla.fennec_aurora/org.mozilla.fenix.HomeActivity: +1s317ms (total +2s212ms)
07-21 23:31:24.908  2202  2202 I GoogleInputMethodService: GoogleInputMethodService.onFinishInput():3138 
07-21 23:31:24.909  2202  2202 I GoogleInputMethodService: GoogleInputMethodService.onStartInput():1808 
07-21 23:31:24.931  3683  3819 I chatty  : uid=11502(org.mozilla.fennec_aurora) expire 5 lines
07-21 23:31:24.948  2763  2763 I Finsky  : [2] qyn.onTrimMemory(1): Memory trim requested to level 80
07-21 23:31:24.950  7733  7733 I MemoryTrimmer: Trimming objects from memory, since app is in the background.
07-21 23:31:24.951  3683  3683 E ActivityThread: Failed to find provider info for org.mozilla.fennec_aurora.fxa.auth
07-21 23:31:24.965  7733  2045 I PBSessionCacheImpl: Deleted sessionId[34011689038247331] from persistence.
07-21 23:31:24.966  1561  4737 I WifiService: getWifiEnabledState uid=10073
07-21 23:31:24.990  3683  3683 E ActivityThread: Failed to find provider info for org.mozilla.fennec_aurora.fxa.auth
07-21 23:31:25.000  7733  7733 I MemoryTrimmer: Trimming objects from memory, since app is in the background.
07-21 23:31:25.007  7733  7853 W SearchServiceCore: Abort, client detached.
07-21 23:31:25.749  3683  3702 I chatty  : uid=11502(org.mozilla.fennec_aurora) expire 3 lines
07-21 23:31:25.758  1561  2127 D ConnectivityService: releasing NetworkRequest [ TRACK_DEFAULT id=588, [ Capabilities: INTERNET&NOT_RESTRICTED&TRUSTED&NOT_VPN] ] (release request)
07-21 23:31:25.795  3683  3683 E ActivityThread: Failed to find provider info for org.mozilla.fennec_aurora.fxa.auth
07-21 23:31:25.911  3683  3841 I chatty  : uid=11502(org.mozilla.fennec_aurora) expire 1 line
07-21 23:31:26.041  3683  3730 I chatty  : uid=11502(org.mozilla.fennec_aurora) expire 2 lines
07-21 23:31:26.645  3683  3683 I chatty  : uid=11502(org.mozilla.fennec_aurora) identical 4 lines
07-21 23:31:26.659  3683  3683 E ActivityThread: Failed to find provider info for org.mozilla.fennec_aurora.fxa.auth
07-21 23:31:28.528  3869  3869 D AndroidRuntime: >>>>>> START com.android.internal.os.RuntimeInit uid 2000 <<<<<<
07-21 23:31:28.546  3869  3869 W app_process: Could not reserve sentinel fault page
07-21 23:31:28.784  3869  3869 I app_process: The ClassLoaderContext is a special shared library.
07-21 23:31:28.873  3869  3869 D AndroidRuntime: Calling main entry com.android.commands.input.Input
07-21 23:31:28.875  3869  3869 I Input   : injectKeyEvent: KeyEvent { action=ACTION_DOWN, keyCode=KEYCODE_HOME, scanCode=0, metaState=0, flags=0x0, repeatCount=0, eventTime=21277779, downTime=21277779, deviceId=-1, source=0x101 }
07-21 23:31:28.879  3869  3869 I Input   : injectKeyEvent: KeyEvent { action=ACTION_UP, keyCode=KEYCODE_HOME, scanCode=0, metaState=0, flags=0x0, repeatCount=0, eventTime=21277779, downTime=21277779, deviceId=-1, source=0x101 }
07-21 23:31:28.886  1561  2004 I ActivityManager: START u0 {act=android.intent.action.MAIN cat=[android.intent.category.HOME] flg=0x10200000 cmp=com.android.launcher3/.CustomizationPanelLauncher (has extras)} from uid 1000
07-21 23:31:28.886   803   852 E ANDR-PERF-RESOURCEQS: Failed to apply optimization [4, 0]
07-21 23:31:28.894  3869  3869 D AndroidRuntime: Shutting down VM
07-21 23:31:28.912  1561  3874 I ActivityManager: moveHomeStack, setupComplete:true
07-21 23:31:28.942  7733  8540 I Adreno  : QUALCOMM build                   : bb5b86c, I77d3059488
07-21 23:31:28.942  7733  8540 I Adreno  : Build Date                       : 06/07/18
07-21 23:31:28.942  7733  8540 I Adreno  : OpenGL ES Shader Compiler Version: EV031.22.00.01_06
07-21 23:31:28.942  7733  8540 I Adreno  : Local Branch                     : 
07-21 23:31:28.942  7733  8540 I Adreno  : Remote Branch                    : refs/tags/AU_LINUX_ANDROID_LA.UM.6.5.R1.08.01.00.312.086
07-21 23:31:28.942  7733  8540 I Adreno  : Remote Branch                    : NONE
07-21 23:31:28.942  7733  8540 I Adreno  : Reconstruct Branch               : NOTHING
07-21 23:31:28.946  2763  2763 I Finsky  : [2] qyn.onTrimMemory(1): Memory trim requested to level 80
07-21 23:31:28.946  7733  8540 D vndksupport: Loading /vendor/lib/hw/gralloc.msm8937.so from current namespace instead of sphal namespace.
07-21 23:31:28.948  2670  2670 D Launcher.Utilities: Wakeup weather: Intent { act=com.motorola.launcher3.action.WAKEUP_WEATHER cmp=com.motorola.timeweatherwidget/com.motorola.commandcenter.weather.WakeUpService }
07-21 23:31:28.951  7733  8540 I Adreno  : PFP: 0x005ff087, ME: 0x005ff063
07-21 23:31:28.959  7733  8540 I zygote  : android::hardware::configstore::V1_0::ISurfaceFlingerConfigs::hasWideColorDisplay retrieved: 0
07-21 23:31:28.960  7733  8540 I OpenGLRenderer: Initialized EGL, version 1.4
07-21 23:31:28.960  7733  8540 D OpenGLRenderer: Swap behavior 2
07-21 23:31:28.965   817   817 D SurfaceFlinger: duplicate layer name: changing com.android.launcher3/com.android.launcher3.CustomizationPanelLauncher to com.android.launcher3/com.android.launcher3.CustomizationPanelLauncher#1
07-21 23:31:28.998  7733  7733 W ThreadPoolDumper: Queue length for executor EventBus is now 11. Perhaps some tasks are too long, or the pool is too small.
07-21 23:31:29.011  1561  4737 I WifiService: getWifiEnabledState uid=10073
07-21 23:31:29.026  2202  2202 I GoogleInputMethodService: GoogleInputMethodService.onFinishInput():3138 
07-21 23:31:29.027  1561  1959 D BatteryService: uevent={POWER_SUPPLY_VOLTAGE_NOW=4080634, POWER_SUPPLY_CHARGE_RATE=Normal, POWER_SUPPLY_HEALTH=Good, POWER_SUPPLY_CURRENT_NOW=-307615, POWER_SUPPLY_PRESENT=1, SUBSYSTEM=power_supply, POWER_SUPPLY_TEMP=290, SEQNUM=4621, ACTION=change, POWER_SUPPLY_NAME=battery, POWER_SUPPLY_STATUS=Charging, POWER_SUPPLY_CHARGE_COUNTER=0, POWER_SUPPLY_CAPACITY=0, DEVPATH=/devices/soc/qpnp-smbcharger-17/power_supply/battery}
07-21 23:31:29.032  1561  1561 I NotificationService: Cannot find enqueued record for key: 0|com.motorola.timeweatherwidget|1|null|10116
07-21 23:31:29.036  2420  2420 D QtiCarrierConfigHelper: WARNING, no carrier configs on phone Id: 0
07-21 23:31:29.036  2420  2420 D VideoCall_LowBattery: disconnectVideoCalls on low battery
07-21 23:31:29.037  2420  2420 D VideoCall_LowBattery: disconnectVideoCalls 
07-21 23:31:29.041  2202  2202 I GoogleInputMethodService: GoogleInputMethodService.onStartInput():1808 
07-21 23:31:29.076  1561  2739 I WifiService: getWifiEnabledState uid=10073
07-21 23:31:29.087  1561  1767 I LaunchCheckinHandler: Displayed com.android.launcher3/.CustomizationPanelLauncher,wp,wa,200
07-21 23:31:29.119  2670  2703 I zygote  : NativeAlloc concurrent copying GC freed 24192(1248KB) AllocSpace objects, 0(0B) LOS objects, 49% free, 3MB/6MB, paused 6.907ms total 103.552ms
07-21 23:31:29.164  7733  7733 I BgTaskExecutorImpl: Starting EXCLUSIVE background task TNG_MINUS_ONE_SYNC.
07-21 23:31:29.166  7733  7853 I MicroDetectionState: Should stop hotword detection immediately - false
07-21 23:31:29.167  7733  7762 E MDD     : DownloadProgressMonitor: Can't find file group for uri: android://com.google.android.googlequicksearchbox/files/sharedminusonemodule/shared/SharedMinusOneData.pb.tmp
07-21 23:31:29.176  7733  7853 I MicroDetectionWorker: #startMicroDetector [speakerMode: 0]
07-21 23:31:29.184  7733  7853 I TngMinusOneSync: Syncing TNG:-1
07-21 23:31:29.184  7733  2193 I c       : #createAudioRecord
07-21 23:31:29.184  7733  7757 I MicroDataManager: isInitializing-false locale not changed-true model not changed-true
07-21 23:31:29.185  7733  7757 I MicroDataManager: Already initialized, obtaining the hotword data immediately.
07-21 23:31:29.203  7733  2184 I MicroRecognitionRunner: Starting detection.
07-21 23:31:29.203  7733  2184 I InputStreamUtils: Using micInputStream
07-21 23:31:29.208   797   797 V msm8974_platform: platform_check_input_mask: enter check_input_mask source 6 mask 10
07-21 23:31:29.217  1021  3886 I AudioFlinger: AudioFlinger's thread 0xaec83580 tid=3886 ready to run
07-21 23:31:29.229   797   797 D audio_hw_primary: in_set_parameters: enter: kvpairs=input_source=6;routing=-2147483644
07-21 23:31:29.231  1021 10085 D APM_AudioPolicyManager: AudioPolicyManager::startInput() input 1902, session 1937, source = 1999
07-21 23:31:29.232  7733  7853 I MicroDetectionWorker: onReady
07-21 23:31:29.233  7733  7853 I HotwordLSAdapter: getAudioSourceOpeningStatus completed: 1
07-21 23:31:29.233  7733  7853 I HotwordLSAdapter: Sending AudioStatusChangedBroadcast to :interactor. audioSourceType: 5, isActive: true
07-21 23:31:29.235   797  3887 V msm8974_platform: platform_update_usecase_from_source: input source :6
07-21 23:31:29.235   797  3887 V msm8974_platform: platform_check_input_mask: enter check_input_mask source 6 mask 10
07-21 23:31:29.235   797  3887 V msm8974_platform: platform_get_input_snd_device: enter: out_device(0) in_device(0x4) channel_count (1) channel_mask (0x10)
07-21 23:31:29.235   797  3887 V msm8974_platform: platform_get_input_snd_device: exit: in_snd_device(voice-rec-mic)
07-21 23:31:29.235   797  3887 V msm8974_platform: platform_get_backend_index:napb: backend port - 5 device - 120 
07-21 23:31:29.236   797  3887 V msm8974_platform: platform_check_and_set_capture_backend_cfg:txbecf: afe: bitwidth 0, samplerate 0, channel 1, backend_idx 5 usecase = 9 device (voice-rec-mic)
07-21 23:31:29.236   797  3887 V msm8974_platform: platform_check_capture_backend_cfg:txbecf: afe: Codec selected backend: 5 current bit width: 0 and sample rate: 0, channels 1
07-21 23:31:29.236   797  3887 V msm8974_platform: platform_check_capture_backend_cfg:txbecf: afe: Codec selected backend: 5 updated bit width: 0 and sample rate: 0
07-21 23:31:29.236   797  3887 I msm8974_platform: platform_check_capture_backend_cfg:txbecf: afe: Codec backend needs to be updated. new bit width: 0 new sample rate: 0 new channel: 1
07-21 23:31:29.236   797  3887 V msm8974_platform: platform_get_backend_index:napb: backend port - 5 device - 120 
07-21 23:31:29.236   797  3887 V msm8974_platform: platform_set_backend_cfg:becf: afe: bitwidth 0, samplerate 0 channels 1, backend_idx 5 device (voice-rec-mic)
07-21 23:31:29.236   797  3887 E msm8974_platform: platform_set_backend_cfg:becf: afe: Could not get ctl for mixer command - SLIM_0_TX Format
07-21 23:31:29.236   797  3887 V msm8974_platform: platform_send_audio_calibration: sending audio calibration for snd_device(120) acdb_id(62)
07-21 23:31:29.236   797  3887 D ACDB-LOADER: ACDB -> send_audio_cal, acdb_id = 62, path = 1, app id = 0x11130, sample rate = 48000
07-21 23:31:29.236   797  3887 D ACDB-LOADER: ACDB -> send_asm_topology
07-21 23:31:29.236   797  3887 D ACDB-LOADER: ACDB -> ACDB_CMD_GET_AUDPROC_STREAM_TOPOLOGY_ID
07-21 23:31:29.236   797  3887 D ACDB-LOADER: ACDB -> send_adm_topology
07-21 23:31:29.236   797  3887 D ACDB-LOADER: ACDB -> ACDB_CMD_GET_AUDPROC_COMMON_TOPOLOGY_ID
07-21 23:31:29.236   797  3887 D ACDB-LOADER: ACDB -> send_audtable
07-21 23:31:29.236   797  3887 D ACDB-LOADER: ACDB -> ACDB_CMD_GET_AUDPROC_COMMON_TABLE_SIZE
07-21 23:31:29.236   797  3887 D ACDB-LOADER: ACDB -> ACDB_CMD_GET_AUDPROC_COMMON_TABLE
07-21 23:31:29.236   797  3887 D ACDB-LOADER: ACDB -> AUDIO_SET_AUDPROC_CAL
07-21 23:31:29.237   797  3887 D ACDB-LOADER: ACDB -> send_audvoltable
07-21 23:31:29.237   797  3887 D ACDB-LOADER: ACDB -> ACDB_CMD_GET_AUDPROC_VOL_STEP_TABLE_SIZE
07-21 23:31:29.237   797  3887 D ACDB-LOADER: ACDB -> ACDB_CMD_GET_AUDPROC_GAIN_DEP_STEP_TABLE, vol index 0
07-21 23:31:29.237   797  3887 D         : Failed to fetch the lookup information of the device 0000003E 
07-21 23:31:29.237   797  3887 D ACDB-LOADER: ACDB -> AUDIO_SET_VOL_CAL cal type = 12
07-21 23:31:29.237   797  3887 D ACDB-LOADER: ACDB -> ACDB_CMD_GET_AUDPROC_STREAM_TABLE_SIZE
07-21 23:31:29.237   797  3887 D ACDB-LOADER: ACDB -> send_audstrmtable
07-21 23:31:29.237   797  3887 D ACDB-LOADER: ACDB -> ACDB_CMD_GET_AUDPROC_STREAM_TABLE_V2
07-21 23:31:29.237   797  3887 D ACDB-LOADER: ACDB -> audstrm_cal->cal_type.cal_data.cal_size = 456
07-21 23:31:29.237   797  3887 D ACDB-LOADER: ACDB -> send_afe_topology
07-21 23:31:29.237   797  3887 D ACDB-LOADER: ACDB -> ACDB_CMD_GET_AFE_TOPOLOGY_ID
07-21 23:31:29.237   797  3887 D ACDB-LOADER: ACDB -> GET_AFE_TOPOLOGY_ID for adcd_id 62, Topology Id 112fb
07-21 23:31:29.237   797  3887 D ACDB-LOADER: ACDB -> send_afe_cal
07-21 23:31:29.237   797  3887 D ACDB-LOADER: ACDB -> ACDB_CMD_GET_AFE_COMMON_TABLE_SIZE
07-21 23:31:29.237   797  3887 D         : Failed to fetch the lookup information of the device 0000003E 
07-21 23:31:29.237   797  3887 E ACDB-LOADER: Error: ACDB_CMD_GET_AFE_COMMON_TABLE_SIZE Returned = -19
07-21 23:31:29.237   797  3887 D ACDB-LOADER: ACDB -> ACDB_CMD_GET_AFE_COMMON_TABLE
07-21 23:31:29.237   797  3887 D         : Failed to fetch the lookup information of the device 0000003E 
07-21 23:31:29.237   797  3887 D ACDB-LOADER: ACDB -> AUDIO_SET_AFE_CAL
07-21 23:31:29.237   797  3887 D ACDB-LOADER: ACDB -> send_hw_delay : acdb_id = 62 path = 1
07-21 23:31:29.237   797  3887 D ACDB-LOADER: ACDB -> ACDB_AVSYNC_INFO: ACDB_CMD_GET_DEVICE_PROPERTY
07-21 23:31:29.237   797  3887 D audio_hw_primary: enable_snd_device: snd_device(120: voice-rec-mic)
07-21 23:31:29.237   797  3887 D audio_route: Apply path: voice-rec-mic
07-21 23:31:29.240   797  3887 V msm8974_platform: platform_get_snd_device_backend_index: enter with device 120
07-21 23:31:29.240   797  3887 E msm8974_platform: platform_get_snd_device_backend_index: BE DAI Name Table is not present
07-21 23:31:29.240   797  3887 V msm8974_platform: platform_get_backend_index:napb: backend port - 5 device - 120 
07-21 23:31:29.240   797  3887 I audio_hw_utils: Set Audio Stream Capture 0 App Type Cfg: app_type 69936, acdb_dev_id 62, sample_rate 48000, snd_device_be_idx -14
07-21 23:31:29.240   797  3887 D audio_hw_primary: enable_audio_route: usecase(9) apply and update mixer path: audio-record
07-21 23:31:29.240   797  3887 D audio_route: Apply path: audio-record
07-21 23:31:29.350  2763  2763 I Finsky  : [2] qyn.onTrimMemory(1): Memory trim requested to level 80
07-21 23:31:29.357  1561  4833 D ConnectivityService: requestNetwork for uid/pid:11502/3683 NetworkRequest [ TRACK_DEFAULT id=589, [ Capabilities: INTERNET&NOT_RESTRICTED&TRUSTED&NOT_VPN] ]
07-21 23:31:29.359  1561  2110 D WIFI_UT : got request NetworkRequest [ TRACK_DEFAULT id=589, [ Capabilities: INTERNET&NOT_RESTRICTED&TRUSTED&NOT_VPN] ] with score 60
07-21 23:31:29.359  1561  2182 D Ethernet: got request NetworkRequest [ TRACK_DEFAULT id=589, [ Capabilities: INTERNET&NOT_RESTRICTED&TRUSTED&NOT_VPN] ] with score 60
07-21 23:31:29.360  1561  2110 D WIFI    : got request NetworkRequest [ TRACK_DEFAULT id=589, [ Capabilities: INTERNET&NOT_RESTRICTED&TRUSTED&NOT_VPN] ] with score 60
07-21 23:31:29.361  2420  2420 D PhoneSwitcherNetworkRequstListener: got request NetworkRequest [ TRACK_DEFAULT id=589, [ Capabilities: INTERNET&NOT_RESTRICTED&TRUSTED&NOT_VPN] ] with score 60
07-21 23:31:29.374  3683  3888 I chatty  : uid=11502(org.mozilla.fennec_aurora) expire 5 lines
07-21 23:31:29.477  1561  9453 I Adreno  : QUALCOMM build                   : bb5b86c, I77d3059488
07-21 23:31:29.477  1561  9453 I Adreno  : Build Date                       : 06/07/18
07-21 23:31:29.477  1561  9453 I Adreno  : OpenGL ES Shader Compiler Version: EV031.22.00.01_06
07-21 23:31:29.477  1561  9453 I Adreno  : Local Branch                     : 
07-21 23:31:29.477  1561  9453 I Adreno  : Remote Branch                    : refs/tags/AU_LINUX_ANDROID_LA.UM.6.5.R1.08.01.00.312.086
07-21 23:31:29.477  1561  9453 I Adreno  : Remote Branch                    : NONE
07-21 23:31:29.477  1561  9453 I Adreno  : Reconstruct Branch               : NOTHING
07-21 23:31:29.482  1561  9453 D vndksupport: Loading /vendor/lib/hw/gralloc.msm8937.so from current namespace instead of sphal namespace.
07-21 23:31:29.488  1561  9453 I Adreno  : PFP: 0x005ff087, ME: 0x005ff063
07-21 23:31:29.495  1561  9453 I zygote  : android::hardware::configstore::V1_0::ISurfaceFlingerConfigs::hasWideColorDisplay retrieved: 0
07-21 23:31:29.499  1561  9453 I OpenGLRenderer: Initialized EGL, version 1.4
07-21 23:31:29.500  1561  9453 D OpenGLRenderer: Swap behavior 2
07-21 23:31:29.511  2670  2822 W OpenGLRenderer: Incorrectly called buildLayer on View: ShortcutAndWidgetContainer, destroying layer...
07-21 23:31:29.556  1561  2127 D ConnectivityService: releasing NetworkRequest [ TRACK_DEFAULT id=589, [ Capabilities: INTERNET&NOT_RESTRICTED&TRUSTED&NOT_VPN] ] (release request)
07-21 23:31:29.681  1561  4833 D ConnectivityService: requestNetwork for uid/pid:11502/3683 NetworkRequest [ TRACK_DEFAULT id=590, [ Capabilities: INTERNET&NOT_RESTRICTED&TRUSTED&NOT_VPN] ]
07-21 23:31:29.682  1561  2110 D WIFI_UT : got request NetworkRequest [ TRACK_DEFAULT id=590, [ Capabilities: INTERNET&NOT_RESTRICTED&TRUSTED&NOT_VPN] ] with score 60
07-21 23:31:29.683  1561  2110 D WIFI    : got request NetworkRequest [ TRACK_DEFAULT id=590, [ Capabilities: INTERNET&NOT_RESTRICTED&TRUSTED&NOT_VPN] ] with score 60
07-21 23:31:29.683  2420  2420 D PhoneSwitcherNetworkRequstListener: got request NetworkRequest [ TRACK_DEFAULT id=590, [ Capabilities: INTERNET&NOT_RESTRICTED&TRUSTED&NOT_VPN] ] with score 60
07-21 23:31:29.684  1561  2182 D Ethernet: got request NetworkRequest [ TRACK_DEFAULT id=590, [ Capabilities: INTERNET&NOT_RESTRICTED&TRUSTED&NOT_VPN] ] with score 60
07-21 23:31:29.729  3683  3889 I chatty  : uid=11502(org.mozilla.fennec_aurora) expire 9 lines
07-21 23:31:29.797  1561  1576 I zygote  : NativeAlloc concurrent copying GC freed 40367(2MB) AllocSpace objects, 24(720KB) LOS objects, 42% free, 17MB/29MB, paused 361us total 319.993ms
07-21 23:31:29.917  2202  2264 I PeriodicStatsRunner: PeriodicStatsRunner.call():175 call()
07-21 23:31:29.917  2202  2264 I PeriodicStatsRunner: PeriodicStatsRunner.call():179 No submit PeriodicStats since input started.
07-21 23:31:29.977  3683  3738 I chatty  : uid=11502(org.mozilla.fennec_aurora) expire 25 lines
07-21 23:31:29.982  3683  3893 I chatty  : uid=11502(org.mozilla.fennec_aurora) expire 2 lines
07-21 23:31:30.039  3683  3898 I chatty  : uid=11502(org.mozilla.fennec_aurora) expire 5 lines
07-21 23:31:30.145  3683  3898 W ActivityThread: ClassLoader.getResources: The class loader returned by Thread.getContextClassLoader() may fail for processes that host multiple applications. You should explicitly specify a context class loader. For example: Thread.setContextClassLoader(getClass().getClassLoader());
07-21 23:31:30.156  3683  3794 I chatty  : uid=11502(org.mozilla.fennec_aurora) expire 1 line
07-21 23:31:30.326  3683  3796 I chatty  : uid=11502(org.mozilla.fennec_aurora) expire 1 line
07-21 23:31:30.333  1561  2127 D ConnectivityService: releasing NetworkRequest [ TRACK_DEFAULT id=590, [ Capabilities: INTERNET&NOT_RESTRICTED&TRUSTED&NOT_VPN] ] (release request)
07-21 23:31:30.440  7733  7743 I zygote  : Background concurrent copying GC freed 266705(12MB) AllocSpace objects, 82(3MB) LOS objects, 49% free, 14MB/28MB, paused 248us total 236.910ms
07-21 23:31:34.037  2202  2264 I PeriodicStatsRunner: PeriodicStatsRunner.call():175 call()
07-21 23:31:34.037  2202  2264 I PeriodicStatsRunner: PeriodicStatsRunner.call():179 No submit PeriodicStats since input started.
07-21 23:31:34.118  1561  4244 I ActivityManager: Force stopping org.mozilla.fennec_aurora appid=11502 user=0: from pid 3904
07-21 23:31:34.118  1561  4244 I ActivityManager: Killing 3683:org.mozilla.fennec_aurora/u0a1502 (adj 700): stop org.mozilla.fennec_aurora
07-21 23:31:34.122  1561  4244 W ActivityManager: Force removing ActivityRecord{798a81d u0 org.mozilla.fennec_aurora/org.mozilla.fenix.HomeActivity t671}: app died, no saved state
07-21 23:31:34.122  3768  3768 I chatty  : uid=11502(org.mozilla.fennec_aurora) expire 1 line
07-21 23:31:34.123  1561  1658 W zygote  : kill(-3683, 9) failed: No such process
07-21 23:31:34.133  1561  4244 I ActivityManager: Killing 3768:org.mozilla.fennec_aurora:tab0/u0a1502 (adj 0): stop org.mozilla.fennec_aurora
07-21 23:31:34.141  2202  2202 I AppBase : AppBase.onTrimMemory():618 onTrimMemory(): 10
07-21 23:31:34.141  1561  1658 W zygote  : kill(-3683, 9) failed: No such process
07-21 23:31:34.141  2202  2202 I GoogleInputMethodService: GoogleInputMethodService.onTrimMemory():4331 onTrimMemory(): 10
07-21 23:31:34.149  2763  2763 I Finsky  : [2] qyn.onTrimMemory(1): Memory trim requested to level 80
07-21 23:31:34.150  2420  2420 D CarrierSvcBindHelper: No carrier app for: 0
07-21 23:31:34.152  2420  2420 D CarrierSvcBindHelper: No carrier app for: 1
07-21 23:31:34.155  1561  1658 W zygote  : kill(-3683, 9) failed: No such process
07-21 23:31:34.167  1561  1658 W zygote  : kill(-3683, 9) failed: No such process
07-21 23:31:34.178  2763  2763 I Finsky  : [2] wdm.a(20): SCH: onJobSchedulerWakeup with jobId 9007
07-21 23:31:34.181  1561  1658 W zygote  : kill(-3683, 9) failed: No such process
07-21 23:31:34.181  2763  2763 I Finsky  : [2] wao.a(19): Scheduling fallback job with id: 9034, and delay: 43200000 ms
07-21 23:31:34.185  2763  2763 I Finsky  : [2] wao.a(9): Scheduling fallback in 64799997 (absolute: 86083086)
07-21 23:31:34.196  1561  1658 W zygote  : kill(-3683, 9) failed: No such process
07-21 23:31:34.206  1561  1767 W ActivityManager: setHasOverlayUi called on unknown pid: 3683
07-21 23:31:34.212  1561  1658 W zygote  : kill(-3683, 9) failed: No such process
07-21 23:31:34.212  1561  1658 I zygote  : Successfully killed process cgroup uid 11502 pid 3683 in 90ms
07-21 23:31:34.212  1561  1658 W zygote  : kill(-3768, 9) failed: No such process
07-21 23:31:34.212  1561  1658 I zygote  : Successfully killed process cgroup uid 11502 pid 3768 in 0ms
07-21 23:31:34.222  2763  2763 I Finsky  : [2] wax.handleMessage(8): SCH: DeviceState: DeviceState{currentTime=1595388694218, isCharging=true, isIdle=false, netAny=true, netNotRoaming=true, netUnmetered=true, batteryPercent=0.0}
07-21 23:31:34.242  2763  3907 I Finsky  : [2673] wdm.a(7): SCH: Jobs in database: 1-1337 3-3545 3-3546 26-1414141414 29-29 34-47 34-48 34-51 34-52 34-56 34-60 34-65 34-68 34-69 34-70 34-71 
07-21 23:31:34.306  2763  2763 I Finsky  : [2] way.a(15): SCH: Running job: 29-29
07-21 23:31:34.309  2763  2763 I Finsky  : [2] wax.handleMessage(61): SCH: RunningQueue size: 1, PendingQueue size: 0
07-21 23:31:34.309  2763  2763 I Finsky  : [2] wax.handleMessage(64): SCH: Running queue: 29-29 
07-21 23:31:34.310  2763  3908 I Finsky  : [2674] acwq.a(1): ProcessRecoveryLogsUtil: No files in recovery directory
07-21 23:31:34.310  2763  3908 I Finsky  : [2674] wcj.a(13): SCH: jobFinished: 29-29. TimeElapsed: 4ms.
07-21 23:31:34.312  2763  2763 I Finsky  : [2] way.a(34): SCH: Job 29-29 finished. Not rescheduling.
07-21 23:31:34.313  2763  2763 I Finsky  : [2] wax.handleMessage(61): SCH: RunningQueue size: 0, PendingQueue size: 0
07-21 23:31:34.314  2763  2763 I Finsky  : [2] wax.handleMessage(25): Executor finished
07-21 23:31:34.325  2763  2763 I Finsky  : [2] qyn.onTrimMemory(1): Memory trim requested to level 80
07-21 23:31:34.335  2763  2763 I Finsky  : [2] wdm.a(7): SCH: Jobs in database: 1-1337 3-3545 3-3546 26-1414141414 34-47 34-48 34-51 34-52 34-56 34-60 34-65 34-68 34-69 34-70 34-71 
07-21 23:31:34.387  2763  2763 I Finsky  : [2] vzg.a(56): SCH: ConstraintMapping: 1-1337, 34-70,  -> L: 10764061ms, D: 53964061ms, C: false, I: false, N: 1
07-21 23:31:34.388  2763  2763 I Finsky  : [2] vzg.a(56): SCH: ConstraintMapping: 3-3546, 34-47, 34-48, 34-51, 34-52, 34-56, 34-60, 34-65, 34-68, 34-69, 34-71,  -> L: 0ms, D: 86361313ms, C: false, I: true, N: 2
07-21 23:31:34.390  2763  2763 I Finsky  : [2] vzg.a(56): SCH: ConstraintMapping: 3-3545, 34-47, 34-48, 34-51, 34-52, 34-56, 34-60, 34-65, 34-68, 34-69, 34-71,  -> L: 0ms, D: 86361300ms, C: true, I: true, N: 2
07-21 23:31:34.391  2763  2763 I Finsky  : [2] vzg.a(56): SCH: ConstraintMapping: 26-1414141414,  -> L: 21830632ms, D: 22730632ms, C: false, I: false, N: 0
07-21 23:31:34.398  2763  2763 I Finsky  : [2] wbw.a(34): Cancelling existing jobscheduler jobs: 9000 9005 9006 
07-21 23:31:34.399  2763  2763 I Finsky  : [2] wbw.a(27): Scheduling job Id: 9001, L: 10764061, D: 53964061, C: false, I: false, N: 1
07-21 23:31:34.400  2763  2763 I Finsky  : [2] wbw.a(10): Throttling wakeup for job 9002 (expected to run in 0 ms) due to recent wakeup
07-21 23:31:34.401  2763  2763 I Finsky  : [2] wbw.a(27): Scheduling job Id: 9002, L: 30000, D: 86361313, C: false, I: true, N: 2
07-21 23:31:34.403  2763  2763 I Finsky  : [2] wbw.a(10): Throttling wakeup for job 9003 (expected to run in 0 ms) due to recent wakeup
07-21 23:31:34.404  2763  2763 I Finsky  : [2] wbw.a(27): Scheduling job Id: 9003, L: 30000, D: 86361300, C: true, I: true, N: 2
07-21 23:31:34.406  2763  2763 I Finsky  : [2] wbw.a(27): Scheduling job Id: 9004, L: 21830632, D: 22730632, C: false, I: false, N: 0
07-21 23:31:35.257  1561  2309 I ActivityManager: START u0 {act=android.intent.action.MAIN cat=[android.intent.category.LAUNCHER] flg=0x10000000 cmp=org.mozilla.fennec_aurora/.App} from uid 2000
07-21 23:31:35.257   803   852 E ANDR-PERF-RESOURCEQS: Failed to apply optimization [4, 0]
07-21 23:31:35.281  1561  2438 I ActivityManager: Start proc 3914:org.mozilla.fennec_aurora/u0a1502 for activity org.mozilla.fennec_aurora/.App
07-21 23:31:35.377  7733  7853 I MicroDetectionState: Should stop hotword detection immediately - false
07-21 23:31:35.378  7733  7853 I MicroDetector: Keeping mic open: false
07-21 23:31:35.378  7733  7853 I MicroDetector: #shutdownAudioWithAudioLibrary
07-21 23:31:35.379  7733  7791 I MicroRecognitionRunner: Stopping hotword detection.
07-21 23:31:35.379  7733 10345 E DeviceStateChecker: DeviceStateChecker cancelled
07-21 23:31:35.382  7733  7757 W w       : #stopListening failed: listening session token inactive.
07-21 23:31:35.398  7733  2184 I MicroRecognitionRunner: Detection finished
07-21 23:31:35.437   797   797 D audio_hw_primary: disable_audio_route: usecase(9) reset and update mixer path: audio-record
07-21 23:31:35.438   797   797 D audio_hw_primary: disable_snd_device: snd_device(120: voice-rec-mic)
07-21 23:31:35.442  1021 10085 D APM_AudioPolicyManager: stopInput() input 1902, session 1937
07-21 23:31:35.442   797   797 D audio_hw_primary: in_set_parameters: enter: kvpairs=routing=0
07-21 23:31:35.448  7733  7853 I HotwordLSAdapter: stopListeningStatus result: 1
07-21 23:31:35.448  7733  7783 I AListeningSessionUtils: Sending AudioStatusChangedBroadcast to :interactor. audioSourceType: 5, isActive: false
07-21 23:31:35.455  1561  9453 I Adreno  : QUALCOMM build                   : bb5b86c, I77d3059488
07-21 23:31:35.455  1561  9453 I Adreno  : Build Date                       : 06/07/18
07-21 23:31:35.455  1561  9453 I Adreno  : OpenGL ES Shader Compiler Version: EV031.22.00.01_06
07-21 23:31:35.455  1561  9453 I Adreno  : Local Branch                     : 
07-21 23:31:35.455  1561  9453 I Adreno  : Remote Branch                    : refs/tags/AU_LINUX_ANDROID_LA.UM.6.5.R1.08.01.00.312.086
07-21 23:31:35.455  1561  9453 I Adreno  : Remote Branch                    : NONE
07-21 23:31:35.455  1561  9453 I Adreno  : Reconstruct Branch               : NOTHING
07-21 23:31:35.459  1561  9453 D vndksupport: Loading /vendor/lib/hw/gralloc.msm8937.so from current namespace instead of sphal namespace.
07-21 23:31:35.464  1561  9453 I Adreno  : PFP: 0x005ff087, ME: 0x005ff063
07-21 23:31:35.468  1561  9453 I zygote  : android::hardware::configstore::V1_0::ISurfaceFlingerConfigs::hasWideColorDisplay retrieved: 0
07-21 23:31:35.469  1561  9453 I OpenGLRenderer: Initialized EGL, version 1.4
07-21 23:31:35.469  1561  9453 D OpenGLRenderer: Swap behavior 2
07-21 23:31:35.493  3914  3914 I chatty  : uid=11502(org.mozilla.fennec_aurora) expire 46 lines
07-21 23:31:35.563  3914  3934 I chatty  : uid=11502(org.mozilla.fennec_aurora) expire 4 lines
07-21 23:31:35.675  3914  3944 I chatty  : uid=11502(org.mozilla.fennec_aurora) expire 11 lines
07-21 23:31:35.697  3914  3943 I chatty  : uid=11502(org.mozilla.fennec_aurora) expire 15 lines
07-21 23:31:35.714  3914  3947 I chatty  : uid=11502(org.mozilla.fennec_aurora) expire 1 line
07-21 23:31:35.714  3914  3948 I chatty  : uid=11502(org.mozilla.fennec_aurora) expire 19 lines
07-21 23:31:35.929  3914  3946 I chatty  : uid=11502(org.mozilla.fennec_aurora) expire 2 lines
07-21 23:31:36.017  1561  5435 I ActivityManager: START u0 {act=android.intent.action.MAIN cat=[android.intent.category.LAUNCHER] flg=0x10000000 cmp=org.mozilla.fennec_aurora/org.mozilla.fenix.HomeActivity (has extras)} from uid 11502
07-21 23:31:36.060   817   817 D SurfaceFlinger: duplicate layer name: changing Splash Screen org.mozilla.fennec_aurora to Splash Screen org.mozilla.fennec_aurora#1
07-21 23:31:36.068  3914  3982 I chatty  : uid=11502(org.mozilla.fennec_aurora) expire 1 line
07-21 23:31:36.086  3914  3924 I chatty  : uid=11502(org.mozilla.fennec_aurora) expire 1 line
07-21 23:31:36.201  3914  3919 I chatty  : uid=11502(org.mozilla.fennec_aurora) expire 8 lines
07-21 23:31:36.211  1561  7636 I ActivityManager: Start proc 4001:org.mozilla.fennec_aurora:tab0/u0a1502 for service org.mozilla.fennec_aurora/org.mozilla.gecko.process.GeckoChildProcessServices$tab0
07-21 23:31:36.219  3914  3988 I chatty  : uid=11502(org.mozilla.fennec_aurora) expire 1 line
07-21 23:31:36.385  4001  4001 I chatty  : uid=11502(org.mozilla.fennec_aurora) expire 1 line
07-21 23:31:36.389  4001  4020 I chatty  : uid=11502(org.mozilla.fennec_aurora) expire 1 line
07-21 23:31:36.711  3914  4026 I chatty  : uid=11502(org.mozilla.fennec_aurora) expire 10 lines
07-21 23:31:36.713  3914  3914 E ActivityThread: Failed to find provider info for org.mozilla.fennec_aurora.fxa.auth
07-21 23:31:36.818  3914  3979 I chatty  : uid=11502(org.mozilla.fennec_aurora) expire 1 line
07-21 23:31:36.829  3914  4034 I chatty  : uid=11502(org.mozilla.fennec_aurora) expire 9 lines
07-21 23:31:36.868  1561  7636 D ConnectivityService: requestNetwork for uid/pid:11502/3914 NetworkRequest [ TRACK_DEFAULT id=591, [ Capabilities: INTERNET&NOT_RESTRICTED&TRUSTED&NOT_VPN] ]
07-21 23:31:36.871  1561  2182 D Ethernet: got request NetworkRequest [ TRACK_DEFAULT id=591, [ Capabilities: INTERNET&NOT_RESTRICTED&TRUSTED&NOT_VPN] ] with score 60
07-21 23:31:36.873  2420  2420 D PhoneSwitcherNetworkRequstListener: got request NetworkRequest [ TRACK_DEFAULT id=591, [ Capabilities: INTERNET&NOT_RESTRICTED&TRUSTED&NOT_VPN] ] with score 60
07-21 23:31:36.873  1561  2110 D WIFI_UT : got request NetworkRequest [ TRACK_DEFAULT id=591, [ Capabilities: INTERNET&NOT_RESTRICTED&TRUSTED&NOT_VPN] ] with score 60
07-21 23:31:36.873  1561  2110 D WIFI    : got request NetworkRequest [ TRACK_DEFAULT id=591, [ Capabilities: INTERNET&NOT_RESTRICTED&TRUSTED&NOT_VPN] ] with score 60
07-21 23:31:36.920  1561  2309 I WifiService: getDhcpInfo uid=11502
07-21 23:31:37.028   817   817 I SFPerfTracer:      triggers: (rate: 4:1437) (compose: 0:0) (post: 0:1) (render: 0:0) (50:32540 frames) (51:43482)
07-21 23:31:37.028   817   817 D SFPerfTracer:        layers: (3:11) (NavigationBar#0 (0xb2e5f000): 0:4243) (StatusBar#0 (0xb2e62000): 0:10736) (com.android.systemui.ImageWallpaper#0 (0xb2e77000): 0:524)* (com.android.launcher3/com.android.launcher3.CustomizationPanelLauncher#0 (0xb2e6d000): 0:9)- (com.android.launcher3/com.android.launcher3.CustomizationPanelLauncher#1 (0xb2dd1000): 0:12)- (Splash Screen org.mozilla.fennec_aurora#1 (0xb2dd6000): 0:31)- (org.mozilla.fennec_aurora/org.mozilla.fenix.HomeActivity#0 (0xb2e5c000): 0:49)- (com.android.launcher3/com.android.launcher3.CustomizationPanelLauncher#0 (0xb2e6d000): 0:7)* (com.android.launcher3/com.android.launcher3.CustomizationPanelLauncher#1 (0xb2dd1000): 0:10)* (Splash Screen org.mozilla.fennec_aurora#0 (0xb2e5c000): 0:19)- (Splash Screen org.mozilla.fennec_aurora#1 (0xb2dd6000): 18:22) 
07-21 23:31:37.174   817   905 I SFPerfTracer:      triggers: (rate: 0:0) (0 sw vsyncs) (0 skipped) (57:33918 vsyncs) (59:44924)
07-21 23:31:37.410  3914  4048 I chatty  : uid=11502(org.mozilla.fennec_aurora) expire 5 lines
07-21 23:31:37.453  1561  1767 I LaunchCheckinHandler: Displayed org.mozilla.fennec_aurora/org.mozilla.fenix.HomeActivity,wp,ca,1332
07-21 23:31:37.454  2202  2202 I GoogleInputMethodService: GoogleInputMethodService.onFinishInput():3138 
07-21 23:31:37.455  1561  1767 I ActivityManager: Displayed org.mozilla.fennec_aurora/org.mozilla.fenix.HomeActivity: +1s325ms (total +2s179ms)
07-21 23:31:37.455  2202  2202 I GoogleInputMethodService: GoogleInputMethodService.onStartInput():1808 
07-21 23:31:37.482  7733  7733 I MemoryTrimmer: Trimming objects from memory, since app is in the background.
07-21 23:31:37.501  3914  3914 E ActivityThread: Failed to find provider info for org.mozilla.fennec_aurora.fxa.auth
07-21 23:31:37.503  7733  2046 I PBSessionCacheImpl: Deleted sessionId[34011689038247338] from persistence.
07-21 23:31:37.508  7733  7733 I MemoryTrimmer: Trimming objects from memory, since app is in the background.
07-21 23:31:37.527  1561  2309 I WifiService: getWifiEnabledState uid=10073
07-21 23:31:37.539  7733  7853 W SearchServiceCore: Abort, client detached.
07-21 23:31:37.549  3914  3914 E ActivityThread: Failed to find provider info for org.mozilla.fennec_aurora.fxa.auth
07-21 23:31:38.341  3914  3935 I chatty  : uid=11502(org.mozilla.fennec_aurora) expire 2 lines
07-21 23:31:38.350  1561  2127 D ConnectivityService: releasing NetworkRequest [ TRACK_DEFAULT id=591, [ Capabilities: INTERNET&NOT_RESTRICTED&TRUSTED&NOT_VPN] ] (release request)
07-21 23:31:38.380  3914  3914 E ActivityThread: Failed to find provider info for org.mozilla.fennec_aurora.fxa.auth
07-21 23:31:38.498  3914  4068 I chatty  : uid=11502(org.mozilla.fennec_aurora) expire 1 line
07-21 23:31:38.634  3914  3970 I chatty  : uid=11502(org.mozilla.fennec_aurora) expire 28 lines
07-21 23:31:39.233  3914  3914 I chatty  : uid=11502(org.mozilla.fennec_aurora) identical 4 lines
07-21 23:31:39.249  3914  3914 E ActivityThread: Failed to find provider info for org.mozilla.fennec_aurora.fxa.auth
07-21 23:31:41.093  4095  4095 D AndroidRuntime: >>>>>> START com.android.internal.os.RuntimeInit uid 2000 <<<<<<
07-21 23:31:41.111  4095  4095 W app_process: Could not reserve sentinel fault page
07-21 23:31:41.348  4095  4095 I app_process: The ClassLoaderContext is a special shared library.
07-21 23:31:41.438  4095  4095 D AndroidRuntime: Calling main entry com.android.commands.input.Input
07-21 23:31:41.440  4095  4095 I Input   : injectKeyEvent: KeyEvent { action=ACTION_DOWN, keyCode=KEYCODE_HOME, scanCode=0, metaState=0, flags=0x0, repeatCount=0, eventTime=21290343, downTime=21290343, deviceId=-1, source=0x101 }
07-21 23:31:41.444  4095  4095 I Input   : injectKeyEvent: KeyEvent { action=ACTION_UP, keyCode=KEYCODE_HOME, scanCode=0, metaState=0, flags=0x0, repeatCount=0, eventTime=21290343, downTime=21290343, deviceId=-1, source=0x101 }
07-21 23:31:41.451  1561  2004 I ActivityManager: START u0 {act=android.intent.action.MAIN cat=[android.intent.category.HOME] flg=0x10200000 cmp=com.android.launcher3/.CustomizationPanelLauncher (has extras)} from uid 1000
07-21 23:31:41.451   803   852 E ANDR-PERF-RESOURCEQS: Failed to apply optimization [4, 0]
07-21 23:31:41.460  4095  4095 D AndroidRuntime: Shutting down VM
