04-20 22:10:31.134   788  6203 D ACDB-LOADER: ACDB -> send_audio_cal, acdb_id = 62, path = 1, app id = 0x11130, sample rate = 48000
04-20 22:10:31.134   788  6203 D ACDB-LOADER: ACDB -> send_asm_topology
04-20 22:10:31.134   788  6203 D ACDB-LOADER: ACDB -> ACDB_CMD_GET_AUDPROC_STREAM_TOPOLOGY_ID
04-20 22:10:31.134   788  6203 D ACDB-LOADER: ACDB -> send_adm_topology
04-20 22:10:31.134   788  6203 D ACDB-LOADER: ACDB -> ACDB_CMD_GET_AUDPROC_COMMON_TOPOLOGY_ID
04-20 22:10:31.134   788  6203 D ACDB-LOADER: ACDB -> send_audtable
04-20 22:10:31.134   788  6203 D ACDB-LOADER: ACDB -> ACDB_CMD_GET_AUDPROC_COMMON_TABLE_SIZE
04-20 22:10:31.134   788  6203 D ACDB-LOADER: ACDB -> ACDB_CMD_GET_AUDPROC_COMMON_TABLE
04-20 22:10:31.134   788  6203 D ACDB-LOADER: ACDB -> AUDIO_SET_AUDPROC_CAL
04-20 22:10:31.134   788  6203 D ACDB-LOADER: ACDB -> send_audvoltable
04-20 22:10:31.134   788  6203 D ACDB-LOADER: ACDB -> ACDB_CMD_GET_AUDPROC_VOL_STEP_TABLE_SIZE
04-20 22:10:31.134   788  6203 D ACDB-LOADER: ACDB -> ACDB_CMD_GET_AUDPROC_GAIN_DEP_STEP_TABLE, vol index 0
04-20 22:10:31.134   788  6203 D         : Failed to fetch the lookup information of the device 0000003E 
04-20 22:10:31.135   788  6203 D ACDB-LOADER: ACDB -> AUDIO_SET_VOL_CAL cal type = 12
04-20 22:10:31.135   788  6203 D ACDB-LOADER: ACDB -> ACDB_CMD_GET_AUDPROC_STREAM_TABLE_SIZE
04-20 22:10:31.135   788  6203 D ACDB-LOADER: ACDB -> send_audstrmtable
04-20 22:10:31.135   788  6203 D ACDB-LOADER: ACDB -> ACDB_CMD_GET_AUDPROC_STREAM_TABLE_V2
04-20 22:10:31.135   788  6203 D ACDB-LOADER: ACDB -> audstrm_cal->cal_type.cal_data.cal_size = 456
04-20 22:10:31.135   788  6203 D ACDB-LOADER: ACDB -> send_afe_topology
04-20 22:10:31.135   788  6203 D ACDB-LOADER: ACDB -> ACDB_CMD_GET_AFE_TOPOLOGY_ID
04-20 22:10:31.135   788  6203 D ACDB-LOADER: ACDB -> GET_AFE_TOPOLOGY_ID for adcd_id 62, Topology Id 112fb
04-20 22:10:31.135   788  6203 D ACDB-LOADER: ACDB -> send_afe_cal
04-20 22:10:31.135   788  6203 D ACDB-LOADER: ACDB -> ACDB_CMD_GET_AFE_COMMON_TABLE_SIZE
04-20 22:10:31.135   788  6203 D         : Failed to fetch the lookup information of the device 0000003E 
04-20 22:10:31.135   788  6203 E ACDB-LOADER: Error: ACDB_CMD_GET_AFE_COMMON_TABLE_SIZE Returned = -19
04-20 22:10:31.135   788  6203 D ACDB-LOADER: ACDB -> ACDB_CMD_GET_AFE_COMMON_TABLE
04-20 22:10:31.135   788  6203 D         : Failed to fetch the lookup information of the device 0000003E 
04-20 22:10:31.135   788  6203 D ACDB-LOADER: ACDB -> AUDIO_SET_AFE_CAL
04-20 22:10:31.135   788  6203 D ACDB-LOADER: ACDB -> send_hw_delay : acdb_id = 62 path = 1
04-20 22:10:31.135   788  6203 D ACDB-LOADER: ACDB -> ACDB_AVSYNC_INFO: ACDB_CMD_GET_DEVICE_PROPERTY
04-20 22:10:31.136   788  6203 D audio_hw_primary: enable_snd_device: snd_device(120: voice-rec-mic)
04-20 22:10:31.136   788  6203 D audio_route: Apply path: voice-rec-mic
04-20 22:10:31.138   788  6203 V msm8974_platform: platform_get_snd_device_backend_index: enter with device 120
04-20 22:10:31.138   788  6203 E msm8974_platform: platform_get_snd_device_backend_index: BE DAI Name Table is not present
04-20 22:10:31.138   788  6203 V msm8974_platform: platform_get_backend_index:napb: backend port - 5 device - 120 
04-20 22:10:31.138   788  6203 I audio_hw_utils: Set Audio Stream Capture 0 App Type Cfg: app_type 69936, acdb_dev_id 62, sample_rate 48000, snd_device_be_idx -14
04-20 22:10:31.138   788  6203 D audio_hw_primary: enable_audio_route: usecase(9) apply and update mixer path: audio-record
04-20 22:10:31.138   788  6203 D audio_route: Apply path: audio-record
04-20 22:10:31.206  5956  6001 I chatty  : uid=11274(org.mozilla.fennec_aurora) expire 23 lines
04-20 22:10:31.207 17373 17428 I MicroDetectionWorker: onReady
04-20 22:10:31.220  5956  6207 I chatty  : uid=11274(org.mozilla.fennec_aurora) expire 10 lines
04-20 22:10:31.313   808   808 I SFPerfTracer:      triggers: (rate: 86:2030991) (compose: 0:7) (post: 0:19) (render: 0:17) (10:10673487 frames) (11:13500997)
04-20 22:10:31.313   808   808 D SFPerfTracer:        layers: (5:13) (NavigationBar#0 (0xb07df000): 10:1021011) (StatusBar#0 (0xb07e3000): 9:2372388) (com.android.systemui.ImageWallpaper#0 (0xb07e7000): 1:95131) (Sprite#0 (0xb0733000): 0:317)* (DimLayerController/Stack=0#0 (0xb075a000): 0:3866)* (Sprite#1 (0xb077c000): 0:195)* (com.android.launcher3/com.android.launcher3.CustomizationPanelLauncher#0 (0xb0763000): 0:38)- (com.android.launcher3/com.android.launcher3.CustomizationPanelLauncher#1 (0xb0771000): 0:10)- (Splash Screen org.mozilla.fennec_aurora#0 (0xb039b000): 0:19)- (Splash Screen org.mozilla.fennec_aurora#1 (0xb013a000): 0:30)- (org.mozilla.fennec_aurora/org.mozilla.fenix.HomeActivity#0 (0xb039b000): 11:52) (com.android.launcher3/com.android.launcher3.CustomizationPanelLauncher#0 (0xb0763000): 11:15)* (com.android.launcher3/com.android.launcher3.CustomizationPanelLauncher#1 (0xb0771000): 1:4) 
04-20 22:10:31.514  1456  7796 I OpenGLRenderer: Initialized EGL, version 1.4
04-20 22:10:31.514  1456  7796 D OpenGLRenderer: Swap behavior 2
04-20 22:10:31.564  2748  2917 W OpenGLRenderer: Incorrectly called buildLayer on View: ShortcutAndWidgetContainer, destroying layer...
04-20 22:10:31.676  5956  5956 I chatty  : uid=11274(org.mozilla.fennec_aurora) expire 1 line
04-20 22:10:31.678  5956  5984 I chatty  : uid=11274(org.mozilla.fennec_aurora) expire 1 line
04-20 22:10:31.682  5956  5983 I chatty  : uid=11274(org.mozilla.fennec_aurora) expire 6 lines
04-20 22:10:31.709   808   898 I SFPerfTracer:      triggers: (rate: 0:1) (0 sw vsyncs) (0 skipped) (37:6617197 vsyncs) (39:13610154)
04-20 22:10:31.872  1456  1466 I zygote  : NativeAlloc concurrent copying GC freed 52317(3MB) AllocSpace objects, 26(904KB) LOS objects, 37% free, 40MB/64MB, paused 164us total 358.027ms
04-20 22:10:31.946  5956  6001 I chatty  : uid=11274(org.mozilla.fennec_aurora) expire 2 lines
04-20 22:10:32.321  1456  1893 D BatteryService: uevent={POWER_SUPPLY_VOLTAGE_NOW=4309209, POWER_SUPPLY_CHARGE_RATE=Normal, POWER_SUPPLY_HEALTH=Good, POWER_SUPPLY_CURRENT_NOW=151213, POWER_SUPPLY_PRESENT=1, SUBSYSTEM=power_supply, POWER_SUPPLY_TEMP=302, SEQNUM=469676, ACTION=change, POWER_SUPPLY_NAME=battery, POWER_SUPPLY_STATUS=Charging, POWER_SUPPLY_CHARGE_COUNTER=2766882, POWER_SUPPLY_CAPACITY=99, DEVPATH=/devices/soc/qpnp-smbcharger-17/power_supply/battery}
04-20 22:10:32.325  2398  2398 D QtiCarrierConfigHelper: WARNING, no carrier configs on phone Id: 0
04-20 22:10:36.135  1456  2196 I ActivityManager: Force stopping org.mozilla.fennec_aurora appid=11274 user=0: from pid 6218
04-20 22:10:36.135  1456  2196 I ActivityManager: Killing 5956:org.mozilla.fennec_aurora/u0a1274 (adj 700): stop org.mozilla.fennec_aurora
04-20 22:10:36.138  1456  1605 W zygote  : kill(-5956, 9) failed: No such process
04-20 22:10:36.139  6031  6031 I chatty  : uid=11274(org.mozilla.fennec_aurora) expire 1 line
04-20 22:10:36.140  1456  2196 W ActivityManager: Force removing ActivityRecord{804078c u0 org.mozilla.fennec_aurora/org.mozilla.fenix.HomeActivity t64026}: app died, no saved state
04-20 22:10:36.151  1456  2196 I ActivityManager: Killing 6031:org.mozilla.fennec_aurora:tab0/u0a1274 (adj 0): stop org.mozilla.fennec_aurora
04-20 22:10:36.154  1456  1605 W zygote  : kill(-5956, 9) failed: No such process
04-20 22:10:36.163  2398  2398 D CarrierSvcBindHelper: No carrier app for: 0
04-20 22:10:36.164  2398  2398 D CarrierSvcBindHelper: No carrier app for: 1
04-20 22:10:36.169  1456  1605 W zygote  : kill(-5956, 9) failed: No such process
04-20 22:10:36.202  1456  1605 I chatty  : uid=1000(system) ActivityManager identical 5 lines
04-20 22:10:36.211  1456  1673 W ActivityManager: setHasOverlayUi called on unknown pid: 5956
04-20 22:10:36.217  1456  1605 W zygote  : kill(-5956, 9) failed: No such process
04-20 22:10:36.217  1456  1605 I zygote  : Successfully killed process cgroup uid 11274 pid 5956 in 79ms
04-20 22:10:36.217  1456  1605 W zygote  : kill(-6031, 9) failed: No such process
04-20 22:10:36.217  1456  1605 I zygote  : Successfully killed process cgroup uid 11274 pid 6031 in 0ms
04-20 22:10:36.266  1456  2196 I ActivityManager: START u0 {act=android.intent.action.MAIN cat=[android.intent.category.LAUNCHER] flg=0x10000000 cmp=org.mozilla.fennec_aurora/.App} from uid 2000
04-20 22:10:36.267   794   839 E ANDR-PERF-RESOURCEQS: Failed to apply optimization [4, 0]
04-20 22:10:36.287  1456  5027 I ActivityManager: Start proc 6225:org.mozilla.fennec_aurora/u0a1274 for activity org.mozilla.fennec_aurora/.App
04-20 22:10:36.376 17373 17428 I MicroDetectionState: Should stop hotword detection immediately - false
04-20 22:10:36.377 17373 17428 I MicroDetector: Keeping mic open: false
04-20 22:10:36.377 17373 17428 I RecognitionAudioControl: #shutdownAudio [requestId: 3838447544389559805, keepAudioOpen: false, forced: true]
04-20 22:10:36.377 17373 17402 E DeviceStateChecker: DeviceStateChecker cancelled
04-20 22:10:36.377 17373 17428 I RecognitionAudioControl: #internalShutdownAudio [requestId: 3838447544389559805]
04-20 22:10:36.377 17373 17428 I RecognitionAudioControl: #internalShutdownAudio [keepAudioOpen: false, forced: true]
04-20 22:10:36.377 17373 17428 I RecognitionAudioControl: #actualShutdownAudio
04-20 22:10:36.377 17373 17428 I AudioController: #shutdown [requestId=3838447544389559805]
04-20 22:10:36.377 17373 17424 I AudioController: internalShutdown
04-20 22:10:36.377 17373 17426 I MicroRecognitionRunner: Stopping hotword detection.
04-20 22:10:36.427   788  1479 D audio_hw_primary: disable_audio_route: usecase(9) reset and update mixer path: audio-record
04-20 22:10:36.428   788  1479 D audio_hw_primary: disable_snd_device: snd_device(120: voice-rec-mic)
04-20 22:10:36.430  1012  1012 D APM_AudioPolicyManager: stopInput() input 314478, session 314593
04-20 22:10:36.430   788   788 D audio_hw_primary: in_set_parameters: enter: kvpairs=routing=0
04-20 22:10:36.432 17373 17424 I MicrophoneInputStream: mic_close  SR : 16000 CC : 16 SO : 1999
04-20 22:10:36.433 17373 17424 E AudioSource: Stop listening is called on already closed AudioSource
04-20 22:10:36.434 17373 17475 I MicroRecognitionRunner: Detection finished
04-20 22:10:36.464  6225  6225 I chatty  : uid=11274(org.mozilla.fennec_aurora) expire 56 lines
04-20 22:10:36.534  6225  6244 I chatty  : uid=11274(org.mozilla.fennec_aurora) expire 4 lines
04-20 22:10:36.553  1456  1473 D ConnectivityService: requestNetwork for uid/pid:11274/6225 NetworkRequest [ TRACK_DEFAULT id=38505, [ Capabilities: INTERNET&NOT_RESTRICTED&TRUSTED&NOT_VPN] ]
04-20 22:10:36.554  1456  2099 D Ethernet: got request NetworkRequest [ TRACK_DEFAULT id=38505, [ Capabilities: INTERNET&NOT_RESTRICTED&TRUSTED&NOT_VPN] ] with score 0
04-20 22:10:36.554  1456  2054 D WIFI_UT : got request NetworkRequest [ TRACK_DEFAULT id=38505, [ Capabilities: INTERNET&NOT_RESTRICTED&TRUSTED&NOT_VPN] ] with score 0
04-20 22:10:36.555  1456  2054 D WIFI    : got request NetworkRequest [ TRACK_DEFAULT id=38505, [ Capabilities: INTERNET&NOT_RESTRICTED&TRUSTED&NOT_VPN] ] with score 0
04-20 22:10:36.555  2398  2398 D PhoneSwitcherNetworkRequstListener: got request NetworkRequest [ TRACK_DEFAULT id=38505, [ Capabilities: INTERNET&NOT_RESTRICTED&TRUSTED&NOT_VPN] ] with score 0
04-20 22:10:36.564  6225  6255 I chatty  : uid=11274(org.mozilla.fennec_aurora) expire 13 lines
04-20 22:10:36.587  6225  6254 I chatty  : uid=11274(org.mozilla.fennec_aurora) expire 20 lines
04-20 22:10:36.593  6225  6258 I chatty  : uid=11274(org.mozilla.fennec_aurora) expire 19 lines
04-20 22:10:36.673  6225  6271 I chatty  : uid=11274(org.mozilla.fennec_aurora) expire 1 line
04-20 22:10:36.696  1456  1473 I ActivityManager: START u0 {act=android.intent.action.MAIN cat=[android.intent.category.LAUNCHER] flg=0x10000000 cmp=org.mozilla.fennec_aurora/org.mozilla.fenix.HomeActivity (has extras)} from uid 11274
04-20 22:10:36.729   808   808 D SurfaceFlinger: duplicate layer name: changing Splash Screen org.mozilla.fennec_aurora to Splash Screen org.mozilla.fennec_aurora#1
04-20 22:10:36.772  6225  6230 I chatty  : uid=11274(org.mozilla.fennec_aurora) expire 8 lines
04-20 22:10:36.802  1456  2920 I ActivityManager: Start proc 6301:org.mozilla.fennec_aurora:tab0/u0a1274 for service org.mozilla.fennec_aurora/org.mozilla.gecko.process.GeckoChildProcessServices$tab0
04-20 22:10:36.804  6225  6290 I chatty  : uid=11274(org.mozilla.fennec_aurora) expire 2 lines
04-20 22:10:36.952  6301  6301 I chatty  : uid=11274(org.mozilla.fennec_aurora) expire 4 lines
04-20 22:10:36.952  6301  6320 I chatty  : uid=11274(org.mozilla.fennec_aurora) expire 12 lines
04-20 22:10:37.153  6225  6328 I chatty  : uid=11274(org.mozilla.fennec_aurora) expire 9 lines
04-20 22:10:37.396  1456  1673 I LaunchCheckinHandler: Displayed org.mozilla.fennec_aurora/org.mozilla.fenix.HomeActivity,wp,ca,652
04-20 22:10:37.397  1456  1673 I ActivityManager: Displayed org.mozilla.fennec_aurora/org.mozilla.fenix.HomeActivity: +647ms (total +1s116ms)
04-20 22:10:37.427 17373 28304 I PBSessionCacheImpl: Deleted sessionId[76408848338809969] from persistence.
04-20 22:10:37.428 17373 17373 I MemoryTrimmer: Trimming objects from memory, since app is in the background.
04-20 22:10:37.431  1456  1473 I WifiService: getWifiEnabledState uid=10073
04-20 22:10:37.434 17373 17428 I DEBUG   : OpaToSrpTransitionState#onStateChanged#notNullQuery
04-20 22:10:37.434 17373 17428 I DEBUG   : OpaToSrpTransitionState#onStateChanged#notNullQuery
04-20 22:10:37.436 17373 17428 W SearchServiceCore: Abort, client detached.
04-20 22:10:37.436 17373 17428 I chatty  : uid=10073(com.google.android.googlequicksearchbox) EventBus0 identical 1 line
04-20 22:10:37.438 17373 17428 W SearchServiceCore: Abort, client detached.
04-20 22:10:37.601  1456  1473 I ActivityManager: Fully drawn org.mozilla.fennec_aurora/org.mozilla.fenix.HomeActivity: +857ms (total +1s326ms)
04-20 22:10:37.723  6225  6257 I chatty  : uid=11274(org.mozilla.fennec_aurora) expire 1 line
04-20 22:10:37.724  6225  6265 I chatty  : uid=11274(org.mozilla.fennec_aurora) expire 1 line
04-20 22:10:37.724  6225  6268 I chatty  : uid=11274(org.mozilla.fennec_aurora) expire 1 line
04-20 22:10:37.726  6225  6348 I chatty  : uid=11274(org.mozilla.fennec_aurora) expire 2 lines
04-20 22:10:37.731  6225  6349 I chatty  : uid=11274(org.mozilla.fennec_aurora) expire 2 lines
04-20 22:10:37.739  1023  6365 D libc    : Internal error: netid(0), id(0xbdfb), server(0.0.0.0)
04-20 22:10:37.739  1023  6365 D libc    : Internal error: netid(0), id(0xbdfb), server(0.0.0.0)
04-20 22:10:37.740  1023  6365 D libc    : Internal error: netid(0), id(0x6882), server(0.0.0.0)
04-20 22:10:37.740  1023  6365 D libc    : Internal error: netid(0), id(0x6882), server(0.0.0.0)
04-20 22:10:37.740  1023  6373 D libc    : Internal error: netid(0), id(0x9b8d), server(0.0.0.0)
04-20 22:10:37.740  1023  6373 D libc    : Internal error: netid(0), id(0x9b8d), server(0.0.0.0)
04-20 22:10:37.740  1023  6373 D libc    : Internal error: netid(0), id(0x3a9), server(0.0.0.0)
04-20 22:10:37.741  1023  6373 D libc    : Internal error: netid(0), id(0x3a9), server(0.0.0.0)
04-20 22:10:37.744  1023  6374 D libc    : Internal error: netid(0), id(0xe38c), server(0.0.0.0)
04-20 22:10:37.745  1023  6374 D libc    : Internal error: netid(0), id(0xe38c), server(0.0.0.0)
04-20 22:10:37.745  1023  6374 D libc    : Internal error: netid(0), id(0x66e8), server(0.0.0.0)
04-20 22:10:37.745  1023  6374 D libc    : Internal error: netid(0), id(0x66e8), server(0.0.0.0)
04-20 22:10:37.766  6225  6379 I chatty  : uid=11274(org.mozilla.fennec_aurora) expire 1 line
04-20 22:10:38.146   808   808 I SFPerfTracer:      triggers: (rate: 86:2030991) (compose: 0:7) (post: 0:19) (render: 0:17) (13:10673574 frames) (14:13501110)
04-20 22:10:38.146   808   808 D SFPerfTracer:        layers: (3:12) (NavigationBar#0 (0xb07df000): 0:1021021) (StatusBar#0 (0xb07e3000): 0:2372401) (com.android.systemui.ImageWallpaper#0 (0xb07e7000): 0:95132)* (Sprite#0 (0xb0733000): 0:317)* (DimLayerController/Stack=0#0 (0xb075a000): 0:3866)* (Sprite#1 (0xb077c000): 0:195)* (org.mozilla.fennec_aurora/org.mozilla.fenix.HomeActivity#0 (0xb039b000): 0:64)- (com.android.launcher3/com.android.launcher3.CustomizationPanelLauncher#0 (0xb0763000): 0:38)- (com.android.launcher3/com.android.launcher3.CustomizationPanelLauncher#1 (0xb0771000): 0:10)- (Splash Screen org.mozilla.fennec_aurora#0 (0xb039b000): 0:19)- (Splash Screen org.mozilla.fennec_aurora#1 (0xb013a000): 0:31)- (org.mozilla.fennec_aurora/org.mozilla.fenix.HomeActivity#0 (0xb039b000): 14:39) 
04-20 22:10:41.920  6456  6456 D AndroidRuntime: >>>>>> START com.android.internal.os.RuntimeInit uid 2000 <<<<<<
04-20 22:10:41.933  6456  6456 W app_process: Could not reserve sentinel fault page
04-20 22:10:42.099  6456  6456 I app_process: The ClassLoaderContext is a special shared library.
04-20 22:10:42.173  6456  6456 D AndroidRuntime: Calling main entry com.android.commands.input.Input
04-20 22:10:42.174  6456  6456 I Input   : injectKeyEvent: KeyEvent { action=ACTION_DOWN, keyCode=KEYCODE_HOME, scanCode=0, metaState=0, flags=0x0, repeatCount=0, eventTime=19511097454, downTime=19511097454, deviceId=-1, source=0x101 }
04-20 22:10:42.181  6456  6456 I Input   : injectKeyEvent: KeyEvent { action=ACTION_UP, keyCode=KEYCODE_HOME, scanCode=0, metaState=0, flags=0x0, repeatCount=0, eventTime=19511097454, downTime=19511097454, deviceId=-1, source=0x101 }
04-20 22:10:42.188  1456  1941 I ActivityManager: START u0 {act=android.intent.action.MAIN cat=[android.intent.category.HOME] flg=0x10200000 cmp=com.android.launcher3/.CustomizationPanelLauncher (has extras)} from uid 1000
04-20 22:10:42.188   794   839 E ANDR-PERF-RESOURCEQS: Failed to apply optimization [4, 0]
04-20 22:10:42.195  6456  6456 D AndroidRuntime: Shutting down VM
04-20 22:10:42.203  1456  5027 I ActivityManager: moveHomeStack, setupComplete:true
04-20 22:10:42.210 17373 17422 I Adreno  : QUALCOMM build                   : bb5b86c, I77d3059488
04-20 22:10:42.210 17373 17422 I Adreno  : Build Date                       : 06/07/18
04-20 22:10:42.210 17373 17422 I Adreno  : OpenGL ES Shader Compiler Version: EV031.22.00.01_06
04-20 22:10:42.210 17373 17422 I Adreno  : Local Branch                     : 
04-20 22:10:42.210 17373 17422 I Adreno  : Remote Branch                    : refs/tags/AU_LINUX_ANDROID_LA.UM.6.5.R1.08.01.00.312.086
04-20 22:10:42.210 17373 17422 I Adreno  : Remote Branch                    : NONE
04-20 22:10:42.210 17373 17422 I Adreno  : Reconstruct Branch               : NOTHING
04-20 22:10:42.216 17373 17422 D vndksupport: Loading /vendor/lib/hw/gralloc.msm8937.so from current namespace instead of sphal namespace.
04-20 22:10:42.220 17373 17422 I Adreno  : PFP: 0x005ff087, ME: 0x005ff063
04-20 22:10:42.224 17373 17422 I zygote  : android::hardware::configstore::V1_0::ISurfaceFlingerConfigs::hasWideColorDisplay retrieved: 0
04-20 22:10:42.225 17373 17422 I OpenGLRenderer: Initialized EGL, version 1.4
04-20 22:10:42.225 17373 17422 D OpenGLRenderer: Swap behavior 2
04-20 22:10:42.225  2748  2748 D Launcher.Utilities: Wakeup weather: Intent { act=com.motorola.launcher3.action.WAKEUP_WEATHER cmp=com.motorola.timeweatherwidget/com.motorola.commandcenter.weather.WakeUpService }
04-20 22:10:42.239  1456  1456 I NotificationService: Cannot find enqueued record for key: 0|com.motorola.timeweatherwidget|1|null|10116
04-20 22:10:42.241   808   808 D SurfaceFlinger: duplicate layer name: changing com.android.launcher3/com.android.launcher3.CustomizationPanelLauncher to com.android.launcher3/com.android.launcher3.CustomizationPanelLauncher#1
04-20 22:10:42.264 17373 17397 W ThreadPoolDumper: Queue length for executor EventBus is now 11. Perhaps some tasks are too long, or the pool is too small.
04-20 22:10:42.265  1456  2196 I WifiService: getWifiEnabledState uid=10073
04-20 22:10:42.277  1456  2196 I WifiService: getWifiEnabledState uid=10073
04-20 22:10:42.285 17373 17428 I DEBUG   : OpaToSrpTransitionState#onStateChanged#notNullQuery
04-20 22:10:42.286 17373 17428 I DEBUG   : OpaToSrpTransitionState#onStateChanged#notNullQuery
04-20 22:10:42.299 17373 17428 I MicroDetectionState: Should stop hotword detection immediately - false
04-20 22:10:42.302 17373 17428 I MicroDetectionWorker: #startMicroDetector [speakerMode: 0]
04-20 22:10:42.303 17373 17428 I AudioController: Created new AudioSource
04-20 22:10:42.329  1456  1673 I LaunchCheckinHandler: Displayed com.android.launcher3/.CustomizationPanelLauncher,wp,wa,141
04-20 22:10:42.330 17373 17426 I MicroDataManager: isInitializedWithLatestParams-true
04-20 22:10:42.330 17373 17426 I MicroDataManager: isInitializing-false locale not changed-true model not changed-true
04-20 22:10:42.330 17373 17426 I MicroDataManager: Already initialized, obtaining the hotword data immediately.
04-20 22:10:42.334 17373 17402 I MicroRecognitionRunner: Starting detection.
04-20 22:10:42.334 17373 17402 I InputStreamUtils: Using micInputStream
04-20 22:10:42.335 17373 23188 I MicrophoneInputStream: mic_starting  SR : 16000 CC : 16 SO : 1999
04-20 22:10:42.338   788   788 V msm8974_platform: platform_check_input_mask: enter check_input_mask source 6 mask 10
04-20 22:10:42.340  1012  6470 I AudioFlinger: AudioFlinger's thread 0xb2483840 tid=6470 ready to run
04-20 22:10:42.346   788   788 D audio_hw_primary: in_set_parameters: enter: kvpairs=input_source=6;routing=-2147483644
04-20 22:10:42.347  1012 19368 D APM_AudioPolicyManager: AudioPolicyManager::startInput() input 314486, session 314601, source = 1999
04-20 22:10:42.347 17373 23188 I MicrophoneInputStream: mic_started  SR : 16000 CC : 16 SO : 1999
04-20 22:10:42.349   788  6471 V msm8974_platform: platform_update_usecase_from_source: input source :6
04-20 22:10:42.349   788  6471 V msm8974_platform: platform_check_input_mask: enter check_input_mask source 6 mask 10
04-20 22:10:42.349   788  6471 V msm8974_platform: platform_get_input_snd_device: enter: out_device(0) in_device(0x4) channel_count (1) channel_mask (0x10)
04-20 22:10:42.349   788  6471 V msm8974_platform: platform_get_input_snd_device: exit: in_snd_device(voice-rec-mic)
04-20 22:10:42.349   788  6471 V msm8974_platform: platform_get_backend_index:napb: backend port - 5 device - 120 
04-20 22:10:42.350   788  6471 V msm8974_platform: platform_check_and_set_capture_backend_cfg:txbecf: afe: bitwidth 0, samplerate 0, channel 1, backend_idx 5 usecase = 9 device (voice-rec-mic)
04-20 22:10:42.350   788  6471 V msm8974_platform: platform_check_capture_backend_cfg:txbecf: afe: Codec selected backend: 5 current bit width: 0 and sample rate: 0, channels 1
04-20 22:10:42.350   788  6471 V msm8974_platform: platform_check_capture_backend_cfg:txbecf: afe: Codec selected backend: 5 updated bit width: 0 and sample rate: 0
04-20 22:10:42.350   788  6471 I msm8974_platform: platform_check_capture_backend_cfg:txbecf: afe: Codec backend needs to be updated. new bit width: 0 new sample rate: 0 new channel: 1
04-20 22:10:42.350   788  6471 V msm8974_platform: platform_get_backend_index:napb: backend port - 5 device - 120 
04-20 22:10:42.350   788  6471 V msm8974_platform: platform_set_backend_cfg:becf: afe: bitwidth 0, samplerate 0 channels 1, backend_idx 5 device (voice-rec-mic)
04-20 22:10:42.350   788  6471 E msm8974_platform: platform_set_backend_cfg:becf: afe: Could not get ctl for mixer command - SLIM_0_TX Format
04-20 22:10:42.350   788  6471 V msm8974_platform: platform_send_audio_calibration: sending audio calibration for snd_device(120) acdb_id(62)
04-20 22:10:42.350   788  6471 D ACDB-LOADER: ACDB -> send_audio_cal, acdb_id = 62, path = 1, app id = 0x11130, sample rate = 48000
04-20 22:10:42.350   788  6471 D ACDB-LOADER: ACDB -> send_asm_topology
04-20 22:10:42.350   788  6471 D ACDB-LOADER: ACDB -> ACDB_CMD_GET_AUDPROC_STREAM_TOPOLOGY_ID
04-20 22:10:42.351   788  6471 D ACDB-LOADER: ACDB -> send_adm_topology
04-20 22:10:42.351   788  6471 D ACDB-LOADER: ACDB -> ACDB_CMD_GET_AUDPROC_COMMON_TOPOLOGY_ID
04-20 22:10:42.351   788  6471 D ACDB-LOADER: ACDB -> send_audtable
04-20 22:10:42.351   788  6471 D ACDB-LOADER: ACDB -> ACDB_CMD_GET_AUDPROC_COMMON_TABLE_SIZE
04-20 22:10:42.351   788  6471 D ACDB-LOADER: ACDB -> ACDB_CMD_GET_AUDPROC_COMMON_TABLE
04-20 22:10:42.351   788  6471 D ACDB-LOADER: ACDB -> AUDIO_SET_AUDPROC_CAL
04-20 22:10:42.351   788  6471 D ACDB-LOADER: ACDB -> send_audvoltable
04-20 22:10:42.351   788  6471 D ACDB-LOADER: ACDB -> ACDB_CMD_GET_AUDPROC_VOL_STEP_TABLE_SIZE
04-20 22:10:42.351   788  6471 D ACDB-LOADER: ACDB -> ACDB_CMD_GET_AUDPROC_GAIN_DEP_STEP_TABLE, vol index 0
04-20 22:10:42.351   788  6471 D         : Failed to fetch the lookup information of the device 0000003E 
04-20 22:10:42.351   788  6471 D ACDB-LOADER: ACDB -> AUDIO_SET_VOL_CAL cal type = 12
04-20 22:10:42.351   788  6471 D ACDB-LOADER: ACDB -> ACDB_CMD_GET_AUDPROC_STREAM_TABLE_SIZE
04-20 22:10:42.351   788  6471 D ACDB-LOADER: ACDB -> send_audstrmtable
04-20 22:10:42.351   788  6471 D ACDB-LOADER: ACDB -> ACDB_CMD_GET_AUDPROC_STREAM_TABLE_V2
04-20 22:10:42.351   788  6471 D ACDB-LOADER: ACDB -> audstrm_cal->cal_type.cal_data.cal_size = 456
04-20 22:10:42.351   788  6471 D ACDB-LOADER: ACDB -> send_afe_topology
04-20 22:10:42.351   788  6471 D ACDB-LOADER: ACDB -> ACDB_CMD_GET_AFE_TOPOLOGY_ID
04-20 22:10:42.351   788  6471 D ACDB-LOADER: ACDB -> GET_AFE_TOPOLOGY_ID for adcd_id 62, Topology Id 112fb
04-20 22:10:42.351   788  6471 D ACDB-LOADER: ACDB -> send_afe_cal
04-20 22:10:42.351   788  6471 D ACDB-LOADER: ACDB -> ACDB_CMD_GET_AFE_COMMON_TABLE_SIZE
04-20 22:10:42.351   788  6471 D         : Failed to fetch the lookup information of the device 0000003E 
04-20 22:10:42.351   788  6471 E ACDB-LOADER: Error: ACDB_CMD_GET_AFE_COMMON_TABLE_SIZE Returned = -19
04-20 22:10:42.351   788  6471 D ACDB-LOADER: ACDB -> ACDB_CMD_GET_AFE_COMMON_TABLE
04-20 22:10:42.352   788  6471 D         : Failed to fetch the lookup information of the device 0000003E 
04-20 22:10:42.352   788  6471 D ACDB-LOADER: ACDB -> AUDIO_SET_AFE_CAL
04-20 22:10:42.352   788  6471 D ACDB-LOADER: ACDB -> send_hw_delay : acdb_id = 62 path = 1
04-20 22:10:42.352   788  6471 D ACDB-LOADER: ACDB -> ACDB_AVSYNC_INFO: ACDB_CMD_GET_DEVICE_PROPERTY
04-20 22:10:42.352   788  6471 D audio_hw_primary: enable_snd_device: snd_device(120: voice-rec-mic)
04-20 22:10:42.352   788  6471 D audio_route: Apply path: voice-rec-mic
04-20 22:10:42.355   788  6471 V msm8974_platform: platform_get_snd_device_backend_index: enter with device 120
04-20 22:10:42.355   788  6471 E msm8974_platform: platform_get_snd_device_backend_index: BE DAI Name Table is not present
04-20 22:10:42.355   788  6471 V msm8974_platform: platform_get_backend_index:napb: backend port - 5 device - 120 
04-20 22:10:42.355   788  6471 I audio_hw_utils: Set Audio Stream Capture 0 App Type Cfg: app_type 69936, acdb_dev_id 62, sample_rate 48000, snd_device_be_idx -14
04-20 22:10:42.356   788  6471 D audio_hw_primary: enable_audio_route: usecase(9) apply and update mixer path: audio-record
04-20 22:10:42.356   788  6471 D audio_route: Apply path: audio-record
04-20 22:10:42.415  6225  6256 I chatty  : uid=11274(org.mozilla.fennec_aurora) expire 25 lines
04-20 22:10:42.427 17373 17428 I MicroDetectionWorker: onReady
04-20 22:10:42.431  6225  6475 I chatty  : uid=11274(org.mozilla.fennec_aurora) expire 10 lines
04-20 22:10:42.488  2146  2165 I zygote  : NativeAlloc concurrent copying GC freed 21528(1141KB) AllocSpace objects, 0(0B) LOS objects, 49% free, 10MB/20MB, paused 203us total 151.043ms
04-20 22:10:42.726  1456  7796 I OpenGLRenderer: Initialized EGL, version 1.4
04-20 22:10:42.726  1456  7796 D OpenGLRenderer: Swap behavior 2
04-20 22:10:42.775  2748  2917 W OpenGLRenderer: Incorrectly called buildLayer on View: ShortcutAndWidgetContainer, destroying layer...
04-20 22:10:42.897  6225  6385 I chatty  : uid=11274(org.mozilla.fennec_aurora) expire 1 line
04-20 22:10:42.921   808   898 I SFPerfTracer:      triggers: (rate: 0:1) (0 sw vsyncs) (0 skipped) (37:6617307 vsyncs) (39:13610288)
04-20 22:10:47.353  1456  1473 I ActivityManager: Force stopping org.mozilla.fennec_aurora appid=11274 user=0: from pid 6483
04-20 22:10:47.353  1456  1473 I ActivityManager: Killing 6225:org.mozilla.fennec_aurora/u0a1274 (adj 700): stop org.mozilla.fennec_aurora
04-20 22:10:47.356  1456  1605 W zygote  : kill(-6225, 9) failed: No such process
04-20 22:10:47.358  1456  1473 W ActivityManager: Force removing ActivityRecord{e856f98 u0 org.mozilla.fennec_aurora/org.mozilla.fenix.HomeActivity t64028}: app died, no saved state
04-20 22:10:47.367  1456  1473 I ActivityManager: Killing 6301:org.mozilla.fennec_aurora:tab0/u0a1274 (adj 0): stop org.mozilla.fennec_aurora
04-20 22:10:47.369  1456  1605 W zygote  : kill(-6225, 9) failed: No such process
04-20 22:10:47.380  2398  2398 D CarrierSvcBindHelper: No carrier app for: 0
04-20 22:10:47.381  2398  2398 D CarrierSvcBindHelper: No carrier app for: 1
04-20 22:10:47.384  1456  1605 W zygote  : kill(-6225, 9) failed: No such process
04-20 22:10:47.424  1456  4797 D ConnectivityService: ConnectivityService NetworkRequestInfo binderDied(NetworkRequest [ TRACK_DEFAULT id=38505, [ Capabilities: INTERNET&NOT_RESTRICTED&TRUSTED&NOT_VPN] ], android.os.BinderProxy@3f0a17)
04-20 22:10:47.424  1456  1673 W ActivityManager: setHasOverlayUi called on unknown pid: 6225
04-20 22:10:47.424  1456  2067 D ConnectivityService: releasing NetworkRequest [ TRACK_DEFAULT id=38505, [ Capabilities: INTERNET&NOT_RESTRICTED&TRUSTED&NOT_VPN] ] (release request)
04-20 22:10:47.430  1456  1605 W zygote  : kill(-6225, 9) failed: No such process
04-20 22:10:47.430  1456  1605 I zygote  : Successfully killed process cgroup uid 11274 pid 6225 in 73ms
04-20 22:10:47.430  1456  1605 W zygote  : kill(-6301, 9) failed: No such process
04-20 22:10:47.430  1456  1605 I zygote  : Successfully killed process cgroup uid 11274 pid 6301 in 0ms
04-20 22:10:47.484  1456  6339 I ActivityManager: START u0 {act=android.intent.action.MAIN cat=[android.intent.category.LAUNCHER] flg=0x10000000 cmp=org.mozilla.fennec_aurora/.App} from uid 2000
04-20 22:10:47.485   794   839 E ANDR-PERF-RESOURCEQS: Failed to apply optimization [4, 0]
04-20 22:10:47.506  1456  5907 I ActivityManager: Start proc 6490:org.mozilla.fennec_aurora/u0a1274 for activity org.mozilla.fennec_aurora/.App
04-20 22:10:47.593 17373 17428 I MicroDetectionState: Should stop hotword detection immediately - false
04-20 22:10:47.593 17373 17428 I MicroDetector: Keeping mic open: false
04-20 22:10:47.593 17373 17475 E DeviceStateChecker: DeviceStateChecker cancelled
04-20 22:10:47.593 17373 17428 I RecognitionAudioControl: #shutdownAudio [requestId: -8839631038684102229, keepAudioOpen: false, forced: true]
04-20 22:10:47.593 17373 17428 I RecognitionAudioControl: #internalShutdownAudio [requestId: -8839631038684102229]
04-20 22:10:47.593 17373 17428 I RecognitionAudioControl: #internalShutdownAudio [keepAudioOpen: false, forced: true]
04-20 22:10:47.593 17373 17428 I RecognitionAudioControl: #actualShutdownAudio
04-20 22:10:47.593 17373 17428 I AudioController: #shutdown [requestId=-8839631038684102229]
04-20 22:10:47.594 17373 17395 I AudioController: internalShutdown
04-20 22:10:47.594 17373 17392 I MicroRecognitionRunner: Stopping hotword detection.
04-20 22:10:47.646   788   788 D audio_hw_primary: disable_audio_route: usecase(9) reset and update mixer path: audio-record
04-20 22:10:47.647   788   788 D audio_hw_primary: disable_snd_device: snd_device(120: voice-rec-mic)
04-20 22:10:47.648  1012 13178 D APM_AudioPolicyManager: stopInput() input 314486, session 314601
04-20 22:10:47.648   788  1479 D audio_hw_primary: in_set_parameters: enter: kvpairs=routing=0
04-20 22:10:47.651 17373 17395 I MicrophoneInputStream: mic_close  SR : 16000 CC : 16 SO : 1999
04-20 22:10:47.651 17373 17395 E AudioSource: Stop listening is called on already closed AudioSource
04-20 22:10:47.652 17373 17402 I MicroRecognitionRunner: Detection finished
04-20 22:10:47.678  6490  6490 I chatty  : uid=11274(org.mozilla.fennec_aurora) expire 16 lines
04-20 22:10:47.748  6490  6509 I chatty  : uid=11274(org.mozilla.fennec_aurora) expire 4 lines
04-20 22:10:47.774  6490  6517 I chatty  : uid=11274(org.mozilla.fennec_aurora) expire 11 lines
04-20 22:10:47.799  6490  6516 I chatty  : uid=11274(org.mozilla.fennec_aurora) expire 10 lines
04-20 22:10:47.804  6490  6521 I chatty  : uid=11274(org.mozilla.fennec_aurora) expire 19 lines
04-20 22:10:47.867  6490  6490 I chatty  : uid=11274(org.mozilla.fennec_aurora) expire 40 lines
04-20 22:10:47.885  6490  6517 I chatty  : uid=11274(org.mozilla.fennec_aurora) expire 2 lines
04-20 22:10:47.893  6490  6516 I chatty  : uid=11274(org.mozilla.fennec_aurora) expire 10 lines
04-20 22:10:47.904  6490  6531 I chatty  : uid=11274(org.mozilla.fennec_aurora) expire 1 line
04-20 22:10:47.925  1456 10366 I ActivityManager: START u0 {act=android.intent.action.MAIN cat=[android.intent.category.LAUNCHER] flg=0x10000000 cmp=org.mozilla.fennec_aurora/org.mozilla.fenix.HomeActivity (has extras)} from uid 11274
04-20 22:10:47.954   808   808 D SurfaceFlinger: duplicate layer name: changing Splash Screen org.mozilla.fennec_aurora to Splash Screen org.mozilla.fennec_aurora#1
04-20 22:10:47.955  6490  6495 I chatty  : uid=11274(org.mozilla.fennec_aurora) expire 8 lines
04-20 22:10:48.010  1456  6339 I ActivityManager: Start proc 6560:org.mozilla.fennec_aurora:tab0/u0a1274 for service org.mozilla.fennec_aurora/org.mozilla.gecko.process.GeckoChildProcessServices$tab0
04-20 22:10:48.016  6490  6547 I chatty  : uid=11274(org.mozilla.fennec_aurora) expire 2 lines
04-20 22:10:48.156  6560  6560 I chatty  : uid=11274(org.mozilla.fennec_aurora) expire 4 lines
04-20 22:10:48.157  6560  6584 I chatty  : uid=11274(org.mozilla.fennec_aurora) expire 12 lines
04-20 22:10:48.393  6490  6590 I chatty  : uid=11274(org.mozilla.fennec_aurora) expire 9 lines
04-20 22:10:48.619  1456  1673 I LaunchCheckinHandler: Displayed org.mozilla.fennec_aurora/org.mozilla.fenix.HomeActivity,wp,ca,644
04-20 22:10:48.620  1456  1673 I ActivityManager: Displayed org.mozilla.fennec_aurora/org.mozilla.fenix.HomeActivity: +635ms (total +1s117ms)
04-20 22:10:48.644 17373 23188 I PBSessionCacheImpl: Deleted sessionId[76408848338809974] from persistence.
04-20 22:10:48.644 17373 17373 I MemoryTrimmer: Trimming objects from memory, since app is in the background.
04-20 22:10:48.647  1456  5907 I WifiService: getWifiEnabledState uid=10073
04-20 22:10:48.650 17373 17428 I DEBUG   : OpaToSrpTransitionState#onStateChanged#notNullQuery
04-20 22:10:48.650 17373 17428 I DEBUG   : OpaToSrpTransitionState#onStateChanged#notNullQuery
04-20 22:10:48.653 17373 17428 W SearchServiceCore: Abort, client detached.
04-20 22:10:48.653 17373 17428 I chatty  : uid=10073(com.google.android.googlequicksearchbox) EventBus0 identical 1 line
04-20 22:10:48.655 17373 17428 W SearchServiceCore: Abort, client detached.
04-20 22:10:48.789   808   808 I SFPerfTracer:      triggers: (rate: 86:2030992) (compose: 0:7) (post: 0:19) (render: 0:17) (6:10673647 frames) (7:13501211)
04-20 22:10:48.789   808   808 D SFPerfTracer:        layers: (4:12) (NavigationBar#0 (0xb07df000): 0:1021042) (StatusBar#0 (0xb07e3000): 0:2372423) (com.android.systemui.ImageWallpaper#0 (0xb07e7000): 0:95134)* (Sprite#0 (0xb0733000): 0:317)* (DimLayerController/Stack=0#0 (0xb075a000): 0:3866)* (Sprite#1 (0xb077c000): 0:195)* (org.mozilla.fennec_aurora/org.mozilla.fenix.HomeActivity#0 (0xb039b000): 0:65)- (com.android.launcher3/com.android.launcher3.CustomizationPanelLauncher#0 (0xb0763000): 0:38)- (com.android.launcher3/com.android.launcher3.CustomizationPanelLauncher#1 (0xb0771000): 0:10)- (Splash Screen org.mozilla.fennec_aurora#0 (0xb039b000): 0:19)- (Splash Screen org.mozilla.fennec_aurora#1 (0xb013a000): 7:29) (org.mozilla.fennec_aurora/org.mozilla.fenix.HomeActivity#0 (0xb039b000): 7:12) 
04-20 22:10:48.830  1456  6339 I ActivityManager: Fully drawn org.mozilla.fennec_aurora/org.mozilla.fenix.HomeActivity: +855ms (total +1s337ms)
04-20 22:10:48.928  6490  6610 I chatty  : uid=11274(org.mozilla.fennec_aurora) expire 2 lines
04-20 22:10:48.929  6490  6520 I chatty  : uid=11274(org.mozilla.fennec_aurora) expire 1 line
04-20 22:10:48.930  6490  6534 I chatty  : uid=11274(org.mozilla.fennec_aurora) expire 26 lines
04-20 22:10:48.931  6490  6535 I chatty  : uid=11274(org.mozilla.fennec_aurora) expire 1 line
04-20 22:10:48.932  6490  6611 I chatty  : uid=11274(org.mozilla.fennec_aurora) expire 2 lines
04-20 22:10:48.945  1023  6635 D libc    : Internal error: netid(0), id(0x5190), server(0.0.0.0)
04-20 22:10:48.945  1023  6635 D libc    : Internal error: netid(0), id(0x5190), server(0.0.0.0)
04-20 22:10:48.945  1023  6635 D libc    : Internal error: netid(0), id(0x8fb3), server(0.0.0.0)
04-20 22:10:48.945  1023  6635 D libc    : Internal error: netid(0), id(0x8fb3), server(0.0.0.0)
04-20 22:10:48.946  1023  6630 D libc    : Internal error: netid(0), id(0x1aa9), server(0.0.0.0)
04-20 22:10:48.946  1023  6630 D libc    : Internal error: netid(0), id(0x1aa9), server(0.0.0.0)
04-20 22:10:48.946  1023  6630 D libc    : Internal error: netid(0), id(0xcee4), server(0.0.0.0)
04-20 22:10:48.947  1023  6630 D libc    : Internal error: netid(0), id(0xcee4), server(0.0.0.0)
04-20 22:10:48.948  1023  6638 D libc    : Internal error: netid(0), id(0x690), server(0.0.0.0)
04-20 22:10:48.948  1023  6638 D libc    : Internal error: netid(0), id(0x690), server(0.0.0.0)
04-20 22:10:48.949  1023  6638 D libc    : Internal error: netid(0), id(0x77f0), server(0.0.0.0)
04-20 22:10:48.949  1023  6638 D libc    : Internal error: netid(0), id(0x77f0), server(0.0.0.0)
04-20 22:10:48.971  6490  6642 I chatty  : uid=11274(org.mozilla.fennec_aurora) expire 1 line
04-20 22:10:53.155  6725  6725 D AndroidRuntime: >>>>>> START com.android.internal.os.RuntimeInit uid 2000 <<<<<<
04-20 22:10:53.168  6725  6725 W app_process: Could not reserve sentinel fault page
04-20 22:10:53.336  6725  6725 I app_process: The ClassLoaderContext is a special shared library.
04-20 22:10:53.402  6725  6725 D AndroidRuntime: Calling main entry com.android.commands.input.Input
04-20 22:10:53.411  6725  6725 I Input   : injectKeyEvent: KeyEvent { action=ACTION_DOWN, keyCode=KEYCODE_HOME, scanCode=0, metaState=0, flags=0x0, repeatCount=0, eventTime=19511108690, downTime=19511108690, deviceId=-1, source=0x101 }
04-20 22:10:53.418  6725  6725 I Input   : injectKeyEvent: KeyEvent { action=ACTION_UP, keyCode=KEYCODE_HOME, scanCode=0, metaState=0, flags=0x0, repeatCount=0, eventTime=19511108690, downTime=19511108690, deviceId=-1, source=0x101 }
04-20 22:10:53.424  1456  1941 I ActivityManager: START u0 {act=android.intent.action.MAIN cat=[android.intent.category.HOME] flg=0x10200000 cmp=com.android.launcher3/.CustomizationPanelLauncher (has extras)} from uid 1000
04-20 22:10:53.425   794   839 E ANDR-PERF-RESOURCEQS: Failed to apply optimization [4, 0]
04-20 22:10:53.431  6725  6725 D AndroidRuntime: Shutting down VM
04-20 22:10:53.439  1456  5907 I ActivityManager: moveHomeStack, setupComplete:true
04-20 22:10:53.453 17373 17422 I Adreno  : QUALCOMM build                   : bb5b86c, I77d3059488
04-20 22:10:53.453 17373 17422 I Adreno  : Build Date                       : 06/07/18
04-20 22:10:53.453 17373 17422 I Adreno  : OpenGL ES Shader Compiler Version: EV031.22.00.01_06
04-20 22:10:53.453 17373 17422 I Adreno  : Local Branch                     : 
04-20 22:10:53.453 17373 17422 I Adreno  : Remote Branch                    : refs/tags/AU_LINUX_ANDROID_LA.UM.6.5.R1.08.01.00.312.086
04-20 22:10:53.453 17373 17422 I Adreno  : Remote Branch                    : NONE
04-20 22:10:53.453 17373 17422 I Adreno  : Reconstruct Branch               : NOTHING
04-20 22:10:53.457 17373 17422 D vndksupport: Loading /vendor/lib/hw/gralloc.msm8937.so from current namespace instead of sphal namespace.
04-20 22:10:53.461  2748  2748 D Launcher.Utilities: Wakeup weather: Intent { act=com.motorola.launcher3.action.WAKEUP_WEATHER cmp=com.motorola.timeweatherwidget/com.motorola.commandcenter.weather.WakeUpService }
04-20 22:10:53.462 17373 17422 I Adreno  : PFP: 0x005ff087, ME: 0x005ff063
04-20 22:10:53.467 17373 17422 I zygote  : android::hardware::configstore::V1_0::ISurfaceFlingerConfigs::hasWideColorDisplay retrieved: 0
04-20 22:10:53.468 17373 17422 I OpenGLRenderer: Initialized EGL, version 1.4
04-20 22:10:53.468 17373 17422 D OpenGLRenderer: Swap behavior 2
04-20 22:10:53.473  1456  1456 I NotificationService: Cannot find enqueued record for key: 0|com.motorola.timeweatherwidget|1|null|10116
04-20 22:10:53.479   808   808 D SurfaceFlinger: duplicate layer name: changing com.android.launcher3/com.android.launcher3.CustomizationPanelLauncher to com.android.launcher3/com.android.launcher3.CustomizationPanelLauncher#1
04-20 22:10:53.502 17373 17393 W ThreadPoolDumper: Queue length for executor EventBus is now 11. Perhaps some tasks are too long, or the pool is too small.
04-20 22:10:53.504  1456  7556 I WifiService: getWifiEnabledState uid=10073
04-20 22:10:53.513  1456  7556 I WifiService: getWifiEnabledState uid=10073
04-20 22:10:53.528 17373 17428 I DEBUG   : OpaToSrpTransitionState#onStateChanged#notNullQuery
04-20 22:10:53.529 17373 17428 I DEBUG   : OpaToSrpTransitionState#onStateChanged#notNullQuery
04-20 22:10:53.542 17373 17428 I MicroDetectionState: Should stop hotword detection immediately - false
04-20 22:10:53.546 17373 17428 I MicroDetectionWorker: #startMicroDetector [speakerMode: 0]
04-20 22:10:53.547 17373 17428 I AudioController: Created new AudioSource
04-20 22:10:53.576  1456  1673 I LaunchCheckinHandler: Displayed com.android.launcher3/.CustomizationPanelLauncher,wp,wa,152
04-20 22:10:53.576 17373 17392 I MicroDataManager: isInitializedWithLatestParams-true
04-20 22:10:53.577 17373 17392 I MicroDataManager: isInitializing-false locale not changed-true model not changed-true
04-20 22:10:53.577 17373 17392 I MicroDataManager: Already initialized, obtaining the hotword data immediately.
04-20 22:10:53.582 17373 17475 I MicroRecognitionRunner: Starting detection.
04-20 22:10:53.582 17373 17475 I InputStreamUtils: Using micInputStream
04-20 22:10:53.583 17373 23188 I MicrophoneInputStream: mic_starting  SR : 16000 CC : 16 SO : 1999
04-20 22:10:53.586   788  1479 V msm8974_platform: platform_check_input_mask: enter check_input_mask source 6 mask 10
04-20 22:10:53.589  1012  6739 I AudioFlinger: AudioFlinger's thread 0xb24834c0 tid=6739 ready to run
04-20 22:10:53.595   788  1479 D audio_hw_primary: in_set_parameters: enter: kvpairs=input_source=6;routing=-2147483644
04-20 22:10:53.596  1012  1012 D APM_AudioPolicyManager: AudioPolicyManager::startInput() input 314494, session 314609, source = 1999
04-20 22:10:53.596 17373 23188 I MicrophoneInputStream: mic_started  SR : 16000 CC : 16 SO : 1999
04-20 22:10:53.599   788  6740 V msm8974_platform: platform_update_usecase_from_source: input source :6
04-20 22:10:53.599   788  6740 V msm8974_platform: platform_check_input_mask: enter check_input_mask source 6 mask 10
04-20 22:10:53.599   788  6740 V msm8974_platform: platform_get_input_snd_device: enter: out_device(0) in_device(0x4) channel_count (1) channel_mask (0x10)
04-20 22:10:53.599   788  6740 V msm8974_platform: platform_get_input_snd_device: exit: in_snd_device(voice-rec-mic)
04-20 22:10:53.599   788  6740 V msm8974_platform: platform_get_backend_index:napb: backend port - 5 device - 120 
04-20 22:10:53.599   788  6740 V msm8974_platform: platform_check_and_set_capture_backend_cfg:txbecf: afe: bitwidth 0, samplerate 0, channel 1, backend_idx 5 usecase = 9 device (voice-rec-mic)
04-20 22:10:53.599   788  6740 V msm8974_platform: platform_check_capture_backend_cfg:txbecf: afe: Codec selected backend: 5 current bit width: 0 and sample rate: 0, channels 1
04-20 22:10:53.599   788  6740 V msm8974_platform: platform_check_capture_backend_cfg:txbecf: afe: Codec selected backend: 5 updated bit width: 0 and sample rate: 0
04-20 22:10:53.600   788  6740 I msm8974_platform: platform_check_capture_backend_cfg:txbecf: afe: Codec backend needs to be updated. new bit width: 0 new sample rate: 0 new channel: 1
04-20 22:10:53.600   788  6740 V msm8974_platform: platform_get_backend_index:napb: backend port - 5 device - 120 
04-20 22:10:53.600   788  6740 V msm8974_platform: platform_set_backend_cfg:becf: afe: bitwidth 0, samplerate 0 channels 1, backend_idx 5 device (voice-rec-mic)
04-20 22:10:53.600   788  6740 E msm8974_platform: platform_set_backend_cfg:becf: afe: Could not get ctl for mixer command - SLIM_0_TX Format
04-20 22:10:53.600   788  6740 V msm8974_platform: platform_send_audio_calibration: sending audio calibration for snd_device(120) acdb_id(62)
04-20 22:10:53.600   788  6740 D ACDB-LOADER: ACDB -> send_audio_cal, acdb_id = 62, path = 1, app id = 0x11130, sample rate = 48000
04-20 22:10:53.600   788  6740 D ACDB-LOADER: ACDB -> send_asm_topology
04-20 22:10:53.601   788  6740 D ACDB-LOADER: ACDB -> ACDB_CMD_GET_AUDPROC_STREAM_TOPOLOGY_ID
04-20 22:10:53.601   788  6740 D ACDB-LOADER: ACDB -> send_adm_topology
04-20 22:10:53.601   788  6740 D ACDB-LOADER: ACDB -> ACDB_CMD_GET_AUDPROC_COMMON_TOPOLOGY_ID
04-20 22:10:53.601   788  6740 D ACDB-LOADER: ACDB -> send_audtable
04-20 22:10:53.601   788  6740 D ACDB-LOADER: ACDB -> ACDB_CMD_GET_AUDPROC_COMMON_TABLE_SIZE
04-20 22:10:53.601   788  6740 D ACDB-LOADER: ACDB -> ACDB_CMD_GET_AUDPROC_COMMON_TABLE
04-20 22:10:53.601   788  6740 D ACDB-LOADER: ACDB -> AUDIO_SET_AUDPROC_CAL
04-20 22:10:53.601   788  6740 D ACDB-LOADER: ACDB -> send_audvoltable
04-20 22:10:53.601   788  6740 D ACDB-LOADER: ACDB -> ACDB_CMD_GET_AUDPROC_VOL_STEP_TABLE_SIZE
04-20 22:10:53.601   788  6740 D ACDB-LOADER: ACDB -> ACDB_CMD_GET_AUDPROC_GAIN_DEP_STEP_TABLE, vol index 0
04-20 22:10:53.601   788  6740 D         : Failed to fetch the lookup information of the device 0000003E 
04-20 22:10:53.601   788  6740 D ACDB-LOADER: ACDB -> AUDIO_SET_VOL_CAL cal type = 12
04-20 22:10:53.601   788  6740 D ACDB-LOADER: ACDB -> ACDB_CMD_GET_AUDPROC_STREAM_TABLE_SIZE
04-20 22:10:53.601   788  6740 D ACDB-LOADER: ACDB -> send_audstrmtable
04-20 22:10:53.601   788  6740 D ACDB-LOADER: ACDB -> ACDB_CMD_GET_AUDPROC_STREAM_TABLE_V2
04-20 22:10:53.601   788  6740 D ACDB-LOADER: ACDB -> audstrm_cal->cal_type.cal_data.cal_size = 456
04-20 22:10:53.601   788  6740 D ACDB-LOADER: ACDB -> send_afe_topology
04-20 22:10:53.601   788  6740 D ACDB-LOADER: ACDB -> ACDB_CMD_GET_AFE_TOPOLOGY_ID
04-20 22:10:53.602   788  6740 D ACDB-LOADER: ACDB -> GET_AFE_TOPOLOGY_ID for adcd_id 62, Topology Id 112fb
04-20 22:10:53.602   788  6740 D ACDB-LOADER: ACDB -> send_afe_cal
04-20 22:10:53.602   788  6740 D ACDB-LOADER: ACDB -> ACDB_CMD_GET_AFE_COMMON_TABLE_SIZE
04-20 22:10:53.602   788  6740 D         : Failed to fetch the lookup information of the device 0000003E 
04-20 22:10:53.602   788  6740 E ACDB-LOADER: Error: ACDB_CMD_GET_AFE_COMMON_TABLE_SIZE Returned = -19
04-20 22:10:53.602   788  6740 D ACDB-LOADER: ACDB -> ACDB_CMD_GET_AFE_COMMON_TABLE
04-20 22:10:53.602   788  6740 D         : Failed to fetch the lookup information of the device 0000003E 
04-20 22:10:53.602   788  6740 D ACDB-LOADER: ACDB -> AUDIO_SET_AFE_CAL
04-20 22:10:53.602   788  6740 D ACDB-LOADER: ACDB -> send_hw_delay : acdb_id = 62 path = 1
04-20 22:10:53.602   788  6740 D ACDB-LOADER: ACDB -> ACDB_AVSYNC_INFO: ACDB_CMD_GET_DEVICE_PROPERTY
04-20 22:10:53.602   788  6740 D audio_hw_primary: enable_snd_device: snd_device(120: voice-rec-mic)
04-20 22:10:53.602   788  6740 D audio_route: Apply path: voice-rec-mic
04-20 22:10:53.606   788  6740 V msm8974_platform: platform_get_snd_device_backend_index: enter with device 120
04-20 22:10:53.606   788  6740 E msm8974_platform: platform_get_snd_device_backend_index: BE DAI Name Table is not present
04-20 22:10:53.606   788  6740 V msm8974_platform: platform_get_backend_index:napb: backend port - 5 device - 120 
04-20 22:10:53.606   788  6740 I audio_hw_utils: Set Audio Stream Capture 0 App Type Cfg: app_type 69936, acdb_dev_id 62, sample_rate 48000, snd_device_be_idx -14
04-20 22:10:53.606   788  6740 D audio_hw_primary: enable_audio_route: usecase(9) apply and update mixer path: audio-record
04-20 22:10:53.606   788  6740 D audio_route: Apply path: audio-record
04-20 22:10:53.649  6490  6744 I chatty  : uid=11274(org.mozilla.fennec_aurora) expire 10 lines
04-20 22:10:53.676 17373 17428 I MicroDetectionWorker: onReady
04-20 22:10:53.970  1456  7796 I OpenGLRenderer: Initialized EGL, version 1.4
04-20 22:10:53.970  1456  7796 D OpenGLRenderer: Swap behavior 2
04-20 22:10:54.021  2748  2917 W OpenGLRenderer: Incorrectly called buildLayer on View: ShortcutAndWidgetContainer, destroying layer...
04-20 22:10:54.134  6490  6519 I chatty  : uid=11274(org.mozilla.fennec_aurora) expire 1 line
04-20 22:10:54.166   808   898 I SFPerfTracer:      triggers: (rate: 0:1) (0 sw vsyncs) (0 skipped) (37:6617414 vsyncs) (39:13610418)
04-20 22:10:54.328  1456  1466 I zygote  : NativeAlloc concurrent copying GC freed 50418(3MB) AllocSpace objects, 26(904KB) LOS objects, 37% free, 40MB/64MB, paused 160us total 358.338ms
04-20 22:10:58.592  1456 10366 I ActivityManager: Force stopping org.mozilla.fennec_aurora appid=11274 user=0: from pid 6752
04-20 22:10:58.592  1456 10366 I ActivityManager: Killing 6490:org.mozilla.fennec_aurora/u0a1274 (adj 700): stop org.mozilla.fennec_aurora
04-20 22:10:58.595  1456  1605 W zygote  : kill(-6490, 9) failed: No such process
04-20 22:10:58.597  1456 10366 W ActivityManager: Force removing ActivityRecord{ddb5ff7 u0 org.mozilla.fennec_aurora/org.mozilla.fenix.HomeActivity t64030}: app died, no saved state
04-20 22:10:58.606  1456 10366 I ActivityManager: Killing 6560:org.mozilla.fennec_aurora:tab0/u0a1274 (adj 0): stop org.mozilla.fennec_aurora
