03-03 22:07:46.025  3111  7185 I MicrophoneInputStream: mic_started  SR : 16000 CC : 16 SO : 1999
03-03 22:07:46.026   788 11488 V msm8974_platform: platform_update_usecase_from_source: input source :6
03-03 22:07:46.026   788 11488 V msm8974_platform: platform_check_input_mask: enter check_input_mask source 6 mask 10
03-03 22:07:46.026   788 11488 V msm8974_platform: platform_get_input_snd_device: enter: out_device(0) in_device(0x4) channel_count (1) channel_mask (0x10)
03-03 22:07:46.026   788 11488 V msm8974_platform: platform_get_input_snd_device: exit: in_snd_device(voice-rec-mic)
03-03 22:07:46.026   788 11488 V msm8974_platform: platform_get_backend_index:napb: backend port - 5 device - 120 
03-03 22:07:46.026   788 11488 V msm8974_platform: platform_check_and_set_capture_backend_cfg:txbecf: afe: bitwidth 0, samplerate 0, channel 1, backend_idx 5 usecase = 9 device (voice-rec-mic)
03-03 22:07:46.026   788 11488 V msm8974_platform: platform_check_capture_backend_cfg:txbecf: afe: Codec selected backend: 5 current bit width: 0 and sample rate: 0, channels 1
03-03 22:07:46.026   788 11488 V msm8974_platform: platform_check_capture_backend_cfg:txbecf: afe: Codec selected backend: 5 updated bit width: 0 and sample rate: 0
03-03 22:07:46.026   788 11488 I msm8974_platform: platform_check_capture_backend_cfg:txbecf: afe: Codec backend needs to be updated. new bit width: 0 new sample rate: 0 new channel: 1
03-03 22:07:46.026   788 11488 V msm8974_platform: platform_get_backend_index:napb: backend port - 5 device - 120 
03-03 22:07:46.026   788 11488 V msm8974_platform: platform_set_backend_cfg:becf: afe: bitwidth 0, samplerate 0 channels 1, backend_idx 5 device (voice-rec-mic)
03-03 22:07:46.027   788 11488 E msm8974_platform: platform_set_backend_cfg:becf: afe: Could not get ctl for mixer command - SLIM_0_TX Format
03-03 22:07:46.027   788 11488 V msm8974_platform: platform_send_audio_calibration: sending audio calibration for snd_device(120) acdb_id(62)
03-03 22:07:46.027   788 11488 D ACDB-LOADER: ACDB -> send_audio_cal, acdb_id = 62, path = 1, app id = 0x11130, sample rate = 48000
03-03 22:07:46.027   788 11488 D ACDB-LOADER: ACDB -> send_asm_topology
03-03 22:07:46.027   788 11488 D ACDB-LOADER: ACDB -> ACDB_CMD_GET_AUDPROC_STREAM_TOPOLOGY_ID
03-03 22:07:46.027   788 11488 D ACDB-LOADER: ACDB -> send_adm_topology
03-03 22:07:46.027   788 11488 D ACDB-LOADER: ACDB -> ACDB_CMD_GET_AUDPROC_COMMON_TOPOLOGY_ID
03-03 22:07:46.027   788 11488 D ACDB-LOADER: ACDB -> send_audtable
03-03 22:07:46.027   788 11488 D ACDB-LOADER: ACDB -> ACDB_CMD_GET_AUDPROC_COMMON_TABLE_SIZE
03-03 22:07:46.027   788 11488 D ACDB-LOADER: ACDB -> ACDB_CMD_GET_AUDPROC_COMMON_TABLE
03-03 22:07:46.027   788 11488 D ACDB-LOADER: ACDB -> AUDIO_SET_AUDPROC_CAL
03-03 22:07:46.027   788 11488 D ACDB-LOADER: ACDB -> send_audvoltable
03-03 22:07:46.027   788 11488 D ACDB-LOADER: ACDB -> ACDB_CMD_GET_AUDPROC_VOL_STEP_TABLE_SIZE
03-03 22:07:46.027   788 11488 D ACDB-LOADER: ACDB -> ACDB_CMD_GET_AUDPROC_GAIN_DEP_STEP_TABLE, vol index 0
03-03 22:07:46.027   788 11488 D         : Failed to fetch the lookup information of the device 0000003E 
03-03 22:07:46.027   788 11488 D ACDB-LOADER: ACDB -> AUDIO_SET_VOL_CAL cal type = 12
03-03 22:07:46.027   788 11488 D ACDB-LOADER: ACDB -> ACDB_CMD_GET_AUDPROC_STREAM_TABLE_SIZE
03-03 22:07:46.027   788 11488 D ACDB-LOADER: ACDB -> send_audstrmtable
03-03 22:07:46.027   788 11488 D ACDB-LOADER: ACDB -> ACDB_CMD_GET_AUDPROC_STREAM_TABLE_V2
03-03 22:07:46.027   788 11488 D ACDB-LOADER: ACDB -> audstrm_cal->cal_type.cal_data.cal_size = 456
03-03 22:07:46.027   788 11488 D ACDB-LOADER: ACDB -> send_afe_topology
03-03 22:07:46.027   788 11488 D ACDB-LOADER: ACDB -> ACDB_CMD_GET_AFE_TOPOLOGY_ID
03-03 22:07:46.027   788 11488 D ACDB-LOADER: ACDB -> GET_AFE_TOPOLOGY_ID for adcd_id 62, Topology Id 112fb
03-03 22:07:46.028   788 11488 D ACDB-LOADER: ACDB -> send_afe_cal
03-03 22:07:46.028   788 11488 D ACDB-LOADER: ACDB -> ACDB_CMD_GET_AFE_COMMON_TABLE_SIZE
03-03 22:07:46.028   788 11488 D         : Failed to fetch the lookup information of the device 0000003E 
03-03 22:07:46.028   788 11488 E ACDB-LOADER: Error: ACDB_CMD_GET_AFE_COMMON_TABLE_SIZE Returned = -19
03-03 22:07:46.028   788 11488 D ACDB-LOADER: ACDB -> ACDB_CMD_GET_AFE_COMMON_TABLE
03-03 22:07:46.028   788 11488 D         : Failed to fetch the lookup information of the device 0000003E 
03-03 22:07:46.028   788 11488 D ACDB-LOADER: ACDB -> AUDIO_SET_AFE_CAL
03-03 22:07:46.028   788 11488 D ACDB-LOADER: ACDB -> send_hw_delay : acdb_id = 62 path = 1
03-03 22:07:46.028   788 11488 D ACDB-LOADER: ACDB -> ACDB_AVSYNC_INFO: ACDB_CMD_GET_DEVICE_PROPERTY
03-03 22:07:46.028   788 11488 D audio_hw_primary: enable_snd_device: snd_device(120: voice-rec-mic)
03-03 22:07:46.028   788 11488 D audio_route: Apply path: voice-rec-mic
03-03 22:07:46.030   788 11488 V msm8974_platform: platform_get_snd_device_backend_index: enter with device 120
03-03 22:07:46.030   788 11488 E msm8974_platform: platform_get_snd_device_backend_index: BE DAI Name Table is not present
03-03 22:07:46.030   788 11488 V msm8974_platform: platform_get_backend_index:napb: backend port - 5 device - 120 
03-03 22:07:46.030   788 11488 I audio_hw_utils: Set Audio Stream Capture 0 App Type Cfg: app_type 69936, acdb_dev_id 62, sample_rate 48000, snd_device_be_idx -14
03-03 22:07:46.031   788 11488 D audio_hw_primary: enable_audio_route: usecase(9) apply and update mixer path: audio-record
03-03 22:07:46.031   788 11488 D audio_route: Apply path: audio-record
03-03 22:07:46.101  3111  3156 I MicroDetectionWorker: onReady
03-03 22:07:46.121 11251 11266 I zygote  : Waiting for a blocking GC ProfileSaver
03-03 22:07:46.158 11251 11266 I zygote  : WaitForGcToComplete blocked ProfileSaver on HeapTrim for 36.272ms
03-03 22:07:46.406  1456  7796 I OpenGLRenderer: Initialized EGL, version 1.4
03-03 22:07:46.406  1456  7796 D OpenGLRenderer: Swap behavior 2
03-03 22:07:46.466  2748  2917 W OpenGLRenderer: Incorrectly called buildLayer on View: ShortcutAndWidgetContainer, destroying layer...
03-03 22:07:46.566 11124 11181 I chatty  : uid=11065(org.mozilla.fennec_aurora) expire 1 line
03-03 22:07:46.582 11124 11151 I chatty  : uid=11065(org.mozilla.fennec_aurora) expire 2 lines
03-03 22:07:46.615   808   898 I SFPerfTracer:      triggers: (rate: 0:1) (0 sw vsyncs) (0 skipped) (38:4834492 vsyncs) (40:10774332)
03-03 22:07:47.942 11251 11298 I Finsky  : [342668] tqw.a(7): SCH: Jobs in database: 1-1337 3-1991 3-1992 10-4 10-8 10-11 10-15 10-18 10-22 10-29 10-30 10-37 10-39 10-42 10-47 10-48 10-50 10-55 10-62 10-66 12-1 24-77777777 26-1414141414 29-29 
03-03 22:07:47.984 11251 11251 I Finsky  : [2] toj.a(20): SCH: Running job: 10-4
03-03 22:07:47.988 11251 11490 I Finsky  : [342717] tpt.a(13): SCH: jobFinished: 10-4. TimeElapsed: 4ms.
03-03 22:07:47.989 11251 11251 I Finsky  : [2] toj.a(20): SCH: Running job: 10-8
03-03 22:07:47.992 11251 11251 I Finsky  : [2] toj.a(20): SCH: Running job: 10-11
03-03 22:07:47.995 11251 11312 I Finsky  : [342677] aade.a(91): Verifying installed packages
03-03 22:07:47.996 11251 11492 I Finsky  : [342719] SplitInstallCleanerHygieneJob.a(4): Running split install cleaner
03-03 22:07:47.996 11251 11251 I Finsky  : [2] toj.a(20): SCH: Running job: 10-15
03-03 22:07:47.999 11251 11251 I Finsky  : [2] toi.handleMessage(63): SCH: RunningQueue size: 4, PendingQueue size: 13
03-03 22:07:47.999 11251 11251 I Finsky  : [2] toi.handleMessage(66): SCH: Running queue: 10-4 10-8 10-11 10-15 
03-03 22:07:47.999 11251 11251 I Finsky  : [2] toj.a(35): SCH: Job 10-4 finished. Not rescheduling.
03-03 22:07:48.001 11251 11251 I Finsky  : [2] toj.a(20): SCH: Running job: 10-18
03-03 22:07:48.004 11251 11251 I Finsky  : [2] toi.handleMessage(63): SCH: RunningQueue size: 4, PendingQueue size: 12
03-03 22:07:48.004 11251 11251 I Finsky  : [2] toi.handleMessage(66): SCH: Running queue: 10-8 10-11 10-15 10-18 
03-03 22:07:48.006 11251 11492 I Finsky  : [342719] SplitInstallCleanerHygieneJob.a(19): Removed 0 obsolete sessions.
03-03 22:07:48.009 11251 11492 I Finsky  : [342719] SplitInstallCleanerHygieneJob.a(24): Removed 0 corrupted downloaded sessions.
03-03 22:07:48.012 11251 11492 I Finsky  : [342719] SplitInstallCleanerHygieneJob.a(39): Finished completion of 0 out of 0 sessions. Successful: 0. Failed: 0.
03-03 22:07:48.031 11251 11493 I Finsky  : [342720] tpt.a(13): SCH: jobFinished: 10-15. TimeElapsed: 34ms.
03-03 22:07:48.032 11251 11251 I Finsky  : [2] toj.a(35): SCH: Job 10-15 finished. Not rescheduling.
03-03 22:07:48.033 11251 11492 I Finsky  : [342719] tpt.a(13): SCH: jobFinished: 10-11. TimeElapsed: 41ms.
03-03 22:07:48.036 11251 11251 I Finsky  : [2] toj.a(20): SCH: Running job: 10-22
03-03 22:07:48.042 11251 11251 I Finsky  : [2] toi.handleMessage(63): SCH: RunningQueue size: 4, PendingQueue size: 11
03-03 22:07:48.042 11251 11251 I Finsky  : [2] toi.handleMessage(66): SCH: Running queue: 10-8 10-11 10-18 10-22 
03-03 22:07:48.043 11251 11251 I Finsky  : [2] toj.a(35): SCH: Job 10-11 finished. Not rescheduling.
03-03 22:07:48.049 11251 11493 I Finsky  : [342720] tpt.a(13): SCH: jobFinished: 10-22. TimeElapsed: 13ms.
03-03 22:07:48.051 11251 11251 I Finsky  : [2] toj.a(20): SCH: Running job: 10-29
03-03 22:07:48.053 11251 11493 W Finsky  : [342720] tpt.a(8): SCH: jobFinished already called for: 10-22. Not finishing again.
03-03 22:07:48.055 11251 11251 I Finsky  : [2] toi.handleMessage(63): SCH: RunningQueue size: 4, PendingQueue size: 10
03-03 22:07:48.056 11251 11251 I Finsky  : [2] toi.handleMessage(66): SCH: Running queue: 10-8 10-18 10-22 10-29 
03-03 22:07:48.056 11251 11251 I Finsky  : [2] toj.a(35): SCH: Job 10-22 finished. Not rescheduling.
03-03 22:07:48.057 11251 11492 I Finsky  : [342719] tpt.a(13): SCH: jobFinished: 10-29. TimeElapsed: 5ms.
03-03 22:07:48.058 11251 11251 I Finsky  : [2] toj.a(20): SCH: Running job: 10-30
03-03 22:07:48.061 11251 11251 I Finsky  : [2] toi.handleMessage(63): SCH: RunningQueue size: 4, PendingQueue size: 9
03-03 22:07:48.062 11251 11251 I Finsky  : [2] toi.handleMessage(66): SCH: Running queue: 10-8 10-18 10-29 10-30 
03-03 22:07:48.062 11251 11251 I Finsky  : [2] toj.a(35): SCH: Job 10-29 finished. Not rescheduling.
03-03 22:07:48.063 11251 11493 I Finsky  : [342720] tpt.a(13): SCH: jobFinished: 10-30. TimeElapsed: 4ms.
03-03 22:07:48.064 11251 11251 I Finsky  : [2] toj.a(20): SCH: Running job: 10-37
03-03 22:07:48.067 11251 11251 I Finsky  : [2] toi.handleMessage(63): SCH: RunningQueue size: 4, PendingQueue size: 8
03-03 22:07:48.067 11251 11251 I Finsky  : [2] toi.handleMessage(66): SCH: Running queue: 10-8 10-18 10-30 10-37 
03-03 22:07:48.068 11251 11251 I Finsky  : [2] toj.a(35): SCH: Job 10-30 finished. Not rescheduling.
03-03 22:07:48.070 11251 11251 I Finsky  : [2] toj.a(20): SCH: Running job: 10-39
03-03 22:07:48.079 11251 11251 I Finsky  : [2] toi.handleMessage(63): SCH: RunningQueue size: 4, PendingQueue size: 7
03-03 22:07:48.080 11251 11493 I Finsky  : [342720] DevTriggeredUpdateHygieneJob.a(4): Running dev-triggered-update hygiene
03-03 22:07:48.080 11251 11251 I Finsky  : [2] toi.handleMessage(66): SCH: Running queue: 10-8 10-18 10-37 10-39 
03-03 22:07:48.093 11251 11490 I Finsky  : [342717] tpt.a(13): SCH: jobFinished: 10-18. TimeElapsed: 91ms.
03-03 22:07:48.095 11251 11251 I Finsky  : [2] toj.a(35): SCH: Job 10-18 finished. Not rescheduling.
03-03 22:07:48.099 11251 11251 I Finsky  : [2] toj.a(20): SCH: Running job: 10-42
03-03 22:07:48.108 11251 11251 I Finsky  : [2] tpt.a(13): SCH: jobFinished: 10-42. TimeElapsed: 6ms.
03-03 22:07:48.110 11251 11251 I Finsky  : [2] toi.handleMessage(63): SCH: RunningQueue size: 4, PendingQueue size: 6
03-03 22:07:48.112 11251 11251 I Finsky  : [2] toi.handleMessage(66): SCH: Running queue: 10-8 10-37 10-39 10-42 
03-03 22:07:48.113 11251 11251 I Finsky  : [2] toj.a(35): SCH: Job 10-42 finished. Not rescheduling.
03-03 22:07:48.115 11251 11251 I Finsky  : [2] toj.a(20): SCH: Running job: 10-47
03-03 22:07:48.118 11251 11493 I Finsky  : [342720] DevTriggeredUpdateHygieneJob.a(9): Removed 0 uncompleted downloaded updates.
03-03 22:07:48.119 11251 11493 I Finsky  : [342720] DevTriggeredUpdateHygieneJob.a(17): Removed obsolete update files.
03-03 22:07:48.119 11251 11251 I Finsky  : [2] tpt.a(13): SCH: jobFinished: 10-47. TimeElapsed: 3ms.
03-03 22:07:48.120 11251 11251 I Finsky  : [2] toi.handleMessage(63): SCH: RunningQueue size: 4, PendingQueue size: 5
03-03 22:07:48.121 11251 11251 I Finsky  : [2] toi.handleMessage(66): SCH: Running queue: 10-8 10-37 10-39 10-47 
03-03 22:07:48.122 11251 11251 I Finsky  : [2] toj.a(35): SCH: Job 10-47 finished. Not rescheduling.
03-03 22:07:48.123 11251 11493 I Finsky  : [342720] DevTriggeredUpdateHygieneJob.a(21): Reset 0 obsolete 'installing' bits.
03-03 22:07:48.124 11251 11251 I Finsky  : [2] toj.a(20): SCH: Running job: 10-48
03-03 22:07:48.129 11251 11251 I Finsky  : [2] toi.handleMessage(63): SCH: RunningQueue size: 4, PendingQueue size: 4
03-03 22:07:48.129 11251 11490 I Finsky  : [342717] AppPreloadHygieneJob.a(4): Instant App hint preload cleanup triggered from hygiene.
03-03 22:07:48.134 11251 11251 I Finsky  : [2] toi.handleMessage(66): SCH: Running queue: 10-8 10-37 10-39 10-48 
03-03 22:07:48.137 11251 11490 I Finsky  : [342717] tpt.a(13): SCH: jobFinished: 10-48. TimeElapsed: 13ms.
03-03 22:07:48.139 11251 11493 I Finsky  : [342720] DevTriggeredUpdateHygieneJob.a(36): Finished completion of 0 out of 0 dev-triggered updates. Successful: 0. Failed: 0.
03-03 22:07:48.139 11251 11251 I Finsky  : [2] toj.a(35): SCH: Job 10-48 finished. Not rescheduling.
03-03 22:07:48.143 11251 11251 I Finsky  : [2] toj.a(20): SCH: Running job: 10-50
03-03 22:07:48.143 11251 11493 I Finsky  : [342720] tpt.a(13): SCH: jobFinished: 10-39. TimeElapsed: 74ms.
03-03 22:07:48.147 11251 11251 I Finsky  : [2] tpt.a(13): SCH: jobFinished: 10-50. TimeElapsed: 3ms.
03-03 22:07:48.149 11251 11251 I Finsky  : [2] toi.handleMessage(63): SCH: RunningQueue size: 4, PendingQueue size: 3
03-03 22:07:48.149 11251 11251 I Finsky  : [2] toi.handleMessage(66): SCH: Running queue: 10-8 10-37 10-39 10-50 
03-03 22:07:48.150 11251 11251 I Finsky  : [2] toj.a(35): SCH: Job 10-39 finished. Not rescheduling.
03-03 22:07:48.151 11251 11251 I Finsky  : [2] toj.a(35): SCH: Job 10-50 finished. Not rescheduling.
03-03 22:07:48.154 11251 11251 I Finsky  : [2] toj.a(20): SCH: Running job: 10-55
03-03 22:07:48.157 11251 11251 I Finsky  : [2] toj.a(20): SCH: Running job: 10-62
03-03 22:07:48.158 11251 11256 I zygote  : Do partial code cache collection, code=117KB, data=80KB
03-03 22:07:48.161 11251 11256 I zygote  : After code cache collection, code=117KB, data=80KB
03-03 22:07:48.161 11251 11256 I zygote  : Increasing code cache capacity to 512KB
03-03 22:07:48.162 11251 11490 I Finsky  : [342717] tpt.a(13): SCH: jobFinished: 10-55. TimeElapsed: 8ms.
03-03 22:07:48.162 11251 11251 I Finsky  : [2] toi.handleMessage(63): SCH: RunningQueue size: 4, PendingQueue size: 1
03-03 22:07:48.163 11251 11251 I Finsky  : [2] toi.handleMessage(66): SCH: Running queue: 10-8 10-37 10-55 10-62 
03-03 22:07:48.164 11251 11251 I Finsky  : [2] toi.handleMessage(53): Running maximum number of jobs: 4
03-03 22:07:48.165 11251 11251 I Finsky  : [2] toj.a(35): SCH: Job 10-55 finished. Not rescheduling.
03-03 22:07:48.167 11251 11251 I Finsky  : [2] toj.a(20): SCH: Running job: 10-66
03-03 22:07:48.171 11251 11490 I Finsky  : [342717] AssetModuleServiceCleanerHygieneJob.a(3): Running asset module service cleaner
03-03 22:07:48.171 11251 11251 I Finsky  : [2] toi.handleMessage(63): SCH: RunningQueue size: 4, PendingQueue size: 0
03-03 22:07:48.172 11251 11251 I Finsky  : [2] toi.handleMessage(66): SCH: Running queue: 10-8 10-37 10-62 10-66 
03-03 22:07:48.184 11251 11490 I Finsky  : [342717] eob.a(12): Removed 0 old sessions.
03-03 22:07:48.187 11251 11490 I Finsky  : [342717] eoe.a(12): Removed 0 obsolete sessions.
03-03 22:07:48.190 11251 11490 I Finsky  : [342717] enn.a(12): Deleted 0 orphaned directories.
03-03 22:07:48.196 11251 11490 I Finsky  : [342717] enx.a(12): Logged 0 packages in store.
03-03 22:07:48.200 11251 11490 I Finsky  : [342717] tpt.a(13): SCH: jobFinished: 10-66. TimeElapsed: 32ms.
03-03 22:07:48.201 11251 11251 I Finsky  : [2] toj.a(35): SCH: Job 10-66 finished. Not rescheduling.
03-03 22:07:48.203 11251 11251 I Finsky  : [2] toi.handleMessage(63): SCH: RunningQueue size: 3, PendingQueue size: 0
03-03 22:07:48.204 11251 11251 I Finsky  : [2] toi.handleMessage(66): SCH: Running queue: 10-8 10-37 10-62 
03-03 22:07:48.325 11251 11335 E Finsky  : [342696] zkj.run(3): Could not update ApkInfoData row
03-03 22:07:48.362 11251 11335 I chatty  : uid=10062(com.android.vending) identical 6 lines
03-03 22:07:48.380 11251 11335 E Finsky  : [342696] zkj.run(3): Could not update ApkInfoData row
03-03 22:07:48.382 11251 11492 I Finsky  : [342719] tpt.a(13): SCH: jobFinished: 10-37. TimeElapsed: 317ms.
03-03 22:07:48.384 11251 11251 I Finsky  : [2] toj.a(35): SCH: Job 10-37 finished. Not rescheduling.
03-03 22:07:48.385 11251 11251 I Finsky  : [2] toi.handleMessage(63): SCH: RunningQueue size: 2, PendingQueue size: 0
03-03 22:07:48.385 11251 11251 I Finsky  : [2] toi.handleMessage(66): SCH: Running queue: 10-8 10-62 
03-03 22:07:48.701 11251 11293 I zygote  : Deoptimizing void hci.a(java.lang.String, java.lang.String, java.util.Collection, boolean) due to JIT inline cache
03-03 22:07:49.042 11251 11256 I zygote  : Do full code cache collection, code=246KB, data=158KB
03-03 22:07:49.043 11251 11300 I zygote  : Deoptimizing void andj.run() due to JIT inline cache
03-03 22:07:49.044 11251 11300 I zygote  : Deoptimizing java.lang.Object aneu.a(java.util.concurrent.Future) due to JIT inline cache
03-03 22:07:49.045 11251 11300 E Finsky  : [342670] grd.a(2): Failed to refresh connectivity profile metrics. Reset metrics.
03-03 22:07:49.047 11251 11256 I zygote  : After code cache collection, code=215KB, data=123KB
03-03 22:07:49.053 11251 11493 I Finsky  : [342720] tpt.a(13): SCH: jobFinished: 10-62. TimeElapsed: 895ms.
03-03 22:07:49.055 11251 11251 I Finsky  : [2] toj.a(35): SCH: Job 10-62 finished. Not rescheduling.
03-03 22:07:49.057 11251 11251 I Finsky  : [2] toi.handleMessage(63): SCH: RunningQueue size: 1, PendingQueue size: 0
03-03 22:07:49.058 11251 11251 I Finsky  : [2] toi.handleMessage(66): SCH: Running queue: 10-8 
03-03 22:07:49.098 11251 11293 W Settings: Setting install_non_market_apps has moved from android.provider.Settings.Global to android.provider.Settings.Secure, returning read-only value.
03-03 22:07:49.140 11251 11293 I zygote  : Deoptimizing boolean andf.a(anfa) due to JIT inline cache
03-03 22:07:49.195 11251 11256 I zygote  : Do partial code cache collection, code=215KB, data=127KB
03-03 22:07:49.197 11251 11256 I zygote  : After code cache collection, code=210KB, data=126KB
03-03 22:07:49.197 11251 11256 I zygote  : Increasing code cache capacity to 1024KB
03-03 22:07:49.417 11251 11312 E Finsky  : [342677] aaag.a(3): Multi verification error response com.android.volley.NoConnectionError: org.chromium.net.impl.NetworkExceptionImpl: Exception in CronetUrlRequest: net::ERR_INTERNET_DISCONNECTED, ErrorCode=2, InternalErrorCode=-106, Retryable=false
03-03 22:07:49.734 13975 13985 I zygote  : Background concurrent copying GC freed 86007(4MB) AllocSpace objects, 17(724KB) LOS objects, 49% free, 8MB/17MB, paused 440us total 139.312ms
03-03 22:07:49.784 11251 11335 I Finsky  : [342696] aabf.a(4): Cleaning the verify apps datastore
03-03 22:07:49.877 11251 11335 I Finsky  : [342696] aabf.a(49): Finished cleaning the verify apps datastore
03-03 22:07:49.898 11251 11251 I Finsky  : [2] aabl.a(7): Done verifying installed packages
03-03 22:07:49.953 11251 11390 I zygote  : Deoptimizing aonp aonk.f() due to JIT inline cache
03-03 22:07:49.976 11251 11491 I Finsky  : [342718] tpt.a(13): SCH: jobFinished: 10-8. TimeElapsed: 1987ms.
03-03 22:07:49.977 11251 11251 I Finsky  : [2] toj.a(35): SCH: Job 10-8 finished. Not rescheduling.
03-03 22:07:49.978 11251 11251 I Finsky  : [2] toi.handleMessage(63): SCH: RunningQueue size: 0, PendingQueue size: 0
03-03 22:07:49.979 11251 11251 I Finsky  : [2] toi.handleMessage(29): Executor finished
03-03 22:07:49.993 11251 11251 I Finsky  : [2] tqw.a(7): SCH: Jobs in database: 1-1337 3-1991 3-1992 12-1 24-77777777 26-1414141414 29-29 
03-03 22:07:50.003  1456  1456 I ActivityManager: Start proc 11509:com.android.vending:instant_app_installer/u0a62 for service com.android.vending/com.google.android.finsky.instantapps.hint.AppPreloadHygieneService
03-03 22:07:50.025 11251 11251 I Finsky  : [2] tmt.a(58): SCH: ConstraintMapping: 24-77777777,  -> L: 0ms, D: 81268542ms, C: false, I: true, N: 0
03-03 22:07:50.026 11251 11251 I Finsky  : [2] tmt.a(58): SCH: ConstraintMapping: 1-1337, 12-1,  -> L: 0ms, D: 12188350ms, C: false, I: false, N: 1
03-03 22:07:50.028 11251 11251 I Finsky  : [2] tmt.a(58): SCH: ConstraintMapping: 3-1991,  -> L: 0ms, D: 86392405ms, C: false, I: true, N: 2
03-03 22:07:50.029 11251 11251 I Finsky  : [2] tmt.a(58): SCH: ConstraintMapping: 3-1992,  -> L: 0ms, D: 86392417ms, C: true, I: true, N: 2
03-03 22:07:50.030 11251 11251 I Finsky  : [2] tmt.a(58): SCH: ConstraintMapping: 26-1414141414, 29-29,  -> L: 21599ms, D: 51599ms, C: false, I: false, N: 0
03-03 22:07:50.041 11251 11251 I Finsky  : [2] tpg.a(37): Cancelling existing jobscheduler jobs: 9002 9001 9007 9003 
03-03 22:07:50.042 11251 11251 I Finsky  : [2] tpg.a(14): Throttling wakeup for job 9000 (expected to run in 0 ms) due to recent wakeup
03-03 22:07:50.042 11251 11251 I Finsky  : [2] tpg.a(30): Scheduling job Id: 9000, L: 30000, D: 81268542, C: false, I: true, N: 0
03-03 22:07:50.045 11251 11251 I Finsky  : [2] tpg.a(14): Throttling wakeup for job 9004 (expected to run in 0 ms) due to recent wakeup
03-03 22:07:50.045 11251 11251 I Finsky  : [2] tpg.a(30): Scheduling job Id: 9004, L: 30000, D: 12188350, C: false, I: false, N: 1
03-03 22:07:50.047 11251 11251 I Finsky  : [2] tpg.a(14): Throttling wakeup for job 9005 (expected to run in 0 ms) due to recent wakeup
03-03 22:07:50.048 11251 11251 I Finsky  : [2] tpg.a(30): Scheduling job Id: 9005, L: 30000, D: 86392405, C: false, I: true, N: 2
03-03 22:07:50.049 11251 11251 I Finsky  : [2] tpg.a(14): Throttling wakeup for job 9006 (expected to run in 0 ms) due to recent wakeup
03-03 22:07:50.050 11251 11251 I Finsky  : [2] tpg.a(30): Scheduling job Id: 9006, L: 30000, D: 86392417, C: true, I: true, N: 2
03-03 22:07:50.052 11251 11251 I Finsky  : [2] tpg.a(14): Throttling wakeup for job 9009 (expected to run in 21599 ms) due to recent wakeup
03-03 22:07:50.052 11251 11251 I Finsky  : [2] tpg.a(30): Scheduling job Id: 9009, L: 30000, D: 51599, C: false, I: false, N: 0
03-03 22:07:50.055 11251 11251 I Finsky  : [2] ppb.onTrimMemory(1): Memory trim requested to level 80
03-03 22:07:50.082 11509 11509 I Finsky:instant_app_inst: [2] ebz.aG(7): Process created at version: 18.6.33-all [0] [PR] 292279539
03-03 22:07:50.292 11509 11533 I Finsky:instant_app_inst: [342675] AppPreloadHygieneService.a(1): AppPreloadHygieneService disabled
03-03 22:07:51.042  1456  5031 I ActivityManager: Force stopping org.mozilla.fennec_aurora appid=11065 user=0: from pid 11536
03-03 22:07:51.042  1456  5031 I ActivityManager: Killing 11124:org.mozilla.fennec_aurora/u0a1065 (adj 700): stop org.mozilla.fennec_aurora
03-03 22:07:51.044  1456  1605 W zygote  : kill(-11124, 9) failed: No such process
03-03 22:07:51.046 11207 11207 I chatty  : uid=11065(org.mozilla.fennec_aurora) expire 1 line
03-03 22:07:51.047  1456  5031 W ActivityManager: Force removing ActivityRecord{2561ef4 u0 org.mozilla.fennec_aurora/org.mozilla.fenix.HomeActivity t31591}: app died, no saved state
03-03 22:07:51.047 11232 11232 I chatty  : uid=11065(org.mozilla.fennec_aurora) expire 1 line
03-03 22:07:51.050  1456  1605 W zygote  : kill(-11124, 9) failed: No such process
03-03 22:07:51.058  1456  5031 I ActivityManager: Killing 11232:org.mozilla.fennec_aurora:socket/u0a1065 (adj 0): stop org.mozilla.fennec_aurora
03-03 22:07:51.062  1456  5031 I ActivityManager: Killing 11207:org.mozilla.fennec_aurora:tab/u0a1065 (adj 0): stop org.mozilla.fennec_aurora
03-03 22:07:51.066 11251 11251 I Finsky  : [2] ppb.onTrimMemory(1): Memory trim requested to level 80
03-03 22:07:51.078  1456  1605 W zygote  : kill(-11124, 9) failed: No such process
03-03 22:07:51.083  2398  2398 D CarrierSvcBindHelper: No carrier app for: 0
03-03 22:07:51.083  2398  2398 D CarrierSvcBindHelper: No carrier app for: 1
03-03 22:07:51.093  1456  1605 W zygote  : kill(-11124, 9) failed: No such process
03-03 22:07:51.130  1456  1605 I chatty  : uid=1000(system) ActivityManager identical 6 lines
03-03 22:07:51.136  1456  1673 W ActivityManager: setHasOverlayUi called on unknown pid: 11124
03-03 22:07:51.143  1456  1605 W zygote  : kill(-11124, 9) failed: No such process
03-03 22:07:51.143  1456  1605 I zygote  : Successfully killed process cgroup uid 11065 pid 11124 in 99ms
03-03 22:07:51.144  1456  1605 W zygote  : kill(-11232, 9) failed: No such process
03-03 22:07:51.144  1456  1605 I zygote  : Successfully killed process cgroup uid 11065 pid 11232 in 0ms
03-03 22:07:51.144  1456  1605 W zygote  : kill(-11207, 9) failed: No such process
03-03 22:07:51.144  1456  1605 I zygote  : Successfully killed process cgroup uid 11065 pid 11207 in 0ms
03-03 22:07:51.172  1456  5797 I ActivityManager: START u0 {act=android.intent.action.MAIN cat=[android.intent.category.LAUNCHER] flg=0x10000000 cmp=org.mozilla.fennec_aurora/org.mozilla.fenix.HomeActivity} from uid 2000
03-03 22:07:51.172   794   839 E ANDR-PERF-RESOURCEQS: Failed to apply optimization [4, 0]
03-03 22:07:51.192  1456  2162 I ActivityManager: Start proc 11544:org.mozilla.fennec_aurora/u0a1065 for activity org.mozilla.fennec_aurora/org.mozilla.fenix.HomeActivity
03-03 22:07:51.282  3111  3156 I MicroDetectionState: Should stop hotword detection immediately - false
03-03 22:07:51.282  3111  3156 I MicroDetector: Keeping mic open: false
03-03 22:07:51.282  3111  3156 I RecognitionAudioControl: #shutdownAudio [requestId: -3175259411474297875, keepAudioOpen: false, forced: true]
03-03 22:07:51.282  3111  3219 E DeviceStateChecker: DeviceStateChecker cancelled
03-03 22:07:51.282  3111  3156 I RecognitionAudioControl: #internalShutdownAudio [requestId: -3175259411474297875]
03-03 22:07:51.282  3111  3156 I RecognitionAudioControl: #internalShutdownAudio [keepAudioOpen: false, forced: true]
03-03 22:07:51.282  3111  3156 I RecognitionAudioControl: #actualShutdownAudio
03-03 22:07:51.282  3111  3156 I AudioController: #shutdown [requestId=-3175259411474297875]
03-03 22:07:51.282  3111  3155 I AudioController: internalShutdown
03-03 22:07:51.283  3111  3157 I MicroRecognitionRunner: Stopping hotword detection.
03-03 22:07:51.341   788  1479 D audio_hw_primary: disable_audio_route: usecase(9) reset and update mixer path: audio-record
03-03 22:07:51.342   788  1479 D audio_hw_primary: disable_snd_device: snd_device(120: voice-rec-mic)
03-03 22:07:51.344  1012 19499 D APM_AudioPolicyManager: stopInput() input 177838, session 177945
03-03 22:07:51.344   788   788 D audio_hw_primary: in_set_parameters: enter: kvpairs=routing=0
03-03 22:07:51.346  3111  3155 I MicrophoneInputStream: mic_close  SR : 16000 CC : 16 SO : 1999
03-03 22:07:51.346  3111  3155 E AudioSource: Stop listening is called on already closed AudioSource
03-03 22:07:51.348  3111  3149 I MicroRecognitionRunner: Detection finished
03-03 22:07:51.357 11544 11544 I chatty  : uid=11065(org.mozilla.fennec_aurora) expire 51 lines
03-03 22:07:51.429 11544 11563 I chatty  : uid=11065(org.mozilla.fennec_aurora) expire 4 lines
03-03 22:07:51.445  1456  2921 D ConnectivityService: requestNetwork for uid/pid:11065/11544 NetworkRequest [ TRACK_DEFAULT id=29271, [ Capabilities: INTERNET&NOT_RESTRICTED&TRUSTED&NOT_VPN] ]
03-03 22:07:51.447  1456  2099 D Ethernet: got request NetworkRequest [ TRACK_DEFAULT id=29271, [ Capabilities: INTERNET&NOT_RESTRICTED&TRUSTED&NOT_VPN] ] with score 0
03-03 22:07:51.447  1456  2054 D WIFI_UT : got request NetworkRequest [ TRACK_DEFAULT id=29271, [ Capabilities: INTERNET&NOT_RESTRICTED&TRUSTED&NOT_VPN] ] with score 0
03-03 22:07:51.448  1456  2054 D WIFI    : got request NetworkRequest [ TRACK_DEFAULT id=29271, [ Capabilities: INTERNET&NOT_RESTRICTED&TRUSTED&NOT_VPN] ] with score 0
03-03 22:07:51.448  2398  2398 D PhoneSwitcherNetworkRequstListener: got request NetworkRequest [ TRACK_DEFAULT id=29271, [ Capabilities: INTERNET&NOT_RESTRICTED&TRUSTED&NOT_VPN] ] with score 0
03-03 22:07:51.454 11544 11574 I chatty  : uid=11065(org.mozilla.fennec_aurora) expire 12 lines
03-03 22:07:51.473 11544 11573 I chatty  : uid=11065(org.mozilla.fennec_aurora) expire 17 lines
03-03 22:07:51.520 11544 11580 I chatty  : uid=11065(org.mozilla.fennec_aurora) expire 30 lines
03-03 22:07:51.607 11544 11583 I chatty  : uid=11065(org.mozilla.fennec_aurora) expire 1 line
03-03 22:07:51.623 11544 11592 I chatty  : uid=11065(org.mozilla.fennec_aurora) expire 10 lines
03-03 22:07:51.632 11251 11339 I Finsky  : [342698] rgo.c(1): Triggered update for experiment package com.google.android.finsky.regular.
03-03 22:07:51.674 11251 11300 I Finsky  : [342670] ebh.run(3): Initializing the instant apps module.
03-03 22:07:51.715 11544 11549 I chatty  : uid=11065(org.mozilla.fennec_aurora) expire 8 lines
03-03 22:07:51.733 11251 11312 I Finsky  : [342677] zws.f(2): Restoring notifications
03-03 22:07:51.735 11251 11312 I Finsky  : [342677] zws.f(6): Done restoring notifications
03-03 22:07:51.753 11251 11300 I Finsky  : [342670] abfm.a(10): Do not start WearSupportService due to Wear service optimization
03-03 22:07:51.754 11251 11293 I Finsky  : [342664] ebd.run(8): Component class com.google.android.finsky.wear.WearSupportService disabled via PackageManager.
03-03 22:07:51.755 11251 11293 I Finsky  : [342664] ebd.run(8): Component class com.google.android.finsky.wear.WearChangeListenerService disabled via PackageManager.
03-03 22:07:51.814 11251 11339 I Finsky  : [342698] rgo.c(8): Already at the latest configurations for experiment package com.google.android.finsky.regular.
03-03 22:07:51.815 11251 11392 I Finsky  : [342705] rgo.c(1): Triggered update for experiment package com.google.android.finsky.stable.
03-03 22:07:51.857 11251 11392 I Finsky  : [342705] rgo.c(8): Already at the latest configurations for experiment package com.google.android.finsky.stable.
03-03 22:07:51.957 11544 11544 E ActivityThread: Failed to find provider info for org.mozilla.firefox.fxa.auth
03-03 22:07:51.958 11544 11544 E ActivityThread: Failed to find provider info for org.mozilla.firefox_beta.fxa.auth
03-03 22:07:51.958 11544 11544 E ActivityThread: Failed to find provider info for org.mozilla.fennec_aurora.fxa.auth
03-03 22:07:52.014  1456  2162 I ActivityManager: Start proc 11625:org.mozilla.fennec_aurora:tab/u0a1065 for service org.mozilla.fennec_aurora/org.mozilla.gecko.process.GeckoChildProcessServices$tab
03-03 22:07:52.043 11544 11639 I chatty  : uid=11065(org.mozilla.fennec_aurora) expire 9 lines
03-03 22:07:52.132 11625 11625 I chatty  : uid=11065(org.mozilla.fennec_aurora) expire 2 lines
03-03 22:07:52.132 11625 11653 I chatty  : uid=11065(org.mozilla.fennec_aurora) expire 1 line
03-03 22:07:52.135  1456  2921 I ActivityManager: Start proc 11654:org.mozilla.fennec_aurora:socket/u0a1065 for service org.mozilla.fennec_aurora/org.mozilla.gecko.process.GeckoChildProcessServices$socket
03-03 22:07:52.260 11654 11654 I chatty  : uid=11065(org.mozilla.fennec_aurora) expire 2 lines
03-03 22:07:52.261 11654 11670 I chatty  : uid=11065(org.mozilla.fennec_aurora) expire 15 lines
03-03 22:07:52.335 11251 11251 I Finsky  : [2] ulg.run(5): Detected restoreservicev2://recovery not needed, will not run
03-03 22:07:52.372  1456  5797 I ActivityManager: Displayed org.mozilla.fennec_aurora/org.mozilla.fenix.HomeActivity: +1s192ms
03-03 22:07:52.372  1456  5797 I ActivityManager: Fully drawn org.mozilla.fennec_aurora/org.mozilla.fenix.HomeActivity: +1s192ms
03-03 22:07:52.427  1456  1673 I LaunchCheckinHandler: Displayed org.mozilla.fennec_aurora/org.mozilla.fenix.HomeActivity,cp,ca,1245
03-03 22:07:52.436 11544 11544 E ActivityThread: Failed to find provider info for org.mozilla.firefox.fxa.auth
03-03 22:07:52.437 11544 11544 E ActivityThread: Failed to find provider info for org.mozilla.firefox_beta.fxa.auth
03-03 22:07:52.439 11544 11544 E ActivityThread: Failed to find provider info for org.mozilla.fennec_aurora.fxa.auth
03-03 22:07:52.482 11251 11500 I Finsky  : [342727] akhc.a(2): registerListener
03-03 22:07:52.485 11251 11500 I Finsky  : [342727] joc.a(2): getDownloads(-)
03-03 22:07:52.488 11251 11682 I Finsky  : [342737] akhk.a(7): Initiate binding to the service.
03-03 22:07:52.489 11251 11500 I Finsky  : [342727] ekx.run(7): Initialized AssetModuleDownloader.
03-03 22:07:52.509  1456  5797 I ActivityManager: Start proc 11683:com.android.vending:download_service/u0a62 for service com.android.vending/com.google.android.finsky.downloadservice.DownloadService
03-03 22:07:52.519  3111  3111 I MemoryTrimmer: Trimming objects from memory, since app is in the background.
03-03 22:07:52.529  3111  3111 I MemoryTrimmer: Trimming objects from memory, since app is in the background.
03-03 22:07:52.535  3111  7185 I PBSessionCacheImpl: Deleted sessionId[13683905891083516] from persistence.
03-03 22:07:52.542  1456  2921 I WifiService: getWifiEnabledState uid=10073
03-03 22:07:52.546  3111  3156 I DEBUG   : OpaToSrpTransitionState#onStateChanged#notNullQuery
03-03 22:07:52.547  3111  3156 I DEBUG   : OpaToSrpTransitionState#onStateChanged#notNullQuery
03-03 22:07:52.555  3111  3156 W SearchServiceCore: Abort, client detached.
03-03 22:07:52.593 11683 11683 I Finsky:download_service: [2] ebz.aG(7): Process created at version: 18.6.33-all [0] [PR] 292279539
03-03 22:07:52.643  1456  5797 D ConnectivityService: requestNetwork for uid/pid:10062/11683 NetworkRequest [ TRACK_DEFAULT id=29272, [ Capabilities: INTERNET&NOT_RESTRICTED&TRUSTED&NOT_VPN] ]
03-03 22:07:52.645  1456  2099 D Ethernet: got request NetworkRequest [ TRACK_DEFAULT id=29272, [ Capabilities: INTERNET&NOT_RESTRICTED&TRUSTED&NOT_VPN] ] with score 0
03-03 22:07:52.645  1456  2054 D WIFI_UT : got request NetworkRequest [ TRACK_DEFAULT id=29272, [ Capabilities: INTERNET&NOT_RESTRICTED&TRUSTED&NOT_VPN] ] with score 0
03-03 22:07:52.645  1456  2054 D WIFI    : got request NetworkRequest [ TRACK_DEFAULT id=29272, [ Capabilities: INTERNET&NOT_RESTRICTED&TRUSTED&NOT_VPN] ] with score 0
03-03 22:07:52.646  2398  2398 D PhoneSwitcherNetworkRequstListener: got request NetworkRequest [ TRACK_DEFAULT id=29272, [ Capabilities: INTERNET&NOT_RESTRICTED&TRUSTED&NOT_VPN] ] with score 0
03-03 22:07:52.649 11251 11251 I Finsky  : [2] akhq.onServiceConnected(2): ServiceConnectionImpl.onServiceConnected(ComponentInfo{com.android.vending/com.google.android.finsky.downloadservice.DownloadService})
03-03 22:07:52.650 11251 11682 I Finsky  : [342737] akho.a(3): linkToDeath
03-03 22:07:52.651 11683 11697 I Finsky:download_service: [342679] jiq.a(12): Starting getDownloads().
03-03 22:07:52.701 11251 11682 I Finsky  : [342737] akhl.a(2): Unbind from service.
03-03 22:07:52.703 11251 11506 I Finsky  : [342732] jnv.d(6): onGetDownloads()
03-03 22:07:52.704 11251 11251 I Finsky  : [2] ppb.onTrimMemory(1): Memory trim requested to level 80
03-03 22:07:52.785  1456  1466 I zygote  : Background concurrent copying GC freed 35154(2MB) AllocSpace objects, 18(744KB) LOS objects, 38% free, 38MB/62MB, paused 526us total 364.218ms
03-03 22:07:52.818   808   808 I SFPerfTracer:      triggers: (rate: 57:1996418) (compose: 0:7) (post: 0:19) (render: 0:17) (7:8932417 frames) (8:10709271)
03-03 22:07:52.818   808   808 D SFPerfTracer:        layers: (3:12) (NavigationBar#0 (0xb07df000): 0:660331) (StatusBar#0 (0xb07e3000): 0:1734489) (com.android.systemui.ImageWallpaper#0 (0xb07e7000): 0:58564)* (Sprite#0 (0xb0733000): 0:317)* (DimLayerController/Stack=0#0 (0xb075a000): 0:3734)* (Sprite#1 (0xb077c000): 0:195)* (Splash Screen org.mozilla.fennec_aurora#0 (0xb039b000): 0:31)- (org.mozilla.fennec_aurora/org.mozilla.fenix.HomeActivity#0 (0xb013a000): 0:46)- (com.android.launcher3/com.android.launcher3.CustomizationPanelLauncher#0 (0xb0763000): 0:39)- (com.android.launcher3/com.android.launcher3.CustomizationPanelLauncher#1 (0xb0771000): 0:9)- (Splash Screen org.mozilla.fennec_aurora#0 (0xb039b000): 0:30)- (org.mozilla.fennec_aurora/org.mozilla.fenix.HomeActivity#0 (0xb013a000): 7:20) 
03-03 22:07:53.348  1023 11744 D libc    : Internal error: netid(0), id(0x63c9), server(0.0.0.0)
03-03 22:07:53.348  1023 11744 D libc    : Internal error: netid(0), id(0x63c9), server(0.0.0.0)
03-03 22:07:53.348  1023 11744 D libc    : Internal error: netid(0), id(0x9de3), server(0.0.0.0)
03-03 22:07:53.348  1023 11744 D libc    : Internal error: netid(0), id(0x9de3), server(0.0.0.0)
03-03 22:07:53.380 11544 11711 I chatty  : uid=11065(org.mozilla.fennec_aurora) expire 2 lines
03-03 22:07:53.522  1023 11752 D libc    : Internal error: netid(0), id(0xdbef), server(0.0.0.0)
03-03 22:07:53.522  1023 11752 D libc    : Internal error: netid(0), id(0xdbef), server(0.0.0.0)
03-03 22:07:53.522  1023 11752 D libc    : Internal error: netid(0), id(0x8ae4), server(0.0.0.0)
03-03 22:07:53.522  1023 11752 D libc    : Internal error: netid(0), id(0x8ae4), server(0.0.0.0)
03-03 22:07:53.524  1023 11754 D libc    : Internal error: netid(0), id(0xb3d5), server(0.0.0.0)
03-03 22:07:53.524  1023 11754 D libc    : Internal error: netid(0), id(0xb3d5), server(0.0.0.0)
03-03 22:07:53.524  1023 11754 D libc    : Internal error: netid(0), id(0x6cae), server(0.0.0.0)
03-03 22:07:53.524  1023 11754 D libc    : Internal error: netid(0), id(0x6cae), server(0.0.0.0)
03-03 22:07:53.526  1023 11758 D libc    : Internal error: netid(0), id(0x3beb), server(0.0.0.0)
03-03 22:07:53.526  1023 11758 D libc    : Internal error: netid(0), id(0x3beb), server(0.0.0.0)
03-03 22:07:53.527  1023 11758 D libc    : Internal error: netid(0), id(0x5fef), server(0.0.0.0)
03-03 22:07:53.527  1023 11758 D libc    : Internal error: netid(0), id(0x5fef), server(0.0.0.0)
03-03 22:07:53.560 11544 11599 I chatty  : uid=11065(org.mozilla.fennec_aurora) expire 1 line
03-03 22:07:53.560 11544 11597 I chatty  : uid=11065(org.mozilla.fennec_aurora) expire 1 line
03-03 22:07:53.595 11544 11768 I chatty  : uid=11065(org.mozilla.fennec_aurora) expire 1 line
03-03 22:07:55.059 11509 11524 I zygote  : Waiting for a blocking GC ProfileSaver
03-03 22:07:56.832 11788 11788 D AndroidRuntime: >>>>>> START com.android.internal.os.RuntimeInit uid 2000 <<<<<<
03-03 22:07:56.845 11788 11788 W app_process: Could not reserve sentinel fault page
03-03 22:07:57.013 11788 11788 I app_process: The ClassLoaderContext is a special shared library.
03-03 22:07:57.080 11788 11788 D AndroidRuntime: Calling main entry com.android.commands.input.Input
03-03 22:07:57.083 11788 11788 I Input   : injectKeyEvent: KeyEvent { action=ACTION_DOWN, keyCode=KEYCODE_HOME, scanCode=0, metaState=0, flags=0x0, repeatCount=0, eventTime=15367332363, downTime=15367332363, deviceId=-1, source=0x101 }
03-03 22:07:57.089 11788 11788 I Input   : injectKeyEvent: KeyEvent { action=ACTION_UP, keyCode=KEYCODE_HOME, scanCode=0, metaState=0, flags=0x0, repeatCount=0, eventTime=15367332363, downTime=15367332363, deviceId=-1, source=0x101 }
03-03 22:07:57.097  1456  1941 I ActivityManager: START u0 {act=android.intent.action.MAIN cat=[android.intent.category.HOME] flg=0x10200000 cmp=com.android.launcher3/.CustomizationPanelLauncher (has extras)} from uid 1000
03-03 22:07:57.097   794   839 E ANDR-PERF-RESOURCEQS: Failed to apply optimization [4, 0]
03-03 22:07:57.109  1456  1941 I ActivityManager: moveHomeStack, setupComplete:true
03-03 22:07:57.114  3111  3152 I Adreno  : QUALCOMM build                   : bb5b86c, I77d3059488
03-03 22:07:57.114  3111  3152 I Adreno  : Build Date                       : 06/07/18
03-03 22:07:57.114  3111  3152 I Adreno  : OpenGL ES Shader Compiler Version: EV031.22.00.01_06
03-03 22:07:57.114  3111  3152 I Adreno  : Local Branch                     : 
03-03 22:07:57.114  3111  3152 I Adreno  : Remote Branch                    : refs/tags/AU_LINUX_ANDROID_LA.UM.6.5.R1.08.01.00.312.086
03-03 22:07:57.114  3111  3152 I Adreno  : Remote Branch                    : NONE
03-03 22:07:57.114  3111  3152 I Adreno  : Reconstruct Branch               : NOTHING
03-03 22:07:57.117  3111  3152 D vndksupport: Loading /vendor/lib/hw/gralloc.msm8937.so from current namespace instead of sphal namespace.
03-03 22:07:57.120 11788 11788 D AndroidRuntime: Shutting down VM
03-03 22:07:57.120  3111  3152 I Adreno  : PFP: 0x005ff087, ME: 0x005ff063
03-03 22:07:57.124  3111  3152 I zygote  : android::hardware::configstore::V1_0::ISurfaceFlingerConfigs::hasWideColorDisplay retrieved: 0
03-03 22:07:57.125  3111  3152 I OpenGLRenderer: Initialized EGL, version 1.4
03-03 22:07:57.125  3111  3152 D OpenGLRenderer: Swap behavior 2
03-03 22:07:57.134 11251 11251 I Finsky  : [2] ppb.onTrimMemory(1): Memory trim requested to level 60
03-03 22:07:57.136  2748  2748 D Launcher.Utilities: Wakeup weather: Intent { act=com.motorola.launcher3.action.WAKEUP_WEATHER cmp=com.motorola.timeweatherwidget/com.motorola.commandcenter.weather.WakeUpService }
03-03 22:07:57.149  1456  1456 I NotificationService: Cannot find enqueued record for key: 0|com.motorola.timeweatherwidget|1|null|10116
03-03 22:07:57.150   808   808 D SurfaceFlinger: duplicate layer name: changing com.android.launcher3/com.android.launcher3.CustomizationPanelLauncher to com.android.launcher3/com.android.launcher3.CustomizationPanelLauncher#1
03-03 22:07:57.165  3111  3142 W ThreadPoolDumper: Queue length for executor EventBus is now 11. Perhaps some tasks are too long, or the pool is too small.
03-03 22:07:57.166  1456  2162 I WifiService: getWifiEnabledState uid=10073
03-03 22:07:57.184  1456  2921 I WifiService: getWifiEnabledState uid=10073
03-03 22:07:57.195  3111  3156 I DEBUG   : OpaToSrpTransitionState#onStateChanged#notNullQuery
03-03 22:07:57.196  3111  3156 I DEBUG   : OpaToSrpTransitionState#onStateChanged#notNullQuery
03-03 22:07:57.219  3111  3156 I MicroDetectionState: Should stop hotword detection immediately - false
03-03 22:07:57.225  3111  3156 I MicroDetectionWorker: #startMicroDetector [speakerMode: 0]
03-03 22:07:57.227  3111  3156 I AudioController: Created new AudioSource
03-03 22:07:57.227  1456  1673 I LaunchCheckinHandler: Displayed com.android.launcher3/.CustomizationPanelLauncher,wp,wa,130
03-03 22:07:57.235  3111  3151 I MicroDataManager: isInitializedWithLatestParams-true
03-03 22:07:57.235  3111  3151 I MicroDataManager: isInitializing-false locale not changed-true model not changed-true
03-03 22:07:57.235  3111  3151 I MicroDataManager: Already initialized, obtaining the hotword data immediately.
03-03 22:07:57.240  3111  3219 I MicroRecognitionRunner: Starting detection.
03-03 22:07:57.240  3111  3219 I InputStreamUtils: Using micInputStream
03-03 22:07:57.241  3111 10982 I MicrophoneInputStream: mic_starting  SR : 16000 CC : 16 SO : 1999
03-03 22:07:57.244   788   788 V msm8974_platform: platform_check_input_mask: enter check_input_mask source 6 mask 10
03-03 22:07:57.247  1012 11802 I AudioFlinger: AudioFlinger's thread 0xb2483c40 tid=11802 ready to run
03-03 22:07:57.252   788   788 D audio_hw_primary: in_set_parameters: enter: kvpairs=input_source=6;routing=-2147483644
03-03 22:07:57.253  1012  8317 D APM_AudioPolicyManager: AudioPolicyManager::startInput() input 177846, session 177953, source = 1999
03-03 22:07:57.254  3111 10982 I MicrophoneInputStream: mic_started  SR : 16000 CC : 16 SO : 1999
03-03 22:07:57.255   788 11803 V msm8974_platform: platform_update_usecase_from_source: input source :6
03-03 22:07:57.255   788 11803 V msm8974_platform: platform_check_input_mask: enter check_input_mask source 6 mask 10
03-03 22:07:57.255   788 11803 V msm8974_platform: platform_get_input_snd_device: enter: out_device(0) in_device(0x4) channel_count (1) channel_mask (0x10)
03-03 22:07:57.255   788 11803 V msm8974_platform: platform_get_input_snd_device: exit: in_snd_device(voice-rec-mic)
03-03 22:07:57.255   788 11803 V msm8974_platform: platform_get_backend_index:napb: backend port - 5 device - 120 
03-03 22:07:57.255   788 11803 V msm8974_platform: platform_check_and_set_capture_backend_cfg:txbecf: afe: bitwidth 0, samplerate 0, channel 1, backend_idx 5 usecase = 9 device (voice-rec-mic)
03-03 22:07:57.255   788 11803 V msm8974_platform: platform_check_capture_backend_cfg:txbecf: afe: Codec selected backend: 5 current bit width: 0 and sample rate: 0, channels 1
03-03 22:07:57.255   788 11803 V msm8974_platform: platform_check_capture_backend_cfg:txbecf: afe: Codec selected backend: 5 updated bit width: 0 and sample rate: 0
03-03 22:07:57.255   788 11803 I msm8974_platform: platform_check_capture_backend_cfg:txbecf: afe: Codec backend needs to be updated. new bit width: 0 new sample rate: 0 new channel: 1
03-03 22:07:57.255   788 11803 V msm8974_platform: platform_get_backend_index:napb: backend port - 5 device - 120 
03-03 22:07:57.255   788 11803 V msm8974_platform: platform_set_backend_cfg:becf: afe: bitwidth 0, samplerate 0 channels 1, backend_idx 5 device (voice-rec-mic)
03-03 22:07:57.256   788 11803 E msm8974_platform: platform_set_backend_cfg:becf: afe: Could not get ctl for mixer command - SLIM_0_TX Format
03-03 22:07:57.256   788 11803 V msm8974_platform: platform_send_audio_calibration: sending audio calibration for snd_device(120) acdb_id(62)
03-03 22:07:57.256   788 11803 D ACDB-LOADER: ACDB -> send_audio_cal, acdb_id = 62, path = 1, app id = 0x11130, sample rate = 48000
03-03 22:07:57.256   788 11803 D ACDB-LOADER: ACDB -> send_asm_topology
03-03 22:07:57.256   788 11803 D ACDB-LOADER: ACDB -> ACDB_CMD_GET_AUDPROC_STREAM_TOPOLOGY_ID
03-03 22:07:57.256   788 11803 D ACDB-LOADER: ACDB -> send_adm_topology
03-03 22:07:57.256   788 11803 D ACDB-LOADER: ACDB -> ACDB_CMD_GET_AUDPROC_COMMON_TOPOLOGY_ID
03-03 22:07:57.256   788 11803 D ACDB-LOADER: ACDB -> send_audtable
03-03 22:07:57.256   788 11803 D ACDB-LOADER: ACDB -> ACDB_CMD_GET_AUDPROC_COMMON_TABLE_SIZE
03-03 22:07:57.256   788 11803 D ACDB-LOADER: ACDB -> ACDB_CMD_GET_AUDPROC_COMMON_TABLE
03-03 22:07:57.256   788 11803 D ACDB-LOADER: ACDB -> AUDIO_SET_AUDPROC_CAL
03-03 22:07:57.256   788 11803 D ACDB-LOADER: ACDB -> send_audvoltable
03-03 22:07:57.256   788 11803 D ACDB-LOADER: ACDB -> ACDB_CMD_GET_AUDPROC_VOL_STEP_TABLE_SIZE
03-03 22:07:57.256   788 11803 D ACDB-LOADER: ACDB -> ACDB_CMD_GET_AUDPROC_GAIN_DEP_STEP_TABLE, vol index 0
03-03 22:07:57.256   788 11803 D         : Failed to fetch the lookup information of the device 0000003E 
03-03 22:07:57.256   788 11803 D ACDB-LOADER: ACDB -> AUDIO_SET_VOL_CAL cal type = 12
03-03 22:07:57.256   788 11803 D ACDB-LOADER: ACDB -> ACDB_CMD_GET_AUDPROC_STREAM_TABLE_SIZE
03-03 22:07:57.256   788 11803 D ACDB-LOADER: ACDB -> send_audstrmtable
03-03 22:07:57.257   788 11803 D ACDB-LOADER: ACDB -> ACDB_CMD_GET_AUDPROC_STREAM_TABLE_V2
03-03 22:07:57.257   788 11803 D ACDB-LOADER: ACDB -> audstrm_cal->cal_type.cal_data.cal_size = 456
03-03 22:07:57.257   788 11803 D ACDB-LOADER: ACDB -> send_afe_topology
03-03 22:07:57.257   788 11803 D ACDB-LOADER: ACDB -> ACDB_CMD_GET_AFE_TOPOLOGY_ID
03-03 22:07:57.257   788 11803 D ACDB-LOADER: ACDB -> GET_AFE_TOPOLOGY_ID for adcd_id 62, Topology Id 112fb
03-03 22:07:57.257   788 11803 D ACDB-LOADER: ACDB -> send_afe_cal
03-03 22:07:57.257   788 11803 D ACDB-LOADER: ACDB -> ACDB_CMD_GET_AFE_COMMON_TABLE_SIZE
03-03 22:07:57.257   788 11803 D         : Failed to fetch the lookup information of the device 0000003E 
03-03 22:07:57.257   788 11803 E ACDB-LOADER: Error: ACDB_CMD_GET_AFE_COMMON_TABLE_SIZE Returned = -19
03-03 22:07:57.257   788 11803 D ACDB-LOADER: ACDB -> ACDB_CMD_GET_AFE_COMMON_TABLE
03-03 22:07:57.257   788 11803 D         : Failed to fetch the lookup information of the device 0000003E 
03-03 22:07:57.257   788 11803 D ACDB-LOADER: ACDB -> AUDIO_SET_AFE_CAL
03-03 22:07:57.257   788 11803 D ACDB-LOADER: ACDB -> send_hw_delay : acdb_id = 62 path = 1
03-03 22:07:57.257   788 11803 D ACDB-LOADER: ACDB -> ACDB_AVSYNC_INFO: ACDB_CMD_GET_DEVICE_PROPERTY
03-03 22:07:57.257   788 11803 D audio_hw_primary: enable_snd_device: snd_device(120: voice-rec-mic)
03-03 22:07:57.257   788 11803 D audio_route: Apply path: voice-rec-mic
03-03 22:07:57.259   788 11803 V msm8974_platform: platform_get_snd_device_backend_index: enter with device 120
03-03 22:07:57.259   788 11803 E msm8974_platform: platform_get_snd_device_backend_index: BE DAI Name Table is not present
03-03 22:07:57.260   788 11803 V msm8974_platform: platform_get_backend_index:napb: backend port - 5 device - 120 
03-03 22:07:57.260   788 11803 I audio_hw_utils: Set Audio Stream Capture 0 App Type Cfg: app_type 69936, acdb_dev_id 62, sample_rate 48000, snd_device_be_idx -14
03-03 22:07:57.260   788 11803 D audio_hw_primary: enable_audio_route: usecase(9) apply and update mixer path: audio-record
03-03 22:07:57.260   788 11803 D audio_route: Apply path: audio-record
03-03 22:07:57.330  3111  3156 I MicroDetectionWorker: onReady
03-03 22:07:57.650  1456  7796 I OpenGLRenderer: Initialized EGL, version 1.4
03-03 22:07:57.651  1456  7796 D OpenGLRenderer: Swap behavior 2
03-03 22:07:57.694  2748  2917 W OpenGLRenderer: Incorrectly called buildLayer on View: ShortcutAndWidgetContainer, destroying layer...
03-03 22:07:57.806 11544 11575 I chatty  : uid=11065(org.mozilla.fennec_aurora) expire 1 line
03-03 22:08:00.167   808   898 I SFPerfTracer:      triggers: (rate: 0:1) (0 sw vsyncs) (0 skipped) (2:4834569 vsyncs) (4:10774433)
