04-29 13:58:55.391 29561 29589 D places_ffi: bookmarks_get_all_with_url
04-29 13:58:55.398 29561 29605 D places_ffi: places_note_observation
04-29 13:58:55.409 29561 29561 D GeckoSession: handleMessage GeckoView:SecurityChanged uri=null
04-29 13:58:55.446 29561 29605 D sql_support::conn_ext: Transaction commited after 46.919379ms
04-29 13:58:55.489 29561 29561 I DefaultSupportedAddonsChecker: Register check for new supported add-ons
04-29 13:58:55.500 29765 29781 D GeckoThread: State changed to RUNNING
04-29 13:58:55.507 29561 29605 D places_ffi: places_note_observation
04-29 13:58:55.521 29561 29605 D sql_support::conn_ext: Transaction commited after 13.045158ms
04-29 13:58:55.529 29561 29561 D GeckoSession: handleMessage GeckoView:ProgressChanged uri=null
04-29 13:58:55.550 29561 29561 D GeckoSession: handleMessage GeckoView:ProgressChanged uri=null
04-29 13:58:55.557 29765 29781 W ResourceType: Too many attribute references, stopped at: 0x01010099
04-29 13:58:55.587 29561 29561 D GeckoSession: handleMessage GeckoView:PageStop uri=null
04-29 13:58:55.587 29561 29561 I SessionStorage/AutoSave: Save: Load finished
04-29 13:58:55.589 29561 29605 D SessionStorage/AutoSave: Delaying save (1406ms)
04-29 13:58:55.672 29561 29605 I SupportedAddonsWorker: Trying to check for new supported add-ons
04-29 13:58:55.692 29561 29818 D BrowserIcons: Loaded icon (source = GENERATOR): https://example.com/
04-29 13:58:55.735 29765 29765 D GeckoNetworkManager: Incoming event enableNotifications for state OffNoListeners -> OffWithListeners
04-29 13:58:55.737 29765 29765 D GeckoNetworkManager: New network state: UP, WIFI, WIFI
04-29 13:58:55.763 29561 29582 I WM-WorkerWrapper: Worker result SUCCESS for Work [ id=5d34fa26-1ae4-48f4-9109-bb8b3fc6e508, tags={ mozilla.components.feature.addons.migration.DefaultSupportedAddonsChecker.periodicWork, mozilla.components.feature.addons.migration.SupportedAddonsWorker } ]
04-29 13:58:55.827 29561 29566 I zygote  : Do full code cache collection, code=251KB, data=154KB
04-29 13:58:55.829 29561 29566 I zygote  : After code cache collection, code=163KB, data=89KB
04-29 13:58:55.982 29561 29561 D mozac-webcompat: Installed WebCompat webextension: webcompat@mozilla.com
04-29 13:58:56.034 29561 29561 D GeckoSession: handleMessage GeckoView:StateUpdated uri=null
04-29 13:58:56.034 29561 29561 W GeckoSession: No history entries found.
04-29 13:58:56.073 29561 29589 D places_ffi: places_get_visited
04-29 13:58:57.008 29561 29589 D SessionStorage/AutoSave: Saved state to disk [10ms]
04-29 13:58:58.263 29831 29831 D AndroidRuntime: >>>>>> START com.android.internal.os.RuntimeInit uid 2000 <<<<<<
04-29 13:58:58.275 29831 29831 W app_process: Could not reserve sentinel fault page
04-29 13:58:58.442 29831 29831 I app_process: The ClassLoaderContext is a special shared library.
04-29 13:58:58.516 29831 29831 D AndroidRuntime: Calling main entry com.android.commands.input.Input
04-29 13:58:58.525 29831 29831 I Input   : injectKeyEvent: KeyEvent { action=ACTION_DOWN, keyCode=KEYCODE_HOME, scanCode=0, metaState=0, flags=0x0, repeatCount=0, eventTime=20259206105, downTime=20259206105, deviceId=-1, source=0x101 }
04-29 13:58:58.532 29831 29831 I Input   : injectKeyEvent: KeyEvent { action=ACTION_UP, keyCode=KEYCODE_HOME, scanCode=0, metaState=0, flags=0x0, repeatCount=0, eventTime=20259206105, downTime=20259206105, deviceId=-1, source=0x101 }
04-29 13:58:58.538  1456  1941 I ActivityManager: START u0 {act=android.intent.action.MAIN cat=[android.intent.category.HOME] flg=0x10200000 cmp=com.android.launcher3/.CustomizationPanelLauncher (has extras)} from uid 1000
04-29 13:58:58.539   794   839 E ANDR-PERF-RESOURCEQS: Failed to apply optimization [4, 0]
04-29 13:58:58.545 29831 29831 D AndroidRuntime: Shutting down VM
04-29 13:58:58.557  1456  5031 I ActivityManager: moveHomeStack, setupComplete:true
04-29 13:58:58.564 17373 17422 I Adreno  : QUALCOMM build                   : bb5b86c, I77d3059488
04-29 13:58:58.564 17373 17422 I Adreno  : Build Date                       : 06/07/18
04-29 13:58:58.564 17373 17422 I Adreno  : OpenGL ES Shader Compiler Version: EV031.22.00.01_06
04-29 13:58:58.564 17373 17422 I Adreno  : Local Branch                     : 
04-29 13:58:58.564 17373 17422 I Adreno  : Remote Branch                    : refs/tags/AU_LINUX_ANDROID_LA.UM.6.5.R1.08.01.00.312.086
04-29 13:58:58.564 17373 17422 I Adreno  : Remote Branch                    : NONE
04-29 13:58:58.564 17373 17422 I Adreno  : Reconstruct Branch               : NOTHING
04-29 13:58:58.568 17373 17422 D vndksupport: Loading /vendor/lib/hw/gralloc.msm8937.so from current namespace instead of sphal namespace.
04-29 13:58:58.572 17373 17422 I Adreno  : PFP: 0x005ff087, ME: 0x005ff063
04-29 13:58:58.576 17373 17422 I zygote  : android::hardware::configstore::V1_0::ISurfaceFlingerConfigs::hasWideColorDisplay retrieved: 0
04-29 13:58:58.577 17373 17422 I OpenGLRenderer: Initialized EGL, version 1.4
04-29 13:58:58.577 17373 17422 D OpenGLRenderer: Swap behavior 2
04-29 13:58:58.581  2748  2748 D Launcher.Utilities: Wakeup weather: Intent { act=com.motorola.launcher3.action.WAKEUP_WEATHER cmp=com.motorola.timeweatherwidget/com.motorola.commandcenter.weather.WakeUpService }
04-29 13:58:58.597  1456  1456 I NotificationService: Cannot find enqueued record for key: 0|com.motorola.timeweatherwidget|1|null|10116
04-29 13:58:58.599   808   808 D SurfaceFlinger: duplicate layer name: changing com.android.launcher3/com.android.launcher3.CustomizationPanelLauncher to com.android.launcher3/com.android.launcher3.CustomizationPanelLauncher#1
04-29 13:58:58.619 17373 17397 W ThreadPoolDumper: Queue length for executor EventBus is now 11. Perhaps some tasks are too long, or the pool is too small.
04-29 13:58:58.623  1456  6339 I WifiService: getWifiEnabledState uid=10073
04-29 13:58:58.636  1456  2916 I WifiService: getWifiEnabledState uid=10073
04-29 13:58:58.639 17373 17428 I DEBUG   : OpaToSrpTransitionState#onStateChanged#notNullQuery
04-29 13:58:58.640 17373 17428 I DEBUG   : OpaToSrpTransitionState#onStateChanged#notNullQuery
04-29 13:58:58.666 17373 17428 I MicroDetectionState: Should stop hotword detection immediately - false
04-29 13:58:58.673 17373 17428 I MicroDetectionWorker: #startMicroDetector [speakerMode: 0]
04-29 13:58:58.676 17373 17428 I AudioController: Created new AudioSource
04-29 13:58:58.699 29561 29561 D GeckoSession: handleMessage GeckoView:StateUpdated uri=null
04-29 13:58:58.707 17373 17396 I MicroDataManager: isInitializedWithLatestParams-true
04-29 13:58:58.707 17373 17396 I MicroDataManager: isInitializing-false locale not changed-true model not changed-true
04-29 13:58:58.707 17373 17396 I MicroDataManager: Already initialized, obtaining the hotword data immediately.
04-29 13:58:58.708  1456  1673 I LaunchCheckinHandler: Displayed com.android.launcher3/.CustomizationPanelLauncher,wp,wa,168
04-29 13:58:58.708 29561 29623 D ServiceAllocator: org.mozilla.gecko.process.GeckoChildProcessServices$tab0 updateBindings: IDLE priority, 6 importance, 0 successful binds, 0 failed binds, 2 successful unbinds, 0 failed unbinds
04-29 13:58:58.715 17373 17475 I MicroRecognitionRunner: Starting detection.
04-29 13:58:58.715 17373 17475 I InputStreamUtils: Using micInputStream
04-29 13:58:58.716 17373 13370 I MicrophoneInputStream: mic_starting  SR : 16000 CC : 16 SO : 1999
04-29 13:58:58.718   788  1479 V msm8974_platform: platform_check_input_mask: enter check_input_mask source 6 mask 10
04-29 13:58:58.720  1012 29845 I AudioFlinger: AudioFlinger's thread 0xb2483700 tid=29845 ready to run
04-29 13:58:58.725   788  1479 D audio_hw_primary: in_set_parameters: enter: kvpairs=input_source=6;routing=-2147483644
04-29 13:58:58.727  1012 10158 D APM_AudioPolicyManager: AudioPolicyManager::startInput() input 325102, session 325217, source = 1999
04-29 13:58:58.727 17373 13370 I MicrophoneInputStream: mic_started  SR : 16000 CC : 16 SO : 1999
04-29 13:58:58.729   788 29846 V msm8974_platform: platform_update_usecase_from_source: input source :6
04-29 13:58:58.729   788 29846 V msm8974_platform: platform_check_input_mask: enter check_input_mask source 6 mask 10
04-29 13:58:58.729   788 29846 V msm8974_platform: platform_get_input_snd_device: enter: out_device(0) in_device(0x4) channel_count (1) channel_mask (0x10)
04-29 13:58:58.729   788 29846 V msm8974_platform: platform_get_input_snd_device: exit: in_snd_device(voice-rec-mic)
04-29 13:58:58.729   788 29846 V msm8974_platform: platform_get_backend_index:napb: backend port - 5 device - 120 
04-29 13:58:58.729   788 29846 V msm8974_platform: platform_check_and_set_capture_backend_cfg:txbecf: afe: bitwidth 0, samplerate 0, channel 1, backend_idx 5 usecase = 9 device (voice-rec-mic)
04-29 13:58:58.729   788 29846 V msm8974_platform: platform_check_capture_backend_cfg:txbecf: afe: Codec selected backend: 5 current bit width: 0 and sample rate: 0, channels 1
04-29 13:58:58.729   788 29846 V msm8974_platform: platform_check_capture_backend_cfg:txbecf: afe: Codec selected backend: 5 updated bit width: 0 and sample rate: 0
04-29 13:58:58.730   788 29846 I msm8974_platform: platform_check_capture_backend_cfg:txbecf: afe: Codec backend needs to be updated. new bit width: 0 new sample rate: 0 new channel: 1
04-29 13:58:58.730   788 29846 V msm8974_platform: platform_get_backend_index:napb: backend port - 5 device - 120 
04-29 13:58:58.730   788 29846 V msm8974_platform: platform_set_backend_cfg:becf: afe: bitwidth 0, samplerate 0 channels 1, backend_idx 5 device (voice-rec-mic)
04-29 13:58:58.730   788 29846 E msm8974_platform: platform_set_backend_cfg:becf: afe: Could not get ctl for mixer command - SLIM_0_TX Format
04-29 13:58:58.730   788 29846 V msm8974_platform: platform_send_audio_calibration: sending audio calibration for snd_device(120) acdb_id(62)
04-29 13:58:58.730   788 29846 D ACDB-LOADER: ACDB -> send_audio_cal, acdb_id = 62, path = 1, app id = 0x11130, sample rate = 48000
04-29 13:58:58.730   788 29846 D ACDB-LOADER: ACDB -> send_asm_topology
04-29 13:58:58.730   788 29846 D ACDB-LOADER: ACDB -> ACDB_CMD_GET_AUDPROC_STREAM_TOPOLOGY_ID
04-29 13:58:58.730   788 29846 D ACDB-LOADER: ACDB -> send_adm_topology
04-29 13:58:58.730   788 29846 D ACDB-LOADER: ACDB -> ACDB_CMD_GET_AUDPROC_COMMON_TOPOLOGY_ID
04-29 13:58:58.730   788 29846 D ACDB-LOADER: ACDB -> send_audtable
04-29 13:58:58.731   788 29846 D ACDB-LOADER: ACDB -> ACDB_CMD_GET_AUDPROC_COMMON_TABLE_SIZE
04-29 13:58:58.731   788 29846 D ACDB-LOADER: ACDB -> ACDB_CMD_GET_AUDPROC_COMMON_TABLE
04-29 13:58:58.731   788 29846 D ACDB-LOADER: ACDB -> AUDIO_SET_AUDPROC_CAL
04-29 13:58:58.731   788 29846 D ACDB-LOADER: ACDB -> send_audvoltable
04-29 13:58:58.731   788 29846 D ACDB-LOADER: ACDB -> ACDB_CMD_GET_AUDPROC_VOL_STEP_TABLE_SIZE
04-29 13:58:58.731   788 29846 D ACDB-LOADER: ACDB -> ACDB_CMD_GET_AUDPROC_GAIN_DEP_STEP_TABLE, vol index 0
04-29 13:58:58.731   788 29846 D         : Failed to fetch the lookup information of the device 0000003E 
04-29 13:58:58.731   788 29846 D ACDB-LOADER: ACDB -> AUDIO_SET_VOL_CAL cal type = 12
04-29 13:58:58.731   788 29846 D ACDB-LOADER: ACDB -> ACDB_CMD_GET_AUDPROC_STREAM_TABLE_SIZE
04-29 13:58:58.731   788 29846 D ACDB-LOADER: ACDB -> send_audstrmtable
04-29 13:58:58.731   788 29846 D ACDB-LOADER: ACDB -> ACDB_CMD_GET_AUDPROC_STREAM_TABLE_V2
04-29 13:58:58.731   788 29846 D ACDB-LOADER: ACDB -> audstrm_cal->cal_type.cal_data.cal_size = 456
04-29 13:58:58.731   788 29846 D ACDB-LOADER: ACDB -> send_afe_topology
04-29 13:58:58.731   788 29846 D ACDB-LOADER: ACDB -> ACDB_CMD_GET_AFE_TOPOLOGY_ID
04-29 13:58:58.731   788 29846 D ACDB-LOADER: ACDB -> GET_AFE_TOPOLOGY_ID for adcd_id 62, Topology Id 112fb
04-29 13:58:58.731   788 29846 D ACDB-LOADER: ACDB -> send_afe_cal
04-29 13:58:58.731   788 29846 D ACDB-LOADER: ACDB -> ACDB_CMD_GET_AFE_COMMON_TABLE_SIZE
04-29 13:58:58.731   788 29846 D         : Failed to fetch the lookup information of the device 0000003E 
04-29 13:58:58.731   788 29846 E ACDB-LOADER: Error: ACDB_CMD_GET_AFE_COMMON_TABLE_SIZE Returned = -19
04-29 13:58:58.731   788 29846 D ACDB-LOADER: ACDB -> ACDB_CMD_GET_AFE_COMMON_TABLE
04-29 13:58:58.731   788 29846 D         : Failed to fetch the lookup information of the device 0000003E 
04-29 13:58:58.731   788 29846 D ACDB-LOADER: ACDB -> AUDIO_SET_AFE_CAL
04-29 13:58:58.731   788 29846 D ACDB-LOADER: ACDB -> send_hw_delay : acdb_id = 62 path = 1
04-29 13:58:58.731   788 29846 D ACDB-LOADER: ACDB -> ACDB_AVSYNC_INFO: ACDB_CMD_GET_DEVICE_PROPERTY
04-29 13:58:58.731   788 29846 D audio_hw_primary: enable_snd_device: snd_device(120: voice-rec-mic)
04-29 13:58:58.732   788 29846 D audio_route: Apply path: voice-rec-mic
04-29 13:58:58.734   788 29846 V msm8974_platform: platform_get_snd_device_backend_index: enter with device 120
04-29 13:58:58.734   788 29846 E msm8974_platform: platform_get_snd_device_backend_index: BE DAI Name Table is not present
04-29 13:58:58.734   788 29846 V msm8974_platform: platform_get_backend_index:napb: backend port - 5 device - 120 
04-29 13:58:58.734   788 29846 I audio_hw_utils: Set Audio Stream Capture 0 App Type Cfg: app_type 69936, acdb_dev_id 62, sample_rate 48000, snd_device_be_idx -14
04-29 13:58:58.735   788 29846 D audio_hw_primary: enable_audio_route: usecase(9) apply and update mixer path: audio-record
04-29 13:58:58.735   788 29846 D audio_route: Apply path: audio-record
04-29 13:58:58.803 17373 17428 I MicroDetectionWorker: onReady
04-29 13:58:58.928 29561 29561 I glean/Glean: Registering pings for org.mozilla.fenix.GleanMetrics.Pings
04-29 13:58:58.974 29561 29561 D App     : ActivationPing - already generated
04-29 13:58:58.977 29561 29589 I FenixApplication: Running post-visual completeness tasks...
04-29 13:58:58.977 29561 29589 I FenixApplication: Storage initialization...
04-29 13:58:58.977 29561 29589 I PlacesHistoryStorage: Warming up places storage...
04-29 13:58:58.977 29561 29589 I PlacesHistoryStorage: 'Warming up places storage' took 0 ms
04-29 13:58:58.977 29561 29589 I PlacesBookmarksStorage: Warming up places storage...
04-29 13:58:58.977 29561 29589 I PlacesBookmarksStorage: 'Warming up places storage' took 0 ms
04-29 13:58:58.985 29561 29586 I libglean_ffi: glean_core::ping: Collecting startup-timeline
04-29 13:58:58.989 29442 29484 I Finsky  : [520080] hcp.a(24): No selector loaded
04-29 13:58:58.992 29561 29586 D libglean_ffi: glean_core::ping: Storing ping '36d7e97d-7c92-4967-880e-9ef4932533a1' at '/data/user/0/org.mozilla.fennec_aurora/glean_data/pending_pings/36d7e97d-7c92-4967-880e-9ef4932533a1'
04-29 13:58:58.994 29561 29586 I libglean_ffi: glean_core: The ping 'startup-timeline' was submitted and will be sent as soon as possible
04-29 13:58:59.002 29561 29561 D SessionManager: onTrimMemory(80): clearThumbnails=true, closeEngineSessions=true
04-29 13:58:59.007 29561 29589 I SyncableLoginsStorage: Warming up storage...
04-29 13:58:59.013 29442 29467 I Finsky  : [520068] ebh.run(3): Initializing the instant apps module.
04-29 13:58:59.016 29561 29589 D RustNativeSupport: findMegazordLibraryName(logins, 0.57.0
04-29 13:58:59.016 29561 29589 D RustNativeSupport: lib in use: none
04-29 13:58:59.016 29561 29589 D RustNativeSupport: lib configured: megazord
04-29 13:58:59.016 29561 29589 D RustNativeSupport: lib version configured: 0.57.0
04-29 13:58:59.016 29561 29589 D RustNativeSupport: settled on megazord
04-29 13:58:59.019 29561 29589 D logins_ffi: sync15_passwords_state_new
04-29 13:58:59.021 29442 29442 I Finsky  : [2] ppb.onTrimMemory(1): Memory trim requested to level 80
04-29 13:58:59.021 29442 29484 I Finsky  : [520080] ill.d(66): System was updated or GL extensions were already cached.
04-29 13:58:59.026  1456 10962 D ConnectivityService: requestNetwork for uid/pid:11292/29561 NetworkRequest [ TRACK_DEFAULT id=39441, [ Capabilities: INTERNET&NOT_RESTRICTED&TRUSTED&NOT_VPN] ]
04-29 13:58:59.028  1456  2099 D Ethernet: got request NetworkRequest [ TRACK_DEFAULT id=39441, [ Capabilities: INTERNET&NOT_RESTRICTED&TRUSTED&NOT_VPN] ] with score 60
04-29 13:58:59.029  1456  2054 D WIFI_UT : got request NetworkRequest [ TRACK_DEFAULT id=39441, [ Capabilities: INTERNET&NOT_RESTRICTED&TRUSTED&NOT_VPN] ] with score 60
04-29 13:58:59.029  1456  2054 D WIFI    : got request NetworkRequest [ TRACK_DEFAULT id=39441, [ Capabilities: INTERNET&NOT_RESTRICTED&TRUSTED&NOT_VPN] ] with score 60
04-29 13:58:59.029  2398  2398 D PhoneSwitcherNetworkRequstListener: got request NetworkRequest [ TRACK_DEFAULT id=39441, [ Capabilities: INTERNET&NOT_RESTRICTED&TRUSTED&NOT_VPN] ] with score 60
04-29 13:58:59.042 29561 29561 D SessionManager: Cleared 4 thumbnail(s) and unlinked 4 engine sessions(s)
04-29 13:58:59.046 29561 29561 I FenixApplication: Kicking-off account manager...
04-29 13:58:59.046 29561 29561 I FenixApplication: 'Kicking-off account manager' took 0 ms
04-29 13:58:59.047 29561 29561 I zygote  : Deoptimizing kotlinx.coroutines.internal.LockFreeLinkedListNode kotlinx.coroutines.internal.LockFreeLinkedListNode.correctPrev(kotlinx.coroutines.internal.OpDescriptor) due to JIT inline cache
04-29 13:58:59.068 29442 29473 I Finsky  : [520074] zws.f(2): Restoring notifications
04-29 13:58:59.068 29561 29850 D glean/PingUploadWorker: Processing persisted pings at /data/user/0/org.mozilla.fennec_aurora/glean_data/pending_pings
04-29 13:58:59.069 29561 29850 D glean/PingUploadWorker: Processing ping: 36d7e97d-7c92-4967-880e-9ef4932533a1
04-29 13:58:59.074 29561 29850 D glean/ConceptFetchHttpUploader: Submitting ping to: https://incoming.telemetry.mozilla.org/submit/org-mozilla-fennec-aurora/startup-timeline/1/36d7e97d-7c92-4967-880e-9ef4932533a1
04-29 13:58:59.074 29442 29467 I Finsky  : [520068] ebd.run(8): Component class com.google.android.finsky.wear.WearSupportService disabled via PackageManager.
04-29 13:58:59.075 29442 29467 I Finsky  : [520068] ebd.run(8): Component class com.google.android.finsky.wear.WearChangeListenerService disabled via PackageManager.
04-29 13:58:59.076 29442 29480 I Finsky  : [520079] abfm.a(10): Do not start WearSupportService due to Wear service optimization
04-29 13:58:59.085 29442 29517 I Finsky  : [520110] rgo.c(1): Triggered update for experiment package com.google.android.finsky.stable.
04-29 13:58:59.105 29442 29473 I Finsky  : [520074] zws.f(6): Done restoring notifications
04-29 13:58:59.114  1456  7796 I OpenGLRenderer: Initialized EGL, version 1.4
04-29 13:58:59.114  1456  7796 D OpenGLRenderer: Swap behavior 2
04-29 13:58:59.132   808   808 I SFPerfTracer:      triggers: (rate: 86:2036968) (compose: 0:7) (post: 0:19) (render: 0:17) (12:10850705 frames) (13:13752406)
04-29 13:58:59.133   808   808 D SFPerfTracer:        layers: (4:13) (NavigationBar#0 (0xb07df000): 0:1048947) (StatusBar#0 (0xb07e3000): 0:2448665) (com.android.systemui.ImageWallpaper#0 (0xb07e7000): 0:97877) (Sprite#0 (0xb0733000): 0:317)* (DimLayerController/Stack=0#0 (0xb075a000): 0:3866)* (Sprite#1 (0xb077c000): 0:195)* (com.android.launcher3/com.android.launcher3.CustomizationPanelLauncher#0 (0xb0763000): 0:39)- (com.android.launcher3/com.android.launcher3.CustomizationPanelLauncher#1 (0xb0771000): 0:9)- (Splash Screen org.mozilla.fennec_aurora#0 (0xb039b000): 0:32)- (org.mozilla.fennec_aurora/org.mozilla.fenix.IntentReceiverActivity#0 (0xb013a000): 0:2)- (org.mozilla.fennec_aurora/org.mozilla.fenix.HomeActivity#0 (0xafd1f000): 12:60)* (com.android.launcher3/com.android.launcher3.CustomizationPanelLauncher#0 (0xb0763000): 13:30)* (com.android.launcher3/com.android.launcher3.CustomizationPanelLauncher#1 (0xb0771000): 1:5) 
04-29 13:58:59.146  2748  2917 W OpenGLRenderer: Incorrectly called buildLayer on View: ShortcutAndWidgetContainer, destroying layer...
04-29 13:58:59.244 29561 29561 D GeckoRuntime: Lifecycle: onPause
04-29 13:58:59.244 29561 29561 D GeckoNetworkManager: Incoming event stop for state OnWithListeners -> OffWithListeners
04-29 13:58:59.246 29561 29561 I SessionStorage/AutoSave: Save: Background
04-29 13:58:59.256 29561 29586 I libglean_ffi: glean_core::ping: Collecting baseline
04-29 13:58:59.257 29561 29605 D SessionStorage/AutoSave: Saved state to disk [9ms]
04-29 13:58:59.260 29561 29586 D libglean_ffi: glean_core::ping: Storing ping '7101f1da-28e6-4111-9bda-9b1eacec73dc' at '/data/user/0/org.mozilla.fennec_aurora/glean_data/pending_pings/7101f1da-28e6-4111-9bda-9b1eacec73dc'
04-29 13:58:59.260 29561 29586 I libglean_ffi: glean_core: The ping 'baseline' was submitted and will be sent as soon as possible
04-29 13:58:59.262 29561 29586 I libglean_ffi: glean_core::ping: Collecting events
04-29 13:58:59.265 29561 29586 D libglean_ffi: glean_core::ping: Storing ping '359a781c-5453-46df-ac57-3195279ffa2f' at '/data/user/0/org.mozilla.fennec_aurora/glean_data/pending_pings/359a781c-5453-46df-ac57-3195279ffa2f'
04-29 13:58:59.266 29561 29586 I libglean_ffi: glean_core: The ping 'events' was submitted and will be sent as soon as possible
04-29 13:58:59.288 29442 29517 I Finsky  : [520110] rgo.c(8): Already at the latest configurations for experiment package com.google.android.finsky.stable.
04-29 13:58:59.289 29442 29509 I Finsky  : [520103] rgo.c(1): Triggered update for experiment package com.google.android.finsky.regular.
04-29 13:58:59.367 29561 29850 D glean/ConceptFetchHttpUploader: Ping successfully sent (200)
04-29 13:58:59.368 29561 29850 D glean/PingUploadWorker: 36d7e97d-7c92-4967-880e-9ef4932533a1 was deleted: true
04-29 13:58:59.369 29561 29850 D glean/PingUploadWorker: Processing ping: 6fb8b2eb-b68b-43aa-9cce-124ade31bd69
04-29 13:58:59.371 29561 29850 D glean/ConceptFetchHttpUploader: Submitting ping to: https://incoming.telemetry.mozilla.org/submit/org-mozilla-fennec-aurora/baseline/1/6fb8b2eb-b68b-43aa-9cce-124ade31bd69
04-29 13:58:59.398 29442 29447 I zygote  : Do partial code cache collection, code=124KB, data=84KB
04-29 13:58:59.400 29442 29447 I zygote  : After code cache collection, code=121KB, data=82KB
04-29 13:58:59.400 29442 29447 I zygote  : Increasing code cache capacity to 512KB
04-29 13:58:59.425 29442 29509 I Finsky  : [520103] rgo.c(8): Already at the latest configurations for experiment package com.google.android.finsky.regular.
04-29 13:58:59.464 29442 29442 I Finsky  : [2] ulg.run(5): Detected restoreservicev2://recovery not needed, will not run
04-29 13:58:59.627 29442 29447 I zygote  : Compiler allocated 7MB to compile java.lang.Object ajiz.call()
04-29 13:58:59.661 29561 29589 I SyncableLoginsStorage: 'Warming up storage' took 654 ms
04-29 13:58:59.662 29561 29589 I FenixApplication: 'Storage initialization' took 684 ms
04-29 13:58:59.686 29561 29850 D glean/ConceptFetchHttpUploader: Ping successfully sent (200)
04-29 13:58:59.686 29561 29850 D glean/PingUploadWorker: 6fb8b2eb-b68b-43aa-9cce-124ade31bd69 was deleted: true
04-29 13:58:59.687 29561 29850 D glean/PingUploadWorker: Processing ping: 980e2345-f794-4ee3-87a2-33e0523cb900
04-29 13:58:59.688 29561 29850 D glean/ConceptFetchHttpUploader: Submitting ping to: https://incoming.telemetry.mozilla.org/submit/org-mozilla-fennec-aurora/events/1/980e2345-f794-4ee3-87a2-33e0523cb900
04-29 13:58:59.701 29442 29858 I Finsky  : [520128] akhc.a(2): registerListener
04-29 13:58:59.703 29442 29858 I Finsky  : [520128] joc.a(2): getDownloads(-)
04-29 13:58:59.705 29442 29861 I zygote  : Deoptimizing java.lang.String abre.a(java.lang.String, java.lang.Object[]) due to JIT inline cache
04-29 13:58:59.705 29442 29861 I Finsky  : [520130] akhk.a(7): Initiate binding to the service.
04-29 13:58:59.706 29442 29858 I Finsky  : [520128] ekx.run(7): Initialized AssetModuleDownloader.
04-29 13:58:59.718  1456  5031 I ActivityManager: Start proc 29862:com.android.vending:download_service/u0a62 for service com.android.vending/com.google.android.finsky.downloadservice.DownloadService
04-29 13:58:59.771 29862 29862 I Finsky:download_service: [2] ebz.aG(7): Process created at version: 18.6.33-all [0] [PR] 292279539
04-29 13:58:59.801  1456  5031 D ConnectivityService: requestNetwork for uid/pid:10062/29862 NetworkRequest [ TRACK_DEFAULT id=39442, [ Capabilities: INTERNET&NOT_RESTRICTED&TRUSTED&NOT_VPN] ]
04-29 13:58:59.802  1456  2099 D Ethernet: got request NetworkRequest [ TRACK_DEFAULT id=39442, [ Capabilities: INTERNET&NOT_RESTRICTED&TRUSTED&NOT_VPN] ] with score 60
04-29 13:58:59.802  1456  2054 D WIFI_UT : got request NetworkRequest [ TRACK_DEFAULT id=39442, [ Capabilities: INTERNET&NOT_RESTRICTED&TRUSTED&NOT_VPN] ] with score 60
04-29 13:58:59.802  1456  2054 D WIFI    : got request NetworkRequest [ TRACK_DEFAULT id=39442, [ Capabilities: INTERNET&NOT_RESTRICTED&TRUSTED&NOT_VPN] ] with score 60
04-29 13:58:59.802  2398  2398 D PhoneSwitcherNetworkRequstListener: got request NetworkRequest [ TRACK_DEFAULT id=39442, [ Capabilities: INTERNET&NOT_RESTRICTED&TRUSTED&NOT_VPN] ] with score 60
04-29 13:58:59.805 29862 29880 I Finsky:download_service: [520081] jhm.onAvailable(3): Network is available [NetworkState{connected=true, wifi=true, metered=false, roaming=false}].
04-29 13:58:59.806 29442 29442 I Finsky  : [2] akhq.onServiceConnected(2): ServiceConnectionImpl.onServiceConnected(ComponentInfo{com.android.vending/com.google.android.finsky.downloadservice.DownloadService})
04-29 13:58:59.807 29442 29861 I Finsky  : [520130] akho.a(3): linkToDeath
04-29 13:58:59.808 29862 29875 I Finsky:download_service: [520076] jiq.a(12): Starting getDownloads().
04-29 13:58:59.846 29561 29850 D glean/ConceptFetchHttpUploader: Ping successfully sent (200)
04-29 13:58:59.846 29561 29850 D glean/PingUploadWorker: 980e2345-f794-4ee3-87a2-33e0523cb900 was deleted: true
04-29 13:58:59.847 29442 29861 I Finsky  : [520130] akhl.a(2): Unbind from service.
04-29 13:58:59.848 29561 29580 I WM-WorkerWrapper: Worker result SUCCESS for Work [ id=48ea23ee-8a6d-4581-af8b-f7c40987c2ab, tags={ mozilla.telemetry.glean.scheduler.PingUploadWorker, mozac_service_glean_ping_upload_worker } ]
04-29 13:58:59.849 29442 29455 I Finsky  : [520056] jnv.d(6): onGetDownloads()
04-29 13:58:59.853  1456  2067 D ConnectivityService: releasing NetworkRequest [ TRACK_DEFAULT id=39441, [ Capabilities: INTERNET&NOT_RESTRICTED&TRUSTED&NOT_VPN] ] (release request)
04-29 13:59:00.002 29561 29561 D SessionManager: onTrimMemory(80): clearThumbnails=true, closeEngineSessions=true
04-29 13:59:00.013 29561 29561 D SessionManager: Cleared 4 thumbnail(s) and unlinked 4 engine sessions(s)
04-29 13:59:03.717  1456  2916 I ActivityManager: Force stopping org.mozilla.fennec_aurora appid=11292 user=0: from pid 29897
04-29 13:59:03.717  1456  2916 I ActivityManager: Killing 29561:org.mozilla.fennec_aurora/u0a1292 (adj 700): stop org.mozilla.fennec_aurora
04-29 13:59:03.719  1456  1605 W zygote  : kill(-29561, 9) failed: No such process
04-29 13:59:03.722 29442 29442 I Finsky  : [2] ppb.onTrimMemory(1): Memory trim requested to level 80
04-29 13:59:03.722 29634 29634 I ServiceChildProcess: Service has been unbound. Stopping.
04-29 13:59:03.723  1456  2916 W ActivityManager: Force removing ActivityRecord{76a5639 u0 org.mozilla.fennec_aurora/org.mozilla.fenix.HomeActivity t66682}: app died, no saved state
04-29 13:59:03.724 29765 29765 I ServiceChildProcess: Service has been unbound. Stopping.
04-29 13:59:03.735  1456  2916 I ActivityManager: Killing 29634:org.mozilla.fennec_aurora:tab0/u0a1292 (adj 0): stop org.mozilla.fennec_aurora
04-29 13:59:03.736  1456  1605 W zygote  : kill(-29561, 9) failed: No such process
04-29 13:59:03.739  1456  2916 I ActivityManager: Killing 29765:org.mozilla.fennec_aurora:tab1/u0a1292 (adj 0): stop org.mozilla.fennec_aurora
04-29 13:59:03.751  2398  2398 D CarrierSvcBindHelper: No carrier app for: 0
04-29 13:59:03.752  1456  1605 W zygote  : kill(-29561, 9) failed: No such process
04-29 13:59:03.752  2398  2398 D CarrierSvcBindHelper: No carrier app for: 1
04-29 13:59:03.768  1456  1605 W zygote  : kill(-29561, 9) failed: No such process
04-29 13:59:03.805  1456  1673 W ActivityManager: setHasOverlayUi called on unknown pid: 29561
04-29 13:59:03.825  1456  1605 I chatty  : uid=1000(system) ActivityManager identical 4 lines
04-29 13:59:03.840  1456  1605 W zygote  : kill(-29561, 9) failed: No such process
04-29 13:59:03.853  1456  5907 I ActivityManager: START u0 {act=android.intent.action.VIEW dat=https://example.com/... typ=text/html flg=0x10000000 cmp=org.mozilla.fennec_aurora/org.mozilla.fenix.IntentReceiverActivity} from uid 2000
04-29 13:59:03.854   794   839 E ANDR-PERF-RESOURCEQS: Failed to apply optimization [4, 0]
04-29 13:59:03.855  1456  1605 W zygote  : kill(-29561, 9) failed: No such process
04-29 13:59:03.855  1456  1605 I zygote  : Successfully killed process cgroup uid 11292 pid 29561 in 135ms
04-29 13:59:03.855  1456  1605 W zygote  : kill(-29634, 9) failed: No such process
04-29 13:59:03.855  1456  1605 I zygote  : Successfully killed process cgroup uid 11292 pid 29634 in 0ms
04-29 13:59:03.855  1456  1605 W zygote  : kill(-29765, 9) failed: No such process
04-29 13:59:03.855  1456  1605 I zygote  : Successfully killed process cgroup uid 11292 pid 29765 in 0ms
04-29 13:59:03.873  1456  2923 I ActivityManager: Start proc 29905:org.mozilla.fennec_aurora/u0a1292 for activity org.mozilla.fennec_aurora/org.mozilla.fenix.IntentReceiverActivity
04-29 13:59:03.962 17373 17428 I MicroDetectionState: Should stop hotword detection immediately - false
04-29 13:59:03.963 17373 17428 I MicroDetector: Keeping mic open: false
04-29 13:59:03.963 17373 17402 E DeviceStateChecker: DeviceStateChecker cancelled
04-29 13:59:03.963 17373 17428 I RecognitionAudioControl: #shutdownAudio [requestId: -4016133126533404898, keepAudioOpen: false, forced: true]
04-29 13:59:03.963 17373 17428 I RecognitionAudioControl: #internalShutdownAudio [requestId: -4016133126533404898]
04-29 13:59:03.963 17373 17428 I RecognitionAudioControl: #internalShutdownAudio [keepAudioOpen: false, forced: true]
04-29 13:59:03.963 17373 17428 I RecognitionAudioControl: #actualShutdownAudio
04-29 13:59:03.963 17373 17428 I AudioController: #shutdown [requestId=-4016133126533404898]
04-29 13:59:03.963 17373 17392 I AudioController: internalShutdown
04-29 13:59:03.964 17373 17424 I MicroRecognitionRunner: Stopping hotword detection.
04-29 13:59:04.016 29905 29905 D FirebaseApp: com.google.firebase.auth.FirebaseAuth is not linked. Skipping initialization.
04-29 13:59:04.017 29905 29905 D FirebaseApp: com.google.firebase.crash.FirebaseCrash is not linked. Skipping initialization.
04-29 13:59:04.017 29905 29905 I FirebaseInitProvider: FirebaseApp initialization successful
04-29 13:59:04.023   788  1479 D audio_hw_primary: disable_audio_route: usecase(9) reset and update mixer path: audio-record
04-29 13:59:04.024   788  1479 D audio_hw_primary: disable_snd_device: snd_device(120: voice-rec-mic)
04-29 13:59:04.026  1012 19368 D APM_AudioPolicyManager: stopInput() input 325102, session 325217
04-29 13:59:04.027   788  1479 D audio_hw_primary: in_set_parameters: enter: kvpairs=routing=0
04-29 13:59:04.028 17373 17392 I MicrophoneInputStream: mic_close  SR : 16000 CC : 16 SO : 1999
04-29 13:59:04.028 17373 17392 E AudioSource: Stop listening is called on already closed AudioSource
04-29 13:59:04.030 17373 17475 I MicroRecognitionRunner: Detection finished
04-29 13:59:04.083 29905 29905 D FennecProfile: profiles.ini: true
04-29 13:59:04.084 29905 29923 I FA      : Collection disabled with firebase_analytics_collection_enabled=0
04-29 13:59:04.085 29905 29923 I FA      : App measurement is starting up, version: 12780
04-29 13:59:04.085 29905 29923 I FA      : To enable debug logging run: adb shell setprop log.tag.FA VERBOSE
04-29 13:59:04.085 29905 29923 I FA      : To enable faster debug mode event logging run:
04-29 13:59:04.085 29905 29923 I FA      :   adb shell setprop debug.firebase.analytics.app org.mozilla.fennec_aurora
04-29 13:59:04.087 29905 29905 D FennecProfile: Ignoring line in [general] section: StartWithLastProfile=1
04-29 13:59:04.087 29905 29905 D FennecProfile: Found 1 profiles
04-29 13:59:04.087 29905 29905 D FennecProfile: Found default profile: FennecProfile(name=default, path=/data/user/0/org.mozilla.fennec_aurora/files/mozilla/we8805nu.default, default=true)
04-29 13:59:04.092 29905 29905 D FennecMigrator: No migrations to run. Fennec install - false.
04-29 13:59:04.102 29905 29905 D FenixApplication: Initializing Glean (uploadEnabled=true, isFennec=true)
04-29 13:59:04.111 29905 29931 D RustNativeSupport: findMegazordLibraryName(viaduct, 0.57.0
04-29 13:59:04.111 29905 29931 D RustNativeSupport: lib in use: none
04-29 13:59:04.111 29905 29931 D RustNativeSupport: lib configured: megazord
04-29 13:59:04.111 29905 29931 D RustNativeSupport: lib version configured: 0.57.0
04-29 13:59:04.111 29905 29931 D RustNativeSupport: settled on megazord
04-29 13:59:04.127 29905 29930 D libglean_ffi: glean_ffi: Android logging should be hooked up!
04-29 13:59:04.132 29905 29905 D GeckoThread: State changed to LAUNCHED
04-29 13:59:04.132 29905 29934 I GeckoThread: preparing to run Gecko
04-29 13:59:04.133 29905 29930 I glean/Glean: Registering pings for mozilla.telemetry.glean.GleanMetrics.Pings
04-29 13:59:04.136 29905 29931 D RustNativeSupport: findMegazordLibraryName(rustlog, 0.57.0
04-29 13:59:04.136 29905 29931 D RustNativeSupport: lib in use: none
04-29 13:59:04.136 29905 29931 D RustNativeSupport: lib configured: megazord
04-29 13:59:04.137 29905 29931 D RustNativeSupport: lib version configured: 0.57.0
04-29 13:59:04.137 29905 29931 D RustNativeSupport: settled on megazord
04-29 13:59:04.140 29905 29905 D GeckoRuntime: Lifecycle: onCreate
04-29 13:59:04.141 29905 29934 D GeckoThread: State changed to MOZGLUE_READY
04-29 13:59:04.142 29905 29930 I libglean_ffi: glean_core: Creating new Glean
04-29 13:59:04.142 29905 29930 D libglean_ffi: glean_core::database: Database path: "/data/user/0/org.mozilla.fennec_aurora/glean_data/db"
04-29 13:59:04.142 29905 29930 I libglean_ffi: glean_core::database: Database initialized
04-29 13:59:04.143 29905 29931 I rc_log_ffi::ios: rc_log adapter initialized!
04-29 13:59:04.146 29905 29930 I libglean_ffi: glean_ffi: Glean initialized
04-29 13:59:04.154 29905 29934 W Settings: Setting animator_duration_scale has moved from android.provider.Settings.System to android.provider.Settings.Global, returning read-only global URI.
04-29 13:59:04.155 29905 29905 I zygote  : Deoptimizing java.lang.Object androidx.collection.SimpleArrayMap.put(java.lang.Object, java.lang.Object) due to JIT inline cache
04-29 13:59:04.157 29905 29934 E GeckoLibLoad: Load sqlite start
04-29 13:59:04.160 29905 29934 E GeckoLibLoad: Load sqlite done
04-29 13:59:04.161 29905 29934 E GeckoLibLoad: Load nss start
04-29 13:59:04.161 29905 29934 E GeckoLibLoad: Load nss done
04-29 13:59:04.162 29905 29930 D glean/MetricsPingSched: The 'metrics' ping was last sent on Wed Apr 29 00:00:00 EDT 2020
04-29 13:59:04.163 29905 29930 I glean/MetricsPingSched: The 'metrics' ping was already sent today, Wed Apr 29 13:59:04 EDT 2020.
04-29 13:59:04.164 29905 29930 D glean/MetricsPingSched: Scheduling the 'metrics' ping in 50455851ms
04-29 13:59:04.165 29905 29905 D GleanMetricsService: Enabling Glean.
04-29 13:59:04.181 29905 29934 E GeckoLibLoad: Loaded libs in 19.794169ms total, 13ms(53ms) user, 6ms(6ms) system, 0(0) faults
04-29 13:59:04.181 29905 29934 D GeckoThread: State changed to LIBS_READY
04-29 13:59:04.182 29905 29905 I glean/Dispatchers: Task queued for execution and delayed until flushed
04-29 13:59:04.182 29905 29930 D libglean_ffi: glean_core: Clearing Lifetime::Application metrics
04-29 13:59:04.185 29905 29934 W GeckoThread: zerdatime 20711250258 - runGecko
04-29 13:59:04.186 29905 29905 I AdjustMetricsService: No adjust token defined
04-29 13:59:04.187 29905 29934 D GeckoProfile: Loading profile at: null name: default
04-29 13:59:04.188 29905 29905 D PushConfig: Creating push configuration for autopush.
04-29 13:59:04.189 29905 29934 D GeckoProfile: Found profile dir: /data/user/0/org.mozilla.fennec_aurora/files/mozilla/we8805nu.default
04-29 13:59:04.196 29905 29905 I App     : AutoPushFeature is configured, initializing it...
04-29 13:59:04.198 29905 29905 I AutoPushFeature: Checking validity of push subscriptions.
04-29 13:59:04.208 29905 29905 D FennecProfile: profiles.ini: true
04-29 13:59:04.211 29905 29905 D FennecProfile: Ignoring line in [general] section: StartWithLastProfile=1
04-29 13:59:04.211 29905 29905 D FennecProfile: Found 1 profiles
04-29 13:59:04.211 29905 29905 D FennecProfile: Found default profile: FennecProfile(name=default, path=/data/user/0/org.mozilla.fennec_aurora/files/mozilla/we8805nu.default, default=true)
04-29 13:59:04.221 29905 29930 I libglean_ffi: glean_core: Upload enabled: true
04-29 13:59:04.227 29905 29905 D FennecMigrator: This is not a Fennec installation. No migration needed.
04-29 13:59:04.228 29905 29905 D SessionManager: onTrimMemory(15): clearThumbnails=true, closeEngineSessions=true
04-29 13:59:04.229 29905 29905 D SessionManager: Cleared 0 thumbnail(s) and unlinked 0 engine sessions(s)
04-29 13:59:04.242 29905 29933 W [WARNING][Leanplum]: [com.leanplum.internal.ActionManager::getLocationManager::8]: Geofencing support requires leanplum-location module and Google Play Services v8.1 and higher.
04-29 13:59:04.242 29905 29933 W [WARNING][Leanplum]: Add this to your build.gradle file:
04-29 13:59:04.242 29905 29933 W [WARNING][Leanplum]: implementation 'com.google.android.gms:play-services-location:8.3.0+'
04-29 13:59:04.242 29905 29933 W [WARNING][Leanplum]: implementation 'com.leanplum:leanplum-location:+'
04-29 13:59:04.253 29905 29933 I [INFO][Leanplum]: [com.leanplum.monitoring.ExceptionHandler::setContext::6]: LeanplumExceptionHandler could not initialize Exception Reporting.This is expected if you have not included the leanplum-monitoring module
04-29 13:59:04.264 29905 29905 D GeckoRuntime: Lifecycle: onStart
04-29 13:59:04.269 29905 29934 I Gecko:DumpUtils: Fifo watcher disabled via pref.
04-29 13:59:04.272 29905 29959 I [INFO][Leanplum]: [com.leanplum.LeanplumFcmProvider::isManifestSetup::11]: Firebase Messaging is setup correctly.
04-29 13:59:04.275 29905 29905 D GeckoRuntime: Lifecycle: onResume
04-29 13:59:04.276 29905 29905 D GeckoNetworkManager: Incoming event start for state OffNoListeners -> OnNoListeners
04-29 13:59:04.278 29905 29905 D GeckoNetworkManager: New network state: UP, WIFI, WIFI
04-29 13:59:04.300 29905 29967 D OpenGLRenderer: HWUI GL Pipeline
04-29 13:59:04.304 29905 29934 D GeckoSysInfo: System memory: 1867MB.
04-29 13:59:04.307 29905 29910 I zygote  : Do partial code cache collection, code=24KB, data=28KB
04-29 13:59:04.309 29905 29934 D GeckoThread: State changed to JNI_READY
04-29 13:59:04.309 29905 29910 I zygote  : After code cache collection, code=22KB, data=28KB
04-29 13:59:04.309 29905 29910 I zygote  : Increasing code cache capacity to 128KB
04-29 13:59:04.334  1456  7556 I ActivityManager: Start proc 29980:org.mozilla.fennec_aurora:tab0/u0a1292 for service org.mozilla.fennec_aurora/org.mozilla.gecko.process.GeckoChildProcessServices$tab0
04-29 13:59:04.336 29905 29970 D ServiceAllocator: org.mozilla.gecko.process.GeckoChildProcessServices$tab0 updateBindings: BACKGROUND priority, 0 importance, 2 successful binds, 0 failed binds, 0 successful unbinds, 0 failed unbinds
04-29 13:59:04.380  1456  5027 I ActivityManager: START u0 {act=android.intent.action.VIEW dat=https://example.com/... typ=text/html cmp=org.mozilla.fennec_aurora/org.mozilla.fenix.HomeActivity (has extras)} from uid 11292
04-29 13:59:04.395 29905 29905 D GeckoNetworkManager: Incoming event receivedUpdate for state OnNoListeners -> OnNoListeners
04-29 13:59:04.396 29905 29905 D GeckoNetworkManager: New network state: UP, WIFI, WIFI
04-29 13:59:04.400  1456  5027 I WifiService: getDhcpInfo uid=11292
04-29 13:59:04.443 29905 29959 D NetworkSecurityConfig: No Network Security Config specified, using platform default
04-29 13:59:04.457 29905 29967 I Adreno  : QUALCOMM build                   : bb5b86c, I77d3059488
04-29 13:59:04.457 29905 29967 I Adreno  : Build Date                       : 06/07/18
04-29 13:59:04.457 29905 29967 I Adreno  : OpenGL ES Shader Compiler Version: EV031.22.00.01_06
04-29 13:59:04.457 29905 29967 I Adreno  : Local Branch                     : 
04-29 13:59:04.457 29905 29967 I Adreno  : Remote Branch                    : refs/tags/AU_LINUX_ANDROID_LA.UM.6.5.R1.08.01.00.312.086
04-29 13:59:04.457 29905 29967 I Adreno  : Remote Branch                    : NONE
04-29 13:59:04.457 29905 29967 I Adreno  : Reconstruct Branch               : NOTHING
04-29 13:59:04.458 29905 29967 D vndksupport: Loading /vendor/lib/hw/gralloc.msm8937.so from current namespace instead of sphal namespace.
04-29 13:59:04.469 29905 29967 I Adreno  : PFP: 0x005ff087, ME: 0x005ff063
04-29 13:59:04.483 29905 29967 I zygote  : android::hardware::configstore::V1_0::ISurfaceFlingerConfigs::hasWideColorDisplay retrieved: 0
04-29 13:59:04.485 29905 29967 I OpenGLRenderer: Initialized EGL, version 1.4
04-29 13:59:04.486 29905 29967 D OpenGLRenderer: Swap behavior 2
04-29 13:59:04.489 29980 29980 D GeckoThread: State changed to LAUNCHED
04-29 13:59:04.490 29980 30003 I GeckoThread: preparing to run Gecko
04-29 13:59:04.530  1456  7556 I WindowManager: Keep hide if surface has never drawn Window{9d67b77 u0 org.mozilla.fennec_aurora/org.mozilla.fenix.IntentReceiverActivity}
04-29 13:59:04.532  1456  7556 I WindowManager: Failed to capture screenshot of Token{681c0fa ActivityRecord{a784725 u0 org.mozilla.fennec_aurora/org.mozilla.fenix.IntentReceiverActivity t66683 f}} appWin=Window{9d67b77 u0 org.mozilla.fennec_aurora/org.mozilla.fenix.IntentReceiverActivity} drawState=1
04-29 13:59:04.543 29905 29905 I [INFO][Leanplum]: [com.leanplum.LeanplumCloudMessagingProvider::onRegistrationIdReceived::3]: Device registered for push notifications with registration token, cQKsgnemz_I:APA91bEoAtKe5WLrcN1VIEUiYpIUR9oVbrNGVE4YgpPR3luhcWFnkWNkKCP_nmfJZ8mvf4aHkythc40KGJH4AtwqM7Ad5RXNdwW2aMgrLJhFdK2Bitp1C2v_dR0DQPb3Iam9Kuj2FUew
04-29 13:59:04.549 29905 29905 D MigrationPushRenewer: Migration state: NONE
04-29 13:59:04.550 29905 29905 D MigrationTelemetryListener: Migration state: NONE
04-29 13:59:04.571  1456  1673 I LaunchCheckinHandler: Displayed org.mozilla.fennec_aurora/org.mozilla.fenix.IntentReceiverActivity,cp,ca,707
04-29 13:59:04.594 29905 29905 D PhoneWindow: Restoring navigation bar divider color to default value = 0x00000000
04-29 13:59:04.651 29905 29910 I zygote  : Do partial code cache collection, code=62KB, data=54KB
04-29 13:59:04.653 29905 29910 I zygote  : After code cache collection, code=54KB, data=50KB
04-29 13:59:04.653 29905 29910 I zygote  : Increasing code cache capacity to 256KB
04-29 13:59:04.656 29905 29905 I NavController: Ignoring popBackStack to destination org.mozilla.fennec_aurora:id/browserFragment as it was not found on the current back stack
04-29 13:59:04.855 29905 29905 I FirefoxAccountStateMachine: Enabling/updating sync with a new SyncConfig: SyncConfig(supportedEngines=[mozilla.components.service.fxa.SyncEngine$History@53b74de, mozilla.components.service.fxa.SyncEngine$Bookmarks@9a096bf, mozilla.components.service.fxa.SyncEngine$Passwords@e08918c], syncPeriodInMinutes=240)
04-29 13:59:04.858 29905 29905 I BgSyncManager: Periodic syncing enabled at a 240 interval
04-29 13:59:04.859 29905 29905 I FirefoxAccountStateMachine: Sync is enabled
04-29 13:59:04.866 29905 30014 I FirefoxAccountStateMachine: Processing event Event$Init for state Start. Next state is Start
04-29 13:59:04.883 29905 29949 D RustNativeSupport: findMegazordLibraryName(places, 0.57.0
04-29 13:59:04.883 29905 29949 D RustNativeSupport: lib in use: none
04-29 13:59:04.883 29905 29949 D RustNativeSupport: lib configured: megazord
04-29 13:59:04.883 29905 29949 D RustNativeSupport: lib version configured: 0.57.0
04-29 13:59:04.883 29905 29949 D RustNativeSupport: settled on megazord
04-29 13:59:04.886 29905 29949 D places_ffi: places_api_new
04-29 13:59:04.891 29905 30014 I FirefoxAccountStateMachine: Ran 'Event$Init' side-effects for state Start, got successive event Event$AccountNotFound
04-29 13:59:04.891 29905 30014 I FirefoxAccountStateMachine: Processing event Event$AccountNotFound for state Start. Next state is NotAuthenticated
04-29 13:59:04.894 29905 30014 D RustNativeSupport: findMegazordLibraryName(fxaclient, 0.57.0
04-29 13:59:04.894 29905 30014 D RustNativeSupport: lib in use: none
04-29 13:59:04.894 29905 30014 D RustNativeSupport: lib configured: megazord
04-29 13:59:04.894 29905 30014 D RustNativeSupport: lib version configured: 0.57.0
04-29 13:59:04.894 29905 30014 D RustNativeSupport: settled on megazord
04-29 13:59:04.897 29905 30014 D fxaclient_ffi: fxa_new
04-29 13:59:04.910 29905 29934 D GeckoThread: State changed to PROFILE_READY
04-29 13:59:04.945 29905 29949 D sql_support::conn_ext: Transaction commited after 40.930681ms
04-29 13:59:04.947 29905 29949 D places_ffi: places_connection_new
04-29 13:59:04.951 29905 29949 D places_ffi: places_connection_new
04-29 13:59:04.969 29905 29949 D places_ffi: bookmarks_get_all_with_url
04-29 13:59:05.013 29905 29934 D GeckoThread: State changed to RUNNING
04-29 13:59:05.017 29905 30014 W FirefoxAccountStateMachine: Got invalid event Event$Init for state NotAuthenticated.
04-29 13:59:05.032 29905 29934 I Gecko   : -*- nsDNSServiceDiscovery.js : nsDNSServiceDiscovery
04-29 13:59:05.062 29905 30021 W LOTTIE  : Animation contains merge paths. Merge paths are only supported on KitKat+ and must be manually enabled by calling enableMergePathsForKitKatAndAbove().
04-29 13:59:05.063 29905 29910 I zygote  : Do full code cache collection, code=124KB, data=98KB
04-29 13:59:05.065 29905 29910 I zygote  : After code cache collection, code=94KB, data=59KB
04-29 13:59:05.073   808   898 I SFPerfTracer:      triggers: (rate: 0:1) (0 sw vsyncs) (0 skipped) (0:6786838 vsyncs) (1:13865729)
04-29 13:59:05.103  1456  7556 I ActivityManager: Displayed org.mozilla.fennec_aurora/org.mozilla.fenix.HomeActivity: +577ms (total +1s239ms)
04-29 13:59:05.103  1456  7556 I ActivityManager: Fully drawn org.mozilla.fennec_aurora/org.mozilla.fenix.HomeActivity: +577ms (total +1s239ms)
04-29 13:59:05.145 29905 30031 I Gecko   : [GFX1-]: Failed to create EGLContext!: 0x300c
04-29 13:59:05.150 29905 29967 D vndksupport: Loading /vendor/lib/hw/android.hardware.graphics.mapper@2.0-impl.so from current namespace instead of sphal namespace.
04-29 13:59:05.155 29905 29967 D vndksupport: Loading /vendor/lib/hw/gralloc.msm8937.so from current namespace instead of sphal namespace.
04-29 13:59:05.193 29905 29905 D GeckoNetworkManager: Incoming event enableNotifications for state OnNoListeners -> OnWithListeners
04-29 13:59:05.195 29905 29905 D GeckoNetworkManager: New network state: UP, WIFI, WIFI
04-29 13:59:05.197 29905 29934 W ResourceType: Too many attribute references, stopped at: 0x01010099
04-29 13:59:05.200 29905 29905 W LOTTIE  : Animation contains merge paths but they are disabled.
04-29 13:59:05.252 29905 29934 W GeckoEventDispatcher: No listener for GeckoView:AccessibilityEnabled
04-29 13:59:05.271 29905 29905 D GeckoNetworkManager: Incoming event receivedUpdate for state OnWithListeners -> OnWithListeners
04-29 13:59:05.274 29905 29905 D GeckoNetworkManager: New network state: UP, WIFI, WIFI
04-29 13:59:05.290 17373 17373 I MemoryTrimmer: Trimming objects from memory, since app is in the background.
04-29 13:59:05.303 17373 17373 I MemoryTrimmer: Trimming objects from memory, since app is in the background.
04-29 13:59:05.305 17373 13370 I PBSessionCacheImpl: Deleted sessionId[76408848338817301] from persistence.
04-29 13:59:05.314  1456  7556 I WifiService: getWifiEnabledState uid=10073
04-29 13:59:05.317 17373 17428 I DEBUG   : OpaToSrpTransitionState#onStateChanged#notNullQuery
04-29 13:59:05.318 17373 17428 I DEBUG   : OpaToSrpTransitionState#onStateChanged#notNullQuery
04-29 13:59:05.326 17373 17428 W SearchServiceCore: Abort, client detached.
04-29 13:59:05.331 29905 29910 I zygote  : Do partial code cache collection, code=117KB, data=86KB
04-29 13:59:05.333 29905 29910 I zygote  : After code cache collection, code=117KB, data=86KB
04-29 13:59:05.333 29905 29910 I zygote  : Increasing code cache capacity to 512KB
04-29 13:59:05.456 29905 29934 W ResourceType: Too many attribute references, stopped at: 0x01010099
04-29 13:59:05.570 29980 30003 D GeckoThread: State changed to MOZGLUE_READY
04-29 13:59:05.579 29980 30003 W Settings: Setting animator_duration_scale has moved from android.provider.Settings.System to android.provider.Settings.Global, returning read-only global URI.
04-29 13:59:05.581 29905 29970 D ServiceAllocator: org.mozilla.gecko.process.GeckoChildProcessServices$tab0 updateBindings: FOREGROUND priority, 2 importance, 1 successful binds, 0 failed binds, 0 successful unbinds, 0 failed unbinds
04-29 13:59:05.583 29980 30003 E GeckoLibLoad: Load sqlite start
04-29 13:59:05.585 29980 30003 E GeckoLibLoad: Load sqlite done
04-29 13:59:05.585 29980 30003 E GeckoLibLoad: Load nss start
04-29 13:59:05.585 29980 30003 E GeckoLibLoad: Load nss done
04-29 13:59:05.599 29905 29934 I GeckoSession: zerdatime 20711251672 - chrome startup finished
04-29 13:59:05.602 29980 30003 E GeckoLibLoad: Loaded libs in 17.101460ms total, 6ms(6ms) user, 9ms(10ms) system, 0(0) faults
04-29 13:59:05.602 29980 30003 D GeckoThread: State changed to LIBS_READY
04-29 13:59:05.603 29980 30003 W GeckoThread: zerdatime 20711251676 - runGecko
04-29 13:59:05.750 29980 30003 D GeckoThread: State changed to RUNNING
04-29 13:59:05.786 29980 30003 W ResourceType: Too many attribute references, stopped at: 0x01010099
04-29 13:59:05.915 29980 29980 D GeckoNetworkManager: Incoming event enableNotifications for state OffNoListeners -> OffWithListeners
04-29 13:59:05.917 29980 29980 D GeckoNetworkManager: New network state: UP, WIFI, WIFI
