02-18 17:26:10.619   788 12166 D         : Failed to fetch the lookup information of the device 0000003E 
02-18 17:26:10.619   788 12166 D ACDB-LOADER: ACDB -> AUDIO_SET_AFE_CAL
02-18 17:26:10.619   788 12166 D ACDB-LOADER: ACDB -> send_hw_delay : acdb_id = 62 path = 1
02-18 17:26:10.619   788 12166 D ACDB-LOADER: ACDB -> ACDB_AVSYNC_INFO: ACDB_CMD_GET_DEVICE_PROPERTY
02-18 17:26:10.619   788 12166 D audio_hw_primary: enable_snd_device: snd_device(120: voice-rec-mic)
02-18 17:26:10.619   788 12166 D audio_route: Apply path: voice-rec-mic
02-18 17:26:10.622   788 12166 V msm8974_platform: platform_get_snd_device_backend_index: enter with device 120
02-18 17:26:10.622   788 12166 E msm8974_platform: platform_get_snd_device_backend_index: BE DAI Name Table is not present
02-18 17:26:10.622   788 12166 V msm8974_platform: platform_get_backend_index:napb: backend port - 5 device - 120 
02-18 17:26:10.622   788 12166 I audio_hw_utils: Set Audio Stream Capture 0 App Type Cfg: app_type 69936, acdb_dev_id 62, sample_rate 48000, snd_device_be_idx -14
02-18 17:26:10.622   788 12166 D audio_hw_primary: enable_audio_route: usecase(9) apply and update mixer path: audio-record
02-18 17:26:10.622   788 12166 D audio_route: Apply path: audio-record
02-18 17:26:10.693 20270 21092 I MicroDetectionWorker: onReady
02-18 17:26:10.979  1456  7796 I OpenGLRenderer: Initialized EGL, version 1.4
02-18 17:26:10.979  1456  7796 D OpenGLRenderer: Swap behavior 2
02-18 17:26:10.996   808   808 I SFPerfTracer:      triggers: (rate: 51:553549) (compose: 0:6) (post: 0:19) (render: 0:16) (12:4943090 frames) (13:6555241)
02-18 17:26:10.996   808   808 D SFPerfTracer:        layers: (4:14) (NavigationBar#0 (0xb07df000): 0:569473) (StatusBar#0 (0xb07e3000): 0:1565615) (com.android.systemui.ImageWallpaper#0 (0xb07e7000): 0:50050) (Sprite#0 (0xb0733000): 0:317)* (DimLayerController/Stack=0#0 (0xb075a000): 0:3734)* (Sprite#1 (0xb077c000): 0:195)* (animation background stackId=1#0 (0xb039b000): 0:2)* (org.mozilla.fenix.nightly/org.mozilla.fenix.HomeActivity#0 (0xb00f3000): 0:46)- (com.android.launcher3/com.android.launcher3.CustomizationPanelLauncher#0 (0xb0763000): 0:40)- (com.android.launcher3/com.android.launcher3.CustomizationPanelLauncher#1 (0xb0771000): 0:14)- (Splash Screen org.mozilla.fenix.nightly#0 (0xb0384000): 0:30)- (org.mozilla.fenix.nightly/org.mozilla.fenix.HomeActivity#0 (0xb00f3000): 12:45)* (com.android.launcher3/com.android.launcher3.CustomizationPanelLauncher#0 (0xb0763000): 13:28)* (com.android.launcher3/com.android.launcher3.CustomizationPanelLauncher#1 (0xb0771000): 1:5) 
02-18 17:26:11.026  2748  2917 W OpenGLRenderer: Incorrectly called buildLayer on View: ShortcutAndWidgetContainer, destroying layer...
02-18 17:26:11.162 11927 11987 I chatty  : uid=11008(org.mozilla.fenix.nightly) expire 1 line
02-18 17:26:15.620  1456  5050 I ActivityManager: Force stopping org.mozilla.fenix.nightly appid=11008 user=0: from pid 12170
02-18 17:26:15.621  1456  5050 I ActivityManager: Killing 11927:org.mozilla.fenix.nightly/u0a1008 (adj 700): stop org.mozilla.fenix.nightly
02-18 17:26:15.623  1456  1605 W zygote  : kill(-11927, 9) failed: No such process
02-18 17:26:15.625  1456  5050 W ActivityManager: Force removing ActivityRecord{ec761db u0 org.mozilla.fenix.nightly/org.mozilla.fenix.HomeActivity t26964}: app died, no saved state
02-18 17:26:15.634  1456  5050 I ActivityManager: Killing 12040:org.mozilla.fenix.nightly:socket/u0a1008 (adj 0): stop org.mozilla.fenix.nightly
02-18 17:26:15.638  1456  5050 I ActivityManager: Killing 12015:org.mozilla.fenix.nightly:tab/u0a1008 (adj 0): stop org.mozilla.fenix.nightly
02-18 17:26:15.640  1456  1605 W zygote  : kill(-11927, 9) failed: No such process
02-18 17:26:15.643 11227 11227 I AppBase : onTrimMemory(): 60
02-18 17:26:15.654  2398  2398 D CarrierSvcBindHelper: No carrier app for: 0
02-18 17:26:15.655  2398  2398 D CarrierSvcBindHelper: No carrier app for: 1
02-18 17:26:15.657  1456  1605 W zygote  : kill(-11927, 9) failed: No such process
02-18 17:26:15.699  1456  1605 I chatty  : uid=1000(system) ActivityManager identical 3 lines
02-18 17:26:15.708  1456  1673 W ActivityManager: setHasOverlayUi called on unknown pid: 11927
02-18 17:26:15.713  1456  1605 W zygote  : kill(-11927, 9) failed: No such process
02-18 17:26:15.713  1456  1605 I zygote  : Successfully killed process cgroup uid 11008 pid 11927 in 90ms
02-18 17:26:15.713  1456  1605 W zygote  : kill(-12040, 9) failed: No such process
02-18 17:26:15.713  1456  1605 I zygote  : Successfully killed process cgroup uid 11008 pid 12040 in 0ms
02-18 17:26:15.714  1456  1605 W zygote  : kill(-12015, 9) failed: No such process
02-18 17:26:15.714  1456  1605 I zygote  : Successfully killed process cgroup uid 11008 pid 12015 in 0ms
02-18 17:26:15.747  1456  2162 I ActivityManager: START u0 {act=android.intent.action.MAIN cat=[android.intent.category.LAUNCHER] flg=0x10000000 cmp=org.mozilla.fenix.nightly/org.mozilla.fenix.HomeActivity} from uid 2000
02-18 17:26:15.748   794   839 E ANDR-PERF-RESOURCEQS: Failed to apply optimization [4, 0]
02-18 17:26:15.768  1456  4802 I ActivityManager: Start proc 12177:org.mozilla.fenix.nightly/u0a1008 for activity org.mozilla.fenix.nightly/org.mozilla.fenix.HomeActivity
02-18 17:26:15.857 20270 21092 I MicroDetectionState: Should stop hotword detection immediately - false
02-18 17:26:15.857 20270 21092 I MicroDetector: Keeping mic open: false
02-18 17:26:15.857 20270 10216 E DeviceStateChecker: DeviceStateChecker cancelled
02-18 17:26:15.857 20270 21092 I RecognitionAudioControl: #shutdownAudio [requestId: 7225349352670711076, keepAudioOpen: false, forced: true]
02-18 17:26:15.857 20270 21092 I RecognitionAudioControl: #internalShutdownAudio [requestId: 7225349352670711076]
02-18 17:26:15.858 20270 21092 I RecognitionAudioControl: #internalShutdownAudio [keepAudioOpen: false, forced: true]
02-18 17:26:15.858 20270 21092 I RecognitionAudioControl: #actualShutdownAudio
02-18 17:26:15.858 20270 21092 I AudioController: #shutdown [requestId=7225349352670711076]
02-18 17:26:15.858 20270 20380 I AudioController: internalShutdown
02-18 17:26:15.858 20270 21131 I MicroRecognitionRunner: Stopping hotword detection.
02-18 17:26:15.913   788  1401 D audio_hw_primary: disable_audio_route: usecase(9) reset and update mixer path: audio-record
02-18 17:26:15.914   788  1401 D audio_hw_primary: disable_snd_device: snd_device(120: voice-rec-mic)
02-18 17:26:15.916  1012  1302 D APM_AudioPolicyManager: stopInput() input 145486, session 145585
02-18 17:26:15.916   788  1401 D audio_hw_primary: in_set_parameters: enter: kvpairs=routing=0
02-18 17:26:15.920 20270 20380 I MicrophoneInputStream: mic_close  SR : 16000 CC : 16 SO : 1999
02-18 17:26:15.920 20270 20380 E AudioSource: Stop listening is called on already closed AudioSource
02-18 17:26:15.923 20270  3703 I MicroRecognitionRunner: Detection finished
02-18 17:26:15.942 12177 12177 I chatty  : uid=11008(org.mozilla.fenix.nightly) expire 45 lines
02-18 17:26:16.016 12177 12197 I chatty  : uid=11008(org.mozilla.fenix.nightly) expire 4 lines
02-18 17:26:16.037  1456  4802 D ConnectivityService: requestNetwork for uid/pid:11008/12177 NetworkRequest [ TRACK_DEFAULT id=27390, [ Capabilities: INTERNET&NOT_RESTRICTED&TRUSTED&NOT_VPN] ]
02-18 17:26:16.038  1456  2099 D Ethernet: got request NetworkRequest [ TRACK_DEFAULT id=27390, [ Capabilities: INTERNET&NOT_RESTRICTED&TRUSTED&NOT_VPN] ] with score 0
02-18 17:26:16.039  1456  2054 D WIFI_UT : got request NetworkRequest [ TRACK_DEFAULT id=27390, [ Capabilities: INTERNET&NOT_RESTRICTED&TRUSTED&NOT_VPN] ] with score 0
02-18 17:26:16.039  1456  2054 D WIFI    : got request NetworkRequest [ TRACK_DEFAULT id=27390, [ Capabilities: INTERNET&NOT_RESTRICTED&TRUSTED&NOT_VPN] ] with score 0
02-18 17:26:16.039  2398  2398 D PhoneSwitcherNetworkRequstListener: got request NetworkRequest [ TRACK_DEFAULT id=27390, [ Capabilities: INTERNET&NOT_RESTRICTED&TRUSTED&NOT_VPN] ] with score 0
02-18 17:26:16.077 12177 12208 I chatty  : uid=11008(org.mozilla.fenix.nightly) expire 2 lines
02-18 17:26:16.087 12177 12211 I chatty  : uid=11008(org.mozilla.fenix.nightly) expire 11 lines
02-18 17:26:16.109 12177 12182 I chatty  : uid=11008(org.mozilla.fenix.nightly) expire 8 lines
02-18 17:26:16.147 12177 12217 I chatty  : uid=11008(org.mozilla.fenix.nightly) expire 30 lines
02-18 17:26:16.235 12177 12220 I chatty  : uid=11008(org.mozilla.fenix.nightly) expire 1 line
02-18 17:26:16.270 12177 12231 I chatty  : uid=11008(org.mozilla.fenix.nightly) expire 10 lines
02-18 17:26:16.631  1456  4802 I ActivityManager: Start proc 12272:org.mozilla.fenix.nightly:tab/u0a1008 for service org.mozilla.fenix.nightly/org.mozilla.gecko.process.GeckoServiceChildProcess$tab
02-18 17:26:16.651 12177 12285 I chatty  : uid=11008(org.mozilla.fenix.nightly) expire 9 lines
02-18 17:26:16.752  1456  4802 I ActivityManager: Start proc 12296:org.mozilla.fenix.nightly:socket/u0a1008 for service org.mozilla.fenix.nightly/org.mozilla.gecko.process.GeckoServiceChildProcess$socket
02-18 17:26:16.769 12272 12272 I chatty  : uid=11008(org.mozilla.fenix.nightly) expire 1 line
02-18 17:26:16.770 12272 12309 I chatty  : uid=11008(org.mozilla.fenix.nightly) expire 1 line
02-18 17:26:16.876 12296 12296 I chatty  : uid=11008(org.mozilla.fenix.nightly) expire 1 line
02-18 17:26:16.877 12296 12313 I chatty  : uid=11008(org.mozilla.fenix.nightly) expire 15 lines
02-18 17:26:16.973  1456  4802 I ActivityManager: Displayed org.mozilla.fenix.nightly/org.mozilla.fenix.HomeActivity: +1s217ms
02-18 17:26:16.973  1456  4802 I ActivityManager: Fully drawn org.mozilla.fenix.nightly/org.mozilla.fenix.HomeActivity: +1s217ms
02-18 17:26:17.003 12177 12318 I chatty  : uid=11008(org.mozilla.fenix.nightly) expire 1 line
02-18 17:26:17.025  1456  1673 I LaunchCheckinHandler: Displayed org.mozilla.fenix.nightly/org.mozilla.fenix.HomeActivity,cp,ca,1268
02-18 17:26:17.100 10935 10935 I Finsky  : [2] ppb.onTrimMemory(1): Memory trim requested to level 80
02-18 17:26:17.113 20270 20270 I MemoryTrimmer: Trimming objects from memory, since app is in the background.
02-18 17:26:17.124 11227 11227 I AppBase : onTrimMemory(): 60
02-18 17:26:17.126 20270 21092 E AudioSource: Stop listening is called on already closed AudioSource
02-18 17:26:17.130 20270 20270 I MemoryTrimmer: Trimming objects from memory, since app is in the background.
02-18 17:26:17.131 20270  3704 I PBSessionCacheImpl: Deleted sessionId[89149984825572485] from persistence.
02-18 17:26:17.137  1456  2916 I WifiService: getWifiEnabledState uid=10073
02-18 17:26:17.143 20270 21092 I DEBUG   : OpaToSrpTransitionState#onStateChanged#notNullQuery
02-18 17:26:17.144 20270 21092 I DEBUG   : OpaToSrpTransitionState#onStateChanged#notNullQuery
02-18 17:26:17.146 20270 21092 W SearchServiceCore: Abort, client detached.
02-18 17:26:17.405   808   898 I SFPerfTracer:      triggers: (rate: 0:1) (0 sw vsyncs) (0 skipped) (17:3777206 vsyncs) (19:6612001)
02-18 17:26:17.900  1023 12370 D libc    : Internal error: netid(0), id(0x5ac9), server(0.0.0.0)
02-18 17:26:17.901  1023 12370 D libc    : Internal error: netid(0), id(0x5ac9), server(0.0.0.0)
02-18 17:26:17.901  1023 12370 D libc    : Internal error: netid(0), id(0xacb), server(0.0.0.0)
02-18 17:26:17.901  1023 12370 D libc    : Internal error: netid(0), id(0xacb), server(0.0.0.0)
02-18 17:26:17.932 12177 12338 I chatty  : uid=11008(org.mozilla.fenix.nightly) expire 2 lines
02-18 17:26:18.073  1023 12378 D libc    : Internal error: netid(0), id(0x1e99), server(0.0.0.0)
02-18 17:26:18.073  1023 12378 D libc    : Internal error: netid(0), id(0x1e99), server(0.0.0.0)
02-18 17:26:18.073  1023 12378 D libc    : Internal error: netid(0), id(0xd385), server(0.0.0.0)
02-18 17:26:18.073  1023 12378 D libc    : Internal error: netid(0), id(0xd385), server(0.0.0.0)
02-18 17:26:18.074  1023 12380 D libc    : Internal error: netid(0), id(0x1ac3), server(0.0.0.0)
02-18 17:26:18.075  1023 12380 D libc    : Internal error: netid(0), id(0x1ac3), server(0.0.0.0)
02-18 17:26:18.075  1023 12380 D libc    : Internal error: netid(0), id(0x9dbe), server(0.0.0.0)
02-18 17:26:18.075  1023 12380 D libc    : Internal error: netid(0), id(0x9dbe), server(0.0.0.0)
02-18 17:26:18.077  1023 12384 D libc    : Internal error: netid(0), id(0x92b6), server(0.0.0.0)
02-18 17:26:18.077  1023 12384 D libc    : Internal error: netid(0), id(0x92b6), server(0.0.0.0)
02-18 17:26:18.077  1023 12384 D libc    : Internal error: netid(0), id(0xcfe9), server(0.0.0.0)
02-18 17:26:18.077  1023 12384 D libc    : Internal error: netid(0), id(0xcfe9), server(0.0.0.0)
02-18 17:26:21.410 12404 12404 D AndroidRuntime: >>>>>> START com.android.internal.os.RuntimeInit uid 2000 <<<<<<
02-18 17:26:21.423 12404 12404 W app_process: Could not reserve sentinel fault page
02-18 17:26:21.591 12404 12404 I app_process: The ClassLoaderContext is a special shared library.
02-18 17:26:21.657 12404 12404 D AndroidRuntime: Calling main entry com.android.commands.input.Input
02-18 17:26:21.658 12404 12404 I Input   : injectKeyEvent: KeyEvent { action=ACTION_DOWN, keyCode=KEYCODE_HOME, scanCode=0, metaState=0, flags=0x0, repeatCount=0, eventTime=14140836938, downTime=14140836938, deviceId=-1, source=0x101 }
02-18 17:26:21.667 12404 12404 I Input   : injectKeyEvent: KeyEvent { action=ACTION_UP, keyCode=KEYCODE_HOME, scanCode=0, metaState=0, flags=0x0, repeatCount=0, eventTime=14140836938, downTime=14140836938, deviceId=-1, source=0x101 }
02-18 17:26:21.674  1456  1941 I ActivityManager: START u0 {act=android.intent.action.MAIN cat=[android.intent.category.HOME] flg=0x10200000 cmp=com.android.launcher3/.CustomizationPanelLauncher (has extras)} from uid 1000
02-18 17:26:21.674   794   839 E ANDR-PERF-RESOURCEQS: Failed to apply optimization [4, 0]
02-18 17:26:21.686  1456  1941 I ActivityManager: moveHomeStack, setupComplete:true
02-18 17:26:21.691 20270 23357 I Adreno  : QUALCOMM build                   : bb5b86c, I77d3059488
02-18 17:26:21.691 20270 23357 I Adreno  : Build Date                       : 06/07/18
02-18 17:26:21.691 20270 23357 I Adreno  : OpenGL ES Shader Compiler Version: EV031.22.00.01_06
02-18 17:26:21.691 20270 23357 I Adreno  : Local Branch                     : 
02-18 17:26:21.691 20270 23357 I Adreno  : Remote Branch                    : refs/tags/AU_LINUX_ANDROID_LA.UM.6.5.R1.08.01.00.312.086
02-18 17:26:21.691 20270 23357 I Adreno  : Remote Branch                    : NONE
02-18 17:26:21.691 20270 23357 I Adreno  : Reconstruct Branch               : NOTHING
02-18 17:26:21.694 20270 23357 D vndksupport: Loading /vendor/lib/hw/gralloc.msm8937.so from current namespace instead of sphal namespace.
02-18 17:26:21.698 20270 23357 I Adreno  : PFP: 0x005ff087, ME: 0x005ff063
02-18 17:26:21.698 12404 12404 D AndroidRuntime: Shutting down VM
02-18 17:26:21.702 20270 23357 I zygote  : android::hardware::configstore::V1_0::ISurfaceFlingerConfigs::hasWideColorDisplay retrieved: 0
02-18 17:26:21.703 20270 23357 I OpenGLRenderer: Initialized EGL, version 1.4
02-18 17:26:21.703 20270 23357 D OpenGLRenderer: Swap behavior 2
02-18 17:26:21.712  2748  2748 D Launcher.Utilities: Wakeup weather: Intent { act=com.motorola.launcher3.action.WAKEUP_WEATHER cmp=com.motorola.timeweatherwidget/com.motorola.commandcenter.weather.WakeUpService }
02-18 17:26:21.724  1456  1456 I NotificationService: Cannot find enqueued record for key: 0|com.motorola.timeweatherwidget|1|null|10116
02-18 17:26:21.728   808   808 D SurfaceFlinger: duplicate layer name: changing com.android.launcher3/com.android.launcher3.CustomizationPanelLauncher to com.android.launcher3/com.android.launcher3.CustomizationPanelLauncher#1
02-18 17:26:21.740 20270 21124 W ThreadPoolDumper: Queue length for executor EventBus is now 11. Perhaps some tasks are too long, or the pool is too small.
02-18 17:26:21.742  1456  2916 I WifiService: getWifiEnabledState uid=10073
02-18 17:26:21.756  1456  2920 I WifiService: getWifiEnabledState uid=10073
02-18 17:26:21.765 20270 21092 I DEBUG   : OpaToSrpTransitionState#onStateChanged#notNullQuery
02-18 17:26:21.766 20270 21092 I DEBUG   : OpaToSrpTransitionState#onStateChanged#notNullQuery
02-18 17:26:21.772 10935 10935 I Finsky  : [2] ppb.onTrimMemory(1): Memory trim requested to level 80
02-18 17:26:21.789 20270 21092 I MicroDetectionState: Should stop hotword detection immediately - false
02-18 17:26:21.792 20270 21092 I MicroDetectionWorker: #startMicroDetector [speakerMode: 0]
02-18 17:26:21.794 20270 21092 I AudioController: Created new AudioSource
02-18 17:26:21.817  1456  1673 I LaunchCheckinHandler: Displayed com.android.launcher3/.CustomizationPanelLauncher,wp,wa,143
02-18 17:26:21.819 20270 21107 I MicroDataManager: isInitializedWithLatestParams-true
02-18 17:26:21.819 20270 21107 I MicroDataManager: isInitializing-false locale not changed-true model not changed-true
02-18 17:26:21.819 20270 21107 I MicroDataManager: Already initialized, obtaining the hotword data immediately.
02-18 17:26:21.824 20270 10216 I MicroRecognitionRunner: Starting detection.
02-18 17:26:21.824 20270 10216 I InputStreamUtils: Using micInputStream
02-18 17:26:21.825 20270  3704 I MicrophoneInputStream: mic_starting  SR : 16000 CC : 16 SO : 1999
02-18 17:26:21.827   788  1401 V msm8974_platform: platform_check_input_mask: enter check_input_mask source 6 mask 10
02-18 17:26:21.829  1012 12420 I AudioFlinger: AudioFlinger's thread 0xb2483e00 tid=12420 ready to run
02-18 17:26:21.834   788  1401 D audio_hw_primary: in_set_parameters: enter: kvpairs=input_source=6;routing=-2147483644
02-18 17:26:21.836  1012  1390 D APM_AudioPolicyManager: AudioPolicyManager::startInput() input 145494, session 145593, source = 1999
02-18 17:26:21.837 20270  3704 I MicrophoneInputStream: mic_started  SR : 16000 CC : 16 SO : 1999
02-18 17:26:21.839   788 12421 V msm8974_platform: platform_update_usecase_from_source: input source :6
02-18 17:26:21.839   788 12421 V msm8974_platform: platform_check_input_mask: enter check_input_mask source 6 mask 10
02-18 17:26:21.839   788 12421 V msm8974_platform: platform_get_input_snd_device: enter: out_device(0) in_device(0x4) channel_count (1) channel_mask (0x10)
02-18 17:26:21.839   788 12421 V msm8974_platform: platform_get_input_snd_device: exit: in_snd_device(voice-rec-mic)
02-18 17:26:21.839   788 12421 V msm8974_platform: platform_get_backend_index:napb: backend port - 5 device - 120 
02-18 17:26:21.839   788 12421 V msm8974_platform: platform_check_and_set_capture_backend_cfg:txbecf: afe: bitwidth 0, samplerate 0, channel 1, backend_idx 5 usecase = 9 device (voice-rec-mic)
02-18 17:26:21.839   788 12421 V msm8974_platform: platform_check_capture_backend_cfg:txbecf: afe: Codec selected backend: 5 current bit width: 0 and sample rate: 0, channels 1
02-18 17:26:21.839   788 12421 V msm8974_platform: platform_check_capture_backend_cfg:txbecf: afe: Codec selected backend: 5 updated bit width: 0 and sample rate: 0
02-18 17:26:21.839   788 12421 I msm8974_platform: platform_check_capture_backend_cfg:txbecf: afe: Codec backend needs to be updated. new bit width: 0 new sample rate: 0 new channel: 1
02-18 17:26:21.839   788 12421 V msm8974_platform: platform_get_backend_index:napb: backend port - 5 device - 120 
02-18 17:26:21.839   788 12421 V msm8974_platform: platform_set_backend_cfg:becf: afe: bitwidth 0, samplerate 0 channels 1, backend_idx 5 device (voice-rec-mic)
02-18 17:26:21.840   788 12421 E msm8974_platform: platform_set_backend_cfg:becf: afe: Could not get ctl for mixer command - SLIM_0_TX Format
02-18 17:26:21.840   788 12421 V msm8974_platform: platform_send_audio_calibration: sending audio calibration for snd_device(120) acdb_id(62)
02-18 17:26:21.840   788 12421 D ACDB-LOADER: ACDB -> send_audio_cal, acdb_id = 62, path = 1, app id = 0x11130, sample rate = 48000
02-18 17:26:21.840   788 12421 D ACDB-LOADER: ACDB -> send_asm_topology
02-18 17:26:21.840   788 12421 D ACDB-LOADER: ACDB -> ACDB_CMD_GET_AUDPROC_STREAM_TOPOLOGY_ID
02-18 17:26:21.840   788 12421 D ACDB-LOADER: ACDB -> send_adm_topology
02-18 17:26:21.840   788 12421 D ACDB-LOADER: ACDB -> ACDB_CMD_GET_AUDPROC_COMMON_TOPOLOGY_ID
02-18 17:26:21.840   788 12421 D ACDB-LOADER: ACDB -> send_audtable
02-18 17:26:21.840   788 12421 D ACDB-LOADER: ACDB -> ACDB_CMD_GET_AUDPROC_COMMON_TABLE_SIZE
02-18 17:26:21.840   788 12421 D ACDB-LOADER: ACDB -> ACDB_CMD_GET_AUDPROC_COMMON_TABLE
02-18 17:26:21.840   788 12421 D ACDB-LOADER: ACDB -> AUDIO_SET_AUDPROC_CAL
02-18 17:26:21.840   788 12421 D ACDB-LOADER: ACDB -> send_audvoltable
02-18 17:26:21.841   788 12421 D ACDB-LOADER: ACDB -> ACDB_CMD_GET_AUDPROC_VOL_STEP_TABLE_SIZE
02-18 17:26:21.841   788 12421 D ACDB-LOADER: ACDB -> ACDB_CMD_GET_AUDPROC_GAIN_DEP_STEP_TABLE, vol index 0
02-18 17:26:21.841   788 12421 D         : Failed to fetch the lookup information of the device 0000003E 
02-18 17:26:21.841   788 12421 D ACDB-LOADER: ACDB -> AUDIO_SET_VOL_CAL cal type = 12
02-18 17:26:21.841   788 12421 D ACDB-LOADER: ACDB -> ACDB_CMD_GET_AUDPROC_STREAM_TABLE_SIZE
02-18 17:26:21.841   788 12421 D ACDB-LOADER: ACDB -> send_audstrmtable
02-18 17:26:21.841   788 12421 D ACDB-LOADER: ACDB -> ACDB_CMD_GET_AUDPROC_STREAM_TABLE_V2
02-18 17:26:21.841   788 12421 D ACDB-LOADER: ACDB -> audstrm_cal->cal_type.cal_data.cal_size = 456
02-18 17:26:21.841   788 12421 D ACDB-LOADER: ACDB -> send_afe_topology
02-18 17:26:21.841   788 12421 D ACDB-LOADER: ACDB -> ACDB_CMD_GET_AFE_TOPOLOGY_ID
02-18 17:26:21.841   788 12421 D ACDB-LOADER: ACDB -> GET_AFE_TOPOLOGY_ID for adcd_id 62, Topology Id 112fb
02-18 17:26:21.841   788 12421 D ACDB-LOADER: ACDB -> send_afe_cal
02-18 17:26:21.841   788 12421 D ACDB-LOADER: ACDB -> ACDB_CMD_GET_AFE_COMMON_TABLE_SIZE
02-18 17:26:21.841   788 12421 D         : Failed to fetch the lookup information of the device 0000003E 
02-18 17:26:21.841   788 12421 E ACDB-LOADER: Error: ACDB_CMD_GET_AFE_COMMON_TABLE_SIZE Returned = -19
02-18 17:26:21.841   788 12421 D ACDB-LOADER: ACDB -> ACDB_CMD_GET_AFE_COMMON_TABLE
02-18 17:26:21.841   788 12421 D         : Failed to fetch the lookup information of the device 0000003E 
02-18 17:26:21.841   788 12421 D ACDB-LOADER: ACDB -> AUDIO_SET_AFE_CAL
02-18 17:26:21.841   788 12421 D ACDB-LOADER: ACDB -> send_hw_delay : acdb_id = 62 path = 1
02-18 17:26:21.841   788 12421 D ACDB-LOADER: ACDB -> ACDB_AVSYNC_INFO: ACDB_CMD_GET_DEVICE_PROPERTY
02-18 17:26:21.841   788 12421 D audio_hw_primary: enable_snd_device: snd_device(120: voice-rec-mic)
02-18 17:26:21.841   788 12421 D audio_route: Apply path: voice-rec-mic
02-18 17:26:21.844   788 12421 V msm8974_platform: platform_get_snd_device_backend_index: enter with device 120
02-18 17:26:21.844   788 12421 E msm8974_platform: platform_get_snd_device_backend_index: BE DAI Name Table is not present
02-18 17:26:21.844   788 12421 V msm8974_platform: platform_get_backend_index:napb: backend port - 5 device - 120 
02-18 17:26:21.844   788 12421 I audio_hw_utils: Set Audio Stream Capture 0 App Type Cfg: app_type 69936, acdb_dev_id 62, sample_rate 48000, snd_device_be_idx -14
02-18 17:26:21.844   788 12421 D audio_hw_primary: enable_audio_route: usecase(9) apply and update mixer path: audio-record
02-18 17:26:21.844   788 12421 D audio_route: Apply path: audio-record
02-18 17:26:21.914 20270 21092 I MicroDetectionWorker: onReady
02-18 17:26:22.241  1456  7796 I OpenGLRenderer: Initialized EGL, version 1.4
02-18 17:26:22.241  1456  7796 D OpenGLRenderer: Swap behavior 2
02-18 17:26:22.284  2748  2917 W OpenGLRenderer: Incorrectly called buildLayer on View: ShortcutAndWidgetContainer, destroying layer...
02-18 17:26:22.379 12177 12177 I chatty  : uid=11008(org.mozilla.fenix.nightly) expire 3 lines
02-18 17:26:22.383 12177 12211 I chatty  : uid=11008(org.mozilla.fenix.nightly) expire 1 line
02-18 17:26:22.387 12177 12208 I chatty  : uid=11008(org.mozilla.fenix.nightly) expire 6 lines
02-18 17:26:22.421   808   808 I SFPerfTracer:      triggers: (rate: 51:553549) (compose: 0:6) (post: 0:19) (render: 0:16) (5:4943164 frames) (6:6555341)
02-18 17:26:22.421   808   808 D SFPerfTracer:        layers: (4:13) (NavigationBar#0 (0xb07df000): 0:569495) (StatusBar#0 (0xb07e3000): 0:1565637) (com.android.systemui.ImageWallpaper#0 (0xb07e7000): 0:50053) (Sprite#0 (0xb0733000): 0:317)* (DimLayerController/Stack=0#0 (0xb075a000): 0:3734)* (Sprite#1 (0xb077c000): 0:195)* (animation background stackId=1#0 (0xb039b000): 0:2)* (com.android.launcher3/com.android.launcher3.CustomizationPanelLauncher#0 (0xb0763000): 0:41)- (com.android.launcher3/com.android.launcher3.CustomizationPanelLauncher#1 (0xb0771000): 0:10)- (Splash Screen org.mozilla.fenix.nightly#0 (0xb0384000): 0:31)- (org.mozilla.fenix.nightly/org.mozilla.fenix.HomeActivity#0 (0xb00f3000): 0:47)- (com.android.launcher3/com.android.launcher3.CustomizationPanelLauncher#0 (0xb0763000): 6:36)* (com.android.launcher3/com.android.launcher3.CustomizationPanelLauncher#1 (0xb0771000): 1:7) 
02-18 17:26:22.565  1456  1466 I zygote  : NativeAlloc concurrent copying GC freed 34325(2MB) AllocSpace objects, 15(556KB) LOS objects, 39% free, 36MB/60MB, paused 149us total 324.362ms
02-18 17:26:26.847  1456  2920 I ActivityManager: Force stopping org.mozilla.fenix.nightly appid=11008 user=0: from pid 12425
02-18 17:26:26.848  1456  2920 I ActivityManager: Killing 12177:org.mozilla.fenix.nightly/u0a1008 (adj 700): stop org.mozilla.fenix.nightly
02-18 17:26:26.850 12296 12296 I chatty  : uid=11008(org.mozilla.fenix.nightly) expire 1 line
02-18 17:26:26.851  1456  1605 W zygote  : kill(-12177, 9) failed: No such process
02-18 17:26:26.852  1456  2920 W ActivityManager: Force removing ActivityRecord{f089db0 u0 org.mozilla.fenix.nightly/org.mozilla.fenix.HomeActivity t26965}: app died, no saved state
02-18 17:26:26.852 12272 12272 I chatty  : uid=11008(org.mozilla.fenix.nightly) expire 1 line
02-18 17:26:26.861  1456  2920 I ActivityManager: Killing 12296:org.mozilla.fenix.nightly:socket/u0a1008 (adj 0): stop org.mozilla.fenix.nightly
02-18 17:26:26.865  1456  2920 I ActivityManager: Killing 12272:org.mozilla.fenix.nightly:tab/u0a1008 (adj 0): stop org.mozilla.fenix.nightly
02-18 17:26:26.870 11227 11227 I AppBase : onTrimMemory(): 60
02-18 17:26:26.871  1456  1605 W zygote  : kill(-12177, 9) failed: No such process
02-18 17:26:26.877  2398  2398 D CarrierSvcBindHelper: No carrier app for: 0
02-18 17:26:26.877  2398  2398 D CarrierSvcBindHelper: No carrier app for: 1
02-18 17:26:26.888  1456  1605 W zygote  : kill(-12177, 9) failed: No such process
02-18 17:26:26.931  1456  2196 D ConnectivityService: ConnectivityService NetworkRequestInfo binderDied(NetworkRequest [ TRACK_DEFAULT id=27390, [ Capabilities: INTERNET&NOT_RESTRICTED&TRUSTED&NOT_VPN] ], android.os.BinderProxy@f9609e8)
02-18 17:26:26.932  1456  1673 W ActivityManager: setHasOverlayUi called on unknown pid: 12177
02-18 17:26:26.932  1456  2067 D ConnectivityService: releasing NetworkRequest [ TRACK_DEFAULT id=27390, [ Capabilities: INTERNET&NOT_RESTRICTED&TRUSTED&NOT_VPN] ] (release request)
02-18 17:26:26.935  1456  1605 I chatty  : uid=1000(system) ActivityManager identical 5 lines
02-18 17:26:26.950  1456  1605 W zygote  : kill(-12177, 9) failed: No such process
02-18 17:26:26.950  1456  1605 I zygote  : Successfully killed process cgroup uid 11008 pid 12177 in 99ms
02-18 17:26:26.950  1456  1605 W zygote  : kill(-12296, 9) failed: No such process
02-18 17:26:26.950  1456  1605 I zygote  : Successfully killed process cgroup uid 11008 pid 12296 in 0ms
02-18 17:26:26.951  1456  1605 W zygote  : kill(-12272, 9) failed: No such process
02-18 17:26:26.951  1456  1605 I zygote  : Successfully killed process cgroup uid 11008 pid 12272 in 0ms
02-18 17:26:26.980  1456  1473 I ActivityManager: START u0 {act=android.intent.action.MAIN cat=[android.intent.category.LAUNCHER] flg=0x10000000 cmp=org.mozilla.fenix.nightly/org.mozilla.fenix.HomeActivity} from uid 2000
02-18 17:26:26.980   794   839 E ANDR-PERF-RESOURCEQS: Failed to apply optimization [4, 0]
02-18 17:26:26.999  1456  2923 I ActivityManager: Start proc 12433:org.mozilla.fenix.nightly/u0a1008 for activity org.mozilla.fenix.nightly/org.mozilla.fenix.HomeActivity
02-18 17:26:27.089 20270 21092 I MicroDetectionState: Should stop hotword detection immediately - false
02-18 17:26:27.090 20270 21092 I MicroDetector: Keeping mic open: false
02-18 17:26:27.090 20270 21092 I RecognitionAudioControl: #shutdownAudio [requestId: 5905053889824396316, keepAudioOpen: false, forced: true]
02-18 17:26:27.090 20270  3703 E DeviceStateChecker: DeviceStateChecker cancelled
02-18 17:26:27.090 20270 21092 I RecognitionAudioControl: #internalShutdownAudio [requestId: 5905053889824396316]
02-18 17:26:27.090 20270 21092 I RecognitionAudioControl: #internalShutdownAudio [keepAudioOpen: false, forced: true]
02-18 17:26:27.090 20270 21092 I RecognitionAudioControl: #actualShutdownAudio
02-18 17:26:27.090 20270 21092 I AudioController: #shutdown [requestId=5905053889824396316]
02-18 17:26:27.090 20270 21131 I AudioController: internalShutdown
02-18 17:26:27.091 20270 21118 I MicroRecognitionRunner: Stopping hotword detection.
02-18 17:26:27.123  2398  2398 D QtiCarrierConfigHelper: WARNING, no carrier configs on phone Id: 0
02-18 17:26:27.134   788  1401 D audio_hw_primary: disable_audio_route: usecase(9) reset and update mixer path: audio-record
02-18 17:26:27.135   788  1401 D audio_hw_primary: disable_snd_device: snd_device(120: voice-rec-mic)
02-18 17:26:27.137  1012  1390 D APM_AudioPolicyManager: stopInput() input 145494, session 145593
02-18 17:26:27.138   788   788 D audio_hw_primary: in_set_parameters: enter: kvpairs=routing=0
02-18 17:26:27.140 20270 21131 I MicrophoneInputStream: mic_close  SR : 16000 CC : 16 SO : 1999
02-18 17:26:27.141 20270 21131 E AudioSource: Stop listening is called on already closed AudioSource
02-18 17:26:27.144 20270 10216 I MicroRecognitionRunner: Detection finished
02-18 17:26:27.153 12433 12433 I chatty  : uid=11008(org.mozilla.fenix.nightly) expire 48 lines
02-18 17:26:27.233 12433 12452 I chatty  : uid=11008(org.mozilla.fenix.nightly) expire 4 lines
02-18 17:26:27.288 12433 12458 I chatty  : uid=11008(org.mozilla.fenix.nightly) expire 8 lines
02-18 17:26:27.296 12433 12461 I chatty  : uid=11008(org.mozilla.fenix.nightly) expire 11 lines
02-18 17:26:27.309 12433 12438 I chatty  : uid=11008(org.mozilla.fenix.nightly) expire 8 lines
02-18 17:26:27.357 12433 12468 I chatty  : uid=11008(org.mozilla.fenix.nightly) expire 30 lines
02-18 17:26:27.451 12433 12471 I chatty  : uid=11008(org.mozilla.fenix.nightly) expire 1 line
02-18 17:26:27.485 12433 12483 I chatty  : uid=11008(org.mozilla.fenix.nightly) expire 10 lines
02-18 17:26:27.841  1456  2923 I ActivityManager: Start proc 12531:org.mozilla.fenix.nightly:tab/u0a1008 for service org.mozilla.fenix.nightly/org.mozilla.gecko.process.GeckoServiceChildProcess$tab
02-18 17:26:27.854 12433 12544 I chatty  : uid=11008(org.mozilla.fenix.nightly) expire 9 lines
02-18 17:26:27.962  1456  1473 I ActivityManager: Start proc 12557:org.mozilla.fenix.nightly:socket/u0a1008 for service org.mozilla.fenix.nightly/org.mozilla.gecko.process.GeckoServiceChildProcess$socket
02-18 17:26:27.981 12531 12531 I chatty  : uid=11008(org.mozilla.fenix.nightly) expire 2 lines
02-18 17:26:27.981 12531 12573 I chatty  : uid=11008(org.mozilla.fenix.nightly) expire 1 line
02-18 17:26:28.086 12557 12557 I chatty  : uid=11008(org.mozilla.fenix.nightly) expire 2 lines
02-18 17:26:28.087 12557 12576 I chatty  : uid=11008(org.mozilla.fenix.nightly) expire 15 lines
02-18 17:26:28.176  1456  2923 I ActivityManager: Displayed org.mozilla.fenix.nightly/org.mozilla.fenix.HomeActivity: +1s188ms
02-18 17:26:28.176  1456  2923 I ActivityManager: Fully drawn org.mozilla.fenix.nightly/org.mozilla.fenix.HomeActivity: +1s188ms
02-18 17:26:28.208 12433 12581 I chatty  : uid=11008(org.mozilla.fenix.nightly) expire 1 line
02-18 17:26:28.226  1456  1673 I LaunchCheckinHandler: Displayed org.mozilla.fenix.nightly/org.mozilla.fenix.HomeActivity,cp,ca,1238
02-18 17:26:28.303 10935 10935 I Finsky  : [2] ppb.onTrimMemory(1): Memory trim requested to level 80
02-18 17:26:28.318 20270 20270 I MemoryTrimmer: Trimming objects from memory, since app is in the background.
02-18 17:26:28.328 11227 11227 I AppBase : onTrimMemory(): 60
02-18 17:26:28.329 20270 21092 E AudioSource: Stop listening is called on already closed AudioSource
02-18 17:26:28.333 20270 20270 I MemoryTrimmer: Trimming objects from memory, since app is in the background.
02-18 17:26:28.339 20270  3704 I PBSessionCacheImpl: Deleted sessionId[89149984825572490] from persistence.
02-18 17:26:28.343  1456  4829 I WifiService: getWifiEnabledState uid=10073
02-18 17:26:28.345 20270 21092 I DEBUG   : OpaToSrpTransitionState#onStateChanged#notNullQuery
02-18 17:26:28.346 20270 21092 I DEBUG   : OpaToSrpTransitionState#onStateChanged#notNullQuery
02-18 17:26:28.348 20270 21092 W SearchServiceCore: Abort, client detached.
02-18 17:26:29.107  1023 12634 D libc    : Internal error: netid(0), id(0x5e01), server(0.0.0.0)
02-18 17:26:29.108  1023 12634 D libc    : Internal error: netid(0), id(0x5e01), server(0.0.0.0)
02-18 17:26:29.108  1023 12634 D libc    : Internal error: netid(0), id(0x132c), server(0.0.0.0)
02-18 17:26:29.108  1023 12634 D libc    : Internal error: netid(0), id(0x132c), server(0.0.0.0)
02-18 17:26:29.139 12433 12630 I chatty  : uid=11008(org.mozilla.fenix.nightly) expire 2 lines
02-18 17:26:29.278  1023 12641 D libc    : Internal error: netid(0), id(0x874e), server(0.0.0.0)
02-18 17:26:29.278  1023 12641 D libc    : Internal error: netid(0), id(0x874e), server(0.0.0.0)
02-18 17:26:29.278  1023 12641 D libc    : Internal error: netid(0), id(0x4d71), server(0.0.0.0)
02-18 17:26:29.279  1023 12641 D libc    : Internal error: netid(0), id(0x4d71), server(0.0.0.0)
02-18 17:26:29.279  1023 12643 D libc    : Internal error: netid(0), id(0x316d), server(0.0.0.0)
02-18 17:26:29.280  1023 12643 D libc    : Internal error: netid(0), id(0x316d), server(0.0.0.0)
02-18 17:26:29.280  1023 12643 D libc    : Internal error: netid(0), id(0x2b5b), server(0.0.0.0)
02-18 17:26:29.280  1023 12643 D libc    : Internal error: netid(0), id(0x2b5b), server(0.0.0.0)
02-18 17:26:29.282  1023 12647 D libc    : Internal error: netid(0), id(0xdc40), server(0.0.0.0)
02-18 17:26:29.282  1023 12647 D libc    : Internal error: netid(0), id(0xdc40), server(0.0.0.0)
02-18 17:26:29.282  1023 12647 D libc    : Internal error: netid(0), id(0x290f), server(0.0.0.0)
02-18 17:26:29.282  1023 12647 D libc    : Internal error: netid(0), id(0x290f), server(0.0.0.0)
02-18 17:26:32.588 10935 10960 I Finsky  : [290564] kay.run(3): Stats for Executor: BlockingExecutor kcu@da3b0d9[Running, pool size = 2, active threads = 0, queued tasks = 0, completed tasks = 17]
02-18 17:26:32.588 10935 10960 I Finsky  : [290564] kay.run(3): Stats for Executor: LightweightExecutor kcu@f6a9a9e[Running, pool size = 4, active threads = 0, queued tasks = 0, completed tasks = 440]
02-18 17:26:32.648 12670 12670 D AndroidRuntime: >>>>>> START com.android.internal.os.RuntimeInit uid 2000 <<<<<<
02-18 17:26:32.661 12670 12670 W app_process: Could not reserve sentinel fault page
02-18 17:26:32.828 12670 12670 I app_process: The ClassLoaderContext is a special shared library.
02-18 17:26:32.900 12670 12670 D AndroidRuntime: Calling main entry com.android.commands.input.Input
02-18 17:26:32.901 12670 12670 I Input   : injectKeyEvent: KeyEvent { action=ACTION_DOWN, keyCode=KEYCODE_HOME, scanCode=0, metaState=0, flags=0x0, repeatCount=0, eventTime=14140848181, downTime=14140848181, deviceId=-1, source=0x101 }
02-18 17:26:32.907 12670 12670 I Input   : injectKeyEvent: KeyEvent { action=ACTION_UP, keyCode=KEYCODE_HOME, scanCode=0, metaState=0, flags=0x0, repeatCount=0, eventTime=14140848181, downTime=14140848181, deviceId=-1, source=0x101 }
02-18 17:26:32.913  1456  1941 I ActivityManager: START u0 {act=android.intent.action.MAIN cat=[android.intent.category.HOME] flg=0x10200000 cmp=com.android.launcher3/.CustomizationPanelLauncher (has extras)} from uid 1000
02-18 17:26:32.914   794   839 E ANDR-PERF-RESOURCEQS: Failed to apply optimization [4, 0]
02-18 17:26:32.925  1456  1941 I ActivityManager: moveHomeStack, setupComplete:true
02-18 17:26:32.931 20270 23357 I Adreno  : QUALCOMM build                   : bb5b86c, I77d3059488
02-18 17:26:32.931 20270 23357 I Adreno  : Build Date                       : 06/07/18
02-18 17:26:32.931 20270 23357 I Adreno  : OpenGL ES Shader Compiler Version: EV031.22.00.01_06
02-18 17:26:32.931 20270 23357 I Adreno  : Local Branch                     : 
02-18 17:26:32.931 20270 23357 I Adreno  : Remote Branch                    : refs/tags/AU_LINUX_ANDROID_LA.UM.6.5.R1.08.01.00.312.086
02-18 17:26:32.931 20270 23357 I Adreno  : Remote Branch                    : NONE
02-18 17:26:32.931 20270 23357 I Adreno  : Reconstruct Branch               : NOTHING
02-18 17:26:32.933 20270 23357 D vndksupport: Loading /vendor/lib/hw/gralloc.msm8937.so from current namespace instead of sphal namespace.
02-18 17:26:32.936 20270 23357 I Adreno  : PFP: 0x005ff087, ME: 0x005ff063
02-18 17:26:32.937 12670 12670 D AndroidRuntime: Shutting down VM
02-18 17:26:32.940 20270 23357 I zygote  : android::hardware::configstore::V1_0::ISurfaceFlingerConfigs::hasWideColorDisplay retrieved: 0
02-18 17:26:32.941 20270 23357 I OpenGLRenderer: Initialized EGL, version 1.4
02-18 17:26:32.941 20270 23357 D OpenGLRenderer: Swap behavior 2
02-18 17:26:32.954  2748  2748 D Launcher.Utilities: Wakeup weather: Intent { act=com.motorola.launcher3.action.WAKEUP_WEATHER cmp=com.motorola.timeweatherwidget/com.motorola.commandcenter.weather.WakeUpService }
02-18 17:26:32.968  1456  1456 I NotificationService: Cannot find enqueued record for key: 0|com.motorola.timeweatherwidget|1|null|10116
02-18 17:26:32.971   808   808 D SurfaceFlinger: duplicate layer name: changing com.android.launcher3/com.android.launcher3.CustomizationPanelLauncher to com.android.launcher3/com.android.launcher3.CustomizationPanelLauncher#1
02-18 17:26:32.989 20270 21111 W ThreadPoolDumper: Queue length for executor EventBus is now 11. Perhaps some tasks are too long, or the pool is too small.
02-18 17:26:32.993  1456  5797 I WifiService: getWifiEnabledState uid=10073
02-18 17:26:33.010  1456  2923 I WifiService: getWifiEnabledState uid=10073
02-18 17:26:33.019 20270 21092 I DEBUG   : OpaToSrpTransitionState#onStateChanged#notNullQuery
02-18 17:26:33.020 20270 21092 I DEBUG   : OpaToSrpTransitionState#onStateChanged#notNullQuery
02-18 17:26:33.042 10935 10960 I Finsky  : [290564] kay.run(3): Stats for Executor: bgExecutor kcu@fb4297f[Running, pool size = 4, active threads = 0, queued tasks = 0, completed tasks = 691]
02-18 17:26:33.042 20270 21092 I MicroDetectionState: Should stop hotword detection immediately - false
02-18 17:26:33.046  1456  1673 I LaunchCheckinHandler: Displayed com.android.launcher3/.CustomizationPanelLauncher,wp,wa,131
02-18 17:26:33.046 20270 21092 I MicroDetectionWorker: #startMicroDetector [speakerMode: 0]
02-18 17:26:33.048 20270 21092 I AudioController: Created new AudioSource
02-18 17:26:33.058 20270 20380 I MicroDataManager: isInitializedWithLatestParams-true
02-18 17:26:33.058 20270 20380 I MicroDataManager: isInitializing-false locale not changed-true model not changed-true
02-18 17:26:33.058 20270 20380 I MicroDataManager: Already initialized, obtaining the hotword data immediately.
02-18 17:26:33.059 10935 10935 I Finsky  : [2] ppb.onTrimMemory(1): Memory trim requested to level 80
02-18 17:26:33.065 20270  3703 I MicroRecognitionRunner: Starting detection.
02-18 17:26:33.065 20270  3703 I InputStreamUtils: Using micInputStream
02-18 17:26:33.066 20270  3704 I MicrophoneInputStream: mic_starting  SR : 16000 CC : 16 SO : 1999
02-18 17:26:33.071   788   788 V msm8974_platform: platform_check_input_mask: enter check_input_mask source 6 mask 10
02-18 17:26:33.074  1012 12685 I AudioFlinger: AudioFlinger's thread 0xb2483c40 tid=12685 ready to run
02-18 17:26:33.081   788   788 D audio_hw_primary: in_set_parameters: enter: kvpairs=input_source=6;routing=-2147483644
02-18 17:26:33.082  1012  8317 D APM_AudioPolicyManager: AudioPolicyManager::startInput() input 145502, session 145601, source = 1999
02-18 17:26:33.083 20270  3704 I MicrophoneInputStream: mic_started  SR : 16000 CC : 16 SO : 1999
02-18 17:26:33.084   788 12686 V msm8974_platform: platform_update_usecase_from_source: input source :6
02-18 17:26:33.084   788 12686 V msm8974_platform: platform_check_input_mask: enter check_input_mask source 6 mask 10
02-18 17:26:33.084   788 12686 V msm8974_platform: platform_get_input_snd_device: enter: out_device(0) in_device(0x4) channel_count (1) channel_mask (0x10)
02-18 17:26:33.084   788 12686 V msm8974_platform: platform_get_input_snd_device: exit: in_snd_device(voice-rec-mic)
02-18 17:26:33.084   788 12686 V msm8974_platform: platform_get_backend_index:napb: backend port - 5 device - 120 
02-18 17:26:33.085   788 12686 V msm8974_platform: platform_check_and_set_capture_backend_cfg:txbecf: afe: bitwidth 0, samplerate 0, channel 1, backend_idx 5 usecase = 9 device (voice-rec-mic)
02-18 17:26:33.085   788 12686 V msm8974_platform: platform_check_capture_backend_cfg:txbecf: afe: Codec selected backend: 5 current bit width: 0 and sample rate: 0, channels 1
02-18 17:26:33.085   788 12686 V msm8974_platform: platform_check_capture_backend_cfg:txbecf: afe: Codec selected backend: 5 updated bit width: 0 and sample rate: 0
02-18 17:26:33.085   788 12686 I msm8974_platform: platform_check_capture_backend_cfg:txbecf: afe: Codec backend needs to be updated. new bit width: 0 new sample rate: 0 new channel: 1
02-18 17:26:33.085   788 12686 V msm8974_platform: platform_get_backend_index:napb: backend port - 5 device - 120 
02-18 17:26:33.085   788 12686 V msm8974_platform: platform_set_backend_cfg:becf: afe: bitwidth 0, samplerate 0 channels 1, backend_idx 5 device (voice-rec-mic)
02-18 17:26:33.085   788 12686 E msm8974_platform: platform_set_backend_cfg:becf: afe: Could not get ctl for mixer command - SLIM_0_TX Format
02-18 17:26:33.085   788 12686 V msm8974_platform: platform_send_audio_calibration: sending audio calibration for snd_device(120) acdb_id(62)
02-18 17:26:33.085   788 12686 D ACDB-LOADER: ACDB -> send_audio_cal, acdb_id = 62, path = 1, app id = 0x11130, sample rate = 48000
02-18 17:26:33.085   788 12686 D ACDB-LOADER: ACDB -> send_asm_topology
02-18 17:26:33.085   788 12686 D ACDB-LOADER: ACDB -> ACDB_CMD_GET_AUDPROC_STREAM_TOPOLOGY_ID
02-18 17:26:33.085   788 12686 D ACDB-LOADER: ACDB -> send_adm_topology
02-18 17:26:33.086   788 12686 D ACDB-LOADER: ACDB -> ACDB_CMD_GET_AUDPROC_COMMON_TOPOLOGY_ID
02-18 17:26:33.086   788 12686 D ACDB-LOADER: ACDB -> send_audtable
02-18 17:26:33.086   788 12686 D ACDB-LOADER: ACDB -> ACDB_CMD_GET_AUDPROC_COMMON_TABLE_SIZE
02-18 17:26:33.086   788 12686 D ACDB-LOADER: ACDB -> ACDB_CMD_GET_AUDPROC_COMMON_TABLE
02-18 17:26:33.086   788 12686 D ACDB-LOADER: ACDB -> AUDIO_SET_AUDPROC_CAL
02-18 17:26:33.086   788 12686 D ACDB-LOADER: ACDB -> send_audvoltable
02-18 17:26:33.086   788 12686 D ACDB-LOADER: ACDB -> ACDB_CMD_GET_AUDPROC_VOL_STEP_TABLE_SIZE
02-18 17:26:33.086   788 12686 D ACDB-LOADER: ACDB -> ACDB_CMD_GET_AUDPROC_GAIN_DEP_STEP_TABLE, vol index 0
02-18 17:26:33.086   788 12686 D         : Failed to fetch the lookup information of the device 0000003E 
02-18 17:26:33.086   788 12686 D ACDB-LOADER: ACDB -> AUDIO_SET_VOL_CAL cal type = 12
02-18 17:26:33.086   788 12686 D ACDB-LOADER: ACDB -> ACDB_CMD_GET_AUDPROC_STREAM_TABLE_SIZE
02-18 17:26:33.086   788 12686 D ACDB-LOADER: ACDB -> send_audstrmtable
02-18 17:26:33.086   788 12686 D ACDB-LOADER: ACDB -> ACDB_CMD_GET_AUDPROC_STREAM_TABLE_V2
02-18 17:26:33.086   788 12686 D ACDB-LOADER: ACDB -> audstrm_cal->cal_type.cal_data.cal_size = 456
02-18 17:26:33.086   788 12686 D ACDB-LOADER: ACDB -> send_afe_topology
02-18 17:26:33.086   788 12686 D ACDB-LOADER: ACDB -> ACDB_CMD_GET_AFE_TOPOLOGY_ID
02-18 17:26:33.086   788 12686 D ACDB-LOADER: ACDB -> GET_AFE_TOPOLOGY_ID for adcd_id 62, Topology Id 112fb
02-18 17:26:33.086   788 12686 D ACDB-LOADER: ACDB -> send_afe_cal
02-18 17:26:33.086   788 12686 D ACDB-LOADER: ACDB -> ACDB_CMD_GET_AFE_COMMON_TABLE_SIZE
02-18 17:26:33.086   788 12686 D         : Failed to fetch the lookup information of the device 0000003E 
02-18 17:26:33.086   788 12686 E ACDB-LOADER: Error: ACDB_CMD_GET_AFE_COMMON_TABLE_SIZE Returned = -19
02-18 17:26:33.086   788 12686 D ACDB-LOADER: ACDB -> ACDB_CMD_GET_AFE_COMMON_TABLE
02-18 17:26:33.086   788 12686 D         : Failed to fetch the lookup information of the device 0000003E 
02-18 17:26:33.086   788 12686 D ACDB-LOADER: ACDB -> AUDIO_SET_AFE_CAL
02-18 17:26:33.086   788 12686 D ACDB-LOADER: ACDB -> send_hw_delay : acdb_id = 62 path = 1
02-18 17:26:33.086   788 12686 D ACDB-LOADER: ACDB -> ACDB_AVSYNC_INFO: ACDB_CMD_GET_DEVICE_PROPERTY
02-18 17:26:33.086   788 12686 D audio_hw_primary: enable_snd_device: snd_device(120: voice-rec-mic)
02-18 17:26:33.086   788 12686 D audio_route: Apply path: voice-rec-mic
02-18 17:26:33.088   788 12686 V msm8974_platform: platform_get_snd_device_backend_index: enter with device 120
02-18 17:26:33.088   788 12686 E msm8974_platform: platform_get_snd_device_backend_index: BE DAI Name Table is not present
02-18 17:26:33.088   788 12686 V msm8974_platform: platform_get_backend_index:napb: backend port - 5 device - 120 
02-18 17:26:33.088   788 12686 I audio_hw_utils: Set Audio Stream Capture 0 App Type Cfg: app_type 69936, acdb_dev_id 62, sample_rate 48000, snd_device_be_idx -14
02-18 17:26:33.089   788 12686 D audio_hw_primary: enable_audio_route: usecase(9) apply and update mixer path: audio-record
02-18 17:26:33.089   788 12686 D audio_route: Apply path: audio-record
02-18 17:26:33.157 20270 21092 I MicroDetectionWorker: onReady
02-18 17:26:33.258 11227 11227 I AppBase : onTrimMemory(): 60
02-18 17:26:33.263 10935 10935 I Finsky  : [2] JobSchedulerEngine$PhoneskyJobSchedulerJobService.onStartJob(5): SCH: onJobSchedulerWakeup with jobId 9009
02-18 17:26:33.266 10935 10935 I Finsky  : [2] tnz.a(24): Scheduling fallback job with id: 9034, and delay: 43200000 ms
02-18 17:26:33.268 10935 10935 I Finsky  : [2] tnz.a(5): Scheduling fallback in 64799999 (absolute: 14657687034)
02-18 17:26:33.275 10935 10935 I Finsky  : [2] toi.handleMessage(10): SCH: DeviceState: DeviceState{currentTime=1582064793273, isCharging=true, isIdle=false, netAny=false, netNotRoaming=false, netUnmetered=false, batteryPercent=100.0}
02-18 17:26:33.285 10935 12688 I Finsky  : [290643] tqw.a(7): SCH: Jobs in database: 1-1337 3-1821 3-1822 12-1 24-77777777 26-1414141414 29-29 
02-18 17:26:33.301 10935 10935 I Finsky  : [2] toj.a(20): SCH: Running job: 29-29
02-18 17:26:33.311 10935 10935 I Finsky  : [2] toi.handleMessage(63): SCH: RunningQueue size: 1, PendingQueue size: 0
02-18 17:26:33.312 10935 10935 I Finsky  : [2] toi.handleMessage(66): SCH: Running queue: 29-29 
02-18 17:26:33.315 10935 12689 I Finsky  : [290644] zhm.a(1): ProcessRecoveryLogsUtil: No files in recovery directory
02-18 17:26:33.315 10935 12689 I Finsky  : [290644] tpt.a(13): SCH: jobFinished: 29-29. TimeElapsed: 15ms.
02-18 17:26:33.317 10935 10935 I Finsky  : [2] toj.a(35): SCH: Job 29-29 finished. Not rescheduling.
02-18 17:26:33.318 10935 10935 I Finsky  : [2] toi.handleMessage(63): SCH: RunningQueue size: 0, PendingQueue size: 0
02-18 17:26:33.318 10935 10935 I Finsky  : [2] toi.handleMessage(29): Executor finished
02-18 17:26:33.329 10935 10935 I Finsky  : [2] ppb.onTrimMemory(1): Memory trim requested to level 80
02-18 17:26:33.330 10935 10935 I Finsky  : [2] tqw.a(7): SCH: Jobs in database: 1-1337 3-1821 3-1822 12-1 24-77777777 26-1414141414 
02-18 17:26:33.356 10935 10935 I Finsky  : [2] tmt.a(58): SCH: ConstraintMapping: 24-77777777,  -> L: 0ms, D: 59514480ms, C: false, I: true, N: 0
02-18 17:26:33.356 10935 10935 I Finsky  : [2] tmt.a(58): SCH: ConstraintMapping: 1-1337, 12-1,  -> L: 0ms, D: 29065014ms, C: false, I: false, N: 1
02-18 17:26:33.357 10935 10935 I Finsky  : [2] tmt.a(58): SCH: ConstraintMapping: 3-1821,  -> L: 0ms, D: 86341864ms, C: false, I: true, N: 2
02-18 17:26:33.358 10935 10935 I Finsky  : [2] tmt.a(58): SCH: ConstraintMapping: 3-1822,  -> L: 0ms, D: 86341911ms, C: true, I: true, N: 2
02-18 17:26:33.359 10935 10935 I Finsky  : [2] tmt.a(58): SCH: ConstraintMapping: 26-1414141414,  -> L: 19873527ms, D: 20773527ms, C: false, I: false, N: 0
02-18 17:26:33.365 10935 10935 I Finsky  : [2] tpg.a(37): Cancelling existing jobscheduler jobs: 9006 9005 9000 9004 
02-18 17:26:33.366 10935 10935 I Finsky  : [2] tpg.a(14): Throttling wakeup for job 9001 (expected to run in 0 ms) due to recent wakeup
02-18 17:26:33.366 10935 10935 I Finsky  : [2] tpg.a(30): Scheduling job Id: 9001, L: 30000, D: 59514480, C: false, I: true, N: 0
02-18 17:26:33.368 10935 10935 I Finsky  : [2] tpg.a(14): Throttling wakeup for job 9002 (expected to run in 0 ms) due to recent wakeup
02-18 17:26:33.368 10935 10935 I Finsky  : [2] tpg.a(30): Scheduling job Id: 9002, L: 30000, D: 29065014, C: false, I: false, N: 1
02-18 17:26:33.369 10935 10935 I Finsky  : [2] tpg.a(14): Throttling wakeup for job 9003 (expected to run in 0 ms) due to recent wakeup
02-18 17:26:33.370 10935 10935 I Finsky  : [2] tpg.a(30): Scheduling job Id: 9003, L: 30000, D: 86341864, C: false, I: true, N: 2
02-18 17:26:33.370 10935 10935 I Finsky  : [2] tpg.a(14): Throttling wakeup for job 9007 (expected to run in 0 ms) due to recent wakeup
02-18 17:26:33.371 10935 10935 I Finsky  : [2] tpg.a(30): Scheduling job Id: 9007, L: 30000, D: 86341911, C: true, I: true, N: 2
02-18 17:26:33.371 10935 10935 I Finsky  : [2] tpg.a(30): Scheduling job Id: 9008, L: 19873527, D: 20773527, C: false, I: false, N: 0
