01-01 22:05:04.992  1456  2401 I ActivityManager: Start proc 3038:org.mozilla.fenix.performancetest/u0a666 for activity org.mozilla.fenix.performancetest/org.mozilla.fenix.IntentReceiverActivity
01-01 22:05:04.997  3038  3038 I chatty  : uid=10666(org.mozilla.fenix.performancetest) expire 21 lines
01-01 22:05:05.092 23700 23889 I MicroDetectionState: Should stop hotword detection immediately - false
01-01 22:05:05.093 23700 23889 I MicroDetector: Keeping mic open: false
01-01 22:05:05.093 23700  9578 E DeviceStateChecker: DeviceStateChecker cancelled
01-01 22:05:05.093 23700 23889 I RecognitionAudioControl: #shutdownAudio [requestId: 8428339833435004572, keepAudioOpen: false, forced: true]
01-01 22:05:05.093 23700 23889 I RecognitionAudioControl: #internalShutdownAudio [requestId: 8428339833435004572]
01-01 22:05:05.094 23700 23889 I RecognitionAudioControl: #internalShutdownAudio [keepAudioOpen: false, forced: true]
01-01 22:05:05.094 23700 23889 I RecognitionAudioControl: #actualShutdownAudio
01-01 22:05:05.094 23700 23889 I AudioController: #shutdown [requestId=8428339833435004572]
01-01 22:05:05.094 23700 31121 I AudioController: internalShutdown
01-01 22:05:05.095 23700 16659 I MicroRecognitionRunner: Stopping hotword detection.
01-01 22:05:05.151   788   788 D audio_hw_primary: disable_audio_route: usecase(9) reset and update mixer path: audio-record
01-01 22:05:05.152   788   788 D audio_hw_primary: disable_snd_device: snd_device(120: voice-rec-mic)
01-01 22:05:05.153  1012 13178 D APM_AudioPolicyManager: stopInput() input 70126, session 70185
01-01 22:05:05.154   788   788 D audio_hw_primary: in_set_parameters: enter: kvpairs=routing=0
01-01 22:05:05.156 23700 31121 I MicrophoneInputStream: mic_close  SR : 16000 CC : 16 SO : 1999
01-01 22:05:05.156 23700 31121 E AudioSource: Stop listening is called on already closed AudioSource
01-01 22:05:05.158 23700  9214 I MicroRecognitionRunner: Detection finished
01-01 22:05:05.231  3038  3063 I chatty  : uid=10666(org.mozilla.fenix.performancetest) expire 13 lines
01-01 22:05:05.394  3038  3074 I chatty  : uid=10666(org.mozilla.fenix.performancetest) expire 16 lines
01-01 22:05:05.507  3038  3080 I chatty  : uid=10666(org.mozilla.fenix.performancetest) expire 9 lines
01-01 22:05:05.527  1456  5027 I ActivityManager: Start proc 3086:org.mozilla.fenix.performancetest:tab/u0a666 for service org.mozilla.fenix.performancetest/org.mozilla.gecko.process.GeckoServiceChildProcess$tab
01-01 22:05:05.535  3086  3086 I chatty  : uid=10666(org.mozilla.fenix.performancetest) expire 2 lines
01-01 22:05:05.647  3038  3105 I chatty  : uid=10666(org.mozilla.fenix.performancetest) expire 1 line
01-01 22:05:05.696  3086  3107 I chatty  : uid=10666(org.mozilla.fenix.performancetest) expire 15 lines
01-01 22:05:05.724  3038  3038 I chatty  : uid=10666(org.mozilla.fenix.performancetest) expire 42 lines
01-01 22:05:05.854  3038  3043 I chatty  : uid=10666(org.mozilla.fenix.performancetest) expire 11 lines
01-01 22:05:05.895  3038  3074 I chatty  : uid=10666(org.mozilla.fenix.performancetest) expire 18 lines
01-01 22:05:06.211  1456  4802 I ActivityManager: START u0 {act=android.intent.action.VIEW dat=about:blank typ=text/html flg=0x10000000 cmp=org.mozilla.fenix.performancetest/org.mozilla.fenix.HomeActivity (has extras)} from uid 10666
01-01 22:05:06.234  1456  5027 I WifiService: getDhcpInfo uid=10666
01-01 22:05:06.272  3038  3105 I chatty  : uid=10666(org.mozilla.fenix.performancetest) expire 8 lines
01-01 22:05:06.484  1456  1673 I LaunchCheckinHandler: Displayed org.mozilla.fenix.performancetest/org.mozilla.fenix.IntentReceiverActivity,cp,ca,1504
01-01 22:05:07.205  3038  3134 I chatty  : uid=10666(org.mozilla.fenix.performancetest) expire 10 lines
01-01 22:05:07.292  3038  3202 I chatty  : uid=10666(org.mozilla.fenix.performancetest) expire 2 lines
01-01 22:05:07.328  3038  3080 I chatty  : uid=10666(org.mozilla.fenix.performancetest) expire 1 line
01-01 22:05:07.358  3038  3212 I chatty  : uid=10666(org.mozilla.fenix.performancetest) expire 4 lines
01-01 22:05:07.400  3038  3196 I chatty  : uid=10666(org.mozilla.fenix.performancetest) expire 1 line
01-01 22:05:07.740  3038  3072 I chatty  : uid=10666(org.mozilla.fenix.performancetest) expire 1 line
01-01 22:05:07.754  1456  1673 I ActivityManager: Displayed org.mozilla.fenix.performancetest/org.mozilla.fenix.HomeActivity: +1s434ms (total +2s764ms)
01-01 22:05:08.020 23700 23700 I MemoryTrimmer: Trimming objects from memory, since app is in the background.
01-01 22:05:08.030 23700 23889 E AudioSource: Stop listening is called on already closed AudioSource
01-01 22:05:08.035 23700  9564 I PBSessionCacheImpl: Deleted sessionId[104235279871159389] from persistence.
01-01 22:05:08.042  1456  5027 I WifiService: getWifiEnabledState uid=10073
01-01 22:05:08.045 23700 23889 W SearchServiceCore: Abort, client detached.
01-01 22:05:08.045 23700 23889 W SearchServiceCore: Abort, client detached.
01-01 22:05:08.046 23700 23700 I MemoryTrimmer: Trimming objects from memory, since app is in the background.
01-01 22:05:08.047 23700 23889 W SearchServiceCore: Abort, client detached.
01-01 22:05:08.840  3038  3063 I chatty  : uid=10666(org.mozilla.fenix.performancetest) expire 4 lines
01-01 22:05:08.956   808   808 I SFPerfTracer:      triggers: (rate: 49:239000) (compose: 0:6) (post: 0:13) (render: 0:10) (1:2439044 frames) (2:3543128)
01-01 22:05:08.957   808   808 D SFPerfTracer:        layers: (4:12) (NavigationBar#0 (0xb07df000): 0:354524) (StatusBar#0 (0xb07e3000): 0:1068937) (com.android.systemui.ImageWallpaper#0 (0xb07e7000): 0:28542)* (Sprite#0 (0xb0733000): 0:317)* (DimLayerController/Stack=0#0 (0xb075a000): 0:3562)* (Sprite#1 (0xb077c000): 0:195)* (org.mozilla.fenix.performancetest/org.mozilla.fenix.HomeActivity#0 (0xb020f000): 0:55)- (com.android.launcher3/com.android.launcher3.CustomizationPanelLauncher#0 (0xb0763000): 0:41)- (com.android.launcher3/com.android.launcher3.CustomizationPanelLauncher#1 (0xb0771000): 0:13)- (Splash Screen org.mozilla.fenix.performancetest#0 (0xb0384000): 0:34)- (org.mozilla.fenix.performancetest/org.mozilla.fenix.IntentReceiverActivity#0 (0xb039b000): 0:6)- (org.mozilla.fenix.performancetest/org.mozilla.fenix.HomeActivity#0 (0xb021f000): 2:27) 
01-01 22:05:10.633  3268  3268 D AndroidRuntime: >>>>>> START com.android.internal.os.RuntimeInit uid 2000 <<<<<<
01-01 22:05:10.646  3268  3268 W app_process: Could not reserve sentinel fault page
01-01 22:05:10.813  3268  3268 I app_process: The ClassLoaderContext is a special shared library.
01-01 22:05:10.878  3268  3268 D AndroidRuntime: Calling main entry com.android.commands.input.Input
01-01 22:05:10.880  3268  3268 I Input   : injectKeyEvent: KeyEvent { action=ACTION_DOWN, keyCode=KEYCODE_HOME, scanCode=0, metaState=0, flags=0x0, repeatCount=0, eventTime=10381539607, downTime=10381539607, deviceId=-1, source=0x101 }
01-01 22:05:10.890  3268  3268 I Input   : injectKeyEvent: KeyEvent { action=ACTION_UP, keyCode=KEYCODE_HOME, scanCode=0, metaState=0, flags=0x0, repeatCount=0, eventTime=10381539607, downTime=10381539607, deviceId=-1, source=0x101 }
01-01 22:05:10.897  1456  1941 I ActivityManager: START u0 {act=android.intent.action.MAIN cat=[android.intent.category.HOME] flg=0x10200000 cmp=com.android.launcher3/.CustomizationPanelLauncher (has extras)} from uid 1000
01-01 22:05:10.897   794   839 E ANDR-PERF-RESOURCEQS: Failed to apply optimization [4, 0]
01-01 22:05:10.910  1456  1941 I ActivityManager: moveHomeStack, setupComplete:true
01-01 22:05:10.916 23700 23821 I OpenGLRenderer: Initialized EGL, version 1.4
01-01 22:05:10.916 23700 23821 D OpenGLRenderer: Swap behavior 2
01-01 22:05:10.921  3268  3268 D AndroidRuntime: Shutting down VM
01-01 22:05:10.937  2748  2748 D Launcher.Utilities: Wakeup weather: Intent { act=com.motorola.launcher3.action.WAKEUP_WEATHER cmp=com.motorola.timeweatherwidget/com.motorola.commandcenter.weather.WakeUpService }
01-01 22:05:10.951  1456  1456 I NotificationService: Cannot find enqueued record for key: 0|com.motorola.timeweatherwidget|1|null|10116
01-01 22:05:10.955   808   808 D SurfaceFlinger: duplicate layer name: changing com.android.launcher3/com.android.launcher3.CustomizationPanelLauncher to com.android.launcher3/com.android.launcher3.CustomizationPanelLauncher#1
01-01 22:05:10.964 23700  9578 W ThreadPoolDumper: Queue length for executor EventBus is now 11. Perhaps some tasks are too long, or the pool is too small.
01-01 22:05:10.966  1456  2401 I WifiService: getWifiEnabledState uid=10073
01-01 22:05:10.973  1456  2162 I WifiService: getWifiEnabledState uid=10073
01-01 22:05:11.007 23700 23889 I MicroDetectionState: Should stop hotword detection immediately - false
01-01 22:05:11.012 23700 23889 I MicroDetectionWorker: #startMicroDetector [speakerMode: 0]
01-01 22:05:11.014 23700 23889 I AudioController: Created new AudioSource
01-01 22:05:11.035  1456  1673 I LaunchCheckinHandler: Displayed com.android.launcher3/.CustomizationPanelLauncher,wp,wa,138
01-01 22:05:11.036 23700 23889 I MicroDetectionWorker: onReady
01-01 22:05:11.037 23700 16660 I MicroDataManager: isInitializedWithLatestParams-true
01-01 22:05:11.038 23700 16660 I MicroDataManager: isInitializing-false locale not changed-true model not changed-true
01-01 22:05:11.038 23700 16660 I MicroDataManager: Already initialized, obtaining the hotword data immediately.
01-01 22:05:11.042 23700  1265 I MicroRecognitionRunner: Starting detection.
01-01 22:05:11.042 23700  1265 I InputStreamUtils: Using micInputStream
01-01 22:05:11.043 23700  9564 I MicrophoneInputStream: mic_starting  SR : 16000 CC : 16 SO : 1999
01-01 22:05:11.052   788   788 V msm8974_platform: platform_check_input_mask: enter check_input_mask source 6 mask 10
01-01 22:05:11.053  1012  3282 I AudioFlinger: AudioFlinger's thread 0xb2483740 tid=3282 ready to run
01-01 22:05:11.058   788   788 D audio_hw_primary: in_set_parameters: enter: kvpairs=input_source=6;routing=-2147483644
01-01 22:05:11.059  1012  1302 D APM_AudioPolicyManager: AudioPolicyManager::startInput() input 70134, session 70193, source = 1999
01-01 22:05:11.061   788  3283 V msm8974_platform: platform_update_usecase_from_source: input source :6
01-01 22:05:11.061   788  3283 V msm8974_platform: platform_check_input_mask: enter check_input_mask source 6 mask 10
01-01 22:05:11.061   788  3283 V msm8974_platform: platform_get_input_snd_device: enter: out_device(0) in_device(0x4) channel_count (1) channel_mask (0x10)
01-01 22:05:11.061   788  3283 V msm8974_platform: platform_get_input_snd_device: exit: in_snd_device(voice-rec-mic)
01-01 22:05:11.061   788  3283 V msm8974_platform: platform_get_backend_index:napb: backend port - 5 device - 120 
01-01 22:05:11.061   788  3283 V msm8974_platform: platform_check_and_set_capture_backend_cfg:txbecf: afe: bitwidth 0, samplerate 0, channel 1, backend_idx 5 usecase = 9 device (voice-rec-mic)
01-01 22:05:11.061   788  3283 V msm8974_platform: platform_check_capture_backend_cfg:txbecf: afe: Codec selected backend: 5 current bit width: 0 and sample rate: 0, channels 1
01-01 22:05:11.061 23700  9564 I MicrophoneInputStream: mic_started  SR : 16000 CC : 16 SO : 1999
01-01 22:05:11.061   788  3283 V msm8974_platform: platform_check_capture_backend_cfg:txbecf: afe: Codec selected backend: 5 updated bit width: 0 and sample rate: 0
01-01 22:05:11.061   788  3283 I msm8974_platform: platform_check_capture_backend_cfg:txbecf: afe: Codec backend needs to be updated. new bit width: 0 new sample rate: 0 new channel: 1
01-01 22:05:11.061   788  3283 V msm8974_platform: platform_get_backend_index:napb: backend port - 5 device - 120 
01-01 22:05:11.061   788  3283 V msm8974_platform: platform_set_backend_cfg:becf: afe: bitwidth 0, samplerate 0 channels 1, backend_idx 5 device (voice-rec-mic)
01-01 22:05:11.062   788  3283 E msm8974_platform: platform_set_backend_cfg:becf: afe: Could not get ctl for mixer command - SLIM_0_TX Format
01-01 22:05:11.062   788  3283 V msm8974_platform: platform_send_audio_calibration: sending audio calibration for snd_device(120) acdb_id(62)
01-01 22:05:11.062   788  3283 D ACDB-LOADER: ACDB -> send_audio_cal, acdb_id = 62, path = 1, app id = 0x11130, sample rate = 48000
01-01 22:05:11.062   788  3283 D ACDB-LOADER: ACDB -> send_asm_topology
01-01 22:05:11.062   788  3283 D ACDB-LOADER: ACDB -> ACDB_CMD_GET_AUDPROC_STREAM_TOPOLOGY_ID
01-01 22:05:11.062   788  3283 D ACDB-LOADER: ACDB -> send_adm_topology
01-01 22:05:11.062   788  3283 D ACDB-LOADER: ACDB -> ACDB_CMD_GET_AUDPROC_COMMON_TOPOLOGY_ID
01-01 22:05:11.062   788  3283 D ACDB-LOADER: ACDB -> send_audtable
01-01 22:05:11.062   788  3283 D ACDB-LOADER: ACDB -> ACDB_CMD_GET_AUDPROC_COMMON_TABLE_SIZE
01-01 22:05:11.062   788  3283 D ACDB-LOADER: ACDB -> ACDB_CMD_GET_AUDPROC_COMMON_TABLE
01-01 22:05:11.062   788  3283 D ACDB-LOADER: ACDB -> AUDIO_SET_AUDPROC_CAL
01-01 22:05:11.062   788  3283 D ACDB-LOADER: ACDB -> send_audvoltable
01-01 22:05:11.062   788  3283 D ACDB-LOADER: ACDB -> ACDB_CMD_GET_AUDPROC_VOL_STEP_TABLE_SIZE
01-01 22:05:11.062   788  3283 D ACDB-LOADER: ACDB -> ACDB_CMD_GET_AUDPROC_GAIN_DEP_STEP_TABLE, vol index 0
01-01 22:05:11.063   788  3283 D         : Failed to fetch the lookup information of the device 0000003E 
01-01 22:05:11.063   788  3283 D ACDB-LOADER: ACDB -> AUDIO_SET_VOL_CAL cal type = 12
01-01 22:05:11.063   788  3283 D ACDB-LOADER: ACDB -> ACDB_CMD_GET_AUDPROC_STREAM_TABLE_SIZE
01-01 22:05:11.063   788  3283 D ACDB-LOADER: ACDB -> send_audstrmtable
01-01 22:05:11.063   788  3283 D ACDB-LOADER: ACDB -> ACDB_CMD_GET_AUDPROC_STREAM_TABLE_V2
01-01 22:05:11.063   788  3283 D ACDB-LOADER: ACDB -> audstrm_cal->cal_type.cal_data.cal_size = 456
01-01 22:05:11.063   788  3283 D ACDB-LOADER: ACDB -> send_afe_topology
01-01 22:05:11.063   788  3283 D ACDB-LOADER: ACDB -> ACDB_CMD_GET_AFE_TOPOLOGY_ID
01-01 22:05:11.063   788  3283 D ACDB-LOADER: ACDB -> GET_AFE_TOPOLOGY_ID for adcd_id 62, Topology Id 112fb
01-01 22:05:11.063   788  3283 D ACDB-LOADER: ACDB -> send_afe_cal
01-01 22:05:11.063   788  3283 D ACDB-LOADER: ACDB -> ACDB_CMD_GET_AFE_COMMON_TABLE_SIZE
01-01 22:05:11.063   788  3283 D         : Failed to fetch the lookup information of the device 0000003E 
01-01 22:05:11.063   788  3283 E ACDB-LOADER: Error: ACDB_CMD_GET_AFE_COMMON_TABLE_SIZE Returned = -19
01-01 22:05:11.063   788  3283 D ACDB-LOADER: ACDB -> ACDB_CMD_GET_AFE_COMMON_TABLE
01-01 22:05:11.063   788  3283 D         : Failed to fetch the lookup information of the device 0000003E 
01-01 22:05:11.063   788  3283 D ACDB-LOADER: ACDB -> AUDIO_SET_AFE_CAL
01-01 22:05:11.063   788  3283 D ACDB-LOADER: ACDB -> send_hw_delay : acdb_id = 62 path = 1
01-01 22:05:11.063   788  3283 D ACDB-LOADER: ACDB -> ACDB_AVSYNC_INFO: ACDB_CMD_GET_DEVICE_PROPERTY
01-01 22:05:11.063   788  3283 D audio_hw_primary: enable_snd_device: snd_device(120: voice-rec-mic)
01-01 22:05:11.063   788  3283 D audio_route: Apply path: voice-rec-mic
01-01 22:05:11.066   788  3283 V msm8974_platform: platform_get_snd_device_backend_index: enter with device 120
01-01 22:05:11.066   788  3283 E msm8974_platform: platform_get_snd_device_backend_index: BE DAI Name Table is not present
01-01 22:05:11.066   788  3283 V msm8974_platform: platform_get_backend_index:napb: backend port - 5 device - 120 
01-01 22:05:11.066   788  3283 I audio_hw_utils: Set Audio Stream Capture 0 App Type Cfg: app_type 69936, acdb_dev_id 62, sample_rate 48000, snd_device_be_idx -14
01-01 22:05:11.067   788  3283 D audio_hw_primary: enable_audio_route: usecase(9) apply and update mixer path: audio-record
01-01 22:05:11.067   788  3283 D audio_route: Apply path: audio-record
01-01 22:05:11.137 23700 23889 I MicroDetectionWorker: onReady
01-01 22:05:11.447  1456  7796 I OpenGLRenderer: Initialized EGL, version 1.4
01-01 22:05:11.448  1456  7796 D OpenGLRenderer: Swap behavior 2
01-01 22:05:11.493  2748  2917 W OpenGLRenderer: Incorrectly called buildLayer on View: ShortcutAndWidgetContainer, destroying layer...
01-01 22:05:11.619  3038  3115 I chatty  : uid=10666(org.mozilla.fenix.performancetest) expire 6 lines
01-01 22:05:11.642   808   898 I SFPerfTracer:      triggers: (rate: 0:0) (0 sw vsyncs) (0 skipped) (37:1917844 vsyncs) (39:3575597)
01-01 22:05:11.686  1456  2401 D ConnectivityService: requestNetwork for uid/pid:10666/3038 NetworkRequest [ TRACK_DEFAULT id=16113, [ Capabilities: INTERNET&NOT_RESTRICTED&TRUSTED&NOT_VPN] ]
01-01 22:05:11.687  1456  2099 D Ethernet: got request NetworkRequest [ TRACK_DEFAULT id=16113, [ Capabilities: INTERNET&NOT_RESTRICTED&TRUSTED&NOT_VPN] ] with score 60
01-01 22:05:11.687  1456  2054 D WIFI_UT : got request NetworkRequest [ TRACK_DEFAULT id=16113, [ Capabilities: INTERNET&NOT_RESTRICTED&TRUSTED&NOT_VPN] ] with score 60
01-01 22:05:11.687  1456  2054 D WIFI    : got request NetworkRequest [ TRACK_DEFAULT id=16113, [ Capabilities: INTERNET&NOT_RESTRICTED&TRUSTED&NOT_VPN] ] with score 60
01-01 22:05:11.688  2398  2398 D PhoneSwitcherNetworkRequstListener: got request NetworkRequest [ TRACK_DEFAULT id=16113, [ Capabilities: INTERNET&NOT_RESTRICTED&TRUSTED&NOT_VPN] ] with score 60
01-01 22:05:11.709  3038  3285 I chatty  : uid=10666(org.mozilla.fenix.performancetest) expire 9 lines
01-01 22:05:11.775  2398  2398 D QtiCarrierConfigHelper: WARNING, no carrier configs on phone Id: 0
01-01 22:05:12.197  3038  3067 I chatty  : uid=10666(org.mozilla.fenix.performancetest) expire 1 line
01-01 22:05:12.206  1456  2067 D ConnectivityService: releasing NetworkRequest [ TRACK_DEFAULT id=16113, [ Capabilities: INTERNET&NOT_RESTRICTED&TRUSTED&NOT_VPN] ] (release request)
01-01 22:05:16.068  1456  2401 I ActivityManager: Force stopping org.mozilla.fenix.performancetest appid=10666 user=0: from pid 3289
01-01 22:05:16.069  1456  2401 I ActivityManager: Killing 3038:org.mozilla.fenix.performancetest/u0a666 (adj 700): stop org.mozilla.fenix.performancetest
01-01 22:05:16.071  1456  1605 W zygote  : kill(-3038, 9) failed: No such process
01-01 22:05:16.071  1456  2401 W ActivityManager: Force removing ActivityRecord{1e099d3 u0 org.mozilla.fenix.performancetest/org.mozilla.fenix.HomeActivity t14954}: app died, no saved state
01-01 22:05:16.072  3086  3086 I chatty  : uid=10666(org.mozilla.fenix.performancetest) expire 1 line
01-01 22:05:16.080  1456  2401 I ActivityManager: Killing 3086:org.mozilla.fenix.performancetest:tab/u0a666 (adj 0): stop org.mozilla.fenix.performancetest
01-01 22:05:16.088 26068 26068 I AppBase : onTrimMemory(): 10
01-01 22:05:16.089  1456  1605 W zygote  : kill(-3038, 9) failed: No such process
01-01 22:05:16.089 26068 26068 I GoogleInputMethodService: onTrimMemory(): 10
01-01 22:05:16.094  2398  2398 D CarrierSvcBindHelper: No carrier app for: 0
01-01 22:05:16.095  2398  2398 D CarrierSvcBindHelper: No carrier app for: 1
01-01 22:05:16.102  1456  1605 W zygote  : kill(-3038, 9) failed: No such process
01-01 22:05:16.157  1456  1605 I chatty  : uid=1000(system) ActivityManager identical 4 lines
01-01 22:05:16.165  1456  1673 W ActivityManager: setHasOverlayUi called on unknown pid: 3038
01-01 22:05:16.173  1456  1605 W zygote  : kill(-3038, 9) failed: No such process
01-01 22:05:16.174  1456  1605 I zygote  : Successfully killed process cgroup uid 10666 pid 3038 in 103ms
01-01 22:05:16.174  1456  1605 W zygote  : kill(-3086, 9) failed: No such process
01-01 22:05:16.174  1456  1605 I zygote  : Successfully killed process cgroup uid 10666 pid 3086 in 0ms
01-01 22:05:16.191  1456  7570 I ActivityManager: START u0 {act=android.intent.action.VIEW dat=about:blank typ=text/html flg=0x10000000 cmp=org.mozilla.fenix.performancetest/org.mozilla.fenix.IntentReceiverActivity} from uid 2000
01-01 22:05:16.192   794   839 E ANDR-PERF-RESOURCEQS: Failed to apply optimization [4, 0]
01-01 22:05:16.202  1456  7796 I OpenGLRenderer: Initialized EGL, version 1.4
01-01 22:05:16.202  1456  7796 D OpenGLRenderer: Swap behavior 2
01-01 22:05:16.214  1456  2204 I ActivityManager: Start proc 3298:org.mozilla.fenix.performancetest/u0a666 for activity org.mozilla.fenix.performancetest/org.mozilla.fenix.IntentReceiverActivity
01-01 22:05:16.220  3298  3298 I chatty  : uid=10666(org.mozilla.fenix.performancetest) expire 34 lines
01-01 22:05:16.299 23700 23889 I MicroDetectionState: Should stop hotword detection immediately - false
01-01 22:05:16.299 23700 23889 I MicroDetector: Keeping mic open: false
01-01 22:05:16.300 23700 23889 I RecognitionAudioControl: #shutdownAudio [requestId: -6410853037073321723, keepAudioOpen: false, forced: true]
01-01 22:05:16.300 23700  9578 E DeviceStateChecker: DeviceStateChecker cancelled
01-01 22:05:16.300 23700 23889 I RecognitionAudioControl: #internalShutdownAudio [requestId: -6410853037073321723]
01-01 22:05:16.300 23700 23889 I RecognitionAudioControl: #internalShutdownAudio [keepAudioOpen: false, forced: true]
01-01 22:05:16.300 23700 23889 I RecognitionAudioControl: #actualShutdownAudio
01-01 22:05:16.300 23700 23889 I AudioController: #shutdown [requestId=-6410853037073321723]
01-01 22:05:16.300 23700 16660 I AudioController: internalShutdown
01-01 22:05:16.300 23700 31121 I MicroRecognitionRunner: Stopping hotword detection.
01-01 22:05:16.359   788   788 D audio_hw_primary: disable_audio_route: usecase(9) reset and update mixer path: audio-record
01-01 22:05:16.360   788   788 D audio_hw_primary: disable_snd_device: snd_device(120: voice-rec-mic)
01-01 22:05:16.363  1012  1302 D APM_AudioPolicyManager: stopInput() input 70134, session 70193
01-01 22:05:16.364   788  1479 D audio_hw_primary: in_set_parameters: enter: kvpairs=routing=0
01-01 22:05:16.367 23700 16660 I MicrophoneInputStream: mic_close  SR : 16000 CC : 16 SO : 1999
01-01 22:05:16.367 23700 16660 E AudioSource: Stop listening is called on already closed AudioSource
01-01 22:05:16.370 23700  1265 I MicroRecognitionRunner: Detection finished
01-01 22:05:16.467  3298  3316 I chatty  : uid=10666(org.mozilla.fenix.performancetest) expire 13 lines
01-01 22:05:16.632  3298  3325 I chatty  : uid=10666(org.mozilla.fenix.performancetest) expire 31 lines
01-01 22:05:16.750  3298  3333 I chatty  : uid=10666(org.mozilla.fenix.performancetest) expire 10 lines
01-01 22:05:16.774  1456  5797 I ActivityManager: Start proc 3336:org.mozilla.fenix.performancetest:tab/u0a666 for service org.mozilla.fenix.performancetest/org.mozilla.gecko.process.GeckoServiceChildProcess$tab
01-01 22:05:16.774  3336  3336 I chatty  : uid=10666(org.mozilla.fenix.performancetest) expire 2 lines
01-01 22:05:16.883  3298  3363 I chatty  : uid=10666(org.mozilla.fenix.performancetest) expire 9 lines
01-01 22:05:16.942  3336  3365 I chatty  : uid=10666(org.mozilla.fenix.performancetest) expire 1 line
01-01 22:05:17.090  3298  3304 I chatty  : uid=10666(org.mozilla.fenix.performancetest) expire 8 lines
01-01 22:05:17.445  1456  2204 I ActivityManager: START u0 {act=android.intent.action.VIEW dat=about:blank typ=text/html flg=0x10000000 cmp=org.mozilla.fenix.performancetest/org.mozilla.fenix.HomeActivity (has extras)} from uid 10666
01-01 22:05:17.474  1456  2204 I WifiService: getDhcpInfo uid=10666
01-01 22:05:17.734  1456  1673 I LaunchCheckinHandler: Displayed org.mozilla.fenix.performancetest/org.mozilla.fenix.IntentReceiverActivity,cp,ca,1534
01-01 22:05:18.464  3298  3317 I chatty  : uid=10666(org.mozilla.fenix.performancetest) expire 10 lines
01-01 22:05:18.566  3298  3442 I chatty  : uid=10666(org.mozilla.fenix.performancetest) expire 2 lines
01-01 22:05:18.625  3298  3452 I chatty  : uid=10666(org.mozilla.fenix.performancetest) expire 1 line
01-01 22:05:18.660  3298  3436 I chatty  : uid=10666(org.mozilla.fenix.performancetest) expire 1 line
01-01 22:05:18.785  3298  3325 I chatty  : uid=10666(org.mozilla.fenix.performancetest) expire 3 lines
01-01 22:05:18.882  3298  3298 I chatty  : uid=10666(org.mozilla.fenix.performancetest) expire 29 lines
01-01 22:05:18.993  3298  3452 I chatty  : uid=10666(org.mozilla.fenix.performancetest) expire 3 lines
01-01 22:05:19.009  3298  3332 I chatty  : uid=10666(org.mozilla.fenix.performancetest) expire 1 line
01-01 22:05:19.014  1456  1673 I ActivityManager: Displayed org.mozilla.fenix.performancetest/org.mozilla.fenix.HomeActivity: +1s453ms (total +2s805ms)
01-01 22:05:19.050   808   808 I SFPerfTracer:      triggers: (rate: 49:239005) (compose: 0:6) (post: 0:13) (render: 0:10) (0:2439111 frames) (1:3543228)
01-01 22:05:19.051   808   808 D SFPerfTracer:        layers: (3:12) (NavigationBar#0 (0xb07df000): 0:354545) (StatusBar#0 (0xb07e3000): 0:1068961) (com.android.systemui.ImageWallpaper#0 (0xb07e7000): 0:28544)* (Sprite#0 (0xb0733000): 0:317)* (DimLayerController/Stack=0#0 (0xb075a000): 0:3562)* (Sprite#1 (0xb077c000): 0:195)* (org.mozilla.fenix.performancetest/org.mozilla.fenix.HomeActivity#0 (0xb021f000): 0:53)- (com.android.launcher3/com.android.launcher3.CustomizationPanelLauncher#0 (0xb0763000): 0:42)* (com.android.launcher3/com.android.launcher3.CustomizationPanelLauncher#1 (0xb0771000): 0:10)* (Splash Screen org.mozilla.fenix.performancetest#0 (0xb0384000): 1:25) (org.mozilla.fenix.performancetest/org.mozilla.fenix.IntentReceiverActivity#0 (0xb039b000): 0:6)* (org.mozilla.fenix.performancetest/org.mozilla.fenix.HomeActivity#0 (0xb020f000): 1:6)* 
01-01 22:05:19.112  3336  3365 I chatty  : uid=10666(org.mozilla.fenix.performancetest) expire 14 lines
01-01 22:05:19.275  3298  3304 I chatty  : uid=10666(org.mozilla.fenix.performancetest) expire 3 lines
01-01 22:05:19.309 23700 23700 I MemoryTrimmer: Trimming objects from memory, since app is in the background.
01-01 22:05:19.323 23700 23889 E AudioSource: Stop listening is called on already closed AudioSource
01-01 22:05:19.327 23700 23700 I MemoryTrimmer: Trimming objects from memory, since app is in the background.
01-01 22:05:19.330 23700  9564 I PBSessionCacheImpl: Deleted sessionId[104235279871159394] from persistence.
01-01 22:05:19.339  1456  2920 I WifiService: getWifiEnabledState uid=10073
01-01 22:05:19.346 23700 23889 W SearchServiceCore: Abort, client detached.
01-01 22:05:19.346 23700 23889 I chatty  : uid=10073(com.google.android.googlequicksearchbox) EventBus0 identical 2 lines
01-01 22:05:19.348 23700 23889 W SearchServiceCore: Abort, client detached.
01-01 22:05:20.150  3298  3316 I chatty  : uid=10666(org.mozilla.fenix.performancetest) expire 4 lines
01-01 22:05:21.843  3511  3511 D AndroidRuntime: >>>>>> START com.android.internal.os.RuntimeInit uid 2000 <<<<<<
01-01 22:05:21.856  3511  3511 W app_process: Could not reserve sentinel fault page
01-01 22:05:22.026  3511  3511 I app_process: The ClassLoaderContext is a special shared library.
01-01 22:05:22.096  3511  3511 D AndroidRuntime: Calling main entry com.android.commands.input.Input
01-01 22:05:22.097  3511  3511 I Input   : injectKeyEvent: KeyEvent { action=ACTION_DOWN, keyCode=KEYCODE_HOME, scanCode=0, metaState=0, flags=0x0, repeatCount=0, eventTime=10381550824, downTime=10381550824, deviceId=-1, source=0x101 }
01-01 22:05:22.102  3511  3511 I Input   : injectKeyEvent: KeyEvent { action=ACTION_UP, keyCode=KEYCODE_HOME, scanCode=0, metaState=0, flags=0x0, repeatCount=0, eventTime=10381550824, downTime=10381550824, deviceId=-1, source=0x101 }
01-01 22:05:22.110  1456  1941 I ActivityManager: START u0 {act=android.intent.action.MAIN cat=[android.intent.category.HOME] flg=0x10200000 cmp=com.android.launcher3/.CustomizationPanelLauncher (has extras)} from uid 1000
01-01 22:05:22.110   794   839 E ANDR-PERF-RESOURCEQS: Failed to apply optimization [4, 0]
01-01 22:05:22.126  1456  1941 I ActivityManager: moveHomeStack, setupComplete:true
01-01 22:05:22.135 23700 23821 I OpenGLRenderer: Initialized EGL, version 1.4
01-01 22:05:22.135 23700 23821 D OpenGLRenderer: Swap behavior 2
01-01 22:05:22.142  3511  3511 D AndroidRuntime: Shutting down VM
01-01 22:05:22.157  2748  2748 D Launcher.Utilities: Wakeup weather: Intent { act=com.motorola.launcher3.action.WAKEUP_WEATHER cmp=com.motorola.timeweatherwidget/com.motorola.commandcenter.weather.WakeUpService }
01-01 22:05:22.174  1456  1456 I NotificationService: Cannot find enqueued record for key: 0|com.motorola.timeweatherwidget|1|null|10116
01-01 22:05:22.179   808   808 D SurfaceFlinger: duplicate layer name: changing com.android.launcher3/com.android.launcher3.CustomizationPanelLauncher to com.android.launcher3/com.android.launcher3.CustomizationPanelLauncher#1
01-01 22:05:22.186 23700  9578 W ThreadPoolDumper: Queue length for executor EventBus is now 11. Perhaps some tasks are too long, or the pool is too small.
01-01 22:05:22.190  1456  2204 I WifiService: getWifiEnabledState uid=10073
01-01 22:05:22.199  1456  2204 I WifiService: getWifiEnabledState uid=10073
01-01 22:05:22.229 23700 23889 I MicroDetectionState: Should stop hotword detection immediately - false
01-01 22:05:22.233 23700 23889 I MicroDetectionWorker: #startMicroDetector [speakerMode: 0]
01-01 22:05:22.235 23700 23889 I AudioController: Created new AudioSource
01-01 22:05:22.263  1456  1673 I LaunchCheckinHandler: Displayed com.android.launcher3/.CustomizationPanelLauncher,wp,wa,152
01-01 22:05:22.264 23700 23889 I MicroDetectionWorker: onReady
01-01 22:05:22.264 23700 31121 I MicroDataManager: isInitializedWithLatestParams-true
01-01 22:05:22.264 23700 31121 I MicroDataManager: isInitializing-false locale not changed-true model not changed-true
01-01 22:05:22.265 23700 31121 I MicroDataManager: Already initialized, obtaining the hotword data immediately.
01-01 22:05:22.270 23700  1265 I MicroRecognitionRunner: Starting detection.
01-01 22:05:22.270 23700  1265 I InputStreamUtils: Using micInputStream
01-01 22:05:22.271 23700  9564 I MicrophoneInputStream: mic_starting  SR : 16000 CC : 16 SO : 1999
01-01 22:05:22.275   788  1479 V msm8974_platform: platform_check_input_mask: enter check_input_mask source 6 mask 10
01-01 22:05:22.278  1012  3525 I AudioFlinger: AudioFlinger's thread 0xb24833c0 tid=3525 ready to run
01-01 22:05:22.284   788  1479 D audio_hw_primary: in_set_parameters: enter: kvpairs=input_source=6;routing=-2147483644
01-01 22:05:22.285  1012 13178 D APM_AudioPolicyManager: AudioPolicyManager::startInput() input 70142, session 70201, source = 1999
01-01 22:05:22.286 23700  9564 I MicrophoneInputStream: mic_started  SR : 16000 CC : 16 SO : 1999
01-01 22:05:22.287   788  3526 V msm8974_platform: platform_update_usecase_from_source: input source :6
01-01 22:05:22.287   788  3526 V msm8974_platform: platform_check_input_mask: enter check_input_mask source 6 mask 10
01-01 22:05:22.287   788  3526 V msm8974_platform: platform_get_input_snd_device: enter: out_device(0) in_device(0x4) channel_count (1) channel_mask (0x10)
01-01 22:05:22.287   788  3526 V msm8974_platform: platform_get_input_snd_device: exit: in_snd_device(voice-rec-mic)
01-01 22:05:22.287   788  3526 V msm8974_platform: platform_get_backend_index:napb: backend port - 5 device - 120 
01-01 22:05:22.287   788  3526 V msm8974_platform: platform_check_and_set_capture_backend_cfg:txbecf: afe: bitwidth 0, samplerate 0, channel 1, backend_idx 5 usecase = 9 device (voice-rec-mic)
01-01 22:05:22.287   788  3526 V msm8974_platform: platform_check_capture_backend_cfg:txbecf: afe: Codec selected backend: 5 current bit width: 0 and sample rate: 0, channels 1
01-01 22:05:22.288   788  3526 V msm8974_platform: platform_check_capture_backend_cfg:txbecf: afe: Codec selected backend: 5 updated bit width: 0 and sample rate: 0
01-01 22:05:22.288   788  3526 I msm8974_platform: platform_check_capture_backend_cfg:txbecf: afe: Codec backend needs to be updated. new bit width: 0 new sample rate: 0 new channel: 1
01-01 22:05:22.288   788  3526 V msm8974_platform: platform_get_backend_index:napb: backend port - 5 device - 120 
01-01 22:05:22.288   788  3526 V msm8974_platform: platform_set_backend_cfg:becf: afe: bitwidth 0, samplerate 0 channels 1, backend_idx 5 device (voice-rec-mic)
01-01 22:05:22.288   788  3526 E msm8974_platform: platform_set_backend_cfg:becf: afe: Could not get ctl for mixer command - SLIM_0_TX Format
01-01 22:05:22.288   788  3526 V msm8974_platform: platform_send_audio_calibration: sending audio calibration for snd_device(120) acdb_id(62)
01-01 22:05:22.288   788  3526 D ACDB-LOADER: ACDB -> send_audio_cal, acdb_id = 62, path = 1, app id = 0x11130, sample rate = 48000
01-01 22:05:22.288   788  3526 D ACDB-LOADER: ACDB -> send_asm_topology
01-01 22:05:22.288   788  3526 D ACDB-LOADER: ACDB -> ACDB_CMD_GET_AUDPROC_STREAM_TOPOLOGY_ID
01-01 22:05:22.288   788  3526 D ACDB-LOADER: ACDB -> send_adm_topology
01-01 22:05:22.288   788  3526 D ACDB-LOADER: ACDB -> ACDB_CMD_GET_AUDPROC_COMMON_TOPOLOGY_ID
01-01 22:05:22.288   788  3526 D ACDB-LOADER: ACDB -> send_audtable
01-01 22:05:22.288   788  3526 D ACDB-LOADER: ACDB -> ACDB_CMD_GET_AUDPROC_COMMON_TABLE_SIZE
01-01 22:05:22.288   788  3526 D ACDB-LOADER: ACDB -> ACDB_CMD_GET_AUDPROC_COMMON_TABLE
01-01 22:05:22.288   788  3526 D ACDB-LOADER: ACDB -> AUDIO_SET_AUDPROC_CAL
01-01 22:05:22.288   788  3526 D ACDB-LOADER: ACDB -> send_audvoltable
01-01 22:05:22.289   788  3526 D ACDB-LOADER: ACDB -> ACDB_CMD_GET_AUDPROC_VOL_STEP_TABLE_SIZE
01-01 22:05:22.289   788  3526 D ACDB-LOADER: ACDB -> ACDB_CMD_GET_AUDPROC_GAIN_DEP_STEP_TABLE, vol index 0
01-01 22:05:22.289   788  3526 D         : Failed to fetch the lookup information of the device 0000003E 
01-01 22:05:22.289   788  3526 D ACDB-LOADER: ACDB -> AUDIO_SET_VOL_CAL cal type = 12
01-01 22:05:22.289   788  3526 D ACDB-LOADER: ACDB -> ACDB_CMD_GET_AUDPROC_STREAM_TABLE_SIZE
01-01 22:05:22.289   788  3526 D ACDB-LOADER: ACDB -> send_audstrmtable
01-01 22:05:22.289   788  3526 D ACDB-LOADER: ACDB -> ACDB_CMD_GET_AUDPROC_STREAM_TABLE_V2
01-01 22:05:22.289   788  3526 D ACDB-LOADER: ACDB -> audstrm_cal->cal_type.cal_data.cal_size = 456
01-01 22:05:22.289   788  3526 D ACDB-LOADER: ACDB -> send_afe_topology
01-01 22:05:22.289   788  3526 D ACDB-LOADER: ACDB -> ACDB_CMD_GET_AFE_TOPOLOGY_ID
01-01 22:05:22.289   788  3526 D ACDB-LOADER: ACDB -> GET_AFE_TOPOLOGY_ID for adcd_id 62, Topology Id 112fb
01-01 22:05:22.289   788  3526 D ACDB-LOADER: ACDB -> send_afe_cal
01-01 22:05:22.289   788  3526 D ACDB-LOADER: ACDB -> ACDB_CMD_GET_AFE_COMMON_TABLE_SIZE
01-01 22:05:22.289   788  3526 D         : Failed to fetch the lookup information of the device 0000003E 
01-01 22:05:22.289   788  3526 E ACDB-LOADER: Error: ACDB_CMD_GET_AFE_COMMON_TABLE_SIZE Returned = -19
01-01 22:05:22.289   788  3526 D ACDB-LOADER: ACDB -> ACDB_CMD_GET_AFE_COMMON_TABLE
01-01 22:05:22.289   788  3526 D         : Failed to fetch the lookup information of the device 0000003E 
01-01 22:05:22.289   788  3526 D ACDB-LOADER: ACDB -> AUDIO_SET_AFE_CAL
01-01 22:05:22.289   788  3526 D ACDB-LOADER: ACDB -> send_hw_delay : acdb_id = 62 path = 1
01-01 22:05:22.289   788  3526 D ACDB-LOADER: ACDB -> ACDB_AVSYNC_INFO: ACDB_CMD_GET_DEVICE_PROPERTY
01-01 22:05:22.289   788  3526 D audio_hw_primary: enable_snd_device: snd_device(120: voice-rec-mic)
01-01 22:05:22.289   788  3526 D audio_route: Apply path: voice-rec-mic
01-01 22:05:22.293   788  3526 V msm8974_platform: platform_get_snd_device_backend_index: enter with device 120
01-01 22:05:22.293   788  3526 E msm8974_platform: platform_get_snd_device_backend_index: BE DAI Name Table is not present
01-01 22:05:22.293   788  3526 V msm8974_platform: platform_get_backend_index:napb: backend port - 5 device - 120 
01-01 22:05:22.293   788  3526 I audio_hw_utils: Set Audio Stream Capture 0 App Type Cfg: app_type 69936, acdb_dev_id 62, sample_rate 48000, snd_device_be_idx -14
01-01 22:05:22.293   788  3526 D audio_hw_primary: enable_audio_route: usecase(9) apply and update mixer path: audio-record
01-01 22:05:22.293   788  3526 D audio_route: Apply path: audio-record
01-01 22:05:22.363 23700 23889 I MicroDetectionWorker: onReady
01-01 22:05:22.398  2146  2165 I zygote  : NativeAlloc concurrent copying GC freed 24074(1214KB) AllocSpace objects, 0(0B) LOS objects, 50% free, 8MB/16MB, paused 139us total 119.959ms
01-01 22:05:22.675  1456  7796 I OpenGLRenderer: Initialized EGL, version 1.4
01-01 22:05:22.676  1456  7796 D OpenGLRenderer: Swap behavior 2
01-01 22:05:22.709  2748  2917 W OpenGLRenderer: Incorrectly called buildLayer on View: ShortcutAndWidgetContainer, destroying layer...
01-01 22:05:22.833  3298  3372 I chatty  : uid=10666(org.mozilla.fenix.performancetest) expire 6 lines
01-01 22:05:22.854   808   898 I SFPerfTracer:      triggers: (rate: 0:0) (0 sw vsyncs) (0 skipped) (37:1917932 vsyncs) (39:3575725)
01-01 22:05:22.909  1456  1471 D ConnectivityService: requestNetwork for uid/pid:10666/3298 NetworkRequest [ TRACK_DEFAULT id=16114, [ Capabilities: INTERNET&NOT_RESTRICTED&TRUSTED&NOT_VPN] ]
01-01 22:05:22.911  1456  2099 D Ethernet: got request NetworkRequest [ TRACK_DEFAULT id=16114, [ Capabilities: INTERNET&NOT_RESTRICTED&TRUSTED&NOT_VPN] ] with score 60
01-01 22:05:22.911  1456  2054 D WIFI_UT : got request NetworkRequest [ TRACK_DEFAULT id=16114, [ Capabilities: INTERNET&NOT_RESTRICTED&TRUSTED&NOT_VPN] ] with score 60
01-01 22:05:22.911  1456  2054 D WIFI    : got request NetworkRequest [ TRACK_DEFAULT id=16114, [ Capabilities: INTERNET&NOT_RESTRICTED&TRUSTED&NOT_VPN] ] with score 60
01-01 22:05:22.912  2398  2398 D PhoneSwitcherNetworkRequstListener: got request NetworkRequest [ TRACK_DEFAULT id=16114, [ Capabilities: INTERNET&NOT_RESTRICTED&TRUSTED&NOT_VPN] ] with score 60
01-01 22:05:22.939  3298  3528 I chatty  : uid=10666(org.mozilla.fenix.performancetest) expire 9 lines
01-01 22:05:22.974  1456  1466 I zygote  : NativeAlloc concurrent copying GC freed 59949(3MB) AllocSpace objects, 30(1112KB) LOS objects, 42% free, 31MB/55MB, paused 162us total 298.791ms
01-01 22:05:23.378  3298  3320 I chatty  : uid=10666(org.mozilla.fenix.performancetest) expire 1 line
01-01 22:05:23.388  1456  2067 D ConnectivityService: releasing NetworkRequest [ TRACK_DEFAULT id=16114, [ Capabilities: INTERNET&NOT_RESTRICTED&TRUSTED&NOT_VPN] ] (release request)
01-01 22:05:27.298  1456  1471 I ActivityManager: Force stopping org.mozilla.fenix.performancetest appid=10666 user=0: from pid 3532
01-01 22:05:27.299  1456  1471 I ActivityManager: Killing 3298:org.mozilla.fenix.performancetest/u0a666 (adj 700): stop org.mozilla.fenix.performancetest
01-01 22:05:27.302  1456  1471 W ActivityManager: Force removing ActivityRecord{4be4583 u0 org.mozilla.fenix.performancetest/org.mozilla.fenix.HomeActivity t14955}: app died, no saved state
01-01 22:05:27.302  1456  1605 W zygote  : kill(-3298, 9) failed: No such process
01-01 22:05:27.303  3336  3336 I chatty  : uid=10666(org.mozilla.fenix.performancetest) expire 1 line
01-01 22:05:27.311  1456  1471 I ActivityManager: Killing 3336:org.mozilla.fenix.performancetest:tab/u0a666 (adj 0): stop org.mozilla.fenix.performancetest
01-01 22:05:27.319  1456  1605 W zygote  : kill(-3298, 9) failed: No such process
01-01 22:05:27.320 26068 26068 I AppBase : onTrimMemory(): 10
01-01 22:05:27.320 26068 26068 I GoogleInputMethodService: onTrimMemory(): 10
01-01 22:05:27.328  2398  2398 D CarrierSvcBindHelper: No carrier app for: 0
01-01 22:05:27.330  2398  2398 D CarrierSvcBindHelper: No carrier app for: 1
01-01 22:05:27.334  1456  1605 W zygote  : kill(-3298, 9) failed: No such process
01-01 22:05:27.383  1456  1605 I chatty  : uid=1000(system) ActivityManager identical 4 lines
01-01 22:05:27.387  1456  1673 W ActivityManager: setHasOverlayUi called on unknown pid: 3298
01-01 22:05:27.399  1456  1605 W zygote  : kill(-3298, 9) failed: No such process
01-01 22:05:27.399  1456  1605 I zygote  : Successfully killed process cgroup uid 10666 pid 3298 in 97ms
01-01 22:05:27.399  1456  1605 W zygote  : kill(-3336, 9) failed: No such process
01-01 22:05:27.399  1456  1605 I zygote  : Successfully killed process cgroup uid 10666 pid 3336 in 0ms
01-01 22:05:27.426  1456  1473 I ActivityManager: START u0 {act=android.intent.action.VIEW dat=about:blank typ=text/html flg=0x10000000 cmp=org.mozilla.fenix.performancetest/org.mozilla.fenix.IntentReceiverActivity} from uid 2000
01-01 22:05:27.427   794   839 E ANDR-PERF-RESOURCEQS: Failed to apply optimization [4, 0]
01-01 22:05:27.441  1456  7796 I OpenGLRenderer: Initialized EGL, version 1.4
01-01 22:05:27.441  1456  7796 D OpenGLRenderer: Swap behavior 2
01-01 22:05:27.447  1456  2915 I ActivityManager: Start proc 3540:org.mozilla.fenix.performancetest/u0a666 for activity org.mozilla.fenix.performancetest/org.mozilla.fenix.IntentReceiverActivity
01-01 22:05:27.453  3540  3540 I chatty  : uid=10666(org.mozilla.fenix.performancetest) expire 63 lines
01-01 22:05:27.547 23700 23889 I MicroDetectionState: Should stop hotword detection immediately - false
01-01 22:05:27.547 23700 23889 I MicroDetector: Keeping mic open: false
01-01 22:05:27.547 23700  9158 E DeviceStateChecker: DeviceStateChecker cancelled
01-01 22:05:27.547 23700 23889 I RecognitionAudioControl: #shutdownAudio [requestId: -5528330863509941623, keepAudioOpen: false, forced: true]
01-01 22:05:27.548 23700 23889 I RecognitionAudioControl: #internalShutdownAudio [requestId: -5528330863509941623]
01-01 22:05:27.548 23700 23889 I RecognitionAudioControl: #internalShutdownAudio [keepAudioOpen: false, forced: true]
01-01 22:05:27.548 23700 23889 I RecognitionAudioControl: #actualShutdownAudio
01-01 22:05:27.548 23700 23889 I AudioController: #shutdown [requestId=-5528330863509941623]
01-01 22:05:27.548 23700 31121 I AudioController: internalShutdown
01-01 22:05:27.548 23700 16660 I MicroRecognitionRunner: Stopping hotword detection.
01-01 22:05:27.607   788  1479 D audio_hw_primary: disable_audio_route: usecase(9) reset and update mixer path: audio-record
01-01 22:05:27.608   788  1479 D audio_hw_primary: disable_snd_device: snd_device(120: voice-rec-mic)
01-01 22:05:27.610  1012  1301 D APM_AudioPolicyManager: stopInput() input 70142, session 70201
01-01 22:05:27.610   788   788 D audio_hw_primary: in_set_parameters: enter: kvpairs=routing=0
01-01 22:05:27.612 23700 31121 I MicrophoneInputStream: mic_close  SR : 16000 CC : 16 SO : 1999
01-01 22:05:27.612 23700 31121 E AudioSource: Stop listening is called on already closed AudioSource
01-01 22:05:27.613 23700  1265 I MicroRecognitionRunner: Detection finished
01-01 22:05:27.688  3540  3557 I chatty  : uid=10666(org.mozilla.fenix.performancetest) expire 16 lines
01-01 22:05:27.849  3540  3568 I chatty  : uid=10666(org.mozilla.fenix.performancetest) expire 34 lines
01-01 22:05:27.960  3540  3574 I chatty  : uid=10666(org.mozilla.fenix.performancetest) expire 10 lines
01-01 22:05:27.982  1456  7570 I ActivityManager: Start proc 3579:org.mozilla.fenix.performancetest:tab/u0a666 for service org.mozilla.fenix.performancetest/org.mozilla.gecko.process.GeckoServiceChildProcess$tab
01-01 22:05:27.985  3579  3579 I chatty  : uid=10666(org.mozilla.fenix.performancetest) expire 2 lines
01-01 22:05:28.111  3540  3600 I chatty  : uid=10666(org.mozilla.fenix.performancetest) expire 9 lines
01-01 22:05:28.146  3579  3601 I chatty  : uid=10666(org.mozilla.fenix.performancetest) expire 15 lines
01-01 22:05:28.309  3540  3545 I chatty  : uid=10666(org.mozilla.fenix.performancetest) expire 11 lines
01-01 22:05:28.671  1456  7570 I ActivityManager: START u0 {act=android.intent.action.VIEW dat=about:blank typ=text/html flg=0x10000000 cmp=org.mozilla.fenix.performancetest/org.mozilla.fenix.HomeActivity (has extras)} from uid 10666
01-01 22:05:28.704   808   808 I SFPerfTracer:      triggers: (rate: 49:239008) (compose: 0:6) (post: 0:13) (render: 0:10) (0:2439178 frames) (1:3543328)
01-01 22:05:28.704   808   808 D SFPerfTracer:        layers: (3:14) (NavigationBar#0 (0xb07df000): 0:354566) (StatusBar#0 (0xb07e3000): 0:1068983) (com.android.systemui.ImageWallpaper#0 (0xb07e7000): 0:28546)* (Sprite#0 (0xb0733000): 0:317)* (DimLayerController/Stack=0#0 (0xb075a000): 0:3562)* (Sprite#1 (0xb077c000): 0:195)* (com.android.launcher3/com.android.launcher3.CustomizationPanelLauncher#0 (0xb0763000): 0:42)- (com.android.launcher3/com.android.launcher3.CustomizationPanelLauncher#1 (0xb0771000): 0:10)- (Splash Screen org.mozilla.fenix.performancetest#0 (0xb0384000): 0:34)- (org.mozilla.fenix.performancetest/org.mozilla.fenix.IntentReceiverActivity#0 (0xb039b000): 0:6)- (org.mozilla.fenix.performancetest/org.mozilla.fenix.HomeActivity#0 (0xb020f000): 0:53)- (com.android.launcher3/com.android.launcher3.CustomizationPanelLauncher#0 (0xb0763000): 0:41)* (com.android.launcher3/com.android.launcher3.CustomizationPanelLauncher#1 (0xb0771000): 0:10)* (Splash Screen org.mozilla.fenix.performancetest#0 (0xb0384000): 0:20) 
01-01 22:05:28.707  1456  7570 I WifiService: getDhcpInfo uid=10666
01-01 22:05:28.972  1456  1673 I LaunchCheckinHandler: Displayed org.mozilla.fenix.performancetest/org.mozilla.fenix.IntentReceiverActivity,cp,ca,1537
01-01 22:05:29.692  3540  3634 I chatty  : uid=10666(org.mozilla.fenix.performancetest) expire 10 lines
01-01 22:05:29.736  3540  3677 I chatty  : uid=10666(org.mozilla.fenix.performancetest) expire 2 lines
01-01 22:05:29.848  3540  3689 I chatty  : uid=10666(org.mozilla.fenix.performancetest) expire 4 lines
01-01 22:05:29.908  3540  3675 I chatty  : uid=10666(org.mozilla.fenix.performancetest) expire 1 line
01-01 22:05:30.203  3540  3556 I chatty  : uid=10666(org.mozilla.fenix.performancetest) expire 1 line
01-01 22:05:30.248  1456  1673 I ActivityManager: Displayed org.mozilla.fenix.performancetest/org.mozilla.fenix.HomeActivity: +1s460ms (total +2s806ms)
01-01 22:05:30.508 23700 23700 I MemoryTrimmer: Trimming objects from memory, since app is in the background.
01-01 22:05:30.521 23700 23889 E AudioSource: Stop listening is called on already closed AudioSource
01-01 22:05:30.531 23700  9564 I PBSessionCacheImpl: Deleted sessionId[104235279871159399] from persistence.
01-01 22:05:30.534 23700 23700 I MemoryTrimmer: Trimming objects from memory, since app is in the background.
01-01 22:05:30.535  1456  2923 I WifiService: getWifiEnabledState uid=10073
01-01 22:05:30.545 23700 23889 W SearchServiceCore: Abort, client detached.
01-01 22:05:30.546 23700 23889 W SearchServiceCore: Abort, client detached.
01-01 22:05:33.081  3752  3752 D AndroidRuntime: >>>>>> START com.android.internal.os.RuntimeInit uid 2000 <<<<<<
01-01 22:05:33.094  3752  3752 W app_process: Could not reserve sentinel fault page
01-01 22:05:33.262  3752  3752 I app_process: The ClassLoaderContext is a special shared library.
01-01 22:05:33.332  3752  3752 D AndroidRuntime: Calling main entry com.android.commands.input.Input
01-01 22:05:33.338  3752  3752 I Input   : injectKeyEvent: KeyEvent { action=ACTION_DOWN, keyCode=KEYCODE_HOME, scanCode=0, metaState=0, flags=0x0, repeatCount=0, eventTime=10381562061, downTime=10381562061, deviceId=-1, source=0x101 }
01-01 22:05:33.348  3752  3752 I Input   : injectKeyEvent: KeyEvent { action=ACTION_UP, keyCode=KEYCODE_HOME, scanCode=0, metaState=0, flags=0x0, repeatCount=0, eventTime=10381562061, downTime=10381562061, deviceId=-1, source=0x101 }
01-01 22:05:33.355  1456  1941 I ActivityManager: START u0 {act=android.intent.action.MAIN cat=[android.intent.category.HOME] flg=0x10200000 cmp=com.android.launcher3/.CustomizationPanelLauncher (has extras)} from uid 1000
01-01 22:05:33.355   794   839 E ANDR-PERF-RESOURCEQS: Failed to apply optimization [4, 0]
01-01 22:05:33.369  1456  1941 I ActivityManager: moveHomeStack, setupComplete:true
01-01 22:05:33.374 23700 23821 I OpenGLRenderer: Initialized EGL, version 1.4
01-01 22:05:33.375 23700 23821 D OpenGLRenderer: Swap behavior 2
01-01 22:05:33.380  3752  3752 D AndroidRuntime: Shutting down VM
01-01 22:05:33.399  2748  2748 D Launcher.Utilities: Wakeup weather: Intent { act=com.motorola.launcher3.action.WAKEUP_WEATHER cmp=com.motorola.timeweatherwidget/com.motorola.commandcenter.weather.WakeUpService }
01-01 22:05:33.412  1456  1456 I NotificationService: Cannot find enqueued record for key: 0|com.motorola.timeweatherwidget|1|null|10116
01-01 22:05:33.417   808   808 D SurfaceFlinger: duplicate layer name: changing com.android.launcher3/com.android.launcher3.CustomizationPanelLauncher to com.android.launcher3/com.android.launcher3.CustomizationPanelLauncher#1
01-01 22:05:33.425 23700  1265 W ThreadPoolDumper: Queue length for executor EventBus is now 11. Perhaps some tasks are too long, or the pool is too small.
01-01 22:05:33.426  1456  5050 I WifiService: getWifiEnabledState uid=10073
01-01 22:05:33.437  1456  7556 I WifiService: getWifiEnabledState uid=10073
01-01 22:05:33.468 23700 23889 I MicroDetectionState: Should stop hotword detection immediately - false
01-01 22:05:33.476 23700 23889 I MicroDetectionWorker: #startMicroDetector [speakerMode: 0]
01-01 22:05:33.478 23700 23889 I AudioController: Created new AudioSource
01-01 22:05:33.494  1456  1673 I LaunchCheckinHandler: Displayed com.android.launcher3/.CustomizationPanelLauncher,wp,wa,139
01-01 22:05:33.495 23700 23889 I MicroDetectionWorker: onReady
01-01 22:05:33.496 23700 15689 I MicroDataManager: isInitializedWithLatestParams-true
01-01 22:05:33.496 23700 15689 I MicroDataManager: isInitializing-false locale not changed-true model not changed-true
01-01 22:05:33.497 23700 15689 I MicroDataManager: Already initialized, obtaining the hotword data immediately.
01-01 22:05:33.502 23700  9214 I MicroRecognitionRunner: Starting detection.
01-01 22:05:33.502 23700  9214 I InputStreamUtils: Using micInputStream
01-01 22:05:33.502 23700  9564 I MicrophoneInputStream: mic_starting  SR : 16000 CC : 16 SO : 1999
01-01 22:05:33.506   788   788 V msm8974_platform: platform_check_input_mask: enter check_input_mask source 6 mask 10
01-01 22:05:33.508  1012  3768 I AudioFlinger: AudioFlinger's thread 0xb2483900 tid=3768 ready to run
01-01 22:05:33.512   788   788 D audio_hw_primary: in_set_parameters: enter: kvpairs=input_source=6;routing=-2147483644
