--------- beginning of main
05-03 22:07:07.071  1456  1605 W zygote  : kill(-26047, 9) failed: No such process
05-03 22:07:07.072 12455 12495 I MicroDetectionWorker: onReady
05-03 22:07:07.073 12455 12495 I HotwordLSAdapter: getAudioSourceOpeningStatus completed: 1
05-03 22:07:07.076   788 26295 V msm8974_platform: platform_update_usecase_from_source: input source :6
05-03 22:07:07.076   788 26295 V msm8974_platform: platform_check_input_mask: enter check_input_mask source 6 mask 10
05-03 22:07:07.076   788 26295 V msm8974_platform: platform_get_input_snd_device: enter: out_device(0) in_device(0x4) channel_count (1) channel_mask (0x10)
05-03 22:07:07.076   788 26295 V msm8974_platform: platform_get_input_snd_device: exit: in_snd_device(voice-rec-mic)
05-03 22:07:07.076   788 26295 V msm8974_platform: platform_get_backend_index:napb: backend port - 5 device - 120 
05-03 22:07:07.076   788 26295 V msm8974_platform: platform_check_and_set_capture_backend_cfg:txbecf: afe: bitwidth 0, samplerate 0, channel 1, backend_idx 5 usecase = 9 device (voice-rec-mic)
05-03 22:07:07.076   788 26295 V msm8974_platform: platform_check_capture_backend_cfg:txbecf: afe: Codec selected backend: 5 current bit width: 0 and sample rate: 0, channels 1
05-03 22:07:07.076   788 26295 V msm8974_platform: platform_check_capture_backend_cfg:txbecf: afe: Codec selected backend: 5 updated bit width: 0 and sample rate: 0
05-03 22:07:07.077   788 26295 I msm8974_platform: platform_check_capture_backend_cfg:txbecf: afe: Codec backend needs to be updated. new bit width: 0 new sample rate: 0 new channel: 1
05-03 22:07:07.077   788 26295 V msm8974_platform: platform_get_backend_index:napb: backend port - 5 device - 120 
05-03 22:07:07.077   788 26295 V msm8974_platform: platform_set_backend_cfg:becf: afe: bitwidth 0, samplerate 0 channels 1, backend_idx 5 device (voice-rec-mic)
05-03 22:07:07.077   788 26295 E msm8974_platform: platform_set_backend_cfg:becf: afe: Could not get ctl for mixer command - SLIM_0_TX Format
05-03 22:07:07.077   788 26295 V msm8974_platform: platform_send_audio_calibration: sending audio calibration for snd_device(120) acdb_id(62)
05-03 22:07:07.077   788 26295 D ACDB-LOADER: ACDB -> send_audio_cal, acdb_id = 62, path = 1, app id = 0x11130, sample rate = 48000
05-03 22:07:07.077   788 26295 D ACDB-LOADER: ACDB -> send_asm_topology
05-03 22:07:07.077   788 26295 D ACDB-LOADER: ACDB -> ACDB_CMD_GET_AUDPROC_STREAM_TOPOLOGY_ID
05-03 22:07:07.077   788 26295 D ACDB-LOADER: ACDB -> send_adm_topology
05-03 22:07:07.077   788 26295 D ACDB-LOADER: ACDB -> ACDB_CMD_GET_AUDPROC_COMMON_TOPOLOGY_ID
05-03 22:07:07.077   788 26295 D ACDB-LOADER: ACDB -> send_audtable
05-03 22:07:07.078   788 26295 D ACDB-LOADER: ACDB -> ACDB_CMD_GET_AUDPROC_COMMON_TABLE_SIZE
05-03 22:07:07.078   788 26295 D ACDB-LOADER: ACDB -> ACDB_CMD_GET_AUDPROC_COMMON_TABLE
05-03 22:07:07.078   788 26295 D ACDB-LOADER: ACDB -> AUDIO_SET_AUDPROC_CAL
05-03 22:07:07.078   788 26295 D ACDB-LOADER: ACDB -> send_audvoltable
05-03 22:07:07.078   788 26295 D ACDB-LOADER: ACDB -> ACDB_CMD_GET_AUDPROC_VOL_STEP_TABLE_SIZE
05-03 22:07:07.078   788 26295 D ACDB-LOADER: ACDB -> ACDB_CMD_GET_AUDPROC_GAIN_DEP_STEP_TABLE, vol index 0
05-03 22:07:07.078   788 26295 D         : Failed to fetch the lookup information of the device 0000003E 
05-03 22:07:07.078   788 26295 D ACDB-LOADER: ACDB -> AUDIO_SET_VOL_CAL cal type = 12
05-03 22:07:07.078   788 26295 D ACDB-LOADER: ACDB -> ACDB_CMD_GET_AUDPROC_STREAM_TABLE_SIZE
05-03 22:07:07.078   788 26295 D ACDB-LOADER: ACDB -> send_audstrmtable
05-03 22:07:07.078   788 26295 D ACDB-LOADER: ACDB -> ACDB_CMD_GET_AUDPROC_STREAM_TABLE_V2
05-03 22:07:07.078   788 26295 D ACDB-LOADER: ACDB -> audstrm_cal->cal_type.cal_data.cal_size = 456
05-03 22:07:07.078   788 26295 D ACDB-LOADER: ACDB -> send_afe_topology
05-03 22:07:07.078   788 26295 D ACDB-LOADER: ACDB -> ACDB_CMD_GET_AFE_TOPOLOGY_ID
05-03 22:07:07.078   788 26295 D ACDB-LOADER: ACDB -> GET_AFE_TOPOLOGY_ID for adcd_id 62, Topology Id 112fb
05-03 22:07:07.078   788 26295 D ACDB-LOADER: ACDB -> send_afe_cal
05-03 22:07:07.078   788 26295 D ACDB-LOADER: ACDB -> ACDB_CMD_GET_AFE_COMMON_TABLE_SIZE
05-03 22:07:07.078   788 26295 D         : Failed to fetch the lookup information of the device 0000003E 
05-03 22:07:07.078   788 26295 E ACDB-LOADER: Error: ACDB_CMD_GET_AFE_COMMON_TABLE_SIZE Returned = -19
05-03 22:07:07.078   788 26295 D ACDB-LOADER: ACDB -> ACDB_CMD_GET_AFE_COMMON_TABLE
05-03 22:07:07.078   788 26295 D         : Failed to fetch the lookup information of the device 0000003E 
05-03 22:07:07.078   788 26295 D ACDB-LOADER: ACDB -> AUDIO_SET_AFE_CAL
05-03 22:07:07.078   788 26295 D ACDB-LOADER: ACDB -> send_hw_delay : acdb_id = 62 path = 1
05-03 22:07:07.078   788 26295 D ACDB-LOADER: ACDB -> ACDB_AVSYNC_INFO: ACDB_CMD_GET_DEVICE_PROPERTY
05-03 22:07:07.078   788 26295 D audio_hw_primary: enable_snd_device: snd_device(120: voice-rec-mic)
05-03 22:07:07.078   788 26295 D audio_route: Apply path: voice-rec-mic
05-03 22:07:07.084   788 26295 V msm8974_platform: platform_get_snd_device_backend_index: enter with device 120
05-03 22:07:07.084   788 26295 E msm8974_platform: platform_get_snd_device_backend_index: BE DAI Name Table is not present
05-03 22:07:07.084   788 26295 V msm8974_platform: platform_get_backend_index:napb: backend port - 5 device - 120 
05-03 22:07:07.084   788 26295 I audio_hw_utils: Set Audio Stream Capture 0 App Type Cfg: app_type 69936, acdb_dev_id 62, sample_rate 48000, snd_device_be_idx -14
05-03 22:07:07.084   788 26295 D audio_hw_primary: enable_audio_route: usecase(9) apply and update mixer path: audio-record
05-03 22:07:07.084   788 26295 D audio_route: Apply path: audio-record
05-03 22:07:07.090  1456  1605 W zygote  : kill(-26047, 9) failed: No such process
05-03 22:07:07.138  1456  1605 I chatty  : uid=1000(system) ActivityManager identical 10 lines
05-03 22:07:07.156  1456  1605 W zygote  : kill(-26047, 9) failed: No such process
05-03 22:07:07.156  1456  1605 I zygote  : Successfully killed process cgroup uid 11305 pid 26047 in 424ms
05-03 22:07:07.159  1456  1605 W zygote  : kill(-26122, 9) failed: No such process
05-03 22:07:07.159  1456  1605 I zygote  : Successfully killed process cgroup uid 11305 pid 26122 in 0ms
05-03 22:07:07.160  1456  1605 W zygote  : kill(-19911, 9) failed: No such process
--------- beginning of system
05-03 22:07:07.275  1456 10736 D ConnectivityService: ConnectivityService NetworkRequestInfo binderDied(NetworkRequest [ TRACK_DEFAULT id=42148, [ Capabilities: INTERNET&NOT_RESTRICTED&TRUSTED&NOT_VPN] ], android.os.BinderProxy@2570f96)
05-03 22:07:07.275  1456  2067 D ConnectivityService: releasing NetworkRequest [ TRACK_DEFAULT id=42148, [ Capabilities: INTERNET&NOT_RESTRICTED&TRUSTED&NOT_VPN] ] (release request)
05-03 22:07:07.284  1456  4802 D ConnectivityService: ConnectivityService NetworkRequestInfo binderDied(NetworkRequest [ LISTEN id=42143, [ Capabilities: INTERNET&NOT_RESTRICTED&TRUSTED] ], android.os.BinderProxy@9d58717)
05-03 22:07:07.285  1456  1605 W zygote  : kill(-19911, 9) failed: No such process
05-03 22:07:07.285  1456  1605 I zygote  : Successfully killed process cgroup uid 10062 pid 19911 in 125ms
05-03 22:07:07.285  1456  1605 W zygote  : kill(-25876, 9) failed: No such process
05-03 22:07:07.285  1456  1605 I zygote  : Successfully killed process cgroup uid 10030 pid 25876 in 0ms
05-03 22:07:07.286  1456  1605 W zygote  : kill(-25768, 9) failed: No such process
05-03 22:07:07.286  1456  1605 I zygote  : Successfully killed process cgroup uid 10027 pid 25768 in 0ms
05-03 22:07:07.286  1456  1605 W zygote  : kill(-19544, 9) failed: No such process
05-03 22:07:07.286  1456  1605 I zygote  : Successfully killed process cgroup uid 10062 pid 19544 in 0ms
05-03 22:07:07.286  1456  1605 W zygote  : kill(-25829, 9) failed: No such process
05-03 22:07:07.286  1456  1605 I zygote  : Successfully killed process cgroup uid 10036 pid 25829 in 0ms
05-03 22:07:07.288  1456  1605 W zygote  : kill(-25900, 9) failed: No such process
05-03 22:07:07.289  1456  1605 I zygote  : Successfully killed process cgroup uid 10090 pid 25900 in 0ms
05-03 22:07:07.289  1456  1605 W zygote  : kill(-20549, 9) failed: No such process
05-03 22:07:07.289  1456  1605 I zygote  : Successfully killed process cgroup uid 10108 pid 20549 in 0ms
05-03 22:07:07.289  1456  1605 W zygote  : kill(-26013, 9) failed: No such process
05-03 22:07:07.304  1456  1605 W zygote  : kill(-26013, 9) failed: No such process
05-03 22:07:07.304  1456  1605 I zygote  : Successfully killed process cgroup uid 10044 pid 26013 in 14ms
05-03 22:07:07.304  1456  1605 W zygote  : kill(-25781, 9) failed: No such process
05-03 22:07:07.304  1456  1605 I zygote  : Successfully killed process cgroup uid 1000 pid 25781 in 0ms
05-03 22:07:07.304  1456  1605 W zygote  : kill(-25806, 9) failed: No such process
05-03 22:07:07.305  1456  1605 I zygote  : Successfully killed process cgroup uid 10085 pid 25806 in 0ms
05-03 22:07:07.305  1456  1605 W zygote  : kill(-22202, 9) failed: No such process
05-03 22:07:07.305  1456  1605 I zygote  : Successfully killed process cgroup uid 10041 pid 22202 in 0ms
05-03 22:07:07.305  1456  1605 W zygote  : kill(-21901, 9) failed: No such process
05-03 22:07:07.305  1456  1605 I zygote  : Successfully killed process cgroup uid 10114 pid 21901 in 0ms
05-03 22:07:07.306  1456  1605 W zygote  : kill(-21937, 9) failed: No such process
05-03 22:07:07.306  1456  1605 I zygote  : Successfully killed process cgroup uid 10050 pid 21937 in 0ms
05-03 22:07:07.306  1456  1605 W zygote  : kill(-22007, 9) failed: No such process
05-03 22:07:07.306  1456  1605 I zygote  : Successfully killed process cgroup uid 10014 pid 22007 in 0ms
05-03 22:07:07.306  1456  1605 W zygote  : kill(-19621, 9) failed: No such process
05-03 22:07:07.306  1456  1605 I zygote  : Successfully killed process cgroup uid 10031 pid 19621 in 0ms
05-03 22:07:07.306  1456  1605 W zygote  : kill(-20580, 9) failed: No such process
05-03 22:07:07.307  1456  1605 I zygote  : Successfully killed process cgroup uid 10036 pid 20580 in 0ms
05-03 22:07:07.348  1456 10736 I ActivityManager: START u0 {act=android.intent.action.MAIN cat=[android.intent.category.LAUNCHER] flg=0x10000000 cmp=org.mozilla.fennec_aurora/.App} from uid 2000
05-03 22:07:07.348   794   839 E ANDR-PERF-RESOURCEQS: Failed to apply optimization [4, 0]
05-03 22:07:07.367  1456  7556 I ActivityManager: Start proc 26303:org.mozilla.fennec_aurora/u0a1305 for activity org.mozilla.fennec_aurora/.App
05-03 22:07:07.460 12455 12495 I MicroDetectionState: Should stop hotword detection immediately - false
05-03 22:07:07.461 12455 12495 I MicroDetector: Keeping mic open: false
05-03 22:07:07.461 12455 12495 I MicroDetector: #shutdownAudioWithAudioLibrary
05-03 22:07:07.461 12455 12533 E DeviceStateChecker: DeviceStateChecker cancelled
05-03 22:07:07.461 12455 12494 I MicroRecognitionRunner: Stopping hotword detection.
05-03 22:07:07.462 12455 18557 W b       : #read failed: read EOF from AudioAccessor.
05-03 22:07:07.463 12455 18557 I MicroRecognitionRunner: Detection finished
05-03 22:07:07.494  1456  7796 I OpenGLRenderer: Initialized EGL, version 1.4
05-03 22:07:07.494  1456  7796 D OpenGLRenderer: Swap behavior 2
05-03 22:07:07.504   788  1401 D audio_hw_primary: disable_audio_route: usecase(9) reset and update mixer path: audio-record
05-03 22:07:07.505   788  1401 D audio_hw_primary: disable_snd_device: snd_device(120: voice-rec-mic)
05-03 22:07:07.507  1012  4918 D APM_AudioPolicyManager: stopInput() input 332598, session 332713
05-03 22:07:07.508   788  1401 D audio_hw_primary: in_set_parameters: enter: kvpairs=routing=0
05-03 22:07:07.511 12455 12495 I HotwordLSAdapter: stopListeningStatus result: 1
05-03 22:07:07.549 26303 26303 I chatty  : uid=11305(org.mozilla.fennec_aurora) expire 56 lines
05-03 22:07:07.619 26303 26321 I chatty  : uid=11305(org.mozilla.fennec_aurora) expire 4 lines
05-03 22:07:07.650 26303 26329 I chatty  : uid=11305(org.mozilla.fennec_aurora) expire 13 lines
05-03 22:07:07.669 26303 26328 I chatty  : uid=11305(org.mozilla.fennec_aurora) expire 32 lines
05-03 22:07:07.677 26303 26332 I chatty  : uid=11305(org.mozilla.fennec_aurora) expire 19 lines
05-03 22:07:07.740  1456  3925 D ConnectivityService: requestNetwork for uid/pid:11305/26303 NetworkRequest [ TRACK_DEFAULT id=42230, [ Capabilities: INTERNET&NOT_RESTRICTED&TRUSTED&NOT_VPN] ]
05-03 22:07:07.741  1456  2099 D Ethernet: got request NetworkRequest [ TRACK_DEFAULT id=42230, [ Capabilities: INTERNET&NOT_RESTRICTED&TRUSTED&NOT_VPN] ] with score 60
05-03 22:07:07.741  1456  2054 D WIFI_UT : got request NetworkRequest [ TRACK_DEFAULT id=42230, [ Capabilities: INTERNET&NOT_RESTRICTED&TRUSTED&NOT_VPN] ] with score 60
05-03 22:07:07.742  2398  2398 D PhoneSwitcherNetworkRequstListener: got request NetworkRequest [ TRACK_DEFAULT id=42230, [ Capabilities: INTERNET&NOT_RESTRICTED&TRUSTED&NOT_VPN] ] with score 60
05-03 22:07:07.742  1456  2054 D WIFI    : got request NetworkRequest [ TRACK_DEFAULT id=42230, [ Capabilities: INTERNET&NOT_RESTRICTED&TRUSTED&NOT_VPN] ] with score 60
05-03 22:07:07.749 26303 26345 I chatty  : uid=11305(org.mozilla.fennec_aurora) expire 6 lines
05-03 22:07:07.826 26303 26358 I chatty  : uid=11305(org.mozilla.fennec_aurora) expire 2 lines
05-03 22:07:07.837  1456  3925 I ActivityManager: START u0 {act=android.intent.action.MAIN cat=[android.intent.category.LAUNCHER] flg=0x10000000 cmp=org.mozilla.fennec_aurora/org.mozilla.fenix.HomeActivity (has extras)} from uid 11305
05-03 22:07:07.858   808   808 D SurfaceFlinger: duplicate layer name: changing Splash Screen org.mozilla.fennec_aurora to Splash Screen org.mozilla.fennec_aurora#1
05-03 22:07:07.880 26303 26380 I chatty  : uid=11305(org.mozilla.fennec_aurora) expire 9 lines
05-03 22:07:07.885 26303 26308 I chatty  : uid=11305(org.mozilla.fennec_aurora) expire 8 lines
05-03 22:07:07.908  1456 10736 I ActivityManager: Start proc 26383:org.mozilla.fennec_aurora:tab0/u0a1305 for service org.mozilla.fennec_aurora/org.mozilla.gecko.process.GeckoChildProcessServices$tab0
05-03 22:07:07.923 26303 26370 I chatty  : uid=11305(org.mozilla.fennec_aurora) expire 1 line
05-03 22:07:08.065 26383 26383 I chatty  : uid=11305(org.mozilla.fennec_aurora) expire 2 lines
05-03 22:07:08.065 26383 26404 I chatty  : uid=11305(org.mozilla.fennec_aurora) expire 1 line
05-03 22:07:08.308   808   808 I SFPerfTracer:      triggers: (rate: 87:2041409) (compose: 0:7) (post: 0:19) (render: 0:17) (16:10966788 frames) (17:13916441)
05-03 22:07:08.308   808   808 D SFPerfTracer:        layers: (3:11) (NavigationBar#0 (0xb07df000): 0:1068649) (StatusBar#0 (0xb07e3000): 0:2494806) (com.android.systemui.ImageWallpaper#0 (0xb07e7000): 0:99802)* (Sprite#0 (0xb0733000): 0:317)* (DimLayerController/Stack=0#0 (0xb075a000): 0:3866)* (Sprite#1 (0xb077c000): 0:195)* (org.mozilla.fennec_aurora/org.mozilla.fenix.HomeActivity#0 (0xb039b000): 0:53)- (com.android.launcher3/com.android.launcher3.CustomizationPanelLauncher#0 (0xb0763000): 0:30)* (com.android.launcher3/com.android.launcher3.CustomizationPanelLauncher#1 (0xb0771000): 0:6)* (Splash Screen org.mozilla.fennec_aurora#0 (0xb039b000): 0:19)- (Splash Screen org.mozilla.fennec_aurora#1 (0xafd20000): 16:20) 
05-03 22:07:08.322 26303 26412 I chatty  : uid=11305(org.mozilla.fennec_aurora) expire 9 lines
05-03 22:07:08.337  1456  6339 I WifiService: getDhcpInfo uid=11305
05-03 22:07:08.496  1456  1673 I LaunchCheckinHandler: Displayed org.mozilla.fennec_aurora/org.mozilla.fenix.HomeActivity,wp,ca,587
05-03 22:07:08.497  1456  1673 I ActivityManager: Displayed org.mozilla.fennec_aurora/org.mozilla.fenix.HomeActivity: +581ms (total +1s133ms)
05-03 22:07:08.507  2748  2917 W OpenGLRenderer: Incorrectly called buildLayer on View: ShortcutAndWidgetContainer, destroying layer...
05-03 22:07:08.513 12455 12455 I MemoryTrimmer: Trimming objects from memory, since app is in the background.
05-03 22:07:08.526 12455 12455 I MemoryTrimmer: Trimming objects from memory, since app is in the background.
05-03 22:07:08.527 12455 14773 I PBSessionCacheImpl: Deleted sessionId[54779257853186935] from persistence.
05-03 22:07:08.533  1456  6339 I WifiService: getWifiEnabledState uid=10073
05-03 22:07:08.548 12455 12495 W SearchServiceCore: Abort, client detached.
05-03 22:07:08.795  1456  3925 I ActivityManager: Fully drawn org.mozilla.fennec_aurora/org.mozilla.fenix.HomeActivity: +886ms (total +1s438ms)
05-03 22:07:08.873   808   898 I SFPerfTracer:      triggers: (rate: 0:1) (0 sw vsyncs) (0 skipped) (17:6900024 vsyncs) (19:14032995)
05-03 22:07:08.995 26303 26442 I chatty  : uid=11305(org.mozilla.fennec_aurora) expire 1 line
05-03 22:07:08.995 26303 26443 I chatty  : uid=11305(org.mozilla.fennec_aurora) expire 1 line
05-03 22:07:09.377 26303 26446 I chatty  : uid=11305(org.mozilla.fennec_aurora) expire 1 line
05-03 22:07:09.635 26303 26335 I chatty  : uid=11305(org.mozilla.fennec_aurora) expire 1 line
05-03 22:07:09.641  1456  2067 D ConnectivityService: releasing NetworkRequest [ TRACK_DEFAULT id=42230, [ Capabilities: INTERNET&NOT_RESTRICTED&TRUSTED&NOT_VPN] ] (release request)
05-03 22:07:09.965 26303 26361 I chatty  : uid=11305(org.mozilla.fennec_aurora) expire 4 lines
05-03 22:07:10.034 26303 26324 I chatty  : uid=11305(org.mozilla.fennec_aurora) expire 2 lines
05-03 22:07:12.025  2398  2398 D ImsResolver: maybeAddedImsService, packageName: org.mozilla.fennec_aurora
05-03 22:07:12.025  1456  1600 W ResourceType: No known package when getting value for resource number 0x7f08019f
05-03 22:07:12.025  1456  1600 W ResourceType: No known package when getting value for resource number 0x7f130122
05-03 22:07:12.025  1456  1600 W ResourceType: No known package when getting value for resource number 0x7f130122
05-03 22:07:12.025  1456  1600 W ResourceType: No known package when getting value for resource number 0x7f08019d
05-03 22:07:12.026  1456  1600 W ResourceType: No known package when getting value for resource number 0x7f130121
05-03 22:07:12.026  1456  1600 W ResourceType: No known package when getting value for resource number 0x7f130121
05-03 22:07:12.026  2360  2360 D MayaFrameworkProxyService: receive intent :Intent { act=android.intent.action.PACKAGE_CHANGED dat=package:org.mozilla.fennec_aurora flg=0x45000010 (has extras) }
05-03 22:07:12.032  1456  1942 I InputReader: Reconfiguring input devices.  changes=0x00000010
05-03 22:07:12.082 19965 26483 I Fitness : OnPackageChangedOperation got intent: Intent { act=android.intent.action.PACKAGE_CHANGED dat=package:org.mozilla.fennec_aurora flg=0x45000010 cmp=com.google.android.gms/.chimera.PersistentIntentOperationService (has extras) } [CONTEXT service_id=17 ]
05-03 22:07:12.114  2398  2398 D CarrierSvcBindHelper: No carrier app for: 0
05-03 22:07:12.116  1456  1456 I TelecomService: DefaultDialerCache: Refreshing default dialer for user 0: now com.android.dialer: DDC.oR@FEM
05-03 22:07:12.118  2398  2398 D CarrierSvcBindHelper: No carrier app for: 1
05-03 22:07:12.128 19965 26474 I Fitness : FitCleanupIntentOperation received Intent android.intent.action.PACKAGE_CHANGED [CONTEXT service_id=17 ]
05-03 22:07:12.130  2398  2398 E VvmPkgInstalledRcvr: cannot create TelephonyManager from ComponentInfo{com.android.phone/com.android.services.telephony.TelephonyConnectionService}, [****], UserHandle{0}
05-03 22:07:12.224 19951 25859 I Icing   : Indexing com.google.android.gms-internal.3p:MobileApplication from com.google.android.gms using seqno 2511
05-03 22:07:13.004 26488 26488 D AndroidRuntime: >>>>>> START com.android.internal.os.RuntimeInit uid 2000 <<<<<<
05-03 22:07:13.016 26488 26488 W app_process: Could not reserve sentinel fault page
05-03 22:07:13.182 26488 26488 I app_process: The ClassLoaderContext is a special shared library.
05-03 22:07:13.225 19951 25859 I Icing   : Indexing com.google.android.gms-apps from com.google.android.gms
05-03 22:07:13.245 26488 26488 D AndroidRuntime: Calling main entry com.android.commands.input.Input
05-03 22:07:13.246 26488 26488 I Input   : injectKeyEvent: KeyEvent { action=ACTION_DOWN, keyCode=KEYCODE_HOME, scanCode=0, metaState=0, flags=0x0, repeatCount=0, eventTime=20634100832, downTime=20634100832, deviceId=-1, source=0x101 }
05-03 22:07:13.260 26488 26488 I Input   : injectKeyEvent: KeyEvent { action=ACTION_UP, keyCode=KEYCODE_HOME, scanCode=0, metaState=0, flags=0x0, repeatCount=0, eventTime=20634100832, downTime=20634100832, deviceId=-1, source=0x101 }
05-03 22:07:13.265  1456  1941 I ActivityManager: START u0 {act=android.intent.action.MAIN cat=[android.intent.category.HOME] flg=0x10200000 cmp=com.android.launcher3/.CustomizationPanelLauncher (has extras)} from uid 1000
05-03 22:07:13.266   794   839 E ANDR-PERF-RESOURCEQS: Failed to apply optimization [4, 0]
05-03 22:07:13.272 26488 26488 D AndroidRuntime: Shutting down VM
05-03 22:07:13.280  1456  2162 I ActivityManager: moveHomeStack, setupComplete:true
05-03 22:07:13.292 12455 12491 I Adreno  : QUALCOMM build                   : bb5b86c, I77d3059488
05-03 22:07:13.292 12455 12491 I Adreno  : Build Date                       : 06/07/18
05-03 22:07:13.292 12455 12491 I Adreno  : OpenGL ES Shader Compiler Version: EV031.22.00.01_06
05-03 22:07:13.292 12455 12491 I Adreno  : Local Branch                     : 
05-03 22:07:13.292 12455 12491 I Adreno  : Remote Branch                    : refs/tags/AU_LINUX_ANDROID_LA.UM.6.5.R1.08.01.00.312.086
05-03 22:07:13.292 12455 12491 I Adreno  : Remote Branch                    : NONE
05-03 22:07:13.292 12455 12491 I Adreno  : Reconstruct Branch               : NOTHING
05-03 22:07:13.296 12455 12491 D vndksupport: Loading /vendor/lib/hw/gralloc.msm8937.so from current namespace instead of sphal namespace.
05-03 22:07:13.303 12455 12491 I Adreno  : PFP: 0x005ff087, ME: 0x005ff063
05-03 22:07:13.304 19951 25859 I Icing   : Indexing done com.google.android.gms-apps
05-03 22:07:13.307 12455 12491 I zygote  : android::hardware::configstore::V1_0::ISurfaceFlingerConfigs::hasWideColorDisplay retrieved: 0
05-03 22:07:13.309 12455 12491 I OpenGLRenderer: Initialized EGL, version 1.4
05-03 22:07:13.309 12455 12491 D OpenGLRenderer: Swap behavior 2
05-03 22:07:13.310  2748  2748 D Launcher.Utilities: Wakeup weather: Intent { act=com.motorola.launcher3.action.WAKEUP_WEATHER cmp=com.motorola.timeweatherwidget/com.motorola.commandcenter.weather.WakeUpService }
05-03 22:07:13.326  1456  1456 I NotificationService: Cannot find enqueued record for key: 0|com.motorola.timeweatherwidget|1|null|10116
05-03 22:07:13.340   808   808 D SurfaceFlinger: duplicate layer name: changing com.android.launcher3/com.android.launcher3.CustomizationPanelLauncher to com.android.launcher3/com.android.launcher3.CustomizationPanelLauncher#1
05-03 22:07:13.356 12455 12485 W ThreadPoolDumper: Queue length for executor EventBus is now 11. Perhaps some tasks are too long, or the pool is too small.
05-03 22:07:13.360  1456 10962 I WifiService: getWifiEnabledState uid=10073
05-03 22:07:13.368  1456 10962 I WifiService: getWifiEnabledState uid=10073
05-03 22:07:13.424 12455 12495 I MicroDetectionState: Should stop hotword detection immediately - false
05-03 22:07:13.431 12455 12495 I MicroDetectionWorker: #startMicroDetector [speakerMode: 0]
05-03 22:07:13.441   788  1401 V msm8974_platform: platform_check_input_mask: enter check_input_mask source 6 mask 10
05-03 22:07:13.441 12455 12490 I MicroDataManager: isInitializing-false locale not changed-true model not changed-true
05-03 22:07:13.443 12455 12490 I MicroDataManager: Already initialized, obtaining the hotword data immediately.
05-03 22:07:13.443  1012 26503 I AudioFlinger: AudioFlinger's thread 0xb24836c0 tid=26503 ready to run
05-03 22:07:13.450   788  1401 D audio_hw_primary: in_set_parameters: enter: kvpairs=input_source=6;routing=-2147483644
05-03 22:07:13.451 12455 17530 I MicroRecognitionRunner: Starting detection.
05-03 22:07:13.452  1012  1390 D APM_AudioPolicyManager: AudioPolicyManager::startInput() input 332606, session 332721, source = 1999
05-03 22:07:13.452 12455 17530 I InputStreamUtils: Using micInputStream
05-03 22:07:13.454 12455 12495 I MicroDetectionWorker: onReady
05-03 22:07:13.455   788 26504 V msm8974_platform: platform_update_usecase_from_source: input source :6
05-03 22:07:13.455   788 26504 V msm8974_platform: platform_check_input_mask: enter check_input_mask source 6 mask 10
05-03 22:07:13.455   788 26504 V msm8974_platform: platform_get_input_snd_device: enter: out_device(0) in_device(0x4) channel_count (1) channel_mask (0x10)
05-03 22:07:13.455   788 26504 V msm8974_platform: platform_get_input_snd_device: exit: in_snd_device(voice-rec-mic)
05-03 22:07:13.455   788 26504 V msm8974_platform: platform_get_backend_index:napb: backend port - 5 device - 120 
05-03 22:07:13.456   788 26504 V msm8974_platform: platform_check_and_set_capture_backend_cfg:txbecf: afe: bitwidth 0, samplerate 0, channel 1, backend_idx 5 usecase = 9 device (voice-rec-mic)
05-03 22:07:13.456   788 26504 V msm8974_platform: platform_check_capture_backend_cfg:txbecf: afe: Codec selected backend: 5 current bit width: 0 and sample rate: 0, channels 1
05-03 22:07:13.456   788 26504 V msm8974_platform: platform_check_capture_backend_cfg:txbecf: afe: Codec selected backend: 5 updated bit width: 0 and sample rate: 0
05-03 22:07:13.456   788 26504 I msm8974_platform: platform_check_capture_backend_cfg:txbecf: afe: Codec backend needs to be updated. new bit width: 0 new sample rate: 0 new channel: 1
05-03 22:07:13.456   788 26504 V msm8974_platform: platform_get_backend_index:napb: backend port - 5 device - 120 
05-03 22:07:13.456   788 26504 V msm8974_platform: platform_set_backend_cfg:becf: afe: bitwidth 0, samplerate 0 channels 1, backend_idx 5 device (voice-rec-mic)
05-03 22:07:13.456   788 26504 E msm8974_platform: platform_set_backend_cfg:becf: afe: Could not get ctl for mixer command - SLIM_0_TX Format
05-03 22:07:13.456   788 26504 V msm8974_platform: platform_send_audio_calibration: sending audio calibration for snd_device(120) acdb_id(62)
05-03 22:07:13.456   788 26504 D ACDB-LOADER: ACDB -> send_audio_cal, acdb_id = 62, path = 1, app id = 0x11130, sample rate = 48000
05-03 22:07:13.456   788 26504 D ACDB-LOADER: ACDB -> send_asm_topology
05-03 22:07:13.456   788 26504 D ACDB-LOADER: ACDB -> ACDB_CMD_GET_AUDPROC_STREAM_TOPOLOGY_ID
05-03 22:07:13.456   788 26504 D ACDB-LOADER: ACDB -> send_adm_topology
05-03 22:07:13.456   788 26504 D ACDB-LOADER: ACDB -> ACDB_CMD_GET_AUDPROC_COMMON_TOPOLOGY_ID
05-03 22:07:13.456 12455 12495 I HotwordLSAdapter: getAudioSourceOpeningStatus completed: 1
05-03 22:07:13.457   788 26504 D ACDB-LOADER: ACDB -> send_audtable
05-03 22:07:13.457   788 26504 D ACDB-LOADER: ACDB -> ACDB_CMD_GET_AUDPROC_COMMON_TABLE_SIZE
05-03 22:07:13.457   788 26504 D ACDB-LOADER: ACDB -> ACDB_CMD_GET_AUDPROC_COMMON_TABLE
05-03 22:07:13.457   788 26504 D ACDB-LOADER: ACDB -> AUDIO_SET_AUDPROC_CAL
05-03 22:07:13.457   788 26504 D ACDB-LOADER: ACDB -> send_audvoltable
05-03 22:07:13.457   788 26504 D ACDB-LOADER: ACDB -> ACDB_CMD_GET_AUDPROC_VOL_STEP_TABLE_SIZE
05-03 22:07:13.457   788 26504 D ACDB-LOADER: ACDB -> ACDB_CMD_GET_AUDPROC_GAIN_DEP_STEP_TABLE, vol index 0
05-03 22:07:13.457   788 26504 D         : Failed to fetch the lookup information of the device 0000003E 
05-03 22:07:13.457   788 26504 D ACDB-LOADER: ACDB -> AUDIO_SET_VOL_CAL cal type = 12
05-03 22:07:13.457   788 26504 D ACDB-LOADER: ACDB -> ACDB_CMD_GET_AUDPROC_STREAM_TABLE_SIZE
05-03 22:07:13.457   788 26504 D ACDB-LOADER: ACDB -> send_audstrmtable
05-03 22:07:13.457   788 26504 D ACDB-LOADER: ACDB -> ACDB_CMD_GET_AUDPROC_STREAM_TABLE_V2
05-03 22:07:13.457   788 26504 D ACDB-LOADER: ACDB -> audstrm_cal->cal_type.cal_data.cal_size = 456
05-03 22:07:13.457   788 26504 D ACDB-LOADER: ACDB -> send_afe_topology
05-03 22:07:13.457   788 26504 D ACDB-LOADER: ACDB -> ACDB_CMD_GET_AFE_TOPOLOGY_ID
05-03 22:07:13.457   788 26504 D ACDB-LOADER: ACDB -> GET_AFE_TOPOLOGY_ID for adcd_id 62, Topology Id 112fb
05-03 22:07:13.457   788 26504 D ACDB-LOADER: ACDB -> send_afe_cal
05-03 22:07:13.457   788 26504 D ACDB-LOADER: ACDB -> ACDB_CMD_GET_AFE_COMMON_TABLE_SIZE
05-03 22:07:13.457   788 26504 D         : Failed to fetch the lookup information of the device 0000003E 
05-03 22:07:13.457   788 26504 E ACDB-LOADER: Error: ACDB_CMD_GET_AFE_COMMON_TABLE_SIZE Returned = -19
05-03 22:07:13.457   788 26504 D ACDB-LOADER: ACDB -> ACDB_CMD_GET_AFE_COMMON_TABLE
05-03 22:07:13.457   788 26504 D         : Failed to fetch the lookup information of the device 0000003E 
05-03 22:07:13.458   788 26504 D ACDB-LOADER: ACDB -> AUDIO_SET_AFE_CAL
05-03 22:07:13.458   788 26504 D ACDB-LOADER: ACDB -> send_hw_delay : acdb_id = 62 path = 1
05-03 22:07:13.458   788 26504 D ACDB-LOADER: ACDB -> ACDB_AVSYNC_INFO: ACDB_CMD_GET_DEVICE_PROPERTY
05-03 22:07:13.458   788 26504 D audio_hw_primary: enable_snd_device: snd_device(120: voice-rec-mic)
05-03 22:07:13.458   788 26504 D audio_route: Apply path: voice-rec-mic
05-03 22:07:13.461   788 26504 V msm8974_platform: platform_get_snd_device_backend_index: enter with device 120
05-03 22:07:13.461   788 26504 E msm8974_platform: platform_get_snd_device_backend_index: BE DAI Name Table is not present
05-03 22:07:13.461   788 26504 V msm8974_platform: platform_get_backend_index:napb: backend port - 5 device - 120 
05-03 22:07:13.461   788 26504 I audio_hw_utils: Set Audio Stream Capture 0 App Type Cfg: app_type 69936, acdb_dev_id 62, sample_rate 48000, snd_device_be_idx -14
05-03 22:07:13.462   788 26504 D audio_hw_primary: enable_audio_route: usecase(9) apply and update mixer path: audio-record
05-03 22:07:13.462   788 26504 D audio_route: Apply path: audio-record
05-03 22:07:13.463  1456  1673 I LaunchCheckinHandler: Displayed com.android.launcher3/.CustomizationPanelLauncher,wp,wa,198
05-03 22:07:13.536 26303 26330 I chatty  : uid=11305(org.mozilla.fennec_aurora) expire 27 lines
05-03 22:07:13.551 26303 26509 I chatty  : uid=11305(org.mozilla.fennec_aurora) expire 10 lines
05-03 22:07:13.581  1017  1017 I keystore: del USRPKEY_org.mozilla.fennec_aurora 11305
05-03 22:07:13.582  1017  1017 I keystore: del USRSKEY_org.mozilla.fennec_aurora 11305
05-03 22:07:13.582  1017  1017 I keystore: del USRCERT_org.mozilla.fennec_aurora 11305
05-03 22:07:13.582  1017  1017 I keystore: del CACERT_org.mozilla.fennec_aurora 11305
05-03 22:07:13.591   829   847 D DrmLibTime: got the req here! ret=0
05-03 22:07:13.591   829   847 D DrmLibTime: command id, time_cmd_id = 770
05-03 22:07:13.591   829   847 D DrmLibTime: time_getutcsec starts!
05-03 22:07:13.591   829   847 D DrmLibTime: QSEE Time Listener: time_getutcsec
05-03 22:07:13.591   829   847 D DrmLibTime: QSEE Time Listener: get_utc_seconds
05-03 22:07:13.591   829   847 D DrmLibTime: QSEE Time Listener: time_get_modem_time
05-03 22:07:13.591   829   847 D DrmLibTime: QSEE Time Listener: Checking if ATS_MODEM is set or not.
05-03 22:07:13.591   829   847 D QC-time-services: Lib:time_genoff_operation: pargs->base = 13
05-03 22:07:13.591   829   847 D QC-time-services: Lib:time_genoff_operation: pargs->operation = 2
05-03 22:07:13.591   829   847 D QC-time-services: Lib:time_genoff_operation: pargs->ts_val = 0
05-03 22:07:13.591   829   847 D QC-time-services: Lib:time_genoff_operation: Send to server  passed!!
05-03 22:07:13.591  1004  1052 D QC-time-services: Daemon: Connection accepted:time_genoff
05-03 22:07:13.592  1004 26514 D QC-time-services: Daemon:Received base = 13, unit = 1, operation = 2,value = 0
05-03 22:07:13.592  1004 26514 D QC-time-services: Daemon:genoff_opr: Base = 13, val = 0, operation = 2
05-03 22:07:13.592  1004 26514 D QC-time-services: offset is: 3 for base: 0
05-03 22:07:13.592   829   847 E QC-time-services: Receive Passed == base = 13, unit = 1, operation = 2, result = 0
05-03 22:07:13.592   829   847 D DrmLibTime: QSEE Time Listener: ATS_MODEM is not set. Fallback to Android system time.
05-03 22:07:13.592   829   847 D DrmLibTime: QSEE Time Listener: Retrieved Android system time: 1588558033
05-03 22:07:13.592   829   847 D DrmLibTime: time_getutcsec returns 0, sec = 1588558033; nsec = 0
05-03 22:07:13.592   829   847 D DrmLibTime: time_getutcsec finished! 
05-03 22:07:13.593   829   847 D DrmLibTime: iotcl_continue_command finished! and return 0 
05-03 22:07:13.593   829   847 D DrmLibTime: before calling ioctl to read the next time_cmd
05-03 22:07:13.594  1004  1052 E QC-time-services: Daemon: Time-services: Waiting to acceptconnection
05-03 22:07:13.678  1456  1471 D ConnectivityService: requestNetwork for uid/pid:11305/26303 NetworkRequest [ TRACK_DEFAULT id=42231, [ Capabilities: INTERNET&NOT_RESTRICTED&TRUSTED&NOT_VPN] ]
05-03 22:07:13.679  1456  2054 D WIFI_UT : got request NetworkRequest [ TRACK_DEFAULT id=42231, [ Capabilities: INTERNET&NOT_RESTRICTED&TRUSTED&NOT_VPN] ] with score 60
05-03 22:07:13.679  1456  2099 D Ethernet: got request NetworkRequest [ TRACK_DEFAULT id=42231, [ Capabilities: INTERNET&NOT_RESTRICTED&TRUSTED&NOT_VPN] ] with score 60
05-03 22:07:13.679  1456  2054 D WIFI    : got request NetworkRequest [ TRACK_DEFAULT id=42231, [ Capabilities: INTERNET&NOT_RESTRICTED&TRUSTED&NOT_VPN] ] with score 60
05-03 22:07:13.680  2398  2398 D PhoneSwitcherNetworkRequstListener: got request NetworkRequest [ TRACK_DEFAULT id=42231, [ Capabilities: INTERNET&NOT_RESTRICTED&TRUSTED&NOT_VPN] ] with score 60
05-03 22:07:13.717 26303 26515 I chatty  : uid=11305(org.mozilla.fennec_aurora) expire 13 lines
05-03 22:07:13.726  1456  1466 I zygote  : Background concurrent copying GC freed 123313(6MB) AllocSpace objects, 42(2000KB) LOS objects, 36% free, 42MB/66MB, paused 216us total 425.317ms
05-03 22:07:13.856  1456  7796 I OpenGLRenderer: Initialized EGL, version 1.4
05-03 22:07:13.856  1456  7796 D OpenGLRenderer: Swap behavior 2
05-03 22:07:13.890  2748  2917 W OpenGLRenderer: Incorrectly called buildLayer on View: ShortcutAndWidgetContainer, destroying layer...
05-03 22:07:14.306  1456  2067 D ConnectivityService: releasing NetworkRequest [ TRACK_DEFAULT id=42231, [ Capabilities: INTERNET&NOT_RESTRICTED&TRUSTED&NOT_VPN] ] (release request)
05-03 22:07:14.817  2398  2398 D QtiCarrierConfigHelper: WARNING, no carrier configs on phone Id: 0
05-03 22:07:18.429  1456  1471 I ActivityManager: Force stopping org.mozilla.fennec_aurora appid=11305 user=0: from pid 26522
05-03 22:07:18.429  1456  1471 I ActivityManager: Killing 26303:org.mozilla.fennec_aurora/u0a1305 (adj 700): stop org.mozilla.fennec_aurora
05-03 22:07:18.431  1456  1605 W zygote  : kill(-26303, 9) failed: No such process
05-03 22:07:18.433  1456  1471 W ActivityManager: Force removing ActivityRecord{5e90764 u0 org.mozilla.fennec_aurora/org.mozilla.fenix.HomeActivity t68552}: app died, no saved state
05-03 22:07:18.441  1456  1471 I ActivityManager: Killing 26383:org.mozilla.fennec_aurora:tab0/u0a1305 (adj 0): stop org.mozilla.fennec_aurora
05-03 22:07:18.446  1456  1605 W zygote  : kill(-26303, 9) failed: No such process
05-03 22:07:18.454  2398  2398 D CarrierSvcBindHelper: No carrier app for: 0
05-03 22:07:18.455  2398  2398 D CarrierSvcBindHelper: No carrier app for: 1
05-03 22:07:18.461  1456  1605 W zygote  : kill(-26303, 9) failed: No such process
05-03 22:07:18.492  1456  1605 I chatty  : uid=1000(system) ActivityManager identical 2 lines
05-03 22:07:18.503  1456  1673 W ActivityManager: setHasOverlayUi called on unknown pid: 26303
05-03 22:07:18.507  1456  1605 W zygote  : kill(-26303, 9) failed: No such process
05-03 22:07:18.508  1456  1605 I zygote  : Successfully killed process cgroup uid 11305 pid 26303 in 76ms
05-03 22:07:18.508  1456  1605 W zygote  : kill(-26383, 9) failed: No such process
05-03 22:07:18.508  1456  1605 I zygote  : Successfully killed process cgroup uid 11305 pid 26383 in 0ms
05-03 22:07:18.550  1456  4797 I ActivityManager: START u0 {act=android.intent.action.MAIN cat=[android.intent.category.LAUNCHER] flg=0x10000000 cmp=org.mozilla.fennec_aurora/.App} from uid 2000
05-03 22:07:18.551   794   839 E ANDR-PERF-RESOURCEQS: Failed to apply optimization [4, 0]
05-03 22:07:18.572  1456  5797 I ActivityManager: Start proc 26529:org.mozilla.fennec_aurora/u0a1305 for activity org.mozilla.fennec_aurora/.App
05-03 22:07:18.651   808   808 I SFPerfTracer:      triggers: (rate: 87:2041410) (compose: 0:7) (post: 0:19) (render: 0:17) (2:10966860 frames) (3:13916542)
05-03 22:07:18.651   808   808 D SFPerfTracer:        layers: (4:13) (NavigationBar#0 (0xb07df000): 0:1068661) (StatusBar#0 (0xb07e3000): 0:2494821) (com.android.systemui.ImageWallpaper#0 (0xb07e7000): 0:99803) (Sprite#0 (0xb0733000): 0:317)* (DimLayerController/Stack=0#0 (0xb075a000): 0:3866)* (Sprite#1 (0xb077c000): 0:195)* (com.android.launcher3/com.android.launcher3.CustomizationPanelLauncher#0 (0xb0763000): 0:30)- (com.android.launcher3/com.android.launcher3.CustomizationPanelLauncher#1 (0xb0771000): 0:6)- (Splash Screen org.mozilla.fennec_aurora#1 (0xafd20000): 0:31)- (org.mozilla.fennec_aurora/org.mozilla.fenix.HomeActivity#0 (0xb039b000): 0:66)- (com.android.launcher3/com.android.launcher3.CustomizationPanelLauncher#0 (0xb0763000): 0:39)* (com.android.launcher3/com.android.launcher3.CustomizationPanelLauncher#1 (0xb0771000): 0:9) (Splash Screen org.mozilla.fennec_aurora#0 (0xb039b000): 2:2)* 
05-03 22:07:18.664 12455 12495 I MicroDetectionState: Should stop hotword detection immediately - false
05-03 22:07:18.666 12455 12495 I MicroDetector: Keeping mic open: false
05-03 22:07:18.666 12455 12495 I MicroDetector: #shutdownAudioWithAudioLibrary
05-03 22:07:18.666 12455 18557 E DeviceStateChecker: DeviceStateChecker cancelled
05-03 22:07:18.668 12455 12476 I MicroRecognitionRunner: Stopping hotword detection.
05-03 22:07:18.670 12455 17530 W b       : #read failed: read EOF from AudioAccessor.
05-03 22:07:18.672 12455 17530 I MicroRecognitionRunner: Detection finished
05-03 22:07:18.710   788  1401 D audio_hw_primary: disable_audio_route: usecase(9) reset and update mixer path: audio-record
05-03 22:07:18.710   788  1401 D audio_hw_primary: disable_snd_device: snd_device(120: voice-rec-mic)
05-03 22:07:18.712  1012 11919 D APM_AudioPolicyManager: stopInput() input 332606, session 332721
05-03 22:07:18.712   788  1479 D audio_hw_primary: in_set_parameters: enter: kvpairs=routing=0
05-03 22:07:18.714 12455 12495 I HotwordLSAdapter: stopListeningStatus result: 1
05-03 22:07:18.741 26529 26529 I chatty  : uid=11305(org.mozilla.fennec_aurora) expire 11 lines
05-03 22:07:18.812 26529 26547 I chatty  : uid=11305(org.mozilla.fennec_aurora) expire 4 lines
05-03 22:07:18.847 26529 26558 I chatty  : uid=11305(org.mozilla.fennec_aurora) expire 10 lines
05-03 22:07:18.863 26529 26556 I chatty  : uid=11305(org.mozilla.fennec_aurora) expire 6 lines
05-03 22:07:18.870 26529 26560 I chatty  : uid=11305(org.mozilla.fennec_aurora) expire 19 lines
05-03 22:07:18.885 26529 26558 I chatty  : uid=11305(org.mozilla.fennec_aurora) expire 29 lines
05-03 22:07:18.891 26529 26529 I chatty  : uid=11305(org.mozilla.fennec_aurora) expire 44 lines
05-03 22:07:18.904 26529 26556 I chatty  : uid=11305(org.mozilla.fennec_aurora) expire 17 lines
05-03 22:07:18.932 26529 26567 I chatty  : uid=11305(org.mozilla.fennec_aurora) expire 6 lines
05-03 22:07:19.013 26529 26580 I chatty  : uid=11305(org.mozilla.fennec_aurora) expire 2 lines
05-03 22:07:19.026  1456  4797 I ActivityManager: START u0 {act=android.intent.action.MAIN cat=[android.intent.category.LAUNCHER] flg=0x10000000 cmp=org.mozilla.fennec_aurora/org.mozilla.fenix.HomeActivity (has extras)} from uid 11305
05-03 22:07:19.048   808   898 I SFPerfTracer:      triggers: (rate: 0:1) (0 sw vsyncs) (0 skipped) (0:6900100 vsyncs) (1:14033096)
05-03 22:07:19.053   808   808 D SurfaceFlinger: duplicate layer name: changing Splash Screen org.mozilla.fennec_aurora to Splash Screen org.mozilla.fennec_aurora#1
05-03 22:07:19.055 26529 26534 I chatty  : uid=11305(org.mozilla.fennec_aurora) expire 8 lines
05-03 22:07:19.088  1456  1473 I ActivityManager: Start proc 26607:org.mozilla.fennec_aurora:tab0/u0a1305 for service org.mozilla.fennec_aurora/org.mozilla.gecko.process.GeckoChildProcessServices$tab0
05-03 22:07:19.106 26529 26595 I chatty  : uid=11305(org.mozilla.fennec_aurora) expire 1 line
05-03 22:07:19.238 26607 26607 I chatty  : uid=11305(org.mozilla.fennec_aurora) com.google.android.apps.tachyon expire 2 lines
05-03 22:07:19.239 26607 26628 I chatty  : uid=11305(org.mozilla.fennec_aurora) com.google.android.apps.tachyon expire 1 line
05-03 22:07:19.499 26529 26636 I chatty  : uid=11305(org.mozilla.fennec_aurora) expire 9 lines
05-03 22:07:19.512  1456  4797 D ConnectivityService: requestNetwork for uid/pid:11305/26529 NetworkRequest [ TRACK_DEFAULT id=42232, [ Capabilities: INTERNET&NOT_RESTRICTED&TRUSTED&NOT_VPN] ]
05-03 22:07:19.513  1456  2099 D Ethernet: got request NetworkRequest [ TRACK_DEFAULT id=42232, [ Capabilities: INTERNET&NOT_RESTRICTED&TRUSTED&NOT_VPN] ] with score 60
05-03 22:07:19.513  1456  2054 D WIFI_UT : got request NetworkRequest [ TRACK_DEFAULT id=42232, [ Capabilities: INTERNET&NOT_RESTRICTED&TRUSTED&NOT_VPN] ] with score 60
05-03 22:07:19.514  1456  2054 D WIFI    : got request NetworkRequest [ TRACK_DEFAULT id=42232, [ Capabilities: INTERNET&NOT_RESTRICTED&TRUSTED&NOT_VPN] ] with score 60
05-03 22:07:19.514  2398  2398 D PhoneSwitcherNetworkRequstListener: got request NetworkRequest [ TRACK_DEFAULT id=42232, [ Capabilities: INTERNET&NOT_RESTRICTED&TRUSTED&NOT_VPN] ] with score 60
05-03 22:07:19.519  1456  2402 I WifiService: getDhcpInfo uid=11305
05-03 22:07:19.627 26529 26642 I chatty  : uid=11305(org.mozilla.fennec_aurora) expire 13 lines
05-03 22:07:19.659  1456  1673 I LaunchCheckinHandler: Displayed org.mozilla.fennec_aurora/org.mozilla.fenix.HomeActivity,wp,ca,566
05-03 22:07:19.660  1456  1673 I ActivityManager: Displayed org.mozilla.fennec_aurora/org.mozilla.fenix.HomeActivity: +561ms (total +1s95ms)
05-03 22:07:19.720 12455 12455 I MemoryTrimmer: Trimming objects from memory, since app is in the background.
05-03 22:07:19.724 12455 12501 I PBSessionCacheImpl: Deleted sessionId[54779257853186938] from persistence.
05-03 22:07:19.735  1456  4797 I WifiService: getWifiEnabledState uid=10073
05-03 22:07:19.748 12455 12495 W SearchServiceCore: Abort, client detached.
05-03 22:07:19.749 12455 12495 I chatty  : uid=10073(com.google.android.googlequicksearchbox) EventBus0 identical 1 line
05-03 22:07:19.751 12455 12495 W SearchServiceCore: Abort, client detached.
05-03 22:07:20.004  1456  5797 I ActivityManager: Fully drawn org.mozilla.fennec_aurora/org.mozilla.fenix.HomeActivity: +911ms (total +1s445ms)
05-03 22:07:20.061 26529 26664 I chatty  : uid=11305(org.mozilla.fennec_aurora) expire 1 line
05-03 22:07:20.061 26529 26665 I chatty  : uid=11305(org.mozilla.fennec_aurora) expire 1 line
05-03 22:07:20.548 26529 26671 I chatty  : uid=11305(org.mozilla.fennec_aurora) expire 1 line
05-03 22:07:20.967 26529 26550 I chatty  : uid=11305(org.mozilla.fennec_aurora) expire 1 line
05-03 22:07:20.971  1456  2067 D ConnectivityService: releasing NetworkRequest [ TRACK_DEFAULT id=42232, [ Capabilities: INTERNET&NOT_RESTRICTED&TRUSTED&NOT_VPN] ] (release request)
05-03 22:07:21.215 26529 26553 I chatty  : uid=11305(org.mozilla.fennec_aurora) expire 2 lines
05-03 22:07:24.202 26700 26700 D AndroidRuntime: >>>>>> START com.android.internal.os.RuntimeInit uid 2000 <<<<<<
05-03 22:07:24.215 26700 26700 W app_process: Could not reserve sentinel fault page
05-03 22:07:24.381 26700 26700 I app_process: The ClassLoaderContext is a special shared library.
05-03 22:07:24.454 26700 26700 D AndroidRuntime: Calling main entry com.android.commands.input.Input
05-03 22:07:24.455 26700 26700 I Input   : injectKeyEvent: KeyEvent { action=ACTION_DOWN, keyCode=KEYCODE_HOME, scanCode=0, metaState=0, flags=0x0, repeatCount=0, eventTime=20634112041, downTime=20634112041, deviceId=-1, source=0x101 }
05-03 22:07:24.465 26700 26700 I Input   : injectKeyEvent: KeyEvent { action=ACTION_UP, keyCode=KEYCODE_HOME, scanCode=0, metaState=0, flags=0x0, repeatCount=0, eventTime=20634112041, downTime=20634112041, deviceId=-1, source=0x101 }
05-03 22:07:24.472  1456  1941 I ActivityManager: START u0 {act=android.intent.action.MAIN cat=[android.intent.category.HOME] flg=0x10200000 cmp=com.android.launcher3/.CustomizationPanelLauncher (has extras)} from uid 1000
05-03 22:07:24.472   794   839 E ANDR-PERF-RESOURCEQS: Failed to apply optimization [4, 0]
05-03 22:07:24.478 26700 26700 D AndroidRuntime: Shutting down VM
05-03 22:07:24.486  1456  5797 I ActivityManager: moveHomeStack, setupComplete:true
05-03 22:07:24.498 12455 12491 I Adreno  : QUALCOMM build                   : bb5b86c, I77d3059488
05-03 22:07:24.498 12455 12491 I Adreno  : Build Date                       : 06/07/18
05-03 22:07:24.498 12455 12491 I Adreno  : OpenGL ES Shader Compiler Version: EV031.22.00.01_06
05-03 22:07:24.498 12455 12491 I Adreno  : Local Branch                     : 
05-03 22:07:24.498 12455 12491 I Adreno  : Remote Branch                    : refs/tags/AU_LINUX_ANDROID_LA.UM.6.5.R1.08.01.00.312.086
05-03 22:07:24.498 12455 12491 I Adreno  : Remote Branch                    : NONE
05-03 22:07:24.498 12455 12491 I Adreno  : Reconstruct Branch               : NOTHING
05-03 22:07:24.502 12455 12491 D vndksupport: Loading /vendor/lib/hw/gralloc.msm8937.so from current namespace instead of sphal namespace.
05-03 22:07:24.507 12455 12491 I Adreno  : PFP: 0x005ff087, ME: 0x005ff063
05-03 22:07:24.510  2748  2748 D Launcher.Utilities: Wakeup weather: Intent { act=com.motorola.launcher3.action.WAKEUP_WEATHER cmp=com.motorola.timeweatherwidget/com.motorola.commandcenter.weather.WakeUpService }
05-03 22:07:24.511 12455 12491 I zygote  : android::hardware::configstore::V1_0::ISurfaceFlingerConfigs::hasWideColorDisplay retrieved: 0
05-03 22:07:24.511 12455 12491 I OpenGLRenderer: Initialized EGL, version 1.4
05-03 22:07:24.512 12455 12491 D OpenGLRenderer: Swap behavior 2
05-03 22:07:24.523  1456  1456 I NotificationService: Cannot find enqueued record for key: 0|com.motorola.timeweatherwidget|1|null|10116
05-03 22:07:24.526   808   808 D SurfaceFlinger: duplicate layer name: changing com.android.launcher3/com.android.launcher3.CustomizationPanelLauncher to com.android.launcher3/com.android.launcher3.CustomizationPanelLauncher#1
05-03 22:07:24.552 12455 12484 W ThreadPoolDumper: Queue length for executor EventBus is now 11. Perhaps some tasks are too long, or the pool is too small.
05-03 22:07:24.555  1456  1473 I WifiService: getWifiEnabledState uid=10073
05-03 22:07:24.564  1456  1473 I WifiService: getWifiEnabledState uid=10073
05-03 22:07:24.604  1456  1673 I LaunchCheckinHandler: Displayed com.android.launcher3/.CustomizationPanelLauncher,wp,wa,132
05-03 22:07:24.613 12455 12495 I MicroDetectionState: Should stop hotword detection immediately - false
05-03 22:07:24.621 12455 12495 I MicroDetectionWorker: #startMicroDetector [speakerMode: 0]
05-03 22:07:24.631 12455 12476 I MicroDataManager: isInitializing-false locale not changed-true model not changed-true
05-03 22:07:24.632 12455 12476 I MicroDataManager: Already initialized, obtaining the hotword data immediately.
05-03 22:07:24.632   788  1479 V msm8974_platform: platform_check_input_mask: enter check_input_mask source 6 mask 10
05-03 22:07:24.639  1012 26714 I AudioFlinger: AudioFlinger's thread 0xb2483700 tid=26714 ready to run
05-03 22:07:24.643 12455 12533 I MicroRecognitionRunner: Starting detection.
05-03 22:07:24.643 12455 12533 I InputStreamUtils: Using micInputStream
05-03 22:07:24.645   788  1479 D audio_hw_primary: in_set_parameters: enter: kvpairs=input_source=6;routing=-2147483644
05-03 22:07:24.651  1012  1302 D APM_AudioPolicyManager: AudioPolicyManager::startInput() input 332614, session 332729, source = 1999
05-03 22:07:24.654   788 26715 V msm8974_platform: platform_update_usecase_from_source: input source :6
05-03 22:07:24.654   788 26715 V msm8974_platform: platform_check_input_mask: enter check_input_mask source 6 mask 10
05-03 22:07:24.654   788 26715 V msm8974_platform: platform_get_input_snd_device: enter: out_device(0) in_device(0x4) channel_count (1) channel_mask (0x10)
05-03 22:07:24.654   788 26715 V msm8974_platform: platform_get_input_snd_device: exit: in_snd_device(voice-rec-mic)
05-03 22:07:24.654   788 26715 V msm8974_platform: platform_get_backend_index:napb: backend port - 5 device - 120 
05-03 22:07:24.654   788 26715 V msm8974_platform: platform_check_and_set_capture_backend_cfg:txbecf: afe: bitwidth 0, samplerate 0, channel 1, backend_idx 5 usecase = 9 device (voice-rec-mic)
05-03 22:07:24.654   788 26715 V msm8974_platform: platform_check_capture_backend_cfg:txbecf: afe: Codec selected backend: 5 current bit width: 0 and sample rate: 0, channels 1
05-03 22:07:24.654   788 26715 V msm8974_platform: platform_check_capture_backend_cfg:txbecf: afe: Codec selected backend: 5 updated bit width: 0 and sample rate: 0
05-03 22:07:24.654   788 26715 I msm8974_platform: platform_check_capture_backend_cfg:txbecf: afe: Codec backend needs to be updated. new bit width: 0 new sample rate: 0 new channel: 1
05-03 22:07:24.654   788 26715 V msm8974_platform: platform_get_backend_index:napb: backend port - 5 device - 120 
05-03 22:07:24.654   788 26715 V msm8974_platform: platform_set_backend_cfg:becf: afe: bitwidth 0, samplerate 0 channels 1, backend_idx 5 device (voice-rec-mic)
05-03 22:07:24.654 12455 12495 I MicroDetectionWorker: onReady
05-03 22:07:24.655   788 26715 E msm8974_platform: platform_set_backend_cfg:becf: afe: Could not get ctl for mixer command - SLIM_0_TX Format
05-03 22:07:24.655   788 26715 V msm8974_platform: platform_send_audio_calibration: sending audio calibration for snd_device(120) acdb_id(62)
