02-08 22:06:48.419   808   808 D SFPerfTracer:        layers: (4:14) (NavigationBar#0 (0xb07df000): 0:519845) (StatusBar#0 (0xb07e3000): 0:1480833) (com.android.systemui.ImageWallpaper#0 (0xb07e7000): 0:45293)* (Sprite#0 (0xb0733000): 0:317)* (DimLayerController/Stack=0#0 (0xb075a000): 0:3589)* (Sprite#1 (0xb077c000): 0:195)* (com.android.launcher3/com.android.launcher3.CustomizationPanelLauncher#0 (0xb0763000): 0:33)- (com.android.launcher3/com.android.launcher3.CustomizationPanelLauncher#1 (0xb0771000): 0:6)- (Splash Screen org.mozilla.fenix.nightly#0 (0xb0384000): 0:30)- (org.mozilla.fenix.nightly/org.mozilla.fenix.HomeActivity#0 (0xb039b000): 0:47)- (com.android.launcher3/com.android.launcher3.CustomizationPanelLauncher#0 (0xb0763000): 0:37)* (com.android.launcher3/com.android.launcher3.CustomizationPanelLauncher#1 (0xb0771000): 0:10)* (Splash Screen org.mozilla.fenix.nightly#0 (0xb0384000): 4:26) (org.mozilla.fenix.nightly/org.mozilla.fenix.HomeActivity#0 (0xb039b000): 4:8) 
02-08 22:06:48.420 20221 20371 I DEBUG   : OpaToSrpTransitionState#onStateChanged#notNullQuery
02-08 22:06:48.421 20221 20371 I DEBUG   : OpaToSrpTransitionState#onStateChanged#notNullQuery
02-08 22:06:48.423 20221 20371 W SearchServiceCore: Abort, client detached.
02-08 22:06:48.698   808   898 I SFPerfTracer:      triggers: (rate: 0:0) (0 sw vsyncs) (0 skipped) (17:3545435 vsyncs) (19:6292521)
02-08 22:06:49.419 31445 31657 I chatty  : uid=10836(org.mozilla.fenix.nightly) expire 2 lines
02-08 22:06:52.564  2360  2360 D MayaFrameworkProxyService: receive intent :Intent { act=android.intent.action.PACKAGE_CHANGED dat=package:org.mozilla.fenix.nightly flg=0x45000010 (has extras) }
02-08 22:06:52.566  1456  1600 W ResourceType: No known package when getting value for resource number 0x7f0801a0
02-08 22:06:52.567  1456  1600 W ResourceType: No known package when getting value for resource number 0x7f120107
02-08 22:06:52.567  1456  1600 W ResourceType: No known package when getting value for resource number 0x7f120107
02-08 22:06:52.567  1456  1942 I InputReader: Reconfiguring input devices.  changes=0x00000010
02-08 22:06:52.569  1456  1600 W ResourceType: No known package when getting value for resource number 0x7f08019e
02-08 22:06:52.570  1456  1600 W ResourceType: No known package when getting value for resource number 0x7f120106
02-08 22:06:52.570  1456  1600 W ResourceType: No known package when getting value for resource number 0x7f120106
02-08 22:06:52.609  1456  1456 I TelecomService: DefaultDialerCache: Refreshing default dialer for user 0: now com.android.dialer: DDC.oR@IXo
02-08 22:06:52.691  2398  2398 D ImsResolver: maybeAddedImsService, packageName: org.mozilla.fenix.nightly
02-08 22:06:52.701  2398  2398 D CarrierSvcBindHelper: No carrier app for: 0
02-08 22:06:52.702  2398  2398 D CarrierSvcBindHelper: No carrier app for: 1
02-08 22:06:52.711  2398  2398 E VvmPkgInstalledRcvr: cannot create TelephonyManager from ComponentInfo{com.android.phone/com.android.services.telephony.TelephonyConnectionService}, [****], UserHandle{0}
02-08 22:06:52.724 31682 31682 D AndroidRuntime: >>>>>> START com.android.internal.os.RuntimeInit uid 2000 <<<<<<
02-08 22:06:52.738 31682 31682 W app_process: Could not reserve sentinel fault page
02-08 22:06:52.761 13975 14023 I Icing   : IndexChimeraService.getServiceInterface callingPackage=com.google.android.gms componentName=AppsCorpus serviceId=36
02-08 22:06:52.768 13975 30656 W Icing   : No valid account for uploading user actions
02-08 22:06:52.847 13975 30656 I Icing   : Usage reports ok 1, Failed Usage reports 0, indexed 0, rejected 0
02-08 22:06:52.848 13975 30656 I Icing   : Indexing com.google.android.gms-internal.3p:MobileApplication from com.google.android.gms using seqno 2511
02-08 22:06:52.910 31682 31682 I app_process: The ClassLoaderContext is a special shared library.
02-08 22:06:52.975  1456  1466 I zygote  : Background concurrent copying GC freed 82828(4MB) AllocSpace objects, 40(1888KB) LOS objects, 39% free, 36MB/60MB, paused 435us total 325.459ms
02-08 22:06:52.979 31682 31682 D AndroidRuntime: Calling main entry com.android.commands.input.Input
02-08 22:06:52.980 31682 31682 I Input   : injectKeyEvent: KeyEvent { action=ACTION_DOWN, keyCode=KEYCODE_HOME, scanCode=0, metaState=0, flags=0x0, repeatCount=0, eventTime=13638144487, downTime=13638144487, deviceId=-1, source=0x101 }
02-08 22:06:52.986 31682 31682 I Input   : injectKeyEvent: KeyEvent { action=ACTION_UP, keyCode=KEYCODE_HOME, scanCode=0, metaState=0, flags=0x0, repeatCount=0, eventTime=13638144487, downTime=13638144487, deviceId=-1, source=0x101 }
02-08 22:06:52.994  1456  1941 I ActivityManager: START u0 {act=android.intent.action.MAIN cat=[android.intent.category.HOME] flg=0x10200000 cmp=com.android.launcher3/.CustomizationPanelLauncher (has extras)} from uid 1000
02-08 22:06:52.994   794   839 E ANDR-PERF-RESOURCEQS: Failed to apply optimization [4, 0]
02-08 22:06:53.007  1456  1941 I ActivityManager: moveHomeStack, setupComplete:true
02-08 22:06:53.011 31682 31682 D AndroidRuntime: Shutting down VM
02-08 22:06:53.016 20221 20311 I Adreno  : QUALCOMM build                   : bb5b86c, I77d3059488
02-08 22:06:53.016 20221 20311 I Adreno  : Build Date                       : 06/07/18
02-08 22:06:53.016 20221 20311 I Adreno  : OpenGL ES Shader Compiler Version: EV031.22.00.01_06
02-08 22:06:53.016 20221 20311 I Adreno  : Local Branch                     : 
02-08 22:06:53.016 20221 20311 I Adreno  : Remote Branch                    : refs/tags/AU_LINUX_ANDROID_LA.UM.6.5.R1.08.01.00.312.086
02-08 22:06:53.016 20221 20311 I Adreno  : Remote Branch                    : NONE
02-08 22:06:53.016 20221 20311 I Adreno  : Reconstruct Branch               : NOTHING
02-08 22:06:53.018 20221 20311 D vndksupport: Loading /vendor/lib/hw/gralloc.msm8937.so from current namespace instead of sphal namespace.
02-08 22:06:53.022 20221 20311 I Adreno  : PFP: 0x005ff087, ME: 0x005ff063
02-08 22:06:53.026 20221 20311 I zygote  : android::hardware::configstore::V1_0::ISurfaceFlingerConfigs::hasWideColorDisplay retrieved: 0
02-08 22:06:53.027 20221 20311 I OpenGLRenderer: Initialized EGL, version 1.4
02-08 22:06:53.027 20221 20311 D OpenGLRenderer: Swap behavior 2
02-08 22:06:53.033  2748  2748 D Launcher.Utilities: Wakeup weather: Intent { act=com.motorola.launcher3.action.WAKEUP_WEATHER cmp=com.motorola.timeweatherwidget/com.motorola.commandcenter.weather.WakeUpService }
02-08 22:06:53.049  1456  1456 I NotificationService: Cannot find enqueued record for key: 0|com.motorola.timeweatherwidget|1|null|10116
02-08 22:06:53.053   808   808 D SurfaceFlinger: duplicate layer name: changing com.android.launcher3/com.android.launcher3.CustomizationPanelLauncher to com.android.launcher3/com.android.launcher3.CustomizationPanelLauncher#1
02-08 22:06:53.068 20221 20285 W ThreadPoolDumper: Queue length for executor EventBus is now 11. Perhaps some tasks are too long, or the pool is too small.
02-08 22:06:53.073  1456  4797 I WifiService: getWifiEnabledState uid=10073
02-08 22:06:53.082  1456  4797 I WifiService: getWifiEnabledState uid=10073
02-08 22:06:53.087 20221 20371 I DEBUG   : OpaToSrpTransitionState#onStateChanged#notNullQuery
02-08 22:06:53.088 20221 20371 I DEBUG   : OpaToSrpTransitionState#onStateChanged#notNullQuery
02-08 22:06:53.097 31220 31220 I Finsky  : [2] ppb.onTrimMemory(1): Memory trim requested to level 80
02-08 22:06:53.113 20221 20371 I MicroDetectionState: Should stop hotword detection immediately - false
02-08 22:06:53.119 20221 20371 I MicroDetectionWorker: #startMicroDetector [speakerMode: 0]
02-08 22:06:53.121 20221 20371 I AudioController: Created new AudioSource
02-08 22:06:53.129  1456  1673 I LaunchCheckinHandler: Displayed com.android.launcher3/.CustomizationPanelLauncher,wp,wa,135
02-08 22:06:53.131 20221 20302 I MicroDataManager: isInitializedWithLatestParams-true
02-08 22:06:53.131 20221 20302 I MicroDataManager: isInitializing-false locale not changed-true model not changed-true
02-08 22:06:53.133 20221 20302 I MicroDataManager: Already initialized, obtaining the hotword data immediately.
02-08 22:06:53.139 20221 20303 I MicroRecognitionRunner: Starting detection.
02-08 22:06:53.139 20221 20303 I InputStreamUtils: Using micInputStream
02-08 22:06:53.140 20221 27988 I MicrophoneInputStream: mic_starting  SR : 16000 CC : 16 SO : 1999
02-08 22:06:53.143   788  1401 V msm8974_platform: platform_check_input_mask: enter check_input_mask source 6 mask 10
02-08 22:06:53.145  1012 31706 I AudioFlinger: AudioFlinger's thread 0xb2483dc0 tid=31706 ready to run
02-08 22:06:53.151   788  1401 D audio_hw_primary: in_set_parameters: enter: kvpairs=input_source=6;routing=-2147483644
02-08 22:06:53.153  1012 26683 D APM_AudioPolicyManager: AudioPolicyManager::startInput() input 128030, session 128105, source = 1999
02-08 22:06:53.153 20221 27988 I MicrophoneInputStream: mic_started  SR : 16000 CC : 16 SO : 1999
02-08 22:06:53.154   788 31707 V msm8974_platform: platform_update_usecase_from_source: input source :6
02-08 22:06:53.154   788 31707 V msm8974_platform: platform_check_input_mask: enter check_input_mask source 6 mask 10
02-08 22:06:53.154   788 31707 V msm8974_platform: platform_get_input_snd_device: enter: out_device(0) in_device(0x4) channel_count (1) channel_mask (0x10)
02-08 22:06:53.154   788 31707 V msm8974_platform: platform_get_input_snd_device: exit: in_snd_device(voice-rec-mic)
02-08 22:06:53.154   788 31707 V msm8974_platform: platform_get_backend_index:napb: backend port - 5 device - 120 
02-08 22:06:53.154   788 31707 V msm8974_platform: platform_check_and_set_capture_backend_cfg:txbecf: afe: bitwidth 0, samplerate 0, channel 1, backend_idx 5 usecase = 9 device (voice-rec-mic)
02-08 22:06:53.154   788 31707 V msm8974_platform: platform_check_capture_backend_cfg:txbecf: afe: Codec selected backend: 5 current bit width: 0 and sample rate: 0, channels 1
02-08 22:06:53.154   788 31707 V msm8974_platform: platform_check_capture_backend_cfg:txbecf: afe: Codec selected backend: 5 updated bit width: 0 and sample rate: 0
02-08 22:06:53.155   788 31707 I msm8974_platform: platform_check_capture_backend_cfg:txbecf: afe: Codec backend needs to be updated. new bit width: 0 new sample rate: 0 new channel: 1
02-08 22:06:53.155   788 31707 V msm8974_platform: platform_get_backend_index:napb: backend port - 5 device - 120 
02-08 22:06:53.155   788 31707 V msm8974_platform: platform_set_backend_cfg:becf: afe: bitwidth 0, samplerate 0 channels 1, backend_idx 5 device (voice-rec-mic)
02-08 22:06:53.155   788 31707 E msm8974_platform: platform_set_backend_cfg:becf: afe: Could not get ctl for mixer command - SLIM_0_TX Format
02-08 22:06:53.155   788 31707 V msm8974_platform: platform_send_audio_calibration: sending audio calibration for snd_device(120) acdb_id(62)
02-08 22:06:53.155   788 31707 D ACDB-LOADER: ACDB -> send_audio_cal, acdb_id = 62, path = 1, app id = 0x11130, sample rate = 48000
02-08 22:06:53.155   788 31707 D ACDB-LOADER: ACDB -> send_asm_topology
02-08 22:06:53.155   788 31707 D ACDB-LOADER: ACDB -> ACDB_CMD_GET_AUDPROC_STREAM_TOPOLOGY_ID
02-08 22:06:53.155   788 31707 D ACDB-LOADER: ACDB -> send_adm_topology
02-08 22:06:53.155   788 31707 D ACDB-LOADER: ACDB -> ACDB_CMD_GET_AUDPROC_COMMON_TOPOLOGY_ID
02-08 22:06:53.155   788 31707 D ACDB-LOADER: ACDB -> send_audtable
02-08 22:06:53.155   788 31707 D ACDB-LOADER: ACDB -> ACDB_CMD_GET_AUDPROC_COMMON_TABLE_SIZE
02-08 22:06:53.155   788 31707 D ACDB-LOADER: ACDB -> ACDB_CMD_GET_AUDPROC_COMMON_TABLE
02-08 22:06:53.155   788 31707 D ACDB-LOADER: ACDB -> AUDIO_SET_AUDPROC_CAL
02-08 22:06:53.155   788 31707 D ACDB-LOADER: ACDB -> send_audvoltable
02-08 22:06:53.156   788 31707 D ACDB-LOADER: ACDB -> ACDB_CMD_GET_AUDPROC_VOL_STEP_TABLE_SIZE
02-08 22:06:53.156   788 31707 D ACDB-LOADER: ACDB -> ACDB_CMD_GET_AUDPROC_GAIN_DEP_STEP_TABLE, vol index 0
02-08 22:06:53.156   788 31707 D         : Failed to fetch the lookup information of the device 0000003E 
02-08 22:06:53.156   788 31707 D ACDB-LOADER: ACDB -> AUDIO_SET_VOL_CAL cal type = 12
02-08 22:06:53.156   788 31707 D ACDB-LOADER: ACDB -> ACDB_CMD_GET_AUDPROC_STREAM_TABLE_SIZE
02-08 22:06:53.156   788 31707 D ACDB-LOADER: ACDB -> send_audstrmtable
02-08 22:06:53.156   788 31707 D ACDB-LOADER: ACDB -> ACDB_CMD_GET_AUDPROC_STREAM_TABLE_V2
02-08 22:06:53.156   788 31707 D ACDB-LOADER: ACDB -> audstrm_cal->cal_type.cal_data.cal_size = 456
02-08 22:06:53.156   788 31707 D ACDB-LOADER: ACDB -> send_afe_topology
02-08 22:06:53.156   788 31707 D ACDB-LOADER: ACDB -> ACDB_CMD_GET_AFE_TOPOLOGY_ID
02-08 22:06:53.156   788 31707 D ACDB-LOADER: ACDB -> GET_AFE_TOPOLOGY_ID for adcd_id 62, Topology Id 112fb
02-08 22:06:53.156   788 31707 D ACDB-LOADER: ACDB -> send_afe_cal
02-08 22:06:53.156   788 31707 D ACDB-LOADER: ACDB -> ACDB_CMD_GET_AFE_COMMON_TABLE_SIZE
02-08 22:06:53.156   788 31707 D         : Failed to fetch the lookup information of the device 0000003E 
02-08 22:06:53.156   788 31707 E ACDB-LOADER: Error: ACDB_CMD_GET_AFE_COMMON_TABLE_SIZE Returned = -19
02-08 22:06:53.156   788 31707 D ACDB-LOADER: ACDB -> ACDB_CMD_GET_AFE_COMMON_TABLE
02-08 22:06:53.156   788 31707 D         : Failed to fetch the lookup information of the device 0000003E 
02-08 22:06:53.156   788 31707 D ACDB-LOADER: ACDB -> AUDIO_SET_AFE_CAL
02-08 22:06:53.156   788 31707 D ACDB-LOADER: ACDB -> send_hw_delay : acdb_id = 62 path = 1
02-08 22:06:53.156   788 31707 D ACDB-LOADER: ACDB -> ACDB_AVSYNC_INFO: ACDB_CMD_GET_DEVICE_PROPERTY
02-08 22:06:53.156   788 31707 D audio_hw_primary: enable_snd_device: snd_device(120: voice-rec-mic)
02-08 22:06:53.156   788 31707 D audio_route: Apply path: voice-rec-mic
02-08 22:06:53.159   788 31707 V msm8974_platform: platform_get_snd_device_backend_index: enter with device 120
02-08 22:06:53.159   788 31707 E msm8974_platform: platform_get_snd_device_backend_index: BE DAI Name Table is not present
02-08 22:06:53.159   788 31707 V msm8974_platform: platform_get_backend_index:napb: backend port - 5 device - 120 
02-08 22:06:53.159   788 31707 I audio_hw_utils: Set Audio Stream Capture 0 App Type Cfg: app_type 69936, acdb_dev_id 62, sample_rate 48000, snd_device_be_idx -14
02-08 22:06:53.159   788 31707 D audio_hw_primary: enable_audio_route: usecase(9) apply and update mixer path: audio-record
02-08 22:06:53.159   788 31707 D audio_route: Apply path: audio-record
02-08 22:06:53.229 20221 20371 I MicroDetectionWorker: onReady
02-08 22:06:53.433 31220 31228 W JavaBinder: BinderProxy is being destroyed but the application did not call unlinkToDeath to unlink all of its death recipients beforehand.  Releasing leaked death recipient: akhj
02-08 22:06:53.533  1456  7796 I OpenGLRenderer: Initialized EGL, version 1.4
02-08 22:06:53.533  1456  7796 D OpenGLRenderer: Swap behavior 2
02-08 22:06:53.611  2748  2917 W OpenGLRenderer: Incorrectly called buildLayer on View: ShortcutAndWidgetContainer, destroying layer...
02-08 22:06:53.703 31445 31509 I chatty  : uid=10836(org.mozilla.fenix.nightly) expire 1 line
02-08 22:06:53.706 31445 31472 I chatty  : uid=10836(org.mozilla.fenix.nightly) expire 6 lines
02-08 22:06:53.758  1456  2921 D ConnectivityService: requestNetwork for uid/pid:10836/31445 NetworkRequest [ TRACK_DEFAULT id=25837, [ Capabilities: INTERNET&NOT_RESTRICTED&TRUSTED&NOT_VPN] ]
02-08 22:06:53.760  1456  2099 D Ethernet: got request NetworkRequest [ TRACK_DEFAULT id=25837, [ Capabilities: INTERNET&NOT_RESTRICTED&TRUSTED&NOT_VPN] ] with score 60
02-08 22:06:53.760  1456  2054 D WIFI_UT : got request NetworkRequest [ TRACK_DEFAULT id=25837, [ Capabilities: INTERNET&NOT_RESTRICTED&TRUSTED&NOT_VPN] ] with score 60
02-08 22:06:53.760  1456  2054 D WIFI    : got request NetworkRequest [ TRACK_DEFAULT id=25837, [ Capabilities: INTERNET&NOT_RESTRICTED&TRUSTED&NOT_VPN] ] with score 60
02-08 22:06:53.760  2398  2398 D PhoneSwitcherNetworkRequstListener: got request NetworkRequest [ TRACK_DEFAULT id=25837, [ Capabilities: INTERNET&NOT_RESTRICTED&TRUSTED&NOT_VPN] ] with score 60
02-08 22:06:53.775 31445 31709 I chatty  : uid=10836(org.mozilla.fenix.nightly) expire 9 lines
02-08 22:06:53.849 13975 30656 I Icing   : Indexing com.google.android.gms-apps from com.google.android.gms
02-08 22:06:53.900 13975 30656 I Icing   : Indexing done com.google.android.gms-apps
02-08 22:06:54.243 31445 31469 I chatty  : uid=10836(org.mozilla.fenix.nightly) expire 1 line
02-08 22:06:54.247  1456  2067 D ConnectivityService: releasing NetworkRequest [ TRACK_DEFAULT id=25837, [ Capabilities: INTERNET&NOT_RESTRICTED&TRUSTED&NOT_VPN] ] (release request)
02-08 22:06:58.179  1456  5907 I ActivityManager: Force stopping org.mozilla.fenix.nightly appid=10836 user=0: from pid 31714
02-08 22:06:58.179  1456  5907 I ActivityManager: Killing 31445:org.mozilla.fenix.nightly/u0a836 (adj 700): stop org.mozilla.fenix.nightly
02-08 22:06:58.181  1456  1605 W zygote  : kill(-31445, 9) failed: No such process
02-08 22:06:58.183  1456  5907 W ActivityManager: Force removing ActivityRecord{5f00712 u0 org.mozilla.fenix.nightly/org.mozilla.fenix.HomeActivity t23900}: app died, no saved state
02-08 22:06:58.194  1456  5907 I ActivityManager: Killing 31579:org.mozilla.fenix.nightly:socket/u0a836 (adj 0): stop org.mozilla.fenix.nightly
02-08 22:06:58.195  1456  1605 W zygote  : kill(-31445, 9) failed: No such process
02-08 22:06:58.197  1456  5907 I ActivityManager: Killing 31541:org.mozilla.fenix.nightly:tab/u0a836 (adj 0): stop org.mozilla.fenix.nightly
02-08 22:06:58.206 17214 17214 I AppBase : onTrimMemory(): 15
02-08 22:06:58.207 17214 17214 I GoogleInputMethodService: onTrimMemory(): 15
02-08 22:06:58.209  1456  1605 W zygote  : kill(-31445, 9) failed: No such process
02-08 22:06:58.224  2398  2398 D CarrierSvcBindHelper: No carrier app for: 0
02-08 22:06:58.224  1456  1605 W zygote  : kill(-31445, 9) failed: No such process
02-08 22:06:58.224  2398  2398 D CarrierSvcBindHelper: No carrier app for: 1
02-08 22:06:58.239  1456  1605 W zygote  : kill(-31445, 9) failed: No such process
02-08 22:06:58.268  1456  1605 I chatty  : uid=1000(system) ActivityManager identical 5 lines
02-08 22:06:58.272  1456  1673 W ActivityManager: setHasOverlayUi called on unknown pid: 31445
02-08 22:06:58.283  1456  1605 W zygote  : kill(-31445, 9) failed: No such process
02-08 22:06:58.283  1456  1605 I zygote  : Successfully killed process cgroup uid 10836 pid 31445 in 102ms
02-08 22:06:58.283  1456  1605 W zygote  : kill(-31579, 9) failed: No such process
02-08 22:06:58.283  1456  1605 I zygote  : Successfully killed process cgroup uid 10836 pid 31579 in 0ms
02-08 22:06:58.284  1456  1605 W zygote  : kill(-31541, 9) failed: No such process
02-08 22:06:58.284  1456  1605 I zygote  : Successfully killed process cgroup uid 10836 pid 31541 in 0ms
02-08 22:06:58.314  1456  2401 I ActivityManager: START u0 {act=android.intent.action.MAIN cat=[android.intent.category.LAUNCHER] flg=0x10000000 cmp=org.mozilla.fenix.nightly/org.mozilla.fenix.HomeActivity} from uid 2000
02-08 22:06:58.315   794   839 E ANDR-PERF-RESOURCEQS: Failed to apply optimization [4, 0]
02-08 22:06:58.318  1456  7796 I OpenGLRenderer: Initialized EGL, version 1.4
02-08 22:06:58.318  1456  7796 D OpenGLRenderer: Swap behavior 2
02-08 22:06:58.335  1456  7570 I ActivityManager: Start proc 31721:org.mozilla.fenix.nightly/u0a836 for activity org.mozilla.fenix.nightly/org.mozilla.fenix.HomeActivity
02-08 22:06:58.373  1456  4829 W ActivityManager: getTaskSnapshot: taskId=23900 not found
02-08 22:06:58.421 20221 20371 I MicroDetectionState: Should stop hotword detection immediately - false
02-08 22:06:58.421 20221 20371 I MicroDetector: Keeping mic open: false
02-08 22:06:58.421 20221 20371 I RecognitionAudioControl: #shutdownAudio [requestId: -8185920157819555429, keepAudioOpen: false, forced: true]
02-08 22:06:58.421 20221 20327 E DeviceStateChecker: DeviceStateChecker cancelled
02-08 22:06:58.421 20221 20371 I RecognitionAudioControl: #internalShutdownAudio [requestId: -8185920157819555429]
02-08 22:06:58.422 20221 20371 I RecognitionAudioControl: #internalShutdownAudio [keepAudioOpen: false, forced: true]
02-08 22:06:58.422 20221 20371 I RecognitionAudioControl: #actualShutdownAudio
02-08 22:06:58.422 20221 20371 I AudioController: #shutdown [requestId=-8185920157819555429]
02-08 22:06:58.422 20221 20298 I AudioController: internalShutdown
02-08 22:06:58.422 20221 20288 I MicroRecognitionRunner: Stopping hotword detection.
02-08 22:06:58.468   788  1401 D audio_hw_primary: disable_audio_route: usecase(9) reset and update mixer path: audio-record
02-08 22:06:58.469   788  1401 D audio_hw_primary: disable_snd_device: snd_device(120: voice-rec-mic)
02-08 22:06:58.470  1012 26683 D APM_AudioPolicyManager: stopInput() input 128030, session 128105
02-08 22:06:58.470   788  1479 D audio_hw_primary: in_set_parameters: enter: kvpairs=routing=0
02-08 22:06:58.472 20221 20298 I MicrophoneInputStream: mic_close  SR : 16000 CC : 16 SO : 1999
02-08 22:06:58.472 20221 20298 E AudioSource: Stop listening is called on already closed AudioSource
02-08 22:06:58.474 20221 20303 I MicroRecognitionRunner: Detection finished
02-08 22:06:58.508 31721 31721 I chatty  : uid=10836(org.mozilla.fenix.nightly) expire 46 lines
02-08 22:06:58.581 31721 31739 I chatty  : uid=10836(org.mozilla.fenix.nightly) expire 4 lines
02-08 22:06:58.628 31721 31745 I chatty  : uid=10836(org.mozilla.fenix.nightly) expire 8 lines
02-08 22:06:58.673 31721 31749 I chatty  : uid=10836(org.mozilla.fenix.nightly) expire 11 lines
02-08 22:06:58.727 31721 31755 I chatty  : uid=10836(org.mozilla.fenix.nightly) expire 30 lines
02-08 22:06:58.793 31721 31726 I chatty  : uid=10836(org.mozilla.fenix.nightly) expire 6 lines
02-08 22:06:58.825 31721 31759 I chatty  : uid=10836(org.mozilla.fenix.nightly) expire 2 lines
02-08 22:06:58.859 31721 31770 I chatty  : uid=10836(org.mozilla.fenix.nightly) expire 6 lines
02-08 22:06:58.870 31721 31772 I chatty  : uid=10836(org.mozilla.fenix.nightly) expire 10 lines
02-08 22:06:59.189 31721 31802 I chatty  : uid=10836(org.mozilla.fenix.nightly) expire 9 lines
02-08 22:06:59.204  1456  5907 I ActivityManager: Start proc 31813:org.mozilla.fenix.nightly:tab/u0a836 for service org.mozilla.fenix.nightly/org.mozilla.gecko.process.GeckoServiceChildProcess$tab
02-08 22:06:59.250  1456  5907 I WifiService: getDhcpInfo uid=10836
02-08 22:06:59.332  1456  4797 I ActivityManager: Start proc 31836:org.mozilla.fenix.nightly:socket/u0a836 for service org.mozilla.fenix.nightly/org.mozilla.gecko.process.GeckoServiceChildProcess$socket
02-08 22:06:59.353 31813 31813 I chatty  : uid=10836(org.mozilla.fenix.nightly) expire 2 lines
02-08 22:06:59.354 31813 31849 I chatty  : uid=10836(org.mozilla.fenix.nightly) expire 1 line
02-08 22:06:59.419  1456  4797 I ActivityManager: Displayed org.mozilla.fenix.nightly/org.mozilla.fenix.HomeActivity: +1s97ms
02-08 22:06:59.420  1456  4797 I ActivityManager: Fully drawn org.mozilla.fenix.nightly/org.mozilla.fenix.HomeActivity: +1s97ms
02-08 22:06:59.479  1456  1673 I LaunchCheckinHandler: Displayed org.mozilla.fenix.nightly/org.mozilla.fenix.HomeActivity,cp,ca,1157
02-08 22:06:59.480 31836 31836 I chatty  : uid=10836(org.mozilla.fenix.nightly) expire 2 lines
02-08 22:06:59.480 31836 31859 I chatty  : uid=10836(org.mozilla.fenix.nightly) expire 15 lines
02-08 22:06:59.537 31220 31220 I Finsky  : [2] ppb.onTrimMemory(1): Memory trim requested to level 80
02-08 22:06:59.544 20221 20221 I MemoryTrimmer: Trimming objects from memory, since app is in the background.
02-08 22:06:59.555 20221 20221 I MemoryTrimmer: Trimming objects from memory, since app is in the background.
02-08 22:06:59.557 20221 27988 I PBSessionCacheImpl: Deleted sessionId[88934479601431423] from persistence.
02-08 22:06:59.564  1456  4829 I WifiService: getWifiEnabledState uid=10073
02-08 22:06:59.568 20221 20371 I DEBUG   : OpaToSrpTransitionState#onStateChanged#notNullQuery
02-08 22:06:59.569 20221 20371 I DEBUG   : OpaToSrpTransitionState#onStateChanged#notNullQuery
02-08 22:06:59.572 20221 20371 W SearchServiceCore: Abort, client detached.
02-08 22:06:59.863   808   808 I SFPerfTracer:      triggers: (rate: 50:550324) (compose: 0:6) (post: 0:14) (render: 0:11) (6:4717832 frames) (7:6241877)
02-08 22:06:59.863   808   808 D SFPerfTracer:        layers: (3:12) (NavigationBar#0 (0xb07df000): 0:519865) (StatusBar#0 (0xb07e3000): 0:1480855) (com.android.systemui.ImageWallpaper#0 (0xb07e7000): 0:45295)* (Sprite#0 (0xb0733000): 0:317)* (DimLayerController/Stack=0#0 (0xb075a000): 0:3589)* (Sprite#1 (0xb077c000): 0:195)* (Splash Screen org.mozilla.fenix.nightly#0 (0xb0384000): 0:31)- (org.mozilla.fenix.nightly/org.mozilla.fenix.HomeActivity#0 (0xb039b000): 0:46)- (com.android.launcher3/com.android.launcher3.CustomizationPanelLauncher#0 (0xb0763000): 0:39)- (com.android.launcher3/com.android.launcher3.CustomizationPanelLauncher#1 (0xb0771000): 0:10)- (Splash Screen org.mozilla.fenix.nightly#0 (0xb0384000): 0:31)- (org.mozilla.fenix.nightly/org.mozilla.fenix.HomeActivity#0 (0xb039b000): 6:20) 
02-08 22:07:00.580 31721 31904 I chatty  : uid=10836(org.mozilla.fenix.nightly) expire 2 lines
02-08 22:07:03.796  2398  2398 D ImsResolver: maybeAddedImsService, packageName: org.mozilla.fenix.nightly
02-08 22:07:03.797  1456  1600 W ResourceType: No known package when getting value for resource number 0x7f0801a0
02-08 22:07:03.797  2360  2360 D MayaFrameworkProxyService: receive intent :Intent { act=android.intent.action.PACKAGE_CHANGED dat=package:org.mozilla.fenix.nightly flg=0x45000010 (has extras) }
02-08 22:07:03.800  1456  1600 W ResourceType: No known package when getting value for resource number 0x7f120107
02-08 22:07:03.800  1456  1600 W ResourceType: No known package when getting value for resource number 0x7f120107
02-08 22:07:03.800  1456  1600 W ResourceType: No known package when getting value for resource number 0x7f08019e
02-08 22:07:03.800  1456  1600 W ResourceType: No known package when getting value for resource number 0x7f120106
02-08 22:07:03.800  1456  1600 W ResourceType: No known package when getting value for resource number 0x7f120106
02-08 22:07:03.820  1456  1942 I InputReader: Reconfiguring input devices.  changes=0x00000010
02-08 22:07:03.824  1456  1456 W ResourceType: ResTable_typeSpec entry count inconsistent: given 669, previously 675
02-08 22:07:03.824  1456  1456 W ResourceType: ResTable_typeSpec entry count inconsistent: given 394, previously 1461
02-08 22:07:03.824  1456  1456 W ResourceType: ResTable_typeSpec entry count inconsistent: given 217, previously 1293
02-08 22:07:03.871  2398  2398 D CarrierSvcBindHelper: No carrier app for: 0
02-08 22:07:03.872  2398  2398 D CarrierSvcBindHelper: No carrier app for: 1
02-08 22:07:03.883  1456  1456 W ResourceType: Found multiple library tables, ignoring...
02-08 22:07:03.909  2398  2398 E VvmPkgInstalledRcvr: cannot create TelephonyManager from ComponentInfo{com.android.phone/com.android.services.telephony.TelephonyConnectionService}, [****], UserHandle{0}
02-08 22:07:03.927  1456  1456 I TelecomService: DefaultDialerCache: Refreshing default dialer for user 0: now com.android.dialer: DDC.oR@IYM
02-08 22:07:03.931  1456  1600 W ResourceType: ResTable_typeSpec entry count inconsistent: given 29, previously 34
02-08 22:07:03.934  1456  1600 W ResourceType: ResTable_typeSpec entry count inconsistent: given 2183, previously 2180
02-08 22:07:03.934  1456  1600 W ResourceType: ResTable_typeSpec entry count inconsistent: given 266, previously 1541
02-08 22:07:03.967 31930 31930 D AndroidRuntime: >>>>>> START com.android.internal.os.RuntimeInit uid 2000 <<<<<<
02-08 22:07:03.970 13975 14023 I Icing   : IndexChimeraService.getServiceInterface callingPackage=com.google.android.gms componentName=AppsCorpus serviceId=36
02-08 22:07:03.980 31930 31930 W app_process: Could not reserve sentinel fault page
02-08 22:07:03.985 13975 22606 W Icing   : No valid account for uploading user actions
02-08 22:07:03.994 13975 22606 D SharedPreferencesImpl: Time required to fsync /data/user/0/com.google.android.gms/shared_prefs/usage_stats_manager_prefs.xml: [<1: 1149, <2: 1590, <4: 201, <8: 59, <16: 28, <32: 10, <64: 34, <128: 1, <256: 0, <512: 0, <1024: 0, <2048: 0, <4096: 0, <8192: 0, <16384: 0, >=16384: 0]
02-08 22:07:04.057 13975 22606 I Icing   : Usage reports ok 1, Failed Usage reports 0, indexed 0, rejected 0
02-08 22:07:04.059 13975 22606 I Icing   : Indexing com.google.android.gms-internal.3p:MobileApplication from com.google.android.gms using seqno 2511
02-08 22:07:04.072 13975 13985 I zygote  : Background concurrent copying GC freed 130710(7MB) AllocSpace objects, 37(1444KB) LOS objects, 49% free, 10MB/20MB, paused 202us total 135.262ms
02-08 22:07:04.150 31930 31930 I app_process: The ClassLoaderContext is a special shared library.
02-08 22:07:04.219 31930 31930 D AndroidRuntime: Calling main entry com.android.commands.input.Input
02-08 22:07:04.220 31930 31930 I Input   : injectKeyEvent: KeyEvent { action=ACTION_DOWN, keyCode=KEYCODE_HOME, scanCode=0, metaState=0, flags=0x0, repeatCount=0, eventTime=13638155727, downTime=13638155727, deviceId=-1, source=0x101 }
02-08 22:07:04.227 31930 31930 I Input   : injectKeyEvent: KeyEvent { action=ACTION_UP, keyCode=KEYCODE_HOME, scanCode=0, metaState=0, flags=0x0, repeatCount=0, eventTime=13638155727, downTime=13638155727, deviceId=-1, source=0x101 }
02-08 22:07:04.233  1456  1941 I ActivityManager: START u0 {act=android.intent.action.MAIN cat=[android.intent.category.HOME] flg=0x10200000 cmp=com.android.launcher3/.CustomizationPanelLauncher (has extras)} from uid 1000
02-08 22:07:04.234   794   839 E ANDR-PERF-RESOURCEQS: Failed to apply optimization [4, 0]
02-08 22:07:04.246  1456  1941 I ActivityManager: moveHomeStack, setupComplete:true
02-08 22:07:04.250 31930 31930 D AndroidRuntime: Shutting down VM
02-08 22:07:04.258 20221 20311 I Adreno  : QUALCOMM build                   : bb5b86c, I77d3059488
02-08 22:07:04.258 20221 20311 I Adreno  : Build Date                       : 06/07/18
02-08 22:07:04.258 20221 20311 I Adreno  : OpenGL ES Shader Compiler Version: EV031.22.00.01_06
02-08 22:07:04.258 20221 20311 I Adreno  : Local Branch                     : 
02-08 22:07:04.258 20221 20311 I Adreno  : Remote Branch                    : refs/tags/AU_LINUX_ANDROID_LA.UM.6.5.R1.08.01.00.312.086
02-08 22:07:04.258 20221 20311 I Adreno  : Remote Branch                    : NONE
02-08 22:07:04.258 20221 20311 I Adreno  : Reconstruct Branch               : NOTHING
02-08 22:07:04.262 20221 20311 D vndksupport: Loading /vendor/lib/hw/gralloc.msm8937.so from current namespace instead of sphal namespace.
02-08 22:07:04.265 20221 20311 I Adreno  : PFP: 0x005ff087, ME: 0x005ff063
02-08 22:07:04.269 20221 20311 I zygote  : android::hardware::configstore::V1_0::ISurfaceFlingerConfigs::hasWideColorDisplay retrieved: 0
02-08 22:07:04.270 20221 20311 I OpenGLRenderer: Initialized EGL, version 1.4
02-08 22:07:04.270 20221 20311 D OpenGLRenderer: Swap behavior 2
02-08 22:07:04.274  2748  2748 D Launcher.Utilities: Wakeup weather: Intent { act=com.motorola.launcher3.action.WAKEUP_WEATHER cmp=com.motorola.timeweatherwidget/com.motorola.commandcenter.weather.WakeUpService }
02-08 22:07:04.290  1456  1456 I NotificationService: Cannot find enqueued record for key: 0|com.motorola.timeweatherwidget|1|null|10116
02-08 22:07:04.297   808   808 D SurfaceFlinger: duplicate layer name: changing com.android.launcher3/com.android.launcher3.CustomizationPanelLauncher to com.android.launcher3/com.android.launcher3.CustomizationPanelLauncher#1
02-08 22:07:04.310 20221 20290 W ThreadPoolDumper: Queue length for executor EventBus is now 11. Perhaps some tasks are too long, or the pool is too small.
02-08 22:07:04.315  1456  7556 I WifiService: getWifiEnabledState uid=10073
02-08 22:07:04.324  1456  7556 I WifiService: getWifiEnabledState uid=10073
02-08 22:07:04.329 20221 20371 I DEBUG   : OpaToSrpTransitionState#onStateChanged#notNullQuery
02-08 22:07:04.331 20221 20371 I DEBUG   : OpaToSrpTransitionState#onStateChanged#notNullQuery
02-08 22:07:04.354 20221 20371 I MicroDetectionState: Should stop hotword detection immediately - false
02-08 22:07:04.359 20221 20371 I MicroDetectionWorker: #startMicroDetector [speakerMode: 0]
02-08 22:07:04.362 20221 20371 I AudioController: Created new AudioSource
02-08 22:07:04.376 20221 20298 I MicroDataManager: isInitializedWithLatestParams-true
02-08 22:07:04.376 20221 20298 I MicroDataManager: isInitializing-false locale not changed-true model not changed-true
02-08 22:07:04.377 20221 20298 I MicroDataManager: Already initialized, obtaining the hotword data immediately.
02-08 22:07:04.378  1456  1673 I LaunchCheckinHandler: Displayed com.android.launcher3/.CustomizationPanelLauncher,wp,wa,144
02-08 22:07:04.378 31220 31220 I Finsky  : [2] ppb.onTrimMemory(1): Memory trim requested to level 80
02-08 22:07:04.381 20221 20327 I MicroRecognitionRunner: Starting detection.
02-08 22:07:04.382 20221 20327 I InputStreamUtils: Using micInputStream
02-08 22:07:04.382 20221 27988 I MicrophoneInputStream: mic_starting  SR : 16000 CC : 16 SO : 1999
02-08 22:07:04.385   788  1401 V msm8974_platform: platform_check_input_mask: enter check_input_mask source 6 mask 10
02-08 22:07:04.387  1012 31958 I AudioFlinger: AudioFlinger's thread 0xb2483e40 tid=31958 ready to run
02-08 22:07:04.396   788  1401 D audio_hw_primary: in_set_parameters: enter: kvpairs=input_source=6;routing=-2147483644
02-08 22:07:04.397  1012  8317 D APM_AudioPolicyManager: AudioPolicyManager::startInput() input 128038, session 128113, source = 1999
02-08 22:07:04.397 20221 27988 I MicrophoneInputStream: mic_started  SR : 16000 CC : 16 SO : 1999
02-08 22:07:04.399   788 31959 V msm8974_platform: platform_update_usecase_from_source: input source :6
02-08 22:07:04.399   788 31959 V msm8974_platform: platform_check_input_mask: enter check_input_mask source 6 mask 10
02-08 22:07:04.399   788 31959 V msm8974_platform: platform_get_input_snd_device: enter: out_device(0) in_device(0x4) channel_count (1) channel_mask (0x10)
02-08 22:07:04.399   788 31959 V msm8974_platform: platform_get_input_snd_device: exit: in_snd_device(voice-rec-mic)
02-08 22:07:04.399   788 31959 V msm8974_platform: platform_get_backend_index:napb: backend port - 5 device - 120 
02-08 22:07:04.399   788 31959 V msm8974_platform: platform_check_and_set_capture_backend_cfg:txbecf: afe: bitwidth 0, samplerate 0, channel 1, backend_idx 5 usecase = 9 device (voice-rec-mic)
02-08 22:07:04.399   788 31959 V msm8974_platform: platform_check_capture_backend_cfg:txbecf: afe: Codec selected backend: 5 current bit width: 0 and sample rate: 0, channels 1
02-08 22:07:04.399   788 31959 V msm8974_platform: platform_check_capture_backend_cfg:txbecf: afe: Codec selected backend: 5 updated bit width: 0 and sample rate: 0
02-08 22:07:04.399   788 31959 I msm8974_platform: platform_check_capture_backend_cfg:txbecf: afe: Codec backend needs to be updated. new bit width: 0 new sample rate: 0 new channel: 1
02-08 22:07:04.399   788 31959 V msm8974_platform: platform_get_backend_index:napb: backend port - 5 device - 120 
02-08 22:07:04.399   788 31959 V msm8974_platform: platform_set_backend_cfg:becf: afe: bitwidth 0, samplerate 0 channels 1, backend_idx 5 device (voice-rec-mic)
02-08 22:07:04.399   788 31959 E msm8974_platform: platform_set_backend_cfg:becf: afe: Could not get ctl for mixer command - SLIM_0_TX Format
02-08 22:07:04.399   788 31959 V msm8974_platform: platform_send_audio_calibration: sending audio calibration for snd_device(120) acdb_id(62)
02-08 22:07:04.399   788 31959 D ACDB-LOADER: ACDB -> send_audio_cal, acdb_id = 62, path = 1, app id = 0x11130, sample rate = 48000
02-08 22:07:04.400   788 31959 D ACDB-LOADER: ACDB -> send_asm_topology
02-08 22:07:04.400   788 31959 D ACDB-LOADER: ACDB -> ACDB_CMD_GET_AUDPROC_STREAM_TOPOLOGY_ID
02-08 22:07:04.400   788 31959 D ACDB-LOADER: ACDB -> send_adm_topology
02-08 22:07:04.400   788 31959 D ACDB-LOADER: ACDB -> ACDB_CMD_GET_AUDPROC_COMMON_TOPOLOGY_ID
02-08 22:07:04.400   788 31959 D ACDB-LOADER: ACDB -> send_audtable
02-08 22:07:04.400   788 31959 D ACDB-LOADER: ACDB -> ACDB_CMD_GET_AUDPROC_COMMON_TABLE_SIZE
02-08 22:07:04.400   788 31959 D ACDB-LOADER: ACDB -> ACDB_CMD_GET_AUDPROC_COMMON_TABLE
02-08 22:07:04.400   788 31959 D ACDB-LOADER: ACDB -> AUDIO_SET_AUDPROC_CAL
02-08 22:07:04.400   788 31959 D ACDB-LOADER: ACDB -> send_audvoltable
02-08 22:07:04.400   788 31959 D ACDB-LOADER: ACDB -> ACDB_CMD_GET_AUDPROC_VOL_STEP_TABLE_SIZE
02-08 22:07:04.400   788 31959 D ACDB-LOADER: ACDB -> ACDB_CMD_GET_AUDPROC_GAIN_DEP_STEP_TABLE, vol index 0
02-08 22:07:04.400   788 31959 D         : Failed to fetch the lookup information of the device 0000003E 
02-08 22:07:04.400   788 31959 D ACDB-LOADER: ACDB -> AUDIO_SET_VOL_CAL cal type = 12
02-08 22:07:04.400   788 31959 D ACDB-LOADER: ACDB -> ACDB_CMD_GET_AUDPROC_STREAM_TABLE_SIZE
02-08 22:07:04.400   788 31959 D ACDB-LOADER: ACDB -> send_audstrmtable
02-08 22:07:04.400   788 31959 D ACDB-LOADER: ACDB -> ACDB_CMD_GET_AUDPROC_STREAM_TABLE_V2
02-08 22:07:04.400   788 31959 D ACDB-LOADER: ACDB -> audstrm_cal->cal_type.cal_data.cal_size = 456
02-08 22:07:04.400   788 31959 D ACDB-LOADER: ACDB -> send_afe_topology
02-08 22:07:04.400   788 31959 D ACDB-LOADER: ACDB -> ACDB_CMD_GET_AFE_TOPOLOGY_ID
02-08 22:07:04.400   788 31959 D ACDB-LOADER: ACDB -> GET_AFE_TOPOLOGY_ID for adcd_id 62, Topology Id 112fb
02-08 22:07:04.400   788 31959 D ACDB-LOADER: ACDB -> send_afe_cal
02-08 22:07:04.400   788 31959 D ACDB-LOADER: ACDB -> ACDB_CMD_GET_AFE_COMMON_TABLE_SIZE
02-08 22:07:04.400   788 31959 D         : Failed to fetch the lookup information of the device 0000003E 
02-08 22:07:04.400   788 31959 E ACDB-LOADER: Error: ACDB_CMD_GET_AFE_COMMON_TABLE_SIZE Returned = -19
02-08 22:07:04.400   788 31959 D ACDB-LOADER: ACDB -> ACDB_CMD_GET_AFE_COMMON_TABLE
02-08 22:07:04.400   788 31959 D         : Failed to fetch the lookup information of the device 0000003E 
02-08 22:07:04.400   788 31959 D ACDB-LOADER: ACDB -> AUDIO_SET_AFE_CAL
02-08 22:07:04.400   788 31959 D ACDB-LOADER: ACDB -> send_hw_delay : acdb_id = 62 path = 1
02-08 22:07:04.400   788 31959 D ACDB-LOADER: ACDB -> ACDB_AVSYNC_INFO: ACDB_CMD_GET_DEVICE_PROPERTY
02-08 22:07:04.400   788 31959 D audio_hw_primary: enable_snd_device: snd_device(120: voice-rec-mic)
02-08 22:07:04.400   788 31959 D audio_route: Apply path: voice-rec-mic
02-08 22:07:04.402   788 31959 V msm8974_platform: platform_get_snd_device_backend_index: enter with device 120
02-08 22:07:04.402   788 31959 E msm8974_platform: platform_get_snd_device_backend_index: BE DAI Name Table is not present
02-08 22:07:04.402   788 31959 V msm8974_platform: platform_get_backend_index:napb: backend port - 5 device - 120 
02-08 22:07:04.402   788 31959 I audio_hw_utils: Set Audio Stream Capture 0 App Type Cfg: app_type 69936, acdb_dev_id 62, sample_rate 48000, snd_device_be_idx -14
02-08 22:07:04.403   788 31959 D audio_hw_primary: enable_audio_route: usecase(9) apply and update mixer path: audio-record
02-08 22:07:04.403   788 31959 D audio_route: Apply path: audio-record
02-08 22:07:04.474 20221 20371 I MicroDetectionWorker: onReady
02-08 22:07:04.535  2146  2165 I zygote  : NativeAlloc concurrent copying GC freed 19383(1020KB) AllocSpace objects, 0(0B) LOS objects, 49% free, 10MB/20MB, paused 123us total 140.414ms
02-08 22:07:04.794  1456  7796 I OpenGLRenderer: Initialized EGL, version 1.4
02-08 22:07:04.795  1456  7796 D OpenGLRenderer: Swap behavior 2
02-08 22:07:04.840  2748  2917 W OpenGLRenderer: Incorrectly called buildLayer on View: ShortcutAndWidgetContainer, destroying layer...
02-08 22:07:04.942 31721 31794 I chatty  : uid=10836(org.mozilla.fenix.nightly) expire 1 line
02-08 22:07:04.989   808   898 I SFPerfTracer:      triggers: (rate: 0:0) (0 sw vsyncs) (0 skipped) (38:3545545 vsyncs) (40:6292656)
02-08 22:07:04.997  1456  4829 D ConnectivityService: requestNetwork for uid/pid:10836/31721 NetworkRequest [ TRACK_DEFAULT id=25838, [ Capabilities: INTERNET&NOT_RESTRICTED&TRUSTED&NOT_VPN] ]
02-08 22:07:04.999  1456  2099 D Ethernet: got request NetworkRequest [ TRACK_DEFAULT id=25838, [ Capabilities: INTERNET&NOT_RESTRICTED&TRUSTED&NOT_VPN] ] with score 60
02-08 22:07:04.999  1456  2054 D WIFI_UT : got request NetworkRequest [ TRACK_DEFAULT id=25838, [ Capabilities: INTERNET&NOT_RESTRICTED&TRUSTED&NOT_VPN] ] with score 60
02-08 22:07:04.999  1456  2054 D WIFI    : got request NetworkRequest [ TRACK_DEFAULT id=25838, [ Capabilities: INTERNET&NOT_RESTRICTED&TRUSTED&NOT_VPN] ] with score 60
02-08 22:07:04.999  2398  2398 D PhoneSwitcherNetworkRequstListener: got request NetworkRequest [ TRACK_DEFAULT id=25838, [ Capabilities: INTERNET&NOT_RESTRICTED&TRUSTED&NOT_VPN] ] with score 60
02-08 22:07:05.008 31721 31961 I chatty  : uid=10836(org.mozilla.fenix.nightly) expire 9 lines
02-08 22:07:05.059 13975 22606 I Icing   : Indexing com.google.android.gms-apps from com.google.android.gms
02-08 22:07:05.117 13975 22606 I Icing   : Indexing done com.google.android.gms-apps
02-08 22:07:05.120  1456  1466 I zygote  : NativeAlloc concurrent copying GC freed 51758(3MB) AllocSpace objects, 22(888KB) LOS objects, 39% free, 36MB/60MB, paused 157us total 325.287ms
02-08 22:07:05.539 31721 31740 I chatty  : uid=10836(org.mozilla.fenix.nightly) expire 1 line
02-08 22:07:05.542  1456  2067 D ConnectivityService: releasing NetworkRequest [ TRACK_DEFAULT id=25838, [ Capabilities: INTERNET&NOT_RESTRICTED&TRUSTED&NOT_VPN] ] (release request)
02-08 22:07:09.406  1456  2401 I ActivityManager: Force stopping org.mozilla.fenix.nightly appid=10836 user=0: from pid 31967
02-08 22:07:09.406  1456  2401 I ActivityManager: Killing 31721:org.mozilla.fenix.nightly/u0a836 (adj 700): stop org.mozilla.fenix.nightly
02-08 22:07:09.408  1456  1605 W zygote  : kill(-31721, 9) failed: No such process
02-08 22:07:09.410  1456  2401 W ActivityManager: Force removing ActivityRecord{f1473ea u0 org.mozilla.fenix.nightly/org.mozilla.fenix.HomeActivity t23901}: app died, no saved state
02-08 22:07:09.417  1456  1605 W zygote  : kill(-31721, 9) failed: No such process
02-08 22:07:09.419  1456  2401 I ActivityManager: Killing 31836:org.mozilla.fenix.nightly:socket/u0a836 (adj 0): stop org.mozilla.fenix.nightly
02-08 22:07:09.423  1456  2401 I ActivityManager: Killing 31813:org.mozilla.fenix.nightly:tab/u0a836 (adj 0): stop org.mozilla.fenix.nightly
02-08 22:07:09.435  2398  2398 D CarrierSvcBindHelper: No carrier app for: 0
02-08 22:07:09.437  2398  2398 D CarrierSvcBindHelper: No carrier app for: 1
02-08 22:07:09.439  1456  1605 W zygote  : kill(-31721, 9) failed: No such process
02-08 22:07:09.491  1456  1673 W ActivityManager: setHasOverlayUi called on unknown pid: 31721
02-08 22:07:09.495  1456  1605 W zygote  : kill(-31721, 9) failed: No such process
02-08 22:07:09.496  1456  1605 I zygote  : Successfully killed process cgroup uid 10836 pid 31721 in 87ms
02-08 22:07:09.496  1456  1605 W zygote  : kill(-31836, 9) failed: No such process
02-08 22:07:09.496  1456  1605 I zygote  : Successfully killed process cgroup uid 10836 pid 31836 in 0ms
02-08 22:07:09.496  1456  1605 W zygote  : kill(-31813, 9) failed: No such process
02-08 22:07:09.496  1456  1605 I zygote  : Successfully killed process cgroup uid 10836 pid 31813 in 0ms
02-08 22:07:09.533  1456  4829 I ActivityManager: START u0 {act=android.intent.action.MAIN cat=[android.intent.category.LAUNCHER] flg=0x10000000 cmp=org.mozilla.fenix.nightly/org.mozilla.fenix.HomeActivity} from uid 2000
02-08 22:07:09.534   794   839 E ANDR-PERF-RESOURCEQS: Failed to apply optimization [4, 0]
02-08 22:07:09.554  1456 10736 I ActivityManager: Start proc 31974:org.mozilla.fenix.nightly/u0a836 for activity org.mozilla.fenix.nightly/org.mozilla.fenix.HomeActivity
02-08 22:07:09.641 20221 20371 I MicroDetectionState: Should stop hotword detection immediately - false
02-08 22:07:09.641 20221 20371 I MicroDetector: Keeping mic open: false
02-08 22:07:09.641 20221 20371 I RecognitionAudioControl: #shutdownAudio [requestId: 938299980067531523, keepAudioOpen: false, forced: true]
02-08 22:07:09.641 20221 20303 E DeviceStateChecker: DeviceStateChecker cancelled
02-08 22:07:09.641 20221 20371 I RecognitionAudioControl: #internalShutdownAudio [requestId: 938299980067531523]
02-08 22:07:09.642 20221 20371 I RecognitionAudioControl: #internalShutdownAudio [keepAudioOpen: false, forced: true]
02-08 22:07:09.642 20221 20371 I RecognitionAudioControl: #actualShutdownAudio
02-08 22:07:09.642 20221 20371 I AudioController: #shutdown [requestId=938299980067531523]
02-08 22:07:09.642 20221 20289 I AudioController: internalShutdown
02-08 22:07:09.642 20221 20288 I MicroRecognitionRunner: Stopping hotword detection.
02-08 22:07:09.692   788  1401 D audio_hw_primary: disable_audio_route: usecase(9) reset and update mixer path: audio-record
02-08 22:07:09.693   788  1401 D audio_hw_primary: disable_snd_device: snd_device(120: voice-rec-mic)
02-08 22:07:09.694  1012  4918 D APM_AudioPolicyManager: stopInput() input 128038, session 128113
02-08 22:07:09.695   788  1401 D audio_hw_primary: in_set_parameters: enter: kvpairs=routing=0
02-08 22:07:09.696 20221 20289 I MicrophoneInputStream: mic_close  SR : 16000 CC : 16 SO : 1999
02-08 22:07:09.696 20221 20289 E AudioSource: Stop listening is called on already closed AudioSource
02-08 22:07:09.698 20221 20327 I MicroRecognitionRunner: Detection finished
02-08 22:07:09.733 31974 31974 I chatty  : uid=10836(org.mozilla.fenix.nightly) expire 3 lines
02-08 22:07:09.805 31974 31993 I chatty  : uid=10836(org.mozilla.fenix.nightly) expire 4 lines
02-08 22:07:09.808 31974 31974 I chatty  : uid=10836(org.mozilla.fenix.nightly) expire 43 lines
02-08 22:07:09.863 31974 32001 I chatty  : uid=10836(org.mozilla.fenix.nightly) expire 8 lines
02-08 22:07:09.899 31974 32005 I chatty  : uid=10836(org.mozilla.fenix.nightly) expire 11 lines
02-08 22:07:09.953 31974 32012 I chatty  : uid=10836(org.mozilla.fenix.nightly) expire 30 lines
02-08 22:07:10.017 31974 31979 I chatty  : uid=10836(org.mozilla.fenix.nightly) expire 6 lines
02-08 22:07:10.050 31974 32015 I chatty  : uid=10836(org.mozilla.fenix.nightly) expire 2 lines
02-08 22:07:10.087 31974 32024 I chatty  : uid=10836(org.mozilla.fenix.nightly) expire 6 lines
02-08 22:07:10.095 31974 32026 I chatty  : uid=10836(org.mozilla.fenix.nightly) expire 10 lines
02-08 22:07:10.424 31974 32058 I chatty  : uid=10836(org.mozilla.fenix.nightly) expire 9 lines
02-08 22:07:10.441  1456 10736 I ActivityManager: Start proc 32069:org.mozilla.fenix.nightly:tab/u0a836 for service org.mozilla.fenix.nightly/org.mozilla.gecko.process.GeckoServiceChildProcess$tab
02-08 22:07:10.489  1456  4829 I WifiService: getDhcpInfo uid=10836
02-08 22:07:10.574  1456  2923 I ActivityManager: Start proc 32092:org.mozilla.fenix.nightly:socket/u0a836 for service org.mozilla.fenix.nightly/org.mozilla.gecko.process.GeckoServiceChildProcess$socket
02-08 22:07:10.592 32069 32069 I chatty  : uid=10836(org.mozilla.fenix.nightly) expire 2 lines
02-08 22:07:10.593 32069 32105 I chatty  : uid=10836(org.mozilla.fenix.nightly) expire 1 line
02-08 22:07:10.654  1456  4829 I ActivityManager: Displayed org.mozilla.fenix.nightly/org.mozilla.fenix.HomeActivity: +1s114ms
02-08 22:07:10.655  1456  4829 I ActivityManager: Fully drawn org.mozilla.fenix.nightly/org.mozilla.fenix.HomeActivity: +1s114ms
02-08 22:07:10.708  1456  1673 I LaunchCheckinHandler: Displayed org.mozilla.fenix.nightly/org.mozilla.fenix.HomeActivity,cp,ca,1167
02-08 22:07:10.718 32092 32092 I chatty  : uid=10836(org.mozilla.fenix.nightly) expire 2 lines
02-08 22:07:10.719 32092 32116 I chatty  : uid=10836(org.mozilla.fenix.nightly) expire 15 lines
02-08 22:07:10.768 31220 31220 I Finsky  : [2] ppb.onTrimMemory(1): Memory trim requested to level 80
02-08 22:07:10.777 20221 20221 I MemoryTrimmer: Trimming objects from memory, since app is in the background.
02-08 22:07:10.789 20221 20221 I MemoryTrimmer: Trimming objects from memory, since app is in the background.
02-08 22:07:10.790 20221 27988 I PBSessionCacheImpl: Deleted sessionId[88934479601431428] from persistence.
02-08 22:07:10.795  1456 10736 I WifiService: getWifiEnabledState uid=10073
02-08 22:07:10.797 20221 20371 I DEBUG   : OpaToSrpTransitionState#onStateChanged#notNullQuery
02-08 22:07:10.798 20221 20371 I DEBUG   : OpaToSrpTransitionState#onStateChanged#notNullQuery
02-08 22:07:10.800 20221 20371 W SearchServiceCore: Abort, client detached.
02-08 22:07:11.796 31974 32159 I chatty  : uid=10836(org.mozilla.fenix.nightly) expire 2 lines
02-08 22:07:11.837  2398  2398 D QtiCarrierConfigHelper: WARNING, no carrier configs on phone Id: 0
02-08 22:07:15.033  2398  2398 D ImsResolver: maybeAddedImsService, packageName: org.mozilla.fenix.nightly
02-08 22:07:15.034  2360  2360 D MayaFrameworkProxyService: receive intent :Intent { act=android.intent.action.PACKAGE_CHANGED dat=package:org.mozilla.fenix.nightly flg=0x45000010 (has extras) }
02-08 22:07:15.041  1456  1600 W ResourceType: No known package when getting value for resource number 0x7f0801a0
02-08 22:07:15.041  1456  1600 W ResourceType: No known package when getting value for resource number 0x7f120107
02-08 22:07:15.041  1456  1600 W ResourceType: No known package when getting value for resource number 0x7f120107
02-08 22:07:15.041  1456  1600 W ResourceType: No known package when getting value for resource number 0x7f08019e
02-08 22:07:15.041  1456  1600 W ResourceType: No known package when getting value for resource number 0x7f120106
02-08 22:07:15.041  1456  1600 W ResourceType: No known package when getting value for resource number 0x7f120106
02-08 22:07:15.052  1456  1456 W ResourceType: ResTable_typeSpec entry count inconsistent: given 669, previously 675
