01-11 21:43:13.106 12763 12795 W ResourceType: Too many attribute references, stopped at: 0x01010099
01-11 21:43:13.565 12763 12763 D App     : Installed browser-icons extension
01-11 21:43:13.825 12763 12763 D mozac-webcompat: Installed WebCompat webextension: webcompat@mozilla.com
01-11 21:43:16.541 12947 12947 D AndroidRuntime: >>>>>> START com.android.internal.os.RuntimeInit uid 2000 <<<<<<
01-11 21:43:16.553 12947 12947 W app_process: Could not reserve sentinel fault page
01-11 21:43:16.718 12947 12947 I app_process: The ClassLoaderContext is a special shared library.
01-11 21:43:16.785 12947 12947 D AndroidRuntime: Calling main entry com.android.commands.input.Input
01-11 21:43:16.786 12947 12947 I Input   : injectKeyEvent: KeyEvent { action=ACTION_DOWN, keyCode=KEYCODE_HOME, scanCode=0, metaState=0, flags=0x0, repeatCount=0, eventTime=11244225513, downTime=11244225513, deviceId=-1, source=0x101 }
01-11 21:43:16.796 12947 12947 I Input   : injectKeyEvent: KeyEvent { action=ACTION_UP, keyCode=KEYCODE_HOME, scanCode=0, metaState=0, flags=0x0, repeatCount=0, eventTime=11244225513, downTime=11244225513, deviceId=-1, source=0x101 }
01-11 21:43:16.803  1456  1941 I ActivityManager: START u0 {act=android.intent.action.MAIN cat=[android.intent.category.HOME] flg=0x10200000 cmp=com.android.launcher3/.CustomizationPanelLauncher (has extras)} from uid 1000
01-11 21:43:16.803   794   839 E ANDR-PERF-RESOURCEQS: Failed to apply optimization [4, 0]
01-11 21:43:16.815  1456  1941 I ActivityManager: moveHomeStack, setupComplete:true
01-11 21:43:16.818 12947 12947 D AndroidRuntime: Shutting down VM
01-11 21:43:16.829 15912 15946 I OpenGLRenderer: Initialized EGL, version 1.4
01-11 21:43:16.829 15912 15946 D OpenGLRenderer: Swap behavior 2
01-11 21:43:16.839 11769 11769 I Finsky  : [2] puo.onTrimMemory(1): Memory trim requested to level 80
01-11 21:43:16.843  2748  2748 D Launcher.Utilities: Wakeup weather: Intent { act=com.motorola.launcher3.action.WAKEUP_WEATHER cmp=com.motorola.timeweatherwidget/com.motorola.commandcenter.weather.WakeUpService }
01-11 21:43:16.856  1456  1456 I NotificationService: Cannot find enqueued record for key: 0|com.motorola.timeweatherwidget|1|null|10116
01-11 21:43:16.859   808   808 D SurfaceFlinger: duplicate layer name: changing com.android.launcher3/com.android.launcher3.CustomizationPanelLauncher to com.android.launcher3/com.android.launcher3.CustomizationPanelLauncher#1
01-11 21:43:16.870 15912 15934 W ThreadPoolDumper: Queue length for executor EventBus is now 11. Perhaps some tasks are too long, or the pool is too small.
01-11 21:43:16.872  1456  6339 I WifiService: getWifiEnabledState uid=10073
01-11 21:43:16.885  1456  4797 I WifiService: getWifiEnabledState uid=10073
01-11 21:43:16.926 15912 15950 I MicroDetectionState: Should stop hotword detection immediately - false
01-11 21:43:16.932 15912 15950 I MicroDetectionWorker: #startMicroDetector [speakerMode: 0]
01-11 21:43:16.934 15912 15950 I AudioController: Created new AudioSource
01-11 21:43:16.942   808   808 I SFPerfTracer:      triggers: (rate: 50:371716) (compose: 0:6) (post: 0:13) (render: 0:10) (3:3348727 frames) (4:4596584)
01-11 21:43:16.942   808   808 D SFPerfTracer:        layers: (3:14) (NavigationBar#0 (0xb07df000): 0:420355) (StatusBar#0 (0xb07e3000): 0:1195126) (com.android.systemui.ImageWallpaper#0 (0xb07e7000): 0:35023)* (Sprite#0 (0xb0733000): 0:317)* (DimLayerController/Stack=0#0 (0xb075a000): 0:3589)* (Sprite#1 (0xb077c000): 0:195)* (animation background stackId=1#0 (0xb039b000): 0:56)* (org.mozilla.fenix.nightly/org.mozilla.fenix.HomeActivity#0 (0xb0264000): 0:46)- (com.android.launcher3/com.android.launcher3.CustomizationPanelLauncher#0 (0xb0763000): 0:42)- (com.android.launcher3/com.android.launcher3.CustomizationPanelLauncher#1 (0xb0771000): 0:12)- (Splash Screen org.mozilla.fenix.nightly#0 (0xb0384000): 0:30)- (org.mozilla.fenix.nightly/org.mozilla.fenix.HomeActivity#0 (0xb0264000): 0:21) (com.android.launcher3/com.android.launcher3.CustomizationPanelLauncher#0 (0xb0763000): 2:4)* (com.android.launcher3/com.android.launcher3.CustomizationPanelLauncher#1 (0xb0771000): 2:2)* 
01-11 21:43:16.943  1456  1673 I LaunchCheckinHandler: Displayed com.android.launcher3/.CustomizationPanelLauncher,wp,wa,139
01-11 21:43:16.946 15912 15944 I MicroDataManager: isInitializedWithLatestParams-true
01-11 21:43:16.946 15912 15944 I MicroDataManager: isInitializing-false locale not changed-true model not changed-true
01-11 21:43:16.947 15912 15944 I MicroDataManager: Already initialized, obtaining the hotword data immediately.
01-11 21:43:16.951 15912  8086 I MicroRecognitionRunner: Starting detection.
01-11 21:43:16.952 15912  8086 I InputStreamUtils: Using micInputStream
01-11 21:43:16.952 15912 11574 I MicrophoneInputStream: mic_starting  SR : 16000 CC : 16 SO : 1999
01-11 21:43:16.955   788  1479 V msm8974_platform: platform_check_input_mask: enter check_input_mask source 6 mask 10
01-11 21:43:16.957  1012 12961 I AudioFlinger: AudioFlinger's thread 0xb2483ec0 tid=12961 ready to run
01-11 21:43:16.963   788  1479 D audio_hw_primary: in_set_parameters: enter: kvpairs=input_source=6;routing=-2147483644
01-11 21:43:16.964  1012  8317 D APM_AudioPolicyManager: AudioPolicyManager::startInput() input 94470, session 94537, source = 1999
01-11 21:43:16.965 15912 11574 I MicrophoneInputStream: mic_started  SR : 16000 CC : 16 SO : 1999
01-11 21:43:16.966   788 12962 V msm8974_platform: platform_update_usecase_from_source: input source :6
01-11 21:43:16.966   788 12962 V msm8974_platform: platform_check_input_mask: enter check_input_mask source 6 mask 10
01-11 21:43:16.966   788 12962 V msm8974_platform: platform_get_input_snd_device: enter: out_device(0) in_device(0x4) channel_count (1) channel_mask (0x10)
01-11 21:43:16.966   788 12962 V msm8974_platform: platform_get_input_snd_device: exit: in_snd_device(voice-rec-mic)
01-11 21:43:16.966   788 12962 V msm8974_platform: platform_get_backend_index:napb: backend port - 5 device - 120 
01-11 21:43:16.966   788 12962 V msm8974_platform: platform_check_and_set_capture_backend_cfg:txbecf: afe: bitwidth 0, samplerate 0, channel 1, backend_idx 5 usecase = 9 device (voice-rec-mic)
01-11 21:43:16.966   788 12962 V msm8974_platform: platform_check_capture_backend_cfg:txbecf: afe: Codec selected backend: 5 current bit width: 0 and sample rate: 0, channels 1
01-11 21:43:16.966   788 12962 V msm8974_platform: platform_check_capture_backend_cfg:txbecf: afe: Codec selected backend: 5 updated bit width: 0 and sample rate: 0
01-11 21:43:16.966   788 12962 I msm8974_platform: platform_check_capture_backend_cfg:txbecf: afe: Codec backend needs to be updated. new bit width: 0 new sample rate: 0 new channel: 1
01-11 21:43:16.966   788 12962 V msm8974_platform: platform_get_backend_index:napb: backend port - 5 device - 120 
01-11 21:43:16.966   788 12962 V msm8974_platform: platform_set_backend_cfg:becf: afe: bitwidth 0, samplerate 0 channels 1, backend_idx 5 device (voice-rec-mic)
01-11 21:43:16.966   788 12962 E msm8974_platform: platform_set_backend_cfg:becf: afe: Could not get ctl for mixer command - SLIM_0_TX Format
01-11 21:43:16.966   788 12962 V msm8974_platform: platform_send_audio_calibration: sending audio calibration for snd_device(120) acdb_id(62)
01-11 21:43:16.966   788 12962 D ACDB-LOADER: ACDB -> send_audio_cal, acdb_id = 62, path = 1, app id = 0x11130, sample rate = 48000
01-11 21:43:16.966   788 12962 D ACDB-LOADER: ACDB -> send_asm_topology
01-11 21:43:16.966   788 12962 D ACDB-LOADER: ACDB -> ACDB_CMD_GET_AUDPROC_STREAM_TOPOLOGY_ID
01-11 21:43:16.966   788 12962 D ACDB-LOADER: ACDB -> send_adm_topology
01-11 21:43:16.966   788 12962 D ACDB-LOADER: ACDB -> ACDB_CMD_GET_AUDPROC_COMMON_TOPOLOGY_ID
01-11 21:43:16.966   788 12962 D ACDB-LOADER: ACDB -> send_audtable
01-11 21:43:16.966   788 12962 D ACDB-LOADER: ACDB -> ACDB_CMD_GET_AUDPROC_COMMON_TABLE_SIZE
01-11 21:43:16.967   788 12962 D ACDB-LOADER: ACDB -> ACDB_CMD_GET_AUDPROC_COMMON_TABLE
01-11 21:43:16.967   788 12962 D ACDB-LOADER: ACDB -> AUDIO_SET_AUDPROC_CAL
01-11 21:43:16.967   788 12962 D ACDB-LOADER: ACDB -> send_audvoltable
01-11 21:43:16.967   788 12962 D ACDB-LOADER: ACDB -> ACDB_CMD_GET_AUDPROC_VOL_STEP_TABLE_SIZE
01-11 21:43:16.967   788 12962 D ACDB-LOADER: ACDB -> ACDB_CMD_GET_AUDPROC_GAIN_DEP_STEP_TABLE, vol index 0
01-11 21:43:16.967   788 12962 D         : Failed to fetch the lookup information of the device 0000003E 
01-11 21:43:16.967   788 12962 D ACDB-LOADER: ACDB -> AUDIO_SET_VOL_CAL cal type = 12
01-11 21:43:16.967   788 12962 D ACDB-LOADER: ACDB -> ACDB_CMD_GET_AUDPROC_STREAM_TABLE_SIZE
01-11 21:43:16.967   788 12962 D ACDB-LOADER: ACDB -> send_audstrmtable
01-11 21:43:16.967   788 12962 D ACDB-LOADER: ACDB -> ACDB_CMD_GET_AUDPROC_STREAM_TABLE_V2
01-11 21:43:16.967   788 12962 D ACDB-LOADER: ACDB -> audstrm_cal->cal_type.cal_data.cal_size = 456
01-11 21:43:16.967   788 12962 D ACDB-LOADER: ACDB -> send_afe_topology
01-11 21:43:16.967   788 12962 D ACDB-LOADER: ACDB -> ACDB_CMD_GET_AFE_TOPOLOGY_ID
01-11 21:43:16.967   788 12962 D ACDB-LOADER: ACDB -> GET_AFE_TOPOLOGY_ID for adcd_id 62, Topology Id 112fb
01-11 21:43:16.967   788 12962 D ACDB-LOADER: ACDB -> send_afe_cal
01-11 21:43:16.967   788 12962 D ACDB-LOADER: ACDB -> ACDB_CMD_GET_AFE_COMMON_TABLE_SIZE
01-11 21:43:16.967   788 12962 D         : Failed to fetch the lookup information of the device 0000003E 
01-11 21:43:16.967   788 12962 E ACDB-LOADER: Error: ACDB_CMD_GET_AFE_COMMON_TABLE_SIZE Returned = -19
01-11 21:43:16.967   788 12962 D ACDB-LOADER: ACDB -> ACDB_CMD_GET_AFE_COMMON_TABLE
01-11 21:43:16.967   788 12962 D         : Failed to fetch the lookup information of the device 0000003E 
01-11 21:43:16.967   788 12962 D ACDB-LOADER: ACDB -> AUDIO_SET_AFE_CAL
01-11 21:43:16.967   788 12962 D ACDB-LOADER: ACDB -> send_hw_delay : acdb_id = 62 path = 1
01-11 21:43:16.967   788 12962 D ACDB-LOADER: ACDB -> ACDB_AVSYNC_INFO: ACDB_CMD_GET_DEVICE_PROPERTY
01-11 21:43:16.967   788 12962 D audio_hw_primary: enable_snd_device: snd_device(120: voice-rec-mic)
01-11 21:43:16.967   788 12962 D audio_route: Apply path: voice-rec-mic
01-11 21:43:16.969   788 12962 V msm8974_platform: platform_get_snd_device_backend_index: enter with device 120
01-11 21:43:16.969   788 12962 E msm8974_platform: platform_get_snd_device_backend_index: BE DAI Name Table is not present
01-11 21:43:16.969   788 12962 V msm8974_platform: platform_get_backend_index:napb: backend port - 5 device - 120 
01-11 21:43:16.969   788 12962 I audio_hw_utils: Set Audio Stream Capture 0 App Type Cfg: app_type 69936, acdb_dev_id 62, sample_rate 48000, snd_device_be_idx -14
01-11 21:43:16.970   788 12962 D audio_hw_primary: enable_audio_route: usecase(9) apply and update mixer path: audio-record
01-11 21:43:16.970   788 12962 D audio_route: Apply path: audio-record
01-11 21:43:17.039 15912 15950 I MicroDetectionWorker: onReady
01-11 21:43:17.346  1456  7796 I OpenGLRenderer: Initialized EGL, version 1.4
01-11 21:43:17.347  1456  7796 D OpenGLRenderer: Swap behavior 2
01-11 21:43:17.393  2748  2917 W OpenGLRenderer: Incorrectly called buildLayer on View: ShortcutAndWidgetContainer, destroying layer...
01-11 21:43:17.508 12763 12763 D GeckoRuntime: Lifecycle: onPause
01-11 21:43:17.508 12763 12763 D GeckoNetworkManager: Incoming event stop for state OnWithListeners -> OffWithListeners
01-11 21:43:17.510 12763 12763 I SessionStorage/AutoSave: Save: Background
01-11 21:43:17.513 12763 12786 D SessionStorage/AutoSave: Saved state to disk [1ms]
01-11 21:43:17.515 12763 12873 I libglean_ffi: glean_core::ping: Collecting baseline
01-11 21:43:17.519 12763 12873 D libglean_ffi: glean_core::ping: Storing ping '67e00379-df04-4850-adb4-d993b289e83a' at '/data/user/0/org.mozilla.fenix.nightly/glean_data/pending_pings/67e00379-df04-4850-adb4-d993b289e83a'
01-11 21:43:17.520 12763 12873 I libglean_ffi: glean_core: The ping 'baseline' was submitted and will be sent as soon as possible
01-11 21:43:17.520 12763 12873 I libglean_ffi: glean_core::ping: Collecting events
01-11 21:43:17.523 12763 12873 D libglean_ffi: glean_core::ping: Storing ping '3409f434-83bc-41c2-b2e0-03587f126243' at '/data/user/0/org.mozilla.fenix.nightly/glean_data/pending_pings/3409f434-83bc-41c2-b2e0-03587f126243'
01-11 21:43:17.523 12763 12873 I libglean_ffi: glean_core: The ping 'events' was submitted and will be sent as soon as possible
01-11 21:43:17.547  1456  4797 D ConnectivityService: requestNetwork for uid/pid:10734/12763 NetworkRequest [ TRACK_DEFAULT id=19508, [ Capabilities: INTERNET&NOT_RESTRICTED&TRUSTED&NOT_VPN] ]
01-11 21:43:17.548  1456  2099 D Ethernet: got request NetworkRequest [ TRACK_DEFAULT id=19508, [ Capabilities: INTERNET&NOT_RESTRICTED&TRUSTED&NOT_VPN] ] with score 60
01-11 21:43:17.548  1456  2054 D WIFI_UT : got request NetworkRequest [ TRACK_DEFAULT id=19508, [ Capabilities: INTERNET&NOT_RESTRICTED&TRUSTED&NOT_VPN] ] with score 60
01-11 21:43:17.549  1456  2054 D WIFI    : got request NetworkRequest [ TRACK_DEFAULT id=19508, [ Capabilities: INTERNET&NOT_RESTRICTED&TRUSTED&NOT_VPN] ] with score 60
01-11 21:43:17.549  2398  2398 D PhoneSwitcherNetworkRequstListener: got request NetworkRequest [ TRACK_DEFAULT id=19508, [ Capabilities: INTERNET&NOT_RESTRICTED&TRUSTED&NOT_VPN] ] with score 60
01-11 21:43:17.557 12763 12963 D glean/PingUploadWorker: Processing persisted pings at /data/user/0/org.mozilla.fenix.nightly/glean_data/pending_pings
01-11 21:43:17.557 12763 12963 D glean/PingUploadWorker: Processing ping: 67e00379-df04-4850-adb4-d993b289e83a
01-11 21:43:17.560 12763 12963 D glean/ConceptFetchHttpUploader: Submitting ping to: https://incoming.telemetry.mozilla.org/submit/org-mozilla-fenix-nightly/baseline/1/67e00379-df04-4850-adb4-d993b289e83a
01-11 21:43:17.915 12763 12963 D glean/ConceptFetchHttpUploader: Ping successfully sent (200)
01-11 21:43:17.915 12763 12963 D glean/PingUploadWorker: 67e00379-df04-4850-adb4-d993b289e83a was deleted: true
01-11 21:43:17.916 12763 12963 D glean/PingUploadWorker: Processing ping: 3409f434-83bc-41c2-b2e0-03587f126243
01-11 21:43:17.917 12763 12963 D glean/ConceptFetchHttpUploader: Submitting ping to: https://incoming.telemetry.mozilla.org/submit/org-mozilla-fenix-nightly/events/1/3409f434-83bc-41c2-b2e0-03587f126243
01-11 21:43:18.044 12763 12963 D glean/ConceptFetchHttpUploader: Ping successfully sent (200)
01-11 21:43:18.044 12763 12963 D glean/PingUploadWorker: 3409f434-83bc-41c2-b2e0-03587f126243 was deleted: true
01-11 21:43:18.046 12763 12790 I WM-WorkerWrapper: Worker result SUCCESS for Work [ id=1c5d8af2-fcd4-4ecd-be19-8d016195b63e, tags={ mozilla.telemetry.glean.scheduler.PingUploadWorker, mozac_service_glean_ping_upload_worker } ]
01-11 21:43:18.049  1456  2067 D ConnectivityService: releasing NetworkRequest [ TRACK_DEFAULT id=19508, [ Capabilities: INTERNET&NOT_RESTRICTED&TRUSTED&NOT_VPN] ] (release request)
01-11 21:43:21.986  1456  4797 I ActivityManager: Force stopping org.mozilla.fenix.nightly appid=10734 user=0: from pid 12967
01-11 21:43:21.986  1456  4797 I ActivityManager: Killing 12763:org.mozilla.fenix.nightly/u0a734 (adj 700): stop org.mozilla.fenix.nightly
01-11 21:43:21.989  1456  1605 W zygote  : kill(-12763, 9) failed: No such process
01-11 21:43:21.990  1456  4797 W ActivityManager: Force removing ActivityRecord{f0b7d32 u0 org.mozilla.fenix.nightly/org.mozilla.fenix.HomeActivity t18410}: app died, no saved state
01-11 21:43:21.990 12803 12803 I ServiceChildProcess: Service has been unbound. Stopping.
01-11 21:43:22.000  1456  4797 I ActivityManager: Killing 12803:org.mozilla.fenix.nightly:tab/u0a734 (adj 0): stop org.mozilla.fenix.nightly
01-11 21:43:22.001  1456  1605 W zygote  : kill(-12763, 9) failed: No such process
01-11 21:43:22.015  2398  2398 D CarrierSvcBindHelper: No carrier app for: 0
01-11 21:43:22.016  1456  1605 W zygote  : kill(-12763, 9) failed: No such process
01-11 21:43:22.016  2398  2398 D CarrierSvcBindHelper: No carrier app for: 1
01-11 21:43:22.079  1456  1673 W ActivityManager: setHasOverlayUi called on unknown pid: 12763
01-11 21:43:22.080  1456  1605 I chatty  : uid=1000(system) ActivityManager expire 4 lines
01-11 21:43:22.091  1456  1605 W zygote  : kill(-12763, 9) failed: No such process
01-11 21:43:22.091  1456  1605 I zygote  : Successfully killed process cgroup uid 10734 pid 12763 in 102ms
01-11 21:43:22.091  1456  1605 W zygote  : kill(-12803, 9) failed: No such process
01-11 21:43:22.091  1456  1605 I zygote  : Successfully killed process cgroup uid 10734 pid 12803 in 0ms
01-11 21:43:22.112  1456  5031 I ActivityManager: START u0 {act=android.intent.action.MAIN cat=[android.intent.category.LAUNCHER] flg=0x10000000 cmp=org.mozilla.fenix.nightly/org.mozilla.fenix.HomeActivity} from uid 2000
01-11 21:43:22.113   794   839 E ANDR-PERF-RESOURCEQS: Failed to apply optimization [4, 0]
01-11 21:43:22.132  1456  5907 I ActivityManager: Start proc 12974:org.mozilla.fenix.nightly/u0a734 for activity org.mozilla.fenix.nightly/org.mozilla.fenix.HomeActivity
01-11 21:43:22.223 15912 15950 I MicroDetectionState: Should stop hotword detection immediately - false
01-11 21:43:22.224 15912 15950 I MicroDetector: Keeping mic open: false
01-11 21:43:22.224 15912 11573 E DeviceStateChecker: DeviceStateChecker cancelled
01-11 21:43:22.224 15912 15950 I RecognitionAudioControl: #shutdownAudio [requestId: -2753087667305572966, keepAudioOpen: false, forced: true]
01-11 21:43:22.224 15912 15950 I RecognitionAudioControl: #internalShutdownAudio [requestId: -2753087667305572966]
01-11 21:43:22.224 15912 15950 I RecognitionAudioControl: #internalShutdownAudio [keepAudioOpen: false, forced: true]
01-11 21:43:22.224 15912 15950 I RecognitionAudioControl: #actualShutdownAudio
01-11 21:43:22.225 15912 15950 I AudioController: #shutdown [requestId=-2753087667305572966]
01-11 21:43:22.225 15912 15945 I AudioController: internalShutdown
01-11 21:43:22.225 15912 15936 I MicroRecognitionRunner: Stopping hotword detection.
01-11 21:43:22.280   788  1479 D audio_hw_primary: disable_audio_route: usecase(9) reset and update mixer path: audio-record
01-11 21:43:22.280   788  1479 D audio_hw_primary: disable_snd_device: snd_device(120: voice-rec-mic)
01-11 21:43:22.282  1012 10158 D APM_AudioPolicyManager: stopInput() input 94470, session 94537
01-11 21:43:22.283   788  1479 D audio_hw_primary: in_set_parameters: enter: kvpairs=routing=0
01-11 21:43:22.285 15912 15945 I MicrophoneInputStream: mic_close  SR : 16000 CC : 16 SO : 1999
01-11 21:43:22.285 15912 15945 E AudioSource: Stop listening is called on already closed AudioSource
01-11 21:43:22.287 15912  8086 I MicroRecognitionRunner: Detection finished
01-11 21:43:22.291 12974 12974 D FirebaseApp: com.google.firebase.auth.FirebaseAuth is not linked. Skipping initialization.
01-11 21:43:22.292 12974 12974 D FirebaseApp: com.google.firebase.crash.FirebaseCrash is not linked. Skipping initialization.
01-11 21:43:22.293 12974 12974 I FirebaseInitProvider: FirebaseApp initialization successful
01-11 21:43:22.361 12974 12992 I FA      : Collection disabled with firebase_analytics_collection_enabled=0
01-11 21:43:22.362 12974 12992 I FA      : App measurement is starting up, version: 12780
01-11 21:43:22.362 12974 12992 I FA      : To enable debug logging run: adb shell setprop log.tag.FA VERBOSE
01-11 21:43:22.362 12974 12997 D RustNativeSupport: findMegazordLibraryName(viaduct, 0.48.1
01-11 21:43:22.362 12974 12997 D RustNativeSupport: lib in use: none
01-11 21:43:22.362 12974 12992 I FA      : To enable faster debug mode event logging run:
01-11 21:43:22.362 12974 12992 I FA      :   adb shell setprop debug.firebase.analytics.app org.mozilla.fenix.nightly
01-11 21:43:22.362 12974 12997 D RustNativeSupport: lib configured: fenix
01-11 21:43:22.362 12974 12997 D RustNativeSupport: lib version configured: 0.48.1
01-11 21:43:22.362 12974 12997 D RustNativeSupport: settled on fenix
01-11 21:43:22.390 12974 12997 D RustNativeSupport: findMegazordLibraryName(rustlog, 0.48.1
01-11 21:43:22.391 12974 12997 D RustNativeSupport: lib in use: none
01-11 21:43:22.391 12974 12997 D RustNativeSupport: lib configured: fenix
01-11 21:43:22.391 12974 12997 D RustNativeSupport: lib version configured: 0.48.1
01-11 21:43:22.391 12974 12997 D RustNativeSupport: settled on fenix
01-11 21:43:22.393 12974 12997 I rc_log_ffi::ios: rc_log adapter initialized!
01-11 21:43:22.421 12974 12974 D GeckoThread: State changed to LAUNCHED
01-11 21:43:22.422 12974 13005 I GeckoThread: preparing to run Gecko
01-11 21:43:22.429 12974 12974 D GeckoRuntime: Lifecycle: onCreate
01-11 21:43:22.429 12974 13005 D GeckoThread: State changed to MOZGLUE_READY
01-11 21:43:22.441 12974 13005 W Settings: Setting animator_duration_scale has moved from android.provider.Settings.System to android.provider.Settings.Global, returning read-only global URI.
01-11 21:43:22.441 12974 12974 I zygote  : Deoptimizing java.lang.Object androidx.collection.SimpleArrayMap.put(java.lang.Object, java.lang.Object) due to JIT inline cache
01-11 21:43:22.443 12974 13005 E GeckoLibLoad: Load sqlite start
01-11 21:43:22.449 12974 12997 D App     : Bucket is 78
01-11 21:43:22.451 12974 12997 D App     : Experiments active: {asFeatureSyncDisabled=false}
01-11 21:43:22.464 12974 13005 W GeckoLinker: /data/app/org.mozilla.fenix.nightly-3Hp7VzouTAiTKSNrkgKj5Q==/lib/arm/libnss3.so: unhandled flags #8 not handled
01-11 21:43:22.469 12974 13005 W GeckoLinker: /data/app/org.mozilla.fenix.nightly-3Hp7VzouTAiTKSNrkgKj5Q==/lib/arm/libnss3.so: Relocation to NULL @0x00130ffc for symbol "__cxa_type_match"
01-11 21:43:22.469 12974 13005 E GeckoLibLoad: Load sqlite done
01-11 21:43:22.470 12974 13005 E GeckoLibLoad: Load nss start
01-11 21:43:22.470 12974 13005 E GeckoLibLoad: Load nss done
01-11 21:43:22.470 12974 13005 W GeckoLinker: /data/app/org.mozilla.fenix.nightly-3Hp7VzouTAiTKSNrkgKj5Q==/lib/arm/libxul.so: unhandled flags #8 not handled
01-11 21:43:22.470 12974 13005 W GeckoLinker: /data/app/org.mozilla.fenix.nightly-3Hp7VzouTAiTKSNrkgKj5Q==/lib/arm/liblgpllibs.so: unhandled flags #8 not handled
01-11 21:43:22.506 12974 13005 E GeckoLibLoad: Loaded libs in 35.805680ms total, 16ms(70ms) user, 16ms(23ms) system, 0(0) faults
01-11 21:43:22.506 12974 13005 D GeckoThread: State changed to LIBS_READY
01-11 21:43:22.506 12974 12974 W [WARNING][Leanplum]: [com.leanplum.internal.ActionManager::getLocationManager::8]: Geofencing support requires leanplum-location module and Google Play Services v8.1 and higher.
01-11 21:43:22.506 12974 12974 W [WARNING][Leanplum]: Add this to your build.gradle file:
01-11 21:43:22.506 12974 12974 W [WARNING][Leanplum]: implementation 'com.google.android.gms:play-services-location:8.3.0+'
01-11 21:43:22.506 12974 12974 W [WARNING][Leanplum]: implementation 'com.leanplum:leanplum-location:+'
01-11 21:43:22.506 12974 13005 W GeckoThread: zerdatime 11325091181 - runGecko
01-11 21:43:22.514 12974 13005 D GeckoProfile: Loading profile at: null name: default
01-11 21:43:22.520 12974 13005 D GeckoProfile: Found profile dir: /data/user/0/org.mozilla.fenix.nightly/files/mozilla/b4v2kzuf.default
01-11 21:43:22.522  1456  4797 I ActivityManager: Start proc 13011:org.mozilla.fenix.nightly:tab/u0a734 for service org.mozilla.fenix.nightly/org.mozilla.gecko.process.GeckoServiceChildProcess$tab
01-11 21:43:22.525 12974 12974 I [INFO][Leanplum]: [com.leanplum.monitoring.ExceptionHandler::setContext::6]: LeanplumExceptionHandler could not initialize Exception Reporting.This is expected if you have not included the leanplum-monitoring module
01-11 21:43:22.552 12974 12974 I FirefoxAccountStateMachine: Enabling/updating sync with a new SyncConfig: SyncConfig(supportedEngines=[mozilla.components.service.fxa.SyncEngine$History@3ef070b, mozilla.components.service.fxa.SyncEngine$Bookmarks@e6d89e8, mozilla.components.service.fxa.SyncEngine$Passwords@6189801], syncPeriodInMinutes=240)
01-11 21:43:22.558 12974 12974 I BgSyncManager: Periodic syncing enabled at a 240 interval
01-11 21:43:22.558 12974 12974 I FirefoxAccountStateMachine: Sync is enabled
01-11 21:43:22.559 12974 12974 D PushConfig: Creating push configuration for autopush.
01-11 21:43:22.565 12974 13035 D AutoPushFeature: Initializing native component with the cached token.
01-11 21:43:22.568 12974 13035 D RustNativeSupport: findMegazordLibraryName(push, 0.48.1
01-11 21:43:22.568 12974 13035 D RustNativeSupport: lib in use: none
01-11 21:43:22.569 12974 13035 D RustNativeSupport: lib configured: fenix
01-11 21:43:22.569 12974 13035 D RustNativeSupport: lib version configured: 0.48.1
01-11 21:43:22.569 12974 13035 D RustNativeSupport: settled on fenix
01-11 21:43:22.569   808   898 I SFPerfTracer:      triggers: (rate: 0:0) (0 sw vsyncs) (0 skipped) (20:2563973 vsyncs) (22:4636397)
01-11 21:43:22.574 12974 13038 I FirefoxAccountStateMachine: Processing event Event$Init for state Start. Next state is Start
01-11 21:43:22.575 12974 12974 I App     : AutoPushFeature is configured, initializing it...
01-11 21:43:22.576 12974 12974 I AutoPushFeature: Checking validity of push subscriptions.
01-11 21:43:22.589 12974 13038 I FirefoxAccountStateMachine: Ran 'Event$Init' side-effects for state Start, got successive event Event$AccountNotFound
01-11 21:43:22.589 12974 13038 I FirefoxAccountStateMachine: Processing event Event$AccountNotFound for state Start. Next state is NotAuthenticated
01-11 21:43:22.592 12974 13038 D RustNativeSupport: findMegazordLibraryName(fxaclient, 0.48.1
01-11 21:43:22.592 12974 13038 D RustNativeSupport: lib in use: none
01-11 21:43:22.592 12974 13038 D RustNativeSupport: lib configured: fenix
01-11 21:43:22.592 12974 13038 D RustNativeSupport: lib version configured: 0.48.1
01-11 21:43:22.592 12974 13038 D RustNativeSupport: settled on fenix
01-11 21:43:22.595 12974 13038 D fxaclient_ffi: fxa_new
01-11 21:43:22.620 12974 12974 D PhoneWindow: Restoring navigation bar divider color to default value = 0x00000000
01-11 21:43:22.655 13011 13011 D GeckoThread: State changed to LAUNCHED
01-11 21:43:22.656 13011 13046 I GeckoThread: preparing to run Gecko
01-11 21:43:22.666 12974 12979 I zygote  : Do partial code cache collection, code=28KB, data=28KB
01-11 21:43:22.668 12974 12979 I zygote  : After code cache collection, code=26KB, data=28KB
01-11 21:43:22.668 12974 12979 I zygote  : Increasing code cache capacity to 128KB
01-11 21:43:22.713 12974 12974 D libglean_ffi: glean_ffi: Android logging should be hooked up!
01-11 21:43:22.716 12974 12974 I glean/Dispatchers: Task queued for execution and delayed until flushed
01-11 21:43:22.802 11375 11388 D AuthStateProvider: Verifying caller's signature:77eac4ceed36afefba76179931dd4cc195ab0cd54baf355d215e7bbdd28e402a
01-11 21:43:22.802 11375 11388 D AuthStateProvider: Success!
01-11 21:43:22.803 12974 12974 E ActivityThread: Failed to find provider info for org.mozilla.fennec_aurora.fxa.auth
01-11 21:43:22.864 12974 12974 D GeckoRuntime: Lifecycle: onStart
01-11 21:43:22.882 12974 13005 I Gecko:DumpUtils: Fifo watcher disabled via pref.
01-11 21:43:22.885 12974 12974 D GeckoRuntime: Lifecycle: onResume
01-11 21:43:22.885 12974 13038 W FirefoxAccountStateMachine: Got invalid event Event$Init for state NotAuthenticated.
01-11 21:43:22.886 12974 12974 D GeckoNetworkManager: Incoming event start for state OffNoListeners -> OnNoListeners
01-11 21:43:22.888 12974 12974 D GeckoNetworkManager: New network state: UP, WIFI, WIFI
01-11 21:43:22.888 12974 13016 D NetworkSecurityConfig: No Network Security Config specified, using platform default
01-11 21:43:22.916 12974 13067 D OpenGLRenderer: HWUI GL Pipeline
01-11 21:43:22.926 12974 12974 I glean/Glean: Registering pings for org.mozilla.fenix.GleanMetrics.Pings
01-11 21:43:22.926 12974 13005 D GeckoSysInfo: System memory: 1867MB.
01-11 21:43:22.928 12974 13005 D GeckoThread: State changed to JNI_READY
01-11 21:43:22.929 12974 12974 I glean/Glean: Registering pings for mozilla.telemetry.glean.GleanMetrics.Pings
01-11 21:43:22.944 12974 12974 I libglean_ffi: glean_core: Creating new Glean
01-11 21:43:22.944 12974 12974 D libglean_ffi: glean_core::database: Database path: "/data/user/0/org.mozilla.fenix.nightly/glean_data/db"
01-11 21:43:22.945 12974 12974 I libglean_ffi: glean_core::database: Database initialized
01-11 21:43:22.946 12974 12974 I libglean_ffi: glean_ffi: Glean initialized
01-11 21:43:22.969 12974 12974 D glean/MetricsPingSched: The 'metrics' ping was last sent on Sat Jan 11 00:00:00 EST 2020
01-11 21:43:22.970 12974 12974 I glean/MetricsPingSched: The 'metrics' ping was already sent today, Sat Jan 11 21:43:22 EST 2020.
01-11 21:43:22.970 12974 12974 D glean/MetricsPingSched: Scheduling the 'metrics' ping in 22597046ms
01-11 21:43:22.975 12974 13084 D libglean_ffi: glean_core: Clearing Lifetime::Application metrics
01-11 21:43:22.989 12974 12979 I zygote  : Do partial code cache collection, code=53KB, data=55KB
01-11 21:43:22.992 12974 12979 I zygote  : After code cache collection, code=53KB, data=55KB
01-11 21:43:22.992 12974 12979 I zygote  : Increasing code cache capacity to 256KB
01-11 21:43:23.021 12974 12974 I glean/Dispatchers: Initial tasks queue completed successfully
01-11 21:43:23.046 12974 12974 D App     : ActivationPing - already generated
01-11 21:43:23.053 12974 12974 D GeckoNetworkManager: Incoming event receivedUpdate for state OnNoListeners -> OnNoListeners
01-11 21:43:23.055 12974 12974 D GeckoNetworkManager: New network state: UP, WIFI, WIFI
01-11 21:43:23.056  1456  5907 I WifiService: getDhcpInfo uid=10734
01-11 21:43:23.097 12974 12974 I zygote  : Deoptimizing void androidx.constraintlayout.widget.ConstraintLayout$LayoutParams.resolveLayoutDirection(int) due to JIT inline cache
01-11 21:43:23.285 12974 13067 I Adreno  : QUALCOMM build                   : bb5b86c, I77d3059488
01-11 21:43:23.285 12974 13067 I Adreno  : Build Date                       : 06/07/18
01-11 21:43:23.285 12974 13067 I Adreno  : OpenGL ES Shader Compiler Version: EV031.22.00.01_06
01-11 21:43:23.285 12974 13067 I Adreno  : Local Branch                     : 
01-11 21:43:23.285 12974 13067 I Adreno  : Remote Branch                    : refs/tags/AU_LINUX_ANDROID_LA.UM.6.5.R1.08.01.00.312.086
01-11 21:43:23.285 12974 13067 I Adreno  : Remote Branch                    : NONE
01-11 21:43:23.285 12974 13067 I Adreno  : Reconstruct Branch               : NOTHING
01-11 21:43:23.286 12974 13067 D vndksupport: Loading /vendor/lib/hw/gralloc.msm8937.so from current namespace instead of sphal namespace.
01-11 21:43:23.294 12974 13067 I Adreno  : PFP: 0x005ff087, ME: 0x005ff063
01-11 21:43:23.296 12974 12979 I zygote  : Do full code cache collection, code=123KB, data=105KB
01-11 21:43:23.299 12974 12979 I zygote  : After code cache collection, code=77KB, data=47KB
01-11 21:43:23.305 12974 13067 I zygote  : android::hardware::configstore::V1_0::ISurfaceFlingerConfigs::hasWideColorDisplay retrieved: 0
01-11 21:43:23.308 12974 13067 I OpenGLRenderer: Initialized EGL, version 1.4
01-11 21:43:23.308 12974 13067 D OpenGLRenderer: Swap behavior 2
01-11 21:43:23.398 12974 13067 D vndksupport: Loading /vendor/lib/hw/android.hardware.graphics.mapper@2.0-impl.so from current namespace instead of sphal namespace.
01-11 21:43:23.399 12974 13067 D vndksupport: Loading /vendor/lib/hw/gralloc.msm8937.so from current namespace instead of sphal namespace.
01-11 21:43:23.417  1456  1673 I LaunchCheckinHandler: Displayed org.mozilla.fenix.nightly/org.mozilla.fenix.HomeActivity,cp,ca,1297
01-11 21:43:23.418  1456  1673 I ActivityManager: Displayed org.mozilla.fenix.nightly/org.mozilla.fenix.HomeActivity: +1s291ms
01-11 21:43:23.425 11375 11388 D AuthStateProvider: Verifying caller's signature:77eac4ceed36afefba76179931dd4cc195ab0cd54baf355d215e7bbdd28e402a
01-11 21:43:23.425 11375 11388 D AuthStateProvider: Success!
01-11 21:43:23.428 12974 12974 E ActivityThread: Failed to find provider info for org.mozilla.fennec_aurora.fxa.auth
01-11 21:43:23.485 11769 11769 I Finsky  : [2] puo.onTrimMemory(1): Memory trim requested to level 80
01-11 21:43:23.496 15912 15912 I MemoryTrimmer: Trimming objects from memory, since app is in the background.
01-11 21:43:23.501 12974 13005 I Gecko   : 1578797003497	addons.xpi	WARN	List of valid built-in add-ons could not be parsed.: [Exception... "Component returned failure code: 0x80520012 (NS_ERROR_FILE_NOT_FOUND) [nsIXPCComponents_Utils.readUTF8URI]"  nsresult: "0x80520012 (NS_ERROR_FILE_NOT_FOUND)"  location: "JS frame :: resource://gre/modules/addons/XPIProvider.jsm :: startup :: line 2366"  data: no] Stack trace: startup()@resource://gre/modules/addons/XPIProvider.jsm:2366
01-11 21:43:23.501 12974 13005 I Gecko   : callProvider()@resource://gre/modules/AddonManager.jsm:215
01-11 21:43:23.501 12974 13005 I Gecko   : _startProvider()@resource://gre/modules/AddonManager.jsm:586
01-11 21:43:23.501 12974 13005 I Gecko   : startup()@resource://gre/modules/AddonManager.jsm:810
01-11 21:43:23.501 12974 13005 I Gecko   : startup()@resource://gre/modules/AddonManager.jsm:3474
01-11 21:43:23.501 12974 13005 I Gecko   : observe()@resource://gre/modules/addonManager.js:87
01-11 21:43:23.502 15912 15950 E AudioSource: Stop listening is called on already closed AudioSource
01-11 21:43:23.503 15912 15912 I MemoryTrimmer: Trimming objects from memory, since app is in the background.
01-11 21:43:23.504 15912 11574 I PBSessionCacheImpl: Deleted sessionId[69983294687855484] from persistence.
01-11 21:43:23.509  1456  5031 I WifiService: getWifiEnabledState uid=10073
01-11 21:43:23.515 15912 15950 W SearchServiceCore: Abort, client detached.
01-11 21:43:23.515 15912 15950 I chatty  : uid=10073(com.google.android.googlequicksearchbox) EventBus0 identical 1 line
01-11 21:43:23.516 15912 15950 W SearchServiceCore: Abort, client detached.
01-11 21:43:23.674 12974 13005 D GeckoThread: State changed to PROFILE_READY
01-11 21:43:23.761 12974 13005 D GeckoThread: State changed to RUNNING
01-11 21:43:23.777 12974 13005 W GeckoEventDispatcher: No listener for AndroidCastDevice:SyncDevice
01-11 21:43:23.784 12974 13005 I Gecko   : -*- nsDNSServiceDiscovery.js : nsDNSServiceDiscovery
01-11 21:43:23.888 12974 13005 W ResourceType: Too many attribute references, stopped at: 0x01010099
01-11 21:43:23.935 12974 13005 I Gecko   : Attempting load of libEGL.so
01-11 21:43:24.137 12974 12974 D GeckoNetworkManager: Incoming event enableNotifications for state OnNoListeners -> OnWithListeners
01-11 21:43:24.139 12974 12974 D GeckoNetworkManager: New network state: UP, WIFI, WIFI
01-11 21:43:24.140 12974 12974 D GeckoNetworkManager: Incoming event receivedUpdate for state OnWithListeners -> OnWithListeners
01-11 21:43:24.141 12974 12974 D GeckoNetworkManager: New network state: UP, WIFI, WIFI
01-11 21:43:24.143 12974 13005 W GeckoLinker: /data/app/org.mozilla.fenix.nightly-3Hp7VzouTAiTKSNrkgKj5Q==/lib/arm/libsoftokn3.so: unhandled flags #8 not handled
01-11 21:43:24.144 12974 13005 W GeckoLinker: /data/app/org.mozilla.fenix.nightly-3Hp7VzouTAiTKSNrkgKj5Q==/lib/arm/libsoftokn3.so: Relocation to NULL @0x00026ffc for symbol "__cxa_type_match"
01-11 21:43:24.144 12974 13005 W GeckoLinker: /data/app/org.mozilla.fenix.nightly-3Hp7VzouTAiTKSNrkgKj5Q==/lib/arm/libfreebl3.so: unhandled flags #8 not handled
01-11 21:43:24.145 12974 13005 W GeckoLinker: /data/app/org.mozilla.fenix.nightly-3Hp7VzouTAiTKSNrkgKj5Q==/lib/arm/libfreebl3.so: Relocation to NULL @0x00041ffc for symbol "__cxa_type_match"
01-11 21:43:24.180 12974 13134 W GeckoLinker: /data/app/org.mozilla.fenix.nightly-3Hp7VzouTAiTKSNrkgKj5Q==/lib/arm/libnssckbi.so: unhandled flags #8 not handled
01-11 21:43:24.181 12974 13134 W GeckoLinker: /data/app/org.mozilla.fenix.nightly-3Hp7VzouTAiTKSNrkgKj5Q==/lib/arm/libnssckbi.so: Relocation to NULL @0x00052ffc for symbol "__cxa_type_match"
01-11 21:43:24.329 12974 13005 W ResourceType: Too many attribute references, stopped at: 0x01010099
01-11 21:43:24.786 12974 12974 D App     : Installed browser-icons extension
01-11 21:43:25.047 12974 12974 D mozac-webcompat: Installed WebCompat webextension: webcompat@mozilla.com
01-11 21:43:27.337 11769 11793 I Finsky  : [188767] kia.run(3): Stats for Executor: BlockingExecutor kju@607a42e[Running, pool size = 2, active threads = 0, queued tasks = 0, completed tasks = 11]
01-11 21:43:27.337 11769 11793 I Finsky  : [188767] kia.run(3): Stats for Executor: LightweightExecutor kju@edb1bcf[Running, pool size = 4, active threads = 0, queued tasks = 0, completed tasks = 71]
01-11 21:43:27.703 11769 11793 I Finsky  : [188767] kia.run(3): Stats for Executor: bgExecutor kju@6de195c[Running, pool size = 4, active threads = 0, queued tasks = 0, completed tasks = 40]
01-11 21:43:27.765 13159 13159 D AndroidRuntime: >>>>>> START com.android.internal.os.RuntimeInit uid 2000 <<<<<<
01-11 21:43:27.778 13159 13159 W app_process: Could not reserve sentinel fault page
01-11 21:43:27.944 13159 13159 I app_process: The ClassLoaderContext is a special shared library.
01-11 21:43:28.008 13159 13159 D AndroidRuntime: Calling main entry com.android.commands.input.Input
01-11 21:43:28.011 13159 13159 I Input   : injectKeyEvent: KeyEvent { action=ACTION_DOWN, keyCode=KEYCODE_HOME, scanCode=0, metaState=0, flags=0x0, repeatCount=0, eventTime=11244236738, downTime=11244236738, deviceId=-1, source=0x101 }
01-11 21:43:28.017 13159 13159 I Input   : injectKeyEvent: KeyEvent { action=ACTION_UP, keyCode=KEYCODE_HOME, scanCode=0, metaState=0, flags=0x0, repeatCount=0, eventTime=11244236738, downTime=11244236738, deviceId=-1, source=0x101 }
01-11 21:43:28.023  1456  1941 I ActivityManager: START u0 {act=android.intent.action.MAIN cat=[android.intent.category.HOME] flg=0x10200000 cmp=com.android.launcher3/.CustomizationPanelLauncher (has extras)} from uid 1000
01-11 21:43:28.024   794   839 E ANDR-PERF-RESOURCEQS: Failed to apply optimization [4, 0]
01-11 21:43:28.035  1456  1941 I ActivityManager: moveHomeStack, setupComplete:true
01-11 21:43:28.042 15912 15946 I OpenGLRenderer: Initialized EGL, version 1.4
01-11 21:43:28.043 15912 15946 D OpenGLRenderer: Swap behavior 2
01-11 21:43:28.047 13159 13159 D AndroidRuntime: Shutting down VM
01-11 21:43:28.059 11769 11769 I Finsky  : [2] puo.onTrimMemory(1): Memory trim requested to level 80
01-11 21:43:28.060  2748  2748 D Launcher.Utilities: Wakeup weather: Intent { act=com.motorola.launcher3.action.WAKEUP_WEATHER cmp=com.motorola.timeweatherwidget/com.motorola.commandcenter.weather.WakeUpService }
01-11 21:43:28.081  1456  1456 I NotificationService: Cannot find enqueued record for key: 0|com.motorola.timeweatherwidget|1|null|10116
01-11 21:43:28.085   808   808 D SurfaceFlinger: duplicate layer name: changing com.android.launcher3/com.android.launcher3.CustomizationPanelLauncher to com.android.launcher3/com.android.launcher3.CustomizationPanelLauncher#1
01-11 21:43:28.098 15912 15934 W ThreadPoolDumper: Queue length for executor EventBus is now 11. Perhaps some tasks are too long, or the pool is too small.
01-11 21:43:28.101  1456  4797 I WifiService: getWifiEnabledState uid=10073
01-11 21:43:28.111  1456  5907 I WifiService: getWifiEnabledState uid=10073
01-11 21:43:28.145 15912 15950 I MicroDetectionState: Should stop hotword detection immediately - false
01-11 21:43:28.150 15912 15950 I MicroDetectionWorker: #startMicroDetector [speakerMode: 0]
01-11 21:43:28.154 15912 15950 I AudioController: Created new AudioSource
01-11 21:43:28.178  1456  1673 I LaunchCheckinHandler: Displayed com.android.launcher3/.CustomizationPanelLauncher,wp,wa,154
01-11 21:43:28.180 15912 15949 I MicroDataManager: isInitializedWithLatestParams-true
01-11 21:43:28.181 15912 15949 I MicroDataManager: isInitializing-false locale not changed-true model not changed-true
01-11 21:43:28.182 15912 15949 I MicroDataManager: Already initialized, obtaining the hotword data immediately.
01-11 21:43:28.188 15912 11573 I MicroRecognitionRunner: Starting detection.
01-11 21:43:28.189 15912 11573 I InputStreamUtils: Using micInputStream
01-11 21:43:28.190 15912 11574 I MicrophoneInputStream: mic_starting  SR : 16000 CC : 16 SO : 1999
01-11 21:43:28.193   788  1479 V msm8974_platform: platform_check_input_mask: enter check_input_mask source 6 mask 10
01-11 21:43:28.195  1012 13173 I AudioFlinger: AudioFlinger's thread 0xb2483940 tid=13173 ready to run
01-11 21:43:28.199   788  1479 D audio_hw_primary: in_set_parameters: enter: kvpairs=input_source=6;routing=-2147483644
01-11 21:43:28.200  1012  8317 D APM_AudioPolicyManager: AudioPolicyManager::startInput() input 94478, session 94545, source = 1999
01-11 21:43:28.202 15912 11574 I MicrophoneInputStream: mic_started  SR : 16000 CC : 16 SO : 1999
01-11 21:43:28.202   788 13174 V msm8974_platform: platform_update_usecase_from_source: input source :6
01-11 21:43:28.202   788 13174 V msm8974_platform: platform_check_input_mask: enter check_input_mask source 6 mask 10
01-11 21:43:28.202   788 13174 V msm8974_platform: platform_get_input_snd_device: enter: out_device(0) in_device(0x4) channel_count (1) channel_mask (0x10)
01-11 21:43:28.202   788 13174 V msm8974_platform: platform_get_input_snd_device: exit: in_snd_device(voice-rec-mic)
01-11 21:43:28.202   788 13174 V msm8974_platform: platform_get_backend_index:napb: backend port - 5 device - 120 
01-11 21:43:28.202   788 13174 V msm8974_platform: platform_check_and_set_capture_backend_cfg:txbecf: afe: bitwidth 0, samplerate 0, channel 1, backend_idx 5 usecase = 9 device (voice-rec-mic)
01-11 21:43:28.202   788 13174 V msm8974_platform: platform_check_capture_backend_cfg:txbecf: afe: Codec selected backend: 5 current bit width: 0 and sample rate: 0, channels 1
01-11 21:43:28.202   788 13174 V msm8974_platform: platform_check_capture_backend_cfg:txbecf: afe: Codec selected backend: 5 updated bit width: 0 and sample rate: 0
01-11 21:43:28.203   788 13174 I msm8974_platform: platform_check_capture_backend_cfg:txbecf: afe: Codec backend needs to be updated. new bit width: 0 new sample rate: 0 new channel: 1
01-11 21:43:28.203   788 13174 V msm8974_platform: platform_get_backend_index:napb: backend port - 5 device - 120 
01-11 21:43:28.203   788 13174 V msm8974_platform: platform_set_backend_cfg:becf: afe: bitwidth 0, samplerate 0 channels 1, backend_idx 5 device (voice-rec-mic)
01-11 21:43:28.203   788 13174 E msm8974_platform: platform_set_backend_cfg:becf: afe: Could not get ctl for mixer command - SLIM_0_TX Format
01-11 21:43:28.203   788 13174 V msm8974_platform: platform_send_audio_calibration: sending audio calibration for snd_device(120) acdb_id(62)
01-11 21:43:28.203   788 13174 D ACDB-LOADER: ACDB -> send_audio_cal, acdb_id = 62, path = 1, app id = 0x11130, sample rate = 48000
01-11 21:43:28.203   788 13174 D ACDB-LOADER: ACDB -> send_asm_topology
01-11 21:43:28.203   788 13174 D ACDB-LOADER: ACDB -> ACDB_CMD_GET_AUDPROC_STREAM_TOPOLOGY_ID
01-11 21:43:28.203   788 13174 D ACDB-LOADER: ACDB -> send_adm_topology
01-11 21:43:28.203   788 13174 D ACDB-LOADER: ACDB -> ACDB_CMD_GET_AUDPROC_COMMON_TOPOLOGY_ID
01-11 21:43:28.203   788 13174 D ACDB-LOADER: ACDB -> send_audtable
01-11 21:43:28.203   788 13174 D ACDB-LOADER: ACDB -> ACDB_CMD_GET_AUDPROC_COMMON_TABLE_SIZE
01-11 21:43:28.203   788 13174 D ACDB-LOADER: ACDB -> ACDB_CMD_GET_AUDPROC_COMMON_TABLE
01-11 21:43:28.203   788 13174 D ACDB-LOADER: ACDB -> AUDIO_SET_AUDPROC_CAL
01-11 21:43:28.203   788 13174 D ACDB-LOADER: ACDB -> send_audvoltable
01-11 21:43:28.203   788 13174 D ACDB-LOADER: ACDB -> ACDB_CMD_GET_AUDPROC_VOL_STEP_TABLE_SIZE
01-11 21:43:28.203   788 13174 D ACDB-LOADER: ACDB -> ACDB_CMD_GET_AUDPROC_GAIN_DEP_STEP_TABLE, vol index 0
01-11 21:43:28.204   788 13174 D         : Failed to fetch the lookup information of the device 0000003E 
01-11 21:43:28.204   788 13174 D ACDB-LOADER: ACDB -> AUDIO_SET_VOL_CAL cal type = 12
01-11 21:43:28.204   788 13174 D ACDB-LOADER: ACDB -> ACDB_CMD_GET_AUDPROC_STREAM_TABLE_SIZE
01-11 21:43:28.204   788 13174 D ACDB-LOADER: ACDB -> send_audstrmtable
01-11 21:43:28.204   788 13174 D ACDB-LOADER: ACDB -> ACDB_CMD_GET_AUDPROC_STREAM_TABLE_V2
01-11 21:43:28.204   788 13174 D ACDB-LOADER: ACDB -> audstrm_cal->cal_type.cal_data.cal_size = 456
01-11 21:43:28.204   788 13174 D ACDB-LOADER: ACDB -> send_afe_topology
01-11 21:43:28.204   788 13174 D ACDB-LOADER: ACDB -> ACDB_CMD_GET_AFE_TOPOLOGY_ID
01-11 21:43:28.204   788 13174 D ACDB-LOADER: ACDB -> GET_AFE_TOPOLOGY_ID for adcd_id 62, Topology Id 112fb
01-11 21:43:28.204   788 13174 D ACDB-LOADER: ACDB -> send_afe_cal
01-11 21:43:28.204   788 13174 D ACDB-LOADER: ACDB -> ACDB_CMD_GET_AFE_COMMON_TABLE_SIZE
01-11 21:43:28.204   788 13174 D         : Failed to fetch the lookup information of the device 0000003E 
01-11 21:43:28.204   788 13174 E ACDB-LOADER: Error: ACDB_CMD_GET_AFE_COMMON_TABLE_SIZE Returned = -19
01-11 21:43:28.204   788 13174 D ACDB-LOADER: ACDB -> ACDB_CMD_GET_AFE_COMMON_TABLE
01-11 21:43:28.204   788 13174 D         : Failed to fetch the lookup information of the device 0000003E 
01-11 21:43:28.204   788 13174 D ACDB-LOADER: ACDB -> AUDIO_SET_AFE_CAL
01-11 21:43:28.204   788 13174 D ACDB-LOADER: ACDB -> send_hw_delay : acdb_id = 62 path = 1
01-11 21:43:28.204   788 13174 D ACDB-LOADER: ACDB -> ACDB_AVSYNC_INFO: ACDB_CMD_GET_DEVICE_PROPERTY
01-11 21:43:28.204   788 13174 D audio_hw_primary: enable_snd_device: snd_device(120: voice-rec-mic)
01-11 21:43:28.204   788 13174 D audio_route: Apply path: voice-rec-mic
01-11 21:43:28.208   788 13174 V msm8974_platform: platform_get_snd_device_backend_index: enter with device 120
01-11 21:43:28.209   788 13174 E msm8974_platform: platform_get_snd_device_backend_index: BE DAI Name Table is not present
01-11 21:43:28.209   788 13174 V msm8974_platform: platform_get_backend_index:napb: backend port - 5 device - 120 
01-11 21:43:28.209   788 13174 I audio_hw_utils: Set Audio Stream Capture 0 App Type Cfg: app_type 69936, acdb_dev_id 62, sample_rate 48000, snd_device_be_idx -14
01-11 21:43:28.209   788 13174 D audio_hw_primary: enable_audio_route: usecase(9) apply and update mixer path: audio-record
01-11 21:43:28.209   788 13174 D audio_route: Apply path: audio-record
01-11 21:43:28.278 15912 15950 I MicroDetectionWorker: onReady
01-11 21:43:28.314  2146  2165 I zygote  : NativeAlloc concurrent copying GC freed 19343(1050KB) AllocSpace objects, 0(0B) LOS objects, 50% free, 9MB/18MB, paused 121us total 120.457ms
01-11 21:43:28.388   808   808 I SFPerfTracer:      triggers: (rate: 50:371716) (compose: 0:6) (post: 0:13) (render: 0:10) (11:3348803 frames) (12:4596688)
01-11 21:43:28.388   808   808 D SFPerfTracer:        layers: (5:14) (NavigationBar#0 (0xb07df000): 10:420386) (StatusBar#0 (0xb07e3000): 9:1195159) (com.android.systemui.ImageWallpaper#0 (0xb07e7000): 1:35026) (Sprite#0 (0xb0733000): 0:317)* (DimLayerController/Stack=0#0 (0xb075a000): 0:3589)* (Sprite#1 (0xb077c000): 0:195)* (animation background stackId=1#0 (0xb039b000): 0:56)* (org.mozilla.fenix.nightly/org.mozilla.fenix.HomeActivity#0 (0xb0264000): 0:45)- (com.android.launcher3/com.android.launcher3.CustomizationPanelLauncher#0 (0xb0763000): 0:41)- (com.android.launcher3/com.android.launcher3.CustomizationPanelLauncher#1 (0xb0771000): 0:11)- (Splash Screen org.mozilla.fenix.nightly#0 (0xb0384000): 0:30)- (org.mozilla.fenix.nightly/org.mozilla.fenix.HomeActivity#0 (0xb0264000): 12:34) (com.android.launcher3/com.android.launcher3.CustomizationPanelLauncher#0 (0xb0763000): 12:16)* (com.android.launcher3/com.android.launcher3.CustomizationPanelLauncher#1 (0xb0771000): 1:3) 
01-11 21:43:28.591  1456  7796 I OpenGLRenderer: Initialized EGL, version 1.4
01-11 21:43:28.592  1456  7796 D OpenGLRenderer: Swap behavior 2
01-11 21:43:28.623  2748  2917 W OpenGLRenderer: Incorrectly called buildLayer on View: ShortcutAndWidgetContainer, destroying layer...
01-11 21:43:28.729 12974 12974 D GeckoRuntime: Lifecycle: onPause
01-11 21:43:28.729 12974 12974 D GeckoNetworkManager: Incoming event stop for state OnWithListeners -> OffWithListeners
01-11 21:43:28.730 12974 12974 I SessionStorage/AutoSave: Save: Background
01-11 21:43:28.732 12974 12997 D SessionStorage/AutoSave: Saved state to disk [1ms]
01-11 21:43:28.735 12974 13084 I libglean_ffi: glean_core::ping: Collecting baseline
01-11 21:43:28.740 12974 13084 D libglean_ffi: glean_core::ping: Storing ping 'd509f710-92f6-49e4-aaaa-d35b5d6d0ad8' at '/data/user/0/org.mozilla.fenix.nightly/glean_data/pending_pings/d509f710-92f6-49e4-aaaa-d35b5d6d0ad8'
01-11 21:43:28.741 12974 13084 I libglean_ffi: glean_core: The ping 'baseline' was submitted and will be sent as soon as possible
01-11 21:43:28.741 12974 13084 I libglean_ffi: glean_core::ping: Collecting events
01-11 21:43:28.744 12974 13084 D libglean_ffi: glean_core::ping: Storing ping 'a16dddb5-7ee3-4d7f-847c-ad7ff8211e7a' at '/data/user/0/org.mozilla.fenix.nightly/glean_data/pending_pings/a16dddb5-7ee3-4d7f-847c-ad7ff8211e7a'
01-11 21:43:28.745 12974 13084 I libglean_ffi: glean_core: The ping 'events' was submitted and will be sent as soon as possible
01-11 21:43:28.771  1456  5050 D ConnectivityService: requestNetwork for uid/pid:10734/12974 NetworkRequest [ TRACK_DEFAULT id=19509, [ Capabilities: INTERNET&NOT_RESTRICTED&TRUSTED&NOT_VPN] ]
01-11 21:43:28.773  1456  2099 D Ethernet: got request NetworkRequest [ TRACK_DEFAULT id=19509, [ Capabilities: INTERNET&NOT_RESTRICTED&TRUSTED&NOT_VPN] ] with score 60
01-11 21:43:28.773  1456  2054 D WIFI_UT : got request NetworkRequest [ TRACK_DEFAULT id=19509, [ Capabilities: INTERNET&NOT_RESTRICTED&TRUSTED&NOT_VPN] ] with score 60
01-11 21:43:28.774  1456  2054 D WIFI    : got request NetworkRequest [ TRACK_DEFAULT id=19509, [ Capabilities: INTERNET&NOT_RESTRICTED&TRUSTED&NOT_VPN] ] with score 60
01-11 21:43:28.774  2398  2398 D PhoneSwitcherNetworkRequstListener: got request NetworkRequest [ TRACK_DEFAULT id=19509, [ Capabilities: INTERNET&NOT_RESTRICTED&TRUSTED&NOT_VPN] ] with score 60
