02-20 21:44:09.163  1456  2196 W ActivityManager: Force removing ActivityRecord{e55f71d u0 org.mozilla.fenix.nightly/org.mozilla.fenix.HomeActivity t28197}: app died, no saved state
02-20 21:44:09.172  1456  2196 I ActivityManager: Killing 19755:org.mozilla.fenix.nightly:socket/u0a1024 (adj 0): stop org.mozilla.fenix.nightly
02-20 21:44:09.176  1456  2196 I ActivityManager: Killing 19734:org.mozilla.fenix.nightly:tab/u0a1024 (adj 0): stop org.mozilla.fenix.nightly
02-20 21:44:09.176  1456  1605 W zygote  : kill(-19644, 9) failed: No such process
02-20 21:44:09.192  1456  1605 W zygote  : kill(-19644, 9) failed: No such process
02-20 21:44:09.192  2398  2398 D CarrierSvcBindHelper: No carrier app for: 0
02-20 21:44:09.193  2398  2398 D CarrierSvcBindHelper: No carrier app for: 1
02-20 21:44:09.210  1456  1605 W zygote  : kill(-19644, 9) failed: No such process
02-20 21:44:09.244  1456  1605 I chatty  : uid=1000(system) ActivityManager identical 2 lines
02-20 21:44:09.252  1456  1673 W ActivityManager: setHasOverlayUi called on unknown pid: 19644
02-20 21:44:09.259  1456  1605 W zygote  : kill(-19644, 9) failed: No such process
02-20 21:44:09.259  1456  1605 I zygote  : Successfully killed process cgroup uid 11024 pid 19644 in 98ms
02-20 21:44:09.260  1456  1605 W zygote  : kill(-19755, 9) failed: No such process
02-20 21:44:09.260  1456  1605 I zygote  : Successfully killed process cgroup uid 11024 pid 19755 in 0ms
02-20 21:44:09.260  1456  1605 W zygote  : kill(-19734, 9) failed: No such process
02-20 21:44:09.260  1456  1605 I zygote  : Successfully killed process cgroup uid 11024 pid 19734 in 0ms
02-20 21:44:09.285  1456  1471 I ActivityManager: START u0 {act=android.intent.action.MAIN cat=[android.intent.category.LAUNCHER] flg=0x10000000 cmp=org.mozilla.fenix.nightly/org.mozilla.fenix.HomeActivity} from uid 2000
02-20 21:44:09.286   794   839 E ANDR-PERF-RESOURCEQS: Failed to apply optimization [4, 0]
02-20 21:44:09.307  1456  2236 I ActivityManager: Start proc 19909:org.mozilla.fenix.nightly/u0a1024 for activity org.mozilla.fenix.nightly/org.mozilla.fenix.HomeActivity
02-20 21:44:09.393 20270 21092 I MicroDetectionState: Should stop hotword detection immediately - false
02-20 21:44:09.393 20270 21092 I MicroDetector: Keeping mic open: false
02-20 21:44:09.394 20270 21092 I RecognitionAudioControl: #shutdownAudio [requestId: -6187995923487018723, keepAudioOpen: false, forced: true]
02-20 21:44:09.394 20270 17075 E DeviceStateChecker: DeviceStateChecker cancelled
02-20 21:44:09.394 20270 21092 I RecognitionAudioControl: #internalShutdownAudio [requestId: -6187995923487018723]
02-20 21:44:09.394 20270 21092 I RecognitionAudioControl: #internalShutdownAudio [keepAudioOpen: false, forced: true]
02-20 21:44:09.394 20270 21092 I RecognitionAudioControl: #actualShutdownAudio
02-20 21:44:09.394 20270 21092 I AudioController: #shutdown [requestId=-6187995923487018723]
02-20 21:44:09.394 20270 21108 I AudioController: internalShutdown
02-20 21:44:09.394 20270 21118 I MicroRecognitionRunner: Stopping hotword detection.
02-20 21:44:09.450   788  1479 D audio_hw_primary: disable_audio_route: usecase(9) reset and update mixer path: audio-record
02-20 21:44:09.452   788  1479 D audio_hw_primary: disable_snd_device: snd_device(120: voice-rec-mic)
02-20 21:44:09.454  1012  1012 D APM_AudioPolicyManager: stopInput() input 153878, session 153985
02-20 21:44:09.455   788  1401 D audio_hw_primary: in_set_parameters: enter: kvpairs=routing=0
02-20 21:44:09.458 20270 21108 I MicrophoneInputStream: mic_close  SR : 16000 CC : 16 SO : 1999
02-20 21:44:09.459 20270 21108 E AudioSource: Stop listening is called on already closed AudioSource
02-20 21:44:09.460 20270 17071 I MicroRecognitionRunner: Detection finished
02-20 21:44:09.464 19909 19909 I chatty  : uid=11024(org.mozilla.fenix.nightly) expire 36 lines
02-20 21:44:09.534 19909 19928 I chatty  : uid=11024(org.mozilla.fenix.nightly) expire 4 lines
02-20 21:44:09.555 19909 19937 I chatty  : uid=11024(org.mozilla.fenix.nightly) expire 11 lines
02-20 21:44:09.558  1456  1471 D ConnectivityService: requestNetwork for uid/pid:11024/19909 NetworkRequest [ TRACK_DEFAULT id=27798, [ Capabilities: INTERNET&NOT_RESTRICTED&TRUSTED&NOT_VPN] ]
02-20 21:44:09.559  1456  2099 D Ethernet: got request NetworkRequest [ TRACK_DEFAULT id=27798, [ Capabilities: INTERNET&NOT_RESTRICTED&TRUSTED&NOT_VPN] ] with score 0
02-20 21:44:09.559  1456  2054 D WIFI_UT : got request NetworkRequest [ TRACK_DEFAULT id=27798, [ Capabilities: INTERNET&NOT_RESTRICTED&TRUSTED&NOT_VPN] ] with score 0
02-20 21:44:09.559  1456  2054 D WIFI    : got request NetworkRequest [ TRACK_DEFAULT id=27798, [ Capabilities: INTERNET&NOT_RESTRICTED&TRUSTED&NOT_VPN] ] with score 0
02-20 21:44:09.559  2398  2398 D PhoneSwitcherNetworkRequstListener: got request NetworkRequest [ TRACK_DEFAULT id=27798, [ Capabilities: INTERNET&NOT_RESTRICTED&TRUSTED&NOT_VPN] ] with score 0
02-20 21:44:09.584 19909 19936 I chatty  : uid=11024(org.mozilla.fenix.nightly) expire 11 lines
02-20 21:44:09.615 19909 19944 I chatty  : uid=11024(org.mozilla.fenix.nightly) expire 30 lines
02-20 21:44:09.701 19909 19947 I chatty  : uid=11024(org.mozilla.fenix.nightly) expire 1 line
02-20 21:44:09.739 19909 19958 I chatty  : uid=11024(org.mozilla.fenix.nightly) expire 10 lines
02-20 21:44:09.827 19909 19914 I chatty  : uid=11024(org.mozilla.fenix.nightly) expire 8 lines
02-20 21:44:10.086 19909 19978 I chatty  : uid=11024(org.mozilla.fenix.nightly) expire 9 lines
02-20 21:44:10.156  1456  4797 I ActivityManager: Start proc 19998:org.mozilla.fenix.nightly:tab/u0a1024 for service org.mozilla.fenix.nightly/org.mozilla.gecko.process.GeckoServiceChildProcess$tab
02-20 21:44:10.280  1456  2401 I ActivityManager: Start proc 20018:org.mozilla.fenix.nightly:socket/u0a1024 for service org.mozilla.fenix.nightly/org.mozilla.gecko.process.GeckoServiceChildProcess$socket
02-20 21:44:10.291 19998 19998 I chatty  : uid=11024(org.mozilla.fenix.nightly) expire 1 line
02-20 21:44:10.292 19998 20031 I chatty  : uid=11024(org.mozilla.fenix.nightly) expire 1 line
02-20 21:44:10.393 20018 20018 I chatty  : uid=11024(org.mozilla.fenix.nightly) expire 1 line
02-20 21:44:10.394 20018 20035 I chatty  : uid=11024(org.mozilla.fenix.nightly) expire 15 lines
02-20 21:44:10.407  1456  2401 I ActivityManager: Displayed org.mozilla.fenix.nightly/org.mozilla.fenix.HomeActivity: +1s113ms
02-20 21:44:10.408  1456  2401 I ActivityManager: Fully drawn org.mozilla.fenix.nightly/org.mozilla.fenix.HomeActivity: +1s113ms
02-20 21:44:10.466 19909 20040 I chatty  : uid=11024(org.mozilla.fenix.nightly) expire 1 line
02-20 21:44:10.493  1456  1673 I LaunchCheckinHandler: Displayed org.mozilla.fenix.nightly/org.mozilla.fenix.HomeActivity,cp,ca,1199
02-20 21:44:10.507   808   808 I SFPerfTracer:      triggers: (rate: 51:555015) (compose: 0:6) (post: 0:19) (render: 0:16) (0:5034775 frames) (1:6684756)
02-20 21:44:10.508   808   808 D SFPerfTracer:        layers: (3:15) (NavigationBar#0 (0xb07df000): 0:596092) (StatusBar#0 (0xb07e3000): 0:1600448) (com.android.systemui.ImageWallpaper#0 (0xb07e7000): 0:52301)* (Sprite#0 (0xb0733000): 0:317)* (DimLayerController/Stack=0#0 (0xb075a000): 0:3734)* (Sprite#1 (0xb077c000): 0:195)* (animation background stackId=1#0 (0xb039b000): 0:108)* (com.android.launcher3/com.android.launcher3.CustomizationPanelLauncher#0 (0xb0763000): 0:40)- (com.android.launcher3/com.android.launcher3.CustomizationPanelLauncher#1 (0xb0771000): 0:12)- (Splash Screen org.mozilla.fenix.nightly#0 (0xb0384000): 0:31)- (org.mozilla.fenix.nightly/org.mozilla.fenix.HomeActivity#0 (0xb013a000): 0:46)- (com.android.launcher3/com.android.launcher3.CustomizationPanelLauncher#0 (0xb0763000): 0:41)* (com.android.launcher3/com.android.launcher3.CustomizationPanelLauncher#1 (0xb0771000): 0:11)* (Splash Screen org.mozilla.fenix.nightly#0 (0xb0384000): 1:21) (org.mozilla.fenix.nightly/org.mozilla.fenix.HomeActivity#0 (0xb013a000): 1:3)* 
02-20 21:44:10.579 17292 17292 I Finsky  : [2] ppb.onTrimMemory(1): Memory trim requested to level 80
02-20 21:44:10.597 20270 20270 I MemoryTrimmer: Trimming objects from memory, since app is in the background.
02-20 21:44:10.608 20270 21092 E AudioSource: Stop listening is called on already closed AudioSource
02-20 21:44:10.610 20270 20270 I MemoryTrimmer: Trimming objects from memory, since app is in the background.
02-20 21:44:10.611 20270 17367 I PBSessionCacheImpl: Deleted sessionId[89149984825577881] from persistence.
02-20 21:44:10.617  1456 10736 I WifiService: getWifiEnabledState uid=10073
02-20 21:44:10.620 20270 21092 I DEBUG   : OpaToSrpTransitionState#onStateChanged#notNullQuery
02-20 21:44:10.622 20270 21092 I DEBUG   : OpaToSrpTransitionState#onStateChanged#notNullQuery
02-20 21:44:10.626 20270 21092 W SearchServiceCore: Abort, client detached.
02-20 21:44:11.453 19909 20092 I chatty  : uid=11024(org.mozilla.fenix.nightly) expire 2 lines
02-20 21:44:11.457  1023 20099 D libc    : Internal error: netid(0), id(0xb406), server(0.0.0.0)
02-20 21:44:11.457  1023 20099 D libc    : Internal error: netid(0), id(0xb406), server(0.0.0.0)
02-20 21:44:11.458  1023 20099 D libc    : Internal error: netid(0), id(0x217), server(0.0.0.0)
02-20 21:44:11.458  1023 20099 D libc    : Internal error: netid(0), id(0x217), server(0.0.0.0)
02-20 21:44:11.604  1023 20103 D libc    : Internal error: netid(0), id(0x5d4f), server(0.0.0.0)
02-20 21:44:11.604  1023 20103 D libc    : Internal error: netid(0), id(0x5d4f), server(0.0.0.0)
02-20 21:44:11.604  1023 20103 D libc    : Internal error: netid(0), id(0xce3a), server(0.0.0.0)
02-20 21:44:11.605  1023 20103 D libc    : Internal error: netid(0), id(0xce3a), server(0.0.0.0)
02-20 21:44:11.606  1023 20107 D libc    : Internal error: netid(0), id(0xf729), server(0.0.0.0)
02-20 21:44:11.606  1023 20107 D libc    : Internal error: netid(0), id(0xf729), server(0.0.0.0)
02-20 21:44:11.606  1023 20107 D libc    : Internal error: netid(0), id(0x2b68), server(0.0.0.0)
02-20 21:44:11.607  1023 20107 D libc    : Internal error: netid(0), id(0x2b68), server(0.0.0.0)
02-20 21:44:11.609  1023 20111 D libc    : Internal error: netid(0), id(0xb76f), server(0.0.0.0)
02-20 21:44:11.609  1023 20111 D libc    : Internal error: netid(0), id(0xb76f), server(0.0.0.0)
02-20 21:44:11.610  1023 20111 D libc    : Internal error: netid(0), id(0x191b), server(0.0.0.0)
02-20 21:44:11.610  1023 20111 D libc    : Internal error: netid(0), id(0x191b), server(0.0.0.0)
02-20 21:44:11.643 19909 19938 I chatty  : uid=11024(org.mozilla.fenix.nightly) expire 1 line
02-20 21:44:11.644 19909 19972 I chatty  : uid=11024(org.mozilla.fenix.nightly) expire 1 line
02-20 21:44:11.644 19909 19968 I chatty  : uid=11024(org.mozilla.fenix.nightly) expire 1 line
02-20 21:44:11.683 19909 20122 I chatty  : uid=11024(org.mozilla.fenix.nightly) expire 1 line
02-20 21:44:14.944 20146 20146 D AndroidRuntime: >>>>>> START com.android.internal.os.RuntimeInit uid 2000 <<<<<<
02-20 21:44:14.957 20146 20146 W app_process: Could not reserve sentinel fault page
02-20 21:44:15.122 20146 20146 I app_process: The ClassLoaderContext is a special shared library.
02-20 21:44:15.194 20146 20146 D AndroidRuntime: Calling main entry com.android.commands.input.Input
02-20 21:44:15.196 20146 20146 I Input   : injectKeyEvent: KeyEvent { action=ACTION_DOWN, keyCode=KEYCODE_HOME, scanCode=0, metaState=0, flags=0x0, repeatCount=0, eventTime=14329110476, downTime=14329110476, deviceId=-1, source=0x101 }
02-20 21:44:15.205 20146 20146 I Input   : injectKeyEvent: KeyEvent { action=ACTION_UP, keyCode=KEYCODE_HOME, scanCode=0, metaState=0, flags=0x0, repeatCount=0, eventTime=14329110476, downTime=14329110476, deviceId=-1, source=0x101 }
02-20 21:44:15.212  1456  1941 I ActivityManager: START u0 {act=android.intent.action.MAIN cat=[android.intent.category.HOME] flg=0x10200000 cmp=com.android.launcher3/.CustomizationPanelLauncher (has extras)} from uid 1000
02-20 21:44:15.212   794   839 E ANDR-PERF-RESOURCEQS: Failed to apply optimization [4, 0]
02-20 21:44:15.224  1456  1941 I ActivityManager: moveHomeStack, setupComplete:true
02-20 21:44:15.228 20146 20146 D AndroidRuntime: Shutting down VM
02-20 21:44:15.239 20270 23357 I Adreno  : QUALCOMM build                   : bb5b86c, I77d3059488
02-20 21:44:15.239 20270 23357 I Adreno  : Build Date                       : 06/07/18
02-20 21:44:15.239 20270 23357 I Adreno  : OpenGL ES Shader Compiler Version: EV031.22.00.01_06
02-20 21:44:15.239 20270 23357 I Adreno  : Local Branch                     : 
02-20 21:44:15.239 20270 23357 I Adreno  : Remote Branch                    : refs/tags/AU_LINUX_ANDROID_LA.UM.6.5.R1.08.01.00.312.086
02-20 21:44:15.239 20270 23357 I Adreno  : Remote Branch                    : NONE
02-20 21:44:15.239 20270 23357 I Adreno  : Reconstruct Branch               : NOTHING
02-20 21:44:15.242 20270 23357 D vndksupport: Loading /vendor/lib/hw/gralloc.msm8937.so from current namespace instead of sphal namespace.
02-20 21:44:15.246 20270 23357 I Adreno  : PFP: 0x005ff087, ME: 0x005ff063
02-20 21:44:15.249  2748  2748 D Launcher.Utilities: Wakeup weather: Intent { act=com.motorola.launcher3.action.WAKEUP_WEATHER cmp=com.motorola.timeweatherwidget/com.motorola.commandcenter.weather.WakeUpService }
02-20 21:44:15.250 20270 23357 I zygote  : android::hardware::configstore::V1_0::ISurfaceFlingerConfigs::hasWideColorDisplay retrieved: 0
02-20 21:44:15.251 20270 23357 I OpenGLRenderer: Initialized EGL, version 1.4
02-20 21:44:15.252 20270 23357 D OpenGLRenderer: Swap behavior 2
02-20 21:44:15.262  1456  1456 I NotificationService: Cannot find enqueued record for key: 0|com.motorola.timeweatherwidget|1|null|10116
02-20 21:44:15.268   808   808 D SurfaceFlinger: duplicate layer name: changing com.android.launcher3/com.android.launcher3.CustomizationPanelLauncher to com.android.launcher3/com.android.launcher3.CustomizationPanelLauncher#1
02-20 21:44:15.277 20270 20270 W ThreadPoolDumper: Queue length for executor EventBus is now 11. Perhaps some tasks are too long, or the pool is too small.
02-20 21:44:15.282  1456  2401 I WifiService: getWifiEnabledState uid=10073
02-20 21:44:15.296  1456  2236 I WifiService: getWifiEnabledState uid=10073
02-20 21:44:15.306 17292 17292 I Finsky  : [2] ppb.onTrimMemory(1): Memory trim requested to level 80
02-20 21:44:15.307 20270 21092 I DEBUG   : OpaToSrpTransitionState#onStateChanged#notNullQuery
02-20 21:44:15.308 20270 21092 I DEBUG   : OpaToSrpTransitionState#onStateChanged#notNullQuery
02-20 21:44:15.324 20270 21092 I MicroDetectionState: Should stop hotword detection immediately - false
02-20 21:44:15.328 20270 21092 I MicroDetectionWorker: #startMicroDetector [speakerMode: 0]
02-20 21:44:15.329 20270 21092 I AudioController: Created new AudioSource
02-20 21:44:15.354 20270 21118 I MicroDataManager: isInitializedWithLatestParams-true
02-20 21:44:15.354 20270 21118 I MicroDataManager: isInitializing-false locale not changed-true model not changed-true
02-20 21:44:15.354 20270 21118 I MicroDataManager: Already initialized, obtaining the hotword data immediately.
02-20 21:44:15.356  1456  1673 I LaunchCheckinHandler: Displayed com.android.launcher3/.CustomizationPanelLauncher,wp,wa,144
02-20 21:44:15.359 20270 17075 I MicroRecognitionRunner: Starting detection.
02-20 21:44:15.359 20270 17075 I InputStreamUtils: Using micInputStream
02-20 21:44:15.360 20270 17367 I MicrophoneInputStream: mic_starting  SR : 16000 CC : 16 SO : 1999
02-20 21:44:15.362   788  1401 V msm8974_platform: platform_check_input_mask: enter check_input_mask source 6 mask 10
02-20 21:44:15.364  1012 20160 I AudioFlinger: AudioFlinger's thread 0xb2483980 tid=20160 ready to run
02-20 21:44:15.369   788  1401 D audio_hw_primary: in_set_parameters: enter: kvpairs=input_source=6;routing=-2147483644
02-20 21:44:15.371  1012 19368 D APM_AudioPolicyManager: AudioPolicyManager::startInput() input 153886, session 153993, source = 1999
02-20 21:44:15.371 20270 17367 I MicrophoneInputStream: mic_started  SR : 16000 CC : 16 SO : 1999
02-20 21:44:15.373   788 20161 V msm8974_platform: platform_update_usecase_from_source: input source :6
02-20 21:44:15.373   788 20161 V msm8974_platform: platform_check_input_mask: enter check_input_mask source 6 mask 10
02-20 21:44:15.373   788 20161 V msm8974_platform: platform_get_input_snd_device: enter: out_device(0) in_device(0x4) channel_count (1) channel_mask (0x10)
02-20 21:44:15.373   788 20161 V msm8974_platform: platform_get_input_snd_device: exit: in_snd_device(voice-rec-mic)
02-20 21:44:15.373   788 20161 V msm8974_platform: platform_get_backend_index:napb: backend port - 5 device - 120 
02-20 21:44:15.373   788 20161 V msm8974_platform: platform_check_and_set_capture_backend_cfg:txbecf: afe: bitwidth 0, samplerate 0, channel 1, backend_idx 5 usecase = 9 device (voice-rec-mic)
02-20 21:44:15.373   788 20161 V msm8974_platform: platform_check_capture_backend_cfg:txbecf: afe: Codec selected backend: 5 current bit width: 0 and sample rate: 0, channels 1
02-20 21:44:15.373   788 20161 V msm8974_platform: platform_check_capture_backend_cfg:txbecf: afe: Codec selected backend: 5 updated bit width: 0 and sample rate: 0
02-20 21:44:15.373   788 20161 I msm8974_platform: platform_check_capture_backend_cfg:txbecf: afe: Codec backend needs to be updated. new bit width: 0 new sample rate: 0 new channel: 1
02-20 21:44:15.373   788 20161 V msm8974_platform: platform_get_backend_index:napb: backend port - 5 device - 120 
02-20 21:44:15.373   788 20161 V msm8974_platform: platform_set_backend_cfg:becf: afe: bitwidth 0, samplerate 0 channels 1, backend_idx 5 device (voice-rec-mic)
02-20 21:44:15.374   788 20161 E msm8974_platform: platform_set_backend_cfg:becf: afe: Could not get ctl for mixer command - SLIM_0_TX Format
02-20 21:44:15.374   788 20161 V msm8974_platform: platform_send_audio_calibration: sending audio calibration for snd_device(120) acdb_id(62)
02-20 21:44:15.374   788 20161 D ACDB-LOADER: ACDB -> send_audio_cal, acdb_id = 62, path = 1, app id = 0x11130, sample rate = 48000
02-20 21:44:15.374   788 20161 D ACDB-LOADER: ACDB -> send_asm_topology
02-20 21:44:15.374   788 20161 D ACDB-LOADER: ACDB -> ACDB_CMD_GET_AUDPROC_STREAM_TOPOLOGY_ID
02-20 21:44:15.374   788 20161 D ACDB-LOADER: ACDB -> send_adm_topology
02-20 21:44:15.374   788 20161 D ACDB-LOADER: ACDB -> ACDB_CMD_GET_AUDPROC_COMMON_TOPOLOGY_ID
02-20 21:44:15.374   788 20161 D ACDB-LOADER: ACDB -> send_audtable
02-20 21:44:15.374   788 20161 D ACDB-LOADER: ACDB -> ACDB_CMD_GET_AUDPROC_COMMON_TABLE_SIZE
02-20 21:44:15.374   788 20161 D ACDB-LOADER: ACDB -> ACDB_CMD_GET_AUDPROC_COMMON_TABLE
02-20 21:44:15.374   788 20161 D ACDB-LOADER: ACDB -> AUDIO_SET_AUDPROC_CAL
02-20 21:44:15.374   788 20161 D ACDB-LOADER: ACDB -> send_audvoltable
02-20 21:44:15.374   788 20161 D ACDB-LOADER: ACDB -> ACDB_CMD_GET_AUDPROC_VOL_STEP_TABLE_SIZE
02-20 21:44:15.374   788 20161 D ACDB-LOADER: ACDB -> ACDB_CMD_GET_AUDPROC_GAIN_DEP_STEP_TABLE, vol index 0
02-20 21:44:15.374   788 20161 D         : Failed to fetch the lookup information of the device 0000003E 
02-20 21:44:15.374   788 20161 D ACDB-LOADER: ACDB -> AUDIO_SET_VOL_CAL cal type = 12
02-20 21:44:15.374   788 20161 D ACDB-LOADER: ACDB -> ACDB_CMD_GET_AUDPROC_STREAM_TABLE_SIZE
02-20 21:44:15.374   788 20161 D ACDB-LOADER: ACDB -> send_audstrmtable
02-20 21:44:15.374   788 20161 D ACDB-LOADER: ACDB -> ACDB_CMD_GET_AUDPROC_STREAM_TABLE_V2
02-20 21:44:15.374   788 20161 D ACDB-LOADER: ACDB -> audstrm_cal->cal_type.cal_data.cal_size = 456
02-20 21:44:15.374   788 20161 D ACDB-LOADER: ACDB -> send_afe_topology
02-20 21:44:15.374   788 20161 D ACDB-LOADER: ACDB -> ACDB_CMD_GET_AFE_TOPOLOGY_ID
02-20 21:44:15.374   788 20161 D ACDB-LOADER: ACDB -> GET_AFE_TOPOLOGY_ID for adcd_id 62, Topology Id 112fb
02-20 21:44:15.374   788 20161 D ACDB-LOADER: ACDB -> send_afe_cal
02-20 21:44:15.374   788 20161 D ACDB-LOADER: ACDB -> ACDB_CMD_GET_AFE_COMMON_TABLE_SIZE
02-20 21:44:15.374   788 20161 D         : Failed to fetch the lookup information of the device 0000003E 
02-20 21:44:15.374   788 20161 E ACDB-LOADER: Error: ACDB_CMD_GET_AFE_COMMON_TABLE_SIZE Returned = -19
02-20 21:44:15.374   788 20161 D ACDB-LOADER: ACDB -> ACDB_CMD_GET_AFE_COMMON_TABLE
02-20 21:44:15.374   788 20161 D         : Failed to fetch the lookup information of the device 0000003E 
02-20 21:44:15.374   788 20161 D ACDB-LOADER: ACDB -> AUDIO_SET_AFE_CAL
02-20 21:44:15.374   788 20161 D ACDB-LOADER: ACDB -> send_hw_delay : acdb_id = 62 path = 1
02-20 21:44:15.374   788 20161 D ACDB-LOADER: ACDB -> ACDB_AVSYNC_INFO: ACDB_CMD_GET_DEVICE_PROPERTY
02-20 21:44:15.374   788 20161 D audio_hw_primary: enable_snd_device: snd_device(120: voice-rec-mic)
02-20 21:44:15.374   788 20161 D audio_route: Apply path: voice-rec-mic
02-20 21:44:15.377   788 20161 V msm8974_platform: platform_get_snd_device_backend_index: enter with device 120
02-20 21:44:15.377   788 20161 E msm8974_platform: platform_get_snd_device_backend_index: BE DAI Name Table is not present
02-20 21:44:15.377   788 20161 V msm8974_platform: platform_get_backend_index:napb: backend port - 5 device - 120 
02-20 21:44:15.377   788 20161 I audio_hw_utils: Set Audio Stream Capture 0 App Type Cfg: app_type 69936, acdb_dev_id 62, sample_rate 48000, snd_device_be_idx -14
02-20 21:44:15.377   788 20161 D audio_hw_primary: enable_audio_route: usecase(9) apply and update mixer path: audio-record
02-20 21:44:15.377   788 20161 D audio_route: Apply path: audio-record
02-20 21:44:15.446 20270 21092 I MicroDetectionWorker: onReady
02-20 21:44:15.758  1456  7796 I OpenGLRenderer: Initialized EGL, version 1.4
02-20 21:44:15.758  1456  7796 D OpenGLRenderer: Swap behavior 2
02-20 21:44:15.818  2748  2917 W OpenGLRenderer: Incorrectly called buildLayer on View: ShortcutAndWidgetContainer, destroying layer...
02-20 21:44:15.918 19909 19909 I chatty  : uid=11024(org.mozilla.fenix.nightly) expire 2 lines
02-20 21:44:15.921 19909 19972 I chatty  : uid=11024(org.mozilla.fenix.nightly) expire 1 line
02-20 21:44:15.925 19909 19936 I chatty  : uid=11024(org.mozilla.fenix.nightly) expire 6 lines
02-20 21:44:15.950   808   898 I SFPerfTracer:      triggers: (rate: 0:1) (0 sw vsyncs) (0 skipped) (37:3873220 vsyncs) (39:6743818)
02-20 21:44:16.074  1456  1466 I zygote  : NativeAlloc concurrent copying GC freed 25996(1552KB) AllocSpace objects, 15(556KB) LOS objects, 39% free, 36MB/60MB, paused 150us total 316.128ms
02-20 21:44:20.370  1456  2401 I ActivityManager: Force stopping org.mozilla.fenix.nightly appid=11024 user=0: from pid 20165
02-20 21:44:20.370  1456  2401 I ActivityManager: Killing 19909:org.mozilla.fenix.nightly/u0a1024 (adj 700): stop org.mozilla.fenix.nightly
02-20 21:44:20.373 20018 20018 I chatty  : uid=11024(org.mozilla.fenix.nightly) expire 1 line
02-20 21:44:20.373  1456  1605 W zygote  : kill(-19909, 9) failed: No such process
02-20 21:44:20.373 19998 19998 I chatty  : uid=11024(org.mozilla.fenix.nightly) expire 1 line
02-20 21:44:20.374  1456  2401 W ActivityManager: Force removing ActivityRecord{c42437b u0 org.mozilla.fenix.nightly/org.mozilla.fenix.HomeActivity t28198}: app died, no saved state
02-20 21:44:20.382  1456  2401 I ActivityManager: Killing 20018:org.mozilla.fenix.nightly:socket/u0a1024 (adj 0): stop org.mozilla.fenix.nightly
02-20 21:44:20.386  1456  2401 I ActivityManager: Killing 19998:org.mozilla.fenix.nightly:tab/u0a1024 (adj 0): stop org.mozilla.fenix.nightly
02-20 21:44:20.389  1456  1605 W zygote  : kill(-19909, 9) failed: No such process
02-20 21:44:20.400  2398  2398 D CarrierSvcBindHelper: No carrier app for: 0
02-20 21:44:20.400  2398  2398 D CarrierSvcBindHelper: No carrier app for: 1
02-20 21:44:20.411  1456  1605 W zygote  : kill(-19909, 9) failed: No such process
02-20 21:44:20.455  1456 10962 D ConnectivityService: ConnectivityService NetworkRequestInfo binderDied(NetworkRequest [ TRACK_DEFAULT id=27798, [ Capabilities: INTERNET&NOT_RESTRICTED&TRUSTED&NOT_VPN] ], android.os.BinderProxy@409d293)
02-20 21:44:20.456  1456  2067 D ConnectivityService: releasing NetworkRequest [ TRACK_DEFAULT id=27798, [ Capabilities: INTERNET&NOT_RESTRICTED&TRUSTED&NOT_VPN] ] (release request)
02-20 21:44:20.456  1456  1673 W ActivityManager: setHasOverlayUi called on unknown pid: 19909
02-20 21:44:20.457  1456  1605 I chatty  : uid=1000(system) ActivityManager identical 6 lines
02-20 21:44:20.472  1456  1605 W zygote  : kill(-19909, 9) failed: No such process
02-20 21:44:20.473  1456  1605 I zygote  : Successfully killed process cgroup uid 11024 pid 19909 in 99ms
02-20 21:44:20.473  1456  1605 W zygote  : kill(-20018, 9) failed: No such process
02-20 21:44:20.473  1456  1605 I zygote  : Successfully killed process cgroup uid 11024 pid 20018 in 0ms
02-20 21:44:20.473  1456  1605 W zygote  : kill(-19998, 9) failed: No such process
02-20 21:44:20.473  1456  1605 I zygote  : Successfully killed process cgroup uid 11024 pid 19998 in 0ms
02-20 21:44:20.493  1456  5907 I ActivityManager: START u0 {act=android.intent.action.MAIN cat=[android.intent.category.LAUNCHER] flg=0x10000000 cmp=org.mozilla.fenix.nightly/org.mozilla.fenix.HomeActivity} from uid 2000
02-20 21:44:20.494   794   839 E ANDR-PERF-RESOURCEQS: Failed to apply optimization [4, 0]
02-20 21:44:20.513  1456  4802 I ActivityManager: Start proc 20172:org.mozilla.fenix.nightly/u0a1024 for activity org.mozilla.fenix.nightly/org.mozilla.fenix.HomeActivity
02-20 21:44:20.601 20270 21092 I MicroDetectionState: Should stop hotword detection immediately - false
02-20 21:44:20.601 20270 21092 I MicroDetector: Keeping mic open: false
02-20 21:44:20.601 20270 21092 I RecognitionAudioControl: #shutdownAudio [requestId: -487576675126335530, keepAudioOpen: false, forced: true]
02-20 21:44:20.601 20270 17071 E DeviceStateChecker: DeviceStateChecker cancelled
02-20 21:44:20.601 20270 21092 I RecognitionAudioControl: #internalShutdownAudio [requestId: -487576675126335530]
02-20 21:44:20.602 20270 21092 I RecognitionAudioControl: #internalShutdownAudio [keepAudioOpen: false, forced: true]
02-20 21:44:20.602 20270 21092 I RecognitionAudioControl: #actualShutdownAudio
02-20 21:44:20.602 20270 21092 I AudioController: #shutdown [requestId=-487576675126335530]
02-20 21:44:20.602 20270 21132 I AudioController: internalShutdown
02-20 21:44:20.602 20270 21107 I MicroRecognitionRunner: Stopping hotword detection.
02-20 21:44:20.643   788  1401 D audio_hw_primary: disable_audio_route: usecase(9) reset and update mixer path: audio-record
02-20 21:44:20.644   788  1401 D audio_hw_primary: disable_snd_device: snd_device(120: voice-rec-mic)
02-20 21:44:20.645  1012  8317 D APM_AudioPolicyManager: stopInput() input 153886, session 153993
02-20 21:44:20.647   788  1401 D audio_hw_primary: in_set_parameters: enter: kvpairs=routing=0
02-20 21:44:20.649 20270 21132 I MicrophoneInputStream: mic_close  SR : 16000 CC : 16 SO : 1999
02-20 21:44:20.649 20270 21132 E AudioSource: Stop listening is called on already closed AudioSource
02-20 21:44:20.651 20270 17075 I MicroRecognitionRunner: Detection finished
02-20 21:44:20.667 20172 20172 I chatty  : uid=11024(org.mozilla.fenix.nightly) expire 38 lines
02-20 21:44:20.739 20172 20191 I chatty  : uid=11024(org.mozilla.fenix.nightly) expire 4 lines
02-20 21:44:20.762 20172 20198 I chatty  : uid=11024(org.mozilla.fenix.nightly) expire 11 lines
02-20 21:44:20.784 20172 20197 I chatty  : uid=11024(org.mozilla.fenix.nightly) expire 17 lines
02-20 21:44:20.820 20172 20204 I chatty  : uid=11024(org.mozilla.fenix.nightly) expire 30 lines
02-20 21:44:20.905 20172 20207 I chatty  : uid=11024(org.mozilla.fenix.nightly) expire 1 line
02-20 21:44:20.943 20172 20220 I chatty  : uid=11024(org.mozilla.fenix.nightly) expire 10 lines
02-20 21:44:21.033 20172 20177 I chatty  : uid=11024(org.mozilla.fenix.nightly) expire 8 lines
02-20 21:44:21.304 20172 20243 I chatty  : uid=11024(org.mozilla.fenix.nightly) expire 9 lines
02-20 21:44:21.352  1456  5031 I ActivityManager: Start proc 20262:org.mozilla.fenix.nightly:tab/u0a1024 for service org.mozilla.fenix.nightly/org.mozilla.gecko.process.GeckoServiceChildProcess$tab
02-20 21:44:21.480 20262 20262 I chatty  : uid=11024(org.mozilla.fenix.nightly) expire 2 lines
02-20 21:44:21.481 20262 20309 I chatty  : uid=11024(org.mozilla.fenix.nightly) expire 1 line
02-20 21:44:21.485  1456  4802 I ActivityManager: Start proc 20311:org.mozilla.fenix.nightly:socket/u0a1024 for service org.mozilla.fenix.nightly/org.mozilla.gecko.process.GeckoServiceChildProcess$socket
02-20 21:44:21.597 20311 20311 I chatty  : uid=11024(org.mozilla.fenix.nightly) expire 2 lines
02-20 21:44:21.598 20311 20332 I chatty  : uid=11024(org.mozilla.fenix.nightly) expire 15 lines
02-20 21:44:21.607  1456  4802 I ActivityManager: Displayed org.mozilla.fenix.nightly/org.mozilla.fenix.HomeActivity: +1s106ms
02-20 21:44:21.607  1456  4802 I ActivityManager: Fully drawn org.mozilla.fenix.nightly/org.mozilla.fenix.HomeActivity: +1s106ms
02-20 21:44:21.668 20172 20337 I chatty  : uid=11024(org.mozilla.fenix.nightly) expire 1 line
02-20 21:44:21.690  1456  1673 I LaunchCheckinHandler: Displayed org.mozilla.fenix.nightly/org.mozilla.fenix.HomeActivity,cp,ca,1189
02-20 21:44:21.779 17292 17292 I Finsky  : [2] ppb.onTrimMemory(1): Memory trim requested to level 80
02-20 21:44:21.793 20270 20270 I MemoryTrimmer: Trimming objects from memory, since app is in the background.
02-20 21:44:21.805 20270 21092 E AudioSource: Stop listening is called on already closed AudioSource
02-20 21:44:21.809 20270 17367 I PBSessionCacheImpl: Deleted sessionId[89149984825577886] from persistence.
02-20 21:44:21.810 20270 20270 I MemoryTrimmer: Trimming objects from memory, since app is in the background.
02-20 21:44:21.814  1456  5907 I WifiService: getWifiEnabledState uid=10073
02-20 21:44:21.818 20270 21092 I DEBUG   : OpaToSrpTransitionState#onStateChanged#notNullQuery
02-20 21:44:21.819 20270 21092 I DEBUG   : OpaToSrpTransitionState#onStateChanged#notNullQuery
02-20 21:44:21.822 20270 21092 W SearchServiceCore: Abort, client detached.
02-20 21:44:21.868   808   808 I SFPerfTracer:      triggers: (rate: 51:555016) (compose: 0:6) (post: 0:19) (render: 0:16) (2:5034846 frames) (3:6684856)
02-20 21:44:21.869   808   808 D SFPerfTracer:        layers: (4:15) (NavigationBar#0 (0xb07df000): 0:596113) (StatusBar#0 (0xb07e3000): 0:1600470) (com.android.systemui.ImageWallpaper#0 (0xb07e7000): 0:52303)* (Sprite#0 (0xb0733000): 0:317)* (DimLayerController/Stack=0#0 (0xb075a000): 0:3734)* (Sprite#1 (0xb077c000): 0:195)* (animation background stackId=1#0 (0xb039b000): 0:108)* (com.android.launcher3/com.android.launcher3.CustomizationPanelLauncher#0 (0xb0763000): 0:41)- (com.android.launcher3/com.android.launcher3.CustomizationPanelLauncher#1 (0xb0771000): 0:11)- (Splash Screen org.mozilla.fenix.nightly#0 (0xb0384000): 0:31)- (org.mozilla.fenix.nightly/org.mozilla.fenix.HomeActivity#0 (0xb013a000): 0:46)- (com.android.launcher3/com.android.launcher3.CustomizationPanelLauncher#0 (0xb0763000): 0:39)- (com.android.launcher3/com.android.launcher3.CustomizationPanelLauncher#1 (0xb0771000): 0:10)- (Splash Screen org.mozilla.fenix.nightly#0 (0xb0384000): 3:30) (org.mozilla.fenix.nightly/org.mozilla.fenix.HomeActivity#0 (0xb013a000): 3:13) 
02-20 21:44:22.644 20172 20393 I chatty  : uid=11024(org.mozilla.fenix.nightly) expire 2 lines
02-20 21:44:22.649  1023 20400 D libc    : Internal error: netid(0), id(0xf410), server(0.0.0.0)
02-20 21:44:22.649  1023 20400 D libc    : Internal error: netid(0), id(0xf410), server(0.0.0.0)
02-20 21:44:22.649  1023 20400 D libc    : Internal error: netid(0), id(0x6b1a), server(0.0.0.0)
02-20 21:44:22.649  1023 20400 D libc    : Internal error: netid(0), id(0x6b1a), server(0.0.0.0)
02-20 21:44:22.795  1023 20405 D libc    : Internal error: netid(0), id(0x2221), server(0.0.0.0)
02-20 21:44:22.796  1023 20405 D libc    : Internal error: netid(0), id(0x2221), server(0.0.0.0)
02-20 21:44:22.796  1023 20405 D libc    : Internal error: netid(0), id(0x546c), server(0.0.0.0)
02-20 21:44:22.796  1023 20405 D libc    : Internal error: netid(0), id(0x546c), server(0.0.0.0)
02-20 21:44:22.797  1023 20407 D libc    : Internal error: netid(0), id(0x5619), server(0.0.0.0)
02-20 21:44:22.798  1023 20407 D libc    : Internal error: netid(0), id(0x5619), server(0.0.0.0)
02-20 21:44:22.798  1023 20407 D libc    : Internal error: netid(0), id(0x916a), server(0.0.0.0)
02-20 21:44:22.798  1023 20407 D libc    : Internal error: netid(0), id(0x916a), server(0.0.0.0)
02-20 21:44:22.800  1023 20412 D libc    : Internal error: netid(0), id(0xf72f), server(0.0.0.0)
02-20 21:44:22.800  1023 20412 D libc    : Internal error: netid(0), id(0xf72f), server(0.0.0.0)
02-20 21:44:22.801  1023 20412 D libc    : Internal error: netid(0), id(0xe775), server(0.0.0.0)
02-20 21:44:22.801  1023 20412 D libc    : Internal error: netid(0), id(0xe775), server(0.0.0.0)
02-20 21:44:22.837 20172 20200 I chatty  : uid=11024(org.mozilla.fenix.nightly) expire 1 line
02-20 21:44:22.837 20172 20236 I chatty  : uid=11024(org.mozilla.fenix.nightly) expire 2 lines
02-20 21:44:22.838 20172 20230 I chatty  : uid=11024(org.mozilla.fenix.nightly) expire 1 line
02-20 21:44:26.153 20445 20445 D AndroidRuntime: >>>>>> START com.android.internal.os.RuntimeInit uid 2000 <<<<<<
02-20 21:44:26.166 20445 20445 W app_process: Could not reserve sentinel fault page
02-20 21:44:26.331 20445 20445 I app_process: The ClassLoaderContext is a special shared library.
02-20 21:44:26.403 20445 20445 D AndroidRuntime: Calling main entry com.android.commands.input.Input
02-20 21:44:26.404 20445 20445 I Input   : injectKeyEvent: KeyEvent { action=ACTION_DOWN, keyCode=KEYCODE_HOME, scanCode=0, metaState=0, flags=0x0, repeatCount=0, eventTime=14329121683, downTime=14329121683, deviceId=-1, source=0x101 }
02-20 21:44:26.411 20445 20445 I Input   : injectKeyEvent: KeyEvent { action=ACTION_UP, keyCode=KEYCODE_HOME, scanCode=0, metaState=0, flags=0x0, repeatCount=0, eventTime=14329121683, downTime=14329121683, deviceId=-1, source=0x101 }
02-20 21:44:26.417  1456  1941 I ActivityManager: START u0 {act=android.intent.action.MAIN cat=[android.intent.category.HOME] flg=0x10200000 cmp=com.android.launcher3/.CustomizationPanelLauncher (has extras)} from uid 1000
02-20 21:44:26.417   794   839 E ANDR-PERF-RESOURCEQS: Failed to apply optimization [4, 0]
02-20 21:44:26.429  1456  1941 I ActivityManager: moveHomeStack, setupComplete:true
02-20 21:44:26.436 20270 23357 I Adreno  : QUALCOMM build                   : bb5b86c, I77d3059488
02-20 21:44:26.436 20270 23357 I Adreno  : Build Date                       : 06/07/18
02-20 21:44:26.436 20270 23357 I Adreno  : OpenGL ES Shader Compiler Version: EV031.22.00.01_06
02-20 21:44:26.436 20270 23357 I Adreno  : Local Branch                     : 
02-20 21:44:26.436 20270 23357 I Adreno  : Remote Branch                    : refs/tags/AU_LINUX_ANDROID_LA.UM.6.5.R1.08.01.00.312.086
02-20 21:44:26.436 20270 23357 I Adreno  : Remote Branch                    : NONE
02-20 21:44:26.436 20270 23357 I Adreno  : Reconstruct Branch               : NOTHING
02-20 21:44:26.439 20270 23357 D vndksupport: Loading /vendor/lib/hw/gralloc.msm8937.so from current namespace instead of sphal namespace.
02-20 21:44:26.442 20445 20445 D AndroidRuntime: Shutting down VM
02-20 21:44:26.442 20270 23357 I Adreno  : PFP: 0x005ff087, ME: 0x005ff063
02-20 21:44:26.446 20270 23357 I zygote  : android::hardware::configstore::V1_0::ISurfaceFlingerConfigs::hasWideColorDisplay retrieved: 0
02-20 21:44:26.447 20270 23357 I OpenGLRenderer: Initialized EGL, version 1.4
02-20 21:44:26.447 20270 23357 D OpenGLRenderer: Swap behavior 2
02-20 21:44:26.456  2748  2748 D Launcher.Utilities: Wakeup weather: Intent { act=com.motorola.launcher3.action.WAKEUP_WEATHER cmp=com.motorola.timeweatherwidget/com.motorola.commandcenter.weather.WakeUpService }
02-20 21:44:26.469  1456  1456 I NotificationService: Cannot find enqueued record for key: 0|com.motorola.timeweatherwidget|1|null|10116
02-20 21:44:26.472   808   808 D SurfaceFlinger: duplicate layer name: changing com.android.launcher3/com.android.launcher3.CustomizationPanelLauncher to com.android.launcher3/com.android.launcher3.CustomizationPanelLauncher#1
02-20 21:44:26.483 20270 21124 W ThreadPoolDumper: Queue length for executor EventBus is now 11. Perhaps some tasks are too long, or the pool is too small.
02-20 21:44:26.486  1456  2920 I WifiService: getWifiEnabledState uid=10073
02-20 21:44:26.503  1456  5907 I WifiService: getWifiEnabledState uid=10073
02-20 21:44:26.511 20270 21092 I DEBUG   : OpaToSrpTransitionState#onStateChanged#notNullQuery
02-20 21:44:26.512 20270 21092 I DEBUG   : OpaToSrpTransitionState#onStateChanged#notNullQuery
02-20 21:44:26.527 17292 17292 I Finsky  : [2] ppb.onTrimMemory(1): Memory trim requested to level 80
02-20 21:44:26.530 20270 21092 I MicroDetectionState: Should stop hotword detection immediately - false
02-20 21:44:26.535 20270 21092 I MicroDetectionWorker: #startMicroDetector [speakerMode: 0]
02-20 21:44:26.536 20270 21092 I AudioController: Created new AudioSource
02-20 21:44:26.538 20270 21132 I MicroDataManager: isInitializedWithLatestParams-true
02-20 21:44:26.538 20270 21132 I MicroDataManager: isInitializing-false locale not changed-true model not changed-true
02-20 21:44:26.538 20270 21132 I MicroDataManager: Already initialized, obtaining the hotword data immediately.
02-20 21:44:26.542 20270 17071 I MicroRecognitionRunner: Starting detection.
02-20 21:44:26.542 20270 17071 I InputStreamUtils: Using micInputStream
02-20 21:44:26.543 20270 17367 I MicrophoneInputStream: mic_starting  SR : 16000 CC : 16 SO : 1999
02-20 21:44:26.548   788  1401 V msm8974_platform: platform_check_input_mask: enter check_input_mask source 6 mask 10
02-20 21:44:26.550  1012 20459 I AudioFlinger: AudioFlinger's thread 0xb2483f00 tid=20459 ready to run
02-20 21:44:26.556   788  1401 D audio_hw_primary: in_set_parameters: enter: kvpairs=input_source=6;routing=-2147483644
02-20 21:44:26.557  1012  1302 D APM_AudioPolicyManager: AudioPolicyManager::startInput() input 153894, session 154001, source = 1999
02-20 21:44:26.557 20270 17367 I MicrophoneInputStream: mic_started  SR : 16000 CC : 16 SO : 1999
02-20 21:44:26.558   788 20460 V msm8974_platform: platform_update_usecase_from_source: input source :6
02-20 21:44:26.558   788 20460 V msm8974_platform: platform_check_input_mask: enter check_input_mask source 6 mask 10
02-20 21:44:26.558   788 20460 V msm8974_platform: platform_get_input_snd_device: enter: out_device(0) in_device(0x4) channel_count (1) channel_mask (0x10)
02-20 21:44:26.558   788 20460 V msm8974_platform: platform_get_input_snd_device: exit: in_snd_device(voice-rec-mic)
02-20 21:44:26.559   788 20460 V msm8974_platform: platform_get_backend_index:napb: backend port - 5 device - 120 
02-20 21:44:26.559   788 20460 V msm8974_platform: platform_check_and_set_capture_backend_cfg:txbecf: afe: bitwidth 0, samplerate 0, channel 1, backend_idx 5 usecase = 9 device (voice-rec-mic)
02-20 21:44:26.559   788 20460 V msm8974_platform: platform_check_capture_backend_cfg:txbecf: afe: Codec selected backend: 5 current bit width: 0 and sample rate: 0, channels 1
02-20 21:44:26.559   788 20460 V msm8974_platform: platform_check_capture_backend_cfg:txbecf: afe: Codec selected backend: 5 updated bit width: 0 and sample rate: 0
02-20 21:44:26.559   788 20460 I msm8974_platform: platform_check_capture_backend_cfg:txbecf: afe: Codec backend needs to be updated. new bit width: 0 new sample rate: 0 new channel: 1
02-20 21:44:26.559   788 20460 V msm8974_platform: platform_get_backend_index:napb: backend port - 5 device - 120 
02-20 21:44:26.559   788 20460 V msm8974_platform: platform_set_backend_cfg:becf: afe: bitwidth 0, samplerate 0 channels 1, backend_idx 5 device (voice-rec-mic)
02-20 21:44:26.559   788 20460 E msm8974_platform: platform_set_backend_cfg:becf: afe: Could not get ctl for mixer command - SLIM_0_TX Format
02-20 21:44:26.559   788 20460 V msm8974_platform: platform_send_audio_calibration: sending audio calibration for snd_device(120) acdb_id(62)
02-20 21:44:26.559   788 20460 D ACDB-LOADER: ACDB -> send_audio_cal, acdb_id = 62, path = 1, app id = 0x11130, sample rate = 48000
02-20 21:44:26.559   788 20460 D ACDB-LOADER: ACDB -> send_asm_topology
02-20 21:44:26.559   788 20460 D ACDB-LOADER: ACDB -> ACDB_CMD_GET_AUDPROC_STREAM_TOPOLOGY_ID
02-20 21:44:26.559   788 20460 D ACDB-LOADER: ACDB -> send_adm_topology
02-20 21:44:26.559   788 20460 D ACDB-LOADER: ACDB -> ACDB_CMD_GET_AUDPROC_COMMON_TOPOLOGY_ID
02-20 21:44:26.559   788 20460 D ACDB-LOADER: ACDB -> send_audtable
02-20 21:44:26.559   788 20460 D ACDB-LOADER: ACDB -> ACDB_CMD_GET_AUDPROC_COMMON_TABLE_SIZE
02-20 21:44:26.559   788 20460 D ACDB-LOADER: ACDB -> ACDB_CMD_GET_AUDPROC_COMMON_TABLE
02-20 21:44:26.559   788 20460 D ACDB-LOADER: ACDB -> AUDIO_SET_AUDPROC_CAL
02-20 21:44:26.559   788 20460 D ACDB-LOADER: ACDB -> send_audvoltable
02-20 21:44:26.559   788 20460 D ACDB-LOADER: ACDB -> ACDB_CMD_GET_AUDPROC_VOL_STEP_TABLE_SIZE
02-20 21:44:26.559   788 20460 D ACDB-LOADER: ACDB -> ACDB_CMD_GET_AUDPROC_GAIN_DEP_STEP_TABLE, vol index 0
02-20 21:44:26.559   788 20460 D         : Failed to fetch the lookup information of the device 0000003E 
02-20 21:44:26.560   788 20460 D ACDB-LOADER: ACDB -> AUDIO_SET_VOL_CAL cal type = 12
02-20 21:44:26.560   788 20460 D ACDB-LOADER: ACDB -> ACDB_CMD_GET_AUDPROC_STREAM_TABLE_SIZE
02-20 21:44:26.560   788 20460 D ACDB-LOADER: ACDB -> send_audstrmtable
02-20 21:44:26.560   788 20460 D ACDB-LOADER: ACDB -> ACDB_CMD_GET_AUDPROC_STREAM_TABLE_V2
02-20 21:44:26.560   788 20460 D ACDB-LOADER: ACDB -> audstrm_cal->cal_type.cal_data.cal_size = 456
02-20 21:44:26.560   788 20460 D ACDB-LOADER: ACDB -> send_afe_topology
02-20 21:44:26.560   788 20460 D ACDB-LOADER: ACDB -> ACDB_CMD_GET_AFE_TOPOLOGY_ID
02-20 21:44:26.560   788 20460 D ACDB-LOADER: ACDB -> GET_AFE_TOPOLOGY_ID for adcd_id 62, Topology Id 112fb
02-20 21:44:26.560   788 20460 D ACDB-LOADER: ACDB -> send_afe_cal
02-20 21:44:26.560   788 20460 D ACDB-LOADER: ACDB -> ACDB_CMD_GET_AFE_COMMON_TABLE_SIZE
02-20 21:44:26.560   788 20460 D         : Failed to fetch the lookup information of the device 0000003E 
02-20 21:44:26.560   788 20460 E ACDB-LOADER: Error: ACDB_CMD_GET_AFE_COMMON_TABLE_SIZE Returned = -19
02-20 21:44:26.560   788 20460 D ACDB-LOADER: ACDB -> ACDB_CMD_GET_AFE_COMMON_TABLE
02-20 21:44:26.560   788 20460 D         : Failed to fetch the lookup information of the device 0000003E 
02-20 21:44:26.560   788 20460 D ACDB-LOADER: ACDB -> AUDIO_SET_AFE_CAL
02-20 21:44:26.560   788 20460 D ACDB-LOADER: ACDB -> send_hw_delay : acdb_id = 62 path = 1
02-20 21:44:26.560   788 20460 D ACDB-LOADER: ACDB -> ACDB_AVSYNC_INFO: ACDB_CMD_GET_DEVICE_PROPERTY
02-20 21:44:26.560   788 20460 D audio_hw_primary: enable_snd_device: snd_device(120: voice-rec-mic)
02-20 21:44:26.560   788 20460 D audio_route: Apply path: voice-rec-mic
02-20 21:44:26.564   788 20460 V msm8974_platform: platform_get_snd_device_backend_index: enter with device 120
02-20 21:44:26.564   788 20460 E msm8974_platform: platform_get_snd_device_backend_index: BE DAI Name Table is not present
02-20 21:44:26.564   788 20460 V msm8974_platform: platform_get_backend_index:napb: backend port - 5 device - 120 
02-20 21:44:26.564   788 20460 I audio_hw_utils: Set Audio Stream Capture 0 App Type Cfg: app_type 69936, acdb_dev_id 62, sample_rate 48000, snd_device_be_idx -14
02-20 21:44:26.564   788 20460 D audio_hw_primary: enable_audio_route: usecase(9) apply and update mixer path: audio-record
02-20 21:44:26.564   788 20460 D audio_route: Apply path: audio-record
02-20 21:44:26.565  1456  1673 I LaunchCheckinHandler: Displayed com.android.launcher3/.CustomizationPanelLauncher,wp,wa,148
02-20 21:44:26.634 20270 21092 I MicroDetectionWorker: onReady
02-20 21:44:26.986  1456  7796 I OpenGLRenderer: Initialized EGL, version 1.4
02-20 21:44:26.986  1456  7796 D OpenGLRenderer: Swap behavior 2
02-20 21:44:27.016  2748  2917 W OpenGLRenderer: Incorrectly called buildLayer on View: ShortcutAndWidgetContainer, destroying layer...
02-20 21:44:27.121  1456  1623 I WifiService: requestActivityInfo uid=1000
02-20 21:44:27.121  1456  1623 I WifiService: reportActivityInfo uid=1000
02-20 21:44:27.121  1456  1623 I WifiService: getSupportedFeatures uid=1000
02-20 21:44:27.122  1456  5907 E LightsService: Light requested not available on this device. 3
02-20 21:44:27.124  1456  1623 E BatteryExternalStatsWorker: no controller energy info supplied for wifi
02-20 21:44:27.124  1456  1623 E BatteryExternalStatsWorker: no controller energy info supplied for bluetooth
02-20 21:44:27.124  2398  2398 D QtiCarrierConfigHelper: WARNING, no carrier configs on phone Id: 0
02-20 21:44:27.132 20172 20431 I chatty  : uid=11024(org.mozilla.fenix.nightly) expire 1 line
02-20 21:44:27.178  1456  1623 E BatteryExternalStatsWorker: modem info is invalid: ModemActivityInfo{ mTimestamp=14781160898 mSleepTimeMs=1816793377 mIdleTimeMs=-1815741750 mTxTimeMs[]=[0, 0, 0, 0, 0] mRxTimeMs=5714 mEnergyUsed=0}
02-20 21:44:27.193  1456  2920 I ActivityManager: Start proc 20463:com.android.providers.calendar/u0a16 for content provider com.android.providers.calendar/.CalendarProvider2
02-20 21:44:27.223 20463 20463 I zygote  : The ClassLoaderContext is a special shared library.
02-20 21:44:27.225 20463 20463 I chatty  : uid=10016(com.android.providers.calendar) identical 1 line
02-20 21:44:27.227 20463 20463 I zygote  : The ClassLoaderContext is a special shared library.
02-20 21:44:27.252 20463 20463 I CalendarProvider2: Created com.android.providers.calendar.CalendarAlarmManager@6e6d45e(com.android.providers.calendar.CalendarProvider2@3b1403f)
02-20 21:44:27.255  1456  2920 W Binder  : Outgoing transactions from this process must be FLAG_ONEWAY
02-20 21:44:27.255  1456  2920 W Binder  : java.lang.Throwable
02-20 21:44:27.255  1456  2920 W Binder  : 	at android.os.BinderProxy.transact(Binder.java:752)
02-20 21:44:27.255  1456  2920 W Binder  : 	at android.content.ContentProviderProxy.getType(ContentProviderNative.java:451)
02-20 21:44:27.255  1456  2920 W Binder  : 	at com.android.server.am.ActivityManagerService.getProviderMimeType(ActivityManagerService.java:12677)
02-20 21:44:27.255  1456  2920 W Binder  : 	at android.app.IActivityManager$Stub.onTransact(IActivityManager.java:1800)
02-20 21:44:27.255  1456  2920 W Binder  : 	at com.android.server.am.ActivityManagerService.onTransact(ActivityManagerService.java:3169)
02-20 21:44:27.255  1456  2920 W Binder  : 	at android.os.Binder.execTransact(Binder.java:697)
02-20 21:44:29.501   808   898 I SFPerfTracer:      triggers: (rate: 0:1) (0 sw vsyncs) (0 skipped) (0:3873293 vsyncs) (1:6743919)
02-20 21:44:31.027  1456  1893 D BatteryService: uevent={POWER_SUPPLY_VOLTAGE_NOW=4337285, POWER_SUPPLY_CHARGE_RATE=Normal, POWER_SUPPLY_HEALTH=Good, POWER_SUPPLY_CURRENT_NOW=152, POWER_SUPPLY_PRESENT=1, SUBSYSTEM=power_supply, POWER_SUPPLY_TEMP=270, SEQNUM=382747, ACTION=change, POWER_SUPPLY_NAME=battery, POWER_SUPPLY_STATUS=Not charging, POWER_SUPPLY_CHARGE_COUNTER=2817351, POWER_SUPPLY_CAPACITY=99, DEVPATH=/devices/soc/qpnp-smbcharger-17/power_supply/battery}
02-20 21:44:31.031  1456  2920 E LightsService: Light requested not available on this device. 3
02-20 21:44:31.035  2398  2398 D QtiCarrierConfigHelper: WARNING, no carrier configs on phone Id: 0
02-20 21:44:31.123  1456  1893 D BatteryService: uevent={POWER_SUPPLY_VOLTAGE_NOW=4337285, POWER_SUPPLY_CHARGE_RATE=Normal, POWER_SUPPLY_HEALTH=Good, POWER_SUPPLY_CURRENT_NOW=152, POWER_SUPPLY_PRESENT=1, SUBSYSTEM=power_supply, POWER_SUPPLY_TEMP=270, SEQNUM=382748, ACTION=change, POWER_SUPPLY_NAME=battery, POWER_SUPPLY_STATUS=Charging, POWER_SUPPLY_CHARGE_COUNTER=2817351, POWER_SUPPLY_CAPACITY=99, DEVPATH=/devices/soc/qpnp-smbcharger-17/power_supply/battery}
02-20 21:44:31.131  1456  4802 W ActivityManager: Background start not allowed: service Intent { cmp=com.google.android.apps.messaging/.shared.datamodel.action.execution.ActionExecutorImpl$EmptyService } to com.google.android.apps.messaging/.shared.datamodel.action.execution.ActionExecutorImpl$EmptyService from pid=17336 uid=10110 pkg=com.google.android.apps.messaging
02-20 21:44:31.133 17336 17336 W BugleDataModel: ActionExecutorImpl: Action started execution, but we can't guarantee it will complete, the app may be killed. Action: class com.google.android.apps.messaging.shared.datamodel.action.SelfParticipantsRefreshAction-SelfParticipantsRefreshAction:14781044326007
02-20 21:44:31.133 17336 17336 W BugleDataModel: java.lang.IllegalStateException: Not allowed to start service Intent { cmp=com.google.android.apps.messaging/.shared.datamodel.action.execution.ActionExecutorImpl$EmptyService }: app is in background uid UidRecord{ea2f89a u0a110 CEM  idle change:cached procs:1 seq(0,0,0)}
02-20 21:44:31.133 17336 17336 W BugleDataModel: 	at android.app.ContextImpl.startServiceCommon(ContextImpl.java:1536)
02-20 21:44:31.133 17336 17336 W BugleDataModel: 	at android.app.ContextImpl.startService(ContextImpl.java:1492)
02-20 21:44:31.133 17336 17336 W BugleDataModel: 	at android.content.ContextWrapper.startService(ContextWrapper.java:650)
02-20 21:44:31.133 17336 17336 W BugleDataModel: 	at com.google.android.apps.messaging.shared.datamodel.action.execution.ActionExecutorImpl.a(PG:94)
02-20 21:44:31.133 17336 17336 W BugleDataModel: 	at com.google.android.apps.messaging.shared.datamodel.action.execution.ActionExecutorImpl.a(PG:89)
02-20 21:44:31.133 17336 17336 W BugleDataModel: 	at fib.c(PG:113)
02-20 21:44:31.133 17336 17336 W BugleDataModel: 	at fhy.run(PG:1)
02-20 21:44:31.133 17336 17336 W BugleDataModel: 	at zit.run(PG:3)
02-20 21:44:31.133 17336 17336 W BugleDataModel: 	at android.os.Handler.handleCallback(Handler.java:790)
