02-25 00:01:35.029   788 13016 E msm8974_platform: platform_set_backend_cfg:becf: afe: Could not get ctl for mixer command - SLIM_0_TX Format
02-25 00:01:35.029   788 13016 V msm8974_platform: platform_send_audio_calibration: sending audio calibration for snd_device(120) acdb_id(62)
02-25 00:01:35.029   788 13016 D ACDB-LOADER: ACDB -> send_audio_cal, acdb_id = 62, path = 1, app id = 0x11130, sample rate = 48000
02-25 00:01:35.029   788 13016 D ACDB-LOADER: ACDB -> send_asm_topology
02-25 00:01:35.029   788 13016 D ACDB-LOADER: ACDB -> ACDB_CMD_GET_AUDPROC_STREAM_TOPOLOGY_ID
02-25 00:01:35.029   788 13016 D ACDB-LOADER: ACDB -> send_adm_topology
02-25 00:01:35.029   788 13016 D ACDB-LOADER: ACDB -> ACDB_CMD_GET_AUDPROC_COMMON_TOPOLOGY_ID
02-25 00:01:35.029   788 13016 D ACDB-LOADER: ACDB -> send_audtable
02-25 00:01:35.029   788 13016 D ACDB-LOADER: ACDB -> ACDB_CMD_GET_AUDPROC_COMMON_TABLE_SIZE
02-25 00:01:35.029   788 13016 D ACDB-LOADER: ACDB -> ACDB_CMD_GET_AUDPROC_COMMON_TABLE
02-25 00:01:35.029   788 13016 D ACDB-LOADER: ACDB -> AUDIO_SET_AUDPROC_CAL
02-25 00:01:35.029   788 13016 D ACDB-LOADER: ACDB -> send_audvoltable
02-25 00:01:35.029   788 13016 D ACDB-LOADER: ACDB -> ACDB_CMD_GET_AUDPROC_VOL_STEP_TABLE_SIZE
02-25 00:01:35.030   788 13016 D ACDB-LOADER: ACDB -> ACDB_CMD_GET_AUDPROC_GAIN_DEP_STEP_TABLE, vol index 0
02-25 00:01:35.030   788 13016 D         : Failed to fetch the lookup information of the device 0000003E 
02-25 00:01:35.030   788 13016 D ACDB-LOADER: ACDB -> AUDIO_SET_VOL_CAL cal type = 12
02-25 00:01:35.030   788 13016 D ACDB-LOADER: ACDB -> ACDB_CMD_GET_AUDPROC_STREAM_TABLE_SIZE
02-25 00:01:35.030   788 13016 D ACDB-LOADER: ACDB -> send_audstrmtable
02-25 00:01:35.030   788 13016 D ACDB-LOADER: ACDB -> ACDB_CMD_GET_AUDPROC_STREAM_TABLE_V2
02-25 00:01:35.030   788 13016 D ACDB-LOADER: ACDB -> audstrm_cal->cal_type.cal_data.cal_size = 456
02-25 00:01:35.030   788 13016 D ACDB-LOADER: ACDB -> send_afe_topology
02-25 00:01:35.030   788 13016 D ACDB-LOADER: ACDB -> ACDB_CMD_GET_AFE_TOPOLOGY_ID
02-25 00:01:35.030   788 13016 D ACDB-LOADER: ACDB -> GET_AFE_TOPOLOGY_ID for adcd_id 62, Topology Id 112fb
02-25 00:01:35.030   788 13016 D ACDB-LOADER: ACDB -> send_afe_cal
02-25 00:01:35.030   788 13016 D ACDB-LOADER: ACDB -> ACDB_CMD_GET_AFE_COMMON_TABLE_SIZE
02-25 00:01:35.030   788 13016 D         : Failed to fetch the lookup information of the device 0000003E 
02-25 00:01:35.030   788 13016 E ACDB-LOADER: Error: ACDB_CMD_GET_AFE_COMMON_TABLE_SIZE Returned = -19
02-25 00:01:35.030   788 13016 D ACDB-LOADER: ACDB -> ACDB_CMD_GET_AFE_COMMON_TABLE
02-25 00:01:35.030   788 13016 D         : Failed to fetch the lookup information of the device 0000003E 
02-25 00:01:35.030   788 13016 D ACDB-LOADER: ACDB -> AUDIO_SET_AFE_CAL
02-25 00:01:35.030   788 13016 D ACDB-LOADER: ACDB -> send_hw_delay : acdb_id = 62 path = 1
02-25 00:01:35.030   788 13016 D ACDB-LOADER: ACDB -> ACDB_AVSYNC_INFO: ACDB_CMD_GET_DEVICE_PROPERTY
02-25 00:01:35.030   788 13016 D audio_hw_primary: enable_snd_device: snd_device(120: voice-rec-mic)
02-25 00:01:35.030   788 13016 D audio_route: Apply path: voice-rec-mic
02-25 00:01:35.033   788 13016 V msm8974_platform: platform_get_snd_device_backend_index: enter with device 120
02-25 00:01:35.033   788 13016 E msm8974_platform: platform_get_snd_device_backend_index: BE DAI Name Table is not present
02-25 00:01:35.033   788 13016 V msm8974_platform: platform_get_backend_index:napb: backend port - 5 device - 120 
02-25 00:01:35.033   788 13016 I audio_hw_utils: Set Audio Stream Capture 0 App Type Cfg: app_type 69936, acdb_dev_id 62, sample_rate 48000, snd_device_be_idx -14
02-25 00:01:35.033   788 13016 D audio_hw_primary: enable_audio_route: usecase(9) apply and update mixer path: audio-record
02-25 00:01:35.033   788 13016 D audio_route: Apply path: audio-record
02-25 00:01:35.102 20270 21092 I MicroDetectionWorker: onReady
02-25 00:01:35.427  1456  7796 I OpenGLRenderer: Initialized EGL, version 1.4
02-25 00:01:35.427  1456  7796 D OpenGLRenderer: Swap behavior 2
02-25 00:01:35.470  2748  2917 W OpenGLRenderer: Incorrectly called buildLayer on View: ShortcutAndWidgetContainer, destroying layer...
02-25 00:01:35.583 12780 12836 I chatty  : uid=11035(org.mozilla.fennec_aurora) expire 1 line
02-25 00:01:35.587 12780 12809 I chatty  : uid=11035(org.mozilla.fennec_aurora) expire 6 lines
02-25 00:01:36.054   808   898 I SFPerfTracer:      triggers: (rate: 0:1) (0 sw vsyncs) (0 skipped) (0:4639411 vsyncs) (1:10484623)
02-25 00:01:40.060  1456 10962 I ActivityManager: Force stopping org.mozilla.fennec_aurora appid=11035 user=0: from pid 13022
02-25 00:01:40.060  1456 10962 I ActivityManager: Killing 12780:org.mozilla.fennec_aurora/u0a1035 (adj 700): stop org.mozilla.fennec_aurora
02-25 00:01:40.063  1456  1605 W zygote  : kill(-12780, 9) failed: No such process
02-25 00:01:40.065  1456 10962 W ActivityManager: Force removing ActivityRecord{cab6ed9 u0 org.mozilla.fennec_aurora/org.mozilla.fenix.HomeActivity t29124}: app died, no saved state
02-25 00:01:40.074  1456 10962 I ActivityManager: Killing 12888:org.mozilla.fennec_aurora:socket/u0a1035 (adj 0): stop org.mozilla.fennec_aurora
02-25 00:01:40.076  1456 10962 I ActivityManager: Killing 12862:org.mozilla.fennec_aurora:tab/u0a1035 (adj 0): stop org.mozilla.fennec_aurora
02-25 00:01:40.078  1456  1605 W zygote  : kill(-12780, 9) failed: No such process
02-25 00:01:40.090 17214 17214 I AppBase : onTrimMemory(): 15
02-25 00:01:40.091 17214 17214 I GoogleInputMethodService: onTrimMemory(): 15
02-25 00:01:40.093  1456  1605 W zygote  : kill(-12780, 9) failed: No such process
02-25 00:01:40.101  2398  2398 D CarrierSvcBindHelper: No carrier app for: 0
02-25 00:01:40.102  2398  2398 D CarrierSvcBindHelper: No carrier app for: 1
02-25 00:01:40.112  1456  1605 W zygote  : kill(-12780, 9) failed: No such process
02-25 00:01:40.153  1456  3925 D ConnectivityService: ConnectivityService NetworkRequestInfo binderDied(NetworkRequest [ TRACK_DEFAULT id=28160, [ Capabilities: INTERNET&NOT_RESTRICTED&TRUSTED&NOT_VPN] ], android.os.BinderProxy@24c5e09)
02-25 00:01:40.154  1456  1673 W ActivityManager: setHasOverlayUi called on unknown pid: 12780
02-25 00:01:40.154  1456  2067 D ConnectivityService: releasing NetworkRequest [ TRACK_DEFAULT id=28160, [ Capabilities: INTERNET&NOT_RESTRICTED&TRUSTED&NOT_VPN] ] (release request)
02-25 00:01:40.154  1456  1605 I chatty  : uid=1000(system) ActivityManager identical 3 lines
02-25 00:01:40.170  1456  1605 W zygote  : kill(-12780, 9) failed: No such process
02-25 00:01:40.170  1456  1605 I zygote  : Successfully killed process cgroup uid 11035 pid 12780 in 107ms
02-25 00:01:40.170  1456  1605 W zygote  : kill(-12888, 9) failed: No such process
02-25 00:01:40.170  1456  1605 I zygote  : Successfully killed process cgroup uid 11035 pid 12888 in 0ms
02-25 00:01:40.170  1456  1605 W zygote  : kill(-12862, 9) failed: No such process
02-25 00:01:40.170  1456  1605 I zygote  : Successfully killed process cgroup uid 11035 pid 12862 in 0ms
02-25 00:01:40.193  1456  5907 I ActivityManager: START u0 {act=android.intent.action.MAIN cat=[android.intent.category.LAUNCHER] flg=0x10000000 cmp=org.mozilla.fennec_aurora/org.mozilla.fenix.HomeActivity} from uid 2000
02-25 00:01:40.194   794   839 E ANDR-PERF-RESOURCEQS: Failed to apply optimization [4, 0]
02-25 00:01:40.206  1456  7796 I OpenGLRenderer: Initialized EGL, version 1.4
02-25 00:01:40.206  1456  7796 D OpenGLRenderer: Swap behavior 2
02-25 00:01:40.213  1456  2921 I ActivityManager: Start proc 13029:org.mozilla.fennec_aurora/u0a1035 for activity org.mozilla.fennec_aurora/org.mozilla.fenix.HomeActivity
02-25 00:01:40.304 20270 21092 I MicroDetectionState: Should stop hotword detection immediately - false
02-25 00:01:40.304 20270 21092 I MicroDetector: Keeping mic open: false
02-25 00:01:40.304 20270 21400 E DeviceStateChecker: DeviceStateChecker cancelled
02-25 00:01:40.304 20270 21092 I RecognitionAudioControl: #shutdownAudio [requestId: 5768374445064040267, keepAudioOpen: false, forced: true]
02-25 00:01:40.305 20270 21092 I RecognitionAudioControl: #internalShutdownAudio [requestId: 5768374445064040267]
02-25 00:01:40.305 20270 21092 I RecognitionAudioControl: #internalShutdownAudio [keepAudioOpen: false, forced: true]
02-25 00:01:40.305 20270 21092 I RecognitionAudioControl: #actualShutdownAudio
02-25 00:01:40.305 20270 21092 I AudioController: #shutdown [requestId=5768374445064040267]
02-25 00:01:40.305 20270 21131 I AudioController: internalShutdown
02-25 00:01:40.305 20270 21108 I MicroRecognitionRunner: Stopping hotword detection.
02-25 00:01:40.326  2146  2165 I zygote  : NativeAlloc concurrent copying GC freed 10279(640KB) AllocSpace objects, 0(0B) LOS objects, 49% free, 6MB/13MB, paused 189us total 109.412ms
02-25 00:01:40.361   788  1401 D audio_hw_primary: disable_audio_route: usecase(9) reset and update mixer path: audio-record
02-25 00:01:40.362   788  1401 D audio_hw_primary: disable_snd_device: snd_device(120: voice-rec-mic)
02-25 00:01:40.364  1012  1301 D APM_AudioPolicyManager: stopInput() input 160510, session 160617
02-25 00:01:40.365   788  1401 D audio_hw_primary: in_set_parameters: enter: kvpairs=routing=0
02-25 00:01:40.368 20270 21131 I MicrophoneInputStream: mic_close  SR : 16000 CC : 16 SO : 1999
02-25 00:01:40.369 20270 21131 E AudioSource: Stop listening is called on already closed AudioSource
02-25 00:01:40.370 20270 17075 I MicroRecognitionRunner: Detection finished
02-25 00:01:40.387 13029 13029 I chatty  : uid=11035(org.mozilla.fennec_aurora) expire 51 lines
02-25 00:01:40.471 13029 13048 I chatty  : uid=11035(org.mozilla.fennec_aurora) expire 4 lines
02-25 00:01:40.496 13029 13057 I chatty  : uid=11035(org.mozilla.fennec_aurora) expire 12 lines
02-25 00:01:40.515 13029 13055 I chatty  : uid=11035(org.mozilla.fennec_aurora) expire 17 lines
02-25 00:01:40.568 13029 13063 I chatty  : uid=11035(org.mozilla.fennec_aurora) expire 30 lines
02-25 00:01:40.602  1456  1466 I zygote  : NativeAlloc concurrent copying GC freed 35585(2MB) AllocSpace objects, 21(740KB) LOS objects, 38% free, 37MB/61MB, paused 204us total 347.938ms
02-25 00:01:40.657 13029 13066 I chatty  : uid=11035(org.mozilla.fennec_aurora) expire 1 line
02-25 00:01:40.676 13029 13076 I chatty  : uid=11035(org.mozilla.fennec_aurora) expire 10 lines
02-25 00:01:40.744 13029 13034 I chatty  : uid=11035(org.mozilla.fennec_aurora) expire 8 lines
02-25 00:01:40.971 13029 13029 E ActivityThread: Failed to find provider info for org.mozilla.fennec_aurora.fxa.auth
02-25 00:01:41.039  1456  2236 I ActivityManager: Start proc 13110:org.mozilla.fennec_aurora:tab/u0a1035 for service org.mozilla.fennec_aurora/org.mozilla.gecko.process.GeckoChildProcessServices$tab
02-25 00:01:41.068 13029 13124 I chatty  : uid=11035(org.mozilla.fennec_aurora) expire 9 lines
02-25 00:01:41.159 13110 13110 I chatty  : uid=11035(org.mozilla.fennec_aurora) expire 1 line
02-25 00:01:41.159 13110 13136 I chatty  : uid=11035(org.mozilla.fennec_aurora) expire 1 line
02-25 00:01:41.162  1456  2921 I ActivityManager: Start proc 13137:org.mozilla.fennec_aurora:socket/u0a1035 for service org.mozilla.fennec_aurora/org.mozilla.gecko.process.GeckoChildProcessServices$socket
02-25 00:01:41.279 13137 13137 I chatty  : uid=11035(org.mozilla.fennec_aurora) expire 1 line
02-25 00:01:41.279 13137 13153 I chatty  : uid=11035(org.mozilla.fennec_aurora) expire 15 lines
02-25 00:01:41.398  1456  2921 I ActivityManager: Displayed org.mozilla.fennec_aurora/org.mozilla.fenix.HomeActivity: +1s196ms
02-25 00:01:41.398  1456  2921 I ActivityManager: Fully drawn org.mozilla.fennec_aurora/org.mozilla.fenix.HomeActivity: +1s196ms
02-25 00:01:41.451  1456  1673 I LaunchCheckinHandler: Displayed org.mozilla.fennec_aurora/org.mozilla.fenix.HomeActivity,cp,ca,1248
02-25 00:01:41.458 13029 13029 E ActivityThread: Failed to find provider info for org.mozilla.fennec_aurora.fxa.auth
02-25 00:01:41.531 20270 20270 I MemoryTrimmer: Trimming objects from memory, since app is in the background.
02-25 00:01:41.544 20270 21092 E AudioSource: Stop listening is called on already closed AudioSource
02-25 00:01:41.546 20270 23357 E chromium: [ERROR:aw_gl_functor.cc(102)] Received unexpected kModeProcessNoContext
02-25 00:01:41.546 20270  3977 I PBSessionCacheImpl: Deleted sessionId[89149984825582314] from persistence.
02-25 00:01:41.547 20270 23357 E libEGL  : call to OpenGL ES API with no current context (logged once per thread)
02-25 00:01:41.547 20270 20270 I MemoryTrimmer: Trimming objects from memory, since app is in the background.
02-25 00:01:41.550  1456  4250 I WifiService: getWifiEnabledState uid=10073
02-25 00:01:41.555 20270 21092 I DEBUG   : OpaToSrpTransitionState#onStateChanged#notNullQuery
02-25 00:01:41.557 20270 21092 I DEBUG   : OpaToSrpTransitionState#onStateChanged#notNullQuery
02-25 00:01:41.559 20270 21092 W SearchServiceCore: Abort, client detached.
02-25 00:01:41.560 20270 21092 W SearchServiceCore: Abort, client detached.
02-25 00:01:42.030  1456  1893 D BatteryService: uevent={POWER_SUPPLY_VOLTAGE_NOW=4322179, POWER_SUPPLY_CHARGE_RATE=Normal, POWER_SUPPLY_HEALTH=Good, POWER_SUPPLY_CURRENT_NOW=198668, POWER_SUPPLY_PRESENT=1, SUBSYSTEM=power_supply, POWER_SUPPLY_TEMP=315, SEQNUM=388696, ACTION=change, POWER_SUPPLY_NAME=battery, POWER_SUPPLY_STATUS=Charging, POWER_SUPPLY_CHARGE_COUNTER=2797933, POWER_SUPPLY_CAPACITY=100, DEVPATH=/devices/soc/qpnp-smbcharger-17/power_supply/battery}
02-25 00:01:42.035  2398  2398 D QtiCarrierConfigHelper: WARNING, no carrier configs on phone Id: 0
02-25 00:01:42.335  1023 13205 D libc    : Internal error: netid(0), id(0x96c), server(0.0.0.0)
02-25 00:01:42.335  1023 13205 D libc    : Internal error: netid(0), id(0x96c), server(0.0.0.0)
02-25 00:01:42.335  1023 13205 D libc    : Internal error: netid(0), id(0xc81d), server(0.0.0.0)
02-25 00:01:42.335  1023 13205 D libc    : Internal error: netid(0), id(0xc81d), server(0.0.0.0)
02-25 00:01:42.367 13029 13172 I chatty  : uid=11035(org.mozilla.fennec_aurora) expire 2 lines
02-25 00:01:42.507  1023 13213 D libc    : Internal error: netid(0), id(0xe363), server(0.0.0.0)
02-25 00:01:42.508  1023 13213 D libc    : Internal error: netid(0), id(0xe363), server(0.0.0.0)
02-25 00:01:42.508  1023 13213 D libc    : Internal error: netid(0), id(0x9375), server(0.0.0.0)
02-25 00:01:42.508  1023 13213 D libc    : Internal error: netid(0), id(0x9375), server(0.0.0.0)
02-25 00:01:42.509  1023 13215 D libc    : Internal error: netid(0), id(0x3f34), server(0.0.0.0)
02-25 00:01:42.509  1023 13215 D libc    : Internal error: netid(0), id(0x3f34), server(0.0.0.0)
02-25 00:01:42.509  1023 13215 D libc    : Internal error: netid(0), id(0x8e57), server(0.0.0.0)
02-25 00:01:42.509  1023 13215 D libc    : Internal error: netid(0), id(0x8e57), server(0.0.0.0)
02-25 00:01:42.512  1023 13219 D libc    : Internal error: netid(0), id(0xb52f), server(0.0.0.0)
02-25 00:01:42.513  1023 13219 D libc    : Internal error: netid(0), id(0xb52f), server(0.0.0.0)
02-25 00:01:42.513  1023 13219 D libc    : Internal error: netid(0), id(0x1912), server(0.0.0.0)
02-25 00:01:42.513  1023 13219 D libc    : Internal error: netid(0), id(0x1912), server(0.0.0.0)
02-25 00:01:42.546 13029 13056 I chatty  : uid=11035(org.mozilla.fennec_aurora) expire 1 line
02-25 00:01:42.546 13029 13084 I chatty  : uid=11035(org.mozilla.fennec_aurora) expire 1 line
02-25 00:01:42.582 13029 13231 I chatty  : uid=11035(org.mozilla.fennec_aurora) expire 1 line
02-25 00:01:45.851 13253 13253 D AndroidRuntime: >>>>>> START com.android.internal.os.RuntimeInit uid 2000 <<<<<<
02-25 00:01:45.864 13253 13253 W app_process: Could not reserve sentinel fault page
02-25 00:01:46.029 13253 13253 I app_process: The ClassLoaderContext is a special shared library.
02-25 00:01:46.093 13253 13253 D AndroidRuntime: Calling main entry com.android.commands.input.Input
02-25 00:01:46.097 13253 13253 I Input   : injectKeyEvent: KeyEvent { action=ACTION_DOWN, keyCode=KEYCODE_HOME, scanCode=0, metaState=0, flags=0x0, repeatCount=0, eventTime=14682961377, downTime=14682961377, deviceId=-1, source=0x101 }
02-25 00:01:46.104 13253 13253 I Input   : injectKeyEvent: KeyEvent { action=ACTION_UP, keyCode=KEYCODE_HOME, scanCode=0, metaState=0, flags=0x0, repeatCount=0, eventTime=14682961377, downTime=14682961377, deviceId=-1, source=0x101 }
02-25 00:01:46.111  1456  1941 I ActivityManager: START u0 {act=android.intent.action.MAIN cat=[android.intent.category.HOME] flg=0x10200000 cmp=com.android.launcher3/.CustomizationPanelLauncher (has extras)} from uid 1000
02-25 00:01:46.111   794   839 E ANDR-PERF-RESOURCEQS: Failed to apply optimization [4, 0]
02-25 00:01:46.122  1456  1941 I ActivityManager: moveHomeStack, setupComplete:true
02-25 00:01:46.126 13253 13253 D AndroidRuntime: Shutting down VM
02-25 00:01:46.141 20270 23357 I OpenGLRenderer: Initialized EGL, version 1.4
02-25 00:01:46.142 20270 23357 D OpenGLRenderer: Swap behavior 2
02-25 00:01:46.150  2748  2748 D Launcher.Utilities: Wakeup weather: Intent { act=com.motorola.launcher3.action.WAKEUP_WEATHER cmp=com.motorola.timeweatherwidget/com.motorola.commandcenter.weather.WakeUpService }
02-25 00:01:46.172   808   808 D SurfaceFlinger: duplicate layer name: changing com.android.launcher3/com.android.launcher3.CustomizationPanelLauncher to com.android.launcher3/com.android.launcher3.CustomizationPanelLauncher#1
02-25 00:01:46.179 20270 21105 W ThreadPoolDumper: Queue length for executor EventBus is now 11. Perhaps some tasks are too long, or the pool is too small.
02-25 00:01:46.181  1456  2921 I WifiService: getWifiEnabledState uid=10073
02-25 00:01:46.194  2146  2146 W StatusBar: removeNotification for unknown key: 0|com.motorola.timeweatherwidget|1|null|10116
02-25 00:01:46.195  1456  5907 I WifiService: getWifiEnabledState uid=10073
02-25 00:01:46.209 20270 21092 I DEBUG   : OpaToSrpTransitionState#onStateChanged#notNullQuery
02-25 00:01:46.211 20270 21092 I DEBUG   : OpaToSrpTransitionState#onStateChanged#notNullQuery
02-25 00:01:46.230 20270 21092 I MicroDetectionState: Should stop hotword detection immediately - false
02-25 00:01:46.234 20270 21092 I MicroDetectionWorker: #startMicroDetector [speakerMode: 0]
02-25 00:01:46.236 20270 21092 I AudioController: Created new AudioSource
02-25 00:01:46.257  1456  1673 I LaunchCheckinHandler: Displayed com.android.launcher3/.CustomizationPanelLauncher,wp,wa,146
02-25 00:01:46.258 20270 21132 I MicroDataManager: isInitializedWithLatestParams-true
02-25 00:01:46.258 20270 21132 I MicroDataManager: isInitializing-false locale not changed-true model not changed-true
02-25 00:01:46.258 20270 21132 I MicroDataManager: Already initialized, obtaining the hotword data immediately.
02-25 00:01:46.262 20270 21400 I MicroRecognitionRunner: Starting detection.
02-25 00:01:46.262 20270 21400 I InputStreamUtils: Using micInputStream
02-25 00:01:46.263 20270 26778 I MicrophoneInputStream: mic_starting  SR : 16000 CC : 16 SO : 1999
02-25 00:01:46.267   788  1479 V msm8974_platform: platform_check_input_mask: enter check_input_mask source 6 mask 10
02-25 00:01:46.270  1012 13267 I AudioFlinger: AudioFlinger's thread 0xb2483280 tid=13267 ready to run
02-25 00:01:46.275   788  1479 D audio_hw_primary: in_set_parameters: enter: kvpairs=input_source=6;routing=-2147483644
02-25 00:01:46.276  1012 19368 D APM_AudioPolicyManager: AudioPolicyManager::startInput() input 160518, session 160625, source = 1999
02-25 00:01:46.276 20270 26778 I MicrophoneInputStream: mic_started  SR : 16000 CC : 16 SO : 1999
02-25 00:01:46.278   788 13268 V msm8974_platform: platform_update_usecase_from_source: input source :6
02-25 00:01:46.278   788 13268 V msm8974_platform: platform_check_input_mask: enter check_input_mask source 6 mask 10
02-25 00:01:46.278   788 13268 V msm8974_platform: platform_get_input_snd_device: enter: out_device(0) in_device(0x4) channel_count (1) channel_mask (0x10)
02-25 00:01:46.278   788 13268 V msm8974_platform: platform_get_input_snd_device: exit: in_snd_device(voice-rec-mic)
02-25 00:01:46.278   788 13268 V msm8974_platform: platform_get_backend_index:napb: backend port - 5 device - 120 
02-25 00:01:46.279   788 13268 V msm8974_platform: platform_check_and_set_capture_backend_cfg:txbecf: afe: bitwidth 0, samplerate 0, channel 1, backend_idx 5 usecase = 9 device (voice-rec-mic)
02-25 00:01:46.279   788 13268 V msm8974_platform: platform_check_capture_backend_cfg:txbecf: afe: Codec selected backend: 5 current bit width: 0 and sample rate: 0, channels 1
02-25 00:01:46.279   788 13268 V msm8974_platform: platform_check_capture_backend_cfg:txbecf: afe: Codec selected backend: 5 updated bit width: 0 and sample rate: 0
02-25 00:01:46.279   788 13268 I msm8974_platform: platform_check_capture_backend_cfg:txbecf: afe: Codec backend needs to be updated. new bit width: 0 new sample rate: 0 new channel: 1
02-25 00:01:46.279   788 13268 V msm8974_platform: platform_get_backend_index:napb: backend port - 5 device - 120 
02-25 00:01:46.279   788 13268 V msm8974_platform: platform_set_backend_cfg:becf: afe: bitwidth 0, samplerate 0 channels 1, backend_idx 5 device (voice-rec-mic)
02-25 00:01:46.279   788 13268 E msm8974_platform: platform_set_backend_cfg:becf: afe: Could not get ctl for mixer command - SLIM_0_TX Format
02-25 00:01:46.279   788 13268 V msm8974_platform: platform_send_audio_calibration: sending audio calibration for snd_device(120) acdb_id(62)
02-25 00:01:46.279   788 13268 D ACDB-LOADER: ACDB -> send_audio_cal, acdb_id = 62, path = 1, app id = 0x11130, sample rate = 48000
02-25 00:01:46.279   788 13268 D ACDB-LOADER: ACDB -> send_asm_topology
02-25 00:01:46.279   788 13268 D ACDB-LOADER: ACDB -> ACDB_CMD_GET_AUDPROC_STREAM_TOPOLOGY_ID
02-25 00:01:46.279   788 13268 D ACDB-LOADER: ACDB -> send_adm_topology
02-25 00:01:46.279   788 13268 D ACDB-LOADER: ACDB -> ACDB_CMD_GET_AUDPROC_COMMON_TOPOLOGY_ID
02-25 00:01:46.279   788 13268 D ACDB-LOADER: ACDB -> send_audtable
02-25 00:01:46.279   788 13268 D ACDB-LOADER: ACDB -> ACDB_CMD_GET_AUDPROC_COMMON_TABLE_SIZE
02-25 00:01:46.279   788 13268 D ACDB-LOADER: ACDB -> ACDB_CMD_GET_AUDPROC_COMMON_TABLE
02-25 00:01:46.279   788 13268 D ACDB-LOADER: ACDB -> AUDIO_SET_AUDPROC_CAL
02-25 00:01:46.279   788 13268 D ACDB-LOADER: ACDB -> send_audvoltable
02-25 00:01:46.279   788 13268 D ACDB-LOADER: ACDB -> ACDB_CMD_GET_AUDPROC_VOL_STEP_TABLE_SIZE
02-25 00:01:46.279   788 13268 D ACDB-LOADER: ACDB -> ACDB_CMD_GET_AUDPROC_GAIN_DEP_STEP_TABLE, vol index 0
02-25 00:01:46.280   788 13268 D         : Failed to fetch the lookup information of the device 0000003E 
02-25 00:01:46.280   788 13268 D ACDB-LOADER: ACDB -> AUDIO_SET_VOL_CAL cal type = 12
02-25 00:01:46.280   788 13268 D ACDB-LOADER: ACDB -> ACDB_CMD_GET_AUDPROC_STREAM_TABLE_SIZE
02-25 00:01:46.280   788 13268 D ACDB-LOADER: ACDB -> send_audstrmtable
02-25 00:01:46.280   788 13268 D ACDB-LOADER: ACDB -> ACDB_CMD_GET_AUDPROC_STREAM_TABLE_V2
02-25 00:01:46.280   788 13268 D ACDB-LOADER: ACDB -> audstrm_cal->cal_type.cal_data.cal_size = 456
02-25 00:01:46.280   788 13268 D ACDB-LOADER: ACDB -> send_afe_topology
02-25 00:01:46.280   788 13268 D ACDB-LOADER: ACDB -> ACDB_CMD_GET_AFE_TOPOLOGY_ID
02-25 00:01:46.280   788 13268 D ACDB-LOADER: ACDB -> GET_AFE_TOPOLOGY_ID for adcd_id 62, Topology Id 112fb
02-25 00:01:46.280   788 13268 D ACDB-LOADER: ACDB -> send_afe_cal
02-25 00:01:46.280   788 13268 D ACDB-LOADER: ACDB -> ACDB_CMD_GET_AFE_COMMON_TABLE_SIZE
02-25 00:01:46.280   788 13268 D         : Failed to fetch the lookup information of the device 0000003E 
02-25 00:01:46.280   788 13268 E ACDB-LOADER: Error: ACDB_CMD_GET_AFE_COMMON_TABLE_SIZE Returned = -19
02-25 00:01:46.280   788 13268 D ACDB-LOADER: ACDB -> ACDB_CMD_GET_AFE_COMMON_TABLE
02-25 00:01:46.281   788 13268 D         : Failed to fetch the lookup information of the device 0000003E 
02-25 00:01:46.281   788 13268 D ACDB-LOADER: ACDB -> AUDIO_SET_AFE_CAL
02-25 00:01:46.281   788 13268 D ACDB-LOADER: ACDB -> send_hw_delay : acdb_id = 62 path = 1
02-25 00:01:46.281   788 13268 D ACDB-LOADER: ACDB -> ACDB_AVSYNC_INFO: ACDB_CMD_GET_DEVICE_PROPERTY
02-25 00:01:46.281   788 13268 D audio_hw_primary: enable_snd_device: snd_device(120: voice-rec-mic)
02-25 00:01:46.281   788 13268 D audio_route: Apply path: voice-rec-mic
02-25 00:01:46.284   788 13268 V msm8974_platform: platform_get_snd_device_backend_index: enter with device 120
02-25 00:01:46.284   788 13268 E msm8974_platform: platform_get_snd_device_backend_index: BE DAI Name Table is not present
02-25 00:01:46.284   788 13268 V msm8974_platform: platform_get_backend_index:napb: backend port - 5 device - 120 
02-25 00:01:46.284   788 13268 I audio_hw_utils: Set Audio Stream Capture 0 App Type Cfg: app_type 69936, acdb_dev_id 62, sample_rate 48000, snd_device_be_idx -14
02-25 00:01:46.284   788 13268 D audio_hw_primary: enable_audio_route: usecase(9) apply and update mixer path: audio-record
02-25 00:01:46.284   788 13268 D audio_route: Apply path: audio-record
02-25 00:01:46.354 20270 21092 I MicroDetectionWorker: onReady
02-25 00:01:46.468   808   808 I SFPerfTracer:      triggers: (rate: 57:1993729) (compose: 0:7) (post: 0:19) (render: 0:17) (11:8739014 frames) (12:10423973)
02-25 00:01:46.468   808   808 D SFPerfTracer:        layers: (5:14) (NavigationBar#0 (0xb07df000): 10:613242) (StatusBar#0 (0xb07e3000): 9:1644132) (com.android.systemui.ImageWallpaper#0 (0xb07e7000): 1:54033) (Sprite#0 (0xb0733000): 0:317)* (DimLayerController/Stack=0#0 (0xb075a000): 0:3734)* (Sprite#1 (0xb077c000): 0:195)* (animation background stackId=1#0 (0xb039b000): 0:108)* (org.mozilla.fennec_aurora/org.mozilla.fenix.HomeActivity#0 (0xb0140000): 0:47)- (com.android.launcher3/com.android.launcher3.CustomizationPanelLauncher#0 (0xb0763000): 0:41)- (com.android.launcher3/com.android.launcher3.CustomizationPanelLauncher#1 (0xb0771000): 0:12)- (Splash Screen org.mozilla.fennec_aurora#0 (0xb013a000): 0:30)- (org.mozilla.fennec_aurora/org.mozilla.fenix.HomeActivity#0 (0xb0140000): 12:35) (com.android.launcher3/com.android.launcher3.CustomizationPanelLauncher#0 (0xb0763000): 12:16)* (com.android.launcher3/com.android.launcher3.CustomizationPanelLauncher#1 (0xb0771000): 1:4) 
02-25 00:01:46.667  1456  7796 I OpenGLRenderer: Initialized EGL, version 1.4
02-25 00:01:46.668  1456  7796 D OpenGLRenderer: Swap behavior 2
02-25 00:01:46.701  2748  2917 W OpenGLRenderer: Incorrectly called buildLayer on View: ShortcutAndWidgetContainer, destroying layer...
02-25 00:01:46.819 13029 13081 I chatty  : uid=11035(org.mozilla.fennec_aurora) expire 1 line
02-25 00:01:51.297  1456  2920 I ActivityManager: Force stopping org.mozilla.fennec_aurora appid=11035 user=0: from pid 13271
02-25 00:01:51.297  1456  2920 I ActivityManager: Killing 13029:org.mozilla.fennec_aurora/u0a1035 (adj 700): stop org.mozilla.fennec_aurora
02-25 00:01:51.300  1456  1605 W zygote  : kill(-13029, 9) failed: No such process
02-25 00:01:51.301 13110 13110 I chatty  : uid=11035(org.mozilla.fennec_aurora) expire 1 line
02-25 00:01:51.301 13137 13137 I chatty  : uid=11035(org.mozilla.fennec_aurora) expire 1 line
02-25 00:01:51.302  1456  2920 W ActivityManager: Force removing ActivityRecord{972122f u0 org.mozilla.fennec_aurora/org.mozilla.fenix.HomeActivity t29125}: app died, no saved state
02-25 00:01:51.311  1456  2920 I ActivityManager: Killing 13137:org.mozilla.fennec_aurora:socket/u0a1035 (adj 0): stop org.mozilla.fennec_aurora
02-25 00:01:51.315  1456  1605 W zygote  : kill(-13029, 9) failed: No such process
02-25 00:01:51.316  1456  2920 I ActivityManager: Killing 13110:org.mozilla.fennec_aurora:tab/u0a1035 (adj 0): stop org.mozilla.fennec_aurora
02-25 00:01:51.324 17214 17214 I AppBase : onTrimMemory(): 15
02-25 00:01:51.324 17214 17214 I GoogleInputMethodService: onTrimMemory(): 15
02-25 00:01:51.330  1456  1605 W zygote  : kill(-13029, 9) failed: No such process
02-25 00:01:51.344  2398  2398 D CarrierSvcBindHelper: No carrier app for: 0
02-25 00:01:51.347  1456  1605 W zygote  : kill(-13029, 9) failed: No such process
02-25 00:01:51.347  2398  2398 D CarrierSvcBindHelper: No carrier app for: 1
02-25 00:01:51.362  1456  1605 W zygote  : kill(-13029, 9) failed: No such process
02-25 00:01:51.390  1456  1605 I chatty  : uid=1000(system) ActivityManager identical 5 lines
02-25 00:01:51.392  1456  1673 W ActivityManager: setHasOverlayUi called on unknown pid: 13029
02-25 00:01:51.405  1456  1605 W zygote  : kill(-13029, 9) failed: No such process
02-25 00:01:51.405  1456  1605 I zygote  : Successfully killed process cgroup uid 11035 pid 13029 in 105ms
02-25 00:01:51.405  1456  1605 W zygote  : kill(-13137, 9) failed: No such process
02-25 00:01:51.405  1456  1605 I zygote  : Successfully killed process cgroup uid 11035 pid 13137 in 0ms
02-25 00:01:51.406  1456  1605 W zygote  : kill(-13110, 9) failed: No such process
02-25 00:01:51.406  1456  1605 I zygote  : Successfully killed process cgroup uid 11035 pid 13110 in 0ms
02-25 00:01:51.439  1456  4829 I ActivityManager: START u0 {act=android.intent.action.MAIN cat=[android.intent.category.LAUNCHER] flg=0x10000000 cmp=org.mozilla.fennec_aurora/org.mozilla.fenix.HomeActivity} from uid 2000
02-25 00:01:51.440   794   839 E ANDR-PERF-RESOURCEQS: Failed to apply optimization [4, 0]
02-25 00:01:51.459   808   898 I SFPerfTracer:      triggers: (rate: 0:1) (0 sw vsyncs) (0 skipped) (1:4639484 vsyncs) (3:10484726)
02-25 00:01:51.459  1456 10962 I ActivityManager: Start proc 13278:org.mozilla.fennec_aurora/u0a1035 for activity org.mozilla.fennec_aurora/org.mozilla.fenix.HomeActivity
02-25 00:01:51.468  1456  7796 I OpenGLRenderer: Initialized EGL, version 1.4
02-25 00:01:51.469  1456  7796 D OpenGLRenderer: Swap behavior 2
02-25 00:01:51.507  1456 10962 W ActivityManager: getTaskSnapshot: taskId=29125 not found
02-25 00:01:51.547 20270 21092 I MicroDetectionState: Should stop hotword detection immediately - false
02-25 00:01:51.547 20270 21092 I MicroDetector: Keeping mic open: false
02-25 00:01:51.547 20270 17075 E DeviceStateChecker: DeviceStateChecker cancelled
02-25 00:01:51.547 20270 21092 I RecognitionAudioControl: #shutdownAudio [requestId: -4447406365900203129, keepAudioOpen: false, forced: true]
02-25 00:01:51.547 20270 21092 I RecognitionAudioControl: #internalShutdownAudio [requestId: -4447406365900203129]
02-25 00:01:51.548 20270 21092 I RecognitionAudioControl: #internalShutdownAudio [keepAudioOpen: false, forced: true]
02-25 00:01:51.548 20270 21092 I RecognitionAudioControl: #actualShutdownAudio
02-25 00:01:51.548 20270 21092 I AudioController: #shutdown [requestId=-4447406365900203129]
02-25 00:01:51.548 20270 21118 I AudioController: internalShutdown
02-25 00:01:51.548 20270 21107 I MicroRecognitionRunner: Stopping hotword detection.
02-25 00:01:51.591   788  1479 D audio_hw_primary: disable_audio_route: usecase(9) reset and update mixer path: audio-record
02-25 00:01:51.591   788  1479 D audio_hw_primary: disable_snd_device: snd_device(120: voice-rec-mic)
02-25 00:01:51.593  1012  1301 D APM_AudioPolicyManager: stopInput() input 160518, session 160625
02-25 00:01:51.593   788  1479 D audio_hw_primary: in_set_parameters: enter: kvpairs=routing=0
02-25 00:01:51.597 20270 21118 I MicrophoneInputStream: mic_close  SR : 16000 CC : 16 SO : 1999
02-25 00:01:51.597 20270 21118 E AudioSource: Stop listening is called on already closed AudioSource
02-25 00:01:51.599 20270 21400 I MicroRecognitionRunner: Detection finished
02-25 00:01:51.634 13278 13278 I chatty  : uid=11035(org.mozilla.fennec_aurora) expire 51 lines
02-25 00:01:51.705 13278 13297 I chatty  : uid=11035(org.mozilla.fennec_aurora) expire 4 lines
02-25 00:01:51.728 13278 13305 I chatty  : uid=11035(org.mozilla.fennec_aurora) expire 12 lines
02-25 00:01:51.744 13278 13304 I chatty  : uid=11035(org.mozilla.fennec_aurora) expire 17 lines
02-25 00:01:51.790 13278 13312 I chatty  : uid=11035(org.mozilla.fennec_aurora) expire 30 lines
02-25 00:01:51.877 13278 13315 I chatty  : uid=11035(org.mozilla.fennec_aurora) expire 1 line
02-25 00:01:51.890 13278 13324 I chatty  : uid=11035(org.mozilla.fennec_aurora) expire 10 lines
02-25 00:01:51.964 13278 13283 I chatty  : uid=11035(org.mozilla.fennec_aurora) expire 8 lines
02-25 00:01:52.188 13278 13278 E ActivityThread: Failed to find provider info for org.mozilla.fennec_aurora.fxa.auth
02-25 00:01:52.265  1456  6339 I ActivityManager: Start proc 13358:org.mozilla.fennec_aurora:tab/u0a1035 for service org.mozilla.fennec_aurora/org.mozilla.gecko.process.GeckoChildProcessServices$tab
02-25 00:01:52.285 13278 13372 I chatty  : uid=11035(org.mozilla.fennec_aurora) expire 9 lines
02-25 00:01:52.382  1456  6339 I ActivityManager: Start proc 13386:org.mozilla.fennec_aurora:socket/u0a1035 for service org.mozilla.fennec_aurora/org.mozilla.gecko.process.GeckoChildProcessServices$socket
02-25 00:01:52.393 13358 13358 I chatty  : uid=11035(org.mozilla.fennec_aurora) expire 2 lines
02-25 00:01:52.393 13358 13399 I chatty  : uid=11035(org.mozilla.fennec_aurora) expire 1 line
02-25 00:01:52.507 13386 13386 I chatty  : uid=11035(org.mozilla.fennec_aurora) expire 2 lines
02-25 00:01:52.508 13386 13403 I chatty  : uid=11035(org.mozilla.fennec_aurora) expire 15 lines
02-25 00:01:52.606  1456  5907 I ActivityManager: Displayed org.mozilla.fennec_aurora/org.mozilla.fenix.HomeActivity: +1s158ms
02-25 00:01:52.606  1456  5907 I ActivityManager: Fully drawn org.mozilla.fennec_aurora/org.mozilla.fenix.HomeActivity: +1s158ms
02-25 00:01:52.657  1456  1673 I LaunchCheckinHandler: Displayed org.mozilla.fennec_aurora/org.mozilla.fenix.HomeActivity,cp,ca,1209
02-25 00:01:52.664 13278 13278 E ActivityThread: Failed to find provider info for org.mozilla.fennec_aurora.fxa.auth
02-25 00:01:52.744 20270 20270 I MemoryTrimmer: Trimming objects from memory, since app is in the background.
02-25 00:01:52.754 20270 21092 E AudioSource: Stop listening is called on already closed AudioSource
02-25 00:01:52.756 20270 23357 E chromium: [ERROR:aw_gl_functor.cc(102)] Received unexpected kModeProcessNoContext
02-25 00:01:52.756 20270 23357 E libEGL  : call to OpenGL ES API with no current context (logged once per thread)
02-25 00:01:52.757 20270 20270 I MemoryTrimmer: Trimming objects from memory, since app is in the background.
02-25 00:01:52.757 20270 26778 I PBSessionCacheImpl: Deleted sessionId[89149984825582319] from persistence.
02-25 00:01:52.761  1456  6339 I WifiService: getWifiEnabledState uid=10073
02-25 00:01:52.763 20270 21092 I DEBUG   : OpaToSrpTransitionState#onStateChanged#notNullQuery
02-25 00:01:52.763 20270 21092 I DEBUG   : OpaToSrpTransitionState#onStateChanged#notNullQuery
02-25 00:01:52.766 20270 21092 W SearchServiceCore: Abort, client detached.
02-25 00:01:52.766 20270 21092 I chatty  : uid=10073(com.google.android.googlequicksearchbox) EventBus0 identical 1 line
02-25 00:01:52.767 20270 21092 W SearchServiceCore: Abort, client detached.
02-25 00:01:53.546  1023 13455 D libc    : Internal error: netid(0), id(0x5c46), server(0.0.0.0)
02-25 00:01:53.546  1023 13455 D libc    : Internal error: netid(0), id(0x5c46), server(0.0.0.0)
02-25 00:01:53.547  1023 13455 D libc    : Internal error: netid(0), id(0x4070), server(0.0.0.0)
02-25 00:01:53.547  1023 13455 D libc    : Internal error: netid(0), id(0x4070), server(0.0.0.0)
02-25 00:01:53.578 13278 13450 I chatty  : uid=11035(org.mozilla.fennec_aurora) expire 2 lines
02-25 00:01:53.718  1023 13460 D libc    : Internal error: netid(0), id(0x6608), server(0.0.0.0)
02-25 00:01:53.718  1023 13460 D libc    : Internal error: netid(0), id(0x6608), server(0.0.0.0)
02-25 00:01:53.718  1023 13460 D libc    : Internal error: netid(0), id(0x8e78), server(0.0.0.0)
02-25 00:01:53.718  1023 13460 D libc    : Internal error: netid(0), id(0x8e78), server(0.0.0.0)
02-25 00:01:53.719  1023 13463 D libc    : Internal error: netid(0), id(0xac46), server(0.0.0.0)
02-25 00:01:53.719  1023 13463 D libc    : Internal error: netid(0), id(0xac46), server(0.0.0.0)
02-25 00:01:53.719  1023 13463 D libc    : Internal error: netid(0), id(0x4c52), server(0.0.0.0)
02-25 00:01:53.720  1023 13463 D libc    : Internal error: netid(0), id(0x4c52), server(0.0.0.0)
02-25 00:01:53.721  1023 13467 D libc    : Internal error: netid(0), id(0x3503), server(0.0.0.0)
02-25 00:01:53.721  1023 13467 D libc    : Internal error: netid(0), id(0x3503), server(0.0.0.0)
02-25 00:01:53.722  1023 13467 D libc    : Internal error: netid(0), id(0xdc09), server(0.0.0.0)
02-25 00:01:53.722  1023 13467 D libc    : Internal error: netid(0), id(0xdc09), server(0.0.0.0)
02-25 00:01:53.759 13278 13332 I chatty  : uid=11035(org.mozilla.fennec_aurora) expire 1 line
02-25 00:01:53.759 13278 13306 I chatty  : uid=11035(org.mozilla.fennec_aurora) expire 1 line
02-25 00:01:53.795 13278 13378 I chatty  : uid=11035(org.mozilla.fennec_aurora) expire 1 line
02-25 00:01:57.102 13498 13498 D AndroidRuntime: >>>>>> START com.android.internal.os.RuntimeInit uid 2000 <<<<<<
02-25 00:01:57.114 13498 13498 W app_process: Could not reserve sentinel fault page
02-25 00:01:57.280 13498 13498 I app_process: The ClassLoaderContext is a special shared library.
02-25 00:01:57.346 13498 13498 D AndroidRuntime: Calling main entry com.android.commands.input.Input
02-25 00:01:57.352 13498 13498 I Input   : injectKeyEvent: KeyEvent { action=ACTION_DOWN, keyCode=KEYCODE_HOME, scanCode=0, metaState=0, flags=0x0, repeatCount=0, eventTime=14682972627, downTime=14682972627, deviceId=-1, source=0x101 }
02-25 00:01:57.358 13498 13498 I Input   : injectKeyEvent: KeyEvent { action=ACTION_UP, keyCode=KEYCODE_HOME, scanCode=0, metaState=0, flags=0x0, repeatCount=0, eventTime=14682972627, downTime=14682972627, deviceId=-1, source=0x101 }
02-25 00:01:57.365  1456  1941 I ActivityManager: START u0 {act=android.intent.action.MAIN cat=[android.intent.category.HOME] flg=0x10200000 cmp=com.android.launcher3/.CustomizationPanelLauncher (has extras)} from uid 1000
02-25 00:01:57.366   794   839 E ANDR-PERF-RESOURCEQS: Failed to apply optimization [4, 0]
02-25 00:01:57.377  1456  1941 I ActivityManager: moveHomeStack, setupComplete:true
02-25 00:01:57.382 20270 23357 I OpenGLRenderer: Initialized EGL, version 1.4
02-25 00:01:57.382 20270 23357 D OpenGLRenderer: Swap behavior 2
02-25 00:01:57.388 13498 13498 D AndroidRuntime: Shutting down VM
02-25 00:01:57.404  2748  2748 D Launcher.Utilities: Wakeup weather: Intent { act=com.motorola.launcher3.action.WAKEUP_WEATHER cmp=com.motorola.timeweatherwidget/com.motorola.commandcenter.weather.WakeUpService }
02-25 00:01:57.417  1456  1456 I NotificationService: Cannot find enqueued record for key: 0|com.motorola.timeweatherwidget|1|null|10116
02-25 00:01:57.419   808   808 D SurfaceFlinger: duplicate layer name: changing com.android.launcher3/com.android.launcher3.CustomizationPanelLauncher to com.android.launcher3/com.android.launcher3.CustomizationPanelLauncher#1
02-25 00:01:57.432 20270 21111 W ThreadPoolDumper: Queue length for executor EventBus is now 11. Perhaps some tasks are too long, or the pool is too small.
02-25 00:01:57.432  1456 10962 I WifiService: getWifiEnabledState uid=10073
02-25 00:01:57.448  1456  7570 I WifiService: getWifiEnabledState uid=10073
02-25 00:01:57.456 20270 21092 I DEBUG   : OpaToSrpTransitionState#onStateChanged#notNullQuery
02-25 00:01:57.457 20270 21092 I DEBUG   : OpaToSrpTransitionState#onStateChanged#notNullQuery
02-25 00:01:57.473 20270 21092 I MicroDetectionState: Should stop hotword detection immediately - false
02-25 00:01:57.478 20270 21092 I MicroDetectionWorker: #startMicroDetector [speakerMode: 0]
02-25 00:01:57.480 20270 21092 I AudioController: Created new AudioSource
02-25 00:01:57.495  1456  1673 I LaunchCheckinHandler: Displayed com.android.launcher3/.CustomizationPanelLauncher,wp,wa,129
02-25 00:01:57.498 20270 21132 I MicroDataManager: isInitializedWithLatestParams-true
02-25 00:01:57.498 20270 21132 I MicroDataManager: isInitializing-false locale not changed-true model not changed-true
02-25 00:01:57.498 20270 21132 I MicroDataManager: Already initialized, obtaining the hotword data immediately.
02-25 00:01:57.503 20270 17075 I MicroRecognitionRunner: Starting detection.
02-25 00:01:57.503 20270 17075 I InputStreamUtils: Using micInputStream
02-25 00:01:57.503 20270 26778 I MicrophoneInputStream: mic_starting  SR : 16000 CC : 16 SO : 1999
02-25 00:01:57.506   788  1479 V msm8974_platform: platform_check_input_mask: enter check_input_mask source 6 mask 10
02-25 00:01:57.507  1012 13512 I AudioFlinger: AudioFlinger's thread 0xb2483480 tid=13512 ready to run
02-25 00:01:57.515   788  1479 D audio_hw_primary: in_set_parameters: enter: kvpairs=input_source=6;routing=-2147483644
02-25 00:01:57.516  1012 11919 D APM_AudioPolicyManager: AudioPolicyManager::startInput() input 160526, session 160633, source = 1999
02-25 00:01:57.516 20270 26778 I MicrophoneInputStream: mic_started  SR : 16000 CC : 16 SO : 1999
02-25 00:01:57.517   788 13513 V msm8974_platform: platform_update_usecase_from_source: input source :6
02-25 00:01:57.517   788 13513 V msm8974_platform: platform_check_input_mask: enter check_input_mask source 6 mask 10
02-25 00:01:57.517   788 13513 V msm8974_platform: platform_get_input_snd_device: enter: out_device(0) in_device(0x4) channel_count (1) channel_mask (0x10)
02-25 00:01:57.517   788 13513 V msm8974_platform: platform_get_input_snd_device: exit: in_snd_device(voice-rec-mic)
02-25 00:01:57.517   788 13513 V msm8974_platform: platform_get_backend_index:napb: backend port - 5 device - 120 
02-25 00:01:57.517   788 13513 V msm8974_platform: platform_check_and_set_capture_backend_cfg:txbecf: afe: bitwidth 0, samplerate 0, channel 1, backend_idx 5 usecase = 9 device (voice-rec-mic)
02-25 00:01:57.517   788 13513 V msm8974_platform: platform_check_capture_backend_cfg:txbecf: afe: Codec selected backend: 5 current bit width: 0 and sample rate: 0, channels 1
02-25 00:01:57.518   788 13513 V msm8974_platform: platform_check_capture_backend_cfg:txbecf: afe: Codec selected backend: 5 updated bit width: 0 and sample rate: 0
02-25 00:01:57.518   788 13513 I msm8974_platform: platform_check_capture_backend_cfg:txbecf: afe: Codec backend needs to be updated. new bit width: 0 new sample rate: 0 new channel: 1
02-25 00:01:57.518   788 13513 V msm8974_platform: platform_get_backend_index:napb: backend port - 5 device - 120 
02-25 00:01:57.518   788 13513 V msm8974_platform: platform_set_backend_cfg:becf: afe: bitwidth 0, samplerate 0 channels 1, backend_idx 5 device (voice-rec-mic)
02-25 00:01:57.518   788 13513 E msm8974_platform: platform_set_backend_cfg:becf: afe: Could not get ctl for mixer command - SLIM_0_TX Format
02-25 00:01:57.518   788 13513 V msm8974_platform: platform_send_audio_calibration: sending audio calibration for snd_device(120) acdb_id(62)
02-25 00:01:57.518   788 13513 D ACDB-LOADER: ACDB -> send_audio_cal, acdb_id = 62, path = 1, app id = 0x11130, sample rate = 48000
02-25 00:01:57.518   788 13513 D ACDB-LOADER: ACDB -> send_asm_topology
02-25 00:01:57.518   788 13513 D ACDB-LOADER: ACDB -> ACDB_CMD_GET_AUDPROC_STREAM_TOPOLOGY_ID
02-25 00:01:57.518   788 13513 D ACDB-LOADER: ACDB -> send_adm_topology
02-25 00:01:57.518   788 13513 D ACDB-LOADER: ACDB -> ACDB_CMD_GET_AUDPROC_COMMON_TOPOLOGY_ID
02-25 00:01:57.518   788 13513 D ACDB-LOADER: ACDB -> send_audtable
02-25 00:01:57.518   788 13513 D ACDB-LOADER: ACDB -> ACDB_CMD_GET_AUDPROC_COMMON_TABLE_SIZE
02-25 00:01:57.518   788 13513 D ACDB-LOADER: ACDB -> ACDB_CMD_GET_AUDPROC_COMMON_TABLE
02-25 00:01:57.518   788 13513 D ACDB-LOADER: ACDB -> AUDIO_SET_AUDPROC_CAL
02-25 00:01:57.518   788 13513 D ACDB-LOADER: ACDB -> send_audvoltable
02-25 00:01:57.518   788 13513 D ACDB-LOADER: ACDB -> ACDB_CMD_GET_AUDPROC_VOL_STEP_TABLE_SIZE
02-25 00:01:57.518   788 13513 D ACDB-LOADER: ACDB -> ACDB_CMD_GET_AUDPROC_GAIN_DEP_STEP_TABLE, vol index 0
02-25 00:01:57.518   788 13513 D         : Failed to fetch the lookup information of the device 0000003E 
02-25 00:01:57.518   788 13513 D ACDB-LOADER: ACDB -> AUDIO_SET_VOL_CAL cal type = 12
02-25 00:01:57.518   788 13513 D ACDB-LOADER: ACDB -> ACDB_CMD_GET_AUDPROC_STREAM_TABLE_SIZE
02-25 00:01:57.518   788 13513 D ACDB-LOADER: ACDB -> send_audstrmtable
02-25 00:01:57.519   788 13513 D ACDB-LOADER: ACDB -> ACDB_CMD_GET_AUDPROC_STREAM_TABLE_V2
02-25 00:01:57.519   788 13513 D ACDB-LOADER: ACDB -> audstrm_cal->cal_type.cal_data.cal_size = 456
02-25 00:01:57.519   788 13513 D ACDB-LOADER: ACDB -> send_afe_topology
02-25 00:01:57.519   788 13513 D ACDB-LOADER: ACDB -> ACDB_CMD_GET_AFE_TOPOLOGY_ID
02-25 00:01:57.519   788 13513 D ACDB-LOADER: ACDB -> GET_AFE_TOPOLOGY_ID for adcd_id 62, Topology Id 112fb
02-25 00:01:57.519   788 13513 D ACDB-LOADER: ACDB -> send_afe_cal
02-25 00:01:57.519   788 13513 D ACDB-LOADER: ACDB -> ACDB_CMD_GET_AFE_COMMON_TABLE_SIZE
02-25 00:01:57.519   788 13513 D         : Failed to fetch the lookup information of the device 0000003E 
02-25 00:01:57.519   788 13513 E ACDB-LOADER: Error: ACDB_CMD_GET_AFE_COMMON_TABLE_SIZE Returned = -19
02-25 00:01:57.519   788 13513 D ACDB-LOADER: ACDB -> ACDB_CMD_GET_AFE_COMMON_TABLE
02-25 00:01:57.519   788 13513 D         : Failed to fetch the lookup information of the device 0000003E 
02-25 00:01:57.519   788 13513 D ACDB-LOADER: ACDB -> AUDIO_SET_AFE_CAL
02-25 00:01:57.519   788 13513 D ACDB-LOADER: ACDB -> send_hw_delay : acdb_id = 62 path = 1
02-25 00:01:57.519   788 13513 D ACDB-LOADER: ACDB -> ACDB_AVSYNC_INFO: ACDB_CMD_GET_DEVICE_PROPERTY
02-25 00:01:57.519   788 13513 D audio_hw_primary: enable_snd_device: snd_device(120: voice-rec-mic)
02-25 00:01:57.519   788 13513 D audio_route: Apply path: voice-rec-mic
02-25 00:01:57.521   788 13513 V msm8974_platform: platform_get_snd_device_backend_index: enter with device 120
02-25 00:01:57.521   788 13513 E msm8974_platform: platform_get_snd_device_backend_index: BE DAI Name Table is not present
02-25 00:01:57.521   788 13513 V msm8974_platform: platform_get_backend_index:napb: backend port - 5 device - 120 
02-25 00:01:57.521   788 13513 I audio_hw_utils: Set Audio Stream Capture 0 App Type Cfg: app_type 69936, acdb_dev_id 62, sample_rate 48000, snd_device_be_idx -14
02-25 00:01:57.521   788 13513 D audio_hw_primary: enable_audio_route: usecase(9) apply and update mixer path: audio-record
02-25 00:01:57.521   788 13513 D audio_route: Apply path: audio-record
02-25 00:01:57.591 20270 21092 I MicroDetectionWorker: onReady
02-25 00:01:57.900  1456  7796 I OpenGLRenderer: Initialized EGL, version 1.4
02-25 00:01:57.900  1456  7796 D OpenGLRenderer: Swap behavior 2
02-25 00:01:57.916   808   808 I SFPerfTracer:      triggers: (rate: 57:1993729) (compose: 0:7) (post: 0:19) (render: 0:17) (12:8739091 frames) (13:10424077)
02-25 00:01:57.916   808   808 D SFPerfTracer:        layers: (4:14) (NavigationBar#0 (0xb07df000): 0:613263) (StatusBar#0 (0xb07e3000): 0:1644153) (com.android.systemui.ImageWallpaper#0 (0xb07e7000): 0:54035) (Sprite#0 (0xb0733000): 0:317)* (DimLayerController/Stack=0#0 (0xb075a000): 0:3734)* (Sprite#1 (0xb077c000): 0:195)* (animation background stackId=1#0 (0xb039b000): 0:108)* (org.mozilla.fennec_aurora/org.mozilla.fenix.HomeActivity#0 (0xb0140000): 0:47)- (com.android.launcher3/com.android.launcher3.CustomizationPanelLauncher#0 (0xb0763000): 0:39)- (com.android.launcher3/com.android.launcher3.CustomizationPanelLauncher#1 (0xb0771000): 0:10)- (Splash Screen org.mozilla.fennec_aurora#0 (0xb013a000): 0:30)- (org.mozilla.fennec_aurora/org.mozilla.fenix.HomeActivity#0 (0xb0140000): 12:46)* (com.android.launcher3/com.android.launcher3.CustomizationPanelLauncher#0 (0xb0763000): 13:29)* (com.android.launcher3/com.android.launcher3.CustomizationPanelLauncher#1 (0xb0771000): 1:6) 
02-25 00:01:57.961  2748  2917 W OpenGLRenderer: Incorrectly called buildLayer on View: ShortcutAndWidgetContainer, destroying layer...
02-25 00:01:58.074 13278 13331 I chatty  : uid=11035(org.mozilla.fennec_aurora) expire 1 line
02-25 00:01:58.226  1456  1466 I zygote  : NativeAlloc concurrent copying GC freed 43679(2MB) AllocSpace objects, 16(576KB) LOS objects, 38% free, 37MB/61MB, paused 149us total 325.946ms
02-25 00:02:02.537  1456 10962 I ActivityManager: Force stopping org.mozilla.fennec_aurora appid=11035 user=0: from pid 13519
02-25 00:02:02.537  1456 10962 I ActivityManager: Killing 13278:org.mozilla.fennec_aurora/u0a1035 (adj 700): stop org.mozilla.fennec_aurora
02-25 00:02:02.540  1456  1605 W zygote  : kill(-13278, 9) failed: No such process
02-25 00:02:02.542  1456 10962 W ActivityManager: Force removing ActivityRecord{c148df u0 org.mozilla.fennec_aurora/org.mozilla.fenix.HomeActivity t29126}: app died, no saved state
02-25 00:02:02.550  1456 10962 I ActivityManager: Killing 13386:org.mozilla.fennec_aurora:socket/u0a1035 (adj 0): stop org.mozilla.fennec_aurora
02-25 00:02:02.554  1456 10962 I ActivityManager: Killing 13358:org.mozilla.fennec_aurora:tab/u0a1035 (adj 0): stop org.mozilla.fennec_aurora
02-25 00:02:02.563 17214 17214 I AppBase : onTrimMemory(): 15
02-25 00:02:02.563 17214 17214 I GoogleInputMethodService: onTrimMemory(): 15
02-25 00:02:02.566  1456  1605 W zygote  : kill(-13278, 9) failed: No such process
02-25 00:02:02.577  2398  2398 D CarrierSvcBindHelper: No carrier app for: 0
02-25 00:02:02.577  2398  2398 D CarrierSvcBindHelper: No carrier app for: 1
02-25 00:02:02.578  1456  1605 W zygote  : kill(-13278, 9) failed: No such process
02-25 00:02:02.629  1456  1673 W ActivityManager: setHasOverlayUi called on unknown pid: 13278
02-25 00:02:02.642  1456  1605 W zygote  : kill(-13278, 9) failed: No such process
02-25 00:02:02.642  1456  1605 I zygote  : Successfully killed process cgroup uid 11035 pid 13278 in 102ms
02-25 00:02:02.642  1456  1605 W zygote  : kill(-13386, 9) failed: No such process
