05-10 21:42:52.818  2398  2398 D PhoneSwitcherNetworkRequstListener: got request NetworkRequest [ TRACK_DEFAULT id=46269, [ Capabilities: INTERNET&NOT_RESTRICTED&TRUSTED&NOT_VPN] ] with score 60
05-10 21:42:52.818  1456  2099 D Ethernet: got request NetworkRequest [ TRACK_DEFAULT id=46269, [ Capabilities: INTERNET&NOT_RESTRICTED&TRUSTED&NOT_VPN] ] with score 60
05-10 21:42:52.818  1456  2054 D WIFI_UT : got request NetworkRequest [ TRACK_DEFAULT id=46269, [ Capabilities: INTERNET&NOT_RESTRICTED&TRUSTED&NOT_VPN] ] with score 60
05-10 21:42:52.818  1456  2054 D WIFI    : got request NetworkRequest [ TRACK_DEFAULT id=46269, [ Capabilities: INTERNET&NOT_RESTRICTED&TRUSTED&NOT_VPN] ] with score 60
05-10 21:42:52.827  8802  8998 I chatty  : uid=11321(org.mozilla.fennec_aurora) expire 5 lines
05-10 21:42:52.955  1456  7796 I OpenGLRenderer: Initialized EGL, version 1.4
05-10 21:42:52.955  1456  7796 D OpenGLRenderer: Swap behavior 2
05-10 21:42:52.989  2748  2917 W OpenGLRenderer: Incorrectly called buildLayer on View: ShortcutAndWidgetContainer, destroying layer...
05-10 21:42:53.009  8802  8831 I chatty  : uid=11321(org.mozilla.fennec_aurora) expire 2 lines
05-10 21:42:53.015  1456  2067 D ConnectivityService: releasing NetworkRequest [ TRACK_DEFAULT id=46269, [ Capabilities: INTERNET&NOT_RESTRICTED&TRUSTED&NOT_VPN] ] (release request)
05-10 21:42:53.109  8802  8848 I chatty  : uid=11321(org.mozilla.fennec_aurora) expire 1 line
05-10 21:42:53.151   808   898 I SFPerfTracer:      triggers: (rate: 0:1) (0 sw vsyncs) (0 skipped) (38:7056055 vsyncs) (40:14282558)
05-10 21:42:53.164  1456  2923 D ConnectivityService: requestNetwork for uid/pid:11321/8802 NetworkRequest [ TRACK_DEFAULT id=46270, [ Capabilities: INTERNET&NOT_RESTRICTED&TRUSTED&NOT_VPN] ]
05-10 21:42:53.166  1456  2054 D WIFI_UT : got request NetworkRequest [ TRACK_DEFAULT id=46270, [ Capabilities: INTERNET&NOT_RESTRICTED&TRUSTED&NOT_VPN] ] with score 60
05-10 21:42:53.166  1456  2054 D WIFI    : got request NetworkRequest [ TRACK_DEFAULT id=46270, [ Capabilities: INTERNET&NOT_RESTRICTED&TRUSTED&NOT_VPN] ] with score 60
05-10 21:42:53.166  1456  2099 D Ethernet: got request NetworkRequest [ TRACK_DEFAULT id=46270, [ Capabilities: INTERNET&NOT_RESTRICTED&TRUSTED&NOT_VPN] ] with score 60
05-10 21:42:53.167  2398  2398 D PhoneSwitcherNetworkRequstListener: got request NetworkRequest [ TRACK_DEFAULT id=46270, [ Capabilities: INTERNET&NOT_RESTRICTED&TRUSTED&NOT_VPN] ] with score 60
05-10 21:42:53.179  8802  9000 I chatty  : uid=11321(org.mozilla.fennec_aurora) expire 9 lines
05-10 21:42:53.342  1456  1466 I zygote  : NativeAlloc concurrent copying GC freed 59568(3MB) AllocSpace objects, 25(944KB) LOS objects, 36% free, 41MB/65MB, paused 232us total 387.018ms
05-10 21:42:53.625  1456  2067 D ConnectivityService: releasing NetworkRequest [ TRACK_DEFAULT id=46270, [ Capabilities: INTERNET&NOT_RESTRICTED&TRUSTED&NOT_VPN] ] (release request)
05-10 21:42:57.537 19951 21473 I ChimeraSrvcProxy: NullBinder for com.google.android.gms.duokit.service.START triggering remote TransactionTooLargeException due to Service without Chimera impl
05-10 21:42:57.538  8520  8600 E JavaBinder: !!! FAILED BINDER TRANSACTION !!!  (parcel size = 756)
05-10 21:42:57.539  8520  8600 W GmsClient: IGmsServiceBroker.getService failed
05-10 21:42:57.539  8520  8600 W GmsClient: android.os.DeadObjectException: Transaction failed on small parcel; remote process probably died
05-10 21:42:57.539  8520  8600 W GmsClient: 	at android.os.BinderProxy.transactNative(Native Method)
05-10 21:42:57.539  8520  8600 W GmsClient: 	at android.os.BinderProxy.transact(Binder.java:764)
05-10 21:42:57.539  8520  8600 W GmsClient: 	at sbj.getService(PG:9)
05-10 21:42:57.539  8520  8600 W GmsClient: 	at com.google.android.gms.common.internal.BaseGmsClient.a(PG:86)
05-10 21:42:57.539  8520  8600 W GmsClient: 	at rxu.run(PG:7)
05-10 21:42:57.539  8520  8600 W GmsClient: 	at android.os.Handler.handleCallback(Handler.java:790)
05-10 21:42:57.539  8520  8600 W GmsClient: 	at android.os.Handler.dispatchMessage(Handler.java:99)
05-10 21:42:57.539  8520  8600 W GmsClient: 	at sns.a(PG:5)
05-10 21:42:57.539  8520  8600 W GmsClient: 	at sns.dispatchMessage(PG:4)
05-10 21:42:57.539  8520  8600 W GmsClient: 	at android.os.Looper.loop(Looper.java:164)
05-10 21:42:57.539  8520  8600 W GmsClient: 	at android.os.HandlerThread.run(HandlerThread.java:65)
05-10 21:42:57.575  1456  2923 I ActivityManager: Force stopping org.mozilla.fennec_aurora appid=11321 user=0: from pid 9005
05-10 21:42:57.575  1456  2923 I ActivityManager: Killing 8802:org.mozilla.fennec_aurora/u0a1321 (adj 700): stop org.mozilla.fennec_aurora
05-10 21:42:57.577  1456  1605 W zygote  : kill(-8802, 9) failed: No such process
05-10 21:42:57.578  1456  2923 W ActivityManager: Force removing ActivityRecord{540dc4 u0 org.mozilla.fennec_aurora/org.mozilla.fenix.HomeActivity t71036}: app died, no saved state
05-10 21:42:57.587  1456  2923 I ActivityManager: Killing 8878:org.mozilla.fennec_aurora:tab0/u0a1321 (adj 0): stop org.mozilla.fennec_aurora
05-10 21:42:57.592  8178  8178 D GeckoMemoryMonitor: onTrimMemory() notification received with level 15
05-10 21:42:57.592  8178  8178 D GeckoMemoryMonitor: increasing memory pressure to 4
05-10 21:42:57.595 27909 27909 I AppBase : AppBase.onTrimMemory():614 onTrimMemory(): 15
05-10 21:42:57.595 27909 27909 I GoogleInputMethodService: GoogleInputMethodService.onTrimMemory():4184 onTrimMemory(): 15
05-10 21:42:57.597  1456  1605 W zygote  : kill(-8802, 9) failed: No such process
05-10 21:42:57.604  2398  2398 D CarrierSvcBindHelper: No carrier app for: 0
05-10 21:42:57.606  2398  2398 D CarrierSvcBindHelper: No carrier app for: 1
05-10 21:42:57.613  1456  1605 W zygote  : kill(-8802, 9) failed: No such process
05-10 21:42:57.642  1456  1605 I chatty  : uid=1000(system) ActivityManager identical 2 lines
05-10 21:42:57.653  1456  1673 W ActivityManager: setHasOverlayUi called on unknown pid: 8802
05-10 21:42:57.657  1456  1605 W zygote  : kill(-8802, 9) failed: No such process
05-10 21:42:57.657  1456  1605 I zygote  : Successfully killed process cgroup uid 11321 pid 8802 in 80ms
05-10 21:42:57.657  1456  1605 W zygote  : kill(-8878, 9) failed: No such process
05-10 21:42:57.657  1456  1605 I zygote  : Successfully killed process cgroup uid 11321 pid 8878 in 0ms
05-10 21:42:57.705  1456  2401 I ActivityManager: START u0 {act=android.intent.action.MAIN cat=[android.intent.category.LAUNCHER] flg=0x10000000 cmp=org.mozilla.fennec_aurora/.App} from uid 2000
05-10 21:42:57.705   794   839 E ANDR-PERF-RESOURCEQS: Failed to apply optimization [4, 0]
05-10 21:42:57.717  1456  7796 I OpenGLRenderer: Initialized EGL, version 1.4
05-10 21:42:57.718  1456  7796 D OpenGLRenderer: Swap behavior 2
05-10 21:42:57.726  1456  5027 I ActivityManager: Start proc 9012:org.mozilla.fennec_aurora/u0a1321 for activity org.mozilla.fennec_aurora/.App
05-10 21:42:57.814 21279 21329 I MicroDetectionState: Should stop hotword detection immediately - false
05-10 21:42:57.814 21279 21329 I MicroDetector: Keeping mic open: false
05-10 21:42:57.814 21279 29345 E DeviceStateChecker: DeviceStateChecker cancelled
05-10 21:42:57.814 21279 21329 I MicroDetector: #shutdownAudioWithAudioLibrary
05-10 21:42:57.815 21279 21330 I MicroRecognitionRunner: Stopping hotword detection.
05-10 21:42:57.816 21279  8355 W b       : #read failed: read EOF from AudioAccessor.
05-10 21:42:57.817 21279  8355 I MicroRecognitionRunner: Detection finished
05-10 21:42:57.863   788  1479 D audio_hw_primary: disable_audio_route: usecase(9) reset and update mixer path: audio-record
05-10 21:42:57.863   788  1479 D audio_hw_primary: disable_snd_device: snd_device(120: voice-rec-mic)
05-10 21:42:57.867  1012 19499 D APM_AudioPolicyManager: stopInput() input 342542, session 342657
05-10 21:42:57.868   788  1401 D audio_hw_primary: in_set_parameters: enter: kvpairs=routing=0
05-10 21:42:57.870 21279 21329 I HotwordLSAdapter: stopListeningStatus result: 1
05-10 21:42:57.905  9012  9012 I chatty  : uid=11321(org.mozilla.fennec_aurora) expire 25 lines
05-10 21:42:57.979  9012  9032 I chatty  : uid=11321(org.mozilla.fennec_aurora) expire 4 lines
05-10 21:42:58.002  9012  9040 I chatty  : uid=11321(org.mozilla.fennec_aurora) expire 11 lines
05-10 21:42:58.021  9012  9039 I chatty  : uid=11321(org.mozilla.fennec_aurora) expire 11 lines
05-10 21:42:58.028  9012  9043 I chatty  : uid=11321(org.mozilla.fennec_aurora) expire 12 lines
05-10 21:42:58.094  9012  9050 I chatty  : uid=11321(org.mozilla.fennec_aurora) expire 6 lines
05-10 21:42:58.120  9012  9042 I chatty  : uid=11321(org.mozilla.fennec_aurora) expire 2 lines
05-10 21:42:58.157  9012  9063 I chatty  : uid=11321(org.mozilla.fennec_aurora) expire 2 lines
05-10 21:42:58.166  9012  9043 I chatty  : uid=11321(org.mozilla.fennec_aurora) expire 7 lines
05-10 21:42:58.177  1456  5027 I ActivityManager: START u0 {act=android.intent.action.MAIN cat=[android.intent.category.LAUNCHER] flg=0x10000000 cmp=org.mozilla.fennec_aurora/org.mozilla.fenix.HomeActivity (has extras)} from uid 11321
05-10 21:42:58.200   808   808 D SurfaceFlinger: duplicate layer name: changing Splash Screen org.mozilla.fennec_aurora to Splash Screen org.mozilla.fennec_aurora#1
05-10 21:42:58.228  9012  9018 I chatty  : uid=11321(org.mozilla.fennec_aurora) expire 8 lines
05-10 21:42:58.252  1456  4797 I ActivityManager: Start proc 9090:org.mozilla.fennec_aurora:tab0/u0a1321 for service org.mozilla.fennec_aurora/org.mozilla.gecko.process.GeckoChildProcessServices$tab0
05-10 21:42:58.266  9012  9078 I chatty  : uid=11321(org.mozilla.fennec_aurora) expire 1 line
05-10 21:42:58.305  9012  9012 I chatty  : uid=11321(org.mozilla.fennec_aurora) expire 32 lines
05-10 21:42:58.398  9090  9090 I chatty  : uid=11321(org.mozilla.fennec_aurora) expire 2 lines
05-10 21:42:58.400  9090  9110 I chatty  : uid=11321(org.mozilla.fennec_aurora) expire 1 line
05-10 21:42:58.609  9012  9116 I chatty  : uid=11321(org.mozilla.fennec_aurora) expire 10 lines
05-10 21:42:58.617  8178  8194 E AuthStateProvider: Calling package disagreement. Legacy: org.mozilla.fennec.sharedID:11321, new API: org.mozilla.fennec_aurora
05-10 21:42:58.617  8178  8194 D AuthStateProvider: Caller must be whitelisted.
05-10 21:42:58.618  9012  9012 E ActivityThread: Failed to find provider info for org.mozilla.fennec_aurora.fxa.auth
05-10 21:42:58.649  9012  9039 I chatty  : uid=11321(org.mozilla.fennec_aurora) expire 12 lines
05-10 21:42:58.688  9012  9127 I chatty  : uid=11321(org.mozilla.fennec_aurora) expire 9 lines
05-10 21:42:58.702  1456  6339 D ConnectivityService: requestNetwork for uid/pid:11321/9012 NetworkRequest [ TRACK_DEFAULT id=46271, [ Capabilities: INTERNET&NOT_RESTRICTED&TRUSTED&NOT_VPN] ]
05-10 21:42:58.703  1456  2099 D Ethernet: got request NetworkRequest [ TRACK_DEFAULT id=46271, [ Capabilities: INTERNET&NOT_RESTRICTED&TRUSTED&NOT_VPN] ] with score 60
05-10 21:42:58.703  1456  2054 D WIFI_UT : got request NetworkRequest [ TRACK_DEFAULT id=46271, [ Capabilities: INTERNET&NOT_RESTRICTED&TRUSTED&NOT_VPN] ] with score 60
05-10 21:42:58.703  1456  2054 D WIFI    : got request NetworkRequest [ TRACK_DEFAULT id=46271, [ Capabilities: INTERNET&NOT_RESTRICTED&TRUSTED&NOT_VPN] ] with score 60
05-10 21:42:58.704  2398  2398 D PhoneSwitcherNetworkRequstListener: got request NetworkRequest [ TRACK_DEFAULT id=46271, [ Capabilities: INTERNET&NOT_RESTRICTED&TRUSTED&NOT_VPN] ] with score 60
05-10 21:42:58.711  1456  6339 I WifiService: getDhcpInfo uid=11321
05-10 21:42:58.835  9012  9133 I chatty  : uid=11321(org.mozilla.fennec_aurora) expire 5 lines
05-10 21:42:58.872  1456  1673 I LaunchCheckinHandler: Displayed org.mozilla.fennec_aurora/org.mozilla.fenix.HomeActivity,wp,ca,620
05-10 21:42:58.872  1456  1673 I ActivityManager: Displayed org.mozilla.fennec_aurora/org.mozilla.fenix.HomeActivity: +612ms (total +1s151ms)
05-10 21:42:58.886 21279 21279 I MemoryTrimmer: Trimming objects from memory, since app is in the background.
05-10 21:42:58.894 21279 21279 I MemoryTrimmer: Trimming objects from memory, since app is in the background.
05-10 21:42:58.895 21279 21314 I PBSessionCacheImpl: Deleted sessionId[93587620603325946] from persistence.
05-10 21:42:58.900  1456  5027 I WifiService: getWifiEnabledState uid=10073
05-10 21:42:58.907 21279 21329 W SearchServiceCore: Abort, client detached.
05-10 21:42:58.939  8178  8194 E AuthStateProvider: Calling package disagreement. Legacy: org.mozilla.fennec.sharedID:11321, new API: org.mozilla.fennec_aurora
05-10 21:42:58.939  8178  8194 D AuthStateProvider: Caller must be whitelisted.
05-10 21:42:58.940  9012  9012 E ActivityThread: Failed to find provider info for org.mozilla.fennec_aurora.fxa.auth
05-10 21:42:59.454   808   808 I SFPerfTracer:      triggers: (rate: 88:2047494) (compose: 0:7) (post: 0:19) (render: 0:17) (16:11134167 frames) (17:14161750)
05-10 21:42:59.454   808   808 D SFPerfTracer:        layers: (3:12) (NavigationBar#0 (0xb07df000): 0:1094992) (StatusBar#0 (0xb07e3000): 0:2571514) (com.android.systemui.ImageWallpaper#0 (0xb07e7000): 0:102327)* (Sprite#0 (0xb0733000): 0:317)* (DimLayerController/Stack=0#0 (0xb075a000): 0:3866)* (Sprite#1 (0xb077c000): 0:195)* (org.mozilla.fennec_aurora/org.mozilla.fenix.HomeActivity#0 (0xb039b000): 0:55)- (com.android.launcher3/com.android.launcher3.CustomizationPanelLauncher#0 (0xb0763000): 0:39)- (com.android.launcher3/com.android.launcher3.CustomizationPanelLauncher#1 (0xb0771000): 0:10)- (Splash Screen org.mozilla.fennec_aurora#0 (0xb039b000): 0:19)- (Splash Screen org.mozilla.fennec_aurora#1 (0xafd20000): 0:32)- (org.mozilla.fennec_aurora/org.mozilla.fenix.HomeActivity#0 (0xb039b000): 16:29) 
05-10 21:42:59.629  9012  9117 I chatty  : uid=11321(org.mozilla.fennec_aurora) expire 3 lines
05-10 21:42:59.634  1456  2067 D ConnectivityService: releasing NetworkRequest [ TRACK_DEFAULT id=46271, [ Capabilities: INTERNET&NOT_RESTRICTED&TRUSTED&NOT_VPN] ] (release request)
05-10 21:42:59.688  9012  9160 I chatty  : uid=11321(org.mozilla.fennec_aurora) expire 1 line
05-10 21:42:59.768  9012  9042 I chatty  : uid=11321(org.mozilla.fennec_aurora) expire 26 lines
05-10 21:43:01.231  1456  1893 D BatteryService: uevent={POWER_SUPPLY_VOLTAGE_NOW=4324468, POWER_SUPPLY_CHARGE_RATE=Normal, POWER_SUPPLY_HEALTH=Good, POWER_SUPPLY_CURRENT_NOW=82854, POWER_SUPPLY_PRESENT=1, SUBSYSTEM=power_supply, POWER_SUPPLY_TEMP=295, SEQNUM=506760, ACTION=change, POWER_SUPPLY_NAME=battery, POWER_SUPPLY_STATUS=Full, POWER_SUPPLY_CHARGE_COUNTER=2813411, POWER_SUPPLY_CAPACITY=100, DEVPATH=/devices/soc/qpnp-smbcharger-17/power_supply/battery}
05-10 21:43:01.240  2398  2398 D QtiCarrierConfigHelper: WARNING, no carrier configs on phone Id: 0
05-10 21:43:02.613 19951 20257 I ChimeraSrvcProxy: NullBinder for com.google.android.gms.duokit.service.START triggering remote TransactionTooLargeException due to Service without Chimera impl
05-10 21:43:02.614  8520  8600 E JavaBinder: !!! FAILED BINDER TRANSACTION !!!  (parcel size = 756)
05-10 21:43:02.614  8520  8600 W GmsClient: IGmsServiceBroker.getService failed
05-10 21:43:02.614  8520  8600 W GmsClient: android.os.DeadObjectException: Transaction failed on small parcel; remote process probably died
05-10 21:43:02.614  8520  8600 W GmsClient: 	at android.os.BinderProxy.transactNative(Native Method)
05-10 21:43:02.614  8520  8600 W GmsClient: 	at android.os.BinderProxy.transact(Binder.java:764)
05-10 21:43:02.614  8520  8600 W GmsClient: 	at sbj.getService(PG:9)
05-10 21:43:02.614  8520  8600 W GmsClient: 	at com.google.android.gms.common.internal.BaseGmsClient.a(PG:86)
05-10 21:43:02.614  8520  8600 W GmsClient: 	at rxu.run(PG:7)
05-10 21:43:02.614  8520  8600 W GmsClient: 	at android.os.Handler.handleCallback(Handler.java:790)
05-10 21:43:02.614  8520  8600 W GmsClient: 	at android.os.Handler.dispatchMessage(Handler.java:99)
05-10 21:43:02.614  8520  8600 W GmsClient: 	at sns.a(PG:5)
05-10 21:43:02.614  8520  8600 W GmsClient: 	at sns.dispatchMessage(PG:4)
05-10 21:43:02.614  8520  8600 W GmsClient: 	at android.os.Looper.loop(Looper.java:164)
05-10 21:43:02.614  8520  8600 W GmsClient: 	at android.os.HandlerThread.run(HandlerThread.java:65)
05-10 21:43:03.362  9188  9188 D AndroidRuntime: >>>>>> START com.android.internal.os.RuntimeInit uid 2000 <<<<<<
05-10 21:43:03.375  9188  9188 W app_process: Could not reserve sentinel fault page
05-10 21:43:03.541  9188  9188 I app_process: The ClassLoaderContext is a special shared library.
05-10 21:43:03.609  9188  9188 D AndroidRuntime: Calling main entry com.android.commands.input.Input
05-10 21:43:03.611  9188  9188 I Input   : injectKeyEvent: KeyEvent { action=ACTION_DOWN, keyCode=KEYCODE_HOME, scanCode=0, metaState=0, flags=0x0, repeatCount=0, eventTime=21237451196, downTime=21237451196, deviceId=-1, source=0x101 }
05-10 21:43:03.618  9188  9188 I Input   : injectKeyEvent: KeyEvent { action=ACTION_UP, keyCode=KEYCODE_HOME, scanCode=0, metaState=0, flags=0x0, repeatCount=0, eventTime=21237451196, downTime=21237451196, deviceId=-1, source=0x101 }
05-10 21:43:03.624  1456  1941 I ActivityManager: START u0 {act=android.intent.action.MAIN cat=[android.intent.category.HOME] flg=0x10200000 cmp=com.android.launcher3/.CustomizationPanelLauncher (has extras)} from uid 1000
05-10 21:43:03.625   794   839 E ANDR-PERF-RESOURCEQS: Failed to apply optimization [4, 0]
05-10 21:43:03.631  9188  9188 D AndroidRuntime: Shutting down VM
05-10 21:43:03.639  1456  4797 I ActivityManager: moveHomeStack, setupComplete:true
05-10 21:43:03.653 21279 21324 I Adreno  : QUALCOMM build                   : bb5b86c, I77d3059488
05-10 21:43:03.653 21279 21324 I Adreno  : Build Date                       : 06/07/18
05-10 21:43:03.653 21279 21324 I Adreno  : OpenGL ES Shader Compiler Version: EV031.22.00.01_06
05-10 21:43:03.653 21279 21324 I Adreno  : Local Branch                     : 
05-10 21:43:03.653 21279 21324 I Adreno  : Remote Branch                    : refs/tags/AU_LINUX_ANDROID_LA.UM.6.5.R1.08.01.00.312.086
05-10 21:43:03.653 21279 21324 I Adreno  : Remote Branch                    : NONE
05-10 21:43:03.653 21279 21324 I Adreno  : Reconstruct Branch               : NOTHING
05-10 21:43:03.658 21279 21324 D vndksupport: Loading /vendor/lib/hw/gralloc.msm8937.so from current namespace instead of sphal namespace.
05-10 21:43:03.663 21279 21324 I Adreno  : PFP: 0x005ff087, ME: 0x005ff063
05-10 21:43:03.666 21279 21324 I zygote  : android::hardware::configstore::V1_0::ISurfaceFlingerConfigs::hasWideColorDisplay retrieved: 0
05-10 21:43:03.666  2748  2748 D Launcher.Utilities: Wakeup weather: Intent { act=com.motorola.launcher3.action.WAKEUP_WEATHER cmp=com.motorola.timeweatherwidget/com.motorola.commandcenter.weather.WakeUpService }
05-10 21:43:03.667 21279 21324 I OpenGLRenderer: Initialized EGL, version 1.4
05-10 21:43:03.667 21279 21324 D OpenGLRenderer: Swap behavior 2
05-10 21:43:03.676  1456  1456 I NotificationService: Cannot find enqueued record for key: 0|com.motorola.timeweatherwidget|1|null|10116
05-10 21:43:03.681   808   808 D SurfaceFlinger: duplicate layer name: changing com.android.launcher3/com.android.launcher3.CustomizationPanelLauncher to com.android.launcher3/com.android.launcher3.CustomizationPanelLauncher#1
05-10 21:43:03.706 21279 21312 W ThreadPoolDumper: Queue length for executor EventBus is now 11. Perhaps some tasks are too long, or the pool is too small.
05-10 21:43:03.707  1456  4797 I WifiService: getWifiEnabledState uid=10073
05-10 21:43:03.713  1456  5027 I WifiService: getWifiEnabledState uid=10073
05-10 21:43:03.744 21279 21329 I MicroDetectionState: Should stop hotword detection immediately - false
05-10 21:43:03.748 21279 21329 I MicroDetectionWorker: #startMicroDetector [speakerMode: 0]
05-10 21:43:03.754 21279 21314 I MicroDataManager: isInitializing-false locale not changed-true model not changed-true
05-10 21:43:03.754 21279 21314 I MicroDataManager: Already initialized, obtaining the hotword data immediately.
05-10 21:43:03.757   788  1401 V msm8974_platform: platform_check_input_mask: enter check_input_mask source 6 mask 10
05-10 21:43:03.761  1012  9203 I AudioFlinger: AudioFlinger's thread 0xb24835c0 tid=9203 ready to run
05-10 21:43:03.765 21279 17726 I MicroRecognitionRunner: Starting detection.
05-10 21:43:03.765 21279 17726 I InputStreamUtils: Using micInputStream
05-10 21:43:03.770   788  1401 D audio_hw_primary: in_set_parameters: enter: kvpairs=input_source=6;routing=-2147483644
05-10 21:43:03.771  1012  1012 D APM_AudioPolicyManager: AudioPolicyManager::startInput() input 342550, session 342665, source = 1999
05-10 21:43:03.772 21279 21329 I MicroDetectionWorker: onReady
05-10 21:43:03.772 21279 21329 I HotwordLSAdapter: getAudioSourceOpeningStatus completed: 1
05-10 21:43:03.773  1456  1673 I LaunchCheckinHandler: Displayed com.android.launcher3/.CustomizationPanelLauncher,wp,wa,149
05-10 21:43:03.773   788  9204 V msm8974_platform: platform_update_usecase_from_source: input source :6
05-10 21:43:03.773   788  9204 V msm8974_platform: platform_check_input_mask: enter check_input_mask source 6 mask 10
05-10 21:43:03.773   788  9204 V msm8974_platform: platform_get_input_snd_device: enter: out_device(0) in_device(0x4) channel_count (1) channel_mask (0x10)
05-10 21:43:03.773   788  9204 V msm8974_platform: platform_get_input_snd_device: exit: in_snd_device(voice-rec-mic)
05-10 21:43:03.773   788  9204 V msm8974_platform: platform_get_backend_index:napb: backend port - 5 device - 120 
05-10 21:43:03.773   788  9204 V msm8974_platform: platform_check_and_set_capture_backend_cfg:txbecf: afe: bitwidth 0, samplerate 0, channel 1, backend_idx 5 usecase = 9 device (voice-rec-mic)
05-10 21:43:03.773   788  9204 V msm8974_platform: platform_check_capture_backend_cfg:txbecf: afe: Codec selected backend: 5 current bit width: 0 and sample rate: 0, channels 1
05-10 21:43:03.773   788  9204 V msm8974_platform: platform_check_capture_backend_cfg:txbecf: afe: Codec selected backend: 5 updated bit width: 0 and sample rate: 0
05-10 21:43:03.773   788  9204 I msm8974_platform: platform_check_capture_backend_cfg:txbecf: afe: Codec backend needs to be updated. new bit width: 0 new sample rate: 0 new channel: 1
05-10 21:43:03.773   788  9204 V msm8974_platform: platform_get_backend_index:napb: backend port - 5 device - 120 
05-10 21:43:03.773   788  9204 V msm8974_platform: platform_set_backend_cfg:becf: afe: bitwidth 0, samplerate 0 channels 1, backend_idx 5 device (voice-rec-mic)
05-10 21:43:03.774   788  9204 E msm8974_platform: platform_set_backend_cfg:becf: afe: Could not get ctl for mixer command - SLIM_0_TX Format
05-10 21:43:03.774   788  9204 V msm8974_platform: platform_send_audio_calibration: sending audio calibration for snd_device(120) acdb_id(62)
05-10 21:43:03.774   788  9204 D ACDB-LOADER: ACDB -> send_audio_cal, acdb_id = 62, path = 1, app id = 0x11130, sample rate = 48000
05-10 21:43:03.774   788  9204 D ACDB-LOADER: ACDB -> send_asm_topology
05-10 21:43:03.774   788  9204 D ACDB-LOADER: ACDB -> ACDB_CMD_GET_AUDPROC_STREAM_TOPOLOGY_ID
05-10 21:43:03.774   788  9204 D ACDB-LOADER: ACDB -> send_adm_topology
05-10 21:43:03.774   788  9204 D ACDB-LOADER: ACDB -> ACDB_CMD_GET_AUDPROC_COMMON_TOPOLOGY_ID
05-10 21:43:03.774   788  9204 D ACDB-LOADER: ACDB -> send_audtable
05-10 21:43:03.774   788  9204 D ACDB-LOADER: ACDB -> ACDB_CMD_GET_AUDPROC_COMMON_TABLE_SIZE
05-10 21:43:03.774   788  9204 D ACDB-LOADER: ACDB -> ACDB_CMD_GET_AUDPROC_COMMON_TABLE
05-10 21:43:03.774   788  9204 D ACDB-LOADER: ACDB -> AUDIO_SET_AUDPROC_CAL
05-10 21:43:03.774   788  9204 D ACDB-LOADER: ACDB -> send_audvoltable
05-10 21:43:03.774   788  9204 D ACDB-LOADER: ACDB -> ACDB_CMD_GET_AUDPROC_VOL_STEP_TABLE_SIZE
05-10 21:43:03.774   788  9204 D ACDB-LOADER: ACDB -> ACDB_CMD_GET_AUDPROC_GAIN_DEP_STEP_TABLE, vol index 0
05-10 21:43:03.774   788  9204 D         : Failed to fetch the lookup information of the device 0000003E 
05-10 21:43:03.774   788  9204 D ACDB-LOADER: ACDB -> AUDIO_SET_VOL_CAL cal type = 12
05-10 21:43:03.774   788  9204 D ACDB-LOADER: ACDB -> ACDB_CMD_GET_AUDPROC_STREAM_TABLE_SIZE
05-10 21:43:03.774   788  9204 D ACDB-LOADER: ACDB -> send_audstrmtable
05-10 21:43:03.775   788  9204 D ACDB-LOADER: ACDB -> ACDB_CMD_GET_AUDPROC_STREAM_TABLE_V2
05-10 21:43:03.775   788  9204 D ACDB-LOADER: ACDB -> audstrm_cal->cal_type.cal_data.cal_size = 456
05-10 21:43:03.775   788  9204 D ACDB-LOADER: ACDB -> send_afe_topology
05-10 21:43:03.775   788  9204 D ACDB-LOADER: ACDB -> ACDB_CMD_GET_AFE_TOPOLOGY_ID
05-10 21:43:03.775   788  9204 D ACDB-LOADER: ACDB -> GET_AFE_TOPOLOGY_ID for adcd_id 62, Topology Id 112fb
05-10 21:43:03.775   788  9204 D ACDB-LOADER: ACDB -> send_afe_cal
05-10 21:43:03.775   788  9204 D ACDB-LOADER: ACDB -> ACDB_CMD_GET_AFE_COMMON_TABLE_SIZE
05-10 21:43:03.775   788  9204 D         : Failed to fetch the lookup information of the device 0000003E 
05-10 21:43:03.775   788  9204 E ACDB-LOADER: Error: ACDB_CMD_GET_AFE_COMMON_TABLE_SIZE Returned = -19
05-10 21:43:03.775   788  9204 D ACDB-LOADER: ACDB -> ACDB_CMD_GET_AFE_COMMON_TABLE
05-10 21:43:03.775   788  9204 D         : Failed to fetch the lookup information of the device 0000003E 
05-10 21:43:03.775   788  9204 D ACDB-LOADER: ACDB -> AUDIO_SET_AFE_CAL
05-10 21:43:03.775   788  9204 D ACDB-LOADER: ACDB -> send_hw_delay : acdb_id = 62 path = 1
05-10 21:43:03.775   788  9204 D ACDB-LOADER: ACDB -> ACDB_AVSYNC_INFO: ACDB_CMD_GET_DEVICE_PROPERTY
05-10 21:43:03.775   788  9204 D audio_hw_primary: enable_snd_device: snd_device(120: voice-rec-mic)
05-10 21:43:03.775   788  9204 D audio_route: Apply path: voice-rec-mic
05-10 21:43:03.778   788  9204 V msm8974_platform: platform_get_snd_device_backend_index: enter with device 120
05-10 21:43:03.778   788  9204 E msm8974_platform: platform_get_snd_device_backend_index: BE DAI Name Table is not present
05-10 21:43:03.778   788  9204 V msm8974_platform: platform_get_backend_index:napb: backend port - 5 device - 120 
05-10 21:43:03.778   788  9204 I audio_hw_utils: Set Audio Stream Capture 0 App Type Cfg: app_type 69936, acdb_dev_id 62, sample_rate 48000, snd_device_be_idx -14
05-10 21:43:03.778   788  9204 D audio_hw_primary: enable_audio_route: usecase(9) apply and update mixer path: audio-record
05-10 21:43:03.778   788  9204 D audio_route: Apply path: audio-record
05-10 21:43:03.948  2146  2165 I zygote  : NativeAlloc concurrent copying GC freed 21422(1122KB) AllocSpace objects, 0(0B) LOS objects, 49% free, 10MB/21MB, paused 144us total 159.976ms
05-10 21:43:04.054  1456  2401 D ConnectivityService: requestNetwork for uid/pid:11321/9012 NetworkRequest [ TRACK_DEFAULT id=46272, [ Capabilities: INTERNET&NOT_RESTRICTED&TRUSTED&NOT_VPN] ]
05-10 21:43:04.055  1456  2099 D Ethernet: got request NetworkRequest [ TRACK_DEFAULT id=46272, [ Capabilities: INTERNET&NOT_RESTRICTED&TRUSTED&NOT_VPN] ] with score 60
05-10 21:43:04.055  1456  2054 D WIFI_UT : got request NetworkRequest [ TRACK_DEFAULT id=46272, [ Capabilities: INTERNET&NOT_RESTRICTED&TRUSTED&NOT_VPN] ] with score 60
05-10 21:43:04.055  1456  2054 D WIFI    : got request NetworkRequest [ TRACK_DEFAULT id=46272, [ Capabilities: INTERNET&NOT_RESTRICTED&TRUSTED&NOT_VPN] ] with score 60
05-10 21:43:04.056  2398  2398 D PhoneSwitcherNetworkRequstListener: got request NetworkRequest [ TRACK_DEFAULT id=46272, [ Capabilities: INTERNET&NOT_RESTRICTED&TRUSTED&NOT_VPN] ] with score 60
05-10 21:43:04.063  9012  9209 I chatty  : uid=11321(org.mozilla.fennec_aurora) expire 5 lines
05-10 21:43:04.184  1456  7796 I OpenGLRenderer: Initialized EGL, version 1.4
05-10 21:43:04.184  1456  7796 D OpenGLRenderer: Swap behavior 2
05-10 21:43:04.217  2748  2917 W OpenGLRenderer: Incorrectly called buildLayer on View: ShortcutAndWidgetContainer, destroying layer...
05-10 21:43:04.234  9012  9114 I chatty  : uid=11321(org.mozilla.fennec_aurora) expire 1 line
05-10 21:43:04.239  1456  2067 D ConnectivityService: releasing NetworkRequest [ TRACK_DEFAULT id=46272, [ Capabilities: INTERNET&NOT_RESTRICTED&TRUSTED&NOT_VPN] ] (release request)
05-10 21:43:04.263  1456  1456 I ActivityManager: Start proc 9210:com.android.vending/u0a62 for service com.android.vending/com.google.android.finsky.scheduler.JobSchedulerEngine$PhoneskyJobSchedulerJobService
05-10 21:43:04.335  9012  9056 I chatty  : uid=11321(org.mozilla.fennec_aurora) expire 1 line
05-10 21:43:04.349  9210  9210 I Finsky  : [2] eby.aZ(5): Process created at version: 19.8.33-all [0] [PR] 309450982
05-10 21:43:04.380   808   898 I SFPerfTracer:      triggers: (rate: 0:1) (0 sw vsyncs) (0 skipped) (38:7056154 vsyncs) (40:14282689)
05-10 21:43:04.390  1456  5027 D ConnectivityService: requestNetwork for uid/pid:11321/9012 NetworkRequest [ TRACK_DEFAULT id=46273, [ Capabilities: INTERNET&NOT_RESTRICTED&TRUSTED&NOT_VPN] ]
05-10 21:43:04.391  1456  2099 D Ethernet: got request NetworkRequest [ TRACK_DEFAULT id=46273, [ Capabilities: INTERNET&NOT_RESTRICTED&TRUSTED&NOT_VPN] ] with score 60
05-10 21:43:04.392  1456  2054 D WIFI_UT : got request NetworkRequest [ TRACK_DEFAULT id=46273, [ Capabilities: INTERNET&NOT_RESTRICTED&TRUSTED&NOT_VPN] ] with score 60
05-10 21:43:04.392  1456  2054 D WIFI    : got request NetworkRequest [ TRACK_DEFAULT id=46273, [ Capabilities: INTERNET&NOT_RESTRICTED&TRUSTED&NOT_VPN] ] with score 60
05-10 21:43:04.392  2398  2398 D PhoneSwitcherNetworkRequstListener: got request NetworkRequest [ TRACK_DEFAULT id=46273, [ Capabilities: INTERNET&NOT_RESTRICTED&TRUSTED&NOT_VPN] ] with score 60
05-10 21:43:04.407  9012  9234 I chatty  : uid=11321(org.mozilla.fennec_aurora) expire 9 lines
05-10 21:43:04.681  9210  9232 I Finsky  : [542852] sno.a(28): Started reading experiment flags from file [0tGUNCGIkbk4o6-fQ335kUYSKwVj4lusnHT-A5Dsy08].
05-10 21:43:04.699  9210  9232 I Finsky  : [542852] sno.a(42): Finished reading experiment flags from file [0tGUNCGIkbk4o6-fQ335kUYSKwVj4lusnHT-A5Dsy08].
05-10 21:43:04.711  9210  9232 I Finsky  : [542852] sno.a(28): Started reading experiment flags from file [Se-xCc4LzNyh3UrKMIU2sUf-PUKz4oQEbpKZDMuaFno].
05-10 21:43:04.725  9210  9232 I Finsky  : [542852] sno.a(42): Finished reading experiment flags from file [Se-xCc4LzNyh3UrKMIU2sUf-PUKz4oQEbpKZDMuaFno].
05-10 21:43:04.764  9210  9210 I Finsky  : [2] vcy.<init>(20): Resetting scheduler db
05-10 21:43:04.786  9210  9231 I Finsky  : [542851] eby.R(6): Not a unicorn account
05-10 21:43:04.835  9210  9230 I Finsky  : [542850] zhy.a(2): Disable SystemUpdateActivity, because Android is lower than Q
05-10 21:43:04.844  9210  9231 I Finsky  : [542851] rze.<init>(5): PackageMonitor - Registering in memory receiver for android.intent.action.PACKAGE_ADDED and android.intent.action.PACKAGE_REMOVED
05-10 21:43:04.848  9210  9247 I Finsky  : [542865] zhx.run(4): Set SystemUpdateActivity enabled state to 2
05-10 21:43:04.870  9210  9229 I cr_CronetLibraryLoader: Cronet version: 84.0.4114.3, arch: armv7l
05-10 21:43:04.871  1456  2067 D ConnectivityService: releasing NetworkRequest [ TRACK_DEFAULT id=46273, [ Capabilities: INTERNET&NOT_RESTRICTED&TRUSTED&NOT_VPN] ] (release request)
05-10 21:43:04.889  9210  9229 W Finsky  : [542849] dqr.a(25): For unauth, use getDfeApiNonAuthenticated() instead!
05-10 21:43:04.890  9210  9231 W Settings: Setting download_manager_max_bytes_over_mobile has moved from android.provider.Settings.Secure to android.provider.Settings.Global.
05-10 21:43:04.894  9210  9231 I Finsky  : [542851] qxc.a(4): SettingNotFoundException, fall through to G.downloadBytesOverMobileMaximum
05-10 21:43:04.894  9210  9231 W Settings: Setting download_manager_recommended_max_bytes_over_mobile has moved from android.provider.Settings.Secure to android.provider.Settings.Global.
05-10 21:43:04.895  9210  9231 I Finsky  : [542851] qxc.a(9): SettingNotFoundException, fall through to G.downloadBytesOverMobileRecommended
05-10 21:43:04.898  9210  9229 I Finsky  : [542849] ptn.c(4): Enqueuing libraries load for 0
05-10 21:43:04.904  9210  9245 I Finsky  : [542862] ptn.a(25): Starting libraries load for 0
05-10 21:43:04.905  9210  9229 I Finsky  : [542849] hbs.f(7): Subscription detail: N/A
05-10 21:43:04.929  9210  9245 I Finsky  : [542862] ptn.a(48): Finished loading 0 libraries.
05-10 21:43:04.934  9210  9230 I Finsky  : [542850] abxt.m(3): Setup app restrictions monitor
05-10 21:43:04.937  9210  9230 I Finsky  : [542850] abzq.a(3): Device wide unknown source restriction is changed.
05-10 21:43:05.003  9210  9210 I Finsky  : [2] qkr.onTrimMemory(1): Memory trim requested to level 10
05-10 21:43:05.027  9210  9210 I Finsky  : [2] nhl.<init>(12): Installer: Setting Parallelism[DEFAULT]
05-10 21:43:05.029  9210  9210 I Finsky  : [2] ndh.a(23): Installer: Attempting to start installer
05-10 21:43:05.037  9210  9210 I Finsky  : [2] myn.<init>(8): Not checking if recovering from paused session because experiment is off
05-10 21:43:05.044  9210  9210 I Finsky  : [2] JobSchedulerEngine$PhoneskyJobSchedulerJobService.onStartJob(3): SCH: onJobSchedulerWakeup with jobId 9002
05-10 21:43:05.048  9210  9210 I Finsky  : [2] vab.a(19): Scheduling fallback job with id: 9034, and delay: 43200000 ms
05-10 21:43:05.057  9210  9210 I Finsky  : [2] vab.a(9): Scheduling fallback in 64799997 (absolute: 21754291127)
05-10 21:43:05.067  9210  9216 I zygote  : Do partial code cache collection, code=27KB, data=22KB
05-10 21:43:05.069  9210  9216 I zygote  : After code cache collection, code=27KB, data=22KB
05-10 21:43:05.069  9210  9216 I zygote  : Increasing code cache capacity to 128KB
05-10 21:43:05.072  9210  9210 I Finsky  : [2] hbr.onSubscriptionsChanged(1): onSubscriptionsChanged
05-10 21:43:05.078  9210  9210 I Finsky  : [2] ndh.a(217): Installer kick - no action, not running yet
05-10 21:43:05.083  9210  9232 D NetworkSecurityConfig: No Network Security Config specified, using platform default
05-10 21:43:05.084  9210  9279 I zygote  : Deoptimizing int arwu.a(java.lang.Object, byte[], int, int, int, arto) due to JIT inline cache
05-10 21:43:05.193  9210  9210 I Finsky  : [2] vak.handleMessage(6): SCH: DeviceState: DeviceState{currentTime=1589161385189, isCharging=true, isIdle=false, netAny=true, netNotRoaming=true, netUnmetered=true, batteryPercent=100.0}
05-10 21:43:05.204  9210  9241 I Finsky  : [542859] vcy.a(7): SCH: Jobs in database: 1-1337 3-2819 3-2820 12-1 24-77777777 26-1414141414 29-29 
05-10 21:43:05.218  1456  2401 I ActivityManager: Start proc 9289:android.process.media/u0a31 for content provider com.android.providers.downloads/.DownloadProvider
05-10 21:43:05.257  9210  9210 I Finsky  : [2] val.a(18): SCH: Running job: 12-1
05-10 21:43:05.258  9210  9210 I Finsky  : [2] ContentSyncJob.a(15): ContentSyncJob started
05-10 21:43:05.260  9210  9210 I Finsky  : [2] vak.handleMessage(57): SCH: RunningQueue size: 1, PendingQueue size: 0
05-10 21:43:05.260  9210  9210 I Finsky  : [2] vak.handleMessage(60): SCH: Running queue: 12-1 
05-10 21:43:05.262  9289  9289 I zygote  : The ClassLoaderContext is a special shared library.
05-10 21:43:05.279  9210  9216 I zygote  : Do partial code cache collection, code=57KB, data=47KB
05-10 21:43:05.281  9210  9216 I zygote  : After code cache collection, code=50KB, data=43KB
05-10 21:43:05.281  9210  9216 I zygote  : Increasing code cache capacity to 256KB
05-10 21:43:05.286  9289  9289 I zygote  : The ClassLoaderContext is a special shared library.
05-10 21:43:05.351  9210  9216 I zygote  : Do full code cache collection, code=66KB, data=44KB
05-10 21:43:05.353  9210  9216 I zygote  : After code cache collection, code=34KB, data=19KB
05-10 21:43:05.364  9210  9284 I Finsky  : [542895] nci.run(2): Installer: Installer starting.
05-10 21:43:05.365  9210  9284 I Finsky  : [542895] nci.run(4): Installer: Installer started.
05-10 21:43:05.367  9210  9210 I Finsky  : [2] ndh.a(222): Installer: found apps to install. isMultiUserMode=false, apps=[]
05-10 21:43:05.396  9210  9210 I Finsky  : [2] vch.a(3): SCH: Canceling job 3-2819
05-10 21:43:05.405  9210  9210 I Finsky  : [2] vch.a(3): SCH: Canceling job 3-2820
05-10 21:43:05.441  9210  9307 I Finsky  : [542902] npy.c(28): IQ: Creating job 2821, for (REQ_DEVICE_IDLE, REQ_GEARHEAD_PROJECTION_OFF, MIN_BATTERY=50, SHOULD_APPLY_BUDGET=true, NETWORK=UNMETERED, PROVISIONING_STATE=PROVISIONED)
05-10 21:43:05.463  9210  9307 I Finsky  : [542902] npy.c(28): IQ: Creating job 2822, for (REQ_CHARGING, REQ_DEVICE_IDLE, REQ_GEARHEAD_PROJECTION_OFF, NETWORK=UNMETERED, PROVISIONING_STATE=PROVISIONED)
05-10 21:43:05.512  9210  9210 I Finsky  : [2] woi.a(21): Connecting InstallListener to SplitInstallService broadcaster...
05-10 21:43:05.824  9210  9312 I Finsky  : [542907] ehz.a(29): Completed 0 account content syncs with 0 successful.
05-10 21:43:05.825  9210  9210 I Finsky  : [2] ContentSyncJob.a(13): Installation state replication succeeded.
05-10 21:43:05.826  9210  9210 I Finsky  : [2] vbv.a(16): SCH: jobFinished: 12-1. TimeElapsed: 569ms.
05-10 21:43:05.828  9210  9210 I Finsky  : [2] val.a(36): SCH: Job 12-1 finished. Not rescheduling.
05-10 21:43:05.829  9210  9210 I Finsky  : [2] vak.handleMessage(57): SCH: RunningQueue size: 0, PendingQueue size: 0
05-10 21:43:05.829  9210  9210 I Finsky  : [2] vak.handleMessage(64): Waiting on changed job store
05-10 21:43:07.693 19951 20257 I ChimeraSrvcProxy: NullBinder for com.google.android.gms.duokit.service.START triggering remote TransactionTooLargeException due to Service without Chimera impl
05-10 21:43:07.694  8520  8600 E JavaBinder: !!! FAILED BINDER TRANSACTION !!!  (parcel size = 756)
05-10 21:43:07.695  8520  8600 W GmsClient: IGmsServiceBroker.getService failed
05-10 21:43:07.695  8520  8600 W GmsClient: android.os.DeadObjectException: Transaction failed on small parcel; remote process probably died
05-10 21:43:07.695  8520  8600 W GmsClient: 	at android.os.BinderProxy.transactNative(Native Method)
05-10 21:43:07.695  8520  8600 W GmsClient: 	at android.os.BinderProxy.transact(Binder.java:764)
05-10 21:43:07.695  8520  8600 W GmsClient: 	at sbj.getService(PG:9)
05-10 21:43:07.695  8520  8600 W GmsClient: 	at com.google.android.gms.common.internal.BaseGmsClient.a(PG:86)
05-10 21:43:07.695  8520  8600 W GmsClient: 	at rxu.run(PG:7)
05-10 21:43:07.695  8520  8600 W GmsClient: 	at android.os.Handler.handleCallback(Handler.java:790)
05-10 21:43:07.695  8520  8600 W GmsClient: 	at android.os.Handler.dispatchMessage(Handler.java:99)
05-10 21:43:07.695  8520  8600 W GmsClient: 	at sns.a(PG:5)
05-10 21:43:07.695  8520  8600 W GmsClient: 	at sns.dispatchMessage(PG:4)
05-10 21:43:07.695  8520  8600 W GmsClient: 	at android.os.Looper.loop(Looper.java:164)
05-10 21:43:07.695  8520  8600 W GmsClient: 	at android.os.HandlerThread.run(HandlerThread.java:65)
05-10 21:43:08.794  1456  2401 I ActivityManager: Force stopping org.mozilla.fennec_aurora appid=11321 user=0: from pid 9315
05-10 21:43:08.794  1456  2401 I ActivityManager: Killing 9012:org.mozilla.fennec_aurora/u0a1321 (adj 700): stop org.mozilla.fennec_aurora
05-10 21:43:08.797  1456  1605 W zygote  : kill(-9012, 9) failed: No such process
05-10 21:43:08.798  1456  2401 W ActivityManager: Force removing ActivityRecord{dadf5bd u0 org.mozilla.fennec_aurora/org.mozilla.fenix.HomeActivity t71038}: app died, no saved state
05-10 21:43:08.807  1456  2401 I ActivityManager: Killing 9090:org.mozilla.fennec_aurora:tab0/u0a1321 (adj 0): stop org.mozilla.fennec_aurora
05-10 21:43:08.813  8178  8178 D GeckoMemoryMonitor: onTrimMemory() notification received with level 15
05-10 21:43:08.813  8178  8178 D GeckoMemoryMonitor: increasing memory pressure to 4
05-10 21:43:08.816 27909 27909 I AppBase : AppBase.onTrimMemory():614 onTrimMemory(): 15
05-10 21:43:08.816 27909 27909 I GoogleInputMethodService: GoogleInputMethodService.onTrimMemory():4184 onTrimMemory(): 15
05-10 21:43:08.817  9210  9210 I Finsky  : [2] qkr.onTrimMemory(1): Memory trim requested to level 15
05-10 21:43:08.819  1456  1605 W zygote  : kill(-9012, 9) failed: No such process
05-10 21:43:08.825  2398  2398 D CarrierSvcBindHelper: No carrier app for: 0
05-10 21:43:08.827  2398  2398 D CarrierSvcBindHelper: No carrier app for: 1
05-10 21:43:08.834  1456  1605 W zygote  : kill(-9012, 9) failed: No such process
05-10 21:43:08.863  1456  1605 I chatty  : uid=1000(system) ActivityManager identical 2 lines
05-10 21:43:08.869  1456  1673 W ActivityManager: setHasOverlayUi called on unknown pid: 9012
05-10 21:43:08.879  1456  1605 W zygote  : kill(-9012, 9) failed: No such process
05-10 21:43:08.879  1456  1605 I zygote  : Successfully killed process cgroup uid 11321 pid 9012 in 82ms
05-10 21:43:08.879  1456  1605 W zygote  : kill(-9090, 9) failed: No such process
05-10 21:43:08.879  1456  1605 I zygote  : Successfully killed process cgroup uid 11321 pid 9090 in 0ms
05-10 21:43:08.931  1456  4797 I ActivityManager: START u0 {act=android.intent.action.MAIN cat=[android.intent.category.LAUNCHER] flg=0x10000000 cmp=org.mozilla.fennec_aurora/.App} from uid 2000
05-10 21:43:08.931   794   839 E ANDR-PERF-RESOURCEQS: Failed to apply optimization [4, 0]
05-10 21:43:08.935  1456  7796 I OpenGLRenderer: Initialized EGL, version 1.4
05-10 21:43:08.935  1456  7796 D OpenGLRenderer: Swap behavior 2
05-10 21:43:08.954  1456  4250 I ActivityManager: Start proc 9323:org.mozilla.fennec_aurora/u0a1321 for activity org.mozilla.fennec_aurora/.App
05-10 21:43:09.041 21279 21329 I MicroDetectionState: Should stop hotword detection immediately - false
05-10 21:43:09.041 21279 21329 I MicroDetector: Keeping mic open: false
05-10 21:43:09.041 21279 21329 I MicroDetector: #shutdownAudioWithAudioLibrary
05-10 21:43:09.041 21279  8355 E DeviceStateChecker: DeviceStateChecker cancelled
05-10 21:43:09.042 21279 21323 I MicroRecognitionRunner: Stopping hotword detection.
05-10 21:43:09.043 21279 17726 W b       : #read failed: read EOF from AudioAccessor.
05-10 21:43:09.044 21279 17726 I MicroRecognitionRunner: Detection finished
05-10 21:43:09.087   788  1401 D audio_hw_primary: disable_audio_route: usecase(9) reset and update mixer path: audio-record
05-10 21:43:09.087   788  1401 D audio_hw_primary: disable_snd_device: snd_device(120: voice-rec-mic)
05-10 21:43:09.089  1012  1301 D APM_AudioPolicyManager: stopInput() input 342550, session 342665
05-10 21:43:09.090   788  1401 D audio_hw_primary: in_set_parameters: enter: kvpairs=routing=0
05-10 21:43:09.092 21279 21329 I HotwordLSAdapter: stopListeningStatus result: 1
05-10 21:43:09.139  9323  9323 I chatty  : uid=11321(org.mozilla.fennec_aurora) expire 38 lines
05-10 21:43:09.233  9323  9341 I chatty  : uid=11321(org.mozilla.fennec_aurora) expire 4 lines
05-10 21:43:09.262  9323  9350 I chatty  : uid=11321(org.mozilla.fennec_aurora) expire 11 lines
05-10 21:43:09.281  9323  9348 I chatty  : uid=11321(org.mozilla.fennec_aurora) expire 14 lines
05-10 21:43:09.295  9323  9352 I chatty  : uid=11321(org.mozilla.fennec_aurora) expire 16 lines
05-10 21:43:09.315  9210  9225 I zygote  : Waiting for a blocking GC ProfileSaver
05-10 21:43:09.326 19965 19975 I zygote  : Background concurrent copying GC freed 117874(6MB) AllocSpace objects, 57(2MB) LOS objects, 49% free, 8MB/16MB, paused 257us total 122.656ms
05-10 21:43:09.359  1456  1466 I zygote  : NativeAlloc concurrent copying GC freed 49815(2MB) AllocSpace objects, 46(2008KB) LOS objects, 36% free, 42MB/66MB, paused 162us total 409.158ms
05-10 21:43:09.362  9210  9225 I zygote  : WaitForGcToComplete blocked ProfileSaver on HeapTrim for 47.450ms
05-10 21:43:09.372  9323  9359 I chatty  : uid=11321(org.mozilla.fennec_aurora) expire 6 lines
05-10 21:43:09.407  9323  9349 I chatty  : uid=11321(org.mozilla.fennec_aurora) expire 2 lines
05-10 21:43:09.443  1456  2915 I ActivityManager: START u0 {act=android.intent.action.MAIN cat=[android.intent.category.LAUNCHER] flg=0x10000000 cmp=org.mozilla.fennec_aurora/org.mozilla.fenix.HomeActivity (has extras)} from uid 11321
05-10 21:43:09.444  9323  9375 I chatty  : uid=11321(org.mozilla.fennec_aurora) expire 2 lines
05-10 21:43:09.462   808   808 D SurfaceFlinger: duplicate layer name: changing Splash Screen org.mozilla.fennec_aurora to Splash Screen org.mozilla.fennec_aurora#1
05-10 21:43:09.511  9323  9328 I chatty  : uid=11321(org.mozilla.fennec_aurora) expire 6 lines
05-10 21:43:09.533  1456  6339 I ActivityManager: Start proc 9397:org.mozilla.fennec_aurora:tab0/u0a1321 for service org.mozilla.fennec_aurora/org.mozilla.gecko.process.GeckoChildProcessServices$tab0
05-10 21:43:09.536  9323  9385 I chatty  : uid=11321(org.mozilla.fennec_aurora) expire 1 line
05-10 21:43:09.696  9397  9397 I chatty  : uid=11321(org.mozilla.fennec_aurora) expire 1 line
05-10 21:43:09.697  9397  9419 I chatty  : uid=11321(org.mozilla.fennec_aurora) expire 1 line
05-10 21:43:09.873  9323  9425 I chatty  : uid=11321(org.mozilla.fennec_aurora) expire 10 lines
05-10 21:43:09.882  8178  8194 E AuthStateProvider: Calling package disagreement. Legacy: org.mozilla.fennec.sharedID:11321, new API: org.mozilla.fennec_aurora
05-10 21:43:09.882  8178  8194 D AuthStateProvider: Caller must be whitelisted.
05-10 21:43:09.884  9323  9323 E ActivityThread: Failed to find provider info for org.mozilla.fennec_aurora.fxa.auth
05-10 21:43:09.953  9323  9435 I chatty  : uid=11321(org.mozilla.fennec_aurora) expire 7 lines
05-10 21:43:09.964  1456  2204 D ConnectivityService: requestNetwork for uid/pid:11321/9323 NetworkRequest [ TRACK_DEFAULT id=46275, [ Capabilities: INTERNET&NOT_RESTRICTED&TRUSTED&NOT_VPN] ]
05-10 21:43:09.965  1456  2054 D WIFI_UT : got request NetworkRequest [ TRACK_DEFAULT id=46275, [ Capabilities: INTERNET&NOT_RESTRICTED&TRUSTED&NOT_VPN] ] with score 60
05-10 21:43:09.966  1456  2099 D Ethernet: got request NetworkRequest [ TRACK_DEFAULT id=46275, [ Capabilities: INTERNET&NOT_RESTRICTED&TRUSTED&NOT_VPN] ] with score 60
05-10 21:43:09.966  1456  2054 D WIFI    : got request NetworkRequest [ TRACK_DEFAULT id=46275, [ Capabilities: INTERNET&NOT_RESTRICTED&TRUSTED&NOT_VPN] ] with score 60
05-10 21:43:09.966  2398  2398 D PhoneSwitcherNetworkRequstListener: got request NetworkRequest [ TRACK_DEFAULT id=46275, [ Capabilities: INTERNET&NOT_RESTRICTED&TRUSTED&NOT_VPN] ] with score 60
05-10 21:43:09.976  1456  2915 I WifiService: getDhcpInfo uid=11321
05-10 21:43:10.098  9323  9442 I chatty  : uid=11321(org.mozilla.fennec_aurora) expire 5 lines
05-10 21:43:10.115  9323  9435 I chatty  : uid=11321(org.mozilla.fennec_aurora) expire 2 lines
05-10 21:43:10.132  9323  9352 I chatty  : uid=11321(org.mozilla.fennec_aurora) expire 3 lines
05-10 21:43:10.136  1456  1673 I LaunchCheckinHandler: Displayed org.mozilla.fennec_aurora/org.mozilla.fenix.HomeActivity,wp,ca,630
05-10 21:43:10.136  1456  1673 I ActivityManager: Displayed org.mozilla.fennec_aurora/org.mozilla.fenix.HomeActivity: +624ms (total +1s189ms)
05-10 21:43:10.148   808   808 I SFPerfTracer:      triggers: (rate: 88:2047495) (compose: 0:7) (post: 0:19) (render: 0:17) (1:11134239 frames) (2:14161850)
05-10 21:43:10.148   808   808 D SFPerfTracer:        layers: (3:12) (NavigationBar#0 (0xb07df000): 0:1095013) (StatusBar#0 (0xb07e3000): 0:2571541) (com.android.systemui.ImageWallpaper#0 (0xb07e7000): 0:102329)* (Sprite#0 (0xb0733000): 0:317)* (DimLayerController/Stack=0#0 (0xb075a000): 0:3866)* (Sprite#1 (0xb077c000): 0:195)* (org.mozilla.fennec_aurora/org.mozilla.fenix.HomeActivity#0 (0xb039b000): 0:54)- (com.android.launcher3/com.android.launcher3.CustomizationPanelLauncher#0 (0xb0763000): 0:39)* (com.android.launcher3/com.android.launcher3.CustomizationPanelLauncher#1 (0xb0771000): 0:9)* (Splash Screen org.mozilla.fennec_aurora#0 (0xb039b000): 0:19)- (Splash Screen org.mozilla.fennec_aurora#1 (0xafd20000): 1:21) (org.mozilla.fennec_aurora/org.mozilla.fenix.HomeActivity#0 (0xb039b000): 2:2)* 
05-10 21:43:10.150 21279 21279 I MemoryTrimmer: Trimming objects from memory, since app is in the background.
05-10 21:43:10.157 21279 21279 I MemoryTrimmer: Trimming objects from memory, since app is in the background.
05-10 21:43:10.158 21279  8240 I PBSessionCacheImpl: Deleted sessionId[93587620603325951] from persistence.
05-10 21:43:10.162  1456  2915 I WifiService: getWifiEnabledState uid=10073
05-10 21:43:10.170 21279 21329 W SearchServiceCore: Abort, client detached.
05-10 21:43:10.203  8178  8194 E AuthStateProvider: Calling package disagreement. Legacy: org.mozilla.fennec.sharedID:11321, new API: org.mozilla.fennec_aurora
05-10 21:43:10.203  8178  8194 D AuthStateProvider: Caller must be whitelisted.
05-10 21:43:10.203  9323  9323 E ActivityThread: Failed to find provider info for org.mozilla.fennec_aurora.fxa.auth
05-10 21:43:10.302  9323  9323 I chatty  : uid=11321(org.mozilla.fennec_aurora) expire 21 lines
05-10 21:43:10.484  9210  9241 I Finsky  : [542859] vcy.a(7): SCH: Jobs in database: 1-1337 3-2821 3-2822 24-77777777 26-1414141414 29-29 
05-10 21:43:10.487  9323  9328 I chatty  : uid=11321(org.mozilla.fennec_aurora) expire 2 lines
05-10 21:43:10.507  9210  9210 I Finsky  : [2] vak.handleMessage(57): SCH: RunningQueue size: 0, PendingQueue size: 0
05-10 21:43:10.508  9210  9210 I Finsky  : [2] vak.handleMessage(23): Executor finished
05-10 21:43:10.520  9210  9210 I Finsky  : [2] qkr.onTrimMemory(1): Memory trim requested to level 80
05-10 21:43:10.523  9210  9210 I Finsky  : [2] vcy.a(7): SCH: Jobs in database: 1-1337 3-2821 3-2822 24-77777777 26-1414141414 29-29 
05-10 21:43:10.548  9210  9210 I Finsky  : [2] uyt.a(58): SCH: ConstraintMapping: 24-77777777,  -> L: 0ms, D: 13698151ms, C: false, I: true, N: 0
05-10 21:43:10.549  9210  9210 I Finsky  : [2] uyt.a(58): SCH: ConstraintMapping: 1-1337,  -> L: 17267822ms, D: 60467822ms, C: false, I: false, N: 1
05-10 21:43:10.550  9210  9210 I Finsky  : [2] uyt.a(58): SCH: ConstraintMapping: 3-2821,  -> L: 0ms, D: 86394920ms, C: false, I: true, N: 2
