--------- beginning of main
02-06 22:06:35.465  1456  1605 W zygote  : kill(-21549, 9) failed: No such process
02-06 22:06:35.509  1456  1605 I chatty  : uid=1000(system) ActivityManager identical 6 lines
02-06 22:06:35.523  1456  1605 W zygote  : kill(-21549, 9) failed: No such process
02-06 22:06:35.523  1456  1605 I zygote  : Successfully killed process cgroup uid 10830 pid 21549 in 444ms
02-06 22:06:35.525  1456  1605 W zygote  : kill(-21667, 9) failed: No such process
02-06 22:06:35.525  1456  1605 I zygote  : Successfully killed process cgroup uid 10830 pid 21667 in 0ms
02-06 22:06:35.528 20023 20165 I MicroDetectionWorker: onReady
02-06 22:06:35.529  1456  1605 W zygote  : kill(-21643, 9) failed: No such process
02-06 22:06:35.529  1456  1605 I zygote  : Successfully killed process cgroup uid 10830 pid 21643 in 1ms
02-06 22:06:35.530  1456  1605 W zygote  : kill(-14328, 9) failed: No such process
02-06 22:06:35.530  1456  1605 I zygote  : Successfully killed process cgroup uid 10062 pid 14328 in 0ms
02-06 22:06:35.530  1456  1605 W zygote  : kill(-21422, 9) failed: No such process
02-06 22:06:35.530  1456  1605 I zygote  : Successfully killed process cgroup uid 10030 pid 21422 in 0ms
02-06 22:06:35.530  1456  1605 W zygote  : kill(-21328, 9) failed: No such process
02-06 22:06:35.530  1456  1605 I zygote  : Successfully killed process cgroup uid 10027 pid 21328 in 0ms
02-06 22:06:35.531  1456  1605 W zygote  : kill(-13796, 9) failed: No such process
--------- beginning of system
02-06 22:06:35.540  1456  2196 D ConnectivityService: ConnectivityService NetworkRequestInfo binderDied(NetworkRequest [ LISTEN id=25283, [ Capabilities: INTERNET&NOT_RESTRICTED&TRUSTED] ], android.os.BinderProxy@ed22ed7)
02-06 22:06:35.546  1456  1605 W zygote  : kill(-13796, 9) failed: No such process
02-06 22:06:35.546  1456  1605 I zygote  : Successfully killed process cgroup uid 10062 pid 13796 in 15ms
02-06 22:06:35.547  1456  1605 W zygote  : kill(-21442, 9) failed: No such process
02-06 22:06:35.547  1456  1605 I zygote  : Successfully killed process cgroup uid 10090 pid 21442 in 0ms
02-06 22:06:35.547  1456  1605 W zygote  : kill(-21520, 9) failed: No such process
02-06 22:06:35.547  1456  1605 I zygote  : Successfully killed process cgroup uid 10044 pid 21520 in 0ms
02-06 22:06:35.547  1456  1605 W zygote  : kill(-21344, 9) failed: No such process
02-06 22:06:35.548  1456  1605 I zygote  : Successfully killed process cgroup uid 1000 pid 21344 in 0ms
02-06 22:06:35.548  1456  1605 W zygote  : kill(-21352, 9) failed: No such process
02-06 22:06:35.548  1456  1605 I zygote  : Successfully killed process cgroup uid 10085 pid 21352 in 0ms
02-06 22:06:35.548  1456  1605 W zygote  : kill(-13943, 9) failed: No such process
02-06 22:06:35.548  1456  1605 I zygote  : Successfully killed process cgroup uid 10031 pid 13943 in 0ms
02-06 22:06:35.707  1456  2915 I ActivityManager: START u0 {act=android.intent.action.MAIN cat=[android.intent.category.LAUNCHER] flg=0x10000000 cmp=org.mozilla.fenix.nightly/org.mozilla.fenix.HomeActivity} from uid 2000
02-06 22:06:35.708   794   839 E ANDR-PERF-RESOURCEQS: Failed to apply optimization [4, 0]
02-06 22:06:35.727  1456  2401 I ActivityManager: Start proc 21831:org.mozilla.fenix.nightly/u0a830 for activity org.mozilla.fenix.nightly/org.mozilla.fenix.HomeActivity
02-06 22:06:35.814 20023 20165 I MicroDetectionState: Should stop hotword detection immediately - false
02-06 22:06:35.814 20023 20165 I MicroDetector: Keeping mic open: false
02-06 22:06:35.814 20023 20165 I RecognitionAudioControl: #shutdownAudio [requestId: -1430376774429014252, keepAudioOpen: false, forced: true]
02-06 22:06:35.814 20023  7640 E DeviceStateChecker: DeviceStateChecker cancelled
02-06 22:06:35.814 20023 20165 I RecognitionAudioControl: #internalShutdownAudio [requestId: -1430376774429014252]
02-06 22:06:35.814 20023 20165 I RecognitionAudioControl: #internalShutdownAudio [keepAudioOpen: false, forced: true]
02-06 22:06:35.814 20023 20165 I RecognitionAudioControl: #actualShutdownAudio
02-06 22:06:35.815 20023 20165 I AudioController: #shutdown [requestId=-1430376774429014252]
02-06 22:06:35.815 20023 20097 I AudioController: internalShutdown
02-06 22:06:35.815 20023 20125 I MicroRecognitionRunner: Stopping hotword detection.
02-06 22:06:35.857  1456  7796 I OpenGLRenderer: Initialized EGL, version 1.4
02-06 22:06:35.857  1456  7796 D OpenGLRenderer: Swap behavior 2
02-06 22:06:35.867   788  1401 D audio_hw_primary: disable_audio_route: usecase(9) reset and update mixer path: audio-record
02-06 22:06:35.870   788  1401 D audio_hw_primary: disable_snd_device: snd_device(120: voice-rec-mic)
02-06 22:06:35.872  1012 19499 D APM_AudioPolicyManager: stopInput() input 124358, session 124433
02-06 22:06:35.873   788  1479 D audio_hw_primary: in_set_parameters: enter: kvpairs=routing=0
02-06 22:06:35.876 20023 20097 I MicrophoneInputStream: mic_close  SR : 16000 CC : 16 SO : 1999
02-06 22:06:35.876 20023 20097 E AudioSource: Stop listening is called on already closed AudioSource
02-06 22:06:35.879 20023 15401 I MicroRecognitionRunner: Detection finished
02-06 22:06:35.907 21831 21831 I chatty  : uid=10830(org.mozilla.fenix.nightly) expire 46 lines
02-06 22:06:35.973 21831 21849 I chatty  : uid=10830(org.mozilla.fenix.nightly) expire 4 lines
02-06 22:06:36.024 21831 21855 I chatty  : uid=10830(org.mozilla.fenix.nightly) expire 11 lines
02-06 22:06:36.076  1456  2401 D ConnectivityService: requestNetwork for uid/pid:10830/21831 NetworkRequest [ TRACK_DEFAULT id=25311, [ Capabilities: INTERNET&NOT_RESTRICTED&TRUSTED&NOT_VPN] ]
02-06 22:06:36.077  1456  2054 D WIFI_UT : got request NetworkRequest [ TRACK_DEFAULT id=25311, [ Capabilities: INTERNET&NOT_RESTRICTED&TRUSTED&NOT_VPN] ] with score 60
02-06 22:06:36.077  1456  2099 D Ethernet: got request NetworkRequest [ TRACK_DEFAULT id=25311, [ Capabilities: INTERNET&NOT_RESTRICTED&TRUSTED&NOT_VPN] ] with score 60
02-06 22:06:36.077  1456  2054 D WIFI    : got request NetworkRequest [ TRACK_DEFAULT id=25311, [ Capabilities: INTERNET&NOT_RESTRICTED&TRUSTED&NOT_VPN] ] with score 60
02-06 22:06:36.078  2398  2398 D PhoneSwitcherNetworkRequstListener: got request NetworkRequest [ TRACK_DEFAULT id=25311, [ Capabilities: INTERNET&NOT_RESTRICTED&TRUSTED&NOT_VPN] ] with score 60
02-06 22:06:36.094 21831 21865 I chatty  : uid=10830(org.mozilla.fenix.nightly) expire 11 lines
02-06 22:06:36.145 21831 21870 I chatty  : uid=10830(org.mozilla.fenix.nightly) expire 31 lines
02-06 22:06:36.152   808   898 I SFPerfTracer:      triggers: (rate: 0:0) (0 sw vsyncs) (0 skipped) (55:3503302 vsyncs) (57:6227892)
02-06 22:06:36.218 21831 21836 I chatty  : uid=10830(org.mozilla.fenix.nightly) expire 6 lines
02-06 22:06:36.282 21831 21875 I chatty  : uid=10830(org.mozilla.fenix.nightly) expire 2 lines
02-06 22:06:36.298 21831 21882 I chatty  : uid=10830(org.mozilla.fenix.nightly) expire 6 lines
02-06 22:06:36.305 21831 21884 I chatty  : uid=10830(org.mozilla.fenix.nightly) expire 10 lines
02-06 22:06:36.641  1456  2401 I ActivityManager: Start proc 21925:org.mozilla.fenix.nightly:tab/u0a830 for service org.mozilla.fenix.nightly/org.mozilla.gecko.process.GeckoServiceChildProcess$tab
02-06 22:06:36.655 21831 21938 I chatty  : uid=10830(org.mozilla.fenix.nightly) expire 9 lines
02-06 22:06:36.676 21831 21940 I chatty  : uid=10830(org.mozilla.fenix.nightly) expire 5 lines
02-06 22:06:36.729  1456  2915 I WifiService: getDhcpInfo uid=10830
02-06 22:06:36.774  1456  2915 I ActivityManager: Start proc 21949:org.mozilla.fenix.nightly:socket/u0a830 for service org.mozilla.fenix.nightly/org.mozilla.gecko.process.GeckoServiceChildProcess$socket
02-06 22:06:36.790 21925 21925 I chatty  : uid=10830(org.mozilla.fenix.nightly) expire 2 lines
02-06 22:06:36.790 21925 21962 I chatty  : uid=10830(org.mozilla.fenix.nightly) expire 1 line
02-06 22:06:36.899  1456  2915 I ActivityManager: Displayed org.mozilla.fenix.nightly/org.mozilla.fenix.HomeActivity: +1s184ms
02-06 22:06:36.899  1456  2915 I ActivityManager: Fully drawn org.mozilla.fenix.nightly/org.mozilla.fenix.HomeActivity: +1s184ms
02-06 22:06:36.906 21949 21949 I chatty  : uid=10830(org.mozilla.fenix.nightly) expire 2 lines
02-06 22:06:36.907 21949 21967 I chatty  : uid=10830(org.mozilla.fenix.nightly) expire 15 lines
02-06 22:06:36.951  1456  2236 I ActivityManager: Start proc 21974:com.android.vending/u0a62 for service com.android.vending/com.google.android.finsky.externalreferrer.GetInstallReferrerService
02-06 22:06:36.985  1456  1673 I LaunchCheckinHandler: Displayed org.mozilla.fenix.nightly/org.mozilla.fenix.HomeActivity,cp,ca,1270
02-06 22:06:37.001  1456  1466 I zygote  : Background concurrent copying GC freed 58719(3MB) AllocSpace objects, 30(1176KB) LOS objects, 40% free, 35MB/59MB, paused 174us total 340.848ms
02-06 22:06:37.045 21974 21974 I Finsky  : [2] ebz.aG(7): Process created at version: 18.6.33-all [0] [PR] 292279539
02-06 22:06:37.247  2748  2917 W OpenGLRenderer: Incorrectly called buildLayer on View: ShortcutAndWidgetContainer, destroying layer...
02-06 22:06:37.254 20023 20023 I MemoryTrimmer: Trimming objects from memory, since app is in the background.
02-06 22:06:37.264 20023 18843 I PBSessionCacheImpl: Deleted sessionId[88063665787506507] from persistence.
02-06 22:06:37.264 20023 20023 I MemoryTrimmer: Trimming objects from memory, since app is in the background.
02-06 22:06:37.273  1456  2915 I WifiService: getWifiEnabledState uid=10073
02-06 22:06:37.277 20023 20165 W SearchServiceCore: Abort, client detached.
02-06 22:06:37.293   808   808 I SFPerfTracer:      triggers: (rate: 50:549640) (compose: 0:6) (post: 0:14) (render: 0:11) (6:4675173 frames) (7:6178251)
02-06 22:06:37.293   808   808 D SFPerfTracer:        layers: (3:14) (NavigationBar#0 (0xb07df000): 0:510277) (StatusBar#0 (0xb07e3000): 0:1459164) (com.android.systemui.ImageWallpaper#0 (0xb07e7000): 0:44314)* (Sprite#0 (0xb0733000): 0:317)* (DimLayerController/Stack=0#0 (0xb075a000): 0:3589)* (Sprite#1 (0xb077c000): 0:195)* (com.android.launcher3/com.android.launcher3.CustomizationPanelLauncher#0 (0xb0763000): 0:38)- (com.android.launcher3/com.android.launcher3.CustomizationPanelLauncher#1 (0xb0771000): 0:10)- (Splash Screen org.mozilla.fenix.nightly#0 (0xb0384000): 0:29)- (org.mozilla.fenix.nightly/org.mozilla.fenix.HomeActivity#0 (0xb039b000): 0:36)- (com.android.launcher3/com.android.launcher3.CustomizationPanelLauncher#0 (0xb0763000): 0:33)* (com.android.launcher3/com.android.launcher3.CustomizationPanelLauncher#1 (0xb0771000): 0:8)* (Splash Screen org.mozilla.fenix.nightly#0 (0xb0384000): 0:30)- (org.mozilla.fenix.nightly/org.mozilla.fenix.HomeActivity#0 (0xb039b000): 7:20) 
02-06 22:06:37.374 21974 22004 I Finsky  : [249434] rgj.a(38): Started reading experiment flags from file [0tGUNCGIkbk4o6-fQ335kUYSKwVj4lusnHT-A5Dsy08].
02-06 22:06:37.385 21974 22013 I Finsky  : [249436] rgj.a(38): Started reading experiment flags from file [Se-xCc4LzNyh3UrKMIU2sUf-PUKz4oQEbpKZDMuaFno].
02-06 22:06:37.388 21974 22004 I Finsky  : [249434] rgj.a(49): Finished reading experiment flags from file [0tGUNCGIkbk4o6-fQ335kUYSKwVj4lusnHT-A5Dsy08].
02-06 22:06:37.396 21974 22013 I Finsky  : [249436] rgj.a(49): Finished reading experiment flags from file [Se-xCc4LzNyh3UrKMIU2sUf-PUKz4oQEbpKZDMuaFno].
02-06 22:06:37.476 21974 21974 I Finsky  : [2] tqw.<init>(11): Resetting scheduler db
02-06 22:06:37.493 21974 22000 I Finsky  : [249430] ebz.U(6): Not a unicorn account
02-06 22:06:37.507 21974 22000 W PrimesInit: Primes instant initialization
02-06 22:06:37.509 21974 22022 W Primes  : background initialization
02-06 22:06:37.517 21974 22001 I Finsky  : [249431] xqv.a(2): Disable SystemUpdateActivity, because Android is lower than Q
02-06 22:06:37.525 21974 22025 I Finsky  : [249446] xqu.run(4): Set SystemUpdateActivity enabled state to 2
02-06 22:06:37.529 21974 21979 I zygote  : Do partial code cache collection, code=31KB, data=19KB
02-06 22:06:37.530 21974 22001 I zygote  : Deoptimizing java.lang.Object j$.util.concurrent.ConcurrentHashMap.putVal(java.lang.Object, java.lang.Object, boolean) due to JIT inline cache
02-06 22:06:37.531 21974 21979 I zygote  : After code cache collection, code=31KB, data=19KB
02-06 22:06:37.531 21974 21979 I zygote  : Increasing code cache capacity to 128KB
02-06 22:06:37.533 21974 22001 I Finsky  : [249431] qtj.<init>(5): PackageMonitor - Registering in memory receiver for android.intent.action.PACKAGE_ADDED and android.intent.action.PACKAGE_REMOVED
02-06 22:06:37.541 21974 21999 I cr_CronetLibraryLoader: Cronet version: 81.0.4021.0, arch: armv7l
02-06 22:06:37.551 21974 21999 W Finsky  : [249429] drd.a(21): For unauth, use getDfeApiNonAuthenticated() instead!
02-06 22:06:37.557 21974 22002 W Settings: Setting download_manager_max_bytes_over_mobile has moved from android.provider.Settings.Secure to android.provider.Settings.Global.
02-06 22:06:37.560 21974 22002 I Finsky  : [249432] pxz.a(5): SettingNotFoundException, fall through to G.downloadBytesOverMobileMaximum
02-06 22:06:37.563 21974 22002 W Settings: Setting download_manager_recommended_max_bytes_over_mobile has moved from android.provider.Settings.Secure to android.provider.Settings.Global.
02-06 22:06:37.564 21974 21999 I Finsky  : [249429] ozh.c(4): Enqueuing libraries load for 0
02-06 22:06:37.565 21974 22002 I Finsky  : [249432] pxz.a(9): SettingNotFoundException, fall through to G.downloadBytesOverMobileRecommended
02-06 22:06:37.565 21974 22019 I Finsky  : [249442] ozh.a(16): Starting libraries load for 0
02-06 22:06:37.569 21974 22001 I Finsky  : [249431] gvu.f(7): Subscription detail: N/A
02-06 22:06:37.578 21974 22019 I Finsky  : [249442] ozh.a(38): Finished loading 0 libraries.
02-06 22:06:37.584 21974 22001 I Finsky  : [249431] zws.l(5): Setup app restrictions monitor
02-06 22:06:37.587 21974 22001 I Finsky  : [249431] zyp.a(4): Device wide unknown source restriction is changed.
02-06 22:06:37.622 21974 21974 I Finsky  : [2] ppb.onTrimMemory(1): Memory trim requested to level 15
02-06 22:06:37.646 21974 21974 I Finsky  : [2] mre.<init>(12): Installer: Setting Parallelism[DEFAULT]
02-06 22:06:37.648 21974 21974 I Finsky  : [2] mnv.a(18): Installer: Attempting to start installer
02-06 22:06:37.652 21974 21974 I zygote  : Deoptimizing java.lang.Object j$.util.concurrent.ConcurrentHashMap.putVal(java.lang.Object, java.lang.Object, boolean) due to JIT inline cache
02-06 22:06:37.658 21974 21974 I Finsky  : [2] mjc.<init>(8): Not checking if recovering from paused session because experiment is off
02-06 22:06:37.665 21974 21974 I Finsky  : [2] gvt.onSubscriptionsChanged(1): onSubscriptionsChanged
02-06 22:06:37.681 21974 21974 I Finsky  : [2] mnv.a(230): Installer kick - no action, not running yet
02-06 22:06:37.682 21974 21974 I Finsky  : [2] mnv.a(230): Installer kick - no action, not running yet
02-06 22:06:37.684 21974 22004 D NetworkSecurityConfig: No Network Security Config specified, using platform default
02-06 22:06:37.690 21974 21974 I Finsky  : [2] ppb.onTrimMemory(1): Memory trim requested to level 80
02-06 22:06:37.726 21974 22060 I zygote  : Deoptimizing int aooz.a(java.lang.Object, byte[], int, int, int, aolt) due to JIT inline cache
02-06 22:06:37.797 21974 21974 I Finsky  : [2] tqw.a(7): SCH: Jobs in database: 1-1337 3-1672 3-1673 24-77777777 26-1414141414 29-29 
02-06 22:06:37.813 21974 21979 I zygote  : Do partial code cache collection, code=56KB, data=48KB
02-06 22:06:37.815 21974 21979 I zygote  : After code cache collection, code=46KB, data=42KB
02-06 22:06:37.815 21974 21979 I zygote  : Increasing code cache capacity to 256KB
02-06 22:06:37.827 21974 21974 I Finsky  : [2] tmt.a(58): SCH: ConstraintMapping: 24-77777777,  -> L: 0ms, D: 51871088ms, C: false, I: true, N: 0
02-06 22:06:37.828 21974 21974 I Finsky  : [2] tmt.a(58): SCH: ConstraintMapping: 1-1337,  -> L: 12260542ms, D: 55460542ms, C: false, I: false, N: 1
02-06 22:06:37.829 21974 21974 I Finsky  : [2] tmt.a(58): SCH: ConstraintMapping: 3-1672,  -> L: 0ms, D: 86097316ms, C: false, I: true, N: 2
02-06 22:06:37.830 21974 21974 I Finsky  : [2] tmt.a(58): SCH: ConstraintMapping: 3-1673,  -> L: 0ms, D: 86097328ms, C: true, I: true, N: 2
02-06 22:06:37.832 21974 21974 I Finsky  : [2] tmt.a(58): SCH: ConstraintMapping: 26-1414141414, 29-29,  -> L: 29645ms, D: 59645ms, C: false, I: false, N: 0
02-06 22:06:37.840 21974 21974 I Finsky  : [2] tpg.a(37): Cancelling existing jobscheduler jobs: 9001 9006 9003 9009 9002 
02-06 22:06:37.841 21974 21974 I Finsky  : [2] tpg.a(14): Throttling wakeup for job 9000 (expected to run in 0 ms) due to recent wakeup
02-06 22:06:37.842 21974 21974 I Finsky  : [2] tpg.a(30): Scheduling job Id: 9000, L: 30000, D: 51871088, C: false, I: true, N: 0
02-06 22:06:37.844 21974 21974 I Finsky  : [2] tpg.a(30): Scheduling job Id: 9004, L: 12260542, D: 55460542, C: false, I: false, N: 1
02-06 22:06:37.845 21974 21974 I Finsky  : [2] tpg.a(14): Throttling wakeup for job 9005 (expected to run in 0 ms) due to recent wakeup
02-06 22:06:37.846 21974 21974 I Finsky  : [2] tpg.a(30): Scheduling job Id: 9005, L: 30000, D: 86097316, C: false, I: true, N: 2
02-06 22:06:37.847 21974 21974 I Finsky  : [2] tpg.a(14): Throttling wakeup for job 9007 (expected to run in 0 ms) due to recent wakeup
02-06 22:06:37.848 21974 21974 I Finsky  : [2] tpg.a(30): Scheduling job Id: 9007, L: 30000, D: 86097328, C: true, I: true, N: 2
02-06 22:06:37.849 21974 21974 I Finsky  : [2] tpg.a(30): Scheduling job Id: 9008, L: 29645, D: 59645, C: false, I: false, N: 0
02-06 22:06:37.877  1456  7556 I ActivityManager: Start proc 22089:android.process.media/u0a31 for content provider com.android.providers.downloads/.DownloadProvider
02-06 22:06:37.911 22089 22089 I zygote  : The ClassLoaderContext is a special shared library.
02-06 22:06:37.928 22089 22089 I zygote  : The ClassLoaderContext is a special shared library.
02-06 22:06:37.997 21974 22066 I Finsky  : [249476] mmw.run(2): Installer: Installer starting.
02-06 22:06:37.997 21974 22066 I Finsky  : [249476] mmw.run(4): Installer: Installer started.
02-06 22:06:38.000 21974 21974 I Finsky  : [2] mnv.a(238): Installer: found apps to install. isMultiUserMode=false, apps=[]
02-06 22:06:38.015 21974 21974 I Finsky  : [2] tqf.a(3): SCH: Canceling job 3-1672
02-06 22:06:38.021 21974 21974 I Finsky  : [2] tqw.a(7): SCH: Jobs in database: 1-1337 3-1673 24-77777777 26-1414141414 29-29 
02-06 22:06:38.035 21974 21974 I Finsky  : [2] tmt.a(58): SCH: ConstraintMapping: 24-77777777,  -> L: 0ms, D: 51870872ms, C: false, I: true, N: 0
02-06 22:06:38.036 21974 21974 I Finsky  : [2] tmt.a(58): SCH: ConstraintMapping: 1-1337,  -> L: 12260320ms, D: 55460320ms, C: false, I: false, N: 1
02-06 22:06:38.037 21974 21974 I Finsky  : [2] tmt.a(58): SCH: ConstraintMapping: 3-1673,  -> L: 0ms, D: 86097110ms, C: true, I: true, N: 2
02-06 22:06:38.037 21974 21974 I Finsky  : [2] tmt.a(58): SCH: ConstraintMapping: 26-1414141414, 29-29,  -> L: 29435ms, D: 59435ms, C: false, I: false, N: 0
02-06 22:06:38.045 21974 21974 I Finsky  : [2] tpg.a(37): Cancelling existing jobscheduler jobs: 9000 9004 9008 9005 9007 
02-06 22:06:38.046 21974 21974 I Finsky  : [2] tpg.a(14): Throttling wakeup for job 9001 (expected to run in 0 ms) due to recent wakeup
02-06 22:06:38.046 21974 21974 I Finsky  : [2] tpg.a(30): Scheduling job Id: 9001, L: 30000, D: 51870872, C: false, I: true, N: 0
02-06 22:06:38.048 21974 21974 I Finsky  : [2] tpg.a(30): Scheduling job Id: 9002, L: 12260320, D: 55460320, C: false, I: false, N: 1
02-06 22:06:38.049 21974 21974 I Finsky  : [2] tpg.a(14): Throttling wakeup for job 9003 (expected to run in 0 ms) due to recent wakeup
02-06 22:06:38.049 21974 21974 I Finsky  : [2] tpg.a(30): Scheduling job Id: 9003, L: 30000, D: 86097110, C: true, I: true, N: 2
02-06 22:06:38.050 21974 21974 I Finsky  : [2] tpg.a(30): Scheduling job Id: 9006, L: 29435, D: 59435, C: false, I: false, N: 0
02-06 22:06:38.058 21974 21974 I Finsky  : [2] tqf.a(3): SCH: Canceling job 3-1673
02-06 22:06:38.062 21974 21974 I Finsky  : [2] tqw.a(7): SCH: Jobs in database: 1-1337 24-77777777 26-1414141414 29-29 
02-06 22:06:38.073 21974 21974 I Finsky  : [2] tmt.a(58): SCH: ConstraintMapping: 24-77777777,  -> L: 0ms, D: 51870833ms, C: false, I: true, N: 0
02-06 22:06:38.074 21974 21974 I Finsky  : [2] tmt.a(58): SCH: ConstraintMapping: 1-1337,  -> L: 12260279ms, D: 55460279ms, C: false, I: false, N: 1
02-06 22:06:38.076 21974 21974 I Finsky  : [2] tmt.a(58): SCH: ConstraintMapping: 26-1414141414, 29-29,  -> L: 29396ms, D: 59396ms, C: false, I: false, N: 0
02-06 22:06:38.076 21831 22114 I chatty  : uid=10830(org.mozilla.fenix.nightly) expire 2 lines
02-06 22:06:38.083 21974 21974 I Finsky  : [2] tpg.a(37): Cancelling existing jobscheduler jobs: 9002 9003 9006 9001 
02-06 22:06:38.083 21974 21974 I Finsky  : [2] tpg.a(14): Throttling wakeup for job 9000 (expected to run in 0 ms) due to recent wakeup
02-06 22:06:38.084 21974 21974 I Finsky  : [2] tpg.a(30): Scheduling job Id: 9000, L: 30000, D: 51870833, C: false, I: true, N: 0
02-06 22:06:38.086 21974 21974 I Finsky  : [2] tpg.a(30): Scheduling job Id: 9004, L: 12260279, D: 55460279, C: false, I: false, N: 1
02-06 22:06:38.088 21974 21974 I Finsky  : [2] tpg.a(30): Scheduling job Id: 9005, L: 29396, D: 59396, C: false, I: false, N: 0
02-06 22:06:38.104 21974 21979 I zygote  : Do full code cache collection, code=73KB, data=50KB
02-06 22:06:38.106 21974 21979 I zygote  : After code cache collection, code=55KB, data=34KB
02-06 22:06:38.118 21974 22106 I Finsky  : [249481] mzx.c(27): IQ: Creating job 1674, for (REQ_DEVICE_IDLE, REQ_GEARHEAD_PROJECTION_OFF, MIN_BATTERY=50, SHOULD_APPLY_BUDGET=true, NETWORK=UNMETERED, PROVISIONING_STATE=PROVISIONED)
02-06 22:06:38.136 21974 21974 I Finsky  : [2] tqw.a(7): SCH: Jobs in database: 1-1337 3-1674 24-77777777 26-1414141414 29-29 
02-06 22:06:38.136 21974 22106 I Finsky  : [249481] mzx.c(27): IQ: Creating job 1675, for (REQ_CHARGING, REQ_DEVICE_IDLE, REQ_GEARHEAD_PROJECTION_OFF, NETWORK=UNMETERED, PROVISIONING_STATE=PROVISIONED)
02-06 22:06:38.149 21974 21974 I Finsky  : [2] tmt.a(58): SCH: ConstraintMapping: 24-77777777,  -> L: 0ms, D: 51870758ms, C: false, I: true, N: 0
02-06 22:06:38.150 21974 21974 I Finsky  : [2] tmt.a(58): SCH: ConstraintMapping: 1-1337,  -> L: 12260205ms, D: 55460205ms, C: false, I: false, N: 1
02-06 22:06:38.150 21974 21974 I Finsky  : [2] tmt.a(58): SCH: ConstraintMapping: 3-1674,  -> L: 0ms, D: 86399982ms, C: false, I: true, N: 2
02-06 22:06:38.151 21974 21974 I Finsky  : [2] tmt.a(58): SCH: ConstraintMapping: 26-1414141414, 29-29,  -> L: 29321ms, D: 59321ms, C: false, I: false, N: 0
02-06 22:06:38.156 21974 21974 I Finsky  : [2] tpg.a(37): Cancelling existing jobscheduler jobs: 9000 9004 9005 
02-06 22:06:38.156 21974 21974 I Finsky  : [2] tpg.a(14): Throttling wakeup for job 9001 (expected to run in 0 ms) due to recent wakeup
02-06 22:06:38.157 21974 21974 I Finsky  : [2] tpg.a(30): Scheduling job Id: 9001, L: 30000, D: 51870758, C: false, I: true, N: 0
02-06 22:06:38.158 21974 21974 I Finsky  : [2] tpg.a(30): Scheduling job Id: 9002, L: 12260205, D: 55460205, C: false, I: false, N: 1
02-06 22:06:38.161 21974 21974 I Finsky  : [2] tpg.a(14): Throttling wakeup for job 9003 (expected to run in 0 ms) due to recent wakeup
02-06 22:06:38.161 21974 21974 I Finsky  : [2] tpg.a(30): Scheduling job Id: 9003, L: 30000, D: 86399982, C: false, I: true, N: 2
02-06 22:06:38.163 21974 21974 I Finsky  : [2] tpg.a(30): Scheduling job Id: 9006, L: 29321, D: 59321, C: false, I: false, N: 0
02-06 22:06:38.188 21974 21974 I Finsky  : [2] tqw.a(7): SCH: Jobs in database: 1-1337 3-1674 3-1675 24-77777777 26-1414141414 29-29 
02-06 22:06:38.208 21974 21974 I Finsky  : [2] tmt.a(58): SCH: ConstraintMapping: 24-77777777,  -> L: 0ms, D: 51870699ms, C: false, I: true, N: 0
02-06 22:06:38.209 21974 21974 I Finsky  : [2] tmt.a(58): SCH: ConstraintMapping: 1-1337,  -> L: 12260150ms, D: 55460150ms, C: false, I: false, N: 1
02-06 22:06:38.210 21974 21974 I Finsky  : [2] tmt.a(58): SCH: ConstraintMapping: 3-1674,  -> L: 0ms, D: 86399926ms, C: false, I: true, N: 2
02-06 22:06:38.211 21974 21974 I Finsky  : [2] tmt.a(58): SCH: ConstraintMapping: 3-1675,  -> L: 0ms, D: 86399939ms, C: true, I: true, N: 2
02-06 22:06:38.212 21974 21974 I Finsky  : [2] tmt.a(58): SCH: ConstraintMapping: 26-1414141414, 29-29,  -> L: 29262ms, D: 59262ms, C: false, I: false, N: 0
02-06 22:06:38.219 21974 21974 I Finsky  : [2] tpg.a(37): Cancelling existing jobscheduler jobs: 9001 9006 9002 9003 
02-06 22:06:38.219 21974 21974 I Finsky  : [2] tpg.a(14): Throttling wakeup for job 9000 (expected to run in 0 ms) due to recent wakeup
02-06 22:06:38.220 21974 21974 I Finsky  : [2] tpg.a(30): Scheduling job Id: 9000, L: 30000, D: 51870699, C: false, I: true, N: 0
02-06 22:06:38.222 21974 21974 I Finsky  : [2] tpg.a(30): Scheduling job Id: 9004, L: 12260150, D: 55460150, C: false, I: false, N: 1
02-06 22:06:38.223 21974 21974 I Finsky  : [2] tpg.a(14): Throttling wakeup for job 9005 (expected to run in 0 ms) due to recent wakeup
02-06 22:06:38.223 21974 21974 I Finsky  : [2] tpg.a(30): Scheduling job Id: 9005, L: 30000, D: 86399926, C: false, I: true, N: 2
02-06 22:06:38.224 21974 21974 I Finsky  : [2] tpg.a(14): Throttling wakeup for job 9007 (expected to run in 0 ms) due to recent wakeup
02-06 22:06:38.225 21974 21974 I Finsky  : [2] tpg.a(30): Scheduling job Id: 9007, L: 30000, D: 86399939, C: true, I: true, N: 2
02-06 22:06:38.226 21974 21974 I Finsky  : [2] tpg.a(30): Scheduling job Id: 9008, L: 29262, D: 59262, C: false, I: false, N: 0
02-06 22:06:38.248 21974 21974 I Finsky  : [2] vbf.a(23): Connecting InstallListener to SplitInstallService broadcaster...
02-06 22:06:38.690 21831 21852 I chatty  : uid=10830(org.mozilla.fenix.nightly) expire 1 line
02-06 22:06:38.695  1456  2067 D ConnectivityService: releasing NetworkRequest [ TRACK_DEFAULT id=25311, [ Capabilities: INTERNET&NOT_RESTRICTED&TRUSTED&NOT_VPN] ] (release request)
02-06 22:06:40.272  2360  2360 D MayaFrameworkProxyService: receive intent :Intent { act=android.intent.action.PACKAGE_CHANGED dat=package:org.mozilla.fenix.nightly flg=0x45000010 (has extras) }
02-06 22:06:40.284  1456  1600 W ResourceType: No known package when getting value for resource number 0x7f0801a0
02-06 22:06:40.284  1456  1600 W ResourceType: No known package when getting value for resource number 0x7f120106
02-06 22:06:40.284  1456  1600 W ResourceType: No known package when getting value for resource number 0x7f120106
02-06 22:06:40.285  1456  1600 W ResourceType: No known package when getting value for resource number 0x7f08019e
02-06 22:06:40.285  1456  1600 W ResourceType: No known package when getting value for resource number 0x7f120105
02-06 22:06:40.285  1456  1600 W ResourceType: No known package when getting value for resource number 0x7f120105
02-06 22:06:40.295  1456  1456 W ResourceType: ResTable_typeSpec entry count inconsistent: given 669, previously 675
02-06 22:06:40.296  1456  1456 W ResourceType: ResTable_typeSpec entry count inconsistent: given 394, previously 1461
02-06 22:06:40.296  1456  1456 W ResourceType: ResTable_typeSpec entry count inconsistent: given 217, previously 1293
02-06 22:06:40.297  1456  1942 I InputReader: Reconfiguring input devices.  changes=0x00000010
02-06 22:06:40.334  2398  2398 D CarrierSvcBindHelper: No carrier app for: 0
02-06 22:06:40.335  2398  2398 D CarrierSvcBindHelper: No carrier app for: 1
02-06 22:06:40.335  2398  2398 D ImsResolver: maybeAddedImsService, packageName: org.mozilla.fenix.nightly
02-06 22:06:40.371  1456  1600 W ResourceType: ResTable_typeSpec entry count inconsistent: given 29, previously 34
02-06 22:06:40.372  2398  2398 E VvmPkgInstalledRcvr: cannot create TelephonyManager from ComponentInfo{com.android.phone/com.android.services.telephony.TelephonyConnectionService}, [****], UserHandle{0}
02-06 22:06:40.374  1456  1600 W ResourceType: ResTable_typeSpec entry count inconsistent: given 2172, previously 2169
02-06 22:06:40.374  1456  1600 W ResourceType: ResTable_typeSpec entry count inconsistent: given 272, previously 1536
02-06 22:06:40.384  1456  1456 W ResourceType: Found multiple library tables, ignoring...
02-06 22:06:40.434  1456  1456 I TelecomService: DefaultDialerCache: Refreshing default dialer for user 0: now com.android.dialer: DDC.oR@FiY
02-06 22:06:40.466 13975 14023 I Icing   : IndexChimeraService.getServiceInterface callingPackage=com.google.android.gms componentName=AppsCorpus serviceId=36
02-06 22:06:40.481 13975 17873 W Icing   : No valid account for uploading user actions
02-06 22:06:40.527 17694 17705 I zygote  : Background concurrent copying GC freed 95243(5MB) AllocSpace objects, 9(192KB) LOS objects, 49% free, 8MB/16MB, paused 309us total 144.272ms
02-06 22:06:40.564 13975 17873 I Icing   : Usage reports ok 1, Failed Usage reports 0, indexed 0, rejected 0
02-06 22:06:40.566 13975 17873 I Icing   : Indexing com.google.android.gms-internal.3p:MobileApplication from com.google.android.gms using seqno 2511
02-06 22:06:41.366 22163 22163 D AndroidRuntime: >>>>>> START com.android.internal.os.RuntimeInit uid 2000 <<<<<<
02-06 22:06:41.379 22163 22163 W app_process: Could not reserve sentinel fault page
02-06 22:06:41.545 22163 22163 I app_process: The ClassLoaderContext is a special shared library.
02-06 22:06:41.568 13975 17873 I Icing   : Indexing com.google.android.gms-apps from com.google.android.gms
02-06 22:06:41.613 22163 22163 D AndroidRuntime: Calling main entry com.android.commands.input.Input
02-06 22:06:41.614 22163 22163 I Input   : injectKeyEvent: KeyEvent { action=ACTION_DOWN, keyCode=KEYCODE_HOME, scanCode=0, metaState=0, flags=0x0, repeatCount=0, eventTime=13465333121, downTime=13465333121, deviceId=-1, source=0x101 }
02-06 22:06:41.624 22163 22163 I Input   : injectKeyEvent: KeyEvent { action=ACTION_UP, keyCode=KEYCODE_HOME, scanCode=0, metaState=0, flags=0x0, repeatCount=0, eventTime=13465333121, downTime=13465333121, deviceId=-1, source=0x101 }
02-06 22:06:41.633  1456  1941 I ActivityManager: START u0 {act=android.intent.action.MAIN cat=[android.intent.category.HOME] flg=0x10200000 cmp=com.android.launcher3/.CustomizationPanelLauncher (has extras)} from uid 1000
02-06 22:06:41.634   794   839 E ANDR-PERF-RESOURCEQS: Failed to apply optimization [4, 0]
02-06 22:06:41.647  1456  1941 I ActivityManager: moveHomeStack, setupComplete:true
02-06 22:06:41.652 13975 17873 I Icing   : Indexing done com.google.android.gms-apps
02-06 22:06:41.652 22163 22163 D AndroidRuntime: Shutting down VM
02-06 22:06:41.662 20023 20118 I Adreno  : QUALCOMM build                   : bb5b86c, I77d3059488
02-06 22:06:41.662 20023 20118 I Adreno  : Build Date                       : 06/07/18
02-06 22:06:41.662 20023 20118 I Adreno  : OpenGL ES Shader Compiler Version: EV031.22.00.01_06
02-06 22:06:41.662 20023 20118 I Adreno  : Local Branch                     : 
02-06 22:06:41.662 20023 20118 I Adreno  : Remote Branch                    : refs/tags/AU_LINUX_ANDROID_LA.UM.6.5.R1.08.01.00.312.086
02-06 22:06:41.662 20023 20118 I Adreno  : Remote Branch                    : NONE
02-06 22:06:41.662 20023 20118 I Adreno  : Reconstruct Branch               : NOTHING
02-06 22:06:41.665 20023 20118 D vndksupport: Loading /vendor/lib/hw/gralloc.msm8937.so from current namespace instead of sphal namespace.
02-06 22:06:41.669 20023 20118 I Adreno  : PFP: 0x005ff087, ME: 0x005ff063
02-06 22:06:41.674 20023 20118 I zygote  : android::hardware::configstore::V1_0::ISurfaceFlingerConfigs::hasWideColorDisplay retrieved: 0
02-06 22:06:41.675 20023 20118 I OpenGLRenderer: Initialized EGL, version 1.4
02-06 22:06:41.675 20023 20118 D OpenGLRenderer: Swap behavior 2
02-06 22:06:41.679  2748  2748 D Launcher.Utilities: Wakeup weather: Intent { act=com.motorola.launcher3.action.WAKEUP_WEATHER cmp=com.motorola.timeweatherwidget/com.motorola.commandcenter.weather.WakeUpService }
02-06 22:06:41.691  1456  1456 I NotificationService: Cannot find enqueued record for key: 0|com.motorola.timeweatherwidget|1|null|10116
02-06 22:06:41.699   808   808 D SurfaceFlinger: duplicate layer name: changing com.android.launcher3/com.android.launcher3.CustomizationPanelLauncher to com.android.launcher3/com.android.launcher3.CustomizationPanelLauncher#1
02-06 22:06:41.708 20023 20023 W ThreadPoolDumper: Queue length for executor EventBus is now 11. Perhaps some tasks are too long, or the pool is too small.
02-06 22:06:41.713  1456  2921 I WifiService: getWifiEnabledState uid=10073
02-06 22:06:41.724  1456  2921 I WifiService: getWifiEnabledState uid=10073
02-06 22:06:41.755 20023 20165 I MicroDetectionState: Should stop hotword detection immediately - false
02-06 22:06:41.760 20023 20165 I MicroDetectionWorker: #startMicroDetector [speakerMode: 0]
02-06 22:06:41.761 20023 20165 I AudioController: Created new AudioSource
02-06 22:06:41.777  1456  1673 I LaunchCheckinHandler: Displayed com.android.launcher3/.CustomizationPanelLauncher,wp,wa,143
02-06 22:06:41.778 20023 20115 I MicroDataManager: isInitializedWithLatestParams-true
02-06 22:06:41.778 20023 20115 I MicroDataManager: isInitializing-false locale not changed-true model not changed-true
02-06 22:06:41.779 20023 20115 I MicroDataManager: Already initialized, obtaining the hotword data immediately.
02-06 22:06:41.783 20023  7640 I MicroRecognitionRunner: Starting detection.
02-06 22:06:41.784 20023  7640 I InputStreamUtils: Using micInputStream
02-06 22:06:41.784 20023 18843 I MicrophoneInputStream: mic_starting  SR : 16000 CC : 16 SO : 1999
02-06 22:06:41.789   788  1479 V msm8974_platform: platform_check_input_mask: enter check_input_mask source 6 mask 10
02-06 22:06:41.792  1012 22178 I AudioFlinger: AudioFlinger's thread 0xb2483f80 tid=22178 ready to run
02-06 22:06:41.797   788  1479 D audio_hw_primary: in_set_parameters: enter: kvpairs=input_source=6;routing=-2147483644
02-06 22:06:41.798  1012 13178 D APM_AudioPolicyManager: AudioPolicyManager::startInput() input 124366, session 124441, source = 1999
02-06 22:06:41.798 20023 18843 I MicrophoneInputStream: mic_started  SR : 16000 CC : 16 SO : 1999
02-06 22:06:41.800   788 22179 V msm8974_platform: platform_update_usecase_from_source: input source :6
02-06 22:06:41.800   788 22179 V msm8974_platform: platform_check_input_mask: enter check_input_mask source 6 mask 10
02-06 22:06:41.800   788 22179 V msm8974_platform: platform_get_input_snd_device: enter: out_device(0) in_device(0x4) channel_count (1) channel_mask (0x10)
02-06 22:06:41.800   788 22179 V msm8974_platform: platform_get_input_snd_device: exit: in_snd_device(voice-rec-mic)
02-06 22:06:41.802   788 22179 V msm8974_platform: platform_get_backend_index:napb: backend port - 5 device - 120 
02-06 22:06:41.802   788 22179 V msm8974_platform: platform_check_and_set_capture_backend_cfg:txbecf: afe: bitwidth 0, samplerate 0, channel 1, backend_idx 5 usecase = 9 device (voice-rec-mic)
02-06 22:06:41.802   788 22179 V msm8974_platform: platform_check_capture_backend_cfg:txbecf: afe: Codec selected backend: 5 current bit width: 0 and sample rate: 0, channels 1
02-06 22:06:41.802   788 22179 V msm8974_platform: platform_check_capture_backend_cfg:txbecf: afe: Codec selected backend: 5 updated bit width: 0 and sample rate: 0
02-06 22:06:41.802   788 22179 I msm8974_platform: platform_check_capture_backend_cfg:txbecf: afe: Codec backend needs to be updated. new bit width: 0 new sample rate: 0 new channel: 1
02-06 22:06:41.802   788 22179 V msm8974_platform: platform_get_backend_index:napb: backend port - 5 device - 120 
02-06 22:06:41.802   788 22179 V msm8974_platform: platform_set_backend_cfg:becf: afe: bitwidth 0, samplerate 0 channels 1, backend_idx 5 device (voice-rec-mic)
02-06 22:06:41.802   788 22179 E msm8974_platform: platform_set_backend_cfg:becf: afe: Could not get ctl for mixer command - SLIM_0_TX Format
02-06 22:06:41.802   788 22179 V msm8974_platform: platform_send_audio_calibration: sending audio calibration for snd_device(120) acdb_id(62)
02-06 22:06:41.802   788 22179 D ACDB-LOADER: ACDB -> send_audio_cal, acdb_id = 62, path = 1, app id = 0x11130, sample rate = 48000
02-06 22:06:41.802   788 22179 D ACDB-LOADER: ACDB -> send_asm_topology
02-06 22:06:41.802   788 22179 D ACDB-LOADER: ACDB -> ACDB_CMD_GET_AUDPROC_STREAM_TOPOLOGY_ID
02-06 22:06:41.802   788 22179 D ACDB-LOADER: ACDB -> send_adm_topology
02-06 22:06:41.802   788 22179 D ACDB-LOADER: ACDB -> ACDB_CMD_GET_AUDPROC_COMMON_TOPOLOGY_ID
02-06 22:06:41.802   788 22179 D ACDB-LOADER: ACDB -> send_audtable
02-06 22:06:41.802   788 22179 D ACDB-LOADER: ACDB -> ACDB_CMD_GET_AUDPROC_COMMON_TABLE_SIZE
02-06 22:06:41.803   788 22179 D ACDB-LOADER: ACDB -> ACDB_CMD_GET_AUDPROC_COMMON_TABLE
02-06 22:06:41.803   788 22179 D ACDB-LOADER: ACDB -> AUDIO_SET_AUDPROC_CAL
02-06 22:06:41.803   788 22179 D ACDB-LOADER: ACDB -> send_audvoltable
02-06 22:06:41.803   788 22179 D ACDB-LOADER: ACDB -> ACDB_CMD_GET_AUDPROC_VOL_STEP_TABLE_SIZE
02-06 22:06:41.803   788 22179 D ACDB-LOADER: ACDB -> ACDB_CMD_GET_AUDPROC_GAIN_DEP_STEP_TABLE, vol index 0
02-06 22:06:41.803   788 22179 D         : Failed to fetch the lookup information of the device 0000003E 
02-06 22:06:41.803   788 22179 D ACDB-LOADER: ACDB -> AUDIO_SET_VOL_CAL cal type = 12
02-06 22:06:41.803   788 22179 D ACDB-LOADER: ACDB -> ACDB_CMD_GET_AUDPROC_STREAM_TABLE_SIZE
02-06 22:06:41.803   788 22179 D ACDB-LOADER: ACDB -> send_audstrmtable
02-06 22:06:41.803   788 22179 D ACDB-LOADER: ACDB -> ACDB_CMD_GET_AUDPROC_STREAM_TABLE_V2
02-06 22:06:41.803   788 22179 D ACDB-LOADER: ACDB -> audstrm_cal->cal_type.cal_data.cal_size = 456
02-06 22:06:41.803   788 22179 D ACDB-LOADER: ACDB -> send_afe_topology
02-06 22:06:41.803   788 22179 D ACDB-LOADER: ACDB -> ACDB_CMD_GET_AFE_TOPOLOGY_ID
02-06 22:06:41.803   788 22179 D ACDB-LOADER: ACDB -> GET_AFE_TOPOLOGY_ID for adcd_id 62, Topology Id 112fb
02-06 22:06:41.803   788 22179 D ACDB-LOADER: ACDB -> send_afe_cal
02-06 22:06:41.803   788 22179 D ACDB-LOADER: ACDB -> ACDB_CMD_GET_AFE_COMMON_TABLE_SIZE
02-06 22:06:41.803   788 22179 D         : Failed to fetch the lookup information of the device 0000003E 
02-06 22:06:41.803   788 22179 E ACDB-LOADER: Error: ACDB_CMD_GET_AFE_COMMON_TABLE_SIZE Returned = -19
02-06 22:06:41.803   788 22179 D ACDB-LOADER: ACDB -> ACDB_CMD_GET_AFE_COMMON_TABLE
02-06 22:06:41.803   788 22179 D         : Failed to fetch the lookup information of the device 0000003E 
02-06 22:06:41.803   788 22179 D ACDB-LOADER: ACDB -> AUDIO_SET_AFE_CAL
02-06 22:06:41.803   788 22179 D ACDB-LOADER: ACDB -> send_hw_delay : acdb_id = 62 path = 1
02-06 22:06:41.803   788 22179 D ACDB-LOADER: ACDB -> ACDB_AVSYNC_INFO: ACDB_CMD_GET_DEVICE_PROPERTY
02-06 22:06:41.803   788 22179 D audio_hw_primary: enable_snd_device: snd_device(120: voice-rec-mic)
02-06 22:06:41.803   788 22179 D audio_route: Apply path: voice-rec-mic
02-06 22:06:41.807   788 22179 V msm8974_platform: platform_get_snd_device_backend_index: enter with device 120
02-06 22:06:41.807   788 22179 E msm8974_platform: platform_get_snd_device_backend_index: BE DAI Name Table is not present
02-06 22:06:41.807   788 22179 V msm8974_platform: platform_get_backend_index:napb: backend port - 5 device - 120 
02-06 22:06:41.807   788 22179 I audio_hw_utils: Set Audio Stream Capture 0 App Type Cfg: app_type 69936, acdb_dev_id 62, sample_rate 48000, snd_device_be_idx -14
02-06 22:06:41.808   788 22179 D audio_hw_primary: enable_audio_route: usecase(9) apply and update mixer path: audio-record
02-06 22:06:41.808   788 22179 D audio_route: Apply path: audio-record
02-06 22:06:41.878 20023 20165 I MicroDetectionWorker: onReady
02-06 22:06:41.929  2146  2165 I zygote  : NativeAlloc concurrent copying GC freed 17117(1007KB) AllocSpace objects, 0(0B) LOS objects, 49% free, 9MB/19MB, paused 146us total 135.806ms
02-06 22:06:42.172  1456  7796 I OpenGLRenderer: Initialized EGL, version 1.4
02-06 22:06:42.173  1456  7796 D OpenGLRenderer: Swap behavior 2
02-06 22:06:42.236  2748  2917 W OpenGLRenderer: Incorrectly called buildLayer on View: ShortcutAndWidgetContainer, destroying layer...
02-06 22:06:42.342 21831 21901 I chatty  : uid=10830(org.mozilla.fenix.nightly) expire 1 line
02-06 22:06:42.376 21974 21974 I Finsky  : [2] ppb.onTrimMemory(1): Memory trim requested to level 80
02-06 22:06:42.381  1456  2920 D ConnectivityService: requestNetwork for uid/pid:10830/21831 NetworkRequest [ TRACK_DEFAULT id=25313, [ Capabilities: INTERNET&NOT_RESTRICTED&TRUSTED&NOT_VPN] ]
02-06 22:06:42.382  1456  2099 D Ethernet: got request NetworkRequest [ TRACK_DEFAULT id=25313, [ Capabilities: INTERNET&NOT_RESTRICTED&TRUSTED&NOT_VPN] ] with score 60
02-06 22:06:42.382  1456  2054 D WIFI_UT : got request NetworkRequest [ TRACK_DEFAULT id=25313, [ Capabilities: INTERNET&NOT_RESTRICTED&TRUSTED&NOT_VPN] ] with score 60
02-06 22:06:42.382  1456  2054 D WIFI    : got request NetworkRequest [ TRACK_DEFAULT id=25313, [ Capabilities: INTERNET&NOT_RESTRICTED&TRUSTED&NOT_VPN] ] with score 60
02-06 22:06:42.382  2398  2398 D PhoneSwitcherNetworkRequstListener: got request NetworkRequest [ TRACK_DEFAULT id=25313, [ Capabilities: INTERNET&NOT_RESTRICTED&TRUSTED&NOT_VPN] ] with score 60
02-06 22:06:42.394 21831 22180 I chatty  : uid=10830(org.mozilla.fenix.nightly) expire 9 lines
02-06 22:06:43.029 21831 21850 I chatty  : uid=10830(org.mozilla.fenix.nightly) expire 1 line
02-06 22:06:43.032  1456  2067 D ConnectivityService: releasing NetworkRequest [ TRACK_DEFAULT id=25313, [ Capabilities: INTERNET&NOT_RESTRICTED&TRUSTED&NOT_VPN] ] (release request)
02-06 22:06:46.815  1456  2920 I ActivityManager: Force stopping org.mozilla.fenix.nightly appid=10830 user=0: from pid 22189
02-06 22:06:46.815  1456  2920 I ActivityManager: Killing 21831:org.mozilla.fenix.nightly/u0a830 (adj 700): stop org.mozilla.fenix.nightly
02-06 22:06:46.818  1456  1605 W zygote  : kill(-21831, 9) failed: No such process
02-06 22:06:46.820  1456  2920 W ActivityManager: Force removing ActivityRecord{b0029e2 u0 org.mozilla.fenix.nightly/org.mozilla.fenix.HomeActivity t23391}: app died, no saved state
02-06 22:06:46.831  1456  2920 I ActivityManager: Killing 21949:org.mozilla.fenix.nightly:socket/u0a830 (adj 0): stop org.mozilla.fenix.nightly
02-06 22:06:46.833  1456  1605 W zygote  : kill(-21831, 9) failed: No such process
02-06 22:06:46.834  1456  2920 I ActivityManager: Killing 21925:org.mozilla.fenix.nightly:tab/u0a830 (adj 0): stop org.mozilla.fenix.nightly
02-06 22:06:46.838 21974 21974 I Finsky  : [2] ppb.onTrimMemory(1): Memory trim requested to level 80
02-06 22:06:46.845  2398  2398 D CarrierSvcBindHelper: No carrier app for: 0
02-06 22:06:46.846  2398  2398 D CarrierSvcBindHelper: No carrier app for: 1
02-06 22:06:46.846  1456  1605 W zygote  : kill(-21831, 9) failed: No such process
02-06 22:06:46.903  1456  1673 W ActivityManager: setHasOverlayUi called on unknown pid: 21831
02-06 22:06:46.911  1456  1605 W zygote  : kill(-21831, 9) failed: No such process
02-06 22:06:46.911  1456  1605 I zygote  : Successfully killed process cgroup uid 10830 pid 21831 in 94ms
02-06 22:06:46.911  1456  1605 W zygote  : kill(-21949, 9) failed: No such process
02-06 22:06:46.912  1456  1605 I zygote  : Successfully killed process cgroup uid 10830 pid 21949 in 0ms
02-06 22:06:46.912  1456  1605 W zygote  : kill(-21925, 9) failed: No such process
02-06 22:06:46.912  1456  1605 I zygote  : Successfully killed process cgroup uid 10830 pid 21925 in 0ms
02-06 22:06:46.944  1456  2915 I ActivityManager: START u0 {act=android.intent.action.MAIN cat=[android.intent.category.LAUNCHER] flg=0x10000000 cmp=org.mozilla.fenix.nightly/org.mozilla.fenix.HomeActivity} from uid 2000
02-06 22:06:46.944   794   839 E ANDR-PERF-RESOURCEQS: Failed to apply optimization [4, 0]
02-06 22:06:46.963  1456  5050 I ActivityManager: Start proc 22196:org.mozilla.fenix.nightly/u0a830 for activity org.mozilla.fenix.nightly/org.mozilla.fenix.HomeActivity
02-06 22:06:47.052 20023 20165 I MicroDetectionState: Should stop hotword detection immediately - false
02-06 22:06:47.052 20023 20165 I MicroDetector: Keeping mic open: false
02-06 22:06:47.052 20023 20165 I RecognitionAudioControl: #shutdownAudio [requestId: -6656602642820297795, keepAudioOpen: false, forced: true]
02-06 22:06:47.052 20023 15401 E DeviceStateChecker: DeviceStateChecker cancelled
02-06 22:06:47.053 20023 20165 I RecognitionAudioControl: #internalShutdownAudio [requestId: -6656602642820297795]
02-06 22:06:47.053 20023 20165 I RecognitionAudioControl: #internalShutdownAudio [keepAudioOpen: false, forced: true]
02-06 22:06:47.053 20023 20165 I RecognitionAudioControl: #actualShutdownAudio
02-06 22:06:47.053 20023 20165 I AudioController: #shutdown [requestId=-6656602642820297795]
02-06 22:06:47.053 20023 20113 I AudioController: internalShutdown
02-06 22:06:47.053 20023 20096 I MicroRecognitionRunner: Stopping hotword detection.
02-06 22:06:47.096   788  1479 D audio_hw_primary: disable_audio_route: usecase(9) reset and update mixer path: audio-record
02-06 22:06:47.097   788  1479 D audio_hw_primary: disable_snd_device: snd_device(120: voice-rec-mic)
02-06 22:06:47.099  1012 13178 D APM_AudioPolicyManager: stopInput() input 124366, session 124441
02-06 22:06:47.100   788  1479 D audio_hw_primary: in_set_parameters: enter: kvpairs=routing=0
02-06 22:06:47.101 20023 20113 I MicrophoneInputStream: mic_close  SR : 16000 CC : 16 SO : 1999
02-06 22:06:47.101 20023 20113 E AudioSource: Stop listening is called on already closed AudioSource
02-06 22:06:47.103 20023  7640 I MicroRecognitionRunner: Detection finished
02-06 22:06:47.125 22196 22196 I chatty  : uid=10830(org.mozilla.fenix.nightly) expire 27 lines
02-06 22:06:47.200 22196 22214 I chatty  : uid=10830(org.mozilla.fenix.nightly) expire 4 lines
02-06 22:06:47.252 22196 22222 I chatty  : uid=10830(org.mozilla.fenix.nightly) expire 2 lines
02-06 22:06:47.286 22196 22226 I chatty  : uid=10830(org.mozilla.fenix.nightly) expire 11 lines
02-06 22:06:47.299 22196 22201 I chatty  : uid=10830(org.mozilla.fenix.nightly) expire 4 lines
02-06 22:06:47.341 22196 22232 I chatty  : uid=10830(org.mozilla.fenix.nightly) expire 16 lines
02-06 22:06:47.477 22196 22237 I chatty  : uid=10830(org.mozilla.fenix.nightly) expire 1 line
02-06 22:06:47.489 21974 22025 I Finsky  : [249446] hcp.a(24): No selector loaded
02-06 22:06:47.498 22196 22245 I chatty  : uid=10830(org.mozilla.fenix.nightly) expire 6 lines
02-06 22:06:47.505 22196 22247 I chatty  : uid=10830(org.mozilla.fenix.nightly) expire 10 lines
02-06 22:06:47.514 21974 22025 I Finsky  : [249446] ill.d(66): System was updated or GL extensions were already cached.
02-06 22:06:47.535 21974 22033 I Finsky  : [249448] ebh.run(3): Initializing the instant apps module.
02-06 22:06:47.564 21974 22067 I Finsky  : [249477] rgo.c(1): Triggered update for experiment package com.google.android.finsky.stable.
02-06 22:06:47.579 21974 22033 I Finsky  : [249448] zws.f(2): Restoring notifications
02-06 22:06:47.588 21974 22025 I Finsky  : [249446] ebd.run(8): Component class com.google.android.finsky.wear.WearSupportService disabled via PackageManager.
02-06 22:06:47.589 21974 22025 I Finsky  : [249446] ebd.run(8): Component class com.google.android.finsky.wear.WearChangeListenerService disabled via PackageManager.
02-06 22:06:47.590 21974 22019 I Finsky  : [249442] abfm.a(10): Do not start WearSupportService due to Wear service optimization
02-06 22:06:47.613 21974 22033 I Finsky  : [249448] zws.f(6): Done restoring notifications
02-06 22:06:47.627 21974 22004 I zygote  : Deoptimizing void j$.util.concurrent.ConcurrentHashMap.putAll(java.util.Map) due to JIT inline cache
02-06 22:06:47.644 22196 22201 I chatty  : uid=10830(org.mozilla.fenix.nightly) expire 2 lines
02-06 22:06:47.755 21974 22067 I Finsky  : [249477] rgo.c(8): Already at the latest configurations for experiment package com.google.android.finsky.stable.
02-06 22:06:47.755 21974 22059 I Finsky  : [249471] rgo.c(1): Triggered update for experiment package com.google.android.finsky.regular.
02-06 22:06:47.759 22196 22232 I chatty  : uid=10830(org.mozilla.fenix.nightly) expire 14 lines
02-06 22:06:47.813  1456  2915 I ActivityManager: Start proc 22280:org.mozilla.fenix.nightly:tab/u0a830 for service org.mozilla.fenix.nightly/org.mozilla.gecko.process.GeckoServiceChildProcess$tab
02-06 22:06:47.814 22196 22196 I chatty  : uid=10830(org.mozilla.fenix.nightly) expire 19 lines
02-06 22:06:47.869 22196 22237 I chatty  : uid=10830(org.mozilla.fenix.nightly) expire 1 line
02-06 22:06:47.901 22196 22304 I chatty  : uid=10830(org.mozilla.fenix.nightly) expire 9 lines
02-06 22:06:47.910 21974 22059 I Finsky  : [249471] rgo.c(8): Already at the latest configurations for experiment package com.google.android.finsky.regular.
02-06 22:06:47.987 22280 22280 I chatty  : uid=10830(org.mozilla.fenix.nightly) expire 2 lines
02-06 22:06:47.988 22280 22311 I chatty  : uid=10830(org.mozilla.fenix.nightly) expire 1 line
02-06 22:06:48.000  1456  4797 I WifiService: getDhcpInfo uid=10830
02-06 22:06:48.004  1456  2915 I ActivityManager: Start proc 22314:org.mozilla.fenix.nightly:socket/u0a830 for service org.mozilla.fenix.nightly/org.mozilla.gecko.process.GeckoServiceChildProcess$socket
02-06 22:06:48.015 21974 21974 I Finsky  : [2] ulg.run(5): Detected restoreservicev2://recovery not needed, will not run
02-06 22:06:48.141 22314 22314 I chatty  : uid=10830(org.mozilla.fenix.nightly) expire 2 lines
02-06 22:06:48.141 22314 22333 I chatty  : uid=10830(org.mozilla.fenix.nightly) expire 15 lines
02-06 22:06:48.145  1456  2915 I ActivityManager: Displayed org.mozilla.fenix.nightly/org.mozilla.fenix.HomeActivity: +1s193ms
02-06 22:06:48.145  1456  2915 I ActivityManager: Fully drawn org.mozilla.fenix.nightly/org.mozilla.fenix.HomeActivity: +1s193ms
