--------- beginning of main
04-07 18:51:02.190  1012 15337 I AudioFlinger: AudioFlinger's thread 0xb2483880 tid=15337 ready to run
04-07 18:51:02.196  1456  1605 W zygote  : kill(-15077, 9) failed: No such process
04-07 18:51:02.206   788  1479 D audio_hw_primary: in_set_parameters: enter: kvpairs=input_source=6;routing=-2147483644
04-07 18:51:02.209  1012 13178 D APM_AudioPolicyManager: AudioPolicyManager::startInput() input 287782, session 287897, source = 1999
04-07 18:51:02.210 28336 15332 I MicrophoneInputStream: mic_started  SR : 16000 CC : 16 SO : 1999
04-07 18:51:02.212  1456  1605 W zygote  : kill(-15077, 9) failed: No such process
04-07 18:51:02.213   788 15338 V msm8974_platform: platform_update_usecase_from_source: input source :6
04-07 18:51:02.213   788 15338 V msm8974_platform: platform_check_input_mask: enter check_input_mask source 6 mask 10
04-07 18:51:02.214   788 15338 V msm8974_platform: platform_get_input_snd_device: enter: out_device(0) in_device(0x4) channel_count (1) channel_mask (0x10)
04-07 18:51:02.214   788 15338 V msm8974_platform: platform_get_input_snd_device: exit: in_snd_device(voice-rec-mic)
04-07 18:51:02.214   788 15338 V msm8974_platform: platform_get_backend_index:napb: backend port - 5 device - 120 
04-07 18:51:02.214   788 15338 V msm8974_platform: platform_check_and_set_capture_backend_cfg:txbecf: afe: bitwidth 0, samplerate 0, channel 1, backend_idx 5 usecase = 9 device (voice-rec-mic)
04-07 18:51:02.214   788 15338 V msm8974_platform: platform_check_capture_backend_cfg:txbecf: afe: Codec selected backend: 5 current bit width: 0 and sample rate: 0, channels 1
04-07 18:51:02.214   788 15338 V msm8974_platform: platform_check_capture_backend_cfg:txbecf: afe: Codec selected backend: 5 updated bit width: 0 and sample rate: 0
04-07 18:51:02.214   788 15338 I msm8974_platform: platform_check_capture_backend_cfg:txbecf: afe: Codec backend needs to be updated. new bit width: 0 new sample rate: 0 new channel: 1
04-07 18:51:02.214   788 15338 V msm8974_platform: platform_get_backend_index:napb: backend port - 5 device - 120 
04-07 18:51:02.214   788 15338 V msm8974_platform: platform_set_backend_cfg:becf: afe: bitwidth 0, samplerate 0 channels 1, backend_idx 5 device (voice-rec-mic)
04-07 18:51:02.214   788 15338 E msm8974_platform: platform_set_backend_cfg:becf: afe: Could not get ctl for mixer command - SLIM_0_TX Format
04-07 18:51:02.214   788 15338 V msm8974_platform: platform_send_audio_calibration: sending audio calibration for snd_device(120) acdb_id(62)
04-07 18:51:02.214   788 15338 D ACDB-LOADER: ACDB -> send_audio_cal, acdb_id = 62, path = 1, app id = 0x11130, sample rate = 48000
04-07 18:51:02.215   788 15338 D ACDB-LOADER: ACDB -> send_asm_topology
04-07 18:51:02.215   788 15338 D ACDB-LOADER: ACDB -> ACDB_CMD_GET_AUDPROC_STREAM_TOPOLOGY_ID
04-07 18:51:02.215   788 15338 D ACDB-LOADER: ACDB -> send_adm_topology
04-07 18:51:02.215   788 15338 D ACDB-LOADER: ACDB -> ACDB_CMD_GET_AUDPROC_COMMON_TOPOLOGY_ID
04-07 18:51:02.215   788 15338 D ACDB-LOADER: ACDB -> send_audtable
04-07 18:51:02.215   788 15338 D ACDB-LOADER: ACDB -> ACDB_CMD_GET_AUDPROC_COMMON_TABLE_SIZE
04-07 18:51:02.215   788 15338 D ACDB-LOADER: ACDB -> ACDB_CMD_GET_AUDPROC_COMMON_TABLE
04-07 18:51:02.215   788 15338 D ACDB-LOADER: ACDB -> AUDIO_SET_AUDPROC_CAL
04-07 18:51:02.215   788 15338 D ACDB-LOADER: ACDB -> send_audvoltable
04-07 18:51:02.215   788 15338 D ACDB-LOADER: ACDB -> ACDB_CMD_GET_AUDPROC_VOL_STEP_TABLE_SIZE
04-07 18:51:02.215   788 15338 D ACDB-LOADER: ACDB -> ACDB_CMD_GET_AUDPROC_GAIN_DEP_STEP_TABLE, vol index 0
04-07 18:51:02.215   788 15338 D         : Failed to fetch the lookup information of the device 0000003E 
04-07 18:51:02.215   788 15338 D ACDB-LOADER: ACDB -> AUDIO_SET_VOL_CAL cal type = 12
04-07 18:51:02.215   788 15338 D ACDB-LOADER: ACDB -> ACDB_CMD_GET_AUDPROC_STREAM_TABLE_SIZE
04-07 18:51:02.215   788 15338 D ACDB-LOADER: ACDB -> send_audstrmtable
04-07 18:51:02.215   788 15338 D ACDB-LOADER: ACDB -> ACDB_CMD_GET_AUDPROC_STREAM_TABLE_V2
04-07 18:51:02.215   788 15338 D ACDB-LOADER: ACDB -> audstrm_cal->cal_type.cal_data.cal_size = 456
04-07 18:51:02.215   788 15338 D ACDB-LOADER: ACDB -> send_afe_topology
04-07 18:51:02.215   788 15338 D ACDB-LOADER: ACDB -> ACDB_CMD_GET_AFE_TOPOLOGY_ID
04-07 18:51:02.215   788 15338 D ACDB-LOADER: ACDB -> GET_AFE_TOPOLOGY_ID for adcd_id 62, Topology Id 112fb
04-07 18:51:02.215   788 15338 D ACDB-LOADER: ACDB -> send_afe_cal
04-07 18:51:02.215   788 15338 D ACDB-LOADER: ACDB -> ACDB_CMD_GET_AFE_COMMON_TABLE_SIZE
04-07 18:51:02.215   788 15338 D         : Failed to fetch the lookup information of the device 0000003E 
04-07 18:51:02.215   788 15338 E ACDB-LOADER: Error: ACDB_CMD_GET_AFE_COMMON_TABLE_SIZE Returned = -19
04-07 18:51:02.215   788 15338 D ACDB-LOADER: ACDB -> ACDB_CMD_GET_AFE_COMMON_TABLE
04-07 18:51:02.215   788 15338 D         : Failed to fetch the lookup information of the device 0000003E 
04-07 18:51:02.215   788 15338 D ACDB-LOADER: ACDB -> AUDIO_SET_AFE_CAL
04-07 18:51:02.216   788 15338 D ACDB-LOADER: ACDB -> send_hw_delay : acdb_id = 62 path = 1
04-07 18:51:02.216   788 15338 D ACDB-LOADER: ACDB -> ACDB_AVSYNC_INFO: ACDB_CMD_GET_DEVICE_PROPERTY
04-07 18:51:02.216   788 15338 D audio_hw_primary: enable_snd_device: snd_device(120: voice-rec-mic)
04-07 18:51:02.216   788 15338 D audio_route: Apply path: voice-rec-mic
04-07 18:51:02.220   788 15338 V msm8974_platform: platform_get_snd_device_backend_index: enter with device 120
04-07 18:51:02.220   788 15338 E msm8974_platform: platform_get_snd_device_backend_index: BE DAI Name Table is not present
04-07 18:51:02.220   788 15338 V msm8974_platform: platform_get_backend_index:napb: backend port - 5 device - 120 
04-07 18:51:02.221   788 15338 I audio_hw_utils: Set Audio Stream Capture 0 App Type Cfg: app_type 69936, acdb_dev_id 62, sample_rate 48000, snd_device_be_idx -14
04-07 18:51:02.223   788 15338 D audio_hw_primary: enable_audio_route: usecase(9) apply and update mixer path: audio-record
04-07 18:51:02.223   788 15338 D audio_route: Apply path: audio-record
04-07 18:51:02.226  1456  1605 W zygote  : kill(-15077, 9) failed: No such process
04-07 18:51:02.279  1456  1605 I chatty  : uid=1000(system) ActivityManager identical 11 lines
04-07 18:51:02.292  1456  1605 W zygote  : kill(-15077, 9) failed: No such process
04-07 18:51:02.298 28336 28379 I MicroDetectionWorker: onReady
04-07 18:51:02.306  1456  1605 W zygote  : kill(-15077, 9) failed: No such process
04-07 18:51:02.307  1456  1605 I zygote  : Successfully killed process cgroup uid 11245 pid 15077 in 464ms
04-07 18:51:02.307  1456  1605 W zygote  : kill(-15166, 9) failed: No such process
04-07 18:51:02.307  1456  1605 I zygote  : Successfully killed process cgroup uid 11245 pid 15166 in 0ms
04-07 18:51:02.308  1456  1605 W zygote  : kill(-15003, 9) failed: No such process
04-07 18:51:02.308  1456  1605 I zygote  : Successfully killed process cgroup uid 10062 pid 15003 in 0ms
04-07 18:51:02.308  1456  1605 W zygote  : kill(-14733, 9) failed: No such process
04-07 18:51:02.308  1456  1605 I zygote  : Successfully killed process cgroup uid 10030 pid 14733 in 0ms
04-07 18:51:02.309  1456  1605 W zygote  : kill(-14972, 9) failed: No such process
--------- beginning of system
04-07 18:51:02.336  1456  7556 D ConnectivityService: ConnectivityService NetworkRequestInfo binderDied(NetworkRequest [ TRACK_DEFAULT id=36455, [ Capabilities: INTERNET&NOT_RESTRICTED&TRUSTED&NOT_VPN] ], android.os.BinderProxy@8fe0d14)
04-07 18:51:02.344  1456  2401 D ConnectivityService: ConnectivityService NetworkRequestInfo binderDied(NetworkRequest [ LISTEN id=36564, [ Capabilities: INTERNET&NOT_RESTRICTED&TRUSTED] ], android.os.BinderProxy@d9fd9bd)
04-07 18:51:02.345  1456  2067 D ConnectivityService: releasing NetworkRequest [ TRACK_DEFAULT id=36455, [ Capabilities: INTERNET&NOT_RESTRICTED&TRUSTED&NOT_VPN] ] (release request)
04-07 18:51:02.349  1456  1605 W zygote  : kill(-14972, 9) failed: No such process
04-07 18:51:02.349  1456  1605 I zygote  : Successfully killed process cgroup uid 10062 pid 14972 in 41ms
04-07 18:51:02.350  1456  1605 W zygote  : kill(-14654, 9) failed: No such process
04-07 18:51:02.350  1456  1605 I zygote  : Successfully killed process cgroup uid 10027 pid 14654 in 0ms
04-07 18:51:02.350  1456  1605 W zygote  : kill(-14753, 9) failed: No such process
04-07 18:51:02.350  1456  1605 I zygote  : Successfully killed process cgroup uid 10062 pid 14753 in 0ms
04-07 18:51:02.350  1456  1605 W zygote  : kill(-28351, 9) failed: No such process
04-07 18:51:02.366  1456  1605 W zygote  : kill(-28351, 9) failed: No such process
04-07 18:51:02.366  1456  1605 I zygote  : Successfully killed process cgroup uid 10116 pid 28351 in 15ms
04-07 18:51:02.367  1456  1605 W zygote  : kill(-14767, 9) failed: No such process
04-07 18:51:02.367  1456  1605 I zygote  : Successfully killed process cgroup uid 10090 pid 14767 in 0ms
04-07 18:51:02.367  1456  1605 W zygote  : kill(-15044, 9) failed: No such process
04-07 18:51:02.367  1456  1605 I zygote  : Successfully killed process cgroup uid 10044 pid 15044 in 0ms
04-07 18:51:02.367  1456  1605 W zygote  : kill(-14671, 9) failed: No such process
04-07 18:51:02.367  1456  1605 I zygote  : Successfully killed process cgroup uid 1000 pid 14671 in 0ms
04-07 18:51:02.368  1456  1605 W zygote  : kill(-14681, 9) failed: No such process
04-07 18:51:02.368  1456  1605 I zygote  : Successfully killed process cgroup uid 10085 pid 14681 in 0ms
04-07 18:51:02.368  1456  1605 W zygote  : kill(-21973, 9) failed: No such process
04-07 18:51:02.368  1456  1605 I zygote  : Successfully killed process cgroup uid 10018 pid 21973 in 0ms
04-07 18:51:02.368  1456  1605 W zygote  : kill(-14902, 9) failed: No such process
04-07 18:51:02.368  1456  1605 I zygote  : Successfully killed process cgroup uid 10041 pid 14902 in 0ms
04-07 18:51:02.369  1456  1605 W zygote  : kill(-14880, 9) failed: No such process
04-07 18:51:02.369  1456  1605 I zygote  : Successfully killed process cgroup uid 10031 pid 14880 in 0ms
04-07 18:51:02.369  1456  1605 W zygote  : kill(-14932, 9) failed: No such process
04-07 18:51:02.369  1456  1605 I zygote  : Successfully killed process cgroup uid 10036 pid 14932 in 0ms
04-07 18:51:02.455  1456  5797 I ActivityManager: START u0 {act=android.intent.action.MAIN cat=[android.intent.category.LAUNCHER] flg=0x10000000 cmp=org.mozilla.fennec_aurora/.App} from uid 2000
04-07 18:51:02.456   794   839 E ANDR-PERF-RESOURCEQS: Failed to apply optimization [4, 0]
04-07 18:51:02.477  1456  3927 I ActivityManager: Start proc 15347:org.mozilla.fennec_aurora/u0a1245 for activity org.mozilla.fennec_aurora/.App
04-07 18:51:02.564 28336 28379 I MicroDetectionState: Should stop hotword detection immediately - false
04-07 18:51:02.564 28336 28379 I MicroDetector: Keeping mic open: false
04-07 18:51:02.564 28336 28379 I RecognitionAudioControl: #shutdownAudio [requestId: 8557317160208655747, keepAudioOpen: false, forced: true]
04-07 18:51:02.564 28336  8888 E DeviceStateChecker: DeviceStateChecker cancelled
04-07 18:51:02.564 28336 28379 I RecognitionAudioControl: #internalShutdownAudio [requestId: 8557317160208655747]
04-07 18:51:02.564 28336 28379 I RecognitionAudioControl: #internalShutdownAudio [keepAudioOpen: false, forced: true]
04-07 18:51:02.564 28336 28379 I RecognitionAudioControl: #actualShutdownAudio
04-07 18:51:02.564 28336 28379 I AudioController: #shutdown [requestId=8557317160208655747]
04-07 18:51:02.565 28336 28366 I AudioController: internalShutdown
04-07 18:51:02.565 28336 28367 I MicroRecognitionRunner: Stopping hotword detection.
04-07 18:51:02.610  1456  7796 I OpenGLRenderer: Initialized EGL, version 1.4
04-07 18:51:02.610  1456  7796 D OpenGLRenderer: Swap behavior 2
04-07 18:51:02.617   788   788 D audio_hw_primary: disable_audio_route: usecase(9) reset and update mixer path: audio-record
04-07 18:51:02.619   788   788 D audio_hw_primary: disable_snd_device: snd_device(120: voice-rec-mic)
04-07 18:51:02.620  1012  4818 D APM_AudioPolicyManager: stopInput() input 287782, session 287897
04-07 18:51:02.621   788  1479 D audio_hw_primary: in_set_parameters: enter: kvpairs=routing=0
04-07 18:51:02.622 28336 28366 I MicrophoneInputStream: mic_close  SR : 16000 CC : 16 SO : 1999
04-07 18:51:02.622 28336 28366 E AudioSource: Stop listening is called on already closed AudioSource
04-07 18:51:02.624 28336  8887 I MicroRecognitionRunner: Detection finished
04-07 18:51:02.652 15347 15347 I chatty  : uid=11245(org.mozilla.fennec_aurora) expire 50 lines
04-07 18:51:02.732 15347 15367 I chatty  : uid=11245(org.mozilla.fennec_aurora) expire 4 lines
04-07 18:51:02.754 15347 15375 I chatty  : uid=11245(org.mozilla.fennec_aurora) expire 14 lines
04-07 18:51:02.773 15347 15374 I chatty  : uid=11245(org.mozilla.fennec_aurora) expire 23 lines
04-07 18:51:02.805 15347 15383 I chatty  : uid=11245(org.mozilla.fennec_aurora) expire 30 lines
04-07 18:51:02.806   808   898 I SFPerfTracer:      triggers: (rate: 0:1) (0 sw vsyncs) (0 skipped) (51:6245076 vsyncs) (53:13071137)
04-07 18:51:02.899 15347 15389 I chatty  : uid=11245(org.mozilla.fennec_aurora) expire 1 line
04-07 18:51:02.904 15347 15394 I chatty  : uid=11245(org.mozilla.fennec_aurora) expire 10 lines
04-07 18:51:02.940  1456  2162 I ActivityManager: START u0 {act=android.intent.action.MAIN cat=[android.intent.category.LAUNCHER] flg=0x10000000 cmp=org.mozilla.fennec_aurora/org.mozilla.fenix.HomeActivity (has extras)} from uid 11245
04-07 18:51:02.961 15347 15352 I chatty  : uid=11245(org.mozilla.fennec_aurora) expire 8 lines
04-07 18:51:02.961   808   808 D SurfaceFlinger: duplicate layer name: changing Splash Screen org.mozilla.fennec_aurora to Splash Screen org.mozilla.fennec_aurora#1
04-07 18:51:03.096  1456  1601 I ActivityManager: Start proc 15413:com.motorola.timeweatherwidget/u0a116 for service com.motorola.timeweatherwidget/com.motorola.commandcenter.WidgetService
04-07 18:51:03.145 15413 15413 I zygote  : The ClassLoaderContext is a special shared library.
04-07 18:51:03.163 15413 15413 I zygote  : The ClassLoaderContext is a special shared library.
04-07 18:51:03.220 15413 15413 D CmdCenter: - --->: 2017 WidgetApplication onCreate
04-07 18:51:03.246 15413 15413 I WeatherApp: Creating weather service
04-07 18:51:03.259 15413 15413 I WeatherApp: onStartCommand action: com.motorola.commandcenter.weather.action.START_WEATHER_SERVICE
04-07 18:51:03.259 15413 15433 I WeatherApp: is force update = false
04-07 18:51:03.261 15413 15413 I WeatherApp: onStartCommand action: com.motorola.commandcenter.weather.action.START_WEATHER_SERVICE
04-07 18:51:03.262 15413 15433 I WeatherApp: Current Location is OFF.
04-07 18:51:03.262 15413 15433 I WeatherApp: is force update = false
04-07 18:51:03.272 15413 15433 I WeatherApp: No top city.
04-07 18:51:03.273 15413 15433 I WeatherApp: is force update = false
04-07 18:51:03.274 15413 15433 I WeatherApp: Current Location is OFF.
04-07 18:51:03.274 15413 15433 I WeatherApp: is force update = false
04-07 18:51:03.276 15413 15433 I WeatherApp: No top city.
04-07 18:51:03.294  1456  2402 I ActivityManager: Start proc 15452:com.android.providers.calendar/u0a16 for content provider com.android.providers.calendar/.CalendarProvider2
04-07 18:51:03.308  1456  4802 I ActivityManager: Start proc 15463:org.mozilla.fennec_aurora:tab/u0a1245 for service org.mozilla.fennec_aurora/org.mozilla.gecko.process.GeckoChildProcessServices$tab
04-07 18:51:03.336 15452 15452 I zygote  : The ClassLoaderContext is a special shared library.
04-07 18:51:03.337 15180 15194 E AuthStateProvider: Calling package disagreement. Legacy: org.mozilla.fennec.sharedID:11245, new API: org.mozilla.fennec_aurora
04-07 18:51:03.337 15180 15194 D AuthStateProvider: Caller must be whitelisted.
04-07 18:51:03.338 15347 15347 E ActivityThread: Failed to find provider info for org.mozilla.fennec_aurora.fxa.auth
04-07 18:51:03.343 15452 15452 I zygote  : The ClassLoaderContext is a special shared library.
04-07 18:51:03.351 15452 15452 I zygote  : The ClassLoaderContext is a special shared library.
04-07 18:51:03.403 15452 15452 I CalendarProvider2: Created com.android.providers.calendar.CalendarAlarmManager@6e6d45e(com.android.providers.calendar.CalendarProvider2@3b1403f)
04-07 18:51:03.407  1456  2402 W Binder  : Outgoing transactions from this process must be FLAG_ONEWAY
04-07 18:51:03.407  1456  2402 W Binder  : java.lang.Throwable
04-07 18:51:03.407  1456  2402 W Binder  : 	at android.os.BinderProxy.transact(Binder.java:752)
04-07 18:51:03.407  1456  2402 W Binder  : 	at android.content.ContentProviderProxy.getType(ContentProviderNative.java:451)
04-07 18:51:03.407  1456  2402 W Binder  : 	at com.android.server.am.ActivityManagerService.getProviderMimeType(ActivityManagerService.java:12677)
04-07 18:51:03.407  1456  2402 W Binder  : 	at android.app.IActivityManager$Stub.onTransact(IActivityManager.java:1800)
04-07 18:51:03.407  1456  2402 W Binder  : 	at com.android.server.am.ActivityManagerService.onTransact(ActivityManagerService.java:3169)
04-07 18:51:03.407  1456  2402 W Binder  : 	at android.os.Binder.execTransact(Binder.java:697)
04-07 18:51:03.417 15347 15487 I chatty  : uid=11245(org.mozilla.fennec_aurora) expire 9 lines
04-07 18:51:03.439 15463 15463 I chatty  : uid=11245(org.mozilla.fennec_aurora) expire 2 lines
04-07 18:51:03.439 15463 15489 I chatty  : uid=11245(org.mozilla.fennec_aurora) expire 1 line
04-07 18:51:03.788  1456  1673 I LaunchCheckinHandler: Displayed org.mozilla.fennec_aurora/org.mozilla.fenix.HomeActivity,wp,ca,774
04-07 18:51:03.790  1456  1673 I ActivityManager: Displayed org.mozilla.fennec_aurora/org.mozilla.fenix.HomeActivity: +767ms (total +1s317ms)
04-07 18:51:03.808  2748  2917 W OpenGLRenderer: Incorrectly called buildLayer on View: ShortcutAndWidgetContainer, destroying layer...
04-07 18:51:03.814 28336 28336 I MemoryTrimmer: Trimming objects from memory, since app is in the background.
04-07 18:51:03.822 28336 28379 E AudioSource: Stop listening is called on already closed AudioSource
04-07 18:51:03.823 28336 28336 I MemoryTrimmer: Trimming objects from memory, since app is in the background.
04-07 18:51:03.825 28336 15332 I PBSessionCacheImpl: Deleted sessionId[124624629806628505] from persistence.
04-07 18:51:03.828 15180 15194 E AuthStateProvider: Calling package disagreement. Legacy: org.mozilla.fennec.sharedID:11245, new API: org.mozilla.fennec_aurora
04-07 18:51:03.828 15180 15194 D AuthStateProvider: Caller must be whitelisted.
04-07 18:51:03.831 15347 15347 E ActivityThread: Failed to find provider info for org.mozilla.fennec_aurora.fxa.auth
04-07 18:51:03.833  1456  2162 I WifiService: getWifiEnabledState uid=10073
04-07 18:51:03.836 28336 28379 I DEBUG   : OpaToSrpTransitionState#onStateChanged#notNullQuery
04-07 18:51:03.837 28336 28379 I DEBUG   : OpaToSrpTransitionState#onStateChanged#notNullQuery
04-07 18:51:03.840 28336 28379 W SearchServiceCore: Abort, client detached.
04-07 18:51:04.227 15347 15505 I chatty  : uid=11245(org.mozilla.fennec_aurora) expire 2 lines
04-07 18:51:04.468  1023 15518 D libc    : Internal error: netid(0), id(0x5c07), server(0.0.0.0)
04-07 18:51:04.469  1023 15518 D libc    : Internal error: netid(0), id(0x5c07), server(0.0.0.0)
04-07 18:51:04.469  1023 15518 D libc    : Internal error: netid(0), id(0xe33e), server(0.0.0.0)
04-07 18:51:04.469  1023 15518 D libc    : Internal error: netid(0), id(0xe33e), server(0.0.0.0)
04-07 18:51:04.484  1023 15526 D libc    : Internal error: netid(0), id(0x791c), server(0.0.0.0)
04-07 18:51:04.485  1023 15526 D libc    : Internal error: netid(0), id(0x791c), server(0.0.0.0)
04-07 18:51:04.486  1023 15526 D libc    : Internal error: netid(0), id(0x5e16), server(0.0.0.0)
04-07 18:51:04.486  1023 15531 D libc    : Internal error: netid(0), id(0xb54c), server(0.0.0.0)
04-07 18:51:04.486  1023 15526 D libc    : Internal error: netid(0), id(0x5e16), server(0.0.0.0)
04-07 18:51:04.486  1023 15531 D libc    : Internal error: netid(0), id(0xb54c), server(0.0.0.0)
04-07 18:51:04.487  1023 15531 D libc    : Internal error: netid(0), id(0xe12c), server(0.0.0.0)
04-07 18:51:04.487  1023 15531 D libc    : Internal error: netid(0), id(0xe12c), server(0.0.0.0)
04-07 18:51:04.489  1023 15536 D libc    : Internal error: netid(0), id(0x923), server(0.0.0.0)
04-07 18:51:04.489  1023 15536 D libc    : Internal error: netid(0), id(0x923), server(0.0.0.0)
04-07 18:51:04.490  1023 15536 D libc    : Internal error: netid(0), id(0xf03e), server(0.0.0.0)
04-07 18:51:04.490  1023 15536 D libc    : Internal error: netid(0), id(0xf03e), server(0.0.0.0)
04-07 18:51:04.505 15347 15407 I chatty  : uid=11245(org.mozilla.fennec_aurora) expire 2 lines
04-07 18:51:04.506 15347 15378 I chatty  : uid=11245(org.mozilla.fennec_aurora) expire 1 line
04-07 18:51:04.613   808   808 I SFPerfTracer:      triggers: (rate: 72:2022015) (compose: 0:7) (post: 0:19) (render: 0:17) (0:10301015 frames) (1:12971788)
04-07 18:51:04.613   808   808 D SFPerfTracer:        layers: (3:13) (NavigationBar#0 (0xb07df000): 0:951147) (StatusBar#0 (0xb07e3000): 0:2227813) (com.android.systemui.ImageWallpaper#0 (0xb07e7000): 0:88032)* (Sprite#0 (0xb0733000): 0:317)* (DimLayerController/Stack=0#0 (0xb075a000): 0:3866)* (Sprite#1 (0xb077c000): 0:195)* (Splash Screen org.mozilla.fennec_aurora#1 (0xb013a000): 0:25)- (org.mozilla.fennec_aurora/org.mozilla.fenix.HomeActivity#0 (0xb039b000): 0:28)- (com.android.launcher3/com.android.launcher3.CustomizationPanelLauncher#0 (0xb0763000): 0:29)- (com.android.launcher3/com.android.launcher3.CustomizationPanelLauncher#1 (0xb0771000): 0:6)- (Splash Screen org.mozilla.fennec_aurora#0 (0xb039b000): 0:13)- (Splash Screen org.mozilla.fennec_aurora#1 (0xb013a000): 0:25)- (org.mozilla.fennec_aurora/org.mozilla.fenix.HomeActivity#0 (0xb039b000): 0:15) 
04-07 18:51:07.039  2360  2360 D MayaFrameworkProxyService: receive intent :Intent { act=android.intent.action.PACKAGE_CHANGED dat=package:org.mozilla.fennec_aurora flg=0x45000010 (has extras) }
04-07 18:51:07.043  1456  1942 I InputReader: Reconfiguring input devices.  changes=0x00000010
04-07 18:51:07.047  1456  1600 W ResourceType: No known package when getting value for resource number 0x7f0801a1
04-07 18:51:07.047  1456  1600 W ResourceType: No known package when getting value for resource number 0x7f12010d
04-07 18:51:07.048  1456  1600 W ResourceType: No known package when getting value for resource number 0x7f12010d
04-07 18:51:07.058  1456  1600 W ResourceType: No known package when getting value for resource number 0x7f08019f
04-07 18:51:07.058  1456  1600 W ResourceType: No known package when getting value for resource number 0x7f12010c
04-07 18:51:07.058  1456  1600 W ResourceType: No known package when getting value for resource number 0x7f12010c
04-07 18:51:07.097  1456  1456 I TelecomService: DefaultDialerCache: Refreshing default dialer for user 0: now com.android.dialer: DDC.oR@41g
04-07 18:51:07.117  2398  2398 D CarrierSvcBindHelper: No carrier app for: 0
04-07 18:51:07.118  2398  2398 D CarrierSvcBindHelper: No carrier app for: 1
04-07 18:51:07.133  2398  2398 E VvmPkgInstalledRcvr: cannot create TelephonyManager from ComponentInfo{com.android.phone/com.android.services.telephony.TelephonyConnectionService}, [****], UserHandle{0}
04-07 18:51:07.133  2398  2398 D ImsResolver: maybeAddedImsService, packageName: org.mozilla.fennec_aurora
04-07 18:51:07.273 13975 14023 I Icing   : IndexChimeraService.getServiceInterface callingPackage=com.google.android.gms componentName=AppsCorpus serviceId=36
04-07 18:51:07.287 13975 14721 W Icing   : No valid account for uploading user actions
04-07 18:51:07.375 13975 14721 I Icing   : Usage reports ok 1, Failed Usage reports 0, indexed 0, rejected 0
04-07 18:51:07.377 13975 14721 I Icing   : Indexing com.google.android.gms-internal.3p:MobileApplication from com.google.android.gms using seqno 2511
04-07 18:51:07.511  1456  1466 I zygote  : Background concurrent copying GC freed 122122(8MB) AllocSpace objects, 34(1572KB) LOS objects, 35% free, 43MB/67MB, paused 339us total 466.886ms
04-07 18:51:08.124 15601 15601 D AndroidRuntime: >>>>>> START com.android.internal.os.RuntimeInit uid 2000 <<<<<<
04-07 18:51:08.138 15601 15601 W app_process: Could not reserve sentinel fault page
04-07 18:51:08.320 15601 15601 I app_process: The ClassLoaderContext is a special shared library.
04-07 18:51:08.379 13975  2110 I Icing   : Indexing com.google.android.gms-apps from com.google.android.gms
04-07 18:51:08.390 15601 15601 D AndroidRuntime: Calling main entry com.android.commands.input.Input
04-07 18:51:08.392 15601 15601 I Input   : injectKeyEvent: KeyEvent { action=ACTION_DOWN, keyCode=KEYCODE_HOME, scanCode=0, metaState=0, flags=0x0, repeatCount=0, eventTime=18375923671, downTime=18375923671, deviceId=-1, source=0x101 }
04-07 18:51:08.424 15601 15601 I Input   : injectKeyEvent: KeyEvent { action=ACTION_UP, keyCode=KEYCODE_HOME, scanCode=0, metaState=0, flags=0x0, repeatCount=0, eventTime=18375923671, downTime=18375923671, deviceId=-1, source=0x101 }
04-07 18:51:08.430  1456  1941 I ActivityManager: START u0 {act=android.intent.action.MAIN cat=[android.intent.category.HOME] flg=0x10200000 cmp=com.android.launcher3/.CustomizationPanelLauncher (has extras)} from uid 1000
04-07 18:51:08.431   794   839 E ANDR-PERF-RESOURCEQS: Failed to apply optimization [4, 0]
04-07 18:51:08.442  1456  1941 I ActivityManager: moveHomeStack, setupComplete:true
04-07 18:51:08.451 28336 28375 I Adreno  : QUALCOMM build                   : bb5b86c, I77d3059488
04-07 18:51:08.451 28336 28375 I Adreno  : Build Date                       : 06/07/18
04-07 18:51:08.451 28336 28375 I Adreno  : OpenGL ES Shader Compiler Version: EV031.22.00.01_06
04-07 18:51:08.451 28336 28375 I Adreno  : Local Branch                     : 
04-07 18:51:08.451 28336 28375 I Adreno  : Remote Branch                    : refs/tags/AU_LINUX_ANDROID_LA.UM.6.5.R1.08.01.00.312.086
04-07 18:51:08.451 28336 28375 I Adreno  : Remote Branch                    : NONE
04-07 18:51:08.451 28336 28375 I Adreno  : Reconstruct Branch               : NOTHING
04-07 18:51:08.457 15601 15601 D AndroidRuntime: Shutting down VM
04-07 18:51:08.457 28336 28375 D vndksupport: Loading /vendor/lib/hw/gralloc.msm8937.so from current namespace instead of sphal namespace.
04-07 18:51:08.463 28336 28375 I Adreno  : PFP: 0x005ff087, ME: 0x005ff063
04-07 18:51:08.468 13975  2110 I Icing   : Indexing done com.google.android.gms-apps
04-07 18:51:08.468 28336 28375 I zygote  : android::hardware::configstore::V1_0::ISurfaceFlingerConfigs::hasWideColorDisplay retrieved: 0
04-07 18:51:08.471 28336 28375 I OpenGLRenderer: Initialized EGL, version 1.4
04-07 18:51:08.472 28336 28375 D OpenGLRenderer: Swap behavior 2
04-07 18:51:08.474  2748  2748 D Launcher.Utilities: Wakeup weather: Intent { act=com.motorola.launcher3.action.WAKEUP_WEATHER cmp=com.motorola.timeweatherwidget/com.motorola.commandcenter.weather.WakeUpService }
04-07 18:51:08.498   808   808 D SurfaceFlinger: duplicate layer name: changing com.android.launcher3/com.android.launcher3.CustomizationPanelLauncher to com.android.launcher3/com.android.launcher3.CustomizationPanelLauncher#1
04-07 18:51:08.509  1456  1456 I NotificationService: Cannot find enqueued record for key: 0|com.motorola.timeweatherwidget|1|null|10116
04-07 18:51:08.515  1456  2401 I WifiService: getWifiEnabledState uid=10073
04-07 18:51:08.516 28336 28368 W ThreadPoolDumper: Queue length for executor EventBus is now 11. Perhaps some tasks are too long, or the pool is too small.
04-07 18:51:08.534  1456  2918 I WifiService: getWifiEnabledState uid=10073
04-07 18:51:08.543 28336 28379 I DEBUG   : OpaToSrpTransitionState#onStateChanged#notNullQuery
04-07 18:51:08.544 28336 28379 I DEBUG   : OpaToSrpTransitionState#onStateChanged#notNullQuery
04-07 18:51:08.560 28336 28379 I MicroDetectionState: Should stop hotword detection immediately - false
04-07 18:51:08.564 28336 28379 I MicroDetectionWorker: #startMicroDetector [speakerMode: 0]
04-07 18:51:08.565 28336 28379 I AudioController: Created new AudioSource
04-07 18:51:08.598  1456  1673 I LaunchCheckinHandler: Displayed com.android.launcher3/.CustomizationPanelLauncher,wp,wa,168
04-07 18:51:08.599 28336 28362 I MicroDataManager: isInitializedWithLatestParams-true
04-07 18:51:08.599 28336 28362 I MicroDataManager: isInitializing-false locale not changed-true model not changed-true
04-07 18:51:08.600 28336 28362 I MicroDataManager: Already initialized, obtaining the hotword data immediately.
04-07 18:51:08.604 28336  8888 I MicroRecognitionRunner: Starting detection.
04-07 18:51:08.604 28336  8888 I InputStreamUtils: Using micInputStream
04-07 18:51:08.605 28336 15496 I MicrophoneInputStream: mic_starting  SR : 16000 CC : 16 SO : 1999
04-07 18:51:08.609   788  1479 V msm8974_platform: platform_check_input_mask: enter check_input_mask source 6 mask 10
04-07 18:51:08.612  1012 15617 I AudioFlinger: AudioFlinger's thread 0xb2483a80 tid=15617 ready to run
04-07 18:51:08.617   788  1479 D audio_hw_primary: in_set_parameters: enter: kvpairs=input_source=6;routing=-2147483644
04-07 18:51:08.618  1012  1301 D APM_AudioPolicyManager: AudioPolicyManager::startInput() input 287790, session 287905, source = 1999
04-07 18:51:08.618 28336 15496 I MicrophoneInputStream: mic_started  SR : 16000 CC : 16 SO : 1999
04-07 18:51:08.620   788 15618 V msm8974_platform: platform_update_usecase_from_source: input source :6
04-07 18:51:08.620   788 15618 V msm8974_platform: platform_check_input_mask: enter check_input_mask source 6 mask 10
04-07 18:51:08.620   788 15618 V msm8974_platform: platform_get_input_snd_device: enter: out_device(0) in_device(0x4) channel_count (1) channel_mask (0x10)
04-07 18:51:08.620   788 15618 V msm8974_platform: platform_get_input_snd_device: exit: in_snd_device(voice-rec-mic)
04-07 18:51:08.620   788 15618 V msm8974_platform: platform_get_backend_index:napb: backend port - 5 device - 120 
04-07 18:51:08.620   788 15618 V msm8974_platform: platform_check_and_set_capture_backend_cfg:txbecf: afe: bitwidth 0, samplerate 0, channel 1, backend_idx 5 usecase = 9 device (voice-rec-mic)
04-07 18:51:08.620   788 15618 V msm8974_platform: platform_check_capture_backend_cfg:txbecf: afe: Codec selected backend: 5 current bit width: 0 and sample rate: 0, channels 1
04-07 18:51:08.620   788 15618 V msm8974_platform: platform_check_capture_backend_cfg:txbecf: afe: Codec selected backend: 5 updated bit width: 0 and sample rate: 0
04-07 18:51:08.620   788 15618 I msm8974_platform: platform_check_capture_backend_cfg:txbecf: afe: Codec backend needs to be updated. new bit width: 0 new sample rate: 0 new channel: 1
04-07 18:51:08.620   788 15618 V msm8974_platform: platform_get_backend_index:napb: backend port - 5 device - 120 
04-07 18:51:08.620   788 15618 V msm8974_platform: platform_set_backend_cfg:becf: afe: bitwidth 0, samplerate 0 channels 1, backend_idx 5 device (voice-rec-mic)
04-07 18:51:08.621   788 15618 E msm8974_platform: platform_set_backend_cfg:becf: afe: Could not get ctl for mixer command - SLIM_0_TX Format
04-07 18:51:08.621   788 15618 V msm8974_platform: platform_send_audio_calibration: sending audio calibration for snd_device(120) acdb_id(62)
04-07 18:51:08.621   788 15618 D ACDB-LOADER: ACDB -> send_audio_cal, acdb_id = 62, path = 1, app id = 0x11130, sample rate = 48000
04-07 18:51:08.621   788 15618 D ACDB-LOADER: ACDB -> send_asm_topology
04-07 18:51:08.621   788 15618 D ACDB-LOADER: ACDB -> ACDB_CMD_GET_AUDPROC_STREAM_TOPOLOGY_ID
04-07 18:51:08.621   788 15618 D ACDB-LOADER: ACDB -> send_adm_topology
04-07 18:51:08.621   788 15618 D ACDB-LOADER: ACDB -> ACDB_CMD_GET_AUDPROC_COMMON_TOPOLOGY_ID
04-07 18:51:08.621   788 15618 D ACDB-LOADER: ACDB -> send_audtable
04-07 18:51:08.621   788 15618 D ACDB-LOADER: ACDB -> ACDB_CMD_GET_AUDPROC_COMMON_TABLE_SIZE
04-07 18:51:08.621   788 15618 D ACDB-LOADER: ACDB -> ACDB_CMD_GET_AUDPROC_COMMON_TABLE
04-07 18:51:08.622   788 15618 D ACDB-LOADER: ACDB -> AUDIO_SET_AUDPROC_CAL
04-07 18:51:08.622   788 15618 D ACDB-LOADER: ACDB -> send_audvoltable
04-07 18:51:08.622   788 15618 D ACDB-LOADER: ACDB -> ACDB_CMD_GET_AUDPROC_VOL_STEP_TABLE_SIZE
04-07 18:51:08.622   788 15618 D ACDB-LOADER: ACDB -> ACDB_CMD_GET_AUDPROC_GAIN_DEP_STEP_TABLE, vol index 0
04-07 18:51:08.622   788 15618 D         : Failed to fetch the lookup information of the device 0000003E 
04-07 18:51:08.622   788 15618 D ACDB-LOADER: ACDB -> AUDIO_SET_VOL_CAL cal type = 12
04-07 18:51:08.622   788 15618 D ACDB-LOADER: ACDB -> ACDB_CMD_GET_AUDPROC_STREAM_TABLE_SIZE
04-07 18:51:08.622   788 15618 D ACDB-LOADER: ACDB -> send_audstrmtable
04-07 18:51:08.622   788 15618 D ACDB-LOADER: ACDB -> ACDB_CMD_GET_AUDPROC_STREAM_TABLE_V2
04-07 18:51:08.622   788 15618 D ACDB-LOADER: ACDB -> audstrm_cal->cal_type.cal_data.cal_size = 456
04-07 18:51:08.622   788 15618 D ACDB-LOADER: ACDB -> send_afe_topology
04-07 18:51:08.622   788 15618 D ACDB-LOADER: ACDB -> ACDB_CMD_GET_AFE_TOPOLOGY_ID
04-07 18:51:08.622   788 15618 D ACDB-LOADER: ACDB -> GET_AFE_TOPOLOGY_ID for adcd_id 62, Topology Id 112fb
04-07 18:51:08.622   788 15618 D ACDB-LOADER: ACDB -> send_afe_cal
04-07 18:51:08.622   788 15618 D ACDB-LOADER: ACDB -> ACDB_CMD_GET_AFE_COMMON_TABLE_SIZE
04-07 18:51:08.623   788 15618 D         : Failed to fetch the lookup information of the device 0000003E 
04-07 18:51:08.623   788 15618 E ACDB-LOADER: Error: ACDB_CMD_GET_AFE_COMMON_TABLE_SIZE Returned = -19
04-07 18:51:08.623   788 15618 D ACDB-LOADER: ACDB -> ACDB_CMD_GET_AFE_COMMON_TABLE
04-07 18:51:08.623   788 15618 D         : Failed to fetch the lookup information of the device 0000003E 
04-07 18:51:08.623   788 15618 D ACDB-LOADER: ACDB -> AUDIO_SET_AFE_CAL
04-07 18:51:08.623   788 15618 D ACDB-LOADER: ACDB -> send_hw_delay : acdb_id = 62 path = 1
04-07 18:51:08.623   788 15618 D ACDB-LOADER: ACDB -> ACDB_AVSYNC_INFO: ACDB_CMD_GET_DEVICE_PROPERTY
04-07 18:51:08.623   788 15618 D audio_hw_primary: enable_snd_device: snd_device(120: voice-rec-mic)
04-07 18:51:08.623   788 15618 D audio_route: Apply path: voice-rec-mic
04-07 18:51:08.628   788 15618 V msm8974_platform: platform_get_snd_device_backend_index: enter with device 120
04-07 18:51:08.628   788 15618 E msm8974_platform: platform_get_snd_device_backend_index: BE DAI Name Table is not present
04-07 18:51:08.628   788 15618 V msm8974_platform: platform_get_backend_index:napb: backend port - 5 device - 120 
04-07 18:51:08.628   788 15618 I audio_hw_utils: Set Audio Stream Capture 0 App Type Cfg: app_type 69936, acdb_dev_id 62, sample_rate 48000, snd_device_be_idx -14
04-07 18:51:08.629   788 15618 D audio_hw_primary: enable_audio_route: usecase(9) apply and update mixer path: audio-record
04-07 18:51:08.629   788 15618 D audio_route: Apply path: audio-record
04-07 18:51:08.698 28336 28379 I MicroDetectionWorker: onReady
04-07 18:51:08.739  2146  2165 I zygote  : NativeAlloc concurrent copying GC freed 17869(988KB) AllocSpace objects, 0(0B) LOS objects, 49% free, 9MB/18MB, paused 171us total 128.078ms
04-07 18:51:09.009  1456  7796 I OpenGLRenderer: Initialized EGL, version 1.4
04-07 18:51:09.009  1456  7796 D OpenGLRenderer: Swap behavior 2
04-07 18:51:09.056  2748  2917 W OpenGLRenderer: Incorrectly called buildLayer on View: ShortcutAndWidgetContainer, destroying layer...
04-07 18:51:09.139 15347 15406 I chatty  : uid=11245(org.mozilla.fennec_aurora) expire 1 line
04-07 18:51:13.632  1456  2162 I ActivityManager: Force stopping org.mozilla.fennec_aurora appid=11245 user=0: from pid 15630
04-07 18:51:13.632  1456  2162 I ActivityManager: Killing 15347:org.mozilla.fennec_aurora/u0a1245 (adj 700): stop org.mozilla.fennec_aurora
04-07 18:51:13.635  1456  1605 W zygote  : kill(-15347, 9) failed: No such process
04-07 18:51:13.637  1456  2162 W ActivityManager: Force removing ActivityRecord{98f52e3 u0 org.mozilla.fennec_aurora/org.mozilla.fenix.HomeActivity t57354}: app died, no saved state
04-07 18:51:13.650  1456  2162 I ActivityManager: Killing 15463:org.mozilla.fennec_aurora:tab/u0a1245 (adj 0): stop org.mozilla.fennec_aurora
04-07 18:51:13.651  1456  1605 W zygote  : kill(-15347, 9) failed: No such process
04-07 18:51:13.662  2398  2398 D CarrierSvcBindHelper: No carrier app for: 0
04-07 18:51:13.664  2398  2398 D CarrierSvcBindHelper: No carrier app for: 1
04-07 18:51:13.669  1456  1605 W zygote  : kill(-15347, 9) failed: No such process
04-07 18:51:13.727  1456  1673 W ActivityManager: setHasOverlayUi called on unknown pid: 15347
04-07 18:51:13.742  1456  1605 W zygote  : kill(-15347, 9) failed: No such process
04-07 18:51:13.743  1456  1605 I zygote  : Successfully killed process cgroup uid 11245 pid 15347 in 107ms
04-07 18:51:13.743  1456  1605 W zygote  : kill(-15463, 9) failed: No such process
04-07 18:51:13.743  1456  1605 I zygote  : Successfully killed process cgroup uid 11245 pid 15463 in 0ms
04-07 18:51:13.767  1456 10962 I ActivityManager: START u0 {act=android.intent.action.MAIN cat=[android.intent.category.LAUNCHER] flg=0x10000000 cmp=org.mozilla.fennec_aurora/.App} from uid 2000
04-07 18:51:13.768   794   839 E ANDR-PERF-RESOURCEQS: Failed to apply optimization [4, 0]
04-07 18:51:13.787  1456  2915 I ActivityManager: Start proc 15638:org.mozilla.fennec_aurora/u0a1245 for activity org.mozilla.fennec_aurora/.App
04-07 18:51:13.875 28336 28379 I MicroDetectionState: Should stop hotword detection immediately - false
04-07 18:51:13.876 28336 28379 I MicroDetector: Keeping mic open: false
04-07 18:51:13.876 28336 28379 I RecognitionAudioControl: #shutdownAudio [requestId: 6424027040763122156, keepAudioOpen: false, forced: true]
04-07 18:51:13.876 28336  8887 E DeviceStateChecker: DeviceStateChecker cancelled
04-07 18:51:13.876 28336 28379 I RecognitionAudioControl: #internalShutdownAudio [requestId: 6424027040763122156]
04-07 18:51:13.876 28336 28379 I RecognitionAudioControl: #internalShutdownAudio [keepAudioOpen: false, forced: true]
04-07 18:51:13.876 28336 28379 I RecognitionAudioControl: #actualShutdownAudio
04-07 18:51:13.876 28336 28379 I AudioController: #shutdown [requestId=6424027040763122156]
04-07 18:51:13.876 28336 28366 I AudioController: internalShutdown
04-07 18:51:13.876 28336 28380 I MicroRecognitionRunner: Stopping hotword detection.
04-07 18:51:13.919   788  1479 D audio_hw_primary: disable_audio_route: usecase(9) reset and update mixer path: audio-record
04-07 18:51:13.920   788  1479 D audio_hw_primary: disable_snd_device: snd_device(120: voice-rec-mic)
04-07 18:51:13.922  1012 13178 D APM_AudioPolicyManager: stopInput() input 287790, session 287905
04-07 18:51:13.923   788  1479 D audio_hw_primary: in_set_parameters: enter: kvpairs=routing=0
04-07 18:51:13.924 28336 28366 I MicrophoneInputStream: mic_close  SR : 16000 CC : 16 SO : 1999
04-07 18:51:13.925 28336 28366 E AudioSource: Stop listening is called on already closed AudioSource
04-07 18:51:13.926 28336  8888 I MicroRecognitionRunner: Detection finished
04-07 18:51:13.951 15638 15638 I chatty  : uid=11245(org.mozilla.fennec_aurora) expire 23 lines
04-07 18:51:14.029 15638 15659 I chatty  : uid=11245(org.mozilla.fennec_aurora) expire 4 lines
04-07 18:51:14.041  1456  2402 D ConnectivityService: requestNetwork for uid/pid:11245/15638 NetworkRequest [ TRACK_DEFAULT id=36567, [ Capabilities: INTERNET&NOT_RESTRICTED&TRUSTED&NOT_VPN] ]
04-07 18:51:14.043  2398  2398 D PhoneSwitcherNetworkRequstListener: got request NetworkRequest [ TRACK_DEFAULT id=36567, [ Capabilities: INTERNET&NOT_RESTRICTED&TRUSTED&NOT_VPN] ] with score 0
04-07 18:51:14.045  1456  2099 D Ethernet: got request NetworkRequest [ TRACK_DEFAULT id=36567, [ Capabilities: INTERNET&NOT_RESTRICTED&TRUSTED&NOT_VPN] ] with score 0
04-07 18:51:14.045  1456  2054 D WIFI_UT : got request NetworkRequest [ TRACK_DEFAULT id=36567, [ Capabilities: INTERNET&NOT_RESTRICTED&TRUSTED&NOT_VPN] ] with score 0
04-07 18:51:14.045  1456  2054 D WIFI    : got request NetworkRequest [ TRACK_DEFAULT id=36567, [ Capabilities: INTERNET&NOT_RESTRICTED&TRUSTED&NOT_VPN] ] with score 0
04-07 18:51:14.053 15638 15670 I chatty  : uid=11245(org.mozilla.fennec_aurora) expire 13 lines
04-07 18:51:14.072 15638 15669 I chatty  : uid=11245(org.mozilla.fennec_aurora) expire 11 lines
04-07 18:51:14.117 15638 15676 I chatty  : uid=11245(org.mozilla.fennec_aurora) expire 29 lines
04-07 18:51:14.118   808   898 I SFPerfTracer:      triggers: (rate: 0:1) (0 sw vsyncs) (0 skipped) (11:6245152 vsyncs) (13:13071241)
04-07 18:51:14.195 15638 15638 I chatty  : uid=11245(org.mozilla.fennec_aurora) expire 26 lines
04-07 18:51:14.204 15638 15681 I chatty  : uid=11245(org.mozilla.fennec_aurora) expire 1 line
04-07 18:51:14.207 15638 15685 I chatty  : uid=11245(org.mozilla.fennec_aurora) expire 10 lines
04-07 18:51:14.250  1456  2402 I ActivityManager: START u0 {act=android.intent.action.MAIN cat=[android.intent.category.LAUNCHER] flg=0x10000000 cmp=org.mozilla.fennec_aurora/org.mozilla.fenix.HomeActivity (has extras)} from uid 11245
04-07 18:51:14.272   808   808 D SurfaceFlinger: duplicate layer name: changing Splash Screen org.mozilla.fennec_aurora to Splash Screen org.mozilla.fennec_aurora#1
04-07 18:51:14.275 15638 15643 I chatty  : uid=11245(org.mozilla.fennec_aurora) expire 8 lines
04-07 18:51:14.613  1456  2915 I ActivityManager: Start proc 15726:org.mozilla.fennec_aurora:tab/u0a1245 for service org.mozilla.fennec_aurora/org.mozilla.gecko.process.GeckoChildProcessServices$tab
04-07 18:51:14.617 15180 15194 E AuthStateProvider: Calling package disagreement. Legacy: org.mozilla.fennec.sharedID:11245, new API: org.mozilla.fennec_aurora
04-07 18:51:14.617 15180 15194 D AuthStateProvider: Caller must be whitelisted.
04-07 18:51:14.618 15638 15638 E ActivityThread: Failed to find provider info for org.mozilla.fennec_aurora.fxa.auth
04-07 18:51:14.691 15638 15745 I chatty  : uid=11245(org.mozilla.fennec_aurora) expire 9 lines
04-07 18:51:14.739 15726 15726 I chatty  : uid=11245(org.mozilla.fennec_aurora) expire 2 lines
04-07 18:51:14.740 15726 15748 I chatty  : uid=11245(org.mozilla.fennec_aurora) expire 1 line
04-07 18:51:15.051  1456  1673 I LaunchCheckinHandler: Displayed org.mozilla.fennec_aurora/org.mozilla.fenix.HomeActivity,wp,ca,707
04-07 18:51:15.052  1456  1673 I ActivityManager: Displayed org.mozilla.fennec_aurora/org.mozilla.fenix.HomeActivity: +700ms (total +1s269ms)
04-07 18:51:15.069 28336 28336 I MemoryTrimmer: Trimming objects from memory, since app is in the background.
04-07 18:51:15.075 28336 28379 E AudioSource: Stop listening is called on already closed AudioSource
04-07 18:51:15.078 28336 15496 I PBSessionCacheImpl: Deleted sessionId[124624629806628508] from persistence.
04-07 18:51:15.078 28336 28336 I MemoryTrimmer: Trimming objects from memory, since app is in the background.
04-07 18:51:15.082  1456  2915 I WifiService: getWifiEnabledState uid=10073
04-07 18:51:15.085 28336 28379 I DEBUG   : OpaToSrpTransitionState#onStateChanged#notNullQuery
04-07 18:51:15.086 28336 28379 I DEBUG   : OpaToSrpTransitionState#onStateChanged#notNullQuery
04-07 18:51:15.088 28336 28379 W SearchServiceCore: Abort, client detached.
04-07 18:51:15.115 15180 15194 E AuthStateProvider: Calling package disagreement. Legacy: org.mozilla.fennec.sharedID:11245, new API: org.mozilla.fennec_aurora
04-07 18:51:15.116 15180 15194 D AuthStateProvider: Caller must be whitelisted.
04-07 18:51:15.116 15638 15638 E ActivityThread: Failed to find provider info for org.mozilla.fennec_aurora.fxa.auth
04-07 18:51:15.571 15638 15770 I chatty  : uid=11245(org.mozilla.fennec_aurora) expire 2 lines
04-07 18:51:15.707  1023 15775 D libc    : Internal error: netid(0), id(0x65), server(0.0.0.0)
04-07 18:51:15.707  1023 15775 D libc    : Internal error: netid(0), id(0x65), server(0.0.0.0)
04-07 18:51:15.708  1023 15775 D libc    : Internal error: netid(0), id(0x3e73), server(0.0.0.0)
04-07 18:51:15.708  1023 15775 D libc    : Internal error: netid(0), id(0x3e73), server(0.0.0.0)
04-07 18:51:15.716  1023 15781 D libc    : Internal error: netid(0), id(0x1816), server(0.0.0.0)
04-07 18:51:15.716  1023 15781 D libc    : Internal error: netid(0), id(0x1816), server(0.0.0.0)
04-07 18:51:15.716  1023 15781 D libc    : Internal error: netid(0), id(0x319), server(0.0.0.0)
04-07 18:51:15.716  1023 15781 D libc    : Internal error: netid(0), id(0x319), server(0.0.0.0)
04-07 18:51:15.718  1023 15785 D libc    : Internal error: netid(0), id(0x6d5d), server(0.0.0.0)
04-07 18:51:15.718  1023 15785 D libc    : Internal error: netid(0), id(0x6d5d), server(0.0.0.0)
04-07 18:51:15.718  1023 15785 D libc    : Internal error: netid(0), id(0xc42f), server(0.0.0.0)
04-07 18:51:15.718  1023 15785 D libc    : Internal error: netid(0), id(0xc42f), server(0.0.0.0)
04-07 18:51:15.721  1023 15790 D libc    : Internal error: netid(0), id(0x4e6b), server(0.0.0.0)
04-07 18:51:15.722  1023 15790 D libc    : Internal error: netid(0), id(0x4e6b), server(0.0.0.0)
04-07 18:51:15.722  1023 15790 D libc    : Internal error: netid(0), id(0x69), server(0.0.0.0)
04-07 18:51:15.722  1023 15790 D libc    : Internal error: netid(0), id(0x69), server(0.0.0.0)
04-07 18:51:15.736 15638 15670 I chatty  : uid=11245(org.mozilla.fennec_aurora) expire 1 line
04-07 18:51:15.736 15638 15688 I chatty  : uid=11245(org.mozilla.fennec_aurora) expire 1 line
04-07 18:51:15.737 15638 15690 I chatty  : uid=11245(org.mozilla.fennec_aurora) expire 1 line
04-07 18:51:15.765 15638 15804 I chatty  : uid=11245(org.mozilla.fennec_aurora) expire 1 line
04-07 18:51:15.909   808   808 I SFPerfTracer:      triggers: (rate: 72:2022017) (compose: 0:7) (post: 0:19) (render: 0:17) (0:10301082 frames) (1:12971888)
04-07 18:51:15.910   808   808 D SFPerfTracer:        layers: (3:12) (NavigationBar#0 (0xb07df000): 0:951168) (StatusBar#0 (0xb07e3000): 0:2227836) (com.android.systemui.ImageWallpaper#0 (0xb07e7000): 0:88034)* (Sprite#0 (0xb0733000): 0:317)* (DimLayerController/Stack=0#0 (0xb075a000): 0:3866)* (Sprite#1 (0xb077c000): 0:195)* (org.mozilla.fennec_aurora/org.mozilla.fenix.HomeActivity#0 (0xb039b000): 0:43)- (com.android.launcher3/com.android.launcher3.CustomizationPanelLauncher#0 (0xb0763000): 0:37)- (com.android.launcher3/com.android.launcher3.CustomizationPanelLauncher#1 (0xb0771000): 0:10)- (Splash Screen org.mozilla.fennec_aurora#0 (0xb039b000): 0:13)- (Splash Screen org.mozilla.fennec_aurora#1 (0xb013a000): 0:24)- (org.mozilla.fennec_aurora/org.mozilla.fenix.HomeActivity#0 (0xb039b000): 1:14) 
04-07 18:51:18.053  1456  1623 I WifiService: requestActivityInfo uid=1000
04-07 18:51:18.053  1456  1623 I WifiService: reportActivityInfo uid=1000
04-07 18:51:18.054  1456  1623 I WifiService: getSupportedFeatures uid=1000
04-07 18:51:18.100  1456  1456 I ActivityManager: Start proc 15846:com.android.vending/u0a62 for service com.android.vending/com.google.android.finsky.scheduler.JobSchedulerEngine$PhoneskyJobSchedulerJobService
04-07 18:51:18.107  1456  1623 E BatteryExternalStatsWorker: no controller energy info supplied for wifi
04-07 18:51:18.107  1456  1623 E BatteryExternalStatsWorker: no controller energy info supplied for bluetooth
04-07 18:51:18.191  1456  1623 E BatteryExternalStatsWorker: modem info is invalid: ModemActivityInfo{ mTimestamp=18827971914 mSleepTimeMs=1536225994 mIdleTimeMs=-1534789304 mTxTimeMs[]=[0, 0, 0, 0, 0] mRxTimeMs=8243 mEnergyUsed=0}
04-07 18:51:18.208 15846 15846 I Finsky  : [2] ebz.aG(7): Process created at version: 18.6.33-all [0] [PR] 292279539
04-07 18:51:18.544 15846 15872 I Finsky  : [475434] rgj.a(38): Started reading experiment flags from file [0tGUNCGIkbk4o6-fQ335kUYSKwVj4lusnHT-A5Dsy08].
04-07 18:51:18.564 15846 15872 I Finsky  : [475434] rgj.a(49): Finished reading experiment flags from file [0tGUNCGIkbk4o6-fQ335kUYSKwVj4lusnHT-A5Dsy08].
04-07 18:51:18.566 15846 15875 I Finsky  : [475437] rgj.a(38): Started reading experiment flags from file [Se-xCc4LzNyh3UrKMIU2sUf-PUKz4oQEbpKZDMuaFno].
04-07 18:51:18.585 15846 15875 I Finsky  : [475437] rgj.a(49): Finished reading experiment flags from file [Se-xCc4LzNyh3UrKMIU2sUf-PUKz4oQEbpKZDMuaFno].
04-07 18:51:18.687 15846 15846 I Finsky  : [2] tqw.<init>(11): Resetting scheduler db
04-07 18:51:18.701 15846 15870 I Finsky  : [475432] ebz.U(6): Not a unicorn account
04-07 18:51:18.717 15846 15870 W PrimesInit: Primes instant initialization
04-07 18:51:18.726 15846 15883 W Primes  : background initialization
04-07 18:51:18.750 15846 15868 I Finsky  : [475430] xqv.a(2): Disable SystemUpdateActivity, because Android is lower than Q
04-07 18:51:18.774 15846 15886 I Finsky  : [475448] xqu.run(4): Set SystemUpdateActivity enabled state to 2
04-07 18:51:18.780 15846 15871 I zygote  : Deoptimizing java.lang.Object j$.util.concurrent.ConcurrentHashMap.putVal(java.lang.Object, java.lang.Object, boolean) due to JIT inline cache
04-07 18:51:18.781 15846 15871 I Finsky  : [475433] qtj.<init>(5): PackageMonitor - Registering in memory receiver for android.intent.action.PACKAGE_ADDED and android.intent.action.PACKAGE_REMOVED
04-07 18:51:18.813 15846 15869 I cr_CronetLibraryLoader: Cronet version: 81.0.4021.0, arch: armv7l
04-07 18:51:18.822 15846 15868 W Settings: Setting download_manager_max_bytes_over_mobile has moved from android.provider.Settings.Secure to android.provider.Settings.Global.
04-07 18:51:18.825 15846 15868 I Finsky  : [475430] pxz.a(5): SettingNotFoundException, fall through to G.downloadBytesOverMobileMaximum
04-07 18:51:18.825 15846 15869 W Finsky  : [475431] drd.a(21): For unauth, use getDfeApiNonAuthenticated() instead!
04-07 18:51:18.825 15846 15871 I Finsky  : [475433] ozh.c(4): Enqueuing libraries load for 0
04-07 18:51:18.825 15846 15868 W Settings: Setting download_manager_recommended_max_bytes_over_mobile has moved from android.provider.Settings.Secure to android.provider.Settings.Global.
