06-02 23:51:24.518 28560 28650 I WM-WorkerWrapper: Worker result SUCCESS for Work [ id=3c11d039-8d0c-4833-a695-9af0a95378bf, tags={ mozilla.components.feature.addons.migration.DefaultSupportedAddonsChecker.periodicWork, mozilla.components.feature.addons.migration.SupportedAddonsWorker } ]
06-02 23:51:25.079 28560 28603 D SessionStorage/AutoSave: Saved state to disk [19ms]
06-02 23:51:26.432 28786 28786 D AndroidRuntime: >>>>>> START com.android.internal.os.RuntimeInit uid 2000 <<<<<<
06-02 23:51:26.445 28786 28786 W app_process: Could not reserve sentinel fault page
06-02 23:51:26.463  2340  2441 I QCNEJ   : |CORE| CNE received action RSSI/Link Changed events: android.net.wifi.RSSI_CHANGED
06-02 23:51:26.463  2340  2441 D QCNEJ   : |CORE| Updating RSSI: -66
06-02 23:51:26.469  5077  5098 I CarrierServices: [582411] dji.a: FiST: Wifi connectivity status true
06-02 23:51:26.472  5077  5130 I CarrierServices: [582430] drv.a: (PEv2-SM): DisabledState: event Connectivity event
06-02 23:51:26.473  5077  5098 I CarrierServices: [582411] djm.d: Connected state: [1], networkType: [WIFI]
06-02 23:51:26.611 28786 28786 I app_process: The ClassLoaderContext is a special shared library.
06-02 23:51:26.684 28786 28786 D AndroidRuntime: Calling main entry com.android.commands.input.Input
06-02 23:51:26.685 28786 28786 I Input   : injectKeyEvent: KeyEvent { action=ACTION_DOWN, keyCode=KEYCODE_HOME, scanCode=0, metaState=0, flags=0x0, repeatCount=0, eventTime=23232354271, downTime=23232354271, deviceId=-1, source=0x101 }
06-02 23:51:26.692 28786 28786 I Input   : injectKeyEvent: KeyEvent { action=ACTION_UP, keyCode=KEYCODE_HOME, scanCode=0, metaState=0, flags=0x0, repeatCount=0, eventTime=23232354271, downTime=23232354271, deviceId=-1, source=0x101 }
06-02 23:51:26.698  1456  1941 I ActivityManager: START u0 {act=android.intent.action.MAIN cat=[android.intent.category.HOME] flg=0x10200000 cmp=com.android.launcher3/.CustomizationPanelLauncher (has extras)} from uid 1000
06-02 23:51:26.699   794   839 E ANDR-PERF-RESOURCEQS: Failed to apply optimization [4, 0]
06-02 23:51:26.704 28786 28786 D AndroidRuntime: Shutting down VM
06-02 23:51:26.716  1456  6339 I ActivityManager: moveHomeStack, setupComplete:true
06-02 23:51:26.731  4734  4782 I Adreno  : QUALCOMM build                   : bb5b86c, I77d3059488
06-02 23:51:26.731  4734  4782 I Adreno  : Build Date                       : 06/07/18
06-02 23:51:26.731  4734  4782 I Adreno  : OpenGL ES Shader Compiler Version: EV031.22.00.01_06
06-02 23:51:26.731  4734  4782 I Adreno  : Local Branch                     : 
06-02 23:51:26.731  4734  4782 I Adreno  : Remote Branch                    : refs/tags/AU_LINUX_ANDROID_LA.UM.6.5.R1.08.01.00.312.086
06-02 23:51:26.731  4734  4782 I Adreno  : Remote Branch                    : NONE
06-02 23:51:26.731  4734  4782 I Adreno  : Reconstruct Branch               : NOTHING
06-02 23:51:26.735  4734  4782 D vndksupport: Loading /vendor/lib/hw/gralloc.msm8937.so from current namespace instead of sphal namespace.
06-02 23:51:26.738  2748  2748 D Launcher.Utilities: Wakeup weather: Intent { act=com.motorola.launcher3.action.WAKEUP_WEATHER cmp=com.motorola.timeweatherwidget/com.motorola.commandcenter.weather.WakeUpService }
06-02 23:51:26.739  4734  4782 I Adreno  : PFP: 0x005ff087, ME: 0x005ff063
06-02 23:51:26.743  4734  4782 I zygote  : android::hardware::configstore::V1_0::ISurfaceFlingerConfigs::hasWideColorDisplay retrieved: 0
06-02 23:51:26.744  4734  4782 I OpenGLRenderer: Initialized EGL, version 1.4
06-02 23:51:26.744  4734  4782 D OpenGLRenderer: Swap behavior 2
06-02 23:51:26.749  1456  1456 I NotificationService: Cannot find enqueued record for key: 0|com.motorola.timeweatherwidget|1|null|10116
06-02 23:51:26.750   808   808 D SurfaceFlinger: duplicate layer name: changing com.android.launcher3/com.android.launcher3.CustomizationPanelLauncher to com.android.launcher3/com.android.launcher3.CustomizationPanelLauncher#1
06-02 23:51:26.783  4734  4772 W ThreadPoolDumper: Queue length for executor EventBus is now 11. Perhaps some tasks are too long, or the pool is too small.
06-02 23:51:26.785  1456  6339 I WifiService: getWifiEnabledState uid=10073
06-02 23:51:26.796  1456  5797 I WifiService: getWifiEnabledState uid=10073
06-02 23:51:26.810   808   985 E SurfaceFlinger: Failed to find layer (SurfaceView - org.mozilla.fennec_aurora/org.mozilla.fenix.HomeActivity#0) in layer parent (no-parent).
06-02 23:51:26.810   808   871 E SurfaceFlinger: Failed to find layer (Background for - SurfaceView - org.mozilla.fennec_aurora/org.mozilla.fenix.HomeActivity#0) in layer parent (no-parent).
06-02 23:51:26.852  1456  1673 I LaunchCheckinHandler: Displayed com.android.launcher3/.CustomizationPanelLauncher,wp,wa,154
06-02 23:51:26.855 28560 28625 D ServiceAllocator: org.mozilla.gecko.process.GeckoChildProcessServices$tab0 updateBindings: IDLE priority, 6 importance, 0 successful binds, 0 failed binds, 2 successful unbinds, 0 failed unbinds
06-02 23:51:26.865  4734  4734 I BgTaskExecutorImpl: Starting EXCLUSIVE background task TNG_MINUS_ONE_SYNC.
06-02 23:51:26.869  4734  4784 I MicroDetectionState: Should stop hotword detection immediately - false
06-02 23:51:26.876  4734  4784 I MicroDetectionWorker: #startMicroDetector [speakerMode: 0]
06-02 23:51:26.880  4734  4784 I AudioController: Created new AudioSource
06-02 23:51:26.883  4734  4784 I TngMinusOneSync: Syncing TNG:-1
06-02 23:51:26.883  4734  4776 I MicroDataManager: isInitializing-false locale not changed-true model not changed-true
06-02 23:51:26.884  4734  4776 I MicroDataManager: Already initialized, obtaining the hotword data immediately.
06-02 23:51:26.893  4734 19890 I MicroRecognitionRunner: Starting detection.
06-02 23:51:26.893  4734 19890 I InputStreamUtils: Using micInputStream
06-02 23:51:26.895  4734  6128 I MicrophoneInputStream: mic_starting  SR : 16000 CC : 16 SO : 1999
06-02 23:51:26.899   788  1479 V msm8974_platform: platform_check_input_mask: enter check_input_mask source 6 mask 10
06-02 23:51:26.902  1012 28800 I AudioFlinger: AudioFlinger's thread 0xb2483a40 tid=28800 ready to run
06-02 23:51:26.913   788  1479 D audio_hw_primary: in_set_parameters: enter: kvpairs=input_source=6;routing=-2147483644
06-02 23:51:26.914  1012  8317 D APM_AudioPolicyManager: AudioPolicyManager::startInput() input 372622, session 372737, source = 1999
06-02 23:51:26.914  4734  6128 I MicrophoneInputStream: mic_started  SR : 16000 CC : 16 SO : 1999
06-02 23:51:26.916   788 28801 V msm8974_platform: platform_update_usecase_from_source: input source :6
06-02 23:51:26.916   788 28801 V msm8974_platform: platform_check_input_mask: enter check_input_mask source 6 mask 10
06-02 23:51:26.916   788 28801 V msm8974_platform: platform_get_input_snd_device: enter: out_device(0) in_device(0x4) channel_count (1) channel_mask (0x10)
06-02 23:51:26.916   788 28801 V msm8974_platform: platform_get_input_snd_device: exit: in_snd_device(voice-rec-mic)
06-02 23:51:26.916   788 28801 V msm8974_platform: platform_get_backend_index:napb: backend port - 5 device - 120 
06-02 23:51:26.916   788 28801 V msm8974_platform: platform_check_and_set_capture_backend_cfg:txbecf: afe: bitwidth 0, samplerate 0, channel 1, backend_idx 5 usecase = 9 device (voice-rec-mic)
06-02 23:51:26.916   788 28801 V msm8974_platform: platform_check_capture_backend_cfg:txbecf: afe: Codec selected backend: 5 current bit width: 0 and sample rate: 0, channels 1
06-02 23:51:26.916   788 28801 V msm8974_platform: platform_check_capture_backend_cfg:txbecf: afe: Codec selected backend: 5 updated bit width: 0 and sample rate: 0
06-02 23:51:26.916   788 28801 I msm8974_platform: platform_check_capture_backend_cfg:txbecf: afe: Codec backend needs to be updated. new bit width: 0 new sample rate: 0 new channel: 1
06-02 23:51:26.916   788 28801 V msm8974_platform: platform_get_backend_index:napb: backend port - 5 device - 120 
06-02 23:51:26.917   788 28801 V msm8974_platform: platform_set_backend_cfg:becf: afe: bitwidth 0, samplerate 0 channels 1, backend_idx 5 device (voice-rec-mic)
06-02 23:51:26.917   788 28801 E msm8974_platform: platform_set_backend_cfg:becf: afe: Could not get ctl for mixer command - SLIM_0_TX Format
06-02 23:51:26.917   788 28801 V msm8974_platform: platform_send_audio_calibration: sending audio calibration for snd_device(120) acdb_id(62)
06-02 23:51:26.917   788 28801 D ACDB-LOADER: ACDB -> send_audio_cal, acdb_id = 62, path = 1, app id = 0x11130, sample rate = 48000
06-02 23:51:26.917   788 28801 D ACDB-LOADER: ACDB -> send_asm_topology
06-02 23:51:26.917   788 28801 D ACDB-LOADER: ACDB -> ACDB_CMD_GET_AUDPROC_STREAM_TOPOLOGY_ID
06-02 23:51:26.917   788 28801 D ACDB-LOADER: ACDB -> send_adm_topology
06-02 23:51:26.917   788 28801 D ACDB-LOADER: ACDB -> ACDB_CMD_GET_AUDPROC_COMMON_TOPOLOGY_ID
06-02 23:51:26.917   788 28801 D ACDB-LOADER: ACDB -> send_audtable
06-02 23:51:26.918   788 28801 D ACDB-LOADER: ACDB -> ACDB_CMD_GET_AUDPROC_COMMON_TABLE_SIZE
06-02 23:51:26.918   788 28801 D ACDB-LOADER: ACDB -> ACDB_CMD_GET_AUDPROC_COMMON_TABLE
06-02 23:51:26.918   788 28801 D ACDB-LOADER: ACDB -> AUDIO_SET_AUDPROC_CAL
06-02 23:51:26.918   788 28801 D ACDB-LOADER: ACDB -> send_audvoltable
06-02 23:51:26.918   788 28801 D ACDB-LOADER: ACDB -> ACDB_CMD_GET_AUDPROC_VOL_STEP_TABLE_SIZE
06-02 23:51:26.918   788 28801 D ACDB-LOADER: ACDB -> ACDB_CMD_GET_AUDPROC_GAIN_DEP_STEP_TABLE, vol index 0
06-02 23:51:26.918   788 28801 D         : Failed to fetch the lookup information of the device 0000003E 
06-02 23:51:26.918   788 28801 D ACDB-LOADER: ACDB -> AUDIO_SET_VOL_CAL cal type = 12
06-02 23:51:26.918   788 28801 D ACDB-LOADER: ACDB -> ACDB_CMD_GET_AUDPROC_STREAM_TABLE_SIZE
06-02 23:51:26.918   788 28801 D ACDB-LOADER: ACDB -> send_audstrmtable
06-02 23:51:26.918   788 28801 D ACDB-LOADER: ACDB -> ACDB_CMD_GET_AUDPROC_STREAM_TABLE_V2
06-02 23:51:26.919   788 28801 D ACDB-LOADER: ACDB -> audstrm_cal->cal_type.cal_data.cal_size = 456
06-02 23:51:26.919   788 28801 D ACDB-LOADER: ACDB -> send_afe_topology
06-02 23:51:26.919   788 28801 D ACDB-LOADER: ACDB -> ACDB_CMD_GET_AFE_TOPOLOGY_ID
06-02 23:51:26.919   788 28801 D ACDB-LOADER: ACDB -> GET_AFE_TOPOLOGY_ID for adcd_id 62, Topology Id 112fb
06-02 23:51:26.919   788 28801 D ACDB-LOADER: ACDB -> send_afe_cal
06-02 23:51:26.919   788 28801 D ACDB-LOADER: ACDB -> ACDB_CMD_GET_AFE_COMMON_TABLE_SIZE
06-02 23:51:26.919   788 28801 D         : Failed to fetch the lookup information of the device 0000003E 
06-02 23:51:26.919   788 28801 E ACDB-LOADER: Error: ACDB_CMD_GET_AFE_COMMON_TABLE_SIZE Returned = -19
06-02 23:51:26.919   788 28801 D ACDB-LOADER: ACDB -> ACDB_CMD_GET_AFE_COMMON_TABLE
06-02 23:51:26.919   788 28801 D         : Failed to fetch the lookup information of the device 0000003E 
06-02 23:51:26.919   788 28801 D ACDB-LOADER: ACDB -> AUDIO_SET_AFE_CAL
06-02 23:51:26.919   788 28801 D ACDB-LOADER: ACDB -> send_hw_delay : acdb_id = 62 path = 1
06-02 23:51:26.919   788 28801 D ACDB-LOADER: ACDB -> ACDB_AVSYNC_INFO: ACDB_CMD_GET_DEVICE_PROPERTY
06-02 23:51:26.919   788 28801 D audio_hw_primary: enable_snd_device: snd_device(120: voice-rec-mic)
06-02 23:51:26.919   788 28801 D audio_route: Apply path: voice-rec-mic
06-02 23:51:26.924   788 28801 V msm8974_platform: platform_get_snd_device_backend_index: enter with device 120
06-02 23:51:26.924   788 28801 E msm8974_platform: platform_get_snd_device_backend_index: BE DAI Name Table is not present
06-02 23:51:26.924   788 28801 V msm8974_platform: platform_get_backend_index:napb: backend port - 5 device - 120 
06-02 23:51:26.924   788 28801 I audio_hw_utils: Set Audio Stream Capture 0 App Type Cfg: app_type 69936, acdb_dev_id 62, sample_rate 48000, snd_device_be_idx -14
06-02 23:51:26.925   788 28801 D audio_hw_primary: enable_audio_route: usecase(9) apply and update mixer path: audio-record
06-02 23:51:26.925   788 28801 D audio_route: Apply path: audio-record
06-02 23:51:26.936 28560 28560 D GeckoSession: handleMessage GeckoView:StateUpdated uri=null
06-02 23:51:26.996  4734  4784 I MicroDetectionWorker: onReady
06-02 23:51:27.079 28560 28560 I zygote  : Deoptimizing kotlinx.coroutines.DisposableHandle kotlinx.coroutines.JobSupport.invokeOnCompletion(boolean, boolean, kotlin.jvm.functions.Function1) due to JIT inline cache
06-02 23:51:27.086 28560 28585 I libglean_ffi: glean_core::ping: Collecting startup-timeline
06-02 23:51:27.090 28560 28585 D libglean_ffi: glean_core::ping: Storing ping '3f773b98-7c14-487a-a10a-df3a5109815b' at '/data/user/0/org.mozilla.fennec_aurora/glean_data/pending_pings/3f773b98-7c14-487a-a10a-df3a5109815b'
06-02 23:51:27.090 28560 28585 I libglean_ffi: glean_core: The ping 'startup-timeline' was submitted and will be sent as soon as possible
06-02 23:51:27.104 28560 28560 I zygote  : Deoptimizing kotlinx.coroutines.internal.LockFreeLinkedListNode kotlinx.coroutines.internal.LockFreeLinkedListNode.correctPrev(kotlinx.coroutines.internal.OpDescriptor) due to JIT inline cache
06-02 23:51:27.105 28560 28560 D SessionManager: onTrimMemory(80): clearThumbnails=true, closeEngineSessions=true
06-02 23:51:27.116  1456  4679 D ConnectivityService: requestNetwork for uid/pid:11370/28560 NetworkRequest [ TRACK_DEFAULT id=58570, [ Capabilities: INTERNET&NOT_RESTRICTED&TRUSTED&NOT_VPN] ]
06-02 23:51:27.117  1456  2054 D WIFI_UT : got request NetworkRequest [ TRACK_DEFAULT id=58570, [ Capabilities: INTERNET&NOT_RESTRICTED&TRUSTED&NOT_VPN] ] with score 60
06-02 23:51:27.117  1456  2099 D Ethernet: got request NetworkRequest [ TRACK_DEFAULT id=58570, [ Capabilities: INTERNET&NOT_RESTRICTED&TRUSTED&NOT_VPN] ] with score 60
06-02 23:51:27.118  1456  2054 D WIFI    : got request NetworkRequest [ TRACK_DEFAULT id=58570, [ Capabilities: INTERNET&NOT_RESTRICTED&TRUSTED&NOT_VPN] ] with score 60
06-02 23:51:27.118  2398  2398 D PhoneSwitcherNetworkRequstListener: got request NetworkRequest [ TRACK_DEFAULT id=58570, [ Capabilities: INTERNET&NOT_RESTRICTED&TRUSTED&NOT_VPN] ] with score 60
06-02 23:51:27.119 28560 28560 D SessionManager: Cleared 8 thumbnail(s) and unlinked 0 engine sessions(s)
06-02 23:51:27.137 28560 28802 D glean/PingUploadWorker: Processing persisted pings at /data/user/0/org.mozilla.fennec_aurora/glean_data/pending_pings
06-02 23:51:27.138 28560 28802 D glean/PingUploadWorker: Processing ping: 3f773b98-7c14-487a-a10a-df3a5109815b
06-02 23:51:27.140 28560 28802 D glean/ConceptFetchHttpUploader: Submitting ping to: https://incoming.telemetry.mozilla.org/submit/org-mozilla-fennec-aurora/startup-timeline/1/3f773b98-7c14-487a-a10a-df3a5109815b
06-02 23:51:27.179 28560 28560 I glean/Glean: Registering pings for org.mozilla.fenix.GleanMetrics.Pings
06-02 23:51:27.220 28560 28560 D App     : ActivationPing - already generated
06-02 23:51:27.222 28560 28560 I FenixApplication: Kicking-off account manager...
06-02 23:51:27.223 28560 28560 I FenixApplication: 'Kicking-off account manager' took 0 ms
06-02 23:51:27.224 28560 28603 I FenixApplication: Running post-visual completeness tasks...
06-02 23:51:27.224 28560 28603 I FenixApplication: Storage initialization...
06-02 23:51:27.224 28560 28603 I PlacesHistoryStorage: Warming up places storage...
06-02 23:51:27.224 28560 28603 I PlacesHistoryStorage: 'Warming up places storage' took 0 ms
06-02 23:51:27.224 28560 28603 I PlacesBookmarksStorage: Warming up places storage...
06-02 23:51:27.224 28560 28603 I PlacesBookmarksStorage: 'Warming up places storage' took 0 ms
06-02 23:51:27.247 28560 28603 I SyncableLoginsStorage: Warming up storage...
06-02 23:51:27.255 28560 28603 D RustNativeSupport: findMegazordLibraryName(logins, 0.59.0
06-02 23:51:27.255 28560 28603 D RustNativeSupport: lib in use: none
06-02 23:51:27.255 28560 28603 D RustNativeSupport: lib configured: megazord
06-02 23:51:27.255 28560 28603 D RustNativeSupport: lib version configured: 0.59.0
06-02 23:51:27.255 28560 28603 D RustNativeSupport: settled on megazord
06-02 23:51:27.257 28560 28603 D logins_ffi: sync15_passwords_state_new
06-02 23:51:27.261  1456  7796 I OpenGLRenderer: Initialized EGL, version 1.4
06-02 23:51:27.261  1456  7796 D OpenGLRenderer: Swap behavior 2
06-02 23:51:27.279   808   808 I SFPerfTracer:      triggers: (rate: 93:2064026) (compose: 0:7) (post: 0:19) (render: 0:17) (12:11654898 frames) (13:14959394)
06-02 23:51:27.279   808   808 D SFPerfTracer:        layers: (4:13) (NavigationBar#0 (0xb07df000): 0:1174314) (StatusBar#0 (0xb07e3000): 0:2830966) (com.android.systemui.ImageWallpaper#0 (0xb07e7000): 0:109879) (Sprite#0 (0xb0733000): 0:317)* (DimLayerController/Stack=0#0 (0xb075a000): 0:3866)* (Sprite#1 (0xb077c000): 0:195)* (com.android.launcher3/com.android.launcher3.CustomizationPanelLauncher#0 (0xb0763000): 0:40)- (com.android.launcher3/com.android.launcher3.CustomizationPanelLauncher#1 (0xb0771000): 0:10)- (Splash Screen org.mozilla.fennec_aurora#0 (0xb039b000): 0:32)- (org.mozilla.fennec_aurora/org.mozilla.fenix.IntentReceiverActivity#0 (0xafd20000): 0:2)- (org.mozilla.fennec_aurora/org.mozilla.fenix.HomeActivity#0 (0xafdc7000): 12:61)* (com.android.launcher3/com.android.launcher3.CustomizationPanelLauncher#0 (0xb0763000): 13:28)* (com.android.launcher3/com.android.launcher3.CustomizationPanelLauncher#1 (0xb0771000): 1:6) 
06-02 23:51:27.293  2748  2917 W OpenGLRenderer: Incorrectly called buildLayer on View: ShortcutAndWidgetContainer, destroying layer...
06-02 23:51:27.307 28560 28802 D glean/ConceptFetchHttpUploader: Ping successfully sent (200)
06-02 23:51:27.308 28560 28802 D glean/PingUploadWorker: 3f773b98-7c14-487a-a10a-df3a5109815b was deleted: true
06-02 23:51:27.311 28560 28651 I WM-WorkerWrapper: Worker result SUCCESS for Work [ id=82224782-4514-42d3-8bf6-1cc3618e11ea, tags={ mozilla.telemetry.glean.scheduler.PingUploadWorker, mozac_service_glean_ping_upload_worker } ]
06-02 23:51:27.314  1456  2067 D ConnectivityService: releasing NetworkRequest [ TRACK_DEFAULT id=58570, [ Capabilities: INTERNET&NOT_RESTRICTED&TRUSTED&NOT_VPN] ] (release request)
06-02 23:51:27.404 28560 28560 D GeckoRuntime: Lifecycle: onPause
06-02 23:51:27.404 28560 28560 D GeckoNetworkManager: Incoming event stop for state OnWithListeners -> OffWithListeners
06-02 23:51:27.405 28560 28560 I SessionStorage/AutoSave: Save: Background
06-02 23:51:27.411 28560 28585 I libglean_ffi: glean_core::ping: Collecting baseline
06-02 23:51:27.417 28560 28585 D libglean_ffi: glean_core::ping: Storing ping '546a421f-be03-48ba-98e2-c4044a6a4fee' at '/data/user/0/org.mozilla.fennec_aurora/glean_data/pending_pings/546a421f-be03-48ba-98e2-c4044a6a4fee'
06-02 23:51:27.418 28560 28585 I libglean_ffi: glean_core: The ping 'baseline' was submitted and will be sent as soon as possible
06-02 23:51:27.420 28560 28585 I libglean_ffi: glean_core::ping: Collecting events
06-02 23:51:27.420 28560 28600 D SessionStorage/AutoSave: Saved state to disk [14ms]
06-02 23:51:27.426 28560 28585 D libglean_ffi: glean_core::ping: Storing ping 'c7d42fdb-3b3a-4680-9505-27e02e542818' at '/data/user/0/org.mozilla.fennec_aurora/glean_data/pending_pings/c7d42fdb-3b3a-4680-9505-27e02e542818'
06-02 23:51:27.426 28560 28585 I libglean_ffi: glean_core: The ping 'events' was submitted and will be sent as soon as possible
06-02 23:51:27.446  1456  6339 D ConnectivityService: requestNetwork for uid/pid:11370/28560 NetworkRequest [ TRACK_DEFAULT id=58571, [ Capabilities: INTERNET&NOT_RESTRICTED&TRUSTED&NOT_VPN] ]
06-02 23:51:27.448  1456  2099 D Ethernet: got request NetworkRequest [ TRACK_DEFAULT id=58571, [ Capabilities: INTERNET&NOT_RESTRICTED&TRUSTED&NOT_VPN] ] with score 60
06-02 23:51:27.448  1456  2054 D WIFI_UT : got request NetworkRequest [ TRACK_DEFAULT id=58571, [ Capabilities: INTERNET&NOT_RESTRICTED&TRUSTED&NOT_VPN] ] with score 60
06-02 23:51:27.448  2398  2398 D PhoneSwitcherNetworkRequstListener: got request NetworkRequest [ TRACK_DEFAULT id=58571, [ Capabilities: INTERNET&NOT_RESTRICTED&TRUSTED&NOT_VPN] ] with score 60
06-02 23:51:27.448  1456  2054 D WIFI    : got request NetworkRequest [ TRACK_DEFAULT id=58571, [ Capabilities: INTERNET&NOT_RESTRICTED&TRUSTED&NOT_VPN] ] with score 60
06-02 23:51:27.458 28560 28807 D glean/PingUploadWorker: Processing persisted pings at /data/user/0/org.mozilla.fennec_aurora/glean_data/pending_pings
06-02 23:51:27.459 28560 28807 D glean/PingUploadWorker: Processing ping: 546a421f-be03-48ba-98e2-c4044a6a4fee
06-02 23:51:27.461 28560 28807 D glean/ConceptFetchHttpUploader: Submitting ping to: https://incoming.telemetry.mozilla.org/submit/org-mozilla-fennec-aurora/baseline/1/546a421f-be03-48ba-98e2-c4044a6a4fee
06-02 23:51:27.506   808   898 I SFPerfTracer:      triggers: (rate: 0:1) (0 sw vsyncs) (0 skipped) (41:7540088 vsyncs) (43:15093717)
06-02 23:51:27.733 28560 28807 D glean/ConceptFetchHttpUploader: Ping successfully sent (200)
06-02 23:51:27.734 28560 28807 D glean/PingUploadWorker: 546a421f-be03-48ba-98e2-c4044a6a4fee was deleted: true
06-02 23:51:27.734 28560 28807 D glean/PingUploadWorker: Processing ping: c7d42fdb-3b3a-4680-9505-27e02e542818
06-02 23:51:27.735 28560 28807 D glean/ConceptFetchHttpUploader: Submitting ping to: https://incoming.telemetry.mozilla.org/submit/org-mozilla-fennec-aurora/events/1/c7d42fdb-3b3a-4680-9505-27e02e542818
06-02 23:51:27.871 28560 28603 I SyncableLoginsStorage: 'Warming up storage' took 624 ms
06-02 23:51:27.872 28560 28603 I FenixApplication: 'Storage initialization' took 647 ms
06-02 23:51:27.876 28560 28807 D glean/ConceptFetchHttpUploader: Ping successfully sent (200)
06-02 23:51:27.877 28560 28807 D glean/PingUploadWorker: c7d42fdb-3b3a-4680-9505-27e02e542818 was deleted: true
06-02 23:51:27.878 28560 28580 I WM-WorkerWrapper: Worker result SUCCESS for Work [ id=a3d9b989-7ceb-4dab-be9f-4d0fa3f63a32, tags={ mozilla.telemetry.glean.scheduler.PingUploadWorker, mozac_service_glean_ping_upload_worker } ]
06-02 23:51:27.882  1456  2067 D ConnectivityService: releasing NetworkRequest [ TRACK_DEFAULT id=58571, [ Capabilities: INTERNET&NOT_RESTRICTED&TRUSTED&NOT_VPN] ] (release request)
06-02 23:51:27.928 28560 28560 D SessionManager: onTrimMemory(80): clearThumbnails=true, closeEngineSessions=true
06-02 23:51:27.936 28560 28560 D SessionManager: Cleared 8 thumbnail(s) and unlinked 0 engine sessions(s)
06-02 23:51:31.868  1456  6339 I ActivityManager: Force stopping org.mozilla.fennec_aurora appid=11370 user=0: from pid 28812
06-02 23:51:31.868  1456  6339 I ActivityManager: Killing 28560:org.mozilla.fennec_aurora/u0a1370 (adj 700): stop org.mozilla.fennec_aurora
06-02 23:51:31.870  1456  1605 W zygote  : kill(-28560, 9) failed: No such process
06-02 23:51:31.873  1456  6339 W ActivityManager: Force removing ActivityRecord{3084da4 u0 org.mozilla.fennec_aurora/org.mozilla.fenix.HomeActivity t78546}: app died, no saved state
06-02 23:51:31.874 28636 28636 I ServiceChildProcess: Service has been unbound. Stopping.
06-02 23:51:31.885  1456  6339 I ActivityManager: Killing 28636:org.mozilla.fennec_aurora:tab0/u0a1370 (adj 0): stop org.mozilla.fennec_aurora
06-02 23:51:31.886  1456  1605 W zygote  : kill(-28560, 9) failed: No such process
06-02 23:51:31.893 27380 27396 I Finsky  : [583283] kqh.run(3): Stats for Executor: BlockingExecutor ksg@5f9c668[Running, pool size = 2, active threads = 0, queued tasks = 0, completed tasks = 12]
06-02 23:51:31.893 27380 27396 I Finsky  : [583283] kqh.run(3): Stats for Executor: LightweightExecutor ksg@23d5a81[Running, pool size = 4, active threads = 0, queued tasks = 0, completed tasks = 72]
06-02 23:51:31.900  2398  2398 D CarrierSvcBindHelper: No carrier app for: 0
06-02 23:51:31.902  2398  2398 D CarrierSvcBindHelper: No carrier app for: 1
06-02 23:51:31.904  1456  1605 W zygote  : kill(-28560, 9) failed: No such process
06-02 23:51:31.952  1456  1673 W ActivityManager: setHasOverlayUi called on unknown pid: 28560
06-02 23:51:31.987  1456  1605 I chatty  : uid=1000(system) ActivityManager identical 6 lines
06-02 23:51:32.001  1456  1605 W zygote  : kill(-28560, 9) failed: No such process
06-02 23:51:32.003  1456  1471 I ActivityManager: START u0 {act=android.intent.action.VIEW dat=https://example.com/... typ=text/html flg=0x10000000 cmp=org.mozilla.fennec_aurora/org.mozilla.fenix.IntentReceiverActivity} from uid 2000
06-02 23:51:32.004   794   839 E ANDR-PERF-RESOURCEQS: Failed to apply optimization [4, 0]
06-02 23:51:32.014  1456  1605 W zygote  : kill(-28560, 9) failed: No such process
06-02 23:51:32.014  1456  1605 I zygote  : Successfully killed process cgroup uid 11370 pid 28560 in 143ms
06-02 23:51:32.014  1456  1605 W zygote  : kill(-28636, 9) failed: No such process
06-02 23:51:32.014  1456  1605 I zygote  : Successfully killed process cgroup uid 11370 pid 28636 in 0ms
06-02 23:51:32.025  1456  4679 I ActivityManager: Start proc 28820:org.mozilla.fennec_aurora/u0a1370 for activity org.mozilla.fennec_aurora/org.mozilla.fenix.IntentReceiverActivity
06-02 23:51:32.114  4734  4784 I MicroDetectionState: Should stop hotword detection immediately - false
06-02 23:51:32.115  4734  4784 I MicroDetector: Keeping mic open: false
06-02 23:51:32.115  4734  4784 I RecognitionAudioControl: #shutdownAudio [requestId: -8200512498346610859, keepAudioOpen: false, forced: true]
06-02 23:51:32.115  4734  4807 E DeviceStateChecker: DeviceStateChecker cancelled
06-02 23:51:32.115  4734  4784 I RecognitionAudioControl: #internalShutdownAudio [requestId: -8200512498346610859]
06-02 23:51:32.115  4734  4784 I RecognitionAudioControl: #internalShutdownAudio [keepAudioOpen: false, forced: true]
06-02 23:51:32.115  4734  4784 I RecognitionAudioControl: #actualShutdownAudio
06-02 23:51:32.115  4734  4784 I AudioController: #shutdown [requestId=-8200512498346610859]
06-02 23:51:32.116  4734  4776 I AudioController: internalShutdown
06-02 23:51:32.116  4734  4780 I MicroRecognitionRunner: Stopping hotword detection.
06-02 23:51:32.150 28820 28820 D FirebaseApp: com.google.firebase.auth.FirebaseAuth is not linked. Skipping initialization.
06-02 23:51:32.151 28820 28820 D FirebaseApp: com.google.firebase.crash.FirebaseCrash is not linked. Skipping initialization.
06-02 23:51:32.152 28820 28820 I FirebaseInitProvider: FirebaseApp initialization successful
06-02 23:51:32.179   788  1479 D audio_hw_primary: disable_audio_route: usecase(9) reset and update mixer path: audio-record
06-02 23:51:32.179   788  1479 D audio_hw_primary: disable_snd_device: snd_device(120: voice-rec-mic)
06-02 23:51:32.181  1012  1301 D APM_AudioPolicyManager: stopInput() input 372622, session 372737
06-02 23:51:32.182   788   788 D audio_hw_primary: in_set_parameters: enter: kvpairs=routing=0
06-02 23:51:32.185  4734  4776 I MicrophoneInputStream: mic_close  SR : 16000 CC : 16 SO : 1999
06-02 23:51:32.185 28820 28838 I FA      : Collection disabled with firebase_analytics_collection_enabled=0
06-02 23:51:32.185  4734  4776 E AudioSource: Stop listening is called on already closed AudioSource
06-02 23:51:32.186  4734 19890 I MicroRecognitionRunner: Detection finished
06-02 23:51:32.186 28820 28838 I FA      : App measurement is starting up, version: 12780
06-02 23:51:32.186 28820 28838 I FA      : To enable debug logging run: adb shell setprop log.tag.FA VERBOSE
06-02 23:51:32.187 28820 28838 I FA      : To enable faster debug mode event logging run:
06-02 23:51:32.187 28820 28838 I FA      :   adb shell setprop debug.firebase.analytics.app org.mozilla.fennec_aurora
06-02 23:51:32.203 28820 28820 D FennecProfile: profiles.ini: true
06-02 23:51:32.208 28820 28820 D FennecProfile: Ignoring line in [general] section: StartWithLastProfile=1
06-02 23:51:32.208 28820 28820 D FennecProfile: Found 1 profiles
06-02 23:51:32.208 28820 28820 D FennecProfile: Found default profile: FennecProfile(name=default, path=/data/user/0/org.mozilla.fennec_aurora/files/mozilla/ms8lhhwg.default, default=true)
06-02 23:51:32.228 27380 27396 I Finsky  : [583283] kqh.run(3): Stats for Executor: bgExecutor ksg@6790726[Running, pool size = 4, active threads = 0, queued tasks = 0, completed tasks = 56]
06-02 23:51:32.232 28820 28820 D FennecMigrator: No migrations to run. Fennec install - false.
06-02 23:51:32.253 28820 28820 D FenixApplication: Initializing Glean (uploadEnabled=true, isFennec=true)
06-02 23:51:32.264 28820 28848 D RustNativeSupport: findMegazordLibraryName(viaduct, 0.59.0
06-02 23:51:32.264 28820 28848 D RustNativeSupport: lib in use: none
06-02 23:51:32.264 28820 28848 D RustNativeSupport: lib configured: megazord
06-02 23:51:32.264 28820 28848 D RustNativeSupport: lib version configured: 0.59.0
06-02 23:51:32.264 28820 28848 D RustNativeSupport: settled on megazord
06-02 23:51:32.281 28820 28847 D libglean_ffi: glean_ffi: Android logging should be hooked up!
06-02 23:51:32.285 28820 28847 I glean/Glean: Registering pings for mozilla.telemetry.glean.GleanMetrics.Pings
06-02 23:51:32.289 28820 28847 I libglean_ffi: glean_core: Creating new Glean
06-02 23:51:32.289 28820 28847 D libglean_ffi: glean_core::database: Database path: "/data/user/0/org.mozilla.fennec_aurora/glean_data/db"
06-02 23:51:32.289 28820 28847 I libglean_ffi: glean_core::database: Database initialized
06-02 23:51:32.291 28820 28847 I libglean_ffi: glean_ffi: Glean initialized
06-02 23:51:32.293 28820 28848 D RustNativeSupport: findMegazordLibraryName(rustlog, 0.59.0
06-02 23:51:32.293 28820 28848 D RustNativeSupport: lib in use: none
06-02 23:51:32.293 28820 28848 D RustNativeSupport: lib configured: megazord
06-02 23:51:32.293 28820 28848 D RustNativeSupport: lib version configured: 0.59.0
06-02 23:51:32.293 28820 28848 D RustNativeSupport: settled on megazord
06-02 23:51:32.295 28820 28848 I rc_log_ffi::ios: rc_log adapter initialized!
06-02 23:51:32.298 28820 28820 D GeckoThread: State changed to LAUNCHED
06-02 23:51:32.299 28820 28852 I GeckoThread: preparing to run Gecko
06-02 23:51:32.309 28820 28820 D GeckoRuntime: Lifecycle: onCreate
06-02 23:51:32.310 28820 28852 D GeckoThread: State changed to MOZGLUE_READY
06-02 23:51:32.323 28820 28847 D glean/MetricsPingSched: The 'metrics' ping was last sent on Tue Jun 02 00:00:00 EDT 2020
06-02 23:51:32.324 28820 28847 I glean/MetricsPingSched: The 'metrics' ping was already sent today, Tue Jun 02 23:51:32 EDT 2020.
06-02 23:51:32.325 28820 28847 D glean/MetricsPingSched: Scheduling the 'metrics' ping in 14907704ms
06-02 23:51:32.328 28820 28847 D libglean_ffi: glean_core: Clearing Lifetime::Application metrics
06-02 23:51:32.329 28820 28852 W Settings: Setting animator_duration_scale has moved from android.provider.Settings.System to android.provider.Settings.Global, returning read-only global URI.
06-02 23:51:32.333 28820 28852 E GeckoLibLoad: Load sqlite start
06-02 23:51:32.336 28820 28820 I zygote  : Deoptimizing java.lang.Object androidx.collection.SimpleArrayMap.put(java.lang.Object, java.lang.Object) due to JIT inline cache
06-02 23:51:32.336 28820 28852 E GeckoLibLoad: Load sqlite done
06-02 23:51:32.337 28820 28852 E GeckoLibLoad: Load nss start
06-02 23:51:32.337 28820 28852 E GeckoLibLoad: Load nss done
06-02 23:51:32.350 28820 28820 D GleanMetricsService: Enabling Glean.
06-02 23:51:32.355 28820 28852 E GeckoLibLoad: Loaded libs in 18.038127ms total, 10ms(46ms) user, 6ms(3ms) system, 0(0) faults
06-02 23:51:32.355 28820 28852 D GeckoThread: State changed to LIBS_READY
06-02 23:51:32.357 28820 28820 I glean/Dispatchers: Task queued for execution and delayed until flushed
06-02 23:51:32.359 28820 28852 W GeckoThread: zerdatime 23684398432 - runGecko
06-02 23:51:32.360 28820 28852 D GeckoProfile: Loading profile at: null name: default
06-02 23:51:32.362 28820 28820 I AdjustMetricsService: No adjust token defined
06-02 23:51:32.363 28820 28852 D GeckoProfile: Found profile dir: /data/user/0/org.mozilla.fennec_aurora/files/mozilla/ms8lhhwg.default
06-02 23:51:32.364 28820 28820 D PushConfig: Creating push configuration for autopush.
06-02 23:51:32.374 28820 28820 I App     : AutoPushFeature is configured, initializing it...
06-02 23:51:32.375 28820 28859 D AutoPushFeature: Initializing native component with the cached token.
06-02 23:51:32.377 28820 28820 I AutoPushFeature: Checking validity of push subscriptions.
06-02 23:51:32.384 28820 28859 D RustNativeSupport: findMegazordLibraryName(push, 0.59.0
06-02 23:51:32.384 28820 28859 D RustNativeSupport: lib in use: none
06-02 23:51:32.385 28820 28859 D RustNativeSupport: lib configured: megazord
06-02 23:51:32.385 28820 28859 D RustNativeSupport: lib version configured: 0.59.0
06-02 23:51:32.385 28820 28859 D RustNativeSupport: settled on megazord
06-02 23:51:32.391 28820 28820 D FennecProfile: profiles.ini: true
06-02 23:51:32.392 28820 28847 I libglean_ffi: glean_core: Upload enabled: true
06-02 23:51:32.398 28820 28820 D FennecProfile: Ignoring line in [general] section: StartWithLastProfile=1
06-02 23:51:32.398 28820 28820 D FennecProfile: Found 1 profiles
06-02 23:51:32.398 28820 28820 D FennecProfile: Found default profile: FennecProfile(name=default, path=/data/user/0/org.mozilla.fennec_aurora/files/mozilla/ms8lhhwg.default, default=true)
06-02 23:51:32.413 28820 28820 D FennecMigrator: This is not a Fennec installation. No migration needed.
06-02 23:51:32.414 28820 28848 W [WARNING][Leanplum]: [com.leanplum.internal.ActionManager::getLocationManager::8]: Geofencing support requires leanplum-location module and Google Play Services v8.1 and higher.
06-02 23:51:32.414 28820 28848 W [WARNING][Leanplum]: Add this to your build.gradle file:
06-02 23:51:32.414 28820 28848 W [WARNING][Leanplum]: implementation 'com.google.android.gms:play-services-location:8.3.0+'
06-02 23:51:32.414 28820 28848 W [WARNING][Leanplum]: implementation 'com.leanplum:leanplum-location:+'
06-02 23:51:32.416 28820 28820 D SessionManager: onTrimMemory(10): clearThumbnails=true, closeEngineSessions=false
06-02 23:51:32.416 28820 28820 D SessionManager: Cleared 0 thumbnail(s) and unlinked 0 engine sessions(s)
06-02 23:51:32.432 28820 28848 I [INFO][Leanplum]: [com.leanplum.monitoring.ExceptionHandler::setContext::6]: LeanplumExceptionHandler could not initialize Exception Reporting.This is expected if you have not included the leanplum-monitoring module
06-02 23:51:32.445 28820 28852 I Gecko:DumpUtils: Fifo watcher disabled via pref.
06-02 23:51:32.452 28820 28873 I [INFO][Leanplum]: [com.leanplum.LeanplumFcmProvider::isManifestSetup::11]: Firebase Messaging is setup correctly.
06-02 23:51:32.464 28820 28820 D GeckoRuntime: Lifecycle: onStart
06-02 23:51:32.488 28820 28820 D GeckoRuntime: Lifecycle: onResume
06-02 23:51:32.490 28820 28820 D GeckoNetworkManager: Incoming event start for state OffNoListeners -> OnNoListeners
06-02 23:51:32.492 28820 28820 D GeckoNetworkManager: New network state: UP, WIFI, WIFI
06-02 23:51:32.501 28820 28852 D GeckoSysInfo: System memory: 1867MB.
06-02 23:51:32.501 28820 28871 D NetworkSecurityConfig: No Network Security Config specified, using platform default
06-02 23:51:32.505 28820 28852 D GeckoThread: State changed to JNI_READY
06-02 23:51:32.509 28820 28825 I zygote  : Do partial code cache collection, code=24KB, data=29KB
06-02 23:51:32.511 28820 28825 I zygote  : After code cache collection, code=21KB, data=28KB
06-02 23:51:32.511 28820 28825 I zygote  : Increasing code cache capacity to 128KB
06-02 23:51:32.522 28820 28898 D OpenGLRenderer: HWUI GL Pipeline
06-02 23:51:32.534  1456  4679 I ActivityManager: Start proc 28899:org.mozilla.fennec_aurora:tab0/u0a1370 for service org.mozilla.fennec_aurora/org.mozilla.gecko.process.GeckoChildProcessServices$tab0
06-02 23:51:32.537 28820 28886 D ServiceAllocator: org.mozilla.gecko.process.GeckoChildProcessServices$tab0 updateBindings: BACKGROUND priority, 0 importance, 2 successful binds, 0 failed binds, 0 successful unbinds, 0 failed unbinds
06-02 23:51:32.559 28820 28847 I libglean_ffi: glean_core::ping: Collecting baseline
06-02 23:51:32.564 28820 28847 D libglean_ffi: glean_core::ping: Storing ping '7eeecd44-6123-4503-82a6-35cf136c5aec' at '/data/user/0/org.mozilla.fennec_aurora/glean_data/pending_pings/7eeecd44-6123-4503-82a6-35cf136c5aec'
06-02 23:51:32.564 28820 28847 I libglean_ffi: glean_core: The ping 'baseline' was submitted and will be sent as soon as possible
06-02 23:51:32.615  1456  2402 D ConnectivityService: requestNetwork for uid/pid:11370/28820 NetworkRequest [ TRACK_DEFAULT id=58572, [ Capabilities: INTERNET&NOT_RESTRICTED&TRUSTED&NOT_VPN] ]
06-02 23:51:32.616  1456  2099 D Ethernet: got request NetworkRequest [ TRACK_DEFAULT id=58572, [ Capabilities: INTERNET&NOT_RESTRICTED&TRUSTED&NOT_VPN] ] with score 60
06-02 23:51:32.617  2398  2398 D PhoneSwitcherNetworkRequstListener: got request NetworkRequest [ TRACK_DEFAULT id=58572, [ Capabilities: INTERNET&NOT_RESTRICTED&TRUSTED&NOT_VPN] ] with score 60
06-02 23:51:32.618  1456  2054 D WIFI_UT : got request NetworkRequest [ TRACK_DEFAULT id=58572, [ Capabilities: INTERNET&NOT_RESTRICTED&TRUSTED&NOT_VPN] ] with score 60
06-02 23:51:32.618  1456  2054 D WIFI    : got request NetworkRequest [ TRACK_DEFAULT id=58572, [ Capabilities: INTERNET&NOT_RESTRICTED&TRUSTED&NOT_VPN] ] with score 60
06-02 23:51:32.646  1456  2402 I ActivityManager: START u0 {act=android.intent.action.VIEW dat=https://example.com/... typ=text/html cmp=org.mozilla.fennec_aurora/org.mozilla.fenix.HomeActivity (has extras)} from uid 11370
06-02 23:51:32.648 28899 28899 D GeckoThread: State changed to LAUNCHED
06-02 23:51:32.649 28899 28923 I GeckoThread: preparing to run Gecko
06-02 23:51:32.665 28820 28820 D GeckoNetworkManager: Incoming event receivedUpdate for state OnNoListeners -> OnNoListeners
06-02 23:51:32.666 28820 28820 D GeckoNetworkManager: New network state: UP, WIFI, WIFI
06-02 23:51:32.667  1456  1471 I WifiService: getDhcpInfo uid=11370
06-02 23:51:32.695 28820 28825 I zygote  : Do partial code cache collection, code=55KB, data=46KB
06-02 23:51:32.697 28820 28825 I zygote  : After code cache collection, code=47KB, data=42KB
06-02 23:51:32.698 28820 28825 I zygote  : Increasing code cache capacity to 256KB
06-02 23:51:32.719 28820 28898 I Adreno  : QUALCOMM build                   : bb5b86c, I77d3059488
06-02 23:51:32.719 28820 28898 I Adreno  : Build Date                       : 06/07/18
06-02 23:51:32.719 28820 28898 I Adreno  : OpenGL ES Shader Compiler Version: EV031.22.00.01_06
06-02 23:51:32.719 28820 28898 I Adreno  : Local Branch                     : 
06-02 23:51:32.719 28820 28898 I Adreno  : Remote Branch                    : refs/tags/AU_LINUX_ANDROID_LA.UM.6.5.R1.08.01.00.312.086
06-02 23:51:32.719 28820 28898 I Adreno  : Remote Branch                    : NONE
06-02 23:51:32.719 28820 28898 I Adreno  : Reconstruct Branch               : NOTHING
06-02 23:51:32.720 28820 28898 D vndksupport: Loading /vendor/lib/hw/gralloc.msm8937.so from current namespace instead of sphal namespace.
06-02 23:51:32.730 28820 28898 I Adreno  : PFP: 0x005ff087, ME: 0x005ff063
06-02 23:51:32.741 28820 28898 I zygote  : android::hardware::configstore::V1_0::ISurfaceFlingerConfigs::hasWideColorDisplay retrieved: 0
06-02 23:51:32.745 28820 28898 I OpenGLRenderer: Initialized EGL, version 1.4
06-02 23:51:32.745 28820 28898 D OpenGLRenderer: Swap behavior 2
06-02 23:51:32.791 28820 28929 D glean/PingUploadWorker: Processing persisted pings at /data/user/0/org.mozilla.fennec_aurora/glean_data/pending_pings
06-02 23:51:32.792 28820 28929 D glean/PingUploadWorker: Processing ping: 7eeecd44-6123-4503-82a6-35cf136c5aec
06-02 23:51:32.795 28820 28929 D glean/ConceptFetchHttpUploader: Submitting ping to: https://incoming.telemetry.mozilla.org/submit/org-mozilla-fennec-aurora/baseline/1/7eeecd44-6123-4503-82a6-35cf136c5aec
06-02 23:51:32.799  1456  1471 I WindowManager: Keep hide if surface has never drawn Window{2eef873 u0 org.mozilla.fennec_aurora/org.mozilla.fenix.IntentReceiverActivity}
06-02 23:51:32.801  1456  1471 I WindowManager: Failed to capture screenshot of Token{3cbb485 ActivityRecord{4a8f5fc u0 org.mozilla.fennec_aurora/org.mozilla.fenix.IntentReceiverActivity t78547 f}} appWin=Window{2eef873 u0 org.mozilla.fennec_aurora/org.mozilla.fenix.IntentReceiverActivity} drawState=1
06-02 23:51:32.814 28820 28820 I [INFO][Leanplum]: [com.leanplum.LeanplumCloudMessagingProvider::onRegistrationIdReceived::3]: Device registered for push notifications with registration token, daSvBObIp6Q:APA91bGJf1YwqdlbWP8IrPP4FYjcA4ZeAI3HlkXqzobcMuHQA0kZnk4mUUbvK_QxunOdUB5T5Uz2lDS2tUcDIGVxRWVA_EWqrB4l5KdTSWUQ6QcuEUji_HlyoYnGyg-EHPkwYnVwbVUk
06-02 23:51:32.823 28820 28820 D MigrationPushRenewer: Migration state: NONE
06-02 23:51:32.825 28820 28820 D MigrationTelemetryListener: Migration state: NONE
06-02 23:51:32.836  1456  1673 I LaunchCheckinHandler: Displayed org.mozilla.fennec_aurora/org.mozilla.fenix.IntentReceiverActivity,cp,ca,823
06-02 23:51:32.877 28820 28820 D PhoneWindow: Restoring navigation bar divider color to default value = 0x00000000
06-02 23:51:32.944 28820 28820 I NavController: Ignoring popBackStack to destination org.mozilla.fennec_aurora:id/browserFragment as it was not found on the current back stack
06-02 23:51:32.957 28820 28820 I zygote  : Deoptimizing java.lang.Object kotlin.coroutines.CombinedContext.fold(java.lang.Object, kotlin.jvm.functions.Function2) due to JIT inline cache
06-02 23:51:33.094 28820 28852 D GeckoThread: State changed to PROFILE_READY
06-02 23:51:33.197 28820 28852 D GeckoThread: State changed to RUNNING
06-02 23:51:33.215 28820 28852 I Gecko   : -*- nsDNSServiceDiscovery.js : nsDNSServiceDiscovery
06-02 23:51:33.217 28820 28820 I FirefoxAccountStateMachine: Enabling/updating sync with a new SyncConfig: SyncConfig(supportedEngines=[mozilla.components.service.fxa.SyncEngine$History@d0d0187, mozilla.components.service.fxa.SyncEngine$Bookmarks@a6af8b4, mozilla.components.service.fxa.SyncEngine$Passwords@68aecdd, mozilla.components.service.fxa.SyncEngine$Tabs@d406052], syncPeriodInMinutes=240)
06-02 23:51:33.221 28820 28820 I BgSyncManager: Periodic syncing enabled at a 240 interval
06-02 23:51:33.221 28820 28820 I FirefoxAccountStateMachine: Sync is enabled
06-02 23:51:33.231 28820 28936 I FirefoxAccountStateMachine: Processing event Event$Init for state Start. Next state is Start
06-02 23:51:33.251 28820 28863 D RustNativeSupport: findMegazordLibraryName(places, 0.59.0
06-02 23:51:33.251 28820 28863 D RustNativeSupport: lib in use: none
06-02 23:51:33.251 28820 28863 D RustNativeSupport: lib configured: megazord
06-02 23:51:33.251 28820 28863 D RustNativeSupport: lib version configured: 0.59.0
06-02 23:51:33.251 28820 28863 D RustNativeSupport: settled on megazord
06-02 23:51:33.256 28820 28863 D places_ffi: places_api_new
06-02 23:51:33.257 28820 28936 I FirefoxAccountStateMachine: Ran 'Event$Init' side-effects for state Start, got successive event Event$AccountNotFound
06-02 23:51:33.257 28820 28936 I FirefoxAccountStateMachine: Processing event Event$AccountNotFound for state Start. Next state is NotAuthenticated
06-02 23:51:33.274 28820 28936 D RustNativeSupport: findMegazordLibraryName(fxaclient, 0.59.0
06-02 23:51:33.274 28820 28936 D RustNativeSupport: lib in use: none
06-02 23:51:33.274 28820 28936 D RustNativeSupport: lib configured: megazord
06-02 23:51:33.274 28820 28936 D RustNativeSupport: lib version configured: 0.59.0
06-02 23:51:33.274 28820 28936 D RustNativeSupport: settled on megazord
06-02 23:51:33.277 28820 28936 D fxaclient_ffi: fxa_new
06-02 23:51:33.299 28820 28863 D sql_support::conn_ext: Transaction commited after 29.425888ms
06-02 23:51:33.300 28820 28863 D places_ffi: places_connection_new
06-02 23:51:33.303 28820 28863 D places_ffi: places_connection_new
06-02 23:51:33.324 28820 28863 D places_ffi: bookmarks_get_all_with_url
06-02 23:51:33.343 28820 28820 W GeckoEventDispatcher: No listener for GeckoView:AccessibilityEnabled
06-02 23:51:33.361 28820 28948 I Gecko   : [GFX1-]: Failed to create EGLContext!: 0x300c
06-02 23:51:33.384 28820 28820 D GeckoNetworkManager: Incoming event enableNotifications for state OnNoListeners -> OnWithListeners
06-02 23:51:33.385 28820 28820 D GeckoNetworkManager: New network state: UP, WIFI, WIFI
06-02 23:51:33.389 28820 28825 I zygote  : Do full code cache collection, code=120KB, data=95KB
06-02 23:51:33.391 28820 28825 I zygote  : After code cache collection, code=85KB, data=52KB
06-02 23:51:33.411 28820 28936 W FirefoxAccountStateMachine: Got invalid event Event$Init for state NotAuthenticated.
06-02 23:51:33.421 28820 28852 W ResourceType: Too many attribute references, stopped at: 0x01010099
06-02 23:51:33.431 28820 28941 W LOTTIE  : Animation contains merge paths. Merge paths are only supported on KitKat+ and must be manually enabled by calling enableMergePathsForKitKatAndAbove().
06-02 23:51:33.535  1456  2402 I ActivityManager: Displayed org.mozilla.fennec_aurora/org.mozilla.fenix.HomeActivity: +743ms (total +1s522ms)
06-02 23:51:33.535  1456  2402 I ActivityManager: Fully drawn org.mozilla.fennec_aurora/org.mozilla.fenix.HomeActivity: +743ms (total +1s522ms)
06-02 23:51:33.564 28820 28820 D GeckoNetworkManager: Incoming event receivedUpdate for state OnWithListeners -> OnWithListeners
06-02 23:51:33.565 28820 28820 D GeckoNetworkManager: New network state: UP, WIFI, WIFI
06-02 23:51:33.593 28820 28898 D vndksupport: Loading /vendor/lib/hw/android.hardware.graphics.mapper@2.0-impl.so from current namespace instead of sphal namespace.
06-02 23:51:33.594 28820 28898 D vndksupport: Loading /vendor/lib/hw/gralloc.msm8937.so from current namespace instead of sphal namespace.
06-02 23:51:33.626 28820 28820 W LOTTIE  : Animation contains merge paths but they are disabled.
06-02 23:51:33.680 28820 28852 W GeckoEventDispatcher: No listener for GeckoView:AccessibilityEnabled
06-02 23:51:33.697 28820 28852 W ResourceType: Too many attribute references, stopped at: 0x01010099
06-02 23:51:33.751  4734  4734 I MemoryTrimmer: Trimming objects from memory, since app is in the background.
06-02 23:51:33.761  4734  4734 I MemoryTrimmer: Trimming objects from memory, since app is in the background.
06-02 23:51:33.765  4734  6128 I PBSessionCacheImpl: Deleted sessionId[20821943338614665] from persistence.
06-02 23:51:33.779  1456  7570 I WifiService: getWifiEnabledState uid=10073
06-02 23:51:33.794  4734  4784 W SearchServiceCore: Abort, client detached.
06-02 23:51:33.812 28820 28825 I zygote  : Do partial code cache collection, code=118KB, data=88KB
06-02 23:51:33.813 28820 28825 I zygote  : After code cache collection, code=118KB, data=88KB
06-02 23:51:33.813 28820 28825 I zygote  : Increasing code cache capacity to 512KB
06-02 23:51:33.886 28820 28886 D ServiceAllocator: org.mozilla.gecko.process.GeckoChildProcessServices$tab0 updateBindings: FOREGROUND priority, 0 importance, 1 successful binds, 0 failed binds, 0 successful unbinds, 0 failed unbinds
06-02 23:51:33.897 28899 28923 D GeckoThread: State changed to MOZGLUE_READY
06-02 23:51:33.902 28820 28886 D ServiceAllocator: org.mozilla.gecko.process.GeckoChildProcessServices$tab0 updateBindings: FOREGROUND priority, 2 importance, 0 successful binds, 0 failed binds, 0 successful unbinds, 0 failed unbinds
06-02 23:51:33.904 28899 28923 W Settings: Setting animator_duration_scale has moved from android.provider.Settings.System to android.provider.Settings.Global, returning read-only global URI.
06-02 23:51:33.909 28899 28923 E GeckoLibLoad: Load sqlite start
06-02 23:51:33.911 28899 28923 E GeckoLibLoad: Load sqlite done
06-02 23:51:33.911 28899 28923 E GeckoLibLoad: Load nss start
06-02 23:51:33.911 28899 28923 E GeckoLibLoad: Load nss done
06-02 23:51:33.919 28820 28852 I GeckoSession: zerdatime 23684399993 - chrome startup finished
06-02 23:51:33.931 28899 28923 E GeckoLibLoad: Loaded libs in 19.194637ms total, 6ms(6ms) user, 9ms(10ms) system, 0(0) faults
06-02 23:51:33.931 28899 28923 D GeckoThread: State changed to LIBS_READY
06-02 23:51:33.931 28899 28923 W GeckoThread: zerdatime 23684400004 - runGecko
06-02 23:51:34.012 28820 28929 D glean/ConceptFetchHttpUploader: Ping successfully sent (200)
06-02 23:51:34.013 28820 28929 D glean/PingUploadWorker: 7eeecd44-6123-4503-82a6-35cf136c5aec was deleted: true
06-02 23:51:34.017 28820 28844 I WM-WorkerWrapper: Worker result SUCCESS for Work [ id=0438259e-906a-4e3b-ab25-c159870c1080, tags={ mozilla.telemetry.glean.scheduler.PingUploadWorker, mozac_service_glean_ping_upload_worker } ]
06-02 23:51:34.018 28820 28866 D places_ffi: places_connection_new
06-02 23:51:34.025  1456  2067 D ConnectivityService: releasing NetworkRequest [ TRACK_DEFAULT id=58572, [ Capabilities: INTERNET&NOT_RESTRICTED&TRUSTED&NOT_VPN] ] (release request)
06-02 23:51:34.043 28820 28866 D places_ffi: places_note_observation
06-02 23:51:34.081 28820 28866 D sql_support::conn_ext: Transaction commited after 37.661566ms
06-02 23:51:34.086 28820 28848 D places_ffi: places_note_observation
06-02 23:51:34.098 28899 28923 D GeckoThread: State changed to RUNNING
06-02 23:51:34.118 28820 28848 D sql_support::conn_ext: Transaction commited after 31.562086ms
06-02 23:51:34.142 28899 28923 W ResourceType: Too many attribute references, stopped at: 0x01010099
06-02 23:51:34.179 28820 28852 D GeckoScreenOrientation: unlocking
06-02 23:51:34.217 28820 28820 D GeckoSession: handleMessage GeckoView:PageStart uri=about:blank
06-02 23:51:34.250 28899 28899 D GeckoNetworkManager: Incoming event enableNotifications for state OffNoListeners -> OffWithListeners
06-02 23:51:34.252 28820 28820 D GeckoSession: handleMessage GeckoView:LocationChange uri=about:blank
06-02 23:51:34.252 28899 28899 D GeckoNetworkManager: New network state: UP, WIFI, WIFI
06-02 23:51:34.261 28820 28820 D GeckoSession: handleMessage GeckoView:PageStop uri=null
06-02 23:51:34.270 28820 28820 I SessionStorage/AutoSave: Save: Load finished
06-02 23:51:34.273 28820 28848 D SessionStorage/AutoSave: Delaying save (511ms)
06-02 23:51:34.291 28820 28820 I zygote  : Deoptimizing void kotlin.sequences.FilteringSequence$iterator$1.calcNext() due to JIT inline cache
