07-06 20:48:21.500  2512  2512 I zygote  :   at android.app.Application android.app.Instrumentation.newApplication(java.lang.ClassLoader, java.lang.String, android.content.Context) (Instrumentation.java:1109)
07-06 20:48:21.500  2512  2512 I zygote  :   at android.app.Application android.app.LoadedApk.makeApplication(boolean, android.app.Instrumentation) (LoadedApk.java:992)
07-06 20:48:21.500  2512  2512 I zygote  :   at void android.app.ActivityThread.handleBindApplication(android.app.ActivityThread$AppBindData) (ActivityThread.java:5829)
07-06 20:48:21.500  2512  2512 I zygote  :   at void android.app.ActivityThread.-wrap1(android.app.ActivityThread, android.app.ActivityThread$AppBindData) (ActivityThread.java:-1)
07-06 20:48:21.500  2512  2512 I zygote  :   at void android.app.ActivityThread$H.handleMessage(android.os.Message) (ActivityThread.java:1697)
07-06 20:48:21.500  2512  2512 I zygote  :   at void android.os.Handler.dispatchMessage(android.os.Message) (Handler.java:106)
07-06 20:48:21.500  2512  2512 I zygote  :   at void android.os.Looper.loop() (Looper.java:164)
07-06 20:48:21.500  2512  2512 I zygote  :   at void android.app.ActivityThread.main(java.lang.String[]) (ActivityThread.java:6626)
07-06 20:48:21.500  2512  2512 I zygote  :   at java.lang.Object java.lang.reflect.Method.invoke(java.lang.Object, java.lang.Object[]) (Method.java:-2)
07-06 20:48:21.500  2512  2512 I zygote  :   at void com.android.internal.os.RuntimeInit$MethodAndArgsCaller.run() (RuntimeInit.java:438)
07-06 20:48:21.500  2512  2512 I zygote  :   at void com.android.internal.os.ZygoteInit.main(java.lang.String[]) (ZygoteInit.java:811)
07-06 20:48:21.500  2512  2512 I zygote  : 
07-06 20:48:21.501  2395  2545 I CarrierServices: [44457] blj.a: BindingManager: onRcsAvailabilityUpdated = DISABLED_VIA_GSERVICES
07-06 20:48:21.501  2512  2512 I zygote  : Rejecting re-init on previously-failed class java.lang.Class<esl>: java.lang.NoClassDefFoundError: Failed resolution of: Landroid/os/StrictMode$OnThreadViolationListener;
07-06 20:48:21.501  2512  2512 I zygote  :   at java.lang.Object java.lang.Class.newInstance() (Class.java:-2)
07-06 20:48:21.501  2512  2512 I zygote  :   at android.app.Application android.app.Instrumentation.newApplication(java.lang.Class, android.content.Context) (Instrumentation.java:1124)
07-06 20:48:21.501  2512  2512 I zygote  :   at android.app.Application android.app.Instrumentation.newApplication(java.lang.ClassLoader, java.lang.String, android.content.Context) (Instrumentation.java:1109)
07-06 20:48:21.501  2512  2512 I zygote  :   at android.app.Application android.app.LoadedApk.makeApplication(boolean, android.app.Instrumentation) (LoadedApk.java:992)
07-06 20:48:21.501  2512  2512 I zygote  :   at void android.app.ActivityThread.handleBindApplication(android.app.ActivityThread$AppBindData) (ActivityThread.java:5829)
07-06 20:48:21.501  2512  2512 I zygote  :   at void android.app.ActivityThread.-wrap1(android.app.ActivityThread, android.app.ActivityThread$AppBindData) (ActivityThread.java:-1)
07-06 20:48:21.501  2512  2512 I zygote  :   at void android.app.ActivityThread$H.handleMessage(android.os.Message) (ActivityThread.java:1697)
07-06 20:48:21.501  2512  2512 I zygote  :   at void android.os.Handler.dispatchMessage(android.os.Message) (Handler.java:106)
07-06 20:48:21.501  2512  2512 I zygote  :   at void android.os.Looper.loop() (Looper.java:164)
07-06 20:48:21.501  2512  2512 I zygote  :   at void android.app.ActivityThread.main(java.lang.String[]) (ActivityThread.java:6626)
07-06 20:48:21.501  2512  2512 I zygote  :   at java.lang.Object java.lang.reflect.Method.invoke(java.lang.Object, java.lang.Object[]) (Method.java:-2)
07-06 20:48:21.501  2512  2512 I zygote  :   at void com.android.internal.os.RuntimeInit$MethodAndArgsCaller.run() (RuntimeInit.java:438)
07-06 20:48:21.501  2512  2512 I zygote  :   at void com.android.internal.os.ZygoteInit.main(java.lang.String[]) (ZygoteInit.java:811)
07-06 20:48:21.501  2512  2512 I zygote  : Caused by: java.lang.ClassNotFoundException: Didn't find class "android.os.StrictMode$OnThreadViolationListener" on path: DexPathList[[zip file "/data/app/com.google.android.apps.messaging-OlMlea9j6yvHydxO5KC27Q==/base.apk", zip file "/data/app/com.google.android.apps.messaging-OlMlea9j6yvHydxO5KC27Q==/split_config.armeabi_v7a.apk", zip file "/data/app/com.google.android.apps.messaging-OlMlea9j6yvHydxO5KC27Q==/split_config.en.apk", zip file "/data/app/com.google.android.apps.messaging-OlMlea9j6yvHydxO5KC27Q==/split_config.xxhdpi.apk"],nativeLibraryDirectories=[/data/app/com.google.android.apps.messaging-OlMlea9j6yvHydxO5KC27Q==/lib/arm, /data/app/com.google.android.apps.messaging-OlMlea9j6yvHydxO5KC27Q==/base.apk!/lib/armeabi-v7a, /data/app/com.google.android.apps.messaging-OlMlea9j6yvHydxO5KC27Q==/split_config.armeabi_v7a.apk!/lib/armeabi-v7a, /data/app/com.google.android.apps.messaging-OlMlea9j6yvHydxO5KC27Q==/split_config.en.apk!/lib/armeabi-v7a, /data/app/com.google.android.apps.messaging-OlMlea9j6yvHydx
07-06 20:48:21.501  2512  2512 I zygote  :   at java.lang.Class dalvik.system.BaseDexClassLoader.findClass(java.lang.String) (BaseDexClassLoader.java:125)
07-06 20:48:21.501  2512  2512 I zygote  :   at java.lang.Class java.lang.ClassLoader.loadClass(java.lang.String, boolean) (ClassLoader.java:379)
07-06 20:48:21.501  2512  2512 I zygote  :   at java.lang.Class java.lang.ClassLoader.loadClass(java.lang.String) (ClassLoader.java:312)
07-06 20:48:21.501  2512  2512 I zygote  :   at java.lang.Object java.lang.Class.newInstance() (Class.java:-2)
07-06 20:48:21.501  2512  2512 I zygote  :   at android.app.Application android.app.Instrumentation.newApplication(java.lang.Class, android.content.Context) (Instrumentation.java:1124)
07-06 20:48:21.501  2512  2512 I zygote  :   at android.app.Application android.app.Instrumentation.newApplication(java.lang.ClassLoader, java.lang.String, android.content.Context) (Instrumentation.java:1109)
07-06 20:48:21.501  2512  2512 I zygote  :   at android.app.Application android.app.LoadedApk.makeApplication(boolean, android.app.Instrumentation) (LoadedApk.java:992)
07-06 20:48:21.501  2512  2512 I zygote  :   at void android.app.ActivityThread.handleBindApplication(android.app.ActivityThread$AppBindData) (ActivityThread.java:5829)
07-06 20:48:21.501  2512  2512 I zygote  :   at void android.app.ActivityThread.-wrap1(android.app.ActivityThread, android.app.ActivityThread$AppBindData) (ActivityThread.java:-1)
07-06 20:48:21.501  2512  2512 I zygote  :   at void android.app.ActivityThread$H.handleMessage(android.os.Message) (ActivityThread.java:1697)
07-06 20:48:21.501  2512  2512 I zygote  :   at void android.os.Handler.dispatchMessage(android.os.Message) (Handler.java:106)
07-06 20:48:21.501  2512  2512 I zygote  :   at void android.os.Looper.loop() (Looper.java:164)
07-06 20:48:21.501  2512  2512 I zygote  :   at void android.app.ActivityThread.main(java.lang.String[]) (ActivityThread.java:6626)
07-06 20:48:21.501  2512  2512 I zygote  :   at java.lang.Object java.lang.reflect.Method.invoke(java.lang.Object, java.lang.Object[]) (Method.java:-2)
07-06 20:48:21.501  2512  2512 I zygote  :   at void com.android.internal.os.RuntimeInit$MethodAndArgsCaller.run() (RuntimeInit.java:438)
07-06 20:48:21.501  2512  2512 I zygote  :   at void com.android.internal.os.ZygoteInit.main(java.lang.String[]) (ZygoteInit.java:811)
07-06 20:48:21.501  2512  2512 I zygote  : 
07-06 20:48:21.506  2395  2395 I CarrierServices: [2] dlf.onReceive: Received SERVICE_STATE intent, clearing cached cell info
07-06 20:48:21.508  2512  2512 I MultiDex: VM with version 2.1.0 has multidex support
07-06 20:48:21.508  2512  2512 I MultiDex: install
07-06 20:48:21.508  2512  2512 I MultiDex: VM has multidex support, MultiDex support library is disabled.
07-06 20:48:21.508  2512  2512 I MultiDex: install
07-06 20:48:21.508  2512  2512 I MultiDex: VM has multidex support, MultiDex support library is disabled.
07-06 20:48:21.509  2395  2545 I CarrierServices: [44457] cxj.a: RcsAvailabilityManager: Updating Rcs Availability to DISABLED_VIA_GSERVICES (RCS is disabled for this carrier by Google), sim id changed: true
07-06 20:48:21.509  2395  2545 W CarrierServices: [44457] dan.b: No config URL source available.
07-06 20:48:21.509  2395  2545 W CarrierServices: [44457] dan.a: No config URL. RCS will be disabled!
07-06 20:48:21.510  2395  2395 I CarrierServices: [2] dlg.a: SIM state is ABSENT, invalidate current configuration and write invalidated configuration to the file
07-06 20:48:21.510  2395  2565 W CarrierServices: [44468] dan.a: No config URL. RCS will be disabled!
07-06 20:48:21.511  2395  2568 I CarrierServices: [44470] dkq.a: SIM delay is not enabled
07-06 20:48:21.512  2395  2545 I CarrierServices: [44457] ctn.a: Sending ProvisioningEvent to Bugle [Availability updated (12)], hashed-pii:[[2DMq0fRCp0xuzgll_zUK-PwERfn2aAlLN8AZYliS8wQ]]
07-06 20:48:21.512  2395  2568 W CarrierServices: [44470] dkm.c: process intent: android.intent.action.SIM_STATE_CHANGED
07-06 20:48:21.513  2395  2395 I Bugle   : TelephonyManagerFactory: Returning per-subscription TelephonyManager (>= N) subscription{id:2147483647}
07-06 20:48:21.514  2395  2395 W Bugle   : SubscriptionUtilsAsOfM: Missing permissions, returning empty subscriber id
07-06 20:48:21.515  2395  2545 I CarrierServices: [44457] cxj.a: Sending ProvisioningEvent Internal [Availability updated (12)], hashed-pii:[[2DMq0fRCp0xuzgll_zUK-PwERfn2aAlLN8AZYliS8wQ]]
07-06 20:48:21.516  2512  2512 W ResourceType: For resource 0x7f130384, entry index(900) is beyond type entryCount(678)
07-06 20:48:21.517  2512  2512 W ResourceType: For resource 0x7f130383, entry index(899) is beyond type entryCount(678)
07-06 20:48:21.517  2512  2512 W ResourceType: For resource 0x7f13036f, entry index(879) is beyond type entryCount(678)
07-06 20:48:21.517  2395  2509 I WebRtcAudioManagerExternal: [000:000] [2509] Sample rate is set to 48000 Hz
07-06 20:48:21.517  2395  2545 I CarrierServices: [44457] cwi.a: (PEv2-SM): transitionViaMessage, srcState=EnabledState, destState = DisabledState
07-06 20:48:21.518  2395  2509 I WebRtcAudioManagerExternal: [000:001] [2509] Sample rate is set to 48000 Hz
07-06 20:48:21.518  2395  2509 I JavaAudioDeviceModule: [000:001] [2509] createAudioDeviceModule
07-06 20:48:21.518  2395  2545 I CarrierServices: [44457] ctn.a: Sending ProvisioningEvent to Bugle [Update provisioning status (11)], hashed-pii:[[GMDojRANsNoJczCe71l0C7N33u384-RIXgkJthBPyUA]]
07-06 20:48:21.518  2395  2509 I JavaAudioDeviceModule: [000:001] [2509] HW NS will be used.
07-06 20:48:21.518  2395  2509 I JavaAudioDeviceModule: [000:001] [2509] HW AEC will be used.
07-06 20:48:21.518  2395  2509 I WebRtcAudioEffectsExternal: [000:001] [2509] ctor@[name=webrtc-thread, id=44452]
07-06 20:48:21.518  2395  2509 I WebRtcAudioRecordExternal: [000:001] [2509] ctor@[name=webrtc-thread, id=44452]
07-06 20:48:21.518  2395  2509 I WebRtcAudioTrackExternal: [000:001] [2509] ctor@[name=webrtc-thread, id=44452]
07-06 20:48:21.519  2395  2468 I CarrierServices: [44440] dkm.f: Processing an intent
07-06 20:48:21.521  2512  2512 W ResourceType: For resource 0x7f130377, entry index(887) is beyond type entryCount(678)
07-06 20:48:21.521  2395  2445 I CarrierServices: [44435] dkq.a: SIM delay is not enabled
07-06 20:48:21.521  2512  2512 W ResourceType: For resource 0x7f13038a, entry index(906) is beyond type entryCount(678)
07-06 20:48:21.521  2395  2545 I CarrierServices: [44457] cwi.a: (PEv2-SM): EnabledState: Transition to disabled
07-06 20:48:21.521  2395  2445 W CarrierServices: [44435] dkm.c: process intent: android.intent.action.SIM_STATE_CHANGED
07-06 20:48:21.521  2512  2512 W ResourceType: For resource 0x7f1305b2, entry index(1458) is beyond type entryCount(678)
07-06 20:48:21.522  2395  2545 I CarrierServices: [44457] cwy.a: (PEv2-SM): transitionTo: destState=DisabledState
07-06 20:48:21.522  2395  2545 I CarrierServices: [44457] cwy.a: (PEv2-SM): onTransitionRequested EnabledState
07-06 20:48:21.522  2395  2395 I CarrierServices: [2] dmh.a: Handling SIM removed
07-06 20:48:21.522  2395  2545 I CarrierServices: [44457] cwi.b: (PEv2-SM): Exit EnabledState
07-06 20:48:21.522  2395  2545 I CarrierServices: [44457] cwi.a: (PEv2-SM): Enter DisabledState
07-06 20:48:21.522  2395  2468 I CarrierServices: [44440] dkm.a: Ignoring duplicate SIM state: ABSENT
07-06 20:48:21.523  2395  2569 W CarrierServices: [44471] dan.a: No config URL. RCS will be disabled!
07-06 20:48:21.525  2395  2565 W CarrierServices: [44468] dan.a: No config URL. RCS will be disabled!
07-06 20:48:21.525  2395  2545 I CarrierServices: [44457] dbf.a: Provisioning state change [STATE_UNKNOWN -> CONFIGURATION UPDATED SUCCESSFULLY]
07-06 20:48:21.527  2395  2545 I CarrierServices: [44457] ctn.a: Sending ProvisioningEvent to Bugle [Update provisioning status (11)], hashed-pii:[[I_RX4awbE69dTpdZElF5ageNbCU5kW5cXzLTa2Lce-E]]
07-06 20:48:21.528  2395  2468 I CarrierServices: [44440] dkm.f: Processing an intent
07-06 20:48:21.528  2395  2562 I CarrierServices: [44465] czd.d: RCS Configuration storage in Bugle is disabled by p/h flag, using ProvisioningEngineStateCacheUtil.getProvisioningConfigurationForGivenSim()
07-06 20:48:21.529  2395  2509 I audio_record_jni.cc: [000:012] [2509] (line 71): ctor
07-06 20:48:21.529  2395  2509 I audio_track_jni.cc: [000:013] [2509] (line 46): ctor
07-06 20:48:21.530  2395  2509 I audio_device_module.cc: [000:013] [2509] (line 658): CreateAudioDeviceModuleFromInputAndOutput
07-06 20:48:21.530  2395  2468 I CarrierServices: [44440] dkm.a: Ignoring duplicate SIM state: ABSENT
07-06 20:48:21.530  2395  2509 I audio_device_module.cc: [000:013] [2509] (line 73): AndroidAudioDeviceModule
07-06 20:48:21.531  2395  2509 I default_audio_processing_jni.cc: [000:014] [2509] (line 65): APM: Capture post-processing: None.
07-06 20:48:21.531  2395  2509 I default_audio_processing_jni.cc: [000:014] [2509] (line 77): APM: Render pre-processing: None.
07-06 20:48:21.531  2395  2509 I default_audio_processing_jni.cc: [000:014] [2509] (line 88): APM: Echo controller: None.
07-06 20:48:21.532  2395  2509 I default_audio_processing_jni.cc: [000:014] [2509] (line 98): APM: Echo detector v2: None.
07-06 20:48:21.532  2395  2395 E CarrierServices: [2] dmh.c: onSimRemoved: not using a test number at the moment
07-06 20:48:21.534  2395  2395 I CarrierServices: [2] dmh.c: onSimRemoved: isSimLoaded: [false]
07-06 20:48:21.535  2395  2395 I CarrierServices: [2] RcsEngine.onSimRemoved: SIM has been removed.
07-06 20:48:21.535  2395  2509 I audio_processing_impl.cc: [000:018] [2509] (line 271): Injected APM submodules:
07-06 20:48:21.535  2395  2509 I audio_processing_impl.cc: Echo control factory: 0
07-06 20:48:21.535  2395  2509 I audio_processing_impl.cc: Echo detector: 0
07-06 20:48:21.535  2395  2509 I audio_processing_impl.cc: Capture analyzer: 0
07-06 20:48:21.535  2395  2509 I audio_processing_impl.cc: Capture post processor: 0
07-06 20:48:21.535  2395  2509 I audio_processing_impl.cc: Render pre processor: 0
07-06 20:48:21.536  2395  2562 I CarrierServices: [44465] cxj.a: RcsAvailabilityManager: Calculating Rcs Availability
07-06 20:48:21.536  2395  2509 I default_audio_processing_jni.cc: [000:019] [2509] (line 121): APM: Adaptive Gain Controller 2: None.
07-06 20:48:21.536  2395  2562 I CarrierServices: [44465] czd.b: Bugle ContentProvider is disabled by p/h flag, using ProvisioningEngineStateCacheUtil.getBugleHasRequiredPermission()
07-06 20:48:21.536  2395  2562 I CarrierServices: [44465] czd.b: Bugle has minimum required RCS permissions: true
07-06 20:48:21.542  2395  2395 W CarrierServices: [2] daz.b: ProvisioningEngineMetricsStorage, the wrapper class for proto data store, is null
07-06 20:48:21.547  2395  2562 W CarrierServices: [44465] dan.a: No config URL. RCS will be disabled!
07-06 20:48:21.547  2395  2506 I CarrierServices: [44449] dja.a: Received Provisioning Event: [Availability updated (12)]
07-06 20:48:21.547  2395  2564 W CarrierServices: [44467] dan.a: No config URL. RCS will be disabled!
07-06 20:48:21.550  2395  2562 I CarrierServices: [44465] blj.onCsLibPhenotypeUpdated: BindingManager: binding and reset P/H Flag stay same
07-06 20:48:21.550  2395  2506 I CarrierServices: [44449] dja.a: JibeService is running, passing event to provisioning engine.
07-06 20:48:21.552  2395  2562 I CarrierServices: [44465] cxj.a: RcsAvailabilityManager: Rcs Availability still DISABLED_VIA_GSERVICES (RCS is disabled for this carrier by Google)
07-06 20:48:21.554  2395  2506 I CarrierServices: [44449] cun.a: Handling Provisioning Event: [Availability updated (12)]
07-06 20:48:21.554  2395  2562 I CarrierServices: [44465] ctn.a: Sending ProvisioningEvent to Bugle [Request Bugle information (15)], no extra data
07-06 20:48:21.555  2512  2512 W ResourceType: For resource 0x7f130384, entry index(900) is beyond type entryCount(678)
07-06 20:48:21.556  2512  2512 I FirebaseInitProvider: FirebaseApp initialization successful
07-06 20:48:21.556  2512  2589 I DynamiteModule: Considering local module com.google.android.gms.measurement.dynamite:13 and remote module com.google.android.gms.measurement.dynamite:0
07-06 20:48:21.556  2512  2589 I DynamiteModule: Selected local version of com.google.android.gms.measurement.dynamite
07-06 20:48:21.557  2395  2545 I CarrierServices: [44457] cwy.a: (PEv2-SM): DisabledState: event SIM event
07-06 20:48:21.562  2395  2545 I CarrierServices: [44457] cwy.a: (PEv2-SM): DisabledState: event Availability updated
07-06 20:48:21.562  2395  2579 I CarrierServices: [44474] czd.d: RCS Configuration storage in Bugle is disabled by p/h flag, using ProvisioningEngineStateCacheUtil.getProvisioningConfigurationForGivenSim()
07-06 20:48:21.562  2395  2545 I CarrierServices: [44457] cxj.a: RcsAvailabilityManager: Calculating Rcs Availability
07-06 20:48:21.564  2395  2579 W CarrierServices: [44474] dan.a: No config URL. RCS will be disabled!
07-06 20:48:21.565  2395  2545 I CarrierServices: [44457] czd.b: Bugle ContentProvider is disabled by p/h flag, using ProvisioningEngineStateCacheUtil.getBugleHasRequiredPermission()
07-06 20:48:21.566  2395  2545 I CarrierServices: [44457] czd.b: Bugle has minimum required RCS permissions: true
07-06 20:48:21.568  2395  2545 W CarrierServices: [44457] dan.a: No config URL. RCS will be disabled!
07-06 20:48:21.568  2512  2589 W zygote  : Unsupported class loader
07-06 20:48:21.570  2512  2589 W zygote  : Skipping duplicate class check due to unsupported classloader
07-06 20:48:21.575  2395  2545 I CarrierServices: [44457] blj.onCsLibPhenotypeUpdated: BindingManager: binding and reset P/H Flag stay same
07-06 20:48:21.575  2395  2509 I webrtc_voice_engine.cc: [000:058] [2509] (line 206): WebRtcVoiceEngine::WebRtcVoiceEngine
07-06 20:48:21.575  2395  2509 I webrtc_video_engine.cc: [000:059] [2509] (line 552): WebRtcVideoEngine::WebRtcVideoEngine()
07-06 20:48:21.576  2395  2545 I CarrierServices: [44457] cxj.a: RcsAvailabilityManager: Rcs Availability still DISABLED_VIA_GSERVICES (RCS is disabled for this carrier by Google)
07-06 20:48:21.577  2395  2588 I webrtc_voice_engine.cc: [000:060] [2588] (line 228): WebRtcVoiceEngine::Init
07-06 20:48:21.578  2395  2588 I audio_device_module.cc: [000:061] [2588] (line 92): Init
07-06 20:48:21.578  2395  2588 I audio_device_buffer.cc: [000:061] [2588] (line 65): AudioDeviceBuffer::ctor
07-06 20:48:21.578  2395  2588 I audio_device_module.cc: [000:061] [2588] (line 594): AttachAudioBuffer
07-06 20:48:21.578  2395  2588 I audio_track_jni.cc: [000:061] [2588] (line 186): AttachAudioBuffer
07-06 20:48:21.578  2395  2588 I audio_track_jni.cc: [000:061] [2588] (line 190): SetPlayoutSampleRate(48000)
07-06 20:48:21.578  2395  2588 I audio_device_buffer.cc: [000:061] [2588] (line 187): SetPlayoutSampleRate(48000)
07-06 20:48:21.578  2395  2588 I audio_track_jni.cc: [000:061] [2588] (line 193): SetPlayoutChannels(1)
07-06 20:48:21.578  2395  2588 I audio_device_buffer.cc: [000:061] [2588] (line 207): SetPlayoutChannels(1)
07-06 20:48:21.578  2395  2588 I audio_record_jni.cc: [000:061] [2588] (line 191): AttachAudioBuffer
07-06 20:48:21.578  2395  2588 I audio_record_jni.cc: [000:061] [2588] (line 195): SetRecordingSampleRate(48000)
07-06 20:48:21.578  2395  2588 I audio_device_buffer.cc: [000:061] [2588] (line 181): SetRecordingSampleRate(48000)
07-06 20:48:21.578  2395  2588 I audio_record_jni.cc: [000:061] [2588] (line 198): SetRecordingChannels(1)
07-06 20:48:21.578  2395  2588 I audio_device_buffer.cc: [000:062] [2588] (line 201): SetRecordingChannels(1)
07-06 20:48:21.578  2395  2588 I audio_track_jni.cc: [000:062] [2588] (line 63): Init
07-06 20:48:21.579  2395  2588 I audio_record_jni.cc: [000:062] [2588] (line 88): Init
07-06 20:48:21.579  2395  2588 I audio_device_module.cc: [000:062] [2588] (line 168): SetPlayoutDevice(0)
07-06 20:48:21.579  2395  2588 I audio_device_module.cc: [000:062] [2588] (line 321): InitSpeaker
07-06 20:48:21.579  2395  2588 I audio_device_module.cc: [000:062] [2588] (line 458): StereoPlayoutIsAvailable
07-06 20:48:21.579  2395  2588 I audio_device_module.cc: [000:062] [2588] (line 460): output: 0
07-06 20:48:21.579  2395  2588 I audio_device_module.cc: [000:062] [2588] (line 465): SetStereoPlayout(0)
07-06 20:48:21.579  2395  2588 I audio_device_module.cc: [000:062] [2588] (line 181): SetRecordingDevice(0)
07-06 20:48:21.579  2395  2588 I audio_device_module.cc: [000:062] [2588] (line 331): InitMicrophone
07-06 20:48:21.579  2395  2588 I audio_device_module.cc: [000:062] [2588] (line 485): StereoRecordingIsAvailable
07-06 20:48:21.579  2395  2588 I audio_device_module.cc: [000:062] [2588] (line 487): output: 0
07-06 20:48:21.579  2395  2588 I audio_device_module.cc: [000:062] [2588] (line 492): SetStereoRecording(0)
07-06 20:48:21.579  2395  2588 I audio_device_module.cc: [000:062] [2588] (line 87): RegisterAudioCallback
07-06 20:48:21.579  2395  2588 I audio_device_buffer.cc: [000:062] [2588] (line 82): RegisterAudioCallback
07-06 20:48:21.579  2395  2588 I webrtc_voice_engine.cc: [000:062] [2588] (line 315): WebRtcVoiceEngine::ApplyOptions: AudioOptions {aec: 1, agc: 1, ns: 1, hf: 1, swap: 0, audio_jitter_buffer_max_packets: 200, audio_jitter_buffer_fast_accelerate: 0, audio_jitter_buffer_min_delay_ms: 0, audio_jitter_buffer_enable_rtx_handling: 0, typing: 1, experimental_agc: 0, experimental_ns: 0, residual_echo_detector: 1, }
07-06 20:48:21.579  2395  2588 I webrtc_voice_engine.cc: [000:062] [2588] (line 371): Disable AGC according to field trial.
07-06 20:48:21.579  2395  2588 I audio_device_module.cc: [000:063] [2588] (line 531): BuiltInAECIsAvailable
07-06 20:48:21.579  2395  2588 I audio_device_module.cc: [000:063] [2588] (line 535): output: 1
07-06 20:48:21.579  2395  2588 I audio_device_module.cc: [000:063] [2588] (line 561): EnableBuiltInAEC(1)
07-06 20:48:21.579  2395  2588 I audio_device_module.cc: [000:063] [2588] (line 531): BuiltInAECIsAvailable
07-06 20:48:21.580  2395  2588 I audio_device_module.cc: [000:063] [2588] (line 535): output: 1
07-06 20:48:21.580  2395  2588 I audio_record_jni.cc: [000:063] [2588] (line 215): EnableBuiltInAEC(1)
07-06 20:48:21.580  2395  2588 I WebRtcAudioRecordExternal: [000:063] [2588] enableBuiltInAEC(true)
07-06 20:48:21.580  2395  2588 I WebRtcAudioEffectsExternal: [000:063] [2588] setAEC(true)
07-06 20:48:21.580  2395  2588 I audio_device_module.cc: [000:063] [2588] (line 566): output: 0
07-06 20:48:21.580  2395  2588 I webrtc_voice_engine.cc: [000:063] [2588] (line 397): Disabling EC since built-in EC will be used instead
07-06 20:48:21.580  2395  2588 I audio_device_module.cc: [000:063] [2588] (line 541): BuiltInAGCIsAvailable
07-06 20:48:21.580  2395  2588 I audio_device_module.cc: [000:063] [2588] (line 542): output: 0
07-06 20:48:21.580  2395  2588 I audio_device_module.cc: [000:063] [2588] (line 551): BuiltInNSIsAvailable
07-06 20:48:21.580  2395  2588 I audio_device_module.cc: [000:063] [2588] (line 555): output: 1
07-06 20:48:21.580  2395  2588 I audio_device_module.cc: [000:063] [2588] (line 578): EnableBuiltInNS(1)
07-06 20:48:21.580  2395  2588 I audio_device_module.cc: [000:063] [2588] (line 551): BuiltInNSIsAvailable
07-06 20:48:21.580  2395  2588 I audio_device_module.cc: [000:063] [2588] (line 555): output: 1
07-06 20:48:21.580  2395  2588 I audio_record_jni.cc: [000:063] [2588] (line 223): EnableBuiltInNS(1)
07-06 20:48:21.580  2395  2588 I WebRtcAudioRecordExternal: [000:063] [2588] enableBuiltInNS(true)
07-06 20:48:21.580  2395  2588 I WebRtcAudioEffectsExternal: [000:064] [2588] setNS(true)
07-06 20:48:21.580  2395  2588 I audio_device_module.cc: [000:064] [2588] (line 583): output: 0
07-06 20:48:21.580  2395  2588 I webrtc_voice_engine.cc: [000:064] [2588] (line 424): Disabling NS since built-in NS will be used instead
07-06 20:48:21.580  2395  2588 I webrtc_voice_engine.cc: [000:064] [2588] (line 431): Stereo swapping enabled? 0
07-06 20:48:21.580  2395  2588 I webrtc_voice_engine.cc: [000:064] [2588] (line 436): NetEq capacity is 200
07-06 20:48:21.581  2395  2588 I webrtc_voice_engine.cc: [000:064] [2588] (line 442): NetEq fast mode? 0
07-06 20:48:21.581  2395  2588 I webrtc_voice_engine.cc: [000:064] [2588] (line 448): NetEq minimum delay is 0
07-06 20:48:21.581  2395  2588 I webrtc_voice_engine.cc: [000:064] [2588] (line 454): NetEq handle reordered packets? 0
07-06 20:48:21.581  2395  2588 I webrtc_voice_engine.cc: [000:064] [2588] (line 474): Experimental ns is enabled? 0
07-06 20:48:21.581  2395  2588 I webrtc_voice_engine.cc: [000:064] [2588] (line 525): NS set to 0
07-06 20:48:21.581  2395  2588 I webrtc_voice_engine.cc: [000:064] [2588] (line 529): Typing detection is enabled? 0
07-06 20:48:21.581  2395  2588 I audio_processing_impl.cc: [000:064] [2588] (line 525): AudioProcessing::ApplyConfig: AudioProcessing::Config{ pipeline: {maximum_internal_processing_rate: 32000, multi_channel_render: 0, , multi_channel_capture: 0}, pre_amplifier: { enabled: 0, fixed_gain_factor: 1 }, high_pass_filter: { enabled: 1 }, echo_canceller: { enabled: 0, mobile_mode: 1, enforce_high_pass_filtering: 1 }, noise_suppression: { enabled: 0, level: High }, transient_suppression: { enabled: 0 }, voice_detection: { enabled: 0 }, gain_controller1: { enabled: 0, mode: FixedDigital, target_level_dbfs: 3, compression_gain_db: 9, enable_limiter: 1, analog_level_minimum: 0, analog_level_maximum: 255 }, gain_controller2: { enabled: 0, fixed_digital: { gain_db: 0 }, adaptive_digital: { enabled: 0, level_estimator: Rms, use_saturation_protector: 1, extra_saturation_margin_db: 2 } }, residual_echo_detector: { enabled: 1 }, level_estimation: { enabled: 0 } }
07-06 20:48:21.582  2395  2588 I PeerConnectionFactory: [000:065] [2588] onWorkerThreadReady
07-06 20:48:21.582  2395  2509 I CarrierServices: [44452] PeerConnectionClient.lambda$new$0$PeerConnectionClient: PeerConnectionFactory created
07-06 20:48:21.583  2395  2583 I PeerConnectionFactory: [000:066] [2583] onNetworkThreadReady
07-06 20:48:21.587  2395  2590 I PeerConnectionFactory: [000:070] [2590] onSignalingThreadReady
07-06 20:48:21.599  2512  2512 I adjo    : SslGuard completed installation.
07-06 20:48:21.625  2512  2611 I PrimesApiImpl: background initialization
07-06 20:48:21.640  2512  2598 I CarrierServices: [44453] wdp.b: Reinitialize CSLib Flags: com.google.android.ims.library
07-06 20:48:21.662  2512  2512 I Bugle   : BugleApplicationBase: Bugle version: 6.0.117 (xorn_rc10.phone_dynamic)
07-06 20:48:21.670  2512  2618 I Bugle   : GServicesValues:
07-06 20:48:21.670  2512  2618 I Bugle   : bugle_enable_primes_crash_metrics: true
07-06 20:48:21.670  2512  2618 I Bugle   : bugle_enable_wap_push_si: true
07-06 20:48:21.670  2512  2618 I Bugle   : bugle_max_telemetry_upload_retries: 10
07-06 20:48:21.670  2512  2618 I Bugle   : bugle_sticker_set_list_version: 3
07-06 20:48:21.701  2512  2598 I Bugle   : Initializing EmojiCompat
07-06 20:48:21.713 15597 15608 I FontLog : Received query Noto Color Emoji Compat, URI content://com.google.android.gms.fonts [CONTEXT service_id=132 ]
07-06 20:48:21.713 15597 15608 I FontLog : Query [Noto Color Emoji Compat] resolved to {Noto Color Emoji Compat, wdth 100.0, wght 400, ital 0.0, bestEffort false} [CONTEXT service_id=132 ]
07-06 20:48:21.716 15597 15608 I FontLog : Fetch {Noto Color Emoji Compat, wdth 100.0, wght 400, ital 0.0, bestEffort false} end status Status{statusCode=SUCCESS, resolution=null} [CONTEXT service_id=132 ]
07-06 20:48:21.721  2512  2512 I Bugle   : DarkModeUtilBase: Setting system dark mode to off
07-06 20:48:21.722  2512  2512 D AppCompatDelegate: setDefaultNightMode. New:1, Current:-100
07-06 20:48:21.725 15597 15608 I FontLog : Pulling font file for id = 189, cache size = 4 [CONTEXT service_id=132 ]
07-06 20:48:21.739 15597 15608 I FontLog : Pulling font file for id = 189, cache size = 4 [CONTEXT service_id=132 ]
07-06 20:48:21.752  2512  2512 I BugleDataModel: RcsMigrationService: Returning RCS state provider.
07-06 20:48:21.756  2512  2512 I BugleRcsProvisioning: RcsProvisioningEventReceiver: Received ProvisioningEvent: Request Bugle information
07-06 20:48:21.757  2512  2512 W ResourceType: For resource 0x7f1305ed, entry index(1517) is beyond type entryCount(678)
07-06 20:48:21.760  2512  2558 I BugleRcsEngine: [44440] xly.c: Checking if using CarrierServices.apk is possible. Enabled: true, isAtLeastM: true, runningInsideBugle: true
07-06 20:48:21.774  2512  2596 W ResourceType: For resource 0x7f130384, entry index(900) is beyond type entryCount(678)
07-06 20:48:21.782  2512  2512 W ResourceType: For resource 0x7f1302c5, entry index(709) is beyond type entryCount(678)
07-06 20:48:21.786  2512  2596 W ResourceType: For resource 0x7f130384, entry index(900) is beyond type entryCount(678)
07-06 20:48:21.786  1694  1703 I zygote  : Background concurrent copying GC freed 49685(2MB) AllocSpace objects, 22(892KB) LOS objects, 42% free, 26MB/45MB, paused 208us total 221.835ms
07-06 20:48:21.793  2512  2613 D NetworkSecurityConfig: No Network Security Config specified, using platform default
07-06 20:48:21.793  2512  2598 I BugleRcsEngine: [44453] vwt.a: Initializing Carrier Services Library.
07-06 20:48:21.794  2512  2598 I BugleRcsEngine: [44453] wdp.b: Reinitialize CSLib Flags: com.google.android.ims.library
07-06 20:48:21.800  2512  2596 I FA      : App measurement initialized, version: 25018
07-06 20:48:21.800  2512  2596 I FA      : To enable debug logging run: adb shell setprop log.tag.FA VERBOSE
07-06 20:48:21.801  2512  2596 I FA      : To enable faster debug mode event logging run:
07-06 20:48:21.801  2512  2596 I FA      :   adb shell setprop debug.firebase.analytics.app com.google.android.apps.messaging
07-06 20:48:21.808  2512  2616 I BugleRcsEngine: [44457] xgu.<init>: Initializing SimStateTracker with multi-sim support
07-06 20:48:21.808  2512  2616 I BugleRcsEngine: [44457] xhb.<init>: Initializing SimStateTracker for single-sim device
07-06 20:48:21.809  2512  2616 W ResourceType: For resource 0x7f1305ed, entry index(1517) is beyond type entryCount(678)
07-06 20:48:21.816  2512  2616 W ResourceType: For resource 0x7f1302c5, entry index(709) is beyond type entryCount(678)
07-06 20:48:21.816  2512  2512 I BugleRcsProvisioning: RcsProvisioningEventReceiver: Received ProvisioningEvent: Availability updated
07-06 20:48:21.819  2512  2512 I BugleRcsProvisioning: RcsProvisioningEventReceiver: Bugle receives rcs availability update to: 2
07-06 20:48:21.829  2512  2611 I BugleRcsEngine: [44455] wdp.b: Reinitialize CSLib Flags: com.google.android.ims.library
07-06 20:48:21.830  2512  2512 I BugleRcsEngine: [2] aeec.disconnect: Disconnecting ChatSessionService
07-06 20:48:21.830  2512  2611 W ResourceType: For resource 0x7f1305a5, entry index(1445) is beyond type entryCount(678)
07-06 20:48:21.830  2512  2512 W RcsClientLib: Unexpected error when trying to unbind com.google.android.ims.rcsservice.chatsession.IChatSession: Service not registered: aeed@f9fb099
07-06 20:48:21.831  2512  2512 W RcsClientLib: java.lang.IllegalArgumentException: Service not registered: aeed@f9fb099
07-06 20:48:21.831  2512  2512 W RcsClientLib: 	at android.app.LoadedApk.forgetServiceDispatcher(LoadedApk.java:1493)
07-06 20:48:21.831  2512  2512 W RcsClientLib: 	at android.app.ContextImpl.unbindService(ContextImpl.java:1653)
07-06 20:48:21.831  2512  2512 W RcsClientLib: 	at android.content.ContextWrapper.unbindService(ContextWrapper.java:703)
07-06 20:48:21.831  2512  2512 W RcsClientLib: 	at aeec.b(PG:43)
07-06 20:48:21.831  2512  2512 W RcsClientLib: 	at aeec.disconnect(PG:41)
07-06 20:48:21.831  2512  2512 W RcsClientLib: 	at koc.b(PG:36)
07-06 20:48:21.831  2512  2512 W RcsClientLib: 	at kof.a(PG:38)
07-06 20:48:21.831  2512  2512 W RcsClientLib: 	at riw.a(PG:43)
07-06 20:48:21.831  2512  2512 W RcsClientLib: 	at rit.a(PG:47)
07-06 20:48:21.831  2512  2512 W RcsClientLib: 	at com.google.android.apps.messaging.shared.receiver.RcsProvisioningEventReceiver.a(PG:29)
07-06 20:48:21.831  2512  2512 W RcsClientLib: 	at kkt.onReceive(PG:31)
07-06 20:48:21.831  2512  2512 W RcsClientLib: 	at kjs.onReceive(PG:7)
07-06 20:48:21.831  2512  2512 W RcsClientLib: 	at android.app.ActivityThread.handleReceiver(ActivityThread.java:3278)
07-06 20:48:21.831  2512  2512 W RcsClientLib: 	at android.app.ActivityThread.-wrap17(Unknown Source:0)
07-06 20:48:21.831  2512  2512 W RcsClientLib: 	at android.app.ActivityThread$H.handleMessage(ActivityThread.java:1713)
07-06 20:48:21.831  2512  2512 W RcsClientLib: 	at android.os.Handler.dispatchMessage(Handler.java:106)
07-06 20:48:21.831  2512  2512 W RcsClientLib: 	at android.os.Looper.loop(Looper.java:164)
07-06 20:48:21.831  2512  2512 W RcsClientLib: 	at android.app.ActivityThread.main(ActivityThread.java:6626)
07-06 20:48:21.831  2512  2512 W RcsClientLib: 	at java.lang.reflect.Method.invoke(Native Method)
07-06 20:48:21.831  2512  2512 W RcsClientLib: 	at com.android.internal.os.RuntimeInit$MethodAndArgsCaller.run(RuntimeInit.java:438)
07-06 20:48:21.831  2512  2512 W RcsClientLib: 	at com.android.internal.os.ZygoteInit.main(ZygoteInit.java:811)
07-06 20:48:21.831  2512  2629 I BugleRcsEngine: [44470] xgy.a: do not delay first event
07-06 20:48:21.831  2512  2512 I BugleRcsEngine: [2] aeec.disconnect: Disconnecting EventService
07-06 20:48:21.832  2512  2512 W RcsClientLib: Unexpected error when trying to unbind com.google.android.ims.rcsservice.events.IEvent: Service not registered: aeed@351600c
07-06 20:48:21.832  2512  2558 I RcsProvisioning: Failed to read config: no config found /data/user/0/com.google.android.apps.messaging/files/rcsconfig (No such file or directory)
07-06 20:48:21.832  2512  2512 W RcsClientLib: java.lang.IllegalArgumentException: Service not registered: aeed@351600c
07-06 20:48:21.832  2512  2512 W RcsClientLib: 	at android.app.LoadedApk.forgetServiceDispatcher(LoadedApk.java:1493)
07-06 20:48:21.832  2512  2512 W RcsClientLib: 	at android.app.ContextImpl.unbindService(ContextImpl.java:1653)
07-06 20:48:21.832  2512  2512 W RcsClientLib: 	at android.content.ContextWrapper.unbindService(ContextWrapper.java:703)
07-06 20:48:21.832  2512  2512 W RcsClientLib: 	at aeec.b(PG:43)
07-06 20:48:21.832  2512  2512 W RcsClientLib: 	at aeec.disconnect(PG:41)
07-06 20:48:21.832  2512  2512 W RcsClientLib: 	at com.google.android.rcs.client.events.EventService.disconnect(PG:7)
07-06 20:48:21.832  2512  2512 W RcsClientLib: 	at koc.b(PG:37)
07-06 20:48:21.832  2512  2512 W RcsClientLib: 	at kof.a(PG:38)
07-06 20:48:21.832  2512  2512 W RcsClientLib: 	at riw.a(PG:43)
07-06 20:48:21.832  2512  2512 W RcsClientLib: 	at rit.a(PG:47)
07-06 20:48:21.832  2512  2512 W RcsClientLib: 	at com.google.android.apps.messaging.shared.receiver.RcsProvisioningEventReceiver.a(PG:29)
07-06 20:48:21.832  2512  2512 W RcsClientLib: 	at kkt.onReceive(PG:31)
07-06 20:48:21.832  2512  2512 W RcsClientLib: 	at kjs.onReceive(PG:7)
07-06 20:48:21.832  2512  2512 W RcsClientLib: 	at android.app.ActivityThread.handleReceiver(ActivityThread.java:3278)
07-06 20:48:21.832  2512  2512 W RcsClientLib: 	at android.app.ActivityThread.-wrap17(Unknown Source:0)
07-06 20:48:21.832  2512  2512 W RcsClientLib: 	at android.app.ActivityThread$H.handleMessage(ActivityThread.java:1713)
07-06 20:48:21.832  2512  2512 W RcsClientLib: 	at android.os.Handler.dispatchMessage(Handler.java:106)
07-06 20:48:21.832  2512  2512 W RcsClientLib: 	at android.os.Looper.loop(Looper.java:164)
07-06 20:48:21.832  2512  2512 W RcsClientLib: 	at android.app.ActivityThread.main(ActivityThread.java:6626)
07-06 20:48:21.832  2512  2512 W RcsClientLib: 	at java.lang.reflect.Method.invoke(Native Method)
07-06 20:48:21.832  2512  2512 W RcsClientLib: 	at com.android.internal.os.RuntimeInit$MethodAndArgsCaller.run(RuntimeInit.java:438)
07-06 20:48:21.832  2512  2512 W RcsClientLib: 	at com.android.internal.os.ZygoteInit.main(ZygoteInit.java:811)
07-06 20:48:21.832  2512  2512 I BugleRcsEngine: [2] aeec.disconnect: Disconnecting ContactsService
07-06 20:48:21.833  2512  2512 W RcsClientLib: Unexpected error when trying to unbind com.google.android.ims.rcsservice.contacts.IContactsManagement: Service not registered: aeed@39bb36a
07-06 20:48:21.836  2512  2613 I BugleRcs: RcsAvailabilityUtilForProvisioningEngineV2: updated datastore for rcs availability, simId: Redacted-0, availability: DISABLED_VIA_GSERVICES
07-06 20:48:21.837  2512  2512 W RcsClientLib: java.lang.IllegalArgumentException: Service not registered: aeed@39bb36a
07-06 20:48:21.837  2512  2512 W RcsClientLib: 	at android.app.LoadedApk.forgetServiceDispatcher(LoadedApk.java:1493)
07-06 20:48:21.837  2512  2512 W RcsClientLib: 	at android.app.ContextImpl.unbindService(ContextImpl.java:1653)
07-06 20:48:21.837  2512  2512 W RcsClientLib: 	at android.content.ContextWrapper.unbindService(ContextWrapper.java:703)
07-06 20:48:21.837  2512  2512 W RcsClientLib: 	at aeec.b(PG:43)
07-06 20:48:21.837  2512  2512 W RcsClientLib: 	at aeec.disconnect(PG:41)
07-06 20:48:21.837  2512  2512 W RcsClientLib: 	at koc.b(PG:38)
07-06 20:48:21.837  2512  2512 W RcsClientLib: 	at kof.a(PG:38)
07-06 20:48:21.837  2512  2512 W RcsClientLib: 	at riw.a(PG:43)
07-06 20:48:21.837  2512  2512 W RcsClientLib: 	at rit.a(PG:47)
07-06 20:48:21.837  2512  2512 W RcsClientLib: 	at com.google.android.apps.messaging.shared.receiver.RcsProvisioningEventReceiver.a(PG:29)
07-06 20:48:21.837  2512  2512 W RcsClientLib: 	at kkt.onReceive(PG:31)
07-06 20:48:21.837  2512  2512 W RcsClientLib: 	at kjs.onReceive(PG:7)
07-06 20:48:21.837  2512  2512 W RcsClientLib: 	at android.app.ActivityThread.handleReceiver(ActivityThread.java:3278)
07-06 20:48:21.837  2512  2512 W RcsClientLib: 	at android.app.ActivityThread.-wrap17(Unknown Source:0)
07-06 20:48:21.837  2512  2512 W RcsClientLib: 	at android.app.ActivityThread$H.handleMessage(ActivityThread.java:1713)
07-06 20:48:21.837  2512  2512 W RcsClientLib: 	at android.os.Handler.dispatchMessage(Handler.java:106)
07-06 20:48:21.837  2512  2512 W RcsClientLib: 	at android.os.Looper.loop(Looper.java:164)
07-06 20:48:21.837  2512  2512 W RcsClientLib: 	at android.app.ActivityThread.main(ActivityThread.java:6626)
07-06 20:48:21.837  2512  2512 W RcsClientLib: 	at java.lang.reflect.Method.invoke(Native Method)
07-06 20:48:21.837  2512  2512 W RcsClientLib: 	at com.android.internal.os.RuntimeInit$MethodAndArgsCaller.run(RuntimeInit.java:438)
07-06 20:48:21.837  2512  2512 W RcsClientLib: 	at com.android.internal.os.ZygoteInit.main(ZygoteInit.java:811)
07-06 20:48:21.837  2512  2512 I BugleRcsEngine: [2] aeec.disconnect: Disconnecting FileTransferService
07-06 20:48:21.837  2512  2512 W RcsClientLib: Unexpected error when trying to unbind com.google.android.ims.rcsservice.filetransfer.IFileTransfer: Service not registered: aeed@5ba70f8
07-06 20:48:21.840  2512  2512 W RcsClientLib: java.lang.IllegalArgumentException: Service not registered: aeed@5ba70f8
07-06 20:48:21.840  2512  2512 W RcsClientLib: 	at android.app.LoadedApk.forgetServiceDispatcher(LoadedApk.java:1493)
07-06 20:48:21.840  2512  2512 W RcsClientLib: 	at android.app.ContextImpl.unbindService(ContextImpl.java:1653)
07-06 20:48:21.840  2512  2512 W RcsClientLib: 	at android.content.ContextWrapper.unbindService(ContextWrapper.java:703)
07-06 20:48:21.840  2512  2512 W RcsClientLib: 	at aeec.b(PG:43)
07-06 20:48:21.840  2512  2512 W RcsClientLib: 	at aeec.disconnect(PG:41)
07-06 20:48:21.840  2512  2512 W RcsClientLib: 	at koc.b(PG:39)
07-06 20:48:21.840  2512  2512 W RcsClientLib: 	at kof.a(PG:38)
07-06 20:48:21.840  2512  2512 W RcsClientLib: 	at riw.a(PG:43)
07-06 20:48:21.840  2512  2512 W RcsClientLib: 	at rit.a(PG:47)
07-06 20:48:21.840  2512  2512 W RcsClientLib: 	at com.google.android.apps.messaging.shared.receiver.RcsProvisioningEventReceiver.a(PG:29)
07-06 20:48:21.840  2512  2512 W RcsClientLib: 	at kkt.onReceive(PG:31)
07-06 20:48:21.840  2512  2512 W RcsClientLib: 	at kjs.onReceive(PG:7)
07-06 20:48:21.840  2512  2512 W RcsClientLib: 	at android.app.ActivityThread.handleReceiver(ActivityThread.java:3278)
07-06 20:48:21.840  2512  2512 W RcsClientLib: 	at android.app.ActivityThread.-wrap17(Unknown Source:0)
07-06 20:48:21.840  2512  2512 W RcsClientLib: 	at android.app.ActivityThread$H.handleMessage(ActivityThread.java:1713)
07-06 20:48:21.840  2512  2512 W RcsClientLib: 	at android.os.Handler.dispatchMessage(Handler.java:106)
07-06 20:48:21.840  2512  2512 W RcsClientLib: 	at android.os.Looper.loop(Looper.java:164)
07-06 20:48:21.840  2512  2512 W RcsClientLib: 	at android.app.ActivityThread.main(ActivityThread.java:6626)
07-06 20:48:21.840  2512  2512 W RcsClientLib: 	at java.lang.reflect.Method.invoke(Native Method)
07-06 20:48:21.840  2512  2512 W RcsClientLib: 	at com.android.internal.os.RuntimeInit$MethodAndArgsCaller.run(RuntimeInit.java:438)
07-06 20:48:21.840  2512  2512 W RcsClientLib: 	at com.android.internal.os.ZygoteInit.main(ZygoteInit.java:811)
07-06 20:48:21.841  2512  2512 I BugleRcsEngine: [2] aeec.disconnect: Disconnecting LocationSharingService
07-06 20:48:21.841  2512  2512 W RcsClientLib: Unexpected error when trying to unbind com.google.android.ims.rcsservice.locationsharing.ILocationSharing: Service not registered: aeed@7e42737
07-06 20:48:21.845  2512  2512 W RcsClientLib: java.lang.IllegalArgumentException: Service not registered: aeed@7e42737
07-06 20:48:21.845  2512  2512 W RcsClientLib: 	at android.app.LoadedApk.forgetServiceDispatcher(LoadedApk.java:1493)
07-06 20:48:21.845  2512  2512 W RcsClientLib: 	at android.app.ContextImpl.unbindService(ContextImpl.java:1653)
07-06 20:48:21.845  2512  2512 W RcsClientLib: 	at android.content.ContextWrapper.unbindService(ContextWrapper.java:703)
07-06 20:48:21.845  2512  2512 W RcsClientLib: 	at aeec.b(PG:43)
07-06 20:48:21.845  2512  2512 W RcsClientLib: 	at aeec.disconnect(PG:41)
07-06 20:48:21.845  2512  2512 W RcsClientLib: 	at koc.b(PG:40)
07-06 20:48:21.845  2512  2512 W RcsClientLib: 	at kof.a(PG:38)
07-06 20:48:21.845  2512  2512 W RcsClientLib: 	at riw.a(PG:43)
07-06 20:48:21.845  2512  2512 W RcsClientLib: 	at rit.a(PG:47)
07-06 20:48:21.845  2512  2512 W RcsClientLib: 	at com.google.android.apps.messaging.shared.receiver.RcsProvisioningEventReceiver.a(PG:29)
07-06 20:48:21.845  2512  2512 W RcsClientLib: 	at kkt.onReceive(PG:31)
07-06 20:48:21.845  2512  2512 W RcsClientLib: 	at kjs.onReceive(PG:7)
07-06 20:48:21.845  2512  2512 W RcsClientLib: 	at android.app.ActivityThread.handleReceiver(ActivityThread.java:3278)
07-06 20:48:21.845  2512  2512 W RcsClientLib: 	at android.app.ActivityThread.-wrap17(Unknown Source:0)
07-06 20:48:21.845  2512  2512 W RcsClientLib: 	at android.app.ActivityThread$H.handleMessage(ActivityThread.java:1713)
07-06 20:48:21.845  2512  2512 W RcsClientLib: 	at android.os.Handler.dispatchMessage(Handler.java:106)
07-06 20:48:21.845  2512  2512 W RcsClientLib: 	at android.os.Looper.loop(Looper.java:164)
07-06 20:48:21.845  2512  2512 W RcsClientLib: 	at android.app.ActivityThread.main(ActivityThread.java:6626)
07-06 20:48:21.845  2512  2512 W RcsClientLib: 	at java.lang.reflect.Method.invoke(Native Method)
07-06 20:48:21.845  2512  2512 W RcsClientLib: 	at com.android.internal.os.RuntimeInit$MethodAndArgsCaller.run(RuntimeInit.java:438)
07-06 20:48:21.845  2512  2512 W RcsClientLib: 	at com.android.internal.os.ZygoteInit.main(ZygoteInit.java:811)
07-06 20:48:21.845  2512  2512 I BugleRcsEngine: [2] aeec.disconnect: Disconnecting ImsConnectionTrackerService
07-06 20:48:21.845  2512  2512 W RcsClientLib: Unexpected error when trying to unbind com.google.android.ims.rcsservice.ims.IImsConnectionTracker: Service not registered: aeed@ed5420d
07-06 20:48:21.846  2512  2512 W RcsClientLib: java.lang.IllegalArgumentException: Service not registered: aeed@ed5420d
07-06 20:48:21.846  2512  2512 W RcsClientLib: 	at android.app.LoadedApk.forgetServiceDispatcher(LoadedApk.java:1493)
07-06 20:48:21.846  2512  2512 W RcsClientLib: 	at android.app.ContextImpl.unbindService(ContextImpl.java:1653)
07-06 20:48:21.846  2512  2512 W RcsClientLib: 	at android.content.ContextWrapper.unbindService(ContextWrapper.java:703)
07-06 20:48:21.846  2512  2512 W RcsClientLib: 	at aeec.b(PG:43)
07-06 20:48:21.846  2512  2512 W RcsClientLib: 	at aeec.disconnect(PG:41)
07-06 20:48:21.846  2512  2512 W RcsClientLib: 	at koc.b(PG:41)
07-06 20:48:21.846  2512  2512 W RcsClientLib: 	at kof.a(PG:38)
07-06 20:48:21.846  2512  2512 W RcsClientLib: 	at riw.a(PG:43)
07-06 20:48:21.846  2512  2512 W RcsClientLib: 	at rit.a(PG:47)
07-06 20:48:21.846  2512  2512 W RcsClientLib: 	at com.google.android.apps.messaging.shared.receiver.RcsProvisioningEventReceiver.a(PG:29)
07-06 20:48:21.846  2512  2512 W RcsClientLib: 	at kkt.onReceive(PG:31)
07-06 20:48:21.846  2512  2512 W RcsClientLib: 	at kjs.onReceive(PG:7)
07-06 20:48:21.846  2512  2512 W RcsClientLib: 	at android.app.ActivityThread.handleReceiver(ActivityThread.java:3278)
07-06 20:48:21.846  2512  2512 W RcsClientLib: 	at android.app.ActivityThread.-wrap17(Unknown Source:0)
07-06 20:48:21.846  2512  2512 W RcsClientLib: 	at android.app.ActivityThread$H.handleMessage(ActivityThread.java:1713)
07-06 20:48:21.846  2512  2512 W RcsClientLib: 	at android.os.Handler.dispatchMessage(Handler.java:106)
07-06 20:48:21.846  2512  2512 W RcsClientLib: 	at android.os.Looper.loop(Looper.java:164)
07-06 20:48:21.846  2512  2512 W RcsClientLib: 	at android.app.ActivityThread.main(ActivityThread.java:6626)
07-06 20:48:21.846  2512  2512 W RcsClientLib: 	at java.lang.reflect.Method.invoke(Native Method)
07-06 20:48:21.846  2512  2512 W RcsClientLib: 	at com.android.internal.os.RuntimeInit$MethodAndArgsCaller.run(RuntimeInit.java:438)
07-06 20:48:21.846  2512  2512 W RcsClientLib: 	at com.android.internal.os.ZygoteInit.main(ZygoteInit.java:811)
07-06 20:48:21.846  2512  2512 I BugleRcsEngine: [2] aeec.disconnect: Disconnecting RcsProfileService
07-06 20:48:21.846  2512  2512 W RcsClientLib: Unexpected error when trying to unbind com.google.android.ims.rcsservice.profile.IRcsProfile: Service not registered: aeed@949ffd3
07-06 20:48:21.847  2512  2512 W RcsClientLib: java.lang.IllegalArgumentException: Service not registered: aeed@949ffd3
07-06 20:48:21.847  2512  2512 W RcsClientLib: 	at android.app.LoadedApk.forgetServiceDispatcher(LoadedApk.java:1493)
07-06 20:48:21.847  2512  2512 W RcsClientLib: 	at android.app.ContextImpl.unbindService(ContextImpl.java:1653)
07-06 20:48:21.847  2512  2512 W RcsClientLib: 	at android.content.ContextWrapper.unbindService(ContextWrapper.java:703)
07-06 20:48:21.847  2512  2512 W RcsClientLib: 	at aeec.b(PG:43)
07-06 20:48:21.847  2512  2512 W RcsClientLib: 	at aeec.disconnect(PG:41)
07-06 20:48:21.847  2512  2512 W RcsClientLib: 	at koc.b(PG:42)
07-06 20:48:21.847  2512  2512 W RcsClientLib: 	at kof.a(PG:38)
07-06 20:48:21.847  2512  2512 W RcsClientLib: 	at riw.a(PG:43)
07-06 20:48:21.847  2512  2512 W RcsClientLib: 	at rit.a(PG:47)
07-06 20:48:21.847  2512  2512 W RcsClientLib: 	at com.google.android.apps.messaging.shared.receiver.RcsProvisioningEventReceiver.a(PG:29)
07-06 20:48:21.847  2512  2512 W RcsClientLib: 	at kkt.onReceive(PG:31)
07-06 20:48:21.847  2512  2512 W RcsClientLib: 	at kjs.onReceive(PG:7)
07-06 20:48:21.847  2512  2512 W RcsClientLib: 	at android.app.ActivityThread.handleReceiver(ActivityThread.java:3278)
07-06 20:48:21.847  2512  2512 W RcsClientLib: 	at android.app.ActivityThread.-wrap17(Unknown Source:0)
07-06 20:48:21.847  2512  2512 W RcsClientLib: 	at android.app.ActivityThread$H.handleMessage(ActivityThread.java:1713)
07-06 20:48:21.847  2512  2512 W RcsClientLib: 	at android.os.Handler.dispatchMessage(Handler.java:106)
07-06 20:48:21.847  2512  2512 W RcsClientLib: 	at android.os.Looper.loop(Looper.java:164)
07-06 20:48:21.847  2512  2512 W RcsClientLib: 	at android.app.ActivityThread.main(ActivityThread.java:6626)
07-06 20:48:21.847  2512  2512 W RcsClientLib: 	at java.lang.reflect.Method.invoke(Native Method)
07-06 20:48:21.847  2512  2512 W RcsClientLib: 	at com.android.internal.os.RuntimeInit$MethodAndArgsCaller.run(RuntimeInit.java:438)
07-06 20:48:21.847  2512  2512 W RcsClientLib: 	at com.android.internal.os.ZygoteInit.main(ZygoteInit.java:811)
07-06 20:48:21.847  2512  2512 I BugleRcsEngine: [2] aeec.disconnect: Disconnecting BusinessInfoService
07-06 20:48:21.847  2512  2512 W RcsClientLib: Unexpected error when trying to unbind com.google.android.ims.rcsservice.businessinfo.IBusinessInfo: Service not registered: aeed@a0f209
07-06 20:48:21.849  2512  2512 W RcsClientLib: java.lang.IllegalArgumentException: Service not registered: aeed@a0f209
07-06 20:48:21.849  2512  2512 W RcsClientLib: 	at android.app.LoadedApk.forgetServiceDispatcher(LoadedApk.java:1493)
07-06 20:48:21.849  2512  2512 W RcsClientLib: 	at android.app.ContextImpl.unbindService(ContextImpl.java:1653)
