04-04 21:43:04.806  9142  9205 I CarrierServices: [463066] cev.a: RcsAvailabilityManager: Rcs Availability still DISABLED_SIM_ABSENT (RCS is disabled due to SIM absent)
04-04 21:43:04.807  9142  9211 W CarrierServices: [463069] bvw.C: No config URL. RCS will be disabled!
04-04 21:43:04.809  9142  9205 I CarrierServices: [463066] cdc.a: Sending ProvisioningEvent to Bugle [Request Bugle information (15)], null
04-04 21:43:04.813  9142  9204 I CarrierServices: [463065] cdc.a: Sending ProvisioningEvent to Bugle [Update provisioning status (11)], [I_RX4awbE69dTpdZElF5ageNbCU5kW5cXzLTa2Lce-E]
04-04 21:43:04.829  9142  9200 W CarrierServices: [463061] bvw.C: No config URL. RCS will be disabled!
04-04 21:43:04.833  9142  9204 I CarrierServices: [463065] cdw.a: (PEv2-SM): DisabledState: event Availability updated
04-04 21:43:04.834  9142  9204 I CarrierServices: [463065] cev.a: RcsAvailabilityManager: Calculating Rcs Availability
04-04 21:43:04.841  9142  9204 I CarrierServices: [463065] cev.a: RcsAvailabilityManager: Rcs Availability still DISABLED_SIM_ABSENT (RCS is disabled due to SIM absent)
04-04 21:43:04.842  9142  9204 I CarrierServices: [463065] cdw.a: (PEv2-SM): DisabledState: event SIM event
04-04 21:43:04.848  9181  9181 I MultiDex: VM with version 2.1.0 has multidex support
04-04 21:43:04.848  9181  9181 I MultiDex: install
04-04 21:43:04.848  9181  9181 I MultiDex: VM has multidex support, MultiDex support library is disabled.
04-04 21:43:04.849  9181  9181 I MultiDex: install
04-04 21:43:04.849  9181  9181 I MultiDex: VM has multidex support, MultiDex support library is disabled.
04-04 21:43:04.869  9142  9166 E CarrierServices: [463043] cne.m: Default SIM info not updated.
04-04 21:43:04.870  9142  9166 I CarrierServices: [463043] cne.m: Processing an intent
04-04 21:43:04.874  9142  9166 I CarrierServices: [463043] cne.a: Ignoring duplicate SIM state: ABSENT
04-04 21:43:04.891  9142  9166 E CarrierServices: [463043] cne.m: Default SIM info not updated.
04-04 21:43:04.892  9142  9166 I CarrierServices: [463043] cne.m: Processing an intent
04-04 21:43:04.896  9142  9166 I CarrierServices: [463043] cne.a: Ignoring duplicate SIM state: ABSENT
04-04 21:43:04.968  9181  9181 I FirebaseInitProvider: FirebaseApp initialization successful
04-04 21:43:05.080  9181  9227 I Bugle   : GServicesValues:
04-04 21:43:05.080  9181  9227 I Bugle   : bugle_enable_primes_crash_metrics: true
04-04 21:43:05.080  9181  9227 I Bugle   : bugle_enable_wap_push_si: true
04-04 21:43:05.080  9181  9227 I Bugle   : bugle_max_telemetry_upload_retries: 10
04-04 21:43:05.080  9181  9227 I Bugle   : bugle_sticker_set_list_version: 3
04-04 21:43:05.123  9181  9181 I xzb     : SslGuard completed installation.
04-04 21:43:05.146  9181  9181 W PrimesInit: Primes instant initialization
04-04 21:43:05.148  9181  9232 W Primes  : background initialization
04-04 21:43:05.171  9181  9226 I FA      : App measurement is starting up, version: 19000
04-04 21:43:05.171  9181  9226 I FA      : To enable debug logging run: adb shell setprop log.tag.FA VERBOSE
04-04 21:43:05.171  9181  9226 I FA      : To enable faster debug mode event logging run:
04-04 21:43:05.171  9181  9226 I FA      :   adb shell setprop debug.firebase.analytics.app com.google.android.apps.messaging
04-04 21:43:05.203  9181  9232 I BugleRcsEngine: [463051] szm.<init>: Initializing SimStateTracker with multi-sim support
04-04 21:43:05.205  9181  9232 W BugleRcsEngine: Trying to log through cs.apk when it has not been initialized yet
04-04 21:43:05.206  9181  9232 I BugleRcsEngine: [463051] szs.<init>: Initializing SimStateTracker for single-sim device
04-04 21:43:05.206  9181  9232 W BugleRcsEngine: Trying to log through cs.apk when it has not been initialized yet
04-04 21:43:05.210  9181  9226 I zygote  : Deoptimizing java.lang.Object qpm.a(java.lang.Object) due to JIT inline cache
04-04 21:43:05.241  9181  9234 I BugleRcsEngine: [463053] shm.b: Reinitialize CSLib Flags: com.google.android.ims.library
04-04 21:43:05.248  9181  9232 I PrimesTesting: GserviceFlagsSupplier.get()
04-04 21:43:05.255  9181  9181 I Bugle   : BugleApplicationBase: Bugle version: 5.2.062 (pegasus_rc17_xxhdpi.armeabi-v7a.phone)
04-04 21:43:05.282  9181  9237 I Bugle   : Initializing EmojiCompat
04-04 21:43:05.293  9181  9181 I Bugle   : DarkModeUtilBase: Setting system dark mode to off
04-04 21:43:05.299 13975 20274 I FontsContentProvider: Received query Noto Color Emoji Compat, URI content://com.google.android.gms.fonts
04-04 21:43:05.300 13975 20274 I FontsContentProvider: Query [Noto Color Emoji Compat] resolved to {Noto Color Emoji Compat, wdth 100.0, wght 400, ital 0.0, bestEffort false}
04-04 21:43:05.314 13975 20274 I FontsContentProvider: Fetch {Noto Color Emoji Compat, wdth 100.0, wght 400, ital 0.0, bestEffort false} end status Status{statusCode=SUCCESS, resolution=null}
04-04 21:43:05.342 13975 20274 I FontsContentProvider: Pulling font file for id = 312, cache size = 4
04-04 21:43:05.350  9181  9230 I BugleRcsEngine: [463049] szm.a: register Carrier Config Changed event
04-04 21:43:05.356  9181  9181 I BugleDataModel: RcsMigrationService: Returning RCS state provider.
04-04 21:43:05.364  1456  1466 I zygote  : Background concurrent copying GC freed 36299(2MB) AllocSpace objects, 15(488KB) LOS objects, 37% free, 39MB/63MB, paused 286us total 376.932ms
04-04 21:43:05.370  9181  9181 I BugleRcsProvisioning: RcsProvisioningEventReceiver: Received ProvisioningEvent: Enable PEv2
04-04 21:43:05.373  9181  9230 I BugleRcsEngine: [463049] shm.b: Reinitialize CSLib Flags: com.google.android.ims.library
04-04 21:43:05.385  9181  9243 I BugleRcsEngine: [463062] szo.b: do not delay first event
04-04 21:43:05.391  1456  2918 W ActivityManager: Background start not allowed: service Intent { cmp=com.google.android.apps.messaging/.shared.datamodel.action.execution.ActionExecutorImpl$EmptyService } to com.google.android.apps.messaging/.shared.datamodel.action.execution.ActionExecutorImpl$EmptyService from pid=9181 uid=10110 pkg=com.google.android.apps.messaging
04-04 21:43:05.392  9181  9181 I BugleAction: ActionSchedulerImpl: class com.google.android.apps.messaging.shared.datamodel.action.CountryCodeDetectorAction-CountryCodeDetectorAction:18579078995003 deferred since it was started from unsafe context
04-04 21:43:05.394 13975 20274 I FontsContentProvider: Pulling font file for id = 312, cache size = 4
04-04 21:43:05.402  9181  9197 I BugleRcsEngine: [463036] tgj.c: Checking if using CarrierServices.apk is possible. Enabled: true, isAtLeastM: true, runningInsideBugle: true
04-04 21:43:05.422  9181  9234 I BugleRcsEngine: [463053] rud.a: Initializing Carrier Services Library.
04-04 21:43:05.428  9181  9234 I BugleRcsEngine: [463053] shm.b: Reinitialize CSLib Flags: com.google.android.ims.library
04-04 21:43:05.434  9181  9243 E BugleRcsEngine: [463062] szm.k: Default SIM info not updated.
04-04 21:43:05.434  9181  9242 D StrictMode: StrictMode policy violation: android.os.StrictMode$StrictModeDiskReadViolation: policy=65599 violation=2
04-04 21:43:05.434  9181  9242 D StrictMode: 	at android.os.StrictMode$AndroidBlockGuardPolicy.onReadFromDisk(StrictMode.java:1449)
04-04 21:43:05.434  9181  9242 D StrictMode: 	at java.io.UnixFileSystem.checkAccess(UnixFileSystem.java:251)
04-04 21:43:05.434  9181  9242 D StrictMode: 	at java.io.File.exists(File.java:807)
04-04 21:43:05.434  9181  9242 D StrictMode: 	at android.app.ContextImpl.ensurePrivateDirExists(ContextImpl.java:575)
04-04 21:43:05.434  9181  9242 D StrictMode: 	at android.app.ContextImpl.ensurePrivateDirExists(ContextImpl.java:566)
04-04 21:43:05.434  9181  9242 D StrictMode: 	at android.app.ContextImpl.getPreferencesDir(ContextImpl.java:522)
04-04 21:43:05.434  9181  9242 D StrictMode: 	at android.app.ContextImpl.getSharedPreferencesPath(ContextImpl.java:717)
04-04 21:43:05.434  9181  9242 D StrictMode: 	at android.app.ContextImpl.getSharedPreferences(ContextImpl.java:371)
04-04 21:43:05.434  9181  9242 D StrictMode: 	at android.content.ContextWrapper.getSharedPreferences(ContextWrapper.java:167)
04-04 21:43:05.434  9181  9242 D StrictMode: 	at oxt.a(PG:9)
04-04 21:43:05.434  9181  9242 D StrictMode: 	at oxs.b(PG:4)
04-04 21:43:05.434  9181  9242 D StrictMode: 	at tgj.b(PG:57)
04-04 21:43:05.434  9181  9242 D StrictMode: 	at tgj.a(PG:51)
04-04 21:43:05.434  9181  9242 D StrictMode: 	at ivg.a(PG:98)
04-04 21:43:05.434  9181  9242 D StrictMode: 	at ivg.v(PG:83)
04-04 21:43:05.434  9181  9242 D StrictMode: 	at hpz.run(PG:3)
04-04 21:43:05.434  9181  9242 D StrictMode: 	at zit.run(PG:3)
04-04 21:43:05.434  9181  9242 D StrictMode: 	at java.util.concurrent.Executors$RunnableAdapter.call(Executors.java:457)
04-04 21:43:05.434  9181  9242 D StrictMode: 	at acgw.b(PG:6)
04-04 21:43:05.434  9181  9242 D StrictMode: 	at acfw.run(PG:17)
04-04 21:43:05.434  9181  9242 D StrictMode: 	at acgx.run(PG:13)
04-04 21:43:05.434  9181  9242 D StrictMode: 	at java.util.concurrent.ThreadPoolExecutor.runWorker(ThreadPoolExecutor.java:1162)
04-04 21:43:05.434  9181  9242 D StrictMode: 	at java.util.concurrent.ThreadPoolExecutor$Worker.run(ThreadPoolExecutor.java:636)
04-04 21:43:05.434  9181  9242 D StrictMode: 	at yws.run(PG:4)
04-04 21:43:05.434  9181  9242 D StrictMode: 	at java.lang.Thread.run(Thread.java:764)
04-04 21:43:05.434  9181  9243 I BugleRcsEngine: [463062] szm.k: Processing an intent
04-04 21:43:05.440  9181  9243 I BugleRcsEngine: [463062] szm.a: SIM state ABSENT
04-04 21:43:05.444  9181  9242 D StrictMode: StrictMode policy violation: android.os.StrictMode$StrictModeDiskReadViolation: policy=65599 violation=2
04-04 21:43:05.444  9181  9242 D StrictMode: 	at android.os.StrictMode$AndroidBlockGuardPolicy.onReadFromDisk(StrictMode.java:1449)
04-04 21:43:05.444  9181  9242 D StrictMode: 	at android.app.SharedPreferencesImpl.awaitLoadedLocked(SharedPreferencesImpl.java:234)
04-04 21:43:05.444  9181  9242 D StrictMode: 	at android.app.SharedPreferencesImpl.contains(SharedPreferencesImpl.java:301)
04-04 21:43:05.444  9181  9242 D StrictMode: 	at oxq.a(PG:2)
04-04 21:43:05.444  9181  9242 D StrictMode: 	at oxs.b(PG:4)
04-04 21:43:05.444  9181  9242 D StrictMode: 	at tgj.b(PG:57)
04-04 21:43:05.444  9181  9242 D StrictMode: 	at tgj.a(PG:51)
04-04 21:43:05.444  9181  9242 D StrictMode: 	at ivg.a(PG:98)
04-04 21:43:05.444  9181  9242 D StrictMode: 	at ivg.v(PG:83)
04-04 21:43:05.444  9181  9242 D StrictMode: 	at hpz.run(PG:3)
04-04 21:43:05.444  9181  9242 D StrictMode: 	at zit.run(PG:3)
04-04 21:43:05.444  9181  9242 D StrictMode: 	at java.util.concurrent.Executors$RunnableAdapter.call(Executors.java:457)
04-04 21:43:05.444  9181  9242 D StrictMode: 	at acgw.b(PG:6)
04-04 21:43:05.444  9181  9242 D StrictMode: 	at acfw.run(PG:17)
04-04 21:43:05.444  9181  9242 D StrictMode: 	at acgx.run(PG:13)
04-04 21:43:05.444  9181  9242 D StrictMode: 	at java.util.concurrent.ThreadPoolExecutor.runWorker(ThreadPoolExecutor.java:1162)
04-04 21:43:05.444  9181  9242 D StrictMode: 	at java.util.concurrent.ThreadPoolExecutor$Worker.run(ThreadPoolExecutor.java:636)
04-04 21:43:05.444  9181  9242 D StrictMode: 	at yws.run(PG:4)
04-04 21:43:05.444  9181  9242 D StrictMode: 	at java.lang.Thread.run(Thread.java:764)
04-04 21:43:05.448  9181  9232 I BugleRcs: RcsAvailabilityUtilImplPhone: MSIM Rcs disabled because ENABLE_RCS_MULTISIM_V0 disabled
04-04 21:43:05.453  9181  9243 I BugleRcsEngine: [463062] szm.a: Broadcasting Intent { act=com.google.android.ims.SIM_ABSENT }
04-04 21:43:05.469  9181  9234 I BugleRcsEngine: [463053] szm.<init>: Initializing SimStateTracker with multi-sim support
04-04 21:43:05.471  9181  9234 I BugleRcsEngine: [463053] szs.<init>: Initializing SimStateTracker for single-sim device
04-04 21:43:05.471  9181  9234 I BugleRcsEngine: [463053] shm.b: Reinitialize CSLib Flags: com.google.android.ims.library
04-04 21:43:05.493  9181  9181 I BugleDataModel: ParticipantRefresh: ContactContentObserver created
04-04 21:43:05.495  9181  9232 I BugleRcs: RcsAvailabilityUtilForProvisioningEngineV2: Get Updated RcsAvailability, RcsAvailability: DISABLED_MULTI_SLOT_DEVICE, SimId: Redacted-0
04-04 21:43:05.496  9181  9232 I BugleRcs: RcsAvailabilityUtilForProvisioningEngineV2: success updating RCS availability asynch
04-04 21:43:05.499  9181  9181 W BugleRcsEngine: [2] szm.b: Unexpected action: android.telephony.action.DEFAULT_SUBSCRIPTION_CHANGED
04-04 21:43:05.502  9181  9197 I RcsProvisioning: Failed to read config: no config found /data/user/0/com.google.android.apps.messaging/files/rcsconfig (No such file or directory)
04-04 21:43:05.505  9181  9181 I BugleRcsProvisioning: RcsProvisioningEventReceiver: Received ProvisioningEvent: Request Bugle information
04-04 21:43:05.507  9181  9227 I BugleRcsEngine: [463046] szo.b: SIM delay is not enabled
04-04 21:43:05.509  9181  9227 W BugleRcsEngine: [463046] szm.c: process intent: android.intent.action.SIM_STATE_CHANGED
04-04 21:43:05.523  9181  9237 I BugleRcs: RcsAvailabilityUtilForProvisioningEngineV2: updated datastore for rcs availability, simId: , availability: DISABLED_MULTI_SLOT_DEVICE
04-04 21:43:05.528  9181  9240 D NetworkSecurityConfig: No Network Security Config specified, using platform default
04-04 21:43:05.535  9181  9181 I Bugle   : SimChangeReceiver: action: com.google.android.ims.SIM_ABSENT
04-04 21:43:05.543  9181  9181 I BugleRcsEngine: [2] yrg.disconnect: Disconnecting ChatSessionService
04-04 21:43:05.543  9181  9232 W Bugle   : SubscriptionMetadataUtils get: invalid subId = -1
04-04 21:43:05.545  9181  9181 I BugleRcsEngine: [2] yrg.disconnect: Disconnecting ContactsService
04-04 21:43:05.545  9181  9181 I BugleRcsEngine: [2] yrg.disconnect: Disconnecting FileTransferService
04-04 21:43:05.546  9181  9181 I BugleRcsEngine: [2] yrg.disconnect: Disconnecting LocationSharingService
04-04 21:43:05.548  9181  9181 I BugleRcsEngine: [2] yrg.disconnect: Disconnecting ImsConnectionTrackerService
04-04 21:43:05.550  9181  9181 I BugleRcsEngine: [2] yrg.disconnect: Disconnecting RcsProfileService
04-04 21:43:05.552  9181  9181 I BugleRcsEngine: [2] yrg.disconnect: Disconnecting BusinessInfoService
04-04 21:43:05.555  9181  9181 I BugleRcsProvisioning: RcsProvisioningEventReceiver: Received ProvisioningEvent: Availability updated
04-04 21:43:05.555  9181  9181 I BugleRcsProvisioning: RcsProvisioningEventReceiver: Bugle receives rcs availability update to: 9
04-04 21:43:05.555  9181  9232 W Bugle   : SubscriptionMetadataUtils get: invalid subId = -1
04-04 21:43:05.556  9181  9232 W Bugle   : Get mms config failed: invalid subId. subId=-1, real subId=-1, map={ }
04-04 21:43:05.574  9181  9181 I BugleRcsEngine: [2] yrg.disconnect: Disconnecting ChatSessionService
04-04 21:43:05.575  9181  9181 I BugleRcsEngine: [2] yrg.disconnect: Disconnecting ContactsService
04-04 21:43:05.576  9181  9181 I BugleRcsEngine: [2] yrg.disconnect: Disconnecting FileTransferService
04-04 21:43:05.577  9181  9181 I BugleRcsEngine: [2] yrg.disconnect: Disconnecting LocationSharingService
04-04 21:43:05.578  9181  9181 I BugleRcsEngine: [2] yrg.disconnect: Disconnecting ImsConnectionTrackerService
04-04 21:43:05.578  9181  9181 I BugleRcsEngine: [2] yrg.disconnect: Disconnecting RcsProfileService
04-04 21:43:05.579  9181  9181 I BugleRcsEngine: [2] yrg.disconnect: Disconnecting BusinessInfoService
04-04 21:43:05.590  1456  3927 W ActivityManager: Background start not allowed: service Intent { cmp=com.google.android.apps.messaging/.shared.datamodel.action.execution.ActionExecutorImpl$EmptyService } to com.google.android.apps.messaging/.shared.datamodel.action.execution.ActionExecutorImpl$EmptyService from pid=9181 uid=10110 pkg=com.google.android.apps.messaging
04-04 21:43:05.593  9181  9234 I BugleBackup: Registering preference change listener for "bugle".
04-04 21:43:05.593  9181  9232 I BugleBackup: Registering preference change listener for "buglesub_-1".
04-04 21:43:05.595  9181  9230 I BugleRcs: RcsAvailabilityUtilForProvisioningEngineV2: updated datastore for rcs availability, simId: , availability: DISABLED_SIM_ABSENT
04-04 21:43:05.604  9181  9243 E BugleRcsEngine: [463062] szm.k: Default SIM info not updated.
04-04 21:43:05.605  9181  9243 I BugleRcsEngine: [463062] szm.k: Processing an intent
04-04 21:43:05.611  9181  9181 I BugleRcsProvisioning: RcsProvisioningEventReceiver: Received ProvisioningEvent: Update provisioning status
04-04 21:43:05.614  9181  9243 I BugleRcsEngine: [463062] szm.a: Ignoring duplicate SIM state: ABSENT
04-04 21:43:05.631  9181  9181 I BugleRcsProvisioning: RcsProvisioningEventReceiver: Received ProvisioningEvent: Request Bugle information
04-04 21:43:05.644  9181  9237 W Bugle   : SubscriptionMetadataUtils get: invalid subId = -1
04-04 21:43:05.651  9181  9181 I BugleRcsProvisioning: RcsProvisioningEventReceiver: Received ProvisioningEvent: Update provisioning status
04-04 21:43:05.654  9181  9237 W Bugle   : SubscriptionMetadataUtils get: invalid subId = -1
04-04 21:43:05.657  9181  9261 W Bugle   : SubscriptionMetadataUtils get: invalid subId = -1
04-04 21:43:05.666  9181  9261 W Bugle   : SubscriptionMetadataUtils get: invalid subId = -1
04-04 21:43:05.668  9181  9237 W Bugle   : SubscriptionMetadataUtils get: invalid subId = -1
04-04 21:43:05.670  9181  9261 I Bugle   : CountryCodeDetector: updateMainDeviceCountry from system locale as fallback. detected country: US
04-04 21:43:05.676  9181  9237 W Bugle   : SubscriptionMetadataUtils get: invalid subId = -1
04-04 21:43:05.684  9181  9232 W Bugle   : SubscriptionMetadataUtils get: invalid subId = -1
04-04 21:43:05.699  9181  9232 I chatty  : uid=10110(com.google.android.apps.messaging) BG Thread #1 identical 2 lines
04-04 21:43:05.705  9181  9232 W Bugle   : SubscriptionMetadataUtils get: invalid subId = -1
04-04 21:43:05.749  9181  9197 I RcsProvisioning: Failed to read config: no config found /data/user/0/com.google.android.apps.messaging/files/rcsconfig (No such file or directory)
04-04 21:43:05.820  9181  9187 I zygote  : Do partial code cache collection, code=22KB, data=31KB
04-04 21:43:05.821  9181  9187 I zygote  : After code cache collection, code=20KB, data=30KB
04-04 21:43:05.821  9181  9187 I zygote  : Increasing code cache capacity to 128KB
04-04 21:43:05.853  9181  9197 E BugleRcsEngine: [463036] sub.a: File not found.: java.io.FileNotFoundException: /data/user/0/com.google.android.apps.messaging/files/httpft_pending (No such file or directory)
04-04 21:43:05.853  9181  9197 E BugleRcsEngine: 	at java.io.FileInputStream.open0(Native Method)
04-04 21:43:05.853  9181  9197 E BugleRcsEngine: 	at java.io.FileInputStream.open(FileInputStream.java:200)
04-04 21:43:05.853  9181  9197 E BugleRcsEngine: 	at java.io.FileInputStream.<init>(FileInputStream.java:150)
04-04 21:43:05.853  9181  9197 E BugleRcsEngine: 	at android.app.ContextImpl.openFileInput(ContextImpl.java:530)
04-04 21:43:05.853  9181  9197 E BugleRcsEngine: 	at android.content.ContextWrapper.openFileInput(ContextWrapper.java:195)
04-04 21:43:05.853  9181  9197 E BugleRcsEngine: 	at sub.a(PG:37)
04-04 21:43:05.853  9181  9197 E BugleRcsEngine: 	at com.google.android.apps.messaging.rcsmigration.RcsStateProvider.buildRcsState(PG:45)
04-04 21:43:05.853  9181  9197 E BugleRcsEngine: 	at com.google.android.apps.messaging.rcsmigration.RcsStateProvider.getRcsState(PG:57)
04-04 21:43:05.853  9181  9197 E BugleRcsEngine: 	at com.google.android.ims.rcsmigration.IRcsStateProvider$Stub.dispatchTransaction(PG:8)
04-04 21:43:05.853  9181  9197 E BugleRcsEngine: 	at com.google.android.aidl.BaseStub.onTransact(PG:9)
04-04 21:43:05.853  9181  9197 E BugleRcsEngine: 	at android.os.Binder.execTransact(Binder.java:697)
04-04 21:43:05.869  9142  9177 I CarrierServices: [463053] brf.doInBackground: Saving RCS State
04-04 21:43:05.870  9142  9177 I CarrierServices: [463053] brf.doInBackground: Old operation mode: 2
04-04 21:43:05.871  9142  9177 I CarrierServices: [463053] brf.doInBackground: New operation mode: 2
04-04 21:43:05.871  9142  9164 I CarrierServices: [463041] cmn.a: Received Provisioning Event: [Bugle information (100)]
04-04 21:43:05.871  9142  9177 I CarrierServices: [463053] cmn.a: Received Provisioning Event: [Bugle information (100)]
04-04 21:43:05.872  9142  9177 I CarrierServices: [463053] cmn.a: JibeService is running, passing event to provisioning engine.
04-04 21:43:05.872  9142  9164 I CarrierServices: [463041] cmn.a: JibeService is running, passing event to provisioning engine.
04-04 21:43:05.872  9142  9177 I CarrierServices: [463053] cdj.a: Handling Provisioning Event: [Bugle information (100)]
04-04 21:43:05.872  9142  9164 I CarrierServices: [463041] cdj.a: Handling Provisioning Event: [Bugle information (100)]
04-04 21:43:05.873  9142  9142 I CarrierServices: [2] brf.onPostExecute: Finalizing migration for RCS state: Operation mode FULL STACK
04-04 21:43:05.874  9142  9159 I CarrierServices: [463036] cmn.a: Received Provisioning Event: [Bugle information (100)]
04-04 21:43:05.874  9142  9159 I CarrierServices: [463036] cmn.a: JibeService is running, passing event to provisioning engine.
04-04 21:43:05.874  9142  9164 I CarrierServices: [463041] cev.a: RcsAvailabilityManager: Calculating Rcs Availability
04-04 21:43:05.874  9142  9159 I CarrierServices: [463036] cdj.a: Handling Provisioning Event: [Bugle information (100)]
04-04 21:43:05.877  9142  9159 I CarrierServices: [463036] cev.a: RcsAvailabilityManager: Calculating Rcs Availability
04-04 21:43:05.879  9181  9197 I BugleRcsEngine: [463036] RcsStateProvider.onMigrationComplete: Migration complete.
04-04 21:43:05.880  9142  9177 I CarrierServices: [463053] cev.a: RcsAvailabilityManager: Calculating Rcs Availability
04-04 21:43:05.881  9142  9164 I CarrierServices: [463041] cev.a: RcsAvailabilityManager: Rcs Availability still DISABLED_SIM_ABSENT (RCS is disabled due to SIM absent)
04-04 21:43:05.883  9142  9142 I CarrierServices: [2] brg.a: Unbinding RcsMigrationService
04-04 21:43:05.886  9142  9159 I CarrierServices: [463036] cev.a: RcsAvailabilityManager: Rcs Availability still DISABLED_SIM_ABSENT (RCS is disabled due to SIM absent)
04-04 21:43:05.887  9181  9267 I BugleRcsEngine: [463086] tgj.c: Checking if using CarrierServices.apk is possible. Enabled: true, isAtLeastM: true, runningInsideBugle: true
04-04 21:43:05.889  9142  9206 I CarrierServices: [463067] cmn.a: Received Provisioning Event: [Bugle information (100)]
04-04 21:43:05.889  9142  9177 I CarrierServices: [463053] cev.a: RcsAvailabilityManager: Rcs Availability still DISABLED_SIM_ABSENT (RCS is disabled due to SIM absent)
04-04 21:43:05.890  9142  9206 I CarrierServices: [463067] cmn.a: JibeService is running, passing event to provisioning engine.
04-04 21:43:05.890  9181  9267 I BugleRcsEngine: [463086] RcsStateProvider.lambda$onMigrationComplete$0$RcsStateProvider: Rcs Engine should be running in cs.apk. Stopping JibeService.
04-04 21:43:05.890  9142  9206 I CarrierServices: [463067] cdj.a: Handling Provisioning Event: [Bugle information (100)]
04-04 21:43:05.891  9181  9267 I BugleRcsEngine: [463086] yrg.disconnect: Disconnecting ChatSessionService
04-04 21:43:05.891  9181  9267 I BugleRcsEngine: [463086] yrg.disconnect: Disconnecting ContactsService
04-04 21:43:05.891  9142  9206 I CarrierServices: [463067] cev.a: RcsAvailabilityManager: Calculating Rcs Availability
04-04 21:43:05.892  9181  9267 I BugleRcsEngine: [463086] yrg.disconnect: Disconnecting FileTransferService
04-04 21:43:05.892  9181  9267 I BugleRcsEngine: [463086] yrg.disconnect: Disconnecting LocationSharingService
04-04 21:43:05.893  9181  9267 I BugleRcsEngine: [463086] yrg.disconnect: Disconnecting ImsConnectionTrackerService
04-04 21:43:05.893  9181  9267 I BugleRcsEngine: [463086] yrg.disconnect: Disconnecting RcsProfileService
04-04 21:43:05.893  9181  9267 I BugleRcsEngine: [463086] yrg.disconnect: Disconnecting BusinessInfoService
04-04 21:43:05.895  9181  9267 I BugleRcsEngine: [463086] RcsStateProvider.lambda$onMigrationComplete$0$RcsStateProvider: JibeService stopped: false
04-04 21:43:05.896  9181  9267 I BugleRcsEngine: [463086] yrg.connect: Connecting ChatSessionService
04-04 21:43:05.896  9142  9206 I CarrierServices: [463067] cev.a: RcsAvailabilityManager: Rcs Availability still DISABLED_SIM_ABSENT (RCS is disabled due to SIM absent)
04-04 21:43:05.899  9181  9267 I BugleRcsEngine: [463086] yrg.connect: shouldUseCarrierServicesJibeService: true, CarrierServices rcs service found: true
04-04 21:43:05.900  9181  9267 I BugleRcsEngine: [463086] yrg.connect: Binding to JibeService in CarrierServices.
04-04 21:43:05.903  9181  9267 I BugleRcsEngine: [463086] yrg.connect: Connecting EventService
04-04 21:43:05.907  9181  9267 I BugleRcsEngine: [463086] yrg.connect: shouldUseCarrierServicesJibeService: true, CarrierServices rcs service found: true
04-04 21:43:05.907  9181  9267 I BugleRcsEngine: [463086] yrg.connect: Binding to JibeService in CarrierServices.
04-04 21:43:05.910  9181  9267 I BugleRcsEngine: [463086] yrg.connect: Connecting ContactsService
04-04 21:43:05.910  9181  9181 I RcsClientLib: Service com.google.android.rcs.client.chatsession.ChatSessionService connected. Will notify listeners: true
04-04 21:43:05.914  9181  9267 I BugleRcsEngine: [463086] yrg.connect: shouldUseCarrierServicesJibeService: true, CarrierServices rcs service found: true
04-04 21:43:05.914  9181  9267 I BugleRcsEngine: [463086] yrg.connect: Binding to JibeService in CarrierServices.
04-04 21:43:05.916  9181  9181 I RcsClientLib: Service com.google.android.rcs.client.events.EventService connected. Will notify listeners: true
04-04 21:43:05.917  9181  9267 I BugleRcsEngine: [463086] yrg.connect: Connecting FileTransferService
04-04 21:43:05.921  9181  9267 I BugleRcsEngine: [463086] yrg.connect: shouldUseCarrierServicesJibeService: true, CarrierServices rcs service found: true
04-04 21:43:05.921  9181  9267 I BugleRcsEngine: [463086] yrg.connect: Binding to JibeService in CarrierServices.
04-04 21:43:05.923  9181  9181 I RcsClientLib: Service com.google.android.rcs.client.contacts.ContactsService connected. Will notify listeners: true
04-04 21:43:05.924  9181  9267 I BugleRcsEngine: [463086] yrg.connect: Connecting LocationSharingService
04-04 21:43:05.927  9181  9267 I BugleRcsEngine: [463086] yrg.connect: shouldUseCarrierServicesJibeService: true, CarrierServices rcs service found: true
04-04 21:43:05.928  9181  9267 I BugleRcsEngine: [463086] yrg.connect: Binding to JibeService in CarrierServices.
04-04 21:43:05.930  9181  9181 I RcsClientLib: Service com.google.android.rcs.client.filetransfer.FileTransferService connected. Will notify listeners: true
04-04 21:43:05.930  9181  9267 I BugleRcsEngine: [463086] yrg.connect: Connecting ImsConnectionTrackerService
04-04 21:43:05.934  9181  9267 I BugleRcsEngine: [463086] yrg.connect: shouldUseCarrierServicesJibeService: true, CarrierServices rcs service found: true
04-04 21:43:05.935  9181  9267 I BugleRcsEngine: [463086] yrg.connect: Binding to JibeService in CarrierServices.
04-04 21:43:05.936  9181  9181 I RcsClientLib: Service com.google.android.rcs.client.locationsharing.LocationSharingService connected. Will notify listeners: true
04-04 21:43:05.937  9181  9267 I BugleRcsEngine: [463086] yrg.connect: Connecting RcsProfileService
04-04 21:43:05.941  9181  9267 I BugleRcsEngine: [463086] yrg.connect: shouldUseCarrierServicesJibeService: true, CarrierServices rcs service found: true
04-04 21:43:05.941  9181  9267 I BugleRcsEngine: [463086] yrg.connect: Binding to JibeService in CarrierServices.
04-04 21:43:05.944  9181  9181 I RcsClientLib: Service com.google.android.rcs.client.ims.ImsConnectionTrackerService connected. Will notify listeners: true
04-04 21:43:05.944  9181  9267 I BugleRcsEngine: [463086] yrg.connect: Connecting BusinessInfoService
04-04 21:43:05.948  9181  9267 I BugleRcsEngine: [463086] yrg.connect: shouldUseCarrierServicesJibeService: true, CarrierServices rcs service found: true
04-04 21:43:05.949  9181  9267 I BugleRcsEngine: [463086] yrg.connect: Binding to JibeService in CarrierServices.
04-04 21:43:05.968  9181  9267 I RcsProvisioning: Failed to read config: no config found /data/user/0/com.google.android.apps.messaging/files/rcsconfig (No such file or directory)
04-04 21:43:05.995  9142  9153 E CarrierServices: [463030] coc.a: Invalid signature found for com.android.contacts: 133C95C5F20BA6481C493541241961C0DC0415A8
04-04 21:43:06.019  9142  9153 E CarrierServices: [463030] coc.a: Invalid signature found for com.android.contacts: 133C95C5F20BA6481C493541241961C0DC0415A8
04-04 21:43:06.042  9181  9181 I RcsClientLib: Service com.google.android.rcs.client.profile.RcsProfileService connected. Will notify listeners: true
04-04 21:43:06.048  9142  9154 W CarrierServices: [463031] ccb.c: No config URL available.
04-04 21:43:06.050  9181  9181 I BugleRcs: RcsAvailability ACS url: null
04-04 21:43:06.050  9181  9181 I RcsClientLib: Service com.google.android.rcs.client.businessinfo.BusinessInfoService connected. Will notify listeners: true
04-04 21:43:06.056  9142  9154 W CarrierServices: [463031] ccb.c: No config URL available.
04-04 21:43:06.057  9181  9181 I BugleRcs: RcsAvailability ACS url: null
04-04 21:43:06.089  9181  9267 I BugleRcsEngine: [463086] sub.a: Deleted transfers file: false
04-04 21:43:06.093  9181  9267 I RcsProvisioning: Failed to read config: no config found /data/user/0/com.google.android.apps.messaging/files/rcsconfig (No such file or directory)
04-04 21:43:06.184  1456  2923 I ActivityManager: Force stopping org.mozilla.fennec_aurora appid=11227 user=0: from pid 9275
04-04 21:43:06.185  1456  2923 I ActivityManager: Killing 8914:org.mozilla.fennec_aurora/u0a1227 (adj 700): stop org.mozilla.fennec_aurora
04-04 21:43:06.191  1456  1605 W zygote  : kill(-8914, 9) failed: No such process
04-04 21:43:06.192  1456  2923 W ActivityManager: Force removing ActivityRecord{31e543c u0 org.mozilla.fennec_aurora/org.mozilla.fenix.HomeActivity t54620}: app died, no saved state
04-04 21:43:06.202  1456  2923 I ActivityManager: Killing 8996:org.mozilla.fennec_aurora:tab0/u0a1227 (adj 0): stop org.mozilla.fennec_aurora
04-04 21:43:06.206  1456  1605 W zygote  : kill(-8914, 9) failed: No such process
04-04 21:43:06.213  2398  2398 D CarrierSvcBindHelper: No carrier app for: 0
04-04 21:43:06.214  2398  2398 D CarrierSvcBindHelper: No carrier app for: 1
04-04 21:43:06.222  1456  1605 W zygote  : kill(-8914, 9) failed: No such process
04-04 21:43:06.253  1456  3927 D ConnectivityService: ConnectivityService NetworkRequestInfo binderDied(NetworkRequest [ TRACK_DEFAULT id=35851, [ Capabilities: INTERNET&NOT_RESTRICTED&TRUSTED&NOT_VPN] ], android.os.BinderProxy@318e8e0)
04-04 21:43:06.253  1456  1605 I chatty  : uid=1000(system) ActivityManager identical 4 lines
04-04 21:43:06.254  1456  2067 D ConnectivityService: releasing NetworkRequest [ TRACK_DEFAULT id=35851, [ Capabilities: INTERNET&NOT_RESTRICTED&TRUSTED&NOT_VPN] ] (release request)
04-04 21:43:06.254  1456  1673 W ActivityManager: setHasOverlayUi called on unknown pid: 8914
04-04 21:43:06.269  1456  1605 W zygote  : kill(-8914, 9) failed: No such process
04-04 21:43:06.269  1456  1605 I zygote  : Successfully killed process cgroup uid 11227 pid 8914 in 78ms
04-04 21:43:06.269  1456  1605 W zygote  : kill(-8996, 9) failed: No such process
04-04 21:43:06.269  1456  1605 I zygote  : Successfully killed process cgroup uid 11227 pid 8996 in 0ms
04-04 21:43:06.310  1456  2196 I ActivityManager: START u0 {act=android.intent.action.MAIN cat=[android.intent.category.LAUNCHER] flg=0x10000000 cmp=org.mozilla.fennec_aurora/.App} from uid 2000
04-04 21:43:06.311   794   839 E ANDR-PERF-RESOURCEQS: Failed to apply optimization [4, 0]
04-04 21:43:06.332  1456  1471 I ActivityManager: Start proc 9282:org.mozilla.fennec_aurora/u0a1227 for activity org.mozilla.fennec_aurora/.App
04-04 21:43:06.419 28336 28379 I MicroDetectionState: Should stop hotword detection immediately - false
04-04 21:43:06.419 28336 28379 I MicroDetector: Keeping mic open: false
04-04 21:43:06.419 28336 28379 I RecognitionAudioControl: #shutdownAudio [requestId: 5016174899258201986, keepAudioOpen: false, forced: true]
04-04 21:43:06.419 28336  8888 E DeviceStateChecker: DeviceStateChecker cancelled
04-04 21:43:06.419 28336 28379 I RecognitionAudioControl: #internalShutdownAudio [requestId: 5016174899258201986]
04-04 21:43:06.419 28336 28379 I RecognitionAudioControl: #internalShutdownAudio [keepAudioOpen: false, forced: true]
04-04 21:43:06.420 28336 28379 I RecognitionAudioControl: #actualShutdownAudio
04-04 21:43:06.420 28336 28379 I AudioController: #shutdown [requestId=5016174899258201986]
04-04 21:43:06.420 28336 28366 I AudioController: internalShutdown
04-04 21:43:06.420 28336 28378 I MicroRecognitionRunner: Stopping hotword detection.
04-04 21:43:06.471   788  1479 D audio_hw_primary: disable_audio_route: usecase(9) reset and update mixer path: audio-record
04-04 21:43:06.472   788  1479 D audio_hw_primary: disable_snd_device: snd_device(120: voice-rec-mic)
04-04 21:43:06.473  1012 26683 D APM_AudioPolicyManager: stopInput() input 276854, session 276969
04-04 21:43:06.473   788   788 D audio_hw_primary: in_set_parameters: enter: kvpairs=routing=0
04-04 21:43:06.474 28336 28366 I MicrophoneInputStream: mic_close  SR : 16000 CC : 16 SO : 1999
04-04 21:43:06.474 28336 28366 E AudioSource: Stop listening is called on already closed AudioSource
04-04 21:43:06.476 28336  8887 I MicroRecognitionRunner: Detection finished
04-04 21:43:06.502  9282  9282 I chatty  : uid=11227(org.mozilla.fennec_aurora) expire 58 lines
04-04 21:43:06.576  9282  9301 I chatty  : uid=11227(org.mozilla.fennec_aurora) expire 4 lines
04-04 21:43:06.607  9282  9309 I chatty  : uid=11227(org.mozilla.fennec_aurora) expire 14 lines
04-04 21:43:06.625  9282  9308 I chatty  : uid=11227(org.mozilla.fennec_aurora) expire 17 lines
04-04 21:43:06.629  9282  9312 I chatty  : uid=11227(org.mozilla.fennec_aurora) expire 27 lines
04-04 21:43:06.725  9282  9320 I chatty  : uid=11227(org.mozilla.fennec_aurora) expire 1 line
04-04 21:43:06.775  9282  9330 I chatty  : uid=11227(org.mozilla.fennec_aurora) expire 10 lines
04-04 21:43:06.790  9282  9287 I chatty  : uid=11227(org.mozilla.fennec_aurora) expire 8 lines
04-04 21:43:06.814  1456  1471 I ActivityManager: START u0 {act=android.intent.action.MAIN cat=[android.intent.category.LAUNCHER] flg=0x10000000 cmp=org.mozilla.fennec_aurora/org.mozilla.fenix.HomeActivity (has extras)} from uid 11227
04-04 21:43:06.830   808   808 D SurfaceFlinger: duplicate layer name: changing Splash Screen org.mozilla.fennec_aurora to Splash Screen org.mozilla.fennec_aurora#1
04-04 21:43:06.871  1456  5031 I ActivityManager: Start proc 9361:org.mozilla.fennec_aurora:tab0/u0a1227 for service org.mozilla.fennec_aurora/org.mozilla.gecko.process.GeckoChildProcessServices$tab0
04-04 21:43:07.010  9361  9361 I chatty  : uid=11227(org.mozilla.fennec_aurora) expire 2 lines
04-04 21:43:07.011  9361  9383 I chatty  : uid=11227(org.mozilla.fennec_aurora) expire 1 line
04-04 21:43:07.200  8460  8473 E AuthStateProvider: Calling package disagreement. Legacy: org.mozilla.fennec.sharedID:11227, new API: org.mozilla.fennec_aurora
04-04 21:43:07.200  8460  8473 D AuthStateProvider: Caller must be whitelisted.
04-04 21:43:07.201  9282  9282 E ActivityThread: Failed to find provider info for org.mozilla.fennec_aurora.fxa.auth
04-04 21:43:07.287  9282  9391 I chatty  : uid=11227(org.mozilla.fennec_aurora) expire 9 lines
04-04 21:43:07.600  9282  9399 I chatty  : uid=11227(org.mozilla.fennec_aurora) expire 2 lines
04-04 21:43:07.614  1456  1673 I LaunchCheckinHandler: Displayed org.mozilla.fennec_aurora/org.mozilla.fenix.HomeActivity,wp,ca,742
04-04 21:43:07.616  1456  1673 I ActivityManager: Displayed org.mozilla.fennec_aurora/org.mozilla.fenix.HomeActivity: +739ms (total +1s292ms)
04-04 21:43:07.643 28336 28336 I MemoryTrimmer: Trimming objects from memory, since app is in the background.
04-04 21:43:07.649 28336 28379 E AudioSource: Stop listening is called on already closed AudioSource
04-04 21:43:07.653 28336  8368 I PBSessionCacheImpl: Deleted sessionId[124624629806621457] from persistence.
04-04 21:43:07.653 28336 28336 I MemoryTrimmer: Trimming objects from memory, since app is in the background.
04-04 21:43:07.656  1456  2918 I WifiService: getWifiEnabledState uid=10073
04-04 21:43:07.659 28336 28379 I DEBUG   : OpaToSrpTransitionState#onStateChanged#notNullQuery
04-04 21:43:07.660 28336 28379 I DEBUG   : OpaToSrpTransitionState#onStateChanged#notNullQuery
04-04 21:43:07.662 28336 28379 W SearchServiceCore: Abort, client detached.
04-04 21:43:07.680  8460  8473 E AuthStateProvider: Calling package disagreement. Legacy: org.mozilla.fennec.sharedID:11227, new API: org.mozilla.fennec_aurora
04-04 21:43:07.680  8460  8473 D AuthStateProvider: Caller must be whitelisted.
04-04 21:43:07.681  9282  9282 E ActivityThread: Failed to find provider info for org.mozilla.fennec_aurora.fxa.auth
04-04 21:43:07.777  1023  9414 D libc    : Internal error: netid(0), id(0xed79), server(0.0.0.0)
04-04 21:43:07.778  1023  9414 D libc    : Internal error: netid(0), id(0xed79), server(0.0.0.0)
04-04 21:43:07.778  1023  9414 D libc    : Internal error: netid(0), id(0xfd5e), server(0.0.0.0)
04-04 21:43:07.778  1023  9414 D libc    : Internal error: netid(0), id(0xfd5e), server(0.0.0.0)
04-04 21:43:07.799  1023  9423 D libc    : Internal error: netid(0), id(0xd41f), server(0.0.0.0)
04-04 21:43:07.799  1023  9423 D libc    : Internal error: netid(0), id(0xd41f), server(0.0.0.0)
04-04 21:43:07.800  1023  9423 D libc    : Internal error: netid(0), id(0x846a), server(0.0.0.0)
04-04 21:43:07.800  1023  9423 D libc    : Internal error: netid(0), id(0x846a), server(0.0.0.0)
04-04 21:43:07.801  1023  9425 D libc    : Internal error: netid(0), id(0x536f), server(0.0.0.0)
04-04 21:43:07.802  1023  9425 D libc    : Internal error: netid(0), id(0x536f), server(0.0.0.0)
04-04 21:43:07.802  1023  9425 D libc    : Internal error: netid(0), id(0x9737), server(0.0.0.0)
04-04 21:43:07.802  1023  9425 D libc    : Internal error: netid(0), id(0x9737), server(0.0.0.0)
04-04 21:43:07.804  9282  9311 I chatty  : uid=11227(org.mozilla.fennec_aurora) expire 1 line
04-04 21:43:07.804  9282  9336 I chatty  : uid=11227(org.mozilla.fennec_aurora) expire 1 line
04-04 21:43:07.821  1023  9431 D libc    : Internal error: netid(0), id(0x572b), server(0.0.0.0)
04-04 21:43:07.821  1023  9431 D libc    : Internal error: netid(0), id(0x572b), server(0.0.0.0)
04-04 21:43:07.822  1023  9431 D libc    : Internal error: netid(0), id(0x8d45), server(0.0.0.0)
04-04 21:43:07.822  1023  9437 D libc    : Internal error: netid(0), id(0xc27c), server(0.0.0.0)
04-04 21:43:07.822  1023  9437 D libc    : Internal error: netid(0), id(0xc27c), server(0.0.0.0)
04-04 21:43:07.823  1023  9437 D libc    : Internal error: netid(0), id(0xbe33), server(0.0.0.0)
04-04 21:43:07.823  1023  9431 D libc    : Internal error: netid(0), id(0x8d45), server(0.0.0.0)
04-04 21:43:07.823  1023  9437 D libc    : Internal error: netid(0), id(0xbe33), server(0.0.0.0)
04-04 21:43:07.825  1023  9442 D libc    : Internal error: netid(0), id(0xa052), server(0.0.0.0)
04-04 21:43:07.826  1023  9442 D libc    : Internal error: netid(0), id(0xa052), server(0.0.0.0)
04-04 21:43:07.826  1023  9442 D libc    : Internal error: netid(0), id(0x932d), server(0.0.0.0)
04-04 21:43:07.826  1023  9442 D libc    : Internal error: netid(0), id(0x932d), server(0.0.0.0)
04-04 21:43:07.846  9282  9443 I chatty  : uid=11227(org.mozilla.fennec_aurora) expire 1 line
04-04 21:43:10.289  9181  9234 V AssistantIntegClient: #getAssistantConfig
04-04 21:43:10.339  9181  9234 I BugleNetwork: Startup: registering tachyon.
04-04 21:43:10.362  9181  9251 W AssistantConfig: appIntegrationDataInBase64 is null
04-04 21:43:10.460 13975 14049 I Icing   : IndexChimeraService.getServiceInterface callingPackage=com.google.android.apps.messaging componentName=null serviceId=32
04-04 21:43:10.481 13975  6461 W Icing   : No valid account for uploading user actions
04-04 21:43:10.522  9181  9234 W zygote  : Unsupported class loader
04-04 21:43:10.547  9181  9234 W zygote  : Skipping duplicate class check due to unsupported classloader
04-04 21:43:10.551  9181  9234 I DynamiteModule: Considering local module com.google.android.gms.cronet_dynamite:0 and remote module com.google.android.gms.cronet_dynamite:1211
04-04 21:43:10.551  9181  9234 I DynamiteModule: Selected remote version of com.google.android.gms.cronet_dynamite, version >= 1211
04-04 21:43:10.551  9181  9234 V DynamiteModule: Dynamite loader version >= 2, using loadModule2NoCrashUtils
04-04 21:43:10.566  9181  9232 I Bugle   : BugleMddTaskScheduler: Scheduling MDD job, tag: MDD.CHARGING.PERIODIC.TASK, period: 21600
04-04 21:43:10.576  9181  9232 I Bugle   : BugleMddTaskScheduler: Scheduling MDD job, tag: MDD.MAINTENANCE.PERIODIC.GCM.TASK, period: 86400
04-04 21:43:10.590  9181  9232 I Bugle   : BugleMddTaskScheduler: Scheduling MDD job, tag: MDD.CELLULAR.CHARGING.PERIODIC.TASK, period: 21600
04-04 21:43:10.590  9181  9237 I Bugle   : VerifiedSmsStartupTask: Checking if Verified SMS tasks should be enqueued. feature enabled: true, eligible: false
04-04 21:43:10.590 13975  6461 I Icing   : Usage reports ok 1, Failed Usage reports 0, indexed 0, rejected 0
04-04 21:43:10.591  9181  9237 I Bugle   : VerifiedSmsStartupTask: Not enqueuing Verified SMS periodic task, Verified SMS is disabled.
04-04 21:43:10.592  9181  9237 E Bugle   : AssistantIntegrationStartupTask: Error getting assistant availability.
04-04 21:43:10.592  9181  9237 E Bugle   : java.lang.IllegalStateException: Failed to query to AGSA.
04-04 21:43:10.592  9181  9237 E Bugle   : 	at tky.onPostExecute(PG:23)
04-04 21:43:10.592  9181  9237 E Bugle   : 	at android.os.AsyncTask.finish(AsyncTask.java:695)
04-04 21:43:10.592  9181  9237 E Bugle   : 	at android.os.AsyncTask.-wrap1(Unknown Source:0)
04-04 21:43:10.592  9181  9237 E Bugle   : 	at android.os.AsyncTask$InternalHandler.handleMessage(AsyncTask.java:712)
04-04 21:43:10.592  9181  9237 E Bugle   : 	at android.os.Handler.dispatchMessage(Handler.java:106)
04-04 21:43:10.592  9181  9237 E Bugle   : 	at android.os.Looper.loop(Looper.java:164)
04-04 21:43:10.592  9181  9237 E Bugle   : 	at android.app.ActivityThread.main(ActivityThread.java:6626)
04-04 21:43:10.592  9181  9237 E Bugle   : 	at java.lang.reflect.Method.invoke(Native Method)
04-04 21:43:10.592  9181  9237 E Bugle   : 	at com.android.internal.os.RuntimeInit$MethodAndArgsCaller.run(RuntimeInit.java:438)
04-04 21:43:10.592  9181  9237 E Bugle   : 	at com.android.internal.os.ZygoteInit.main(ZygoteInit.java:811)
04-04 21:43:10.601  9181  9232 I Bugle   : BugleMddTaskScheduler: Scheduling MDD job, tag: MDD.WIFI.CHARGING.PERIODIC.TASK, period: 3600
04-04 21:43:10.609  9181  9232 I Bugle   : BugleMddTaskScheduler: Successfully updated period. tag: MDD.WIFI.CHARGING.PERIODIC.TASK, period: 3600
04-04 21:43:10.609  9181  9232 I Bugle   : BugleMddTaskScheduler: Successfully updated period. tag: MDD.CELLULAR.CHARGING.PERIODIC.TASK, period: 21600
04-04 21:43:10.609  9181  9232 I Bugle   : BugleMddTaskScheduler: Successfully updated period. tag: MDD.MAINTENANCE.PERIODIC.GCM.TASK, period: 86400
04-04 21:43:10.610  9181  9232 I Bugle   : BugleMddTaskScheduler: Successfully updated period. tag: MDD.CHARGING.PERIODIC.TASK, period: 21600
04-04 21:43:10.611  9181  9234 W zygote  : Unsupported class loader
04-04 21:43:10.631  9181  9234 W zygote  : Skipping duplicate class check due to unsupported classloader
04-04 21:43:10.631  9142  9164 I CarrierServices: [463041] cmn.a: Received Provisioning Event: [Bugle information (100)]
04-04 21:43:10.631  9142  9164 I CarrierServices: [463041] cmn.a: JibeService is running, passing event to provisioning engine.
04-04 21:43:10.632  9142  9164 I CarrierServices: [463041] cdj.a: Handling Provisioning Event: [Bugle information (100)]
04-04 21:43:10.633  9142  9164 I CarrierServices: [463041] cev.a: RcsAvailabilityManager: Calculating Rcs Availability
04-04 21:43:10.637  9142  9164 I CarrierServices: [463041] cev.a: RcsAvailabilityManager: Rcs Availability still DISABLED_SIM_ABSENT (RCS is disabled due to SIM absent)
04-04 21:43:10.715  9181  9234 I cr_CronetLibraryLoader: Cronet version: 78.0.3904.96, arch: armv7l
04-04 21:43:10.736  9181  9220 W LibraryVersion: Failed to get app version for libraryName: firebase-iid
04-04 21:43:10.757  9181  9232 W Bugle   : BugleFirebaseInstanceIDManagerImpl: Failed to refresh firebase instance ID
04-04 21:43:10.757  9181  9232 W Bugle   : java.io.IOException: SERVICE_NOT_AVAILABLE
04-04 21:43:10.757  9181  9232 W Bugle   : 	at adgy.a(PG:10)
04-04 21:43:10.757  9181  9232 W Bugle   : 	at reu.run(PG:3)
04-04 21:43:10.757  9181  9232 W Bugle   : 	at java.util.concurrent.ThreadPoolExecutor.runWorker(ThreadPoolExecutor.java:1162)
04-04 21:43:10.757  9181  9232 W Bugle   : 	at java.util.concurrent.ThreadPoolExecutor$Worker.run(ThreadPoolExecutor.java:636)
04-04 21:43:10.757  9181  9232 W Bugle   : 	at java.lang.Thread.run(Thread.java:764)
04-04 21:43:11.231  1456  2921 W ActivityManager: Background start not allowed: service Intent { cmp=com.google.android.apps.messaging/.shared.datamodel.action.execution.ActionExecutorImpl$EmptyService } to com.google.android.apps.messaging/.shared.datamodel.action.execution.ActionExecutorImpl$EmptyService from pid=9181 uid=10110 pkg=com.google.android.apps.messaging
04-04 21:43:11.233  9181  9181 W BugleDataModel: ActionExecutorImpl: Action started execution, but we can't guarantee it will complete, the app may be killed. Action: class com.google.android.apps.messaging.shared.datamodel.action.FixupMessageStatusOnStartupAction-FixupMessageStatusOnStartupAction:18579078995001
04-04 21:43:11.233  9181  9181 W BugleDataModel: java.lang.IllegalStateException: Not allowed to start service Intent { cmp=com.google.android.apps.messaging/.shared.datamodel.action.execution.ActionExecutorImpl$EmptyService }: app is in background uid UidRecord{448ff5a u0a110 CEM  idle change:cached procs:1 seq(0,0,0)}
04-04 21:43:11.233  9181  9181 W BugleDataModel: 	at android.app.ContextImpl.startServiceCommon(ContextImpl.java:1536)
04-04 21:43:11.233  9181  9181 W BugleDataModel: 	at android.app.ContextImpl.startService(ContextImpl.java:1492)
04-04 21:43:11.233  9181  9181 W BugleDataModel: 	at android.content.ContextWrapper.startService(ContextWrapper.java:650)
04-04 21:43:11.233  9181  9181 W BugleDataModel: 	at com.google.android.apps.messaging.shared.datamodel.action.execution.ActionExecutorImpl.a(PG:94)
04-04 21:43:11.233  9181  9181 W BugleDataModel: 	at com.google.android.apps.messaging.shared.datamodel.action.execution.ActionExecutorImpl.a(PG:89)
04-04 21:43:11.233  9181  9181 W BugleDataModel: 	at fib.c(PG:113)
04-04 21:43:11.233  9181  9181 W BugleDataModel: 	at fhy.run(PG:1)
04-04 21:43:11.233  9181  9181 W BugleDataModel: 	at zit.run(PG:3)
04-04 21:43:11.233  9181  9181 W BugleDataModel: 	at android.os.Handler.handleCallback(Handler.java:790)
04-04 21:43:11.233  9181  9181 W BugleDataModel: 	at android.os.Handler.dispatchMessage(Handler.java:99)
04-04 21:43:11.233  9181  9181 W BugleDataModel: 	at android.os.Looper.loop(Looper.java:164)
04-04 21:43:11.233  9181  9181 W BugleDataModel: 	at android.app.ActivityThread.main(ActivityThread.java:6626)
04-04 21:43:11.233  9181  9181 W BugleDataModel: 	at java.lang.reflect.Method.invoke(Native Method)
04-04 21:43:11.233  9181  9181 W BugleDataModel: 	at com.android.internal.os.RuntimeInit$MethodAndArgsCaller.run(RuntimeInit.java:438)
04-04 21:43:11.233  9181  9181 W BugleDataModel: 	at com.android.internal.os.ZygoteInit.main(ZygoteInit.java:811)
04-04 21:43:11.235  1456  2921 W ActivityManager: Background start not allowed: service Intent { cmp=com.google.android.apps.messaging/.shared.datamodel.action.execution.ActionExecutorImpl$EmptyService } to com.google.android.apps.messaging/.shared.datamodel.action.execution.ActionExecutorImpl$EmptyService from pid=9181 uid=10110 pkg=com.google.android.apps.messaging
04-04 21:43:11.237  9181  9181 W BugleDataModel: ActionExecutorImpl: Action started execution, but we can't guarantee it will complete, the app may be killed. Action: class com.google.android.apps.messaging.shared.datamodel.action.ProcessPendingMessagesAction-ProcessPendingMessagesAction:18579078995002
04-04 21:43:11.237  9181  9181 W BugleDataModel: java.lang.IllegalStateException: Not allowed to start service Intent { cmp=com.google.android.apps.messaging/.shared.datamodel.action.execution.ActionExecutorImpl$EmptyService }: app is in background uid UidRecord{448ff5a u0a110 CEM  idle change:cached procs:1 seq(0,0,0)}
04-04 21:43:11.237  9181  9181 W BugleDataModel: 	at android.app.ContextImpl.startServiceCommon(ContextImpl.java:1536)
04-04 21:43:11.237  9181  9181 W BugleDataModel: 	at android.app.ContextImpl.startService(ContextImpl.java:1492)
04-04 21:43:11.237  9181  9181 W BugleDataModel: 	at android.content.ContextWrapper.startService(ContextWrapper.java:650)
04-04 21:43:11.237  9181  9181 W BugleDataModel: 	at com.google.android.apps.messaging.shared.datamodel.action.execution.ActionExecutorImpl.a(PG:94)
04-04 21:43:11.237  9181  9181 W BugleDataModel: 	at com.google.android.apps.messaging.shared.datamodel.action.execution.ActionExecutorImpl.a(PG:89)
04-04 21:43:11.237  9181  9181 W BugleDataModel: 	at fib.c(PG:113)
04-04 21:43:11.237  9181  9181 W BugleDataModel: 	at fhy.run(PG:1)
04-04 21:43:11.237  9181  9181 W BugleDataModel: 	at zit.run(PG:3)
04-04 21:43:11.237  9181  9181 W BugleDataModel: 	at android.os.Handler.handleCallback(Handler.java:790)
04-04 21:43:11.237  9181  9181 W BugleDataModel: 	at android.os.Handler.dispatchMessage(Handler.java:99)
04-04 21:43:11.237  9181  9181 W BugleDataModel: 	at android.os.Looper.loop(Looper.java:164)
