--------- beginning of main
01-18 21:44:36.591   788 10745 E msm8974_platform: platform_set_backend_cfg:becf: afe: Could not get ctl for mixer command - SLIM_0_TX Format
01-18 21:44:36.592   788 10745 V msm8974_platform: platform_send_audio_calibration: sending audio calibration for snd_device(120) acdb_id(62)
01-18 21:44:36.592   788 10745 D ACDB-LOADER: ACDB -> send_audio_cal, acdb_id = 62, path = 1, app id = 0x11130, sample rate = 48000
01-18 21:44:36.592   788 10745 D ACDB-LOADER: ACDB -> send_asm_topology
01-18 21:44:36.592   788 10745 D ACDB-LOADER: ACDB -> ACDB_CMD_GET_AUDPROC_STREAM_TOPOLOGY_ID
01-18 21:44:36.592   788 10745 D ACDB-LOADER: ACDB -> send_adm_topology
01-18 21:44:36.592   788 10745 D ACDB-LOADER: ACDB -> ACDB_CMD_GET_AUDPROC_COMMON_TOPOLOGY_ID
01-18 21:44:36.592   788 10745 D ACDB-LOADER: ACDB -> send_audtable
01-18 21:44:36.592   788 10745 D ACDB-LOADER: ACDB -> ACDB_CMD_GET_AUDPROC_COMMON_TABLE_SIZE
01-18 21:44:36.592   788 10745 D ACDB-LOADER: ACDB -> ACDB_CMD_GET_AUDPROC_COMMON_TABLE
01-18 21:44:36.592   788 10745 D ACDB-LOADER: ACDB -> AUDIO_SET_AUDPROC_CAL
01-18 21:44:36.592   788 10745 D ACDB-LOADER: ACDB -> send_audvoltable
01-18 21:44:36.592   788 10745 D ACDB-LOADER: ACDB -> ACDB_CMD_GET_AUDPROC_VOL_STEP_TABLE_SIZE
01-18 21:44:36.592   788 10745 D ACDB-LOADER: ACDB -> ACDB_CMD_GET_AUDPROC_GAIN_DEP_STEP_TABLE, vol index 0
01-18 21:44:36.592   788 10745 D         : Failed to fetch the lookup information of the device 0000003E 
01-18 21:44:36.592   788 10745 D ACDB-LOADER: ACDB -> AUDIO_SET_VOL_CAL cal type = 12
01-18 21:44:36.592   788 10745 D ACDB-LOADER: ACDB -> ACDB_CMD_GET_AUDPROC_STREAM_TABLE_SIZE
01-18 21:44:36.592   788 10745 D ACDB-LOADER: ACDB -> send_audstrmtable
01-18 21:44:36.592   788 10745 D ACDB-LOADER: ACDB -> ACDB_CMD_GET_AUDPROC_STREAM_TABLE_V2
01-18 21:44:36.592   788 10745 D ACDB-LOADER: ACDB -> audstrm_cal->cal_type.cal_data.cal_size = 456
01-18 21:44:36.592   788 10745 D ACDB-LOADER: ACDB -> send_afe_topology
01-18 21:44:36.592   788 10745 D ACDB-LOADER: ACDB -> ACDB_CMD_GET_AFE_TOPOLOGY_ID
01-18 21:44:36.592   788 10745 D ACDB-LOADER: ACDB -> GET_AFE_TOPOLOGY_ID for adcd_id 62, Topology Id 112fb
01-18 21:44:36.592   788 10745 D ACDB-LOADER: ACDB -> send_afe_cal
01-18 21:44:36.592   788 10745 D ACDB-LOADER: ACDB -> ACDB_CMD_GET_AFE_COMMON_TABLE_SIZE
01-18 21:44:36.592   788 10745 D         : Failed to fetch the lookup information of the device 0000003E 
01-18 21:44:36.592   788 10745 E ACDB-LOADER: Error: ACDB_CMD_GET_AFE_COMMON_TABLE_SIZE Returned = -19
01-18 21:44:36.592   788 10745 D ACDB-LOADER: ACDB -> ACDB_CMD_GET_AFE_COMMON_TABLE
01-18 21:44:36.593   788 10745 D         : Failed to fetch the lookup information of the device 0000003E 
01-18 21:44:36.593   788 10745 D ACDB-LOADER: ACDB -> AUDIO_SET_AFE_CAL
01-18 21:44:36.593   788 10745 D ACDB-LOADER: ACDB -> send_hw_delay : acdb_id = 62 path = 1
01-18 21:44:36.593   788 10745 D ACDB-LOADER: ACDB -> ACDB_AVSYNC_INFO: ACDB_CMD_GET_DEVICE_PROPERTY
01-18 21:44:36.593   788 10745 D audio_hw_primary: enable_snd_device: snd_device(120: voice-rec-mic)
01-18 21:44:36.593   788 10745 D audio_route: Apply path: voice-rec-mic
01-18 21:44:36.598  1456  1605 W zygote  : kill(-10458, 9) failed: No such process
01-18 21:44:36.600   788 10745 V msm8974_platform: platform_get_snd_device_backend_index: enter with device 120
01-18 21:44:36.600   788 10745 E msm8974_platform: platform_get_snd_device_backend_index: BE DAI Name Table is not present
01-18 21:44:36.600   788 10745 V msm8974_platform: platform_get_backend_index:napb: backend port - 5 device - 120 
01-18 21:44:36.600   788 10745 I audio_hw_utils: Set Audio Stream Capture 0 App Type Cfg: app_type 69936, acdb_dev_id 62, sample_rate 48000, snd_device_be_idx -14
01-18 21:44:36.600   788 10745 D audio_hw_primary: enable_audio_route: usecase(9) apply and update mixer path: audio-record
01-18 21:44:36.600   788 10745 D audio_route: Apply path: audio-record
01-18 21:44:36.619  1456  1605 W zygote  : kill(-10458, 9) failed: No such process
01-18 21:44:36.651  1456  1605 I chatty  : uid=1000(system) ActivityManager identical 2 lines
01-18 21:44:36.666  1456  1605 W zygote  : kill(-10458, 9) failed: No such process
01-18 21:44:36.673 26094 26271 I MicroDetectionWorker: onReady
01-18 21:44:36.681  1456  1605 W zygote  : kill(-10458, 9) failed: No such process
01-18 21:44:36.681  1456  1605 I zygote  : Successfully killed process cgroup uid 10760 pid 10458 in 507ms
01-18 21:44:36.681  1456  1605 W zygote  : kill(-10512, 9) failed: No such process
01-18 21:44:36.681  1456  1605 I zygote  : Successfully killed process cgroup uid 10760 pid 10512 in 0ms
01-18 21:44:36.682  1456  1605 W zygote  : kill(-8361, 9) failed: No such process
01-18 21:44:36.682  1456  1605 I zygote  : Successfully killed process cgroup uid 10062 pid 8361 in 0ms
01-18 21:44:36.682  1456  1605 W zygote  : kill(-10334, 9) failed: No such process
01-18 21:44:36.682  1456  1605 I zygote  : Successfully killed process cgroup uid 10030 pid 10334 in 0ms
01-18 21:44:36.684  1456  1605 W zygote  : kill(-7865, 9) failed: No such process
01-18 21:44:36.752  1456  1605 I chatty  : uid=1000(system) ActivityManager identical 4 lines
--------- beginning of system
01-18 21:44:36.754  1456  7570 D ConnectivityService: ConnectivityService NetworkRequestInfo binderDied(NetworkRequest [ LISTEN id=20106, [ Capabilities: INTERNET&NOT_RESTRICTED&TRUSTED] ], android.os.BinderProxy@a1f6108)
01-18 21:44:36.769  1456  1605 W zygote  : kill(-7865, 9) failed: No such process
01-18 21:44:36.769  1456  1605 I zygote  : Successfully killed process cgroup uid 10110 pid 7865 in 87ms
01-18 21:44:36.770  1456  1605 W zygote  : kill(-10245, 9) failed: No such process
01-18 21:44:36.770  1456  1605 I zygote  : Successfully killed process cgroup uid 10027 pid 10245 in 0ms
01-18 21:44:36.770  1456  1605 W zygote  : kill(-10351, 9) failed: No such process
01-18 21:44:36.770  1456  1605 I zygote  : Successfully killed process cgroup uid 10090 pid 10351 in 0ms
01-18 21:44:36.770  1456  1605 W zygote  : kill(-10432, 9) failed: No such process
01-18 21:44:36.770  1456  1605 I zygote  : Successfully killed process cgroup uid 10044 pid 10432 in 0ms
01-18 21:44:36.771  1456  1605 W zygote  : kill(-10251, 9) failed: No such process
01-18 21:44:36.771  1456  1605 I zygote  : Successfully killed process cgroup uid 1000 pid 10251 in 0ms
01-18 21:44:36.771  1456  1605 W zygote  : kill(-10277, 9) failed: No such process
01-18 21:44:36.771  1456  1605 I zygote  : Successfully killed process cgroup uid 10085 pid 10277 in 0ms
01-18 21:44:36.771  1456  1605 W zygote  : kill(-7501, 9) failed: No such process
01-18 21:44:36.771  1456  1605 I zygote  : Successfully killed process cgroup uid 10733 pid 7501 in 0ms
01-18 21:44:36.771  1456  1605 W zygote  : kill(-1843, 9) failed: No such process
01-18 21:44:36.771  1456  1605 I zygote  : Successfully killed process cgroup uid 10014 pid 1843 in 0ms
01-18 21:44:36.772  1456  1605 W zygote  : kill(-8074, 9) failed: No such process
01-18 21:44:36.772  1456  1605 I zygote  : Successfully killed process cgroup uid 10031 pid 8074 in 0ms
01-18 21:44:36.829  1456  7570 I ActivityManager: START u0 {act=android.intent.action.VIEW dat=about:blank typ=text/html flg=0x10000000 cmp=org.mozilla.fenix.nightly/org.mozilla.fenix.IntentReceiverActivity} from uid 2000
01-18 21:44:36.830   794   839 E ANDR-PERF-RESOURCEQS: Failed to apply optimization [4, 0]
01-18 21:44:36.854  1456 10962 I ActivityManager: Start proc 10756:org.mozilla.fenix.nightly/u0a760 for activity org.mozilla.fenix.nightly/org.mozilla.fenix.IntentReceiverActivity
01-18 21:44:36.867  2748  2917 W OpenGLRenderer: Incorrectly called buildLayer on View: ShortcutAndWidgetContainer, destroying layer...
01-18 21:44:36.894  7898 10324 I Finsky  : [193882] ema.a(29): Completed 0 account content syncs with 0 successful.
01-18 21:44:36.895  7898  7898 I Finsky  : [2] ContentSyncJob.a(12): Installation state replication succeeded.
01-18 21:44:36.896  7898  7898 I Finsky  : [2] tzr.a(13): SCH: jobFinished: 12-1. TimeElapsed: 1010ms.
01-18 21:44:36.897  7898  7898 I Finsky  : [2] tyh.a(35): SCH: Job 12-1 finished. Not rescheduling.
01-18 21:44:36.898  7898  7898 I Finsky  : [2] tyg.handleMessage(63): SCH: RunningQueue size: 0, PendingQueue size: 0
01-18 21:44:36.899  7898  7898 I Finsky  : [2] tyg.handleMessage(29): Executor finished
01-18 21:44:36.911  7898  7898 I Finsky  : [2] uaw.a(7): SCH: Jobs in database: 1-1337 3-1498 24-77777777 26-1414141414 
01-18 21:44:36.925  7898  7898 I Finsky  : [2] twm.a(58): SCH: ConstraintMapping: 24-77777777,  -> L: 0ms, D: 10024622ms, C: false, I: true, N: 0
01-18 21:44:36.925  7898  7898 I Finsky  : [2] twm.a(58): SCH: ConstraintMapping: 1-1337,  -> L: 13581438ms, D: 56781438ms, C: false, I: false, N: 1
01-18 21:44:36.926  7898  7898 I Finsky  : [2] twm.a(58): SCH: ConstraintMapping: 3-1498,  -> L: 0ms, D: 86270643ms, C: true, I: true, N: 2
01-18 21:44:36.927  7898  7898 I Finsky  : [2] twm.a(58): SCH: ConstraintMapping: 26-1414141414,  -> L: 41697316ms, D: 42597316ms, C: false, I: false, N: 0
01-18 21:44:36.931  7898  7898 I Finsky  : [2] tze.a(37): Cancelling existing jobscheduler jobs: 9003 9006 9001 
01-18 21:44:36.932  7898  7898 I Finsky  : [2] tze.a(14): Throttling wakeup for job 9000 (expected to run in 0 ms) due to recent wakeup
01-18 21:44:36.933  7898  7898 I Finsky  : [2] tze.a(30): Scheduling job Id: 9000, L: 30000, D: 10024622, C: false, I: true, N: 0
01-18 21:44:36.935  7898  7898 I Finsky  : [2] tze.a(30): Scheduling job Id: 9004, L: 13581438, D: 56781438, C: false, I: false, N: 1
01-18 21:44:36.936  7898  7898 I Finsky  : [2] tze.a(14): Throttling wakeup for job 9005 (expected to run in 0 ms) due to recent wakeup
01-18 21:44:36.937  7898  7898 I Finsky  : [2] tze.a(30): Scheduling job Id: 9005, L: 30000, D: 86270643, C: true, I: true, N: 2
01-18 21:44:36.938  7898  7898 I Finsky  : [2] tze.a(30): Scheduling job Id: 9007, L: 41697316, D: 42597316, C: false, I: false, N: 0
01-18 21:44:36.939  7898  7898 I Finsky  : [2] pze.onTrimMemory(1): Memory trim requested to level 80
01-18 21:44:36.939 26094 26271 I MicroDetectionState: Should stop hotword detection immediately - false
01-18 21:44:36.940 26094 26271 I MicroDetector: Keeping mic open: false
01-18 21:44:36.940 26094 26315 E DeviceStateChecker: DeviceStateChecker cancelled
01-18 21:44:36.940 26094 26271 I RecognitionAudioControl: #shutdownAudio [requestId: 3957003200037412931, keepAudioOpen: false, forced: true]
01-18 21:44:36.940 26094 26271 I RecognitionAudioControl: #internalShutdownAudio [requestId: 3957003200037412931]
01-18 21:44:36.940 26094 26271 I RecognitionAudioControl: #internalShutdownAudio [keepAudioOpen: false, forced: true]
01-18 21:44:36.940 26094 26271 I RecognitionAudioControl: #actualShutdownAudio
01-18 21:44:36.940 26094 26271 I AudioController: #shutdown [requestId=3957003200037412931]
01-18 21:44:36.940 26094 26196 I AudioController: internalShutdown
01-18 21:44:36.940 26094 26230 I MicroRecognitionRunner: Stopping hotword detection.
01-18 21:44:36.980  1456  7796 I OpenGLRenderer: Initialized EGL, version 1.4
01-18 21:44:36.981  1456  7796 D OpenGLRenderer: Swap behavior 2
01-18 21:44:36.991   788  1401 D audio_hw_primary: disable_audio_route: usecase(9) reset and update mixer path: audio-record
01-18 21:44:36.992   788  1401 D audio_hw_primary: disable_snd_device: snd_device(120: voice-rec-mic)
01-18 21:44:36.994  1012  1301 D APM_AudioPolicyManager: stopInput() input 96646, session 96713
01-18 21:44:36.995   788  1479 D audio_hw_primary: in_set_parameters: enter: kvpairs=routing=0
01-18 21:44:36.996 26094 26196 I MicrophoneInputStream: mic_close  SR : 16000 CC : 16 SO : 1999
01-18 21:44:36.997 26094 26196 E AudioSource: Stop listening is called on already closed AudioSource
01-18 21:44:36.998 26094 26215 I MicroRecognitionRunner: Detection finished
01-18 21:44:37.011 10756 10756 D FirebaseApp: com.google.firebase.auth.FirebaseAuth is not linked. Skipping initialization.
01-18 21:44:37.012 10756 10756 D FirebaseApp: com.google.firebase.crash.FirebaseCrash is not linked. Skipping initialization.
01-18 21:44:37.012 10756 10756 I FirebaseInitProvider: FirebaseApp initialization successful
01-18 21:44:37.063 10756 10756 D FenixApplication: Initializing Glean (uploadEnabled=false)
01-18 21:44:37.063   808   898 I SFPerfTracer:      triggers: (rate: 0:0) (0 sw vsyncs) (0 skipped) (44:2610261 vsyncs) (46:4743540)
01-18 21:44:37.066 10756 10774 I FA      : Collection disabled with firebase_analytics_collection_enabled=0
01-18 21:44:37.067   808   808 I SFPerfTracer:      triggers: (rate: 50:372536) (compose: 0:6) (post: 0:13) (render: 0:10) (34:3407426 frames) (35:4703016)
01-18 21:44:37.067 10756 10774 I FA      : App measurement is starting up, version: 12780
01-18 21:44:37.067 10756 10774 I FA      : To enable debug logging run: adb shell setprop log.tag.FA VERBOSE
01-18 21:44:37.067   808   808 D SFPerfTracer:        layers: (4:13) (NavigationBar#0 (0xb07df000): 13:425929) (StatusBar#0 (0xb07e3000): 9:1245466) (com.android.systemui.ImageWallpaper#0 (0xb07e7000): 1:35612) (Sprite#0 (0xb0733000): 0:317)* (DimLayerController/Stack=0#0 (0xb075a000): 0:3589)* (Sprite#1 (0xb077c000): 0:195)* (com.android.launcher3/com.android.launcher3.CustomizationPanelLauncher#0 (0xb0763000): 0:45)- (com.android.launcher3/com.android.launcher3.CustomizationPanelLauncher#1 (0xb0771000): 0:14)- (org.mozilla.fenix.nightly/org.mozilla.fenix.IntentReceiverActivity#0 (0xb0384000): 0:5)- (Splash Screen org.mozilla.fenix.nightly#0 (0xb039b000): 0:30)- (org.mozilla.fenix.nightly/org.mozilla.fenix.HomeActivity#0 (0xb024f000): 0:42)- (com.android.launcher3/com.android.launcher3.CustomizationPanelLauncher#0 (0xb0763000): 30:35)* (com.android.launcher3/com.android.launcher3.CustomizationPanelLauncher#1 (0xb0771000): 4:6) 
01-18 21:44:37.068 10756 10774 I FA      : To enable faster debug mode event logging run:
01-18 21:44:37.068 10756 10774 I FA      :   adb shell setprop debug.firebase.analytics.app org.mozilla.fenix.nightly
01-18 21:44:37.080 10756 10756 D libglean_ffi: glean_ffi: Android logging should be hooked up!
01-18 21:44:37.082 10756 10756 I glean/Glean: Registering pings for mozilla.telemetry.glean.GleanMetrics.Pings
01-18 21:44:37.088 10756 10756 I libglean_ffi: glean_core: Creating new Glean
01-18 21:44:37.088 10756 10756 D libglean_ffi: glean_core::database: Database path: "/data/user/0/org.mozilla.fenix.nightly/glean_data/db"
01-18 21:44:37.088 10756 10756 I libglean_ffi: glean_core::database: Database initialized
01-18 21:44:37.089 10756 10756 D libglean_ffi: glean_core::ping: All pending pings deleted
01-18 21:44:37.096 10756 10756 I libglean_ffi: glean_ffi: Glean initialized
01-18 21:44:37.112 10756 10756 D glean/MetricsPingSched: The 'metrics' ping was last sent on Sat Jan 18 00:00:00 EST 2020
01-18 21:44:37.114 10756 10756 I glean/MetricsPingSched: The 'metrics' ping was already sent today, Sat Jan 18 21:44:37 EST 2020.
01-18 21:44:37.114 10756 10756 D glean/MetricsPingSched: Scheduling the 'metrics' ping in 22522899ms
01-18 21:44:37.116 10756 10788 D libglean_ffi: glean_core: Clearing Lifetime::Application metrics
01-18 21:44:37.138 10756 10756 I glean/Dispatchers: Initial tasks queue completed successfully
01-18 21:44:37.145 10756 10792 D RustNativeSupport: findMegazordLibraryName(viaduct, 0.48.2
01-18 21:44:37.145 10756 10792 D RustNativeSupport: lib in use: none
01-18 21:44:37.145 10756 10792 D RustNativeSupport: lib configured: fenix
01-18 21:44:37.145 10756 10792 D RustNativeSupport: lib version configured: 0.48.2
01-18 21:44:37.145 10756 10792 D RustNativeSupport: settled on fenix
01-18 21:44:37.162 10756 10792 D RustNativeSupport: findMegazordLibraryName(rustlog, 0.48.2
01-18 21:44:37.162 10756 10792 D RustNativeSupport: lib in use: none
01-18 21:44:37.162 10756 10792 D RustNativeSupport: lib configured: fenix
01-18 21:44:37.162 10756 10792 D RustNativeSupport: lib version configured: 0.48.2
01-18 21:44:37.162 10756 10792 D RustNativeSupport: settled on fenix
01-18 21:44:37.165 10756 10792 I rc_log_ffi::ios: rc_log adapter initialized!
01-18 21:44:37.170 10756 10761 I zygote  : Do partial code cache collection, code=17KB, data=16KB
01-18 21:44:37.171 10756 10761 I zygote  : After code cache collection, code=17KB, data=16KB
01-18 21:44:37.172 10756 10761 I zygote  : Increasing code cache capacity to 128KB
01-18 21:44:37.181  1456 10962 D ConnectivityService: requestNetwork for uid/pid:10760/10756 NetworkRequest [ TRACK_DEFAULT id=20128, [ Capabilities: INTERNET&NOT_RESTRICTED&TRUSTED&NOT_VPN] ]
01-18 21:44:37.182  1456  2099 D Ethernet: got request NetworkRequest [ TRACK_DEFAULT id=20128, [ Capabilities: INTERNET&NOT_RESTRICTED&TRUSTED&NOT_VPN] ] with score 60
01-18 21:44:37.182  1456  2054 D WIFI_UT : got request NetworkRequest [ TRACK_DEFAULT id=20128, [ Capabilities: INTERNET&NOT_RESTRICTED&TRUSTED&NOT_VPN] ] with score 60
01-18 21:44:37.182  1456  2054 D WIFI    : got request NetworkRequest [ TRACK_DEFAULT id=20128, [ Capabilities: INTERNET&NOT_RESTRICTED&TRUSTED&NOT_VPN] ] with score 60
01-18 21:44:37.182  2398  2398 D PhoneSwitcherNetworkRequstListener: got request NetworkRequest [ TRACK_DEFAULT id=20128, [ Capabilities: INTERNET&NOT_RESTRICTED&TRUSTED&NOT_VPN] ] with score 60
01-18 21:44:37.212 10756 10756 D GeckoThread: State changed to LAUNCHED
01-18 21:44:37.213 10756 10804 I GeckoThread: preparing to run Gecko
01-18 21:44:37.219 10756 10756 D GeckoRuntime: Lifecycle: onCreate
01-18 21:44:37.220 10756 10804 D GeckoThread: State changed to MOZGLUE_READY
01-18 21:44:37.231 10756 10804 W Settings: Setting animator_duration_scale has moved from android.provider.Settings.System to android.provider.Settings.Global, returning read-only global URI.
01-18 21:44:37.232 10756 10756 I zygote  : Deoptimizing java.lang.Object androidx.collection.SimpleArrayMap.put(java.lang.Object, java.lang.Object) due to JIT inline cache
01-18 21:44:37.233 10756 10804 E GeckoLibLoad: Load sqlite start
01-18 21:44:37.233 10756 10756 D GleanMetricsService: Enabling Glean.
01-18 21:44:37.252 10756 10804 W GeckoLinker: /data/app/org.mozilla.fenix.nightly-7G3NfkOgGktqZKOSuh2Fpg==/lib/arm/libnss3.so: unhandled flags #8 not handled
01-18 21:44:37.255 10756 10788 I libglean_ffi: glean_core: Upload enabled: true
01-18 21:44:37.259 10756 10804 W GeckoLinker: /data/app/org.mozilla.fenix.nightly-7G3NfkOgGktqZKOSuh2Fpg==/lib/arm/libnss3.so: Relocation to NULL @0x00130ffc for symbol "__cxa_type_match"
01-18 21:44:37.260 10756 10804 E GeckoLibLoad: Load sqlite done
01-18 21:44:37.260 10756 10804 E GeckoLibLoad: Load nss start
01-18 21:44:37.260 10756 10804 E GeckoLibLoad: Load nss done
01-18 21:44:37.261 10756 10804 W GeckoLinker: /data/app/org.mozilla.fenix.nightly-7G3NfkOgGktqZKOSuh2Fpg==/lib/arm/libxul.so: unhandled flags #8 not handled
01-18 21:44:37.262 10756 10804 W GeckoLinker: /data/app/org.mozilla.fenix.nightly-7G3NfkOgGktqZKOSuh2Fpg==/lib/arm/liblgpllibs.so: unhandled flags #8 not handled
01-18 21:44:37.296 10756 10804 E GeckoLibLoad: Loaded libs in 35.622347ms total, 23ms(76ms) user, 10ms(20ms) system, 0(0) faults
01-18 21:44:37.297 10756 10804 D GeckoThread: State changed to LIBS_READY
01-18 21:44:37.297 10756 10804 W GeckoThread: zerdatime 11929965971 - runGecko
01-18 21:44:37.301 10756 10804 D GeckoProfile: Loading profile at: null name: default
01-18 21:44:37.302 10756 10804 D GeckoProfile: Found profile dir: /data/user/0/org.mozilla.fenix.nightly/files/mozilla/hmwbocyh.default
01-18 21:44:37.314  1456  4679 I ActivityManager: Start proc 10809:org.mozilla.fenix.nightly:tab/u0a760 for service org.mozilla.fenix.nightly/org.mozilla.gecko.process.GeckoServiceChildProcess$tab
01-18 21:44:37.320 10756 10756 W [WARNING][Leanplum]: [com.leanplum.internal.ActionManager::getLocationManager::8]: Geofencing support requires leanplum-location module and Google Play Services v8.1 and higher.
01-18 21:44:37.320 10756 10756 W [WARNING][Leanplum]: Add this to your build.gradle file:
01-18 21:44:37.320 10756 10756 W [WARNING][Leanplum]: implementation 'com.google.android.gms:play-services-location:8.3.0+'
01-18 21:44:37.320 10756 10756 W [WARNING][Leanplum]: implementation 'com.leanplum:leanplum-location:+'
01-18 21:44:37.339 10756 10756 I [INFO][Leanplum]: [com.leanplum.monitoring.ExceptionHandler::setContext::6]: LeanplumExceptionHandler could not initialize Exception Reporting.This is expected if you have not included the leanplum-monitoring module
01-18 21:44:37.361 10756 10756 I FirefoxAccountStateMachine: Enabling/updating sync with a new SyncConfig: SyncConfig(supportedEngines=[mozilla.components.service.fxa.SyncEngine$History@1d37a3a, mozilla.components.service.fxa.SyncEngine$Bookmarks@924e6eb, mozilla.components.service.fxa.SyncEngine$Passwords@7d41c48], syncPeriodInMinutes=240)
01-18 21:44:37.365 10756 10756 I BgSyncManager: Periodic syncing enabled at a 240 interval
01-18 21:44:37.365 10756 10756 I FirefoxAccountStateMachine: Sync is enabled
01-18 21:44:37.366 10756 10756 D PushConfig: Creating push configuration for autopush.
01-18 21:44:37.372 10756 10830 D AutoPushFeature: Initializing native component with the cached token.
01-18 21:44:37.376 10756 10830 D RustNativeSupport: findMegazordLibraryName(push, 0.48.2
01-18 21:44:37.376 10756 10830 D RustNativeSupport: lib in use: none
01-18 21:44:37.376 10756 10830 D RustNativeSupport: lib configured: fenix
01-18 21:44:37.376 10756 10830 D RustNativeSupport: lib version configured: 0.48.2
01-18 21:44:37.376 10756 10830 D RustNativeSupport: settled on fenix
01-18 21:44:37.378 10756 10832 I FirefoxAccountStateMachine: Processing event Event$Init for state Start. Next state is Start
01-18 21:44:37.378 10756 10756 I App     : AutoPushFeature is configured, initializing it...
01-18 21:44:37.378 10756 10756 I AutoPushFeature: Checking validity of push subscriptions.
01-18 21:44:37.391 10756 10832 I FirefoxAccountStateMachine: Ran 'Event$Init' side-effects for state Start, got successive event Event$AccountNotFound
01-18 21:44:37.391 10756 10832 I FirefoxAccountStateMachine: Processing event Event$AccountNotFound for state Start. Next state is NotAuthenticated
01-18 21:44:37.393 10756 10832 D RustNativeSupport: findMegazordLibraryName(fxaclient, 0.48.2
01-18 21:44:37.394 10756 10832 D RustNativeSupport: lib in use: none
01-18 21:44:37.394 10756 10832 D RustNativeSupport: lib configured: fenix
01-18 21:44:37.394 10756 10832 D RustNativeSupport: lib version configured: 0.48.2
01-18 21:44:37.394 10756 10832 D RustNativeSupport: settled on fenix
01-18 21:44:37.396 10756 10832 D fxaclient_ffi: fxa_new
01-18 21:44:37.416 10756 10756 D GeckoRuntime: Lifecycle: onStart
01-18 21:44:37.426 10756 10756 D GeckoRuntime: Lifecycle: onResume
01-18 21:44:37.427 10756 10756 D GeckoNetworkManager: Incoming event start for state OffNoListeners -> OnNoListeners
01-18 21:44:37.430 10756 10756 D GeckoNetworkManager: New network state: UP, WIFI, WIFI
01-18 21:44:37.432 10756 10822 D NetworkSecurityConfig: No Network Security Config specified, using platform default
01-18 21:44:37.449 10756 10843 D OpenGLRenderer: HWUI GL Pipeline
01-18 21:44:37.450 10809 10809 D GeckoThread: State changed to LAUNCHED
01-18 21:44:37.451 10809 10844 I GeckoThread: preparing to run Gecko
01-18 21:44:37.462 10756 10845 D glean/PingUploadWorker: Processing persisted pings at /data/user/0/org.mozilla.fenix.nightly/glean_data/deletion_request
01-18 21:44:37.463 10756 10756 I glean/Glean: Registering pings for org.mozilla.fenix.GleanMetrics.Pings
01-18 21:44:37.465 10756 10786 I WM-WorkerWrapper: Worker result SUCCESS for Work [ id=3192d741-0a44-4f0e-be2d-6c6968e32c1b, tags={ mozilla.telemetry.glean.scheduler.DeletionPingUploadWorker, mozac_service_glean_deletion_ping_upload_worker } ]
01-18 21:44:37.497 10756 10756 D App     : ActivationPing - already generated
01-18 21:44:37.516 10756 10761 I zygote  : Do partial code cache collection, code=52KB, data=34KB
01-18 21:44:37.523 10756 10761 I zygote  : After code cache collection, code=50KB, data=34KB
01-18 21:44:37.523 10756 10761 I zygote  : Increasing code cache capacity to 256KB
01-18 21:44:37.599  1456  2918 I ActivityManager: START u0 {act=android.intent.action.VIEW dat=about:blank typ=text/html flg=0x10000000 cmp=org.mozilla.fenix.nightly/org.mozilla.fenix.HomeActivity (has extras)} from uid 10760
01-18 21:44:37.608 10756 10756 D GeckoNetworkManager: Incoming event receivedUpdate for state OnNoListeners -> OnNoListeners
01-18 21:44:37.610 10756 10756 D GeckoNetworkManager: New network state: UP, WIFI, WIFI
01-18 21:44:37.611  1456 10962 I WifiService: getDhcpInfo uid=10760
01-18 21:44:37.624 10756 10843 I Adreno  : QUALCOMM build                   : bb5b86c, I77d3059488
01-18 21:44:37.624 10756 10843 I Adreno  : Build Date                       : 06/07/18
01-18 21:44:37.624 10756 10843 I Adreno  : OpenGL ES Shader Compiler Version: EV031.22.00.01_06
01-18 21:44:37.624 10756 10843 I Adreno  : Local Branch                     : 
01-18 21:44:37.624 10756 10843 I Adreno  : Remote Branch                    : refs/tags/AU_LINUX_ANDROID_LA.UM.6.5.R1.08.01.00.312.086
01-18 21:44:37.624 10756 10843 I Adreno  : Remote Branch                    : NONE
01-18 21:44:37.624 10756 10843 I Adreno  : Reconstruct Branch               : NOTHING
01-18 21:44:37.625 10756 10843 D vndksupport: Loading /vendor/lib/hw/gralloc.msm8937.so from current namespace instead of sphal namespace.
01-18 21:44:37.631 10756 10843 I Adreno  : PFP: 0x005ff087, ME: 0x005ff063
01-18 21:44:37.636  1456  2067 D ConnectivityService: releasing NetworkRequest [ TRACK_DEFAULT id=20128, [ Capabilities: INTERNET&NOT_RESTRICTED&TRUSTED&NOT_VPN] ] (release request)
01-18 21:44:37.642 10756 10843 I zygote  : android::hardware::configstore::V1_0::ISurfaceFlingerConfigs::hasWideColorDisplay retrieved: 0
01-18 21:44:37.645 10756 10843 I OpenGLRenderer: Initialized EGL, version 1.4
01-18 21:44:37.645 10756 10843 D OpenGLRenderer: Swap behavior 2
01-18 21:44:37.691  1456  1889 I WindowManager: Keep hide if surface has never drawn Window{4ef067 u0 org.mozilla.fenix.nightly/org.mozilla.fenix.IntentReceiverActivity}
01-18 21:44:37.693 10756 10804 I Gecko:DumpUtils: Fifo watcher disabled via pref.
01-18 21:44:37.694  1456  1889 I WindowManager: Failed to capture screenshot of Token{9cd85b4 ActivityRecord{b5da287 u0 org.mozilla.fenix.nightly/org.mozilla.fenix.IntentReceiverActivity t18760 f}} appWin=Window{4ef067 u0 org.mozilla.fenix.nightly/org.mozilla.fenix.IntentReceiverActivity} drawState=3
01-18 21:44:37.700  1456  1673 I LaunchCheckinHandler: Displayed org.mozilla.fenix.nightly/org.mozilla.fenix.IntentReceiverActivity,cp,ca,861
01-18 21:44:37.708 10756 10756 D PhoneWindow: Restoring navigation bar divider color to default value = 0x00000000
01-18 21:44:37.739 10756 10804 D GeckoSysInfo: System memory: 1867MB.
01-18 21:44:37.740 10756 10804 D GeckoThread: State changed to JNI_READY
01-18 21:44:37.770  1456  1466 I zygote  : Background concurrent copying GC freed 56051(3MB) AllocSpace objects, 26(968KB) LOS objects, 41% free, 33MB/57MB, paused 248us total 327.587ms
01-18 21:44:37.810 10756 10756 I NavController: Ignoring popBackStack to destination org.mozilla.fenix.nightly:id/browserFragment as it was not found on the current back stack
01-18 21:44:37.971 10756 10854 D RustNativeSupport: findMegazordLibraryName(places, 0.48.2
01-18 21:44:37.972 10756 10854 D RustNativeSupport: lib in use: none
01-18 21:44:37.972 10756 10854 D RustNativeSupport: lib configured: fenix
01-18 21:44:37.972 10756 10854 D RustNativeSupport: lib version configured: 0.48.2
01-18 21:44:37.972 10756 10854 D RustNativeSupport: settled on fenix
01-18 21:44:37.978 10756 10854 D places_ffi: places_api_new
01-18 21:44:38.033 10756 10854 D sql_support::conn_ext: Transaction commited after 32.250628ms
01-18 21:44:38.034 10756 10854 D places_ffi: places_connection_new
01-18 21:44:38.038 10756 10854 D places_ffi: places_connection_new
01-18 21:44:38.048 10756 10854 D places_ffi: bookmarks_get_all_with_url
01-18 21:44:38.054 10756 10832 W FirefoxAccountStateMachine: Got invalid event Event$Init for state NotAuthenticated.
01-18 21:44:38.090  7898  7898 I Finsky  : [2] pze.onTrimMemory(1): Memory trim requested to level 80
01-18 21:44:38.105 10756 10761 I zygote  : Do full code cache collection, code=119KB, data=85KB
01-18 21:44:38.107 10756 10761 I zygote  : After code cache collection, code=92KB, data=52KB
01-18 21:44:38.142 10756 10883 W LOTTIE  : Animation contains merge paths. Merge paths are only supported on KitKat+ and must be manually enabled by calling enableMergePathsForKitKatAndAbove().
01-18 21:44:38.214 10756 10843 D vndksupport: Loading /vendor/lib/hw/android.hardware.graphics.mapper@2.0-impl.so from current namespace instead of sphal namespace.
01-18 21:44:38.215 10756 10843 D vndksupport: Loading /vendor/lib/hw/gralloc.msm8937.so from current namespace instead of sphal namespace.
01-18 21:44:38.228 10756 10761 I zygote  : Do partial code cache collection, code=109KB, data=72KB
01-18 21:44:38.230 10756 10761 I zygote  : After code cache collection, code=109KB, data=72KB
01-18 21:44:38.230 10756 10761 I zygote  : Increasing code cache capacity to 512KB
01-18 21:44:38.309 10756 10804 I Gecko   : 1579401878305	addons.xpi	WARN	List of valid built-in add-ons could not be parsed.: [Exception... "Component returned failure code: 0x80520012 (NS_ERROR_FILE_NOT_FOUND) [nsIXPCComponents_Utils.readUTF8URI]"  nsresult: "0x80520012 (NS_ERROR_FILE_NOT_FOUND)"  location: "JS frame :: resource://gre/modules/addons/XPIProvider.jsm :: startup :: line 2366"  data: no] Stack trace: startup()@resource://gre/modules/addons/XPIProvider.jsm:2366
01-18 21:44:38.309 10756 10804 I Gecko   : callProvider()@resource://gre/modules/AddonManager.jsm:215
01-18 21:44:38.309 10756 10804 I Gecko   : _startProvider()@resource://gre/modules/AddonManager.jsm:586
01-18 21:44:38.309 10756 10804 I Gecko   : startup()@resource://gre/modules/AddonManager.jsm:810
01-18 21:44:38.309 10756 10804 I Gecko   : startup()@resource://gre/modules/AddonManager.jsm:3474
01-18 21:44:38.309 10756 10804 I Gecko   : observe()@resource://gre/modules/addonManager.js:87
01-18 21:44:38.315 10756 10804 I Gecko   : 1579401878315	addons.xpi	WARN	No list of valid system add-ons found.
01-18 21:44:38.399 10756 10804 D GeckoThread: State changed to PROFILE_READY
01-18 21:44:38.475  1456  1673 I ActivityManager: Displayed org.mozilla.fenix.nightly/org.mozilla.fenix.HomeActivity: +813ms (total +1s630ms)
01-18 21:44:38.490 10756 10756 W LOTTIE  : Animation contains merge paths but they are disabled.
01-18 21:44:38.497 10756 10804 D GeckoThread: State changed to RUNNING
01-18 21:44:38.518 10756 10804 W GeckoEventDispatcher: No listener for AndroidCastDevice:SyncDevice
01-18 21:44:38.525 10756 10804 I Gecko   : -*- nsDNSServiceDiscovery.js : nsDNSServiceDiscovery
01-18 21:44:38.558 26094 26094 I MemoryTrimmer: Trimming objects from memory, since app is in the background.
01-18 21:44:38.568 26094 26094 I MemoryTrimmer: Trimming objects from memory, since app is in the background.
01-18 21:44:38.574 26094  7691 I PBSessionCacheImpl: Deleted sessionId[114764204860353989] from persistence.
01-18 21:44:38.580  1456 10962 I WifiService: getWifiEnabledState uid=10073
01-18 21:44:38.592 26094 26271 W SearchServiceCore: Abort, client detached.
01-18 21:44:38.647 10756 10804 W ResourceType: Too many attribute references, stopped at: 0x01010099
01-18 21:44:38.697 10756 10804 I Gecko   : Attempting load of libEGL.so
01-18 21:44:38.904 10756 10756 D GeckoNetworkManager: Incoming event enableNotifications for state OnNoListeners -> OnWithListeners
01-18 21:44:38.905 10756 10756 D GeckoNetworkManager: New network state: UP, WIFI, WIFI
01-18 21:44:38.906 10756 10756 D GeckoNetworkManager: Incoming event receivedUpdate for state OnWithListeners -> OnWithListeners
01-18 21:44:38.907 10756 10756 D GeckoNetworkManager: New network state: UP, WIFI, WIFI
01-18 21:44:38.929 10756 10804 W GeckoEventDispatcher: No listener for GeckoView:AccessibilityEnabled
01-18 21:44:38.930 10756 10804 W GeckoLinker: /data/app/org.mozilla.fenix.nightly-7G3NfkOgGktqZKOSuh2Fpg==/lib/arm/libsoftokn3.so: unhandled flags #8 not handled
01-18 21:44:38.931 10756 10804 W GeckoLinker: /data/app/org.mozilla.fenix.nightly-7G3NfkOgGktqZKOSuh2Fpg==/lib/arm/libsoftokn3.so: Relocation to NULL @0x00027ffc for symbol "__cxa_type_match"
01-18 21:44:38.931 10756 10804 W GeckoLinker: /data/app/org.mozilla.fenix.nightly-7G3NfkOgGktqZKOSuh2Fpg==/lib/arm/libfreebl3.so: unhandled flags #8 not handled
01-18 21:44:38.932 10756 10804 W GeckoLinker: /data/app/org.mozilla.fenix.nightly-7G3NfkOgGktqZKOSuh2Fpg==/lib/arm/libfreebl3.so: Relocation to NULL @0x00041ffc for symbol "__cxa_type_match"
01-18 21:44:38.967 10756 10892 W GeckoLinker: /data/app/org.mozilla.fenix.nightly-7G3NfkOgGktqZKOSuh2Fpg==/lib/arm/libnssckbi.so: unhandled flags #8 not handled
01-18 21:44:38.968 10756 10892 W GeckoLinker: /data/app/org.mozilla.fenix.nightly-7G3NfkOgGktqZKOSuh2Fpg==/lib/arm/libnssckbi.so: Relocation to NULL @0x00052ffc for symbol "__cxa_type_match"
01-18 21:44:39.229 10756 10804 W ResourceType: Too many attribute references, stopped at: 0x01010099
01-18 21:44:39.504 10809 10844 D GeckoThread: State changed to MOZGLUE_READY
01-18 21:44:39.511 10809 10844 W Settings: Setting animator_duration_scale has moved from android.provider.Settings.System to android.provider.Settings.Global, returning read-only global URI.
01-18 21:44:39.512 10809 10844 E GeckoLibLoad: Load sqlite start
01-18 21:44:39.530 10809 10844 W GeckoLinker: /data/app/org.mozilla.fenix.nightly-7G3NfkOgGktqZKOSuh2Fpg==/lib/arm/libnss3.so: unhandled flags #8 not handled
01-18 21:44:39.534 10809 10844 W GeckoLinker: /data/app/org.mozilla.fenix.nightly-7G3NfkOgGktqZKOSuh2Fpg==/lib/arm/libnss3.so: Relocation to NULL @0x00130ffc for symbol "__cxa_type_match"
01-18 21:44:39.534 10809 10844 E GeckoLibLoad: Load sqlite done
01-18 21:44:39.535 10809 10844 E GeckoLibLoad: Load nss start
01-18 21:44:39.535 10809 10844 E GeckoLibLoad: Load nss done
01-18 21:44:39.535 10809 10844 W GeckoLinker: /data/app/org.mozilla.fenix.nightly-7G3NfkOgGktqZKOSuh2Fpg==/lib/arm/libxul.so: unhandled flags #8 not handled
01-18 21:44:39.535 10809 10844 W GeckoLinker: /data/app/org.mozilla.fenix.nightly-7G3NfkOgGktqZKOSuh2Fpg==/lib/arm/liblgpllibs.so: unhandled flags #8 not handled
01-18 21:44:39.545 10756 10804 I GeckoSession: zerdatime 11929968219 - chrome startup finished
01-18 21:44:39.568 10809 10844 E GeckoLibLoad: Loaded libs in 32.805993ms total, 20ms(16ms) user, 13ms(13ms) system, 0(0) faults
01-18 21:44:39.568 10809 10844 D GeckoThread: State changed to LIBS_READY
01-18 21:44:39.568 10809 10844 W GeckoThread: zerdatime 11929968242 - runGecko
01-18 21:44:40.077 10809 10844 D GeckoThread: State changed to RUNNING
01-18 21:44:40.176 10756 10756 D App     : Installed browser-icons extension
01-18 21:44:40.176 10756 10756 D mozac-webextensions: Installed extension: mozacWebchannel
01-18 21:44:40.177 10756 10756 D mozac-webextensions: Installed extension: mozacReaderview
01-18 21:44:40.179 10809 10844 W ResourceType: Too many attribute references, stopped at: 0x01010099
01-18 21:44:40.309 10756 10756 D GeckoSession: handleMessage GeckoView:PageStart uri=about:blank
01-18 21:44:40.331 10756 10804 D GeckoScreenOrientation: unlocking
01-18 21:44:40.345 10756 10756 D GeckoSession: handleMessage GeckoView:LocationChange uri=about:blank
01-18 21:44:40.345 10756 10756 D GeckoSession: handleMessage GeckoView:PageStop uri=null
01-18 21:44:40.351 10756 10756 I SessionStorage/AutoSave: Save: Load finished
01-18 21:44:40.359 10756 10854 D SessionStorage/AutoSave: Saved state to disk [7ms]
01-18 21:44:40.368 10756 10756 D GeckoSession: handleMessage GeckoView:OnLoadRequest uri=about:blank
01-18 21:44:40.396 10756 10756 D GeckoSession: handleMessage GeckoView:OnLoadRequest uri=about:blank
01-18 21:44:40.464 10756 10756 D mozac-webcompat: Installed WebCompat webextension: webcompat@mozilla.com
01-18 21:44:40.490 10756 10756 D GeckoSession: handleMessage GeckoView:PageStart uri=about:blank
01-18 21:44:40.513 10756 10756 D GeckoSession: handleMessage GeckoView:PageStop uri=null
01-18 21:44:40.520 10756 10756 I SessionStorage/AutoSave: Save: Load finished
01-18 21:44:40.522 10756 10854 D SessionStorage/AutoSave: Delaying save (1831ms)
01-18 21:44:40.543 10756 10756 D GeckoSession: handleMessage GeckoView:PageStart uri=about:blank
01-18 21:44:40.570 10756 10756 D GeckoSession: handleMessage GeckoView:SecurityChanged uri=null
01-18 21:44:40.618 10756 10756 D GeckoSession: handleMessage GeckoView:PageStop uri=null
01-18 21:44:40.625 10756 10756 I SessionStorage/AutoSave: Save: Load finished
01-18 21:44:40.626 10756 10756 D SessionStorage/AutoSave: Skipping save, other job already in flight
01-18 21:44:41.265 10756 10756 D GeckoSession: handleMessage GeckoView:StateUpdated uri=null
01-18 21:44:41.265 10756 10756 W GeckoSession: No history entries found.
01-18 21:44:41.280  2360  2360 D MayaFrameworkProxyService: receive intent :Intent { act=android.intent.action.PACKAGE_CHANGED dat=package:org.mozilla.fenix.nightly flg=0x45000010 (has extras) }
01-18 21:44:41.288  1456  1942 I InputReader: Reconfiguring input devices.  changes=0x00000010
01-18 21:44:41.291  1456  1600 W ResourceType: No known package when getting value for resource number 0x7f0801aa
01-18 21:44:41.292  1456  1600 W ResourceType: No known package when getting value for resource number 0x7f120103
01-18 21:44:41.292  1456  1600 W ResourceType: No known package when getting value for resource number 0x7f120103
01-18 21:44:41.292  1456  1600 W ResourceType: No known package when getting value for resource number 0x7f0801a8
01-18 21:44:41.292  1456  1600 W ResourceType: No known package when getting value for resource number 0x7f120102
01-18 21:44:41.292  1456  1600 W ResourceType: No known package when getting value for resource number 0x7f120102
01-18 21:44:41.334  1456  1600 W SearchableInfo: Invalid searchable metadata for com.google.android.gms/.nearby.sharing.ContactSelectActivity: Search label must be a resource reference.
01-18 21:44:41.340  2398  2398 D ImsResolver: maybeAddedImsService, packageName: org.mozilla.fenix.nightly
01-18 21:44:41.342  2398  2398 D CarrierSvcBindHelper: No carrier app for: 0
01-18 21:44:41.343  1456  1456 I TelecomService: DefaultDialerCache: Refreshing default dialer for user 0: now com.android.dialer: DDC.oR@tCA
01-18 21:44:41.345  2398  2398 D CarrierSvcBindHelper: No carrier app for: 1
01-18 21:44:41.397  2398  2398 E VvmPkgInstalledRcvr: cannot create TelephonyManager from ComponentInfo{com.android.phone/com.android.services.telephony.TelephonyConnectionService}, [****], UserHandle{0}
01-18 21:44:42.360 10756 10854 D SessionStorage/AutoSave: Saved state to disk [6ms]
01-18 21:44:42.468 20319 10318 I Icing   : Indexing com.google.android.gms-apps from com.google.android.gms
01-18 21:44:42.506 10998 10998 D AndroidRuntime: >>>>>> START com.android.internal.os.RuntimeInit uid 2000 <<<<<<
01-18 21:44:42.519 10998 10998 W app_process: Could not reserve sentinel fault page
01-18 21:44:42.566 20319 10318 I Icing   : Indexing done com.google.android.gms-apps
01-18 21:44:42.686 10998 10998 I app_process: The ClassLoaderContext is a special shared library.
01-18 21:44:42.757 10998 10998 D AndroidRuntime: Calling main entry com.android.commands.input.Input
01-18 21:44:42.764 10998 10998 I Input   : injectKeyEvent: KeyEvent { action=ACTION_DOWN, keyCode=KEYCODE_HOME, scanCode=0, metaState=0, flags=0x0, repeatCount=0, eventTime=11849111490, downTime=11849111490, deviceId=-1, source=0x101 }
01-18 21:44:42.771 10998 10998 I Input   : injectKeyEvent: KeyEvent { action=ACTION_UP, keyCode=KEYCODE_HOME, scanCode=0, metaState=0, flags=0x0, repeatCount=0, eventTime=11849111490, downTime=11849111490, deviceId=-1, source=0x101 }
01-18 21:44:42.778  1456  1941 I ActivityManager: START u0 {act=android.intent.action.MAIN cat=[android.intent.category.HOME] flg=0x10200000 cmp=com.android.launcher3/.CustomizationPanelLauncher (has extras)} from uid 1000
01-18 21:44:42.779   794   839 E ANDR-PERF-RESOURCEQS: Failed to apply optimization [4, 0]
01-18 21:44:42.791  1456  1941 I ActivityManager: moveHomeStack, setupComplete:true
01-18 21:44:42.795 10998 10998 D AndroidRuntime: Shutting down VM
01-18 21:44:42.805 26094 26219 I Adreno  : QUALCOMM build                   : bb5b86c, I77d3059488
01-18 21:44:42.805 26094 26219 I Adreno  : Build Date                       : 06/07/18
01-18 21:44:42.805 26094 26219 I Adreno  : OpenGL ES Shader Compiler Version: EV031.22.00.01_06
01-18 21:44:42.805 26094 26219 I Adreno  : Local Branch                     : 
01-18 21:44:42.805 26094 26219 I Adreno  : Remote Branch                    : refs/tags/AU_LINUX_ANDROID_LA.UM.6.5.R1.08.01.00.312.086
01-18 21:44:42.805 26094 26219 I Adreno  : Remote Branch                    : NONE
01-18 21:44:42.805 26094 26219 I Adreno  : Reconstruct Branch               : NOTHING
01-18 21:44:42.808 26094 26219 D vndksupport: Loading /vendor/lib/hw/gralloc.msm8937.so from current namespace instead of sphal namespace.
01-18 21:44:42.812 26094 26219 I Adreno  : PFP: 0x005ff087, ME: 0x005ff063
01-18 21:44:42.817  7898  7898 I Finsky  : [2] pze.onTrimMemory(1): Memory trim requested to level 80
01-18 21:44:42.818 26094 26219 I zygote  : android::hardware::configstore::V1_0::ISurfaceFlingerConfigs::hasWideColorDisplay retrieved: 0
01-18 21:44:42.819  2748  2748 D Launcher.Utilities: Wakeup weather: Intent { act=com.motorola.launcher3.action.WAKEUP_WEATHER cmp=com.motorola.timeweatherwidget/com.motorola.commandcenter.weather.WakeUpService }
01-18 21:44:42.819 26094 26219 I OpenGLRenderer: Initialized EGL, version 1.4
01-18 21:44:42.819 26094 26219 D OpenGLRenderer: Swap behavior 2
01-18 21:44:42.834  1456  1456 I NotificationService: Cannot find enqueued record for key: 0|com.motorola.timeweatherwidget|1|null|10116
01-18 21:44:42.840   808   808 D SurfaceFlinger: duplicate layer name: changing com.android.launcher3/com.android.launcher3.CustomizationPanelLauncher to com.android.launcher3/com.android.launcher3.CustomizationPanelLauncher#1
01-18 21:44:42.861 26094 26198 W ThreadPoolDumper: Queue length for executor EventBus is now 11. Perhaps some tasks are too long, or the pool is too small.
01-18 21:44:42.867  1456  2918 I WifiService: getWifiEnabledState uid=10073
01-18 21:44:42.878  1456  2918 I WifiService: getWifiEnabledState uid=10073
01-18 21:44:42.917 10756 10756 D GeckoSession: handleMessage GeckoView:StateUpdated uri=null
01-18 21:44:42.918  1456  1673 I LaunchCheckinHandler: Displayed com.android.launcher3/.CustomizationPanelLauncher,wp,wa,139
01-18 21:44:42.921 26094 26271 I MicroDetectionState: Should stop hotword detection immediately - false
01-18 21:44:42.927 26094 26271 I MicroDetectionWorker: #startMicroDetector [speakerMode: 0]
01-18 21:44:42.929 26094 26271 I AudioController: Created new AudioSource
01-18 21:44:42.936 26094 26211 I MicroDataManager: isInitializedWithLatestParams-true
01-18 21:44:42.936 26094 26211 I MicroDataManager: isInitializing-false locale not changed-true model not changed-true
01-18 21:44:42.938 26094 26211 I MicroDataManager: Already initialized, obtaining the hotword data immediately.
01-18 21:44:42.944 26094 26315 I MicroRecognitionRunner: Starting detection.
01-18 21:44:42.945 26094 26315 I InputStreamUtils: Using micInputStream
01-18 21:44:42.947 26094  7683 I MicrophoneInputStream: mic_starting  SR : 16000 CC : 16 SO : 1999
01-18 21:44:42.954   788  1401 V msm8974_platform: platform_check_input_mask: enter check_input_mask source 6 mask 10
01-18 21:44:42.957  1012 11013 I AudioFlinger: AudioFlinger's thread 0xb2483e40 tid=11013 ready to run
01-18 21:44:42.965   788  1401 D audio_hw_primary: in_set_parameters: enter: kvpairs=input_source=6;routing=-2147483644
01-18 21:44:42.967  1012  1301 D APM_AudioPolicyManager: AudioPolicyManager::startInput() input 96654, session 96721, source = 1999
01-18 21:44:42.968 26094  7683 I MicrophoneInputStream: mic_started  SR : 16000 CC : 16 SO : 1999
01-18 21:44:42.972   788 11014 V msm8974_platform: platform_update_usecase_from_source: input source :6
01-18 21:44:42.972   788 11014 V msm8974_platform: platform_check_input_mask: enter check_input_mask source 6 mask 10
01-18 21:44:42.972   788 11014 V msm8974_platform: platform_get_input_snd_device: enter: out_device(0) in_device(0x4) channel_count (1) channel_mask (0x10)
01-18 21:44:42.972   788 11014 V msm8974_platform: platform_get_input_snd_device: exit: in_snd_device(voice-rec-mic)
01-18 21:44:42.972   788 11014 V msm8974_platform: platform_get_backend_index:napb: backend port - 5 device - 120 
01-18 21:44:42.972   788 11014 V msm8974_platform: platform_check_and_set_capture_backend_cfg:txbecf: afe: bitwidth 0, samplerate 0, channel 1, backend_idx 5 usecase = 9 device (voice-rec-mic)
01-18 21:44:42.972   788 11014 V msm8974_platform: platform_check_capture_backend_cfg:txbecf: afe: Codec selected backend: 5 current bit width: 0 and sample rate: 0, channels 1
01-18 21:44:42.972   788 11014 V msm8974_platform: platform_check_capture_backend_cfg:txbecf: afe: Codec selected backend: 5 updated bit width: 0 and sample rate: 0
01-18 21:44:42.972   788 11014 I msm8974_platform: platform_check_capture_backend_cfg:txbecf: afe: Codec backend needs to be updated. new bit width: 0 new sample rate: 0 new channel: 1
01-18 21:44:42.972   788 11014 V msm8974_platform: platform_get_backend_index:napb: backend port - 5 device - 120 
01-18 21:44:42.972   788 11014 V msm8974_platform: platform_set_backend_cfg:becf: afe: bitwidth 0, samplerate 0 channels 1, backend_idx 5 device (voice-rec-mic)
01-18 21:44:42.973   788 11014 E msm8974_platform: platform_set_backend_cfg:becf: afe: Could not get ctl for mixer command - SLIM_0_TX Format
01-18 21:44:42.973   788 11014 V msm8974_platform: platform_send_audio_calibration: sending audio calibration for snd_device(120) acdb_id(62)
01-18 21:44:42.973   788 11014 D ACDB-LOADER: ACDB -> send_audio_cal, acdb_id = 62, path = 1, app id = 0x11130, sample rate = 48000
01-18 21:44:42.973   788 11014 D ACDB-LOADER: ACDB -> send_asm_topology
01-18 21:44:42.973   788 11014 D ACDB-LOADER: ACDB -> ACDB_CMD_GET_AUDPROC_STREAM_TOPOLOGY_ID
01-18 21:44:42.973   788 11014 D ACDB-LOADER: ACDB -> send_adm_topology
01-18 21:44:42.973   788 11014 D ACDB-LOADER: ACDB -> ACDB_CMD_GET_AUDPROC_COMMON_TOPOLOGY_ID
01-18 21:44:42.973   788 11014 D ACDB-LOADER: ACDB -> send_audtable
01-18 21:44:42.973   788 11014 D ACDB-LOADER: ACDB -> ACDB_CMD_GET_AUDPROC_COMMON_TABLE_SIZE
01-18 21:44:42.973   788 11014 D ACDB-LOADER: ACDB -> ACDB_CMD_GET_AUDPROC_COMMON_TABLE
01-18 21:44:42.973   788 11014 D ACDB-LOADER: ACDB -> AUDIO_SET_AUDPROC_CAL
01-18 21:44:42.973   788 11014 D ACDB-LOADER: ACDB -> send_audvoltable
01-18 21:44:42.973   788 11014 D ACDB-LOADER: ACDB -> ACDB_CMD_GET_AUDPROC_VOL_STEP_TABLE_SIZE
01-18 21:44:42.973   788 11014 D ACDB-LOADER: ACDB -> ACDB_CMD_GET_AUDPROC_GAIN_DEP_STEP_TABLE, vol index 0
01-18 21:44:42.973   788 11014 D         : Failed to fetch the lookup information of the device 0000003E 
01-18 21:44:42.973   788 11014 D ACDB-LOADER: ACDB -> AUDIO_SET_VOL_CAL cal type = 12
01-18 21:44:42.973   788 11014 D ACDB-LOADER: ACDB -> ACDB_CMD_GET_AUDPROC_STREAM_TABLE_SIZE
01-18 21:44:42.973   788 11014 D ACDB-LOADER: ACDB -> send_audstrmtable
01-18 21:44:42.973   788 11014 D ACDB-LOADER: ACDB -> ACDB_CMD_GET_AUDPROC_STREAM_TABLE_V2
01-18 21:44:42.973   788 11014 D ACDB-LOADER: ACDB -> audstrm_cal->cal_type.cal_data.cal_size = 456
01-18 21:44:42.973   788 11014 D ACDB-LOADER: ACDB -> send_afe_topology
01-18 21:44:42.973   788 11014 D ACDB-LOADER: ACDB -> ACDB_CMD_GET_AFE_TOPOLOGY_ID
01-18 21:44:42.973   788 11014 D ACDB-LOADER: ACDB -> GET_AFE_TOPOLOGY_ID for adcd_id 62, Topology Id 112fb
01-18 21:44:42.973   788 11014 D ACDB-LOADER: ACDB -> send_afe_cal
01-18 21:44:42.974   788 11014 D ACDB-LOADER: ACDB -> ACDB_CMD_GET_AFE_COMMON_TABLE_SIZE
01-18 21:44:42.974   788 11014 D         : Failed to fetch the lookup information of the device 0000003E 
01-18 21:44:42.974   788 11014 E ACDB-LOADER: Error: ACDB_CMD_GET_AFE_COMMON_TABLE_SIZE Returned = -19
01-18 21:44:42.974   788 11014 D ACDB-LOADER: ACDB -> ACDB_CMD_GET_AFE_COMMON_TABLE
01-18 21:44:42.974   788 11014 D         : Failed to fetch the lookup information of the device 0000003E 
01-18 21:44:42.974   788 11014 D ACDB-LOADER: ACDB -> AUDIO_SET_AFE_CAL
01-18 21:44:42.974   788 11014 D ACDB-LOADER: ACDB -> send_hw_delay : acdb_id = 62 path = 1
01-18 21:44:42.974   788 11014 D ACDB-LOADER: ACDB -> ACDB_AVSYNC_INFO: ACDB_CMD_GET_DEVICE_PROPERTY
01-18 21:44:42.974   788 11014 D audio_hw_primary: enable_snd_device: snd_device(120: voice-rec-mic)
01-18 21:44:42.974   788 11014 D audio_route: Apply path: voice-rec-mic
01-18 21:44:42.977   788 11014 V msm8974_platform: platform_get_snd_device_backend_index: enter with device 120
01-18 21:44:42.977   788 11014 E msm8974_platform: platform_get_snd_device_backend_index: BE DAI Name Table is not present
01-18 21:44:42.977   788 11014 V msm8974_platform: platform_get_backend_index:napb: backend port - 5 device - 120 
01-18 21:44:42.977   788 11014 I audio_hw_utils: Set Audio Stream Capture 0 App Type Cfg: app_type 69936, acdb_dev_id 62, sample_rate 48000, snd_device_be_idx -14
01-18 21:44:42.977   788 11014 D audio_hw_primary: enable_audio_route: usecase(9) apply and update mixer path: audio-record
01-18 21:44:42.977   788 11014 D audio_route: Apply path: audio-record
01-18 21:44:43.052 26094 26271 I MicroDetectionWorker: onReady
01-18 21:44:43.072  2146  2165 I zygote  : NativeAlloc concurrent copying GC freed 19785(1089KB) AllocSpace objects, 0(0B) LOS objects, 49% free, 9MB/18MB, paused 259us total 127.345ms
