02-03 21:44:58.211  1456  1466 I zygote  : Background concurrent copying GC freed 59316(3MB) AllocSpace objects, 27(1052KB) LOS objects, 40% free, 35MB/59MB, paused 581us total 345.237ms
02-03 21:44:58.873 10905 10939 I chatty  : uid=10819(org.mozilla.fenix.nightly) expire 4 lines
02-03 21:44:58.905 10905 11088 I chatty  : uid=10819(org.mozilla.fenix.nightly) expire 2 lines
02-03 21:44:58.996  7719  7729 I zygote  : Do partial code cache collection, code=57KB, data=62KB
02-03 21:44:58.998  7719  7729 I zygote  : After code cache collection, code=57KB, data=62KB
02-03 21:44:58.998  7719  7729 I zygote  : Increasing code cache capacity to 256KB
02-03 21:44:59.518 10905 10905 I chatty  : uid=10819(org.mozilla.fenix.nightly) expire 5 lines
02-03 21:45:02.132  2360  2360 D MayaFrameworkProxyService: receive intent :Intent { act=android.intent.action.PACKAGE_CHANGED dat=package:org.mozilla.fenix.nightly flg=0x45000010 (has extras) }
02-03 21:45:02.135  1456  1600 W ResourceType: No known package when getting value for resource number 0x7f0801a1
02-03 21:45:02.136  1456  1600 W ResourceType: No known package when getting value for resource number 0x7f120105
02-03 21:45:02.136  1456  1600 W ResourceType: No known package when getting value for resource number 0x7f120105
02-03 21:45:02.136  1456  1600 W ResourceType: No known package when getting value for resource number 0x7f08019f
02-03 21:45:02.136  1456  1600 W ResourceType: No known package when getting value for resource number 0x7f120104
02-03 21:45:02.136  1456  1600 W ResourceType: No known package when getting value for resource number 0x7f120104
02-03 21:45:02.155  1456  1456 W ResourceType: ResTable_typeSpec entry count inconsistent: given 669, previously 675
02-03 21:45:02.155  1456  1456 W ResourceType: ResTable_typeSpec entry count inconsistent: given 394, previously 1461
02-03 21:45:02.155  1456  1456 W ResourceType: ResTable_typeSpec entry count inconsistent: given 217, previously 1293
02-03 21:45:02.166  1456  1942 I InputReader: Reconfiguring input devices.  changes=0x00000010
02-03 21:45:02.212  1456  1600 W ResourceType: ResTable_typeSpec entry count inconsistent: given 29, previously 34
02-03 21:45:02.214  1456  1600 W ResourceType: ResTable_typeSpec entry count inconsistent: given 2172, previously 2169
02-03 21:45:02.214  1456  1600 W ResourceType: ResTable_typeSpec entry count inconsistent: given 272, previously 1536
02-03 21:45:02.240  2398  2398 D ImsResolver: maybeAddedImsService, packageName: org.mozilla.fenix.nightly
02-03 21:45:02.242  2398  2398 D CarrierSvcBindHelper: No carrier app for: 0
02-03 21:45:02.242  2398  2398 D CarrierSvcBindHelper: No carrier app for: 1
02-03 21:45:02.244  1456  1456 W ResourceType: Found multiple library tables, ignoring...
02-03 21:45:02.250  1456  1600 W ResourceType: Found multiple library tables, ignoring...
02-03 21:45:02.256  2398  2398 E VvmPkgInstalledRcvr: cannot create TelephonyManager from ComponentInfo{com.android.phone/com.android.services.telephony.TelephonyConnectionService}, [****], UserHandle{0}
02-03 21:45:02.294  1456  1456 I TelecomService: DefaultDialerCache: Refreshing default dialer for user 0: now com.android.dialer: DDC.oR@AuM
02-03 21:45:02.297 13975 14047 I Icing   : IndexChimeraService.getServiceInterface callingPackage=com.google.android.gms componentName=AppsCorpus serviceId=36
02-03 21:45:02.298 11110 11110 D AndroidRuntime: >>>>>> START com.android.internal.os.RuntimeInit uid 2000 <<<<<<
02-03 21:45:02.305 13975  3218 W Icing   : No valid account for uploading user actions
02-03 21:45:02.312 11110 11110 W app_process: Could not reserve sentinel fault page
02-03 21:45:02.386 13975  3218 I Icing   : Usage reports ok 1, Failed Usage reports 0, indexed 0, rejected 0
02-03 21:45:02.388 13975  3218 I Icing   : Indexing com.google.android.gms-internal.3p:MobileApplication from com.google.android.gms using seqno 2511
02-03 21:45:02.480 11110 11110 I app_process: The ClassLoaderContext is a special shared library.
02-03 21:45:02.548 11110 11110 D AndroidRuntime: Calling main entry com.android.commands.input.Input
02-03 21:45:02.554 11110 11110 I Input   : injectKeyEvent: KeyEvent { action=ACTION_DOWN, keyCode=KEYCODE_HOME, scanCode=0, metaState=0, flags=0x0, repeatCount=0, eventTime=13204828964, downTime=13204828964, deviceId=-1, source=0x101 }
02-03 21:45:02.560 11110 11110 I Input   : injectKeyEvent: KeyEvent { action=ACTION_UP, keyCode=KEYCODE_HOME, scanCode=0, metaState=0, flags=0x0, repeatCount=0, eventTime=13204828964, downTime=13204828964, deviceId=-1, source=0x101 }
02-03 21:45:02.566  1456  1941 I ActivityManager: START u0 {act=android.intent.action.MAIN cat=[android.intent.category.HOME] flg=0x10200000 cmp=com.android.launcher3/.CustomizationPanelLauncher (has extras)} from uid 1000
02-03 21:45:02.566   794   839 E ANDR-PERF-RESOURCEQS: Failed to apply optimization [4, 0]
02-03 21:45:02.578  1456  1941 I ActivityManager: moveHomeStack, setupComplete:true
02-03 21:45:02.583 20023 20118 I Adreno  : QUALCOMM build                   : bb5b86c, I77d3059488
02-03 21:45:02.583 20023 20118 I Adreno  : Build Date                       : 06/07/18
02-03 21:45:02.583 20023 20118 I Adreno  : OpenGL ES Shader Compiler Version: EV031.22.00.01_06
02-03 21:45:02.583 20023 20118 I Adreno  : Local Branch                     : 
02-03 21:45:02.583 20023 20118 I Adreno  : Remote Branch                    : refs/tags/AU_LINUX_ANDROID_LA.UM.6.5.R1.08.01.00.312.086
02-03 21:45:02.583 20023 20118 I Adreno  : Remote Branch                    : NONE
02-03 21:45:02.583 20023 20118 I Adreno  : Reconstruct Branch               : NOTHING
02-03 21:45:02.586 20023 20118 D vndksupport: Loading /vendor/lib/hw/gralloc.msm8937.so from current namespace instead of sphal namespace.
02-03 21:45:02.589 20023 20118 I Adreno  : PFP: 0x005ff087, ME: 0x005ff063
02-03 21:45:02.589 11110 11110 D AndroidRuntime: Shutting down VM
02-03 21:45:02.593 20023 20118 I zygote  : android::hardware::configstore::V1_0::ISurfaceFlingerConfigs::hasWideColorDisplay retrieved: 0
02-03 21:45:02.594 20023 20118 I OpenGLRenderer: Initialized EGL, version 1.4
02-03 21:45:02.594 20023 20118 D OpenGLRenderer: Swap behavior 2
02-03 21:45:02.605  2748  2748 D Launcher.Utilities: Wakeup weather: Intent { act=com.motorola.launcher3.action.WAKEUP_WEATHER cmp=com.motorola.timeweatherwidget/com.motorola.commandcenter.weather.WakeUpService }
02-03 21:45:02.620  1456  1456 I NotificationService: Cannot find enqueued record for key: 0|com.motorola.timeweatherwidget|1|null|10116
02-03 21:45:02.622   808   808 D SurfaceFlinger: duplicate layer name: changing com.android.launcher3/com.android.launcher3.CustomizationPanelLauncher to com.android.launcher3/com.android.launcher3.CustomizationPanelLauncher#1
02-03 21:45:02.632 20023 20098 W ThreadPoolDumper: Queue length for executor EventBus is now 11. Perhaps some tasks are too long, or the pool is too small.
02-03 21:45:02.634  1456  2236 I WifiService: getWifiEnabledState uid=10073
02-03 21:45:02.649  1456  2236 I WifiService: getWifiEnabledState uid=10073
02-03 21:45:02.654  7463  7463 I Finsky  : [2] pow.onTrimMemory(1): Memory trim requested to level 80
02-03 21:45:02.678 20023 20165 I MicroDetectionState: Should stop hotword detection immediately - false
02-03 21:45:02.681 20023 20165 I MicroDetectionWorker: #startMicroDetector [speakerMode: 0]
02-03 21:45:02.683 20023 20165 I AudioController: Created new AudioSource
02-03 21:45:02.705  1456  1673 I LaunchCheckinHandler: Displayed com.android.launcher3/.CustomizationPanelLauncher,wp,wa,138
02-03 21:45:02.706 20023 20097 I MicroDataManager: isInitializedWithLatestParams-true
02-03 21:45:02.706 20023 20097 I MicroDataManager: isInitializing-false locale not changed-true model not changed-true
02-03 21:45:02.707 20023 20097 I MicroDataManager: Already initialized, obtaining the hotword data immediately.
02-03 21:45:02.711 20023 20105 I MicroRecognitionRunner: Starting detection.
02-03 21:45:02.712 20023 20105 I InputStreamUtils: Using micInputStream
02-03 21:45:02.712 20023  7275 I MicrophoneInputStream: mic_starting  SR : 16000 CC : 16 SO : 1999
02-03 21:45:02.714   788   788 V msm8974_platform: platform_check_input_mask: enter check_input_mask source 6 mask 10
02-03 21:45:02.716  1012 11137 I AudioFlinger: AudioFlinger's thread 0xb2483280 tid=11137 ready to run
02-03 21:45:02.722   788   788 D audio_hw_primary: in_set_parameters: enter: kvpairs=input_source=6;routing=-2147483644
02-03 21:45:02.724  1012 10158 D APM_AudioPolicyManager: AudioPolicyManager::startInput() input 117982, session 118057, source = 1999
02-03 21:45:02.724 20023  7275 I MicrophoneInputStream: mic_started  SR : 16000 CC : 16 SO : 1999
02-03 21:45:02.726   788 11138 V msm8974_platform: platform_update_usecase_from_source: input source :6
02-03 21:45:02.726   788 11138 V msm8974_platform: platform_check_input_mask: enter check_input_mask source 6 mask 10
02-03 21:45:02.726   788 11138 V msm8974_platform: platform_get_input_snd_device: enter: out_device(0) in_device(0x4) channel_count (1) channel_mask (0x10)
02-03 21:45:02.726   788 11138 V msm8974_platform: platform_get_input_snd_device: exit: in_snd_device(voice-rec-mic)
02-03 21:45:02.726   788 11138 V msm8974_platform: platform_get_backend_index:napb: backend port - 5 device - 120 
02-03 21:45:02.726   788 11138 V msm8974_platform: platform_check_and_set_capture_backend_cfg:txbecf: afe: bitwidth 0, samplerate 0, channel 1, backend_idx 5 usecase = 9 device (voice-rec-mic)
02-03 21:45:02.726   788 11138 V msm8974_platform: platform_check_capture_backend_cfg:txbecf: afe: Codec selected backend: 5 current bit width: 0 and sample rate: 0, channels 1
02-03 21:45:02.726   788 11138 V msm8974_platform: platform_check_capture_backend_cfg:txbecf: afe: Codec selected backend: 5 updated bit width: 0 and sample rate: 0
02-03 21:45:02.726   788 11138 I msm8974_platform: platform_check_capture_backend_cfg:txbecf: afe: Codec backend needs to be updated. new bit width: 0 new sample rate: 0 new channel: 1
02-03 21:45:02.726   788 11138 V msm8974_platform: platform_get_backend_index:napb: backend port - 5 device - 120 
02-03 21:45:02.726   788 11138 V msm8974_platform: platform_set_backend_cfg:becf: afe: bitwidth 0, samplerate 0 channels 1, backend_idx 5 device (voice-rec-mic)
02-03 21:45:02.727   788 11138 E msm8974_platform: platform_set_backend_cfg:becf: afe: Could not get ctl for mixer command - SLIM_0_TX Format
02-03 21:45:02.727   788 11138 V msm8974_platform: platform_send_audio_calibration: sending audio calibration for snd_device(120) acdb_id(62)
02-03 21:45:02.727   788 11138 D ACDB-LOADER: ACDB -> send_audio_cal, acdb_id = 62, path = 1, app id = 0x11130, sample rate = 48000
02-03 21:45:02.727   788 11138 D ACDB-LOADER: ACDB -> send_asm_topology
02-03 21:45:02.727   788 11138 D ACDB-LOADER: ACDB -> ACDB_CMD_GET_AUDPROC_STREAM_TOPOLOGY_ID
02-03 21:45:02.727   788 11138 D ACDB-LOADER: ACDB -> send_adm_topology
02-03 21:45:02.727   788 11138 D ACDB-LOADER: ACDB -> ACDB_CMD_GET_AUDPROC_COMMON_TOPOLOGY_ID
02-03 21:45:02.727   788 11138 D ACDB-LOADER: ACDB -> send_audtable
02-03 21:45:02.727   788 11138 D ACDB-LOADER: ACDB -> ACDB_CMD_GET_AUDPROC_COMMON_TABLE_SIZE
02-03 21:45:02.727   788 11138 D ACDB-LOADER: ACDB -> ACDB_CMD_GET_AUDPROC_COMMON_TABLE
02-03 21:45:02.727   788 11138 D ACDB-LOADER: ACDB -> AUDIO_SET_AUDPROC_CAL
02-03 21:45:02.727   788 11138 D ACDB-LOADER: ACDB -> send_audvoltable
02-03 21:45:02.727   788 11138 D ACDB-LOADER: ACDB -> ACDB_CMD_GET_AUDPROC_VOL_STEP_TABLE_SIZE
02-03 21:45:02.728   788 11138 D ACDB-LOADER: ACDB -> ACDB_CMD_GET_AUDPROC_GAIN_DEP_STEP_TABLE, vol index 0
02-03 21:45:02.728   788 11138 D         : Failed to fetch the lookup information of the device 0000003E 
02-03 21:45:02.728   788 11138 D ACDB-LOADER: ACDB -> AUDIO_SET_VOL_CAL cal type = 12
02-03 21:45:02.728   788 11138 D ACDB-LOADER: ACDB -> ACDB_CMD_GET_AUDPROC_STREAM_TABLE_SIZE
02-03 21:45:02.728   788 11138 D ACDB-LOADER: ACDB -> send_audstrmtable
02-03 21:45:02.728   788 11138 D ACDB-LOADER: ACDB -> ACDB_CMD_GET_AUDPROC_STREAM_TABLE_V2
02-03 21:45:02.728   788 11138 D ACDB-LOADER: ACDB -> audstrm_cal->cal_type.cal_data.cal_size = 456
02-03 21:45:02.728   788 11138 D ACDB-LOADER: ACDB -> send_afe_topology
02-03 21:45:02.728   788 11138 D ACDB-LOADER: ACDB -> ACDB_CMD_GET_AFE_TOPOLOGY_ID
02-03 21:45:02.728   788 11138 D ACDB-LOADER: ACDB -> GET_AFE_TOPOLOGY_ID for adcd_id 62, Topology Id 112fb
02-03 21:45:02.728   788 11138 D ACDB-LOADER: ACDB -> send_afe_cal
02-03 21:45:02.728   788 11138 D ACDB-LOADER: ACDB -> ACDB_CMD_GET_AFE_COMMON_TABLE_SIZE
02-03 21:45:02.728   788 11138 D         : Failed to fetch the lookup information of the device 0000003E 
02-03 21:45:02.728   788 11138 E ACDB-LOADER: Error: ACDB_CMD_GET_AFE_COMMON_TABLE_SIZE Returned = -19
02-03 21:45:02.728   788 11138 D ACDB-LOADER: ACDB -> ACDB_CMD_GET_AFE_COMMON_TABLE
02-03 21:45:02.728   788 11138 D         : Failed to fetch the lookup information of the device 0000003E 
02-03 21:45:02.728   788 11138 D ACDB-LOADER: ACDB -> AUDIO_SET_AFE_CAL
02-03 21:45:02.728   788 11138 D ACDB-LOADER: ACDB -> send_hw_delay : acdb_id = 62 path = 1
02-03 21:45:02.728   788 11138 D ACDB-LOADER: ACDB -> ACDB_AVSYNC_INFO: ACDB_CMD_GET_DEVICE_PROPERTY
02-03 21:45:02.728   788 11138 D audio_hw_primary: enable_snd_device: snd_device(120: voice-rec-mic)
02-03 21:45:02.728   788 11138 D audio_route: Apply path: voice-rec-mic
02-03 21:45:02.731   788 11138 V msm8974_platform: platform_get_snd_device_backend_index: enter with device 120
02-03 21:45:02.731   788 11138 E msm8974_platform: platform_get_snd_device_backend_index: BE DAI Name Table is not present
02-03 21:45:02.731   788 11138 V msm8974_platform: platform_get_backend_index:napb: backend port - 5 device - 120 
02-03 21:45:02.731   788 11138 I audio_hw_utils: Set Audio Stream Capture 0 App Type Cfg: app_type 69936, acdb_dev_id 62, sample_rate 48000, snd_device_be_idx -14
02-03 21:45:02.731   788 11138 D audio_hw_primary: enable_audio_route: usecase(9) apply and update mixer path: audio-record
02-03 21:45:02.731   788 11138 D audio_route: Apply path: audio-record
02-03 21:45:02.800 20023 20165 I MicroDetectionWorker: onReady
02-03 21:45:03.109  1456  7796 I OpenGLRenderer: Initialized EGL, version 1.4
02-03 21:45:03.109  1456  7796 D OpenGLRenderer: Swap behavior 2
02-03 21:45:03.156  2748  2917 W OpenGLRenderer: Incorrectly called buildLayer on View: ShortcutAndWidgetContainer, destroying layer...
02-03 21:45:03.275 10905 10933 I chatty  : uid=10819(org.mozilla.fenix.nightly) expire 1 line
02-03 21:45:03.278 10905 10929 I chatty  : uid=10819(org.mozilla.fenix.nightly) expire 6 lines
02-03 21:45:03.302   808   898 I SFPerfTracer:      triggers: (rate: 0:0) (0 sw vsyncs) (0 skipped) (37:3433179 vsyncs) (39:6118900)
02-03 21:45:03.349  1456  5907 D ConnectivityService: requestNetwork for uid/pid:10819/10905 NetworkRequest [ TRACK_DEFAULT id=24418, [ Capabilities: INTERNET&NOT_RESTRICTED&TRUSTED&NOT_VPN] ]
02-03 21:45:03.350  1456  2099 D Ethernet: got request NetworkRequest [ TRACK_DEFAULT id=24418, [ Capabilities: INTERNET&NOT_RESTRICTED&TRUSTED&NOT_VPN] ] with score 60
02-03 21:45:03.351  1456  2054 D WIFI_UT : got request NetworkRequest [ TRACK_DEFAULT id=24418, [ Capabilities: INTERNET&NOT_RESTRICTED&TRUSTED&NOT_VPN] ] with score 60
02-03 21:45:03.351  1456  2054 D WIFI    : got request NetworkRequest [ TRACK_DEFAULT id=24418, [ Capabilities: INTERNET&NOT_RESTRICTED&TRUSTED&NOT_VPN] ] with score 60
02-03 21:45:03.351  2398  2398 D PhoneSwitcherNetworkRequstListener: got request NetworkRequest [ TRACK_DEFAULT id=24418, [ Capabilities: INTERNET&NOT_RESTRICTED&TRUSTED&NOT_VPN] ] with score 60
02-03 21:45:03.360 10905 11140 I chatty  : uid=10819(org.mozilla.fenix.nightly) expire 9 lines
02-03 21:45:03.388 13975  3218 I Icing   : Indexing com.google.android.gms-apps from com.google.android.gms
02-03 21:45:03.441 13975  3218 I Icing   : Indexing done com.google.android.gms-apps
02-03 21:45:03.894 10905 10953 I chatty  : uid=10819(org.mozilla.fenix.nightly) expire 1 line
02-03 21:45:03.898  1456  2067 D ConnectivityService: releasing NetworkRequest [ TRACK_DEFAULT id=24418, [ Capabilities: INTERNET&NOT_RESTRICTED&TRUSTED&NOT_VPN] ] (release request)
02-03 21:45:07.750  1456  1473 I ActivityManager: Force stopping org.mozilla.fenix.nightly appid=10819 user=0: from pid 11146
02-03 21:45:07.750  1456  1473 I ActivityManager: Killing 10905:org.mozilla.fenix.nightly/u0a819 (adj 700): stop org.mozilla.fenix.nightly
02-03 21:45:07.753  1456  1605 W zygote  : kill(-10905, 9) failed: No such process
02-03 21:45:07.755 10992 10992 I chatty  : uid=10819(org.mozilla.fenix.nightly) expire 1 line
02-03 21:45:07.755  1456  1473 W ActivityManager: Force removing ActivityRecord{5149177 u0 org.mozilla.fenix.nightly/org.mozilla.fenix.HomeActivity t22489}: app died, no saved state
02-03 21:45:07.755 11021 11021 I chatty  : uid=10819(org.mozilla.fenix.nightly) expire 1 line
02-03 21:45:07.763  1456  1473 I ActivityManager: Killing 11021:org.mozilla.fenix.nightly:socket/u0a819 (adj 0): stop org.mozilla.fenix.nightly
02-03 21:45:07.768  1456  1473 I ActivityManager: Killing 10992:org.mozilla.fenix.nightly:tab/u0a819 (adj 0): stop org.mozilla.fenix.nightly
02-03 21:45:07.770  1456  1605 W zygote  : kill(-10905, 9) failed: No such process
02-03 21:45:07.782  2398  2398 D CarrierSvcBindHelper: No carrier app for: 0
02-03 21:45:07.786  1456  1605 W zygote  : kill(-10905, 9) failed: No such process
02-03 21:45:07.786  2398  2398 D CarrierSvcBindHelper: No carrier app for: 1
02-03 21:45:07.798  1456  1605 W zygote  : kill(-10905, 9) failed: No such process
02-03 21:45:07.850  1456  1673 W ActivityManager: setHasOverlayUi called on unknown pid: 10905
02-03 21:45:07.850  1456  1605 I chatty  : uid=1000(system) ActivityManager identical 6 lines
02-03 21:45:07.866  1456  1605 W zygote  : kill(-10905, 9) failed: No such process
02-03 21:45:07.866  1456  1605 I zygote  : Successfully killed process cgroup uid 10819 pid 10905 in 113ms
02-03 21:45:07.866  1456  1605 W zygote  : kill(-11021, 9) failed: No such process
02-03 21:45:07.866  1456  1605 I zygote  : Successfully killed process cgroup uid 10819 pid 11021 in 0ms
02-03 21:45:07.867  1456  1605 W zygote  : kill(-10992, 9) failed: No such process
02-03 21:45:07.867  1456  1605 I zygote  : Successfully killed process cgroup uid 10819 pid 10992 in 0ms
02-03 21:45:07.883  1456  5797 I ActivityManager: START u0 {act=android.intent.action.MAIN cat=[android.intent.category.LAUNCHER] flg=0x10000000 cmp=org.mozilla.fenix.nightly/org.mozilla.fenix.HomeActivity} from uid 2000
02-03 21:45:07.884   794   839 E ANDR-PERF-RESOURCEQS: Failed to apply optimization [4, 0]
02-03 21:45:07.903  1456  4797 I ActivityManager: Start proc 11153:org.mozilla.fenix.nightly/u0a819 for activity org.mozilla.fenix.nightly/org.mozilla.fenix.HomeActivity
02-03 21:45:07.993 20023 20165 I MicroDetectionState: Should stop hotword detection immediately - false
02-03 21:45:07.993 20023 20165 I MicroDetector: Keeping mic open: false
02-03 21:45:07.993 20023 20165 I RecognitionAudioControl: #shutdownAudio [requestId: -3357735456685446099, keepAudioOpen: false, forced: true]
02-03 21:45:07.993 20023 20207 E DeviceStateChecker: DeviceStateChecker cancelled
02-03 21:45:07.993 20023 20165 I RecognitionAudioControl: #internalShutdownAudio [requestId: -3357735456685446099]
02-03 21:45:07.993 20023 20165 I RecognitionAudioControl: #internalShutdownAudio [keepAudioOpen: false, forced: true]
02-03 21:45:07.993 20023 20165 I RecognitionAudioControl: #actualShutdownAudio
02-03 21:45:07.993 20023 20165 I AudioController: #shutdown [requestId=-3357735456685446099]
02-03 21:45:07.994 20023 20115 I AudioController: internalShutdown
02-03 21:45:07.994 20023 20071 I MicroRecognitionRunner: Stopping hotword detection.
02-03 21:45:08.039   788   788 D audio_hw_primary: disable_audio_route: usecase(9) reset and update mixer path: audio-record
02-03 21:45:08.039   788   788 D audio_hw_primary: disable_snd_device: snd_device(120: voice-rec-mic)
02-03 21:45:08.042  1012 10158 D APM_AudioPolicyManager: stopInput() input 117982, session 118057
02-03 21:45:08.042   788   788 D audio_hw_primary: in_set_parameters: enter: kvpairs=routing=0
02-03 21:45:08.045 20023 20115 I MicrophoneInputStream: mic_close  SR : 16000 CC : 16 SO : 1999
02-03 21:45:08.045 20023 20115 E AudioSource: Stop listening is called on already closed AudioSource
02-03 21:45:08.047 20023 20105 I MicroRecognitionRunner: Detection finished
02-03 21:45:08.060 11153 11153 I chatty  : uid=10819(org.mozilla.fenix.nightly) org.mozilla.fenix expire 45 lines
02-03 21:45:08.129 11153 11171 I chatty  : uid=10819(org.mozilla.fenix.nightly) org.mozilla.fenix expire 4 lines
02-03 21:45:08.182 11153 11179 I chatty  : uid=10819(org.mozilla.fenix.nightly) org.mozilla.fenix expire 8 lines
02-03 21:45:08.218 11153 11183 I chatty  : uid=10819(org.mozilla.fenix.nightly) org.mozilla.fenix expire 11 lines
02-03 21:45:08.231 11153 11158 I chatty  : uid=10819(org.mozilla.fenix.nightly) org.mozilla.fenix expire 8 lines
02-03 21:45:08.282 11153 11189 I chatty  : uid=10819(org.mozilla.fenix.nightly) org.mozilla.fenix expire 30 lines
02-03 21:45:08.423 11153 11201 I chatty  : uid=10819(org.mozilla.fenix.nightly) org.mozilla.fenix expire 6 lines
02-03 21:45:08.427 11153 11203 I chatty  : uid=10819(org.mozilla.fenix.nightly) org.mozilla.fenix expire 10 lines
02-03 21:45:08.631  7039  7052 D AuthStateProvider: Verifying caller's signature:77eac4ceed36afefba76179931dd4cc195ab0cd54baf355d215e7bbdd28e402a
02-03 21:45:08.631  7039  7052 D AuthStateProvider: Success!
02-03 21:45:08.633 11153 11153 E ActivityThread: Failed to find provider info for org.mozilla.fennec_aurora.fxa.auth
02-03 21:45:08.766 11153 11194 I chatty  : uid=10819(org.mozilla.fenix.nightly) org.mozilla.fenix expire 1 line
02-03 21:45:08.776  1456  2402 I ActivityManager: Start proc 11243:org.mozilla.fenix.nightly:tab/u0a819 for service org.mozilla.fenix.nightly/org.mozilla.gecko.process.GeckoServiceChildProcess$tab
02-03 21:45:08.798 11153 11258 I chatty  : uid=10819(org.mozilla.fenix.nightly) org.mozilla.fenix expire 9 lines
02-03 21:45:08.869  1456  4250 I WifiService: getDhcpInfo uid=10819
02-03 21:45:08.888  1456  5797 I ActivityManager: Start proc 11266:org.mozilla.fenix.nightly:socket/u0a819 for service org.mozilla.fenix.nightly/org.mozilla.gecko.process.GeckoServiceChildProcess$socket
02-03 21:45:08.917 11243 11243 I chatty  : uid=10819(org.mozilla.fenix.nightly) expire 2 lines
02-03 21:45:08.918 11243 11281 I chatty  : uid=10819(org.mozilla.fenix.nightly) expire 1 line
02-03 21:45:09.023 11266 11266 I chatty  : uid=10819(org.mozilla.fenix.nightly) expire 2 lines
02-03 21:45:09.024 11266 11285 I chatty  : uid=10819(org.mozilla.fenix.nightly) expire 15 lines
02-03 21:45:09.033  1456  2402 I ActivityManager: Displayed org.mozilla.fenix.nightly/org.mozilla.fenix.HomeActivity: +1s141ms
02-03 21:45:09.033  1456  2402 I ActivityManager: Fully drawn org.mozilla.fenix.nightly/org.mozilla.fenix.HomeActivity: +1s141ms
02-03 21:45:09.080  1456  1673 I LaunchCheckinHandler: Displayed org.mozilla.fenix.nightly/org.mozilla.fenix.HomeActivity,cp,ca,1188
02-03 21:45:09.093  7039  7052 D AuthStateProvider: Verifying caller's signature:77eac4ceed36afefba76179931dd4cc195ab0cd54baf355d215e7bbdd28e402a
02-03 21:45:09.093  7039  7052 D AuthStateProvider: Success!
02-03 21:45:09.096 11153 11153 E ActivityThread: Failed to find provider info for org.mozilla.fennec_aurora.fxa.auth
02-03 21:45:09.156  7463  7463 I Finsky  : [2] pow.onTrimMemory(1): Memory trim requested to level 80
02-03 21:45:09.165 20023 20023 I MemoryTrimmer: Trimming objects from memory, since app is in the background.
02-03 21:45:09.177 20023  7275 I PBSessionCacheImpl: Deleted sessionId[88063665787501833] from persistence.
02-03 21:45:09.177 20023 20023 I MemoryTrimmer: Trimming objects from memory, since app is in the background.
02-03 21:45:09.183  1456  4250 I WifiService: getWifiEnabledState uid=10073
02-03 21:45:09.193 20023 20165 W SearchServiceCore: Abort, client detached.
02-03 21:45:09.205   808   808 I SFPerfTracer:      triggers: (rate: 50:548760) (compose: 0:6) (post: 0:14) (render: 0:11) (4:4605533 frames) (5:6071090)
02-03 21:45:09.205   808   808 D SFPerfTracer:        layers: (4:14) (NavigationBar#0 (0xb07df000): 0:493757) (StatusBar#0 (0xb07e3000): 0:1422997) (com.android.systemui.ImageWallpaper#0 (0xb07e7000): 0:42582)* (Sprite#0 (0xb0733000): 0:317)* (DimLayerController/Stack=0#0 (0xb075a000): 0:3589)* (Sprite#1 (0xb077c000): 0:195)* (com.android.launcher3/com.android.launcher3.CustomizationPanelLauncher#0 (0xb0763000): 0:39)- (com.android.launcher3/com.android.launcher3.CustomizationPanelLauncher#1 (0xb0771000): 0:9)- (Splash Screen org.mozilla.fenix.nightly#0 (0xb0384000): 0:31)- (org.mozilla.fenix.nightly/org.mozilla.fenix.HomeActivity#0 (0xb039b000): 0:45)- (com.android.launcher3/com.android.launcher3.CustomizationPanelLauncher#0 (0xb0763000): 0:38)* (com.android.launcher3/com.android.launcher3.CustomizationPanelLauncher#1 (0xb0771000): 0:9)* (Splash Screen org.mozilla.fenix.nightly#0 (0xb0384000): 5:26) (org.mozilla.fenix.nightly/org.mozilla.fenix.HomeActivity#0 (0xb039b000): 5:9) 
02-03 21:45:10.123 11153 11335 I chatty  : uid=10819(org.mozilla.fenix.nightly) org.mozilla.fenix expire 2 lines
02-03 21:45:11.231  1456  2063 D WifiNative-wlan0: Scan issued for specific freq..
02-03 21:45:12.048  1456  4250 D WificondControl: Scan result ready event
02-03 21:45:13.399  1456  1600 W ResourceType: No known package when getting value for resource number 0x7f0801a1
02-03 21:45:13.399  1456  1600 W ResourceType: No known package when getting value for resource number 0x7f120105
02-03 21:45:13.402  1456  1942 I InputReader: Reconfiguring input devices.  changes=0x00000010
02-03 21:45:13.402  2360  2360 D MayaFrameworkProxyService: receive intent :Intent { act=android.intent.action.PACKAGE_CHANGED dat=package:org.mozilla.fenix.nightly flg=0x45000010 (has extras) }
02-03 21:45:13.408  1456  1600 W ResourceType: No known package when getting value for resource number 0x7f120105
02-03 21:45:13.409  1456  1600 W ResourceType: No known package when getting value for resource number 0x7f08019f
02-03 21:45:13.409  1456  1600 W ResourceType: No known package when getting value for resource number 0x7f120104
02-03 21:45:13.409  1456  1600 W ResourceType: No known package when getting value for resource number 0x7f120104
02-03 21:45:13.446  1456  1456 I TelecomService: DefaultDialerCache: Refreshing default dialer for user 0: now com.android.dialer: DDC.oR@AuY
02-03 21:45:13.460  2398  2398 D CarrierSvcBindHelper: No carrier app for: 0
02-03 21:45:13.460  2398  2398 D CarrierSvcBindHelper: No carrier app for: 1
02-03 21:45:13.489  2398  2398 E VvmPkgInstalledRcvr: cannot create TelephonyManager from ComponentInfo{com.android.phone/com.android.services.telephony.TelephonyConnectionService}, [****], UserHandle{0}
02-03 21:45:13.489  2398  2398 D ImsResolver: maybeAddedImsService, packageName: org.mozilla.fenix.nightly
02-03 21:45:13.537 11360 11360 D AndroidRuntime: >>>>>> START com.android.internal.os.RuntimeInit uid 2000 <<<<<<
02-03 21:45:13.550 11360 11360 W app_process: Could not reserve sentinel fault page
02-03 21:45:13.568 13975 14023 I Icing   : IndexChimeraService.getServiceInterface callingPackage=com.google.android.gms componentName=AppsCorpus serviceId=36
02-03 21:45:13.580 13975  6283 W Icing   : No valid account for uploading user actions
02-03 21:45:13.661 13975  6283 I Icing   : Usage reports ok 1, Failed Usage reports 0, indexed 0, rejected 0
02-03 21:45:13.663 13975  6283 I Icing   : Indexing com.google.android.gms-internal.3p:MobileApplication from com.google.android.gms using seqno 2511
02-03 21:45:13.693 13975 13985 I zygote  : Background concurrent copying GC freed 142496(8MB) AllocSpace objects, 44(1904KB) LOS objects, 49% free, 9MB/18MB, paused 258us total 120.024ms
02-03 21:45:13.720 11360 11360 I app_process: The ClassLoaderContext is a special shared library.
02-03 21:45:13.789 11360 11360 D AndroidRuntime: Calling main entry com.android.commands.input.Input
02-03 21:45:13.790 11360 11360 I Input   : injectKeyEvent: KeyEvent { action=ACTION_DOWN, keyCode=KEYCODE_HOME, scanCode=0, metaState=0, flags=0x0, repeatCount=0, eventTime=13204840204, downTime=13204840204, deviceId=-1, source=0x101 }
02-03 21:45:13.800 11360 11360 I Input   : injectKeyEvent: KeyEvent { action=ACTION_UP, keyCode=KEYCODE_HOME, scanCode=0, metaState=0, flags=0x0, repeatCount=0, eventTime=13204840204, downTime=13204840204, deviceId=-1, source=0x101 }
02-03 21:45:13.806  1456  1941 I ActivityManager: START u0 {act=android.intent.action.MAIN cat=[android.intent.category.HOME] flg=0x10200000 cmp=com.android.launcher3/.CustomizationPanelLauncher (has extras)} from uid 1000
02-03 21:45:13.807   794   839 E ANDR-PERF-RESOURCEQS: Failed to apply optimization [4, 0]
02-03 21:45:13.819  1456  1941 I ActivityManager: moveHomeStack, setupComplete:true
02-03 21:45:13.822 11360 11360 D AndroidRuntime: Shutting down VM
02-03 21:45:13.834 20023 20118 I Adreno  : QUALCOMM build                   : bb5b86c, I77d3059488
02-03 21:45:13.834 20023 20118 I Adreno  : Build Date                       : 06/07/18
02-03 21:45:13.834 20023 20118 I Adreno  : OpenGL ES Shader Compiler Version: EV031.22.00.01_06
02-03 21:45:13.834 20023 20118 I Adreno  : Local Branch                     : 
02-03 21:45:13.834 20023 20118 I Adreno  : Remote Branch                    : refs/tags/AU_LINUX_ANDROID_LA.UM.6.5.R1.08.01.00.312.086
02-03 21:45:13.834 20023 20118 I Adreno  : Remote Branch                    : NONE
02-03 21:45:13.834 20023 20118 I Adreno  : Reconstruct Branch               : NOTHING
02-03 21:45:13.838 20023 20118 D vndksupport: Loading /vendor/lib/hw/gralloc.msm8937.so from current namespace instead of sphal namespace.
02-03 21:45:13.841 20023 20118 I Adreno  : PFP: 0x005ff087, ME: 0x005ff063
02-03 21:45:13.844  2748  2748 D Launcher.Utilities: Wakeup weather: Intent { act=com.motorola.launcher3.action.WAKEUP_WEATHER cmp=com.motorola.timeweatherwidget/com.motorola.commandcenter.weather.WakeUpService }
02-03 21:45:13.846 20023 20118 I zygote  : android::hardware::configstore::V1_0::ISurfaceFlingerConfigs::hasWideColorDisplay retrieved: 0
02-03 21:45:13.848 20023 20118 I OpenGLRenderer: Initialized EGL, version 1.4
02-03 21:45:13.848 20023 20118 D OpenGLRenderer: Swap behavior 2
02-03 21:45:13.861   808   808 D SurfaceFlinger: duplicate layer name: changing com.android.launcher3/com.android.launcher3.CustomizationPanelLauncher to com.android.launcher3/com.android.launcher3.CustomizationPanelLauncher#1
02-03 21:45:13.864  1456  1456 I NotificationService: Cannot find enqueued record for key: 0|com.motorola.timeweatherwidget|1|null|10116
02-03 21:45:13.889  7463  7463 I Finsky  : [2] pow.onTrimMemory(1): Memory trim requested to level 80
02-03 21:45:13.889 20023 20093 W ThreadPoolDumper: Queue length for executor EventBus is now 11. Perhaps some tasks are too long, or the pool is too small.
02-03 21:45:13.893  1456  5797 I WifiService: getWifiEnabledState uid=10073
02-03 21:45:13.903  1456  2916 I WifiService: getWifiEnabledState uid=10073
02-03 21:45:13.926 20023 20165 I MicroDetectionState: Should stop hotword detection immediately - false
02-03 21:45:13.931  1456  1673 I LaunchCheckinHandler: Displayed com.android.launcher3/.CustomizationPanelLauncher,wp,wa,124
02-03 21:45:13.932 20023 20165 I MicroDetectionWorker: #startMicroDetector [speakerMode: 0]
02-03 21:45:13.936 20023 20165 I AudioController: Created new AudioSource
02-03 21:45:13.941 20023 20125 I MicroDataManager: isInitializedWithLatestParams-true
02-03 21:45:13.941 20023 20125 I MicroDataManager: isInitializing-false locale not changed-true model not changed-true
02-03 21:45:13.941 20023 20125 I MicroDataManager: Already initialized, obtaining the hotword data immediately.
02-03 21:45:13.946 20023 20207 I MicroRecognitionRunner: Starting detection.
02-03 21:45:13.946 20023 20207 I InputStreamUtils: Using micInputStream
02-03 21:45:13.947 20023  7275 I MicrophoneInputStream: mic_starting  SR : 16000 CC : 16 SO : 1999
02-03 21:45:13.950   788   788 V msm8974_platform: platform_check_input_mask: enter check_input_mask source 6 mask 10
02-03 21:45:13.952  1012 11385 I AudioFlinger: AudioFlinger's thread 0xb2483380 tid=11385 ready to run
02-03 21:45:13.958   788   788 D audio_hw_primary: in_set_parameters: enter: kvpairs=input_source=6;routing=-2147483644
02-03 21:45:13.959  1012 10158 D APM_AudioPolicyManager: AudioPolicyManager::startInput() input 117990, session 118065, source = 1999
02-03 21:45:13.959 20023  7275 I MicrophoneInputStream: mic_started  SR : 16000 CC : 16 SO : 1999
02-03 21:45:13.960   788 11386 V msm8974_platform: platform_update_usecase_from_source: input source :6
02-03 21:45:13.960   788 11386 V msm8974_platform: platform_check_input_mask: enter check_input_mask source 6 mask 10
02-03 21:45:13.960   788 11386 V msm8974_platform: platform_get_input_snd_device: enter: out_device(0) in_device(0x4) channel_count (1) channel_mask (0x10)
02-03 21:45:13.960   788 11386 V msm8974_platform: platform_get_input_snd_device: exit: in_snd_device(voice-rec-mic)
02-03 21:45:13.960   788 11386 V msm8974_platform: platform_get_backend_index:napb: backend port - 5 device - 120 
02-03 21:45:13.960   788 11386 V msm8974_platform: platform_check_and_set_capture_backend_cfg:txbecf: afe: bitwidth 0, samplerate 0, channel 1, backend_idx 5 usecase = 9 device (voice-rec-mic)
02-03 21:45:13.960   788 11386 V msm8974_platform: platform_check_capture_backend_cfg:txbecf: afe: Codec selected backend: 5 current bit width: 0 and sample rate: 0, channels 1
02-03 21:45:13.960   788 11386 V msm8974_platform: platform_check_capture_backend_cfg:txbecf: afe: Codec selected backend: 5 updated bit width: 0 and sample rate: 0
02-03 21:45:13.960   788 11386 I msm8974_platform: platform_check_capture_backend_cfg:txbecf: afe: Codec backend needs to be updated. new bit width: 0 new sample rate: 0 new channel: 1
02-03 21:45:13.960   788 11386 V msm8974_platform: platform_get_backend_index:napb: backend port - 5 device - 120 
02-03 21:45:13.961   788 11386 V msm8974_platform: platform_set_backend_cfg:becf: afe: bitwidth 0, samplerate 0 channels 1, backend_idx 5 device (voice-rec-mic)
02-03 21:45:13.961   788 11386 E msm8974_platform: platform_set_backend_cfg:becf: afe: Could not get ctl for mixer command - SLIM_0_TX Format
02-03 21:45:13.961   788 11386 V msm8974_platform: platform_send_audio_calibration: sending audio calibration for snd_device(120) acdb_id(62)
02-03 21:45:13.961   788 11386 D ACDB-LOADER: ACDB -> send_audio_cal, acdb_id = 62, path = 1, app id = 0x11130, sample rate = 48000
02-03 21:45:13.961   788 11386 D ACDB-LOADER: ACDB -> send_asm_topology
02-03 21:45:13.961   788 11386 D ACDB-LOADER: ACDB -> ACDB_CMD_GET_AUDPROC_STREAM_TOPOLOGY_ID
02-03 21:45:13.961   788 11386 D ACDB-LOADER: ACDB -> send_adm_topology
02-03 21:45:13.961   788 11386 D ACDB-LOADER: ACDB -> ACDB_CMD_GET_AUDPROC_COMMON_TOPOLOGY_ID
02-03 21:45:13.961   788 11386 D ACDB-LOADER: ACDB -> send_audtable
02-03 21:45:13.961   788 11386 D ACDB-LOADER: ACDB -> ACDB_CMD_GET_AUDPROC_COMMON_TABLE_SIZE
02-03 21:45:13.961   788 11386 D ACDB-LOADER: ACDB -> ACDB_CMD_GET_AUDPROC_COMMON_TABLE
02-03 21:45:13.961   788 11386 D ACDB-LOADER: ACDB -> AUDIO_SET_AUDPROC_CAL
02-03 21:45:13.961   788 11386 D ACDB-LOADER: ACDB -> send_audvoltable
02-03 21:45:13.961   788 11386 D ACDB-LOADER: ACDB -> ACDB_CMD_GET_AUDPROC_VOL_STEP_TABLE_SIZE
02-03 21:45:13.961   788 11386 D ACDB-LOADER: ACDB -> ACDB_CMD_GET_AUDPROC_GAIN_DEP_STEP_TABLE, vol index 0
02-03 21:45:13.961   788 11386 D         : Failed to fetch the lookup information of the device 0000003E 
02-03 21:45:13.961   788 11386 D ACDB-LOADER: ACDB -> AUDIO_SET_VOL_CAL cal type = 12
02-03 21:45:13.961   788 11386 D ACDB-LOADER: ACDB -> ACDB_CMD_GET_AUDPROC_STREAM_TABLE_SIZE
02-03 21:45:13.961   788 11386 D ACDB-LOADER: ACDB -> send_audstrmtable
02-03 21:45:13.961   788 11386 D ACDB-LOADER: ACDB -> ACDB_CMD_GET_AUDPROC_STREAM_TABLE_V2
02-03 21:45:13.961   788 11386 D ACDB-LOADER: ACDB -> audstrm_cal->cal_type.cal_data.cal_size = 456
02-03 21:45:13.961   788 11386 D ACDB-LOADER: ACDB -> send_afe_topology
02-03 21:45:13.961   788 11386 D ACDB-LOADER: ACDB -> ACDB_CMD_GET_AFE_TOPOLOGY_ID
02-03 21:45:13.961   788 11386 D ACDB-LOADER: ACDB -> GET_AFE_TOPOLOGY_ID for adcd_id 62, Topology Id 112fb
02-03 21:45:13.961   788 11386 D ACDB-LOADER: ACDB -> send_afe_cal
02-03 21:45:13.962   788 11386 D ACDB-LOADER: ACDB -> ACDB_CMD_GET_AFE_COMMON_TABLE_SIZE
02-03 21:45:13.962   788 11386 D         : Failed to fetch the lookup information of the device 0000003E 
02-03 21:45:13.962   788 11386 E ACDB-LOADER: Error: ACDB_CMD_GET_AFE_COMMON_TABLE_SIZE Returned = -19
02-03 21:45:13.962   788 11386 D ACDB-LOADER: ACDB -> ACDB_CMD_GET_AFE_COMMON_TABLE
02-03 21:45:13.962   788 11386 D         : Failed to fetch the lookup information of the device 0000003E 
02-03 21:45:13.962   788 11386 D ACDB-LOADER: ACDB -> AUDIO_SET_AFE_CAL
02-03 21:45:13.962   788 11386 D ACDB-LOADER: ACDB -> send_hw_delay : acdb_id = 62 path = 1
02-03 21:45:13.962   788 11386 D ACDB-LOADER: ACDB -> ACDB_AVSYNC_INFO: ACDB_CMD_GET_DEVICE_PROPERTY
02-03 21:45:13.962   788 11386 D audio_hw_primary: enable_snd_device: snd_device(120: voice-rec-mic)
02-03 21:45:13.962   788 11386 D audio_route: Apply path: voice-rec-mic
02-03 21:45:13.966   788 11386 V msm8974_platform: platform_get_snd_device_backend_index: enter with device 120
02-03 21:45:13.966   788 11386 E msm8974_platform: platform_get_snd_device_backend_index: BE DAI Name Table is not present
02-03 21:45:13.966   788 11386 V msm8974_platform: platform_get_backend_index:napb: backend port - 5 device - 120 
02-03 21:45:13.966   788 11386 I audio_hw_utils: Set Audio Stream Capture 0 App Type Cfg: app_type 69936, acdb_dev_id 62, sample_rate 48000, snd_device_be_idx -14
02-03 21:45:13.966   788 11386 D audio_hw_primary: enable_audio_route: usecase(9) apply and update mixer path: audio-record
02-03 21:45:13.966   788 11386 D audio_route: Apply path: audio-record
02-03 21:45:14.037 20023 20165 I MicroDetectionWorker: onReady
02-03 21:45:14.081  2146  2165 I zygote  : NativeAlloc concurrent copying GC freed 20338(1075KB) AllocSpace objects, 0(0B) LOS objects, 49% free, 9MB/19MB, paused 203us total 135.237ms
02-03 21:45:14.337  1456  7796 I OpenGLRenderer: Initialized EGL, version 1.4
02-03 21:45:14.337  1456  7796 D OpenGLRenderer: Swap behavior 2
02-03 21:45:14.397  2748  2917 W OpenGLRenderer: Incorrectly called buildLayer on View: ShortcutAndWidgetContainer, destroying layer...
02-03 21:45:14.516 11153 11217 I chatty  : uid=10819(org.mozilla.fenix.nightly) org.mozilla.fenix expire 1 line
02-03 21:45:14.567  1456  5797 D ConnectivityService: requestNetwork for uid/pid:10819/11153 NetworkRequest [ TRACK_DEFAULT id=24419, [ Capabilities: INTERNET&NOT_RESTRICTED&TRUSTED&NOT_VPN] ]
02-03 21:45:14.569  1456  2099 D Ethernet: got request NetworkRequest [ TRACK_DEFAULT id=24419, [ Capabilities: INTERNET&NOT_RESTRICTED&TRUSTED&NOT_VPN] ] with score 60
02-03 21:45:14.570  2398  2398 D PhoneSwitcherNetworkRequstListener: got request NetworkRequest [ TRACK_DEFAULT id=24419, [ Capabilities: INTERNET&NOT_RESTRICTED&TRUSTED&NOT_VPN] ] with score 60
02-03 21:45:14.571  1456  2054 D WIFI_UT : got request NetworkRequest [ TRACK_DEFAULT id=24419, [ Capabilities: INTERNET&NOT_RESTRICTED&TRUSTED&NOT_VPN] ] with score 60
02-03 21:45:14.571  1456  2054 D WIFI    : got request NetworkRequest [ TRACK_DEFAULT id=24419, [ Capabilities: INTERNET&NOT_RESTRICTED&TRUSTED&NOT_VPN] ] with score 60
02-03 21:45:14.579 11153 11388 I chatty  : uid=10819(org.mozilla.fenix.nightly) org.mozilla.fenix expire 9 lines
02-03 21:45:14.659  1456  1466 I zygote  : NativeAlloc concurrent copying GC freed 67343(3MB) AllocSpace objects, 27(1180KB) LOS objects, 40% free, 35MB/59MB, paused 188us total 322.315ms
02-03 21:45:14.663 13975  6283 I Icing   : Indexing com.google.android.gms-apps from com.google.android.gms
02-03 21:45:14.719 13975  6283 I Icing   : Indexing done com.google.android.gms-apps
02-03 21:45:15.086 11153 11174 I chatty  : uid=10819(org.mozilla.fenix.nightly) org.mozilla.fenix expire 1 line
02-03 21:45:15.090  1456  2067 D ConnectivityService: releasing NetworkRequest [ TRACK_DEFAULT id=24419, [ Capabilities: INTERNET&NOT_RESTRICTED&TRUSTED&NOT_VPN] ] (release request)
02-03 21:45:16.934  2398  2398 D QtiCarrierConfigHelper: WARNING, no carrier configs on phone Id: 0
02-03 21:45:18.996  1456  2920 I ActivityManager: Force stopping org.mozilla.fenix.nightly appid=10819 user=0: from pid 11394
02-03 21:45:18.996  1456  2920 I ActivityManager: Killing 11153:org.mozilla.fenix.nightly/u0a819 (adj 700): stop org.mozilla.fenix.nightly
02-03 21:45:18.999  1456  1605 W zygote  : kill(-11153, 9) failed: No such process
02-03 21:45:19.001  1456  2920 W ActivityManager: Force removing ActivityRecord{67a8ed7 u0 org.mozilla.fenix.nightly/org.mozilla.fenix.HomeActivity t22490}: app died, no saved state
02-03 21:45:19.010  1456  2920 I ActivityManager: Killing 11266:org.mozilla.fenix.nightly:socket/u0a819 (adj 0): stop org.mozilla.fenix.nightly
02-03 21:45:19.014  1456  2920 I ActivityManager: Killing 11243:org.mozilla.fenix.nightly:tab/u0a819 (adj 0): stop org.mozilla.fenix.nightly
02-03 21:45:19.015  1456  1605 W zygote  : kill(-11153, 9) failed: No such process
02-03 21:45:19.030  1456  1605 W zygote  : kill(-11153, 9) failed: No such process
02-03 21:45:19.033  2398  2398 D CarrierSvcBindHelper: No carrier app for: 0
02-03 21:45:19.034  2398  2398 D CarrierSvcBindHelper: No carrier app for: 1
02-03 21:45:19.050  1456  1605 W zygote  : kill(-11153, 9) failed: No such process
02-03 21:45:19.089  1456  1673 W ActivityManager: setHasOverlayUi called on unknown pid: 11153
02-03 21:45:19.095  1456  1605 W zygote  : kill(-11153, 9) failed: No such process
02-03 21:45:19.095  1456  1605 I zygote  : Successfully killed process cgroup uid 10819 pid 11153 in 96ms
02-03 21:45:19.096  1456  1605 W zygote  : kill(-11266, 9) failed: No such process
02-03 21:45:19.096  1456  1605 I zygote  : Successfully killed process cgroup uid 10819 pid 11266 in 0ms
02-03 21:45:19.096  1456  1605 W zygote  : kill(-11243, 9) failed: No such process
02-03 21:45:19.096  1456  1605 I zygote  : Successfully killed process cgroup uid 10819 pid 11243 in 0ms
02-03 21:45:19.122  1456  5907 I ActivityManager: START u0 {act=android.intent.action.MAIN cat=[android.intent.category.LAUNCHER] flg=0x10000000 cmp=org.mozilla.fenix.nightly/org.mozilla.fenix.HomeActivity} from uid 2000
02-03 21:45:19.123   794   839 E ANDR-PERF-RESOURCEQS: Failed to apply optimization [4, 0]
02-03 21:45:19.142   808   898 I SFPerfTracer:      triggers: (rate: 0:0) (0 sw vsyncs) (0 skipped) (1:3433253 vsyncs) (3:6119002)
02-03 21:45:19.143  1456  2916 I ActivityManager: Start proc 11401:org.mozilla.fenix.nightly/u0a819 for activity org.mozilla.fenix.nightly/org.mozilla.fenix.HomeActivity
02-03 21:45:19.231 20023 20165 I MicroDetectionState: Should stop hotword detection immediately - false
02-03 21:45:19.231 20023 20165 I MicroDetector: Keeping mic open: false
02-03 21:45:19.231 20023 20165 I RecognitionAudioControl: #shutdownAudio [requestId: -4334104532272214500, keepAudioOpen: false, forced: true]
02-03 21:45:19.231 20023 20105 E DeviceStateChecker: DeviceStateChecker cancelled
02-03 21:45:19.231 20023 20165 I RecognitionAudioControl: #internalShutdownAudio [requestId: -4334104532272214500]
02-03 21:45:19.231 20023 20165 I RecognitionAudioControl: #internalShutdownAudio [keepAudioOpen: false, forced: true]
02-03 21:45:19.231 20023 20165 I RecognitionAudioControl: #actualShutdownAudio
02-03 21:45:19.232 20023 20165 I AudioController: #shutdown [requestId=-4334104532272214500]
02-03 21:45:19.232 20023 20115 I AudioController: internalShutdown
02-03 21:45:19.232 20023 20097 I MicroRecognitionRunner: Stopping hotword detection.
02-03 21:45:19.274   788   788 D audio_hw_primary: disable_audio_route: usecase(9) reset and update mixer path: audio-record
02-03 21:45:19.275   788   788 D audio_hw_primary: disable_snd_device: snd_device(120: voice-rec-mic)
02-03 21:45:19.276  1012  4918 D APM_AudioPolicyManager: stopInput() input 117990, session 118065
02-03 21:45:19.277   788  1401 D audio_hw_primary: in_set_parameters: enter: kvpairs=routing=0
02-03 21:45:19.280 20023 20115 I MicrophoneInputStream: mic_close  SR : 16000 CC : 16 SO : 1999
02-03 21:45:19.280 20023 20115 E AudioSource: Stop listening is called on already closed AudioSource
02-03 21:45:19.282 20023 20207 I MicroRecognitionRunner: Detection finished
02-03 21:45:19.320 11401 11401 I chatty  : uid=10819(org.mozilla.fenix.nightly) expire 24 lines
02-03 21:45:19.388 11401 11419 I chatty  : uid=10819(org.mozilla.fenix.nightly) expire 4 lines
02-03 21:45:19.433 11401 11425 I chatty  : uid=10819(org.mozilla.fenix.nightly) expire 2 lines
02-03 21:45:19.467 17694 17705 I zygote  : Background concurrent copying GC freed 93634(5MB) AllocSpace objects, 20(440KB) LOS objects, 50% free, 7MB/15MB, paused 122us total 104.020ms
02-03 21:45:19.471 11401 11429 I chatty  : uid=10819(org.mozilla.fenix.nightly) expire 11 lines
02-03 21:45:19.531 11401 11435 I chatty  : uid=10819(org.mozilla.fenix.nightly) expire 16 lines
02-03 21:45:19.596 11401 11406 I chatty  : uid=10819(org.mozilla.fenix.nightly) expire 8 lines
02-03 21:45:19.674 11401 11448 I chatty  : uid=10819(org.mozilla.fenix.nightly) expire 6 lines
02-03 21:45:19.679 11401 11451 I chatty  : uid=10819(org.mozilla.fenix.nightly) expire 10 lines
02-03 21:45:19.680 11401 11401 I chatty  : uid=10819(org.mozilla.fenix.nightly) expire 21 lines
02-03 21:45:19.881  7039  7052 D AuthStateProvider: Verifying caller's signature:77eac4ceed36afefba76179931dd4cc195ab0cd54baf355d215e7bbdd28e402a
02-03 21:45:19.881  7039  7052 D AuthStateProvider: Success!
02-03 21:45:19.883 11401 11401 E ActivityThread: Failed to find provider info for org.mozilla.fennec_aurora.fxa.auth
02-03 21:45:19.931 11401 11435 I chatty  : uid=10819(org.mozilla.fenix.nightly) expire 14 lines
02-03 21:45:19.978 11401 11440 I chatty  : uid=10819(org.mozilla.fenix.nightly) expire 1 line
02-03 21:45:20.010  1456  2916 I ActivityManager: Start proc 11490:org.mozilla.fenix.nightly:tab/u0a819 for service org.mozilla.fenix.nightly/org.mozilla.gecko.process.GeckoServiceChildProcess$tab
02-03 21:45:20.024 11401 11506 I chatty  : uid=10819(org.mozilla.fenix.nightly) expire 9 lines
02-03 21:45:20.069  1456  3925 I WifiService: getDhcpInfo uid=10819
02-03 21:45:20.138  1456  3925 I ActivityManager: Start proc 11514:org.mozilla.fenix.nightly:socket/u0a819 for service org.mozilla.fenix.nightly/org.mozilla.gecko.process.GeckoServiceChildProcess$socket
02-03 21:45:20.160 11490 11490 I chatty  : uid=10819(org.mozilla.fenix.nightly) expire 2 lines
02-03 21:45:20.161 11490 11527 I chatty  : uid=10819(org.mozilla.fenix.nightly) expire 1 line
02-03 21:45:20.258  1456  2916 I ActivityManager: Displayed org.mozilla.fenix.nightly/org.mozilla.fenix.HomeActivity: +1s127ms
02-03 21:45:20.258  1456  2916 I ActivityManager: Fully drawn org.mozilla.fenix.nightly/org.mozilla.fenix.HomeActivity: +1s127ms
02-03 21:45:20.277 11514 11514 I chatty  : uid=10819(org.mozilla.fenix.nightly) expire 2 lines
02-03 21:45:20.278 11514 11532 I chatty  : uid=10819(org.mozilla.fenix.nightly) expire 15 lines
02-03 21:45:20.306  1456  1673 I LaunchCheckinHandler: Displayed org.mozilla.fenix.nightly/org.mozilla.fenix.HomeActivity,cp,ca,1175
02-03 21:45:20.315  7039  7052 D AuthStateProvider: Verifying caller's signature:77eac4ceed36afefba76179931dd4cc195ab0cd54baf355d215e7bbdd28e402a
02-03 21:45:20.315  7039  7052 D AuthStateProvider: Success!
02-03 21:45:20.317 11401 11401 E ActivityThread: Failed to find provider info for org.mozilla.fennec_aurora.fxa.auth
02-03 21:45:20.376  7463  7463 I Finsky  : [2] pow.onTrimMemory(1): Memory trim requested to level 80
02-03 21:45:20.387 20023 20023 I MemoryTrimmer: Trimming objects from memory, since app is in the background.
02-03 21:45:20.394 20023 20023 I MemoryTrimmer: Trimming objects from memory, since app is in the background.
02-03 21:45:20.398 20023  7275 I PBSessionCacheImpl: Deleted sessionId[88063665787501838] from persistence.
02-03 21:45:20.402  1456  5907 I WifiService: getWifiEnabledState uid=10073
02-03 21:45:20.406 20023 20165 W SearchServiceCore: Abort, client detached.
02-03 21:45:20.699   808   808 I SFPerfTracer:      triggers: (rate: 50:548761) (compose: 0:6) (post: 0:14) (render: 0:11) (7:4605607 frames) (8:6071193)
02-03 21:45:20.699   808   808 D SFPerfTracer:        layers: (3:12) (NavigationBar#0 (0xb07df000): 0:493778) (StatusBar#0 (0xb07e3000): 0:1423020) (com.android.systemui.ImageWallpaper#0 (0xb07e7000): 0:42584)* (Sprite#0 (0xb0733000): 0:317)* (DimLayerController/Stack=0#0 (0xb075a000): 0:3589)* (Sprite#1 (0xb077c000): 0:195)* (Splash Screen org.mozilla.fenix.nightly#0 (0xb0384000): 0:30)- (org.mozilla.fenix.nightly/org.mozilla.fenix.HomeActivity#0 (0xb039b000): 0:45)- (com.android.launcher3/com.android.launcher3.CustomizationPanelLauncher#0 (0xb0763000): 0:40)- (com.android.launcher3/com.android.launcher3.CustomizationPanelLauncher#1 (0xb0771000): 0:9)- (Splash Screen org.mozilla.fenix.nightly#0 (0xb0384000): 0:30)- (org.mozilla.fenix.nightly/org.mozilla.fenix.HomeActivity#0 (0xb039b000): 7:20) 
02-03 21:45:21.392 11401 11580 I chatty  : uid=10819(org.mozilla.fenix.nightly) expire 2 lines
02-03 21:45:24.612  2398  2398 D ImsResolver: maybeAddedImsService, packageName: org.mozilla.fenix.nightly
