04-08 11:51:14.716 17373 17475 I MicroRecognitionRunner: Starting detection.
04-08 11:51:14.717 17373 17475 I InputStreamUtils: Using micInputStream
04-08 11:51:14.717 17373  9152 I MicrophoneInputStream: mic_starting  SR : 16000 CC : 16 SO : 1999
04-08 11:51:14.721   788  1479 V msm8974_platform: platform_check_input_mask: enter check_input_mask source 6 mask 10
04-08 11:51:14.723  1012  7448 I AudioFlinger: AudioFlinger's thread 0xb2483a00 tid=7448 ready to run
04-08 11:51:14.730   788  1479 D audio_hw_primary: in_set_parameters: enter: kvpairs=input_source=6;routing=-2147483644
04-08 11:51:14.730  1012  1301 D APM_AudioPolicyManager: AudioPolicyManager::startInput() input 291502, session 291617, source = 1999
04-08 11:51:14.731 17373  9152 I MicrophoneInputStream: mic_started  SR : 16000 CC : 16 SO : 1999
04-08 11:51:14.732   788  7449 V msm8974_platform: platform_update_usecase_from_source: input source :6
04-08 11:51:14.733   788  7449 V msm8974_platform: platform_check_input_mask: enter check_input_mask source 6 mask 10
04-08 11:51:14.733   788  7449 V msm8974_platform: platform_get_input_snd_device: enter: out_device(0) in_device(0x4) channel_count (1) channel_mask (0x10)
04-08 11:51:14.733   788  7449 V msm8974_platform: platform_get_input_snd_device: exit: in_snd_device(voice-rec-mic)
04-08 11:51:14.733   788  7449 V msm8974_platform: platform_get_backend_index:napb: backend port - 5 device - 120 
04-08 11:51:14.733   788  7449 V msm8974_platform: platform_check_and_set_capture_backend_cfg:txbecf: afe: bitwidth 0, samplerate 0, channel 1, backend_idx 5 usecase = 9 device (voice-rec-mic)
04-08 11:51:14.733   788  7449 V msm8974_platform: platform_check_capture_backend_cfg:txbecf: afe: Codec selected backend: 5 current bit width: 0 and sample rate: 0, channels 1
04-08 11:51:14.733   788  7449 V msm8974_platform: platform_check_capture_backend_cfg:txbecf: afe: Codec selected backend: 5 updated bit width: 0 and sample rate: 0
04-08 11:51:14.733   788  7449 I msm8974_platform: platform_check_capture_backend_cfg:txbecf: afe: Codec backend needs to be updated. new bit width: 0 new sample rate: 0 new channel: 1
04-08 11:51:14.733   788  7449 V msm8974_platform: platform_get_backend_index:napb: backend port - 5 device - 120 
04-08 11:51:14.733   788  7449 V msm8974_platform: platform_set_backend_cfg:becf: afe: bitwidth 0, samplerate 0 channels 1, backend_idx 5 device (voice-rec-mic)
04-08 11:51:14.733   788  7449 E msm8974_platform: platform_set_backend_cfg:becf: afe: Could not get ctl for mixer command - SLIM_0_TX Format
04-08 11:51:14.733   788  7449 V msm8974_platform: platform_send_audio_calibration: sending audio calibration for snd_device(120) acdb_id(62)
04-08 11:51:14.733   788  7449 D ACDB-LOADER: ACDB -> send_audio_cal, acdb_id = 62, path = 1, app id = 0x11130, sample rate = 48000
04-08 11:51:14.733   788  7449 D ACDB-LOADER: ACDB -> send_asm_topology
04-08 11:51:14.733   788  7449 D ACDB-LOADER: ACDB -> ACDB_CMD_GET_AUDPROC_STREAM_TOPOLOGY_ID
04-08 11:51:14.733   788  7449 D ACDB-LOADER: ACDB -> send_adm_topology
04-08 11:51:14.733   788  7449 D ACDB-LOADER: ACDB -> ACDB_CMD_GET_AUDPROC_COMMON_TOPOLOGY_ID
04-08 11:51:14.733   788  7449 D ACDB-LOADER: ACDB -> send_audtable
04-08 11:51:14.733   788  7449 D ACDB-LOADER: ACDB -> ACDB_CMD_GET_AUDPROC_COMMON_TABLE_SIZE
04-08 11:51:14.733   788  7449 D ACDB-LOADER: ACDB -> ACDB_CMD_GET_AUDPROC_COMMON_TABLE
04-08 11:51:14.733   788  7449 D ACDB-LOADER: ACDB -> AUDIO_SET_AUDPROC_CAL
04-08 11:51:14.733   788  7449 D ACDB-LOADER: ACDB -> send_audvoltable
04-08 11:51:14.733   788  7449 D ACDB-LOADER: ACDB -> ACDB_CMD_GET_AUDPROC_VOL_STEP_TABLE_SIZE
04-08 11:51:14.733   788  7449 D ACDB-LOADER: ACDB -> ACDB_CMD_GET_AUDPROC_GAIN_DEP_STEP_TABLE, vol index 0
04-08 11:51:14.734   788  7449 D         : Failed to fetch the lookup information of the device 0000003E 
04-08 11:51:14.734   788  7449 D ACDB-LOADER: ACDB -> AUDIO_SET_VOL_CAL cal type = 12
04-08 11:51:14.734   788  7449 D ACDB-LOADER: ACDB -> ACDB_CMD_GET_AUDPROC_STREAM_TABLE_SIZE
04-08 11:51:14.734   788  7449 D ACDB-LOADER: ACDB -> send_audstrmtable
04-08 11:51:14.734   788  7449 D ACDB-LOADER: ACDB -> ACDB_CMD_GET_AUDPROC_STREAM_TABLE_V2
04-08 11:51:14.734   788  7449 D ACDB-LOADER: ACDB -> audstrm_cal->cal_type.cal_data.cal_size = 456
04-08 11:51:14.734   788  7449 D ACDB-LOADER: ACDB -> send_afe_topology
04-08 11:51:14.734   788  7449 D ACDB-LOADER: ACDB -> ACDB_CMD_GET_AFE_TOPOLOGY_ID
04-08 11:51:14.734   788  7449 D ACDB-LOADER: ACDB -> GET_AFE_TOPOLOGY_ID for adcd_id 62, Topology Id 112fb
04-08 11:51:14.734   788  7449 D ACDB-LOADER: ACDB -> send_afe_cal
04-08 11:51:14.734   788  7449 D ACDB-LOADER: ACDB -> ACDB_CMD_GET_AFE_COMMON_TABLE_SIZE
04-08 11:51:14.734   788  7449 D         : Failed to fetch the lookup information of the device 0000003E 
04-08 11:51:14.734   788  7449 E ACDB-LOADER: Error: ACDB_CMD_GET_AFE_COMMON_TABLE_SIZE Returned = -19
04-08 11:51:14.734   788  7449 D ACDB-LOADER: ACDB -> ACDB_CMD_GET_AFE_COMMON_TABLE
04-08 11:51:14.734   788  7449 D         : Failed to fetch the lookup information of the device 0000003E 
04-08 11:51:14.734   788  7449 D ACDB-LOADER: ACDB -> AUDIO_SET_AFE_CAL
04-08 11:51:14.734   788  7449 D ACDB-LOADER: ACDB -> send_hw_delay : acdb_id = 62 path = 1
04-08 11:51:14.734   788  7449 D ACDB-LOADER: ACDB -> ACDB_AVSYNC_INFO: ACDB_CMD_GET_DEVICE_PROPERTY
04-08 11:51:14.734   788  7449 D audio_hw_primary: enable_snd_device: snd_device(120: voice-rec-mic)
04-08 11:51:14.734   788  7449 D audio_route: Apply path: voice-rec-mic
04-08 11:51:14.738   788  7449 V msm8974_platform: platform_get_snd_device_backend_index: enter with device 120
04-08 11:51:14.738   788  7449 E msm8974_platform: platform_get_snd_device_backend_index: BE DAI Name Table is not present
04-08 11:51:14.738   788  7449 V msm8974_platform: platform_get_backend_index:napb: backend port - 5 device - 120 
04-08 11:51:14.738   788  7449 I audio_hw_utils: Set Audio Stream Capture 0 App Type Cfg: app_type 69936, acdb_dev_id 62, sample_rate 48000, snd_device_be_idx -14
04-08 11:51:14.739   788  7449 D audio_hw_primary: enable_audio_route: usecase(9) apply and update mixer path: audio-record
04-08 11:51:14.739   788  7449 D audio_route: Apply path: audio-record
04-08 11:51:14.808 17373 17428 I MicroDetectionWorker: onReady
04-08 11:51:15.109  1456  7796 I OpenGLRenderer: Initialized EGL, version 1.4
04-08 11:51:15.110  1456  7796 D OpenGLRenderer: Swap behavior 2
04-08 11:51:15.156  2748  2917 W OpenGLRenderer: Incorrectly called buildLayer on View: ShortcutAndWidgetContainer, destroying layer...
04-08 11:51:15.258  7228  7276 I chatty  : uid=11250(org.mozilla.fennec_aurora) expire 1 line
04-08 11:51:15.302   808   898 I SFPerfTracer:      triggers: (rate: 0:1) (0 sw vsyncs) (0 skipped) (38:6288328 vsyncs) (40:13131081)
04-08 11:51:19.728  1456  3927 I ActivityManager: Force stopping org.mozilla.fennec_aurora appid=11250 user=0: from pid 7452
04-08 11:51:19.728  1456  3927 I ActivityManager: Killing 7228:org.mozilla.fennec_aurora/u0a1250 (adj 700): stop org.mozilla.fennec_aurora
04-08 11:51:19.731  1456  1605 W zygote  : kill(-7228, 9) failed: No such process
04-08 11:51:19.732  1456  3927 W ActivityManager: Force removing ActivityRecord{fabbac3 u0 org.mozilla.fennec_aurora/org.mozilla.fenix.HomeActivity t58282}: app died, no saved state
04-08 11:51:19.740  1456  3927 I ActivityManager: Killing 7315:org.mozilla.fennec_aurora:tab/u0a1250 (adj 0): stop org.mozilla.fennec_aurora
04-08 11:51:19.750  1456  1605 W zygote  : kill(-7228, 9) failed: No such process
04-08 11:51:19.750 17214 17214 I AppBase : onTrimMemory(): 10
04-08 11:51:19.751 17214 17214 I GoogleInputMethodService: onTrimMemory(): 10
04-08 11:51:19.759  2398  2398 D CarrierSvcBindHelper: No carrier app for: 0
04-08 11:51:19.760  2398  2398 D CarrierSvcBindHelper: No carrier app for: 1
04-08 11:51:19.763  1456  1605 W zygote  : kill(-7228, 9) failed: No such process
04-08 11:51:19.806  1456  1605 I chatty  : uid=1000(system) ActivityManager identical 3 lines
04-08 11:51:19.806  1456  1673 W ActivityManager: setHasOverlayUi called on unknown pid: 7228
04-08 11:51:19.820  1456  1605 W zygote  : kill(-7228, 9) failed: No such process
04-08 11:51:19.820  1456  1605 I zygote  : Successfully killed process cgroup uid 11250 pid 7228 in 89ms
04-08 11:51:19.820  1456  1605 W zygote  : kill(-7315, 9) failed: No such process
04-08 11:51:19.820  1456  1605 I zygote  : Successfully killed process cgroup uid 11250 pid 7315 in 0ms
04-08 11:51:19.855  1456  7570 I ActivityManager: START u0 {act=android.intent.action.MAIN cat=[android.intent.category.LAUNCHER] flg=0x10000000 cmp=org.mozilla.fennec_aurora/.App} from uid 2000
04-08 11:51:19.856   794   839 E ANDR-PERF-RESOURCEQS: Failed to apply optimization [4, 0]
04-08 11:51:19.864  1456  7796 I OpenGLRenderer: Initialized EGL, version 1.4
04-08 11:51:19.865  1456  7796 D OpenGLRenderer: Swap behavior 2
04-08 11:51:19.877  1456  4679 I ActivityManager: Start proc 7459:org.mozilla.fennec_aurora/u0a1250 for activity org.mozilla.fennec_aurora/.App
04-08 11:51:19.970 17373 17428 I MicroDetectionState: Should stop hotword detection immediately - false
04-08 11:51:19.970 17373 17428 I MicroDetector: Keeping mic open: false
04-08 11:51:19.971 17373 17428 I RecognitionAudioControl: #shutdownAudio [requestId: -4619406286187053572, keepAudioOpen: false, forced: true]
04-08 11:51:19.971 17373 17402 E DeviceStateChecker: DeviceStateChecker cancelled
04-08 11:51:19.971 17373 17428 I RecognitionAudioControl: #internalShutdownAudio [requestId: -4619406286187053572]
04-08 11:51:19.971 17373 17428 I RecognitionAudioControl: #internalShutdownAudio [keepAudioOpen: false, forced: true]
04-08 11:51:19.971 17373 17428 I RecognitionAudioControl: #actualShutdownAudio
04-08 11:51:19.971 17373 17428 I AudioController: #shutdown [requestId=-4619406286187053572]
04-08 11:51:19.971 17373 17392 I AudioController: internalShutdown
04-08 11:51:19.971 17373 17426 I MicroRecognitionRunner: Stopping hotword detection.
04-08 11:51:20.029   788  1479 D audio_hw_primary: disable_audio_route: usecase(9) reset and update mixer path: audio-record
04-08 11:51:20.030   788  1479 D audio_hw_primary: disable_snd_device: snd_device(120: voice-rec-mic)
04-08 11:51:20.033  1012  1301 D APM_AudioPolicyManager: stopInput() input 291502, session 291617
04-08 11:51:20.034   788  1479 D audio_hw_primary: in_set_parameters: enter: kvpairs=routing=0
04-08 11:51:20.035 17373 17392 I MicrophoneInputStream: mic_close  SR : 16000 CC : 16 SO : 1999
04-08 11:51:20.035 17373 17392 E AudioSource: Stop listening is called on already closed AudioSource
04-08 11:51:20.036 17373 17475 I MicroRecognitionRunner: Detection finished
04-08 11:51:20.073  7459  7459 I chatty  : uid=11250(org.mozilla.fennec_aurora) expire 20 lines
04-08 11:51:20.153  7459  7478 I chatty  : uid=11250(org.mozilla.fennec_aurora) expire 4 lines
04-08 11:51:20.176  7459  7486 I chatty  : uid=11250(org.mozilla.fennec_aurora) expire 11 lines
04-08 11:51:20.199  7459  7485 I chatty  : uid=11250(org.mozilla.fennec_aurora) expire 11 lines
04-08 11:51:20.239  7459  7493 I chatty  : uid=11250(org.mozilla.fennec_aurora) expire 29 lines
04-08 11:51:20.305  7459  7459 I chatty  : uid=11250(org.mozilla.fennec_aurora) expire 29 lines
04-08 11:51:20.307  1456  1466 I zygote  : NativeAlloc concurrent copying GC freed 111922(21MB) AllocSpace objects, 22(760KB) LOS objects, 34% free, 45MB/69MB, paused 193us total 431.597ms
04-08 11:51:20.311  7459  7486 I chatty  : uid=11250(org.mozilla.fennec_aurora) expire 3 lines
04-08 11:51:20.325  7459  7498 I chatty  : uid=11250(org.mozilla.fennec_aurora) expire 1 line
04-08 11:51:20.329  7459  7504 I chatty  : uid=11250(org.mozilla.fennec_aurora) expire 10 lines
04-08 11:51:20.389  1456  4679 I ActivityManager: START u0 {act=android.intent.action.MAIN cat=[android.intent.category.LAUNCHER] flg=0x10000000 cmp=org.mozilla.fennec_aurora/org.mozilla.fenix.HomeActivity (has extras)} from uid 11250
04-08 11:51:20.412  7459  7464 I chatty  : uid=11250(org.mozilla.fennec_aurora) expire 8 lines
04-08 11:51:20.418   808   808 D SurfaceFlinger: duplicate layer name: changing Splash Screen org.mozilla.fennec_aurora to Splash Screen org.mozilla.fennec_aurora#1
04-08 11:51:20.745  1456  3927 I ActivityManager: Start proc 7547:org.mozilla.fennec_aurora:tab/u0a1250 for service org.mozilla.fennec_aurora/org.mozilla.gecko.process.GeckoChildProcessServices$tab
04-08 11:51:20.770   808   808 I SFPerfTracer:      triggers: (rate: 72:2022992) (compose: 0:7) (post: 0:19) (render: 0:17) (10:10342117 frames) (11:13030558)
04-08 11:51:20.771   808   808 D SFPerfTracer:        layers: (3:12) (NavigationBar#0 (0xb07df000): 0:960946) (StatusBar#0 (0xb07e3000): 0:2242073) (com.android.systemui.ImageWallpaper#0 (0xb07e7000): 0:89069)* (Sprite#0 (0xb0733000): 0:317)* (DimLayerController/Stack=0#0 (0xb075a000): 0:3866)* (Sprite#1 (0xb077c000): 0:195)* (Splash Screen org.mozilla.fennec_aurora#1 (0xb013a000): 0:25)- (org.mozilla.fennec_aurora/org.mozilla.fenix.HomeActivity#0 (0xb039b000): 0:66)- (com.android.launcher3/com.android.launcher3.CustomizationPanelLauncher#0 (0xb0763000): 0:39)* (com.android.launcher3/com.android.launcher3.CustomizationPanelLauncher#1 (0xb0771000): 0:10)* (Splash Screen org.mozilla.fennec_aurora#0 (0xb039b000): 0:12)- (Splash Screen org.mozilla.fennec_aurora#1 (0xb013a000): 10:14) 
04-08 11:51:20.884  7547  7547 I chatty  : uid=11250(org.mozilla.fennec_aurora) expire 2 lines
04-08 11:51:20.885  7547  7569 I chatty  : uid=11250(org.mozilla.fennec_aurora) expire 1 line
04-08 11:51:20.894  7459  7571 I chatty  : uid=11250(org.mozilla.fennec_aurora) expire 9 lines
04-08 11:51:21.140  1456  1673 I LaunchCheckinHandler: Displayed org.mozilla.fennec_aurora/org.mozilla.fenix.HomeActivity,wp,ca,677
04-08 11:51:21.141  1456  1673 I ActivityManager: Displayed org.mozilla.fennec_aurora/org.mozilla.fenix.HomeActivity: +668ms (total +1s266ms)
04-08 11:51:21.154 17373 17373 I MemoryTrimmer: Trimming objects from memory, since app is in the background.
04-08 11:51:21.161 17373 17373 I MemoryTrimmer: Trimming objects from memory, since app is in the background.
04-08 11:51:21.162 17373  9152 I PBSessionCacheImpl: Deleted sessionId[76408848338794702] from persistence.
04-08 11:51:21.166  1456  3927 I WifiService: getWifiEnabledState uid=10073
04-08 11:51:21.171 17373 17428 I DEBUG   : OpaToSrpTransitionState#onStateChanged#notNullQuery
04-08 11:51:21.172 17373 17428 I DEBUG   : OpaToSrpTransitionState#onStateChanged#notNullQuery
04-08 11:51:21.175 17373 17428 W SearchServiceCore: Abort, client detached.
04-08 11:51:21.307  1456  3927 I ActivityManager: Fully drawn org.mozilla.fennec_aurora/org.mozilla.fenix.HomeActivity: +843ms (total +1s441ms)
04-08 11:51:21.754  7459  7593 I chatty  : uid=11250(org.mozilla.fennec_aurora) expire 2 lines
04-08 11:51:21.895  1023  7601 D libc    : Internal error: netid(0), id(0x17f), server(0.0.0.0)
04-08 11:51:21.896  1023  7601 D libc    : Internal error: netid(0), id(0x17f), server(0.0.0.0)
04-08 11:51:21.896  1023  7601 D libc    : Internal error: netid(0), id(0xfe20), server(0.0.0.0)
04-08 11:51:21.896  1023  7601 D libc    : Internal error: netid(0), id(0xfe20), server(0.0.0.0)
04-08 11:51:21.898  1023  7608 D libc    : Internal error: netid(0), id(0x7f1b), server(0.0.0.0)
04-08 11:51:21.898  1023  7608 D libc    : Internal error: netid(0), id(0x7f1b), server(0.0.0.0)
04-08 11:51:21.898  1023  7608 D libc    : Internal error: netid(0), id(0x4151), server(0.0.0.0)
04-08 11:51:21.898  1023  7608 D libc    : Internal error: netid(0), id(0x4151), server(0.0.0.0)
04-08 11:51:21.900  1023  7612 D libc    : Internal error: netid(0), id(0x8856), server(0.0.0.0)
04-08 11:51:21.900  1023  7612 D libc    : Internal error: netid(0), id(0x8856), server(0.0.0.0)
04-08 11:51:21.901  1023  7612 D libc    : Internal error: netid(0), id(0xbd7a), server(0.0.0.0)
04-08 11:51:21.901  1023  7612 D libc    : Internal error: netid(0), id(0xbd7a), server(0.0.0.0)
04-08 11:51:21.919  7459  7584 I chatty  : uid=11250(org.mozilla.fennec_aurora) expire 2 lines
04-08 11:51:21.920  7459  7583 I chatty  : uid=11250(org.mozilla.fennec_aurora) expire 2 lines
04-08 11:51:21.924  7459  7513 I chatty  : uid=11250(org.mozilla.fennec_aurora) expire 1 line
04-08 11:51:21.925  7459  7514 I chatty  : uid=11250(org.mozilla.fennec_aurora) expire 1 line
04-08 11:51:21.963  7459  7508 I chatty  : uid=11250(org.mozilla.fennec_aurora) expire 1 line
04-08 11:51:25.518  7660  7660 D AndroidRuntime: >>>>>> START com.android.internal.os.RuntimeInit uid 2000 <<<<<<
04-08 11:51:25.531  7660  7660 W app_process: Could not reserve sentinel fault page
04-08 11:51:25.698  7660  7660 I app_process: The ClassLoaderContext is a special shared library.
04-08 11:51:25.766  7660  7660 D AndroidRuntime: Calling main entry com.android.commands.input.Input
04-08 11:51:25.767  7660  7660 I Input   : injectKeyEvent: KeyEvent { action=ACTION_DOWN, keyCode=KEYCODE_HOME, scanCode=0, metaState=0, flags=0x0, repeatCount=0, eventTime=18437141047, downTime=18437141047, deviceId=-1, source=0x101 }
04-08 11:51:25.778  7660  7660 I Input   : injectKeyEvent: KeyEvent { action=ACTION_UP, keyCode=KEYCODE_HOME, scanCode=0, metaState=0, flags=0x0, repeatCount=0, eventTime=18437141047, downTime=18437141047, deviceId=-1, source=0x101 }
04-08 11:51:25.785  1456  1941 I ActivityManager: START u0 {act=android.intent.action.MAIN cat=[android.intent.category.HOME] flg=0x10200000 cmp=com.android.launcher3/.CustomizationPanelLauncher (has extras)} from uid 1000
04-08 11:51:25.785   794   839 E ANDR-PERF-RESOURCEQS: Failed to apply optimization [4, 0]
04-08 11:51:25.796  1456  1941 I ActivityManager: moveHomeStack, setupComplete:true
04-08 11:51:25.802 17373 17422 I Adreno  : QUALCOMM build                   : bb5b86c, I77d3059488
04-08 11:51:25.802 17373 17422 I Adreno  : Build Date                       : 06/07/18
04-08 11:51:25.802 17373 17422 I Adreno  : OpenGL ES Shader Compiler Version: EV031.22.00.01_06
04-08 11:51:25.802 17373 17422 I Adreno  : Local Branch                     : 
04-08 11:51:25.802 17373 17422 I Adreno  : Remote Branch                    : refs/tags/AU_LINUX_ANDROID_LA.UM.6.5.R1.08.01.00.312.086
04-08 11:51:25.802 17373 17422 I Adreno  : Remote Branch                    : NONE
04-08 11:51:25.802 17373 17422 I Adreno  : Reconstruct Branch               : NOTHING
04-08 11:51:25.804 17373 17422 D vndksupport: Loading /vendor/lib/hw/gralloc.msm8937.so from current namespace instead of sphal namespace.
04-08 11:51:25.807  7660  7660 D AndroidRuntime: Shutting down VM
04-08 11:51:25.808 17373 17422 I Adreno  : PFP: 0x005ff087, ME: 0x005ff063
04-08 11:51:25.812 17373 17422 I zygote  : android::hardware::configstore::V1_0::ISurfaceFlingerConfigs::hasWideColorDisplay retrieved: 0
04-08 11:51:25.813 17373 17422 I OpenGLRenderer: Initialized EGL, version 1.4
04-08 11:51:25.813 17373 17422 D OpenGLRenderer: Swap behavior 2
04-08 11:51:25.821  2748  2748 D Launcher.Utilities: Wakeup weather: Intent { act=com.motorola.launcher3.action.WAKEUP_WEATHER cmp=com.motorola.timeweatherwidget/com.motorola.commandcenter.weather.WakeUpService }
04-08 11:51:25.836  1456  1456 I NotificationService: Cannot find enqueued record for key: 0|com.motorola.timeweatherwidget|1|null|10116
04-08 11:51:25.840   808   808 D SurfaceFlinger: duplicate layer name: changing com.android.launcher3/com.android.launcher3.CustomizationPanelLauncher to com.android.launcher3/com.android.launcher3.CustomizationPanelLauncher#1
04-08 11:51:25.855 17373 17399 W ThreadPoolDumper: Queue length for executor EventBus is now 11. Perhaps some tasks are too long, or the pool is too small.
04-08 11:51:25.857  1456  3927 I WifiService: getWifiEnabledState uid=10073
04-08 11:51:25.871  1456 10736 I WifiService: getWifiEnabledState uid=10073
04-08 11:51:25.885 17373 17428 I DEBUG   : OpaToSrpTransitionState#onStateChanged#notNullQuery
04-08 11:51:25.886 17373 17428 I DEBUG   : OpaToSrpTransitionState#onStateChanged#notNullQuery
04-08 11:51:25.910 17373 17428 I MicroDetectionState: Should stop hotword detection immediately - false
04-08 11:51:25.918 17373 17428 I MicroDetectionWorker: #startMicroDetector [speakerMode: 0]
04-08 11:51:25.921 17373 17428 I AudioController: Created new AudioSource
04-08 11:51:25.923  1456  1673 I LaunchCheckinHandler: Displayed com.android.launcher3/.CustomizationPanelLauncher,wp,wa,138
04-08 11:51:25.926 17373 17426 I MicroDataManager: isInitializedWithLatestParams-true
04-08 11:51:25.926 17373 17426 I MicroDataManager: isInitializing-false locale not changed-true model not changed-true
04-08 11:51:25.927 17373 17426 I MicroDataManager: Already initialized, obtaining the hotword data immediately.
04-08 11:51:25.939 17373 17402 I MicroRecognitionRunner: Starting detection.
04-08 11:51:25.940 17373 17402 I InputStreamUtils: Using micInputStream
04-08 11:51:25.940 17373  4969 I MicrophoneInputStream: mic_starting  SR : 16000 CC : 16 SO : 1999
04-08 11:51:25.943   788  1479 V msm8974_platform: platform_check_input_mask: enter check_input_mask source 6 mask 10
04-08 11:51:25.945  1012  7675 I AudioFlinger: AudioFlinger's thread 0xb2483940 tid=7675 ready to run
04-08 11:51:25.956   788  1479 D audio_hw_primary: in_set_parameters: enter: kvpairs=input_source=6;routing=-2147483644
04-08 11:51:25.957  1012  1012 D APM_AudioPolicyManager: AudioPolicyManager::startInput() input 291510, session 291625, source = 1999
04-08 11:51:25.957 17373  4969 I MicrophoneInputStream: mic_started  SR : 16000 CC : 16 SO : 1999
04-08 11:51:25.959   788  7676 V msm8974_platform: platform_update_usecase_from_source: input source :6
04-08 11:51:25.959   788  7676 V msm8974_platform: platform_check_input_mask: enter check_input_mask source 6 mask 10
04-08 11:51:25.959   788  7676 V msm8974_platform: platform_get_input_snd_device: enter: out_device(0) in_device(0x4) channel_count (1) channel_mask (0x10)
04-08 11:51:25.959   788  7676 V msm8974_platform: platform_get_input_snd_device: exit: in_snd_device(voice-rec-mic)
04-08 11:51:25.959   788  7676 V msm8974_platform: platform_get_backend_index:napb: backend port - 5 device - 120 
04-08 11:51:25.959   788  7676 V msm8974_platform: platform_check_and_set_capture_backend_cfg:txbecf: afe: bitwidth 0, samplerate 0, channel 1, backend_idx 5 usecase = 9 device (voice-rec-mic)
04-08 11:51:25.959   788  7676 V msm8974_platform: platform_check_capture_backend_cfg:txbecf: afe: Codec selected backend: 5 current bit width: 0 and sample rate: 0, channels 1
04-08 11:51:25.959   788  7676 V msm8974_platform: platform_check_capture_backend_cfg:txbecf: afe: Codec selected backend: 5 updated bit width: 0 and sample rate: 0
04-08 11:51:25.959   788  7676 I msm8974_platform: platform_check_capture_backend_cfg:txbecf: afe: Codec backend needs to be updated. new bit width: 0 new sample rate: 0 new channel: 1
04-08 11:51:25.959   788  7676 V msm8974_platform: platform_get_backend_index:napb: backend port - 5 device - 120 
04-08 11:51:25.959   788  7676 V msm8974_platform: platform_set_backend_cfg:becf: afe: bitwidth 0, samplerate 0 channels 1, backend_idx 5 device (voice-rec-mic)
04-08 11:51:25.960   788  7676 E msm8974_platform: platform_set_backend_cfg:becf: afe: Could not get ctl for mixer command - SLIM_0_TX Format
04-08 11:51:25.960   788  7676 V msm8974_platform: platform_send_audio_calibration: sending audio calibration for snd_device(120) acdb_id(62)
04-08 11:51:25.960   788  7676 D ACDB-LOADER: ACDB -> send_audio_cal, acdb_id = 62, path = 1, app id = 0x11130, sample rate = 48000
04-08 11:51:25.960   788  7676 D ACDB-LOADER: ACDB -> send_asm_topology
04-08 11:51:25.960   788  7676 D ACDB-LOADER: ACDB -> ACDB_CMD_GET_AUDPROC_STREAM_TOPOLOGY_ID
04-08 11:51:25.960   788  7676 D ACDB-LOADER: ACDB -> send_adm_topology
04-08 11:51:25.960   788  7676 D ACDB-LOADER: ACDB -> ACDB_CMD_GET_AUDPROC_COMMON_TOPOLOGY_ID
04-08 11:51:25.960   788  7676 D ACDB-LOADER: ACDB -> send_audtable
04-08 11:51:25.960   788  7676 D ACDB-LOADER: ACDB -> ACDB_CMD_GET_AUDPROC_COMMON_TABLE_SIZE
04-08 11:51:25.960   788  7676 D ACDB-LOADER: ACDB -> ACDB_CMD_GET_AUDPROC_COMMON_TABLE
04-08 11:51:25.960   788  7676 D ACDB-LOADER: ACDB -> AUDIO_SET_AUDPROC_CAL
04-08 11:51:25.960   788  7676 D ACDB-LOADER: ACDB -> send_audvoltable
04-08 11:51:25.960   788  7676 D ACDB-LOADER: ACDB -> ACDB_CMD_GET_AUDPROC_VOL_STEP_TABLE_SIZE
04-08 11:51:25.960   788  7676 D ACDB-LOADER: ACDB -> ACDB_CMD_GET_AUDPROC_GAIN_DEP_STEP_TABLE, vol index 0
04-08 11:51:25.960   788  7676 D         : Failed to fetch the lookup information of the device 0000003E 
04-08 11:51:25.960   788  7676 D ACDB-LOADER: ACDB -> AUDIO_SET_VOL_CAL cal type = 12
04-08 11:51:25.960   788  7676 D ACDB-LOADER: ACDB -> ACDB_CMD_GET_AUDPROC_STREAM_TABLE_SIZE
04-08 11:51:25.960   788  7676 D ACDB-LOADER: ACDB -> send_audstrmtable
04-08 11:51:25.960   788  7676 D ACDB-LOADER: ACDB -> ACDB_CMD_GET_AUDPROC_STREAM_TABLE_V2
04-08 11:51:25.960   788  7676 D ACDB-LOADER: ACDB -> audstrm_cal->cal_type.cal_data.cal_size = 456
04-08 11:51:25.960   788  7676 D ACDB-LOADER: ACDB -> send_afe_topology
04-08 11:51:25.960   788  7676 D ACDB-LOADER: ACDB -> ACDB_CMD_GET_AFE_TOPOLOGY_ID
04-08 11:51:25.961   788  7676 D ACDB-LOADER: ACDB -> GET_AFE_TOPOLOGY_ID for adcd_id 62, Topology Id 112fb
04-08 11:51:25.961   788  7676 D ACDB-LOADER: ACDB -> send_afe_cal
04-08 11:51:25.961   788  7676 D ACDB-LOADER: ACDB -> ACDB_CMD_GET_AFE_COMMON_TABLE_SIZE
04-08 11:51:25.961   788  7676 D         : Failed to fetch the lookup information of the device 0000003E 
04-08 11:51:25.961   788  7676 E ACDB-LOADER: Error: ACDB_CMD_GET_AFE_COMMON_TABLE_SIZE Returned = -19
04-08 11:51:25.961   788  7676 D ACDB-LOADER: ACDB -> ACDB_CMD_GET_AFE_COMMON_TABLE
04-08 11:51:25.961   788  7676 D         : Failed to fetch the lookup information of the device 0000003E 
04-08 11:51:25.961   788  7676 D ACDB-LOADER: ACDB -> AUDIO_SET_AFE_CAL
04-08 11:51:25.961   788  7676 D ACDB-LOADER: ACDB -> send_hw_delay : acdb_id = 62 path = 1
04-08 11:51:25.961   788  7676 D ACDB-LOADER: ACDB -> ACDB_AVSYNC_INFO: ACDB_CMD_GET_DEVICE_PROPERTY
04-08 11:51:25.961   788  7676 D audio_hw_primary: enable_snd_device: snd_device(120: voice-rec-mic)
04-08 11:51:25.961   788  7676 D audio_route: Apply path: voice-rec-mic
04-08 11:51:25.966   788  7676 V msm8974_platform: platform_get_snd_device_backend_index: enter with device 120
04-08 11:51:25.966   788  7676 E msm8974_platform: platform_get_snd_device_backend_index: BE DAI Name Table is not present
04-08 11:51:25.966   788  7676 V msm8974_platform: platform_get_backend_index:napb: backend port - 5 device - 120 
04-08 11:51:25.966   788  7676 I audio_hw_utils: Set Audio Stream Capture 0 App Type Cfg: app_type 69936, acdb_dev_id 62, sample_rate 48000, snd_device_be_idx -14
04-08 11:51:25.966   788  7676 D audio_hw_primary: enable_audio_route: usecase(9) apply and update mixer path: audio-record
04-08 11:51:25.966   788  7676 D audio_route: Apply path: audio-record
04-08 11:51:26.036 17373 17428 I MicroDetectionWorker: onReady
04-08 11:51:26.065  2146  2165 I zygote  : NativeAlloc concurrent copying GC freed 17853(948KB) AllocSpace objects, 0(0B) LOS objects, 49% free, 9MB/19MB, paused 182us total 133.432ms
04-08 11:51:26.321  1456  7796 I OpenGLRenderer: Initialized EGL, version 1.4
04-08 11:51:26.321  1456  7796 D OpenGLRenderer: Swap behavior 2
04-08 11:51:26.381  2748  2917 W OpenGLRenderer: Incorrectly called buildLayer on View: ShortcutAndWidgetContainer, destroying layer...
04-08 11:51:26.493  7459  7512 I chatty  : uid=11250(org.mozilla.fennec_aurora) expire 1 line
04-08 11:51:26.496  7459  7485 I chatty  : uid=11250(org.mozilla.fennec_aurora) expire 6 lines
04-08 11:51:26.547   808   898 I SFPerfTracer:      triggers: (rate: 0:1) (0 sw vsyncs) (0 skipped) (38:6288428 vsyncs) (40:13131206)
04-08 11:51:30.976  1456  3927 I ActivityManager: Force stopping org.mozilla.fennec_aurora appid=11250 user=0: from pid 7679
04-08 11:51:30.976  1456  3927 I ActivityManager: Killing 7459:org.mozilla.fennec_aurora/u0a1250 (adj 700): stop org.mozilla.fennec_aurora
04-08 11:51:30.979  1456  1605 W zygote  : kill(-7459, 9) failed: No such process
04-08 11:51:30.981  1456  3927 W ActivityManager: Force removing ActivityRecord{ea93a1d u0 org.mozilla.fennec_aurora/org.mozilla.fenix.HomeActivity t58284}: app died, no saved state
04-08 11:51:30.990  1456  3927 I ActivityManager: Killing 7547:org.mozilla.fennec_aurora:tab/u0a1250 (adj 0): stop org.mozilla.fennec_aurora
04-08 11:51:30.995  1456  1605 W zygote  : kill(-7459, 9) failed: No such process
04-08 11:51:31.000 17214 17214 I AppBase : onTrimMemory(): 10
04-08 11:51:31.000 17214 17214 I GoogleInputMethodService: onTrimMemory(): 10
04-08 11:51:31.009  2398  2398 D CarrierSvcBindHelper: No carrier app for: 0
04-08 11:51:31.012  1456  1605 W zygote  : kill(-7459, 9) failed: No such process
04-08 11:51:31.012  2398  2398 D CarrierSvcBindHelper: No carrier app for: 1
04-08 11:51:31.026  1456  1605 W zygote  : kill(-7459, 9) failed: No such process
04-08 11:51:31.056  1456  1605 I chatty  : uid=1000(system) ActivityManager identical 2 lines
04-08 11:51:31.065  1456  1673 W ActivityManager: setHasOverlayUi called on unknown pid: 7459
04-08 11:51:31.072  1456  1605 W zygote  : kill(-7459, 9) failed: No such process
04-08 11:51:31.072  1456  1605 I zygote  : Successfully killed process cgroup uid 11250 pid 7459 in 92ms
04-08 11:51:31.072  1456  1605 W zygote  : kill(-7547, 9) failed: No such process
04-08 11:51:31.072  1456  1605 I zygote  : Successfully killed process cgroup uid 11250 pid 7547 in 0ms
04-08 11:51:31.110  1456  2236 I ActivityManager: START u0 {act=android.intent.action.MAIN cat=[android.intent.category.LAUNCHER] flg=0x10000000 cmp=org.mozilla.fennec_aurora/.App} from uid 2000
04-08 11:51:31.110   794   839 E ANDR-PERF-RESOURCEQS: Failed to apply optimization [4, 0]
04-08 11:51:31.121  1456  7796 I OpenGLRenderer: Initialized EGL, version 1.4
04-08 11:51:31.121  1456  7796 D OpenGLRenderer: Swap behavior 2
04-08 11:51:31.132  1456  2204 I ActivityManager: Start proc 7686:org.mozilla.fennec_aurora/u0a1250 for activity org.mozilla.fennec_aurora/.App
04-08 11:51:31.219 17373 17428 I MicroDetectionState: Should stop hotword detection immediately - false
04-08 11:51:31.219 17373 17428 I MicroDetector: Keeping mic open: false
04-08 11:51:31.219 17373 17475 E DeviceStateChecker: DeviceStateChecker cancelled
04-08 11:51:31.219 17373 17428 I RecognitionAudioControl: #shutdownAudio [requestId: 2551556979782400386, keepAudioOpen: false, forced: true]
04-08 11:51:31.220 17373 17428 I RecognitionAudioControl: #internalShutdownAudio [requestId: 2551556979782400386]
04-08 11:51:31.220 17373 17428 I RecognitionAudioControl: #internalShutdownAudio [keepAudioOpen: false, forced: true]
04-08 11:51:31.220 17373 17428 I RecognitionAudioControl: #actualShutdownAudio
04-08 11:51:31.220 17373 17428 I AudioController: #shutdown [requestId=2551556979782400386]
04-08 11:51:31.220 17373 17396 I AudioController: internalShutdown
04-08 11:51:31.220 17373 17395 I MicroRecognitionRunner: Stopping hotword detection.
04-08 11:51:31.279   788  1479 D audio_hw_primary: disable_audio_route: usecase(9) reset and update mixer path: audio-record
04-08 11:51:31.280   788  1479 D audio_hw_primary: disable_snd_device: snd_device(120: voice-rec-mic)
04-08 11:51:31.282  1012 11919 D APM_AudioPolicyManager: stopInput() input 291510, session 291625
04-08 11:51:31.284   788  1401 D audio_hw_primary: in_set_parameters: enter: kvpairs=routing=0
04-08 11:51:31.286 17373 17396 I MicrophoneInputStream: mic_close  SR : 16000 CC : 16 SO : 1999
04-08 11:51:31.286 17373 17396 E AudioSource: Stop listening is called on already closed AudioSource
04-08 11:51:31.288 17373 17402 I MicroRecognitionRunner: Detection finished
04-08 11:51:31.290  7686  7686 I chatty  : uid=11250(org.mozilla.fennec_aurora) expire 38 lines
04-08 11:51:31.366  7686  7713 I chatty  : uid=11250(org.mozilla.fennec_aurora) expire 4 lines
04-08 11:51:31.389  7686  7721 I chatty  : uid=11250(org.mozilla.fennec_aurora) expire 13 lines
04-08 11:51:31.417  7686  7720 I chatty  : uid=11250(org.mozilla.fennec_aurora) expire 11 lines
04-08 11:51:31.450  7686  7727 I chatty  : uid=11250(org.mozilla.fennec_aurora) expire 19 lines
04-08 11:51:31.464   808   808 I SFPerfTracer:      triggers: (rate: 72:2022992) (compose: 0:7) (post: 0:19) (render: 0:17) (10:10342197 frames) (11:13030665)
04-08 11:51:31.464   808   808 D SFPerfTracer:        layers: (3:13) (NavigationBar#0 (0xb07df000): 9:960967) (StatusBar#0 (0xb07e3000): 9:2242095) (com.android.systemui.ImageWallpaper#0 (0xb07e7000): 0:89071)* (Sprite#0 (0xb0733000): 0:317)* (DimLayerController/Stack=0#0 (0xb075a000): 0:3866)* (Sprite#1 (0xb077c000): 0:195)* (com.android.launcher3/com.android.launcher3.CustomizationPanelLauncher#0 (0xb0763000): 0:39)- (com.android.launcher3/com.android.launcher3.CustomizationPanelLauncher#1 (0xb0771000): 0:10)- (Splash Screen org.mozilla.fennec_aurora#1 (0xb013a000): 0:26)- (org.mozilla.fennec_aurora/org.mozilla.fenix.HomeActivity#0 (0xb039b000): 0:58)- (com.android.launcher3/com.android.launcher3.CustomizationPanelLauncher#0 (0xb0763000): 0:41)* (com.android.launcher3/com.android.launcher3.CustomizationPanelLauncher#1 (0xb0771000): 0:11)* (Splash Screen org.mozilla.fennec_aurora#0 (0xb039b000): 10:13) 
04-08 11:51:31.535  7686  7732 I chatty  : uid=11250(org.mozilla.fennec_aurora) expire 1 line
04-08 11:51:31.543  7686  7738 I chatty  : uid=11250(org.mozilla.fennec_aurora) expire 10 lines
04-08 11:51:31.601  1456  2916 I ActivityManager: START u0 {act=android.intent.action.MAIN cat=[android.intent.category.LAUNCHER] flg=0x10000000 cmp=org.mozilla.fennec_aurora/org.mozilla.fenix.HomeActivity (has extras)} from uid 11250
04-08 11:51:31.611  7686  7691 I chatty  : uid=11250(org.mozilla.fennec_aurora) expire 6 lines
04-08 11:51:31.629   808   808 D SurfaceFlinger: duplicate layer name: changing Splash Screen org.mozilla.fennec_aurora to Splash Screen org.mozilla.fennec_aurora#1
04-08 11:51:31.987  1456  2236 I ActivityManager: Start proc 7781:org.mozilla.fennec_aurora:tab/u0a1250 for service org.mozilla.fennec_aurora/org.mozilla.gecko.process.GeckoChildProcessServices$tab
04-08 11:51:32.108  7686  7803 I chatty  : uid=11250(org.mozilla.fennec_aurora) expire 8 lines
04-08 11:51:32.114  7781  7781 I chatty  : uid=11250(org.mozilla.fennec_aurora) expire 1 line
04-08 11:51:32.115  7781  7804 I chatty  : uid=11250(org.mozilla.fennec_aurora) expire 1 line
04-08 11:51:32.311  7686  7803 I chatty  : uid=11250(org.mozilla.fennec_aurora) expire 1 line
04-08 11:51:32.334  7686  7686 I chatty  : uid=11250(org.mozilla.fennec_aurora) expire 11 lines
04-08 11:51:32.337  1456  1673 I LaunchCheckinHandler: Displayed org.mozilla.fennec_aurora/org.mozilla.fenix.HomeActivity,wp,ca,665
04-08 11:51:32.337  1456  1673 I ActivityManager: Displayed org.mozilla.fennec_aurora/org.mozilla.fenix.HomeActivity: +654ms (total +1s208ms)
04-08 11:51:32.351 17373 17373 I MemoryTrimmer: Trimming objects from memory, since app is in the background.
04-08 11:51:32.359 17373 17373 I MemoryTrimmer: Trimming objects from memory, since app is in the background.
04-08 11:51:32.361 17373  4969 I PBSessionCacheImpl: Deleted sessionId[76408848338794707] from persistence.
04-08 11:51:32.367  1456  2236 I WifiService: getWifiEnabledState uid=10073
04-08 11:51:32.372 17373 17428 I DEBUG   : OpaToSrpTransitionState#onStateChanged#notNullQuery
04-08 11:51:32.373 17373 17428 I DEBUG   : OpaToSrpTransitionState#onStateChanged#notNullQuery
04-08 11:51:32.376 17373 17428 W SearchServiceCore: Abort, client detached.
04-08 11:51:32.502  1456  2236 I ActivityManager: Fully drawn org.mozilla.fennec_aurora/org.mozilla.fenix.HomeActivity: +830ms (total +1s384ms)
04-08 11:51:32.533  7686  7727 I chatty  : uid=11250(org.mozilla.fennec_aurora) expire 10 lines
04-08 11:51:32.589  7686  7691 I chatty  : uid=11250(org.mozilla.fennec_aurora) expire 2 lines
04-08 11:51:32.975  7686  7827 I chatty  : uid=11250(org.mozilla.fennec_aurora) expire 2 lines
04-08 11:51:33.115  1023  7836 D libc    : Internal error: netid(0), id(0x3a2a), server(0.0.0.0)
04-08 11:51:33.115  1023  7836 D libc    : Internal error: netid(0), id(0x3a2a), server(0.0.0.0)
04-08 11:51:33.115  1023  7836 D libc    : Internal error: netid(0), id(0xf874), server(0.0.0.0)
04-08 11:51:33.116  1023  7836 D libc    : Internal error: netid(0), id(0xf874), server(0.0.0.0)
04-08 11:51:33.123  1023  7839 D libc    : Internal error: netid(0), id(0x4066), server(0.0.0.0)
04-08 11:51:33.123  1023  7839 D libc    : Internal error: netid(0), id(0x4066), server(0.0.0.0)
04-08 11:51:33.124  1023  7839 D libc    : Internal error: netid(0), id(0x491b), server(0.0.0.0)
04-08 11:51:33.124  1023  7839 D libc    : Internal error: netid(0), id(0x491b), server(0.0.0.0)
04-08 11:51:33.124  1023  7846 D libc    : Internal error: netid(0), id(0xe828), server(0.0.0.0)
04-08 11:51:33.125  1023  7846 D libc    : Internal error: netid(0), id(0xe828), server(0.0.0.0)
04-08 11:51:33.125  1023  7846 D libc    : Internal error: netid(0), id(0x4d7b), server(0.0.0.0)
04-08 11:51:33.125  1023  7846 D libc    : Internal error: netid(0), id(0x4d7b), server(0.0.0.0)
04-08 11:51:33.130  1023  7853 D libc    : Internal error: netid(0), id(0x6828), server(0.0.0.0)
04-08 11:51:33.131  1023  7853 D libc    : Internal error: netid(0), id(0x6828), server(0.0.0.0)
04-08 11:51:33.131  1023  7853 D libc    : Internal error: netid(0), id(0xc42b), server(0.0.0.0)
04-08 11:51:33.131  1023  7853 D libc    : Internal error: netid(0), id(0xc42b), server(0.0.0.0)
04-08 11:51:33.140  7686  7817 I chatty  : uid=11250(org.mozilla.fennec_aurora) expire 2 lines
04-08 11:51:33.141  7686  7818 I chatty  : uid=11250(org.mozilla.fennec_aurora) expire 2 lines
04-08 11:51:33.145  7686  7721 I chatty  : uid=11250(org.mozilla.fennec_aurora) expire 2 lines
04-08 11:51:33.146  7686  7747 I chatty  : uid=11250(org.mozilla.fennec_aurora) expire 1 line
04-08 11:51:33.146  7686  7744 I chatty  : uid=11250(org.mozilla.fennec_aurora) expire 1 line
04-08 11:51:36.767  7906  7906 D AndroidRuntime: >>>>>> START com.android.internal.os.RuntimeInit uid 2000 <<<<<<
04-08 11:51:36.780  7906  7906 W app_process: Could not reserve sentinel fault page
04-08 11:51:36.948  7906  7906 I app_process: The ClassLoaderContext is a special shared library.
04-08 11:51:37.016  7906  7906 D AndroidRuntime: Calling main entry com.android.commands.input.Input
04-08 11:51:37.017  7906  7906 I Input   : injectKeyEvent: KeyEvent { action=ACTION_DOWN, keyCode=KEYCODE_HOME, scanCode=0, metaState=0, flags=0x0, repeatCount=0, eventTime=18437152297, downTime=18437152297, deviceId=-1, source=0x101 }
04-08 11:51:37.028  7906  7906 I Input   : injectKeyEvent: KeyEvent { action=ACTION_UP, keyCode=KEYCODE_HOME, scanCode=0, metaState=0, flags=0x0, repeatCount=0, eventTime=18437152297, downTime=18437152297, deviceId=-1, source=0x101 }
04-08 11:51:37.035  1456  1941 I ActivityManager: START u0 {act=android.intent.action.MAIN cat=[android.intent.category.HOME] flg=0x10200000 cmp=com.android.launcher3/.CustomizationPanelLauncher (has extras)} from uid 1000
04-08 11:51:37.035   794   839 E ANDR-PERF-RESOURCEQS: Failed to apply optimization [4, 0]
04-08 11:51:37.046  1456  1941 I ActivityManager: moveHomeStack, setupComplete:true
04-08 11:51:37.050  7906  7906 D AndroidRuntime: Shutting down VM
04-08 11:51:37.057 17373 17422 I Adreno  : QUALCOMM build                   : bb5b86c, I77d3059488
04-08 11:51:37.057 17373 17422 I Adreno  : Build Date                       : 06/07/18
04-08 11:51:37.057 17373 17422 I Adreno  : OpenGL ES Shader Compiler Version: EV031.22.00.01_06
04-08 11:51:37.057 17373 17422 I Adreno  : Local Branch                     : 
04-08 11:51:37.057 17373 17422 I Adreno  : Remote Branch                    : refs/tags/AU_LINUX_ANDROID_LA.UM.6.5.R1.08.01.00.312.086
04-08 11:51:37.057 17373 17422 I Adreno  : Remote Branch                    : NONE
04-08 11:51:37.057 17373 17422 I Adreno  : Reconstruct Branch               : NOTHING
04-08 11:51:37.061 17373 17422 D vndksupport: Loading /vendor/lib/hw/gralloc.msm8937.so from current namespace instead of sphal namespace.
04-08 11:51:37.064 17373 17422 I Adreno  : PFP: 0x005ff087, ME: 0x005ff063
04-08 11:51:37.068 17373 17422 I zygote  : android::hardware::configstore::V1_0::ISurfaceFlingerConfigs::hasWideColorDisplay retrieved: 0
04-08 11:51:37.069 17373 17422 I OpenGLRenderer: Initialized EGL, version 1.4
04-08 11:51:37.069 17373 17422 D OpenGLRenderer: Swap behavior 2
04-08 11:51:37.075  2748  2748 D Launcher.Utilities: Wakeup weather: Intent { act=com.motorola.launcher3.action.WAKEUP_WEATHER cmp=com.motorola.timeweatherwidget/com.motorola.commandcenter.weather.WakeUpService }
04-08 11:51:37.095  1456  1456 I NotificationService: Cannot find enqueued record for key: 0|com.motorola.timeweatherwidget|1|null|10116
04-08 11:51:37.099   808   808 D SurfaceFlinger: duplicate layer name: changing com.android.launcher3/com.android.launcher3.CustomizationPanelLauncher to com.android.launcher3/com.android.launcher3.CustomizationPanelLauncher#1
04-08 11:51:37.109 17373 17397 W ThreadPoolDumper: Queue length for executor EventBus is now 11. Perhaps some tasks are too long, or the pool is too small.
04-08 11:51:37.112  1456  2204 I WifiService: getWifiEnabledState uid=10073
04-08 11:51:37.129  1456  2236 I WifiService: getWifiEnabledState uid=10073
04-08 11:51:37.138 17373 17428 I DEBUG   : OpaToSrpTransitionState#onStateChanged#notNullQuery
04-08 11:51:37.139 17373 17428 I DEBUG   : OpaToSrpTransitionState#onStateChanged#notNullQuery
04-08 11:51:37.164 17373 17428 I MicroDetectionState: Should stop hotword detection immediately - false
04-08 11:51:37.169 17373 17428 I MicroDetectionWorker: #startMicroDetector [speakerMode: 0]
04-08 11:51:37.171 17373 17428 I AudioController: Created new AudioSource
04-08 11:51:37.189  1456  1673 I LaunchCheckinHandler: Displayed com.android.launcher3/.CustomizationPanelLauncher,wp,wa,154
04-08 11:51:37.191 17373 17429 I MicroDataManager: isInitializedWithLatestParams-true
04-08 11:51:37.191 17373 17429 I MicroDataManager: isInitializing-false locale not changed-true model not changed-true
04-08 11:51:37.191 17373 17429 I MicroDataManager: Already initialized, obtaining the hotword data immediately.
04-08 11:51:37.199 17373 17475 I MicroRecognitionRunner: Starting detection.
04-08 11:51:37.199 17373 17475 I InputStreamUtils: Using micInputStream
04-08 11:51:37.200 17373  4969 I MicrophoneInputStream: mic_starting  SR : 16000 CC : 16 SO : 1999
04-08 11:51:37.203   788  1479 V msm8974_platform: platform_check_input_mask: enter check_input_mask source 6 mask 10
04-08 11:51:37.205  1012  7923 I AudioFlinger: AudioFlinger's thread 0xb2483100 tid=7923 ready to run
04-08 11:51:37.215   788  1479 D audio_hw_primary: in_set_parameters: enter: kvpairs=input_source=6;routing=-2147483644
04-08 11:51:37.215  1012  1012 D APM_AudioPolicyManager: AudioPolicyManager::startInput() input 291518, session 291633, source = 1999
04-08 11:51:37.216 17373  4969 I MicrophoneInputStream: mic_started  SR : 16000 CC : 16 SO : 1999
04-08 11:51:37.217   788  7924 V msm8974_platform: platform_update_usecase_from_source: input source :6
04-08 11:51:37.217   788  7924 V msm8974_platform: platform_check_input_mask: enter check_input_mask source 6 mask 10
04-08 11:51:37.217   788  7924 V msm8974_platform: platform_get_input_snd_device: enter: out_device(0) in_device(0x4) channel_count (1) channel_mask (0x10)
04-08 11:51:37.217   788  7924 V msm8974_platform: platform_get_input_snd_device: exit: in_snd_device(voice-rec-mic)
04-08 11:51:37.217   788  7924 V msm8974_platform: platform_get_backend_index:napb: backend port - 5 device - 120 
04-08 11:51:37.217   788  7924 V msm8974_platform: platform_check_and_set_capture_backend_cfg:txbecf: afe: bitwidth 0, samplerate 0, channel 1, backend_idx 5 usecase = 9 device (voice-rec-mic)
04-08 11:51:37.217   788  7924 V msm8974_platform: platform_check_capture_backend_cfg:txbecf: afe: Codec selected backend: 5 current bit width: 0 and sample rate: 0, channels 1
04-08 11:51:37.217   788  7924 V msm8974_platform: platform_check_capture_backend_cfg:txbecf: afe: Codec selected backend: 5 updated bit width: 0 and sample rate: 0
04-08 11:51:37.217   788  7924 I msm8974_platform: platform_check_capture_backend_cfg:txbecf: afe: Codec backend needs to be updated. new bit width: 0 new sample rate: 0 new channel: 1
04-08 11:51:37.217   788  7924 V msm8974_platform: platform_get_backend_index:napb: backend port - 5 device - 120 
04-08 11:51:37.217   788  7924 V msm8974_platform: platform_set_backend_cfg:becf: afe: bitwidth 0, samplerate 0 channels 1, backend_idx 5 device (voice-rec-mic)
04-08 11:51:37.218   788  7924 E msm8974_platform: platform_set_backend_cfg:becf: afe: Could not get ctl for mixer command - SLIM_0_TX Format
04-08 11:51:37.218   788  7924 V msm8974_platform: platform_send_audio_calibration: sending audio calibration for snd_device(120) acdb_id(62)
04-08 11:51:37.218   788  7924 D ACDB-LOADER: ACDB -> send_audio_cal, acdb_id = 62, path = 1, app id = 0x11130, sample rate = 48000
04-08 11:51:37.218   788  7924 D ACDB-LOADER: ACDB -> send_asm_topology
04-08 11:51:37.218   788  7924 D ACDB-LOADER: ACDB -> ACDB_CMD_GET_AUDPROC_STREAM_TOPOLOGY_ID
04-08 11:51:37.218   788  7924 D ACDB-LOADER: ACDB -> send_adm_topology
04-08 11:51:37.218   788  7924 D ACDB-LOADER: ACDB -> ACDB_CMD_GET_AUDPROC_COMMON_TOPOLOGY_ID
04-08 11:51:37.218   788  7924 D ACDB-LOADER: ACDB -> send_audtable
04-08 11:51:37.218   788  7924 D ACDB-LOADER: ACDB -> ACDB_CMD_GET_AUDPROC_COMMON_TABLE_SIZE
04-08 11:51:37.218   788  7924 D ACDB-LOADER: ACDB -> ACDB_CMD_GET_AUDPROC_COMMON_TABLE
04-08 11:51:37.218   788  7924 D ACDB-LOADER: ACDB -> AUDIO_SET_AUDPROC_CAL
04-08 11:51:37.218   788  7924 D ACDB-LOADER: ACDB -> send_audvoltable
04-08 11:51:37.218   788  7924 D ACDB-LOADER: ACDB -> ACDB_CMD_GET_AUDPROC_VOL_STEP_TABLE_SIZE
04-08 11:51:37.218   788  7924 D ACDB-LOADER: ACDB -> ACDB_CMD_GET_AUDPROC_GAIN_DEP_STEP_TABLE, vol index 0
04-08 11:51:37.218   788  7924 D         : Failed to fetch the lookup information of the device 0000003E 
04-08 11:51:37.218   788  7924 D ACDB-LOADER: ACDB -> AUDIO_SET_VOL_CAL cal type = 12
04-08 11:51:37.218   788  7924 D ACDB-LOADER: ACDB -> ACDB_CMD_GET_AUDPROC_STREAM_TABLE_SIZE
04-08 11:51:37.218   788  7924 D ACDB-LOADER: ACDB -> send_audstrmtable
04-08 11:51:37.219   788  7924 D ACDB-LOADER: ACDB -> ACDB_CMD_GET_AUDPROC_STREAM_TABLE_V2
04-08 11:51:37.219   788  7924 D ACDB-LOADER: ACDB -> audstrm_cal->cal_type.cal_data.cal_size = 456
04-08 11:51:37.219   788  7924 D ACDB-LOADER: ACDB -> send_afe_topology
04-08 11:51:37.219   788  7924 D ACDB-LOADER: ACDB -> ACDB_CMD_GET_AFE_TOPOLOGY_ID
04-08 11:51:37.219   788  7924 D ACDB-LOADER: ACDB -> GET_AFE_TOPOLOGY_ID for adcd_id 62, Topology Id 112fb
04-08 11:51:37.219   788  7924 D ACDB-LOADER: ACDB -> send_afe_cal
04-08 11:51:37.219   788  7924 D ACDB-LOADER: ACDB -> ACDB_CMD_GET_AFE_COMMON_TABLE_SIZE
04-08 11:51:37.219   788  7924 D         : Failed to fetch the lookup information of the device 0000003E 
04-08 11:51:37.219   788  7924 E ACDB-LOADER: Error: ACDB_CMD_GET_AFE_COMMON_TABLE_SIZE Returned = -19
04-08 11:51:37.219   788  7924 D ACDB-LOADER: ACDB -> ACDB_CMD_GET_AFE_COMMON_TABLE
04-08 11:51:37.219   788  7924 D         : Failed to fetch the lookup information of the device 0000003E 
04-08 11:51:37.219   788  7924 D ACDB-LOADER: ACDB -> AUDIO_SET_AFE_CAL
04-08 11:51:37.219   788  7924 D ACDB-LOADER: ACDB -> send_hw_delay : acdb_id = 62 path = 1
04-08 11:51:37.219   788  7924 D ACDB-LOADER: ACDB -> ACDB_AVSYNC_INFO: ACDB_CMD_GET_DEVICE_PROPERTY
04-08 11:51:37.219   788  7924 D audio_hw_primary: enable_snd_device: snd_device(120: voice-rec-mic)
04-08 11:51:37.219   788  7924 D audio_route: Apply path: voice-rec-mic
04-08 11:51:37.221   788  7924 V msm8974_platform: platform_get_snd_device_backend_index: enter with device 120
04-08 11:51:37.221   788  7924 E msm8974_platform: platform_get_snd_device_backend_index: BE DAI Name Table is not present
04-08 11:51:37.221   788  7924 V msm8974_platform: platform_get_backend_index:napb: backend port - 5 device - 120 
04-08 11:51:37.221   788  7924 I audio_hw_utils: Set Audio Stream Capture 0 App Type Cfg: app_type 69936, acdb_dev_id 62, sample_rate 48000, snd_device_be_idx -14
04-08 11:51:37.222   788  7924 D audio_hw_primary: enable_audio_route: usecase(9) apply and update mixer path: audio-record
04-08 11:51:37.222   788  7924 D audio_route: Apply path: audio-record
04-08 11:51:37.290  1023  7925 D libc    : Internal error: netid(0), id(0xd65c), server(0.0.0.0)
04-08 11:51:37.290  1023  7925 D libc    : Internal error: netid(0), id(0xd65c), server(0.0.0.0)
04-08 11:51:37.290  1023  7925 D libc    : dns query(xtrapath3.izatcloud.net, 1, 1) failed
04-08 11:51:37.291  1023  7925 D libc    : Internal error: netid(0), id(0x3f62), server(0.0.0.0)
04-08 11:51:37.291 17373 17428 I MicroDetectionWorker: onReady
04-08 11:51:37.291  1023  7925 D libc    : Internal error: netid(0), id(0x3f62), server(0.0.0.0)
04-08 11:51:37.291  1023  7925 D libc    : dns query(xtrapath3.izatcloud.net., 1, 1) failed
04-08 11:51:37.291  1124  1157 E LocSvc_xtra2: resolve:168] DNS resolution on xtrapath3.izatcloud.net failed.
04-08 11:51:37.294  1023  7926 D libc    : Internal error: netid(0), id(0xd772), server(0.0.0.0)
04-08 11:51:37.294  1023  7926 D libc    : Internal error: netid(0), id(0xd772), server(0.0.0.0)
04-08 11:51:37.295  1023  7926 D libc    : dns query(xtrapath2.izatcloud.net, 1, 1) failed
04-08 11:51:37.295  1023  7926 D libc    : Internal error: netid(0), id(0xf0e), server(0.0.0.0)
