06-16 23:32:24.740  2398  2398 D CarrierSvcBindHelper: No carrier app for: 1
06-16 23:32:24.750  1456  1605 W zygote  : kill(-11422, 9) failed: No such process
06-16 23:32:24.787  1456  1673 W ActivityManager: setHasOverlayUi called on unknown pid: 11422
06-16 23:32:24.788  1456  1605 I chatty  : uid=1000(system) ActivityManager identical 3 lines
06-16 23:32:24.804  1456  1605 W zygote  : kill(-11422, 9) failed: No such process
06-16 23:32:24.804  1456  1605 I zygote  : Successfully killed process cgroup uid 11417 pid 11422 in 87ms
06-16 23:32:24.804  1456  1605 W zygote  : kill(-11504, 9) failed: No such process
06-16 23:32:24.804  1456  1605 I zygote  : Successfully killed process cgroup uid 11417 pid 11504 in 0ms
06-16 23:32:25.860  1456  2204 I ActivityManager: START u0 {act=android.intent.action.MAIN cat=[android.intent.category.LAUNCHER] flg=0x10000000 cmp=org.mozilla.fennec_aurora/.App} from uid 2000
06-16 23:32:25.861   794   839 E ANDR-PERF-RESOURCEQS: Failed to apply optimization [4, 0]
06-16 23:32:25.882  1456  1471 I ActivityManager: Start proc 11633:org.mozilla.fennec_aurora/u0a1417 for activity org.mozilla.fennec_aurora/.App
06-16 23:32:25.970 15309 15357 I MicroDetectionState: Should stop hotword detection immediately - false
06-16 23:32:25.971 15309 15357 I MicroDetector: Keeping mic open: false
06-16 23:32:25.971 15309 27268 E DeviceStateChecker: DeviceStateChecker cancelled
06-16 23:32:25.971 15309 15357 I RecognitionAudioControl: #shutdownAudio [requestId: -4291177597852348165, keepAudioOpen: false, forced: true]
06-16 23:32:25.971 15309 15357 I RecognitionAudioControl: #internalShutdownAudio [requestId: -4291177597852348165]
06-16 23:32:25.971 15309 15357 I RecognitionAudioControl: #internalShutdownAudio [keepAudioOpen: false, forced: true]
06-16 23:32:25.971 15309 15357 I RecognitionAudioControl: #actualShutdownAudio
06-16 23:32:25.971 15309 15357 I AudioController: #shutdown [requestId=-4291177597852348165]
06-16 23:32:25.971 15309 15348 I AudioController: internalShutdown
06-16 23:32:25.972 15309 15332 I MicroRecognitionRunner: Stopping hotword detection.
06-16 23:32:25.998 11633 11633 I chatty  : uid=11417(org.mozilla.fennec_aurora) expire 25 lines
06-16 23:32:26.028   788  1479 D audio_hw_primary: disable_audio_route: usecase(9) reset and update mixer path: audio-record
06-16 23:32:26.029   788  1479 D audio_hw_primary: disable_snd_device: snd_device(120: voice-rec-mic)
06-16 23:32:26.031  1012 19499 D APM_AudioPolicyManager: stopInput() input 398502, session 398729
06-16 23:32:26.032   788  1479 D audio_hw_primary: in_set_parameters: enter: kvpairs=routing=0
06-16 23:32:26.034 15309 15348 I MicrophoneInputStream: mic_close  SR : 16000 CC : 16 SO : 1999
06-16 23:32:26.034 15309 15348 E AudioSource: Stop listening is called on already closed AudioSource
06-16 23:32:26.034 15309 15348 I AudioController: Sending AudioStatusChangedBroadcast to :interactor. audioSourceType: NOT_SET, isActive: false
06-16 23:32:26.035 15309  9561 I MicroRecognitionRunner: Detection finished
06-16 23:32:26.046 11633 11651 I chatty  : uid=11417(org.mozilla.fennec_aurora) expire 4 lines
06-16 23:32:26.133 11633 11659 I chatty  : uid=11417(org.mozilla.fennec_aurora) expire 13 lines
06-16 23:32:26.152 11633 11658 I chatty  : uid=11417(org.mozilla.fennec_aurora) expire 11 lines
06-16 23:32:26.160 11633 11662 I chatty  : uid=11417(org.mozilla.fennec_aurora) expire 15 lines
06-16 23:32:26.163 11633 11664 I chatty  : uid=11417(org.mozilla.fennec_aurora) expire 1 line
06-16 23:32:26.235 11633 11670 I chatty  : uid=11417(org.mozilla.fennec_aurora) expire 6 lines
06-16 23:32:26.309 11633 11685 I chatty  : uid=11417(org.mozilla.fennec_aurora) expire 1 line
06-16 23:32:26.312  1456 10366 I ActivityManager: START u0 {act=android.intent.action.MAIN cat=[android.intent.category.LAUNCHER] flg=0x10000000 cmp=org.mozilla.fennec_aurora/org.mozilla.fenix.HomeActivity (has extras)} from uid 11417
06-16 23:32:26.343   808   808 D SurfaceFlinger: duplicate layer name: changing Splash Screen org.mozilla.fennec_aurora to Splash Screen org.mozilla.fennec_aurora#1
06-16 23:32:26.374 11633 11638 I chatty  : uid=11417(org.mozilla.fennec_aurora) expire 6 lines
06-16 23:32:26.407  1456  2204 I ActivityManager: Start proc 11709:org.mozilla.fennec_aurora:tab0/u0a1417 for service org.mozilla.fennec_aurora/org.mozilla.gecko.process.GeckoChildProcessServices$tab0
06-16 23:32:26.411 11633 11697 I chatty  : uid=11417(org.mozilla.fennec_aurora) expire 1 line
06-16 23:32:26.503 11709 11709 I chatty  : uid=11417(org.mozilla.fennec_aurora) org.mozilla.fenix:tab expire 1 line
06-16 23:32:26.504 11709 11728 I chatty  : uid=11417(org.mozilla.fennec_aurora) org.mozilla.fenix:tab expire 1 line
06-16 23:32:26.725 11633 11633 I chatty  : uid=11417(org.mozilla.fennec_aurora) expire 30 lines
06-16 23:32:26.738 11633 11736 I chatty  : uid=11417(org.mozilla.fennec_aurora) expire 10 lines
06-16 23:32:26.743 11633 11633 E ActivityThread: Failed to find provider info for org.mozilla.fennec_aurora.fxa.auth
06-16 23:32:26.784 11633 11658 I chatty  : uid=11417(org.mozilla.fennec_aurora) expire 12 lines
06-16 23:32:26.789   808   898 I SFPerfTracer:      triggers: (rate: 0:10) (0 sw vsyncs) (0 skipped) (22:8450606 vsyncs) (24:16698718)
06-16 23:32:26.808 11633 11684 I chatty  : uid=11417(org.mozilla.fennec_aurora) expire 1 line
06-16 23:32:26.823 11633 11745 I chatty  : uid=11417(org.mozilla.fennec_aurora) expire 9 lines
06-16 23:32:26.838  1456  1471 D ConnectivityService: requestNetwork for uid/pid:11417/11633 NetworkRequest [ TRACK_DEFAULT id=68472, [ Capabilities: INTERNET&NOT_RESTRICTED&TRUSTED&NOT_VPN] ]
06-16 23:32:26.839  1456  2099 D Ethernet: got request NetworkRequest [ TRACK_DEFAULT id=68472, [ Capabilities: INTERNET&NOT_RESTRICTED&TRUSTED&NOT_VPN] ] with score 60
06-16 23:32:26.840  1456  2054 D WIFI_UT : got request NetworkRequest [ TRACK_DEFAULT id=68472, [ Capabilities: INTERNET&NOT_RESTRICTED&TRUSTED&NOT_VPN] ] with score 60
06-16 23:32:26.840  1456  2054 D WIFI    : got request NetworkRequest [ TRACK_DEFAULT id=68472, [ Capabilities: INTERNET&NOT_RESTRICTED&TRUSTED&NOT_VPN] ] with score 60
06-16 23:32:26.840  2398  2398 D PhoneSwitcherNetworkRequstListener: got request NetworkRequest [ TRACK_DEFAULT id=68472, [ Capabilities: INTERNET&NOT_RESTRICTED&TRUSTED&NOT_VPN] ] with score 60
06-16 23:32:26.852  1456  2402 I WifiService: getDhcpInfo uid=11417
06-16 23:32:26.917 11633 11662 I chatty  : uid=11417(org.mozilla.fennec_aurora) expire 4 lines
06-16 23:32:27.001 11633 11752 I chatty  : uid=11417(org.mozilla.fennec_aurora) expire 5 lines
06-16 23:32:27.032  1456  1673 I LaunchCheckinHandler: Displayed org.mozilla.fennec_aurora/org.mozilla.fenix.HomeActivity,wp,ca,660
06-16 23:32:27.033  1456  1673 I ActivityManager: Displayed org.mozilla.fennec_aurora/org.mozilla.fenix.HomeActivity: +654ms (total +1s156ms)
06-16 23:32:27.049 15309 15309 I MemoryTrimmer: Trimming objects from memory, since app is in the background.
06-16 23:32:27.056 15309 15309 I MemoryTrimmer: Trimming objects from memory, since app is in the background.
06-16 23:32:27.061 15309   817 I PBSessionCacheImpl: Deleted sessionId[67331286385449208] from persistence.
06-16 23:32:27.064  1456  4797 I WifiService: getWifiEnabledState uid=10073
06-16 23:32:27.075 15309 15357 W SearchServiceCore: Abort, client detached.
06-16 23:32:27.095 11633 11633 E ActivityThread: Failed to find provider info for org.mozilla.fennec_aurora.fxa.auth
06-16 23:32:27.122 11633 11633 E ActivityThread: Failed to find provider info for org.mozilla.fennec_aurora.fxa.auth
06-16 23:32:27.329 11633 11638 I chatty  : uid=11417(org.mozilla.fennec_aurora) expire 5 lines
06-16 23:32:27.833 11633 11735 I chatty  : uid=11417(org.mozilla.fennec_aurora) expire 2 lines
06-16 23:32:27.838  1456  2067 D ConnectivityService: releasing NetworkRequest [ TRACK_DEFAULT id=68472, [ Capabilities: INTERNET&NOT_RESTRICTED&TRUSTED&NOT_VPN] ] (release request)
06-16 23:32:27.865 11633 11633 E ActivityThread: Failed to find provider info for org.mozilla.fennec_aurora.fxa.auth
06-16 23:32:27.952 11633 11783 I chatty  : uid=11417(org.mozilla.fennec_aurora) expire 1 line
06-16 23:32:28.052 11633 11660 I chatty  : uid=11417(org.mozilla.fennec_aurora) expire 26 lines
06-16 23:32:28.129 11633 11654 I chatty  : uid=11417(org.mozilla.fennec_aurora) expire 1 line
06-16 23:32:28.515 11633 11633 I chatty  : uid=11417(org.mozilla.fennec_aurora) identical 4 lines
06-16 23:32:28.520 11633 11633 E ActivityThread: Failed to find provider info for org.mozilla.fennec_aurora.fxa.auth
06-16 23:32:31.521 11810 11810 D AndroidRuntime: >>>>>> START com.android.internal.os.RuntimeInit uid 2000 <<<<<<
06-16 23:32:31.534 11810 11810 W app_process: Could not reserve sentinel fault page
06-16 23:32:31.700 11810 11810 I app_process: The ClassLoaderContext is a special shared library.
06-16 23:32:31.767 11810 11810 D AndroidRuntime: Calling main entry com.android.commands.input.Input
06-16 23:32:31.768 11810 11810 I Input   : injectKeyEvent: KeyEvent { action=ACTION_DOWN, keyCode=KEYCODE_HOME, scanCode=0, metaState=0, flags=0x0, repeatCount=0, eventTime=24437428377, downTime=24437428377, deviceId=-1, source=0x101 }
06-16 23:32:31.778 11810 11810 I Input   : injectKeyEvent: KeyEvent { action=ACTION_UP, keyCode=KEYCODE_HOME, scanCode=0, metaState=0, flags=0x0, repeatCount=0, eventTime=24437428377, downTime=24437428377, deviceId=-1, source=0x101 }
06-16 23:32:31.785  1456  1941 I ActivityManager: START u0 {act=android.intent.action.MAIN cat=[android.intent.category.HOME] flg=0x10200000 cmp=com.android.launcher3/.CustomizationPanelLauncher (has extras)} from uid 1000
06-16 23:32:31.785   794   839 E ANDR-PERF-RESOURCEQS: Failed to apply optimization [4, 0]
06-16 23:32:31.792 11810 11810 D AndroidRuntime: Shutting down VM
06-16 23:32:31.801  1456  2204 I ActivityManager: moveHomeStack, setupComplete:true
06-16 23:32:31.811 15309 15355 I Adreno  : QUALCOMM build                   : bb5b86c, I77d3059488
06-16 23:32:31.811 15309 15355 I Adreno  : Build Date                       : 06/07/18
06-16 23:32:31.811 15309 15355 I Adreno  : OpenGL ES Shader Compiler Version: EV031.22.00.01_06
06-16 23:32:31.811 15309 15355 I Adreno  : Local Branch                     : 
06-16 23:32:31.811 15309 15355 I Adreno  : Remote Branch                    : refs/tags/AU_LINUX_ANDROID_LA.UM.6.5.R1.08.01.00.312.086
06-16 23:32:31.811 15309 15355 I Adreno  : Remote Branch                    : NONE
06-16 23:32:31.811 15309 15355 I Adreno  : Reconstruct Branch               : NOTHING
06-16 23:32:31.816 15309 15355 D vndksupport: Loading /vendor/lib/hw/gralloc.msm8937.so from current namespace instead of sphal namespace.
06-16 23:32:31.822 15309 15355 I Adreno  : PFP: 0x005ff087, ME: 0x005ff063
06-16 23:32:31.825  2748  2748 D Launcher.Utilities: Wakeup weather: Intent { act=com.motorola.launcher3.action.WAKEUP_WEATHER cmp=com.motorola.timeweatherwidget/com.motorola.commandcenter.weather.WakeUpService }
06-16 23:32:31.827 15309 15355 I zygote  : android::hardware::configstore::V1_0::ISurfaceFlingerConfigs::hasWideColorDisplay retrieved: 0
06-16 23:32:31.828 15309 15355 I OpenGLRenderer: Initialized EGL, version 1.4
06-16 23:32:31.828 15309 15355 D OpenGLRenderer: Swap behavior 2
06-16 23:32:31.832   808   808 D SurfaceFlinger: duplicate layer name: changing com.android.launcher3/com.android.launcher3.CustomizationPanelLauncher to com.android.launcher3/com.android.launcher3.CustomizationPanelLauncher#1
06-16 23:32:31.840  1456  1456 I NotificationService: Cannot find enqueued record for key: 0|com.motorola.timeweatherwidget|1|null|10116
06-16 23:32:31.866 15309 15343 W ThreadPoolDumper: Queue length for executor EventBus is now 11. Perhaps some tasks are too long, or the pool is too small.
06-16 23:32:31.870  1456 10366 I WifiService: getWifiEnabledState uid=10073
06-16 23:32:31.878  1456  2204 I WifiService: getWifiEnabledState uid=10073
06-16 23:32:31.926  1456  1673 I LaunchCheckinHandler: Displayed com.android.launcher3/.CustomizationPanelLauncher,wp,wa,141
06-16 23:32:31.933 15309 15309 I BgTaskExecutorImpl: Starting EXCLUSIVE background task TNG_MINUS_ONE_SYNC.
06-16 23:32:31.935 15309 15357 I MicroDetectionState: Should stop hotword detection immediately - false
06-16 23:32:31.936 15309 15337 E MDD     : DownloadProgressMonitor: Can't find file group for uri: android://com.google.android.googlequicksearchbox/files/sharedminusonemodule/shared/SharedMinusOneData.pb.tmp
06-16 23:32:31.944   808   808 I SFPerfTracer:      triggers: (rate: 103:2296900) (compose: 0:7) (post: 0:22) (render: 0:19) (1:13039203 frames) (2:16553459)
06-16 23:32:31.944   808   808 D SFPerfTracer:        layers: (3:14) (NavigationBar#0 (0xb07df000): 1:1256468) (StatusBar#0 (0xb07e3000): 2:3005966) (com.android.systemui.ImageWallpaper#0 (0xb07e7000): 0:116351)* (Sprite#0 (0xb0733000): 0:317)* (DimLayerController/Stack=0#0 (0xb075a000): 0:4039)* (Sprite#1 (0xb077c000): 0:195)* (Sprite#2 (0xb039b000): 0:2)* (com.android.launcher3/com.android.launcher3.CustomizationPanelLauncher#0 (0xb0763000): 0:40)- (com.android.launcher3/com.android.launcher3.CustomizationPanelLauncher#1 (0xb0771000): 0:10)- (Splash Screen org.mozilla.fennec_aurora#0 (0xafd20000): 0:19)- (Splash Screen org.mozilla.fennec_aurora#1 (0xafdf0000): 0:31)- (org.mozilla.fennec_aurora/org.mozilla.fenix.HomeActivity#0 (0xafd20000): 1:37) (com.android.launcher3/com.android.launcher3.CustomizationPanelLauncher#0 (0xb0763000): 1:3)* (com.android.launcher3/com.android.launcher3.CustomizationPanelLauncher#1 (0xb0771000): 1:3)* 
06-16 23:32:31.947 15309 15357 I MicroDetectionWorker: #startMicroDetector [speakerMode: 0]
06-16 23:32:31.950 15309 15357 I AudioController: Created new AudioSource
06-16 23:32:31.954 15309 15349 I MicroDataManager: isInitializing-false locale not changed-true model not changed-true
06-16 23:32:31.954 15309 15349 I MicroDataManager: Already initialized, obtaining the hotword data immediately.
06-16 23:32:31.958 15309 15357 I TngMinusOneSync: Syncing TNG:-1
06-16 23:32:31.976 15309 27268 I MicroRecognitionRunner: Starting detection.
06-16 23:32:31.977 15309 27268 I InputStreamUtils: Using micInputStream
06-16 23:32:31.978 15309   817 I MicrophoneInputStream: mic_starting  SR : 16000 CC : 16 SO : 1999
06-16 23:32:31.982   788  1479 V msm8974_platform: platform_check_input_mask: enter check_input_mask source 6 mask 10
06-16 23:32:31.985  1012 11824 I AudioFlinger: AudioFlinger's thread 0xb2483d00 tid=11824 ready to run
06-16 23:32:31.993   788  1479 D audio_hw_primary: in_set_parameters: enter: kvpairs=input_source=6;routing=-2147483644
06-16 23:32:31.995  1012 19499 D APM_AudioPolicyManager: AudioPolicyManager::startInput() input 398510, session 398737, source = 1999
06-16 23:32:31.996 15309   817 I MicrophoneInputStream: mic_started  SR : 16000 CC : 16 SO : 1999
06-16 23:32:32.000   788 11825 V msm8974_platform: platform_update_usecase_from_source: input source :6
06-16 23:32:32.000   788 11825 V msm8974_platform: platform_check_input_mask: enter check_input_mask source 6 mask 10
06-16 23:32:32.000   788 11825 V msm8974_platform: platform_get_input_snd_device: enter: out_device(0) in_device(0x4) channel_count (1) channel_mask (0x10)
06-16 23:32:32.000   788 11825 V msm8974_platform: platform_get_input_snd_device: exit: in_snd_device(voice-rec-mic)
06-16 23:32:32.000   788 11825 V msm8974_platform: platform_get_backend_index:napb: backend port - 5 device - 120 
06-16 23:32:32.000   788 11825 V msm8974_platform: platform_check_and_set_capture_backend_cfg:txbecf: afe: bitwidth 0, samplerate 0, channel 1, backend_idx 5 usecase = 9 device (voice-rec-mic)
06-16 23:32:32.000   788 11825 V msm8974_platform: platform_check_capture_backend_cfg:txbecf: afe: Codec selected backend: 5 current bit width: 0 and sample rate: 0, channels 1
06-16 23:32:32.000   788 11825 V msm8974_platform: platform_check_capture_backend_cfg:txbecf: afe: Codec selected backend: 5 updated bit width: 0 and sample rate: 0
06-16 23:32:32.000   788 11825 I msm8974_platform: platform_check_capture_backend_cfg:txbecf: afe: Codec backend needs to be updated. new bit width: 0 new sample rate: 0 new channel: 1
06-16 23:32:32.000   788 11825 V msm8974_platform: platform_get_backend_index:napb: backend port - 5 device - 120 
06-16 23:32:32.000   788 11825 V msm8974_platform: platform_set_backend_cfg:becf: afe: bitwidth 0, samplerate 0 channels 1, backend_idx 5 device (voice-rec-mic)
06-16 23:32:32.001   788 11825 E msm8974_platform: platform_set_backend_cfg:becf: afe: Could not get ctl for mixer command - SLIM_0_TX Format
06-16 23:32:32.001   788 11825 V msm8974_platform: platform_send_audio_calibration: sending audio calibration for snd_device(120) acdb_id(62)
06-16 23:32:32.001   788 11825 D ACDB-LOADER: ACDB -> send_audio_cal, acdb_id = 62, path = 1, app id = 0x11130, sample rate = 48000
06-16 23:32:32.001   788 11825 D ACDB-LOADER: ACDB -> send_asm_topology
06-16 23:32:32.001   788 11825 D ACDB-LOADER: ACDB -> ACDB_CMD_GET_AUDPROC_STREAM_TOPOLOGY_ID
06-16 23:32:32.001   788 11825 D ACDB-LOADER: ACDB -> send_adm_topology
06-16 23:32:32.001   788 11825 D ACDB-LOADER: ACDB -> ACDB_CMD_GET_AUDPROC_COMMON_TOPOLOGY_ID
06-16 23:32:32.001   788 11825 D ACDB-LOADER: ACDB -> send_audtable
06-16 23:32:32.001   788 11825 D ACDB-LOADER: ACDB -> ACDB_CMD_GET_AUDPROC_COMMON_TABLE_SIZE
06-16 23:32:32.001   788 11825 D ACDB-LOADER: ACDB -> ACDB_CMD_GET_AUDPROC_COMMON_TABLE
06-16 23:32:32.001   788 11825 D ACDB-LOADER: ACDB -> AUDIO_SET_AUDPROC_CAL
06-16 23:32:32.001   788 11825 D ACDB-LOADER: ACDB -> send_audvoltable
06-16 23:32:32.001   788 11825 D ACDB-LOADER: ACDB -> ACDB_CMD_GET_AUDPROC_VOL_STEP_TABLE_SIZE
06-16 23:32:32.001   788 11825 D ACDB-LOADER: ACDB -> ACDB_CMD_GET_AUDPROC_GAIN_DEP_STEP_TABLE, vol index 0
06-16 23:32:32.001   788 11825 D         : Failed to fetch the lookup information of the device 0000003E 
06-16 23:32:32.001   788 11825 D ACDB-LOADER: ACDB -> AUDIO_SET_VOL_CAL cal type = 12
06-16 23:32:32.001   788 11825 D ACDB-LOADER: ACDB -> ACDB_CMD_GET_AUDPROC_STREAM_TABLE_SIZE
06-16 23:32:32.001   788 11825 D ACDB-LOADER: ACDB -> send_audstrmtable
06-16 23:32:32.001   788 11825 D ACDB-LOADER: ACDB -> ACDB_CMD_GET_AUDPROC_STREAM_TABLE_V2
06-16 23:32:32.001   788 11825 D ACDB-LOADER: ACDB -> audstrm_cal->cal_type.cal_data.cal_size = 456
06-16 23:32:32.001   788 11825 D ACDB-LOADER: ACDB -> send_afe_topology
06-16 23:32:32.001   788 11825 D ACDB-LOADER: ACDB -> ACDB_CMD_GET_AFE_TOPOLOGY_ID
06-16 23:32:32.001   788 11825 D ACDB-LOADER: ACDB -> GET_AFE_TOPOLOGY_ID for adcd_id 62, Topology Id 112fb
06-16 23:32:32.001   788 11825 D ACDB-LOADER: ACDB -> send_afe_cal
06-16 23:32:32.001   788 11825 D ACDB-LOADER: ACDB -> ACDB_CMD_GET_AFE_COMMON_TABLE_SIZE
06-16 23:32:32.001   788 11825 D         : Failed to fetch the lookup information of the device 0000003E 
06-16 23:32:32.001   788 11825 E ACDB-LOADER: Error: ACDB_CMD_GET_AFE_COMMON_TABLE_SIZE Returned = -19
06-16 23:32:32.001   788 11825 D ACDB-LOADER: ACDB -> ACDB_CMD_GET_AFE_COMMON_TABLE
06-16 23:32:32.001   788 11825 D         : Failed to fetch the lookup information of the device 0000003E 
06-16 23:32:32.001   788 11825 D ACDB-LOADER: ACDB -> AUDIO_SET_AFE_CAL
06-16 23:32:32.001   788 11825 D ACDB-LOADER: ACDB -> send_hw_delay : acdb_id = 62 path = 1
06-16 23:32:32.001   788 11825 D ACDB-LOADER: ACDB -> ACDB_AVSYNC_INFO: ACDB_CMD_GET_DEVICE_PROPERTY
06-16 23:32:32.002   788 11825 D audio_hw_primary: enable_snd_device: snd_device(120: voice-rec-mic)
06-16 23:32:32.002   788 11825 D audio_route: Apply path: voice-rec-mic
06-16 23:32:32.005   788 11825 V msm8974_platform: platform_get_snd_device_backend_index: enter with device 120
06-16 23:32:32.006   788 11825 E msm8974_platform: platform_get_snd_device_backend_index: BE DAI Name Table is not present
06-16 23:32:32.006   788 11825 V msm8974_platform: platform_get_backend_index:napb: backend port - 5 device - 120 
06-16 23:32:32.006   788 11825 I audio_hw_utils: Set Audio Stream Capture 0 App Type Cfg: app_type 69936, acdb_dev_id 62, sample_rate 48000, snd_device_be_idx -14
06-16 23:32:32.006   788 11825 D audio_hw_primary: enable_audio_route: usecase(9) apply and update mixer path: audio-record
06-16 23:32:32.006   788 11825 D audio_route: Apply path: audio-record
06-16 23:32:32.040  5625  5654 I PeriodicStatsRunner: PeriodicStatsRunner.call():180 call()
06-16 23:32:32.040  5625  5654 I PeriodicStatsRunner: PeriodicStatsRunner.call():184 No submit PeriodicStats since input started.
06-16 23:32:32.057  2146  2165 I zygote  : NativeAlloc concurrent copying GC freed 20147(1075KB) AllocSpace objects, 0(0B) LOS objects, 49% free, 6MB/12MB, paused 160us total 110.290ms
06-16 23:32:32.077 15309 15357 I MicroDetectionWorker: onReady
06-16 23:32:32.159 15309 15319 I zygote  : Background concurrent copying GC freed 67905(3MB) AllocSpace objects, 3(756KB) LOS objects, 49% free, 10MB/21MB, paused 437us total 191.640ms
06-16 23:32:32.176  1456  2054 I WifiConfigManager: No scan detail and linked configs associated with networkId 2
06-16 23:32:32.180  1456  2063 D WifiNative-wlan0: Scan issued for specific freq..
06-16 23:32:32.194  1456  2204 D ConnectivityService: requestNetwork for uid/pid:11417/11633 NetworkRequest [ TRACK_DEFAULT id=68473, [ Capabilities: INTERNET&NOT_RESTRICTED&TRUSTED&NOT_VPN] ]
06-16 23:32:32.196  1456  2099 D Ethernet: got request NetworkRequest [ TRACK_DEFAULT id=68473, [ Capabilities: INTERNET&NOT_RESTRICTED&TRUSTED&NOT_VPN] ] with score 60
06-16 23:32:32.196  1456  2054 D WIFI_UT : got request NetworkRequest [ TRACK_DEFAULT id=68473, [ Capabilities: INTERNET&NOT_RESTRICTED&TRUSTED&NOT_VPN] ] with score 60
06-16 23:32:32.196  1456  2054 D WIFI    : got request NetworkRequest [ TRACK_DEFAULT id=68473, [ Capabilities: INTERNET&NOT_RESTRICTED&TRUSTED&NOT_VPN] ] with score 60
06-16 23:32:32.197  2398  2398 D PhoneSwitcherNetworkRequstListener: got request NetworkRequest [ TRACK_DEFAULT id=68473, [ Capabilities: INTERNET&NOT_RESTRICTED&TRUSTED&NOT_VPN] ] with score 60
06-16 23:32:32.207 11633 11829 I chatty  : uid=11417(org.mozilla.fennec_aurora) expire 13 lines
06-16 23:32:32.323  1456  7796 I OpenGLRenderer: Initialized EGL, version 1.4
06-16 23:32:32.324  1456  7796 D OpenGLRenderer: Swap behavior 2
06-16 23:32:32.384  1456  1466 I zygote  : Background concurrent copying GC freed 54157(2MB) AllocSpace objects, 34(1192KB) LOS objects, 34% free, 46MB/70MB, paused 381us total 453.537ms
06-16 23:32:32.388  2748  2917 W OpenGLRenderer: Incorrectly called buildLayer on View: ShortcutAndWidgetContainer, destroying layer...
06-16 23:32:32.495 11633 11675 I chatty  : uid=11417(org.mozilla.fennec_aurora) expire 1 line
06-16 23:32:34.651  1456 10366 D WificondControl: Scan result ready event
06-16 23:32:34.660  1456 10366 D WifiPermissionsUtil: Denied: no location permission
06-16 23:32:35.490  1456  2067 D ConnectivityService: releasing NetworkRequest [ TRACK_DEFAULT id=68473, [ Capabilities: INTERNET&NOT_RESTRICTED&TRUSTED&NOT_VPN] ] (release request)
06-16 23:32:36.863  5625  5654 I PeriodicStatsRunner: PeriodicStatsRunner.call():180 call()
06-16 23:32:36.863  5625  5654 I PeriodicStatsRunner: PeriodicStatsRunner.call():184 No submit PeriodicStats since input started.
06-16 23:32:36.950  1456  2204 I ActivityManager: Force stopping org.mozilla.fennec_aurora appid=11417 user=0: from pid 11833
06-16 23:32:36.950  1456  2204 I ActivityManager: Killing 11633:org.mozilla.fennec_aurora/u0a1417 (adj 700): stop org.mozilla.fennec_aurora
06-16 23:32:36.953 11709 11709 I chatty  : uid=11417(org.mozilla.fennec_aurora) org.mozilla.fenix:tab expire 1 line
06-16 23:32:36.953  1456  1605 W zygote  : kill(-11633, 9) failed: No such process
06-16 23:32:36.954  1456  2204 W ActivityManager: Force removing ActivityRecord{17fca4 u0 org.mozilla.fennec_aurora/org.mozilla.fenix.HomeActivity t84804}: app died, no saved state
06-16 23:32:36.969  1456  1605 I chatty  : uid=1000(system) ActivityManager identical 2 lines
06-16 23:32:36.971  1456  2204 I ActivityManager: Killing 11709:org.mozilla.fennec_aurora:tab0/u0a1417 (adj 0): stop org.mozilla.fennec_aurora
06-16 23:32:36.985  1456  1605 W zygote  : kill(-11633, 9) failed: No such process
06-16 23:32:36.985  2398  2398 D CarrierSvcBindHelper: No carrier app for: 0
06-16 23:32:36.986  2398  2398 D CarrierSvcBindHelper: No carrier app for: 1
06-16 23:32:37.000  1456  1605 W zygote  : kill(-11633, 9) failed: No such process
06-16 23:32:37.015  1456  1673 W ActivityManager: setHasOverlayUi called on unknown pid: 11633
06-16 23:32:37.029  1456  1605 W zygote  : kill(-11633, 9) failed: No such process
06-16 23:32:37.030  1456  1605 I zygote  : Successfully killed process cgroup uid 11417 pid 11633 in 76ms
06-16 23:32:37.030  1456  1605 W zygote  : kill(-11709, 9) failed: No such process
06-16 23:32:37.030  1456  1605 I zygote  : Successfully killed process cgroup uid 11417 pid 11709 in 0ms
06-16 23:32:38.098  1456  2915 I ActivityManager: START u0 {act=android.intent.action.MAIN cat=[android.intent.category.LAUNCHER] flg=0x10000000 cmp=org.mozilla.fennec_aurora/.App} from uid 2000
06-16 23:32:38.099   794   839 E ANDR-PERF-RESOURCEQS: Failed to apply optimization [4, 0]
06-16 23:32:38.119  1456  1471 I ActivityManager: Start proc 11840:org.mozilla.fennec_aurora/u0a1417 for activity org.mozilla.fennec_aurora/.App
06-16 23:32:38.211 15309 15357 I MicroDetectionState: Should stop hotword detection immediately - false
06-16 23:32:38.212 15309 15357 I MicroDetector: Keeping mic open: false
06-16 23:32:38.212 15309  9561 E DeviceStateChecker: DeviceStateChecker cancelled
06-16 23:32:38.212 15309 15357 I RecognitionAudioControl: #shutdownAudio [requestId: 1989038845716288300, keepAudioOpen: false, forced: true]
06-16 23:32:38.213 15309 15357 I RecognitionAudioControl: #internalShutdownAudio [requestId: 1989038845716288300]
06-16 23:32:38.213 15309 15357 I RecognitionAudioControl: #internalShutdownAudio [keepAudioOpen: false, forced: true]
06-16 23:32:38.213 15309 15357 I RecognitionAudioControl: #actualShutdownAudio
06-16 23:32:38.213 15309 15357 I AudioController: #shutdown [requestId=1989038845716288300]
06-16 23:32:38.213 15309 15350 I AudioController: internalShutdown
06-16 23:32:38.213 15309 15332 I MicroRecognitionRunner: Stopping hotword detection.
06-16 23:32:38.245 11840 11840 I chatty  : uid=11417(org.mozilla.fennec_aurora) expire 41 lines
06-16 23:32:38.258   788  1479 D audio_hw_primary: disable_audio_route: usecase(9) reset and update mixer path: audio-record
06-16 23:32:38.259   788  1479 D audio_hw_primary: disable_snd_device: snd_device(120: voice-rec-mic)
06-16 23:32:38.261  1012  1390 D APM_AudioPolicyManager: stopInput() input 398510, session 398737
06-16 23:32:38.262   788  1401 D audio_hw_primary: in_set_parameters: enter: kvpairs=routing=0
06-16 23:32:38.264 15309 15350 I MicrophoneInputStream: mic_close  SR : 16000 CC : 16 SO : 1999
06-16 23:32:38.264 15309 15350 E AudioSource: Stop listening is called on already closed AudioSource
06-16 23:32:38.264 15309 15350 I AudioController: Sending AudioStatusChangedBroadcast to :interactor. audioSourceType: NOT_SET, isActive: false
06-16 23:32:38.265 15309 27268 I MicroRecognitionRunner: Detection finished
06-16 23:32:38.295 11840 11858 I chatty  : uid=11417(org.mozilla.fennec_aurora) expire 4 lines
06-16 23:32:38.375 11840 11868 I chatty  : uid=11417(org.mozilla.fennec_aurora) expire 13 lines
06-16 23:32:38.396 11840 11867 I chatty  : uid=11417(org.mozilla.fennec_aurora) expire 14 lines
06-16 23:32:38.405 11840 11871 I chatty  : uid=11417(org.mozilla.fennec_aurora) expire 18 lines
06-16 23:32:38.406 11840 11872 I chatty  : uid=11417(org.mozilla.fennec_aurora) expire 1 line
06-16 23:32:38.479 11840 11880 I chatty  : uid=11417(org.mozilla.fennec_aurora) expire 6 lines
06-16 23:32:38.543 11840 11893 I chatty  : uid=11417(org.mozilla.fennec_aurora) expire 1 line
06-16 23:32:38.552   808   898 I SFPerfTracer:      triggers: (rate: 0:10) (0 sw vsyncs) (0 skipped) (17:8450686 vsyncs) (19:16698829)
06-16 23:32:38.558  1456  2162 I ActivityManager: START u0 {act=android.intent.action.MAIN cat=[android.intent.category.LAUNCHER] flg=0x10000000 cmp=org.mozilla.fennec_aurora/org.mozilla.fenix.HomeActivity (has extras)} from uid 11417
06-16 23:32:38.588   808   808 D SurfaceFlinger: duplicate layer name: changing Splash Screen org.mozilla.fennec_aurora to Splash Screen org.mozilla.fennec_aurora#1
06-16 23:32:38.595 11840 11845 I chatty  : uid=11417(org.mozilla.fennec_aurora) expire 8 lines
06-16 23:32:38.645  1456  2162 I ActivityManager: Start proc 11917:org.mozilla.fennec_aurora:tab0/u0a1417 for service org.mozilla.fennec_aurora/org.mozilla.gecko.process.GeckoChildProcessServices$tab0
06-16 23:32:38.648 11840 11905 I chatty  : uid=11417(org.mozilla.fennec_aurora) expire 1 line
06-16 23:32:38.743 11917 11917 I chatty  : uid=11417(org.mozilla.fennec_aurora) expire 1 line
06-16 23:32:38.744 11917 11937 I chatty  : uid=11417(org.mozilla.fennec_aurora) expire 1 line
06-16 23:32:38.972 11840 11943 I chatty  : uid=11417(org.mozilla.fennec_aurora) expire 10 lines
06-16 23:32:38.976 11840 11840 E ActivityThread: Failed to find provider info for org.mozilla.fennec_aurora.fxa.auth
06-16 23:32:39.040 11840 11891 I chatty  : uid=11417(org.mozilla.fennec_aurora) expire 1 line
06-16 23:32:39.054 11840 11952 I chatty  : uid=11417(org.mozilla.fennec_aurora) expire 9 lines
06-16 23:32:39.066  1456  2162 D ConnectivityService: requestNetwork for uid/pid:11417/11840 NetworkRequest [ TRACK_DEFAULT id=68474, [ Capabilities: INTERNET&NOT_RESTRICTED&TRUSTED&NOT_VPN] ]
06-16 23:32:39.067  1456  2099 D Ethernet: got request NetworkRequest [ TRACK_DEFAULT id=68474, [ Capabilities: INTERNET&NOT_RESTRICTED&TRUSTED&NOT_VPN] ] with score 60
06-16 23:32:39.067  1456  2054 D WIFI_UT : got request NetworkRequest [ TRACK_DEFAULT id=68474, [ Capabilities: INTERNET&NOT_RESTRICTED&TRUSTED&NOT_VPN] ] with score 60
06-16 23:32:39.067  1456  2054 D WIFI    : got request NetworkRequest [ TRACK_DEFAULT id=68474, [ Capabilities: INTERNET&NOT_RESTRICTED&TRUSTED&NOT_VPN] ] with score 60
06-16 23:32:39.068  2398  2398 D PhoneSwitcherNetworkRequstListener: got request NetworkRequest [ TRACK_DEFAULT id=68474, [ Capabilities: INTERNET&NOT_RESTRICTED&TRUSTED&NOT_VPN] ] with score 60
06-16 23:32:39.081  1456  1471 I WifiService: getDhcpInfo uid=11417
06-16 23:32:39.223 11840 11959 I chatty  : uid=11417(org.mozilla.fennec_aurora) expire 5 lines
06-16 23:32:39.257  1456  1673 I LaunchCheckinHandler: Displayed org.mozilla.fennec_aurora/org.mozilla.fenix.HomeActivity,wp,ca,646
06-16 23:32:39.258  1456  1673 I ActivityManager: Displayed org.mozilla.fennec_aurora/org.mozilla.fenix.HomeActivity: +636ms (total +1s141ms)
06-16 23:32:39.275 15309 15309 I MemoryTrimmer: Trimming objects from memory, since app is in the background.
06-16 23:32:39.282 15309 15309 I MemoryTrimmer: Trimming objects from memory, since app is in the background.
06-16 23:32:39.284 15309   817 I PBSessionCacheImpl: Deleted sessionId[67331286385449215] from persistence.
06-16 23:32:39.288  1456  2915 I WifiService: getWifiEnabledState uid=10073
06-16 23:32:39.300 15309 15357 W SearchServiceCore: Abort, client detached.
06-16 23:32:39.320 11840 11840 E ActivityThread: Failed to find provider info for org.mozilla.fennec_aurora.fxa.auth
06-16 23:32:39.347 11840 11840 E ActivityThread: Failed to find provider info for org.mozilla.fennec_aurora.fxa.auth
06-16 23:32:39.859   808   808 I SFPerfTracer:      triggers: (rate: 103:2296905) (compose: 0:7) (post: 0:22) (render: 0:19) (16:13039293 frames) (17:16553573)
06-16 23:32:39.859   808   808 D SFPerfTracer:        layers: (3:13) (NavigationBar#0 (0xb07df000): 0:1256488) (StatusBar#0 (0xb07e3000): 0:3005986) (com.android.systemui.ImageWallpaper#0 (0xb07e7000): 0:116353)* (Sprite#0 (0xb0733000): 0:317)* (DimLayerController/Stack=0#0 (0xb075a000): 0:4039)* (Sprite#1 (0xb077c000): 0:195)* (Sprite#2 (0xb039b000): 0:2)* (org.mozilla.fennec_aurora/org.mozilla.fenix.HomeActivity#0 (0xafd20000): 0:60)- (com.android.launcher3/com.android.launcher3.CustomizationPanelLauncher#0 (0xb0763000): 0:39)- (com.android.launcher3/com.android.launcher3.CustomizationPanelLauncher#1 (0xb0771000): 0:9)- (Splash Screen org.mozilla.fennec_aurora#0 (0xafd20000): 0:19)- (Splash Screen org.mozilla.fennec_aurora#1 (0xafdf0000): 0:30)- (org.mozilla.fennec_aurora/org.mozilla.fenix.HomeActivity#0 (0xafd20000): 16:29) 
06-16 23:32:40.054 11840 11860 I chatty  : uid=11417(org.mozilla.fennec_aurora) expire 1 line
06-16 23:32:40.059  1456  2067 D ConnectivityService: releasing NetworkRequest [ TRACK_DEFAULT id=68474, [ Capabilities: INTERNET&NOT_RESTRICTED&TRUSTED&NOT_VPN] ] (release request)
06-16 23:32:40.074 11840 11840 I chatty  : uid=11417(org.mozilla.fennec_aurora) expire 14 lines
06-16 23:32:40.082 11840 11840 E ActivityThread: Failed to find provider info for org.mozilla.fennec_aurora.fxa.auth
06-16 23:32:40.172 11840 11987 I chatty  : uid=11417(org.mozilla.fennec_aurora) expire 1 line
06-16 23:32:40.199 11840 11871 I chatty  : uid=11417(org.mozilla.fennec_aurora) expire 1 line
06-16 23:32:40.272 11840 11884 I chatty  : uid=11417(org.mozilla.fennec_aurora) expire 26 lines
06-16 23:32:40.346 11840 11863 I chatty  : uid=11417(org.mozilla.fennec_aurora) expire 1 line
06-16 23:32:40.728 11840 11840 I chatty  : uid=11417(org.mozilla.fennec_aurora) identical 4 lines
06-16 23:32:40.731 11840 11840 E ActivityThread: Failed to find provider info for org.mozilla.fennec_aurora.fxa.auth
06-16 23:32:40.812 11840 11845 I chatty  : uid=11417(org.mozilla.fennec_aurora) expire 3 lines
06-16 23:32:43.756 12014 12014 D AndroidRuntime: >>>>>> START com.android.internal.os.RuntimeInit uid 2000 <<<<<<
06-16 23:32:43.769 12014 12014 W app_process: Could not reserve sentinel fault page
06-16 23:32:43.937 12014 12014 I app_process: The ClassLoaderContext is a special shared library.
06-16 23:32:44.005 12014 12014 D AndroidRuntime: Calling main entry com.android.commands.input.Input
06-16 23:32:44.009 12014 12014 I Input   : injectKeyEvent: KeyEvent { action=ACTION_DOWN, keyCode=KEYCODE_HOME, scanCode=0, metaState=0, flags=0x0, repeatCount=0, eventTime=24437440617, downTime=24437440617, deviceId=-1, source=0x101 }
06-16 23:32:44.016 12014 12014 I Input   : injectKeyEvent: KeyEvent { action=ACTION_UP, keyCode=KEYCODE_HOME, scanCode=0, metaState=0, flags=0x0, repeatCount=0, eventTime=24437440617, downTime=24437440617, deviceId=-1, source=0x101 }
06-16 23:32:44.022  1456  1941 I ActivityManager: START u0 {act=android.intent.action.MAIN cat=[android.intent.category.HOME] flg=0x10200000 cmp=com.android.launcher3/.CustomizationPanelLauncher (has extras)} from uid 1000
06-16 23:32:44.023   794   839 E ANDR-PERF-RESOURCEQS: Failed to apply optimization [4, 0]
06-16 23:32:44.029 12014 12014 D AndroidRuntime: Shutting down VM
06-16 23:32:44.039  1456  2162 I ActivityManager: moveHomeStack, setupComplete:true
06-16 23:32:44.063 15309 15355 I Adreno  : QUALCOMM build                   : bb5b86c, I77d3059488
06-16 23:32:44.063 15309 15355 I Adreno  : Build Date                       : 06/07/18
06-16 23:32:44.063 15309 15355 I Adreno  : OpenGL ES Shader Compiler Version: EV031.22.00.01_06
06-16 23:32:44.063 15309 15355 I Adreno  : Local Branch                     : 
06-16 23:32:44.063 15309 15355 I Adreno  : Remote Branch                    : refs/tags/AU_LINUX_ANDROID_LA.UM.6.5.R1.08.01.00.312.086
06-16 23:32:44.063 15309 15355 I Adreno  : Remote Branch                    : NONE
06-16 23:32:44.063 15309 15355 I Adreno  : Reconstruct Branch               : NOTHING
06-16 23:32:44.070 15309 15355 D vndksupport: Loading /vendor/lib/hw/gralloc.msm8937.so from current namespace instead of sphal namespace.
06-16 23:32:44.072  2748  2748 D Launcher.Utilities: Wakeup weather: Intent { act=com.motorola.launcher3.action.WAKEUP_WEATHER cmp=com.motorola.timeweatherwidget/com.motorola.commandcenter.weather.WakeUpService }
06-16 23:32:44.073 15309 15355 I Adreno  : PFP: 0x005ff087, ME: 0x005ff063
06-16 23:32:44.076 15309 15355 I zygote  : android::hardware::configstore::V1_0::ISurfaceFlingerConfigs::hasWideColorDisplay retrieved: 0
06-16 23:32:44.077 15309 15355 I OpenGLRenderer: Initialized EGL, version 1.4
06-16 23:32:44.077 15309 15355 D OpenGLRenderer: Swap behavior 2
06-16 23:32:44.079   808   808 D SurfaceFlinger: duplicate layer name: changing com.android.launcher3/com.android.launcher3.CustomizationPanelLauncher to com.android.launcher3/com.android.launcher3.CustomizationPanelLauncher#1
06-16 23:32:44.087  1456  1456 I NotificationService: Cannot find enqueued record for key: 0|com.motorola.timeweatherwidget|1|null|10116
06-16 23:32:44.112 15309 15343 W ThreadPoolDumper: Queue length for executor EventBus is now 11. Perhaps some tasks are too long, or the pool is too small.
06-16 23:32:44.114  1456  2915 I WifiService: getWifiEnabledState uid=10073
06-16 23:32:44.122  1456  2162 I WifiService: getWifiEnabledState uid=10073
06-16 23:32:44.175  1456  1673 I LaunchCheckinHandler: Displayed com.android.launcher3/.CustomizationPanelLauncher,wp,wa,153
06-16 23:32:44.182 15309 15309 I BgTaskExecutorImpl: Starting EXCLUSIVE background task TNG_MINUS_ONE_SYNC.
06-16 23:32:44.186 15309 15357 I MicroDetectionState: Should stop hotword detection immediately - false
06-16 23:32:44.191 15309 15333 E MDD     : DownloadProgressMonitor: Can't find file group for uri: android://com.google.android.googlequicksearchbox/files/sharedminusonemodule/shared/SharedMinusOneData.pb.tmp
06-16 23:32:44.195 15309 15357 I MicroDetectionWorker: #startMicroDetector [speakerMode: 0]
06-16 23:32:44.198 15309 15357 I AudioController: Created new AudioSource
06-16 23:32:44.202 15309 15332 I MicroDataManager: isInitializing-false locale not changed-true model not changed-true
06-16 23:32:44.204 15309 15332 I MicroDataManager: Already initialized, obtaining the hotword data immediately.
06-16 23:32:44.209 15309 15357 I TngMinusOneSync: Syncing TNG:-1
06-16 23:32:44.215 15309 21207 I MicroRecognitionRunner: Starting detection.
06-16 23:32:44.216 15309 21207 I InputStreamUtils: Using micInputStream
06-16 23:32:44.219 15309   817 I MicrophoneInputStream: mic_starting  SR : 16000 CC : 16 SO : 1999
06-16 23:32:44.224   788  1401 V msm8974_platform: platform_check_input_mask: enter check_input_mask source 6 mask 10
06-16 23:32:44.227  1012 12028 I AudioFlinger: AudioFlinger's thread 0xb24831c0 tid=12028 ready to run
06-16 23:32:44.234   788  1401 D audio_hw_primary: in_set_parameters: enter: kvpairs=input_source=6;routing=-2147483644
06-16 23:32:44.237  1012  1301 D APM_AudioPolicyManager: AudioPolicyManager::startInput() input 398518, session 398745, source = 1999
06-16 23:32:44.237 15309   817 I MicrophoneInputStream: mic_started  SR : 16000 CC : 16 SO : 1999
06-16 23:32:44.240   788 12029 V msm8974_platform: platform_update_usecase_from_source: input source :6
06-16 23:32:44.240   788 12029 V msm8974_platform: platform_check_input_mask: enter check_input_mask source 6 mask 10
06-16 23:32:44.240   788 12029 V msm8974_platform: platform_get_input_snd_device: enter: out_device(0) in_device(0x4) channel_count (1) channel_mask (0x10)
06-16 23:32:44.240   788 12029 V msm8974_platform: platform_get_input_snd_device: exit: in_snd_device(voice-rec-mic)
06-16 23:32:44.240   788 12029 V msm8974_platform: platform_get_backend_index:napb: backend port - 5 device - 120 
06-16 23:32:44.240   788 12029 V msm8974_platform: platform_check_and_set_capture_backend_cfg:txbecf: afe: bitwidth 0, samplerate 0, channel 1, backend_idx 5 usecase = 9 device (voice-rec-mic)
06-16 23:32:44.240   788 12029 V msm8974_platform: platform_check_capture_backend_cfg:txbecf: afe: Codec selected backend: 5 current bit width: 0 and sample rate: 0, channels 1
06-16 23:32:44.240   788 12029 V msm8974_platform: platform_check_capture_backend_cfg:txbecf: afe: Codec selected backend: 5 updated bit width: 0 and sample rate: 0
06-16 23:32:44.240   788 12029 I msm8974_platform: platform_check_capture_backend_cfg:txbecf: afe: Codec backend needs to be updated. new bit width: 0 new sample rate: 0 new channel: 1
06-16 23:32:44.240   788 12029 V msm8974_platform: platform_get_backend_index:napb: backend port - 5 device - 120 
06-16 23:32:44.240   788 12029 V msm8974_platform: platform_set_backend_cfg:becf: afe: bitwidth 0, samplerate 0 channels 1, backend_idx 5 device (voice-rec-mic)
06-16 23:32:44.241   788 12029 E msm8974_platform: platform_set_backend_cfg:becf: afe: Could not get ctl for mixer command - SLIM_0_TX Format
06-16 23:32:44.241   788 12029 V msm8974_platform: platform_send_audio_calibration: sending audio calibration for snd_device(120) acdb_id(62)
06-16 23:32:44.241   788 12029 D ACDB-LOADER: ACDB -> send_audio_cal, acdb_id = 62, path = 1, app id = 0x11130, sample rate = 48000
06-16 23:32:44.241   788 12029 D ACDB-LOADER: ACDB -> send_asm_topology
06-16 23:32:44.241   788 12029 D ACDB-LOADER: ACDB -> ACDB_CMD_GET_AUDPROC_STREAM_TOPOLOGY_ID
06-16 23:32:44.241   788 12029 D ACDB-LOADER: ACDB -> send_adm_topology
06-16 23:32:44.241   788 12029 D ACDB-LOADER: ACDB -> ACDB_CMD_GET_AUDPROC_COMMON_TOPOLOGY_ID
06-16 23:32:44.241   788 12029 D ACDB-LOADER: ACDB -> send_audtable
06-16 23:32:44.241   788 12029 D ACDB-LOADER: ACDB -> ACDB_CMD_GET_AUDPROC_COMMON_TABLE_SIZE
06-16 23:32:44.241   788 12029 D ACDB-LOADER: ACDB -> ACDB_CMD_GET_AUDPROC_COMMON_TABLE
06-16 23:32:44.241   788 12029 D ACDB-LOADER: ACDB -> AUDIO_SET_AUDPROC_CAL
06-16 23:32:44.241   788 12029 D ACDB-LOADER: ACDB -> send_audvoltable
06-16 23:32:44.241   788 12029 D ACDB-LOADER: ACDB -> ACDB_CMD_GET_AUDPROC_VOL_STEP_TABLE_SIZE
06-16 23:32:44.241   788 12029 D ACDB-LOADER: ACDB -> ACDB_CMD_GET_AUDPROC_GAIN_DEP_STEP_TABLE, vol index 0
06-16 23:32:44.241   788 12029 D         : Failed to fetch the lookup information of the device 0000003E 
06-16 23:32:44.241   788 12029 D ACDB-LOADER: ACDB -> AUDIO_SET_VOL_CAL cal type = 12
06-16 23:32:44.241   788 12029 D ACDB-LOADER: ACDB -> ACDB_CMD_GET_AUDPROC_STREAM_TABLE_SIZE
06-16 23:32:44.241   788 12029 D ACDB-LOADER: ACDB -> send_audstrmtable
06-16 23:32:44.241   788 12029 D ACDB-LOADER: ACDB -> ACDB_CMD_GET_AUDPROC_STREAM_TABLE_V2
06-16 23:32:44.241   788 12029 D ACDB-LOADER: ACDB -> audstrm_cal->cal_type.cal_data.cal_size = 456
06-16 23:32:44.241   788 12029 D ACDB-LOADER: ACDB -> send_afe_topology
06-16 23:32:44.241   788 12029 D ACDB-LOADER: ACDB -> ACDB_CMD_GET_AFE_TOPOLOGY_ID
06-16 23:32:44.241   788 12029 D ACDB-LOADER: ACDB -> GET_AFE_TOPOLOGY_ID for adcd_id 62, Topology Id 112fb
06-16 23:32:44.242   788 12029 D ACDB-LOADER: ACDB -> send_afe_cal
06-16 23:32:44.242   788 12029 D ACDB-LOADER: ACDB -> ACDB_CMD_GET_AFE_COMMON_TABLE_SIZE
06-16 23:32:44.242   788 12029 D         : Failed to fetch the lookup information of the device 0000003E 
06-16 23:32:44.242   788 12029 E ACDB-LOADER: Error: ACDB_CMD_GET_AFE_COMMON_TABLE_SIZE Returned = -19
06-16 23:32:44.242   788 12029 D ACDB-LOADER: ACDB -> ACDB_CMD_GET_AFE_COMMON_TABLE
06-16 23:32:44.242   788 12029 D         : Failed to fetch the lookup information of the device 0000003E 
06-16 23:32:44.242   788 12029 D ACDB-LOADER: ACDB -> AUDIO_SET_AFE_CAL
06-16 23:32:44.242   788 12029 D ACDB-LOADER: ACDB -> send_hw_delay : acdb_id = 62 path = 1
06-16 23:32:44.242   788 12029 D ACDB-LOADER: ACDB -> ACDB_AVSYNC_INFO: ACDB_CMD_GET_DEVICE_PROPERTY
06-16 23:32:44.242   788 12029 D audio_hw_primary: enable_snd_device: snd_device(120: voice-rec-mic)
06-16 23:32:44.242   788 12029 D audio_route: Apply path: voice-rec-mic
06-16 23:32:44.245   788 12029 V msm8974_platform: platform_get_snd_device_backend_index: enter with device 120
06-16 23:32:44.245   788 12029 E msm8974_platform: platform_get_snd_device_backend_index: BE DAI Name Table is not present
06-16 23:32:44.245   788 12029 V msm8974_platform: platform_get_backend_index:napb: backend port - 5 device - 120 
06-16 23:32:44.245   788 12029 I audio_hw_utils: Set Audio Stream Capture 0 App Type Cfg: app_type 69936, acdb_dev_id 62, sample_rate 48000, snd_device_be_idx -14
06-16 23:32:44.245   788 12029 D audio_hw_primary: enable_audio_route: usecase(9) apply and update mixer path: audio-record
06-16 23:32:44.245   788 12029 D audio_route: Apply path: audio-record
06-16 23:32:44.263  5625  5654 I PeriodicStatsRunner: PeriodicStatsRunner.call():180 call()
06-16 23:32:44.263  5625  5654 I PeriodicStatsRunner: PeriodicStatsRunner.call():184 No submit PeriodicStats since input started.
06-16 23:32:44.315 15309 15357 I MicroDetectionWorker: onReady
06-16 23:32:44.421 11840 11867 I chatty  : uid=11417(org.mozilla.fennec_aurora) expire 9 lines
06-16 23:32:44.459  1456  1471 D ConnectivityService: requestNetwork for uid/pid:11417/11840 NetworkRequest [ TRACK_DEFAULT id=68475, [ Capabilities: INTERNET&NOT_RESTRICTED&TRUSTED&NOT_VPN] ]
06-16 23:32:44.461  1456  2099 D Ethernet: got request NetworkRequest [ TRACK_DEFAULT id=68475, [ Capabilities: INTERNET&NOT_RESTRICTED&TRUSTED&NOT_VPN] ] with score 60
06-16 23:32:44.461  1456  2054 D WIFI_UT : got request NetworkRequest [ TRACK_DEFAULT id=68475, [ Capabilities: INTERNET&NOT_RESTRICTED&TRUSTED&NOT_VPN] ] with score 60
06-16 23:32:44.461  1456  2054 D WIFI    : got request NetworkRequest [ TRACK_DEFAULT id=68475, [ Capabilities: INTERNET&NOT_RESTRICTED&TRUSTED&NOT_VPN] ] with score 60
06-16 23:32:44.461  2398  2398 D PhoneSwitcherNetworkRequstListener: got request NetworkRequest [ TRACK_DEFAULT id=68475, [ Capabilities: INTERNET&NOT_RESTRICTED&TRUSTED&NOT_VPN] ] with score 60
06-16 23:32:44.473 11840 12034 I chatty  : uid=11417(org.mozilla.fennec_aurora) expire 5 lines
06-16 23:32:44.588  1456  7796 I OpenGLRenderer: Initialized EGL, version 1.4
06-16 23:32:44.588  1456  7796 D OpenGLRenderer: Swap behavior 2
06-16 23:32:44.632  1456  1893 D BatteryService: uevent={POWER_SUPPLY_VOLTAGE_NOW=4274267, POWER_SUPPLY_CHARGE_RATE=Normal, POWER_SUPPLY_HEALTH=Good, POWER_SUPPLY_CURRENT_NOW=311277, POWER_SUPPLY_PRESENT=1, SUBSYSTEM=power_supply, POWER_SUPPLY_TEMP=290, SEQNUM=590165, ACTION=change, POWER_SUPPLY_NAME=battery, POWER_SUPPLY_STATUS=Full, POWER_SUPPLY_CHARGE_COUNTER=2806223, POWER_SUPPLY_CAPACITY=100, DEVPATH=/devices/soc/qpnp-smbcharger-17/power_supply/battery}
06-16 23:32:44.635  2748  2917 W OpenGLRenderer: Incorrectly called buildLayer on View: ShortcutAndWidgetContainer, destroying layer...
06-16 23:32:44.638  2398  2398 D QtiCarrierConfigHelper: WARNING, no carrier configs on phone Id: 0
06-16 23:32:44.639 11840 11861 I chatty  : uid=11417(org.mozilla.fennec_aurora) expire 2 lines
06-16 23:32:44.646  1456  2067 D ConnectivityService: releasing NetworkRequest [ TRACK_DEFAULT id=68475, [ Capabilities: INTERNET&NOT_RESTRICTED&TRUSTED&NOT_VPN] ] (release request)
06-16 23:32:44.734 11840 11886 I chatty  : uid=11417(org.mozilla.fennec_aurora) expire 1 line
06-16 23:32:44.791  1456  2915 D ConnectivityService: requestNetwork for uid/pid:11417/11840 NetworkRequest [ TRACK_DEFAULT id=68476, [ Capabilities: INTERNET&NOT_RESTRICTED&TRUSTED&NOT_VPN] ]
06-16 23:32:44.793  1456  2099 D Ethernet: got request NetworkRequest [ TRACK_DEFAULT id=68476, [ Capabilities: INTERNET&NOT_RESTRICTED&TRUSTED&NOT_VPN] ] with score 60
06-16 23:32:44.793  1456  2054 D WIFI_UT : got request NetworkRequest [ TRACK_DEFAULT id=68476, [ Capabilities: INTERNET&NOT_RESTRICTED&TRUSTED&NOT_VPN] ] with score 60
06-16 23:32:44.793  1456  2054 D WIFI    : got request NetworkRequest [ TRACK_DEFAULT id=68476, [ Capabilities: INTERNET&NOT_RESTRICTED&TRUSTED&NOT_VPN] ] with score 60
06-16 23:32:44.793  2398  2398 D PhoneSwitcherNetworkRequstListener: got request NetworkRequest [ TRACK_DEFAULT id=68476, [ Capabilities: INTERNET&NOT_RESTRICTED&TRUSTED&NOT_VPN] ] with score 60
06-16 23:32:44.809 11840 12036 I chatty  : uid=11417(org.mozilla.fennec_aurora) expire 9 lines
06-16 23:32:44.818   808   898 I SFPerfTracer:      triggers: (rate: 0:10) (0 sw vsyncs) (0 skipped) (41:8450769 vsyncs) (43:16698935)
06-16 23:32:45.052  1456  1466 I zygote  : NativeAlloc concurrent copying GC freed 36384(2MB) AllocSpace objects, 19(636KB) LOS objects, 34% free, 46MB/70MB, paused 174us total 386.827ms
06-16 23:32:45.410  1456  2067 D ConnectivityService: releasing NetworkRequest [ TRACK_DEFAULT id=68476, [ Capabilities: INTERNET&NOT_RESTRICTED&TRUSTED&NOT_VPN] ] (release request)
06-16 23:32:49.118  5625  5654 I PeriodicStatsRunner: PeriodicStatsRunner.call():180 call()
06-16 23:32:49.118  5625  5654 I PeriodicStatsRunner: PeriodicStatsRunner.call():184 No submit PeriodicStats since input started.
06-16 23:32:49.202  1456  7556 I ActivityManager: Force stopping org.mozilla.fennec_aurora appid=11417 user=0: from pid 12040
06-16 23:32:49.202  1456  7556 I ActivityManager: Killing 11840:org.mozilla.fennec_aurora/u0a1417 (adj 700): stop org.mozilla.fennec_aurora
06-16 23:32:49.204  1456  1605 W zygote  : kill(-11840, 9) failed: No such process
06-16 23:32:49.205 11917 11917 I chatty  : uid=11417(org.mozilla.fennec_aurora) expire 1 line
06-16 23:32:49.206  1456  7556 W ActivityManager: Force removing ActivityRecord{2b29deb u0 org.mozilla.fennec_aurora/org.mozilla.fenix.HomeActivity t84806}: app died, no saved state
06-16 23:32:49.217  1456  7556 I ActivityManager: Killing 11917:org.mozilla.fennec_aurora:tab0/u0a1417 (adj 0): stop org.mozilla.fennec_aurora
06-16 23:32:49.220  1456  1605 W zygote  : kill(-11840, 9) failed: No such process
06-16 23:32:49.229  2398  2398 D CarrierSvcBindHelper: No carrier app for: 0
06-16 23:32:49.230  2398  2398 D CarrierSvcBindHelper: No carrier app for: 1
06-16 23:32:49.233  1456  1605 W zygote  : kill(-11840, 9) failed: No such process
06-16 23:32:49.278  1456  1605 I chatty  : uid=1000(system) ActivityManager identical 3 lines
06-16 23:32:49.279  1456  1673 W ActivityManager: setHasOverlayUi called on unknown pid: 11840
