01-29 22:02:23.728 13783 13783 D GeckoNetworkManager: New network state: UP, WIFI, WIFI
01-29 22:02:23.729 13783 13783 D GeckoNetworkManager: Incoming event receivedUpdate for state OnWithListeners -> OnWithListeners
01-29 22:02:23.730 13783 13783 D GeckoNetworkManager: New network state: UP, WIFI, WIFI
01-29 22:02:23.750 13783 13817 W GeckoEventDispatcher: No listener for GeckoView:AccessibilityEnabled
01-29 22:02:23.751 13783 13817 W GeckoLinker: /data/app/org.mozilla.fenix.nightly-_oGj7jfSVHzsa1FF8gCKDg==/lib/arm/libsoftokn3.so: unhandled flags #8 not handled
01-29 22:02:23.752 13783 13817 W GeckoLinker: /data/app/org.mozilla.fenix.nightly-_oGj7jfSVHzsa1FF8gCKDg==/lib/arm/libsoftokn3.so: Relocation to NULL @0x0002dffc for symbol "__cxa_type_match"
01-29 22:02:23.753 13783 13817 W GeckoLinker: /data/app/org.mozilla.fenix.nightly-_oGj7jfSVHzsa1FF8gCKDg==/lib/arm/libfreebl3.so: unhandled flags #8 not handled
01-29 22:02:23.753 13783 13817 W GeckoLinker: /data/app/org.mozilla.fenix.nightly-_oGj7jfSVHzsa1FF8gCKDg==/lib/arm/libfreebl3.so: Relocation to NULL @0x0004fffc for symbol "__cxa_type_match"
01-29 22:02:23.784 13783 13931 W GeckoLinker: /data/app/org.mozilla.fenix.nightly-_oGj7jfSVHzsa1FF8gCKDg==/lib/arm/libnssckbi.so: unhandled flags #8 not handled
01-29 22:02:23.784 13783 13931 W GeckoLinker: /data/app/org.mozilla.fenix.nightly-_oGj7jfSVHzsa1FF8gCKDg==/lib/arm/libnssckbi.so: Relocation to NULL @0x00055ffc for symbol "__cxa_type_match"
01-29 22:02:23.906 13783 13817 W ResourceType: Too many attribute references, stopped at: 0x01010099
01-29 22:02:24.150 13883 13916 D GeckoThread: State changed to MOZGLUE_READY
01-29 22:02:24.157 13883 13916 W Settings: Setting animator_duration_scale has moved from android.provider.Settings.System to android.provider.Settings.Global, returning read-only global URI.
01-29 22:02:24.159 13883 13916 E GeckoLibLoad: Load sqlite start
01-29 22:02:24.177 13883 13916 W GeckoLinker: /data/app/org.mozilla.fenix.nightly-_oGj7jfSVHzsa1FF8gCKDg==/lib/arm/libnss3.so: unhandled flags #8 not handled
01-29 22:02:24.181 13883 13916 W GeckoLinker: /data/app/org.mozilla.fenix.nightly-_oGj7jfSVHzsa1FF8gCKDg==/lib/arm/libnss3.so: Relocation to NULL @0x001c7ffc for symbol "__cxa_type_match"
01-29 22:02:24.182 13883 13916 E GeckoLibLoad: Load sqlite done
01-29 22:02:24.182 13883 13916 E GeckoLibLoad: Load nss start
01-29 22:02:24.182 13883 13916 E GeckoLibLoad: Load nss done
01-29 22:02:24.182 13883 13916 W GeckoLinker: /data/app/org.mozilla.fenix.nightly-_oGj7jfSVHzsa1FF8gCKDg==/lib/arm/libxul.so: unhandled flags #8 not handled
01-29 22:02:24.182 13883 13916 W GeckoLinker: /data/app/org.mozilla.fenix.nightly-_oGj7jfSVHzsa1FF8gCKDg==/lib/arm/liblgpllibs.so: unhandled flags #8 not handled
01-29 22:02:24.189 13783 13817 I GeckoSession: zerdatime 12881432863 - chrome startup finished
01-29 22:02:24.214 13883 13916 E GeckoLibLoad: Loaded libs in 31.550368ms total, 23ms(30ms) user, 3ms(3ms) system, 0(0) faults
01-29 22:02:24.214 13883 13916 D GeckoThread: State changed to LIBS_READY
01-29 22:02:24.214 13883 13916 W GeckoThread: zerdatime 12881432888 - runGecko
01-29 22:02:24.711 13783 13783 D App     : Installed browser-icons extension
01-29 22:02:24.712 13783 13783 D mozac-webextensions: Installed extension: mozacWebchannel
01-29 22:02:24.713 13783 13783 D mozac-webextensions: Installed extension: mozacReaderview
01-29 22:02:24.716 13883 13916 D GeckoThread: State changed to RUNNING
01-29 22:02:24.772 13883 13916 W ResourceType: Too many attribute references, stopped at: 0x01010099
01-29 22:02:24.848 13783 13783 D GeckoSession: handleMessage GeckoView:PageStart uri=about:blank
01-29 22:02:24.883 13783 13783 D GeckoSession: handleMessage GeckoView:LocationChange uri=about:blank
01-29 22:02:24.884 13783 13783 D GeckoSession: handleMessage GeckoView:PageStop uri=null
01-29 22:02:24.891 13783 13783 I SessionStorage/AutoSave: Save: Load finished
01-29 22:02:24.902 13783 13845 D SessionStorage/AutoSave: Saved state to disk [10ms]
01-29 22:02:24.916 13783 13783 D GeckoSession: handleMessage GeckoView:OnLoadRequest uri=about:blank
01-29 22:02:24.933 13783 13783 D GeckoSession: handleMessage GeckoView:OnLoadRequest uri=about:blank
01-29 22:02:24.935 13783 13817 D GeckoScreenOrientation: unlocking
01-29 22:02:24.975 13783 13783 D mozac-webcompat: Installed WebCompat webextension: webcompat@mozilla.com
01-29 22:02:24.987 13783 13783 D GeckoSession: handleMessage GeckoView:PageStart uri=about:blank
01-29 22:02:25.010 13783 13783 D GeckoSession: handleMessage GeckoView:PageStop uri=null
01-29 22:02:25.016 13783 13783 I SessionStorage/AutoSave: Save: Load finished
01-29 22:02:25.016 13783 13845 D SessionStorage/AutoSave: Delaying save (1876ms)
01-29 22:02:25.037 13783 13783 D GeckoSession: handleMessage GeckoView:PageStart uri=about:blank
01-29 22:02:25.060 13783 13783 D GeckoSession: handleMessage GeckoView:SecurityChanged uri=null
01-29 22:02:25.117 13783 13783 D GeckoSession: handleMessage GeckoView:PageStop uri=null
01-29 22:02:25.127 13783 13783 I SessionStorage/AutoSave: Save: Load finished
01-29 22:02:25.127 13783 13783 D SessionStorage/AutoSave: Skipping save, other job already in flight
01-29 22:02:25.851 13783 13783 D GeckoSession: handleMessage GeckoView:StateUpdated uri=null
01-29 22:02:25.851 13783 13783 W GeckoSession: No history entries found.
01-29 22:02:25.879  1456  7570 W ActivityManager: Background start not allowed: service Intent { cmp=com.google.android.apps.messaging/.shared.datamodel.action.execution.ActionExecutorImpl$EmptyService } to com.google.android.apps.messaging/.shared.datamodel.action.execution.ActionExecutorImpl$EmptyService from pid=13655 uid=10110 pkg=com.google.android.apps.messaging
01-29 22:02:25.881 13655 13655 W BugleDataModel: ActionExecutorImpl: Action started execution, but we can't guarantee it will complete, the app may be killed. Action: class com.google.android.apps.messaging.shared.datamodel.action.GenericWorkerQueueAction-GenericWorkerQueueAction:12881422964008
01-29 22:02:25.881 13655 13655 W BugleDataModel: java.lang.IllegalStateException: Not allowed to start service Intent { cmp=com.google.android.apps.messaging/.shared.datamodel.action.execution.ActionExecutorImpl$EmptyService }: app is in background uid UidRecord{a0cdc8d u0a110 CEM  idle change:cached procs:1 seq(0,0,0)}
01-29 22:02:25.881 13655 13655 W BugleDataModel: 	at android.app.ContextImpl.startServiceCommon(ContextImpl.java:1536)
01-29 22:02:25.881 13655 13655 W BugleDataModel: 	at android.app.ContextImpl.startService(ContextImpl.java:1492)
01-29 22:02:25.881 13655 13655 W BugleDataModel: 	at android.content.ContextWrapper.startService(ContextWrapper.java:650)
01-29 22:02:25.881 13655 13655 W BugleDataModel: 	at com.google.android.apps.messaging.shared.datamodel.action.execution.ActionExecutorImpl.a(PG:94)
01-29 22:02:25.881 13655 13655 W BugleDataModel: 	at com.google.android.apps.messaging.shared.datamodel.action.execution.ActionExecutorImpl.a(PG:89)
01-29 22:02:25.881 13655 13655 W BugleDataModel: 	at fib.c(PG:113)
01-29 22:02:25.881 13655 13655 W BugleDataModel: 	at fhy.run(PG:1)
01-29 22:02:25.881 13655 13655 W BugleDataModel: 	at zit.run(PG:3)
01-29 22:02:25.881 13655 13655 W BugleDataModel: 	at android.os.Handler.handleCallback(Handler.java:790)
01-29 22:02:25.881 13655 13655 W BugleDataModel: 	at android.os.Handler.dispatchMessage(Handler.java:99)
01-29 22:02:25.881 13655 13655 W BugleDataModel: 	at android.os.Looper.loop(Looper.java:164)
01-29 22:02:25.881 13655 13655 W BugleDataModel: 	at android.app.ActivityThread.main(ActivityThread.java:6626)
01-29 22:02:25.881 13655 13655 W BugleDataModel: 	at java.lang.reflect.Method.invoke(Native Method)
01-29 22:02:25.881 13655 13655 W BugleDataModel: 	at com.android.internal.os.RuntimeInit$MethodAndArgsCaller.run(RuntimeInit.java:438)
01-29 22:02:25.881 13655 13655 W BugleDataModel: 	at com.android.internal.os.ZygoteInit.main(ZygoteInit.java:811)
01-29 22:02:26.909 13783 13845 D SessionStorage/AutoSave: Saved state to disk [15ms]
01-29 22:02:26.947  1456  1600 W ResourceType: No known package when getting value for resource number 0x7f0801a1
01-29 22:02:26.947  1456  1600 W ResourceType: No known package when getting value for resource number 0x7f120106
01-29 22:02:26.947  1456  1600 W ResourceType: No known package when getting value for resource number 0x7f120106
01-29 22:02:26.947  1456  1600 W ResourceType: No known package when getting value for resource number 0x7f08019f
01-29 22:02:26.947  1456  1600 W ResourceType: No known package when getting value for resource number 0x7f120105
01-29 22:02:26.947  1456  1600 W ResourceType: No known package when getting value for resource number 0x7f120105
01-29 22:02:26.948  2360  2360 D MayaFrameworkProxyService: receive intent :Intent { act=android.intent.action.PACKAGE_CHANGED dat=package:org.mozilla.fenix.nightly flg=0x45000010 (has extras) }
01-29 22:02:26.972  1456  1942 I InputReader: Reconfiguring input devices.  changes=0x00000010
01-29 22:02:26.973  1456  1456 W ResourceType: ResTable_typeSpec entry count inconsistent: given 665, previously 671
01-29 22:02:26.973  1456  1456 W ResourceType: ResTable_typeSpec entry count inconsistent: given 394, previously 1458
01-29 22:02:26.973  1456  1456 W ResourceType: ResTable_typeSpec entry count inconsistent: given 217, previously 1293
01-29 22:02:26.992  2398  2398 D CarrierSvcBindHelper: No carrier app for: 0
01-29 22:02:26.993  2398  2398 D CarrierSvcBindHelper: No carrier app for: 1
01-29 22:02:27.001  2398  2398 E VvmPkgInstalledRcvr: cannot create TelephonyManager from ComponentInfo{com.android.phone/com.android.services.telephony.TelephonyConnectionService}, [****], UserHandle{0}
01-29 22:02:27.002  2398  2398 D ImsResolver: maybeAddedImsService, packageName: org.mozilla.fenix.nightly
01-29 22:02:27.013  1456  1600 W ResourceType: ResTable_typeSpec entry count inconsistent: given 29, previously 34
01-29 22:02:27.017  1456  1600 W ResourceType: ResTable_typeSpec entry count inconsistent: given 2172, previously 2169
01-29 22:02:27.017  1456  1600 W ResourceType: ResTable_typeSpec entry count inconsistent: given 272, previously 1536
01-29 22:02:27.039  1456  1600 W ResourceType: Found multiple library tables, ignoring...
01-29 22:02:27.040  1456  1456 W ResourceType: Found multiple library tables, ignoring...
01-29 22:02:27.085  1456  1456 I TelecomService: DefaultDialerCache: Refreshing default dialer for user 0: now com.android.dialer: DDC.oR@6TQ
01-29 22:02:27.123 13975 14049 I Icing   : IndexChimeraService.getServiceInterface callingPackage=com.google.android.gms componentName=AppsCorpus serviceId=36
01-29 22:02:27.134 13975  4169 W Icing   : No valid account for uploading user actions
01-29 22:02:27.142 14040 14040 D AndroidRuntime: >>>>>> START com.android.internal.os.RuntimeInit uid 2000 <<<<<<
01-29 22:02:27.155 14040 14040 W app_process: Could not reserve sentinel fault page
01-29 22:02:27.204 13975  4169 I Icing   : Usage reports ok 1, Failed Usage reports 0, indexed 0, rejected 0
01-29 22:02:27.207 13975  4169 I Icing   : Indexing com.google.android.gms-internal.3p:MobileApplication from com.google.android.gms using seqno 2511
01-29 22:02:27.338 14040 14040 I app_process: The ClassLoaderContext is a special shared library.
01-29 22:02:27.408 14040 14040 D AndroidRuntime: Calling main entry com.android.commands.input.Input
01-29 22:02:27.410 14040 14040 I Input   : injectKeyEvent: KeyEvent { action=ACTION_DOWN, keyCode=KEYCODE_HOME, scanCode=0, metaState=0, flags=0x0, repeatCount=0, eventTime=12773873824, downTime=12773873824, deviceId=-1, source=0x101 }
01-29 22:02:27.421 14040 14040 I Input   : injectKeyEvent: KeyEvent { action=ACTION_UP, keyCode=KEYCODE_HOME, scanCode=0, metaState=0, flags=0x0, repeatCount=0, eventTime=12773873824, downTime=12773873824, deviceId=-1, source=0x101 }
01-29 22:02:27.427  1456  1941 I ActivityManager: START u0 {act=android.intent.action.MAIN cat=[android.intent.category.HOME] flg=0x10200000 cmp=com.android.launcher3/.CustomizationPanelLauncher (has extras)} from uid 1000
01-29 22:02:27.428   794   839 E ANDR-PERF-RESOURCEQS: Failed to apply optimization [4, 0]
01-29 22:02:27.440  1456  1941 I ActivityManager: moveHomeStack, setupComplete:true
01-29 22:02:27.447  7351 10632 I Adreno  : QUALCOMM build                   : bb5b86c, I77d3059488
01-29 22:02:27.447  7351 10632 I Adreno  : Build Date                       : 06/07/18
01-29 22:02:27.447  7351 10632 I Adreno  : OpenGL ES Shader Compiler Version: EV031.22.00.01_06
01-29 22:02:27.447  7351 10632 I Adreno  : Local Branch                     : 
01-29 22:02:27.447  7351 10632 I Adreno  : Remote Branch                    : refs/tags/AU_LINUX_ANDROID_LA.UM.6.5.R1.08.01.00.312.086
01-29 22:02:27.447  7351 10632 I Adreno  : Remote Branch                    : NONE
01-29 22:02:27.447  7351 10632 I Adreno  : Reconstruct Branch               : NOTHING
01-29 22:02:27.450  7351 10632 D vndksupport: Loading /vendor/lib/hw/gralloc.msm8937.so from current namespace instead of sphal namespace.
01-29 22:02:27.451 14040 14040 D AndroidRuntime: Shutting down VM
01-29 22:02:27.453  7351 10632 I Adreno  : PFP: 0x005ff087, ME: 0x005ff063
01-29 22:02:27.457  7351 10632 I zygote  : android::hardware::configstore::V1_0::ISurfaceFlingerConfigs::hasWideColorDisplay retrieved: 0
01-29 22:02:27.460 13783 13783 I zygote  : Deoptimizing kotlin.coroutines.CoroutineContext$Element kotlin.coroutines.CombinedContext.get(kotlin.coroutines.CoroutineContext$Key) due to JIT inline cache
01-29 22:02:27.460 13783 13783 I zygote  : Deoptimizing kotlin.coroutines.CoroutineContext$Element kotlin.coroutines.CoroutineContext$Element$DefaultImpls.get(kotlin.coroutines.CoroutineContext$Element, kotlin.coroutines.CoroutineContext$Key) due to JIT inline cache
01-29 22:02:27.461  7351 10632 I OpenGLRenderer: Initialized EGL, version 1.4
01-29 22:02:27.462  7351 10632 D OpenGLRenderer: Swap behavior 2
01-29 22:02:27.464  2748  2748 D Launcher.Utilities: Wakeup weather: Intent { act=com.motorola.launcher3.action.WAKEUP_WEATHER cmp=com.motorola.timeweatherwidget/com.motorola.commandcenter.weather.WakeUpService }
01-29 22:02:27.481  1456  1456 I NotificationService: Cannot find enqueued record for key: 0|com.motorola.timeweatherwidget|1|null|10116
01-29 22:02:27.488   808   808 D SurfaceFlinger: duplicate layer name: changing com.android.launcher3/com.android.launcher3.CustomizationPanelLauncher to com.android.launcher3/com.android.launcher3.CustomizationPanelLauncher#1
01-29 22:02:27.497  7351  7406 W ThreadPoolDumper: Queue length for executor EventBus is now 11. Perhaps some tasks are too long, or the pool is too small.
01-29 22:02:27.499  1456  3927 I WifiService: getWifiEnabledState uid=10073
01-29 22:02:27.508  1456  2920 I WifiService: getWifiEnabledState uid=10073
01-29 22:02:27.530 13783 13783 D GeckoSession: handleMessage GeckoView:StateUpdated uri=null
01-29 22:02:27.583  1456  1673 I LaunchCheckinHandler: Displayed com.android.launcher3/.CustomizationPanelLauncher,wp,wa,155
01-29 22:02:27.585 12500 12500 I Finsky  : [2] pow.onTrimMemory(1): Memory trim requested to level 80
01-29 22:02:27.723  2146  2165 I zygote  : NativeAlloc concurrent copying GC freed 22871(1176KB) AllocSpace objects, 0(0B) LOS objects, 49% free, 9MB/19MB, paused 113us total 126.192ms
01-29 22:02:27.990  1456  7796 I OpenGLRenderer: Initialized EGL, version 1.4
01-29 22:02:27.990  1456  7796 D OpenGLRenderer: Swap behavior 2
01-29 22:02:28.037  2748  2917 W OpenGLRenderer: Incorrectly called buildLayer on View: ShortcutAndWidgetContainer, destroying layer...
01-29 22:02:28.053   808   898 I SFPerfTracer:      triggers: (rate: 0:0) (0 sw vsyncs) (0 skipped) (33:3336452 vsyncs) (35:5964784)
01-29 22:02:28.132 13783 13783 D GeckoRuntime: Lifecycle: onPause
01-29 22:02:28.132 13783 13783 D GeckoNetworkManager: Incoming event stop for state OnWithListeners -> OffWithListeners
01-29 22:02:28.133 13783 13783 I SessionStorage/AutoSave: Save: Background
01-29 22:02:28.142 13783 13807 I libglean_ffi: glean_core::ping: Collecting baseline
01-29 22:02:28.145 13783 13845 D SessionStorage/AutoSave: Saved state to disk [10ms]
01-29 22:02:28.148 13783 13807 D libglean_ffi: glean_core::ping: Storing ping '412afb85-b536-4572-9f76-17ddd8c6d568' at '/data/user/0/org.mozilla.fenix.nightly/glean_data/pending_pings/412afb85-b536-4572-9f76-17ddd8c6d568'
01-29 22:02:28.148 13783 13807 I libglean_ffi: glean_core: The ping 'baseline' was submitted and will be sent as soon as possible
01-29 22:02:28.148 13783 13807 I libglean_ffi: glean_core::ping: Collecting events
01-29 22:02:28.152 13783 13807 D libglean_ffi: glean_core::ping: Storing ping '33e098ac-5be3-4a57-b2c0-de89f7d301bb' at '/data/user/0/org.mozilla.fenix.nightly/glean_data/pending_pings/33e098ac-5be3-4a57-b2c0-de89f7d301bb'
01-29 22:02:28.153 13783 13807 I libglean_ffi: glean_core: The ping 'events' was submitted and will be sent as soon as possible
01-29 22:02:28.192  1456  2920 D ConnectivityService: requestNetwork for uid/pid:10804/13783 NetworkRequest [ TRACK_DEFAULT id=23198, [ Capabilities: INTERNET&NOT_RESTRICTED&TRUSTED&NOT_VPN] ]
01-29 22:02:28.194  1456  2099 D Ethernet: got request NetworkRequest [ TRACK_DEFAULT id=23198, [ Capabilities: INTERNET&NOT_RESTRICTED&TRUSTED&NOT_VPN] ] with score 60
01-29 22:02:28.194  1456  2054 D WIFI_UT : got request NetworkRequest [ TRACK_DEFAULT id=23198, [ Capabilities: INTERNET&NOT_RESTRICTED&TRUSTED&NOT_VPN] ] with score 60
01-29 22:02:28.194  2398  2398 D PhoneSwitcherNetworkRequstListener: got request NetworkRequest [ TRACK_DEFAULT id=23198, [ Capabilities: INTERNET&NOT_RESTRICTED&TRUSTED&NOT_VPN] ] with score 60
01-29 22:02:28.194  1456  2054 D WIFI    : got request NetworkRequest [ TRACK_DEFAULT id=23198, [ Capabilities: INTERNET&NOT_RESTRICTED&TRUSTED&NOT_VPN] ] with score 60
01-29 22:02:28.207 13783 14072 D glean/PingUploadWorker: Processing persisted pings at /data/user/0/org.mozilla.fenix.nightly/glean_data/pending_pings
01-29 22:02:28.208 13783 14072 D glean/PingUploadWorker: Processing ping: 412afb85-b536-4572-9f76-17ddd8c6d568
01-29 22:02:28.208 13975  4169 I Icing   : Indexing com.google.android.gms-apps from com.google.android.gms
01-29 22:02:28.211 13783 14072 D glean/ConceptFetchHttpUploader: Submitting ping to: https://incoming.telemetry.mozilla.org/submit/org-mozilla-fenix-nightly/baseline/1/412afb85-b536-4572-9f76-17ddd8c6d568
01-29 22:02:28.267 13975  4169 I Icing   : Indexing done com.google.android.gms-apps
01-29 22:02:28.307  1456  1466 I zygote  : NativeAlloc concurrent copying GC freed 40912(2MB) AllocSpace objects, 30(1304KB) LOS objects, 40% free, 35MB/59MB, paused 204us total 317.105ms
01-29 22:02:28.488 13783 14072 D glean/ConceptFetchHttpUploader: Ping successfully sent (200)
01-29 22:02:28.488 13783 14072 D glean/PingUploadWorker: 412afb85-b536-4572-9f76-17ddd8c6d568 was deleted: true
01-29 22:02:28.489 13783 14072 D glean/PingUploadWorker: Processing ping: 33e098ac-5be3-4a57-b2c0-de89f7d301bb
01-29 22:02:28.490 13783 14072 D glean/ConceptFetchHttpUploader: Submitting ping to: https://incoming.telemetry.mozilla.org/submit/org-mozilla-fenix-nightly/events/1/33e098ac-5be3-4a57-b2c0-de89f7d301bb
01-29 22:02:28.620 13783 14072 D glean/ConceptFetchHttpUploader: Ping successfully sent (200)
01-29 22:02:28.621 13783 14072 D glean/PingUploadWorker: 33e098ac-5be3-4a57-b2c0-de89f7d301bb was deleted: true
01-29 22:02:28.622 13783 13804 I WM-WorkerWrapper: Worker result SUCCESS for Work [ id=1ab53857-e369-4da1-b89b-14574737d783, tags={ mozilla.telemetry.glean.scheduler.PingUploadWorker, mozac_service_glean_ping_upload_worker } ]
01-29 22:02:28.626  1456  2067 D ConnectivityService: releasing NetworkRequest [ TRACK_DEFAULT id=23198, [ Capabilities: INTERNET&NOT_RESTRICTED&TRUSTED&NOT_VPN] ] (release request)
01-29 22:02:32.609  1456  2920 I ActivityManager: Force stopping org.mozilla.fenix.nightly appid=10804 user=0: from pid 14077
01-29 22:02:32.609  1456  2920 I ActivityManager: Killing 13783:org.mozilla.fenix.nightly/u0a804 (adj 700): stop org.mozilla.fenix.nightly
01-29 22:02:32.611  1456  1605 W zygote  : kill(-13783, 9) failed: No such process
01-29 22:02:32.613 13900 13900 I ServiceChildProcess: Service has been unbound. Stopping.
01-29 22:02:32.613 13883 13883 I ServiceChildProcess: Service has been unbound. Stopping.
01-29 22:02:32.613  1456  2920 W ActivityManager: Force removing ActivityRecord{2f01807 u0 org.mozilla.fenix.nightly/org.mozilla.fenix.HomeActivity t21291}: app died, no saved state
01-29 22:02:32.621  1456  2920 I ActivityManager: Killing 13900:org.mozilla.fenix.nightly:socket/u0a804 (adj 0): stop org.mozilla.fenix.nightly
01-29 22:02:32.624  1456  2920 I ActivityManager: Killing 13883:org.mozilla.fenix.nightly:tab/u0a804 (adj 0): stop org.mozilla.fenix.nightly
01-29 22:02:32.627  1456  1605 W zygote  : kill(-13783, 9) failed: No such process
01-29 22:02:32.641  1456  1605 W zygote  : kill(-13783, 9) failed: No such process
01-29 22:02:32.643  2398  2398 D CarrierSvcBindHelper: No carrier app for: 0
01-29 22:02:32.643  2398  2398 D CarrierSvcBindHelper: No carrier app for: 1
01-29 22:02:32.658  1456  1605 W zygote  : kill(-13783, 9) failed: No such process
01-29 22:02:32.687  1456  1605 I chatty  : uid=1000(system) ActivityManager identical 2 lines
01-29 22:02:32.690  1456  1673 W ActivityManager: setHasOverlayUi called on unknown pid: 13783
01-29 22:02:32.703  1456  1605 W zygote  : kill(-13783, 9) failed: No such process
01-29 22:02:32.703  1456  1605 I zygote  : Successfully killed process cgroup uid 10804 pid 13783 in 92ms
01-29 22:02:32.703  1456  1605 W zygote  : kill(-13900, 9) failed: No such process
01-29 22:02:32.703  1456  1605 I zygote  : Successfully killed process cgroup uid 10804 pid 13900 in 0ms
01-29 22:02:32.704  1456  1605 W zygote  : kill(-13883, 9) failed: No such process
01-29 22:02:32.704  1456  1605 I zygote  : Successfully killed process cgroup uid 10804 pid 13883 in 0ms
01-29 22:02:32.733  1456  4829 I ActivityManager: START u0 {act=android.intent.action.VIEW dat=about:blank typ=text/html flg=0x10000000 cmp=org.mozilla.fenix.nightly/org.mozilla.fenix.IntentReceiverActivity} from uid 2000
01-29 22:02:32.734   794   839 E ANDR-PERF-RESOURCEQS: Failed to apply optimization [4, 0]
01-29 22:02:32.753  1456  2916 I ActivityManager: Start proc 14085:org.mozilla.fenix.nightly/u0a804 for activity org.mozilla.fenix.nightly/org.mozilla.fenix.IntentReceiverActivity
01-29 22:02:32.886 14085 14085 D FirebaseApp: com.google.firebase.auth.FirebaseAuth is not linked. Skipping initialization.
01-29 22:02:32.887 14085 14085 D FirebaseApp: com.google.firebase.crash.FirebaseCrash is not linked. Skipping initialization.
01-29 22:02:32.887 14085 14085 I FirebaseInitProvider: FirebaseApp initialization successful
01-29 22:02:32.941 14085 14103 I FA      : Collection disabled with firebase_analytics_collection_enabled=0
01-29 22:02:32.941 14085 14103 I FA      : App measurement is starting up, version: 12780
01-29 22:02:32.941 14085 14103 I FA      : To enable debug logging run: adb shell setprop log.tag.FA VERBOSE
01-29 22:02:32.942 14085 14103 I FA      : To enable faster debug mode event logging run:
01-29 22:02:32.942 14085 14103 I FA      :   adb shell setprop debug.firebase.analytics.app org.mozilla.fenix.nightly
01-29 22:02:32.947 14085 14085 D FenixApplication: Initializing Glean (uploadEnabled=true, isFennec=false)
01-29 22:02:32.963 14085 14085 D libglean_ffi: glean_ffi: Android logging should be hooked up!
01-29 22:02:32.965 14085 14085 I glean/Glean: Registering pings for mozilla.telemetry.glean.GleanMetrics.Pings
01-29 22:02:32.970 14085 14085 I libglean_ffi: glean_core: Creating new Glean
01-29 22:02:32.970 14085 14085 D libglean_ffi: glean_core::database: Database path: "/data/user/0/org.mozilla.fenix.nightly/glean_data/db"
01-29 22:02:32.971 14085 14085 I libglean_ffi: glean_core::database: Database initialized
01-29 22:02:32.971 14085 14085 I libglean_ffi: glean_ffi: Glean initialized
01-29 22:02:32.994 14085 14085 D glean/MetricsPingSched: The 'metrics' ping was last sent on Wed Jan 29 00:00:00 EST 2020
01-29 22:02:32.995 14085 14085 I glean/MetricsPingSched: The 'metrics' ping was already sent today, Wed Jan 29 22:02:32 EST 2020.
01-29 22:02:32.995 14085 14085 D glean/MetricsPingSched: Scheduling the 'metrics' ping in 21447024ms
01-29 22:02:32.997 14085 14111 D libglean_ffi: glean_core: Clearing Lifetime::Application metrics
01-29 22:02:33.029 14085 14085 I glean/Dispatchers: Initial tasks queue completed successfully
01-29 22:02:33.035 14085 14115 D RustNativeSupport: findMegazordLibraryName(viaduct, 0.48.3
01-29 22:02:33.035 14085 14115 D RustNativeSupport: lib in use: none
01-29 22:02:33.035 14085 14115 D RustNativeSupport: lib configured: fenix
01-29 22:02:33.035 14085 14115 D RustNativeSupport: lib version configured: 0.48.3
01-29 22:02:33.035 14085 14115 D RustNativeSupport: settled on fenix
01-29 22:02:33.048 14085 14090 I zygote  : Do partial code cache collection, code=17KB, data=16KB
01-29 22:02:33.049 14085 14090 I zygote  : After code cache collection, code=17KB, data=16KB
01-29 22:02:33.049 14085 14090 I zygote  : Increasing code cache capacity to 128KB
01-29 22:02:33.052 14085 14115 D RustNativeSupport: findMegazordLibraryName(rustlog, 0.48.3
01-29 22:02:33.052 14085 14115 D RustNativeSupport: lib in use: none
01-29 22:02:33.052 14085 14115 D RustNativeSupport: lib configured: fenix
01-29 22:02:33.052 14085 14115 D RustNativeSupport: lib version configured: 0.48.3
01-29 22:02:33.052 14085 14115 D RustNativeSupport: settled on fenix
01-29 22:02:33.055 14085 14115 I rc_log_ffi::ios: rc_log adapter initialized!
01-29 22:02:33.088 14085 14085 D GeckoThread: State changed to LAUNCHED
01-29 22:02:33.089 14085 14122 I GeckoThread: preparing to run Gecko
01-29 22:02:33.095 14085 14085 D GeckoRuntime: Lifecycle: onCreate
01-29 22:02:33.096 14085 14122 D GeckoThread: State changed to MOZGLUE_READY
01-29 22:02:33.107 14085 14122 W Settings: Setting animator_duration_scale has moved from android.provider.Settings.System to android.provider.Settings.Global, returning read-only global URI.
01-29 22:02:33.107 14085 14085 I zygote  : Deoptimizing java.lang.Object androidx.collection.SimpleArrayMap.put(java.lang.Object, java.lang.Object) due to JIT inline cache
01-29 22:02:33.109 14085 14122 E GeckoLibLoad: Load sqlite start
01-29 22:02:33.109 14085 14085 D GleanMetricsService: Enabling Glean.
01-29 22:02:33.128 14085 14122 W GeckoLinker: /data/app/org.mozilla.fenix.nightly-_oGj7jfSVHzsa1FF8gCKDg==/lib/arm/libnss3.so: unhandled flags #8 not handled
01-29 22:02:33.131 14085 14111 I libglean_ffi: glean_core: Upload enabled: true
01-29 22:02:33.134 14085 14122 W GeckoLinker: /data/app/org.mozilla.fenix.nightly-_oGj7jfSVHzsa1FF8gCKDg==/lib/arm/libnss3.so: Relocation to NULL @0x001c7ffc for symbol "__cxa_type_match"
01-29 22:02:33.135 14085 14122 E GeckoLibLoad: Load sqlite done
01-29 22:02:33.135 14085 14122 E GeckoLibLoad: Load nss start
01-29 22:02:33.135 14085 14122 E GeckoLibLoad: Load nss done
01-29 22:02:33.135 14085 14122 W GeckoLinker: /data/app/org.mozilla.fenix.nightly-_oGj7jfSVHzsa1FF8gCKDg==/lib/arm/libxul.so: unhandled flags #8 not handled
01-29 22:02:33.136 14085 14122 W GeckoLinker: /data/app/org.mozilla.fenix.nightly-_oGj7jfSVHzsa1FF8gCKDg==/lib/arm/liblgpllibs.so: unhandled flags #8 not handled
01-29 22:02:33.168 14085 14122 E GeckoLibLoad: Loaded libs in 33.111982ms total, 20ms(66ms) user, 10ms(13ms) system, 0(0) faults
01-29 22:02:33.169 14085 14122 D GeckoThread: State changed to LIBS_READY
01-29 22:02:33.170 14085 14122 W GeckoThread: zerdatime 12881441845 - runGecko
01-29 22:02:33.173 14085 14122 D GeckoProfile: Loading profile at: null name: default
01-29 22:02:33.174 14085 14122 D GeckoProfile: Found profile dir: /data/user/0/org.mozilla.fenix.nightly/files/mozilla/nxe1mdg1.default
01-29 22:02:33.192 14085 14085 W [WARNING][Leanplum]: [com.leanplum.internal.ActionManager::getLocationManager::8]: Geofencing support requires leanplum-location module and Google Play Services v8.1 and higher.
01-29 22:02:33.192 14085 14085 W [WARNING][Leanplum]: Add this to your build.gradle file:
01-29 22:02:33.192 14085 14085 W [WARNING][Leanplum]: implementation 'com.google.android.gms:play-services-location:8.3.0+'
01-29 22:02:33.192 14085 14085 W [WARNING][Leanplum]: implementation 'com.leanplum:leanplum-location:+'
01-29 22:02:33.201 14085 14085 I [INFO][Leanplum]: [com.leanplum.monitoring.ExceptionHandler::setContext::6]: LeanplumExceptionHandler could not initialize Exception Reporting.This is expected if you have not included the leanplum-monitoring module
01-29 22:02:33.219 14085 14085 I FirefoxAccountStateMachine: Enabling/updating sync with a new SyncConfig: SyncConfig(supportedEngines=[mozilla.components.service.fxa.SyncEngine$History@df68371, mozilla.components.service.fxa.SyncEngine$Bookmarks@8689556, mozilla.components.service.fxa.SyncEngine$Passwords@88bf9d7], syncPeriodInMinutes=240)
01-29 22:02:33.223 14085 14085 I BgSyncManager: Periodic syncing enabled at a 240 interval
01-29 22:02:33.223 14085 14085 I FirefoxAccountStateMachine: Sync is enabled
01-29 22:02:33.224 14085 14085 D PushConfig: Creating push configuration for autopush.
01-29 22:02:33.230 14085 14134 D AutoPushFeature: Initializing native component with the cached token.
01-29 22:02:33.239 14085 14134 D RustNativeSupport: findMegazordLibraryName(push, 0.48.3
01-29 22:02:33.239 14085 14134 D RustNativeSupport: lib in use: none
01-29 22:02:33.239 14085 14134 D RustNativeSupport: lib configured: fenix
01-29 22:02:33.239 14085 14134 D RustNativeSupport: lib version configured: 0.48.3
01-29 22:02:33.239 14085 14134 D RustNativeSupport: settled on fenix
01-29 22:02:33.242 14085 14136 I FirefoxAccountStateMachine: Processing event Event$Init for state Start. Next state is Start
01-29 22:02:33.242 14085 14085 I App     : AutoPushFeature is configured, initializing it...
01-29 22:02:33.242 14085 14085 I AutoPushFeature: Checking validity of push subscriptions.
01-29 22:02:33.256 14085 14136 I FirefoxAccountStateMachine: Ran 'Event$Init' side-effects for state Start, got successive event Event$AccountNotFound
01-29 22:02:33.257 14085 14136 I FirefoxAccountStateMachine: Processing event Event$AccountNotFound for state Start. Next state is NotAuthenticated
01-29 22:02:33.259 14085 14136 D RustNativeSupport: findMegazordLibraryName(fxaclient, 0.48.3
01-29 22:02:33.259 14085 14136 D RustNativeSupport: lib in use: none
01-29 22:02:33.259 14085 14136 D RustNativeSupport: lib configured: fenix
01-29 22:02:33.259 14085 14136 D RustNativeSupport: lib version configured: 0.48.3
01-29 22:02:33.259 14085 14136 D RustNativeSupport: settled on fenix
01-29 22:02:33.262 14085 14136 D fxaclient_ffi: fxa_new
01-29 22:02:33.282 14085 14085 D GeckoRuntime: Lifecycle: onStart
01-29 22:02:33.292 14085 14085 D GeckoRuntime: Lifecycle: onResume
01-29 22:02:33.294 14085 14085 D GeckoNetworkManager: Incoming event start for state OffNoListeners -> OnNoListeners
01-29 22:02:33.295 14085 14085 D GeckoNetworkManager: New network state: UP, WIFI, WIFI
01-29 22:02:33.297 14085 14127 D NetworkSecurityConfig: No Network Security Config specified, using platform default
01-29 22:02:33.312 14085 14146 D OpenGLRenderer: HWUI GL Pipeline
01-29 22:02:33.320 14085 14085 I glean/Glean: Registering pings for org.mozilla.fenix.GleanMetrics.Pings
01-29 22:02:33.345 14085 14085 D App     : ActivationPing - already generated
01-29 22:02:33.392 14085 14090 I zygote  : Do partial code cache collection, code=52KB, data=36KB
01-29 22:02:33.398 14085 14090 I zygote  : After code cache collection, code=50KB, data=35KB
01-29 22:02:33.398 14085 14090 I zygote  : Increasing code cache capacity to 256KB
01-29 22:02:33.442  1456  3925 I ActivityManager: START u0 {act=android.intent.action.VIEW dat=about:blank typ=text/html flg=0x10000000 cmp=org.mozilla.fenix.nightly/org.mozilla.fenix.HomeActivity (has extras)} from uid 10804
01-29 22:02:33.450 14085 14085 D GeckoNetworkManager: Incoming event receivedUpdate for state OnNoListeners -> OnNoListeners
01-29 22:02:33.452 14085 14085 D GeckoNetworkManager: New network state: UP, WIFI, WIFI
01-29 22:02:33.454  1456  3925 I WifiService: getDhcpInfo uid=10804
01-29 22:02:33.464 14085 14146 I Adreno  : QUALCOMM build                   : bb5b86c, I77d3059488
01-29 22:02:33.464 14085 14146 I Adreno  : Build Date                       : 06/07/18
01-29 22:02:33.464 14085 14146 I Adreno  : OpenGL ES Shader Compiler Version: EV031.22.00.01_06
01-29 22:02:33.464 14085 14146 I Adreno  : Local Branch                     : 
01-29 22:02:33.464 14085 14146 I Adreno  : Remote Branch                    : refs/tags/AU_LINUX_ANDROID_LA.UM.6.5.R1.08.01.00.312.086
01-29 22:02:33.464 14085 14146 I Adreno  : Remote Branch                    : NONE
01-29 22:02:33.464 14085 14146 I Adreno  : Reconstruct Branch               : NOTHING
01-29 22:02:33.465 14085 14146 D vndksupport: Loading /vendor/lib/hw/gralloc.msm8937.so from current namespace instead of sphal namespace.
01-29 22:02:33.472 14085 14146 I Adreno  : PFP: 0x005ff087, ME: 0x005ff063
01-29 22:02:33.480 14085 14146 I zygote  : android::hardware::configstore::V1_0::ISurfaceFlingerConfigs::hasWideColorDisplay retrieved: 0
01-29 22:02:33.483 14085 14146 I OpenGLRenderer: Initialized EGL, version 1.4
01-29 22:02:33.483 14085 14146 D OpenGLRenderer: Swap behavior 2
01-29 22:02:33.521 14085 14122 I Gecko:DumpUtils: Fifo watcher disabled via pref.
01-29 22:02:33.523  1456  1889 I WindowManager: Keep hide if surface has never drawn Window{c59d47c u0 org.mozilla.fenix.nightly/org.mozilla.fenix.IntentReceiverActivity}
01-29 22:02:33.526  1456  1889 I WindowManager: Failed to capture screenshot of Token{782a220 ActivityRecord{6f4fd23 u0 org.mozilla.fenix.nightly/org.mozilla.fenix.IntentReceiverActivity t21292 f}} appWin=Window{c59d47c u0 org.mozilla.fenix.nightly/org.mozilla.fenix.IntentReceiverActivity} drawState=3
01-29 22:02:33.534  1456  1673 I LaunchCheckinHandler: Displayed org.mozilla.fenix.nightly/org.mozilla.fenix.IntentReceiverActivity,cp,ca,792
01-29 22:02:33.538 12500 12500 I Finsky  : [2] pow.onTrimMemory(1): Memory trim requested to level 80
01-29 22:02:33.557 14085 14122 D GeckoSysInfo: System memory: 1867MB.
01-29 22:02:33.561 14085 14122 D GeckoThread: State changed to JNI_READY
01-29 22:02:33.581  1456  2921 I ActivityManager: Start proc 14185:org.mozilla.fenix.nightly:tab/u0a804 for service org.mozilla.fenix.nightly/org.mozilla.gecko.process.GeckoServiceChildProcess$tab
01-29 22:02:33.590 14085 14085 D PhoneWindow: Restoring navigation bar divider color to default value = 0x00000000
01-29 22:02:33.645 14085 14085 I NavController: Ignoring popBackStack to destination org.mozilla.fenix.nightly:id/browserFragment as it was not found on the current back stack
01-29 22:02:33.709  1456  2916 I ActivityManager: Start proc 14203:org.mozilla.fenix.nightly:socket/u0a804 for service org.mozilla.fenix.nightly/org.mozilla.gecko.process.GeckoServiceChildProcess$socket
01-29 22:02:33.733 14185 14185 D GeckoThread: State changed to LAUNCHED
01-29 22:02:33.735 14185 14217 I GeckoThread: preparing to run Gecko
01-29 22:02:33.809 14085 14117 D RustNativeSupport: findMegazordLibraryName(places, 0.48.3
01-29 22:02:33.810 14085 14117 D RustNativeSupport: lib in use: none
01-29 22:02:33.810 14085 14117 D RustNativeSupport: lib configured: fenix
01-29 22:02:33.810 14085 14117 D RustNativeSupport: lib version configured: 0.48.3
01-29 22:02:33.810 14085 14117 D RustNativeSupport: settled on fenix
01-29 22:02:33.813 14085 14117 D places_ffi: places_api_new
01-29 22:02:33.847 14203 14203 D GeckoThread: State changed to LAUNCHED
01-29 22:02:33.848 14203 14221 I GeckoThread: preparing to run Gecko
01-29 22:02:33.866 14085 14117 D sql_support::conn_ext: Transaction commited after 33.918962ms
01-29 22:02:33.867 14085 14117 D places_ffi: places_connection_new
01-29 22:02:33.870 14085 14117 D places_ffi: places_connection_new
01-29 22:02:33.884 14085 14117 D places_ffi: bookmarks_get_all_with_url
01-29 22:02:33.886 14085 14136 W FirefoxAccountStateMachine: Got invalid event Event$Init for state NotAuthenticated.
01-29 22:02:33.921   808   808 I SFPerfTracer:      triggers: (rate: 50:546800) (compose: 0:6) (post: 0:14) (render: 0:11) (16:4506881 frames) (17:5919385)
01-29 22:02:33.922   808   808 D SFPerfTracer:        layers: (3:15) (NavigationBar#0 (0xb07df000): 9:471433) (StatusBar#0 (0xb07e3000): 9:1369237) (com.android.systemui.ImageWallpaper#0 (0xb07e7000): 0:40267)* (Sprite#0 (0xb0733000): 0:317)* (DimLayerController/Stack=0#0 (0xb075a000): 0:3589)* (Sprite#1 (0xb077c000): 0:195)* (com.android.launcher3/com.android.launcher3.CustomizationPanelLauncher#0 (0xb0763000): 0:27)- (com.android.launcher3/com.android.launcher3.CustomizationPanelLauncher#1 (0xb0771000): 0:9)- (org.mozilla.fenix.nightly/org.mozilla.fenix.IntentReceiverActivity#0 (0xb0384000): 0:5)- (Splash Screen org.mozilla.fenix.nightly#0 (0xb039b000): 0:31)- (org.mozilla.fenix.nightly/org.mozilla.fenix.HomeActivity#0 (0xb00b8000): 0:56)- (com.android.launcher3/com.android.launcher3.CustomizationPanelLauncher#0 (0xb0763000): 0:26)* (com.android.launcher3/com.android.launcher3.CustomizationPanelLauncher#1 (0xb0771000): 0:8)* (org.mozilla.fenix.nightly/org.mozilla.fenix.IntentReceiverActivity#0 (0xb0384000): 0:5)* 
01-29 22:02:33.929 14085 14090 I zygote  : Do full code cache collection, code=118KB, data=83KB
01-29 22:02:33.931 14085 14090 I zygote  : After code cache collection, code=91KB, data=51KB
01-29 22:02:33.936 14203 14221 D GeckoThread: State changed to MOZGLUE_READY
01-29 22:02:33.946 14203 14221 W Settings: Setting animator_duration_scale has moved from android.provider.Settings.System to android.provider.Settings.Global, returning read-only global URI.
01-29 22:02:33.950 14203 14221 E GeckoLibLoad: Load sqlite start
01-29 22:02:33.967 14203 14221 W GeckoLinker: /data/app/org.mozilla.fenix.nightly-_oGj7jfSVHzsa1FF8gCKDg==/lib/arm/libnss3.so: unhandled flags #8 not handled
01-29 22:02:33.972 14203 14221 W GeckoLinker: /data/app/org.mozilla.fenix.nightly-_oGj7jfSVHzsa1FF8gCKDg==/lib/arm/libnss3.so: Relocation to NULL @0x001c7ffc for symbol "__cxa_type_match"
01-29 22:02:33.972 14203 14221 E GeckoLibLoad: Load sqlite done
01-29 22:02:33.972 14203 14221 E GeckoLibLoad: Load nss start
01-29 22:02:33.972 14203 14221 E GeckoLibLoad: Load nss done
01-29 22:02:33.974 14203 14221 W GeckoLinker: /data/app/org.mozilla.fenix.nightly-_oGj7jfSVHzsa1FF8gCKDg==/lib/arm/libxul.so: unhandled flags #8 not handled
01-29 22:02:33.974 14203 14221 W GeckoLinker: /data/app/org.mozilla.fenix.nightly-_oGj7jfSVHzsa1FF8gCKDg==/lib/arm/liblgpllibs.so: unhandled flags #8 not handled
01-29 22:02:33.974 14085 14219 W LOTTIE  : Animation contains merge paths. Merge paths are only supported on KitKat+ and must be manually enabled by calling enableMergePathsForKitKatAndAbove().
01-29 22:02:33.989  1456  1473 I ActivityManager: Displayed org.mozilla.fenix.nightly/org.mozilla.fenix.HomeActivity: +487ms (total +1s247ms)
01-29 22:02:33.989  1456  1473 I ActivityManager: Fully drawn org.mozilla.fenix.nightly/org.mozilla.fenix.HomeActivity: +487ms (total +1s247ms)
01-29 22:02:34.007 14203 14221 E GeckoLibLoad: Loaded libs in 34.024951ms total, 26ms(23ms) user, 3ms(6ms) system, 0(0) faults
01-29 22:02:34.007 14203 14221 D GeckoThread: State changed to LIBS_READY
01-29 22:02:34.007 14203 14221 W GeckoThread: zerdatime 12881442681 - runGecko
01-29 22:02:34.042 14085 14146 D vndksupport: Loading /vendor/lib/hw/android.hardware.graphics.mapper@2.0-impl.so from current namespace instead of sphal namespace.
01-29 22:02:34.044 14085 14146 D vndksupport: Loading /vendor/lib/hw/gralloc.msm8937.so from current namespace instead of sphal namespace.
01-29 22:02:34.081 14085 14090 I zygote  : Do partial code cache collection, code=108KB, data=71KB
01-29 22:02:34.083 14085 14090 I zygote  : After code cache collection, code=108KB, data=71KB
01-29 22:02:34.083 14085 14090 I zygote  : Increasing code cache capacity to 512KB
01-29 22:02:34.134  7351  7351 I MemoryTrimmer: Trimming objects from memory, since app is in the background.
01-29 22:02:34.149  7351 18130 I PBSessionCacheImpl: Deleted sessionId[32331620237726433] from persistence.
01-29 22:02:34.151  7351  7351 I MemoryTrimmer: Trimming objects from memory, since app is in the background.
01-29 22:02:34.152 14085 14085 W LOTTIE  : Animation contains merge paths but they are disabled.
01-29 22:02:34.163  7351  7398 W SearchServiceCore: Abort, client detached.
01-29 22:02:34.164  1456  1473 I WifiService: getWifiEnabledState uid=10073
01-29 22:02:34.208 14203 14221 D GeckoThread: State changed to RUNNING
01-29 22:02:34.377 14085 14122 I Gecko   : 1580353354374	addons.xpi	WARN	List of valid built-in add-ons could not be parsed.: [Exception... "Component returned failure code: 0x80520012 (NS_ERROR_FILE_NOT_FOUND) [nsIXPCComponents_Utils.readUTF8URI]"  nsresult: "0x80520012 (NS_ERROR_FILE_NOT_FOUND)"  location: "JS frame :: resource://gre/modules/addons/XPIProvider.jsm :: startup :: line 2365"  data: no] Stack trace: startup()@resource://gre/modules/addons/XPIProvider.jsm:2365
01-29 22:02:34.377 14085 14122 I Gecko   : callProvider()@resource://gre/modules/AddonManager.jsm:215
01-29 22:02:34.377 14085 14122 I Gecko   : _startProvider()@resource://gre/modules/AddonManager.jsm:587
01-29 22:02:34.377 14085 14122 I Gecko   : startup()@resource://gre/modules/AddonManager.jsm:811
01-29 22:02:34.377 14085 14122 I Gecko   : startup()@resource://gre/modules/AddonManager.jsm:3481
01-29 22:02:34.377 14085 14122 I Gecko   : observe()@resource://gre/modules/addonManager.js:87
01-29 22:02:34.535 14085 14122 D GeckoThread: State changed to PROFILE_READY
01-29 22:02:34.615 14085 14122 D GeckoThread: State changed to RUNNING
01-29 22:02:34.631 14085 14122 W GeckoEventDispatcher: No listener for AndroidCastDevice:SyncDevice
01-29 22:02:34.637 14085 14122 I Gecko   : -*- nsDNSServiceDiscovery.js : nsDNSServiceDiscovery
01-29 22:02:34.738 14085 14122 W ResourceType: Too many attribute references, stopped at: 0x01010099
01-29 22:02:34.783 14085 14122 I Gecko   : Attempting load of libEGL.so
01-29 22:02:34.968 14085 14085 D GeckoNetworkManager: Incoming event enableNotifications for state OnNoListeners -> OnWithListeners
01-29 22:02:34.969 14085 14085 D GeckoNetworkManager: New network state: UP, WIFI, WIFI
01-29 22:02:34.971 14085 14085 D GeckoNetworkManager: Incoming event receivedUpdate for state OnWithListeners -> OnWithListeners
01-29 22:02:34.972 14085 14085 D GeckoNetworkManager: New network state: UP, WIFI, WIFI
01-29 22:02:34.992 14085 14122 W GeckoEventDispatcher: No listener for GeckoView:AccessibilityEnabled
01-29 22:02:34.993 14085 14122 W GeckoLinker: /data/app/org.mozilla.fenix.nightly-_oGj7jfSVHzsa1FF8gCKDg==/lib/arm/libsoftokn3.so: unhandled flags #8 not handled
01-29 22:02:34.994 14085 14122 W GeckoLinker: /data/app/org.mozilla.fenix.nightly-_oGj7jfSVHzsa1FF8gCKDg==/lib/arm/libsoftokn3.so: Relocation to NULL @0x0002dffc for symbol "__cxa_type_match"
01-29 22:02:34.994 14085 14122 W GeckoLinker: /data/app/org.mozilla.fenix.nightly-_oGj7jfSVHzsa1FF8gCKDg==/lib/arm/libfreebl3.so: unhandled flags #8 not handled
01-29 22:02:34.995 14085 14122 W GeckoLinker: /data/app/org.mozilla.fenix.nightly-_oGj7jfSVHzsa1FF8gCKDg==/lib/arm/libfreebl3.so: Relocation to NULL @0x0004fffc for symbol "__cxa_type_match"
01-29 22:02:35.026 14085 14232 W GeckoLinker: /data/app/org.mozilla.fenix.nightly-_oGj7jfSVHzsa1FF8gCKDg==/lib/arm/libnssckbi.so: unhandled flags #8 not handled
01-29 22:02:35.026 14085 14232 W GeckoLinker: /data/app/org.mozilla.fenix.nightly-_oGj7jfSVHzsa1FF8gCKDg==/lib/arm/libnssckbi.so: Relocation to NULL @0x00055ffc for symbol "__cxa_type_match"
01-29 22:02:35.150 14085 14122 W ResourceType: Too many attribute references, stopped at: 0x01010099
01-29 22:02:35.393 14185 14217 D GeckoThread: State changed to MOZGLUE_READY
01-29 22:02:35.401 14185 14217 W Settings: Setting animator_duration_scale has moved from android.provider.Settings.System to android.provider.Settings.Global, returning read-only global URI.
01-29 22:02:35.403 14185 14217 E GeckoLibLoad: Load sqlite start
01-29 22:02:35.420 14185 14217 W GeckoLinker: /data/app/org.mozilla.fenix.nightly-_oGj7jfSVHzsa1FF8gCKDg==/lib/arm/libnss3.so: unhandled flags #8 not handled
01-29 22:02:35.425 14185 14217 W GeckoLinker: /data/app/org.mozilla.fenix.nightly-_oGj7jfSVHzsa1FF8gCKDg==/lib/arm/libnss3.so: Relocation to NULL @0x001c7ffc for symbol "__cxa_type_match"
01-29 22:02:35.425 14185 14217 E GeckoLibLoad: Load sqlite done
01-29 22:02:35.425 14185 14217 E GeckoLibLoad: Load nss start
01-29 22:02:35.425 14185 14217 E GeckoLibLoad: Load nss done
01-29 22:02:35.426 14185 14217 W GeckoLinker: /data/app/org.mozilla.fenix.nightly-_oGj7jfSVHzsa1FF8gCKDg==/lib/arm/libxul.so: unhandled flags #8 not handled
01-29 22:02:35.426 14185 14217 W GeckoLinker: /data/app/org.mozilla.fenix.nightly-_oGj7jfSVHzsa1FF8gCKDg==/lib/arm/liblgpllibs.so: unhandled flags #8 not handled
01-29 22:02:35.433 14085 14122 I GeckoSession: zerdatime 12881444108 - chrome startup finished
01-29 22:02:35.457 14185 14217 E GeckoLibLoad: Loaded libs in 31.624691ms total, 20ms(23ms) user, 10ms(10ms) system, 0(0) faults
01-29 22:02:35.457 14185 14217 D GeckoThread: State changed to LIBS_READY
01-29 22:02:35.457 14185 14217 W GeckoThread: zerdatime 12881444132 - runGecko
01-29 22:02:35.960 14185 14217 D GeckoThread: State changed to RUNNING
01-29 22:02:35.960 14085 14085 D App     : Installed browser-icons extension
01-29 22:02:35.961 14085 14085 D mozac-webextensions: Installed extension: mozacWebchannel
01-29 22:02:35.962 14085 14085 D mozac-webextensions: Installed extension: mozacReaderview
01-29 22:02:36.019 14185 14217 W ResourceType: Too many attribute references, stopped at: 0x01010099
01-29 22:02:36.097 14085 14085 D GeckoSession: handleMessage GeckoView:PageStart uri=about:blank
01-29 22:02:36.143 14085 14085 D GeckoSession: handleMessage GeckoView:LocationChange uri=about:blank
01-29 22:02:36.143 14085 14085 D GeckoSession: handleMessage GeckoView:PageStop uri=null
01-29 22:02:36.152 14085 14085 I SessionStorage/AutoSave: Save: Load finished
01-29 22:02:36.164 14085 14147 D SessionStorage/AutoSave: Saved state to disk [10ms]
01-29 22:02:36.181 14085 14085 D GeckoSession: handleMessage GeckoView:OnLoadRequest uri=about:blank
01-29 22:02:36.184 14085 14122 D GeckoScreenOrientation: unlocking
01-29 22:02:36.198 14085 14085 D GeckoSession: handleMessage GeckoView:OnLoadRequest uri=about:blank
01-29 22:02:36.224 14085 14085 D mozac-webcompat: Installed WebCompat webextension: webcompat@mozilla.com
01-29 22:02:36.302 14085 14085 D GeckoSession: handleMessage GeckoView:PageStart uri=about:blank
01-29 22:02:36.326 14085 14085 D GeckoSession: handleMessage GeckoView:PageStop uri=null
01-29 22:02:36.332 14085 14085 I SessionStorage/AutoSave: Save: Load finished
01-29 22:02:36.333 14085 14147 D SessionStorage/AutoSave: Delaying save (1820ms)
01-29 22:02:36.355 14085 14085 D GeckoSession: handleMessage GeckoView:PageStart uri=about:blank
01-29 22:02:36.379 14085 14085 D GeckoSession: handleMessage GeckoView:SecurityChanged uri=null
01-29 22:02:36.383 14085 14085 D GeckoSession: handleMessage GeckoView:PageStop uri=null
01-29 22:02:36.387 14085 14085 I SessionStorage/AutoSave: Save: Load finished
01-29 22:02:36.388 14085 14085 D SessionStorage/AutoSave: Skipping save, other job already in flight
01-29 22:02:37.099 14085 14085 D GeckoSession: handleMessage GeckoView:StateUpdated uri=null
01-29 22:02:37.099 14085 14085 W GeckoSession: No history entries found.
01-29 22:02:37.531 12500 12538 I Finsky  : [223880] kaq.run(3): Stats for Executor: BlockingExecutor kcl@4c4a3a7[Running, pool size = 2, active threads = 0, queued tasks = 0, completed tasks = 13]
01-29 22:02:37.532 12500 12538 I Finsky  : [223880] kaq.run(3): Stats for Executor: LightweightExecutor kcl@bc0c054[Running, pool size = 4, active threads = 0, queued tasks = 0, completed tasks = 71]
01-29 22:02:37.863 12500 12538 I Finsky  : [223880] kaq.run(3): Stats for Executor: bgExecutor kcl@a3abfd[Running, pool size = 4, active threads = 0, queued tasks = 0, completed tasks = 46]
01-29 22:02:38.170 14085 14147 D SessionStorage/AutoSave: Saved state to disk [15ms]
01-29 22:02:38.233  1456  1600 W ResourceType: No known package when getting value for resource number 0x7f0801a1
01-29 22:02:38.233  1456  1600 W ResourceType: No known package when getting value for resource number 0x7f120106
01-29 22:02:38.233  1456  1600 W ResourceType: No known package when getting value for resource number 0x7f120106
01-29 22:02:38.233  1456  1600 W ResourceType: No known package when getting value for resource number 0x7f08019f
01-29 22:02:38.233  1456  1600 W ResourceType: No known package when getting value for resource number 0x7f120105
01-29 22:02:38.234  1456  1600 W ResourceType: No known package when getting value for resource number 0x7f120105
01-29 22:02:38.235  2360  2360 D MayaFrameworkProxyService: receive intent :Intent { act=android.intent.action.PACKAGE_CHANGED dat=package:org.mozilla.fenix.nightly flg=0x45000010 (has extras) }
01-29 22:02:38.253  1456  1456 W ResourceType: ResTable_typeSpec entry count inconsistent: given 665, previously 671
01-29 22:02:38.254  1456  1456 W ResourceType: ResTable_typeSpec entry count inconsistent: given 394, previously 1458
01-29 22:02:38.254  1456  1456 W ResourceType: ResTable_typeSpec entry count inconsistent: given 217, previously 1293
01-29 22:02:38.258  1456  1942 I InputReader: Reconfiguring input devices.  changes=0x00000010
01-29 22:02:38.277  2398  2398 D CarrierSvcBindHelper: No carrier app for: 0
01-29 22:02:38.282  2398  2398 D CarrierSvcBindHelper: No carrier app for: 1
