--------- beginning of main
02-18 10:58:46.243  1456  1605 W zygote  : kill(-2001, 9) failed: No such process
02-18 10:58:46.246  1456  7796 I OpenGLRenderer: Initialized EGL, version 1.4
02-18 10:58:46.246  1456  7796 D OpenGLRenderer: Swap behavior 2
--------- beginning of system
02-18 10:58:46.252  1456  2918 D ConnectivityService: ConnectivityService NetworkRequestInfo binderDied(NetworkRequest [ LISTEN id=26954, [ Capabilities: INTERNET&NOT_RESTRICTED&TRUSTED] ], android.os.BinderProxy@62487f2)
02-18 10:58:46.256  1456  1605 W zygote  : kill(-2001, 9) failed: No such process
02-18 10:58:46.257  1456  1605 I zygote  : Successfully killed process cgroup uid 10062 pid 2001 in 26ms
02-18 10:58:46.257  1456  1605 W zygote  : kill(-1949, 9) failed: No such process
02-18 10:58:46.257  1456  1605 I zygote  : Successfully killed process cgroup uid 10073 pid 1949 in 0ms
02-18 10:58:46.257  1456  1605 W zygote  : kill(-3214, 9) failed: No such process
02-18 10:58:46.257  1456  1605 I zygote  : Successfully killed process cgroup uid 10044 pid 3214 in 0ms
02-18 10:58:46.257  1456  1605 W zygote  : kill(-2130, 9) failed: No such process
02-18 10:58:46.257  1456  1605 I zygote  : Successfully killed process cgroup uid 10014 pid 2130 in 0ms
02-18 10:58:46.258  1456  1605 W zygote  : kill(-30051, 9) failed: No such process
02-18 10:58:46.270  1456  1605 I chatty  : uid=1000(system) ActivityManager identical 1 line
02-18 10:58:46.284  1456  1605 W zygote  : kill(-30051, 9) failed: No such process
02-18 10:58:46.284  1456  1605 I zygote  : Successfully killed process cgroup uid 10031 pid 30051 in 26ms
02-18 10:58:46.284  1456  1605 W zygote  : kill(-2185, 9) failed: No such process
02-18 10:58:46.285  1456  1605 I zygote  : Successfully killed process cgroup uid 10036 pid 2185 in 0ms
02-18 10:58:46.367  1456  5907 I ActivityManager: START u0 {act=android.intent.action.MAIN cat=[android.intent.category.LAUNCHER] flg=0x10000000 cmp=org.mozilla.fenix.nightly/org.mozilla.fenix.HomeActivity} from uid 2000
02-18 10:58:46.382  1456  5907 I ActivityManager: Start proc 3576:org.mozilla.fenix.nightly/u0a973 for activity org.mozilla.fenix.nightly/org.mozilla.fenix.HomeActivity
02-18 10:58:46.536  3576  3576 D FirebaseApp: com.google.firebase.auth.FirebaseAuth is not linked. Skipping initialization.
02-18 10:58:46.537  3576  3576 D FirebaseApp: com.google.firebase.crash.FirebaseCrash is not linked. Skipping initialization.
02-18 10:58:46.538  3576  3576 I FirebaseInitProvider: FirebaseApp initialization successful
02-18 10:58:46.602  3576  3605 I FA      : Collection disabled with firebase_analytics_collection_enabled=0
02-18 10:58:46.603  3576  3605 I FA      : App measurement is starting up, version: 12780
02-18 10:58:46.603  3576  3605 I FA      : To enable debug logging run: adb shell setprop log.tag.FA VERBOSE
02-18 10:58:46.603  3576  3605 I FA      : To enable faster debug mode event logging run:
02-18 10:58:46.603  3576  3605 I FA      :   adb shell setprop debug.firebase.analytics.app org.mozilla.fenix.nightly
02-18 10:58:46.606  3576  3576 D FenixApplication: Initializing Glean (uploadEnabled=true, isFennec=false)
02-18 10:58:46.624  3576  3576 D libglean_ffi: glean_ffi: Android logging should be hooked up!
02-18 10:58:46.628  3576  3576 I glean/Glean: Registering pings for mozilla.telemetry.glean.GleanMetrics.Pings
02-18 10:58:46.633  3576  3576 I libglean_ffi: glean_core: Creating new Glean
02-18 10:58:46.633  3576  3576 D libglean_ffi: glean_core::database: Database path: "/data/user/0/org.mozilla.fenix.nightly/glean_data/db"
02-18 10:58:46.634  3576  3576 I libglean_ffi: glean_core::database: Database initialized
02-18 10:58:46.634  3576  3576 I libglean_ffi: glean_ffi: Glean initialized
02-18 10:58:46.652  3576  3576 D glean/MetricsPingSched: The 'metrics' ping was last sent on Tue Feb 18 00:00:00 EST 2020
02-18 10:58:46.653  3576  3576 I glean/MetricsPingSched: The 'metrics' ping was already sent today, Tue Feb 18 10:58:46 EST 2020.
02-18 10:58:46.653  3576  3576 D glean/MetricsPingSched: Scheduling the 'metrics' ping in 61273360ms
02-18 10:58:46.655  3576  3611 D libglean_ffi: glean_core: Clearing Lifetime::Application metrics
02-18 10:58:46.656  3576  3576 I glean/Dispatchers: Task queued for execution and delayed until flushed
02-18 10:58:46.664  3576  3614 D RustNativeSupport: findMegazordLibraryName(viaduct, 0.50.0
02-18 10:58:46.665  3576  3614 D RustNativeSupport: lib in use: none
02-18 10:58:46.665  3576  3614 D RustNativeSupport: lib configured: fenix
02-18 10:58:46.665  3576  3614 D RustNativeSupport: lib version configured: 0.50.0
02-18 10:58:46.665  3576  3614 D RustNativeSupport: settled on fenix
02-18 10:58:46.689  3576  3614 D RustNativeSupport: findMegazordLibraryName(rustlog, 0.50.0
02-18 10:58:46.689  3576  3614 D RustNativeSupport: lib in use: none
02-18 10:58:46.689  3576  3614 D RustNativeSupport: lib configured: fenix
02-18 10:58:46.689  3576  3614 D RustNativeSupport: lib version configured: 0.50.0
02-18 10:58:46.689  3576  3614 D RustNativeSupport: settled on fenix
02-18 10:58:46.693  3576  3614 I rc_log_ffi::ios: rc_log adapter initialized!
02-18 10:58:46.724  3576  3576 D GeckoThread: State changed to LAUNCHED
02-18 10:58:46.725  3576  3620 I GeckoThread: preparing to run Gecko
02-18 10:58:46.731  3576  3576 D GeckoRuntime: Lifecycle: onCreate
02-18 10:58:46.733  3576  3620 D GeckoThread: State changed to MOZGLUE_READY
02-18 10:58:46.745  3576  3576 I zygote  : Deoptimizing java.lang.Object androidx.collection.SimpleArrayMap.put(java.lang.Object, java.lang.Object) due to JIT inline cache
02-18 10:58:46.745  3576  3620 W Settings: Setting animator_duration_scale has moved from android.provider.Settings.System to android.provider.Settings.Global, returning read-only global URI.
02-18 10:58:46.747  3576  3620 E GeckoLibLoad: Load sqlite start
02-18 10:58:46.751  3576  3576 D GleanMetricsService: Enabling Glean.
02-18 10:58:46.767  3576  3620 W GeckoLinker: /data/app/org.mozilla.fenix.nightly-OMMSAmPCFCwS5lCarENG2Q==/lib/arm/libnss3.so: unhandled flags #8 not handled
02-18 10:58:46.769  3576  3611 I libglean_ffi: glean_core: Upload enabled: true
02-18 10:58:46.773  3576  3620 W GeckoLinker: /data/app/org.mozilla.fenix.nightly-OMMSAmPCFCwS5lCarENG2Q==/lib/arm/libnss3.so: Relocation to NULL @0x001b8ffc for symbol "__cxa_type_match"
02-18 10:58:46.773  3576  3620 E GeckoLibLoad: Load sqlite done
02-18 10:58:46.773  3576  3620 E GeckoLibLoad: Load nss start
02-18 10:58:46.773  3576  3620 E GeckoLibLoad: Load nss done
02-18 10:58:46.774  3576  3620 W GeckoLinker: /data/app/org.mozilla.fenix.nightly-OMMSAmPCFCwS5lCarENG2Q==/lib/arm/libxul.so: unhandled flags #8 not handled
02-18 10:58:46.774  3576  3620 W GeckoLinker: /data/app/org.mozilla.fenix.nightly-OMMSAmPCFCwS5lCarENG2Q==/lib/arm/liblgpllibs.so: unhandled flags #8 not handled
02-18 10:58:46.794  3576  3576 W [WARNING][Leanplum]: [com.leanplum.internal.ActionManager::getLocationManager::8]: Geofencing support requires leanplum-location module and Google Play Services v8.1 and higher.
02-18 10:58:46.794  3576  3576 W [WARNING][Leanplum]: Add this to your build.gradle file:
02-18 10:58:46.794  3576  3576 W [WARNING][Leanplum]: implementation 'com.google.android.gms:play-services-location:8.3.0+'
02-18 10:58:46.794  3576  3576 W [WARNING][Leanplum]: implementation 'com.leanplum:leanplum-location:+'
02-18 10:58:46.796  3576  3576 I [INFO][Leanplum]: [com.leanplum.monitoring.ExceptionHandler::setContext::6]: LeanplumExceptionHandler could not initialize Exception Reporting.This is expected if you have not included the leanplum-monitoring module
02-18 10:58:46.801  3576  3582 I zygote  : Do partial code cache collection, code=27KB, data=27KB
02-18 10:58:46.803  3576  3582 I zygote  : After code cache collection, code=17KB, data=22KB
02-18 10:58:46.803  3576  3582 I zygote  : Increasing code cache capacity to 128KB
02-18 10:58:46.808  3576  3623 I [INFO][Leanplum]: [com.leanplum.LeanplumFcmProvider::isManifestSetup::11]: Firebase Messaging is setup correctly.
02-18 10:58:46.819  3576  3576 I FirefoxAccountStateMachine: Enabling/updating sync with a new SyncConfig: SyncConfig(supportedEngines=[mozilla.components.service.fxa.SyncEngine$History@df68371, mozilla.components.service.fxa.SyncEngine$Bookmarks@8689556, mozilla.components.service.fxa.SyncEngine$Passwords@88bf9d7], syncPeriodInMinutes=240)
02-18 10:58:46.822  3576  3620 E GeckoLibLoad: Loaded libs in 47.960682ms total, 23ms(93ms) user, 13ms(56ms) system, 0(0) faults
02-18 10:58:46.822  3576  3620 D GeckoThread: State changed to LIBS_READY
02-18 10:58:46.824  3576  3576 I BgSyncManager: Periodic syncing enabled at a 240 interval
02-18 10:58:46.824  3576  3620 W GeckoThread: zerdatime 14569620592 - runGecko
02-18 10:58:46.825  3576  3576 I FirefoxAccountStateMachine: Sync is enabled
02-18 10:58:46.826  3576  3576 D PushConfig: Creating push configuration for autopush.
02-18 10:58:46.830  3576  3620 D GeckoProfile: Loading profile at: null name: default
02-18 10:58:46.831  3576  3620 D GeckoProfile: Found profile dir: /data/user/0/org.mozilla.fenix.nightly/files/mozilla/v77rzgzd.default
02-18 10:58:46.839  3576  3635 I FirefoxAccountStateMachine: Processing event Event$Init for state Start. Next state is Start
02-18 10:58:46.839  3576  3576 I App     : AutoPushFeature is configured, initializing it...
02-18 10:58:46.839  3576  3576 I AutoPushFeature: Checking validity of push subscriptions.
02-18 10:58:46.857  3576  3635 I FirefoxAccountStateMachine: Ran 'Event$Init' side-effects for state Start, got successive event Event$AccountNotFound
02-18 10:58:46.857  3576  3635 I FirefoxAccountStateMachine: Processing event Event$AccountNotFound for state Start. Next state is NotAuthenticated
02-18 10:58:46.862  3576  3635 D RustNativeSupport: findMegazordLibraryName(fxaclient, 0.50.0
02-18 10:58:46.862  3576  3635 D RustNativeSupport: lib in use: none
02-18 10:58:46.862  3576  3635 D RustNativeSupport: lib configured: fenix
02-18 10:58:46.862  3576  3635 D RustNativeSupport: lib version configured: 0.50.0
02-18 10:58:46.862  3576  3635 D RustNativeSupport: settled on fenix
02-18 10:58:46.864  3576  3635 D fxaclient_ffi: fxa_new
02-18 10:58:46.889  3576  3576 D PhoneWindow: Restoring navigation bar divider color to default value = 0x00000000
02-18 10:58:46.919  1456  1601 W ActivityManager: Activity pause timeout for ActivityRecord{3d7fdf9 u0 org.mozilla.fenix.nightly/org.mozilla.fenix.HomeActivity t25683}
02-18 10:58:47.143  3576  3620 I Gecko:DumpUtils: Fifo watcher disabled via pref.
02-18 10:58:47.149  3576  3576 D GeckoRuntime: Lifecycle: onStart
02-18 10:58:47.160  3576  3576 I [INFO][Leanplum]: [com.leanplum.internal.RequestOld::sendIfConnected::4]: Device is offline, will send later
02-18 10:58:47.190  3576  3576 D GeckoRuntime: Lifecycle: onResume
02-18 10:58:47.190  3576  3635 W FirefoxAccountStateMachine: Got invalid event Event$Init for state NotAuthenticated.
02-18 10:58:47.190  3576  3620 D GeckoSysInfo: System memory: 1867MB.
02-18 10:58:47.192  3576  3576 D GeckoNetworkManager: Incoming event start for state OffNoListeners -> OnNoListeners
02-18 10:58:47.193  3576  3620 D GeckoThread: State changed to JNI_READY
02-18 10:58:47.194  3576  3576 D GeckoNetworkManager: New network state: DOWN, NONE, UNKNOWN
02-18 10:58:47.210  1456  5907 I ActivityManager: Start proc 3675:org.mozilla.fenix.nightly:tab/u0a973 for service org.mozilla.fenix.nightly/org.mozilla.gecko.process.GeckoServiceChildProcess$tab
02-18 10:58:47.225  3576  3687 D OpenGLRenderer: HWUI GL Pipeline
02-18 10:58:47.231  3576  3582 I zygote  : Do partial code cache collection, code=55KB, data=55KB
02-18 10:58:47.233  3576  3582 I zygote  : After code cache collection, code=55KB, data=55KB
02-18 10:58:47.233  3576  3582 I zygote  : Increasing code cache capacity to 256KB
02-18 10:58:47.250  3576  3576 I glean/Glean: Registering pings for org.mozilla.fenix.GleanMetrics.Pings
02-18 10:58:47.296  3576  3576 D App     : ActivationPing - already generated
02-18 10:58:47.337  3576  3576 I [INFO][Leanplum]: [com.leanplum.internal.RequestOld::sendIfConnected::4]: Device is offline, will send later
02-18 10:58:47.345  1456  6339 I ActivityManager: Start proc 3703:org.mozilla.fenix.nightly:socket/u0a973 for service org.mozilla.fenix.nightly/org.mozilla.gecko.process.GeckoServiceChildProcess$socket
02-18 10:58:47.371  3675  3675 D GeckoThread: State changed to LAUNCHED
02-18 10:58:47.372  3675  3719 I GeckoThread: preparing to run Gecko
02-18 10:58:47.391  3576  3576 D GeckoNetworkManager: Incoming event receivedUpdate for state OnNoListeners -> OnNoListeners
02-18 10:58:47.392  3576  3576 D GeckoNetworkManager: New network state: DOWN, NONE, UNKNOWN
02-18 10:58:47.432  1456  1673 I WindowManager: Failed to capture screenshot of Token{9ef313e ActivityRecord{3d7fdf9 u0 org.mozilla.fenix.nightly/org.mozilla.fenix.HomeActivity t25683}} appWin=Window{ceecf97 u0 Splash Screen org.mozilla.fenix.nightly} drawState=4
02-18 10:58:47.446   808   808 I SFPerfTracer:      triggers: (rate: 51:552427) (compose: 0:6) (post: 0:17) (render: 0:14) (57:4863807 frames) (58:6452335)
02-18 10:58:47.447   808   808 D SFPerfTracer:        layers: (2:10) (NavigationBar#0 (0xb07df000): 0:552822)* (StatusBar#0 (0xb07e3000): 0:1546192) (com.android.systemui.ImageWallpaper#0 (0xb07e7000): 0:48331) (Sprite#0 (0xb0733000): 0:317)* (DimLayerController/Stack=0#0 (0xb075a000): 0:3712)* (Sprite#1 (0xb077c000): 0:195)* (Splash Screen org.mozilla.fenix.nightly#0 (0xb0763000): 0:8)- (org.mozilla.fenix.nightly/org.mozilla.fenix.IntentReceiverActivity#0 (0xb0771000): 0:3)- (org.mozilla.fenix.nightly/org.mozilla.fenix.HomeActivity#0 (0xb0771000): 0:1)- (Splash Screen org.mozilla.fenix.nightly#0 (0xb0763000): 2:5)* 
02-18 10:58:47.474  1456  6339 I ActivityManager: Start proc 3728:com.android.vending/u0a62 for service com.android.vending/com.google.android.finsky.externalreferrer.GetInstallReferrerService
02-18 10:58:47.486  3703  3703 D GeckoThread: State changed to LAUNCHED
02-18 10:58:47.487  3703  3741 I GeckoThread: preparing to run Gecko
02-18 10:58:47.498  3703  3741 D GeckoThread: State changed to MOZGLUE_READY
02-18 10:58:47.509  3703  3741 W Settings: Setting animator_duration_scale has moved from android.provider.Settings.System to android.provider.Settings.Global, returning read-only global URI.
02-18 10:58:47.512  3703  3741 E GeckoLibLoad: Load sqlite start
02-18 10:58:47.530  3703  3741 W GeckoLinker: /data/app/org.mozilla.fenix.nightly-OMMSAmPCFCwS5lCarENG2Q==/lib/arm/libnss3.so: unhandled flags #8 not handled
02-18 10:58:47.534  3703  3741 W GeckoLinker: /data/app/org.mozilla.fenix.nightly-OMMSAmPCFCwS5lCarENG2Q==/lib/arm/libnss3.so: Relocation to NULL @0x001b8ffc for symbol "__cxa_type_match"
02-18 10:58:47.535  3703  3741 E GeckoLibLoad: Load sqlite done
02-18 10:58:47.535  3703  3741 E GeckoLibLoad: Load nss start
02-18 10:58:47.535  3703  3741 E GeckoLibLoad: Load nss done
02-18 10:58:47.535  3703  3741 W GeckoLinker: /data/app/org.mozilla.fenix.nightly-OMMSAmPCFCwS5lCarENG2Q==/lib/arm/libxul.so: unhandled flags #8 not handled
02-18 10:58:47.535  3703  3741 W GeckoLinker: /data/app/org.mozilla.fenix.nightly-OMMSAmPCFCwS5lCarENG2Q==/lib/arm/liblgpllibs.so: unhandled flags #8 not handled
02-18 10:58:47.570  3728  3728 I Finsky  : [2] ebz.aG(7): Process created at version: 18.6.33-all [0] [PR] 292279539
02-18 10:58:47.572  3703  3741 E GeckoLibLoad: Loaded libs in 37.145212ms total, 26ms(26ms) user, 10ms(10ms) system, 0(0) faults
02-18 10:58:47.572  3703  3741 D GeckoThread: State changed to LIBS_READY
02-18 10:58:47.573  3703  3741 W GeckoThread: zerdatime 14569621340 - runGecko
02-18 10:58:47.772  3703  3741 D GeckoThread: State changed to RUNNING
02-18 10:58:47.775  1456  5907 I ActivityManager: Force stopping org.mozilla.fenix.nightly appid=10973 user=0: from pid 3761
02-18 10:58:47.775  1456  5907 I ActivityManager: Killing 3576:org.mozilla.fenix.nightly/u0a973 (adj 0): stop org.mozilla.fenix.nightly
02-18 10:58:47.776  1456  1605 W zygote  : kill(-3576, 9) failed: No such process
02-18 10:58:47.777  3675  3675 I ServiceChildProcess: Service has been unbound. Stopping.
02-18 10:58:47.778  1456  5907 W ActivityManager: Force removing ActivityRecord{3d7fdf9 u0 org.mozilla.fenix.nightly/org.mozilla.fenix.HomeActivity t25683}: app died, no saved state
02-18 10:58:47.778  3703  3703 I ServiceChildProcess: Service has been unbound. Stopping.
02-18 10:58:47.790  1456  1605 W zygote  : kill(-3576, 9) failed: No such process
02-18 10:58:47.793  1456  5907 I ActivityManager: Killing 3703:org.mozilla.fenix.nightly:socket/u0a973 (adj 0): stop org.mozilla.fenix.nightly
02-18 10:58:47.794   808   898 I SFPerfTracer:      triggers: (rate: 0:0) (0 sw vsyncs) (0 skipped) (67:3691813 vsyncs) (69:6506578)
02-18 10:58:47.796  1456  5907 I ActivityManager: Killing 3675:org.mozilla.fenix.nightly:tab/u0a973 (adj 0): stop org.mozilla.fenix.nightly
02-18 10:58:47.805  1456  1605 W zygote  : kill(-3576, 9) failed: No such process
02-18 10:58:47.808  2398  2398 D CarrierSvcBindHelper: No carrier app for: 0
02-18 10:58:47.808  2398  2398 D CarrierSvcBindHelper: No carrier app for: 1
02-18 10:58:47.820  1456  1605 W zygote  : kill(-3576, 9) failed: No such process
02-18 10:58:47.828  1456  1673 W ActivityManager: setHasOverlayUi called on unknown pid: 3576
02-18 10:58:47.834  1456  1605 W zygote  : kill(-3576, 9) failed: No such process
02-18 10:58:47.834  1456  1605 I zygote  : Successfully killed process cgroup uid 10973 pid 3576 in 57ms
02-18 10:58:47.834  1456  1605 W zygote  : kill(-3703, 9) failed: No such process
02-18 10:58:47.846  1456  1605 W zygote  : kill(-3703, 9) failed: No such process
02-18 10:58:47.847  1456  1605 I zygote  : Successfully killed process cgroup uid 10973 pid 3703 in 12ms
02-18 10:58:47.847  1456  1605 W zygote  : kill(-3675, 9) failed: No such process
02-18 10:58:47.847  1456  1605 I zygote  : Successfully killed process cgroup uid 10973 pid 3675 in 0ms
02-18 10:58:47.849  1456  1466 I zygote  : Background concurrent copying GC freed 55712(3MB) AllocSpace objects, 30(1172KB) LOS objects, 39% free, 37MB/61MB, paused 342us total 353.140ms
02-18 10:58:47.884  1456  5050 I ActivityManager: START u0 {act=android.intent.action.MAIN cat=[android.intent.category.LAUNCHER] flg=0x10000000 cmp=org.mozilla.fenix.nightly/org.mozilla.fenix.HomeActivity} from uid 2000
02-18 10:58:47.899  1456  5050 I ActivityManager: Start proc 3773:org.mozilla.fenix.nightly/u0a973 for activity org.mozilla.fenix.nightly/org.mozilla.fenix.HomeActivity
02-18 10:58:47.917  3728  3754 I Finsky  : [276141] rgj.a(38): Started reading experiment flags from file [0tGUNCGIkbk4o6-fQ335kUYSKwVj4lusnHT-A5Dsy08].
02-18 10:58:47.933  3728  3754 I Finsky  : [276141] rgj.a(49): Finished reading experiment flags from file [0tGUNCGIkbk4o6-fQ335kUYSKwVj4lusnHT-A5Dsy08].
02-18 10:58:47.948  3728  3754 I Finsky  : [276141] rgj.a(38): Started reading experiment flags from file [Se-xCc4LzNyh3UrKMIU2sUf-PUKz4oQEbpKZDMuaFno].
02-18 10:58:47.971  3728  3754 I Finsky  : [276141] rgj.a(49): Finished reading experiment flags from file [Se-xCc4LzNyh3UrKMIU2sUf-PUKz4oQEbpKZDMuaFno].
02-18 10:58:48.041  3728  3728 I Finsky  : [2] tqw.<init>(11): Resetting scheduler db
02-18 10:58:48.058  3728  3752 I Finsky  : [276139] ebz.U(6): Not a unicorn account
02-18 10:58:48.071  3773  3773 D FirebaseApp: com.google.firebase.auth.FirebaseAuth is not linked. Skipping initialization.
02-18 10:58:48.072  3773  3773 D FirebaseApp: com.google.firebase.crash.FirebaseCrash is not linked. Skipping initialization.
02-18 10:58:48.072  3773  3773 I FirebaseInitProvider: FirebaseApp initialization successful
02-18 10:58:48.084  3728  3752 W PrimesInit: Primes instant initialization
02-18 10:58:48.087  3728  3801 W Primes  : background initialization
02-18 10:58:48.093  3728  3752 I Finsky  : [276139] xqv.a(2): Disable SystemUpdateActivity, because Android is lower than Q
02-18 10:58:48.107  3728  3752 I zygote  : Deoptimizing java.lang.Object j$.util.concurrent.ConcurrentHashMap.putVal(java.lang.Object, java.lang.Object, boolean) due to JIT inline cache
02-18 10:58:48.110  3728  3752 I Finsky  : [276139] qtj.<init>(5): PackageMonitor - Registering in memory receiver for android.intent.action.PACKAGE_ADDED and android.intent.action.PACKAGE_REMOVED
02-18 10:58:48.115  3728  3805 I Finsky  : [276155] xqu.run(4): Set SystemUpdateActivity enabled state to 2
02-18 10:58:48.117  3728  3751 I cr_CronetLibraryLoader: Cronet version: 81.0.4021.0, arch: armv7l
02-18 10:58:48.140  3728  3751 W Finsky  : [276138] drd.a(21): For unauth, use getDfeApiNonAuthenticated() instead!
02-18 10:58:48.149  3728  3751 W Settings: Setting download_manager_max_bytes_over_mobile has moved from android.provider.Settings.Secure to android.provider.Settings.Global.
02-18 10:58:48.158  3728  3752 I Finsky  : [276139] ozh.c(4): Enqueuing libraries load for 0
02-18 10:58:48.159  3728  3751 I Finsky  : [276138] pxz.a(5): SettingNotFoundException, fall through to G.downloadBytesOverMobileMaximum
02-18 10:58:48.160  3728  3751 W Settings: Setting download_manager_recommended_max_bytes_over_mobile has moved from android.provider.Settings.Secure to android.provider.Settings.Global.
02-18 10:58:48.160  3773  3799 I FA      : Collection disabled with firebase_analytics_collection_enabled=0
02-18 10:58:48.160  3773  3799 I FA      : App measurement is starting up, version: 12780
02-18 10:58:48.161  3773  3799 I FA      : To enable debug logging run: adb shell setprop log.tag.FA VERBOSE
02-18 10:58:48.161  3773  3799 I FA      : To enable faster debug mode event logging run:
02-18 10:58:48.161  3773  3799 I FA      :   adb shell setprop debug.firebase.analytics.app org.mozilla.fenix.nightly
02-18 10:58:48.164  3728  3751 I Finsky  : [276138] pxz.a(9): SettingNotFoundException, fall through to G.downloadBytesOverMobileRecommended
02-18 10:58:48.164  3728  3795 I Finsky  : [276150] ozh.a(16): Starting libraries load for 0
02-18 10:58:48.169  3728  3750 I Finsky  : [276137] gvu.f(7): Subscription detail: N/A
02-18 10:58:48.172  1456  5050 D ConnectivityService: requestNetwork for uid/pid:10973/3773 NetworkRequest [ TRACK_DEFAULT id=26960, [ Capabilities: INTERNET&NOT_RESTRICTED&TRUSTED&NOT_VPN] ]
02-18 10:58:48.173  3773  3773 D FenixApplication: Initializing Glean (uploadEnabled=true, isFennec=false)
02-18 10:58:48.173  1456  2099 D Ethernet: got request NetworkRequest [ TRACK_DEFAULT id=26960, [ Capabilities: INTERNET&NOT_RESTRICTED&TRUSTED&NOT_VPN] ] with score 0
02-18 10:58:48.173  1456  2054 D WIFI_UT : got request NetworkRequest [ TRACK_DEFAULT id=26960, [ Capabilities: INTERNET&NOT_RESTRICTED&TRUSTED&NOT_VPN] ] with score 0
02-18 10:58:48.174  1456  2054 D WIFI    : got request NetworkRequest [ TRACK_DEFAULT id=26960, [ Capabilities: INTERNET&NOT_RESTRICTED&TRUSTED&NOT_VPN] ] with score 0
02-18 10:58:48.174  2398  2398 D PhoneSwitcherNetworkRequstListener: got request NetworkRequest [ TRACK_DEFAULT id=26960, [ Capabilities: INTERNET&NOT_RESTRICTED&TRUSTED&NOT_VPN] ] with score 0
02-18 10:58:48.191  3773  3773 D libglean_ffi: glean_ffi: Android logging should be hooked up!
02-18 10:58:48.194  3773  3773 I glean/Glean: Registering pings for mozilla.telemetry.glean.GleanMetrics.Pings
02-18 10:58:48.200  3728  3795 I Finsky  : [276150] ozh.a(38): Finished loading 0 libraries.
02-18 10:58:48.200  3773  3773 I libglean_ffi: glean_core: Creating new Glean
02-18 10:58:48.200  3773  3773 D libglean_ffi: glean_core::database: Database path: "/data/user/0/org.mozilla.fenix.nightly/glean_data/db"
02-18 10:58:48.201  3728  3750 I Finsky  : [276137] zws.l(5): Setup app restrictions monitor
02-18 10:58:48.201  3773  3773 I libglean_ffi: glean_core::database: Database initialized
02-18 10:58:48.201  3773  3773 I libglean_ffi: glean_ffi: Glean initialized
02-18 10:58:48.203  3728  3750 I Finsky  : [276137] zyp.a(4): Device wide unknown source restriction is changed.
02-18 10:58:48.209  3773  3838 I libglean_ffi: glean_core::ping: Collecting events
02-18 10:58:48.216  3773  3838 D libglean_ffi: glean_core::ping: Storing ping 'e90122f6-2a77-42f2-aa2d-973ae5586915' at '/data/user/0/org.mozilla.fenix.nightly/glean_data/pending_pings/e90122f6-2a77-42f2-aa2d-973ae5586915'
02-18 10:58:48.217  3773  3838 I libglean_ffi: glean_core: The ping 'events' was submitted and will be sent as soon as possible
02-18 10:58:48.226  3773  3773 D glean/MetricsPingSched: The 'metrics' ping was last sent on Tue Feb 18 00:00:00 EST 2020
02-18 10:58:48.227  3773  3773 I glean/MetricsPingSched: The 'metrics' ping was already sent today, Tue Feb 18 10:58:48 EST 2020.
02-18 10:58:48.228  3773  3773 D glean/MetricsPingSched: Scheduling the 'metrics' ping in 61271793ms
02-18 10:58:48.234  3773  3838 D libglean_ffi: glean_core: Clearing Lifetime::Application metrics
02-18 10:58:48.235  3728  3812 I PlayCommon: [276156] akew.c(29): Preparing logs for uploading
02-18 10:58:48.237  3773  3773 I glean/Dispatchers: Task queued for execution and delayed until flushed
02-18 10:58:48.245  3773  3842 D RustNativeSupport: findMegazordLibraryName(viaduct, 0.50.0
02-18 10:58:48.245  3773  3842 D RustNativeSupport: lib in use: none
02-18 10:58:48.245  3773  3842 D RustNativeSupport: lib configured: fenix
02-18 10:58:48.246  3773  3842 D RustNativeSupport: lib version configured: 0.50.0
02-18 10:58:48.246  3773  3842 D RustNativeSupport: settled on fenix
02-18 10:58:48.266  3773  3778 I zygote  : Do partial code cache collection, code=17KB, data=16KB
02-18 10:58:48.268  3728  3735 I zygote  : Do partial code cache collection, code=27KB, data=21KB
02-18 10:58:48.268  3728  3812 I PlayCommon: [276156] akew.c(133): Connecting to server for timestamp: https://play.googleapis.com/play/log/timestamp
02-18 10:58:48.270  3773  3778 I zygote  : After code cache collection, code=17KB, data=16KB
02-18 10:58:48.270  3773  3778 I zygote  : Increasing code cache capacity to 128KB
02-18 10:58:48.271  3728  3735 I zygote  : After code cache collection, code=25KB, data=20KB
02-18 10:58:48.271  3728  3735 I zygote  : Increasing code cache capacity to 128KB
02-18 10:58:48.274  3773  3842 D RustNativeSupport: findMegazordLibraryName(rustlog, 0.50.0
02-18 10:58:48.274  3773  3842 D RustNativeSupport: lib in use: none
02-18 10:58:48.274  3773  3842 D RustNativeSupport: lib configured: fenix
02-18 10:58:48.274  3773  3842 D RustNativeSupport: lib version configured: 0.50.0
02-18 10:58:48.274  3773  3842 D RustNativeSupport: settled on fenix
02-18 10:58:48.277  3773  3842 I rc_log_ffi::ios: rc_log adapter initialized!
02-18 10:58:48.279  3728  3812 D NetworkSecurityConfig: No Network Security Config specified, using platform default
02-18 10:58:48.283  3773  3838 I libglean_ffi: glean_core::ping: Collecting baseline
02-18 10:58:48.287  3728  3812 E PlayCommon: [276156] akew.c(10): Failed to connect to server for server timestamp: java.net.UnknownHostException: Unable to resolve host "play.googleapis.com": No address associated with hostname
02-18 10:58:48.287  3773  3838 D libglean_ffi: glean_core::ping: Storing ping 'fb16e5aa-4b28-41ae-a537-807006c46eac' at '/data/user/0/org.mozilla.fenix.nightly/glean_data/pending_pings/fb16e5aa-4b28-41ae-a537-807006c46eac'
02-18 10:58:48.287  3728  3812 W PlayCommon: [276156] akew.a(1): No account for auth token provided
02-18 10:58:48.288  3773  3838 I libglean_ffi: glean_core: The ping 'baseline' was submitted and will be sent as soon as possible
02-18 10:58:48.288  3728  3812 I PlayCommon: [276156] akew.c(164): Connecting to server: https://play.googleapis.com/play/log?format=raw&proto_v2=true
02-18 10:58:48.289  3728  3812 E PlayCommon: [276156] akew.c(222): Failed to connect to server: java.net.UnknownHostException: Unable to resolve host "play.googleapis.com": No address associated with hostname
02-18 10:58:48.298  3728  3728 I Finsky  : [2] ppb.onTrimMemory(1): Memory trim requested to level 15
02-18 10:58:48.303  3728  3728 I Finsky  : [2] lno.a(1): Scheduling NO_RECENT_SUCCESS in onApplicationCreate
02-18 10:58:48.306  3728  3850 I zygote  : Deoptimizing int aooz.a(java.lang.Object, byte[], int, int, int, aolt) due to JIT inline cache
02-18 10:58:48.309  3773  3773 D GeckoThread: State changed to LAUNCHED
02-18 10:58:48.310  3773  3851 I GeckoThread: preparing to run Gecko
02-18 10:58:48.319  3773  3773 D GeckoRuntime: Lifecycle: onCreate
02-18 10:58:48.320  3773  3851 D GeckoThread: State changed to MOZGLUE_READY
02-18 10:58:48.328  3728  3728 I Finsky  : [2] mre.<init>(12): Installer: Setting Parallelism[DEFAULT]
02-18 10:58:48.331  3728  3728 I Finsky  : [2] mnv.a(18): Installer: Attempting to start installer
02-18 10:58:48.333  3773  3851 W Settings: Setting animator_duration_scale has moved from android.provider.Settings.System to android.provider.Settings.Global, returning read-only global URI.
02-18 10:58:48.334  3728  3728 I zygote  : Deoptimizing java.lang.Object j$.util.concurrent.ConcurrentHashMap.putVal(java.lang.Object, java.lang.Object, boolean) due to JIT inline cache
02-18 10:58:48.335  3773  3773 I zygote  : Deoptimizing java.lang.Object androidx.collection.SimpleArrayMap.put(java.lang.Object, java.lang.Object) due to JIT inline cache
02-18 10:58:48.335  3773  3851 E GeckoLibLoad: Load sqlite start
02-18 10:58:48.339  3728  3728 I Finsky  : [2] mjc.<init>(8): Not checking if recovering from paused session because experiment is off
02-18 10:58:48.341  3773  3773 D GleanMetricsService: Enabling Glean.
02-18 10:58:48.349  3728  3728 I Finsky  : [2] gvt.onSubscriptionsChanged(1): onSubscriptionsChanged
02-18 10:58:48.353  3728  3728 I Finsky  : [2] mnv.a(230): Installer kick - no action, not running yet
02-18 10:58:48.353  3728  3728 I Finsky  : [2] ppb.onTrimMemory(1): Memory trim requested to level 80
02-18 10:58:48.361  3773  3851 W GeckoLinker: /data/app/org.mozilla.fenix.nightly-OMMSAmPCFCwS5lCarENG2Q==/lib/arm/libnss3.so: unhandled flags #8 not handled
02-18 10:58:48.362  3773  3838 I libglean_ffi: glean_core: Upload enabled: true
02-18 10:58:48.367  3773  3851 W GeckoLinker: /data/app/org.mozilla.fenix.nightly-OMMSAmPCFCwS5lCarENG2Q==/lib/arm/libnss3.so: Relocation to NULL @0x001b8ffc for symbol "__cxa_type_match"
02-18 10:58:48.367  3773  3851 E GeckoLibLoad: Load sqlite done
02-18 10:58:48.368  3773  3851 E GeckoLibLoad: Load nss start
02-18 10:58:48.368  3773  3851 E GeckoLibLoad: Load nss done
02-18 10:58:48.368  3773  3851 W GeckoLinker: /data/app/org.mozilla.fenix.nightly-OMMSAmPCFCwS5lCarENG2Q==/lib/arm/libxul.so: unhandled flags #8 not handled
02-18 10:58:48.368  3773  3851 W GeckoLinker: /data/app/org.mozilla.fenix.nightly-OMMSAmPCFCwS5lCarENG2Q==/lib/arm/liblgpllibs.so: unhandled flags #8 not handled
02-18 10:58:48.372  3773  3773 W [WARNING][Leanplum]: [com.leanplum.internal.ActionManager::getLocationManager::8]: Geofencing support requires leanplum-location module and Google Play Services v8.1 and higher.
02-18 10:58:48.372  3773  3773 W [WARNING][Leanplum]: Add this to your build.gradle file:
02-18 10:58:48.372  3773  3773 W [WARNING][Leanplum]: implementation 'com.google.android.gms:play-services-location:8.3.0+'
02-18 10:58:48.372  3773  3773 W [WARNING][Leanplum]: implementation 'com.leanplum:leanplum-location:+'
02-18 10:58:48.374  3773  3773 I [INFO][Leanplum]: [com.leanplum.monitoring.ExceptionHandler::setContext::6]: LeanplumExceptionHandler could not initialize Exception Reporting.This is expected if you have not included the leanplum-monitoring module
02-18 10:58:48.388  3773  3859 I [INFO][Leanplum]: [com.leanplum.LeanplumFcmProvider::isManifestSetup::11]: Firebase Messaging is setup correctly.
02-18 10:58:48.390  3728  3728 I Finsky  : [2] tpg.a(37): Cancelling existing jobscheduler jobs: 9007 9005 9000 9008 9006 
02-18 10:58:48.391  3728  3728 I Finsky  : [2] tpg.a(51): Scheduling immediate wakeup job with id: 9000
02-18 10:58:48.394  3773  3773 I FirefoxAccountStateMachine: Enabling/updating sync with a new SyncConfig: SyncConfig(supportedEngines=[mozilla.components.service.fxa.SyncEngine$History@86f0006, mozilla.components.service.fxa.SyncEngine$Bookmarks@3e906c7, mozilla.components.service.fxa.SyncEngine$Passwords@f32b4f4], syncPeriodInMinutes=240)
02-18 10:58:48.397  3773  3773 I BgSyncManager: Periodic syncing enabled at a 240 interval
02-18 10:58:48.397  3773  3773 I FirefoxAccountStateMachine: Sync is enabled
02-18 10:58:48.398  3773  3773 D PushConfig: Creating push configuration for autopush.
02-18 10:58:48.415  3773  3851 E GeckoLibLoad: Loaded libs in 47.300525ms total, 23ms(123ms) user, 13ms(33ms) system, 0(0) faults
02-18 10:58:48.416  3773  3851 D GeckoThread: State changed to LIBS_READY
02-18 10:58:48.417  3773  3851 W GeckoThread: zerdatime 14569622184 - runGecko
02-18 10:58:48.420  3773  3868 I FirefoxAccountStateMachine: Processing event Event$Init for state Start. Next state is Start
02-18 10:58:48.420  3773  3773 I App     : AutoPushFeature is configured, initializing it...
02-18 10:58:48.420  3773  3773 I AutoPushFeature: Checking validity of push subscriptions.
02-18 10:58:48.422  3773  3851 D GeckoProfile: Loading profile at: null name: default
02-18 10:58:48.427  3773  3851 D GeckoProfile: Found profile dir: /data/user/0/org.mozilla.fenix.nightly/files/mozilla/v77rzgzd.default
02-18 10:58:48.442  1456  1601 W ActivityManager: Activity pause timeout for ActivityRecord{45b1a67 u0 org.mozilla.fenix.nightly/org.mozilla.fenix.HomeActivity t25684}
02-18 10:58:48.444  3728  3728 I Finsky  : [2] JobSchedulerEngine$PhoneskyJobSchedulerJobService.onStartJob(5): SCH: onJobSchedulerWakeup with jobId 9000
02-18 10:58:48.448  3773  3868 I FirefoxAccountStateMachine: Ran 'Event$Init' side-effects for state Start, got successive event Event$AccountNotFound
02-18 10:58:48.448  3773  3868 I FirefoxAccountStateMachine: Processing event Event$AccountNotFound for state Start. Next state is NotAuthenticated
02-18 10:58:48.449  3728  3728 I Finsky  : [2] tnz.a(24): Scheduling fallback job with id: 9034, and delay: 43200000 ms
02-18 10:58:48.452  3728  3728 I Finsky  : [2] tnz.a(5): Scheduling fallback in 64799998 (absolute: 14634422217)
02-18 10:58:48.453  3773  3868 D RustNativeSupport: findMegazordLibraryName(fxaclient, 0.50.0
02-18 10:58:48.453  3773  3868 D RustNativeSupport: lib in use: none
02-18 10:58:48.453  3773  3868 D RustNativeSupport: lib configured: fenix
02-18 10:58:48.453  3773  3868 D RustNativeSupport: lib version configured: 0.50.0
02-18 10:58:48.453  3773  3868 D RustNativeSupport: settled on fenix
02-18 10:58:48.456  3728  3728 I Finsky  : [2] tqw.a(7): SCH: Jobs in database: 1-1337 3-1789 3-1791 12-1 24-77777777 26-1414141414 29-29 
02-18 10:58:48.456  3728  3728 I Finsky  : [2] tqu.run(8): SCH: JobExecutor already running, not rescheduling
02-18 10:58:48.458  3773  3868 D fxaclient_ffi: fxa_new
02-18 10:58:48.467  3728  3728 I Finsky  : [2] toi.handleMessage(10): SCH: DeviceState: DeviceState{currentTime=1582041528458, isCharging=false, isIdle=false, netAny=false, netNotRoaming=false, netUnmetered=false, batteryPercent=84.0}
02-18 10:58:48.482  3728  3792 I Finsky  : [276148] tqw.a(7): SCH: Jobs in database: 1-1337 3-1789 3-1791 12-1 24-77777777 26-1414141414 29-29 
02-18 10:58:48.507  3773  3773 D PhoneWindow: Restoring navigation bar divider color to default value = 0x00000000
02-18 10:58:48.521  3728  3728 I Finsky  : [2] toj.a(20): SCH: Running job: 1-1337
02-18 10:58:48.541  3728  3728 I Finsky  : [2] loa.a(39): Starting Hygiene for reason 15
02-18 10:58:48.542  3728  3728 W Finsky  : [2] drd.a(21): For unauth, use getDfeApiNonAuthenticated() instead!
02-18 10:58:48.560  1456  5907 I ActivityManager: Start proc 3879:com.google.process.gapps/u0a36 for content provider com.google.android.gsf/.settings.GoogleSettingsProvider
02-18 10:58:48.596  3879  3879 I zygote  : The ClassLoaderContext is a special shared library.
02-18 10:58:48.628  3879  3879 I GoogleHttpClient: GMS http client unavailable, use old client
02-18 10:58:48.636  3773  3778 I zygote  : Do partial code cache collection, code=61KB, data=40KB
02-18 10:58:48.639  3773  3778 I zygote  : After code cache collection, code=59KB, data=40KB
02-18 10:58:48.639  3773  3778 I zygote  : Increasing code cache capacity to 256KB
02-18 10:58:48.675  3728  3899 I zygote  : Deoptimizing java.lang.Object j$.util.concurrent.ConcurrentHashMap.get(java.lang.Object) due to JIT inline cache
02-18 10:58:48.679  3728  3728 I Finsky  : [2] lol.b(10): Probe unauthenticated for hygiene pass
02-18 10:58:48.685  3728  3728 I Finsky  : [2] toi.handleMessage(63): SCH: RunningQueue size: 1, PendingQueue size: 0
02-18 10:58:48.686  3728  3728 I Finsky  : [2] toi.handleMessage(66): SCH: Running queue: 1-1337 
02-18 10:58:48.687  3728  3900 I Finsky  : [276184] ilh.a(20): Empty account name, not fetching device config token.
02-18 10:58:48.687  3728  3900 I Finsky  : [276184] lli.a(1): Request device config token was successful when fetching experiments.
02-18 10:58:48.687  3728  3900 W Finsky  : [276184] drd.a(21): For unauth, use getDfeApiNonAuthenticated() instead!
02-18 10:58:48.719  1456  5907 I ActivityManager: Start proc 3906:android.process.media/u0a31 for content provider com.android.providers.downloads/.DownloadProvider
02-18 10:58:48.762  3906  3906 I zygote  : The ClassLoaderContext is a special shared library.
02-18 10:58:48.785  3906  3906 I zygote  : The ClassLoaderContext is a special shared library.
02-18 10:58:48.787  3773  3851 I Gecko:DumpUtils: Fifo watcher disabled via pref.
02-18 10:58:48.792  3728  3755 I zygote  : Deoptimizing void aoln.a(java.lang.Iterable, java.util.List) due to JIT inline cache
02-18 10:58:48.797  3773  3773 D GeckoRuntime: Lifecycle: onStart
02-18 10:58:48.815  3773  3773 I [INFO][Leanplum]: [com.leanplum.internal.RequestOld::sendIfConnected::4]: Device is offline, will send later
02-18 10:58:48.824  3728  3755 I Finsky  : [276142] llf.a(10): Sending Heterodyne sync request for package com.android.vending
02-18 10:58:48.847  3773  3773 D GeckoRuntime: Lifecycle: onResume
02-18 10:58:48.847  3773  3868 W FirefoxAccountStateMachine: Got invalid event Event$Init for state NotAuthenticated.
02-18 10:58:48.850  3773  3773 D GeckoNetworkManager: Incoming event start for state OffNoListeners -> OnNoListeners
02-18 10:58:48.851  3773  3773 D GeckoNetworkManager: New network state: DOWN, NONE, UNKNOWN
02-18 10:58:48.870  1456  1893 D BatteryService: uevent={POWER_SUPPLY_VOLTAGE_NOW=4095282, POWER_SUPPLY_CHARGE_RATE=Normal, POWER_SUPPLY_HEALTH=Good, POWER_SUPPLY_CURRENT_NOW=223997, POWER_SUPPLY_PRESENT=1, SUBSYSTEM=power_supply, POWER_SUPPLY_TEMP=257, SEQNUM=379055, ACTION=change, POWER_SUPPLY_NAME=battery, POWER_SUPPLY_STATUS=Charging, POWER_SUPPLY_CHARGE_COUNTER=2381536, POWER_SUPPLY_CAPACITY=84, DEVPATH=/devices/soc/qpnp-smbcharger-17/power_supply/battery}
02-18 10:58:48.871  3728  3755 I Finsky  : [276142] llf.a(5): Received Heterodyne sync response. StatusCode=-1
02-18 10:58:48.878  2398  2398 D QtiCarrierConfigHelper: WARNING, no carrier configs on phone Id: 0
02-18 10:58:48.883  3773  3851 D GeckoSysInfo: System memory: 1867MB.
02-18 10:58:48.888  3773  3851 D GeckoThread: State changed to JNI_READY
02-18 10:58:48.904  3728  3902 I Finsky  : [276186] mmw.run(2): Installer: Installer starting.
02-18 10:58:48.904  3728  3902 I Finsky  : [276186] mmw.run(4): Installer: Installer started.
02-18 10:58:48.908  3728  3728 I Finsky  : [2] mnv.a(238): Installer: found apps to install. isMultiUserMode=false, apps=[]
02-18 10:58:48.911  3773  3953 D OpenGLRenderer: HWUI GL Pipeline
02-18 10:58:48.916  1456  4802 I ActivityManager: Start proc 3956:org.mozilla.fenix.nightly:tab/u0a973 for service org.mozilla.fenix.nightly/org.mozilla.gecko.process.GeckoServiceChildProcess$tab
02-18 10:58:48.918  3728  3900 I Finsky  : [276184] hcp.a(24): No selector loaded
02-18 10:58:48.925  3773  3783 I zygote  : Background concurrent copying GC freed 11621(1182KB) AllocSpace objects, 19(548KB) LOS objects, 50% free, 3MB/6MB, paused 2.175ms total 106.538ms
02-18 10:58:48.938  3773  3773 I glean/Glean: Registering pings for org.mozilla.fenix.GleanMetrics.Pings
02-18 10:58:48.947  3728  3900 I Finsky  : [276184] ill.d(66): System was updated or GL extensions were already cached.
02-18 10:58:48.956  3728  3728 I Finsky  : [2] tqf.a(3): SCH: Canceling job 3-1789
02-18 10:58:48.967  3728  3728 I Finsky  : [2] tqf.a(3): SCH: Canceling job 3-1791
02-18 10:58:48.994  3773  3773 D App     : ActivationPing - already generated
02-18 10:58:49.004  3728  3954 I Finsky  : [276190] mzx.c(27): IQ: Creating job 1792, for (REQ_DEVICE_IDLE, REQ_GEARHEAD_PROJECTION_OFF, MIN_BATTERY=50, SHOULD_APPLY_BUDGET=true, NETWORK=UNMETERED, PROVISIONING_STATE=PROVISIONED)
02-18 10:58:49.021  3728  3786 I Finsky  : [276144] rgo.c(1): Triggered update for experiment package com.google.android.finsky.stable.
02-18 10:58:49.038  3728  3954 I Finsky  : [276190] mzx.c(27): IQ: Creating job 1793, for (REQ_CHARGING, REQ_DEVICE_IDLE, REQ_GEARHEAD_PROJECTION_OFF, NETWORK=UNMETERED, PROVISIONING_STATE=PROVISIONED)
02-18 10:58:49.040  3773  3773 I [INFO][Leanplum]: [com.leanplum.internal.RequestOld::sendIfConnected::4]: Device is offline, will send later
02-18 10:58:49.061  3956  3956 D GeckoThread: State changed to LAUNCHED
02-18 10:58:49.063  3956  3985 I GeckoThread: preparing to run Gecko
02-18 10:58:49.064  3773  3773 D GeckoNetworkManager: Incoming event receivedUpdate for state OnNoListeners -> OnNoListeners
02-18 10:58:49.065  3773  3773 D GeckoNetworkManager: New network state: DOWN, NONE, UNKNOWN
02-18 10:58:49.082  1456  2162 I ActivityManager: Start proc 3987:org.mozilla.fenix.nightly:socket/u0a973 for service org.mozilla.fenix.nightly/org.mozilla.gecko.process.GeckoServiceChildProcess$socket
02-18 10:58:49.146  1456  1673 I WindowManager: Failed to capture screenshot of Token{f7fd014 ActivityRecord{45b1a67 u0 org.mozilla.fenix.nightly/org.mozilla.fenix.HomeActivity t25684}} appWin=Window{5916a75 u0 Splash Screen org.mozilla.fenix.nightly} drawState=4
02-18 10:58:49.172  3728  3728 I Finsky  : [2] vbf.a(23): Connecting InstallListener to SplitInstallService broadcaster...
02-18 10:58:49.205  3728  3740 I zygote  : Background concurrent copying GC freed 8343(763KB) AllocSpace objects, 2(40KB) LOS objects, 50% free, 3MB/7MB, paused 188us total 110.732ms
02-18 10:58:49.241  3987  3987 D GeckoThread: State changed to LAUNCHED
02-18 10:58:49.242  3987  4012 I GeckoThread: preparing to run Gecko
02-18 10:58:49.254  3987  4012 D GeckoThread: State changed to MOZGLUE_READY
02-18 10:58:49.266  3987  4012 W Settings: Setting animator_duration_scale has moved from android.provider.Settings.System to android.provider.Settings.Global, returning read-only global URI.
02-18 10:58:49.269  3987  4012 E GeckoLibLoad: Load sqlite start
02-18 10:58:49.279  3728  3786 I Finsky  : [276144] rgo.c(8): Already at the latest configurations for experiment package com.google.android.finsky.stable.
02-18 10:58:49.280  3728  3795 I Finsky  : [276150] rgo.c(1): Triggered update for experiment package com.google.android.finsky.regular.
02-18 10:58:49.280  3728  3813 I Finsky  : [276157] rgf.c(5): Retrieved DSE selection state is false (cache=rgg@287f91)
02-18 10:58:49.280  3728  3813 I Finsky  : [276157] rgs.a(4): DSE selection state after sync is false (cache=rgg@287f91)
02-18 10:58:49.290  3892  3892 D AndroidRuntime: >>>>>> START com.android.internal.os.RuntimeInit uid 2000 <<<<<<
02-18 10:58:49.290  3728  3735 I zygote  : Do partial code cache collection, code=59KB, data=57KB
02-18 10:58:49.292  3728  3735 I zygote  : After code cache collection, code=48KB, data=52KB
02-18 10:58:49.292  3728  3735 I zygote  : Increasing code cache capacity to 256KB
02-18 10:58:49.294  3987  4012 W GeckoLinker: /data/app/org.mozilla.fenix.nightly-OMMSAmPCFCwS5lCarENG2Q==/lib/arm/libnss3.so: unhandled flags #8 not handled
02-18 10:58:49.300  3987  4012 W GeckoLinker: /data/app/org.mozilla.fenix.nightly-OMMSAmPCFCwS5lCarENG2Q==/lib/arm/libnss3.so: Relocation to NULL @0x001b8ffc for symbol "__cxa_type_match"
02-18 10:58:49.300  3987  4012 E GeckoLibLoad: Load sqlite done
02-18 10:58:49.301  3987  4012 E GeckoLibLoad: Load nss start
02-18 10:58:49.301  3987  4012 E GeckoLibLoad: Load nss done
02-18 10:58:49.302  3987  4012 W GeckoLinker: /data/app/org.mozilla.fenix.nightly-OMMSAmPCFCwS5lCarENG2Q==/lib/arm/libxul.so: unhandled flags #8 not handled
02-18 10:58:49.302  3987  4012 W GeckoLinker: /data/app/org.mozilla.fenix.nightly-OMMSAmPCFCwS5lCarENG2Q==/lib/arm/liblgpllibs.so: unhandled flags #8 not handled
02-18 10:58:49.306  3892  3892 W app_process: Could not reserve sentinel fault page
02-18 10:58:49.343  3987  4012 E GeckoLibLoad: Loaded libs in 42.117140ms total, 40ms(40ms) user, 3ms(0ms) system, 0(0) faults
02-18 10:58:49.343  3987  4012 D GeckoThread: State changed to LIBS_READY
02-18 10:58:49.344  3987  4012 W GeckoThread: zerdatime 14569623111 - runGecko
02-18 10:58:49.435  3728  3795 I Finsky  : [276150] rgo.c(8): Already at the latest configurations for experiment package com.google.android.finsky.regular.
02-18 10:58:49.436  3728  3813 I Finsky  : [276157] rgf.c(5): Retrieved DSE selection state is false (cache=rgg@287f91)
02-18 10:58:49.436  3728  3813 I Finsky  : [276157] rgs.a(4): DSE selection state after sync is false (cache=rgg@287f91)
02-18 10:58:49.442  3728  3813 I Finsky  : [276157] ilh.a(20): Empty account name, not fetching device config token.
02-18 10:58:49.442  3728  3813 I Finsky  : [276157] ubp.a(1): Request device config token was successful in self update.
02-18 10:58:49.466  3728  3735 I zygote  : Do full code cache collection, code=89KB, data=70KB
02-18 10:58:49.468  3728  3735 I zygote  : After code cache collection, code=45KB, data=25KB
02-18 10:58:49.492  3892  3892 I app_process: The ClassLoaderContext is a special shared library.
02-18 10:58:49.555  3728  3728 W Finsky  : [2] loj.a(19): Self-update check failed with error: com.android.volley.NoConnectionError: org.chromium.net.impl.NetworkExceptionImpl: Exception in CronetUrlRequest: net::ERR_INTERNET_DISCONNECTED, ErrorCode=2, InternalErrorCode=-106, Retryable=false
02-18 10:58:49.560  3987  4012 D GeckoThread: State changed to RUNNING
02-18 10:58:49.560  3892  3892 D AndroidRuntime: Calling main entry com.android.commands.input.Input
02-18 10:58:49.562  3892  3892 I Input   : injectKeyEvent: KeyEvent { action=ACTION_DOWN, keyCode=KEYCODE_HOME, scanCode=0, metaState=0, flags=0x0, repeatCount=0, eventTime=14117586756, downTime=14117586756, deviceId=-1, source=0x101 }
02-18 10:58:49.564  3892  3892 I Input   : injectKeyEvent: KeyEvent { action=ACTION_UP, keyCode=KEYCODE_HOME, scanCode=0, metaState=0, flags=0x0, repeatCount=0, eventTime=14117586756, downTime=14117586756, deviceId=-1, source=0x101 }
02-18 10:58:49.565  3892  3892 D AndroidRuntime: Shutting down VM
02-18 10:58:49.629  3773  3773 D GeckoRuntime: Lifecycle: onPause
02-18 10:58:49.629  3773  3773 D GeckoNetworkManager: Incoming event stop for state OnNoListeners -> OffNoListeners
02-18 10:58:49.630  3773  3773 I SessionStorage/AutoSave: Save: Background
02-18 10:58:49.636  3773  3843 D SessionStorage/AutoSave: Saved state to disk [3ms]
02-18 10:58:49.638  3773  3838 I libglean_ffi: glean_core::ping: Collecting baseline
02-18 10:58:49.645  3773  3838 D libglean_ffi: glean_core::ping: Storing ping '5f741069-e50b-4ce9-a5f7-998b1b212034' at '/data/user/0/org.mozilla.fenix.nightly/glean_data/pending_pings/5f741069-e50b-4ce9-a5f7-998b1b212034'
02-18 10:58:49.645  3773  3838 I libglean_ffi: glean_core: The ping 'baseline' was submitted and will be sent as soon as possible
02-18 10:58:49.649  3773  3838 I libglean_ffi: glean_core::ping: Collecting events
02-18 10:58:49.653  3773  3838 D libglean_ffi: glean_core::ping: Storing ping 'c3770c7f-c295-4083-a003-85d76dd6969c' at '/data/user/0/org.mozilla.fenix.nightly/glean_data/pending_pings/c3770c7f-c295-4083-a003-85d76dd6969c'
02-18 10:58:49.653  3773  3838 I libglean_ffi: glean_core: The ping 'events' was submitted and will be sent as soon as possible
02-18 10:58:49.665  3728  3728 I Finsky  : [2] tpt.a(13): SCH: jobFinished: 1-1337. TimeElapsed: 1143ms.
02-18 10:58:49.668  3773  3851 I Gecko   : 1582041529664	addons.xpi	WARN	List of valid built-in add-ons could not be parsed.: [Exception... "Component returned failure code: 0x80520012 (NS_ERROR_FILE_NOT_FOUND) [nsIXPCComponents_Utils.readUTF8URI]"  nsresult: "0x80520012 (NS_ERROR_FILE_NOT_FOUND)"  location: "JS frame :: resource://gre/modules/addons/XPIProvider.jsm :: startup :: line 2372"  data: no] Stack trace: startup()@resource://gre/modules/addons/XPIProvider.jsm:2372
02-18 10:58:49.668  3773  3851 I Gecko   : callProvider()@resource://gre/modules/AddonManager.jsm:215
02-18 10:58:49.668  3773  3851 I Gecko   : _startProvider()@resource://gre/modules/AddonManager.jsm:587
02-18 10:58:49.668  3773  3851 I Gecko   : startup()@resource://gre/modules/AddonManager.jsm:811
02-18 10:58:49.668  3773  3851 I Gecko   : startup()@resource://gre/modules/AddonManager.jsm:3482
02-18 10:58:49.668  3773  3851 I Gecko   : observe()@resource://gre/modules/addonManager.js:87
02-18 10:58:49.669  3728  3728 I Finsky  : [2] toj.a(39): SCH: Job 1-1337 finished. Rescheduling.
02-18 10:58:49.671  3728  3728 I Finsky  : [2] toi.handleMessage(63): SCH: RunningQueue size: 0, PendingQueue size: 0
02-18 10:58:49.671  3728  3728 I Finsky  : [2] toi.handleMessage(70): Waiting on changed job store
02-18 10:58:49.748  3773  3851 D GeckoThread: State changed to PROFILE_READY
02-18 10:58:49.833  3773  3851 D GeckoThread: State changed to RUNNING
02-18 10:58:49.850  3773  3851 W GeckoEventDispatcher: No listener for AndroidCastDevice:SyncDevice
02-18 10:58:49.856  3773  3851 I Gecko   : -*- nsDNSServiceDiscovery.js : nsDNSServiceDiscovery
