--------- beginning of main
05-09 22:01:51.532  1456  1605 I chatty  : uid=1000(system) ActivityManager expire 11 lines
--------- beginning of system
05-09 22:01:51.538  1456  1471 D ConnectivityService: ConnectivityService NetworkRequestInfo binderDied(NetworkRequest [ LISTEN id=45551, [ Capabilities: INTERNET&NOT_RESTRICTED&TRUSTED] ], android.os.BinderProxy@7725e47)
05-09 22:01:51.547  1456  1605 W zygote  : kill(-3432, 9) failed: No such process
05-09 22:01:51.548  1456  1605 I zygote  : Successfully killed process cgroup uid 11319 pid 3432 in 540ms
05-09 22:01:51.549  1456  1605 W zygote  : kill(-3510, 9) failed: No such process
05-09 22:01:51.552  1456  1605 I zygote  : Successfully killed process cgroup uid 11319 pid 3510 in 0ms
05-09 22:01:51.554  1456  1605 W zygote  : kill(-14389, 9) failed: No such process
05-09 22:01:51.554  1456  1605 I zygote  : Successfully killed process cgroup uid 10062 pid 14389 in 0ms
05-09 22:01:51.555  1456  1605 W zygote  : kill(-3216, 9) failed: No such process
05-09 22:01:51.555  1456  1605 I zygote  : Successfully killed process cgroup uid 10030 pid 3216 in 0ms
05-09 22:01:51.555  1456  1605 W zygote  : kill(-3098, 9) failed: No such process
05-09 22:01:51.556  1456  1605 I zygote  : Successfully killed process cgroup uid 10027 pid 3098 in 0ms
05-09 22:01:51.556  1456  1605 W zygote  : kill(-14063, 9) failed: No such process
05-09 22:01:51.556  1456  1605 I zygote  : Successfully killed process cgroup uid 10062 pid 14063 in 0ms
05-09 22:01:51.556  1456  1605 W zygote  : kill(-1803, 9) failed: No such process
05-09 22:01:51.556  1456  1605 I zygote  : Successfully killed process cgroup uid 10091 pid 1803 in 0ms
05-09 22:01:51.556  1456  1605 W zygote  : kill(-3156, 9) failed: No such process
05-09 22:01:51.569  1456  1605 I chatty  : uid=1000(system) ActivityManager identical 1 line
05-09 22:01:51.582  1456  1605 W zygote  : kill(-3156, 9) failed: No such process
05-09 22:01:51.582  1456  1605 I zygote  : Successfully killed process cgroup uid 10036 pid 3156 in 25ms
05-09 22:01:51.582  1456  1605 W zygote  : kill(-3249, 9) failed: No such process
05-09 22:01:51.582  1456  1605 I zygote  : Successfully killed process cgroup uid 10090 pid 3249 in 0ms
05-09 22:01:51.583  1456  1605 W zygote  : kill(-14001, 9) failed: No such process
05-09 22:01:51.583  1456  1605 I zygote  : Successfully killed process cgroup uid 10108 pid 14001 in 0ms
05-09 22:01:51.583  1456  1605 W zygote  : kill(-3400, 9) failed: No such process
05-09 22:01:51.583  1456  1605 I zygote  : Successfully killed process cgroup uid 10044 pid 3400 in 0ms
05-09 22:01:51.583  1456  1605 W zygote  : kill(-3137, 9) failed: No such process
05-09 22:01:51.583  1456  1605 I zygote  : Successfully killed process cgroup uid 1000 pid 3137 in 0ms
05-09 22:01:51.583  1456  1605 W zygote  : kill(-3113, 9) failed: No such process
05-09 22:01:51.584  1456  1605 I zygote  : Successfully killed process cgroup uid 10085 pid 3113 in 0ms
05-09 22:01:51.585  1456  1605 W zygote  : kill(-29569, 9) failed: No such process
05-09 22:01:51.585  1456  1605 I zygote  : Successfully killed process cgroup uid 10041 pid 29569 in 0ms
05-09 22:01:51.586  1456  1605 W zygote  : kill(-3268, 9) failed: No such process
05-09 22:01:51.586  1456  1605 I zygote  : Successfully killed process cgroup uid 10114 pid 3268 in 0ms
05-09 22:01:51.587  1456  1605 W zygote  : kill(-13082, 9) failed: No such process
05-09 22:01:51.587  1456  1605 I zygote  : Successfully killed process cgroup uid 11187 pid 13082 in 0ms
05-09 22:01:51.587  1456  1605 W zygote  : kill(-15883, 9) failed: No such process
05-09 22:01:51.587  1456  1605 I zygote  : Successfully killed process cgroup uid 10014 pid 15883 in 0ms
05-09 22:01:51.587  1456  1605 W zygote  : kill(-14145, 9) failed: No such process
05-09 22:01:51.587  1456  1605 I zygote  : Successfully killed process cgroup uid 10031 pid 14145 in 0ms
05-09 22:01:51.702  1456  2196 I ActivityManager: START u0 {act=android.intent.action.VIEW dat=https://example.com/... typ=text/html flg=0x10000000 cmp=org.mozilla.fennec_aurora/org.mozilla.fenix.IntentReceiverActivity} from uid 2000
05-09 22:01:51.702   794   839 E ANDR-PERF-RESOURCEQS: Failed to apply optimization [4, 0]
05-09 22:01:51.722  1456  4829 I ActivityManager: Start proc 3738:org.mozilla.fennec_aurora/u0a1319 for activity org.mozilla.fennec_aurora/org.mozilla.fenix.IntentReceiverActivity
05-09 22:01:51.737  2748  2917 W OpenGLRenderer: Incorrectly called buildLayer on View: ShortcutAndWidgetContainer, destroying layer...
05-09 22:01:51.811 21279 21329 I MicroDetectionState: Should stop hotword detection immediately - false
05-09 22:01:51.811 21279 21329 I MicroDetector: Keeping mic open: false
05-09 22:01:51.811 21279 21329 I MicroDetector: #shutdownAudioWithAudioLibrary
05-09 22:01:51.811 21279 28082 E DeviceStateChecker: DeviceStateChecker cancelled
05-09 22:01:51.812 21279 21314 I MicroRecognitionRunner: Stopping hotword detection.
05-09 22:01:51.812 21279 29345 W b       : #read failed: read EOF from AudioAccessor.
05-09 22:01:51.813 21279 29345 I MicroRecognitionRunner: Detection finished
05-09 22:01:51.845  1456  7796 I OpenGLRenderer: Initialized EGL, version 1.4
05-09 22:01:51.846  1456  7796 D OpenGLRenderer: Swap behavior 2
05-09 22:01:51.856   788  1479 D audio_hw_primary: disable_audio_route: usecase(9) reset and update mixer path: audio-record
05-09 22:01:51.857   788  1479 D audio_hw_primary: disable_snd_device: snd_device(120: voice-rec-mic)
05-09 22:01:51.858  1012 19499 D APM_AudioPolicyManager: stopInput() input 341510, session 341625
05-09 22:01:51.859   788  1479 D audio_hw_primary: in_set_parameters: enter: kvpairs=routing=0
05-09 22:01:51.861 21279 21329 I HotwordLSAdapter: stopListeningStatus result: 1
05-09 22:01:51.885  3738  3738 D FirebaseApp: com.google.firebase.auth.FirebaseAuth is not linked. Skipping initialization.
05-09 22:01:51.886  3738  3738 D FirebaseApp: com.google.firebase.crash.FirebaseCrash is not linked. Skipping initialization.
05-09 22:01:51.887  3738  3738 I FirebaseInitProvider: FirebaseApp initialization successful
05-09 22:01:51.955  3738  3738 D FennecProfile: profiles.ini: true
05-09 22:01:51.957  3738  3756 I FA      : Collection disabled with firebase_analytics_collection_enabled=0
05-09 22:01:51.958  3738  3756 I FA      : App measurement is starting up, version: 12780
05-09 22:01:51.958  3738  3756 I FA      : To enable debug logging run: adb shell setprop log.tag.FA VERBOSE
05-09 22:01:51.958  3738  3756 I FA      : To enable faster debug mode event logging run:
05-09 22:01:51.958  3738  3756 I FA      :   adb shell setprop debug.firebase.analytics.app org.mozilla.fennec_aurora
05-09 22:01:51.958  3738  3738 D FennecProfile: Ignoring line in [general] section: StartWithLastProfile=1
05-09 22:01:51.958  3738  3738 D FennecProfile: Found 1 profiles
05-09 22:01:51.959  3738  3738 D FennecProfile: Found default profile: FennecProfile(name=default, path=/data/user/0/org.mozilla.fennec_aurora/files/mozilla/yhyrj6e6.default, default=true)
05-09 22:01:51.964  3738  3738 D FennecMigrator: No migrations to run. Fennec install - false.
05-09 22:01:51.974  3738  3738 D FenixApplication: Initializing Glean (uploadEnabled=true, isFennec=true)
05-09 22:01:51.981  3738  3764 D RustNativeSupport: findMegazordLibraryName(viaduct, 0.58.2
05-09 22:01:51.981  3738  3764 D RustNativeSupport: lib in use: none
05-09 22:01:51.982  3738  3764 D RustNativeSupport: lib configured: megazord
05-09 22:01:51.982  3738  3764 D RustNativeSupport: lib version configured: 0.58.2
05-09 22:01:51.982  3738  3764 D RustNativeSupport: settled on megazord
05-09 22:01:51.999  3738  3763 D libglean_ffi: glean_ffi: Android logging should be hooked up!
05-09 22:01:52.003  3738  3763 I glean/Glean: Registering pings for mozilla.telemetry.glean.GleanMetrics.Pings
05-09 22:01:52.005  3738  3738 D GeckoThread: State changed to LAUNCHED
05-09 22:01:52.006  3738  3763 I libglean_ffi: glean_core: Creating new Glean
05-09 22:01:52.006  3738  3763 D libglean_ffi: glean_core::database: Database path: "/data/user/0/org.mozilla.fennec_aurora/glean_data/db"
05-09 22:01:52.006  3738  3764 D RustNativeSupport: findMegazordLibraryName(rustlog, 0.58.2
05-09 22:01:52.006  3738  3764 D RustNativeSupport: lib in use: none
05-09 22:01:52.007  3738  3764 D RustNativeSupport: lib configured: megazord
05-09 22:01:52.007  3738  3764 D RustNativeSupport: lib version configured: 0.58.2
05-09 22:01:52.007  3738  3764 D RustNativeSupport: settled on megazord
05-09 22:01:52.007  3738  3767 I GeckoThread: preparing to run Gecko
05-09 22:01:52.007  3738  3763 I libglean_ffi: glean_core::database: Database initialized
05-09 22:01:52.012  3738  3763 I libglean_ffi: glean_ffi: Glean initialized
05-09 22:01:52.013  3738  3738 D GeckoRuntime: Lifecycle: onCreate
05-09 22:01:52.015  3738  3767 D GeckoThread: State changed to MOZGLUE_READY
05-09 22:01:52.016  3738  3764 I rc_log_ffi::ios: rc_log adapter initialized!
05-09 22:01:52.017  3738  3763 I libglean_ffi: glean_core::ping: Collecting events
05-09 22:01:52.020  3738  3763 D libglean_ffi: glean_core::ping: Storing ping '5ec13d5e-23f4-45e6-886c-f688efcb8c5e' at '/data/user/0/org.mozilla.fennec_aurora/glean_data/pending_pings/5ec13d5e-23f4-45e6-886c-f688efcb8c5e'
05-09 22:01:52.021  3738  3763 I libglean_ffi: glean_core: The ping 'events' was submitted and will be sent as soon as possible
05-09 22:01:52.027  3738  3738 I zygote  : Deoptimizing java.lang.Object androidx.collection.SimpleArrayMap.put(java.lang.Object, java.lang.Object) due to JIT inline cache
05-09 22:01:52.029  3738  3767 W Settings: Setting animator_duration_scale has moved from android.provider.Settings.System to android.provider.Settings.Global, returning read-only global URI.
05-09 22:01:52.033  3738  3767 E GeckoLibLoad: Load sqlite start
05-09 22:01:52.037  3738  3767 E GeckoLibLoad: Load sqlite done
05-09 22:01:52.038  3738  3767 E GeckoLibLoad: Load nss start
05-09 22:01:52.038  3738  3767 E GeckoLibLoad: Load nss done
05-09 22:01:52.040  3738  3738 D GleanMetricsService: Enabling Glean.
05-09 22:01:52.053  3738  3763 D glean/MetricsPingSched: The 'metrics' ping was last sent on Sat May 09 00:00:00 EDT 2020
05-09 22:01:52.055  3738  3763 I glean/MetricsPingSched: The 'metrics' ping was already sent today, Sat May 09 22:01:52 EDT 2020.
05-09 22:01:52.055  3738  3763 D glean/MetricsPingSched: Scheduling the 'metrics' ping in 21487973ms
05-09 22:01:52.061  3738  3767 E GeckoLibLoad: Loaded libs in 23.327502ms total, 13ms(73ms) user, 10ms(23ms) system, 0(0) faults
05-09 22:01:52.062  3738  3738 I glean/Dispatchers: Task queued for execution and delayed until flushed
05-09 22:01:52.062  3738  3767 D GeckoThread: State changed to LIBS_READY
05-09 22:01:52.063  3738  3763 I libglean_ffi: glean_core::ping: Collecting baseline
05-09 22:01:52.066  3738  3767 W GeckoThread: zerdatime 21604218139 - runGecko
05-09 22:01:52.068  3738  3763 D libglean_ffi: glean_core::ping: Storing ping '3def85c5-2ef2-4b3b-8327-763c398e86ad' at '/data/user/0/org.mozilla.fennec_aurora/glean_data/pending_pings/3def85c5-2ef2-4b3b-8327-763c398e86ad'
05-09 22:01:52.069  3738  3763 I libglean_ffi: glean_core: The ping 'baseline' was submitted and will be sent as soon as possible
05-09 22:01:52.070  3738  3767 D GeckoProfile: Loading profile at: null name: default
05-09 22:01:52.070  3738  3763 D libglean_ffi: glean_core: Clearing Lifetime::Application metrics
05-09 22:01:52.070  3738  3738 I AdjustMetricsService: No adjust token defined
05-09 22:01:52.071  3738  3767 D GeckoProfile: Found profile dir: /data/user/0/org.mozilla.fennec_aurora/files/mozilla/yhyrj6e6.default
05-09 22:01:52.072  3738  3738 D PushConfig: Creating push configuration for autopush.
05-09 22:01:52.076  1456  5031 D ConnectivityService: requestNetwork for uid/pid:11319/3738 NetworkRequest [ TRACK_DEFAULT id=45847, [ Capabilities: INTERNET&NOT_RESTRICTED&TRUSTED&NOT_VPN] ]
05-09 22:01:52.077  1456  2099 D Ethernet: got request NetworkRequest [ TRACK_DEFAULT id=45847, [ Capabilities: INTERNET&NOT_RESTRICTED&TRUSTED&NOT_VPN] ] with score 60
05-09 22:01:52.077  1456  2054 D WIFI_UT : got request NetworkRequest [ TRACK_DEFAULT id=45847, [ Capabilities: INTERNET&NOT_RESTRICTED&TRUSTED&NOT_VPN] ] with score 60
05-09 22:01:52.077  1456  2054 D WIFI    : got request NetworkRequest [ TRACK_DEFAULT id=45847, [ Capabilities: INTERNET&NOT_RESTRICTED&TRUSTED&NOT_VPN] ] with score 60
05-09 22:01:52.077  2398  2398 D PhoneSwitcherNetworkRequstListener: got request NetworkRequest [ TRACK_DEFAULT id=45847, [ Capabilities: INTERNET&NOT_RESTRICTED&TRUSTED&NOT_VPN] ] with score 60
05-09 22:01:52.083  3738  3738 I App     : AutoPushFeature is configured, initializing it...
05-09 22:01:52.083  3738  3780 D AutoPushFeature: Initializing native component with the cached token.
05-09 22:01:52.084  3738  3738 I AutoPushFeature: Checking validity of push subscriptions.
05-09 22:01:52.088  3738  3780 D RustNativeSupport: findMegazordLibraryName(push, 0.58.2
05-09 22:01:52.088  3738  3780 D RustNativeSupport: lib in use: none
05-09 22:01:52.088  3738  3780 D RustNativeSupport: lib configured: megazord
05-09 22:01:52.088  3738  3780 D RustNativeSupport: lib version configured: 0.58.2
05-09 22:01:52.088  3738  3780 D RustNativeSupport: settled on megazord
05-09 22:01:52.096  3738  3738 D FennecProfile: profiles.ini: true
05-09 22:01:52.098  3738  3738 D FennecProfile: Ignoring line in [general] section: StartWithLastProfile=1
05-09 22:01:52.099  3738  3738 D FennecProfile: Found 1 profiles
05-09 22:01:52.099  3738  3738 D FennecProfile: Found default profile: FennecProfile(name=default, path=/data/user/0/org.mozilla.fennec_aurora/files/mozilla/yhyrj6e6.default, default=true)
05-09 22:01:52.114  3738  3764 W [WARNING][Leanplum]: [com.leanplum.internal.ActionManager::getLocationManager::8]: Geofencing support requires leanplum-location module and Google Play Services v8.1 and higher.
05-09 22:01:52.114  3738  3764 W [WARNING][Leanplum]: Add this to your build.gradle file:
05-09 22:01:52.114  3738  3764 W [WARNING][Leanplum]: implementation 'com.google.android.gms:play-services-location:8.3.0+'
05-09 22:01:52.114  3738  3764 W [WARNING][Leanplum]: implementation 'com.leanplum:leanplum-location:+'
05-09 22:01:52.115  3738  3738 D FennecMigrator: This is not a Fennec installation. No migration needed.
05-09 22:01:52.117  3738  3738 D SessionManager: onTrimMemory(15): clearThumbnails=true, closeEngineSessions=true
05-09 22:01:52.117  3738  3738 D SessionManager: Cleared 0 thumbnail(s) and unlinked 0 engine sessions(s)
05-09 22:01:52.117  3738  3763 I libglean_ffi: glean_core: Upload enabled: true
05-09 22:01:52.127  3738  3764 I [INFO][Leanplum]: [com.leanplum.monitoring.ExceptionHandler::setContext::6]: LeanplumExceptionHandler could not initialize Exception Reporting.This is expected if you have not included the leanplum-monitoring module
05-09 22:01:52.143  3738  3767 I Gecko:DumpUtils: Fifo watcher disabled via pref.
05-09 22:01:52.148  3738  3793 I [INFO][Leanplum]: [com.leanplum.LeanplumFcmProvider::isManifestSetup::11]: Firebase Messaging is setup correctly.
05-09 22:01:52.148  3738  3738 D GeckoRuntime: Lifecycle: onStart
05-09 22:01:52.163  3738  3738 D GeckoRuntime: Lifecycle: onResume
05-09 22:01:52.171  3738  3738 D GeckoNetworkManager: Incoming event start for state OffNoListeners -> OnNoListeners
05-09 22:01:52.173  3738  3738 D GeckoNetworkManager: New network state: UP, WIFI, WIFI
05-09 22:01:52.187  3738  3767 D GeckoSysInfo: System memory: 1867MB.
05-09 22:01:52.192  3738  3767 D GeckoThread: State changed to JNI_READY
05-09 22:01:52.199  3738  3810 D OpenGLRenderer: HWUI GL Pipeline
05-09 22:01:52.213  3738  3743 I zygote  : Do partial code cache collection, code=24KB, data=29KB
05-09 22:01:52.215  1456  5031 I ActivityManager: Start proc 3817:org.mozilla.fennec_aurora:tab0/u0a1319 for service org.mozilla.fennec_aurora/org.mozilla.gecko.process.GeckoChildProcessServices$tab0
05-09 22:01:52.215  3738  3743 I zygote  : After code cache collection, code=22KB, data=28KB
05-09 22:01:52.215  3738  3743 I zygote  : Increasing code cache capacity to 128KB
05-09 22:01:52.219  3738  3806 D ServiceAllocator: org.mozilla.gecko.process.GeckoChildProcessServices$tab0 updateBindings: BACKGROUND priority, 0 importance, 2 successful binds, 0 failed binds, 0 successful unbinds, 0 failed unbinds
05-09 22:01:52.232  3738  3831 D glean/PingUploadWorker: Processing persisted pings at /data/user/0/org.mozilla.fennec_aurora/glean_data/pending_pings
05-09 22:01:52.233  3738  3831 D glean/PingUploadWorker: Processing ping: 5ec13d5e-23f4-45e6-886c-f688efcb8c5e
05-09 22:01:52.236  3738  3831 D glean/ConceptFetchHttpUploader: Submitting ping to: https://incoming.telemetry.mozilla.org/submit/org-mozilla-fennec-aurora/events/1/5ec13d5e-23f4-45e6-886c-f688efcb8c5e
05-09 22:01:52.237  3738  3763 I libglean_ffi: glean_core::ping: Collecting baseline
05-09 22:01:52.241  3738  3763 D libglean_ffi: glean_core::ping: Storing ping '1705a3ec-180a-475d-a58b-6df17b6a6726' at '/data/user/0/org.mozilla.fennec_aurora/glean_data/pending_pings/1705a3ec-180a-475d-a58b-6df17b6a6726'
05-09 22:01:52.242  3738  3763 I libglean_ffi: glean_core: The ping 'baseline' was submitted and will be sent as soon as possible
05-09 22:01:52.287  1456  5797 I ActivityManager: START u0 {act=android.intent.action.VIEW dat=https://example.com/... typ=text/html cmp=org.mozilla.fennec_aurora/org.mozilla.fenix.HomeActivity (has extras)} from uid 11319
05-09 22:01:52.302  3738  3738 D GeckoNetworkManager: Incoming event receivedUpdate for state OnNoListeners -> OnNoListeners
05-09 22:01:52.304  3738  3738 D GeckoNetworkManager: New network state: UP, WIFI, WIFI
05-09 22:01:52.305  1456  4829 I WifiService: getDhcpInfo uid=11319
05-09 22:01:52.325  3738  3793 D NetworkSecurityConfig: No Network Security Config specified, using platform default
05-09 22:01:52.368  3738  3810 I Adreno  : QUALCOMM build                   : bb5b86c, I77d3059488
05-09 22:01:52.368  3738  3810 I Adreno  : Build Date                       : 06/07/18
05-09 22:01:52.368  3738  3810 I Adreno  : OpenGL ES Shader Compiler Version: EV031.22.00.01_06
05-09 22:01:52.368  3738  3810 I Adreno  : Local Branch                     : 
05-09 22:01:52.368  3738  3810 I Adreno  : Remote Branch                    : refs/tags/AU_LINUX_ANDROID_LA.UM.6.5.R1.08.01.00.312.086
05-09 22:01:52.368  3738  3810 I Adreno  : Remote Branch                    : NONE
05-09 22:01:52.368  3738  3810 I Adreno  : Reconstruct Branch               : NOTHING
05-09 22:01:52.369  3738  3810 D vndksupport: Loading /vendor/lib/hw/gralloc.msm8937.so from current namespace instead of sphal namespace.
05-09 22:01:52.376  3817  3817 D GeckoThread: State changed to LAUNCHED
05-09 22:01:52.376  3817  3842 I GeckoThread: preparing to run Gecko
05-09 22:01:52.379  3738  3810 I Adreno  : PFP: 0x005ff087, ME: 0x005ff063
05-09 22:01:52.388  3738  3810 I zygote  : android::hardware::configstore::V1_0::ISurfaceFlingerConfigs::hasWideColorDisplay retrieved: 0
05-09 22:01:52.392  3738  3810 I OpenGLRenderer: Initialized EGL, version 1.4
05-09 22:01:52.392  3738  3810 D OpenGLRenderer: Swap behavior 2
05-09 22:01:52.405  1456  4829 I WindowManager: Keep hide if surface has never drawn Window{da1bee6 u0 org.mozilla.fennec_aurora/org.mozilla.fenix.IntentReceiverActivity}
05-09 22:01:52.407  1456  4829 I WindowManager: Failed to capture screenshot of Token{96c97e3 ActivityRecord{c7f412 u0 org.mozilla.fennec_aurora/org.mozilla.fenix.IntentReceiverActivity t70779 f}} appWin=Window{da1bee6 u0 org.mozilla.fennec_aurora/org.mozilla.fenix.IntentReceiverActivity} drawState=1
05-09 22:01:52.414  3738  3738 I [INFO][Leanplum]: [com.leanplum.LeanplumCloudMessagingProvider::onRegistrationIdReceived::3]: Device registered for push notifications with registration token, c8icORDbpWs:APA91bGfKzPkQM5Cl8SO2lxAOhzovfZNu_a6cDc2nFH81xIqF9gvFTzzcLK88jXs79a9ipGjKiMTTTjaTPfT3WRARZ8LMBm8xO0mY4iv6bPaDHCUmleCLlT1FSQ9kILIA67csa8eFPLw
05-09 22:01:52.416  3738  3738 D MigrationPushRenewer: Migration state: NONE
05-09 22:01:52.417  3738  3738 D MigrationTelemetryListener: Migration state: NONE
05-09 22:01:52.429  1456  1673 I LaunchCheckinHandler: Displayed org.mozilla.fennec_aurora/org.mozilla.fenix.IntentReceiverActivity,cp,ca,719
05-09 22:01:52.462  3738  3738 D PhoneWindow: Restoring navigation bar divider color to default value = 0x00000000
05-09 22:01:52.514  3738  3743 I zygote  : Do partial code cache collection, code=61KB, data=53KB
05-09 22:01:52.516  3738  3743 I zygote  : After code cache collection, code=54KB, data=49KB
05-09 22:01:52.516  3738  3743 I zygote  : Increasing code cache capacity to 256KB
05-09 22:01:52.524  3738  3738 I NavController: Ignoring popBackStack to destination org.mozilla.fennec_aurora:id/browserFragment as it was not found on the current back stack
05-09 22:01:52.721  3738  3738 I FirefoxAccountStateMachine: Enabling/updating sync with a new SyncConfig: SyncConfig(supportedEngines=[mozilla.components.service.fxa.SyncEngine$History@69975bc, mozilla.components.service.fxa.SyncEngine$Bookmarks@c9e9945, mozilla.components.service.fxa.SyncEngine$Passwords@298789a], syncPeriodInMinutes=240)
05-09 22:01:52.724  3738  3738 I BgSyncManager: Periodic syncing enabled at a 240 interval
05-09 22:01:52.724  3738  3738 I FirefoxAccountStateMachine: Sync is enabled
05-09 22:01:52.731  3738  3851 I FirefoxAccountStateMachine: Processing event Event$Init for state Start. Next state is Start
05-09 22:01:52.749  3738  3788 D RustNativeSupport: findMegazordLibraryName(places, 0.58.2
05-09 22:01:52.750  3738  3788 D RustNativeSupport: lib in use: none
05-09 22:01:52.750  3738  3788 D RustNativeSupport: lib configured: megazord
05-09 22:01:52.750  3738  3788 D RustNativeSupport: lib version configured: 0.58.2
05-09 22:01:52.750  3738  3788 D RustNativeSupport: settled on megazord
05-09 22:01:52.755  3738  3788 D places_ffi: places_api_new
05-09 22:01:52.756  3738  3851 I FirefoxAccountStateMachine: Ran 'Event$Init' side-effects for state Start, got successive event Event$AccountNotFound
05-09 22:01:52.756  3738  3851 I FirefoxAccountStateMachine: Processing event Event$AccountNotFound for state Start. Next state is NotAuthenticated
05-09 22:01:52.758  3738  3851 D RustNativeSupport: findMegazordLibraryName(fxaclient, 0.58.2
05-09 22:01:52.758  3738  3851 D RustNativeSupport: lib in use: none
05-09 22:01:52.758  3738  3851 D RustNativeSupport: lib configured: megazord
05-09 22:01:52.759  3738  3851 D RustNativeSupport: lib version configured: 0.58.2
05-09 22:01:52.759  3738  3851 D RustNativeSupport: settled on megazord
05-09 22:01:52.763  3738  3851 D fxaclient_ffi: fxa_new
05-09 22:01:52.768  3738  3767 D GeckoThread: State changed to PROFILE_READY
05-09 22:01:52.810  3738  3788 D sql_support::conn_ext: Transaction commited after 35.810368ms
05-09 22:01:52.812  3738  3788 D places_ffi: places_connection_new
05-09 22:01:52.815  3738  3788 D places_ffi: places_connection_new
05-09 22:01:52.833  3738  3788 D places_ffi: bookmarks_get_all_with_url
05-09 22:01:52.876  3738  3767 D GeckoThread: State changed to RUNNING
05-09 22:01:52.878  3738  3851 W FirefoxAccountStateMachine: Got invalid event Event$Init for state NotAuthenticated.
05-09 22:01:52.895  3738  3767 I Gecko   : -*- nsDNSServiceDiscovery.js : nsDNSServiceDiscovery
05-09 22:01:52.909  3738  3856 W LOTTIE  : Animation contains merge paths. Merge paths are only supported on KitKat+ and must be manually enabled by calling enableMergePathsForKitKatAndAbove().
05-09 22:01:52.942  3738  3743 I zygote  : Do full code cache collection, code=124KB, data=100KB
05-09 22:01:52.944  3738  3743 I zygote  : After code cache collection, code=94KB, data=59KB
05-09 22:01:52.960  1456  3927 I ActivityManager: Displayed org.mozilla.fennec_aurora/org.mozilla.fenix.HomeActivity: +563ms (total +1s249ms)
05-09 22:01:52.960  1456  3927 I ActivityManager: Fully drawn org.mozilla.fennec_aurora/org.mozilla.fenix.HomeActivity: +563ms (total +1s249ms)
05-09 22:01:53.003  3738  3810 D vndksupport: Loading /vendor/lib/hw/android.hardware.graphics.mapper@2.0-impl.so from current namespace instead of sphal namespace.
05-09 22:01:53.005  3738  3810 D vndksupport: Loading /vendor/lib/hw/gralloc.msm8937.so from current namespace instead of sphal namespace.
05-09 22:01:53.042  3738  3871 I Gecko   : [GFX1-]: Failed to create EGLContext!: 0x300c
05-09 22:01:53.082  3738  3767 W ResourceType: Too many attribute references, stopped at: 0x01010099
05-09 22:01:53.131  3738  3767 W GeckoEventDispatcher: No listener for GeckoView:AccessibilityEnabled
05-09 22:01:53.282  3738  3738 D GeckoNetworkManager: Incoming event enableNotifications for state OnNoListeners -> OnWithListeners
05-09 22:01:53.283  3738  3738 D GeckoNetworkManager: New network state: UP, WIFI, WIFI
05-09 22:01:53.300  3738  3738 W LOTTIE  : Animation contains merge paths but they are disabled.
05-09 22:01:53.307  3738  3767 W ResourceType: Too many attribute references, stopped at: 0x01010099
05-09 22:01:53.318  3738  3738 D GeckoNetworkManager: Incoming event receivedUpdate for state OnWithListeners -> OnWithListeners
05-09 22:01:53.320  3738  3738 D GeckoNetworkManager: New network state: UP, WIFI, WIFI
05-09 22:01:53.382 21279 21279 I MemoryTrimmer: Trimming objects from memory, since app is in the background.
05-09 22:01:53.391 21279 21279 I MemoryTrimmer: Trimming objects from memory, since app is in the background.
05-09 22:01:53.392 21279 14183 I PBSessionCacheImpl: Deleted sessionId[93587620603325116] from persistence.
05-09 22:01:53.399  1456  2196 I WifiService: getWifiEnabledState uid=10073
05-09 22:01:53.407 21279 21329 W SearchServiceCore: Abort, client detached.
05-09 22:01:53.462  3817  3842 D GeckoThread: State changed to MOZGLUE_READY
05-09 22:01:53.471  3817  3842 W Settings: Setting animator_duration_scale has moved from android.provider.Settings.System to android.provider.Settings.Global, returning read-only global URI.
05-09 22:01:53.476  3738  3806 D ServiceAllocator: org.mozilla.gecko.process.GeckoChildProcessServices$tab0 updateBindings: FOREGROUND priority, 2 importance, 1 successful binds, 0 failed binds, 0 successful unbinds, 0 failed unbinds
05-09 22:01:53.477  3817  3842 E GeckoLibLoad: Load sqlite start
05-09 22:01:53.479  3817  3842 E GeckoLibLoad: Load sqlite done
05-09 22:01:53.479  3817  3842 E GeckoLibLoad: Load nss start
05-09 22:01:53.479  3817  3842 E GeckoLibLoad: Load nss done
05-09 22:01:53.497  3738  3767 I GeckoSession: zerdatime 21604219570 - chrome startup finished
05-09 22:01:53.497  3817  3842 E GeckoLibLoad: Loaded libs in 17.830575ms total, 6ms(6ms) user, 10ms(10ms) system, 0(0) faults
05-09 22:01:53.497  3817  3842 D GeckoThread: State changed to LIBS_READY
05-09 22:01:53.498  3817  3842 W GeckoThread: zerdatime 21604219571 - runGecko
05-09 22:01:53.542   808   808 I SFPerfTracer:      triggers: (rate: 88:2046767) (compose: 0:7) (post: 0:19) (render: 0:17) (4:11114649 frames) (5:14132475)
05-09 22:01:53.542   808   808 D SFPerfTracer:        layers: (4:12) (NavigationBar#0 (0xb07df000): 0:1092252) (StatusBar#0 (0xb07e3000): 0:2561728) (com.android.systemui.ImageWallpaper#0 (0xb07e7000): 0:102064)* (Sprite#0 (0xb0733000): 0:317)* (DimLayerController/Stack=0#0 (0xb075a000): 0:3866)* (Sprite#1 (0xb077c000): 0:195)* (org.mozilla.fennec_aurora/org.mozilla.fenix.HomeActivity#0 (0xafd5a000): 0:51)- (com.android.launcher3/com.android.launcher3.CustomizationPanelLauncher#0 (0xb0763000): 0:39)- (com.android.launcher3/com.android.launcher3.CustomizationPanelLauncher#1 (0xb0771000): 0:7)- (Splash Screen org.mozilla.fennec_aurora#0 (0xb039b000): 0:32)- (org.mozilla.fennec_aurora/org.mozilla.fenix.IntentReceiverActivity#0 (0xafd20000): 0:2)- (org.mozilla.fennec_aurora/org.mozilla.fenix.HomeActivity#0 (0xafd66000): 5:21) 
05-09 22:01:53.653  3738  3831 D glean/ConceptFetchHttpUploader: Ping successfully sent (200)
05-09 22:01:53.654  3738  3831 D glean/PingUploadWorker: 5ec13d5e-23f4-45e6-886c-f688efcb8c5e was deleted: true
05-09 22:01:53.654  3738  3831 D glean/PingUploadWorker: Processing ping: 3def85c5-2ef2-4b3b-8327-763c398e86ad
05-09 22:01:53.656  3738  3831 D glean/ConceptFetchHttpUploader: Submitting ping to: https://incoming.telemetry.mozilla.org/submit/org-mozilla-fennec-aurora/baseline/1/3def85c5-2ef2-4b3b-8327-763c398e86ad
05-09 22:01:53.662  3817  3842 D GeckoThread: State changed to RUNNING
05-09 22:01:53.699  3817  3842 W ResourceType: Too many attribute references, stopped at: 0x01010099
05-09 22:01:53.781  3738  3738 D GeckoSession: handleMessage GeckoView:PageStart uri=about:blank
05-09 22:01:53.804  3817  3817 D GeckoNetworkManager: Incoming event enableNotifications for state OffNoListeners -> OffWithListeners
05-09 22:01:53.807  3817  3817 D GeckoNetworkManager: New network state: UP, WIFI, WIFI
05-09 22:01:53.808  3738  3738 D GeckoSession: handleMessage GeckoView:LocationChange uri=about:blank
05-09 22:01:53.814  3738  3738 D GeckoSession: handleMessage GeckoView:PageStop uri=null
05-09 22:01:53.822  3738  3738 I SessionStorage/AutoSave: Save: Load finished
05-09 22:01:53.823  3738  3788 D SessionStorage/AutoSave: Delaying save (569ms)
05-09 22:01:53.842  3738  3738 I zygote  : Deoptimizing void kotlin.sequences.FilteringSequence$iterator$1.calcNext() due to JIT inline cache
05-09 22:01:53.872   808   898 I SFPerfTracer:      triggers: (rate: 0:1) (0 sw vsyncs) (0 skipped) (0:7038617 vsyncs) (1:14252896)
05-09 22:01:53.924  3738  3743 I zygote  : Do partial code cache collection, code=124KB, data=92KB
05-09 22:01:53.926  3738  3743 I zygote  : After code cache collection, code=122KB, data=92KB
05-09 22:01:53.926  3738  3743 I zygote  : Increasing code cache capacity to 512KB
05-09 22:01:54.141  3738  3738 D App     : Installed browser-icons extension
05-09 22:01:54.145  3738  3738 D mozac-webextensions: Installed extension: mozacWebchannel
05-09 22:01:54.146  3738  3738 D GeckoSession: handleMessage GeckoView:ProgressChanged uri=null
05-09 22:01:54.160  3738  3831 D glean/ConceptFetchHttpUploader: Ping successfully sent (200)
05-09 22:01:54.160  3738  3831 D glean/PingUploadWorker: 3def85c5-2ef2-4b3b-8327-763c398e86ad was deleted: true
05-09 22:01:54.165  3738  3773 I WM-WorkerWrapper: Worker result SUCCESS for Work [ id=0ce4ea97-46a0-4499-80d8-5bc38d6154af, tags={ mozilla.telemetry.glean.scheduler.PingUploadWorker, mozac_service_glean_ping_upload_worker } ]
05-09 22:01:54.167  3738  3767 D GeckoScreenOrientation: unlocking
05-09 22:01:54.168  3738  3738 D mozac-webextensions: Installed extension: mozacReaderview
05-09 22:01:54.169  3738  3738 D GeckoSession: handleMessage GeckoView:PageStart uri=https://example.com/
05-09 22:01:54.197  3738  3738 D GeckoSession: handleMessage GeckoView:ProgressChanged uri=null
05-09 22:01:54.212  3738  3738 D GeckoSession: handleMessage GeckoView:PageStop uri=null
05-09 22:01:54.213  3738  3738 I SessionStorage/AutoSave: Save: Load finished
05-09 22:01:54.213  3738  3738 D SessionStorage/AutoSave: Skipping save, other job already in flight
05-09 22:01:54.245  3738  3738 D GeckoSession: handleMessage GeckoView:SecurityChanged uri=null
05-09 22:01:54.246  3738  3738 D GeckoSession: handleMessage GeckoView:ProgressChanged uri=null
05-09 22:01:54.254  3738  3738 D GeckoSession: handleMessage GeckoView:PageStart uri=https://example.com/
05-09 22:01:54.284  1456  2067 D ConnectivityService: releasing NetworkRequest [ TRACK_DEFAULT id=45847, [ Capabilities: INTERNET&NOT_RESTRICTED&TRUSTED&NOT_VPN] ] (release request)
05-09 22:01:54.313  3738  3738 D GeckoSession: handleMessage GeckoView:LocationChange uri=https://example.com/
05-09 22:01:54.316  3738  3788 D places_ffi: places_connection_new
05-09 22:01:54.329  3738  3784 D places_ffi: bookmarks_get_all_with_url
05-09 22:01:54.339  3738  3788 D places_ffi: places_note_observation
05-09 22:01:54.350  3738  3738 D GeckoSession: handleMessage GeckoView:SecurityChanged uri=null
05-09 22:01:54.417  3738  3784 D SessionStorage/AutoSave: Saved state to disk [22ms]
05-09 22:01:54.417  3738  3788 D sql_support::conn_ext: Transaction commited after 76.325945ms
05-09 22:01:54.444  3738  3788 D places_ffi: places_note_observation
05-09 22:01:54.453  3738  3738 D GeckoSession: handleMessage GeckoView:ProgressChanged uri=null
05-09 22:01:54.462  3738  3788 D sql_support::conn_ext: Transaction commited after 17.395418ms
05-09 22:01:54.474  3738  3738 D GeckoSession: handleMessage GeckoView:ProgressChanged uri=null
05-09 22:01:54.498  3738  3738 D GeckoSession: handleMessage GeckoView:PageStop uri=null
05-09 22:01:54.498  3738  3738 I SessionStorage/AutoSave: Save: Load finished
05-09 22:01:54.499  3738  3788 D SessionStorage/AutoSave: Delaying save (1323ms)
05-09 22:01:54.597  3738  3966 D BrowserIcons: Loaded icon (source = GENERATOR): https://example.com/
05-09 22:01:54.661  3738  3788 D places_ffi: places_get_visited
05-09 22:01:54.683  3738  3738 D mozac-webcompat: Installed WebCompat webextension: webcompat@mozilla.com
05-09 22:01:54.690  3738  3790 I zygote  : Deoptimizing kotlinx.coroutines.internal.LockFreeLinkedListNode kotlinx.coroutines.internal.LockFreeLinkedListNode.correctPrev(kotlinx.coroutines.internal.OpDescriptor) due to JIT same target
05-09 22:01:54.807  3738  3738 D GeckoSession: handleMessage GeckoView:StateUpdated uri=null
05-09 22:01:54.808  3738  3738 W GeckoSession: No history entries found.
05-09 22:01:55.119  3738  3738 I zygote  : Deoptimizing java.lang.Object kotlinx.coroutines.JobSupport.tryMakeCompleting(java.lang.Object, java.lang.Object) due to JIT same target
05-09 22:01:55.121  3738  3738 I DefaultSupportedAddonsChecker: Register check for new supported add-ons
05-09 22:01:55.152  3738  3788 I SupportedAddonsWorker: Trying to check for new supported add-ons
05-09 22:01:55.212  3738  3757 I WM-WorkerWrapper: Worker result SUCCESS for Work [ id=d2add677-a8b5-48e7-a4d7-a954eb1312fd, tags={ mozilla.components.feature.addons.migration.DefaultSupportedAddonsChecker.periodicWork, mozilla.components.feature.addons.migration.SupportedAddonsWorker } ]
05-09 22:01:55.243  3738  3743 I zygote  : Do full code cache collection, code=251KB, data=160KB
05-09 22:01:55.246  3738  3743 I zygote  : After code cache collection, code=168KB, data=97KB
05-09 22:01:55.292  1023  3705 D libc    : dns request timeout: netid(8167), id(0x996a), server(1.1.1.1)
05-09 22:01:55.312  1023  3705 W SocketClient: write error (Broken pipe)
05-09 22:01:55.312  1023  3705 W DnsProxyListener: Error writing DNS result to client
05-09 22:01:55.511  1456  1466 I zygote  : Background concurrent copying GC freed 109179(5MB) AllocSpace objects, 36(1752KB) LOS objects, 36% free, 42MB/66MB, paused 185us total 371.261ms
05-09 22:01:55.832  3738  3788 D SessionStorage/AutoSave: Saved state to disk [8ms]
05-09 22:01:56.247  2398  2398 D ImsResolver: maybeAddedImsService, packageName: org.mozilla.fennec_aurora
05-09 22:01:56.248  2360  2360 D MayaFrameworkProxyService: receive intent :Intent { act=android.intent.action.PACKAGE_CHANGED dat=package:org.mozilla.fennec_aurora flg=0x45000010 (has extras) }
05-09 22:01:56.258  1456  1600 W ResourceType: No known package when getting value for resource number 0x7f08019f
05-09 22:01:56.258  1456  1600 W ResourceType: No known package when getting value for resource number 0x7f130122
05-09 22:01:56.258  1456  1600 W ResourceType: No known package when getting value for resource number 0x7f130122
05-09 22:01:56.262  1456  1600 W ResourceType: No known package when getting value for resource number 0x7f08019d
05-09 22:01:56.262  1456  1600 W ResourceType: No known package when getting value for resource number 0x7f130121
05-09 22:01:56.262  1456  1600 W ResourceType: No known package when getting value for resource number 0x7f130121
05-09 22:01:56.279  1456  1456 W ResourceType: ResTable_typeSpec entry count inconsistent: given 669, previously 675
05-09 22:01:56.279  1456  1456 W ResourceType: ResTable_typeSpec entry count inconsistent: given 407, previously 1405
05-09 22:01:56.279  1456  1456 W ResourceType: ResTable_typeSpec entry count inconsistent: given 245, previously 1301
05-09 22:01:56.280  1456  1942 I InputReader: Reconfiguring input devices.  changes=0x00000010
05-09 22:01:56.294 19965  3969 I Fitness : OnPackageChangedOperation got intent: Intent { act=android.intent.action.PACKAGE_CHANGED dat=package:org.mozilla.fennec_aurora flg=0x45000010 cmp=com.google.android.gms/.chimera.PersistentIntentOperationService (has extras) } [CONTEXT service_id=17 ]
05-09 22:01:56.295  1456  1456 W ResourceType: ResTable_typeSpec entry count inconsistent: given 82, previously 86
05-09 22:01:56.298  1456  1456 W ResourceType: ResTable_typeSpec entry count inconsistent: given 1828, previously 1822
05-09 22:01:56.298  1456  1456 W ResourceType: ResTable_typeSpec entry count inconsistent: given 387, previously 2071
05-09 22:01:56.310 19965  3976 I Fitness : FitCleanupIntentOperation received Intent android.intent.action.PACKAGE_CHANGED [CONTEXT service_id=17 ]
05-09 22:01:56.310  2398  2398 D CarrierSvcBindHelper: No carrier app for: 0
05-09 22:01:56.311  2398  2398 D CarrierSvcBindHelper: No carrier app for: 1
05-09 22:01:56.324  1456  1600 W ResourceType: ResTable_typeSpec entry count inconsistent: given 30, previously 36
05-09 22:01:56.324  1456  1600 W ResourceType: ResTable_typeSpec entry count inconsistent: given 2530, previously 2533
05-09 22:01:56.326  1456  1600 W ResourceType: ResTable_typeSpec entry count inconsistent: given 2287, previously 2284
05-09 22:01:56.326  1456  1600 W ResourceType: ResTable_typeSpec entry count inconsistent: given 295, previously 1590
05-09 22:01:56.348  1456  1600 W ResourceType: Found multiple library tables, ignoring...
05-09 22:01:56.348  2398  2398 E VvmPkgInstalledRcvr: cannot create TelephonyManager from ComponentInfo{com.android.phone/com.android.services.telephony.TelephonyConnectionService}, [****], UserHandle{0}
05-09 22:01:56.407  1456  1456 I TelecomService: DefaultDialerCache: Refreshing default dialer for user 0: now com.android.dialer: DDC.oR@Hnw
05-09 22:01:56.457 19951  8407 I Icing   : Indexing com.google.android.gms-internal.3p:MobileApplication from com.google.android.gms using seqno 2511
05-09 22:01:57.355  3979  3979 D AndroidRuntime: >>>>>> START com.android.internal.os.RuntimeInit uid 2000 <<<<<<
05-09 22:01:57.368  3979  3979 W app_process: Could not reserve sentinel fault page
05-09 22:01:57.458 19951  8407 I Icing   : Indexing com.google.android.gms-apps from com.google.android.gms
05-09 22:01:57.534  3979  3979 I app_process: The ClassLoaderContext is a special shared library.
05-09 22:01:57.555 19951  8407 I Icing   : Indexing done com.google.android.gms-apps
05-09 22:01:57.602  3979  3979 D AndroidRuntime: Calling main entry com.android.commands.input.Input
05-09 22:01:57.603  3979  3979 I Input   : injectKeyEvent: KeyEvent { action=ACTION_DOWN, keyCode=KEYCODE_HOME, scanCode=0, metaState=0, flags=0x0, repeatCount=0, eventTime=21152185189, downTime=21152185189, deviceId=-1, source=0x101 }
05-09 22:01:57.612  3979  3979 I Input   : injectKeyEvent: KeyEvent { action=ACTION_UP, keyCode=KEYCODE_HOME, scanCode=0, metaState=0, flags=0x0, repeatCount=0, eventTime=21152185189, downTime=21152185189, deviceId=-1, source=0x101 }
05-09 22:01:57.618  1456  1941 I ActivityManager: START u0 {act=android.intent.action.MAIN cat=[android.intent.category.HOME] flg=0x10200000 cmp=com.android.launcher3/.CustomizationPanelLauncher (has extras)} from uid 1000
05-09 22:01:57.619   794   839 E ANDR-PERF-RESOURCEQS: Failed to apply optimization [4, 0]
05-09 22:01:57.625  3979  3979 D AndroidRuntime: Shutting down VM
05-09 22:01:57.635  1456  5907 I ActivityManager: moveHomeStack, setupComplete:true
05-09 22:01:57.641 21279 21324 I Adreno  : QUALCOMM build                   : bb5b86c, I77d3059488
05-09 22:01:57.641 21279 21324 I Adreno  : Build Date                       : 06/07/18
05-09 22:01:57.641 21279 21324 I Adreno  : OpenGL ES Shader Compiler Version: EV031.22.00.01_06
05-09 22:01:57.641 21279 21324 I Adreno  : Local Branch                     : 
05-09 22:01:57.641 21279 21324 I Adreno  : Remote Branch                    : refs/tags/AU_LINUX_ANDROID_LA.UM.6.5.R1.08.01.00.312.086
05-09 22:01:57.641 21279 21324 I Adreno  : Remote Branch                    : NONE
05-09 22:01:57.641 21279 21324 I Adreno  : Reconstruct Branch               : NOTHING
05-09 22:01:57.644 21279 21324 D vndksupport: Loading /vendor/lib/hw/gralloc.msm8937.so from current namespace instead of sphal namespace.
05-09 22:01:57.648 21279 21324 I Adreno  : PFP: 0x005ff087, ME: 0x005ff063
05-09 22:01:57.653 21279 21324 I zygote  : android::hardware::configstore::V1_0::ISurfaceFlingerConfigs::hasWideColorDisplay retrieved: 0
05-09 22:01:57.654 21279 21324 I OpenGLRenderer: Initialized EGL, version 1.4
05-09 22:01:57.654 21279 21324 D OpenGLRenderer: Swap behavior 2
05-09 22:01:57.657  2748  2748 D Launcher.Utilities: Wakeup weather: Intent { act=com.motorola.launcher3.action.WAKEUP_WEATHER cmp=com.motorola.timeweatherwidget/com.motorola.commandcenter.weather.WakeUpService }
05-09 22:01:57.669  1456  1456 I NotificationService: Cannot find enqueued record for key: 0|com.motorola.timeweatherwidget|1|null|10116
05-09 22:01:57.673   808   808 D SurfaceFlinger: duplicate layer name: changing com.android.launcher3/com.android.launcher3.CustomizationPanelLauncher to com.android.launcher3/com.android.launcher3.CustomizationPanelLauncher#1
05-09 22:01:57.691 21279 21312 W ThreadPoolDumper: Queue length for executor EventBus is now 11. Perhaps some tasks are too long, or the pool is too small.
05-09 22:01:57.692  1456  5050 I WifiService: getWifiEnabledState uid=10073
05-09 22:01:57.698  1456  5050 I WifiService: getWifiEnabledState uid=10073
05-09 22:01:57.737 21279 21329 I MicroDetectionState: Should stop hotword detection immediately - false
05-09 22:01:57.743 21279 21329 I MicroDetectionWorker: #startMicroDetector [speakerMode: 0]
05-09 22:01:57.748 21279 21310 I MicroDataManager: isInitializing-false locale not changed-true model not changed-true
05-09 22:01:57.748 21279 21310 I MicroDataManager: Already initialized, obtaining the hotword data immediately.
05-09 22:01:57.749   788  1479 V msm8974_platform: platform_check_input_mask: enter check_input_mask source 6 mask 10
05-09 22:01:57.752  1012  3994 I AudioFlinger: AudioFlinger's thread 0xb2483440 tid=3994 ready to run
05-09 22:01:57.756 21279 12961 I MicroRecognitionRunner: Starting detection.
05-09 22:01:57.756 21279 12961 I InputStreamUtils: Using micInputStream
05-09 22:01:57.758  3738  3738 D GeckoSession: handleMessage GeckoView:StateUpdated uri=null
05-09 22:01:57.759   788  1479 D audio_hw_primary: in_set_parameters: enter: kvpairs=input_source=6;routing=-2147483644
05-09 22:01:57.761  1012  1301 D APM_AudioPolicyManager: AudioPolicyManager::startInput() input 341518, session 341633, source = 1999
05-09 22:01:57.762 21279 21329 I MicroDetectionWorker: onReady
05-09 22:01:57.762   788  3995 V msm8974_platform: platform_update_usecase_from_source: input source :6
05-09 22:01:57.762   788  3995 V msm8974_platform: platform_check_input_mask: enter check_input_mask source 6 mask 10
05-09 22:01:57.762   788  3995 V msm8974_platform: platform_get_input_snd_device: enter: out_device(0) in_device(0x4) channel_count (1) channel_mask (0x10)
05-09 22:01:57.763   788  3995 V msm8974_platform: platform_get_input_snd_device: exit: in_snd_device(voice-rec-mic)
05-09 22:01:57.763   788  3995 V msm8974_platform: platform_get_backend_index:napb: backend port - 5 device - 120 
05-09 22:01:57.763   788  3995 V msm8974_platform: platform_check_and_set_capture_backend_cfg:txbecf: afe: bitwidth 0, samplerate 0, channel 1, backend_idx 5 usecase = 9 device (voice-rec-mic)
05-09 22:01:57.763 21279 21329 I HotwordLSAdapter: getAudioSourceOpeningStatus completed: 1
05-09 22:01:57.763   788  3995 V msm8974_platform: platform_check_capture_backend_cfg:txbecf: afe: Codec selected backend: 5 current bit width: 0 and sample rate: 0, channels 1
05-09 22:01:57.763   788  3995 V msm8974_platform: platform_check_capture_backend_cfg:txbecf: afe: Codec selected backend: 5 updated bit width: 0 and sample rate: 0
05-09 22:01:57.763   788  3995 I msm8974_platform: platform_check_capture_backend_cfg:txbecf: afe: Codec backend needs to be updated. new bit width: 0 new sample rate: 0 new channel: 1
05-09 22:01:57.763   788  3995 V msm8974_platform: platform_get_backend_index:napb: backend port - 5 device - 120 
05-09 22:01:57.763   788  3995 V msm8974_platform: platform_set_backend_cfg:becf: afe: bitwidth 0, samplerate 0 channels 1, backend_idx 5 device (voice-rec-mic)
05-09 22:01:57.763   788  3995 E msm8974_platform: platform_set_backend_cfg:becf: afe: Could not get ctl for mixer command - SLIM_0_TX Format
05-09 22:01:57.763   788  3995 V msm8974_platform: platform_send_audio_calibration: sending audio calibration for snd_device(120) acdb_id(62)
05-09 22:01:57.763   788  3995 D ACDB-LOADER: ACDB -> send_audio_cal, acdb_id = 62, path = 1, app id = 0x11130, sample rate = 48000
05-09 22:01:57.763   788  3995 D ACDB-LOADER: ACDB -> send_asm_topology
05-09 22:01:57.763   788  3995 D ACDB-LOADER: ACDB -> ACDB_CMD_GET_AUDPROC_STREAM_TOPOLOGY_ID
05-09 22:01:57.763   788  3995 D ACDB-LOADER: ACDB -> send_adm_topology
05-09 22:01:57.763   788  3995 D ACDB-LOADER: ACDB -> ACDB_CMD_GET_AUDPROC_COMMON_TOPOLOGY_ID
05-09 22:01:57.763   788  3995 D ACDB-LOADER: ACDB -> send_audtable
05-09 22:01:57.763   788  3995 D ACDB-LOADER: ACDB -> ACDB_CMD_GET_AUDPROC_COMMON_TABLE_SIZE
05-09 22:01:57.763   788  3995 D ACDB-LOADER: ACDB -> ACDB_CMD_GET_AUDPROC_COMMON_TABLE
05-09 22:01:57.763   788  3995 D ACDB-LOADER: ACDB -> AUDIO_SET_AUDPROC_CAL
05-09 22:01:57.763   788  3995 D ACDB-LOADER: ACDB -> send_audvoltable
05-09 22:01:57.763   788  3995 D ACDB-LOADER: ACDB -> ACDB_CMD_GET_AUDPROC_VOL_STEP_TABLE_SIZE
05-09 22:01:57.763   788  3995 D ACDB-LOADER: ACDB -> ACDB_CMD_GET_AUDPROC_GAIN_DEP_STEP_TABLE, vol index 0
05-09 22:01:57.763   788  3995 D         : Failed to fetch the lookup information of the device 0000003E 
05-09 22:01:57.764   788  3995 D ACDB-LOADER: ACDB -> AUDIO_SET_VOL_CAL cal type = 12
05-09 22:01:57.764   788  3995 D ACDB-LOADER: ACDB -> ACDB_CMD_GET_AUDPROC_STREAM_TABLE_SIZE
05-09 22:01:57.764   788  3995 D ACDB-LOADER: ACDB -> send_audstrmtable
05-09 22:01:57.764   788  3995 D ACDB-LOADER: ACDB -> ACDB_CMD_GET_AUDPROC_STREAM_TABLE_V2
05-09 22:01:57.764   788  3995 D ACDB-LOADER: ACDB -> audstrm_cal->cal_type.cal_data.cal_size = 456
05-09 22:01:57.764   788  3995 D ACDB-LOADER: ACDB -> send_afe_topology
05-09 22:01:57.764   788  3995 D ACDB-LOADER: ACDB -> ACDB_CMD_GET_AFE_TOPOLOGY_ID
05-09 22:01:57.764   788  3995 D ACDB-LOADER: ACDB -> GET_AFE_TOPOLOGY_ID for adcd_id 62, Topology Id 112fb
05-09 22:01:57.764   788  3995 D ACDB-LOADER: ACDB -> send_afe_cal
05-09 22:01:57.764   788  3995 D ACDB-LOADER: ACDB -> ACDB_CMD_GET_AFE_COMMON_TABLE_SIZE
05-09 22:01:57.764   788  3995 D         : Failed to fetch the lookup information of the device 0000003E 
05-09 22:01:57.764   788  3995 E ACDB-LOADER: Error: ACDB_CMD_GET_AFE_COMMON_TABLE_SIZE Returned = -19
05-09 22:01:57.764   788  3995 D ACDB-LOADER: ACDB -> ACDB_CMD_GET_AFE_COMMON_TABLE
05-09 22:01:57.764   788  3995 D         : Failed to fetch the lookup information of the device 0000003E 
05-09 22:01:57.764   788  3995 D ACDB-LOADER: ACDB -> AUDIO_SET_AFE_CAL
05-09 22:01:57.764   788  3995 D ACDB-LOADER: ACDB -> send_hw_delay : acdb_id = 62 path = 1
05-09 22:01:57.764   788  3995 D ACDB-LOADER: ACDB -> ACDB_AVSYNC_INFO: ACDB_CMD_GET_DEVICE_PROPERTY
05-09 22:01:57.764   788  3995 D audio_hw_primary: enable_snd_device: snd_device(120: voice-rec-mic)
05-09 22:01:57.764   788  3995 D audio_route: Apply path: voice-rec-mic
05-09 22:01:57.765  1456  1673 I LaunchCheckinHandler: Displayed com.android.launcher3/.CustomizationPanelLauncher,wp,wa,147
05-09 22:01:57.767   788  3995 V msm8974_platform: platform_get_snd_device_backend_index: enter with device 120
05-09 22:01:57.767   788  3995 E msm8974_platform: platform_get_snd_device_backend_index: BE DAI Name Table is not present
05-09 22:01:57.767   788  3995 V msm8974_platform: platform_get_backend_index:napb: backend port - 5 device - 120 
05-09 22:01:57.767   788  3995 I audio_hw_utils: Set Audio Stream Capture 0 App Type Cfg: app_type 69936, acdb_dev_id 62, sample_rate 48000, snd_device_be_idx -14
05-09 22:01:57.767   788  3995 D audio_hw_primary: enable_audio_route: usecase(9) apply and update mixer path: audio-record
05-09 22:01:57.767   788  3995 D audio_route: Apply path: audio-record
05-09 22:01:57.771  3738  3806 D ServiceAllocator: org.mozilla.gecko.process.GeckoChildProcessServices$tab0 updateBindings: IDLE priority, 6 importance, 0 successful binds, 0 failed binds, 2 successful unbinds, 0 failed unbinds
05-09 22:01:57.939  2146  2165 I zygote  : NativeAlloc concurrent copying GC freed 18993(1035KB) AllocSpace objects, 0(0B) LOS objects, 49% free, 10MB/21MB, paused 180us total 149.997ms
05-09 22:01:57.960  3738  3738 I glean/Glean: Registering pings for org.mozilla.fenix.GleanMetrics.Pings
05-09 22:01:58.012  3738  3788 I FenixApplication: Running post-visual completeness tasks...
05-09 22:01:58.012  3738  3788 I FenixApplication: Storage initialization...
05-09 22:01:58.012  3738  3788 I PlacesHistoryStorage: Warming up places storage...
05-09 22:01:58.012  3738  3788 I PlacesHistoryStorage: 'Warming up places storage' took 0 ms
05-09 22:01:58.012  3738  3788 I PlacesBookmarksStorage: Warming up places storage...
05-09 22:01:58.012  3738  3788 I PlacesBookmarksStorage: 'Warming up places storage' took 0 ms
05-09 22:01:58.024  3738  3763 I libglean_ffi: glean_core::ping: Collecting startup-timeline
