06-26 00:00:46.043  1456  2054 D WIFI    : got request NetworkRequest [ TRACK_DEFAULT id=77795, [ Capabilities: INTERNET&NOT_RESTRICTED&TRUSTED&NOT_VPN] ] with score 60
06-26 00:00:46.043  2398  2398 D PhoneSwitcherNetworkRequstListener: got request NetworkRequest [ TRACK_DEFAULT id=77795, [ Capabilities: INTERNET&NOT_RESTRICTED&TRUSTED&NOT_VPN] ] with score 60
06-26 00:00:46.052 16199 16403 I chatty  : uid=11462(org.mozilla.fennec_aurora) com.google.android.apps.tachyon expire 5 lines
06-26 00:00:46.055 16199 16249 I chatty  : uid=11462(org.mozilla.fennec_aurora) com.google.android.apps.tachyon expire 16 lines
06-26 00:00:46.122   808   808 I SFPerfTracer:      triggers: (rate: 110:2544579) (compose: 0:8) (post: 0:22) (render: 0:20) (12:14452775 frames) (13:18130556)
06-26 00:00:46.122   808   808 D SFPerfTracer:        layers: (4:14) (NavigationBar#0 (0xb07df000): 0:1318217) (StatusBar#0 (0xb07e3000): 0:3132620) (com.android.systemui.ImageWallpaper#0 (0xb07e7000): 0:122198) (Sprite#0 (0xb0733000): 0:317)* (DimLayerController/Stack=0#0 (0xb075a000): 0:4039)* (Sprite#1 (0xb077c000): 0:195)* (Sprite#2 (0xb039b000): 0:2)* (com.android.launcher3/com.android.launcher3.CustomizationPanelLauncher#0 (0xb0763000): 0:40)- (com.android.launcher3/com.android.launcher3.CustomizationPanelLauncher#1 (0xb0771000): 0:11)- (Splash Screen org.mozilla.fennec_aurora#0 (0xafd20000): 0:19)- (Splash Screen org.mozilla.fennec_aurora#1 (0xafdf0000): 0:32)- (org.mozilla.fennec_aurora/org.mozilla.fenix.HomeActivity#0 (0xafd20000): 12:46)* (com.android.launcher3/com.android.launcher3.CustomizationPanelLauncher#0 (0xb0763000): 13:27)* (com.android.launcher3/com.android.launcher3.CustomizationPanelLauncher#1 (0xb0771000): 1:5) 
06-26 00:00:46.169  2748  2917 W OpenGLRenderer: Incorrectly called buildLayer on View: ShortcutAndWidgetContainer, destroying layer...
06-26 00:00:46.226 16199 16218 I chatty  : uid=11462(org.mozilla.fennec_aurora) com.google.android.apps.tachyon expire 1 line
06-26 00:00:46.229  1456  2067 D ConnectivityService: releasing NetworkRequest [ TRACK_DEFAULT id=77795, [ Capabilities: INTERNET&NOT_RESTRICTED&TRUSTED&NOT_VPN] ] (release request)
06-26 00:00:46.261 16199 16199 I chatty  : uid=11462(org.mozilla.fennec_aurora) com.google.android.apps.tachyon expire 3 lines
06-26 00:00:46.269 16199 16250 I chatty  : uid=11462(org.mozilla.fennec_aurora) com.google.android.apps.tachyon expire 1 line
06-26 00:00:46.272 16199 16226 I chatty  : uid=11462(org.mozilla.fennec_aurora) com.google.android.apps.tachyon expire 6 lines
06-26 00:00:46.329  1456  2920 D ConnectivityService: requestNetwork for uid/pid:11462/16199 NetworkRequest [ TRACK_DEFAULT id=77796, [ Capabilities: INTERNET&NOT_RESTRICTED&TRUSTED&NOT_VPN] ]
06-26 00:00:46.331  1456  2099 D Ethernet: got request NetworkRequest [ TRACK_DEFAULT id=77796, [ Capabilities: INTERNET&NOT_RESTRICTED&TRUSTED&NOT_VPN] ] with score 60
06-26 00:00:46.331  1456  2054 D WIFI_UT : got request NetworkRequest [ TRACK_DEFAULT id=77796, [ Capabilities: INTERNET&NOT_RESTRICTED&TRUSTED&NOT_VPN] ] with score 60
06-26 00:00:46.331  1456  2054 D WIFI    : got request NetworkRequest [ TRACK_DEFAULT id=77796, [ Capabilities: INTERNET&NOT_RESTRICTED&TRUSTED&NOT_VPN] ] with score 60
06-26 00:00:46.332  2398  2398 D PhoneSwitcherNetworkRequstListener: got request NetworkRequest [ TRACK_DEFAULT id=77796, [ Capabilities: INTERNET&NOT_RESTRICTED&TRUSTED&NOT_VPN] ] with score 60
06-26 00:00:46.346 16199 16405 I chatty  : uid=11462(org.mozilla.fennec_aurora) com.google.android.apps.tachyon expire 9 lines
06-26 00:00:46.351   808   898 I SFPerfTracer:      triggers: (rate: 0:10) (0 sw vsyncs) (0 skipped) (41:9363727 vsyncs) (43:18285835)
06-26 00:00:46.915 16199 16220 I chatty  : uid=11462(org.mozilla.fennec_aurora) com.google.android.apps.tachyon expire 1 line
06-26 00:00:46.918  1456  2067 D ConnectivityService: releasing NetworkRequest [ TRACK_DEFAULT id=77796, [ Capabilities: INTERNET&NOT_RESTRICTED&TRUSTED&NOT_VPN] ] (release request)
06-26 00:00:50.639  5625  5654 I PeriodicStatsRunner: PeriodicStatsRunner.call():180 call()
06-26 00:00:50.639  5625  5654 I PeriodicStatsRunner: PeriodicStatsRunner.call():184 No submit PeriodicStats since input started.
06-26 00:00:50.733  1456  4802 I ActivityManager: Force stopping org.mozilla.fennec_aurora appid=11462 user=0: from pid 16411
06-26 00:00:50.734  1456  4802 I ActivityManager: Killing 16199:org.mozilla.fennec_aurora/u0a1462 (adj 700): stop org.mozilla.fennec_aurora
06-26 00:00:50.737  1456  1605 W zygote  : kill(-16199, 9) failed: No such process
06-26 00:00:50.738  1456  4802 W ActivityManager: Force removing ActivityRecord{cdba7ad u0 org.mozilla.fennec_aurora/org.mozilla.fenix.HomeActivity t90654}: app died, no saved state
06-26 00:00:50.739 16285 16285 I chatty  : uid=11462(org.mozilla.fennec_aurora) expire 1 line
06-26 00:00:50.748  1456  4802 I ActivityManager: Killing 16285:org.mozilla.fennec_aurora:tab0/u0a1462 (adj 0): stop org.mozilla.fennec_aurora
06-26 00:00:50.752  1456  1605 W zygote  : kill(-16199, 9) failed: No such process
06-26 00:00:50.760  2398  2398 D CarrierSvcBindHelper: No carrier app for: 0
06-26 00:00:50.761  2398  2398 D CarrierSvcBindHelper: No carrier app for: 1
06-26 00:00:50.765  1456  1605 W zygote  : kill(-16199, 9) failed: No such process
06-26 00:00:50.810  1456  1605 I chatty  : uid=1000(system) ActivityManager identical 5 lines
06-26 00:00:50.815  1456  1673 W ActivityManager: setHasOverlayUi called on unknown pid: 16199
06-26 00:00:50.826  1456  1605 W zygote  : kill(-16199, 9) failed: No such process
06-26 00:00:50.826  1456  1605 I zygote  : Successfully killed process cgroup uid 11462 pid 16199 in 89ms
06-26 00:00:50.827  1456  1605 W zygote  : kill(-16285, 9) failed: No such process
06-26 00:00:50.827  1456  1605 I zygote  : Successfully killed process cgroup uid 11462 pid 16285 in 0ms
06-26 00:00:51.336  1456  1466 I zygote  : NativeAlloc concurrent copying GC freed 44129(3MB) AllocSpace objects, 22(824KB) LOS objects, 33% free, 47MB/71MB, paused 311us total 443.836ms
06-26 00:00:51.882  1456  4802 I ActivityManager: START u0 {act=android.intent.action.MAIN cat=[android.intent.category.LAUNCHER] flg=0x10000000 cmp=org.mozilla.fennec_aurora/.App} from uid 2000
06-26 00:00:51.882   794   839 E ANDR-PERF-RESOURCEQS: Failed to apply optimization [4, 0]
06-26 00:00:51.903  1456  2920 I ActivityManager: Start proc 16418:org.mozilla.fennec_aurora/u0a1462 for activity org.mozilla.fennec_aurora/.App
06-26 00:00:51.991 20719 20765 I MicroDetectionState: Should stop hotword detection immediately - false
06-26 00:00:51.992 20719 20765 I MicroDetector: Keeping mic open: false
06-26 00:00:51.992 20719 20765 I MicroDetector: #shutdownAudioWithAudioLibrary
06-26 00:00:51.992 20719 14700 E DeviceStateChecker: DeviceStateChecker cancelled
06-26 00:00:51.992 20719 20742 I MicroRecognitionRunner: Stopping hotword detection.
06-26 00:00:51.994 20719 10349 I MicroRecognitionRunner: Detection finished
06-26 00:00:52.026 16418 16418 I chatty  : uid=11462(org.mozilla.fennec_aurora) expire 56 lines
06-26 00:00:52.053   788 29573 D audio_hw_primary: disable_audio_route: usecase(9) reset and update mixer path: audio-record
06-26 00:00:52.054   788 29573 D audio_hw_primary: disable_snd_device: snd_device(120: voice-rec-mic)
06-26 00:00:52.056  1012 13178 D APM_AudioPolicyManager: stopInput() input 421990, session 422297
06-26 00:00:52.057   788 29573 D audio_hw_primary: in_set_parameters: enter: kvpairs=routing=0
06-26 00:00:52.060 20719 20765 I HotwordLSAdapter: stopListeningStatus result: 1
06-26 00:00:52.060 20719 20752 I AListeningSessionUtils: Sending AudioStatusChangedBroadcast to :interactor. audioSourceType: 5, isActive: false
06-26 00:00:52.075 16418 16436 I chatty  : uid=11462(org.mozilla.fennec_aurora) expire 4 lines
06-26 00:00:52.162 16418 16446 I chatty  : uid=11462(org.mozilla.fennec_aurora) expire 11 lines
06-26 00:00:52.182 16418 16445 I chatty  : uid=11462(org.mozilla.fennec_aurora) expire 22 lines
06-26 00:00:52.189 16418 16449 I chatty  : uid=11462(org.mozilla.fennec_aurora) expire 19 lines
06-26 00:00:52.199 16418 16452 I chatty  : uid=11462(org.mozilla.fennec_aurora) expire 1 line
06-26 00:00:52.258 16418 16458 I chatty  : uid=11462(org.mozilla.fennec_aurora) expire 6 lines
06-26 00:00:52.309 16418 16448 I chatty  : uid=11462(org.mozilla.fennec_aurora) expire 2 lines
06-26 00:00:52.350 16418 16475 I chatty  : uid=11462(org.mozilla.fennec_aurora) expire 1 line
06-26 00:00:52.378  1456  4802 I ActivityManager: START u0 {act=android.intent.action.MAIN cat=[android.intent.category.LAUNCHER] flg=0x10000000 cmp=org.mozilla.fennec_aurora/org.mozilla.fenix.HomeActivity (has extras)} from uid 11462
06-26 00:00:52.403   808   808 D SurfaceFlinger: duplicate layer name: changing Splash Screen org.mozilla.fennec_aurora to Splash Screen org.mozilla.fennec_aurora#1
06-26 00:00:52.427 16418 16423 I chatty  : uid=11462(org.mozilla.fennec_aurora) expire 8 lines
06-26 00:00:52.448  1456  1473 I ActivityManager: Start proc 16500:org.mozilla.fennec_aurora:tab0/u0a1462 for service org.mozilla.fennec_aurora/org.mozilla.gecko.process.GeckoChildProcessServices$tab0
06-26 00:00:52.452 16418 16490 I chatty  : uid=11462(org.mozilla.fennec_aurora) expire 1 line
06-26 00:00:52.564 16500 16500 I chatty  : uid=11462(org.mozilla.fennec_aurora) expire 2 lines
06-26 00:00:52.565 16500 16522 I chatty  : uid=11462(org.mozilla.fennec_aurora) expire 1 line
06-26 00:00:52.874 16418 16473 I chatty  : uid=11462(org.mozilla.fennec_aurora) expire 1 line
06-26 00:00:52.886 16418 16531 I chatty  : uid=11462(org.mozilla.fennec_aurora) expire 9 lines
06-26 00:00:52.902  1456  2920 D ConnectivityService: requestNetwork for uid/pid:11462/16418 NetworkRequest [ TRACK_DEFAULT id=77797, [ Capabilities: INTERNET&NOT_RESTRICTED&TRUSTED&NOT_VPN] ]
06-26 00:00:52.903  1456  2099 D Ethernet: got request NetworkRequest [ TRACK_DEFAULT id=77797, [ Capabilities: INTERNET&NOT_RESTRICTED&TRUSTED&NOT_VPN] ] with score 60
06-26 00:00:52.903  1456  2054 D WIFI_UT : got request NetworkRequest [ TRACK_DEFAULT id=77797, [ Capabilities: INTERNET&NOT_RESTRICTED&TRUSTED&NOT_VPN] ] with score 60
06-26 00:00:52.904  2398  2398 D PhoneSwitcherNetworkRequstListener: got request NetworkRequest [ TRACK_DEFAULT id=77797, [ Capabilities: INTERNET&NOT_RESTRICTED&TRUSTED&NOT_VPN] ] with score 60
06-26 00:00:52.904  1456  2054 D WIFI    : got request NetworkRequest [ TRACK_DEFAULT id=77797, [ Capabilities: INTERNET&NOT_RESTRICTED&TRUSTED&NOT_VPN] ] with score 60
06-26 00:00:52.907  1456  4802 I WifiService: getDhcpInfo uid=11462
06-26 00:00:53.143  1456  4802 I ActivityManager: Displayed org.mozilla.fennec_aurora/org.mozilla.fenix.HomeActivity: +682ms (total +1s253ms)
06-26 00:00:53.143  1456  4802 I ActivityManager: Fully drawn org.mozilla.fennec_aurora/org.mozilla.fenix.HomeActivity: +682ms (total +1s253ms)
06-26 00:00:53.158 16418 16539 I chatty  : uid=11462(org.mozilla.fennec_aurora) expire 5 lines
06-26 00:00:53.191  1456  1673 I LaunchCheckinHandler: Displayed org.mozilla.fennec_aurora/org.mozilla.fenix.HomeActivity,wp,ca,731
06-26 00:00:53.216 20719 20719 I MemoryTrimmer: Trimming objects from memory, since app is in the background.
06-26 00:00:53.222 13096 13096 I Finsky  : [2] ras.onTrimMemory(1): Memory trim requested to level 60
06-26 00:00:53.224 20719 20738 I AudioRequestLSAdapter: StopListeningStatus result: 1
06-26 00:00:53.225 20719 20738 I AudioRequestLSAdapter: StopListeningStatus result: 1
06-26 00:00:53.227 20719 13596 I PBSessionCacheImpl: Deleted sessionId[91124718614546888] from persistence.
06-26 00:00:53.227 20719 20763 E chromium: [ERROR:aw_gl_functor.cc(102)] Received unexpected kModeProcessNoContext
06-26 00:00:53.227 20719 20763 E libEGL  : call to OpenGL ES API with no current context (logged once per thread)
06-26 00:00:53.228 20719 20719 I MemoryTrimmer: Trimming objects from memory, since app is in the background.
06-26 00:00:53.230  1456  1473 I WifiService: getWifiEnabledState uid=10073
06-26 00:00:53.234 20719 20765 W SearchServiceCore: Abort, client detached.
06-26 00:00:53.235 20719 20765 I chatty  : uid=10073(com.google.android.googlequicksearchbox) EventBus0 identical 1 line
06-26 00:00:53.236 20719 20765 W SearchServiceCore: Abort, client detached.
06-26 00:00:53.247 16418 16546 I chatty  : uid=11462(org.mozilla.fennec_aurora) expire 1 line
06-26 00:00:53.249 16418 16547 I chatty  : uid=11462(org.mozilla.fennec_aurora) expire 1 line
06-26 00:00:53.835 16418 16439 I chatty  : uid=11462(org.mozilla.fennec_aurora) expire 2 lines
06-26 00:00:53.841  1456  2067 D ConnectivityService: releasing NetworkRequest [ TRACK_DEFAULT id=77797, [ Capabilities: INTERNET&NOT_RESTRICTED&TRUSTED&NOT_VPN] ] (release request)
06-26 00:00:53.949 16418 16566 I chatty  : uid=11462(org.mozilla.fennec_aurora) expire 1 line
06-26 00:00:54.047 16418 16470 I chatty  : uid=11462(org.mozilla.fennec_aurora) expire 26 lines
06-26 00:00:54.156 16418 16437 I chatty  : uid=11462(org.mozilla.fennec_aurora) expire 2 lines
06-26 00:00:57.538 16593 16593 D AndroidRuntime: >>>>>> START com.android.internal.os.RuntimeInit uid 2000 <<<<<<
06-26 00:00:57.551 16593 16593 W app_process: Could not reserve sentinel fault page
06-26 00:00:57.717 16593 16593 I app_process: The ClassLoaderContext is a special shared library.
06-26 00:00:57.783 16593 16593 D AndroidRuntime: Calling main entry com.android.commands.input.Input
06-26 00:00:57.785 16593 16593 I Input   : injectKeyEvent: KeyEvent { action=ACTION_DOWN, keyCode=KEYCODE_HOME, scanCode=0, metaState=0, flags=0x0, repeatCount=0, eventTime=25216734394, downTime=25216734394, deviceId=-1, source=0x101 }
06-26 00:00:57.792 16593 16593 I Input   : injectKeyEvent: KeyEvent { action=ACTION_UP, keyCode=KEYCODE_HOME, scanCode=0, metaState=0, flags=0x0, repeatCount=0, eventTime=25216734394, downTime=25216734394, deviceId=-1, source=0x101 }
06-26 00:00:57.798  1456  1941 I ActivityManager: START u0 {act=android.intent.action.MAIN cat=[android.intent.category.HOME] flg=0x10200000 cmp=com.android.launcher3/.CustomizationPanelLauncher (has extras)} from uid 1000
06-26 00:00:57.798   794   839 E ANDR-PERF-RESOURCEQS: Failed to apply optimization [4, 0]
06-26 00:00:57.805 16593 16593 D AndroidRuntime: Shutting down VM
06-26 00:00:57.814  1456  1473 I ActivityManager: moveHomeStack, setupComplete:true
06-26 00:00:57.826 20719 20763 I OpenGLRenderer: Initialized EGL, version 1.4
06-26 00:00:57.826 20719 20763 D OpenGLRenderer: Swap behavior 2
06-26 00:00:57.837 13096 13096 I Finsky  : [2] ras.onTrimMemory(1): Memory trim requested to level 60
06-26 00:00:57.838  2748  2748 D Launcher.Utilities: Wakeup weather: Intent { act=com.motorola.launcher3.action.WAKEUP_WEATHER cmp=com.motorola.timeweatherwidget/com.motorola.commandcenter.weather.WakeUpService }
06-26 00:00:57.851  1456  1456 I NotificationService: Cannot find enqueued record for key: 0|com.motorola.timeweatherwidget|1|null|10116
06-26 00:00:57.852   808   808 D SurfaceFlinger: duplicate layer name: changing com.android.launcher3/com.android.launcher3.CustomizationPanelLauncher to com.android.launcher3/com.android.launcher3.CustomizationPanelLauncher#1
06-26 00:00:57.877 20719 20756 W ThreadPoolDumper: Queue length for executor EventBus is now 11. Perhaps some tasks are too long, or the pool is too small.
06-26 00:00:57.878  1456  5027 I WifiService: getWifiEnabledState uid=10073
06-26 00:00:57.884  1456  3925 I WifiService: getWifiEnabledState uid=10073
06-26 00:00:57.938  1456  1673 I LaunchCheckinHandler: Displayed com.android.launcher3/.CustomizationPanelLauncher,wp,wa,139
06-26 00:00:57.944 20719 20765 I MicroDetectionState: Should stop hotword detection immediately - false
06-26 00:00:57.944 20719 20719 I BgTaskExecutorImpl: Starting EXCLUSIVE background task TNG_MINUS_ONE_SYNC.
06-26 00:00:57.948 20719 20765 I MicroDetectionWorker: #startMicroDetector [speakerMode: 0]
06-26 00:00:57.948 20719 20755 E MDD     : DownloadProgressMonitor: Can't find file group for uri: android://com.google.android.googlequicksearchbox/files/sharedminusonemodule/shared/SharedMinusOneData.pb.tmp
06-26 00:00:57.956 20719 20738 I MicroDataManager: isInitializing-false locale not changed-true model not changed-true
06-26 00:00:57.957 20719 20738 I MicroDataManager: Already initialized, obtaining the hotword data immediately.
06-26 00:00:57.958   788 29573 V msm8974_platform: platform_check_input_mask: enter check_input_mask source 6 mask 10
06-26 00:00:57.959 20719 20765 I TngMinusOneSync: Syncing TNG:-1
06-26 00:00:57.962  1012 16608 I AudioFlinger: AudioFlinger's thread 0xb2483e00 tid=16608 ready to run
06-26 00:00:57.971 20719 31470 I MicroRecognitionRunner: Starting detection.
06-26 00:00:57.971   788 29573 D audio_hw_primary: in_set_parameters: enter: kvpairs=input_source=6;routing=-2147483644
06-26 00:00:57.971 20719 31470 I InputStreamUtils: Using micInputStream
06-26 00:00:57.974  1456  7796 I OpenGLRenderer: Initialized EGL, version 1.4
06-26 00:00:57.974  1456  7796 D OpenGLRenderer: Swap behavior 2
06-26 00:00:57.976  1012 19499 D APM_AudioPolicyManager: AudioPolicyManager::startInput() input 421998, session 422305, source = 1999
06-26 00:00:57.977 20719 20765 I MicroDetectionWorker: onReady
06-26 00:00:57.978   788 16609 V msm8974_platform: platform_update_usecase_from_source: input source :6
06-26 00:00:57.978 20719 20765 I HotwordLSAdapter: getAudioSourceOpeningStatus completed: 1
06-26 00:00:57.978   788 16609 V msm8974_platform: platform_check_input_mask: enter check_input_mask source 6 mask 10
06-26 00:00:57.978 20719 20765 I HotwordLSAdapter: Sending AudioStatusChangedBroadcast to :interactor. audioSourceType: 5, isActive: true
06-26 00:00:57.978   788 16609 V msm8974_platform: platform_get_input_snd_device: enter: out_device(0) in_device(0x4) channel_count (1) channel_mask (0x10)
06-26 00:00:57.978   788 16609 V msm8974_platform: platform_get_input_snd_device: exit: in_snd_device(voice-rec-mic)
06-26 00:00:57.978   788 16609 V msm8974_platform: platform_get_backend_index:napb: backend port - 5 device - 120 
06-26 00:00:57.978   788 16609 V msm8974_platform: platform_check_and_set_capture_backend_cfg:txbecf: afe: bitwidth 0, samplerate 0, channel 1, backend_idx 5 usecase = 9 device (voice-rec-mic)
06-26 00:00:57.978   788 16609 V msm8974_platform: platform_check_capture_backend_cfg:txbecf: afe: Codec selected backend: 5 current bit width: 0 and sample rate: 0, channels 1
06-26 00:00:57.979   788 16609 V msm8974_platform: platform_check_capture_backend_cfg:txbecf: afe: Codec selected backend: 5 updated bit width: 0 and sample rate: 0
06-26 00:00:57.979   788 16609 I msm8974_platform: platform_check_capture_backend_cfg:txbecf: afe: Codec backend needs to be updated. new bit width: 0 new sample rate: 0 new channel: 1
06-26 00:00:57.979   788 16609 V msm8974_platform: platform_get_backend_index:napb: backend port - 5 device - 120 
06-26 00:00:57.979   788 16609 V msm8974_platform: platform_set_backend_cfg:becf: afe: bitwidth 0, samplerate 0 channels 1, backend_idx 5 device (voice-rec-mic)
06-26 00:00:57.980   788 16609 E msm8974_platform: platform_set_backend_cfg:becf: afe: Could not get ctl for mixer command - SLIM_0_TX Format
06-26 00:00:57.980   788 16609 V msm8974_platform: platform_send_audio_calibration: sending audio calibration for snd_device(120) acdb_id(62)
06-26 00:00:57.980   788 16609 D ACDB-LOADER: ACDB -> send_audio_cal, acdb_id = 62, path = 1, app id = 0x11130, sample rate = 48000
06-26 00:00:57.980   788 16609 D ACDB-LOADER: ACDB -> send_asm_topology
06-26 00:00:57.980   788 16609 D ACDB-LOADER: ACDB -> ACDB_CMD_GET_AUDPROC_STREAM_TOPOLOGY_ID
06-26 00:00:57.980   788 16609 D ACDB-LOADER: ACDB -> send_adm_topology
06-26 00:00:57.980   788 16609 D ACDB-LOADER: ACDB -> ACDB_CMD_GET_AUDPROC_COMMON_TOPOLOGY_ID
06-26 00:00:57.980   788 16609 D ACDB-LOADER: ACDB -> send_audtable
06-26 00:00:57.980   788 16609 D ACDB-LOADER: ACDB -> ACDB_CMD_GET_AUDPROC_COMMON_TABLE_SIZE
06-26 00:00:57.980   788 16609 D ACDB-LOADER: ACDB -> ACDB_CMD_GET_AUDPROC_COMMON_TABLE
06-26 00:00:57.980   788 16609 D ACDB-LOADER: ACDB -> AUDIO_SET_AUDPROC_CAL
06-26 00:00:57.980   788 16609 D ACDB-LOADER: ACDB -> send_audvoltable
06-26 00:00:57.980   788 16609 D ACDB-LOADER: ACDB -> ACDB_CMD_GET_AUDPROC_VOL_STEP_TABLE_SIZE
06-26 00:00:57.980   788 16609 D ACDB-LOADER: ACDB -> ACDB_CMD_GET_AUDPROC_GAIN_DEP_STEP_TABLE, vol index 0
06-26 00:00:57.980   788 16609 D         : Failed to fetch the lookup information of the device 0000003E 
06-26 00:00:57.980   788 16609 D ACDB-LOADER: ACDB -> AUDIO_SET_VOL_CAL cal type = 12
06-26 00:00:57.980   788 16609 D ACDB-LOADER: ACDB -> ACDB_CMD_GET_AUDPROC_STREAM_TABLE_SIZE
06-26 00:00:57.980   788 16609 D ACDB-LOADER: ACDB -> send_audstrmtable
06-26 00:00:57.980   788 16609 D ACDB-LOADER: ACDB -> ACDB_CMD_GET_AUDPROC_STREAM_TABLE_V2
06-26 00:00:57.980   788 16609 D ACDB-LOADER: ACDB -> audstrm_cal->cal_type.cal_data.cal_size = 456
06-26 00:00:57.980   788 16609 D ACDB-LOADER: ACDB -> send_afe_topology
06-26 00:00:57.980   788 16609 D ACDB-LOADER: ACDB -> ACDB_CMD_GET_AFE_TOPOLOGY_ID
06-26 00:00:57.980   788 16609 D ACDB-LOADER: ACDB -> GET_AFE_TOPOLOGY_ID for adcd_id 62, Topology Id 112fb
06-26 00:00:57.980   788 16609 D ACDB-LOADER: ACDB -> send_afe_cal
06-26 00:00:57.980   788 16609 D ACDB-LOADER: ACDB -> ACDB_CMD_GET_AFE_COMMON_TABLE_SIZE
06-26 00:00:57.980   788 16609 D         : Failed to fetch the lookup information of the device 0000003E 
06-26 00:00:57.980   788 16609 E ACDB-LOADER: Error: ACDB_CMD_GET_AFE_COMMON_TABLE_SIZE Returned = -19
06-26 00:00:57.980   788 16609 D ACDB-LOADER: ACDB -> ACDB_CMD_GET_AFE_COMMON_TABLE
06-26 00:00:57.981   788 16609 D         : Failed to fetch the lookup information of the device 0000003E 
06-26 00:00:57.981   788 16609 D ACDB-LOADER: ACDB -> AUDIO_SET_AFE_CAL
06-26 00:00:57.981   788 16609 D ACDB-LOADER: ACDB -> send_hw_delay : acdb_id = 62 path = 1
06-26 00:00:57.981   788 16609 D ACDB-LOADER: ACDB -> ACDB_AVSYNC_INFO: ACDB_CMD_GET_DEVICE_PROPERTY
06-26 00:00:57.981   788 16609 D audio_hw_primary: enable_snd_device: snd_device(120: voice-rec-mic)
06-26 00:00:57.981   788 16609 D audio_route: Apply path: voice-rec-mic
06-26 00:00:57.986   788 16609 V msm8974_platform: platform_get_snd_device_backend_index: enter with device 120
06-26 00:00:57.986   788 16609 E msm8974_platform: platform_get_snd_device_backend_index: BE DAI Name Table is not present
06-26 00:00:57.986   788 16609 V msm8974_platform: platform_get_backend_index:napb: backend port - 5 device - 120 
06-26 00:00:57.986   788 16609 I audio_hw_utils: Set Audio Stream Capture 0 App Type Cfg: app_type 69936, acdb_dev_id 62, sample_rate 48000, snd_device_be_idx -14
06-26 00:00:57.986   788 16609 D audio_hw_primary: enable_audio_route: usecase(9) apply and update mixer path: audio-record
06-26 00:00:57.986   788 16609 D audio_route: Apply path: audio-record
06-26 00:00:58.136   808   808 I SFPerfTracer:      triggers: (rate: 110:2544579) (compose: 0:8) (post: 0:22) (render: 0:20) (10:14452847 frames) (11:18130657)
06-26 00:00:58.136   808   808 D SFPerfTracer:        layers: (5:14) (NavigationBar#0 (0xb07df000): 10:1318238) (StatusBar#0 (0xb07e3000): 9:3132642) (com.android.systemui.ImageWallpaper#0 (0xb07e7000): 1:122200) (Sprite#0 (0xb0733000): 0:317)* (DimLayerController/Stack=0#0 (0xb075a000): 0:4039)* (Sprite#1 (0xb077c000): 0:195)* (Sprite#2 (0xb039b000): 0:2)* (com.android.launcher3/com.android.launcher3.CustomizationPanelLauncher#0 (0xb0763000): 0:41)- (com.android.launcher3/com.android.launcher3.CustomizationPanelLauncher#1 (0xb0771000): 0:11)- (Splash Screen org.mozilla.fennec_aurora#0 (0xafd20000): 0:19)- (Splash Screen org.mozilla.fennec_aurora#1 (0xafdf0000): 0:31)- (org.mozilla.fennec_aurora/org.mozilla.fenix.HomeActivity#0 (0xafd20000): 11:34) (com.android.launcher3/com.android.launcher3.CustomizationPanelLauncher#0 (0xb0763000): 11:14)* (com.android.launcher3/com.android.launcher3.CustomizationPanelLauncher#1 (0xb0771000): 1:4) 
06-26 00:00:58.183 16418 16611 I chatty  : uid=11462(org.mozilla.fennec_aurora) expire 10 lines
06-26 00:00:58.199  5625  5654 I PeriodicStatsRunner: PeriodicStatsRunner.call():180 call()
06-26 00:00:58.199  5625  5654 I PeriodicStatsRunner: PeriodicStatsRunner.call():184 No submit PeriodicStats since input started.
06-26 00:00:58.282 13096 13096 I Finsky  : [2] ras.onTrimMemory(1): Memory trim requested to level 60
06-26 00:00:58.305  1456  4802 D ConnectivityService: requestNetwork for uid/pid:11462/16418 NetworkRequest [ TRACK_DEFAULT id=77798, [ Capabilities: INTERNET&NOT_RESTRICTED&TRUSTED&NOT_VPN] ]
06-26 00:00:58.307  1456  2099 D Ethernet: got request NetworkRequest [ TRACK_DEFAULT id=77798, [ Capabilities: INTERNET&NOT_RESTRICTED&TRUSTED&NOT_VPN] ] with score 60
06-26 00:00:58.307  1456  2054 D WIFI_UT : got request NetworkRequest [ TRACK_DEFAULT id=77798, [ Capabilities: INTERNET&NOT_RESTRICTED&TRUSTED&NOT_VPN] ] with score 60
06-26 00:00:58.307  1456  2054 D WIFI    : got request NetworkRequest [ TRACK_DEFAULT id=77798, [ Capabilities: INTERNET&NOT_RESTRICTED&TRUSTED&NOT_VPN] ] with score 60
06-26 00:00:58.307  2398  2398 D PhoneSwitcherNetworkRequstListener: got request NetworkRequest [ TRACK_DEFAULT id=77798, [ Capabilities: INTERNET&NOT_RESTRICTED&TRUSTED&NOT_VPN] ] with score 60
06-26 00:00:58.318 16418 16619 I chatty  : uid=11462(org.mozilla.fennec_aurora) expire 5 lines
06-26 00:00:58.385  2748  2917 W OpenGLRenderer: Incorrectly called buildLayer on View: ShortcutAndWidgetContainer, destroying layer...
06-26 00:00:58.471  1456  2067 D ConnectivityService: releasing NetworkRequest [ TRACK_DEFAULT id=77798, [ Capabilities: INTERNET&NOT_RESTRICTED&TRUSTED&NOT_VPN] ] (release request)
06-26 00:00:58.512 16418 16477 I chatty  : uid=11462(org.mozilla.fennec_aurora) expire 1 line
06-26 00:00:58.559  1456  3925 D ConnectivityService: requestNetwork for uid/pid:11462/16418 NetworkRequest [ TRACK_DEFAULT id=77799, [ Capabilities: INTERNET&NOT_RESTRICTED&TRUSTED&NOT_VPN] ]
06-26 00:00:58.560  1456  2099 D Ethernet: got request NetworkRequest [ TRACK_DEFAULT id=77799, [ Capabilities: INTERNET&NOT_RESTRICTED&TRUSTED&NOT_VPN] ] with score 60
06-26 00:00:58.561  1456  2054 D WIFI_UT : got request NetworkRequest [ TRACK_DEFAULT id=77799, [ Capabilities: INTERNET&NOT_RESTRICTED&TRUSTED&NOT_VPN] ] with score 60
06-26 00:00:58.561  1456  2054 D WIFI    : got request NetworkRequest [ TRACK_DEFAULT id=77799, [ Capabilities: INTERNET&NOT_RESTRICTED&TRUSTED&NOT_VPN] ] with score 60
06-26 00:00:58.561  2398  2398 D PhoneSwitcherNetworkRequstListener: got request NetworkRequest [ TRACK_DEFAULT id=77799, [ Capabilities: INTERNET&NOT_RESTRICTED&TRUSTED&NOT_VPN] ] with score 60
06-26 00:00:58.565   808   898 I SFPerfTracer:      triggers: (rate: 0:10) (0 sw vsyncs) (0 skipped) (39:9363824 vsyncs) (41:18285952)
06-26 00:00:58.579 16418 16621 I chatty  : uid=11462(org.mozilla.fennec_aurora) expire 9 lines
06-26 00:00:59.207  1456  2067 D ConnectivityService: releasing NetworkRequest [ TRACK_DEFAULT id=77799, [ Capabilities: INTERNET&NOT_RESTRICTED&TRUSTED&NOT_VPN] ] (release request)
06-26 00:01:02.885  5625  5654 I PeriodicStatsRunner: PeriodicStatsRunner.call():180 call()
06-26 00:01:02.885  5625  5654 I PeriodicStatsRunner: PeriodicStatsRunner.call():184 No submit PeriodicStats since input started.
06-26 00:01:02.974  1456  4802 I ActivityManager: Force stopping org.mozilla.fennec_aurora appid=11462 user=0: from pid 16626
06-26 00:01:02.974  1456  4802 I ActivityManager: Killing 16418:org.mozilla.fennec_aurora/u0a1462 (adj 700): stop org.mozilla.fennec_aurora
06-26 00:01:02.977  1456  1605 W zygote  : kill(-16418, 9) failed: No such process
06-26 00:01:02.980  1456  4802 W ActivityManager: Force removing ActivityRecord{7d9267 u0 org.mozilla.fennec_aurora/org.mozilla.fenix.HomeActivity t90656}: app died, no saved state
06-26 00:01:02.989  1456  4802 I ActivityManager: Killing 16500:org.mozilla.fennec_aurora:tab0/u0a1462 (adj 0): stop org.mozilla.fennec_aurora
06-26 00:01:02.992  1456  1605 W zygote  : kill(-16418, 9) failed: No such process
06-26 00:01:03.006  1456  1605 W zygote  : kill(-16418, 9) failed: No such process
06-26 00:01:03.006  2398  2398 D CarrierSvcBindHelper: No carrier app for: 0
06-26 00:01:03.007  2398  2398 D CarrierSvcBindHelper: No carrier app for: 1
06-26 00:01:03.018  1456  1605 W zygote  : kill(-16418, 9) failed: No such process
06-26 00:01:03.055  1456  1673 W ActivityManager: setHasOverlayUi called on unknown pid: 16418
06-26 00:01:03.064  1456  1605 W zygote  : kill(-16418, 9) failed: No such process
06-26 00:01:03.065  1456  1605 I zygote  : Successfully killed process cgroup uid 11462 pid 16418 in 87ms
06-26 00:01:03.065  1456  1605 W zygote  : kill(-16500, 9) failed: No such process
06-26 00:01:03.065  1456  1605 I zygote  : Successfully killed process cgroup uid 11462 pid 16500 in 0ms
06-26 00:01:04.120  1456  4679 I ActivityManager: START u0 {act=android.intent.action.MAIN cat=[android.intent.category.LAUNCHER] flg=0x10000000 cmp=org.mozilla.fennec_aurora/.App} from uid 2000
06-26 00:01:04.120   794   839 E ANDR-PERF-RESOURCEQS: Failed to apply optimization [4, 0]
06-26 00:01:04.140  1456  2920 I ActivityManager: Start proc 16633:org.mozilla.fennec_aurora/u0a1462 for activity org.mozilla.fennec_aurora/.App
06-26 00:01:04.229 20719 20765 I MicroDetectionState: Should stop hotword detection immediately - false
06-26 00:01:04.229 20719 20765 I MicroDetector: Keeping mic open: false
06-26 00:01:04.229 20719 20765 I MicroDetector: #shutdownAudioWithAudioLibrary
06-26 00:01:04.229 20719 10349 E DeviceStateChecker: DeviceStateChecker cancelled
06-26 00:01:04.229 20719 20752 I MicroRecognitionRunner: Stopping hotword detection.
06-26 00:01:04.230 20719 31470 W c       : #copyFromBuffer interrupted: exception in wait.
06-26 00:01:04.230 20719 31470 W c       : java.lang.InterruptedException
06-26 00:01:04.230 20719 31470 W c       : 	at java.util.concurrent.locks.AbstractQueuedSynchronizer$ConditionObject.reportInterruptAfterWait(AbstractQueuedSynchronizer.java:2034)
06-26 00:01:04.230 20719 31470 W c       : 	at java.util.concurrent.locks.AbstractQueuedSynchronizer$ConditionObject.await(AbstractQueuedSynchronizer.java:2068)
06-26 00:01:04.230 20719 31470 W c       : 	at com.google.android.libraries.search.c.g.a.c.a(SourceFile:12)
06-26 00:01:04.230 20719 31470 W c       : 	at com.google.android.libraries.search.c.e.a.read(SourceFile:17)
06-26 00:01:04.230 20719 31470 W c       : 	at com.google.android.libraries.assistant.hotword.s.a(SourceFile:16)
06-26 00:01:04.230 20719 31470 W c       : 	at com.google.android.apps.gsa.staticplugins.microdetection.c.n.a(SourceFile:83)
06-26 00:01:04.230 20719 31470 W c       : 	at com.google.android.apps.gsa.staticplugins.microdetection.c.k.run(Unknown Source:22)
06-26 00:01:04.230 20719 31470 W c       : 	at com.google.android.libraries.gsa.l.a.l.call(Unknown Source:8)
06-26 00:01:04.230 20719 31470 W c       : 	at java.util.concurrent.FutureTask.run(FutureTask.java:266)
06-26 00:01:04.230 20719 31470 W c       : 	at com.google.apps.tiktok.concurrent.aq.run(SourceFile:1)
06-26 00:01:04.230 20719 31470 W c       : 	at java.util.concurrent.ThreadPoolExecutor.runWorker(ThreadPoolExecutor.java:1162)
06-26 00:01:04.230 20719 31470 W c       : 	at java.util.concurrent.ThreadPoolExecutor$Worker.run(ThreadPoolExecutor.java:636)
06-26 00:01:04.230 20719 31470 W c       : 	at com.google.apps.tiktok.concurrent.f.run(Unknown Source:24)
06-26 00:01:04.230 20719 31470 W c       : 	at java.lang.Thread.run(Thread.java:764)
06-26 00:01:04.233 20719 31470 I MicroRecognitionRunner: Detection finished
06-26 00:01:04.266 16633 16633 I chatty  : uid=11462(org.mozilla.fennec_aurora) expire 3 lines
06-26 00:01:04.275   788 29573 D audio_hw_primary: disable_audio_route: usecase(9) reset and update mixer path: audio-record
06-26 00:01:04.276   788 29573 D audio_hw_primary: disable_snd_device: snd_device(120: voice-rec-mic)
06-26 00:01:04.278  1012  8317 D APM_AudioPolicyManager: stopInput() input 421998, session 422305
06-26 00:01:04.279   788  1479 D audio_hw_primary: in_set_parameters: enter: kvpairs=routing=0
06-26 00:01:04.282 20719 20765 I HotwordLSAdapter: stopListeningStatus result: 1
06-26 00:01:04.283 20719 20754 I AListeningSessionUtils: Sending AudioStatusChangedBroadcast to :interactor. audioSourceType: 5, isActive: false
06-26 00:01:04.314 16633 16651 I chatty  : uid=11462(org.mozilla.fennec_aurora) expire 4 lines
06-26 00:01:04.337 16633 16633 I chatty  : uid=11462(org.mozilla.fennec_aurora) expire 52 lines
06-26 00:01:04.401 16633 16659 I chatty  : uid=11462(org.mozilla.fennec_aurora) expire 13 lines
06-26 00:01:04.419 16633 16658 I chatty  : uid=11462(org.mozilla.fennec_aurora) expire 23 lines
06-26 00:01:04.430 16633 16663 I chatty  : uid=11462(org.mozilla.fennec_aurora) expire 1 line
06-26 00:01:04.431 16633 16662 I chatty  : uid=11462(org.mozilla.fennec_aurora) expire 19 lines
06-26 00:01:04.519 16633 16674 I chatty  : uid=11462(org.mozilla.fennec_aurora) expire 6 lines
06-26 00:01:04.575 16633 16684 I chatty  : uid=11462(org.mozilla.fennec_aurora) expire 1 line
06-26 00:01:04.627  1456  5797 I ActivityManager: START u0 {act=android.intent.action.MAIN cat=[android.intent.category.LAUNCHER] flg=0x10000000 cmp=org.mozilla.fennec_aurora/org.mozilla.fenix.HomeActivity (has extras)} from uid 11462
06-26 00:01:04.650   808   808 D SurfaceFlinger: duplicate layer name: changing Splash Screen org.mozilla.fennec_aurora to Splash Screen org.mozilla.fennec_aurora#1
06-26 00:01:04.668 16633 16638 I chatty  : uid=11462(org.mozilla.fennec_aurora) expire 8 lines
06-26 00:01:04.672  1456  5797 I ActivityManager: Start proc 16713:org.mozilla.fennec_aurora:tab0/u0a1462 for service org.mozilla.fennec_aurora/org.mozilla.gecko.process.GeckoChildProcessServices$tab0
06-26 00:01:04.679 16633 16703 I chatty  : uid=11462(org.mozilla.fennec_aurora) expire 1 line
06-26 00:01:04.782 16713 16713 I chatty  : uid=11462(org.mozilla.fennec_aurora) expire 2 lines
06-26 00:01:04.782 16713 16735 I chatty  : uid=11462(org.mozilla.fennec_aurora) expire 1 line
06-26 00:01:05.117 16633 16682 I chatty  : uid=11462(org.mozilla.fennec_aurora) expire 1 line
06-26 00:01:05.128 16633 16746 I chatty  : uid=11462(org.mozilla.fennec_aurora) expire 9 lines
06-26 00:01:05.151  1456  6339 I WifiService: getDhcpInfo uid=11462
06-26 00:01:05.156  1456  4679 D ConnectivityService: requestNetwork for uid/pid:11462/16633 NetworkRequest [ TRACK_DEFAULT id=77800, [ Capabilities: INTERNET&NOT_RESTRICTED&TRUSTED&NOT_VPN] ]
06-26 00:01:05.157  1456  2099 D Ethernet: got request NetworkRequest [ TRACK_DEFAULT id=77800, [ Capabilities: INTERNET&NOT_RESTRICTED&TRUSTED&NOT_VPN] ] with score 60
06-26 00:01:05.157  1456  2054 D WIFI_UT : got request NetworkRequest [ TRACK_DEFAULT id=77800, [ Capabilities: INTERNET&NOT_RESTRICTED&TRUSTED&NOT_VPN] ] with score 60
06-26 00:01:05.157  1456  2054 D WIFI    : got request NetworkRequest [ TRACK_DEFAULT id=77800, [ Capabilities: INTERNET&NOT_RESTRICTED&TRUSTED&NOT_VPN] ] with score 60
06-26 00:01:05.158  2398  2398 D PhoneSwitcherNetworkRequstListener: got request NetworkRequest [ TRACK_DEFAULT id=77800, [ Capabilities: INTERNET&NOT_RESTRICTED&TRUSTED&NOT_VPN] ] with score 60
06-26 00:01:05.385  1456  5797 I ActivityManager: Displayed org.mozilla.fennec_aurora/org.mozilla.fenix.HomeActivity: +683ms (total +1s257ms)
06-26 00:01:05.385  1456  5797 I ActivityManager: Fully drawn org.mozilla.fennec_aurora/org.mozilla.fenix.HomeActivity: +683ms (total +1s257ms)
06-26 00:01:05.436  1456  1673 I LaunchCheckinHandler: Displayed org.mozilla.fennec_aurora/org.mozilla.fenix.HomeActivity,wp,ca,733
06-26 00:01:05.443 16633 16761 I chatty  : uid=11462(org.mozilla.fennec_aurora) expire 5 lines
06-26 00:01:05.464 20719 20719 I MemoryTrimmer: Trimming objects from memory, since app is in the background.
06-26 00:01:05.471 13096 13096 I Finsky  : [2] ras.onTrimMemory(1): Memory trim requested to level 60
06-26 00:01:05.475 20719 20738 I AudioRequestLSAdapter: StopListeningStatus result: 1
06-26 00:01:05.475 20719 20738 I AudioRequestLSAdapter: StopListeningStatus result: 1
06-26 00:01:05.476 20719 20763 E chromium: [ERROR:aw_gl_functor.cc(102)] Received unexpected kModeProcessNoContext
06-26 00:01:05.476 20719 20763 E libEGL  : call to OpenGL ES API with no current context (logged once per thread)
06-26 00:01:05.477 20719 20719 I MemoryTrimmer: Trimming objects from memory, since app is in the background.
06-26 00:01:05.477 20719 25083 I PBSessionCacheImpl: Deleted sessionId[91124718614546895] from persistence.
06-26 00:01:05.483  1456  5797 I WifiService: getWifiEnabledState uid=10073
06-26 00:01:05.492 20719 20765 W SearchServiceCore: Abort, client detached.
06-26 00:01:05.492 20719 20765 I chatty  : uid=10073(com.google.android.googlequicksearchbox) EventBus0 identical 1 line
06-26 00:01:05.493 20719 20765 W SearchServiceCore: Abort, client detached.
06-26 00:01:05.493 16633 16763 I chatty  : uid=11462(org.mozilla.fennec_aurora) expire 1 line
06-26 00:01:05.515 16633 16762 I chatty  : uid=11462(org.mozilla.fennec_aurora) expire 1 line
06-26 00:01:06.059 16633 16652 I chatty  : uid=11462(org.mozilla.fennec_aurora) expire 3 lines
06-26 00:01:06.065  1456  2067 D ConnectivityService: releasing NetworkRequest [ TRACK_DEFAULT id=77800, [ Capabilities: INTERNET&NOT_RESTRICTED&TRUSTED&NOT_VPN] ] (release request)
06-26 00:01:06.173 16633 16782 I chatty  : uid=11462(org.mozilla.fennec_aurora) expire 1 line
06-26 00:01:06.269 16633 16700 I chatty  : uid=11462(org.mozilla.fennec_aurora) expire 26 lines
06-26 00:01:07.168  1456  1893 D BatteryService: uevent={POWER_SUPPLY_VOLTAGE_NOW=4327977, POWER_SUPPLY_CHARGE_RATE=Normal, POWER_SUPPLY_HEALTH=Good, POWER_SUPPLY_CURRENT_NOW=1831, POWER_SUPPLY_PRESENT=1, SUBSYSTEM=power_supply, POWER_SUPPLY_TEMP=327, SEQNUM=611079, ACTION=change, POWER_SUPPLY_NAME=battery, POWER_SUPPLY_STATUS=Full, POWER_SUPPLY_CHARGE_COUNTER=2773402, POWER_SUPPLY_CAPACITY=100, DEVPATH=/devices/soc/qpnp-smbcharger-17/power_supply/battery}
06-26 00:01:07.172  2398  2398 D QtiCarrierConfigHelper: WARNING, no carrier configs on phone Id: 0
06-26 00:01:07.206   808   808 I SFPerfTracer:      triggers: (rate: 110:2544579) (compose: 0:8) (post: 0:22) (render: 0:20) (0:14452921 frames) (1:18130757)
06-26 00:01:07.206   808   808 D SFPerfTracer:        layers: (3:13) (NavigationBar#0 (0xb07df000): 0:1318248) (StatusBar#0 (0xb07e3000): 0:3132656) (com.android.systemui.ImageWallpaper#0 (0xb07e7000): 0:122201)* (Sprite#0 (0xb0733000): 0:317)* (DimLayerController/Stack=0#0 (0xb075a000): 0:4039)* (Sprite#1 (0xb077c000): 0:195)* (Sprite#2 (0xb039b000): 0:2)* (org.mozilla.fennec_aurora/org.mozilla.fenix.HomeActivity#0 (0xafd20000): 0:46)- (com.android.launcher3/com.android.launcher3.CustomizationPanelLauncher#0 (0xb0763000): 0:40)- (com.android.launcher3/com.android.launcher3.CustomizationPanelLauncher#1 (0xb0771000): 0:15)- (Splash Screen org.mozilla.fennec_aurora#0 (0xafd20000): 0:19)- (Splash Screen org.mozilla.fennec_aurora#1 (0xafdf0000): 0:31)- (org.mozilla.fennec_aurora/org.mozilla.fenix.HomeActivity#0 (0xafd20000): 0:20) 
06-26 00:01:09.777 16809 16809 D AndroidRuntime: >>>>>> START com.android.internal.os.RuntimeInit uid 2000 <<<<<<
06-26 00:01:09.790 16809 16809 W app_process: Could not reserve sentinel fault page
06-26 00:01:09.957 16809 16809 I app_process: The ClassLoaderContext is a special shared library.
06-26 00:01:10.024 16809 16809 D AndroidRuntime: Calling main entry com.android.commands.input.Input
06-26 00:01:10.025 16809 16809 I Input   : injectKeyEvent: KeyEvent { action=ACTION_DOWN, keyCode=KEYCODE_HOME, scanCode=0, metaState=0, flags=0x0, repeatCount=0, eventTime=25216746635, downTime=25216746635, deviceId=-1, source=0x101 }
06-26 00:01:10.032 16809 16809 I Input   : injectKeyEvent: KeyEvent { action=ACTION_UP, keyCode=KEYCODE_HOME, scanCode=0, metaState=0, flags=0x0, repeatCount=0, eventTime=25216746635, downTime=25216746635, deviceId=-1, source=0x101 }
06-26 00:01:10.039  1456  1941 I ActivityManager: START u0 {act=android.intent.action.MAIN cat=[android.intent.category.HOME] flg=0x10200000 cmp=com.android.launcher3/.CustomizationPanelLauncher (has extras)} from uid 1000
06-26 00:01:10.039   794   839 E ANDR-PERF-RESOURCEQS: Failed to apply optimization [4, 0]
06-26 00:01:10.046 16809 16809 D AndroidRuntime: Shutting down VM
06-26 00:01:10.054  1456  4679 I ActivityManager: moveHomeStack, setupComplete:true
06-26 00:01:10.076 20719 20763 I OpenGLRenderer: Initialized EGL, version 1.4
06-26 00:01:10.076 20719 20763 D OpenGLRenderer: Swap behavior 2
06-26 00:01:10.086 13096 13096 I Finsky  : [2] ras.onTrimMemory(1): Memory trim requested to level 60
06-26 00:01:10.087  2748  2748 D Launcher.Utilities: Wakeup weather: Intent { act=com.motorola.launcher3.action.WAKEUP_WEATHER cmp=com.motorola.timeweatherwidget/com.motorola.commandcenter.weather.WakeUpService }
06-26 00:01:10.094   808   808 D SurfaceFlinger: duplicate layer name: changing com.android.launcher3/com.android.launcher3.CustomizationPanelLauncher to com.android.launcher3/com.android.launcher3.CustomizationPanelLauncher#1
06-26 00:01:10.100  1456  1456 I NotificationService: Cannot find enqueued record for key: 0|com.motorola.timeweatherwidget|1|null|10116
06-26 00:01:10.122 20719 20756 W ThreadPoolDumper: Queue length for executor EventBus is now 11. Perhaps some tasks are too long, or the pool is too small.
06-26 00:01:10.124  1456  2920 I WifiService: getWifiEnabledState uid=10073
06-26 00:01:10.130  1456  5797 I WifiService: getWifiEnabledState uid=10073
06-26 00:01:10.189  1456  1673 I LaunchCheckinHandler: Displayed com.android.launcher3/.CustomizationPanelLauncher,wp,wa,150
06-26 00:01:10.196 20719 20719 I BgTaskExecutorImpl: Starting EXCLUSIVE background task TNG_MINUS_ONE_SYNC.
06-26 00:01:10.196 20719 20765 I MicroDetectionState: Should stop hotword detection immediately - false
06-26 00:01:10.197 20719 20757 E MDD     : DownloadProgressMonitor: Can't find file group for uri: android://com.google.android.googlequicksearchbox/files/sharedminusonemodule/shared/SharedMinusOneData.pb.tmp
06-26 00:01:10.200 20719 20765 I MicroDetectionWorker: #startMicroDetector [speakerMode: 0]
06-26 00:01:10.206 20719 20752 I MicroDataManager: isInitializing-false locale not changed-true model not changed-true
06-26 00:01:10.206 20719 20752 I MicroDataManager: Already initialized, obtaining the hotword data immediately.
06-26 00:01:10.207   788  1479 V msm8974_platform: platform_check_input_mask: enter check_input_mask source 6 mask 10
06-26 00:01:10.207 20719 20765 I TngMinusOneSync: Syncing TNG:-1
06-26 00:01:10.210  1012 16825 I AudioFlinger: AudioFlinger's thread 0xb2483d00 tid=16825 ready to run
06-26 00:01:10.215 20719 14778 I MicroRecognitionRunner: Starting detection.
06-26 00:01:10.216 20719 14778 I InputStreamUtils: Using micInputStream
06-26 00:01:10.223   788  1479 D audio_hw_primary: in_set_parameters: enter: kvpairs=input_source=6;routing=-2147483644
06-26 00:01:10.226  1012 19499 D APM_AudioPolicyManager: AudioPolicyManager::startInput() input 422006, session 422313, source = 1999
06-26 00:01:10.230 20719 20765 I MicroDetectionWorker: onReady
06-26 00:01:10.231 20719 20765 I HotwordLSAdapter: getAudioSourceOpeningStatus completed: 1
06-26 00:01:10.231 20719 20765 I HotwordLSAdapter: Sending AudioStatusChangedBroadcast to :interactor. audioSourceType: 5, isActive: true
06-26 00:01:10.231  1456  7796 I OpenGLRenderer: Initialized EGL, version 1.4
06-26 00:01:10.232  1456  7796 D OpenGLRenderer: Swap behavior 2
06-26 00:01:10.237   788 16826 V msm8974_platform: platform_update_usecase_from_source: input source :6
06-26 00:01:10.237   788 16826 V msm8974_platform: platform_check_input_mask: enter check_input_mask source 6 mask 10
06-26 00:01:10.237   788 16826 V msm8974_platform: platform_get_input_snd_device: enter: out_device(0) in_device(0x4) channel_count (1) channel_mask (0x10)
06-26 00:01:10.237   788 16826 V msm8974_platform: platform_get_input_snd_device: exit: in_snd_device(voice-rec-mic)
06-26 00:01:10.237   788 16826 V msm8974_platform: platform_get_backend_index:napb: backend port - 5 device - 120 
06-26 00:01:10.237   788 16826 V msm8974_platform: platform_check_and_set_capture_backend_cfg:txbecf: afe: bitwidth 0, samplerate 0, channel 1, backend_idx 5 usecase = 9 device (voice-rec-mic)
06-26 00:01:10.237   788 16826 V msm8974_platform: platform_check_capture_backend_cfg:txbecf: afe: Codec selected backend: 5 current bit width: 0 and sample rate: 0, channels 1
06-26 00:01:10.237   788 16826 V msm8974_platform: platform_check_capture_backend_cfg:txbecf: afe: Codec selected backend: 5 updated bit width: 0 and sample rate: 0
06-26 00:01:10.237   788 16826 I msm8974_platform: platform_check_capture_backend_cfg:txbecf: afe: Codec backend needs to be updated. new bit width: 0 new sample rate: 0 new channel: 1
06-26 00:01:10.237   788 16826 V msm8974_platform: platform_get_backend_index:napb: backend port - 5 device - 120 
06-26 00:01:10.237   788 16826 V msm8974_platform: platform_set_backend_cfg:becf: afe: bitwidth 0, samplerate 0 channels 1, backend_idx 5 device (voice-rec-mic)
06-26 00:01:10.238   788 16826 E msm8974_platform: platform_set_backend_cfg:becf: afe: Could not get ctl for mixer command - SLIM_0_TX Format
06-26 00:01:10.238   788 16826 V msm8974_platform: platform_send_audio_calibration: sending audio calibration for snd_device(120) acdb_id(62)
06-26 00:01:10.238   788 16826 D ACDB-LOADER: ACDB -> send_audio_cal, acdb_id = 62, path = 1, app id = 0x11130, sample rate = 48000
06-26 00:01:10.238   788 16826 D ACDB-LOADER: ACDB -> send_asm_topology
06-26 00:01:10.238   788 16826 D ACDB-LOADER: ACDB -> ACDB_CMD_GET_AUDPROC_STREAM_TOPOLOGY_ID
06-26 00:01:10.238   788 16826 D ACDB-LOADER: ACDB -> send_adm_topology
06-26 00:01:10.238   788 16826 D ACDB-LOADER: ACDB -> ACDB_CMD_GET_AUDPROC_COMMON_TOPOLOGY_ID
06-26 00:01:10.238   788 16826 D ACDB-LOADER: ACDB -> send_audtable
06-26 00:01:10.238   788 16826 D ACDB-LOADER: ACDB -> ACDB_CMD_GET_AUDPROC_COMMON_TABLE_SIZE
06-26 00:01:10.238   788 16826 D ACDB-LOADER: ACDB -> ACDB_CMD_GET_AUDPROC_COMMON_TABLE
06-26 00:01:10.238   788 16826 D ACDB-LOADER: ACDB -> AUDIO_SET_AUDPROC_CAL
06-26 00:01:10.238   788 16826 D ACDB-LOADER: ACDB -> send_audvoltable
06-26 00:01:10.238   788 16826 D ACDB-LOADER: ACDB -> ACDB_CMD_GET_AUDPROC_VOL_STEP_TABLE_SIZE
06-26 00:01:10.238   788 16826 D ACDB-LOADER: ACDB -> ACDB_CMD_GET_AUDPROC_GAIN_DEP_STEP_TABLE, vol index 0
06-26 00:01:10.238   788 16826 D         : Failed to fetch the lookup information of the device 0000003E 
06-26 00:01:10.239   788 16826 D ACDB-LOADER: ACDB -> AUDIO_SET_VOL_CAL cal type = 12
06-26 00:01:10.239   788 16826 D ACDB-LOADER: ACDB -> ACDB_CMD_GET_AUDPROC_STREAM_TABLE_SIZE
06-26 00:01:10.239   788 16826 D ACDB-LOADER: ACDB -> send_audstrmtable
06-26 00:01:10.239   788 16826 D ACDB-LOADER: ACDB -> ACDB_CMD_GET_AUDPROC_STREAM_TABLE_V2
06-26 00:01:10.239   788 16826 D ACDB-LOADER: ACDB -> audstrm_cal->cal_type.cal_data.cal_size = 456
06-26 00:01:10.239   788 16826 D ACDB-LOADER: ACDB -> send_afe_topology
06-26 00:01:10.239   788 16826 D ACDB-LOADER: ACDB -> ACDB_CMD_GET_AFE_TOPOLOGY_ID
06-26 00:01:10.239   788 16826 D ACDB-LOADER: ACDB -> GET_AFE_TOPOLOGY_ID for adcd_id 62, Topology Id 112fb
06-26 00:01:10.239   788 16826 D ACDB-LOADER: ACDB -> send_afe_cal
06-26 00:01:10.239   788 16826 D ACDB-LOADER: ACDB -> ACDB_CMD_GET_AFE_COMMON_TABLE_SIZE
06-26 00:01:10.239   788 16826 D         : Failed to fetch the lookup information of the device 0000003E 
06-26 00:01:10.239   788 16826 E ACDB-LOADER: Error: ACDB_CMD_GET_AFE_COMMON_TABLE_SIZE Returned = -19
06-26 00:01:10.239   788 16826 D ACDB-LOADER: ACDB -> ACDB_CMD_GET_AFE_COMMON_TABLE
06-26 00:01:10.239   788 16826 D         : Failed to fetch the lookup information of the device 0000003E 
06-26 00:01:10.239   788 16826 D ACDB-LOADER: ACDB -> AUDIO_SET_AFE_CAL
06-26 00:01:10.239   788 16826 D ACDB-LOADER: ACDB -> send_hw_delay : acdb_id = 62 path = 1
06-26 00:01:10.239   788 16826 D ACDB-LOADER: ACDB -> ACDB_AVSYNC_INFO: ACDB_CMD_GET_DEVICE_PROPERTY
06-26 00:01:10.239   788 16826 D audio_hw_primary: enable_snd_device: snd_device(120: voice-rec-mic)
06-26 00:01:10.239   788 16826 D audio_route: Apply path: voice-rec-mic
06-26 00:01:10.244   788 16826 V msm8974_platform: platform_get_snd_device_backend_index: enter with device 120
06-26 00:01:10.244   788 16826 E msm8974_platform: platform_get_snd_device_backend_index: BE DAI Name Table is not present
06-26 00:01:10.244   788 16826 V msm8974_platform: platform_get_backend_index:napb: backend port - 5 device - 120 
06-26 00:01:10.244   788 16826 I audio_hw_utils: Set Audio Stream Capture 0 App Type Cfg: app_type 69936, acdb_dev_id 62, sample_rate 48000, snd_device_be_idx -14
06-26 00:01:10.244   788 16826 D audio_hw_primary: enable_audio_route: usecase(9) apply and update mixer path: audio-record
06-26 00:01:10.244   788 16826 D audio_route: Apply path: audio-record
06-26 00:01:10.430 16633 16828 I chatty  : uid=11462(org.mozilla.fennec_aurora) expire 10 lines
06-26 00:01:10.448  5625  5654 I PeriodicStatsRunner: PeriodicStatsRunner.call():180 call()
06-26 00:01:10.449  5625  5654 I PeriodicStatsRunner: PeriodicStatsRunner.call():184 No submit PeriodicStats since input started.
06-26 00:01:10.536 13096 13096 I Finsky  : [2] ras.onTrimMemory(1): Memory trim requested to level 60
06-26 00:01:10.557  1456  2920 D ConnectivityService: requestNetwork for uid/pid:11462/16633 NetworkRequest [ TRACK_DEFAULT id=77801, [ Capabilities: INTERNET&NOT_RESTRICTED&TRUSTED&NOT_VPN] ]
