--------- beginning of main
04-03 21:42:42.308 28336 28378 I MicroDataManager: isInitializedWithLatestParams-true
04-03 21:42:42.309 28336 28378 I MicroDataManager: isInitializing-false locale not changed-true model not changed-true
04-03 21:42:42.309 28336 28378 I MicroDataManager: Already initialized, obtaining the hotword data immediately.
04-03 21:42:42.313  1456  1605 W zygote  : kill(-9882, 9) failed: No such process
04-03 21:42:42.326  1456  1605 W zygote  : kill(-9882, 9) failed: No such process
04-03 21:42:42.329 28336 21981 I MicroRecognitionRunner: Starting detection.
04-03 21:42:42.330 28336 21981 I InputStreamUtils: Using micInputStream
04-03 21:42:42.331 28336 10182 I MicrophoneInputStream: mic_starting  SR : 16000 CC : 16 SO : 1999
04-03 21:42:42.342   788  1479 V msm8974_platform: platform_check_input_mask: enter check_input_mask source 6 mask 10
04-03 21:42:42.342  1456  1605 W zygote  : kill(-9882, 9) failed: No such process
04-03 21:42:42.345  1012 10271 I AudioFlinger: AudioFlinger's thread 0xb2483040 tid=10271 ready to run
04-03 21:42:42.358  1456  1605 W zygote  : kill(-9882, 9) failed: No such process
04-03 21:42:42.359  1456  1605 I zygote  : Successfully killed process cgroup uid 10030 pid 9882 in 100ms
04-03 21:42:42.360  1456  1605 W zygote  : kill(-9784, 9) failed: No such process
04-03 21:42:42.361  1456  1605 I zygote  : Successfully killed process cgroup uid 10027 pid 9784 in 0ms
04-03 21:42:42.364   788  1479 D audio_hw_primary: in_set_parameters: enter: kvpairs=input_source=6;routing=-2147483644
04-03 21:42:42.364  1456  1605 W zygote  : kill(-9488, 9) failed: No such process
04-03 21:42:42.365  1012 11031 D APM_AudioPolicyManager: AudioPolicyManager::startInput() input 275022, session 275137, source = 1999
04-03 21:42:42.369 28336 10182 I MicrophoneInputStream: mic_started  SR : 16000 CC : 16 SO : 1999
04-03 21:42:42.379   788 10272 V msm8974_platform: platform_update_usecase_from_source: input source :6
04-03 21:42:42.379   788 10272 V msm8974_platform: platform_check_input_mask: enter check_input_mask source 6 mask 10
04-03 21:42:42.379   788 10272 V msm8974_platform: platform_get_input_snd_device: enter: out_device(0) in_device(0x4) channel_count (1) channel_mask (0x10)
04-03 21:42:42.379   788 10272 V msm8974_platform: platform_get_input_snd_device: exit: in_snd_device(voice-rec-mic)
04-03 21:42:42.379   788 10272 V msm8974_platform: platform_get_backend_index:napb: backend port - 5 device - 120 
04-03 21:42:42.379   788 10272 V msm8974_platform: platform_check_and_set_capture_backend_cfg:txbecf: afe: bitwidth 0, samplerate 0, channel 1, backend_idx 5 usecase = 9 device (voice-rec-mic)
04-03 21:42:42.380   788 10272 V msm8974_platform: platform_check_capture_backend_cfg:txbecf: afe: Codec selected backend: 5 current bit width: 0 and sample rate: 0, channels 1
04-03 21:42:42.380   788 10272 V msm8974_platform: platform_check_capture_backend_cfg:txbecf: afe: Codec selected backend: 5 updated bit width: 0 and sample rate: 0
04-03 21:42:42.380   788 10272 I msm8974_platform: platform_check_capture_backend_cfg:txbecf: afe: Codec backend needs to be updated. new bit width: 0 new sample rate: 0 new channel: 1
04-03 21:42:42.380   788 10272 V msm8974_platform: platform_get_backend_index:napb: backend port - 5 device - 120 
04-03 21:42:42.380   788 10272 V msm8974_platform: platform_set_backend_cfg:becf: afe: bitwidth 0, samplerate 0 channels 1, backend_idx 5 device (voice-rec-mic)
04-03 21:42:42.380   788 10272 E msm8974_platform: platform_set_backend_cfg:becf: afe: Could not get ctl for mixer command - SLIM_0_TX Format
04-03 21:42:42.380   788 10272 V msm8974_platform: platform_send_audio_calibration: sending audio calibration for snd_device(120) acdb_id(62)
04-03 21:42:42.380   788 10272 D ACDB-LOADER: ACDB -> send_audio_cal, acdb_id = 62, path = 1, app id = 0x11130, sample rate = 48000
04-03 21:42:42.380   788 10272 D ACDB-LOADER: ACDB -> send_asm_topology
04-03 21:42:42.380   788 10272 D ACDB-LOADER: ACDB -> ACDB_CMD_GET_AUDPROC_STREAM_TOPOLOGY_ID
04-03 21:42:42.381   788 10272 D ACDB-LOADER: ACDB -> send_adm_topology
04-03 21:42:42.381   788 10272 D ACDB-LOADER: ACDB -> ACDB_CMD_GET_AUDPROC_COMMON_TOPOLOGY_ID
04-03 21:42:42.381   788 10272 D ACDB-LOADER: ACDB -> send_audtable
04-03 21:42:42.381   788 10272 D ACDB-LOADER: ACDB -> ACDB_CMD_GET_AUDPROC_COMMON_TABLE_SIZE
04-03 21:42:42.381   788 10272 D ACDB-LOADER: ACDB -> ACDB_CMD_GET_AUDPROC_COMMON_TABLE
04-03 21:42:42.381   788 10272 D ACDB-LOADER: ACDB -> AUDIO_SET_AUDPROC_CAL
04-03 21:42:42.381   788 10272 D ACDB-LOADER: ACDB -> send_audvoltable
04-03 21:42:42.381   788 10272 D ACDB-LOADER: ACDB -> ACDB_CMD_GET_AUDPROC_VOL_STEP_TABLE_SIZE
04-03 21:42:42.381   788 10272 D ACDB-LOADER: ACDB -> ACDB_CMD_GET_AUDPROC_GAIN_DEP_STEP_TABLE, vol index 0
04-03 21:42:42.381   788 10272 D         : Failed to fetch the lookup information of the device 0000003E 
04-03 21:42:42.381   788 10272 D ACDB-LOADER: ACDB -> AUDIO_SET_VOL_CAL cal type = 12
04-03 21:42:42.381   788 10272 D ACDB-LOADER: ACDB -> ACDB_CMD_GET_AUDPROC_STREAM_TABLE_SIZE
04-03 21:42:42.381   788 10272 D ACDB-LOADER: ACDB -> send_audstrmtable
04-03 21:42:42.381   788 10272 D ACDB-LOADER: ACDB -> ACDB_CMD_GET_AUDPROC_STREAM_TABLE_V2
04-03 21:42:42.381   788 10272 D ACDB-LOADER: ACDB -> audstrm_cal->cal_type.cal_data.cal_size = 456
04-03 21:42:42.381   788 10272 D ACDB-LOADER: ACDB -> send_afe_topology
04-03 21:42:42.381   788 10272 D ACDB-LOADER: ACDB -> ACDB_CMD_GET_AFE_TOPOLOGY_ID
04-03 21:42:42.381   788 10272 D ACDB-LOADER: ACDB -> GET_AFE_TOPOLOGY_ID for adcd_id 62, Topology Id 112fb
04-03 21:42:42.381   788 10272 D ACDB-LOADER: ACDB -> send_afe_cal
04-03 21:42:42.381   788 10272 D ACDB-LOADER: ACDB -> ACDB_CMD_GET_AFE_COMMON_TABLE_SIZE
04-03 21:42:42.381   788 10272 D         : Failed to fetch the lookup information of the device 0000003E 
04-03 21:42:42.381   788 10272 E ACDB-LOADER: Error: ACDB_CMD_GET_AFE_COMMON_TABLE_SIZE Returned = -19
04-03 21:42:42.381   788 10272 D ACDB-LOADER: ACDB -> ACDB_CMD_GET_AFE_COMMON_TABLE
04-03 21:42:42.381   788 10272 D         : Failed to fetch the lookup information of the device 0000003E 
04-03 21:42:42.381   788 10272 D ACDB-LOADER: ACDB -> AUDIO_SET_AFE_CAL
04-03 21:42:42.381   788 10272 D ACDB-LOADER: ACDB -> send_hw_delay : acdb_id = 62 path = 1
04-03 21:42:42.381   788 10272 D ACDB-LOADER: ACDB -> ACDB_AVSYNC_INFO: ACDB_CMD_GET_DEVICE_PROPERTY
04-03 21:42:42.381   788 10272 D audio_hw_primary: enable_snd_device: snd_device(120: voice-rec-mic)
04-03 21:42:42.381   788 10272 D audio_route: Apply path: voice-rec-mic
--------- beginning of system
04-03 21:42:42.384  1456  2915 D ConnectivityService: ConnectivityService NetworkRequestInfo binderDied(NetworkRequest [ LISTEN id=35724, [ Capabilities: INTERNET&NOT_RESTRICTED&TRUSTED] ], android.os.BinderProxy@9a0481f)
04-03 21:42:42.385   788 10272 V msm8974_platform: platform_get_snd_device_backend_index: enter with device 120
04-03 21:42:42.385   788 10272 E msm8974_platform: platform_get_snd_device_backend_index: BE DAI Name Table is not present
04-03 21:42:42.385   788 10272 V msm8974_platform: platform_get_backend_index:napb: backend port - 5 device - 120 
04-03 21:42:42.385   788 10272 I audio_hw_utils: Set Audio Stream Capture 0 App Type Cfg: app_type 69936, acdb_dev_id 62, sample_rate 48000, snd_device_be_idx -14
04-03 21:42:42.385   788 10272 D audio_hw_primary: enable_audio_route: usecase(9) apply and update mixer path: audio-record
04-03 21:42:42.386   788 10272 D audio_route: Apply path: audio-record
04-03 21:42:42.400  1456  1605 W zygote  : kill(-9488, 9) failed: No such process
04-03 21:42:42.401  1456  1605 I zygote  : Successfully killed process cgroup uid 10062 pid 9488 in 36ms
04-03 21:42:42.401  1456  1605 W zygote  : kill(-11853, 9) failed: No such process
04-03 21:42:42.401  1456  1605 I zygote  : Successfully killed process cgroup uid 10116 pid 11853 in 0ms
04-03 21:42:42.401  1456  1605 W zygote  : kill(-9901, 9) failed: No such process
04-03 21:42:42.417  1456  1605 I chatty  : uid=1000(system) ActivityManager identical 4 lines
04-03 21:42:42.433  1456  1605 W zygote  : kill(-9901, 9) failed: No such process
04-03 21:42:42.433  1456  1605 I zygote  : Successfully killed process cgroup uid 10090 pid 9901 in 31ms
04-03 21:42:42.433  1456  1605 W zygote  : kill(-12732, 9) failed: No such process
04-03 21:42:42.433  1456  1605 I zygote  : Successfully killed process cgroup uid 10036 pid 12732 in 0ms
04-03 21:42:42.434  1456  1605 W zygote  : kill(-9975, 9) failed: No such process
04-03 21:42:42.434  1456  1605 I zygote  : Successfully killed process cgroup uid 10044 pid 9975 in 0ms
04-03 21:42:42.434  1456  1605 W zygote  : kill(-9812, 9) failed: No such process
04-03 21:42:42.434  1456  1605 I zygote  : Successfully killed process cgroup uid 1000 pid 9812 in 0ms
04-03 21:42:42.434  1456  1605 W zygote  : kill(-9798, 9) failed: No such process
04-03 21:42:42.434  1456  1605 I zygote  : Successfully killed process cgroup uid 10085 pid 9798 in 0ms
04-03 21:42:42.435  1456  1605 W zygote  : kill(-12321, 9) failed: No such process
04-03 21:42:42.435  1456  1605 I zygote  : Successfully killed process cgroup uid 10018 pid 12321 in 0ms
04-03 21:42:42.435  1456  1605 W zygote  : kill(-9568, 9) failed: No such process
04-03 21:42:42.435  1456  1605 I zygote  : Successfully killed process cgroup uid 10031 pid 9568 in 0ms
04-03 21:42:42.457 28336 28379 I MicroDetectionWorker: onReady
04-03 21:42:42.478  1456 10366 I WifiService: getWifiEnabledState uid=10073
04-03 21:42:42.490  1456 10366 I WifiService: getWifiEnabledState uid=10073
04-03 21:42:42.513 28336 24398 E RefreshDoodleConfigTask: Error downloading doodle.
04-03 21:42:42.513 28336 24398 E RefreshDoodleConfigTask: com.google.android.apps.gsa.shared.o.d: Error code: 262215
04-03 21:42:42.513 28336 24398 E RefreshDoodleConfigTask: 	at com.google.android.libraries.gsa.e.a.c.r.a(SourceFile:32)
04-03 21:42:42.513 28336 24398 E RefreshDoodleConfigTask: 	at com.google.android.libraries.gsa.e.a.c.r.a(SourceFile:49)
04-03 21:42:42.513 28336 24398 E RefreshDoodleConfigTask: 	at com.google.android.libraries.gsa.e.a.c.k.a(SourceFile:1)
04-03 21:42:42.513 28336 24398 E RefreshDoodleConfigTask: 	at com.google.common.v.a.f.a(SourceFile:3)
04-03 21:42:42.513 28336 24398 E RefreshDoodleConfigTask: 	at com.google.common.v.a.h.run(SourceFile:23)
04-03 21:42:42.513 28336 24398 E RefreshDoodleConfigTask: 	at com.google.common.v.a.aw.execute(SourceFile:3)
04-03 21:42:42.513 28336 24398 E RefreshDoodleConfigTask: 	at com.google.common.v.a.d.b(SourceFile:73)
04-03 21:42:42.513 28336 24398 E RefreshDoodleConfigTask: 	at com.google.common.v.a.d.a(SourceFile:72)
04-03 21:42:42.513 28336 24398 E RefreshDoodleConfigTask: 	at com.google.common.v.a.d.a(SourceFile:175)
04-03 21:42:42.513 28336 24398 E RefreshDoodleConfigTask: 	at com.google.common.v.a.bt.run(SourceFile:3)
04-03 21:42:42.513 28336 24398 E RefreshDoodleConfigTask: 	at com.google.common.v.a.aw.execute(SourceFile:3)
04-03 21:42:42.513 28336 24398 E RefreshDoodleConfigTask: 	at com.google.common.v.a.d.b(SourceFile:73)
04-03 21:42:42.513 28336 24398 E RefreshDoodleConfigTask: 	at com.google.common.v.a.d.a(SourceFile:72)
04-03 21:42:42.513 28336 24398 E RefreshDoodleConfigTask: 	at com.google.common.v.a.d.b(SourceFile:165)
04-03 21:42:42.513 28336 24398 E RefreshDoodleConfigTask: 	at com.google.common.v.a.c.run(SourceFile:13)
04-03 21:42:42.513 28336 24398 E RefreshDoodleConfigTask: 	at com.google.common.v.a.aw.execute(SourceFile:3)
04-03 21:42:42.513 28336 24398 E RefreshDoodleConfigTask: 	at com.google.common.v.a.d.b(SourceFile:73)
04-03 21:42:42.513 28336 24398 E RefreshDoodleConfigTask: 	at com.google.common.v.a.d.a(SourceFile:72)
04-03 21:42:42.513 28336 24398 E RefreshDoodleConfigTask: 	at com.google.common.v.a.d.a(SourceFile:175)
04-03 21:42:42.513 28336 24398 E RefreshDoodleConfigTask: 	at com.google.android.apps.gsa.shared.util.c.y.run(SourceFile:1)
04-03 21:42:42.513 28336 24398 E RefreshDoodleConfigTask: 	at com.google.common.v.a.aw.execute(SourceFile:3)
04-03 21:42:42.513 28336 24398 E RefreshDoodleConfigTask: 	at com.google.common.v.a.az.b(SourceFile:14)
04-03 21:42:42.513 28336 24398 E RefreshDoodleConfigTask: 	at com.google.common.v.a.az.a(SourceFile:11)
04-03 21:42:42.513 28336 24398 E RefreshDoodleConfigTask: 	at com.google.common.v.a.ci.done(SourceFile:6)
04-03 21:42:42.513 28336 24398 E RefreshDoodleConfigTask: 	at java.util.concurrent.FutureTask.finishCompletion(FutureTask.java:383)
04-03 21:42:42.513 28336 24398 E RefreshDoodleConfigTask: 	at java.util.concurrent.FutureTask.set(FutureTask.java:234)
04-03 21:42:42.513 28336 24398 E RefreshDoodleConfigTask: 	at java.util.concurrent.FutureTask.run(FutureTask.java:274)
04-03 21:42:42.513 28336 24398 E RefreshDoodleConfigTask: 	at com.google.apps.tiktok.concurrent.at.run(SourceFile:2)
04-03 21:42:42.513 28336 24398 E RefreshDoodleConfigTask: 	at java.util.concurrent.ThreadPoolExecutor.runWorker(ThreadPoolExecutor.java:1162)
04-03 21:42:42.513 28336 24398 E RefreshDoodleConfigTask: 	at java.util.concurrent.ThreadPoolExecutor$Worker.run(ThreadPoolExecutor.java:636)
04-03 21:42:42.513 28336 24398 E RefreshDoodleConfigTask: 	at com.google.apps.tiktok.concurrent.c.run(SourceFile:4)
04-03 21:42:42.513 28336 24398 E RefreshDoodleConfigTask: 	at java.lang.Thread.run(Thread.java:764)
04-03 21:42:42.619  1456 10366 I ActivityManager: START u0 {act=android.intent.action.MAIN cat=[android.intent.category.LAUNCHER] flg=0x10000000 cmp=org.mozilla.fennec_aurora/.App} from uid 2000
04-03 21:42:42.619   794   839 E ANDR-PERF-RESOURCEQS: Failed to apply optimization [4, 0]
04-03 21:42:42.619  2748  2917 W OpenGLRenderer: Incorrectly called buildLayer on View: ShortcutAndWidgetContainer, destroying layer...
04-03 21:42:42.644  1456  2921 I ActivityManager: Start proc 10283:org.mozilla.fennec_aurora/u0a1224 for activity org.mozilla.fennec_aurora/.App
04-03 21:42:42.730 28336 28379 I MicroDetectionState: Should stop hotword detection immediately - false
04-03 21:42:42.730 28336 28379 I MicroDetector: Keeping mic open: false
04-03 21:42:42.730 28336 28379 I RecognitionAudioControl: #shutdownAudio [requestId: 2914663273368036067, keepAudioOpen: false, forced: true]
04-03 21:42:42.730 28336 21980 E DeviceStateChecker: DeviceStateChecker cancelled
04-03 21:42:42.731 28336 28379 I RecognitionAudioControl: #internalShutdownAudio [requestId: 2914663273368036067]
04-03 21:42:42.731 28336 28379 I RecognitionAudioControl: #internalShutdownAudio [keepAudioOpen: false, forced: true]
04-03 21:42:42.731 28336 28379 I RecognitionAudioControl: #actualShutdownAudio
04-03 21:42:42.731 28336 28379 I AudioController: #shutdown [requestId=2914663273368036067]
04-03 21:42:42.731 28336 28378 I AudioController: internalShutdown
04-03 21:42:42.731 28336 28367 I MicroRecognitionRunner: Stopping hotword detection.
04-03 21:42:42.776   788  1479 D audio_hw_primary: disable_audio_route: usecase(9) reset and update mixer path: audio-record
04-03 21:42:42.777   788  1479 D audio_hw_primary: disable_snd_device: snd_device(120: voice-rec-mic)
04-03 21:42:42.779  1012  1302 D APM_AudioPolicyManager: stopInput() input 275022, session 275137
04-03 21:42:42.780   788  1479 D audio_hw_primary: in_set_parameters: enter: kvpairs=routing=0
04-03 21:42:42.781 28336 28378 I MicrophoneInputStream: mic_close  SR : 16000 CC : 16 SO : 1999
04-03 21:42:42.781 28336 28378 E AudioSource: Stop listening is called on already closed AudioSource
04-03 21:42:42.783 28336 21981 I MicroRecognitionRunner: Detection finished
04-03 21:42:42.793  1456  7796 I OpenGLRenderer: Initialized EGL, version 1.4
04-03 21:42:42.794  1456  7796 D OpenGLRenderer: Swap behavior 2
04-03 21:42:42.835 10283 10283 I chatty  : uid=11224(org.mozilla.fennec_aurora) expire 57 lines
04-03 21:42:42.911 10283 10304 I chatty  : uid=11224(org.mozilla.fennec_aurora) expire 4 lines
04-03 21:42:42.935 10283 10312 I chatty  : uid=11224(org.mozilla.fennec_aurora) expire 12 lines
04-03 21:42:42.964 10283 10311 I chatty  : uid=11224(org.mozilla.fennec_aurora) expire 26 lines
04-03 21:42:42.972 10283 10315 I chatty  : uid=11224(org.mozilla.fennec_aurora) expire 27 lines
04-03 21:42:43.028  1456  2921 D ConnectivityService: requestNetwork for uid/pid:11224/10283 NetworkRequest [ TRACK_DEFAULT id=35726, [ Capabilities: INTERNET&NOT_RESTRICTED&TRUSTED&NOT_VPN] ]
04-03 21:42:43.029  1456  2099 D Ethernet: got request NetworkRequest [ TRACK_DEFAULT id=35726, [ Capabilities: INTERNET&NOT_RESTRICTED&TRUSTED&NOT_VPN] ] with score 0
04-03 21:42:43.029  1456  2054 D WIFI_UT : got request NetworkRequest [ TRACK_DEFAULT id=35726, [ Capabilities: INTERNET&NOT_RESTRICTED&TRUSTED&NOT_VPN] ] with score 0
04-03 21:42:43.029  2398  2398 D PhoneSwitcherNetworkRequstListener: got request NetworkRequest [ TRACK_DEFAULT id=35726, [ Capabilities: INTERNET&NOT_RESTRICTED&TRUSTED&NOT_VPN] ] with score 0
04-03 21:42:43.029  1456  2054 D WIFI    : got request NetworkRequest [ TRACK_DEFAULT id=35726, [ Capabilities: INTERNET&NOT_RESTRICTED&TRUSTED&NOT_VPN] ] with score 0
04-03 21:42:43.060 10283 10314 I chatty  : uid=11224(org.mozilla.fennec_aurora) expire 3 lines
04-03 21:42:43.069   808   898 I SFPerfTracer:      triggers: (rate: 0:1) (0 sw vsyncs) (0 skipped) (62:6082682 vsyncs) (64:12776913)
04-03 21:42:43.074   808   808 I SFPerfTracer:      triggers: (rate: 72:2019051) (compose: 0:7) (post: 0:19) (render: 0:17) (16:10144262 frames) (17:12681600)
04-03 21:42:43.074   808   808 D SFPerfTracer:        layers: (3:14) (NavigationBar#0 (0xb07df000): 10:917696) (StatusBar#0 (0xb07e3000): 10:2171435) (com.android.systemui.ImageWallpaper#0 (0xb07e7000): 0:84596)* (Sprite#0 (0xb0733000): 0:317)* (DimLayerController/Stack=0#0 (0xb075a000): 0:3823)* (Sprite#1 (0xb077c000): 0:195)* (com.android.launcher3/com.android.launcher3.CustomizationPanelLauncher#0 (0xb0763000): 0:39)- (com.android.launcher3/com.android.launcher3.CustomizationPanelLauncher#1 (0xb0771000): 0:5607)- (Splash Screen org.mozilla.fennec_aurora#0 (0xb039b000): 0:16)- (Splash Screen org.mozilla.fennec_aurora#1 (0xaffeb000): 0:31)- (org.mozilla.fennec_aurora/org.mozilla.fenix.HomeActivity#0 (0xb039b000): 0:31)- (com.android.launcher3/com.android.launcher3.CustomizationPanelLauncher#0 (0xb0763000): 0:31)* (com.android.launcher3/com.android.launcher3.CustomizationPanelLauncher#1 (0xb0771000): 0:6)* (Splash Screen org.mozilla.fennec_aurora#0 (0xb039b000): 16:19) 
04-03 21:42:43.081 10283 10328 I chatty  : uid=11224(org.mozilla.fennec_aurora) expire 1 line
04-03 21:42:43.127 10283 10336 I chatty  : uid=11224(org.mozilla.fennec_aurora) expire 10 lines
04-03 21:42:43.132 10283 10289 I chatty  : uid=11224(org.mozilla.fennec_aurora) expire 8 lines
04-03 21:42:43.172  1456  1601 I ActivityManager: Start proc 10349:com.motorola.timeweatherwidget/u0a116 for service com.motorola.timeweatherwidget/com.motorola.commandcenter.WidgetService
04-03 21:42:43.180  1456  2921 I ActivityManager: START u0 {act=android.intent.action.MAIN cat=[android.intent.category.LAUNCHER] flg=0x10000000 cmp=org.mozilla.fennec_aurora/org.mozilla.fenix.HomeActivity (has extras)} from uid 11224
04-03 21:42:43.206   808   808 D SurfaceFlinger: duplicate layer name: changing Splash Screen org.mozilla.fennec_aurora to Splash Screen org.mozilla.fennec_aurora#1
04-03 21:42:43.214 10349 10349 I zygote  : The ClassLoaderContext is a special shared library.
04-03 21:42:43.226  1456 10366 I ActivityManager: Start proc 10379:org.mozilla.fennec_aurora:tab0/u0a1224 for service org.mozilla.fennec_aurora/org.mozilla.gecko.process.GeckoChildProcessServices$tab0
04-03 21:42:43.240 10349 10349 I zygote  : The ClassLoaderContext is a special shared library.
04-03 21:42:43.298 10349 10349 D CmdCenter: - --->: 2017 WidgetApplication onCreate
04-03 21:42:43.326 10349 10349 I WeatherApp: Creating weather service
04-03 21:42:43.342 10349 10349 I WeatherApp: onStartCommand action: com.motorola.commandcenter.weather.action.START_WEATHER_SERVICE
04-03 21:42:43.343 10349 10404 I WeatherApp: is force update = false
04-03 21:42:43.344 10349 10349 I WeatherApp: onStartCommand action: com.motorola.commandcenter.weather.action.START_WEATHER_SERVICE
04-03 21:42:43.348 10349 10404 I WeatherApp: Current Location is OFF.
04-03 21:42:43.348 10349 10404 I WeatherApp: is force update = false
04-03 21:42:43.360 10349 10404 I WeatherApp: No top city.
04-03 21:42:43.361 10349 10404 I WeatherApp: is force update = false
04-03 21:42:43.362 10349 10404 I WeatherApp: Current Location is OFF.
04-03 21:42:43.362 10349 10404 I WeatherApp: is force update = false
04-03 21:42:43.365 10349 10404 I WeatherApp: No top city.
04-03 21:42:43.381 10379 10379 I chatty  : uid=11224(org.mozilla.fennec_aurora) expire 2 lines
04-03 21:42:43.382 10379 10414 I chatty  : uid=11224(org.mozilla.fennec_aurora) expire 1 line
04-03 21:42:43.383  1456  2921 I ActivityManager: Start proc 10410:com.android.providers.calendar/u0a16 for content provider com.android.providers.calendar/.CalendarProvider2
04-03 21:42:43.426 10410 10410 I zygote  : The ClassLoaderContext is a special shared library.
04-03 21:42:43.429 10410 10410 I chatty  : uid=10016(com.android.providers.calendar) identical 1 line
04-03 21:42:43.431 10410 10410 I zygote  : The ClassLoaderContext is a special shared library.
04-03 21:42:43.463 10410 10410 I CalendarProvider2: Created com.android.providers.calendar.CalendarAlarmManager@6e6d45e(com.android.providers.calendar.CalendarProvider2@3b1403f)
04-03 21:42:43.466  1456  2921 W Binder  : Outgoing transactions from this process must be FLAG_ONEWAY
04-03 21:42:43.466  1456  2921 W Binder  : java.lang.Throwable
04-03 21:42:43.466  1456  2921 W Binder  : 	at android.os.BinderProxy.transact(Binder.java:752)
04-03 21:42:43.466  1456  2921 W Binder  : 	at android.content.ContentProviderProxy.getType(ContentProviderNative.java:451)
04-03 21:42:43.466  1456  2921 W Binder  : 	at com.android.server.am.ActivityManagerService.getProviderMimeType(ActivityManagerService.java:12677)
04-03 21:42:43.466  1456  2921 W Binder  : 	at android.app.IActivityManager$Stub.onTransact(IActivityManager.java:1800)
04-03 21:42:43.466  1456  2921 W Binder  : 	at com.android.server.am.ActivityManagerService.onTransact(ActivityManagerService.java:3169)
04-03 21:42:43.466  1456  2921 W Binder  : 	at android.os.Binder.execTransact(Binder.java:697)
04-03 21:42:43.587 10111 10125 E AuthStateProvider: Calling package disagreement. Legacy: org.mozilla.fennec.sharedID:11224, new API: org.mozilla.fennec_aurora
04-03 21:42:43.587 10111 10125 D AuthStateProvider: Caller must be whitelisted.
04-03 21:42:43.588 10283 10283 E ActivityThread: Failed to find provider info for org.mozilla.fennec_aurora.fxa.auth
04-03 21:42:43.672 10283 10435 I chatty  : uid=11224(org.mozilla.fennec_aurora) expire 9 lines
04-03 21:42:43.921 10283 10434 I chatty  : uid=11224(org.mozilla.fennec_aurora) expire 2 lines
04-03 21:42:44.060  1456  1673 I LaunchCheckinHandler: Displayed org.mozilla.fennec_aurora/org.mozilla.fenix.HomeActivity,wp,ca,865
04-03 21:42:44.061  1456  1673 I ActivityManager: Displayed org.mozilla.fennec_aurora/org.mozilla.fenix.HomeActivity: +852ms (total +1s417ms)
04-03 21:42:44.086 10111 10125 E AuthStateProvider: Calling package disagreement. Legacy: org.mozilla.fennec.sharedID:11224, new API: org.mozilla.fennec_aurora
04-03 21:42:44.086 10111 10125 D AuthStateProvider: Caller must be whitelisted.
04-03 21:42:44.087 10283 10283 E ActivityThread: Failed to find provider info for org.mozilla.fennec_aurora.fxa.auth
04-03 21:42:44.118 28336 28336 I MemoryTrimmer: Trimming objects from memory, since app is in the background.
04-03 21:42:44.133 28336 28379 E AudioSource: Stop listening is called on already closed AudioSource
04-03 21:42:44.135 28336 28336 I MemoryTrimmer: Trimming objects from memory, since app is in the background.
04-03 21:42:44.145  1456  2921 I WifiService: getWifiEnabledState uid=10073
04-03 21:42:44.147 28336 28379 I DEBUG   : OpaToSrpTransitionState#onStateChanged#notNullQuery
04-03 21:42:44.148 28336 28379 I DEBUG   : OpaToSrpTransitionState#onStateChanged#notNullQuery
04-03 21:42:44.151 28336 28379 W SearchServiceCore: Abort, client detached.
04-03 21:42:44.163 28336 10182 I PBSessionCacheImpl: Deleted sessionId[124624629806620238] from persistence.
04-03 21:42:44.250  1023 10458 D libc    : Internal error: netid(0), id(0x9c9f), server(0.0.0.0)
04-03 21:42:44.250  1023 10458 D libc    : Internal error: netid(0), id(0x9c9f), server(0.0.0.0)
04-03 21:42:44.251  1023 10458 D libc    : Internal error: netid(0), id(0xf48e), server(0.0.0.0)
04-03 21:42:44.251  1023 10458 D libc    : Internal error: netid(0), id(0xf48e), server(0.0.0.0)
04-03 21:42:44.278  1023 10471 D libc    : Internal error: netid(0), id(0x3bf8), server(0.0.0.0)
04-03 21:42:44.279  1023 10471 D libc    : Internal error: netid(0), id(0x3bf8), server(0.0.0.0)
04-03 21:42:44.279  1023 10471 D libc    : Internal error: netid(0), id(0x83a5), server(0.0.0.0)
04-03 21:42:44.280  1023 10471 D libc    : Internal error: netid(0), id(0x83a5), server(0.0.0.0)
04-03 21:42:44.282  1023 10473 D libc    : Internal error: netid(0), id(0x1894), server(0.0.0.0)
04-03 21:42:44.283  1023 10473 D libc    : Internal error: netid(0), id(0x1894), server(0.0.0.0)
04-03 21:42:44.283  1023 10473 D libc    : Internal error: netid(0), id(0x5fe7), server(0.0.0.0)
04-03 21:42:44.283  1023 10473 D libc    : Internal error: netid(0), id(0x5fe7), server(0.0.0.0)
04-03 21:42:44.287  1023 10479 D libc    : Internal error: netid(0), id(0x9a7), server(0.0.0.0)
04-03 21:42:44.287  1023 10479 D libc    : Internal error: netid(0), id(0x9a7), server(0.0.0.0)
04-03 21:42:44.288  1023 10479 D libc    : Internal error: netid(0), id(0x55eb), server(0.0.0.0)
04-03 21:42:44.288  1023 10479 D libc    : Internal error: netid(0), id(0x55eb), server(0.0.0.0)
04-03 21:42:44.298  1456  1466 I zygote  : Background concurrent copying GC freed 104786(5MB) AllocSpace objects, 39(1868KB) LOS objects, 37% free, 39MB/63MB, paused 291us total 379.753ms
04-03 21:42:44.305 10283 10339 I chatty  : uid=11224(org.mozilla.fennec_aurora) expire 1 line
04-03 21:42:44.309 10283 10342 I chatty  : uid=11224(org.mozilla.fennec_aurora) expire 5 lines
04-03 21:42:47.158  1456  1600 W ResourceType: No known package when getting value for resource number 0x7f08019d
04-03 21:42:47.158  1456  1600 W ResourceType: No known package when getting value for resource number 0x7f120112
04-03 21:42:47.158  1456  1600 W ResourceType: No known package when getting value for resource number 0x7f120112
04-03 21:42:47.158  1456  1600 W ResourceType: No known package when getting value for resource number 0x7f08019b
04-03 21:42:47.158  1456  1600 W ResourceType: No known package when getting value for resource number 0x7f120111
04-03 21:42:47.158  1456  1600 W ResourceType: No known package when getting value for resource number 0x7f120111
04-03 21:42:47.160  2360  2360 D MayaFrameworkProxyService: receive intent :Intent { act=android.intent.action.PACKAGE_CHANGED dat=package:org.mozilla.fennec_aurora flg=0x45000010 (has extras) }
04-03 21:42:47.195  1456  1942 I InputReader: Reconfiguring input devices.  changes=0x00000010
04-03 21:42:47.199  1456  1456 W ResourceType: ResTable_typeSpec entry count inconsistent: given 669, previously 675
04-03 21:42:47.199  1456  1456 W ResourceType: ResTable_typeSpec entry count inconsistent: given 394, previously 1461
04-03 21:42:47.199  1456  1456 W ResourceType: ResTable_typeSpec entry count inconsistent: given 217, previously 1293
04-03 21:42:47.203  2398  2398 D CarrierSvcBindHelper: No carrier app for: 0
04-03 21:42:47.204  2398  2398 D CarrierSvcBindHelper: No carrier app for: 1
04-03 21:42:47.222  2398  2398 E VvmPkgInstalledRcvr: cannot create TelephonyManager from ComponentInfo{com.android.phone/com.android.services.telephony.TelephonyConnectionService}, [****], UserHandle{0}
04-03 21:42:47.222  2398  2398 D ImsResolver: maybeAddedImsService, packageName: org.mozilla.fennec_aurora
04-03 21:42:47.286  1456  1600 W ResourceType: ResTable_typeSpec entry count inconsistent: given 29, previously 34
04-03 21:42:47.287  1456  1456 W ResourceType: Found multiple library tables, ignoring...
04-03 21:42:47.293  1456  1600 W ResourceType: ResTable_typeSpec entry count inconsistent: given 2183, previously 2180
04-03 21:42:47.293  1456  1600 W ResourceType: ResTable_typeSpec entry count inconsistent: given 266, previously 1541
04-03 21:42:47.331  1456  1456 I TelecomService: DefaultDialerCache: Refreshing default dialer for user 0: now com.android.dialer: DDC.oR@1bI
04-03 21:42:47.333 13975 14049 I Icing   : IndexChimeraService.getServiceInterface callingPackage=com.google.android.gms componentName=AppsCorpus serviceId=36
04-03 21:42:47.345 13975  9867 W Icing   : No valid account for uploading user actions
04-03 21:42:47.440 13975  9867 I Icing   : Usage reports ok 1, Failed Usage reports 0, indexed 0, rejected 0
04-03 21:42:47.441 13975  9867 I Icing   : Indexing com.google.android.gms-internal.3p:MobileApplication from com.google.android.gms using seqno 2511
04-03 21:42:48.443 13975  8001 I Icing   : Indexing com.google.android.gms-apps from com.google.android.gms
04-03 21:42:48.460 10534 10534 D AndroidRuntime: >>>>>> START com.android.internal.os.RuntimeInit uid 2000 <<<<<<
04-03 21:42:48.473 10534 10534 W app_process: Could not reserve sentinel fault page
04-03 21:42:48.531 13975  9867 I Icing   : Indexing done com.google.android.gms-apps
04-03 21:42:48.684 10534 10534 I app_process: The ClassLoaderContext is a special shared library.
04-03 21:42:48.758 10534 10534 D AndroidRuntime: Calling main entry com.android.commands.input.Input
04-03 21:42:48.759 10534 10534 I Input   : injectKeyEvent: KeyEvent { action=ACTION_DOWN, keyCode=KEYCODE_HOME, scanCode=0, metaState=0, flags=0x0, repeatCount=0, eventTime=18040624039, downTime=18040624039, deviceId=-1, source=0x101 }
04-03 21:42:48.767 10534 10534 I Input   : injectKeyEvent: KeyEvent { action=ACTION_UP, keyCode=KEYCODE_HOME, scanCode=0, metaState=0, flags=0x0, repeatCount=0, eventTime=18040624039, downTime=18040624039, deviceId=-1, source=0x101 }
04-03 21:42:48.774  1456  1941 I ActivityManager: START u0 {act=android.intent.action.MAIN cat=[android.intent.category.HOME] flg=0x10200000 cmp=com.android.launcher3/.CustomizationPanelLauncher (has extras)} from uid 1000
04-03 21:42:48.774   794   839 E ANDR-PERF-RESOURCEQS: Failed to apply optimization [4, 0]
04-03 21:42:48.785  1456  1941 I ActivityManager: moveHomeStack, setupComplete:true
04-03 21:42:48.793 28336 28375 I Adreno  : QUALCOMM build                   : bb5b86c, I77d3059488
04-03 21:42:48.793 28336 28375 I Adreno  : Build Date                       : 06/07/18
04-03 21:42:48.793 28336 28375 I Adreno  : OpenGL ES Shader Compiler Version: EV031.22.00.01_06
04-03 21:42:48.793 28336 28375 I Adreno  : Local Branch                     : 
04-03 21:42:48.793 28336 28375 I Adreno  : Remote Branch                    : refs/tags/AU_LINUX_ANDROID_LA.UM.6.5.R1.08.01.00.312.086
04-03 21:42:48.793 28336 28375 I Adreno  : Remote Branch                    : NONE
04-03 21:42:48.793 28336 28375 I Adreno  : Reconstruct Branch               : NOTHING
04-03 21:42:48.796 10534 10534 D AndroidRuntime: Shutting down VM
04-03 21:42:48.801 28336 28375 D vndksupport: Loading /vendor/lib/hw/gralloc.msm8937.so from current namespace instead of sphal namespace.
04-03 21:42:48.806 28336 28375 I Adreno  : PFP: 0x005ff087, ME: 0x005ff063
04-03 21:42:48.810  2748  2748 D Launcher.Utilities: Wakeup weather: Intent { act=com.motorola.launcher3.action.WAKEUP_WEATHER cmp=com.motorola.timeweatherwidget/com.motorola.commandcenter.weather.WakeUpService }
04-03 21:42:48.814 28336 28375 I zygote  : android::hardware::configstore::V1_0::ISurfaceFlingerConfigs::hasWideColorDisplay retrieved: 0
04-03 21:42:48.815 28336 28375 I OpenGLRenderer: Initialized EGL, version 1.4
04-03 21:42:48.816 28336 28375 D OpenGLRenderer: Swap behavior 2
04-03 21:42:48.827  1456  1456 I NotificationService: Cannot find enqueued record for key: 0|com.motorola.timeweatherwidget|1|null|10116
04-03 21:42:48.831   808   808 D SurfaceFlinger: duplicate layer name: changing com.android.launcher3/com.android.launcher3.CustomizationPanelLauncher to com.android.launcher3/com.android.launcher3.CustomizationPanelLauncher#1
04-03 21:42:48.854 28336 28368 W ThreadPoolDumper: Queue length for executor EventBus is now 11. Perhaps some tasks are too long, or the pool is too small.
04-03 21:42:48.857  1456  7556 I WifiService: getWifiEnabledState uid=10073
04-03 21:42:48.871  1456  7556 I WifiService: getWifiEnabledState uid=10073
04-03 21:42:48.880 28336 28379 I DEBUG   : OpaToSrpTransitionState#onStateChanged#notNullQuery
04-03 21:42:48.881 28336 28379 I DEBUG   : OpaToSrpTransitionState#onStateChanged#notNullQuery
04-03 21:42:48.894 28336 28379 I MicroDetectionState: Should stop hotword detection immediately - false
04-03 21:42:48.898 28336 28379 I MicroDetectionWorker: #startMicroDetector [speakerMode: 0]
04-03 21:42:48.899 28336 28379 I AudioController: Created new AudioSource
04-03 21:42:48.940 28336 28366 I MicroDataManager: isInitializedWithLatestParams-true
04-03 21:42:48.940 28336 28366 I MicroDataManager: isInitializing-false locale not changed-true model not changed-true
04-03 21:42:48.940 28336 28366 I MicroDataManager: Already initialized, obtaining the hotword data immediately.
04-03 21:42:48.942  1456  1673 I LaunchCheckinHandler: Displayed com.android.launcher3/.CustomizationPanelLauncher,wp,wa,168
04-03 21:42:48.946 28336 21980 I MicroRecognitionRunner: Starting detection.
04-03 21:42:48.946 28336 21980 I InputStreamUtils: Using micInputStream
04-03 21:42:48.947 28336 10277 I MicrophoneInputStream: mic_starting  SR : 16000 CC : 16 SO : 1999
04-03 21:42:48.950   788   788 V msm8974_platform: platform_check_input_mask: enter check_input_mask source 6 mask 10
04-03 21:42:48.954  1012 10551 I AudioFlinger: AudioFlinger's thread 0xb2483a40 tid=10551 ready to run
04-03 21:42:48.961   788  1479 D audio_hw_primary: in_set_parameters: enter: kvpairs=input_source=6;routing=-2147483644
04-03 21:42:48.962  1012  1301 D APM_AudioPolicyManager: AudioPolicyManager::startInput() input 275030, session 275145, source = 1999
04-03 21:42:48.962 28336 10277 I MicrophoneInputStream: mic_started  SR : 16000 CC : 16 SO : 1999
04-03 21:42:48.964   788 10552 V msm8974_platform: platform_update_usecase_from_source: input source :6
04-03 21:42:48.964   788 10552 V msm8974_platform: platform_check_input_mask: enter check_input_mask source 6 mask 10
04-03 21:42:48.964   788 10552 V msm8974_platform: platform_get_input_snd_device: enter: out_device(0) in_device(0x4) channel_count (1) channel_mask (0x10)
04-03 21:42:48.964   788 10552 V msm8974_platform: platform_get_input_snd_device: exit: in_snd_device(voice-rec-mic)
04-03 21:42:48.964   788 10552 V msm8974_platform: platform_get_backend_index:napb: backend port - 5 device - 120 
04-03 21:42:48.964   788 10552 V msm8974_platform: platform_check_and_set_capture_backend_cfg:txbecf: afe: bitwidth 0, samplerate 0, channel 1, backend_idx 5 usecase = 9 device (voice-rec-mic)
04-03 21:42:48.964   788 10552 V msm8974_platform: platform_check_capture_backend_cfg:txbecf: afe: Codec selected backend: 5 current bit width: 0 and sample rate: 0, channels 1
04-03 21:42:48.964   788 10552 V msm8974_platform: platform_check_capture_backend_cfg:txbecf: afe: Codec selected backend: 5 updated bit width: 0 and sample rate: 0
04-03 21:42:48.964   788 10552 I msm8974_platform: platform_check_capture_backend_cfg:txbecf: afe: Codec backend needs to be updated. new bit width: 0 new sample rate: 0 new channel: 1
04-03 21:42:48.964   788 10552 V msm8974_platform: platform_get_backend_index:napb: backend port - 5 device - 120 
04-03 21:42:48.964   788 10552 V msm8974_platform: platform_set_backend_cfg:becf: afe: bitwidth 0, samplerate 0 channels 1, backend_idx 5 device (voice-rec-mic)
04-03 21:42:48.965   788 10552 E msm8974_platform: platform_set_backend_cfg:becf: afe: Could not get ctl for mixer command - SLIM_0_TX Format
04-03 21:42:48.965   788 10552 V msm8974_platform: platform_send_audio_calibration: sending audio calibration for snd_device(120) acdb_id(62)
04-03 21:42:48.965   788 10552 D ACDB-LOADER: ACDB -> send_audio_cal, acdb_id = 62, path = 1, app id = 0x11130, sample rate = 48000
04-03 21:42:48.965   788 10552 D ACDB-LOADER: ACDB -> send_asm_topology
04-03 21:42:48.965   788 10552 D ACDB-LOADER: ACDB -> ACDB_CMD_GET_AUDPROC_STREAM_TOPOLOGY_ID
04-03 21:42:48.965   788 10552 D ACDB-LOADER: ACDB -> send_adm_topology
04-03 21:42:48.965   788 10552 D ACDB-LOADER: ACDB -> ACDB_CMD_GET_AUDPROC_COMMON_TOPOLOGY_ID
04-03 21:42:48.965   788 10552 D ACDB-LOADER: ACDB -> send_audtable
04-03 21:42:48.965   788 10552 D ACDB-LOADER: ACDB -> ACDB_CMD_GET_AUDPROC_COMMON_TABLE_SIZE
04-03 21:42:48.965   788 10552 D ACDB-LOADER: ACDB -> ACDB_CMD_GET_AUDPROC_COMMON_TABLE
04-03 21:42:48.965   788 10552 D ACDB-LOADER: ACDB -> AUDIO_SET_AUDPROC_CAL
04-03 21:42:48.965   788 10552 D ACDB-LOADER: ACDB -> send_audvoltable
04-03 21:42:48.965   788 10552 D ACDB-LOADER: ACDB -> ACDB_CMD_GET_AUDPROC_VOL_STEP_TABLE_SIZE
04-03 21:42:48.965   788 10552 D ACDB-LOADER: ACDB -> ACDB_CMD_GET_AUDPROC_GAIN_DEP_STEP_TABLE, vol index 0
04-03 21:42:48.965   788 10552 D         : Failed to fetch the lookup information of the device 0000003E 
04-03 21:42:48.965   788 10552 D ACDB-LOADER: ACDB -> AUDIO_SET_VOL_CAL cal type = 12
04-03 21:42:48.965   788 10552 D ACDB-LOADER: ACDB -> ACDB_CMD_GET_AUDPROC_STREAM_TABLE_SIZE
04-03 21:42:48.965   788 10552 D ACDB-LOADER: ACDB -> send_audstrmtable
04-03 21:42:48.965   788 10552 D ACDB-LOADER: ACDB -> ACDB_CMD_GET_AUDPROC_STREAM_TABLE_V2
04-03 21:42:48.965   788 10552 D ACDB-LOADER: ACDB -> audstrm_cal->cal_type.cal_data.cal_size = 456
04-03 21:42:48.965   788 10552 D ACDB-LOADER: ACDB -> send_afe_topology
04-03 21:42:48.965   788 10552 D ACDB-LOADER: ACDB -> ACDB_CMD_GET_AFE_TOPOLOGY_ID
04-03 21:42:48.965   788 10552 D ACDB-LOADER: ACDB -> GET_AFE_TOPOLOGY_ID for adcd_id 62, Topology Id 112fb
04-03 21:42:48.965   788 10552 D ACDB-LOADER: ACDB -> send_afe_cal
04-03 21:42:48.965   788 10552 D ACDB-LOADER: ACDB -> ACDB_CMD_GET_AFE_COMMON_TABLE_SIZE
04-03 21:42:48.965   788 10552 D         : Failed to fetch the lookup information of the device 0000003E 
04-03 21:42:48.965   788 10552 E ACDB-LOADER: Error: ACDB_CMD_GET_AFE_COMMON_TABLE_SIZE Returned = -19
04-03 21:42:48.965   788 10552 D ACDB-LOADER: ACDB -> ACDB_CMD_GET_AFE_COMMON_TABLE
04-03 21:42:48.966   788 10552 D         : Failed to fetch the lookup information of the device 0000003E 
04-03 21:42:48.966   788 10552 D ACDB-LOADER: ACDB -> AUDIO_SET_AFE_CAL
04-03 21:42:48.966   788 10552 D ACDB-LOADER: ACDB -> send_hw_delay : acdb_id = 62 path = 1
04-03 21:42:48.966   788 10552 D ACDB-LOADER: ACDB -> ACDB_AVSYNC_INFO: ACDB_CMD_GET_DEVICE_PROPERTY
04-03 21:42:48.966   788 10552 D audio_hw_primary: enable_snd_device: snd_device(120: voice-rec-mic)
04-03 21:42:48.966   788 10552 D audio_route: Apply path: voice-rec-mic
04-03 21:42:48.968   788 10552 V msm8974_platform: platform_get_snd_device_backend_index: enter with device 120
04-03 21:42:48.969   788 10552 E msm8974_platform: platform_get_snd_device_backend_index: BE DAI Name Table is not present
04-03 21:42:48.969   788 10552 V msm8974_platform: platform_get_backend_index:napb: backend port - 5 device - 120 
04-03 21:42:48.969   788 10552 I audio_hw_utils: Set Audio Stream Capture 0 App Type Cfg: app_type 69936, acdb_dev_id 62, sample_rate 48000, snd_device_be_idx -14
04-03 21:42:48.969   788 10552 D audio_hw_primary: enable_audio_route: usecase(9) apply and update mixer path: audio-record
04-03 21:42:48.969   788 10552 D audio_route: Apply path: audio-record
04-03 21:42:49.040 28336 28379 I MicroDetectionWorker: onReady
04-03 21:42:49.095  2146  2165 I zygote  : NativeAlloc concurrent copying GC freed 24607(1266KB) AllocSpace objects, 0(0B) LOS objects, 50% free, 9MB/18MB, paused 135us total 133.611ms
04-03 21:42:49.340  1456  7796 I OpenGLRenderer: Initialized EGL, version 1.4
04-03 21:42:49.340  1456  7796 D OpenGLRenderer: Swap behavior 2
04-03 21:42:49.386  2748  2917 W OpenGLRenderer: Incorrectly called buildLayer on View: ShortcutAndWidgetContainer, destroying layer...
04-03 21:42:53.953  1456  7556 I ActivityManager: Force stopping org.mozilla.fennec_aurora appid=11224 user=0: from pid 10559
04-03 21:42:53.953  1456  7556 I ActivityManager: Killing 10283:org.mozilla.fennec_aurora/u0a1224 (adj 700): stop org.mozilla.fennec_aurora
04-03 21:42:53.956  1456  1605 W zygote  : kill(-10283, 9) failed: No such process
04-03 21:42:53.957  1456  7556 W ActivityManager: Force removing ActivityRecord{bc5fbcc u0 org.mozilla.fennec_aurora/org.mozilla.fenix.HomeActivity t54161}: app died, no saved state
04-03 21:42:53.966  1456  7556 I ActivityManager: Killing 10379:org.mozilla.fennec_aurora:tab0/u0a1224 (adj 0): stop org.mozilla.fennec_aurora
04-03 21:42:53.972  1456  1605 W zygote  : kill(-10283, 9) failed: No such process
04-03 21:42:53.979  2398  2398 D CarrierSvcBindHelper: No carrier app for: 0
04-03 21:42:53.982  2398  2398 D CarrierSvcBindHelper: No carrier app for: 1
04-03 21:42:53.989  1456  1605 W zygote  : kill(-10283, 9) failed: No such process
04-03 21:42:54.025  1456  7556 D ConnectivityService: ConnectivityService NetworkRequestInfo binderDied(NetworkRequest [ TRACK_DEFAULT id=35726, [ Capabilities: INTERNET&NOT_RESTRICTED&TRUSTED&NOT_VPN] ], android.os.BinderProxy@d818ab2)
04-03 21:42:54.025  1456  1673 W ActivityManager: setHasOverlayUi called on unknown pid: 10283
04-03 21:42:54.025  1456  2067 D ConnectivityService: releasing NetworkRequest [ TRACK_DEFAULT id=35726, [ Capabilities: INTERNET&NOT_RESTRICTED&TRUSTED&NOT_VPN] ] (release request)
04-03 21:42:54.036  1456  1605 W zygote  : kill(-10283, 9) failed: No such process
04-03 21:42:54.036  1456  1605 I zygote  : Successfully killed process cgroup uid 11224 pid 10283 in 80ms
04-03 21:42:54.036  1456  1605 W zygote  : kill(-10379, 9) failed: No such process
04-03 21:42:54.036  1456  1605 I zygote  : Successfully killed process cgroup uid 11224 pid 10379 in 0ms
04-03 21:42:54.075  1456  2921 I ActivityManager: START u0 {act=android.intent.action.MAIN cat=[android.intent.category.LAUNCHER] flg=0x10000000 cmp=org.mozilla.fennec_aurora/.App} from uid 2000
04-03 21:42:54.076   794   839 E ANDR-PERF-RESOURCEQS: Failed to apply optimization [4, 0]
04-03 21:42:54.094  1456 10736 I ActivityManager: Start proc 10566:org.mozilla.fennec_aurora/u0a1224 for activity org.mozilla.fennec_aurora/.App
04-03 21:42:54.097   808   898 I SFPerfTracer:      triggers: (rate: 0:1) (0 sw vsyncs) (0 skipped) (0:6082757 vsyncs) (2:12777014)
04-03 21:42:54.116   808   808 I SFPerfTracer:      triggers: (rate: 72:2019053) (compose: 0:7) (post: 0:19) (render: 0:17) (0:10144330 frames) (1:12681700)
04-03 21:42:54.116   808   808 D SFPerfTracer:        layers: (4:13) (NavigationBar#0 (0xb07df000): 0:917708) (StatusBar#0 (0xb07e3000): 0:2171450) (com.android.systemui.ImageWallpaper#0 (0xb07e7000): 0:84597) (Sprite#0 (0xb0733000): 0:317)* (DimLayerController/Stack=0#0 (0xb075a000): 0:3823)* (Sprite#1 (0xb077c000): 0:195)* (com.android.launcher3/com.android.launcher3.CustomizationPanelLauncher#0 (0xb0763000): 0:31)- (com.android.launcher3/com.android.launcher3.CustomizationPanelLauncher#1 (0xb0771000): 0:6)- (Splash Screen org.mozilla.fennec_aurora#0 (0xb039b000): 0:19)- (Splash Screen org.mozilla.fennec_aurora#1 (0xb013a000): 0:31)- (org.mozilla.fennec_aurora/org.mozilla.fenix.HomeActivity#0 (0xb039b000): 0:48)- (com.android.launcher3/com.android.launcher3.CustomizationPanelLauncher#0 (0xb0763000): 1:37)* (com.android.launcher3/com.android.launcher3.CustomizationPanelLauncher#1 (0xb0771000): 1:8) 
04-03 21:42:54.183 28336 28379 I MicroDetectionState: Should stop hotword detection immediately - false
04-03 21:42:54.184 28336 28379 I MicroDetector: Keeping mic open: false
04-03 21:42:54.184 28336 28379 I RecognitionAudioControl: #shutdownAudio [requestId: 5186830115871130907, keepAudioOpen: false, forced: true]
04-03 21:42:54.184 28336 21981 E DeviceStateChecker: DeviceStateChecker cancelled
04-03 21:42:54.184 28336 28379 I RecognitionAudioControl: #internalShutdownAudio [requestId: 5186830115871130907]
04-03 21:42:54.184 28336 28379 I RecognitionAudioControl: #internalShutdownAudio [keepAudioOpen: false, forced: true]
04-03 21:42:54.184 28336 28379 I RecognitionAudioControl: #actualShutdownAudio
04-03 21:42:54.184 28336 28379 I AudioController: #shutdown [requestId=5186830115871130907]
04-03 21:42:54.185 28336 28367 I AudioController: internalShutdown
04-03 21:42:54.185 28336 28362 I MicroRecognitionRunner: Stopping hotword detection.
04-03 21:42:54.240   788  1479 D audio_hw_primary: disable_audio_route: usecase(9) reset and update mixer path: audio-record
04-03 21:42:54.241   788  1479 D audio_hw_primary: disable_snd_device: snd_device(120: voice-rec-mic)
04-03 21:42:54.243  1012  8317 D APM_AudioPolicyManager: stopInput() input 275030, session 275145
04-03 21:42:54.243   788   788 D audio_hw_primary: in_set_parameters: enter: kvpairs=routing=0
04-03 21:42:54.245 28336 28367 I MicrophoneInputStream: mic_close  SR : 16000 CC : 16 SO : 1999
04-03 21:42:54.245 28336 28367 E AudioSource: Stop listening is called on already closed AudioSource
04-03 21:42:54.247 28336 21980 I MicroRecognitionRunner: Detection finished
04-03 21:42:54.264 10566 10566 I chatty  : uid=11224(org.mozilla.fennec_aurora) expire 31 lines
04-03 21:42:54.340 10566 10585 I chatty  : uid=11224(org.mozilla.fennec_aurora) expire 4 lines
04-03 21:42:54.363  1456  5031 D ConnectivityService: requestNetwork for uid/pid:11224/10566 NetworkRequest [ TRACK_DEFAULT id=35727, [ Capabilities: INTERNET&NOT_RESTRICTED&TRUSTED&NOT_VPN] ]
04-03 21:42:54.364  1456  2054 D WIFI_UT : got request NetworkRequest [ TRACK_DEFAULT id=35727, [ Capabilities: INTERNET&NOT_RESTRICTED&TRUSTED&NOT_VPN] ] with score 0
04-03 21:42:54.365  1456  2054 D WIFI    : got request NetworkRequest [ TRACK_DEFAULT id=35727, [ Capabilities: INTERNET&NOT_RESTRICTED&TRUSTED&NOT_VPN] ] with score 0
04-03 21:42:54.365  1456  2099 D Ethernet: got request NetworkRequest [ TRACK_DEFAULT id=35727, [ Capabilities: INTERNET&NOT_RESTRICTED&TRUSTED&NOT_VPN] ] with score 0
04-03 21:42:54.365  2398  2398 D PhoneSwitcherNetworkRequstListener: got request NetworkRequest [ TRACK_DEFAULT id=35727, [ Capabilities: INTERNET&NOT_RESTRICTED&TRUSTED&NOT_VPN] ] with score 0
04-03 21:42:54.371 10566 10596 I chatty  : uid=11224(org.mozilla.fennec_aurora) expire 13 lines
04-03 21:42:54.390 10566 10595 I chatty  : uid=11224(org.mozilla.fennec_aurora) expire 11 lines
04-03 21:42:54.398 10566 10599 I chatty  : uid=11224(org.mozilla.fennec_aurora) expire 16 lines
04-03 21:42:54.493 10566 10607 I chatty  : uid=11224(org.mozilla.fennec_aurora) expire 1 line
04-03 21:42:54.540 10566 10616 I chatty  : uid=11224(org.mozilla.fennec_aurora) expire 7 lines
04-03 21:42:54.543 10566 10571 I chatty  : uid=11224(org.mozilla.fennec_aurora) expire 8 lines
04-03 21:42:54.567 10566 10616 I chatty  : uid=11224(org.mozilla.fennec_aurora) expire 3 lines
04-03 21:42:54.577 10566 10599 I chatty  : uid=11224(org.mozilla.fennec_aurora) expire 11 lines
04-03 21:42:54.579  1456  4679 I ActivityManager: START u0 {act=android.intent.action.MAIN cat=[android.intent.category.LAUNCHER] flg=0x10000000 cmp=org.mozilla.fennec_aurora/org.mozilla.fenix.HomeActivity (has extras)} from uid 11224
04-03 21:42:54.601   808   808 D SurfaceFlinger: duplicate layer name: changing Splash Screen org.mozilla.fennec_aurora to Splash Screen org.mozilla.fennec_aurora#1
04-03 21:42:54.648  1456  5031 I ActivityManager: Start proc 10647:org.mozilla.fennec_aurora:tab0/u0a1224 for service org.mozilla.fennec_aurora/org.mozilla.gecko.process.GeckoChildProcessServices$tab0
04-03 21:42:54.700 10566 10566 I chatty  : uid=11224(org.mozilla.fennec_aurora) expire 27 lines
04-03 21:42:54.790 10647 10647 I chatty  : uid=11224(org.mozilla.fennec_aurora) expire 2 lines
04-03 21:42:54.791 10647 10669 I chatty  : uid=11224(org.mozilla.fennec_aurora) expire 1 line
04-03 21:42:54.937 10111 10125 E AuthStateProvider: Calling package disagreement. Legacy: org.mozilla.fennec.sharedID:11224, new API: org.mozilla.fennec_aurora
04-03 21:42:54.937 10111 10125 D AuthStateProvider: Caller must be whitelisted.
04-03 21:42:54.937 10566 10566 E ActivityThread: Failed to find provider info for org.mozilla.fennec_aurora.fxa.auth
04-03 21:42:55.019 10566 10676 I chatty  : uid=11224(org.mozilla.fennec_aurora) expire 9 lines
04-03 21:42:55.350  1456  1673 I LaunchCheckinHandler: Displayed org.mozilla.fennec_aurora/org.mozilla.fenix.HomeActivity,wp,ca,733
04-03 21:42:55.350  1456  1673 I ActivityManager: Displayed org.mozilla.fennec_aurora/org.mozilla.fenix.HomeActivity: +723ms (total +1s256ms)
04-03 21:42:55.366 28336 28336 I MemoryTrimmer: Trimming objects from memory, since app is in the background.
04-03 21:42:55.373 28336 28379 E AudioSource: Stop listening is called on already closed AudioSource
04-03 21:42:55.374 28336 28336 I MemoryTrimmer: Trimming objects from memory, since app is in the background.
04-03 21:42:55.376 28336 10277 I PBSessionCacheImpl: Deleted sessionId[124624629806620241] from persistence.
04-03 21:42:55.380  1456  2921 I WifiService: getWifiEnabledState uid=10073
04-03 21:42:55.381 28336 28379 I DEBUG   : OpaToSrpTransitionState#onStateChanged#notNullQuery
04-03 21:42:55.382 28336 28379 I DEBUG   : OpaToSrpTransitionState#onStateChanged#notNullQuery
04-03 21:42:55.384 28336 28379 W SearchServiceCore: Abort, client detached.
04-03 21:42:55.388 10566 10685 I chatty  : uid=11224(org.mozilla.fennec_aurora) expire 2 lines
