--------- beginning of main
01-06 22:20:35.415  1456  1605 W zygote  : kill(-14447, 9) failed: No such process
01-06 22:20:35.427 23700 23889 I MicroDetectionWorker: onReady
01-06 22:20:35.433  1456  1605 W zygote  : kill(-14447, 9) failed: No such process
01-06 22:20:35.468  1456  1605 I chatty  : uid=1000(system) ActivityManager identical 6 lines
01-06 22:20:35.474  1456  1605 W zygote  : kill(-14447, 9) failed: No such process
01-06 22:20:35.474  1456  1605 I zygote  : Successfully killed process cgroup uid 10090 pid 14447 in 102ms
01-06 22:20:35.475  1456  1605 W zygote  : kill(-22128, 9) failed: No such process
01-06 22:20:35.475  1456  1605 I zygote  : Successfully killed process cgroup uid 10108 pid 22128 in 0ms
01-06 22:20:35.475  1456  1605 W zygote  : kill(-14631, 9) failed: No such process
01-06 22:20:35.475  1456  1605 I zygote  : Successfully killed process cgroup uid 10044 pid 14631 in 0ms
01-06 22:20:35.477  1456  1605 W zygote  : kill(-14362, 9) failed: No such process
01-06 22:20:35.477  1456  1605 I zygote  : Successfully killed process cgroup uid 1000 pid 14362 in 0ms
01-06 22:20:35.478  1456  1605 W zygote  : kill(-14348, 9) failed: No such process
01-06 22:20:35.478  1456  1605 I zygote  : Successfully killed process cgroup uid 10085 pid 14348 in 0ms
01-06 22:20:35.479  1456  1605 W zygote  : kill(-32485, 9) failed: No such process
01-06 22:20:35.479  1456  1605 I zygote  : Successfully killed process cgroup uid 10018 pid 32485 in 0ms
01-06 22:20:35.480  1456  1605 W zygote  : kill(-14562, 9) failed: No such process
01-06 22:20:35.480  1456  1605 I zygote  : Successfully killed process cgroup uid 10031 pid 14562 in 0ms
01-06 22:20:35.481  1456  1605 W zygote  : kill(-22172, 9) failed: No such process
01-06 22:20:35.481  1456  1605 I zygote  : Successfully killed process cgroup uid 10036 pid 22172 in 0ms
01-06 22:20:35.615 14434 14920 I Finsky  : [174297] elh.a(29): Completed 0 account content syncs with 0 successful.
01-06 22:20:35.616 14434 14434 I Finsky  : [2] ContentSyncJob.a(12): Installation state replication succeeded.
01-06 22:20:35.626 14434 14434 I Finsky  : [2] tta.a(13): SCH: jobFinished: 12-1. TimeElapsed: 1135ms.
01-06 22:20:35.630 14434 14434 I Finsky  : [2] trq.a(34): SCH: Job 12-1 finished. Not rescheduling.
01-06 22:20:35.631 14434 14434 I Finsky  : [2] trp.handleMessage(63): SCH: RunningQueue size: 0, PendingQueue size: 0
01-06 22:20:35.633 14434 14434 I Finsky  : [2] trp.handleMessage(29): Executor finished
01-06 22:20:35.649 14434 14434 I Finsky  : [2] puo.onTrimMemory(1): Memory trim requested to level 80
01-06 22:20:35.652 14434 14434 I Finsky  : [2] tuf.a(7): SCH: Jobs in database: 1-1337 3-1363 3-1364 24-77777777 26-1414141414 29-29 
--------- beginning of system
01-06 22:20:35.661  1456  4797 I ActivityManager: START u0 {act=android.intent.action.MAIN cat=[android.intent.category.LAUNCHER] flg=0x10000000 cmp=org.mozilla.fenix.performancetest/org.mozilla.fenix.HomeActivity} from uid 2000
01-06 22:20:35.661   794   839 E ANDR-PERF-RESOURCEQS: Failed to apply optimization [4, 0]
01-06 22:20:35.673 14434 14434 I Finsky  : [2] tpv.a(58): SCH: ConstraintMapping: 24-77777777,  -> L: 0ms, D: 51051142ms, C: false, I: true, N: 0
01-06 22:20:35.674 14434 14434 I Finsky  : [2] tpv.a(58): SCH: ConstraintMapping: 1-1337,  -> L: 11422687ms, D: 54622687ms, C: false, I: false, N: 1
01-06 22:20:35.674 14434 14434 I Finsky  : [2] tpv.a(58): SCH: ConstraintMapping: 3-1363,  -> L: 0ms, D: 86383950ms, C: false, I: true, N: 2
01-06 22:20:35.675 14434 14434 I Finsky  : [2] tpv.a(58): SCH: ConstraintMapping: 3-1364,  -> L: 0ms, D: 86383980ms, C: true, I: true, N: 2
01-06 22:20:35.676 14434 14434 I Finsky  : [2] tpv.a(58): SCH: ConstraintMapping: 26-1414141414, 29-29,  -> L: 12810ms, D: 42810ms, C: false, I: false, N: 0
01-06 22:20:35.677  2748  2917 W OpenGLRenderer: Incorrectly called buildLayer on View: ShortcutAndWidgetContainer, destroying layer...
01-06 22:20:35.694  1456  4797 I ActivityManager: Start proc 14928:org.mozilla.fenix.performancetest/u0a692 for activity org.mozilla.fenix.performancetest/org.mozilla.fenix.HomeActivity
01-06 22:20:35.708 14928 14928 I chatty  : uid=10692(org.mozilla.fenix.performancetest) expire 40 lines
01-06 22:20:35.715 14434 14434 I Finsky  : [2] tsn.a(37): Cancelling existing jobscheduler jobs: 9007 9000 9005 9008 
01-06 22:20:35.716 14434 14434 I Finsky  : [2] tsn.a(14): Throttling wakeup for job 9002 (expected to run in 0 ms) due to recent wakeup
01-06 22:20:35.717 14434 14434 I Finsky  : [2] tsn.a(30): Scheduling job Id: 9002, L: 30000, D: 51051142, C: false, I: true, N: 0
01-06 22:20:35.719 14434 14434 I Finsky  : [2] tsn.a(30): Scheduling job Id: 9003, L: 11422687, D: 54622687, C: false, I: false, N: 1
01-06 22:20:35.720 14434 14434 I Finsky  : [2] tsn.a(14): Throttling wakeup for job 9004 (expected to run in 0 ms) due to recent wakeup
01-06 22:20:35.722 14434 14434 I Finsky  : [2] tsn.a(30): Scheduling job Id: 9004, L: 30000, D: 86383950, C: false, I: true, N: 2
01-06 22:20:35.723 14434 14434 I Finsky  : [2] tsn.a(14): Throttling wakeup for job 9006 (expected to run in 0 ms) due to recent wakeup
01-06 22:20:35.724 14434 14434 I Finsky  : [2] tsn.a(30): Scheduling job Id: 9006, L: 30000, D: 86383980, C: true, I: true, N: 2
01-06 22:20:35.725 14434 14434 I Finsky  : [2] tsn.a(14): Throttling wakeup for job 9009 (expected to run in 12810 ms) due to recent wakeup
01-06 22:20:35.725 14434 14434 I Finsky  : [2] tsn.a(30): Scheduling job Id: 9009, L: 30000, D: 42810, C: false, I: false, N: 0
01-06 22:20:35.781 23700 23889 I MicroDetectionState: Should stop hotword detection immediately - false
01-06 22:20:35.781 23700 23889 I MicroDetector: Keeping mic open: false
01-06 22:20:35.781 23700 23889 I RecognitionAudioControl: #shutdownAudio [requestId: 991972946903113219, keepAudioOpen: false, forced: true]
01-06 22:20:35.781 23700 31952 E DeviceStateChecker: DeviceStateChecker cancelled
01-06 22:20:35.781 23700 23889 I RecognitionAudioControl: #internalShutdownAudio [requestId: 991972946903113219]
01-06 22:20:35.781 23700 23889 I RecognitionAudioControl: #internalShutdownAudio [keepAudioOpen: false, forced: true]
01-06 22:20:35.781 23700 23889 I RecognitionAudioControl: #actualShutdownAudio
01-06 22:20:35.781 23700 23889 I AudioController: #shutdown [requestId=991972946903113219]
01-06 22:20:35.782 23700  1167 I AudioController: internalShutdown
01-06 22:20:35.782 23700  1166 I MicroRecognitionRunner: Stopping hotword detection.
01-06 22:20:35.827   788  1401 D audio_hw_primary: disable_audio_route: usecase(9) reset and update mixer path: audio-record
01-06 22:20:35.828   788  1401 D audio_hw_primary: disable_snd_device: snd_device(120: voice-rec-mic)
01-06 22:20:35.832  1012  1302 D APM_AudioPolicyManager: stopInput() input 82982, session 83041
01-06 22:20:35.833   788  1401 D audio_hw_primary: in_set_parameters: enter: kvpairs=routing=0
01-06 22:20:35.836 23700  1167 I MicrophoneInputStream: mic_close  SR : 16000 CC : 16 SO : 1999
01-06 22:20:35.836 23700  1167 E AudioSource: Stop listening is called on already closed AudioSource
01-06 22:20:35.838 23700 32557 I MicroRecognitionRunner: Detection finished
01-06 22:20:35.943 14928 14946 I chatty  : uid=10692(org.mozilla.fenix.performancetest) expire 14 lines
01-06 22:20:36.103 14928 14955 I chatty  : uid=10692(org.mozilla.fenix.performancetest) expire 37 lines
01-06 22:20:36.194   808   898 I SFPerfTracer:      triggers: (rate: 0:0) (0 sw vsyncs) (0 skipped) (64:2063895 vsyncs) (66:3794788)
01-06 22:20:36.214 14928 14963 I chatty  : uid=10692(org.mozilla.fenix.performancetest) expire 10 lines
01-06 22:20:36.237  1456  4797 I ActivityManager: Start proc 14968:org.mozilla.fenix.performancetest:tab/u0a692 for service org.mozilla.fenix.performancetest/org.mozilla.gecko.process.GeckoServiceChildProcess$tab
01-06 22:20:36.245 14968 14968 I chatty  : uid=10692(org.mozilla.fenix.performancetest) expire 3 lines
01-06 22:20:36.265  1456  1601 I ActivityManager: Start proc 14977:com.motorola.timeweatherwidget/u0a116 for service com.motorola.timeweatherwidget/com.motorola.commandcenter.WidgetService
01-06 22:20:36.305 14977 14977 I zygote  : The ClassLoaderContext is a special shared library.
01-06 22:20:36.310 14977 14977 I zygote  : The ClassLoaderContext is a special shared library.
01-06 22:20:36.337 14977 14977 D CmdCenter: - --->: 2017 WidgetApplication onCreate
01-06 22:20:36.363 14977 14977 I WeatherApp: Creating weather service
01-06 22:20:36.377 14977 14977 I WeatherApp: onStartCommand action: com.motorola.commandcenter.weather.action.START_WEATHER_SERVICE
01-06 22:20:36.377 14977 15005 I WeatherApp: is force update = false
01-06 22:20:36.379 14977 14977 I WeatherApp: onStartCommand action: com.motorola.commandcenter.weather.action.START_WEATHER_SERVICE
01-06 22:20:36.380 14977 15005 I WeatherApp: Current Location is OFF.
01-06 22:20:36.381 14977 15005 I WeatherApp: is force update = false
01-06 22:20:36.392 14977 15005 I WeatherApp: No top city.
01-06 22:20:36.393 14977 15005 I WeatherApp: is force update = false
01-06 22:20:36.393 14977 15005 I WeatherApp: Current Location is OFF.
01-06 22:20:36.393 14977 15005 I WeatherApp: is force update = false
01-06 22:20:36.396 14977 15005 I WeatherApp: No top city.
01-06 22:20:36.413  1456  5027 I ActivityManager: Start proc 15010:com.android.providers.calendar/u0a16 for content provider com.android.providers.calendar/.CalendarProvider2
01-06 22:20:36.447 14968 15025 I chatty  : uid=10692(org.mozilla.fenix.performancetest) expire 1 line
01-06 22:20:36.450 15010 15010 I zygote  : The ClassLoaderContext is a special shared library.
01-06 22:20:36.453 15010 15010 I chatty  : uid=10016(com.android.providers.calendar) identical 1 line
01-06 22:20:36.455 15010 15010 I zygote  : The ClassLoaderContext is a special shared library.
01-06 22:20:36.483 15010 15010 I CalendarProvider2: Created com.android.providers.calendar.CalendarAlarmManager@6e6d45e(com.android.providers.calendar.CalendarProvider2@3b1403f)
01-06 22:20:36.486  1456  5027 W Binder  : Outgoing transactions from this process must be FLAG_ONEWAY
01-06 22:20:36.486  1456  5027 W Binder  : java.lang.Throwable
01-06 22:20:36.486  1456  5027 W Binder  : 	at android.os.BinderProxy.transact(Binder.java:752)
01-06 22:20:36.486  1456  5027 W Binder  : 	at android.content.ContentProviderProxy.getType(ContentProviderNative.java:451)
01-06 22:20:36.486  1456  5027 W Binder  : 	at com.android.server.am.ActivityManagerService.getProviderMimeType(ActivityManagerService.java:12677)
01-06 22:20:36.486  1456  5027 W Binder  : 	at android.app.IActivityManager$Stub.onTransact(IActivityManager.java:1800)
01-06 22:20:36.486  1456  5027 W Binder  : 	at com.android.server.am.ActivityManagerService.onTransact(ActivityManagerService.java:3169)
01-06 22:20:36.486  1456  5027 W Binder  : 	at android.os.Binder.execTransact(Binder.java:697)
01-06 22:20:36.675 14928 14933 I chatty  : uid=10692(org.mozilla.fenix.performancetest) expire 8 lines
01-06 22:20:36.869 14928 15051 I chatty  : uid=10692(org.mozilla.fenix.performancetest) expire 5 lines
01-06 22:20:36.983 14928 15063 I chatty  : uid=10692(org.mozilla.fenix.performancetest) expire 9 lines
01-06 22:20:37.068  1456  5027 D ConnectivityService: requestNetwork for uid/pid:10692/14928 NetworkRequest [ TRACK_DEFAULT id=17886, [ Capabilities: INTERNET&NOT_RESTRICTED&TRUSTED&NOT_VPN] ]
01-06 22:20:37.071  1456  2099 D Ethernet: got request NetworkRequest [ TRACK_DEFAULT id=17886, [ Capabilities: INTERNET&NOT_RESTRICTED&TRUSTED&NOT_VPN] ] with score 60
01-06 22:20:37.071  1456  2054 D WIFI_UT : got request NetworkRequest [ TRACK_DEFAULT id=17886, [ Capabilities: INTERNET&NOT_RESTRICTED&TRUSTED&NOT_VPN] ] with score 60
01-06 22:20:37.071  1456  2054 D WIFI    : got request NetworkRequest [ TRACK_DEFAULT id=17886, [ Capabilities: INTERNET&NOT_RESTRICTED&TRUSTED&NOT_VPN] ] with score 60
01-06 22:20:37.071  2398  2398 D PhoneSwitcherNetworkRequstListener: got request NetworkRequest [ TRACK_DEFAULT id=17886, [ Capabilities: INTERNET&NOT_RESTRICTED&TRUSTED&NOT_VPN] ] with score 60
01-06 22:20:37.330  1456  2916 I WifiService: getDhcpInfo uid=10692
01-06 22:20:37.884 14928 15097 I chatty  : uid=10692(org.mozilla.fenix.performancetest) expire 5 lines
01-06 22:20:37.938 14928 15101 I chatty  : uid=10692(org.mozilla.fenix.performancetest) expire 2 lines
01-06 22:20:38.112  1456  1673 I LaunchCheckinHandler: Displayed org.mozilla.fenix.performancetest/org.mozilla.fenix.HomeActivity,cp,ca,2433
01-06 22:20:38.112  1456  1673 I ActivityManager: Displayed org.mozilla.fenix.performancetest/org.mozilla.fenix.HomeActivity: +2s427ms
01-06 22:20:38.156 14928 15111 I chatty  : uid=10692(org.mozilla.fenix.performancetest) expire 4 lines
01-06 22:20:38.170 23700 23700 I MemoryTrimmer: Trimming objects from memory, since app is in the background.
01-06 22:20:38.177 23700 23889 E AudioSource: Stop listening is called on already closed AudioSource
01-06 22:20:38.179 23700 23700 I MemoryTrimmer: Trimming objects from memory, since app is in the background.
01-06 22:20:38.180 23700  6345 I PBSessionCacheImpl: Deleted sessionId[104235279871168479] from persistence.
01-06 22:20:38.186  1456  2916 I WifiService: getWifiEnabledState uid=10073
01-06 22:20:38.193 23700 23889 W SearchServiceCore: Abort, client detached.
01-06 22:20:38.193 23700 23889 I chatty  : uid=10073(com.google.android.googlequicksearchbox) EventBus0 identical 1 line
01-06 22:20:38.195 23700 23889 W SearchServiceCore: Abort, client detached.
01-06 22:20:38.286   808   808 I SFPerfTracer:      triggers: (rate: 49:243228) (compose: 0:6) (post: 0:13) (render: 0:10) (4:2580578 frames) (5:3758419)
01-06 22:20:38.286   808   808 D SFPerfTracer:        layers: (4:14) (NavigationBar#0 (0xb07df000): 0:387505) (StatusBar#0 (0xb07e3000): 0:1132727) (com.android.systemui.ImageWallpaper#0 (0xb07e7000): 0:32003)* (Sprite#0 (0xb0733000): 0:317)* (DimLayerController/Stack=0#0 (0xb075a000): 0:3562)* (Sprite#1 (0xb077c000): 0:195)* (com.android.launcher3/com.android.launcher3.CustomizationPanelLauncher#0 (0xb0763000): 0:43)- (com.android.launcher3/com.android.launcher3.CustomizationPanelLauncher#1 (0xb0771000): 0:13)- (Splash Screen org.mozilla.fenix.performancetest#0 (0xb0384000): 0:31)- (org.mozilla.fenix.performancetest/org.mozilla.fenix.HomeActivity#0 (0xb039b000): 0:32)- (com.android.launcher3/com.android.launcher3.CustomizationPanelLauncher#0 (0xb0763000): 0:42)- (com.android.launcher3/com.android.launcher3.CustomizationPanelLauncher#1 (0xb0771000): 0:8)- (Splash Screen org.mozilla.fenix.performancetest#0 (0xb0384000): 5:30) (org.mozilla.fenix.performancetest/org.mozilla.fenix.HomeActivity#0 (0xb039b000): 5:12) 
01-06 22:20:38.332 14928 14950 I chatty  : uid=10692(org.mozilla.fenix.performancetest) expire 1 line
01-06 22:20:38.761 14928 14959 I chatty  : uid=10692(org.mozilla.fenix.performancetest) expire 1 line
01-06 22:20:38.782  1456  2067 D ConnectivityService: releasing NetworkRequest [ TRACK_DEFAULT id=17886, [ Capabilities: INTERNET&NOT_RESTRICTED&TRUSTED&NOT_VPN] ] (release request)
01-06 22:20:40.236  1456  1600 W ResourceType: No known package when getting value for resource number 0x7f080196
01-06 22:20:40.236  1456  1600 W ResourceType: No known package when getting value for resource number 0x7f1200fc
01-06 22:20:40.236  1456  1600 W ResourceType: No known package when getting value for resource number 0x7f1200fc
01-06 22:20:40.237  1456  1600 W ResourceType: No known package when getting value for resource number 0x7f080194
01-06 22:20:40.237  1456  1600 W ResourceType: No known package when getting value for resource number 0x7f1200fb
01-06 22:20:40.237  1456  1600 W ResourceType: No known package when getting value for resource number 0x7f1200fb
01-06 22:20:40.241  1456  1942 I InputReader: Reconfiguring input devices.  changes=0x00000010
01-06 22:20:40.245  2360  2360 D MayaFrameworkProxyService: receive intent :Intent { act=android.intent.action.PACKAGE_CHANGED dat=package:org.mozilla.fenix.performancetest flg=0x45000010 (has extras) }
01-06 22:20:40.279  1456  1456 I TelecomService: DefaultDialerCache: Refreshing default dialer for user 0: now com.android.dialer: DDC.oR@n9E
01-06 22:20:40.286  1456  1600 W SearchableInfo: Invalid searchable metadata for com.google.android.gms/.nearby.sharing.ContactSelectActivity: Search label must be a resource reference.
01-06 22:20:40.350  2398  2398 D ImsResolver: maybeAddedImsService, packageName: org.mozilla.fenix.performancetest
01-06 22:20:40.353  2398  2398 D CarrierSvcBindHelper: No carrier app for: 0
01-06 22:20:40.354  2398  2398 D CarrierSvcBindHelper: No carrier app for: 1
01-06 22:20:40.362  2398  2398 E VvmPkgInstalledRcvr: cannot create TelephonyManager from ComponentInfo{com.android.phone/com.android.services.telephony.TelephonyConnectionService}, [****], UserHandle{0}
01-06 22:20:40.506 20319 14403 I Icing   : Indexing com.google.android.gms-internal.3p:MobileApplication from com.google.android.gms using seqno 2511
01-06 22:20:40.657  1456  1466 I zygote  : Background concurrent copying GC freed 67149(4MB) AllocSpace objects, 38(1656KB) LOS objects, 42% free, 32MB/56MB, paused 205us total 334.369ms
01-06 22:20:41.303 15151 15151 D AndroidRuntime: >>>>>> START com.android.internal.os.RuntimeInit uid 2000 <<<<<<
01-06 22:20:41.316 15151 15151 W app_process: Could not reserve sentinel fault page
01-06 22:20:41.482 15151 15151 I app_process: The ClassLoaderContext is a special shared library.
01-06 22:20:41.507 20319 14403 I Icing   : Indexing com.google.android.gms-apps from com.google.android.gms
01-06 22:20:41.553 15151 15151 D AndroidRuntime: Calling main entry com.android.commands.input.Input
01-06 22:20:41.554 15151 15151 I Input   : injectKeyEvent: KeyEvent { action=ACTION_DOWN, keyCode=KEYCODE_HOME, scanCode=0, metaState=0, flags=0x0, repeatCount=0, eventTime=10814470281, downTime=10814470281, deviceId=-1, source=0x101 }
01-06 22:20:41.565 15151 15151 I Input   : injectKeyEvent: KeyEvent { action=ACTION_UP, keyCode=KEYCODE_HOME, scanCode=0, metaState=0, flags=0x0, repeatCount=0, eventTime=10814470281, downTime=10814470281, deviceId=-1, source=0x101 }
01-06 22:20:41.573  1456  1941 I ActivityManager: START u0 {act=android.intent.action.MAIN cat=[android.intent.category.HOME] flg=0x10200000 cmp=com.android.launcher3/.CustomizationPanelLauncher (has extras)} from uid 1000
01-06 22:20:41.573   794   839 E ANDR-PERF-RESOURCEQS: Failed to apply optimization [4, 0]
01-06 22:20:41.586  1456  1941 I ActivityManager: moveHomeStack, setupComplete:true
01-06 22:20:41.590 15151 15151 D AndroidRuntime: Shutting down VM
01-06 22:20:41.592 20319 14403 I Icing   : Indexing done com.google.android.gms-apps
01-06 22:20:41.600 23700 23821 I OpenGLRenderer: Initialized EGL, version 1.4
01-06 22:20:41.600 23700 23821 D OpenGLRenderer: Swap behavior 2
01-06 22:20:41.615 14434 14434 I Finsky  : [2] puo.onTrimMemory(1): Memory trim requested to level 80
01-06 22:20:41.617  2748  2748 D Launcher.Utilities: Wakeup weather: Intent { act=com.motorola.launcher3.action.WAKEUP_WEATHER cmp=com.motorola.timeweatherwidget/com.motorola.commandcenter.weather.WakeUpService }
01-06 22:20:41.633  1456  1456 I NotificationService: Cannot find enqueued record for key: 0|com.motorola.timeweatherwidget|1|null|10116
01-06 22:20:41.636   808   808 D SurfaceFlinger: duplicate layer name: changing com.android.launcher3/com.android.launcher3.CustomizationPanelLauncher to com.android.launcher3/com.android.launcher3.CustomizationPanelLauncher#1
01-06 22:20:41.639 23700 31952 W ThreadPoolDumper: Queue length for executor EventBus is now 11. Perhaps some tasks are too long, or the pool is too small.
01-06 22:20:41.641  1456  4797 I WifiService: getWifiEnabledState uid=10073
01-06 22:20:41.657  1456  4797 I WifiService: getWifiEnabledState uid=10073
01-06 22:20:41.685 23700 23889 I MicroDetectionState: Should stop hotword detection immediately - false
01-06 22:20:41.690 23700 23889 I MicroDetectionWorker: #startMicroDetector [speakerMode: 0]
01-06 22:20:41.691 23700 23889 I AudioController: Created new AudioSource
01-06 22:20:41.717  1456  1673 I LaunchCheckinHandler: Displayed com.android.launcher3/.CustomizationPanelLauncher,wp,wa,143
01-06 22:20:41.717 23700 23889 I MicroDetectionWorker: onReady
01-06 22:20:41.718 23700  1167 I MicroDataManager: isInitializedWithLatestParams-true
01-06 22:20:41.718 23700  1167 I MicroDataManager: isInitializing-false locale not changed-true model not changed-true
01-06 22:20:41.718 23700  1167 I MicroDataManager: Already initialized, obtaining the hotword data immediately.
01-06 22:20:41.723 23700  9779 I MicroRecognitionRunner: Starting detection.
01-06 22:20:41.723 23700  9779 I InputStreamUtils: Using micInputStream
01-06 22:20:41.724 23700  6345 I MicrophoneInputStream: mic_starting  SR : 16000 CC : 16 SO : 1999
01-06 22:20:41.727   788  1401 V msm8974_platform: platform_check_input_mask: enter check_input_mask source 6 mask 10
01-06 22:20:41.730  1012 15168 I AudioFlinger: AudioFlinger's thread 0xb2483b80 tid=15168 ready to run
01-06 22:20:41.735   788  1401 D audio_hw_primary: in_set_parameters: enter: kvpairs=input_source=6;routing=-2147483644
01-06 22:20:41.736  1012 26683 D APM_AudioPolicyManager: AudioPolicyManager::startInput() input 82990, session 83049, source = 1999
01-06 22:20:41.736 23700  6345 I MicrophoneInputStream: mic_started  SR : 16000 CC : 16 SO : 1999
01-06 22:20:41.738   788 15169 V msm8974_platform: platform_update_usecase_from_source: input source :6
01-06 22:20:41.738   788 15169 V msm8974_platform: platform_check_input_mask: enter check_input_mask source 6 mask 10
01-06 22:20:41.738   788 15169 V msm8974_platform: platform_get_input_snd_device: enter: out_device(0) in_device(0x4) channel_count (1) channel_mask (0x10)
01-06 22:20:41.738   788 15169 V msm8974_platform: platform_get_input_snd_device: exit: in_snd_device(voice-rec-mic)
01-06 22:20:41.738   788 15169 V msm8974_platform: platform_get_backend_index:napb: backend port - 5 device - 120 
01-06 22:20:41.738   788 15169 V msm8974_platform: platform_check_and_set_capture_backend_cfg:txbecf: afe: bitwidth 0, samplerate 0, channel 1, backend_idx 5 usecase = 9 device (voice-rec-mic)
01-06 22:20:41.738   788 15169 V msm8974_platform: platform_check_capture_backend_cfg:txbecf: afe: Codec selected backend: 5 current bit width: 0 and sample rate: 0, channels 1
01-06 22:20:41.738   788 15169 V msm8974_platform: platform_check_capture_backend_cfg:txbecf: afe: Codec selected backend: 5 updated bit width: 0 and sample rate: 0
01-06 22:20:41.738   788 15169 I msm8974_platform: platform_check_capture_backend_cfg:txbecf: afe: Codec backend needs to be updated. new bit width: 0 new sample rate: 0 new channel: 1
01-06 22:20:41.738   788 15169 V msm8974_platform: platform_get_backend_index:napb: backend port - 5 device - 120 
01-06 22:20:41.738   788 15169 V msm8974_platform: platform_set_backend_cfg:becf: afe: bitwidth 0, samplerate 0 channels 1, backend_idx 5 device (voice-rec-mic)
01-06 22:20:41.739   788 15169 E msm8974_platform: platform_set_backend_cfg:becf: afe: Could not get ctl for mixer command - SLIM_0_TX Format
01-06 22:20:41.739   788 15169 V msm8974_platform: platform_send_audio_calibration: sending audio calibration for snd_device(120) acdb_id(62)
01-06 22:20:41.739   788 15169 D ACDB-LOADER: ACDB -> send_audio_cal, acdb_id = 62, path = 1, app id = 0x11130, sample rate = 48000
01-06 22:20:41.739   788 15169 D ACDB-LOADER: ACDB -> send_asm_topology
01-06 22:20:41.739   788 15169 D ACDB-LOADER: ACDB -> ACDB_CMD_GET_AUDPROC_STREAM_TOPOLOGY_ID
01-06 22:20:41.739   788 15169 D ACDB-LOADER: ACDB -> send_adm_topology
01-06 22:20:41.739   788 15169 D ACDB-LOADER: ACDB -> ACDB_CMD_GET_AUDPROC_COMMON_TOPOLOGY_ID
01-06 22:20:41.739   788 15169 D ACDB-LOADER: ACDB -> send_audtable
01-06 22:20:41.739   788 15169 D ACDB-LOADER: ACDB -> ACDB_CMD_GET_AUDPROC_COMMON_TABLE_SIZE
01-06 22:20:41.739   788 15169 D ACDB-LOADER: ACDB -> ACDB_CMD_GET_AUDPROC_COMMON_TABLE
01-06 22:20:41.739   788 15169 D ACDB-LOADER: ACDB -> AUDIO_SET_AUDPROC_CAL
01-06 22:20:41.739   788 15169 D ACDB-LOADER: ACDB -> send_audvoltable
01-06 22:20:41.739   788 15169 D ACDB-LOADER: ACDB -> ACDB_CMD_GET_AUDPROC_VOL_STEP_TABLE_SIZE
01-06 22:20:41.739   788 15169 D ACDB-LOADER: ACDB -> ACDB_CMD_GET_AUDPROC_GAIN_DEP_STEP_TABLE, vol index 0
01-06 22:20:41.739   788 15169 D         : Failed to fetch the lookup information of the device 0000003E 
01-06 22:20:41.739   788 15169 D ACDB-LOADER: ACDB -> AUDIO_SET_VOL_CAL cal type = 12
01-06 22:20:41.739   788 15169 D ACDB-LOADER: ACDB -> ACDB_CMD_GET_AUDPROC_STREAM_TABLE_SIZE
01-06 22:20:41.739   788 15169 D ACDB-LOADER: ACDB -> send_audstrmtable
01-06 22:20:41.739   788 15169 D ACDB-LOADER: ACDB -> ACDB_CMD_GET_AUDPROC_STREAM_TABLE_V2
01-06 22:20:41.739   788 15169 D ACDB-LOADER: ACDB -> audstrm_cal->cal_type.cal_data.cal_size = 456
01-06 22:20:41.739   788 15169 D ACDB-LOADER: ACDB -> send_afe_topology
01-06 22:20:41.739   788 15169 D ACDB-LOADER: ACDB -> ACDB_CMD_GET_AFE_TOPOLOGY_ID
01-06 22:20:41.740   788 15169 D ACDB-LOADER: ACDB -> GET_AFE_TOPOLOGY_ID for adcd_id 62, Topology Id 112fb
01-06 22:20:41.740   788 15169 D ACDB-LOADER: ACDB -> send_afe_cal
01-06 22:20:41.740   788 15169 D ACDB-LOADER: ACDB -> ACDB_CMD_GET_AFE_COMMON_TABLE_SIZE
01-06 22:20:41.740   788 15169 D         : Failed to fetch the lookup information of the device 0000003E 
01-06 22:20:41.740   788 15169 E ACDB-LOADER: Error: ACDB_CMD_GET_AFE_COMMON_TABLE_SIZE Returned = -19
01-06 22:20:41.740   788 15169 D ACDB-LOADER: ACDB -> ACDB_CMD_GET_AFE_COMMON_TABLE
01-06 22:20:41.740   788 15169 D         : Failed to fetch the lookup information of the device 0000003E 
01-06 22:20:41.740   788 15169 D ACDB-LOADER: ACDB -> AUDIO_SET_AFE_CAL
01-06 22:20:41.740   788 15169 D ACDB-LOADER: ACDB -> send_hw_delay : acdb_id = 62 path = 1
01-06 22:20:41.740   788 15169 D ACDB-LOADER: ACDB -> ACDB_AVSYNC_INFO: ACDB_CMD_GET_DEVICE_PROPERTY
01-06 22:20:41.740   788 15169 D audio_hw_primary: enable_snd_device: snd_device(120: voice-rec-mic)
01-06 22:20:41.740   788 15169 D audio_route: Apply path: voice-rec-mic
01-06 22:20:41.743   788 15169 V msm8974_platform: platform_get_snd_device_backend_index: enter with device 120
01-06 22:20:41.743   788 15169 E msm8974_platform: platform_get_snd_device_backend_index: BE DAI Name Table is not present
01-06 22:20:41.743   788 15169 V msm8974_platform: platform_get_backend_index:napb: backend port - 5 device - 120 
01-06 22:20:41.743   788 15169 I audio_hw_utils: Set Audio Stream Capture 0 App Type Cfg: app_type 69936, acdb_dev_id 62, sample_rate 48000, snd_device_be_idx -14
01-06 22:20:41.743   788 15169 D audio_hw_primary: enable_audio_route: usecase(9) apply and update mixer path: audio-record
01-06 22:20:41.744   788 15169 D audio_route: Apply path: audio-record
01-06 22:20:41.816 23700 23889 I MicroDetectionWorker: onReady
01-06 22:20:41.851  2146  2165 I zygote  : NativeAlloc concurrent copying GC freed 13456(796KB) AllocSpace objects, 0(0B) LOS objects, 49% free, 8MB/17MB, paused 177us total 123.945ms
01-06 22:20:42.115  1456  7796 I OpenGLRenderer: Initialized EGL, version 1.4
01-06 22:20:42.115  1456  7796 D OpenGLRenderer: Swap behavior 2
01-06 22:20:42.164  2748  2917 W OpenGLRenderer: Incorrectly called buildLayer on View: ShortcutAndWidgetContainer, destroying layer...
01-06 22:20:42.373  1456  4797 D ConnectivityService: requestNetwork for uid/pid:10692/14928 NetworkRequest [ TRACK_DEFAULT id=17887, [ Capabilities: INTERNET&NOT_RESTRICTED&TRUSTED&NOT_VPN] ]
01-06 22:20:42.374  1456  2054 D WIFI_UT : got request NetworkRequest [ TRACK_DEFAULT id=17887, [ Capabilities: INTERNET&NOT_RESTRICTED&TRUSTED&NOT_VPN] ] with score 60
01-06 22:20:42.374  1456  2099 D Ethernet: got request NetworkRequest [ TRACK_DEFAULT id=17887, [ Capabilities: INTERNET&NOT_RESTRICTED&TRUSTED&NOT_VPN] ] with score 60
01-06 22:20:42.375  1456  2054 D WIFI    : got request NetworkRequest [ TRACK_DEFAULT id=17887, [ Capabilities: INTERNET&NOT_RESTRICTED&TRUSTED&NOT_VPN] ] with score 60
01-06 22:20:42.375  2398  2398 D PhoneSwitcherNetworkRequstListener: got request NetworkRequest [ TRACK_DEFAULT id=17887, [ Capabilities: INTERNET&NOT_RESTRICTED&TRUSTED&NOT_VPN] ] with score 60
01-06 22:20:42.399 14928 15172 I chatty  : uid=10692(org.mozilla.fenix.performancetest) expire 9 lines
01-06 22:20:42.862 14928 14945 I chatty  : uid=10692(org.mozilla.fenix.performancetest) expire 1 line
01-06 22:20:42.870  1456  2067 D ConnectivityService: releasing NetworkRequest [ TRACK_DEFAULT id=17887, [ Capabilities: INTERNET&NOT_RESTRICTED&TRUSTED&NOT_VPN] ] (release request)
01-06 22:20:46.742  1456 10366 I ActivityManager: Force stopping org.mozilla.fenix.performancetest appid=10692 user=0: from pid 15178
01-06 22:20:46.742  1456 10366 I ActivityManager: Killing 14928:org.mozilla.fenix.performancetest/u0a692 (adj 700): stop org.mozilla.fenix.performancetest
01-06 22:20:46.745  1456  1605 W zygote  : kill(-14928, 9) failed: No such process
01-06 22:20:46.746  1456 10366 W ActivityManager: Force removing ActivityRecord{b3bf993 u0 org.mozilla.fenix.performancetest/org.mozilla.fenix.HomeActivity t16561}: app died, no saved state
01-06 22:20:46.754  1456 10366 I ActivityManager: Killing 14968:org.mozilla.fenix.performancetest:tab/u0a692 (adj 0): stop org.mozilla.fenix.performancetest
01-06 22:20:46.760  1456  1605 W zygote  : kill(-14928, 9) failed: No such process
01-06 22:20:46.766  2398  2398 D CarrierSvcBindHelper: No carrier app for: 0
01-06 22:20:46.766  2398  2398 D CarrierSvcBindHelper: No carrier app for: 1
01-06 22:20:46.774  1456  1605 W zygote  : kill(-14928, 9) failed: No such process
01-06 22:20:46.833  1456  1673 W ActivityManager: setHasOverlayUi called on unknown pid: 14928
01-06 22:20:46.847  1456  1605 W zygote  : kill(-14928, 9) failed: No such process
01-06 22:20:46.848  1456  1605 I zygote  : Successfully killed process cgroup uid 10692 pid 14928 in 103ms
01-06 22:20:46.848  1456  1605 W zygote  : kill(-14968, 9) failed: No such process
01-06 22:20:46.848  1456  1605 I zygote  : Successfully killed process cgroup uid 10692 pid 14968 in 0ms
01-06 22:20:46.863  1456  3927 I ActivityManager: START u0 {act=android.intent.action.MAIN cat=[android.intent.category.LAUNCHER] flg=0x10000000 cmp=org.mozilla.fenix.performancetest/org.mozilla.fenix.HomeActivity} from uid 2000
01-06 22:20:46.864   794   839 E ANDR-PERF-RESOURCEQS: Failed to apply optimization [4, 0]
01-06 22:20:46.883  1456 10736 I ActivityManager: Start proc 15185:org.mozilla.fenix.performancetest/u0a692 for activity org.mozilla.fenix.performancetest/org.mozilla.fenix.HomeActivity
01-06 22:20:46.888 15185 15185 I chatty  : uid=10692(org.mozilla.fenix.performancetest) expire 31 lines
01-06 22:20:46.984 23700 23889 I MicroDetectionState: Should stop hotword detection immediately - false
01-06 22:20:46.985 23700 23889 I MicroDetector: Keeping mic open: false
01-06 22:20:46.985 23700 32557 E DeviceStateChecker: DeviceStateChecker cancelled
01-06 22:20:46.985 23700 23889 I RecognitionAudioControl: #shutdownAudio [requestId: 8552093889816428360, keepAudioOpen: false, forced: true]
01-06 22:20:46.985 23700 23889 I RecognitionAudioControl: #internalShutdownAudio [requestId: 8552093889816428360]
01-06 22:20:46.985 23700 23889 I RecognitionAudioControl: #internalShutdownAudio [keepAudioOpen: false, forced: true]
01-06 22:20:46.985 23700 23889 I RecognitionAudioControl: #actualShutdownAudio
01-06 22:20:46.985 23700 23889 I AudioController: #shutdown [requestId=8552093889816428360]
01-06 22:20:46.985 23700  1167 I AudioController: internalShutdown
01-06 22:20:46.985 23700  1166 I MicroRecognitionRunner: Stopping hotword detection.
01-06 22:20:47.039   788  1401 D audio_hw_primary: disable_audio_route: usecase(9) reset and update mixer path: audio-record
01-06 22:20:47.041   788  1401 D audio_hw_primary: disable_snd_device: snd_device(120: voice-rec-mic)
01-06 22:20:47.043  1012 26683 D APM_AudioPolicyManager: stopInput() input 82990, session 83049
01-06 22:20:47.044   788  1401 D audio_hw_primary: in_set_parameters: enter: kvpairs=routing=0
01-06 22:20:47.045 23700  1167 I MicrophoneInputStream: mic_close  SR : 16000 CC : 16 SO : 1999
01-06 22:20:47.045 23700  1167 E AudioSource: Stop listening is called on already closed AudioSource
01-06 22:20:47.047 23700  9779 I MicroRecognitionRunner: Detection finished
01-06 22:20:47.130 15185 15203 I chatty  : uid=10692(org.mozilla.fenix.performancetest) expire 13 lines
01-06 22:20:47.281 15185 15214 I chatty  : uid=10692(org.mozilla.fenix.performancetest) expire 34 lines
01-06 22:20:47.400 15185 15220 I chatty  : uid=10692(org.mozilla.fenix.performancetest) expire 10 lines
01-06 22:20:47.418  1456  4797 I ActivityManager: Start proc 15225:org.mozilla.fenix.performancetest:tab/u0a692 for service org.mozilla.fenix.performancetest/org.mozilla.gecko.process.GeckoServiceChildProcess$tab
01-06 22:20:47.422 15225 15225 I chatty  : uid=10692(org.mozilla.fenix.performancetest) expire 2 lines
01-06 22:20:47.599 15225 15247 I chatty  : uid=10692(org.mozilla.fenix.performancetest) expire 1 line
01-06 22:20:47.833 15185 15190 I chatty  : uid=10692(org.mozilla.fenix.performancetest) expire 8 lines
01-06 22:20:48.014 15185 15270 I chatty  : uid=10692(org.mozilla.fenix.performancetest) expire 4 lines
01-06 22:20:48.474  1456  2918 I WifiService: getDhcpInfo uid=10692
01-06 22:20:49.151 15185 15321 I chatty  : uid=10692(org.mozilla.fenix.performancetest) expire 2 lines
01-06 22:20:49.201 15185 15270 I chatty  : uid=10692(org.mozilla.fenix.performancetest) expire 1 line
01-06 22:20:49.222  1456  1673 I LaunchCheckinHandler: Displayed org.mozilla.fenix.performancetest/org.mozilla.fenix.HomeActivity,cp,ca,2350
01-06 22:20:49.224  1456  1673 I ActivityManager: Displayed org.mozilla.fenix.performancetest/org.mozilla.fenix.HomeActivity: +2s344ms
01-06 22:20:49.260 15185 15330 I chatty  : uid=10692(org.mozilla.fenix.performancetest) expire 4 lines
01-06 22:20:49.261 15185 15185 I chatty  : uid=10692(org.mozilla.fenix.performancetest) expire 9 lines
01-06 22:20:49.281 23700 23700 I MemoryTrimmer: Trimming objects from memory, since app is in the background.
01-06 22:20:49.288 23700 23889 E AudioSource: Stop listening is called on already closed AudioSource
01-06 22:20:49.291 23700 23700 I MemoryTrimmer: Trimming objects from memory, since app is in the background.
01-06 22:20:49.292 23700  6345 I PBSessionCacheImpl: Deleted sessionId[104235279871168482] from persistence.
01-06 22:20:49.296  1456  4797 I WifiService: getWifiEnabledState uid=10073
01-06 22:20:49.302 23700 23889 W SearchServiceCore: Abort, client detached.
01-06 22:20:49.302 23700 23889 I chatty  : uid=10073(com.google.android.googlequicksearchbox) EventBus0 identical 2 lines
01-06 22:20:49.303 23700 23889 W SearchServiceCore: Abort, client detached.
01-06 22:20:49.343 15185 15214 I chatty  : uid=10692(org.mozilla.fenix.performancetest) expire 1 line
01-06 22:20:49.391 15185 15202 I chatty  : uid=10692(org.mozilla.fenix.performancetest) expire 1 line
01-06 22:20:49.611   808   898 I SFPerfTracer:      triggers: (rate: 0:0) (0 sw vsyncs) (0 skipped) (17:2063990 vsyncs) (19:3794905)
01-06 22:20:49.615   808   808 I SFPerfTracer:      triggers: (rate: 49:243228) (compose: 0:6) (post: 0:13) (render: 0:10) (7:2580652 frames) (8:3758520)
01-06 22:20:49.615   808   808 D SFPerfTracer:        layers: (3:12) (NavigationBar#0 (0xb07df000): 0:387527) (StatusBar#0 (0xb07e3000): 0:1132749) (com.android.systemui.ImageWallpaper#0 (0xb07e7000): 0:32005)* (Sprite#0 (0xb0733000): 0:317)* (DimLayerController/Stack=0#0 (0xb075a000): 0:3562)* (Sprite#1 (0xb077c000): 0:195)* (Splash Screen org.mozilla.fenix.performancetest#0 (0xb0384000): 0:31)- (org.mozilla.fenix.performancetest/org.mozilla.fenix.HomeActivity#0 (0xb039b000): 0:45)- (com.android.launcher3/com.android.launcher3.CustomizationPanelLauncher#0 (0xb0763000): 0:40)- (com.android.launcher3/com.android.launcher3.CustomizationPanelLauncher#1 (0xb0771000): 0:12)- (Splash Screen org.mozilla.fenix.performancetest#0 (0xb0384000): 0:31)- (org.mozilla.fenix.performancetest/org.mozilla.fenix.HomeActivity#0 (0xb039b000): 7:20) 
01-06 22:20:52.523 15352 15352 D AndroidRuntime: >>>>>> START com.android.internal.os.RuntimeInit uid 2000 <<<<<<
01-06 22:20:52.536 15352 15352 W app_process: Could not reserve sentinel fault page
01-06 22:20:52.701 15352 15352 I app_process: The ClassLoaderContext is a special shared library.
01-06 22:20:52.770 15352 15352 D AndroidRuntime: Calling main entry com.android.commands.input.Input
01-06 22:20:52.772 15352 15352 I Input   : injectKeyEvent: KeyEvent { action=ACTION_DOWN, keyCode=KEYCODE_HOME, scanCode=0, metaState=0, flags=0x0, repeatCount=0, eventTime=10814481498, downTime=10814481498, deviceId=-1, source=0x101 }
01-06 22:20:52.783 15352 15352 I Input   : injectKeyEvent: KeyEvent { action=ACTION_UP, keyCode=KEYCODE_HOME, scanCode=0, metaState=0, flags=0x0, repeatCount=0, eventTime=10814481498, downTime=10814481498, deviceId=-1, source=0x101 }
01-06 22:20:52.790  1456  1941 I ActivityManager: START u0 {act=android.intent.action.MAIN cat=[android.intent.category.HOME] flg=0x10200000 cmp=com.android.launcher3/.CustomizationPanelLauncher (has extras)} from uid 1000
01-06 22:20:52.791   794   839 E ANDR-PERF-RESOURCEQS: Failed to apply optimization [4, 0]
01-06 22:20:52.802  1456  1941 I ActivityManager: moveHomeStack, setupComplete:true
01-06 22:20:52.806 15352 15352 D AndroidRuntime: Shutting down VM
01-06 22:20:52.815 23700 23821 I OpenGLRenderer: Initialized EGL, version 1.4
01-06 22:20:52.815 23700 23821 D OpenGLRenderer: Swap behavior 2
01-06 22:20:52.832 14434 14434 I Finsky  : [2] puo.onTrimMemory(1): Memory trim requested to level 80
01-06 22:20:52.832  2748  2748 D Launcher.Utilities: Wakeup weather: Intent { act=com.motorola.launcher3.action.WAKEUP_WEATHER cmp=com.motorola.timeweatherwidget/com.motorola.commandcenter.weather.WakeUpService }
01-06 22:20:52.844  1456  1456 I NotificationService: Cannot find enqueued record for key: 0|com.motorola.timeweatherwidget|1|null|10116
01-06 22:20:52.848   808   808 D SurfaceFlinger: duplicate layer name: changing com.android.launcher3/com.android.launcher3.CustomizationPanelLauncher to com.android.launcher3/com.android.launcher3.CustomizationPanelLauncher#1
01-06 22:20:52.861 23700  9779 W ThreadPoolDumper: Queue length for executor EventBus is now 11. Perhaps some tasks are too long, or the pool is too small.
01-06 22:20:52.861  1456  4797 I WifiService: getWifiEnabledState uid=10073
01-06 22:20:52.877  1456  3927 I WifiService: getWifiEnabledState uid=10073
01-06 22:20:52.901 23700 23889 I MicroDetectionState: Should stop hotword detection immediately - false
01-06 22:20:52.905 23700 23889 I MicroDetectionWorker: #startMicroDetector [speakerMode: 0]
01-06 22:20:52.907 23700 23889 I AudioController: Created new AudioSource
01-06 22:20:52.928  1456  1673 I LaunchCheckinHandler: Displayed com.android.launcher3/.CustomizationPanelLauncher,wp,wa,137
01-06 22:20:52.928 23700 23889 I MicroDetectionWorker: onReady
01-06 22:20:52.929 23700 31901 I MicroDataManager: isInitializedWithLatestParams-true
01-06 22:20:52.929 23700 31901 I MicroDataManager: isInitializing-false locale not changed-true model not changed-true
01-06 22:20:52.929 23700 31901 I MicroDataManager: Already initialized, obtaining the hotword data immediately.
01-06 22:20:52.933 23700 31952 I MicroRecognitionRunner: Starting detection.
01-06 22:20:52.934 23700 31952 I InputStreamUtils: Using micInputStream
01-06 22:20:52.934 23700  6345 I MicrophoneInputStream: mic_starting  SR : 16000 CC : 16 SO : 1999
01-06 22:20:52.938   788  1401 V msm8974_platform: platform_check_input_mask: enter check_input_mask source 6 mask 10
01-06 22:20:52.941  1012 15366 I AudioFlinger: AudioFlinger's thread 0xb24830c0 tid=15366 ready to run
01-06 22:20:52.946   788  1401 D audio_hw_primary: in_set_parameters: enter: kvpairs=input_source=6;routing=-2147483644
01-06 22:20:52.947  1012  1302 D APM_AudioPolicyManager: AudioPolicyManager::startInput() input 82998, session 83057, source = 1999
01-06 22:20:52.948 23700  6345 I MicrophoneInputStream: mic_started  SR : 16000 CC : 16 SO : 1999
01-06 22:20:52.949   788 15367 V msm8974_platform: platform_update_usecase_from_source: input source :6
01-06 22:20:52.949   788 15367 V msm8974_platform: platform_check_input_mask: enter check_input_mask source 6 mask 10
01-06 22:20:52.949   788 15367 V msm8974_platform: platform_get_input_snd_device: enter: out_device(0) in_device(0x4) channel_count (1) channel_mask (0x10)
01-06 22:20:52.949   788 15367 V msm8974_platform: platform_get_input_snd_device: exit: in_snd_device(voice-rec-mic)
01-06 22:20:52.949   788 15367 V msm8974_platform: platform_get_backend_index:napb: backend port - 5 device - 120 
01-06 22:20:52.949   788 15367 V msm8974_platform: platform_check_and_set_capture_backend_cfg:txbecf: afe: bitwidth 0, samplerate 0, channel 1, backend_idx 5 usecase = 9 device (voice-rec-mic)
01-06 22:20:52.949   788 15367 V msm8974_platform: platform_check_capture_backend_cfg:txbecf: afe: Codec selected backend: 5 current bit width: 0 and sample rate: 0, channels 1
01-06 22:20:52.949   788 15367 V msm8974_platform: platform_check_capture_backend_cfg:txbecf: afe: Codec selected backend: 5 updated bit width: 0 and sample rate: 0
01-06 22:20:52.949   788 15367 I msm8974_platform: platform_check_capture_backend_cfg:txbecf: afe: Codec backend needs to be updated. new bit width: 0 new sample rate: 0 new channel: 1
01-06 22:20:52.949   788 15367 V msm8974_platform: platform_get_backend_index:napb: backend port - 5 device - 120 
01-06 22:20:52.949   788 15367 V msm8974_platform: platform_set_backend_cfg:becf: afe: bitwidth 0, samplerate 0 channels 1, backend_idx 5 device (voice-rec-mic)
01-06 22:20:52.950   788 15367 E msm8974_platform: platform_set_backend_cfg:becf: afe: Could not get ctl for mixer command - SLIM_0_TX Format
01-06 22:20:52.950   788 15367 V msm8974_platform: platform_send_audio_calibration: sending audio calibration for snd_device(120) acdb_id(62)
01-06 22:20:52.950   788 15367 D ACDB-LOADER: ACDB -> send_audio_cal, acdb_id = 62, path = 1, app id = 0x11130, sample rate = 48000
01-06 22:20:52.950   788 15367 D ACDB-LOADER: ACDB -> send_asm_topology
01-06 22:20:52.950   788 15367 D ACDB-LOADER: ACDB -> ACDB_CMD_GET_AUDPROC_STREAM_TOPOLOGY_ID
01-06 22:20:52.950   788 15367 D ACDB-LOADER: ACDB -> send_adm_topology
01-06 22:20:52.950   788 15367 D ACDB-LOADER: ACDB -> ACDB_CMD_GET_AUDPROC_COMMON_TOPOLOGY_ID
01-06 22:20:52.950   788 15367 D ACDB-LOADER: ACDB -> send_audtable
01-06 22:20:52.950   788 15367 D ACDB-LOADER: ACDB -> ACDB_CMD_GET_AUDPROC_COMMON_TABLE_SIZE
01-06 22:20:52.950   788 15367 D ACDB-LOADER: ACDB -> ACDB_CMD_GET_AUDPROC_COMMON_TABLE
01-06 22:20:52.950   788 15367 D ACDB-LOADER: ACDB -> AUDIO_SET_AUDPROC_CAL
01-06 22:20:52.950   788 15367 D ACDB-LOADER: ACDB -> send_audvoltable
01-06 22:20:52.950   788 15367 D ACDB-LOADER: ACDB -> ACDB_CMD_GET_AUDPROC_VOL_STEP_TABLE_SIZE
01-06 22:20:52.950   788 15367 D ACDB-LOADER: ACDB -> ACDB_CMD_GET_AUDPROC_GAIN_DEP_STEP_TABLE, vol index 0
01-06 22:20:52.950   788 15367 D         : Failed to fetch the lookup information of the device 0000003E 
01-06 22:20:52.950   788 15367 D ACDB-LOADER: ACDB -> AUDIO_SET_VOL_CAL cal type = 12
01-06 22:20:52.950   788 15367 D ACDB-LOADER: ACDB -> ACDB_CMD_GET_AUDPROC_STREAM_TABLE_SIZE
01-06 22:20:52.950   788 15367 D ACDB-LOADER: ACDB -> send_audstrmtable
01-06 22:20:52.950   788 15367 D ACDB-LOADER: ACDB -> ACDB_CMD_GET_AUDPROC_STREAM_TABLE_V2
01-06 22:20:52.950   788 15367 D ACDB-LOADER: ACDB -> audstrm_cal->cal_type.cal_data.cal_size = 456
01-06 22:20:52.950   788 15367 D ACDB-LOADER: ACDB -> send_afe_topology
01-06 22:20:52.950   788 15367 D ACDB-LOADER: ACDB -> ACDB_CMD_GET_AFE_TOPOLOGY_ID
01-06 22:20:52.950   788 15367 D ACDB-LOADER: ACDB -> GET_AFE_TOPOLOGY_ID for adcd_id 62, Topology Id 112fb
01-06 22:20:52.950   788 15367 D ACDB-LOADER: ACDB -> send_afe_cal
01-06 22:20:52.950   788 15367 D ACDB-LOADER: ACDB -> ACDB_CMD_GET_AFE_COMMON_TABLE_SIZE
01-06 22:20:52.950   788 15367 D         : Failed to fetch the lookup information of the device 0000003E 
01-06 22:20:52.950   788 15367 E ACDB-LOADER: Error: ACDB_CMD_GET_AFE_COMMON_TABLE_SIZE Returned = -19
01-06 22:20:52.950   788 15367 D ACDB-LOADER: ACDB -> ACDB_CMD_GET_AFE_COMMON_TABLE
01-06 22:20:52.950   788 15367 D         : Failed to fetch the lookup information of the device 0000003E 
01-06 22:20:52.950   788 15367 D ACDB-LOADER: ACDB -> AUDIO_SET_AFE_CAL
01-06 22:20:52.950   788 15367 D ACDB-LOADER: ACDB -> send_hw_delay : acdb_id = 62 path = 1
01-06 22:20:52.950   788 15367 D ACDB-LOADER: ACDB -> ACDB_AVSYNC_INFO: ACDB_CMD_GET_DEVICE_PROPERTY
01-06 22:20:52.951   788 15367 D audio_hw_primary: enable_snd_device: snd_device(120: voice-rec-mic)
01-06 22:20:52.951   788 15367 D audio_route: Apply path: voice-rec-mic
01-06 22:20:52.953   788 15367 V msm8974_platform: platform_get_snd_device_backend_index: enter with device 120
01-06 22:20:52.953   788 15367 E msm8974_platform: platform_get_snd_device_backend_index: BE DAI Name Table is not present
01-06 22:20:52.953   788 15367 V msm8974_platform: platform_get_backend_index:napb: backend port - 5 device - 120 
01-06 22:20:52.954   788 15367 I audio_hw_utils: Set Audio Stream Capture 0 App Type Cfg: app_type 69936, acdb_dev_id 62, sample_rate 48000, snd_device_be_idx -14
01-06 22:20:52.954   788 15367 D audio_hw_primary: enable_audio_route: usecase(9) apply and update mixer path: audio-record
01-06 22:20:52.954   788 15367 D audio_route: Apply path: audio-record
01-06 22:20:53.024 23700 23889 I MicroDetectionWorker: onReady
01-06 22:20:53.327  1456  7796 I OpenGLRenderer: Initialized EGL, version 1.4
01-06 22:20:53.327  1456  7796 D OpenGLRenderer: Swap behavior 2
01-06 22:20:53.389  2748  2917 W OpenGLRenderer: Incorrectly called buildLayer on View: ShortcutAndWidgetContainer, destroying layer...
01-06 22:20:53.502 15185 15203 I chatty  : uid=10692(org.mozilla.fenix.performancetest) expire 1 line
01-06 22:20:53.512 15185 15283 I chatty  : uid=10692(org.mozilla.fenix.performancetest) expire 6 lines
01-06 22:20:53.576  1456  3927 D ConnectivityService: requestNetwork for uid/pid:10692/15185 NetworkRequest [ TRACK_DEFAULT id=17888, [ Capabilities: INTERNET&NOT_RESTRICTED&TRUSTED&NOT_VPN] ]
01-06 22:20:53.578  1456  2099 D Ethernet: got request NetworkRequest [ TRACK_DEFAULT id=17888, [ Capabilities: INTERNET&NOT_RESTRICTED&TRUSTED&NOT_VPN] ] with score 60
01-06 22:20:53.578  1456  2054 D WIFI_UT : got request NetworkRequest [ TRACK_DEFAULT id=17888, [ Capabilities: INTERNET&NOT_RESTRICTED&TRUSTED&NOT_VPN] ] with score 60
01-06 22:20:53.579  2398  2398 D PhoneSwitcherNetworkRequstListener: got request NetworkRequest [ TRACK_DEFAULT id=17888, [ Capabilities: INTERNET&NOT_RESTRICTED&TRUSTED&NOT_VPN] ] with score 60
01-06 22:20:53.579  1456  2054 D WIFI    : got request NetworkRequest [ TRACK_DEFAULT id=17888, [ Capabilities: INTERNET&NOT_RESTRICTED&TRUSTED&NOT_VPN] ] with score 60
01-06 22:20:53.602 15185 15368 I chatty  : uid=10692(org.mozilla.fenix.performancetest) expire 9 lines
01-06 22:20:53.628  1456  1466 I zygote  : NativeAlloc concurrent copying GC freed 43308(3MB) AllocSpace objects, 13(452KB) LOS objects, 42% free, 32MB/56MB, paused 175us total 301.008ms
01-06 22:20:53.877  1456  1893 D BatteryService: uevent={POWER_SUPPLY_VOLTAGE_NOW=4324162, POWER_SUPPLY_CHARGE_RATE=Normal, POWER_SUPPLY_HEALTH=Good, POWER_SUPPLY_CURRENT_NOW=39214, POWER_SUPPLY_PRESENT=1, SUBSYSTEM=power_supply, POWER_SUPPLY_TEMP=327, SEQNUM=287466, ACTION=change, POWER_SUPPLY_NAME=battery, POWER_SUPPLY_STATUS=Full, POWER_SUPPLY_CHARGE_COUNTER=2783458, POWER_SUPPLY_CAPACITY=100, DEVPATH=/devices/soc/qpnp-smbcharger-17/power_supply/battery}
01-06 22:20:53.881  2398  2398 D QtiCarrierConfigHelper: WARNING, no carrier configs on phone Id: 0
01-06 22:20:54.122 15185 15207 I chatty  : uid=10692(org.mozilla.fenix.performancetest) expire 1 line
01-06 22:20:54.131  1456  2067 D ConnectivityService: releasing NetworkRequest [ TRACK_DEFAULT id=17888, [ Capabilities: INTERNET&NOT_RESTRICTED&TRUSTED&NOT_VPN] ] (release request)
01-06 22:20:56.273  1456  1601 I ActivityManager: Start proc 15371:com.google.android.ims/u0a18 for service com.google.android.ims/.services.RcsService
01-06 22:20:56.450 15371 15371 I CarrierServices: [2] cne.<init>: Initializing SimStateTracker with multi-sim support
01-06 22:20:56.451 15371 15371 I CarrierServices: [2] cnl.<init>: Initializing SimStateTracker for single-sim device
01-06 22:20:56.452 15371 15371 I CarrierServices: [2] bsr.b: Reinitialize CSLib Flags: com.google.android.ims.library
01-06 22:20:56.524 15371 15371 I CarrierServices: [2] CarrierServicesReleaseApp.a: Initializing CarrierServices application.
01-06 22:20:56.525 15371 15371 I CarrierServices: [2] awu.a: Initializing VoiceLibrary.
01-06 22:20:56.526 15371 15371 I CarrierServices: [2] auv.a: Initializing Carrier Services Library.
01-06 22:20:56.527 15371 15371 I CarrierServices: [2] bsr.b: Reinitialize CSLib Flags: com.google.android.ims.library
01-06 22:20:56.581 15371 15371 I CarrierServices: [2] auv.c: Initializing Carrier Services Logging.
01-06 22:20:56.597 15371 15371 I cvu     : LogSaver new instance with filename: carrier_services
01-06 22:20:56.631 15371 15371 I CarrierServices: [2] cak.a: Using AndroidNetworkFactory
01-06 22:20:56.638 15371 15371 I CarrierServices: [2] auv.c: Initializing Carrier Services Logging.
01-06 22:20:56.642 15371 15371 D CarrierServices: log_saver already enabled
01-06 22:20:56.647 15371 15395 I Bugle   : GServicesValues:
01-06 22:20:56.647 15371 15395 I Bugle   : bugle_enable_primes_crash_metrics: true
