04-17 21:43:06.807 13664 13664 I zygote  :   at void android.app.ActivityThread.main(java.lang.String[]) (ActivityThread.java:6626)
04-17 21:43:06.807 13664 13664 I zygote  :   at java.lang.Object java.lang.reflect.Method.invoke(java.lang.Object, java.lang.Object[]) (Method.java:-2)
04-17 21:43:06.807 13664 13664 I zygote  :   at void com.android.internal.os.RuntimeInit$MethodAndArgsCaller.run() (RuntimeInit.java:438)
04-17 21:43:06.807 13664 13664 I zygote  :   at void com.android.internal.os.ZygoteInit.main(java.lang.String[]) (ZygoteInit.java:811)
04-17 21:43:06.807 13664 13664 I zygote  : 
04-17 21:43:06.808 13664 13664 I zygote  : Rejecting re-init on previously-failed class java.lang.Class<duc>: java.lang.NoClassDefFoundError: Failed resolution of: Landroid/os/StrictMode$OnThreadViolationListener;
04-17 21:43:06.808 13664 13664 I zygote  :   at java.lang.Object java.lang.Class.newInstance() (Class.java:-2)
04-17 21:43:06.808 13664 13664 I zygote  :   at android.app.Application android.app.Instrumentation.newApplication(java.lang.Class, android.content.Context) (Instrumentation.java:1124)
04-17 21:43:06.808 13664 13664 I zygote  :   at android.app.Application android.app.Instrumentation.newApplication(java.lang.ClassLoader, java.lang.String, android.content.Context) (Instrumentation.java:1109)
04-17 21:43:06.808 13664 13664 I zygote  :   at android.app.Application android.app.LoadedApk.makeApplication(boolean, android.app.Instrumentation) (LoadedApk.java:992)
04-17 21:43:06.808 13664 13664 I zygote  :   at void android.app.ActivityThread.handleBindApplication(android.app.ActivityThread$AppBindData) (ActivityThread.java:5829)
04-17 21:43:06.808 13664 13664 I zygote  :   at void android.app.ActivityThread.-wrap1(android.app.ActivityThread, android.app.ActivityThread$AppBindData) (ActivityThread.java:-1)
04-17 21:43:06.808 13664 13664 I zygote  :   at void android.app.ActivityThread$H.handleMessage(android.os.Message) (ActivityThread.java:1697)
04-17 21:43:06.808 13664 13664 I zygote  :   at void android.os.Handler.dispatchMessage(android.os.Message) (Handler.java:106)
04-17 21:43:06.808 13664 13664 I zygote  :   at void android.os.Looper.loop() (Looper.java:164)
04-17 21:43:06.808 13664 13664 I zygote  :   at void android.app.ActivityThread.main(java.lang.String[]) (ActivityThread.java:6626)
04-17 21:43:06.808 13664 13664 I zygote  :   at java.lang.Object java.lang.reflect.Method.invoke(java.lang.Object, java.lang.Object[]) (Method.java:-2)
04-17 21:43:06.808 13664 13664 I zygote  :   at void com.android.internal.os.RuntimeInit$MethodAndArgsCaller.run() (RuntimeInit.java:438)
04-17 21:43:06.808 13664 13664 I zygote  :   at void com.android.internal.os.ZygoteInit.main(java.lang.String[]) (ZygoteInit.java:811)
04-17 21:43:06.808 13664 13664 I zygote  : Caused by: java.lang.ClassNotFoundException: Didn't find class "android.os.StrictMode$OnThreadViolationListener" on path: DexPathList[[zip file "/data/app/com.google.android.apps.messaging-7zntnbL8MJstv6w64cqT8A==/base.apk"],nativeLibraryDirectories=[/data/app/com.google.android.apps.messaging-7zntnbL8MJstv6w64cqT8A==/lib/arm, /data/app/com.google.android.apps.messaging-7zntnbL8MJstv6w64cqT8A==/base.apk!/lib/armeabi-v7a, /system/lib, /system/vendor/lib]]
04-17 21:43:06.808 13664 13664 I zygote  :   at java.lang.Class dalvik.system.BaseDexClassLoader.findClass(java.lang.String) (BaseDexClassLoader.java:125)
04-17 21:43:06.808 13664 13664 I zygote  :   at java.lang.Class java.lang.ClassLoader.loadClass(java.lang.String, boolean) (ClassLoader.java:379)
04-17 21:43:06.808 13664 13664 I zygote  :   at java.lang.Class java.lang.ClassLoader.loadClass(java.lang.String) (ClassLoader.java:312)
04-17 21:43:06.808 13664 13664 I zygote  :   at java.lang.Object java.lang.Class.newInstance() (Class.java:-2)
04-17 21:43:06.808 13664 13664 I zygote  :   at android.app.Application android.app.Instrumentation.newApplication(java.lang.Class, android.content.Context) (Instrumentation.java:1124)
04-17 21:43:06.808 13664 13664 I zygote  :   at android.app.Application android.app.Instrumentation.newApplication(java.lang.ClassLoader, java.lang.String, android.content.Context) (Instrumentation.java:1109)
04-17 21:43:06.808 13664 13664 I zygote  :   at android.app.Application android.app.LoadedApk.makeApplication(boolean, android.app.Instrumentation) (LoadedApk.java:992)
04-17 21:43:06.808 13664 13664 I zygote  :   at void android.app.ActivityThread.handleBindApplication(android.app.ActivityThread$AppBindData) (ActivityThread.java:5829)
04-17 21:43:06.808 13664 13664 I zygote  :   at void android.app.ActivityThread.-wrap1(android.app.ActivityThread, android.app.ActivityThread$AppBindData) (ActivityThread.java:-1)
04-17 21:43:06.808 13664 13664 I zygote  :   at void android.app.ActivityThread$H.handleMessage(android.os.Message) (ActivityThread.java:1697)
04-17 21:43:06.808 13664 13664 I zygote  :   at void android.os.Handler.dispatchMessage(android.os.Message) (Handler.java:106)
04-17 21:43:06.808 13664 13664 I zygote  :   at void android.os.Looper.loop() (Looper.java:164)
04-17 21:43:06.809 13664 13664 I zygote  :   at void android.app.ActivityThread.main(java.lang.String[]) (ActivityThread.java:6626)
04-17 21:43:06.809 13664 13664 I zygote  :   at java.lang.Object java.lang.reflect.Method.invoke(java.lang.Object, java.lang.Object[]) (Method.java:-2)
04-17 21:43:06.809 13664 13664 I zygote  :   at void com.android.internal.os.RuntimeInit$MethodAndArgsCaller.run() (RuntimeInit.java:438)
04-17 21:43:06.809 13664 13664 I zygote  :   at void com.android.internal.os.ZygoteInit.main(java.lang.String[]) (ZygoteInit.java:811)
04-17 21:43:06.809 13664 13664 I zygote  : 
04-17 21:43:06.814 13610 13681 W CarrierServices: [498696] bvw.C: No config URL. RCS will be disabled!
04-17 21:43:06.815 13610 13688 I CarrierServices: [498702] cdc.a: Sending ProvisioningEvent to Bugle [Availability updated (12)], [tzpVNZih_AAiZWpAn6fdrDYJtS0_LHlhKcmXWtfZxpU]
04-17 21:43:06.815 13610 13696 I CarrierServices: [498706] bbd.b: BindingManager: rcs already unbound or requested
04-17 21:43:06.821 13610 13688 I CarrierServices: [498702] cev.a: Sending ProvisioningEvent Internal [Availability updated (12)], [tzpVNZih_AAiZWpAn6fdrDYJtS0_LHlhKcmXWtfZxpU]
04-17 21:43:06.832 13610 13610 E CarrierServices: [2] cpp.a: onSimRemoved: not using a test number at the moment
04-17 21:43:06.833 13610 13688 I CarrierServices: [498702] cdc.a: Sending ProvisioningEvent to Bugle [Update provisioning status (11)], [GMDojRANsNoJczCe71l0C7N33u384-RIXgkJthBPyUA]
04-17 21:43:06.838 13610 13688 I CarrierServices: [498702] cej.a: (PEv2-SM): EnabledState: Transition to disabled
04-17 21:43:06.838 13610 13610 I CarrierServices: [2] cpp.a: onSimRemoved: JibePreferences hasSim: [false], rcsEnabled: [false]
04-17 21:43:06.839 13610 13610 I CarrierServices: [2] cpp.a: SIM has been removed.
04-17 21:43:06.839 13610 13688 I CarrierServices: [498702] cej.c: (PEv2-SM): Exit EnabledState
04-17 21:43:06.840 13610 13689 I CarrierServices: [498703] cev.a: RcsAvailabilityManager: Calculating Rcs Availability
04-17 21:43:06.841 13610 13688 I CarrierServices: [498702] cej.a: (PEv2-SM): Enter DisabledState
04-17 21:43:06.842 13610 13660 I CarrierServices: [498688] cmn.a: Received Provisioning Event: [Availability updated (12)]
04-17 21:43:06.842 13610 13697 W CarrierServices: [498709] bvw.C: No config URL. RCS will be disabled!
04-17 21:43:06.843 13610 13660 I CarrierServices: [498688] cmn.a: JibeService is running, passing event to provisioning engine.
04-17 21:43:06.847 13610 13681 W CarrierServices: [498696] bvw.C: No config URL. RCS will be disabled!
04-17 21:43:06.851 13610 13689 I CarrierServices: [498703] cev.a: RcsAvailabilityManager: Rcs Availability still DISABLED_SIM_ABSENT (RCS is disabled due to SIM absent)
04-17 21:43:06.852 13610 13688 I CarrierServices: [498702] cdc.a: Sending ProvisioningEvent to Bugle [Update provisioning status (11)], [I_RX4awbE69dTpdZElF5ageNbCU5kW5cXzLTa2Lce-E]
04-17 21:43:06.864 13610 13688 I CarrierServices: [498702] cdw.a: (PEv2-SM): DisabledState: event SIM event
04-17 21:43:06.864 13610 13689 I CarrierServices: [498703] cdc.a: Sending ProvisioningEvent to Bugle [Request Bugle information (15)], null
04-17 21:43:06.865 13610 13660 I CarrierServices: [498688] cdj.a: Handling Provisioning Event: [Availability updated (12)]
04-17 21:43:06.866 13610 13688 I CarrierServices: [498702] cdw.a: (PEv2-SM): DisabledState: event Availability updated
04-17 21:43:06.866 13610 13688 I CarrierServices: [498702] cev.a: RcsAvailabilityManager: Calculating Rcs Availability
04-17 21:43:06.870 13664 13664 I MultiDex: VM with version 2.1.0 has multidex support
04-17 21:43:06.870 13664 13664 I MultiDex: install
04-17 21:43:06.870 13664 13664 I MultiDex: VM has multidex support, MultiDex support library is disabled.
04-17 21:43:06.870 13664 13664 I MultiDex: install
04-17 21:43:06.870 13664 13664 I MultiDex: VM has multidex support, MultiDex support library is disabled.
04-17 21:43:06.872 13610 13688 I CarrierServices: [498702] cev.a: RcsAvailabilityManager: Rcs Availability still DISABLED_SIM_ABSENT (RCS is disabled due to SIM absent)
04-17 21:43:06.910 13610 13648 E CarrierServices: [498678] cne.m: Default SIM info not updated.
04-17 21:43:06.911 13610 13648 I CarrierServices: [498678] cne.m: Processing an intent
04-17 21:43:06.916 13610 13648 I CarrierServices: [498678] cne.a: Ignoring duplicate SIM state: ABSENT
04-17 21:43:06.927 13610 13648 E CarrierServices: [498678] cne.m: Default SIM info not updated.
04-17 21:43:06.928 13610 13648 I CarrierServices: [498678] cne.m: Processing an intent
04-17 21:43:06.932 13610 13648 I CarrierServices: [498678] cne.a: Ignoring duplicate SIM state: ABSENT
04-17 21:43:06.974 13664 13664 I FirebaseInitProvider: FirebaseApp initialization successful
04-17 21:43:07.024 17694 17705 I zygote  : Background concurrent copying GC freed 79530(4MB) AllocSpace objects, 63(2MB) LOS objects, 49% free, 10MB/20MB, paused 171us total 147.854ms
04-17 21:43:07.071 13664 13709 I Bugle   : GServicesValues:
04-17 21:43:07.071 13664 13709 I Bugle   : bugle_enable_primes_crash_metrics: true
04-17 21:43:07.071 13664 13709 I Bugle   : bugle_enable_wap_push_si: true
04-17 21:43:07.071 13664 13709 I Bugle   : bugle_max_telemetry_upload_retries: 10
04-17 21:43:07.071 13664 13709 I Bugle   : bugle_sticker_set_list_version: 3
04-17 21:43:07.120 13664 13664 I xzb     : SslGuard completed installation.
04-17 21:43:07.134 13664 13664 W PrimesInit: Primes instant initialization
04-17 21:43:07.135 13664 13714 W Primes  : background initialization
04-17 21:43:07.179 13664 13708 I FA      : App measurement is starting up, version: 19000
04-17 21:43:07.180 13664 13708 I FA      : To enable debug logging run: adb shell setprop log.tag.FA VERBOSE
04-17 21:43:07.180 13664 13708 I FA      : To enable faster debug mode event logging run:
04-17 21:43:07.180 13664 13708 I FA      :   adb shell setprop debug.firebase.analytics.app com.google.android.apps.messaging
04-17 21:43:07.201 13664 13714 I BugleRcsEngine: [498691] szm.<init>: Initializing SimStateTracker with multi-sim support
04-17 21:43:07.203 13664 13714 W BugleRcsEngine: Trying to log through cs.apk when it has not been initialized yet
04-17 21:43:07.205 13664 13714 I BugleRcsEngine: [498691] szs.<init>: Initializing SimStateTracker for single-sim device
04-17 21:43:07.205 13664 13714 W BugleRcsEngine: Trying to log through cs.apk when it has not been initialized yet
04-17 21:43:07.218 13664 13708 I zygote  : Deoptimizing java.lang.Object qpm.a(java.lang.Object) due to JIT inline cache
04-17 21:43:07.228 13664 13716 I BugleRcsEngine: [498693] shm.b: Reinitialize CSLib Flags: com.google.android.ims.library
04-17 21:43:07.233 13664 13714 I PrimesTesting: GserviceFlagsSupplier.get()
04-17 21:43:07.241 13664 13664 I Bugle   : BugleApplicationBase: Bugle version: 5.2.062 (pegasus_rc17_xxhdpi.armeabi-v7a.phone)
04-17 21:43:07.280 13664 13719 I Bugle   : Initializing EmojiCompat
04-17 21:43:07.288 13664 13664 I Bugle   : DarkModeUtilBase: Setting system dark mode to off
04-17 21:43:07.309 13975 20246 I FontsContentProvider: Received query Noto Color Emoji Compat, URI content://com.google.android.gms.fonts
04-17 21:43:07.309 13975 20246 I FontsContentProvider: Query [Noto Color Emoji Compat] resolved to {Noto Color Emoji Compat, wdth 100.0, wght 400, ital 0.0, bestEffort false}
04-17 21:43:07.315 13975 20246 I FontsContentProvider: Fetch {Noto Color Emoji Compat, wdth 100.0, wght 400, ital 0.0, bestEffort false} end status Status{statusCode=SUCCESS, resolution=null}
04-17 21:43:07.326 13975 20246 I FontsContentProvider: Pulling font file for id = 372, cache size = 4
04-17 21:43:07.336 13975 20246 I FontsContentProvider: Pulling font file for id = 372, cache size = 4
04-17 21:43:07.349 13664 13712 I BugleRcsEngine: [498689] szm.a: register Carrier Config Changed event
04-17 21:43:07.368 13664 13664 I BugleDataModel: RcsMigrationService: Returning RCS state provider.
04-17 21:43:07.374 13664 13664 I BugleRcsProvisioning: RcsProvisioningEventReceiver: Received ProvisioningEvent: Enable PEv2
04-17 21:43:07.387  1456  5050 W ActivityManager: Background start not allowed: service Intent { cmp=com.google.android.apps.messaging/.shared.datamodel.action.execution.ActionExecutorImpl$EmptyService } to com.google.android.apps.messaging/.shared.datamodel.action.execution.ActionExecutorImpl$EmptyService from pid=13664 uid=10110 pkg=com.google.android.apps.messaging
04-17 21:43:07.388 13664 13664 I BugleAction: ActionSchedulerImpl: class com.google.android.apps.messaging.shared.datamodel.action.CountryCodeDetectorAction-CountryCodeDetectorAction:19702280989003 deferred since it was started from unsafe context
04-17 21:43:07.392 13664 13725 I BugleRcsEngine: [498701] szo.b: do not delay first event
04-17 21:43:07.394 13664 13712 I BugleRcsEngine: [498689] shm.b: Reinitialize CSLib Flags: com.google.android.ims.library
04-17 21:43:07.394 13664 13724 D StrictMode: StrictMode policy violation: android.os.StrictMode$StrictModeDiskReadViolation: policy=65599 violation=2
04-17 21:43:07.394 13664 13724 D StrictMode: 	at android.os.StrictMode$AndroidBlockGuardPolicy.onReadFromDisk(StrictMode.java:1449)
04-17 21:43:07.394 13664 13724 D StrictMode: 	at java.io.UnixFileSystem.checkAccess(UnixFileSystem.java:251)
04-17 21:43:07.394 13664 13724 D StrictMode: 	at java.io.File.exists(File.java:807)
04-17 21:43:07.394 13664 13724 D StrictMode: 	at android.app.ContextImpl.ensurePrivateDirExists(ContextImpl.java:575)
04-17 21:43:07.394 13664 13724 D StrictMode: 	at android.app.ContextImpl.ensurePrivateDirExists(ContextImpl.java:566)
04-17 21:43:07.394 13664 13724 D StrictMode: 	at android.app.ContextImpl.getPreferencesDir(ContextImpl.java:522)
04-17 21:43:07.394 13664 13724 D StrictMode: 	at android.app.ContextImpl.getSharedPreferencesPath(ContextImpl.java:717)
04-17 21:43:07.394 13664 13724 D StrictMode: 	at android.app.ContextImpl.getSharedPreferences(ContextImpl.java:371)
04-17 21:43:07.394 13664 13724 D StrictMode: 	at android.content.ContextWrapper.getSharedPreferences(ContextWrapper.java:167)
04-17 21:43:07.394 13664 13724 D StrictMode: 	at oxt.a(PG:9)
04-17 21:43:07.394 13664 13724 D StrictMode: 	at oxs.b(PG:4)
04-17 21:43:07.394 13664 13724 D StrictMode: 	at tgj.b(PG:57)
04-17 21:43:07.394 13664 13724 D StrictMode: 	at tgj.a(PG:51)
04-17 21:43:07.394 13664 13724 D StrictMode: 	at ivg.a(PG:98)
04-17 21:43:07.394 13664 13724 D StrictMode: 	at ivg.v(PG:83)
04-17 21:43:07.394 13664 13724 D StrictMode: 	at hpz.run(PG:3)
04-17 21:43:07.394 13664 13724 D StrictMode: 	at zit.run(PG:3)
04-17 21:43:07.394 13664 13724 D StrictMode: 	at java.util.concurrent.Executors$RunnableAdapter.call(Executors.java:457)
04-17 21:43:07.394 13664 13724 D StrictMode: 	at acgw.b(PG:6)
04-17 21:43:07.394 13664 13724 D StrictMode: 	at acfw.run(PG:17)
04-17 21:43:07.394 13664 13724 D StrictMode: 	at acgx.run(PG:13)
04-17 21:43:07.394 13664 13724 D StrictMode: 	at java.util.concurrent.ThreadPoolExecutor.runWorker(ThreadPoolExecutor.java:1162)
04-17 21:43:07.394 13664 13724 D StrictMode: 	at java.util.concurrent.ThreadPoolExecutor$Worker.run(ThreadPoolExecutor.java:636)
04-17 21:43:07.394 13664 13724 D StrictMode: 	at yws.run(PG:4)
04-17 21:43:07.394 13664 13724 D StrictMode: 	at java.lang.Thread.run(Thread.java:764)
04-17 21:43:07.396 13664 13679 I BugleRcsEngine: [498676] tgj.c: Checking if using CarrierServices.apk is possible. Enabled: true, isAtLeastM: true, runningInsideBugle: true
04-17 21:43:07.402 13664 13724 D StrictMode: StrictMode policy violation: android.os.StrictMode$StrictModeDiskReadViolation: policy=65599 violation=2
04-17 21:43:07.402 13664 13724 D StrictMode: 	at android.os.StrictMode$AndroidBlockGuardPolicy.onReadFromDisk(StrictMode.java:1449)
04-17 21:43:07.402 13664 13724 D StrictMode: 	at android.app.SharedPreferencesImpl.awaitLoadedLocked(SharedPreferencesImpl.java:234)
04-17 21:43:07.402 13664 13724 D StrictMode: 	at android.app.SharedPreferencesImpl.contains(SharedPreferencesImpl.java:301)
04-17 21:43:07.402 13664 13724 D StrictMode: 	at oxq.a(PG:2)
04-17 21:43:07.402 13664 13724 D StrictMode: 	at oxs.b(PG:4)
04-17 21:43:07.402 13664 13724 D StrictMode: 	at tgj.b(PG:57)
04-17 21:43:07.402 13664 13724 D StrictMode: 	at tgj.a(PG:51)
04-17 21:43:07.402 13664 13724 D StrictMode: 	at ivg.a(PG:98)
04-17 21:43:07.402 13664 13724 D StrictMode: 	at ivg.v(PG:83)
04-17 21:43:07.402 13664 13724 D StrictMode: 	at hpz.run(PG:3)
04-17 21:43:07.402 13664 13724 D StrictMode: 	at zit.run(PG:3)
04-17 21:43:07.402 13664 13724 D StrictMode: 	at java.util.concurrent.Executors$RunnableAdapter.call(Executors.java:457)
04-17 21:43:07.402 13664 13724 D StrictMode: 	at acgw.b(PG:6)
04-17 21:43:07.402 13664 13724 D StrictMode: 	at acfw.run(PG:17)
04-17 21:43:07.402 13664 13724 D StrictMode: 	at acgx.run(PG:13)
04-17 21:43:07.402 13664 13724 D StrictMode: 	at java.util.concurrent.ThreadPoolExecutor.runWorker(ThreadPoolExecutor.java:1162)
04-17 21:43:07.402 13664 13724 D StrictMode: 	at java.util.concurrent.ThreadPoolExecutor$Worker.run(ThreadPoolExecutor.java:636)
04-17 21:43:07.402 13664 13724 D StrictMode: 	at yws.run(PG:4)
04-17 21:43:07.402 13664 13724 D StrictMode: 	at java.lang.Thread.run(Thread.java:764)
04-17 21:43:07.403 13664 13716 I BugleRcsEngine: [498693] rud.a: Initializing Carrier Services Library.
04-17 21:43:07.404 13664 13716 I BugleRcsEngine: [498693] shm.b: Reinitialize CSLib Flags: com.google.android.ims.library
04-17 21:43:07.421 13664 13725 E BugleRcsEngine: [498701] szm.k: Default SIM info not updated.
04-17 21:43:07.422 13664 13725 I BugleRcsEngine: [498701] szm.k: Processing an intent
04-17 21:43:07.441 13664 13725 I BugleRcsEngine: [498701] szm.a: SIM state ABSENT
04-17 21:43:07.448 13664 13719 I BugleRcs: RcsAvailabilityUtilImplPhone: MSIM Rcs disabled because ENABLE_RCS_MULTISIM_V0 disabled
04-17 21:43:07.458 13664 13716 I BugleRcsEngine: [498693] szm.<init>: Initializing SimStateTracker with multi-sim support
04-17 21:43:07.459 13664 13725 I BugleRcsEngine: [498701] szm.a: Broadcasting Intent { act=com.google.android.ims.SIM_ABSENT }
04-17 21:43:07.460 13664 13716 I BugleRcsEngine: [498693] szs.<init>: Initializing SimStateTracker for single-sim device
04-17 21:43:07.461 13664 13716 I BugleRcsEngine: [498693] shm.b: Reinitialize CSLib Flags: com.google.android.ims.library
04-17 21:43:07.462 13664 13722 D NetworkSecurityConfig: No Network Security Config specified, using platform default
04-17 21:43:07.467 13664 13679 I RcsProvisioning: Failed to read config: no config found /data/user/0/com.google.android.apps.messaging/files/rcsconfig (No such file or directory)
04-17 21:43:07.473 13664 13664 I BugleDataModel: ParticipantRefresh: ContactContentObserver created
04-17 21:43:07.481 13664 13664 W BugleRcsEngine: [2] szm.b: Unexpected action: android.telephony.action.DEFAULT_SUBSCRIPTION_CHANGED
04-17 21:43:07.484 13664 13712 I BugleRcs: RcsAvailabilityUtilForProvisioningEngineV2: Get Updated RcsAvailability, RcsAvailability: DISABLED_MULTI_SLOT_DEVICE, SimId: Redacted-0
04-17 21:43:07.486 13664 13664 I BugleRcsProvisioning: RcsProvisioningEventReceiver: Received ProvisioningEvent: Request Bugle information
04-17 21:43:07.487 13664 13712 I BugleRcs: RcsAvailabilityUtilForProvisioningEngineV2: success updating RCS availability asynch
04-17 21:43:07.509 13664 13714 I BugleRcs: RcsAvailabilityUtilForProvisioningEngineV2: updated datastore for rcs availability, simId: , availability: DISABLED_MULTI_SLOT_DEVICE
04-17 21:43:07.510 13664 13709 I BugleRcsEngine: [498686] szo.b: SIM delay is not enabled
04-17 21:43:07.511 13664 13709 W BugleRcsEngine: [498686] szm.c: process intent: android.intent.action.SIM_STATE_CHANGED
04-17 21:43:07.513 13664 13664 I Bugle   : SimChangeReceiver: action: com.google.android.ims.SIM_ABSENT
04-17 21:43:07.530 13664 13664 I BugleRcsEngine: [2] yrg.disconnect: Disconnecting ChatSessionService
04-17 21:43:07.531 13664 13664 I BugleRcsEngine: [2] yrg.disconnect: Disconnecting ContactsService
04-17 21:43:07.531 13664 13664 I BugleRcsEngine: [2] yrg.disconnect: Disconnecting FileTransferService
04-17 21:43:07.531 13664 13664 I BugleRcsEngine: [2] yrg.disconnect: Disconnecting LocationSharingService
04-17 21:43:07.532 13664 13664 I BugleRcsEngine: [2] yrg.disconnect: Disconnecting ImsConnectionTrackerService
04-17 21:43:07.532 13664 13719 W Bugle   : SubscriptionMetadataUtils get: invalid subId = -1
04-17 21:43:07.532 13664 13664 I BugleRcsEngine: [2] yrg.disconnect: Disconnecting RcsProfileService
04-17 21:43:07.532 13664 13664 I BugleRcsEngine: [2] yrg.disconnect: Disconnecting BusinessInfoService
04-17 21:43:07.535 13664 13664 I BugleRcsProvisioning: RcsProvisioningEventReceiver: Received ProvisioningEvent: Availability updated
04-17 21:43:07.536 13664 13664 I BugleRcsProvisioning: RcsProvisioningEventReceiver: Bugle receives rcs availability update to: 9
04-17 21:43:07.536 13664 13719 W Bugle   : SubscriptionMetadataUtils get: invalid subId = -1
04-17 21:43:07.536 13664 13719 W Bugle   : Get mms config failed: invalid subId. subId=-1, real subId=-1, map={ }
04-17 21:43:07.539 13664 13664 I BugleRcsEngine: [2] yrg.disconnect: Disconnecting ChatSessionService
04-17 21:43:07.542 13664 13664 I BugleRcsEngine: [2] yrg.disconnect: Disconnecting ContactsService
04-17 21:43:07.544 13664 13664 I BugleRcsEngine: [2] yrg.disconnect: Disconnecting FileTransferService
04-17 21:43:07.546 13664 13664 I BugleRcsEngine: [2] yrg.disconnect: Disconnecting LocationSharingService
04-17 21:43:07.548 13664 13712 I BugleRcs: RcsAvailabilityUtilForProvisioningEngineV2: updated datastore for rcs availability, simId: , availability: DISABLED_SIM_ABSENT
04-17 21:43:07.549 13664 13664 I BugleRcsEngine: [2] yrg.disconnect: Disconnecting ImsConnectionTrackerService
04-17 21:43:07.550 13664 13664 I BugleRcsEngine: [2] yrg.disconnect: Disconnecting RcsProfileService
04-17 21:43:07.551 13664 13664 I BugleRcsEngine: [2] yrg.disconnect: Disconnecting BusinessInfoService
04-17 21:43:07.555 13664 13719 I BugleBackup: Registering preference change listener for "buglesub_-1".
04-17 21:43:07.555  1456  5050 W ActivityManager: Background start not allowed: service Intent { cmp=com.google.android.apps.messaging/.shared.datamodel.action.execution.ActionExecutorImpl$EmptyService } to com.google.android.apps.messaging/.shared.datamodel.action.execution.ActionExecutorImpl$EmptyService from pid=13664 uid=10110 pkg=com.google.android.apps.messaging
04-17 21:43:07.586 13664 13664 I BugleRcsProvisioning: RcsProvisioningEventReceiver: Received ProvisioningEvent: Update provisioning status
04-17 21:43:07.594 13664 13716 I BugleBackup: Registering preference change listener for "bugle".
04-17 21:43:07.604 13664 13725 E BugleRcsEngine: [498701] szm.k: Default SIM info not updated.
04-17 21:43:07.606 13664 13725 I BugleRcsEngine: [498701] szm.k: Processing an intent
04-17 21:43:07.607 13664 13664 I BugleRcsProvisioning: RcsProvisioningEventReceiver: Received ProvisioningEvent: Update provisioning status
04-17 21:43:07.607 13664 13719 W Bugle   : SubscriptionMetadataUtils get: invalid subId = -1
04-17 21:43:07.611 13664 13725 I BugleRcsEngine: [498701] szm.a: Ignoring duplicate SIM state: ABSENT
04-17 21:43:07.622 13664 13741 W Bugle   : SubscriptionMetadataUtils get: invalid subId = -1
04-17 21:43:07.628 13664 13664 I BugleRcsProvisioning: RcsProvisioningEventReceiver: Received ProvisioningEvent: Request Bugle information
04-17 21:43:07.630 13664 13719 W Bugle   : SubscriptionMetadataUtils get: invalid subId = -1
04-17 21:43:07.648 13664 13719 W Bugle   : SubscriptionMetadataUtils get: invalid subId = -1
04-17 21:43:07.651 13664 13741 W Bugle   : SubscriptionMetadataUtils get: invalid subId = -1
04-17 21:43:07.655 13664 13719 W Bugle   : SubscriptionMetadataUtils get: invalid subId = -1
04-17 21:43:07.655 13664 13741 I Bugle   : CountryCodeDetector: updateMainDeviceCountry from system locale as fallback. detected country: US
04-17 21:43:07.666 13664 13719 W Bugle   : SubscriptionMetadataUtils get: invalid subId = -1
04-17 21:43:07.681 13664 13719 I chatty  : uid=10110(com.google.android.apps.messaging) BG Thread #3 identical 2 lines
04-17 21:43:07.687 13664 13719 W Bugle   : SubscriptionMetadataUtils get: invalid subId = -1
04-17 21:43:07.703 13664 13679 I RcsProvisioning: Failed to read config: no config found /data/user/0/com.google.android.apps.messaging/files/rcsconfig (No such file or directory)
04-17 21:43:07.780 13664 13669 I zygote  : Do partial code cache collection, code=22KB, data=31KB
04-17 21:43:07.782 13664 13669 I zygote  : After code cache collection, code=20KB, data=30KB
04-17 21:43:07.782 13664 13669 I zygote  : Increasing code cache capacity to 128KB
04-17 21:43:07.806 13664 13679 E BugleRcsEngine: [498676] sub.a: File not found.: java.io.FileNotFoundException: /data/user/0/com.google.android.apps.messaging/files/httpft_pending (No such file or directory)
04-17 21:43:07.806 13664 13679 E BugleRcsEngine: 	at java.io.FileInputStream.open0(Native Method)
04-17 21:43:07.806 13664 13679 E BugleRcsEngine: 	at java.io.FileInputStream.open(FileInputStream.java:200)
04-17 21:43:07.806 13664 13679 E BugleRcsEngine: 	at java.io.FileInputStream.<init>(FileInputStream.java:150)
04-17 21:43:07.806 13664 13679 E BugleRcsEngine: 	at android.app.ContextImpl.openFileInput(ContextImpl.java:530)
04-17 21:43:07.806 13664 13679 E BugleRcsEngine: 	at android.content.ContextWrapper.openFileInput(ContextWrapper.java:195)
04-17 21:43:07.806 13664 13679 E BugleRcsEngine: 	at sub.a(PG:37)
04-17 21:43:07.806 13664 13679 E BugleRcsEngine: 	at com.google.android.apps.messaging.rcsmigration.RcsStateProvider.buildRcsState(PG:45)
04-17 21:43:07.806 13664 13679 E BugleRcsEngine: 	at com.google.android.apps.messaging.rcsmigration.RcsStateProvider.getRcsState(PG:57)
04-17 21:43:07.806 13664 13679 E BugleRcsEngine: 	at com.google.android.ims.rcsmigration.IRcsStateProvider$Stub.dispatchTransaction(PG:8)
04-17 21:43:07.806 13664 13679 E BugleRcsEngine: 	at com.google.android.aidl.BaseStub.onTransact(PG:9)
04-17 21:43:07.806 13664 13679 E BugleRcsEngine: 	at android.os.Binder.execTransact(Binder.java:697)
04-17 21:43:07.816 13610 13660 I CarrierServices: [498688] brf.doInBackground: Saving RCS State
04-17 21:43:07.817 13610 13642 I CarrierServices: [498672] cmn.a: Received Provisioning Event: [Bugle information (100)]
04-17 21:43:07.817 13610 13695 I CarrierServices: [498704] cmn.a: Received Provisioning Event: [Bugle information (100)]
04-17 21:43:07.817 13610 13646 I CarrierServices: [498676] cmn.a: Received Provisioning Event: [Bugle information (100)]
04-17 21:43:07.817 13610 13660 I CarrierServices: [498688] brf.doInBackground: Old operation mode: 2
04-17 21:43:07.817 13610 13646 I CarrierServices: [498676] cmn.a: JibeService is running, passing event to provisioning engine.
04-17 21:43:07.817 13610 13642 I CarrierServices: [498672] cmn.a: JibeService is running, passing event to provisioning engine.
04-17 21:43:07.817 13610 13660 I CarrierServices: [498688] brf.doInBackground: New operation mode: 2
04-17 21:43:07.818 13610 13642 I CarrierServices: [498672] cdj.a: Handling Provisioning Event: [Bugle information (100)]
04-17 21:43:07.818 13610 13610 I CarrierServices: [2] brf.onPostExecute: Finalizing migration for RCS state: Operation mode FULL STACK
04-17 21:43:07.818 13610 13695 I CarrierServices: [498704] cmn.a: JibeService is running, passing event to provisioning engine.
04-17 21:43:07.819 13610 13695 I CarrierServices: [498704] cdj.a: Handling Provisioning Event: [Bugle information (100)]
04-17 21:43:07.819 13610 13646 I CarrierServices: [498676] cdj.a: Handling Provisioning Event: [Bugle information (100)]
04-17 21:43:07.819 13610 13642 I CarrierServices: [498672] cev.a: RcsAvailabilityManager: Calculating Rcs Availability
04-17 21:43:07.821 13610 13646 I CarrierServices: [498676] cev.a: RcsAvailabilityManager: Calculating Rcs Availability
04-17 21:43:07.822 13664 13679 I BugleRcsEngine: [498676] RcsStateProvider.onMigrationComplete: Migration complete.
04-17 21:43:07.825 13610 13695 I CarrierServices: [498704] cev.a: RcsAvailabilityManager: Calculating Rcs Availability
04-17 21:43:07.825 13610 13610 I CarrierServices: [2] brg.a: Unbinding RcsMigrationService
04-17 21:43:07.826 13610 13642 I CarrierServices: [498672] cev.a: RcsAvailabilityManager: Rcs Availability still DISABLED_SIM_ABSENT (RCS is disabled due to SIM absent)
04-17 21:43:07.828 13664 13751 I BugleRcsEngine: [498727] tgj.c: Checking if using CarrierServices.apk is possible. Enabled: true, isAtLeastM: true, runningInsideBugle: true
04-17 21:43:07.831 13664 13751 I BugleRcsEngine: [498727] RcsStateProvider.lambda$onMigrationComplete$0$RcsStateProvider: Rcs Engine should be running in cs.apk. Stopping JibeService.
04-17 21:43:07.831 13664 13751 I BugleRcsEngine: [498727] yrg.disconnect: Disconnecting ChatSessionService
04-17 21:43:07.832 13610 13646 I CarrierServices: [498676] cev.a: RcsAvailabilityManager: Rcs Availability still DISABLED_SIM_ABSENT (RCS is disabled due to SIM absent)
04-17 21:43:07.832 13664 13751 I BugleRcsEngine: [498727] yrg.disconnect: Disconnecting ContactsService
04-17 21:43:07.832 13664 13751 I BugleRcsEngine: [498727] yrg.disconnect: Disconnecting FileTransferService
04-17 21:43:07.833 13664 13751 I BugleRcsEngine: [498727] yrg.disconnect: Disconnecting LocationSharingService
04-17 21:43:07.833 13664 13751 I BugleRcsEngine: [498727] yrg.disconnect: Disconnecting ImsConnectionTrackerService
04-17 21:43:07.833 13610 13695 I CarrierServices: [498704] cev.a: RcsAvailabilityManager: Rcs Availability still DISABLED_SIM_ABSENT (RCS is disabled due to SIM absent)
04-17 21:43:07.834 13664 13751 I BugleRcsEngine: [498727] yrg.disconnect: Disconnecting RcsProfileService
04-17 21:43:07.834 13664 13751 I BugleRcsEngine: [498727] yrg.disconnect: Disconnecting BusinessInfoService
04-17 21:43:07.836 13664 13751 I BugleRcsEngine: [498727] RcsStateProvider.lambda$onMigrationComplete$0$RcsStateProvider: JibeService stopped: false
04-17 21:43:07.837 13664 13751 I BugleRcsEngine: [498727] yrg.connect: Connecting ChatSessionService
04-17 21:43:07.837 13610 13660 I CarrierServices: [498688] cmn.a: Received Provisioning Event: [Bugle information (100)]
04-17 21:43:07.837 13610 13660 I CarrierServices: [498688] cmn.a: JibeService is running, passing event to provisioning engine.
04-17 21:43:07.838 13610 13660 I CarrierServices: [498688] cdj.a: Handling Provisioning Event: [Bugle information (100)]
04-17 21:43:07.839 13610 13660 I CarrierServices: [498688] cev.a: RcsAvailabilityManager: Calculating Rcs Availability
04-17 21:43:07.841 13664 13751 I BugleRcsEngine: [498727] yrg.connect: shouldUseCarrierServicesJibeService: true, CarrierServices rcs service found: true
04-17 21:43:07.841 13664 13751 I BugleRcsEngine: [498727] yrg.connect: Binding to JibeService in CarrierServices.
04-17 21:43:07.843 13610 13660 I CarrierServices: [498688] cev.a: RcsAvailabilityManager: Rcs Availability still DISABLED_SIM_ABSENT (RCS is disabled due to SIM absent)
04-17 21:43:07.845 13664 13751 I BugleRcsEngine: [498727] yrg.connect: Connecting EventService
04-17 21:43:07.848 13664 13751 I BugleRcsEngine: [498727] yrg.connect: shouldUseCarrierServicesJibeService: true, CarrierServices rcs service found: true
04-17 21:43:07.848 13664 13751 I BugleRcsEngine: [498727] yrg.connect: Binding to JibeService in CarrierServices.
04-17 21:43:07.852 13664 13751 I BugleRcsEngine: [498727] yrg.connect: Connecting ContactsService
04-17 21:43:07.855 13664 13664 I RcsClientLib: Service com.google.android.rcs.client.chatsession.ChatSessionService connected. Will notify listeners: true
04-17 21:43:07.855 13664 13751 I BugleRcsEngine: [498727] yrg.connect: shouldUseCarrierServicesJibeService: true, CarrierServices rcs service found: true
04-17 21:43:07.856 13664 13751 I BugleRcsEngine: [498727] yrg.connect: Binding to JibeService in CarrierServices.
04-17 21:43:07.858 13664 13664 I RcsClientLib: Service com.google.android.rcs.client.events.EventService connected. Will notify listeners: true
04-17 21:43:07.858 13664 13751 I BugleRcsEngine: [498727] yrg.connect: Connecting FileTransferService
04-17 21:43:07.862 13664 13751 I BugleRcsEngine: [498727] yrg.connect: shouldUseCarrierServicesJibeService: true, CarrierServices rcs service found: true
04-17 21:43:07.862 13664 13751 I BugleRcsEngine: [498727] yrg.connect: Binding to JibeService in CarrierServices.
04-17 21:43:07.865 13664 13664 I RcsClientLib: Service com.google.android.rcs.client.contacts.ContactsService connected. Will notify listeners: true
04-17 21:43:07.865 13664 13751 I BugleRcsEngine: [498727] yrg.connect: Connecting LocationSharingService
04-17 21:43:07.868 13664 13751 I BugleRcsEngine: [498727] yrg.connect: shouldUseCarrierServicesJibeService: true, CarrierServices rcs service found: true
04-17 21:43:07.869 13664 13751 I BugleRcsEngine: [498727] yrg.connect: Binding to JibeService in CarrierServices.
04-17 21:43:07.872 13664 13751 I BugleRcsEngine: [498727] yrg.connect: Connecting ImsConnectionTrackerService
04-17 21:43:07.872 13664 13664 I RcsClientLib: Service com.google.android.rcs.client.filetransfer.FileTransferService connected. Will notify listeners: true
04-17 21:43:07.876 13664 13751 I BugleRcsEngine: [498727] yrg.connect: shouldUseCarrierServicesJibeService: true, CarrierServices rcs service found: true
04-17 21:43:07.876 13664 13751 I BugleRcsEngine: [498727] yrg.connect: Binding to JibeService in CarrierServices.
04-17 21:43:07.879 13664 13664 I RcsClientLib: Service com.google.android.rcs.client.locationsharing.LocationSharingService connected. Will notify listeners: true
04-17 21:43:07.879 13664 13751 I BugleRcsEngine: [498727] yrg.connect: Connecting RcsProfileService
04-17 21:43:07.882 13664 13751 I BugleRcsEngine: [498727] yrg.connect: shouldUseCarrierServicesJibeService: true, CarrierServices rcs service found: true
04-17 21:43:07.883 13664 13751 I BugleRcsEngine: [498727] yrg.connect: Binding to JibeService in CarrierServices.
04-17 21:43:07.886 13664 13751 I BugleRcsEngine: [498727] yrg.connect: Connecting BusinessInfoService
04-17 21:43:07.886 13664 13664 I RcsClientLib: Service com.google.android.rcs.client.ims.ImsConnectionTrackerService connected. Will notify listeners: true
04-17 21:43:07.890 13664 13751 I BugleRcsEngine: [498727] yrg.connect: shouldUseCarrierServicesJibeService: true, CarrierServices rcs service found: true
04-17 21:43:07.890 13664 13751 I BugleRcsEngine: [498727] yrg.connect: Binding to JibeService in CarrierServices.
04-17 21:43:07.914 13664 13751 I RcsProvisioning: Failed to read config: no config found /data/user/0/com.google.android.apps.messaging/files/rcsconfig (No such file or directory)
04-17 21:43:07.940 13610 13684 E CarrierServices: [498700] coc.a: Invalid signature found for com.android.contacts: 133C95C5F20BA6481C493541241961C0DC0415A8
04-17 21:43:07.968 13610 13684 E CarrierServices: [498700] coc.a: Invalid signature found for com.android.contacts: 133C95C5F20BA6481C493541241961C0DC0415A8
04-17 21:43:07.992 13664 13664 I RcsClientLib: Service com.google.android.rcs.client.profile.RcsProfileService connected. Will notify listeners: true
04-17 21:43:07.999 13610 13684 W CarrierServices: [498700] ccb.c: No config URL available.
04-17 21:43:08.000 13664 13664 I BugleRcs: RcsAvailability ACS url: null
04-17 21:43:08.000 13664 13664 I RcsClientLib: Service com.google.android.rcs.client.businessinfo.BusinessInfoService connected. Will notify listeners: true
04-17 21:43:08.006 13610 13684 W CarrierServices: [498700] ccb.c: No config URL available.
04-17 21:43:08.007 13664 13664 I BugleRcs: RcsAvailability ACS url: null
04-17 21:43:08.025  1456  2918 I ActivityManager: Force stopping org.mozilla.fennec_aurora appid=11263 user=0: from pid 13757
04-17 21:43:08.025  1456  2918 I ActivityManager: Killing 13360:org.mozilla.fennec_aurora/u0a1263 (adj 700): stop org.mozilla.fennec_aurora
04-17 21:43:08.028  1456  1605 W zygote  : kill(-13360, 9) failed: No such process
04-17 21:43:08.029  1456  2918 W ActivityManager: Force removing ActivityRecord{8cd5972 u0 org.mozilla.fennec_aurora/org.mozilla.fenix.HomeActivity t62372}: app died, no saved state
04-17 21:43:08.039  1456  1605 W zygote  : kill(-13360, 9) failed: No such process
04-17 21:43:08.040  1456  2918 I ActivityManager: Killing 13432:org.mozilla.fennec_aurora:tab0/u0a1263 (adj 0): stop org.mozilla.fennec_aurora
04-17 21:43:08.052  1456  1605 W zygote  : kill(-13360, 9) failed: No such process
04-17 21:43:08.052  2398  2398 D CarrierSvcBindHelper: No carrier app for: 0
04-17 21:43:08.053 13664 13751 I BugleRcsEngine: [498727] sub.a: Deleted transfers file: false
04-17 21:43:08.054  2398  2398 D CarrierSvcBindHelper: No carrier app for: 1
04-17 21:43:08.057 13664 13751 I RcsProvisioning: Failed to read config: no config found /data/user/0/com.google.android.apps.messaging/files/rcsconfig (No such file or directory)
04-17 21:43:08.069  1456  1605 W zygote  : kill(-13360, 9) failed: No such process
04-17 21:43:08.096  1456  2921 D ConnectivityService: ConnectivityService NetworkRequestInfo binderDied(NetworkRequest [ TRACK_DEFAULT id=37971, [ Capabilities: INTERNET&NOT_RESTRICTED&TRUSTED&NOT_VPN] ], android.os.BinderProxy@76e3ec8)
04-17 21:43:08.097  1456  2067 D ConnectivityService: releasing NetworkRequest [ TRACK_DEFAULT id=37971, [ Capabilities: INTERNET&NOT_RESTRICTED&TRUSTED&NOT_VPN] ] (release request)
04-17 21:43:08.097  1456  1673 W ActivityManager: setHasOverlayUi called on unknown pid: 13360
04-17 21:43:08.099  1456  1605 I chatty  : uid=1000(system) ActivityManager identical 2 lines
04-17 21:43:08.112  1456  1605 W zygote  : kill(-13360, 9) failed: No such process
04-17 21:43:08.112  1456  1605 I zygote  : Successfully killed process cgroup uid 11263 pid 13360 in 83ms
04-17 21:43:08.112  1456  1605 W zygote  : kill(-13432, 9) failed: No such process
04-17 21:43:08.112  1456  1605 I zygote  : Successfully killed process cgroup uid 11263 pid 13432 in 0ms
04-17 21:43:08.152  1456  2921 I ActivityManager: START u0 {act=android.intent.action.MAIN cat=[android.intent.category.LAUNCHER] flg=0x10000000 cmp=org.mozilla.fennec_aurora/.App} from uid 2000
04-17 21:43:08.153   794   839 E ANDR-PERF-RESOURCEQS: Failed to apply optimization [4, 0]
04-17 21:43:08.174  1456  5907 I ActivityManager: Start proc 13766:org.mozilla.fennec_aurora/u0a1263 for activity org.mozilla.fennec_aurora/.App
04-17 21:43:08.260 17373 17428 I MicroDetectionState: Should stop hotword detection immediately - false
04-17 21:43:08.260 17373 17428 I MicroDetector: Keeping mic open: false
04-17 21:43:08.260 17373 17475 E DeviceStateChecker: DeviceStateChecker cancelled
04-17 21:43:08.260 17373 17428 I RecognitionAudioControl: #shutdownAudio [requestId: -3541744856545146337, keepAudioOpen: false, forced: true]
04-17 21:43:08.261 17373 17428 I RecognitionAudioControl: #internalShutdownAudio [requestId: -3541744856545146337]
04-17 21:43:08.261 17373 17428 I RecognitionAudioControl: #internalShutdownAudio [keepAudioOpen: false, forced: true]
04-17 21:43:08.261 17373 17428 I RecognitionAudioControl: #actualShutdownAudio
04-17 21:43:08.261 17373 17428 I AudioController: #shutdown [requestId=-3541744856545146337]
04-17 21:43:08.261 17373 17429 I AudioController: internalShutdown
04-17 21:43:08.261 17373 17426 I MicroRecognitionRunner: Stopping hotword detection.
04-17 21:43:08.311   788   788 D audio_hw_primary: disable_audio_route: usecase(9) reset and update mixer path: audio-record
04-17 21:43:08.312   788   788 D audio_hw_primary: disable_snd_device: snd_device(120: voice-rec-mic)
04-17 21:43:08.314  1012 13178 D APM_AudioPolicyManager: stopInput() input 307862, session 307977
04-17 21:43:08.315   788   788 D audio_hw_primary: in_set_parameters: enter: kvpairs=routing=0
04-17 21:43:08.317 17373 17429 I MicrophoneInputStream: mic_close  SR : 16000 CC : 16 SO : 1999
04-17 21:43:08.317 17373 17429 E AudioSource: Stop listening is called on already closed AudioSource
04-17 21:43:08.319 17373 17402 I MicroRecognitionRunner: Detection finished
04-17 21:43:08.335 13766 13766 I chatty  : uid=11263(org.mozilla.fennec_aurora) expire 44 lines
04-17 21:43:08.414 13766 13787 I chatty  : uid=11263(org.mozilla.fennec_aurora) expire 4 lines
04-17 21:43:08.440 13766 13795 I chatty  : uid=11263(org.mozilla.fennec_aurora) expire 11 lines
04-17 21:43:08.458 13766 13794 I chatty  : uid=11263(org.mozilla.fennec_aurora) expire 11 lines
04-17 21:43:08.467 13766 13798 I chatty  : uid=11263(org.mozilla.fennec_aurora) expire 18 lines
04-17 21:43:08.556 13766 13797 I chatty  : uid=11263(org.mozilla.fennec_aurora) expire 2 lines
04-17 21:43:08.587 13766 13808 I chatty  : uid=11263(org.mozilla.fennec_aurora) expire 1 line
04-17 21:43:08.603  1456  2923 I ActivityManager: START u0 {act=android.intent.action.MAIN cat=[android.intent.category.LAUNCHER] flg=0x10000000 cmp=org.mozilla.fennec_aurora/org.mozilla.fenix.HomeActivity (has extras)} from uid 11263
04-17 21:43:08.628 13766 13771 I chatty  : uid=11263(org.mozilla.fennec_aurora) expire 7 lines
04-17 21:43:08.636   808   808 D SurfaceFlinger: duplicate layer name: changing Splash Screen org.mozilla.fennec_aurora to Splash Screen org.mozilla.fennec_aurora#1
04-17 21:43:08.655  1456  5907 I ActivityManager: Start proc 13837:org.mozilla.fennec_aurora:tab0/u0a1263 for service org.mozilla.fennec_aurora/org.mozilla.gecko.process.GeckoChildProcessServices$tab0
04-17 21:43:08.660 13766 13827 I chatty  : uid=11263(org.mozilla.fennec_aurora) expire 1 line
04-17 21:43:08.699   808   808 I SFPerfTracer:      triggers: (rate: 86:2029683) (compose: 0:7) (post: 0:19) (render: 0:17) (2:10582595 frames) (3:13372728)
04-17 21:43:08.700   808   808 D SFPerfTracer:        layers: (2:14) (NavigationBar#0 (0xb07df000): 0:1003720) (StatusBar#0 (0xb07e3000): 0:2337871) (com.android.systemui.ImageWallpaper#0 (0xb07e7000): 0:93438)* (Sprite#0 (0xb0733000): 0:317)* (DimLayerController/Stack=0#0 (0xb075a000): 0:3866)* (Sprite#1 (0xb077c000): 0:195)* (com.android.launcher3/com.android.launcher3.CustomizationPanelLauncher#0 (0xb0763000): 0:41)- (com.android.launcher3/com.android.launcher3.CustomizationPanelLauncher#1 (0xb0771000): 0:10)- (Splash Screen org.mozilla.fennec_aurora#1 (0xb013a000): 0:31)- (org.mozilla.fennec_aurora/org.mozilla.fenix.HomeActivity#0 (0xb039b000): 0:47)- (com.android.launcher3/com.android.launcher3.CustomizationPanelLauncher#0 (0xb0763000): 0:38)* (com.android.launcher3/com.android.launcher3.CustomizationPanelLauncher#1 (0xb0771000): 0:9)* (Splash Screen org.mozilla.fennec_aurora#0 (0xb039b000): 0:19)- (Splash Screen org.mozilla.fennec_aurora#1 (0xb013a000): 2:2)* 
04-17 21:43:08.803 13837 13837 I chatty  : uid=11263(org.mozilla.fennec_aurora) expire 1 line
04-17 21:43:08.804 13837 13862 I chatty  : uid=11263(org.mozilla.fennec_aurora) expire 1 line
04-17 21:43:09.042  1456  1466 I zygote  : Background concurrent copying GC freed 24902(1561KB) AllocSpace objects, 9(308KB) LOS objects, 37% free, 39MB/63MB, paused 337us total 360.541ms
04-17 21:43:09.051 13766 13869 I chatty  : uid=11263(org.mozilla.fennec_aurora) expire 10 lines
04-17 21:43:09.058 12871 12888 E AuthStateProvider: Calling package disagreement. Legacy: org.mozilla.fennec.sharedID:11263, new API: org.mozilla.fennec_aurora
04-17 21:43:09.059 12871 12888 D AuthStateProvider: Caller must be whitelisted.
04-17 21:43:09.060 13766 13766 E ActivityThread: Failed to find provider info for org.mozilla.fennec_aurora.fxa.auth
04-17 21:43:09.143 13766 13879 I chatty  : uid=11263(org.mozilla.fennec_aurora) expire 9 lines
04-17 21:43:09.488  1456  1673 I LaunchCheckinHandler: Displayed org.mozilla.fennec_aurora/org.mozilla.fenix.HomeActivity,wp,ca,809
04-17 21:43:09.489  1456  1673 I ActivityManager: Displayed org.mozilla.fennec_aurora/org.mozilla.fenix.HomeActivity: +801ms (total +1s320ms)
04-17 21:43:09.511 17373 17373 I MemoryTrimmer: Trimming objects from memory, since app is in the background.
04-17 21:43:09.519 17373 17373 I MemoryTrimmer: Trimming objects from memory, since app is in the background.
04-17 21:43:09.519 13766 13771 I chatty  : uid=11263(org.mozilla.fennec_aurora) expire 1 line
04-17 21:43:09.523 17373 13045 I PBSessionCacheImpl: Deleted sessionId[76408848338805619] from persistence.
04-17 21:43:09.525  1456  4829 I WifiService: getWifiEnabledState uid=10073
04-17 21:43:09.529 17373 17428 I DEBUG   : OpaToSrpTransitionState#onStateChanged#notNullQuery
04-17 21:43:09.529 17373 17428 I DEBUG   : OpaToSrpTransitionState#onStateChanged#notNullQuery
04-17 21:43:09.531 17373 17428 W SearchServiceCore: Abort, client detached.
04-17 21:43:09.547 12871 12888 E AuthStateProvider: Calling package disagreement. Legacy: org.mozilla.fennec.sharedID:11263, new API: org.mozilla.fennec_aurora
04-17 21:43:09.547 12871 12888 D AuthStateProvider: Caller must be whitelisted.
04-17 21:43:09.548 13766 13766 E ActivityThread: Failed to find provider info for org.mozilla.fennec_aurora.fxa.auth
04-17 21:43:09.592  1023 13907 D libc    : Internal error: netid(0), id(0xdcb2), server(0.0.0.0)
04-17 21:43:09.592  1023 13907 D libc    : Internal error: netid(0), id(0xdcb2), server(0.0.0.0)
04-17 21:43:09.592  1023 13907 D libc    : Internal error: netid(0), id(0x17f4), server(0.0.0.0)
04-17 21:43:09.592  1023 13907 D libc    : Internal error: netid(0), id(0x17f4), server(0.0.0.0)
04-17 21:43:09.596 13766 13795 I chatty  : uid=11263(org.mozilla.fennec_aurora) expire 1 line
04-17 21:43:09.596 13766 13807 I chatty  : uid=11263(org.mozilla.fennec_aurora) expire 1 line
04-17 21:43:09.597 13766 13815 I chatty  : uid=11263(org.mozilla.fennec_aurora) expire 1 line
04-17 21:43:09.600  1023 13912 D libc    : Internal error: netid(0), id(0xf1a5), server(0.0.0.0)
04-17 21:43:09.601  1023 13912 D libc    : Internal error: netid(0), id(0xf1a5), server(0.0.0.0)
04-17 21:43:09.601  1023 13912 D libc    : Internal error: netid(0), id(0x8cf8), server(0.0.0.0)
04-17 21:43:09.602  1023 13912 D libc    : Internal error: netid(0), id(0x8cf8), server(0.0.0.0)
04-17 21:43:09.605  1023 13918 D libc    : Internal error: netid(0), id(0xf5ce), server(0.0.0.0)
04-17 21:43:09.606  1023 13918 D libc    : Internal error: netid(0), id(0xf5ce), server(0.0.0.0)
04-17 21:43:09.606  1023 13918 D libc    : Internal error: netid(0), id(0x70ea), server(0.0.0.0)
04-17 21:43:09.607  1023 13918 D libc    : Internal error: netid(0), id(0x70ea), server(0.0.0.0)
04-17 21:43:09.637 13766 13797 I chatty  : uid=11263(org.mozilla.fennec_aurora) expire 1 line
04-17 21:43:10.036 13766 13766 I chatty  : uid=11263(org.mozilla.fennec_aurora) expire 13 lines
04-17 21:43:10.127 13766 13798 I chatty  : uid=11263(org.mozilla.fennec_aurora) expire 1 line
04-17 21:43:10.267 13837 13862 I chatty  : uid=11263(org.mozilla.fennec_aurora) expire 11 lines
04-17 21:43:10.279 13766 13827 I chatty  : uid=11263(org.mozilla.fennec_aurora) expire 1 line
04-17 21:43:10.595 13610 13624 I zygote  : Waiting for a blocking GC ProfileSaver
04-17 21:43:10.625 13837 13837 I chatty  : uid=11263(org.mozilla.fennec_aurora) expire 3 lines
04-17 21:43:11.639 13664 13687 I zygote  : Waiting for a blocking GC ProfileSaver
04-17 21:43:11.676 13664 13687 I zygote  : WaitForGcToComplete blocked ProfileSaver on HeapTrim for 36.865ms
04-17 21:43:12.273 13664 13716 V AssistantIntegClient: #getAssistantConfig
04-17 21:43:12.338 13664 13716 I BugleNetwork: Startup: registering tachyon.
04-17 21:43:12.340 13664 13722 W AssistantConfig: appIntegrationDataInBase64 is null
04-17 21:43:12.434 13975 14049 I Icing   : IndexChimeraService.getServiceInterface callingPackage=com.google.android.apps.messaging componentName=null serviceId=32
04-17 21:43:12.447 13664 13716 W zygote  : Unsupported class loader
04-17 21:43:12.460 13975  8007 W Icing   : No valid account for uploading user actions
04-17 21:43:12.464 13664 13716 W zygote  : Skipping duplicate class check due to unsupported classloader
04-17 21:43:12.468 13664 13716 I DynamiteModule: Considering local module com.google.android.gms.cronet_dynamite:0 and remote module com.google.android.gms.cronet_dynamite:1211
04-17 21:43:12.468 13664 13716 I DynamiteModule: Selected remote version of com.google.android.gms.cronet_dynamite, version >= 1211
04-17 21:43:12.469 13664 13716 V DynamiteModule: Dynamite loader version >= 2, using loadModule2NoCrashUtils
04-17 21:43:12.547 13664 13716 W zygote  : Unsupported class loader
04-17 21:43:12.548 13975  8007 I Icing   : Usage reports ok 1, Failed Usage reports 0, indexed 0, rejected 0
04-17 21:43:12.573 13664 13714 I Bugle   : BugleMddTaskScheduler: Scheduling MDD job, tag: MDD.CHARGING.PERIODIC.TASK, period: 21600
04-17 21:43:12.589 13664 13719 E Bugle   : AssistantIntegrationStartupTask: Error getting assistant availability.
