07-06 13:54:15.915  1694  2353 I ActivityManager: START u0 {act=android.intent.action.MAIN cat=[android.intent.category.LAUNCHER] flg=0x10000000 cmp=org.mozilla.fennec_aurora/.App} from uid 2000
07-06 13:54:15.931  3430  3430 E SchedPolicy: open of /dev/cpuctl/bg_non_interactive/tasks failed: No such file or directory
07-06 13:54:15.933  1694  2499 I ActivityManager: Start proc 3430:org.mozilla.fennec_aurora/u0a394 for activity org.mozilla.fennec_aurora/.App
07-06 13:54:16.031  3430  3430 I chatty  : uid=10394(org.mozilla.fennec_aurora) expire 17 lines
07-06 13:54:16.052  3430  3455 I chatty  : uid=10394(org.mozilla.fennec_aurora) expire 4 lines
07-06 13:54:16.118  3430  3472 I chatty  : uid=10394(org.mozilla.fennec_aurora) expire 11 lines
07-06 13:54:16.135  3430  3471 I chatty  : uid=10394(org.mozilla.fennec_aurora) expire 10 lines
07-06 13:54:16.140  3430  3475 I chatty  : uid=10394(org.mozilla.fennec_aurora) expire 12 lines
07-06 13:54:16.143  3430  3477 I chatty  : uid=10394(org.mozilla.fennec_aurora) expire 1 line
07-06 13:54:16.200  3430  3488 I chatty  : uid=10394(org.mozilla.fennec_aurora) expire 6 lines
07-06 13:54:16.201  3430  3430 I chatty  : uid=10394(org.mozilla.fennec_aurora) expire 39 lines
07-06 13:54:16.216  3430  3471 I chatty  : uid=10394(org.mozilla.fennec_aurora) expire 13 lines
07-06 13:54:16.223  3430  3472 I chatty  : uid=10394(org.mozilla.fennec_aurora) expire 2 lines
07-06 13:54:16.235  3430  3475 I chatty  : uid=10394(org.mozilla.fennec_aurora) expire 7 lines
07-06 13:54:16.269  3430  3502 I chatty  : uid=10394(org.mozilla.fennec_aurora) expire 1 line
07-06 13:54:16.291  1694  2499 I ActivityManager: START u0 {act=android.intent.action.MAIN cat=[android.intent.category.LAUNCHER] flg=0x10000000 cmp=org.mozilla.fennec_aurora/org.mozilla.fenix.HomeActivity (has extras)} from uid 10394
07-06 13:54:16.306   890   890 D SurfaceFlinger: duplicate layer name: changing Splash Screen org.mozilla.fennec_aurora to Splash Screen org.mozilla.fennec_aurora#1
07-06 13:54:16.313  3430  3435 I chatty  : uid=10394(org.mozilla.fennec_aurora) expire 8 lines
07-06 13:54:16.349  3537  3537 E SchedPolicy: open of /dev/cpuctl/bg_non_interactive/tasks failed: No such file or directory
07-06 13:54:16.351  1694  2353 I ActivityManager: Start proc 3537:org.mozilla.fennec_aurora:tab0/u0a394 for service org.mozilla.fennec_aurora/org.mozilla.gecko.process.GeckoChildProcessServices$tab0
07-06 13:54:16.361  3430  3522 I chatty  : uid=10394(org.mozilla.fennec_aurora) expire 1 line
07-06 13:54:16.427  3537  3537 I chatty  : uid=10394(org.mozilla.fennec_aurora) expire 2 lines
07-06 13:54:16.427  3537  3556 I chatty  : uid=10394(org.mozilla.fennec_aurora) expire 1 line
07-06 13:54:16.653  3430  3500 I chatty  : uid=10394(org.mozilla.fennec_aurora) expire 1 line
07-06 13:54:16.661  3430  3566 I chatty  : uid=10394(org.mozilla.fennec_aurora) expire 9 lines
07-06 13:54:16.669  1694  2359 D ConnectivityService: requestNetwork for uid/pid:10394/3430 NetworkRequest [ TRACK_DEFAULT id=6121, [ Capabilities: INTERNET&NOT_RESTRICTED&TRUSTED&NOT_VPN] ]
07-06 13:54:16.669  1694  2184 D WIFI_UT : got request NetworkRequest [ TRACK_DEFAULT id=6121, [ Capabilities: INTERNET&NOT_RESTRICTED&TRUSTED&NOT_VPN] ] with score 60
07-06 13:54:16.670  1694  2184 D WIFI    : got request NetworkRequest [ TRACK_DEFAULT id=6121, [ Capabilities: INTERNET&NOT_RESTRICTED&TRUSTED&NOT_VPN] ] with score 60
07-06 13:54:16.670  1694  2292 D Ethernet: got request NetworkRequest [ TRACK_DEFAULT id=6121, [ Capabilities: INTERNET&NOT_RESTRICTED&TRUSTED&NOT_VPN] ] with score 60
07-06 13:54:16.670  2477  2477 D PhoneSwitcherNetworkRequstListener: got request NetworkRequest [ TRACK_DEFAULT id=6121, [ Capabilities: INTERNET&NOT_RESTRICTED&TRUSTED&NOT_VPN] ] with score 60
07-06 13:54:16.675  1694  2359 I WifiService: getDhcpInfo uid=10394
07-06 13:54:16.819  1694  2359 I ActivityManager: Displayed org.mozilla.fennec_aurora/org.mozilla.fenix.HomeActivity: +468ms (total +897ms)
07-06 13:54:16.819  1694  2359 I ActivityManager: Fully drawn org.mozilla.fennec_aurora/org.mozilla.fenix.HomeActivity: +468ms (total +897ms)
07-06 13:54:16.819  1694  2211 D WifiNative-wlan0: Scan issued for specific freq..
07-06 13:54:16.830  3430  3573 I chatty  : uid=10394(org.mozilla.fennec_aurora) expire 5 lines
07-06 13:54:16.849 22780 22780 I GoogleInputMethodService: GoogleInputMethodService.onFinishInput():3138 
07-06 13:54:16.849 22780 22780 I GoogleInputMethodService: GoogleInputMethodService.onStartInput():1808 
07-06 13:54:16.850  1694  1811 I LaunchCheckinHandler: Displayed org.mozilla.fennec_aurora/org.mozilla.fenix.HomeActivity,wp,ca,499
07-06 13:54:16.863  8504  8504 I MemoryTrimmer: Trimming objects from memory, since app is in the background.
07-06 13:54:16.869  8504  8504 I MemoryTrimmer: Trimming objects from memory, since app is in the background.
07-06 13:54:16.870  8504  3862 I PBSessionCacheImpl: Deleted sessionId[37402581481861327] from persistence.
07-06 13:54:16.874  1694  2359 I WifiService: getWifiEnabledState uid=10077
07-06 13:54:16.878  8504  8532 W SearchServiceCore: Abort, client detached.
07-06 13:54:16.879  8504  8532 I StreamController: cleanUpControllerScope(nowcards-15-5f664c79-be6c)
07-06 13:54:16.896  3430  3576 I chatty  : uid=10394(org.mozilla.fennec_aurora) expire 1 line
07-06 13:54:16.897  3430  3575 I chatty  : uid=10394(org.mozilla.fennec_aurora) expire 1 line
07-06 13:54:16.930  1694  5717 D WificondControl: Scan result ready event
07-06 13:54:17.439  3430  3466 I chatty  : uid=10394(org.mozilla.fennec_aurora) expire 3 lines
07-06 13:54:17.442  1694  2214 D ConnectivityService: releasing NetworkRequest [ TRACK_DEFAULT id=6121, [ Capabilities: INTERNET&NOT_RESTRICTED&TRUSTED&NOT_VPN] ] (release request)
07-06 13:54:17.447  8361  8361 I Finsky  : [2] wdm.a(20): SCH: onJobSchedulerWakeup with jobId 9000
07-06 13:54:17.449  8361  8361 I Finsky  : [2] wao.a(19): Scheduling fallback job with id: 9034, and delay: 43200000 ms
07-06 13:54:17.451  8361  8361 I Finsky  : [2] wao.a(9): Scheduling fallback in 64799999 (absolute: 1666903606)
07-06 13:54:17.472  8361  8361 I Finsky  : [2] wax.handleMessage(8): SCH: DeviceState: DeviceState{currentTime=1594058057470, isCharging=true, isIdle=false, netAny=true, netNotRoaming=true, netUnmetered=true, batteryPercent=100.0}
07-06 13:54:17.476  8361  3602 I Finsky  : [34179] wdm.a(7): SCH: Jobs in database: 1-1337 12-1 26-1414141414 34-309 34-311 34-312 34-313 
07-06 13:54:17.477  8361  8361 I Finsky  : [2] way.a(15): SCH: Running job: 12-1
07-06 13:54:17.477  8361  8361 I Finsky  : [2] ContentSyncJob.a(16): [ContentSync] job started
07-06 13:54:17.478  8361  8361 I Finsky  : [2] wax.handleMessage(61): SCH: RunningQueue size: 1, PendingQueue size: 0
07-06 13:54:17.478  8361  8361 I Finsky  : [2] wax.handleMessage(64): SCH: Running queue: 12-1 
07-06 13:54:17.492  3430  3605 I chatty  : uid=10394(org.mozilla.fennec_aurora) expire 1 line
07-06 13:54:17.571  3430  3512 I chatty  : uid=10394(org.mozilla.fennec_aurora) expire 26 lines
07-06 13:54:17.637  8361  8361 I Finsky  : [2] efz.a(22): Completed 1 account content syncs with 1 successful.
07-06 13:54:17.638  8361  8361 I Finsky  : [2] ContentSyncJob.a(1): [ContentSync] Installation state replication succeeded.
07-06 13:54:17.638  8361  8361 I Finsky  : [2] wcj.a(13): SCH: jobFinished: 12-1. TimeElapsed: 161ms.
07-06 13:54:17.638  8361  8361 I Finsky  : [2] way.a(34): SCH: Job 12-1 finished. Not rescheduling.
07-06 13:54:17.639  8361  8361 I Finsky  : [2] wax.handleMessage(61): SCH: RunningQueue size: 0, PendingQueue size: 0
07-06 13:54:17.639  8361  8361 I Finsky  : [2] wax.handleMessage(25): Executor finished
07-06 13:54:17.648  8361  8361 I Finsky  : [2] wdm.a(7): SCH: Jobs in database: 1-1337 26-1414141414 34-309 34-311 34-312 34-313 
07-06 13:54:17.650  8361  8361 I Finsky  : [2] vzg.a(56): SCH: ConstraintMapping: 1-1337, 34-312,  -> L: 40809635ms, D: 84009635ms, C: false, I: false, N: 1
07-06 13:54:17.650  8361  8361 I Finsky  : [2] vzg.a(56): SCH: ConstraintMapping: 34-309, 34-311, 34-313,  -> L: 559220534ms, D: 2405052465ms, C: false, I: true, N: 2
07-06 13:54:17.650  8361  8361 I Finsky  : [2] vzg.a(56): SCH: ConstraintMapping: 34-309, 34-311, 34-313,  -> L: 559220534ms, D: 2405052465ms, C: true, I: true, N: 2
07-06 13:54:17.650  8361  8361 I Finsky  : [2] vzg.a(56): SCH: ConstraintMapping: 26-1414141414,  -> L: 21813906ms, D: 22713906ms, C: false, I: false, N: 0
07-06 13:54:17.657  8361  8361 I Finsky  : [2] wbw.a(34): Cancelling existing jobscheduler jobs: 9007 9001 9004 
07-06 13:54:17.657  8361  8361 I Finsky  : [2] wbw.a(27): Scheduling job Id: 9002, L: 40809635, D: 84009635, C: false, I: false, N: 1
07-06 13:54:17.658  8361  8361 I Finsky  : [2] wbw.a(27): Scheduling job Id: 9003, L: 559220534, D: 2405052465, C: false, I: true, N: 2
07-06 13:54:17.659  8361  8361 I Finsky  : [2] wbw.a(27): Scheduling job Id: 9005, L: 559220534, D: 2405052465, C: true, I: true, N: 2
07-06 13:54:17.660  8361  8361 I Finsky  : [2] wbw.a(27): Scheduling job Id: 9006, L: 21813906, D: 22713906, C: false, I: false, N: 0
07-06 13:54:21.367  3632  3632 D AndroidRuntime: >>>>>> START com.android.internal.os.RuntimeInit uid 2000 <<<<<<
07-06 13:54:21.376  3632  3632 W app_process: Could not reserve sentinel fault page
07-06 13:54:21.500  3632  3632 I app_process: The ClassLoaderContext is a special shared library.
07-06 13:54:21.551  3632  3632 D AndroidRuntime: Calling main entry com.android.commands.input.Input
07-06 13:54:21.551  3632  3640 E SchedPolicy: open of /dev/cpuctl/bg_non_interactive/tasks failed: No such file or directory
07-06 13:54:21.553  3632  3632 I Input   : injectKeyEvent: KeyEvent { action=ACTION_DOWN, keyCode=KEYCODE_HOME, scanCode=0, metaState=0, flags=0x0, repeatCount=0, eventTime=846522778, downTime=846522778, deviceId=-1, source=0x101 }
07-06 13:54:21.557   875   919 E ANDR-PERF-MPCTL: Invalid profile no. 0, total profiles 0 only
07-06 13:54:21.558  3632  3632 I Input   : injectKeyEvent: KeyEvent { action=ACTION_UP, keyCode=KEYCODE_HOME, scanCode=0, metaState=0, flags=0x0, repeatCount=0, eventTime=846522778, downTime=846522778, deviceId=-1, source=0x101 }
07-06 13:54:21.563  1694  2137 I ActivityManager: START u0 {act=android.intent.action.MAIN cat=[android.intent.category.HOME] flg=0x10200000 cmp=com.android.launcher3/.CustomizationPanelLauncher (has extras)} from uid 1000
07-06 13:54:21.568  3632  3632 D AndroidRuntime: Shutting down VM
07-06 13:54:21.575  1694  2359 I ActivityManager: moveHomeStack, setupComplete:true
07-06 13:54:21.581  8504 22976 I Adreno  : QUALCOMM build                   : 908a5ce, I77d3059488
07-06 13:54:21.581  8504 22976 I Adreno  : Build Date                       : 06/07/18
07-06 13:54:21.581  8504 22976 I Adreno  : OpenGL ES Shader Compiler Version: EV031.22.00.01_06
07-06 13:54:21.581  8504 22976 I Adreno  : Local Branch                     : 
07-06 13:54:21.581  8504 22976 I Adreno  : Remote Branch                    : refs/tags/AU_LINUX_ANDROID_LA.UM.6.5.R1.08.01.00.312.086
07-06 13:54:21.581  8504 22976 I Adreno  : Remote Branch                    : NONE
07-06 13:54:21.581  8504 22976 I Adreno  : Reconstruct Branch               : NOTHING
07-06 13:54:21.584  8504 22976 D vndksupport: Loading /vendor/lib/hw/gralloc.msm8953.so from current namespace instead of sphal namespace.
07-06 13:54:21.587  8504 22976 I Adreno  : PFP: 0x005ff087, ME: 0x005ff063
07-06 13:54:21.591  8504 22976 I zygote  : android::hardware::configstore::V1_0::ISurfaceFlingerConfigs::hasWideColorDisplay retrieved: 0
07-06 13:54:21.591  8504 22976 I OpenGLRenderer: Initialized EGL, version 1.4
07-06 13:54:21.592  8504 22976 D OpenGLRenderer: Swap behavior 2
07-06 13:54:21.592 27103 27103 D Launcher.Utilities: Wakeup weather: Intent { act=com.motorola.launcher3.action.WAKEUP_WEATHER cmp=com.motorola.timeweatherwidget/com.motorola.commandcenter.weather.WakeUpService }
07-06 13:54:21.604  1694  1694 I NotificationService: Cannot find enqueued record for key: 0|com.motorola.timeweatherwidget|1|null|10122
07-06 13:54:21.605   890   890 D SurfaceFlinger: duplicate layer name: changing com.android.launcher3/com.android.launcher3.CustomizationPanelLauncher to com.android.launcher3/com.android.launcher3.CustomizationPanelLauncher#1
07-06 13:54:21.616  1694  2359 I WifiService: getWifiEnabledState uid=10077
07-06 13:54:21.617  8504  8533 W ThreadPoolDumper: Queue length for executor EventBus is now 11. Perhaps some tasks are too long, or the pool is too small.
07-06 13:54:21.617 22780 22780 I GoogleInputMethodService: GoogleInputMethodService.onFinishInput():3138 
07-06 13:54:21.618 22780 22780 I GoogleInputMethodService: GoogleInputMethodService.onStartInput():1808 
07-06 13:54:21.624  1694  7911 I WifiService: getWifiEnabledState uid=10077
07-06 13:54:21.641  8504  8532 I StreamController: registerScope: nowcards-15-5f664c79-be6c
07-06 13:54:21.669  2477  2477 D QtiCarrierConfigHelper: WARNING, no carrier configs on phone Id: 0
07-06 13:54:21.669  2792  3179 D HeadsetStateMachine: Disconnected process message: 10, size: 0
07-06 13:54:21.669  1694  1811 I LaunchCheckinHandler: Displayed com.android.launcher3/.CustomizationPanelLauncher,wp,wa,106
07-06 13:54:21.670  2792  3179 D HeadsetStateMachine: Enter processIntentBatteryChanged()
07-06 13:54:21.670  2792  3179 D HeadsetStateMachine: Exit processIntentBatteryChanged()
07-06 13:54:21.670  2792  3179 D HeadsetStateMachine: Exit Disconnected processMessage() 
07-06 13:54:21.671  8338  8338 I B4A     : Check bat: 100
07-06 13:54:21.685  8504  8525 E MDD     : DownloadProgressMonitor: Can't find file group for uri: android://com.google.android.googlequicksearchbox/files/sharedminusonemodule/shared/SharedMinusOneData.pb.tmp
07-06 13:54:21.689  8504  8504 I BgTaskExecutorImpl: Starting EXCLUSIVE background task TNG_MINUS_ONE_SYNC.
07-06 13:54:21.693  8504  8532 I TngMinusOneSync: Syncing TNG:-1
07-06 13:54:21.701  1694 11810 I OpenGLRenderer: Initialized EGL, version 1.4
07-06 13:54:21.702  1694 11810 D OpenGLRenderer: Swap behavior 2
07-06 13:54:21.804  2303  2325 I zygote  : NativeAlloc concurrent copying GC freed 24135(1128KB) AllocSpace objects, 0(0B) LOS objects, 50% free, 11MB/22MB, paused 117us total 109.880ms
07-06 13:54:21.847  3430  3646 I chatty  : uid=10394(org.mozilla.fennec_aurora) expire 10 lines
07-06 13:54:21.859 22780 22819 I PeriodicStatsRunner: PeriodicStatsRunner.call():175 call()
07-06 13:54:21.859 22780 22819 I PeriodicStatsRunner: PeriodicStatsRunner.call():179 No submit PeriodicStats since input started.
07-06 13:54:21.871   890   890 I SFPerfTracer:      triggers: (rate: 39:19010) (compose: 0:24) (post: 2:214) (render: 16:468) (11:431189 frames) (12:548472)
07-06 13:54:21.871   890   890 D SFPerfTracer:        layers: (5:14) (StatusBar#0 (0xae95f000): 9:172034) (com.android.systemui.ImageWallpaper#0 (0xae961000): 1:5025) (Sprite#0 (0xac5bd000): 0:28)* (DimLayerController/Stack=0#0 (0xac748000): 0:7292)* (NavigationBar#0 (0xac5a5000): 11:12651) (animation background stackId=1#0 (0xac5c1000): 0:14)* (org.mozilla.fennec_aurora/org.mozilla.fenix.HomeActivity#0 (0xac589000): 0:51)- (com.android.launcher3/com.android.launcher3.CustomizationPanelLauncher#0 (0xac098000): 0:9)- (com.android.launcher3/com.android.launcher3.CustomizationPanelLauncher#1 (0xac8a6000): 0:9)- (Splash Screen org.mozilla.fennec_aurora#0 (0xac589000): 0:19)- (Splash Screen org.mozilla.fennec_aurora#1 (0xac5f5000): 0:32)- (org.mozilla.fennec_aurora/org.mozilla.fenix.HomeActivity#0 (0xac589000): 12:39) (com.android.launcher3/com.android.launcher3.CustomizationPanelLauncher#0 (0xac5f5000): 1:3)* (com.android.launcher3/com.android.launcher3.CustomizationPanelLauncher#1 (0xac098000): 2:4) 
07-06 13:54:21.906  3430  3655 I chatty  : uid=10394(org.mozilla.fennec_aurora) expire 1 line
07-06 13:54:21.956  1694  3103 D ConnectivityService: requestNetwork for uid/pid:10394/3430 NetworkRequest [ TRACK_DEFAULT id=6122, [ Capabilities: INTERNET&NOT_RESTRICTED&TRUSTED&NOT_VPN] ]
07-06 13:54:21.956  1694  2184 D WIFI_UT : got request NetworkRequest [ TRACK_DEFAULT id=6122, [ Capabilities: INTERNET&NOT_RESTRICTED&TRUSTED&NOT_VPN] ] with score 60
07-06 13:54:21.956  1694  2184 D WIFI    : got request NetworkRequest [ TRACK_DEFAULT id=6122, [ Capabilities: INTERNET&NOT_RESTRICTED&TRUSTED&NOT_VPN] ] with score 60
07-06 13:54:21.957  1694  2292 D Ethernet: got request NetworkRequest [ TRACK_DEFAULT id=6122, [ Capabilities: INTERNET&NOT_RESTRICTED&TRUSTED&NOT_VPN] ] with score 60
07-06 13:54:21.957  2477  2477 D PhoneSwitcherNetworkRequstListener: got request NetworkRequest [ TRACK_DEFAULT id=6122, [ Capabilities: INTERNET&NOT_RESTRICTED&TRUSTED&NOT_VPN] ] with score 60
07-06 13:54:21.962  3430  3657 I chatty  : uid=10394(org.mozilla.fennec_aurora) expire 4 lines
07-06 13:54:21.969  3430  3660 I chatty  : uid=10394(org.mozilla.fennec_aurora) expire 5 lines
07-06 13:54:22.042  3430  3657 W ActivityThread: ClassLoader.getResources: The class loader returned by Thread.getContextClassLoader() may fail for processes that host multiple applications. You should explicitly specify a context class loader. For example: Thread.setContextClassLoader(getClass().getClassLoader());
07-06 13:54:22.136 27103 30814 W OpenGLRenderer: Incorrectly called buildLayer on View: ShortcutAndWidgetContainer, destroying layer...
07-06 13:54:22.136 27103 30814 W OpenGLRenderer: Incorrectly called buildLayer on View: ShortcutAndWidgetContainer, destroying layer...
07-06 13:54:22.155  3430  3462 I chatty  : uid=10394(org.mozilla.fennec_aurora) expire 1 line
07-06 13:54:22.159  1694  2214 D ConnectivityService: releasing NetworkRequest [ TRACK_DEFAULT id=6122, [ Capabilities: INTERNET&NOT_RESTRICTED&TRUSTED&NOT_VPN] ] (release request)
07-06 13:54:22.270  3430  3494 I chatty  : uid=10394(org.mozilla.fennec_aurora) expire 1 line
07-06 13:54:22.277  1694  1703 I zygote  : NativeAlloc concurrent copying GC freed 46678(2MB) AllocSpace objects, 18(616KB) LOS objects, 42% free, 25MB/44MB, paused 222us total 206.339ms
07-06 13:54:22.301  1694  7911 D ConnectivityService: requestNetwork for uid/pid:10394/3430 NetworkRequest [ TRACK_DEFAULT id=6123, [ Capabilities: INTERNET&NOT_RESTRICTED&TRUSTED&NOT_VPN] ]
07-06 13:54:22.302  1694  2184 D WIFI_UT : got request NetworkRequest [ TRACK_DEFAULT id=6123, [ Capabilities: INTERNET&NOT_RESTRICTED&TRUSTED&NOT_VPN] ] with score 60
07-06 13:54:22.302  2477  2477 D PhoneSwitcherNetworkRequstListener: got request NetworkRequest [ TRACK_DEFAULT id=6123, [ Capabilities: INTERNET&NOT_RESTRICTED&TRUSTED&NOT_VPN] ] with score 60
07-06 13:54:22.302  1694  2184 D WIFI    : got request NetworkRequest [ TRACK_DEFAULT id=6123, [ Capabilities: INTERNET&NOT_RESTRICTED&TRUSTED&NOT_VPN] ] with score 60
07-06 13:54:22.302  1694  2292 D Ethernet: got request NetworkRequest [ TRACK_DEFAULT id=6123, [ Capabilities: INTERNET&NOT_RESTRICTED&TRUSTED&NOT_VPN] ] with score 60
07-06 13:54:22.314  3430  3661 I chatty  : uid=10394(org.mozilla.fennec_aurora) expire 9 lines
07-06 13:54:22.857   873  2438 V LocSvc_HIDL_IzatProvider: [onLocationChanged][71] [HS] =>>>> [HC]
07-06 13:54:22.857  1694 10552 V LocSvc_HIDL_IzatProvider_jni: [onLocationChanged][225] [HC] <<= [HS]
07-06 13:54:22.886  3430  3467 I chatty  : uid=10394(org.mozilla.fennec_aurora) expire 1 line
07-06 13:54:22.890  1694  2214 D ConnectivityService: releasing NetworkRequest [ TRACK_DEFAULT id=6123, [ Capabilities: INTERNET&NOT_RESTRICTED&TRUSTED&NOT_VPN] ] (release request)
07-06 13:54:24.157  1694  2122 D BatteryService: uevent={POWER_SUPPLY_VOLTAGE_NOW=4370702, POWER_SUPPLY_CHARGE_RATE=Normal, POWER_SUPPLY_HEALTH=Good, POWER_SUPPLY_CURRENT_NOW=152, POWER_SUPPLY_PRESENT=1, SUBSYSTEM=power_supply, POWER_SUPPLY_TEMP=305, SEQNUM=96936, ACTION=change, POWER_SUPPLY_NAME=battery, POWER_SUPPLY_STATUS=Full, POWER_SUPPLY_CHARGE_COUNTER=3037717, POWER_SUPPLY_CAPACITY=100, DEVPATH=/devices/soc/qpnp-smbcharger-17/power_supply/battery}
07-06 13:54:26.626 22780 22819 I PeriodicStatsRunner: PeriodicStatsRunner.call():175 call()
07-06 13:54:26.626 22780 22819 I PeriodicStatsRunner: PeriodicStatsRunner.call():179 No submit PeriodicStats since input started.
07-06 13:54:26.691  3665  3666 E SchedPolicy: open of /dev/cpuctl/bg_non_interactive/tasks failed: No such file or directory
07-06 13:54:26.692  1694  7911 I ActivityManager: Force stopping org.mozilla.fennec_aurora appid=10394 user=0: from pid 3665
07-06 13:54:26.692  1694  7911 I ActivityManager: Killing 3430:org.mozilla.fennec_aurora/u0a394 (adj 700): stop org.mozilla.fennec_aurora
07-06 13:54:26.694  1694  1794 W zygote  : kill(-3430, 9) failed: No such process
07-06 13:54:26.695  1694  7911 W ActivityManager: Force removing ActivityRecord{adfae8a u0 org.mozilla.fennec_aurora/org.mozilla.fenix.HomeActivity t4267}: app died, no saved state
07-06 13:54:26.701  1694  7911 I ActivityManager: Killing 3537:org.mozilla.fennec_aurora:tab0/u0a394 (adj 0): stop org.mozilla.fennec_aurora
07-06 13:54:26.708  2477  2477 D CarrierSvcBindHelper: No carrier app for: 0
07-06 13:54:26.710  1694  1794 W zygote  : kill(-3430, 9) failed: No such process
07-06 13:54:26.711  1694  3103 W ActivityManager: Permission Denial: Accessing service ComponentInfo{com.google.android.music/com.google.android.music.dial.DialMediaRouteProviderService} from pid=15597, uid=10038 that is not exported from uid 10116
07-06 13:54:26.741  1694  1794 I chatty  : uid=1000(system) ActivityManager identical 2 lines
07-06 13:54:26.747  1694  1811 W ActivityManager: setHasOverlayUi called on unknown pid: 3430
07-06 13:54:26.756  1694  1794 W zygote  : kill(-3430, 9) failed: No such process
07-06 13:54:26.757  1694  1794 I zygote  : Successfully killed process cgroup uid 10394 pid 3430 in 62ms
07-06 13:54:26.757  1694  1794 W zygote  : kill(-3537, 9) failed: No such process
07-06 13:54:26.757  1694  1794 I zygote  : Successfully killed process cgroup uid 10394 pid 3537 in 0ms
07-06 13:54:27.792  3669  3670 E SchedPolicy: open of /dev/cpuctl/bg_non_interactive/tasks failed: No such file or directory
07-06 13:54:27.795   875   919 E ANDR-PERF-MPCTL: Invalid profile no. 0, total profiles 0 only
07-06 13:54:27.795  1694  7911 I ActivityManager: START u0 {act=android.intent.action.MAIN cat=[android.intent.category.LAUNCHER] flg=0x10000000 cmp=org.mozilla.fennec_aurora/.App} from uid 2000
07-06 13:54:27.812  3672  3672 E SchedPolicy: open of /dev/cpuctl/bg_non_interactive/tasks failed: No such file or directory
07-06 13:54:27.812  1694  1709 I ActivityManager: Start proc 3672:org.mozilla.fennec_aurora/u0a394 for activity org.mozilla.fennec_aurora/.App
07-06 13:54:27.916  3672  3672 I chatty  : uid=10394(org.mozilla.fennec_aurora) expire 31 lines
07-06 13:54:27.939  3672  3688 I chatty  : uid=10394(org.mozilla.fennec_aurora) expire 4 lines
07-06 13:54:28.001  3672  3698 I chatty  : uid=10394(org.mozilla.fennec_aurora) expire 13 lines
07-06 13:54:28.013  3672  3697 I chatty  : uid=10394(org.mozilla.fennec_aurora) expire 14 lines
07-06 13:54:28.021  3672  3701 I chatty  : uid=10394(org.mozilla.fennec_aurora) expire 1 line
07-06 13:54:28.025  3672  3702 I chatty  : uid=10394(org.mozilla.fennec_aurora) expire 15 lines
07-06 13:54:28.083  3672  3713 I chatty  : uid=10394(org.mozilla.fennec_aurora) expire 6 lines
07-06 13:54:28.170  3672  3729 I chatty  : uid=10394(org.mozilla.fennec_aurora) expire 1 line
07-06 13:54:28.171  1694  1709 I ActivityManager: START u0 {act=android.intent.action.MAIN cat=[android.intent.category.LAUNCHER] flg=0x10000000 cmp=org.mozilla.fennec_aurora/org.mozilla.fenix.HomeActivity (has extras)} from uid 10394
07-06 13:54:28.185   890  1005 I SFPerfTracer:      triggers: (rate: 0:0) (81098 sw vsyncs) (0 skipped) (12:732393 vsyncs) (14:877817)
07-06 13:54:28.188   890   890 D SurfaceFlinger: duplicate layer name: changing Splash Screen org.mozilla.fennec_aurora to Splash Screen org.mozilla.fennec_aurora#1
07-06 13:54:28.223  3672  3677 I chatty  : uid=10394(org.mozilla.fennec_aurora) expire 6 lines
07-06 13:54:28.237  3757  3757 E SchedPolicy: open of /dev/cpuctl/bg_non_interactive/tasks failed: No such file or directory
07-06 13:54:28.238  1694  3149 I ActivityManager: Start proc 3757:org.mozilla.fennec_aurora:tab0/u0a394 for service org.mozilla.fennec_aurora/org.mozilla.gecko.process.GeckoChildProcessServices$tab0
07-06 13:54:28.248  3672  3746 I chatty  : uid=10394(org.mozilla.fennec_aurora) expire 1 line
07-06 13:54:28.314  3757  3757 I chatty  : uid=10394(org.mozilla.fennec_aurora) expire 1 line
07-06 13:54:28.314  3757  3778 I chatty  : uid=10394(org.mozilla.fennec_aurora) expire 1 line
07-06 13:54:28.546  3672  3726 I chatty  : uid=10394(org.mozilla.fennec_aurora) expire 1 line
07-06 13:54:28.555  3672  3790 I chatty  : uid=10394(org.mozilla.fennec_aurora) expire 9 lines
07-06 13:54:28.565  3672  3672 I chatty  : uid=10394(org.mozilla.fennec_aurora) expire 24 lines
07-06 13:54:28.566  1694  3149 D ConnectivityService: requestNetwork for uid/pid:10394/3672 NetworkRequest [ TRACK_DEFAULT id=6124, [ Capabilities: INTERNET&NOT_RESTRICTED&TRUSTED&NOT_VPN] ]
07-06 13:54:28.567  1694  2184 D WIFI_UT : got request NetworkRequest [ TRACK_DEFAULT id=6124, [ Capabilities: INTERNET&NOT_RESTRICTED&TRUSTED&NOT_VPN] ] with score 60
07-06 13:54:28.567  1694  2184 D WIFI    : got request NetworkRequest [ TRACK_DEFAULT id=6124, [ Capabilities: INTERNET&NOT_RESTRICTED&TRUSTED&NOT_VPN] ] with score 60
07-06 13:54:28.567  1694  2292 D Ethernet: got request NetworkRequest [ TRACK_DEFAULT id=6124, [ Capabilities: INTERNET&NOT_RESTRICTED&TRUSTED&NOT_VPN] ] with score 60
07-06 13:54:28.567  2477  2477 D PhoneSwitcherNetworkRequstListener: got request NetworkRequest [ TRACK_DEFAULT id=6124, [ Capabilities: INTERNET&NOT_RESTRICTED&TRUSTED&NOT_VPN] ] with score 60
07-06 13:54:28.571  1694  1709 I WifiService: getDhcpInfo uid=10394
07-06 13:54:28.613  3672  3702 I chatty  : uid=10394(org.mozilla.fennec_aurora) expire 4 lines
07-06 13:54:28.716  1694  1709 I ActivityManager: Displayed org.mozilla.fennec_aurora/org.mozilla.fenix.HomeActivity: +477ms (total +914ms)
07-06 13:54:28.716  1694  1709 I ActivityManager: Fully drawn org.mozilla.fennec_aurora/org.mozilla.fenix.HomeActivity: +477ms (total +914ms)
07-06 13:54:28.727  3672  3802 I chatty  : uid=10394(org.mozilla.fennec_aurora) expire 5 lines
07-06 13:54:28.745 22780 22780 I GoogleInputMethodService: GoogleInputMethodService.onFinishInput():3138 
07-06 13:54:28.746 22780 22780 I GoogleInputMethodService: GoogleInputMethodService.onStartInput():1808 
07-06 13:54:28.746  1694  1811 I LaunchCheckinHandler: Displayed org.mozilla.fennec_aurora/org.mozilla.fenix.HomeActivity,wp,ca,507
07-06 13:54:28.759  8504  8504 I MemoryTrimmer: Trimming objects from memory, since app is in the background.
07-06 13:54:28.765  8504  8504 I MemoryTrimmer: Trimming objects from memory, since app is in the background.
07-06 13:54:28.765  8504 18348 I PBSessionCacheImpl: Deleted sessionId[37402581481861330] from persistence.
07-06 13:54:28.769  1694  3149 I WifiService: getWifiEnabledState uid=10077
07-06 13:54:28.774  8504  8532 W SearchServiceCore: Abort, client detached.
07-06 13:54:28.775  8504  8532 I StreamController: cleanUpControllerScope(nowcards-15-5f664c79-be6c)
07-06 13:54:28.780  3672  3804 I chatty  : uid=10394(org.mozilla.fennec_aurora) expire 1 line
07-06 13:54:28.810  3672  3805 I chatty  : uid=10394(org.mozilla.fennec_aurora) expire 1 line
07-06 13:54:28.901  3672  3677 I chatty  : uid=10394(org.mozilla.fennec_aurora) expire 2 lines
07-06 13:54:29.342  3672  3692 I chatty  : uid=10394(org.mozilla.fennec_aurora) expire 4 lines
07-06 13:54:29.346  1694  2214 D ConnectivityService: releasing NetworkRequest [ TRACK_DEFAULT id=6124, [ Capabilities: INTERNET&NOT_RESTRICTED&TRUSTED&NOT_VPN] ] (release request)
07-06 13:54:29.392  3672  3830 I chatty  : uid=10394(org.mozilla.fennec_aurora) expire 1 line
07-06 13:54:29.462  3672  3733 I chatty  : uid=10394(org.mozilla.fennec_aurora) expire 26 lines
07-06 13:54:30.032  1694  2122 D BatteryService: uevent={POWER_SUPPLY_VOLTAGE_NOW=4370702, POWER_SUPPLY_CHARGE_RATE=Normal, POWER_SUPPLY_HEALTH=Good, POWER_SUPPLY_CURRENT_NOW=152, POWER_SUPPLY_PRESENT=1, SUBSYSTEM=power_supply, POWER_SUPPLY_TEMP=305, SEQNUM=96940, ACTION=change, POWER_SUPPLY_NAME=battery, POWER_SUPPLY_STATUS=Full, POWER_SUPPLY_CHARGE_COUNTER=3037717, POWER_SUPPLY_CAPACITY=100, DEVPATH=/devices/soc/qpnp-smbcharger-17/power_supply/battery}
07-06 13:54:33.247  3857  3857 D AndroidRuntime: >>>>>> START com.android.internal.os.RuntimeInit uid 2000 <<<<<<
07-06 13:54:33.256  3857  3857 W app_process: Could not reserve sentinel fault page
07-06 13:54:33.380  3857  3857 I app_process: The ClassLoaderContext is a special shared library.
07-06 13:54:33.425  3857  3857 D AndroidRuntime: Calling main entry com.android.commands.input.Input
07-06 13:54:33.425  3857  3867 E SchedPolicy: open of /dev/cpuctl/bg_non_interactive/tasks failed: No such file or directory
07-06 13:54:33.426  3857  3857 I Input   : injectKeyEvent: KeyEvent { action=ACTION_DOWN, keyCode=KEYCODE_HOME, scanCode=0, metaState=0, flags=0x0, repeatCount=0, eventTime=846534652, downTime=846534652, deviceId=-1, source=0x101 }
07-06 13:54:33.429   875   919 E ANDR-PERF-MPCTL: Invalid profile no. 0, total profiles 0 only
07-06 13:54:33.430  3857  3857 I Input   : injectKeyEvent: KeyEvent { action=ACTION_UP, keyCode=KEYCODE_HOME, scanCode=0, metaState=0, flags=0x0, repeatCount=0, eventTime=846534652, downTime=846534652, deviceId=-1, source=0x101 }
07-06 13:54:33.435  1694  2137 I ActivityManager: START u0 {act=android.intent.action.MAIN cat=[android.intent.category.HOME] flg=0x10200000 cmp=com.android.launcher3/.CustomizationPanelLauncher (has extras)} from uid 1000
07-06 13:54:33.440  3857  3857 D AndroidRuntime: Shutting down VM
07-06 13:54:33.448  1694  7911 I ActivityManager: moveHomeStack, setupComplete:true
07-06 13:54:33.459  8504 22976 I Adreno  : QUALCOMM build                   : 908a5ce, I77d3059488
07-06 13:54:33.459  8504 22976 I Adreno  : Build Date                       : 06/07/18
07-06 13:54:33.459  8504 22976 I Adreno  : OpenGL ES Shader Compiler Version: EV031.22.00.01_06
07-06 13:54:33.459  8504 22976 I Adreno  : Local Branch                     : 
07-06 13:54:33.459  8504 22976 I Adreno  : Remote Branch                    : refs/tags/AU_LINUX_ANDROID_LA.UM.6.5.R1.08.01.00.312.086
07-06 13:54:33.459  8504 22976 I Adreno  : Remote Branch                    : NONE
07-06 13:54:33.459  8504 22976 I Adreno  : Reconstruct Branch               : NOTHING
07-06 13:54:33.461  8504 22976 D vndksupport: Loading /vendor/lib/hw/gralloc.msm8953.so from current namespace instead of sphal namespace.
07-06 13:54:33.464  8504 22976 I Adreno  : PFP: 0x005ff087, ME: 0x005ff063
07-06 13:54:33.465 27103 27103 D Launcher.Utilities: Wakeup weather: Intent { act=com.motorola.launcher3.action.WAKEUP_WEATHER cmp=com.motorola.timeweatherwidget/com.motorola.commandcenter.weather.WakeUpService }
07-06 13:54:33.467  8504 22976 I zygote  : android::hardware::configstore::V1_0::ISurfaceFlingerConfigs::hasWideColorDisplay retrieved: 0
07-06 13:54:33.468  8504 22976 I OpenGLRenderer: Initialized EGL, version 1.4
07-06 13:54:33.468  8504 22976 D OpenGLRenderer: Swap behavior 2
07-06 13:54:33.477  1694  1694 I NotificationService: Cannot find enqueued record for key: 0|com.motorola.timeweatherwidget|1|null|10122
07-06 13:54:33.478   890   890 D SurfaceFlinger: duplicate layer name: changing com.android.launcher3/com.android.launcher3.CustomizationPanelLauncher to com.android.launcher3/com.android.launcher3.CustomizationPanelLauncher#1
07-06 13:54:33.489 22780 22780 I GoogleInputMethodService: GoogleInputMethodService.onFinishInput():3138 
07-06 13:54:33.489 22780 22780 I GoogleInputMethodService: GoogleInputMethodService.onStartInput():1808 
07-06 13:54:33.493  1694  3149 I WifiService: getWifiEnabledState uid=10077
07-06 13:54:33.494  8504  8537 W ThreadPoolDumper: Queue length for executor EventBus is now 11. Perhaps some tasks are too long, or the pool is too small.
07-06 13:54:33.497  1694  1709 I WifiService: getWifiEnabledState uid=10077
07-06 13:54:33.512  8504  8532 I StreamController: registerScope: nowcards-15-5f664c79-be6c
07-06 13:54:33.550  1694  1811 I LaunchCheckinHandler: Displayed com.android.launcher3/.CustomizationPanelLauncher,wp,wa,115
07-06 13:54:33.555  8504  8531 E MDD     : DownloadProgressMonitor: Can't find file group for uri: android://com.google.android.googlequicksearchbox/files/sharedminusonemodule/shared/SharedMinusOneData.pb.tmp
07-06 13:54:33.556   890   890 I SFPerfTracer:      triggers: (rate: 39:19012) (compose: 0:24) (post: 2:214) (render: 16:468) (0:431265 frames) (1:548572)
07-06 13:54:33.556   890   890 D SFPerfTracer:        layers: (3:14) (StatusBar#0 (0xae95f000): 1:172047) (com.android.systemui.ImageWallpaper#0 (0xae961000): 0:5026)* (Sprite#0 (0xac5bd000): 0:28)* (DimLayerController/Stack=0#0 (0xac748000): 0:7292)* (NavigationBar#0 (0xac5a5000): 1:12662) (animation background stackId=1#0 (0xac5c1000): 0:14)* (org.mozilla.fennec_aurora/org.mozilla.fenix.HomeActivity#0 (0xac589000): 0:51)- (com.android.launcher3/com.android.launcher3.CustomizationPanelLauncher#0 (0xac5f5000): 0:8)- (com.android.launcher3/com.android.launcher3.CustomizationPanelLauncher#1 (0xac098000): 0:10)- (Splash Screen org.mozilla.fennec_aurora#0 (0xac589000): 0:20)- (Splash Screen org.mozilla.fennec_aurora#1 (0xac8a6000): 0:32)- (org.mozilla.fennec_aurora/org.mozilla.fenix.HomeActivity#0 (0xac589000): 0:27) (com.android.launcher3/com.android.launcher3.CustomizationPanelLauncher#0 (0xac8a6000): 0:2)* (com.android.launcher3/com.android.launcher3.CustomizationPanelLauncher#1 (0xac5f5000): 0:2)* 
07-06 13:54:33.560  8504  8504 I BgTaskExecutorImpl: Starting EXCLUSIVE background task TNG_MINUS_ONE_SYNC.
07-06 13:54:33.564  8504  8532 I TngMinusOneSync: Syncing TNG:-1
07-06 13:54:33.570  1694 11810 I OpenGLRenderer: Initialized EGL, version 1.4
07-06 13:54:33.570  1694 11810 D OpenGLRenderer: Swap behavior 2
07-06 13:54:33.756 22780 22819 I PeriodicStatsRunner: PeriodicStatsRunner.call():175 call()
07-06 13:54:33.756 22780 22819 I PeriodicStatsRunner: PeriodicStatsRunner.call():179 No submit PeriodicStats since input started.
07-06 13:54:33.757  3672  3873 I chatty  : uid=10394(org.mozilla.fennec_aurora) expire 10 lines
07-06 13:54:33.820  3672  3881 I chatty  : uid=10394(org.mozilla.fennec_aurora) expire 1 line
07-06 13:54:33.831  3672  3697 I chatty  : uid=10394(org.mozilla.fennec_aurora) expire 9 lines
07-06 13:54:33.869  1694 11817 D ConnectivityService: requestNetwork for uid/pid:10394/3672 NetworkRequest [ TRACK_DEFAULT id=6125, [ Capabilities: INTERNET&NOT_RESTRICTED&TRUSTED&NOT_VPN] ]
07-06 13:54:33.870  1694  2184 D WIFI_UT : got request NetworkRequest [ TRACK_DEFAULT id=6125, [ Capabilities: INTERNET&NOT_RESTRICTED&TRUSTED&NOT_VPN] ] with score 60
07-06 13:54:33.870  2477  2477 D PhoneSwitcherNetworkRequstListener: got request NetworkRequest [ TRACK_DEFAULT id=6125, [ Capabilities: INTERNET&NOT_RESTRICTED&TRUSTED&NOT_VPN] ] with score 60
07-06 13:54:33.870  1694  2184 D WIFI    : got request NetworkRequest [ TRACK_DEFAULT id=6125, [ Capabilities: INTERNET&NOT_RESTRICTED&TRUSTED&NOT_VPN] ] with score 60
07-06 13:54:33.870  1694  2292 D Ethernet: got request NetworkRequest [ TRACK_DEFAULT id=6125, [ Capabilities: INTERNET&NOT_RESTRICTED&TRUSTED&NOT_VPN] ] with score 60
07-06 13:54:33.876  3672  3883 I chatty  : uid=10394(org.mozilla.fennec_aurora) expire 4 lines
07-06 13:54:33.883  3672  3885 I chatty  : uid=10394(org.mozilla.fennec_aurora) expire 5 lines
07-06 13:54:33.969  3672  3883 W ActivityThread: ClassLoader.getResources: The class loader returned by Thread.getContextClassLoader() may fail for processes that host multiple applications. You should explicitly specify a context class loader. For example: Thread.setContextClassLoader(getClass().getClassLoader());
07-06 13:54:33.974  3672  3693 I chatty  : uid=10394(org.mozilla.fennec_aurora) expire 1 line
07-06 13:54:34.018 27103 30814 W OpenGLRenderer: Incorrectly called buildLayer on View: ShortcutAndWidgetContainer, destroying layer...
07-06 13:54:34.019 27103 30814 W OpenGLRenderer: Incorrectly called buildLayer on View: ShortcutAndWidgetContainer, destroying layer...
07-06 13:54:34.080  1694  2214 D ConnectivityService: releasing NetworkRequest [ TRACK_DEFAULT id=6125, [ Capabilities: INTERNET&NOT_RESTRICTED&TRUSTED&NOT_VPN] ] (release request)
07-06 13:54:34.141  3672  3700 I chatty  : uid=10394(org.mozilla.fennec_aurora) expire 1 line
07-06 13:54:34.165  1694  1709 D ConnectivityService: requestNetwork for uid/pid:10394/3672 NetworkRequest [ TRACK_DEFAULT id=6126, [ Capabilities: INTERNET&NOT_RESTRICTED&TRUSTED&NOT_VPN] ]
07-06 13:54:34.165  1694  2184 D WIFI_UT : got request NetworkRequest [ TRACK_DEFAULT id=6126, [ Capabilities: INTERNET&NOT_RESTRICTED&TRUSTED&NOT_VPN] ] with score 60
07-06 13:54:34.166  2477  2477 D PhoneSwitcherNetworkRequstListener: got request NetworkRequest [ TRACK_DEFAULT id=6126, [ Capabilities: INTERNET&NOT_RESTRICTED&TRUSTED&NOT_VPN] ] with score 60
07-06 13:54:34.166  1694  2184 D WIFI    : got request NetworkRequest [ TRACK_DEFAULT id=6126, [ Capabilities: INTERNET&NOT_RESTRICTED&TRUSTED&NOT_VPN] ] with score 60
07-06 13:54:34.166  1694  2292 D Ethernet: got request NetworkRequest [ TRACK_DEFAULT id=6126, [ Capabilities: INTERNET&NOT_RESTRICTED&TRUSTED&NOT_VPN] ] with score 60
07-06 13:54:34.174  3672  3887 I chatty  : uid=10394(org.mozilla.fennec_aurora) expire 9 lines
07-06 13:54:34.751  1694  2214 D ConnectivityService: releasing NetworkRequest [ TRACK_DEFAULT id=6126, [ Capabilities: INTERNET&NOT_RESTRICTED&TRUSTED&NOT_VPN] ] (release request)
07-06 13:54:35.212  8338  8338 I B4A     : update notification to top
07-06 13:54:38.499 22780 22819 I PeriodicStatsRunner: PeriodicStatsRunner.call():175 call()
07-06 13:54:38.499 22780 22819 I PeriodicStatsRunner: PeriodicStatsRunner.call():179 No submit PeriodicStats since input started.
07-06 13:54:38.548  3891  3892 E SchedPolicy: open of /dev/cpuctl/bg_non_interactive/tasks failed: No such file or directory
07-06 13:54:38.549  1694 11817 I ActivityManager: Force stopping org.mozilla.fennec_aurora appid=10394 user=0: from pid 3891
07-06 13:54:38.549  1694 11817 I ActivityManager: Killing 3672:org.mozilla.fennec_aurora/u0a394 (adj 700): stop org.mozilla.fennec_aurora
07-06 13:54:38.551  1694  1794 W zygote  : kill(-3672, 9) failed: No such process
07-06 13:54:38.552  3757  3757 I chatty  : uid=10394(org.mozilla.fennec_aurora) expire 1 line
07-06 13:54:38.552  1694 11817 W ActivityManager: Force removing ActivityRecord{e4db95f u0 org.mozilla.fennec_aurora/org.mozilla.fenix.HomeActivity t4269}: app died, no saved state
07-06 13:54:38.557  1694 11817 I ActivityManager: Killing 3757:org.mozilla.fennec_aurora:tab0/u0a394 (adj 0): stop org.mozilla.fennec_aurora
07-06 13:54:38.565  2477  2477 D CarrierSvcBindHelper: No carrier app for: 0
07-06 13:54:38.572  1694  1794 W zygote  : kill(-3672, 9) failed: No such process
07-06 13:54:38.573  1694  3149 W ActivityManager: Permission Denial: Accessing service ComponentInfo{com.google.android.music/com.google.android.music.dial.DialMediaRouteProviderService} from pid=15597, uid=10038 that is not exported from uid 10116
07-06 13:54:38.604  1694  1794 I chatty  : uid=1000(system) ActivityManager identical 2 lines
07-06 13:54:38.606  1694  1811 W ActivityManager: setHasOverlayUi called on unknown pid: 3672
07-06 13:54:38.620  1694  1794 W zygote  : kill(-3672, 9) failed: No such process
07-06 13:54:38.620  1694  1794 I zygote  : Successfully killed process cgroup uid 10394 pid 3672 in 68ms
07-06 13:54:38.620  1694  1794 W zygote  : kill(-3757, 9) failed: No such process
07-06 13:54:38.620  1694  1794 I zygote  : Successfully killed process cgroup uid 10394 pid 3757 in 0ms
07-06 13:54:38.878  1694  1703 I zygote  : NativeAlloc concurrent copying GC freed 41289(2MB) AllocSpace objects, 22(824KB) LOS objects, 42% free, 25MB/44MB, paused 151us total 202.037ms
07-06 13:54:39.651  3895  3896 E SchedPolicy: open of /dev/cpuctl/bg_non_interactive/tasks failed: No such file or directory
07-06 13:54:39.654   875   919 E ANDR-PERF-MPCTL: Invalid profile no. 0, total profiles 0 only
07-06 13:54:39.654  1694  7964 I ActivityManager: START u0 {act=android.intent.action.MAIN cat=[android.intent.category.LAUNCHER] flg=0x10000000 cmp=org.mozilla.fennec_aurora/.App} from uid 2000
07-06 13:54:39.670  3898  3898 E SchedPolicy: open of /dev/cpuctl/bg_non_interactive/tasks failed: No such file or directory
07-06 13:54:39.672  1694  5577 I ActivityManager: Start proc 3898:org.mozilla.fennec_aurora/u0a394 for activity org.mozilla.fennec_aurora/.App
07-06 13:54:39.772  3898  3898 I chatty  : uid=10394(org.mozilla.fennec_aurora) expire 47 lines
07-06 13:54:39.793  3898  3914 I chatty  : uid=10394(org.mozilla.fennec_aurora) expire 4 lines
07-06 13:54:39.857  3898  3926 I chatty  : uid=10394(org.mozilla.fennec_aurora) expire 13 lines
07-06 13:54:39.879  3898  3925 I chatty  : uid=10394(org.mozilla.fennec_aurora) expire 14 lines
07-06 13:54:39.886  3898  3929 I chatty  : uid=10394(org.mozilla.fennec_aurora) expire 19 lines
07-06 13:54:39.890  3898  3931 I chatty  : uid=10394(org.mozilla.fennec_aurora) expire 1 line
07-06 13:54:39.939  3898  3940 I chatty  : uid=10394(org.mozilla.fennec_aurora) expire 6 lines
07-06 13:54:40.021  3898  3958 I chatty  : uid=10394(org.mozilla.fennec_aurora) expire 1 line
07-06 13:54:40.028  1694  7964 I ActivityManager: START u0 {act=android.intent.action.MAIN cat=[android.intent.category.LAUNCHER] flg=0x10000000 cmp=org.mozilla.fennec_aurora/org.mozilla.fenix.HomeActivity (has extras)} from uid 10394
07-06 13:54:40.054   890   890 D SurfaceFlinger: duplicate layer name: changing Splash Screen org.mozilla.fennec_aurora to Splash Screen org.mozilla.fennec_aurora#1
07-06 13:54:40.059  3898  3903 I chatty  : uid=10394(org.mozilla.fennec_aurora) expire 8 lines
07-06 13:54:40.077  3995  3995 E SchedPolicy: open of /dev/cpuctl/bg_non_interactive/tasks failed: No such file or directory
07-06 13:54:40.082  1694 12349 I ActivityManager: Start proc 3995:org.mozilla.fennec_aurora:tab0/u0a394 for service org.mozilla.fennec_aurora/org.mozilla.gecko.process.GeckoChildProcessServices$tab0
07-06 13:54:40.093  3898  3982 I chatty  : uid=10394(org.mozilla.fennec_aurora) expire 1 line
07-06 13:54:40.160  3995  3995 I chatty  : uid=10394(org.mozilla.fennec_aurora) expire 1 line
07-06 13:54:40.160  3995  4014 I chatty  : uid=10394(org.mozilla.fennec_aurora) expire 1 line
07-06 13:54:40.397  3898  3953 I chatty  : uid=10394(org.mozilla.fennec_aurora) expire 1 line
07-06 13:54:40.404  3898  4024 I chatty  : uid=10394(org.mozilla.fennec_aurora) expire 9 lines
07-06 13:54:40.413  1694  5577 D ConnectivityService: requestNetwork for uid/pid:10394/3898 NetworkRequest [ TRACK_DEFAULT id=6127, [ Capabilities: INTERNET&NOT_RESTRICTED&TRUSTED&NOT_VPN] ]
07-06 13:54:40.414  1694  2184 D WIFI_UT : got request NetworkRequest [ TRACK_DEFAULT id=6127, [ Capabilities: INTERNET&NOT_RESTRICTED&TRUSTED&NOT_VPN] ] with score 60
07-06 13:54:40.414  2477  2477 D PhoneSwitcherNetworkRequstListener: got request NetworkRequest [ TRACK_DEFAULT id=6127, [ Capabilities: INTERNET&NOT_RESTRICTED&TRUSTED&NOT_VPN] ] with score 60
07-06 13:54:40.414  1694  2184 D WIFI    : got request NetworkRequest [ TRACK_DEFAULT id=6127, [ Capabilities: INTERNET&NOT_RESTRICTED&TRUSTED&NOT_VPN] ] with score 60
07-06 13:54:40.415  1694  2292 D Ethernet: got request NetworkRequest [ TRACK_DEFAULT id=6127, [ Capabilities: INTERNET&NOT_RESTRICTED&TRUSTED&NOT_VPN] ] with score 60
07-06 13:54:40.418  1694  4524 I WifiService: getDhcpInfo uid=10394
07-06 13:54:40.573  1694  4524 I ActivityManager: Displayed org.mozilla.fennec_aurora/org.mozilla.fenix.HomeActivity: +489ms (total +912ms)
07-06 13:54:40.573  1694  4524 I ActivityManager: Fully drawn org.mozilla.fennec_aurora/org.mozilla.fenix.HomeActivity: +489ms (total +912ms)
07-06 13:54:40.583  3898  4031 I chatty  : uid=10394(org.mozilla.fennec_aurora) expire 5 lines
07-06 13:54:40.602 22780 22780 I GoogleInputMethodService: GoogleInputMethodService.onFinishInput():3138 
07-06 13:54:40.602  1694  1811 I LaunchCheckinHandler: Displayed org.mozilla.fennec_aurora/org.mozilla.fenix.HomeActivity,wp,ca,518
07-06 13:54:40.602 22780 22780 I GoogleInputMethodService: GoogleInputMethodService.onStartInput():1808 
07-06 13:54:40.614  8504  8504 I MemoryTrimmer: Trimming objects from memory, since app is in the background.
07-06 13:54:40.620  8504  8504 I MemoryTrimmer: Trimming objects from memory, since app is in the background.
07-06 13:54:40.622  8504 18348 I PBSessionCacheImpl: Deleted sessionId[37402581481861333] from persistence.
07-06 13:54:40.626  1694  4524 I WifiService: getWifiEnabledState uid=10077
07-06 13:54:40.629  8504  8532 W SearchServiceCore: Abort, client detached.
07-06 13:54:40.630  8504  8532 I StreamController: cleanUpControllerScope(nowcards-15-5f664c79-be6c)
07-06 13:54:40.651  3898  4034 I chatty  : uid=10394(org.mozilla.fennec_aurora) expire 1 line
07-06 13:54:40.652  3898  4033 I chatty  : uid=10394(org.mozilla.fennec_aurora) expire 1 line
07-06 13:54:40.788   890   890 I SFPerfTracer:      triggers: (rate: 39:19014) (compose: 0:24) (post: 2:214) (render: 16:468) (0:431344 frames) (1:548672)
07-06 13:54:40.789   890   890 D SFPerfTracer:        layers: (3:12) (StatusBar#0 (0xae95f000): 0:172069) (com.android.systemui.ImageWallpaper#0 (0xae961000): 0:5028)* (Sprite#0 (0xac5bd000): 0:28)* (DimLayerController/Stack=0#0 (0xac748000): 0:7292)* (NavigationBar#0 (0xac5a5000): 0:12683) (animation background stackId=1#0 (0xac5c1000): 0:14)* (org.mozilla.fennec_aurora/org.mozilla.fenix.HomeActivity#0 (0xac589000): 0:51)- (com.android.launcher3/com.android.launcher3.CustomizationPanelLauncher#0 (0xac8a6000): 0:8)- (com.android.launcher3/com.android.launcher3.CustomizationPanelLauncher#1 (0xac5f5000): 0:9)- (Splash Screen org.mozilla.fennec_aurora#0 (0xac589000): 0:20)- (Splash Screen org.mozilla.fennec_aurora#1 (0xac098000): 1:31)* (org.mozilla.fennec_aurora/org.mozilla.fenix.HomeActivity#0 (0xac589000): 1:18) 
07-06 13:54:41.200  3898  3921 I chatty  : uid=10394(org.mozilla.fennec_aurora) expire 1 line
07-06 13:54:41.204  1694  2214 D ConnectivityService: releasing NetworkRequest [ TRACK_DEFAULT id=6127, [ Capabilities: INTERNET&NOT_RESTRICTED&TRUSTED&NOT_VPN] ] (release request)
07-06 13:54:41.218  3898  4058 I chatty  : uid=10394(org.mozilla.fennec_aurora) expire 1 line
07-06 13:54:41.789   890  1005 I SFPerfTracer:      triggers: (rate: 0:0) (81098 sw vsyncs) (0 skipped) (17:732463 vsyncs) (19:877922)
07-06 13:54:41.926  3898  3959 I chatty  : uid=10394(org.mozilla.fennec_aurora) expire 1 line
07-06 13:54:42.002  3898  3922 I chatty  : uid=10394(org.mozilla.fennec_aurora) expire 1 line
07-06 13:54:43.256  1694  2122 D BatteryService: uevent={POWER_SUPPLY_VOLTAGE_NOW=4370702, POWER_SUPPLY_CHARGE_RATE=Normal, POWER_SUPPLY_HEALTH=Good, POWER_SUPPLY_CURRENT_NOW=152, POWER_SUPPLY_PRESENT=1, SUBSYSTEM=power_supply, POWER_SUPPLY_TEMP=302, SEQNUM=96942, ACTION=change, POWER_SUPPLY_NAME=battery, POWER_SUPPLY_STATUS=Full, POWER_SUPPLY_CHARGE_COUNTER=3037717, POWER_SUPPLY_CAPACITY=100, DEVPATH=/devices/soc/qpnp-smbcharger-17/power_supply/battery}
07-06 13:54:43.266  2792  3179 D HeadsetStateMachine: Disconnected process message: 10, size: 0
07-06 13:54:43.266  2792  3179 D HeadsetStateMachine: Enter processIntentBatteryChanged()
07-06 13:54:43.266  2792  3179 D HeadsetStateMachine: Exit processIntentBatteryChanged()
07-06 13:54:43.266  2792  3179 D HeadsetStateMachine: Exit Disconnected processMessage() 
07-06 13:54:43.267  2477  2477 D QtiCarrierConfigHelper: WARNING, no carrier configs on phone Id: 0
07-06 13:54:43.267  8338  8338 I B4A     : Check bat: 100
07-06 13:54:45.108  4085  4085 D AndroidRuntime: >>>>>> START com.android.internal.os.RuntimeInit uid 2000 <<<<<<
07-06 13:54:45.117  4085  4085 W app_process: Could not reserve sentinel fault page
07-06 13:54:45.242  4085  4085 I app_process: The ClassLoaderContext is a special shared library.
07-06 13:54:45.290  4085  4085 D AndroidRuntime: Calling main entry com.android.commands.input.Input
07-06 13:54:45.290  4085  4093 E SchedPolicy: open of /dev/cpuctl/bg_non_interactive/tasks failed: No such file or directory
07-06 13:54:45.292  4085  4085 I Input   : injectKeyEvent: KeyEvent { action=ACTION_DOWN, keyCode=KEYCODE_HOME, scanCode=0, metaState=0, flags=0x0, repeatCount=0, eventTime=846546517, downTime=846546517, deviceId=-1, source=0x101 }
07-06 13:54:45.295   875   919 E ANDR-PERF-MPCTL: Invalid profile no. 0, total profiles 0 only
07-06 13:54:45.296  4085  4085 I Input   : injectKeyEvent: KeyEvent { action=ACTION_UP, keyCode=KEYCODE_HOME, scanCode=0, metaState=0, flags=0x0, repeatCount=0, eventTime=846546517, downTime=846546517, deviceId=-1, source=0x101 }
07-06 13:54:45.301  1694  2137 I ActivityManager: START u0 {act=android.intent.action.MAIN cat=[android.intent.category.HOME] flg=0x10200000 cmp=com.android.launcher3/.CustomizationPanelLauncher (has extras)} from uid 1000
07-06 13:54:45.307  4085  4085 D AndroidRuntime: Shutting down VM
07-06 13:54:45.313  1694  4524 I ActivityManager: moveHomeStack, setupComplete:true
07-06 13:54:45.323  8504 22976 I Adreno  : QUALCOMM build                   : 908a5ce, I77d3059488
07-06 13:54:45.323  8504 22976 I Adreno  : Build Date                       : 06/07/18
07-06 13:54:45.323  8504 22976 I Adreno  : OpenGL ES Shader Compiler Version: EV031.22.00.01_06
07-06 13:54:45.323  8504 22976 I Adreno  : Local Branch                     : 
07-06 13:54:45.323  8504 22976 I Adreno  : Remote Branch                    : refs/tags/AU_LINUX_ANDROID_LA.UM.6.5.R1.08.01.00.312.086
