07-06 13:48:53.440  8361  8361 I Finsky  : [2] wax.handleMessage(61): SCH: RunningQueue size: 1, PendingQueue size: 0
07-06 13:48:53.441  8361  8361 I Finsky  : [2] wax.handleMessage(64): SCH: Running queue: 12-1 
07-06 13:48:53.453 27487 27540 D sql_support::conn_ext: Transaction commited after 23.539742ms
07-06 13:48:53.455 27487 27540 D places_ffi: places_connection_new
07-06 13:48:53.458 27487 27540 D places_ffi: places_connection_new
07-06 13:48:53.482 27487 27540 D places_ffi: bookmarks_get_all_with_url
07-06 13:48:53.490 27487 27517 D GeckoThread: State changed to RUNNING
07-06 13:48:53.507 27487 27487 W GeckoEventDispatcher: No listener for GeckoView:AccessibilityEnabled
07-06 13:48:53.507 27487 27517 I Gecko   : -*- nsDNSServiceDiscovery.js : nsDNSServiceDiscovery
07-06 13:48:53.518 27487 27487 D GeckoRuntime: Lifecycle: onStart
07-06 13:48:53.520 27487 27512 I libglean_ffi: glean_core::ping: Collecting baseline
07-06 13:48:53.524 27487 27512 D libglean_ffi: glean_core::ping: Storing ping '387674ff-5a8f-4b63-9b0c-455848e3f521' at '/data/user/0/org.mozilla.fennec_aurora/glean_data/pending_pings/387674ff-5a8f-4b63-9b0c-455848e3f521'
07-06 13:48:53.525 27487 27512 I libglean_ffi: glean_core: The ping 'baseline' was submitted and will be sent as soon as possible
07-06 13:48:53.532 27487 27487 D GeckoRuntime: Lifecycle: onResume
07-06 13:48:53.533 27487 27492 I zygote  : Do full code cache collection, code=126KB, data=93KB
07-06 13:48:53.533 27487 27487 D GeckoNetworkManager: Incoming event start for state OffNoListeners -> OnNoListeners
07-06 13:48:53.535 27487 27487 D GeckoNetworkManager: New network state: UP, WIFI, WIFI
07-06 13:48:53.535 27487 27492 I zygote  : After code cache collection, code=95KB, data=55KB
07-06 13:48:53.538 27487 27539 D NetworkSecurityConfig: No Network Security Config specified, using platform default
07-06 13:48:53.548 27487 27605 W LOTTIE  : Animation contains merge paths. Merge paths are only supported on KitKat+ and must be manually enabled by calling enableMergePathsForKitKatAndAbove().
07-06 13:48:53.550 27487 27617 D OpenGLRenderer: HWUI GL Pipeline
07-06 13:48:53.560 27487 27487 D MigrationPushRenewer: Migration state: NONE
07-06 13:48:53.560  1694  8536 D ConnectivityService: requestNetwork for uid/pid:10393/27487 NetworkRequest [ TRACK_DEFAULT id=6023, [ Capabilities: INTERNET&NOT_RESTRICTED&TRUSTED&NOT_VPN] ]
07-06 13:48:53.561 27487 27487 D MigrationTelemetryListener: Migration state: NONE
07-06 13:48:53.561  1694  2184 D WIFI_UT : got request NetworkRequest [ TRACK_DEFAULT id=6023, [ Capabilities: INTERNET&NOT_RESTRICTED&TRUSTED&NOT_VPN] ] with score 60
07-06 13:48:53.561  1694  2184 D WIFI    : got request NetworkRequest [ TRACK_DEFAULT id=6023, [ Capabilities: INTERNET&NOT_RESTRICTED&TRUSTED&NOT_VPN] ] with score 60
07-06 13:48:53.562  1694  2292 D Ethernet: got request NetworkRequest [ TRACK_DEFAULT id=6023, [ Capabilities: INTERNET&NOT_RESTRICTED&TRUSTED&NOT_VPN] ] with score 60
07-06 13:48:53.562  2477  2477 D PhoneSwitcherNetworkRequstListener: got request NetworkRequest [ TRACK_DEFAULT id=6023, [ Capabilities: INTERNET&NOT_RESTRICTED&TRUSTED&NOT_VPN] ] with score 60
07-06 13:48:53.584 27487 27487 D GeckoNetworkManager: Incoming event receivedUpdate for state OnNoListeners -> OnNoListeners
07-06 13:48:53.585 27487 27599 W FirefoxAccountStateMachine: Got invalid event Event$Init for state NotAuthenticated.
07-06 13:48:53.586 27487 27487 D GeckoNetworkManager: New network state: UP, WIFI, WIFI
07-06 13:48:53.587  1694  5949 I WifiService: getDhcpInfo uid=10393
07-06 13:48:53.590 27487 27517 I Adreno  : QUALCOMM build                   : 908a5ce, I77d3059488
07-06 13:48:53.590 27487 27517 I Adreno  : Build Date                       : 06/07/18
07-06 13:48:53.590 27487 27517 I Adreno  : OpenGL ES Shader Compiler Version: EV031.22.00.01_06
07-06 13:48:53.590 27487 27517 I Adreno  : Local Branch                     : 
07-06 13:48:53.590 27487 27517 I Adreno  : Remote Branch                    : refs/tags/AU_LINUX_ANDROID_LA.UM.6.5.R1.08.01.00.312.086
07-06 13:48:53.590 27487 27517 I Adreno  : Remote Branch                    : NONE
07-06 13:48:53.590 27487 27517 I Adreno  : Reconstruct Branch               : NOTHING
07-06 13:48:53.591 27487 27517 D vndksupport: Loading /vendor/lib/hw/gralloc.msm8953.so from current namespace instead of sphal namespace.
07-06 13:48:53.597 27487 27517 I Adreno  : PFP: 0x005ff087, ME: 0x005ff063
07-06 13:48:53.604 27487 27517 I zygote  : android::hardware::configstore::V1_0::ISurfaceFlingerConfigs::hasWideColorDisplay retrieved: 0
07-06 13:48:53.625 27487 27625 I Gecko   : [GFX1-]: Failed to create EGLContext!: 0x300c
07-06 13:48:53.642 27487 27617 I OpenGLRenderer: Initialized EGL, version 1.4
07-06 13:48:53.642 27487 27617 D OpenGLRenderer: Swap behavior 2
07-06 13:48:53.658  1694  5949 I ActivityManager: Displayed org.mozilla.fennec_aurora/org.mozilla.fenix.HomeActivity: +575ms (total +1s32ms)
07-06 13:48:53.658  1694  5949 I ActivityManager: Fully drawn org.mozilla.fennec_aurora/org.mozilla.fenix.HomeActivity: +575ms (total +1s32ms)
07-06 13:48:53.659 27487 27517 W ResourceType: Too many attribute references, stopped at: 0x01010099
07-06 13:48:53.670  8361  8361 I Finsky  : [2] efz.a(22): Completed 1 account content syncs with 1 successful.
07-06 13:48:53.671  8361  8361 I Finsky  : [2] ContentSyncJob.a(1): [ContentSync] Installation state replication succeeded.
07-06 13:48:53.671  8361  8361 I Finsky  : [2] wcj.a(13): SCH: jobFinished: 12-1. TimeElapsed: 232ms.
07-06 13:48:53.671  8361  8361 I Finsky  : [2] way.a(34): SCH: Job 12-1 finished. Not rescheduling.
07-06 13:48:53.672  8361  8361 I Finsky  : [2] wax.handleMessage(61): SCH: RunningQueue size: 0, PendingQueue size: 0
07-06 13:48:53.672  8361  8361 I Finsky  : [2] wax.handleMessage(25): Executor finished
07-06 13:48:53.680  8361  8361 I Finsky  : [2] wdm.a(7): SCH: Jobs in database: 1-1337 26-1414141414 34-309 34-311 34-312 34-313 
07-06 13:48:53.681  8361  8361 I Finsky  : [2] vzg.a(56): SCH: ConstraintMapping: 1-1337, 34-312,  -> L: 41133604ms, D: 84333604ms, C: false, I: false, N: 1
07-06 13:48:53.681  8361  8361 I Finsky  : [2] vzg.a(56): SCH: ConstraintMapping: 34-309, 34-311, 34-313,  -> L: 559544503ms, D: 2405376434ms, C: false, I: true, N: 2
07-06 13:48:53.681  8361  8361 I Finsky  : [2] vzg.a(56): SCH: ConstraintMapping: 34-309, 34-311, 34-313,  -> L: 559544503ms, D: 2405376434ms, C: true, I: true, N: 2
07-06 13:48:53.681  8361  8361 I Finsky  : [2] vzg.a(56): SCH: ConstraintMapping: 26-1414141414,  -> L: 22137875ms, D: 23037875ms, C: false, I: false, N: 0
07-06 13:48:53.686  8361  8361 I Finsky  : [2] wbw.a(34): Cancelling existing jobscheduler jobs: 9001 9004 9007 
07-06 13:48:53.686  8361  8361 I Finsky  : [2] wbw.a(27): Scheduling job Id: 9002, L: 41133604, D: 84333604, C: false, I: false, N: 1
07-06 13:48:53.687  8361  8361 I Finsky  : [2] wbw.a(27): Scheduling job Id: 9003, L: 559544503, D: 2405376434, C: false, I: true, N: 2
07-06 13:48:53.688 27487 27487 D GeckoNetworkManager: Incoming event enableNotifications for state OnNoListeners -> OnWithListeners
07-06 13:48:53.688  8361  8361 I Finsky  : [2] wbw.a(27): Scheduling job Id: 9005, L: 559544503, D: 2405376434, C: true, I: true, N: 2
07-06 13:48:53.688 27487 27487 D GeckoNetworkManager: New network state: UP, WIFI, WIFI
07-06 13:48:53.689 27487 27649 I libglean_ffi: glean_core::upload: New upload task with id 387674ff-5a8f-4b63-9b0c-455848e3f521 (path: /submit/org-mozilla-fennec-aurora/baseline/1/387674ff-5a8f-4b63-9b0c-455848e3f521)
07-06 13:48:53.690 15597 15607 I zygote  : Background concurrent copying GC freed 111898(6MB) AllocSpace objects, 47(2MB) LOS objects, 49% free, 11MB/23MB, paused 195us total 119.978ms
07-06 13:48:53.690  8361  8361 I Finsky  : [2] wbw.a(27): Scheduling job Id: 9006, L: 22137875, D: 23037875, C: false, I: false, N: 0
07-06 13:48:53.692 27487 27649 D glean/ConceptFetchHttpUploader: Submitting ping to: https://incoming.telemetry.mozilla.org/submit/org-mozilla-fennec-aurora/baseline/1/387674ff-5a8f-4b63-9b0c-455848e3f521
07-06 13:48:53.700 27487 27617 D vndksupport: Loading /vendor/lib/hw/android.hardware.graphics.mapper@2.0-impl.so from current namespace instead of sphal namespace.
07-06 13:48:53.702 27487 27617 D vndksupport: Loading /vendor/lib/hw/gralloc.msm8953.so from current namespace instead of sphal namespace.
07-06 13:48:53.726 27487 27487 W LOTTIE  : Animation contains merge paths but they are disabled.
07-06 13:48:53.729  1694  1811 I LaunchCheckinHandler: Displayed org.mozilla.fennec_aurora/org.mozilla.fenix.HomeActivity,wp,ca,646
07-06 13:48:53.740 22780 22780 I GoogleInputMethodService: GoogleInputMethodService.onFinishInput():3138 
07-06 13:48:53.740 22780 22780 I GoogleInputMethodService: GoogleInputMethodService.onStartInput():1808 
07-06 13:48:53.768 27487 27487 D GeckoNetworkManager: Incoming event receivedUpdate for state OnWithListeners -> OnWithListeners
07-06 13:48:53.769 27487 27487 D GeckoNetworkManager: New network state: UP, WIFI, WIFI
07-06 13:48:53.813  8504  8504 I MemoryTrimmer: Trimming objects from memory, since app is in the background.
07-06 13:48:53.820  8504  8504 I MemoryTrimmer: Trimming objects from memory, since app is in the background.
07-06 13:48:53.821  8504  3863 I PBSessionCacheImpl: Deleted sessionId[37402581481861249] from persistence.
07-06 13:48:53.829  1694  5037 I WifiService: getWifiEnabledState uid=10077
07-06 13:48:53.833  8504  8532 W SearchServiceCore: Abort, client detached.
07-06 13:48:53.834  8504  8532 I StreamController: cleanUpControllerScope(nowcards-15-5f664c79-be6c)
07-06 13:48:53.836 27487 27517 W GeckoEventDispatcher: No listener for GeckoView:AccessibilityEnabled
07-06 13:48:53.850 27487 27492 I zygote  : Do partial code cache collection, code=126KB, data=96KB
07-06 13:48:53.852 27487 27492 I zygote  : After code cache collection, code=126KB, data=96KB
07-06 13:48:53.852 27487 27492 I zygote  : Increasing code cache capacity to 512KB
07-06 13:48:53.974 27487 27559 D ServiceAllocator: org.mozilla.gecko.process.GeckoChildProcessServices$tab0 updateBindings: FOREGROUND priority, 0 importance, 1 successful binds, 0 failed binds, 0 successful unbinds
07-06 13:48:53.981 27569 27590 D GeckoThread: State changed to MOZGLUE_READY
07-06 13:48:53.987 27487 27559 D ServiceAllocator: org.mozilla.gecko.process.GeckoChildProcessServices$tab0 updateBindings: FOREGROUND priority, 2 importance, 0 successful binds, 0 failed binds, 0 successful unbinds
07-06 13:48:53.987 27569 27590 W Settings: Setting animator_duration_scale has moved from android.provider.Settings.System to android.provider.Settings.Global, returning read-only global URI.
07-06 13:48:53.990 27569 27590 E GeckoLibLoad: Load sqlite start
07-06 13:48:53.992 27569 27590 E GeckoLibLoad: Load sqlite done
07-06 13:48:53.992 27569 27590 E GeckoLibLoad: Load nss start
07-06 13:48:53.992 27569 27590 E GeckoLibLoad: Load nss done
07-06 13:48:54.000 27487 27517 I GeckoSession: zerdatime 1601780157 - chrome startup finished
07-06 13:48:54.006 27569 27590 E GeckoLibLoad: Loaded libs in 14.074012ms total, 6ms(6ms) user, 6ms(6ms) system, 0(0) faults
07-06 13:48:54.007 27569 27590 D GeckoThread: State changed to LIBS_READY
07-06 13:48:54.007 27569 27590 W GeckoThread: zerdatime 1601780164 - runGecko
07-06 13:48:54.062 27487 27552 D places_ffi: places_connection_new
07-06 13:48:54.075 27487 27552 D places_ffi: places_note_observation
07-06 13:48:54.115 27487 27552 D sql_support::conn_ext: Transaction commited after 39.490212ms
07-06 13:48:54.118 27487 27515 D places_ffi: places_note_observation
07-06 13:48:54.131 27569 27590 D GeckoThread: State changed to RUNNING
07-06 13:48:54.146 27487 27515 D sql_support::conn_ext: Transaction commited after 27.082971ms
07-06 13:48:54.160 27569 27590 W ResourceType: Too many attribute references, stopped at: 0x01010099
07-06 13:48:54.185 27487 27517 D GeckoScreenOrientation: unlocking
07-06 13:48:54.237 27569 27569 D GeckoNetworkManager: Incoming event enableNotifications for state OffNoListeners -> OffWithListeners
07-06 13:48:54.238 27569 27569 D GeckoNetworkManager: New network state: UP, WIFI, WIFI
07-06 13:48:54.428 27487 27487 D GeckoSession: handleMessage GeckoView:PageStart uri=about:blank
07-06 13:48:54.434 27487 27649 I libglean_ffi: glean_core::upload: Ping 387674ff-5a8f-4b63-9b0c-455848e3f521 successfully sent 200.
07-06 13:48:54.434 27487 27649 I libglean_ffi: glean_core::upload::directory: File was deleted /data/user/0/org.mozilla.fennec_aurora/glean_data/pending_pings/387674ff-5a8f-4b63-9b0c-455848e3f521
07-06 13:48:54.437 27487 27649 I libglean_ffi: glean_core::upload: No more pings to upload! You are done.
07-06 13:48:54.439 27487 27598 I WM-WorkerWrapper: Worker result SUCCESS for Work [ id=a5b57e6d-b4e6-4457-a0ed-2501e9df5af1, tags={ mozilla.telemetry.glean.scheduler.PingUploadWorker, mozac_service_glean_ping_upload_worker } ]
07-06 13:48:54.456 27487 27487 D GeckoSession: handleMessage GeckoView:LocationChange uri=about:blank
07-06 13:48:54.461 27487 27487 D GeckoSession: handleMessage GeckoView:PageStop uri=null
07-06 13:48:54.468 27487 27487 I SessionStorage/AutoSave: Save: Load finished
07-06 13:48:54.469 27487 27515 D SessionStorage/AutoSave: Delaying save (656ms)
07-06 13:48:54.474 27487 27487 I zygote  : Deoptimizing void kotlin.sequences.FilteringSequence$iterator$1.calcNext() due to JIT inline cache
07-06 13:48:54.483 27487 27487 D GeckoSession: handleMessage GeckoView:ProgressChanged uri=null
07-06 13:48:54.492 27487 27487 D GeckoSession: handleMessage GeckoView:PageStart uri=https://example.com/
07-06 13:48:54.513 27487 27487 D GeckoSession: handleMessage GeckoView:ProgressChanged uri=null
07-06 13:48:54.516 27487 27517 D GeckoScreenOrientation: unlocking
07-06 13:48:54.521 27487 27487 D GeckoSession: handleMessage GeckoView:PageStop uri=null
07-06 13:48:54.521 27487 27487 I SessionStorage/AutoSave: Save: Load finished
07-06 13:48:54.521 27487 27487 D SessionStorage/AutoSave: Skipping save, other job already in flight
07-06 13:48:54.532 27487 27487 D GeckoSession: handleMessage GeckoView:SecurityChanged uri=null
07-06 13:48:54.532 27487 27487 D GeckoSession: handleMessage GeckoView:ProgressChanged uri=null
07-06 13:48:54.541   890  1005 I SFPerfTracer:      triggers: (rate: 0:0) (81098 sw vsyncs) (0 skipped) (37:729679 vsyncs) (39:874275)
07-06 13:48:54.549 27487 27487 D GeckoSession: handleMessage GeckoView:PageStart uri=https://example.com/
07-06 13:48:54.569  1694  2214 D ConnectivityService: releasing NetworkRequest [ TRACK_DEFAULT id=6023, [ Capabilities: INTERNET&NOT_RESTRICTED&TRUSTED&NOT_VPN] ] (release request)
07-06 13:48:54.578 27487 27487 I zygote  : Deoptimizing java.lang.Object mozilla.components.support.ktx.kotlinx.coroutines.flow.FlowKt$filterChanged$1.invokeSuspend(java.lang.Object) due to JIT inline cache
07-06 13:48:54.589 27487 27517 W GeckoEventDispatcher: No listener for GeckoView:PageAction:Update
07-06 13:48:54.593 27487 27487 D App     : Installed browser-icons extension
07-06 13:48:54.597 27487 27487 D mozac-webextensions: Installed extension: mozacWebchannel
07-06 13:48:54.598 27487 27487 D WebExtension: handleMessage GeckoView:PageAction:Update
07-06 13:48:54.598 27487 27487 D GeckoSession: handleMessage GeckoView:LocationChange uri=https://example.com/
07-06 13:48:54.605 27487 27515 I zygote  : Deoptimizing void kotlinx.coroutines.DispatchedTask.run() due to JIT inline cache
07-06 13:48:54.607 27487 27515 D places_ffi: bookmarks_get_all_with_url
07-06 13:48:54.620 27487 27487 D GeckoSession: handleMessage GeckoView:SecurityChanged uri=null
07-06 13:48:54.738 27487 27515 D places_ffi: places_note_observation
07-06 13:48:54.748 27487 27487 D GeckoSession: handleMessage GeckoView:ProgressChanged uri=null
07-06 13:48:54.749 27487 27515 D sql_support::conn_ext: Transaction commited after 11.402449ms
07-06 13:48:54.753 27487 27487 D GeckoSession: handleMessage GeckoView:ProgressChanged uri=null
07-06 13:48:54.757 27487 27487 D GeckoSession: handleMessage GeckoView:PageStop uri=null
07-06 13:48:54.758 27487 27487 I SessionStorage/AutoSave: Save: Load finished
07-06 13:48:54.758 27487 27487 D SessionStorage/AutoSave: Skipping save, other job already in flight
07-06 13:48:54.796   890   890 I SFPerfTracer:      triggers: (rate: 37:18843) (compose: 0:24) (post: 2:214) (render: 16:468) (5:429230 frames) (6:545557)
07-06 13:48:54.796   890   890 D SFPerfTracer:        layers: (4:11) (StatusBar#0 (0xae95f000): 0:171397) (com.android.systemui.ImageWallpaper#0 (0xae961000): 0:4972)* (Sprite#0 (0xac5bd000): 0:28)* (DimLayerController/Stack=0#0 (0xac748000): 0:7292)* (NavigationBar#0 (0xac5a5000): 0:12090) (animation background stackId=1#0 (0xac5c1000): 0:14)* (org.mozilla.fennec_aurora/org.mozilla.fenix.HomeActivity#0 (0xac0fb000): 0:58)- (com.android.launcher3/com.android.launcher3.CustomizationPanelLauncher#0 (0xac589000): 0:10)- (com.android.launcher3/com.android.launcher3.CustomizationPanelLauncher#1 (0xac8a6000): 0:12)- (Splash Screen org.mozilla.fennec_aurora#0 (0xac0fb000): 0:32)- (org.mozilla.fennec_aurora/org.mozilla.fenix.HomeActivity#0 (0xac0ac000): 6:29) 
07-06 13:48:54.801 27487 27487 D WebExtension: handleMessage GeckoView:WebExtension:Message
07-06 13:48:54.820 27487 27492 I zygote  : Do full code cache collection, code=252KB, data=156KB
07-06 13:48:54.821 27487 27492 I zygote  : After code cache collection, code=155KB, data=87KB
07-06 13:48:54.831 27487 27717 D BrowserIcons: Loaded icon (source = GENERATOR): https://example.com/
07-06 13:48:54.913 27487 27487 D WebExtension: handleMessage GeckoView:WebExtension:Connect
07-06 13:48:54.917 27487 27515 D places_ffi: places_get_visited
07-06 13:48:54.926 27487 27718 D ThumbnailStorage: Saved thumbnail to disk (id = 0007aa79-ce5a-4621-9a6c-08cb5f269580, generationId = 72)
07-06 13:48:55.014 27487 27487 D mozac-webextensions: Installed extension: mozacReaderview
07-06 13:48:55.022 27487 27487 D mozac-webcompat-reporter: Installed WebCompat Reporter webextension: webcompat-reporter@mozilla.org
07-06 13:48:55.025 27487 27487 D mozac-webcompat: Installed WebCompat webextension: webcompat@mozilla.org
07-06 13:48:55.045  2675 14114 E WakeLock: GCM_HB_ALARM release without a matched acquire!
07-06 13:48:55.131 27487 27515 D SessionStorage/AutoSave: Saved state to disk [5ms]
07-06 13:48:55.192 27487 27487 I zygote  : Deoptimizing java.lang.Object kotlinx.coroutines.JobSupport.tryMakeCompleting(java.lang.Object, java.lang.Object) due to JIT same target
07-06 13:48:55.194 27487 27487 I DefaultSupportedAddonsChecker: Register check for new supported add-ons
07-06 13:48:55.222 27487 27515 I SupportedAddonsWorker: Trying to check for new supported add-ons
07-06 13:48:55.299 27487 27487 I zygote  : Deoptimizing void kotlinx.coroutines.DispatchedTask.run() due to JIT inline cache
07-06 13:48:55.301 27487 27598 I WM-WorkerWrapper: Worker result SUCCESS for Work [ id=765f39c9-5f11-4b71-8164-f68a912ed396, tags={ mozilla.components.feature.addons.migration.DefaultSupportedAddonsChecker.periodicWork, mozilla.components.feature.addons.migration.SupportedAddonsWorker } ]
07-06 13:48:55.579 27487 27487 D GeckoSession: handleMessage GeckoView:StateUpdated uri=null
07-06 13:48:55.579 27487 27487 W GeckoSession: No history entries found.
07-06 13:48:55.583 27487 27487 I zygote  : Deoptimizing java.lang.Object mozilla.components.support.ktx.kotlinx.coroutines.flow.FlowKt$ifChanged$$inlined$filter$1$2.emit(java.lang.Object, kotlin.coroutines.Continuation) due to JIT inline cache
07-06 13:48:58.088 27719 27719 D AndroidRuntime: >>>>>> START com.android.internal.os.RuntimeInit uid 2000 <<<<<<
07-06 13:48:58.097 27719 27719 W app_process: Could not reserve sentinel fault page
07-06 13:48:58.221 27719 27719 I app_process: The ClassLoaderContext is a special shared library.
07-06 13:48:58.266 27719 27719 D AndroidRuntime: Calling main entry com.android.commands.input.Input
07-06 13:48:58.266 27719 27727 E SchedPolicy: open of /dev/cpuctl/bg_non_interactive/tasks failed: No such file or directory
07-06 13:48:58.268 27719 27719 I Input   : injectKeyEvent: KeyEvent { action=ACTION_DOWN, keyCode=KEYCODE_HOME, scanCode=0, metaState=0, flags=0x0, repeatCount=0, eventTime=846199493, downTime=846199493, deviceId=-1, source=0x101 }
07-06 13:48:58.271   875   919 E ANDR-PERF-MPCTL: Invalid profile no. 0, total profiles 0 only
07-06 13:48:58.272 27719 27719 I Input   : injectKeyEvent: KeyEvent { action=ACTION_UP, keyCode=KEYCODE_HOME, scanCode=0, metaState=0, flags=0x0, repeatCount=0, eventTime=846199493, downTime=846199493, deviceId=-1, source=0x101 }
07-06 13:48:58.277  1694  2137 I ActivityManager: START u0 {act=android.intent.action.MAIN cat=[android.intent.category.HOME] flg=0x10200000 cmp=com.android.launcher3/.CustomizationPanelLauncher (has extras)} from uid 1000
07-06 13:48:58.282 27719 27719 D AndroidRuntime: Shutting down VM
07-06 13:48:58.292  1694  5037 I ActivityManager: moveHomeStack, setupComplete:true
07-06 13:48:58.308  8504 22976 I Adreno  : QUALCOMM build                   : 908a5ce, I77d3059488
07-06 13:48:58.308  8504 22976 I Adreno  : Build Date                       : 06/07/18
07-06 13:48:58.308  8504 22976 I Adreno  : OpenGL ES Shader Compiler Version: EV031.22.00.01_06
07-06 13:48:58.308  8504 22976 I Adreno  : Local Branch                     : 
07-06 13:48:58.308  8504 22976 I Adreno  : Remote Branch                    : refs/tags/AU_LINUX_ANDROID_LA.UM.6.5.R1.08.01.00.312.086
07-06 13:48:58.308  8504 22976 I Adreno  : Remote Branch                    : NONE
07-06 13:48:58.308  8504 22976 I Adreno  : Reconstruct Branch               : NOTHING
07-06 13:48:58.310  8504 22976 D vndksupport: Loading /vendor/lib/hw/gralloc.msm8953.so from current namespace instead of sphal namespace.
07-06 13:48:58.313  8504 22976 I Adreno  : PFP: 0x005ff087, ME: 0x005ff063
07-06 13:48:58.314 27103 27103 D Launcher.Utilities: Wakeup weather: Intent { act=com.motorola.launcher3.action.WAKEUP_WEATHER cmp=com.motorola.timeweatherwidget/com.motorola.commandcenter.weather.WakeUpService }
07-06 13:48:58.316  8504 22976 I zygote  : android::hardware::configstore::V1_0::ISurfaceFlingerConfigs::hasWideColorDisplay retrieved: 0
07-06 13:48:58.317  8504 22976 I OpenGLRenderer: Initialized EGL, version 1.4
07-06 13:48:58.317  8504 22976 D OpenGLRenderer: Swap behavior 2
07-06 13:48:58.326  1694  1694 I NotificationService: Cannot find enqueued record for key: 0|com.motorola.timeweatherwidget|1|null|10122
07-06 13:48:58.326   890   890 D SurfaceFlinger: duplicate layer name: changing com.android.launcher3/com.android.launcher3.CustomizationPanelLauncher to com.android.launcher3/com.android.launcher3.CustomizationPanelLauncher#1
07-06 13:48:58.337 22780 22780 I GoogleInputMethodService: GoogleInputMethodService.onFinishInput():3138 
07-06 13:48:58.338 22780 22780 I GoogleInputMethodService: GoogleInputMethodService.onStartInput():1808 
07-06 13:48:58.343  1694  2384 I WifiService: getWifiEnabledState uid=10077
07-06 13:48:58.344  8504  8525 W ThreadPoolDumper: Queue length for executor EventBus is now 11. Perhaps some tasks are too long, or the pool is too small.
07-06 13:48:58.349  1694  2384 I WifiService: getWifiEnabledState uid=10077
07-06 13:48:58.366  8504  8532 I StreamController: registerScope: nowcards-15-5f664c79-be6c
07-06 13:48:58.391  1694  1811 I LaunchCheckinHandler: Displayed com.android.launcher3/.CustomizationPanelLauncher,wp,wa,114
07-06 13:48:58.393 27487 27559 D ServiceAllocator: org.mozilla.gecko.process.GeckoChildProcessServices$tab0 updateBindings: IDLE priority, 6 importance, 0 successful binds, 0 failed binds, 2 successful unbinds
07-06 13:48:58.414  8504  8537 E MDD     : DownloadProgressMonitor: Can't find file group for uri: android://com.google.android.googlequicksearchbox/files/sharedminusonemodule/shared/SharedMinusOneData.pb.tmp
07-06 13:48:58.420 27487 27487 D GeckoSession: handleMessage GeckoView:StateUpdated uri=null
07-06 13:48:58.420  8504  8504 I BgTaskExecutorImpl: Starting EXCLUSIVE background task TNG_MINUS_ONE_SYNC.
07-06 13:48:58.423  8504  8532 I TngMinusOneSync: Syncing TNG:-1
07-06 13:48:58.511  2303  2325 I zygote  : NativeAlloc concurrent copying GC freed 21600(1029KB) AllocSpace objects, 0(0B) LOS objects, 50% free, 11MB/22MB, paused 115us total 111.118ms
07-06 13:48:58.609 27487 27487 I zygote  : Deoptimizing kotlinx.coroutines.DisposableHandle kotlinx.coroutines.JobSupport.invokeOnCompletion(boolean, boolean, kotlin.jvm.functions.Function1) due to JIT inline cache
07-06 13:48:58.615 27487 27512 I libglean_ffi: glean_core::ping: Collecting startup-timeline
07-06 13:48:58.620 27487 27512 D libglean_ffi: glean_core::ping: Storing ping '42f0094f-7b1c-4177-93a8-b55c497640fe' at '/data/user/0/org.mozilla.fennec_aurora/glean_data/pending_pings/42f0094f-7b1c-4177-93a8-b55c497640fe'
07-06 13:48:58.622 27487 27512 I libglean_ffi: glean_core: The ping 'startup-timeline' was submitted and will be sent as soon as possible
07-06 13:48:58.641 27487 27487 D SessionManager: onTrimMemory(80): clearThumbnails=true, closeEngineSessions=true
07-06 13:48:58.645  1694  2384 D ConnectivityService: requestNetwork for uid/pid:10393/27487 NetworkRequest [ TRACK_DEFAULT id=6024, [ Capabilities: INTERNET&NOT_RESTRICTED&TRUSTED&NOT_VPN] ]
07-06 13:48:58.645 27487 27487 D SessionManager: Cleared 3 thumbnail(s) and unlinked 0 engine sessions(s)
07-06 13:48:58.646  1694  2184 D WIFI_UT : got request NetworkRequest [ TRACK_DEFAULT id=6024, [ Capabilities: INTERNET&NOT_RESTRICTED&TRUSTED&NOT_VPN] ] with score 60
07-06 13:48:58.646  2477  2477 D PhoneSwitcherNetworkRequstListener: got request NetworkRequest [ TRACK_DEFAULT id=6024, [ Capabilities: INTERNET&NOT_RESTRICTED&TRUSTED&NOT_VPN] ] with score 60
07-06 13:48:58.646  1694  2292 D Ethernet: got request NetworkRequest [ TRACK_DEFAULT id=6024, [ Capabilities: INTERNET&NOT_RESTRICTED&TRUSTED&NOT_VPN] ] with score 60
07-06 13:48:58.646  1694  2184 D WIFI    : got request NetworkRequest [ TRACK_DEFAULT id=6024, [ Capabilities: INTERNET&NOT_RESTRICTED&TRUSTED&NOT_VPN] ] with score 60
07-06 13:48:58.647 27487 27487 I zygote  : Deoptimizing void kotlin.coroutines.jvm.internal.BaseContinuationImpl.resumeWith(java.lang.Object) due to JIT inline cache
07-06 13:48:58.648 27487 27487 I zygote  : Deoptimizing kotlinx.coroutines.internal.LockFreeLinkedListNode kotlinx.coroutines.internal.LockFreeLinkedListNode.correctPrev(kotlinx.coroutines.internal.OpDescriptor) due to JIT inline cache
07-06 13:48:58.670 27487 27487 I glean/Glean: Registering pings for org.mozilla.fenix.GleanMetrics.Pings
07-06 13:48:58.672 27487 27731 I libglean_ffi: glean_core::upload: New upload task with id 42f0094f-7b1c-4177-93a8-b55c497640fe (path: /submit/org-mozilla-fennec-aurora/startup-timeline/1/42f0094f-7b1c-4177-93a8-b55c497640fe)
07-06 13:48:58.673 27487 27731 D glean/ConceptFetchHttpUploader: Submitting ping to: https://incoming.telemetry.mozilla.org/submit/org-mozilla-fennec-aurora/startup-timeline/1/42f0094f-7b1c-4177-93a8-b55c497640fe
07-06 13:48:58.741 27487 27487 D App     : ActivationPing - already generated
07-06 13:48:58.743 22780 22819 I PeriodicStatsRunner: PeriodicStatsRunner.call():175 call()
07-06 13:48:58.743 22780 22819 I PeriodicStatsRunner: PeriodicStatsRunner.call():179 No submit PeriodicStats since input started.
07-06 13:48:58.750 27487 27515 I FenixApplication: Running post-visual completeness tasks...
07-06 13:48:58.750 27487 27515 I FenixApplication: Storage initialization...
07-06 13:48:58.750 27487 27515 I PlacesHistoryStorage: Warming up places storage...
07-06 13:48:58.750 27487 27487 I FenixApplication: Kicking-off account manager...
07-06 13:48:58.750 27487 27515 I PlacesHistoryStorage: 'Warming up places storage' took 0 ms
07-06 13:48:58.750 27487 27487 I FenixApplication: 'Kicking-off account manager' took 0 ms
07-06 13:48:58.750 27487 27515 I PlacesBookmarksStorage: Warming up places storage...
07-06 13:48:58.750 27487 27515 I PlacesBookmarksStorage: 'Warming up places storage' took 0 ms
07-06 13:48:58.753 27487 27735 I experiments: No active experiment in cache
07-06 13:48:58.776 27487 27515 I SyncableLoginsStorage: Warming up storage...
07-06 13:48:58.784 27487 27515 D RustNativeSupport: findMegazordLibraryName(logins, 61.0.6
07-06 13:48:58.784 27487 27515 D RustNativeSupport: lib in use: none
07-06 13:48:58.784 27487 27515 D RustNativeSupport: lib configured: megazord
07-06 13:48:58.784 27487 27515 D RustNativeSupport: lib version configured: 61.0.6
07-06 13:48:58.784 27487 27515 D RustNativeSupport: settled on megazord
07-06 13:48:58.786 27487 27515 D logins_ffi: sync15_passwords_state_new
07-06 13:48:58.789  1694 11810 I OpenGLRenderer: Initialized EGL, version 1.4
07-06 13:48:58.789  1694 11810 D OpenGLRenderer: Swap behavior 2
07-06 13:48:58.854 27103 30814 W OpenGLRenderer: Incorrectly called buildLayer on View: ShortcutAndWidgetContainer, destroying layer...
07-06 13:48:58.854 27103 30814 W OpenGLRenderer: Incorrectly called buildLayer on View: ShortcutAndWidgetContainer, destroying layer...
07-06 13:48:58.861 27487 27731 I libglean_ffi: glean_core::upload: Ping 42f0094f-7b1c-4177-93a8-b55c497640fe successfully sent 200.
07-06 13:48:58.861 27487 27731 I libglean_ffi: glean_core::upload::directory: File was deleted /data/user/0/org.mozilla.fennec_aurora/glean_data/pending_pings/42f0094f-7b1c-4177-93a8-b55c497640fe
07-06 13:48:58.864 27487 27731 I libglean_ffi: glean_core::upload: No more pings to upload! You are done.
07-06 13:48:58.866 27487 27595 I WM-WorkerWrapper: Worker result SUCCESS for Work [ id=80b5c480-0312-44fa-aa83-16b1b5a4fda8, tags={ mozilla.telemetry.glean.scheduler.PingUploadWorker, mozac_service_glean_ping_upload_worker } ]
07-06 13:48:58.868  1694  2214 D ConnectivityService: releasing NetworkRequest [ TRACK_DEFAULT id=6024, [ Capabilities: INTERNET&NOT_RESTRICTED&TRUSTED&NOT_VPN] ] (release request)
07-06 13:48:58.882 27487 27738 I experiments: Fetching experiments from https://firefox.settings.services.mozilla.com/v1/buckets/main/collections/mobile-experiments/records
07-06 13:48:58.982 27487 27487 D GeckoRuntime: Lifecycle: onPause
07-06 13:48:58.982 27487 27487 D GeckoNetworkManager: Incoming event stop for state OnWithListeners -> OffWithListeners
07-06 13:48:58.983 27487 27487 I SessionStorage/AutoSave: Save: Background
07-06 13:48:58.992 27487 27512 I libglean_ffi: glean_core::ping: Collecting baseline
07-06 13:48:58.997 27487 27738 W ActivityThread: ClassLoader.getResources: The class loader returned by Thread.getContextClassLoader() may fail for processes that host multiple applications. You should explicitly specify a context class loader. For example: Thread.setContextClassLoader(getClass().getClassLoader());
07-06 13:48:58.997 27487 27552 D SessionStorage/AutoSave: Saved state to disk [12ms]
07-06 13:48:59.000 27487 27738 D experiments: Fetched experiments from https://firefox.settings.services.mozilla.com/v1/buckets/main/collections/mobile-experiments/records:
07-06 13:48:59.000 27487 27738 D experiments: {"data": []}
07-06 13:48:59.000 27487 27738 I experiments: Experiments update from server: ExperimentsSnapshot(experiments=[], lastModified=null)
07-06 13:48:59.001 27487 27512 D libglean_ffi: glean_core::ping: Storing ping 'e251afb1-60ad-4396-aef8-c6d6e7d35d45' at '/data/user/0/org.mozilla.fennec_aurora/glean_data/pending_pings/e251afb1-60ad-4396-aef8-c6d6e7d35d45'
07-06 13:48:59.001 27487 27738 I experiments: onExperimentsUpdated - no experiment currently active, looking for match
07-06 13:48:59.002 27487 27512 I libglean_ffi: glean_core: The ping 'baseline' was submitted and will be sent as soon as possible
07-06 13:48:59.002 27487 27508 I WM-WorkerWrapper: Worker result SUCCESS for Work [ id=aa6c4e60-8959-4dbd-a2aa-c73afcbb6124, tags={ mozilla.components.service.experiments.ExperimentsUpdaterWorker, mozilla.components.service.experiments } ]
07-06 13:48:59.003 27487 27512 I libglean_ffi: glean_core::ping: Collecting events
07-06 13:48:59.007 27487 27512 D libglean_ffi: glean_core::ping: Storing ping '81b81591-9ea5-4f2a-af44-6928f0ea115d' at '/data/user/0/org.mozilla.fennec_aurora/glean_data/pending_pings/81b81591-9ea5-4f2a-af44-6928f0ea115d'
07-06 13:48:59.007  1694  1703 I zygote  : NativeAlloc concurrent copying GC freed 48002(2MB) AllocSpace objects, 22(992KB) LOS objects, 42% free, 25MB/44MB, paused 222us total 218.160ms
07-06 13:48:59.008 27487 27512 I libglean_ffi: glean_core: The ping 'events' was submitted and will be sent as soon as possible
07-06 13:48:59.031  1694  5717 D ConnectivityService: requestNetwork for uid/pid:10393/27487 NetworkRequest [ TRACK_DEFAULT id=6025, [ Capabilities: INTERNET&NOT_RESTRICTED&TRUSTED&NOT_VPN] ]
07-06 13:48:59.032  1694  2184 D WIFI_UT : got request NetworkRequest [ TRACK_DEFAULT id=6025, [ Capabilities: INTERNET&NOT_RESTRICTED&TRUSTED&NOT_VPN] ] with score 60
07-06 13:48:59.032  1694  2292 D Ethernet: got request NetworkRequest [ TRACK_DEFAULT id=6025, [ Capabilities: INTERNET&NOT_RESTRICTED&TRUSTED&NOT_VPN] ] with score 60
07-06 13:48:59.032  1694  2184 D WIFI    : got request NetworkRequest [ TRACK_DEFAULT id=6025, [ Capabilities: INTERNET&NOT_RESTRICTED&TRUSTED&NOT_VPN] ] with score 60
07-06 13:48:59.032  2477  2477 D PhoneSwitcherNetworkRequstListener: got request NetworkRequest [ TRACK_DEFAULT id=6025, [ Capabilities: INTERNET&NOT_RESTRICTED&TRUSTED&NOT_VPN] ] with score 60
07-06 13:48:59.039 27487 27741 I libglean_ffi: glean_core::upload: New upload task with id e251afb1-60ad-4396-aef8-c6d6e7d35d45 (path: /submit/org-mozilla-fennec-aurora/baseline/1/e251afb1-60ad-4396-aef8-c6d6e7d35d45)
07-06 13:48:59.040 27487 27741 D glean/ConceptFetchHttpUploader: Submitting ping to: https://incoming.telemetry.mozilla.org/submit/org-mozilla-fennec-aurora/baseline/1/e251afb1-60ad-4396-aef8-c6d6e7d35d45
07-06 13:48:59.228 27487 27515 I SyncableLoginsStorage: 'Warming up storage' took 451 ms
07-06 13:48:59.228 27487 27515 I FenixApplication: 'Storage initialization' took 478 ms
07-06 13:48:59.456 27487 27741 I libglean_ffi: glean_core::upload: Ping e251afb1-60ad-4396-aef8-c6d6e7d35d45 successfully sent 200.
07-06 13:48:59.456 27487 27741 I libglean_ffi: glean_core::upload::directory: File was deleted /data/user/0/org.mozilla.fennec_aurora/glean_data/pending_pings/e251afb1-60ad-4396-aef8-c6d6e7d35d45
07-06 13:48:59.458 27487 27741 I libglean_ffi: glean_core::upload: New upload task with id 81b81591-9ea5-4f2a-af44-6928f0ea115d (path: /submit/org-mozilla-fennec-aurora/events/1/81b81591-9ea5-4f2a-af44-6928f0ea115d)
07-06 13:48:59.459 27487 27741 D glean/ConceptFetchHttpUploader: Submitting ping to: https://incoming.telemetry.mozilla.org/submit/org-mozilla-fennec-aurora/events/1/81b81591-9ea5-4f2a-af44-6928f0ea115d
07-06 13:48:59.645 27487 27741 I libglean_ffi: glean_core::upload: Ping 81b81591-9ea5-4f2a-af44-6928f0ea115d successfully sent 200.
07-06 13:48:59.646 27487 27741 I libglean_ffi: glean_core::upload::directory: File was deleted /data/user/0/org.mozilla.fennec_aurora/glean_data/pending_pings/81b81591-9ea5-4f2a-af44-6928f0ea115d
07-06 13:48:59.648 27487 27741 I libglean_ffi: glean_core::upload: No more pings to upload! You are done.
07-06 13:48:59.651 27487 27595 I WM-WorkerWrapper: Worker result SUCCESS for Work [ id=e8798945-c1c0-45ed-a2df-21846cc1708e, tags={ mozilla.telemetry.glean.scheduler.PingUploadWorker, mozac_service_glean_ping_upload_worker } ]
07-06 13:48:59.653  1694  2214 D ConnectivityService: releasing NetworkRequest [ TRACK_DEFAULT id=6025, [ Capabilities: INTERNET&NOT_RESTRICTED&TRUSTED&NOT_VPN] ] (release request)
07-06 13:49:00.002 27487 27487 D SessionManager: onTrimMemory(80): clearThumbnails=true, closeEngineSessions=true
07-06 13:49:00.007 27487 27487 D SessionManager: Cleared 3 thumbnail(s) and unlinked 0 engine sessions(s)
07-06 13:49:03.348 22780 22819 I PeriodicStatsRunner: PeriodicStatsRunner.call():175 call()
07-06 13:49:03.348 22780 22819 I PeriodicStatsRunner: PeriodicStatsRunner.call():179 No submit PeriodicStats since input started.
07-06 13:49:03.393 27745 27746 E SchedPolicy: open of /dev/cpuctl/bg_non_interactive/tasks failed: No such file or directory
07-06 13:49:03.393  1694  2384 I ActivityManager: Force stopping org.mozilla.fennec_aurora appid=10393 user=0: from pid 27745
07-06 13:49:03.394  1694  2384 I ActivityManager: Killing 27487:org.mozilla.fennec_aurora/u0a393 (adj 700): stop org.mozilla.fennec_aurora
07-06 13:49:03.396  1694  1794 W zygote  : kill(-27487, 9) failed: No such process
07-06 13:49:03.397  1694  2384 W ActivityManager: Force removing ActivityRecord{3282c22 u0 org.mozilla.fennec_aurora/org.mozilla.fenix.HomeActivity t4215}: app died, no saved state
07-06 13:49:03.401 27569 27569 I ServiceChildProcess: Service has been unbound. Stopping.
07-06 13:49:03.403  1694  2384 I ActivityManager: Killing 27569:org.mozilla.fennec_aurora:tab0/u0a393 (adj 0): stop org.mozilla.fennec_aurora
07-06 13:49:03.407  8361  8361 I Finsky  : [2] qyn.onTrimMemory(1): Memory trim requested to level 15
07-06 13:49:03.409  1694  1794 W zygote  : kill(-27487, 9) failed: No such process
07-06 13:49:03.410 22780 22780 I AppBase : AppBase.onTrimMemory():618 onTrimMemory(): 15
07-06 13:49:03.411 22780 22780 I GoogleInputMethodService: GoogleInputMethodService.onTrimMemory():4331 onTrimMemory(): 15
07-06 13:49:03.417  2477  2477 D CarrierSvcBindHelper: No carrier app for: 0
07-06 13:49:03.418  1694  5949 W ActivityManager: Permission Denial: Accessing service ComponentInfo{com.google.android.music/com.google.android.music.dial.DialMediaRouteProviderService} from pid=15597, uid=10038 that is not exported from uid 10116
07-06 13:49:03.422  1694  1794 W zygote  : kill(-27487, 9) failed: No such process
07-06 13:49:03.457  1694  1811 W ActivityManager: setHasOverlayUi called on unknown pid: 27487
07-06 13:49:03.482  1694  1794 I chatty  : uid=1000(system) ActivityManager identical 4 lines
07-06 13:49:03.497  1694  1794 W zygote  : kill(-27487, 9) failed: No such process
07-06 13:49:03.497  1694  1794 I zygote  : Successfully killed process cgroup uid 10393 pid 27487 in 101ms
07-06 13:49:03.497  1694  1794 W zygote  : kill(-27569, 9) failed: No such process
07-06 13:49:03.497  1694  1794 I zygote  : Successfully killed process cgroup uid 10393 pid 27569 in 0ms
07-06 13:49:03.524  1694 11810 I OpenGLRenderer: Initialized EGL, version 1.4
07-06 13:49:03.524  1694 11810 D OpenGLRenderer: Swap behavior 2
07-06 13:49:04.495 27750 27751 E SchedPolicy: open of /dev/cpuctl/bg_non_interactive/tasks failed: No such file or directory
07-06 13:49:04.498   875   919 E ANDR-PERF-MPCTL: Invalid profile no. 0, total profiles 0 only
07-06 13:49:04.498  1694  1709 I ActivityManager: START u0 {act=android.intent.action.VIEW dat=https://example.com/... typ=text/html flg=0x10000000 cmp=org.mozilla.fennec_aurora/org.mozilla.fenix.IntentReceiverActivity} from uid 2000
07-06 13:49:04.514 27753 27753 E SchedPolicy: open of /dev/cpuctl/bg_non_interactive/tasks failed: No such file or directory
07-06 13:49:04.514  1694 12349 I ActivityManager: Start proc 27753:org.mozilla.fennec_aurora/u0a393 for activity org.mozilla.fennec_aurora/org.mozilla.fenix.IntentReceiverActivity
07-06 13:49:04.600 27753 27753 D FirebaseApp: com.google.firebase.auth.FirebaseAuth is not linked. Skipping initialization.
07-06 13:49:04.601 27753 27753 D FirebaseApp: com.google.firebase.crash.FirebaseCrash is not linked. Skipping initialization.
07-06 13:49:04.602 27753 27753 I FirebaseInitProvider: FirebaseApp initialization successful
07-06 13:49:04.621 27753 27769 I FA      : Collection disabled with firebase_analytics_collection_enabled=0
07-06 13:49:04.622 27753 27769 I FA      : App measurement is starting up, version: 12780
07-06 13:49:04.622 27753 27769 I FA      : To enable debug logging run: adb shell setprop log.tag.FA VERBOSE
07-06 13:49:04.622 27753 27769 I FA      : To enable faster debug mode event logging run:
07-06 13:49:04.622 27753 27769 I FA      :   adb shell setprop debug.firebase.analytics.app org.mozilla.fennec_aurora
07-06 13:49:04.645 27753 27753 D FennecProfile: profiles.ini: true
07-06 13:49:04.648 27753 27753 D FennecProfile: Ignoring line in [general] section: StartWithLastProfile=1
07-06 13:49:04.649 27753 27753 D FennecProfile: Found 1 profiles
07-06 13:49:04.649 27753 27753 D FennecProfile: Found default profile: FennecProfile(name=default, path=/data/user/0/org.mozilla.fennec_aurora/files/mozilla/1utodz4w.default, default=true)
07-06 13:49:04.665 27753 27753 D FennecMigrator: No migrations to run. Fennec install - false.
07-06 13:49:04.681 27753 27753 D FenixApplication: Initializing Glean (uploadEnabled=true, isFennec=true)
07-06 13:49:04.689 27753 27781 D RustNativeSupport: findMegazordLibraryName(viaduct, 61.0.6
07-06 13:49:04.689 27753 27781 D RustNativeSupport: lib in use: none
07-06 13:49:04.689 27753 27781 D RustNativeSupport: lib configured: megazord
07-06 13:49:04.689 27753 27781 D RustNativeSupport: lib version configured: 61.0.6
07-06 13:49:04.689 27753 27781 D RustNativeSupport: settled on megazord
07-06 13:49:04.705 27753 27780 D libglean_ffi: glean_ffi: Android logging should be hooked up!
07-06 13:49:04.708 27753 27780 I glean/Glean: Registering pings for mozilla.telemetry.glean.GleanMetrics.Pings
07-06 13:49:04.711 27753 27780 I libglean_ffi: glean_core: Creating new Glean v31.2.2
07-06 13:49:04.711 27753 27780 D libglean_ffi: glean_core::database: Database path: "/data/user/0/org.mozilla.fennec_aurora/glean_data/db"
07-06 13:49:04.712 27753 27753 D GeckoThread: State changed to LAUNCHED
07-06 13:49:04.713 27753 27780 I libglean_ffi: glean_core::database: Database initialized
07-06 13:49:04.713 27753 27784 I GeckoThread: preparing to run Gecko
07-06 13:49:04.713 27753 27785 I libglean_ffi: glean_core::upload::directory: Processing persisted pings.
07-06 13:49:04.715 27753 27781 D RustNativeSupport: findMegazordLibraryName(rustlog, 61.0.6
07-06 13:49:04.715 27753 27781 D RustNativeSupport: lib in use: none
07-06 13:49:04.715 27753 27781 D RustNativeSupport: lib configured: megazord
07-06 13:49:04.716 27753 27781 D RustNativeSupport: lib version configured: 61.0.6
07-06 13:49:04.716 27753 27781 D RustNativeSupport: settled on megazord
07-06 13:49:04.716 27753 27780 I libglean_ffi: glean_ffi: Glean initialized
07-06 13:49:04.718 27753 27753 D GeckoRuntime: Lifecycle: onCreate
07-06 13:49:04.719 27753 27784 D GeckoThread: State changed to MOZGLUE_READY
07-06 13:49:04.721 27753 27781 I rc_log_ffi::ios: rc_log adapter initialized!
07-06 13:49:04.729 27753 27784 W Settings: Setting animator_duration_scale has moved from android.provider.Settings.System to android.provider.Settings.Global, returning read-only global URI.
07-06 13:49:04.730 27753 27753 I zygote  : Deoptimizing java.lang.Object androidx.collection.SimpleArrayMap.put(java.lang.Object, java.lang.Object) due to JIT inline cache
07-06 13:49:04.731 27753 27784 E GeckoLibLoad: Load sqlite start
07-06 13:49:04.734 27753 27784 E GeckoLibLoad: Load sqlite done
07-06 13:49:04.734 27753 27784 E GeckoLibLoad: Load nss start
07-06 13:49:04.734 27753 27784 E GeckoLibLoad: Load nss done
07-06 13:49:04.736 27753 27780 D glean/MetricsPingSched: The 'metrics' ping was last sent on Mon Jul 06 00:00:00 EDT 2020
07-06 13:49:04.737 27753 27780 I glean/MetricsPingSched: The 'metrics' ping was already sent today, Mon Jul 06 13:49:04 EDT 2020.
07-06 13:49:04.737 27753 27780 D glean/MetricsPingSched: Scheduling the 'metrics' ping in 51055275ms
07-06 13:49:04.752 27753 27784 E GeckoLibLoad: Loaded libs in 16.859481ms total, 13ms(56ms) user, 3ms(3ms) system, 0(0) faults
07-06 13:49:04.752 27753 27780 D libglean_ffi: glean_core: Clearing Lifetime::Application metrics
07-06 13:49:04.752 27753 27784 D GeckoThread: State changed to LIBS_READY
07-06 13:49:04.755 27753 27784 W GeckoThread: zerdatime 1601790912 - runGecko
07-06 13:49:04.758 27753 27784 D GeckoProfile: Loading profile at: null name: default
07-06 13:49:04.759 27753 27784 D GeckoProfile: Found profile dir: /data/user/0/org.mozilla.fennec_aurora/files/mozilla/1utodz4w.default
07-06 13:49:04.760 27753 27753 D GleanMetricsService: Enabling Glean.
07-06 13:49:04.761 27753 27753 I glean/Dispatchers: Task queued for execution and delayed until flushed
07-06 13:49:04.764 27753 27753 I AdjustMetricsService: No adjust token defined
07-06 13:49:04.765 27753 27753 D PushConfig: Creating push configuration for autopush.
07-06 13:49:04.772 27753 27753 I App     : AutoPushFeature is configured, initializing it...
07-06 13:49:04.773 27753 27796 D AutoPushFeature: Initializing native component with the cached token.
07-06 13:49:04.774 27753 27753 I AutoPushFeature: Checking validity of push subscriptions.
07-06 13:49:04.776 27753 27753 D FennecProfile: profiles.ini: true
07-06 13:49:04.777 27753 27796 D RustNativeSupport: findMegazordLibraryName(push, 61.0.6
07-06 13:49:04.777 27753 27796 D RustNativeSupport: lib in use: none
07-06 13:49:04.777 27753 27796 D RustNativeSupport: lib configured: megazord
07-06 13:49:04.777 27753 27796 D RustNativeSupport: lib version configured: 61.0.6
07-06 13:49:04.777 27753 27796 D RustNativeSupport: settled on megazord
07-06 13:49:04.779 27753 27753 D FennecProfile: Ignoring line in [general] section: StartWithLastProfile=1
07-06 13:49:04.779 27753 27753 D FennecProfile: Found 1 profiles
07-06 13:49:04.779 27753 27753 D FennecProfile: Found default profile: FennecProfile(name=default, path=/data/user/0/org.mozilla.fennec_aurora/files/mozilla/1utodz4w.default, default=true)
07-06 13:49:04.788 27753 27780 I libglean_ffi: glean_core: Upload enabled: true
07-06 13:49:04.796 27753 27783 W [WARNING][Leanplum]: [com.leanplum.internal.ActionManager::getLocationManager::8]: Geofencing support requires leanplum-location module and Google Play Services v8.1 and higher.
07-06 13:49:04.796 27753 27783 W [WARNING][Leanplum]: Add this to your build.gradle file:
07-06 13:49:04.796 27753 27783 W [WARNING][Leanplum]: implementation 'com.google.android.gms:play-services-location:8.3.0+'
07-06 13:49:04.796 27753 27783 W [WARNING][Leanplum]: implementation 'com.leanplum:leanplum-location:+'
07-06 13:49:04.799 27753 27753 D FennecMigrator: This is not a Fennec installation. No migration needed.
07-06 13:49:04.801 27753 27753 D SessionManager: onTrimMemory(15): clearThumbnails=true, closeEngineSessions=true
07-06 13:49:04.801 27753 27753 D SessionManager: Cleared 0 thumbnail(s) and unlinked 0 engine sessions(s)
07-06 13:49:04.809 27753 27784 I Gecko:DumpUtils: Fifo watcher disabled via pref.
07-06 13:49:04.818 27753 27783 I [INFO][Leanplum]: [com.leanplum.monitoring.ExceptionHandler::setContext::6]: LeanplumExceptionHandler could not initialize Exception Reporting.This is expected if you have not included the leanplum-monitoring module
07-06 13:49:04.850 27753 27817 I [INFO][Leanplum]: [com.leanplum.LeanplumFcmProvider::isManifestSetup::11]: Firebase Messaging is setup correctly.
07-06 13:49:04.864 27753 27784 D GeckoSysInfo: System memory: 3619MB.
07-06 13:49:04.867 27753 27784 D GeckoThread: State changed to JNI_READY
07-06 13:49:04.874 27753 27758 I zygote  : Do partial code cache collection, code=24KB, data=30KB
07-06 13:49:04.876 27753 27758 I zygote  : After code cache collection, code=22KB, data=30KB
07-06 13:49:04.876 27753 27758 I zygote  : Increasing code cache capacity to 128KB
07-06 13:49:04.884 27837 27837 E SchedPolicy: open of /dev/cpuctl/bg_non_interactive/tasks failed: No such file or directory
07-06 13:49:04.885  1694  1709 I ActivityManager: Start proc 27837:org.mozilla.fennec_aurora:tab0/u0a393 for service org.mozilla.fennec_aurora/org.mozilla.gecko.process.GeckoChildProcessServices$tab0
07-06 13:49:04.886 27753 27826 D ServiceAllocator: org.mozilla.gecko.process.GeckoChildProcessServices$tab0 updateBindings: BACKGROUND priority, 0 importance, 2 successful binds, 0 failed binds, 0 successful unbinds
07-06 13:49:04.907  1694 12349 I ActivityManager: START u0 {act=android.intent.action.VIEW dat=https://example.com/... typ=text/html cmp=org.mozilla.fennec_aurora/org.mozilla.fenix.HomeActivity (has extras)} from uid 10393
07-06 13:49:04.960 27837 27837 D GeckoThread: State changed to LAUNCHED
07-06 13:49:04.961 27837 27857 I GeckoThread: preparing to run Gecko
07-06 13:49:04.996 27753 27758 I zygote  : Do partial code cache collection, code=53KB, data=47KB
07-06 13:49:04.997 27753 27758 I zygote  : After code cache collection, code=45KB, data=43KB
07-06 13:49:04.997 27753 27758 I zygote  : Increasing code cache capacity to 256KB
07-06 13:49:05.007 27753 27753 I [INFO][Leanplum]: [com.leanplum.LeanplumCloudMessagingProvider::onRegistrationIdReceived::3]: Device registered for push notifications with registration token, d3o6m_JEKbM:APA91bELnwAAma5OvLVB_igbgVltj2YDMa7rkHjRFeHAhtHY2D9TeCYXC8ZY_cSFqIMfuQzTI4P7Qj_B6MPWN5Y_Aq8xresBD5X6C-XkW4YD6gx7dSOxEh46bjPNJ8Y99Kz8-50Oh1ba
07-06 13:49:05.079 27753 27753 I NavController: Ignoring popBackStack to destination org.mozilla.fennec_aurora:id/browserFragment as it was not found on the current back stack
07-06 13:49:05.275 27753 27753 I FirefoxAccountStateMachine: Enabling/updating sync with a new SyncConfig: SyncConfig(supportedEngines=[mozilla.components.service.fxa.SyncEngine$History@854a763, mozilla.components.service.fxa.SyncEngine$Bookmarks@9d9f60, mozilla.components.service.fxa.SyncEngine$Passwords@dec4c19, mozilla.components.service.fxa.SyncEngine$Tabs@12234de], syncPeriodInMinutes=240)
07-06 13:49:05.277 27753 27753 I BgSyncManager: Periodic syncing enabled at a 240 interval
07-06 13:49:05.277 27753 27753 I FirefoxAccountStateMachine: Sync is enabled
07-06 13:49:05.280 27753 27784 D GeckoThread: State changed to PROFILE_READY
07-06 13:49:05.284 27753 27865 I FirefoxAccountStateMachine: Processing event Event$Init for state Start. Next state is Start
