06-22 23:31:43.478   788  6843 E msm8974_platform: platform_get_snd_device_backend_index: BE DAI Name Table is not present
06-22 23:31:43.478   788  6843 V msm8974_platform: platform_get_backend_index:napb: backend port - 5 device - 120 
06-22 23:31:43.478   788  6843 I audio_hw_utils: Set Audio Stream Capture 0 App Type Cfg: app_type 69936, acdb_dev_id 62, sample_rate 48000, snd_device_be_idx -14
06-22 23:31:43.478   788  6843 D audio_hw_primary: enable_audio_route: usecase(9) apply and update mixer path: audio-record
06-22 23:31:43.478   788  6843 D audio_route: Apply path: audio-record
06-22 23:31:43.683  5938  5938 I Finsky  : [2] qyi.onTrimMemory(1): Memory trim requested to level 80
06-22 23:31:43.689  1456  3925 D ConnectivityService: requestNetwork for uid/pid:11444/6646 NetworkRequest [ TRACK_DEFAULT id=73774, [ Capabilities: INTERNET&NOT_RESTRICTED&TRUSTED&NOT_VPN] ]
06-22 23:31:43.691  1456  2099 D Ethernet: got request NetworkRequest [ TRACK_DEFAULT id=73774, [ Capabilities: INTERNET&NOT_RESTRICTED&TRUSTED&NOT_VPN] ] with score 60
06-22 23:31:43.691  1456  2054 D WIFI_UT : got request NetworkRequest [ TRACK_DEFAULT id=73774, [ Capabilities: INTERNET&NOT_RESTRICTED&TRUSTED&NOT_VPN] ] with score 60
06-22 23:31:43.691  1456  2054 D WIFI    : got request NetworkRequest [ TRACK_DEFAULT id=73774, [ Capabilities: INTERNET&NOT_RESTRICTED&TRUSTED&NOT_VPN] ] with score 60
06-22 23:31:43.691  2398  2398 D PhoneSwitcherNetworkRequstListener: got request NetworkRequest [ TRACK_DEFAULT id=73774, [ Capabilities: INTERNET&NOT_RESTRICTED&TRUSTED&NOT_VPN] ] with score 60
06-22 23:31:43.734  5625  5654 I PeriodicStatsRunner: PeriodicStatsRunner.call():180 call()
06-22 23:31:43.734  5625  5654 I PeriodicStatsRunner: PeriodicStatsRunner.call():184 No submit PeriodicStats since input started.
06-22 23:31:43.798  6646  6847 I chatty  : uid=11444(org.mozilla.fennec_aurora) com.google.android.apps.tachyon expire 13 lines
06-22 23:31:43.862  2748  2917 W OpenGLRenderer: Incorrectly called buildLayer on View: ShortcutAndWidgetContainer, destroying layer...
06-22 23:31:43.896  1456  1466 I zygote  : NativeAlloc concurrent copying GC freed 40316(2MB) AllocSpace objects, 23(864KB) LOS objects, 34% free, 46MB/70MB, paused 300us total 417.785ms
06-22 23:31:43.980  6646  6701 I chatty  : uid=11444(org.mozilla.fennec_aurora) com.google.android.apps.tachyon expire 2 lines
06-22 23:31:44.073   808   898 I SFPerfTracer:      triggers: (rate: 0:10) (0 sw vsyncs) (0 skipped) (42:8796915 vsyncs) (44:17320033)
06-22 23:31:44.682  6646  6673 I chatty  : uid=11444(org.mozilla.fennec_aurora) com.google.android.apps.tachyon expire 1 line
06-22 23:31:44.685  1456  2067 D ConnectivityService: releasing NetworkRequest [ TRACK_DEFAULT id=73774, [ Capabilities: INTERNET&NOT_RESTRICTED&TRUSTED&NOT_VPN] ] (release request)
06-22 23:31:48.364  5625  5654 I PeriodicStatsRunner: PeriodicStatsRunner.call():180 call()
06-22 23:31:48.364  5625  5654 I PeriodicStatsRunner: PeriodicStatsRunner.call():184 No submit PeriodicStats since input started.
06-22 23:31:48.446  1456  3927 I ActivityManager: Force stopping org.mozilla.fennec_aurora appid=11444 user=0: from pid 6852
06-22 23:31:48.446  1456  3927 I ActivityManager: Killing 6646:org.mozilla.fennec_aurora/u0a1444 (adj 700): stop org.mozilla.fennec_aurora
06-22 23:31:48.448  1456  1605 W zygote  : kill(-6646, 9) failed: No such process
06-22 23:31:48.450  1456  3927 W ActivityManager: Force removing ActivityRecord{ba80119 u0 org.mozilla.fennec_aurora/org.mozilla.fenix.HomeActivity t88189}: app died, no saved state
06-22 23:31:48.459  1456  3927 I ActivityManager: Killing 6730:org.mozilla.fennec_aurora:tab0/u0a1444 (adj 0): stop org.mozilla.fennec_aurora
06-22 23:31:48.461  1456  1605 W zygote  : kill(-6646, 9) failed: No such process
06-22 23:31:48.472  2398  2398 D CarrierSvcBindHelper: No carrier app for: 0
06-22 23:31:48.472  2398  2398 D CarrierSvcBindHelper: No carrier app for: 1
06-22 23:31:48.475  1456  1605 W zygote  : kill(-6646, 9) failed: No such process
06-22 23:31:48.520  1456  1673 W ActivityManager: setHasOverlayUi called on unknown pid: 6646
06-22 23:31:48.534  1456  1605 W zygote  : kill(-6646, 9) failed: No such process
06-22 23:31:48.534  1456  1605 I zygote  : Successfully killed process cgroup uid 11444 pid 6646 in 86ms
06-22 23:31:48.535  1456  1605 W zygote  : kill(-6730, 9) failed: No such process
06-22 23:31:48.535  1456  1605 I zygote  : Successfully killed process cgroup uid 11444 pid 6730 in 0ms
06-22 23:31:49.587  1456  4829 I ActivityManager: START u0 {act=android.intent.action.MAIN cat=[android.intent.category.LAUNCHER] flg=0x10000000 cmp=org.mozilla.fennec_aurora/.App} from uid 2000
06-22 23:31:49.587   794   839 E ANDR-PERF-RESOURCEQS: Failed to apply optimization [4, 0]
06-22 23:31:49.608  1456  3925 I ActivityManager: Start proc 6859:org.mozilla.fennec_aurora/u0a1444 for activity org.mozilla.fennec_aurora/.App
06-22 23:31:49.698 31971 32072 I chatty  : uid=10073(com.google.android.googlequicksearchbox) EventBus0 expire 13 lines
06-22 23:31:49.728  6859  6859 I chatty  : uid=11444(org.mozilla.fennec_aurora) expire 58 lines
06-22 23:31:49.747   788  1401 D audio_hw_primary: disable_audio_route: usecase(9) reset and update mixer path: audio-record
06-22 23:31:49.748   788  1401 D audio_hw_primary: disable_snd_device: snd_device(120: voice-rec-mic)
06-22 23:31:49.750  1012  8317 D APM_AudioPolicyManager: stopInput() input 412118, session 412393
06-22 23:31:49.751   788  1401 D audio_hw_primary: in_set_parameters: enter: kvpairs=routing=0
06-22 23:31:49.776  6859  6877 I chatty  : uid=11444(org.mozilla.fennec_aurora) expire 4 lines
06-22 23:31:49.867  6859  6885 I chatty  : uid=11444(org.mozilla.fennec_aurora) expire 13 lines
06-22 23:31:49.889  6859  6884 I chatty  : uid=11444(org.mozilla.fennec_aurora) expire 23 lines
06-22 23:31:49.899  6859  6888 I chatty  : uid=11444(org.mozilla.fennec_aurora) expire 1 line
06-22 23:31:49.900  6859  6889 I chatty  : uid=11444(org.mozilla.fennec_aurora) expire 19 lines
06-22 23:31:49.983  6859  6900 I chatty  : uid=11444(org.mozilla.fennec_aurora) expire 6 lines
06-22 23:31:50.068  6859  6915 I chatty  : uid=11444(org.mozilla.fennec_aurora) expire 1 line
06-22 23:31:50.068  1456  3925 I ActivityManager: START u0 {act=android.intent.action.MAIN cat=[android.intent.category.LAUNCHER] flg=0x10000000 cmp=org.mozilla.fennec_aurora/org.mozilla.fenix.HomeActivity (has extras)} from uid 11444
06-22 23:31:50.091   808   808 D SurfaceFlinger: duplicate layer name: changing Splash Screen org.mozilla.fennec_aurora to Splash Screen org.mozilla.fennec_aurora#1
06-22 23:31:50.122  6859  6864 I chatty  : uid=11444(org.mozilla.fennec_aurora) expire 11 lines
06-22 23:31:50.150  1456  4829 I ActivityManager: Start proc 6936:org.mozilla.fennec_aurora:tab0/u0a1444 for service org.mozilla.fennec_aurora/org.mozilla.gecko.process.GeckoChildProcessServices$tab0
06-22 23:31:50.163  6859  6925 I chatty  : uid=11444(org.mozilla.fennec_aurora) expire 1 line
06-22 23:31:50.246  6936  6936 I chatty  : uid=11444(org.mozilla.fennec_aurora) expire 2 lines
06-22 23:31:50.247  6936  6957 I chatty  : uid=11444(org.mozilla.fennec_aurora) expire 1 line
06-22 23:31:50.517  6859  6965 I chatty  : uid=11444(org.mozilla.fennec_aurora) expire 10 lines
06-22 23:31:50.521  6859  6859 E ActivityThread: Failed to find provider info for org.mozilla.fennec_aurora.fxa.auth
06-22 23:31:50.592  6859  6913 I chatty  : uid=11444(org.mozilla.fennec_aurora) expire 1 line
06-22 23:31:50.605  6859  6975 I chatty  : uid=11444(org.mozilla.fennec_aurora) expire 9 lines
06-22 23:31:50.621  1456  2236 D ConnectivityService: requestNetwork for uid/pid:11444/6859 NetworkRequest [ TRACK_DEFAULT id=73775, [ Capabilities: INTERNET&NOT_RESTRICTED&TRUSTED&NOT_VPN] ]
06-22 23:31:50.622  1456  2099 D Ethernet: got request NetworkRequest [ TRACK_DEFAULT id=73775, [ Capabilities: INTERNET&NOT_RESTRICTED&TRUSTED&NOT_VPN] ] with score 60
06-22 23:31:50.622  2398  2398 D PhoneSwitcherNetworkRequstListener: got request NetworkRequest [ TRACK_DEFAULT id=73775, [ Capabilities: INTERNET&NOT_RESTRICTED&TRUSTED&NOT_VPN] ] with score 60
06-22 23:31:50.624  1456  2054 D WIFI_UT : got request NetworkRequest [ TRACK_DEFAULT id=73775, [ Capabilities: INTERNET&NOT_RESTRICTED&TRUSTED&NOT_VPN] ] with score 60
06-22 23:31:50.624  1456  2054 D WIFI    : got request NetworkRequest [ TRACK_DEFAULT id=73775, [ Capabilities: INTERNET&NOT_RESTRICTED&TRUSTED&NOT_VPN] ] with score 60
06-22 23:31:50.646  1456  2204 I WifiService: getDhcpInfo uid=11444
06-22 23:31:50.972  6859  6987 I chatty  : uid=11444(org.mozilla.fennec_aurora) expire 5 lines
06-22 23:31:51.012  1456  1673 I LaunchCheckinHandler: Displayed org.mozilla.fennec_aurora/org.mozilla.fenix.HomeActivity,wp,ca,861
06-22 23:31:51.012  1456  1673 I ActivityManager: Displayed org.mozilla.fennec_aurora/org.mozilla.fenix.HomeActivity: +854ms (total +1s409ms)
06-22 23:31:51.069  6859  6859 E ActivityThread: Failed to find provider info for org.mozilla.fennec_aurora.fxa.auth
06-22 23:31:51.095  1456  3925 I WifiService: getWifiEnabledState uid=10073
06-22 23:31:51.100  6859  6859 E ActivityThread: Failed to find provider info for org.mozilla.fennec_aurora.fxa.auth
06-22 23:31:51.178   808   808 I SFPerfTracer:      triggers: (rate: 107:2384506) (compose: 0:8) (post: 0:22) (render: 0:20) (6:13555618 frames) (7:17168991)
06-22 23:31:51.178   808   808 D SFPerfTracer:        layers: (4:13) (NavigationBar#0 (0xb07df000): 0:1292305) (StatusBar#0 (0xb07e3000): 0:3084181) (com.android.systemui.ImageWallpaper#0 (0xb07e7000): 0:119736)* (Sprite#0 (0xb0733000): 0:317)* (DimLayerController/Stack=0#0 (0xb075a000): 0:4039)* (Sprite#1 (0xb077c000): 0:195)* (Sprite#2 (0xb039b000): 0:2)* (org.mozilla.fennec_aurora/org.mozilla.fenix.HomeActivity#0 (0xb0763000): 0:51)- (com.android.launcher3/com.android.launcher3.CustomizationPanelLauncher#0 (0xb0771000): 0:41)- (com.android.launcher3/com.android.launcher3.CustomizationPanelLauncher#1 (0xafd20000): 0:11)- (Splash Screen org.mozilla.fennec_aurora#0 (0xb0763000): 0:19)- (Splash Screen org.mozilla.fennec_aurora#1 (0xafdf0000): 7:31) (org.mozilla.fennec_aurora/org.mozilla.fenix.HomeActivity#0 (0xb0763000): 7:12) 
06-22 23:31:51.579  6859  6964 I chatty  : uid=11444(org.mozilla.fennec_aurora) expire 2 lines
06-22 23:31:51.584  1456  2067 D ConnectivityService: releasing NetworkRequest [ TRACK_DEFAULT id=73775, [ Capabilities: INTERNET&NOT_RESTRICTED&TRUSTED&NOT_VPN] ] (release request)
06-22 23:31:51.606  6859  6859 E ActivityThread: Failed to find provider info for org.mozilla.fennec_aurora.fxa.auth
06-22 23:31:51.698  6859  7008 I chatty  : uid=11444(org.mozilla.fennec_aurora) expire 1 line
06-22 23:31:51.803  6859  6907 I chatty  : uid=11444(org.mozilla.fennec_aurora) expire 27 lines
06-22 23:31:51.885  6859  6878 I chatty  : uid=11444(org.mozilla.fennec_aurora) expire 1 line
06-22 23:31:52.265  6859  6859 I chatty  : uid=11444(org.mozilla.fennec_aurora) identical 4 lines
06-22 23:31:52.270  6859  6859 E ActivityThread: Failed to find provider info for org.mozilla.fennec_aurora.fxa.auth
06-22 23:31:54.192  5938  5938 I Finsky  : [2] wbh.a(20): SCH: onJobSchedulerWakeup with jobId 9009
06-22 23:31:54.196  5938  5938 I Finsky  : [2] vyk.a(19): Scheduling fallback job with id: 9034, and delay: 43200000 ms
06-22 23:31:54.200  5938  5938 I Finsky  : [2] vyk.a(9): Scheduling fallback in 64799997 (absolute: 25476020270)
06-22 23:31:54.242  5938  5938 I Finsky  : [2] vyt.handleMessage(7): SCH: DeviceState: DeviceState{currentTime=1592883114238, isCharging=true, isIdle=false, netAny=true, netNotRoaming=true, netUnmetered=true, batteryPercent=100.0}
06-22 23:31:54.255  5938  7035 I Finsky  : [632535] wbh.a(7): SCH: Jobs in database: 1-1337 3-3338 3-3339 24-77777777 26-1414141414 29-29 
06-22 23:31:54.283  5938  5938 I Finsky  : [2] vyu.a(16): SCH: Running job: 29-29
06-22 23:31:54.287  5938  5938 I Finsky  : [2] vyt.handleMessage(58): SCH: RunningQueue size: 1, PendingQueue size: 0
06-22 23:31:54.287  5938  5938 I Finsky  : [2] vyt.handleMessage(62): SCH: Running queue: 29-29 
06-22 23:31:54.290  5938  7036 I Finsky  : [632536] aclh.a(1): ProcessRecoveryLogsUtil: No files in recovery directory
06-22 23:31:54.290  5938  7036 I Finsky  : [632536] wae.a(14): SCH: jobFinished: 29-29. TimeElapsed: 8ms.
06-22 23:31:54.292  5938  5938 I Finsky  : [2] vyu.a(35): SCH: Job 29-29 finished. Not rescheduling.
06-22 23:31:54.294  5938  5938 I Finsky  : [2] vyt.handleMessage(58): SCH: RunningQueue size: 0, PendingQueue size: 0
06-22 23:31:54.296  5938  5938 I Finsky  : [2] vyt.handleMessage(24): Executor finished
06-22 23:31:54.311  5938  5938 I Finsky  : [2] qyi.onTrimMemory(1): Memory trim requested to level 80
06-22 23:31:54.312  5938  5938 I Finsky  : [2] wbh.a(7): SCH: Jobs in database: 1-1337 3-3338 3-3339 24-77777777 26-1414141414 
06-22 23:31:54.334  5938  5938 I Finsky  : [2] vxc.a(58): SCH: ConstraintMapping: 24-77777777,  -> L: 0ms, D: 7156894ms, C: false, I: true, N: 0
06-22 23:31:54.335  5938  5938 I Finsky  : [2] vxc.a(58): SCH: ConstraintMapping: 1-1337,  -> L: 10744028ms, D: 53944028ms, C: false, I: false, N: 1
06-22 23:31:54.336  5938  5938 I Finsky  : [2] vxc.a(58): SCH: ConstraintMapping: 3-3338,  -> L: 0ms, D: 86359720ms, C: false, I: true, N: 2
06-22 23:31:54.336  5938  5938 I Finsky  : [2] vxc.a(58): SCH: ConstraintMapping: 3-3339,  -> L: 0ms, D: 86359736ms, C: true, I: true, N: 2
06-22 23:31:54.337  5938  5938 I Finsky  : [2] vxc.a(58): SCH: ConstraintMapping: 26-1414141414,  -> L: 37992323ms, D: 38892323ms, C: false, I: false, N: 0
06-22 23:31:54.346  5938  5938 I Finsky  : [2] vzr.a(36): Cancelling existing jobscheduler jobs: 9006 9003 9001 9002 
06-22 23:31:54.346  5938  5938 I Finsky  : [2] vzr.a(12): Throttling wakeup for job 9000 (expected to run in 0 ms) due to recent wakeup
06-22 23:31:54.347  5938  5938 I Finsky  : [2] vzr.a(29): Scheduling job Id: 9000, L: 30000, D: 7156894, C: false, I: true, N: 0
06-22 23:31:54.349  5938  5938 I Finsky  : [2] vzr.a(29): Scheduling job Id: 9004, L: 10744028, D: 53944028, C: false, I: false, N: 1
06-22 23:31:54.351  5938  5938 I Finsky  : [2] vzr.a(12): Throttling wakeup for job 9005 (expected to run in 0 ms) due to recent wakeup
06-22 23:31:54.351  5938  5938 I Finsky  : [2] vzr.a(29): Scheduling job Id: 9005, L: 30000, D: 86359720, C: false, I: true, N: 2
06-22 23:31:54.353  5938  5938 I Finsky  : [2] vzr.a(12): Throttling wakeup for job 9007 (expected to run in 0 ms) due to recent wakeup
06-22 23:31:54.353  5938  5938 I Finsky  : [2] vzr.a(29): Scheduling job Id: 9007, L: 30000, D: 86359736, C: true, I: true, N: 2
06-22 23:31:54.355  5938  5938 I Finsky  : [2] vzr.a(29): Scheduling job Id: 9008, L: 37992323, D: 38892323, C: false, I: false, N: 0
06-22 23:31:55.256  7037  7037 D AndroidRuntime: >>>>>> START com.android.internal.os.RuntimeInit uid 2000 <<<<<<
06-22 23:31:55.269  7037  7037 W app_process: Could not reserve sentinel fault page
06-22 23:31:55.436  7037  7037 I app_process: The ClassLoaderContext is a special shared library.
06-22 23:31:55.509  7037  7037 D AndroidRuntime: Calling main entry com.android.commands.input.Input
06-22 23:31:55.514  7037  7037 I Input   : injectKeyEvent: KeyEvent { action=ACTION_DOWN, keyCode=KEYCODE_HOME, scanCode=0, metaState=0, flags=0x0, repeatCount=0, eventTime=24955792119, downTime=24955792119, deviceId=-1, source=0x101 }
06-22 23:31:55.520  7037  7037 I Input   : injectKeyEvent: KeyEvent { action=ACTION_UP, keyCode=KEYCODE_HOME, scanCode=0, metaState=0, flags=0x0, repeatCount=0, eventTime=24955792119, downTime=24955792119, deviceId=-1, source=0x101 }
06-22 23:31:55.526  1456  1941 I ActivityManager: START u0 {act=android.intent.action.MAIN cat=[android.intent.category.HOME] flg=0x10200000 cmp=com.android.launcher3/.CustomizationPanelLauncher (has extras)} from uid 1000
06-22 23:31:55.527   794   839 E ANDR-PERF-RESOURCEQS: Failed to apply optimization [4, 0]
06-22 23:31:55.534  7037  7037 D AndroidRuntime: Shutting down VM
06-22 23:31:55.542  1456  2204 I ActivityManager: moveHomeStack, setupComplete:true
06-22 23:31:55.567 31971 32150 I chatty  : uid=10073(com.google.android.googlequicksearchbox) RenderThread expire 12 lines
06-22 23:31:55.580  2748  2748 D Launcher.Utilities: Wakeup weather: Intent { act=com.motorola.launcher3.action.WAKEUP_WEATHER cmp=com.motorola.timeweatherwidget/com.motorola.commandcenter.weather.WakeUpService }
06-22 23:31:55.590   808   808 D SurfaceFlinger: duplicate layer name: changing com.android.launcher3/com.android.launcher3.CustomizationPanelLauncher to com.android.launcher3/com.android.launcher3.CustomizationPanelLauncher#1
06-22 23:31:55.594  1456  1456 I NotificationService: Cannot find enqueued record for key: 0|com.motorola.timeweatherwidget|1|null|10116
06-22 23:31:55.622  1456  3925 I WifiService: getWifiEnabledState uid=10073
06-22 23:31:55.633  1456  2236 I WifiService: getWifiEnabledState uid=10073
06-22 23:31:55.680  1456  1673 I LaunchCheckinHandler: Displayed com.android.launcher3/.CustomizationPanelLauncher,wp,wa,153
06-22 23:31:55.702   788  1401 V msm8974_platform: platform_check_input_mask: enter check_input_mask source 6 mask 10
06-22 23:31:55.709  1012  7051 I AudioFlinger: AudioFlinger's thread 0xb2483d00 tid=7051 ready to run
06-22 23:31:55.713  1456  7796 I OpenGLRenderer: Initialized EGL, version 1.4
06-22 23:31:55.713  1456  7796 D OpenGLRenderer: Swap behavior 2
06-22 23:31:55.718   788  1401 D audio_hw_primary: in_set_parameters: enter: kvpairs=input_source=6;routing=-2147483644
06-22 23:31:55.720  1012  8317 D APM_AudioPolicyManager: AudioPolicyManager::startInput() input 412126, session 412401, source = 1999
06-22 23:31:55.724   788  7052 V msm8974_platform: platform_update_usecase_from_source: input source :6
06-22 23:31:55.724   788  7052 V msm8974_platform: platform_check_input_mask: enter check_input_mask source 6 mask 10
06-22 23:31:55.724   788  7052 V msm8974_platform: platform_get_input_snd_device: enter: out_device(0) in_device(0x4) channel_count (1) channel_mask (0x10)
06-22 23:31:55.724   788  7052 V msm8974_platform: platform_get_input_snd_device: exit: in_snd_device(voice-rec-mic)
06-22 23:31:55.724   788  7052 V msm8974_platform: platform_get_backend_index:napb: backend port - 5 device - 120 
06-22 23:31:55.724   788  7052 V msm8974_platform: platform_check_and_set_capture_backend_cfg:txbecf: afe: bitwidth 0, samplerate 0, channel 1, backend_idx 5 usecase = 9 device (voice-rec-mic)
06-22 23:31:55.724   788  7052 V msm8974_platform: platform_check_capture_backend_cfg:txbecf: afe: Codec selected backend: 5 current bit width: 0 and sample rate: 0, channels 1
06-22 23:31:55.724   788  7052 V msm8974_platform: platform_check_capture_backend_cfg:txbecf: afe: Codec selected backend: 5 updated bit width: 0 and sample rate: 0
06-22 23:31:55.724   788  7052 I msm8974_platform: platform_check_capture_backend_cfg:txbecf: afe: Codec backend needs to be updated. new bit width: 0 new sample rate: 0 new channel: 1
06-22 23:31:55.724   788  7052 V msm8974_platform: platform_get_backend_index:napb: backend port - 5 device - 120 
06-22 23:31:55.724   788  7052 V msm8974_platform: platform_set_backend_cfg:becf: afe: bitwidth 0, samplerate 0 channels 1, backend_idx 5 device (voice-rec-mic)
06-22 23:31:55.725   788  7052 E msm8974_platform: platform_set_backend_cfg:becf: afe: Could not get ctl for mixer command - SLIM_0_TX Format
06-22 23:31:55.725   788  7052 V msm8974_platform: platform_send_audio_calibration: sending audio calibration for snd_device(120) acdb_id(62)
06-22 23:31:55.725   788  7052 D ACDB-LOADER: ACDB -> send_audio_cal, acdb_id = 62, path = 1, app id = 0x11130, sample rate = 48000
06-22 23:31:55.725   788  7052 D ACDB-LOADER: ACDB -> send_asm_topology
06-22 23:31:55.725   788  7052 D ACDB-LOADER: ACDB -> ACDB_CMD_GET_AUDPROC_STREAM_TOPOLOGY_ID
06-22 23:31:55.725   788  7052 D ACDB-LOADER: ACDB -> send_adm_topology
06-22 23:31:55.725   788  7052 D ACDB-LOADER: ACDB -> ACDB_CMD_GET_AUDPROC_COMMON_TOPOLOGY_ID
06-22 23:31:55.725   788  7052 D ACDB-LOADER: ACDB -> send_audtable
06-22 23:31:55.725   788  7052 D ACDB-LOADER: ACDB -> ACDB_CMD_GET_AUDPROC_COMMON_TABLE_SIZE
06-22 23:31:55.725   788  7052 D ACDB-LOADER: ACDB -> ACDB_CMD_GET_AUDPROC_COMMON_TABLE
06-22 23:31:55.725   788  7052 D ACDB-LOADER: ACDB -> AUDIO_SET_AUDPROC_CAL
06-22 23:31:55.725   788  7052 D ACDB-LOADER: ACDB -> send_audvoltable
06-22 23:31:55.725   788  7052 D ACDB-LOADER: ACDB -> ACDB_CMD_GET_AUDPROC_VOL_STEP_TABLE_SIZE
06-22 23:31:55.725   788  7052 D ACDB-LOADER: ACDB -> ACDB_CMD_GET_AUDPROC_GAIN_DEP_STEP_TABLE, vol index 0
06-22 23:31:55.725   788  7052 D         : Failed to fetch the lookup information of the device 0000003E 
06-22 23:31:55.725   788  7052 D ACDB-LOADER: ACDB -> AUDIO_SET_VOL_CAL cal type = 12
06-22 23:31:55.726   788  7052 D ACDB-LOADER: ACDB -> ACDB_CMD_GET_AUDPROC_STREAM_TABLE_SIZE
06-22 23:31:55.726   788  7052 D ACDB-LOADER: ACDB -> send_audstrmtable
06-22 23:31:55.726   788  7052 D ACDB-LOADER: ACDB -> ACDB_CMD_GET_AUDPROC_STREAM_TABLE_V2
06-22 23:31:55.726   788  7052 D ACDB-LOADER: ACDB -> audstrm_cal->cal_type.cal_data.cal_size = 456
06-22 23:31:55.726   788  7052 D ACDB-LOADER: ACDB -> send_afe_topology
06-22 23:31:55.726   788  7052 D ACDB-LOADER: ACDB -> ACDB_CMD_GET_AFE_TOPOLOGY_ID
06-22 23:31:55.726   788  7052 D ACDB-LOADER: ACDB -> GET_AFE_TOPOLOGY_ID for adcd_id 62, Topology Id 112fb
06-22 23:31:55.726   788  7052 D ACDB-LOADER: ACDB -> send_afe_cal
06-22 23:31:55.726   788  7052 D ACDB-LOADER: ACDB -> ACDB_CMD_GET_AFE_COMMON_TABLE_SIZE
06-22 23:31:55.726   788  7052 D         : Failed to fetch the lookup information of the device 0000003E 
06-22 23:31:55.726   788  7052 E ACDB-LOADER: Error: ACDB_CMD_GET_AFE_COMMON_TABLE_SIZE Returned = -19
06-22 23:31:55.726   788  7052 D ACDB-LOADER: ACDB -> ACDB_CMD_GET_AFE_COMMON_TABLE
06-22 23:31:55.726   788  7052 D         : Failed to fetch the lookup information of the device 0000003E 
06-22 23:31:55.726   788  7052 D ACDB-LOADER: ACDB -> AUDIO_SET_AFE_CAL
06-22 23:31:55.726   788  7052 D ACDB-LOADER: ACDB -> send_hw_delay : acdb_id = 62 path = 1
06-22 23:31:55.726   788  7052 D ACDB-LOADER: ACDB -> ACDB_AVSYNC_INFO: ACDB_CMD_GET_DEVICE_PROPERTY
06-22 23:31:55.726   788  7052 D audio_hw_primary: enable_snd_device: snd_device(120: voice-rec-mic)
06-22 23:31:55.726   788  7052 D audio_route: Apply path: voice-rec-mic
06-22 23:31:55.729   788  7052 V msm8974_platform: platform_get_snd_device_backend_index: enter with device 120
06-22 23:31:55.729   788  7052 E msm8974_platform: platform_get_snd_device_backend_index: BE DAI Name Table is not present
06-22 23:31:55.729   788  7052 V msm8974_platform: platform_get_backend_index:napb: backend port - 5 device - 120 
06-22 23:31:55.729   788  7052 I audio_hw_utils: Set Audio Stream Capture 0 App Type Cfg: app_type 69936, acdb_dev_id 62, sample_rate 48000, snd_device_be_idx -14
06-22 23:31:55.730   788  7052 D audio_hw_primary: enable_audio_route: usecase(9) apply and update mixer path: audio-record
06-22 23:31:55.730   788  7052 D audio_route: Apply path: audio-record
06-22 23:31:55.947  1456  4829 D ConnectivityService: requestNetwork for uid/pid:11444/6859 NetworkRequest [ TRACK_DEFAULT id=73776, [ Capabilities: INTERNET&NOT_RESTRICTED&TRUSTED&NOT_VPN] ]
06-22 23:31:55.948  1456  2099 D Ethernet: got request NetworkRequest [ TRACK_DEFAULT id=73776, [ Capabilities: INTERNET&NOT_RESTRICTED&TRUSTED&NOT_VPN] ] with score 60
06-22 23:31:55.948  1456  2054 D WIFI_UT : got request NetworkRequest [ TRACK_DEFAULT id=73776, [ Capabilities: INTERNET&NOT_RESTRICTED&TRUSTED&NOT_VPN] ] with score 60
06-22 23:31:55.948  1456  2054 D WIFI    : got request NetworkRequest [ TRACK_DEFAULT id=73776, [ Capabilities: INTERNET&NOT_RESTRICTED&TRUSTED&NOT_VPN] ] with score 60
06-22 23:31:55.948  2398  2398 D PhoneSwitcherNetworkRequstListener: got request NetworkRequest [ TRACK_DEFAULT id=73776, [ Capabilities: INTERNET&NOT_RESTRICTED&TRUSTED&NOT_VPN] ] with score 60
06-22 23:31:56.022  5625  5654 I PeriodicStatsRunner: PeriodicStatsRunner.call():180 call()
06-22 23:31:56.022  5625  5654 I PeriodicStatsRunner: PeriodicStatsRunner.call():184 No submit PeriodicStats since input started.
06-22 23:31:56.045  6859  7056 I chatty  : uid=11444(org.mozilla.fennec_aurora) expire 5 lines
06-22 23:31:56.126  2748  2917 W OpenGLRenderer: Incorrectly called buildLayer on View: ShortcutAndWidgetContainer, destroying layer...
06-22 23:31:56.239  6859  6962 I chatty  : uid=11444(org.mozilla.fennec_aurora) expire 1 line
06-22 23:31:56.240  6859  6920 I chatty  : uid=11444(org.mozilla.fennec_aurora) expire 2 lines
06-22 23:31:56.245  1456  2067 D ConnectivityService: releasing NetworkRequest [ TRACK_DEFAULT id=73776, [ Capabilities: INTERNET&NOT_RESTRICTED&TRUSTED&NOT_VPN] ] (release request)
06-22 23:31:56.300  1456  4829 D ConnectivityService: requestNetwork for uid/pid:11444/6859 NetworkRequest [ TRACK_DEFAULT id=73777, [ Capabilities: INTERNET&NOT_RESTRICTED&TRUSTED&NOT_VPN] ]
06-22 23:31:56.301  1456  2054 D WIFI_UT : got request NetworkRequest [ TRACK_DEFAULT id=73777, [ Capabilities: INTERNET&NOT_RESTRICTED&TRUSTED&NOT_VPN] ] with score 60
06-22 23:31:56.302  1456  2054 D WIFI    : got request NetworkRequest [ TRACK_DEFAULT id=73777, [ Capabilities: INTERNET&NOT_RESTRICTED&TRUSTED&NOT_VPN] ] with score 60
06-22 23:31:56.302  2398  2398 D PhoneSwitcherNetworkRequstListener: got request NetworkRequest [ TRACK_DEFAULT id=73777, [ Capabilities: INTERNET&NOT_RESTRICTED&TRUSTED&NOT_VPN] ] with score 60
06-22 23:31:56.303  1456  2099 D Ethernet: got request NetworkRequest [ TRACK_DEFAULT id=73777, [ Capabilities: INTERNET&NOT_RESTRICTED&TRUSTED&NOT_VPN] ] with score 60
06-22 23:31:56.315  6859  7058 I chatty  : uid=11444(org.mozilla.fennec_aurora) expire 9 lines
06-22 23:31:56.321   808   898 I SFPerfTracer:      triggers: (rate: 0:10) (0 sw vsyncs) (0 skipped) (41:8797015 vsyncs) (43:17320161)
06-22 23:31:56.837  1456  2067 D ConnectivityService: releasing NetworkRequest [ TRACK_DEFAULT id=73777, [ Capabilities: INTERNET&NOT_RESTRICTED&TRUSTED&NOT_VPN] ] (release request)
06-22 23:32:00.624  5625  5654 I PeriodicStatsRunner: PeriodicStatsRunner.call():180 call()
06-22 23:32:00.625  5625  5654 I PeriodicStatsRunner: PeriodicStatsRunner.call():184 No submit PeriodicStats since input started.
06-22 23:32:00.699  1456  4829 I ActivityManager: Force stopping org.mozilla.fennec_aurora appid=11444 user=0: from pid 7062
06-22 23:32:00.699  1456  4829 I ActivityManager: Killing 6859:org.mozilla.fennec_aurora/u0a1444 (adj 700): stop org.mozilla.fennec_aurora
06-22 23:32:00.702  1456  1605 W zygote  : kill(-6859, 9) failed: No such process
06-22 23:32:00.703  1456  4829 W ActivityManager: Force removing ActivityRecord{cb36298 u0 org.mozilla.fennec_aurora/org.mozilla.fenix.HomeActivity t88191}: app died, no saved state
06-22 23:32:00.712  1456  4829 I ActivityManager: Killing 6936:org.mozilla.fennec_aurora:tab0/u0a1444 (adj 0): stop org.mozilla.fennec_aurora
06-22 23:32:00.714  1456  1605 W zygote  : kill(-6859, 9) failed: No such process
06-22 23:32:00.725  2398  2398 D CarrierSvcBindHelper: No carrier app for: 0
06-22 23:32:00.726  2398  2398 D CarrierSvcBindHelper: No carrier app for: 1
06-22 23:32:00.731  1456  1605 W zygote  : kill(-6859, 9) failed: No such process
06-22 23:32:00.775  1456  1673 W ActivityManager: setHasOverlayUi called on unknown pid: 6859
06-22 23:32:00.787  1456  1605 W zygote  : kill(-6859, 9) failed: No such process
06-22 23:32:00.787  1456  1605 I zygote  : Successfully killed process cgroup uid 11444 pid 6859 in 85ms
06-22 23:32:00.787  1456  1605 W zygote  : kill(-6936, 9) failed: No such process
06-22 23:32:00.788  1456  1605 I zygote  : Successfully killed process cgroup uid 11444 pid 6936 in 0ms
06-22 23:32:01.295  1456  1466 I zygote  : NativeAlloc concurrent copying GC freed 38549(2MB) AllocSpace objects, 23(844KB) LOS objects, 34% free, 46MB/70MB, paused 293us total 434.183ms
06-22 23:32:01.846  1456  4829 I ActivityManager: START u0 {act=android.intent.action.MAIN cat=[android.intent.category.LAUNCHER] flg=0x10000000 cmp=org.mozilla.fennec_aurora/.App} from uid 2000
06-22 23:32:01.847   794   839 E ANDR-PERF-RESOURCEQS: Failed to apply optimization [4, 0]
06-22 23:32:01.866  1456  3925 I ActivityManager: Start proc 7069:org.mozilla.fennec_aurora/u0a1444 for activity org.mozilla.fennec_aurora/.App
06-22 23:32:01.959 31971 32072 I chatty  : uid=10073(com.google.android.googlequicksearchbox) EventBus0 expire 13 lines
06-22 23:32:01.959 31971  5409 I chatty  : uid=10073 com.google.android.googlequicksearchbox:search expire 74 lines
06-22 23:32:01.992  7069  7069 I chatty  : uid=11444(org.mozilla.fennec_aurora) expire 56 lines
06-22 23:32:02.019   788  1401 D audio_hw_primary: disable_audio_route: usecase(9) reset and update mixer path: audio-record
06-22 23:32:02.020   788  1401 D audio_hw_primary: disable_snd_device: snd_device(120: voice-rec-mic)
06-22 23:32:02.022  1012 11031 D APM_AudioPolicyManager: stopInput() input 412126, session 412401
06-22 23:32:02.023   788   788 D audio_hw_primary: in_set_parameters: enter: kvpairs=routing=0
06-22 23:32:02.041  7069  7087 I chatty  : uid=11444(org.mozilla.fennec_aurora) expire 4 lines
06-22 23:32:02.125  7069  7097 I chatty  : uid=11444(org.mozilla.fennec_aurora) expire 13 lines
06-22 23:32:02.144  7069  7096 I chatty  : uid=11444(org.mozilla.fennec_aurora) expire 23 lines
06-22 23:32:02.155  7069  7100 I chatty  : uid=11444(org.mozilla.fennec_aurora) expire 19 lines
06-22 23:32:02.156  7069  7101 I chatty  : uid=11444(org.mozilla.fennec_aurora) expire 1 line
06-22 23:32:02.236  7069  7112 I chatty  : uid=11444(org.mozilla.fennec_aurora) expire 6 lines
06-22 23:32:02.288  7069  7121 I chatty  : uid=11444(org.mozilla.fennec_aurora) expire 1 line
06-22 23:32:02.325  1456  3925 I ActivityManager: START u0 {act=android.intent.action.MAIN cat=[android.intent.category.LAUNCHER] flg=0x10000000 cmp=org.mozilla.fennec_aurora/org.mozilla.fenix.HomeActivity (has extras)} from uid 11444
06-22 23:32:02.341   808   808 D SurfaceFlinger: duplicate layer name: changing Splash Screen org.mozilla.fennec_aurora to Splash Screen org.mozilla.fennec_aurora#1
06-22 23:32:02.374  7069  7074 I chatty  : uid=11444(org.mozilla.fennec_aurora) expire 11 lines
06-22 23:32:02.410  1456  3925 I ActivityManager: Start proc 7152:org.mozilla.fennec_aurora:tab0/u0a1444 for service org.mozilla.fennec_aurora/org.mozilla.gecko.process.GeckoChildProcessServices$tab0
06-22 23:32:02.426  7069  7140 I chatty  : uid=11444(org.mozilla.fennec_aurora) expire 1 line
06-22 23:32:02.473   808   808 I SFPerfTracer:      triggers: (rate: 107:2384510) (compose: 0:8) (post: 0:22) (render: 0:20) (2:13555688 frames) (3:17169091)
06-22 23:32:02.473   808   808 D SFPerfTracer:        layers: (2:13) (NavigationBar#0 (0xb07df000): 0:1292326) (StatusBar#0 (0xb07e3000): 0:3084206) (com.android.systemui.ImageWallpaper#0 (0xb07e7000): 0:119738)* (Sprite#0 (0xb0733000): 0:317)* (DimLayerController/Stack=0#0 (0xb075a000): 0:4039)* (Sprite#1 (0xb077c000): 0:195)* (Sprite#2 (0xb039b000): 0:2)* (Splash Screen org.mozilla.fennec_aurora#1 (0xafdf0000): 0:32)- (org.mozilla.fennec_aurora/org.mozilla.fenix.HomeActivity#0 (0xb0763000): 0:51)- (com.android.launcher3/com.android.launcher3.CustomizationPanelLauncher#0 (0xb0771000): 0:41)* (com.android.launcher3/com.android.launcher3.CustomizationPanelLauncher#1 (0xafd20000): 0:15)* (Splash Screen org.mozilla.fennec_aurora#0 (0xb0763000): 0:19)- (Splash Screen org.mozilla.fennec_aurora#1 (0xafdf0000): 2:4)* 
06-22 23:32:02.513  7152  7152 I chatty  : uid=11444(org.mozilla.fennec_aurora) expire 2 lines
06-22 23:32:02.513  7152  7174 I chatty  : uid=11444(org.mozilla.fennec_aurora) expire 1 line
06-22 23:32:02.765  7069  7180 I chatty  : uid=11444(org.mozilla.fennec_aurora) expire 10 lines
06-22 23:32:02.769  7069  7069 E ActivityThread: Failed to find provider info for org.mozilla.fennec_aurora.fxa.auth
06-22 23:32:02.845  7069  7118 I chatty  : uid=11444(org.mozilla.fennec_aurora) expire 1 line
06-22 23:32:02.853  7069  7189 I chatty  : uid=11444(org.mozilla.fennec_aurora) expire 9 lines
06-22 23:32:02.864  1456  4829 D ConnectivityService: requestNetwork for uid/pid:11444/7069 NetworkRequest [ TRACK_DEFAULT id=73778, [ Capabilities: INTERNET&NOT_RESTRICTED&TRUSTED&NOT_VPN] ]
06-22 23:32:02.866  1456  2099 D Ethernet: got request NetworkRequest [ TRACK_DEFAULT id=73778, [ Capabilities: INTERNET&NOT_RESTRICTED&TRUSTED&NOT_VPN] ] with score 60
06-22 23:32:02.866  1456  2054 D WIFI_UT : got request NetworkRequest [ TRACK_DEFAULT id=73778, [ Capabilities: INTERNET&NOT_RESTRICTED&TRUSTED&NOT_VPN] ] with score 60
06-22 23:32:02.866  1456  2054 D WIFI    : got request NetworkRequest [ TRACK_DEFAULT id=73778, [ Capabilities: INTERNET&NOT_RESTRICTED&TRUSTED&NOT_VPN] ] with score 60
06-22 23:32:02.867  2398  2398 D PhoneSwitcherNetworkRequstListener: got request NetworkRequest [ TRACK_DEFAULT id=73778, [ Capabilities: INTERNET&NOT_RESTRICTED&TRUSTED&NOT_VPN] ] with score 60
06-22 23:32:02.878  1456 10736 I WifiService: getDhcpInfo uid=11444
06-22 23:32:03.204  7069  7202 I chatty  : uid=11444(org.mozilla.fennec_aurora) expire 5 lines
06-22 23:32:03.237  1456  1673 I LaunchCheckinHandler: Displayed org.mozilla.fennec_aurora/org.mozilla.fenix.HomeActivity,wp,ca,826
06-22 23:32:03.238  1456  1673 I ActivityManager: Displayed org.mozilla.fennec_aurora/org.mozilla.fenix.HomeActivity: +820ms (total +1s376ms)
06-22 23:32:03.262 31971 31971 I chatty  : uid=10073 com.google.android.googlequicksearchbox:search expire 10 lines
06-22 23:32:03.271 31971  5285 I chatty  : uid=10073(com.google.android.googlequicksearchbox) UserFacingBlock expire 10 lines
06-22 23:32:03.279  1456  3925 I WifiService: getWifiEnabledState uid=10073
06-22 23:32:03.301  7069  7069 E ActivityThread: Failed to find provider info for org.mozilla.fennec_aurora.fxa.auth
06-22 23:32:03.324  7069  7069 E ActivityThread: Failed to find provider info for org.mozilla.fennec_aurora.fxa.auth
06-22 23:32:03.809  7069  7093 I chatty  : uid=11444(org.mozilla.fennec_aurora) expire 1 line
06-22 23:32:03.814  1456  2067 D ConnectivityService: releasing NetworkRequest [ TRACK_DEFAULT id=73778, [ Capabilities: INTERNET&NOT_RESTRICTED&TRUSTED&NOT_VPN] ] (release request)
06-22 23:32:03.839  7069  7069 E ActivityThread: Failed to find provider info for org.mozilla.fennec_aurora.fxa.auth
06-22 23:32:03.936  7069  7223 I chatty  : uid=11444(org.mozilla.fennec_aurora) expire 1 line
06-22 23:32:04.039  7069  7099 I chatty  : uid=11444(org.mozilla.fennec_aurora) expire 27 lines
06-22 23:32:04.120  7069  7092 I chatty  : uid=11444(org.mozilla.fennec_aurora) expire 2 lines
06-22 23:32:04.511  7069  7069 I chatty  : uid=11444(org.mozilla.fennec_aurora) identical 4 lines
06-22 23:32:04.517  7069  7069 E ActivityThread: Failed to find provider info for org.mozilla.fennec_aurora.fxa.auth
06-22 23:32:07.505  7251  7251 D AndroidRuntime: >>>>>> START com.android.internal.os.RuntimeInit uid 2000 <<<<<<
06-22 23:32:07.518  7251  7251 W app_process: Could not reserve sentinel fault page
06-22 23:32:07.683  7251  7251 I app_process: The ClassLoaderContext is a special shared library.
06-22 23:32:07.749  7251  7251 D AndroidRuntime: Calling main entry com.android.commands.input.Input
06-22 23:32:07.751  7251  7251 I Input   : injectKeyEvent: KeyEvent { action=ACTION_DOWN, keyCode=KEYCODE_HOME, scanCode=0, metaState=0, flags=0x0, repeatCount=0, eventTime=24955804360, downTime=24955804360, deviceId=-1, source=0x101 }
06-22 23:32:07.761  7251  7251 I Input   : injectKeyEvent: KeyEvent { action=ACTION_UP, keyCode=KEYCODE_HOME, scanCode=0, metaState=0, flags=0x0, repeatCount=0, eventTime=24955804360, downTime=24955804360, deviceId=-1, source=0x101 }
06-22 23:32:07.767  1456  1941 I ActivityManager: START u0 {act=android.intent.action.MAIN cat=[android.intent.category.HOME] flg=0x10200000 cmp=com.android.launcher3/.CustomizationPanelLauncher (has extras)} from uid 1000
06-22 23:32:07.767   794   839 E ANDR-PERF-RESOURCEQS: Failed to apply optimization [4, 0]
06-22 23:32:07.774  7251  7251 D AndroidRuntime: Shutting down VM
06-22 23:32:07.783  1456  3925 I ActivityManager: moveHomeStack, setupComplete:true
06-22 23:32:07.808  2748  2748 D Launcher.Utilities: Wakeup weather: Intent { act=com.motorola.launcher3.action.WAKEUP_WEATHER cmp=com.motorola.timeweatherwidget/com.motorola.commandcenter.weather.WakeUpService }
06-22 23:32:07.816   808   808 D SurfaceFlinger: duplicate layer name: changing com.android.launcher3/com.android.launcher3.CustomizationPanelLauncher to com.android.launcher3/com.android.launcher3.CustomizationPanelLauncher#1
06-22 23:32:07.820  1456  1456 I NotificationService: Cannot find enqueued record for key: 0|com.motorola.timeweatherwidget|1|null|10116
06-22 23:32:07.861  1456  5027 I WifiService: getWifiEnabledState uid=10073
06-22 23:32:07.873  1456  5027 I WifiService: getWifiEnabledState uid=10073
06-22 23:32:07.911  1456  1673 I LaunchCheckinHandler: Displayed com.android.launcher3/.CustomizationPanelLauncher,wp,wa,144
06-22 23:32:07.944   788   788 V msm8974_platform: platform_check_input_mask: enter check_input_mask source 6 mask 10
06-22 23:32:07.946  1456  7796 I OpenGLRenderer: Initialized EGL, version 1.4
06-22 23:32:07.947  1456  7796 D OpenGLRenderer: Swap behavior 2
06-22 23:32:07.947  1012  7265 I AudioFlinger: AudioFlinger's thread 0xb2483e00 tid=7265 ready to run
06-22 23:32:07.962 31971  5404 I chatty  : uid=10073 com.google.android.googlequicksearchbox:search expire 47 lines
06-22 23:32:07.962   788   788 D audio_hw_primary: in_set_parameters: enter: kvpairs=input_source=6;routing=-2147483644
06-22 23:32:07.963  1012 11031 D APM_AudioPolicyManager: AudioPolicyManager::startInput() input 412134, session 412409, source = 1999
06-22 23:32:07.965   788  7266 V msm8974_platform: platform_update_usecase_from_source: input source :6
06-22 23:32:07.966   788  7266 V msm8974_platform: platform_check_input_mask: enter check_input_mask source 6 mask 10
06-22 23:32:07.966   788  7266 V msm8974_platform: platform_get_input_snd_device: enter: out_device(0) in_device(0x4) channel_count (1) channel_mask (0x10)
06-22 23:32:07.966   788  7266 V msm8974_platform: platform_get_input_snd_device: exit: in_snd_device(voice-rec-mic)
06-22 23:32:07.966   788  7266 V msm8974_platform: platform_get_backend_index:napb: backend port - 5 device - 120 
06-22 23:32:07.966   788  7266 V msm8974_platform: platform_check_and_set_capture_backend_cfg:txbecf: afe: bitwidth 0, samplerate 0, channel 1, backend_idx 5 usecase = 9 device (voice-rec-mic)
06-22 23:32:07.966   788  7266 V msm8974_platform: platform_check_capture_backend_cfg:txbecf: afe: Codec selected backend: 5 current bit width: 0 and sample rate: 0, channels 1
06-22 23:32:07.966   788  7266 V msm8974_platform: platform_check_capture_backend_cfg:txbecf: afe: Codec selected backend: 5 updated bit width: 0 and sample rate: 0
06-22 23:32:07.966   788  7266 I msm8974_platform: platform_check_capture_backend_cfg:txbecf: afe: Codec backend needs to be updated. new bit width: 0 new sample rate: 0 new channel: 1
06-22 23:32:07.966   788  7266 V msm8974_platform: platform_get_backend_index:napb: backend port - 5 device - 120 
06-22 23:32:07.966   788  7266 V msm8974_platform: platform_set_backend_cfg:becf: afe: bitwidth 0, samplerate 0 channels 1, backend_idx 5 device (voice-rec-mic)
06-22 23:32:07.967   788  7266 E msm8974_platform: platform_set_backend_cfg:becf: afe: Could not get ctl for mixer command - SLIM_0_TX Format
06-22 23:32:07.967   788  7266 V msm8974_platform: platform_send_audio_calibration: sending audio calibration for snd_device(120) acdb_id(62)
06-22 23:32:07.967   788  7266 D ACDB-LOADER: ACDB -> send_audio_cal, acdb_id = 62, path = 1, app id = 0x11130, sample rate = 48000
06-22 23:32:07.967   788  7266 D ACDB-LOADER: ACDB -> send_asm_topology
06-22 23:32:07.967   788  7266 D ACDB-LOADER: ACDB -> ACDB_CMD_GET_AUDPROC_STREAM_TOPOLOGY_ID
06-22 23:32:07.967   788  7266 D ACDB-LOADER: ACDB -> send_adm_topology
06-22 23:32:07.967   788  7266 D ACDB-LOADER: ACDB -> ACDB_CMD_GET_AUDPROC_COMMON_TOPOLOGY_ID
06-22 23:32:07.967   788  7266 D ACDB-LOADER: ACDB -> send_audtable
06-22 23:32:07.967   788  7266 D ACDB-LOADER: ACDB -> ACDB_CMD_GET_AUDPROC_COMMON_TABLE_SIZE
06-22 23:32:07.967   788  7266 D ACDB-LOADER: ACDB -> ACDB_CMD_GET_AUDPROC_COMMON_TABLE
06-22 23:32:07.967   788  7266 D ACDB-LOADER: ACDB -> AUDIO_SET_AUDPROC_CAL
06-22 23:32:07.967   788  7266 D ACDB-LOADER: ACDB -> send_audvoltable
06-22 23:32:07.967   788  7266 D ACDB-LOADER: ACDB -> ACDB_CMD_GET_AUDPROC_VOL_STEP_TABLE_SIZE
06-22 23:32:07.968   788  7266 D ACDB-LOADER: ACDB -> ACDB_CMD_GET_AUDPROC_GAIN_DEP_STEP_TABLE, vol index 0
06-22 23:32:07.968   788  7266 D         : Failed to fetch the lookup information of the device 0000003E 
06-22 23:32:07.968   788  7266 D ACDB-LOADER: ACDB -> AUDIO_SET_VOL_CAL cal type = 12
06-22 23:32:07.968   788  7266 D ACDB-LOADER: ACDB -> ACDB_CMD_GET_AUDPROC_STREAM_TABLE_SIZE
06-22 23:32:07.968   788  7266 D ACDB-LOADER: ACDB -> send_audstrmtable
06-22 23:32:07.968   788  7266 D ACDB-LOADER: ACDB -> ACDB_CMD_GET_AUDPROC_STREAM_TABLE_V2
06-22 23:32:07.968   788  7266 D ACDB-LOADER: ACDB -> audstrm_cal->cal_type.cal_data.cal_size = 456
06-22 23:32:07.968   788  7266 D ACDB-LOADER: ACDB -> send_afe_topology
06-22 23:32:07.968   788  7266 D ACDB-LOADER: ACDB -> ACDB_CMD_GET_AFE_TOPOLOGY_ID
06-22 23:32:07.968   788  7266 D ACDB-LOADER: ACDB -> GET_AFE_TOPOLOGY_ID for adcd_id 62, Topology Id 112fb
06-22 23:32:07.968   788  7266 D ACDB-LOADER: ACDB -> send_afe_cal
06-22 23:32:07.968   788  7266 D ACDB-LOADER: ACDB -> ACDB_CMD_GET_AFE_COMMON_TABLE_SIZE
06-22 23:32:07.968   788  7266 D         : Failed to fetch the lookup information of the device 0000003E 
06-22 23:32:07.968   788  7266 E ACDB-LOADER: Error: ACDB_CMD_GET_AFE_COMMON_TABLE_SIZE Returned = -19
06-22 23:32:07.968   788  7266 D ACDB-LOADER: ACDB -> ACDB_CMD_GET_AFE_COMMON_TABLE
06-22 23:32:07.968   788  7266 D         : Failed to fetch the lookup information of the device 0000003E 
06-22 23:32:07.968   788  7266 D ACDB-LOADER: ACDB -> AUDIO_SET_AFE_CAL
06-22 23:32:07.968   788  7266 D ACDB-LOADER: ACDB -> send_hw_delay : acdb_id = 62 path = 1
06-22 23:32:07.968   788  7266 D ACDB-LOADER: ACDB -> ACDB_AVSYNC_INFO: ACDB_CMD_GET_DEVICE_PROPERTY
06-22 23:32:07.968   788  7266 D audio_hw_primary: enable_snd_device: snd_device(120: voice-rec-mic)
06-22 23:32:07.968   788  7266 D audio_route: Apply path: voice-rec-mic
06-22 23:32:07.972   788  7266 V msm8974_platform: platform_get_snd_device_backend_index: enter with device 120
06-22 23:32:07.972   788  7266 E msm8974_platform: platform_get_snd_device_backend_index: BE DAI Name Table is not present
06-22 23:32:07.972   788  7266 V msm8974_platform: platform_get_backend_index:napb: backend port - 5 device - 120 
06-22 23:32:07.972   788  7266 I audio_hw_utils: Set Audio Stream Capture 0 App Type Cfg: app_type 69936, acdb_dev_id 62, sample_rate 48000, snd_device_be_idx -14
06-22 23:32:07.973   788  7266 D audio_hw_primary: enable_audio_route: usecase(9) apply and update mixer path: audio-record
06-22 23:32:07.973   788  7266 D audio_route: Apply path: audio-record
06-22 23:32:08.217  1456  4829 D ConnectivityService: requestNetwork for uid/pid:11444/7069 NetworkRequest [ TRACK_DEFAULT id=73779, [ Capabilities: INTERNET&NOT_RESTRICTED&TRUSTED&NOT_VPN] ]
06-22 23:32:08.218  1456  2099 D Ethernet: got request NetworkRequest [ TRACK_DEFAULT id=73779, [ Capabilities: INTERNET&NOT_RESTRICTED&TRUSTED&NOT_VPN] ] with score 60
06-22 23:32:08.218  1456  2054 D WIFI_UT : got request NetworkRequest [ TRACK_DEFAULT id=73779, [ Capabilities: INTERNET&NOT_RESTRICTED&TRUSTED&NOT_VPN] ] with score 60
06-22 23:32:08.218  1456  2054 D WIFI    : got request NetworkRequest [ TRACK_DEFAULT id=73779, [ Capabilities: INTERNET&NOT_RESTRICTED&TRUSTED&NOT_VPN] ] with score 60
06-22 23:32:08.219  2398  2398 D PhoneSwitcherNetworkRequstListener: got request NetworkRequest [ TRACK_DEFAULT id=73779, [ Capabilities: INTERNET&NOT_RESTRICTED&TRUSTED&NOT_VPN] ] with score 60
06-22 23:32:08.247  5625  5654 I PeriodicStatsRunner: PeriodicStatsRunner.call():180 call()
06-22 23:32:08.247  5625  5654 I PeriodicStatsRunner: PeriodicStatsRunner.call():184 No submit PeriodicStats since input started.
06-22 23:32:08.304  7069  7271 I chatty  : uid=11444(org.mozilla.fennec_aurora) expire 5 lines
06-22 23:32:08.356  2748  2917 W OpenGLRenderer: Incorrectly called buildLayer on View: ShortcutAndWidgetContainer, destroying layer...
06-22 23:32:08.462  1456  2067 D ConnectivityService: releasing NetworkRequest [ TRACK_DEFAULT id=73779, [ Capabilities: INTERNET&NOT_RESTRICTED&TRUSTED&NOT_VPN] ] (release request)
06-22 23:32:08.476  7069  7137 I chatty  : uid=11444(org.mozilla.fennec_aurora) expire 2 lines
06-22 23:32:08.530  1456  4829 D ConnectivityService: requestNetwork for uid/pid:11444/7069 NetworkRequest [ TRACK_DEFAULT id=73780, [ Capabilities: INTERNET&NOT_RESTRICTED&TRUSTED&NOT_VPN] ]
06-22 23:32:08.531  1456  2054 D WIFI_UT : got request NetworkRequest [ TRACK_DEFAULT id=73780, [ Capabilities: INTERNET&NOT_RESTRICTED&TRUSTED&NOT_VPN] ] with score 60
06-22 23:32:08.532  1456  2054 D WIFI    : got request NetworkRequest [ TRACK_DEFAULT id=73780, [ Capabilities: INTERNET&NOT_RESTRICTED&TRUSTED&NOT_VPN] ] with score 60
06-22 23:32:08.532  2398  2398 D PhoneSwitcherNetworkRequstListener: got request NetworkRequest [ TRACK_DEFAULT id=73780, [ Capabilities: INTERNET&NOT_RESTRICTED&TRUSTED&NOT_VPN] ] with score 60
06-22 23:32:08.532  1456  2099 D Ethernet: got request NetworkRequest [ TRACK_DEFAULT id=73780, [ Capabilities: INTERNET&NOT_RESTRICTED&TRUSTED&NOT_VPN] ] with score 60
06-22 23:32:08.544  7069  7273 I chatty  : uid=11444(org.mozilla.fennec_aurora) expire 9 lines
06-22 23:32:08.551   808   898 I SFPerfTracer:      triggers: (rate: 0:10) (0 sw vsyncs) (0 skipped) (40:8797113 vsyncs) (42:17320293)
06-22 23:32:09.110  7069  7090 I chatty  : uid=11444(org.mozilla.fennec_aurora) expire 1 line
06-22 23:32:09.112  1456  2067 D ConnectivityService: releasing NetworkRequest [ TRACK_DEFAULT id=73780, [ Capabilities: INTERNET&NOT_RESTRICTED&TRUSTED&NOT_VPN] ] (release request)
06-22 23:32:12.637  5938  5958 I Finsky  : [632463] kqp.run(3): Stats for Executor: BlockingExecutor kso@5bfd4fe[Running, pool size = 2, active threads = 0, queued tasks = 0, completed tasks = 12]
06-22 23:32:12.638  5938  5958 I Finsky  : [632463] kqp.run(3): Stats for Executor: LightweightExecutor kso@7445f[Running, pool size = 4, active threads = 0, queued tasks = 0, completed tasks = 72]
06-22 23:32:12.861  5625  5654 I PeriodicStatsRunner: PeriodicStatsRunner.call():180 call()
06-22 23:32:12.861  5625  5654 I PeriodicStatsRunner: PeriodicStatsRunner.call():184 No submit PeriodicStats since input started.
06-22 23:32:12.937  1456  4829 I ActivityManager: Force stopping org.mozilla.fennec_aurora appid=11444 user=0: from pid 7280
06-22 23:32:12.937  1456  4829 I ActivityManager: Killing 7069:org.mozilla.fennec_aurora/u0a1444 (adj 700): stop org.mozilla.fennec_aurora
06-22 23:32:12.940  1456  1605 W zygote  : kill(-7069, 9) failed: No such process
06-22 23:32:12.942  1456  4829 W ActivityManager: Force removing ActivityRecord{5bda92c u0 org.mozilla.fennec_aurora/org.mozilla.fenix.HomeActivity t88193}: app died, no saved state
06-22 23:32:12.951  1456  4829 I ActivityManager: Killing 7152:org.mozilla.fennec_aurora:tab0/u0a1444 (adj 0): stop org.mozilla.fennec_aurora
06-22 23:32:12.956  1456  1605 W zygote  : kill(-7069, 9) failed: No such process
06-22 23:32:12.964  2398  2398 D CarrierSvcBindHelper: No carrier app for: 0
06-22 23:32:12.965  2398  2398 D CarrierSvcBindHelper: No carrier app for: 1
06-22 23:32:12.970  1456  1605 W zygote  : kill(-7069, 9) failed: No such process
06-22 23:32:13.016  1456  1605 I chatty  : uid=1000(system) ActivityManager identical 16 lines
06-22 23:32:13.020  1456  1673 W ActivityManager: setHasOverlayUi called on unknown pid: 7069
06-22 23:32:13.031  1456  1605 W zygote  : kill(-7069, 9) failed: No such process
06-22 23:32:13.031  1456  1605 I zygote  : Successfully killed process cgroup uid 11444 pid 7069 in 91ms
06-22 23:32:13.032  1456  1605 W zygote  : kill(-7152, 9) failed: No such process
06-22 23:32:13.032  1456  1605 I zygote  : Successfully killed process cgroup uid 11444 pid 7152 in 0ms
06-22 23:32:13.056  5938  5958 I Finsky  : [632463] kqp.run(3): Stats for Executor: bgExecutor kso@a673eac[Running, pool size = 4, active threads = 0, queued tasks = 0, completed tasks = 58]
06-22 23:32:13.220  1456  1893 D BatteryService: uevent={POWER_SUPPLY_VOLTAGE_NOW=4344914, POWER_SUPPLY_CHARGE_RATE=Normal, POWER_SUPPLY_HEALTH=Good, POWER_SUPPLY_CURRENT_NOW=152, POWER_SUPPLY_PRESENT=1, SUBSYSTEM=power_supply, POWER_SUPPLY_TEMP=290, SEQNUM=604074, ACTION=change, POWER_SUPPLY_NAME=battery, POWER_SUPPLY_STATUS=Full, POWER_SUPPLY_CHARGE_COUNTER=2806044, POWER_SUPPLY_CAPACITY=100, DEVPATH=/devices/soc/qpnp-smbcharger-17/power_supply/battery}
06-22 23:32:13.228  2398  2398 D QtiCarrierConfigHelper: WARNING, no carrier configs on phone Id: 0
06-22 23:32:14.084  1456  4829 I ActivityManager: START u0 {act=android.intent.action.MAIN cat=[android.intent.category.LAUNCHER] flg=0x10000000 cmp=org.mozilla.fennec_aurora/.App} from uid 2000
06-22 23:32:14.084   794   839 E ANDR-PERF-RESOURCEQS: Failed to apply optimization [4, 0]
06-22 23:32:14.105  1456  5027 I ActivityManager: Start proc 7287:org.mozilla.fennec_aurora/u0a1444 for activity org.mozilla.fennec_aurora/.App
