01-29 22:07:35.227 21866 21871 I zygote  : Do partial code cache collection, code=55KB, data=39KB
01-29 22:07:35.229 21866 21871 I zygote  : After code cache collection, code=53KB, data=39KB
01-29 22:07:35.229 21866 21871 I zygote  : Increasing code cache capacity to 256KB
01-29 22:07:35.343 21866 21900 I Gecko:DumpUtils: Fifo watcher disabled via pref.
01-29 22:07:35.352 21866 21866 D GeckoRuntime: Lifecycle: onStart
01-29 22:07:35.394 21866 21916 W FirefoxAccountStateMachine: Got invalid event Event$Init for state NotAuthenticated.
01-29 22:07:35.395 21866 21900 D GeckoSysInfo: System memory: 1867MB.
01-29 22:07:35.395 21866 21866 D GeckoRuntime: Lifecycle: onResume
01-29 22:07:35.397 21866 21905 D NetworkSecurityConfig: No Network Security Config specified, using platform default
01-29 22:07:35.397 21866 21866 D GeckoNetworkManager: Incoming event start for state OffNoListeners -> OnNoListeners
01-29 22:07:35.399 21866 21866 D GeckoNetworkManager: New network state: UP, WIFI, WIFI
01-29 22:07:35.400 21866 21900 D GeckoThread: State changed to JNI_READY
01-29 22:07:35.422  1456  3925 I ActivityManager: Start proc 21956:org.mozilla.fenix.nightly:tab/u0a805 for service org.mozilla.fenix.nightly/org.mozilla.gecko.process.GeckoServiceChildProcess$tab
01-29 22:07:35.434 21866 21967 D OpenGLRenderer: HWUI GL Pipeline
01-29 22:07:35.447 21866 21866 I glean/Glean: Registering pings for org.mozilla.fenix.GleanMetrics.Pings
01-29 22:07:35.468 21866 21866 D App     : ActivationPing - already generated
01-29 22:07:35.504 21866 21866 D GeckoNetworkManager: Incoming event receivedUpdate for state OnNoListeners -> OnNoListeners
01-29 22:07:35.505 21866 21866 D GeckoNetworkManager: New network state: UP, WIFI, WIFI
01-29 22:07:35.507  1456 10962 I WifiService: getDhcpInfo uid=10805
01-29 22:07:35.513 21866 21866 I zygote  : Deoptimizing void androidx.constraintlayout.widget.ConstraintSet.applyToInternal(androidx.constraintlayout.widget.ConstraintLayout, boolean) due to JIT inline cache
01-29 22:07:35.543  1456 10962 I ActivityManager: Start proc 21978:org.mozilla.fenix.nightly:socket/u0a805 for service org.mozilla.fenix.nightly/org.mozilla.gecko.process.GeckoServiceChildProcess$socket
01-29 22:07:35.559 21956 21956 D GeckoThread: State changed to LAUNCHED
01-29 22:07:35.560 21956 21991 I GeckoThread: preparing to run Gecko
01-29 22:07:35.634 21866 21967 I Adreno  : QUALCOMM build                   : bb5b86c, I77d3059488
01-29 22:07:35.634 21866 21967 I Adreno  : Build Date                       : 06/07/18
01-29 22:07:35.634 21866 21967 I Adreno  : OpenGL ES Shader Compiler Version: EV031.22.00.01_06
01-29 22:07:35.634 21866 21967 I Adreno  : Local Branch                     : 
01-29 22:07:35.634 21866 21967 I Adreno  : Remote Branch                    : refs/tags/AU_LINUX_ANDROID_LA.UM.6.5.R1.08.01.00.312.086
01-29 22:07:35.634 21866 21967 I Adreno  : Remote Branch                    : NONE
01-29 22:07:35.634 21866 21967 I Adreno  : Reconstruct Branch               : NOTHING
01-29 22:07:35.635 21866 21967 D vndksupport: Loading /vendor/lib/hw/gralloc.msm8937.so from current namespace instead of sphal namespace.
01-29 22:07:35.641 21866 21967 I Adreno  : PFP: 0x005ff087, ME: 0x005ff063
01-29 22:07:35.651 21866 21967 I zygote  : android::hardware::configstore::V1_0::ISurfaceFlingerConfigs::hasWideColorDisplay retrieved: 0
01-29 22:07:35.652 21866 21967 I OpenGLRenderer: Initialized EGL, version 1.4
01-29 22:07:35.652 21866 21967 D OpenGLRenderer: Swap behavior 2
01-29 22:07:35.657 21866 21871 I zygote  : Do full code cache collection, code=124KB, data=96KB
01-29 22:07:35.659 21866 21871 I zygote  : After code cache collection, code=95KB, data=47KB
01-29 22:07:35.671 21978 21978 D GeckoThread: State changed to LAUNCHED
01-29 22:07:35.672 21978 21995 I GeckoThread: preparing to run Gecko
01-29 22:07:35.677  1456 10962 I ActivityManager: Displayed org.mozilla.fenix.nightly/org.mozilla.fenix.HomeActivity: +1s125ms
01-29 22:07:35.677  1456 10962 I ActivityManager: Fully drawn org.mozilla.fenix.nightly/org.mozilla.fenix.HomeActivity: +1s125ms
01-29 22:07:35.701 21978 21995 D GeckoThread: State changed to MOZGLUE_READY
01-29 22:07:35.712 21866 21967 D vndksupport: Loading /vendor/lib/hw/android.hardware.graphics.mapper@2.0-impl.so from current namespace instead of sphal namespace.
01-29 22:07:35.712 21978 21995 W Settings: Setting animator_duration_scale has moved from android.provider.Settings.System to android.provider.Settings.Global, returning read-only global URI.
01-29 22:07:35.717 21978 21995 E GeckoLibLoad: Load sqlite start
01-29 22:07:35.719 21866 21967 D vndksupport: Loading /vendor/lib/hw/gralloc.msm8937.so from current namespace instead of sphal namespace.
01-29 22:07:35.736 21978 21995 W GeckoLinker: /data/app/org.mozilla.fenix.nightly-ZEDdPeKu9BxMNJCF-jMipw==/lib/arm/libnss3.so: unhandled flags #8 not handled
01-29 22:07:35.740 21978 21995 W GeckoLinker: /data/app/org.mozilla.fenix.nightly-ZEDdPeKu9BxMNJCF-jMipw==/lib/arm/libnss3.so: Relocation to NULL @0x001c7ffc for symbol "__cxa_type_match"
01-29 22:07:35.741 21978 21995 E GeckoLibLoad: Load sqlite done
01-29 22:07:35.741 21978 21995 E GeckoLibLoad: Load nss start
01-29 22:07:35.741 21978 21995 E GeckoLibLoad: Load nss done
01-29 22:07:35.741 21978 21995 W GeckoLinker: /data/app/org.mozilla.fenix.nightly-ZEDdPeKu9BxMNJCF-jMipw==/lib/arm/libxul.so: unhandled flags #8 not handled
01-29 22:07:35.742 21978 21995 W GeckoLinker: /data/app/org.mozilla.fenix.nightly-ZEDdPeKu9BxMNJCF-jMipw==/lib/arm/liblgpllibs.so: unhandled flags #8 not handled
01-29 22:07:35.747  1456  1673 I LaunchCheckinHandler: Displayed org.mozilla.fenix.nightly/org.mozilla.fenix.HomeActivity,cp,ca,1196
01-29 22:07:35.775 21978 21995 E GeckoLibLoad: Loaded libs in 33.750524ms total, 20ms(20ms) user, 13ms(13ms) system, 0(0) faults
01-29 22:07:35.775 21978 21995 D GeckoThread: State changed to LIBS_READY
01-29 22:07:35.775 21978 21995 W GeckoThread: zerdatime 12881744450 - runGecko
01-29 22:07:35.801  7351  7351 I MemoryTrimmer: Trimming objects from memory, since app is in the background.
01-29 22:07:35.801 20546 20546 I Finsky  : [2] pow.onTrimMemory(1): Memory trim requested to level 80
01-29 22:07:35.802  7351 18130 I PBSessionCacheImpl: Deleted sessionId[32331620237726459] from persistence.
01-29 22:07:35.806  7351  7351 I MemoryTrimmer: Trimming objects from memory, since app is in the background.
01-29 22:07:35.808  1456  7570 I WifiService: getWifiEnabledState uid=10073
01-29 22:07:35.818  7351  7398 W SearchServiceCore: Abort, client detached.
01-29 22:07:35.967 21978 21995 D GeckoThread: State changed to RUNNING
01-29 22:07:36.119 21866 21900 I Gecko   : 1580353656116	addons.xpi	WARN	List of valid built-in add-ons could not be parsed.: [Exception... "Component returned failure code: 0x80520012 (NS_ERROR_FILE_NOT_FOUND) [nsIXPCComponents_Utils.readUTF8URI]"  nsresult: "0x80520012 (NS_ERROR_FILE_NOT_FOUND)"  location: "JS frame :: resource://gre/modules/addons/XPIProvider.jsm :: startup :: line 2365"  data: no] Stack trace: startup()@resource://gre/modules/addons/XPIProvider.jsm:2365
01-29 22:07:36.119 21866 21900 I Gecko   : callProvider()@resource://gre/modules/AddonManager.jsm:215
01-29 22:07:36.119 21866 21900 I Gecko   : _startProvider()@resource://gre/modules/AddonManager.jsm:587
01-29 22:07:36.119 21866 21900 I Gecko   : startup()@resource://gre/modules/AddonManager.jsm:811
01-29 22:07:36.119 21866 21900 I Gecko   : startup()@resource://gre/modules/AddonManager.jsm:3481
01-29 22:07:36.119 21866 21900 I Gecko   : observe()@resource://gre/modules/addonManager.js:87
01-29 22:07:36.276 21866 21900 D GeckoThread: State changed to PROFILE_READY
01-29 22:07:36.356 21866 21900 D GeckoThread: State changed to RUNNING
01-29 22:07:36.372 21866 21900 W GeckoEventDispatcher: No listener for AndroidCastDevice:SyncDevice
01-29 22:07:36.378 21866 21900 I Gecko   : -*- nsDNSServiceDiscovery.js : nsDNSServiceDiscovery
01-29 22:07:36.478 21866 21900 W ResourceType: Too many attribute references, stopped at: 0x01010099
01-29 22:07:36.523 21866 21900 I Gecko   : Attempting load of libEGL.so
01-29 22:07:36.710 21866 21866 D GeckoNetworkManager: Incoming event enableNotifications for state OnNoListeners -> OnWithListeners
01-29 22:07:36.711 21866 21866 D GeckoNetworkManager: New network state: UP, WIFI, WIFI
01-29 22:07:36.712 21866 21866 D GeckoNetworkManager: Incoming event receivedUpdate for state OnWithListeners -> OnWithListeners
01-29 22:07:36.713 21866 21866 D GeckoNetworkManager: New network state: UP, WIFI, WIFI
01-29 22:07:36.717 21866 21900 W GeckoLinker: /data/app/org.mozilla.fenix.nightly-ZEDdPeKu9BxMNJCF-jMipw==/lib/arm/libsoftokn3.so: unhandled flags #8 not handled
01-29 22:07:36.718 21866 21900 W GeckoLinker: /data/app/org.mozilla.fenix.nightly-ZEDdPeKu9BxMNJCF-jMipw==/lib/arm/libsoftokn3.so: Relocation to NULL @0x0002dffc for symbol "__cxa_type_match"
01-29 22:07:36.719 21866 21900 W GeckoLinker: /data/app/org.mozilla.fenix.nightly-ZEDdPeKu9BxMNJCF-jMipw==/lib/arm/libfreebl3.so: unhandled flags #8 not handled
01-29 22:07:36.719 21866 21900 W GeckoLinker: /data/app/org.mozilla.fenix.nightly-ZEDdPeKu9BxMNJCF-jMipw==/lib/arm/libfreebl3.so: Relocation to NULL @0x0004fffc for symbol "__cxa_type_match"
01-29 22:07:36.750 21866 22046 W GeckoLinker: /data/app/org.mozilla.fenix.nightly-ZEDdPeKu9BxMNJCF-jMipw==/lib/arm/libnssckbi.so: unhandled flags #8 not handled
01-29 22:07:36.750 21866 22046 W GeckoLinker: /data/app/org.mozilla.fenix.nightly-ZEDdPeKu9BxMNJCF-jMipw==/lib/arm/libnssckbi.so: Relocation to NULL @0x00055ffc for symbol "__cxa_type_match"
01-29 22:07:36.865 21866 21900 W ResourceType: Too many attribute references, stopped at: 0x01010099
01-29 22:07:37.297 21866 21866 D App     : Installed browser-icons extension
01-29 22:07:37.555 21866 21866 D mozac-webcompat: Installed WebCompat webextension: webcompat@mozilla.com
01-29 22:07:39.747 20546 20569 I Finsky  : [224244] kaq.run(3): Stats for Executor: BlockingExecutor kcl@4237f4[Running, pool size = 2, active threads = 0, queued tasks = 0, completed tasks = 11]
01-29 22:07:39.748 20546 20569 I Finsky  : [224244] kaq.run(3): Stats for Executor: LightweightExecutor kcl@3f65b1d[Running, pool size = 4, active threads = 0, queued tasks = 0, completed tasks = 71]
01-29 22:07:40.054  1456  1600 W ResourceType: No known package when getting value for resource number 0x7f0801a1
01-29 22:07:40.054  1456  1600 W ResourceType: No known package when getting value for resource number 0x7f120106
01-29 22:07:40.055  1456  1600 W ResourceType: No known package when getting value for resource number 0x7f120106
01-29 22:07:40.055  1456  1600 W ResourceType: No known package when getting value for resource number 0x7f08019f
01-29 22:07:40.055  1456  1600 W ResourceType: No known package when getting value for resource number 0x7f120105
01-29 22:07:40.055  1456  1600 W ResourceType: No known package when getting value for resource number 0x7f120105
01-29 22:07:40.059  2360  2360 D MayaFrameworkProxyService: receive intent :Intent { act=android.intent.action.PACKAGE_CHANGED dat=package:org.mozilla.fenix.nightly flg=0x45000010 (has extras) }
01-29 22:07:40.059  1456  1942 I InputReader: Reconfiguring input devices.  changes=0x00000010
01-29 22:07:40.068 20546 20569 I Finsky  : [224244] kaq.run(3): Stats for Executor: bgExecutor kcl@515d192[Running, pool size = 4, active threads = 0, queued tasks = 0, completed tasks = 44]
01-29 22:07:40.098  1456  1456 I TelecomService: DefaultDialerCache: Refreshing default dialer for user 0: now com.android.dialer: DDC.oR@6dw
01-29 22:07:40.116  2398  2398 D ImsResolver: maybeAddedImsService, packageName: org.mozilla.fenix.nightly
01-29 22:07:40.118  2398  2398 D CarrierSvcBindHelper: No carrier app for: 0
01-29 22:07:40.119  2398  2398 D CarrierSvcBindHelper: No carrier app for: 1
01-29 22:07:40.148  2398  2398 E VvmPkgInstalledRcvr: cannot create TelephonyManager from ComponentInfo{com.android.phone/com.android.services.telephony.TelephonyConnectionService}, [****], UserHandle{0}
01-29 22:07:40.202 22071 22071 D AndroidRuntime: >>>>>> START com.android.internal.os.RuntimeInit uid 2000 <<<<<<
01-29 22:07:40.214 22071 22071 W app_process: Could not reserve sentinel fault page
01-29 22:07:40.242 13975 14051 I Icing   : IndexChimeraService.getServiceInterface callingPackage=com.google.android.gms componentName=AppsCorpus serviceId=36
01-29 22:07:40.256 13975 17157 W Icing   : No valid account for uploading user actions
01-29 22:07:40.279 13975 14051 I Icing   : IndexChimeraService.getServiceInterface callingPackage=com.google.android.gms componentName=null serviceId=30
01-29 22:07:40.356 13975 17157 I Icing   : Usage reports ok 1, Failed Usage reports 0, indexed 0, rejected 0
01-29 22:07:40.361 13975 17157 W Icing   : No valid account for uploading user actions
01-29 22:07:40.373 13975 17157 I Icing   : Usage reports ok 0, Failed Usage reports 0, indexed 0, rejected 0
01-29 22:07:40.375 13975 17157 I Icing   : Indexing com.google.android.gms-internal.3p:MobileApplication from com.google.android.gms using seqno 2511
01-29 22:07:40.386 22071 22071 I app_process: The ClassLoaderContext is a special shared library.
01-29 22:07:40.448 22071 22071 D AndroidRuntime: Calling main entry com.android.commands.input.Input
01-29 22:07:40.451 22071 22071 I Input   : injectKeyEvent: KeyEvent { action=ACTION_DOWN, keyCode=KEYCODE_HOME, scanCode=0, metaState=0, flags=0x0, repeatCount=0, eventTime=12774186863, downTime=12774186863, deviceId=-1, source=0x101 }
01-29 22:07:40.458 22071 22071 I Input   : injectKeyEvent: KeyEvent { action=ACTION_UP, keyCode=KEYCODE_HOME, scanCode=0, metaState=0, flags=0x0, repeatCount=0, eventTime=12774186863, downTime=12774186863, deviceId=-1, source=0x101 }
01-29 22:07:40.465  1456  1941 I ActivityManager: START u0 {act=android.intent.action.MAIN cat=[android.intent.category.HOME] flg=0x10200000 cmp=com.android.launcher3/.CustomizationPanelLauncher (has extras)} from uid 1000
01-29 22:07:40.465   794   839 E ANDR-PERF-RESOURCEQS: Failed to apply optimization [4, 0]
01-29 22:07:40.478  1456  1941 I ActivityManager: moveHomeStack, setupComplete:true
01-29 22:07:40.483 22071 22071 D AndroidRuntime: Shutting down VM
01-29 22:07:40.501  7351 10632 I Adreno  : QUALCOMM build                   : bb5b86c, I77d3059488
01-29 22:07:40.501  7351 10632 I Adreno  : Build Date                       : 06/07/18
01-29 22:07:40.501  7351 10632 I Adreno  : OpenGL ES Shader Compiler Version: EV031.22.00.01_06
01-29 22:07:40.501  7351 10632 I Adreno  : Local Branch                     : 
01-29 22:07:40.501  7351 10632 I Adreno  : Remote Branch                    : refs/tags/AU_LINUX_ANDROID_LA.UM.6.5.R1.08.01.00.312.086
01-29 22:07:40.501  7351 10632 I Adreno  : Remote Branch                    : NONE
01-29 22:07:40.501  7351 10632 I Adreno  : Reconstruct Branch               : NOTHING
01-29 22:07:40.504  7351 10632 D vndksupport: Loading /vendor/lib/hw/gralloc.msm8937.so from current namespace instead of sphal namespace.
01-29 22:07:40.509  7351 10632 I Adreno  : PFP: 0x005ff087, ME: 0x005ff063
01-29 22:07:40.512  2748  2748 D Launcher.Utilities: Wakeup weather: Intent { act=com.motorola.launcher3.action.WAKEUP_WEATHER cmp=com.motorola.timeweatherwidget/com.motorola.commandcenter.weather.WakeUpService }
01-29 22:07:40.515  7351 10632 I zygote  : android::hardware::configstore::V1_0::ISurfaceFlingerConfigs::hasWideColorDisplay retrieved: 0
01-29 22:07:40.516  7351 10632 I OpenGLRenderer: Initialized EGL, version 1.4
01-29 22:07:40.516  7351 10632 D OpenGLRenderer: Swap behavior 2
01-29 22:07:40.526  1456  1456 I NotificationService: Cannot find enqueued record for key: 0|com.motorola.timeweatherwidget|1|null|10116
01-29 22:07:40.535   808   808 D SurfaceFlinger: duplicate layer name: changing com.android.launcher3/com.android.launcher3.CustomizationPanelLauncher to com.android.launcher3/com.android.launcher3.CustomizationPanelLauncher#1
01-29 22:07:40.549  7351  7406 W ThreadPoolDumper: Queue length for executor EventBus is now 11. Perhaps some tasks are too long, or the pool is too small.
01-29 22:07:40.551  1456  5907 I WifiService: getWifiEnabledState uid=10073
01-29 22:07:40.565  1456  2920 I WifiService: getWifiEnabledState uid=10073
01-29 22:07:40.567 20546 20546 I Finsky  : [2] pow.onTrimMemory(1): Memory trim requested to level 80
01-29 22:07:40.581  1456  1466 I zygote  : Background concurrent copying GC freed 98742(5MB) AllocSpace objects, 39(1804KB) LOS objects, 40% free, 34MB/58MB, paused 266us total 345.059ms
01-29 22:07:40.614  1456  1673 I LaunchCheckinHandler: Displayed com.android.launcher3/.CustomizationPanelLauncher,wp,wa,148
01-29 22:07:41.014  1456  7796 I OpenGLRenderer: Initialized EGL, version 1.4
01-29 22:07:41.014  1456  7796 D OpenGLRenderer: Swap behavior 2
01-29 22:07:41.074  2748  2917 W OpenGLRenderer: Incorrectly called buildLayer on View: ShortcutAndWidgetContainer, destroying layer...
01-29 22:07:41.172 21866 21866 D GeckoRuntime: Lifecycle: onPause
01-29 22:07:41.172 21866 21866 D GeckoNetworkManager: Incoming event stop for state OnWithListeners -> OffWithListeners
01-29 22:07:41.173 21866 21866 I SessionStorage/AutoSave: Save: Background
01-29 22:07:41.176 21866 21894 D SessionStorage/AutoSave: Saved state to disk [0ms]
01-29 22:07:41.181 21866 21890 I libglean_ffi: glean_core::ping: Collecting baseline
01-29 22:07:41.185 21866 21890 D libglean_ffi: glean_core::ping: Storing ping 'a7dd18d7-eb3c-4914-b8b3-1b22a4fa00bc' at '/data/user/0/org.mozilla.fenix.nightly/glean_data/pending_pings/a7dd18d7-eb3c-4914-b8b3-1b22a4fa00bc'
01-29 22:07:41.186 21866 21890 I libglean_ffi: glean_core: The ping 'baseline' was submitted and will be sent as soon as possible
01-29 22:07:41.186 21866 21890 I libglean_ffi: glean_core::ping: Collecting events
01-29 22:07:41.189 21866 21890 D libglean_ffi: glean_core::ping: Storing ping '30fcc809-a85d-4588-8ea1-2d0ae13066dc' at '/data/user/0/org.mozilla.fenix.nightly/glean_data/pending_pings/30fcc809-a85d-4588-8ea1-2d0ae13066dc'
01-29 22:07:41.189 21866 21890 I libglean_ffi: glean_core: The ping 'events' was submitted and will be sent as soon as possible
01-29 22:07:41.222  1456  7556 D ConnectivityService: requestNetwork for uid/pid:10805/21866 NetworkRequest [ TRACK_DEFAULT id=23228, [ Capabilities: INTERNET&NOT_RESTRICTED&TRUSTED&NOT_VPN] ]
01-29 22:07:41.223  1456  2099 D Ethernet: got request NetworkRequest [ TRACK_DEFAULT id=23228, [ Capabilities: INTERNET&NOT_RESTRICTED&TRUSTED&NOT_VPN] ] with score 60
01-29 22:07:41.223  1456  2054 D WIFI_UT : got request NetworkRequest [ TRACK_DEFAULT id=23228, [ Capabilities: INTERNET&NOT_RESTRICTED&TRUSTED&NOT_VPN] ] with score 60
01-29 22:07:41.223  2398  2398 D PhoneSwitcherNetworkRequstListener: got request NetworkRequest [ TRACK_DEFAULT id=23228, [ Capabilities: INTERNET&NOT_RESTRICTED&TRUSTED&NOT_VPN] ] with score 60
01-29 22:07:41.223  1456  2054 D WIFI    : got request NetworkRequest [ TRACK_DEFAULT id=23228, [ Capabilities: INTERNET&NOT_RESTRICTED&TRUSTED&NOT_VPN] ] with score 60
01-29 22:07:41.233 21866 22100 D glean/PingUploadWorker: Processing persisted pings at /data/user/0/org.mozilla.fenix.nightly/glean_data/pending_pings
01-29 22:07:41.233 21866 22100 D glean/PingUploadWorker: Processing ping: a7dd18d7-eb3c-4914-b8b3-1b22a4fa00bc
01-29 22:07:41.236 21866 22100 D glean/ConceptFetchHttpUploader: Submitting ping to: https://incoming.telemetry.mozilla.org/submit/org-mozilla-fenix-nightly/baseline/1/a7dd18d7-eb3c-4914-b8b3-1b22a4fa00bc
01-29 22:07:41.359 13975 17157 I Icing   : Indexing com.google.android.gms-apps from com.google.android.gms
01-29 22:07:41.413 13975 17157 I Icing   : Indexing done com.google.android.gms-apps
01-29 22:07:41.543 21866 22100 D glean/ConceptFetchHttpUploader: Ping successfully sent (200)
01-29 22:07:41.543 21866 22100 D glean/PingUploadWorker: a7dd18d7-eb3c-4914-b8b3-1b22a4fa00bc was deleted: true
01-29 22:07:41.543 21866 22100 D glean/PingUploadWorker: Processing ping: 30fcc809-a85d-4588-8ea1-2d0ae13066dc
01-29 22:07:41.545 21866 22100 D glean/ConceptFetchHttpUploader: Submitting ping to: https://incoming.telemetry.mozilla.org/submit/org-mozilla-fenix-nightly/events/1/30fcc809-a85d-4588-8ea1-2d0ae13066dc
01-29 22:07:41.697 21866 22100 D glean/ConceptFetchHttpUploader: Ping successfully sent (200)
01-29 22:07:41.698 21866 22100 D glean/PingUploadWorker: 30fcc809-a85d-4588-8ea1-2d0ae13066dc was deleted: true
01-29 22:07:41.699 21866 21885 I WM-WorkerWrapper: Worker result SUCCESS for Work [ id=9a791830-0a52-408d-8be3-2c0fa6b1ce12, tags={ mozilla.telemetry.glean.scheduler.PingUploadWorker, mozac_service_glean_ping_upload_worker } ]
01-29 22:07:41.703  1456  2067 D ConnectivityService: releasing NetworkRequest [ TRACK_DEFAULT id=23228, [ Capabilities: INTERNET&NOT_RESTRICTED&TRUSTED&NOT_VPN] ] (release request)
01-29 22:07:45.638  1456  7570 I ActivityManager: Force stopping org.mozilla.fenix.nightly appid=10805 user=0: from pid 22107
01-29 22:07:45.638  1456  7570 I ActivityManager: Killing 21866:org.mozilla.fenix.nightly/u0a805 (adj 700): stop org.mozilla.fenix.nightly
01-29 22:07:45.641  1456  1605 W zygote  : kill(-21866, 9) failed: No such process
01-29 22:07:45.642 21956 21956 I ServiceChildProcess: Service has been unbound. Stopping.
01-29 22:07:45.643  1456  7570 W ActivityManager: Force removing ActivityRecord{1607650 u0 org.mozilla.fenix.nightly/org.mozilla.fenix.HomeActivity t21338}: app died, no saved state
01-29 22:07:45.643 21978 21978 I ServiceChildProcess: Service has been unbound. Stopping.
01-29 22:07:45.655  1456  7570 I ActivityManager: Killing 21978:org.mozilla.fenix.nightly:socket/u0a805 (adj 0): stop org.mozilla.fenix.nightly
01-29 22:07:45.658  1456  1605 W zygote  : kill(-21866, 9) failed: No such process
01-29 22:07:45.660  1456  7570 I ActivityManager: Killing 21956:org.mozilla.fenix.nightly:tab/u0a805 (adj 0): stop org.mozilla.fenix.nightly
01-29 22:07:45.672  1456  1605 W zygote  : kill(-21866, 9) failed: No such process
01-29 22:07:45.678  2398  2398 D CarrierSvcBindHelper: No carrier app for: 0
01-29 22:07:45.680  2398  2398 D CarrierSvcBindHelper: No carrier app for: 1
01-29 22:07:45.686  1456  1605 W zygote  : kill(-21866, 9) failed: No such process
01-29 22:07:45.741  1456  1673 W ActivityManager: setHasOverlayUi called on unknown pid: 21866
01-29 22:07:45.742  1456  1605 I chatty  : uid=1000(system) ActivityManager identical 4 lines
01-29 22:07:45.757  1456  1605 W zygote  : kill(-21866, 9) failed: No such process
01-29 22:07:45.757  1456  1605 I zygote  : Successfully killed process cgroup uid 10805 pid 21866 in 116ms
01-29 22:07:45.758  1456  1605 W zygote  : kill(-21978, 9) failed: No such process
01-29 22:07:45.758  1456  1605 I zygote  : Successfully killed process cgroup uid 10805 pid 21978 in 0ms
01-29 22:07:45.758  1456  1605 W zygote  : kill(-21956, 9) failed: No such process
01-29 22:07:45.758  1456  1605 I zygote  : Successfully killed process cgroup uid 10805 pid 21956 in 0ms
01-29 22:07:45.770  1456  2162 I ActivityManager: START u0 {act=android.intent.action.MAIN cat=[android.intent.category.LAUNCHER] flg=0x10000000 cmp=org.mozilla.fenix.nightly/org.mozilla.fenix.HomeActivity} from uid 2000
01-29 22:07:45.771   794   839 E ANDR-PERF-RESOURCEQS: Failed to apply optimization [4, 0]
01-29 22:07:45.791  1456  5031 I ActivityManager: Start proc 22114:org.mozilla.fenix.nightly/u0a805 for activity org.mozilla.fenix.nightly/org.mozilla.fenix.HomeActivity
01-29 22:07:45.955 22114 22114 D FirebaseApp: com.google.firebase.auth.FirebaseAuth is not linked. Skipping initialization.
01-29 22:07:45.956 22114 22114 D FirebaseApp: com.google.firebase.crash.FirebaseCrash is not linked. Skipping initialization.
01-29 22:07:45.956 22114 22114 I FirebaseInitProvider: FirebaseApp initialization successful
01-29 22:07:46.018 22114 22132 I FA      : Collection disabled with firebase_analytics_collection_enabled=0
01-29 22:07:46.018 22114 22132 I FA      : App measurement is starting up, version: 12780
01-29 22:07:46.019 22114 22132 I FA      : To enable debug logging run: adb shell setprop log.tag.FA VERBOSE
01-29 22:07:46.019 22114 22132 I FA      : To enable faster debug mode event logging run:
01-29 22:07:46.019 22114 22132 I FA      :   adb shell setprop debug.firebase.analytics.app org.mozilla.fenix.nightly
01-29 22:07:46.025 22114 22114 D FenixApplication: Initializing Glean (uploadEnabled=true, isFennec=false)
01-29 22:07:46.048 22114 22114 D libglean_ffi: glean_ffi: Android logging should be hooked up!
01-29 22:07:46.050 22114 22114 I glean/Glean: Registering pings for mozilla.telemetry.glean.GleanMetrics.Pings
01-29 22:07:46.056 22114 22114 I libglean_ffi: glean_core: Creating new Glean
01-29 22:07:46.056 22114 22114 D libglean_ffi: glean_core::database: Database path: "/data/user/0/org.mozilla.fenix.nightly/glean_data/db"
01-29 22:07:46.057 22114 22114 I libglean_ffi: glean_core::database: Database initialized
01-29 22:07:46.057 22114 22114 I libglean_ffi: glean_ffi: Glean initialized
01-29 22:07:46.074 22114 22114 D glean/MetricsPingSched: The 'metrics' ping was last sent on Wed Jan 29 00:00:00 EST 2020
01-29 22:07:46.075 22114 22114 I glean/MetricsPingSched: The 'metrics' ping was already sent today, Wed Jan 29 22:07:46 EST 2020.
01-29 22:07:46.075 22114 22114 D glean/MetricsPingSched: Scheduling the 'metrics' ping in 21133938ms
01-29 22:07:46.077 22114 22140 D libglean_ffi: glean_core: Clearing Lifetime::Application metrics
01-29 22:07:46.106 22114 22114 I glean/Dispatchers: Initial tasks queue completed successfully
01-29 22:07:46.111 22114 22144 D RustNativeSupport: findMegazordLibraryName(viaduct, 0.48.3
01-29 22:07:46.112 22114 22144 D RustNativeSupport: lib in use: none
01-29 22:07:46.112 22114 22144 D RustNativeSupport: lib configured: fenix
01-29 22:07:46.112 22114 22144 D RustNativeSupport: lib version configured: 0.48.3
01-29 22:07:46.112 22114 22144 D RustNativeSupport: settled on fenix
01-29 22:07:46.123 22114 22119 I zygote  : Do partial code cache collection, code=17KB, data=16KB
01-29 22:07:46.125 22114 22119 I zygote  : After code cache collection, code=17KB, data=16KB
01-29 22:07:46.125 22114 22119 I zygote  : Increasing code cache capacity to 128KB
01-29 22:07:46.129 22114 22144 D RustNativeSupport: findMegazordLibraryName(rustlog, 0.48.3
01-29 22:07:46.129 22114 22144 D RustNativeSupport: lib in use: none
01-29 22:07:46.130 22114 22144 D RustNativeSupport: lib configured: fenix
01-29 22:07:46.130 22114 22144 D RustNativeSupport: lib version configured: 0.48.3
01-29 22:07:46.130 22114 22144 D RustNativeSupport: settled on fenix
01-29 22:07:46.132 22114 22144 I rc_log_ffi::ios: rc_log adapter initialized!
01-29 22:07:46.166 22114 22114 D GeckoThread: State changed to LAUNCHED
01-29 22:07:46.167 22114 22150 I GeckoThread: preparing to run Gecko
01-29 22:07:46.173 22114 22114 D GeckoRuntime: Lifecycle: onCreate
01-29 22:07:46.174 22114 22150 D GeckoThread: State changed to MOZGLUE_READY
01-29 22:07:46.186 22114 22150 W Settings: Setting animator_duration_scale has moved from android.provider.Settings.System to android.provider.Settings.Global, returning read-only global URI.
01-29 22:07:46.186 22114 22114 I zygote  : Deoptimizing java.lang.Object androidx.collection.SimpleArrayMap.put(java.lang.Object, java.lang.Object) due to JIT inline cache
01-29 22:07:46.187 22114 22150 E GeckoLibLoad: Load sqlite start
01-29 22:07:46.188 22114 22114 D GleanMetricsService: Enabling Glean.
01-29 22:07:46.207 22114 22150 W GeckoLinker: /data/app/org.mozilla.fenix.nightly-ZEDdPeKu9BxMNJCF-jMipw==/lib/arm/libnss3.so: unhandled flags #8 not handled
01-29 22:07:46.210 22114 22140 I libglean_ffi: glean_core: Upload enabled: true
01-29 22:07:46.213 22114 22150 W GeckoLinker: /data/app/org.mozilla.fenix.nightly-ZEDdPeKu9BxMNJCF-jMipw==/lib/arm/libnss3.so: Relocation to NULL @0x001c7ffc for symbol "__cxa_type_match"
01-29 22:07:46.214 22114 22150 E GeckoLibLoad: Load sqlite done
01-29 22:07:46.214 22114 22150 E GeckoLibLoad: Load nss start
01-29 22:07:46.214 22114 22150 E GeckoLibLoad: Load nss done
01-29 22:07:46.215 22114 22150 W GeckoLinker: /data/app/org.mozilla.fenix.nightly-ZEDdPeKu9BxMNJCF-jMipw==/lib/arm/libxul.so: unhandled flags #8 not handled
01-29 22:07:46.215 22114 22150 W GeckoLinker: /data/app/org.mozilla.fenix.nightly-ZEDdPeKu9BxMNJCF-jMipw==/lib/arm/liblgpllibs.so: unhandled flags #8 not handled
01-29 22:07:46.248 22114 22150 E GeckoLibLoad: Loaded libs in 34.114951ms total, 16ms(60ms) user, 16ms(20ms) system, 0(0) faults
01-29 22:07:46.249 22114 22150 D GeckoThread: State changed to LIBS_READY
01-29 22:07:46.250 22114 22150 W GeckoThread: zerdatime 12881754925 - runGecko
01-29 22:07:46.254 22114 22150 D GeckoProfile: Loading profile at: null name: default
01-29 22:07:46.255 22114 22150 D GeckoProfile: Found profile dir: /data/user/0/org.mozilla.fenix.nightly/files/mozilla/f7zz1ki3.default
01-29 22:07:46.281 22114 22114 W [WARNING][Leanplum]: [com.leanplum.internal.ActionManager::getLocationManager::8]: Geofencing support requires leanplum-location module and Google Play Services v8.1 and higher.
01-29 22:07:46.281 22114 22114 W [WARNING][Leanplum]: Add this to your build.gradle file:
01-29 22:07:46.281 22114 22114 W [WARNING][Leanplum]: implementation 'com.google.android.gms:play-services-location:8.3.0+'
01-29 22:07:46.281 22114 22114 W [WARNING][Leanplum]: implementation 'com.leanplum:leanplum-location:+'
01-29 22:07:46.293 22114 22114 I [INFO][Leanplum]: [com.leanplum.monitoring.ExceptionHandler::setContext::6]: LeanplumExceptionHandler could not initialize Exception Reporting.This is expected if you have not included the leanplum-monitoring module
01-29 22:07:46.309 22114 22114 I FirefoxAccountStateMachine: Enabling/updating sync with a new SyncConfig: SyncConfig(supportedEngines=[mozilla.components.service.fxa.SyncEngine$History@df68371, mozilla.components.service.fxa.SyncEngine$Bookmarks@8689556, mozilla.components.service.fxa.SyncEngine$Passwords@88bf9d7], syncPeriodInMinutes=240)
01-29 22:07:46.313 22114 22114 I BgSyncManager: Periodic syncing enabled at a 240 interval
01-29 22:07:46.313 22114 22114 I FirefoxAccountStateMachine: Sync is enabled
01-29 22:07:46.314 22114 22114 D PushConfig: Creating push configuration for autopush.
01-29 22:07:46.319 22114 22162 D AutoPushFeature: Initializing native component with the cached token.
01-29 22:07:46.322 22114 22162 D RustNativeSupport: findMegazordLibraryName(push, 0.48.3
01-29 22:07:46.322 22114 22162 D RustNativeSupport: lib in use: none
01-29 22:07:46.322 22114 22162 D RustNativeSupport: lib configured: fenix
01-29 22:07:46.322 22114 22162 D RustNativeSupport: lib version configured: 0.48.3
01-29 22:07:46.322 22114 22162 D RustNativeSupport: settled on fenix
01-29 22:07:46.324 22114 22164 I FirefoxAccountStateMachine: Processing event Event$Init for state Start. Next state is Start
01-29 22:07:46.324 22114 22114 I App     : AutoPushFeature is configured, initializing it...
01-29 22:07:46.324 22114 22114 I AutoPushFeature: Checking validity of push subscriptions.
01-29 22:07:46.335 22114 22164 I FirefoxAccountStateMachine: Ran 'Event$Init' side-effects for state Start, got successive event Event$AccountNotFound
01-29 22:07:46.335 22114 22164 I FirefoxAccountStateMachine: Processing event Event$AccountNotFound for state Start. Next state is NotAuthenticated
01-29 22:07:46.338 22114 22164 D RustNativeSupport: findMegazordLibraryName(fxaclient, 0.48.3
01-29 22:07:46.338 22114 22164 D RustNativeSupport: lib in use: none
01-29 22:07:46.338 22114 22164 D RustNativeSupport: lib configured: fenix
01-29 22:07:46.338 22114 22164 D RustNativeSupport: lib version configured: 0.48.3
01-29 22:07:46.338 22114 22164 D RustNativeSupport: settled on fenix
01-29 22:07:46.341 22114 22164 D fxaclient_ffi: fxa_new
01-29 22:07:46.370 22114 22114 D PhoneWindow: Restoring navigation bar divider color to default value = 0x00000000
01-29 22:07:46.449 22114 22119 I zygote  : Do partial code cache collection, code=55KB, data=39KB
01-29 22:07:46.451 22114 22119 I zygote  : After code cache collection, code=53KB, data=39KB
01-29 22:07:46.451 22114 22119 I zygote  : Increasing code cache capacity to 256KB
01-29 22:07:46.568 22114 22150 I Gecko:DumpUtils: Fifo watcher disabled via pref.
01-29 22:07:46.582 22114 22114 D GeckoRuntime: Lifecycle: onStart
01-29 22:07:46.606 22114 22114 D GeckoRuntime: Lifecycle: onResume
01-29 22:07:46.608 22114 22164 W FirefoxAccountStateMachine: Got invalid event Event$Init for state NotAuthenticated.
01-29 22:07:46.610 22114 22114 D GeckoNetworkManager: Incoming event start for state OffNoListeners -> OnNoListeners
01-29 22:07:46.612 22114 22114 D GeckoNetworkManager: New network state: UP, WIFI, WIFI
01-29 22:07:46.615 22114 22155 D NetworkSecurityConfig: No Network Security Config specified, using platform default
01-29 22:07:46.621 22114 22150 D GeckoSysInfo: System memory: 1867MB.
01-29 22:07:46.624 22114 22150 D GeckoThread: State changed to JNI_READY
01-29 22:07:46.636 22114 22204 D OpenGLRenderer: HWUI GL Pipeline
01-29 22:07:46.640  1456  5797 I ActivityManager: Start proc 22206:org.mozilla.fenix.nightly:tab/u0a805 for service org.mozilla.fenix.nightly/org.mozilla.gecko.process.GeckoServiceChildProcess$tab
01-29 22:07:46.652 22114 22114 I glean/Glean: Registering pings for org.mozilla.fenix.GleanMetrics.Pings
01-29 22:07:46.678 22114 22114 D App     : ActivationPing - already generated
01-29 22:07:46.687 22114 22114 D GeckoNetworkManager: Incoming event receivedUpdate for state OnNoListeners -> OnNoListeners
01-29 22:07:46.688 22114 22114 D GeckoNetworkManager: New network state: UP, WIFI, WIFI
01-29 22:07:46.690  1456  5031 I WifiService: getDhcpInfo uid=10805
01-29 22:07:46.739 22114 22114 I zygote  : Deoptimizing void androidx.constraintlayout.widget.ConstraintSet.applyToInternal(androidx.constraintlayout.widget.ConstraintLayout, boolean) due to JIT inline cache
01-29 22:07:46.772 22206 22206 D GeckoThread: State changed to LAUNCHED
01-29 22:07:46.773 22206 22228 I GeckoThread: preparing to run Gecko
01-29 22:07:46.776  1456  5031 I ActivityManager: Start proc 22229:org.mozilla.fenix.nightly:socket/u0a805 for service org.mozilla.fenix.nightly/org.mozilla.gecko.process.GeckoServiceChildProcess$socket
01-29 22:07:46.861 22114 22204 I Adreno  : QUALCOMM build                   : bb5b86c, I77d3059488
01-29 22:07:46.861 22114 22204 I Adreno  : Build Date                       : 06/07/18
01-29 22:07:46.861 22114 22204 I Adreno  : OpenGL ES Shader Compiler Version: EV031.22.00.01_06
01-29 22:07:46.861 22114 22204 I Adreno  : Local Branch                     : 
01-29 22:07:46.861 22114 22204 I Adreno  : Remote Branch                    : refs/tags/AU_LINUX_ANDROID_LA.UM.6.5.R1.08.01.00.312.086
01-29 22:07:46.861 22114 22204 I Adreno  : Remote Branch                    : NONE
01-29 22:07:46.861 22114 22204 I Adreno  : Reconstruct Branch               : NOTHING
01-29 22:07:46.862 22114 22204 D vndksupport: Loading /vendor/lib/hw/gralloc.msm8937.so from current namespace instead of sphal namespace.
01-29 22:07:46.868 22114 22204 I Adreno  : PFP: 0x005ff087, ME: 0x005ff063
01-29 22:07:46.877 22114 22204 I zygote  : android::hardware::configstore::V1_0::ISurfaceFlingerConfigs::hasWideColorDisplay retrieved: 0
01-29 22:07:46.879 22114 22204 I OpenGLRenderer: Initialized EGL, version 1.4
01-29 22:07:46.879 22114 22204 D OpenGLRenderer: Swap behavior 2
01-29 22:07:46.898 22114 22119 I zygote  : Do full code cache collection, code=124KB, data=100KB
01-29 22:07:46.900 22114 22119 I zygote  : After code cache collection, code=95KB, data=47KB
01-29 22:07:46.904 22229 22229 D GeckoThread: State changed to LAUNCHED
01-29 22:07:46.905 22229 22246 I GeckoThread: preparing to run Gecko
01-29 22:07:46.906  1456  5031 I ActivityManager: Displayed org.mozilla.fenix.nightly/org.mozilla.fenix.HomeActivity: +1s127ms
01-29 22:07:46.906  1456  5031 I ActivityManager: Fully drawn org.mozilla.fenix.nightly/org.mozilla.fenix.HomeActivity: +1s127ms
01-29 22:07:46.933 22114 22204 D vndksupport: Loading /vendor/lib/hw/android.hardware.graphics.mapper@2.0-impl.so from current namespace instead of sphal namespace.
01-29 22:07:46.939 22114 22204 D vndksupport: Loading /vendor/lib/hw/gralloc.msm8937.so from current namespace instead of sphal namespace.
01-29 22:07:46.961  1456  1673 I LaunchCheckinHandler: Displayed org.mozilla.fenix.nightly/org.mozilla.fenix.HomeActivity,cp,ca,1182
01-29 22:07:46.962 22229 22246 D GeckoThread: State changed to MOZGLUE_READY
01-29 22:07:46.974 22229 22246 W Settings: Setting animator_duration_scale has moved from android.provider.Settings.System to android.provider.Settings.Global, returning read-only global URI.
01-29 22:07:46.978 22229 22246 E GeckoLibLoad: Load sqlite start
01-29 22:07:46.996 22229 22246 W GeckoLinker: /data/app/org.mozilla.fenix.nightly-ZEDdPeKu9BxMNJCF-jMipw==/lib/arm/libnss3.so: unhandled flags #8 not handled
01-29 22:07:47.001 22229 22246 W GeckoLinker: /data/app/org.mozilla.fenix.nightly-ZEDdPeKu9BxMNJCF-jMipw==/lib/arm/libnss3.so: Relocation to NULL @0x001c7ffc for symbol "__cxa_type_match"
01-29 22:07:47.001 22229 22246 E GeckoLibLoad: Load sqlite done
01-29 22:07:47.001 22229 22246 E GeckoLibLoad: Load nss start
01-29 22:07:47.002 22229 22246 E GeckoLibLoad: Load nss done
01-29 22:07:47.002  7351  7351 I MemoryTrimmer: Trimming objects from memory, since app is in the background.
01-29 22:07:47.002 22229 22246 W GeckoLinker: /data/app/org.mozilla.fenix.nightly-ZEDdPeKu9BxMNJCF-jMipw==/lib/arm/libxul.so: unhandled flags #8 not handled
01-29 22:07:47.002 22229 22246 W GeckoLinker: /data/app/org.mozilla.fenix.nightly-ZEDdPeKu9BxMNJCF-jMipw==/lib/arm/liblgpllibs.so: unhandled flags #8 not handled
01-29 22:07:47.008 20546 20546 I Finsky  : [2] pow.onTrimMemory(1): Memory trim requested to level 80
01-29 22:07:47.014  7351  7351 I MemoryTrimmer: Trimming objects from memory, since app is in the background.
01-29 22:07:47.015  7351 18130 I PBSessionCacheImpl: Deleted sessionId[32331620237726460] from persistence.
01-29 22:07:47.021  1456  1473 I WifiService: getWifiEnabledState uid=10073
01-29 22:07:47.031  7351  7398 W SearchServiceCore: Abort, client detached.
01-29 22:07:47.039 22229 22246 E GeckoLibLoad: Loaded libs in 37.100629ms total, 26ms(26ms) user, 10ms(10ms) system, 0(0) faults
01-29 22:07:47.039 22229 22246 D GeckoThread: State changed to LIBS_READY
01-29 22:07:47.039 22229 22246 W GeckoThread: zerdatime 12881755713 - runGecko
01-29 22:07:47.226 22229 22246 D GeckoThread: State changed to RUNNING
01-29 22:07:47.339   808   898 I SFPerfTracer:      triggers: (rate: 0:0) (0 sw vsyncs) (0 skipped) (17:3338617 vsyncs) (19:5967680)
01-29 22:07:47.343   808   808 I SFPerfTracer:      triggers: (rate: 50:546880) (compose: 0:6) (post: 0:14) (render: 0:11) (7:4508817 frames) (8:5922173)
01-29 22:07:47.343   808   808 D SFPerfTracer:        layers: (3:14) (NavigationBar#0 (0xb07df000): 0:472000) (StatusBar#0 (0xb07e3000): 0:1369860) (com.android.systemui.ImageWallpaper#0 (0xb07e7000): 0:40321)* (Sprite#0 (0xb0733000): 0:317)* (DimLayerController/Stack=0#0 (0xb075a000): 0:3589)* (Sprite#1 (0xb077c000): 0:195)* (com.android.launcher3/com.android.launcher3.CustomizationPanelLauncher#0 (0xb0763000): 0:26)- (com.android.launcher3/com.android.launcher3.CustomizationPanelLauncher#1 (0xb0771000): 0:9)- (Splash Screen org.mozilla.fenix.nightly#0 (0xb0384000): 0:31)- (org.mozilla.fenix.nightly/org.mozilla.fenix.HomeActivity#0 (0xb039b000): 0:45)- (com.android.launcher3/com.android.launcher3.CustomizationPanelLauncher#0 (0xb0763000): 0:26)- (com.android.launcher3/com.android.launcher3.CustomizationPanelLauncher#1 (0xb0771000): 0:9)- (Splash Screen org.mozilla.fenix.nightly#0 (0xb0384000): 0:31)- (org.mozilla.fenix.nightly/org.mozilla.fenix.HomeActivity#0 (0xb039b000): 7:20) 
01-29 22:07:47.370 22114 22150 I Gecko   : 1580353667367	addons.xpi	WARN	List of valid built-in add-ons could not be parsed.: [Exception... "Component returned failure code: 0x80520012 (NS_ERROR_FILE_NOT_FOUND) [nsIXPCComponents_Utils.readUTF8URI]"  nsresult: "0x80520012 (NS_ERROR_FILE_NOT_FOUND)"  location: "JS frame :: resource://gre/modules/addons/XPIProvider.jsm :: startup :: line 2365"  data: no] Stack trace: startup()@resource://gre/modules/addons/XPIProvider.jsm:2365
01-29 22:07:47.370 22114 22150 I Gecko   : callProvider()@resource://gre/modules/AddonManager.jsm:215
01-29 22:07:47.370 22114 22150 I Gecko   : _startProvider()@resource://gre/modules/AddonManager.jsm:587
01-29 22:07:47.370 22114 22150 I Gecko   : startup()@resource://gre/modules/AddonManager.jsm:811
01-29 22:07:47.370 22114 22150 I Gecko   : startup()@resource://gre/modules/AddonManager.jsm:3481
01-29 22:07:47.370 22114 22150 I Gecko   : observe()@resource://gre/modules/addonManager.js:87
01-29 22:07:47.525 22114 22150 D GeckoThread: State changed to PROFILE_READY
01-29 22:07:47.605 22114 22150 D GeckoThread: State changed to RUNNING
01-29 22:07:47.621 22114 22150 W GeckoEventDispatcher: No listener for AndroidCastDevice:SyncDevice
01-29 22:07:47.626 22114 22150 I Gecko   : -*- nsDNSServiceDiscovery.js : nsDNSServiceDiscovery
01-29 22:07:47.727 22114 22150 W ResourceType: Too many attribute references, stopped at: 0x01010099
01-29 22:07:47.771 22114 22150 I Gecko   : Attempting load of libEGL.so
01-29 22:07:47.958 22114 22114 D GeckoNetworkManager: Incoming event enableNotifications for state OnNoListeners -> OnWithListeners
01-29 22:07:47.959 22114 22114 D GeckoNetworkManager: New network state: UP, WIFI, WIFI
01-29 22:07:47.960 22114 22114 D GeckoNetworkManager: Incoming event receivedUpdate for state OnWithListeners -> OnWithListeners
01-29 22:07:47.961 22114 22114 D GeckoNetworkManager: New network state: UP, WIFI, WIFI
01-29 22:07:47.965 22114 22150 W GeckoLinker: /data/app/org.mozilla.fenix.nightly-ZEDdPeKu9BxMNJCF-jMipw==/lib/arm/libsoftokn3.so: unhandled flags #8 not handled
01-29 22:07:47.966 22114 22150 W GeckoLinker: /data/app/org.mozilla.fenix.nightly-ZEDdPeKu9BxMNJCF-jMipw==/lib/arm/libsoftokn3.so: Relocation to NULL @0x0002dffc for symbol "__cxa_type_match"
01-29 22:07:47.966 22114 22150 W GeckoLinker: /data/app/org.mozilla.fenix.nightly-ZEDdPeKu9BxMNJCF-jMipw==/lib/arm/libfreebl3.so: unhandled flags #8 not handled
01-29 22:07:47.967 22114 22150 W GeckoLinker: /data/app/org.mozilla.fenix.nightly-ZEDdPeKu9BxMNJCF-jMipw==/lib/arm/libfreebl3.so: Relocation to NULL @0x0004fffc for symbol "__cxa_type_match"
01-29 22:07:47.997 22114 22294 W GeckoLinker: /data/app/org.mozilla.fenix.nightly-ZEDdPeKu9BxMNJCF-jMipw==/lib/arm/libnssckbi.so: unhandled flags #8 not handled
01-29 22:07:47.998 22114 22294 W GeckoLinker: /data/app/org.mozilla.fenix.nightly-ZEDdPeKu9BxMNJCF-jMipw==/lib/arm/libnssckbi.so: Relocation to NULL @0x00055ffc for symbol "__cxa_type_match"
01-29 22:07:48.112 22114 22150 W ResourceType: Too many attribute references, stopped at: 0x01010099
01-29 22:07:48.544 22114 22114 D App     : Installed browser-icons extension
01-29 22:07:48.804 22114 22114 D mozac-webcompat: Installed WebCompat webextension: webcompat@mozilla.com
01-29 22:07:50.526  1456  2063 D WifiNative-wlan0: Scan issued for specific freq..
01-29 22:07:50.650 17694 11244 W FlatFileLogStore: Excessive logging: 64 events, 104224 bytes from log source ICING last 1540s
01-29 22:07:51.272  2398  2398 D ImsResolver: maybeAddedImsService, packageName: org.mozilla.fenix.nightly
01-29 22:07:51.272  1456  1600 W ResourceType: No known package when getting value for resource number 0x7f0801a1
01-29 22:07:51.272  1456  1600 W ResourceType: No known package when getting value for resource number 0x7f120106
01-29 22:07:51.272  1456  1600 W ResourceType: No known package when getting value for resource number 0x7f120106
01-29 22:07:51.272  1456  1600 W ResourceType: No known package when getting value for resource number 0x7f08019f
01-29 22:07:51.273  1456  1600 W ResourceType: No known package when getting value for resource number 0x7f120105
01-29 22:07:51.273  1456  1600 W ResourceType: No known package when getting value for resource number 0x7f120105
01-29 22:07:51.273  2360  2360 D MayaFrameworkProxyService: receive intent :Intent { act=android.intent.action.PACKAGE_CHANGED dat=package:org.mozilla.fenix.nightly flg=0x45000010 (has extras) }
01-29 22:07:51.299  1456  1942 I InputReader: Reconfiguring input devices.  changes=0x00000010
01-29 22:07:51.301  1456  1456 W ResourceType: ResTable_typeSpec entry count inconsistent: given 665, previously 671
01-29 22:07:51.301  1456  1456 W ResourceType: ResTable_typeSpec entry count inconsistent: given 394, previously 1458
01-29 22:07:51.301  1456  1456 W ResourceType: ResTable_typeSpec entry count inconsistent: given 217, previously 1293
01-29 22:07:51.350  2398  2398 D CarrierSvcBindHelper: No carrier app for: 0
01-29 22:07:51.352  2398  2398 D CarrierSvcBindHelper: No carrier app for: 1
01-29 22:07:51.359  1456  1456 W ResourceType: Found multiple library tables, ignoring...
01-29 22:07:51.386  2398  2398 E VvmPkgInstalledRcvr: cannot create TelephonyManager from ComponentInfo{com.android.phone/com.android.services.telephony.TelephonyConnectionService}, [****], UserHandle{0}
01-29 22:07:51.400  1456  1600 W ResourceType: ResTable_typeSpec entry count inconsistent: given 29, previously 34
01-29 22:07:51.401  1456  1600 W ResourceType: ResTable_typeSpec entry count inconsistent: given 2172, previously 2169
01-29 22:07:51.402  1456  1600 W ResourceType: ResTable_typeSpec entry count inconsistent: given 272, previously 1536
01-29 22:07:51.405  1456  1456 I TelecomService: DefaultDialerCache: Refreshing default dialer for user 0: now com.android.dialer: DDC.oR@6eU
01-29 22:07:51.421 13975 14051 I Icing   : IndexChimeraService.getServiceInterface callingPackage=com.google.android.gms componentName=AppsCorpus serviceId=36
01-29 22:07:51.425 22318 22318 D AndroidRuntime: >>>>>> START com.android.internal.os.RuntimeInit uid 2000 <<<<<<
01-29 22:07:51.431 13975 31581 W Icing   : No valid account for uploading user actions
01-29 22:07:51.438 22318 22318 W app_process: Could not reserve sentinel fault page
01-29 22:07:51.510 13975 31581 I Icing   : Usage reports ok 1, Failed Usage reports 0, indexed 0, rejected 0
01-29 22:07:51.513 13975 31581 I Icing   : Indexing com.google.android.gms-internal.3p:MobileApplication from com.google.android.gms using seqno 2511
01-29 22:07:51.547  1456  4679 D WificondControl: Scan result ready event
01-29 22:07:51.606 22318 22318 I app_process: The ClassLoaderContext is a special shared library.
01-29 22:07:51.674 22318 22318 D AndroidRuntime: Calling main entry com.android.commands.input.Input
01-29 22:07:51.680 22318 22318 I Input   : injectKeyEvent: KeyEvent { action=ACTION_DOWN, keyCode=KEYCODE_HOME, scanCode=0, metaState=0, flags=0x0, repeatCount=0, eventTime=12774198092, downTime=12774198092, deviceId=-1, source=0x101 }
01-29 22:07:51.686 22318 22318 I Input   : injectKeyEvent: KeyEvent { action=ACTION_UP, keyCode=KEYCODE_HOME, scanCode=0, metaState=0, flags=0x0, repeatCount=0, eventTime=12774198092, downTime=12774198092, deviceId=-1, source=0x101 }
01-29 22:07:51.692  1456  1941 I ActivityManager: START u0 {act=android.intent.action.MAIN cat=[android.intent.category.HOME] flg=0x10200000 cmp=com.android.launcher3/.CustomizationPanelLauncher (has extras)} from uid 1000
01-29 22:07:51.693   794   839 E ANDR-PERF-RESOURCEQS: Failed to apply optimization [4, 0]
01-29 22:07:51.705  1456  1941 I ActivityManager: moveHomeStack, setupComplete:true
01-29 22:07:51.710  7351 10632 I Adreno  : QUALCOMM build                   : bb5b86c, I77d3059488
01-29 22:07:51.710  7351 10632 I Adreno  : Build Date                       : 06/07/18
01-29 22:07:51.710  7351 10632 I Adreno  : OpenGL ES Shader Compiler Version: EV031.22.00.01_06
01-29 22:07:51.710  7351 10632 I Adreno  : Local Branch                     : 
01-29 22:07:51.710  7351 10632 I Adreno  : Remote Branch                    : refs/tags/AU_LINUX_ANDROID_LA.UM.6.5.R1.08.01.00.312.086
01-29 22:07:51.710  7351 10632 I Adreno  : Remote Branch                    : NONE
01-29 22:07:51.710  7351 10632 I Adreno  : Reconstruct Branch               : NOTHING
01-29 22:07:51.713  7351 10632 D vndksupport: Loading /vendor/lib/hw/gralloc.msm8937.so from current namespace instead of sphal namespace.
01-29 22:07:51.716 22318 22318 D AndroidRuntime: Shutting down VM
01-29 22:07:51.716  7351 10632 I Adreno  : PFP: 0x005ff087, ME: 0x005ff063
01-29 22:07:51.720  7351 10632 I zygote  : android::hardware::configstore::V1_0::ISurfaceFlingerConfigs::hasWideColorDisplay retrieved: 0
01-29 22:07:51.721  7351 10632 I OpenGLRenderer: Initialized EGL, version 1.4
01-29 22:07:51.721  7351 10632 D OpenGLRenderer: Swap behavior 2
01-29 22:07:51.733  2748  2748 D Launcher.Utilities: Wakeup weather: Intent { act=com.motorola.launcher3.action.WAKEUP_WEATHER cmp=com.motorola.timeweatherwidget/com.motorola.commandcenter.weather.WakeUpService }
01-29 22:07:51.746  1456  1456 I NotificationService: Cannot find enqueued record for key: 0|com.motorola.timeweatherwidget|1|null|10116
01-29 22:07:51.750   808   808 D SurfaceFlinger: duplicate layer name: changing com.android.launcher3/com.android.launcher3.CustomizationPanelLauncher to com.android.launcher3/com.android.launcher3.CustomizationPanelLauncher#1
01-29 22:07:51.763  7351  7406 W ThreadPoolDumper: Queue length for executor EventBus is now 11. Perhaps some tasks are too long, or the pool is too small.
01-29 22:07:51.765  1456  5797 I WifiService: getWifiEnabledState uid=10073
01-29 22:07:51.776  1456  2921 I WifiService: getWifiEnabledState uid=10073
01-29 22:07:51.792 20546 20546 I Finsky  : [2] pow.onTrimMemory(1): Memory trim requested to level 80
