07-21 23:31:07.086  3276  3276 W RcsClientLib: 	at com.android.internal.os.RuntimeInit$MethodAndArgsCaller.run(RuntimeInit.java:438)
07-21 23:31:07.086  3276  3276 W RcsClientLib: 	at com.android.internal.os.ZygoteInit.main(ZygoteInit.java:811)
07-21 23:31:07.087  3276  3276 I BugleRcsEngine: [2] aeyl.disconnect: Disconnecting ImsConnectionTrackerService
07-21 23:31:07.088  3276  3276 W RcsClientLib: Unexpected error when trying to unbind com.google.android.ims.rcsservice.ims.IImsConnectionTracker: Service not registered: aeym@f086738
07-21 23:31:07.089  3276  3339 D NetworkSecurityConfig: No Network Security Config specified, using platform default
07-21 23:31:07.091  3276  3276 W RcsClientLib: java.lang.IllegalArgumentException: Service not registered: aeym@f086738
07-21 23:31:07.091  3276  3276 W RcsClientLib: 	at android.app.LoadedApk.forgetServiceDispatcher(LoadedApk.java:1493)
07-21 23:31:07.091  3276  3276 W RcsClientLib: 	at android.app.ContextImpl.unbindService(ContextImpl.java:1653)
07-21 23:31:07.091  3276  3276 W RcsClientLib: 	at android.content.ContextWrapper.unbindService(ContextWrapper.java:703)
07-21 23:31:07.091  3276  3276 W RcsClientLib: 	at aeyl.b(PG:43)
07-21 23:31:07.091  3276  3276 W RcsClientLib: 	at aeyl.disconnect(PG:41)
07-21 23:31:07.091  3276  3276 W RcsClientLib: 	at lhd.b(PG:41)
07-21 23:31:07.091  3276  3276 W RcsClientLib: 	at lhg.a(PG:38)
07-21 23:31:07.091  3276  3276 W RcsClientLib: 	at sdz.a(PG:78)
07-21 23:31:07.091  3276  3276 W RcsClientLib: 	at sdz.a(PG:93)
07-21 23:31:07.091  3276  3276 W RcsClientLib: 	at com.google.android.apps.messaging.shared.receiver.RcsProvisioningEventReceiver.a(PG:31)
07-21 23:31:07.091  3276  3276 W RcsClientLib: 	at ldk.onReceive(PG:33)
07-21 23:31:07.091  3276  3276 W RcsClientLib: 	at lci.onReceive(PG:7)
07-21 23:31:07.091  3276  3276 W RcsClientLib: 	at android.app.ActivityThread.handleReceiver(ActivityThread.java:3278)
07-21 23:31:07.091  3276  3276 W RcsClientLib: 	at android.app.ActivityThread.-wrap17(Unknown Source:0)
07-21 23:31:07.091  3276  3276 W RcsClientLib: 	at android.app.ActivityThread$H.handleMessage(ActivityThread.java:1713)
07-21 23:31:07.091  3276  3276 W RcsClientLib: 	at android.os.Handler.dispatchMessage(Handler.java:106)
07-21 23:31:07.091  3276  3276 W RcsClientLib: 	at android.os.Looper.loop(Looper.java:164)
07-21 23:31:07.091  3276  3276 W RcsClientLib: 	at android.app.ActivityThread.main(ActivityThread.java:6626)
07-21 23:31:07.091  3276  3276 W RcsClientLib: 	at java.lang.reflect.Method.invoke(Native Method)
07-21 23:31:07.091  3276  3276 W RcsClientLib: 	at com.android.internal.os.RuntimeInit$MethodAndArgsCaller.run(RuntimeInit.java:438)
07-21 23:31:07.091  3276  3276 W RcsClientLib: 	at com.android.internal.os.ZygoteInit.main(ZygoteInit.java:811)
07-21 23:31:07.091  3276  3276 I BugleRcsEngine: [2] aeyl.disconnect: Disconnecting RcsProfileService
07-21 23:31:07.092  3276  3276 W RcsClientLib: Unexpected error when trying to unbind com.google.android.ims.rcsservice.profile.IRcsProfile: Service not registered: aeym@9e68f13
07-21 23:31:07.093  3276  3276 W RcsClientLib: java.lang.IllegalArgumentException: Service not registered: aeym@9e68f13
07-21 23:31:07.093  3276  3276 W RcsClientLib: 	at android.app.LoadedApk.forgetServiceDispatcher(LoadedApk.java:1493)
07-21 23:31:07.093  3276  3276 W RcsClientLib: 	at android.app.ContextImpl.unbindService(ContextImpl.java:1653)
07-21 23:31:07.093  3276  3276 W RcsClientLib: 	at android.content.ContextWrapper.unbindService(ContextWrapper.java:703)
07-21 23:31:07.093  3276  3276 W RcsClientLib: 	at aeyl.b(PG:43)
07-21 23:31:07.093  3276  3276 W RcsClientLib: 	at aeyl.disconnect(PG:41)
07-21 23:31:07.093  3276  3276 W RcsClientLib: 	at lhd.b(PG:42)
07-21 23:31:07.093  3276  3276 W RcsClientLib: 	at lhg.a(PG:38)
07-21 23:31:07.093  3276  3276 W RcsClientLib: 	at sdz.a(PG:78)
07-21 23:31:07.093  3276  3276 W RcsClientLib: 	at sdz.a(PG:93)
07-21 23:31:07.093  3276  3276 W RcsClientLib: 	at com.google.android.apps.messaging.shared.receiver.RcsProvisioningEventReceiver.a(PG:31)
07-21 23:31:07.093  3276  3276 W RcsClientLib: 	at ldk.onReceive(PG:33)
07-21 23:31:07.093  3276  3276 W RcsClientLib: 	at lci.onReceive(PG:7)
07-21 23:31:07.093  3276  3276 W RcsClientLib: 	at android.app.ActivityThread.handleReceiver(ActivityThread.java:3278)
07-21 23:31:07.093  3276  3276 W RcsClientLib: 	at android.app.ActivityThread.-wrap17(Unknown Source:0)
07-21 23:31:07.093  3276  3276 W RcsClientLib: 	at android.app.ActivityThread$H.handleMessage(ActivityThread.java:1713)
07-21 23:31:07.093  3276  3276 W RcsClientLib: 	at android.os.Handler.dispatchMessage(Handler.java:106)
07-21 23:31:07.093  3276  3276 W RcsClientLib: 	at android.os.Looper.loop(Looper.java:164)
07-21 23:31:07.093  3276  3276 W RcsClientLib: 	at android.app.ActivityThread.main(ActivityThread.java:6626)
07-21 23:31:07.093  3276  3276 W RcsClientLib: 	at java.lang.reflect.Method.invoke(Native Method)
07-21 23:31:07.093  3276  3276 W RcsClientLib: 	at com.android.internal.os.RuntimeInit$MethodAndArgsCaller.run(RuntimeInit.java:438)
07-21 23:31:07.093  3276  3276 W RcsClientLib: 	at com.android.internal.os.ZygoteInit.main(ZygoteInit.java:811)
07-21 23:31:07.096  3276  3341 I BugleRcs: RcsAvailabilityUtilForProvisioningEngineV2: updated datastore for rcs availability, simId: Redacted-0, availability: DISABLED_VIA_GSERVICES
07-21 23:31:07.098  3276  3276 I BugleRcsEngine: [2] aeyl.disconnect: Disconnecting BusinessInfoService
07-21 23:31:07.099  3276  3276 W RcsClientLib: Unexpected error when trying to unbind com.google.android.ims.rcsservice.businessinfo.IBusinessInfo: Service not registered: aeym@421096f
07-21 23:31:07.100  3276  3276 W RcsClientLib: java.lang.IllegalArgumentException: Service not registered: aeym@421096f
07-21 23:31:07.100  3276  3276 W RcsClientLib: 	at android.app.LoadedApk.forgetServiceDispatcher(LoadedApk.java:1493)
07-21 23:31:07.100  3276  3276 W RcsClientLib: 	at android.app.ContextImpl.unbindService(ContextImpl.java:1653)
07-21 23:31:07.100  3276  3276 W RcsClientLib: 	at android.content.ContextWrapper.unbindService(ContextWrapper.java:703)
07-21 23:31:07.100  3276  3276 W RcsClientLib: 	at aeyl.b(PG:43)
07-21 23:31:07.100  3276  3276 W RcsClientLib: 	at aeyl.disconnect(PG:41)
07-21 23:31:07.100  3276  3276 W RcsClientLib: 	at lhd.b(PG:43)
07-21 23:31:07.100  3276  3276 W RcsClientLib: 	at lhg.a(PG:38)
07-21 23:31:07.100  3276  3276 W RcsClientLib: 	at sdz.a(PG:78)
07-21 23:31:07.100  3276  3276 W RcsClientLib: 	at sdz.a(PG:93)
07-21 23:31:07.100  3276  3276 W RcsClientLib: 	at com.google.android.apps.messaging.shared.receiver.RcsProvisioningEventReceiver.a(PG:31)
07-21 23:31:07.100  3276  3276 W RcsClientLib: 	at ldk.onReceive(PG:33)
07-21 23:31:07.100  3276  3276 W RcsClientLib: 	at lci.onReceive(PG:7)
07-21 23:31:07.100  3276  3276 W RcsClientLib: 	at android.app.ActivityThread.handleReceiver(ActivityThread.java:3278)
07-21 23:31:07.100  3276  3276 W RcsClientLib: 	at android.app.ActivityThread.-wrap17(Unknown Source:0)
07-21 23:31:07.100  3276  3276 W RcsClientLib: 	at android.app.ActivityThread$H.handleMessage(ActivityThread.java:1713)
07-21 23:31:07.100  3276  3276 W RcsClientLib: 	at android.os.Handler.dispatchMessage(Handler.java:106)
07-21 23:31:07.100  3276  3276 W RcsClientLib: 	at android.os.Looper.loop(Looper.java:164)
07-21 23:31:07.100  3276  3276 W RcsClientLib: 	at android.app.ActivityThread.main(ActivityThread.java:6626)
07-21 23:31:07.100  3276  3276 W RcsClientLib: 	at java.lang.reflect.Method.invoke(Native Method)
07-21 23:31:07.100  3276  3276 W RcsClientLib: 	at com.android.internal.os.RuntimeInit$MethodAndArgsCaller.run(RuntimeInit.java:438)
07-21 23:31:07.100  3276  3276 W RcsClientLib: 	at com.android.internal.os.ZygoteInit.main(ZygoteInit.java:811)
07-21 23:31:07.101  3276  3276 I BugleRcsEngine: [2] aeyl.disconnect: Disconnecting RcsMessagingService
07-21 23:31:07.101  3276  3276 W RcsClientLib: Unexpected error when trying to unbind com.google.android.rcs.client.messaging.IMessaging: Service not registered: aeym@adecd8b
07-21 23:31:07.102  3276  3276 W RcsClientLib: java.lang.IllegalArgumentException: Service not registered: aeym@adecd8b
07-21 23:31:07.102  3276  3276 W RcsClientLib: 	at android.app.LoadedApk.forgetServiceDispatcher(LoadedApk.java:1493)
07-21 23:31:07.102  3276  3276 W RcsClientLib: 	at android.app.ContextImpl.unbindService(ContextImpl.java:1653)
07-21 23:31:07.102  3276  3276 W RcsClientLib: 	at android.content.ContextWrapper.unbindService(ContextWrapper.java:703)
07-21 23:31:07.102  3276  3276 W RcsClientLib: 	at aeyl.b(PG:43)
07-21 23:31:07.102  3276  3276 W RcsClientLib: 	at aeyl.disconnect(PG:41)
07-21 23:31:07.102  3276  3276 W RcsClientLib: 	at lhd.b(PG:44)
07-21 23:31:07.102  3276  3276 W RcsClientLib: 	at lhg.a(PG:38)
07-21 23:31:07.102  3276  3276 W RcsClientLib: 	at sdz.a(PG:78)
07-21 23:31:07.102  3276  3276 W RcsClientLib: 	at sdz.a(PG:93)
07-21 23:31:07.102  3276  3276 W RcsClientLib: 	at com.google.android.apps.messaging.shared.receiver.RcsProvisioningEventReceiver.a(PG:31)
07-21 23:31:07.102  3276  3276 W RcsClientLib: 	at ldk.onReceive(PG:33)
07-21 23:31:07.102  3276  3276 W RcsClientLib: 	at lci.onReceive(PG:7)
07-21 23:31:07.102  3276  3276 W RcsClientLib: 	at android.app.ActivityThread.handleReceiver(ActivityThread.java:3278)
07-21 23:31:07.102  3276  3276 W RcsClientLib: 	at android.app.ActivityThread.-wrap17(Unknown Source:0)
07-21 23:31:07.102  3276  3276 W RcsClientLib: 	at android.app.ActivityThread$H.handleMessage(ActivityThread.java:1713)
07-21 23:31:07.102  3276  3276 W RcsClientLib: 	at android.os.Handler.dispatchMessage(Handler.java:106)
07-21 23:31:07.102  3276  3276 W RcsClientLib: 	at android.os.Looper.loop(Looper.java:164)
07-21 23:31:07.102  3276  3276 W RcsClientLib: 	at android.app.ActivityThread.main(ActivityThread.java:6626)
07-21 23:31:07.102  3276  3276 W RcsClientLib: 	at java.lang.reflect.Method.invoke(Native Method)
07-21 23:31:07.102  3276  3276 W RcsClientLib: 	at com.android.internal.os.RuntimeInit$MethodAndArgsCaller.run(RuntimeInit.java:438)
07-21 23:31:07.102  3276  3276 W RcsClientLib: 	at com.android.internal.os.ZygoteInit.main(ZygoteInit.java:811)
07-21 23:31:07.103  3276  3276 I BugleRcsEngine: [2] aeyl.disconnect: Disconnecting TransportControlService
07-21 23:31:07.104  3276  3276 W RcsClientLib: Unexpected error when trying to unbind com.google.android.ims.rcsservice.transportcontrol.ITransportControl: Service not registered: aeym@8da0281
07-21 23:31:07.105  3276  3276 W RcsClientLib: java.lang.IllegalArgumentException: Service not registered: aeym@8da0281
07-21 23:31:07.105  3276  3276 W RcsClientLib: 	at android.app.LoadedApk.forgetServiceDispatcher(LoadedApk.java:1493)
07-21 23:31:07.105  3276  3276 W RcsClientLib: 	at android.app.ContextImpl.unbindService(ContextImpl.java:1653)
07-21 23:31:07.105  3276  3276 W RcsClientLib: 	at android.content.ContextWrapper.unbindService(ContextWrapper.java:703)
07-21 23:31:07.105  3276  3276 W RcsClientLib: 	at aeyl.b(PG:43)
07-21 23:31:07.105  3276  3276 W RcsClientLib: 	at aeyl.disconnect(PG:41)
07-21 23:31:07.105  3276  3276 W RcsClientLib: 	at lhd.b(PG:45)
07-21 23:31:07.105  3276  3276 W RcsClientLib: 	at lhg.a(PG:38)
07-21 23:31:07.105  3276  3276 W RcsClientLib: 	at sdz.a(PG:78)
07-21 23:31:07.105  3276  3276 W RcsClientLib: 	at sdz.a(PG:93)
07-21 23:31:07.105  3276  3276 W RcsClientLib: 	at com.google.android.apps.messaging.shared.receiver.RcsProvisioningEventReceiver.a(PG:31)
07-21 23:31:07.105  3276  3276 W RcsClientLib: 	at ldk.onReceive(PG:33)
07-21 23:31:07.105  3276  3276 W RcsClientLib: 	at lci.onReceive(PG:7)
07-21 23:31:07.105  3276  3276 W RcsClientLib: 	at android.app.ActivityThread.handleReceiver(ActivityThread.java:3278)
07-21 23:31:07.105  3276  3276 W RcsClientLib: 	at android.app.ActivityThread.-wrap17(Unknown Source:0)
07-21 23:31:07.105  3276  3276 W RcsClientLib: 	at android.app.ActivityThread$H.handleMessage(ActivityThread.java:1713)
07-21 23:31:07.105  3276  3276 W RcsClientLib: 	at android.os.Handler.dispatchMessage(Handler.java:106)
07-21 23:31:07.105  3276  3276 W RcsClientLib: 	at android.os.Looper.loop(Looper.java:164)
07-21 23:31:07.105  3276  3276 W RcsClientLib: 	at android.app.ActivityThread.main(ActivityThread.java:6626)
07-21 23:31:07.105  3276  3276 W RcsClientLib: 	at java.lang.reflect.Method.invoke(Native Method)
07-21 23:31:07.105  3276  3276 W RcsClientLib: 	at com.android.internal.os.RuntimeInit$MethodAndArgsCaller.run(RuntimeInit.java:438)
07-21 23:31:07.105  3276  3276 W RcsClientLib: 	at com.android.internal.os.ZygoteInit.main(ZygoteInit.java:811)
07-21 23:31:07.105  3276  3276 W BugleRcs: disconnecting from all Rcs Services
07-21 23:31:07.114  3276  3276 I BugleRcsProvisioning: RcsProvisioningEventReceiver: Received ProvisioningEvent: Update provisioning status
07-21 23:31:07.123  3276  3276 I BugleRcsProvisioning: RcsProvisioningEventReceiver: Received ProvisioningEvent: Update provisioning status
07-21 23:31:07.146  3276  3276 I BugleRcsProvisioning: RcsProvisioningEventReceiver: Received ProvisioningEvent: Request Bugle information
07-21 23:31:07.147  3276  3276 W ResourceType: For resource 0x7f1305fb, entry index(1531) is beyond type entryCount(677)
07-21 23:31:07.148  3276  3276 W ResourceType: For resource 0x7f1302c4, entry index(708) is beyond type entryCount(677)
07-21 23:31:07.151  3276  3342 W ResourceType: For resource 0x7f13070f, entry index(1807) is beyond type entryCount(677)
07-21 23:31:07.151  3276  3342 W ResourceType: For resource 0x7f13052a, entry index(1322) is beyond type entryCount(677)
07-21 23:31:07.151  3276  3342 W ResourceType: For resource 0x7f130523, entry index(1315) is beyond type entryCount(677)
07-21 23:31:07.152  3276  3342 W ResourceType: For resource 0x7f13052c, entry index(1324) is beyond type entryCount(677)
07-21 23:31:07.152  3276  3342 W ResourceType: For resource 0x7f130412, entry index(1042) is beyond type entryCount(677)
07-21 23:31:07.152  3276  3342 W ResourceType: For resource 0x7f13041f, entry index(1055) is beyond type entryCount(677)
07-21 23:31:07.152  3276  3342 W ResourceType: For resource 0x7f13041e, entry index(1054) is beyond type entryCount(677)
07-21 23:31:07.152  3276  3342 W ResourceType: For resource 0x7f1306d0, entry index(1744) is beyond type entryCount(677)
07-21 23:31:07.152  3276  3342 W ResourceType: For resource 0x7f130691, entry index(1681) is beyond type entryCount(677)
07-21 23:31:07.152  3276  3342 W ResourceType: For resource 0x7f1306d1, entry index(1745) is beyond type entryCount(677)
07-21 23:31:07.152  3276  3342 W ResourceType: For resource 0x7f13051c, entry index(1308) is beyond type entryCount(677)
07-21 23:31:07.153  3276  3342 W ResourceType: For resource 0x7f13074a, entry index(1866) is beyond type entryCount(677)
07-21 23:31:07.153  3276  3342 W ResourceType: For resource 0x7f1307c9, entry index(1993) is beyond type entryCount(677)
07-21 23:31:07.153  3276  3342 W ResourceType: For resource 0x7f130563, entry index(1379) is beyond type entryCount(677)
07-21 23:31:07.154  3276  3342 W ResourceType: For resource 0x7f130569, entry index(1385) is beyond type entryCount(677)
07-21 23:31:07.154  3276  3342 W ResourceType: For resource 0x7f130416, entry index(1046) is beyond type entryCount(677)
07-21 23:31:07.154  3276  3342 W ResourceType: For resource 0x7f130420, entry index(1056) is beyond type entryCount(677)
07-21 23:31:07.154  3276  3342 W ResourceType: For resource 0x7f1306d4, entry index(1748) is beyond type entryCount(677)
07-21 23:31:07.154  3276  3342 W ResourceType: For resource 0x7f1302c4, entry index(708) is beyond type entryCount(677)
07-21 23:31:07.154  3276  3342 W ResourceType: For resource 0x7f13070c, entry index(1804) is beyond type entryCount(677)
07-21 23:31:07.154  3276  3342 W ResourceType: For resource 0x7f130727, entry index(1831) is beyond type entryCount(677)
07-21 23:31:07.155  3276  3342 W ResourceType: For resource 0x7f130606, entry index(1542) is beyond type entryCount(677)
07-21 23:31:07.155  3276  3342 W ResourceType: For resource 0x7f130604, entry index(1540) is beyond type entryCount(677)
07-21 23:31:07.155  3276  3342 W ResourceType: For resource 0x7f130617, entry index(1559) is beyond type entryCount(677)
07-21 23:31:07.155  3276  3342 W ResourceType: For resource 0x7f1305ff, entry index(1535) is beyond type entryCount(677)
07-21 23:31:07.155  3276  3342 W ResourceType: For resource 0x7f130626, entry index(1574) is beyond type entryCount(677)
07-21 23:31:07.155  3276  3342 W ResourceType: For resource 0x7f1305fb, entry index(1531) is beyond type entryCount(677)
07-21 23:31:07.155  3276  3342 W ResourceType: For resource 0x7f13062e, entry index(1582) is beyond type entryCount(677)
07-21 23:31:07.155  3276  3342 W ResourceType: For resource 0x7f13078b, entry index(1931) is beyond type entryCount(677)
07-21 23:31:07.155  3276  3342 W ResourceType: For resource 0x7f13079d, entry index(1949) is beyond type entryCount(677)
07-21 23:31:07.156  3276  3342 W ResourceType: For resource 0x7f130881, entry index(2177) is beyond type entryCount(677)
07-21 23:31:07.162  3276  3342 I BugleBackup: Registering preference change listener for "bugle".
07-21 23:31:07.233  2569  3112 W ResourceType: ResTable_typeSpec entry count inconsistent: given 859, previously 874
07-21 23:31:07.233  2569  3112 W ResourceType: ResTable_typeSpec entry count inconsistent: given 677, previously 2268
07-21 23:31:07.233  2569  3112 W ResourceType: ResTable_typeSpec entry count inconsistent: given 269, previously 1299
07-21 23:31:07.263  3276  3298 I RcsProvisioning: Failed to read config: no config found /data/user/0/com.google.android.apps.messaging/files/rcsconfig (No such file or directory)
07-21 23:31:07.385  3228  3252 I CarrierServices: [2621] dja.a: Received Provisioning Event: [Bugle information (100)]
07-21 23:31:07.385  3228  3317 I CarrierServices: [2655] cbl.doInBackground: Saving RCS State
07-21 23:31:07.385  3228  3252 I CarrierServices: [2621] dja.a: JibeService is running, passing event to provisioning engine.
07-21 23:31:07.386  3228  3271 I CarrierServices: [2632] dja.a: Received Provisioning Event: [Bugle information (100)]
07-21 23:31:07.386  3228  3252 I CarrierServices: [2621] cun.a: Handling Provisioning Event: [Bugle information (100)]
07-21 23:31:07.386  3228  3271 I CarrierServices: [2632] dja.a: JibeService is running, passing event to provisioning engine.
07-21 23:31:07.387  3228  3271 I CarrierServices: [2632] cun.a: Handling Provisioning Event: [Bugle information (100)]
07-21 23:31:07.387  3228  3317 I CarrierServices: [2655] cbl.doInBackground: Old operation mode: 2
07-21 23:31:07.387  3228  3252 I CarrierServices: [2621] cxj.a: RcsAvailabilityManager: Calculating Rcs Availability
07-21 23:31:07.388  3228  3271 I CarrierServices: [2632] cxj.a: RcsAvailabilityManager: Calculating Rcs Availability
07-21 23:31:07.388  3228  3252 I CarrierServices: [2621] czd.b: Bugle ContentProvider is disabled by p/h flag, using ProvisioningEngineStateCacheUtil.getBugleHasRequiredPermission()
07-21 23:31:07.388  3228  3317 I CarrierServices: [2655] cbl.doInBackground: New operation mode: 2
07-21 23:31:07.388  3228  3271 I CarrierServices: [2632] czd.b: Bugle ContentProvider is disabled by p/h flag, using ProvisioningEngineStateCacheUtil.getBugleHasRequiredPermission()
07-21 23:31:07.388  3228  3252 I CarrierServices: [2621] czd.b: Bugle has minimum required RCS permissions: true
07-21 23:31:07.388  3228  3271 I CarrierServices: [2632] czd.b: Bugle has minimum required RCS permissions: true
07-21 23:31:07.389  3228  3228 I CarrierServices: [2] cbl.onPostExecute: Finalizing migration for RCS state: Operation mode FULL STACK
07-21 23:31:07.391  3228  3252 W CarrierServices: [2621] dan.a: No config URL. RCS will be disabled!
07-21 23:31:07.391  3228  3252 I CarrierServices: [2621] blj.onCsLibPhenotypeUpdated: BindingManager: binding and reset P/H Flag stay same
07-21 23:31:07.392  3228  3271 W CarrierServices: [2632] dan.a: No config URL. RCS will be disabled!
07-21 23:31:07.392  3228  3252 I CarrierServices: [2621] cxj.a: RcsAvailabilityManager: Rcs Availability still DISABLED_VIA_GSERVICES (RCS is disabled for this carrier by Google)
07-21 23:31:07.392  3228  3271 I CarrierServices: [2632] blj.onCsLibPhenotypeUpdated: BindingManager: binding and reset P/H Flag stay same
07-21 23:31:07.393  3276  3298 I BugleRcsEngine: [2620] RcsStateProvider.onMigrationComplete: Migration complete.
07-21 23:31:07.393  3228  3271 I CarrierServices: [2632] cxj.a: RcsAvailabilityManager: Rcs Availability still DISABLED_VIA_GSERVICES (RCS is disabled for this carrier by Google)
07-21 23:31:07.405  3276  3343 W Bugle   : SubscriptionMetadataUtils get: invalid subId = -1
07-21 23:31:07.406  3276  3343 I Bugle   : TelephonyManagerFactory: Returning per-subscription TelephonyManager (>= N) subscription{id:-1}
07-21 23:31:07.415  3276  3343 W Bugle   : SubscriptionMetadataUtils get: invalid subId = -1
07-21 23:31:07.415  3276  3368 I BugleRcsEngine: [2662] ygo.c: Checking if using CarrierServices.apk is possible. Enabled: true, isAtLeastM: true, runningInsideBugle: true
07-21 23:31:07.418  3276  3368 I BugleRcsEngine: [2662] RcsStateProvider.lambda$onMigrationComplete$0$RcsStateProvider: Rcs Engine should be running in cs.apk. Stopping JibeService.
07-21 23:31:07.419  3276  3368 I BugleRcsEngine: [2662] aeyl.disconnect: Disconnecting ChatSessionService
07-21 23:31:07.419  3276  3368 W RcsClientLib: Unexpected error when trying to unbind com.google.android.ims.rcsservice.chatsession.IChatSession: Service not registered: aeym@c381fa1
07-21 23:31:07.419  3276  3368 W RcsClientLib: java.lang.IllegalArgumentException: Service not registered: aeym@c381fa1
07-21 23:31:07.419  3276  3368 W RcsClientLib: 	at android.app.LoadedApk.forgetServiceDispatcher(LoadedApk.java:1493)
07-21 23:31:07.419  3276  3368 W RcsClientLib: 	at android.app.ContextImpl.unbindService(ContextImpl.java:1653)
07-21 23:31:07.419  3276  3368 W RcsClientLib: 	at android.content.ContextWrapper.unbindService(ContextWrapper.java:703)
07-21 23:31:07.419  3276  3368 W RcsClientLib: 	at aeyl.b(PG:43)
07-21 23:31:07.419  3276  3368 W RcsClientLib: 	at aeyl.disconnect(PG:41)
07-21 23:31:07.419  3276  3368 W RcsClientLib: 	at lhd.b(PG:36)
07-21 23:31:07.419  3276  3368 W RcsClientLib: 	at com.google.android.apps.messaging.rcsmigration.RcsStateProvider.lambda$onMigrationComplete$0$RcsStateProvider(PG:49)
07-21 23:31:07.419  3276  3368 W RcsClientLib: 	at euf.run(Unknown Source:2)
07-21 23:31:07.419  3276  3368 W RcsClientLib: 	at java.util.concurrent.ThreadPoolExecutor.runWorker(ThreadPoolExecutor.java:1162)
07-21 23:31:07.419  3276  3368 W RcsClientLib: 	at java.util.concurrent.ThreadPoolExecutor$Worker.run(ThreadPoolExecutor.java:636)
07-21 23:31:07.419  3276  3368 W RcsClientLib: 	at java.lang.Thread.run(Thread.java:764)
07-21 23:31:07.420  3276  3368 I BugleRcsEngine: [2662] aeyl.disconnect: Disconnecting EventService
07-21 23:31:07.420  3276  3368 W RcsClientLib: Unexpected error when trying to unbind com.google.android.ims.rcsservice.events.IEvent: Service not registered: aeym@99614dd
07-21 23:31:07.421  3276  3368 W RcsClientLib: java.lang.IllegalArgumentException: Service not registered: aeym@99614dd
07-21 23:31:07.421  3276  3368 W RcsClientLib: 	at android.app.LoadedApk.forgetServiceDispatcher(LoadedApk.java:1493)
07-21 23:31:07.421  3276  3368 W RcsClientLib: 	at android.app.ContextImpl.unbindService(ContextImpl.java:1653)
07-21 23:31:07.421  3276  3368 W RcsClientLib: 	at android.content.ContextWrapper.unbindService(ContextWrapper.java:703)
07-21 23:31:07.421  3276  3368 W RcsClientLib: 	at aeyl.b(PG:43)
07-21 23:31:07.421  3276  3368 W RcsClientLib: 	at aeyl.disconnect(PG:41)
07-21 23:31:07.421  3276  3368 W RcsClientLib: 	at com.google.android.rcs.client.events.EventService.disconnect(PG:7)
07-21 23:31:07.421  3276  3368 W RcsClientLib: 	at lhd.b(PG:37)
07-21 23:31:07.421  3276  3368 W RcsClientLib: 	at com.google.android.apps.messaging.rcsmigration.RcsStateProvider.lambda$onMigrationComplete$0$RcsStateProvider(PG:49)
07-21 23:31:07.421  3276  3368 W RcsClientLib: 	at euf.run(Unknown Source:2)
07-21 23:31:07.421  3276  3368 W RcsClientLib: 	at java.util.concurrent.ThreadPoolExecutor.runWorker(ThreadPoolExecutor.java:1162)
07-21 23:31:07.421  3276  3368 W RcsClientLib: 	at java.util.concurrent.ThreadPoolExecutor$Worker.run(ThreadPoolExecutor.java:636)
07-21 23:31:07.421  3276  3368 W RcsClientLib: 	at java.lang.Thread.run(Thread.java:764)
07-21 23:31:07.421  3276  3368 I BugleRcsEngine: [2662] aeyl.disconnect: Disconnecting ContactsService
07-21 23:31:07.422  3276  3368 W RcsClientLib: Unexpected error when trying to unbind com.google.android.ims.rcsservice.contacts.IContactsManagement: Service not registered: aeym@55c3420
07-21 23:31:07.422  3276  3368 W RcsClientLib: java.lang.IllegalArgumentException: Service not registered: aeym@55c3420
07-21 23:31:07.422  3276  3368 W RcsClientLib: 	at android.app.LoadedApk.forgetServiceDispatcher(LoadedApk.java:1493)
07-21 23:31:07.422  3276  3368 W RcsClientLib: 	at android.app.ContextImpl.unbindService(ContextImpl.java:1653)
07-21 23:31:07.422  3276  3368 W RcsClientLib: 	at android.content.ContextWrapper.unbindService(ContextWrapper.java:703)
07-21 23:31:07.422  3276  3368 W RcsClientLib: 	at aeyl.b(PG:43)
07-21 23:31:07.422  3276  3368 W RcsClientLib: 	at aeyl.disconnect(PG:41)
07-21 23:31:07.422  3276  3368 W RcsClientLib: 	at lhd.b(PG:38)
07-21 23:31:07.422  3276  3368 W RcsClientLib: 	at com.google.android.apps.messaging.rcsmigration.RcsStateProvider.lambda$onMigrationComplete$0$RcsStateProvider(PG:49)
07-21 23:31:07.422  3276  3368 W RcsClientLib: 	at euf.run(Unknown Source:2)
07-21 23:31:07.422  3276  3368 W RcsClientLib: 	at java.util.concurrent.ThreadPoolExecutor.runWorker(ThreadPoolExecutor.java:1162)
07-21 23:31:07.422  3276  3368 W RcsClientLib: 	at java.util.concurrent.ThreadPoolExecutor$Worker.run(ThreadPoolExecutor.java:636)
07-21 23:31:07.422  3276  3368 W RcsClientLib: 	at java.lang.Thread.run(Thread.java:764)
07-21 23:31:07.422  3276  3368 I BugleRcsEngine: [2662] aeyl.disconnect: Disconnecting FileTransferService
07-21 23:31:07.423  3276  3368 W RcsClientLib: Unexpected error when trying to unbind com.google.android.ims.rcsservice.filetransfer.IFileTransfer: Service not registered: aeym@820724c
07-21 23:31:07.423  3276  3368 W RcsClientLib: java.lang.IllegalArgumentException: Service not registered: aeym@820724c
07-21 23:31:07.423  3276  3368 W RcsClientLib: 	at android.app.LoadedApk.forgetServiceDispatcher(LoadedApk.java:1493)
07-21 23:31:07.423  3276  3368 W RcsClientLib: 	at android.app.ContextImpl.unbindService(ContextImpl.java:1653)
07-21 23:31:07.423  3276  3368 W RcsClientLib: 	at android.content.ContextWrapper.unbindService(ContextWrapper.java:703)
07-21 23:31:07.423  3276  3368 W RcsClientLib: 	at aeyl.b(PG:43)
07-21 23:31:07.423  3276  3368 W RcsClientLib: 	at aeyl.disconnect(PG:41)
07-21 23:31:07.423  3276  3368 W RcsClientLib: 	at lhd.b(PG:39)
07-21 23:31:07.423  3276  3368 W RcsClientLib: 	at com.google.android.apps.messaging.rcsmigration.RcsStateProvider.lambda$onMigrationComplete$0$RcsStateProvider(PG:49)
07-21 23:31:07.423  3276  3368 W RcsClientLib: 	at euf.run(Unknown Source:2)
07-21 23:31:07.423  3276  3368 W RcsClientLib: 	at java.util.concurrent.ThreadPoolExecutor.runWorker(ThreadPoolExecutor.java:1162)
07-21 23:31:07.423  3276  3368 W RcsClientLib: 	at java.util.concurrent.ThreadPoolExecutor$Worker.run(ThreadPoolExecutor.java:636)
07-21 23:31:07.423  3276  3368 W RcsClientLib: 	at java.lang.Thread.run(Thread.java:764)
07-21 23:31:07.423  3276  3368 I BugleRcsEngine: [2662] aeyl.disconnect: Disconnecting LocationSharingService
07-21 23:31:07.424  3276  3368 W RcsClientLib: Unexpected error when trying to unbind com.google.android.ims.rcsservice.locationsharing.ILocationSharing: Service not registered: aeym@a04afaa
07-21 23:31:07.424  3276  3368 W RcsClientLib: java.lang.IllegalArgumentException: Service not registered: aeym@a04afaa
07-21 23:31:07.424  3276  3368 W RcsClientLib: 	at android.app.LoadedApk.forgetServiceDispatcher(LoadedApk.java:1493)
07-21 23:31:07.424  3276  3368 W RcsClientLib: 	at android.app.ContextImpl.unbindService(ContextImpl.java:1653)
07-21 23:31:07.424  3276  3368 W RcsClientLib: 	at android.content.ContextWrapper.unbindService(ContextWrapper.java:703)
07-21 23:31:07.424  3276  3368 W RcsClientLib: 	at aeyl.b(PG:43)
07-21 23:31:07.424  3276  3368 W RcsClientLib: 	at aeyl.disconnect(PG:41)
07-21 23:31:07.424  3276  3368 W RcsClientLib: 	at lhd.b(PG:40)
07-21 23:31:07.424  3276  3368 W RcsClientLib: 	at com.google.android.apps.messaging.rcsmigration.RcsStateProvider.lambda$onMigrationComplete$0$RcsStateProvider(PG:49)
07-21 23:31:07.424  3276  3368 W RcsClientLib: 	at euf.run(Unknown Source:2)
07-21 23:31:07.424  3276  3368 W RcsClientLib: 	at java.util.concurrent.ThreadPoolExecutor.runWorker(ThreadPoolExecutor.java:1162)
07-21 23:31:07.424  3276  3368 W RcsClientLib: 	at java.util.concurrent.ThreadPoolExecutor$Worker.run(ThreadPoolExecutor.java:636)
07-21 23:31:07.424  3276  3368 W RcsClientLib: 	at java.lang.Thread.run(Thread.java:764)
07-21 23:31:07.425  3276  3368 I BugleRcsEngine: [2662] aeyl.disconnect: Disconnecting ImsConnectionTrackerService
07-21 23:31:07.425  3276  3368 W RcsClientLib: Unexpected error when trying to unbind com.google.android.ims.rcsservice.ims.IImsConnectionTracker: Service not registered: aeym@f086738
07-21 23:31:07.426  3276  3343 W Bugle   : SubscriptionMetadataUtils get: invalid subId = -1
07-21 23:31:07.427  3276  3368 W RcsClientLib: java.lang.IllegalArgumentException: Service not registered: aeym@f086738
07-21 23:31:07.427  3276  3368 W RcsClientLib: 	at android.app.LoadedApk.forgetServiceDispatcher(LoadedApk.java:1493)
07-21 23:31:07.427  3276  3368 W RcsClientLib: 	at android.app.ContextImpl.unbindService(ContextImpl.java:1653)
07-21 23:31:07.427  3276  3368 W RcsClientLib: 	at android.content.ContextWrapper.unbindService(ContextWrapper.java:703)
07-21 23:31:07.427  3276  3368 W RcsClientLib: 	at aeyl.b(PG:43)
07-21 23:31:07.427  3276  3368 W RcsClientLib: 	at aeyl.disconnect(PG:41)
07-21 23:31:07.427  3276  3368 W RcsClientLib: 	at lhd.b(PG:41)
07-21 23:31:07.427  3276  3368 W RcsClientLib: 	at com.google.android.apps.messaging.rcsmigration.RcsStateProvider.lambda$onMigrationComplete$0$RcsStateProvider(PG:49)
07-21 23:31:07.427  3276  3368 W RcsClientLib: 	at euf.run(Unknown Source:2)
07-21 23:31:07.427  3276  3368 W RcsClientLib: 	at java.util.concurrent.ThreadPoolExecutor.runWorker(ThreadPoolExecutor.java:1162)
07-21 23:31:07.427  3276  3368 W RcsClientLib: 	at java.util.concurrent.ThreadPoolExecutor$Worker.run(ThreadPoolExecutor.java:636)
07-21 23:31:07.427  3276  3368 W RcsClientLib: 	at java.lang.Thread.run(Thread.java:764)
07-21 23:31:07.427  3228  3228 I CarrierServices: [2] cbl.onPostExecute: Unbinding RcsMigrationService
07-21 23:31:07.427  3276  3368 I BugleRcsEngine: [2662] aeyl.disconnect: Disconnecting RcsProfileService
07-21 23:31:07.428  3276  3368 W RcsClientLib: Unexpected error when trying to unbind com.google.android.ims.rcsservice.profile.IRcsProfile: Service not registered: aeym@9e68f13
07-21 23:31:07.433  3276  3368 W RcsClientLib: java.lang.IllegalArgumentException: Service not registered: aeym@9e68f13
07-21 23:31:07.433  3276  3368 W RcsClientLib: 	at android.app.LoadedApk.forgetServiceDispatcher(LoadedApk.java:1493)
07-21 23:31:07.433  3276  3368 W RcsClientLib: 	at android.app.ContextImpl.unbindService(ContextImpl.java:1653)
07-21 23:31:07.433  3276  3368 W RcsClientLib: 	at android.content.ContextWrapper.unbindService(ContextWrapper.java:703)
07-21 23:31:07.433  3276  3368 W RcsClientLib: 	at aeyl.b(PG:43)
07-21 23:31:07.433  3276  3368 W RcsClientLib: 	at aeyl.disconnect(PG:41)
07-21 23:31:07.433  3276  3368 W RcsClientLib: 	at lhd.b(PG:42)
07-21 23:31:07.433  3276  3368 W RcsClientLib: 	at com.google.android.apps.messaging.rcsmigration.RcsStateProvider.lambda$onMigrationComplete$0$RcsStateProvider(PG:49)
07-21 23:31:07.433  3276  3368 W RcsClientLib: 	at euf.run(Unknown Source:2)
07-21 23:31:07.433  3276  3368 W RcsClientLib: 	at java.util.concurrent.ThreadPoolExecutor.runWorker(ThreadPoolExecutor.java:1162)
07-21 23:31:07.433  3276  3368 W RcsClientLib: 	at java.util.concurrent.ThreadPoolExecutor$Worker.run(ThreadPoolExecutor.java:636)
07-21 23:31:07.433  3276  3368 W RcsClientLib: 	at java.lang.Thread.run(Thread.java:764)
07-21 23:31:07.434  3276  3368 I BugleRcsEngine: [2662] aeyl.disconnect: Disconnecting BusinessInfoService
07-21 23:31:07.434  3276  3368 W RcsClientLib: Unexpected error when trying to unbind com.google.android.ims.rcsservice.businessinfo.IBusinessInfo: Service not registered: aeym@421096f
07-21 23:31:07.435  3276  3368 W RcsClientLib: java.lang.IllegalArgumentException: Service not registered: aeym@421096f
07-21 23:31:07.435  3276  3368 W RcsClientLib: 	at android.app.LoadedApk.forgetServiceDispatcher(LoadedApk.java:1493)
07-21 23:31:07.435  3276  3368 W RcsClientLib: 	at android.app.ContextImpl.unbindService(ContextImpl.java:1653)
07-21 23:31:07.435  3276  3368 W RcsClientLib: 	at android.content.ContextWrapper.unbindService(ContextWrapper.java:703)
07-21 23:31:07.435  3276  3368 W RcsClientLib: 	at aeyl.b(PG:43)
07-21 23:31:07.435  3276  3368 W RcsClientLib: 	at aeyl.disconnect(PG:41)
07-21 23:31:07.435  3276  3368 W RcsClientLib: 	at lhd.b(PG:43)
07-21 23:31:07.435  3276  3368 W RcsClientLib: 	at com.google.android.apps.messaging.rcsmigration.RcsStateProvider.lambda$onMigrationComplete$0$RcsStateProvider(PG:49)
07-21 23:31:07.435  3276  3368 W RcsClientLib: 	at euf.run(Unknown Source:2)
07-21 23:31:07.435  3276  3368 W RcsClientLib: 	at java.util.concurrent.ThreadPoolExecutor.runWorker(ThreadPoolExecutor.java:1162)
07-21 23:31:07.435  3276  3368 W RcsClientLib: 	at java.util.concurrent.ThreadPoolExecutor$Worker.run(ThreadPoolExecutor.java:636)
07-21 23:31:07.435  3276  3368 W RcsClientLib: 	at java.lang.Thread.run(Thread.java:764)
07-21 23:31:07.435  3276  3343 W Bugle   : SubscriptionMetadataUtils get: invalid subId = -1
07-21 23:31:07.435  3276  3368 I BugleRcsEngine: [2662] aeyl.disconnect: Disconnecting RcsMessagingService
07-21 23:31:07.435  3276  3368 W RcsClientLib: Unexpected error when trying to unbind com.google.android.rcs.client.messaging.IMessaging: Service not registered: aeym@adecd8b
07-21 23:31:07.436  3276  3368 W RcsClientLib: java.lang.IllegalArgumentException: Service not registered: aeym@adecd8b
07-21 23:31:07.436  3276  3368 W RcsClientLib: 	at android.app.LoadedApk.forgetServiceDispatcher(LoadedApk.java:1493)
07-21 23:31:07.436  3276  3368 W RcsClientLib: 	at android.app.ContextImpl.unbindService(ContextImpl.java:1653)
07-21 23:31:07.436  3276  3368 W RcsClientLib: 	at android.content.ContextWrapper.unbindService(ContextWrapper.java:703)
07-21 23:31:07.436  3276  3368 W RcsClientLib: 	at aeyl.b(PG:43)
07-21 23:31:07.436  3276  3368 W RcsClientLib: 	at aeyl.disconnect(PG:41)
07-21 23:31:07.436  3276  3368 W RcsClientLib: 	at lhd.b(PG:44)
07-21 23:31:07.436  3276  3368 W RcsClientLib: 	at com.google.android.apps.messaging.rcsmigration.RcsStateProvider.lambda$onMigrationComplete$0$RcsStateProvider(PG:49)
07-21 23:31:07.436  3276  3368 W RcsClientLib: 	at euf.run(Unknown Source:2)
07-21 23:31:07.436  3276  3368 W RcsClientLib: 	at java.util.concurrent.ThreadPoolExecutor.runWorker(ThreadPoolExecutor.java:1162)
07-21 23:31:07.436  3276  3368 W RcsClientLib: 	at java.util.concurrent.ThreadPoolExecutor$Worker.run(ThreadPoolExecutor.java:636)
07-21 23:31:07.436  3276  3368 W RcsClientLib: 	at java.lang.Thread.run(Thread.java:764)
07-21 23:31:07.438  3276  3368 I BugleRcsEngine: [2662] aeyl.disconnect: Disconnecting TransportControlService
07-21 23:31:07.439  3276  3368 W RcsClientLib: Unexpected error when trying to unbind com.google.android.ims.rcsservice.transportcontrol.ITransportControl: Service not registered: aeym@8da0281
07-21 23:31:07.439  3276  3368 W RcsClientLib: java.lang.IllegalArgumentException: Service not registered: aeym@8da0281
07-21 23:31:07.439  3276  3368 W RcsClientLib: 	at android.app.LoadedApk.forgetServiceDispatcher(LoadedApk.java:1493)
07-21 23:31:07.439  3276  3368 W RcsClientLib: 	at android.app.ContextImpl.unbindService(ContextImpl.java:1653)
07-21 23:31:07.439  3276  3368 W RcsClientLib: 	at android.content.ContextWrapper.unbindService(ContextWrapper.java:703)
07-21 23:31:07.439  3276  3368 W RcsClientLib: 	at aeyl.b(PG:43)
07-21 23:31:07.439  3276  3368 W RcsClientLib: 	at aeyl.disconnect(PG:41)
07-21 23:31:07.439  3276  3368 W RcsClientLib: 	at lhd.b(PG:45)
07-21 23:31:07.439  3276  3368 W RcsClientLib: 	at com.google.android.apps.messaging.rcsmigration.RcsStateProvider.lambda$onMigrationComplete$0$RcsStateProvider(PG:49)
07-21 23:31:07.439  3276  3368 W RcsClientLib: 	at euf.run(Unknown Source:2)
07-21 23:31:07.439  3276  3368 W RcsClientLib: 	at java.util.concurrent.ThreadPoolExecutor.runWorker(ThreadPoolExecutor.java:1162)
07-21 23:31:07.439  3276  3368 W RcsClientLib: 	at java.util.concurrent.ThreadPoolExecutor$Worker.run(ThreadPoolExecutor.java:636)
07-21 23:31:07.439  3276  3368 W RcsClientLib: 	at java.lang.Thread.run(Thread.java:764)
07-21 23:31:07.439  3276  3368 W BugleRcs: disconnecting from all Rcs Services
07-21 23:31:07.442  3276  3368 I BugleRcsEngine: [2662] RcsStateProvider.lambda$onMigrationComplete$0$RcsStateProvider: JibeService stopped: false
07-21 23:31:07.443  3276  3368 I BugleRcsEngine: [2662] aeyl.connect: Connecting ChatSessionService
07-21 23:31:07.448  3276  3368 I BugleRcsEngine: [2662] aeyl.connect: shouldUseCarrierServicesJibeService: true, CarrierServices rcs service found: true
07-21 23:31:07.449  3276  3368 I BugleRcsEngine: [2662] aeyl.connect: Binding to JibeService in CarrierServices.
07-21 23:31:07.454  3276  3368 I BugleRcsEngine: [2662] aeyl.connect: Connecting EventService
07-21 23:31:07.467  3276  3368 I BugleRcsEngine: [2662] aeyl.connect: shouldUseCarrierServicesJibeService: true, CarrierServices rcs service found: true
07-21 23:31:07.470  3276  3368 I BugleRcsEngine: [2662] aeyl.connect: Binding to JibeService in CarrierServices.
07-21 23:31:07.472  3276  3368 I BugleRcsEngine: [2662] aeyl.connect: Connecting ContactsService
07-21 23:31:07.474  3276  3276 I RcsClientLib: Service com.google.android.rcs.client.chatsession.ChatSessionService connected. Will notify listeners: true
07-21 23:31:07.474  3276  3276 I BugleRcs: com.google.android.rcs.client.chatsession.ChatSessionService RCS service connected
07-21 23:31:07.479  3276  3368 I BugleRcsEngine: [2662] aeyl.connect: shouldUseCarrierServicesJibeService: true, CarrierServices rcs service found: true
07-21 23:31:07.480  3276  3368 I BugleRcsEngine: [2662] aeyl.connect: Binding to JibeService in CarrierServices.
07-21 23:31:07.482  3276  3368 I BugleRcsEngine: [2662] aeyl.connect: Connecting FileTransferService
07-21 23:31:07.485  3276  3276 I RcsClientLib: Service com.google.android.rcs.client.events.EventService connected. Will notify listeners: true
07-21 23:31:07.486  3276  3276 I BugleRcs: com.google.android.rcs.client.events.EventService RCS service connected
07-21 23:31:07.486  3276  3368 I BugleRcsEngine: [2662] aeyl.connect: shouldUseCarrierServicesJibeService: true, CarrierServices rcs service found: true
07-21 23:31:07.487  3276  3368 I BugleRcsEngine: [2662] aeyl.connect: Binding to JibeService in CarrierServices.
07-21 23:31:07.497  3276  3368 I BugleRcsEngine: [2662] aeyl.connect: Connecting LocationSharingService
07-21 23:31:07.501  3276  3368 I BugleRcsEngine: [2662] aeyl.connect: shouldUseCarrierServicesJibeService: true, CarrierServices rcs service found: true
07-21 23:31:07.502  3276  3368 I BugleRcsEngine: [2662] aeyl.connect: Binding to JibeService in CarrierServices.
07-21 23:31:07.502  3276  3276 I RcsClientLib: Service com.google.android.rcs.client.contacts.ContactsService connected. Will notify listeners: true
07-21 23:31:07.503  3276  3276 I BugleRcs: com.google.android.rcs.client.contacts.ContactsService RCS service connected
07-21 23:31:07.504  3276  3368 I BugleRcsEngine: [2662] aeyl.connect: Connecting ImsConnectionTrackerService
07-21 23:31:07.508  3276  3368 I BugleRcsEngine: [2662] aeyl.connect: shouldUseCarrierServicesJibeService: true, CarrierServices rcs service found: true
07-21 23:31:07.509  3276  3368 I BugleRcsEngine: [2662] aeyl.connect: Binding to JibeService in CarrierServices.
07-21 23:31:07.512  3276  3368 I BugleRcsEngine: [2662] aeyl.connect: Connecting RcsProfileService
07-21 23:31:07.514  3276  3276 I RcsClientLib: Service com.google.android.rcs.client.filetransfer.FileTransferService connected. Will notify listeners: true
07-21 23:31:07.514  3276  3276 I BugleRcs: com.google.android.rcs.client.filetransfer.FileTransferService RCS service connected
07-21 23:31:07.516  3276  3368 I BugleRcsEngine: [2662] aeyl.connect: shouldUseCarrierServicesJibeService: true, CarrierServices rcs service found: true
07-21 23:31:07.517  3276  3368 I BugleRcsEngine: [2662] aeyl.connect: Binding to JibeService in CarrierServices.
07-21 23:31:07.517  3276  3276 I RcsClientLib: Service com.google.android.rcs.client.locationsharing.LocationSharingService connected. Will notify listeners: true
07-21 23:31:07.518  3276  3276 I BugleRcs: com.google.android.rcs.client.locationsharing.LocationSharingService RCS service connected
07-21 23:31:07.519  3276  3368 I BugleRcsEngine: [2662] aeyl.connect: Connecting BusinessInfoService
07-21 23:31:07.524  3276  3368 I BugleRcsEngine: [2662] aeyl.connect: shouldUseCarrierServicesJibeService: true, CarrierServices rcs service found: true
07-21 23:31:07.524  3276  3276 I RcsClientLib: Service com.google.android.rcs.client.ims.ImsConnectionTrackerService connected. Will notify listeners: true
07-21 23:31:07.524  3276  3368 I BugleRcsEngine: [2662] aeyl.connect: Binding to JibeService in CarrierServices.
07-21 23:31:07.525  3276  3276 I BugleRcs: com.google.android.rcs.client.ims.ImsConnectionTrackerService RCS service connected
07-21 23:31:07.528  3276  3368 I BugleRcsEngine: [2662] aeyl.connect: Connecting RcsMessagingService
07-21 23:31:07.532  3276  3368 I BugleRcsEngine: [2662] aeyl.connect: shouldUseCarrierServicesJibeService: true, CarrierServices rcs service found: true
07-21 23:31:07.535  3276  3368 I BugleRcsEngine: [2662] aeyl.connect: Binding to JibeService in CarrierServices.
07-21 23:31:07.538  3276  3368 I BugleRcsEngine: [2662] aeyl.connect: Connecting TransportControlService
07-21 23:31:07.544  3276  3368 I BugleRcsEngine: [2662] aeyl.connect: shouldUseCarrierServicesJibeService: true, CarrierServices rcs service found: true
07-21 23:31:07.545  3276  3368 I BugleRcsEngine: [2662] aeyl.connect: Binding to JibeService in CarrierServices.
07-21 23:31:07.549  3276  3368 I BugleRcs: connecting to 10 Rcs Services
07-21 23:31:07.563  3276  3368 I RcsProvisioning: Failed to read config: no config found /data/user/0/com.google.android.apps.messaging/files/rcsconfig (No such file or directory)
07-21 23:31:07.581  3276  3276 I BugleRcs: subscribing to global rcs listener
07-21 23:31:07.584  3228  3301 I CarrierServices: [2642] EventHubProxy.subscribe: Adding event listener com.google.android.ims.rcsservice.events.IEventObserver$Stub$Proxy@87277b2 for category 3 with key 141719474 for hub UI
07-21 23:31:07.586  3228  3301 I CarrierServices: [2642] EventHubProxy.subscribe: Adding event listener com.google.android.ims.rcsservice.events.IEventObserver$Stub$Proxy@ee16303 for category 5 with key 249651971 for hub UI
07-21 23:31:07.587  3228  3301 I CarrierServices: [2642] EventHubProxy.subscribe: Adding event listener com.google.android.ims.rcsservice.events.IEventObserver$Stub$Proxy@9744280 for category 2 with key 158614144 for hub UI
07-21 23:31:07.611  3276  3281 I zygote  : Do partial code cache collection, code=28KB, data=31KB
07-21 23:31:07.613  3276  3281 I zygote  : After code cache collection, code=25KB, data=30KB
07-21 23:31:07.613  3276  3281 I zygote  : Increasing code cache capacity to 128KB
07-21 23:31:07.619  3228  3301 E CarrierServices: [2642] dlj.a: Invalid signature found for com.android.contacts: 133C95C5F20BA6481C493541241961C0DC0415A8
07-21 23:31:07.647  3276  3276 I RcsClientLib: Service com.google.android.rcs.client.profile.RcsProfileService connected. Will notify listeners: true
07-21 23:31:07.648  3276  3276 I BugleRcs: com.google.android.rcs.client.profile.RcsProfileService RCS service connected
07-21 23:31:07.655  3228  3241 I CarrierServices: [2614] czd.d: RCS Configuration storage in Bugle is disabled by p/h flag, using ProvisioningEngineStateCacheUtil.getProvisioningConfigurationForGivenSim()
07-21 23:31:07.656  3228  3241 W CarrierServices: [2614] dan.a: No config URL. RCS will be disabled!
07-21 23:31:07.661  3276  3276 I BugleRcs: RcsAvailability ACS url: null
07-21 23:31:07.663  3276  3276 I RcsClientLib: Service com.google.android.rcs.client.businessinfo.BusinessInfoService connected. Will notify listeners: true
07-21 23:31:07.663  3276  3276 I BugleRcs: com.google.android.rcs.client.businessinfo.BusinessInfoService RCS service connected
07-21 23:31:07.671  3228  3241 I CarrierServices: [2614] czd.d: RCS Configuration storage in Bugle is disabled by p/h flag, using ProvisioningEngineStateCacheUtil.getProvisioningConfigurationForGivenSim()
07-21 23:31:07.672  3228  3241 W CarrierServices: [2614] dan.a: No config URL. RCS will be disabled!
07-21 23:31:07.673  3276  3276 I BugleRcs: RcsAvailability ACS url: null
07-21 23:31:07.675  3276  3276 I RcsClientLib: Service com.google.android.rcs.client.messaging.RcsMessagingService connected. Will notify listeners: true
07-21 23:31:07.675  3276  3276 I BugleRcs: com.google.android.rcs.client.messaging.RcsMessagingService RCS service connected
07-21 23:31:07.682  3228  3241 I CarrierServices: [2614] czd.d: RCS Configuration storage in Bugle is disabled by p/h flag, using ProvisioningEngineStateCacheUtil.getProvisioningConfigurationForGivenSim()
07-21 23:31:07.684  3228  3241 W CarrierServices: [2614] dan.a: No config URL. RCS will be disabled!
07-21 23:31:07.685  3276  3276 I BugleRcs: RcsAvailability ACS url: null
07-21 23:31:07.686  3276  3276 I RcsClientLib: Service com.google.android.rcs.client.transportcontrol.TransportControlService connected. Will notify listeners: true
07-21 23:31:07.687  3276  3276 I BugleRcs: com.google.android.rcs.client.transportcontrol.TransportControlService RCS service connected
07-21 23:31:07.695  3228  3241 I CarrierServices: [2614] czd.d: RCS Configuration storage in Bugle is disabled by p/h flag, using ProvisioningEngineStateCacheUtil.getProvisioningConfigurationForGivenSim()
07-21 23:31:07.697  3228  3241 W CarrierServices: [2614] dan.a: No config URL. RCS will be disabled!
07-21 23:31:07.697  3276  3368 I BugleRcsEngine: [2662] xxw.a: Deleted transfers file: false
07-21 23:31:07.698  3276  3276 I BugleRcs: RcsAvailability ACS url: null
07-21 23:31:07.702  3276  3368 I RcsProvisioning: Failed to read config: no config found /data/user/0/com.google.android.apps.messaging/files/rcsconfig (No such file or directory)
07-21 23:31:07.762  3276  3341 W ResourceType: For resource 0x7f1305fb, entry index(1531) is beyond type entryCount(677)
07-21 23:31:07.763  3276  3341 W ResourceType: For resource 0x7f1302c4, entry index(708) is beyond type entryCount(677)
07-21 23:31:07.771  3228  3250 I CarrierServices: [2619] dja.a: Received Provisioning Event: [Bugle information (100)]
07-21 23:31:07.771  3228  3250 I CarrierServices: [2619] dja.a: JibeService is running, passing event to provisioning engine.
07-21 23:31:07.771  3228  3250 I CarrierServices: [2619] cun.a: Handling Provisioning Event: [Bugle information (100)]
07-21 23:31:07.772  3228  3250 I CarrierServices: [2619] cxj.a: RcsAvailabilityManager: Calculating Rcs Availability
07-21 23:31:07.773  3228  3250 I CarrierServices: [2619] czd.b: Bugle ContentProvider is disabled by p/h flag, using ProvisioningEngineStateCacheUtil.getBugleHasRequiredPermission()
07-21 23:31:07.774  3228  3250 I CarrierServices: [2619] czd.b: Bugle has minimum required RCS permissions: true
07-21 23:31:07.776  3228  3250 W CarrierServices: [2619] dan.a: No config URL. RCS will be disabled!
07-21 23:31:07.777  3228  3250 I CarrierServices: [2619] blj.onCsLibPhenotypeUpdated: BindingManager: binding and reset P/H Flag stay same
07-21 23:31:07.778  3228  3250 I CarrierServices: [2619] cxj.a: RcsAvailabilityManager: Rcs Availability still DISABLED_VIA_GSERVICES (RCS is disabled for this carrier by Google)
07-21 23:31:08.734  2202  2264 I PeriodicStatsRunner: PeriodicStatsRunner.call():175 call()
07-21 23:31:08.734  2202  2264 I PeriodicStatsRunner: PeriodicStatsRunner.call():179 No submit PeriodicStats since input started.
07-21 23:31:08.837  1561  4244 I ActivityManager: Force stopping org.mozilla.fennec_aurora appid=11502 user=0: from pid 3378
07-21 23:31:08.838  1561  4244 I ActivityManager: Killing 2944:org.mozilla.fennec_aurora/u0a1502 (adj 700): stop org.mozilla.fennec_aurora
07-21 23:31:08.840  1561  4244 W ActivityManager: Force removing ActivityRecord{6c546a1 u0 org.mozilla.fennec_aurora/org.mozilla.fenix.HomeActivity t667}: app died, no saved state
07-21 23:31:08.841  1561  1658 W zygote  : kill(-2944, 9) failed: No such process
07-21 23:31:08.849  1561  4244 I ActivityManager: Killing 3063:org.mozilla.fennec_aurora:tab0/u0a1502 (adj 0): stop org.mozilla.fennec_aurora
07-21 23:31:08.853  2763  2763 I Finsky  : [2] qyn.onTrimMemory(1): Memory trim requested to level 80
07-21 23:31:08.855  1561  1658 W zygote  : kill(-2944, 9) failed: No such process
07-21 23:31:08.860  2420  2420 D CarrierSvcBindHelper: No carrier app for: 0
