03-23 18:12:21.236 28336 28379 E AudioSource: Stop listening is called on already closed AudioSource
03-23 18:12:21.239 28336  8102 I PBSessionCacheImpl: Deleted sessionId[124624629806598051] from persistence.
03-23 18:12:21.240 28336 28336 I MemoryTrimmer: Trimming objects from memory, since app is in the background.
03-23 18:12:21.245  1456  4797 I WifiService: getWifiEnabledState uid=10073
03-23 18:12:21.248 28336 28379 I DEBUG   : OpaToSrpTransitionState#onStateChanged#notNullQuery
03-23 18:12:21.249 28336 28379 I DEBUG   : OpaToSrpTransitionState#onStateChanged#notNullQuery
03-23 18:12:21.250 28336 28379 W SearchServiceCore: Abort, client detached.
03-23 18:12:21.252  1934  1975 D GeckoThread: State changed to RUNNING
03-23 18:12:21.271  1934  1975 I Gecko   : -*- nsDNSServiceDiscovery.js : nsDNSServiceDiscovery
03-23 18:12:21.335  1934  1934 D GeckoNetworkManager: Incoming event enableNotifications for state OnNoListeners -> OnWithListeners
03-23 18:12:21.336  1934  1934 D GeckoNetworkManager: New network state: DOWN, NONE, UNKNOWN
03-23 18:12:21.337  1934  1934 D GeckoNetworkManager: Incoming event receivedUpdate for state OnWithListeners -> OnWithListeners
03-23 18:12:21.338  1934  1934 D GeckoNetworkManager: New network state: DOWN, NONE, UNKNOWN
03-23 18:12:21.340  1934  1975 W GeckoLinker: /data/app/org.mozilla.fennec_aurora-W4mjbV6UeH8FnbRiigwJtg==/lib/arm/libsoftokn3.so: unhandled flags #8 not handled
03-23 18:12:21.341  1934  1975 W GeckoLinker: /data/app/org.mozilla.fennec_aurora-W4mjbV6UeH8FnbRiigwJtg==/lib/arm/libsoftokn3.so: Relocation to NULL @0x0002cffc for symbol "__cxa_type_match"
03-23 18:12:21.342  1934  1975 W GeckoLinker: /data/app/org.mozilla.fennec_aurora-W4mjbV6UeH8FnbRiigwJtg==/lib/arm/libfreebl3.so: unhandled flags #8 not handled
03-23 18:12:21.343  1934  1975 W GeckoLinker: /data/app/org.mozilla.fennec_aurora-W4mjbV6UeH8FnbRiigwJtg==/lib/arm/libfreebl3.so: Relocation to NULL @0x0004fffc for symbol "__cxa_type_match"
03-23 18:12:21.374  1934  2117 W GeckoLinker: /data/app/org.mozilla.fennec_aurora-W4mjbV6UeH8FnbRiigwJtg==/lib/arm/libnssckbi.so: unhandled flags #8 not handled
03-23 18:12:21.375  1934  2117 W GeckoLinker: /data/app/org.mozilla.fennec_aurora-W4mjbV6UeH8FnbRiigwJtg==/lib/arm/libnssckbi.so: Relocation to NULL @0x00055ffc for symbol "__cxa_type_match"
03-23 18:12:21.438  1934  1975 W ResourceType: Too many attribute references, stopped at: 0x01010099
03-23 18:12:21.486  1934  1975 W GeckoEventDispatcher: No listener for GeckoView:AccessibilityEnabled
03-23 18:12:21.626  1023  2154 D libc    : Internal error: netid(0), id(0x4de4), server(0.0.0.0)
03-23 18:12:21.626  1023  2154 D libc    : Internal error: netid(0), id(0x4de4), server(0.0.0.0)
03-23 18:12:21.626  1023  2154 D libc    : Internal error: netid(0), id(0x438b), server(0.0.0.0)
03-23 18:12:21.627  1023  2154 D libc    : Internal error: netid(0), id(0x438b), server(0.0.0.0)
03-23 18:12:21.649  1023  2176 D libc    : Internal error: netid(0), id(0x1e8e), server(0.0.0.0)
03-23 18:12:21.650  1023  2176 D libc    : Internal error: netid(0), id(0x1e8e), server(0.0.0.0)
03-23 18:12:21.650  1023  2176 D libc    : Internal error: netid(0), id(0xa2f2), server(0.0.0.0)
03-23 18:12:21.650  1023  2176 D libc    : Internal error: netid(0), id(0xa2f2), server(0.0.0.0)
03-23 18:12:21.650  1023  2182 D libc    : Internal error: netid(0), id(0xe3c0), server(0.0.0.0)
03-23 18:12:21.651  1023  2182 D libc    : Internal error: netid(0), id(0xe3c0), server(0.0.0.0)
03-23 18:12:21.651  1023  2182 D libc    : Internal error: netid(0), id(0x7fa7), server(0.0.0.0)
03-23 18:12:21.651  1023  2182 D libc    : Internal error: netid(0), id(0x7fa7), server(0.0.0.0)
03-23 18:12:21.653  1023  2185 D libc    : Internal error: netid(0), id(0x7892), server(0.0.0.0)
03-23 18:12:21.653  1023  2185 D libc    : Internal error: netid(0), id(0x7892), server(0.0.0.0)
03-23 18:12:21.653  1023  2185 D libc    : Internal error: netid(0), id(0x369f), server(0.0.0.0)
03-23 18:12:21.653  1934  1975 W ResourceType: Too many attribute references, stopped at: 0x01010099
03-23 18:12:21.653  1023  2185 D libc    : Internal error: netid(0), id(0x369f), server(0.0.0.0)
03-23 18:12:21.679  1934  1972 D App     : Could not fetch region from location service
03-23 18:12:21.679  1934  1972 D App     : java.io.IOException: org.mozilla.geckoview.WebRequestError: Request failed, error=0x25, category=0x5
03-23 18:12:21.679  1934  1972 D App     : 	at mozilla.components.browser.engine.gecko.fetch.GeckoViewFetchClient.fetch(GeckoViewFetchClient.kt:39)
03-23 18:12:21.679  1934  1972 D App     : 	at mozilla.components.service.location.MozillaLocationService$fetchRegion$2.invokeSuspend(MozillaLocationService.kt:27)
03-23 18:12:21.679  1934  1972 D App     : 	at mozilla.components.service.location.MozillaLocationService$fetchRegion$2.invoke(Unknown Source:10)
03-23 18:12:21.679  1934  1972 D App     : 	at kotlin.jvm.internal.Intrinsics.startUndispatchedOrReturn(Intrinsics.java:2)
03-23 18:12:21.679  1934  1972 D App     : 	at kotlin.jvm.internal.Intrinsics.withContext(Intrinsics.java:9)
03-23 18:12:21.679  1934  1972 D App     : 	at mozilla.components.service.location.MozillaLocationService.fetchRegion(MozillaLocationService.kt:2)
03-23 18:12:21.679  1934  1972 D App     : 	at mozilla.components.service.location.search.RegionSearchLocalizationProvider.determineRegion(RegionSearchLocalizationProvider.kt:5)
03-23 18:12:21.679  1934  1972 D App     : 	at mozilla.components.browser.search.provider.AssetsSearchEngineProvider.loadSearchEngines(AssetsSearchEngineProvider.kt:5)
03-23 18:12:21.679  1934  1972 D App     : 	at org.mozilla.fenix.components.searchengine.FenixSearchEngineProvider$baseSearchEngines$1.invokeSuspend(FenixSearchEngineProvider.kt:9)
03-23 18:12:21.679  1934  1972 D App     : 	at kotlin.coroutines.jvm.internal.BaseContinuationImpl.resumeWith(ContinuationImpl.kt:2)
03-23 18:12:21.679  1934  1972 D App     : 	at kotlinx.coroutines.DispatchedTask.run(DispatchedTask.kt:19)
03-23 18:12:21.679  1934  1972 D App     : 	at kotlinx.coroutines.scheduling.CoroutineScheduler.runSafely(CoroutineScheduler.kt:1)
03-23 18:12:21.679  1934  1972 D App     : 	at kotlinx.coroutines.scheduling.CoroutineScheduler$Worker.run(CoroutineScheduler.kt:14)
03-23 18:12:21.679  1934  1972 D App     : Caused by: org.mozilla.geckoview.WebRequestError: Request failed, error=0x25, category=0x5
03-23 18:12:21.679  1934  1972 D App     : 	at org.mozilla.gecko.mozglue.GeckoLoader.nativeRun(Native Method)
03-23 18:12:21.679  1934  1972 D App     : 	at org.mozilla.gecko.GeckoThread.run(GeckoThread.java:91)
03-23 18:12:21.679  1934  1973 D App     : Could not fetch region from location service
03-23 18:12:21.679  1934  1973 D App     : java.io.IOException: org.mozilla.geckoview.WebRequestError: Request failed, error=0x25, category=0x5
03-23 18:12:21.679  1934  1973 D App     : 	at mozilla.components.browser.engine.gecko.fetch.GeckoViewFetchClient.fetch(GeckoViewFetchClient.kt:39)
03-23 18:12:21.679  1934  1973 D App     : 	at mozilla.components.service.location.MozillaLocationService$fetchRegion$2.invokeSuspend(MozillaLocationService.kt:27)
03-23 18:12:21.679  1934  1973 D App     : 	at kotlin.coroutines.jvm.internal.BaseContinuationImpl.resumeWith(ContinuationImpl.kt:2)
03-23 18:12:21.679  1934  1973 D App     : 	at kotlinx.coroutines.DispatchedTask.run(DispatchedTask.kt:19)
03-23 18:12:21.679  1934  1973 D App     : 	at kotlinx.coroutines.scheduling.CoroutineScheduler.runSafely(CoroutineScheduler.kt:1)
03-23 18:12:21.679  1934  1973 D App     : 	at kotlinx.coroutines.scheduling.CoroutineScheduler$Worker.run(CoroutineScheduler.kt:14)
03-23 18:12:21.679  1934  1973 D App     : Caused by: org.mozilla.geckoview.WebRequestError: Request failed, error=0x25, category=0x5
03-23 18:12:21.679  1934  1973 D App     : 	at org.mozilla.gecko.mozglue.GeckoLoader.nativeRun(Native Method)
03-23 18:12:21.679  1934  1973 D App     : 	at org.mozilla.gecko.GeckoThread.run(GeckoThread.java:91)
03-23 18:12:21.785  2039  2092 D GeckoThread: State changed to MOZGLUE_READY
03-23 18:12:21.793  2039  2092 W Settings: Setting animator_duration_scale has moved from android.provider.Settings.System to android.provider.Settings.Global, returning read-only global URI.
03-23 18:12:21.796  2039  2092 E GeckoLibLoad: Load sqlite start
03-23 18:12:21.811  1934  1975 I GeckoSession: zerdatime 17529635579 - chrome startup finished
03-23 18:12:21.814  2039  2092 W GeckoLinker: /data/app/org.mozilla.fennec_aurora-W4mjbV6UeH8FnbRiigwJtg==/lib/arm/libnss3.so: unhandled flags #8 not handled
03-23 18:12:21.818  2039  2092 W GeckoLinker: /data/app/org.mozilla.fennec_aurora-W4mjbV6UeH8FnbRiigwJtg==/lib/arm/libnss3.so: Relocation to NULL @0x001b9ffc for symbol "__cxa_type_match"
03-23 18:12:21.818  2039  2092 E GeckoLibLoad: Load sqlite done
03-23 18:12:21.819  2039  2092 E GeckoLibLoad: Load nss start
03-23 18:12:21.819  2039  2092 E GeckoLibLoad: Load nss done
03-23 18:12:21.819  2039  2092 W GeckoLinker: /data/app/org.mozilla.fennec_aurora-W4mjbV6UeH8FnbRiigwJtg==/lib/arm/libxul.so: unhandled flags #8 not handled
03-23 18:12:21.819  2039  2092 W GeckoLinker: /data/app/org.mozilla.fennec_aurora-W4mjbV6UeH8FnbRiigwJtg==/lib/arm/liblgpllibs.so: unhandled flags #8 not handled
03-23 18:12:21.851  2039  2092 E GeckoLibLoad: Loaded libs in 32.109899ms total, 23ms(30ms) user, 3ms(3ms) system, 0(0) faults
03-23 18:12:21.851  2039  2092 D GeckoThread: State changed to LIBS_READY
03-23 18:12:21.851  2039  2092 W GeckoThread: zerdatime 17529635619 - runGecko
03-23 18:12:21.853  1934  1973 D App     : Could not fetch region from location service
03-23 18:12:21.853  1934  1973 D App     : java.io.IOException: org.mozilla.geckoview.WebRequestError: Request failed, error=0x25, category=0x5
03-23 18:12:21.853  1934  1973 D App     : 	at mozilla.components.browser.engine.gecko.fetch.GeckoViewFetchClient.fetch(GeckoViewFetchClient.kt:39)
03-23 18:12:21.853  1934  1973 D App     : 	at mozilla.components.service.location.MozillaLocationService$fetchRegion$2.invokeSuspend(MozillaLocationService.kt:27)
03-23 18:12:21.853  1934  1973 D App     : 	at mozilla.components.service.location.MozillaLocationService$fetchRegion$2.invoke(Unknown Source:10)
03-23 18:12:21.853  1934  1973 D App     : 	at kotlin.jvm.internal.Intrinsics.startUndispatchedOrReturn(Intrinsics.java:2)
03-23 18:12:21.853  1934  1973 D App     : 	at kotlin.jvm.internal.Intrinsics.withContext(Intrinsics.java:9)
03-23 18:12:21.853  1934  1973 D App     : 	at mozilla.components.service.location.MozillaLocationService.fetchRegion(MozillaLocationService.kt:2)
03-23 18:12:21.853  1934  1973 D App     : 	at mozilla.components.service.location.search.RegionSearchLocalizationProvider.determineRegion(RegionSearchLocalizationProvider.kt:5)
03-23 18:12:21.853  1934  1973 D App     : 	at mozilla.components.browser.search.provider.AssetsSearchEngineProvider.loadSearchEngines(AssetsSearchEngineProvider.kt:5)
03-23 18:12:21.853  1934  1973 D App     : 	at org.mozilla.fenix.components.searchengine.FenixSearchEngineProvider$bundledSearchEngines$1.invokeSuspend(FenixSearchEngineProvider.kt:21)
03-23 18:12:21.853  1934  1973 D App     : 	at kotlin.coroutines.jvm.internal.BaseContinuationImpl.resumeWith(ContinuationImpl.kt:2)
03-23 18:12:21.853  1934  1973 D App     : 	at kotlinx.coroutines.DispatchedTask.run(DispatchedTask.kt:19)
03-23 18:12:21.853  1934  1973 D App     : 	at kotlinx.coroutines.scheduling.CoroutineScheduler.runSafely(CoroutineScheduler.kt:1)
03-23 18:12:21.853  1934  1973 D App     : 	at kotlinx.coroutines.scheduling.CoroutineScheduler$Worker.run(CoroutineScheduler.kt:14)
03-23 18:12:21.853  1934  1973 D App     : Caused by: org.mozilla.geckoview.WebRequestError: Request failed, error=0x25, category=0x5
03-23 18:12:21.853  1934  1973 D App     : 	at org.mozilla.gecko.mozglue.GeckoLoader.nativeRun(Native Method)
03-23 18:12:21.853  1934  1973 D App     : 	at org.mozilla.gecko.GeckoThread.run(GeckoThread.java:91)
03-23 18:12:22.185  2039  2092 D GeckoThread: State changed to RUNNING
03-23 18:12:22.220  2039  2092 W ResourceType: Too many attribute references, stopped at: 0x01010099
03-23 18:12:22.307  1934  1934 D App     : Installed browser-icons extension
03-23 18:12:22.309  1934  1934 D mozac-webextensions: Installed extension: mozacWebchannel
03-23 18:12:22.311  1934  1934 D mozac-webextensions: Installed extension: mozacReaderview
03-23 18:12:22.320  2039  2039 D GeckoNetworkManager: Incoming event enableNotifications for state OffNoListeners -> OffWithListeners
03-23 18:12:22.323  2039  2039 D GeckoNetworkManager: New network state: DOWN, NONE, UNKNOWN
03-23 18:12:22.331  1934  1934 D GeckoSession: handleMessage GeckoView:PageStart uri=about:blank
03-23 18:12:22.378  1934  1934 D GeckoSession: handleMessage GeckoView:LocationChange uri=about:blank
03-23 18:12:22.382  1934  1934 D GeckoSession: handleMessage GeckoView:PageStop uri=null
03-23 18:12:22.386  1934  1975 D GeckoScreenOrientation: unlocking
03-23 18:12:22.390  1934  1934 I SessionStorage/AutoSave: Save: Load finished
03-23 18:12:22.392  1934  2194 D SessionStorage/AutoSave: Delaying save (108ms)
03-23 18:12:22.425  1934  1934 D GeckoSession: handleMessage GeckoView:ProgressChanged uri=null
03-23 18:12:22.433  1934  1934 D GeckoSession: handleMessage GeckoView:PageStart uri=https://example.com/
03-23 18:12:22.435  1934  1945 I zygote  : Do partial code cache collection, code=123KB, data=93KB
03-23 18:12:22.437  1934  1945 I zygote  : After code cache collection, code=122KB, data=92KB
03-23 18:12:22.437  1934  1945 I zygote  : Increasing code cache capacity to 512KB
03-23 18:12:22.456  1934  1934 D GeckoSession: handleMessage GeckoView:ProgressChanged uri=null
03-23 18:12:22.464  1934  1934 D GeckoSession: handleMessage GeckoView:PageStop uri=null
03-23 18:12:22.464  1934  1934 I SessionStorage/AutoSave: Save: Load finished
03-23 18:12:22.464  1934  1934 D SessionStorage/AutoSave: Skipping save, other job already in flight
03-23 18:12:22.475  1934  1934 D GeckoSession: handleMessage GeckoView:SecurityChanged uri=null
03-23 18:12:22.476  1934  1934 D GeckoSession: handleMessage GeckoView:ProgressChanged uri=null
03-23 18:12:22.482  1934  1934 D GeckoSession: handleMessage GeckoView:PageStart uri=https://example.com/
03-23 18:12:22.506  1934  1934 I zygote  : Deoptimizing void kotlin.coroutines.jvm.internal.ContinuationImpl.<init>(kotlin.coroutines.Continuation) due to JIT inline cache
03-23 18:12:22.510  1934  2194 D SessionStorage/AutoSave: Saved state to disk [9ms]
03-23 18:12:22.728  1934  1934 D GeckoSession: handleMessage GeckoView:OnLoadError uri=https://example.com/
03-23 18:12:22.761  1934  1934 D mozac-webcompat: Installed WebCompat webextension: webcompat@mozilla.com
03-23 18:12:22.765  1934  1934 D GeckoSession: handleMessage GeckoView:ProgressChanged uri=null
03-23 18:12:22.776  1934  1934 D GeckoSession: handleMessage GeckoView:PageStop uri=null
03-23 18:12:22.777  1934  1934 I SessionStorage/AutoSave: Save: Load finished
03-23 18:12:22.778  1934  2194 D SessionStorage/AutoSave: Delaying save (1614ms)
03-23 18:12:22.809  1934  1934 D GeckoSession: handleMessage GeckoView:LocationChange uri=https://example.com/
03-23 18:12:22.817  1934  1934 I zygote  : Deoptimizing java.lang.Object kotlin.coroutines.CoroutineContext$plus$1.invoke(java.lang.Object, java.lang.Object) due to JIT inline cache
03-23 18:12:22.821  1934  2194 D places_ffi: bookmarks_get_all_with_url
03-23 18:12:22.841  1934  1934 D GeckoSession: handleMessage GeckoView:SecurityChanged uri=null
03-23 18:12:22.891  1934  2194 D places_ffi: places_connection_new
03-23 18:12:22.906  1934  2194 D places_ffi: places_note_observation
03-23 18:12:22.926  1934  2194 D sql_support::conn_ext: Transaction commited after 19.379064ms
03-23 18:12:22.976  2039  2092 W GeckoLinker: /data/app/org.mozilla.fennec_aurora-W4mjbV6UeH8FnbRiigwJtg==/lib/arm/libsoftokn3.so: unhandled flags #8 not handled
03-23 18:12:22.977  2039  2092 W GeckoLinker: /data/app/org.mozilla.fennec_aurora-W4mjbV6UeH8FnbRiigwJtg==/lib/arm/libsoftokn3.so: Relocation to NULL @0x0002cffc for symbol "__cxa_type_match"
03-23 18:12:22.978  2039  2092 W GeckoLinker: /data/app/org.mozilla.fennec_aurora-W4mjbV6UeH8FnbRiigwJtg==/lib/arm/libfreebl3.so: unhandled flags #8 not handled
03-23 18:12:22.979  2039  2092 W GeckoLinker: /data/app/org.mozilla.fennec_aurora-W4mjbV6UeH8FnbRiigwJtg==/lib/arm/libfreebl3.so: Relocation to NULL @0x0004fffc for symbol "__cxa_type_match"
03-23 18:12:23.013  1934  2194 D places_ffi: places_note_observation
03-23 18:12:23.035  1934  2194 D sql_support::conn_ext: Transaction commited after 20.560835ms
03-23 18:12:23.040  1934  1999 D places_ffi: places_note_observation
03-23 18:12:23.055  1934  1999 D sql_support::conn_ext: Transaction commited after 14.246304ms
03-23 18:12:23.112  1934  1934 I DefaultSupportedAddonsChecker: Register check for new supported add-ons
03-23 18:12:23.775  1934  1934 D GeckoSession: handleMessage GeckoView:StateUpdated uri=null
03-23 18:12:23.775  1934  1934 W GeckoSession: No history entries found.
03-23 18:12:24.407  1934  1999 D SessionStorage/AutoSave: Saved state to disk [13ms]
03-23 18:12:25.526  2292  2292 D AndroidRuntime: >>>>>> START com.android.internal.os.RuntimeInit uid 2000 <<<<<<
03-23 18:12:25.539  2292  2292 W app_process: Could not reserve sentinel fault page
03-23 18:12:25.706  2292  2292 I app_process: The ClassLoaderContext is a special shared library.
03-23 18:12:25.777  2292  2292 D AndroidRuntime: Calling main entry com.android.commands.input.Input
03-23 18:12:25.778  2292  2292 I Input   : injectKeyEvent: KeyEvent { action=ACTION_DOWN, keyCode=KEYCODE_HOME, scanCode=0, metaState=0, flags=0x0, repeatCount=0, eventTime=17077601058, downTime=17077601058, deviceId=-1, source=0x101 }
03-23 18:12:25.784  2292  2292 I Input   : injectKeyEvent: KeyEvent { action=ACTION_UP, keyCode=KEYCODE_HOME, scanCode=0, metaState=0, flags=0x0, repeatCount=0, eventTime=17077601058, downTime=17077601058, deviceId=-1, source=0x101 }
03-23 18:12:25.790  1456  1941 I ActivityManager: START u0 {act=android.intent.action.MAIN cat=[android.intent.category.HOME] flg=0x10200000 cmp=com.android.launcher3/.CustomizationPanelLauncher (has extras)} from uid 1000
03-23 18:12:25.791   794   839 E ANDR-PERF-RESOURCEQS: Failed to apply optimization [4, 0]
03-23 18:12:25.802  1456  1941 I ActivityManager: moveHomeStack, setupComplete:true
03-23 18:12:25.808 28336 28375 I Adreno  : QUALCOMM build                   : bb5b86c, I77d3059488
03-23 18:12:25.808 28336 28375 I Adreno  : Build Date                       : 06/07/18
03-23 18:12:25.808 28336 28375 I Adreno  : OpenGL ES Shader Compiler Version: EV031.22.00.01_06
03-23 18:12:25.808 28336 28375 I Adreno  : Local Branch                     : 
03-23 18:12:25.808 28336 28375 I Adreno  : Remote Branch                    : refs/tags/AU_LINUX_ANDROID_LA.UM.6.5.R1.08.01.00.312.086
03-23 18:12:25.808 28336 28375 I Adreno  : Remote Branch                    : NONE
03-23 18:12:25.808 28336 28375 I Adreno  : Reconstruct Branch               : NOTHING
03-23 18:12:25.811 28336 28375 D vndksupport: Loading /vendor/lib/hw/gralloc.msm8937.so from current namespace instead of sphal namespace.
03-23 18:12:25.814  2292  2292 D AndroidRuntime: Shutting down VM
03-23 18:12:25.815 28336 28375 I Adreno  : PFP: 0x005ff087, ME: 0x005ff063
03-23 18:12:25.819 28336 28375 I zygote  : android::hardware::configstore::V1_0::ISurfaceFlingerConfigs::hasWideColorDisplay retrieved: 0
03-23 18:12:25.820 28336 28375 I OpenGLRenderer: Initialized EGL, version 1.4
03-23 18:12:25.820 28336 28375 D OpenGLRenderer: Swap behavior 2
03-23 18:12:25.828  2748  2748 D Launcher.Utilities: Wakeup weather: Intent { act=com.motorola.launcher3.action.WAKEUP_WEATHER cmp=com.motorola.timeweatherwidget/com.motorola.commandcenter.weather.WakeUpService }
03-23 18:12:25.848  1456  1456 I NotificationService: Cannot find enqueued record for key: 0|com.motorola.timeweatherwidget|1|null|10116
03-23 18:12:25.848   808   808 D SurfaceFlinger: duplicate layer name: changing com.android.launcher3/com.android.launcher3.CustomizationPanelLauncher to com.android.launcher3/com.android.launcher3.CustomizationPanelLauncher#1
03-23 18:12:25.860  1934  1934 I [INFO][Leanplum]: [com.leanplum.internal.RequestOld::sendIfConnected::4]: Device is offline, will send later
03-23 18:12:25.863 28336 28369 W ThreadPoolDumper: Queue length for executor EventBus is now 11. Perhaps some tasks are too long, or the pool is too small.
03-23 18:12:25.864  1456 10366 I WifiService: getWifiEnabledState uid=10073
03-23 18:12:25.878  1934  1934 I zygote  : Deoptimizing kotlinx.coroutines.internal.LockFreeLinkedListNode kotlinx.coroutines.internal.LockFreeLinkedListNode.correctPrev(kotlinx.coroutines.internal.OpDescriptor) due to JIT inline cache
03-23 18:12:25.880  1934  1934 D SessionManager: onTrimMemory(80): clearThumbnails=true, closeEngineSessions=true
03-23 18:12:25.881  1456  7570 I WifiService: getWifiEnabledState uid=10073
03-23 18:12:25.890 28336 28379 I DEBUG   : OpaToSrpTransitionState#onStateChanged#notNullQuery
03-23 18:12:25.891 28336 28379 I DEBUG   : OpaToSrpTransitionState#onStateChanged#notNullQuery
03-23 18:12:25.907 28336 28379 I MicroDetectionState: Should stop hotword detection immediately - false
03-23 18:12:25.911 28336 28379 I MicroDetectionWorker: #startMicroDetector [speakerMode: 0]
03-23 18:12:25.912 28336 28379 I AudioController: Created new AudioSource
03-23 18:12:25.919  1934  1934 D SessionManager: Cleared 6 thumbnail(s) and unlinked 6 engine sessions(s)
03-23 18:12:25.933  1934  1934 D GeckoSession: handleMessage GeckoView:StateUpdated uri=null
03-23 18:12:25.948  1456  1673 I LaunchCheckinHandler: Displayed com.android.launcher3/.CustomizationPanelLauncher,wp,wa,158
03-23 18:12:25.948 28336 28374 I MicroDataManager: isInitializedWithLatestParams-true
03-23 18:12:25.948 28336 28374 I MicroDataManager: isInitializing-false locale not changed-true model not changed-true
03-23 18:12:25.949 28336 28374 I MicroDataManager: Already initialized, obtaining the hotword data immediately.
03-23 18:12:25.960 28336 21552 I MicroRecognitionRunner: Starting detection.
03-23 18:12:25.961 28336 21552 I InputStreamUtils: Using micInputStream
03-23 18:12:25.961 28336  8102 I MicrophoneInputStream: mic_starting  SR : 16000 CC : 16 SO : 1999
03-23 18:12:25.963   788  1479 V msm8974_platform: platform_check_input_mask: enter check_input_mask source 6 mask 10
03-23 18:12:25.965  1012  2332 I AudioFlinger: AudioFlinger's thread 0xb2483740 tid=2332 ready to run
03-23 18:12:25.972   788  1479 D audio_hw_primary: in_set_parameters: enter: kvpairs=input_source=6;routing=-2147483644
03-23 18:12:25.973  1012  8317 D APM_AudioPolicyManager: AudioPolicyManager::startInput() input 240814, session 240929, source = 1999
03-23 18:12:25.974 28336  8102 I MicrophoneInputStream: mic_started  SR : 16000 CC : 16 SO : 1999
03-23 18:12:25.975   788  2333 V msm8974_platform: platform_update_usecase_from_source: input source :6
03-23 18:12:25.975   788  2333 V msm8974_platform: platform_check_input_mask: enter check_input_mask source 6 mask 10
03-23 18:12:25.975   788  2333 V msm8974_platform: platform_get_input_snd_device: enter: out_device(0) in_device(0x4) channel_count (1) channel_mask (0x10)
03-23 18:12:25.975   788  2333 V msm8974_platform: platform_get_input_snd_device: exit: in_snd_device(voice-rec-mic)
03-23 18:12:25.975   788  2333 V msm8974_platform: platform_get_backend_index:napb: backend port - 5 device - 120 
03-23 18:12:25.975   788  2333 V msm8974_platform: platform_check_and_set_capture_backend_cfg:txbecf: afe: bitwidth 0, samplerate 0, channel 1, backend_idx 5 usecase = 9 device (voice-rec-mic)
03-23 18:12:25.975   788  2333 V msm8974_platform: platform_check_capture_backend_cfg:txbecf: afe: Codec selected backend: 5 current bit width: 0 and sample rate: 0, channels 1
03-23 18:12:25.975   788  2333 V msm8974_platform: platform_check_capture_backend_cfg:txbecf: afe: Codec selected backend: 5 updated bit width: 0 and sample rate: 0
03-23 18:12:25.975   788  2333 I msm8974_platform: platform_check_capture_backend_cfg:txbecf: afe: Codec backend needs to be updated. new bit width: 0 new sample rate: 0 new channel: 1
03-23 18:12:25.975   788  2333 V msm8974_platform: platform_get_backend_index:napb: backend port - 5 device - 120 
03-23 18:12:25.975   788  2333 V msm8974_platform: platform_set_backend_cfg:becf: afe: bitwidth 0, samplerate 0 channels 1, backend_idx 5 device (voice-rec-mic)
03-23 18:12:25.976   788  2333 E msm8974_platform: platform_set_backend_cfg:becf: afe: Could not get ctl for mixer command - SLIM_0_TX Format
03-23 18:12:25.976   788  2333 V msm8974_platform: platform_send_audio_calibration: sending audio calibration for snd_device(120) acdb_id(62)
03-23 18:12:25.976   788  2333 D ACDB-LOADER: ACDB -> send_audio_cal, acdb_id = 62, path = 1, app id = 0x11130, sample rate = 48000
03-23 18:12:25.976   788  2333 D ACDB-LOADER: ACDB -> send_asm_topology
03-23 18:12:25.976   788  2333 D ACDB-LOADER: ACDB -> ACDB_CMD_GET_AUDPROC_STREAM_TOPOLOGY_ID
03-23 18:12:25.976   788  2333 D ACDB-LOADER: ACDB -> send_adm_topology
03-23 18:12:25.976   788  2333 D ACDB-LOADER: ACDB -> ACDB_CMD_GET_AUDPROC_COMMON_TOPOLOGY_ID
03-23 18:12:25.976   788  2333 D ACDB-LOADER: ACDB -> send_audtable
03-23 18:12:25.976   788  2333 D ACDB-LOADER: ACDB -> ACDB_CMD_GET_AUDPROC_COMMON_TABLE_SIZE
03-23 18:12:25.976   788  2333 D ACDB-LOADER: ACDB -> ACDB_CMD_GET_AUDPROC_COMMON_TABLE
03-23 18:12:25.976   788  2333 D ACDB-LOADER: ACDB -> AUDIO_SET_AUDPROC_CAL
03-23 18:12:25.976   788  2333 D ACDB-LOADER: ACDB -> send_audvoltable
03-23 18:12:25.976   788  2333 D ACDB-LOADER: ACDB -> ACDB_CMD_GET_AUDPROC_VOL_STEP_TABLE_SIZE
03-23 18:12:25.976   788  2333 D ACDB-LOADER: ACDB -> ACDB_CMD_GET_AUDPROC_GAIN_DEP_STEP_TABLE, vol index 0
03-23 18:12:25.976   788  2333 D         : Failed to fetch the lookup information of the device 0000003E 
03-23 18:12:25.976   788  2333 D ACDB-LOADER: ACDB -> AUDIO_SET_VOL_CAL cal type = 12
03-23 18:12:25.976   788  2333 D ACDB-LOADER: ACDB -> ACDB_CMD_GET_AUDPROC_STREAM_TABLE_SIZE
03-23 18:12:25.976   788  2333 D ACDB-LOADER: ACDB -> send_audstrmtable
03-23 18:12:25.976   788  2333 D ACDB-LOADER: ACDB -> ACDB_CMD_GET_AUDPROC_STREAM_TABLE_V2
03-23 18:12:25.976   788  2333 D ACDB-LOADER: ACDB -> audstrm_cal->cal_type.cal_data.cal_size = 456
03-23 18:12:25.976   788  2333 D ACDB-LOADER: ACDB -> send_afe_topology
03-23 18:12:25.976   788  2333 D ACDB-LOADER: ACDB -> ACDB_CMD_GET_AFE_TOPOLOGY_ID
03-23 18:12:25.977   788  2333 D ACDB-LOADER: ACDB -> GET_AFE_TOPOLOGY_ID for adcd_id 62, Topology Id 112fb
03-23 18:12:25.977   788  2333 D ACDB-LOADER: ACDB -> send_afe_cal
03-23 18:12:25.977   788  2333 D ACDB-LOADER: ACDB -> ACDB_CMD_GET_AFE_COMMON_TABLE_SIZE
03-23 18:12:25.977   788  2333 D         : Failed to fetch the lookup information of the device 0000003E 
03-23 18:12:25.977   788  2333 E ACDB-LOADER: Error: ACDB_CMD_GET_AFE_COMMON_TABLE_SIZE Returned = -19
03-23 18:12:25.977   788  2333 D ACDB-LOADER: ACDB -> ACDB_CMD_GET_AFE_COMMON_TABLE
03-23 18:12:25.977   788  2333 D         : Failed to fetch the lookup information of the device 0000003E 
03-23 18:12:25.977   788  2333 D ACDB-LOADER: ACDB -> AUDIO_SET_AFE_CAL
03-23 18:12:25.977   788  2333 D ACDB-LOADER: ACDB -> send_hw_delay : acdb_id = 62 path = 1
03-23 18:12:25.977   788  2333 D ACDB-LOADER: ACDB -> ACDB_AVSYNC_INFO: ACDB_CMD_GET_DEVICE_PROPERTY
03-23 18:12:25.977   788  2333 D audio_hw_primary: enable_snd_device: snd_device(120: voice-rec-mic)
03-23 18:12:25.977   788  2333 D audio_route: Apply path: voice-rec-mic
03-23 18:12:25.980   788  2333 V msm8974_platform: platform_get_snd_device_backend_index: enter with device 120
03-23 18:12:25.980   788  2333 E msm8974_platform: platform_get_snd_device_backend_index: BE DAI Name Table is not present
03-23 18:12:25.980   788  2333 V msm8974_platform: platform_get_backend_index:napb: backend port - 5 device - 120 
03-23 18:12:25.980   788  2333 I audio_hw_utils: Set Audio Stream Capture 0 App Type Cfg: app_type 69936, acdb_dev_id 62, sample_rate 48000, snd_device_be_idx -14
03-23 18:12:25.980   788  2333 D audio_hw_primary: enable_audio_route: usecase(9) apply and update mixer path: audio-record
03-23 18:12:25.980   788  2333 D audio_route: Apply path: audio-record
03-23 18:12:26.049 28336 28379 I MicroDetectionWorker: onReady
03-23 18:12:26.082  1934  1934 I glean/Glean: Registering pings for org.mozilla.fenix.GleanMetrics.Pings
03-23 18:12:26.127  1934  1934 D App     : ActivationPing - already generated
03-23 18:12:26.129  1934  1999 I FenixApplication: Initializing storage after visual completeness...
03-23 18:12:26.238   808   808 I SFPerfTracer:      triggers: (rate: 71:2010788) (compose: 0:7) (post: 0:19) (render: 0:17) (4:9693917 frames) (5:11984601)
03-23 18:12:26.239   808   808 D SFPerfTracer:        layers: (4:13) (NavigationBar#0 (0xb07df000): 0:823810) (StatusBar#0 (0xb07e3000): 0:2016126) (com.android.systemui.ImageWallpaper#0 (0xb07e7000): 0:75379) (Sprite#0 (0xb0733000): 0:317)* (DimLayerController/Stack=0#0 (0xb075a000): 0:3780)* (Sprite#1 (0xb077c000): 0:195)* (com.android.launcher3/com.android.launcher3.CustomizationPanelLauncher#0 (0xb0763000): 0:40)- (com.android.launcher3/com.android.launcher3.CustomizationPanelLauncher#1 (0xb0771000): 0:9)- (org.mozilla.fennec_aurora/org.mozilla.fenix.IntentReceiverActivity#0 (0xb013a000): 0:2)- (Splash Screen org.mozilla.fennec_aurora#0 (0xb039b000): 0:31)- (org.mozilla.fennec_aurora/org.mozilla.fenix.HomeActivity#0 (0xaff7d000): 5:51)* (com.android.launcher3/com.android.launcher3.CustomizationPanelLauncher#0 (0xb0763000): 5:22)* (com.android.launcher3/com.android.launcher3.CustomizationPanelLauncher#1 (0xb0771000): 1:4) 
03-23 18:12:26.357  1456  7796 I OpenGLRenderer: Initialized EGL, version 1.4
03-23 18:12:26.357  1456  7796 D OpenGLRenderer: Swap behavior 2
03-23 18:12:26.402  2748  2917 W OpenGLRenderer: Incorrectly called buildLayer on View: ShortcutAndWidgetContainer, destroying layer...
03-23 18:12:26.494  1934  1934 D GeckoRuntime: Lifecycle: onPause
03-23 18:12:26.494  1934  1934 D GeckoNetworkManager: Incoming event stop for state OnWithListeners -> OffWithListeners
03-23 18:12:26.496  1934  1934 I SessionStorage/AutoSave: Save: Background
03-23 18:12:26.501  1934  1999 D SessionStorage/AutoSave: Saved state to disk [4ms]
03-23 18:12:26.503  1934  1969 I libglean_ffi: glean_core::ping: Collecting baseline
03-23 18:12:26.509  1934  1969 D libglean_ffi: glean_core::ping: Storing ping 'f9e34908-0ad0-42fc-88d4-e49afdb2b563' at '/data/user/0/org.mozilla.fennec_aurora/glean_data/pending_pings/f9e34908-0ad0-42fc-88d4-e49afdb2b563'
03-23 18:12:26.510  1934  1969 I libglean_ffi: glean_core: The ping 'baseline' was submitted and will be sent as soon as possible
03-23 18:12:26.513  1934  1969 I libglean_ffi: glean_core::ping: Collecting events
03-23 18:12:26.518  1934  1969 D libglean_ffi: glean_core::ping: Storing ping 'b2608646-7cae-48f3-b059-4ac0a53b41f6' at '/data/user/0/org.mozilla.fennec_aurora/glean_data/pending_pings/b2608646-7cae-48f3-b059-4ac0a53b41f6'
03-23 18:12:26.519  1934  1969 I libglean_ffi: glean_core: The ping 'events' was submitted and will be sent as soon as possible
03-23 18:12:26.534   808   898 I SFPerfTracer:      triggers: (rate: 0:1) (0 sw vsyncs) (0 skipped) (37:5618765 vsyncs) (39:12068940)
03-23 18:12:26.716  1456  1466 I zygote  : NativeAlloc concurrent copying GC freed 69930(5MB) AllocSpace objects, 24(864KB) LOS objects, 36% free, 40MB/64MB, paused 155us total 358.441ms
03-23 18:12:27.123  2398  2398 D QtiCarrierConfigHelper: WARNING, no carrier configs on phone Id: 0
03-23 18:12:30.962  1456  2921 I ActivityManager: Force stopping org.mozilla.fennec_aurora appid=11166 user=0: from pid 2365
03-23 18:12:30.963  1456  2921 I ActivityManager: Killing 1934:org.mozilla.fennec_aurora/u0a1166 (adj 700): stop org.mozilla.fennec_aurora
03-23 18:12:30.965  1456  1605 W zygote  : kill(-1934, 9) failed: No such process
03-23 18:12:30.966  2039  2039 I ServiceChildProcess: Service has been unbound. Stopping.
03-23 18:12:30.967  1456  2921 W ActivityManager: Force removing ActivityRecord{88a178f u0 org.mozilla.fennec_aurora/org.mozilla.fenix.HomeActivity t45604}: app died, no saved state
03-23 18:12:30.979  1456  1605 W zygote  : kill(-1934, 9) failed: No such process
03-23 18:12:30.983  1456  2921 I ActivityManager: Killing 2039:org.mozilla.fennec_aurora:tab0/u0a1166 (adj 0): stop org.mozilla.fennec_aurora
03-23 18:12:30.994  1456  1605 W zygote  : kill(-1934, 9) failed: No such process
03-23 18:12:30.994  2398  2398 D CarrierSvcBindHelper: No carrier app for: 0
03-23 18:12:30.995  2398  2398 D CarrierSvcBindHelper: No carrier app for: 1
03-23 18:12:31.009  1456  1605 W zygote  : kill(-1934, 9) failed: No such process
03-23 18:12:31.033  1456  1673 W ActivityManager: setHasOverlayUi called on unknown pid: 1934
03-23 18:12:31.056  1456  1605 I chatty  : uid=1000(system) ActivityManager identical 3 lines
03-23 18:12:31.065  1456  1605 W zygote  : kill(-1934, 9) failed: No such process
03-23 18:12:31.066  1456  1605 I zygote  : Successfully killed process cgroup uid 11166 pid 1934 in 100ms
03-23 18:12:31.066  1456  1605 W zygote  : kill(-2039, 9) failed: No such process
03-23 18:12:31.066  1456  1605 I zygote  : Successfully killed process cgroup uid 11166 pid 2039 in 0ms
03-23 18:12:31.094  1456 10962 I ActivityManager: START u0 {act=android.intent.action.VIEW dat=https://example.com/... typ=text/html flg=0x10000000 cmp=org.mozilla.fennec_aurora/org.mozilla.fenix.IntentReceiverActivity} from uid 2000
03-23 18:12:31.094   794   839 E ANDR-PERF-RESOURCEQS: Failed to apply optimization [4, 0]
03-23 18:12:31.115  1456  2236 I ActivityManager: Start proc 2392:org.mozilla.fennec_aurora/u0a1166 for activity org.mozilla.fennec_aurora/org.mozilla.fenix.IntentReceiverActivity
03-23 18:12:31.201 28336 28379 I MicroDetectionState: Should stop hotword detection immediately - false
03-23 18:12:31.202 28336 28379 I MicroDetector: Keeping mic open: false
03-23 18:12:31.202 28336 28379 I RecognitionAudioControl: #shutdownAudio [requestId: 194895134980791691, keepAudioOpen: false, forced: true]
03-23 18:12:31.202 28336 21549 E DeviceStateChecker: DeviceStateChecker cancelled
03-23 18:12:31.202 28336 28379 I RecognitionAudioControl: #internalShutdownAudio [requestId: 194895134980791691]
03-23 18:12:31.202 28336 28379 I RecognitionAudioControl: #internalShutdownAudio [keepAudioOpen: false, forced: true]
03-23 18:12:31.202 28336 28379 I RecognitionAudioControl: #actualShutdownAudio
03-23 18:12:31.202 28336 28379 I AudioController: #shutdown [requestId=194895134980791691]
03-23 18:12:31.202 28336 28367 I AudioController: internalShutdown
03-23 18:12:31.202 28336 28366 I MicroRecognitionRunner: Stopping hotword detection.
03-23 18:12:31.249   788  1479 D audio_hw_primary: disable_audio_route: usecase(9) reset and update mixer path: audio-record
03-23 18:12:31.250   788  1479 D audio_hw_primary: disable_snd_device: snd_device(120: voice-rec-mic)
03-23 18:12:31.252  1012 26683 D APM_AudioPolicyManager: stopInput() input 240814, session 240929
03-23 18:12:31.252   788   788 D audio_hw_primary: in_set_parameters: enter: kvpairs=routing=0
03-23 18:12:31.254 28336 28367 I MicrophoneInputStream: mic_close  SR : 16000 CC : 16 SO : 1999
03-23 18:12:31.254 28336 28367 E AudioSource: Stop listening is called on already closed AudioSource
03-23 18:12:31.255 28336 21552 I MicroRecognitionRunner: Detection finished
03-23 18:12:31.257  2392  2392 D FirebaseApp: com.google.firebase.auth.FirebaseAuth is not linked. Skipping initialization.
03-23 18:12:31.260  2392  2392 D FirebaseApp: com.google.firebase.crash.FirebaseCrash is not linked. Skipping initialization.
03-23 18:12:31.261  2392  2392 I FirebaseInitProvider: FirebaseApp initialization successful
03-23 18:12:31.317  2392  2392 D FennecProfile: profiles.ini: true
03-23 18:12:31.321  2392  2392 D FennecProfile: Ignoring line in [general] section: StartWithLastProfile=1
03-23 18:12:31.321  2392  2392 D FennecProfile: Found 1 profiles
03-23 18:12:31.321  2392  2426 I FA      : Collection disabled with firebase_analytics_collection_enabled=0
03-23 18:12:31.321  2392  2392 D FennecProfile: Found default profile: FennecProfile(name=default, path=/data/user/0/org.mozilla.fennec_aurora/files/mozilla/b3961als.default, default=true)
03-23 18:12:31.322  2392  2426 I FA      : App measurement is starting up, version: 12780
03-23 18:12:31.322  2392  2426 I FA      : To enable debug logging run: adb shell setprop log.tag.FA VERBOSE
03-23 18:12:31.322  2392  2426 I FA      : To enable faster debug mode event logging run:
03-23 18:12:31.322  2392  2426 I FA      :   adb shell setprop debug.firebase.analytics.app org.mozilla.fennec_aurora
03-23 18:12:31.327  2392  2392 D FennecMigrator: No migrations to run. Fennec install - false.
03-23 18:12:31.337  2392  2392 D FenixApplication: Initializing Glean (uploadEnabled=true, isFennec=true)
03-23 18:12:31.338  1456  2236 D ConnectivityService: requestNetwork for uid/pid:11166/2392 NetworkRequest [ TRACK_DEFAULT id=33430, [ Capabilities: INTERNET&NOT_RESTRICTED&TRUSTED&NOT_VPN] ]
03-23 18:12:31.339  1456  2099 D Ethernet: got request NetworkRequest [ TRACK_DEFAULT id=33430, [ Capabilities: INTERNET&NOT_RESTRICTED&TRUSTED&NOT_VPN] ] with score 0
03-23 18:12:31.339  1456  2054 D WIFI_UT : got request NetworkRequest [ TRACK_DEFAULT id=33430, [ Capabilities: INTERNET&NOT_RESTRICTED&TRUSTED&NOT_VPN] ] with score 0
03-23 18:12:31.339  1456  2054 D WIFI    : got request NetworkRequest [ TRACK_DEFAULT id=33430, [ Capabilities: INTERNET&NOT_RESTRICTED&TRUSTED&NOT_VPN] ] with score 0
03-23 18:12:31.340  2398  2398 D PhoneSwitcherNetworkRequstListener: got request NetworkRequest [ TRACK_DEFAULT id=33430, [ Capabilities: INTERNET&NOT_RESTRICTED&TRUSTED&NOT_VPN] ] with score 0
03-23 18:12:31.345  2392  2451 D RustNativeSupport: findMegazordLibraryName(viaduct, 0.55.0
03-23 18:12:31.345  2392  2451 D RustNativeSupport: lib in use: none
03-23 18:12:31.345  2392  2451 D RustNativeSupport: lib configured: megazord
03-23 18:12:31.345  2392  2451 D RustNativeSupport: lib version configured: 0.55.0
03-23 18:12:31.345  2392  2451 D RustNativeSupport: settled on megazord
03-23 18:12:31.363  2392  2447 D libglean_ffi: glean_ffi: Android logging should be hooked up!
03-23 18:12:31.366  2392  2392 D GeckoThread: State changed to LAUNCHED
03-23 18:12:31.367  2392  2456 I GeckoThread: preparing to run Gecko
03-23 18:12:31.368  2392  2447 I glean/Glean: Registering pings for mozilla.telemetry.glean.GleanMetrics.Pings
03-23 18:12:31.374  2392  2392 D GeckoRuntime: Lifecycle: onCreate
03-23 18:12:31.375  2392  2456 D GeckoThread: State changed to MOZGLUE_READY
03-23 18:12:31.376  2392  2447 I libglean_ffi: glean_core: Creating new Glean
03-23 18:12:31.376  2392  2447 D libglean_ffi: glean_core::database: Database path: "/data/user/0/org.mozilla.fennec_aurora/glean_data/db"
03-23 18:12:31.376  2392  2447 I libglean_ffi: glean_core::database: Database initialized
03-23 18:12:31.377  2392  2447 I libglean_ffi: glean_ffi: Glean initialized
03-23 18:12:31.377  2392  2451 D RustNativeSupport: findMegazordLibraryName(rustlog, 0.55.0
03-23 18:12:31.382  2392  2451 D RustNativeSupport: lib in use: none
03-23 18:12:31.382  2392  2451 D RustNativeSupport: lib configured: megazord
03-23 18:12:31.382  2392  2451 D RustNativeSupport: lib version configured: 0.55.0
03-23 18:12:31.382  2392  2451 D RustNativeSupport: settled on megazord
03-23 18:12:31.386  2392  2451 I rc_log_ffi::ios: rc_log adapter initialized!
03-23 18:12:31.393  2392  2456 W Settings: Setting animator_duration_scale has moved from android.provider.Settings.System to android.provider.Settings.Global, returning read-only global URI.
03-23 18:12:31.397  2392  2392 I zygote  : Deoptimizing java.lang.Object androidx.collection.SimpleArrayMap.put(java.lang.Object, java.lang.Object) due to JIT inline cache
03-23 18:12:31.400  2392  2447 D glean/MetricsPingSched: The 'metrics' ping was last sent on Mon Mar 23 00:00:00 EDT 2020
03-23 18:12:31.400  2392  2456 E GeckoLibLoad: Load sqlite start
03-23 18:12:31.401  2392  2447 I glean/MetricsPingSched: The 'metrics' ping was already sent today, Mon Mar 23 18:12:31 EDT 2020.
03-23 18:12:31.401  2392  2447 D glean/MetricsPingSched: Scheduling the 'metrics' ping in 35248617ms
03-23 18:12:31.405  2392  2392 D GleanMetricsService: Enabling Glean.
03-23 18:12:31.421  2392  2456 W GeckoLinker: /data/app/org.mozilla.fennec_aurora-W4mjbV6UeH8FnbRiigwJtg==/lib/arm/libnss3.so: unhandled flags #8 not handled
03-23 18:12:31.422  2392  2447 D libglean_ffi: glean_core: Clearing Lifetime::Application metrics
03-23 18:12:31.425  2392  2392 I glean/Dispatchers: Task queued for execution and delayed until flushed
03-23 18:12:31.426  2392  2456 W GeckoLinker: /data/app/org.mozilla.fennec_aurora-W4mjbV6UeH8FnbRiigwJtg==/lib/arm/libnss3.so: Relocation to NULL @0x001b9ffc for symbol "__cxa_type_match"
03-23 18:12:31.427  2392  2456 E GeckoLibLoad: Load sqlite done
03-23 18:12:31.427  2392  2456 E GeckoLibLoad: Load nss start
03-23 18:12:31.427  2392  2456 E GeckoLibLoad: Load nss done
03-23 18:12:31.427  2392  2456 W GeckoLinker: /data/app/org.mozilla.fennec_aurora-W4mjbV6UeH8FnbRiigwJtg==/lib/arm/libxul.so: unhandled flags #8 not handled
03-23 18:12:31.428  2392  2456 W GeckoLinker: /data/app/org.mozilla.fennec_aurora-W4mjbV6UeH8FnbRiigwJtg==/lib/arm/liblgpllibs.so: unhandled flags #8 not handled
03-23 18:12:31.428  2392  2392 I AdjustMetricsService: No adjust token defined
03-23 18:12:31.430  2392  2392 D PushConfig: Creating push configuration for autopush.
03-23 18:12:31.437  2392  2392 I App     : AutoPushFeature is configured, initializing it...
03-23 18:12:31.438  2392  2392 I AutoPushFeature: Checking validity of push subscriptions.
03-23 18:12:31.450  2392  2392 D FennecProfile: profiles.ini: true
03-23 18:12:31.451  2392  2451 W [WARNING][Leanplum]: [com.leanplum.internal.ActionManager::getLocationManager::8]: Geofencing support requires leanplum-location module and Google Play Services v8.1 and higher.
03-23 18:12:31.451  2392  2451 W [WARNING][Leanplum]: Add this to your build.gradle file:
03-23 18:12:31.451  2392  2451 W [WARNING][Leanplum]: implementation 'com.google.android.gms:play-services-location:8.3.0+'
03-23 18:12:31.451  2392  2451 W [WARNING][Leanplum]: implementation 'com.leanplum:leanplum-location:+'
03-23 18:12:31.453  2392  2392 D FennecProfile: Ignoring line in [general] section: StartWithLastProfile=1
03-23 18:12:31.453  2392  2451 I [INFO][Leanplum]: [com.leanplum.monitoring.ExceptionHandler::setContext::6]: LeanplumExceptionHandler could not initialize Exception Reporting.This is expected if you have not included the leanplum-monitoring module
03-23 18:12:31.454  2392  2392 D FennecProfile: Found 1 profiles
03-23 18:12:31.454  2392  2392 D FennecProfile: Found default profile: FennecProfile(name=default, path=/data/user/0/org.mozilla.fennec_aurora/files/mozilla/b3961als.default, default=true)
03-23 18:12:31.454  2392  2392 I Core    : Initializing history storage
03-23 18:12:31.456  2392  2392 I Core    : Initializing bookmarks storage
03-23 18:12:31.457  2392  2392 I Core    : Initializing logins storage
03-23 18:12:31.462  2392  2447 I libglean_ffi: glean_core: Upload enabled: true
03-23 18:12:31.467  2392  2463 I [INFO][Leanplum]: [com.leanplum.LeanplumFcmProvider::isManifestSetup::11]: Firebase Messaging is setup correctly.
03-23 18:12:31.467  2392  2456 E GeckoLibLoad: Loaded libs in 40.391462ms total, 26ms(143ms) user, 6ms(23ms) system, 0(0) faults
03-23 18:12:31.468  2392  2456 D GeckoThread: State changed to LIBS_READY
03-23 18:12:31.471  2392  2456 W GeckoThread: zerdatime 17529645239 - runGecko
03-23 18:12:31.475  2392  2456 D GeckoProfile: Loading profile at: null name: default
03-23 18:12:31.477  2392  2456 D GeckoProfile: Found profile dir: /data/user/0/org.mozilla.fennec_aurora/files/mozilla/b3961als.default
03-23 18:12:31.498  2392  2392 I FirefoxAccountStateMachine: Enabling/updating sync with a new SyncConfig: SyncConfig(supportedEngines=[mozilla.components.service.fxa.SyncEngine$History@d676d90, mozilla.components.service.fxa.SyncEngine$Bookmarks@5cbb689, mozilla.components.service.fxa.SyncEngine$Passwords@50a68e], syncPeriodInMinutes=240)
03-23 18:12:31.501  2392  2392 I BgSyncManager: Periodic syncing enabled at a 240 interval
03-23 18:12:31.502  2392  2392 I FirefoxAccountStateMachine: Sync is enabled
03-23 18:12:31.510  2392  2473 I FirefoxAccountStateMachine: Processing event Event$Init for state Start. Next state is Start
03-23 18:12:31.519  2392  2392 D FennecMigrator: This is not a Fennec installation. No migration needed.
03-23 18:12:31.521  2392  2392 D SessionManager: onTrimMemory(15): clearThumbnails=true, closeEngineSessions=true
03-23 18:12:31.522  2392  2392 D SessionManager: Cleared 0 thumbnail(s) and unlinked 0 engine sessions(s)
03-23 18:12:31.526  2392  2397 I zygote  : Do partial code cache collection, code=24KB, data=28KB
03-23 18:12:31.528  2392  2397 I zygote  : After code cache collection, code=22KB, data=27KB
03-23 18:12:31.528  2392  2397 I zygote  : Increasing code cache capacity to 128KB
03-23 18:12:31.531  2392  2473 I FirefoxAccountStateMachine: Ran 'Event$Init' side-effects for state Start, got successive event Event$AccountNotFound
03-23 18:12:31.532  2392  2473 I FirefoxAccountStateMachine: Processing event Event$AccountNotFound for state Start. Next state is NotAuthenticated
03-23 18:12:31.536  2392  2473 D RustNativeSupport: findMegazordLibraryName(fxaclient, 0.55.0
03-23 18:12:31.536  2392  2473 D RustNativeSupport: lib in use: none
03-23 18:12:31.536  2392  2473 D RustNativeSupport: lib configured: megazord
03-23 18:12:31.536  2392  2473 D RustNativeSupport: lib version configured: 0.55.0
03-23 18:12:31.536  2392  2473 D RustNativeSupport: settled on megazord
03-23 18:12:31.540  2392  2473 D fxaclient_ffi: fxa_new
03-23 18:12:31.549  2392  2392 D GeckoRuntime: Lifecycle: onStart
03-23 18:12:31.558  2392  2392 I [INFO][Leanplum]: [com.leanplum.internal.RequestOld::sendIfConnected::4]: Device is offline, will send later
03-23 18:12:31.569  2392  2392 D GeckoRuntime: Lifecycle: onResume
03-23 18:12:31.570  2392  2392 D GeckoNetworkManager: Incoming event start for state OffNoListeners -> OnNoListeners
03-23 18:12:31.571  2392  2392 D GeckoNetworkManager: New network state: DOWN, NONE, UNKNOWN
03-23 18:12:31.590  2392  2504 D OpenGLRenderer: HWUI GL Pipeline
03-23 18:12:31.663  1456  3927 I ActivityManager: START u0 {act=android.intent.action.VIEW dat=https://example.com/... typ=text/html cmp=org.mozilla.fennec_aurora/org.mozilla.fenix.HomeActivity (has extras)} from uid 11166
03-23 18:12:31.674  2392  2392 D GeckoNetworkManager: Incoming event receivedUpdate for state OnNoListeners -> OnNoListeners
03-23 18:12:31.675  2392  2392 D GeckoNetworkManager: New network state: DOWN, NONE, UNKNOWN
03-23 18:12:31.686  2392  2504 I Adreno  : QUALCOMM build                   : bb5b86c, I77d3059488
03-23 18:12:31.686  2392  2504 I Adreno  : Build Date                       : 06/07/18
03-23 18:12:31.686  2392  2504 I Adreno  : OpenGL ES Shader Compiler Version: EV031.22.00.01_06
03-23 18:12:31.686  2392  2504 I Adreno  : Local Branch                     : 
03-23 18:12:31.686  2392  2504 I Adreno  : Remote Branch                    : refs/tags/AU_LINUX_ANDROID_LA.UM.6.5.R1.08.01.00.312.086
03-23 18:12:31.686  2392  2504 I Adreno  : Remote Branch                    : NONE
03-23 18:12:31.686  2392  2504 I Adreno  : Reconstruct Branch               : NOTHING
03-23 18:12:31.687  2392  2504 D vndksupport: Loading /vendor/lib/hw/gralloc.msm8937.so from current namespace instead of sphal namespace.
03-23 18:12:31.694  2392  2504 I Adreno  : PFP: 0x005ff087, ME: 0x005ff063
03-23 18:12:31.706  2392  2504 I zygote  : android::hardware::configstore::V1_0::ISurfaceFlingerConfigs::hasWideColorDisplay retrieved: 0
03-23 18:12:31.708  2392  2504 I OpenGLRenderer: Initialized EGL, version 1.4
03-23 18:12:31.708  2392  2504 D OpenGLRenderer: Swap behavior 2
03-23 18:12:31.756  1456  3927 I WindowManager: Keep hide if surface has never drawn Window{976875b u0 org.mozilla.fennec_aurora/org.mozilla.fenix.IntentReceiverActivity}
03-23 18:12:31.756  2392  2456 I Gecko:DumpUtils: Fifo watcher disabled via pref.
03-23 18:12:31.758  1456  3927 I WindowManager: Failed to capture screenshot of Token{8ab982d ActivityRecord{b60ff44 u0 org.mozilla.fennec_aurora/org.mozilla.fenix.IntentReceiverActivity t45605 f}} appWin=Window{976875b u0 org.mozilla.fennec_aurora/org.mozilla.fenix.IntentReceiverActivity} drawState=1
03-23 18:12:31.764  2392  2392 D MigrationPushRenewer: Migration state: NONE
03-23 18:12:31.767  2392  2392 D MigrationTelemetryListener: Migration state: NONE
03-23 18:12:31.797  1456  1673 I LaunchCheckinHandler: Displayed org.mozilla.fennec_aurora/org.mozilla.fenix.IntentReceiverActivity,cp,ca,694
03-23 18:12:31.798  2392  2456 D GeckoSysInfo: System memory: 1867MB.
03-23 18:12:31.803  2392  2456 D GeckoThread: State changed to JNI_READY
03-23 18:12:31.825  1456  2915 I ActivityManager: Start proc 2551:org.mozilla.fennec_aurora:tab0/u0a1166 for service org.mozilla.fennec_aurora/org.mozilla.gecko.process.GeckoChildProcessServices$tab0
03-23 18:12:31.832  2392  2392 D PhoneWindow: Restoring navigation bar divider color to default value = 0x00000000
03-23 18:12:31.886  2392  2397 I zygote  : Do partial code cache collection, code=56KB, data=51KB
03-23 18:12:31.888  2392  2397 I zygote  : After code cache collection, code=48KB, data=47KB
03-23 18:12:31.888  2392  2397 I zygote  : Increasing code cache capacity to 256KB
