02-25 21:42:58.377  4386  4471 I audio_device_module.cc: [000:032] [4471] (line 551): BuiltInNSIsAvailable
02-25 21:42:58.377  4386  4471 I audio_device_module.cc: [000:032] [4471] (line 555): output: 1
02-25 21:42:58.377  4386  4471 I audio_device_module.cc: [000:032] [4471] (line 578): EnableBuiltInNS(1)
02-25 21:42:58.377  4386  4471 I audio_device_module.cc: [000:032] [4471] (line 551): BuiltInNSIsAvailable
02-25 21:42:58.377  4386  4471 I audio_device_module.cc: [000:032] [4471] (line 555): output: 1
02-25 21:42:58.377  4386  4471 I audio_record_jni.cc: [000:032] [4471] (line 223): EnableBuiltInNS(1)
02-25 21:42:58.377  4386  4471 I WebRtcAudioRecordExternal: [000:032] [4471] enableBuiltInNS(true)
02-25 21:42:58.378  4386  4471 I WebRtcAudioEffectsExternal: [000:033] [4471] setNS(true)
02-25 21:42:58.378  4386  4471 I audio_device_module.cc: [000:033] [4471] (line 583): output: 0
02-25 21:42:58.378  4386  4471 I webrtc_voice_engine.cc: [000:033] [4471] (line 429): Disabling NS since built-in NS will be used instead
02-25 21:42:58.378  4386  4471 I audio_processing_impl.cc: [000:033] [4471] (line 718): Highpass filter activated: 0
02-25 21:42:58.378  4386  4471 I audio_processing_impl.cc: [000:033] [4471] (line 736): Gain Controller 2 activated: 0
02-25 21:42:58.378  4386  4471 I audio_processing_impl.cc: [000:033] [4471] (line 738): Pre-amplifier activated: 0
02-25 21:42:58.379  4386  4471 I apm_helpers.cc: [000:033] [4471] (line 62): NS set to 0
02-25 21:42:58.379  4386  4471 I webrtc_voice_engine.cc: [000:034] [4471] (line 437): Stereo swapping enabled? 0
02-25 21:42:58.379  4386  4471 I webrtc_voice_engine.cc: [000:034] [4471] (line 442): NetEq capacity is 200
02-25 21:42:58.379  4386  4471 I webrtc_voice_engine.cc: [000:034] [4471] (line 448): NetEq fast mode? 0
02-25 21:42:58.379  4386  4471 I webrtc_voice_engine.cc: [000:034] [4471] (line 454): NetEq minimum delay is 0
02-25 21:42:58.379  4386  4471 I webrtc_voice_engine.cc: [000:034] [4471] (line 460): NetEq handle reordered packets? 0
02-25 21:42:58.379  4386  4471 I webrtc_voice_engine.cc: [000:034] [4471] (line 472): Experimental ns is enabled? 0
02-25 21:42:58.379  4386  4471 I webrtc_voice_engine.cc: [000:034] [4471] (line 482): Setting AGC to 0
02-25 21:42:58.379  4386  4471 I webrtc_voice_engine.cc: [000:034] [4471] (line 504): Typing detection is enabled? 0
02-25 21:42:58.379  4386  4471 I audio_processing_impl.cc: [000:034] [4471] (line 718): Highpass filter activated: 1
02-25 21:42:58.379  4386  4471 I audio_processing_impl.cc: [000:034] [4471] (line 736): Gain Controller 2 activated: 0
02-25 21:42:58.380  4386  4471 I audio_processing_impl.cc: [000:035] [4471] (line 738): Pre-amplifier activated: 0
02-25 21:42:58.387  4386  4439 I CarrierServices: [318958] dah.run: schedule local logs cleanup job service
02-25 21:42:58.391  4386  4465 I CarrierServices: [318971] cev.a: RcsAvailabilityManager: Calculating Rcs Availability
02-25 21:42:58.392  4386  4458 W CarrierServices: [318964] bvw.C: No config URL. RCS will be disabled!
02-25 21:42:58.393  4386  4470 I PeerConnectionFactory: [000:048] [4470] onNetworkThreadReady
02-25 21:42:58.393  4386  4471 I PeerConnectionFactory: [000:048] [4471] onWorkerThreadReady
02-25 21:42:58.393  4386  4472 I PeerConnectionFactory: [000:048] [4472] onSignalingThreadReady
02-25 21:42:58.396  4386  4386 W CarrierServices: [2] cne.b: Unexpected action: android.telephony.action.DEFAULT_SUBSCRIPTION_CHANGED
02-25 21:42:58.398  4386  4386 I CarrierServices: [2] cnv.onReceive: Received SERVICE_STATE intent, clearing cached cell info
02-25 21:42:58.414  4386  4386 W CarrierServices: [2] cne.b: Unexpected action: android.telephony.action.DEFAULT_SUBSCRIPTION_CHANGED
02-25 21:42:58.414  4386  4465 I CarrierServices: [318971] cev.a: RcsAvailabilityManager: Updating Rcs Availability to DISABLED_SIM_ABSENT (RCS is disabled due to SIM absent)
02-25 21:42:58.416  4386  4458 I CarrierServices: [318964] bbd.b: BindingManager: rcs already unbound or requested
02-25 21:42:58.417  4386  4386 I CarrierServices: [2] cpp.a: Handling SIM removed
02-25 21:42:58.417  4386  4465 W CarrierServices: [318971] ccb.a: No config URL source available.
02-25 21:42:58.418  4386  4465 W CarrierServices: [318971] ccb.c: No config URL available.
02-25 21:42:58.418  4386  4480 I CarrierServices: [318976] cnh.b: SIM delay is not enabled
02-25 21:42:58.419  4386  4480 W CarrierServices: [318976] cne.c: process intent: android.intent.action.SIM_STATE_CHANGED
02-25 21:42:58.421  4386  4419 I CarrierServices: [318940] cnh.b: SIM delay is not enabled
02-25 21:42:58.421  4386  4419 W CarrierServices: [318940] cne.c: process intent: android.intent.action.SIM_STATE_CHANGED
02-25 21:42:58.423  4386  4458 W CarrierServices: [318964] bvw.C: No config URL. RCS will be disabled!
02-25 21:42:58.423  4386  4465 I CarrierServices: [318971] cdc.a: Sending ProvisioningEvent to Bugle [Availability updated (12)], [tzpVNZih_AAiZWpAn6fdrDYJtS0_LHlhKcmXWtfZxpU]
02-25 21:42:58.425  4441  4441 I FirebaseInitProvider: FirebaseApp initialization successful
02-25 21:42:58.427  4386  4465 I CarrierServices: [318971] cev.a: Sending ProvisioningEvent Internal [Availability updated (12)], [tzpVNZih_AAiZWpAn6fdrDYJtS0_LHlhKcmXWtfZxpU]
02-25 21:42:58.431  4386  4465 I CarrierServices: [318971] cdc.a: Sending ProvisioningEvent to Bugle [Update provisioning status (11)], [GMDojRANsNoJczCe71l0C7N33u384-RIXgkJthBPyUA]
02-25 21:42:58.447  4386  4465 I CarrierServices: [318971] cej.a: (PEv2-SM): EnabledState: Transition to disabled
02-25 21:42:58.452  4386  4465 I CarrierServices: [318971] cej.c: (PEv2-SM): Exit EnabledState
02-25 21:42:58.461  4386  4461 W CarrierServices: [318967] bvw.C: No config URL. RCS will be disabled!
02-25 21:42:58.462  4386  4465 I CarrierServices: [318971] cej.a: (PEv2-SM): Enter DisabledState
02-25 21:42:58.479  4386  4484 W CarrierServices: [318978] bvw.C: No config URL. RCS will be disabled!
02-25 21:42:58.503  4386  4465 I CarrierServices: [318971] cdc.a: Sending ProvisioningEvent to Bugle [Update provisioning status (11)], [I_RX4awbE69dTpdZElF5ageNbCU5kW5cXzLTa2Lce-E]
02-25 21:42:58.505  4386  4386 E CarrierServices: [2] cpp.a: onSimRemoved: not using a test number at the moment
02-25 21:42:58.506  4386  4386 I CarrierServices: [2] cpp.a: onSimRemoved: JibePreferences hasSim: [false], rcsEnabled: [false]
02-25 21:42:58.506  4386  4386 I CarrierServices: [2] cpp.a: SIM has been removed.
02-25 21:42:58.508  4386  4467 I CarrierServices: [318972] cev.a: RcsAvailabilityManager: Calculating Rcs Availability
02-25 21:42:58.511  4386  4437 I CarrierServices: [318956] cmn.a: Received Provisioning Event: [Availability updated (12)]
02-25 21:42:58.511  4386  4437 I CarrierServices: [318956] cmn.a: JibeService is running, passing event to provisioning engine.
02-25 21:42:58.514  4386  4437 I CarrierServices: [318956] cdj.a: Handling Provisioning Event: [Availability updated (12)]
02-25 21:42:58.515  4386  4465 I CarrierServices: [318971] cdw.a: (PEv2-SM): DisabledState: event Availability updated
02-25 21:42:58.515  4386  4465 I CarrierServices: [318971] cev.a: RcsAvailabilityManager: Calculating Rcs Availability
02-25 21:42:58.532  4386  4465 I CarrierServices: [318971] cev.a: RcsAvailabilityManager: Rcs Availability still DISABLED_SIM_ABSENT (RCS is disabled due to SIM absent)
02-25 21:42:58.539  4386  4467 I CarrierServices: [318972] cev.a: RcsAvailabilityManager: Rcs Availability still DISABLED_SIM_ABSENT (RCS is disabled due to SIM absent)
02-25 21:42:58.542  4386  4467 I CarrierServices: [318972] cdc.a: Sending ProvisioningEvent to Bugle [Request Bugle information (15)], null
02-25 21:42:58.544  4386  4427 E CarrierServices: [318946] cne.m: Default SIM info not updated.
02-25 21:42:58.545  4386  4465 I CarrierServices: [318971] cdw.a: (PEv2-SM): DisabledState: event SIM event
02-25 21:42:58.545  4386  4427 I CarrierServices: [318946] cne.m: Processing an intent
02-25 21:42:58.549  4386  4427 I CarrierServices: [318946] cne.a: Ignoring duplicate SIM state: ABSENT
02-25 21:42:58.562  4441  4488 I Bugle   : GServicesValues:
02-25 21:42:58.562  4441  4488 I Bugle   : bugle_enable_primes_crash_metrics: true
02-25 21:42:58.562  4441  4488 I Bugle   : bugle_enable_wap_push_si: true
02-25 21:42:58.562  4441  4488 I Bugle   : bugle_max_telemetry_upload_retries: 10
02-25 21:42:58.562  4441  4488 I Bugle   : bugle_sticker_set_list_version: 3
02-25 21:42:58.563  4386  4427 E CarrierServices: [318946] cne.m: Default SIM info not updated.
02-25 21:42:58.563  4386  4427 I CarrierServices: [318946] cne.m: Processing an intent
02-25 21:42:58.567  4386  4427 I CarrierServices: [318946] cne.a: Ignoring duplicate SIM state: ABSENT
02-25 21:42:58.571  4441  4441 I xzb     : SslGuard completed installation.
02-25 21:42:58.585  4441  4441 W PrimesInit: Primes instant initialization
02-25 21:42:58.589  4441  4492 W Primes  : background initialization
02-25 21:42:58.663  4441  4492 I BugleRcsEngine: [318958] szm.<init>: Initializing SimStateTracker with multi-sim support
02-25 21:42:58.665  4441  4492 W BugleRcsEngine: Trying to log through cs.apk when it has not been initialized yet
02-25 21:42:58.666  4441  4492 I BugleRcsEngine: [318958] szs.<init>: Initializing SimStateTracker for single-sim device
02-25 21:42:58.666  4441  4492 W BugleRcsEngine: Trying to log through cs.apk when it has not been initialized yet
02-25 21:42:58.687  4441  4496 I BugleRcsEngine: [318962] shm.b: Reinitialize CSLib Flags: com.google.android.ims.library
02-25 21:42:58.691  4441  4492 I PrimesTesting: GserviceFlagsSupplier.get()
02-25 21:42:58.694  4441  4482 I FA      : App measurement is starting up, version: 19000
02-25 21:42:58.694  4441  4482 I FA      : To enable debug logging run: adb shell setprop log.tag.FA VERBOSE
02-25 21:42:58.695  4441  4482 I FA      : To enable faster debug mode event logging run:
02-25 21:42:58.695  4441  4482 I FA      :   adb shell setprop debug.firebase.analytics.app com.google.android.apps.messaging
02-25 21:42:58.699  4441  4441 I Bugle   : BugleApplicationBase: Bugle version: 5.2.062 (pegasus_rc17_xxhdpi.armeabi-v7a.phone)
02-25 21:42:58.750  4441  4482 I zygote  : Deoptimizing java.lang.Object qpm.a(java.lang.Object) due to JIT inline cache
02-25 21:42:58.754  4441  4441 I Bugle   : DarkModeUtilBase: Setting system dark mode to off
02-25 21:42:58.758  4441  4498 I Bugle   : Initializing EmojiCompat
02-25 21:42:58.784 13975 31449 I FontsContentProvider: Received query Noto Color Emoji Compat, URI content://com.google.android.gms.fonts
02-25 21:42:58.785 13975 31449 I FontsContentProvider: Query [Noto Color Emoji Compat] resolved to {Noto Color Emoji Compat, wdth 100.0, wght 400, ital 0.0, bestEffort false}
02-25 21:42:58.787 13975 31449 I FontsContentProvider: Fetch {Noto Color Emoji Compat, wdth 100.0, wght 400, ital 0.0, bestEffort false} end status Status{statusCode=SUCCESS, resolution=null}
02-25 21:42:58.818 13975 31449 I FontsContentProvider: Pulling font file for id = 105, cache size = 4
02-25 21:42:58.836  4441  4490 I BugleRcsEngine: [318956] szm.a: register Carrier Config Changed event
02-25 21:42:58.848  4441  4503 I BugleRcsEngine: [318970] szo.b: do not delay first event
02-25 21:42:58.852  4441  4490 I BugleRcsEngine: [318956] shm.b: Reinitialize CSLib Flags: com.google.android.ims.library
02-25 21:42:58.852  4441  4441 I BugleDataModel: RcsMigrationService: Returning RCS state provider.
02-25 21:42:58.853 13975 31449 I FontsContentProvider: Pulling font file for id = 105, cache size = 4
02-25 21:42:58.864  4441  4456 I BugleRcsEngine: [318944] tgj.c: Checking if using CarrierServices.apk is possible. Enabled: true, isAtLeastM: true, runningInsideBugle: true
02-25 21:42:58.866  4441  4441 I BugleRcsProvisioning: RcsProvisioningEventReceiver: Received ProvisioningEvent: Enable PEv2
02-25 21:42:58.878  4441  4504 D StrictMode: StrictMode policy violation: android.os.StrictMode$StrictModeDiskReadViolation: policy=65599 violation=2
02-25 21:42:58.878  4441  4504 D StrictMode: 	at android.os.StrictMode$AndroidBlockGuardPolicy.onReadFromDisk(StrictMode.java:1449)
02-25 21:42:58.878  4441  4504 D StrictMode: 	at java.io.UnixFileSystem.checkAccess(UnixFileSystem.java:251)
02-25 21:42:58.878  4441  4504 D StrictMode: 	at java.io.File.exists(File.java:807)
02-25 21:42:58.878  4441  4504 D StrictMode: 	at android.app.ContextImpl.ensurePrivateDirExists(ContextImpl.java:575)
02-25 21:42:58.878  4441  4504 D StrictMode: 	at android.app.ContextImpl.ensurePrivateDirExists(ContextImpl.java:566)
02-25 21:42:58.878  4441  4504 D StrictMode: 	at android.app.ContextImpl.getPreferencesDir(ContextImpl.java:522)
02-25 21:42:58.878  4441  4504 D StrictMode: 	at android.app.ContextImpl.getSharedPreferencesPath(ContextImpl.java:717)
02-25 21:42:58.878  4441  4504 D StrictMode: 	at android.app.ContextImpl.getSharedPreferences(ContextImpl.java:371)
02-25 21:42:58.878  4441  4504 D StrictMode: 	at android.content.ContextWrapper.getSharedPreferences(ContextWrapper.java:167)
02-25 21:42:58.878  4441  4504 D StrictMode: 	at oxt.a(PG:9)
02-25 21:42:58.878  4441  4504 D StrictMode: 	at oxs.b(PG:4)
02-25 21:42:58.878  4441  4504 D StrictMode: 	at tgj.b(PG:57)
02-25 21:42:58.878  4441  4504 D StrictMode: 	at tgj.a(PG:51)
02-25 21:42:58.878  4441  4504 D StrictMode: 	at ivg.a(PG:98)
02-25 21:42:58.878  4441  4504 D StrictMode: 	at ivg.v(PG:83)
02-25 21:42:58.878  4441  4504 D StrictMode: 	at hpz.run(PG:3)
02-25 21:42:58.878  4441  4504 D StrictMode: 	at zit.run(PG:3)
02-25 21:42:58.878  4441  4504 D StrictMode: 	at java.util.concurrent.Executors$RunnableAdapter.call(Executors.java:457)
02-25 21:42:58.878  4441  4504 D StrictMode: 	at acgw.b(PG:6)
02-25 21:42:58.878  4441  4504 D StrictMode: 	at acfw.run(PG:17)
02-25 21:42:58.878  4441  4504 D StrictMode: 	at acgx.run(PG:13)
02-25 21:42:58.878  4441  4504 D StrictMode: 	at java.util.concurrent.ThreadPoolExecutor.runWorker(ThreadPoolExecutor.java:1162)
02-25 21:42:58.878  4441  4504 D StrictMode: 	at java.util.concurrent.ThreadPoolExecutor$Worker.run(ThreadPoolExecutor.java:636)
02-25 21:42:58.878  4441  4504 D StrictMode: 	at yws.run(PG:4)
02-25 21:42:58.878  4441  4504 D StrictMode: 	at java.lang.Thread.run(Thread.java:764)
02-25 21:42:58.880  4441  4504 D StrictMode: StrictMode policy violation: android.os.StrictMode$StrictModeDiskReadViolation: policy=65599 violation=2
02-25 21:42:58.880  4441  4504 D StrictMode: 	at android.os.StrictMode$AndroidBlockGuardPolicy.onReadFromDisk(StrictMode.java:1449)
02-25 21:42:58.880  4441  4504 D StrictMode: 	at android.app.SharedPreferencesImpl.awaitLoadedLocked(SharedPreferencesImpl.java:234)
02-25 21:42:58.880  4441  4504 D StrictMode: 	at android.app.SharedPreferencesImpl.contains(SharedPreferencesImpl.java:301)
02-25 21:42:58.880  4441  4504 D StrictMode: 	at oxq.a(PG:2)
02-25 21:42:58.880  4441  4504 D StrictMode: 	at oxs.b(PG:4)
02-25 21:42:58.880  4441  4504 D StrictMode: 	at tgj.b(PG:57)
02-25 21:42:58.880  4441  4504 D StrictMode: 	at tgj.a(PG:51)
02-25 21:42:58.880  4441  4504 D StrictMode: 	at ivg.a(PG:98)
02-25 21:42:58.880  4441  4504 D StrictMode: 	at ivg.v(PG:83)
02-25 21:42:58.880  4441  4504 D StrictMode: 	at hpz.run(PG:3)
02-25 21:42:58.880  4441  4504 D StrictMode: 	at zit.run(PG:3)
02-25 21:42:58.880  4441  4504 D StrictMode: 	at java.util.concurrent.Executors$RunnableAdapter.call(Executors.java:457)
02-25 21:42:58.880  4441  4504 D StrictMode: 	at acgw.b(PG:6)
02-25 21:42:58.880  4441  4504 D StrictMode: 	at acfw.run(PG:17)
02-25 21:42:58.880  4441  4504 D StrictMode: 	at acgx.run(PG:13)
02-25 21:42:58.880  4441  4504 D StrictMode: 	at java.util.concurrent.ThreadPoolExecutor.runWorker(ThreadPoolExecutor.java:1162)
02-25 21:42:58.880  4441  4504 D StrictMode: 	at java.util.concurrent.ThreadPoolExecutor$Worker.run(ThreadPoolExecutor.java:636)
02-25 21:42:58.880  4441  4504 D StrictMode: 	at yws.run(PG:4)
02-25 21:42:58.880  4441  4504 D StrictMode: 	at java.lang.Thread.run(Thread.java:764)
02-25 21:42:58.884  4441  4503 E BugleRcsEngine: [318970] szm.k: Default SIM info not updated.
02-25 21:42:58.885  4441  4503 I BugleRcsEngine: [318970] szm.k: Processing an intent
02-25 21:42:58.892  4441  4503 I BugleRcsEngine: [318970] szm.a: SIM state ABSENT
02-25 21:42:58.898  1456  2402 W ActivityManager: Background start not allowed: service Intent { cmp=com.google.android.apps.messaging/.shared.datamodel.action.execution.ActionExecutorImpl$EmptyService } to com.google.android.apps.messaging/.shared.datamodel.action.execution.ActionExecutorImpl$EmptyService from pid=4441 uid=10110 pkg=com.google.android.apps.messaging
02-25 21:42:58.899  4441  4441 I BugleAction: ActionSchedulerImpl: class com.google.android.apps.messaging.shared.datamodel.action.CountryCodeDetectorAction-CountryCodeDetectorAction:15213072446003 deferred since it was started from unsafe context
02-25 21:42:58.908  4441  4503 I BugleRcsEngine: [318970] szm.a: Broadcasting Intent { act=com.google.android.ims.SIM_ABSENT }
02-25 21:42:58.919  4441  4496 I BugleRcsEngine: [318962] rud.a: Initializing Carrier Services Library.
02-25 21:42:58.919  4441  4496 I BugleRcsEngine: [318962] shm.b: Reinitialize CSLib Flags: com.google.android.ims.library
02-25 21:42:58.925  4441  4501 D NetworkSecurityConfig: No Network Security Config specified, using platform default
02-25 21:42:58.944  4441  4496 I BugleRcsEngine: [318962] szm.<init>: Initializing SimStateTracker with multi-sim support
02-25 21:42:58.948  4441  4496 I BugleRcsEngine: [318962] szs.<init>: Initializing SimStateTracker for single-sim device
02-25 21:42:58.948  4441  4496 I BugleRcsEngine: [318962] shm.b: Reinitialize CSLib Flags: com.google.android.ims.library
02-25 21:42:58.966  4441  4441 I BugleDataModel: ParticipantRefresh: ContactContentObserver created
02-25 21:42:58.967  4441  4492 I BugleRcs: RcsAvailabilityUtilImplPhone: MSIM Rcs disabled because ENABLE_RCS_MULTISIM_V0 disabled
02-25 21:42:58.969  4441  4456 I RcsProvisioning: Failed to read config: no config found /data/user/0/com.google.android.apps.messaging/files/rcsconfig (No such file or directory)
02-25 21:42:58.975  4441  4441 W BugleRcsEngine: [2] szm.b: Unexpected action: android.telephony.action.DEFAULT_SUBSCRIPTION_CHANGED
02-25 21:42:58.985  4441  4441 I BugleRcsProvisioning: RcsProvisioningEventReceiver: Received ProvisioningEvent: Request Bugle information
02-25 21:42:58.997  4441  4441 I Bugle   : SimChangeReceiver: action: com.google.android.ims.SIM_ABSENT
02-25 21:42:59.009  4441  4515 I BugleRcsEngine: [318979] szo.b: SIM delay is not enabled
02-25 21:42:59.009  4441  4441 I BugleRcsProvisioning: RcsProvisioningEventReceiver: Received ProvisioningEvent: Availability updated
02-25 21:42:59.010  4441  4441 I BugleRcsProvisioning: RcsProvisioningEventReceiver: Bugle receives rcs availability update to: 9
02-25 21:42:59.011  4441  4515 W BugleRcsEngine: [318979] szm.c: process intent: android.intent.action.SIM_STATE_CHANGED
02-25 21:42:59.021  4441  4492 I BugleRcs: RcsAvailabilityUtilForProvisioningEngineV2: Get Updated RcsAvailability, RcsAvailability: DISABLED_MULTI_SLOT_DEVICE, SimId: Redacted-0
02-25 21:42:59.022  4441  4492 I BugleRcs: RcsAvailabilityUtilForProvisioningEngineV2: success updating RCS availability asynch
02-25 21:42:59.027  4441  4490 W Bugle   : SubscriptionMetadataUtils get: invalid subId = -1
02-25 21:42:59.030  4441  4490 W Bugle   : SubscriptionMetadataUtils get: invalid subId = -1
02-25 21:42:59.030  4441  4441 I BugleRcsEngine: [2] yrg.disconnect: Disconnecting ChatSessionService
02-25 21:42:59.031  4441  4490 W Bugle   : Get mms config failed: invalid subId. subId=-1, real subId=-1, map={ }
02-25 21:42:59.033  4441  4441 I BugleRcsEngine: [2] yrg.disconnect: Disconnecting ContactsService
02-25 21:42:59.034  4441  4441 I BugleRcsEngine: [2] yrg.disconnect: Disconnecting FileTransferService
02-25 21:42:59.035  4441  4498 I BugleRcs: RcsAvailabilityUtilForProvisioningEngineV2: updated datastore for rcs availability, simId: , availability: DISABLED_MULTI_SLOT_DEVICE
02-25 21:42:59.035  4441  4441 I BugleRcsEngine: [2] yrg.disconnect: Disconnecting LocationSharingService
02-25 21:42:59.036  4441  4441 I BugleRcsEngine: [2] yrg.disconnect: Disconnecting ImsConnectionTrackerService
02-25 21:42:59.038  4441  4441 I BugleRcsEngine: [2] yrg.disconnect: Disconnecting RcsProfileService
02-25 21:42:59.039  4441  4441 I BugleRcsEngine: [2] yrg.disconnect: Disconnecting BusinessInfoService
02-25 21:42:59.053  4441  4498 I BugleRcs: RcsAvailabilityUtilForProvisioningEngineV2: updated datastore for rcs availability, simId: , availability: DISABLED_SIM_ABSENT
02-25 21:42:59.054  1456  5797 W ActivityManager: Background start not allowed: service Intent { cmp=com.google.android.apps.messaging/.shared.datamodel.action.execution.ActionExecutorImpl$EmptyService } to com.google.android.apps.messaging/.shared.datamodel.action.execution.ActionExecutorImpl$EmptyService from pid=4441 uid=10110 pkg=com.google.android.apps.messaging
02-25 21:42:59.057  4441  4490 I BugleBackup: Registering preference change listener for "buglesub_-1".
02-25 21:42:59.062  4441  4496 I BugleBackup: Registering preference change listener for "bugle".
02-25 21:42:59.089  4441  4441 I BugleRcsEngine: [2] yrg.disconnect: Disconnecting ChatSessionService
02-25 21:42:59.091  4441  4441 I BugleRcsEngine: [2] yrg.disconnect: Disconnecting ContactsService
02-25 21:42:59.093  4441  4441 I BugleRcsEngine: [2] yrg.disconnect: Disconnecting FileTransferService
02-25 21:42:59.101  4441  4441 I BugleRcsEngine: [2] yrg.disconnect: Disconnecting LocationSharingService
02-25 21:42:59.107  4441  4441 I BugleRcsEngine: [2] yrg.disconnect: Disconnecting ImsConnectionTrackerService
02-25 21:42:59.108  4441  4441 I BugleRcsEngine: [2] yrg.disconnect: Disconnecting RcsProfileService
02-25 21:42:59.109  4441  4441 I BugleRcsEngine: [2] yrg.disconnect: Disconnecting BusinessInfoService
02-25 21:42:59.112  4441  4441 I BugleRcsProvisioning: RcsProvisioningEventReceiver: Received ProvisioningEvent: Update provisioning status
02-25 21:42:59.114  4441  4490 W Bugle   : SubscriptionMetadataUtils get: invalid subId = -1
02-25 21:42:59.129  4441  4522 W Bugle   : SubscriptionMetadataUtils get: invalid subId = -1
02-25 21:42:59.132  4441  4503 E BugleRcsEngine: [318970] szm.k: Default SIM info not updated.
02-25 21:42:59.132  4441  4490 W Bugle   : SubscriptionMetadataUtils get: invalid subId = -1
02-25 21:42:59.133  4441  4503 I BugleRcsEngine: [318970] szm.k: Processing an intent
02-25 21:42:59.137  4441  4503 I BugleRcsEngine: [318970] szm.a: Ignoring duplicate SIM state: ABSENT
02-25 21:42:59.142  4441  4441 I BugleRcsProvisioning: RcsProvisioningEventReceiver: Received ProvisioningEvent: Update provisioning status
02-25 21:42:59.152  4441  4441 I BugleRcsProvisioning: RcsProvisioningEventReceiver: Received ProvisioningEvent: Request Bugle information
02-25 21:42:59.154  4441  4490 W Bugle   : SubscriptionMetadataUtils get: invalid subId = -1
02-25 21:42:59.161  4441  4490 W Bugle   : SubscriptionMetadataUtils get: invalid subId = -1
02-25 21:42:59.163  4441  4522 W Bugle   : SubscriptionMetadataUtils get: invalid subId = -1
02-25 21:42:59.168  4441  4490 W Bugle   : SubscriptionMetadataUtils get: invalid subId = -1
02-25 21:42:59.169  4441  4522 I Bugle   : CountryCodeDetector: updateMainDeviceCountry from system locale as fallback. detected country: US
02-25 21:42:59.178  4441  4490 W Bugle   : SubscriptionMetadataUtils get: invalid subId = -1
02-25 21:42:59.194  4441  4490 I chatty  : uid=10110(com.google.android.apps.messaging) BG Thread #0 identical 1 line
02-25 21:42:59.200  4441  4490 W Bugle   : SubscriptionMetadataUtils get: invalid subId = -1
02-25 21:42:59.226  4441  4456 I RcsProvisioning: Failed to read config: no config found /data/user/0/com.google.android.apps.messaging/files/rcsconfig (No such file or directory)
02-25 21:42:59.296  4441  4446 I zygote  : Do partial code cache collection, code=22KB, data=31KB
02-25 21:42:59.298  4441  4446 I zygote  : After code cache collection, code=19KB, data=30KB
02-25 21:42:59.298  4441  4446 I zygote  : Increasing code cache capacity to 128KB
02-25 21:42:59.329  4441  4456 E BugleRcsEngine: [318944] sub.a: File not found.: java.io.FileNotFoundException: /data/user/0/com.google.android.apps.messaging/files/httpft_pending (No such file or directory)
02-25 21:42:59.329  4441  4456 E BugleRcsEngine: 	at java.io.FileInputStream.open0(Native Method)
02-25 21:42:59.329  4441  4456 E BugleRcsEngine: 	at java.io.FileInputStream.open(FileInputStream.java:200)
02-25 21:42:59.329  4441  4456 E BugleRcsEngine: 	at java.io.FileInputStream.<init>(FileInputStream.java:150)
02-25 21:42:59.329  4441  4456 E BugleRcsEngine: 	at android.app.ContextImpl.openFileInput(ContextImpl.java:530)
02-25 21:42:59.329  4441  4456 E BugleRcsEngine: 	at android.content.ContextWrapper.openFileInput(ContextWrapper.java:195)
02-25 21:42:59.329  4441  4456 E BugleRcsEngine: 	at sub.a(PG:37)
02-25 21:42:59.329  4441  4456 E BugleRcsEngine: 	at com.google.android.apps.messaging.rcsmigration.RcsStateProvider.buildRcsState(PG:45)
02-25 21:42:59.329  4441  4456 E BugleRcsEngine: 	at com.google.android.apps.messaging.rcsmigration.RcsStateProvider.getRcsState(PG:57)
02-25 21:42:59.329  4441  4456 E BugleRcsEngine: 	at com.google.android.ims.rcsmigration.IRcsStateProvider$Stub.dispatchTransaction(PG:8)
02-25 21:42:59.329  4441  4456 E BugleRcsEngine: 	at com.google.android.aidl.BaseStub.onTransact(PG:9)
02-25 21:42:59.329  4441  4456 E BugleRcsEngine: 	at android.os.Binder.execTransact(Binder.java:697)
02-25 21:42:59.341  4386  4437 I CarrierServices: [318956] brf.doInBackground: Saving RCS State
02-25 21:42:59.341  4386  4437 I CarrierServices: [318956] brf.doInBackground: Old operation mode: 2
02-25 21:42:59.342  4386  4437 I CarrierServices: [318956] brf.doInBackground: New operation mode: 2
02-25 21:42:59.342  4386  4386 I CarrierServices: [2] brf.onPostExecute: Finalizing migration for RCS state: Operation mode FULL STACK
02-25 21:42:59.343  4386  4437 I CarrierServices: [318956] cmn.a: Received Provisioning Event: [Bugle information (100)]
02-25 21:42:59.343  4386  4437 I CarrierServices: [318956] cmn.a: JibeService is running, passing event to provisioning engine.
02-25 21:42:59.343  4386  4437 I CarrierServices: [318956] cdj.a: Handling Provisioning Event: [Bugle information (100)]
02-25 21:42:59.344  4386  4480 I CarrierServices: [318976] cmn.a: Received Provisioning Event: [Bugle information (100)]
02-25 21:42:59.344  4386  4419 I CarrierServices: [318940] cmn.a: Received Provisioning Event: [Bugle information (100)]
02-25 21:42:59.344  4386  4480 I CarrierServices: [318976] cmn.a: JibeService is running, passing event to provisioning engine.
02-25 21:42:59.345  4386  4419 I CarrierServices: [318940] cmn.a: JibeService is running, passing event to provisioning engine.
02-25 21:42:59.345  4386  4480 I CarrierServices: [318976] cdj.a: Handling Provisioning Event: [Bugle information (100)]
02-25 21:42:59.345  4441  4456 I BugleRcsEngine: [318944] RcsStateProvider.onMigrationComplete: Migration complete.
02-25 21:42:59.346  4386  4480 I CarrierServices: [318976] cev.a: RcsAvailabilityManager: Calculating Rcs Availability
02-25 21:42:59.349  4386  4386 I CarrierServices: [2] brg.a: Unbinding RcsMigrationService
02-25 21:42:59.349  4386  4437 I CarrierServices: [318956] cev.a: RcsAvailabilityManager: Calculating Rcs Availability
02-25 21:42:59.353  4386  4480 I CarrierServices: [318976] cev.a: RcsAvailabilityManager: Rcs Availability still DISABLED_SIM_ABSENT (RCS is disabled due to SIM absent)
02-25 21:42:59.356  4386  4425 I CarrierServices: [318944] cmn.a: Received Provisioning Event: [Bugle information (100)]
02-25 21:42:59.357  4386  4425 I CarrierServices: [318944] cmn.a: JibeService is running, passing event to provisioning engine.
02-25 21:42:59.357  4386  4425 I CarrierServices: [318944] cdj.a: Handling Provisioning Event: [Bugle information (100)]
02-25 21:42:59.358  4386  4425 I CarrierServices: [318944] cev.a: RcsAvailabilityManager: Calculating Rcs Availability
02-25 21:42:59.360  4386  4419 I CarrierServices: [318940] cdj.a: Handling Provisioning Event: [Bugle information (100)]
02-25 21:42:59.360  1456  5050 I ActivityManager: Force stopping org.mozilla.fennec_aurora appid=11039 user=0: from pid 4530
02-25 21:42:59.360  1456  5050 I ActivityManager: Killing 4147:org.mozilla.fennec_aurora/u0a1039 (adj 700): stop org.mozilla.fennec_aurora
02-25 21:42:59.361  4386  4419 I CarrierServices: [318940] cev.a: RcsAvailabilityManager: Calculating Rcs Availability
02-25 21:42:59.363  1456  1605 W zygote  : kill(-4147, 9) failed: No such process
02-25 21:42:59.364  1456  5050 W ActivityManager: Force removing ActivityRecord{e0016fb u0 org.mozilla.fennec_aurora/org.mozilla.fenix.HomeActivity t29461}: app died, no saved state
02-25 21:42:59.370  4386  4425 I CarrierServices: [318944] cev.a: RcsAvailabilityManager: Rcs Availability still DISABLED_SIM_ABSENT (RCS is disabled due to SIM absent)
02-25 21:42:59.374  4386  4419 I CarrierServices: [318940] cev.a: RcsAvailabilityManager: Rcs Availability still DISABLED_SIM_ABSENT (RCS is disabled due to SIM absent)
02-25 21:42:59.375  1456  5050 I ActivityManager: Killing 4259:org.mozilla.fennec_aurora:socket/u0a1039 (adj 0): stop org.mozilla.fennec_aurora
02-25 21:42:59.375  4386  4437 I CarrierServices: [318956] cev.a: RcsAvailabilityManager: Rcs Availability still DISABLED_SIM_ABSENT (RCS is disabled due to SIM absent)
02-25 21:42:59.378  1456  5050 I ActivityManager: Killing 4233:org.mozilla.fennec_aurora:tab/u0a1039 (adj 0): stop org.mozilla.fennec_aurora
02-25 21:42:59.379  1456  1605 W zygote  : kill(-4147, 9) failed: No such process
02-25 21:42:59.380  4441  4533 I BugleRcsEngine: [318994] tgj.c: Checking if using CarrierServices.apk is possible. Enabled: true, isAtLeastM: true, runningInsideBugle: true
02-25 21:42:59.382  4441  4533 I BugleRcsEngine: [318994] RcsStateProvider.lambda$onMigrationComplete$0$RcsStateProvider: Rcs Engine should be running in cs.apk. Stopping JibeService.
02-25 21:42:59.383  4441  4533 I BugleRcsEngine: [318994] yrg.disconnect: Disconnecting ChatSessionService
02-25 21:42:59.383  4441  4533 I BugleRcsEngine: [318994] yrg.disconnect: Disconnecting ContactsService
02-25 21:42:59.384  4441  4533 I BugleRcsEngine: [318994] yrg.disconnect: Disconnecting FileTransferService
02-25 21:42:59.384  4441  4533 I BugleRcsEngine: [318994] yrg.disconnect: Disconnecting LocationSharingService
02-25 21:42:59.385  4441  4533 I BugleRcsEngine: [318994] yrg.disconnect: Disconnecting ImsConnectionTrackerService
02-25 21:42:59.385  4441  4533 I BugleRcsEngine: [318994] yrg.disconnect: Disconnecting RcsProfileService
02-25 21:42:59.386  4441  4533 I BugleRcsEngine: [318994] yrg.disconnect: Disconnecting BusinessInfoService
02-25 21:42:59.389  4441  4533 I BugleRcsEngine: [318994] RcsStateProvider.lambda$onMigrationComplete$0$RcsStateProvider: JibeService stopped: false
02-25 21:42:59.390  4441  4533 I BugleRcsEngine: [318994] yrg.connect: Connecting ChatSessionService
02-25 21:42:59.392  2398  2398 D CarrierSvcBindHelper: No carrier app for: 0
02-25 21:42:59.394  2398  2398 D CarrierSvcBindHelper: No carrier app for: 1
02-25 21:42:59.394  1456  1605 W zygote  : kill(-4147, 9) failed: No such process
02-25 21:42:59.395  4441  4533 I BugleRcsEngine: [318994] yrg.connect: shouldUseCarrierServicesJibeService: true, CarrierServices rcs service found: true
02-25 21:42:59.395  4441  4533 I BugleRcsEngine: [318994] yrg.connect: Binding to JibeService in CarrierServices.
02-25 21:42:59.398  4441  4533 I BugleRcsEngine: [318994] yrg.connect: Connecting EventService
02-25 21:42:59.403  4441  4533 I BugleRcsEngine: [318994] yrg.connect: shouldUseCarrierServicesJibeService: true, CarrierServices rcs service found: true
02-25 21:42:59.403  4441  4533 I BugleRcsEngine: [318994] yrg.connect: Binding to JibeService in CarrierServices.
02-25 21:42:59.406  4441  4533 I BugleRcsEngine: [318994] yrg.connect: Connecting ContactsService
02-25 21:42:59.410  4441  4533 I BugleRcsEngine: [318994] yrg.connect: shouldUseCarrierServicesJibeService: true, CarrierServices rcs service found: true
02-25 21:42:59.410  4441  4533 I BugleRcsEngine: [318994] yrg.connect: Binding to JibeService in CarrierServices.
02-25 21:42:59.412  4441  4441 I RcsClientLib: Service com.google.android.rcs.client.chatsession.ChatSessionService connected. Will notify listeners: true
02-25 21:42:59.413  4441  4533 I BugleRcsEngine: [318994] yrg.connect: Connecting FileTransferService
02-25 21:42:59.413  4441  4441 I RcsClientLib: Service com.google.android.rcs.client.events.EventService connected. Will notify listeners: true
02-25 21:42:59.414  1456  1605 W zygote  : kill(-4147, 9) failed: No such process
02-25 21:42:59.417  4441  4533 I BugleRcsEngine: [318994] yrg.connect: shouldUseCarrierServicesJibeService: true, CarrierServices rcs service found: true
02-25 21:42:59.417  4441  4533 I BugleRcsEngine: [318994] yrg.connect: Binding to JibeService in CarrierServices.
02-25 21:42:59.420  4441  4533 I BugleRcsEngine: [318994] yrg.connect: Connecting LocationSharingService
02-25 21:42:59.424  4441  4533 I BugleRcsEngine: [318994] yrg.connect: shouldUseCarrierServicesJibeService: true, CarrierServices rcs service found: true
02-25 21:42:59.424  4441  4441 I RcsClientLib: Service com.google.android.rcs.client.contacts.ContactsService connected. Will notify listeners: true
02-25 21:42:59.425  4441  4533 I BugleRcsEngine: [318994] yrg.connect: Binding to JibeService in CarrierServices.
02-25 21:42:59.427  4441  4533 I BugleRcsEngine: [318994] yrg.connect: Connecting ImsConnectionTrackerService
02-25 21:42:59.429  1456  1605 W zygote  : kill(-4147, 9) failed: No such process
02-25 21:42:59.431  4441  4533 I BugleRcsEngine: [318994] yrg.connect: shouldUseCarrierServicesJibeService: true, CarrierServices rcs service found: true
02-25 21:42:59.431  4441  4441 I RcsClientLib: Service com.google.android.rcs.client.filetransfer.FileTransferService connected. Will notify listeners: true
02-25 21:42:59.431  4441  4533 I BugleRcsEngine: [318994] yrg.connect: Binding to JibeService in CarrierServices.
02-25 21:42:59.434  4441  4533 I BugleRcsEngine: [318994] yrg.connect: Connecting RcsProfileService
02-25 21:42:59.438  4441  4441 I RcsClientLib: Service com.google.android.rcs.client.locationsharing.LocationSharingService connected. Will notify listeners: true
02-25 21:42:59.439  4441  4533 I BugleRcsEngine: [318994] yrg.connect: shouldUseCarrierServicesJibeService: true, CarrierServices rcs service found: true
02-25 21:42:59.439  4441  4533 I BugleRcsEngine: [318994] yrg.connect: Binding to JibeService in CarrierServices.
02-25 21:42:59.440  1456  1605 W zygote  : kill(-4147, 9) failed: No such process
02-25 21:42:59.442  4441  4533 I BugleRcsEngine: [318994] yrg.connect: Connecting BusinessInfoService
02-25 21:42:59.443  4441  4441 I RcsClientLib: Service com.google.android.rcs.client.ims.ImsConnectionTrackerService connected. Will notify listeners: true
02-25 21:42:59.445  4441  4533 I BugleRcsEngine: [318994] yrg.connect: shouldUseCarrierServicesJibeService: true, CarrierServices rcs service found: true
02-25 21:42:59.446  4441  4533 I BugleRcsEngine: [318994] yrg.connect: Binding to JibeService in CarrierServices.
02-25 21:42:59.454  1456  1605 W zygote  : kill(-4147, 9) failed: No such process
02-25 21:42:59.467  1456  1605 W zygote  : kill(-4147, 9) failed: No such process
02-25 21:42:59.474  4441  4533 I RcsProvisioning: Failed to read config: no config found /data/user/0/com.google.android.apps.messaging/files/rcsconfig (No such file or directory)
02-25 21:42:59.485  1456  1605 W zygote  : kill(-4147, 9) failed: No such process
02-25 21:42:59.498  1456  1605 W zygote  : kill(-4147, 9) failed: No such process
02-25 21:42:59.501  4386  4463 E CarrierServices: [318969] coc.a: Invalid signature found for com.android.contacts: 133C95C5F20BA6481C493541241961C0DC0415A8
02-25 21:42:59.505  1456  2196 I ActivityManager: START u0 {act=android.intent.action.MAIN cat=[android.intent.category.LAUNCHER] flg=0x10000000 cmp=org.mozilla.fennec_aurora/org.mozilla.fenix.HomeActivity} from uid 2000
02-25 21:42:59.505   794   839 E ANDR-PERF-RESOURCEQS: Failed to apply optimization [4, 0]
02-25 21:42:59.513  1456  1605 W zygote  : kill(-4147, 9) failed: No such process
02-25 21:42:59.518   808   898 I SFPerfTracer:      triggers: (rate: 0:1) (0 sw vsyncs) (0 skipped) (0:4666254 vsyncs) (2:10523613)
02-25 21:42:59.527  1456  5797 I ActivityManager: Start proc 4544:org.mozilla.fennec_aurora/u0a1039 for activity org.mozilla.fennec_aurora/org.mozilla.fenix.HomeActivity
02-25 21:42:59.528  1456  1605 I chatty  : uid=1000(system) ActivityManager identical 1 line
02-25 21:42:59.528  1456  1473 D ConnectivityService: ConnectivityService NetworkRequestInfo binderDied(NetworkRequest [ TRACK_DEFAULT id=28320, [ Capabilities: INTERNET&NOT_RESTRICTED&TRUSTED&NOT_VPN] ], android.os.BinderProxy@acb5832)
02-25 21:42:59.528  1456  2067 D ConnectivityService: releasing NetworkRequest [ TRACK_DEFAULT id=28320, [ Capabilities: INTERNET&NOT_RESTRICTED&TRUSTED&NOT_VPN] ] (release request)
02-25 21:42:59.531  1456  1673 W ActivityManager: setHasOverlayUi called on unknown pid: 4147
02-25 21:42:59.541  1456  1605 W zygote  : kill(-4147, 9) failed: No such process
02-25 21:42:59.542  1456  1605 I zygote  : Successfully killed process cgroup uid 11039 pid 4147 in 178ms
02-25 21:42:59.542  1456  1605 W zygote  : kill(-4259, 9) failed: No such process
02-25 21:42:59.542  1456  1605 I zygote  : Successfully killed process cgroup uid 11039 pid 4259 in 0ms
02-25 21:42:59.542  1456  1605 W zygote  : kill(-4233, 9) failed: No such process
02-25 21:42:59.542  1456  1605 I zygote  : Successfully killed process cgroup uid 11039 pid 4233 in 0ms
02-25 21:42:59.550  4386  4463 E CarrierServices: [318969] coc.a: Invalid signature found for com.android.contacts: 133C95C5F20BA6481C493541241961C0DC0415A8
02-25 21:42:59.584  4441  4441 I RcsClientLib: Service com.google.android.rcs.client.profile.RcsProfileService connected. Will notify listeners: true
02-25 21:42:59.592  4386  4463 W CarrierServices: [318969] ccb.c: No config URL available.
02-25 21:42:59.594  4441  4441 I BugleRcs: RcsAvailability ACS url: null
02-25 21:42:59.595  4441  4441 I RcsClientLib: Service com.google.android.rcs.client.businessinfo.BusinessInfoService connected. Will notify listeners: true
02-25 21:42:59.602  4386  4463 W CarrierServices: [318969] ccb.c: No config URL available.
02-25 21:42:59.603  4441  4441 I BugleRcs: RcsAvailability ACS url: null
02-25 21:42:59.603  4441  4533 I BugleRcsEngine: [318994] sub.a: Deleted transfers file: false
02-25 21:42:59.607  4441  4533 I RcsProvisioning: Failed to read config: no config found /data/user/0/com.google.android.apps.messaging/files/rcsconfig (No such file or directory)
02-25 21:42:59.614 20270 21092 I MicroDetectionState: Should stop hotword detection immediately - false
02-25 21:42:59.614 20270 21092 I MicroDetector: Keeping mic open: false
02-25 21:42:59.615 20270 21092 I RecognitionAudioControl: #shutdownAudio [requestId: 6582495242991313475, keepAudioOpen: false, forced: true]
02-25 21:42:59.615 20270 17075 E DeviceStateChecker: DeviceStateChecker cancelled
02-25 21:42:59.615 20270 21092 I RecognitionAudioControl: #internalShutdownAudio [requestId: 6582495242991313475]
02-25 21:42:59.615 20270 21092 I RecognitionAudioControl: #internalShutdownAudio [keepAudioOpen: false, forced: true]
02-25 21:42:59.615 20270 21092 I RecognitionAudioControl: #actualShutdownAudio
02-25 21:42:59.615 20270 21092 I AudioController: #shutdown [requestId=6582495242991313475]
02-25 21:42:59.615 20270 21108 I AudioController: internalShutdown
02-25 21:42:59.615 20270 21131 I MicroRecognitionRunner: Stopping hotword detection.
02-25 21:42:59.655   788  1479 D audio_hw_primary: disable_audio_route: usecase(9) reset and update mixer path: audio-record
02-25 21:42:59.656   788  1479 D audio_hw_primary: disable_snd_device: snd_device(120: voice-rec-mic)
02-25 21:42:59.658  1012  1302 D APM_AudioPolicyManager: stopInput() input 162998, session 163105
02-25 21:42:59.658   788   788 D audio_hw_primary: in_set_parameters: enter: kvpairs=routing=0
02-25 21:42:59.660 20270 21108 I MicrophoneInputStream: mic_close  SR : 16000 CC : 16 SO : 1999
02-25 21:42:59.660 20270 21108 E AudioSource: Stop listening is called on already closed AudioSource
02-25 21:42:59.662 20270 21400 I MicroRecognitionRunner: Detection finished
02-25 21:42:59.683  4544  4544 I chatty  : uid=11039(org.mozilla.fennec_aurora) expire 41 lines
02-25 21:42:59.757  4544  4565 I chatty  : uid=11039(org.mozilla.fennec_aurora) expire 4 lines
02-25 21:42:59.781  4544  4573 I chatty  : uid=11039(org.mozilla.fennec_aurora) expire 11 lines
02-25 21:42:59.803  4544  4572 I chatty  : uid=11039(org.mozilla.fennec_aurora) expire 11 lines
02-25 21:42:59.843  4544  4579 I chatty  : uid=11039(org.mozilla.fennec_aurora) expire 25 lines
02-25 21:42:59.928  4544  4582 I chatty  : uid=11039(org.mozilla.fennec_aurora) expire 1 line
02-25 21:42:59.947  4544  4593 I chatty  : uid=11039(org.mozilla.fennec_aurora) expire 10 lines
02-25 21:43:00.034  4544  4549 I chatty  : uid=11039(org.mozilla.fennec_aurora) expire 8 lines
02-25 21:43:00.258  4544  4544 E ActivityThread: Failed to find provider info for org.mozilla.fennec_aurora.fxa.auth
02-25 21:43:00.325  1456  5797 I ActivityManager: Start proc 4627:org.mozilla.fennec_aurora:tab/u0a1039 for service org.mozilla.fennec_aurora/org.mozilla.gecko.process.GeckoChildProcessServices$tab
02-25 21:43:00.338  4544  4637 I chatty  : uid=11039(org.mozilla.fennec_aurora) expire 9 lines
02-25 21:43:00.451  1456  2162 I ActivityManager: Start proc 4653:org.mozilla.fennec_aurora:socket/u0a1039 for service org.mozilla.fennec_aurora/org.mozilla.gecko.process.GeckoChildProcessServices$socket
02-25 21:43:00.467  4627  4627 I chatty  : uid=11039(org.mozilla.fennec_aurora) expire 1 line
02-25 21:43:00.468  4627  4666 I chatty  : uid=11039(org.mozilla.fennec_aurora) expire 1 line
02-25 21:43:00.571  4653  4653 I chatty  : uid=11039(org.mozilla.fennec_aurora) expire 1 line
02-25 21:43:00.571  4653  4670 I chatty  : uid=11039(org.mozilla.fennec_aurora) expire 15 lines
02-25 21:43:00.668  1456  1466 I zygote  : Background concurrent copying GC freed 20046(1365KB) AllocSpace objects, 9(308KB) LOS objects, 39% free, 37MB/61MB, paused 206us total 335.329ms
02-25 21:43:00.683  1456  3925 I ActivityManager: Displayed org.mozilla.fennec_aurora/org.mozilla.fenix.HomeActivity: +1s168ms
02-25 21:43:00.683  1456  3925 I ActivityManager: Fully drawn org.mozilla.fennec_aurora/org.mozilla.fenix.HomeActivity: +1s168ms
02-25 21:43:00.736  1456  1673 I LaunchCheckinHandler: Displayed org.mozilla.fennec_aurora/org.mozilla.fenix.HomeActivity,cp,ca,1221
02-25 21:43:00.744  4544  4544 E ActivityThread: Failed to find provider info for org.mozilla.fennec_aurora.fxa.auth
02-25 21:43:00.817 20270 20270 I MemoryTrimmer: Trimming objects from memory, since app is in the background.
02-25 21:43:00.824 20270 21092 E AudioSource: Stop listening is called on already closed AudioSource
02-25 21:43:00.827 20270  3805 I PBSessionCacheImpl: Deleted sessionId[89149984825583935] from persistence.
02-25 21:43:00.828 20270 23357 E chromium: [ERROR:aw_gl_functor.cc(102)] Received unexpected kModeProcessNoContext
02-25 21:43:00.828 20270 23357 E libEGL  : call to OpenGL ES API with no current context (logged once per thread)
02-25 21:43:00.829 20270 20270 I MemoryTrimmer: Trimming objects from memory, since app is in the background.
02-25 21:43:00.833  1456  3925 I WifiService: getWifiEnabledState uid=10073
02-25 21:43:00.835 20270 21092 I DEBUG   : OpaToSrpTransitionState#onStateChanged#notNullQuery
02-25 21:43:00.836 20270 21092 I DEBUG   : OpaToSrpTransitionState#onStateChanged#notNullQuery
02-25 21:43:00.838 20270 21092 W SearchServiceCore: Abort, client detached.
02-25 21:43:00.840 20270 21092 W SearchServiceCore: Abort, client detached.
02-25 21:43:01.621  4544  4544 I chatty  : uid=11039(org.mozilla.fennec_aurora) expire 10 lines
02-25 21:43:01.627  4544  4579 I chatty  : uid=11039(org.mozilla.fennec_aurora) expire 5 lines
02-25 21:43:01.628  1023  4748 D libc    : Internal error: netid(0), id(0x7380), server(0.0.0.0)
02-25 21:43:01.628  1023  4748 D libc    : Internal error: netid(0), id(0x7380), server(0.0.0.0)
02-25 21:43:01.628  1023  4748 D libc    : Internal error: netid(0), id(0x3f81), server(0.0.0.0)
02-25 21:43:01.628  1023  4748 D libc    : Internal error: netid(0), id(0x3f81), server(0.0.0.0)
02-25 21:43:01.660  4544  4691 I chatty  : uid=11039(org.mozilla.fennec_aurora) expire 2 lines
02-25 21:43:01.800  1023  4756 D libc    : Internal error: netid(0), id(0xa696), server(0.0.0.0)
02-25 21:43:01.801  1023  4756 D libc    : Internal error: netid(0), id(0xa696), server(0.0.0.0)
02-25 21:43:01.801  1023  4756 D libc    : Internal error: netid(0), id(0x46e3), server(0.0.0.0)
02-25 21:43:01.801  1023  4756 D libc    : Internal error: netid(0), id(0x46e3), server(0.0.0.0)
02-25 21:43:01.802  1023  4758 D libc    : Internal error: netid(0), id(0x65a7), server(0.0.0.0)
02-25 21:43:01.802  1023  4758 D libc    : Internal error: netid(0), id(0x65a7), server(0.0.0.0)
02-25 21:43:01.802  1023  4758 D libc    : Internal error: netid(0), id(0xabf4), server(0.0.0.0)
02-25 21:43:01.802  1023  4758 D libc    : Internal error: netid(0), id(0xabf4), server(0.0.0.0)
02-25 21:43:01.805  1023  4762 D libc    : Internal error: netid(0), id(0x8ef4), server(0.0.0.0)
02-25 21:43:01.805  1023  4762 D libc    : Internal error: netid(0), id(0x8ef4), server(0.0.0.0)
02-25 21:43:01.805  1023  4762 D libc    : Internal error: netid(0), id(0x3a4), server(0.0.0.0)
02-25 21:43:01.805  1023  4762 D libc    : Internal error: netid(0), id(0x3a4), server(0.0.0.0)
02-25 21:43:01.837  4544  4573 I chatty  : uid=11039(org.mozilla.fennec_aurora) expire 1 line
02-25 21:43:01.837  4544  4602 I chatty  : uid=11039(org.mozilla.fennec_aurora) expire 2 lines
02-25 21:43:01.838  4544  4575 I chatty  : uid=11039(org.mozilla.fennec_aurora) expire 1 line
02-25 21:43:03.280  4441  4466 I zygote  : Waiting for a blocking GC ProfileSaver
02-25 21:43:03.306  4441  4466 I zygote  : Waiting for a blocking GC ProfileSaver
02-25 21:43:03.306  4441  4466 I zygote  : WaitForGcToComplete blocked ProfileSaver on HeapTrim for 26.084ms
02-25 21:43:03.316  4441  4451 I zygote  : WaitForGcToComplete blocked HeapTrim on ProfileSaver for 8.812ms
02-25 21:43:03.728  4441  4492 V AssistantIntegClient: #getAssistantConfig
02-25 21:43:03.745  4441  4501 W AssistantConfig: appIntegrationDataInBase64 is null
02-25 21:43:03.755  4441  4498 E Bugle   : AssistantIntegrationStartupTask: Error getting assistant availability.
02-25 21:43:03.755  4441  4498 E Bugle   : java.lang.IllegalStateException: Failed to query to AGSA.
02-25 21:43:03.755  4441  4498 E Bugle   : 	at tky.onPostExecute(PG:23)
02-25 21:43:03.755  4441  4498 E Bugle   : 	at android.os.AsyncTask.finish(AsyncTask.java:695)
02-25 21:43:03.755  4441  4498 E Bugle   : 	at android.os.AsyncTask.-wrap1(Unknown Source:0)
02-25 21:43:03.755  4441  4498 E Bugle   : 	at android.os.AsyncTask$InternalHandler.handleMessage(AsyncTask.java:712)
02-25 21:43:03.755  4441  4498 E Bugle   : 	at android.os.Handler.dispatchMessage(Handler.java:106)
02-25 21:43:03.755  4441  4498 E Bugle   : 	at android.os.Looper.loop(Looper.java:164)
02-25 21:43:03.755  4441  4498 E Bugle   : 	at android.app.ActivityThread.main(ActivityThread.java:6626)
02-25 21:43:03.755  4441  4498 E Bugle   : 	at java.lang.reflect.Method.invoke(Native Method)
02-25 21:43:03.755  4441  4498 E Bugle   : 	at com.android.internal.os.RuntimeInit$MethodAndArgsCaller.run(RuntimeInit.java:438)
02-25 21:43:03.755  4441  4498 E Bugle   : 	at com.android.internal.os.ZygoteInit.main(ZygoteInit.java:811)
02-25 21:43:03.785  4441  4492 I BugleNetwork: Startup: registering tachyon.
02-25 21:43:03.905 13975 14047 I Icing   : IndexChimeraService.getServiceInterface callingPackage=com.google.android.apps.messaging componentName=null serviceId=32
02-25 21:43:03.918  4441  4492 W zygote  : Unsupported class loader
02-25 21:43:03.929 13975  1923 W Icing   : No valid account for uploading user actions
02-25 21:43:03.992  4441  4492 W zygote  : Skipping duplicate class check due to unsupported classloader
02-25 21:43:04.013 13975  1923 I Icing   : Usage reports ok 1, Failed Usage reports 0, indexed 0, rejected 0
02-25 21:43:04.025  4441  4492 I DynamiteModule: Considering local module com.google.android.gms.cronet_dynamite:0 and remote module com.google.android.gms.cronet_dynamite:1211
02-25 21:43:04.025  4441  4492 I DynamiteModule: Selected remote version of com.google.android.gms.cronet_dynamite, version >= 1211
02-25 21:43:04.026  4441  4492 V DynamiteModule: Dynamite loader version >= 2, using loadModule2NoCrashUtils
02-25 21:43:04.102  4441  4498 I Bugle   : BugleMddTaskScheduler: Scheduling MDD job, tag: MDD.CHARGING.PERIODIC.TASK, period: 21600
02-25 21:43:04.103  4441  4496 I zygote  : Deoptimizing void hql.run() due to JIT inline cache
02-25 21:43:04.105  4441  4492 W zygote  : Unsupported class loader
02-25 21:43:04.107  4441  4492 W zygote  : Skipping duplicate class check due to unsupported classloader
02-25 21:43:04.108  4441  4496 I Bugle   : VerifiedSmsStartupTask: Checking if Verified SMS tasks should be enqueued. feature enabled: true, eligible: false
02-25 21:43:04.108  4441  4496 I Bugle   : VerifiedSmsStartupTask: Not enqueuing Verified SMS periodic task, Verified SMS is disabled.
02-25 21:43:04.114  4441  4498 I Bugle   : BugleMddTaskScheduler: Scheduling MDD job, tag: MDD.MAINTENANCE.PERIODIC.GCM.TASK, period: 86400
