--------- beginning of main
02-18 11:17:12.513  1456  1605 I chatty  : uid=1000(system) ActivityManager expire 3 lines
02-18 11:17:12.526  1456  1605 W zygote  : kill(-18809, 9) failed: No such process
02-18 11:17:12.527  1456  1605 I zygote  : Successfully killed process cgroup uid 10062 pid 18809 in 59ms
02-18 11:17:12.527  1456  1605 W zygote  : kill(-17728, 9) failed: No such process
02-18 11:17:12.527  1456  1605 I zygote  : Successfully killed process cgroup uid 10073 pid 17728 in 0ms
02-18 11:17:12.527  1456  1605 W zygote  : kill(-17862, 9) failed: No such process
02-18 11:17:12.527  1456  1605 I zygote  : Successfully killed process cgroup uid 10090 pid 17862 in 0ms
02-18 11:17:12.527  1456  1605 W zygote  : kill(-18022, 9) failed: No such process
02-18 11:17:12.527  1456  1605 I zygote  : Successfully killed process cgroup uid 10044 pid 18022 in 0ms
02-18 11:17:12.528  1456  1605 W zygote  : kill(-17776, 9) failed: No such process
02-18 11:17:12.528  1456  1605 I zygote  : Successfully killed process cgroup uid 1000 pid 17776 in 0ms
02-18 11:17:12.528  1456  1605 W zygote  : kill(-17750, 9) failed: No such process
02-18 11:17:12.528  1456  1605 I zygote  : Successfully killed process cgroup uid 10085 pid 17750 in 0ms
02-18 11:17:12.528  1456  1605 W zygote  : kill(-18949, 9) failed: No such process
02-18 11:17:12.528  1456  1605 I zygote  : Successfully killed process cgroup uid 10031 pid 18949 in 0ms
02-18 11:17:12.528  1456  1605 W zygote  : kill(-18905, 9) failed: No such process
02-18 11:17:12.528  1456  1605 I zygote  : Successfully killed process cgroup uid 10036 pid 18905 in 0ms
--------- beginning of system
02-18 11:17:12.748  1456  3927 I ActivityManager: START u0 {act=android.intent.action.VIEW dat=about:blank typ=text/html flg=0x10000000 cmp=org.mozilla.fenix.nightly/org.mozilla.fenix.IntentReceiverActivity} from uid 2000
02-18 11:17:12.749   794   839 E ANDR-PERF-RESOURCEQS: Failed to apply optimization [4, 0]
02-18 11:17:12.763  1456  3927 I ActivityManager: Start proc 18364:org.mozilla.fenix.nightly/u0a975 for activity org.mozilla.fenix.nightly/org.mozilla.fenix.IntentReceiverActivity
02-18 11:17:12.893 18364 18364 D FirebaseApp: com.google.firebase.auth.FirebaseAuth is not linked. Skipping initialization.
02-18 11:17:12.894 18364 18364 D FirebaseApp: com.google.firebase.crash.FirebaseCrash is not linked. Skipping initialization.
02-18 11:17:12.895 18364 18364 I FirebaseInitProvider: FirebaseApp initialization successful
02-18 11:17:12.956 18364 18383 I FA      : Collection disabled with firebase_analytics_collection_enabled=0
02-18 11:17:12.957 18364 18383 I FA      : App measurement is starting up, version: 12780
02-18 11:17:12.957 18364 18383 I FA      : To enable debug logging run: adb shell setprop log.tag.FA VERBOSE
02-18 11:17:12.957 18364 18383 I FA      : To enable faster debug mode event logging run:
02-18 11:17:12.957 18364 18383 I FA      :   adb shell setprop debug.firebase.analytics.app org.mozilla.fenix.nightly
02-18 11:17:12.962 18364 18364 D FenixApplication: Initializing Glean (uploadEnabled=true, isFennec=false)
02-18 11:17:12.979 18364 18364 D libglean_ffi: glean_ffi: Android logging should be hooked up!
02-18 11:17:12.982 18364 18364 I glean/Glean: Registering pings for mozilla.telemetry.glean.GleanMetrics.Pings
02-18 11:17:12.987 18364 18364 I libglean_ffi: glean_core: Creating new Glean
02-18 11:17:12.987 18364 18364 D libglean_ffi: glean_core::database: Database path: "/data/user/0/org.mozilla.fenix.nightly/glean_data/db"
02-18 11:17:12.988 18364 18364 I libglean_ffi: glean_core::database: Database initialized
02-18 11:17:12.988 18364 18364 I libglean_ffi: glean_ffi: Glean initialized
02-18 11:17:13.005 18364 18364 D glean/MetricsPingSched: The 'metrics' ping was last sent on Tue Feb 18 00:00:00 EST 2020
02-18 11:17:13.006 18364 18364 I glean/MetricsPingSched: The 'metrics' ping was already sent today, Tue Feb 18 11:17:12 EST 2020.
02-18 11:17:13.007 18364 18364 D glean/MetricsPingSched: Scheduling the 'metrics' ping in 60167006ms
02-18 11:17:13.008 18364 18389 D libglean_ffi: glean_core: Clearing Lifetime::Application metrics
02-18 11:17:13.009 18364 18364 I glean/Dispatchers: Task queued for execution and delayed until flushed
02-18 11:17:13.017 18364 18393 D RustNativeSupport: findMegazordLibraryName(viaduct, 0.50.0
02-18 11:17:13.017 18364 18393 D RustNativeSupport: lib in use: none
02-18 11:17:13.017 18364 18393 D RustNativeSupport: lib configured: fenix
02-18 11:17:13.018 18364 18393 D RustNativeSupport: lib version configured: 0.50.0
02-18 11:17:13.018 18364 18393 D RustNativeSupport: settled on fenix
02-18 11:17:13.043 18364 18393 D RustNativeSupport: findMegazordLibraryName(rustlog, 0.50.0
02-18 11:17:13.044 18364 18393 D RustNativeSupport: lib in use: none
02-18 11:17:13.044 18364 18393 D RustNativeSupport: lib configured: fenix
02-18 11:17:13.044 18364 18393 D RustNativeSupport: lib version configured: 0.50.0
02-18 11:17:13.044 18364 18393 D RustNativeSupport: settled on fenix
02-18 11:17:13.046 18364 18393 I rc_log_ffi::ios: rc_log adapter initialized!
02-18 11:17:13.081 18364 18364 D GeckoThread: State changed to LAUNCHED
02-18 11:17:13.082 18364 18399 I GeckoThread: preparing to run Gecko
02-18 11:17:13.088 18364 18364 D GeckoRuntime: Lifecycle: onCreate
02-18 11:17:13.089 18364 18399 D GeckoThread: State changed to MOZGLUE_READY
02-18 11:17:13.100 18364 18399 W Settings: Setting animator_duration_scale has moved from android.provider.Settings.System to android.provider.Settings.Global, returning read-only global URI.
02-18 11:17:13.101 18364 18364 I zygote  : Deoptimizing java.lang.Object androidx.collection.SimpleArrayMap.put(java.lang.Object, java.lang.Object) due to JIT inline cache
02-18 11:17:13.102 18364 18399 E GeckoLibLoad: Load sqlite start
02-18 11:17:13.108 18364 18364 D GleanMetricsService: Enabling Glean.
02-18 11:17:13.121 18364 18399 W GeckoLinker: /data/app/org.mozilla.fenix.nightly-gzaDNESn9yIzNiKwymOghw==/lib/arm/libnss3.so: unhandled flags #8 not handled
02-18 11:17:13.124 18364 18389 I libglean_ffi: glean_core: Upload enabled: true
02-18 11:17:13.127 18364 18399 W GeckoLinker: /data/app/org.mozilla.fenix.nightly-gzaDNESn9yIzNiKwymOghw==/lib/arm/libnss3.so: Relocation to NULL @0x001b8ffc for symbol "__cxa_type_match"
02-18 11:17:13.127 18364 18399 E GeckoLibLoad: Load sqlite done
02-18 11:17:13.127 18364 18399 E GeckoLibLoad: Load nss start
02-18 11:17:13.127 18364 18399 E GeckoLibLoad: Load nss done
02-18 11:17:13.128 18364 18399 W GeckoLinker: /data/app/org.mozilla.fenix.nightly-gzaDNESn9yIzNiKwymOghw==/lib/arm/libxul.so: unhandled flags #8 not handled
02-18 11:17:13.128 18364 18399 W GeckoLinker: /data/app/org.mozilla.fenix.nightly-gzaDNESn9yIzNiKwymOghw==/lib/arm/liblgpllibs.so: unhandled flags #8 not handled
02-18 11:17:13.146 18364 18364 W [WARNING][Leanplum]: [com.leanplum.internal.ActionManager::getLocationManager::8]: Geofencing support requires leanplum-location module and Google Play Services v8.1 and higher.
02-18 11:17:13.146 18364 18364 W [WARNING][Leanplum]: Add this to your build.gradle file:
02-18 11:17:13.146 18364 18364 W [WARNING][Leanplum]: implementation 'com.google.android.gms:play-services-location:8.3.0+'
02-18 11:17:13.146 18364 18364 W [WARNING][Leanplum]: implementation 'com.leanplum:leanplum-location:+'
02-18 11:17:13.148 18364 18364 I [INFO][Leanplum]: [com.leanplum.monitoring.ExceptionHandler::setContext::6]: LeanplumExceptionHandler could not initialize Exception Reporting.This is expected if you have not included the leanplum-monitoring module
02-18 11:17:13.153 18364 18369 I zygote  : Do partial code cache collection, code=27KB, data=27KB
02-18 11:17:13.155 18364 18369 I zygote  : After code cache collection, code=17KB, data=22KB
02-18 11:17:13.155 18364 18369 I zygote  : Increasing code cache capacity to 128KB
02-18 11:17:13.163 18364 18402 I [INFO][Leanplum]: [com.leanplum.LeanplumFcmProvider::isManifestSetup::11]: Firebase Messaging is setup correctly.
02-18 11:17:13.172 18364 18364 I FirefoxAccountStateMachine: Enabling/updating sync with a new SyncConfig: SyncConfig(supportedEngines=[mozilla.components.service.fxa.SyncEngine$History@88bf9d7, mozilla.components.service.fxa.SyncEngine$Bookmarks@d0312c4, mozilla.components.service.fxa.SyncEngine$Passwords@19ee5ad], syncPeriodInMinutes=240)
02-18 11:17:13.174 18364 18399 E GeckoLibLoad: Loaded libs in 46.740838ms total, 36ms(100ms) user, 3ms(50ms) system, 0(0) faults
02-18 11:17:13.175 18364 18399 D GeckoThread: State changed to LIBS_READY
02-18 11:17:13.176 18364 18399 W GeckoThread: zerdatime 14570726944 - runGecko
02-18 11:17:13.178 18364 18364 I BgSyncManager: Periodic syncing enabled at a 240 interval
02-18 11:17:13.179 18364 18364 I FirefoxAccountStateMachine: Sync is enabled
02-18 11:17:13.180 18364 18364 D PushConfig: Creating push configuration for autopush.
02-18 11:17:13.180 18364 18399 D GeckoProfile: Loading profile at: null name: default
02-18 11:17:13.181 18364 18399 D GeckoProfile: Found profile dir: /data/user/0/org.mozilla.fenix.nightly/files/mozilla/pnqetqyp.default
02-18 11:17:13.194 18364 18415 I FirefoxAccountStateMachine: Processing event Event$Init for state Start. Next state is Start
02-18 11:17:13.194 18364 18364 I App     : AutoPushFeature is configured, initializing it...
02-18 11:17:13.194 18364 18364 I AutoPushFeature: Checking validity of push subscriptions.
02-18 11:17:13.209 18364 18415 I FirefoxAccountStateMachine: Ran 'Event$Init' side-effects for state Start, got successive event Event$AccountNotFound
02-18 11:17:13.209 18364 18415 I FirefoxAccountStateMachine: Processing event Event$AccountNotFound for state Start. Next state is NotAuthenticated
02-18 11:17:13.212 18364 18415 D RustNativeSupport: findMegazordLibraryName(fxaclient, 0.50.0
02-18 11:17:13.212 18364 18415 D RustNativeSupport: lib in use: none
02-18 11:17:13.212 18364 18415 D RustNativeSupport: lib configured: fenix
02-18 11:17:13.212 18364 18415 D RustNativeSupport: lib version configured: 0.50.0
02-18 11:17:13.212 18364 18415 D RustNativeSupport: settled on fenix
02-18 11:17:13.214 18364 18415 D fxaclient_ffi: fxa_new
02-18 11:17:13.230 18364 18364 D GeckoRuntime: Lifecycle: onStart
02-18 11:17:13.238 18364 18364 I [INFO][Leanplum]: [com.leanplum.internal.RequestOld::sendIfConnected::4]: Device is offline, will send later
02-18 11:17:13.245 18364 18364 D GeckoRuntime: Lifecycle: onResume
02-18 11:17:13.246 18364 18364 D GeckoNetworkManager: Incoming event start for state OffNoListeners -> OnNoListeners
02-18 11:17:13.247 18364 18364 D GeckoNetworkManager: New network state: DOWN, NONE, UNKNOWN
02-18 11:17:13.265 18364 18424 D OpenGLRenderer: HWUI GL Pipeline
02-18 11:17:13.283 18364 18364 I glean/Glean: Registering pings for org.mozilla.fenix.GleanMetrics.Pings
02-18 11:17:13.310 18364 18364 D App     : ActivationPing - already generated
02-18 11:17:13.401  1456  7796 I OpenGLRenderer: Initialized EGL, version 1.4
02-18 11:17:13.402  1456  7796 D OpenGLRenderer: Swap behavior 2
02-18 11:17:13.415  1456  3927 I ActivityManager: START u0 {act=android.intent.action.VIEW dat=about:blank typ=text/html flg=0x10000000 cmp=org.mozilla.fenix.nightly/org.mozilla.fenix.HomeActivity (has extras)} from uid 10975
02-18 11:17:13.430 18364 18364 D GeckoNetworkManager: Incoming event receivedUpdate for state OnNoListeners -> OnNoListeners
02-18 11:17:13.431 18364 18364 D GeckoNetworkManager: New network state: DOWN, NONE, UNKNOWN
02-18 11:17:13.440 18364 18424 I Adreno  : QUALCOMM build                   : bb5b86c, I77d3059488
02-18 11:17:13.440 18364 18424 I Adreno  : Build Date                       : 06/07/18
02-18 11:17:13.440 18364 18424 I Adreno  : OpenGL ES Shader Compiler Version: EV031.22.00.01_06
02-18 11:17:13.440 18364 18424 I Adreno  : Local Branch                     : 
02-18 11:17:13.440 18364 18424 I Adreno  : Remote Branch                    : refs/tags/AU_LINUX_ANDROID_LA.UM.6.5.R1.08.01.00.312.086
02-18 11:17:13.440 18364 18424 I Adreno  : Remote Branch                    : NONE
02-18 11:17:13.440 18364 18424 I Adreno  : Reconstruct Branch               : NOTHING
02-18 11:17:13.440 18364 18424 D vndksupport: Loading /vendor/lib/hw/gralloc.msm8937.so from current namespace instead of sphal namespace.
02-18 11:17:13.447 18364 18424 I Adreno  : PFP: 0x005ff087, ME: 0x005ff063
02-18 11:17:13.450 18364 18369 I zygote  : Do partial code cache collection, code=54KB, data=46KB
02-18 11:17:13.452 18364 18369 I zygote  : After code cache collection, code=46KB, data=41KB
02-18 11:17:13.452 18364 18369 I zygote  : Increasing code cache capacity to 256KB
02-18 11:17:13.458 18364 18424 I zygote  : android::hardware::configstore::V1_0::ISurfaceFlingerConfigs::hasWideColorDisplay retrieved: 0
02-18 11:17:13.459 18364 18424 I OpenGLRenderer: Initialized EGL, version 1.4
02-18 11:17:13.459 18364 18424 D OpenGLRenderer: Swap behavior 2
02-18 11:17:13.474 18364 18364 I [INFO][Leanplum]: [com.leanplum.internal.RequestOld::sendIfConnected::4]: Device is offline, will send later
02-18 11:17:13.532  1456  3927 I ActivityManager: Start proc 18457:com.android.vending/u0a62 for service com.android.vending/com.google.android.finsky.externalreferrer.GetInstallReferrerService
02-18 11:17:13.542 18364 18399 I Gecko:DumpUtils: Fifo watcher disabled via pref.
02-18 11:17:13.545  1456  4679 I ActivityManager: Force stopping org.mozilla.fenix.nightly appid=10975 user=0: from pid 18453
02-18 11:17:13.545  1456  4679 I ActivityManager: Killing 18364:org.mozilla.fenix.nightly/u0a975 (adj 0): stop org.mozilla.fenix.nightly
02-18 11:17:13.547  1456  1605 W zygote  : kill(-18364, 9) failed: No such process
02-18 11:17:13.547  1456  4679 W ActivityManager: Force removing ActivityRecord{e61e26b u0 org.mozilla.fenix.nightly/org.mozilla.fenix.HomeActivity t25941}: app died, no saved state
02-18 11:17:13.560  1456  1605 I chatty  : uid=1000(system) ActivityManager identical 1 line
02-18 11:17:13.568  1456  1605 W zygote  : kill(-18364, 9) failed: No such process
02-18 11:17:13.573  2398  2398 D CarrierSvcBindHelper: No carrier app for: 0
02-18 11:17:13.573  2398  2398 D CarrierSvcBindHelper: No carrier app for: 1
02-18 11:17:13.579  1456  4829 I ActivityManager: Force stopping org.mozilla.fenix.nightly appid=10975 user=0: from pid 18464
02-18 11:17:13.583  1456  1605 W zygote  : kill(-18364, 9) failed: No such process
02-18 11:17:13.584  2398  2398 D CarrierSvcBindHelper: No carrier app for: 0
02-18 11:17:13.585  2398  2398 D CarrierSvcBindHelper: No carrier app for: 1
02-18 11:17:13.588  1456  1673 W ActivityManager: setHasOverlayUi called on unknown pid: 18364
02-18 11:17:13.596  1456  1605 W zygote  : kill(-18364, 9) failed: No such process
02-18 11:17:13.596  1456  1605 I zygote  : Successfully killed process cgroup uid 10975 pid 18364 in 50ms
02-18 11:17:13.624 18457 18457 I Finsky  : [2] ebz.aG(7): Process created at version: 18.6.33-all [0] [PR] 292279539
02-18 11:17:13.648  1456  4829 I ActivityManager: START u0 {act=android.intent.action.MAIN cat=[android.intent.category.LAUNCHER] flg=0x10000000 cmp=org.mozilla.fenix.nightly/org.mozilla.fenix.HomeActivity} from uid 2000
02-18 11:17:13.665  1456  4829 I ActivityManager: Start proc 18493:org.mozilla.fenix.nightly/u0a975 for activity org.mozilla.fenix.nightly/org.mozilla.fenix.HomeActivity
02-18 11:17:13.672  1456  6339 I ActivityManager: START u0 {act=android.intent.action.MAIN cat=[android.intent.category.LAUNCHER] flg=0x10000000 cmp=org.mozilla.fenix.nightly/org.mozilla.fenix.HomeActivity} from uid 2000
02-18 11:17:13.819 18493 18493 D FirebaseApp: com.google.firebase.auth.FirebaseAuth is not linked. Skipping initialization.
02-18 11:17:13.820 18493 18493 D FirebaseApp: com.google.firebase.crash.FirebaseCrash is not linked. Skipping initialization.
02-18 11:17:13.820 18493 18493 I FirebaseInitProvider: FirebaseApp initialization successful
02-18 11:17:13.898 18493 18515 I FA      : Collection disabled with firebase_analytics_collection_enabled=0
02-18 11:17:13.898 18493 18515 I FA      : App measurement is starting up, version: 12780
02-18 11:17:13.899 18493 18515 I FA      : To enable debug logging run: adb shell setprop log.tag.FA VERBOSE
02-18 11:17:13.899 18493 18515 I FA      : To enable faster debug mode event logging run:
02-18 11:17:13.899 18493 18515 I FA      :   adb shell setprop debug.firebase.analytics.app org.mozilla.fenix.nightly
02-18 11:17:13.907 18493 18493 D FenixApplication: Initializing Glean (uploadEnabled=true, isFennec=false)
02-18 11:17:13.928 18493 18493 D libglean_ffi: glean_ffi: Android logging should be hooked up!
02-18 11:17:13.933 18493 18493 I glean/Glean: Registering pings for mozilla.telemetry.glean.GleanMetrics.Pings
02-18 11:17:13.939 18493 18493 I libglean_ffi: glean_core: Creating new Glean
02-18 11:17:13.939 18493 18493 D libglean_ffi: glean_core::database: Database path: "/data/user/0/org.mozilla.fenix.nightly/glean_data/db"
02-18 11:17:13.939 18493 18493 I libglean_ffi: glean_core::database: Database initialized
02-18 11:17:13.940 18493 18493 I libglean_ffi: glean_ffi: Glean initialized
02-18 11:17:13.948 18493 18522 I libglean_ffi: glean_core::ping: Collecting events
02-18 11:17:13.956 18493 18522 D libglean_ffi: glean_core::ping: Storing ping '1427a52b-30b8-45fc-8e6d-a52911f347c7' at '/data/user/0/org.mozilla.fenix.nightly/glean_data/pending_pings/1427a52b-30b8-45fc-8e6d-a52911f347c7'
02-18 11:17:13.956 18493 18522 I libglean_ffi: glean_core: The ping 'events' was submitted and will be sent as soon as possible
02-18 11:17:13.960 18457 18499 I Finsky  : [278821] rgj.a(38): Started reading experiment flags from file [0tGUNCGIkbk4o6-fQ335kUYSKwVj4lusnHT-A5Dsy08].
02-18 11:17:13.978 18493 18493 D glean/MetricsPingSched: The 'metrics' ping was last sent on Tue Feb 18 00:00:00 EST 2020
02-18 11:17:13.980 18493 18493 I glean/MetricsPingSched: The 'metrics' ping was already sent today, Tue Feb 18 11:17:13 EST 2020.
02-18 11:17:13.981 18457 18499 I Finsky  : [278821] rgj.a(49): Finished reading experiment flags from file [0tGUNCGIkbk4o6-fQ335kUYSKwVj4lusnHT-A5Dsy08].
02-18 11:17:13.981 18493 18493 D glean/MetricsPingSched: Scheduling the 'metrics' ping in 60166054ms
02-18 11:17:13.983 18457 18524 I Finsky  : [278824] rgj.a(38): Started reading experiment flags from file [Se-xCc4LzNyh3UrKMIU2sUf-PUKz4oQEbpKZDMuaFno].
02-18 11:17:13.985 18493 18522 D libglean_ffi: glean_core: Clearing Lifetime::Application metrics
02-18 11:17:13.990 18493 18493 I glean/Dispatchers: Task queued for execution and delayed until flushed
02-18 11:17:13.997 18457 18524 I Finsky  : [278824] rgj.a(49): Finished reading experiment flags from file [Se-xCc4LzNyh3UrKMIU2sUf-PUKz4oQEbpKZDMuaFno].
02-18 11:17:14.000 18493 18528 D RustNativeSupport: findMegazordLibraryName(viaduct, 0.50.0
02-18 11:17:14.000 18493 18528 D RustNativeSupport: lib in use: none
02-18 11:17:14.000 18493 18528 D RustNativeSupport: lib configured: fenix
02-18 11:17:14.000 18493 18528 D RustNativeSupport: lib version configured: 0.50.0
02-18 11:17:14.001 18493 18528 D RustNativeSupport: settled on fenix
02-18 11:17:14.021 18493 18528 D RustNativeSupport: findMegazordLibraryName(rustlog, 0.50.0
02-18 11:17:14.021 18493 18528 D RustNativeSupport: lib in use: none
02-18 11:17:14.021 18493 18528 D RustNativeSupport: lib configured: fenix
02-18 11:17:14.021 18493 18528 D RustNativeSupport: lib version configured: 0.50.0
02-18 11:17:14.022 18493 18528 D RustNativeSupport: settled on fenix
02-18 11:17:14.024 18493 18528 I rc_log_ffi::ios: rc_log adapter initialized!
02-18 11:17:14.032 18493 18522 I libglean_ffi: glean_core::ping: Collecting baseline
02-18 11:17:14.036 18493 18522 D libglean_ffi: glean_core::ping: Storing ping '1abbf266-4206-439a-8ef3-d9a49d78e3a3' at '/data/user/0/org.mozilla.fenix.nightly/glean_data/pending_pings/1abbf266-4206-439a-8ef3-d9a49d78e3a3'
02-18 11:17:14.036 18493 18522 I libglean_ffi: glean_core: The ping 'baseline' was submitted and will be sent as soon as possible
02-18 11:17:14.072 18457 18457 I Finsky  : [2] tqw.<init>(11): Resetting scheduler db
02-18 11:17:14.073 18493 18493 D GeckoThread: State changed to LAUNCHED
02-18 11:17:14.073 18493 18537 I GeckoThread: preparing to run Gecko
02-18 11:17:14.083 18493 18493 D GeckoRuntime: Lifecycle: onCreate
02-18 11:17:14.088 18493 18537 D GeckoThread: State changed to MOZGLUE_READY
02-18 11:17:14.101 18493 18493 I zygote  : Deoptimizing java.lang.Object androidx.collection.SimpleArrayMap.put(java.lang.Object, java.lang.Object) due to JIT inline cache
02-18 11:17:14.103 18457 18495 I Finsky  : [278820] ebz.U(6): Not a unicorn account
02-18 11:17:14.105 18493 18537 W Settings: Setting animator_duration_scale has moved from android.provider.Settings.System to android.provider.Settings.Global, returning read-only global URI.
02-18 11:17:14.107 18493 18537 E GeckoLibLoad: Load sqlite start
02-18 11:17:14.116 18493 18493 D GleanMetricsService: Enabling Glean.
02-18 11:17:14.132 18493 18537 W GeckoLinker: /data/app/org.mozilla.fenix.nightly-gzaDNESn9yIzNiKwymOghw==/lib/arm/libnss3.so: unhandled flags #8 not handled
02-18 11:17:14.133 18493 18522 I libglean_ffi: glean_core: Upload enabled: true
02-18 11:17:14.137 18493 18501 I zygote  : Do partial code cache collection, code=24KB, data=27KB
02-18 11:17:14.137 18457 18495 W PrimesInit: Primes instant initialization
02-18 11:17:14.139 18493 18501 I zygote  : After code cache collection, code=14KB, data=22KB
02-18 11:17:14.139 18493 18501 I zygote  : Increasing code cache capacity to 128KB
02-18 11:17:14.141 18493 18537 W GeckoLinker: /data/app/org.mozilla.fenix.nightly-gzaDNESn9yIzNiKwymOghw==/lib/arm/libnss3.so: Relocation to NULL @0x001b8ffc for symbol "__cxa_type_match"
02-18 11:17:14.142 18493 18537 E GeckoLibLoad: Load sqlite done
02-18 11:17:14.143 18493 18537 E GeckoLibLoad: Load nss start
02-18 11:17:14.143 18493 18537 E GeckoLibLoad: Load nss done
02-18 11:17:14.143 18457 18543 W Primes  : background initialization
02-18 11:17:14.143 18493 18537 W GeckoLinker: /data/app/org.mozilla.fenix.nightly-gzaDNESn9yIzNiKwymOghw==/lib/arm/libxul.so: unhandled flags #8 not handled
02-18 11:17:14.145 18493 18537 W GeckoLinker: /data/app/org.mozilla.fenix.nightly-gzaDNESn9yIzNiKwymOghw==/lib/arm/liblgpllibs.so: unhandled flags #8 not handled
02-18 11:17:14.149 18493 18493 W [WARNING][Leanplum]: [com.leanplum.internal.ActionManager::getLocationManager::8]: Geofencing support requires leanplum-location module and Google Play Services v8.1 and higher.
02-18 11:17:14.149 18493 18493 W [WARNING][Leanplum]: Add this to your build.gradle file:
02-18 11:17:14.149 18493 18493 W [WARNING][Leanplum]: implementation 'com.google.android.gms:play-services-location:8.3.0+'
02-18 11:17:14.149 18493 18493 W [WARNING][Leanplum]: implementation 'com.leanplum:leanplum-location:+'
02-18 11:17:14.152 18493 18493 I [INFO][Leanplum]: [com.leanplum.monitoring.ExceptionHandler::setContext::6]: LeanplumExceptionHandler could not initialize Exception Reporting.This is expected if you have not included the leanplum-monitoring module
02-18 11:17:14.152 18457 18491 I Finsky  : [278818] xqv.a(2): Disable SystemUpdateActivity, because Android is lower than Q
02-18 11:17:14.169 18493 18545 I [INFO][Leanplum]: [com.leanplum.LeanplumFcmProvider::isManifestSetup::11]: Firebase Messaging is setup correctly.
02-18 11:17:14.172 18493 18493 I FirefoxAccountStateMachine: Enabling/updating sync with a new SyncConfig: SyncConfig(supportedEngines=[mozilla.components.service.fxa.SyncEngine$History@88bf9d7, mozilla.components.service.fxa.SyncEngine$Bookmarks@d0312c4, mozilla.components.service.fxa.SyncEngine$Passwords@19ee5ad], syncPeriodInMinutes=240)
02-18 11:17:14.176 18493 18493 I BgSyncManager: Periodic syncing enabled at a 240 interval
02-18 11:17:14.177 18457 18550 I Finsky  : [278834] xqu.run(4): Set SystemUpdateActivity enabled state to 2
02-18 11:17:14.177 18493 18493 I FirefoxAccountStateMachine: Sync is enabled
02-18 11:17:14.178 18493 18493 D PushConfig: Creating push configuration for autopush.
02-18 11:17:14.190 18457 18491 I zygote  : Deoptimizing java.lang.Object j$.util.concurrent.ConcurrentHashMap.putVal(java.lang.Object, java.lang.Object, boolean) due to JIT inline cache
02-18 11:17:14.190 18493 18537 E GeckoLibLoad: Loaded libs in 47.380734ms total, 23ms(120ms) user, 16ms(36ms) system, 0(0) faults
02-18 11:17:14.191 18493 18537 D GeckoThread: State changed to LIBS_READY
02-18 11:17:14.192 18457 18491 I Finsky  : [278818] qtj.<init>(5): PackageMonitor - Registering in memory receiver for android.intent.action.PACKAGE_ADDED and android.intent.action.PACKAGE_REMOVED
02-18 11:17:14.192 18493 18537 W GeckoThread: zerdatime 14570727960 - runGecko
02-18 11:17:14.202 18457 18489 I cr_CronetLibraryLoader: Cronet version: 81.0.4021.0, arch: armv7l
02-18 11:17:14.203  1456  1601 W ActivityManager: Activity pause timeout for ActivityRecord{edd95d1 u0 org.mozilla.fenix.nightly/org.mozilla.fenix.HomeActivity t25942}
02-18 11:17:14.204 18493 18493 I App     : AutoPushFeature is configured, initializing it...
02-18 11:17:14.204 18493 18560 I FirefoxAccountStateMachine: Processing event Event$Init for state Start. Next state is Start
02-18 11:17:14.204 18493 18493 I AutoPushFeature: Checking validity of push subscriptions.
02-18 11:17:14.207 18493 18537 D GeckoProfile: Loading profile at: null name: default
02-18 11:17:14.211 18493 18537 D GeckoProfile: Found profile dir: /data/user/0/org.mozilla.fenix.nightly/files/mozilla/pnqetqyp.default
02-18 11:17:14.224 18457 18489 W Finsky  : [278817] drd.a(21): For unauth, use getDfeApiNonAuthenticated() instead!
02-18 11:17:14.235 18493 18560 I FirefoxAccountStateMachine: Ran 'Event$Init' side-effects for state Start, got successive event Event$AccountNotFound
02-18 11:17:14.236 18493 18560 I FirefoxAccountStateMachine: Processing event Event$AccountNotFound for state Start. Next state is NotAuthenticated
02-18 11:17:14.240 18493 18560 D RustNativeSupport: findMegazordLibraryName(fxaclient, 0.50.0
02-18 11:17:14.240 18493 18560 D RustNativeSupport: lib in use: none
02-18 11:17:14.240 18493 18560 D RustNativeSupport: lib configured: fenix
02-18 11:17:14.240 18493 18560 D RustNativeSupport: lib version configured: 0.50.0
02-18 11:17:14.240 18493 18560 D RustNativeSupport: settled on fenix
02-18 11:17:14.244 18493 18560 D fxaclient_ffi: fxa_new
02-18 11:17:14.265 18457 18491 I Finsky  : [278818] ozh.c(4): Enqueuing libraries load for 0
02-18 11:17:14.266 18457 18541 I Finsky  : [278830] ozh.a(16): Starting libraries load for 0
02-18 11:17:14.271 18457 18491 I Finsky  : [278818] gvu.f(7): Subscription detail: N/A
02-18 11:17:14.271 18457 18489 W Settings: Setting download_manager_max_bytes_over_mobile has moved from android.provider.Settings.Secure to android.provider.Settings.Global.
02-18 11:17:14.271  1456  1466 I zygote  : Background concurrent copying GC freed 49095(2MB) AllocSpace objects, 34(1252KB) LOS objects, 39% free, 37MB/61MB, paused 285us total 340.776ms
02-18 11:17:14.289 18457 18489 I Finsky  : [278817] pxz.a(5): SettingNotFoundException, fall through to G.downloadBytesOverMobileMaximum
02-18 11:17:14.290 18457 18489 W Settings: Setting download_manager_recommended_max_bytes_over_mobile has moved from android.provider.Settings.Secure to android.provider.Settings.Global.
02-18 11:17:14.290 18493 18493 D PhoneWindow: Restoring navigation bar divider color to default value = 0x00000000
02-18 11:17:14.293 18457 18489 I Finsky  : [278817] pxz.a(9): SettingNotFoundException, fall through to G.downloadBytesOverMobileRecommended
02-18 11:17:14.304 18457 18541 I Finsky  : [278830] ozh.a(38): Finished loading 0 libraries.
02-18 11:17:14.306 18457 18491 I Finsky  : [278818] zws.l(5): Setup app restrictions monitor
02-18 11:17:14.312 18457 18491 I Finsky  : [278818] zyp.a(4): Device wide unknown source restriction is changed.
02-18 11:17:14.364 18457 18563 I PlayCommon: [278836] akew.c(29): Preparing logs for uploading
02-18 11:17:14.370 18457 18467 I zygote  : Do partial code cache collection, code=27KB, data=21KB
02-18 11:17:14.374 18457 18467 I zygote  : After code cache collection, code=25KB, data=20KB
02-18 11:17:14.374 18457 18467 I zygote  : Increasing code cache capacity to 128KB
02-18 11:17:14.398 18457 18563 I PlayCommon: [278836] akew.c(133): Connecting to server for timestamp: https://play.googleapis.com/play/log/timestamp
02-18 11:17:14.401 18457 18563 D NetworkSecurityConfig: No Network Security Config specified, using platform default
02-18 11:17:14.408 18457 18563 E PlayCommon: [278836] akew.c(10): Failed to connect to server for server timestamp: java.net.UnknownHostException: Unable to resolve host "play.googleapis.com": No address associated with hostname
02-18 11:17:14.408 18457 18563 W PlayCommon: [278836] akew.a(1): No account for auth token provided
02-18 11:17:14.409 18457 18563 I PlayCommon: [278836] akew.c(164): Connecting to server: https://play.googleapis.com/play/log?format=raw&proto_v2=true
02-18 11:17:14.410 18457 18563 E PlayCommon: [278836] akew.c(222): Failed to connect to server: java.net.UnknownHostException: Unable to resolve host "play.googleapis.com": No address associated with hostname
02-18 11:17:14.413 18457 18457 I Finsky  : [2] ppb.onTrimMemory(1): Memory trim requested to level 80
02-18 11:17:14.427 18457 18595 I zygote  : Deoptimizing int aooz.a(java.lang.Object, byte[], int, int, int, aolt) due to JIT inline cache
02-18 11:17:14.428 18457 18457 I Finsky  : [2] mre.<init>(12): Installer: Setting Parallelism[DEFAULT]
02-18 11:17:14.434 18457 18457 I Finsky  : [2] lno.a(1): Scheduling NO_RECENT_SUCCESS in onApplicationCreate
02-18 11:17:14.445 18457 18457 I Finsky  : [2] mnv.a(18): Installer: Attempting to start installer
02-18 11:17:14.449 18457 18457 I zygote  : Deoptimizing java.lang.Object j$.util.concurrent.ConcurrentHashMap.putVal(java.lang.Object, java.lang.Object, boolean) due to JIT inline cache
02-18 11:17:14.455 18457 18457 I Finsky  : [2] mjc.<init>(8): Not checking if recovering from paused session because experiment is off
02-18 11:17:14.458 18457 18457 I Finsky  : [2] gvt.onSubscriptionsChanged(1): onSubscriptionsChanged
02-18 11:17:14.469 18457 18457 I Finsky  : [2] ppb.onTrimMemory(1): Memory trim requested to level 80
02-18 11:17:14.473 18457 18457 I Finsky  : [2] mnv.a(230): Installer kick - no action, not running yet
02-18 11:17:14.510 18457 18457 I Finsky  : [2] tpg.a(37): Cancelling existing jobscheduler jobs: 9006 9000 9009 9007 9008 
02-18 11:17:14.511 18457 18457 I Finsky  : [2] tpg.a(51): Scheduling immediate wakeup job with id: 9000
02-18 11:17:14.538 18457 18457 I Finsky  : [2] tqw.a(7): SCH: Jobs in database: 1-1337 3-1794 3-1795 12-1 24-77777777 26-1414141414 29-29 
02-18 11:17:14.561 18493 18537 I Gecko:DumpUtils: Fifo watcher disabled via pref.
02-18 11:17:14.564 18457 18457 I Finsky  : [2] tmt.a(58): SCH: ConstraintMapping: 24-77777777,  -> L: 0ms, D: 81673273ms, C: false, I: true, N: 0
02-18 11:17:14.565 18457 18457 I Finsky  : [2] tmt.a(58): SCH: ConstraintMapping: 12-1,  -> L: 0ms, D: 85234129ms, C: false, I: false, N: 1
02-18 11:17:14.565 18457 18457 I Finsky  : [2] tmt.a(58): SCH: ConstraintMapping: 3-1794,  -> L: 0ms, D: 85581917ms, C: false, I: true, N: 2
02-18 11:17:14.566 18457 18457 I Finsky  : [2] tmt.a(58): SCH: ConstraintMapping: 3-1795,  -> L: 0ms, D: 85581931ms, C: true, I: true, N: 2
02-18 11:17:14.567 18457 18457 I Finsky  : [2] tmt.a(58): SCH: ConstraintMapping: 1-1337, 26-1414141414, 29-29,  -> L: 0ms, D: 59506ms, C: false, I: false, N: 0
02-18 11:17:14.568 18457 18457 I Finsky  : [2] tpg.a(37): Cancelling existing jobscheduler jobs: 9000 
02-18 11:17:14.569 18457 18457 I Finsky  : [2] tpg.a(30): Scheduling job Id: 9001, L: 0, D: 81673273, C: false, I: true, N: 0
02-18 11:17:14.571 18457 18457 I Finsky  : [2] tpg.a(30): Scheduling job Id: 9002, L: 0, D: 85234129, C: false, I: false, N: 1
02-18 11:17:14.573 18457 18457 I Finsky  : [2] tpg.a(30): Scheduling job Id: 9003, L: 0, D: 85581917, C: false, I: true, N: 2
02-18 11:17:14.574 18457 18457 I Finsky  : [2] tpg.a(30): Scheduling job Id: 9004, L: 0, D: 85581931, C: true, I: true, N: 2
02-18 11:17:14.576 18493 18493 D GeckoRuntime: Lifecycle: onStart
02-18 11:17:14.576 18457 18457 I Finsky  : [2] tpg.a(30): Scheduling job Id: 9005, L: 0, D: 59506, C: false, I: false, N: 0
02-18 11:17:14.592 18457 18457 I Finsky  : [2] JobSchedulerEngine$PhoneskyJobSchedulerJobService.onStartJob(5): SCH: onJobSchedulerWakeup with jobId 9005
02-18 11:17:14.595 18457 18457 I Finsky  : [2] tnz.a(24): Scheduling fallback job with id: 9034, and delay: 43200000 ms
02-18 11:17:14.599 18457 18457 I Finsky  : [2] tnz.a(5): Scheduling fallback in 64799997 (absolute: 14635528363)
02-18 11:17:14.610 18493 18493 I [INFO][Leanplum]: [com.leanplum.internal.RequestOld::sendIfConnected::4]: Device is offline, will send later
02-18 11:17:14.614 18457 18457 I Finsky  : [2] toi.handleMessage(10): SCH: DeviceState: DeviceState{currentTime=1582042634607, isCharging=false, isIdle=false, netAny=false, netNotRoaming=false, netUnmetered=false, batteryPercent=84.0}
02-18 11:17:14.627 18457 18538 I Finsky  : [278828] tqw.a(7): SCH: Jobs in database: 1-1337 3-1794 3-1795 12-1 24-77777777 26-1414141414 29-29 
02-18 11:17:14.633 18493 18493 D GeckoRuntime: Lifecycle: onResume
02-18 11:17:14.634 18493 18560 W FirefoxAccountStateMachine: Got invalid event Event$Init for state NotAuthenticated.
02-18 11:17:14.636 18493 18493 D GeckoNetworkManager: Incoming event start for state OffNoListeners -> OnNoListeners
02-18 11:17:14.640 18493 18493 D GeckoNetworkManager: New network state: DOWN, NONE, UNKNOWN
02-18 11:17:14.659 18457 18457 I Finsky  : [2] toj.a(20): SCH: Running job: 1-1337
02-18 11:17:14.667 18493 18537 D GeckoSysInfo: System memory: 1867MB.
02-18 11:17:14.671 18493 18537 D GeckoThread: State changed to JNI_READY
02-18 11:17:14.674 18493 18621 D OpenGLRenderer: HWUI GL Pipeline
02-18 11:17:14.676 18457 18457 I Finsky  : [2] loa.a(39): Starting Hygiene for reason 15
02-18 11:17:14.677 18457 18457 W Finsky  : [2] drd.a(21): For unauth, use getDfeApiNonAuthenticated() instead!
02-18 11:17:14.688  1456  1471 I ActivityManager: Start proc 18632:org.mozilla.fenix.nightly:tab/u0a975 for service org.mozilla.fenix.nightly/org.mozilla.gecko.process.GeckoServiceChildProcess$tab
02-18 11:17:14.700 18493 18506 I zygote  : Background concurrent copying GC freed 10685(1183KB) AllocSpace objects, 18(528KB) LOS objects, 49% free, 3MB/7MB, paused 743us total 101.333ms
02-18 11:17:14.706  1456  6339 I ActivityManager: Start proc 18643:com.google.process.gapps/u0a36 for content provider com.google.android.gsf/.settings.GoogleSettingsProvider
02-18 11:17:14.724 18493 18493 I glean/Glean: Registering pings for org.mozilla.fenix.GleanMetrics.Pings
02-18 11:17:14.728 18493 18501 I zygote  : Do partial code cache collection, code=55KB, data=55KB
02-18 11:17:14.730 18493 18501 I zygote  : After code cache collection, code=55KB, data=55KB
02-18 11:17:14.730 18493 18501 I zygote  : Increasing code cache capacity to 256KB
02-18 11:17:14.748 18643 18643 I zygote  : The ClassLoaderContext is a special shared library.
02-18 11:17:14.773 18493 18493 D App     : ActivationPing - already generated
02-18 11:17:14.782 18643 18643 I GoogleHttpClient: GMS http client unavailable, use old client
02-18 11:17:14.826 18493 18493 I [INFO][Leanplum]: [com.leanplum.internal.RequestOld::sendIfConnected::4]: Device is offline, will send later
02-18 11:17:14.845 18493 18493 D GeckoNetworkManager: Incoming event receivedUpdate for state OnNoListeners -> OnNoListeners
02-18 11:17:14.846 18457 18457 I Finsky  : [2] lol.b(10): Probe unauthenticated for hygiene pass
02-18 11:17:14.846 18493 18493 D GeckoNetworkManager: New network state: DOWN, NONE, UNKNOWN
02-18 11:17:14.847  1456  4829 I ActivityManager: Start proc 18679:org.mozilla.fenix.nightly:socket/u0a975 for service org.mozilla.fenix.nightly/org.mozilla.gecko.process.GeckoServiceChildProcess$socket
02-18 11:17:14.851 18457 18457 I Finsky  : [2] toi.handleMessage(63): SCH: RunningQueue size: 1, PendingQueue size: 0
02-18 11:17:14.851 18457 18457 I Finsky  : [2] toi.handleMessage(66): SCH: Running queue: 1-1337 
02-18 11:17:14.852 18457 18684 I Finsky  : [278864] ilh.a(20): Empty account name, not fetching device config token.
02-18 11:17:14.853 18457 18684 I Finsky  : [278864] lli.a(1): Request device config token was successful when fetching experiments.
02-18 11:17:14.854 18457 18684 W Finsky  : [278864] drd.a(21): For unauth, use getDfeApiNonAuthenticated() instead!
02-18 11:17:14.855 18457 18678 I zygote  : Deoptimizing java.lang.Object j$.util.concurrent.ConcurrentHashMap.get(java.lang.Object) due to JIT inline cache
02-18 11:17:14.858 18632 18632 D GeckoThread: State changed to LAUNCHED
02-18 11:17:14.859 18632 18691 I GeckoThread: preparing to run Gecko
02-18 11:17:14.881  1456  4829 I ActivityManager: Start proc 18699:android.process.media/u0a31 for content provider com.android.providers.downloads/.DownloadProvider
02-18 11:17:14.918 18699 18699 I zygote  : The ClassLoaderContext is a special shared library.
02-18 11:17:14.929  1456  1673 I WindowManager: Failed to capture screenshot of Token{8a4a836 ActivityRecord{edd95d1 u0 org.mozilla.fenix.nightly/org.mozilla.fenix.HomeActivity t25942}} appWin=Window{44e622f u0 Splash Screen org.mozilla.fenix.nightly} drawState=4
02-18 11:17:14.937 18699 18699 I zygote  : The ClassLoaderContext is a special shared library.
02-18 11:17:14.949   808   808 I SFPerfTracer:      triggers: (rate: 51:552632) (compose: 0:6) (post: 0:17) (render: 0:14) (72:4878072 frames) (73:6467680)
02-18 11:17:14.950   808   808 D SFPerfTracer:        layers: (2:10) (NavigationBar#0 (0xb07df000): 0:552822)* (StatusBar#0 (0xb07e3000): 0:1546327) (com.android.systemui.ImageWallpaper#0 (0xb07e7000): 0:48331) (Sprite#0 (0xb0733000): 0:317)* (DimLayerController/Stack=0#0 (0xb075a000): 0:3712)* (Sprite#1 (0xb077c000): 0:195)* (Splash Screen org.mozilla.fenix.nightly#0 (0xb0763000): 0:6)- (org.mozilla.fenix.nightly/org.mozilla.fenix.IntentReceiverActivity#0 (0xb0763000): 0:5)- (Splash Screen org.mozilla.fenix.nightly#0 (0xb0771000): 0:6)- (Splash Screen org.mozilla.fenix.nightly#0 (0xb0763000): 2:4)* 
02-18 11:17:14.962 18457 18500 I zygote  : Deoptimizing void aoln.a(java.lang.Iterable, java.util.List) due to JIT inline cache
02-18 11:17:14.974 18493 18493 E [ERROR][Leanplum]: [com.leanplum.LeanplumFcmProvider$1::onComplete::2]: getInstanceId failed
02-18 11:17:15.004 18679 18679 D GeckoThread: State changed to LAUNCHED
02-18 11:17:15.005 18679 18725 I GeckoThread: preparing to run Gecko
02-18 11:17:15.007 18457 18500 I Finsky  : [278822] llf.a(10): Sending Heterodyne sync request for package com.android.vending
02-18 11:17:15.017 18679 18725 D GeckoThread: State changed to MOZGLUE_READY
02-18 11:17:15.027 18679 18725 W Settings: Setting animator_duration_scale has moved from android.provider.Settings.System to android.provider.Settings.Global, returning read-only global URI.
02-18 11:17:15.029 18679 18725 E GeckoLibLoad: Load sqlite start
02-18 11:17:15.032 18457 18686 I Finsky  : [278866] mmw.run(2): Installer: Installer starting.
02-18 11:17:15.032 18457 18686 I Finsky  : [278866] mmw.run(4): Installer: Installer started.
02-18 11:17:15.036 18457 18457 I Finsky  : [2] mnv.a(238): Installer: found apps to install. isMultiUserMode=false, apps=[]
02-18 11:17:15.048 18679 18725 W GeckoLinker: /data/app/org.mozilla.fenix.nightly-gzaDNESn9yIzNiKwymOghw==/lib/arm/libnss3.so: unhandled flags #8 not handled
02-18 11:17:15.052 18679 18725 W GeckoLinker: /data/app/org.mozilla.fenix.nightly-gzaDNESn9yIzNiKwymOghw==/lib/arm/libnss3.so: Relocation to NULL @0x001b8ffc for symbol "__cxa_type_match"
02-18 11:17:15.052 18679 18725 E GeckoLibLoad: Load sqlite done
02-18 11:17:15.052 18679 18725 E GeckoLibLoad: Load nss start
02-18 11:17:15.052 18679 18725 E GeckoLibLoad: Load nss done
02-18 11:17:15.053 18679 18725 W GeckoLinker: /data/app/org.mozilla.fenix.nightly-gzaDNESn9yIzNiKwymOghw==/lib/arm/libxul.so: unhandled flags #8 not handled
02-18 11:17:15.053 18679 18725 W GeckoLinker: /data/app/org.mozilla.fenix.nightly-gzaDNESn9yIzNiKwymOghw==/lib/arm/liblgpllibs.so: unhandled flags #8 not handled
02-18 11:17:15.059 18457 18457 I Finsky  : [2] tqf.a(3): SCH: Canceling job 3-1794
02-18 11:17:15.067 18457 18500 I Finsky  : [278822] llf.a(5): Received Heterodyne sync response. StatusCode=-1
02-18 11:17:15.071 18457 18457 I Finsky  : [2] tqf.a(3): SCH: Canceling job 3-1795
02-18 11:17:15.084 18679 18725 E GeckoLibLoad: Loaded libs in 31.105785ms total, 23ms(23ms) user, 10ms(6ms) system, 0(0) faults
02-18 11:17:15.084 18679 18725 D GeckoThread: State changed to LIBS_READY
02-18 11:17:15.084 18679 18725 W GeckoThread: zerdatime 14570728851 - runGecko
02-18 11:17:15.109 18457 18728 I Finsky  : [278871] mzx.c(27): IQ: Creating job 1796, for (REQ_DEVICE_IDLE, REQ_GEARHEAD_PROJECTION_OFF, MIN_BATTERY=50, SHOULD_APPLY_BUDGET=true, NETWORK=UNMETERED, PROVISIONING_STATE=PROVISIONED)
02-18 11:17:15.109 18457 18684 I Finsky  : [278864] hcp.a(24): No selector loaded
02-18 11:17:15.121 18457 18684 I Finsky  : [278864] ill.d(66): System was updated or GL extensions were already cached.
02-18 11:17:15.126 18457 18728 I Finsky  : [278871] mzx.c(27): IQ: Creating job 1797, for (REQ_CHARGING, REQ_DEVICE_IDLE, REQ_GEARHEAD_PROJECTION_OFF, NETWORK=UNMETERED, PROVISIONING_STATE=PROVISIONED)
02-18 11:17:15.176 18457 18457 I Finsky  : [2] vbf.a(23): Connecting InstallListener to SplitInstallService broadcaster...
02-18 11:17:15.191 18457 18541 I Finsky  : [278830] rgo.c(1): Triggered update for experiment package com.google.android.finsky.regular.
02-18 11:17:15.272 18679 18725 D GeckoThread: State changed to RUNNING
02-18 11:17:15.286 18457 18467 I zygote  : Do partial code cache collection, code=57KB, data=54KB
02-18 11:17:15.288 18457 18467 I zygote  : After code cache collection, code=46KB, data=49KB
02-18 11:17:15.288 18457 18467 I zygote  : Increasing code cache capacity to 256KB
02-18 11:17:15.409 18493 18493 D GeckoRuntime: Lifecycle: onPause
02-18 11:17:15.409 18493 18493 D GeckoNetworkManager: Incoming event stop for state OnNoListeners -> OffNoListeners
02-18 11:17:15.411 18493 18493 I SessionStorage/AutoSave: Save: Background
02-18 11:17:15.421 18493 18607 D SessionStorage/AutoSave: Saved state to disk [8ms]
02-18 11:17:15.423 18493 18522 I libglean_ffi: glean_core::ping: Collecting baseline
02-18 11:17:15.427 18493 18522 D libglean_ffi: glean_core::ping: Storing ping 'afb4b962-1c6b-4d5e-acb2-d48dd9d489a5' at '/data/user/0/org.mozilla.fenix.nightly/glean_data/pending_pings/afb4b962-1c6b-4d5e-acb2-d48dd9d489a5'
02-18 11:17:15.428 18493 18522 I libglean_ffi: glean_core: The ping 'baseline' was submitted and will be sent as soon as possible
02-18 11:17:15.429 18493 18522 I libglean_ffi: glean_core::ping: Collecting events
02-18 11:17:15.433 18493 18522 D libglean_ffi: glean_core::ping: Storing ping 'eca4b67e-6605-49a3-ab7f-56300564ae99' at '/data/user/0/org.mozilla.fenix.nightly/glean_data/pending_pings/eca4b67e-6605-49a3-ab7f-56300564ae99'
02-18 11:17:15.433 18493 18522 I libglean_ffi: glean_core: The ping 'events' was submitted and will be sent as soon as possible
02-18 11:17:15.437 18493 18537 I Gecko   : 1582042635433	addons.xpi	WARN	List of valid built-in add-ons could not be parsed.: [Exception... "Component returned failure code: 0x80520012 (NS_ERROR_FILE_NOT_FOUND) [nsIXPCComponents_Utils.readUTF8URI]"  nsresult: "0x80520012 (NS_ERROR_FILE_NOT_FOUND)"  location: "JS frame :: resource://gre/modules/addons/XPIProvider.jsm :: startup :: line 2372"  data: no] Stack trace: startup()@resource://gre/modules/addons/XPIProvider.jsm:2372
02-18 11:17:15.437 18493 18537 I Gecko   : callProvider()@resource://gre/modules/AddonManager.jsm:215
02-18 11:17:15.437 18493 18537 I Gecko   : _startProvider()@resource://gre/modules/AddonManager.jsm:587
02-18 11:17:15.437 18493 18537 I Gecko   : startup()@resource://gre/modules/AddonManager.jsm:811
02-18 11:17:15.437 18493 18537 I Gecko   : startup()@resource://gre/modules/AddonManager.jsm:3481
02-18 11:17:15.437 18493 18537 I Gecko   : observe()@resource://gre/modules/addonManager.js:87
02-18 11:17:15.440 18457 18541 I Finsky  : [278830] rgo.c(8): Already at the latest configurations for experiment package com.google.android.finsky.regular.
02-18 11:17:15.441 18457 18524 I Finsky  : [278824] rgo.c(1): Triggered update for experiment package com.google.android.finsky.stable.
02-18 11:17:15.441 18457 18541 I Finsky  : [278830] rgf.c(5): Retrieved DSE selection state is false (cache=rgg@75515b8)
02-18 11:17:15.441 18457 18541 I Finsky  : [278830] rgs.a(4): DSE selection state after sync is false (cache=rgg@75515b8)
02-18 11:17:15.444 18493 18537 I Gecko   : 1582042635444	addons.xpi	WARN	No list of valid system add-ons found.
02-18 11:17:15.448 18457 18541 I Finsky  : [278830] ilh.a(20): Empty account name, not fetching device config token.
02-18 11:17:15.448 18457 18541 I Finsky  : [278830] ubp.a(1): Request device config token was successful in self update.
02-18 11:17:15.459 18457 18467 I zygote  : Do full code cache collection, code=87KB, data=68KB
02-18 11:17:15.461 18457 18467 I zygote  : After code cache collection, code=52KB, data=29KB
02-18 11:17:15.490 18457 18524 I Finsky  : [278824] rgo.c(8): Already at the latest configurations for experiment package com.google.android.finsky.stable.
02-18 11:17:15.509 18457 18524 I Finsky  : [278824] rgf.c(5): Retrieved DSE selection state is false (cache=rgg@75515b8)
02-18 11:17:15.509 18457 18524 I Finsky  : [278824] rgs.a(4): DSE selection state after sync is false (cache=rgg@75515b8)
02-18 11:17:15.532 18493 18537 D GeckoThread: State changed to PROFILE_READY
02-18 11:17:15.546 18457 18457 W Finsky  : [2] loj.a(19): Self-update check failed with error: com.android.volley.NoConnectionError: org.chromium.net.impl.NetworkExceptionImpl: Exception in CronetUrlRequest: net::ERR_INTERNET_DISCONNECTED, ErrorCode=2, InternalErrorCode=-106, Retryable=false
02-18 11:17:15.624 18493 18537 D GeckoThread: State changed to RUNNING
02-18 11:17:15.643 18493 18537 W GeckoEventDispatcher: No listener for AndroidCastDevice:SyncDevice
02-18 11:17:15.649 18493 18537 I Gecko   : -*- nsDNSServiceDiscovery.js : nsDNSServiceDiscovery
02-18 11:17:15.651 18457 18457 I Finsky  : [2] tpt.a(13): SCH: jobFinished: 1-1337. TimeElapsed: 991ms.
02-18 11:17:15.655 18457 18457 I Finsky  : [2] toj.a(39): SCH: Job 1-1337 finished. Rescheduling.
02-18 11:17:15.657 18457 18457 I Finsky  : [2] toi.handleMessage(63): SCH: RunningQueue size: 0, PendingQueue size: 0
02-18 11:17:15.657 18457 18457 I Finsky  : [2] toi.handleMessage(70): Waiting on changed job store
02-18 11:17:15.754 18493 18537 W ResourceType: Too many attribute references, stopped at: 0x01010099
02-18 11:17:15.799 18493 18537 I Adreno  : QUALCOMM build                   : bb5b86c, I77d3059488
02-18 11:17:15.799 18493 18537 I Adreno  : Build Date                       : 06/07/18
02-18 11:17:15.799 18493 18537 I Adreno  : OpenGL ES Shader Compiler Version: EV031.22.00.01_06
02-18 11:17:15.799 18493 18537 I Adreno  : Local Branch                     : 
02-18 11:17:15.799 18493 18537 I Adreno  : Remote Branch                    : refs/tags/AU_LINUX_ANDROID_LA.UM.6.5.R1.08.01.00.312.086
02-18 11:17:15.799 18493 18537 I Adreno  : Remote Branch                    : NONE
02-18 11:17:15.799 18493 18537 I Adreno  : Reconstruct Branch               : NOTHING
02-18 11:17:15.800 18493 18537 D vndksupport: Loading /vendor/lib/hw/gralloc.msm8937.so from current namespace instead of sphal namespace.
02-18 11:17:15.805 18493 18537 I Adreno  : PFP: 0x005ff087, ME: 0x005ff063
02-18 11:17:15.811 18493 18537 I zygote  : android::hardware::configstore::V1_0::ISurfaceFlingerConfigs::hasWideColorDisplay retrieved: 0
02-18 11:17:15.871 18493 18493 D GeckoNetworkManager: Incoming event enableNotifications for state OffNoListeners -> OffWithListeners
02-18 11:17:15.872 18493 18493 D GeckoNetworkManager: New network state: DOWN, NONE, UNKNOWN
02-18 11:17:15.881 18493 18537 W GeckoLinker: /data/app/org.mozilla.fenix.nightly-gzaDNESn9yIzNiKwymOghw==/lib/arm/libsoftokn3.so: unhandled flags #8 not handled
02-18 11:17:15.882  1023 18776 D libc    : Internal error: netid(0), id(0xb4c0), server(0.0.0.0)
02-18 11:17:15.882 18493 18537 W GeckoLinker: /data/app/org.mozilla.fenix.nightly-gzaDNESn9yIzNiKwymOghw==/lib/arm/libsoftokn3.so: Relocation to NULL @0x0002cffc for symbol "__cxa_type_match"
02-18 11:17:15.882  1023 18776 D libc    : Internal error: netid(0), id(0xb4c0), server(0.0.0.0)
02-18 11:17:15.882  1023 18776 D libc    : Internal error: netid(0), id(0xb8c3), server(0.0.0.0)
02-18 11:17:15.882  1023 18776 D libc    : Internal error: netid(0), id(0xb8c3), server(0.0.0.0)
02-18 11:17:15.883 18493 18537 W GeckoLinker: /data/app/org.mozilla.fenix.nightly-gzaDNESn9yIzNiKwymOghw==/lib/arm/libfreebl3.so: unhandled flags #8 not handled
02-18 11:17:15.883 18493 18537 W GeckoLinker: /data/app/org.mozilla.fenix.nightly-gzaDNESn9yIzNiKwymOghw==/lib/arm/libfreebl3.so: Relocation to NULL @0x0004fffc for symbol "__cxa_type_match"
02-18 11:17:15.913 18493 18742 W GeckoLinker: /data/app/org.mozilla.fenix.nightly-gzaDNESn9yIzNiKwymOghw==/lib/arm/libnssckbi.so: unhandled flags #8 not handled
02-18 11:17:15.914 18493 18742 W GeckoLinker: /data/app/org.mozilla.fenix.nightly-gzaDNESn9yIzNiKwymOghw==/lib/arm/libnssckbi.so: Relocation to NULL @0x00055ffc for symbol "__cxa_type_match"
02-18 11:17:16.159  1023 18782 D libc    : Internal error: netid(0), id(0x1397), server(0.0.0.0)
02-18 11:17:16.160  1023 18782 D libc    : Internal error: netid(0), id(0x1397), server(0.0.0.0)
02-18 11:17:16.160  1023 18782 D libc    : Internal error: netid(0), id(0xef3), server(0.0.0.0)
