04-30 18:06:30.547 17373 17428 I MicroDetector: Keeping mic open: false
04-30 18:06:30.547 17373 17402 E DeviceStateChecker: DeviceStateChecker cancelled
04-30 18:06:30.547 17373 17428 I RecognitionAudioControl: #shutdownAudio [requestId: -1444998584201755552, keepAudioOpen: false, forced: true]
04-30 18:06:30.547 17373 17428 I RecognitionAudioControl: #internalShutdownAudio [requestId: -1444998584201755552]
04-30 18:06:30.548 17373 17428 I RecognitionAudioControl: #internalShutdownAudio [keepAudioOpen: false, forced: true]
04-30 18:06:30.548 17373 17428 I RecognitionAudioControl: #actualShutdownAudio
04-30 18:06:30.548 17373 17428 I AudioController: #shutdown [requestId=-1444998584201755552]
04-30 18:06:30.548 17373 17429 I AudioController: internalShutdown
04-30 18:06:30.548 17373 17392 I MicroRecognitionRunner: Stopping hotword detection.
04-30 18:06:30.597   788  1401 D audio_hw_primary: disable_audio_route: usecase(9) reset and update mixer path: audio-record
04-30 18:06:30.598   788  1401 D audio_hw_primary: disable_snd_device: snd_device(120: voice-rec-mic)
04-30 18:06:30.599  1012  1301 D APM_AudioPolicyManager: stopInput() input 326174, session 326289
04-30 18:06:30.599   788  1401 D audio_hw_primary: in_set_parameters: enter: kvpairs=routing=0
04-30 18:06:30.601 17373 17429 I MicrophoneInputStream: mic_close  SR : 16000 CC : 16 SO : 1999
04-30 18:06:30.601 17373 17429 E AudioSource: Stop listening is called on already closed AudioSource
04-30 18:06:30.603 17373 17475 I MicroRecognitionRunner: Detection finished
04-30 18:06:30.635 10874 10874 I chatty  : uid=11294(org.mozilla.fennec_aurora) expire 9 lines
04-30 18:06:30.707 10874 10892 I chatty  : uid=11294(org.mozilla.fennec_aurora) expire 4 lines
04-30 18:06:30.731 10874 10902 I chatty  : uid=11294(org.mozilla.fennec_aurora) expire 11 lines
04-30 18:06:30.748 10874 10901 I chatty  : uid=11294(org.mozilla.fennec_aurora) expire 23 lines
04-30 18:06:30.752 10874 10874 I chatty  : uid=11294(org.mozilla.fennec_aurora) expire 46 lines
04-30 18:06:30.753 10874 10905 I chatty  : uid=11294(org.mozilla.fennec_aurora) expire 19 lines
04-30 18:06:30.811 10874 10912 I chatty  : uid=11294(org.mozilla.fennec_aurora) expire 6 lines
04-30 18:06:30.846 10874 10904 I chatty  : uid=11294(org.mozilla.fennec_aurora) expire 2 lines
04-30 18:06:30.887 10874 10926 I chatty  : uid=11294(org.mozilla.fennec_aurora) expire 2 lines
04-30 18:06:30.890  1456  1471 I ActivityManager: START u0 {act=android.intent.action.MAIN cat=[android.intent.category.LAUNCHER] flg=0x10000000 cmp=org.mozilla.fennec_aurora/org.mozilla.fenix.HomeActivity (has extras)} from uid 11294
04-30 18:06:30.915   808   808 D SurfaceFlinger: duplicate layer name: changing Splash Screen org.mozilla.fennec_aurora to Splash Screen org.mozilla.fennec_aurora#1
04-30 18:06:30.979 10874 10879 I chatty  : uid=11294(org.mozilla.fennec_aurora) expire 8 lines
04-30 18:06:31.023  1456  2923 I ActivityManager: Start proc 10951:org.mozilla.fennec_aurora:tab0/u0a1294 for service org.mozilla.fennec_aurora/org.mozilla.gecko.process.GeckoChildProcessServices$tab0
04-30 18:06:31.028 10874 10941 I chatty  : uid=11294(org.mozilla.fennec_aurora) expire 1 line
04-30 18:06:31.178 10951 10951 I chatty  : uid=11294(org.mozilla.fennec_aurora) expire 2 lines
04-30 18:06:31.179 10951 10973 I chatty  : uid=11294(org.mozilla.fennec_aurora) expire 1 line
04-30 18:06:31.311 10874 10977 I chatty  : uid=11294(org.mozilla.fennec_aurora) expire 10 lines
04-30 18:06:31.318  8050  8064 E AuthStateProvider: Calling package disagreement. Legacy: org.mozilla.fennec.sharedID:11294, new API: org.mozilla.fennec_aurora
04-30 18:06:31.318  8050  8064 D AuthStateProvider: Caller must be whitelisted.
04-30 18:06:31.320 10874 10874 E ActivityThread: Failed to find provider info for org.mozilla.fennec_aurora.fxa.auth
04-30 18:06:31.398  1456  2923 D ConnectivityService: requestNetwork for uid/pid:11294/10874 NetworkRequest [ TRACK_DEFAULT id=39660, [ Capabilities: INTERNET&NOT_RESTRICTED&TRUSTED&NOT_VPN] ]
04-30 18:06:31.398 10874 10989 I chatty  : uid=11294(org.mozilla.fennec_aurora) expire 9 lines
04-30 18:06:31.399  1456  2099 D Ethernet: got request NetworkRequest [ TRACK_DEFAULT id=39660, [ Capabilities: INTERNET&NOT_RESTRICTED&TRUSTED&NOT_VPN] ] with score 60
04-30 18:06:31.399  1456  2054 D WIFI_UT : got request NetworkRequest [ TRACK_DEFAULT id=39660, [ Capabilities: INTERNET&NOT_RESTRICTED&TRUSTED&NOT_VPN] ] with score 60
04-30 18:06:31.399  1456  2054 D WIFI    : got request NetworkRequest [ TRACK_DEFAULT id=39660, [ Capabilities: INTERNET&NOT_RESTRICTED&TRUSTED&NOT_VPN] ] with score 60
04-30 18:06:31.399  2398  2398 D PhoneSwitcherNetworkRequstListener: got request NetworkRequest [ TRACK_DEFAULT id=39660, [ Capabilities: INTERNET&NOT_RESTRICTED&TRUSTED&NOT_VPN] ] with score 60
04-30 18:06:31.450  1456  4797 I WifiService: getDhcpInfo uid=11294
04-30 18:06:31.551 10874 10993 I chatty  : uid=11294(org.mozilla.fennec_aurora) expire 5 lines
04-30 18:06:31.597  1456  1673 I LaunchCheckinHandler: Displayed org.mozilla.fennec_aurora/org.mozilla.fenix.HomeActivity,wp,ca,642
04-30 18:06:31.598  1456  1673 I ActivityManager: Displayed org.mozilla.fennec_aurora/org.mozilla.fenix.HomeActivity: +633ms (total +1s143ms)
04-30 18:06:31.610 17373 17373 I MemoryTrimmer: Trimming objects from memory, since app is in the background.
04-30 18:06:31.616 17373 17373 I MemoryTrimmer: Trimming objects from memory, since app is in the background.
04-30 18:06:31.621 17373  8223 I PBSessionCacheImpl: Deleted sessionId[76408848338818240] from persistence.
04-30 18:06:31.626 17373 17428 I DEBUG   : OpaToSrpTransitionState#onStateChanged#notNullQuery
04-30 18:06:31.627 17373 17428 I DEBUG   : OpaToSrpTransitionState#onStateChanged#notNullQuery
04-30 18:06:31.629  1456  2401 I WifiService: getWifiEnabledState uid=10073
04-30 18:06:31.630 17373 17428 W SearchServiceCore: Abort, client detached.
04-30 18:06:31.661  8050  8064 E AuthStateProvider: Calling package disagreement. Legacy: org.mozilla.fennec.sharedID:11294, new API: org.mozilla.fennec_aurora
04-30 18:06:31.661  8050  8064 D AuthStateProvider: Caller must be whitelisted.
04-30 18:06:31.663 10874 10874 E ActivityThread: Failed to find provider info for org.mozilla.fennec_aurora.fxa.auth
04-30 18:06:32.457 10874 10893 I chatty  : uid=11294(org.mozilla.fennec_aurora) expire 2 lines
04-30 18:06:32.462  1456  2067 D ConnectivityService: releasing NetworkRequest [ TRACK_DEFAULT id=39660, [ Capabilities: INTERNET&NOT_RESTRICTED&TRUSTED&NOT_VPN] ] (release request)
04-30 18:06:32.522 10874 11024 I chatty  : uid=11294(org.mozilla.fennec_aurora) expire 1 line
04-30 18:06:32.625 10874 10914 I chatty  : uid=11294(org.mozilla.fennec_aurora) expire 26 lines
04-30 18:06:36.079 11053 11053 D AndroidRuntime: >>>>>> START com.android.internal.os.RuntimeInit uid 2000 <<<<<<
04-30 18:06:36.091 11053 11053 W app_process: Could not reserve sentinel fault page
04-30 18:06:36.257 11053 11053 I app_process: The ClassLoaderContext is a special shared library.
04-30 18:06:36.323 11053 11053 D AndroidRuntime: Calling main entry com.android.commands.input.Input
04-30 18:06:36.325 11053 11053 I Input   : injectKeyEvent: KeyEvent { action=ACTION_DOWN, keyCode=KEYCODE_HOME, scanCode=0, metaState=0, flags=0x0, repeatCount=0, eventTime=20360463911, downTime=20360463911, deviceId=-1, source=0x101 }
04-30 18:06:36.332 11053 11053 I Input   : injectKeyEvent: KeyEvent { action=ACTION_UP, keyCode=KEYCODE_HOME, scanCode=0, metaState=0, flags=0x0, repeatCount=0, eventTime=20360463911, downTime=20360463911, deviceId=-1, source=0x101 }
04-30 18:06:36.339  1456  1941 I ActivityManager: START u0 {act=android.intent.action.MAIN cat=[android.intent.category.HOME] flg=0x10200000 cmp=com.android.launcher3/.CustomizationPanelLauncher (has extras)} from uid 1000
04-30 18:06:36.339   794   839 E ANDR-PERF-RESOURCEQS: Failed to apply optimization [4, 0]
04-30 18:06:36.346 11053 11053 D AndroidRuntime: Shutting down VM
04-30 18:06:36.353  1456  2923 I ActivityManager: moveHomeStack, setupComplete:true
04-30 18:06:36.363 17373 17422 I Adreno  : QUALCOMM build                   : bb5b86c, I77d3059488
04-30 18:06:36.363 17373 17422 I Adreno  : Build Date                       : 06/07/18
04-30 18:06:36.363 17373 17422 I Adreno  : OpenGL ES Shader Compiler Version: EV031.22.00.01_06
04-30 18:06:36.363 17373 17422 I Adreno  : Local Branch                     : 
04-30 18:06:36.363 17373 17422 I Adreno  : Remote Branch                    : refs/tags/AU_LINUX_ANDROID_LA.UM.6.5.R1.08.01.00.312.086
04-30 18:06:36.363 17373 17422 I Adreno  : Remote Branch                    : NONE
04-30 18:06:36.363 17373 17422 I Adreno  : Reconstruct Branch               : NOTHING
04-30 18:06:36.366 17373 17422 D vndksupport: Loading /vendor/lib/hw/gralloc.msm8937.so from current namespace instead of sphal namespace.
04-30 18:06:36.370 17373 17422 I Adreno  : PFP: 0x005ff087, ME: 0x005ff063
04-30 18:06:36.374 17373 17422 I zygote  : android::hardware::configstore::V1_0::ISurfaceFlingerConfigs::hasWideColorDisplay retrieved: 0
04-30 18:06:36.375  2748  2748 D Launcher.Utilities: Wakeup weather: Intent { act=com.motorola.launcher3.action.WAKEUP_WEATHER cmp=com.motorola.timeweatherwidget/com.motorola.commandcenter.weather.WakeUpService }
04-30 18:06:36.375 17373 17422 I OpenGLRenderer: Initialized EGL, version 1.4
04-30 18:06:36.375 17373 17422 D OpenGLRenderer: Swap behavior 2
04-30 18:06:36.389  1456  1456 I NotificationService: Cannot find enqueued record for key: 0|com.motorola.timeweatherwidget|1|null|10116
04-30 18:06:36.396   808   808 D SurfaceFlinger: duplicate layer name: changing com.android.launcher3/com.android.launcher3.CustomizationPanelLauncher to com.android.launcher3/com.android.launcher3.CustomizationPanelLauncher#1
04-30 18:06:36.410 17373 17398 W ThreadPoolDumper: Queue length for executor EventBus is now 11. Perhaps some tasks are too long, or the pool is too small.
04-30 18:06:36.412   808   808 I SFPerfTracer:      triggers: (rate: 86:2037647) (compose: 0:7) (post: 0:19) (render: 0:17) (1:10870987 frames) (2:13782004)
04-30 18:06:36.413   808   808 D SFPerfTracer:        layers: (3:13) (NavigationBar#0 (0xb07df000): 0:1051789) (StatusBar#0 (0xb07e3000): 0:2458319) (com.android.systemui.ImageWallpaper#0 (0xb07e7000): 0:98150)* (Sprite#0 (0xb0733000): 0:317)* (DimLayerController/Stack=0#0 (0xb075a000): 0:3866)* (Sprite#1 (0xb077c000): 0:195)* (org.mozilla.fennec_aurora/org.mozilla.fenix.HomeActivity#0 (0xb039b000): 0:56)- (com.android.launcher3/com.android.launcher3.CustomizationPanelLauncher#0 (0xb0763000): 0:37)- (com.android.launcher3/com.android.launcher3.CustomizationPanelLauncher#1 (0xb0771000): 0:9)- (Splash Screen org.mozilla.fennec_aurora#0 (0xb039b000): 0:18)- (Splash Screen org.mozilla.fennec_aurora#1 (0xb013a000): 0:30)- (org.mozilla.fennec_aurora/org.mozilla.fenix.HomeActivity#0 (0xb039b000): 2:31) (com.android.launcher3/com.android.launcher3.CustomizationPanelLauncher#0 (0xb0763000): 2:2)* 
04-30 18:06:36.414  1456  2923 I WifiService: getWifiEnabledState uid=10073
04-30 18:06:36.427  1456  2923 I WifiService: getWifiEnabledState uid=10073
04-30 18:06:36.431 17373 17428 I DEBUG   : OpaToSrpTransitionState#onStateChanged#notNullQuery
04-30 18:06:36.433 17373 17428 I DEBUG   : OpaToSrpTransitionState#onStateChanged#notNullQuery
04-30 18:06:36.453 17373 17428 I MicroDetectionState: Should stop hotword detection immediately - false
04-30 18:06:36.456 17373 17428 I MicroDetectionWorker: #startMicroDetector [speakerMode: 0]
04-30 18:06:36.458 17373 17428 I AudioController: Created new AudioSource
04-30 18:06:36.486  1456  1673 I LaunchCheckinHandler: Displayed com.android.launcher3/.CustomizationPanelLauncher,wp,wa,147
04-30 18:06:36.487 17373 17426 I MicroDataManager: isInitializedWithLatestParams-true
04-30 18:06:36.487 17373 17426 I MicroDataManager: isInitializing-false locale not changed-true model not changed-true
04-30 18:06:36.487 17373 17426 I MicroDataManager: Already initialized, obtaining the hotword data immediately.
04-30 18:06:36.491 17373 17402 I MicroRecognitionRunner: Starting detection.
04-30 18:06:36.492 17373 17402 I InputStreamUtils: Using micInputStream
04-30 18:06:36.492 17373  8223 I MicrophoneInputStream: mic_starting  SR : 16000 CC : 16 SO : 1999
04-30 18:06:36.496   788  1401 V msm8974_platform: platform_check_input_mask: enter check_input_mask source 6 mask 10
04-30 18:06:36.498  1012 11067 I AudioFlinger: AudioFlinger's thread 0xb2483340 tid=11067 ready to run
04-30 18:06:36.504   788  1401 D audio_hw_primary: in_set_parameters: enter: kvpairs=input_source=6;routing=-2147483644
04-30 18:06:36.505  1012 13178 D APM_AudioPolicyManager: AudioPolicyManager::startInput() input 326182, session 326297, source = 1999
04-30 18:06:36.505 17373  8223 I MicrophoneInputStream: mic_started  SR : 16000 CC : 16 SO : 1999
04-30 18:06:36.506   788 11068 V msm8974_platform: platform_update_usecase_from_source: input source :6
04-30 18:06:36.506   788 11068 V msm8974_platform: platform_check_input_mask: enter check_input_mask source 6 mask 10
04-30 18:06:36.506   788 11068 V msm8974_platform: platform_get_input_snd_device: enter: out_device(0) in_device(0x4) channel_count (1) channel_mask (0x10)
04-30 18:06:36.506   788 11068 V msm8974_platform: platform_get_input_snd_device: exit: in_snd_device(voice-rec-mic)
04-30 18:06:36.506   788 11068 V msm8974_platform: platform_get_backend_index:napb: backend port - 5 device - 120 
04-30 18:06:36.506   788 11068 V msm8974_platform: platform_check_and_set_capture_backend_cfg:txbecf: afe: bitwidth 0, samplerate 0, channel 1, backend_idx 5 usecase = 9 device (voice-rec-mic)
04-30 18:06:36.506   788 11068 V msm8974_platform: platform_check_capture_backend_cfg:txbecf: afe: Codec selected backend: 5 current bit width: 0 and sample rate: 0, channels 1
04-30 18:06:36.506   788 11068 V msm8974_platform: platform_check_capture_backend_cfg:txbecf: afe: Codec selected backend: 5 updated bit width: 0 and sample rate: 0
04-30 18:06:36.506   788 11068 I msm8974_platform: platform_check_capture_backend_cfg:txbecf: afe: Codec backend needs to be updated. new bit width: 0 new sample rate: 0 new channel: 1
04-30 18:06:36.506   788 11068 V msm8974_platform: platform_get_backend_index:napb: backend port - 5 device - 120 
04-30 18:06:36.506   788 11068 V msm8974_platform: platform_set_backend_cfg:becf: afe: bitwidth 0, samplerate 0 channels 1, backend_idx 5 device (voice-rec-mic)
04-30 18:06:36.507   788 11068 E msm8974_platform: platform_set_backend_cfg:becf: afe: Could not get ctl for mixer command - SLIM_0_TX Format
04-30 18:06:36.507   788 11068 V msm8974_platform: platform_send_audio_calibration: sending audio calibration for snd_device(120) acdb_id(62)
04-30 18:06:36.507   788 11068 D ACDB-LOADER: ACDB -> send_audio_cal, acdb_id = 62, path = 1, app id = 0x11130, sample rate = 48000
04-30 18:06:36.507   788 11068 D ACDB-LOADER: ACDB -> send_asm_topology
04-30 18:06:36.507   788 11068 D ACDB-LOADER: ACDB -> ACDB_CMD_GET_AUDPROC_STREAM_TOPOLOGY_ID
04-30 18:06:36.507   788 11068 D ACDB-LOADER: ACDB -> send_adm_topology
04-30 18:06:36.507   788 11068 D ACDB-LOADER: ACDB -> ACDB_CMD_GET_AUDPROC_COMMON_TOPOLOGY_ID
04-30 18:06:36.507   788 11068 D ACDB-LOADER: ACDB -> send_audtable
04-30 18:06:36.507   788 11068 D ACDB-LOADER: ACDB -> ACDB_CMD_GET_AUDPROC_COMMON_TABLE_SIZE
04-30 18:06:36.507   788 11068 D ACDB-LOADER: ACDB -> ACDB_CMD_GET_AUDPROC_COMMON_TABLE
04-30 18:06:36.507   788 11068 D ACDB-LOADER: ACDB -> AUDIO_SET_AUDPROC_CAL
04-30 18:06:36.507   788 11068 D ACDB-LOADER: ACDB -> send_audvoltable
04-30 18:06:36.507   788 11068 D ACDB-LOADER: ACDB -> ACDB_CMD_GET_AUDPROC_VOL_STEP_TABLE_SIZE
04-30 18:06:36.507   788 11068 D ACDB-LOADER: ACDB -> ACDB_CMD_GET_AUDPROC_GAIN_DEP_STEP_TABLE, vol index 0
04-30 18:06:36.507   788 11068 D         : Failed to fetch the lookup information of the device 0000003E 
04-30 18:06:36.507   788 11068 D ACDB-LOADER: ACDB -> AUDIO_SET_VOL_CAL cal type = 12
04-30 18:06:36.507   788 11068 D ACDB-LOADER: ACDB -> ACDB_CMD_GET_AUDPROC_STREAM_TABLE_SIZE
04-30 18:06:36.507   788 11068 D ACDB-LOADER: ACDB -> send_audstrmtable
04-30 18:06:36.507   788 11068 D ACDB-LOADER: ACDB -> ACDB_CMD_GET_AUDPROC_STREAM_TABLE_V2
04-30 18:06:36.507   788 11068 D ACDB-LOADER: ACDB -> audstrm_cal->cal_type.cal_data.cal_size = 456
04-30 18:06:36.507   788 11068 D ACDB-LOADER: ACDB -> send_afe_topology
04-30 18:06:36.507   788 11068 D ACDB-LOADER: ACDB -> ACDB_CMD_GET_AFE_TOPOLOGY_ID
04-30 18:06:36.507   788 11068 D ACDB-LOADER: ACDB -> GET_AFE_TOPOLOGY_ID for adcd_id 62, Topology Id 112fb
04-30 18:06:36.507   788 11068 D ACDB-LOADER: ACDB -> send_afe_cal
04-30 18:06:36.507   788 11068 D ACDB-LOADER: ACDB -> ACDB_CMD_GET_AFE_COMMON_TABLE_SIZE
04-30 18:06:36.508   788 11068 D         : Failed to fetch the lookup information of the device 0000003E 
04-30 18:06:36.508   788 11068 E ACDB-LOADER: Error: ACDB_CMD_GET_AFE_COMMON_TABLE_SIZE Returned = -19
04-30 18:06:36.508   788 11068 D ACDB-LOADER: ACDB -> ACDB_CMD_GET_AFE_COMMON_TABLE
04-30 18:06:36.508   788 11068 D         : Failed to fetch the lookup information of the device 0000003E 
04-30 18:06:36.508   788 11068 D ACDB-LOADER: ACDB -> AUDIO_SET_AFE_CAL
04-30 18:06:36.508   788 11068 D ACDB-LOADER: ACDB -> send_hw_delay : acdb_id = 62 path = 1
04-30 18:06:36.508   788 11068 D ACDB-LOADER: ACDB -> ACDB_AVSYNC_INFO: ACDB_CMD_GET_DEVICE_PROPERTY
04-30 18:06:36.508   788 11068 D audio_hw_primary: enable_snd_device: snd_device(120: voice-rec-mic)
04-30 18:06:36.508   788 11068 D audio_route: Apply path: voice-rec-mic
04-30 18:06:36.513   788 11068 V msm8974_platform: platform_get_snd_device_backend_index: enter with device 120
04-30 18:06:36.513   788 11068 E msm8974_platform: platform_get_snd_device_backend_index: BE DAI Name Table is not present
04-30 18:06:36.513   788 11068 V msm8974_platform: platform_get_backend_index:napb: backend port - 5 device - 120 
04-30 18:06:36.513   788 11068 I audio_hw_utils: Set Audio Stream Capture 0 App Type Cfg: app_type 69936, acdb_dev_id 62, sample_rate 48000, snd_device_be_idx -14
04-30 18:06:36.513   788 11068 D audio_hw_primary: enable_audio_route: usecase(9) apply and update mixer path: audio-record
04-30 18:06:36.513   788 11068 D audio_route: Apply path: audio-record
04-30 18:06:36.584 17373 17428 I MicroDetectionWorker: onReady
04-30 18:06:36.769  1456  1471 D ConnectivityService: requestNetwork for uid/pid:11294/10874 NetworkRequest [ TRACK_DEFAULT id=39661, [ Capabilities: INTERNET&NOT_RESTRICTED&TRUSTED&NOT_VPN] ]
04-30 18:06:36.771  1456  2099 D Ethernet: got request NetworkRequest [ TRACK_DEFAULT id=39661, [ Capabilities: INTERNET&NOT_RESTRICTED&TRUSTED&NOT_VPN] ] with score 60
04-30 18:06:36.771  1456  2054 D WIFI_UT : got request NetworkRequest [ TRACK_DEFAULT id=39661, [ Capabilities: INTERNET&NOT_RESTRICTED&TRUSTED&NOT_VPN] ] with score 60
04-30 18:06:36.771  1456  2054 D WIFI    : got request NetworkRequest [ TRACK_DEFAULT id=39661, [ Capabilities: INTERNET&NOT_RESTRICTED&TRUSTED&NOT_VPN] ] with score 60
04-30 18:06:36.771  2398  2398 D PhoneSwitcherNetworkRequstListener: got request NetworkRequest [ TRACK_DEFAULT id=39661, [ Capabilities: INTERNET&NOT_RESTRICTED&TRUSTED&NOT_VPN] ] with score 60
04-30 18:06:36.776 10874 11073 I chatty  : uid=11294(org.mozilla.fennec_aurora) expire 5 lines
04-30 18:06:36.899  1456  7796 I OpenGLRenderer: Initialized EGL, version 1.4
04-30 18:06:36.899  1456  7796 D OpenGLRenderer: Swap behavior 2
04-30 18:06:36.945  2748  2917 W OpenGLRenderer: Incorrectly called buildLayer on View: ShortcutAndWidgetContainer, destroying layer...
04-30 18:06:36.947 10874 10897 I chatty  : uid=11294(org.mozilla.fennec_aurora) expire 1 line
04-30 18:06:36.951  1456  2067 D ConnectivityService: releasing NetworkRequest [ TRACK_DEFAULT id=39661, [ Capabilities: INTERNET&NOT_RESTRICTED&TRUSTED&NOT_VPN] ] (release request)
04-30 18:06:37.046 10874 10915 I chatty  : uid=11294(org.mozilla.fennec_aurora) expire 1 line
04-30 18:06:37.078   808   898 I SFPerfTracer:      triggers: (rate: 0:1) (0 sw vsyncs) (0 skipped) (37:6805581 vsyncs) (39:13895818)
04-30 18:06:37.092  1456  1471 D ConnectivityService: requestNetwork for uid/pid:11294/10874 NetworkRequest [ TRACK_DEFAULT id=39662, [ Capabilities: INTERNET&NOT_RESTRICTED&TRUSTED&NOT_VPN] ]
04-30 18:06:37.093  1456  2099 D Ethernet: got request NetworkRequest [ TRACK_DEFAULT id=39662, [ Capabilities: INTERNET&NOT_RESTRICTED&TRUSTED&NOT_VPN] ] with score 60
04-30 18:06:37.093  1456  2054 D WIFI_UT : got request NetworkRequest [ TRACK_DEFAULT id=39662, [ Capabilities: INTERNET&NOT_RESTRICTED&TRUSTED&NOT_VPN] ] with score 60
04-30 18:06:37.093  1456  2054 D WIFI    : got request NetworkRequest [ TRACK_DEFAULT id=39662, [ Capabilities: INTERNET&NOT_RESTRICTED&TRUSTED&NOT_VPN] ] with score 60
04-30 18:06:37.096  2398  2398 D PhoneSwitcherNetworkRequstListener: got request NetworkRequest [ TRACK_DEFAULT id=39662, [ Capabilities: INTERNET&NOT_RESTRICTED&TRUSTED&NOT_VPN] ] with score 60
04-30 18:06:37.101 10874 11074 I chatty  : uid=11294(org.mozilla.fennec_aurora) expire 9 lines
04-30 18:06:37.586 10874 10899 I chatty  : uid=11294(org.mozilla.fennec_aurora) expire 1 line
04-30 18:06:37.588  1456  2067 D ConnectivityService: releasing NetworkRequest [ TRACK_DEFAULT id=39662, [ Capabilities: INTERNET&NOT_RESTRICTED&TRUSTED&NOT_VPN] ] (release request)
04-30 18:06:38.917  1456  1893 D BatteryService: uevent={POWER_SUPPLY_VOLTAGE_NOW=4341710, POWER_SUPPLY_CHARGE_RATE=Normal, POWER_SUPPLY_HEALTH=Good, POWER_SUPPLY_CURRENT_NOW=152, POWER_SUPPLY_PRESENT=1, SUBSYSTEM=power_supply, POWER_SUPPLY_TEMP=290, SEQNUM=484783, ACTION=change, POWER_SUPPLY_NAME=battery, POWER_SUPPLY_STATUS=Full, POWER_SUPPLY_CHARGE_COUNTER=2809358, POWER_SUPPLY_CAPACITY=100, DEVPATH=/devices/soc/qpnp-smbcharger-17/power_supply/battery}
04-30 18:06:38.922  2398  2398 D QtiCarrierConfigHelper: WARNING, no carrier configs on phone Id: 0
04-30 18:06:41.014  1456  2063 D WifiNative-wlan0: Scan issued for specific freq..
04-30 18:06:41.028   769  1892 I MotoSensors: Sensorhub hal setDelay: 1 - 20
04-30 18:06:41.028   769  1892 I MotoSensors: Sensorhub hal setdelay: 1 - 20
04-30 18:06:41.028   769  1892 I MotoSensors: HubSensors::updateAccelRate 200
04-30 18:06:41.029   769  1892 I MotoSensors: Sensorhub hal enable: 1 - 1
04-30 18:06:41.029   769  1892 I MotoSensors: HubSensors::updateAccelRate 20
04-30 18:06:41.033 10874 10874 I chatty  : uid=11294(org.mozilla.fennec_aurora) expire 2 lines
04-30 18:06:41.346  1456  1471 D WificondControl: Scan result ready event
04-30 18:06:41.513  1456  1471 I ActivityManager: Force stopping org.mozilla.fennec_aurora appid=11294 user=0: from pid 11079
04-30 18:06:41.513  1456  1471 I ActivityManager: Killing 10874:org.mozilla.fennec_aurora/u0a1294 (adj 700): stop org.mozilla.fennec_aurora
04-30 18:06:41.517  1456  1471 W ActivityManager: Force removing ActivityRecord{90eadf0 u0 org.mozilla.fennec_aurora/org.mozilla.fenix.HomeActivity t66952}: app died, no saved state
04-30 18:06:41.518  1456  1605 W zygote  : kill(-10874, 9) failed: No such process
04-30 18:06:41.529  1456  1471 I ActivityManager: Killing 10951:org.mozilla.fennec_aurora:tab0/u0a1294 (adj 0): stop org.mozilla.fennec_aurora
04-30 18:06:41.531  1456  1605 W zygote  : kill(-10874, 9) failed: No such process
04-30 18:06:41.540 17214 17214 I AppBase : onTrimMemory(): 10
04-30 18:06:41.540 17214 17214 I GoogleInputMethodService: onTrimMemory(): 10
04-30 18:06:41.541  8050  8050 D GeckoMemoryMonitor: onTrimMemory() notification received with level 10
04-30 18:06:41.545  1456  1605 W zygote  : kill(-10874, 9) failed: No such process
04-30 18:06:41.554   769  1892 I MotoSensors: Sensorhub hal enable: 1 - 0
04-30 18:06:41.555  2398  2398 D CarrierSvcBindHelper: No carrier app for: 0
04-30 18:06:41.558  2398  2398 D CarrierSvcBindHelper: No carrier app for: 1
04-30 18:06:41.560  1456  1605 W zygote  : kill(-10874, 9) failed: No such process
04-30 18:06:41.604  1456  1605 I chatty  : uid=1000(system) ActivityManager identical 3 lines
04-30 18:06:41.610  1456  1673 W ActivityManager: setHasOverlayUi called on unknown pid: 10874
04-30 18:06:41.618  1456  1605 W zygote  : kill(-10874, 9) failed: No such process
04-30 18:06:41.618  1456  1605 I zygote  : Successfully killed process cgroup uid 11294 pid 10874 in 100ms
04-30 18:06:41.618  1456  1605 W zygote  : kill(-10951, 9) failed: No such process
04-30 18:06:41.618  1456  1605 I zygote  : Successfully killed process cgroup uid 11294 pid 10951 in 0ms
04-30 18:06:41.654  1456  7796 I OpenGLRenderer: Initialized EGL, version 1.4
04-30 18:06:41.654  1456  7796 D OpenGLRenderer: Swap behavior 2
04-30 18:06:41.656  1456  2923 I ActivityManager: START u0 {act=android.intent.action.MAIN cat=[android.intent.category.LAUNCHER] flg=0x10000000 cmp=org.mozilla.fennec_aurora/.App} from uid 2000
04-30 18:06:41.657   794   839 E ANDR-PERF-RESOURCEQS: Failed to apply optimization [4, 0]
04-30 18:06:41.676  1456  2236 I ActivityManager: Start proc 11086:org.mozilla.fennec_aurora/u0a1294 for activity org.mozilla.fennec_aurora/.App
04-30 18:06:41.763 17373 17428 I MicroDetectionState: Should stop hotword detection immediately - false
04-30 18:06:41.764 17373 17428 I MicroDetector: Keeping mic open: false
04-30 18:06:41.764 17373 17475 E DeviceStateChecker: DeviceStateChecker cancelled
04-30 18:06:41.764 17373 17428 I RecognitionAudioControl: #shutdownAudio [requestId: 3213365671069515000, keepAudioOpen: false, forced: true]
04-30 18:06:41.764 17373 17428 I RecognitionAudioControl: #internalShutdownAudio [requestId: 3213365671069515000]
04-30 18:06:41.764 17373 17428 I RecognitionAudioControl: #internalShutdownAudio [keepAudioOpen: false, forced: true]
04-30 18:06:41.764 17373 17428 I RecognitionAudioControl: #actualShutdownAudio
04-30 18:06:41.764 17373 17428 I AudioController: #shutdown [requestId=3213365671069515000]
04-30 18:06:41.765 17373 17396 I AudioController: internalShutdown
04-30 18:06:41.765 17373 17395 I MicroRecognitionRunner: Stopping hotword detection.
04-30 18:06:41.820   788  1401 D audio_hw_primary: disable_audio_route: usecase(9) reset and update mixer path: audio-record
04-30 18:06:41.821   788  1401 D audio_hw_primary: disable_snd_device: snd_device(120: voice-rec-mic)
04-30 18:06:41.822  1012 13178 D APM_AudioPolicyManager: stopInput() input 326182, session 326297
04-30 18:06:41.823   788  1479 D audio_hw_primary: in_set_parameters: enter: kvpairs=routing=0
04-30 18:06:41.825 17373 17396 I MicrophoneInputStream: mic_close  SR : 16000 CC : 16 SO : 1999
04-30 18:06:41.825 17373 17396 E AudioSource: Stop listening is called on already closed AudioSource
04-30 18:06:41.828 17373 17402 I MicroRecognitionRunner: Detection finished
04-30 18:06:41.865 11086 11086 I chatty  : uid=11294(org.mozilla.fennec_aurora) com.google.android.gms.unstable expire 22 lines
04-30 18:06:41.934 11086 11105 I chatty  : uid=11294(org.mozilla.fennec_aurora) com.google.android.gms.unstable expire 4 lines
04-30 18:06:41.961 11086 11113 I chatty  : uid=11294(org.mozilla.fennec_aurora) com.google.android.gms.unstable expire 12 lines
04-30 18:06:41.978 11086 11112 I chatty  : uid=11294(org.mozilla.fennec_aurora) com.google.android.gms.unstable expire 11 lines
04-30 18:06:41.985 11086 11116 I chatty  : uid=11294(org.mozilla.fennec_aurora) com.google.android.gms.unstable expire 12 lines
04-30 18:06:42.056 11086 11123 I chatty  : uid=11294(org.mozilla.fennec_aurora) com.google.android.gms.unstable expire 6 lines
04-30 18:06:42.090 11086 11086 I chatty  : uid=11294(org.mozilla.fennec_aurora) com.google.android.gms.unstable expire 33 lines
04-30 18:06:42.094 11086 11113 I chatty  : uid=11294(org.mozilla.fennec_aurora) com.google.android.gms.unstable expire 1 line
04-30 18:06:42.113 11086 11133 I chatty  : uid=11294(org.mozilla.fennec_aurora) com.google.android.gms.unstable expire 2 lines
04-30 18:06:42.119 11086 11116 I chatty  : uid=11294(org.mozilla.fennec_aurora) com.google.android.gms.unstable expire 7 lines
04-30 18:06:42.131  1456  2236 I ActivityManager: START u0 {act=android.intent.action.MAIN cat=[android.intent.category.LAUNCHER] flg=0x10000000 cmp=org.mozilla.fennec_aurora/org.mozilla.fenix.HomeActivity (has extras)} from uid 11294
04-30 18:06:42.160   808   808 D SurfaceFlinger: duplicate layer name: changing Splash Screen org.mozilla.fennec_aurora to Splash Screen org.mozilla.fennec_aurora#1
04-30 18:06:42.183 11086 11091 I chatty  : uid=11294(org.mozilla.fennec_aurora) com.google.android.gms.unstable expire 8 lines
04-30 18:06:42.223  1456  2920 I ActivityManager: Start proc 11162:org.mozilla.fennec_aurora:tab0/u0a1294 for service org.mozilla.fennec_aurora/org.mozilla.gecko.process.GeckoChildProcessServices$tab0
04-30 18:06:42.226 11086 11150 I chatty  : uid=11294(org.mozilla.fennec_aurora) com.google.android.gms.unstable expire 1 line
04-30 18:06:42.383 11162 11162 I chatty  : uid=11294(org.mozilla.fennec_aurora) expire 2 lines
04-30 18:06:42.384 11162 11184 I chatty  : uid=11294(org.mozilla.fennec_aurora) expire 1 line
04-30 18:06:42.554 11086 11189 I chatty  : uid=11294(org.mozilla.fennec_aurora) com.google.android.gms.unstable expire 10 lines
04-30 18:06:42.562  8050  8064 E AuthStateProvider: Calling package disagreement. Legacy: org.mozilla.fennec.sharedID:11294, new API: org.mozilla.fennec_aurora
04-30 18:06:42.563  8050  8064 D AuthStateProvider: Caller must be whitelisted.
04-30 18:06:42.565 11086 11086 E ActivityThread: Failed to find provider info for org.mozilla.fennec_aurora.fxa.auth
04-30 18:06:42.595 11086 11112 I chatty  : uid=11294(org.mozilla.fennec_aurora) com.google.android.gms.unstable expire 12 lines
04-30 18:06:42.642 11086 11200 I chatty  : uid=11294(org.mozilla.fennec_aurora) com.google.android.gms.unstable expire 9 lines
04-30 18:06:42.659  1456  2236 D ConnectivityService: requestNetwork for uid/pid:11294/11086 NetworkRequest [ TRACK_DEFAULT id=39663, [ Capabilities: INTERNET&NOT_RESTRICTED&TRUSTED&NOT_VPN] ]
04-30 18:06:42.661  1456  2099 D Ethernet: got request NetworkRequest [ TRACK_DEFAULT id=39663, [ Capabilities: INTERNET&NOT_RESTRICTED&TRUSTED&NOT_VPN] ] with score 60
04-30 18:06:42.661  1456  2054 D WIFI_UT : got request NetworkRequest [ TRACK_DEFAULT id=39663, [ Capabilities: INTERNET&NOT_RESTRICTED&TRUSTED&NOT_VPN] ] with score 60
04-30 18:06:42.662  1456  2054 D WIFI    : got request NetworkRequest [ TRACK_DEFAULT id=39663, [ Capabilities: INTERNET&NOT_RESTRICTED&TRUSTED&NOT_VPN] ] with score 60
04-30 18:06:42.662  2398  2398 D PhoneSwitcherNetworkRequstListener: got request NetworkRequest [ TRACK_DEFAULT id=39663, [ Capabilities: INTERNET&NOT_RESTRICTED&TRUSTED&NOT_VPN] ] with score 60
04-30 18:06:42.680  1456  2920 I WifiService: getDhcpInfo uid=11294
04-30 18:06:42.796 11086 11207 I chatty  : uid=11294(org.mozilla.fennec_aurora) com.google.android.gms.unstable expire 5 lines
04-30 18:06:42.845  1456  1673 I LaunchCheckinHandler: Displayed org.mozilla.fennec_aurora/org.mozilla.fenix.HomeActivity,wp,ca,650
04-30 18:06:42.846  1456  1673 I ActivityManager: Displayed org.mozilla.fennec_aurora/org.mozilla.fenix.HomeActivity: +637ms (total +1s167ms)
04-30 18:06:42.859 17373 17373 I MemoryTrimmer: Trimming objects from memory, since app is in the background.
04-30 18:06:42.869 17373 17373 I MemoryTrimmer: Trimming objects from memory, since app is in the background.
04-30 18:06:42.870 17373  8223 I PBSessionCacheImpl: Deleted sessionId[76408848338818245] from persistence.
04-30 18:06:42.873  1456  2920 I WifiService: getWifiEnabledState uid=10073
04-30 18:06:42.875 17373 17428 I DEBUG   : OpaToSrpTransitionState#onStateChanged#notNullQuery
04-30 18:06:42.878 17373 17428 I DEBUG   : OpaToSrpTransitionState#onStateChanged#notNullQuery
04-30 18:06:42.882 17373 17428 W SearchServiceCore: Abort, client detached.
04-30 18:06:42.900  8050  8064 E AuthStateProvider: Calling package disagreement. Legacy: org.mozilla.fennec.sharedID:11294, new API: org.mozilla.fennec_aurora
04-30 18:06:42.900  8050  8064 D AuthStateProvider: Caller must be whitelisted.
04-30 18:06:42.902 11086 11086 E ActivityThread: Failed to find provider info for org.mozilla.fennec_aurora.fxa.auth
04-30 18:06:42.949  1456  1466 I zygote  : Background concurrent copying GC freed 53358(2MB) AllocSpace objects, 24(864KB) LOS objects, 36% free, 41MB/65MB, paused 350us total 390.357ms
04-30 18:06:43.029   808   808 I SFPerfTracer:      triggers: (rate: 86:2037647) (compose: 0:7) (post: 0:19) (render: 0:17) (6:10871062 frames) (7:13782106)
04-30 18:06:43.030   808   808 D SFPerfTracer:        layers: (4:12) (NavigationBar#0 (0xb07df000): 0:1051810) (StatusBar#0 (0xb07e3000): 0:2458343) (com.android.systemui.ImageWallpaper#0 (0xb07e7000): 0:98152)* (Sprite#0 (0xb0733000): 0:317)* (DimLayerController/Stack=0#0 (0xb075a000): 0:3866)* (Sprite#1 (0xb077c000): 0:195)* (org.mozilla.fennec_aurora/org.mozilla.fenix.HomeActivity#0 (0xb039b000): 0:56)- (com.android.launcher3/com.android.launcher3.CustomizationPanelLauncher#0 (0xb0763000): 0:39)- (com.android.launcher3/com.android.launcher3.CustomizationPanelLauncher#1 (0xb0771000): 0:10)- (Splash Screen org.mozilla.fennec_aurora#0 (0xb039b000): 0:19)- (Splash Screen org.mozilla.fennec_aurora#1 (0xb013a000): 7:29) (org.mozilla.fennec_aurora/org.mozilla.fenix.HomeActivity#0 (0xb039b000): 7:12) 
04-30 18:06:43.624 11086 11187 I chatty  : uid=11294(org.mozilla.fennec_aurora) com.google.android.gms.unstable expire 1 line
04-30 18:06:43.629  1456  2067 D ConnectivityService: releasing NetworkRequest [ TRACK_DEFAULT id=39663, [ Capabilities: INTERNET&NOT_RESTRICTED&TRUSTED&NOT_VPN] ] (release request)
04-30 18:06:43.684 11086 11234 I chatty  : uid=11294(org.mozilla.fennec_aurora) com.google.android.gms.unstable expire 1 line
04-30 18:06:43.763 11086 11129 I chatty  : uid=11294(org.mozilla.fennec_aurora) com.google.android.gms.unstable expire 26 lines
04-30 18:06:43.835 11086 11106 I chatty  : uid=11294(org.mozilla.fennec_aurora) com.google.android.gms.unstable expire 3 lines
04-30 18:06:47.316 11263 11263 D AndroidRuntime: >>>>>> START com.android.internal.os.RuntimeInit uid 2000 <<<<<<
04-30 18:06:47.329 11263 11263 W app_process: Could not reserve sentinel fault page
04-30 18:06:47.495 11263 11263 I app_process: The ClassLoaderContext is a special shared library.
04-30 18:06:47.567 11263 11263 D AndroidRuntime: Calling main entry com.android.commands.input.Input
04-30 18:06:47.568 11263 11263 I Input   : injectKeyEvent: KeyEvent { action=ACTION_DOWN, keyCode=KEYCODE_HOME, scanCode=0, metaState=0, flags=0x0, repeatCount=0, eventTime=20360475154, downTime=20360475154, deviceId=-1, source=0x101 }
04-30 18:06:47.575 11263 11263 I Input   : injectKeyEvent: KeyEvent { action=ACTION_UP, keyCode=KEYCODE_HOME, scanCode=0, metaState=0, flags=0x0, repeatCount=0, eventTime=20360475154, downTime=20360475154, deviceId=-1, source=0x101 }
04-30 18:06:47.581  1456  1941 I ActivityManager: START u0 {act=android.intent.action.MAIN cat=[android.intent.category.HOME] flg=0x10200000 cmp=com.android.launcher3/.CustomizationPanelLauncher (has extras)} from uid 1000
04-30 18:06:47.582   794   839 E ANDR-PERF-RESOURCEQS: Failed to apply optimization [4, 0]
04-30 18:06:47.588 11263 11263 D AndroidRuntime: Shutting down VM
04-30 18:06:47.596  1456  2923 I ActivityManager: moveHomeStack, setupComplete:true
04-30 18:06:47.612 17373 17422 I Adreno  : QUALCOMM build                   : bb5b86c, I77d3059488
04-30 18:06:47.612 17373 17422 I Adreno  : Build Date                       : 06/07/18
04-30 18:06:47.612 17373 17422 I Adreno  : OpenGL ES Shader Compiler Version: EV031.22.00.01_06
04-30 18:06:47.612 17373 17422 I Adreno  : Local Branch                     : 
04-30 18:06:47.612 17373 17422 I Adreno  : Remote Branch                    : refs/tags/AU_LINUX_ANDROID_LA.UM.6.5.R1.08.01.00.312.086
04-30 18:06:47.612 17373 17422 I Adreno  : Remote Branch                    : NONE
04-30 18:06:47.612 17373 17422 I Adreno  : Reconstruct Branch               : NOTHING
04-30 18:06:47.617 17373 17422 D vndksupport: Loading /vendor/lib/hw/gralloc.msm8937.so from current namespace instead of sphal namespace.
04-30 18:06:47.620  2748  2748 D Launcher.Utilities: Wakeup weather: Intent { act=com.motorola.launcher3.action.WAKEUP_WEATHER cmp=com.motorola.timeweatherwidget/com.motorola.commandcenter.weather.WakeUpService }
04-30 18:06:47.622 17373 17422 I Adreno  : PFP: 0x005ff087, ME: 0x005ff063
04-30 18:06:47.625 17373 17422 I zygote  : android::hardware::configstore::V1_0::ISurfaceFlingerConfigs::hasWideColorDisplay retrieved: 0
04-30 18:06:47.626 17373 17422 I OpenGLRenderer: Initialized EGL, version 1.4
04-30 18:06:47.626 17373 17422 D OpenGLRenderer: Swap behavior 2
04-30 18:06:47.632  1456  1456 I NotificationService: Cannot find enqueued record for key: 0|com.motorola.timeweatherwidget|1|null|10116
04-30 18:06:47.635   808   808 D SurfaceFlinger: duplicate layer name: changing com.android.launcher3/com.android.launcher3.CustomizationPanelLauncher to com.android.launcher3/com.android.launcher3.CustomizationPanelLauncher#1
04-30 18:06:47.658 17373 17397 W ThreadPoolDumper: Queue length for executor EventBus is now 11. Perhaps some tasks are too long, or the pool is too small.
04-30 18:06:47.660  1456  5907 I WifiService: getWifiEnabledState uid=10073
04-30 18:06:47.668  1456  2236 I WifiService: getWifiEnabledState uid=10073
04-30 18:06:47.671 17373 17428 I DEBUG   : OpaToSrpTransitionState#onStateChanged#notNullQuery
04-30 18:06:47.672 17373 17428 I DEBUG   : OpaToSrpTransitionState#onStateChanged#notNullQuery
04-30 18:06:47.697 17373 17428 I MicroDetectionState: Should stop hotword detection immediately - false
04-30 18:06:47.702 17373 17428 I MicroDetectionWorker: #startMicroDetector [speakerMode: 0]
04-30 18:06:47.706 17373 17428 I AudioController: Created new AudioSource
04-30 18:06:47.731  1456  1673 I LaunchCheckinHandler: Displayed com.android.launcher3/.CustomizationPanelLauncher,wp,wa,150
04-30 18:06:47.732 17373 17426 I MicroDataManager: isInitializedWithLatestParams-true
04-30 18:06:47.732 17373 17426 I MicroDataManager: isInitializing-false locale not changed-true model not changed-true
04-30 18:06:47.733 17373 17426 I MicroDataManager: Already initialized, obtaining the hotword data immediately.
04-30 18:06:47.737 17373 17475 I MicroRecognitionRunner: Starting detection.
04-30 18:06:47.738 17373 17475 I InputStreamUtils: Using micInputStream
04-30 18:06:47.738 17373  8223 I MicrophoneInputStream: mic_starting  SR : 16000 CC : 16 SO : 1999
04-30 18:06:47.742   788  1401 V msm8974_platform: platform_check_input_mask: enter check_input_mask source 6 mask 10
04-30 18:06:47.745  1012 11277 I AudioFlinger: AudioFlinger's thread 0xb2483e80 tid=11277 ready to run
04-30 18:06:47.750   788  1401 D audio_hw_primary: in_set_parameters: enter: kvpairs=input_source=6;routing=-2147483644
04-30 18:06:47.751  1012 13178 D APM_AudioPolicyManager: AudioPolicyManager::startInput() input 326190, session 326305, source = 1999
04-30 18:06:47.751 17373  8223 I MicrophoneInputStream: mic_started  SR : 16000 CC : 16 SO : 1999
04-30 18:06:47.752   788 11278 V msm8974_platform: platform_update_usecase_from_source: input source :6
04-30 18:06:47.752   788 11278 V msm8974_platform: platform_check_input_mask: enter check_input_mask source 6 mask 10
04-30 18:06:47.752   788 11278 V msm8974_platform: platform_get_input_snd_device: enter: out_device(0) in_device(0x4) channel_count (1) channel_mask (0x10)
04-30 18:06:47.752   788 11278 V msm8974_platform: platform_get_input_snd_device: exit: in_snd_device(voice-rec-mic)
04-30 18:06:47.752   788 11278 V msm8974_platform: platform_get_backend_index:napb: backend port - 5 device - 120 
04-30 18:06:47.753   788 11278 V msm8974_platform: platform_check_and_set_capture_backend_cfg:txbecf: afe: bitwidth 0, samplerate 0, channel 1, backend_idx 5 usecase = 9 device (voice-rec-mic)
04-30 18:06:47.753   788 11278 V msm8974_platform: platform_check_capture_backend_cfg:txbecf: afe: Codec selected backend: 5 current bit width: 0 and sample rate: 0, channels 1
04-30 18:06:47.753   788 11278 V msm8974_platform: platform_check_capture_backend_cfg:txbecf: afe: Codec selected backend: 5 updated bit width: 0 and sample rate: 0
04-30 18:06:47.753   788 11278 I msm8974_platform: platform_check_capture_backend_cfg:txbecf: afe: Codec backend needs to be updated. new bit width: 0 new sample rate: 0 new channel: 1
04-30 18:06:47.753   788 11278 V msm8974_platform: platform_get_backend_index:napb: backend port - 5 device - 120 
04-30 18:06:47.753   788 11278 V msm8974_platform: platform_set_backend_cfg:becf: afe: bitwidth 0, samplerate 0 channels 1, backend_idx 5 device (voice-rec-mic)
04-30 18:06:47.753   788 11278 E msm8974_platform: platform_set_backend_cfg:becf: afe: Could not get ctl for mixer command - SLIM_0_TX Format
04-30 18:06:47.753   788 11278 V msm8974_platform: platform_send_audio_calibration: sending audio calibration for snd_device(120) acdb_id(62)
04-30 18:06:47.753   788 11278 D ACDB-LOADER: ACDB -> send_audio_cal, acdb_id = 62, path = 1, app id = 0x11130, sample rate = 48000
04-30 18:06:47.753   788 11278 D ACDB-LOADER: ACDB -> send_asm_topology
04-30 18:06:47.753   788 11278 D ACDB-LOADER: ACDB -> ACDB_CMD_GET_AUDPROC_STREAM_TOPOLOGY_ID
04-30 18:06:47.753   788 11278 D ACDB-LOADER: ACDB -> send_adm_topology
04-30 18:06:47.753   788 11278 D ACDB-LOADER: ACDB -> ACDB_CMD_GET_AUDPROC_COMMON_TOPOLOGY_ID
04-30 18:06:47.753   788 11278 D ACDB-LOADER: ACDB -> send_audtable
04-30 18:06:47.753   788 11278 D ACDB-LOADER: ACDB -> ACDB_CMD_GET_AUDPROC_COMMON_TABLE_SIZE
04-30 18:06:47.754   788 11278 D ACDB-LOADER: ACDB -> ACDB_CMD_GET_AUDPROC_COMMON_TABLE
04-30 18:06:47.754   788 11278 D ACDB-LOADER: ACDB -> AUDIO_SET_AUDPROC_CAL
04-30 18:06:47.754   788 11278 D ACDB-LOADER: ACDB -> send_audvoltable
04-30 18:06:47.754   788 11278 D ACDB-LOADER: ACDB -> ACDB_CMD_GET_AUDPROC_VOL_STEP_TABLE_SIZE
04-30 18:06:47.754   788 11278 D ACDB-LOADER: ACDB -> ACDB_CMD_GET_AUDPROC_GAIN_DEP_STEP_TABLE, vol index 0
04-30 18:06:47.754   788 11278 D         : Failed to fetch the lookup information of the device 0000003E 
04-30 18:06:47.754   788 11278 D ACDB-LOADER: ACDB -> AUDIO_SET_VOL_CAL cal type = 12
04-30 18:06:47.754   788 11278 D ACDB-LOADER: ACDB -> ACDB_CMD_GET_AUDPROC_STREAM_TABLE_SIZE
04-30 18:06:47.754   788 11278 D ACDB-LOADER: ACDB -> send_audstrmtable
04-30 18:06:47.754   788 11278 D ACDB-LOADER: ACDB -> ACDB_CMD_GET_AUDPROC_STREAM_TABLE_V2
04-30 18:06:47.754   788 11278 D ACDB-LOADER: ACDB -> audstrm_cal->cal_type.cal_data.cal_size = 456
04-30 18:06:47.754   788 11278 D ACDB-LOADER: ACDB -> send_afe_topology
04-30 18:06:47.754   788 11278 D ACDB-LOADER: ACDB -> ACDB_CMD_GET_AFE_TOPOLOGY_ID
04-30 18:06:47.754   788 11278 D ACDB-LOADER: ACDB -> GET_AFE_TOPOLOGY_ID for adcd_id 62, Topology Id 112fb
04-30 18:06:47.754   788 11278 D ACDB-LOADER: ACDB -> send_afe_cal
04-30 18:06:47.754   788 11278 D ACDB-LOADER: ACDB -> ACDB_CMD_GET_AFE_COMMON_TABLE_SIZE
04-30 18:06:47.754   788 11278 D         : Failed to fetch the lookup information of the device 0000003E 
04-30 18:06:47.754   788 11278 E ACDB-LOADER: Error: ACDB_CMD_GET_AFE_COMMON_TABLE_SIZE Returned = -19
04-30 18:06:47.754   788 11278 D ACDB-LOADER: ACDB -> ACDB_CMD_GET_AFE_COMMON_TABLE
04-30 18:06:47.754   788 11278 D         : Failed to fetch the lookup information of the device 0000003E 
04-30 18:06:47.754   788 11278 D ACDB-LOADER: ACDB -> AUDIO_SET_AFE_CAL
04-30 18:06:47.754   788 11278 D ACDB-LOADER: ACDB -> send_hw_delay : acdb_id = 62 path = 1
04-30 18:06:47.754   788 11278 D ACDB-LOADER: ACDB -> ACDB_AVSYNC_INFO: ACDB_CMD_GET_DEVICE_PROPERTY
04-30 18:06:47.755   788 11278 D audio_hw_primary: enable_snd_device: snd_device(120: voice-rec-mic)
04-30 18:06:47.755   788 11278 D audio_route: Apply path: voice-rec-mic
04-30 18:06:47.758   788 11278 V msm8974_platform: platform_get_snd_device_backend_index: enter with device 120
04-30 18:06:47.758   788 11278 E msm8974_platform: platform_get_snd_device_backend_index: BE DAI Name Table is not present
04-30 18:06:47.758   788 11278 V msm8974_platform: platform_get_backend_index:napb: backend port - 5 device - 120 
04-30 18:06:47.758   788 11278 I audio_hw_utils: Set Audio Stream Capture 0 App Type Cfg: app_type 69936, acdb_dev_id 62, sample_rate 48000, snd_device_be_idx -14
04-30 18:06:47.759   788 11278 D audio_hw_primary: enable_audio_route: usecase(9) apply and update mixer path: audio-record
04-30 18:06:47.759   788 11278 D audio_route: Apply path: audio-record
04-30 18:06:47.829 17373 17428 I MicroDetectionWorker: onReady
04-30 18:06:47.890  2146  2165 I zygote  : NativeAlloc concurrent copying GC freed 20534(1087KB) AllocSpace objects, 0(0B) LOS objects, 50% free, 10MB/20MB, paused 181us total 149.961ms
04-30 18:06:48.014  1456  2915 D ConnectivityService: requestNetwork for uid/pid:11294/11086 NetworkRequest [ TRACK_DEFAULT id=39664, [ Capabilities: INTERNET&NOT_RESTRICTED&TRUSTED&NOT_VPN] ]
04-30 18:06:48.015  1456  2099 D Ethernet: got request NetworkRequest [ TRACK_DEFAULT id=39664, [ Capabilities: INTERNET&NOT_RESTRICTED&TRUSTED&NOT_VPN] ] with score 60
04-30 18:06:48.015  1456  2054 D WIFI_UT : got request NetworkRequest [ TRACK_DEFAULT id=39664, [ Capabilities: INTERNET&NOT_RESTRICTED&TRUSTED&NOT_VPN] ] with score 60
04-30 18:06:48.016  1456  2054 D WIFI    : got request NetworkRequest [ TRACK_DEFAULT id=39664, [ Capabilities: INTERNET&NOT_RESTRICTED&TRUSTED&NOT_VPN] ] with score 60
04-30 18:06:48.016  2398  2398 D PhoneSwitcherNetworkRequstListener: got request NetworkRequest [ TRACK_DEFAULT id=39664, [ Capabilities: INTERNET&NOT_RESTRICTED&TRUSTED&NOT_VPN] ] with score 60
04-30 18:06:48.020 11086 11283 I chatty  : uid=11294(org.mozilla.fennec_aurora) com.google.android.gms.unstable expire 5 lines
04-30 18:06:48.142  1456  7796 I OpenGLRenderer: Initialized EGL, version 1.4
04-30 18:06:48.142  1456  7796 D OpenGLRenderer: Swap behavior 2
04-30 18:06:48.163  1456  2067 D ConnectivityService: releasing NetworkRequest [ TRACK_DEFAULT id=39664, [ Capabilities: INTERNET&NOT_RESTRICTED&TRUSTED&NOT_VPN] ] (release request)
04-30 18:06:48.176  2748  2917 W OpenGLRenderer: Incorrectly called buildLayer on View: ShortcutAndWidgetContainer, destroying layer...
04-30 18:06:48.290 11086 11131 I chatty  : uid=11294(org.mozilla.fennec_aurora) com.google.android.gms.unstable expire 1 line
04-30 18:06:48.322   808   898 I SFPerfTracer:      triggers: (rate: 0:1) (0 sw vsyncs) (0 skipped) (37:6805683 vsyncs) (39:13895945)
04-30 18:06:48.344  1456  2915 D ConnectivityService: requestNetwork for uid/pid:11294/11086 NetworkRequest [ TRACK_DEFAULT id=39665, [ Capabilities: INTERNET&NOT_RESTRICTED&TRUSTED&NOT_VPN] ]
04-30 18:06:48.345  1456  2099 D Ethernet: got request NetworkRequest [ TRACK_DEFAULT id=39665, [ Capabilities: INTERNET&NOT_RESTRICTED&TRUSTED&NOT_VPN] ] with score 60
04-30 18:06:48.345  1456  2054 D WIFI_UT : got request NetworkRequest [ TRACK_DEFAULT id=39665, [ Capabilities: INTERNET&NOT_RESTRICTED&TRUSTED&NOT_VPN] ] with score 60
04-30 18:06:48.345  1456  2054 D WIFI    : got request NetworkRequest [ TRACK_DEFAULT id=39665, [ Capabilities: INTERNET&NOT_RESTRICTED&TRUSTED&NOT_VPN] ] with score 60
04-30 18:06:48.346  2398  2398 D PhoneSwitcherNetworkRequstListener: got request NetworkRequest [ TRACK_DEFAULT id=39665, [ Capabilities: INTERNET&NOT_RESTRICTED&TRUSTED&NOT_VPN] ] with score 60
04-30 18:06:48.354 11086 11285 I chatty  : uid=11294(org.mozilla.fennec_aurora) com.google.android.gms.unstable expire 9 lines
04-30 18:06:48.830  1456  2067 D ConnectivityService: releasing NetworkRequest [ TRACK_DEFAULT id=39665, [ Capabilities: INTERNET&NOT_RESTRICTED&TRUSTED&NOT_VPN] ] (release request)
04-30 18:06:52.751  1456  2915 I ActivityManager: Force stopping org.mozilla.fennec_aurora appid=11294 user=0: from pid 11289
04-30 18:06:52.751  1456  2915 I ActivityManager: Killing 11086:org.mozilla.fennec_aurora/u0a1294 (adj 700): stop org.mozilla.fennec_aurora
04-30 18:06:52.755  1456  1605 W zygote  : kill(-11086, 9) failed: No such process
04-30 18:06:52.757  1456  2915 W ActivityManager: Force removing ActivityRecord{10d4e27 u0 org.mozilla.fennec_aurora/org.mozilla.fenix.HomeActivity t66954}: app died, no saved state
04-30 18:06:52.765  1456  2915 I ActivityManager: Killing 11162:org.mozilla.fennec_aurora:tab0/u0a1294 (adj 0): stop org.mozilla.fennec_aurora
04-30 18:06:52.773  1456  1605 W zygote  : kill(-11086, 9) failed: No such process
04-30 18:06:52.780  2398  2398 D CarrierSvcBindHelper: No carrier app for: 0
04-30 18:06:52.781  2398  2398 D CarrierSvcBindHelper: No carrier app for: 1
04-30 18:06:52.789  1456  1605 W zygote  : kill(-11086, 9) failed: No such process
04-30 18:06:52.831  1456  1673 W ActivityManager: setHasOverlayUi called on unknown pid: 11086
04-30 18:06:52.832  1456  1605 I chatty  : uid=1000(system) ActivityManager identical 3 lines
04-30 18:06:52.845  1456  1605 W zygote  : kill(-11086, 9) failed: No such process
04-30 18:06:52.845  1456  1605 I zygote  : Successfully killed process cgroup uid 11294 pid 11086 in 89ms
04-30 18:06:52.845  1456  1605 W zygote  : kill(-11162, 9) failed: No such process
04-30 18:06:52.845  1456  1605 I zygote  : Successfully killed process cgroup uid 11294 pid 11162 in 0ms
04-30 18:06:52.879  1456  2236 I ActivityManager: START u0 {act=android.intent.action.MAIN cat=[android.intent.category.LAUNCHER] flg=0x10000000 cmp=org.mozilla.fennec_aurora/.App} from uid 2000
04-30 18:06:52.880   794   839 E ANDR-PERF-RESOURCEQS: Failed to apply optimization [4, 0]
04-30 18:06:52.899  1456 10736 I ActivityManager: Start proc 11297:org.mozilla.fennec_aurora/u0a1294 for activity org.mozilla.fennec_aurora/.App
