03-23 02:49:36.746 28336 28379 I DEBUG   : OpaToSrpTransitionState#onStateChanged#notNullQuery
03-23 02:49:36.761 28336 28379 I MicroDetectionState: Should stop hotword detection immediately - false
03-23 02:49:36.764 28336 28379 I MicroDetectionWorker: #startMicroDetector [speakerMode: 0]
03-23 02:49:36.765 28336 28379 I AudioController: Created new AudioSource
03-23 02:49:36.788  1456  1673 I LaunchCheckinHandler: Displayed com.android.launcher3/.CustomizationPanelLauncher,wp,wa,131
03-23 02:49:36.788 28336 28374 I MicroDataManager: isInitializedWithLatestParams-true
03-23 02:49:36.788 28336 28374 I MicroDataManager: isInitializing-false locale not changed-true model not changed-true
03-23 02:49:36.789 28336 28374 I MicroDataManager: Already initialized, obtaining the hotword data immediately.
03-23 02:49:36.796 28336 21549 I MicroRecognitionRunner: Starting detection.
03-23 02:49:36.796 28336 21549 I InputStreamUtils: Using micInputStream
03-23 02:49:36.796 28336 18383 I MicrophoneInputStream: mic_starting  SR : 16000 CC : 16 SO : 1999
03-23 02:49:36.799   788   788 V msm8974_platform: platform_check_input_mask: enter check_input_mask source 6 mask 10
03-23 02:49:36.802  1012 20322 I AudioFlinger: AudioFlinger's thread 0xb2483340 tid=20322 ready to run
03-23 02:49:36.810   788   788 D audio_hw_primary: in_set_parameters: enter: kvpairs=input_source=6;routing=-2147483644
03-23 02:49:36.811  1012  1390 D APM_AudioPolicyManager: AudioPolicyManager::startInput() input 237366, session 237481, source = 1999
03-23 02:49:36.812 28336 18383 I MicrophoneInputStream: mic_started  SR : 16000 CC : 16 SO : 1999
03-23 02:49:36.813   788 20323 V msm8974_platform: platform_update_usecase_from_source: input source :6
03-23 02:49:36.813   788 20323 V msm8974_platform: platform_check_input_mask: enter check_input_mask source 6 mask 10
03-23 02:49:36.813   788 20323 V msm8974_platform: platform_get_input_snd_device: enter: out_device(0) in_device(0x4) channel_count (1) channel_mask (0x10)
03-23 02:49:36.813   788 20323 V msm8974_platform: platform_get_input_snd_device: exit: in_snd_device(voice-rec-mic)
03-23 02:49:36.813   788 20323 V msm8974_platform: platform_get_backend_index:napb: backend port - 5 device - 120 
03-23 02:49:36.813   788 20323 V msm8974_platform: platform_check_and_set_capture_backend_cfg:txbecf: afe: bitwidth 0, samplerate 0, channel 1, backend_idx 5 usecase = 9 device (voice-rec-mic)
03-23 02:49:36.813   788 20323 V msm8974_platform: platform_check_capture_backend_cfg:txbecf: afe: Codec selected backend: 5 current bit width: 0 and sample rate: 0, channels 1
03-23 02:49:36.813   788 20323 V msm8974_platform: platform_check_capture_backend_cfg:txbecf: afe: Codec selected backend: 5 updated bit width: 0 and sample rate: 0
03-23 02:49:36.813   788 20323 I msm8974_platform: platform_check_capture_backend_cfg:txbecf: afe: Codec backend needs to be updated. new bit width: 0 new sample rate: 0 new channel: 1
03-23 02:49:36.813   788 20323 V msm8974_platform: platform_get_backend_index:napb: backend port - 5 device - 120 
03-23 02:49:36.813   788 20323 V msm8974_platform: platform_set_backend_cfg:becf: afe: bitwidth 0, samplerate 0 channels 1, backend_idx 5 device (voice-rec-mic)
03-23 02:49:36.814   788 20323 E msm8974_platform: platform_set_backend_cfg:becf: afe: Could not get ctl for mixer command - SLIM_0_TX Format
03-23 02:49:36.814   788 20323 V msm8974_platform: platform_send_audio_calibration: sending audio calibration for snd_device(120) acdb_id(62)
03-23 02:49:36.814   788 20323 D ACDB-LOADER: ACDB -> send_audio_cal, acdb_id = 62, path = 1, app id = 0x11130, sample rate = 48000
03-23 02:49:36.814   788 20323 D ACDB-LOADER: ACDB -> send_asm_topology
03-23 02:49:36.814   788 20323 D ACDB-LOADER: ACDB -> ACDB_CMD_GET_AUDPROC_STREAM_TOPOLOGY_ID
03-23 02:49:36.814   788 20323 D ACDB-LOADER: ACDB -> send_adm_topology
03-23 02:49:36.814   788 20323 D ACDB-LOADER: ACDB -> ACDB_CMD_GET_AUDPROC_COMMON_TOPOLOGY_ID
03-23 02:49:36.814   788 20323 D ACDB-LOADER: ACDB -> send_audtable
03-23 02:49:36.814   788 20323 D ACDB-LOADER: ACDB -> ACDB_CMD_GET_AUDPROC_COMMON_TABLE_SIZE
03-23 02:49:36.814   788 20323 D ACDB-LOADER: ACDB -> ACDB_CMD_GET_AUDPROC_COMMON_TABLE
03-23 02:49:36.814   788 20323 D ACDB-LOADER: ACDB -> AUDIO_SET_AUDPROC_CAL
03-23 02:49:36.814   788 20323 D ACDB-LOADER: ACDB -> send_audvoltable
03-23 02:49:36.814   788 20323 D ACDB-LOADER: ACDB -> ACDB_CMD_GET_AUDPROC_VOL_STEP_TABLE_SIZE
03-23 02:49:36.814   788 20323 D ACDB-LOADER: ACDB -> ACDB_CMD_GET_AUDPROC_GAIN_DEP_STEP_TABLE, vol index 0
03-23 02:49:36.814   788 20323 D         : Failed to fetch the lookup information of the device 0000003E 
03-23 02:49:36.814   788 20323 D ACDB-LOADER: ACDB -> AUDIO_SET_VOL_CAL cal type = 12
03-23 02:49:36.814   788 20323 D ACDB-LOADER: ACDB -> ACDB_CMD_GET_AUDPROC_STREAM_TABLE_SIZE
03-23 02:49:36.814   788 20323 D ACDB-LOADER: ACDB -> send_audstrmtable
03-23 02:49:36.814   788 20323 D ACDB-LOADER: ACDB -> ACDB_CMD_GET_AUDPROC_STREAM_TABLE_V2
03-23 02:49:36.814   788 20323 D ACDB-LOADER: ACDB -> audstrm_cal->cal_type.cal_data.cal_size = 456
03-23 02:49:36.815   788 20323 D ACDB-LOADER: ACDB -> send_afe_topology
03-23 02:49:36.815   788 20323 D ACDB-LOADER: ACDB -> ACDB_CMD_GET_AFE_TOPOLOGY_ID
03-23 02:49:36.815   788 20323 D ACDB-LOADER: ACDB -> GET_AFE_TOPOLOGY_ID for adcd_id 62, Topology Id 112fb
03-23 02:49:36.815   788 20323 D ACDB-LOADER: ACDB -> send_afe_cal
03-23 02:49:36.815   788 20323 D ACDB-LOADER: ACDB -> ACDB_CMD_GET_AFE_COMMON_TABLE_SIZE
03-23 02:49:36.815   788 20323 D         : Failed to fetch the lookup information of the device 0000003E 
03-23 02:49:36.815   788 20323 E ACDB-LOADER: Error: ACDB_CMD_GET_AFE_COMMON_TABLE_SIZE Returned = -19
03-23 02:49:36.815   788 20323 D ACDB-LOADER: ACDB -> ACDB_CMD_GET_AFE_COMMON_TABLE
03-23 02:49:36.815   788 20323 D         : Failed to fetch the lookup information of the device 0000003E 
03-23 02:49:36.815   788 20323 D ACDB-LOADER: ACDB -> AUDIO_SET_AFE_CAL
03-23 02:49:36.815   788 20323 D ACDB-LOADER: ACDB -> send_hw_delay : acdb_id = 62 path = 1
03-23 02:49:36.815   788 20323 D ACDB-LOADER: ACDB -> ACDB_AVSYNC_INFO: ACDB_CMD_GET_DEVICE_PROPERTY
03-23 02:49:36.815   788 20323 D audio_hw_primary: enable_snd_device: snd_device(120: voice-rec-mic)
03-23 02:49:36.815   788 20323 D audio_route: Apply path: voice-rec-mic
03-23 02:49:36.818   788 20323 V msm8974_platform: platform_get_snd_device_backend_index: enter with device 120
03-23 02:49:36.818   788 20323 E msm8974_platform: platform_get_snd_device_backend_index: BE DAI Name Table is not present
03-23 02:49:36.818   788 20323 V msm8974_platform: platform_get_backend_index:napb: backend port - 5 device - 120 
03-23 02:49:36.818   788 20323 I audio_hw_utils: Set Audio Stream Capture 0 App Type Cfg: app_type 69936, acdb_dev_id 62, sample_rate 48000, snd_device_be_idx -14
03-23 02:49:36.818   788 20323 D audio_hw_primary: enable_audio_route: usecase(9) apply and update mixer path: audio-record
03-23 02:49:36.818   788 20323 D audio_route: Apply path: audio-record
03-23 02:49:36.864 20080 20138 I chatty  : uid=11161(org.mozilla.fennec_aurora) expire 2 lines
03-23 02:49:36.894 28336 28379 I MicroDetectionWorker: onReady
03-23 02:49:36.915  2146  2165 I zygote  : NativeAlloc concurrent copying GC freed 20744(1119KB) AllocSpace objects, 0(0B) LOS objects, 49% free, 8MB/17MB, paused 200us total 115.577ms
03-23 02:49:37.192  1456  7796 I OpenGLRenderer: Initialized EGL, version 1.4
03-23 02:49:37.192  1456  7796 D OpenGLRenderer: Swap behavior 2
03-23 02:49:37.252  2748  2917 W OpenGLRenderer: Incorrectly called buildLayer on View: ShortcutAndWidgetContainer, destroying layer...
03-23 02:49:37.385   808   898 I SFPerfTracer:      triggers: (rate: 0:1) (0 sw vsyncs) (0 skipped) (36:5574103 vsyncs) (38:12009364)
03-23 02:49:41.831  1456  6339 I ActivityManager: Force stopping org.mozilla.fennec_aurora appid=11161 user=0: from pid 20330
03-23 02:49:41.832  1456  6339 I ActivityManager: Killing 20080:org.mozilla.fennec_aurora/u0a1161 (adj 700): stop org.mozilla.fennec_aurora
03-23 02:49:41.834  1456  1605 W zygote  : kill(-20080, 9) failed: No such process
03-23 02:49:41.836  1456  6339 W ActivityManager: Force removing ActivityRecord{eb15d34 u0 org.mozilla.fennec_aurora/org.mozilla.fenix.HomeActivity t44742}: app died, no saved state
03-23 02:49:41.847  1456  6339 I ActivityManager: Killing 20163:org.mozilla.fennec_aurora:tab0/u0a1161 (adj 0): stop org.mozilla.fennec_aurora
03-23 02:49:41.852  1456  1605 W zygote  : kill(-20080, 9) failed: No such process
03-23 02:49:41.860  2398  2398 D CarrierSvcBindHelper: No carrier app for: 0
03-23 02:49:41.861  2398  2398 D CarrierSvcBindHelper: No carrier app for: 1
03-23 02:49:41.869  1456  1605 W zygote  : kill(-20080, 9) failed: No such process
03-23 02:49:41.900  1456  1673 W ActivityManager: setHasOverlayUi called on unknown pid: 20080
03-23 02:49:41.908  1456  1605 W zygote  : kill(-20080, 9) failed: No such process
03-23 02:49:41.908  1456  1605 I zygote  : Successfully killed process cgroup uid 11161 pid 20080 in 73ms
03-23 02:49:41.908  1456  1605 W zygote  : kill(-20163, 9) failed: No such process
03-23 02:49:41.908  1456  1605 I zygote  : Successfully killed process cgroup uid 11161 pid 20163 in 0ms
03-23 02:49:41.960  1456  2923 I ActivityManager: START u0 {act=android.intent.action.MAIN cat=[android.intent.category.LAUNCHER] flg=0x10000000 cmp=org.mozilla.fennec_aurora/.App} from uid 2000
03-23 02:49:41.961   794   839 E ANDR-PERF-RESOURCEQS: Failed to apply optimization [4, 0]
03-23 02:49:41.981  1456  2921 I ActivityManager: Start proc 20340:org.mozilla.fennec_aurora/u0a1161 for activity org.mozilla.fennec_aurora/.App
03-23 02:49:42.068 28336 28379 I MicroDetectionState: Should stop hotword detection immediately - false
03-23 02:49:42.069 28336 28379 I MicroDetector: Keeping mic open: false
03-23 02:49:42.069 28336 28379 I RecognitionAudioControl: #shutdownAudio [requestId: 748146386903691417, keepAudioOpen: false, forced: true]
03-23 02:49:42.069 28336 21552 E DeviceStateChecker: DeviceStateChecker cancelled
03-23 02:49:42.069 28336 28379 I RecognitionAudioControl: #internalShutdownAudio [requestId: 748146386903691417]
03-23 02:49:42.069 28336 28379 I RecognitionAudioControl: #internalShutdownAudio [keepAudioOpen: false, forced: true]
03-23 02:49:42.069 28336 28379 I RecognitionAudioControl: #actualShutdownAudio
03-23 02:49:42.069 28336 28379 I AudioController: #shutdown [requestId=748146386903691417]
03-23 02:49:42.069 28336 28380 I AudioController: internalShutdown
03-23 02:49:42.069 28336 28378 I MicroRecognitionRunner: Stopping hotword detection.
03-23 02:49:42.114   788   788 D audio_hw_primary: disable_audio_route: usecase(9) reset and update mixer path: audio-record
03-23 02:49:42.116   788   788 D audio_hw_primary: disable_snd_device: snd_device(120: voice-rec-mic)
03-23 02:49:42.118  1012 19499 D APM_AudioPolicyManager: stopInput() input 237366, session 237481
03-23 02:49:42.119   788  1479 D audio_hw_primary: in_set_parameters: enter: kvpairs=routing=0
03-23 02:49:42.120 28336 28380 I MicrophoneInputStream: mic_close  SR : 16000 CC : 16 SO : 1999
03-23 02:49:42.121 28336 28380 E AudioSource: Stop listening is called on already closed AudioSource
03-23 02:49:42.122 28336 21549 I MicroRecognitionRunner: Detection finished
03-23 02:49:42.162 20340 20340 I chatty  : uid=11161(org.mozilla.fennec_aurora) expire 12 lines
03-23 02:49:42.234 20340 20359 I chatty  : uid=11161(org.mozilla.fennec_aurora) expire 4 lines
03-23 02:49:42.255  1456  2923 D ConnectivityService: requestNetwork for uid/pid:11161/20340 NetworkRequest [ TRACK_DEFAULT id=33220, [ Capabilities: INTERNET&NOT_RESTRICTED&TRUSTED&NOT_VPN] ]
03-23 02:49:42.257  2398  2398 D PhoneSwitcherNetworkRequstListener: got request NetworkRequest [ TRACK_DEFAULT id=33220, [ Capabilities: INTERNET&NOT_RESTRICTED&TRUSTED&NOT_VPN] ] with score 0
03-23 02:49:42.257 20340 20372 I chatty  : uid=11161(org.mozilla.fennec_aurora) expire 11 lines
03-23 02:49:42.257  1456  2099 D Ethernet: got request NetworkRequest [ TRACK_DEFAULT id=33220, [ Capabilities: INTERNET&NOT_RESTRICTED&TRUSTED&NOT_VPN] ] with score 0
03-23 02:49:42.258  1456  2054 D WIFI_UT : got request NetworkRequest [ TRACK_DEFAULT id=33220, [ Capabilities: INTERNET&NOT_RESTRICTED&TRUSTED&NOT_VPN] ] with score 0
03-23 02:49:42.258  1456  2054 D WIFI    : got request NetworkRequest [ TRACK_DEFAULT id=33220, [ Capabilities: INTERNET&NOT_RESTRICTED&TRUSTED&NOT_VPN] ] with score 0
03-23 02:49:42.279 20340 20369 I chatty  : uid=11161(org.mozilla.fennec_aurora) expire 9 lines
03-23 02:49:42.284 20340 20374 I chatty  : uid=11161(org.mozilla.fennec_aurora) expire 27 lines
03-23 02:49:42.321 20340 20340 I chatty  : uid=11161(org.mozilla.fennec_aurora) expire 45 lines
03-23 02:49:42.336 20340 20369 I chatty  : uid=11161(org.mozilla.fennec_aurora) expire 8 lines
03-23 02:49:42.364 20340 20372 I chatty  : uid=11161(org.mozilla.fennec_aurora) expire 3 lines
03-23 02:49:42.380 20340 20382 I chatty  : uid=11161(org.mozilla.fennec_aurora) expire 1 line
03-23 02:49:42.419 20340 20388 I chatty  : uid=11161(org.mozilla.fennec_aurora) expire 10 lines
03-23 02:49:42.438 20340 20345 I chatty  : uid=11161(org.mozilla.fennec_aurora) expire 8 lines
03-23 02:49:42.456  1456  2921 I ActivityManager: START u0 {act=android.intent.action.MAIN cat=[android.intent.category.LAUNCHER] flg=0x10000000 cmp=org.mozilla.fennec_aurora/org.mozilla.fenix.HomeActivity (has extras)} from uid 11161
03-23 02:49:42.484   808   808 D SurfaceFlinger: duplicate layer name: changing Splash Screen org.mozilla.fennec_aurora to Splash Screen org.mozilla.fennec_aurora#1
03-23 02:49:42.501   808   808 I SFPerfTracer:      triggers: (rate: 71:2010037) (compose: 0:7) (post: 0:19) (render: 0:17) (0:9651436 frames) (1:11926155)
03-23 02:49:42.502   808   808 D SFPerfTracer:        layers: (3:11) (NavigationBar#0 (0xb07df000): 0:814841) (StatusBar#0 (0xb07e3000): 0:2003011) (com.android.systemui.ImageWallpaper#0 (0xb07e7000): 0:74438)* (Sprite#0 (0xb0733000): 0:317)* (DimLayerController/Stack=0#0 (0xb075a000): 0:3780)* (Sprite#1 (0xb077c000): 0:195)* (Splash Screen org.mozilla.fennec_aurora#1 (0xb013a000): 0:30)- (org.mozilla.fennec_aurora/org.mozilla.fenix.HomeActivity#0 (0xb039b000): 0:70)- (com.android.launcher3/com.android.launcher3.CustomizationPanelLauncher#0 (0xb0763000): 0:38)* (com.android.launcher3/com.android.launcher3.CustomizationPanelLauncher#1 (0xb0771000): 0:10)* (Splash Screen org.mozilla.fennec_aurora#0 (0xb039b000): 0:19) 
03-23 02:49:42.723  1456  2921 I ActivityManager: Start proc 20426:org.mozilla.fennec_aurora:tab0/u0a1161 for service org.mozilla.fennec_aurora/org.mozilla.gecko.process.GeckoChildProcessServices$tab0
03-23 02:49:42.853 20340 20448 I chatty  : uid=11161(org.mozilla.fennec_aurora) expire 9 lines
03-23 02:49:42.861 20426 20426 I chatty  : uid=11161(org.mozilla.fennec_aurora) expire 2 lines
03-23 02:49:42.866 20426 20449 I chatty  : uid=11161(org.mozilla.fennec_aurora) expire 1 line
03-23 02:49:43.072  1456  1673 I LaunchCheckinHandler: Displayed org.mozilla.fennec_aurora/org.mozilla.fenix.HomeActivity,wp,ca,577
03-23 02:49:43.072  1456  1673 I ActivityManager: Displayed org.mozilla.fennec_aurora/org.mozilla.fenix.HomeActivity: +572ms (total +1s98ms)
03-23 02:49:43.146 28336 28379 E AudioSource: Stop listening is called on already closed AudioSource
03-23 02:49:43.150 28336 28336 I MemoryTrimmer: Trimming objects from memory, since app is in the background.
03-23 02:49:43.152 28336 18383 I PBSessionCacheImpl: Deleted sessionId[124624629806595852] from persistence.
03-23 02:49:43.157  1456  2921 I WifiService: getWifiEnabledState uid=10073
03-23 02:49:43.164 28336 28379 I DEBUG   : OpaToSrpTransitionState#onStateChanged#notNullQuery
03-23 02:49:43.165 28336 28379 I DEBUG   : OpaToSrpTransitionState#onStateChanged#notNullQuery
03-23 02:49:43.168 28336 28379 W SearchServiceCore: Abort, client detached.
03-23 02:49:43.168 28336 28379 I chatty  : uid=10073(com.google.android.googlequicksearchbox) EventBus0 identical 1 line
03-23 02:49:43.170 28336 28379 W SearchServiceCore: Abort, client detached.
03-23 02:49:43.295  1456  1893 D BatteryService: uevent={POWER_SUPPLY_VOLTAGE_NOW=4306920, POWER_SUPPLY_CHARGE_RATE=Normal, POWER_SUPPLY_HEALTH=Good, POWER_SUPPLY_CURRENT_NOW=138091, POWER_SUPPLY_PRESENT=1, SUBSYSTEM=power_supply, POWER_SUPPLY_TEMP=295, SEQNUM=427922, ACTION=change, POWER_SUPPLY_NAME=battery, POWER_SUPPLY_STATUS=Full, POWER_SUPPLY_CHARGE_COUNTER=2773176, POWER_SUPPLY_CAPACITY=100, DEVPATH=/devices/soc/qpnp-smbcharger-17/power_supply/battery}
03-23 02:49:43.300  2398  2398 D QtiCarrierConfigHelper: WARNING, no carrier configs on phone Id: 0
03-23 02:49:43.309  1456  2401 I ActivityManager: Fully drawn org.mozilla.fennec_aurora/org.mozilla.fenix.HomeActivity: +814ms (total +1s340ms)
03-23 02:49:43.500 20340 20472 I chatty  : uid=11161(org.mozilla.fennec_aurora) expire 2 lines
03-23 02:49:43.656  1023 20480 D libc    : Internal error: netid(0), id(0xf793), server(0.0.0.0)
03-23 02:49:43.656  1023 20480 D libc    : Internal error: netid(0), id(0xf793), server(0.0.0.0)
03-23 02:49:43.656  1023 20480 D libc    : Internal error: netid(0), id(0x1783), server(0.0.0.0)
03-23 02:49:43.656  1023 20480 D libc    : Internal error: netid(0), id(0x1783), server(0.0.0.0)
03-23 02:49:43.679  1023 20493 D libc    : Internal error: netid(0), id(0x3d81), server(0.0.0.0)
03-23 02:49:43.679  1023 20493 D libc    : Internal error: netid(0), id(0x3d81), server(0.0.0.0)
03-23 02:49:43.680  1023 20493 D libc    : Internal error: netid(0), id(0x8ff6), server(0.0.0.0)
03-23 02:49:43.680  1023 20493 D libc    : Internal error: netid(0), id(0x8ff6), server(0.0.0.0)
03-23 02:49:43.681 20340 20463 I chatty  : uid=11161(org.mozilla.fennec_aurora) expire 2 lines
03-23 02:49:43.682 20340 20464 I chatty  : uid=11161(org.mozilla.fennec_aurora) expire 2 lines
03-23 02:49:43.685  1023 20498 D libc    : Internal error: netid(0), id(0x6ccd), server(0.0.0.0)
03-23 02:49:43.685  1023 20498 D libc    : Internal error: netid(0), id(0x6ccd), server(0.0.0.0)
03-23 02:49:43.686  1023 20498 D libc    : Internal error: netid(0), id(0x2b99), server(0.0.0.0)
03-23 02:49:43.686  1023 20499 D libc    : Internal error: netid(0), id(0x5fc), server(0.0.0.0)
03-23 02:49:43.686  1023 20498 D libc    : Internal error: netid(0), id(0x2b99), server(0.0.0.0)
03-23 02:49:43.686  1023 20499 D libc    : Internal error: netid(0), id(0x5fc), server(0.0.0.0)
03-23 02:49:43.687  1023 20499 D libc    : Internal error: netid(0), id(0x30e5), server(0.0.0.0)
03-23 02:49:43.687  1023 20499 D libc    : Internal error: netid(0), id(0x30e5), server(0.0.0.0)
03-23 02:49:43.689  1023 20503 D libc    : Internal error: netid(0), id(0xaa6), server(0.0.0.0)
03-23 02:49:43.690  1023 20503 D libc    : Internal error: netid(0), id(0xaa6), server(0.0.0.0)
03-23 02:49:43.690 20340 20394 I chatty  : uid=11161(org.mozilla.fennec_aurora) expire 1 line
03-23 02:49:43.690  1023 20503 D libc    : Internal error: netid(0), id(0xe1f1), server(0.0.0.0)
03-23 02:49:43.690  1023 20503 D libc    : Internal error: netid(0), id(0xe1f1), server(0.0.0.0)
03-23 02:49:43.691 20340 20396 I chatty  : uid=11161(org.mozilla.fennec_aurora) expire 1 line
03-23 02:49:43.731 20340 20392 I chatty  : uid=11161(org.mozilla.fennec_aurora) expire 1 line
03-23 02:49:47.610 20549 20549 D AndroidRuntime: >>>>>> START com.android.internal.os.RuntimeInit uid 2000 <<<<<<
03-23 02:49:47.623 20549 20549 W app_process: Could not reserve sentinel fault page
03-23 02:49:47.788 20549 20549 I app_process: The ClassLoaderContext is a special shared library.
03-23 02:49:47.859 20549 20549 D AndroidRuntime: Calling main entry com.android.commands.input.Input
03-23 02:49:47.861 20549 20549 I Input   : injectKeyEvent: KeyEvent { action=ACTION_DOWN, keyCode=KEYCODE_HOME, scanCode=0, metaState=0, flags=0x0, repeatCount=0, eventTime=17022243140, downTime=17022243140, deviceId=-1, source=0x101 }
03-23 02:49:47.867 20549 20549 I Input   : injectKeyEvent: KeyEvent { action=ACTION_UP, keyCode=KEYCODE_HOME, scanCode=0, metaState=0, flags=0x0, repeatCount=0, eventTime=17022243140, downTime=17022243140, deviceId=-1, source=0x101 }
03-23 02:49:47.873  1456  1941 I ActivityManager: START u0 {act=android.intent.action.MAIN cat=[android.intent.category.HOME] flg=0x10200000 cmp=com.android.launcher3/.CustomizationPanelLauncher (has extras)} from uid 1000
03-23 02:49:47.874   794   839 E ANDR-PERF-RESOURCEQS: Failed to apply optimization [4, 0]
03-23 02:49:47.885  1456  1941 I ActivityManager: moveHomeStack, setupComplete:true
03-23 02:49:47.888 20549 20549 D AndroidRuntime: Shutting down VM
03-23 02:49:47.898 28336 28375 I Adreno  : QUALCOMM build                   : bb5b86c, I77d3059488
03-23 02:49:47.898 28336 28375 I Adreno  : Build Date                       : 06/07/18
03-23 02:49:47.898 28336 28375 I Adreno  : OpenGL ES Shader Compiler Version: EV031.22.00.01_06
03-23 02:49:47.898 28336 28375 I Adreno  : Local Branch                     : 
03-23 02:49:47.898 28336 28375 I Adreno  : Remote Branch                    : refs/tags/AU_LINUX_ANDROID_LA.UM.6.5.R1.08.01.00.312.086
03-23 02:49:47.898 28336 28375 I Adreno  : Remote Branch                    : NONE
03-23 02:49:47.898 28336 28375 I Adreno  : Reconstruct Branch               : NOTHING
03-23 02:49:47.902 28336 28375 D vndksupport: Loading /vendor/lib/hw/gralloc.msm8937.so from current namespace instead of sphal namespace.
03-23 02:49:47.905 28336 28375 I Adreno  : PFP: 0x005ff087, ME: 0x005ff063
03-23 02:49:47.908 19390 19390 I Finsky  : [2] ppb.onTrimMemory(1): Memory trim requested to level 60
03-23 02:49:47.909 28336 28375 I zygote  : android::hardware::configstore::V1_0::ISurfaceFlingerConfigs::hasWideColorDisplay retrieved: 0
03-23 02:49:47.909  2748  2748 D Launcher.Utilities: Wakeup weather: Intent { act=com.motorola.launcher3.action.WAKEUP_WEATHER cmp=com.motorola.timeweatherwidget/com.motorola.commandcenter.weather.WakeUpService }
03-23 02:49:47.910 28336 28375 I OpenGLRenderer: Initialized EGL, version 1.4
03-23 02:49:47.910 28336 28375 D OpenGLRenderer: Swap behavior 2
03-23 02:49:47.924  1456  1456 I NotificationService: Cannot find enqueued record for key: 0|com.motorola.timeweatherwidget|1|null|10116
03-23 02:49:47.928   808   808 D SurfaceFlinger: duplicate layer name: changing com.android.launcher3/com.android.launcher3.CustomizationPanelLauncher to com.android.launcher3/com.android.launcher3.CustomizationPanelLauncher#1
03-23 02:49:47.952 28336 28368 W ThreadPoolDumper: Queue length for executor EventBus is now 11. Perhaps some tasks are too long, or the pool is too small.
03-23 02:49:47.953  1456  2923 I WifiService: getWifiEnabledState uid=10073
03-23 02:49:47.970  1456  2923 I WifiService: getWifiEnabledState uid=10073
03-23 02:49:47.978 28336 28379 I DEBUG   : OpaToSrpTransitionState#onStateChanged#notNullQuery
03-23 02:49:47.979 28336 28379 I DEBUG   : OpaToSrpTransitionState#onStateChanged#notNullQuery
03-23 02:49:47.991 28336 28379 I MicroDetectionState: Should stop hotword detection immediately - false
03-23 02:49:47.995 28336 28379 I MicroDetectionWorker: #startMicroDetector [speakerMode: 0]
03-23 02:49:47.996 28336 28379 I AudioController: Created new AudioSource
03-23 02:49:48.022  1456  1673 I LaunchCheckinHandler: Displayed com.android.launcher3/.CustomizationPanelLauncher,wp,wa,148
03-23 02:49:48.023 28336 28380 I MicroDataManager: isInitializedWithLatestParams-true
03-23 02:49:48.023 28336 28380 I MicroDataManager: isInitializing-false locale not changed-true model not changed-true
03-23 02:49:48.024 28336 28380 I MicroDataManager: Already initialized, obtaining the hotword data immediately.
03-23 02:49:48.028 28336 21552 I MicroRecognitionRunner: Starting detection.
03-23 02:49:48.028 28336 21552 I InputStreamUtils: Using micInputStream
03-23 02:49:48.029 28336 18383 I MicrophoneInputStream: mic_starting  SR : 16000 CC : 16 SO : 1999
03-23 02:49:48.032   788  1479 V msm8974_platform: platform_check_input_mask: enter check_input_mask source 6 mask 10
03-23 02:49:48.036  1012 20563 I AudioFlinger: AudioFlinger's thread 0xb2483700 tid=20563 ready to run
03-23 02:49:48.041   788  1479 D audio_hw_primary: in_set_parameters: enter: kvpairs=input_source=6;routing=-2147483644
03-23 02:49:48.042  1012  8317 D APM_AudioPolicyManager: AudioPolicyManager::startInput() input 237374, session 237489, source = 1999
03-23 02:49:48.043 28336 18383 I MicrophoneInputStream: mic_started  SR : 16000 CC : 16 SO : 1999
03-23 02:49:48.044   788 20564 V msm8974_platform: platform_update_usecase_from_source: input source :6
03-23 02:49:48.044   788 20564 V msm8974_platform: platform_check_input_mask: enter check_input_mask source 6 mask 10
03-23 02:49:48.044   788 20564 V msm8974_platform: platform_get_input_snd_device: enter: out_device(0) in_device(0x4) channel_count (1) channel_mask (0x10)
03-23 02:49:48.044   788 20564 V msm8974_platform: platform_get_input_snd_device: exit: in_snd_device(voice-rec-mic)
03-23 02:49:48.044   788 20564 V msm8974_platform: platform_get_backend_index:napb: backend port - 5 device - 120 
03-23 02:49:48.044   788 20564 V msm8974_platform: platform_check_and_set_capture_backend_cfg:txbecf: afe: bitwidth 0, samplerate 0, channel 1, backend_idx 5 usecase = 9 device (voice-rec-mic)
03-23 02:49:48.044   788 20564 V msm8974_platform: platform_check_capture_backend_cfg:txbecf: afe: Codec selected backend: 5 current bit width: 0 and sample rate: 0, channels 1
03-23 02:49:48.044   788 20564 V msm8974_platform: platform_check_capture_backend_cfg:txbecf: afe: Codec selected backend: 5 updated bit width: 0 and sample rate: 0
03-23 02:49:48.044   788 20564 I msm8974_platform: platform_check_capture_backend_cfg:txbecf: afe: Codec backend needs to be updated. new bit width: 0 new sample rate: 0 new channel: 1
03-23 02:49:48.044   788 20564 V msm8974_platform: platform_get_backend_index:napb: backend port - 5 device - 120 
03-23 02:49:48.044   788 20564 V msm8974_platform: platform_set_backend_cfg:becf: afe: bitwidth 0, samplerate 0 channels 1, backend_idx 5 device (voice-rec-mic)
03-23 02:49:48.045   788 20564 E msm8974_platform: platform_set_backend_cfg:becf: afe: Could not get ctl for mixer command - SLIM_0_TX Format
03-23 02:49:48.045   788 20564 V msm8974_platform: platform_send_audio_calibration: sending audio calibration for snd_device(120) acdb_id(62)
03-23 02:49:48.045   788 20564 D ACDB-LOADER: ACDB -> send_audio_cal, acdb_id = 62, path = 1, app id = 0x11130, sample rate = 48000
03-23 02:49:48.045   788 20564 D ACDB-LOADER: ACDB -> send_asm_topology
03-23 02:49:48.045   788 20564 D ACDB-LOADER: ACDB -> ACDB_CMD_GET_AUDPROC_STREAM_TOPOLOGY_ID
03-23 02:49:48.045   788 20564 D ACDB-LOADER: ACDB -> send_adm_topology
03-23 02:49:48.045   788 20564 D ACDB-LOADER: ACDB -> ACDB_CMD_GET_AUDPROC_COMMON_TOPOLOGY_ID
03-23 02:49:48.045   788 20564 D ACDB-LOADER: ACDB -> send_audtable
03-23 02:49:48.045   788 20564 D ACDB-LOADER: ACDB -> ACDB_CMD_GET_AUDPROC_COMMON_TABLE_SIZE
03-23 02:49:48.045   788 20564 D ACDB-LOADER: ACDB -> ACDB_CMD_GET_AUDPROC_COMMON_TABLE
03-23 02:49:48.045   788 20564 D ACDB-LOADER: ACDB -> AUDIO_SET_AUDPROC_CAL
03-23 02:49:48.045   788 20564 D ACDB-LOADER: ACDB -> send_audvoltable
03-23 02:49:48.045   788 20564 D ACDB-LOADER: ACDB -> ACDB_CMD_GET_AUDPROC_VOL_STEP_TABLE_SIZE
03-23 02:49:48.045   788 20564 D ACDB-LOADER: ACDB -> ACDB_CMD_GET_AUDPROC_GAIN_DEP_STEP_TABLE, vol index 0
03-23 02:49:48.045   788 20564 D         : Failed to fetch the lookup information of the device 0000003E 
03-23 02:49:48.045   788 20564 D ACDB-LOADER: ACDB -> AUDIO_SET_VOL_CAL cal type = 12
03-23 02:49:48.045   788 20564 D ACDB-LOADER: ACDB -> ACDB_CMD_GET_AUDPROC_STREAM_TABLE_SIZE
03-23 02:49:48.046   788 20564 D ACDB-LOADER: ACDB -> send_audstrmtable
03-23 02:49:48.046   788 20564 D ACDB-LOADER: ACDB -> ACDB_CMD_GET_AUDPROC_STREAM_TABLE_V2
03-23 02:49:48.046   788 20564 D ACDB-LOADER: ACDB -> audstrm_cal->cal_type.cal_data.cal_size = 456
03-23 02:49:48.046   788 20564 D ACDB-LOADER: ACDB -> send_afe_topology
03-23 02:49:48.046   788 20564 D ACDB-LOADER: ACDB -> ACDB_CMD_GET_AFE_TOPOLOGY_ID
03-23 02:49:48.046   788 20564 D ACDB-LOADER: ACDB -> GET_AFE_TOPOLOGY_ID for adcd_id 62, Topology Id 112fb
03-23 02:49:48.046   788 20564 D ACDB-LOADER: ACDB -> send_afe_cal
03-23 02:49:48.046   788 20564 D ACDB-LOADER: ACDB -> ACDB_CMD_GET_AFE_COMMON_TABLE_SIZE
03-23 02:49:48.046   788 20564 D         : Failed to fetch the lookup information of the device 0000003E 
03-23 02:49:48.046   788 20564 E ACDB-LOADER: Error: ACDB_CMD_GET_AFE_COMMON_TABLE_SIZE Returned = -19
03-23 02:49:48.046   788 20564 D ACDB-LOADER: ACDB -> ACDB_CMD_GET_AFE_COMMON_TABLE
03-23 02:49:48.046   788 20564 D         : Failed to fetch the lookup information of the device 0000003E 
03-23 02:49:48.046   788 20564 D ACDB-LOADER: ACDB -> AUDIO_SET_AFE_CAL
03-23 02:49:48.046   788 20564 D ACDB-LOADER: ACDB -> send_hw_delay : acdb_id = 62 path = 1
03-23 02:49:48.046   788 20564 D ACDB-LOADER: ACDB -> ACDB_AVSYNC_INFO: ACDB_CMD_GET_DEVICE_PROPERTY
03-23 02:49:48.046   788 20564 D audio_hw_primary: enable_snd_device: snd_device(120: voice-rec-mic)
03-23 02:49:48.046   788 20564 D audio_route: Apply path: voice-rec-mic
03-23 02:49:48.052   788 20564 V msm8974_platform: platform_get_snd_device_backend_index: enter with device 120
03-23 02:49:48.052   788 20564 E msm8974_platform: platform_get_snd_device_backend_index: BE DAI Name Table is not present
03-23 02:49:48.052   788 20564 V msm8974_platform: platform_get_backend_index:napb: backend port - 5 device - 120 
03-23 02:49:48.052   788 20564 I audio_hw_utils: Set Audio Stream Capture 0 App Type Cfg: app_type 69936, acdb_dev_id 62, sample_rate 48000, snd_device_be_idx -14
03-23 02:49:48.052   788 20564 D audio_hw_primary: enable_audio_route: usecase(9) apply and update mixer path: audio-record
03-23 02:49:48.052   788 20564 D audio_route: Apply path: audio-record
03-23 02:49:48.081 20340 20371 I chatty  : uid=11161(org.mozilla.fennec_aurora) expire 2 lines
03-23 02:49:48.121 28336 28379 I MicroDetectionWorker: onReady
03-23 02:49:48.420  1456  7796 I OpenGLRenderer: Initialized EGL, version 1.4
03-23 02:49:48.420  1456  7796 D OpenGLRenderer: Swap behavior 2
03-23 02:49:48.468  2748  2917 W OpenGLRenderer: Incorrectly called buildLayer on View: ShortcutAndWidgetContainer, destroying layer...
03-23 02:49:48.613   808   898 I SFPerfTracer:      triggers: (rate: 0:1) (0 sw vsyncs) (0 skipped) (37:5574214 vsyncs) (39:12009499)
03-23 02:49:48.617   808   808 I SFPerfTracer:      triggers: (rate: 71:2010037) (compose: 0:7) (post: 0:19) (render: 0:17) (6:9651520 frames) (7:11926258)
03-23 02:49:48.617   808   808 D SFPerfTracer:        layers: (4:12) (NavigationBar#0 (0xb07df000): 0:814853) (StatusBar#0 (0xb07e3000): 0:2003024) (com.android.systemui.ImageWallpaper#0 (0xb07e7000): 0:74439) (Sprite#0 (0xb0733000): 0:317)* (DimLayerController/Stack=0#0 (0xb075a000): 0:3780)* (Sprite#1 (0xb077c000): 0:195)* (com.android.launcher3/com.android.launcher3.CustomizationPanelLauncher#0 (0xb0763000): 0:38)- (com.android.launcher3/com.android.launcher3.CustomizationPanelLauncher#1 (0xb0771000): 0:10)- (Splash Screen org.mozilla.fennec_aurora#1 (0xb013a000): 0:31)- (org.mozilla.fennec_aurora/org.mozilla.fenix.HomeActivity#0 (0xb039b000): 0:68)- (com.android.launcher3/com.android.launcher3.CustomizationPanelLauncher#0 (0xb0763000): 7:36)* (com.android.launcher3/com.android.launcher3.CustomizationPanelLauncher#1 (0xb0771000): 1:6) 
03-23 02:49:48.812  1456  1466 I zygote  : NativeAlloc concurrent copying GC freed 89404(17MB) AllocSpace objects, 17(596KB) LOS objects, 34% free, 45MB/69MB, paused 161us total 391.525ms
03-23 02:49:53.034  1456  2401 I ActivityManager: Force stopping org.mozilla.fennec_aurora appid=11161 user=0: from pid 20569
03-23 02:49:53.034  1456  2401 I ActivityManager: Killing 20340:org.mozilla.fennec_aurora/u0a1161 (adj 700): stop org.mozilla.fennec_aurora
03-23 02:49:53.036  1456  1605 W zygote  : kill(-20340, 9) failed: No such process
03-23 02:49:53.038  1456  2401 W ActivityManager: Force removing ActivityRecord{669d9fd u0 org.mozilla.fennec_aurora/org.mozilla.fenix.HomeActivity t44744}: app died, no saved state
03-23 02:49:53.049  1456  2401 I ActivityManager: Killing 20426:org.mozilla.fennec_aurora:tab0/u0a1161 (adj 0): stop org.mozilla.fennec_aurora
03-23 02:49:53.051  1456  1605 W zygote  : kill(-20340, 9) failed: No such process
03-23 02:49:53.061  2398  2398 D CarrierSvcBindHelper: No carrier app for: 0
03-23 02:49:53.063  2398  2398 D CarrierSvcBindHelper: No carrier app for: 1
03-23 02:49:53.066  1456  1605 W zygote  : kill(-20340, 9) failed: No such process
03-23 02:49:53.107  1456  1605 I chatty  : uid=1000(system) ActivityManager identical 3 lines
03-23 02:49:53.109  1456  5031 D ConnectivityService: ConnectivityService NetworkRequestInfo binderDied(NetworkRequest [ TRACK_DEFAULT id=33220, [ Capabilities: INTERNET&NOT_RESTRICTED&TRUSTED&NOT_VPN] ], android.os.BinderProxy@8084bbd)
03-23 02:49:53.110  1456  2067 D ConnectivityService: releasing NetworkRequest [ TRACK_DEFAULT id=33220, [ Capabilities: INTERNET&NOT_RESTRICTED&TRUSTED&NOT_VPN] ] (release request)
03-23 02:49:53.110  1456  1673 W ActivityManager: setHasOverlayUi called on unknown pid: 20340
03-23 02:49:53.121  1456  1605 W zygote  : kill(-20340, 9) failed: No such process
03-23 02:49:53.121  1456  1605 I zygote  : Successfully killed process cgroup uid 11161 pid 20340 in 85ms
03-23 02:49:53.122  1456  1605 W zygote  : kill(-20426, 9) failed: No such process
03-23 02:49:53.122  1456  1605 I zygote  : Successfully killed process cgroup uid 11161 pid 20426 in 0ms
03-23 02:49:53.158  1456  2920 I ActivityManager: START u0 {act=android.intent.action.MAIN cat=[android.intent.category.LAUNCHER] flg=0x10000000 cmp=org.mozilla.fennec_aurora/.App} from uid 2000
03-23 02:49:53.159   794   839 E ANDR-PERF-RESOURCEQS: Failed to apply optimization [4, 0]
03-23 02:49:53.179  1456  3925 I ActivityManager: Start proc 20576:org.mozilla.fennec_aurora/u0a1161 for activity org.mozilla.fennec_aurora/.App
03-23 02:49:53.266 28336 28379 I MicroDetectionState: Should stop hotword detection immediately - false
03-23 02:49:53.266 28336 28379 I MicroDetector: Keeping mic open: false
03-23 02:49:53.266 28336 28379 I RecognitionAudioControl: #shutdownAudio [requestId: 8831835455170839846, keepAudioOpen: false, forced: true]
03-23 02:49:53.266 28336 21549 E DeviceStateChecker: DeviceStateChecker cancelled
03-23 02:49:53.267 28336 28379 I RecognitionAudioControl: #internalShutdownAudio [requestId: 8831835455170839846]
03-23 02:49:53.267 28336 28379 I RecognitionAudioControl: #internalShutdownAudio [keepAudioOpen: false, forced: true]
03-23 02:49:53.267 28336 28379 I RecognitionAudioControl: #actualShutdownAudio
03-23 02:49:53.267 28336 28379 I AudioController: #shutdown [requestId=8831835455170839846]
03-23 02:49:53.267 28336 28367 I AudioController: internalShutdown
03-23 02:49:53.267 28336 28374 I MicroRecognitionRunner: Stopping hotword detection.
03-23 02:49:53.320   788  1479 D audio_hw_primary: disable_audio_route: usecase(9) reset and update mixer path: audio-record
03-23 02:49:53.321   788  1479 D audio_hw_primary: disable_snd_device: snd_device(120: voice-rec-mic)
03-23 02:49:53.322  1012  4918 D APM_AudioPolicyManager: stopInput() input 237374, session 237489
03-23 02:49:53.323   788  1479 D audio_hw_primary: in_set_parameters: enter: kvpairs=routing=0
03-23 02:49:53.325 28336 28367 I MicrophoneInputStream: mic_close  SR : 16000 CC : 16 SO : 1999
03-23 02:49:53.325 28336 28367 E AudioSource: Stop listening is called on already closed AudioSource
03-23 02:49:53.329 28336 21552 I MicroRecognitionRunner: Detection finished
03-23 02:49:53.357 20576 20576 I chatty  : uid=11161(org.mozilla.fennec_aurora) expire 34 lines
03-23 02:49:53.431 20576 20595 I chatty  : uid=11161(org.mozilla.fennec_aurora) expire 4 lines
03-23 02:49:53.450 20576 20603 I chatty  : uid=11161(org.mozilla.fennec_aurora) expire 13 lines
03-23 02:49:53.471 20576 20602 I chatty  : uid=11161(org.mozilla.fennec_aurora) expire 11 lines
03-23 02:49:53.473 20576 20606 I chatty  : uid=11161(org.mozilla.fennec_aurora) expire 19 lines
03-23 02:49:53.580 20576 20616 I chatty  : uid=11161(org.mozilla.fennec_aurora) expire 1 line
03-23 02:49:53.623 20576 20625 I chatty  : uid=11161(org.mozilla.fennec_aurora) expire 10 lines
03-23 02:49:53.631 20576 20581 I chatty  : uid=11161(org.mozilla.fennec_aurora) expire 8 lines
03-23 02:49:53.656  1456  2162 I ActivityManager: START u0 {act=android.intent.action.MAIN cat=[android.intent.category.LAUNCHER] flg=0x10000000 cmp=org.mozilla.fennec_aurora/org.mozilla.fenix.HomeActivity (has extras)} from uid 11161
03-23 02:49:53.678   808   808 D SurfaceFlinger: duplicate layer name: changing Splash Screen org.mozilla.fennec_aurora to Splash Screen org.mozilla.fennec_aurora#1
03-23 02:49:53.901  1456  2918 I ActivityManager: Start proc 20660:org.mozilla.fennec_aurora:tab0/u0a1161 for service org.mozilla.fennec_aurora/org.mozilla.gecko.process.GeckoChildProcessServices$tab0
03-23 02:49:54.043 20576 20576 I chatty  : uid=11161(org.mozilla.fennec_aurora) expire 23 lines
03-23 02:49:54.046 20660 20660 I chatty  : uid=11161(org.mozilla.fennec_aurora) expire 2 lines
03-23 02:49:54.047 20660 20684 I chatty  : uid=11161(org.mozilla.fennec_aurora) expire 1 line
03-23 02:49:54.065 20576 20685 I chatty  : uid=11161(org.mozilla.fennec_aurora) expire 9 lines
03-23 02:49:54.289  1456  1673 I LaunchCheckinHandler: Displayed org.mozilla.fennec_aurora/org.mozilla.fenix.HomeActivity,wp,ca,597
03-23 02:49:54.290  1456  1673 I ActivityManager: Displayed org.mozilla.fennec_aurora/org.mozilla.fenix.HomeActivity: +591ms (total +1s116ms)
03-23 02:49:54.368 28336 28379 E AudioSource: Stop listening is called on already closed AudioSource
03-23 02:49:54.370 28336 28336 I MemoryTrimmer: Trimming objects from memory, since app is in the background.
03-23 02:49:54.371 28336 18383 I PBSessionCacheImpl: Deleted sessionId[124624629806595857] from persistence.
03-23 02:49:54.375 28336 28379 I DEBUG   : OpaToSrpTransitionState#onStateChanged#notNullQuery
03-23 02:49:54.376 28336 28379 I DEBUG   : OpaToSrpTransitionState#onStateChanged#notNullQuery
03-23 02:49:54.379 28336 28379 W SearchServiceCore: Abort, client detached.
03-23 02:49:54.379 28336 28379 W SearchServiceCore: Abort, client detached.
03-23 02:49:54.380  1456  2923 I WifiService: getWifiEnabledState uid=10073
03-23 02:49:54.383 28336 28379 W SearchServiceCore: Abort, client detached.
03-23 02:49:54.446 20576 20606 I chatty  : uid=11161(org.mozilla.fennec_aurora) expire 8 lines
03-23 02:49:54.498  1456  2923 I ActivityManager: Fully drawn org.mozilla.fennec_aurora/org.mozilla.fenix.HomeActivity: +806ms (total +1s331ms)
03-23 02:49:54.688 20576 20705 I chatty  : uid=11161(org.mozilla.fennec_aurora) expire 2 lines
03-23 02:49:54.843  1023 20712 D libc    : Internal error: netid(0), id(0xfda8), server(0.0.0.0)
03-23 02:49:54.843  1023 20712 D libc    : Internal error: netid(0), id(0xfda8), server(0.0.0.0)
03-23 02:49:54.843  1023 20712 D libc    : Internal error: netid(0), id(0x17df), server(0.0.0.0)
03-23 02:49:54.844  1023 20712 D libc    : Internal error: netid(0), id(0x17df), server(0.0.0.0)
03-23 02:49:54.865  1023 20725 D libc    : Internal error: netid(0), id(0x29c1), server(0.0.0.0)
03-23 02:49:54.865  1023 20725 D libc    : Internal error: netid(0), id(0x29c1), server(0.0.0.0)
03-23 02:49:54.865  1023 20725 D libc    : Internal error: netid(0), id(0x5df), server(0.0.0.0)
03-23 02:49:54.866  1023 20725 D libc    : Internal error: netid(0), id(0x5df), server(0.0.0.0)
03-23 02:49:54.869 20576 20698 I chatty  : uid=11161(org.mozilla.fennec_aurora) expire 2 lines
03-23 02:49:54.870  1023 20732 D libc    : Internal error: netid(0), id(0x28b6), server(0.0.0.0)
03-23 02:49:54.871  1023 20732 D libc    : Internal error: netid(0), id(0x28b6), server(0.0.0.0)
03-23 02:49:54.871  1023 20732 D libc    : Internal error: netid(0), id(0xbaaa), server(0.0.0.0)
03-23 02:49:54.871  1023 20732 D libc    : Internal error: netid(0), id(0xbaaa), server(0.0.0.0)
03-23 02:49:54.872  1023 20735 D libc    : Internal error: netid(0), id(0xe3de), server(0.0.0.0)
03-23 02:49:54.872  1023 20735 D libc    : Internal error: netid(0), id(0xe3de), server(0.0.0.0)
03-23 02:49:54.873  1023 20735 D libc    : Internal error: netid(0), id(0xfafb), server(0.0.0.0)
03-23 02:49:54.874  1023 20735 D libc    : Internal error: netid(0), id(0xfafb), server(0.0.0.0)
03-23 02:49:54.874 20576 20699 I chatty  : uid=11161(org.mozilla.fennec_aurora) expire 2 lines
03-23 02:49:54.876 20576 20603 I chatty  : uid=11161(org.mozilla.fennec_aurora) expire 1 line
03-23 02:49:54.876 20576 20630 I chatty  : uid=11161(org.mozilla.fennec_aurora) expire 1 line
03-23 02:49:54.877 20576 20605 I chatty  : uid=11161(org.mozilla.fennec_aurora) expire 1 line
03-23 02:49:54.906 20576 20742 I chatty  : uid=11161(org.mozilla.fennec_aurora) expire 1 line
03-23 02:49:58.817 20786 20786 D AndroidRuntime: >>>>>> START com.android.internal.os.RuntimeInit uid 2000 <<<<<<
03-23 02:49:58.830 20786 20786 W app_process: Could not reserve sentinel fault page
03-23 02:49:58.996 20786 20786 I app_process: The ClassLoaderContext is a special shared library.
03-23 02:49:59.062 20786 20786 D AndroidRuntime: Calling main entry com.android.commands.input.Input
03-23 02:49:59.071 20786 20786 I Input   : injectKeyEvent: KeyEvent { action=ACTION_DOWN, keyCode=KEYCODE_HOME, scanCode=0, metaState=0, flags=0x0, repeatCount=0, eventTime=17022254345, downTime=17022254345, deviceId=-1, source=0x101 }
03-23 02:49:59.078 20786 20786 I Input   : injectKeyEvent: KeyEvent { action=ACTION_UP, keyCode=KEYCODE_HOME, scanCode=0, metaState=0, flags=0x0, repeatCount=0, eventTime=17022254345, downTime=17022254345, deviceId=-1, source=0x101 }
03-23 02:49:59.085  1456  1941 I ActivityManager: START u0 {act=android.intent.action.MAIN cat=[android.intent.category.HOME] flg=0x10200000 cmp=com.android.launcher3/.CustomizationPanelLauncher (has extras)} from uid 1000
03-23 02:49:59.085   794   839 E ANDR-PERF-RESOURCEQS: Failed to apply optimization [4, 0]
03-23 02:49:59.096  1456  1941 I ActivityManager: moveHomeStack, setupComplete:true
03-23 02:49:59.100 20786 20786 D AndroidRuntime: Shutting down VM
03-23 02:49:59.117 28336 28375 I Adreno  : QUALCOMM build                   : bb5b86c, I77d3059488
03-23 02:49:59.117 28336 28375 I Adreno  : Build Date                       : 06/07/18
03-23 02:49:59.117 28336 28375 I Adreno  : OpenGL ES Shader Compiler Version: EV031.22.00.01_06
03-23 02:49:59.117 28336 28375 I Adreno  : Local Branch                     : 
03-23 02:49:59.117 28336 28375 I Adreno  : Remote Branch                    : refs/tags/AU_LINUX_ANDROID_LA.UM.6.5.R1.08.01.00.312.086
03-23 02:49:59.117 28336 28375 I Adreno  : Remote Branch                    : NONE
03-23 02:49:59.117 28336 28375 I Adreno  : Reconstruct Branch               : NOTHING
03-23 02:49:59.120 28336 28375 D vndksupport: Loading /vendor/lib/hw/gralloc.msm8937.so from current namespace instead of sphal namespace.
03-23 02:49:59.126  2748  2748 D Launcher.Utilities: Wakeup weather: Intent { act=com.motorola.launcher3.action.WAKEUP_WEATHER cmp=com.motorola.timeweatherwidget/com.motorola.commandcenter.weather.WakeUpService }
03-23 02:49:59.126 28336 28375 I Adreno  : PFP: 0x005ff087, ME: 0x005ff063
03-23 02:49:59.127 19390 19390 I Finsky  : [2] ppb.onTrimMemory(1): Memory trim requested to level 60
03-23 02:49:59.131 28336 28375 I zygote  : android::hardware::configstore::V1_0::ISurfaceFlingerConfigs::hasWideColorDisplay retrieved: 0
03-23 02:49:59.132 28336 28375 I OpenGLRenderer: Initialized EGL, version 1.4
03-23 02:49:59.132 28336 28375 D OpenGLRenderer: Swap behavior 2
03-23 02:49:59.140  1456  1456 I NotificationService: Cannot find enqueued record for key: 0|com.motorola.timeweatherwidget|1|null|10116
03-23 02:49:59.145   808   808 D SurfaceFlinger: duplicate layer name: changing com.android.launcher3/com.android.launcher3.CustomizationPanelLauncher to com.android.launcher3/com.android.launcher3.CustomizationPanelLauncher#1
03-23 02:49:59.165 28336 28364 W ThreadPoolDumper: Queue length for executor EventBus is now 11. Perhaps some tasks are too long, or the pool is too small.
03-23 02:49:59.167  1456  2923 I WifiService: getWifiEnabledState uid=10073
03-23 02:49:59.180  1456  2923 I WifiService: getWifiEnabledState uid=10073
03-23 02:49:59.194 28336 28379 I DEBUG   : OpaToSrpTransitionState#onStateChanged#notNullQuery
03-23 02:49:59.195 28336 28379 I DEBUG   : OpaToSrpTransitionState#onStateChanged#notNullQuery
03-23 02:49:59.207 28336 28379 I MicroDetectionState: Should stop hotword detection immediately - false
03-23 02:49:59.211 28336 28379 I MicroDetectionWorker: #startMicroDetector [speakerMode: 0]
03-23 02:49:59.213 28336 28379 I AudioController: Created new AudioSource
03-23 02:49:59.233  1456  1673 I LaunchCheckinHandler: Displayed com.android.launcher3/.CustomizationPanelLauncher,wp,wa,148
03-23 02:49:59.234 28336 28367 I MicroDataManager: isInitializedWithLatestParams-true
03-23 02:49:59.234 28336 28367 I MicroDataManager: isInitializing-false locale not changed-true model not changed-true
03-23 02:49:59.235 28336 28367 I MicroDataManager: Already initialized, obtaining the hotword data immediately.
03-23 02:49:59.239 28336 21549 I MicroRecognitionRunner: Starting detection.
03-23 02:49:59.239 28336 21549 I InputStreamUtils: Using micInputStream
03-23 02:49:59.239 28336 18383 I MicrophoneInputStream: mic_starting  SR : 16000 CC : 16 SO : 1999
03-23 02:49:59.246   788  1479 V msm8974_platform: platform_check_input_mask: enter check_input_mask source 6 mask 10
03-23 02:49:59.247   808   808 I SFPerfTracer:      triggers: (rate: 71:2010038) (compose: 0:7) (post: 0:19) (render: 0:17) (1:9651592 frames) (2:11926358)
03-23 02:49:59.247   808   808 D SFPerfTracer:        layers: (3:13) (NavigationBar#0 (0xb07df000): 0:814863) (StatusBar#0 (0xb07e3000): 1:2003036) (com.android.systemui.ImageWallpaper#0 (0xb07e7000): 0:74440)* (Sprite#0 (0xb0733000): 0:317)* (DimLayerController/Stack=0#0 (0xb075a000): 0:3780)* (Sprite#1 (0xb077c000): 0:195)* (com.android.launcher3/com.android.launcher3.CustomizationPanelLauncher#0 (0xb0763000): 0:39)- (com.android.launcher3/com.android.launcher3.CustomizationPanelLauncher#1 (0xb0771000): 0:10)- (Splash Screen org.mozilla.fennec_aurora#0 (0xb039b000): 0:19)- (Splash Screen org.mozilla.fennec_aurora#1 (0xb013a000): 0:30)- (org.mozilla.fennec_aurora/org.mozilla.fenix.HomeActivity#0 (0xb039b000): 1:44) (com.android.launcher3/com.android.launcher3.CustomizationPanelLauncher#0 (0xb0763000): 1:4)* (com.android.launcher3/com.android.launcher3.CustomizationPanelLauncher#1 (0xb0771000): 1:3)* 
03-23 02:49:59.248  1012 20800 I AudioFlinger: AudioFlinger's thread 0xb2483b00 tid=20800 ready to run
03-23 02:49:59.254   788   788 D audio_hw_primary: in_set_parameters: enter: kvpairs=input_source=6;routing=-2147483644
03-23 02:49:59.255  1012  8317 D APM_AudioPolicyManager: AudioPolicyManager::startInput() input 237382, session 237497, source = 1999
03-23 02:49:59.256 28336 18383 I MicrophoneInputStream: mic_started  SR : 16000 CC : 16 SO : 1999
03-23 02:49:59.257   788 20801 V msm8974_platform: platform_update_usecase_from_source: input source :6
03-23 02:49:59.257   788 20801 V msm8974_platform: platform_check_input_mask: enter check_input_mask source 6 mask 10
03-23 02:49:59.257   788 20801 V msm8974_platform: platform_get_input_snd_device: enter: out_device(0) in_device(0x4) channel_count (1) channel_mask (0x10)
03-23 02:49:59.257   788 20801 V msm8974_platform: platform_get_input_snd_device: exit: in_snd_device(voice-rec-mic)
03-23 02:49:59.257   788 20801 V msm8974_platform: platform_get_backend_index:napb: backend port - 5 device - 120 
03-23 02:49:59.257   788 20801 V msm8974_platform: platform_check_and_set_capture_backend_cfg:txbecf: afe: bitwidth 0, samplerate 0, channel 1, backend_idx 5 usecase = 9 device (voice-rec-mic)
03-23 02:49:59.257   788 20801 V msm8974_platform: platform_check_capture_backend_cfg:txbecf: afe: Codec selected backend: 5 current bit width: 0 and sample rate: 0, channels 1
03-23 02:49:59.257   788 20801 V msm8974_platform: platform_check_capture_backend_cfg:txbecf: afe: Codec selected backend: 5 updated bit width: 0 and sample rate: 0
03-23 02:49:59.258   788 20801 I msm8974_platform: platform_check_capture_backend_cfg:txbecf: afe: Codec backend needs to be updated. new bit width: 0 new sample rate: 0 new channel: 1
03-23 02:49:59.258   788 20801 V msm8974_platform: platform_get_backend_index:napb: backend port - 5 device - 120 
03-23 02:49:59.258   788 20801 V msm8974_platform: platform_set_backend_cfg:becf: afe: bitwidth 0, samplerate 0 channels 1, backend_idx 5 device (voice-rec-mic)
03-23 02:49:59.258   788 20801 E msm8974_platform: platform_set_backend_cfg:becf: afe: Could not get ctl for mixer command - SLIM_0_TX Format
03-23 02:49:59.258   788 20801 V msm8974_platform: platform_send_audio_calibration: sending audio calibration for snd_device(120) acdb_id(62)
03-23 02:49:59.258   788 20801 D ACDB-LOADER: ACDB -> send_audio_cal, acdb_id = 62, path = 1, app id = 0x11130, sample rate = 48000
03-23 02:49:59.258   788 20801 D ACDB-LOADER: ACDB -> send_asm_topology
03-23 02:49:59.258   788 20801 D ACDB-LOADER: ACDB -> ACDB_CMD_GET_AUDPROC_STREAM_TOPOLOGY_ID
03-23 02:49:59.258   788 20801 D ACDB-LOADER: ACDB -> send_adm_topology
03-23 02:49:59.258   788 20801 D ACDB-LOADER: ACDB -> ACDB_CMD_GET_AUDPROC_COMMON_TOPOLOGY_ID
03-23 02:49:59.258   788 20801 D ACDB-LOADER: ACDB -> send_audtable
