02-04 22:08:21.738 20023 20118 I zygote  : android::hardware::configstore::V1_0::ISurfaceFlingerConfigs::hasWideColorDisplay retrieved: 0
02-04 22:08:21.739 20023 20118 I OpenGLRenderer: Initialized EGL, version 1.4
02-04 22:08:21.739 20023 20118 D OpenGLRenderer: Swap behavior 2
02-04 22:08:21.747  2748  2748 D Launcher.Utilities: Wakeup weather: Intent { act=com.motorola.launcher3.action.WAKEUP_WEATHER cmp=com.motorola.timeweatherwidget/com.motorola.commandcenter.weather.WakeUpService }
02-04 22:08:21.763  1456  1456 I NotificationService: Cannot find enqueued record for key: 0|com.motorola.timeweatherwidget|1|null|10116
02-04 22:08:21.768   808   808 D SurfaceFlinger: duplicate layer name: changing com.android.launcher3/com.android.launcher3.CustomizationPanelLauncher to com.android.launcher3/com.android.launcher3.CustomizationPanelLauncher#1
02-04 22:08:21.781 20023 20098 W ThreadPoolDumper: Queue length for executor EventBus is now 11. Perhaps some tasks are too long, or the pool is too small.
02-04 22:08:21.784  1456 10736 I WifiService: getWifiEnabledState uid=10073
02-04 22:08:21.796  1456 10736 I WifiService: getWifiEnabledState uid=10073
02-04 22:08:21.807 14183 14183 I Finsky  : [2] ppb.onTrimMemory(1): Memory trim requested to level 80
02-04 22:08:21.825 20023 20165 I MicroDetectionState: Should stop hotword detection immediately - false
02-04 22:08:21.829 20023 20165 I MicroDetectionWorker: #startMicroDetector [speakerMode: 0]
02-04 22:08:21.831 20023 20165 I AudioController: Created new AudioSource
02-04 22:08:21.859  1456  1673 I LaunchCheckinHandler: Displayed com.android.launcher3/.CustomizationPanelLauncher,wp,wa,152
02-04 22:08:21.860 20023 20113 I MicroDataManager: isInitializedWithLatestParams-true
02-04 22:08:21.860 20023 20113 I MicroDataManager: isInitializing-false locale not changed-true model not changed-true
02-04 22:08:21.860 20023 20113 I MicroDataManager: Already initialized, obtaining the hotword data immediately.
02-04 22:08:21.865 20023 11076 I MicroRecognitionRunner: Starting detection.
02-04 22:08:21.865 20023 11076 I InputStreamUtils: Using micInputStream
02-04 22:08:21.866 20023  4519 I MicrophoneInputStream: mic_starting  SR : 16000 CC : 16 SO : 1999
02-04 22:08:21.869   788   788 V msm8974_platform: platform_check_input_mask: enter check_input_mask source 6 mask 10
02-04 22:08:21.870  1012 16704 I AudioFlinger: AudioFlinger's thread 0xb2483240 tid=16704 ready to run
02-04 22:08:21.878   788   788 D audio_hw_primary: in_set_parameters: enter: kvpairs=input_source=6;routing=-2147483644
02-04 22:08:21.879  1012  1302 D APM_AudioPolicyManager: AudioPolicyManager::startInput() input 120790, session 120865, source = 1999
02-04 22:08:21.879 20023  4519 I MicrophoneInputStream: mic_started  SR : 16000 CC : 16 SO : 1999
02-04 22:08:21.881   788 16705 V msm8974_platform: platform_update_usecase_from_source: input source :6
02-04 22:08:21.881   788 16705 V msm8974_platform: platform_check_input_mask: enter check_input_mask source 6 mask 10
02-04 22:08:21.881   788 16705 V msm8974_platform: platform_get_input_snd_device: enter: out_device(0) in_device(0x4) channel_count (1) channel_mask (0x10)
02-04 22:08:21.881   788 16705 V msm8974_platform: platform_get_input_snd_device: exit: in_snd_device(voice-rec-mic)
02-04 22:08:21.881   788 16705 V msm8974_platform: platform_get_backend_index:napb: backend port - 5 device - 120 
02-04 22:08:21.881   788 16705 V msm8974_platform: platform_check_and_set_capture_backend_cfg:txbecf: afe: bitwidth 0, samplerate 0, channel 1, backend_idx 5 usecase = 9 device (voice-rec-mic)
02-04 22:08:21.881   788 16705 V msm8974_platform: platform_check_capture_backend_cfg:txbecf: afe: Codec selected backend: 5 current bit width: 0 and sample rate: 0, channels 1
02-04 22:08:21.881   788 16705 V msm8974_platform: platform_check_capture_backend_cfg:txbecf: afe: Codec selected backend: 5 updated bit width: 0 and sample rate: 0
02-04 22:08:21.881   788 16705 I msm8974_platform: platform_check_capture_backend_cfg:txbecf: afe: Codec backend needs to be updated. new bit width: 0 new sample rate: 0 new channel: 1
02-04 22:08:21.881   788 16705 V msm8974_platform: platform_get_backend_index:napb: backend port - 5 device - 120 
02-04 22:08:21.881   788 16705 V msm8974_platform: platform_set_backend_cfg:becf: afe: bitwidth 0, samplerate 0 channels 1, backend_idx 5 device (voice-rec-mic)
02-04 22:08:21.881   788 16705 E msm8974_platform: platform_set_backend_cfg:becf: afe: Could not get ctl for mixer command - SLIM_0_TX Format
02-04 22:08:21.881   788 16705 V msm8974_platform: platform_send_audio_calibration: sending audio calibration for snd_device(120) acdb_id(62)
02-04 22:08:21.881   788 16705 D ACDB-LOADER: ACDB -> send_audio_cal, acdb_id = 62, path = 1, app id = 0x11130, sample rate = 48000
02-04 22:08:21.881   788 16705 D ACDB-LOADER: ACDB -> send_asm_topology
02-04 22:08:21.881   788 16705 D ACDB-LOADER: ACDB -> ACDB_CMD_GET_AUDPROC_STREAM_TOPOLOGY_ID
02-04 22:08:21.881   788 16705 D ACDB-LOADER: ACDB -> send_adm_topology
02-04 22:08:21.881   788 16705 D ACDB-LOADER: ACDB -> ACDB_CMD_GET_AUDPROC_COMMON_TOPOLOGY_ID
02-04 22:08:21.882   788 16705 D ACDB-LOADER: ACDB -> send_audtable
02-04 22:08:21.882   788 16705 D ACDB-LOADER: ACDB -> ACDB_CMD_GET_AUDPROC_COMMON_TABLE_SIZE
02-04 22:08:21.882   788 16705 D ACDB-LOADER: ACDB -> ACDB_CMD_GET_AUDPROC_COMMON_TABLE
02-04 22:08:21.882   788 16705 D ACDB-LOADER: ACDB -> AUDIO_SET_AUDPROC_CAL
02-04 22:08:21.882   788 16705 D ACDB-LOADER: ACDB -> send_audvoltable
02-04 22:08:21.882   788 16705 D ACDB-LOADER: ACDB -> ACDB_CMD_GET_AUDPROC_VOL_STEP_TABLE_SIZE
02-04 22:08:21.882   788 16705 D ACDB-LOADER: ACDB -> ACDB_CMD_GET_AUDPROC_GAIN_DEP_STEP_TABLE, vol index 0
02-04 22:08:21.882   788 16705 D         : Failed to fetch the lookup information of the device 0000003E 
02-04 22:08:21.882   788 16705 D ACDB-LOADER: ACDB -> AUDIO_SET_VOL_CAL cal type = 12
02-04 22:08:21.882   788 16705 D ACDB-LOADER: ACDB -> ACDB_CMD_GET_AUDPROC_STREAM_TABLE_SIZE
02-04 22:08:21.882   788 16705 D ACDB-LOADER: ACDB -> send_audstrmtable
02-04 22:08:21.882   788 16705 D ACDB-LOADER: ACDB -> ACDB_CMD_GET_AUDPROC_STREAM_TABLE_V2
02-04 22:08:21.882   788 16705 D ACDB-LOADER: ACDB -> audstrm_cal->cal_type.cal_data.cal_size = 456
02-04 22:08:21.882   788 16705 D ACDB-LOADER: ACDB -> send_afe_topology
02-04 22:08:21.882   788 16705 D ACDB-LOADER: ACDB -> ACDB_CMD_GET_AFE_TOPOLOGY_ID
02-04 22:08:21.882   788 16705 D ACDB-LOADER: ACDB -> GET_AFE_TOPOLOGY_ID for adcd_id 62, Topology Id 112fb
02-04 22:08:21.882   788 16705 D ACDB-LOADER: ACDB -> send_afe_cal
02-04 22:08:21.882   788 16705 D ACDB-LOADER: ACDB -> ACDB_CMD_GET_AFE_COMMON_TABLE_SIZE
02-04 22:08:21.882   788 16705 D         : Failed to fetch the lookup information of the device 0000003E 
02-04 22:08:21.882   788 16705 E ACDB-LOADER: Error: ACDB_CMD_GET_AFE_COMMON_TABLE_SIZE Returned = -19
02-04 22:08:21.882   788 16705 D ACDB-LOADER: ACDB -> ACDB_CMD_GET_AFE_COMMON_TABLE
02-04 22:08:21.882   788 16705 D         : Failed to fetch the lookup information of the device 0000003E 
02-04 22:08:21.882   788 16705 D ACDB-LOADER: ACDB -> AUDIO_SET_AFE_CAL
02-04 22:08:21.882   788 16705 D ACDB-LOADER: ACDB -> send_hw_delay : acdb_id = 62 path = 1
02-04 22:08:21.882   788 16705 D ACDB-LOADER: ACDB -> ACDB_AVSYNC_INFO: ACDB_CMD_GET_DEVICE_PROPERTY
02-04 22:08:21.882   788 16705 D audio_hw_primary: enable_snd_device: snd_device(120: voice-rec-mic)
02-04 22:08:21.882   788 16705 D audio_route: Apply path: voice-rec-mic
02-04 22:08:21.884   788 16705 V msm8974_platform: platform_get_snd_device_backend_index: enter with device 120
02-04 22:08:21.884   788 16705 E msm8974_platform: platform_get_snd_device_backend_index: BE DAI Name Table is not present
02-04 22:08:21.884   788 16705 V msm8974_platform: platform_get_backend_index:napb: backend port - 5 device - 120 
02-04 22:08:21.884   788 16705 I audio_hw_utils: Set Audio Stream Capture 0 App Type Cfg: app_type 69936, acdb_dev_id 62, sample_rate 48000, snd_device_be_idx -14
02-04 22:08:21.885   788 16705 D audio_hw_primary: enable_audio_route: usecase(9) apply and update mixer path: audio-record
02-04 22:08:21.885   788 16705 D audio_route: Apply path: audio-record
02-04 22:08:21.954 20023 20165 I MicroDetectionWorker: onReady
02-04 22:08:22.263  1456  7796 I OpenGLRenderer: Initialized EGL, version 1.4
02-04 22:08:22.263  1456  7796 D OpenGLRenderer: Swap behavior 2
02-04 22:08:22.310  2748  2917 W OpenGLRenderer: Incorrectly called buildLayer on View: ShortcutAndWidgetContainer, destroying layer...
02-04 22:08:22.460  1456 10366 D ConnectivityService: requestNetwork for uid/pid:10824/16470 NetworkRequest [ TRACK_DEFAULT id=24810, [ Capabilities: INTERNET&NOT_RESTRICTED&TRUSTED&NOT_VPN] ]
02-04 22:08:22.462  1456  2054 D WIFI_UT : got request NetworkRequest [ TRACK_DEFAULT id=24810, [ Capabilities: INTERNET&NOT_RESTRICTED&TRUSTED&NOT_VPN] ] with score 60
02-04 22:08:22.462  1456  2099 D Ethernet: got request NetworkRequest [ TRACK_DEFAULT id=24810, [ Capabilities: INTERNET&NOT_RESTRICTED&TRUSTED&NOT_VPN] ] with score 60
02-04 22:08:22.462  1456  2054 D WIFI    : got request NetworkRequest [ TRACK_DEFAULT id=24810, [ Capabilities: INTERNET&NOT_RESTRICTED&TRUSTED&NOT_VPN] ] with score 60
02-04 22:08:22.463  2398  2398 D PhoneSwitcherNetworkRequstListener: got request NetworkRequest [ TRACK_DEFAULT id=24810, [ Capabilities: INTERNET&NOT_RESTRICTED&TRUSTED&NOT_VPN] ] with score 60
02-04 22:08:22.471 16470 16707 I chatty  : uid=10824(org.mozilla.fenix.nightly) expire 9 lines
02-04 22:08:22.527 13975  6606 I Icing   : Indexing com.google.android.gms-apps from com.google.android.gms
02-04 22:08:22.578 13975  6606 I Icing   : Indexing done com.google.android.gms-apps
02-04 22:08:22.996 16470 16518 I chatty  : uid=10824(org.mozilla.fenix.nightly) expire 1 line
02-04 22:08:22.999  1456  2067 D ConnectivityService: releasing NetworkRequest [ TRACK_DEFAULT id=24810, [ Capabilities: INTERNET&NOT_RESTRICTED&TRUSTED&NOT_VPN] ] (release request)
02-04 22:08:26.875  1456 10736 I ActivityManager: Force stopping org.mozilla.fenix.nightly appid=10824 user=0: from pid 16712
02-04 22:08:26.875  1456 10736 I ActivityManager: Killing 16470:org.mozilla.fenix.nightly/u0a824 (adj 700): stop org.mozilla.fenix.nightly
02-04 22:08:26.877  1456  1605 W zygote  : kill(-16470, 9) failed: No such process
02-04 22:08:26.879  1456 10736 W ActivityManager: Force removing ActivityRecord{8fa03d6 u0 org.mozilla.fenix.nightly/org.mozilla.fenix.HomeActivity t22892}: app died, no saved state
02-04 22:08:26.887  1456 10736 I ActivityManager: Killing 16587:org.mozilla.fenix.nightly:socket/u0a824 (adj 0): stop org.mozilla.fenix.nightly
02-04 22:08:26.890  1456  1605 W zygote  : kill(-16470, 9) failed: No such process
02-04 22:08:26.890  1456 10736 I ActivityManager: Killing 16563:org.mozilla.fenix.nightly:tab/u0a824 (adj 0): stop org.mozilla.fenix.nightly
02-04 22:08:26.900 17214 17214 I AppBase : onTrimMemory(): 15
02-04 22:08:26.900 17214 17214 I GoogleInputMethodService: onTrimMemory(): 15
02-04 22:08:26.903  1456  1605 W zygote  : kill(-16470, 9) failed: No such process
02-04 22:08:26.908  2398  2398 D CarrierSvcBindHelper: No carrier app for: 0
02-04 22:08:26.909  2398  2398 D CarrierSvcBindHelper: No carrier app for: 1
02-04 22:08:26.916  1456  1605 W zygote  : kill(-16470, 9) failed: No such process
02-04 22:08:26.967  1456  1673 W ActivityManager: setHasOverlayUi called on unknown pid: 16470
02-04 22:08:26.967  1456  1605 I chatty  : uid=1000(system) ActivityManager identical 4 lines
02-04 22:08:26.983  1456  1605 W zygote  : kill(-16470, 9) failed: No such process
02-04 22:08:26.983  1456  1605 I zygote  : Successfully killed process cgroup uid 10824 pid 16470 in 106ms
02-04 22:08:26.983  1456  1605 W zygote  : kill(-16587, 9) failed: No such process
02-04 22:08:26.983  1456  1605 I zygote  : Successfully killed process cgroup uid 10824 pid 16587 in 0ms
02-04 22:08:26.984  1456  1605 W zygote  : kill(-16563, 9) failed: No such process
02-04 22:08:26.984  1456  1605 I zygote  : Successfully killed process cgroup uid 10824 pid 16563 in 0ms
02-04 22:08:27.002  1456  5797 I ActivityManager: START u0 {act=android.intent.action.MAIN cat=[android.intent.category.LAUNCHER] flg=0x10000000 cmp=org.mozilla.fenix.nightly/org.mozilla.fenix.HomeActivity} from uid 2000
02-04 22:08:27.003   794   839 E ANDR-PERF-RESOURCEQS: Failed to apply optimization [4, 0]
02-04 22:08:27.013  1456  7796 I OpenGLRenderer: Initialized EGL, version 1.4
02-04 22:08:27.013  1456  7796 D OpenGLRenderer: Swap behavior 2
02-04 22:08:27.017   808   898 I SFPerfTracer:      triggers: (rate: 0:0) (0 sw vsyncs) (0 skipped) (0:3463324 vsyncs) (2:6164632)
02-04 22:08:27.025  1456  1471 I ActivityManager: Start proc 16719:org.mozilla.fenix.nightly/u0a824 for activity org.mozilla.fenix.nightly/org.mozilla.fenix.HomeActivity
02-04 22:08:27.078  1456  5907 W ActivityManager: getTaskSnapshot: taskId=22892 not found
02-04 22:08:27.087   808   808 I SFPerfTracer:      triggers: (rate: 50:549224) (compose: 0:6) (post: 0:14) (render: 0:11) (2:4634864 frames) (3:6115995)
02-04 22:08:27.087   808   808 D SFPerfTracer:        layers: (4:13) (NavigationBar#0 (0xb07df000): 0:500992) (StatusBar#0 (0xb07e3000): 0:1437320) (com.android.systemui.ImageWallpaper#0 (0xb07e7000): 0:43331) (Sprite#0 (0xb0733000): 0:317)* (DimLayerController/Stack=0#0 (0xb075a000): 0:3589)* (Sprite#1 (0xb077c000): 0:195)* (com.android.launcher3/com.android.launcher3.CustomizationPanelLauncher#0 (0xb0763000): 0:39)- (com.android.launcher3/com.android.launcher3.CustomizationPanelLauncher#1 (0xb0771000): 0:9)- (Splash Screen org.mozilla.fenix.nightly#0 (0xb0384000): 0:30)- (org.mozilla.fenix.nightly/org.mozilla.fenix.HomeActivity#0 (0xb039b000): 0:46)- (com.android.launcher3/com.android.launcher3.CustomizationPanelLauncher#0 (0xb0763000): 0:39)* (com.android.launcher3/com.android.launcher3.CustomizationPanelLauncher#1 (0xb0771000): 0:9) (Splash Screen org.mozilla.fenix.nightly#0 (0xb0384000): 2:2)* 
02-04 22:08:27.111 20023 20165 I MicroDetectionState: Should stop hotword detection immediately - false
02-04 22:08:27.111 20023 20165 I MicroDetector: Keeping mic open: false
02-04 22:08:27.111 20023 20105 E DeviceStateChecker: DeviceStateChecker cancelled
02-04 22:08:27.111 20023 20165 I RecognitionAudioControl: #shutdownAudio [requestId: 1428548056501592915, keepAudioOpen: false, forced: true]
02-04 22:08:27.112 20023 20165 I RecognitionAudioControl: #internalShutdownAudio [requestId: 1428548056501592915]
02-04 22:08:27.112 20023 20165 I RecognitionAudioControl: #internalShutdownAudio [keepAudioOpen: false, forced: true]
02-04 22:08:27.112 20023 20165 I RecognitionAudioControl: #actualShutdownAudio
02-04 22:08:27.112 20023 20165 I AudioController: #shutdown [requestId=1428548056501592915]
02-04 22:08:27.112 20023 20071 I AudioController: internalShutdown
02-04 22:08:27.112 20023 20096 I MicroRecognitionRunner: Stopping hotword detection.
02-04 22:08:27.154   788   788 D audio_hw_primary: disable_audio_route: usecase(9) reset and update mixer path: audio-record
02-04 22:08:27.154   788   788 D audio_hw_primary: disable_snd_device: snd_device(120: voice-rec-mic)
02-04 22:08:27.156  1012 26683 D APM_AudioPolicyManager: stopInput() input 120790, session 120865
02-04 22:08:27.157   788  1479 D audio_hw_primary: in_set_parameters: enter: kvpairs=routing=0
02-04 22:08:27.158 20023 20071 I MicrophoneInputStream: mic_close  SR : 16000 CC : 16 SO : 1999
02-04 22:08:27.158 20023 20071 E AudioSource: Stop listening is called on already closed AudioSource
02-04 22:08:27.161 20023 11076 I MicroRecognitionRunner: Detection finished
02-04 22:08:27.208 16719 16719 I chatty  : uid=10824(org.mozilla.fenix.nightly) expire 35 lines
02-04 22:08:27.291 16719 16737 I chatty  : uid=10824(org.mozilla.fenix.nightly) expire 4 lines
02-04 22:08:27.343 16719 16743 I chatty  : uid=10824(org.mozilla.fenix.nightly) expire 2 lines
02-04 22:08:27.367 17694 17705 I zygote  : Background concurrent copying GC freed 92066(5MB) AllocSpace objects, 21(456KB) LOS objects, 49% free, 7MB/15MB, paused 171us total 111.201ms
02-04 22:08:27.384 16719 16747 I chatty  : uid=10824(org.mozilla.fenix.nightly) expire 11 lines
02-04 22:08:27.396  1456  1466 I zygote  : NativeAlloc concurrent copying GC freed 62637(4MB) AllocSpace objects, 29(1156KB) LOS objects, 39% free, 36MB/60MB, paused 240us total 338.188ms
02-04 22:08:27.439 16719 16753 I chatty  : uid=10824(org.mozilla.fenix.nightly) expire 19 lines
02-04 22:08:27.511 16719 16724 I chatty  : uid=10824(org.mozilla.fenix.nightly) expire 6 lines
02-04 22:08:27.571 16719 16758 I chatty  : uid=10824(org.mozilla.fenix.nightly) expire 2 lines
02-04 22:08:27.590 16719 16767 I chatty  : uid=10824(org.mozilla.fenix.nightly) expire 6 lines
02-04 22:08:27.595 16719 16770 I chatty  : uid=10824(org.mozilla.fenix.nightly) expire 10 lines
02-04 22:08:27.905 16719 16801 I chatty  : uid=10824(org.mozilla.fenix.nightly) expire 3 lines
02-04 22:08:27.916  1456  5797 I ActivityManager: Start proc 16811:org.mozilla.fenix.nightly:tab/u0a824 for service org.mozilla.fenix.nightly/org.mozilla.gecko.process.GeckoServiceChildProcess$tab
02-04 22:08:27.988  1456  1471 I WifiService: getDhcpInfo uid=10824
02-04 22:08:28.048  1456  1471 I ActivityManager: Start proc 16835:org.mozilla.fenix.nightly:socket/u0a824 for service org.mozilla.fenix.nightly/org.mozilla.gecko.process.GeckoServiceChildProcess$socket
02-04 22:08:28.058 16811 16811 I chatty  : uid=10824(org.mozilla.fenix.nightly) expire 1 line
02-04 22:08:28.059 16811 16848 I chatty  : uid=10824(org.mozilla.fenix.nightly) expire 1 line
02-04 22:08:28.179 16835 16835 I chatty  : uid=10824(org.mozilla.fenix.nightly) expire 2 lines
02-04 22:08:28.180 16835 16854 I chatty  : uid=10824(org.mozilla.fenix.nightly) expire 15 lines
02-04 22:08:28.183 16719 16801 I chatty  : uid=10824(org.mozilla.fenix.nightly) expire 6 lines
02-04 22:08:28.211  1456  7570 I ActivityManager: Displayed org.mozilla.fenix.nightly/org.mozilla.fenix.HomeActivity: +1s200ms
02-04 22:08:28.211  1456  7570 I ActivityManager: Fully drawn org.mozilla.fenix.nightly/org.mozilla.fenix.HomeActivity: +1s200ms
02-04 22:08:28.223 16719 16719 I chatty  : uid=10824(org.mozilla.fenix.nightly) expire 10 lines
02-04 22:08:28.251 16719 16724 I chatty  : uid=10824(org.mozilla.fenix.nightly) expire 2 lines
02-04 22:08:28.282  1456  1673 I LaunchCheckinHandler: Displayed org.mozilla.fenix.nightly/org.mozilla.fenix.HomeActivity,cp,ca,1272
02-04 22:08:28.309 14183 14183 I Finsky  : [2] ppb.onTrimMemory(1): Memory trim requested to level 80
02-04 22:08:28.318 20023 20023 I MemoryTrimmer: Trimming objects from memory, since app is in the background.
02-04 22:08:28.334 20023  4519 I PBSessionCacheImpl: Deleted sessionId[88063665787503836] from persistence.
02-04 22:08:28.336 20023 20023 I MemoryTrimmer: Trimming objects from memory, since app is in the background.
02-04 22:08:28.354  1456  1471 I WifiService: getWifiEnabledState uid=10073
02-04 22:08:28.365 20023 20165 W SearchServiceCore: Abort, client detached.
02-04 22:08:28.680 16719 16753 I chatty  : uid=10824(org.mozilla.fenix.nightly) expire 11 lines
02-04 22:08:29.339 16719 16905 I chatty  : uid=10824(org.mozilla.fenix.nightly) expire 2 lines
02-04 22:08:32.508  1456  1600 W ResourceType: No known package when getting value for resource number 0x7f0801a0
02-04 22:08:32.508  1456  1600 W ResourceType: No known package when getting value for resource number 0x7f120106
02-04 22:08:32.508  1456  1600 W ResourceType: No known package when getting value for resource number 0x7f120106
02-04 22:08:32.508  1456  1600 W ResourceType: No known package when getting value for resource number 0x7f08019e
02-04 22:08:32.508  1456  1600 W ResourceType: No known package when getting value for resource number 0x7f120105
02-04 22:08:32.508  1456  1600 W ResourceType: No known package when getting value for resource number 0x7f120105
02-04 22:08:32.510  2360  2360 D MayaFrameworkProxyService: receive intent :Intent { act=android.intent.action.PACKAGE_CHANGED dat=package:org.mozilla.fenix.nightly flg=0x45000010 (has extras) }
02-04 22:08:32.532  1456  1942 I InputReader: Reconfiguring input devices.  changes=0x00000010
02-04 22:08:32.535  1456  1456 W ResourceType: ResTable_typeSpec entry count inconsistent: given 669, previously 675
02-04 22:08:32.535  1456  1456 W ResourceType: ResTable_typeSpec entry count inconsistent: given 394, previously 1461
02-04 22:08:32.535  1456  1456 W ResourceType: ResTable_typeSpec entry count inconsistent: given 217, previously 1293
02-04 22:08:32.586  2398  2398 D CarrierSvcBindHelper: No carrier app for: 0
02-04 22:08:32.592  2398  2398 D CarrierSvcBindHelper: No carrier app for: 1
02-04 22:08:32.592  2398  2398 D ImsResolver: maybeAddedImsService, packageName: org.mozilla.fenix.nightly
02-04 22:08:32.593  1456  1600 W ResourceType: ResTable_typeSpec entry count inconsistent: given 29, previously 34
02-04 22:08:32.593  1456  1456 W ResourceType: Found multiple library tables, ignoring...
02-04 22:08:32.598  1456  1600 W ResourceType: ResTable_typeSpec entry count inconsistent: given 2172, previously 2169
02-04 22:08:32.598  1456  1600 W ResourceType: ResTable_typeSpec entry count inconsistent: given 272, previously 1536
02-04 22:08:32.609  2398  2398 E VvmPkgInstalledRcvr: cannot create TelephonyManager from ComponentInfo{com.android.phone/com.android.services.telephony.TelephonyConnectionService}, [****], UserHandle{0}
02-04 22:08:32.640  1456  1456 I TelecomService: DefaultDialerCache: Refreshing default dialer for user 0: now com.android.dialer: DDC.oR@C3M
02-04 22:08:32.658 13975 14047 I Icing   : IndexChimeraService.getServiceInterface callingPackage=com.google.android.gms componentName=AppsCorpus serviceId=36
02-04 22:08:32.658 16929 16929 D AndroidRuntime: >>>>>> START com.android.internal.os.RuntimeInit uid 2000 <<<<<<
02-04 22:08:32.669 13975  5526 W Icing   : No valid account for uploading user actions
02-04 22:08:32.671 16929 16929 W app_process: Could not reserve sentinel fault page
02-04 22:08:32.748 13975  5526 I Icing   : Usage reports ok 1, Failed Usage reports 0, indexed 0, rejected 0
02-04 22:08:32.750 13975  5526 I Icing   : Indexing com.google.android.gms-internal.3p:MobileApplication from com.google.android.gms using seqno 2511
02-04 22:08:32.768  1456  1893 D BatteryService: uevent={POWER_SUPPLY_VOLTAGE_NOW=4396489, POWER_SUPPLY_CHARGE_RATE=Normal, POWER_SUPPLY_HEALTH=Good, POWER_SUPPLY_CURRENT_NOW=-194243, POWER_SUPPLY_PRESENT=1, SUBSYSTEM=power_supply, POWER_SUPPLY_TEMP=312, SEQNUM=353558, ACTION=change, POWER_SUPPLY_NAME=battery, POWER_SUPPLY_STATUS=Charging, POWER_SUPPLY_CHARGE_COUNTER=2793079, POWER_SUPPLY_CAPACITY=100, DEVPATH=/devices/soc/qpnp-smbcharger-17/power_supply/battery}
02-04 22:08:32.774  2398  2398 D QtiCarrierConfigHelper: WARNING, no carrier configs on phone Id: 0
02-04 22:08:32.837 16929 16929 I app_process: The ClassLoaderContext is a special shared library.
02-04 22:08:32.906 16929 16929 D AndroidRuntime: Calling main entry com.android.commands.input.Input
02-04 22:08:32.907 16929 16929 I Input   : injectKeyEvent: KeyEvent { action=ACTION_DOWN, keyCode=KEYCODE_HOME, scanCode=0, metaState=0, flags=0x0, repeatCount=0, eventTime=13292644414, downTime=13292644414, deviceId=-1, source=0x101 }
02-04 22:08:32.916 16929 16929 I Input   : injectKeyEvent: KeyEvent { action=ACTION_UP, keyCode=KEYCODE_HOME, scanCode=0, metaState=0, flags=0x0, repeatCount=0, eventTime=13292644414, downTime=13292644414, deviceId=-1, source=0x101 }
02-04 22:08:32.922  1456  1941 I ActivityManager: START u0 {act=android.intent.action.MAIN cat=[android.intent.category.HOME] flg=0x10200000 cmp=com.android.launcher3/.CustomizationPanelLauncher (has extras)} from uid 1000
02-04 22:08:32.923   794   839 E ANDR-PERF-RESOURCEQS: Failed to apply optimization [4, 0]
02-04 22:08:32.934  1456  1941 I ActivityManager: moveHomeStack, setupComplete:true
02-04 22:08:32.942 20023 20118 I Adreno  : QUALCOMM build                   : bb5b86c, I77d3059488
02-04 22:08:32.942 20023 20118 I Adreno  : Build Date                       : 06/07/18
02-04 22:08:32.942 20023 20118 I Adreno  : OpenGL ES Shader Compiler Version: EV031.22.00.01_06
02-04 22:08:32.942 20023 20118 I Adreno  : Local Branch                     : 
02-04 22:08:32.942 20023 20118 I Adreno  : Remote Branch                    : refs/tags/AU_LINUX_ANDROID_LA.UM.6.5.R1.08.01.00.312.086
02-04 22:08:32.942 20023 20118 I Adreno  : Remote Branch                    : NONE
02-04 22:08:32.942 20023 20118 I Adreno  : Reconstruct Branch               : NOTHING
02-04 22:08:32.945 20023 20118 D vndksupport: Loading /vendor/lib/hw/gralloc.msm8937.so from current namespace instead of sphal namespace.
02-04 22:08:32.945 16929 16929 D AndroidRuntime: Shutting down VM
02-04 22:08:32.948 20023 20118 I Adreno  : PFP: 0x005ff087, ME: 0x005ff063
02-04 22:08:32.952 20023 20118 I zygote  : android::hardware::configstore::V1_0::ISurfaceFlingerConfigs::hasWideColorDisplay retrieved: 0
02-04 22:08:32.953 20023 20118 I OpenGLRenderer: Initialized EGL, version 1.4
02-04 22:08:32.953  2748  2748 D Launcher.Utilities: Wakeup weather: Intent { act=com.motorola.launcher3.action.WAKEUP_WEATHER cmp=com.motorola.timeweatherwidget/com.motorola.commandcenter.weather.WakeUpService }
02-04 22:08:32.953 20023 20118 D OpenGLRenderer: Swap behavior 2
02-04 22:08:32.970  1456  1456 I NotificationService: Cannot find enqueued record for key: 0|com.motorola.timeweatherwidget|1|null|10116
02-04 22:08:32.978   808   808 D SurfaceFlinger: duplicate layer name: changing com.android.launcher3/com.android.launcher3.CustomizationPanelLauncher to com.android.launcher3/com.android.launcher3.CustomizationPanelLauncher#1
02-04 22:08:32.990 20023 20100 W ThreadPoolDumper: Queue length for executor EventBus is now 11. Perhaps some tasks are too long, or the pool is too small.
02-04 22:08:32.993  1456  5031 I WifiService: getWifiEnabledState uid=10073
02-04 22:08:33.005  1456  4679 I WifiService: getWifiEnabledState uid=10073
02-04 22:08:33.034 20023 20165 I MicroDetectionState: Should stop hotword detection immediately - false
02-04 22:08:33.039 20023 20165 I MicroDetectionWorker: #startMicroDetector [speakerMode: 0]
02-04 22:08:33.041 20023 20165 I AudioController: Created new AudioSource
02-04 22:08:33.048 14183 14183 I Finsky  : [2] ppb.onTrimMemory(1): Memory trim requested to level 80
02-04 22:08:33.049 20023 20125 I MicroDataManager: isInitializedWithLatestParams-true
02-04 22:08:33.049 20023 20125 I MicroDataManager: isInitializing-false locale not changed-true model not changed-true
02-04 22:08:33.050 20023 20125 I MicroDataManager: Already initialized, obtaining the hotword data immediately.
02-04 22:08:33.055 20023 20105 I MicroRecognitionRunner: Starting detection.
02-04 22:08:33.055 20023 20105 I InputStreamUtils: Using micInputStream
02-04 22:08:33.056 20023  4519 I MicrophoneInputStream: mic_starting  SR : 16000 CC : 16 SO : 1999
02-04 22:08:33.058   788  1479 V msm8974_platform: platform_check_input_mask: enter check_input_mask source 6 mask 10
02-04 22:08:33.058  1456  1673 I LaunchCheckinHandler: Displayed com.android.launcher3/.CustomizationPanelLauncher,wp,wa,136
02-04 22:08:33.060  1012 16955 I AudioFlinger: AudioFlinger's thread 0xb2483800 tid=16955 ready to run
02-04 22:08:33.065   788  1479 D audio_hw_primary: in_set_parameters: enter: kvpairs=input_source=6;routing=-2147483644
02-04 22:08:33.066  1012  1302 D APM_AudioPolicyManager: AudioPolicyManager::startInput() input 120798, session 120873, source = 1999
02-04 22:08:33.066 20023  4519 I MicrophoneInputStream: mic_started  SR : 16000 CC : 16 SO : 1999
02-04 22:08:33.067   788 16956 V msm8974_platform: platform_update_usecase_from_source: input source :6
02-04 22:08:33.068   788 16956 V msm8974_platform: platform_check_input_mask: enter check_input_mask source 6 mask 10
02-04 22:08:33.068   788 16956 V msm8974_platform: platform_get_input_snd_device: enter: out_device(0) in_device(0x4) channel_count (1) channel_mask (0x10)
02-04 22:08:33.068   788 16956 V msm8974_platform: platform_get_input_snd_device: exit: in_snd_device(voice-rec-mic)
02-04 22:08:33.068   788 16956 V msm8974_platform: platform_get_backend_index:napb: backend port - 5 device - 120 
02-04 22:08:33.068   788 16956 V msm8974_platform: platform_check_and_set_capture_backend_cfg:txbecf: afe: bitwidth 0, samplerate 0, channel 1, backend_idx 5 usecase = 9 device (voice-rec-mic)
02-04 22:08:33.068   788 16956 V msm8974_platform: platform_check_capture_backend_cfg:txbecf: afe: Codec selected backend: 5 current bit width: 0 and sample rate: 0, channels 1
02-04 22:08:33.068   788 16956 V msm8974_platform: platform_check_capture_backend_cfg:txbecf: afe: Codec selected backend: 5 updated bit width: 0 and sample rate: 0
02-04 22:08:33.068   788 16956 I msm8974_platform: platform_check_capture_backend_cfg:txbecf: afe: Codec backend needs to be updated. new bit width: 0 new sample rate: 0 new channel: 1
02-04 22:08:33.068   788 16956 V msm8974_platform: platform_get_backend_index:napb: backend port - 5 device - 120 
02-04 22:08:33.068   788 16956 V msm8974_platform: platform_set_backend_cfg:becf: afe: bitwidth 0, samplerate 0 channels 1, backend_idx 5 device (voice-rec-mic)
02-04 22:08:33.068   788 16956 E msm8974_platform: platform_set_backend_cfg:becf: afe: Could not get ctl for mixer command - SLIM_0_TX Format
02-04 22:08:33.068   788 16956 V msm8974_platform: platform_send_audio_calibration: sending audio calibration for snd_device(120) acdb_id(62)
02-04 22:08:33.068   788 16956 D ACDB-LOADER: ACDB -> send_audio_cal, acdb_id = 62, path = 1, app id = 0x11130, sample rate = 48000
02-04 22:08:33.068   788 16956 D ACDB-LOADER: ACDB -> send_asm_topology
02-04 22:08:33.068   788 16956 D ACDB-LOADER: ACDB -> ACDB_CMD_GET_AUDPROC_STREAM_TOPOLOGY_ID
02-04 22:08:33.069   788 16956 D ACDB-LOADER: ACDB -> send_adm_topology
02-04 22:08:33.069   788 16956 D ACDB-LOADER: ACDB -> ACDB_CMD_GET_AUDPROC_COMMON_TOPOLOGY_ID
02-04 22:08:33.069   788 16956 D ACDB-LOADER: ACDB -> send_audtable
02-04 22:08:33.069   788 16956 D ACDB-LOADER: ACDB -> ACDB_CMD_GET_AUDPROC_COMMON_TABLE_SIZE
02-04 22:08:33.069   788 16956 D ACDB-LOADER: ACDB -> ACDB_CMD_GET_AUDPROC_COMMON_TABLE
02-04 22:08:33.069   788 16956 D ACDB-LOADER: ACDB -> AUDIO_SET_AUDPROC_CAL
02-04 22:08:33.069   788 16956 D ACDB-LOADER: ACDB -> send_audvoltable
02-04 22:08:33.069   788 16956 D ACDB-LOADER: ACDB -> ACDB_CMD_GET_AUDPROC_VOL_STEP_TABLE_SIZE
02-04 22:08:33.069   788 16956 D ACDB-LOADER: ACDB -> ACDB_CMD_GET_AUDPROC_GAIN_DEP_STEP_TABLE, vol index 0
02-04 22:08:33.069   788 16956 D         : Failed to fetch the lookup information of the device 0000003E 
02-04 22:08:33.069   788 16956 D ACDB-LOADER: ACDB -> AUDIO_SET_VOL_CAL cal type = 12
02-04 22:08:33.069   788 16956 D ACDB-LOADER: ACDB -> ACDB_CMD_GET_AUDPROC_STREAM_TABLE_SIZE
02-04 22:08:33.069   788 16956 D ACDB-LOADER: ACDB -> send_audstrmtable
02-04 22:08:33.069   788 16956 D ACDB-LOADER: ACDB -> ACDB_CMD_GET_AUDPROC_STREAM_TABLE_V2
02-04 22:08:33.069   788 16956 D ACDB-LOADER: ACDB -> audstrm_cal->cal_type.cal_data.cal_size = 456
02-04 22:08:33.069   788 16956 D ACDB-LOADER: ACDB -> send_afe_topology
02-04 22:08:33.069   788 16956 D ACDB-LOADER: ACDB -> ACDB_CMD_GET_AFE_TOPOLOGY_ID
02-04 22:08:33.070   788 16956 D ACDB-LOADER: ACDB -> GET_AFE_TOPOLOGY_ID for adcd_id 62, Topology Id 112fb
02-04 22:08:33.070   788 16956 D ACDB-LOADER: ACDB -> send_afe_cal
02-04 22:08:33.070   788 16956 D ACDB-LOADER: ACDB -> ACDB_CMD_GET_AFE_COMMON_TABLE_SIZE
02-04 22:08:33.070   788 16956 D         : Failed to fetch the lookup information of the device 0000003E 
02-04 22:08:33.070   788 16956 E ACDB-LOADER: Error: ACDB_CMD_GET_AFE_COMMON_TABLE_SIZE Returned = -19
02-04 22:08:33.070   788 16956 D ACDB-LOADER: ACDB -> ACDB_CMD_GET_AFE_COMMON_TABLE
02-04 22:08:33.070   788 16956 D         : Failed to fetch the lookup information of the device 0000003E 
02-04 22:08:33.070   788 16956 D ACDB-LOADER: ACDB -> AUDIO_SET_AFE_CAL
02-04 22:08:33.070   788 16956 D ACDB-LOADER: ACDB -> send_hw_delay : acdb_id = 62 path = 1
02-04 22:08:33.070   788 16956 D ACDB-LOADER: ACDB -> ACDB_AVSYNC_INFO: ACDB_CMD_GET_DEVICE_PROPERTY
02-04 22:08:33.070   788 16956 D audio_hw_primary: enable_snd_device: snd_device(120: voice-rec-mic)
02-04 22:08:33.070   788 16956 D audio_route: Apply path: voice-rec-mic
02-04 22:08:33.074   788 16956 V msm8974_platform: platform_get_snd_device_backend_index: enter with device 120
02-04 22:08:33.074   788 16956 E msm8974_platform: platform_get_snd_device_backend_index: BE DAI Name Table is not present
02-04 22:08:33.074   788 16956 V msm8974_platform: platform_get_backend_index:napb: backend port - 5 device - 120 
02-04 22:08:33.074   788 16956 I audio_hw_utils: Set Audio Stream Capture 0 App Type Cfg: app_type 69936, acdb_dev_id 62, sample_rate 48000, snd_device_be_idx -14
02-04 22:08:33.074   788 16956 D audio_hw_primary: enable_audio_route: usecase(9) apply and update mixer path: audio-record
02-04 22:08:33.074   788 16956 D audio_route: Apply path: audio-record
02-04 22:08:33.144 20023 20165 I MicroDetectionWorker: onReady
02-04 22:08:33.204  2146  2165 I zygote  : NativeAlloc concurrent copying GC freed 19652(1047KB) AllocSpace objects, 0(0B) LOS objects, 50% free, 9MB/19MB, paused 151us total 131.676ms
02-04 22:08:33.458  1456  7796 I OpenGLRenderer: Initialized EGL, version 1.4
02-04 22:08:33.458  1456  7796 D OpenGLRenderer: Swap behavior 2
02-04 22:08:33.519  2748  2917 W OpenGLRenderer: Incorrectly called buildLayer on View: ShortcutAndWidgetContainer, destroying layer...
02-04 22:08:33.630 16719 16781 I chatty  : uid=10824(org.mozilla.fenix.nightly) expire 1 line
02-04 22:08:33.634 16719 16743 I chatty  : uid=10824(org.mozilla.fenix.nightly) expire 6 lines
02-04 22:08:33.677  1456  5797 D ConnectivityService: requestNetwork for uid/pid:10824/16719 NetworkRequest [ TRACK_DEFAULT id=24811, [ Capabilities: INTERNET&NOT_RESTRICTED&TRUSTED&NOT_VPN] ]
02-04 22:08:33.679  1456  2099 D Ethernet: got request NetworkRequest [ TRACK_DEFAULT id=24811, [ Capabilities: INTERNET&NOT_RESTRICTED&TRUSTED&NOT_VPN] ] with score 60
02-04 22:08:33.679  1456  2054 D WIFI_UT : got request NetworkRequest [ TRACK_DEFAULT id=24811, [ Capabilities: INTERNET&NOT_RESTRICTED&TRUSTED&NOT_VPN] ] with score 60
02-04 22:08:33.679  1456  2054 D WIFI    : got request NetworkRequest [ TRACK_DEFAULT id=24811, [ Capabilities: INTERNET&NOT_RESTRICTED&TRUSTED&NOT_VPN] ] with score 60
02-04 22:08:33.679  2398  2398 D PhoneSwitcherNetworkRequstListener: got request NetworkRequest [ TRACK_DEFAULT id=24811, [ Capabilities: INTERNET&NOT_RESTRICTED&TRUSTED&NOT_VPN] ] with score 60
02-04 22:08:33.687 16719 16958 I chatty  : uid=10824(org.mozilla.fenix.nightly) expire 9 lines
02-04 22:08:33.750 13975  5526 I Icing   : Indexing com.google.android.gms-apps from com.google.android.gms
02-04 22:08:33.801 13975  5526 I Icing   : Indexing done com.google.android.gms-apps
02-04 22:08:34.190 16719 16765 I chatty  : uid=10824(org.mozilla.fenix.nightly) expire 1 line
02-04 22:08:34.194  1456  2067 D ConnectivityService: releasing NetworkRequest [ TRACK_DEFAULT id=24811, [ Capabilities: INTERNET&NOT_RESTRICTED&TRUSTED&NOT_VPN] ] (release request)
02-04 22:08:38.094  1456  5797 I ActivityManager: Force stopping org.mozilla.fenix.nightly appid=10824 user=0: from pid 16963
02-04 22:08:38.094  1456  5797 I ActivityManager: Killing 16719:org.mozilla.fenix.nightly/u0a824 (adj 700): stop org.mozilla.fenix.nightly
02-04 22:08:38.097  1456  1605 W zygote  : kill(-16719, 9) failed: No such process
02-04 22:08:38.099  1456  5797 W ActivityManager: Force removing ActivityRecord{79252a8 u0 org.mozilla.fenix.nightly/org.mozilla.fenix.HomeActivity t22893}: app died, no saved state
02-04 22:08:38.099 16811 16811 I chatty  : uid=10824(org.mozilla.fenix.nightly) expire 1 line
02-04 22:08:38.107  1456  5797 I ActivityManager: Killing 16835:org.mozilla.fenix.nightly:socket/u0a824 (adj 0): stop org.mozilla.fenix.nightly
02-04 22:08:38.112  1456  1605 W zygote  : kill(-16719, 9) failed: No such process
02-04 22:08:38.112  1456  5797 I ActivityManager: Killing 16811:org.mozilla.fenix.nightly:tab/u0a824 (adj 0): stop org.mozilla.fenix.nightly
02-04 22:08:38.124  2398  2398 D CarrierSvcBindHelper: No carrier app for: 0
02-04 22:08:38.126  2398  2398 D CarrierSvcBindHelper: No carrier app for: 1
02-04 22:08:38.127  1456  1605 W zygote  : kill(-16719, 9) failed: No such process
02-04 22:08:38.178  1456  1673 W ActivityManager: setHasOverlayUi called on unknown pid: 16719
02-04 22:08:38.180  1456  1605 I chatty  : uid=1000(system) ActivityManager identical 8 lines
02-04 22:08:38.196  1456  1605 W zygote  : kill(-16719, 9) failed: No such process
02-04 22:08:38.196  1456  1605 I zygote  : Successfully killed process cgroup uid 10824 pid 16719 in 99ms
02-04 22:08:38.196  1456  1605 W zygote  : kill(-16835, 9) failed: No such process
02-04 22:08:38.196  1456  1605 I zygote  : Successfully killed process cgroup uid 10824 pid 16835 in 0ms
02-04 22:08:38.196  1456  1605 W zygote  : kill(-16811, 9) failed: No such process
02-04 22:08:38.196  1456  1605 I zygote  : Successfully killed process cgroup uid 10824 pid 16811 in 0ms
02-04 22:08:38.222  1456  5797 I ActivityManager: START u0 {act=android.intent.action.MAIN cat=[android.intent.category.LAUNCHER] flg=0x10000000 cmp=org.mozilla.fenix.nightly/org.mozilla.fenix.HomeActivity} from uid 2000
02-04 22:08:38.223   794   839 E ANDR-PERF-RESOURCEQS: Failed to apply optimization [4, 0]
02-04 22:08:38.242  1456  7556 I ActivityManager: Start proc 16970:org.mozilla.fenix.nightly/u0a824 for activity org.mozilla.fenix.nightly/org.mozilla.fenix.HomeActivity
02-04 22:08:38.331 20023 20165 I MicroDetectionState: Should stop hotword detection immediately - false
02-04 22:08:38.331 20023 20165 I MicroDetector: Keeping mic open: false
02-04 22:08:38.331 20023 20165 I RecognitionAudioControl: #shutdownAudio [requestId: -5157533210442940860, keepAudioOpen: false, forced: true]
02-04 22:08:38.331 20023 20165 I RecognitionAudioControl: #internalShutdownAudio [requestId: -5157533210442940860]
02-04 22:08:38.332 20023 20165 I RecognitionAudioControl: #internalShutdownAudio [keepAudioOpen: false, forced: true]
02-04 22:08:38.332 20023 11076 E DeviceStateChecker: DeviceStateChecker cancelled
02-04 22:08:38.332 20023 20165 I RecognitionAudioControl: #actualShutdownAudio
02-04 22:08:38.332 20023 20165 I AudioController: #shutdown [requestId=-5157533210442940860]
02-04 22:08:38.332 20023 20071 I AudioController: internalShutdown
02-04 22:08:38.333 20023 20115 I MicroRecognitionRunner: Stopping hotword detection.
02-04 22:08:38.386   788  1479 D audio_hw_primary: disable_audio_route: usecase(9) reset and update mixer path: audio-record
02-04 22:08:38.387   788  1479 D audio_hw_primary: disable_snd_device: snd_device(120: voice-rec-mic)
02-04 22:08:38.389  1012  1302 D APM_AudioPolicyManager: stopInput() input 120798, session 120873
02-04 22:08:38.390   788   788 D audio_hw_primary: in_set_parameters: enter: kvpairs=routing=0
02-04 22:08:38.391 20023 20071 I MicrophoneInputStream: mic_close  SR : 16000 CC : 16 SO : 1999
02-04 22:08:38.392 20023 20071 E AudioSource: Stop listening is called on already closed AudioSource
02-04 22:08:38.393 20023 20105 I MicroRecognitionRunner: Detection finished
02-04 22:08:38.404 16970 16970 I chatty  : uid=10824(org.mozilla.fenix.nightly) expire 45 lines
02-04 22:08:38.474 16970 16988 I chatty  : uid=10824(org.mozilla.fenix.nightly) expire 4 lines
02-04 22:08:38.526 16970 16994 I chatty  : uid=10824(org.mozilla.fenix.nightly) expire 8 lines
02-04 22:08:38.558 16970 16998 I chatty  : uid=10824(org.mozilla.fenix.nightly) expire 11 lines
02-04 22:08:38.572 16970 16975 I chatty  : uid=10824(org.mozilla.fenix.nightly) expire 11 lines
02-04 22:08:38.615 16970 17004 I chatty  : uid=10824(org.mozilla.fenix.nightly) expire 30 lines
02-04 22:08:38.680   808   898 I SFPerfTracer:      triggers: (rate: 0:0) (0 sw vsyncs) (0 skipped) (17:3463417 vsyncs) (19:6164749)
02-04 22:08:38.684   808   808 I SFPerfTracer:      triggers: (rate: 50:549225) (compose: 0:6) (post: 0:14) (render: 0:11) (16:4634945 frames) (17:6116106)
02-04 22:08:38.684   808   808 D SFPerfTracer:        layers: (3:13) (NavigationBar#0 (0xb07df000): 9:501022) (StatusBar#0 (0xb07e3000): 9:1437354) (com.android.systemui.ImageWallpaper#0 (0xb07e7000): 0:43334)* (Sprite#0 (0xb0733000): 0:317)* (DimLayerController/Stack=0#0 (0xb075a000): 0:3589)* (Sprite#1 (0xb077c000): 0:195)* (com.android.launcher3/com.android.launcher3.CustomizationPanelLauncher#0 (0xb0763000): 0:40)- (com.android.launcher3/com.android.launcher3.CustomizationPanelLauncher#1 (0xb0771000): 0:10)- (Splash Screen org.mozilla.fenix.nightly#0 (0xb0384000): 0:31)- (org.mozilla.fenix.nightly/org.mozilla.fenix.HomeActivity#0 (0xb039b000): 0:46)- (com.android.launcher3/com.android.launcher3.CustomizationPanelLauncher#0 (0xb0763000): 0:39)* (com.android.launcher3/com.android.launcher3.CustomizationPanelLauncher#1 (0xb0771000): 0:10)* (Splash Screen org.mozilla.fenix.nightly#0 (0xb0384000): 16:19) 
02-04 22:08:38.748 16970 17009 I chatty  : uid=10824(org.mozilla.fenix.nightly) expire 2 lines
02-04 22:08:38.767 16970 17018 I chatty  : uid=10824(org.mozilla.fenix.nightly) expire 6 lines
02-04 22:08:38.772 16970 17021 I chatty  : uid=10824(org.mozilla.fenix.nightly) expire 10 lines
02-04 22:08:39.094 16970 17061 I chatty  : uid=10824(org.mozilla.fenix.nightly) expire 9 lines
02-04 22:08:39.100  1456  5797 I ActivityManager: Start proc 17063:org.mozilla.fenix.nightly:tab/u0a824 for service org.mozilla.fenix.nightly/org.mozilla.gecko.process.GeckoServiceChildProcess$tab
02-04 22:08:39.178  1456  7556 I WifiService: getDhcpInfo uid=10824
02-04 22:08:39.228  1456  7556 I ActivityManager: Start proc 17086:org.mozilla.fenix.nightly:socket/u0a824 for service org.mozilla.fenix.nightly/org.mozilla.gecko.process.GeckoServiceChildProcess$socket
02-04 22:08:39.239 17063 17063 I chatty  : uid=10824(org.mozilla.fenix.nightly) expire 2 lines
02-04 22:08:39.239 17063 17099 I chatty  : uid=10824(org.mozilla.fenix.nightly) expire 1 line
02-04 22:08:39.361 17086 17086 I chatty  : uid=10824(org.mozilla.fenix.nightly) expire 2 lines
02-04 22:08:39.362 17086 17104 I chatty  : uid=10824(org.mozilla.fenix.nightly) expire 15 lines
02-04 22:08:39.396  1456 10366 I ActivityManager: Displayed org.mozilla.fenix.nightly/org.mozilla.fenix.HomeActivity: +1s165ms
02-04 22:08:39.396  1456 10366 I ActivityManager: Fully drawn org.mozilla.fenix.nightly/org.mozilla.fenix.HomeActivity: +1s165ms
02-04 22:08:39.463  1456  1673 I LaunchCheckinHandler: Displayed org.mozilla.fenix.nightly/org.mozilla.fenix.HomeActivity,cp,ca,1233
02-04 22:08:39.498 14183 14183 I Finsky  : [2] ppb.onTrimMemory(1): Memory trim requested to level 80
02-04 22:08:39.512 20023 20023 I MemoryTrimmer: Trimming objects from memory, since app is in the background.
02-04 22:08:39.526 20023  4519 I PBSessionCacheImpl: Deleted sessionId[88063665787503841] from persistence.
02-04 22:08:39.527 20023 20023 I MemoryTrimmer: Trimming objects from memory, since app is in the background.
02-04 22:08:39.532  1456  5797 I WifiService: getWifiEnabledState uid=10073
02-04 22:08:39.542 20023 20165 W SearchServiceCore: Abort, client detached.
02-04 22:08:40.459 16970 17153 I chatty  : uid=10824(org.mozilla.fenix.nightly) expire 2 lines
02-04 22:08:43.725  2398  2398 D ImsResolver: maybeAddedImsService, packageName: org.mozilla.fenix.nightly
02-04 22:08:43.726  1456  1600 W ResourceType: No known package when getting value for resource number 0x7f0801a0
02-04 22:08:43.730  1456  1942 I InputReader: Reconfiguring input devices.  changes=0x00000010
02-04 22:08:43.731  2360  2360 D MayaFrameworkProxyService: receive intent :Intent { act=android.intent.action.PACKAGE_CHANGED dat=package:org.mozilla.fenix.nightly flg=0x45000010 (has extras) }
02-04 22:08:43.734  1456  1600 W ResourceType: No known package when getting value for resource number 0x7f120106
02-04 22:08:43.734  1456  1600 W ResourceType: No known package when getting value for resource number 0x7f120106
02-04 22:08:43.734  1456  1600 W ResourceType: No known package when getting value for resource number 0x7f08019e
02-04 22:08:43.734  1456  1600 W ResourceType: No known package when getting value for resource number 0x7f120105
02-04 22:08:43.734  1456  1600 W ResourceType: No known package when getting value for resource number 0x7f120105
02-04 22:08:43.763  1456  1456 I TelecomService: DefaultDialerCache: Refreshing default dialer for user 0: now com.android.dialer: DDC.oR@C3Y
02-04 22:08:43.837  2398  2398 D CarrierSvcBindHelper: No carrier app for: 0
02-04 22:08:43.838  2398  2398 D CarrierSvcBindHelper: No carrier app for: 1
02-04 22:08:43.844  2398  2398 E VvmPkgInstalledRcvr: cannot create TelephonyManager from ComponentInfo{com.android.phone/com.android.services.telephony.TelephonyConnectionService}, [****], UserHandle{0}
02-04 22:08:43.880 17178 17178 D AndroidRuntime: >>>>>> START com.android.internal.os.RuntimeInit uid 2000 <<<<<<
02-04 22:08:43.881 13975 14047 I Icing   : IndexChimeraService.getServiceInterface callingPackage=com.google.android.gms componentName=AppsCorpus serviceId=36
02-04 22:08:43.891 13975  9318 W Icing   : No valid account for uploading user actions
02-04 22:08:43.894 17178 17178 W app_process: Could not reserve sentinel fault page
02-04 22:08:43.973 13975  9318 I Icing   : Usage reports ok 1, Failed Usage reports 0, indexed 0, rejected 0
02-04 22:08:43.975 13975  9318 I Icing   : Indexing com.google.android.gms-internal.3p:MobileApplication from com.google.android.gms using seqno 2511
02-04 22:08:44.016 13975 13985 I zygote  : Background concurrent copying GC freed 136246(8MB) AllocSpace objects, 46(2MB) LOS objects, 50% free, 9MB/19MB, paused 327us total 125.476ms
02-04 22:08:44.066 17178 17178 I app_process: The ClassLoaderContext is a special shared library.
02-04 22:08:44.131 17178 17178 D AndroidRuntime: Calling main entry com.android.commands.input.Input
02-04 22:08:44.132 17178 17178 I Input   : injectKeyEvent: KeyEvent { action=ACTION_DOWN, keyCode=KEYCODE_HOME, scanCode=0, metaState=0, flags=0x0, repeatCount=0, eventTime=13292655640, downTime=13292655640, deviceId=-1, source=0x101 }
02-04 22:08:44.141 17178 17178 I Input   : injectKeyEvent: KeyEvent { action=ACTION_UP, keyCode=KEYCODE_HOME, scanCode=0, metaState=0, flags=0x0, repeatCount=0, eventTime=13292655640, downTime=13292655640, deviceId=-1, source=0x101 }
02-04 22:08:44.148  1456  1941 I ActivityManager: START u0 {act=android.intent.action.MAIN cat=[android.intent.category.HOME] flg=0x10200000 cmp=com.android.launcher3/.CustomizationPanelLauncher (has extras)} from uid 1000
02-04 22:08:44.148   794   839 E ANDR-PERF-RESOURCEQS: Failed to apply optimization [4, 0]
02-04 22:08:44.160  1456  1941 I ActivityManager: moveHomeStack, setupComplete:true
02-04 22:08:44.163 17178 17178 D AndroidRuntime: Shutting down VM
02-04 22:08:44.169 20023 20118 I Adreno  : QUALCOMM build                   : bb5b86c, I77d3059488
02-04 22:08:44.169 20023 20118 I Adreno  : Build Date                       : 06/07/18
02-04 22:08:44.169 20023 20118 I Adreno  : OpenGL ES Shader Compiler Version: EV031.22.00.01_06
02-04 22:08:44.169 20023 20118 I Adreno  : Local Branch                     : 
02-04 22:08:44.169 20023 20118 I Adreno  : Remote Branch                    : refs/tags/AU_LINUX_ANDROID_LA.UM.6.5.R1.08.01.00.312.086
02-04 22:08:44.169 20023 20118 I Adreno  : Remote Branch                    : NONE
02-04 22:08:44.169 20023 20118 I Adreno  : Reconstruct Branch               : NOTHING
02-04 22:08:44.171 20023 20118 D vndksupport: Loading /vendor/lib/hw/gralloc.msm8937.so from current namespace instead of sphal namespace.
02-04 22:08:44.175 20023 20118 I Adreno  : PFP: 0x005ff087, ME: 0x005ff063
02-04 22:08:44.179 20023 20118 I zygote  : android::hardware::configstore::V1_0::ISurfaceFlingerConfigs::hasWideColorDisplay retrieved: 0
02-04 22:08:44.180 20023 20118 I OpenGLRenderer: Initialized EGL, version 1.4
02-04 22:08:44.180 20023 20118 D OpenGLRenderer: Swap behavior 2
02-04 22:08:44.186  2748  2748 D Launcher.Utilities: Wakeup weather: Intent { act=com.motorola.launcher3.action.WAKEUP_WEATHER cmp=com.motorola.timeweatherwidget/com.motorola.commandcenter.weather.WakeUpService }
02-04 22:08:44.199  1456  1456 I NotificationService: Cannot find enqueued record for key: 0|com.motorola.timeweatherwidget|1|null|10116
02-04 22:08:44.205   808   808 D SurfaceFlinger: duplicate layer name: changing com.android.launcher3/com.android.launcher3.CustomizationPanelLauncher to com.android.launcher3/com.android.launcher3.CustomizationPanelLauncher#1
02-04 22:08:44.219 20023 20101 W ThreadPoolDumper: Queue length for executor EventBus is now 11. Perhaps some tasks are too long, or the pool is too small.
02-04 22:08:44.224  1456  5050 I WifiService: getWifiEnabledState uid=10073
02-04 22:08:44.233 20023 11072 I zygote  : Deoptimizing void com.bumptech.glide.load.b.s.h() due to class hierarchy analysis
02-04 22:08:44.236  1456 10962 I WifiService: getWifiEnabledState uid=10073
02-04 22:08:44.254 14183 14183 I Finsky  : [2] ppb.onTrimMemory(1): Memory trim requested to level 80
02-04 22:08:44.264 20023 20165 I MicroDetectionState: Should stop hotword detection immediately - false
02-04 22:08:44.269 20023 20165 I MicroDetectionWorker: #startMicroDetector [speakerMode: 0]
02-04 22:08:44.271 20023 20165 I AudioController: Created new AudioSource
02-04 22:08:44.297 20023 20071 I MicroDataManager: isInitializedWithLatestParams-true
