01-16 21:44:44.540 32365 32708 D PushObserver: Received new push subscription from AutoPushSubscription(type=Services, endpoint=https://updates.push.services.mozilla.com/wpush/v1/gAAAAABeIR-Zp1w5vWJZyqWQjXveaN6sUNZ9BOWAWYNKgbejNMsYSTWSCVGD4WOTtwN2P2WwZoVysFR0bL5Jy6tBAAK_88XlON_njxgsbHyW6bbMkA8Y6M1qsylIZHUitZDiY9b4TTOn, publicKey=BP24T6eiloGhhsfZqtgbEv8gP9W8gQN9W12KPnS2Ra1DtEXm3q7pRDsti003n0aRRu9NxFjwR47ycjNWb5-Hrm8, authKey=cBiKRLMK3J7pKj5E6_Ba_A).type
01-16 21:44:44.543 32365 32708 D push_ffi: push_get_subscription
01-16 21:44:44.681 32365 32708 D PushObserver: Received new push subscription from AutoPushSubscription(type=WebPush, endpoint=https://updates.push.services.mozilla.com/wpush/v1/gAAAAABeIR-Zabs5UjF0HxEFTiIuGXi36hYxQ6NcMPLPS3K2i4r03VW87ndMRh36I3fjJOWE2OZVez-Jis-WN0BwhMgiTQIIMiUdfZu30V0FRRdAjDLGdPzoB8KC34lMR5vKSk0OeomC, publicKey=BCk3JTFYqdYwZEPodlhCrGrfJTuhRY4pSotvapF5UGv8rXkYIk5YrOt9nC4D60khDvY3RzyY4UUPj71W0XzCAXw, authKey=P37MXDPmPs8v8m-v6nDbxA).type
01-16 21:44:44.893 32712 32712 D AndroidRuntime: >>>>>> START com.android.internal.os.RuntimeInit uid 2000 <<<<<<
01-16 21:44:44.906 32712 32712 W app_process: Could not reserve sentinel fault page
01-16 21:44:45.012 32365 32455 D SessionStorage/AutoSave: Saved state to disk [7ms]
01-16 21:44:45.012 20319 28336 I Icing   : Indexing com.google.android.gms-apps from com.google.android.gms
01-16 21:44:45.074 32712 32712 I app_process: The ClassLoaderContext is a special shared library.
01-16 21:44:45.098 20319 28336 I Icing   : Indexing done com.google.android.gms-apps
01-16 21:44:45.141 32712 32712 D AndroidRuntime: Calling main entry com.android.commands.input.Input
01-16 21:44:45.145 32712 32712 I Input   : injectKeyEvent: KeyEvent { action=ACTION_DOWN, keyCode=KEYCODE_HOME, scanCode=0, metaState=0, flags=0x0, repeatCount=0, eventTime=11676313872, downTime=11676313872, deviceId=-1, source=0x101 }
01-16 21:44:45.151 32712 32712 I Input   : injectKeyEvent: KeyEvent { action=ACTION_UP, keyCode=KEYCODE_HOME, scanCode=0, metaState=0, flags=0x0, repeatCount=0, eventTime=11676313872, downTime=11676313872, deviceId=-1, source=0x101 }
01-16 21:44:45.159  1456  1941 I ActivityManager: START u0 {act=android.intent.action.MAIN cat=[android.intent.category.HOME] flg=0x10200000 cmp=com.android.launcher3/.CustomizationPanelLauncher (has extras)} from uid 1000
01-16 21:44:45.159   794   839 E ANDR-PERF-RESOURCEQS: Failed to apply optimization [4, 0]
01-16 21:44:45.172  1456  1941 I ActivityManager: moveHomeStack, setupComplete:true
01-16 21:44:45.180 26094 26219 I Adreno  : QUALCOMM build                   : bb5b86c, I77d3059488
01-16 21:44:45.180 26094 26219 I Adreno  : Build Date                       : 06/07/18
01-16 21:44:45.180 26094 26219 I Adreno  : OpenGL ES Shader Compiler Version: EV031.22.00.01_06
01-16 21:44:45.180 26094 26219 I Adreno  : Local Branch                     : 
01-16 21:44:45.180 26094 26219 I Adreno  : Remote Branch                    : refs/tags/AU_LINUX_ANDROID_LA.UM.6.5.R1.08.01.00.312.086
01-16 21:44:45.180 26094 26219 I Adreno  : Remote Branch                    : NONE
01-16 21:44:45.180 26094 26219 I Adreno  : Reconstruct Branch               : NOTHING
01-16 21:44:45.184 26094 26219 D vndksupport: Loading /vendor/lib/hw/gralloc.msm8937.so from current namespace instead of sphal namespace.
01-16 21:44:45.185 32712 32712 D AndroidRuntime: Shutting down VM
01-16 21:44:45.189 26094 26219 I Adreno  : PFP: 0x005ff087, ME: 0x005ff063
01-16 21:44:45.194 26094 26219 I zygote  : android::hardware::configstore::V1_0::ISurfaceFlingerConfigs::hasWideColorDisplay retrieved: 0
01-16 21:44:45.195 26094 26219 I OpenGLRenderer: Initialized EGL, version 1.4
01-16 21:44:45.195 26094 26219 D OpenGLRenderer: Swap behavior 2
01-16 21:44:45.200  2748  2748 D Launcher.Utilities: Wakeup weather: Intent { act=com.motorola.launcher3.action.WAKEUP_WEATHER cmp=com.motorola.timeweatherwidget/com.motorola.commandcenter.weather.WakeUpService }
01-16 21:44:45.217  1456  1456 I NotificationService: Cannot find enqueued record for key: 0|com.motorola.timeweatherwidget|1|null|10116
01-16 21:44:45.225   808   808 D SurfaceFlinger: duplicate layer name: changing com.android.launcher3/com.android.launcher3.CustomizationPanelLauncher to com.android.launcher3/com.android.launcher3.CustomizationPanelLauncher#1
01-16 21:44:45.244 26094 26198 W ThreadPoolDumper: Queue length for executor EventBus is now 11. Perhaps some tasks are too long, or the pool is too small.
01-16 21:44:45.247  1456  5027 I WifiService: getWifiEnabledState uid=10073
01-16 21:44:45.259  1456  2921 I WifiService: getWifiEnabledState uid=10073
01-16 21:44:45.278 32365 32365 D GeckoSession: handleMessage GeckoView:StateUpdated uri=null
01-16 21:44:45.318  1456  1673 I LaunchCheckinHandler: Displayed com.android.launcher3/.CustomizationPanelLauncher,wp,wa,159
01-16 21:44:45.323 32470 32470 I Finsky  : [2] pxp.onTrimMemory(1): Memory trim requested to level 80
01-16 21:44:45.332 26094 26271 I MicroDetectionState: Should stop hotword detection immediately - false
01-16 21:44:45.346 26094 26271 I MicroDetectionWorker: #startMicroDetector [speakerMode: 0]
01-16 21:44:45.351 26094 26271 I AudioController: Created new AudioSource
01-16 21:44:45.356 26094 26197 I MicroDataManager: isInitializedWithLatestParams-true
01-16 21:44:45.357 26094 26197 I MicroDataManager: isInitializing-false locale not changed-true model not changed-true
01-16 21:44:45.358 26094 26197 I MicroDataManager: Already initialized, obtaining the hotword data immediately.
01-16 21:44:45.367 26094 26315 I MicroRecognitionRunner: Starting detection.
01-16 21:44:45.368 26094 26315 I InputStreamUtils: Using micInputStream
01-16 21:44:45.369 26094 29273 I MicrophoneInputStream: mic_starting  SR : 16000 CC : 16 SO : 1999
01-16 21:44:45.375   788  1401 V msm8974_platform: platform_check_input_mask: enter check_input_mask source 6 mask 10
01-16 21:44:45.379  1012 32728 I AudioFlinger: AudioFlinger's thread 0xb2483180 tid=32728 ready to run
01-16 21:44:45.386   788  1479 D audio_hw_primary: in_set_parameters: enter: kvpairs=input_source=6;routing=-2147483644
01-16 21:44:45.387  1012 11919 D APM_AudioPolicyManager: AudioPolicyManager::startInput() input 95870, session 95937, source = 1999
01-16 21:44:45.388 26094 29273 I MicrophoneInputStream: mic_started  SR : 16000 CC : 16 SO : 1999
01-16 21:44:45.394   788 32729 V msm8974_platform: platform_update_usecase_from_source: input source :6
01-16 21:44:45.394   788 32729 V msm8974_platform: platform_check_input_mask: enter check_input_mask source 6 mask 10
01-16 21:44:45.394   788 32729 V msm8974_platform: platform_get_input_snd_device: enter: out_device(0) in_device(0x4) channel_count (1) channel_mask (0x10)
01-16 21:44:45.394   788 32729 V msm8974_platform: platform_get_input_snd_device: exit: in_snd_device(voice-rec-mic)
01-16 21:44:45.394   788 32729 V msm8974_platform: platform_get_backend_index:napb: backend port - 5 device - 120 
01-16 21:44:45.394   788 32729 V msm8974_platform: platform_check_and_set_capture_backend_cfg:txbecf: afe: bitwidth 0, samplerate 0, channel 1, backend_idx 5 usecase = 9 device (voice-rec-mic)
01-16 21:44:45.394   788 32729 V msm8974_platform: platform_check_capture_backend_cfg:txbecf: afe: Codec selected backend: 5 current bit width: 0 and sample rate: 0, channels 1
01-16 21:44:45.394   788 32729 V msm8974_platform: platform_check_capture_backend_cfg:txbecf: afe: Codec selected backend: 5 updated bit width: 0 and sample rate: 0
01-16 21:44:45.394   788 32729 I msm8974_platform: platform_check_capture_backend_cfg:txbecf: afe: Codec backend needs to be updated. new bit width: 0 new sample rate: 0 new channel: 1
01-16 21:44:45.394   788 32729 V msm8974_platform: platform_get_backend_index:napb: backend port - 5 device - 120 
01-16 21:44:45.394   788 32729 V msm8974_platform: platform_set_backend_cfg:becf: afe: bitwidth 0, samplerate 0 channels 1, backend_idx 5 device (voice-rec-mic)
01-16 21:44:45.395   788 32729 E msm8974_platform: platform_set_backend_cfg:becf: afe: Could not get ctl for mixer command - SLIM_0_TX Format
01-16 21:44:45.395   788 32729 V msm8974_platform: platform_send_audio_calibration: sending audio calibration for snd_device(120) acdb_id(62)
01-16 21:44:45.395   788 32729 D ACDB-LOADER: ACDB -> send_audio_cal, acdb_id = 62, path = 1, app id = 0x11130, sample rate = 48000
01-16 21:44:45.395   788 32729 D ACDB-LOADER: ACDB -> send_asm_topology
01-16 21:44:45.395   788 32729 D ACDB-LOADER: ACDB -> ACDB_CMD_GET_AUDPROC_STREAM_TOPOLOGY_ID
01-16 21:44:45.395   788 32729 D ACDB-LOADER: ACDB -> send_adm_topology
01-16 21:44:45.395   788 32729 D ACDB-LOADER: ACDB -> ACDB_CMD_GET_AUDPROC_COMMON_TOPOLOGY_ID
01-16 21:44:45.395   788 32729 D ACDB-LOADER: ACDB -> send_audtable
01-16 21:44:45.395   788 32729 D ACDB-LOADER: ACDB -> ACDB_CMD_GET_AUDPROC_COMMON_TABLE_SIZE
01-16 21:44:45.395   788 32729 D ACDB-LOADER: ACDB -> ACDB_CMD_GET_AUDPROC_COMMON_TABLE
01-16 21:44:45.395   788 32729 D ACDB-LOADER: ACDB -> AUDIO_SET_AUDPROC_CAL
01-16 21:44:45.395   788 32729 D ACDB-LOADER: ACDB -> send_audvoltable
01-16 21:44:45.395   788 32729 D ACDB-LOADER: ACDB -> ACDB_CMD_GET_AUDPROC_VOL_STEP_TABLE_SIZE
01-16 21:44:45.395   788 32729 D ACDB-LOADER: ACDB -> ACDB_CMD_GET_AUDPROC_GAIN_DEP_STEP_TABLE, vol index 0
01-16 21:44:45.395   788 32729 D         : Failed to fetch the lookup information of the device 0000003E 
01-16 21:44:45.396   788 32729 D ACDB-LOADER: ACDB -> AUDIO_SET_VOL_CAL cal type = 12
01-16 21:44:45.396   788 32729 D ACDB-LOADER: ACDB -> ACDB_CMD_GET_AUDPROC_STREAM_TABLE_SIZE
01-16 21:44:45.396   788 32729 D ACDB-LOADER: ACDB -> send_audstrmtable
01-16 21:44:45.396   788 32729 D ACDB-LOADER: ACDB -> ACDB_CMD_GET_AUDPROC_STREAM_TABLE_V2
01-16 21:44:45.396   788 32729 D ACDB-LOADER: ACDB -> audstrm_cal->cal_type.cal_data.cal_size = 456
01-16 21:44:45.396   788 32729 D ACDB-LOADER: ACDB -> send_afe_topology
01-16 21:44:45.396   788 32729 D ACDB-LOADER: ACDB -> ACDB_CMD_GET_AFE_TOPOLOGY_ID
01-16 21:44:45.396   788 32729 D ACDB-LOADER: ACDB -> GET_AFE_TOPOLOGY_ID for adcd_id 62, Topology Id 112fb
01-16 21:44:45.396   788 32729 D ACDB-LOADER: ACDB -> send_afe_cal
01-16 21:44:45.396   788 32729 D ACDB-LOADER: ACDB -> ACDB_CMD_GET_AFE_COMMON_TABLE_SIZE
01-16 21:44:45.396   788 32729 D         : Failed to fetch the lookup information of the device 0000003E 
01-16 21:44:45.396   788 32729 E ACDB-LOADER: Error: ACDB_CMD_GET_AFE_COMMON_TABLE_SIZE Returned = -19
01-16 21:44:45.396   788 32729 D ACDB-LOADER: ACDB -> ACDB_CMD_GET_AFE_COMMON_TABLE
01-16 21:44:45.396   788 32729 D         : Failed to fetch the lookup information of the device 0000003E 
01-16 21:44:45.396   788 32729 D ACDB-LOADER: ACDB -> AUDIO_SET_AFE_CAL
01-16 21:44:45.396   788 32729 D ACDB-LOADER: ACDB -> send_hw_delay : acdb_id = 62 path = 1
01-16 21:44:45.396   788 32729 D ACDB-LOADER: ACDB -> ACDB_AVSYNC_INFO: ACDB_CMD_GET_DEVICE_PROPERTY
01-16 21:44:45.396   788 32729 D audio_hw_primary: enable_snd_device: snd_device(120: voice-rec-mic)
01-16 21:44:45.396   788 32729 D audio_route: Apply path: voice-rec-mic
01-16 21:44:45.399   788 32729 V msm8974_platform: platform_get_snd_device_backend_index: enter with device 120
01-16 21:44:45.399   788 32729 E msm8974_platform: platform_get_snd_device_backend_index: BE DAI Name Table is not present
01-16 21:44:45.399   788 32729 V msm8974_platform: platform_get_backend_index:napb: backend port - 5 device - 120 
01-16 21:44:45.399   788 32729 I audio_hw_utils: Set Audio Stream Capture 0 App Type Cfg: app_type 69936, acdb_dev_id 62, sample_rate 48000, snd_device_be_idx -14
01-16 21:44:45.399   788 32729 D audio_hw_primary: enable_audio_route: usecase(9) apply and update mixer path: audio-record
01-16 21:44:45.399   788 32729 D audio_route: Apply path: audio-record
01-16 21:44:45.469 26094 26271 I MicroDetectionWorker: onReady
01-16 21:44:45.471  2146  2165 I zygote  : NativeAlloc concurrent copying GC freed 19281(1031KB) AllocSpace objects, 0(0B) LOS objects, 49% free, 8MB/17MB, paused 147us total 135.838ms
01-16 21:44:45.726  1456  7796 I OpenGLRenderer: Initialized EGL, version 1.4
01-16 21:44:45.726  1456  7796 D OpenGLRenderer: Swap behavior 2
01-16 21:44:45.772  2748  2917 W OpenGLRenderer: Incorrectly called buildLayer on View: ShortcutAndWidgetContainer, destroying layer...
01-16 21:44:45.865 32365 32365 D GeckoRuntime: Lifecycle: onPause
01-16 21:44:45.865 32365 32365 D GeckoNetworkManager: Incoming event stop for state OnWithListeners -> OffWithListeners
01-16 21:44:45.866 32365 32365 I SessionStorage/AutoSave: Save: Background
01-16 21:44:45.875 32365 32455 D SessionStorage/AutoSave: Saved state to disk [9ms]
01-16 21:44:45.877 32365 32390 I libglean_ffi: glean_core::ping: Collecting baseline
01-16 21:44:45.882 32365 32390 D libglean_ffi: glean_core::ping: Storing ping 'e88ac8c0-1595-4697-83cf-1000f94035c7' at '/data/user/0/org.mozilla.fenix.nightly/glean_data/pending_pings/e88ac8c0-1595-4697-83cf-1000f94035c7'
01-16 21:44:45.882 32365 32390 I libglean_ffi: glean_core: The ping 'baseline' was submitted and will be sent as soon as possible
01-16 21:44:45.882 32365 32390 I libglean_ffi: glean_core::ping: Collecting events
01-16 21:44:45.887 32365 32390 D libglean_ffi: glean_core::ping: Storing ping 'cbf3c64c-5ffa-45bd-b756-8aeda8f836fd' at '/data/user/0/org.mozilla.fenix.nightly/glean_data/pending_pings/cbf3c64c-5ffa-45bd-b756-8aeda8f836fd'
01-16 21:44:45.887 32365 32390 I libglean_ffi: glean_core: The ping 'events' was submitted and will be sent as soon as possible
01-16 21:44:45.927  1456  2204 D ConnectivityService: requestNetwork for uid/pid:10750/32365 NetworkRequest [ TRACK_DEFAULT id=19868, [ Capabilities: INTERNET&NOT_RESTRICTED&TRUSTED&NOT_VPN] ]
01-16 21:44:45.928  1456  2099 D Ethernet: got request NetworkRequest [ TRACK_DEFAULT id=19868, [ Capabilities: INTERNET&NOT_RESTRICTED&TRUSTED&NOT_VPN] ] with score 60
01-16 21:44:45.928  1456  2054 D WIFI_UT : got request NetworkRequest [ TRACK_DEFAULT id=19868, [ Capabilities: INTERNET&NOT_RESTRICTED&TRUSTED&NOT_VPN] ] with score 60
01-16 21:44:45.929  1456  2054 D WIFI    : got request NetworkRequest [ TRACK_DEFAULT id=19868, [ Capabilities: INTERNET&NOT_RESTRICTED&TRUSTED&NOT_VPN] ] with score 60
01-16 21:44:45.929  2398  2398 D PhoneSwitcherNetworkRequstListener: got request NetworkRequest [ TRACK_DEFAULT id=19868, [ Capabilities: INTERNET&NOT_RESTRICTED&TRUSTED&NOT_VPN] ] with score 60
01-16 21:44:45.939 32365 32732 D glean/PingUploadWorker: Processing persisted pings at /data/user/0/org.mozilla.fenix.nightly/glean_data/pending_pings
01-16 21:44:45.940 32365 32732 D glean/PingUploadWorker: Processing ping: e88ac8c0-1595-4697-83cf-1000f94035c7
01-16 21:44:45.943 32365 32732 D glean/ConceptFetchHttpUploader: Submitting ping to: https://incoming.telemetry.mozilla.org/submit/org-mozilla-fenix-nightly/baseline/1/e88ac8c0-1595-4697-83cf-1000f94035c7
01-16 21:44:46.189 32365 32406 I Gecko   : 1579229086189	addons.xpi-utils	WARN	Synchronous load of XPI database due to getAddonsByType([theme]) Stack: getAddonsByType@resource://gre/modules/addons/XPIDatabase.jsm:2049:21
01-16 21:44:46.189 32365 32406 I Gecko   : installBuiltinAddon@resource://gre/modules/addons/XPIInstall.jsm:4288:24
01-16 21:44:46.189 32365 32406 I Gecko   : 
01-16 21:44:46.502 32365 32732 D glean/ConceptFetchHttpUploader: Ping successfully sent (200)
01-16 21:44:46.502 32365 32732 D glean/PingUploadWorker: e88ac8c0-1595-4697-83cf-1000f94035c7 was deleted: true
01-16 21:44:46.502 32365 32732 D glean/PingUploadWorker: Processing ping: cbf3c64c-5ffa-45bd-b756-8aeda8f836fd
01-16 21:44:46.504 32365 32732 D glean/ConceptFetchHttpUploader: Submitting ping to: https://incoming.telemetry.mozilla.org/submit/org-mozilla-fenix-nightly/events/1/cbf3c64c-5ffa-45bd-b756-8aeda8f836fd
01-16 21:44:46.678 32365 32732 D glean/ConceptFetchHttpUploader: Ping successfully sent (200)
01-16 21:44:46.678 32365 32732 D glean/PingUploadWorker: cbf3c64c-5ffa-45bd-b756-8aeda8f836fd was deleted: true
01-16 21:44:46.680 32365 32397 I WM-WorkerWrapper: Worker result SUCCESS for Work [ id=5ac598d4-2a98-46b8-9d18-e82a09dc8439, tags={ mozilla.telemetry.glean.scheduler.PingUploadWorker, mozac_service_glean_ping_upload_worker } ]
01-16 21:44:46.683  1456  2067 D ConnectivityService: releasing NetworkRequest [ TRACK_DEFAULT id=19868, [ Capabilities: INTERNET&NOT_RESTRICTED&TRUSTED&NOT_VPN] ] (release request)
01-16 21:44:47.817  1456  1893 D BatteryService: uevent={POWER_SUPPLY_VOLTAGE_NOW=4359258, POWER_SUPPLY_CHARGE_RATE=Normal, POWER_SUPPLY_HEALTH=Good, POWER_SUPPLY_CURRENT_NOW=-102538, POWER_SUPPLY_PRESENT=1, SUBSYSTEM=power_supply, POWER_SUPPLY_TEMP=280, SEQNUM=309997, ACTION=change, POWER_SUPPLY_NAME=battery, POWER_SUPPLY_STATUS=Charging, POWER_SUPPLY_CHARGE_COUNTER=2799247, POWER_SUPPLY_CAPACITY=99, DEVPATH=/devices/soc/qpnp-smbcharger-17/power_supply/battery}
01-16 21:44:47.819  1456  1623 I WifiService: requestActivityInfo uid=1000
01-16 21:44:47.819  1456  1623 I WifiService: reportActivityInfo uid=1000
01-16 21:44:47.819  1456  1623 I WifiService: getSupportedFeatures uid=1000
01-16 21:44:47.821  2398  2398 D QtiCarrierConfigHelper: WARNING, no carrier configs on phone Id: 0
01-16 21:44:47.827  1456  1623 E BatteryExternalStatsWorker: no controller energy info supplied for wifi
01-16 21:44:47.827  1456  1623 E BatteryExternalStatsWorker: no controller energy info supplied for bluetooth
01-16 21:44:47.862  1456  1623 E BatteryExternalStatsWorker: modem info is invalid: ModemActivityInfo{ mTimestamp=11757176506 mSleepTimeMs=-1188678619 mIdleTimeMs=1188738546 mTxTimeMs[]=[0, 0, 0, 0, 0] mRxTimeMs=232 mEnergyUsed=0}
01-16 21:44:47.862  1456  5027 I ActivityManager: Start proc 32736:com.android.providers.calendar/u0a16 for content provider com.android.providers.calendar/.CalendarProvider2
01-16 21:44:47.878 32736 32736 I zygote  : The ClassLoaderContext is a special shared library.
01-16 21:44:47.880 32736 32736 I chatty  : uid=10016(com.android.providers.calendar) identical 1 line
01-16 21:44:47.882 32736 32736 I zygote  : The ClassLoaderContext is a special shared library.
01-16 21:44:47.906 32736 32736 I CalendarProvider2: Created com.android.providers.calendar.CalendarAlarmManager@6e6d45e(com.android.providers.calendar.CalendarProvider2@3b1403f)
01-16 21:44:47.908  1456  5027 W Binder  : Outgoing transactions from this process must be FLAG_ONEWAY
01-16 21:44:47.908  1456  5027 W Binder  : java.lang.Throwable
01-16 21:44:47.908  1456  5027 W Binder  : 	at android.os.BinderProxy.transact(Binder.java:752)
01-16 21:44:47.908  1456  5027 W Binder  : 	at android.content.ContentProviderProxy.getType(ContentProviderNative.java:451)
01-16 21:44:47.908  1456  5027 W Binder  : 	at com.android.server.am.ActivityManagerService.getProviderMimeType(ActivityManagerService.java:12677)
01-16 21:44:47.908  1456  5027 W Binder  : 	at android.app.IActivityManager$Stub.onTransact(IActivityManager.java:1800)
01-16 21:44:47.908  1456  5027 W Binder  : 	at com.android.server.am.ActivityManagerService.onTransact(ActivityManagerService.java:3169)
01-16 21:44:47.908  1456  5027 W Binder  : 	at android.os.Binder.execTransact(Binder.java:697)
01-16 21:44:48.245   808   898 I SFPerfTracer:      triggers: (rate: 0:0) (0 sw vsyncs) (0 skipped) (0:2595834 vsyncs) (1:4709264)
01-16 21:44:50.328  1456  5027 I ActivityManager: Force stopping org.mozilla.fenix.nightly appid=10750 user=0: from pid 32756
01-16 21:44:50.328  1456  5027 I ActivityManager: Killing 32365:org.mozilla.fenix.nightly/u0a750 (adj 700): stop org.mozilla.fenix.nightly
01-16 21:44:50.331  1456  1605 W zygote  : kill(-32365, 9) failed: No such process
01-16 21:44:50.332 32414 32414 I ServiceChildProcess: Service has been unbound. Stopping.
01-16 21:44:50.332  1456  5027 W ActivityManager: Force removing ActivityRecord{3940893 u0 org.mozilla.fenix.nightly/org.mozilla.fenix.HomeActivity t18639}: app died, no saved state
01-16 21:44:50.341  1456  5027 I ActivityManager: Killing 32414:org.mozilla.fenix.nightly:tab/u0a750 (adj 0): stop org.mozilla.fenix.nightly
01-16 21:44:50.346  1456  1605 W zygote  : kill(-32365, 9) failed: No such process
01-16 21:44:50.355  2398  2398 D CarrierSvcBindHelper: No carrier app for: 0
01-16 21:44:50.358  2398  2398 D CarrierSvcBindHelper: No carrier app for: 1
01-16 21:44:50.362  1456  1605 W zygote  : kill(-32365, 9) failed: No such process
01-16 21:44:50.423  1456  1673 W ActivityManager: setHasOverlayUi called on unknown pid: 32365
01-16 21:44:50.426  1456  1605 I chatty  : uid=1000(system) ActivityManager identical 4 lines
01-16 21:44:50.441  1456  1605 W zygote  : kill(-32365, 9) failed: No such process
01-16 21:44:50.441  1456  1605 I zygote  : Successfully killed process cgroup uid 10750 pid 32365 in 110ms
01-16 21:44:50.442  1456  1605 W zygote  : kill(-32414, 9) failed: No such process
01-16 21:44:50.442  1456  1605 I zygote  : Successfully killed process cgroup uid 10750 pid 32414 in 0ms
01-16 21:44:50.458  1456  6339 I ActivityManager: START u0 {act=android.intent.action.VIEW dat=about:blank typ=text/html flg=0x10000000 cmp=org.mozilla.fenix.nightly/org.mozilla.fenix.IntentReceiverActivity} from uid 2000
01-16 21:44:50.459   794   839 E ANDR-PERF-RESOURCEQS: Failed to apply optimization [4, 0]
01-16 21:44:50.478  1456  4797 I ActivityManager: Start proc 32764:org.mozilla.fenix.nightly/u0a750 for activity org.mozilla.fenix.nightly/org.mozilla.fenix.IntentReceiverActivity
01-16 21:44:50.570 26094 26271 I MicroDetectionState: Should stop hotword detection immediately - false
01-16 21:44:50.571 26094 26271 I MicroDetector: Keeping mic open: false
01-16 21:44:50.571 26094 26215 E DeviceStateChecker: DeviceStateChecker cancelled
01-16 21:44:50.571 26094 26271 I RecognitionAudioControl: #shutdownAudio [requestId: -4784440225751561372, keepAudioOpen: false, forced: true]
01-16 21:44:50.571 26094 26271 I RecognitionAudioControl: #internalShutdownAudio [requestId: -4784440225751561372]
01-16 21:44:50.571 26094 26271 I RecognitionAudioControl: #internalShutdownAudio [keepAudioOpen: false, forced: true]
01-16 21:44:50.571 26094 26271 I RecognitionAudioControl: #actualShutdownAudio
01-16 21:44:50.571 26094 26271 I AudioController: #shutdown [requestId=-4784440225751561372]
01-16 21:44:50.571 26094 26207 I AudioController: internalShutdown
01-16 21:44:50.572 26094 26211 I MicroRecognitionRunner: Stopping hotword detection.
01-16 21:44:50.625 32764 32764 D FirebaseApp: com.google.firebase.auth.FirebaseAuth is not linked. Skipping initialization.
01-16 21:44:50.626 32764 32764 D FirebaseApp: com.google.firebase.crash.FirebaseCrash is not linked. Skipping initialization.
01-16 21:44:50.627 32764 32764 I FirebaseInitProvider: FirebaseApp initialization successful
01-16 21:44:50.628   788  1479 D audio_hw_primary: disable_audio_route: usecase(9) reset and update mixer path: audio-record
01-16 21:44:50.629   788  1479 D audio_hw_primary: disable_snd_device: snd_device(120: voice-rec-mic)
01-16 21:44:50.631  1012 19499 D APM_AudioPolicyManager: stopInput() input 95870, session 95937
01-16 21:44:50.632   788  1479 D audio_hw_primary: in_set_parameters: enter: kvpairs=routing=0
01-16 21:44:50.635 26094 26207 I MicrophoneInputStream: mic_close  SR : 16000 CC : 16 SO : 1999
01-16 21:44:50.635 26094 26207 E AudioSource: Stop listening is called on already closed AudioSource
01-16 21:44:50.637 26094 26315 I MicroRecognitionRunner: Detection finished
01-16 21:44:50.680 32764 32764 D FenixApplication: Initializing Glean (uploadEnabled=false)
01-16 21:44:50.684 32764   395 I FA      : Collection disabled with firebase_analytics_collection_enabled=0
01-16 21:44:50.684 32764   395 I FA      : App measurement is starting up, version: 12780
01-16 21:44:50.685 32764   395 I FA      : To enable debug logging run: adb shell setprop log.tag.FA VERBOSE
01-16 21:44:50.685 32764   395 I FA      : To enable faster debug mode event logging run:
01-16 21:44:50.685 32764   395 I FA      :   adb shell setprop debug.firebase.analytics.app org.mozilla.fenix.nightly
01-16 21:44:50.699 32764 32764 D libglean_ffi: glean_ffi: Android logging should be hooked up!
01-16 21:44:50.701 32764 32764 I glean/Glean: Registering pings for mozilla.telemetry.glean.GleanMetrics.Pings
01-16 21:44:50.706 32764 32764 I libglean_ffi: glean_core: Creating new Glean
01-16 21:44:50.706 32764 32764 D libglean_ffi: glean_core::database: Database path: "/data/user/0/org.mozilla.fenix.nightly/glean_data/db"
01-16 21:44:50.707 32764 32764 I libglean_ffi: glean_core::database: Database initialized
01-16 21:44:50.708 32764 32764 D libglean_ffi: glean_core::ping: All pending pings deleted
01-16 21:44:50.710 32470 32535 I Finsky  : [192207] hiy.a(24): No selector loaded
01-16 21:44:50.713 32764 32764 I libglean_ffi: glean_ffi: Glean initialized
01-16 21:44:50.729 32470 32535 I zygote  : Deoptimizing void apby.a(java.lang.Iterable, java.util.List) due to JIT inline cache
01-16 21:44:50.731 32764 32764 D glean/MetricsPingSched: The 'metrics' ping was last sent on Thu Jan 16 00:00:00 EST 2020
01-16 21:44:50.732 32764 32764 I glean/MetricsPingSched: The 'metrics' ping was already sent today, Thu Jan 16 21:44:50 EST 2020.
01-16 21:44:50.732 32764 32764 D glean/MetricsPingSched: Scheduling the 'metrics' ping in 22509281ms
01-16 21:44:50.734 32764   402 D libglean_ffi: glean_core: Clearing Lifetime::Application metrics
01-16 21:44:50.737 32470 32535 I Finsky  : [192207] iso.d(73): System was updated or GL extensions were already cached.
01-16 21:44:50.749 32764 32764 I glean/Dispatchers: Initial tasks queue completed successfully
01-16 21:44:50.757 32764   408 D RustNativeSupport: findMegazordLibraryName(viaduct, 0.48.2
01-16 21:44:50.758 32764   408 D RustNativeSupport: lib in use: none
01-16 21:44:50.758 32764   408 D RustNativeSupport: lib configured: fenix
01-16 21:44:50.758 32764   408 D RustNativeSupport: lib version configured: 0.48.2
01-16 21:44:50.758 32764   408 D RustNativeSupport: settled on fenix
01-16 21:44:50.771 32470 32515 I Finsky  : [192196] egd.run(3): Initializing the instant apps module.
01-16 21:44:50.779 32764   408 D RustNativeSupport: findMegazordLibraryName(rustlog, 0.48.2
01-16 21:44:50.780 32764   408 D RustNativeSupport: lib in use: none
01-16 21:44:50.780 32764   408 D RustNativeSupport: lib configured: fenix
01-16 21:44:50.780 32764   408 D RustNativeSupport: lib version configured: 0.48.2
01-16 21:44:50.780 32764   408 D RustNativeSupport: settled on fenix
01-16 21:44:50.792 32764   408 I rc_log_ffi::ios: rc_log adapter initialized!
01-16 21:44:50.792 32470 32575 I Finsky  : [192236] roq.c(1): Triggered update for experiment package com.google.android.finsky.stable.
01-16 21:44:50.795 32764   341 I zygote  : Do partial code cache collection, code=17KB, data=16KB
01-16 21:44:50.798 32764   341 I zygote  : After code cache collection, code=17KB, data=16KB
01-16 21:44:50.798 32764   341 I zygote  : Increasing code cache capacity to 128KB
01-16 21:44:50.817  1456  4829 D ConnectivityService: requestNetwork for uid/pid:10750/32764 NetworkRequest [ TRACK_DEFAULT id=19869, [ Capabilities: INTERNET&NOT_RESTRICTED&TRUSTED&NOT_VPN] ]
01-16 21:44:50.818  1456  2099 D Ethernet: got request NetworkRequest [ TRACK_DEFAULT id=19869, [ Capabilities: INTERNET&NOT_RESTRICTED&TRUSTED&NOT_VPN] ] with score 60
01-16 21:44:50.818  1456  2054 D WIFI_UT : got request NetworkRequest [ TRACK_DEFAULT id=19869, [ Capabilities: INTERNET&NOT_RESTRICTED&TRUSTED&NOT_VPN] ] with score 60
01-16 21:44:50.819  1456  2054 D WIFI    : got request NetworkRequest [ TRACK_DEFAULT id=19869, [ Capabilities: INTERNET&NOT_RESTRICTED&TRUSTED&NOT_VPN] ] with score 60
01-16 21:44:50.819  2398  2398 D PhoneSwitcherNetworkRequstListener: got request NetworkRequest [ TRACK_DEFAULT id=19869, [ Capabilities: INTERNET&NOT_RESTRICTED&TRUSTED&NOT_VPN] ] with score 60
01-16 21:44:50.842 32470 32508 I zygote  : Deoptimizing void j$.util.concurrent.ConcurrentHashMap.putAll(java.util.Map) due to JIT inline cache
01-16 21:44:50.842 32764 32764 D GeckoThread: State changed to LAUNCHED
01-16 21:44:50.842 32764   429 I GeckoThread: preparing to run Gecko
01-16 21:44:50.850 32764 32764 D GeckoRuntime: Lifecycle: onCreate
01-16 21:44:50.850 32764   429 D GeckoThread: State changed to MOZGLUE_READY
01-16 21:44:50.862 32764   429 W Settings: Setting animator_duration_scale has moved from android.provider.Settings.System to android.provider.Settings.Global, returning read-only global URI.
01-16 21:44:50.863 32764 32764 I zygote  : Deoptimizing java.lang.Object androidx.collection.SimpleArrayMap.put(java.lang.Object, java.lang.Object) due to JIT inline cache
01-16 21:44:50.863 32764   429 E GeckoLibLoad: Load sqlite start
01-16 21:44:50.865 32764 32764 D GleanMetricsService: Enabling Glean.
01-16 21:44:50.882 32470 32535 I Finsky  : [192207] aaes.f(2): Restoring notifications
01-16 21:44:50.884 32764   429 W GeckoLinker: /data/app/org.mozilla.fenix.nightly-pzWW9ja5nEsBL-9v-RHfDw==/lib/arm/libnss3.so: unhandled flags #8 not handled
01-16 21:44:50.886 32764   402 I libglean_ffi: glean_core: Upload enabled: true
01-16 21:44:50.890 32764   429 W GeckoLinker: /data/app/org.mozilla.fenix.nightly-pzWW9ja5nEsBL-9v-RHfDw==/lib/arm/libnss3.so: Relocation to NULL @0x00130ffc for symbol "__cxa_type_match"
01-16 21:44:50.890 32764   429 E GeckoLibLoad: Load sqlite done
01-16 21:44:50.891 32764   429 E GeckoLibLoad: Load nss start
01-16 21:44:50.891 32764   429 E GeckoLibLoad: Load nss done
01-16 21:44:50.891 32764   429 W GeckoLinker: /data/app/org.mozilla.fenix.nightly-pzWW9ja5nEsBL-9v-RHfDw==/lib/arm/libxul.so: unhandled flags #8 not handled
01-16 21:44:50.892 32764   429 W GeckoLinker: /data/app/org.mozilla.fenix.nightly-pzWW9ja5nEsBL-9v-RHfDw==/lib/arm/liblgpllibs.so: unhandled flags #8 not handled
01-16 21:44:50.901 32470 32535 I Finsky  : [192207] aaes.f(6): Done restoring notifications
01-16 21:44:50.914 32470 32515 I Finsky  : [192196] efz.run(8): Component class com.google.android.finsky.wear.WearSupportService disabled via PackageManager.
01-16 21:44:50.915 32470 32515 I Finsky  : [192196] efz.run(8): Component class com.google.android.finsky.wear.WearChangeListenerService disabled via PackageManager.
01-16 21:44:50.917 32470 32515 I Finsky  : [192196] abnc.a(10): Do not start WearSupportService due to Wear service optimization
01-16 21:44:50.930 32764   429 E GeckoLibLoad: Loaded libs in 38.942660ms total, 10ms(76ms) user, 26ms(26ms) system, 0(0) faults
01-16 21:44:50.930 32764   429 D GeckoThread: State changed to LIBS_READY
01-16 21:44:50.931 32764   429 W GeckoThread: zerdatime 11757179605 - runGecko
01-16 21:44:50.935 32764   429 D GeckoProfile: Loading profile at: null name: default
01-16 21:44:50.936 32764   429 D GeckoProfile: Found profile dir: /data/user/0/org.mozilla.fenix.nightly/files/mozilla/jnbsnduy.default
01-16 21:44:50.951  1456  4829 I ActivityManager: Start proc 435:org.mozilla.fenix.nightly:tab/u0a750 for service org.mozilla.fenix.nightly/org.mozilla.gecko.process.GeckoServiceChildProcess$tab
01-16 21:44:50.962 32764 32764 W [WARNING][Leanplum]: [com.leanplum.internal.ActionManager::getLocationManager::8]: Geofencing support requires leanplum-location module and Google Play Services v8.1 and higher.
01-16 21:44:50.962 32764 32764 W [WARNING][Leanplum]: Add this to your build.gradle file:
01-16 21:44:50.962 32764 32764 W [WARNING][Leanplum]: implementation 'com.google.android.gms:play-services-location:8.3.0+'
01-16 21:44:50.962 32764 32764 W [WARNING][Leanplum]: implementation 'com.leanplum:leanplum-location:+'
01-16 21:44:50.972 32764 32764 I [INFO][Leanplum]: [com.leanplum.monitoring.ExceptionHandler::setContext::6]: LeanplumExceptionHandler could not initialize Exception Reporting.This is expected if you have not included the leanplum-monitoring module
01-16 21:44:50.978 32470 32575 I Finsky  : [192236] roq.c(8): Already at the latest configurations for experiment package com.google.android.finsky.stable.
01-16 21:44:50.978 32470 32565 I Finsky  : [192229] roq.c(1): Triggered update for experiment package com.google.android.finsky.regular.
01-16 21:44:50.993 32764 32764 I FirefoxAccountStateMachine: Enabling/updating sync with a new SyncConfig: SyncConfig(supportedEngines=[mozilla.components.service.fxa.SyncEngine$History@924e6eb, mozilla.components.service.fxa.SyncEngine$Bookmarks@7d41c48, mozilla.components.service.fxa.SyncEngine$Passwords@d9e2ae1], syncPeriodInMinutes=240)
01-16 21:44:50.996 32764 32764 I BgSyncManager: Periodic syncing enabled at a 240 interval
01-16 21:44:50.997 32764 32764 I FirefoxAccountStateMachine: Sync is enabled
01-16 21:44:50.997 32764 32764 D PushConfig: Creating push configuration for autopush.
01-16 21:44:51.003 32764   458 D AutoPushFeature: Initializing native component with the cached token.
01-16 21:44:51.006 32764   458 D RustNativeSupport: findMegazordLibraryName(push, 0.48.2
01-16 21:44:51.006 32764   458 D RustNativeSupport: lib in use: none
01-16 21:44:51.006 32764   458 D RustNativeSupport: lib configured: fenix
01-16 21:44:51.006 32764   458 D RustNativeSupport: lib version configured: 0.48.2
01-16 21:44:51.006 32764   458 D RustNativeSupport: settled on fenix
01-16 21:44:51.009 32764   460 I FirefoxAccountStateMachine: Processing event Event$Init for state Start. Next state is Start
01-16 21:44:51.010 32764 32764 I App     : AutoPushFeature is configured, initializing it...
01-16 21:44:51.010 32764 32764 I AutoPushFeature: Checking validity of push subscriptions.
01-16 21:44:51.022 32764   460 I FirefoxAccountStateMachine: Ran 'Event$Init' side-effects for state Start, got successive event Event$AccountNotFound
01-16 21:44:51.022 32764   460 I FirefoxAccountStateMachine: Processing event Event$AccountNotFound for state Start. Next state is NotAuthenticated
01-16 21:44:51.025 32764   460 D RustNativeSupport: findMegazordLibraryName(fxaclient, 0.48.2
01-16 21:44:51.025 32764   460 D RustNativeSupport: lib in use: none
01-16 21:44:51.025 32764   460 D RustNativeSupport: lib configured: fenix
01-16 21:44:51.025 32764   460 D RustNativeSupport: lib version configured: 0.48.2
01-16 21:44:51.026 32764   460 D RustNativeSupport: settled on fenix
01-16 21:44:51.029 32764   460 D fxaclient_ffi: fxa_new
01-16 21:44:51.049 32764 32764 D GeckoRuntime: Lifecycle: onStart
01-16 21:44:51.071 32764 32764 D GeckoRuntime: Lifecycle: onResume
01-16 21:44:51.074 32764 32764 D GeckoNetworkManager: Incoming event start for state OffNoListeners -> OnNoListeners
01-16 21:44:51.076 32764 32764 D GeckoNetworkManager: New network state: UP, WIFI, WIFI
01-16 21:44:51.080 32764   448 D NetworkSecurityConfig: No Network Security Config specified, using platform default
01-16 21:44:51.100   435   435 D GeckoThread: State changed to LAUNCHED
01-16 21:44:51.101   435   472 I GeckoThread: preparing to run Gecko
01-16 21:44:51.102 32764   471 D OpenGLRenderer: HWUI GL Pipeline
01-16 21:44:51.119 32764 32764 I glean/Glean: Registering pings for org.mozilla.fenix.GleanMetrics.Pings
01-16 21:44:51.121 32470 32473 I zygote  : Do full code cache collection, code=112KB, data=89KB
01-16 21:44:51.122 32764   473 D glean/PingUploadWorker: Processing persisted pings at /data/user/0/org.mozilla.fenix.nightly/glean_data/deletion_request
01-16 21:44:51.123 32470 32473 I zygote  : After code cache collection, code=89KB, data=55KB
01-16 21:44:51.125 32764   398 I WM-WorkerWrapper: Worker result SUCCESS for Work [ id=119ecc86-ef0f-4bdc-ad97-06c9a7ce93cc, tags={ mozilla.telemetry.glean.scheduler.DeletionPingUploadWorker, mozac_service_glean_deletion_ping_upload_worker } ]
01-16 21:44:51.145 32470 32565 I Finsky  : [192229] roq.c(8): Already at the latest configurations for experiment package com.google.android.finsky.regular.
01-16 21:44:51.150 32764 32764 D App     : ActivationPing - already generated
01-16 21:44:51.181 32764   341 I zygote  : Do partial code cache collection, code=52KB, data=36KB
01-16 21:44:51.183 32764   341 I zygote  : After code cache collection, code=50KB, data=35KB
01-16 21:44:51.183 32764   341 I zygote  : Increasing code cache capacity to 256KB
01-16 21:44:51.256  1456  6339 I ActivityManager: START u0 {act=android.intent.action.VIEW dat=about:blank typ=text/html flg=0x10000000 cmp=org.mozilla.fenix.nightly/org.mozilla.fenix.HomeActivity (has extras)} from uid 10750
01-16 21:44:51.265 32764 32764 D GeckoNetworkManager: Incoming event receivedUpdate for state OnNoListeners -> OnNoListeners
01-16 21:44:51.267 32764 32764 D GeckoNetworkManager: New network state: UP, WIFI, WIFI
01-16 21:44:51.269  1456 10736 I WifiService: getDhcpInfo uid=10750
01-16 21:44:51.278 32764   471 I Adreno  : QUALCOMM build                   : bb5b86c, I77d3059488
01-16 21:44:51.278 32764   471 I Adreno  : Build Date                       : 06/07/18
01-16 21:44:51.278 32764   471 I Adreno  : OpenGL ES Shader Compiler Version: EV031.22.00.01_06
01-16 21:44:51.278 32764   471 I Adreno  : Local Branch                     : 
01-16 21:44:51.278 32764   471 I Adreno  : Remote Branch                    : refs/tags/AU_LINUX_ANDROID_LA.UM.6.5.R1.08.01.00.312.086
01-16 21:44:51.278 32764   471 I Adreno  : Remote Branch                    : NONE
01-16 21:44:51.278 32764   471 I Adreno  : Reconstruct Branch               : NOTHING
01-16 21:44:51.279 32764   471 D vndksupport: Loading /vendor/lib/hw/gralloc.msm8937.so from current namespace instead of sphal namespace.
01-16 21:44:51.284 32764   471 I Adreno  : PFP: 0x005ff087, ME: 0x005ff063
01-16 21:44:51.288  1456  2067 D ConnectivityService: releasing NetworkRequest [ TRACK_DEFAULT id=19869, [ Capabilities: INTERNET&NOT_RESTRICTED&TRUSTED&NOT_VPN] ] (release request)
01-16 21:44:51.297 32764   471 I zygote  : android::hardware::configstore::V1_0::ISurfaceFlingerConfigs::hasWideColorDisplay retrieved: 0
01-16 21:44:51.300 32764   471 I OpenGLRenderer: Initialized EGL, version 1.4
01-16 21:44:51.300 32764   471 D OpenGLRenderer: Swap behavior 2
01-16 21:44:51.344  1456  1889 I WindowManager: Keep hide if surface has never drawn Window{573380f u0 org.mozilla.fenix.nightly/org.mozilla.fenix.IntentReceiverActivity}
01-16 21:44:51.346  1456  1889 I WindowManager: Failed to capture screenshot of Token{3d77828 ActivityRecord{aec64b u0 org.mozilla.fenix.nightly/org.mozilla.fenix.IntentReceiverActivity t18640 f}} appWin=Window{573380f u0 org.mozilla.fenix.nightly/org.mozilla.fenix.IntentReceiverActivity} drawState=3
01-16 21:44:51.352  1456  1673 I LaunchCheckinHandler: Displayed org.mozilla.fenix.nightly/org.mozilla.fenix.IntentReceiverActivity,cp,ca,885
01-16 21:44:51.375 32764   429 I Gecko:DumpUtils: Fifo watcher disabled via pref.
01-16 21:44:51.380 32764 32764 D PhoneWindow: Restoring navigation bar divider color to default value = 0x00000000
01-16 21:44:51.414 32470 32470 I Finsky  : [2] uue.run(5): Detected restoreservicev2://recovery not needed, will not run
01-16 21:44:51.419 32764   429 D GeckoSysInfo: System memory: 1867MB.
01-16 21:44:51.421 32764   429 D GeckoThread: State changed to JNI_READY
01-16 21:44:51.434  1456  1466 I zygote  : Background concurrent copying GC freed 57078(3MB) AllocSpace objects, 37(1588KB) LOS objects, 42% free, 33MB/57MB, paused 221us total 327.478ms
01-16 21:44:51.474 32764 32764 I NavController: Ignoring popBackStack to destination org.mozilla.fenix.nightly:id/browserFragment as it was not found on the current back stack
01-16 21:44:51.643 32764   481 D RustNativeSupport: findMegazordLibraryName(places, 0.48.2
01-16 21:44:51.643 32764   481 D RustNativeSupport: lib in use: none
01-16 21:44:51.643 32764   481 D RustNativeSupport: lib configured: fenix
01-16 21:44:51.643 32764   481 D RustNativeSupport: lib version configured: 0.48.2
01-16 21:44:51.643 32764   481 D RustNativeSupport: settled on fenix
01-16 21:44:51.647 32470   515 I Finsky  : [192254] akwi.a(2): registerListener
01-16 21:44:51.647 32764   481 D places_ffi: places_api_new
01-16 21:44:51.648 32470   515 I Finsky  : [192254] jvj.a(2): getDownloads(-)
01-16 21:44:51.652 32470   517 I zygote  : Deoptimizing java.lang.String abza.a(java.lang.String, java.lang.Object[]) due to JIT inline cache
01-16 21:44:51.652 32470   517 I Finsky  : [192256] akwr.a(7): Initiate binding to the service.
01-16 21:44:51.653 32470   515 I Finsky  : [192254] eps.run(7): Initialized AssetModuleDownloader.
01-16 21:44:51.668  1456  6339 I ActivityManager: Start proc 518:com.android.vending:download_service/u0a62 for service com.android.vending/com.google.android.finsky.downloadservice.DownloadService
01-16 21:44:51.724 32764   460 W FirefoxAccountStateMachine: Got invalid event Event$Init for state NotAuthenticated.
01-16 21:44:51.725   808   808 I SFPerfTracer:      triggers: (rate: 50:372321) (compose: 0:6) (post: 0:13) (render: 0:10) (16:3389629 frames) (17:4669037)
01-16 21:44:51.725   808   808 D SFPerfTracer:        layers: (3:15) (NavigationBar#0 (0xb07df000): 10:423940) (StatusBar#0 (0xb07e3000): 10:1229557) (com.android.systemui.ImageWallpaper#0 (0xb07e7000): 0:35392)* (Sprite#0 (0xb0733000): 0:317)* (DimLayerController/Stack=0#0 (0xb075a000): 0:3589)* (Sprite#1 (0xb077c000): 0:195)* (com.android.launcher3/com.android.launcher3.CustomizationPanelLauncher#0 (0xb0763000): 0:34)- (com.android.launcher3/com.android.launcher3.CustomizationPanelLauncher#1 (0xb0771000): 0:8)- (org.mozilla.fenix.nightly/org.mozilla.fenix.IntentReceiverActivity#0 (0xb0384000): 0:4)- (Splash Screen org.mozilla.fenix.nightly#0 (0xb039b000): 0:30)- (org.mozilla.fenix.nightly/org.mozilla.fenix.HomeActivity#0 (0xb024f000): 0:61)- (com.android.launcher3/com.android.launcher3.CustomizationPanelLauncher#0 (0xb0763000): 0:41)* (com.android.launcher3/com.android.launcher3.CustomizationPanelLauncher#1 (0xb0771000): 0:10)* (org.mozilla.fenix.nightly/org.mozilla.fenix.IntentReceiverActivity#0 (0xb0384000): 0:5)* 
01-16 21:44:51.733 32764   481 D sql_support::conn_ext: Transaction commited after 41.114223ms
01-16 21:44:51.735 32764   481 D places_ffi: places_connection_new
01-16 21:44:51.740 32764   481 D places_ffi: places_connection_new
01-16 21:44:51.743   518   518 I Finsky:download_service: [2] egw.aG(8): Process created at version: 18.3.13-all [0] [PR] 288027794
01-16 21:44:51.752 32764   481 D places_ffi: bookmarks_get_all_with_url
01-16 21:44:51.764 32470 32470 I Finsky  : [2] pxp.onTrimMemory(1): Memory trim requested to level 80
01-16 21:44:51.779  1456  2401 D ConnectivityService: requestNetwork for uid/pid:10062/518 NetworkRequest [ TRACK_DEFAULT id=19870, [ Capabilities: INTERNET&NOT_RESTRICTED&TRUSTED&NOT_VPN] ]
01-16 21:44:51.781  1456  2099 D Ethernet: got request NetworkRequest [ TRACK_DEFAULT id=19870, [ Capabilities: INTERNET&NOT_RESTRICTED&TRUSTED&NOT_VPN] ] with score 60
01-16 21:44:51.782  1456  2054 D WIFI_UT : got request NetworkRequest [ TRACK_DEFAULT id=19870, [ Capabilities: INTERNET&NOT_RESTRICTED&TRUSTED&NOT_VPN] ] with score 60
01-16 21:44:51.782  1456  2054 D WIFI    : got request NetworkRequest [ TRACK_DEFAULT id=19870, [ Capabilities: INTERNET&NOT_RESTRICTED&TRUSTED&NOT_VPN] ] with score 60
01-16 21:44:51.783  2398  2398 D PhoneSwitcherNetworkRequstListener: got request NetworkRequest [ TRACK_DEFAULT id=19870, [ Capabilities: INTERNET&NOT_RESTRICTED&TRUSTED&NOT_VPN] ] with score 60
01-16 21:44:51.786   518   537 I Finsky:download_service: [192208] jog.a(1): Trying to resume downloads.
01-16 21:44:51.787   518   538 I Finsky:download_service: [192209] jot.onAvailable(3): Network is available [NetworkState{connected=true, wifi=true, metered=false, roaming=false}].
01-16 21:44:51.790 32470 32470 I Finsky  : [2] akwx.onServiceConnected(2): ServiceConnectionImpl.onServiceConnected(ComponentInfo{com.android.vending/com.google.android.finsky.downloadservice.DownloadService})
01-16 21:44:51.791 32470   517 I Finsky  : [192256] akwv.a(3): linkToDeath
01-16 21:44:51.793   518   532 I Finsky:download_service: [192204] jpx.a(12): Starting getDownloads().
01-16 21:44:51.814 32764   341 I zygote  : Do full code cache collection, code=119KB, data=85KB
01-16 21:44:51.816 32764   341 I zygote  : After code cache collection, code=92KB, data=52KB
01-16 21:44:51.844 32470   517 I Finsky  : [192256] akws.a(2): Unbind from service.
01-16 21:44:51.847 32470 32482 I Finsky  : [192183] jvc.d(6): onGetDownloads()
01-16 21:44:51.847 32764   514 W LOTTIE  : Animation contains merge paths. Merge paths are only supported on KitKat+ and must be manually enabled by calling enableMergePathsForKitKatAndAbove().
01-16 21:44:51.917 32764   471 D vndksupport: Loading /vendor/lib/hw/android.hardware.graphics.mapper@2.0-impl.so from current namespace instead of sphal namespace.
01-16 21:44:51.918 32764   471 D vndksupport: Loading /vendor/lib/hw/gralloc.msm8937.so from current namespace instead of sphal namespace.
01-16 21:44:51.929 32764   341 I zygote  : Do partial code cache collection, code=108KB, data=72KB
01-16 21:44:51.930 32764   341 I zygote  : After code cache collection, code=108KB, data=72KB
01-16 21:44:51.930 32764   341 I zygote  : Increasing code cache capacity to 512KB
01-16 21:44:51.958  1456  1673 I ActivityManager: Displayed org.mozilla.fenix.nightly/org.mozilla.fenix.HomeActivity: +643ms (total +1s488ms)
01-16 21:44:52.003 26094 26094 I MemoryTrimmer: Trimming objects from memory, since app is in the background.
01-16 21:44:52.015 32764   429 I Gecko   : 1579229092008	addons.xpi	WARN	List of valid built-in add-ons could not be parsed.: [Exception... "Component returned failure code: 0x80520012 (NS_ERROR_FILE_NOT_FOUND) [nsIXPCComponents_Utils.readUTF8URI]"  nsresult: "0x80520012 (NS_ERROR_FILE_NOT_FOUND)"  location: "JS frame :: resource://gre/modules/addons/XPIProvider.jsm :: startup :: line 2366"  data: no] Stack trace: startup()@resource://gre/modules/addons/XPIProvider.jsm:2366
01-16 21:44:52.015 32764   429 I Gecko   : callProvider()@resource://gre/modules/AddonManager.jsm:215
01-16 21:44:52.015 32764   429 I Gecko   : _startProvider()@resource://gre/modules/AddonManager.jsm:586
01-16 21:44:52.015 32764   429 I Gecko   : startup()@resource://gre/modules/AddonManager.jsm:810
01-16 21:44:52.015 32764   429 I Gecko   : startup()@resource://gre/modules/AddonManager.jsm:3474
01-16 21:44:52.015 32764   429 I Gecko   : observe()@resource://gre/modules/addonManager.js:87
01-16 21:44:52.018 26094 26094 I MemoryTrimmer: Trimming objects from memory, since app is in the background.
01-16 21:44:52.025 26094 29273 I PBSessionCacheImpl: Deleted sessionId[114764204860353076] from persistence.
01-16 21:44:52.034 32764 32764 W LOTTIE  : Animation contains merge paths but they are disabled.
01-16 21:44:52.037  1456  6339 I WifiService: getWifiEnabledState uid=10073
01-16 21:44:52.060 26094 26271 W SearchServiceCore: Abort, client detached.
01-16 21:44:52.222 32764   429 D GeckoThread: State changed to PROFILE_READY
01-16 21:44:52.312 32764   429 D GeckoThread: State changed to RUNNING
01-16 21:44:52.328 32764   429 W GeckoEventDispatcher: No listener for AndroidCastDevice:SyncDevice
01-16 21:44:52.335 32764   429 I Gecko   : -*- nsDNSServiceDiscovery.js : nsDNSServiceDiscovery
01-16 21:44:52.444 32764   429 W ResourceType: Too many attribute references, stopped at: 0x01010099
01-16 21:44:52.494 32764   429 I Gecko   : Attempting load of libEGL.so
01-16 21:44:52.707 32764 32764 D GeckoNetworkManager: Incoming event enableNotifications for state OnNoListeners -> OnWithListeners
01-16 21:44:52.708 32764 32764 D GeckoNetworkManager: New network state: UP, WIFI, WIFI
01-16 21:44:52.709 32764 32764 D GeckoNetworkManager: Incoming event receivedUpdate for state OnWithListeners -> OnWithListeners
01-16 21:44:52.710 32764 32764 D GeckoNetworkManager: New network state: UP, WIFI, WIFI
01-16 21:44:52.730 32764   429 W GeckoEventDispatcher: No listener for GeckoView:AccessibilityEnabled
01-16 21:44:52.731 32764   429 W GeckoLinker: /data/app/org.mozilla.fenix.nightly-pzWW9ja5nEsBL-9v-RHfDw==/lib/arm/libsoftokn3.so: unhandled flags #8 not handled
01-16 21:44:52.732 32764   429 W GeckoLinker: /data/app/org.mozilla.fenix.nightly-pzWW9ja5nEsBL-9v-RHfDw==/lib/arm/libsoftokn3.so: Relocation to NULL @0x00027ffc for symbol "__cxa_type_match"
01-16 21:44:52.733 32764   429 W GeckoLinker: /data/app/org.mozilla.fenix.nightly-pzWW9ja5nEsBL-9v-RHfDw==/lib/arm/libfreebl3.so: unhandled flags #8 not handled
01-16 21:44:52.734 32764   429 W GeckoLinker: /data/app/org.mozilla.fenix.nightly-pzWW9ja5nEsBL-9v-RHfDw==/lib/arm/libfreebl3.so: Relocation to NULL @0x00041ffc for symbol "__cxa_type_match"
01-16 21:44:52.771 32764   544 W GeckoLinker: /data/app/org.mozilla.fenix.nightly-pzWW9ja5nEsBL-9v-RHfDw==/lib/arm/libnssckbi.so: unhandled flags #8 not handled
01-16 21:44:52.772 32764   544 W GeckoLinker: /data/app/org.mozilla.fenix.nightly-pzWW9ja5nEsBL-9v-RHfDw==/lib/arm/libnssckbi.so: Relocation to NULL @0x00052ffc for symbol "__cxa_type_match"
01-16 21:44:52.930 32764   429 W ResourceType: Too many attribute references, stopped at: 0x01010099
01-16 21:44:53.198   435   472 D GeckoThread: State changed to MOZGLUE_READY
01-16 21:44:53.206   435   472 W Settings: Setting animator_duration_scale has moved from android.provider.Settings.System to android.provider.Settings.Global, returning read-only global URI.
01-16 21:44:53.208   435   472 E GeckoLibLoad: Load sqlite start
01-16 21:44:53.225   435   472 W GeckoLinker: /data/app/org.mozilla.fenix.nightly-pzWW9ja5nEsBL-9v-RHfDw==/lib/arm/libnss3.so: unhandled flags #8 not handled
01-16 21:44:53.230   435   472 W GeckoLinker: /data/app/org.mozilla.fenix.nightly-pzWW9ja5nEsBL-9v-RHfDw==/lib/arm/libnss3.so: Relocation to NULL @0x00130ffc for symbol "__cxa_type_match"
01-16 21:44:53.230   435   472 E GeckoLibLoad: Load sqlite done
01-16 21:44:53.230   435   472 E GeckoLibLoad: Load nss start
01-16 21:44:53.230   435   472 E GeckoLibLoad: Load nss done
