03-27 22:10:24.508   808   898 I SFPerfTracer:      triggers: (rate: 0:1) (0 sw vsyncs) (0 skipped) (37:5914314 vsyncs) (39:12530443)
03-27 22:10:24.512   808   808 I SFPerfTracer:      triggers: (rate: 72:2016327) (compose: 0:7) (post: 0:19) (render: 0:17) (6:9973613 frames) (7:12438921)
03-27 22:10:24.512   808   808 D SFPerfTracer:        layers: (4:13) (NavigationBar#0 (0xb07df000): 0:887368) (StatusBar#0 (0xb07e3000): 0:2101494) (com.android.systemui.ImageWallpaper#0 (0xb07e7000): 0:81455) (Sprite#0 (0xb0733000): 0:317)* (DimLayerController/Stack=0#0 (0xb075a000): 0:3823)* (Sprite#1 (0xb077c000): 0:195)* (com.android.launcher3/com.android.launcher3.CustomizationPanelLauncher#0 (0xb0763000): 0:38)- (com.android.launcher3/com.android.launcher3.CustomizationPanelLauncher#1 (0xb0771000): 0:10)- (Splash Screen org.mozilla.fennec_aurora#0 (0xb039b000): 0:19)- (Splash Screen org.mozilla.fennec_aurora#1 (0xb013a000): 0:31)- (org.mozilla.fennec_aurora/org.mozilla.fenix.HomeActivity#0 (0xb039b000): 0:64)- (com.android.launcher3/com.android.launcher3.CustomizationPanelLauncher#0 (0xb0763000): 7:35)* (com.android.launcher3/com.android.launcher3.CustomizationPanelLauncher#1 (0xb0771000): 1:6) 
03-27 22:10:24.666  1456  1466 I zygote  : NativeAlloc concurrent copying GC freed 52643(3MB) AllocSpace objects, 26(904KB) LOS objects, 37% free, 39MB/63MB, paused 153us total 350.564ms
03-27 22:10:27.127  2398  2398 D QtiCarrierConfigHelper: WARNING, no carrier configs on phone Id: 0
03-27 22:10:28.933  1456  2236 I ActivityManager: Force stopping org.mozilla.fennec_aurora appid=11205 user=0: from pid 26640
03-27 22:10:28.934  1456  2236 I ActivityManager: Killing 26415:org.mozilla.fennec_aurora/u0a1205 (adj 700): stop org.mozilla.fennec_aurora
03-27 22:10:28.936  1456  1605 W zygote  : kill(-26415, 9) failed: No such process
03-27 22:10:28.938  1456  2236 W ActivityManager: Force removing ActivityRecord{f10facc u0 org.mozilla.fennec_aurora/org.mozilla.fenix.HomeActivity t51257}: app died, no saved state
03-27 22:10:28.946  1456  2236 I ActivityManager: Killing 26492:org.mozilla.fennec_aurora:tab0/u0a1205 (adj 0): stop org.mozilla.fennec_aurora
03-27 22:10:28.954  1456  1605 W zygote  : kill(-26415, 9) failed: No such process
03-27 22:10:28.959  2398  2398 D CarrierSvcBindHelper: No carrier app for: 0
03-27 22:10:28.960  2398  2398 D CarrierSvcBindHelper: No carrier app for: 1
03-27 22:10:28.969  1456  1605 W zygote  : kill(-26415, 9) failed: No such process
03-27 22:10:28.986  1456  1605 I chatty  : uid=1000(system) ActivityManager identical 1 line
03-27 22:10:28.996  1456  1673 W ActivityManager: setHasOverlayUi called on unknown pid: 26415
03-27 22:10:29.001  1456  1605 W zygote  : kill(-26415, 9) failed: No such process
03-27 22:10:29.001  1456  1605 I zygote  : Successfully killed process cgroup uid 11205 pid 26415 in 65ms
03-27 22:10:29.002  1456  1605 W zygote  : kill(-26492, 9) failed: No such process
03-27 22:10:29.002  1456  1605 I zygote  : Successfully killed process cgroup uid 11205 pid 26492 in 0ms
03-27 22:10:29.053  1456  2918 I ActivityManager: START u0 {act=android.intent.action.MAIN cat=[android.intent.category.LAUNCHER] flg=0x10000000 cmp=org.mozilla.fennec_aurora/.App} from uid 2000
03-27 22:10:29.054   794   839 E ANDR-PERF-RESOURCEQS: Failed to apply optimization [4, 0]
03-27 22:10:29.074  1456  1473 I ActivityManager: Start proc 26647:org.mozilla.fennec_aurora/u0a1205 for activity org.mozilla.fennec_aurora/.App
03-27 22:10:29.161 28336 28379 I MicroDetectionState: Should stop hotword detection immediately - false
03-27 22:10:29.161 28336 28379 I MicroDetector: Keeping mic open: false
03-27 22:10:29.161 28336 21980 E DeviceStateChecker: DeviceStateChecker cancelled
03-27 22:10:29.161 28336 28379 I RecognitionAudioControl: #shutdownAudio [requestId: 558811401281628015, keepAudioOpen: false, forced: true]
03-27 22:10:29.161 28336 28379 I RecognitionAudioControl: #internalShutdownAudio [requestId: 558811401281628015]
03-27 22:10:29.161 28336 28379 I RecognitionAudioControl: #internalShutdownAudio [keepAudioOpen: false, forced: true]
03-27 22:10:29.161 28336 28379 I RecognitionAudioControl: #actualShutdownAudio
03-27 22:10:29.161 28336 28379 I AudioController: #shutdown [requestId=558811401281628015]
03-27 22:10:29.162 28336 28366 I AudioController: internalShutdown
03-27 22:10:29.162 28336 28374 I MicroRecognitionRunner: Stopping hotword detection.
03-27 22:10:29.213   788  1479 D audio_hw_primary: disable_audio_route: usecase(9) reset and update mixer path: audio-record
03-27 22:10:29.214   788  1479 D audio_hw_primary: disable_snd_device: snd_device(120: voice-rec-mic)
03-27 22:10:29.215  1012 26683 D APM_AudioPolicyManager: stopInput() input 263414, session 263529
03-27 22:10:29.216   788  1479 D audio_hw_primary: in_set_parameters: enter: kvpairs=routing=0
03-27 22:10:29.217 28336 28366 I MicrophoneInputStream: mic_close  SR : 16000 CC : 16 SO : 1999
03-27 22:10:29.217 28336 28366 E AudioSource: Stop listening is called on already closed AudioSource
03-27 22:10:29.219 28336 21981 I MicroRecognitionRunner: Detection finished
03-27 22:10:29.238 26647 26647 I chatty  : uid=11205(org.mozilla.fennec_aurora) expire 42 lines
03-27 22:10:29.313 26647 26666 I chatty  : uid=11205(org.mozilla.fennec_aurora) expire 4 lines
03-27 22:10:29.332  1456  2918 D ConnectivityService: requestNetwork for uid/pid:11205/26647 NetworkRequest [ TRACK_DEFAULT id=34915, [ Capabilities: INTERNET&NOT_RESTRICTED&TRUSTED&NOT_VPN] ]
03-27 22:10:29.334  1456  2099 D Ethernet: got request NetworkRequest [ TRACK_DEFAULT id=34915, [ Capabilities: INTERNET&NOT_RESTRICTED&TRUSTED&NOT_VPN] ] with score 0
03-27 22:10:29.334  1456  2054 D WIFI_UT : got request NetworkRequest [ TRACK_DEFAULT id=34915, [ Capabilities: INTERNET&NOT_RESTRICTED&TRUSTED&NOT_VPN] ] with score 0
03-27 22:10:29.334  1456  2054 D WIFI    : got request NetworkRequest [ TRACK_DEFAULT id=34915, [ Capabilities: INTERNET&NOT_RESTRICTED&TRUSTED&NOT_VPN] ] with score 0
03-27 22:10:29.334  2398  2398 D PhoneSwitcherNetworkRequstListener: got request NetworkRequest [ TRACK_DEFAULT id=34915, [ Capabilities: INTERNET&NOT_RESTRICTED&TRUSTED&NOT_VPN] ] with score 0
03-27 22:10:29.346 26647 26677 I chatty  : uid=11205(org.mozilla.fennec_aurora) expire 13 lines
03-27 22:10:29.367 26647 26676 I chatty  : uid=11205(org.mozilla.fennec_aurora) expire 11 lines
03-27 22:10:29.374 26647 26680 I chatty  : uid=11205(org.mozilla.fennec_aurora) expire 21 lines
03-27 22:10:29.464 26647 26689 I chatty  : uid=11205(org.mozilla.fennec_aurora) expire 1 line
03-27 22:10:29.517 26647 26652 I chatty  : uid=11205(org.mozilla.fennec_aurora) expire 6 lines
03-27 22:10:29.518 26647 26697 I chatty  : uid=11205(org.mozilla.fennec_aurora) expire 10 lines
03-27 22:10:29.550  1456  3925 I ActivityManager: START u0 {act=android.intent.action.MAIN cat=[android.intent.category.LAUNCHER] flg=0x10000000 cmp=org.mozilla.fennec_aurora/org.mozilla.fenix.HomeActivity (has extras)} from uid 11205
03-27 22:10:29.573   808   808 D SurfaceFlinger: duplicate layer name: changing Splash Screen org.mozilla.fennec_aurora to Splash Screen org.mozilla.fennec_aurora#1
03-27 22:10:29.625  1456  3925 I ActivityManager: Start proc 26727:org.mozilla.fennec_aurora:tab0/u0a1205 for service org.mozilla.fennec_aurora/org.mozilla.gecko.process.GeckoChildProcessServices$tab0
03-27 22:10:29.774 26727 26727 I chatty  : uid=11205(org.mozilla.fennec_aurora) expire 1 line
03-27 22:10:29.775 26727 26750 I chatty  : uid=11205(org.mozilla.fennec_aurora) expire 1 line
03-27 22:10:29.975 26647 26757 I chatty  : uid=11205(org.mozilla.fennec_aurora) expire 9 lines
03-27 22:10:30.211  1456  1673 I LaunchCheckinHandler: Displayed org.mozilla.fennec_aurora/org.mozilla.fenix.HomeActivity,wp,ca,624
03-27 22:10:30.211  1456  1673 I ActivityManager: Displayed org.mozilla.fennec_aurora/org.mozilla.fenix.HomeActivity: +618ms (total +1s144ms)
03-27 22:10:30.232 28336 28336 I MemoryTrimmer: Trimming objects from memory, since app is in the background.
03-27 22:10:30.238 28336 28379 E AudioSource: Stop listening is called on already closed AudioSource
03-27 22:10:30.241 28336 21381 I PBSessionCacheImpl: Deleted sessionId[124624629806612482] from persistence.
03-27 22:10:30.241 28336 28336 I MemoryTrimmer: Trimming objects from memory, since app is in the background.
03-27 22:10:30.247  1456  2918 I WifiService: getWifiEnabledState uid=10073
03-27 22:10:30.249 28336 28379 I DEBUG   : OpaToSrpTransitionState#onStateChanged#notNullQuery
03-27 22:10:30.249 28336 28379 I DEBUG   : OpaToSrpTransitionState#onStateChanged#notNullQuery
03-27 22:10:30.251 28336 28379 W SearchServiceCore: Abort, client detached.
03-27 22:10:30.266 26647 26680 I chatty  : uid=11205(org.mozilla.fennec_aurora) expire 6 lines
03-27 22:10:30.387 26647 26758 I chatty  : uid=11205(org.mozilla.fennec_aurora) expire 2 lines
03-27 22:10:30.416  1456  3925 I ActivityManager: Fully drawn org.mozilla.fennec_aurora/org.mozilla.fenix.HomeActivity: +828ms (total +1s354ms)
03-27 22:10:30.420 26647 26647 I chatty  : uid=11205(org.mozilla.fennec_aurora) expire 15 lines
03-27 22:10:30.522 26647 26652 I chatty  : uid=11205(org.mozilla.fennec_aurora) expire 2 lines
03-27 22:10:30.578  1023 26780 D libc    : Internal error: netid(0), id(0x678b), server(0.0.0.0)
03-27 22:10:30.578  1023 26780 D libc    : Internal error: netid(0), id(0x678b), server(0.0.0.0)
03-27 22:10:30.578  1023 26780 D libc    : Internal error: netid(0), id(0x40b8), server(0.0.0.0)
03-27 22:10:30.579  1023 26780 D libc    : Internal error: netid(0), id(0x40b8), server(0.0.0.0)
03-27 22:10:30.598  1023 26791 D libc    : Internal error: netid(0), id(0x42a4), server(0.0.0.0)
03-27 22:10:30.599  1023 26791 D libc    : Internal error: netid(0), id(0x42a4), server(0.0.0.0)
03-27 22:10:30.600  1023 26791 D libc    : Internal error: netid(0), id(0xc2d1), server(0.0.0.0)
03-27 22:10:30.600  1023 26791 D libc    : Internal error: netid(0), id(0xc2d1), server(0.0.0.0)
03-27 22:10:30.600  1023 26795 D libc    : Internal error: netid(0), id(0xa7c4), server(0.0.0.0)
03-27 22:10:30.600  1023 26795 D libc    : Internal error: netid(0), id(0xa7c4), server(0.0.0.0)
03-27 22:10:30.601  1023 26795 D libc    : Internal error: netid(0), id(0x299e), server(0.0.0.0)
03-27 22:10:30.601  1023 26795 D libc    : Internal error: netid(0), id(0x299e), server(0.0.0.0)
03-27 22:10:30.603  1023 26798 D libc    : Internal error: netid(0), id(0x8edb), server(0.0.0.0)
03-27 22:10:30.603  1023 26798 D libc    : Internal error: netid(0), id(0x8edb), server(0.0.0.0)
03-27 22:10:30.603  1023 26798 D libc    : Internal error: netid(0), id(0x9df0), server(0.0.0.0)
03-27 22:10:30.603  1023 26798 D libc    : Internal error: netid(0), id(0x9df0), server(0.0.0.0)
03-27 22:10:30.613 26647 26677 I chatty  : uid=11205(org.mozilla.fennec_aurora) expire 1 line
03-27 22:10:30.614 26647 26678 I chatty  : uid=11205(org.mozilla.fennec_aurora) expire 1 line
03-27 22:10:30.614 26647 26701 I chatty  : uid=11205(org.mozilla.fennec_aurora) expire 1 line
03-27 22:10:30.619 26647 26776 I chatty  : uid=11205(org.mozilla.fennec_aurora) expire 2 lines
03-27 22:10:30.620 26647 26775 I chatty  : uid=11205(org.mozilla.fennec_aurora) expire 2 lines
03-27 22:10:30.681 26647 26812 I chatty  : uid=11205(org.mozilla.fennec_aurora) expire 1 line
03-27 22:10:34.707 26854 26854 D AndroidRuntime: >>>>>> START com.android.internal.os.RuntimeInit uid 2000 <<<<<<
03-27 22:10:34.720 26854 26854 W app_process: Could not reserve sentinel fault page
03-27 22:10:34.885 26854 26854 I app_process: The ClassLoaderContext is a special shared library.
03-27 22:10:34.949 26854 26854 D AndroidRuntime: Calling main entry com.android.commands.input.Input
03-27 22:10:34.950 26854 26854 I Input   : injectKeyEvent: KeyEvent { action=ACTION_DOWN, keyCode=KEYCODE_HOME, scanCode=0, metaState=0, flags=0x0, repeatCount=0, eventTime=17437490230, downTime=17437490230, deviceId=-1, source=0x101 }
03-27 22:10:34.961 26854 26854 I Input   : injectKeyEvent: KeyEvent { action=ACTION_UP, keyCode=KEYCODE_HOME, scanCode=0, metaState=0, flags=0x0, repeatCount=0, eventTime=17437490230, downTime=17437490230, deviceId=-1, source=0x101 }
03-27 22:10:34.967  1456  1941 I ActivityManager: START u0 {act=android.intent.action.MAIN cat=[android.intent.category.HOME] flg=0x10200000 cmp=com.android.launcher3/.CustomizationPanelLauncher (has extras)} from uid 1000
03-27 22:10:34.967   794   839 E ANDR-PERF-RESOURCEQS: Failed to apply optimization [4, 0]
03-27 22:10:34.978  1456  1941 I ActivityManager: moveHomeStack, setupComplete:true
03-27 22:10:34.982 26854 26854 D AndroidRuntime: Shutting down VM
03-27 22:10:34.996 28336 28375 I Adreno  : QUALCOMM build                   : bb5b86c, I77d3059488
03-27 22:10:34.996 28336 28375 I Adreno  : Build Date                       : 06/07/18
03-27 22:10:34.996 28336 28375 I Adreno  : OpenGL ES Shader Compiler Version: EV031.22.00.01_06
03-27 22:10:34.996 28336 28375 I Adreno  : Local Branch                     : 
03-27 22:10:34.996 28336 28375 I Adreno  : Remote Branch                    : refs/tags/AU_LINUX_ANDROID_LA.UM.6.5.R1.08.01.00.312.086
03-27 22:10:34.996 28336 28375 I Adreno  : Remote Branch                    : NONE
03-27 22:10:34.996 28336 28375 I Adreno  : Reconstruct Branch               : NOTHING
03-27 22:10:35.000 28336 28375 D vndksupport: Loading /vendor/lib/hw/gralloc.msm8937.so from current namespace instead of sphal namespace.
03-27 22:10:35.004 22718 22718 I Finsky  : [2] ppb.onTrimMemory(1): Memory trim requested to level 80
03-27 22:10:35.004  2748  2748 D Launcher.Utilities: Wakeup weather: Intent { act=com.motorola.launcher3.action.WAKEUP_WEATHER cmp=com.motorola.timeweatherwidget/com.motorola.commandcenter.weather.WakeUpService }
03-27 22:10:35.005 28336 28375 I Adreno  : PFP: 0x005ff087, ME: 0x005ff063
03-27 22:10:35.009 28336 28375 I zygote  : android::hardware::configstore::V1_0::ISurfaceFlingerConfigs::hasWideColorDisplay retrieved: 0
03-27 22:10:35.010 28336 28375 I OpenGLRenderer: Initialized EGL, version 1.4
03-27 22:10:35.011 28336 28375 D OpenGLRenderer: Swap behavior 2
03-27 22:10:35.017  1456  1456 I NotificationService: Cannot find enqueued record for key: 0|com.motorola.timeweatherwidget|1|null|10116
03-27 22:10:35.021   808   808 D SurfaceFlinger: duplicate layer name: changing com.android.launcher3/com.android.launcher3.CustomizationPanelLauncher to com.android.launcher3/com.android.launcher3.CustomizationPanelLauncher#1
03-27 22:10:35.042 28336 28369 W ThreadPoolDumper: Queue length for executor EventBus is now 11. Perhaps some tasks are too long, or the pool is too small.
03-27 22:10:35.043  1456  2162 I WifiService: getWifiEnabledState uid=10073
03-27 22:10:35.058  1456  3925 I WifiService: getWifiEnabledState uid=10073
03-27 22:10:35.067 28336 28379 I DEBUG   : OpaToSrpTransitionState#onStateChanged#notNullQuery
03-27 22:10:35.068 28336 28379 I DEBUG   : OpaToSrpTransitionState#onStateChanged#notNullQuery
03-27 22:10:35.084 28336 28379 I MicroDetectionState: Should stop hotword detection immediately - false
03-27 22:10:35.088   808   808 I SFPerfTracer:      triggers: (rate: 72:2016328) (compose: 0:7) (post: 0:19) (render: 0:17) (1:9973685 frames) (2:12439021)
03-27 22:10:35.088 28336 28379 I MicroDetectionWorker: #startMicroDetector [speakerMode: 0]
03-27 22:10:35.088   808   808 D SFPerfTracer:        layers: (3:13) (NavigationBar#0 (0xb07df000): 0:887378) (StatusBar#0 (0xb07e3000): 0:2101507) (com.android.systemui.ImageWallpaper#0 (0xb07e7000): 0:81456)* (Sprite#0 (0xb0733000): 0:317)* (DimLayerController/Stack=0#0 (0xb075a000): 0:3823)* (Sprite#1 (0xb077c000): 0:195)* (com.android.launcher3/com.android.launcher3.CustomizationPanelLauncher#0 (0xb0763000): 0:38)- (com.android.launcher3/com.android.launcher3.CustomizationPanelLauncher#1 (0xb0771000): 0:10)- (Splash Screen org.mozilla.fennec_aurora#0 (0xb039b000): 0:19)- (Splash Screen org.mozilla.fennec_aurora#1 (0xb013a000): 0:31)- (org.mozilla.fennec_aurora/org.mozilla.fenix.HomeActivity#0 (0xb039b000): 0:43) (com.android.launcher3/com.android.launcher3.CustomizationPanelLauncher#0 (0xb0763000): 1:3)* (com.android.launcher3/com.android.launcher3.CustomizationPanelLauncher#1 (0xb0771000): 1:2)* 
03-27 22:10:35.090 28336 28379 I AudioController: Created new AudioSource
03-27 22:10:35.109  1456  1673 I LaunchCheckinHandler: Displayed com.android.launcher3/.CustomizationPanelLauncher,wp,wa,142
03-27 22:10:35.110 28336 28374 I MicroDataManager: isInitializedWithLatestParams-true
03-27 22:10:35.110 28336 28374 I MicroDataManager: isInitializing-false locale not changed-true model not changed-true
03-27 22:10:35.110 28336 28374 I MicroDataManager: Already initialized, obtaining the hotword data immediately.
03-27 22:10:35.114 28336 21980 I MicroRecognitionRunner: Starting detection.
03-27 22:10:35.114 28336 21980 I InputStreamUtils: Using micInputStream
03-27 22:10:35.114 28336 21381 I MicrophoneInputStream: mic_starting  SR : 16000 CC : 16 SO : 1999
03-27 22:10:35.117   788  1479 V msm8974_platform: platform_check_input_mask: enter check_input_mask source 6 mask 10
03-27 22:10:35.121  1012 26869 I AudioFlinger: AudioFlinger's thread 0xb2483340 tid=26869 ready to run
03-27 22:10:35.128   788  1479 D audio_hw_primary: in_set_parameters: enter: kvpairs=input_source=6;routing=-2147483644
03-27 22:10:35.129  1012  4918 D APM_AudioPolicyManager: AudioPolicyManager::startInput() input 263422, session 263537, source = 1999
03-27 22:10:35.129 28336 21381 I MicrophoneInputStream: mic_started  SR : 16000 CC : 16 SO : 1999
03-27 22:10:35.130   788 26870 V msm8974_platform: platform_update_usecase_from_source: input source :6
03-27 22:10:35.130   788 26870 V msm8974_platform: platform_check_input_mask: enter check_input_mask source 6 mask 10
03-27 22:10:35.130   788 26870 V msm8974_platform: platform_get_input_snd_device: enter: out_device(0) in_device(0x4) channel_count (1) channel_mask (0x10)
03-27 22:10:35.130   788 26870 V msm8974_platform: platform_get_input_snd_device: exit: in_snd_device(voice-rec-mic)
03-27 22:10:35.130   788 26870 V msm8974_platform: platform_get_backend_index:napb: backend port - 5 device - 120 
03-27 22:10:35.130   788 26870 V msm8974_platform: platform_check_and_set_capture_backend_cfg:txbecf: afe: bitwidth 0, samplerate 0, channel 1, backend_idx 5 usecase = 9 device (voice-rec-mic)
03-27 22:10:35.130   788 26870 V msm8974_platform: platform_check_capture_backend_cfg:txbecf: afe: Codec selected backend: 5 current bit width: 0 and sample rate: 0, channels 1
03-27 22:10:35.130   788 26870 V msm8974_platform: platform_check_capture_backend_cfg:txbecf: afe: Codec selected backend: 5 updated bit width: 0 and sample rate: 0
03-27 22:10:35.131   788 26870 I msm8974_platform: platform_check_capture_backend_cfg:txbecf: afe: Codec backend needs to be updated. new bit width: 0 new sample rate: 0 new channel: 1
03-27 22:10:35.131   788 26870 V msm8974_platform: platform_get_backend_index:napb: backend port - 5 device - 120 
03-27 22:10:35.131   788 26870 V msm8974_platform: platform_set_backend_cfg:becf: afe: bitwidth 0, samplerate 0 channels 1, backend_idx 5 device (voice-rec-mic)
03-27 22:10:35.131   788 26870 E msm8974_platform: platform_set_backend_cfg:becf: afe: Could not get ctl for mixer command - SLIM_0_TX Format
03-27 22:10:35.131   788 26870 V msm8974_platform: platform_send_audio_calibration: sending audio calibration for snd_device(120) acdb_id(62)
03-27 22:10:35.131   788 26870 D ACDB-LOADER: ACDB -> send_audio_cal, acdb_id = 62, path = 1, app id = 0x11130, sample rate = 48000
03-27 22:10:35.131   788 26870 D ACDB-LOADER: ACDB -> send_asm_topology
03-27 22:10:35.131   788 26870 D ACDB-LOADER: ACDB -> ACDB_CMD_GET_AUDPROC_STREAM_TOPOLOGY_ID
03-27 22:10:35.131   788 26870 D ACDB-LOADER: ACDB -> send_adm_topology
03-27 22:10:35.131   788 26870 D ACDB-LOADER: ACDB -> ACDB_CMD_GET_AUDPROC_COMMON_TOPOLOGY_ID
03-27 22:10:35.131   788 26870 D ACDB-LOADER: ACDB -> send_audtable
03-27 22:10:35.131   788 26870 D ACDB-LOADER: ACDB -> ACDB_CMD_GET_AUDPROC_COMMON_TABLE_SIZE
03-27 22:10:35.131   788 26870 D ACDB-LOADER: ACDB -> ACDB_CMD_GET_AUDPROC_COMMON_TABLE
03-27 22:10:35.131   788 26870 D ACDB-LOADER: ACDB -> AUDIO_SET_AUDPROC_CAL
03-27 22:10:35.131   788 26870 D ACDB-LOADER: ACDB -> send_audvoltable
03-27 22:10:35.132   788 26870 D ACDB-LOADER: ACDB -> ACDB_CMD_GET_AUDPROC_VOL_STEP_TABLE_SIZE
03-27 22:10:35.132   788 26870 D ACDB-LOADER: ACDB -> ACDB_CMD_GET_AUDPROC_GAIN_DEP_STEP_TABLE, vol index 0
03-27 22:10:35.132   788 26870 D         : Failed to fetch the lookup information of the device 0000003E 
03-27 22:10:35.132   788 26870 D ACDB-LOADER: ACDB -> AUDIO_SET_VOL_CAL cal type = 12
03-27 22:10:35.132   788 26870 D ACDB-LOADER: ACDB -> ACDB_CMD_GET_AUDPROC_STREAM_TABLE_SIZE
03-27 22:10:35.132   788 26870 D ACDB-LOADER: ACDB -> send_audstrmtable
03-27 22:10:35.132   788 26870 D ACDB-LOADER: ACDB -> ACDB_CMD_GET_AUDPROC_STREAM_TABLE_V2
03-27 22:10:35.132   788 26870 D ACDB-LOADER: ACDB -> audstrm_cal->cal_type.cal_data.cal_size = 456
03-27 22:10:35.132   788 26870 D ACDB-LOADER: ACDB -> send_afe_topology
03-27 22:10:35.132   788 26870 D ACDB-LOADER: ACDB -> ACDB_CMD_GET_AFE_TOPOLOGY_ID
03-27 22:10:35.132   788 26870 D ACDB-LOADER: ACDB -> GET_AFE_TOPOLOGY_ID for adcd_id 62, Topology Id 112fb
03-27 22:10:35.132   788 26870 D ACDB-LOADER: ACDB -> send_afe_cal
03-27 22:10:35.132   788 26870 D ACDB-LOADER: ACDB -> ACDB_CMD_GET_AFE_COMMON_TABLE_SIZE
03-27 22:10:35.132   788 26870 D         : Failed to fetch the lookup information of the device 0000003E 
03-27 22:10:35.132   788 26870 E ACDB-LOADER: Error: ACDB_CMD_GET_AFE_COMMON_TABLE_SIZE Returned = -19
03-27 22:10:35.132   788 26870 D ACDB-LOADER: ACDB -> ACDB_CMD_GET_AFE_COMMON_TABLE
03-27 22:10:35.132   788 26870 D         : Failed to fetch the lookup information of the device 0000003E 
03-27 22:10:35.132   788 26870 D ACDB-LOADER: ACDB -> AUDIO_SET_AFE_CAL
03-27 22:10:35.132   788 26870 D ACDB-LOADER: ACDB -> send_hw_delay : acdb_id = 62 path = 1
03-27 22:10:35.132   788 26870 D ACDB-LOADER: ACDB -> ACDB_AVSYNC_INFO: ACDB_CMD_GET_DEVICE_PROPERTY
03-27 22:10:35.132   788 26870 D audio_hw_primary: enable_snd_device: snd_device(120: voice-rec-mic)
03-27 22:10:35.132   788 26870 D audio_route: Apply path: voice-rec-mic
03-27 22:10:35.135   788 26870 V msm8974_platform: platform_get_snd_device_backend_index: enter with device 120
03-27 22:10:35.135   788 26870 E msm8974_platform: platform_get_snd_device_backend_index: BE DAI Name Table is not present
03-27 22:10:35.135   788 26870 V msm8974_platform: platform_get_backend_index:napb: backend port - 5 device - 120 
03-27 22:10:35.135   788 26870 I audio_hw_utils: Set Audio Stream Capture 0 App Type Cfg: app_type 69936, acdb_dev_id 62, sample_rate 48000, snd_device_be_idx -14
03-27 22:10:35.136   788 26870 D audio_hw_primary: enable_audio_route: usecase(9) apply and update mixer path: audio-record
03-27 22:10:35.136   788 26870 D audio_route: Apply path: audio-record
03-27 22:10:35.206 28336 28379 I MicroDetectionWorker: onReady
03-27 22:10:35.215 26647 26703 I chatty  : uid=11205(org.mozilla.fennec_aurora) expire 2 lines
03-27 22:10:35.252  2146  2165 I zygote  : NativeAlloc concurrent copying GC freed 20454(1133KB) AllocSpace objects, 0(0B) LOS objects, 50% free, 9MB/18MB, paused 138us total 123.877ms
03-27 22:10:35.526  1456  7796 I OpenGLRenderer: Initialized EGL, version 1.4
03-27 22:10:35.527  1456  7796 D OpenGLRenderer: Swap behavior 2
03-27 22:10:35.570  2748  2917 W OpenGLRenderer: Incorrectly called buildLayer on View: ShortcutAndWidgetContainer, destroying layer...
03-27 22:10:35.679 26647 26676 I chatty  : uid=11205(org.mozilla.fennec_aurora) expire 6 lines
03-27 22:10:35.719   808   898 I SFPerfTracer:      triggers: (rate: 0:1) (0 sw vsyncs) (0 skipped) (38:5914424 vsyncs) (40:12530580)
03-27 22:10:37.648  1456  1893 D BatteryService: uevent={POWER_SUPPLY_VOLTAGE_NOW=4337285, POWER_SUPPLY_CHARGE_RATE=Normal, POWER_SUPPLY_HEALTH=Good, POWER_SUPPLY_CURRENT_NOW=152, POWER_SUPPLY_PRESENT=1, SUBSYSTEM=power_supply, POWER_SUPPLY_TEMP=307, SEQNUM=434906, ACTION=change, POWER_SUPPLY_NAME=battery, POWER_SUPPLY_STATUS=Full, POWER_SUPPLY_CHARGE_COUNTER=2789935, POWER_SUPPLY_CAPACITY=100, DEVPATH=/devices/soc/qpnp-smbcharger-17/power_supply/battery}
03-27 22:10:37.654  2398  2398 D QtiCarrierConfigHelper: WARNING, no carrier configs on phone Id: 0
03-27 22:10:40.128  1456  2162 I ActivityManager: Force stopping org.mozilla.fennec_aurora appid=11205 user=0: from pid 26875
03-27 22:10:40.129  1456  2162 I ActivityManager: Killing 26647:org.mozilla.fennec_aurora/u0a1205 (adj 700): stop org.mozilla.fennec_aurora
03-27 22:10:40.131  1456  1605 W zygote  : kill(-26647, 9) failed: No such process
03-27 22:10:40.132 26727 26727 I chatty  : uid=11205(org.mozilla.fennec_aurora) expire 1 line
03-27 22:10:40.133  1456  2162 W ActivityManager: Force removing ActivityRecord{633f7b5 u0 org.mozilla.fennec_aurora/org.mozilla.fenix.HomeActivity t51259}: app died, no saved state
03-27 22:10:40.143  1456  2162 I ActivityManager: Killing 26727:org.mozilla.fennec_aurora:tab0/u0a1205 (adj 0): stop org.mozilla.fennec_aurora
03-27 22:10:40.149  1456  1605 W zygote  : kill(-26647, 9) failed: No such process
03-27 22:10:40.155  2398  2398 D CarrierSvcBindHelper: No carrier app for: 0
03-27 22:10:40.157  2398  2398 D CarrierSvcBindHelper: No carrier app for: 1
03-27 22:10:40.165  1456  1605 W zygote  : kill(-26647, 9) failed: No such process
03-27 22:10:40.196  1456  1605 I chatty  : uid=1000(system) ActivityManager identical 3 lines
03-27 22:10:40.199  1456  2918 D ConnectivityService: ConnectivityService NetworkRequestInfo binderDied(NetworkRequest [ TRACK_DEFAULT id=34915, [ Capabilities: INTERNET&NOT_RESTRICTED&TRUSTED&NOT_VPN] ], android.os.BinderProxy@e02e175)
03-27 22:10:40.199  1456  2067 D ConnectivityService: releasing NetworkRequest [ TRACK_DEFAULT id=34915, [ Capabilities: INTERNET&NOT_RESTRICTED&TRUSTED&NOT_VPN] ] (release request)
03-27 22:10:40.199  1456  1673 W ActivityManager: setHasOverlayUi called on unknown pid: 26647
03-27 22:10:40.212  1456  1605 W zygote  : kill(-26647, 9) failed: No such process
03-27 22:10:40.212  1456  1605 I zygote  : Successfully killed process cgroup uid 11205 pid 26647 in 81ms
03-27 22:10:40.212  1456  1605 W zygote  : kill(-26727, 9) failed: No such process
03-27 22:10:40.212  1456  1605 I zygote  : Successfully killed process cgroup uid 11205 pid 26727 in 0ms
03-27 22:10:40.256  1456  7570 I ActivityManager: START u0 {act=android.intent.action.MAIN cat=[android.intent.category.LAUNCHER] flg=0x10000000 cmp=org.mozilla.fennec_aurora/.App} from uid 2000
03-27 22:10:40.257   794   839 E ANDR-PERF-RESOURCEQS: Failed to apply optimization [4, 0]
03-27 22:10:40.276  1456  2236 I ActivityManager: Start proc 26882:org.mozilla.fennec_aurora/u0a1205 for activity org.mozilla.fennec_aurora/.App
03-27 22:10:40.363 28336 28379 I MicroDetectionState: Should stop hotword detection immediately - false
03-27 22:10:40.364 28336 28379 I MicroDetector: Keeping mic open: false
03-27 22:10:40.364 28336 28379 I RecognitionAudioControl: #shutdownAudio [requestId: -3115094937880015217, keepAudioOpen: false, forced: true]
03-27 22:10:40.364 28336 21981 E DeviceStateChecker: DeviceStateChecker cancelled
03-27 22:10:40.364 28336 28379 I RecognitionAudioControl: #internalShutdownAudio [requestId: -3115094937880015217]
03-27 22:10:40.364 28336 28379 I RecognitionAudioControl: #internalShutdownAudio [keepAudioOpen: false, forced: true]
03-27 22:10:40.364 28336 28379 I RecognitionAudioControl: #actualShutdownAudio
03-27 22:10:40.364 28336 28379 I AudioController: #shutdown [requestId=-3115094937880015217]
03-27 22:10:40.364 28336 28362 I AudioController: internalShutdown
03-27 22:10:40.364 28336 28378 I MicroRecognitionRunner: Stopping hotword detection.
03-27 22:10:40.403   788  1479 D audio_hw_primary: disable_audio_route: usecase(9) reset and update mixer path: audio-record
03-27 22:10:40.404   788  1479 D audio_hw_primary: disable_snd_device: snd_device(120: voice-rec-mic)
03-27 22:10:40.406  1012  4918 D APM_AudioPolicyManager: stopInput() input 263422, session 263537
03-27 22:10:40.407   788  1479 D audio_hw_primary: in_set_parameters: enter: kvpairs=routing=0
03-27 22:10:40.409 28336 28362 I MicrophoneInputStream: mic_close  SR : 16000 CC : 16 SO : 1999
03-27 22:10:40.409 28336 28362 E AudioSource: Stop listening is called on already closed AudioSource
03-27 22:10:40.411 28336 21980 I MicroRecognitionRunner: Detection finished
03-27 22:10:40.435 26882 26882 I chatty  : uid=11205(org.mozilla.fennec_aurora) expire 57 lines
03-27 22:10:40.509 26882 26901 I chatty  : uid=11205(org.mozilla.fennec_aurora) expire 4 lines
03-27 22:10:40.530 26882 26909 I chatty  : uid=11205(org.mozilla.fennec_aurora) expire 14 lines
03-27 22:10:40.557 26882 26908 I chatty  : uid=11205(org.mozilla.fennec_aurora) expire 17 lines
03-27 22:10:40.562 26882 26912 I chatty  : uid=11205(org.mozilla.fennec_aurora) expire 27 lines
03-27 22:10:40.656 26882 26920 I chatty  : uid=11205(org.mozilla.fennec_aurora) expire 1 line
03-27 22:10:40.699 26882 26930 I chatty  : uid=11205(org.mozilla.fennec_aurora) expire 10 lines
03-27 22:10:40.707 26882 26887 I chatty  : uid=11205(org.mozilla.fennec_aurora) expire 8 lines
03-27 22:10:40.748  1456  2918 I ActivityManager: START u0 {act=android.intent.action.MAIN cat=[android.intent.category.LAUNCHER] flg=0x10000000 cmp=org.mozilla.fennec_aurora/org.mozilla.fenix.HomeActivity (has extras)} from uid 11205
03-27 22:10:40.768   808   808 D SurfaceFlinger: duplicate layer name: changing Splash Screen org.mozilla.fennec_aurora to Splash Screen org.mozilla.fennec_aurora#1
03-27 22:10:40.797  1456  7570 I ActivityManager: Start proc 26958:org.mozilla.fennec_aurora:tab0/u0a1205 for service org.mozilla.fennec_aurora/org.mozilla.gecko.process.GeckoChildProcessServices$tab0
03-27 22:10:40.938 26958 26958 I chatty  : uid=11205(org.mozilla.fennec_aurora) expire 2 lines
03-27 22:10:40.939 26958 26981 I chatty  : uid=11205(org.mozilla.fennec_aurora) expire 1 line
03-27 22:10:41.192 26882 26989 I chatty  : uid=11205(org.mozilla.fennec_aurora) expire 9 lines
03-27 22:10:41.406  1456  1673 I LaunchCheckinHandler: Displayed org.mozilla.fennec_aurora/org.mozilla.fenix.HomeActivity,wp,ca,607
03-27 22:10:41.406  1456  1673 I ActivityManager: Displayed org.mozilla.fennec_aurora/org.mozilla.fenix.HomeActivity: +600ms (total +1s134ms)
03-27 22:10:41.425 28336 28336 I MemoryTrimmer: Trimming objects from memory, since app is in the background.
03-27 22:10:41.430 28336 28379 E AudioSource: Stop listening is called on already closed AudioSource
03-27 22:10:41.432 28336 28336 I MemoryTrimmer: Trimming objects from memory, since app is in the background.
03-27 22:10:41.432 28336 21381 I PBSessionCacheImpl: Deleted sessionId[124624629806612487] from persistence.
03-27 22:10:41.436  1456  2918 I WifiService: getWifiEnabledState uid=10073
03-27 22:10:41.438 28336 28379 I DEBUG   : OpaToSrpTransitionState#onStateChanged#notNullQuery
03-27 22:10:41.439 28336 28379 I DEBUG   : OpaToSrpTransitionState#onStateChanged#notNullQuery
03-27 22:10:41.440 28336 28379 W SearchServiceCore: Abort, client detached.
03-27 22:10:41.545 26882 27007 I chatty  : uid=11205(org.mozilla.fennec_aurora) expire 2 lines
03-27 22:10:41.602  1456  7570 I ActivityManager: Fully drawn org.mozilla.fennec_aurora/org.mozilla.fenix.HomeActivity: +803ms (total +1s337ms)
03-27 22:10:41.604   808   808 I SFPerfTracer:      triggers: (rate: 72:2016329) (compose: 0:7) (post: 0:19) (render: 0:17) (0:9973760 frames) (1:12439121)
03-27 22:10:41.604   808   808 D SFPerfTracer:        layers: (3:12) (NavigationBar#0 (0xb07df000): 0:887399) (StatusBar#0 (0xb07e3000): 0:2101531) (com.android.systemui.ImageWallpaper#0 (0xb07e7000): 0:81458)* (Sprite#0 (0xb0733000): 0:317)* (DimLayerController/Stack=0#0 (0xb075a000): 0:3823)* (Sprite#1 (0xb077c000): 0:195)* (org.mozilla.fennec_aurora/org.mozilla.fenix.HomeActivity#0 (0xb039b000): 0:67)- (com.android.launcher3/com.android.launcher3.CustomizationPanelLauncher#0 (0xb0763000): 0:38)- (com.android.launcher3/com.android.launcher3.CustomizationPanelLauncher#1 (0xb0771000): 0:8)- (Splash Screen org.mozilla.fennec_aurora#0 (0xb039b000): 0:19)- (Splash Screen org.mozilla.fennec_aurora#1 (0xb013a000): 1:31)* (org.mozilla.fennec_aurora/org.mozilla.fenix.HomeActivity#0 (0xb039b000): 1:14) 
03-27 22:10:41.729  1023 27015 D libc    : Internal error: netid(0), id(0xfab1), server(0.0.0.0)
03-27 22:10:41.729  1023 27015 D libc    : Internal error: netid(0), id(0xfab1), server(0.0.0.0)
03-27 22:10:41.730  1023 27015 D libc    : Internal error: netid(0), id(0xd7e6), server(0.0.0.0)
03-27 22:10:41.730  1023 27015 D libc    : Internal error: netid(0), id(0xd7e6), server(0.0.0.0)
03-27 22:10:41.750  1023 27026 D libc    : Internal error: netid(0), id(0x1bbf), server(0.0.0.0)
03-27 22:10:41.751  1023 27026 D libc    : Internal error: netid(0), id(0x1bbf), server(0.0.0.0)
03-27 22:10:41.751  1023 27026 D libc    : Internal error: netid(0), id(0xff93), server(0.0.0.0)
03-27 22:10:41.751  1023 27026 D libc    : Internal error: netid(0), id(0xff93), server(0.0.0.0)
03-27 22:10:41.753  1023 27027 D libc    : Internal error: netid(0), id(0x9f96), server(0.0.0.0)
03-27 22:10:41.753  1023 27027 D libc    : Internal error: netid(0), id(0x9f96), server(0.0.0.0)
03-27 22:10:41.754  1023 27027 D libc    : Internal error: netid(0), id(0x8a89), server(0.0.0.0)
03-27 22:10:41.754  1023 27027 D libc    : Internal error: netid(0), id(0x8a89), server(0.0.0.0)
03-27 22:10:41.754  1023 27031 D libc    : Internal error: netid(0), id(0xa381), server(0.0.0.0)
03-27 22:10:41.754  1023 27031 D libc    : Internal error: netid(0), id(0xa381), server(0.0.0.0)
03-27 22:10:41.755  1023 27031 D libc    : Internal error: netid(0), id(0xfb82), server(0.0.0.0)
03-27 22:10:41.755  1023 27031 D libc    : Internal error: netid(0), id(0xfb82), server(0.0.0.0)
03-27 22:10:41.758  1023 27035 D libc    : Internal error: netid(0), id(0x93a0), server(0.0.0.0)
03-27 22:10:41.759  1023 27035 D libc    : Internal error: netid(0), id(0x93a0), server(0.0.0.0)
03-27 22:10:41.759  1023 27035 D libc    : Internal error: netid(0), id(0x20a7), server(0.0.0.0)
03-27 22:10:41.759  1023 27035 D libc    : Internal error: netid(0), id(0x20a7), server(0.0.0.0)
03-27 22:10:41.764 26882 26911 I chatty  : uid=11205(org.mozilla.fennec_aurora) expire 1 line
03-27 22:10:41.765 26882 26934 I chatty  : uid=11205(org.mozilla.fennec_aurora) expire 1 line
03-27 22:10:41.767 26882 27010 I chatty  : uid=11205(org.mozilla.fennec_aurora) expire 2 lines
03-27 22:10:41.771 26882 27011 I chatty  : uid=11205(org.mozilla.fennec_aurora) expire 2 lines
03-27 22:10:41.801 26882 27048 I chatty  : uid=11205(org.mozilla.fennec_aurora) expire 1 line
03-27 22:10:45.913 27088 27088 D AndroidRuntime: >>>>>> START com.android.internal.os.RuntimeInit uid 2000 <<<<<<
03-27 22:10:45.926 27088 27088 W app_process: Could not reserve sentinel fault page
03-27 22:10:46.092 27088 27088 I app_process: The ClassLoaderContext is a special shared library.
03-27 22:10:46.161 27088 27088 D AndroidRuntime: Calling main entry com.android.commands.input.Input
03-27 22:10:46.162 27088 27088 I Input   : injectKeyEvent: KeyEvent { action=ACTION_DOWN, keyCode=KEYCODE_HOME, scanCode=0, metaState=0, flags=0x0, repeatCount=0, eventTime=17437501441, downTime=17437501441, deviceId=-1, source=0x101 }
03-27 22:10:46.172 27088 27088 I Input   : injectKeyEvent: KeyEvent { action=ACTION_UP, keyCode=KEYCODE_HOME, scanCode=0, metaState=0, flags=0x0, repeatCount=0, eventTime=17437501441, downTime=17437501441, deviceId=-1, source=0x101 }
03-27 22:10:46.178  1456  1941 I ActivityManager: START u0 {act=android.intent.action.MAIN cat=[android.intent.category.HOME] flg=0x10200000 cmp=com.android.launcher3/.CustomizationPanelLauncher (has extras)} from uid 1000
03-27 22:10:46.178   794   839 E ANDR-PERF-RESOURCEQS: Failed to apply optimization [4, 0]
03-27 22:10:46.189  1456  1941 I ActivityManager: moveHomeStack, setupComplete:true
03-27 22:10:46.193 27088 27088 D AndroidRuntime: Shutting down VM
03-27 22:10:46.201 28336 28375 I Adreno  : QUALCOMM build                   : bb5b86c, I77d3059488
03-27 22:10:46.201 28336 28375 I Adreno  : Build Date                       : 06/07/18
03-27 22:10:46.201 28336 28375 I Adreno  : OpenGL ES Shader Compiler Version: EV031.22.00.01_06
03-27 22:10:46.201 28336 28375 I Adreno  : Local Branch                     : 
03-27 22:10:46.201 28336 28375 I Adreno  : Remote Branch                    : refs/tags/AU_LINUX_ANDROID_LA.UM.6.5.R1.08.01.00.312.086
03-27 22:10:46.201 28336 28375 I Adreno  : Remote Branch                    : NONE
03-27 22:10:46.201 28336 28375 I Adreno  : Reconstruct Branch               : NOTHING
03-27 22:10:46.204 28336 28375 D vndksupport: Loading /vendor/lib/hw/gralloc.msm8937.so from current namespace instead of sphal namespace.
03-27 22:10:46.207 28336 28375 I Adreno  : PFP: 0x005ff087, ME: 0x005ff063
03-27 22:10:46.211 28336 28375 I zygote  : android::hardware::configstore::V1_0::ISurfaceFlingerConfigs::hasWideColorDisplay retrieved: 0
03-27 22:10:46.211 28336 28375 I OpenGLRenderer: Initialized EGL, version 1.4
03-27 22:10:46.212 28336 28375 D OpenGLRenderer: Swap behavior 2
03-27 22:10:46.215 22718 22718 I Finsky  : [2] ppb.onTrimMemory(1): Memory trim requested to level 80
03-27 22:10:46.217  2748  2748 D Launcher.Utilities: Wakeup weather: Intent { act=com.motorola.launcher3.action.WAKEUP_WEATHER cmp=com.motorola.timeweatherwidget/com.motorola.commandcenter.weather.WakeUpService }
03-27 22:10:46.235  1456  1456 I NotificationService: Cannot find enqueued record for key: 0|com.motorola.timeweatherwidget|1|null|10116
03-27 22:10:46.238   808   808 D SurfaceFlinger: duplicate layer name: changing com.android.launcher3/com.android.launcher3.CustomizationPanelLauncher to com.android.launcher3/com.android.launcher3.CustomizationPanelLauncher#1
03-27 22:10:46.245 28336 28336 W ThreadPoolDumper: Queue length for executor EventBus is now 11. Perhaps some tasks are too long, or the pool is too small.
03-27 22:10:46.251  1456  2236 I WifiService: getWifiEnabledState uid=10073
03-27 22:10:46.264  1456  2918 I WifiService: getWifiEnabledState uid=10073
03-27 22:10:46.272 28336 28379 I DEBUG   : OpaToSrpTransitionState#onStateChanged#notNullQuery
03-27 22:10:46.273 28336 28379 I DEBUG   : OpaToSrpTransitionState#onStateChanged#notNullQuery
03-27 22:10:46.289 28336 28379 I MicroDetectionState: Should stop hotword detection immediately - false
03-27 22:10:46.293 28336 28379 I MicroDetectionWorker: #startMicroDetector [speakerMode: 0]
03-27 22:10:46.294 28336 28379 I AudioController: Created new AudioSource
03-27 22:10:46.298 28336 28366 I MicroDataManager: isInitializedWithLatestParams-true
03-27 22:10:46.298 28336 28366 I MicroDataManager: isInitializing-false locale not changed-true model not changed-true
03-27 22:10:46.299 28336 28366 I MicroDataManager: Already initialized, obtaining the hotword data immediately.
03-27 22:10:46.304 28336 21981 I MicroRecognitionRunner: Starting detection.
03-27 22:10:46.304 28336 21981 I InputStreamUtils: Using micInputStream
03-27 22:10:46.305 28336 21379 I MicrophoneInputStream: mic_starting  SR : 16000 CC : 16 SO : 1999
03-27 22:10:46.307   788  1479 V msm8974_platform: platform_check_input_mask: enter check_input_mask source 6 mask 10
03-27 22:10:46.309  1012 27102 I AudioFlinger: AudioFlinger's thread 0xb2483480 tid=27102 ready to run
03-27 22:10:46.314   788  1479 D audio_hw_primary: in_set_parameters: enter: kvpairs=input_source=6;routing=-2147483644
03-27 22:10:46.315  1012 26683 D APM_AudioPolicyManager: AudioPolicyManager::startInput() input 263430, session 263545, source = 1999
03-27 22:10:46.316 28336 21379 I MicrophoneInputStream: mic_started  SR : 16000 CC : 16 SO : 1999
03-27 22:10:46.317   788 27103 V msm8974_platform: platform_update_usecase_from_source: input source :6
03-27 22:10:46.317   788 27103 V msm8974_platform: platform_check_input_mask: enter check_input_mask source 6 mask 10
03-27 22:10:46.317   788 27103 V msm8974_platform: platform_get_input_snd_device: enter: out_device(0) in_device(0x4) channel_count (1) channel_mask (0x10)
03-27 22:10:46.318   788 27103 V msm8974_platform: platform_get_input_snd_device: exit: in_snd_device(voice-rec-mic)
03-27 22:10:46.318   788 27103 V msm8974_platform: platform_get_backend_index:napb: backend port - 5 device - 120 
03-27 22:10:46.318   788 27103 V msm8974_platform: platform_check_and_set_capture_backend_cfg:txbecf: afe: bitwidth 0, samplerate 0, channel 1, backend_idx 5 usecase = 9 device (voice-rec-mic)
03-27 22:10:46.318   788 27103 V msm8974_platform: platform_check_capture_backend_cfg:txbecf: afe: Codec selected backend: 5 current bit width: 0 and sample rate: 0, channels 1
03-27 22:10:46.318   788 27103 V msm8974_platform: platform_check_capture_backend_cfg:txbecf: afe: Codec selected backend: 5 updated bit width: 0 and sample rate: 0
03-27 22:10:46.318   788 27103 I msm8974_platform: platform_check_capture_backend_cfg:txbecf: afe: Codec backend needs to be updated. new bit width: 0 new sample rate: 0 new channel: 1
03-27 22:10:46.318   788 27103 V msm8974_platform: platform_get_backend_index:napb: backend port - 5 device - 120 
03-27 22:10:46.318   788 27103 V msm8974_platform: platform_set_backend_cfg:becf: afe: bitwidth 0, samplerate 0 channels 1, backend_idx 5 device (voice-rec-mic)
03-27 22:10:46.318   788 27103 E msm8974_platform: platform_set_backend_cfg:becf: afe: Could not get ctl for mixer command - SLIM_0_TX Format
03-27 22:10:46.318   788 27103 V msm8974_platform: platform_send_audio_calibration: sending audio calibration for snd_device(120) acdb_id(62)
03-27 22:10:46.318   788 27103 D ACDB-LOADER: ACDB -> send_audio_cal, acdb_id = 62, path = 1, app id = 0x11130, sample rate = 48000
03-27 22:10:46.318   788 27103 D ACDB-LOADER: ACDB -> send_asm_topology
03-27 22:10:46.318   788 27103 D ACDB-LOADER: ACDB -> ACDB_CMD_GET_AUDPROC_STREAM_TOPOLOGY_ID
03-27 22:10:46.318   788 27103 D ACDB-LOADER: ACDB -> send_adm_topology
03-27 22:10:46.318   788 27103 D ACDB-LOADER: ACDB -> ACDB_CMD_GET_AUDPROC_COMMON_TOPOLOGY_ID
03-27 22:10:46.318   788 27103 D ACDB-LOADER: ACDB -> send_audtable
03-27 22:10:46.318   788 27103 D ACDB-LOADER: ACDB -> ACDB_CMD_GET_AUDPROC_COMMON_TABLE_SIZE
03-27 22:10:46.318   788 27103 D ACDB-LOADER: ACDB -> ACDB_CMD_GET_AUDPROC_COMMON_TABLE
03-27 22:10:46.318   788 27103 D ACDB-LOADER: ACDB -> AUDIO_SET_AUDPROC_CAL
03-27 22:10:46.318   788 27103 D ACDB-LOADER: ACDB -> send_audvoltable
03-27 22:10:46.318   788 27103 D ACDB-LOADER: ACDB -> ACDB_CMD_GET_AUDPROC_VOL_STEP_TABLE_SIZE
03-27 22:10:46.318   788 27103 D ACDB-LOADER: ACDB -> ACDB_CMD_GET_AUDPROC_GAIN_DEP_STEP_TABLE, vol index 0
03-27 22:10:46.318   788 27103 D         : Failed to fetch the lookup information of the device 0000003E 
03-27 22:10:46.318   788 27103 D ACDB-LOADER: ACDB -> AUDIO_SET_VOL_CAL cal type = 12
03-27 22:10:46.319   788 27103 D ACDB-LOADER: ACDB -> ACDB_CMD_GET_AUDPROC_STREAM_TABLE_SIZE
03-27 22:10:46.319   788 27103 D ACDB-LOADER: ACDB -> send_audstrmtable
03-27 22:10:46.319   788 27103 D ACDB-LOADER: ACDB -> ACDB_CMD_GET_AUDPROC_STREAM_TABLE_V2
03-27 22:10:46.319   788 27103 D ACDB-LOADER: ACDB -> audstrm_cal->cal_type.cal_data.cal_size = 456
03-27 22:10:46.319   788 27103 D ACDB-LOADER: ACDB -> send_afe_topology
03-27 22:10:46.319   788 27103 D ACDB-LOADER: ACDB -> ACDB_CMD_GET_AFE_TOPOLOGY_ID
03-27 22:10:46.319   788 27103 D ACDB-LOADER: ACDB -> GET_AFE_TOPOLOGY_ID for adcd_id 62, Topology Id 112fb
03-27 22:10:46.319   788 27103 D ACDB-LOADER: ACDB -> send_afe_cal
03-27 22:10:46.319   788 27103 D ACDB-LOADER: ACDB -> ACDB_CMD_GET_AFE_COMMON_TABLE_SIZE
03-27 22:10:46.319   788 27103 D         : Failed to fetch the lookup information of the device 0000003E 
03-27 22:10:46.319   788 27103 E ACDB-LOADER: Error: ACDB_CMD_GET_AFE_COMMON_TABLE_SIZE Returned = -19
03-27 22:10:46.319   788 27103 D ACDB-LOADER: ACDB -> ACDB_CMD_GET_AFE_COMMON_TABLE
03-27 22:10:46.319   788 27103 D         : Failed to fetch the lookup information of the device 0000003E 
03-27 22:10:46.319   788 27103 D ACDB-LOADER: ACDB -> AUDIO_SET_AFE_CAL
03-27 22:10:46.319   788 27103 D ACDB-LOADER: ACDB -> send_hw_delay : acdb_id = 62 path = 1
03-27 22:10:46.319   788 27103 D ACDB-LOADER: ACDB -> ACDB_AVSYNC_INFO: ACDB_CMD_GET_DEVICE_PROPERTY
03-27 22:10:46.319   788 27103 D audio_hw_primary: enable_snd_device: snd_device(120: voice-rec-mic)
03-27 22:10:46.319   788 27103 D audio_route: Apply path: voice-rec-mic
03-27 22:10:46.322   788 27103 V msm8974_platform: platform_get_snd_device_backend_index: enter with device 120
03-27 22:10:46.322   788 27103 E msm8974_platform: platform_get_snd_device_backend_index: BE DAI Name Table is not present
03-27 22:10:46.322   788 27103 V msm8974_platform: platform_get_backend_index:napb: backend port - 5 device - 120 
03-27 22:10:46.322   788 27103 I audio_hw_utils: Set Audio Stream Capture 0 App Type Cfg: app_type 69936, acdb_dev_id 62, sample_rate 48000, snd_device_be_idx -14
03-27 22:10:46.322   788 27103 D audio_hw_primary: enable_audio_route: usecase(9) apply and update mixer path: audio-record
03-27 22:10:46.322   788 27103 D audio_route: Apply path: audio-record
03-27 22:10:46.327  1456  1673 I LaunchCheckinHandler: Displayed com.android.launcher3/.CustomizationPanelLauncher,wp,wa,149
03-27 22:10:46.391 28336 28379 I MicroDetectionWorker: onReady
03-27 22:10:46.411 26882 27045 I chatty  : uid=11205(org.mozilla.fennec_aurora) expire 2 lines
03-27 22:10:46.738  1456  7796 I OpenGLRenderer: Initialized EGL, version 1.4
03-27 22:10:46.738  1456  7796 D OpenGLRenderer: Swap behavior 2
03-27 22:10:46.786  2748  2917 W OpenGLRenderer: Incorrectly called buildLayer on View: ShortcutAndWidgetContainer, destroying layer...
03-27 22:10:46.914   808   898 I SFPerfTracer:      triggers: (rate: 0:1) (0 sw vsyncs) (0 skipped) (37:5914528 vsyncs) (39:12530713)
03-27 22:10:47.085  1456  1466 I zygote  : NativeAlloc concurrent copying GC freed 55919(3MB) AllocSpace objects, 26(904KB) LOS objects, 37% free, 39MB/63MB, paused 150us total 347.703ms
03-27 22:10:51.348  1456  2923 I ActivityManager: Force stopping org.mozilla.fennec_aurora appid=11205 user=0: from pid 27109
03-27 22:10:51.348  1456  2923 I ActivityManager: Killing 26882:org.mozilla.fennec_aurora/u0a1205 (adj 700): stop org.mozilla.fennec_aurora
03-27 22:10:51.350  1456  1605 W zygote  : kill(-26882, 9) failed: No such process
03-27 22:10:51.352  1456  2923 W ActivityManager: Force removing ActivityRecord{7423e55 u0 org.mozilla.fennec_aurora/org.mozilla.fenix.HomeActivity t51261}: app died, no saved state
03-27 22:10:51.366  1456  1605 W zygote  : kill(-26882, 9) failed: No such process
03-27 22:10:51.372  1456  2923 I ActivityManager: Killing 26958:org.mozilla.fennec_aurora:tab0/u0a1205 (adj 0): stop org.mozilla.fennec_aurora
03-27 22:10:51.379  1456  1605 W zygote  : kill(-26882, 9) failed: No such process
03-27 22:10:51.387  2398  2398 D CarrierSvcBindHelper: No carrier app for: 0
03-27 22:10:51.388  2398  2398 D CarrierSvcBindHelper: No carrier app for: 1
03-27 22:10:51.393  1456  1605 W zygote  : kill(-26882, 9) failed: No such process
03-27 22:10:51.417  1456  1673 W ActivityManager: setHasOverlayUi called on unknown pid: 26882
03-27 22:10:51.425  1456  1605 W zygote  : kill(-26882, 9) failed: No such process
03-27 22:10:51.425  1456  1605 I zygote  : Successfully killed process cgroup uid 11205 pid 26882 in 74ms
03-27 22:10:51.425  1456  1605 W zygote  : kill(-26958, 9) failed: No such process
03-27 22:10:51.425  1456  1605 I zygote  : Successfully killed process cgroup uid 11205 pid 26958 in 0ms
03-27 22:10:51.483  1456  1471 I ActivityManager: START u0 {act=android.intent.action.MAIN cat=[android.intent.category.LAUNCHER] flg=0x10000000 cmp=org.mozilla.fennec_aurora/.App} from uid 2000
03-27 22:10:51.484   794   839 E ANDR-PERF-RESOURCEQS: Failed to apply optimization [4, 0]
03-27 22:10:51.503  1456  2915 I ActivityManager: Start proc 27116:org.mozilla.fennec_aurora/u0a1205 for activity org.mozilla.fennec_aurora/.App
03-27 22:10:51.591 28336 28379 I MicroDetectionState: Should stop hotword detection immediately - false
03-27 22:10:51.592 28336 28379 I MicroDetector: Keeping mic open: false
03-27 22:10:51.592 28336 28379 I RecognitionAudioControl: #shutdownAudio [requestId: -4175593837497653285, keepAudioOpen: false, forced: true]
03-27 22:10:51.592 28336 21980 E DeviceStateChecker: DeviceStateChecker cancelled
03-27 22:10:51.592 28336 28379 I RecognitionAudioControl: #internalShutdownAudio [requestId: -4175593837497653285]
03-27 22:10:51.592 28336 28379 I RecognitionAudioControl: #internalShutdownAudio [keepAudioOpen: false, forced: true]
03-27 22:10:51.592 28336 28379 I RecognitionAudioControl: #actualShutdownAudio
03-27 22:10:51.592 28336 28379 I AudioController: #shutdown [requestId=-4175593837497653285]
03-27 22:10:51.592 28336 28362 I AudioController: internalShutdown
03-27 22:10:51.592 28336 28367 I MicroRecognitionRunner: Stopping hotword detection.
03-27 22:10:51.649   788  1479 D audio_hw_primary: disable_audio_route: usecase(9) reset and update mixer path: audio-record
03-27 22:10:51.650   788  1479 D audio_hw_primary: disable_snd_device: snd_device(120: voice-rec-mic)
03-27 22:10:51.652  1012 19368 D APM_AudioPolicyManager: stopInput() input 263430, session 263545
03-27 22:10:51.653   788  1401 D audio_hw_primary: in_set_parameters: enter: kvpairs=routing=0
03-27 22:10:51.655 28336 28362 I MicrophoneInputStream: mic_close  SR : 16000 CC : 16 SO : 1999
03-27 22:10:51.655 28336 28362 E AudioSource: Stop listening is called on already closed AudioSource
