06-07 23:53:01.474 29605 29671 D RustNativeSupport: lib configured: megazord
06-07 23:53:01.474 29605 29671 D RustNativeSupport: lib version configured: 60.0.0
06-07 23:53:01.474 29605 29671 D RustNativeSupport: settled on megazord
06-07 23:53:01.475  1456  1466 I zygote  : Background concurrent copying GC freed 48301(2MB) AllocSpace objects, 18(680KB) LOS objects, 33% free, 46MB/70MB, paused 285us total 411.949ms
06-07 23:53:01.478 29605 29671 D places_ffi: places_api_new
06-07 23:53:01.492 29605 29723 I FirefoxAccountStateMachine: Ran 'Event$Init' side-effects for state Start, got successive event Event$AccountNotFound
06-07 23:53:01.492 29605 29723 I FirefoxAccountStateMachine: Processing event Event$AccountNotFound for state Start. Next state is NotAuthenticated
06-07 23:53:01.503 29605 29723 D RustNativeSupport: findMegazordLibraryName(fxaclient, 60.0.0
06-07 23:53:01.503 29605 29723 D RustNativeSupport: lib in use: none
06-07 23:53:01.503 29605 29723 D RustNativeSupport: lib configured: megazord
06-07 23:53:01.503 29605 29723 D RustNativeSupport: lib version configured: 60.0.0
06-07 23:53:01.503 29605 29723 D RustNativeSupport: settled on megazord
06-07 23:53:01.506 29605 29723 D fxaclient_ffi: fxa_new
06-07 23:53:01.557 29605 29671 D sql_support::conn_ext: Transaction commited after 35.667503ms
06-07 23:53:01.561 29605 29671 D places_ffi: places_connection_new
06-07 23:53:01.569 29605 29735 I Gecko   : [GFX1-]: Failed to create EGLContext!: 0x300c
06-07 23:53:01.570 29605 29671 D places_ffi: places_connection_new
06-07 23:53:01.583 29605 29605 W GeckoEventDispatcher: No listener for GeckoView:AccessibilityEnabled
06-07 23:53:01.597 29605 29671 D places_ffi: bookmarks_get_all_with_url
06-07 23:53:01.614 29605 29610 I zygote  : Do full code cache collection, code=125KB, data=98KB
06-07 23:53:01.616 29605 29610 I zygote  : After code cache collection, code=93KB, data=55KB
06-07 23:53:01.621 29605 29605 D GeckoNetworkManager: Incoming event enableNotifications for state OnNoListeners -> OnWithListeners
06-07 23:53:01.622 29605 29605 D GeckoNetworkManager: New network state: UP, WIFI, WIFI
06-07 23:53:01.624 29605 29635 W ResourceType: Too many attribute references, stopped at: 0x01010099
06-07 23:53:01.650 29605 29728 W LOTTIE  : Animation contains merge paths. Merge paths are only supported on KitKat+ and must be manually enabled by calling enableMergePathsForKitKatAndAbove().
06-07 23:53:01.654 29605 29723 W FirefoxAccountStateMachine: Got invalid event Event$Init for state NotAuthenticated.
06-07 23:53:01.777  1456  2920 I ActivityManager: Displayed org.mozilla.fennec_aurora/org.mozilla.fenix.HomeActivity: +771ms (total +1s521ms)
06-07 23:53:01.777  1456  2920 I ActivityManager: Fully drawn org.mozilla.fennec_aurora/org.mozilla.fenix.HomeActivity: +771ms (total +1s521ms)
06-07 23:53:01.794 29605 29605 D GeckoNetworkManager: Incoming event receivedUpdate for state OnWithListeners -> OnWithListeners
06-07 23:53:01.795 29605 29605 D GeckoNetworkManager: New network state: UP, WIFI, WIFI
06-07 23:53:01.864 29605 29677 D vndksupport: Loading /vendor/lib/hw/android.hardware.graphics.mapper@2.0-impl.so from current namespace instead of sphal namespace.
06-07 23:53:01.866 29605 29677 D vndksupport: Loading /vendor/lib/hw/gralloc.msm8937.so from current namespace instead of sphal namespace.
06-07 23:53:01.886 29605 29635 W GeckoEventDispatcher: No listener for GeckoView:AccessibilityEnabled
06-07 23:53:01.891 29605 29610 I zygote  : Do partial code cache collection, code=121KB, data=84KB
06-07 23:53:01.894 29605 29610 I zygote  : After code cache collection, code=121KB, data=84KB
06-07 23:53:01.894 29605 29610 I zygote  : Increasing code cache capacity to 512KB
06-07 23:53:01.901 29605 29635 W ResourceType: Too many attribute references, stopped at: 0x01010099
06-07 23:53:01.912 29605 29605 W LOTTIE  : Animation contains merge paths but they are disabled.
06-07 23:53:01.971 10673 10673 I MemoryTrimmer: Trimming objects from memory, since app is in the background.
06-07 23:53:01.984 10673 10673 I MemoryTrimmer: Trimming objects from memory, since app is in the background.
06-07 23:53:01.986 10673 13820 I PBSessionCacheImpl: Deleted sessionId[46941942000307799] from persistence.
06-07 23:53:02.002  1456  4829 I WifiService: getWifiEnabledState uid=10073
06-07 23:53:02.023 10673 10717 W SearchServiceCore: Abort, client detached.
06-07 23:53:02.097 29605 29676 D ServiceAllocator: org.mozilla.gecko.process.GeckoChildProcessServices$tab0 updateBindings: FOREGROUND priority, 0 importance, 1 successful binds, 0 failed binds, 0 successful unbinds
06-07 23:53:02.106 29687 29712 D GeckoThread: State changed to MOZGLUE_READY
06-07 23:53:02.115 29687 29712 W Settings: Setting animator_duration_scale has moved from android.provider.Settings.System to android.provider.Settings.Global, returning read-only global URI.
06-07 23:53:02.118 29687 29712 E GeckoLibLoad: Load sqlite start
06-07 23:53:02.120 29687 29712 E GeckoLibLoad: Load sqlite done
06-07 23:53:02.120 29687 29712 E GeckoLibLoad: Load nss start
06-07 23:53:02.120 29687 29712 E GeckoLibLoad: Load nss done
06-07 23:53:02.133 29605 29635 W VideoCapabilities: Unrecognized profile 2130706433 for video/avc
06-07 23:53:02.133 29605 29635 W VideoCapabilities: Unrecognized profile 2130706434 for video/avc
06-07 23:53:02.136 29605 29635 W VideoCapabilities: Unrecognized profile 2130706433 for video/avc
06-07 23:53:02.136 29605 29635 W VideoCapabilities: Unrecognized profile 2130706434 for video/avc
06-07 23:53:02.138 29687 29712 E GeckoLibLoad: Loaded libs in 18.051720ms total, 6ms(3ms) user, 9ms(13ms) system, 0(0) faults
06-07 23:53:02.138 29687 29712 D GeckoThread: State changed to LIBS_READY
06-07 23:53:02.138 29687 29712 W GeckoThread: zerdatime 24116488212 - runGecko
06-07 23:53:02.158 29605 29635 W VideoCapabilities: Unrecognized profile 2130706433 for video/avc
06-07 23:53:02.158 29605 29635 W VideoCapabilities: Unrecognized profile 2130706434 for video/avc
06-07 23:53:02.165 29605 29635 I VideoCapabilities: Unsupported profile 4 for video/mp4v-es
06-07 23:53:02.170 29605 29635 D HardwareCodecCapability: Found candidate encoder OMX.qcom.video.encoder.avc
06-07 23:53:02.170 29605 29635 W VideoCapabilities: Unrecognized profile 2130706433 for video/avc
06-07 23:53:02.170 29605 29635 W VideoCapabilities: Unrecognized profile 2130706434 for video/avc
06-07 23:53:02.172 29605 29635 V HardwareCodecCapability:    Color: 0x7fa30c04
06-07 23:53:02.172 29605 29635 V HardwareCodecCapability:    Color: 0x7f000789
06-07 23:53:02.172 29605 29635 V HardwareCodecCapability:    Color: 0x7f420888
06-07 23:53:02.172 29605 29635 V HardwareCodecCapability:    Color: 0x15
06-07 23:53:02.172 29605 29635 D HardwareCodecCapability: Found target encoder OMX.qcom.video.encoder.avc. Color: 0x15
06-07 23:53:02.172 29605 29635 D HardwareCodecCapability: Found candidate decoder OMX.qcom.video.decoder.avc
06-07 23:53:02.172 29605 29635 W VideoCapabilities: Unrecognized profile 2130706433 for video/avc
06-07 23:53:02.173 29605 29635 W VideoCapabilities: Unrecognized profile 2130706434 for video/avc
06-07 23:53:02.174 29605 29635 V HardwareCodecCapability:    Color: 0x7f420888
06-07 23:53:02.174 29605 29635 V HardwareCodecCapability:    Color: 0x7fa30c04
06-07 23:53:02.174 29605 29635 V HardwareCodecCapability:    Color: 0x15
06-07 23:53:02.174 29605 29635 V HardwareCodecCapability:    Color: 0x13
06-07 23:53:02.174 29605 29635 V HardwareCodecCapability:    Color: 0x7fa30c05
06-07 23:53:02.174 29605 29635 D HardwareCodecCapability: Found target decoder OMX.qcom.video.decoder.avc. Color: 0x13
06-07 23:53:02.175 29605 29635 D HardwareCodecCapability: Found candidate encoder OMX.google.vp8.encoder
06-07 23:53:02.175 29605 29635 D HardwareCodecCapability: Found candidate decoder OMX.qcom.video.decoder.vp8
06-07 23:53:02.176 29605 29635 V HardwareCodecCapability:    Color: 0x7f420888
06-07 23:53:02.176 29605 29635 V HardwareCodecCapability:    Color: 0x7fa30c04
06-07 23:53:02.176 29605 29635 V HardwareCodecCapability:    Color: 0x15
06-07 23:53:02.176 29605 29635 V HardwareCodecCapability:    Color: 0x13
06-07 23:53:02.176 29605 29635 V HardwareCodecCapability:    Color: 0x7fa30c05
06-07 23:53:02.176 29605 29635 D HardwareCodecCapability: Found target decoder OMX.qcom.video.decoder.vp8. Color: 0x13
06-07 23:53:02.179 29605 29676 D ServiceAllocator: org.mozilla.gecko.process.GeckoChildProcessServices$tab0 updateBindings: FOREGROUND priority, 2 importance, 0 successful binds, 0 failed binds, 0 successful unbinds
06-07 23:53:02.198 29605 29635 I GeckoSession: zerdatime 24116488271 - chrome startup finished
06-07 23:53:02.269 29605 29716 I libglean_ffi: glean_core::upload: Ping 4fd6bf64-efad-4a9e-8664-d1f62614f36e successfully sent 200.
06-07 23:53:02.269 29605 29716 I libglean_ffi: glean_core::upload::directory: File was deleted /data/user/0/org.mozilla.fennec_aurora/glean_data/pending_pings/4fd6bf64-efad-4a9e-8664-d1f62614f36e
06-07 23:53:02.274 29605 29716 I libglean_ffi: glean_core::upload: No more pings to upload! You are done.
06-07 23:53:02.277 29605 29626 I WM-WorkerWrapper: Worker result SUCCESS for Work [ id=ae7c7d98-0a97-43eb-a3c4-3d9abc8b59c0, tags={ mozilla.telemetry.glean.scheduler.PingUploadWorker, mozac_service_glean_ping_upload_worker } ]
06-07 23:53:02.284 29605 29671 D places_ffi: places_connection_new
06-07 23:53:02.286  1456  2067 D ConnectivityService: releasing NetworkRequest [ TRACK_DEFAULT id=62992, [ Capabilities: INTERNET&NOT_RESTRICTED&TRUSTED&NOT_VPN] ] (release request)
06-07 23:53:02.301 29687 29712 D GeckoThread: State changed to RUNNING
06-07 23:53:02.311 29605 29671 D places_ffi: places_note_observation
06-07 23:53:02.349 29687 29712 W ResourceType: Too many attribute references, stopped at: 0x01010099
06-07 23:53:02.350 29605 29671 D sql_support::conn_ext: Transaction commited after 38.47292ms
06-07 23:53:02.354 29605 29670 D places_ffi: places_note_observation
06-07 23:53:02.377 29605 29635 D GeckoScreenOrientation: unlocking
06-07 23:53:02.385 29605 29670 D sql_support::conn_ext: Transaction commited after 30.33042ms
06-07 23:53:02.422 29605 29605 D GeckoSession: handleMessage GeckoView:PageStart uri=about:blank
06-07 23:53:02.450 29687 29687 D GeckoNetworkManager: Incoming event enableNotifications for state OffNoListeners -> OffWithListeners
06-07 23:53:02.453 29687 29687 D GeckoNetworkManager: New network state: UP, WIFI, WIFI
06-07 23:53:02.456 29605 29605 D GeckoSession: handleMessage GeckoView:LocationChange uri=about:blank
06-07 23:53:02.461 29605 29605 D GeckoSession: handleMessage GeckoView:PageStop uri=null
06-07 23:53:02.473 29605 29605 I SessionStorage/AutoSave: Save: Load finished
06-07 23:53:02.474 29605 29670 D SessionStorage/AutoSave: Delaying save (523ms)
06-07 23:53:02.493 29605 29605 I zygote  : Deoptimizing java.lang.Object mozilla.components.support.ktx.kotlinx.coroutines.flow.FlowKt$filterChanged$1.invokeSuspend(java.lang.Object) due to JIT inline cache
06-07 23:53:02.504 29605 29605 I zygote  : Deoptimizing void kotlin.sequences.FilteringSequence$iterator$1.calcNext() due to JIT inline cache
06-07 23:53:02.511 29605 29635 D GeckoScreenOrientation: unlocking
06-07 23:53:02.521 29605 29605 D GeckoSession: handleMessage GeckoView:ProgressChanged uri=null
06-07 23:53:02.531 29605 29605 D GeckoSession: handleMessage GeckoView:PageStart uri=https://example.com/
06-07 23:53:02.560 29605 29605 D GeckoSession: handleMessage GeckoView:ProgressChanged uri=null
06-07 23:53:02.568 29605 29605 D GeckoSession: handleMessage GeckoView:PageStop uri=null
06-07 23:53:02.568 29605 29605 I SessionStorage/AutoSave: Save: Load finished
06-07 23:53:02.568 29605 29605 D SessionStorage/AutoSave: Skipping save, other job already in flight
06-07 23:53:02.585 29605 29605 D GeckoSession: handleMessage GeckoView:SecurityChanged uri=null
06-07 23:53:02.586 29605 29605 D GeckoSession: handleMessage GeckoView:ProgressChanged uri=null
06-07 23:53:02.594 29605 29605 D GeckoSession: handleMessage GeckoView:PageStart uri=https://example.com/
06-07 23:53:02.935 29605 29605 D App     : Installed browser-icons extension
06-07 23:53:02.939 29605 29605 I zygote  : Deoptimizing java.lang.Object kotlinx.coroutines.internal.AtomicOp.perform(java.lang.Object) due to JIT inline cache
06-07 23:53:02.940 29605 29605 D mozac-webextensions: Installed extension: mozacWebchannel
06-07 23:53:02.958 29605 29605 I zygote  : Deoptimizing java.lang.Object mozilla.components.support.ktx.kotlinx.coroutines.flow.FlowKt$filterChanged$1.invokeSuspend(java.lang.Object) due to JIT inline cache
06-07 23:53:03.014 29605 29670 D SessionStorage/AutoSave: Saved state to disk [15ms]
06-07 23:53:03.030 29605 29605 D WebExtension: handleMessage GeckoView:PageAction:Update
06-07 23:53:03.039 29605 29635 W GeckoEventDispatcher: No listener for GeckoView:PageAction:Update
06-07 23:53:03.039 29605 29605 D GeckoSession: handleMessage GeckoView:LocationChange uri=https://example.com/
06-07 23:53:03.048 29605 29670 I zygote  : Deoptimizing void kotlinx.coroutines.DispatchedTask.run() due to JIT inline cache
06-07 23:53:03.052 29605 29670 D places_ffi: bookmarks_get_all_with_url
06-07 23:53:03.056 29605 29670 I zygote  : Deoptimizing void kotlin.coroutines.jvm.internal.BaseContinuationImpl.resumeWith(java.lang.Object) due to JIT inline cache
06-07 23:53:03.061 29605 29610 I zygote  : Do full code cache collection, code=251KB, data=155KB
06-07 23:53:03.063 29605 29610 I zygote  : After code cache collection, code=158KB, data=90KB
06-07 23:53:03.071 29605 29605 I zygote  : Deoptimizing java.lang.Object mozilla.components.support.ktx.kotlinx.coroutines.flow.FlowKt$ifChanged$$inlined$filter$1$2.emit(java.lang.Object, kotlin.coroutines.Continuation) due to JIT inline cache
06-07 23:53:03.072 29605 29605 I zygote  : Deoptimizing java.lang.Object mozilla.components.support.ktx.kotlinx.coroutines.flow.FlowKt$filterChanged$1.invokeSuspend(java.lang.Object) due to JIT inline cache
06-07 23:53:03.079 29605 29605 D GeckoSession: handleMessage GeckoView:SecurityChanged uri=null
06-07 23:53:03.246 29605 29670 D places_ffi: places_note_observation
06-07 23:53:03.253 29605 29605 D GeckoSession: handleMessage GeckoView:ProgressChanged uri=null
06-07 23:53:03.262 29605 29605 D GeckoSession: handleMessage GeckoView:ProgressChanged uri=null
06-07 23:53:03.263 29605 29670 D sql_support::conn_ext: Transaction commited after 16.889793ms
06-07 23:53:03.265 29605 29670 I zygote  : Deoptimizing void kotlinx.coroutines.DispatchedTask.run() due to JIT inline cache
06-07 23:53:03.272 29605 29605 D GeckoSession: handleMessage GeckoView:PageStop uri=null
06-07 23:53:03.272 29605 29605 I SessionStorage/AutoSave: Save: Load finished
06-07 23:53:03.273 29605 29670 D SessionStorage/AutoSave: Delaying save (1201ms)
06-07 23:53:03.325 29605 29605 D WebExtension: handleMessage GeckoView:WebExtension:Message
06-07 23:53:03.375 29605 29834 D BrowserIcons: Loaded icon (source = GENERATOR): https://example.com/
06-07 23:53:03.463 29605 29605 D WebExtension: handleMessage GeckoView:WebExtension:Connect
06-07 23:53:03.475 29605 29670 D places_ffi: places_get_visited
06-07 23:53:03.494 29605 29657 D ThumbnailStorage: Saved thumbnail to disk (sessionIdOrUrl = 3867689e-b041-41fa-935a-e083e535fd12, generationId = 58)
06-07 23:53:04.489 29605 29670 D SessionStorage/AutoSave: Saved state to disk [13ms]
06-07 23:53:04.701 29605 29605 I Choreographer: Skipped 65 frames!  The application may be doing too much work on its main thread.
06-07 23:53:04.702 29605 29605 D GeckoSession: handleMessage GeckoView:StateUpdated uri=null
06-07 23:53:04.703 29605 29605 W GeckoSession: No history entries found.
06-07 23:53:04.723 29605 29605 D mozac-webextensions: Installed extension: mozacReaderview
06-07 23:53:04.725 29605 29605 D mozac-webcompat-reporter: Installed WebCompat Reporter webextension: webcompat-reporter@mozilla.org
06-07 23:53:04.727 29605 29605 D mozac-webcompat: Installed WebCompat webextension: webcompat@mozilla.com
06-07 23:53:04.743 29605 29605 I zygote  : Deoptimizing java.lang.Object kotlinx.coroutines.JobSupport.tryMakeCompleting(java.lang.Object, java.lang.Object) due to JIT same target
06-07 23:53:04.747 29605 29605 I DefaultSupportedAddonsChecker: Register check for new supported add-ons
06-07 23:53:04.818 29605 29670 I SupportedAddonsWorker: Trying to check for new supported add-ons
06-07 23:53:04.878   808   898 I SFPerfTracer:      triggers: (rate: 0:1) (0 sw vsyncs) (0 skipped) (1:7703058 vsyncs) (3:15344859)
06-07 23:53:04.912 29605 29605 I zygote  : Deoptimizing void kotlinx.coroutines.DispatchedTask.run() due to JIT inline cache
06-07 23:53:04.912 29605 29605 I zygote  : Deoptimizing void kotlin.coroutines.jvm.internal.BaseContinuationImpl.resumeWith(java.lang.Object) due to JIT inline cache
06-07 23:53:04.916 29605 29626 I WM-WorkerWrapper: Worker result SUCCESS for Work [ id=745bd20e-3c48-484b-a76c-aa9a371f423b, tags={ mozilla.components.feature.addons.migration.DefaultSupportedAddonsChecker.periodicWork, mozilla.components.feature.addons.migration.SupportedAddonsWorker } ]
06-07 23:53:05.900 29835 29835 D AndroidRuntime: >>>>>> START com.android.internal.os.RuntimeInit uid 2000 <<<<<<
06-07 23:53:05.912 29835 29835 W app_process: Could not reserve sentinel fault page
06-07 23:53:06.078 29835 29835 I app_process: The ClassLoaderContext is a special shared library.
06-07 23:53:06.151 29835 29835 D AndroidRuntime: Calling main entry com.android.commands.input.Input
06-07 23:53:06.152 29835 29835 I Input   : injectKeyEvent: KeyEvent { action=ACTION_DOWN, keyCode=KEYCODE_HOME, scanCode=0, metaState=0, flags=0x0, repeatCount=0, eventTime=23664453738, downTime=23664453738, deviceId=-1, source=0x101 }
06-07 23:53:06.162 29835 29835 I Input   : injectKeyEvent: KeyEvent { action=ACTION_UP, keyCode=KEYCODE_HOME, scanCode=0, metaState=0, flags=0x0, repeatCount=0, eventTime=23664453738, downTime=23664453738, deviceId=-1, source=0x101 }
06-07 23:53:06.168  1456  1941 I ActivityManager: START u0 {act=android.intent.action.MAIN cat=[android.intent.category.HOME] flg=0x10200000 cmp=com.android.launcher3/.CustomizationPanelLauncher (has extras)} from uid 1000
06-07 23:53:06.169   794   839 E ANDR-PERF-RESOURCEQS: Failed to apply optimization [4, 0]
06-07 23:53:06.175 29835 29835 D AndroidRuntime: Shutting down VM
06-07 23:53:06.187  1456  4829 I ActivityManager: moveHomeStack, setupComplete:true
06-07 23:53:06.193 10673 10715 I Adreno  : QUALCOMM build                   : bb5b86c, I77d3059488
06-07 23:53:06.193 10673 10715 I Adreno  : Build Date                       : 06/07/18
06-07 23:53:06.193 10673 10715 I Adreno  : OpenGL ES Shader Compiler Version: EV031.22.00.01_06
06-07 23:53:06.193 10673 10715 I Adreno  : Local Branch                     : 
06-07 23:53:06.193 10673 10715 I Adreno  : Remote Branch                    : refs/tags/AU_LINUX_ANDROID_LA.UM.6.5.R1.08.01.00.312.086
06-07 23:53:06.193 10673 10715 I Adreno  : Remote Branch                    : NONE
06-07 23:53:06.193 10673 10715 I Adreno  : Reconstruct Branch               : NOTHING
06-07 23:53:06.197 10673 10715 D vndksupport: Loading /vendor/lib/hw/gralloc.msm8937.so from current namespace instead of sphal namespace.
06-07 23:53:06.201   808   808 I SFPerfTracer:      triggers: (rate: 97:2069836) (compose: 0:7) (post: 0:19) (render: 0:17) (0:11819275 frames) (1:15205943)
06-07 23:53:06.201   808   808 D SFPerfTracer:        layers: (4:11) (NavigationBar#0 (0xb07df000): 0:1203321) (StatusBar#0 (0xb07e3000): 0:2898484) (com.android.systemui.ImageWallpaper#0 (0xb07e7000): 0:112652)* (Sprite#0 (0xb0733000): 0:317)* (DimLayerController/Stack=0#0 (0xb075a000): 0:3866)* (Sprite#1 (0xb077c000): 0:195)* (com.android.launcher3/com.android.launcher3.CustomizationPanelLauncher#0 (0xb0763000): 0:39)- (com.android.launcher3/com.android.launcher3.CustomizationPanelLauncher#1 (0xb0771000): 0:12)- (Splash Screen org.mozilla.fennec_aurora#0 (0xb039b000): 0:32)- (org.mozilla.fennec_aurora/org.mozilla.fenix.IntentReceiverActivity#0 (0xafd20000): 0:2)- (org.mozilla.fennec_aurora/org.mozilla.fenix.HomeActivity#0 (0xafdee000): 0:37) 
06-07 23:53:06.203 10673 10715 I Adreno  : PFP: 0x005ff087, ME: 0x005ff063
06-07 23:53:06.208 10673 10715 I zygote  : android::hardware::configstore::V1_0::ISurfaceFlingerConfigs::hasWideColorDisplay retrieved: 0
06-07 23:53:06.209 10673 10715 I OpenGLRenderer: Initialized EGL, version 1.4
06-07 23:53:06.209 10673 10715 D OpenGLRenderer: Swap behavior 2
06-07 23:53:06.212  2748  2748 D Launcher.Utilities: Wakeup weather: Intent { act=com.motorola.launcher3.action.WAKEUP_WEATHER cmp=com.motorola.timeweatherwidget/com.motorola.commandcenter.weather.WakeUpService }
06-07 23:53:06.227  1456  1456 I NotificationService: Cannot find enqueued record for key: 0|com.motorola.timeweatherwidget|1|null|10116
06-07 23:53:06.228   808   808 D SurfaceFlinger: duplicate layer name: changing com.android.launcher3/com.android.launcher3.CustomizationPanelLauncher to com.android.launcher3/com.android.launcher3.CustomizationPanelLauncher#1
06-07 23:53:06.245 10673 10673 W ThreadPoolDumper: Queue length for executor EventBus is now 11. Perhaps some tasks are too long, or the pool is too small.
06-07 23:53:06.256  1456  4829 I WifiService: getWifiEnabledState uid=10073
06-07 23:53:06.267  1456  4829 I WifiService: getWifiEnabledState uid=10073
06-07 23:53:06.322 29605 29605 D GeckoSession: handleMessage GeckoView:StateUpdated uri=null
06-07 23:53:06.326  1456  1673 I LaunchCheckinHandler: Displayed com.android.launcher3/.CustomizationPanelLauncher,wp,wa,158
06-07 23:53:06.329 29605 29676 D ServiceAllocator: org.mozilla.gecko.process.GeckoChildProcessServices$tab0 updateBindings: IDLE priority, 6 importance, 0 successful binds, 0 failed binds, 2 successful unbinds
06-07 23:53:06.333 10673 10673 I BgTaskExecutorImpl: Starting EXCLUSIVE background task TNG_MINUS_ONE_SYNC.
06-07 23:53:06.340 10673 10717 I MicroDetectionState: Should stop hotword detection immediately - false
06-07 23:53:06.348 10673 10717 I MicroDetectionWorker: #startMicroDetector [speakerMode: 0]
06-07 23:53:06.351 10673 10717 I AudioController: Created new AudioSource
06-07 23:53:06.355 10673 10717 I TngMinusOneSync: Syncing TNG:-1
06-07 23:53:06.356 10673 10698 I MicroDataManager: isInitializing-false locale not changed-true model not changed-true
06-07 23:53:06.357 10673 10698 I MicroDataManager: Already initialized, obtaining the hotword data immediately.
06-07 23:53:06.368 10673 10731 I MicroRecognitionRunner: Starting detection.
06-07 23:53:06.369 10673 10731 I InputStreamUtils: Using micInputStream
06-07 23:53:06.370 10673 10741 I MicrophoneInputStream: mic_starting  SR : 16000 CC : 16 SO : 1999
06-07 23:53:06.375   788  1401 V msm8974_platform: platform_check_input_mask: enter check_input_mask source 6 mask 10
06-07 23:53:06.377  1012 29849 I AudioFlinger: AudioFlinger's thread 0xb24838c0 tid=29849 ready to run
06-07 23:53:06.381   788  1401 D audio_hw_primary: in_set_parameters: enter: kvpairs=input_source=6;routing=-2147483644
06-07 23:53:06.383  1012 26683 D APM_AudioPolicyManager: AudioPolicyManager::startInput() input 383622, session 383737, source = 1999
06-07 23:53:06.383 10673 10741 I MicrophoneInputStream: mic_started  SR : 16000 CC : 16 SO : 1999
06-07 23:53:06.385   788 29850 V msm8974_platform: platform_update_usecase_from_source: input source :6
06-07 23:53:06.385   788 29850 V msm8974_platform: platform_check_input_mask: enter check_input_mask source 6 mask 10
06-07 23:53:06.385   788 29850 V msm8974_platform: platform_get_input_snd_device: enter: out_device(0) in_device(0x4) channel_count (1) channel_mask (0x10)
06-07 23:53:06.385   788 29850 V msm8974_platform: platform_get_input_snd_device: exit: in_snd_device(voice-rec-mic)
06-07 23:53:06.385   788 29850 V msm8974_platform: platform_get_backend_index:napb: backend port - 5 device - 120 
06-07 23:53:06.385   788 29850 V msm8974_platform: platform_check_and_set_capture_backend_cfg:txbecf: afe: bitwidth 0, samplerate 0, channel 1, backend_idx 5 usecase = 9 device (voice-rec-mic)
06-07 23:53:06.385   788 29850 V msm8974_platform: platform_check_capture_backend_cfg:txbecf: afe: Codec selected backend: 5 current bit width: 0 and sample rate: 0, channels 1
06-07 23:53:06.385   788 29850 V msm8974_platform: platform_check_capture_backend_cfg:txbecf: afe: Codec selected backend: 5 updated bit width: 0 and sample rate: 0
06-07 23:53:06.385   788 29850 I msm8974_platform: platform_check_capture_backend_cfg:txbecf: afe: Codec backend needs to be updated. new bit width: 0 new sample rate: 0 new channel: 1
06-07 23:53:06.385   788 29850 V msm8974_platform: platform_get_backend_index:napb: backend port - 5 device - 120 
06-07 23:53:06.385   788 29850 V msm8974_platform: platform_set_backend_cfg:becf: afe: bitwidth 0, samplerate 0 channels 1, backend_idx 5 device (voice-rec-mic)
06-07 23:53:06.386   788 29850 E msm8974_platform: platform_set_backend_cfg:becf: afe: Could not get ctl for mixer command - SLIM_0_TX Format
06-07 23:53:06.386   788 29850 V msm8974_platform: platform_send_audio_calibration: sending audio calibration for snd_device(120) acdb_id(62)
06-07 23:53:06.386   788 29850 D ACDB-LOADER: ACDB -> send_audio_cal, acdb_id = 62, path = 1, app id = 0x11130, sample rate = 48000
06-07 23:53:06.386   788 29850 D ACDB-LOADER: ACDB -> send_asm_topology
06-07 23:53:06.386   788 29850 D ACDB-LOADER: ACDB -> ACDB_CMD_GET_AUDPROC_STREAM_TOPOLOGY_ID
06-07 23:53:06.386   788 29850 D ACDB-LOADER: ACDB -> send_adm_topology
06-07 23:53:06.386   788 29850 D ACDB-LOADER: ACDB -> ACDB_CMD_GET_AUDPROC_COMMON_TOPOLOGY_ID
06-07 23:53:06.386   788 29850 D ACDB-LOADER: ACDB -> send_audtable
06-07 23:53:06.386   788 29850 D ACDB-LOADER: ACDB -> ACDB_CMD_GET_AUDPROC_COMMON_TABLE_SIZE
06-07 23:53:06.386   788 29850 D ACDB-LOADER: ACDB -> ACDB_CMD_GET_AUDPROC_COMMON_TABLE
06-07 23:53:06.386   788 29850 D ACDB-LOADER: ACDB -> AUDIO_SET_AUDPROC_CAL
06-07 23:53:06.386   788 29850 D ACDB-LOADER: ACDB -> send_audvoltable
06-07 23:53:06.386   788 29850 D ACDB-LOADER: ACDB -> ACDB_CMD_GET_AUDPROC_VOL_STEP_TABLE_SIZE
06-07 23:53:06.386   788 29850 D ACDB-LOADER: ACDB -> ACDB_CMD_GET_AUDPROC_GAIN_DEP_STEP_TABLE, vol index 0
06-07 23:53:06.386   788 29850 D         : Failed to fetch the lookup information of the device 0000003E 
06-07 23:53:06.386   788 29850 D ACDB-LOADER: ACDB -> AUDIO_SET_VOL_CAL cal type = 12
06-07 23:53:06.386   788 29850 D ACDB-LOADER: ACDB -> ACDB_CMD_GET_AUDPROC_STREAM_TABLE_SIZE
06-07 23:53:06.386   788 29850 D ACDB-LOADER: ACDB -> send_audstrmtable
06-07 23:53:06.386   788 29850 D ACDB-LOADER: ACDB -> ACDB_CMD_GET_AUDPROC_STREAM_TABLE_V2
06-07 23:53:06.386   788 29850 D ACDB-LOADER: ACDB -> audstrm_cal->cal_type.cal_data.cal_size = 456
06-07 23:53:06.387   788 29850 D ACDB-LOADER: ACDB -> send_afe_topology
06-07 23:53:06.387   788 29850 D ACDB-LOADER: ACDB -> ACDB_CMD_GET_AFE_TOPOLOGY_ID
06-07 23:53:06.387   788 29850 D ACDB-LOADER: ACDB -> GET_AFE_TOPOLOGY_ID for adcd_id 62, Topology Id 112fb
06-07 23:53:06.387   788 29850 D ACDB-LOADER: ACDB -> send_afe_cal
06-07 23:53:06.387   788 29850 D ACDB-LOADER: ACDB -> ACDB_CMD_GET_AFE_COMMON_TABLE_SIZE
06-07 23:53:06.387   788 29850 D         : Failed to fetch the lookup information of the device 0000003E 
06-07 23:53:06.387   788 29850 E ACDB-LOADER: Error: ACDB_CMD_GET_AFE_COMMON_TABLE_SIZE Returned = -19
06-07 23:53:06.387   788 29850 D ACDB-LOADER: ACDB -> ACDB_CMD_GET_AFE_COMMON_TABLE
06-07 23:53:06.387   788 29850 D         : Failed to fetch the lookup information of the device 0000003E 
06-07 23:53:06.387   788 29850 D ACDB-LOADER: ACDB -> AUDIO_SET_AFE_CAL
06-07 23:53:06.387   788 29850 D ACDB-LOADER: ACDB -> send_hw_delay : acdb_id = 62 path = 1
06-07 23:53:06.387   788 29850 D ACDB-LOADER: ACDB -> ACDB_AVSYNC_INFO: ACDB_CMD_GET_DEVICE_PROPERTY
06-07 23:53:06.387   788 29850 D audio_hw_primary: enable_snd_device: snd_device(120: voice-rec-mic)
06-07 23:53:06.387   788 29850 D audio_route: Apply path: voice-rec-mic
06-07 23:53:06.390   788 29850 V msm8974_platform: platform_get_snd_device_backend_index: enter with device 120
06-07 23:53:06.390   788 29850 E msm8974_platform: platform_get_snd_device_backend_index: BE DAI Name Table is not present
06-07 23:53:06.390   788 29850 V msm8974_platform: platform_get_backend_index:napb: backend port - 5 device - 120 
06-07 23:53:06.390   788 29850 I audio_hw_utils: Set Audio Stream Capture 0 App Type Cfg: app_type 69936, acdb_dev_id 62, sample_rate 48000, snd_device_be_idx -14
06-07 23:53:06.391   788 29850 D audio_hw_primary: enable_audio_route: usecase(9) apply and update mixer path: audio-record
06-07 23:53:06.391   788 29850 D audio_route: Apply path: audio-record
06-07 23:53:06.460 10673 10717 I MicroDetectionWorker: onReady
06-07 23:53:06.557 29605 29605 I zygote  : Deoptimizing kotlinx.coroutines.DisposableHandle kotlinx.coroutines.JobSupport.invokeOnCompletion(boolean, boolean, kotlin.jvm.functions.Function1) due to JIT inline cache
06-07 23:53:06.564 29605 29631 I libglean_ffi: glean_core::ping: Collecting startup-timeline
06-07 23:53:06.570 29605 29631 D libglean_ffi: glean_core::ping: Storing ping '7415520f-34de-431f-87bf-57e5ada43068' at '/data/user/0/org.mozilla.fennec_aurora/glean_data/pending_pings/7415520f-34de-431f-87bf-57e5ada43068'
06-07 23:53:06.573 29605 29631 I libglean_ffi: glean_core: The ping 'startup-timeline' was submitted and will be sent as soon as possible
06-07 23:53:06.585 29605 29605 I zygote  : Deoptimizing kotlinx.coroutines.internal.LockFreeLinkedListNode kotlinx.coroutines.internal.LockFreeLinkedListNode.correctPrev(kotlinx.coroutines.internal.OpDescriptor) due to JIT inline cache
06-07 23:53:06.586 29605 29605 D SessionManager: onTrimMemory(80): clearThumbnails=true, closeEngineSessions=true
06-07 23:53:06.597 29605 29605 D SessionManager: Cleared 7 thumbnail(s) and unlinked 0 engine sessions(s)
06-07 23:53:06.598  1456  3927 D ConnectivityService: requestNetwork for uid/pid:11390/29605 NetworkRequest [ TRACK_DEFAULT id=62994, [ Capabilities: INTERNET&NOT_RESTRICTED&TRUSTED&NOT_VPN] ]
06-07 23:53:06.601  1456  2054 D WIFI_UT : got request NetworkRequest [ TRACK_DEFAULT id=62994, [ Capabilities: INTERNET&NOT_RESTRICTED&TRUSTED&NOT_VPN] ] with score 60
06-07 23:53:06.601  1456  2099 D Ethernet: got request NetworkRequest [ TRACK_DEFAULT id=62994, [ Capabilities: INTERNET&NOT_RESTRICTED&TRUSTED&NOT_VPN] ] with score 60
06-07 23:53:06.601  1456  2054 D WIFI    : got request NetworkRequest [ TRACK_DEFAULT id=62994, [ Capabilities: INTERNET&NOT_RESTRICTED&TRUSTED&NOT_VPN] ] with score 60
06-07 23:53:06.602  2398  2398 D PhoneSwitcherNetworkRequstListener: got request NetworkRequest [ TRACK_DEFAULT id=62994, [ Capabilities: INTERNET&NOT_RESTRICTED&TRUSTED&NOT_VPN] ] with score 60
06-07 23:53:06.620 29605 29851 I libglean_ffi: glean_core::upload: New upload task with id 7415520f-34de-431f-87bf-57e5ada43068 (path: /submit/org-mozilla-fennec-aurora/startup-timeline/1/7415520f-34de-431f-87bf-57e5ada43068)
06-07 23:53:06.622 29605 29851 D glean/ConceptFetchHttpUploader: Submitting ping to: https://incoming.telemetry.mozilla.org/submit/org-mozilla-fennec-aurora/startup-timeline/1/7415520f-34de-431f-87bf-57e5ada43068
06-07 23:53:06.736  1456  7796 I OpenGLRenderer: Initialized EGL, version 1.4
06-07 23:53:06.736  1456  7796 D OpenGLRenderer: Swap behavior 2
06-07 23:53:06.766 29605 29851 I libglean_ffi: glean_core::upload: Ping 7415520f-34de-431f-87bf-57e5ada43068 successfully sent 200.
06-07 23:53:06.766 29605 29851 I libglean_ffi: glean_core::upload::directory: File was deleted /data/user/0/org.mozilla.fennec_aurora/glean_data/pending_pings/7415520f-34de-431f-87bf-57e5ada43068
06-07 23:53:06.771 29605 29851 I libglean_ffi: glean_core::upload: No more pings to upload! You are done.
06-07 23:53:06.771  2748  2917 W OpenGLRenderer: Incorrectly called buildLayer on View: ShortcutAndWidgetContainer, destroying layer...
06-07 23:53:06.773 29605 29702 I WM-WorkerWrapper: Worker result SUCCESS for Work [ id=1fcc6e23-6ab3-434a-86e5-130908059dc8, tags={ mozilla.telemetry.glean.scheduler.PingUploadWorker, mozac_service_glean_ping_upload_worker } ]
06-07 23:53:06.778  1456  2067 D ConnectivityService: releasing NetworkRequest [ TRACK_DEFAULT id=62994, [ Capabilities: INTERNET&NOT_RESTRICTED&TRUSTED&NOT_VPN] ] (release request)
06-07 23:53:06.779 29605 29605 I glean/Glean: Registering pings for org.mozilla.fenix.GleanMetrics.Pings
06-07 23:53:06.860 29605 29605 D App     : ActivationPing - already generated
06-07 23:53:06.862 29605 29670 I FenixApplication: Running post-visual completeness tasks...
06-07 23:53:06.862 29605 29670 I FenixApplication: Storage initialization...
06-07 23:53:06.863 29605 29670 I PlacesHistoryStorage: Warming up places storage...
06-07 23:53:06.863 29605 29670 I PlacesHistoryStorage: 'Warming up places storage' took 0 ms
06-07 23:53:06.863 29605 29670 I PlacesBookmarksStorage: Warming up places storage...
06-07 23:53:06.863 29605 29670 I PlacesBookmarksStorage: 'Warming up places storage' took 0 ms
06-07 23:53:06.865 29605 29605 I FenixApplication: Kicking-off account manager...
06-07 23:53:06.865 29605 29605 I FenixApplication: 'Kicking-off account manager' took 0 ms
06-07 23:53:06.874 29605 29605 D GeckoRuntime: Lifecycle: onPause
06-07 23:53:06.875 29605 29605 D GeckoNetworkManager: Incoming event stop for state OnWithListeners -> OffWithListeners
06-07 23:53:06.876 29605 29605 I SessionStorage/AutoSave: Save: Background
06-07 23:53:06.885 29605 29631 I libglean_ffi: glean_core::ping: Collecting baseline
06-07 23:53:06.890 29605 29671 D SessionStorage/AutoSave: Saved state to disk [14ms]
06-07 23:53:06.891 29605 29631 D libglean_ffi: glean_core::ping: Storing ping 'd70c801f-e2fc-4671-a804-e4a3d4f3a5b9' at '/data/user/0/org.mozilla.fennec_aurora/glean_data/pending_pings/d70c801f-e2fc-4671-a804-e4a3d4f3a5b9'
06-07 23:53:06.891 29605 29670 I SyncableLoginsStorage: Warming up storage...
06-07 23:53:06.892 29605 29631 I libglean_ffi: glean_core: The ping 'baseline' was submitted and will be sent as soon as possible
06-07 23:53:06.893 29605 29631 I libglean_ffi: glean_core::ping: Collecting events
06-07 23:53:06.899 29605 29631 D libglean_ffi: glean_core::ping: Storing ping 'd1a82f29-e87f-47d2-a03e-3c0b28bda084' at '/data/user/0/org.mozilla.fennec_aurora/glean_data/pending_pings/d1a82f29-e87f-47d2-a03e-3c0b28bda084'
06-07 23:53:06.901 29605 29631 I libglean_ffi: glean_core: The ping 'events' was submitted and will be sent as soon as possible
06-07 23:53:06.905 29605 29670 D RustNativeSupport: findMegazordLibraryName(logins, 60.0.0
06-07 23:53:06.905 29605 29670 D RustNativeSupport: lib in use: none
06-07 23:53:06.905 29605 29670 D RustNativeSupport: lib configured: megazord
06-07 23:53:06.905 29605 29670 D RustNativeSupport: lib version configured: 60.0.0
06-07 23:53:06.905 29605 29670 D RustNativeSupport: settled on megazord
06-07 23:53:06.907 29605 29670 D logins_ffi: sync15_passwords_state_new
06-07 23:53:06.918  1456  2920 D ConnectivityService: requestNetwork for uid/pid:11390/29605 NetworkRequest [ TRACK_DEFAULT id=62995, [ Capabilities: INTERNET&NOT_RESTRICTED&TRUSTED&NOT_VPN] ]
06-07 23:53:06.920  1456  2099 D Ethernet: got request NetworkRequest [ TRACK_DEFAULT id=62995, [ Capabilities: INTERNET&NOT_RESTRICTED&TRUSTED&NOT_VPN] ] with score 60
06-07 23:53:06.920  1456  2054 D WIFI_UT : got request NetworkRequest [ TRACK_DEFAULT id=62995, [ Capabilities: INTERNET&NOT_RESTRICTED&TRUSTED&NOT_VPN] ] with score 60
06-07 23:53:06.920  1456  2054 D WIFI    : got request NetworkRequest [ TRACK_DEFAULT id=62995, [ Capabilities: INTERNET&NOT_RESTRICTED&TRUSTED&NOT_VPN] ] with score 60
06-07 23:53:06.920  2398  2398 D PhoneSwitcherNetworkRequstListener: got request NetworkRequest [ TRACK_DEFAULT id=62995, [ Capabilities: INTERNET&NOT_RESTRICTED&TRUSTED&NOT_VPN] ] with score 60
06-07 23:53:06.932 29605 29858 I libglean_ffi: glean_core::upload: New upload task with id d70c801f-e2fc-4671-a804-e4a3d4f3a5b9 (path: /submit/org-mozilla-fennec-aurora/baseline/1/d70c801f-e2fc-4671-a804-e4a3d4f3a5b9)
06-07 23:53:06.934 29605 29858 D glean/ConceptFetchHttpUploader: Submitting ping to: https://incoming.telemetry.mozilla.org/submit/org-mozilla-fennec-aurora/baseline/1/d70c801f-e2fc-4671-a804-e4a3d4f3a5b9
06-07 23:53:06.942  5625  5654 I PeriodicStatsRunner: PeriodicStatsRunner.call():180 call()
06-07 23:53:06.943  5625  5654 I PeriodicStatsRunner: PeriodicStatsRunner.call():184 No submit PeriodicStats since input started.
06-07 23:53:07.215 29605 29858 I libglean_ffi: glean_core::upload: Ping d70c801f-e2fc-4671-a804-e4a3d4f3a5b9 successfully sent 200.
06-07 23:53:07.215 29605 29858 I libglean_ffi: glean_core::upload::directory: File was deleted /data/user/0/org.mozilla.fennec_aurora/glean_data/pending_pings/d70c801f-e2fc-4671-a804-e4a3d4f3a5b9
06-07 23:53:07.218 29605 29858 I libglean_ffi: glean_core::upload: New upload task with id d1a82f29-e87f-47d2-a03e-3c0b28bda084 (path: /submit/org-mozilla-fennec-aurora/events/1/d1a82f29-e87f-47d2-a03e-3c0b28bda084)
06-07 23:53:07.220 29605 29858 D glean/ConceptFetchHttpUploader: Submitting ping to: https://incoming.telemetry.mozilla.org/submit/org-mozilla-fennec-aurora/events/1/d1a82f29-e87f-47d2-a03e-3c0b28bda084
06-07 23:53:07.388 29605 29858 I libglean_ffi: glean_core::upload: Ping d1a82f29-e87f-47d2-a03e-3c0b28bda084 successfully sent 200.
06-07 23:53:07.388 29605 29858 I libglean_ffi: glean_core::upload::directory: File was deleted /data/user/0/org.mozilla.fennec_aurora/glean_data/pending_pings/d1a82f29-e87f-47d2-a03e-3c0b28bda084
06-07 23:53:07.391 29605 29858 I libglean_ffi: glean_core::upload: No more pings to upload! You are done.
06-07 23:53:07.394 29605 29624 I WM-WorkerWrapper: Worker result SUCCESS for Work [ id=d763b317-600f-4c0f-8168-bdcdbff53a0c, tags={ mozilla.telemetry.glean.scheduler.PingUploadWorker, mozac_service_glean_ping_upload_worker } ]
06-07 23:53:07.398  1456  2067 D ConnectivityService: releasing NetworkRequest [ TRACK_DEFAULT id=62995, [ Capabilities: INTERNET&NOT_RESTRICTED&TRUSTED&NOT_VPN] ] (release request)
06-07 23:53:07.521 29605 29670 I SyncableLoginsStorage: 'Warming up storage' took 629 ms
06-07 23:53:07.521 29605 29670 I FenixApplication: 'Storage initialization' took 658 ms
06-07 23:53:11.266  5625  5654 I PeriodicStatsRunner: PeriodicStatsRunner.call():180 call()
06-07 23:53:11.266  5625  5654 I PeriodicStatsRunner: PeriodicStatsRunner.call():184 No submit PeriodicStats since input started.
06-07 23:53:11.343  1456  2920 I ActivityManager: Force stopping org.mozilla.fennec_aurora appid=11390 user=0: from pid 29862
06-07 23:53:11.343  1456  2920 I ActivityManager: Killing 29605:org.mozilla.fennec_aurora/u0a1390 (adj 700): stop org.mozilla.fennec_aurora
06-07 23:53:11.346  1456  1605 W zygote  : kill(-29605, 9) failed: No such process
06-07 23:53:11.348 29687 29687 I ServiceChildProcess: Service has been unbound. Stopping.
06-07 23:53:11.349  1456  2920 W ActivityManager: Force removing ActivityRecord{431559e u0 org.mozilla.fennec_aurora/org.mozilla.fenix.HomeActivity t81110}: app died, no saved state
06-07 23:53:11.360  1456  2920 I ActivityManager: Killing 29687:org.mozilla.fennec_aurora:tab0/u0a1390 (adj 0): stop org.mozilla.fennec_aurora
06-07 23:53:11.361  1456  1605 W zygote  : kill(-29605, 9) failed: No such process
06-07 23:53:11.376  2398  2398 D CarrierSvcBindHelper: No carrier app for: 0
06-07 23:53:11.377  2398  2398 D CarrierSvcBindHelper: No carrier app for: 1
06-07 23:53:11.384  1456  1605 W zygote  : kill(-29605, 9) failed: No such process
06-07 23:53:11.426  1456  1673 W ActivityManager: setHasOverlayUi called on unknown pid: 29605
06-07 23:53:11.466  1456  1605 I chatty  : uid=1000(system) ActivityManager identical 6 lines
06-07 23:53:11.481  1456  1605 W zygote  : kill(-29605, 9) failed: No such process
06-07 23:53:11.481  1456  1605 I zygote  : Successfully killed process cgroup uid 11390 pid 29605 in 135ms
06-07 23:53:11.481  1456  1605 W zygote  : kill(-29687, 9) failed: No such process
06-07 23:53:11.482  1456  1605 I zygote  : Successfully killed process cgroup uid 11390 pid 29687 in 0ms
06-07 23:53:12.491  1456 10366 I ActivityManager: START u0 {act=android.intent.action.VIEW dat=https://example.com/... typ=text/html flg=0x10000000 cmp=org.mozilla.fennec_aurora/org.mozilla.fenix.IntentReceiverActivity} from uid 2000
06-07 23:53:12.493   794   839 E ANDR-PERF-RESOURCEQS: Failed to apply optimization [4, 0]
06-07 23:53:12.512  1456  2916 I ActivityManager: Start proc 29870:org.mozilla.fennec_aurora/u0a1390 for activity org.mozilla.fennec_aurora/org.mozilla.fenix.IntentReceiverActivity
06-07 23:53:12.603 10673 10717 I MicroDetectionState: Should stop hotword detection immediately - false
06-07 23:53:12.604 10673 10717 I MicroDetector: Keeping mic open: false
06-07 23:53:12.604 10673 18030 E DeviceStateChecker: DeviceStateChecker cancelled
06-07 23:53:12.604 10673 10717 I RecognitionAudioControl: #shutdownAudio [requestId: -2034410622936913084, keepAudioOpen: false, forced: true]
06-07 23:53:12.604 10673 10717 I RecognitionAudioControl: #internalShutdownAudio [requestId: -2034410622936913084]
06-07 23:53:12.604 10673 10717 I RecognitionAudioControl: #internalShutdownAudio [keepAudioOpen: false, forced: true]
06-07 23:53:12.604 10673 10717 I RecognitionAudioControl: #actualShutdownAudio
06-07 23:53:12.604 10673 10717 I AudioController: #shutdown [requestId=-2034410622936913084]
06-07 23:53:12.605 10673 10704 I AudioController: internalShutdown
06-07 23:53:12.605 10673 10714 I MicroRecognitionRunner: Stopping hotword detection.
06-07 23:53:12.624 29870 29870 D FirebaseApp: com.google.firebase.auth.FirebaseAuth is not linked. Skipping initialization.
06-07 23:53:12.625 29870 29870 D FirebaseApp: com.google.firebase.crash.FirebaseCrash is not linked. Skipping initialization.
06-07 23:53:12.625 29870 29870 I FirebaseInitProvider: FirebaseApp initialization successful
06-07 23:53:12.661   788  1401 D audio_hw_primary: disable_audio_route: usecase(9) reset and update mixer path: audio-record
06-07 23:53:12.662   788  1401 D audio_hw_primary: disable_snd_device: snd_device(120: voice-rec-mic)
06-07 23:53:12.665  1012  1012 D APM_AudioPolicyManager: stopInput() input 383622, session 383737
06-07 23:53:12.665   788  1401 D audio_hw_primary: in_set_parameters: enter: kvpairs=routing=0
06-07 23:53:12.667 10673 10704 I MicrophoneInputStream: mic_close  SR : 16000 CC : 16 SO : 1999
06-07 23:53:12.667 10673 10704 E AudioSource: Stop listening is called on already closed AudioSource
06-07 23:53:12.667 10673 10704 I AudioController: Sending AudioStatusChangedBroadcast to :interactor. audioSourceType: NOT_SET, isActive: false
06-07 23:53:12.669 10673 10731 I MicroRecognitionRunner: Detection finished
06-07 23:53:12.669 29870 29888 I FA      : Collection disabled with firebase_analytics_collection_enabled=0
06-07 23:53:12.671 29870 29888 I FA      : App measurement is starting up, version: 12780
06-07 23:53:12.671 29870 29888 I FA      : To enable debug logging run: adb shell setprop log.tag.FA VERBOSE
06-07 23:53:12.672 29870 29888 I FA      : To enable faster debug mode event logging run:
06-07 23:53:12.672 29870 29888 I FA      :   adb shell setprop debug.firebase.analytics.app org.mozilla.fennec_aurora
06-07 23:53:12.690 29870 29870 D FennecProfile: profiles.ini: true
06-07 23:53:12.695 29870 29870 D FennecProfile: Ignoring line in [general] section: StartWithLastProfile=1
06-07 23:53:12.695 29870 29870 D FennecProfile: Found 1 profiles
06-07 23:53:12.695 29870 29870 D FennecProfile: Found default profile: FennecProfile(name=default, path=/data/user/0/org.mozilla.fennec_aurora/files/mozilla/d9h9qwfs.default, default=true)
06-07 23:53:12.716 29870 29870 D FennecMigrator: No migrations to run. Fennec install - false.
06-07 23:53:12.737 29870 29870 D FenixApplication: Initializing Glean (uploadEnabled=true, isFennec=true)
06-07 23:53:12.747 29870 29898 D RustNativeSupport: findMegazordLibraryName(viaduct, 60.0.0
06-07 23:53:12.747 29870 29898 D RustNativeSupport: lib in use: none
06-07 23:53:12.747 29870 29898 D RustNativeSupport: lib configured: megazord
06-07 23:53:12.747 29870 29898 D RustNativeSupport: lib version configured: 60.0.0
06-07 23:53:12.747 29870 29898 D RustNativeSupport: settled on megazord
06-07 23:53:12.765 29870 29897 D libglean_ffi: glean_ffi: Android logging should be hooked up!
06-07 23:53:12.768 29870 29897 I glean/Glean: Registering pings for mozilla.telemetry.glean.GleanMetrics.Pings
06-07 23:53:12.771 29870 29870 D GeckoThread: State changed to LAUNCHED
06-07 23:53:12.772 29870 29897 I libglean_ffi: glean_core: Creating new Glean v31.0.2
06-07 23:53:12.772 29870 29897 D libglean_ffi: glean_core::database: Database path: "/data/user/0/org.mozilla.fennec_aurora/glean_data/db"
06-07 23:53:12.772 29870 29901 I GeckoThread: preparing to run Gecko
06-07 23:53:12.772 29870 29898 D RustNativeSupport: findMegazordLibraryName(rustlog, 60.0.0
06-07 23:53:12.772 29870 29898 D RustNativeSupport: lib in use: none
06-07 23:53:12.772 29870 29898 D RustNativeSupport: lib configured: megazord
06-07 23:53:12.773 29870 29898 D RustNativeSupport: lib version configured: 60.0.0
06-07 23:53:12.773 29870 29898 D RustNativeSupport: settled on megazord
06-07 23:53:12.773 29870 29897 I libglean_ffi: glean_core::database: Database initialized
06-07 23:53:12.775 29870 29903 I libglean_ffi: glean_core::upload::directory: Processing persisted pings.
06-07 23:53:12.780 29870 29897 I libglean_ffi: glean_ffi: Glean initialized
06-07 23:53:12.780 29870 29870 D GeckoRuntime: Lifecycle: onCreate
06-07 23:53:12.782 29870 29901 D GeckoThread: State changed to MOZGLUE_READY
06-07 23:53:12.783 29870 29898 I rc_log_ffi::ios: rc_log adapter initialized!
06-07 23:53:12.794 29870 29901 W Settings: Setting animator_duration_scale has moved from android.provider.Settings.System to android.provider.Settings.Global, returning read-only global URI.
06-07 23:53:12.795 29870 29870 I zygote  : Deoptimizing java.lang.Object androidx.collection.SimpleArrayMap.put(java.lang.Object, java.lang.Object) due to JIT inline cache
06-07 23:53:12.797 29870 29901 E GeckoLibLoad: Load sqlite start
06-07 23:53:12.802 29870 29901 E GeckoLibLoad: Load sqlite done
06-07 23:53:12.803 29870 29901 E GeckoLibLoad: Load nss start
06-07 23:53:12.803 29870 29901 E GeckoLibLoad: Load nss done
06-07 23:53:12.811 29870 29897 D glean/MetricsPingSched: The 'metrics' ping was last sent on Sun Jun 07 00:00:00 EDT 2020
06-07 23:53:12.813 29870 29897 I glean/MetricsPingSched: The 'metrics' ping was already sent today, Sun Jun 07 23:53:12 EDT 2020.
06-07 23:53:12.814 29870 29897 D glean/MetricsPingSched: Scheduling the 'metrics' ping in 14807212ms
06-07 23:53:12.823 29870 29870 D GleanMetricsService: Enabling Glean.
06-07 23:53:12.827 29870 29901 E GeckoLibLoad: Loaded libs in 24.202555ms total, 13ms(70ms) user, 10ms(13ms) system, 0(0) faults
06-07 23:53:12.828 29870 29901 D GeckoThread: State changed to LIBS_READY
06-07 23:53:12.828 29870 29897 D libglean_ffi: glean_core: Clearing Lifetime::Application metrics
06-07 23:53:12.829 29870 29870 I glean/Dispatchers: Task queued for execution and delayed until flushed
06-07 23:53:12.832 29870 29901 W GeckoThread: zerdatime 24116498905 - runGecko
06-07 23:53:12.833 29870 29870 I AdjustMetricsService: No adjust token defined
06-07 23:53:12.834 29870 29870 D PushConfig: Creating push configuration for autopush.
06-07 23:53:12.835 29870 29901 D GeckoProfile: Loading profile at: null name: default
06-07 23:53:12.836 29870 29901 D GeckoProfile: Found profile dir: /data/user/0/org.mozilla.fennec_aurora/files/mozilla/d9h9qwfs.default
06-07 23:53:12.842 29870 29870 I App     : AutoPushFeature is configured, initializing it...
06-07 23:53:12.842 29870 29909 D AutoPushFeature: Initializing native component with the cached token.
06-07 23:53:12.843 29870 29870 I AutoPushFeature: Checking validity of push subscriptions.
06-07 23:53:12.850 29870 29909 D RustNativeSupport: findMegazordLibraryName(push, 60.0.0
06-07 23:53:12.850 29870 29909 D RustNativeSupport: lib in use: none
06-07 23:53:12.850 29870 29909 D RustNativeSupport: lib configured: megazord
06-07 23:53:12.850 29870 29909 D RustNativeSupport: lib version configured: 60.0.0
06-07 23:53:12.850 29870 29909 D RustNativeSupport: settled on megazord
06-07 23:53:12.854 29870 29870 D FennecProfile: profiles.ini: true
06-07 23:53:12.857 29870 29870 D FennecProfile: Ignoring line in [general] section: StartWithLastProfile=1
06-07 23:53:12.857 29870 29870 D FennecProfile: Found 1 profiles
06-07 23:53:12.858 29870 29870 D FennecProfile: Found default profile: FennecProfile(name=default, path=/data/user/0/org.mozilla.fennec_aurora/files/mozilla/d9h9qwfs.default, default=true)
06-07 23:53:12.863 29870 29897 I libglean_ffi: glean_core: Upload enabled: true
06-07 23:53:12.873 29870 29900 W [WARNING][Leanplum]: [com.leanplum.internal.ActionManager::getLocationManager::8]: Geofencing support requires leanplum-location module and Google Play Services v8.1 and higher.
06-07 23:53:12.873 29870 29900 W [WARNING][Leanplum]: Add this to your build.gradle file:
06-07 23:53:12.873 29870 29900 W [WARNING][Leanplum]: implementation 'com.google.android.gms:play-services-location:8.3.0+'
06-07 23:53:12.873 29870 29900 W [WARNING][Leanplum]: implementation 'com.leanplum:leanplum-location:+'
06-07 23:53:12.881 29870 29870 D FennecMigrator: This is not a Fennec installation. No migration needed.
06-07 23:53:12.883 29870 29870 D SessionManager: onTrimMemory(10): clearThumbnails=true, closeEngineSessions=false
06-07 23:53:12.883 29870 29870 D SessionManager: Cleared 0 thumbnail(s) and unlinked 0 engine sessions(s)
