01-11 21:42:44.253 12074 12311 D glean/ConceptFetchHttpUploader: Submitting ping to: https://incoming.telemetry.mozilla.org/submit/org-mozilla-fenix-nightly/events/1/8160f0e3-d8c4-4641-b49d-17861162a930
01-11 21:42:44.398 12074 12311 D glean/ConceptFetchHttpUploader: Ping successfully sent (200)
01-11 21:42:44.398 12074 12311 D glean/PingUploadWorker: 8160f0e3-d8c4-4641-b49d-17861162a930 was deleted: true
01-11 21:42:44.400 12074 12103 I WM-WorkerWrapper: Worker result SUCCESS for Work [ id=ec1dfd73-fa5f-43e6-aab7-1977797eedbf, tags={ mozilla.telemetry.glean.scheduler.PingUploadWorker, mozac_service_glean_ping_upload_worker } ]
01-11 21:42:44.404  1456  2067 D ConnectivityService: releasing NetworkRequest [ TRACK_DEFAULT id=19505, [ Capabilities: INTERNET&NOT_RESTRICTED&TRUSTED&NOT_VPN] ] (release request)
01-11 21:42:48.313  1456  2923 I ActivityManager: Force stopping org.mozilla.fenix.nightly appid=10734 user=0: from pid 12315
01-11 21:42:48.313  1456  2923 I ActivityManager: Killing 12074:org.mozilla.fenix.nightly/u0a734 (adj 700): stop org.mozilla.fenix.nightly
01-11 21:42:48.316  1456  1605 W zygote  : kill(-12074, 9) failed: No such process
01-11 21:42:48.317  1456  2923 W ActivityManager: Force removing ActivityRecord{6c00a2a u0 org.mozilla.fenix.nightly/org.mozilla.fenix.HomeActivity t18407}: app died, no saved state
01-11 21:42:48.317 12114 12114 I ServiceChildProcess: Service has been unbound. Stopping.
01-11 21:42:48.325  1456  2923 I ActivityManager: Killing 12114:org.mozilla.fenix.nightly:tab/u0a734 (adj 0): stop org.mozilla.fenix.nightly
01-11 21:42:48.330 11375 11375 D GeckoMemoryMonitor: onTrimMemory() notification received with level 10
01-11 21:42:48.332 26068 26068 I AppBase : onTrimMemory(): 10
01-11 21:42:48.333 26068 26068 I GoogleInputMethodService: onTrimMemory(): 10
01-11 21:42:48.333  1456  1605 W zygote  : kill(-12074, 9) failed: No such process
01-11 21:42:48.341  2398  2398 D CarrierSvcBindHelper: No carrier app for: 0
01-11 21:42:48.341  2398  2398 D CarrierSvcBindHelper: No carrier app for: 1
01-11 21:42:48.348  1456  1605 W zygote  : kill(-12074, 9) failed: No such process
01-11 21:42:48.388  1456  1605 I chatty  : uid=1000(system) ActivityManager identical 3 lines
01-11 21:42:48.391  1456  1673 W ActivityManager: setHasOverlayUi called on unknown pid: 12074
01-11 21:42:48.403  1456  1605 W zygote  : kill(-12074, 9) failed: No such process
01-11 21:42:48.404  1456  1605 I zygote  : Successfully killed process cgroup uid 10734 pid 12074 in 88ms
01-11 21:42:48.404  1456  1605 W zygote  : kill(-12114, 9) failed: No such process
01-11 21:42:48.404  1456  1605 I zygote  : Successfully killed process cgroup uid 10734 pid 12114 in 0ms
01-11 21:42:48.441  1456  5031 I ActivityManager: START u0 {act=android.intent.action.MAIN cat=[android.intent.category.LAUNCHER] flg=0x10000000 cmp=org.mozilla.fenix.nightly/org.mozilla.fenix.HomeActivity} from uid 2000
01-11 21:42:48.442   794   839 E ANDR-PERF-RESOURCEQS: Failed to apply optimization [4, 0]
01-11 21:42:48.453  1456  7796 I OpenGLRenderer: Initialized EGL, version 1.4
01-11 21:42:48.454  1456  7796 D OpenGLRenderer: Swap behavior 2
01-11 21:42:48.464  1456  2923 I ActivityManager: Start proc 12323:org.mozilla.fenix.nightly/u0a734 for activity org.mozilla.fenix.nightly/org.mozilla.fenix.HomeActivity
01-11 21:42:48.549 15912 15950 I MicroDetectionState: Should stop hotword detection immediately - false
01-11 21:42:48.550 15912 15950 I MicroDetector: Keeping mic open: false
01-11 21:42:48.550 15912 15950 I RecognitionAudioControl: #shutdownAudio [requestId: -2647191653478072346, keepAudioOpen: false, forced: true]
01-11 21:42:48.550 15912  8086 E DeviceStateChecker: DeviceStateChecker cancelled
01-11 21:42:48.550 15912 15950 I RecognitionAudioControl: #internalShutdownAudio [requestId: -2647191653478072346]
01-11 21:42:48.550 15912 15950 I RecognitionAudioControl: #internalShutdownAudio [keepAudioOpen: false, forced: true]
01-11 21:42:48.550 15912 15950 I RecognitionAudioControl: #actualShutdownAudio
01-11 21:42:48.550 15912 15950 I AudioController: #shutdown [requestId=-2647191653478072346]
01-11 21:42:48.552 15912 15949 I AudioController: internalShutdown
01-11 21:42:48.552 15912 15944 I MicroRecognitionRunner: Stopping hotword detection.
01-11 21:42:48.595   788  1479 D audio_hw_primary: disable_audio_route: usecase(9) reset and update mixer path: audio-record
01-11 21:42:48.596   788  1479 D audio_hw_primary: disable_snd_device: snd_device(120: voice-rec-mic)
01-11 21:42:48.598  1012 19499 D APM_AudioPolicyManager: stopInput() input 94446, session 94513
01-11 21:42:48.598   788  1401 D audio_hw_primary: in_set_parameters: enter: kvpairs=routing=0
01-11 21:42:48.600 15912 15949 I MicrophoneInputStream: mic_close  SR : 16000 CC : 16 SO : 1999
01-11 21:42:48.600 15912 15949 E AudioSource: Stop listening is called on already closed AudioSource
01-11 21:42:48.602 15912 11573 I MicroRecognitionRunner: Detection finished
01-11 21:42:48.628 12323 12323 D FirebaseApp: com.google.firebase.auth.FirebaseAuth is not linked. Skipping initialization.
01-11 21:42:48.629 12323 12323 D FirebaseApp: com.google.firebase.crash.FirebaseCrash is not linked. Skipping initialization.
01-11 21:42:48.629 12323 12323 I FirebaseInitProvider: FirebaseApp initialization successful
01-11 21:42:48.692 12323 12341 I FA      : Collection disabled with firebase_analytics_collection_enabled=0
01-11 21:42:48.693 12323 12341 I FA      : App measurement is starting up, version: 12780
01-11 21:42:48.693 12323 12341 I FA      : To enable debug logging run: adb shell setprop log.tag.FA VERBOSE
01-11 21:42:48.694 12323 12341 I FA      : To enable faster debug mode event logging run:
01-11 21:42:48.694 12323 12341 I FA      :   adb shell setprop debug.firebase.analytics.app org.mozilla.fenix.nightly
01-11 21:42:48.696 12323 12346 D RustNativeSupport: findMegazordLibraryName(viaduct, 0.48.1
01-11 21:42:48.696 12323 12346 D RustNativeSupport: lib in use: none
01-11 21:42:48.696 12323 12346 D RustNativeSupport: lib configured: fenix
01-11 21:42:48.696 12323 12346 D RustNativeSupport: lib version configured: 0.48.1
01-11 21:42:48.696 12323 12346 D RustNativeSupport: settled on fenix
01-11 21:42:48.731 12323 12346 D RustNativeSupport: findMegazordLibraryName(rustlog, 0.48.1
01-11 21:42:48.731 12323 12346 D RustNativeSupport: lib in use: none
01-11 21:42:48.731 12323 12346 D RustNativeSupport: lib configured: fenix
01-11 21:42:48.731 12323 12346 D RustNativeSupport: lib version configured: 0.48.1
01-11 21:42:48.731 12323 12346 D RustNativeSupport: settled on fenix
01-11 21:42:48.733 12323 12346 I rc_log_ffi::ios: rc_log adapter initialized!
01-11 21:42:48.760 12323 12323 D GeckoThread: State changed to LAUNCHED
01-11 21:42:48.761 12323 12353 I GeckoThread: preparing to run Gecko
01-11 21:42:48.768 12323 12323 D GeckoRuntime: Lifecycle: onCreate
01-11 21:42:48.768 12323 12353 D GeckoThread: State changed to MOZGLUE_READY
01-11 21:42:48.780 12323 12353 W Settings: Setting animator_duration_scale has moved from android.provider.Settings.System to android.provider.Settings.Global, returning read-only global URI.
01-11 21:42:48.780 12323 12323 I zygote  : Deoptimizing java.lang.Object androidx.collection.SimpleArrayMap.put(java.lang.Object, java.lang.Object) due to JIT inline cache
01-11 21:42:48.782 12323 12353 E GeckoLibLoad: Load sqlite start
01-11 21:42:48.789 12323 12346 D App     : Bucket is 78
01-11 21:42:48.792 12323 12346 D App     : Experiments active: {asFeatureSyncDisabled=false}
01-11 21:42:48.803 12323 12353 W GeckoLinker: /data/app/org.mozilla.fenix.nightly-3Hp7VzouTAiTKSNrkgKj5Q==/lib/arm/libnss3.so: unhandled flags #8 not handled
01-11 21:42:48.808 12323 12353 W GeckoLinker: /data/app/org.mozilla.fenix.nightly-3Hp7VzouTAiTKSNrkgKj5Q==/lib/arm/libnss3.so: Relocation to NULL @0x00130ffc for symbol "__cxa_type_match"
01-11 21:42:48.809 12323 12353 E GeckoLibLoad: Load sqlite done
01-11 21:42:48.809 12323 12353 E GeckoLibLoad: Load nss start
01-11 21:42:48.809 12323 12353 E GeckoLibLoad: Load nss done
01-11 21:42:48.810 12323 12353 W GeckoLinker: /data/app/org.mozilla.fenix.nightly-3Hp7VzouTAiTKSNrkgKj5Q==/lib/arm/libxul.so: unhandled flags #8 not handled
01-11 21:42:48.810 12323 12353 W GeckoLinker: /data/app/org.mozilla.fenix.nightly-3Hp7VzouTAiTKSNrkgKj5Q==/lib/arm/liblgpllibs.so: unhandled flags #8 not handled
01-11 21:42:48.846 12323 12353 E GeckoLibLoad: Loaded libs in 36.485993ms total, 20ms(76ms) user, 13ms(20ms) system, 0(1) faults
01-11 21:42:48.846 12323 12353 D GeckoThread: State changed to LIBS_READY
01-11 21:42:48.846 12323 12353 W GeckoThread: zerdatime 11325057521 - runGecko
01-11 21:42:48.849 12323 12323 W [WARNING][Leanplum]: [com.leanplum.internal.ActionManager::getLocationManager::8]: Geofencing support requires leanplum-location module and Google Play Services v8.1 and higher.
01-11 21:42:48.849 12323 12323 W [WARNING][Leanplum]: Add this to your build.gradle file:
01-11 21:42:48.849 12323 12323 W [WARNING][Leanplum]: implementation 'com.google.android.gms:play-services-location:8.3.0+'
01-11 21:42:48.849 12323 12323 W [WARNING][Leanplum]: implementation 'com.leanplum:leanplum-location:+'
01-11 21:42:48.851 12323 12353 D GeckoProfile: Loading profile at: null name: default
01-11 21:42:48.852 12323 12353 D GeckoProfile: Found profile dir: /data/user/0/org.mozilla.fenix.nightly/files/mozilla/b4v2kzuf.default
01-11 21:42:48.858 12323 12323 I [INFO][Leanplum]: [com.leanplum.monitoring.ExceptionHandler::setContext::6]: LeanplumExceptionHandler could not initialize Exception Reporting.This is expected if you have not included the leanplum-monitoring module
01-11 21:42:48.863  1456  2196 I ActivityManager: Start proc 12362:org.mozilla.fenix.nightly:tab/u0a734 for service org.mozilla.fenix.nightly/org.mozilla.gecko.process.GeckoServiceChildProcess$tab
01-11 21:42:48.885 12323 12323 I FirefoxAccountStateMachine: Enabling/updating sync with a new SyncConfig: SyncConfig(supportedEngines=[mozilla.components.service.fxa.SyncEngine$History@3ef070b, mozilla.components.service.fxa.SyncEngine$Bookmarks@e6d89e8, mozilla.components.service.fxa.SyncEngine$Passwords@6189801], syncPeriodInMinutes=240)
01-11 21:42:48.896 12323 12323 I BgSyncManager: Periodic syncing enabled at a 240 interval
01-11 21:42:48.896 12323 12323 I FirefoxAccountStateMachine: Sync is enabled
01-11 21:42:48.897 12323 12323 D PushConfig: Creating push configuration for autopush.
01-11 21:42:48.907 12323 12383 D AutoPushFeature: Initializing native component with the cached token.
01-11 21:42:48.910 12323 12383 D RustNativeSupport: findMegazordLibraryName(push, 0.48.1
01-11 21:42:48.911 12323 12383 D RustNativeSupport: lib in use: none
01-11 21:42:48.911 12323 12383 D RustNativeSupport: lib configured: fenix
01-11 21:42:48.911 12323 12383 D RustNativeSupport: lib version configured: 0.48.1
01-11 21:42:48.911 12323 12383 D RustNativeSupport: settled on fenix
01-11 21:42:48.915 12323 12386 I FirefoxAccountStateMachine: Processing event Event$Init for state Start. Next state is Start
01-11 21:42:48.915 12323 12323 I App     : AutoPushFeature is configured, initializing it...
01-11 21:42:48.917 12323 12323 I AutoPushFeature: Checking validity of push subscriptions.
01-11 21:42:48.929 12323 12386 I FirefoxAccountStateMachine: Ran 'Event$Init' side-effects for state Start, got successive event Event$AccountNotFound
01-11 21:42:48.929 12323 12386 I FirefoxAccountStateMachine: Processing event Event$AccountNotFound for state Start. Next state is NotAuthenticated
01-11 21:42:48.933 12323 12386 D RustNativeSupport: findMegazordLibraryName(fxaclient, 0.48.1
01-11 21:42:48.933 12323 12386 D RustNativeSupport: lib in use: none
01-11 21:42:48.933 12323 12386 D RustNativeSupport: lib configured: fenix
01-11 21:42:48.933 12323 12386 D RustNativeSupport: lib version configured: 0.48.1
01-11 21:42:48.933 12323 12386 D RustNativeSupport: settled on fenix
01-11 21:42:48.936 12323 12386 D fxaclient_ffi: fxa_new
01-11 21:42:48.960 12323 12323 D PhoneWindow: Restoring navigation bar divider color to default value = 0x00000000
01-11 21:42:48.992 12362 12362 D GeckoThread: State changed to LAUNCHED
01-11 21:42:48.992 12362 12394 I GeckoThread: preparing to run Gecko
01-11 21:42:49.007 12323 12328 I zygote  : Do partial code cache collection, code=28KB, data=28KB
01-11 21:42:49.009 12323 12328 I zygote  : After code cache collection, code=26KB, data=28KB
01-11 21:42:49.009 12323 12328 I zygote  : Increasing code cache capacity to 128KB
01-11 21:42:49.053 12323 12323 D libglean_ffi: glean_ffi: Android logging should be hooked up!
01-11 21:42:49.056 12323 12323 I glean/Dispatchers: Task queued for execution and delayed until flushed
01-11 21:42:49.132 11375 11388 D AuthStateProvider: Verifying caller's signature:77eac4ceed36afefba76179931dd4cc195ab0cd54baf355d215e7bbdd28e402a
01-11 21:42:49.133 11375 11388 D AuthStateProvider: Success!
01-11 21:42:49.134 12323 12323 E ActivityThread: Failed to find provider info for org.mozilla.fennec_aurora.fxa.auth
01-11 21:42:49.191 12323 12323 D GeckoRuntime: Lifecycle: onStart
01-11 21:42:49.218 12323 12353 I Gecko:DumpUtils: Fifo watcher disabled via pref.
01-11 21:42:49.221 12323 12323 D GeckoRuntime: Lifecycle: onResume
01-11 21:42:49.223 12323 12386 W FirefoxAccountStateMachine: Got invalid event Event$Init for state NotAuthenticated.
01-11 21:42:49.224 12323 12323 D GeckoNetworkManager: Incoming event start for state OffNoListeners -> OnNoListeners
01-11 21:42:49.226 12323 12323 D GeckoNetworkManager: New network state: UP, WIFI, WIFI
01-11 21:42:49.229 12323 12361 D NetworkSecurityConfig: No Network Security Config specified, using platform default
01-11 21:42:49.254 12323 12413 D OpenGLRenderer: HWUI GL Pipeline
01-11 21:42:49.264 12323 12323 I glean/Glean: Registering pings for org.mozilla.fenix.GleanMetrics.Pings
01-11 21:42:49.267 12323 12353 D GeckoSysInfo: System memory: 1867MB.
01-11 21:42:49.267 12323 12323 I glean/Glean: Registering pings for mozilla.telemetry.glean.GleanMetrics.Pings
01-11 21:42:49.269 12323 12353 D GeckoThread: State changed to JNI_READY
01-11 21:42:49.282 12323 12323 I libglean_ffi: glean_core: Creating new Glean
01-11 21:42:49.282 12323 12323 D libglean_ffi: glean_core::database: Database path: "/data/user/0/org.mozilla.fenix.nightly/glean_data/db"
01-11 21:42:49.282 12323 12323 I libglean_ffi: glean_core::database: Database initialized
01-11 21:42:49.283 12323 12323 I libglean_ffi: glean_ffi: Glean initialized
01-11 21:42:49.300 12323 12323 D glean/MetricsPingSched: The 'metrics' ping was last sent on Sat Jan 11 00:00:00 EST 2020
01-11 21:42:49.301 12323 12323 I glean/MetricsPingSched: The 'metrics' ping was already sent today, Sat Jan 11 21:42:49 EST 2020.
01-11 21:42:49.302 12323 12323 D glean/MetricsPingSched: Scheduling the 'metrics' ping in 22630713ms
01-11 21:42:49.306 12323 12432 D libglean_ffi: glean_core: Clearing Lifetime::Application metrics
01-11 21:42:49.332 12323 12328 I zygote  : Do partial code cache collection, code=53KB, data=55KB
01-11 21:42:49.334 12323 12328 I zygote  : After code cache collection, code=53KB, data=55KB
01-11 21:42:49.334 12323 12328 I zygote  : Increasing code cache capacity to 256KB
01-11 21:42:49.348 12323 12323 I glean/Dispatchers: Initial tasks queue completed successfully
01-11 21:42:49.375 12323 12323 D App     : ActivationPing - already generated
01-11 21:42:49.385 12323 12323 D GeckoNetworkManager: Incoming event receivedUpdate for state OnNoListeners -> OnNoListeners
01-11 21:42:49.387 12323 12323 D GeckoNetworkManager: New network state: UP, WIFI, WIFI
01-11 21:42:49.388  1456 10366 I WifiService: getDhcpInfo uid=10734
01-11 21:42:49.430 12323 12323 I zygote  : Deoptimizing void androidx.constraintlayout.widget.ConstraintLayout$LayoutParams.resolveLayoutDirection(int) due to JIT inline cache
01-11 21:42:49.621 12323 12413 I Adreno  : QUALCOMM build                   : bb5b86c, I77d3059488
01-11 21:42:49.621 12323 12413 I Adreno  : Build Date                       : 06/07/18
01-11 21:42:49.621 12323 12413 I Adreno  : OpenGL ES Shader Compiler Version: EV031.22.00.01_06
01-11 21:42:49.621 12323 12413 I Adreno  : Local Branch                     : 
01-11 21:42:49.621 12323 12413 I Adreno  : Remote Branch                    : refs/tags/AU_LINUX_ANDROID_LA.UM.6.5.R1.08.01.00.312.086
01-11 21:42:49.621 12323 12413 I Adreno  : Remote Branch                    : NONE
01-11 21:42:49.621 12323 12413 I Adreno  : Reconstruct Branch               : NOTHING
01-11 21:42:49.622 12323 12413 D vndksupport: Loading /vendor/lib/hw/gralloc.msm8937.so from current namespace instead of sphal namespace.
01-11 21:42:49.630 12323 12413 I Adreno  : PFP: 0x005ff087, ME: 0x005ff063
01-11 21:42:49.638 12323 12328 I zygote  : Do full code cache collection, code=123KB, data=105KB
01-11 21:42:49.639 12323 12413 I zygote  : android::hardware::configstore::V1_0::ISurfaceFlingerConfigs::hasWideColorDisplay retrieved: 0
01-11 21:42:49.642 12323 12328 I zygote  : After code cache collection, code=77KB, data=47KB
01-11 21:42:49.643 12323 12413 I OpenGLRenderer: Initialized EGL, version 1.4
01-11 21:42:49.643 12323 12413 D OpenGLRenderer: Swap behavior 2
01-11 21:42:49.742 12323 12413 D vndksupport: Loading /vendor/lib/hw/android.hardware.graphics.mapper@2.0-impl.so from current namespace instead of sphal namespace.
01-11 21:42:49.743 12323 12413 D vndksupport: Loading /vendor/lib/hw/gralloc.msm8937.so from current namespace instead of sphal namespace.
01-11 21:42:49.761  1456  1673 I LaunchCheckinHandler: Displayed org.mozilla.fenix.nightly/org.mozilla.fenix.HomeActivity,cp,ca,1312
01-11 21:42:49.762  1456  1673 I ActivityManager: Displayed org.mozilla.fenix.nightly/org.mozilla.fenix.HomeActivity: +1s306ms
01-11 21:42:49.768 11375 11388 D AuthStateProvider: Verifying caller's signature:77eac4ceed36afefba76179931dd4cc195ab0cd54baf355d215e7bbdd28e402a
01-11 21:42:49.768 11375 11388 D AuthStateProvider: Success!
01-11 21:42:49.770 12323 12323 E ActivityThread: Failed to find provider info for org.mozilla.fennec_aurora.fxa.auth
01-11 21:42:49.827 11769 11769 I Finsky  : [2] puo.onTrimMemory(1): Memory trim requested to level 80
01-11 21:42:49.832 15912 15912 I MemoryTrimmer: Trimming objects from memory, since app is in the background.
01-11 21:42:49.841 15912 15950 E AudioSource: Stop listening is called on already closed AudioSource
01-11 21:42:49.843 15912 15912 I MemoryTrimmer: Trimming objects from memory, since app is in the background.
01-11 21:42:49.845 15912 11574 I PBSessionCacheImpl: Deleted sessionId[69983294687855469] from persistence.
01-11 21:42:49.850  1456 10366 I WifiService: getWifiEnabledState uid=10073
01-11 21:42:49.852 12323 12353 I Gecko   : 1578796969848	addons.xpi	WARN	List of valid built-in add-ons could not be parsed.: [Exception... "Component returned failure code: 0x80520012 (NS_ERROR_FILE_NOT_FOUND) [nsIXPCComponents_Utils.readUTF8URI]"  nsresult: "0x80520012 (NS_ERROR_FILE_NOT_FOUND)"  location: "JS frame :: resource://gre/modules/addons/XPIProvider.jsm :: startup :: line 2366"  data: no] Stack trace: startup()@resource://gre/modules/addons/XPIProvider.jsm:2366
01-11 21:42:49.852 12323 12353 I Gecko   : callProvider()@resource://gre/modules/AddonManager.jsm:215
01-11 21:42:49.852 12323 12353 I Gecko   : _startProvider()@resource://gre/modules/AddonManager.jsm:586
01-11 21:42:49.852 12323 12353 I Gecko   : startup()@resource://gre/modules/AddonManager.jsm:810
01-11 21:42:49.852 12323 12353 I Gecko   : startup()@resource://gre/modules/AddonManager.jsm:3474
01-11 21:42:49.852 12323 12353 I Gecko   : observe()@resource://gre/modules/addonManager.js:87
01-11 21:42:49.860 15912 15950 W SearchServiceCore: Abort, client detached.
01-11 21:42:49.860 15912 15950 I chatty  : uid=10073(com.google.android.googlequicksearchbox) EventBus0 identical 1 line
01-11 21:42:49.861 15912 15950 W SearchServiceCore: Abort, client detached.
01-11 21:42:49.940   808   808 I SFPerfTracer:      triggers: (rate: 50:371716) (compose: 0:6) (post: 0:13) (render: 0:10) (4:3348582 frames) (5:4596382)
01-11 21:42:49.940   808   808 D SFPerfTracer:        layers: (4:15) (NavigationBar#0 (0xb07df000): 0:420312) (StatusBar#0 (0xb07e3000): 0:1195075) (com.android.systemui.ImageWallpaper#0 (0xb07e7000): 0:35019)* (Sprite#0 (0xb0733000): 0:317)* (DimLayerController/Stack=0#0 (0xb075a000): 0:3589)* (Sprite#1 (0xb077c000): 0:195)* (animation background stackId=1#0 (0xb039b000): 0:56)* (com.android.launcher3/com.android.launcher3.CustomizationPanelLauncher#0 (0xb0763000): 0:41)- (com.android.launcher3/com.android.launcher3.CustomizationPanelLauncher#1 (0xb0771000): 0:11)- (Splash Screen org.mozilla.fenix.nightly#0 (0xb0384000): 0:31)- (org.mozilla.fenix.nightly/org.mozilla.fenix.HomeActivity#0 (0xb0264000): 0:46)- (com.android.launcher3/com.android.launcher3.CustomizationPanelLauncher#0 (0xb0763000): 0:41)- (com.android.launcher3/com.android.launcher3.CustomizationPanelLauncher#1 (0xb0771000): 0:11)- (Splash Screen org.mozilla.fenix.nightly#0 (0xb0384000): 5:29) (org.mozilla.fenix.nightly/org.mozilla.fenix.HomeActivity#0 (0xb0264000): 5:12) 
01-11 21:42:50.021 12323 12353 D GeckoThread: State changed to PROFILE_READY
01-11 21:42:50.109 12323 12353 D GeckoThread: State changed to RUNNING
01-11 21:42:50.125 12323 12353 W GeckoEventDispatcher: No listener for AndroidCastDevice:SyncDevice
01-11 21:42:50.131 12323 12353 I Gecko   : -*- nsDNSServiceDiscovery.js : nsDNSServiceDiscovery
01-11 21:42:50.236 12323 12353 W ResourceType: Too many attribute references, stopped at: 0x01010099
01-11 21:42:50.283 12323 12353 I Gecko   : Attempting load of libEGL.so
01-11 21:42:50.487 12323 12323 D GeckoNetworkManager: Incoming event enableNotifications for state OnNoListeners -> OnWithListeners
01-11 21:42:50.488 12323 12323 D GeckoNetworkManager: New network state: UP, WIFI, WIFI
01-11 21:42:50.489 12323 12323 D GeckoNetworkManager: Incoming event receivedUpdate for state OnWithListeners -> OnWithListeners
01-11 21:42:50.490 12323 12323 D GeckoNetworkManager: New network state: UP, WIFI, WIFI
01-11 21:42:50.492 12323 12353 W GeckoLinker: /data/app/org.mozilla.fenix.nightly-3Hp7VzouTAiTKSNrkgKj5Q==/lib/arm/libsoftokn3.so: unhandled flags #8 not handled
01-11 21:42:50.493 12323 12353 W GeckoLinker: /data/app/org.mozilla.fenix.nightly-3Hp7VzouTAiTKSNrkgKj5Q==/lib/arm/libsoftokn3.so: Relocation to NULL @0x00026ffc for symbol "__cxa_type_match"
01-11 21:42:50.494 12323 12353 W GeckoLinker: /data/app/org.mozilla.fenix.nightly-3Hp7VzouTAiTKSNrkgKj5Q==/lib/arm/libfreebl3.so: unhandled flags #8 not handled
01-11 21:42:50.495 12323 12353 W GeckoLinker: /data/app/org.mozilla.fenix.nightly-3Hp7VzouTAiTKSNrkgKj5Q==/lib/arm/libfreebl3.so: Relocation to NULL @0x00041ffc for symbol "__cxa_type_match"
01-11 21:42:50.530 12323 12482 W GeckoLinker: /data/app/org.mozilla.fenix.nightly-3Hp7VzouTAiTKSNrkgKj5Q==/lib/arm/libnssckbi.so: unhandled flags #8 not handled
01-11 21:42:50.531 12323 12482 W GeckoLinker: /data/app/org.mozilla.fenix.nightly-3Hp7VzouTAiTKSNrkgKj5Q==/lib/arm/libnssckbi.so: Relocation to NULL @0x00052ffc for symbol "__cxa_type_match"
01-11 21:42:50.679 12323 12353 W ResourceType: Too many attribute references, stopped at: 0x01010099
01-11 21:42:51.141 12323 12323 D App     : Installed browser-icons extension
01-11 21:42:51.401 12323 12323 D mozac-webcompat: Installed WebCompat webextension: webcompat@mozilla.com
01-11 21:42:54.106 12505 12505 D AndroidRuntime: >>>>>> START com.android.internal.os.RuntimeInit uid 2000 <<<<<<
01-11 21:42:54.119 12505 12505 W app_process: Could not reserve sentinel fault page
01-11 21:42:54.285 12505 12505 I app_process: The ClassLoaderContext is a special shared library.
01-11 21:42:54.357 12505 12505 D AndroidRuntime: Calling main entry com.android.commands.input.Input
01-11 21:42:54.363 12505 12505 I Input   : injectKeyEvent: KeyEvent { action=ACTION_DOWN, keyCode=KEYCODE_HOME, scanCode=0, metaState=0, flags=0x0, repeatCount=0, eventTime=11244203086, downTime=11244203086, deviceId=-1, source=0x101 }
01-11 21:42:54.369 12505 12505 I Input   : injectKeyEvent: KeyEvent { action=ACTION_UP, keyCode=KEYCODE_HOME, scanCode=0, metaState=0, flags=0x0, repeatCount=0, eventTime=11244203086, downTime=11244203086, deviceId=-1, source=0x101 }
01-11 21:42:54.375  1456  1941 I ActivityManager: START u0 {act=android.intent.action.MAIN cat=[android.intent.category.HOME] flg=0x10200000 cmp=com.android.launcher3/.CustomizationPanelLauncher (has extras)} from uid 1000
01-11 21:42:54.376   794   839 E ANDR-PERF-RESOURCEQS: Failed to apply optimization [4, 0]
01-11 21:42:54.387  1456  1941 I ActivityManager: moveHomeStack, setupComplete:true
01-11 21:42:54.390 12505 12505 D AndroidRuntime: Shutting down VM
01-11 21:42:54.410 15912 15946 I OpenGLRenderer: Initialized EGL, version 1.4
01-11 21:42:54.410 15912 15946 D OpenGLRenderer: Swap behavior 2
01-11 21:42:54.419 11769 11769 I Finsky  : [2] puo.onTrimMemory(1): Memory trim requested to level 80
01-11 21:42:54.420  2748  2748 D Launcher.Utilities: Wakeup weather: Intent { act=com.motorola.launcher3.action.WAKEUP_WEATHER cmp=com.motorola.timeweatherwidget/com.motorola.commandcenter.weather.WakeUpService }
01-11 21:42:54.435  1456  1456 I NotificationService: Cannot find enqueued record for key: 0|com.motorola.timeweatherwidget|1|null|10116
01-11 21:42:54.439   808   808 D SurfaceFlinger: duplicate layer name: changing com.android.launcher3/com.android.launcher3.CustomizationPanelLauncher to com.android.launcher3/com.android.launcher3.CustomizationPanelLauncher#1
01-11 21:42:54.452 15912 15934 W ThreadPoolDumper: Queue length for executor EventBus is now 11. Perhaps some tasks are too long, or the pool is too small.
01-11 21:42:54.455  1456  2196 I WifiService: getWifiEnabledState uid=10073
01-11 21:42:54.467  1456  2196 I WifiService: getWifiEnabledState uid=10073
01-11 21:42:54.505 15912 15950 I MicroDetectionState: Should stop hotword detection immediately - false
01-11 21:42:54.513 15912 15950 I MicroDetectionWorker: #startMicroDetector [speakerMode: 0]
01-11 21:42:54.515 15912 15950 I AudioController: Created new AudioSource
01-11 21:42:54.535 15912 15949 I MicroDataManager: isInitializedWithLatestParams-true
01-11 21:42:54.536 15912 15949 I MicroDataManager: isInitializing-false locale not changed-true model not changed-true
01-11 21:42:54.536 15912 15949 I MicroDataManager: Already initialized, obtaining the hotword data immediately.
01-11 21:42:54.542  1456  1673 I LaunchCheckinHandler: Displayed com.android.launcher3/.CustomizationPanelLauncher,wp,wa,166
01-11 21:42:54.542 15912  8086 I MicroRecognitionRunner: Starting detection.
01-11 21:42:54.543 15912  8086 I InputStreamUtils: Using micInputStream
01-11 21:42:54.544 15912 11574 I MicrophoneInputStream: mic_starting  SR : 16000 CC : 16 SO : 1999
01-11 21:42:54.546   788  1401 V msm8974_platform: platform_check_input_mask: enter check_input_mask source 6 mask 10
01-11 21:42:54.548  1012 12531 I AudioFlinger: AudioFlinger's thread 0xb2483b00 tid=12531 ready to run
01-11 21:42:54.556   788  1401 D audio_hw_primary: in_set_parameters: enter: kvpairs=input_source=6;routing=-2147483644
01-11 21:42:54.557  1012 19499 D APM_AudioPolicyManager: AudioPolicyManager::startInput() input 94454, session 94521, source = 1999
01-11 21:42:54.558 15912 11574 I MicrophoneInputStream: mic_started  SR : 16000 CC : 16 SO : 1999
01-11 21:42:54.559   788 12532 V msm8974_platform: platform_update_usecase_from_source: input source :6
01-11 21:42:54.559   788 12532 V msm8974_platform: platform_check_input_mask: enter check_input_mask source 6 mask 10
01-11 21:42:54.559   788 12532 V msm8974_platform: platform_get_input_snd_device: enter: out_device(0) in_device(0x4) channel_count (1) channel_mask (0x10)
01-11 21:42:54.560   788 12532 V msm8974_platform: platform_get_input_snd_device: exit: in_snd_device(voice-rec-mic)
01-11 21:42:54.560   788 12532 V msm8974_platform: platform_get_backend_index:napb: backend port - 5 device - 120 
01-11 21:42:54.560   788 12532 V msm8974_platform: platform_check_and_set_capture_backend_cfg:txbecf: afe: bitwidth 0, samplerate 0, channel 1, backend_idx 5 usecase = 9 device (voice-rec-mic)
01-11 21:42:54.560   788 12532 V msm8974_platform: platform_check_capture_backend_cfg:txbecf: afe: Codec selected backend: 5 current bit width: 0 and sample rate: 0, channels 1
01-11 21:42:54.560   788 12532 V msm8974_platform: platform_check_capture_backend_cfg:txbecf: afe: Codec selected backend: 5 updated bit width: 0 and sample rate: 0
01-11 21:42:54.560   788 12532 I msm8974_platform: platform_check_capture_backend_cfg:txbecf: afe: Codec backend needs to be updated. new bit width: 0 new sample rate: 0 new channel: 1
01-11 21:42:54.560   788 12532 V msm8974_platform: platform_get_backend_index:napb: backend port - 5 device - 120 
01-11 21:42:54.560   788 12532 V msm8974_platform: platform_set_backend_cfg:becf: afe: bitwidth 0, samplerate 0 channels 1, backend_idx 5 device (voice-rec-mic)
01-11 21:42:54.560   788 12532 E msm8974_platform: platform_set_backend_cfg:becf: afe: Could not get ctl for mixer command - SLIM_0_TX Format
01-11 21:42:54.560   788 12532 V msm8974_platform: platform_send_audio_calibration: sending audio calibration for snd_device(120) acdb_id(62)
01-11 21:42:54.560   788 12532 D ACDB-LOADER: ACDB -> send_audio_cal, acdb_id = 62, path = 1, app id = 0x11130, sample rate = 48000
01-11 21:42:54.560   788 12532 D ACDB-LOADER: ACDB -> send_asm_topology
01-11 21:42:54.560   788 12532 D ACDB-LOADER: ACDB -> ACDB_CMD_GET_AUDPROC_STREAM_TOPOLOGY_ID
01-11 21:42:54.560   788 12532 D ACDB-LOADER: ACDB -> send_adm_topology
01-11 21:42:54.560   788 12532 D ACDB-LOADER: ACDB -> ACDB_CMD_GET_AUDPROC_COMMON_TOPOLOGY_ID
01-11 21:42:54.560   788 12532 D ACDB-LOADER: ACDB -> send_audtable
01-11 21:42:54.560   788 12532 D ACDB-LOADER: ACDB -> ACDB_CMD_GET_AUDPROC_COMMON_TABLE_SIZE
01-11 21:42:54.560   788 12532 D ACDB-LOADER: ACDB -> ACDB_CMD_GET_AUDPROC_COMMON_TABLE
01-11 21:42:54.560   788 12532 D ACDB-LOADER: ACDB -> AUDIO_SET_AUDPROC_CAL
01-11 21:42:54.560   788 12532 D ACDB-LOADER: ACDB -> send_audvoltable
01-11 21:42:54.560   788 12532 D ACDB-LOADER: ACDB -> ACDB_CMD_GET_AUDPROC_VOL_STEP_TABLE_SIZE
01-11 21:42:54.560   788 12532 D ACDB-LOADER: ACDB -> ACDB_CMD_GET_AUDPROC_GAIN_DEP_STEP_TABLE, vol index 0
01-11 21:42:54.560   788 12532 D         : Failed to fetch the lookup information of the device 0000003E 
01-11 21:42:54.560   788 12532 D ACDB-LOADER: ACDB -> AUDIO_SET_VOL_CAL cal type = 12
01-11 21:42:54.560   788 12532 D ACDB-LOADER: ACDB -> ACDB_CMD_GET_AUDPROC_STREAM_TABLE_SIZE
01-11 21:42:54.560   788 12532 D ACDB-LOADER: ACDB -> send_audstrmtable
01-11 21:42:54.560   788 12532 D ACDB-LOADER: ACDB -> ACDB_CMD_GET_AUDPROC_STREAM_TABLE_V2
01-11 21:42:54.561   788 12532 D ACDB-LOADER: ACDB -> audstrm_cal->cal_type.cal_data.cal_size = 456
01-11 21:42:54.561   788 12532 D ACDB-LOADER: ACDB -> send_afe_topology
01-11 21:42:54.561   788 12532 D ACDB-LOADER: ACDB -> ACDB_CMD_GET_AFE_TOPOLOGY_ID
01-11 21:42:54.561   788 12532 D ACDB-LOADER: ACDB -> GET_AFE_TOPOLOGY_ID for adcd_id 62, Topology Id 112fb
01-11 21:42:54.561   788 12532 D ACDB-LOADER: ACDB -> send_afe_cal
01-11 21:42:54.561   788 12532 D ACDB-LOADER: ACDB -> ACDB_CMD_GET_AFE_COMMON_TABLE_SIZE
01-11 21:42:54.561   788 12532 D         : Failed to fetch the lookup information of the device 0000003E 
01-11 21:42:54.561   788 12532 E ACDB-LOADER: Error: ACDB_CMD_GET_AFE_COMMON_TABLE_SIZE Returned = -19
01-11 21:42:54.561   788 12532 D ACDB-LOADER: ACDB -> ACDB_CMD_GET_AFE_COMMON_TABLE
01-11 21:42:54.561   788 12532 D         : Failed to fetch the lookup information of the device 0000003E 
01-11 21:42:54.561   788 12532 D ACDB-LOADER: ACDB -> AUDIO_SET_AFE_CAL
01-11 21:42:54.561   788 12532 D ACDB-LOADER: ACDB -> send_hw_delay : acdb_id = 62 path = 1
01-11 21:42:54.561   788 12532 D ACDB-LOADER: ACDB -> ACDB_AVSYNC_INFO: ACDB_CMD_GET_DEVICE_PROPERTY
01-11 21:42:54.561   788 12532 D audio_hw_primary: enable_snd_device: snd_device(120: voice-rec-mic)
01-11 21:42:54.561   788 12532 D audio_route: Apply path: voice-rec-mic
01-11 21:42:54.563   788 12532 V msm8974_platform: platform_get_snd_device_backend_index: enter with device 120
01-11 21:42:54.563   788 12532 E msm8974_platform: platform_get_snd_device_backend_index: BE DAI Name Table is not present
01-11 21:42:54.563   788 12532 V msm8974_platform: platform_get_backend_index:napb: backend port - 5 device - 120 
01-11 21:42:54.563   788 12532 I audio_hw_utils: Set Audio Stream Capture 0 App Type Cfg: app_type 69936, acdb_dev_id 62, sample_rate 48000, snd_device_be_idx -14
01-11 21:42:54.563   788 12532 D audio_hw_primary: enable_audio_route: usecase(9) apply and update mixer path: audio-record
01-11 21:42:54.563   788 12532 D audio_route: Apply path: audio-record
01-11 21:42:54.632 15912 15950 I MicroDetectionWorker: onReady
01-11 21:42:54.938  1456  7796 I OpenGLRenderer: Initialized EGL, version 1.4
01-11 21:42:54.938  1456  7796 D OpenGLRenderer: Swap behavior 2
01-11 21:42:54.984  2748  2917 W OpenGLRenderer: Incorrectly called buildLayer on View: ShortcutAndWidgetContainer, destroying layer...
01-11 21:42:55.080 12323 12323 D GeckoRuntime: Lifecycle: onPause
01-11 21:42:55.080 12323 12323 D GeckoNetworkManager: Incoming event stop for state OnWithListeners -> OffWithListeners
01-11 21:42:55.081 12323 12323 I SessionStorage/AutoSave: Save: Background
01-11 21:42:55.083 12323 12346 D SessionStorage/AutoSave: Saved state to disk [1ms]
01-11 21:42:55.087 12323 12432 I libglean_ffi: glean_core::ping: Collecting baseline
01-11 21:42:55.091 12323 12432 D libglean_ffi: glean_core::ping: Storing ping 'e02a5fdc-1b43-481c-9300-55b677cb0c05' at '/data/user/0/org.mozilla.fenix.nightly/glean_data/pending_pings/e02a5fdc-1b43-481c-9300-55b677cb0c05'
01-11 21:42:55.091 12323 12432 I libglean_ffi: glean_core: The ping 'baseline' was submitted and will be sent as soon as possible
01-11 21:42:55.091 12323 12432 I libglean_ffi: glean_core::ping: Collecting events
01-11 21:42:55.094 12323 12432 D libglean_ffi: glean_core::ping: Storing ping '882ca481-1153-4fc3-8296-ea769c0ec754' at '/data/user/0/org.mozilla.fenix.nightly/glean_data/pending_pings/882ca481-1153-4fc3-8296-ea769c0ec754'
01-11 21:42:55.095 12323 12432 I libglean_ffi: glean_core: The ping 'events' was submitted and will be sent as soon as possible
01-11 21:42:55.119  1456  5031 D ConnectivityService: requestNetwork for uid/pid:10734/12323 NetworkRequest [ TRACK_DEFAULT id=19506, [ Capabilities: INTERNET&NOT_RESTRICTED&TRUSTED&NOT_VPN] ]
01-11 21:42:55.121  1456  2099 D Ethernet: got request NetworkRequest [ TRACK_DEFAULT id=19506, [ Capabilities: INTERNET&NOT_RESTRICTED&TRUSTED&NOT_VPN] ] with score 60
01-11 21:42:55.121  1456  2054 D WIFI_UT : got request NetworkRequest [ TRACK_DEFAULT id=19506, [ Capabilities: INTERNET&NOT_RESTRICTED&TRUSTED&NOT_VPN] ] with score 60
01-11 21:42:55.121  1456  2054 D WIFI    : got request NetworkRequest [ TRACK_DEFAULT id=19506, [ Capabilities: INTERNET&NOT_RESTRICTED&TRUSTED&NOT_VPN] ] with score 60
01-11 21:42:55.121  2398  2398 D PhoneSwitcherNetworkRequstListener: got request NetworkRequest [ TRACK_DEFAULT id=19506, [ Capabilities: INTERNET&NOT_RESTRICTED&TRUSTED&NOT_VPN] ] with score 60
01-11 21:42:55.129 12323 12533 D glean/PingUploadWorker: Processing persisted pings at /data/user/0/org.mozilla.fenix.nightly/glean_data/pending_pings
01-11 21:42:55.129 12323 12533 D glean/PingUploadWorker: Processing ping: e02a5fdc-1b43-481c-9300-55b677cb0c05
01-11 21:42:55.132 12323 12533 D glean/ConceptFetchHttpUploader: Submitting ping to: https://incoming.telemetry.mozilla.org/submit/org-mozilla-fenix-nightly/baseline/1/e02a5fdc-1b43-481c-9300-55b677cb0c05
01-11 21:42:55.133   808   898 I SFPerfTracer:      triggers: (rate: 0:0) (0 sw vsyncs) (0 skipped) (38:2563803 vsyncs) (40:4636179)
01-11 21:42:55.430 12323 12533 D glean/ConceptFetchHttpUploader: Ping successfully sent (200)
01-11 21:42:55.431 12323 12533 D glean/PingUploadWorker: e02a5fdc-1b43-481c-9300-55b677cb0c05 was deleted: true
01-11 21:42:55.431 12323 12533 D glean/PingUploadWorker: Processing ping: 882ca481-1153-4fc3-8296-ea769c0ec754
01-11 21:42:55.433 12323 12533 D glean/ConceptFetchHttpUploader: Submitting ping to: https://incoming.telemetry.mozilla.org/submit/org-mozilla-fenix-nightly/events/1/882ca481-1153-4fc3-8296-ea769c0ec754
01-11 21:42:55.597 12323 12533 D glean/ConceptFetchHttpUploader: Ping successfully sent (200)
01-11 21:42:55.598 12323 12533 D glean/PingUploadWorker: 882ca481-1153-4fc3-8296-ea769c0ec754 was deleted: true
01-11 21:42:55.600 12323 12344 I WM-WorkerWrapper: Worker result SUCCESS for Work [ id=e6fd1156-4077-4e96-85be-6f6392f3c174, tags={ mozilla.telemetry.glean.scheduler.PingUploadWorker, mozac_service_glean_ping_upload_worker } ]
01-11 21:42:55.603  1456  2067 D ConnectivityService: releasing NetworkRequest [ TRACK_DEFAULT id=19506, [ Capabilities: INTERNET&NOT_RESTRICTED&TRUSTED&NOT_VPN] ] (release request)
01-11 21:42:56.945  2398  2398 D QtiCarrierConfigHelper: WARNING, no carrier configs on phone Id: 0
01-11 21:42:57.889 11769 11769 I Finsky  : [2] JobSchedulerEngine$PhoneskyJobSchedulerJobService.onStartJob(5): SCH: onJobSchedulerWakeup with jobId 9008
01-11 21:42:57.894 11769 11769 I Finsky  : [2] trd.a(24): Scheduling fallback job with id: 9034, and delay: 43200000 ms
01-11 21:42:57.899 11769 11769 I Finsky  : [2] trd.a(5): Scheduling fallback in 64799997 (absolute: 11389866570)
01-11 21:42:57.939 11769 11769 I Finsky  : [2] trp.handleMessage(10): SCH: DeviceState: DeviceState{currentTime=1578796977930, isCharging=true, isIdle=false, netAny=true, netNotRoaming=true, netUnmetered=true, batteryPercent=100.0}
01-11 21:42:57.953 11769 11841 I Finsky  : [188779] tuf.a(7): SCH: Jobs in database: 1-1337 3-1421 3-1422 24-77777777 26-1414141414 29-29 
01-11 21:42:57.984 11769 11769 I Finsky  : [2] trq.a(18): SCH: Running job: 29-29
01-11 21:42:57.988 11769 11769 I Finsky  : [2] trp.handleMessage(63): SCH: RunningQueue size: 1, PendingQueue size: 0
01-11 21:42:57.989 11769 11769 I Finsky  : [2] trp.handleMessage(66): SCH: Running queue: 29-29 
01-11 21:42:57.989 11769 12536 I Finsky  : [188835] zjc.a(1): ProcessRecoveryLogsUtil: No files in recovery directory
01-11 21:42:58.002 11769 12536 I Finsky  : [188835] tta.a(13): SCH: jobFinished: 29-29. TimeElapsed: 18ms.
01-11 21:42:58.004 11769 11769 I Finsky  : [2] trq.a(34): SCH: Job 29-29 finished. Not rescheduling.
01-11 21:42:58.007 11769 11769 I Finsky  : [2] trp.handleMessage(63): SCH: RunningQueue size: 0, PendingQueue size: 0
01-11 21:42:58.008 11769 11769 I Finsky  : [2] trp.handleMessage(29): Executor finished
01-11 21:42:58.027 11769 11769 I Finsky  : [2] puo.onTrimMemory(1): Memory trim requested to level 80
01-11 21:42:58.029 11769 11769 I Finsky  : [2] tuf.a(7): SCH: Jobs in database: 1-1337 3-1421 3-1422 24-77777777 26-1414141414 
01-11 21:42:58.052 11769 11769 I Finsky  : [2] tpv.a(58): SCH: ConstraintMapping: 24-77777777,  -> L: 0ms, D: 53344132ms, C: false, I: true, N: 0
01-11 21:42:58.054 11769 11769 I Finsky  : [2] tpv.a(58): SCH: ConstraintMapping: 1-1337,  -> L: 13680309ms, D: 56880309ms, C: false, I: false, N: 1
01-11 21:42:58.055 11769 11769 I Finsky  : [2] tpv.a(58): SCH: ConstraintMapping: 3-1421,  -> L: 0ms, D: 86370715ms, C: false, I: true, N: 2
01-11 21:42:58.057 11769 11769 I Finsky  : [2] tpv.a(58): SCH: ConstraintMapping: 3-1422,  -> L: 0ms, D: 86370737ms, C: true, I: true, N: 2
01-11 21:42:58.058 11769 11769 I Finsky  : [2] tpv.a(58): SCH: ConstraintMapping: 26-1414141414,  -> L: 41508523ms, D: 42408523ms, C: false, I: false, N: 0
01-11 21:42:58.071 11769 11769 I Finsky  : [2] tsn.a(37): Cancelling existing jobscheduler jobs: 9000 9007 9001 9005 
01-11 21:42:58.072 11769 11769 I Finsky  : [2] tsn.a(14): Throttling wakeup for job 9002 (expected to run in 0 ms) due to recent wakeup
01-11 21:42:58.073 11769 11769 I Finsky  : [2] tsn.a(30): Scheduling job Id: 9002, L: 30000, D: 53344132, C: false, I: true, N: 0
01-11 21:42:58.075 11769 11769 I Finsky  : [2] tsn.a(30): Scheduling job Id: 9003, L: 13680309, D: 56880309, C: false, I: false, N: 1
01-11 21:42:58.077 11769 11769 I Finsky  : [2] tsn.a(14): Throttling wakeup for job 9004 (expected to run in 0 ms) due to recent wakeup
01-11 21:42:58.078 11769 11769 I Finsky  : [2] tsn.a(30): Scheduling job Id: 9004, L: 30000, D: 86370715, C: false, I: true, N: 2
01-11 21:42:58.081 11769 11769 I Finsky  : [2] tsn.a(14): Throttling wakeup for job 9006 (expected to run in 0 ms) due to recent wakeup
01-11 21:42:58.082 11769 11769 I Finsky  : [2] tsn.a(30): Scheduling job Id: 9006, L: 30000, D: 86370737, C: true, I: true, N: 2
01-11 21:42:58.084 11769 11769 I Finsky  : [2] tsn.a(30): Scheduling job Id: 9009, L: 41508523, D: 42408523, C: false, I: false, N: 0
01-11 21:42:59.565  1456  2923 I ActivityManager: Force stopping org.mozilla.fenix.nightly appid=10734 user=0: from pid 12540
01-11 21:42:59.565  1456  2923 I ActivityManager: Killing 12323:org.mozilla.fenix.nightly/u0a734 (adj 700): stop org.mozilla.fenix.nightly
01-11 21:42:59.567  1456  1605 W zygote  : kill(-12323, 9) failed: No such process
01-11 21:42:59.569  1456  2923 W ActivityManager: Force removing ActivityRecord{c7d909f u0 org.mozilla.fenix.nightly/org.mozilla.fenix.HomeActivity t18408}: app died, no saved state
01-11 21:42:59.570 12362 12362 I ServiceChildProcess: Service has been unbound. Stopping.
01-11 21:42:59.577  1456  2923 I ActivityManager: Killing 12362:org.mozilla.fenix.nightly:tab/u0a734 (adj 0): stop org.mozilla.fenix.nightly
01-11 21:42:59.581  1456  1605 W zygote  : kill(-12323, 9) failed: No such process
01-11 21:42:59.583 11375 11375 D GeckoMemoryMonitor: onTrimMemory() notification received with level 10
01-11 21:42:59.586 26068 26068 I AppBase : onTrimMemory(): 10
01-11 21:42:59.586 26068 26068 I GoogleInputMethodService: onTrimMemory(): 10
01-11 21:42:59.591  2398  2398 D CarrierSvcBindHelper: No carrier app for: 0
01-11 21:42:59.593  2398  2398 D CarrierSvcBindHelper: No carrier app for: 1
01-11 21:42:59.595  1456  1605 W zygote  : kill(-12323, 9) failed: No such process
01-11 21:42:59.649  1456  1673 W ActivityManager: setHasOverlayUi called on unknown pid: 12323
01-11 21:42:59.651  1456  1605 I chatty  : uid=1000(system) ActivityManager identical 4 lines
01-11 21:42:59.665  1456  1605 W zygote  : kill(-12323, 9) failed: No such process
01-11 21:42:59.665  1456  1605 I zygote  : Successfully killed process cgroup uid 10734 pid 12323 in 98ms
01-11 21:42:59.665  1456  1605 W zygote  : kill(-12362, 9) failed: No such process
01-11 21:42:59.665  1456  1605 I zygote  : Successfully killed process cgroup uid 10734 pid 12362 in 0ms
01-11 21:42:59.690  1456  7570 I ActivityManager: START u0 {act=android.intent.action.MAIN cat=[android.intent.category.LAUNCHER] flg=0x10000000 cmp=org.mozilla.fenix.nightly/org.mozilla.fenix.HomeActivity} from uid 2000
01-11 21:42:59.691   794   839 E ANDR-PERF-RESOURCEQS: Failed to apply optimization [4, 0]
01-11 21:42:59.704  1456  7796 I OpenGLRenderer: Initialized EGL, version 1.4
01-11 21:42:59.704  1456  7796 D OpenGLRenderer: Swap behavior 2
01-11 21:42:59.710  1456  5797 I ActivityManager: Start proc 12548:org.mozilla.fenix.nightly/u0a734 for activity org.mozilla.fenix.nightly/org.mozilla.fenix.HomeActivity
01-11 21:42:59.800 15912 15950 I MicroDetectionState: Should stop hotword detection immediately - false
01-11 21:42:59.800 15912 15950 I MicroDetector: Keeping mic open: false
01-11 21:42:59.800 15912 11573 E DeviceStateChecker: DeviceStateChecker cancelled
01-11 21:42:59.801 15912 15950 I RecognitionAudioControl: #shutdownAudio [requestId: 8335512925474675601, keepAudioOpen: false, forced: true]
01-11 21:42:59.801 15912 15950 I RecognitionAudioControl: #internalShutdownAudio [requestId: 8335512925474675601]
01-11 21:42:59.801 15912 15950 I RecognitionAudioControl: #internalShutdownAudio [keepAudioOpen: false, forced: true]
01-11 21:42:59.801 15912 15950 I RecognitionAudioControl: #actualShutdownAudio
01-11 21:42:59.801 15912 15950 I AudioController: #shutdown [requestId=8335512925474675601]
01-11 21:42:59.802 15912 15944 I AudioController: internalShutdown
01-11 21:42:59.802 15912 15951 I MicroRecognitionRunner: Stopping hotword detection.
01-11 21:42:59.853   788  1401 D audio_hw_primary: disable_audio_route: usecase(9) reset and update mixer path: audio-record
01-11 21:42:59.854   788  1401 D audio_hw_primary: disable_snd_device: snd_device(120: voice-rec-mic)
01-11 21:42:59.855  1012 19499 D APM_AudioPolicyManager: stopInput() input 94454, session 94521
01-11 21:42:59.856   788  1401 D audio_hw_primary: in_set_parameters: enter: kvpairs=routing=0
01-11 21:42:59.858 15912 15944 I MicrophoneInputStream: mic_close  SR : 16000 CC : 16 SO : 1999
01-11 21:42:59.858 15912 15944 E AudioSource: Stop listening is called on already closed AudioSource
01-11 21:42:59.859 15912  8086 I MicroRecognitionRunner: Detection finished
01-11 21:42:59.877 12548 12548 D FirebaseApp: com.google.firebase.auth.FirebaseAuth is not linked. Skipping initialization.
01-11 21:42:59.878 12548 12548 D FirebaseApp: com.google.firebase.crash.FirebaseCrash is not linked. Skipping initialization.
01-11 21:42:59.879 12548 12548 I FirebaseInitProvider: FirebaseApp initialization successful
01-11 21:42:59.947 12548 12569 I FA      : Collection disabled with firebase_analytics_collection_enabled=0
01-11 21:42:59.948 12548 12569 I FA      : App measurement is starting up, version: 12780
01-11 21:42:59.948 12548 12569 I FA      : To enable debug logging run: adb shell setprop log.tag.FA VERBOSE
01-11 21:42:59.948 12548 12569 I FA      : To enable faster debug mode event logging run:
01-11 21:42:59.948 12548 12569 I FA      :   adb shell setprop debug.firebase.analytics.app org.mozilla.fenix.nightly
01-11 21:42:59.953 12548 12574 D RustNativeSupport: findMegazordLibraryName(viaduct, 0.48.1
01-11 21:42:59.953 12548 12574 D RustNativeSupport: lib in use: none
01-11 21:42:59.953 12548 12574 D RustNativeSupport: lib configured: fenix
01-11 21:42:59.953 12548 12574 D RustNativeSupport: lib version configured: 0.48.1
01-11 21:42:59.953 12548 12574 D RustNativeSupport: settled on fenix
01-11 21:42:59.982 12548 12574 D RustNativeSupport: findMegazordLibraryName(rustlog, 0.48.1
01-11 21:42:59.982 12548 12574 D RustNativeSupport: lib in use: none
01-11 21:42:59.982 12548 12574 D RustNativeSupport: lib configured: fenix
01-11 21:42:59.982 12548 12574 D RustNativeSupport: lib version configured: 0.48.1
01-11 21:42:59.982 12548 12574 D RustNativeSupport: settled on fenix
01-11 21:42:59.985 12548 12574 I rc_log_ffi::ios: rc_log adapter initialized!
01-11 21:43:00.012 12548 12548 D GeckoThread: State changed to LAUNCHED
01-11 21:43:00.013 12548 12581 I GeckoThread: preparing to run Gecko
01-11 21:43:00.022 12548 12548 D GeckoRuntime: Lifecycle: onCreate
01-11 21:43:00.023 12548 12581 D GeckoThread: State changed to MOZGLUE_READY
01-11 21:43:00.036 12548 12548 I zygote  : Deoptimizing java.lang.Object androidx.collection.SimpleArrayMap.put(java.lang.Object, java.lang.Object) due to JIT inline cache
01-11 21:43:00.037 12548 12581 W Settings: Setting animator_duration_scale has moved from android.provider.Settings.System to android.provider.Settings.Global, returning read-only global URI.
01-11 21:43:00.039 12548 12581 E GeckoLibLoad: Load sqlite start
01-11 21:43:00.044 12548 12574 D App     : Bucket is 78
01-11 21:43:00.048 12548 12574 D App     : Experiments active: {asFeatureSyncDisabled=false}
01-11 21:43:00.059 12548 12581 W GeckoLinker: /data/app/org.mozilla.fenix.nightly-3Hp7VzouTAiTKSNrkgKj5Q==/lib/arm/libnss3.so: unhandled flags #8 not handled
01-11 21:43:00.065 12548 12581 W GeckoLinker: /data/app/org.mozilla.fenix.nightly-3Hp7VzouTAiTKSNrkgKj5Q==/lib/arm/libnss3.so: Relocation to NULL @0x00130ffc for symbol "__cxa_type_match"
01-11 21:43:00.066 12548 12581 E GeckoLibLoad: Load sqlite done
01-11 21:43:00.066 12548 12581 E GeckoLibLoad: Load nss start
01-11 21:43:00.066 12548 12581 E GeckoLibLoad: Load nss done
01-11 21:43:00.066 12548 12581 W GeckoLinker: /data/app/org.mozilla.fenix.nightly-3Hp7VzouTAiTKSNrkgKj5Q==/lib/arm/libxul.so: unhandled flags #8 not handled
01-11 21:43:00.067 12548 12581 W GeckoLinker: /data/app/org.mozilla.fenix.nightly-3Hp7VzouTAiTKSNrkgKj5Q==/lib/arm/liblgpllibs.so: unhandled flags #8 not handled
01-11 21:43:00.097 12548 12548 W [WARNING][Leanplum]: [com.leanplum.internal.ActionManager::getLocationManager::8]: Geofencing support requires leanplum-location module and Google Play Services v8.1 and higher.
01-11 21:43:00.097 12548 12548 W [WARNING][Leanplum]: Add this to your build.gradle file:
01-11 21:43:00.097 12548 12548 W [WARNING][Leanplum]: implementation 'com.google.android.gms:play-services-location:8.3.0+'
01-11 21:43:00.097 12548 12548 W [WARNING][Leanplum]: implementation 'com.leanplum:leanplum-location:+'
01-11 21:43:00.102 12548 12581 E GeckoLibLoad: Loaded libs in 35.952764ms total, 20ms(80ms) user, 13ms(20ms) system, 0(0) faults
01-11 21:43:00.102 12548 12581 D GeckoThread: State changed to LIBS_READY
01-11 21:43:00.103 12548 12581 W GeckoThread: zerdatime 11325068777 - runGecko
01-11 21:43:00.106 12548 12548 I [INFO][Leanplum]: [com.leanplum.monitoring.ExceptionHandler::setContext::6]: LeanplumExceptionHandler could not initialize Exception Reporting.This is expected if you have not included the leanplum-monitoring module
01-11 21:43:00.109 12548 12581 D GeckoProfile: Loading profile at: null name: default
01-11 21:43:00.110 12548 12581 D GeckoProfile: Found profile dir: /data/user/0/org.mozilla.fenix.nightly/files/mozilla/b4v2kzuf.default
