04-27 15:57:35.173 27915 27915 I Input   : injectKeyEvent: KeyEvent { action=ACTION_DOWN, keyCode=KEYCODE_HOME, scanCode=0, metaState=0, flags=0x0, repeatCount=0, eventTime=20093510453, downTime=20093510453, deviceId=-1, source=0x101 }
04-27 15:57:35.181 27915 27915 I Input   : injectKeyEvent: KeyEvent { action=ACTION_UP, keyCode=KEYCODE_HOME, scanCode=0, metaState=0, flags=0x0, repeatCount=0, eventTime=20093510453, downTime=20093510453, deviceId=-1, source=0x101 }
04-27 15:57:35.188  1456  1941 I ActivityManager: START u0 {act=android.intent.action.MAIN cat=[android.intent.category.HOME] flg=0x10200000 cmp=com.android.launcher3/.CustomizationPanelLauncher (has extras)} from uid 1000
04-27 15:57:35.188   794   839 E ANDR-PERF-RESOURCEQS: Failed to apply optimization [4, 0]
04-27 15:57:35.195 27915 27915 D AndroidRuntime: Shutting down VM
04-27 15:57:35.207  1456  2196 I ActivityManager: moveHomeStack, setupComplete:true
04-27 15:57:35.216 17373 17422 I Adreno  : QUALCOMM build                   : bb5b86c, I77d3059488
04-27 15:57:35.216 17373 17422 I Adreno  : Build Date                       : 06/07/18
04-27 15:57:35.216 17373 17422 I Adreno  : OpenGL ES Shader Compiler Version: EV031.22.00.01_06
04-27 15:57:35.216 17373 17422 I Adreno  : Local Branch                     : 
04-27 15:57:35.216 17373 17422 I Adreno  : Remote Branch                    : refs/tags/AU_LINUX_ANDROID_LA.UM.6.5.R1.08.01.00.312.086
04-27 15:57:35.216 17373 17422 I Adreno  : Remote Branch                    : NONE
04-27 15:57:35.216 17373 17422 I Adreno  : Reconstruct Branch               : NOTHING
04-27 15:57:35.220 17373 17422 D vndksupport: Loading /vendor/lib/hw/gralloc.msm8937.so from current namespace instead of sphal namespace.
04-27 15:57:35.225 17373 17422 I Adreno  : PFP: 0x005ff087, ME: 0x005ff063
04-27 15:57:35.229 17373 17422 I zygote  : android::hardware::configstore::V1_0::ISurfaceFlingerConfigs::hasWideColorDisplay retrieved: 0
04-27 15:57:35.230 17373 17422 I OpenGLRenderer: Initialized EGL, version 1.4
04-27 15:57:35.230 17373 17422 D OpenGLRenderer: Swap behavior 2
04-27 15:57:35.233  2748  2748 D Launcher.Utilities: Wakeup weather: Intent { act=com.motorola.launcher3.action.WAKEUP_WEATHER cmp=com.motorola.timeweatherwidget/com.motorola.commandcenter.weather.WakeUpService }
04-27 15:57:35.247  1456  1456 I NotificationService: Cannot find enqueued record for key: 0|com.motorola.timeweatherwidget|1|null|10116
04-27 15:57:35.252   808   808 D SurfaceFlinger: duplicate layer name: changing com.android.launcher3/com.android.launcher3.CustomizationPanelLauncher to com.android.launcher3/com.android.launcher3.CustomizationPanelLauncher#1
04-27 15:57:35.261  1456  2920 I WifiService: getWifiEnabledState uid=10073
04-27 15:57:35.262 17373 17397 W ThreadPoolDumper: Queue length for executor EventBus is now 11. Perhaps some tasks are too long, or the pool is too small.
04-27 15:57:35.274  1456  1471 I WifiService: getWifiEnabledState uid=10073
04-27 15:57:35.281 17373 17428 I DEBUG   : OpaToSrpTransitionState#onStateChanged#notNullQuery
04-27 15:57:35.282 17373 17428 I DEBUG   : OpaToSrpTransitionState#onStateChanged#notNullQuery
04-27 15:57:35.299 17373 17428 I MicroDetectionState: Should stop hotword detection immediately - false
04-27 15:57:35.303 17373 17428 I MicroDetectionWorker: #startMicroDetector [speakerMode: 0]
04-27 15:57:35.306 17373 17428 I AudioController: Created new AudioSource
04-27 15:57:35.340 27635 27635 D GeckoSession: handleMessage GeckoView:StateUpdated uri=null
04-27 15:57:35.345  1456  1673 I LaunchCheckinHandler: Displayed com.android.launcher3/.CustomizationPanelLauncher,wp,wa,157
04-27 15:57:35.345 17373 17392 I MicroDataManager: isInitializedWithLatestParams-true
04-27 15:57:35.345 17373 17392 I MicroDataManager: isInitializing-false locale not changed-true model not changed-true
04-27 15:57:35.346 17373 17392 I MicroDataManager: Already initialized, obtaining the hotword data immediately.
04-27 15:57:35.347 27635 27698 D ServiceAllocator: org.mozilla.gecko.process.GeckoChildProcessServices$tab0 updateBindings: IDLE priority, 6 importance, 0 successful binds, 0 failed binds, 2 successful unbinds, 0 failed unbinds
04-27 15:57:35.349 17373 17475 I MicroRecognitionRunner: Starting detection.
04-27 15:57:35.350 17373 17475 I InputStreamUtils: Using micInputStream
04-27 15:57:35.350 17373 31616 I MicrophoneInputStream: mic_starting  SR : 16000 CC : 16 SO : 1999
04-27 15:57:35.354   788   788 V msm8974_platform: platform_check_input_mask: enter check_input_mask source 6 mask 10
04-27 15:57:35.359  1012 27929 I AudioFlinger: AudioFlinger's thread 0xb2483b80 tid=27929 ready to run
04-27 15:57:35.365   788   788 D audio_hw_primary: in_set_parameters: enter: kvpairs=input_source=6;routing=-2147483644
04-27 15:57:35.366  1012 19368 D APM_AudioPolicyManager: AudioPolicyManager::startInput() input 321438, session 321553, source = 1999
04-27 15:57:35.366 17373 31616 I MicrophoneInputStream: mic_started  SR : 16000 CC : 16 SO : 1999
04-27 15:57:35.368   788 27930 V msm8974_platform: platform_update_usecase_from_source: input source :6
04-27 15:57:35.368   788 27930 V msm8974_platform: platform_check_input_mask: enter check_input_mask source 6 mask 10
04-27 15:57:35.368   788 27930 V msm8974_platform: platform_get_input_snd_device: enter: out_device(0) in_device(0x4) channel_count (1) channel_mask (0x10)
04-27 15:57:35.368   788 27930 V msm8974_platform: platform_get_input_snd_device: exit: in_snd_device(voice-rec-mic)
04-27 15:57:35.368   788 27930 V msm8974_platform: platform_get_backend_index:napb: backend port - 5 device - 120 
04-27 15:57:35.368   788 27930 V msm8974_platform: platform_check_and_set_capture_backend_cfg:txbecf: afe: bitwidth 0, samplerate 0, channel 1, backend_idx 5 usecase = 9 device (voice-rec-mic)
04-27 15:57:35.368   788 27930 V msm8974_platform: platform_check_capture_backend_cfg:txbecf: afe: Codec selected backend: 5 current bit width: 0 and sample rate: 0, channels 1
04-27 15:57:35.368   788 27930 V msm8974_platform: platform_check_capture_backend_cfg:txbecf: afe: Codec selected backend: 5 updated bit width: 0 and sample rate: 0
04-27 15:57:35.368   788 27930 I msm8974_platform: platform_check_capture_backend_cfg:txbecf: afe: Codec backend needs to be updated. new bit width: 0 new sample rate: 0 new channel: 1
04-27 15:57:35.368   788 27930 V msm8974_platform: platform_get_backend_index:napb: backend port - 5 device - 120 
04-27 15:57:35.369   788 27930 V msm8974_platform: platform_set_backend_cfg:becf: afe: bitwidth 0, samplerate 0 channels 1, backend_idx 5 device (voice-rec-mic)
04-27 15:57:35.369   788 27930 E msm8974_platform: platform_set_backend_cfg:becf: afe: Could not get ctl for mixer command - SLIM_0_TX Format
04-27 15:57:35.369   788 27930 V msm8974_platform: platform_send_audio_calibration: sending audio calibration for snd_device(120) acdb_id(62)
04-27 15:57:35.369   788 27930 D ACDB-LOADER: ACDB -> send_audio_cal, acdb_id = 62, path = 1, app id = 0x11130, sample rate = 48000
04-27 15:57:35.369   788 27930 D ACDB-LOADER: ACDB -> send_asm_topology
04-27 15:57:35.369   788 27930 D ACDB-LOADER: ACDB -> ACDB_CMD_GET_AUDPROC_STREAM_TOPOLOGY_ID
04-27 15:57:35.369   788 27930 D ACDB-LOADER: ACDB -> send_adm_topology
04-27 15:57:35.369   788 27930 D ACDB-LOADER: ACDB -> ACDB_CMD_GET_AUDPROC_COMMON_TOPOLOGY_ID
04-27 15:57:35.369   788 27930 D ACDB-LOADER: ACDB -> send_audtable
04-27 15:57:35.369   788 27930 D ACDB-LOADER: ACDB -> ACDB_CMD_GET_AUDPROC_COMMON_TABLE_SIZE
04-27 15:57:35.369   788 27930 D ACDB-LOADER: ACDB -> ACDB_CMD_GET_AUDPROC_COMMON_TABLE
04-27 15:57:35.370   788 27930 D ACDB-LOADER: ACDB -> AUDIO_SET_AUDPROC_CAL
04-27 15:57:35.370   788 27930 D ACDB-LOADER: ACDB -> send_audvoltable
04-27 15:57:35.370   788 27930 D ACDB-LOADER: ACDB -> ACDB_CMD_GET_AUDPROC_VOL_STEP_TABLE_SIZE
04-27 15:57:35.370   788 27930 D ACDB-LOADER: ACDB -> ACDB_CMD_GET_AUDPROC_GAIN_DEP_STEP_TABLE, vol index 0
04-27 15:57:35.370   788 27930 D         : Failed to fetch the lookup information of the device 0000003E 
04-27 15:57:35.370   788 27930 D ACDB-LOADER: ACDB -> AUDIO_SET_VOL_CAL cal type = 12
04-27 15:57:35.370   788 27930 D ACDB-LOADER: ACDB -> ACDB_CMD_GET_AUDPROC_STREAM_TABLE_SIZE
04-27 15:57:35.370   788 27930 D ACDB-LOADER: ACDB -> send_audstrmtable
04-27 15:57:35.370   788 27930 D ACDB-LOADER: ACDB -> ACDB_CMD_GET_AUDPROC_STREAM_TABLE_V2
04-27 15:57:35.370   788 27930 D ACDB-LOADER: ACDB -> audstrm_cal->cal_type.cal_data.cal_size = 456
04-27 15:57:35.370   788 27930 D ACDB-LOADER: ACDB -> send_afe_topology
04-27 15:57:35.370   788 27930 D ACDB-LOADER: ACDB -> ACDB_CMD_GET_AFE_TOPOLOGY_ID
04-27 15:57:35.370   788 27930 D ACDB-LOADER: ACDB -> GET_AFE_TOPOLOGY_ID for adcd_id 62, Topology Id 112fb
04-27 15:57:35.370   788 27930 D ACDB-LOADER: ACDB -> send_afe_cal
04-27 15:57:35.371   788 27930 D ACDB-LOADER: ACDB -> ACDB_CMD_GET_AFE_COMMON_TABLE_SIZE
04-27 15:57:35.371   788 27930 D         : Failed to fetch the lookup information of the device 0000003E 
04-27 15:57:35.371   788 27930 E ACDB-LOADER: Error: ACDB_CMD_GET_AFE_COMMON_TABLE_SIZE Returned = -19
04-27 15:57:35.371   788 27930 D ACDB-LOADER: ACDB -> ACDB_CMD_GET_AFE_COMMON_TABLE
04-27 15:57:35.371   788 27930 D         : Failed to fetch the lookup information of the device 0000003E 
04-27 15:57:35.371   788 27930 D ACDB-LOADER: ACDB -> AUDIO_SET_AFE_CAL
04-27 15:57:35.371   788 27930 D ACDB-LOADER: ACDB -> send_hw_delay : acdb_id = 62 path = 1
04-27 15:57:35.371   788 27930 D ACDB-LOADER: ACDB -> ACDB_AVSYNC_INFO: ACDB_CMD_GET_DEVICE_PROPERTY
04-27 15:57:35.371   788 27930 D audio_hw_primary: enable_snd_device: snd_device(120: voice-rec-mic)
04-27 15:57:35.371   788 27930 D audio_route: Apply path: voice-rec-mic
04-27 15:57:35.375   788 27930 V msm8974_platform: platform_get_snd_device_backend_index: enter with device 120
04-27 15:57:35.375   788 27930 E msm8974_platform: platform_get_snd_device_backend_index: BE DAI Name Table is not present
04-27 15:57:35.375   788 27930 V msm8974_platform: platform_get_backend_index:napb: backend port - 5 device - 120 
04-27 15:57:35.375   788 27930 I audio_hw_utils: Set Audio Stream Capture 0 App Type Cfg: app_type 69936, acdb_dev_id 62, sample_rate 48000, snd_device_be_idx -14
04-27 15:57:35.375   788 27930 D audio_hw_primary: enable_audio_route: usecase(9) apply and update mixer path: audio-record
04-27 15:57:35.375   788 27930 D audio_route: Apply path: audio-record
04-27 15:57:35.445 17373 17428 I MicroDetectionWorker: onReady
04-27 15:57:35.491 27635 27635 I glean/Glean: Registering pings for org.mozilla.fenix.GleanMetrics.Pings
04-27 15:57:35.528 27635 27640 I zygote  : Do full code cache collection, code=253KB, data=153KB
04-27 15:57:35.531 27635 27640 I zygote  : After code cache collection, code=163KB, data=89KB
04-27 15:57:35.544 27635 27635 D App     : ActivationPing - already generated
04-27 15:57:35.547 27635 27683 I FenixApplication: Running post-visual completeness tasks...
04-27 15:57:35.547 27635 27683 I FenixApplication: Storage initialization...
04-27 15:57:35.547 27635 27683 I PlacesHistoryStorage: Warming up places storage...
04-27 15:57:35.547 27635 27683 I PlacesHistoryStorage: 'Warming up places storage' took 0 ms
04-27 15:57:35.547 27635 27635 I FenixApplication: Kicking-off account manager...
04-27 15:57:35.547 27635 27683 I PlacesBookmarksStorage: Warming up places storage...
04-27 15:57:35.547 27635 27635 I FenixApplication: 'Kicking-off account manager' took 0 ms
04-27 15:57:35.547 27635 27683 I PlacesBookmarksStorage: 'Warming up places storage' took 0 ms
04-27 15:57:35.583 27635 27683 I SyncableLoginsStorage: Warming up storage...
04-27 15:57:35.590 27635 27663 I libglean_ffi: glean_core::ping: Collecting startup-timeline
04-27 15:57:35.592 27635 27683 D RustNativeSupport: findMegazordLibraryName(logins, 0.57.0
04-27 15:57:35.592 27635 27683 D RustNativeSupport: lib in use: none
04-27 15:57:35.592 27635 27683 D RustNativeSupport: lib configured: megazord
04-27 15:57:35.592 27635 27683 D RustNativeSupport: lib version configured: 0.57.0
04-27 15:57:35.592 27635 27683 D RustNativeSupport: settled on megazord
04-27 15:57:35.594 27635 27683 D logins_ffi: sync15_passwords_state_new
04-27 15:57:35.596 27635 27663 D libglean_ffi: glean_core::ping: Storing ping '941c0502-9d95-4d87-8224-391a288659f7' at '/data/user/0/org.mozilla.fennec_aurora/glean_data/pending_pings/941c0502-9d95-4d87-8224-391a288659f7'
04-27 15:57:35.596 27635 27663 I libglean_ffi: glean_core: The ping 'startup-timeline' was submitted and will be sent as soon as possible
04-27 15:57:35.601 27635 27635 I [INFO][Leanplum]: [com.leanplum.internal.RequestOld::sendIfConnected::4]: Device is offline, will send later
04-27 15:57:35.612 27635 27635 I zygote  : Deoptimizing kotlinx.coroutines.internal.LockFreeLinkedListNode kotlinx.coroutines.internal.LockFreeLinkedListNode.correctPrev(kotlinx.coroutines.internal.OpDescriptor) due to JIT inline cache
04-27 15:57:35.613 27635 27635 D SessionManager: onTrimMemory(80): clearThumbnails=true, closeEngineSessions=true
04-27 15:57:35.625 27635 27635 D SessionManager: Cleared 2 thumbnail(s) and unlinked 2 engine sessions(s)
04-27 15:57:35.756  1456  7796 I OpenGLRenderer: Initialized EGL, version 1.4
04-27 15:57:35.756  1456  7796 D OpenGLRenderer: Swap behavior 2
04-27 15:57:35.791  2748  2917 W OpenGLRenderer: Incorrectly called buildLayer on View: ShortcutAndWidgetContainer, destroying layer...
04-27 15:57:35.892 27635 27635 D GeckoRuntime: Lifecycle: onPause
04-27 15:57:35.892 27635 27635 D GeckoNetworkManager: Incoming event stop for state OnWithListeners -> OffWithListeners
04-27 15:57:35.893 27635 27635 I SessionStorage/AutoSave: Save: Background
04-27 15:57:35.899 27635 27665 D SessionStorage/AutoSave: Saved state to disk [4ms]
04-27 15:57:35.899 27635 27663 I libglean_ffi: glean_core::ping: Collecting baseline
04-27 15:57:35.906 27635 27663 D libglean_ffi: glean_core::ping: Storing ping 'e7f7717f-6d61-45a1-bf1e-26da89862a84' at '/data/user/0/org.mozilla.fennec_aurora/glean_data/pending_pings/e7f7717f-6d61-45a1-bf1e-26da89862a84'
04-27 15:57:35.907 27635 27663 I libglean_ffi: glean_core: The ping 'baseline' was submitted and will be sent as soon as possible
04-27 15:57:35.909 27635 27663 I libglean_ffi: glean_core::ping: Collecting events
04-27 15:57:35.915 27635 27663 D libglean_ffi: glean_core::ping: Storing ping 'a6004b44-3daa-4852-9310-0fb1a0dbf059' at '/data/user/0/org.mozilla.fennec_aurora/glean_data/pending_pings/a6004b44-3daa-4852-9310-0fb1a0dbf059'
04-27 15:57:35.916 27635 27663 I libglean_ffi: glean_core: The ping 'events' was submitted and will be sent as soon as possible
04-27 15:57:36.116  1456  1466 I zygote  : NativeAlloc concurrent copying GC freed 62079(3MB) AllocSpace objects, 27(1100KB) LOS objects, 37% free, 40MB/64MB, paused 215us total 360.292ms
04-27 15:57:36.225 27635 27683 I SyncableLoginsStorage: 'Warming up storage' took 641 ms
04-27 15:57:36.225 27635 27683 I FenixApplication: 'Storage initialization' took 678 ms
04-27 15:57:40.358  1456  2920 I ActivityManager: Force stopping org.mozilla.fennec_aurora appid=11286 user=0: from pid 27945
04-27 15:57:40.358  1456  2920 I ActivityManager: Killing 27635:org.mozilla.fennec_aurora/u0a1286 (adj 700): stop org.mozilla.fennec_aurora
04-27 15:57:40.361  1456  1605 W zygote  : kill(-27635, 9) failed: No such process
04-27 15:57:40.363 27708 27708 I ServiceChildProcess: Service has been unbound. Stopping.
04-27 15:57:40.364  1456  2920 W ActivityManager: Force removing ActivityRecord{e1761ff u0 org.mozilla.fennec_aurora/org.mozilla.fenix.HomeActivity t65766}: app died, no saved state
04-27 15:57:40.364 27854 27854 I ServiceChildProcess: Service has been unbound. Stopping.
04-27 15:57:40.373  1456  2920 I ActivityManager: Killing 27708:org.mozilla.fennec_aurora:tab0/u0a1286 (adj 0): stop org.mozilla.fennec_aurora
04-27 15:57:40.375  1456  1605 W zygote  : kill(-27635, 9) failed: No such process
04-27 15:57:40.376  1456  2920 I ActivityManager: Killing 27854:org.mozilla.fennec_aurora:tab1/u0a1286 (adj 0): stop org.mozilla.fennec_aurora
04-27 15:57:40.389  2398  2398 D CarrierSvcBindHelper: No carrier app for: 0
04-27 15:57:40.389  2398  2398 D CarrierSvcBindHelper: No carrier app for: 1
04-27 15:57:40.390  1456  1605 W zygote  : kill(-27635, 9) failed: No such process
04-27 15:57:40.442  1456  2196 D ConnectivityService: ConnectivityService NetworkRequestInfo binderDied(NetworkRequest [ TRACK_DEFAULT id=39072, [ Capabilities: INTERNET&NOT_RESTRICTED&TRUSTED&NOT_VPN] ], android.os.BinderProxy@60f7d5)
04-27 15:57:40.442  1456  2067 D ConnectivityService: releasing NetworkRequest [ TRACK_DEFAULT id=39072, [ Capabilities: INTERNET&NOT_RESTRICTED&TRUSTED&NOT_VPN] ] (release request)
04-27 15:57:40.442  1456  1673 W ActivityManager: setHasOverlayUi called on unknown pid: 27635
04-27 15:57:40.475  1456  1605 I chatty  : uid=1000(system) ActivityManager identical 6 lines
04-27 15:57:40.487  1456  1605 W zygote  : kill(-27635, 9) failed: No such process
04-27 15:57:40.487  1456  1605 I zygote  : Successfully killed process cgroup uid 11286 pid 27635 in 127ms
04-27 15:57:40.488  1456  4797 I ActivityManager: START u0 {act=android.intent.action.VIEW dat=https://example.com/... typ=text/html flg=0x10000000 cmp=org.mozilla.fennec_aurora/org.mozilla.fenix.IntentReceiverActivity} from uid 2000
04-27 15:57:40.488  1456  1605 W zygote  : kill(-27708, 9) failed: No such process
04-27 15:57:40.488  1456  1605 I zygote  : Successfully killed process cgroup uid 11286 pid 27708 in 0ms
04-27 15:57:40.489  1456  1605 W zygote  : kill(-27854, 9) failed: No such process
04-27 15:57:40.489  1456  1605 I zygote  : Successfully killed process cgroup uid 11286 pid 27854 in 0ms
04-27 15:57:40.489   794   839 E ANDR-PERF-RESOURCEQS: Failed to apply optimization [4, 0]
04-27 15:57:40.510  1456  2196 I ActivityManager: Start proc 27953:org.mozilla.fennec_aurora/u0a1286 for activity org.mozilla.fennec_aurora/org.mozilla.fenix.IntentReceiverActivity
04-27 15:57:40.596 17373 17428 I MicroDetectionState: Should stop hotword detection immediately - false
04-27 15:57:40.596 17373 17428 I MicroDetector: Keeping mic open: false
04-27 15:57:40.596 17373 17402 E DeviceStateChecker: DeviceStateChecker cancelled
04-27 15:57:40.596 17373 17428 I RecognitionAudioControl: #shutdownAudio [requestId: 2967546093289101759, keepAudioOpen: false, forced: true]
04-27 15:57:40.596 17373 17428 I RecognitionAudioControl: #internalShutdownAudio [requestId: 2967546093289101759]
04-27 15:57:40.596 17373 17428 I RecognitionAudioControl: #internalShutdownAudio [keepAudioOpen: false, forced: true]
04-27 15:57:40.596 17373 17428 I RecognitionAudioControl: #actualShutdownAudio
04-27 15:57:40.596 17373 17428 I AudioController: #shutdown [requestId=2967546093289101759]
04-27 15:57:40.596 17373 17429 I AudioController: internalShutdown
04-27 15:57:40.596 17373 17424 I MicroRecognitionRunner: Stopping hotword detection.
04-27 15:57:40.645   788   788 D audio_hw_primary: disable_audio_route: usecase(9) reset and update mixer path: audio-record
04-27 15:57:40.646   788   788 D audio_hw_primary: disable_snd_device: snd_device(120: voice-rec-mic)
04-27 15:57:40.648  1012 13178 D APM_AudioPolicyManager: stopInput() input 321438, session 321553
04-27 15:57:40.649   788  1401 D audio_hw_primary: in_set_parameters: enter: kvpairs=routing=0
04-27 15:57:40.651 17373 17429 I MicrophoneInputStream: mic_close  SR : 16000 CC : 16 SO : 1999
04-27 15:57:40.651 17373 17429 E AudioSource: Stop listening is called on already closed AudioSource
04-27 15:57:40.653 27953 27953 D FirebaseApp: com.google.firebase.auth.FirebaseAuth is not linked. Skipping initialization.
04-27 15:57:40.653 27953 27953 D FirebaseApp: com.google.firebase.crash.FirebaseCrash is not linked. Skipping initialization.
04-27 15:57:40.654 27953 27953 I FirebaseInitProvider: FirebaseApp initialization successful
04-27 15:57:40.654 17373 17475 I MicroRecognitionRunner: Detection finished
04-27 15:57:40.719 27953 27953 D FennecProfile: profiles.ini: true
04-27 15:57:40.722 27953 27953 D FennecProfile: Ignoring line in [general] section: StartWithLastProfile=1
04-27 15:57:40.722 27953 27953 D FennecProfile: Found 1 profiles
04-27 15:57:40.722 27953 27972 I FA      : Collection disabled with firebase_analytics_collection_enabled=0
04-27 15:57:40.722 27953 27953 D FennecProfile: Found default profile: FennecProfile(name=default, path=/data/user/0/org.mozilla.fennec_aurora/files/mozilla/lcrt98mq.default, default=true)
04-27 15:57:40.723 27953 27972 I FA      : App measurement is starting up, version: 12780
04-27 15:57:40.723 27953 27972 I FA      : To enable debug logging run: adb shell setprop log.tag.FA VERBOSE
04-27 15:57:40.723 27953 27972 I FA      : To enable faster debug mode event logging run:
04-27 15:57:40.723 27953 27972 I FA      :   adb shell setprop debug.firebase.analytics.app org.mozilla.fennec_aurora
04-27 15:57:40.728 27953 27953 D FennecMigrator: No migrations to run. Fennec install - false.
04-27 15:57:40.737 27953 27953 D FenixApplication: Initializing Glean (uploadEnabled=true, isFennec=true)
04-27 15:57:40.745 27953 27980 D RustNativeSupport: findMegazordLibraryName(viaduct, 0.57.0
04-27 15:57:40.745 27953 27980 D RustNativeSupport: lib in use: none
04-27 15:57:40.745 27953 27980 D RustNativeSupport: lib configured: megazord
04-27 15:57:40.745 27953 27980 D RustNativeSupport: lib version configured: 0.57.0
04-27 15:57:40.746 27953 27980 D RustNativeSupport: settled on megazord
04-27 15:57:40.760 27953 27979 D libglean_ffi: glean_ffi: Android logging should be hooked up!
04-27 15:57:40.764 27953 27979 I glean/Glean: Registering pings for mozilla.telemetry.glean.GleanMetrics.Pings
04-27 15:57:40.767 27953 27979 I libglean_ffi: glean_core: Creating new Glean
04-27 15:57:40.767 27953 27979 D libglean_ffi: glean_core::database: Database path: "/data/user/0/org.mozilla.fennec_aurora/glean_data/db"
04-27 15:57:40.768 27953 27979 I libglean_ffi: glean_core::database: Database initialized
04-27 15:57:40.768 27953 27953 D GeckoThread: State changed to LAUNCHED
04-27 15:57:40.769 27953 27983 I GeckoThread: preparing to run Gecko
04-27 15:57:40.770 27953 27980 D RustNativeSupport: findMegazordLibraryName(rustlog, 0.57.0
04-27 15:57:40.770 27953 27980 D RustNativeSupport: lib in use: none
04-27 15:57:40.770 27953 27980 D RustNativeSupport: lib configured: megazord
04-27 15:57:40.770 27953 27980 D RustNativeSupport: lib version configured: 0.57.0
04-27 15:57:40.770 27953 27980 D RustNativeSupport: settled on megazord
04-27 15:57:40.771 27953 27979 I libglean_ffi: glean_ffi: Glean initialized
04-27 15:57:40.776 27953 27953 D GeckoRuntime: Lifecycle: onCreate
04-27 15:57:40.777 27953 27983 D GeckoThread: State changed to MOZGLUE_READY
04-27 15:57:40.779 27953 27980 I rc_log_ffi::ios: rc_log adapter initialized!
04-27 15:57:40.796 27953 27953 I zygote  : Deoptimizing java.lang.Object androidx.collection.SimpleArrayMap.put(java.lang.Object, java.lang.Object) due to JIT inline cache
04-27 15:57:40.797 27953 27979 D glean/MetricsPingSched: The 'metrics' ping was last sent on Mon Apr 27 00:00:00 EDT 2020
04-27 15:57:40.797 27953 27983 W Settings: Setting animator_duration_scale has moved from android.provider.Settings.System to android.provider.Settings.Global, returning read-only global URI.
04-27 15:57:40.798 27953 27979 I glean/MetricsPingSched: The 'metrics' ping was already sent today, Mon Apr 27 15:57:40 EDT 2020.
04-27 15:57:40.798 27953 27979 D glean/MetricsPingSched: Scheduling the 'metrics' ping in 43339221ms
04-27 15:57:40.801 27953 27979 D libglean_ffi: glean_core: Clearing Lifetime::Application metrics
04-27 15:57:40.802 27953 27983 E GeckoLibLoad: Load sqlite start
04-27 15:57:40.805 27953 27983 E GeckoLibLoad: Load sqlite done
04-27 15:57:40.805 27953 27983 E GeckoLibLoad: Load nss start
04-27 15:57:40.805 27953 27983 E GeckoLibLoad: Load nss done
04-27 15:57:40.809 27953 27953 D GleanMetricsService: Enabling Glean.
04-27 15:57:40.825 27953 27983 E GeckoLibLoad: Loaded libs in 19.795419ms total, 10ms(36ms) user, 10ms(10ms) system, 0(0) faults
04-27 15:57:40.825 27953 27983 D GeckoThread: State changed to LIBS_READY
04-27 15:57:40.825 27953 27953 I glean/Dispatchers: Task queued for execution and delayed until flushed
04-27 15:57:40.828 27953 27983 W GeckoThread: zerdatime 20545554595 - runGecko
04-27 15:57:40.829 27953 27953 I AdjustMetricsService: No adjust token defined
04-27 15:57:40.830 27953 27983 D GeckoProfile: Loading profile at: null name: default
04-27 15:57:40.831 27953 27953 D PushConfig: Creating push configuration for autopush.
04-27 15:57:40.831 27953 27983 D GeckoProfile: Found profile dir: /data/user/0/org.mozilla.fennec_aurora/files/mozilla/lcrt98mq.default
04-27 15:57:40.836 27953 27953 I App     : AutoPushFeature is configured, initializing it...
04-27 15:57:40.837 27953 27953 I AutoPushFeature: Checking validity of push subscriptions.
04-27 15:57:40.843 27953 27953 D FennecProfile: profiles.ini: true
04-27 15:57:40.846 27953 27953 D FennecProfile: Ignoring line in [general] section: StartWithLastProfile=1
04-27 15:57:40.846 27953 27953 D FennecProfile: Found 1 profiles
04-27 15:57:40.847 27953 27953 D FennecProfile: Found default profile: FennecProfile(name=default, path=/data/user/0/org.mozilla.fennec_aurora/files/mozilla/lcrt98mq.default, default=true)
04-27 15:57:40.854 27953 27982 W [WARNING][Leanplum]: [com.leanplum.internal.ActionManager::getLocationManager::8]: Geofencing support requires leanplum-location module and Google Play Services v8.1 and higher.
04-27 15:57:40.854 27953 27982 W [WARNING][Leanplum]: Add this to your build.gradle file:
04-27 15:57:40.854 27953 27982 W [WARNING][Leanplum]: implementation 'com.google.android.gms:play-services-location:8.3.0+'
04-27 15:57:40.854 27953 27982 W [WARNING][Leanplum]: implementation 'com.leanplum:leanplum-location:+'
04-27 15:57:40.857 27953 27982 I [INFO][Leanplum]: [com.leanplum.monitoring.ExceptionHandler::setContext::6]: LeanplumExceptionHandler could not initialize Exception Reporting.This is expected if you have not included the leanplum-monitoring module
04-27 15:57:40.858 27953 27953 D FennecMigrator: This is not a Fennec installation. No migration needed.
04-27 15:57:40.859 27953 27979 I libglean_ffi: glean_core: Upload enabled: true
04-27 15:57:40.860 27953 27953 D SessionManager: onTrimMemory(15): clearThumbnails=true, closeEngineSessions=true
04-27 15:57:40.860 27953 27953 D SessionManager: Cleared 0 thumbnail(s) and unlinked 0 engine sessions(s)
04-27 15:57:40.871 27953 27997 I [INFO][Leanplum]: [com.leanplum.LeanplumFcmProvider::isManifestSetup::11]: Firebase Messaging is setup correctly.
04-27 15:57:40.883 27953 27953 D GeckoRuntime: Lifecycle: onStart
04-27 15:57:40.890 27953 27953 I [INFO][Leanplum]: [com.leanplum.internal.RequestOld::sendIfConnected::4]: Device is offline, will send later
04-27 15:57:40.895 27953 27983 I Gecko:DumpUtils: Fifo watcher disabled via pref.
04-27 15:57:40.900 27953 27953 D GeckoRuntime: Lifecycle: onResume
04-27 15:57:40.901 27953 27953 D GeckoNetworkManager: Incoming event start for state OffNoListeners -> OnNoListeners
04-27 15:57:40.902 27953 27953 D GeckoNetworkManager: New network state: DOWN, NONE, UNKNOWN
04-27 15:57:40.922 27953 28014 D OpenGLRenderer: HWUI GL Pipeline
04-27 15:57:40.922 27953 27958 I zygote  : Do partial code cache collection, code=24KB, data=27KB
04-27 15:57:40.923 27953 27983 D GeckoSysInfo: System memory: 1867MB.
04-27 15:57:40.924 27953 27958 I zygote  : After code cache collection, code=22KB, data=27KB
04-27 15:57:40.924 27953 27958 I zygote  : Increasing code cache capacity to 128KB
04-27 15:57:40.928 27953 27983 D GeckoThread: State changed to JNI_READY
04-27 15:57:40.952  1456  2162 I ActivityManager: Start proc 28025:org.mozilla.fennec_aurora:tab0/u0a1286 for service org.mozilla.fennec_aurora/org.mozilla.gecko.process.GeckoChildProcessServices$tab0
04-27 15:57:40.955 27953 28015 D ServiceAllocator: org.mozilla.gecko.process.GeckoChildProcessServices$tab0 updateBindings: BACKGROUND priority, 0 importance, 2 successful binds, 0 failed binds, 0 successful unbinds, 0 failed unbinds
04-27 15:57:41.003  1456  2162 I ActivityManager: START u0 {act=android.intent.action.VIEW dat=https://example.com/... typ=text/html cmp=org.mozilla.fennec_aurora/org.mozilla.fenix.HomeActivity (has extras)} from uid 11286
04-27 15:57:41.020 27953 27953 D GeckoNetworkManager: Incoming event receivedUpdate for state OnNoListeners -> OnNoListeners
04-27 15:57:41.021 27953 27953 D GeckoNetworkManager: New network state: DOWN, NONE, UNKNOWN
04-27 15:57:41.035 27953 28014 I Adreno  : QUALCOMM build                   : bb5b86c, I77d3059488
04-27 15:57:41.035 27953 28014 I Adreno  : Build Date                       : 06/07/18
04-27 15:57:41.035 27953 28014 I Adreno  : OpenGL ES Shader Compiler Version: EV031.22.00.01_06
04-27 15:57:41.035 27953 28014 I Adreno  : Local Branch                     : 
04-27 15:57:41.035 27953 28014 I Adreno  : Remote Branch                    : refs/tags/AU_LINUX_ANDROID_LA.UM.6.5.R1.08.01.00.312.086
04-27 15:57:41.035 27953 28014 I Adreno  : Remote Branch                    : NONE
04-27 15:57:41.035 27953 28014 I Adreno  : Reconstruct Branch               : NOTHING
04-27 15:57:41.036 27953 28014 D vndksupport: Loading /vendor/lib/hw/gralloc.msm8937.so from current namespace instead of sphal namespace.
04-27 15:57:41.048 27953 28014 I Adreno  : PFP: 0x005ff087, ME: 0x005ff063
04-27 15:57:41.064 27953 28014 I zygote  : android::hardware::configstore::V1_0::ISurfaceFlingerConfigs::hasWideColorDisplay retrieved: 0
04-27 15:57:41.068 27953 28014 I OpenGLRenderer: Initialized EGL, version 1.4
04-27 15:57:41.068 27953 28014 D OpenGLRenderer: Swap behavior 2
04-27 15:57:41.105 28025 28025 D GeckoThread: State changed to LAUNCHED
04-27 15:57:41.106 28025 28048 I GeckoThread: preparing to run Gecko
04-27 15:57:41.122  1456  5027 I WindowManager: Keep hide if surface has never drawn Window{da141f9 u0 org.mozilla.fennec_aurora/org.mozilla.fenix.IntentReceiverActivity}
04-27 15:57:41.124  1456  5027 I WindowManager: Failed to capture screenshot of Token{cc63c51 ActivityRecord{494cd78 u0 org.mozilla.fennec_aurora/org.mozilla.fenix.IntentReceiverActivity t65767 f}} appWin=Window{da141f9 u0 org.mozilla.fennec_aurora/org.mozilla.fenix.IntentReceiverActivity} drawState=1
04-27 15:57:41.136 27953 27953 D MigrationPushRenewer: Migration state: NONE
04-27 15:57:41.137 27953 27953 D MigrationTelemetryListener: Migration state: NONE
04-27 15:57:41.144  1456  1673 I LaunchCheckinHandler: Displayed org.mozilla.fennec_aurora/org.mozilla.fenix.IntentReceiverActivity,cp,ca,647
04-27 15:57:41.184 27953 27953 D PhoneWindow: Restoring navigation bar divider color to default value = 0x00000000
04-27 15:57:41.243 27953 27953 I NavController: Ignoring popBackStack to destination org.mozilla.fennec_aurora:id/browserFragment as it was not found on the current back stack
04-27 15:57:41.285 27953 27958 I zygote  : Do partial code cache collection, code=59KB, data=52KB
04-27 15:57:41.286 27953 27958 I zygote  : After code cache collection, code=52KB, data=48KB
04-27 15:57:41.286 27953 27958 I zygote  : Increasing code cache capacity to 256KB
04-27 15:57:41.425 27953 27953 I FirefoxAccountStateMachine: Enabling/updating sync with a new SyncConfig: SyncConfig(supportedEngines=[mozilla.components.service.fxa.SyncEngine$History@369895d, mozilla.components.service.fxa.SyncEngine$Bookmarks@6b802d2, mozilla.components.service.fxa.SyncEngine$Passwords@da15fa3], syncPeriodInMinutes=240)
04-27 15:57:41.429 27953 27953 I BgSyncManager: Periodic syncing enabled at a 240 interval
04-27 15:57:41.429 27953 27953 I FirefoxAccountStateMachine: Sync is enabled
04-27 15:57:41.436 27953 28056 I FirefoxAccountStateMachine: Processing event Event$Init for state Start. Next state is Start
04-27 15:57:41.453 27953 27980 D RustNativeSupport: findMegazordLibraryName(places, 0.57.0
04-27 15:57:41.453 27953 27980 D RustNativeSupport: lib in use: none
04-27 15:57:41.454 27953 27980 D RustNativeSupport: lib configured: megazord
04-27 15:57:41.454 27953 27980 D RustNativeSupport: lib version configured: 0.57.0
04-27 15:57:41.454 27953 27980 D RustNativeSupport: settled on megazord
04-27 15:57:41.463 27953 27980 D places_ffi: places_api_new
04-27 15:57:41.471 27953 28056 I FirefoxAccountStateMachine: Ran 'Event$Init' side-effects for state Start, got successive event Event$AccountNotFound
04-27 15:57:41.472 27953 28056 I FirefoxAccountStateMachine: Processing event Event$AccountNotFound for state Start. Next state is NotAuthenticated
04-27 15:57:41.475 27953 28056 D RustNativeSupport: findMegazordLibraryName(fxaclient, 0.57.0
04-27 15:57:41.475 27953 28056 D RustNativeSupport: lib in use: none
04-27 15:57:41.476 27953 28056 D RustNativeSupport: lib configured: megazord
04-27 15:57:41.476 27953 28056 D RustNativeSupport: lib version configured: 0.57.0
04-27 15:57:41.476 27953 28056 D RustNativeSupport: settled on megazord
04-27 15:57:41.481 27953 28056 D fxaclient_ffi: fxa_new
04-27 15:57:41.521   808   808 I SFPerfTracer:      triggers: (rate: 86:2034831) (compose: 0:7) (post: 0:19) (render: 0:17) (16:10795058 frames) (17:13675243)
04-27 15:57:41.522   808   808 D SFPerfTracer:        layers: (3:15) (NavigationBar#0 (0xb07df000): 9:1039294) (StatusBar#0 (0xb07e3000): 9:2428019) (com.android.systemui.ImageWallpaper#0 (0xb07e7000): 0:96936)* (Sprite#0 (0xb0733000): 0:317)* (DimLayerController/Stack=0#0 (0xb075a000): 0:3866)* (Sprite#1 (0xb077c000): 0:195)* (com.android.launcher3/com.android.launcher3.CustomizationPanelLauncher#0 (0xb0763000): 0:40)- (com.android.launcher3/com.android.launcher3.CustomizationPanelLauncher#1 (0xb0771000): 0:9)- (Splash Screen org.mozilla.fennec_aurora#0 (0xb039b000): 0:32)- (org.mozilla.fennec_aurora/org.mozilla.fenix.IntentReceiverActivity#0 (0xb013a000): 0:3)- (org.mozilla.fennec_aurora/org.mozilla.fenix.HomeActivity#0 (0xafd14000): 0:59)- (com.android.launcher3/com.android.launcher3.CustomizationPanelLauncher#0 (0xb0763000): 0:41)* (com.android.launcher3/com.android.launcher3.CustomizationPanelLauncher#1 (0xb0771000): 0:10)* (org.mozilla.fennec_aurora/org.mozilla.fenix.IntentReceiverActivity#0 (0xb039b000): 0:2)* 
04-27 15:57:41.524 27953 27983 D GeckoThread: State changed to PROFILE_READY
04-27 15:57:41.536 27953 27980 D sql_support::conn_ext: Transaction commited after 50.14162ms
04-27 15:57:41.538 27953 27980 D places_ffi: places_connection_new
04-27 15:57:41.542 27953 27980 D places_ffi: places_connection_new
04-27 15:57:41.557 27953 27980 D places_ffi: bookmarks_get_all_with_url
04-27 15:57:41.583 27953 27953 I [INFO][Leanplum]: [com.leanplum.internal.RequestOld::sendIfConnected::4]: Device is offline, will send later
04-27 15:57:41.625 27953 28056 W FirefoxAccountStateMachine: Got invalid event Event$Init for state NotAuthenticated.
04-27 15:57:41.635 27953 28062 W LOTTIE  : Animation contains merge paths. Merge paths are only supported on KitKat+ and must be manually enabled by calling enableMergePathsForKitKatAndAbove().
04-27 15:57:41.649 27953 27983 D GeckoThread: State changed to RUNNING
04-27 15:57:41.669 27953 27983 I Gecko   : -*- nsDNSServiceDiscovery.js : nsDNSServiceDiscovery
04-27 15:57:41.710  1456 10366 I ActivityManager: Displayed org.mozilla.fennec_aurora/org.mozilla.fenix.HomeActivity: +597ms (total +1s214ms)
04-27 15:57:41.710  1456 10366 I ActivityManager: Fully drawn org.mozilla.fennec_aurora/org.mozilla.fenix.HomeActivity: +597ms (total +1s214ms)
04-27 15:57:41.711 27953 27958 I zygote  : Do full code cache collection, code=126KB, data=101KB
04-27 15:57:41.713 27953 27958 I zygote  : After code cache collection, code=97KB, data=59KB
04-27 15:57:41.727 27953 27953 E [ERROR][Leanplum]: [com.leanplum.LeanplumFcmProvider$1::onComplete::2]: getInstanceId failed
04-27 15:57:41.765 27953 28014 D vndksupport: Loading /vendor/lib/hw/android.hardware.graphics.mapper@2.0-impl.so from current namespace instead of sphal namespace.
04-27 15:57:41.767 27953 28014 D vndksupport: Loading /vendor/lib/hw/gralloc.msm8937.so from current namespace instead of sphal namespace.
04-27 15:57:41.813 27953 27953 W LOTTIE  : Animation contains merge paths but they are disabled.
04-27 15:57:41.826 27953 27953 D GeckoNetworkManager: Incoming event enableNotifications for state OnNoListeners -> OnWithListeners
04-27 15:57:41.827 27953 27953 D GeckoNetworkManager: New network state: DOWN, NONE, UNKNOWN
04-27 15:57:41.847 27953 27983 W ResourceType: Too many attribute references, stopped at: 0x01010099
04-27 15:57:41.854 27953 27953 D GeckoNetworkManager: Incoming event receivedUpdate for state OnWithListeners -> OnWithListeners
04-27 15:57:41.856 27953 27953 D GeckoNetworkManager: New network state: DOWN, NONE, UNKNOWN
04-27 15:57:41.863 17373 17373 I MemoryTrimmer: Trimming objects from memory, since app is in the background.
04-27 15:57:41.870 17373 17373 I MemoryTrimmer: Trimming objects from memory, since app is in the background.
04-27 15:57:41.873 17373 31616 I PBSessionCacheImpl: Deleted sessionId[76408848338814826] from persistence.
04-27 15:57:41.876  1456  4802 I WifiService: getWifiEnabledState uid=10073
04-27 15:57:41.878 17373 17428 I DEBUG   : OpaToSrpTransitionState#onStateChanged#notNullQuery
04-27 15:57:41.879 17373 17428 I DEBUG   : OpaToSrpTransitionState#onStateChanged#notNullQuery
04-27 15:57:41.880 17373 17428 W SearchServiceCore: Abort, client detached.
04-27 15:57:41.903 27953 27983 W GeckoEventDispatcher: No listener for GeckoView:AccessibilityEnabled
04-27 15:57:42.077 27953 27983 W ResourceType: Too many attribute references, stopped at: 0x01010099
04-27 15:57:42.104 27953 27981 D App     : Could not fetch region from location service
04-27 15:57:42.104 27953 27981 D App     : java.io.IOException: org.mozilla.geckoview.WebRequestError: Request failed, error=0x25, category=0x5
04-27 15:57:42.104 27953 27981 D App     : 	at mozilla.components.browser.engine.gecko.fetch.GeckoViewFetchClient.fetch(GeckoViewFetchClient.kt:41)
04-27 15:57:42.104 27953 27981 D App     : 	at mozilla.components.service.location.MozillaLocationService$fetchRegion$2.invokeSuspend(MozillaLocationService.kt:27)
04-27 15:57:42.104 27953 27981 D App     : 	at mozilla.components.service.location.MozillaLocationService$fetchRegion$2.invoke(Unknown Source:10)
04-27 15:57:42.104 27953 27981 D App     : 	at kotlin.jvm.internal.Intrinsics.startUndispatchedOrReturn(Intrinsics.java:2)
04-27 15:57:42.104 27953 27981 D App     : 	at kotlin.jvm.internal.Intrinsics.withContext(Intrinsics.java:9)
04-27 15:57:42.104 27953 27981 D App     : 	at mozilla.components.service.location.MozillaLocationService.fetchRegion(MozillaLocationService.kt:2)
04-27 15:57:42.104 27953 27981 D App     : 	at mozilla.components.service.location.search.RegionSearchLocalizationProvider.determineRegion(RegionSearchLocalizationProvider.kt:5)
04-27 15:57:42.104 27953 27981 D App     : 	at mozilla.components.browser.search.provider.AssetsSearchEngineProvider.loadSearchEngines(AssetsSearchEngineProvider.kt:5)
04-27 15:57:42.104 27953 27981 D App     : 	at org.mozilla.fenix.components.searchengine.FenixSearchEngineProvider$baseSearchEngines$1.invokeSuspend(FenixSearchEngineProvider.kt:9)
04-27 15:57:42.104 27953 27981 D App     : 	at kotlin.coroutines.jvm.internal.BaseContinuationImpl.resumeWith(ContinuationImpl.kt:2)
04-27 15:57:42.104 27953 27981 D App     : 	at kotlinx.coroutines.DispatchedTask.run(DispatchedTask.kt:19)
04-27 15:57:42.104 27953 27981 D App     : 	at kotlinx.coroutines.scheduling.CoroutineScheduler.runSafely(CoroutineScheduler.kt:1)
04-27 15:57:42.104 27953 27981 D App     : 	at kotlinx.coroutines.scheduling.CoroutineScheduler$Worker.run(CoroutineScheduler.kt:14)
04-27 15:57:42.104 27953 27981 D App     : Caused by: org.mozilla.geckoview.WebRequestError: Request failed, error=0x25, category=0x5
04-27 15:57:42.104 27953 27981 D App     : 	at org.mozilla.gecko.mozglue.GeckoLoader.nativeRun(Native Method)
04-27 15:57:42.104 27953 27981 D App     : 	at org.mozilla.gecko.GeckoThread.run(GeckoThread.java:91)
04-27 15:57:42.105 27953 27994 D App     : Could not fetch region from location service
04-27 15:57:42.105 27953 27994 D App     : java.io.IOException: org.mozilla.geckoview.WebRequestError: Request failed, error=0x25, category=0x5
04-27 15:57:42.105 27953 27994 D App     : 	at mozilla.components.browser.engine.gecko.fetch.GeckoViewFetchClient.fetch(GeckoViewFetchClient.kt:41)
04-27 15:57:42.105 27953 27994 D App     : 	at mozilla.components.service.location.MozillaLocationService$fetchRegion$2.invokeSuspend(MozillaLocationService.kt:27)
04-27 15:57:42.105 27953 27994 D App     : 	at kotlin.coroutines.jvm.internal.BaseContinuationImpl.resumeWith(ContinuationImpl.kt:2)
04-27 15:57:42.105 27953 27994 D App     : 	at kotlinx.coroutines.DispatchedTask.run(DispatchedTask.kt:19)
04-27 15:57:42.105 27953 27994 D App     : 	at kotlinx.coroutines.scheduling.CoroutineScheduler.runSafely(CoroutineScheduler.kt:1)
04-27 15:57:42.105 27953 27994 D App     : 	at kotlinx.coroutines.scheduling.CoroutineScheduler$Worker.run(CoroutineScheduler.kt:14)
04-27 15:57:42.105 27953 27994 D App     : Caused by: org.mozilla.geckoview.WebRequestError: Request failed, error=0x25, category=0x5
04-27 15:57:42.105 27953 27994 D App     : 	at org.mozilla.gecko.mozglue.GeckoLoader.nativeRun(Native Method)
04-27 15:57:42.105 27953 27994 D App     : 	at org.mozilla.gecko.GeckoThread.run(GeckoThread.java:91)
04-27 15:57:42.202   808   898 I SFPerfTracer:      triggers: (rate: 0:1) (0 sw vsyncs) (0 skipped) (25:6731738 vsyncs) (27:13787131)
04-27 15:57:42.210 28025 28048 D GeckoThread: State changed to MOZGLUE_READY
04-27 15:57:42.219 28025 28048 W Settings: Setting animator_duration_scale has moved from android.provider.Settings.System to android.provider.Settings.Global, returning read-only global URI.
04-27 15:57:42.220 27953 28015 D ServiceAllocator: org.mozilla.gecko.process.GeckoChildProcessServices$tab0 updateBindings: FOREGROUND priority, 2 importance, 1 successful binds, 0 failed binds, 0 successful unbinds, 0 failed unbinds
04-27 15:57:42.222 28025 28048 E GeckoLibLoad: Load sqlite start
04-27 15:57:42.224 28025 28048 E GeckoLibLoad: Load sqlite done
04-27 15:57:42.224 28025 28048 E GeckoLibLoad: Load nss start
04-27 15:57:42.224 28025 28048 E GeckoLibLoad: Load nss done
04-27 15:57:42.238 27953 27983 I GeckoSession: zerdatime 20545556005 - chrome startup finished
04-27 15:57:42.242 28025 28048 E GeckoLibLoad: Loaded libs in 17.171043ms total, 10ms(10ms) user, 6ms(6ms) system, 0(0) faults
04-27 15:57:42.242 28025 28048 D GeckoThread: State changed to LIBS_READY
04-27 15:57:42.242 28025 28048 W GeckoThread: zerdatime 20545556009 - runGecko
04-27 15:57:42.286 27953 27995 D App     : Could not fetch region from location service
04-27 15:57:42.286 27953 27995 D App     : java.io.IOException: org.mozilla.geckoview.WebRequestError: Request failed, error=0x25, category=0x5
04-27 15:57:42.286 27953 27995 D App     : 	at mozilla.components.browser.engine.gecko.fetch.GeckoViewFetchClient.fetch(GeckoViewFetchClient.kt:41)
04-27 15:57:42.286 27953 27995 D App     : 	at mozilla.components.service.location.MozillaLocationService$fetchRegion$2.invokeSuspend(MozillaLocationService.kt:27)
04-27 15:57:42.286 27953 27995 D App     : 	at mozilla.components.service.location.MozillaLocationService$fetchRegion$2.invoke(Unknown Source:10)
04-27 15:57:42.286 27953 27995 D App     : 	at kotlin.jvm.internal.Intrinsics.startUndispatchedOrReturn(Intrinsics.java:2)
04-27 15:57:42.286 27953 27995 D App     : 	at kotlin.jvm.internal.Intrinsics.withContext(Intrinsics.java:9)
04-27 15:57:42.286 27953 27995 D App     : 	at mozilla.components.service.location.MozillaLocationService.fetchRegion(MozillaLocationService.kt:2)
04-27 15:57:42.286 27953 27995 D App     : 	at mozilla.components.service.location.search.RegionSearchLocalizationProvider.determineRegion(RegionSearchLocalizationProvider.kt:5)
04-27 15:57:42.286 27953 27995 D App     : 	at mozilla.components.browser.search.provider.AssetsSearchEngineProvider.loadSearchEngines(AssetsSearchEngineProvider.kt:5)
04-27 15:57:42.286 27953 27995 D App     : 	at org.mozilla.fenix.components.searchengine.FenixSearchEngineProvider$bundledSearchEngines$1.invokeSuspend(FenixSearchEngineProvider.kt:21)
04-27 15:57:42.286 27953 27995 D App     : 	at kotlin.coroutines.jvm.internal.BaseContinuationImpl.resumeWith(ContinuationImpl.kt:2)
04-27 15:57:42.286 27953 27995 D App     : 	at kotlinx.coroutines.DispatchedTask.run(DispatchedTask.kt:19)
04-27 15:57:42.286 27953 27995 D App     : 	at kotlinx.coroutines.scheduling.CoroutineScheduler.runSafely(CoroutineScheduler.kt:1)
04-27 15:57:42.286 27953 27995 D App     : 	at kotlinx.coroutines.scheduling.CoroutineScheduler$Worker.run(CoroutineScheduler.kt:14)
04-27 15:57:42.286 27953 27995 D App     : Caused by: org.mozilla.geckoview.WebRequestError: Request failed, error=0x25, category=0x5
04-27 15:57:42.286 27953 27995 D App     : 	at org.mozilla.gecko.mozglue.GeckoLoader.nativeRun(Native Method)
04-27 15:57:42.286 27953 27995 D App     : 	at org.mozilla.gecko.GeckoThread.run(GeckoThread.java:91)
04-27 15:57:42.392 28025 28048 D GeckoThread: State changed to RUNNING
04-27 15:57:42.428 28025 28048 W ResourceType: Too many attribute references, stopped at: 0x01010099
04-27 15:57:42.532 28025 28025 D GeckoNetworkManager: Incoming event enableNotifications for state OffNoListeners -> OffWithListeners
04-27 15:57:42.534 28025 28025 D GeckoNetworkManager: New network state: DOWN, NONE, UNKNOWN
04-27 15:57:42.732 27953 27953 D App     : Installed browser-icons extension
04-27 15:57:42.733 27953 27953 D mozac-webextensions: Installed extension: mozacWebchannel
04-27 15:57:42.736 27953 27953 D mozac-webextensions: Installed extension: mozacReaderview
04-27 15:57:42.754 27953 27953 D GeckoSession: handleMessage GeckoView:PageStart uri=about:blank
04-27 15:57:42.784 27953 27953 D GeckoSession: handleMessage GeckoView:LocationChange uri=about:blank
04-27 15:57:42.786 27953 27953 D GeckoSession: handleMessage GeckoView:PageStop uri=null
04-27 15:57:42.794 27953 27953 I SessionStorage/AutoSave: Save: Load finished
04-27 15:57:42.797 27953 27996 D SessionStorage/AutoSave: Delaying save (314ms)
04-27 15:57:42.801 27953 27983 D GeckoScreenOrientation: unlocking
04-27 15:57:42.809 27953 27953 D GeckoSession: handleMessage GeckoView:ProgressChanged uri=null
04-27 15:57:42.816 27953 27953 D GeckoSession: handleMessage GeckoView:PageStart uri=https://example.com/
04-27 15:57:42.835 27953 27958 I zygote  : Do partial code cache collection, code=125KB, data=86KB
04-27 15:57:42.838 27953 27958 I zygote  : After code cache collection, code=125KB, data=86KB
04-27 15:57:42.838 27953 27958 I zygote  : Increasing code cache capacity to 512KB
04-27 15:57:42.841 27953 27953 I zygote  : Deoptimizing java.lang.Object mozilla.components.support.ktx.kotlinx.coroutines.flow.FlowKt$filterChanged$1.invokeSuspend(java.lang.Object) due to JIT inline cache
04-27 15:57:42.843 27953 27953 I zygote  : Deoptimizing void kotlin.sequences.FilteringSequence$iterator$1.calcNext() due to JIT inline cache
04-27 15:57:42.845 27953 27953 D GeckoSession: handleMessage GeckoView:ProgressChanged uri=null
04-27 15:57:42.852 27953 27953 D GeckoSession: handleMessage GeckoView:PageStop uri=null
04-27 15:57:42.853 27953 27953 I SessionStorage/AutoSave: Save: Load finished
04-27 15:57:42.854 27953 27953 D SessionStorage/AutoSave: Skipping save, other job already in flight
04-27 15:57:42.869 27953 27953 D GeckoSession: handleMessage GeckoView:SecurityChanged uri=null
04-27 15:57:42.870 27953 27953 D GeckoSession: handleMessage GeckoView:ProgressChanged uri=null
04-27 15:57:42.876 27953 27953 D GeckoSession: handleMessage GeckoView:PageStart uri=https://example.com/
04-27 15:57:42.974  1456 10366 I ActivityManager: Start proc 28171:org.mozilla.fennec_aurora:tab1/u0a1286 for service org.mozilla.fennec_aurora/org.mozilla.gecko.process.GeckoChildProcessServices$tab1
04-27 15:57:42.976 27953 28015 D ServiceAllocator: org.mozilla.gecko.process.GeckoChildProcessServices$tab1 updateBindings: BACKGROUND priority, 0 importance, 2 successful binds, 0 failed binds, 0 successful unbinds, 0 failed unbinds
04-27 15:57:43.103 28171 28171 D GeckoThread: State changed to LAUNCHED
04-27 15:57:43.103 28171 28187 I GeckoThread: preparing to run Gecko
04-27 15:57:43.112 27953 28015 D ServiceAllocator: org.mozilla.gecko.process.GeckoChildProcessServices$tab1 updateBindings: FOREGROUND priority, 2 importance, 1 successful binds, 0 failed binds, 0 successful unbinds, 0 failed unbinds
04-27 15:57:43.112 28171 28187 D GeckoThread: State changed to MOZGLUE_READY
04-27 15:57:43.117 27953 27996 D SessionStorage/AutoSave: Saved state to disk [5ms]
04-27 15:57:43.121 28171 28187 W Settings: Setting animator_duration_scale has moved from android.provider.Settings.System to android.provider.Settings.Global, returning read-only global URI.
04-27 15:57:43.125 28171 28187 E GeckoLibLoad: Load sqlite start
04-27 15:57:43.127 28171 28187 E GeckoLibLoad: Load sqlite done
04-27 15:57:43.128 28171 28187 E GeckoLibLoad: Load nss start
04-27 15:57:43.128 28171 28187 E GeckoLibLoad: Load nss done
04-27 15:57:43.142 27953 27953 I zygote  : Deoptimizing kotlin.coroutines.CoroutineContext$Element kotlin.coroutines.CoroutineContext$Element$DefaultImpls.get(kotlin.coroutines.CoroutineContext$Element, kotlin.coroutines.CoroutineContext$Key) due to JIT inline cache
04-27 15:57:43.147 28171 28187 E GeckoLibLoad: Loaded libs in 18.483804ms total, 6ms(13ms) user, 6ms(6ms) system, 0(0) faults
04-27 15:57:43.147 28171 28187 D GeckoThread: State changed to LIBS_READY
04-27 15:57:43.147 28171 28187 W GeckoThread: zerdatime 20545556915 - runGecko
