06-01 23:58:22.199   788  9891 D audio_hw_primary: enable_audio_route: usecase(9) apply and update mixer path: audio-record
06-01 23:58:22.199   788  9891 D audio_route: Apply path: audio-record
06-01 23:58:22.271  9188  9261 I MicroDetectionWorker: onReady
06-01 23:58:22.280  9707  9895 I chatty  : uid=11368(org.mozilla.fennec_aurora) expire 10 lines
06-01 23:58:22.326  2146  2165 I zygote  : NativeAlloc concurrent copying GC freed 21889(1128KB) AllocSpace objects, 0(0B) LOS objects, 49% free, 11MB/22MB, paused 165us total 171.747ms
06-01 23:58:22.339  9707  9751 I chatty  : uid=11368(org.mozilla.fennec_aurora) expire 16 lines
06-01 23:58:22.366  9707  9732 I chatty  : uid=11368(org.mozilla.fennec_aurora) expire 9 lines
06-01 23:58:22.377  9707  9707 I chatty  : uid=11368(org.mozilla.fennec_aurora) expire 5 lines
06-01 23:58:22.390  6684  6684 I Finsky  : [2] qwn.onTrimMemory(1): Memory trim requested to level 80
06-01 23:58:22.406  1456  1471 D ConnectivityService: requestNetwork for uid/pid:11368/9707 NetworkRequest [ TRACK_DEFAULT id=57955, [ Capabilities: INTERNET&NOT_RESTRICTED&TRUSTED&NOT_VPN] ]
06-01 23:58:22.407  1456  2099 D Ethernet: got request NetworkRequest [ TRACK_DEFAULT id=57955, [ Capabilities: INTERNET&NOT_RESTRICTED&TRUSTED&NOT_VPN] ] with score 60
06-01 23:58:22.407  1456  2054 D WIFI_UT : got request NetworkRequest [ TRACK_DEFAULT id=57955, [ Capabilities: INTERNET&NOT_RESTRICTED&TRUSTED&NOT_VPN] ] with score 60
06-01 23:58:22.407  1456  2054 D WIFI    : got request NetworkRequest [ TRACK_DEFAULT id=57955, [ Capabilities: INTERNET&NOT_RESTRICTED&TRUSTED&NOT_VPN] ] with score 60
06-01 23:58:22.407  2398  2398 D PhoneSwitcherNetworkRequstListener: got request NetworkRequest [ TRACK_DEFAULT id=57955, [ Capabilities: INTERNET&NOT_RESTRICTED&TRUSTED&NOT_VPN] ] with score 60
06-01 23:58:22.414  9707  9901 I chatty  : uid=11368(org.mozilla.fennec_aurora) expire 5 lines
06-01 23:58:22.540  1456  7796 I OpenGLRenderer: Initialized EGL, version 1.4
06-01 23:58:22.540  1456  7796 D OpenGLRenderer: Swap behavior 2
06-01 23:58:22.542  9707  9809 I chatty  : uid=11368(org.mozilla.fennec_aurora) expire 1 line
06-01 23:58:22.546  1456  2067 D ConnectivityService: releasing NetworkRequest [ TRACK_DEFAULT id=57955, [ Capabilities: INTERNET&NOT_RESTRICTED&TRUSTED&NOT_VPN] ] (release request)
06-01 23:58:22.589  2748  2917 W OpenGLRenderer: Incorrectly called buildLayer on View: ShortcutAndWidgetContainer, destroying layer...
06-01 23:58:22.711  9707  9754 I chatty  : uid=11368(org.mozilla.fennec_aurora) expire 1 line
06-01 23:58:22.768  1456  1471 D ConnectivityService: requestNetwork for uid/pid:11368/9707 NetworkRequest [ TRACK_DEFAULT id=57956, [ Capabilities: INTERNET&NOT_RESTRICTED&TRUSTED&NOT_VPN] ]
06-01 23:58:22.769  1456  2099 D Ethernet: got request NetworkRequest [ TRACK_DEFAULT id=57956, [ Capabilities: INTERNET&NOT_RESTRICTED&TRUSTED&NOT_VPN] ] with score 60
06-01 23:58:22.769  1456  2054 D WIFI_UT : got request NetworkRequest [ TRACK_DEFAULT id=57956, [ Capabilities: INTERNET&NOT_RESTRICTED&TRUSTED&NOT_VPN] ] with score 60
06-01 23:58:22.769  1456  2054 D WIFI    : got request NetworkRequest [ TRACK_DEFAULT id=57956, [ Capabilities: INTERNET&NOT_RESTRICTED&TRUSTED&NOT_VPN] ] with score 60
06-01 23:58:22.770  2398  2398 D PhoneSwitcherNetworkRequstListener: got request NetworkRequest [ TRACK_DEFAULT id=57956, [ Capabilities: INTERNET&NOT_RESTRICTED&TRUSTED&NOT_VPN] ] with score 60
06-01 23:58:22.783  9707  9902 I chatty  : uid=11368(org.mozilla.fennec_aurora) expire 9 lines
06-01 23:58:22.785   808   898 I SFPerfTracer:      triggers: (rate: 0:1) (0 sw vsyncs) (0 skipped) (40:7515691 vsyncs) (42:15057246)
06-01 23:58:22.789   808   808 I SFPerfTracer:      triggers: (rate: 93:2063327) (compose: 0:7) (post: 0:19) (render: 0:17) (9:11629885 frames) (10:14923633)
06-01 23:58:22.789   808   808 D SFPerfTracer:        layers: (4:13) (NavigationBar#0 (0xb07df000): 0:1170238) (StatusBar#0 (0xb07e3000): 0:2820693) (com.android.systemui.ImageWallpaper#0 (0xb07e7000): 0:109492) (Sprite#0 (0xb0733000): 0:317)* (DimLayerController/Stack=0#0 (0xb075a000): 0:3866)* (Sprite#1 (0xb077c000): 0:195)* (com.android.launcher3/com.android.launcher3.CustomizationPanelLauncher#0 (0xb0763000): 0:41)- (com.android.launcher3/com.android.launcher3.CustomizationPanelLauncher#1 (0xb0771000): 0:10)- (Splash Screen org.mozilla.fennec_aurora#0 (0xb039b000): 0:19)- (Splash Screen org.mozilla.fennec_aurora#1 (0xafd20000): 0:30)- (org.mozilla.fennec_aurora/org.mozilla.fenix.HomeActivity#0 (0xb039b000): 0:69)- (com.android.launcher3/com.android.launcher3.CustomizationPanelLauncher#0 (0xb0763000): 10:38)* (com.android.launcher3/com.android.launcher3.CustomizationPanelLauncher#1 (0xb0771000): 1:6) 
06-01 23:58:23.263  9707  9728 I chatty  : uid=11368(org.mozilla.fennec_aurora) expire 1 line
06-01 23:58:23.265  1456  2067 D ConnectivityService: releasing NetworkRequest [ TRACK_DEFAULT id=57956, [ Capabilities: INTERNET&NOT_RESTRICTED&TRUSTED&NOT_VPN] ] (release request)
06-01 23:58:23.654  2340  2441 I QCNEJ   : |CORE| CNE received action RSSI/Link Changed events: android.net.wifi.RSSI_CHANGED
06-01 23:58:23.654  2340  2441 D QCNEJ   : |CORE| Updating RSSI: -67
06-01 23:58:23.655  8531  8551 I CarrierServices: [580071] dji.a: FiST: Wifi connectivity status true
06-01 23:58:23.657  8531  8586 I CarrierServices: [580088] drv.a: (PEv2-SM): DisabledState: event Connectivity event
06-01 23:58:23.657  8531  8551 I CarrierServices: [580071] djm.d: Connected state: [1], networkType: [WIFI]
06-01 23:58:26.678  2340  2441 I QCNEJ   : |CORE| CNE received action RSSI/Link Changed events: android.net.wifi.RSSI_CHANGED
06-01 23:58:26.679  2340  2441 D QCNEJ   : |CORE| Updating RSSI: -66
06-01 23:58:26.684  8531  8551 I CarrierServices: [580071] dji.a: FiST: Wifi connectivity status true
06-01 23:58:26.686  8531  8586 I CarrierServices: [580088] drv.a: (PEv2-SM): DisabledState: event Connectivity event
06-01 23:58:26.686  8531  8551 I CarrierServices: [580071] djm.d: Connected state: [1], networkType: [WIFI]
06-01 23:58:27.175  1456  1471 I ActivityManager: Force stopping org.mozilla.fennec_aurora appid=11368 user=0: from pid 9906
06-01 23:58:27.176  1456  1471 I ActivityManager: Killing 9707:org.mozilla.fennec_aurora/u0a1368 (adj 700): stop org.mozilla.fennec_aurora
06-01 23:58:27.178  1456  1605 W zygote  : kill(-9707, 9) failed: No such process
06-01 23:58:27.180  9781  9781 I chatty  : uid=11368(org.mozilla.fennec_aurora) expire 1 line
06-01 23:58:27.180  1456  1471 W ActivityManager: Force removing ActivityRecord{c8f26c3 u0 org.mozilla.fennec_aurora/org.mozilla.fenix.HomeActivity t78160}: app died, no saved state
06-01 23:58:27.188  1456  1471 I ActivityManager: Killing 9781:org.mozilla.fennec_aurora:tab0/u0a1368 (adj 0): stop org.mozilla.fennec_aurora
06-01 23:58:27.195  1456  1605 W zygote  : kill(-9707, 9) failed: No such process
06-01 23:58:27.207  2398  2398 D CarrierSvcBindHelper: No carrier app for: 0
06-01 23:58:27.207  2398  2398 D CarrierSvcBindHelper: No carrier app for: 1
06-01 23:58:27.209  1456  1605 W zygote  : kill(-9707, 9) failed: No such process
06-01 23:58:27.241  1456  1673 W ActivityManager: setHasOverlayUi called on unknown pid: 9707
06-01 23:58:27.241  1456  1605 I chatty  : uid=1000(system) ActivityManager identical 2 lines
06-01 23:58:27.256  1456  1605 W zygote  : kill(-9707, 9) failed: No such process
06-01 23:58:27.257  1456  1605 I zygote  : Successfully killed process cgroup uid 11368 pid 9707 in 78ms
06-01 23:58:27.257  1456  1605 W zygote  : kill(-9781, 9) failed: No such process
06-01 23:58:27.257  1456  1605 I zygote  : Successfully killed process cgroup uid 11368 pid 9781 in 0ms
06-01 23:58:27.297  1456  1471 I ActivityManager: START u0 {act=android.intent.action.MAIN cat=[android.intent.category.LAUNCHER] flg=0x10000000 cmp=org.mozilla.fennec_aurora/.App} from uid 2000
06-01 23:58:27.297   794   839 E ANDR-PERF-RESOURCEQS: Failed to apply optimization [4, 0]
06-01 23:58:27.318  1456  5050 I ActivityManager: Start proc 9913:org.mozilla.fennec_aurora/u0a1368 for activity org.mozilla.fennec_aurora/.App
06-01 23:58:27.409  9188  9261 I MicroDetectionState: Should stop hotword detection immediately - false
06-01 23:58:27.409  9188  9261 I MicroDetector: Keeping mic open: false
06-01 23:58:27.409  9188  8103 E DeviceStateChecker: DeviceStateChecker cancelled
06-01 23:58:27.409  9188  9261 I RecognitionAudioControl: #shutdownAudio [requestId: 9094590129434159149, keepAudioOpen: false, forced: true]
06-01 23:58:27.410  9188  9261 I RecognitionAudioControl: #internalShutdownAudio [requestId: 9094590129434159149]
06-01 23:58:27.410  9188  9261 I RecognitionAudioControl: #internalShutdownAudio [keepAudioOpen: false, forced: true]
06-01 23:58:27.410  9188  9261 I RecognitionAudioControl: #actualShutdownAudio
06-01 23:58:27.410  9188  9261 I AudioController: #shutdown [requestId=9094590129434159149]
06-01 23:58:27.410  9188  9242 I AudioController: internalShutdown
06-01 23:58:27.410  9188  9258 I MicroRecognitionRunner: Stopping hotword detection.
06-01 23:58:27.467  9913  9913 I chatty  : uid=11368(org.mozilla.fennec_aurora) expire 56 lines
06-01 23:58:27.471   788   788 D audio_hw_primary: disable_audio_route: usecase(9) reset and update mixer path: audio-record
06-01 23:58:27.472   788   788 D audio_hw_primary: disable_snd_device: snd_device(120: voice-rec-mic)
06-01 23:58:27.474  1012 10158 D APM_AudioPolicyManager: stopInput() input 371078, session 371193
06-01 23:58:27.475   788  1479 D audio_hw_primary: in_set_parameters: enter: kvpairs=routing=0
06-01 23:58:27.477  9188  9242 I MicrophoneInputStream: mic_close  SR : 16000 CC : 16 SO : 1999
06-01 23:58:27.478  9188  9242 E AudioSource: Stop listening is called on already closed AudioSource
06-01 23:58:27.480  9188  9252 I MicroRecognitionRunner: Detection finished
06-01 23:58:27.510  9913  9932 I chatty  : uid=11368(org.mozilla.fennec_aurora) expire 4 lines
06-01 23:58:27.590  9913  9941 I chatty  : uid=11368(org.mozilla.fennec_aurora) expire 11 lines
06-01 23:58:27.608  9913  9940 I chatty  : uid=11368(org.mozilla.fennec_aurora) expire 23 lines
06-01 23:58:27.614  9913  9944 I chatty  : uid=11368(org.mozilla.fennec_aurora) expire 19 lines
06-01 23:58:27.673 30243 30256 I zygote  : Background concurrent copying GC freed 97974(5MB) AllocSpace objects, 21(804KB) LOS objects, 50% free, 10MB/21MB, paused 159us total 132.998ms
06-01 23:58:27.696  9913  9952 I chatty  : uid=11368(org.mozilla.fennec_aurora) expire 6 lines
06-01 23:58:27.724  9913  9943 I chatty  : uid=11368(org.mozilla.fennec_aurora) expire 2 lines
06-01 23:58:27.773  9913  9963 I chatty  : uid=11368(org.mozilla.fennec_aurora) expire 1 line
06-01 23:58:27.791  1456  5027 I ActivityManager: START u0 {act=android.intent.action.MAIN cat=[android.intent.category.LAUNCHER] flg=0x10000000 cmp=org.mozilla.fennec_aurora/org.mozilla.fenix.HomeActivity (has extras)} from uid 11368
06-01 23:58:27.818   808   808 D SurfaceFlinger: duplicate layer name: changing Splash Screen org.mozilla.fennec_aurora to Splash Screen org.mozilla.fennec_aurora#1
06-01 23:58:27.848  9913  9919 I chatty  : uid=11368(org.mozilla.fennec_aurora) expire 11 lines
06-01 23:58:27.851  1456  1471 I ActivityManager: Start proc 9993:org.mozilla.fennec_aurora:tab0/u0a1368 for service org.mozilla.fennec_aurora/org.mozilla.gecko.process.GeckoChildProcessServices$tab0
06-01 23:58:27.872  9913  9981 I chatty  : uid=11368(org.mozilla.fennec_aurora) expire 1 line
06-01 23:58:27.970  9993  9993 I chatty  : uid=11368(org.mozilla.fennec_aurora) expire 1 line
06-01 23:58:27.972  1456  1893 D BatteryService: uevent={POWER_SUPPLY_VOLTAGE_NOW=4403050, POWER_SUPPLY_CHARGE_RATE=Normal, POWER_SUPPLY_HEALTH=Good, POWER_SUPPLY_CURRENT_NOW=-242460, POWER_SUPPLY_PRESENT=1, SUBSYSTEM=power_supply, POWER_SUPPLY_TEMP=350, SEQNUM=554733, ACTION=change, POWER_SUPPLY_NAME=battery, POWER_SUPPLY_STATUS=Charging, POWER_SUPPLY_CHARGE_COUNTER=2790879, POWER_SUPPLY_CAPACITY=100, DEVPATH=/devices/soc/qpnp-smbcharger-17/power_supply/battery}
06-01 23:58:27.973  9993 10011 I chatty  : uid=11368(org.mozilla.fennec_aurora) expire 1 line
06-01 23:58:27.977  2398  2398 D QtiCarrierConfigHelper: WARNING, no carrier configs on phone Id: 0
06-01 23:58:28.264  9913  9962 I chatty  : uid=11368(org.mozilla.fennec_aurora) expire 1 line
06-01 23:58:28.286  9913 10023 I chatty  : uid=11368(org.mozilla.fennec_aurora) expire 9 lines
06-01 23:58:28.296  1456  2921 D ConnectivityService: requestNetwork for uid/pid:11368/9913 NetworkRequest [ TRACK_DEFAULT id=57957, [ Capabilities: INTERNET&NOT_RESTRICTED&TRUSTED&NOT_VPN] ]
06-01 23:58:28.297  1456  2099 D Ethernet: got request NetworkRequest [ TRACK_DEFAULT id=57957, [ Capabilities: INTERNET&NOT_RESTRICTED&TRUSTED&NOT_VPN] ] with score 60
06-01 23:58:28.297  1456  2054 D WIFI_UT : got request NetworkRequest [ TRACK_DEFAULT id=57957, [ Capabilities: INTERNET&NOT_RESTRICTED&TRUSTED&NOT_VPN] ] with score 60
06-01 23:58:28.297  1456  2054 D WIFI    : got request NetworkRequest [ TRACK_DEFAULT id=57957, [ Capabilities: INTERNET&NOT_RESTRICTED&TRUSTED&NOT_VPN] ] with score 60
06-01 23:58:28.298  2398  2398 D PhoneSwitcherNetworkRequstListener: got request NetworkRequest [ TRACK_DEFAULT id=57957, [ Capabilities: INTERNET&NOT_RESTRICTED&TRUSTED&NOT_VPN] ] with score 60
06-01 23:58:28.311  1456  4797 I WifiService: getDhcpInfo uid=11368
06-01 23:58:28.457  9913 10029 I chatty  : uid=11368(org.mozilla.fennec_aurora) expire 5 lines
06-01 23:58:28.503  1456  1673 I LaunchCheckinHandler: Displayed org.mozilla.fennec_aurora/org.mozilla.fenix.HomeActivity,wp,ca,650
06-01 23:58:28.504  1456  1673 I ActivityManager: Displayed org.mozilla.fennec_aurora/org.mozilla.fenix.HomeActivity: +642ms (total +1s191ms)
06-01 23:58:28.517  9188  9188 I MemoryTrimmer: Trimming objects from memory, since app is in the background.
06-01 23:58:28.525  9188  9188 I MemoryTrimmer: Trimming objects from memory, since app is in the background.
06-01 23:58:28.527  9188  9447 I PBSessionCacheImpl: Deleted sessionId[40410842412704968] from persistence.
06-01 23:58:28.532  1456  5050 I WifiService: getWifiEnabledState uid=10073
06-01 23:58:28.542  9188  9261 W SearchServiceCore: Abort, client detached.
06-01 23:58:28.824  1456  4797 I ActivityManager: Fully drawn org.mozilla.fennec_aurora/org.mozilla.fenix.HomeActivity: +970ms (total +1s519ms)
06-01 23:58:28.895  9913 10052 I chatty  : uid=11368(org.mozilla.fennec_aurora) expire 1 line
06-01 23:58:28.896  9913 10051 I chatty  : uid=11368(org.mozilla.fennec_aurora) expire 1 line
06-01 23:58:29.352   808   898 I SFPerfTracer:      triggers: (rate: 0:1) (0 sw vsyncs) (0 skipped) (17:7515769 vsyncs) (19:15057349)
06-01 23:58:29.356   808   808 I SFPerfTracer:      triggers: (rate: 93:2063328) (compose: 0:7) (post: 0:19) (render: 0:17) (23:11629959 frames) (24:14923734)
06-01 23:58:29.356   808   808 D SFPerfTracer:        layers: (3:11) (NavigationBar#0 (0xb07df000): 0:1170248) (StatusBar#0 (0xb07e3000): 0:2820708) (com.android.systemui.ImageWallpaper#0 (0xb07e7000): 0:109493)* (Sprite#0 (0xb0733000): 0:317)* (DimLayerController/Stack=0#0 (0xb075a000): 0:3866)* (Sprite#1 (0xb077c000): 0:195)* (com.android.launcher3/com.android.launcher3.CustomizationPanelLauncher#0 (0xb0763000): 0:41)- (com.android.launcher3/com.android.launcher3.CustomizationPanelLauncher#1 (0xb0771000): 0:10)- (Splash Screen org.mozilla.fennec_aurora#0 (0xb039b000): 0:19)- (Splash Screen org.mozilla.fennec_aurora#1 (0xafd20000): 0:32)- (org.mozilla.fennec_aurora/org.mozilla.fenix.HomeActivity#0 (0xb039b000): 24:44) 
06-01 23:58:29.358  9913  9935 I chatty  : uid=11368(org.mozilla.fennec_aurora) expire 1 line
06-01 23:58:29.364  1456  2067 D ConnectivityService: releasing NetworkRequest [ TRACK_DEFAULT id=57957, [ Capabilities: INTERNET&NOT_RESTRICTED&TRUSTED&NOT_VPN] ] (release request)
06-01 23:58:29.422  9913 10057 I chatty  : uid=11368(org.mozilla.fennec_aurora) expire 1 line
06-01 23:58:29.500  9913  9966 I chatty  : uid=11368(org.mozilla.fennec_aurora) expire 26 lines
06-01 23:58:29.574  9913 10019 I chatty  : uid=11368(org.mozilla.fennec_aurora) expire 2 lines
06-01 23:58:32.960 10084 10084 D AndroidRuntime: >>>>>> START com.android.internal.os.RuntimeInit uid 2000 <<<<<<
06-01 23:58:32.973 10084 10084 W app_process: Could not reserve sentinel fault page
06-01 23:58:33.141 10084 10084 I app_process: The ClassLoaderContext is a special shared library.
06-01 23:58:33.212 10084 10084 D AndroidRuntime: Calling main entry com.android.commands.input.Input
06-01 23:58:33.221 10084 10084 I Input   : injectKeyEvent: KeyEvent { action=ACTION_DOWN, keyCode=KEYCODE_HOME, scanCode=0, metaState=0, flags=0x0, repeatCount=0, eventTime=23146380801, downTime=23146380801, deviceId=-1, source=0x101 }
06-01 23:58:33.227 10084 10084 I Input   : injectKeyEvent: KeyEvent { action=ACTION_UP, keyCode=KEYCODE_HOME, scanCode=0, metaState=0, flags=0x0, repeatCount=0, eventTime=23146380801, downTime=23146380801, deviceId=-1, source=0x101 }
06-01 23:58:33.234  1456  1941 I ActivityManager: START u0 {act=android.intent.action.MAIN cat=[android.intent.category.HOME] flg=0x10200000 cmp=com.android.launcher3/.CustomizationPanelLauncher (has extras)} from uid 1000
06-01 23:58:33.234   794   839 E ANDR-PERF-RESOURCEQS: Failed to apply optimization [4, 0]
06-01 23:58:33.242 10084 10084 D AndroidRuntime: Shutting down VM
06-01 23:58:33.250  1456  2921 I ActivityManager: moveHomeStack, setupComplete:true
06-01 23:58:33.259  9188  9259 I Adreno  : QUALCOMM build                   : bb5b86c, I77d3059488
06-01 23:58:33.259  9188  9259 I Adreno  : Build Date                       : 06/07/18
06-01 23:58:33.259  9188  9259 I Adreno  : OpenGL ES Shader Compiler Version: EV031.22.00.01_06
06-01 23:58:33.259  9188  9259 I Adreno  : Local Branch                     : 
06-01 23:58:33.259  9188  9259 I Adreno  : Remote Branch                    : refs/tags/AU_LINUX_ANDROID_LA.UM.6.5.R1.08.01.00.312.086
06-01 23:58:33.259  9188  9259 I Adreno  : Remote Branch                    : NONE
06-01 23:58:33.259  9188  9259 I Adreno  : Reconstruct Branch               : NOTHING
06-01 23:58:33.263  9188  9259 D vndksupport: Loading /vendor/lib/hw/gralloc.msm8937.so from current namespace instead of sphal namespace.
06-01 23:58:33.271  9188  9259 I Adreno  : PFP: 0x005ff087, ME: 0x005ff063
06-01 23:58:33.273  2748  2748 D Launcher.Utilities: Wakeup weather: Intent { act=com.motorola.launcher3.action.WAKEUP_WEATHER cmp=com.motorola.timeweatherwidget/com.motorola.commandcenter.weather.WakeUpService }
06-01 23:58:33.275  9188  9259 I zygote  : android::hardware::configstore::V1_0::ISurfaceFlingerConfigs::hasWideColorDisplay retrieved: 0
06-01 23:58:33.276  9188  9259 I OpenGLRenderer: Initialized EGL, version 1.4
06-01 23:58:33.276  9188  9259 D OpenGLRenderer: Swap behavior 2
06-01 23:58:33.285  1456  1456 I NotificationService: Cannot find enqueued record for key: 0|com.motorola.timeweatherwidget|1|null|10116
06-01 23:58:33.290   808   808 D SurfaceFlinger: duplicate layer name: changing com.android.launcher3/com.android.launcher3.CustomizationPanelLauncher to com.android.launcher3/com.android.launcher3.CustomizationPanelLauncher#1
06-01 23:58:33.317  9188  9251 W ThreadPoolDumper: Queue length for executor EventBus is now 11. Perhaps some tasks are too long, or the pool is too small.
06-01 23:58:33.318  1456  2921 I WifiService: getWifiEnabledState uid=10073
06-01 23:58:33.325  1456  5050 I WifiService: getWifiEnabledState uid=10073
06-01 23:58:33.386  1456  1673 I LaunchCheckinHandler: Displayed com.android.launcher3/.CustomizationPanelLauncher,wp,wa,152
06-01 23:58:33.392  9188  9188 I BgTaskExecutorImpl: Starting EXCLUSIVE background task TNG_MINUS_ONE_SYNC.
06-01 23:58:33.398  9188  9261 I MicroDetectionState: Should stop hotword detection immediately - false
06-01 23:58:33.414  9188  9261 I MicroDetectionWorker: #startMicroDetector [speakerMode: 0]
06-01 23:58:33.417  9188  9261 I AudioController: Created new AudioSource
06-01 23:58:33.420  9188  9261 I TngMinusOneSync: Syncing TNG:-1
06-01 23:58:33.421  9188  9254 I MicroDataManager: isInitializing-false locale not changed-true model not changed-true
06-01 23:58:33.422  9188  9254 I MicroDataManager: Already initialized, obtaining the hotword data immediately.
06-01 23:58:33.427  9188  8103 I MicroRecognitionRunner: Starting detection.
06-01 23:58:33.428  9188  8103 I InputStreamUtils: Using micInputStream
06-01 23:58:33.428  9188  9447 I MicrophoneInputStream: mic_starting  SR : 16000 CC : 16 SO : 1999
06-01 23:58:33.436   788  1479 V msm8974_platform: platform_check_input_mask: enter check_input_mask source 6 mask 10
06-01 23:58:33.438  1012 10098 I AudioFlinger: AudioFlinger's thread 0xb24834c0 tid=10098 ready to run
06-01 23:58:33.444   788  1479 D audio_hw_primary: in_set_parameters: enter: kvpairs=input_source=6;routing=-2147483644
06-01 23:58:33.445  1012 10158 D APM_AudioPolicyManager: AudioPolicyManager::startInput() input 371086, session 371201, source = 1999
06-01 23:58:33.445  9188  9447 I MicrophoneInputStream: mic_started  SR : 16000 CC : 16 SO : 1999
06-01 23:58:33.447   788 10099 V msm8974_platform: platform_update_usecase_from_source: input source :6
06-01 23:58:33.447   788 10099 V msm8974_platform: platform_check_input_mask: enter check_input_mask source 6 mask 10
06-01 23:58:33.447   788 10099 V msm8974_platform: platform_get_input_snd_device: enter: out_device(0) in_device(0x4) channel_count (1) channel_mask (0x10)
06-01 23:58:33.447   788 10099 V msm8974_platform: platform_get_input_snd_device: exit: in_snd_device(voice-rec-mic)
06-01 23:58:33.447   788 10099 V msm8974_platform: platform_get_backend_index:napb: backend port - 5 device - 120 
06-01 23:58:33.447   788 10099 V msm8974_platform: platform_check_and_set_capture_backend_cfg:txbecf: afe: bitwidth 0, samplerate 0, channel 1, backend_idx 5 usecase = 9 device (voice-rec-mic)
06-01 23:58:33.447   788 10099 V msm8974_platform: platform_check_capture_backend_cfg:txbecf: afe: Codec selected backend: 5 current bit width: 0 and sample rate: 0, channels 1
06-01 23:58:33.447   788 10099 V msm8974_platform: platform_check_capture_backend_cfg:txbecf: afe: Codec selected backend: 5 updated bit width: 0 and sample rate: 0
06-01 23:58:33.447   788 10099 I msm8974_platform: platform_check_capture_backend_cfg:txbecf: afe: Codec backend needs to be updated. new bit width: 0 new sample rate: 0 new channel: 1
06-01 23:58:33.447   788 10099 V msm8974_platform: platform_get_backend_index:napb: backend port - 5 device - 120 
06-01 23:58:33.447   788 10099 V msm8974_platform: platform_set_backend_cfg:becf: afe: bitwidth 0, samplerate 0 channels 1, backend_idx 5 device (voice-rec-mic)
06-01 23:58:33.448   788 10099 E msm8974_platform: platform_set_backend_cfg:becf: afe: Could not get ctl for mixer command - SLIM_0_TX Format
06-01 23:58:33.448   788 10099 V msm8974_platform: platform_send_audio_calibration: sending audio calibration for snd_device(120) acdb_id(62)
06-01 23:58:33.448   788 10099 D ACDB-LOADER: ACDB -> send_audio_cal, acdb_id = 62, path = 1, app id = 0x11130, sample rate = 48000
06-01 23:58:33.448   788 10099 D ACDB-LOADER: ACDB -> send_asm_topology
06-01 23:58:33.448   788 10099 D ACDB-LOADER: ACDB -> ACDB_CMD_GET_AUDPROC_STREAM_TOPOLOGY_ID
06-01 23:58:33.448   788 10099 D ACDB-LOADER: ACDB -> send_adm_topology
06-01 23:58:33.448   788 10099 D ACDB-LOADER: ACDB -> ACDB_CMD_GET_AUDPROC_COMMON_TOPOLOGY_ID
06-01 23:58:33.448   788 10099 D ACDB-LOADER: ACDB -> send_audtable
06-01 23:58:33.448   788 10099 D ACDB-LOADER: ACDB -> ACDB_CMD_GET_AUDPROC_COMMON_TABLE_SIZE
06-01 23:58:33.448   788 10099 D ACDB-LOADER: ACDB -> ACDB_CMD_GET_AUDPROC_COMMON_TABLE
06-01 23:58:33.449   788 10099 D ACDB-LOADER: ACDB -> AUDIO_SET_AUDPROC_CAL
06-01 23:58:33.449   788 10099 D ACDB-LOADER: ACDB -> send_audvoltable
06-01 23:58:33.449   788 10099 D ACDB-LOADER: ACDB -> ACDB_CMD_GET_AUDPROC_VOL_STEP_TABLE_SIZE
06-01 23:58:33.449   788 10099 D ACDB-LOADER: ACDB -> ACDB_CMD_GET_AUDPROC_GAIN_DEP_STEP_TABLE, vol index 0
06-01 23:58:33.449   788 10099 D         : Failed to fetch the lookup information of the device 0000003E 
06-01 23:58:33.449   788 10099 D ACDB-LOADER: ACDB -> AUDIO_SET_VOL_CAL cal type = 12
06-01 23:58:33.449   788 10099 D ACDB-LOADER: ACDB -> ACDB_CMD_GET_AUDPROC_STREAM_TABLE_SIZE
06-01 23:58:33.449   788 10099 D ACDB-LOADER: ACDB -> send_audstrmtable
06-01 23:58:33.449   788 10099 D ACDB-LOADER: ACDB -> ACDB_CMD_GET_AUDPROC_STREAM_TABLE_V2
06-01 23:58:33.449   788 10099 D ACDB-LOADER: ACDB -> audstrm_cal->cal_type.cal_data.cal_size = 456
06-01 23:58:33.449   788 10099 D ACDB-LOADER: ACDB -> send_afe_topology
06-01 23:58:33.449   788 10099 D ACDB-LOADER: ACDB -> ACDB_CMD_GET_AFE_TOPOLOGY_ID
06-01 23:58:33.449   788 10099 D ACDB-LOADER: ACDB -> GET_AFE_TOPOLOGY_ID for adcd_id 62, Topology Id 112fb
06-01 23:58:33.449   788 10099 D ACDB-LOADER: ACDB -> send_afe_cal
06-01 23:58:33.449   788 10099 D ACDB-LOADER: ACDB -> ACDB_CMD_GET_AFE_COMMON_TABLE_SIZE
06-01 23:58:33.449   788 10099 D         : Failed to fetch the lookup information of the device 0000003E 
06-01 23:58:33.450   788 10099 E ACDB-LOADER: Error: ACDB_CMD_GET_AFE_COMMON_TABLE_SIZE Returned = -19
06-01 23:58:33.450   788 10099 D ACDB-LOADER: ACDB -> ACDB_CMD_GET_AFE_COMMON_TABLE
06-01 23:58:33.450   788 10099 D         : Failed to fetch the lookup information of the device 0000003E 
06-01 23:58:33.450   788 10099 D ACDB-LOADER: ACDB -> AUDIO_SET_AFE_CAL
06-01 23:58:33.450   788 10099 D ACDB-LOADER: ACDB -> send_hw_delay : acdb_id = 62 path = 1
06-01 23:58:33.450   788 10099 D ACDB-LOADER: ACDB -> ACDB_AVSYNC_INFO: ACDB_CMD_GET_DEVICE_PROPERTY
06-01 23:58:33.450   788 10099 D audio_hw_primary: enable_snd_device: snd_device(120: voice-rec-mic)
06-01 23:58:33.450   788 10099 D audio_route: Apply path: voice-rec-mic
06-01 23:58:33.454   788 10099 V msm8974_platform: platform_get_snd_device_backend_index: enter with device 120
06-01 23:58:33.454   788 10099 E msm8974_platform: platform_get_snd_device_backend_index: BE DAI Name Table is not present
06-01 23:58:33.454   788 10099 V msm8974_platform: platform_get_backend_index:napb: backend port - 5 device - 120 
06-01 23:58:33.454   788 10099 I audio_hw_utils: Set Audio Stream Capture 0 App Type Cfg: app_type 69936, acdb_dev_id 62, sample_rate 48000, snd_device_be_idx -14
06-01 23:58:33.454   788 10099 D audio_hw_primary: enable_audio_route: usecase(9) apply and update mixer path: audio-record
06-01 23:58:33.454   788 10099 D audio_route: Apply path: audio-record
06-01 23:58:33.524  9188  9261 I MicroDetectionWorker: onReady
06-01 23:58:33.546  9913 10103 I chatty  : uid=11368(org.mozilla.fennec_aurora) expire 10 lines
06-01 23:58:33.593  9913  9957 I chatty  : uid=11368(org.mozilla.fennec_aurora) expire 2 lines
06-01 23:58:33.641  6684  6684 I Finsky  : [2] qwn.onTrimMemory(1): Memory trim requested to level 80
06-01 23:58:33.668  1456  5050 D ConnectivityService: requestNetwork for uid/pid:11368/9913 NetworkRequest [ TRACK_DEFAULT id=57958, [ Capabilities: INTERNET&NOT_RESTRICTED&TRUSTED&NOT_VPN] ]
06-01 23:58:33.670  1456  2099 D Ethernet: got request NetworkRequest [ TRACK_DEFAULT id=57958, [ Capabilities: INTERNET&NOT_RESTRICTED&TRUSTED&NOT_VPN] ] with score 60
06-01 23:58:33.670  1456  2054 D WIFI_UT : got request NetworkRequest [ TRACK_DEFAULT id=57958, [ Capabilities: INTERNET&NOT_RESTRICTED&TRUSTED&NOT_VPN] ] with score 60
06-01 23:58:33.670  1456  2054 D WIFI    : got request NetworkRequest [ TRACK_DEFAULT id=57958, [ Capabilities: INTERNET&NOT_RESTRICTED&TRUSTED&NOT_VPN] ] with score 60
06-01 23:58:33.670  2398  2398 D PhoneSwitcherNetworkRequstListener: got request NetworkRequest [ TRACK_DEFAULT id=57958, [ Capabilities: INTERNET&NOT_RESTRICTED&TRUSTED&NOT_VPN] ] with score 60
06-01 23:58:33.677  9913 10109 I chatty  : uid=11368(org.mozilla.fennec_aurora) expire 5 lines
06-01 23:58:33.784  1456  7796 I OpenGLRenderer: Initialized EGL, version 1.4
06-01 23:58:33.785  1456  7796 D OpenGLRenderer: Swap behavior 2
06-01 23:58:33.848  2748  2917 W OpenGLRenderer: Incorrectly called buildLayer on View: ShortcutAndWidgetContainer, destroying layer...
06-01 23:58:33.859  1456  1466 I zygote  : Background concurrent copying GC freed 67821(5MB) AllocSpace objects, 29(1092KB) LOS objects, 34% free, 45MB/69MB, paused 182us total 415.727ms
06-01 23:58:33.896  1456  2067 D ConnectivityService: releasing NetworkRequest [ TRACK_DEFAULT id=57958, [ Capabilities: INTERNET&NOT_RESTRICTED&TRUSTED&NOT_VPN] ] (release request)
06-01 23:58:33.995  1456  5050 D ConnectivityService: requestNetwork for uid/pid:11368/9913 NetworkRequest [ TRACK_DEFAULT id=57959, [ Capabilities: INTERNET&NOT_RESTRICTED&TRUSTED&NOT_VPN] ]
06-01 23:58:33.997  1456  2099 D Ethernet: got request NetworkRequest [ TRACK_DEFAULT id=57959, [ Capabilities: INTERNET&NOT_RESTRICTED&TRUSTED&NOT_VPN] ] with score 60
06-01 23:58:33.997  2398  2398 D PhoneSwitcherNetworkRequstListener: got request NetworkRequest [ TRACK_DEFAULT id=57959, [ Capabilities: INTERNET&NOT_RESTRICTED&TRUSTED&NOT_VPN] ] with score 60
06-01 23:58:33.997  1456  2054 D WIFI_UT : got request NetworkRequest [ TRACK_DEFAULT id=57959, [ Capabilities: INTERNET&NOT_RESTRICTED&TRUSTED&NOT_VPN] ] with score 60
06-01 23:58:33.997  1456  2054 D WIFI    : got request NetworkRequest [ TRACK_DEFAULT id=57959, [ Capabilities: INTERNET&NOT_RESTRICTED&TRUSTED&NOT_VPN] ] with score 60
06-01 23:58:34.010  9913 10110 I chatty  : uid=11368(org.mozilla.fennec_aurora) expire 9 lines
06-01 23:58:34.535  9913  9933 I chatty  : uid=11368(org.mozilla.fennec_aurora) expire 1 line
06-01 23:58:34.537  1456  2067 D ConnectivityService: releasing NetworkRequest [ TRACK_DEFAULT id=57959, [ Capabilities: INTERNET&NOT_RESTRICTED&TRUSTED&NOT_VPN] ] (release request)
06-01 23:58:35.738  2340  2441 I QCNEJ   : |CORE| CNE received action RSSI/Link Changed events: android.net.wifi.RSSI_CHANGED
06-01 23:58:35.738  2340  2441 D QCNEJ   : |CORE| Updating RSSI: -67
06-01 23:58:35.743  8531  8551 I CarrierServices: [580071] dji.a: FiST: Wifi connectivity status true
06-01 23:58:35.744  8531  8586 I CarrierServices: [580088] drv.a: (PEv2-SM): DisabledState: event Connectivity event
06-01 23:58:35.745  8531  8551 I CarrierServices: [580071] djm.d: Connected state: [1], networkType: [WIFI]
06-01 23:58:37.457  1456  1893 D BatteryService: uevent={POWER_SUPPLY_VOLTAGE_NOW=4296849, POWER_SUPPLY_CHARGE_RATE=Normal, POWER_SUPPLY_HEALTH=Good, POWER_SUPPLY_CURRENT_NOW=295713, POWER_SUPPLY_PRESENT=1, SUBSYSTEM=power_supply, POWER_SUPPLY_TEMP=350, SEQNUM=554735, ACTION=change, POWER_SUPPLY_NAME=battery, POWER_SUPPLY_STATUS=Charging, POWER_SUPPLY_CHARGE_COUNTER=2790758, POWER_SUPPLY_CAPACITY=100, DEVPATH=/devices/soc/qpnp-smbcharger-17/power_supply/battery}
06-01 23:58:37.463  2398  2398 D QtiCarrierConfigHelper: WARNING, no carrier configs on phone Id: 0
06-01 23:58:38.411  1456  5050 I ActivityManager: Force stopping org.mozilla.fennec_aurora appid=11368 user=0: from pid 10118
06-01 23:58:38.411  1456  5050 I ActivityManager: Killing 9913:org.mozilla.fennec_aurora/u0a1368 (adj 700): stop org.mozilla.fennec_aurora
06-01 23:58:38.413  1456  1605 W zygote  : kill(-9913, 9) failed: No such process
06-01 23:58:38.415  9993  9993 I chatty  : uid=11368(org.mozilla.fennec_aurora) expire 1 line
06-01 23:58:38.415  1456  5050 W ActivityManager: Force removing ActivityRecord{3794790 u0 org.mozilla.fennec_aurora/org.mozilla.fenix.HomeActivity t78162}: app died, no saved state
06-01 23:58:38.422  1456  1605 W zygote  : kill(-9913, 9) failed: No such process
06-01 23:58:38.426  1456  5050 I ActivityManager: Killing 9993:org.mozilla.fennec_aurora:tab0/u0a1368 (adj 0): stop org.mozilla.fennec_aurora
06-01 23:58:38.436  2398  2398 D CarrierSvcBindHelper: No carrier app for: 0
06-01 23:58:38.436  1456  1605 W zygote  : kill(-9913, 9) failed: No such process
06-01 23:58:38.437  2398  2398 D CarrierSvcBindHelper: No carrier app for: 1
06-01 23:58:38.453  1456  1605 W zygote  : kill(-9913, 9) failed: No such process
06-01 23:58:38.484  1456  1673 W ActivityManager: setHasOverlayUi called on unknown pid: 9913
06-01 23:58:38.485  1456  1605 I chatty  : uid=1000(system) ActivityManager identical 4 lines
06-01 23:58:38.499  1456  1605 W zygote  : kill(-9913, 9) failed: No such process
06-01 23:58:38.499  1456  1605 I zygote  : Successfully killed process cgroup uid 11368 pid 9913 in 86ms
06-01 23:58:38.500  1456  1605 W zygote  : kill(-9993, 9) failed: No such process
06-01 23:58:38.500  1456  1605 I zygote  : Successfully killed process cgroup uid 11368 pid 9993 in 0ms
06-01 23:58:38.533  1456  7570 I ActivityManager: START u0 {act=android.intent.action.MAIN cat=[android.intent.category.LAUNCHER] flg=0x10000000 cmp=org.mozilla.fennec_aurora/.App} from uid 2000
06-01 23:58:38.534   794   839 E ANDR-PERF-RESOURCEQS: Failed to apply optimization [4, 0]
06-01 23:58:38.554  1456  4679 I ActivityManager: Start proc 10126:org.mozilla.fennec_aurora/u0a1368 for activity org.mozilla.fennec_aurora/.App
06-01 23:58:38.645  9188  9261 I MicroDetectionState: Should stop hotword detection immediately - false
06-01 23:58:38.646  9188  9261 I MicroDetector: Keeping mic open: false
06-01 23:58:38.646  9188  9252 E DeviceStateChecker: DeviceStateChecker cancelled
06-01 23:58:38.646  9188  9261 I RecognitionAudioControl: #shutdownAudio [requestId: 8748124752214259166, keepAudioOpen: false, forced: true]
06-01 23:58:38.646  9188  9261 I RecognitionAudioControl: #internalShutdownAudio [requestId: 8748124752214259166]
06-01 23:58:38.646  9188  9261 I RecognitionAudioControl: #internalShutdownAudio [keepAudioOpen: false, forced: true]
06-01 23:58:38.646  9188  9261 I RecognitionAudioControl: #actualShutdownAudio
06-01 23:58:38.646  9188  9261 I AudioController: #shutdown [requestId=8748124752214259166]
06-01 23:58:38.647  9188  9254 I AudioController: internalShutdown
06-01 23:58:38.647  9188  9242 I MicroRecognitionRunner: Stopping hotword detection.
06-01 23:58:38.648  9188  8103 I MicroRecognitionRunner: Detection finished
06-01 23:58:38.682 10126 10126 I chatty  : uid=11368(org.mozilla.fennec_aurora) expire 56 lines
06-01 23:58:38.702   788  1479 D audio_hw_primary: disable_audio_route: usecase(9) reset and update mixer path: audio-record
06-01 23:58:38.703   788  1479 D audio_hw_primary: disable_snd_device: snd_device(120: voice-rec-mic)
06-01 23:58:38.704  1012  1390 D APM_AudioPolicyManager: stopInput() input 371086, session 371201
06-01 23:58:38.705   788  1479 D audio_hw_primary: in_set_parameters: enter: kvpairs=routing=0
06-01 23:58:38.707  9188  9254 I MicrophoneInputStream: mic_close  SR : 16000 CC : 16 SO : 1999
06-01 23:58:38.708  9188  9254 E AudioSource: Stop listening is called on already closed AudioSource
06-01 23:58:38.722 10126 10144 I chatty  : uid=11368(org.mozilla.fennec_aurora) expire 4 lines
06-01 23:58:38.746  2340  2441 I QCNEJ   : |CORE| CNE received action RSSI/Link Changed events: android.net.wifi.RSSI_CHANGED
06-01 23:58:38.746  2340  2441 D QCNEJ   : |CORE| Updating RSSI: -66
06-01 23:58:38.750  8531  8551 I CarrierServices: [580071] dji.a: FiST: Wifi connectivity status true
06-01 23:58:38.751  8531  8586 I CarrierServices: [580088] drv.a: (PEv2-SM): DisabledState: event Connectivity event
06-01 23:58:38.752  8531  8551 I CarrierServices: [580071] djm.d: Connected state: [1], networkType: [WIFI]
06-01 23:58:38.801 10126 10154 I chatty  : uid=11368(org.mozilla.fennec_aurora) expire 14 lines
06-01 23:58:38.824 10126 10153 I chatty  : uid=11368(org.mozilla.fennec_aurora) expire 23 lines
06-01 23:58:38.839 10126 10157 I chatty  : uid=11368(org.mozilla.fennec_aurora) expire 19 lines
06-01 23:58:38.902 10126 10166 I chatty  : uid=11368(org.mozilla.fennec_aurora) expire 6 lines
06-01 23:58:38.975 10126 10178 I chatty  : uid=11368(org.mozilla.fennec_aurora) expire 1 line
06-01 23:58:38.989  1456  2918 I ActivityManager: START u0 {act=android.intent.action.MAIN cat=[android.intent.category.LAUNCHER] flg=0x10000000 cmp=org.mozilla.fennec_aurora/org.mozilla.fenix.HomeActivity (has extras)} from uid 11368
06-01 23:58:39.013   808   808 D SurfaceFlinger: duplicate layer name: changing Splash Screen org.mozilla.fennec_aurora to Splash Screen org.mozilla.fennec_aurora#1
06-01 23:58:39.023 10126 10131 I chatty  : uid=11368(org.mozilla.fennec_aurora) expire 11 lines
06-01 23:58:39.057  1456  7570 I ActivityManager: Start proc 10216:org.mozilla.fennec_aurora:tab0/u0a1368 for service org.mozilla.fennec_aurora/org.mozilla.gecko.process.GeckoChildProcessServices$tab0
06-01 23:58:39.073 10126 10193 I chatty  : uid=11368(org.mozilla.fennec_aurora) expire 1 line
06-01 23:58:39.171 10216 10216 I chatty  : uid=11368(org.mozilla.fennec_aurora) expire 2 lines
06-01 23:58:39.172 10216 10236 I chatty  : uid=11368(org.mozilla.fennec_aurora) expire 1 line
06-01 23:58:39.458 10126 10176 I chatty  : uid=11368(org.mozilla.fennec_aurora) expire 1 line
06-01 23:58:39.460   808   898 I SFPerfTracer:      triggers: (rate: 0:1) (0 sw vsyncs) (0 skipped) (18:7515851 vsyncs) (20:15057452)
06-01 23:58:39.476 10126 10245 I chatty  : uid=11368(org.mozilla.fennec_aurora) expire 9 lines
06-01 23:58:39.487  1456  7570 D ConnectivityService: requestNetwork for uid/pid:11368/10126 NetworkRequest [ TRACK_DEFAULT id=57960, [ Capabilities: INTERNET&NOT_RESTRICTED&TRUSTED&NOT_VPN] ]
06-01 23:58:39.489  1456  2099 D Ethernet: got request NetworkRequest [ TRACK_DEFAULT id=57960, [ Capabilities: INTERNET&NOT_RESTRICTED&TRUSTED&NOT_VPN] ] with score 60
06-01 23:58:39.489  1456  2054 D WIFI_UT : got request NetworkRequest [ TRACK_DEFAULT id=57960, [ Capabilities: INTERNET&NOT_RESTRICTED&TRUSTED&NOT_VPN] ] with score 60
06-01 23:58:39.489  1456  2054 D WIFI    : got request NetworkRequest [ TRACK_DEFAULT id=57960, [ Capabilities: INTERNET&NOT_RESTRICTED&TRUSTED&NOT_VPN] ] with score 60
06-01 23:58:39.490  2398  2398 D PhoneSwitcherNetworkRequstListener: got request NetworkRequest [ TRACK_DEFAULT id=57960, [ Capabilities: INTERNET&NOT_RESTRICTED&TRUSTED&NOT_VPN] ] with score 60
06-01 23:58:39.496  1456  5027 I WifiService: getDhcpInfo uid=11368
06-01 23:58:39.597   808   808 I SFPerfTracer:      triggers: (rate: 93:2063329) (compose: 0:7) (post: 0:19) (render: 0:17) (0:11630032 frames) (1:14923834)
06-01 23:58:39.597   808   808 D SFPerfTracer:        layers: (3:11) (NavigationBar#0 (0xb07df000): 0:1170270) (StatusBar#0 (0xb07e3000): 0:2820733) (com.android.systemui.ImageWallpaper#0 (0xb07e7000): 0:109495)* (Sprite#0 (0xb0733000): 0:317)* (DimLayerController/Stack=0#0 (0xb075a000): 0:3866)* (Sprite#1 (0xb077c000): 0:195)* (org.mozilla.fennec_aurora/org.mozilla.fenix.HomeActivity#0 (0xb039b000): 0:71)- (com.android.launcher3/com.android.launcher3.CustomizationPanelLauncher#0 (0xb0763000): 0:42)* (com.android.launcher3/com.android.launcher3.CustomizationPanelLauncher#1 (0xb0771000): 0:11)* (Splash Screen org.mozilla.fennec_aurora#0 (0xb039b000): 0:19)- (Splash Screen org.mozilla.fennec_aurora#1 (0xafd20000): 0:20) 
06-01 23:58:39.632 10126 10252 I chatty  : uid=11368(org.mozilla.fennec_aurora) expire 5 lines
06-01 23:58:39.675  1456  1673 I LaunchCheckinHandler: Displayed org.mozilla.fennec_aurora/org.mozilla.fenix.HomeActivity,wp,ca,616
06-01 23:58:39.676  1456  1673 I ActivityManager: Displayed org.mozilla.fennec_aurora/org.mozilla.fenix.HomeActivity: +605ms (total +1s123ms)
06-01 23:58:39.705  9188  9188 I MemoryTrimmer: Trimming objects from memory, since app is in the background.
06-01 23:58:39.705  9188  9447 I PBSessionCacheImpl: Deleted sessionId[40410842412704975] from persistence.
06-01 23:58:39.709  1456  5027 I WifiService: getWifiEnabledState uid=10073
06-01 23:58:39.722  9188  9261 W SearchServiceCore: Abort, client detached.
06-01 23:58:39.722  9188  9261 I chatty  : uid=10073(com.google.android.googlequicksearchbox) EventBus0 identical 1 line
06-01 23:58:39.724  9188  9261 W SearchServiceCore: Abort, client detached.
06-01 23:58:40.018  1456  5027 I ActivityManager: Fully drawn org.mozilla.fennec_aurora/org.mozilla.fenix.HomeActivity: +959ms (total +1s477ms)
06-01 23:58:40.087 10126 10274 I chatty  : uid=11368(org.mozilla.fennec_aurora) expire 1 line
06-01 23:58:40.087 10126 10275 I chatty  : uid=11368(org.mozilla.fennec_aurora) expire 1 line
06-01 23:58:40.552 10126 10145 I chatty  : uid=11368(org.mozilla.fennec_aurora) expire 3 lines
06-01 23:58:40.557  1456  2067 D ConnectivityService: releasing NetworkRequest [ TRACK_DEFAULT id=57960, [ Capabilities: INTERNET&NOT_RESTRICTED&TRUSTED&NOT_VPN] ] (release request)
06-01 23:58:40.617 10126 10280 I chatty  : uid=11368(org.mozilla.fennec_aurora) expire 1 line
06-01 23:58:40.697 10126 10185 I chatty  : uid=11368(org.mozilla.fennec_aurora) expire 26 lines
06-01 23:58:44.191 10309 10309 D AndroidRuntime: >>>>>> START com.android.internal.os.RuntimeInit uid 2000 <<<<<<
06-01 23:58:44.203 10309 10309 W app_process: Could not reserve sentinel fault page
06-01 23:58:44.369 10309 10309 I app_process: The ClassLoaderContext is a special shared library.
06-01 23:58:44.433 10309 10309 D AndroidRuntime: Calling main entry com.android.commands.input.Input
06-01 23:58:44.434 10309 10309 I Input   : injectKeyEvent: KeyEvent { action=ACTION_DOWN, keyCode=KEYCODE_HOME, scanCode=0, metaState=0, flags=0x0, repeatCount=0, eventTime=23146392020, downTime=23146392020, deviceId=-1, source=0x101 }
06-01 23:58:44.446 10309 10309 I Input   : injectKeyEvent: KeyEvent { action=ACTION_UP, keyCode=KEYCODE_HOME, scanCode=0, metaState=0, flags=0x0, repeatCount=0, eventTime=23146392020, downTime=23146392020, deviceId=-1, source=0x101 }
06-01 23:58:44.453  1456  1941 I ActivityManager: START u0 {act=android.intent.action.MAIN cat=[android.intent.category.HOME] flg=0x10200000 cmp=com.android.launcher3/.CustomizationPanelLauncher (has extras)} from uid 1000
06-01 23:58:44.453   794   839 E ANDR-PERF-RESOURCEQS: Failed to apply optimization [4, 0]
06-01 23:58:44.460 10309 10309 D AndroidRuntime: Shutting down VM
06-01 23:58:44.468  1456  5027 I ActivityManager: moveHomeStack, setupComplete:true
06-01 23:58:44.485  9188  9259 I Adreno  : QUALCOMM build                   : bb5b86c, I77d3059488
06-01 23:58:44.485  9188  9259 I Adreno  : Build Date                       : 06/07/18
06-01 23:58:44.485  9188  9259 I Adreno  : OpenGL ES Shader Compiler Version: EV031.22.00.01_06
06-01 23:58:44.485  9188  9259 I Adreno  : Local Branch                     : 
06-01 23:58:44.485  9188  9259 I Adreno  : Remote Branch                    : refs/tags/AU_LINUX_ANDROID_LA.UM.6.5.R1.08.01.00.312.086
06-01 23:58:44.485  9188  9259 I Adreno  : Remote Branch                    : NONE
06-01 23:58:44.485  9188  9259 I Adreno  : Reconstruct Branch               : NOTHING
06-01 23:58:44.490  9188  9259 D vndksupport: Loading /vendor/lib/hw/gralloc.msm8937.so from current namespace instead of sphal namespace.
06-01 23:58:44.495  2748  2748 D Launcher.Utilities: Wakeup weather: Intent { act=com.motorola.launcher3.action.WAKEUP_WEATHER cmp=com.motorola.timeweatherwidget/com.motorola.commandcenter.weather.WakeUpService }
06-01 23:58:44.496  9188  9259 I Adreno  : PFP: 0x005ff087, ME: 0x005ff063
06-01 23:58:44.499  9188  9259 I zygote  : android::hardware::configstore::V1_0::ISurfaceFlingerConfigs::hasWideColorDisplay retrieved: 0
06-01 23:58:44.501  9188  9259 I OpenGLRenderer: Initialized EGL, version 1.4
06-01 23:58:44.501  9188  9259 D OpenGLRenderer: Swap behavior 2
06-01 23:58:44.506  1456  1456 I NotificationService: Cannot find enqueued record for key: 0|com.motorola.timeweatherwidget|1|null|10116
06-01 23:58:44.510   808   808 D SurfaceFlinger: duplicate layer name: changing com.android.launcher3/com.android.launcher3.CustomizationPanelLauncher to com.android.launcher3/com.android.launcher3.CustomizationPanelLauncher#1
06-01 23:58:44.538  9188  9251 W ThreadPoolDumper: Queue length for executor EventBus is now 11. Perhaps some tasks are too long, or the pool is too small.
06-01 23:58:44.540  1456  1471 I WifiService: getWifiEnabledState uid=10073
06-01 23:58:44.549  1456  1471 I WifiService: getWifiEnabledState uid=10073
06-01 23:58:44.597  1456  1673 I LaunchCheckinHandler: Displayed com.android.launcher3/.CustomizationPanelLauncher,wp,wa,144
06-01 23:58:44.603  9188  9188 I BgTaskExecutorImpl: Starting EXCLUSIVE background task TNG_MINUS_ONE_SYNC.
06-01 23:58:44.606  9188  9261 I MicroDetectionState: Should stop hotword detection immediately - false
06-01 23:58:44.615  9188  9261 I MicroDetectionWorker: #startMicroDetector [speakerMode: 0]
06-01 23:58:44.618  9188  9261 I AudioController: Created new AudioSource
06-01 23:58:44.620  9188  9261 I TngMinusOneSync: Syncing TNG:-1
06-01 23:58:44.621  9188  9248 I MicroDataManager: isInitializing-false locale not changed-true model not changed-true
06-01 23:58:44.621  9188  9248 I MicroDataManager: Already initialized, obtaining the hotword data immediately.
06-01 23:58:44.626  9188  9252 I MicroRecognitionRunner: Starting detection.
06-01 23:58:44.627  9188  9252 I InputStreamUtils: Using micInputStream
06-01 23:58:44.629  9188  9295 I MicrophoneInputStream: mic_starting  SR : 16000 CC : 16 SO : 1999
06-01 23:58:44.633   788  1479 V msm8974_platform: platform_check_input_mask: enter check_input_mask source 6 mask 10
06-01 23:58:44.636  1012 10324 I AudioFlinger: AudioFlinger's thread 0xb2483640 tid=10324 ready to run
06-01 23:58:44.642   788  1479 D audio_hw_primary: in_set_parameters: enter: kvpairs=input_source=6;routing=-2147483644
06-01 23:58:44.643  1012  1390 D APM_AudioPolicyManager: AudioPolicyManager::startInput() input 371094, session 371209, source = 1999
06-01 23:58:44.645   788 10325 V msm8974_platform: platform_update_usecase_from_source: input source :6
06-01 23:58:44.645   788 10325 V msm8974_platform: platform_check_input_mask: enter check_input_mask source 6 mask 10
06-01 23:58:44.645   788 10325 V msm8974_platform: platform_get_input_snd_device: enter: out_device(0) in_device(0x4) channel_count (1) channel_mask (0x10)
06-01 23:58:44.645   788 10325 V msm8974_platform: platform_get_input_snd_device: exit: in_snd_device(voice-rec-mic)
06-01 23:58:44.645   788 10325 V msm8974_platform: platform_get_backend_index:napb: backend port - 5 device - 120 
06-01 23:58:44.645   788 10325 V msm8974_platform: platform_check_and_set_capture_backend_cfg:txbecf: afe: bitwidth 0, samplerate 0, channel 1, backend_idx 5 usecase = 9 device (voice-rec-mic)
06-01 23:58:44.645   788 10325 V msm8974_platform: platform_check_capture_backend_cfg:txbecf: afe: Codec selected backend: 5 current bit width: 0 and sample rate: 0, channels 1
06-01 23:58:44.645   788 10325 V msm8974_platform: platform_check_capture_backend_cfg:txbecf: afe: Codec selected backend: 5 updated bit width: 0 and sample rate: 0
06-01 23:58:44.645   788 10325 I msm8974_platform: platform_check_capture_backend_cfg:txbecf: afe: Codec backend needs to be updated. new bit width: 0 new sample rate: 0 new channel: 1
06-01 23:58:44.645   788 10325 V msm8974_platform: platform_get_backend_index:napb: backend port - 5 device - 120 
06-01 23:58:44.645   788 10325 V msm8974_platform: platform_set_backend_cfg:becf: afe: bitwidth 0, samplerate 0 channels 1, backend_idx 5 device (voice-rec-mic)
06-01 23:58:44.646   788 10325 E msm8974_platform: platform_set_backend_cfg:becf: afe: Could not get ctl for mixer command - SLIM_0_TX Format
06-01 23:58:44.646   788 10325 V msm8974_platform: platform_send_audio_calibration: sending audio calibration for snd_device(120) acdb_id(62)
06-01 23:58:44.646   788 10325 D ACDB-LOADER: ACDB -> send_audio_cal, acdb_id = 62, path = 1, app id = 0x11130, sample rate = 48000
06-01 23:58:44.646   788 10325 D ACDB-LOADER: ACDB -> send_asm_topology
06-01 23:58:44.646   788 10325 D ACDB-LOADER: ACDB -> ACDB_CMD_GET_AUDPROC_STREAM_TOPOLOGY_ID
06-01 23:58:44.646   788 10325 D ACDB-LOADER: ACDB -> send_adm_topology
06-01 23:58:44.647   788 10325 D ACDB-LOADER: ACDB -> ACDB_CMD_GET_AUDPROC_COMMON_TOPOLOGY_ID
06-01 23:58:44.647   788 10325 D ACDB-LOADER: ACDB -> send_audtable
06-01 23:58:44.647   788 10325 D ACDB-LOADER: ACDB -> ACDB_CMD_GET_AUDPROC_COMMON_TABLE_SIZE
06-01 23:58:44.647   788 10325 D ACDB-LOADER: ACDB -> ACDB_CMD_GET_AUDPROC_COMMON_TABLE
06-01 23:58:44.647   788 10325 D ACDB-LOADER: ACDB -> AUDIO_SET_AUDPROC_CAL
06-01 23:58:44.647   788 10325 D ACDB-LOADER: ACDB -> send_audvoltable
06-01 23:58:44.647   788 10325 D ACDB-LOADER: ACDB -> ACDB_CMD_GET_AUDPROC_VOL_STEP_TABLE_SIZE
06-01 23:58:44.647   788 10325 D ACDB-LOADER: ACDB -> ACDB_CMD_GET_AUDPROC_GAIN_DEP_STEP_TABLE, vol index 0
06-01 23:58:44.647   788 10325 D         : Failed to fetch the lookup information of the device 0000003E 
06-01 23:58:44.647   788 10325 D ACDB-LOADER: ACDB -> AUDIO_SET_VOL_CAL cal type = 12
06-01 23:58:44.647  9188  9295 I MicrophoneInputStream: mic_started  SR : 16000 CC : 16 SO : 1999
06-01 23:58:44.647   788 10325 D ACDB-LOADER: ACDB -> ACDB_CMD_GET_AUDPROC_STREAM_TABLE_SIZE
06-01 23:58:44.647   788 10325 D ACDB-LOADER: ACDB -> send_audstrmtable
06-01 23:58:44.647   788 10325 D ACDB-LOADER: ACDB -> ACDB_CMD_GET_AUDPROC_STREAM_TABLE_V2
06-01 23:58:44.647   788 10325 D ACDB-LOADER: ACDB -> audstrm_cal->cal_type.cal_data.cal_size = 456
06-01 23:58:44.647   788 10325 D ACDB-LOADER: ACDB -> send_afe_topology
06-01 23:58:44.647   788 10325 D ACDB-LOADER: ACDB -> ACDB_CMD_GET_AFE_TOPOLOGY_ID
06-01 23:58:44.647   788 10325 D ACDB-LOADER: ACDB -> GET_AFE_TOPOLOGY_ID for adcd_id 62, Topology Id 112fb
06-01 23:58:44.647   788 10325 D ACDB-LOADER: ACDB -> send_afe_cal
06-01 23:58:44.647   788 10325 D ACDB-LOADER: ACDB -> ACDB_CMD_GET_AFE_COMMON_TABLE_SIZE
06-01 23:58:44.647   788 10325 D         : Failed to fetch the lookup information of the device 0000003E 
