02-03 22:02:17.258   788  3210 V msm8974_platform: platform_get_input_snd_device: enter: out_device(0) in_device(0x4) channel_count (1) channel_mask (0x10)
02-03 22:02:17.258   788  3210 V msm8974_platform: platform_get_input_snd_device: exit: in_snd_device(voice-rec-mic)
02-03 22:02:17.258   788  3210 V msm8974_platform: platform_get_backend_index:napb: backend port - 5 device - 120 
02-03 22:02:17.258   788  3210 V msm8974_platform: platform_check_and_set_capture_backend_cfg:txbecf: afe: bitwidth 0, samplerate 0, channel 1, backend_idx 5 usecase = 9 device (voice-rec-mic)
02-03 22:02:17.258   788  3210 V msm8974_platform: platform_check_capture_backend_cfg:txbecf: afe: Codec selected backend: 5 current bit width: 0 and sample rate: 0, channels 1
02-03 22:02:17.258   788  3210 V msm8974_platform: platform_check_capture_backend_cfg:txbecf: afe: Codec selected backend: 5 updated bit width: 0 and sample rate: 0
02-03 22:02:17.258   788  3210 I msm8974_platform: platform_check_capture_backend_cfg:txbecf: afe: Codec backend needs to be updated. new bit width: 0 new sample rate: 0 new channel: 1
02-03 22:02:17.258   788  3210 V msm8974_platform: platform_get_backend_index:napb: backend port - 5 device - 120 
02-03 22:02:17.258   788  3210 V msm8974_platform: platform_set_backend_cfg:becf: afe: bitwidth 0, samplerate 0 channels 1, backend_idx 5 device (voice-rec-mic)
02-03 22:02:17.259   788  3210 E msm8974_platform: platform_set_backend_cfg:becf: afe: Could not get ctl for mixer command - SLIM_0_TX Format
02-03 22:02:17.259   788  3210 V msm8974_platform: platform_send_audio_calibration: sending audio calibration for snd_device(120) acdb_id(62)
02-03 22:02:17.259   788  3210 D ACDB-LOADER: ACDB -> send_audio_cal, acdb_id = 62, path = 1, app id = 0x11130, sample rate = 48000
02-03 22:02:17.259   788  3210 D ACDB-LOADER: ACDB -> send_asm_topology
02-03 22:02:17.259   788  3210 D ACDB-LOADER: ACDB -> ACDB_CMD_GET_AUDPROC_STREAM_TOPOLOGY_ID
02-03 22:02:17.259   788  3210 D ACDB-LOADER: ACDB -> send_adm_topology
02-03 22:02:17.259   788  3210 D ACDB-LOADER: ACDB -> ACDB_CMD_GET_AUDPROC_COMMON_TOPOLOGY_ID
02-03 22:02:17.259   788  3210 D ACDB-LOADER: ACDB -> send_audtable
02-03 22:02:17.259   788  3210 D ACDB-LOADER: ACDB -> ACDB_CMD_GET_AUDPROC_COMMON_TABLE_SIZE
02-03 22:02:17.259   788  3210 D ACDB-LOADER: ACDB -> ACDB_CMD_GET_AUDPROC_COMMON_TABLE
02-03 22:02:17.259   788  3210 D ACDB-LOADER: ACDB -> AUDIO_SET_AUDPROC_CAL
02-03 22:02:17.259   788  3210 D ACDB-LOADER: ACDB -> send_audvoltable
02-03 22:02:17.260   788  3210 D ACDB-LOADER: ACDB -> ACDB_CMD_GET_AUDPROC_VOL_STEP_TABLE_SIZE
02-03 22:02:17.260   788  3210 D ACDB-LOADER: ACDB -> ACDB_CMD_GET_AUDPROC_GAIN_DEP_STEP_TABLE, vol index 0
02-03 22:02:17.260   788  3210 D         : Failed to fetch the lookup information of the device 0000003E 
02-03 22:02:17.260   788  3210 D ACDB-LOADER: ACDB -> AUDIO_SET_VOL_CAL cal type = 12
02-03 22:02:17.260   788  3210 D ACDB-LOADER: ACDB -> ACDB_CMD_GET_AUDPROC_STREAM_TABLE_SIZE
02-03 22:02:17.260   788  3210 D ACDB-LOADER: ACDB -> send_audstrmtable
02-03 22:02:17.260   788  3210 D ACDB-LOADER: ACDB -> ACDB_CMD_GET_AUDPROC_STREAM_TABLE_V2
02-03 22:02:17.260   788  3210 D ACDB-LOADER: ACDB -> audstrm_cal->cal_type.cal_data.cal_size = 456
02-03 22:02:17.260   788  3210 D ACDB-LOADER: ACDB -> send_afe_topology
02-03 22:02:17.260   788  3210 D ACDB-LOADER: ACDB -> ACDB_CMD_GET_AFE_TOPOLOGY_ID
02-03 22:02:17.260   788  3210 D ACDB-LOADER: ACDB -> GET_AFE_TOPOLOGY_ID for adcd_id 62, Topology Id 112fb
02-03 22:02:17.260   788  3210 D ACDB-LOADER: ACDB -> send_afe_cal
02-03 22:02:17.260   788  3210 D ACDB-LOADER: ACDB -> ACDB_CMD_GET_AFE_COMMON_TABLE_SIZE
02-03 22:02:17.260   788  3210 D         : Failed to fetch the lookup information of the device 0000003E 
02-03 22:02:17.260   788  3210 E ACDB-LOADER: Error: ACDB_CMD_GET_AFE_COMMON_TABLE_SIZE Returned = -19
02-03 22:02:17.260   788  3210 D ACDB-LOADER: ACDB -> ACDB_CMD_GET_AFE_COMMON_TABLE
02-03 22:02:17.260   788  3210 D         : Failed to fetch the lookup information of the device 0000003E 
02-03 22:02:17.261   788  3210 D ACDB-LOADER: ACDB -> AUDIO_SET_AFE_CAL
02-03 22:02:17.261   788  3210 D ACDB-LOADER: ACDB -> send_hw_delay : acdb_id = 62 path = 1
02-03 22:02:17.261   788  3210 D ACDB-LOADER: ACDB -> ACDB_AVSYNC_INFO: ACDB_CMD_GET_DEVICE_PROPERTY
02-03 22:02:17.261   788  3210 D audio_hw_primary: enable_snd_device: snd_device(120: voice-rec-mic)
02-03 22:02:17.261   788  3210 D audio_route: Apply path: voice-rec-mic
02-03 22:02:17.264   788  3210 V msm8974_platform: platform_get_snd_device_backend_index: enter with device 120
02-03 22:02:17.264   788  3210 E msm8974_platform: platform_get_snd_device_backend_index: BE DAI Name Table is not present
02-03 22:02:17.264   788  3210 V msm8974_platform: platform_get_backend_index:napb: backend port - 5 device - 120 
02-03 22:02:17.264   788  3210 I audio_hw_utils: Set Audio Stream Capture 0 App Type Cfg: app_type 69936, acdb_dev_id 62, sample_rate 48000, snd_device_be_idx -14
02-03 22:02:17.264   788  3210 D audio_hw_primary: enable_audio_route: usecase(9) apply and update mixer path: audio-record
02-03 22:02:17.264   788  3210 D audio_route: Apply path: audio-record
02-03 22:02:17.333 20023 20165 I MicroDetectionWorker: onReady
02-03 22:02:17.643  1456  7796 I OpenGLRenderer: Initialized EGL, version 1.4
02-03 22:02:17.643  1456  7796 D OpenGLRenderer: Swap behavior 2
02-03 22:02:17.688  2748  2917 W OpenGLRenderer: Incorrectly called buildLayer on View: ShortcutAndWidgetContainer, destroying layer...
02-03 22:02:17.784  2868  2868 D GeckoRuntime: Lifecycle: onPause
02-03 22:02:17.784  2868  2868 D GeckoNetworkManager: Incoming event stop for state OnWithListeners -> OffWithListeners
02-03 22:02:17.785  2868  2868 I SessionStorage/AutoSave: Save: Background
02-03 22:02:17.791  2868  2895 I libglean_ffi: glean_core::ping: Collecting baseline
02-03 22:02:17.794  2868  2944 D SessionStorage/AutoSave: Saved state to disk [8ms]
02-03 22:02:17.796  2868  2895 D libglean_ffi: glean_core::ping: Storing ping 'c4ae45b8-f163-404b-8564-a381c39a8f8f' at '/data/user/0/org.mozilla.fenix.nightly/glean_data/pending_pings/c4ae45b8-f163-404b-8564-a381c39a8f8f'
02-03 22:02:17.797  2868  2895 I libglean_ffi: glean_core: The ping 'baseline' was submitted and will be sent as soon as possible
02-03 22:02:17.797  2868  2895 I libglean_ffi: glean_core::ping: Collecting events
02-03 22:02:17.800  2868  2895 D libglean_ffi: glean_core::ping: Storing ping '9d0eab34-61d6-4af1-8464-41bc05ef5ac1' at '/data/user/0/org.mozilla.fenix.nightly/glean_data/pending_pings/9d0eab34-61d6-4af1-8464-41bc05ef5ac1'
02-03 22:02:17.801  2868  2895 I libglean_ffi: glean_core: The ping 'events' was submitted and will be sent as soon as possible
02-03 22:02:17.813 13975  6283 I Icing   : Indexing com.google.android.gms-apps from com.google.android.gms
02-03 22:02:17.820   808   898 I SFPerfTracer:      triggers: (rate: 0:0) (0 sw vsyncs) (0 skipped) (37:3439943 vsyncs) (39:6127486)
02-03 22:02:17.838  1343  1343 I Finsky  : [2] pow.onTrimMemory(1): Memory trim requested to level 80
02-03 22:02:17.842  1456  7556 D ConnectivityService: requestNetwork for uid/pid:10820/2868 NetworkRequest [ TRACK_DEFAULT id=24513, [ Capabilities: INTERNET&NOT_RESTRICTED&TRUSTED&NOT_VPN] ]
02-03 22:02:17.843  1456  2099 D Ethernet: got request NetworkRequest [ TRACK_DEFAULT id=24513, [ Capabilities: INTERNET&NOT_RESTRICTED&TRUSTED&NOT_VPN] ] with score 60
02-03 22:02:17.844  2398  2398 D PhoneSwitcherNetworkRequstListener: got request NetworkRequest [ TRACK_DEFAULT id=24513, [ Capabilities: INTERNET&NOT_RESTRICTED&TRUSTED&NOT_VPN] ] with score 60
02-03 22:02:17.844  1456  2054 D WIFI_UT : got request NetworkRequest [ TRACK_DEFAULT id=24513, [ Capabilities: INTERNET&NOT_RESTRICTED&TRUSTED&NOT_VPN] ] with score 60
02-03 22:02:17.844  1456  2054 D WIFI    : got request NetworkRequest [ TRACK_DEFAULT id=24513, [ Capabilities: INTERNET&NOT_RESTRICTED&TRUSTED&NOT_VPN] ] with score 60
02-03 22:02:17.859  2868  3213 D glean/PingUploadWorker: Processing persisted pings at /data/user/0/org.mozilla.fenix.nightly/glean_data/pending_pings
02-03 22:02:17.860  2868  3213 D glean/PingUploadWorker: Processing ping: c4ae45b8-f163-404b-8564-a381c39a8f8f
02-03 22:02:17.863  2868  3213 D glean/ConceptFetchHttpUploader: Submitting ping to: https://incoming.telemetry.mozilla.org/submit/org-mozilla-fenix-nightly/baseline/1/c4ae45b8-f163-404b-8564-a381c39a8f8f
02-03 22:02:17.870 13975  6283 I Icing   : Indexing done com.google.android.gms-apps
02-03 22:02:18.208  2868  3213 D glean/ConceptFetchHttpUploader: Ping successfully sent (200)
02-03 22:02:18.208  2868  3213 D glean/PingUploadWorker: c4ae45b8-f163-404b-8564-a381c39a8f8f was deleted: true
02-03 22:02:18.209  2868  3213 D glean/PingUploadWorker: Processing ping: 9d0eab34-61d6-4af1-8464-41bc05ef5ac1
02-03 22:02:18.210  2868  3213 D glean/ConceptFetchHttpUploader: Submitting ping to: https://incoming.telemetry.mozilla.org/submit/org-mozilla-fenix-nightly/events/1/9d0eab34-61d6-4af1-8464-41bc05ef5ac1
02-03 22:02:18.359  2868  3213 D glean/ConceptFetchHttpUploader: Ping successfully sent (200)
02-03 22:02:18.360  2868  3213 D glean/PingUploadWorker: 9d0eab34-61d6-4af1-8464-41bc05ef5ac1 was deleted: true
02-03 22:02:18.361  2868  2894 I WM-WorkerWrapper: Worker result SUCCESS for Work [ id=6787b08b-382d-4f5f-9389-f8b5a399a807, tags={ mozilla.telemetry.glean.scheduler.PingUploadWorker, mozac_service_glean_ping_upload_worker } ]
02-03 22:02:18.365  1456  2067 D ConnectivityService: releasing NetworkRequest [ TRACK_DEFAULT id=24513, [ Capabilities: INTERNET&NOT_RESTRICTED&TRUSTED&NOT_VPN] ] (release request)
02-03 22:02:21.044  1456  2402 W ActivityManager: Background start not allowed: service Intent { cmp=com.google.android.apps.messaging/.shared.datamodel.action.execution.ActionExecutorImpl$EmptyService } to com.google.android.apps.messaging/.shared.datamodel.action.execution.ActionExecutorImpl$EmptyService from pid=2789 uid=10110 pkg=com.google.android.apps.messaging
02-03 22:02:21.045  2789  2789 W BugleDataModel: ActionExecutorImpl: Action started execution, but we can't guarantee it will complete, the app may be killed. Action: class com.google.android.apps.messaging.shared.datamodel.action.GenericWorkerQueueAction-GenericWorkerQueueAction:13313418161008
02-03 22:02:21.045  2789  2789 W BugleDataModel: java.lang.IllegalStateException: Not allowed to start service Intent { cmp=com.google.android.apps.messaging/.shared.datamodel.action.execution.ActionExecutorImpl$EmptyService }: app is in background uid UidRecord{2a76a2a u0a110 CEM  idle change:cached procs:1 seq(0,0,0)}
02-03 22:02:21.045  2789  2789 W BugleDataModel: 	at android.app.ContextImpl.startServiceCommon(ContextImpl.java:1536)
02-03 22:02:21.045  2789  2789 W BugleDataModel: 	at android.app.ContextImpl.startService(ContextImpl.java:1492)
02-03 22:02:21.045  2789  2789 W BugleDataModel: 	at android.content.ContextWrapper.startService(ContextWrapper.java:650)
02-03 22:02:21.045  2789  2789 W BugleDataModel: 	at com.google.android.apps.messaging.shared.datamodel.action.execution.ActionExecutorImpl.a(PG:94)
02-03 22:02:21.045  2789  2789 W BugleDataModel: 	at com.google.android.apps.messaging.shared.datamodel.action.execution.ActionExecutorImpl.a(PG:89)
02-03 22:02:21.045  2789  2789 W BugleDataModel: 	at fib.c(PG:113)
02-03 22:02:21.045  2789  2789 W BugleDataModel: 	at fhy.run(PG:1)
02-03 22:02:21.045  2789  2789 W BugleDataModel: 	at zit.run(PG:3)
02-03 22:02:21.045  2789  2789 W BugleDataModel: 	at android.os.Handler.handleCallback(Handler.java:790)
02-03 22:02:21.045  2789  2789 W BugleDataModel: 	at android.os.Handler.dispatchMessage(Handler.java:99)
02-03 22:02:21.045  2789  2789 W BugleDataModel: 	at android.os.Looper.loop(Looper.java:164)
02-03 22:02:21.045  2789  2789 W BugleDataModel: 	at android.app.ActivityThread.main(ActivityThread.java:6626)
02-03 22:02:21.045  2789  2789 W BugleDataModel: 	at java.lang.reflect.Method.invoke(Native Method)
02-03 22:02:21.045  2789  2789 W BugleDataModel: 	at com.android.internal.os.RuntimeInit$MethodAndArgsCaller.run(RuntimeInit.java:438)
02-03 22:02:21.045  2789  2789 W BugleDataModel: 	at com.android.internal.os.ZygoteInit.main(ZygoteInit.java:811)
02-03 22:02:22.252  1456  7556 I ActivityManager: Force stopping org.mozilla.fenix.nightly appid=10820 user=0: from pid 3219
02-03 22:02:22.252  1456  7556 I ActivityManager: Killing 2868:org.mozilla.fenix.nightly/u0a820 (adj 700): stop org.mozilla.fenix.nightly
02-03 22:02:22.254  1456  1605 W zygote  : kill(-2868, 9) failed: No such process
02-03 22:02:22.256  2989  2989 I ServiceChildProcess: Service has been unbound. Stopping.
02-03 22:02:22.256  1456  7556 W ActivityManager: Force removing ActivityRecord{54deb1d u0 org.mozilla.fenix.nightly/org.mozilla.fenix.HomeActivity t22585}: app died, no saved state
02-03 22:02:22.257  3007  3007 I ServiceChildProcess: Service has been unbound. Stopping.
02-03 22:02:22.268  1456  7556 I ActivityManager: Killing 3007:org.mozilla.fenix.nightly:socket/u0a820 (adj 0): stop org.mozilla.fenix.nightly
02-03 22:02:22.268  1456  1605 W zygote  : kill(-2868, 9) failed: No such process
02-03 22:02:22.271  1456  7556 I ActivityManager: Killing 2989:org.mozilla.fenix.nightly:tab/u0a820 (adj 0): stop org.mozilla.fenix.nightly
02-03 22:02:22.276  1343  1343 I Finsky  : [2] pow.onTrimMemory(1): Memory trim requested to level 80
02-03 22:02:22.282  1456  1605 W zygote  : kill(-2868, 9) failed: No such process
02-03 22:02:22.283  2398  2398 D CarrierSvcBindHelper: No carrier app for: 0
02-03 22:02:22.285  2398  2398 D CarrierSvcBindHelper: No carrier app for: 1
02-03 22:02:22.298  1456  1605 W zygote  : kill(-2868, 9) failed: No such process
02-03 22:02:22.336  1456  1673 W ActivityManager: setHasOverlayUi called on unknown pid: 2868
02-03 22:02:22.342  1456  1605 I chatty  : uid=1000(system) ActivityManager identical 3 lines
02-03 22:02:22.357  1456  1605 W zygote  : kill(-2868, 9) failed: No such process
02-03 22:02:22.357  1456  1605 I zygote  : Successfully killed process cgroup uid 10820 pid 2868 in 103ms
02-03 22:02:22.358  1456  1605 W zygote  : kill(-3007, 9) failed: No such process
02-03 22:02:22.358  1456  1605 I zygote  : Successfully killed process cgroup uid 10820 pid 3007 in 0ms
02-03 22:02:22.358  1456  1605 W zygote  : kill(-2989, 9) failed: No such process
02-03 22:02:22.358  1456  1605 I zygote  : Successfully killed process cgroup uid 10820 pid 2989 in 0ms
02-03 22:02:22.384  1456  2915 I ActivityManager: START u0 {act=android.intent.action.VIEW dat=about:blank typ=text/html flg=0x10000000 cmp=org.mozilla.fenix.nightly/org.mozilla.fenix.IntentReceiverActivity} from uid 2000
02-03 22:02:22.385   794   839 E ANDR-PERF-RESOURCEQS: Failed to apply optimization [4, 0]
02-03 22:02:22.405  1456  2401 I ActivityManager: Start proc 3229:org.mozilla.fenix.nightly/u0a820 for activity org.mozilla.fenix.nightly/org.mozilla.fenix.IntentReceiverActivity
02-03 22:02:22.493 20023 20165 I MicroDetectionState: Should stop hotword detection immediately - false
02-03 22:02:22.493 20023 20165 I MicroDetector: Keeping mic open: false
02-03 22:02:22.493 20023 20165 I RecognitionAudioControl: #shutdownAudio [requestId: -7532132480519906630, keepAudioOpen: false, forced: true]
02-03 22:02:22.493 20023 20105 E DeviceStateChecker: DeviceStateChecker cancelled
02-03 22:02:22.493 20023 20165 I RecognitionAudioControl: #internalShutdownAudio [requestId: -7532132480519906630]
02-03 22:02:22.493 20023 20165 I RecognitionAudioControl: #internalShutdownAudio [keepAudioOpen: false, forced: true]
02-03 22:02:22.493 20023 20165 I RecognitionAudioControl: #actualShutdownAudio
02-03 22:02:22.494 20023 20165 I AudioController: #shutdown [requestId=-7532132480519906630]
02-03 22:02:22.494 20023 20125 I AudioController: internalShutdown
02-03 22:02:22.494 20023 20096 I MicroRecognitionRunner: Stopping hotword detection.
02-03 22:02:22.544  3229  3229 D FirebaseApp: com.google.firebase.auth.FirebaseAuth is not linked. Skipping initialization.
02-03 22:02:22.545  3229  3229 D FirebaseApp: com.google.firebase.crash.FirebaseCrash is not linked. Skipping initialization.
02-03 22:02:22.546  3229  3229 I FirebaseInitProvider: FirebaseApp initialization successful
02-03 22:02:22.552   788   788 D audio_hw_primary: disable_audio_route: usecase(9) reset and update mixer path: audio-record
02-03 22:02:22.552   788   788 D audio_hw_primary: disable_snd_device: snd_device(120: voice-rec-mic)
02-03 22:02:22.554  1012 19499 D APM_AudioPolicyManager: stopInput() input 118710, session 118785
02-03 22:02:22.554   788   788 D audio_hw_primary: in_set_parameters: enter: kvpairs=routing=0
02-03 22:02:22.556 20023 20125 I MicrophoneInputStream: mic_close  SR : 16000 CC : 16 SO : 1999
02-03 22:02:22.556 20023 20125 E AudioSource: Stop listening is called on already closed AudioSource
02-03 22:02:22.557 20023 20207 I MicroRecognitionRunner: Detection finished
02-03 22:02:22.601  3229  3247 I FA      : Collection disabled with firebase_analytics_collection_enabled=0
02-03 22:02:22.602  3229  3247 I FA      : App measurement is starting up, version: 12780
02-03 22:02:22.602  3229  3247 I FA      : To enable debug logging run: adb shell setprop log.tag.FA VERBOSE
02-03 22:02:22.602  3229  3247 I FA      : To enable faster debug mode event logging run:
02-03 22:02:22.602  3229  3247 I FA      :   adb shell setprop debug.firebase.analytics.app org.mozilla.fenix.nightly
02-03 22:02:22.607  3229  3229 D FenixApplication: Initializing Glean (uploadEnabled=true, isFennec=false)
02-03 22:02:22.623  3229  3229 D libglean_ffi: glean_ffi: Android logging should be hooked up!
02-03 22:02:22.625  3229  3229 I glean/Glean: Registering pings for mozilla.telemetry.glean.GleanMetrics.Pings
02-03 22:02:22.630  3229  3229 I libglean_ffi: glean_core: Creating new Glean
02-03 22:02:22.630  3229  3229 D libglean_ffi: glean_core::database: Database path: "/data/user/0/org.mozilla.fenix.nightly/glean_data/db"
02-03 22:02:22.631  3229  3229 I libglean_ffi: glean_core::database: Database initialized
02-03 22:02:22.631  3229  3229 I libglean_ffi: glean_ffi: Glean initialized
02-03 22:02:22.648  3229  3229 D glean/MetricsPingSched: The 'metrics' ping was last sent on Mon Feb 03 00:00:00 EST 2020
02-03 22:02:22.648  3229  3229 I glean/MetricsPingSched: The 'metrics' ping was already sent today, Mon Feb 03 22:02:22 EST 2020.
02-03 22:02:22.649  3229  3229 D glean/MetricsPingSched: Scheduling the 'metrics' ping in 21457363ms
02-03 22:02:22.650  3229  3253 D libglean_ffi: glean_core: Clearing Lifetime::Application metrics
02-03 22:02:22.679  3229  3229 I glean/Dispatchers: Initial tasks queue completed successfully
02-03 22:02:22.684  3229  3257 D RustNativeSupport: findMegazordLibraryName(viaduct, 0.48.3
02-03 22:02:22.684  3229  3257 D RustNativeSupport: lib in use: none
02-03 22:02:22.684  3229  3257 D RustNativeSupport: lib configured: fenix
02-03 22:02:22.684  3229  3257 D RustNativeSupport: lib version configured: 0.48.3
02-03 22:02:22.684  3229  3257 D RustNativeSupport: settled on fenix
02-03 22:02:22.697  3229  3234 I zygote  : Do partial code cache collection, code=17KB, data=16KB
02-03 22:02:22.699  3229  3234 I zygote  : After code cache collection, code=17KB, data=16KB
02-03 22:02:22.699  3229  3234 I zygote  : Increasing code cache capacity to 128KB
02-03 22:02:22.702  3229  3257 D RustNativeSupport: findMegazordLibraryName(rustlog, 0.48.3
02-03 22:02:22.702  3229  3257 D RustNativeSupport: lib in use: none
02-03 22:02:22.702  3229  3257 D RustNativeSupport: lib configured: fenix
02-03 22:02:22.702  3229  3257 D RustNativeSupport: lib version configured: 0.48.3
02-03 22:02:22.702  3229  3257 D RustNativeSupport: settled on fenix
02-03 22:02:22.706  3229  3257 I rc_log_ffi::ios: rc_log adapter initialized!
02-03 22:02:22.746  3229  3229 D GeckoThread: State changed to LAUNCHED
02-03 22:02:22.746  3229  3263 I GeckoThread: preparing to run Gecko
02-03 22:02:22.753  3229  3229 D GeckoRuntime: Lifecycle: onCreate
02-03 22:02:22.754  3229  3263 D GeckoThread: State changed to MOZGLUE_READY
02-03 22:02:22.765  3229  3263 W Settings: Setting animator_duration_scale has moved from android.provider.Settings.System to android.provider.Settings.Global, returning read-only global URI.
02-03 22:02:22.766  3229  3229 I zygote  : Deoptimizing java.lang.Object androidx.collection.SimpleArrayMap.put(java.lang.Object, java.lang.Object) due to JIT inline cache
02-03 22:02:22.766  3229  3263 E GeckoLibLoad: Load sqlite start
02-03 22:02:22.767  3229  3229 D GleanMetricsService: Enabling Glean.
02-03 22:02:22.786  3229  3263 W GeckoLinker: /data/app/org.mozilla.fenix.nightly-zMCWoX6FWeRWWu-I89v17A==/lib/arm/libnss3.so: unhandled flags #8 not handled
02-03 22:02:22.789  3229  3253 I libglean_ffi: glean_core: Upload enabled: true
02-03 22:02:22.791  3229  3263 W GeckoLinker: /data/app/org.mozilla.fenix.nightly-zMCWoX6FWeRWWu-I89v17A==/lib/arm/libnss3.so: Relocation to NULL @0x001c7ffc for symbol "__cxa_type_match"
02-03 22:02:22.792  3229  3263 E GeckoLibLoad: Load sqlite done
02-03 22:02:22.792  3229  3263 E GeckoLibLoad: Load nss start
02-03 22:02:22.792  3229  3263 E GeckoLibLoad: Load nss done
02-03 22:02:22.793  3229  3263 W GeckoLinker: /data/app/org.mozilla.fenix.nightly-zMCWoX6FWeRWWu-I89v17A==/lib/arm/libxul.so: unhandled flags #8 not handled
02-03 22:02:22.793  3229  3263 W GeckoLinker: /data/app/org.mozilla.fenix.nightly-zMCWoX6FWeRWWu-I89v17A==/lib/arm/liblgpllibs.so: unhandled flags #8 not handled
02-03 22:02:22.825  3229  3263 E GeckoLibLoad: Loaded libs in 32.677555ms total, 20ms(60ms) user, 13ms(23ms) system, 0(0) faults
02-03 22:02:22.825  3229  3263 D GeckoThread: State changed to LIBS_READY
02-03 22:02:22.827  3229  3263 W GeckoThread: zerdatime 13313431501 - runGecko
02-03 22:02:22.830  3229  3263 D GeckoProfile: Loading profile at: null name: default
02-03 22:02:22.831  3229  3263 D GeckoProfile: Found profile dir: /data/user/0/org.mozilla.fenix.nightly/files/mozilla/q9evzss6.default
02-03 22:02:22.848  3229  3229 W [WARNING][Leanplum]: [com.leanplum.internal.ActionManager::getLocationManager::8]: Geofencing support requires leanplum-location module and Google Play Services v8.1 and higher.
02-03 22:02:22.848  3229  3229 W [WARNING][Leanplum]: Add this to your build.gradle file:
02-03 22:02:22.848  3229  3229 W [WARNING][Leanplum]: implementation 'com.google.android.gms:play-services-location:8.3.0+'
02-03 22:02:22.848  3229  3229 W [WARNING][Leanplum]: implementation 'com.leanplum:leanplum-location:+'
02-03 22:02:22.857  3229  3229 I [INFO][Leanplum]: [com.leanplum.monitoring.ExceptionHandler::setContext::6]: LeanplumExceptionHandler could not initialize Exception Reporting.This is expected if you have not included the leanplum-monitoring module
02-03 22:02:22.874  3229  3229 I FirefoxAccountStateMachine: Enabling/updating sync with a new SyncConfig: SyncConfig(supportedEngines=[mozilla.components.service.fxa.SyncEngine$History@40b3d18, mozilla.components.service.fxa.SyncEngine$Bookmarks@df68371, mozilla.components.service.fxa.SyncEngine$Passwords@8689556], syncPeriodInMinutes=240)
02-03 22:02:22.879  3229  3229 I BgSyncManager: Periodic syncing enabled at a 240 interval
02-03 22:02:22.879  3229  3229 I FirefoxAccountStateMachine: Sync is enabled
02-03 22:02:22.880  3229  3229 D PushConfig: Creating push configuration for autopush.
02-03 22:02:22.885  3229  3276 D AutoPushFeature: Initializing native component with the cached token.
02-03 22:02:22.887  3229  3276 D RustNativeSupport: findMegazordLibraryName(push, 0.48.3
02-03 22:02:22.887  3229  3276 D RustNativeSupport: lib in use: none
02-03 22:02:22.887  3229  3276 D RustNativeSupport: lib configured: fenix
02-03 22:02:22.887  3229  3276 D RustNativeSupport: lib version configured: 0.48.3
02-03 22:02:22.888  3229  3276 D RustNativeSupport: settled on fenix
02-03 22:02:22.889  3229  3279 I FirefoxAccountStateMachine: Processing event Event$Init for state Start. Next state is Start
02-03 22:02:22.890  3229  3229 I App     : AutoPushFeature is configured, initializing it...
02-03 22:02:22.890  3229  3229 I AutoPushFeature: Checking validity of push subscriptions.
02-03 22:02:22.902  3229  3279 I FirefoxAccountStateMachine: Ran 'Event$Init' side-effects for state Start, got successive event Event$AccountNotFound
02-03 22:02:22.902  3229  3279 I FirefoxAccountStateMachine: Processing event Event$AccountNotFound for state Start. Next state is NotAuthenticated
02-03 22:02:22.904  3229  3279 D RustNativeSupport: findMegazordLibraryName(fxaclient, 0.48.3
02-03 22:02:22.904  3229  3279 D RustNativeSupport: lib in use: none
02-03 22:02:22.904  3229  3279 D RustNativeSupport: lib configured: fenix
02-03 22:02:22.904  3229  3279 D RustNativeSupport: lib version configured: 0.48.3
02-03 22:02:22.904  3229  3279 D RustNativeSupport: settled on fenix
02-03 22:02:22.907  3229  3279 D fxaclient_ffi: fxa_new
02-03 22:02:22.932  3229  3229 D GeckoRuntime: Lifecycle: onStart
02-03 22:02:22.942  3229  3229 D GeckoRuntime: Lifecycle: onResume
02-03 22:02:22.943  3229  3229 D GeckoNetworkManager: Incoming event start for state OffNoListeners -> OnNoListeners
02-03 22:02:22.944  3229  3229 D GeckoNetworkManager: New network state: UP, WIFI, WIFI
02-03 22:02:22.945  3229  3268 D NetworkSecurityConfig: No Network Security Config specified, using platform default
02-03 22:02:22.961  3229  3289 D OpenGLRenderer: HWUI GL Pipeline
02-03 22:02:22.970  3229  3229 I glean/Glean: Registering pings for org.mozilla.fenix.GleanMetrics.Pings
02-03 22:02:22.998  3229  3229 D App     : ActivationPing - already generated
02-03 22:02:23.039  3229  3234 I zygote  : Do partial code cache collection, code=52KB, data=36KB
02-03 22:02:23.044  3229  3234 I zygote  : After code cache collection, code=50KB, data=35KB
02-03 22:02:23.044  3229  3234 I zygote  : Increasing code cache capacity to 256KB
02-03 22:02:23.098  1456  2401 I ActivityManager: START u0 {act=android.intent.action.VIEW dat=about:blank typ=text/html flg=0x10000000 cmp=org.mozilla.fenix.nightly/org.mozilla.fenix.HomeActivity (has extras)} from uid 10820
02-03 22:02:23.106  3229  3229 D GeckoNetworkManager: Incoming event receivedUpdate for state OnNoListeners -> OnNoListeners
02-03 22:02:23.108  3229  3229 D GeckoNetworkManager: New network state: UP, WIFI, WIFI
02-03 22:02:23.110  1456  2162 I WifiService: getDhcpInfo uid=10820
02-03 22:02:23.119  3229  3289 I Adreno  : QUALCOMM build                   : bb5b86c, I77d3059488
02-03 22:02:23.119  3229  3289 I Adreno  : Build Date                       : 06/07/18
02-03 22:02:23.119  3229  3289 I Adreno  : OpenGL ES Shader Compiler Version: EV031.22.00.01_06
02-03 22:02:23.119  3229  3289 I Adreno  : Local Branch                     : 
02-03 22:02:23.119  3229  3289 I Adreno  : Remote Branch                    : refs/tags/AU_LINUX_ANDROID_LA.UM.6.5.R1.08.01.00.312.086
02-03 22:02:23.119  3229  3289 I Adreno  : Remote Branch                    : NONE
02-03 22:02:23.119  3229  3289 I Adreno  : Reconstruct Branch               : NOTHING
02-03 22:02:23.120  3229  3289 D vndksupport: Loading /vendor/lib/hw/gralloc.msm8937.so from current namespace instead of sphal namespace.
02-03 22:02:23.125  3229  3289 I Adreno  : PFP: 0x005ff087, ME: 0x005ff063
02-03 22:02:23.135  3229  3289 I zygote  : android::hardware::configstore::V1_0::ISurfaceFlingerConfigs::hasWideColorDisplay retrieved: 0
02-03 22:02:23.138  3229  3289 I OpenGLRenderer: Initialized EGL, version 1.4
02-03 22:02:23.139  3229  3289 D OpenGLRenderer: Swap behavior 2
02-03 22:02:23.175  1456  1889 I WindowManager: Keep hide if surface has never drawn Window{83b0346 u0 org.mozilla.fenix.nightly/org.mozilla.fenix.IntentReceiverActivity}
02-03 22:02:23.177  1456  1889 I WindowManager: Failed to capture screenshot of Token{d5f59ca ActivityRecord{97c8135 u0 org.mozilla.fenix.nightly/org.mozilla.fenix.IntentReceiverActivity t22586 f}} appWin=Window{83b0346 u0 org.mozilla.fenix.nightly/org.mozilla.fenix.IntentReceiverActivity} drawState=3
02-03 22:02:23.184  3229  3263 I Gecko:DumpUtils: Fifo watcher disabled via pref.
02-03 22:02:23.185  1456  1673 I LaunchCheckinHandler: Displayed org.mozilla.fenix.nightly/org.mozilla.fenix.IntentReceiverActivity,cp,ca,791
02-03 22:02:23.188  1343  1343 I Finsky  : [2] pow.onTrimMemory(1): Memory trim requested to level 80
02-03 22:02:23.227  3229  3229 D PhoneWindow: Restoring navigation bar divider color to default value = 0x00000000
02-03 22:02:23.235  3229  3263 D GeckoSysInfo: System memory: 1867MB.
02-03 22:02:23.238  3229  3263 D GeckoThread: State changed to JNI_READY
02-03 22:02:23.256  1456  3925 I ActivityManager: Start proc 3330:org.mozilla.fenix.nightly:tab/u0a820 for service org.mozilla.fenix.nightly/org.mozilla.gecko.process.GeckoServiceChildProcess$tab
02-03 22:02:23.282  3229  3229 I NavController: Ignoring popBackStack to destination org.mozilla.fenix.nightly:id/browserFragment as it was not found on the current back stack
02-03 22:02:23.375  1456  2915 I ActivityManager: Start proc 3347:org.mozilla.fenix.nightly:socket/u0a820 for service org.mozilla.fenix.nightly/org.mozilla.gecko.process.GeckoServiceChildProcess$socket
02-03 22:02:23.410  3330  3330 D GeckoThread: State changed to LAUNCHED
02-03 22:02:23.410  3330  3366 I GeckoThread: preparing to run Gecko
02-03 22:02:23.451  3229  3302 D RustNativeSupport: findMegazordLibraryName(places, 0.48.3
02-03 22:02:23.451  3229  3302 D RustNativeSupport: lib in use: none
02-03 22:02:23.451  3229  3302 D RustNativeSupport: lib configured: fenix
02-03 22:02:23.451  3229  3302 D RustNativeSupport: lib version configured: 0.48.3
02-03 22:02:23.452  3229  3302 D RustNativeSupport: settled on fenix
02-03 22:02:23.457  3229  3302 D places_ffi: places_api_new
02-03 22:02:23.513  3347  3347 D GeckoThread: State changed to LAUNCHED
02-03 22:02:23.514  3347  3371 I GeckoThread: preparing to run Gecko
02-03 22:02:23.532  3229  3302 D sql_support::conn_ext: Transaction commited after 49.921411ms
02-03 22:02:23.534  3229  3302 D places_ffi: places_connection_new
02-03 22:02:23.538  3229  3302 D places_ffi: places_connection_new
02-03 22:02:23.546  3229  3279 W FirefoxAccountStateMachine: Got invalid event Event$Init for state NotAuthenticated.
02-03 22:02:23.553  3229  3302 D places_ffi: bookmarks_get_all_with_url
02-03 22:02:23.575  3229  3234 I zygote  : Do full code cache collection, code=125KB, data=85KB
02-03 22:02:23.577  3229  3234 I zygote  : After code cache collection, code=99KB, data=54KB
02-03 22:02:23.599  3347  3371 D GeckoThread: State changed to MOZGLUE_READY
02-03 22:02:23.609  3347  3371 W Settings: Setting animator_duration_scale has moved from android.provider.Settings.System to android.provider.Settings.Global, returning read-only global URI.
02-03 22:02:23.612  3229  3368 W LOTTIE  : Animation contains merge paths. Merge paths are only supported on KitKat+ and must be manually enabled by calling enableMergePathsForKitKatAndAbove().
02-03 22:02:23.613  3347  3371 E GeckoLibLoad: Load sqlite start
02-03 22:02:23.634  3347  3371 W GeckoLinker: /data/app/org.mozilla.fenix.nightly-zMCWoX6FWeRWWu-I89v17A==/lib/arm/libnss3.so: unhandled flags #8 not handled
02-03 22:02:23.638  3347  3371 W GeckoLinker: /data/app/org.mozilla.fenix.nightly-zMCWoX6FWeRWWu-I89v17A==/lib/arm/libnss3.so: Relocation to NULL @0x001c7ffc for symbol "__cxa_type_match"
02-03 22:02:23.639  3347  3371 E GeckoLibLoad: Load sqlite done
02-03 22:02:23.639  3347  3371 E GeckoLibLoad: Load nss start
02-03 22:02:23.639  3347  3371 E GeckoLibLoad: Load nss done
02-03 22:02:23.639  3347  3371 W GeckoLinker: /data/app/org.mozilla.fenix.nightly-zMCWoX6FWeRWWu-I89v17A==/lib/arm/libxul.so: unhandled flags #8 not handled
02-03 22:02:23.639  3347  3371 W GeckoLinker: /data/app/org.mozilla.fenix.nightly-zMCWoX6FWeRWWu-I89v17A==/lib/arm/liblgpllibs.so: unhandled flags #8 not handled
02-03 22:02:23.668  1456  3925 I ActivityManager: Displayed org.mozilla.fenix.nightly/org.mozilla.fenix.HomeActivity: +514ms (total +1s274ms)
02-03 22:02:23.668  1456  3925 I ActivityManager: Fully drawn org.mozilla.fenix.nightly/org.mozilla.fenix.HomeActivity: +514ms (total +1s274ms)
02-03 22:02:23.683  3347  3371 E GeckoLibLoad: Loaded libs in 43.402556ms total, 30ms(30ms) user, 10ms(10ms) system, 0(0) faults
02-03 22:02:23.683  3347  3371 D GeckoThread: State changed to LIBS_READY
02-03 22:02:23.683  3347  3371 W GeckoThread: zerdatime 13313432357 - runGecko
02-03 22:02:23.722  3229  3234 I zygote  : Do partial code cache collection, code=115KB, data=78KB
02-03 22:02:23.724  3229  3234 I zygote  : After code cache collection, code=115KB, data=78KB
02-03 22:02:23.724  3229  3234 I zygote  : Increasing code cache capacity to 512KB
02-03 22:02:23.728  3229  3289 D vndksupport: Loading /vendor/lib/hw/android.hardware.graphics.mapper@2.0-impl.so from current namespace instead of sphal namespace.
02-03 22:02:23.730  3229  3289 D vndksupport: Loading /vendor/lib/hw/gralloc.msm8937.so from current namespace instead of sphal namespace.
02-03 22:02:23.774  3229  3229 W LOTTIE  : Animation contains merge paths but they are disabled.
02-03 22:02:23.788   808   808 I SFPerfTracer:      triggers: (rate: 50:548825) (compose: 0:6) (post: 0:14) (render: 0:11) (5:4611546 frames) (6:6079492)
02-03 22:02:23.789   808   808 D SFPerfTracer:        layers: (3:13) (NavigationBar#0 (0xb07df000): 0:495635) (StatusBar#0 (0xb07e3000): 0:1425051) (com.android.systemui.ImageWallpaper#0 (0xb07e7000): 0:42770)* (Sprite#0 (0xb0733000): 0:317)* (DimLayerController/Stack=0#0 (0xb075a000): 0:3589)* (Sprite#1 (0xb077c000): 0:195)* (Splash Screen org.mozilla.fenix.nightly#0 (0xb039b000): 0:32)- (org.mozilla.fenix.nightly/org.mozilla.fenix.HomeActivity#0 (0xb00d7000): 0:56)- (com.android.launcher3/com.android.launcher3.CustomizationPanelLauncher#0 (0xb0763000): 0:42)* (com.android.launcher3/com.android.launcher3.CustomizationPanelLauncher#1 (0xb0771000): 0:11)* (org.mozilla.fenix.nightly/org.mozilla.fenix.IntentReceiverActivity#0 (0xb0384000): 0:3)* (Splash Screen org.mozilla.fenix.nightly#0 (0xb039b000): 2:21) (org.mozilla.fenix.nightly/org.mozilla.fenix.HomeActivity#0 (0xb00d7000): 5:6)* 
02-03 22:02:23.843 20023 20023 I MemoryTrimmer: Trimming objects from memory, since app is in the background.
02-03 22:02:23.855 20023 20023 I MemoryTrimmer: Trimming objects from memory, since app is in the background.
02-03 22:02:23.856 20023  7275 I PBSessionCacheImpl: Deleted sessionId[88063665787502289] from persistence.
02-03 22:02:23.865  1456  2915 I WifiService: getWifiEnabledState uid=10073
02-03 22:02:23.871 20023 20165 W SearchServiceCore: Abort, client detached.
02-03 22:02:23.883  3347  3371 D GeckoThread: State changed to RUNNING
02-03 22:02:24.046  3229  3263 I Gecko   : 1580785344043	addons.xpi	WARN	List of valid built-in add-ons could not be parsed.: [Exception... "Component returned failure code: 0x80520012 (NS_ERROR_FILE_NOT_FOUND) [nsIXPCComponents_Utils.readUTF8URI]"  nsresult: "0x80520012 (NS_ERROR_FILE_NOT_FOUND)"  location: "JS frame :: resource://gre/modules/addons/XPIProvider.jsm :: startup :: line 2365"  data: no] Stack trace: startup()@resource://gre/modules/addons/XPIProvider.jsm:2365
02-03 22:02:24.046  3229  3263 I Gecko   : callProvider()@resource://gre/modules/AddonManager.jsm:215
02-03 22:02:24.046  3229  3263 I Gecko   : _startProvider()@resource://gre/modules/AddonManager.jsm:587
02-03 22:02:24.046  3229  3263 I Gecko   : startup()@resource://gre/modules/AddonManager.jsm:811
02-03 22:02:24.046  3229  3263 I Gecko   : startup()@resource://gre/modules/AddonManager.jsm:3481
02-03 22:02:24.046  3229  3263 I Gecko   : observe()@resource://gre/modules/addonManager.js:87
02-03 22:02:24.205  3229  3263 D GeckoThread: State changed to PROFILE_READY
02-03 22:02:24.285  3229  3263 D GeckoThread: State changed to RUNNING
02-03 22:02:24.301  3229  3263 W GeckoEventDispatcher: No listener for AndroidCastDevice:SyncDevice
02-03 22:02:24.307  3229  3263 I Gecko   : -*- nsDNSServiceDiscovery.js : nsDNSServiceDiscovery
02-03 22:02:24.408  3229  3263 W ResourceType: Too many attribute references, stopped at: 0x01010099
02-03 22:02:24.639  3229  3229 D GeckoNetworkManager: Incoming event enableNotifications for state OnNoListeners -> OnWithListeners
02-03 22:02:24.640  3229  3229 D GeckoNetworkManager: New network state: UP, WIFI, WIFI
02-03 22:02:24.642  3229  3229 D GeckoNetworkManager: Incoming event receivedUpdate for state OnWithListeners -> OnWithListeners
02-03 22:02:24.643  3229  3229 D GeckoNetworkManager: New network state: UP, WIFI, WIFI
02-03 22:02:24.663  3229  3263 W GeckoEventDispatcher: No listener for GeckoView:AccessibilityEnabled
02-03 22:02:24.664  3229  3263 W GeckoLinker: /data/app/org.mozilla.fenix.nightly-zMCWoX6FWeRWWu-I89v17A==/lib/arm/libsoftokn3.so: unhandled flags #8 not handled
02-03 22:02:24.665  3229  3263 W GeckoLinker: /data/app/org.mozilla.fenix.nightly-zMCWoX6FWeRWWu-I89v17A==/lib/arm/libsoftokn3.so: Relocation to NULL @0x0002dffc for symbol "__cxa_type_match"
02-03 22:02:24.665  3229  3263 W GeckoLinker: /data/app/org.mozilla.fenix.nightly-zMCWoX6FWeRWWu-I89v17A==/lib/arm/libfreebl3.so: unhandled flags #8 not handled
02-03 22:02:24.666  3229  3263 W GeckoLinker: /data/app/org.mozilla.fenix.nightly-zMCWoX6FWeRWWu-I89v17A==/lib/arm/libfreebl3.so: Relocation to NULL @0x0004fffc for symbol "__cxa_type_match"
02-03 22:02:24.697  3229  3381 W GeckoLinker: /data/app/org.mozilla.fenix.nightly-zMCWoX6FWeRWWu-I89v17A==/lib/arm/libnssckbi.so: unhandled flags #8 not handled
02-03 22:02:24.697  3229  3381 W GeckoLinker: /data/app/org.mozilla.fenix.nightly-zMCWoX6FWeRWWu-I89v17A==/lib/arm/libnssckbi.so: Relocation to NULL @0x00055ffc for symbol "__cxa_type_match"
02-03 22:02:24.823  3229  3263 W ResourceType: Too many attribute references, stopped at: 0x01010099
02-03 22:02:25.115  3330  3366 D GeckoThread: State changed to MOZGLUE_READY
02-03 22:02:25.122  3330  3366 W Settings: Setting animator_duration_scale has moved from android.provider.Settings.System to android.provider.Settings.Global, returning read-only global URI.
02-03 22:02:25.123  3330  3366 E GeckoLibLoad: Load sqlite start
02-03 22:02:25.141  3330  3366 W GeckoLinker: /data/app/org.mozilla.fenix.nightly-zMCWoX6FWeRWWu-I89v17A==/lib/arm/libnss3.so: unhandled flags #8 not handled
02-03 22:02:25.145  3330  3366 W GeckoLinker: /data/app/org.mozilla.fenix.nightly-zMCWoX6FWeRWWu-I89v17A==/lib/arm/libnss3.so: Relocation to NULL @0x001c7ffc for symbol "__cxa_type_match"
02-03 22:02:25.145  3330  3366 E GeckoLibLoad: Load sqlite done
02-03 22:02:25.146  3330  3366 E GeckoLibLoad: Load nss start
02-03 22:02:25.146  3330  3366 E GeckoLibLoad: Load nss done
02-03 22:02:25.146  3330  3366 W GeckoLinker: /data/app/org.mozilla.fenix.nightly-zMCWoX6FWeRWWu-I89v17A==/lib/arm/libxul.so: unhandled flags #8 not handled
02-03 22:02:25.146  3330  3366 W GeckoLinker: /data/app/org.mozilla.fenix.nightly-zMCWoX6FWeRWWu-I89v17A==/lib/arm/liblgpllibs.so: unhandled flags #8 not handled
02-03 22:02:25.157  3229  3263 I GeckoSession: zerdatime 13313433831 - chrome startup finished
02-03 22:02:25.178  3330  3366 E GeckoLibLoad: Loaded libs in 31.642087ms total, 20ms(20ms) user, 10ms(10ms) system, 0(0) faults
02-03 22:02:25.178  3330  3366 D GeckoThread: State changed to LIBS_READY
02-03 22:02:25.178  3330  3366 W GeckoThread: zerdatime 13313433852 - runGecko
02-03 22:02:25.680  3330  3366 D GeckoThread: State changed to RUNNING
02-03 22:02:25.691  3229  3229 D App     : Installed browser-icons extension
02-03 22:02:25.692  3229  3229 D mozac-webextensions: Installed extension: mozacWebchannel
02-03 22:02:25.693  3229  3229 D mozac-webextensions: Installed extension: mozacReaderview
02-03 22:02:25.731  3330  3366 W ResourceType: Too many attribute references, stopped at: 0x01010099
02-03 22:02:25.832  3229  3229 D GeckoSession: handleMessage GeckoView:PageStart uri=about:blank
02-03 22:02:25.855  3229  3263 D GeckoScreenOrientation: unlocking
02-03 22:02:25.865  3229  3229 D GeckoSession: handleMessage GeckoView:LocationChange uri=about:blank
02-03 22:02:25.865  3229  3229 D GeckoSession: handleMessage GeckoView:PageStop uri=null
02-03 22:02:25.871  3229  3229 I SessionStorage/AutoSave: Save: Load finished
02-03 22:02:25.880  3229  3302 D SessionStorage/AutoSave: Saved state to disk [8ms]
02-03 22:02:25.881  3229  3229 D GeckoSession: handleMessage GeckoView:OnLoadRequest uri=about:blank
02-03 22:02:25.894  3229  3229 D GeckoSession: handleMessage GeckoView:OnLoadRequest uri=about:blank
02-03 22:02:25.957  3229  3229 D mozac-webcompat: Installed WebCompat webextension: webcompat@mozilla.com
02-03 22:02:25.969  3229  3229 D GeckoSession: handleMessage GeckoView:PageStart uri=about:blank
02-03 22:02:25.992  3229  3229 D GeckoSession: handleMessage GeckoView:PageStop uri=null
02-03 22:02:25.997  3229  3229 I SessionStorage/AutoSave: Save: Load finished
02-03 22:02:25.999  3229  3302 D SessionStorage/AutoSave: Delaying save (1873ms)
02-03 22:02:26.020  3229  3229 D GeckoSession: handleMessage GeckoView:PageStart uri=about:blank
02-03 22:02:26.045  3229  3229 D GeckoSession: handleMessage GeckoView:SecurityChanged uri=null
02-03 22:02:26.161  3229  3229 D GeckoSession: handleMessage GeckoView:PageStop uri=null
02-03 22:02:26.169  3229  3229 I SessionStorage/AutoSave: Save: Load finished
02-03 22:02:26.169  3229  3229 D SessionStorage/AutoSave: Skipping save, other job already in flight
02-03 22:02:26.812  3229  3229 D GeckoSession: handleMessage GeckoView:StateUpdated uri=null
02-03 22:02:26.812  3229  3229 W GeckoSession: No history entries found.
02-03 22:02:27.882  2398  2398 D ImsResolver: maybeAddedImsService, packageName: org.mozilla.fenix.nightly
02-03 22:02:27.884  1456  1942 I InputReader: Reconfiguring input devices.  changes=0x00000010
02-03 22:02:27.884  2360  2360 D MayaFrameworkProxyService: receive intent :Intent { act=android.intent.action.PACKAGE_CHANGED dat=package:org.mozilla.fenix.nightly flg=0x45000010 (has extras) }
02-03 22:02:27.888  3229  3302 D SessionStorage/AutoSave: Saved state to disk [14ms]
02-03 22:02:27.892  1456  1600 W ResourceType: No known package when getting value for resource number 0x7f0801a1
02-03 22:02:27.892  1456  1600 W ResourceType: No known package when getting value for resource number 0x7f120105
02-03 22:02:27.892  1456  1600 W ResourceType: No known package when getting value for resource number 0x7f120105
02-03 22:02:27.892  1456  1600 W ResourceType: No known package when getting value for resource number 0x7f08019f
02-03 22:02:27.892  1456  1600 W ResourceType: No known package when getting value for resource number 0x7f120104
02-03 22:02:27.893  1456  1600 W ResourceType: No known package when getting value for resource number 0x7f120104
02-03 22:02:27.919  1456  1456 I TelecomService: DefaultDialerCache: Refreshing default dialer for user 0: now com.android.dialer: DDC.oR@BRE
02-03 22:02:27.956  2398  2398 D CarrierSvcBindHelper: No carrier app for: 0
02-03 22:02:27.957  2398  2398 D CarrierSvcBindHelper: No carrier app for: 1
02-03 22:02:27.965  2398  2398 E VvmPkgInstalledRcvr: cannot create TelephonyManager from ComponentInfo{com.android.phone/com.android.services.telephony.TelephonyConnectionService}, [****], UserHandle{0}
02-03 22:02:28.019 13975 14049 I Icing   : IndexChimeraService.getServiceInterface callingPackage=com.google.android.gms componentName=AppsCorpus serviceId=36
02-03 22:02:28.028 13975 32566 W Icing   : No valid account for uploading user actions
02-03 22:02:28.042  3478  3478 D AndroidRuntime: >>>>>> START com.android.internal.os.RuntimeInit uid 2000 <<<<<<
02-03 22:02:28.044 13975 14047 I Icing   : IndexChimeraService.getServiceInterface callingPackage=com.google.android.gms componentName=null serviceId=30
02-03 22:02:28.055  3478  3478 W app_process: Could not reserve sentinel fault page
02-03 22:02:28.098 13975 32566 I Icing   : Usage reports ok 1, Failed Usage reports 0, indexed 0, rejected 0
02-03 22:02:28.105 13975 32566 W Icing   : No valid account for uploading user actions
02-03 22:02:28.115 13975 32566 I Icing   : Usage reports ok 0, Failed Usage reports 0, indexed 0, rejected 0
02-03 22:02:28.116 13975 32566 I Icing   : Indexing com.google.android.gms-internal.3p:MobileApplication from com.google.android.gms using seqno 2511
02-03 22:02:28.236  3478  3478 I app_process: The ClassLoaderContext is a special shared library.
02-03 22:02:28.303  3478  3478 D AndroidRuntime: Calling main entry com.android.commands.input.Input
02-03 22:02:28.304  3478  3478 I Input   : injectKeyEvent: KeyEvent { action=ACTION_DOWN, keyCode=KEYCODE_HOME, scanCode=0, metaState=0, flags=0x0, repeatCount=0, eventTime=13205874718, downTime=13205874718, deviceId=-1, source=0x101 }
02-03 22:02:28.313  3478  3478 I Input   : injectKeyEvent: KeyEvent { action=ACTION_UP, keyCode=KEYCODE_HOME, scanCode=0, metaState=0, flags=0x0, repeatCount=0, eventTime=13205874718, downTime=13205874718, deviceId=-1, source=0x101 }
02-03 22:02:28.320  1456  1941 I ActivityManager: START u0 {act=android.intent.action.MAIN cat=[android.intent.category.HOME] flg=0x10200000 cmp=com.android.launcher3/.CustomizationPanelLauncher (has extras)} from uid 1000
02-03 22:02:28.320   794   839 E ANDR-PERF-RESOURCEQS: Failed to apply optimization [4, 0]
02-03 22:02:28.332  1456  1941 I ActivityManager: moveHomeStack, setupComplete:true
02-03 22:02:28.338 20023 20118 I Adreno  : QUALCOMM build                   : bb5b86c, I77d3059488
02-03 22:02:28.338 20023 20118 I Adreno  : Build Date                       : 06/07/18
02-03 22:02:28.338 20023 20118 I Adreno  : OpenGL ES Shader Compiler Version: EV031.22.00.01_06
02-03 22:02:28.338 20023 20118 I Adreno  : Local Branch                     : 
02-03 22:02:28.338 20023 20118 I Adreno  : Remote Branch                    : refs/tags/AU_LINUX_ANDROID_LA.UM.6.5.R1.08.01.00.312.086
02-03 22:02:28.338 20023 20118 I Adreno  : Remote Branch                    : NONE
02-03 22:02:28.338 20023 20118 I Adreno  : Reconstruct Branch               : NOTHING
02-03 22:02:28.341 20023 20118 D vndksupport: Loading /vendor/lib/hw/gralloc.msm8937.so from current namespace instead of sphal namespace.
02-03 22:02:28.343  3478  3478 D AndroidRuntime: Shutting down VM
02-03 22:02:28.344 20023 20118 I Adreno  : PFP: 0x005ff087, ME: 0x005ff063
02-03 22:02:28.347 20023 20118 I zygote  : android::hardware::configstore::V1_0::ISurfaceFlingerConfigs::hasWideColorDisplay retrieved: 0
02-03 22:02:28.348 20023 20118 I OpenGLRenderer: Initialized EGL, version 1.4
02-03 22:02:28.348 20023 20118 D OpenGLRenderer: Swap behavior 2
02-03 22:02:28.352  3229  3229 I zygote  : Deoptimizing kotlin.coroutines.CoroutineContext$Element kotlin.coroutines.CombinedContext.get(kotlin.coroutines.CoroutineContext$Key) due to JIT inline cache
02-03 22:02:28.352  3229  3229 I zygote  : Deoptimizing kotlin.coroutines.CoroutineContext$Element kotlin.coroutines.CoroutineContext$Element$DefaultImpls.get(kotlin.coroutines.CoroutineContext$Element, kotlin.coroutines.CoroutineContext$Key) due to JIT inline cache
02-03 22:02:28.360  2748  2748 D Launcher.Utilities: Wakeup weather: Intent { act=com.motorola.launcher3.action.WAKEUP_WEATHER cmp=com.motorola.timeweatherwidget/com.motorola.commandcenter.weather.WakeUpService }
02-03 22:02:28.375  1456  1456 I NotificationService: Cannot find enqueued record for key: 0|com.motorola.timeweatherwidget|1|null|10116
02-03 22:02:28.379   808   808 D SurfaceFlinger: duplicate layer name: changing com.android.launcher3/com.android.launcher3.CustomizationPanelLauncher to com.android.launcher3/com.android.launcher3.CustomizationPanelLauncher#1
02-03 22:02:28.393 20023 20101 W ThreadPoolDumper: Queue length for executor EventBus is now 11. Perhaps some tasks are too long, or the pool is too small.
02-03 22:02:28.395  1456  5031 I WifiService: getWifiEnabledState uid=10073
02-03 22:02:28.405  1456  2401 I WifiService: getWifiEnabledState uid=10073
02-03 22:02:28.428  3229  3229 D GeckoSession: handleMessage GeckoView:StateUpdated uri=null
02-03 22:02:28.431 20023 20165 I MicroDetectionState: Should stop hotword detection immediately - false
02-03 22:02:28.436 20023 20165 I MicroDetectionWorker: #startMicroDetector [speakerMode: 0]
02-03 22:02:28.438 20023 20165 I AudioController: Created new AudioSource
02-03 22:02:28.463  1456  1673 I LaunchCheckinHandler: Displayed com.android.launcher3/.CustomizationPanelLauncher,wp,wa,143
02-03 22:02:28.463 20023 20097 I MicroDataManager: isInitializedWithLatestParams-true
02-03 22:02:28.463 20023 20097 I MicroDataManager: isInitializing-false locale not changed-true model not changed-true
02-03 22:02:28.464 20023 20097 I MicroDataManager: Already initialized, obtaining the hotword data immediately.
02-03 22:02:28.464  1343  1343 I Finsky  : [2] pow.onTrimMemory(1): Memory trim requested to level 80
02-03 22:02:28.471 20023 20105 I MicroRecognitionRunner: Starting detection.
02-03 22:02:28.472 20023 20105 I InputStreamUtils: Using micInputStream
02-03 22:02:28.472 20023  7275 I MicrophoneInputStream: mic_starting  SR : 16000 CC : 16 SO : 1999
02-03 22:02:28.475   788   788 V msm8974_platform: platform_check_input_mask: enter check_input_mask source 6 mask 10
02-03 22:02:28.476  1012  3504 I AudioFlinger: AudioFlinger's thread 0xb24832c0 tid=3504 ready to run
02-03 22:02:28.482   788   788 D audio_hw_primary: in_set_parameters: enter: kvpairs=input_source=6;routing=-2147483644
02-03 22:02:28.483  1012 11031 D APM_AudioPolicyManager: AudioPolicyManager::startInput() input 118718, session 118793, source = 1999
02-03 22:02:28.486 20023  7275 I MicrophoneInputStream: mic_started  SR : 16000 CC : 16 SO : 1999
