03-06 22:03:05.268 11114 11114 D GeckoNetworkManager: New network state: DOWN, NONE, UNKNOWN
03-06 22:03:05.269 11114 11114 D GeckoNetworkManager: Incoming event receivedUpdate for state OnWithListeners -> OnWithListeners
03-06 22:03:05.270 11114 11114 D GeckoNetworkManager: New network state: DOWN, NONE, UNKNOWN
03-06 22:03:05.273 11114 11150 W GeckoLinker: /data/app/org.mozilla.fennec_aurora-yxbAELB3yXeLNDoGLCer_A==/lib/arm/libsoftokn3.so: unhandled flags #8 not handled
03-06 22:03:05.274 11114 11150 W GeckoLinker: /data/app/org.mozilla.fennec_aurora-yxbAELB3yXeLNDoGLCer_A==/lib/arm/libsoftokn3.so: Relocation to NULL @0x0002cffc for symbol "__cxa_type_match"
03-06 22:03:05.275 11114 11150 W GeckoLinker: /data/app/org.mozilla.fennec_aurora-yxbAELB3yXeLNDoGLCer_A==/lib/arm/libfreebl3.so: unhandled flags #8 not handled
03-06 22:03:05.276 11114 11150 W GeckoLinker: /data/app/org.mozilla.fennec_aurora-yxbAELB3yXeLNDoGLCer_A==/lib/arm/libfreebl3.so: Relocation to NULL @0x0004fffc for symbol "__cxa_type_match"
03-06 22:03:05.306 11114 11282 W GeckoLinker: /data/app/org.mozilla.fennec_aurora-yxbAELB3yXeLNDoGLCer_A==/lib/arm/libnssckbi.so: unhandled flags #8 not handled
03-06 22:03:05.306 11114 11282 W GeckoLinker: /data/app/org.mozilla.fennec_aurora-yxbAELB3yXeLNDoGLCer_A==/lib/arm/libnssckbi.so: Relocation to NULL @0x00055ffc for symbol "__cxa_type_match"
03-06 22:03:05.326 11114 11150 W GeckoEventDispatcher: No listener for GeckoView:AccessibilityEnabled
03-06 22:03:05.329  1023 11293 D libc    : Internal error: netid(0), id(0xfa2d), server(0.0.0.0)
03-06 22:03:05.329  1023 11293 D libc    : Internal error: netid(0), id(0xfa2d), server(0.0.0.0)
03-06 22:03:05.329  1023 11293 D libc    : Internal error: netid(0), id(0x4916), server(0.0.0.0)
03-06 22:03:05.329  1023 11293 D libc    : Internal error: netid(0), id(0x4916), server(0.0.0.0)
03-06 22:03:05.468  1023 11299 D libc    : Internal error: netid(0), id(0xb615), server(0.0.0.0)
03-06 22:03:05.468  1023 11299 D libc    : Internal error: netid(0), id(0xb615), server(0.0.0.0)
03-06 22:03:05.468  1023 11299 D libc    : Internal error: netid(0), id(0x534f), server(0.0.0.0)
03-06 22:03:05.468  1023 11299 D libc    : Internal error: netid(0), id(0x534f), server(0.0.0.0)
03-06 22:03:05.469  1023 11302 D libc    : Internal error: netid(0), id(0xdb5a), server(0.0.0.0)
03-06 22:03:05.469  1023 11302 D libc    : Internal error: netid(0), id(0xdb5a), server(0.0.0.0)
03-06 22:03:05.469  1023 11302 D libc    : Internal error: netid(0), id(0xbd22), server(0.0.0.0)
03-06 22:03:05.470  1023 11302 D libc    : Internal error: netid(0), id(0xbd22), server(0.0.0.0)
03-06 22:03:05.471  1023 11305 D libc    : Internal error: netid(0), id(0x1059), server(0.0.0.0)
03-06 22:03:05.471  1023 11305 D libc    : Internal error: netid(0), id(0x1059), server(0.0.0.0)
03-06 22:03:05.472  1023 11305 D libc    : Internal error: netid(0), id(0x4e06), server(0.0.0.0)
03-06 22:03:05.472  1023 11305 D libc    : Internal error: netid(0), id(0x4e06), server(0.0.0.0)
03-06 22:03:05.492 11114 11150 W ResourceType: Too many attribute references, stopped at: 0x01010099
03-06 22:03:05.531 11114 11144 D App     : Could not fetch region from location service
03-06 22:03:05.531 11114 11144 D App     : java.io.IOException: org.mozilla.geckoview.WebRequestError: Request failed, error=0x25, category=0x5
03-06 22:03:05.531 11114 11144 D App     : 	at mozilla.components.browser.engine.gecko.fetch.GeckoViewFetchClient.fetch(GeckoViewFetchClient.kt:39)
03-06 22:03:05.531 11114 11144 D App     : 	at mozilla.components.service.location.MozillaLocationService$fetchRegion$2.invokeSuspend(MozillaLocationService.kt:27)
03-06 22:03:05.531 11114 11144 D App     : 	at mozilla.components.service.location.MozillaLocationService$fetchRegion$2.invoke(Unknown Source:10)
03-06 22:03:05.531 11114 11144 D App     : 	at kotlin.jvm.internal.Intrinsics.startUndispatchedOrReturn(Intrinsics.java:2)
03-06 22:03:05.531 11114 11144 D App     : 	at kotlin.jvm.internal.Intrinsics.withContext(Intrinsics.java:9)
03-06 22:03:05.531 11114 11144 D App     : 	at mozilla.components.service.location.MozillaLocationService.fetchRegion(MozillaLocationService.kt:2)
03-06 22:03:05.531 11114 11144 D App     : 	at mozilla.components.service.location.search.RegionSearchLocalizationProvider.determineRegion(RegionSearchLocalizationProvider.kt:5)
03-06 22:03:05.531 11114 11144 D App     : 	at mozilla.components.browser.search.provider.AssetsSearchEngineProvider.loadSearchEngines(AssetsSearchEngineProvider.kt:5)
03-06 22:03:05.531 11114 11144 D App     : 	at org.mozilla.fenix.components.searchengine.FenixSearchEngineProvider$baseSearchEngines$1.invokeSuspend(FenixSearchEngineProvider.kt:9)
03-06 22:03:05.531 11114 11144 D App     : 	at kotlin.coroutines.jvm.internal.BaseContinuationImpl.resumeWith(ContinuationImpl.kt:2)
03-06 22:03:05.531 11114 11144 D App     : 	at kotlinx.coroutines.DispatchedTask.run(DispatchedTask.kt:15)
03-06 22:03:05.531 11114 11144 D App     : 	at kotlinx.coroutines.scheduling.CoroutineScheduler.runSafely(CoroutineScheduler.kt:1)
03-06 22:03:05.531 11114 11144 D App     : 	at kotlinx.coroutines.scheduling.CoroutineScheduler$Worker.run(CoroutineScheduler.kt:15)
03-06 22:03:05.531 11114 11144 D App     : Caused by: org.mozilla.geckoview.WebRequestError: Request failed, error=0x25, category=0x5
03-06 22:03:05.531 11114 11144 D App     : 	at org.mozilla.gecko.mozglue.GeckoLoader.nativeRun(Native Method)
03-06 22:03:05.531 11114 11144 D App     : 	at org.mozilla.gecko.GeckoThread.run(GeckoThread.java:91)
03-06 22:03:05.532 11114 11171 D App     : Could not fetch region from location service
03-06 22:03:05.532 11114 11171 D App     : java.io.IOException: org.mozilla.geckoview.WebRequestError: Request failed, error=0x25, category=0x5
03-06 22:03:05.532 11114 11171 D App     : 	at mozilla.components.browser.engine.gecko.fetch.GeckoViewFetchClient.fetch(GeckoViewFetchClient.kt:39)
03-06 22:03:05.532 11114 11171 D App     : 	at mozilla.components.service.location.MozillaLocationService$fetchRegion$2.invokeSuspend(MozillaLocationService.kt:27)
03-06 22:03:05.532 11114 11171 D App     : 	at kotlin.coroutines.jvm.internal.BaseContinuationImpl.resumeWith(ContinuationImpl.kt:2)
03-06 22:03:05.532 11114 11171 D App     : 	at kotlinx.coroutines.DispatchedTask.run(DispatchedTask.kt:15)
03-06 22:03:05.532 11114 11171 D App     : 	at kotlinx.coroutines.scheduling.CoroutineScheduler.runSafely(CoroutineScheduler.kt:1)
03-06 22:03:05.532 11114 11171 D App     : 	at kotlinx.coroutines.scheduling.CoroutineScheduler$Worker.run(CoroutineScheduler.kt:15)
03-06 22:03:05.532 11114 11171 D App     : Caused by: org.mozilla.geckoview.WebRequestError: Request failed, error=0x25, category=0x5
03-06 22:03:05.532 11114 11171 D App     : 	at org.mozilla.gecko.mozglue.GeckoLoader.nativeRun(Native Method)
03-06 22:03:05.532 11114 11171 D App     : 	at org.mozilla.gecko.GeckoThread.run(GeckoThread.java:91)
03-06 22:03:05.669 11205 11236 D GeckoThread: State changed to MOZGLUE_READY
03-06 22:03:05.676 11205 11236 W Settings: Setting animator_duration_scale has moved from android.provider.Settings.System to android.provider.Settings.Global, returning read-only global URI.
03-06 22:03:05.678 11205 11236 E GeckoLibLoad: Load sqlite start
03-06 22:03:05.696 11205 11236 W GeckoLinker: /data/app/org.mozilla.fennec_aurora-yxbAELB3yXeLNDoGLCer_A==/lib/arm/libnss3.so: unhandled flags #8 not handled
03-06 22:03:05.700 11205 11236 W GeckoLinker: /data/app/org.mozilla.fennec_aurora-yxbAELB3yXeLNDoGLCer_A==/lib/arm/libnss3.so: Relocation to NULL @0x001b8ffc for symbol "__cxa_type_match"
03-06 22:03:05.701 11205 11236 E GeckoLibLoad: Load sqlite done
03-06 22:03:05.701 11205 11236 E GeckoLibLoad: Load nss start
03-06 22:03:05.701 11205 11236 E GeckoLibLoad: Load nss done
03-06 22:03:05.701 11205 11236 W GeckoLinker: /data/app/org.mozilla.fennec_aurora-yxbAELB3yXeLNDoGLCer_A==/lib/arm/libxul.so: unhandled flags #8 not handled
03-06 22:03:05.701 11205 11236 W GeckoLinker: /data/app/org.mozilla.fennec_aurora-yxbAELB3yXeLNDoGLCer_A==/lib/arm/liblgpllibs.so: unhandled flags #8 not handled
03-06 22:03:05.709 11114 11150 I GeckoSession: zerdatime 16078279476 - chrome startup finished
03-06 22:03:05.733 11205 11236 E GeckoLibLoad: Loaded libs in 31.911357ms total, 26ms(26ms) user, 0ms(3ms) system, 0(0) faults
03-06 22:03:05.733 11205 11236 D GeckoThread: State changed to LIBS_READY
03-06 22:03:05.733 11205 11236 W GeckoThread: zerdatime 16078279501 - runGecko
03-06 22:03:05.776 11114 11144 D App     : Could not fetch region from location service
03-06 22:03:05.776 11114 11144 D App     : java.io.IOException: org.mozilla.geckoview.WebRequestError: Request failed, error=0x25, category=0x5
03-06 22:03:05.776 11114 11144 D App     : 	at mozilla.components.browser.engine.gecko.fetch.GeckoViewFetchClient.fetch(GeckoViewFetchClient.kt:39)
03-06 22:03:05.776 11114 11144 D App     : 	at mozilla.components.service.location.MozillaLocationService$fetchRegion$2.invokeSuspend(MozillaLocationService.kt:27)
03-06 22:03:05.776 11114 11144 D App     : 	at mozilla.components.service.location.MozillaLocationService$fetchRegion$2.invoke(Unknown Source:10)
03-06 22:03:05.776 11114 11144 D App     : 	at kotlin.jvm.internal.Intrinsics.startUndispatchedOrReturn(Intrinsics.java:2)
03-06 22:03:05.776 11114 11144 D App     : 	at kotlin.jvm.internal.Intrinsics.withContext(Intrinsics.java:9)
03-06 22:03:05.776 11114 11144 D App     : 	at mozilla.components.service.location.MozillaLocationService.fetchRegion(MozillaLocationService.kt:2)
03-06 22:03:05.776 11114 11144 D App     : 	at mozilla.components.service.location.search.RegionSearchLocalizationProvider.determineRegion(RegionSearchLocalizationProvider.kt:5)
03-06 22:03:05.776 11114 11144 D App     : 	at mozilla.components.browser.search.provider.AssetsSearchEngineProvider.loadSearchEngines(AssetsSearchEngineProvider.kt:5)
03-06 22:03:05.776 11114 11144 D App     : 	at org.mozilla.fenix.components.searchengine.FenixSearchEngineProvider$bundledSearchEngines$1.invokeSuspend(FenixSearchEngineProvider.kt:21)
03-06 22:03:05.776 11114 11144 D App     : 	at kotlin.coroutines.jvm.internal.BaseContinuationImpl.resumeWith(ContinuationImpl.kt:2)
03-06 22:03:05.776 11114 11144 D App     : 	at kotlinx.coroutines.DispatchedTask.run(DispatchedTask.kt:15)
03-06 22:03:05.776 11114 11144 D App     : 	at kotlinx.coroutines.scheduling.CoroutineScheduler.runSafely(CoroutineScheduler.kt:1)
03-06 22:03:05.776 11114 11144 D App     : 	at kotlinx.coroutines.scheduling.CoroutineScheduler$Worker.run(CoroutineScheduler.kt:15)
03-06 22:03:05.776 11114 11144 D App     : Caused by: org.mozilla.geckoview.WebRequestError: Request failed, error=0x25, category=0x5
03-06 22:03:05.776 11114 11144 D App     : 	at org.mozilla.gecko.mozglue.GeckoLoader.nativeRun(Native Method)
03-06 22:03:05.776 11114 11144 D App     : 	at org.mozilla.gecko.GeckoThread.run(GeckoThread.java:91)
03-06 22:03:06.244 11205 11236 D GeckoThread: State changed to RUNNING
03-06 22:03:06.268 11114 11114 D App     : Installed browser-icons extension
03-06 22:03:06.269 11114 11114 D mozac-webextensions: Installed extension: mozacWebchannel
03-06 22:03:06.272 11114 11114 D mozac-webextensions: Installed extension: mozacReaderview
03-06 22:03:06.313 11205 11236 W ResourceType: Too many attribute references, stopped at: 0x01010099
03-06 22:03:06.416 11114 11114 D GeckoSession: handleMessage GeckoView:PageStart uri=about:blank
03-06 22:03:06.439 11114 11150 D GeckoScreenOrientation: unlocking
03-06 22:03:06.453 11114 11114 D GeckoSession: handleMessage GeckoView:LocationChange uri=about:blank
03-06 22:03:06.453 11114 11114 D GeckoSession: handleMessage GeckoView:PageStop uri=null
03-06 22:03:06.461 11114 11114 I SessionStorage/AutoSave: Save: Load finished
03-06 22:03:06.471 11114 11171 D SessionStorage/AutoSave: Saved state to disk [9ms]
03-06 22:03:06.475 11114 11114 D GeckoSession: handleMessage GeckoView:OnLoadRequest uri=https://example.com/
03-06 22:03:06.487 11114 11114 D GeckoSession: handleMessage GeckoView:OnLoadRequest uri=https://example.com/
03-06 22:03:06.494 11114 11114 I zygote  : Deoptimizing java.lang.Object mozilla.components.support.ktx.kotlinx.coroutines.flow.FlowKt$filterChanged$1.invokeSuspend(java.lang.Object) due to JIT inline cache
03-06 22:03:06.595 11205 11205 D GeckoNetworkManager: Incoming event enableNotifications for state OffNoListeners -> OffWithListeners
03-06 22:03:06.597 11205 11205 D GeckoNetworkManager: New network state: DOWN, NONE, UNKNOWN
03-06 22:03:06.603 11114 11114 D mozac-webcompat: Installed WebCompat webextension: webcompat@mozilla.com
03-06 22:03:06.793 11114 11114 D GeckoSession: handleMessage GeckoView:ProgressChanged uri=null
03-06 22:03:06.800 11114 11114 D GeckoSession: handleMessage GeckoView:PageStart uri=https://example.com/
03-06 22:03:06.827 11114 11114 D GeckoSession: handleMessage GeckoView:ProgressChanged uri=null
03-06 22:03:06.841 11114 11114 D GeckoSession: handleMessage GeckoView:PageStop uri=null
03-06 22:03:06.842 11114 11114 I SessionStorage/AutoSave: Save: Load finished
03-06 22:03:06.843 11114 11171 D SessionStorage/AutoSave: Delaying save (1619ms)
03-06 22:03:06.866 11114 11114 D GeckoSession: handleMessage GeckoView:ProgressChanged uri=null
03-06 22:03:06.878 11114 11114 D GeckoSession: handleMessage GeckoView:PageStart uri=https://example.com/
03-06 22:03:06.961 11114 11114 D GeckoSession: handleMessage GeckoView:OnLoadError uri=https://example.com/
03-06 22:03:07.007 11114 11114 D GeckoSession: handleMessage GeckoView:ProgressChanged uri=null
03-06 22:03:07.021 11114 11114 D GeckoSession: handleMessage GeckoView:PageStop uri=null
03-06 22:03:07.022 11114 11114 I SessionStorage/AutoSave: Save: Load finished
03-06 22:03:07.022 11114 11114 D SessionStorage/AutoSave: Skipping save, other job already in flight
03-06 22:03:07.055 11114 11114 D GeckoSession: handleMessage GeckoView:LocationChange uri=https://example.com/
03-06 22:03:07.065 11114 11114 I zygote  : Deoptimizing java.lang.Object kotlin.coroutines.CoroutineContext$plus$1.invoke(java.lang.Object, java.lang.Object) due to JIT inline cache
03-06 22:03:07.066 11114 11171 I zygote  : Deoptimizing void kotlinx.coroutines.DispatchedTask.run() due to JIT inline cache
03-06 22:03:07.070 11114 11171 D places_ffi: bookmarks_get_all_with_url
03-06 22:03:07.097 11114 11114 D GeckoSession: handleMessage GeckoView:SecurityChanged uri=null
03-06 22:03:07.117 11114 11171 D places_ffi: places_connection_new
03-06 22:03:07.137 11114 11171 D places_ffi: places_note_observation
03-06 22:03:07.149 11114 11171 D sql_support::conn_ext: Transaction commited after 10.88422ms
03-06 22:03:07.165 11114 11119 I zygote  : Do full code cache collection, code=254KB, data=155KB
03-06 22:03:07.171 11114 11119 I zygote  : After code cache collection, code=159KB, data=90KB
03-06 22:03:07.173 11114 11171 D places_ffi: places_note_observation
03-06 22:03:07.191 11114 11171 D sql_support::conn_ext: Transaction commited after 14.857189ms
03-06 22:03:07.220 11205 11236 W GeckoLinker: /data/app/org.mozilla.fennec_aurora-yxbAELB3yXeLNDoGLCer_A==/lib/arm/libsoftokn3.so: unhandled flags #8 not handled
03-06 22:03:07.221 11205 11236 W GeckoLinker: /data/app/org.mozilla.fennec_aurora-yxbAELB3yXeLNDoGLCer_A==/lib/arm/libsoftokn3.so: Relocation to NULL @0x0002cffc for symbol "__cxa_type_match"
03-06 22:03:07.222 11205 11236 W GeckoLinker: /data/app/org.mozilla.fennec_aurora-yxbAELB3yXeLNDoGLCer_A==/lib/arm/libfreebl3.so: unhandled flags #8 not handled
03-06 22:03:07.222 11205 11236 W GeckoLinker: /data/app/org.mozilla.fennec_aurora-yxbAELB3yXeLNDoGLCer_A==/lib/arm/libfreebl3.so: Relocation to NULL @0x0004fffc for symbol "__cxa_type_match"
03-06 22:03:07.243 11114 11171 D places_ffi: places_note_observation
03-06 22:03:07.246 11114 11171 D sql_support::conn_ext: Transaction commited after 2.426146ms
03-06 22:03:07.446 11114 11114 D GeckoSession: handleMessage GeckoView:StateUpdated uri=null
03-06 22:03:07.446 11114 11114 W GeckoSession: No history entries found.
03-06 22:03:08.475 11114 11171 D SessionStorage/AutoSave: Saved state to disk [11ms]
03-06 22:03:08.884 11391 11391 D AndroidRuntime: >>>>>> START com.android.internal.os.RuntimeInit uid 2000 <<<<<<
03-06 22:03:08.897 11391 11391 W app_process: Could not reserve sentinel fault page
03-06 22:03:09.065 11391 11391 I app_process: The ClassLoaderContext is a special shared library.
03-06 22:03:09.135 11391 11391 D AndroidRuntime: Calling main entry com.android.commands.input.Input
03-06 22:03:09.136 11391 11391 I Input   : injectKeyEvent: KeyEvent { action=ACTION_DOWN, keyCode=KEYCODE_HOME, scanCode=0, metaState=0, flags=0x0, repeatCount=0, eventTime=15626244416, downTime=15626244416, deviceId=-1, source=0x101 }
03-06 22:03:09.147 11391 11391 I Input   : injectKeyEvent: KeyEvent { action=ACTION_UP, keyCode=KEYCODE_HOME, scanCode=0, metaState=0, flags=0x0, repeatCount=0, eventTime=15626244416, downTime=15626244416, deviceId=-1, source=0x101 }
03-06 22:03:09.153  1456  1941 I ActivityManager: START u0 {act=android.intent.action.MAIN cat=[android.intent.category.HOME] flg=0x10200000 cmp=com.android.launcher3/.CustomizationPanelLauncher (has extras)} from uid 1000
03-06 22:03:09.154   794   839 E ANDR-PERF-RESOURCEQS: Failed to apply optimization [4, 0]
03-06 22:03:09.166  1456  1941 I ActivityManager: moveHomeStack, setupComplete:true
03-06 22:03:09.174  3111  3152 I Adreno  : QUALCOMM build                   : bb5b86c, I77d3059488
03-06 22:03:09.174  3111  3152 I Adreno  : Build Date                       : 06/07/18
03-06 22:03:09.174  3111  3152 I Adreno  : OpenGL ES Shader Compiler Version: EV031.22.00.01_06
03-06 22:03:09.174  3111  3152 I Adreno  : Local Branch                     : 
03-06 22:03:09.174  3111  3152 I Adreno  : Remote Branch                    : refs/tags/AU_LINUX_ANDROID_LA.UM.6.5.R1.08.01.00.312.086
03-06 22:03:09.174  3111  3152 I Adreno  : Remote Branch                    : NONE
03-06 22:03:09.174  3111  3152 I Adreno  : Reconstruct Branch               : NOTHING
03-06 22:03:09.177  3111  3152 D vndksupport: Loading /vendor/lib/hw/gralloc.msm8937.so from current namespace instead of sphal namespace.
03-06 22:03:09.178 11391 11391 D AndroidRuntime: Shutting down VM
03-06 22:03:09.181  3111  3152 I Adreno  : PFP: 0x005ff087, ME: 0x005ff063
03-06 22:03:09.185  3111  3152 I zygote  : android::hardware::configstore::V1_0::ISurfaceFlingerConfigs::hasWideColorDisplay retrieved: 0
03-06 22:03:09.186  3111  3152 I OpenGLRenderer: Initialized EGL, version 1.4
03-06 22:03:09.186  3111  3152 D OpenGLRenderer: Swap behavior 2
03-06 22:03:09.192  2748  2748 D Launcher.Utilities: Wakeup weather: Intent { act=com.motorola.launcher3.action.WAKEUP_WEATHER cmp=com.motorola.timeweatherwidget/com.motorola.commandcenter.weather.WakeUpService }
03-06 22:03:09.209  1456  1456 I NotificationService: Cannot find enqueued record for key: 0|com.motorola.timeweatherwidget|1|null|10116
03-06 22:03:09.209   808   808 D SurfaceFlinger: duplicate layer name: changing com.android.launcher3/com.android.launcher3.CustomizationPanelLauncher to com.android.launcher3/com.android.launcher3.CustomizationPanelLauncher#1
03-06 22:03:09.225  3111  3142 W ThreadPoolDumper: Queue length for executor EventBus is now 11. Perhaps some tasks are too long, or the pool is too small.
03-06 22:03:09.227  1456  2162 I WifiService: getWifiEnabledState uid=10073
03-06 22:03:09.236 11114 11114 I [INFO][Leanplum]: [com.leanplum.internal.RequestOld::sendIfConnected::4]: Device is offline, will send later
03-06 22:03:09.242  1456  2162 I WifiService: getWifiEnabledState uid=10073
03-06 22:03:09.252  3111  3156 I DEBUG   : OpaToSrpTransitionState#onStateChanged#notNullQuery
03-06 22:03:09.253  3111  3156 I DEBUG   : OpaToSrpTransitionState#onStateChanged#notNullQuery
03-06 22:03:09.269  3111  3156 I MicroDetectionState: Should stop hotword detection immediately - false
03-06 22:03:09.272  3111  3156 I MicroDetectionWorker: #startMicroDetector [speakerMode: 0]
03-06 22:03:09.273  3111  3156 I AudioController: Created new AudioSource
03-06 22:03:09.280 11114 11114 D GeckoSession: handleMessage GeckoView:StateUpdated uri=null
03-06 22:03:09.311  1456  1673 I LaunchCheckinHandler: Displayed com.android.launcher3/.CustomizationPanelLauncher,wp,wa,158
03-06 22:03:09.312  3111  3155 I MicroDataManager: isInitializedWithLatestParams-true
03-06 22:03:09.312  3111  3155 I MicroDataManager: isInitializing-false locale not changed-true model not changed-true
03-06 22:03:09.313  3111  3155 I MicroDataManager: Already initialized, obtaining the hotword data immediately.
03-06 22:03:09.313  9664  9664 I Finsky  : [2] ppb.onTrimMemory(1): Memory trim requested to level 60
03-06 22:03:09.321  3111 12420 I MicroRecognitionRunner: Starting detection.
03-06 22:03:09.321  3111 12420 I InputStreamUtils: Using micInputStream
03-06 22:03:09.322  3111 14383 I MicrophoneInputStream: mic_starting  SR : 16000 CC : 16 SO : 1999
03-06 22:03:09.325   788  1479 V msm8974_platform: platform_check_input_mask: enter check_input_mask source 6 mask 10
03-06 22:03:09.327  1012 11405 I AudioFlinger: AudioFlinger's thread 0xb2483780 tid=11405 ready to run
03-06 22:03:09.332   788  1479 D audio_hw_primary: in_set_parameters: enter: kvpairs=input_source=6;routing=-2147483644
03-06 22:03:09.335  1012 10158 D APM_AudioPolicyManager: AudioPolicyManager::startInput() input 183118, session 183225, source = 1999
03-06 22:03:09.335  3111 14383 I MicrophoneInputStream: mic_started  SR : 16000 CC : 16 SO : 1999
03-06 22:03:09.337   788 11406 V msm8974_platform: platform_update_usecase_from_source: input source :6
03-06 22:03:09.337   788 11406 V msm8974_platform: platform_check_input_mask: enter check_input_mask source 6 mask 10
03-06 22:03:09.337   788 11406 V msm8974_platform: platform_get_input_snd_device: enter: out_device(0) in_device(0x4) channel_count (1) channel_mask (0x10)
03-06 22:03:09.338   788 11406 V msm8974_platform: platform_get_input_snd_device: exit: in_snd_device(voice-rec-mic)
03-06 22:03:09.338   788 11406 V msm8974_platform: platform_get_backend_index:napb: backend port - 5 device - 120 
03-06 22:03:09.338   788 11406 V msm8974_platform: platform_check_and_set_capture_backend_cfg:txbecf: afe: bitwidth 0, samplerate 0, channel 1, backend_idx 5 usecase = 9 device (voice-rec-mic)
03-06 22:03:09.338   788 11406 V msm8974_platform: platform_check_capture_backend_cfg:txbecf: afe: Codec selected backend: 5 current bit width: 0 and sample rate: 0, channels 1
03-06 22:03:09.338   788 11406 V msm8974_platform: platform_check_capture_backend_cfg:txbecf: afe: Codec selected backend: 5 updated bit width: 0 and sample rate: 0
03-06 22:03:09.338   788 11406 I msm8974_platform: platform_check_capture_backend_cfg:txbecf: afe: Codec backend needs to be updated. new bit width: 0 new sample rate: 0 new channel: 1
03-06 22:03:09.338   788 11406 V msm8974_platform: platform_get_backend_index:napb: backend port - 5 device - 120 
03-06 22:03:09.338   788 11406 V msm8974_platform: platform_set_backend_cfg:becf: afe: bitwidth 0, samplerate 0 channels 1, backend_idx 5 device (voice-rec-mic)
03-06 22:03:09.338   788 11406 E msm8974_platform: platform_set_backend_cfg:becf: afe: Could not get ctl for mixer command - SLIM_0_TX Format
03-06 22:03:09.338   788 11406 V msm8974_platform: platform_send_audio_calibration: sending audio calibration for snd_device(120) acdb_id(62)
03-06 22:03:09.339   788 11406 D ACDB-LOADER: ACDB -> send_audio_cal, acdb_id = 62, path = 1, app id = 0x11130, sample rate = 48000
03-06 22:03:09.339   788 11406 D ACDB-LOADER: ACDB -> send_asm_topology
03-06 22:03:09.339   788 11406 D ACDB-LOADER: ACDB -> ACDB_CMD_GET_AUDPROC_STREAM_TOPOLOGY_ID
03-06 22:03:09.339   788 11406 D ACDB-LOADER: ACDB -> send_adm_topology
03-06 22:03:09.339   788 11406 D ACDB-LOADER: ACDB -> ACDB_CMD_GET_AUDPROC_COMMON_TOPOLOGY_ID
03-06 22:03:09.339   788 11406 D ACDB-LOADER: ACDB -> send_audtable
03-06 22:03:09.339   788 11406 D ACDB-LOADER: ACDB -> ACDB_CMD_GET_AUDPROC_COMMON_TABLE_SIZE
03-06 22:03:09.339   788 11406 D ACDB-LOADER: ACDB -> ACDB_CMD_GET_AUDPROC_COMMON_TABLE
03-06 22:03:09.339   788 11406 D ACDB-LOADER: ACDB -> AUDIO_SET_AUDPROC_CAL
03-06 22:03:09.339   788 11406 D ACDB-LOADER: ACDB -> send_audvoltable
03-06 22:03:09.339   788 11406 D ACDB-LOADER: ACDB -> ACDB_CMD_GET_AUDPROC_VOL_STEP_TABLE_SIZE
03-06 22:03:09.339   788 11406 D ACDB-LOADER: ACDB -> ACDB_CMD_GET_AUDPROC_GAIN_DEP_STEP_TABLE, vol index 0
03-06 22:03:09.339   788 11406 D         : Failed to fetch the lookup information of the device 0000003E 
03-06 22:03:09.339   788 11406 D ACDB-LOADER: ACDB -> AUDIO_SET_VOL_CAL cal type = 12
03-06 22:03:09.340   788 11406 D ACDB-LOADER: ACDB -> ACDB_CMD_GET_AUDPROC_STREAM_TABLE_SIZE
03-06 22:03:09.340   788 11406 D ACDB-LOADER: ACDB -> send_audstrmtable
03-06 22:03:09.340   788 11406 D ACDB-LOADER: ACDB -> ACDB_CMD_GET_AUDPROC_STREAM_TABLE_V2
03-06 22:03:09.340   788 11406 D ACDB-LOADER: ACDB -> audstrm_cal->cal_type.cal_data.cal_size = 456
03-06 22:03:09.340   788 11406 D ACDB-LOADER: ACDB -> send_afe_topology
03-06 22:03:09.340   788 11406 D ACDB-LOADER: ACDB -> ACDB_CMD_GET_AFE_TOPOLOGY_ID
03-06 22:03:09.340   788 11406 D ACDB-LOADER: ACDB -> GET_AFE_TOPOLOGY_ID for adcd_id 62, Topology Id 112fb
03-06 22:03:09.340   788 11406 D ACDB-LOADER: ACDB -> send_afe_cal
03-06 22:03:09.340   788 11406 D ACDB-LOADER: ACDB -> ACDB_CMD_GET_AFE_COMMON_TABLE_SIZE
03-06 22:03:09.340   788 11406 D         : Failed to fetch the lookup information of the device 0000003E 
03-06 22:03:09.340   788 11406 E ACDB-LOADER: Error: ACDB_CMD_GET_AFE_COMMON_TABLE_SIZE Returned = -19
03-06 22:03:09.340   788 11406 D ACDB-LOADER: ACDB -> ACDB_CMD_GET_AFE_COMMON_TABLE
03-06 22:03:09.340   788 11406 D         : Failed to fetch the lookup information of the device 0000003E 
03-06 22:03:09.340   788 11406 D ACDB-LOADER: ACDB -> AUDIO_SET_AFE_CAL
03-06 22:03:09.340   788 11406 D ACDB-LOADER: ACDB -> send_hw_delay : acdb_id = 62 path = 1
03-06 22:03:09.340   788 11406 D ACDB-LOADER: ACDB -> ACDB_AVSYNC_INFO: ACDB_CMD_GET_DEVICE_PROPERTY
03-06 22:03:09.340   788 11406 D audio_hw_primary: enable_snd_device: snd_device(120: voice-rec-mic)
03-06 22:03:09.341   788 11406 D audio_route: Apply path: voice-rec-mic
03-06 22:03:09.343   788 11406 V msm8974_platform: platform_get_snd_device_backend_index: enter with device 120
03-06 22:03:09.343   788 11406 E msm8974_platform: platform_get_snd_device_backend_index: BE DAI Name Table is not present
03-06 22:03:09.343   788 11406 V msm8974_platform: platform_get_backend_index:napb: backend port - 5 device - 120 
03-06 22:03:09.343   788 11406 I audio_hw_utils: Set Audio Stream Capture 0 App Type Cfg: app_type 69936, acdb_dev_id 62, sample_rate 48000, snd_device_be_idx -14
03-06 22:03:09.343   788 11406 D audio_hw_primary: enable_audio_route: usecase(9) apply and update mixer path: audio-record
03-06 22:03:09.343   788 11406 D audio_route: Apply path: audio-record
03-06 22:03:09.412  3111  3156 I MicroDetectionWorker: onReady
03-06 22:03:09.427  2146  2165 I zygote  : NativeAlloc concurrent copying GC freed 21401(1138KB) AllocSpace objects, 0(0B) LOS objects, 49% free, 7MB/14MB, paused 149us total 102.809ms
03-06 22:03:09.721  1456  7796 I OpenGLRenderer: Initialized EGL, version 1.4
03-06 22:03:09.721  1456  7796 D OpenGLRenderer: Swap behavior 2
03-06 22:03:09.753  2748  2917 W OpenGLRenderer: Incorrectly called buildLayer on View: ShortcutAndWidgetContainer, destroying layer...
03-06 22:03:09.858 11114 11114 D GeckoRuntime: Lifecycle: onPause
03-06 22:03:09.859 11114 11114 D GeckoNetworkManager: Incoming event stop for state OnWithListeners -> OffWithListeners
03-06 22:03:09.860 11114 11114 I SessionStorage/AutoSave: Save: Background
03-06 22:03:09.866 11114 11143 I libglean_ffi: glean_core::ping: Collecting baseline
03-06 22:03:09.873 11114 11143 D libglean_ffi: glean_core::ping: Storing ping '857f5ed4-40ee-4085-a9ba-d7ff0145cef7' at '/data/user/0/org.mozilla.fennec_aurora/glean_data/pending_pings/857f5ed4-40ee-4085-a9ba-d7ff0145cef7'
03-06 22:03:09.873 11114 11143 I libglean_ffi: glean_core: The ping 'baseline' was submitted and will be sent as soon as possible
03-06 22:03:09.877 11114 11171 D SessionStorage/AutoSave: Saved state to disk [16ms]
03-06 22:03:09.881 11114 11143 I libglean_ffi: glean_core::ping: Collecting events
03-06 22:03:09.887 11114 11143 D libglean_ffi: glean_core::ping: Storing ping '8b7f28ab-0103-4405-a15a-04b7c4d5cc03' at '/data/user/0/org.mozilla.fennec_aurora/glean_data/pending_pings/8b7f28ab-0103-4405-a15a-04b7c4d5cc03'
03-06 22:03:09.887 11114 11143 I libglean_ffi: glean_core: The ping 'events' was submitted and will be sent as soon as possible
03-06 22:03:09.898   808   898 I SFPerfTracer:      triggers: (rate: 0:1) (0 sw vsyncs) (0 skipped) (37:4895740 vsyncs) (39:11061871)
03-06 22:03:09.902   808   808 I SFPerfTracer:      triggers: (rate: 57:1997934) (compose: 0:7) (post: 0:19) (render: 0:17) (5:8994470 frames) (6:10995010)
03-06 22:03:09.902   808   808 D SFPerfTracer:        layers: (4:13) (NavigationBar#0 (0xb07df000): 0:674174) (StatusBar#0 (0xb07e3000): 0:1765352) (com.android.systemui.ImageWallpaper#0 (0xb07e7000): 0:59930) (Sprite#0 (0xb0733000): 0:317)* (DimLayerController/Stack=0#0 (0xb075a000): 0:3780)* (Sprite#1 (0xb077c000): 0:195)* (com.android.launcher3/com.android.launcher3.CustomizationPanelLauncher#0 (0xb0763000): 0:40)- (com.android.launcher3/com.android.launcher3.CustomizationPanelLauncher#1 (0xb0771000): 0:14)- (org.mozilla.fennec_aurora/org.mozilla.fenix.IntentReceiverActivity#0 (0xb039b000): 0:2)- (Splash Screen org.mozilla.fennec_aurora#0 (0xb013a000): 0:32)- (org.mozilla.fennec_aurora/org.mozilla.fenix.HomeActivity#0 (0xb01ab000): 0:62)- (com.android.launcher3/com.android.launcher3.CustomizationPanelLauncher#0 (0xb0763000): 6:36)* (com.android.launcher3/com.android.launcher3.CustomizationPanelLauncher#1 (0xb0771000): 1:6) 
03-06 22:03:10.050  1456  1466 I zygote  : NativeAlloc concurrent copying GC freed 27797(1869KB) AllocSpace objects, 13(452KB) LOS objects, 38% free, 37MB/61MB, paused 152us total 329.107ms
03-06 22:03:13.229  9664  9682 I Finsky  : [351404] kay.run(3): Stats for Executor: BlockingExecutor kcu@c0fa51c[Running, pool size = 2, active threads = 0, queued tasks = 0, completed tasks = 15]
03-06 22:03:13.230  9664  9682 I Finsky  : [351404] kay.run(3): Stats for Executor: LightweightExecutor kcu@6a00525[Running, pool size = 4, active threads = 0, queued tasks = 0, completed tasks = 442]
03-06 22:03:13.557  9664  9682 I Finsky  : [351404] kay.run(3): Stats for Executor: bgExecutor kcu@351a6fa[Running, pool size = 4, active threads = 0, queued tasks = 0, completed tasks = 690]
03-06 22:03:13.713  9664  9664 I Finsky  : [2] JobSchedulerEngine$PhoneskyJobSchedulerJobService.onStartJob(5): SCH: onJobSchedulerWakeup with jobId 9009
03-06 22:03:13.717  9664  9664 I Finsky  : [2] tnz.a(24): Scheduling fallback job with id: 9034, and delay: 43200000 ms
03-06 22:03:13.722  9664  9664 I Finsky  : [2] tnz.a(5): Scheduling fallback in 64799997 (absolute: 16143087486)
03-06 22:03:13.737  9664  9664 I Finsky  : [2] toi.handleMessage(10): SCH: DeviceState: DeviceState{currentTime=1583550193731, isCharging=true, isIdle=false, netAny=false, netNotRoaming=false, netUnmetered=false, batteryPercent=100.0}
03-06 22:03:13.754  9664 11409 I Finsky  : [351485] tqw.a(7): SCH: Jobs in database: 1-1337 3-2019 3-2020 12-1 24-77777777 26-1414141414 29-29 
03-06 22:03:13.783  9664  9664 I Finsky  : [2] toj.a(20): SCH: Running job: 29-29
03-06 22:03:13.786  9664  9664 I Finsky  : [2] toi.handleMessage(63): SCH: RunningQueue size: 1, PendingQueue size: 0
03-06 22:03:13.787  9664  9664 I Finsky  : [2] toi.handleMessage(66): SCH: Running queue: 29-29 
03-06 22:03:13.787  9664 11410 I Finsky  : [351486] zhm.a(1): ProcessRecoveryLogsUtil: No files in recovery directory
03-06 22:03:13.788  9664 11410 I Finsky  : [351486] tpt.a(13): SCH: jobFinished: 29-29. TimeElapsed: 5ms.
03-06 22:03:13.789  9664  9664 I Finsky  : [2] toj.a(35): SCH: Job 29-29 finished. Not rescheduling.
03-06 22:03:13.791  9664  9664 I Finsky  : [2] toi.handleMessage(63): SCH: RunningQueue size: 0, PendingQueue size: 0
03-06 22:03:13.792  9664  9664 I Finsky  : [2] toi.handleMessage(29): Executor finished
03-06 22:03:13.806  9664  9664 I Finsky  : [2] ppb.onTrimMemory(1): Memory trim requested to level 80
03-06 22:03:13.814  9664  9664 I Finsky  : [2] tqw.a(7): SCH: Jobs in database: 1-1337 3-2019 3-2020 12-1 24-77777777 26-1414141414 
03-06 22:03:13.846  9664  9664 I Finsky  : [2] tmt.a(58): SCH: ConstraintMapping: 24-77777777,  -> L: 0ms, D: 78594261ms, C: false, I: true, N: 0
03-06 22:03:13.848  9664  9664 I Finsky  : [2] tmt.a(58): SCH: ConstraintMapping: 1-1337, 12-1,  -> L: 0ms, D: 205763ms, C: false, I: false, N: 1
03-06 22:03:13.849  9664  9664 I Finsky  : [2] tmt.a(58): SCH: ConstraintMapping: 3-2019,  -> L: 0ms, D: 86340570ms, C: false, I: true, N: 2
03-06 22:03:13.850  9664  9664 I Finsky  : [2] tmt.a(58): SCH: ConstraintMapping: 3-2020,  -> L: 0ms, D: 86340575ms, C: true, I: true, N: 2
03-06 22:03:13.851  9664  9664 I Finsky  : [2] tmt.a(58): SCH: ConstraintMapping: 26-1414141414,  -> L: 10414258ms, D: 11314258ms, C: false, I: false, N: 0
03-06 22:03:13.862  9664  9664 I Finsky  : [2] tpg.a(37): Cancelling existing jobscheduler jobs: 9000 9003 9002 9001 
03-06 22:03:13.863  9664  9664 I Finsky  : [2] tpg.a(14): Throttling wakeup for job 9004 (expected to run in 0 ms) due to recent wakeup
03-06 22:03:13.864  9664  9664 I Finsky  : [2] tpg.a(30): Scheduling job Id: 9004, L: 30000, D: 78594261, C: false, I: true, N: 0
03-06 22:03:13.866  9664  9664 I Finsky  : [2] tpg.a(14): Throttling wakeup for job 9005 (expected to run in 0 ms) due to recent wakeup
03-06 22:03:13.867  9664  9664 I Finsky  : [2] tpg.a(30): Scheduling job Id: 9005, L: 30000, D: 205763, C: false, I: false, N: 1
03-06 22:03:13.871  9664  9664 I Finsky  : [2] tpg.a(14): Throttling wakeup for job 9006 (expected to run in 0 ms) due to recent wakeup
03-06 22:03:13.872  9664  9664 I Finsky  : [2] tpg.a(30): Scheduling job Id: 9006, L: 30000, D: 86340570, C: false, I: true, N: 2
03-06 22:03:13.873  9664  9664 I Finsky  : [2] tpg.a(14): Throttling wakeup for job 9007 (expected to run in 0 ms) due to recent wakeup
03-06 22:03:13.874  9664  9664 I Finsky  : [2] tpg.a(30): Scheduling job Id: 9007, L: 30000, D: 86340575, C: true, I: true, N: 2
03-06 22:03:13.876  9664  9664 I Finsky  : [2] tpg.a(30): Scheduling job Id: 9008, L: 10414258, D: 11314258, C: false, I: false, N: 0
03-06 22:03:13.939  9664  9673 W JavaBinder: BinderProxy is being destroyed but the application did not call unlinkToDeath to unlink all of its death recipients beforehand.  Releasing leaked death recipient: akhj
03-06 22:03:14.365  1456  2162 I ActivityManager: Force stopping org.mozilla.fennec_aurora appid=11073 user=0: from pid 11413
03-06 22:03:14.365  1456  2162 I ActivityManager: Killing 11114:org.mozilla.fennec_aurora/u0a1073 (adj 700): stop org.mozilla.fennec_aurora
03-06 22:03:14.368  1456  1605 W zygote  : kill(-11114, 9) failed: No such process
03-06 22:03:14.369 11223 11223 I ServiceChildProcess: Service has been unbound. Stopping.
03-06 22:03:14.370  1456  2162 W ActivityManager: Force removing ActivityRecord{59c87e5 u0 org.mozilla.fennec_aurora/org.mozilla.fenix.HomeActivity t32313}: app died, no saved state
03-06 22:03:14.370 11205 11205 I ServiceChildProcess: Service has been unbound. Stopping.
03-06 22:03:14.381  1456  1605 W zygote  : kill(-11114, 9) failed: No such process
03-06 22:03:14.383  1456  2162 I ActivityManager: Killing 11223:org.mozilla.fennec_aurora:socket/u0a1073 (adj 0): stop org.mozilla.fennec_aurora
03-06 22:03:14.388  1456  2162 I ActivityManager: Killing 11205:org.mozilla.fennec_aurora:tab/u0a1073 (adj 0): stop org.mozilla.fennec_aurora
03-06 22:03:14.394  1456  1605 W zygote  : kill(-11114, 9) failed: No such process
03-06 22:03:14.404  2398  2398 D CarrierSvcBindHelper: No carrier app for: 0
03-06 22:03:14.405  2398  2398 D CarrierSvcBindHelper: No carrier app for: 1
03-06 22:03:14.413  1456  1605 W zygote  : kill(-11114, 9) failed: No such process
03-06 22:03:14.479  1456  6339 D ConnectivityService: ConnectivityService NetworkRequestInfo binderDied(NetworkRequest [ TRACK_DEFAULT id=29629, [ Capabilities: INTERNET&NOT_RESTRICTED&TRUSTED&NOT_VPN] ], android.os.BinderProxy@a91e907)
03-06 22:03:14.480  1456  2067 D ConnectivityService: releasing NetworkRequest [ TRACK_DEFAULT id=29629, [ Capabilities: INTERNET&NOT_RESTRICTED&TRUSTED&NOT_VPN] ] (release request)
03-06 22:03:14.480  1456  1673 W ActivityManager: setHasOverlayUi called on unknown pid: 11114
03-06 22:03:14.489  1456  1605 I chatty  : uid=1000(system) ActivityManager identical 5 lines
03-06 22:03:14.504  1456  1605 W zygote  : kill(-11114, 9) failed: No such process
03-06 22:03:14.505  1456  3927 I ActivityManager: START u0 {act=android.intent.action.VIEW dat=https://example.com/... typ=text/html flg=0x10000000 cmp=org.mozilla.fennec_aurora/org.mozilla.fenix.IntentReceiverActivity} from uid 2000
03-06 22:03:14.506   794   839 E ANDR-PERF-RESOURCEQS: Failed to apply optimization [4, 0]
03-06 22:03:14.519  1456  1605 W zygote  : kill(-11114, 9) failed: No such process
03-06 22:03:14.526  1456  2916 I ActivityManager: Start proc 11421:org.mozilla.fennec_aurora/u0a1073 for activity org.mozilla.fennec_aurora/org.mozilla.fenix.IntentReceiverActivity
03-06 22:03:14.535  1456  1605 W zygote  : kill(-11114, 9) failed: No such process
03-06 22:03:14.535  1456  1605 I zygote  : Successfully killed process cgroup uid 11073 pid 11114 in 167ms
03-06 22:03:14.535  1456  1605 W zygote  : kill(-11223, 9) failed: No such process
03-06 22:03:14.535  1456  1605 I zygote  : Successfully killed process cgroup uid 11073 pid 11223 in 0ms
03-06 22:03:14.536  1456  1605 W zygote  : kill(-11205, 9) failed: No such process
03-06 22:03:14.536  1456  1605 I zygote  : Successfully killed process cgroup uid 11073 pid 11205 in 0ms
03-06 22:03:14.614  3111  3156 I MicroDetectionState: Should stop hotword detection immediately - false
03-06 22:03:14.614  3111  3156 I MicroDetector: Keeping mic open: false
03-06 22:03:14.614  3111  3156 I RecognitionAudioControl: #shutdownAudio [requestId: 2048522873203172426, keepAudioOpen: false, forced: true]
03-06 22:03:14.614  3111 12423 E DeviceStateChecker: DeviceStateChecker cancelled
03-06 22:03:14.614  3111  3156 I RecognitionAudioControl: #internalShutdownAudio [requestId: 2048522873203172426]
03-06 22:03:14.614  3111  3156 I RecognitionAudioControl: #internalShutdownAudio [keepAudioOpen: false, forced: true]
03-06 22:03:14.614  3111  3156 I RecognitionAudioControl: #actualShutdownAudio
03-06 22:03:14.614  3111  3156 I AudioController: #shutdown [requestId=2048522873203172426]
03-06 22:03:14.614  3111  3157 I AudioController: internalShutdown
03-06 22:03:14.615  3111  3139 I MicroRecognitionRunner: Stopping hotword detection.
03-06 22:03:14.656 11421 11421 D FirebaseApp: com.google.firebase.auth.FirebaseAuth is not linked. Skipping initialization.
03-06 22:03:14.656 11421 11421 D FirebaseApp: com.google.firebase.crash.FirebaseCrash is not linked. Skipping initialization.
03-06 22:03:14.657 11421 11421 I FirebaseInitProvider: FirebaseApp initialization successful
03-06 22:03:14.672   788  1479 D audio_hw_primary: disable_audio_route: usecase(9) reset and update mixer path: audio-record
03-06 22:03:14.672   788  1479 D audio_hw_primary: disable_snd_device: snd_device(120: voice-rec-mic)
03-06 22:03:14.674  1012  1302 D APM_AudioPolicyManager: stopInput() input 183118, session 183225
03-06 22:03:14.675   788  1401 D audio_hw_primary: in_set_parameters: enter: kvpairs=routing=0
03-06 22:03:14.676  3111  3157 I MicrophoneInputStream: mic_close  SR : 16000 CC : 16 SO : 1999
03-06 22:03:14.676  3111  3157 E AudioSource: Stop listening is called on already closed AudioSource
03-06 22:03:14.678  3111 12420 I MicroRecognitionRunner: Detection finished
03-06 22:03:14.721 11421 11421 D FennecProfile: profiles.ini: true
03-06 22:03:14.724 11421 11421 D FennecProfile: Ignoring line in [general] section: StartWithLastProfile=1
03-06 22:03:14.725 11421 11421 D FennecProfile: Found 1 profiles
03-06 22:03:14.725 11421 11440 I FA      : Collection disabled with firebase_analytics_collection_enabled=0
03-06 22:03:14.725 11421 11421 D FennecProfile: Found default profile: FennecProfile(name=default, path=/data/user/0/org.mozilla.fennec_aurora/files/mozilla/1ebqm21n.default, default=true)
03-06 22:03:14.725 11421 11440 I FA      : App measurement is starting up, version: 12780
03-06 22:03:14.725 11421 11440 I FA      : To enable debug logging run: adb shell setprop log.tag.FA VERBOSE
03-06 22:03:14.726 11421 11440 I FA      : To enable faster debug mode event logging run:
03-06 22:03:14.726 11421 11440 I FA      :   adb shell setprop debug.firebase.analytics.app org.mozilla.fennec_aurora
03-06 22:03:14.730 11421 11421 D FennecMigrator: No migrations to run. Fennec install - false.
03-06 22:03:14.740 11421 11421 D FenixApplication: Initializing Glean (uploadEnabled=true, isFennec=true)
03-06 22:03:14.748 11421 11448 D RustNativeSupport: findMegazordLibraryName(viaduct, 0.50.0
03-06 22:03:14.748 11421 11448 D RustNativeSupport: lib in use: none
03-06 22:03:14.748 11421 11448 D RustNativeSupport: lib configured: fenix
03-06 22:03:14.748 11421 11448 D RustNativeSupport: lib version configured: 0.50.0
03-06 22:03:14.748 11421 11448 D RustNativeSupport: settled on fenix
03-06 22:03:14.763 11421 11447 D libglean_ffi: glean_ffi: Android logging should be hooked up!
03-06 22:03:14.767 11421 11447 I glean/Glean: Registering pings for mozilla.telemetry.glean.GleanMetrics.Pings
03-06 22:03:14.770 11421 11447 I libglean_ffi: glean_core: Creating new Glean
03-06 22:03:14.770 11421 11447 D libglean_ffi: glean_core::database: Database path: "/data/user/0/org.mozilla.fennec_aurora/glean_data/db"
03-06 22:03:14.771 11421 11447 I libglean_ffi: glean_core::database: Database initialized
03-06 22:03:14.771 11421 11447 I libglean_ffi: glean_ffi: Glean initialized
03-06 22:03:14.771 11421 11448 D RustNativeSupport: findMegazordLibraryName(rustlog, 0.50.0
03-06 22:03:14.771 11421 11448 D RustNativeSupport: lib in use: none
03-06 22:03:14.771 11421 11448 D RustNativeSupport: lib configured: fenix
03-06 22:03:14.771 11421 11448 D RustNativeSupport: lib version configured: 0.50.0
03-06 22:03:14.772 11421 11448 D RustNativeSupport: settled on fenix
03-06 22:03:14.774 11421 11448 I rc_log_ffi::ios: rc_log adapter initialized!
03-06 22:03:14.785 11421 11447 D glean/MetricsPingSched: The 'metrics' ping was last sent on Fri Mar 06 00:00:00 EST 2020
03-06 22:03:14.786 11421 11447 I glean/MetricsPingSched: The 'metrics' ping was already sent today, Fri Mar 06 22:03:14 EST 2020.
03-06 22:03:14.786 11421 11447 D glean/MetricsPingSched: Scheduling the 'metrics' ping in 21405227ms
03-06 22:03:14.788 11421 11447 D libglean_ffi: glean_core: Clearing Lifetime::Application metrics
03-06 22:03:14.798 11421 11421 D GeckoThread: State changed to LAUNCHED
03-06 22:03:14.798 11421 11454 I GeckoThread: preparing to run Gecko
03-06 22:03:14.806 11421 11421 D GeckoRuntime: Lifecycle: onCreate
03-06 22:03:14.806 11421 11454 D GeckoThread: State changed to MOZGLUE_READY
03-06 22:03:14.822 11421 11454 W Settings: Setting animator_duration_scale has moved from android.provider.Settings.System to android.provider.Settings.Global, returning read-only global URI.
03-06 22:03:14.825 11421 11421 I zygote  : Deoptimizing java.lang.Object androidx.collection.SimpleArrayMap.put(java.lang.Object, java.lang.Object) due to JIT inline cache
03-06 22:03:14.825 11421 11454 E GeckoLibLoad: Load sqlite start
03-06 22:03:14.831 11421 11421 D GleanMetricsService: Enabling Glean.
03-06 22:03:14.847 11421 11454 W GeckoLinker: /data/app/org.mozilla.fennec_aurora-yxbAELB3yXeLNDoGLCer_A==/lib/arm/libnss3.so: unhandled flags #8 not handled
03-06 22:03:14.849 11421 11447 I libglean_ffi: glean_core: Upload enabled: true
03-06 22:03:14.852 11421 11454 W GeckoLinker: /data/app/org.mozilla.fennec_aurora-yxbAELB3yXeLNDoGLCer_A==/lib/arm/libnss3.so: Relocation to NULL @0x001b8ffc for symbol "__cxa_type_match"
03-06 22:03:14.852 11421 11454 E GeckoLibLoad: Load sqlite done
03-06 22:03:14.852 11421 11454 E GeckoLibLoad: Load nss start
03-06 22:03:14.852 11421 11454 E GeckoLibLoad: Load nss done
03-06 22:03:14.853 11421 11454 W GeckoLinker: /data/app/org.mozilla.fennec_aurora-yxbAELB3yXeLNDoGLCer_A==/lib/arm/libxul.so: unhandled flags #8 not handled
03-06 22:03:14.853 11421 11454 W GeckoLinker: /data/app/org.mozilla.fennec_aurora-yxbAELB3yXeLNDoGLCer_A==/lib/arm/liblgpllibs.so: unhandled flags #8 not handled
03-06 22:03:14.873 11421 11421 W [WARNING][Leanplum]: [com.leanplum.internal.ActionManager::getLocationManager::8]: Geofencing support requires leanplum-location module and Google Play Services v8.1 and higher.
03-06 22:03:14.873 11421 11421 W [WARNING][Leanplum]: Add this to your build.gradle file:
03-06 22:03:14.873 11421 11421 W [WARNING][Leanplum]: implementation 'com.google.android.gms:play-services-location:8.3.0+'
03-06 22:03:14.873 11421 11421 W [WARNING][Leanplum]: implementation 'com.leanplum:leanplum-location:+'
03-06 22:03:14.875 11421 11421 I [INFO][Leanplum]: [com.leanplum.monitoring.ExceptionHandler::setContext::6]: LeanplumExceptionHandler could not initialize Exception Reporting.This is expected if you have not included the leanplum-monitoring module
03-06 22:03:14.875 11421 11421 I AdjustMetricsService: No adjust token defined
03-06 22:03:14.882 11421 11421 I FirefoxAccountStateMachine: Enabling/updating sync with a new SyncConfig: SyncConfig(supportedEngines=[mozilla.components.service.fxa.SyncEngine$History@af02ddf, mozilla.components.service.fxa.SyncEngine$Bookmarks@fb7aa2c, mozilla.components.service.fxa.SyncEngine$Passwords@1150cf5], syncPeriodInMinutes=240)
03-06 22:03:14.887 11421 11421 I BgSyncManager: Periodic syncing enabled at a 240 interval
03-06 22:03:14.888 11421 11421 I FirefoxAccountStateMachine: Sync is enabled
03-06 22:03:14.890 11421 11457 I [INFO][Leanplum]: [com.leanplum.LeanplumFcmProvider::isManifestSetup::11]: Firebase Messaging is setup correctly.
03-06 22:03:14.890 11421 11421 D PushConfig: Creating push configuration for autopush.
03-06 22:03:14.891 11421 11454 E GeckoLibLoad: Loaded libs in 38.586879ms total, 30ms(100ms) user, 6ms(20ms) system, 0(0) faults
03-06 22:03:14.892 11421 11454 D GeckoThread: State changed to LIBS_READY
03-06 22:03:14.895 11421 11454 W GeckoThread: zerdatime 16078288662 - runGecko
03-06 22:03:14.898 11421 11454 D GeckoProfile: Loading profile at: null name: default
03-06 22:03:14.900 11421 11454 D GeckoProfile: Found profile dir: /data/user/0/org.mozilla.fennec_aurora/files/mozilla/1ebqm21n.default
03-06 22:03:14.905 11421 11467 I FirefoxAccountStateMachine: Processing event Event$Init for state Start. Next state is Start
03-06 22:03:14.905 11421 11421 I App     : AutoPushFeature is configured, initializing it...
03-06 22:03:14.906 11421 11421 I AutoPushFeature: Checking validity of push subscriptions.
03-06 22:03:14.918 11421 11421 D FennecProfile: profiles.ini: true
03-06 22:03:14.921 11421 11421 D FennecProfile: Ignoring line in [general] section: StartWithLastProfile=1
03-06 22:03:14.921 11421 11421 D FennecProfile: Found 1 profiles
03-06 22:03:14.921 11421 11421 D FennecProfile: Found default profile: FennecProfile(name=default, path=/data/user/0/org.mozilla.fennec_aurora/files/mozilla/1ebqm21n.default, default=true)
03-06 22:03:14.924 11421 11467 I FirefoxAccountStateMachine: Ran 'Event$Init' side-effects for state Start, got successive event Event$AccountNotFound
03-06 22:03:14.924 11421 11467 I FirefoxAccountStateMachine: Processing event Event$AccountNotFound for state Start. Next state is NotAuthenticated
03-06 22:03:14.927 11421 11467 D RustNativeSupport: findMegazordLibraryName(fxaclient, 0.50.0
03-06 22:03:14.927 11421 11467 D RustNativeSupport: lib in use: none
03-06 22:03:14.927 11421 11467 D RustNativeSupport: lib configured: fenix
03-06 22:03:14.927 11421 11467 D RustNativeSupport: lib version configured: 0.50.0
03-06 22:03:14.927 11421 11467 D RustNativeSupport: settled on fenix
03-06 22:03:14.930 11421 11467 D fxaclient_ffi: fxa_new
03-06 22:03:14.930 11421 11421 D FennecMigrator: This is not a Fennec installation. No migration needed.
03-06 22:03:14.954 11421 11421 D GeckoRuntime: Lifecycle: onStart
03-06 22:03:14.964 11421 11421 I [INFO][Leanplum]: [com.leanplum.internal.RequestOld::sendIfConnected::4]: Device is offline, will send later
03-06 22:03:14.976 11421 11426 I zygote  : Do partial code cache collection, code=28KB, data=30KB
03-06 22:03:14.978 11421 11426 I zygote  : After code cache collection, code=26KB, data=30KB
03-06 22:03:14.978 11421 11426 I zygote  : Increasing code cache capacity to 128KB
03-06 22:03:14.981 11421 11421 D GeckoRuntime: Lifecycle: onResume
03-06 22:03:14.983 11421 11421 D GeckoNetworkManager: Incoming event start for state OffNoListeners -> OnNoListeners
03-06 22:03:14.984 11421 11421 D GeckoNetworkManager: New network state: DOWN, NONE, UNKNOWN
03-06 22:03:15.003 11421 11483 D OpenGLRenderer: HWUI GL Pipeline
03-06 22:03:15.024 11421 11421 I glean/Glean: Registering pings for org.mozilla.fenix.GleanMetrics.Pings
03-06 22:03:15.042 11421 11421 D App     : ActivationPing - already generated
03-06 22:03:15.098  1456  1473 I ActivityManager: START u0 {act=android.intent.action.VIEW dat=https://example.com/... typ=text/html cmp=org.mozilla.fennec_aurora/org.mozilla.fenix.HomeActivity (has extras)} from uid 11073
03-06 22:03:15.108 11421 11421 D GeckoNetworkManager: Incoming event receivedUpdate for state OnNoListeners -> OnNoListeners
