01-23 22:02:24.046 20218 20218 D GeckoSession: handleMessage GeckoView:OnLoadRequest uri=about:blank
01-23 22:02:24.098 20218 20218 D mozac-webcompat: Installed WebCompat webextension: webcompat@mozilla.com
01-23 22:02:24.112 20218 20218 D GeckoSession: handleMessage GeckoView:PageStart uri=about:blank
01-23 22:02:24.136 20218 20218 D GeckoSession: handleMessage GeckoView:PageStop uri=null
01-23 22:02:24.142 20218 20218 I SessionStorage/AutoSave: Save: Load finished
01-23 22:02:24.143 20218 20248 D SessionStorage/AutoSave: Delaying save (1878ms)
01-23 22:02:24.161 20218 20218 D GeckoSession: handleMessage GeckoView:PageStart uri=about:blank
01-23 22:02:24.190 20218 20218 D GeckoSession: handleMessage GeckoView:SecurityChanged uri=null
01-23 22:02:24.299 20218 20218 D GeckoSession: handleMessage GeckoView:PageStop uri=null
01-23 22:02:24.307 20218 20218 I SessionStorage/AutoSave: Save: Load finished
01-23 22:02:24.307 20218 20218 D SessionStorage/AutoSave: Skipping save, other job already in flight
01-23 22:02:24.408 20218 20223 I zygote  : Do full code cache collection, code=254KB, data=147KB
01-23 22:02:24.410 20218 20223 I zygote  : After code cache collection, code=177KB, data=89KB
01-23 22:02:24.965 20218 20218 D GeckoSession: handleMessage GeckoView:StateUpdated uri=null
01-23 22:02:24.965 20218 20218 W GeckoSession: No history entries found.
01-23 22:02:25.998  2360  2360 D MayaFrameworkProxyService: receive intent :Intent { act=android.intent.action.PACKAGE_CHANGED dat=package:org.mozilla.fenix.nightly flg=0x45000010 (has extras) }
01-23 22:02:25.999  1456  1942 I InputReader: Reconfiguring input devices.  changes=0x00000010
01-23 22:02:26.004  1456  1600 W ResourceType: No known package when getting value for resource number 0x7f0801aa
01-23 22:02:26.005  1456  1600 W ResourceType: No known package when getting value for resource number 0x7f120105
01-23 22:02:26.005  1456  1600 W ResourceType: No known package when getting value for resource number 0x7f120105
01-23 22:02:26.005  1456  1600 W ResourceType: No known package when getting value for resource number 0x7f0801a8
01-23 22:02:26.005  1456  1600 W ResourceType: No known package when getting value for resource number 0x7f120104
01-23 22:02:26.005  1456  1600 W ResourceType: No known package when getting value for resource number 0x7f120104
01-23 22:02:26.026  1456  1600 W SearchableInfo: Invalid searchable metadata for com.google.android.gms/.nearby.sharing.ContactSelectActivity: Search label must be a resource reference.
01-23 22:02:26.031 20218 20248 D SessionStorage/AutoSave: Saved state to disk [9ms]
01-23 22:02:26.036  1456  1456 I TelecomService: DefaultDialerCache: Refreshing default dialer for user 0: now com.android.dialer: DDC.oR@xBg
01-23 22:02:26.044  2398  2398 D ImsResolver: maybeAddedImsService, packageName: org.mozilla.fenix.nightly
01-23 22:02:26.047  2398  2398 D CarrierSvcBindHelper: No carrier app for: 0
01-23 22:02:26.048  2398  2398 D CarrierSvcBindHelper: No carrier app for: 1
01-23 22:02:26.059  2398  2398 E VvmPkgInstalledRcvr: cannot create TelephonyManager from ComponentInfo{com.android.phone/com.android.services.telephony.TelephonyConnectionService}, [****], UserHandle{0}
01-23 22:02:26.151 20319 24228 I Icing   : Indexing com.google.android.gms-internal.3p:MobileApplication from com.google.android.gms using seqno 2511
01-23 22:02:26.164 20516 20516 D AndroidRuntime: >>>>>> START com.android.internal.os.RuntimeInit uid 2000 <<<<<<
01-23 22:02:26.177 20516 20516 W app_process: Could not reserve sentinel fault page
01-23 22:02:26.341 20516 20516 I app_process: The ClassLoaderContext is a special shared library.
01-23 22:02:26.411 20516 20516 D AndroidRuntime: Calling main entry com.android.commands.input.Input
01-23 22:02:26.418 20516 20516 I Input   : injectKeyEvent: KeyEvent { action=ACTION_DOWN, keyCode=KEYCODE_HOME, scanCode=0, metaState=0, flags=0x0, repeatCount=0, eventTime=12282175141, downTime=12282175141, deviceId=-1, source=0x101 }
01-23 22:02:26.425 20516 20516 I Input   : injectKeyEvent: KeyEvent { action=ACTION_UP, keyCode=KEYCODE_HOME, scanCode=0, metaState=0, flags=0x0, repeatCount=0, eventTime=12282175141, downTime=12282175141, deviceId=-1, source=0x101 }
01-23 22:02:26.431  1456  1941 I ActivityManager: START u0 {act=android.intent.action.MAIN cat=[android.intent.category.HOME] flg=0x10200000 cmp=com.android.launcher3/.CustomizationPanelLauncher (has extras)} from uid 1000
01-23 22:02:26.432   794   839 E ANDR-PERF-RESOURCEQS: Failed to apply optimization [4, 0]
01-23 22:02:26.443  1456  1941 I ActivityManager: moveHomeStack, setupComplete:true
01-23 22:02:26.447 20516 20516 D AndroidRuntime: Shutting down VM
01-23 22:02:26.455 20972 21070 I OpenGLRenderer: Initialized EGL, version 1.4
01-23 22:02:26.455 20972 21070 D OpenGLRenderer: Swap behavior 2
01-23 22:02:26.465 20218 20218 I zygote  : Deoptimizing kotlin.coroutines.CoroutineContext$Element kotlin.coroutines.CoroutineContext$Element$DefaultImpls.get(kotlin.coroutines.CoroutineContext$Element, kotlin.coroutines.CoroutineContext$Key) due to JIT inline cache
01-23 22:02:26.477  2748  2748 D Launcher.Utilities: Wakeup weather: Intent { act=com.motorola.launcher3.action.WAKEUP_WEATHER cmp=com.motorola.timeweatherwidget/com.motorola.commandcenter.weather.WakeUpService }
01-23 22:02:26.489  1456  1456 I NotificationService: Cannot find enqueued record for key: 0|com.motorola.timeweatherwidget|1|null|10116
01-23 22:02:26.494   808   808 D SurfaceFlinger: duplicate layer name: changing com.android.launcher3/com.android.launcher3.CustomizationPanelLauncher to com.android.launcher3/com.android.launcher3.CustomizationPanelLauncher#1
01-23 22:02:26.506 20972 21061 W ThreadPoolDumper: Queue length for executor EventBus is now 11. Perhaps some tasks are too long, or the pool is too small.
01-23 22:02:26.512  1456  5027 I WifiService: getWifiEnabledState uid=10073
01-23 22:02:26.520  1456  2923 I WifiService: getWifiEnabledState uid=10073
01-23 22:02:26.543 20218 20218 D GeckoSession: handleMessage GeckoView:StateUpdated uri=null
01-23 22:02:26.550 20972 21091 I MicroDetectionState: Should stop hotword detection immediately - false
01-23 22:02:26.555 20972 21091 I MicroDetectionWorker: #startMicroDetector [speakerMode: 0]
01-23 22:02:26.557 20972 21091 I AudioController: Created new AudioSource
01-23 22:02:26.586 20972 21079 I MicroDataManager: isInitializedWithLatestParams-true
01-23 22:02:26.586 20972 21079 I MicroDataManager: isInitializing-false locale not changed-true model not changed-true
01-23 22:02:26.586 20972 21079 I MicroDataManager: Already initialized, obtaining the hotword data immediately.
01-23 22:02:26.588  1456  1673 I LaunchCheckinHandler: Displayed com.android.launcher3/.CustomizationPanelLauncher,wp,wa,156
01-23 22:02:26.588 19005 19005 I Finsky  : [2] pze.onTrimMemory(1): Memory trim requested to level 80
01-23 22:02:26.591 20972 24395 I MicroRecognitionRunner: Starting detection.
01-23 22:02:26.592 20972 24395 I InputStreamUtils: Using micInputStream
01-23 22:02:26.592 20972 17789 I MicrophoneInputStream: mic_starting  SR : 16000 CC : 16 SO : 1999
01-23 22:02:26.595   788  1401 V msm8974_platform: platform_check_input_mask: enter check_input_mask source 6 mask 10
01-23 22:02:26.599  1012 20557 I AudioFlinger: AudioFlinger's thread 0xb2483140 tid=20557 ready to run
01-23 22:02:26.606   788   788 D audio_hw_primary: in_set_parameters: enter: kvpairs=input_source=6;routing=-2147483644
01-23 22:02:26.608  1012 11031 D APM_AudioPolicyManager: AudioPolicyManager::startInput() input 101846, session 101921, source = 1999
01-23 22:02:26.608 20972 17789 I MicrophoneInputStream: mic_started  SR : 16000 CC : 16 SO : 1999
01-23 22:02:26.609   788 20559 V msm8974_platform: platform_update_usecase_from_source: input source :6
01-23 22:02:26.609   788 20559 V msm8974_platform: platform_check_input_mask: enter check_input_mask source 6 mask 10
01-23 22:02:26.609   788 20559 V msm8974_platform: platform_get_input_snd_device: enter: out_device(0) in_device(0x4) channel_count (1) channel_mask (0x10)
01-23 22:02:26.609   788 20559 V msm8974_platform: platform_get_input_snd_device: exit: in_snd_device(voice-rec-mic)
01-23 22:02:26.610   788 20559 V msm8974_platform: platform_get_backend_index:napb: backend port - 5 device - 120 
01-23 22:02:26.610   788 20559 V msm8974_platform: platform_check_and_set_capture_backend_cfg:txbecf: afe: bitwidth 0, samplerate 0, channel 1, backend_idx 5 usecase = 9 device (voice-rec-mic)
01-23 22:02:26.610   788 20559 V msm8974_platform: platform_check_capture_backend_cfg:txbecf: afe: Codec selected backend: 5 current bit width: 0 and sample rate: 0, channels 1
01-23 22:02:26.610   788 20559 V msm8974_platform: platform_check_capture_backend_cfg:txbecf: afe: Codec selected backend: 5 updated bit width: 0 and sample rate: 0
01-23 22:02:26.610   788 20559 I msm8974_platform: platform_check_capture_backend_cfg:txbecf: afe: Codec backend needs to be updated. new bit width: 0 new sample rate: 0 new channel: 1
01-23 22:02:26.610   788 20559 V msm8974_platform: platform_get_backend_index:napb: backend port - 5 device - 120 
01-23 22:02:26.610   788 20559 V msm8974_platform: platform_set_backend_cfg:becf: afe: bitwidth 0, samplerate 0 channels 1, backend_idx 5 device (voice-rec-mic)
01-23 22:02:26.610   788 20559 E msm8974_platform: platform_set_backend_cfg:becf: afe: Could not get ctl for mixer command - SLIM_0_TX Format
01-23 22:02:26.611   788 20559 V msm8974_platform: platform_send_audio_calibration: sending audio calibration for snd_device(120) acdb_id(62)
01-23 22:02:26.611   788 20559 D ACDB-LOADER: ACDB -> send_audio_cal, acdb_id = 62, path = 1, app id = 0x11130, sample rate = 48000
01-23 22:02:26.611   788 20559 D ACDB-LOADER: ACDB -> send_asm_topology
01-23 22:02:26.611   788 20559 D ACDB-LOADER: ACDB -> ACDB_CMD_GET_AUDPROC_STREAM_TOPOLOGY_ID
01-23 22:02:26.611   788 20559 D ACDB-LOADER: ACDB -> send_adm_topology
01-23 22:02:26.611   788 20559 D ACDB-LOADER: ACDB -> ACDB_CMD_GET_AUDPROC_COMMON_TOPOLOGY_ID
01-23 22:02:26.611   788 20559 D ACDB-LOADER: ACDB -> send_audtable
01-23 22:02:26.611   788 20559 D ACDB-LOADER: ACDB -> ACDB_CMD_GET_AUDPROC_COMMON_TABLE_SIZE
01-23 22:02:26.611   788 20559 D ACDB-LOADER: ACDB -> ACDB_CMD_GET_AUDPROC_COMMON_TABLE
01-23 22:02:26.611   788 20559 D ACDB-LOADER: ACDB -> AUDIO_SET_AUDPROC_CAL
01-23 22:02:26.611   788 20559 D ACDB-LOADER: ACDB -> send_audvoltable
01-23 22:02:26.611   788 20559 D ACDB-LOADER: ACDB -> ACDB_CMD_GET_AUDPROC_VOL_STEP_TABLE_SIZE
01-23 22:02:26.611   788 20559 D ACDB-LOADER: ACDB -> ACDB_CMD_GET_AUDPROC_GAIN_DEP_STEP_TABLE, vol index 0
01-23 22:02:26.611   788 20559 D         : Failed to fetch the lookup information of the device 0000003E 
01-23 22:02:26.611   788 20559 D ACDB-LOADER: ACDB -> AUDIO_SET_VOL_CAL cal type = 12
01-23 22:02:26.611   788 20559 D ACDB-LOADER: ACDB -> ACDB_CMD_GET_AUDPROC_STREAM_TABLE_SIZE
01-23 22:02:26.611   788 20559 D ACDB-LOADER: ACDB -> send_audstrmtable
01-23 22:02:26.611   788 20559 D ACDB-LOADER: ACDB -> ACDB_CMD_GET_AUDPROC_STREAM_TABLE_V2
01-23 22:02:26.611   788 20559 D ACDB-LOADER: ACDB -> audstrm_cal->cal_type.cal_data.cal_size = 456
01-23 22:02:26.611   788 20559 D ACDB-LOADER: ACDB -> send_afe_topology
01-23 22:02:26.611   788 20559 D ACDB-LOADER: ACDB -> ACDB_CMD_GET_AFE_TOPOLOGY_ID
01-23 22:02:26.611   788 20559 D ACDB-LOADER: ACDB -> GET_AFE_TOPOLOGY_ID for adcd_id 62, Topology Id 112fb
01-23 22:02:26.611   788 20559 D ACDB-LOADER: ACDB -> send_afe_cal
01-23 22:02:26.611   788 20559 D ACDB-LOADER: ACDB -> ACDB_CMD_GET_AFE_COMMON_TABLE_SIZE
01-23 22:02:26.611   788 20559 D         : Failed to fetch the lookup information of the device 0000003E 
01-23 22:02:26.611   788 20559 E ACDB-LOADER: Error: ACDB_CMD_GET_AFE_COMMON_TABLE_SIZE Returned = -19
01-23 22:02:26.611   788 20559 D ACDB-LOADER: ACDB -> ACDB_CMD_GET_AFE_COMMON_TABLE
01-23 22:02:26.611   788 20559 D         : Failed to fetch the lookup information of the device 0000003E 
01-23 22:02:26.611   788 20559 D ACDB-LOADER: ACDB -> AUDIO_SET_AFE_CAL
01-23 22:02:26.611   788 20559 D ACDB-LOADER: ACDB -> send_hw_delay : acdb_id = 62 path = 1
01-23 22:02:26.611   788 20559 D ACDB-LOADER: ACDB -> ACDB_AVSYNC_INFO: ACDB_CMD_GET_DEVICE_PROPERTY
01-23 22:02:26.611   788 20559 D audio_hw_primary: enable_snd_device: snd_device(120: voice-rec-mic)
01-23 22:02:26.612   788 20559 D audio_route: Apply path: voice-rec-mic
01-23 22:02:26.615   788 20559 V msm8974_platform: platform_get_snd_device_backend_index: enter with device 120
01-23 22:02:26.615   788 20559 E msm8974_platform: platform_get_snd_device_backend_index: BE DAI Name Table is not present
01-23 22:02:26.615   788 20559 V msm8974_platform: platform_get_backend_index:napb: backend port - 5 device - 120 
01-23 22:02:26.615   788 20559 I audio_hw_utils: Set Audio Stream Capture 0 App Type Cfg: app_type 69936, acdb_dev_id 62, sample_rate 48000, snd_device_be_idx -14
01-23 22:02:26.615   788 20559 D audio_hw_primary: enable_audio_route: usecase(9) apply and update mixer path: audio-record
01-23 22:02:26.615   788 20559 D audio_route: Apply path: audio-record
01-23 22:02:26.688 20972 21091 I MicroDetectionWorker: onReady
01-23 22:02:26.702 20972 20985 I zygote  : Compiler allocated 4MB to compile java.lang.Object com.google.android.apps.gsa.binaries.velvet.app.sc.d()
01-23 22:02:26.733  2146  2165 I zygote  : NativeAlloc concurrent copying GC freed 22601(1163KB) AllocSpace objects, 0(0B) LOS objects, 49% free, 9MB/18MB, paused 170us total 128.048ms
01-23 22:02:26.804   808   808 I SFPerfTracer:      triggers: (rate: 50:544337) (compose: 0:6) (post: 0:14) (render: 0:10) (11:4364127 frames) (12:5703615)
01-23 22:02:26.805   808   808 D SFPerfTracer:        layers: (6:13) (NavigationBar#0 (0xb07df000): 10:439403) (StatusBar#0 (0xb07e3000): 9:1291639) (com.android.systemui.ImageWallpaper#0 (0xb07e7000): 1:36960) (Sprite#0 (0xb0733000): 0:317)* (DimLayerController/Stack=0#0 (0xb075a000): 0:3589)* (Sprite#1 (0xb077c000): 0:195)* (com.android.launcher3/com.android.launcher3.CustomizationPanelLauncher#0 (0xb0763000): 0:41)- (com.android.launcher3/com.android.launcher3.CustomizationPanelLauncher#1 (0xb0771000): 0:11)- (org.mozilla.fenix.nightly/org.mozilla.fenix.IntentReceiverActivity#0 (0xb0384000): 0:6)- (Splash Screen org.mozilla.fenix.nightly#0 (0xb039b000): 0:33)- (org.mozilla.fenix.nightly/org.mozilla.fenix.HomeActivity#0 (0xb00a0000): 12:46) (com.android.launcher3/com.android.launcher3.CustomizationPanelLauncher#0 (0xb0763000): 12:17)* (com.android.launcher3/com.android.launcher3.CustomizationPanelLauncher#1 (0xb0771000): 1:3) 
01-23 22:02:27.005  1456  7796 I OpenGLRenderer: Initialized EGL, version 1.4
01-23 22:02:27.006  1456  7796 D OpenGLRenderer: Swap behavior 2
01-23 22:02:27.048  2748  2917 W OpenGLRenderer: Incorrectly called buildLayer on View: ShortcutAndWidgetContainer, destroying layer...
01-23 22:02:27.136 20218 20218 D GeckoRuntime: Lifecycle: onPause
01-23 22:02:27.136 20218 20218 D GeckoNetworkManager: Incoming event stop for state OnWithListeners -> OffWithListeners
01-23 22:02:27.137 20218 20218 I SessionStorage/AutoSave: Save: Background
01-23 22:02:27.145 20218 20248 D SessionStorage/AutoSave: Saved state to disk [6ms]
01-23 22:02:27.145 20218 20242 I libglean_ffi: glean_core::ping: Collecting baseline
01-23 22:02:27.150 20218 20242 D libglean_ffi: glean_core::ping: Storing ping '0c93af7f-c3b4-4797-8ce5-f390eb1fd98e' at '/data/user/0/org.mozilla.fenix.nightly/glean_data/pending_pings/0c93af7f-c3b4-4797-8ce5-f390eb1fd98e'
01-23 22:02:27.151 20218 20242 I libglean_ffi: glean_core: The ping 'baseline' was submitted and will be sent as soon as possible
01-23 22:02:27.151 20218 20242 I libglean_ffi: glean_core::ping: Collecting events
01-23 22:02:27.151 20319 24228 I Icing   : Indexing com.google.android.gms-apps from com.google.android.gms
01-23 22:02:27.154 20218 20242 D libglean_ffi: glean_core::ping: Storing ping '9e9845ce-1c68-4715-95ff-9e469932b7b9' at '/data/user/0/org.mozilla.fenix.nightly/glean_data/pending_pings/9e9845ce-1c68-4715-95ff-9e469932b7b9'
01-23 22:02:27.154 20218 20242 I libglean_ffi: glean_core: The ping 'events' was submitted and will be sent as soon as possible
01-23 22:02:27.181   808   898 I SFPerfTracer:      triggers: (rate: 0:0) (0 sw vsyncs) (0 skipped) (37:3194257 vsyncs) (39:5745538)
01-23 22:02:27.191  1456  5797 D ConnectivityService: requestNetwork for uid/pid:10775/20218 NetworkRequest [ TRACK_DEFAULT id=21464, [ Capabilities: INTERNET&NOT_RESTRICTED&TRUSTED&NOT_VPN] ]
01-23 22:02:27.195  1456  2099 D Ethernet: got request NetworkRequest [ TRACK_DEFAULT id=21464, [ Capabilities: INTERNET&NOT_RESTRICTED&TRUSTED&NOT_VPN] ] with score 60
01-23 22:02:27.195  1456  2054 D WIFI_UT : got request NetworkRequest [ TRACK_DEFAULT id=21464, [ Capabilities: INTERNET&NOT_RESTRICTED&TRUSTED&NOT_VPN] ] with score 60
01-23 22:02:27.195  1456  2054 D WIFI    : got request NetworkRequest [ TRACK_DEFAULT id=21464, [ Capabilities: INTERNET&NOT_RESTRICTED&TRUSTED&NOT_VPN] ] with score 60
01-23 22:02:27.196  2398  2398 D PhoneSwitcherNetworkRequstListener: got request NetworkRequest [ TRACK_DEFAULT id=21464, [ Capabilities: INTERNET&NOT_RESTRICTED&TRUSTED&NOT_VPN] ] with score 60
01-23 22:02:27.203 20218 20562 D glean/PingUploadWorker: Processing persisted pings at /data/user/0/org.mozilla.fenix.nightly/glean_data/pending_pings
01-23 22:02:27.204 20218 20562 D glean/PingUploadWorker: Processing ping: 0c93af7f-c3b4-4797-8ce5-f390eb1fd98e
01-23 22:02:27.210 20319 24228 I Icing   : Indexing done com.google.android.gms-apps
01-23 22:02:27.212 20218 20562 D glean/ConceptFetchHttpUploader: Submitting ping to: https://incoming.telemetry.mozilla.org/submit/org-mozilla-fenix-nightly/baseline/1/0c93af7f-c3b4-4797-8ce5-f390eb1fd98e
01-23 22:02:27.320 20319 20329 I zygote  : Background concurrent copying GC freed 168224(10MB) AllocSpace objects, 55(2MB) LOS objects, 49% free, 10MB/20MB, paused 232us total 129.290ms
01-23 22:02:27.482 20218 20562 D glean/ConceptFetchHttpUploader: Ping successfully sent (200)
01-23 22:02:27.482 20218 20562 D glean/PingUploadWorker: 0c93af7f-c3b4-4797-8ce5-f390eb1fd98e was deleted: true
01-23 22:02:27.483 20218 20562 D glean/PingUploadWorker: Processing ping: 9e9845ce-1c68-4715-95ff-9e469932b7b9
01-23 22:02:27.484 20218 20562 D glean/ConceptFetchHttpUploader: Submitting ping to: https://incoming.telemetry.mozilla.org/submit/org-mozilla-fenix-nightly/events/1/9e9845ce-1c68-4715-95ff-9e469932b7b9
01-23 22:02:27.638 20218 20562 D glean/ConceptFetchHttpUploader: Ping successfully sent (200)
01-23 22:02:27.639 20218 20562 D glean/PingUploadWorker: 9e9845ce-1c68-4715-95ff-9e469932b7b9 was deleted: true
01-23 22:02:27.640 20218 20267 I WM-WorkerWrapper: Worker result SUCCESS for Work [ id=7de8a5be-7343-42f1-b301-9e6f49cd5e57, tags={ mozilla.telemetry.glean.scheduler.PingUploadWorker, mozac_service_glean_ping_upload_worker } ]
01-23 22:02:27.644  1456  2067 D ConnectivityService: releasing NetworkRequest [ TRACK_DEFAULT id=21464, [ Capabilities: INTERNET&NOT_RESTRICTED&TRUSTED&NOT_VPN] ] (release request)
01-23 22:02:31.597  1456  5797 I ActivityManager: Force stopping org.mozilla.fenix.nightly appid=10775 user=0: from pid 20567
01-23 22:02:31.597  1456  5797 I ActivityManager: Killing 20218:org.mozilla.fenix.nightly/u0a775 (adj 700): stop org.mozilla.fenix.nightly
01-23 22:02:31.600  1456  1605 W zygote  : kill(-20218, 9) failed: No such process
01-23 22:02:31.601  1456  5797 W ActivityManager: Force removing ActivityRecord{cf78ed3 u0 org.mozilla.fenix.nightly/org.mozilla.fenix.HomeActivity t19501}: app died, no saved state
01-23 22:02:31.601 20361 20361 I ServiceChildProcess: Service has been unbound. Stopping.
01-23 22:02:31.602 20322 20322 I ServiceChildProcess: Service has been unbound. Stopping.
01-23 22:02:31.609  1456  5797 I ActivityManager: Killing 20361:org.mozilla.fenix.nightly:socket/u0a775 (adj 0): stop org.mozilla.fenix.nightly
01-23 22:02:31.613  1456  5797 I ActivityManager: Killing 20322:org.mozilla.fenix.nightly:tab/u0a775 (adj 0): stop org.mozilla.fenix.nightly
01-23 22:02:31.616  1456  1605 W zygote  : kill(-20218, 9) failed: No such process
01-23 22:02:31.622 26068 26068 I AppBase : onTrimMemory(): 10
01-23 22:02:31.622 26068 26068 I GoogleInputMethodService: onTrimMemory(): 10
01-23 22:02:31.630  2398  2398 D CarrierSvcBindHelper: No carrier app for: 0
01-23 22:02:31.630  2398  2398 D CarrierSvcBindHelper: No carrier app for: 1
01-23 22:02:31.631  1456  1605 W zygote  : kill(-20218, 9) failed: No such process
01-23 22:02:31.699  1456  1605 I chatty  : uid=1000(system) ActivityManager identical 4 lines
01-23 22:02:31.699  1456  1673 W ActivityManager: setHasOverlayUi called on unknown pid: 20218
01-23 22:02:31.714  1456  1605 W zygote  : kill(-20218, 9) failed: No such process
01-23 22:02:31.714  1456  1605 I zygote  : Successfully killed process cgroup uid 10775 pid 20218 in 114ms
01-23 22:02:31.715  1456  1605 W zygote  : kill(-20361, 9) failed: No such process
01-23 22:02:31.715  1456  1605 I zygote  : Successfully killed process cgroup uid 10775 pid 20361 in 0ms
01-23 22:02:31.715  1456  1605 W zygote  : kill(-20322, 9) failed: No such process
01-23 22:02:31.715  1456  1605 I zygote  : Successfully killed process cgroup uid 10775 pid 20322 in 0ms
01-23 22:02:31.726  1456  2236 I ActivityManager: START u0 {act=android.intent.action.VIEW dat=about:blank typ=text/html flg=0x10000000 cmp=org.mozilla.fenix.nightly/org.mozilla.fenix.IntentReceiverActivity} from uid 2000
01-23 22:02:31.726   794   839 E ANDR-PERF-RESOURCEQS: Failed to apply optimization [4, 0]
01-23 22:02:31.732  1456  7796 I OpenGLRenderer: Initialized EGL, version 1.4
01-23 22:02:31.732  1456  7796 D OpenGLRenderer: Swap behavior 2
01-23 22:02:31.746  1456  3927 I ActivityManager: Start proc 20578:org.mozilla.fenix.nightly/u0a775 for activity org.mozilla.fenix.nightly/org.mozilla.fenix.IntentReceiverActivity
01-23 22:02:31.834 20972 21091 I MicroDetectionState: Should stop hotword detection immediately - false
01-23 22:02:31.834 20972 21091 I MicroDetector: Keeping mic open: false
01-23 22:02:31.834 20972 21565 E DeviceStateChecker: DeviceStateChecker cancelled
01-23 22:02:31.834 20972 21091 I RecognitionAudioControl: #shutdownAudio [requestId: -7294395370308920293, keepAudioOpen: false, forced: true]
01-23 22:02:31.834 20972 21091 I RecognitionAudioControl: #internalShutdownAudio [requestId: -7294395370308920293]
01-23 22:02:31.834 20972 21091 I RecognitionAudioControl: #internalShutdownAudio [keepAudioOpen: false, forced: true]
01-23 22:02:31.834 20972 21091 I RecognitionAudioControl: #actualShutdownAudio
01-23 22:02:31.835 20972 21091 I AudioController: #shutdown [requestId=-7294395370308920293]
01-23 22:02:31.835 20972 21017 I AudioController: internalShutdown
01-23 22:02:31.835 20972 21053 I MicroRecognitionRunner: Stopping hotword detection.
01-23 22:02:31.888 20578 20578 D FirebaseApp: com.google.firebase.auth.FirebaseAuth is not linked. Skipping initialization.
01-23 22:02:31.889 20578 20578 D FirebaseApp: com.google.firebase.crash.FirebaseCrash is not linked. Skipping initialization.
01-23 22:02:31.889   788   788 D audio_hw_primary: disable_audio_route: usecase(9) reset and update mixer path: audio-record
01-23 22:02:31.889 20578 20578 I FirebaseInitProvider: FirebaseApp initialization successful
01-23 22:02:31.890   788   788 D audio_hw_primary: disable_snd_device: snd_device(120: voice-rec-mic)
01-23 22:02:31.892  1012  1390 D APM_AudioPolicyManager: stopInput() input 101846, session 101921
01-23 22:02:31.893   788  1401 D audio_hw_primary: in_set_parameters: enter: kvpairs=routing=0
01-23 22:02:31.894 20972 21017 I MicrophoneInputStream: mic_close  SR : 16000 CC : 16 SO : 1999
01-23 22:02:31.895 20972 21017 E AudioSource: Stop listening is called on already closed AudioSource
01-23 22:02:31.897 20972 24395 I MicroRecognitionRunner: Detection finished
01-23 22:02:31.946 20578 20597 I FA      : Collection disabled with firebase_analytics_collection_enabled=0
01-23 22:02:31.946 20578 20597 I FA      : App measurement is starting up, version: 12780
01-23 22:02:31.946 20578 20597 I FA      : To enable debug logging run: adb shell setprop log.tag.FA VERBOSE
01-23 22:02:31.947 20578 20597 I FA      : To enable faster debug mode event logging run:
01-23 22:02:31.947 20578 20597 I FA      :   adb shell setprop debug.firebase.analytics.app org.mozilla.fenix.nightly
01-23 22:02:31.951 20578 20578 D FenixApplication: Initializing Glean (uploadEnabled=true, isFennec=false)
01-23 22:02:31.967 20578 20578 D libglean_ffi: glean_ffi: Android logging should be hooked up!
01-23 22:02:31.969 20578 20578 I glean/Glean: Registering pings for mozilla.telemetry.glean.GleanMetrics.Pings
01-23 22:02:31.975 20578 20578 I libglean_ffi: glean_core: Creating new Glean
01-23 22:02:31.975 20578 20578 D libglean_ffi: glean_core::database: Database path: "/data/user/0/org.mozilla.fenix.nightly/glean_data/db"
01-23 22:02:31.975 20578 20578 I libglean_ffi: glean_core::database: Database initialized
01-23 22:02:31.976 20578 20578 I libglean_ffi: glean_ffi: Glean initialized
01-23 22:02:31.997 20578 20578 D glean/MetricsPingSched: The 'metrics' ping was last sent on Thu Jan 23 00:00:00 EST 2020
01-23 22:02:31.999 20578 20578 I glean/MetricsPingSched: The 'metrics' ping was already sent today, Thu Jan 23 22:02:31 EST 2020.
01-23 22:02:31.999 20578 20578 D glean/MetricsPingSched: Scheduling the 'metrics' ping in 21448019ms
01-23 22:02:32.001 20578 20605 D libglean_ffi: glean_core: Clearing Lifetime::Application metrics
01-23 22:02:32.032 20578 20578 I glean/Dispatchers: Initial tasks queue completed successfully
01-23 22:02:32.037 20578 20609 D RustNativeSupport: findMegazordLibraryName(viaduct, 0.48.2
01-23 22:02:32.037 20578 20609 D RustNativeSupport: lib in use: none
01-23 22:02:32.037 20578 20609 D RustNativeSupport: lib configured: fenix
01-23 22:02:32.037 20578 20609 D RustNativeSupport: lib version configured: 0.48.2
01-23 22:02:32.037 20578 20609 D RustNativeSupport: settled on fenix
01-23 22:02:32.050 20578 20583 I zygote  : Do partial code cache collection, code=17KB, data=16KB
01-23 22:02:32.051 20578 20583 I zygote  : After code cache collection, code=17KB, data=16KB
01-23 22:02:32.051 20578 20583 I zygote  : Increasing code cache capacity to 128KB
01-23 22:02:32.054 20578 20609 D RustNativeSupport: findMegazordLibraryName(rustlog, 0.48.2
01-23 22:02:32.054 20578 20609 D RustNativeSupport: lib in use: none
01-23 22:02:32.054 20578 20609 D RustNativeSupport: lib configured: fenix
01-23 22:02:32.054 20578 20609 D RustNativeSupport: lib version configured: 0.48.2
01-23 22:02:32.054 20578 20609 D RustNativeSupport: settled on fenix
01-23 22:02:32.056 20578 20609 I rc_log_ffi::ios: rc_log adapter initialized!
01-23 22:02:32.090 20578 20578 D GeckoThread: State changed to LAUNCHED
01-23 22:02:32.091 20578 20615 I GeckoThread: preparing to run Gecko
01-23 22:02:32.097 20578 20578 D GeckoRuntime: Lifecycle: onCreate
01-23 22:02:32.098 20578 20615 D GeckoThread: State changed to MOZGLUE_READY
01-23 22:02:32.109 20578 20615 W Settings: Setting animator_duration_scale has moved from android.provider.Settings.System to android.provider.Settings.Global, returning read-only global URI.
01-23 22:02:32.110 20578 20578 I zygote  : Deoptimizing java.lang.Object androidx.collection.SimpleArrayMap.put(java.lang.Object, java.lang.Object) due to JIT inline cache
01-23 22:02:32.111 20578 20615 E GeckoLibLoad: Load sqlite start
01-23 22:02:32.112 20578 20578 D GleanMetricsService: Enabling Glean.
01-23 22:02:32.131 20578 20615 W GeckoLinker: /data/app/org.mozilla.fenix.nightly-P69O_0un9JZlmV7159sIUQ==/lib/arm/libnss3.so: unhandled flags #8 not handled
01-23 22:02:32.133 20578 20605 I libglean_ffi: glean_core: Upload enabled: true
01-23 22:02:32.137 20578 20615 W GeckoLinker: /data/app/org.mozilla.fenix.nightly-P69O_0un9JZlmV7159sIUQ==/lib/arm/libnss3.so: Relocation to NULL @0x001c7ffc for symbol "__cxa_type_match"
01-23 22:02:32.138 20578 20615 E GeckoLibLoad: Load sqlite done
01-23 22:02:32.138 20578 20615 E GeckoLibLoad: Load nss start
01-23 22:02:32.138 20578 20615 E GeckoLibLoad: Load nss done
01-23 22:02:32.138 20578 20615 W GeckoLinker: /data/app/org.mozilla.fenix.nightly-P69O_0un9JZlmV7159sIUQ==/lib/arm/libxul.so: unhandled flags #8 not handled
01-23 22:02:32.139 20578 20615 W GeckoLinker: /data/app/org.mozilla.fenix.nightly-P69O_0un9JZlmV7159sIUQ==/lib/arm/liblgpllibs.so: unhandled flags #8 not handled
01-23 22:02:32.171 20578 20615 E GeckoLibLoad: Loaded libs in 32.381930ms total, 13ms(53ms) user, 16ms(26ms) system, 0(0) faults
01-23 22:02:32.171 20578 20615 D GeckoThread: State changed to LIBS_READY
01-23 22:02:32.172 20578 20615 W GeckoThread: zerdatime 12363040846 - runGecko
01-23 22:02:32.176 20578 20615 D GeckoProfile: Loading profile at: null name: default
01-23 22:02:32.178 20578 20615 D GeckoProfile: Found profile dir: /data/user/0/org.mozilla.fenix.nightly/files/mozilla/fzxuiomo.default
01-23 22:02:32.192 20578 20578 W [WARNING][Leanplum]: [com.leanplum.internal.ActionManager::getLocationManager::8]: Geofencing support requires leanplum-location module and Google Play Services v8.1 and higher.
01-23 22:02:32.192 20578 20578 W [WARNING][Leanplum]: Add this to your build.gradle file:
01-23 22:02:32.192 20578 20578 W [WARNING][Leanplum]: implementation 'com.google.android.gms:play-services-location:8.3.0+'
01-23 22:02:32.192 20578 20578 W [WARNING][Leanplum]: implementation 'com.leanplum:leanplum-location:+'
01-23 22:02:32.201 20578 20578 I [INFO][Leanplum]: [com.leanplum.monitoring.ExceptionHandler::setContext::6]: LeanplumExceptionHandler could not initialize Exception Reporting.This is expected if you have not included the leanplum-monitoring module
01-23 22:02:32.218 20578 20578 I FirefoxAccountStateMachine: Enabling/updating sync with a new SyncConfig: SyncConfig(supportedEngines=[mozilla.components.service.fxa.SyncEngine$History@df68371, mozilla.components.service.fxa.SyncEngine$Bookmarks@8689556, mozilla.components.service.fxa.SyncEngine$Passwords@88bf9d7], syncPeriodInMinutes=240)
01-23 22:02:32.222 20578 20578 I BgSyncManager: Periodic syncing enabled at a 240 interval
01-23 22:02:32.222 20578 20578 I FirefoxAccountStateMachine: Sync is enabled
01-23 22:02:32.223 20578 20578 D PushConfig: Creating push configuration for autopush.
01-23 22:02:32.233 20578 20627 D AutoPushFeature: Initializing native component with the cached token.
01-23 22:02:32.239 20578 20627 D RustNativeSupport: findMegazordLibraryName(push, 0.48.2
01-23 22:02:32.239 20578 20627 D RustNativeSupport: lib in use: none
01-23 22:02:32.239 20578 20627 D RustNativeSupport: lib configured: fenix
01-23 22:02:32.239 20578 20627 D RustNativeSupport: lib version configured: 0.48.2
01-23 22:02:32.239 20578 20627 D RustNativeSupport: settled on fenix
01-23 22:02:32.240 20578 20629 I FirefoxAccountStateMachine: Processing event Event$Init for state Start. Next state is Start
01-23 22:02:32.240 20578 20578 I App     : AutoPushFeature is configured, initializing it...
01-23 22:02:32.241 20578 20578 I AutoPushFeature: Checking validity of push subscriptions.
01-23 22:02:32.258 20578 20629 I FirefoxAccountStateMachine: Ran 'Event$Init' side-effects for state Start, got successive event Event$AccountNotFound
01-23 22:02:32.259 20578 20629 I FirefoxAccountStateMachine: Processing event Event$AccountNotFound for state Start. Next state is NotAuthenticated
01-23 22:02:32.261 20578 20629 D RustNativeSupport: findMegazordLibraryName(fxaclient, 0.48.2
01-23 22:02:32.261 20578 20629 D RustNativeSupport: lib in use: none
01-23 22:02:32.261 20578 20629 D RustNativeSupport: lib configured: fenix
01-23 22:02:32.261 20578 20629 D RustNativeSupport: lib version configured: 0.48.2
01-23 22:02:32.261 20578 20629 D RustNativeSupport: settled on fenix
01-23 22:02:32.264 20578 20629 D fxaclient_ffi: fxa_new
01-23 22:02:32.279 20578 20578 D GeckoRuntime: Lifecycle: onStart
01-23 22:02:32.288 20578 20578 D GeckoRuntime: Lifecycle: onResume
01-23 22:02:32.289 20578 20578 D GeckoNetworkManager: Incoming event start for state OffNoListeners -> OnNoListeners
01-23 22:02:32.291 20578 20578 D GeckoNetworkManager: New network state: UP, WIFI, WIFI
01-23 22:02:32.291 20578 20620 D NetworkSecurityConfig: No Network Security Config specified, using platform default
01-23 22:02:32.307 20578 20639 D OpenGLRenderer: HWUI GL Pipeline
01-23 22:02:32.316 20578 20578 I glean/Glean: Registering pings for org.mozilla.fenix.GleanMetrics.Pings
01-23 22:02:32.340 20578 20578 D App     : ActivationPing - already generated
01-23 22:02:32.396 20578 20583 I zygote  : Do partial code cache collection, code=52KB, data=36KB
01-23 22:02:32.398 20578 20583 I zygote  : After code cache collection, code=50KB, data=35KB
01-23 22:02:32.398 20578 20583 I zygote  : Increasing code cache capacity to 256KB
01-23 22:02:32.442  1456  3927 I ActivityManager: START u0 {act=android.intent.action.VIEW dat=about:blank typ=text/html flg=0x10000000 cmp=org.mozilla.fenix.nightly/org.mozilla.fenix.HomeActivity (has extras)} from uid 10775
01-23 22:02:32.451 20578 20578 D GeckoNetworkManager: Incoming event receivedUpdate for state OnNoListeners -> OnNoListeners
01-23 22:02:32.453 20578 20578 D GeckoNetworkManager: New network state: UP, WIFI, WIFI
01-23 22:02:32.455  1456  7570 I WifiService: getDhcpInfo uid=10775
01-23 22:02:32.465 20578 20639 I Adreno  : QUALCOMM build                   : bb5b86c, I77d3059488
01-23 22:02:32.465 20578 20639 I Adreno  : Build Date                       : 06/07/18
01-23 22:02:32.465 20578 20639 I Adreno  : OpenGL ES Shader Compiler Version: EV031.22.00.01_06
01-23 22:02:32.465 20578 20639 I Adreno  : Local Branch                     : 
01-23 22:02:32.465 20578 20639 I Adreno  : Remote Branch                    : refs/tags/AU_LINUX_ANDROID_LA.UM.6.5.R1.08.01.00.312.086
01-23 22:02:32.465 20578 20639 I Adreno  : Remote Branch                    : NONE
01-23 22:02:32.465 20578 20639 I Adreno  : Reconstruct Branch               : NOTHING
01-23 22:02:32.466 20578 20639 D vndksupport: Loading /vendor/lib/hw/gralloc.msm8937.so from current namespace instead of sphal namespace.
01-23 22:02:32.473 20578 20639 I Adreno  : PFP: 0x005ff087, ME: 0x005ff063
01-23 22:02:32.484 20578 20639 I zygote  : android::hardware::configstore::V1_0::ISurfaceFlingerConfigs::hasWideColorDisplay retrieved: 0
01-23 22:02:32.487 20578 20639 I OpenGLRenderer: Initialized EGL, version 1.4
01-23 22:02:32.487 20578 20639 D OpenGLRenderer: Swap behavior 2
01-23 22:02:32.519  1456  1889 I WindowManager: Keep hide if surface has never drawn Window{a0cfdb7 u0 org.mozilla.fenix.nightly/org.mozilla.fenix.IntentReceiverActivity}
01-23 22:02:32.521  1456  1889 I WindowManager: Failed to capture screenshot of Token{bfe54eb ActivityRecord{795e03a u0 org.mozilla.fenix.nightly/org.mozilla.fenix.IntentReceiverActivity t19502 f}} appWin=Window{a0cfdb7 u0 org.mozilla.fenix.nightly/org.mozilla.fenix.IntentReceiverActivity} drawState=3
01-23 22:02:32.525  1456  1673 I LaunchCheckinHandler: Displayed org.mozilla.fenix.nightly/org.mozilla.fenix.IntentReceiverActivity,cp,ca,791
01-23 22:02:32.536 19005 19005 I Finsky  : [2] pze.onTrimMemory(1): Memory trim requested to level 80
01-23 22:02:32.558 20578 20615 I Gecko:DumpUtils: Fifo watcher disabled via pref.
01-23 22:02:32.568 20578 20578 D PhoneWindow: Restoring navigation bar divider color to default value = 0x00000000
01-23 22:02:32.592 20578 20615 D GeckoSysInfo: System memory: 1867MB.
01-23 22:02:32.596 20578 20615 D GeckoThread: State changed to JNI_READY
01-23 22:02:32.618  1456  2236 I ActivityManager: Start proc 20678:org.mozilla.fenix.nightly:tab/u0a775 for service org.mozilla.fenix.nightly/org.mozilla.gecko.process.GeckoServiceChildProcess$tab
01-23 22:02:32.661 20578 20578 I NavController: Ignoring popBackStack to destination org.mozilla.fenix.nightly:id/browserFragment as it was not found on the current back stack
01-23 22:02:32.733  1456  2236 I ActivityManager: Start proc 20696:org.mozilla.fenix.nightly:socket/u0a775 for service org.mozilla.fenix.nightly/org.mozilla.gecko.process.GeckoServiceChildProcess$socket
01-23 22:02:32.774 20678 20678 D GeckoThread: State changed to LAUNCHED
01-23 22:02:32.775 20678 20712 I GeckoThread: preparing to run Gecko
01-23 22:02:32.824 20578 20650 D RustNativeSupport: findMegazordLibraryName(places, 0.48.2
01-23 22:02:32.824 20578 20650 D RustNativeSupport: lib in use: none
01-23 22:02:32.824 20578 20650 D RustNativeSupport: lib configured: fenix
01-23 22:02:32.825 20578 20650 D RustNativeSupport: lib version configured: 0.48.2
01-23 22:02:32.825 20578 20650 D RustNativeSupport: settled on fenix
01-23 22:02:32.832 20578 20650 D places_ffi: places_api_new
01-23 22:02:32.865 20696 20696 D GeckoThread: State changed to LAUNCHED
01-23 22:02:32.866 20696 20716 I GeckoThread: preparing to run Gecko
01-23 22:02:32.882 20578 20650 D sql_support::conn_ext: Transaction commited after 34.906045ms
01-23 22:02:32.884 20578 20650 D places_ffi: places_connection_new
01-23 22:02:32.887 20578 20650 D places_ffi: places_connection_new
01-23 22:02:32.895 20578 20650 D places_ffi: bookmarks_get_all_with_url
01-23 22:02:32.911 20578 20629 W FirefoxAccountStateMachine: Got invalid event Event$Init for state NotAuthenticated.
01-23 22:02:32.965 20578 20583 I zygote  : Do full code cache collection, code=118KB, data=85KB
01-23 22:02:32.966 20578 20583 I zygote  : After code cache collection, code=91KB, data=51KB
01-23 22:02:33.001  1456  2236 I ActivityManager: Displayed org.mozilla.fenix.nightly/org.mozilla.fenix.HomeActivity: +500ms (total +1s266ms)
01-23 22:02:33.001  1456  2236 I ActivityManager: Fully drawn org.mozilla.fenix.nightly/org.mozilla.fenix.HomeActivity: +500ms (total +1s266ms)
01-23 22:02:33.007 20578 20713 W LOTTIE  : Animation contains merge paths. Merge paths are only supported on KitKat+ and must be manually enabled by calling enableMergePathsForKitKatAndAbove().
01-23 22:02:33.032 20696 20716 D GeckoThread: State changed to MOZGLUE_READY
01-23 22:02:33.042 20578 20583 I zygote  : Do partial code cache collection, code=103KB, data=63KB
01-23 22:02:33.044 20696 20716 W Settings: Setting animator_duration_scale has moved from android.provider.Settings.System to android.provider.Settings.Global, returning read-only global URI.
01-23 22:02:33.045 20578 20583 I zygote  : After code cache collection, code=103KB, data=63KB
01-23 22:02:33.045 20578 20583 I zygote  : Increasing code cache capacity to 512KB
01-23 22:02:33.048 20696 20716 E GeckoLibLoad: Load sqlite start
01-23 22:02:33.066 20696 20716 W GeckoLinker: /data/app/org.mozilla.fenix.nightly-P69O_0un9JZlmV7159sIUQ==/lib/arm/libnss3.so: unhandled flags #8 not handled
01-23 22:02:33.071 20696 20716 W GeckoLinker: /data/app/org.mozilla.fenix.nightly-P69O_0un9JZlmV7159sIUQ==/lib/arm/libnss3.so: Relocation to NULL @0x001c7ffc for symbol "__cxa_type_match"
01-23 22:02:33.072 20696 20716 E GeckoLibLoad: Load sqlite done
01-23 22:02:33.072 20696 20716 E GeckoLibLoad: Load nss start
01-23 22:02:33.072 20696 20716 E GeckoLibLoad: Load nss done
01-23 22:02:33.072 20696 20716 W GeckoLinker: /data/app/org.mozilla.fenix.nightly-P69O_0un9JZlmV7159sIUQ==/lib/arm/libxul.so: unhandled flags #8 not handled
01-23 22:02:33.073 20696 20716 W GeckoLinker: /data/app/org.mozilla.fenix.nightly-P69O_0un9JZlmV7159sIUQ==/lib/arm/liblgpllibs.so: unhandled flags #8 not handled
01-23 22:02:33.085 20578 20639 D vndksupport: Loading /vendor/lib/hw/android.hardware.graphics.mapper@2.0-impl.so from current namespace instead of sphal namespace.
01-23 22:02:33.086 20578 20639 D vndksupport: Loading /vendor/lib/hw/gralloc.msm8937.so from current namespace instead of sphal namespace.
01-23 22:02:33.107 20696 20716 E GeckoLibLoad: Loaded libs in 34.808389ms total, 23ms(23ms) user, 6ms(6ms) system, 0(0) faults
01-23 22:02:33.107 20696 20716 D GeckoThread: State changed to LIBS_READY
01-23 22:02:33.107 20696 20716 W GeckoThread: zerdatime 12363041782 - runGecko
01-23 22:02:33.157 20578 20578 W LOTTIE  : Animation contains merge paths but they are disabled.
01-23 22:02:33.209 20972 21091 E AudioSource: Stop listening is called on already closed AudioSource
01-23 22:02:33.211 20972 20972 I MemoryTrimmer: Trimming objects from memory, since app is in the background.
01-23 22:02:33.212 20972 17789 I PBSessionCacheImpl: Deleted sessionId[92237411062489672] from persistence.
01-23 22:02:33.219  1456 10366 I WifiService: getWifiEnabledState uid=10073
01-23 22:02:33.225 20972 20972 I MemoryTrimmer: Trimming objects from memory, since app is in the background.
01-23 22:02:33.229 20972 21091 W SearchServiceCore: Abort, client detached.
01-23 22:02:33.229 20972 21091 I chatty  : uid=10073(com.google.android.googlequicksearchbox) EventBus0 identical 1 line
01-23 22:02:33.234 20972 21091 W SearchServiceCore: Abort, client detached.
01-23 22:02:33.305 20696 20716 D GeckoThread: State changed to RUNNING
01-23 22:02:33.464 20578 20615 I Gecko   : 1579834953461	addons.xpi	WARN	List of valid built-in add-ons could not be parsed.: [Exception... "Component returned failure code: 0x80520012 (NS_ERROR_FILE_NOT_FOUND) [nsIXPCComponents_Utils.readUTF8URI]"  nsresult: "0x80520012 (NS_ERROR_FILE_NOT_FOUND)"  location: "JS frame :: resource://gre/modules/addons/XPIProvider.jsm :: startup :: line 2365"  data: no] Stack trace: startup()@resource://gre/modules/addons/XPIProvider.jsm:2365
01-23 22:02:33.464 20578 20615 I Gecko   : callProvider()@resource://gre/modules/AddonManager.jsm:215
01-23 22:02:33.464 20578 20615 I Gecko   : _startProvider()@resource://gre/modules/AddonManager.jsm:586
01-23 22:02:33.464 20578 20615 I Gecko   : startup()@resource://gre/modules/AddonManager.jsm:810
01-23 22:02:33.464 20578 20615 I Gecko   : startup()@resource://gre/modules/AddonManager.jsm:3474
01-23 22:02:33.464 20578 20615 I Gecko   : observe()@resource://gre/modules/addonManager.js:87
01-23 22:02:33.621 20578 20615 D GeckoThread: State changed to PROFILE_READY
01-23 22:02:33.702 20578 20615 D GeckoThread: State changed to RUNNING
01-23 22:02:33.718 20578 20615 W GeckoEventDispatcher: No listener for AndroidCastDevice:SyncDevice
01-23 22:02:33.724 20578 20615 I Gecko   : -*- nsDNSServiceDiscovery.js : nsDNSServiceDiscovery
01-23 22:02:33.824 20578 20615 W ResourceType: Too many attribute references, stopped at: 0x01010099
01-23 22:02:33.869 20578 20615 I Gecko   : Attempting load of libEGL.so
01-23 22:02:34.056 20578 20578 D GeckoNetworkManager: Incoming event enableNotifications for state OnNoListeners -> OnWithListeners
01-23 22:02:34.057 20578 20578 D GeckoNetworkManager: New network state: UP, WIFI, WIFI
01-23 22:02:34.058 20578 20578 D GeckoNetworkManager: Incoming event receivedUpdate for state OnWithListeners -> OnWithListeners
01-23 22:02:34.059 20578 20578 D GeckoNetworkManager: New network state: UP, WIFI, WIFI
01-23 22:02:34.079 20578 20615 W GeckoEventDispatcher: No listener for GeckoView:AccessibilityEnabled
01-23 22:02:34.080 20578 20615 W GeckoLinker: /data/app/org.mozilla.fenix.nightly-P69O_0un9JZlmV7159sIUQ==/lib/arm/libsoftokn3.so: unhandled flags #8 not handled
01-23 22:02:34.081 20578 20615 W GeckoLinker: /data/app/org.mozilla.fenix.nightly-P69O_0un9JZlmV7159sIUQ==/lib/arm/libsoftokn3.so: Relocation to NULL @0x0002dffc for symbol "__cxa_type_match"
01-23 22:02:34.082 20578 20615 W GeckoLinker: /data/app/org.mozilla.fenix.nightly-P69O_0un9JZlmV7159sIUQ==/lib/arm/libfreebl3.so: unhandled flags #8 not handled
01-23 22:02:34.083 20578 20615 W GeckoLinker: /data/app/org.mozilla.fenix.nightly-P69O_0un9JZlmV7159sIUQ==/lib/arm/libfreebl3.so: Relocation to NULL @0x0004fffc for symbol "__cxa_type_match"
01-23 22:02:34.113 20578 20735 W GeckoLinker: /data/app/org.mozilla.fenix.nightly-P69O_0un9JZlmV7159sIUQ==/lib/arm/libnssckbi.so: unhandled flags #8 not handled
01-23 22:02:34.114 20578 20735 W GeckoLinker: /data/app/org.mozilla.fenix.nightly-P69O_0un9JZlmV7159sIUQ==/lib/arm/libnssckbi.so: Relocation to NULL @0x00055ffc for symbol "__cxa_type_match"
01-23 22:02:34.239 20578 20615 W ResourceType: Too many attribute references, stopped at: 0x01010099
01-23 22:02:34.473 20678 20712 D GeckoThread: State changed to MOZGLUE_READY
01-23 22:02:34.480 20678 20712 W Settings: Setting animator_duration_scale has moved from android.provider.Settings.System to android.provider.Settings.Global, returning read-only global URI.
01-23 22:02:34.482 20678 20712 E GeckoLibLoad: Load sqlite start
01-23 22:02:34.499 20678 20712 W GeckoLinker: /data/app/org.mozilla.fenix.nightly-P69O_0un9JZlmV7159sIUQ==/lib/arm/libnss3.so: unhandled flags #8 not handled
01-23 22:02:34.504 20678 20712 W GeckoLinker: /data/app/org.mozilla.fenix.nightly-P69O_0un9JZlmV7159sIUQ==/lib/arm/libnss3.so: Relocation to NULL @0x001c7ffc for symbol "__cxa_type_match"
01-23 22:02:34.504 20678 20712 E GeckoLibLoad: Load sqlite done
01-23 22:02:34.504 20678 20712 E GeckoLibLoad: Load nss start
01-23 22:02:34.504 20678 20712 E GeckoLibLoad: Load nss done
01-23 22:02:34.505 20678 20712 W GeckoLinker: /data/app/org.mozilla.fenix.nightly-P69O_0un9JZlmV7159sIUQ==/lib/arm/libxul.so: unhandled flags #8 not handled
01-23 22:02:34.505 20678 20712 W GeckoLinker: /data/app/org.mozilla.fenix.nightly-P69O_0un9JZlmV7159sIUQ==/lib/arm/liblgpllibs.so: unhandled flags #8 not handled
01-23 22:02:34.512 20578 20615 I GeckoSession: zerdatime 12363043186 - chrome startup finished
01-23 22:02:34.536 20678 20712 E GeckoLibLoad: Loaded libs in 31.652607ms total, 16ms(20ms) user, 13ms(13ms) system, 0(0) faults
01-23 22:02:34.536 20678 20712 D GeckoThread: State changed to LIBS_READY
01-23 22:02:34.536 20678 20712 W GeckoThread: zerdatime 12363043211 - runGecko
01-23 22:02:35.029 20678 20712 D GeckoThread: State changed to RUNNING
01-23 22:02:35.036 20578 20578 D App     : Installed browser-icons extension
01-23 22:02:35.037 20578 20578 D mozac-webextensions: Installed extension: mozacWebchannel
01-23 22:02:35.037 20578 20578 D mozac-webextensions: Installed extension: mozacReaderview
01-23 22:02:35.081 20678 20712 W ResourceType: Too many attribute references, stopped at: 0x01010099
01-23 22:02:35.178 20578 20578 D GeckoSession: handleMessage GeckoView:PageStart uri=about:blank
01-23 22:02:35.201 20578 20615 D GeckoScreenOrientation: unlocking
01-23 22:02:35.211 20578 20578 D GeckoSession: handleMessage GeckoView:LocationChange uri=about:blank
01-23 22:02:35.212 20578 20578 D GeckoSession: handleMessage GeckoView:PageStop uri=null
01-23 22:02:35.217 20578 20578 I SessionStorage/AutoSave: Save: Load finished
01-23 22:02:35.228 20578 20611 D SessionStorage/AutoSave: Saved state to disk [9ms]
01-23 22:02:35.230 20578 20578 D GeckoSession: handleMessage GeckoView:OnLoadRequest uri=about:blank
01-23 22:02:35.244 20578 20578 D GeckoSession: handleMessage GeckoView:OnLoadRequest uri=about:blank
01-23 22:02:35.299 20578 20578 D mozac-webcompat: Installed WebCompat webextension: webcompat@mozilla.com
01-23 22:02:35.311 20578 20578 D GeckoSession: handleMessage GeckoView:PageStart uri=about:blank
01-23 22:02:35.337 20578 20578 D GeckoSession: handleMessage GeckoView:PageStop uri=null
01-23 22:02:35.342 20578 20578 I SessionStorage/AutoSave: Save: Load finished
01-23 22:02:35.344 20578 20611 D SessionStorage/AutoSave: Delaying save (1875ms)
01-23 22:02:35.365 20578 20578 D GeckoSession: handleMessage GeckoView:PageStart uri=about:blank
01-23 22:02:35.391 20578 20578 D GeckoSession: handleMessage GeckoView:SecurityChanged uri=null
01-23 22:02:35.497 20578 20578 D GeckoSession: handleMessage GeckoView:PageStop uri=null
01-23 22:02:35.505 20578 20578 I SessionStorage/AutoSave: Save: Load finished
01-23 22:02:35.505 20578 20578 D SessionStorage/AutoSave: Skipping save, other job already in flight
01-23 22:02:36.155 20578 20578 D GeckoSession: handleMessage GeckoView:StateUpdated uri=null
01-23 22:02:36.156 20578 20578 W GeckoSession: No history entries found.
01-23 22:02:36.492 19005 19052 I Finsky  : [202356] kjk.run(3): Stats for Executor: BlockingExecutor kle@9a28c19[Running, pool size = 2, active threads = 0, queued tasks = 0, completed tasks = 11]
01-23 22:02:36.493 19005 19052 I Finsky  : [202356] kjk.run(3): Stats for Executor: LightweightExecutor kle@53b74de[Running, pool size = 4, active threads = 0, queued tasks = 0, completed tasks = 71]
01-23 22:02:36.815 19005 19052 I Finsky  : [202356] kjk.run(3): Stats for Executor: bgExecutor kle@9a096bf[Running, pool size = 4, active threads = 0, queued tasks = 0, completed tasks = 42]
01-23 22:02:37.200  2398  2398 D ImsResolver: maybeAddedImsService, packageName: org.mozilla.fenix.nightly
01-23 22:02:37.203  2360  2360 D MayaFrameworkProxyService: receive intent :Intent { act=android.intent.action.PACKAGE_CHANGED dat=package:org.mozilla.fenix.nightly flg=0x45000010 (has extras) }
01-23 22:02:37.203  1456  1600 W ResourceType: No known package when getting value for resource number 0x7f0801aa
01-23 22:02:37.204  1456  1600 W ResourceType: No known package when getting value for resource number 0x7f120105
01-23 22:02:37.204  1456  1600 W ResourceType: No known package when getting value for resource number 0x7f120105
01-23 22:02:37.204  1456  1600 W ResourceType: No known package when getting value for resource number 0x7f0801a8
01-23 22:02:37.204  1456  1600 W ResourceType: No known package when getting value for resource number 0x7f120104
01-23 22:02:37.204  1456  1600 W ResourceType: No known package when getting value for resource number 0x7f120104
01-23 22:02:37.204  1456  1942 I InputReader: Reconfiguring input devices.  changes=0x00000010
01-23 22:02:37.226  1456  1600 W SearchableInfo: Invalid searchable metadata for com.google.android.gms/.nearby.sharing.ContactSelectActivity: Search label must be a resource reference.
