03-18 22:02:07.295 14217 14217 I Finsky  : [2] tpg.a(14): Throttling wakeup for job 9007 (expected to run in 0 ms) due to recent wakeup
03-18 22:02:07.295 14217 14217 I Finsky  : [2] tpg.a(30): Scheduling job Id: 9007, L: 30000, D: 86392517, C: false, I: true, N: 2
03-18 22:02:07.297 14217 14217 I Finsky  : [2] tpg.a(14): Throttling wakeup for job 9008 (expected to run in 0 ms) due to recent wakeup
03-18 22:02:07.298 14217 14217 I Finsky  : [2] tpg.a(30): Scheduling job Id: 9008, L: 30000, D: 86392526, C: true, I: true, N: 2
03-18 22:02:07.299 14217 14217 I Finsky  : [2] tpg.a(14): Throttling wakeup for job 9009 (expected to run in 21624 ms) due to recent wakeup
03-18 22:02:07.300 14217 14217 I Finsky  : [2] tpg.a(30): Scheduling job Id: 9009, L: 30000, D: 51624, C: false, I: false, N: 0
03-18 22:02:07.302 14217 14217 I Finsky  : [2] ppb.onTrimMemory(1): Memory trim requested to level 80
03-18 22:02:07.325 14568 14568 I Finsky:instant_app_inst: [2] ebz.aG(7): Process created at version: 18.6.33-all [0] [PR] 292279539
03-18 22:02:07.547 14568 14593 I Finsky:instant_app_inst: [395557] AppPreloadHygieneService.a(1): AppPreloadHygieneService disabled
03-18 22:02:08.099  1456  2196 I ActivityManager: Force stopping org.mozilla.fennec_aurora appid=11127 user=0: from pid 14597
03-18 22:02:08.100  1456  2196 I ActivityManager: Killing 14063:org.mozilla.fennec_aurora/u0a1127 (adj 700): stop org.mozilla.fennec_aurora
03-18 22:02:08.103  1456  1605 W zygote  : kill(-14063, 9) failed: No such process
03-18 22:02:08.104 14186 14186 I ServiceChildProcess: Service has been unbound. Stopping.
03-18 22:02:08.104  1456  2196 W ActivityManager: Force removing ActivityRecord{c1ce85b u0 org.mozilla.fennec_aurora/org.mozilla.fenix.HomeActivity t39711}: app died, no saved state
03-18 22:02:08.116  1456  2196 I ActivityManager: Killing 14186:org.mozilla.fennec_aurora:tab0/u0a1127 (adj 0): stop org.mozilla.fennec_aurora
03-18 22:02:08.119  1456  1605 W zygote  : kill(-14063, 9) failed: No such process
03-18 22:02:08.129  2398  2398 D CarrierSvcBindHelper: No carrier app for: 0
03-18 22:02:08.129  2398  2398 D CarrierSvcBindHelper: No carrier app for: 1
03-18 22:02:08.134  1456  1605 W zygote  : kill(-14063, 9) failed: No such process
03-18 22:02:08.184  1456  2915 D ConnectivityService: ConnectivityService NetworkRequestInfo binderDied(NetworkRequest [ TRACK_DEFAULT id=31932, [ Capabilities: INTERNET&NOT_RESTRICTED&TRUSTED&NOT_VPN] ], android.os.BinderProxy@114e0b9)
03-18 22:02:08.184  1456  1673 W ActivityManager: setHasOverlayUi called on unknown pid: 14063
03-18 22:02:08.184  1456  2067 D ConnectivityService: releasing NetworkRequest [ TRACK_DEFAULT id=31932, [ Capabilities: INTERNET&NOT_RESTRICTED&TRUSTED&NOT_VPN] ] (release request)
03-18 22:02:08.210  1456  1605 I chatty  : uid=1000(system) ActivityManager identical 6 lines
03-18 22:02:08.224  1456  1605 W zygote  : kill(-14063, 9) failed: No such process
03-18 22:02:08.224  1456  1605 I zygote  : Successfully killed process cgroup uid 11127 pid 14063 in 120ms
03-18 22:02:08.224  1456  1605 W zygote  : kill(-14186, 9) failed: No such process
03-18 22:02:08.224  1456  1605 I zygote  : Successfully killed process cgroup uid 11127 pid 14186 in 0ms
03-18 22:02:08.231  1456 10366 I ActivityManager: START u0 {act=android.intent.action.VIEW dat=https://example.com/... typ=text/html flg=0x10000000 cmp=org.mozilla.fennec_aurora/org.mozilla.fenix.IntentReceiverActivity} from uid 2000
03-18 22:02:08.232   794   839 E ANDR-PERF-RESOURCEQS: Failed to apply optimization [4, 0]
03-18 22:02:08.251  1456  2401 I ActivityManager: Start proc 14605:org.mozilla.fennec_aurora/u0a1127 for activity org.mozilla.fennec_aurora/org.mozilla.fenix.IntentReceiverActivity
03-18 22:02:08.339 28336 28379 I MicroDetectionState: Should stop hotword detection immediately - false
03-18 22:02:08.339 28336 28379 I MicroDetector: Keeping mic open: false
03-18 22:02:08.339 28336 28379 I RecognitionAudioControl: #shutdownAudio [requestId: -2920603575974462331, keepAudioOpen: false, forced: true]
03-18 22:02:08.339 28336 21549 E DeviceStateChecker: DeviceStateChecker cancelled
03-18 22:02:08.339 28336 28379 I RecognitionAudioControl: #internalShutdownAudio [requestId: -2920603575974462331]
03-18 22:02:08.339 28336 28379 I RecognitionAudioControl: #internalShutdownAudio [keepAudioOpen: false, forced: true]
03-18 22:02:08.339 28336 28379 I RecognitionAudioControl: #actualShutdownAudio
03-18 22:02:08.339 28336 28379 I AudioController: #shutdown [requestId=-2920603575974462331]
03-18 22:02:08.339 28336 28378 I AudioController: internalShutdown
03-18 22:02:08.340 28336 28380 I MicroRecognitionRunner: Stopping hotword detection.
03-18 22:02:08.394 14605 14605 D FirebaseApp: com.google.firebase.auth.FirebaseAuth is not linked. Skipping initialization.
03-18 22:02:08.395 14605 14605 D FirebaseApp: com.google.firebase.crash.FirebaseCrash is not linked. Skipping initialization.
03-18 22:02:08.395 14605 14605 I FirebaseInitProvider: FirebaseApp initialization successful
03-18 22:02:08.397   788  1479 D audio_hw_primary: disable_audio_route: usecase(9) reset and update mixer path: audio-record
03-18 22:02:08.398   788  1479 D audio_hw_primary: disable_snd_device: snd_device(120: voice-rec-mic)
03-18 22:02:08.401  1012 19499 D APM_AudioPolicyManager: stopInput() input 217318, session 217433
03-18 22:02:08.401   788  1479 D audio_hw_primary: in_set_parameters: enter: kvpairs=routing=0
03-18 22:02:08.403 28336 28378 I MicrophoneInputStream: mic_close  SR : 16000 CC : 16 SO : 1999
03-18 22:02:08.403 28336 28378 E AudioSource: Stop listening is called on already closed AudioSource
03-18 22:02:08.405 28336 21552 I MicroRecognitionRunner: Detection finished
03-18 22:02:08.455 14605 14605 D FennecProfile: profiles.ini: true
03-18 22:02:08.459 14605 14605 D FennecProfile: Ignoring line in [general] section: StartWithLastProfile=1
03-18 22:02:08.459 14605 14605 D FennecProfile: Found 1 profiles
03-18 22:02:08.459 14605 14624 I FA      : Collection disabled with firebase_analytics_collection_enabled=0
03-18 22:02:08.459 14605 14605 D FennecProfile: Found default profile: FennecProfile(name=default, path=/data/user/0/org.mozilla.fennec_aurora/files/mozilla/fwncqptd.default, default=true)
03-18 22:02:08.460 14605 14624 I FA      : App measurement is starting up, version: 12780
03-18 22:02:08.460 14605 14624 I FA      : To enable debug logging run: adb shell setprop log.tag.FA VERBOSE
03-18 22:02:08.460 14605 14624 I FA      : To enable faster debug mode event logging run:
03-18 22:02:08.460 14605 14624 I FA      :   adb shell setprop debug.firebase.analytics.app org.mozilla.fennec_aurora
03-18 22:02:08.465 14605 14605 D FennecMigrator: No migrations to run. Fennec install - false.
03-18 22:02:08.476 14605 14605 D FenixApplication: Initializing Glean (uploadEnabled=true, isFennec=true)
03-18 22:02:08.478  1456 10962 D ConnectivityService: requestNetwork for uid/pid:11127/14605 NetworkRequest [ TRACK_DEFAULT id=31934, [ Capabilities: INTERNET&NOT_RESTRICTED&TRUSTED&NOT_VPN] ]
03-18 22:02:08.479  1456  2099 D Ethernet: got request NetworkRequest [ TRACK_DEFAULT id=31934, [ Capabilities: INTERNET&NOT_RESTRICTED&TRUSTED&NOT_VPN] ] with score 0
03-18 22:02:08.480  2398  2398 D PhoneSwitcherNetworkRequstListener: got request NetworkRequest [ TRACK_DEFAULT id=31934, [ Capabilities: INTERNET&NOT_RESTRICTED&TRUSTED&NOT_VPN] ] with score 0
03-18 22:02:08.480  1456  2054 D WIFI_UT : got request NetworkRequest [ TRACK_DEFAULT id=31934, [ Capabilities: INTERNET&NOT_RESTRICTED&TRUSTED&NOT_VPN] ] with score 0
03-18 22:02:08.480  1456  2054 D WIFI    : got request NetworkRequest [ TRACK_DEFAULT id=31934, [ Capabilities: INTERNET&NOT_RESTRICTED&TRUSTED&NOT_VPN] ] with score 0
03-18 22:02:08.485 14605 14635 D RustNativeSupport: findMegazordLibraryName(viaduct, 0.55.0
03-18 22:02:08.485 14605 14635 D RustNativeSupport: lib in use: none
03-18 22:02:08.485 14605 14635 D RustNativeSupport: lib configured: megazord
03-18 22:02:08.485 14605 14635 D RustNativeSupport: lib version configured: 0.55.0
03-18 22:02:08.485 14605 14635 D RustNativeSupport: settled on megazord
03-18 22:02:08.501 14605 14634 D libglean_ffi: glean_ffi: Android logging should be hooked up!
03-18 22:02:08.504 14605 14634 I glean/Glean: Registering pings for mozilla.telemetry.glean.GleanMetrics.Pings
03-18 22:02:08.509 14605 14634 I libglean_ffi: glean_core: Creating new Glean
03-18 22:02:08.510 14605 14634 D libglean_ffi: glean_core::database: Database path: "/data/user/0/org.mozilla.fennec_aurora/glean_data/db"
03-18 22:02:08.510 14605 14634 I libglean_ffi: glean_core::database: Database initialized
03-18 22:02:08.510 14605 14634 I libglean_ffi: glean_ffi: Glean initialized
03-18 22:02:08.516 14605 14635 D RustNativeSupport: findMegazordLibraryName(rustlog, 0.55.0
03-18 22:02:08.516 14605 14635 D RustNativeSupport: lib in use: none
03-18 22:02:08.516 14605 14635 D RustNativeSupport: lib configured: megazord
03-18 22:02:08.516 14605 14635 D RustNativeSupport: lib version configured: 0.55.0
03-18 22:02:08.516 14605 14635 D RustNativeSupport: settled on megazord
03-18 22:02:08.520 14605 14635 I rc_log_ffi::ios: rc_log adapter initialized!
03-18 22:02:08.528 14605 14634 D glean/MetricsPingSched: The 'metrics' ping was last sent on Wed Mar 18 00:00:00 EDT 2020
03-18 22:02:08.529 14605 14634 I glean/MetricsPingSched: The 'metrics' ping was already sent today, Wed Mar 18 22:02:08 EDT 2020.
03-18 22:02:08.529 14605 14634 D glean/MetricsPingSched: Scheduling the 'metrics' ping in 21471486ms
03-18 22:02:08.530 14605 14634 D libglean_ffi: glean_core: Clearing Lifetime::Application metrics
03-18 22:02:08.541 14605 14605 D GeckoThread: State changed to LAUNCHED
03-18 22:02:08.542 14605 14641 I GeckoThread: preparing to run Gecko
03-18 22:02:08.549 14605 14605 D GeckoRuntime: Lifecycle: onCreate
03-18 22:02:08.550 14605 14641 D GeckoThread: State changed to MOZGLUE_READY
03-18 22:02:08.562 14605 14605 I zygote  : Deoptimizing java.lang.Object androidx.collection.SimpleArrayMap.put(java.lang.Object, java.lang.Object) due to JIT inline cache
03-18 22:02:08.563 14605 14641 W Settings: Setting animator_duration_scale has moved from android.provider.Settings.System to android.provider.Settings.Global, returning read-only global URI.
03-18 22:02:08.564 14605 14641 E GeckoLibLoad: Load sqlite start
03-18 22:02:08.568 14605 14605 D GleanMetricsService: Enabling Glean.
03-18 22:02:08.584 14605 14641 W GeckoLinker: /data/app/org.mozilla.fennec_aurora-ZeNny4nHujzl-xK1ph1_ZQ==/lib/arm/libnss3.so: unhandled flags #8 not handled
03-18 22:02:08.587 14605 14634 I libglean_ffi: glean_core: Upload enabled: true
03-18 22:02:08.589 14605 14605 I AdjustMetricsService: No adjust token defined
03-18 22:02:08.590 14605 14641 W GeckoLinker: /data/app/org.mozilla.fennec_aurora-ZeNny4nHujzl-xK1ph1_ZQ==/lib/arm/libnss3.so: Relocation to NULL @0x001b9ffc for symbol "__cxa_type_match"
03-18 22:02:08.591 14605 14641 E GeckoLibLoad: Load sqlite done
03-18 22:02:08.591 14605 14641 E GeckoLibLoad: Load nss start
03-18 22:02:08.591 14605 14641 E GeckoLibLoad: Load nss done
03-18 22:02:08.591 14605 14605 D PushConfig: Creating push configuration for autopush.
03-18 22:02:08.592 14605 14641 W GeckoLinker: /data/app/org.mozilla.fennec_aurora-ZeNny4nHujzl-xK1ph1_ZQ==/lib/arm/libxul.so: unhandled flags #8 not handled
03-18 22:02:08.592 14605 14641 W GeckoLinker: /data/app/org.mozilla.fennec_aurora-ZeNny4nHujzl-xK1ph1_ZQ==/lib/arm/liblgpllibs.so: unhandled flags #8 not handled
03-18 22:02:08.596 14605 14605 I App     : AutoPushFeature is configured, initializing it...
03-18 22:02:08.597 14605 14605 I AutoPushFeature: Checking validity of push subscriptions.
03-18 22:02:08.604 14605 14605 D FennecProfile: profiles.ini: true
03-18 22:02:08.607 14605 14605 D FennecProfile: Ignoring line in [general] section: StartWithLastProfile=1
03-18 22:02:08.607 14605 14605 D FennecProfile: Found 1 profiles
03-18 22:02:08.607 14605 14605 D FennecProfile: Found default profile: FennecProfile(name=default, path=/data/user/0/org.mozilla.fennec_aurora/files/mozilla/fwncqptd.default, default=true)
03-18 22:02:08.611 14605 14635 W [WARNING][Leanplum]: [com.leanplum.internal.ActionManager::getLocationManager::8]: Geofencing support requires leanplum-location module and Google Play Services v8.1 and higher.
03-18 22:02:08.611 14605 14635 W [WARNING][Leanplum]: Add this to your build.gradle file:
03-18 22:02:08.611 14605 14635 W [WARNING][Leanplum]: implementation 'com.google.android.gms:play-services-location:8.3.0+'
03-18 22:02:08.611 14605 14635 W [WARNING][Leanplum]: implementation 'com.leanplum:leanplum-location:+'
03-18 22:02:08.614 14605 14635 I [INFO][Leanplum]: [com.leanplum.monitoring.ExceptionHandler::setContext::6]: LeanplumExceptionHandler could not initialize Exception Reporting.This is expected if you have not included the leanplum-monitoring module
03-18 22:02:08.614 14605 14605 I FirefoxAccountStateMachine: Enabling/updating sync with a new SyncConfig: SyncConfig(supportedEngines=[mozilla.components.service.fxa.SyncEngine$History@1d37a3a, mozilla.components.service.fxa.SyncEngine$Bookmarks@924e6eb, mozilla.components.service.fxa.SyncEngine$Passwords@7d41c48], syncPeriodInMinutes=240)
03-18 22:02:08.619 14605 14605 I BgSyncManager: Periodic syncing enabled at a 240 interval
03-18 22:02:08.619 14605 14605 I FirefoxAccountStateMachine: Sync is enabled
03-18 22:02:08.627 14605 14645 I [INFO][Leanplum]: [com.leanplum.LeanplumFcmProvider::isManifestSetup::11]: Firebase Messaging is setup correctly.
03-18 22:02:08.631 14605 14650 I FirefoxAccountStateMachine: Processing event Event$Init for state Start. Next state is Start
03-18 22:02:08.631 14605 14641 E GeckoLibLoad: Loaded libs in 40.372244ms total, 30ms(140ms) user, 6ms(20ms) system, 0(0) faults
03-18 22:02:08.632 14605 14641 D GeckoThread: State changed to LIBS_READY
03-18 22:02:08.639 14605 14641 W GeckoThread: zerdatime 17111422406 - runGecko
03-18 22:02:08.643 14605 14605 D FennecMigrator: This is not a Fennec installation. No migration needed.
03-18 22:02:08.645 14605 14605 D SessionManager: onTrimMemory(15): clearThumbnails=true, closeEngineSessions=true
03-18 22:02:08.645 14605 14641 D GeckoProfile: Loading profile at: null name: default
03-18 22:02:08.645 14605 14605 D SessionManager: Cleared 0 thumbnail(s) and unlinked 0 engine sessions(s)
03-18 22:02:08.647 14605 14641 D GeckoProfile: Found profile dir: /data/user/0/org.mozilla.fennec_aurora/files/mozilla/fwncqptd.default
03-18 22:02:08.652 14605 14650 I FirefoxAccountStateMachine: Ran 'Event$Init' side-effects for state Start, got successive event Event$AccountNotFound
03-18 22:02:08.652 14605 14650 I FirefoxAccountStateMachine: Processing event Event$AccountNotFound for state Start. Next state is NotAuthenticated
03-18 22:02:08.656 14605 14650 D RustNativeSupport: findMegazordLibraryName(fxaclient, 0.55.0
03-18 22:02:08.656 14605 14650 D RustNativeSupport: lib in use: none
03-18 22:02:08.657 14605 14650 D RustNativeSupport: lib configured: megazord
03-18 22:02:08.657 14605 14650 D RustNativeSupport: lib version configured: 0.55.0
03-18 22:02:08.657 14605 14650 D RustNativeSupport: settled on megazord
03-18 22:02:08.660 14605 14650 D fxaclient_ffi: fxa_new
03-18 22:02:08.675 14605 14605 D GeckoRuntime: Lifecycle: onStart
03-18 22:02:08.690 14605 14610 I zygote  : Do partial code cache collection, code=24KB, data=28KB
03-18 22:02:08.690 14605 14605 I [INFO][Leanplum]: [com.leanplum.internal.RequestOld::sendIfConnected::4]: Device is offline, will send later
03-18 22:02:08.692 14605 14610 I zygote  : After code cache collection, code=22KB, data=27KB
03-18 22:02:08.692 14605 14610 I zygote  : Increasing code cache capacity to 128KB
03-18 22:02:08.703 14605 14605 D GeckoRuntime: Lifecycle: onResume
03-18 22:02:08.705 14605 14605 D GeckoNetworkManager: Incoming event start for state OffNoListeners -> OnNoListeners
03-18 22:02:08.706 14605 14605 D GeckoNetworkManager: New network state: DOWN, NONE, UNKNOWN
03-18 22:02:08.725 14605 14667 D OpenGLRenderer: HWUI GL Pipeline
03-18 22:02:08.801  1456  2204 I ActivityManager: START u0 {act=android.intent.action.VIEW dat=https://example.com/... typ=text/html cmp=org.mozilla.fennec_aurora/org.mozilla.fenix.HomeActivity (has extras)} from uid 11127
03-18 22:02:08.815 14605 14605 D GeckoNetworkManager: Incoming event receivedUpdate for state OnNoListeners -> OnNoListeners
03-18 22:02:08.816 14605 14605 D GeckoNetworkManager: New network state: DOWN, NONE, UNKNOWN
03-18 22:02:08.830 14605 14667 I Adreno  : QUALCOMM build                   : bb5b86c, I77d3059488
03-18 22:02:08.830 14605 14667 I Adreno  : Build Date                       : 06/07/18
03-18 22:02:08.830 14605 14667 I Adreno  : OpenGL ES Shader Compiler Version: EV031.22.00.01_06
03-18 22:02:08.830 14605 14667 I Adreno  : Local Branch                     : 
03-18 22:02:08.830 14605 14667 I Adreno  : Remote Branch                    : refs/tags/AU_LINUX_ANDROID_LA.UM.6.5.R1.08.01.00.312.086
03-18 22:02:08.830 14605 14667 I Adreno  : Remote Branch                    : NONE
03-18 22:02:08.830 14605 14667 I Adreno  : Reconstruct Branch               : NOTHING
03-18 22:02:08.831 14605 14667 D vndksupport: Loading /vendor/lib/hw/gralloc.msm8937.so from current namespace instead of sphal namespace.
03-18 22:02:08.839 14605 14667 I Adreno  : PFP: 0x005ff087, ME: 0x005ff063
03-18 22:02:08.851 14605 14667 I zygote  : android::hardware::configstore::V1_0::ISurfaceFlingerConfigs::hasWideColorDisplay retrieved: 0
03-18 22:02:08.852 14605 14667 I OpenGLRenderer: Initialized EGL, version 1.4
03-18 22:02:08.852 14605 14667 D OpenGLRenderer: Swap behavior 2
03-18 22:02:08.892  1456  2401 I WindowManager: Keep hide if surface has never drawn Window{8efee3 u0 org.mozilla.fennec_aurora/org.mozilla.fenix.IntentReceiverActivity}
03-18 22:02:08.896  1456  2401 I WindowManager: Failed to capture screenshot of Token{699cf75 ActivityRecord{a23e6ac u0 org.mozilla.fennec_aurora/org.mozilla.fenix.IntentReceiverActivity t39712 f}} appWin=Window{8efee3 u0 org.mozilla.fennec_aurora/org.mozilla.fenix.IntentReceiverActivity} drawState=1
03-18 22:02:08.905 14605 14605 D MigrationPushRenewer: Migration state: NONE
03-18 22:02:08.905 14605 14605 D MigrationTelemetryListener: Migration state: NONE
03-18 22:02:08.907 14217 14428 I Finsky  : [395585] rgo.c(1): Triggered update for experiment package com.google.android.finsky.stable.
03-18 22:02:08.940  1456  1673 I LaunchCheckinHandler: Displayed org.mozilla.fennec_aurora/org.mozilla.fenix.IntentReceiverActivity,cp,ca,701
03-18 22:02:08.956 14217 14296 I Finsky  : [395550] ebh.run(3): Initializing the instant apps module.
03-18 22:02:08.960 14605 14605 D PhoneWindow: Restoring navigation bar divider color to default value = 0x00000000
03-18 22:02:08.987 14605 14641 I Gecko:DumpUtils: Fifo watcher disabled via pref.
03-18 22:02:08.999 14217 14302 I Finsky  : [395555] zws.f(2): Restoring notifications
03-18 22:02:09.002 14217 14302 I Finsky  : [395555] zws.f(6): Done restoring notifications
03-18 22:02:09.013 14217 14310 I Finsky  : [395557] ebd.run(8): Component class com.google.android.finsky.wear.WearSupportService disabled via PackageManager.
03-18 22:02:09.014 14217 14310 I Finsky  : [395557] ebd.run(8): Component class com.google.android.finsky.wear.WearChangeListenerService disabled via PackageManager.
03-18 22:02:09.015 14217 14296 I Finsky  : [395550] abfm.a(10): Do not start WearSupportService due to Wear service optimization
03-18 22:02:09.019 14217 14428 I Finsky  : [395585] rgo.c(8): Already at the latest configurations for experiment package com.google.android.finsky.stable.
03-18 22:02:09.020 14217 14380 I Finsky  : [395578] rgo.c(1): Triggered update for experiment package com.google.android.finsky.regular.
03-18 22:02:09.020 14605 14605 I NavController: Ignoring popBackStack to destination org.mozilla.fennec_aurora:id/browserFragment as it was not found on the current back stack
03-18 22:02:09.025 14605 14641 D GeckoSysInfo: System memory: 1867MB.
03-18 22:02:09.029 14605 14641 D GeckoThread: State changed to JNI_READY
03-18 22:02:09.048  1456  2196 I ActivityManager: Start proc 14693:org.mozilla.fennec_aurora:tab0/u0a1127 for service org.mozilla.fennec_aurora/org.mozilla.gecko.process.GeckoChildProcessServices$tab0
03-18 22:02:09.087  1456  1466 I zygote  : Background concurrent copying GC freed 62181(3MB) AllocSpace objects, 26(1156KB) LOS objects, 38% free, 39MB/63MB, paused 168us total 366.850ms
03-18 22:02:09.088 14605 14610 I zygote  : Do partial code cache collection, code=59KB, data=53KB
03-18 22:02:09.089 14605 14610 I zygote  : After code cache collection, code=51KB, data=48KB
03-18 22:02:09.089 14605 14610 I zygote  : Increasing code cache capacity to 256KB
03-18 22:02:09.138 14217 14380 I Finsky  : [395578] rgo.c(8): Already at the latest configurations for experiment package com.google.android.finsky.regular.
03-18 22:02:09.207 14693 14693 D GeckoThread: State changed to LAUNCHED
03-18 22:02:09.208 14693 14711 I GeckoThread: preparing to run Gecko
03-18 22:02:09.263 14605 14636 D RustNativeSupport: findMegazordLibraryName(places, 0.55.0
03-18 22:02:09.263 14605 14636 D RustNativeSupport: lib in use: none
03-18 22:02:09.263 14605 14636 D RustNativeSupport: lib configured: megazord
03-18 22:02:09.263 14605 14636 D RustNativeSupport: lib version configured: 0.55.0
03-18 22:02:09.263 14605 14636 D RustNativeSupport: settled on megazord
03-18 22:02:09.267 14605 14636 D places_ffi: places_api_new
03-18 22:02:09.326 14605 14636 D sql_support::conn_ext: Transaction commited after 36.080055ms
03-18 22:02:09.328 14605 14636 D places_ffi: places_connection_new
03-18 22:02:09.332 14605 14636 D places_ffi: places_connection_new
03-18 22:02:09.351 14605 14636 D places_ffi: bookmarks_get_all_with_url
03-18 22:02:09.359 14605 14605 I [INFO][Leanplum]: [com.leanplum.internal.RequestOld::sendIfConnected::4]: Device is offline, will send later
03-18 22:02:09.368 14605 14650 W FirefoxAccountStateMachine: Got invalid event Event$Init for state NotAuthenticated.
03-18 22:02:09.371 14217 14223 I zygote  : Compiler allocated 7MB to compile java.lang.Object ajiz.call()
03-18 22:02:09.382 14605 14605 E [ERROR][Leanplum]: [com.leanplum.LeanplumFcmProvider$1::onComplete::2]: getInstanceId failed
03-18 22:02:09.454 14605 14714 W LOTTIE  : Animation contains merge paths. Merge paths are only supported on KitKat+ and must be manually enabled by calling enableMergePathsForKitKatAndAbove().
03-18 22:02:09.507  1456  2196 I ActivityManager: Displayed org.mozilla.fennec_aurora/org.mozilla.fenix.HomeActivity: +624ms (total +1s268ms)
03-18 22:02:09.507  1456  2196 I ActivityManager: Fully drawn org.mozilla.fennec_aurora/org.mozilla.fenix.HomeActivity: +624ms (total +1s268ms)
03-18 22:02:09.520 14605 14610 I zygote  : Do full code cache collection, code=126KB, data=99KB
03-18 22:02:09.522 14605 14610 I zygote  : After code cache collection, code=97KB, data=57KB
03-18 22:02:09.557 14605 14667 D vndksupport: Loading /vendor/lib/hw/android.hardware.graphics.mapper@2.0-impl.so from current namespace instead of sphal namespace.
03-18 22:02:09.559 14605 14667 D vndksupport: Loading /vendor/lib/hw/gralloc.msm8937.so from current namespace instead of sphal namespace.
03-18 22:02:09.597 14605 14605 W LOTTIE  : Animation contains merge paths but they are disabled.
03-18 22:02:09.615 14605 14641 D GeckoThread: State changed to PROFILE_READY
03-18 22:02:09.654 28336 28336 I MemoryTrimmer: Trimming objects from memory, since app is in the background.
03-18 22:02:09.663 28336 28379 E AudioSource: Stop listening is called on already closed AudioSource
03-18 22:02:09.667 28336 28336 I MemoryTrimmer: Trimming objects from memory, since app is in the background.
03-18 22:02:09.667 28336 21367 I PBSessionCacheImpl: Deleted sessionId[124624629806583413] from persistence.
03-18 22:02:09.673  1456  5031 I WifiService: getWifiEnabledState uid=10073
03-18 22:02:09.676 28336 28379 I DEBUG   : OpaToSrpTransitionState#onStateChanged#notNullQuery
03-18 22:02:09.678 28336 28379 I DEBUG   : OpaToSrpTransitionState#onStateChanged#notNullQuery
03-18 22:02:09.682 28336 28379 W SearchServiceCore: Abort, client detached.
03-18 22:02:09.717 14605 14641 D GeckoThread: State changed to RUNNING
03-18 22:02:09.722 14217 14217 I Finsky  : [2] ulg.run(5): Detected restoreservicev2://recovery not needed, will not run
03-18 22:02:09.735 14605 14641 I Gecko   : -*- nsDNSServiceDiscovery.js : nsDNSServiceDiscovery
03-18 22:02:09.822 14605 14605 D GeckoNetworkManager: Incoming event enableNotifications for state OnNoListeners -> OnWithListeners
03-18 22:02:09.823 14605 14605 D GeckoNetworkManager: New network state: DOWN, NONE, UNKNOWN
03-18 22:02:09.824 14605 14605 D GeckoNetworkManager: Incoming event receivedUpdate for state OnWithListeners -> OnWithListeners
03-18 22:02:09.825 14605 14605 D GeckoNetworkManager: New network state: DOWN, NONE, UNKNOWN
03-18 22:02:09.827 14605 14641 W GeckoLinker: /data/app/org.mozilla.fennec_aurora-ZeNny4nHujzl-xK1ph1_ZQ==/lib/arm/libsoftokn3.so: unhandled flags #8 not handled
03-18 22:02:09.828 14605 14641 W GeckoLinker: /data/app/org.mozilla.fennec_aurora-ZeNny4nHujzl-xK1ph1_ZQ==/lib/arm/libsoftokn3.so: Relocation to NULL @0x0002cffc for symbol "__cxa_type_match"
03-18 22:02:09.829 14605 14641 W GeckoLinker: /data/app/org.mozilla.fennec_aurora-ZeNny4nHujzl-xK1ph1_ZQ==/lib/arm/libfreebl3.so: unhandled flags #8 not handled
03-18 22:02:09.830 14605 14641 W GeckoLinker: /data/app/org.mozilla.fennec_aurora-ZeNny4nHujzl-xK1ph1_ZQ==/lib/arm/libfreebl3.so: Relocation to NULL @0x0004fffc for symbol "__cxa_type_match"
03-18 22:02:09.849 14217 14537 I Finsky  : [395610] akhc.a(2): registerListener
03-18 22:02:09.851 14217 14537 I Finsky  : [395610] joc.a(2): getDownloads(-)
03-18 22:02:09.852 14217 14729 I Finsky  : [395620] akhk.a(7): Initiate binding to the service.
03-18 22:02:09.853 14217 14537 I Finsky  : [395610] ekx.run(7): Initialized AssetModuleDownloader.
03-18 22:02:09.862 14605 14728 W GeckoLinker: /data/app/org.mozilla.fennec_aurora-ZeNny4nHujzl-xK1ph1_ZQ==/lib/arm/libnssckbi.so: unhandled flags #8 not handled
03-18 22:02:09.863 14605 14728 W GeckoLinker: /data/app/org.mozilla.fennec_aurora-ZeNny4nHujzl-xK1ph1_ZQ==/lib/arm/libnssckbi.so: Relocation to NULL @0x00055ffc for symbol "__cxa_type_match"
03-18 22:02:09.865  1456  2196 I ActivityManager: Start proc 14731:com.android.vending:download_service/u0a62 for service com.android.vending/com.google.android.finsky.downloadservice.DownloadService
03-18 22:02:09.919 14731 14731 I Finsky:download_service: [2] ebz.aG(7): Process created at version: 18.6.33-all [0] [PR] 292279539
03-18 22:02:09.934 14605 14641 W ResourceType: Too many attribute references, stopped at: 0x01010099
03-18 22:02:09.958  1456  2196 D ConnectivityService: requestNetwork for uid/pid:10062/14731 NetworkRequest [ TRACK_DEFAULT id=31935, [ Capabilities: INTERNET&NOT_RESTRICTED&TRUSTED&NOT_VPN] ]
03-18 22:02:09.959  1456  2099 D Ethernet: got request NetworkRequest [ TRACK_DEFAULT id=31935, [ Capabilities: INTERNET&NOT_RESTRICTED&TRUSTED&NOT_VPN] ] with score 0
03-18 22:02:09.959  1456  2054 D WIFI_UT : got request NetworkRequest [ TRACK_DEFAULT id=31935, [ Capabilities: INTERNET&NOT_RESTRICTED&TRUSTED&NOT_VPN] ] with score 0
03-18 22:02:09.960  1456  2054 D WIFI    : got request NetworkRequest [ TRACK_DEFAULT id=31935, [ Capabilities: INTERNET&NOT_RESTRICTED&TRUSTED&NOT_VPN] ] with score 0
03-18 22:02:09.960  2398  2398 D PhoneSwitcherNetworkRequstListener: got request NetworkRequest [ TRACK_DEFAULT id=31935, [ Capabilities: INTERNET&NOT_RESTRICTED&TRUSTED&NOT_VPN] ] with score 0
03-18 22:02:09.963 14217 14217 I Finsky  : [2] akhq.onServiceConnected(2): ServiceConnectionImpl.onServiceConnected(ComponentInfo{com.android.vending/com.google.android.finsky.downloadservice.DownloadService})
03-18 22:02:09.964 14217 14729 I Finsky  : [395620] akho.a(3): linkToDeath
03-18 22:02:09.965 14731 14750 I Finsky:download_service: [395560] jiq.a(12): Starting getDownloads().
03-18 22:02:09.985 14605 14641 W GeckoEventDispatcher: No listener for GeckoView:AccessibilityEnabled
03-18 22:02:10.006 14217 14729 I Finsky  : [395620] akhl.a(2): Unbind from service.
03-18 22:02:10.009 14217 14217 I Finsky  : [2] ppb.onTrimMemory(1): Memory trim requested to level 80
03-18 22:02:10.011 14217 14542 I Finsky  : [395614] jnv.d(6): onGetDownloads()
03-18 22:02:10.125  1023 14779 D libc    : Internal error: netid(0), id(0xbd1), server(0.0.0.0)
03-18 22:02:10.126  1023 14779 D libc    : Internal error: netid(0), id(0xbd1), server(0.0.0.0)
03-18 22:02:10.126  1023 14779 D libc    : Internal error: netid(0), id(0x84c5), server(0.0.0.0)
03-18 22:02:10.126  1023 14779 D libc    : Internal error: netid(0), id(0x84c5), server(0.0.0.0)
03-18 22:02:10.146  1023 14788 D libc    : Internal error: netid(0), id(0x61c7), server(0.0.0.0)
03-18 22:02:10.147  1023 14788 D libc    : Internal error: netid(0), id(0x61c7), server(0.0.0.0)
03-18 22:02:10.147  1023 14788 D libc    : Internal error: netid(0), id(0xebcc), server(0.0.0.0)
03-18 22:02:10.147  1023 14788 D libc    : Internal error: netid(0), id(0xebcc), server(0.0.0.0)
03-18 22:02:10.149  1023 14793 D libc    : Internal error: netid(0), id(0x1b9a), server(0.0.0.0)
03-18 22:02:10.150  1023 14793 D libc    : Internal error: netid(0), id(0x1b9a), server(0.0.0.0)
03-18 22:02:10.150  1023 14793 D libc    : Internal error: netid(0), id(0x6a85), server(0.0.0.0)
03-18 22:02:10.151  1023 14793 D libc    : Internal error: netid(0), id(0x6a85), server(0.0.0.0)
03-18 22:02:10.152 14605 14641 W ResourceType: Too many attribute references, stopped at: 0x01010099
03-18 22:02:10.152  1023 14796 D libc    : Internal error: netid(0), id(0x51e3), server(0.0.0.0)
03-18 22:02:10.153  1023 14796 D libc    : Internal error: netid(0), id(0x51e3), server(0.0.0.0)
03-18 22:02:10.153  1023 14796 D libc    : Internal error: netid(0), id(0x868e), server(0.0.0.0)
03-18 22:02:10.153  1023 14796 D libc    : Internal error: netid(0), id(0x868e), server(0.0.0.0)
03-18 22:02:10.177 14605 14635 D App     : Could not fetch region from location service
03-18 22:02:10.177 14605 14635 D App     : java.io.IOException: org.mozilla.geckoview.WebRequestError: Request failed, error=0x25, category=0x5
03-18 22:02:10.177 14605 14635 D App     : 	at mozilla.components.browser.engine.gecko.fetch.GeckoViewFetchClient.fetch(GeckoViewFetchClient.kt:39)
03-18 22:02:10.177 14605 14635 D App     : 	at mozilla.components.service.location.MozillaLocationService$fetchRegion$2.invokeSuspend(MozillaLocationService.kt:27)
03-18 22:02:10.177 14605 14635 D App     : 	at mozilla.components.service.location.MozillaLocationService$fetchRegion$2.invoke(Unknown Source:10)
03-18 22:02:10.177 14605 14635 D App     : 	at kotlin.jvm.internal.Intrinsics.startUndispatchedOrReturn(Intrinsics.java:2)
03-18 22:02:10.177 14605 14635 D App     : 	at kotlin.jvm.internal.Intrinsics.withContext(Intrinsics.java:9)
03-18 22:02:10.177 14605 14635 D App     : 	at mozilla.components.service.location.MozillaLocationService.fetchRegion(MozillaLocationService.kt:2)
03-18 22:02:10.177 14605 14635 D App     : 	at mozilla.components.service.location.search.RegionSearchLocalizationProvider.determineRegion(RegionSearchLocalizationProvider.kt:5)
03-18 22:02:10.177 14605 14635 D App     : 	at mozilla.components.browser.search.provider.AssetsSearchEngineProvider.loadSearchEngines(AssetsSearchEngineProvider.kt:5)
03-18 22:02:10.177 14605 14635 D App     : 	at org.mozilla.fenix.components.searchengine.FenixSearchEngineProvider$baseSearchEngines$1.invokeSuspend(FenixSearchEngineProvider.kt:9)
03-18 22:02:10.177 14605 14635 D App     : 	at kotlin.coroutines.jvm.internal.BaseContinuationImpl.resumeWith(ContinuationImpl.kt:2)
03-18 22:02:10.177 14605 14635 D App     : 	at kotlinx.coroutines.DispatchedTask.run(DispatchedTask.kt:15)
03-18 22:02:10.177 14605 14635 D App     : 	at kotlinx.coroutines.scheduling.CoroutineScheduler.runSafely(CoroutineScheduler.kt:1)
03-18 22:02:10.177 14605 14635 D App     : 	at kotlinx.coroutines.scheduling.CoroutineScheduler$Worker.run(CoroutineScheduler.kt:15)
03-18 22:02:10.177 14605 14635 D App     : Caused by: org.mozilla.geckoview.WebRequestError: Request failed, error=0x25, category=0x5
03-18 22:02:10.177 14605 14635 D App     : 	at org.mozilla.gecko.mozglue.GeckoLoader.nativeRun(Native Method)
03-18 22:02:10.177 14605 14635 D App     : 	at org.mozilla.gecko.GeckoThread.run(GeckoThread.java:91)
03-18 22:02:10.178 14605 14652 D App     : Could not fetch region from location service
03-18 22:02:10.178 14605 14652 D App     : java.io.IOException: org.mozilla.geckoview.WebRequestError: Request failed, error=0x25, category=0x5
03-18 22:02:10.178 14605 14652 D App     : 	at mozilla.components.browser.engine.gecko.fetch.GeckoViewFetchClient.fetch(GeckoViewFetchClient.kt:39)
03-18 22:02:10.178 14605 14652 D App     : 	at mozilla.components.service.location.MozillaLocationService$fetchRegion$2.invokeSuspend(MozillaLocationService.kt:27)
03-18 22:02:10.178 14605 14652 D App     : 	at kotlin.coroutines.jvm.internal.BaseContinuationImpl.resumeWith(ContinuationImpl.kt:2)
03-18 22:02:10.178 14605 14652 D App     : 	at kotlinx.coroutines.DispatchedTask.run(DispatchedTask.kt:15)
03-18 22:02:10.178 14605 14652 D App     : 	at kotlinx.coroutines.scheduling.CoroutineScheduler.runSafely(CoroutineScheduler.kt:1)
03-18 22:02:10.178 14605 14652 D App     : 	at kotlinx.coroutines.scheduling.CoroutineScheduler$Worker.run(CoroutineScheduler.kt:15)
03-18 22:02:10.178 14605 14652 D App     : Caused by: org.mozilla.geckoview.WebRequestError: Request failed, error=0x25, category=0x5
03-18 22:02:10.178 14605 14652 D App     : 	at org.mozilla.gecko.mozglue.GeckoLoader.nativeRun(Native Method)
03-18 22:02:10.178 14605 14652 D App     : 	at org.mozilla.gecko.GeckoThread.run(GeckoThread.java:91)
03-18 22:02:10.282 14693 14711 D GeckoThread: State changed to MOZGLUE_READY
03-18 22:02:10.290 14693 14711 W Settings: Setting animator_duration_scale has moved from android.provider.Settings.System to android.provider.Settings.Global, returning read-only global URI.
03-18 22:02:10.292 14693 14711 E GeckoLibLoad: Load sqlite start
03-18 22:02:10.307 14605 14641 I GeckoSession: zerdatime 17111424075 - chrome startup finished
03-18 22:02:10.309 14693 14711 W GeckoLinker: /data/app/org.mozilla.fennec_aurora-ZeNny4nHujzl-xK1ph1_ZQ==/lib/arm/libnss3.so: unhandled flags #8 not handled
03-18 22:02:10.314 14693 14711 W GeckoLinker: /data/app/org.mozilla.fennec_aurora-ZeNny4nHujzl-xK1ph1_ZQ==/lib/arm/libnss3.so: Relocation to NULL @0x001b9ffc for symbol "__cxa_type_match"
03-18 22:02:10.314 14693 14711 E GeckoLibLoad: Load sqlite done
03-18 22:02:10.315 14693 14711 E GeckoLibLoad: Load nss start
03-18 22:02:10.315 14693 14711 E GeckoLibLoad: Load nss done
03-18 22:02:10.315 14693 14711 W GeckoLinker: /data/app/org.mozilla.fennec_aurora-ZeNny4nHujzl-xK1ph1_ZQ==/lib/arm/libxul.so: unhandled flags #8 not handled
03-18 22:02:10.315 14693 14711 W GeckoLinker: /data/app/org.mozilla.fennec_aurora-ZeNny4nHujzl-xK1ph1_ZQ==/lib/arm/liblgpllibs.so: unhandled flags #8 not handled
03-18 22:02:10.347 14693 14711 E GeckoLibLoad: Loaded libs in 31.837607ms total, 26ms(30ms) user, 0ms(3ms) system, 0(0) faults
03-18 22:02:10.347 14693 14711 D GeckoThread: State changed to LIBS_READY
03-18 22:02:10.347 14693 14711 W GeckoThread: zerdatime 17111424115 - runGecko
03-18 22:02:10.351 14605 14652 D App     : Could not fetch region from location service
03-18 22:02:10.351 14605 14652 D App     : java.io.IOException: org.mozilla.geckoview.WebRequestError: Request failed, error=0x25, category=0x5
03-18 22:02:10.351 14605 14652 D App     : 	at mozilla.components.browser.engine.gecko.fetch.GeckoViewFetchClient.fetch(GeckoViewFetchClient.kt:39)
03-18 22:02:10.351 14605 14652 D App     : 	at mozilla.components.service.location.MozillaLocationService$fetchRegion$2.invokeSuspend(MozillaLocationService.kt:27)
03-18 22:02:10.351 14605 14652 D App     : 	at mozilla.components.service.location.MozillaLocationService$fetchRegion$2.invoke(Unknown Source:10)
03-18 22:02:10.351 14605 14652 D App     : 	at kotlin.jvm.internal.Intrinsics.startUndispatchedOrReturn(Intrinsics.java:2)
03-18 22:02:10.351 14605 14652 D App     : 	at kotlin.jvm.internal.Intrinsics.withContext(Intrinsics.java:9)
03-18 22:02:10.351 14605 14652 D App     : 	at mozilla.components.service.location.MozillaLocationService.fetchRegion(MozillaLocationService.kt:2)
03-18 22:02:10.351 14605 14652 D App     : 	at mozilla.components.service.location.search.RegionSearchLocalizationProvider.determineRegion(RegionSearchLocalizationProvider.kt:5)
03-18 22:02:10.351 14605 14652 D App     : 	at mozilla.components.browser.search.provider.AssetsSearchEngineProvider.loadSearchEngines(AssetsSearchEngineProvider.kt:5)
03-18 22:02:10.351 14605 14652 D App     : 	at org.mozilla.fenix.components.searchengine.FenixSearchEngineProvider$bundledSearchEngines$1.invokeSuspend(FenixSearchEngineProvider.kt:21)
03-18 22:02:10.351 14605 14652 D App     : 	at kotlin.coroutines.jvm.internal.BaseContinuationImpl.resumeWith(ContinuationImpl.kt:2)
03-18 22:02:10.351 14605 14652 D App     : 	at kotlinx.coroutines.DispatchedTask.run(DispatchedTask.kt:15)
03-18 22:02:10.351 14605 14652 D App     : 	at kotlinx.coroutines.scheduling.CoroutineScheduler.runSafely(CoroutineScheduler.kt:1)
03-18 22:02:10.351 14605 14652 D App     : 	at kotlinx.coroutines.scheduling.CoroutineScheduler$Worker.run(CoroutineScheduler.kt:15)
03-18 22:02:10.351 14605 14652 D App     : Caused by: org.mozilla.geckoview.WebRequestError: Request failed, error=0x25, category=0x5
03-18 22:02:10.351 14605 14652 D App     : 	at org.mozilla.gecko.mozglue.GeckoLoader.nativeRun(Native Method)
03-18 22:02:10.351 14605 14652 D App     : 	at org.mozilla.gecko.GeckoThread.run(GeckoThread.java:91)
03-18 22:02:10.685 14693 14711 D GeckoThread: State changed to RUNNING
03-18 22:02:10.721 14693 14711 W ResourceType: Too many attribute references, stopped at: 0x01010099
03-18 22:02:10.805 14605 14605 D App     : Installed browser-icons extension
03-18 22:02:10.807 14605 14605 D mozac-webextensions: Installed extension: mozacWebchannel
03-18 22:02:10.808 14605 14605 D mozac-webextensions: Installed extension: mozacReaderview
03-18 22:02:10.821 14693 14693 D GeckoNetworkManager: Incoming event enableNotifications for state OffNoListeners -> OffWithListeners
03-18 22:02:10.823 14693 14693 D GeckoNetworkManager: New network state: DOWN, NONE, UNKNOWN
03-18 22:02:10.831 14605 14605 D GeckoSession: handleMessage GeckoView:PageStart uri=about:blank
03-18 22:02:10.847 14605 14610 I zygote  : Do partial code cache collection, code=124KB, data=90KB
03-18 22:02:10.850 14605 14610 I zygote  : After code cache collection, code=122KB, data=89KB
03-18 22:02:10.850 14605 14610 I zygote  : Increasing code cache capacity to 512KB
03-18 22:02:10.884 14605 14605 D GeckoSession: handleMessage GeckoView:LocationChange uri=about:blank
03-18 22:02:10.885 14605 14605 D GeckoSession: handleMessage GeckoView:PageStop uri=null
03-18 22:02:10.887 14605 14641 D GeckoScreenOrientation: unlocking
03-18 22:02:10.893 14605 14605 I SessionStorage/AutoSave: Save: Load finished
03-18 22:02:10.900 14605 14636 D SessionStorage/AutoSave: Saved state to disk [5ms]
03-18 22:02:10.914 14605 14605 D GeckoSession: handleMessage GeckoView:ProgressChanged uri=null
03-18 22:02:10.921 14605 14605 D GeckoSession: handleMessage GeckoView:PageStart uri=https://example.com/
03-18 22:02:10.942 14605 14605 D GeckoSession: handleMessage GeckoView:ProgressChanged uri=null
03-18 22:02:10.949 14605 14605 D GeckoSession: handleMessage GeckoView:PageStop uri=null
03-18 22:02:10.949 14605 14605 I SessionStorage/AutoSave: Save: Load finished
03-18 22:02:10.950 14605 14636 D SessionStorage/AutoSave: Delaying save (1944ms)
03-18 22:02:10.960 14605 14605 D GeckoSession: handleMessage GeckoView:SecurityChanged uri=null
03-18 22:02:10.961 14605 14605 D GeckoSession: handleMessage GeckoView:ProgressChanged uri=null
03-18 22:02:10.968 14605 14605 D GeckoSession: handleMessage GeckoView:PageStart uri=https://example.com/
03-18 22:02:11.006 14605 14605 I zygote  : Deoptimizing void kotlin.coroutines.jvm.internal.ContinuationImpl.<init>(kotlin.coroutines.Continuation) due to JIT inline cache
03-18 22:02:11.136 14605 14605 D GeckoSession: handleMessage GeckoView:OnLoadError uri=https://example.com/
03-18 22:02:11.142 14605 14605 I zygote  : Deoptimizing kotlin.coroutines.CoroutineContext$Element kotlin.coroutines.CoroutineContext$Element$DefaultImpls.get(kotlin.coroutines.CoroutineContext$Element, kotlin.coroutines.CoroutineContext$Key) due to JIT inline cache
03-18 22:02:11.258 14605 14605 D GeckoSession: handleMessage GeckoView:ProgressChanged uri=null
03-18 22:02:11.265 14605 14605 D GeckoSession: handleMessage GeckoView:PageStop uri=null
03-18 22:02:11.266 14605 14605 I SessionStorage/AutoSave: Save: Load finished
03-18 22:02:11.266 14605 14605 D SessionStorage/AutoSave: Skipping save, other job already in flight
03-18 22:02:11.283 14605 14605 D GeckoSession: handleMessage GeckoView:LocationChange uri=https://example.com/
03-18 22:02:11.291 14605 14636 I zygote  : Deoptimizing void kotlinx.coroutines.DispatchedTask.run() due to JIT inline cache
03-18 22:02:11.294 14605 14636 D places_ffi: bookmarks_get_all_with_url
03-18 22:02:11.312 14605 14605 D GeckoSession: handleMessage GeckoView:SecurityChanged uri=null
03-18 22:02:11.335 14605 14605 D mozac-webcompat: Installed WebCompat webextension: webcompat@mozilla.com
03-18 22:02:11.338 14605 14636 D places_ffi: places_connection_new
03-18 22:02:11.354 14605 14636 D places_ffi: places_note_observation
03-18 22:02:11.374 14605 14636 D sql_support::conn_ext: Transaction commited after 19.287242ms
03-18 22:02:11.424 14693 14711 W GeckoLinker: /data/app/org.mozilla.fennec_aurora-ZeNny4nHujzl-xK1ph1_ZQ==/lib/arm/libsoftokn3.so: unhandled flags #8 not handled
03-18 22:02:11.425 14693 14711 W GeckoLinker: /data/app/org.mozilla.fennec_aurora-ZeNny4nHujzl-xK1ph1_ZQ==/lib/arm/libsoftokn3.so: Relocation to NULL @0x0002cffc for symbol "__cxa_type_match"
03-18 22:02:11.426 14693 14711 W GeckoLinker: /data/app/org.mozilla.fennec_aurora-ZeNny4nHujzl-xK1ph1_ZQ==/lib/arm/libfreebl3.so: unhandled flags #8 not handled
03-18 22:02:11.426 14693 14711 W GeckoLinker: /data/app/org.mozilla.fennec_aurora-ZeNny4nHujzl-xK1ph1_ZQ==/lib/arm/libfreebl3.so: Relocation to NULL @0x0004fffc for symbol "__cxa_type_match"
03-18 22:02:11.435 14605 14636 D places_ffi: places_note_observation
03-18 22:02:11.480 14605 14636 D sql_support::conn_ext: Transaction commited after 43.934536ms
03-18 22:02:11.485 14605 14654 D places_ffi: places_note_observation
03-18 22:02:11.501 14605 14654 D sql_support::conn_ext: Transaction commited after 15.091616ms
03-18 22:02:11.611 14605 14605 I DefaultSupportedAddonsChecker: Register check for new supported add-ons
03-18 22:02:12.268 14605 14605 D GeckoSession: handleMessage GeckoView:StateUpdated uri=null
03-18 22:02:12.269 14605 14605 W GeckoSession: No history entries found.
03-18 22:02:12.301 14568 14584 I zygote  : Waiting for a blocking GC ProfileSaver
03-18 22:02:12.906 14605 14654 D SessionStorage/AutoSave: Saved state to disk [11ms]
03-18 22:02:13.900 14871 14871 D AndroidRuntime: >>>>>> START com.android.internal.os.RuntimeInit uid 2000 <<<<<<
03-18 22:02:13.913 14871 14871 W app_process: Could not reserve sentinel fault page
03-18 22:02:14.079 14871 14871 I app_process: The ClassLoaderContext is a special shared library.
03-18 22:02:14.146 14871 14871 D AndroidRuntime: Calling main entry com.android.commands.input.Input
03-18 22:02:14.147 14871 14871 I Input   : injectKeyEvent: KeyEvent { action=ACTION_DOWN, keyCode=KEYCODE_HOME, scanCode=0, metaState=0, flags=0x0, repeatCount=0, eventTime=16659389427, downTime=16659389427, deviceId=-1, source=0x101 }
03-18 22:02:14.154 14871 14871 I Input   : injectKeyEvent: KeyEvent { action=ACTION_UP, keyCode=KEYCODE_HOME, scanCode=0, metaState=0, flags=0x0, repeatCount=0, eventTime=16659389427, downTime=16659389427, deviceId=-1, source=0x101 }
03-18 22:02:14.160  1456  1941 I ActivityManager: START u0 {act=android.intent.action.MAIN cat=[android.intent.category.HOME] flg=0x10200000 cmp=com.android.launcher3/.CustomizationPanelLauncher (has extras)} from uid 1000
03-18 22:02:14.161   794   839 E ANDR-PERF-RESOURCEQS: Failed to apply optimization [4, 0]
03-18 22:02:14.174  1456  1941 I ActivityManager: moveHomeStack, setupComplete:true
03-18 22:02:14.180 28336 28375 I Adreno  : QUALCOMM build                   : bb5b86c, I77d3059488
03-18 22:02:14.180 28336 28375 I Adreno  : Build Date                       : 06/07/18
03-18 22:02:14.180 28336 28375 I Adreno  : OpenGL ES Shader Compiler Version: EV031.22.00.01_06
03-18 22:02:14.180 28336 28375 I Adreno  : Local Branch                     : 
03-18 22:02:14.180 28336 28375 I Adreno  : Remote Branch                    : refs/tags/AU_LINUX_ANDROID_LA.UM.6.5.R1.08.01.00.312.086
03-18 22:02:14.180 28336 28375 I Adreno  : Remote Branch                    : NONE
03-18 22:02:14.180 28336 28375 I Adreno  : Reconstruct Branch               : NOTHING
03-18 22:02:14.183 28336 28375 D vndksupport: Loading /vendor/lib/hw/gralloc.msm8937.so from current namespace instead of sphal namespace.
03-18 22:02:14.187 14871 14871 D AndroidRuntime: Shutting down VM
03-18 22:02:14.188 28336 28375 I Adreno  : PFP: 0x005ff087, ME: 0x005ff063
03-18 22:02:14.192 28336 28375 I zygote  : android::hardware::configstore::V1_0::ISurfaceFlingerConfigs::hasWideColorDisplay retrieved: 0
03-18 22:02:14.193 28336 28375 I OpenGLRenderer: Initialized EGL, version 1.4
03-18 22:02:14.193 28336 28375 D OpenGLRenderer: Swap behavior 2
03-18 22:02:14.200  2748  2748 D Launcher.Utilities: Wakeup weather: Intent { act=com.motorola.launcher3.action.WAKEUP_WEATHER cmp=com.motorola.timeweatherwidget/com.motorola.commandcenter.weather.WakeUpService }
03-18 22:02:14.217  1456  1456 I NotificationService: Cannot find enqueued record for key: 0|com.motorola.timeweatherwidget|1|null|10116
03-18 22:02:14.224   808   808 D SurfaceFlinger: duplicate layer name: changing com.android.launcher3/com.android.launcher3.CustomizationPanelLauncher to com.android.launcher3/com.android.launcher3.CustomizationPanelLauncher#1
03-18 22:02:14.230 28336 28369 W ThreadPoolDumper: Queue length for executor EventBus is now 11. Perhaps some tasks are too long, or the pool is too small.
03-18 22:02:14.232  1456  2196 I WifiService: getWifiEnabledState uid=10073
03-18 22:02:14.239 14605 14605 I [INFO][Leanplum]: [com.leanplum.internal.RequestOld::sendIfConnected::4]: Device is offline, will send later
03-18 22:02:14.249  1456  5031 I WifiService: getWifiEnabledState uid=10073
03-18 22:02:14.257 14605 14605 D SessionManager: onTrimMemory(80): clearThumbnails=true, closeEngineSessions=true
03-18 22:02:14.262 28336 28379 I DEBUG   : OpaToSrpTransitionState#onStateChanged#notNullQuery
03-18 22:02:14.263 28336 28379 I DEBUG   : OpaToSrpTransitionState#onStateChanged#notNullQuery
03-18 22:02:14.270 14605 14605 D SessionManager: Cleared 2 thumbnail(s) and unlinked 2 engine sessions(s)
03-18 22:02:14.281 28336 28379 I MicroDetectionState: Should stop hotword detection immediately - false
03-18 22:02:14.283 14605 14605 D GeckoSession: handleMessage GeckoView:StateUpdated uri=null
03-18 22:02:14.284 28336 28379 I MicroDetectionWorker: #startMicroDetector [speakerMode: 0]
03-18 22:02:14.286 28336 28379 I AudioController: Created new AudioSource
03-18 22:02:14.318  1456  1673 I LaunchCheckinHandler: Displayed com.android.launcher3/.CustomizationPanelLauncher,wp,wa,157
03-18 22:02:14.318 28336 28380 I MicroDataManager: isInitializedWithLatestParams-true
03-18 22:02:14.318 28336 28380 I MicroDataManager: isInitializing-false locale not changed-true model not changed-true
03-18 22:02:14.319 28336 28380 I MicroDataManager: Already initialized, obtaining the hotword data immediately.
03-18 22:02:14.329 28336 21549 I MicroRecognitionRunner: Starting detection.
03-18 22:02:14.329 28336 21549 I InputStreamUtils: Using micInputStream
03-18 22:02:14.330 28336 21367 I MicrophoneInputStream: mic_starting  SR : 16000 CC : 16 SO : 1999
03-18 22:02:14.333   788  1479 V msm8974_platform: platform_check_input_mask: enter check_input_mask source 6 mask 10
03-18 22:02:14.334  1012 14886 I AudioFlinger: AudioFlinger's thread 0xb24835c0 tid=14886 ready to run
03-18 22:02:14.342   788  1479 D audio_hw_primary: in_set_parameters: enter: kvpairs=input_source=6;routing=-2147483644
03-18 22:02:14.343  1012 19368 D APM_AudioPolicyManager: AudioPolicyManager::startInput() input 217326, session 217441, source = 1999
03-18 22:02:14.343 28336 21367 I MicrophoneInputStream: mic_started  SR : 16000 CC : 16 SO : 1999
03-18 22:02:14.345   788 14887 V msm8974_platform: platform_update_usecase_from_source: input source :6
03-18 22:02:14.345   788 14887 V msm8974_platform: platform_check_input_mask: enter check_input_mask source 6 mask 10
03-18 22:02:14.345   788 14887 V msm8974_platform: platform_get_input_snd_device: enter: out_device(0) in_device(0x4) channel_count (1) channel_mask (0x10)
03-18 22:02:14.345   788 14887 V msm8974_platform: platform_get_input_snd_device: exit: in_snd_device(voice-rec-mic)
03-18 22:02:14.345   788 14887 V msm8974_platform: platform_get_backend_index:napb: backend port - 5 device - 120 
03-18 22:02:14.346   788 14887 V msm8974_platform: platform_check_and_set_capture_backend_cfg:txbecf: afe: bitwidth 0, samplerate 0, channel 1, backend_idx 5 usecase = 9 device (voice-rec-mic)
03-18 22:02:14.346   788 14887 V msm8974_platform: platform_check_capture_backend_cfg:txbecf: afe: Codec selected backend: 5 current bit width: 0 and sample rate: 0, channels 1
