01-12 21:42:51.029 27665 27759 D vndksupport: Loading /vendor/lib/hw/gralloc.msm8937.so from current namespace instead of sphal namespace.
01-12 21:42:51.047  1456  1673 I LaunchCheckinHandler: Displayed org.mozilla.fenix.nightly/org.mozilla.fenix.HomeActivity,cp,ca,1296
01-12 21:42:51.048  1456  1673 I ActivityManager: Displayed org.mozilla.fenix.nightly/org.mozilla.fenix.HomeActivity: +1s290ms
01-12 21:42:51.054 26823 26837 D AuthStateProvider: Verifying caller's signature:77eac4ceed36afefba76179931dd4cc195ab0cd54baf355d215e7bbdd28e402a
01-12 21:42:51.054 26823 26837 D AuthStateProvider: Success!
01-12 21:42:51.056 27665 27665 E ActivityThread: Failed to find provider info for org.mozilla.fennec_aurora.fxa.auth
01-12 21:42:51.110 26235 26235 I Finsky  : [2] puo.onTrimMemory(1): Memory trim requested to level 80
01-12 21:42:51.118 15912 15912 I MemoryTrimmer: Trimming objects from memory, since app is in the background.
01-12 21:42:51.127 15912 15950 E AudioSource: Stop listening is called on already closed AudioSource
01-12 21:42:51.128 15912 15912 I MemoryTrimmer: Trimming objects from memory, since app is in the background.
01-12 21:42:51.129 15912 27021 I PBSessionCacheImpl: Deleted sessionId[69983294687855818] from persistence.
01-12 21:42:51.133  1456  5031 I WifiService: getWifiEnabledState uid=10073
01-12 21:42:51.137 27665 27696 I Gecko   : 1578883371133	addons.xpi	WARN	List of valid built-in add-ons could not be parsed.: [Exception... "Component returned failure code: 0x80520012 (NS_ERROR_FILE_NOT_FOUND) [nsIXPCComponents_Utils.readUTF8URI]"  nsresult: "0x80520012 (NS_ERROR_FILE_NOT_FOUND)"  location: "JS frame :: resource://gre/modules/addons/XPIProvider.jsm :: startup :: line 2366"  data: no] Stack trace: startup()@resource://gre/modules/addons/XPIProvider.jsm:2366
01-12 21:42:51.137 27665 27696 I Gecko   : callProvider()@resource://gre/modules/AddonManager.jsm:215
01-12 21:42:51.137 27665 27696 I Gecko   : _startProvider()@resource://gre/modules/AddonManager.jsm:586
01-12 21:42:51.137 27665 27696 I Gecko   : startup()@resource://gre/modules/AddonManager.jsm:810
01-12 21:42:51.137 27665 27696 I Gecko   : startup()@resource://gre/modules/AddonManager.jsm:3474
01-12 21:42:51.137 27665 27696 I Gecko   : observe()@resource://gre/modules/addonManager.js:87
01-12 21:42:51.142 15912 15950 W SearchServiceCore: Abort, client detached.
01-12 21:42:51.142 15912 15950 I chatty  : uid=10073(com.google.android.googlequicksearchbox) EventBus0 identical 1 line
01-12 21:42:51.144 15912 15950 W SearchServiceCore: Abort, client detached.
01-12 21:42:51.306 27665 27696 D GeckoThread: State changed to PROFILE_READY
01-12 21:42:51.393 27665 27696 D GeckoThread: State changed to RUNNING
01-12 21:42:51.410 27665 27696 W GeckoEventDispatcher: No listener for AndroidCastDevice:SyncDevice
01-12 21:42:51.416 27665 27696 I Gecko   : -*- nsDNSServiceDiscovery.js : nsDNSServiceDiscovery
01-12 21:42:51.439   808   898 I SFPerfTracer:      triggers: (rate: 0:0) (0 sw vsyncs) (0 skipped) (17:2569830 vsyncs) (19:4649994)
01-12 21:42:51.520 27665 27696 W ResourceType: Too many attribute references, stopped at: 0x01010099
01-12 21:42:51.567 27665 27696 I Gecko   : Attempting load of libEGL.so
01-12 21:42:51.770 27665 27665 D GeckoNetworkManager: Incoming event enableNotifications for state OnNoListeners -> OnWithListeners
01-12 21:42:51.771 27665 27665 D GeckoNetworkManager: New network state: UP, WIFI, WIFI
01-12 21:42:51.772 27665 27665 D GeckoNetworkManager: Incoming event receivedUpdate for state OnWithListeners -> OnWithListeners
01-12 21:42:51.773 27665 27665 D GeckoNetworkManager: New network state: UP, WIFI, WIFI
01-12 21:42:51.776 27665 27696 W GeckoLinker: /data/app/org.mozilla.fenix.nightly-Lr9G6_iJvTVAN8dV-LSg7g==/lib/arm/libsoftokn3.so: unhandled flags #8 not handled
01-12 21:42:51.777 27665 27696 W GeckoLinker: /data/app/org.mozilla.fenix.nightly-Lr9G6_iJvTVAN8dV-LSg7g==/lib/arm/libsoftokn3.so: Relocation to NULL @0x00026ffc for symbol "__cxa_type_match"
01-12 21:42:51.777 27665 27696 W GeckoLinker: /data/app/org.mozilla.fenix.nightly-Lr9G6_iJvTVAN8dV-LSg7g==/lib/arm/libfreebl3.so: unhandled flags #8 not handled
01-12 21:42:51.778 27665 27696 W GeckoLinker: /data/app/org.mozilla.fenix.nightly-Lr9G6_iJvTVAN8dV-LSg7g==/lib/arm/libfreebl3.so: Relocation to NULL @0x00041ffc for symbol "__cxa_type_match"
01-12 21:42:51.813 27665 27826 W GeckoLinker: /data/app/org.mozilla.fenix.nightly-Lr9G6_iJvTVAN8dV-LSg7g==/lib/arm/libnssckbi.so: unhandled flags #8 not handled
01-12 21:42:51.814 27665 27826 W GeckoLinker: /data/app/org.mozilla.fenix.nightly-Lr9G6_iJvTVAN8dV-LSg7g==/lib/arm/libnssckbi.so: Relocation to NULL @0x00052ffc for symbol "__cxa_type_match"
01-12 21:42:51.961 27665 27696 W ResourceType: Too many attribute references, stopped at: 0x01010099
01-12 21:42:52.420 27665 27665 D App     : Installed browser-icons extension
01-12 21:42:52.681 27665 27665 D mozac-webcompat: Installed WebCompat webextension: webcompat@mozilla.com
01-12 21:42:55.397 27849 27849 D AndroidRuntime: >>>>>> START com.android.internal.os.RuntimeInit uid 2000 <<<<<<
01-12 21:42:55.410 27849 27849 W app_process: Could not reserve sentinel fault page
01-12 21:42:55.576 27849 27849 I app_process: The ClassLoaderContext is a special shared library.
01-12 21:42:55.644 27849 27849 D AndroidRuntime: Calling main entry com.android.commands.input.Input
01-12 21:42:55.645 27849 27849 I Input   : injectKeyEvent: KeyEvent { action=ACTION_DOWN, keyCode=KEYCODE_HOME, scanCode=0, metaState=0, flags=0x0, repeatCount=0, eventTime=11330604372, downTime=11330604372, deviceId=-1, source=0x101 }
01-12 21:42:55.655 27849 27849 I Input   : injectKeyEvent: KeyEvent { action=ACTION_UP, keyCode=KEYCODE_HOME, scanCode=0, metaState=0, flags=0x0, repeatCount=0, eventTime=11330604372, downTime=11330604372, deviceId=-1, source=0x101 }
01-12 21:42:55.662  1456  1941 I ActivityManager: START u0 {act=android.intent.action.MAIN cat=[android.intent.category.HOME] flg=0x10200000 cmp=com.android.launcher3/.CustomizationPanelLauncher (has extras)} from uid 1000
01-12 21:42:55.662   794   839 E ANDR-PERF-RESOURCEQS: Failed to apply optimization [4, 0]
01-12 21:42:55.674  1456  1941 I ActivityManager: moveHomeStack, setupComplete:true
01-12 21:42:55.679 15912 15946 I OpenGLRenderer: Initialized EGL, version 1.4
01-12 21:42:55.679 15912 15946 D OpenGLRenderer: Swap behavior 2
01-12 21:42:55.685 27849 27849 D AndroidRuntime: Shutting down VM
01-12 21:42:55.696  2748  2748 D Launcher.Utilities: Wakeup weather: Intent { act=com.motorola.launcher3.action.WAKEUP_WEATHER cmp=com.motorola.timeweatherwidget/com.motorola.commandcenter.weather.WakeUpService }
01-12 21:42:55.714  1456  1456 I NotificationService: Cannot find enqueued record for key: 0|com.motorola.timeweatherwidget|1|null|10116
01-12 21:42:55.720   808   808 D SurfaceFlinger: duplicate layer name: changing com.android.launcher3/com.android.launcher3.CustomizationPanelLauncher to com.android.launcher3/com.android.launcher3.CustomizationPanelLauncher#1
01-12 21:42:55.730 15912 15940 W ThreadPoolDumper: Queue length for executor EventBus is now 11. Perhaps some tasks are too long, or the pool is too small.
01-12 21:42:55.731  1456 10736 I WifiService: getWifiEnabledState uid=10073
01-12 21:42:55.746  1456  2916 I WifiService: getWifiEnabledState uid=10073
01-12 21:42:55.780 15912 15950 I MicroDetectionState: Should stop hotword detection immediately - false
01-12 21:42:55.784 15912 15950 I MicroDetectionWorker: #startMicroDetector [speakerMode: 0]
01-12 21:42:55.786 15912 15950 I AudioController: Created new AudioSource
01-12 21:42:55.810  1456  1673 I LaunchCheckinHandler: Displayed com.android.launcher3/.CustomizationPanelLauncher,wp,wa,148
01-12 21:42:55.811 15912 15949 I MicroDataManager: isInitializedWithLatestParams-true
01-12 21:42:55.811 15912 15949 I MicroDataManager: isInitializing-false locale not changed-true model not changed-true
01-12 21:42:55.811 15912 15949 I MicroDataManager: Already initialized, obtaining the hotword data immediately.
01-12 21:42:55.816 15912 11573 I MicroRecognitionRunner: Starting detection.
01-12 21:42:55.816 15912 11573 I InputStreamUtils: Using micInputStream
01-12 21:42:55.817 15912 27021 I MicrophoneInputStream: mic_starting  SR : 16000 CC : 16 SO : 1999
01-12 21:42:55.823   788  1479 V msm8974_platform: platform_check_input_mask: enter check_input_mask source 6 mask 10
01-12 21:42:55.826  1012 27863 I AudioFlinger: AudioFlinger's thread 0xb2483b40 tid=27863 ready to run
01-12 21:42:55.830   788  1479 D audio_hw_primary: in_set_parameters: enter: kvpairs=input_source=6;routing=-2147483644
01-12 21:42:55.831  1012  1302 D APM_AudioPolicyManager: AudioPolicyManager::startInput() input 94718, session 94785, source = 1999
01-12 21:42:55.831 15912 27021 I MicrophoneInputStream: mic_started  SR : 16000 CC : 16 SO : 1999
01-12 21:42:55.832   788 27864 V msm8974_platform: platform_update_usecase_from_source: input source :6
01-12 21:42:55.833   788 27864 V msm8974_platform: platform_check_input_mask: enter check_input_mask source 6 mask 10
01-12 21:42:55.833   788 27864 V msm8974_platform: platform_get_input_snd_device: enter: out_device(0) in_device(0x4) channel_count (1) channel_mask (0x10)
01-12 21:42:55.833   788 27864 V msm8974_platform: platform_get_input_snd_device: exit: in_snd_device(voice-rec-mic)
01-12 21:42:55.833   788 27864 V msm8974_platform: platform_get_backend_index:napb: backend port - 5 device - 120 
01-12 21:42:55.833   788 27864 V msm8974_platform: platform_check_and_set_capture_backend_cfg:txbecf: afe: bitwidth 0, samplerate 0, channel 1, backend_idx 5 usecase = 9 device (voice-rec-mic)
01-12 21:42:55.833   788 27864 V msm8974_platform: platform_check_capture_backend_cfg:txbecf: afe: Codec selected backend: 5 current bit width: 0 and sample rate: 0, channels 1
01-12 21:42:55.833   788 27864 V msm8974_platform: platform_check_capture_backend_cfg:txbecf: afe: Codec selected backend: 5 updated bit width: 0 and sample rate: 0
01-12 21:42:55.833   788 27864 I msm8974_platform: platform_check_capture_backend_cfg:txbecf: afe: Codec backend needs to be updated. new bit width: 0 new sample rate: 0 new channel: 1
01-12 21:42:55.833   788 27864 V msm8974_platform: platform_get_backend_index:napb: backend port - 5 device - 120 
01-12 21:42:55.833   788 27864 V msm8974_platform: platform_set_backend_cfg:becf: afe: bitwidth 0, samplerate 0 channels 1, backend_idx 5 device (voice-rec-mic)
01-12 21:42:55.833   788 27864 E msm8974_platform: platform_set_backend_cfg:becf: afe: Could not get ctl for mixer command - SLIM_0_TX Format
01-12 21:42:55.833   788 27864 V msm8974_platform: platform_send_audio_calibration: sending audio calibration for snd_device(120) acdb_id(62)
01-12 21:42:55.833   788 27864 D ACDB-LOADER: ACDB -> send_audio_cal, acdb_id = 62, path = 1, app id = 0x11130, sample rate = 48000
01-12 21:42:55.833   788 27864 D ACDB-LOADER: ACDB -> send_asm_topology
01-12 21:42:55.834   788 27864 D ACDB-LOADER: ACDB -> ACDB_CMD_GET_AUDPROC_STREAM_TOPOLOGY_ID
01-12 21:42:55.834   788 27864 D ACDB-LOADER: ACDB -> send_adm_topology
01-12 21:42:55.834   788 27864 D ACDB-LOADER: ACDB -> ACDB_CMD_GET_AUDPROC_COMMON_TOPOLOGY_ID
01-12 21:42:55.834   788 27864 D ACDB-LOADER: ACDB -> send_audtable
01-12 21:42:55.834   788 27864 D ACDB-LOADER: ACDB -> ACDB_CMD_GET_AUDPROC_COMMON_TABLE_SIZE
01-12 21:42:55.834   788 27864 D ACDB-LOADER: ACDB -> ACDB_CMD_GET_AUDPROC_COMMON_TABLE
01-12 21:42:55.834   788 27864 D ACDB-LOADER: ACDB -> AUDIO_SET_AUDPROC_CAL
01-12 21:42:55.834   788 27864 D ACDB-LOADER: ACDB -> send_audvoltable
01-12 21:42:55.834   788 27864 D ACDB-LOADER: ACDB -> ACDB_CMD_GET_AUDPROC_VOL_STEP_TABLE_SIZE
01-12 21:42:55.834   788 27864 D ACDB-LOADER: ACDB -> ACDB_CMD_GET_AUDPROC_GAIN_DEP_STEP_TABLE, vol index 0
01-12 21:42:55.834   788 27864 D         : Failed to fetch the lookup information of the device 0000003E 
01-12 21:42:55.834   788 27864 D ACDB-LOADER: ACDB -> AUDIO_SET_VOL_CAL cal type = 12
01-12 21:42:55.834   788 27864 D ACDB-LOADER: ACDB -> ACDB_CMD_GET_AUDPROC_STREAM_TABLE_SIZE
01-12 21:42:55.834   788 27864 D ACDB-LOADER: ACDB -> send_audstrmtable
01-12 21:42:55.834   788 27864 D ACDB-LOADER: ACDB -> ACDB_CMD_GET_AUDPROC_STREAM_TABLE_V2
01-12 21:42:55.834   788 27864 D ACDB-LOADER: ACDB -> audstrm_cal->cal_type.cal_data.cal_size = 456
01-12 21:42:55.834   788 27864 D ACDB-LOADER: ACDB -> send_afe_topology
01-12 21:42:55.834   788 27864 D ACDB-LOADER: ACDB -> ACDB_CMD_GET_AFE_TOPOLOGY_ID
01-12 21:42:55.834   788 27864 D ACDB-LOADER: ACDB -> GET_AFE_TOPOLOGY_ID for adcd_id 62, Topology Id 112fb
01-12 21:42:55.834   788 27864 D ACDB-LOADER: ACDB -> send_afe_cal
01-12 21:42:55.834   788 27864 D ACDB-LOADER: ACDB -> ACDB_CMD_GET_AFE_COMMON_TABLE_SIZE
01-12 21:42:55.834   788 27864 D         : Failed to fetch the lookup information of the device 0000003E 
01-12 21:42:55.834   788 27864 E ACDB-LOADER: Error: ACDB_CMD_GET_AFE_COMMON_TABLE_SIZE Returned = -19
01-12 21:42:55.834   788 27864 D ACDB-LOADER: ACDB -> ACDB_CMD_GET_AFE_COMMON_TABLE
01-12 21:42:55.835   788 27864 D         : Failed to fetch the lookup information of the device 0000003E 
01-12 21:42:55.835   788 27864 D ACDB-LOADER: ACDB -> AUDIO_SET_AFE_CAL
01-12 21:42:55.835   788 27864 D ACDB-LOADER: ACDB -> send_hw_delay : acdb_id = 62 path = 1
01-12 21:42:55.835   788 27864 D ACDB-LOADER: ACDB -> ACDB_AVSYNC_INFO: ACDB_CMD_GET_DEVICE_PROPERTY
01-12 21:42:55.835   788 27864 D audio_hw_primary: enable_snd_device: snd_device(120: voice-rec-mic)
01-12 21:42:55.835   788 27864 D audio_route: Apply path: voice-rec-mic
01-12 21:42:55.838   788 27864 V msm8974_platform: platform_get_snd_device_backend_index: enter with device 120
01-12 21:42:55.838   788 27864 E msm8974_platform: platform_get_snd_device_backend_index: BE DAI Name Table is not present
01-12 21:42:55.838   788 27864 V msm8974_platform: platform_get_backend_index:napb: backend port - 5 device - 120 
01-12 21:42:55.838   788 27864 I audio_hw_utils: Set Audio Stream Capture 0 App Type Cfg: app_type 69936, acdb_dev_id 62, sample_rate 48000, snd_device_be_idx -14
01-12 21:42:55.838   788 27864 D audio_hw_primary: enable_audio_route: usecase(9) apply and update mixer path: audio-record
01-12 21:42:55.838   788 27864 D audio_route: Apply path: audio-record
01-12 21:42:55.908 15912 15950 I MicroDetectionWorker: onReady
01-12 21:42:55.941  2146  2165 I zygote  : NativeAlloc concurrent copying GC freed 10453(619KB) AllocSpace objects, 0(0B) LOS objects, 49% free, 8MB/17MB, paused 161us total 116.496ms
01-12 21:42:56.208  1456  7796 I OpenGLRenderer: Initialized EGL, version 1.4
01-12 21:42:56.208  1456  7796 D OpenGLRenderer: Swap behavior 2
01-12 21:42:56.256  2748  2917 W OpenGLRenderer: Incorrectly called buildLayer on View: ShortcutAndWidgetContainer, destroying layer...
01-12 21:42:56.368 27665 27665 D GeckoRuntime: Lifecycle: onPause
01-12 21:42:56.368 27665 27665 D GeckoNetworkManager: Incoming event stop for state OnWithListeners -> OffWithListeners
01-12 21:42:56.369 27665 27665 I SessionStorage/AutoSave: Save: Background
01-12 21:42:56.371 27665 27688 D SessionStorage/AutoSave: Saved state to disk [0ms]
01-12 21:42:56.374 27665 27776 I libglean_ffi: glean_core::ping: Collecting baseline
01-12 21:42:56.378 27665 27776 D libglean_ffi: glean_core::ping: Storing ping 'c5ef1970-960b-46d0-92ff-1f41c807dffd' at '/data/user/0/org.mozilla.fenix.nightly/glean_data/pending_pings/c5ef1970-960b-46d0-92ff-1f41c807dffd'
01-12 21:42:56.379 27665 27776 I libglean_ffi: glean_core: The ping 'baseline' was submitted and will be sent as soon as possible
01-12 21:42:56.379 27665 27776 I libglean_ffi: glean_core::ping: Collecting events
01-12 21:42:56.381 27665 27776 D libglean_ffi: glean_core::ping: Storing ping 'd725bf7e-8acf-4595-ac90-64f74d4fbf80' at '/data/user/0/org.mozilla.fenix.nightly/glean_data/pending_pings/d725bf7e-8acf-4595-ac90-64f74d4fbf80'
01-12 21:42:56.382 27665 27776 I libglean_ffi: glean_core: The ping 'events' was submitted and will be sent as soon as possible
01-12 21:42:56.410  1456  5050 D ConnectivityService: requestNetwork for uid/pid:10737/27665 NetworkRequest [ TRACK_DEFAULT id=19567, [ Capabilities: INTERNET&NOT_RESTRICTED&TRUSTED&NOT_VPN] ]
01-12 21:42:56.411  1456  2099 D Ethernet: got request NetworkRequest [ TRACK_DEFAULT id=19567, [ Capabilities: INTERNET&NOT_RESTRICTED&TRUSTED&NOT_VPN] ] with score 60
01-12 21:42:56.411  1456  2054 D WIFI_UT : got request NetworkRequest [ TRACK_DEFAULT id=19567, [ Capabilities: INTERNET&NOT_RESTRICTED&TRUSTED&NOT_VPN] ] with score 60
01-12 21:42:56.411  1456  2054 D WIFI    : got request NetworkRequest [ TRACK_DEFAULT id=19567, [ Capabilities: INTERNET&NOT_RESTRICTED&TRUSTED&NOT_VPN] ] with score 60
01-12 21:42:56.412  2398  2398 D PhoneSwitcherNetworkRequstListener: got request NetworkRequest [ TRACK_DEFAULT id=19567, [ Capabilities: INTERNET&NOT_RESTRICTED&TRUSTED&NOT_VPN] ] with score 60
01-12 21:42:56.425 27665 27866 D glean/PingUploadWorker: Processing persisted pings at /data/user/0/org.mozilla.fenix.nightly/glean_data/pending_pings
01-12 21:42:56.427 27665 27866 D glean/PingUploadWorker: Processing ping: c5ef1970-960b-46d0-92ff-1f41c807dffd
01-12 21:42:56.430 27665 27866 D glean/ConceptFetchHttpUploader: Submitting ping to: https://incoming.telemetry.mozilla.org/submit/org-mozilla-fenix-nightly/baseline/1/c5ef1970-960b-46d0-92ff-1f41c807dffd
01-12 21:42:56.750 27665 27866 D glean/ConceptFetchHttpUploader: Ping successfully sent (200)
01-12 21:42:56.750 27665 27866 D glean/PingUploadWorker: c5ef1970-960b-46d0-92ff-1f41c807dffd was deleted: true
01-12 21:42:56.751 27665 27866 D glean/PingUploadWorker: Processing ping: d725bf7e-8acf-4595-ac90-64f74d4fbf80
01-12 21:42:56.752 27665 27866 D glean/ConceptFetchHttpUploader: Submitting ping to: https://incoming.telemetry.mozilla.org/submit/org-mozilla-fenix-nightly/events/1/d725bf7e-8acf-4595-ac90-64f74d4fbf80
01-12 21:42:56.920 27665 27866 D glean/ConceptFetchHttpUploader: Ping successfully sent (200)
01-12 21:42:56.920 27665 27866 D glean/PingUploadWorker: d725bf7e-8acf-4595-ac90-64f74d4fbf80 was deleted: true
01-12 21:42:56.924 27665 27684 I WM-WorkerWrapper: Worker result SUCCESS for Work [ id=f20a69fb-d1f1-45fa-a174-5ae223a2a654, tags={ mozilla.telemetry.glean.scheduler.PingUploadWorker, mozac_service_glean_ping_upload_worker } ]
01-12 21:42:56.928  1456  2067 D ConnectivityService: releasing NetworkRequest [ TRACK_DEFAULT id=19567, [ Capabilities: INTERNET&NOT_RESTRICTED&TRUSTED&NOT_VPN] ] (release request)
01-12 21:42:56.945  2398  2398 D QtiCarrierConfigHelper: WARNING, no carrier configs on phone Id: 0
01-12 21:42:56.961   769  1892 I MotoSensors: Sensorhub hal setDelay: 1 - 20
01-12 21:42:56.961   769  1892 I MotoSensors: Sensorhub hal setdelay: 1 - 20
01-12 21:42:56.962   769  1892 I MotoSensors: HubSensors::updateAccelRate 200
01-12 21:42:56.962   769  1892 I MotoSensors: Sensorhub hal enable: 1 - 1
01-12 21:42:56.962   769  1892 I MotoSensors: HubSensors::updateAccelRate 20
01-12 21:42:57.490   769   769 I MotoSensors: Sensorhub hal enable: 1 - 0
01-12 21:43:00.185   808   808 I SFPerfTracer:      triggers: (rate: 50:371781) (compose: 0:6) (post: 0:13) (render: 0:10) (3:3356426 frames) (4:4610215)
01-12 21:43:00.186   808   808 D SFPerfTracer:        layers: (4:13) (NavigationBar#0 (0xb07df000): 0:420991) (StatusBar#0 (0xb07e3000): 3:1201780) (com.android.systemui.ImageWallpaper#0 (0xb07e7000): 0:35086) (Sprite#0 (0xb0733000): 0:317)* (DimLayerController/Stack=0#0 (0xb075a000): 0:3589)* (Sprite#1 (0xb077c000): 0:195)* (animation background stackId=1#0 (0xb039b000): 0:56)* (com.android.launcher3/com.android.launcher3.CustomizationPanelLauncher#0 (0xb0763000): 0:41)- (com.android.launcher3/com.android.launcher3.CustomizationPanelLauncher#1 (0xb0771000): 0:11)- (Splash Screen org.mozilla.fenix.nightly#0 (0xb0384000): 0:30)- (org.mozilla.fenix.nightly/org.mozilla.fenix.HomeActivity#0 (0xb0264000): 0:46)- (com.android.launcher3/com.android.launcher3.CustomizationPanelLauncher#0 (0xb0763000): 0:36)* (com.android.launcher3/com.android.launcher3.CustomizationPanelLauncher#1 (0xb0771000): 4:11) 
01-12 21:43:00.851  1456  5050 I ActivityManager: Force stopping org.mozilla.fenix.nightly appid=10737 user=0: from pid 27871
01-12 21:43:00.851  1456  5050 I ActivityManager: Killing 27665:org.mozilla.fenix.nightly/u0a737 (adj 700): stop org.mozilla.fenix.nightly
01-12 21:43:00.853  1456  1605 W zygote  : kill(-27665, 9) failed: No such process
01-12 21:43:00.855  1456  5050 W ActivityManager: Force removing ActivityRecord{ca679e2 u0 org.mozilla.fenix.nightly/org.mozilla.fenix.HomeActivity t18452}: app died, no saved state
01-12 21:43:00.855 27707 27707 I ServiceChildProcess: Service has been unbound. Stopping.
01-12 21:43:00.863  1456  5050 I ActivityManager: Killing 27707:org.mozilla.fenix.nightly:tab/u0a737 (adj 0): stop org.mozilla.fenix.nightly
01-12 21:43:00.869 26823 26823 D GeckoMemoryMonitor: onTrimMemory() notification received with level 15
01-12 21:43:00.869 26823 26823 D GeckoMemoryMonitor: increasing memory pressure to 4
01-12 21:43:00.871  1456  1605 W zygote  : kill(-27665, 9) failed: No such process
01-12 21:43:00.872 26068 26068 I AppBase : onTrimMemory(): 15
01-12 21:43:00.873 26068 26068 I GoogleInputMethodService: onTrimMemory(): 15
01-12 21:43:00.880  2398  2398 D CarrierSvcBindHelper: No carrier app for: 0
01-12 21:43:00.881  2398  2398 D CarrierSvcBindHelper: No carrier app for: 1
01-12 21:43:00.886  1456  1605 W zygote  : kill(-27665, 9) failed: No such process
01-12 21:43:00.933  1456  1605 I chatty  : uid=1000(system) ActivityManager identical 3 lines
01-12 21:43:00.937  1456  1673 W ActivityManager: setHasOverlayUi called on unknown pid: 27665
01-12 21:43:00.946  1456  1605 W zygote  : kill(-27665, 9) failed: No such process
01-12 21:43:00.946  1456  1605 I zygote  : Successfully killed process cgroup uid 10737 pid 27665 in 93ms
01-12 21:43:00.947  1456  1605 W zygote  : kill(-27707, 9) failed: No such process
01-12 21:43:00.947  1456  1605 I zygote  : Successfully killed process cgroup uid 10737 pid 27707 in 0ms
01-12 21:43:00.973  1456  2916 I ActivityManager: START u0 {act=android.intent.action.MAIN cat=[android.intent.category.LAUNCHER] flg=0x10000000 cmp=org.mozilla.fenix.nightly/org.mozilla.fenix.HomeActivity} from uid 2000
01-12 21:43:00.975   794   839 E ANDR-PERF-RESOURCEQS: Failed to apply optimization [4, 0]
01-12 21:43:00.992  1456  5031 I ActivityManager: Start proc 27878:org.mozilla.fenix.nightly/u0a737 for activity org.mozilla.fenix.nightly/org.mozilla.fenix.HomeActivity
01-12 21:43:01.014  1456  7796 I OpenGLRenderer: Initialized EGL, version 1.4
01-12 21:43:01.014  1456  7796 D OpenGLRenderer: Swap behavior 2
01-12 21:43:01.042  1456  2916 W ActivityManager: getTaskSnapshot: taskId=18452 not found
01-12 21:43:01.084 15912 15950 I MicroDetectionState: Should stop hotword detection immediately - false
01-12 21:43:01.084 15912 15950 I MicroDetector: Keeping mic open: false
01-12 21:43:01.084 15912 15950 I RecognitionAudioControl: #shutdownAudio [requestId: 5212783652025419820, keepAudioOpen: false, forced: true]
01-12 21:43:01.084 15912  8086 E DeviceStateChecker: DeviceStateChecker cancelled
01-12 21:43:01.085 15912 15950 I RecognitionAudioControl: #internalShutdownAudio [requestId: 5212783652025419820]
01-12 21:43:01.085 15912 15950 I RecognitionAudioControl: #internalShutdownAudio [keepAudioOpen: false, forced: true]
01-12 21:43:01.085 15912 15950 I RecognitionAudioControl: #actualShutdownAudio
01-12 21:43:01.085 15912 15950 I AudioController: #shutdown [requestId=5212783652025419820]
01-12 21:43:01.085 15912 15937 I AudioController: internalShutdown
01-12 21:43:01.086 15912 15951 I MicroRecognitionRunner: Stopping hotword detection.
01-12 21:43:01.128   788  1479 D audio_hw_primary: disable_audio_route: usecase(9) reset and update mixer path: audio-record
01-12 21:43:01.129   788  1479 D audio_hw_primary: disable_snd_device: snd_device(120: voice-rec-mic)
01-12 21:43:01.130  1012 10158 D APM_AudioPolicyManager: stopInput() input 94718, session 94785
01-12 21:43:01.132   788  1401 D audio_hw_primary: in_set_parameters: enter: kvpairs=routing=0
01-12 21:43:01.134 15912 15937 I MicrophoneInputStream: mic_close  SR : 16000 CC : 16 SO : 1999
01-12 21:43:01.135 15912 15937 E AudioSource: Stop listening is called on already closed AudioSource
01-12 21:43:01.136 15912 11573 I MicroRecognitionRunner: Detection finished
01-12 21:43:01.166 27878 27878 D FirebaseApp: com.google.firebase.auth.FirebaseAuth is not linked. Skipping initialization.
01-12 21:43:01.167 27878 27878 D FirebaseApp: com.google.firebase.crash.FirebaseCrash is not linked. Skipping initialization.
01-12 21:43:01.168 27878 27878 I FirebaseInitProvider: FirebaseApp initialization successful
01-12 21:43:01.239 27878 27901 D RustNativeSupport: findMegazordLibraryName(viaduct, 0.48.1
01-12 21:43:01.239 27878 27901 D RustNativeSupport: lib in use: none
01-12 21:43:01.239 27878 27901 D RustNativeSupport: lib configured: fenix
01-12 21:43:01.239 27878 27901 D RustNativeSupport: lib version configured: 0.48.1
01-12 21:43:01.239 27878 27901 D RustNativeSupport: settled on fenix
01-12 21:43:01.240 27878 27896 I FA      : Collection disabled with firebase_analytics_collection_enabled=0
01-12 21:43:01.241 27878 27896 I FA      : App measurement is starting up, version: 12780
01-12 21:43:01.241 27878 27896 I FA      : To enable debug logging run: adb shell setprop log.tag.FA VERBOSE
01-12 21:43:01.242 27878 27896 I FA      : To enable faster debug mode event logging run:
01-12 21:43:01.242 27878 27896 I FA      :   adb shell setprop debug.firebase.analytics.app org.mozilla.fenix.nightly
01-12 21:43:01.269 27878 27901 D RustNativeSupport: findMegazordLibraryName(rustlog, 0.48.1
01-12 21:43:01.269 27878 27901 D RustNativeSupport: lib in use: none
01-12 21:43:01.269 27878 27901 D RustNativeSupport: lib configured: fenix
01-12 21:43:01.269 27878 27901 D RustNativeSupport: lib version configured: 0.48.1
01-12 21:43:01.269 27878 27901 D RustNativeSupport: settled on fenix
01-12 21:43:01.272 27878 27901 I rc_log_ffi::ios: rc_log adapter initialized!
01-12 21:43:01.297 27878 27878 D GeckoThread: State changed to LAUNCHED
01-12 21:43:01.298 27878 27908 I GeckoThread: preparing to run Gecko
01-12 21:43:01.306 27878 27878 D GeckoRuntime: Lifecycle: onCreate
01-12 21:43:01.306 27878 27908 D GeckoThread: State changed to MOZGLUE_READY
01-12 21:43:01.319 27878 27878 I zygote  : Deoptimizing java.lang.Object androidx.collection.SimpleArrayMap.put(java.lang.Object, java.lang.Object) due to JIT inline cache
01-12 21:43:01.319 27878 27908 W Settings: Setting animator_duration_scale has moved from android.provider.Settings.System to android.provider.Settings.Global, returning read-only global URI.
01-12 21:43:01.320 27878 27908 E GeckoLibLoad: Load sqlite start
01-12 21:43:01.326 27878 27901 D App     : Bucket is 59
01-12 21:43:01.328 27878 27901 D App     : Experiments active: {asFeatureSyncDisabled=false}
01-12 21:43:01.342 27878 27908 W GeckoLinker: /data/app/org.mozilla.fenix.nightly-Lr9G6_iJvTVAN8dV-LSg7g==/lib/arm/libnss3.so: unhandled flags #8 not handled
01-12 21:43:01.347 27878 27908 W GeckoLinker: /data/app/org.mozilla.fenix.nightly-Lr9G6_iJvTVAN8dV-LSg7g==/lib/arm/libnss3.so: Relocation to NULL @0x00130ffc for symbol "__cxa_type_match"
01-12 21:43:01.347 27878 27908 E GeckoLibLoad: Load sqlite done
01-12 21:43:01.348 27878 27908 E GeckoLibLoad: Load nss start
01-12 21:43:01.348 27878 27908 E GeckoLibLoad: Load nss done
01-12 21:43:01.348 27878 27908 W GeckoLinker: /data/app/org.mozilla.fenix.nightly-Lr9G6_iJvTVAN8dV-LSg7g==/lib/arm/libxul.so: unhandled flags #8 not handled
01-12 21:43:01.349 27878 27908 W GeckoLinker: /data/app/org.mozilla.fenix.nightly-Lr9G6_iJvTVAN8dV-LSg7g==/lib/arm/liblgpllibs.so: unhandled flags #8 not handled
01-12 21:43:01.380 27878 27878 W [WARNING][Leanplum]: [com.leanplum.internal.ActionManager::getLocationManager::8]: Geofencing support requires leanplum-location module and Google Play Services v8.1 and higher.
01-12 21:43:01.380 27878 27878 W [WARNING][Leanplum]: Add this to your build.gradle file:
01-12 21:43:01.380 27878 27878 W [WARNING][Leanplum]: implementation 'com.google.android.gms:play-services-location:8.3.0+'
01-12 21:43:01.380 27878 27878 W [WARNING][Leanplum]: implementation 'com.leanplum:leanplum-location:+'
01-12 21:43:01.384 27878 27908 E GeckoLibLoad: Loaded libs in 36.401097ms total, 23ms(80ms) user, 10ms(16ms) system, 0(0) faults
01-12 21:43:01.385 27878 27908 D GeckoThread: State changed to LIBS_READY
01-12 21:43:01.385 27878 27908 W GeckoThread: zerdatime 11411470059 - runGecko
01-12 21:43:01.389 27878 27908 D GeckoProfile: Loading profile at: null name: default
01-12 21:43:01.389 27878 27878 I [INFO][Leanplum]: [com.leanplum.monitoring.ExceptionHandler::setContext::6]: LeanplumExceptionHandler could not initialize Exception Reporting.This is expected if you have not included the leanplum-monitoring module
01-12 21:43:01.390 27878 27908 D GeckoProfile: Found profile dir: /data/user/0/org.mozilla.fenix.nightly/files/mozilla/1mkhhy37.default
01-12 21:43:01.405  1456  5031 I ActivityManager: Start proc 27919:org.mozilla.fenix.nightly:tab/u0a737 for service org.mozilla.fenix.nightly/org.mozilla.gecko.process.GeckoServiceChildProcess$tab
01-12 21:43:01.424 27878 27878 I FirefoxAccountStateMachine: Enabling/updating sync with a new SyncConfig: SyncConfig(supportedEngines=[mozilla.components.service.fxa.SyncEngine$History@e6d89e8, mozilla.components.service.fxa.SyncEngine$Bookmarks@6189801, mozilla.components.service.fxa.SyncEngine$Passwords@88f36a6], syncPeriodInMinutes=240)
01-12 21:43:01.430 27878 27878 I BgSyncManager: Periodic syncing enabled at a 240 interval
01-12 21:43:01.430 27878 27878 I FirefoxAccountStateMachine: Sync is enabled
01-12 21:43:01.431 27878 27878 D PushConfig: Creating push configuration for autopush.
01-12 21:43:01.438 27878 27937 D AutoPushFeature: Initializing native component with the cached token.
01-12 21:43:01.442 27878 27937 D RustNativeSupport: findMegazordLibraryName(push, 0.48.1
01-12 21:43:01.442 27878 27937 D RustNativeSupport: lib in use: none
01-12 21:43:01.442 27878 27937 D RustNativeSupport: lib configured: fenix
01-12 21:43:01.442 27878 27937 D RustNativeSupport: lib version configured: 0.48.1
01-12 21:43:01.442 27878 27937 D RustNativeSupport: settled on fenix
01-12 21:43:01.445 27878 27940 I FirefoxAccountStateMachine: Processing event Event$Init for state Start. Next state is Start
01-12 21:43:01.445 27878 27878 I App     : AutoPushFeature is configured, initializing it...
01-12 21:43:01.446 27878 27878 I AutoPushFeature: Checking validity of push subscriptions.
01-12 21:43:01.459 27878 27940 I FirefoxAccountStateMachine: Ran 'Event$Init' side-effects for state Start, got successive event Event$AccountNotFound
01-12 21:43:01.459 27878 27940 I FirefoxAccountStateMachine: Processing event Event$AccountNotFound for state Start. Next state is NotAuthenticated
01-12 21:43:01.462 27878 27940 D RustNativeSupport: findMegazordLibraryName(fxaclient, 0.48.1
01-12 21:43:01.463 27878 27940 D RustNativeSupport: lib in use: none
01-12 21:43:01.463 27878 27940 D RustNativeSupport: lib configured: fenix
01-12 21:43:01.463 27878 27940 D RustNativeSupport: lib version configured: 0.48.1
01-12 21:43:01.463 27878 27940 D RustNativeSupport: settled on fenix
01-12 21:43:01.466 27878 27940 D fxaclient_ffi: fxa_new
01-12 21:43:01.493 27878 27878 D PhoneWindow: Restoring navigation bar divider color to default value = 0x00000000
01-12 21:43:01.538 27919 27919 D GeckoThread: State changed to LAUNCHED
01-12 21:43:01.539 27919 27949 I GeckoThread: preparing to run Gecko
01-12 21:43:01.540 27878 27883 I zygote  : Do partial code cache collection, code=28KB, data=28KB
01-12 21:43:01.542 27878 27883 I zygote  : After code cache collection, code=26KB, data=28KB
01-12 21:43:01.542 27878 27883 I zygote  : Increasing code cache capacity to 128KB
01-12 21:43:01.587 27878 27878 D libglean_ffi: glean_ffi: Android logging should be hooked up!
01-12 21:43:01.589 27878 27878 I glean/Dispatchers: Task queued for execution and delayed until flushed
01-12 21:43:01.670 26823 26837 D AuthStateProvider: Verifying caller's signature:77eac4ceed36afefba76179931dd4cc195ab0cd54baf355d215e7bbdd28e402a
01-12 21:43:01.670 26823 26837 D AuthStateProvider: Success!
01-12 21:43:01.671 27878 27878 E ActivityThread: Failed to find provider info for org.mozilla.fennec_aurora.fxa.auth
01-12 21:43:01.740 27878 27878 D GeckoRuntime: Lifecycle: onStart
01-12 21:43:01.749 27878 27908 I Gecko:DumpUtils: Fifo watcher disabled via pref.
01-12 21:43:01.771 27878 27878 D GeckoRuntime: Lifecycle: onResume
01-12 21:43:01.772 27878 27940 W FirefoxAccountStateMachine: Got invalid event Event$Init for state NotAuthenticated.
01-12 21:43:01.773 27878 27878 D GeckoNetworkManager: Incoming event start for state OffNoListeners -> OnNoListeners
01-12 21:43:01.774 27878 27878 D GeckoNetworkManager: New network state: UP, WIFI, WIFI
01-12 21:43:01.775 27878 27914 D NetworkSecurityConfig: No Network Security Config specified, using platform default
01-12 21:43:01.801 27878 27908 D GeckoSysInfo: System memory: 1867MB.
01-12 21:43:01.803 27878 27908 D GeckoThread: State changed to JNI_READY
01-12 21:43:01.803 27878 27972 D OpenGLRenderer: HWUI GL Pipeline
01-12 21:43:01.814 27878 27878 I glean/Glean: Registering pings for org.mozilla.fenix.GleanMetrics.Pings
01-12 21:43:01.817 27878 27878 I glean/Glean: Registering pings for mozilla.telemetry.glean.GleanMetrics.Pings
01-12 21:43:01.831 27878 27878 I libglean_ffi: glean_core: Creating new Glean
01-12 21:43:01.831 27878 27878 D libglean_ffi: glean_core::database: Database path: "/data/user/0/org.mozilla.fenix.nightly/glean_data/db"
01-12 21:43:01.832 27878 27878 I libglean_ffi: glean_core::database: Database initialized
01-12 21:43:01.832 27878 27878 I libglean_ffi: glean_ffi: Glean initialized
01-12 21:43:01.848 27878 27878 D glean/MetricsPingSched: The 'metrics' ping was last sent on Sun Jan 12 00:00:00 EST 2020
01-12 21:43:01.849 27878 27878 I glean/MetricsPingSched: The 'metrics' ping was already sent today, Sun Jan 12 21:43:01 EST 2020.
01-12 21:43:01.849 27878 27878 D glean/MetricsPingSched: Scheduling the 'metrics' ping in 22618163ms
01-12 21:43:01.854 27878 27987 D libglean_ffi: glean_core: Clearing Lifetime::Application metrics
01-12 21:43:01.871 27878 27883 I zygote  : Do partial code cache collection, code=53KB, data=55KB
01-12 21:43:01.874 27878 27883 I zygote  : After code cache collection, code=53KB, data=55KB
01-12 21:43:01.874 27878 27883 I zygote  : Increasing code cache capacity to 256KB
01-12 21:43:01.894 27878 27878 I glean/Dispatchers: Initial tasks queue completed successfully
01-12 21:43:01.921 27878 27878 D App     : ActivationPing - already generated
01-12 21:43:01.929 27878 27878 D GeckoNetworkManager: Incoming event receivedUpdate for state OnNoListeners -> OnNoListeners
01-12 21:43:01.930 27878 27878 D GeckoNetworkManager: New network state: UP, WIFI, WIFI
01-12 21:43:01.931  1456  5031 I WifiService: getDhcpInfo uid=10737
01-12 21:43:01.996 27878 27878 I zygote  : Deoptimizing void androidx.constraintlayout.widget.ConstraintLayout$LayoutParams.resolveLayoutDirection(int) due to JIT inline cache
01-12 21:43:02.200 27878 27972 I Adreno  : QUALCOMM build                   : bb5b86c, I77d3059488
01-12 21:43:02.200 27878 27972 I Adreno  : Build Date                       : 06/07/18
01-12 21:43:02.200 27878 27972 I Adreno  : OpenGL ES Shader Compiler Version: EV031.22.00.01_06
01-12 21:43:02.200 27878 27972 I Adreno  : Local Branch                     : 
01-12 21:43:02.200 27878 27972 I Adreno  : Remote Branch                    : refs/tags/AU_LINUX_ANDROID_LA.UM.6.5.R1.08.01.00.312.086
01-12 21:43:02.200 27878 27972 I Adreno  : Remote Branch                    : NONE
01-12 21:43:02.200 27878 27972 I Adreno  : Reconstruct Branch               : NOTHING
01-12 21:43:02.201 27878 27972 D vndksupport: Loading /vendor/lib/hw/gralloc.msm8937.so from current namespace instead of sphal namespace.
01-12 21:43:02.204 27878 27883 I zygote  : Do full code cache collection, code=123KB, data=105KB
01-12 21:43:02.207 27878 27883 I zygote  : After code cache collection, code=77KB, data=47KB
01-12 21:43:02.211 27878 27972 I Adreno  : PFP: 0x005ff087, ME: 0x005ff063
01-12 21:43:02.219 27878 27972 I zygote  : android::hardware::configstore::V1_0::ISurfaceFlingerConfigs::hasWideColorDisplay retrieved: 0
01-12 21:43:02.220 27878 27972 I OpenGLRenderer: Initialized EGL, version 1.4
01-12 21:43:02.220 27878 27972 D OpenGLRenderer: Swap behavior 2
01-12 21:43:02.295 27878 27972 D vndksupport: Loading /vendor/lib/hw/android.hardware.graphics.mapper@2.0-impl.so from current namespace instead of sphal namespace.
01-12 21:43:02.296 27878 27972 D vndksupport: Loading /vendor/lib/hw/gralloc.msm8937.so from current namespace instead of sphal namespace.
01-12 21:43:02.316  1456  1673 I LaunchCheckinHandler: Displayed org.mozilla.fenix.nightly/org.mozilla.fenix.HomeActivity,cp,ca,1334
01-12 21:43:02.316  1456  1673 I ActivityManager: Displayed org.mozilla.fenix.nightly/org.mozilla.fenix.HomeActivity: +1s328ms
01-12 21:43:02.323 26823 26837 D AuthStateProvider: Verifying caller's signature:77eac4ceed36afefba76179931dd4cc195ab0cd54baf355d215e7bbdd28e402a
01-12 21:43:02.323 26823 26837 D AuthStateProvider: Success!
01-12 21:43:02.325 27878 27878 E ActivityThread: Failed to find provider info for org.mozilla.fennec_aurora.fxa.auth
01-12 21:43:02.380 27878 27908 I Gecko   : 1578883382376	addons.xpi	WARN	List of valid built-in add-ons could not be parsed.: [Exception... "Component returned failure code: 0x80520012 (NS_ERROR_FILE_NOT_FOUND) [nsIXPCComponents_Utils.readUTF8URI]"  nsresult: "0x80520012 (NS_ERROR_FILE_NOT_FOUND)"  location: "JS frame :: resource://gre/modules/addons/XPIProvider.jsm :: startup :: line 2366"  data: no] Stack trace: startup()@resource://gre/modules/addons/XPIProvider.jsm:2366
01-12 21:43:02.380 27878 27908 I Gecko   : callProvider()@resource://gre/modules/AddonManager.jsm:215
01-12 21:43:02.380 27878 27908 I Gecko   : _startProvider()@resource://gre/modules/AddonManager.jsm:586
01-12 21:43:02.380 27878 27908 I Gecko   : startup()@resource://gre/modules/AddonManager.jsm:810
01-12 21:43:02.380 27878 27908 I Gecko   : startup()@resource://gre/modules/AddonManager.jsm:3474
01-12 21:43:02.380 27878 27908 I Gecko   : observe()@resource://gre/modules/addonManager.js:87
01-12 21:43:02.383 26235 26235 I Finsky  : [2] puo.onTrimMemory(1): Memory trim requested to level 80
01-12 21:43:02.389 20319 20329 I zygote  : Background concurrent copying GC freed 102729(5MB) AllocSpace objects, 39(1740KB) LOS objects, 49% free, 9MB/18MB, paused 147us total 134.916ms
01-12 21:43:02.395 15912 15912 I MemoryTrimmer: Trimming objects from memory, since app is in the background.
01-12 21:43:02.403 15912 15950 E AudioSource: Stop listening is called on already closed AudioSource
01-12 21:43:02.406 15912 15912 I MemoryTrimmer: Trimming objects from memory, since app is in the background.
01-12 21:43:02.406 15912 27021 I PBSessionCacheImpl: Deleted sessionId[69983294687855823] from persistence.
01-12 21:43:02.411  1456  5797 I WifiService: getWifiEnabledState uid=10073
01-12 21:43:02.416 15912 15950 W SearchServiceCore: Abort, client detached.
01-12 21:43:02.416 15912 15950 I chatty  : uid=10073(com.google.android.googlequicksearchbox) EventBus0 identical 1 line
01-12 21:43:02.417 15912 15950 W SearchServiceCore: Abort, client detached.
01-12 21:43:02.554 27878 27908 D GeckoThread: State changed to PROFILE_READY
01-12 21:43:02.641 27878 27908 D GeckoThread: State changed to RUNNING
01-12 21:43:02.657 27878 27908 W GeckoEventDispatcher: No listener for AndroidCastDevice:SyncDevice
01-12 21:43:02.664 27878 27908 I Gecko   : -*- nsDNSServiceDiscovery.js : nsDNSServiceDiscovery
01-12 21:43:02.768 27878 27908 W ResourceType: Too many attribute references, stopped at: 0x01010099
01-12 21:43:02.816 27878 27908 I Gecko   : Attempting load of libEGL.so
01-12 21:43:03.020 27878 27878 D GeckoNetworkManager: Incoming event enableNotifications for state OnNoListeners -> OnWithListeners
01-12 21:43:03.021 27878 27878 D GeckoNetworkManager: New network state: UP, WIFI, WIFI
01-12 21:43:03.022 27878 27878 D GeckoNetworkManager: Incoming event receivedUpdate for state OnWithListeners -> OnWithListeners
01-12 21:43:03.023 27878 27878 D GeckoNetworkManager: New network state: UP, WIFI, WIFI
01-12 21:43:03.025 27878 27908 W GeckoLinker: /data/app/org.mozilla.fenix.nightly-Lr9G6_iJvTVAN8dV-LSg7g==/lib/arm/libsoftokn3.so: unhandled flags #8 not handled
01-12 21:43:03.026 27878 27908 W GeckoLinker: /data/app/org.mozilla.fenix.nightly-Lr9G6_iJvTVAN8dV-LSg7g==/lib/arm/libsoftokn3.so: Relocation to NULL @0x00026ffc for symbol "__cxa_type_match"
01-12 21:43:03.027 27878 27908 W GeckoLinker: /data/app/org.mozilla.fenix.nightly-Lr9G6_iJvTVAN8dV-LSg7g==/lib/arm/libfreebl3.so: unhandled flags #8 not handled
01-12 21:43:03.027 27878 27908 W GeckoLinker: /data/app/org.mozilla.fenix.nightly-Lr9G6_iJvTVAN8dV-LSg7g==/lib/arm/libfreebl3.so: Relocation to NULL @0x00041ffc for symbol "__cxa_type_match"
01-12 21:43:03.063 27878 28038 W GeckoLinker: /data/app/org.mozilla.fenix.nightly-Lr9G6_iJvTVAN8dV-LSg7g==/lib/arm/libnssckbi.so: unhandled flags #8 not handled
01-12 21:43:03.064 27878 28038 W GeckoLinker: /data/app/org.mozilla.fenix.nightly-Lr9G6_iJvTVAN8dV-LSg7g==/lib/arm/libnssckbi.so: Relocation to NULL @0x00052ffc for symbol "__cxa_type_match"
01-12 21:43:03.213 27878 27908 W ResourceType: Too many attribute references, stopped at: 0x01010099
01-12 21:43:03.674 27878 27878 D App     : Installed browser-icons extension
01-12 21:43:03.934 27878 27878 D mozac-webcompat: Installed WebCompat webextension: webcompat@mozilla.com
01-12 21:43:06.632 28063 28063 D AndroidRuntime: >>>>>> START com.android.internal.os.RuntimeInit uid 2000 <<<<<<
01-12 21:43:06.645 28063 28063 W app_process: Could not reserve sentinel fault page
01-12 21:43:06.810 28063 28063 I app_process: The ClassLoaderContext is a special shared library.
01-12 21:43:06.877 28063 28063 D AndroidRuntime: Calling main entry com.android.commands.input.Input
01-12 21:43:06.878 28063 28063 I Input   : injectKeyEvent: KeyEvent { action=ACTION_DOWN, keyCode=KEYCODE_HOME, scanCode=0, metaState=0, flags=0x0, repeatCount=0, eventTime=11330615606, downTime=11330615606, deviceId=-1, source=0x101 }
01-12 21:43:06.885 28063 28063 I Input   : injectKeyEvent: KeyEvent { action=ACTION_UP, keyCode=KEYCODE_HOME, scanCode=0, metaState=0, flags=0x0, repeatCount=0, eventTime=11330615606, downTime=11330615606, deviceId=-1, source=0x101 }
01-12 21:43:06.891  1456  1941 I ActivityManager: START u0 {act=android.intent.action.MAIN cat=[android.intent.category.HOME] flg=0x10200000 cmp=com.android.launcher3/.CustomizationPanelLauncher (has extras)} from uid 1000
01-12 21:43:06.892   794   839 E ANDR-PERF-RESOURCEQS: Failed to apply optimization [4, 0]
01-12 21:43:06.902  1456  1941 I ActivityManager: moveHomeStack, setupComplete:true
01-12 21:43:06.906 28063 28063 D AndroidRuntime: Shutting down VM
01-12 21:43:06.911 15912 15946 I OpenGLRenderer: Initialized EGL, version 1.4
01-12 21:43:06.911 15912 15946 D OpenGLRenderer: Swap behavior 2
01-12 21:43:06.929 26235 26235 I Finsky  : [2] puo.onTrimMemory(1): Memory trim requested to level 80
01-12 21:43:06.932  2748  2748 D Launcher.Utilities: Wakeup weather: Intent { act=com.motorola.launcher3.action.WAKEUP_WEATHER cmp=com.motorola.timeweatherwidget/com.motorola.commandcenter.weather.WakeUpService }
01-12 21:43:06.943  1456  1456 I NotificationService: Cannot find enqueued record for key: 0|com.motorola.timeweatherwidget|1|null|10116
01-12 21:43:06.949   808   808 D SurfaceFlinger: duplicate layer name: changing com.android.launcher3/com.android.launcher3.CustomizationPanelLauncher to com.android.launcher3/com.android.launcher3.CustomizationPanelLauncher#1
01-12 21:43:06.959 15912 15940 W ThreadPoolDumper: Queue length for executor EventBus is now 11. Perhaps some tasks are too long, or the pool is too small.
01-12 21:43:06.962  1456  2916 I WifiService: getWifiEnabledState uid=10073
01-12 21:43:06.972  1456  5031 I WifiService: getWifiEnabledState uid=10073
01-12 21:43:07.005 15912 15950 I MicroDetectionState: Should stop hotword detection immediately - false
01-12 21:43:07.009 15912 15950 I MicroDetectionWorker: #startMicroDetector [speakerMode: 0]
01-12 21:43:07.010 15912 15950 I AudioController: Created new AudioSource
01-12 21:43:07.032  1456  1673 I LaunchCheckinHandler: Displayed com.android.launcher3/.CustomizationPanelLauncher,wp,wa,140
01-12 21:43:07.033 15912 15951 I MicroDataManager: isInitializedWithLatestParams-true
01-12 21:43:07.033 15912 15951 I MicroDataManager: isInitializing-false locale not changed-true model not changed-true
01-12 21:43:07.034 15912 15951 I MicroDataManager: Already initialized, obtaining the hotword data immediately.
01-12 21:43:07.038 15912  8086 I MicroRecognitionRunner: Starting detection.
01-12 21:43:07.038 15912  8086 I InputStreamUtils: Using micInputStream
01-12 21:43:07.039 15912 27021 I MicrophoneInputStream: mic_starting  SR : 16000 CC : 16 SO : 1999
01-12 21:43:07.041   788  1401 V msm8974_platform: platform_check_input_mask: enter check_input_mask source 6 mask 10
01-12 21:43:07.043  1012 28077 I AudioFlinger: AudioFlinger's thread 0xb24835c0 tid=28077 ready to run
01-12 21:43:07.048   788  1401 D audio_hw_primary: in_set_parameters: enter: kvpairs=input_source=6;routing=-2147483644
01-12 21:43:07.049  1012  1390 D APM_AudioPolicyManager: AudioPolicyManager::startInput() input 94726, session 94793, source = 1999
01-12 21:43:07.050 15912 27021 I MicrophoneInputStream: mic_started  SR : 16000 CC : 16 SO : 1999
01-12 21:43:07.051   788 28078 V msm8974_platform: platform_update_usecase_from_source: input source :6
01-12 21:43:07.051   788 28078 V msm8974_platform: platform_check_input_mask: enter check_input_mask source 6 mask 10
01-12 21:43:07.051   788 28078 V msm8974_platform: platform_get_input_snd_device: enter: out_device(0) in_device(0x4) channel_count (1) channel_mask (0x10)
01-12 21:43:07.051   788 28078 V msm8974_platform: platform_get_input_snd_device: exit: in_snd_device(voice-rec-mic)
01-12 21:43:07.051   788 28078 V msm8974_platform: platform_get_backend_index:napb: backend port - 5 device - 120 
01-12 21:43:07.051   788 28078 V msm8974_platform: platform_check_and_set_capture_backend_cfg:txbecf: afe: bitwidth 0, samplerate 0, channel 1, backend_idx 5 usecase = 9 device (voice-rec-mic)
01-12 21:43:07.051   788 28078 V msm8974_platform: platform_check_capture_backend_cfg:txbecf: afe: Codec selected backend: 5 current bit width: 0 and sample rate: 0, channels 1
01-12 21:43:07.051   788 28078 V msm8974_platform: platform_check_capture_backend_cfg:txbecf: afe: Codec selected backend: 5 updated bit width: 0 and sample rate: 0
01-12 21:43:07.052   788 28078 I msm8974_platform: platform_check_capture_backend_cfg:txbecf: afe: Codec backend needs to be updated. new bit width: 0 new sample rate: 0 new channel: 1
01-12 21:43:07.052   788 28078 V msm8974_platform: platform_get_backend_index:napb: backend port - 5 device - 120 
01-12 21:43:07.052   788 28078 V msm8974_platform: platform_set_backend_cfg:becf: afe: bitwidth 0, samplerate 0 channels 1, backend_idx 5 device (voice-rec-mic)
01-12 21:43:07.052   788 28078 E msm8974_platform: platform_set_backend_cfg:becf: afe: Could not get ctl for mixer command - SLIM_0_TX Format
01-12 21:43:07.052   788 28078 V msm8974_platform: platform_send_audio_calibration: sending audio calibration for snd_device(120) acdb_id(62)
01-12 21:43:07.052   788 28078 D ACDB-LOADER: ACDB -> send_audio_cal, acdb_id = 62, path = 1, app id = 0x11130, sample rate = 48000
01-12 21:43:07.052   788 28078 D ACDB-LOADER: ACDB -> send_asm_topology
01-12 21:43:07.053   788 28078 D ACDB-LOADER: ACDB -> ACDB_CMD_GET_AUDPROC_STREAM_TOPOLOGY_ID
01-12 21:43:07.053   788 28078 D ACDB-LOADER: ACDB -> send_adm_topology
01-12 21:43:07.053   788 28078 D ACDB-LOADER: ACDB -> ACDB_CMD_GET_AUDPROC_COMMON_TOPOLOGY_ID
01-12 21:43:07.053   788 28078 D ACDB-LOADER: ACDB -> send_audtable
01-12 21:43:07.053   788 28078 D ACDB-LOADER: ACDB -> ACDB_CMD_GET_AUDPROC_COMMON_TABLE_SIZE
01-12 21:43:07.053   788 28078 D ACDB-LOADER: ACDB -> ACDB_CMD_GET_AUDPROC_COMMON_TABLE
01-12 21:43:07.053   788 28078 D ACDB-LOADER: ACDB -> AUDIO_SET_AUDPROC_CAL
01-12 21:43:07.053   788 28078 D ACDB-LOADER: ACDB -> send_audvoltable
01-12 21:43:07.053   788 28078 D ACDB-LOADER: ACDB -> ACDB_CMD_GET_AUDPROC_VOL_STEP_TABLE_SIZE
01-12 21:43:07.053   788 28078 D ACDB-LOADER: ACDB -> ACDB_CMD_GET_AUDPROC_GAIN_DEP_STEP_TABLE, vol index 0
01-12 21:43:07.053   788 28078 D         : Failed to fetch the lookup information of the device 0000003E 
01-12 21:43:07.053   788 28078 D ACDB-LOADER: ACDB -> AUDIO_SET_VOL_CAL cal type = 12
01-12 21:43:07.053   788 28078 D ACDB-LOADER: ACDB -> ACDB_CMD_GET_AUDPROC_STREAM_TABLE_SIZE
01-12 21:43:07.053   788 28078 D ACDB-LOADER: ACDB -> send_audstrmtable
01-12 21:43:07.053   788 28078 D ACDB-LOADER: ACDB -> ACDB_CMD_GET_AUDPROC_STREAM_TABLE_V2
01-12 21:43:07.053   788 28078 D ACDB-LOADER: ACDB -> audstrm_cal->cal_type.cal_data.cal_size = 456
01-12 21:43:07.053   788 28078 D ACDB-LOADER: ACDB -> send_afe_topology
01-12 21:43:07.053   788 28078 D ACDB-LOADER: ACDB -> ACDB_CMD_GET_AFE_TOPOLOGY_ID
01-12 21:43:07.053   788 28078 D ACDB-LOADER: ACDB -> GET_AFE_TOPOLOGY_ID for adcd_id 62, Topology Id 112fb
01-12 21:43:07.053   788 28078 D ACDB-LOADER: ACDB -> send_afe_cal
01-12 21:43:07.053   788 28078 D ACDB-LOADER: ACDB -> ACDB_CMD_GET_AFE_COMMON_TABLE_SIZE
