06-18 23:32:26.976 15309  5606 E DeviceStateChecker: DeviceStateChecker cancelled
06-18 23:32:26.977 15309 15357 I RecognitionAudioControl: #internalShutdownAudio [requestId: 4050643690373512819]
06-18 23:32:26.977 15309 15357 I RecognitionAudioControl: #internalShutdownAudio [keepAudioOpen: false, forced: true]
06-18 23:32:26.977 15309 15357 I RecognitionAudioControl: #actualShutdownAudio
06-18 23:32:26.977 15309 15357 I AudioController: #shutdown [requestId=4050643690373512819]
06-18 23:32:26.977 15309 15350 I AudioController: internalShutdown
06-18 23:32:26.977 15309 15349 I MicroRecognitionRunner: Stopping hotword detection.
06-18 23:32:27.010  7682  7682 I chatty  : uid=11423(org.mozilla.fennec_aurora) expire 28 lines
06-18 23:32:27.037   788  1479 D audio_hw_primary: disable_audio_route: usecase(9) reset and update mixer path: audio-record
06-18 23:32:27.040   788  1479 D audio_hw_primary: disable_snd_device: snd_device(120: voice-rec-mic)
06-18 23:32:27.042  1012 10158 D APM_AudioPolicyManager: stopInput() input 402166, session 402409
06-18 23:32:27.043   788   788 D audio_hw_primary: in_set_parameters: enter: kvpairs=routing=0
06-18 23:32:27.045 15309 15350 I MicrophoneInputStream: mic_close  SR : 16000 CC : 16 SO : 1999
06-18 23:32:27.046 15309 15350 E AudioSource: Stop listening is called on already closed AudioSource
06-18 23:32:27.046 15309 15350 I AudioController: Sending AudioStatusChangedBroadcast to :interactor. audioSourceType: NOT_SET, isActive: false
06-18 23:32:27.047 15309 30350 I MicroRecognitionRunner: Detection finished
06-18 23:32:27.058  7682  7700 I chatty  : uid=11423(org.mozilla.fennec_aurora) expire 4 lines
06-18 23:32:27.142  7682  7708 I chatty  : uid=11423(org.mozilla.fennec_aurora) expire 13 lines
06-18 23:32:27.162  7682  7707 I chatty  : uid=11423(org.mozilla.fennec_aurora) expire 11 lines
06-18 23:32:27.168  7682  7711 I chatty  : uid=11423(org.mozilla.fennec_aurora) expire 15 lines
06-18 23:32:27.180  7682  7714 I chatty  : uid=11423(org.mozilla.fennec_aurora) expire 1 line
06-18 23:32:27.235  7682  7719 I chatty  : uid=11423(org.mozilla.fennec_aurora) expire 6 lines
06-18 23:32:27.318  7682  7730 I chatty  : uid=11423(org.mozilla.fennec_aurora) expire 1 line
06-18 23:32:27.330  1456  5031 I ActivityManager: START u0 {act=android.intent.action.MAIN cat=[android.intent.category.LAUNCHER] flg=0x10000000 cmp=org.mozilla.fennec_aurora/org.mozilla.fenix.HomeActivity (has extras)} from uid 11423
06-18 23:32:27.358   808   808 D SurfaceFlinger: duplicate layer name: changing Splash Screen org.mozilla.fennec_aurora to Splash Screen org.mozilla.fennec_aurora#1
06-18 23:32:27.368  7682  7687 I chatty  : uid=11423(org.mozilla.fennec_aurora) expire 6 lines
06-18 23:32:27.388  1456  1473 I ActivityManager: Start proc 7761:org.mozilla.fennec_aurora:tab0/u0a1423 for service org.mozilla.fennec_aurora/org.mozilla.gecko.process.GeckoChildProcessServices$tab0
06-18 23:32:27.411  7682  7748 I chatty  : uid=11423(org.mozilla.fennec_aurora) expire 1 line
06-18 23:32:27.498  7761  7761 I chatty  : uid=11423(org.mozilla.fennec_aurora) expire 1 line
06-18 23:32:27.499  7761  7781 I chatty  : uid=11423(org.mozilla.fennec_aurora) expire 1 line
06-18 23:32:27.755  7682  7682 I chatty  : uid=11423(org.mozilla.fennec_aurora) expire 28 lines
06-18 23:32:27.764  7682  7789 I chatty  : uid=11423(org.mozilla.fennec_aurora) expire 10 lines
06-18 23:32:27.768  7682  7682 E ActivityThread: Failed to find provider info for org.mozilla.fennec_aurora.fxa.auth
06-18 23:32:27.808  7682  7707 I chatty  : uid=11423(org.mozilla.fennec_aurora) expire 12 lines
06-18 23:32:27.839  7682  7729 I chatty  : uid=11423(org.mozilla.fennec_aurora) expire 1 line
06-18 23:32:27.847  7682  7799 I chatty  : uid=11423(org.mozilla.fennec_aurora) expire 9 lines
06-18 23:32:27.880  1456  4829 I WifiService: getDhcpInfo uid=11423
06-18 23:32:27.889  7682  7711 I chatty  : uid=11423(org.mozilla.fennec_aurora) expire 4 lines
06-18 23:32:27.889  1456  2162 D ConnectivityService: requestNetwork for uid/pid:11423/7682 NetworkRequest [ TRACK_DEFAULT id=69935, [ Capabilities: INTERNET&NOT_RESTRICTED&TRUSTED&NOT_VPN] ]
06-18 23:32:27.890  1456  2099 D Ethernet: got request NetworkRequest [ TRACK_DEFAULT id=69935, [ Capabilities: INTERNET&NOT_RESTRICTED&TRUSTED&NOT_VPN] ] with score 60
06-18 23:32:27.890  1456  2054 D WIFI_UT : got request NetworkRequest [ TRACK_DEFAULT id=69935, [ Capabilities: INTERNET&NOT_RESTRICTED&TRUSTED&NOT_VPN] ] with score 60
06-18 23:32:27.890  1456  2054 D WIFI    : got request NetworkRequest [ TRACK_DEFAULT id=69935, [ Capabilities: INTERNET&NOT_RESTRICTED&TRUSTED&NOT_VPN] ] with score 60
06-18 23:32:27.891  2398  2398 D PhoneSwitcherNetworkRequstListener: got request NetworkRequest [ TRACK_DEFAULT id=69935, [ Capabilities: INTERNET&NOT_RESTRICTED&TRUSTED&NOT_VPN] ] with score 60
06-18 23:32:28.049  7682  7811 I chatty  : uid=11423(org.mozilla.fennec_aurora) expire 5 lines
06-18 23:32:28.050  1456  1673 I LaunchCheckinHandler: Displayed org.mozilla.fennec_aurora/org.mozilla.fenix.HomeActivity,wp,ca,656
06-18 23:32:28.050  1456  1673 I ActivityManager: Displayed org.mozilla.fennec_aurora/org.mozilla.fenix.HomeActivity: +647ms (total +1s164ms)
06-18 23:32:28.068 15309 15309 I MemoryTrimmer: Trimming objects from memory, since app is in the background.
06-18 23:32:28.073 15309 15357 E AudioSource: Stop listening is called on already closed AudioSource
06-18 23:32:28.075 15309 15355 E chromium: [ERROR:aw_gl_functor.cc(102)] Received unexpected kModeProcessNoContext
06-18 23:32:28.076 15309 15355 E libEGL  : call to OpenGL ES API with no current context (logged once per thread)
06-18 23:32:28.076 15309 15309 I MemoryTrimmer: Trimming objects from memory, since app is in the background.
06-18 23:32:28.080  1456  2162 I WifiService: getWifiEnabledState uid=10073
06-18 23:32:28.084 15309 15357 W SearchServiceCore: Abort, client detached.
06-18 23:32:28.084 15309 15357 I chatty  : uid=10073(com.google.android.googlequicksearchbox) EventBus0 identical 2 lines
06-18 23:32:28.086 15309 15357 W SearchServiceCore: Abort, client detached.
06-18 23:32:28.089 15309  5491 I PBSessionCacheImpl: Deleted sessionId[67331286385452990] from persistence.
06-18 23:32:28.115  7682  7682 E ActivityThread: Failed to find provider info for org.mozilla.fennec_aurora.fxa.auth
06-18 23:32:28.144  7682  7682 E ActivityThread: Failed to find provider info for org.mozilla.fennec_aurora.fxa.auth
06-18 23:32:28.348  7682  7687 I chatty  : uid=11423(org.mozilla.fennec_aurora) expire 5 lines
06-18 23:32:28.644   808   808 I SFPerfTracer:      triggers: (rate: 103:2299505) (compose: 0:8) (post: 0:22) (render: 0:20) (16:13096787 frames) (17:16641450)
06-18 23:32:28.645   808   808 D SFPerfTracer:        layers: (3:13) (NavigationBar#0 (0xb07df000): 0:1266052) (StatusBar#0 (0xb07e3000): 0:3030131) (com.android.systemui.ImageWallpaper#0 (0xb07e7000): 0:117263)* (Sprite#0 (0xb0733000): 0:317)* (DimLayerController/Stack=0#0 (0xb075a000): 0:4039)* (Sprite#1 (0xb077c000): 0:195)* (Sprite#2 (0xb039b000): 0:2)* (org.mozilla.fennec_aurora/org.mozilla.fenix.HomeActivity#0 (0xafd20000): 0:60)- (com.android.launcher3/com.android.launcher3.CustomizationPanelLauncher#0 (0xb0763000): 0:41)- (com.android.launcher3/com.android.launcher3.CustomizationPanelLauncher#1 (0xb0771000): 0:11)- (Splash Screen org.mozilla.fennec_aurora#0 (0xafd20000): 0:19)- (Splash Screen org.mozilla.fennec_aurora#1 (0xafdf0000): 0:31)- (org.mozilla.fennec_aurora/org.mozilla.fenix.HomeActivity#0 (0xafd20000): 16:30) 
06-18 23:32:28.798  7682  7701 I chatty  : uid=11423(org.mozilla.fennec_aurora) expire 1 line
06-18 23:32:28.803  1456  2067 D ConnectivityService: releasing NetworkRequest [ TRACK_DEFAULT id=69935, [ Capabilities: INTERNET&NOT_RESTRICTED&TRUSTED&NOT_VPN] ] (release request)
06-18 23:32:28.825  7682  7682 E ActivityThread: Failed to find provider info for org.mozilla.fennec_aurora.fxa.auth
06-18 23:32:28.914  7682  7837 I chatty  : uid=11423(org.mozilla.fennec_aurora) expire 1 line
06-18 23:32:29.019  7682  7710 I chatty  : uid=11423(org.mozilla.fennec_aurora) expire 26 lines
06-18 23:32:29.097  7682  7703 I chatty  : uid=11423(org.mozilla.fennec_aurora) expire 1 line
06-18 23:32:29.481  7682  7682 I chatty  : uid=11423(org.mozilla.fennec_aurora) identical 4 lines
06-18 23:32:29.487  7682  7682 E ActivityThread: Failed to find provider info for org.mozilla.fennec_aurora.fxa.auth
06-18 23:32:32.519  7868  7868 D AndroidRuntime: >>>>>> START com.android.internal.os.RuntimeInit uid 2000 <<<<<<
06-18 23:32:32.532  7868  7868 W app_process: Could not reserve sentinel fault page
06-18 23:32:32.697  7868  7868 I app_process: The ClassLoaderContext is a special shared library.
06-18 23:32:32.767  7868  7868 D AndroidRuntime: Calling main entry com.android.commands.input.Input
06-18 23:32:32.769  7868  7868 I Input   : injectKeyEvent: KeyEvent { action=ACTION_DOWN, keyCode=KEYCODE_HOME, scanCode=0, metaState=0, flags=0x0, repeatCount=0, eventTime=24610229378, downTime=24610229378, deviceId=-1, source=0x101 }
06-18 23:32:32.780  7868  7868 I Input   : injectKeyEvent: KeyEvent { action=ACTION_UP, keyCode=KEYCODE_HOME, scanCode=0, metaState=0, flags=0x0, repeatCount=0, eventTime=24610229378, downTime=24610229378, deviceId=-1, source=0x101 }
06-18 23:32:32.786  1456  1941 I ActivityManager: START u0 {act=android.intent.action.MAIN cat=[android.intent.category.HOME] flg=0x10200000 cmp=com.android.launcher3/.CustomizationPanelLauncher (has extras)} from uid 1000
06-18 23:32:32.787   794   839 E ANDR-PERF-RESOURCEQS: Failed to apply optimization [4, 0]
06-18 23:32:32.794  7868  7868 D AndroidRuntime: Shutting down VM
06-18 23:32:32.802  1456  5031 I ActivityManager: moveHomeStack, setupComplete:true
06-18 23:32:32.810 15309 15355 I OpenGLRenderer: Initialized EGL, version 1.4
06-18 23:32:32.811 15309 15355 D OpenGLRenderer: Swap behavior 2
06-18 23:32:32.826  2748  2748 D Launcher.Utilities: Wakeup weather: Intent { act=com.motorola.launcher3.action.WAKEUP_WEATHER cmp=com.motorola.timeweatherwidget/com.motorola.commandcenter.weather.WakeUpService }
06-18 23:32:32.834   808   808 D SurfaceFlinger: duplicate layer name: changing com.android.launcher3/com.android.launcher3.CustomizationPanelLauncher to com.android.launcher3/com.android.launcher3.CustomizationPanelLauncher#1
06-18 23:32:32.841  1456  1456 I NotificationService: Cannot find enqueued record for key: 0|com.motorola.timeweatherwidget|1|null|10116
06-18 23:32:32.865 15309 15333 W ThreadPoolDumper: Queue length for executor EventBus is now 11. Perhaps some tasks are too long, or the pool is too small.
06-18 23:32:32.867  1456  2162 I WifiService: getWifiEnabledState uid=10073
06-18 23:32:32.875  1456  2162 I WifiService: getWifiEnabledState uid=10073
06-18 23:32:32.926  1456  1673 I LaunchCheckinHandler: Displayed com.android.launcher3/.CustomizationPanelLauncher,wp,wa,140
06-18 23:32:32.931 15309 15309 I BgTaskExecutorImpl: Starting EXCLUSIVE background task TNG_MINUS_ONE_SYNC.
06-18 23:32:32.932 15309 15357 I MicroDetectionState: Should stop hotword detection immediately - false
06-18 23:32:32.933 15309 15337 E MDD     : DownloadProgressMonitor: Can't find file group for uri: android://com.google.android.googlequicksearchbox/files/sharedminusonemodule/shared/SharedMinusOneData.pb.tmp
06-18 23:32:32.936 15309 15357 I MicroDetectionWorker: #startMicroDetector [speakerMode: 0]
06-18 23:32:32.937 15309 15357 I AudioController: Created new AudioSource
06-18 23:32:32.942 15309 15351 I MicroDataManager: isInitializing-false locale not changed-true model not changed-true
06-18 23:32:32.942 15309 15351 I MicroDataManager: Already initialized, obtaining the hotword data immediately.
06-18 23:32:32.946 15309 15357 I TngMinusOneSync: Syncing TNG:-1
06-18 23:32:32.949 15309 28138 I MicroRecognitionRunner: Starting detection.
06-18 23:32:32.949 15309 28138 I InputStreamUtils: Using micInputStream
06-18 23:32:32.950 15309  8439 I MicrophoneInputStream: mic_starting  SR : 16000 CC : 16 SO : 1999
06-18 23:32:32.955   788  1479 V msm8974_platform: platform_check_input_mask: enter check_input_mask source 6 mask 10
06-18 23:32:32.960  1012  7883 I AudioFlinger: AudioFlinger's thread 0xb2483980 tid=7883 ready to run
06-18 23:32:32.968   788  1479 D audio_hw_primary: in_set_parameters: enter: kvpairs=input_source=6;routing=-2147483644
06-18 23:32:32.972  1012  1390 D APM_AudioPolicyManager: AudioPolicyManager::startInput() input 402174, session 402417, source = 1999
06-18 23:32:32.972 15309  8439 I MicrophoneInputStream: mic_started  SR : 16000 CC : 16 SO : 1999
06-18 23:32:32.974   788  7884 V msm8974_platform: platform_update_usecase_from_source: input source :6
06-18 23:32:32.974   788  7884 V msm8974_platform: platform_check_input_mask: enter check_input_mask source 6 mask 10
06-18 23:32:32.974   788  7884 V msm8974_platform: platform_get_input_snd_device: enter: out_device(0) in_device(0x4) channel_count (1) channel_mask (0x10)
06-18 23:32:32.974   788  7884 V msm8974_platform: platform_get_input_snd_device: exit: in_snd_device(voice-rec-mic)
06-18 23:32:32.974   788  7884 V msm8974_platform: platform_get_backend_index:napb: backend port - 5 device - 120 
06-18 23:32:32.974   788  7884 V msm8974_platform: platform_check_and_set_capture_backend_cfg:txbecf: afe: bitwidth 0, samplerate 0, channel 1, backend_idx 5 usecase = 9 device (voice-rec-mic)
06-18 23:32:32.974   788  7884 V msm8974_platform: platform_check_capture_backend_cfg:txbecf: afe: Codec selected backend: 5 current bit width: 0 and sample rate: 0, channels 1
06-18 23:32:32.974   788  7884 V msm8974_platform: platform_check_capture_backend_cfg:txbecf: afe: Codec selected backend: 5 updated bit width: 0 and sample rate: 0
06-18 23:32:32.974   788  7884 I msm8974_platform: platform_check_capture_backend_cfg:txbecf: afe: Codec backend needs to be updated. new bit width: 0 new sample rate: 0 new channel: 1
06-18 23:32:32.974   788  7884 V msm8974_platform: platform_get_backend_index:napb: backend port - 5 device - 120 
06-18 23:32:32.974   788  7884 V msm8974_platform: platform_set_backend_cfg:becf: afe: bitwidth 0, samplerate 0 channels 1, backend_idx 5 device (voice-rec-mic)
06-18 23:32:32.975   788  7884 E msm8974_platform: platform_set_backend_cfg:becf: afe: Could not get ctl for mixer command - SLIM_0_TX Format
06-18 23:32:32.975   788  7884 V msm8974_platform: platform_send_audio_calibration: sending audio calibration for snd_device(120) acdb_id(62)
06-18 23:32:32.975   788  7884 D ACDB-LOADER: ACDB -> send_audio_cal, acdb_id = 62, path = 1, app id = 0x11130, sample rate = 48000
06-18 23:32:32.975   788  7884 D ACDB-LOADER: ACDB -> send_asm_topology
06-18 23:32:32.975   788  7884 D ACDB-LOADER: ACDB -> ACDB_CMD_GET_AUDPROC_STREAM_TOPOLOGY_ID
06-18 23:32:32.975   788  7884 D ACDB-LOADER: ACDB -> send_adm_topology
06-18 23:32:32.975   788  7884 D ACDB-LOADER: ACDB -> ACDB_CMD_GET_AUDPROC_COMMON_TOPOLOGY_ID
06-18 23:32:32.976   788  7884 D ACDB-LOADER: ACDB -> send_audtable
06-18 23:32:32.976   788  7884 D ACDB-LOADER: ACDB -> ACDB_CMD_GET_AUDPROC_COMMON_TABLE_SIZE
06-18 23:32:32.976   788  7884 D ACDB-LOADER: ACDB -> ACDB_CMD_GET_AUDPROC_COMMON_TABLE
06-18 23:32:32.976   788  7884 D ACDB-LOADER: ACDB -> AUDIO_SET_AUDPROC_CAL
06-18 23:32:32.976   788  7884 D ACDB-LOADER: ACDB -> send_audvoltable
06-18 23:32:32.976   788  7884 D ACDB-LOADER: ACDB -> ACDB_CMD_GET_AUDPROC_VOL_STEP_TABLE_SIZE
06-18 23:32:32.976   788  7884 D ACDB-LOADER: ACDB -> ACDB_CMD_GET_AUDPROC_GAIN_DEP_STEP_TABLE, vol index 0
06-18 23:32:32.976   788  7884 D         : Failed to fetch the lookup information of the device 0000003E 
06-18 23:32:32.976   788  7884 D ACDB-LOADER: ACDB -> AUDIO_SET_VOL_CAL cal type = 12
06-18 23:32:32.976   788  7884 D ACDB-LOADER: ACDB -> ACDB_CMD_GET_AUDPROC_STREAM_TABLE_SIZE
06-18 23:32:32.976   788  7884 D ACDB-LOADER: ACDB -> send_audstrmtable
06-18 23:32:32.976   788  7884 D ACDB-LOADER: ACDB -> ACDB_CMD_GET_AUDPROC_STREAM_TABLE_V2
06-18 23:32:32.976   788  7884 D ACDB-LOADER: ACDB -> audstrm_cal->cal_type.cal_data.cal_size = 456
06-18 23:32:32.976   788  7884 D ACDB-LOADER: ACDB -> send_afe_topology
06-18 23:32:32.976   788  7884 D ACDB-LOADER: ACDB -> ACDB_CMD_GET_AFE_TOPOLOGY_ID
06-18 23:32:32.976   788  7884 D ACDB-LOADER: ACDB -> GET_AFE_TOPOLOGY_ID for adcd_id 62, Topology Id 112fb
06-18 23:32:32.976   788  7884 D ACDB-LOADER: ACDB -> send_afe_cal
06-18 23:32:32.976   788  7884 D ACDB-LOADER: ACDB -> ACDB_CMD_GET_AFE_COMMON_TABLE_SIZE
06-18 23:32:32.976   788  7884 D         : Failed to fetch the lookup information of the device 0000003E 
06-18 23:32:32.976   788  7884 E ACDB-LOADER: Error: ACDB_CMD_GET_AFE_COMMON_TABLE_SIZE Returned = -19
06-18 23:32:32.976   788  7884 D ACDB-LOADER: ACDB -> ACDB_CMD_GET_AFE_COMMON_TABLE
06-18 23:32:32.976   788  7884 D         : Failed to fetch the lookup information of the device 0000003E 
06-18 23:32:32.976   788  7884 D ACDB-LOADER: ACDB -> AUDIO_SET_AFE_CAL
06-18 23:32:32.976   788  7884 D ACDB-LOADER: ACDB -> send_hw_delay : acdb_id = 62 path = 1
06-18 23:32:32.976   788  7884 D ACDB-LOADER: ACDB -> ACDB_AVSYNC_INFO: ACDB_CMD_GET_DEVICE_PROPERTY
06-18 23:32:32.976   788  7884 D audio_hw_primary: enable_snd_device: snd_device(120: voice-rec-mic)
06-18 23:32:32.977   788  7884 D audio_route: Apply path: voice-rec-mic
06-18 23:32:32.979   788  7884 V msm8974_platform: platform_get_snd_device_backend_index: enter with device 120
06-18 23:32:32.979   788  7884 E msm8974_platform: platform_get_snd_device_backend_index: BE DAI Name Table is not present
06-18 23:32:32.979   788  7884 V msm8974_platform: platform_get_backend_index:napb: backend port - 5 device - 120 
06-18 23:32:32.979   788  7884 I audio_hw_utils: Set Audio Stream Capture 0 App Type Cfg: app_type 69936, acdb_dev_id 62, sample_rate 48000, snd_device_be_idx -14
06-18 23:32:32.979   788  7884 D audio_hw_primary: enable_audio_route: usecase(9) apply and update mixer path: audio-record
06-18 23:32:32.979   788  7884 D audio_route: Apply path: audio-record
06-18 23:32:33.050 15309 15357 I MicroDetectionWorker: onReady
06-18 23:32:33.053  5625  5654 I PeriodicStatsRunner: PeriodicStatsRunner.call():180 call()
06-18 23:32:33.053  5625  5654 I PeriodicStatsRunner: PeriodicStatsRunner.call():184 No submit PeriodicStats since input started.
06-18 23:32:33.194  1456  2162 D ConnectivityService: requestNetwork for uid/pid:11423/7682 NetworkRequest [ TRACK_DEFAULT id=69936, [ Capabilities: INTERNET&NOT_RESTRICTED&TRUSTED&NOT_VPN] ]
06-18 23:32:33.196  1456  2099 D Ethernet: got request NetworkRequest [ TRACK_DEFAULT id=69936, [ Capabilities: INTERNET&NOT_RESTRICTED&TRUSTED&NOT_VPN] ] with score 60
06-18 23:32:33.196  1456  2054 D WIFI_UT : got request NetworkRequest [ TRACK_DEFAULT id=69936, [ Capabilities: INTERNET&NOT_RESTRICTED&TRUSTED&NOT_VPN] ] with score 60
06-18 23:32:33.196  1456  2054 D WIFI    : got request NetworkRequest [ TRACK_DEFAULT id=69936, [ Capabilities: INTERNET&NOT_RESTRICTED&TRUSTED&NOT_VPN] ] with score 60
06-18 23:32:33.196  2398  2398 D PhoneSwitcherNetworkRequstListener: got request NetworkRequest [ TRACK_DEFAULT id=69936, [ Capabilities: INTERNET&NOT_RESTRICTED&TRUSTED&NOT_VPN] ] with score 60
06-18 23:32:33.207  7682  7889 I chatty  : uid=11423(org.mozilla.fennec_aurora) expire 5 lines
06-18 23:32:33.323  1456  7796 I OpenGLRenderer: Initialized EGL, version 1.4
06-18 23:32:33.323  1456  7796 D OpenGLRenderer: Swap behavior 2
06-18 23:32:33.373  2748  2917 W OpenGLRenderer: Incorrectly called buildLayer on View: ShortcutAndWidgetContainer, destroying layer...
06-18 23:32:33.391  7682  7788 I chatty  : uid=11423(org.mozilla.fennec_aurora) expire 1 line
06-18 23:32:33.395  1456  2067 D ConnectivityService: releasing NetworkRequest [ TRACK_DEFAULT id=69936, [ Capabilities: INTERNET&NOT_RESTRICTED&TRUSTED&NOT_VPN] ] (release request)
06-18 23:32:33.497  7682  7744 I chatty  : uid=11423(org.mozilla.fennec_aurora) expire 1 line
06-18 23:32:33.544  1456  2162 D ConnectivityService: requestNetwork for uid/pid:11423/7682 NetworkRequest [ TRACK_DEFAULT id=69937, [ Capabilities: INTERNET&NOT_RESTRICTED&TRUSTED&NOT_VPN] ]
06-18 23:32:33.545  1456  2099 D Ethernet: got request NetworkRequest [ TRACK_DEFAULT id=69937, [ Capabilities: INTERNET&NOT_RESTRICTED&TRUSTED&NOT_VPN] ] with score 60
06-18 23:32:33.545  1456  2054 D WIFI_UT : got request NetworkRequest [ TRACK_DEFAULT id=69937, [ Capabilities: INTERNET&NOT_RESTRICTED&TRUSTED&NOT_VPN] ] with score 60
06-18 23:32:33.545  1456  2054 D WIFI    : got request NetworkRequest [ TRACK_DEFAULT id=69937, [ Capabilities: INTERNET&NOT_RESTRICTED&TRUSTED&NOT_VPN] ] with score 60
06-18 23:32:33.546  2398  2398 D PhoneSwitcherNetworkRequstListener: got request NetworkRequest [ TRACK_DEFAULT id=69937, [ Capabilities: INTERNET&NOT_RESTRICTED&TRUSTED&NOT_VPN] ] with score 60
06-18 23:32:33.553   808   898 I SFPerfTracer:      triggers: (rate: 0:10) (0 sw vsyncs) (0 skipped) (39:8506467 vsyncs) (41:16788380)
06-18 23:32:33.565  7682  7890 I chatty  : uid=11423(org.mozilla.fennec_aurora) expire 9 lines
06-18 23:32:34.167  7682  7786 I chatty  : uid=11423(org.mozilla.fennec_aurora) expire 1 line
06-18 23:32:34.170  1456  2067 D ConnectivityService: releasing NetworkRequest [ TRACK_DEFAULT id=69937, [ Capabilities: INTERNET&NOT_RESTRICTED&TRUSTED&NOT_VPN] ] (release request)
06-18 23:32:37.872  5625  5654 I PeriodicStatsRunner: PeriodicStatsRunner.call():180 call()
06-18 23:32:37.872  5625  5654 I PeriodicStatsRunner: PeriodicStatsRunner.call():184 No submit PeriodicStats since input started.
06-18 23:32:37.954  1456  1473 I ActivityManager: Force stopping org.mozilla.fennec_aurora appid=11423 user=0: from pid 7894
06-18 23:32:37.954  1456  1473 I ActivityManager: Killing 7682:org.mozilla.fennec_aurora/u0a1423 (adj 700): stop org.mozilla.fennec_aurora
06-18 23:32:37.957  1456  1605 W zygote  : kill(-7682, 9) failed: No such process
06-18 23:32:37.959  7761  7761 I chatty  : uid=11423(org.mozilla.fennec_aurora) expire 1 line
06-18 23:32:37.959  1456  1473 W ActivityManager: Force removing ActivityRecord{21999d7 u0 org.mozilla.fennec_aurora/org.mozilla.fenix.HomeActivity t85718}: app died, no saved state
06-18 23:32:37.963  1456  1605 W zygote  : kill(-7682, 9) failed: No such process
06-18 23:32:37.968  1456  1473 I ActivityManager: Killing 7761:org.mozilla.fennec_aurora:tab0/u0a1423 (adj 0): stop org.mozilla.fennec_aurora
06-18 23:32:37.976  1456  1605 W zygote  : kill(-7682, 9) failed: No such process
06-18 23:32:37.980  2398  2398 D CarrierSvcBindHelper: No carrier app for: 0
06-18 23:32:37.981  2398  2398 D CarrierSvcBindHelper: No carrier app for: 1
06-18 23:32:37.991  1456  1605 W zygote  : kill(-7682, 9) failed: No such process
06-18 23:32:38.029  1456  1673 W ActivityManager: setHasOverlayUi called on unknown pid: 7682
06-18 23:32:38.032  1456  1605 I chatty  : uid=1000(system) ActivityManager identical 4 lines
06-18 23:32:38.048  1456  1605 W zygote  : kill(-7682, 9) failed: No such process
06-18 23:32:38.048  1456  1605 I zygote  : Successfully killed process cgroup uid 11423 pid 7682 in 91ms
06-18 23:32:38.048  1456  1605 W zygote  : kill(-7761, 9) failed: No such process
06-18 23:32:38.049  1456  1605 I zygote  : Successfully killed process cgroup uid 11423 pid 7761 in 0ms
06-18 23:32:39.099  1456  2162 I ActivityManager: START u0 {act=android.intent.action.MAIN cat=[android.intent.category.LAUNCHER] flg=0x10000000 cmp=org.mozilla.fennec_aurora/.App} from uid 2000
06-18 23:32:39.099   794   839 E ANDR-PERF-RESOURCEQS: Failed to apply optimization [4, 0]
06-18 23:32:39.120  1456  2236 I ActivityManager: Start proc 7901:org.mozilla.fennec_aurora/u0a1423 for activity org.mozilla.fennec_aurora/.App
06-18 23:32:39.207 15309 15357 I MicroDetectionState: Should stop hotword detection immediately - false
06-18 23:32:39.208 15309 15357 I MicroDetector: Keeping mic open: false
06-18 23:32:39.208 15309 30350 E DeviceStateChecker: DeviceStateChecker cancelled
06-18 23:32:39.208 15309 15357 I RecognitionAudioControl: #shutdownAudio [requestId: -1776899023672057685, keepAudioOpen: false, forced: true]
06-18 23:32:39.208 15309 15357 I RecognitionAudioControl: #internalShutdownAudio [requestId: -1776899023672057685]
06-18 23:32:39.208 15309 15357 I RecognitionAudioControl: #internalShutdownAudio [keepAudioOpen: false, forced: true]
06-18 23:32:39.208 15309 15357 I RecognitionAudioControl: #actualShutdownAudio
06-18 23:32:39.208 15309 15357 I AudioController: #shutdown [requestId=-1776899023672057685]
06-18 23:32:39.208 15309 15352 I AudioController: internalShutdown
06-18 23:32:39.209 15309 15349 I MicroRecognitionRunner: Stopping hotword detection.
06-18 23:32:39.241  7901  7901 I chatty  : uid=11423(org.mozilla.fennec_aurora) expire 43 lines
06-18 23:32:39.271   788  1479 D audio_hw_primary: disable_audio_route: usecase(9) reset and update mixer path: audio-record
06-18 23:32:39.272   788  1479 D audio_hw_primary: disable_snd_device: snd_device(120: voice-rec-mic)
06-18 23:32:39.274  1012 19499 D APM_AudioPolicyManager: stopInput() input 402174, session 402417
06-18 23:32:39.274   788   788 D audio_hw_primary: in_set_parameters: enter: kvpairs=routing=0
06-18 23:32:39.277 15309 15352 I MicrophoneInputStream: mic_close  SR : 16000 CC : 16 SO : 1999
06-18 23:32:39.277 15309 15352 E AudioSource: Stop listening is called on already closed AudioSource
06-18 23:32:39.277 15309 15352 I AudioController: Sending AudioStatusChangedBroadcast to :interactor. audioSourceType: NOT_SET, isActive: false
06-18 23:32:39.281 15309 28138 I MicroRecognitionRunner: Detection finished
06-18 23:32:39.286  7901  7920 I chatty  : uid=11423(org.mozilla.fennec_aurora) expire 4 lines
06-18 23:32:39.376  7901  7928 I chatty  : uid=11423(org.mozilla.fennec_aurora) expire 13 lines
06-18 23:32:39.393  7901  7927 I chatty  : uid=11423(org.mozilla.fennec_aurora) expire 14 lines
06-18 23:32:39.402  7901  7931 I chatty  : uid=11423(org.mozilla.fennec_aurora) expire 18 lines
06-18 23:32:39.412  7901  7934 I chatty  : uid=11423(org.mozilla.fennec_aurora) expire 1 line
06-18 23:32:39.469  7901  7940 I chatty  : uid=11423(org.mozilla.fennec_aurora) expire 6 lines
06-18 23:32:39.551  7901  7954 I chatty  : uid=11423(org.mozilla.fennec_aurora) expire 1 line
06-18 23:32:39.562  1456  5050 I ActivityManager: START u0 {act=android.intent.action.MAIN cat=[android.intent.category.LAUNCHER] flg=0x10000000 cmp=org.mozilla.fennec_aurora/org.mozilla.fenix.HomeActivity (has extras)} from uid 11423
06-18 23:32:39.588   808   808 D SurfaceFlinger: duplicate layer name: changing Splash Screen org.mozilla.fennec_aurora to Splash Screen org.mozilla.fennec_aurora#1
06-18 23:32:39.591  7901  7907 I chatty  : uid=11423(org.mozilla.fennec_aurora) expire 8 lines
06-18 23:32:39.638  1456  2162 I ActivityManager: Start proc 7979:org.mozilla.fennec_aurora:tab0/u0a1423 for service org.mozilla.fennec_aurora/org.mozilla.gecko.process.GeckoChildProcessServices$tab0
06-18 23:32:39.652  7901  7967 I chatty  : uid=11423(org.mozilla.fennec_aurora) expire 1 line
06-18 23:32:39.735  7979  7979 I chatty  : uid=11423(org.mozilla.fennec_aurora) expire 1 line
06-18 23:32:39.737  7979  8000 I chatty  : uid=11423(org.mozilla.fennec_aurora) expire 1 line
06-18 23:32:40.003  7901  8008 I chatty  : uid=11423(org.mozilla.fennec_aurora) expire 10 lines
06-18 23:32:40.007  7901  7901 E ActivityThread: Failed to find provider info for org.mozilla.fennec_aurora.fxa.auth
06-18 23:32:40.040   808   808 I SFPerfTracer:      triggers: (rate: 103:2299507) (compose: 0:8) (post: 0:22) (render: 0:20) (16:13096860 frames) (17:16641550)
06-18 23:32:40.040   808   808 D SFPerfTracer:        layers: (3:12) (NavigationBar#0 (0xb07df000): 0:1266073) (StatusBar#0 (0xb07e3000): 0:3030153) (com.android.systemui.ImageWallpaper#0 (0xb07e7000): 0:117265)* (Sprite#0 (0xb0733000): 0:317)* (DimLayerController/Stack=0#0 (0xb075a000): 0:4039)* (Sprite#1 (0xb077c000): 0:195)* (Sprite#2 (0xb039b000): 0:2)* (org.mozilla.fennec_aurora/org.mozilla.fenix.HomeActivity#0 (0xafd20000): 0:61)- (com.android.launcher3/com.android.launcher3.CustomizationPanelLauncher#0 (0xb0763000): 0:40)* (com.android.launcher3/com.android.launcher3.CustomizationPanelLauncher#1 (0xb0771000): 0:11)* (Splash Screen org.mozilla.fennec_aurora#0 (0xafd20000): 0:19)- (Splash Screen org.mozilla.fennec_aurora#1 (0xafdf0000): 16:20) 
06-18 23:32:40.078  7901  7952 I chatty  : uid=11423(org.mozilla.fennec_aurora) expire 1 line
06-18 23:32:40.087  7901  8018 I chatty  : uid=11423(org.mozilla.fennec_aurora) expire 9 lines
06-18 23:32:40.116  1456  2236 D ConnectivityService: requestNetwork for uid/pid:11423/7901 NetworkRequest [ TRACK_DEFAULT id=69938, [ Capabilities: INTERNET&NOT_RESTRICTED&TRUSTED&NOT_VPN] ]
06-18 23:32:40.118  1456  2054 D WIFI_UT : got request NetworkRequest [ TRACK_DEFAULT id=69938, [ Capabilities: INTERNET&NOT_RESTRICTED&TRUSTED&NOT_VPN] ] with score 60
06-18 23:32:40.118  1456  2054 D WIFI    : got request NetworkRequest [ TRACK_DEFAULT id=69938, [ Capabilities: INTERNET&NOT_RESTRICTED&TRUSTED&NOT_VPN] ] with score 60
06-18 23:32:40.119  1456  2099 D Ethernet: got request NetworkRequest [ TRACK_DEFAULT id=69938, [ Capabilities: INTERNET&NOT_RESTRICTED&TRUSTED&NOT_VPN] ] with score 60
06-18 23:32:40.120  2398  2398 D PhoneSwitcherNetworkRequstListener: got request NetworkRequest [ TRACK_DEFAULT id=69938, [ Capabilities: INTERNET&NOT_RESTRICTED&TRUSTED&NOT_VPN] ] with score 60
06-18 23:32:40.128  1456  2236 I WifiService: getDhcpInfo uid=11423
06-18 23:32:40.297  7901  8026 I chatty  : uid=11423(org.mozilla.fennec_aurora) expire 5 lines
06-18 23:32:40.300  1456  1673 I LaunchCheckinHandler: Displayed org.mozilla.fennec_aurora/org.mozilla.fenix.HomeActivity,wp,ca,660
06-18 23:32:40.300  1456  1673 I ActivityManager: Displayed org.mozilla.fennec_aurora/org.mozilla.fenix.HomeActivity: +652ms (total +1s183ms)
06-18 23:32:40.316 15309 15309 I MemoryTrimmer: Trimming objects from memory, since app is in the background.
06-18 23:32:40.323 15309 15357 E AudioSource: Stop listening is called on already closed AudioSource
06-18 23:32:40.324  6452  6452 I Finsky  : [2] qyi.onTrimMemory(1): Memory trim requested to level 80
06-18 23:32:40.326 15309  8439 I PBSessionCacheImpl: Deleted sessionId[67331286385452997] from persistence.
06-18 23:32:40.327 15309 15355 E chromium: [ERROR:aw_gl_functor.cc(102)] Received unexpected kModeProcessNoContext
06-18 23:32:40.327 15309 15355 E libEGL  : call to OpenGL ES API with no current context (logged once per thread)
06-18 23:32:40.328 15309 15309 I MemoryTrimmer: Trimming objects from memory, since app is in the background.
06-18 23:32:40.330  1456  2236 I WifiService: getWifiEnabledState uid=10073
06-18 23:32:40.334 15309 15357 W SearchServiceCore: Abort, client detached.
06-18 23:32:40.340 15309 15357 W SearchServiceCore: Abort, client detached.
06-18 23:32:40.364  7901  7901 E ActivityThread: Failed to find provider info for org.mozilla.fennec_aurora.fxa.auth
06-18 23:32:40.402  7901  7901 E ActivityThread: Failed to find provider info for org.mozilla.fennec_aurora.fxa.auth
06-18 23:32:41.080  7901  7923 I chatty  : uid=11423(org.mozilla.fennec_aurora) expire 2 lines
06-18 23:32:41.084  1456  2067 D ConnectivityService: releasing NetworkRequest [ TRACK_DEFAULT id=69938, [ Capabilities: INTERNET&NOT_RESTRICTED&TRUSTED&NOT_VPN] ] (release request)
06-18 23:32:41.099  7901  7901 I chatty  : uid=11423(org.mozilla.fennec_aurora) expire 14 lines
06-18 23:32:41.106  7901  7901 E ActivityThread: Failed to find provider info for org.mozilla.fennec_aurora.fxa.auth
06-18 23:32:41.198  7901  8052 I chatty  : uid=11423(org.mozilla.fennec_aurora) expire 1 line
06-18 23:32:41.225  7901  7931 I chatty  : uid=11423(org.mozilla.fennec_aurora) expire 1 line
06-18 23:32:41.300  7901  7946 I chatty  : uid=11423(org.mozilla.fennec_aurora) expire 26 lines
06-18 23:32:41.375  7901  8005 I chatty  : uid=11423(org.mozilla.fennec_aurora) expire 1 line
06-18 23:32:41.763  7901  7901 I chatty  : uid=11423(org.mozilla.fennec_aurora) identical 4 lines
06-18 23:32:41.768  7901  7901 E ActivityThread: Failed to find provider info for org.mozilla.fennec_aurora.fxa.auth
06-18 23:32:41.842  7901  7907 I chatty  : uid=11423(org.mozilla.fennec_aurora) expire 3 lines
06-18 23:32:44.756  8081  8081 D AndroidRuntime: >>>>>> START com.android.internal.os.RuntimeInit uid 2000 <<<<<<
06-18 23:32:44.768  8081  8081 W app_process: Could not reserve sentinel fault page
06-18 23:32:44.934  8081  8081 I app_process: The ClassLoaderContext is a special shared library.
06-18 23:32:45.000  8081  8081 D AndroidRuntime: Calling main entry com.android.commands.input.Input
06-18 23:32:45.009  8081  8081 I Input   : injectKeyEvent: KeyEvent { action=ACTION_DOWN, keyCode=KEYCODE_HOME, scanCode=0, metaState=0, flags=0x0, repeatCount=0, eventTime=24610241617, downTime=24610241617, deviceId=-1, source=0x101 }
06-18 23:32:45.016  8081  8081 I Input   : injectKeyEvent: KeyEvent { action=ACTION_UP, keyCode=KEYCODE_HOME, scanCode=0, metaState=0, flags=0x0, repeatCount=0, eventTime=24610241617, downTime=24610241617, deviceId=-1, source=0x101 }
06-18 23:32:45.022  1456  1941 I ActivityManager: START u0 {act=android.intent.action.MAIN cat=[android.intent.category.HOME] flg=0x10200000 cmp=com.android.launcher3/.CustomizationPanelLauncher (has extras)} from uid 1000
06-18 23:32:45.023   794   839 E ANDR-PERF-RESOURCEQS: Failed to apply optimization [4, 0]
06-18 23:32:45.029  8081  8081 D AndroidRuntime: Shutting down VM
06-18 23:32:45.039  1456  2162 I ActivityManager: moveHomeStack, setupComplete:true
06-18 23:32:45.049 15309 15355 I OpenGLRenderer: Initialized EGL, version 1.4
06-18 23:32:45.050 15309 15355 D OpenGLRenderer: Swap behavior 2
06-18 23:32:45.063  6452  6452 I Finsky  : [2] qyi.onTrimMemory(1): Memory trim requested to level 80
06-18 23:32:45.064  2748  2748 D Launcher.Utilities: Wakeup weather: Intent { act=com.motorola.launcher3.action.WAKEUP_WEATHER cmp=com.motorola.timeweatherwidget/com.motorola.commandcenter.weather.WakeUpService }
06-18 23:32:45.075   808   808 D SurfaceFlinger: duplicate layer name: changing com.android.launcher3/com.android.launcher3.CustomizationPanelLauncher to com.android.launcher3/com.android.launcher3.CustomizationPanelLauncher#1
06-18 23:32:45.080  1456  1456 I NotificationService: Cannot find enqueued record for key: 0|com.motorola.timeweatherwidget|1|null|10116
06-18 23:32:45.100 15309 15343 W ThreadPoolDumper: Queue length for executor EventBus is now 11. Perhaps some tasks are too long, or the pool is too small.
06-18 23:32:45.102  1456  2162 I WifiService: getWifiEnabledState uid=10073
06-18 23:32:45.108  1456  2915 I WifiService: getWifiEnabledState uid=10073
06-18 23:32:45.158  1456  1673 I LaunchCheckinHandler: Displayed com.android.launcher3/.CustomizationPanelLauncher,wp,wa,136
06-18 23:32:45.164 15309 15357 I MicroDetectionState: Should stop hotword detection immediately - false
06-18 23:32:45.165 15309 15333 E MDD     : DownloadProgressMonitor: Can't find file group for uri: android://com.google.android.googlequicksearchbox/files/sharedminusonemodule/shared/SharedMinusOneData.pb.tmp
06-18 23:32:45.165 15309 15309 I BgTaskExecutorImpl: Starting EXCLUSIVE background task TNG_MINUS_ONE_SYNC.
06-18 23:32:45.169 15309 15357 I MicroDetectionWorker: #startMicroDetector [speakerMode: 0]
06-18 23:32:45.171 15309 15357 I AudioController: Created new AudioSource
06-18 23:32:45.175 15309 15350 I MicroDataManager: isInitializing-false locale not changed-true model not changed-true
06-18 23:32:45.175 15309 15350 I MicroDataManager: Already initialized, obtaining the hotword data immediately.
06-18 23:32:45.178 15309 15357 I TngMinusOneSync: Syncing TNG:-1
06-18 23:32:45.183 15309 30350 I MicroRecognitionRunner: Starting detection.
06-18 23:32:45.183 15309 30350 I InputStreamUtils: Using micInputStream
06-18 23:32:45.184 15309  5491 I MicrophoneInputStream: mic_starting  SR : 16000 CC : 16 SO : 1999
06-18 23:32:45.190   788   788 V msm8974_platform: platform_check_input_mask: enter check_input_mask source 6 mask 10
06-18 23:32:45.192  1012  8099 I AudioFlinger: AudioFlinger's thread 0xb2483340 tid=8099 ready to run
06-18 23:32:45.199   788   788 D audio_hw_primary: in_set_parameters: enter: kvpairs=input_source=6;routing=-2147483644
06-18 23:32:45.202  1012 19368 D APM_AudioPolicyManager: AudioPolicyManager::startInput() input 402182, session 402425, source = 1999
06-18 23:32:45.203 15309  5491 I MicrophoneInputStream: mic_started  SR : 16000 CC : 16 SO : 1999
06-18 23:32:45.204   788  8100 V msm8974_platform: platform_update_usecase_from_source: input source :6
06-18 23:32:45.204   788  8100 V msm8974_platform: platform_check_input_mask: enter check_input_mask source 6 mask 10
06-18 23:32:45.204   788  8100 V msm8974_platform: platform_get_input_snd_device: enter: out_device(0) in_device(0x4) channel_count (1) channel_mask (0x10)
06-18 23:32:45.204   788  8100 V msm8974_platform: platform_get_input_snd_device: exit: in_snd_device(voice-rec-mic)
06-18 23:32:45.204   788  8100 V msm8974_platform: platform_get_backend_index:napb: backend port - 5 device - 120 
06-18 23:32:45.204   788  8100 V msm8974_platform: platform_check_and_set_capture_backend_cfg:txbecf: afe: bitwidth 0, samplerate 0, channel 1, backend_idx 5 usecase = 9 device (voice-rec-mic)
06-18 23:32:45.204   788  8100 V msm8974_platform: platform_check_capture_backend_cfg:txbecf: afe: Codec selected backend: 5 current bit width: 0 and sample rate: 0, channels 1
06-18 23:32:45.204   788  8100 V msm8974_platform: platform_check_capture_backend_cfg:txbecf: afe: Codec selected backend: 5 updated bit width: 0 and sample rate: 0
06-18 23:32:45.204   788  8100 I msm8974_platform: platform_check_capture_backend_cfg:txbecf: afe: Codec backend needs to be updated. new bit width: 0 new sample rate: 0 new channel: 1
06-18 23:32:45.204   788  8100 V msm8974_platform: platform_get_backend_index:napb: backend port - 5 device - 120 
06-18 23:32:45.204   788  8100 V msm8974_platform: platform_set_backend_cfg:becf: afe: bitwidth 0, samplerate 0 channels 1, backend_idx 5 device (voice-rec-mic)
06-18 23:32:45.205   788  8100 E msm8974_platform: platform_set_backend_cfg:becf: afe: Could not get ctl for mixer command - SLIM_0_TX Format
06-18 23:32:45.205   788  8100 V msm8974_platform: platform_send_audio_calibration: sending audio calibration for snd_device(120) acdb_id(62)
06-18 23:32:45.205   788  8100 D ACDB-LOADER: ACDB -> send_audio_cal, acdb_id = 62, path = 1, app id = 0x11130, sample rate = 48000
06-18 23:32:45.205   788  8100 D ACDB-LOADER: ACDB -> send_asm_topology
06-18 23:32:45.205   788  8100 D ACDB-LOADER: ACDB -> ACDB_CMD_GET_AUDPROC_STREAM_TOPOLOGY_ID
06-18 23:32:45.206   788  8100 D ACDB-LOADER: ACDB -> send_adm_topology
06-18 23:32:45.206   788  8100 D ACDB-LOADER: ACDB -> ACDB_CMD_GET_AUDPROC_COMMON_TOPOLOGY_ID
06-18 23:32:45.206   788  8100 D ACDB-LOADER: ACDB -> send_audtable
06-18 23:32:45.206   788  8100 D ACDB-LOADER: ACDB -> ACDB_CMD_GET_AUDPROC_COMMON_TABLE_SIZE
06-18 23:32:45.206   788  8100 D ACDB-LOADER: ACDB -> ACDB_CMD_GET_AUDPROC_COMMON_TABLE
06-18 23:32:45.206   788  8100 D ACDB-LOADER: ACDB -> AUDIO_SET_AUDPROC_CAL
06-18 23:32:45.206   788  8100 D ACDB-LOADER: ACDB -> send_audvoltable
06-18 23:32:45.206   788  8100 D ACDB-LOADER: ACDB -> ACDB_CMD_GET_AUDPROC_VOL_STEP_TABLE_SIZE
06-18 23:32:45.206   788  8100 D ACDB-LOADER: ACDB -> ACDB_CMD_GET_AUDPROC_GAIN_DEP_STEP_TABLE, vol index 0
06-18 23:32:45.206   788  8100 D         : Failed to fetch the lookup information of the device 0000003E 
06-18 23:32:45.206   788  8100 D ACDB-LOADER: ACDB -> AUDIO_SET_VOL_CAL cal type = 12
06-18 23:32:45.206   788  8100 D ACDB-LOADER: ACDB -> ACDB_CMD_GET_AUDPROC_STREAM_TABLE_SIZE
06-18 23:32:45.206   788  8100 D ACDB-LOADER: ACDB -> send_audstrmtable
06-18 23:32:45.206   788  8100 D ACDB-LOADER: ACDB -> ACDB_CMD_GET_AUDPROC_STREAM_TABLE_V2
06-18 23:32:45.206   788  8100 D ACDB-LOADER: ACDB -> audstrm_cal->cal_type.cal_data.cal_size = 456
06-18 23:32:45.206   788  8100 D ACDB-LOADER: ACDB -> send_afe_topology
06-18 23:32:45.206   788  8100 D ACDB-LOADER: ACDB -> ACDB_CMD_GET_AFE_TOPOLOGY_ID
06-18 23:32:45.206   788  8100 D ACDB-LOADER: ACDB -> GET_AFE_TOPOLOGY_ID for adcd_id 62, Topology Id 112fb
06-18 23:32:45.206   788  8100 D ACDB-LOADER: ACDB -> send_afe_cal
06-18 23:32:45.206   788  8100 D ACDB-LOADER: ACDB -> ACDB_CMD_GET_AFE_COMMON_TABLE_SIZE
06-18 23:32:45.206   788  8100 D         : Failed to fetch the lookup information of the device 0000003E 
06-18 23:32:45.206   788  8100 E ACDB-LOADER: Error: ACDB_CMD_GET_AFE_COMMON_TABLE_SIZE Returned = -19
06-18 23:32:45.206   788  8100 D ACDB-LOADER: ACDB -> ACDB_CMD_GET_AFE_COMMON_TABLE
06-18 23:32:45.206   788  8100 D         : Failed to fetch the lookup information of the device 0000003E 
06-18 23:32:45.206   788  8100 D ACDB-LOADER: ACDB -> AUDIO_SET_AFE_CAL
06-18 23:32:45.206   788  8100 D ACDB-LOADER: ACDB -> send_hw_delay : acdb_id = 62 path = 1
06-18 23:32:45.206   788  8100 D ACDB-LOADER: ACDB -> ACDB_AVSYNC_INFO: ACDB_CMD_GET_DEVICE_PROPERTY
06-18 23:32:45.206   788  8100 D audio_hw_primary: enable_snd_device: snd_device(120: voice-rec-mic)
06-18 23:32:45.206   788  8100 D audio_route: Apply path: voice-rec-mic
06-18 23:32:45.208   788  8100 V msm8974_platform: platform_get_snd_device_backend_index: enter with device 120
06-18 23:32:45.208   788  8100 E msm8974_platform: platform_get_snd_device_backend_index: BE DAI Name Table is not present
06-18 23:32:45.209   788  8100 V msm8974_platform: platform_get_backend_index:napb: backend port - 5 device - 120 
06-18 23:32:45.209   788  8100 I audio_hw_utils: Set Audio Stream Capture 0 App Type Cfg: app_type 69936, acdb_dev_id 62, sample_rate 48000, snd_device_be_idx -14
06-18 23:32:45.209   788  8100 D audio_hw_primary: enable_audio_route: usecase(9) apply and update mixer path: audio-record
06-18 23:32:45.209   788  8100 D audio_route: Apply path: audio-record
06-18 23:32:45.278 15309 15357 I MicroDetectionWorker: onReady
06-18 23:32:45.298  5625  5654 I PeriodicStatsRunner: PeriodicStatsRunner.call():180 call()
06-18 23:32:45.299  5625  5654 I PeriodicStatsRunner: PeriodicStatsRunner.call():184 No submit PeriodicStats since input started.
06-18 23:32:45.381  7901  7927 I chatty  : uid=11423(org.mozilla.fennec_aurora) expire 9 lines
06-18 23:32:45.418  6452  6452 I Finsky  : [2] qyi.onTrimMemory(1): Memory trim requested to level 80
06-18 23:32:45.433  1456  1471 D ConnectivityService: requestNetwork for uid/pid:11423/7901 NetworkRequest [ TRACK_DEFAULT id=69939, [ Capabilities: INTERNET&NOT_RESTRICTED&TRUSTED&NOT_VPN] ]
06-18 23:32:45.436  1456  2099 D Ethernet: got request NetworkRequest [ TRACK_DEFAULT id=69939, [ Capabilities: INTERNET&NOT_RESTRICTED&TRUSTED&NOT_VPN] ] with score 60
06-18 23:32:45.436  1456  2054 D WIFI_UT : got request NetworkRequest [ TRACK_DEFAULT id=69939, [ Capabilities: INTERNET&NOT_RESTRICTED&TRUSTED&NOT_VPN] ] with score 60
06-18 23:32:45.436  1456  2054 D WIFI    : got request NetworkRequest [ TRACK_DEFAULT id=69939, [ Capabilities: INTERNET&NOT_RESTRICTED&TRUSTED&NOT_VPN] ] with score 60
06-18 23:32:45.437  2398  2398 D PhoneSwitcherNetworkRequstListener: got request NetworkRequest [ TRACK_DEFAULT id=69939, [ Capabilities: INTERNET&NOT_RESTRICTED&TRUSTED&NOT_VPN] ] with score 60
06-18 23:32:45.447  7901  8105 I chatty  : uid=11423(org.mozilla.fennec_aurora) expire 5 lines
06-18 23:32:45.554  1456  7796 I OpenGLRenderer: Initialized EGL, version 1.4
06-18 23:32:45.554  1456  7796 D OpenGLRenderer: Swap behavior 2
06-18 23:32:45.599  1456  2067 D ConnectivityService: releasing NetworkRequest [ TRACK_DEFAULT id=69939, [ Capabilities: INTERNET&NOT_RESTRICTED&TRUSTED&NOT_VPN] ] (release request)
06-18 23:32:45.619  2748  2917 W OpenGLRenderer: Incorrectly called buildLayer on View: ShortcutAndWidgetContainer, destroying layer...
06-18 23:32:45.733  7901  7962 I chatty  : uid=11423(org.mozilla.fennec_aurora) expire 1 line
06-18 23:32:45.788  1456  2196 D ConnectivityService: requestNetwork for uid/pid:11423/7901 NetworkRequest [ TRACK_DEFAULT id=69940, [ Capabilities: INTERNET&NOT_RESTRICTED&TRUSTED&NOT_VPN] ]
06-18 23:32:45.789  1456  2054 D WIFI_UT : got request NetworkRequest [ TRACK_DEFAULT id=69940, [ Capabilities: INTERNET&NOT_RESTRICTED&TRUSTED&NOT_VPN] ] with score 60
06-18 23:32:45.789  1456  2099 D Ethernet: got request NetworkRequest [ TRACK_DEFAULT id=69940, [ Capabilities: INTERNET&NOT_RESTRICTED&TRUSTED&NOT_VPN] ] with score 60
06-18 23:32:45.789  1456  2054 D WIFI    : got request NetworkRequest [ TRACK_DEFAULT id=69940, [ Capabilities: INTERNET&NOT_RESTRICTED&TRUSTED&NOT_VPN] ] with score 60
06-18 23:32:45.790  2398  2398 D PhoneSwitcherNetworkRequstListener: got request NetworkRequest [ TRACK_DEFAULT id=69940, [ Capabilities: INTERNET&NOT_RESTRICTED&TRUSTED&NOT_VPN] ] with score 60
06-18 23:32:45.801   808   898 I SFPerfTracer:      triggers: (rate: 0:10) (0 sw vsyncs) (0 skipped) (40:8506570 vsyncs) (42:16788515)
06-18 23:32:45.806  7901  8106 I chatty  : uid=11423(org.mozilla.fennec_aurora) expire 9 lines
06-18 23:32:45.843  1456  1466 I zygote  : Background concurrent copying GC freed 55169(3MB) AllocSpace objects, 30(1112KB) LOS objects, 34% free, 45MB/69MB, paused 379us total 414.741ms
06-18 23:32:46.348  7901  7921 I chatty  : uid=11423(org.mozilla.fennec_aurora) expire 1 line
06-18 23:32:46.350  1456  2067 D ConnectivityService: releasing NetworkRequest [ TRACK_DEFAULT id=69940, [ Capabilities: INTERNET&NOT_RESTRICTED&TRUSTED&NOT_VPN] ] (release request)
06-18 23:32:50.112  5625  5654 I PeriodicStatsRunner: PeriodicStatsRunner.call():180 call()
06-18 23:32:50.112  5625  5654 I PeriodicStatsRunner: PeriodicStatsRunner.call():184 No submit PeriodicStats since input started.
06-18 23:32:50.206  1456  1471 I ActivityManager: Force stopping org.mozilla.fennec_aurora appid=11423 user=0: from pid 8110
06-18 23:32:50.207  1456  1471 I ActivityManager: Killing 7901:org.mozilla.fennec_aurora/u0a1423 (adj 700): stop org.mozilla.fennec_aurora
06-18 23:32:50.210  1456  1605 W zygote  : kill(-7901, 9) failed: No such process
06-18 23:32:50.211  1456  1471 W ActivityManager: Force removing ActivityRecord{fc2c68b u0 org.mozilla.fennec_aurora/org.mozilla.fenix.HomeActivity t85720}: app died, no saved state
06-18 23:32:50.211  7979  7979 I chatty  : uid=11423(org.mozilla.fennec_aurora) expire 1 line
06-18 23:32:50.221  1456  1471 I ActivityManager: Killing 7979:org.mozilla.fennec_aurora:tab0/u0a1423 (adj 0): stop org.mozilla.fennec_aurora
06-18 23:32:50.226  1456  1605 W zygote  : kill(-7901, 9) failed: No such process
06-18 23:32:50.235  2398  2398 D CarrierSvcBindHelper: No carrier app for: 0
06-18 23:32:50.236  2398  2398 D CarrierSvcBindHelper: No carrier app for: 1
06-18 23:32:50.242  1456  1605 W zygote  : kill(-7901, 9) failed: No such process
06-18 23:32:50.281  1456  1605 I chatty  : uid=1000(system) ActivityManager identical 3 lines
06-18 23:32:50.287  1456  1673 W ActivityManager: setHasOverlayUi called on unknown pid: 7901
06-18 23:32:50.297  1456  1605 W zygote  : kill(-7901, 9) failed: No such process
06-18 23:32:50.297  1456  1605 I zygote  : Successfully killed process cgroup uid 11423 pid 7901 in 87ms
06-18 23:32:50.297  1456  1605 W zygote  : kill(-7979, 9) failed: No such process
06-18 23:32:50.297  1456  1605 I zygote  : Successfully killed process cgroup uid 11423 pid 7979 in 0ms
06-18 23:32:51.352  1456  2920 I ActivityManager: START u0 {act=android.intent.action.MAIN cat=[android.intent.category.LAUNCHER] flg=0x10000000 cmp=org.mozilla.fennec_aurora/.App} from uid 2000
06-18 23:32:51.352   794   839 E ANDR-PERF-RESOURCEQS: Failed to apply optimization [4, 0]
06-18 23:32:51.372  1456  2236 I ActivityManager: Start proc 8117:org.mozilla.fennec_aurora/u0a1423 for activity org.mozilla.fennec_aurora/.App
06-18 23:32:51.461 15309 15357 I MicroDetectionState: Should stop hotword detection immediately - false
06-18 23:32:51.461 15309 15357 I MicroDetector: Keeping mic open: false
06-18 23:32:51.461 15309 28138 E DeviceStateChecker: DeviceStateChecker cancelled
06-18 23:32:51.461 15309 15357 I RecognitionAudioControl: #shutdownAudio [requestId: 170481294970952078, keepAudioOpen: false, forced: true]
06-18 23:32:51.461 15309 15357 I RecognitionAudioControl: #internalShutdownAudio [requestId: 170481294970952078]
06-18 23:32:51.461 15309 15357 I RecognitionAudioControl: #internalShutdownAudio [keepAudioOpen: false, forced: true]
06-18 23:32:51.461 15309 15357 I RecognitionAudioControl: #actualShutdownAudio
06-18 23:32:51.461 15309 15357 I AudioController: #shutdown [requestId=170481294970952078]
06-18 23:32:51.462 15309 15352 I AudioController: internalShutdown
06-18 23:32:51.462 15309 15348 I MicroRecognitionRunner: Stopping hotword detection.
06-18 23:32:51.494  8117  8117 I chatty  : uid=11423(org.mozilla.fennec_aurora) expire 52 lines
06-18 23:32:51.523   788   788 D audio_hw_primary: disable_audio_route: usecase(9) reset and update mixer path: audio-record
06-18 23:32:51.524   788   788 D audio_hw_primary: disable_snd_device: snd_device(120: voice-rec-mic)
06-18 23:32:51.526  1012 19368 D APM_AudioPolicyManager: stopInput() input 402182, session 402425
06-18 23:32:51.527   788  1479 D audio_hw_primary: in_set_parameters: enter: kvpairs=routing=0
06-18 23:32:51.532 15309 15352 I MicrophoneInputStream: mic_close  SR : 16000 CC : 16 SO : 1999
06-18 23:32:51.533 15309 15352 E AudioSource: Stop listening is called on already closed AudioSource
06-18 23:32:51.533 15309 15352 I AudioController: Sending AudioStatusChangedBroadcast to :interactor. audioSourceType: NOT_SET, isActive: false
06-18 23:32:51.537 15309 30350 I MicroRecognitionRunner: Detection finished
