01-16 21:43:24.485 30721 30721 D GeckoNetworkManager: New network state: UP, WIFI, WIFI
01-16 21:43:24.486  1456  5907 I WifiService: getDhcpInfo uid=10749
01-16 21:43:24.555 30721 30721 I zygote  : Deoptimizing void androidx.constraintlayout.widget.ConstraintLayout$LayoutParams.resolveLayoutDirection(int) due to JIT inline cache
01-16 21:43:24.708 30721 30726 I zygote  : Do full code cache collection, code=125KB, data=97KB
01-16 21:43:24.711 30721 30726 I zygote  : After code cache collection, code=96KB, data=52KB
01-16 21:43:24.752 30721 30821 I Adreno  : QUALCOMM build                   : bb5b86c, I77d3059488
01-16 21:43:24.752 30721 30821 I Adreno  : Build Date                       : 06/07/18
01-16 21:43:24.752 30721 30821 I Adreno  : OpenGL ES Shader Compiler Version: EV031.22.00.01_06
01-16 21:43:24.752 30721 30821 I Adreno  : Local Branch                     : 
01-16 21:43:24.752 30721 30821 I Adreno  : Remote Branch                    : refs/tags/AU_LINUX_ANDROID_LA.UM.6.5.R1.08.01.00.312.086
01-16 21:43:24.752 30721 30821 I Adreno  : Remote Branch                    : NONE
01-16 21:43:24.752 30721 30821 I Adreno  : Reconstruct Branch               : NOTHING
01-16 21:43:24.753 30721 30821 D vndksupport: Loading /vendor/lib/hw/gralloc.msm8937.so from current namespace instead of sphal namespace.
01-16 21:43:24.759 30721 30821 I Adreno  : PFP: 0x005ff087, ME: 0x005ff063
01-16 21:43:24.770 30721 30821 I zygote  : android::hardware::configstore::V1_0::ISurfaceFlingerConfigs::hasWideColorDisplay retrieved: 0
01-16 21:43:24.772 30721 30821 I OpenGLRenderer: Initialized EGL, version 1.4
01-16 21:43:24.772 30721 30821 D OpenGLRenderer: Swap behavior 2
01-16 21:43:24.813  1456  2067 D ConnectivityService: releasing NetworkRequest [ TRACK_DEFAULT id=19854, [ Capabilities: INTERNET&NOT_RESTRICTED&TRUSTED&NOT_VPN] ] (release request)
01-16 21:43:24.844 30721 30821 D vndksupport: Loading /vendor/lib/hw/android.hardware.graphics.mapper@2.0-impl.so from current namespace instead of sphal namespace.
01-16 21:43:24.846 30721 30821 D vndksupport: Loading /vendor/lib/hw/gralloc.msm8937.so from current namespace instead of sphal namespace.
01-16 21:43:24.867  1456  1673 I LaunchCheckinHandler: Displayed org.mozilla.fenix.nightly/org.mozilla.fenix.HomeActivity,cp,ca,1365
01-16 21:43:24.871  1456  1673 I ActivityManager: Displayed org.mozilla.fenix.nightly/org.mozilla.fenix.HomeActivity: +1s357ms
01-16 21:43:24.876 29081 29094 D AuthStateProvider: Verifying caller's signature:77eac4ceed36afefba76179931dd4cc195ab0cd54baf355d215e7bbdd28e402a
01-16 21:43:24.877 29081 29094 D AuthStateProvider: Success!
01-16 21:43:24.879 30721 30721 E ActivityThread: Failed to find provider info for org.mozilla.fennec_aurora.fxa.auth
01-16 21:43:24.883 30721 30726 I zygote  : Do partial code cache collection, code=120KB, data=82KB
01-16 21:43:24.885 30721 30726 I zygote  : After code cache collection, code=120KB, data=82KB
01-16 21:43:24.885 30721 30726 I zygote  : Increasing code cache capacity to 512KB
01-16 21:43:24.946 29474 29474 I Finsky  : [2] pxp.onTrimMemory(1): Memory trim requested to level 80
01-16 21:43:24.955 26094 26094 I MemoryTrimmer: Trimming objects from memory, since app is in the background.
01-16 21:43:24.965 26094 26094 I MemoryTrimmer: Trimming objects from memory, since app is in the background.
01-16 21:43:24.972 26094 29267 I PBSessionCacheImpl: Deleted sessionId[114764204860353043] from persistence.
01-16 21:43:24.981  1456  4797 I WifiService: getWifiEnabledState uid=10073
01-16 21:43:25.006 26094 26271 W SearchServiceCore: Abort, client detached.
01-16 21:43:25.011 30721 30760 I Gecko   : 1579229005007	addons.xpi	WARN	List of valid built-in add-ons could not be parsed.: [Exception... "Component returned failure code: 0x80520012 (NS_ERROR_FILE_NOT_FOUND) [nsIXPCComponents_Utils.readUTF8URI]"  nsresult: "0x80520012 (NS_ERROR_FILE_NOT_FOUND)"  location: "JS frame :: resource://gre/modules/addons/XPIProvider.jsm :: startup :: line 2366"  data: no] Stack trace: startup()@resource://gre/modules/addons/XPIProvider.jsm:2366
01-16 21:43:25.011 30721 30760 I Gecko   : callProvider()@resource://gre/modules/AddonManager.jsm:215
01-16 21:43:25.011 30721 30760 I Gecko   : _startProvider()@resource://gre/modules/AddonManager.jsm:586
01-16 21:43:25.011 30721 30760 I Gecko   : startup()@resource://gre/modules/AddonManager.jsm:810
01-16 21:43:25.011 30721 30760 I Gecko   : startup()@resource://gre/modules/AddonManager.jsm:3474
01-16 21:43:25.011 30721 30760 I Gecko   : observe()@resource://gre/modules/addonManager.js:87
01-16 21:43:25.183 30721 30760 D GeckoThread: State changed to PROFILE_READY
01-16 21:43:25.270 30721 30760 D GeckoThread: State changed to RUNNING
01-16 21:43:25.286 30721 30760 W GeckoEventDispatcher: No listener for AndroidCastDevice:SyncDevice
01-16 21:43:25.293 30721 30760 I Gecko   : -*- nsDNSServiceDiscovery.js : nsDNSServiceDiscovery
01-16 21:43:25.395 30721 30760 W ResourceType: Too many attribute references, stopped at: 0x01010099
01-16 21:43:25.443 30721 30760 I Gecko   : Attempting load of libEGL.so
01-16 21:43:25.647 30721 30721 D GeckoNetworkManager: Incoming event enableNotifications for state OnNoListeners -> OnWithListeners
01-16 21:43:25.648 30721 30721 D GeckoNetworkManager: New network state: UP, WIFI, WIFI
01-16 21:43:25.649 30721 30721 D GeckoNetworkManager: Incoming event receivedUpdate for state OnWithListeners -> OnWithListeners
01-16 21:43:25.650 30721 30721 D GeckoNetworkManager: New network state: UP, WIFI, WIFI
01-16 21:43:25.652 30721 30760 W GeckoLinker: /data/app/org.mozilla.fenix.nightly-Q8vlstZ3edJCEtanIyPYVQ==/lib/arm/libsoftokn3.so: unhandled flags #8 not handled
01-16 21:43:25.653 30721 30760 W GeckoLinker: /data/app/org.mozilla.fenix.nightly-Q8vlstZ3edJCEtanIyPYVQ==/lib/arm/libsoftokn3.so: Relocation to NULL @0x00027ffc for symbol "__cxa_type_match"
01-16 21:43:25.654 30721 30760 W GeckoLinker: /data/app/org.mozilla.fenix.nightly-Q8vlstZ3edJCEtanIyPYVQ==/lib/arm/libfreebl3.so: unhandled flags #8 not handled
01-16 21:43:25.654 30721 30760 W GeckoLinker: /data/app/org.mozilla.fenix.nightly-Q8vlstZ3edJCEtanIyPYVQ==/lib/arm/libfreebl3.so: Relocation to NULL @0x00041ffc for symbol "__cxa_type_match"
01-16 21:43:25.690 30721 30878 W GeckoLinker: /data/app/org.mozilla.fenix.nightly-Q8vlstZ3edJCEtanIyPYVQ==/lib/arm/libnssckbi.so: unhandled flags #8 not handled
01-16 21:43:25.690 30721 30878 W GeckoLinker: /data/app/org.mozilla.fenix.nightly-Q8vlstZ3edJCEtanIyPYVQ==/lib/arm/libnssckbi.so: Relocation to NULL @0x00052ffc for symbol "__cxa_type_match"
01-16 21:43:25.830 30721 30760 W ResourceType: Too many attribute references, stopped at: 0x01010099
01-16 21:43:26.291 30721 30721 D App     : Installed browser-icons extension
01-16 21:43:26.552 30721 30721 D mozac-webcompat: Installed WebCompat webextension: webcompat@mozilla.com
01-16 21:43:28.629 29474 29500 I Finsky  : [192056] kik.run(3): Stats for Executor: BlockingExecutor kke@9e16f48[Running, pool size = 2, active threads = 0, queued tasks = 0, completed tasks = 11]
01-16 21:43:28.631 29474 29500 I Finsky  : [192056] kik.run(3): Stats for Executor: LightweightExecutor kke@e9481e1[Running, pool size = 4, active threads = 0, queued tasks = 0, completed tasks = 71]
01-16 21:43:28.978 29474 29500 I Finsky  : [192056] kik.run(3): Stats for Executor: bgExecutor kke@9d40b06[Running, pool size = 4, active threads = 0, queued tasks = 0, completed tasks = 42]
01-16 21:43:29.008  1456  1600 W ResourceType: No known package when getting value for resource number 0x7f0801aa
01-16 21:43:29.009  1456  1600 W ResourceType: No known package when getting value for resource number 0x7f120103
01-16 21:43:29.009  1456  1600 W ResourceType: No known package when getting value for resource number 0x7f120103
01-16 21:43:29.009  1456  1600 W ResourceType: No known package when getting value for resource number 0x7f0801a8
01-16 21:43:29.009  1456  1600 W ResourceType: No known package when getting value for resource number 0x7f120102
01-16 21:43:29.009  1456  1600 W ResourceType: No known package when getting value for resource number 0x7f120102
01-16 21:43:29.010  2360  2360 D MayaFrameworkProxyService: receive intent :Intent { act=android.intent.action.PACKAGE_CHANGED dat=package:org.mozilla.fenix.nightly flg=0x45000010 (has extras) }
01-16 21:43:29.016  1456  1942 I InputReader: Reconfiguring input devices.  changes=0x00000010
01-16 21:43:29.031  1456  1600 W SearchableInfo: Invalid searchable metadata for com.google.android.gms/.nearby.sharing.ContactSelectActivity: Search label must be a resource reference.
01-16 21:43:29.048  1456  1456 I TelecomService: DefaultDialerCache: Refreshing default dialer for user 0: now com.android.dialer: DDC.oR@sPY
01-16 21:43:29.094  2398  2398 D ImsResolver: maybeAddedImsService, packageName: org.mozilla.fenix.nightly
01-16 21:43:29.098  2398  2398 D CarrierSvcBindHelper: No carrier app for: 0
01-16 21:43:29.100  2398  2398 D CarrierSvcBindHelper: No carrier app for: 1
01-16 21:43:29.111  2398  2398 E VvmPkgInstalledRcvr: cannot create TelephonyManager from ComponentInfo{com.android.phone/com.android.services.telephony.TelephonyConnectionService}, [****], UserHandle{0}
01-16 21:43:29.157 20319 28852 I Icing   : Indexing com.google.android.gms-internal.3p:MobileApplication from com.google.android.gms using seqno 2511
01-16 21:43:29.157 30902 30902 D AndroidRuntime: >>>>>> START com.android.internal.os.RuntimeInit uid 2000 <<<<<<
01-16 21:43:29.171 30902 30902 W app_process: Could not reserve sentinel fault page
01-16 21:43:29.336 30902 30902 I app_process: The ClassLoaderContext is a special shared library.
01-16 21:43:29.401 30902 30902 D AndroidRuntime: Calling main entry com.android.commands.input.Input
01-16 21:43:29.407 30902 30902 I Input   : injectKeyEvent: KeyEvent { action=ACTION_DOWN, keyCode=KEYCODE_HOME, scanCode=0, metaState=0, flags=0x0, repeatCount=0, eventTime=11676238129, downTime=11676238129, deviceId=-1, source=0x101 }
01-16 21:43:29.413 30902 30902 I Input   : injectKeyEvent: KeyEvent { action=ACTION_UP, keyCode=KEYCODE_HOME, scanCode=0, metaState=0, flags=0x0, repeatCount=0, eventTime=11676238129, downTime=11676238129, deviceId=-1, source=0x101 }
01-16 21:43:29.420  1456  1941 I ActivityManager: START u0 {act=android.intent.action.MAIN cat=[android.intent.category.HOME] flg=0x10200000 cmp=com.android.launcher3/.CustomizationPanelLauncher (has extras)} from uid 1000
01-16 21:43:29.421   794   839 E ANDR-PERF-RESOURCEQS: Failed to apply optimization [4, 0]
01-16 21:43:29.432  1456  1941 I ActivityManager: moveHomeStack, setupComplete:true
01-16 21:43:29.439 26094 26219 I Adreno  : QUALCOMM build                   : bb5b86c, I77d3059488
01-16 21:43:29.439 26094 26219 I Adreno  : Build Date                       : 06/07/18
01-16 21:43:29.439 26094 26219 I Adreno  : OpenGL ES Shader Compiler Version: EV031.22.00.01_06
01-16 21:43:29.439 26094 26219 I Adreno  : Local Branch                     : 
01-16 21:43:29.439 26094 26219 I Adreno  : Remote Branch                    : refs/tags/AU_LINUX_ANDROID_LA.UM.6.5.R1.08.01.00.312.086
01-16 21:43:29.439 26094 26219 I Adreno  : Remote Branch                    : NONE
01-16 21:43:29.439 26094 26219 I Adreno  : Reconstruct Branch               : NOTHING
01-16 21:43:29.442 26094 26219 D vndksupport: Loading /vendor/lib/hw/gralloc.msm8937.so from current namespace instead of sphal namespace.
01-16 21:43:29.443 30902 30902 D AndroidRuntime: Shutting down VM
01-16 21:43:29.445 26094 26219 I Adreno  : PFP: 0x005ff087, ME: 0x005ff063
01-16 21:43:29.449 26094 26219 I zygote  : android::hardware::configstore::V1_0::ISurfaceFlingerConfigs::hasWideColorDisplay retrieved: 0
01-16 21:43:29.450 26094 26219 I OpenGLRenderer: Initialized EGL, version 1.4
01-16 21:43:29.450 26094 26219 D OpenGLRenderer: Swap behavior 2
01-16 21:43:29.454 29474 29474 I Finsky  : [2] pxp.onTrimMemory(1): Memory trim requested to level 80
01-16 21:43:29.456  2748  2748 D Launcher.Utilities: Wakeup weather: Intent { act=com.motorola.launcher3.action.WAKEUP_WEATHER cmp=com.motorola.timeweatherwidget/com.motorola.commandcenter.weather.WakeUpService }
01-16 21:43:29.470  1456  1456 I NotificationService: Cannot find enqueued record for key: 0|com.motorola.timeweatherwidget|1|null|10116
01-16 21:43:29.474   808   808 D SurfaceFlinger: duplicate layer name: changing com.android.launcher3/com.android.launcher3.CustomizationPanelLauncher to com.android.launcher3/com.android.launcher3.CustomizationPanelLauncher#1
01-16 21:43:29.494 26094 26199 W ThreadPoolDumper: Queue length for executor EventBus is now 11. Perhaps some tasks are too long, or the pool is too small.
01-16 21:43:29.499  1456  7570 I WifiService: getWifiEnabledState uid=10073
01-16 21:43:29.504 26094 26101 I zygote  : Do full code cache collection, code=1015KB, data=657KB
01-16 21:43:29.508 26094 26101 I zygote  : After code cache collection, code=977KB, data=554KB
01-16 21:43:29.512  1456  2196 I WifiService: getWifiEnabledState uid=10073
01-16 21:43:29.572  1456  1673 I LaunchCheckinHandler: Displayed com.android.launcher3/.CustomizationPanelLauncher,wp,wa,152
01-16 21:43:29.573 26094 26271 I MicroDetectionState: Should stop hotword detection immediately - false
01-16 21:43:29.582 26094 26271 I MicroDetectionWorker: #startMicroDetector [speakerMode: 0]
01-16 21:43:29.585 26094 26271 I AudioController: Created new AudioSource
01-16 21:43:29.588 26094 26197 I MicroDataManager: isInitializedWithLatestParams-true
01-16 21:43:29.588 26094 26197 I MicroDataManager: isInitializing-false locale not changed-true model not changed-true
01-16 21:43:29.589 26094 26197 I MicroDataManager: Already initialized, obtaining the hotword data immediately.
01-16 21:43:29.596 26094 26315 I MicroRecognitionRunner: Starting detection.
01-16 21:43:29.599 26094 26315 I InputStreamUtils: Using micInputStream
01-16 21:43:29.600 26094 29267 I MicrophoneInputStream: mic_starting  SR : 16000 CC : 16 SO : 1999
01-16 21:43:29.604   788  1401 V msm8974_platform: platform_check_input_mask: enter check_input_mask source 6 mask 10
01-16 21:43:29.606  1012 30927 I AudioFlinger: AudioFlinger's thread 0xb2483ec0 tid=30927 ready to run
01-16 21:43:29.611   788  1401 D audio_hw_primary: in_set_parameters: enter: kvpairs=input_source=6;routing=-2147483644
01-16 21:43:29.612  1012 11919 D APM_AudioPolicyManager: AudioPolicyManager::startInput() input 95822, session 95889, source = 1999
01-16 21:43:29.612 26094 29267 I MicrophoneInputStream: mic_started  SR : 16000 CC : 16 SO : 1999
01-16 21:43:29.614   788 30928 V msm8974_platform: platform_update_usecase_from_source: input source :6
01-16 21:43:29.614   788 30928 V msm8974_platform: platform_check_input_mask: enter check_input_mask source 6 mask 10
01-16 21:43:29.614   788 30928 V msm8974_platform: platform_get_input_snd_device: enter: out_device(0) in_device(0x4) channel_count (1) channel_mask (0x10)
01-16 21:43:29.614   788 30928 V msm8974_platform: platform_get_input_snd_device: exit: in_snd_device(voice-rec-mic)
01-16 21:43:29.614   788 30928 V msm8974_platform: platform_get_backend_index:napb: backend port - 5 device - 120 
01-16 21:43:29.614   788 30928 V msm8974_platform: platform_check_and_set_capture_backend_cfg:txbecf: afe: bitwidth 0, samplerate 0, channel 1, backend_idx 5 usecase = 9 device (voice-rec-mic)
01-16 21:43:29.614   788 30928 V msm8974_platform: platform_check_capture_backend_cfg:txbecf: afe: Codec selected backend: 5 current bit width: 0 and sample rate: 0, channels 1
01-16 21:43:29.614   788 30928 V msm8974_platform: platform_check_capture_backend_cfg:txbecf: afe: Codec selected backend: 5 updated bit width: 0 and sample rate: 0
01-16 21:43:29.614   788 30928 I msm8974_platform: platform_check_capture_backend_cfg:txbecf: afe: Codec backend needs to be updated. new bit width: 0 new sample rate: 0 new channel: 1
01-16 21:43:29.614   788 30928 V msm8974_platform: platform_get_backend_index:napb: backend port - 5 device - 120 
01-16 21:43:29.614   788 30928 V msm8974_platform: platform_set_backend_cfg:becf: afe: bitwidth 0, samplerate 0 channels 1, backend_idx 5 device (voice-rec-mic)
01-16 21:43:29.615   788 30928 E msm8974_platform: platform_set_backend_cfg:becf: afe: Could not get ctl for mixer command - SLIM_0_TX Format
01-16 21:43:29.615   788 30928 V msm8974_platform: platform_send_audio_calibration: sending audio calibration for snd_device(120) acdb_id(62)
01-16 21:43:29.615   788 30928 D ACDB-LOADER: ACDB -> send_audio_cal, acdb_id = 62, path = 1, app id = 0x11130, sample rate = 48000
01-16 21:43:29.615   788 30928 D ACDB-LOADER: ACDB -> send_asm_topology
01-16 21:43:29.615   788 30928 D ACDB-LOADER: ACDB -> ACDB_CMD_GET_AUDPROC_STREAM_TOPOLOGY_ID
01-16 21:43:29.615   788 30928 D ACDB-LOADER: ACDB -> send_adm_topology
01-16 21:43:29.615   788 30928 D ACDB-LOADER: ACDB -> ACDB_CMD_GET_AUDPROC_COMMON_TOPOLOGY_ID
01-16 21:43:29.615   788 30928 D ACDB-LOADER: ACDB -> send_audtable
01-16 21:43:29.615   788 30928 D ACDB-LOADER: ACDB -> ACDB_CMD_GET_AUDPROC_COMMON_TABLE_SIZE
01-16 21:43:29.615   788 30928 D ACDB-LOADER: ACDB -> ACDB_CMD_GET_AUDPROC_COMMON_TABLE
01-16 21:43:29.615   788 30928 D ACDB-LOADER: ACDB -> AUDIO_SET_AUDPROC_CAL
01-16 21:43:29.615   788 30928 D ACDB-LOADER: ACDB -> send_audvoltable
01-16 21:43:29.615   788 30928 D ACDB-LOADER: ACDB -> ACDB_CMD_GET_AUDPROC_VOL_STEP_TABLE_SIZE
01-16 21:43:29.615   788 30928 D ACDB-LOADER: ACDB -> ACDB_CMD_GET_AUDPROC_GAIN_DEP_STEP_TABLE, vol index 0
01-16 21:43:29.615   788 30928 D         : Failed to fetch the lookup information of the device 0000003E 
01-16 21:43:29.615   788 30928 D ACDB-LOADER: ACDB -> AUDIO_SET_VOL_CAL cal type = 12
01-16 21:43:29.615   788 30928 D ACDB-LOADER: ACDB -> ACDB_CMD_GET_AUDPROC_STREAM_TABLE_SIZE
01-16 21:43:29.615   788 30928 D ACDB-LOADER: ACDB -> send_audstrmtable
01-16 21:43:29.615   788 30928 D ACDB-LOADER: ACDB -> ACDB_CMD_GET_AUDPROC_STREAM_TABLE_V2
01-16 21:43:29.615   788 30928 D ACDB-LOADER: ACDB -> audstrm_cal->cal_type.cal_data.cal_size = 456
01-16 21:43:29.615   788 30928 D ACDB-LOADER: ACDB -> send_afe_topology
01-16 21:43:29.615   788 30928 D ACDB-LOADER: ACDB -> ACDB_CMD_GET_AFE_TOPOLOGY_ID
01-16 21:43:29.615   788 30928 D ACDB-LOADER: ACDB -> GET_AFE_TOPOLOGY_ID for adcd_id 62, Topology Id 112fb
01-16 21:43:29.615   788 30928 D ACDB-LOADER: ACDB -> send_afe_cal
01-16 21:43:29.615   788 30928 D ACDB-LOADER: ACDB -> ACDB_CMD_GET_AFE_COMMON_TABLE_SIZE
01-16 21:43:29.615   788 30928 D         : Failed to fetch the lookup information of the device 0000003E 
01-16 21:43:29.615   788 30928 E ACDB-LOADER: Error: ACDB_CMD_GET_AFE_COMMON_TABLE_SIZE Returned = -19
01-16 21:43:29.615   788 30928 D ACDB-LOADER: ACDB -> ACDB_CMD_GET_AFE_COMMON_TABLE
01-16 21:43:29.615   788 30928 D         : Failed to fetch the lookup information of the device 0000003E 
01-16 21:43:29.615   788 30928 D ACDB-LOADER: ACDB -> AUDIO_SET_AFE_CAL
01-16 21:43:29.615   788 30928 D ACDB-LOADER: ACDB -> send_hw_delay : acdb_id = 62 path = 1
01-16 21:43:29.615   788 30928 D ACDB-LOADER: ACDB -> ACDB_AVSYNC_INFO: ACDB_CMD_GET_DEVICE_PROPERTY
01-16 21:43:29.615   788 30928 D audio_hw_primary: enable_snd_device: snd_device(120: voice-rec-mic)
01-16 21:43:29.616   788 30928 D audio_route: Apply path: voice-rec-mic
01-16 21:43:29.620   788 30928 V msm8974_platform: platform_get_snd_device_backend_index: enter with device 120
01-16 21:43:29.620   788 30928 E msm8974_platform: platform_get_snd_device_backend_index: BE DAI Name Table is not present
01-16 21:43:29.620   788 30928 V msm8974_platform: platform_get_backend_index:napb: backend port - 5 device - 120 
01-16 21:43:29.620   788 30928 I audio_hw_utils: Set Audio Stream Capture 0 App Type Cfg: app_type 69936, acdb_dev_id 62, sample_rate 48000, snd_device_be_idx -14
01-16 21:43:29.621   788 30928 D audio_hw_primary: enable_audio_route: usecase(9) apply and update mixer path: audio-record
01-16 21:43:29.621   788 30928 D audio_route: Apply path: audio-record
01-16 21:43:29.690 26094 26271 I MicroDetectionWorker: onReady
01-16 21:43:29.972  1456  7796 I OpenGLRenderer: Initialized EGL, version 1.4
01-16 21:43:29.972  1456  7796 D OpenGLRenderer: Swap behavior 2
01-16 21:43:30.034  2748  2917 W OpenGLRenderer: Incorrectly called buildLayer on View: ShortcutAndWidgetContainer, destroying layer...
01-16 21:43:30.126 30721 30721 D GeckoRuntime: Lifecycle: onPause
01-16 21:43:30.126 30721 30721 D GeckoNetworkManager: Incoming event stop for state OnWithListeners -> OffWithListeners
01-16 21:43:30.127 30721 30721 I SessionStorage/AutoSave: Save: Background
01-16 21:43:30.129 30721 30750 D SessionStorage/AutoSave: Saved state to disk [0ms]
01-16 21:43:30.133 30721 30746 I libglean_ffi: glean_core::ping: Collecting baseline
01-16 21:43:30.138 30721 30746 D libglean_ffi: glean_core::ping: Storing ping '9943f06e-6833-4b49-8e36-adb873aec880' at '/data/user/0/org.mozilla.fenix.nightly/glean_data/pending_pings/9943f06e-6833-4b49-8e36-adb873aec880'
01-16 21:43:30.138 30721 30746 I libglean_ffi: glean_core: The ping 'baseline' was submitted and will be sent as soon as possible
01-16 21:43:30.138 30721 30746 I libglean_ffi: glean_core::ping: Collecting events
01-16 21:43:30.142 30721 30746 D libglean_ffi: glean_core::ping: Storing ping 'd698b7dd-3ebd-47ab-b1e5-f333abaf1eda' at '/data/user/0/org.mozilla.fenix.nightly/glean_data/pending_pings/d698b7dd-3ebd-47ab-b1e5-f333abaf1eda'
01-16 21:43:30.142 30721 30746 I libglean_ffi: glean_core: The ping 'events' was submitted and will be sent as soon as possible
01-16 21:43:30.157 20319 26909 I Icing   : Indexing com.google.android.gms-apps from com.google.android.gms
01-16 21:43:30.188  1456 10736 D ConnectivityService: requestNetwork for uid/pid:10749/30721 NetworkRequest [ TRACK_DEFAULT id=19855, [ Capabilities: INTERNET&NOT_RESTRICTED&TRUSTED&NOT_VPN] ]
01-16 21:43:30.190  1456  2099 D Ethernet: got request NetworkRequest [ TRACK_DEFAULT id=19855, [ Capabilities: INTERNET&NOT_RESTRICTED&TRUSTED&NOT_VPN] ] with score 60
01-16 21:43:30.190  1456  2054 D WIFI_UT : got request NetworkRequest [ TRACK_DEFAULT id=19855, [ Capabilities: INTERNET&NOT_RESTRICTED&TRUSTED&NOT_VPN] ] with score 60
01-16 21:43:30.190  1456  2054 D WIFI    : got request NetworkRequest [ TRACK_DEFAULT id=19855, [ Capabilities: INTERNET&NOT_RESTRICTED&TRUSTED&NOT_VPN] ] with score 60
01-16 21:43:30.192  2398  2398 D PhoneSwitcherNetworkRequstListener: got request NetworkRequest [ TRACK_DEFAULT id=19855, [ Capabilities: INTERNET&NOT_RESTRICTED&TRUSTED&NOT_VPN] ] with score 60
01-16 21:43:30.198 30721 30930 D glean/PingUploadWorker: Processing persisted pings at /data/user/0/org.mozilla.fenix.nightly/glean_data/pending_pings
01-16 21:43:30.199 30721 30930 D glean/PingUploadWorker: Processing ping: 9943f06e-6833-4b49-8e36-adb873aec880
01-16 21:43:30.204 30721 30930 D glean/ConceptFetchHttpUploader: Submitting ping to: https://incoming.telemetry.mozilla.org/submit/org-mozilla-fenix-nightly/baseline/1/9943f06e-6833-4b49-8e36-adb873aec880
01-16 21:43:30.215   808   898 I SFPerfTracer:      triggers: (rate: 0:0) (0 sw vsyncs) (0 skipped) (40:2595345 vsyncs) (42:4708626)
01-16 21:43:30.222 20319 26909 I Icing   : Indexing done com.google.android.gms-apps
01-16 21:43:30.278  1456  1466 I zygote  : NativeAlloc concurrent copying GC freed 56369(3MB) AllocSpace objects, 27(1180KB) LOS objects, 41% free, 33MB/57MB, paused 156us total 306.236ms
01-16 21:43:30.532 30721 30930 D glean/ConceptFetchHttpUploader: Ping successfully sent (200)
01-16 21:43:30.532 30721 30930 D glean/PingUploadWorker: 9943f06e-6833-4b49-8e36-adb873aec880 was deleted: true
01-16 21:43:30.533 30721 30930 D glean/PingUploadWorker: Processing ping: d698b7dd-3ebd-47ab-b1e5-f333abaf1eda
01-16 21:43:30.534 30721 30930 D glean/ConceptFetchHttpUploader: Submitting ping to: https://incoming.telemetry.mozilla.org/submit/org-mozilla-fenix-nightly/events/1/d698b7dd-3ebd-47ab-b1e5-f333abaf1eda
01-16 21:43:30.699 30721 30930 D glean/ConceptFetchHttpUploader: Ping successfully sent (200)
01-16 21:43:30.699 30721 30930 D glean/PingUploadWorker: d698b7dd-3ebd-47ab-b1e5-f333abaf1eda was deleted: true
01-16 21:43:30.701 30721 30740 I WM-WorkerWrapper: Worker result SUCCESS for Work [ id=103ccffe-abb6-47ab-8010-4fd5a1083327, tags={ mozilla.telemetry.glean.scheduler.PingUploadWorker, mozac_service_glean_ping_upload_worker } ]
01-16 21:43:30.704  1456  2067 D ConnectivityService: releasing NetworkRequest [ TRACK_DEFAULT id=19855, [ Capabilities: INTERNET&NOT_RESTRICTED&TRUSTED&NOT_VPN] ] (release request)
01-16 21:43:34.597  1456 10736 I ActivityManager: Force stopping org.mozilla.fenix.nightly appid=10749 user=0: from pid 30936
01-16 21:43:34.597  1456 10736 I ActivityManager: Killing 30721:org.mozilla.fenix.nightly/u0a749 (adj 700): stop org.mozilla.fenix.nightly
01-16 21:43:34.600  1456  1605 W zygote  : kill(-30721, 9) failed: No such process
01-16 21:43:34.600 30769 30769 I ServiceChildProcess: Service has been unbound. Stopping.
01-16 21:43:34.601  1456 10736 W ActivityManager: Force removing ActivityRecord{d12d787 u0 org.mozilla.fenix.nightly/org.mozilla.fenix.HomeActivity t18631}: app died, no saved state
01-16 21:43:34.610  1456 10736 I ActivityManager: Killing 30769:org.mozilla.fenix.nightly:tab/u0a749 (adj 0): stop org.mozilla.fenix.nightly
01-16 21:43:34.615  1456  1605 W zygote  : kill(-30721, 9) failed: No such process
01-16 21:43:34.624  2398  2398 D CarrierSvcBindHelper: No carrier app for: 0
01-16 21:43:34.625  2398  2398 D CarrierSvcBindHelper: No carrier app for: 1
01-16 21:43:34.630  1456  1605 W zygote  : kill(-30721, 9) failed: No such process
01-16 21:43:34.671  1456  1605 I chatty  : uid=1000(system) ActivityManager identical 3 lines
01-16 21:43:34.673  1456  1673 W ActivityManager: setHasOverlayUi called on unknown pid: 30721
01-16 21:43:34.686  1456  1605 W zygote  : kill(-30721, 9) failed: No such process
01-16 21:43:34.686  1456  1605 I zygote  : Successfully killed process cgroup uid 10749 pid 30721 in 86ms
01-16 21:43:34.686  1456  1605 W zygote  : kill(-30769, 9) failed: No such process
01-16 21:43:34.687  1456  1605 I zygote  : Successfully killed process cgroup uid 10749 pid 30769 in 0ms
01-16 21:43:34.719  1456  4829 I ActivityManager: START u0 {act=android.intent.action.MAIN cat=[android.intent.category.LAUNCHER] flg=0x10000000 cmp=org.mozilla.fenix.nightly/org.mozilla.fenix.HomeActivity} from uid 2000
01-16 21:43:34.720   794   839 E ANDR-PERF-RESOURCEQS: Failed to apply optimization [4, 0]
01-16 21:43:34.739  1456  7556 I ActivityManager: Start proc 30943:org.mozilla.fenix.nightly/u0a749 for activity org.mozilla.fenix.nightly/org.mozilla.fenix.HomeActivity
01-16 21:43:34.833 26094 26271 I MicroDetectionState: Should stop hotword detection immediately - false
01-16 21:43:34.834 26094 26271 I MicroDetector: Keeping mic open: false
01-16 21:43:34.834 26094 26215 E DeviceStateChecker: DeviceStateChecker cancelled
01-16 21:43:34.834 26094 26271 I RecognitionAudioControl: #shutdownAudio [requestId: -6142004158773194085, keepAudioOpen: false, forced: true]
01-16 21:43:34.834 26094 26271 I RecognitionAudioControl: #internalShutdownAudio [requestId: -6142004158773194085]
01-16 21:43:34.834 26094 26271 I RecognitionAudioControl: #internalShutdownAudio [keepAudioOpen: false, forced: true]
01-16 21:43:34.835 26094 26271 I RecognitionAudioControl: #actualShutdownAudio
01-16 21:43:34.835 26094 26271 I AudioController: #shutdown [requestId=-6142004158773194085]
01-16 21:43:34.835 26094 26207 I AudioController: internalShutdown
01-16 21:43:34.835 26094 26228 I MicroRecognitionRunner: Stopping hotword detection.
01-16 21:43:34.838 26094 26315 I MicroRecognitionRunner: Detection finished
01-16 21:43:34.888   788  1401 D audio_hw_primary: disable_audio_route: usecase(9) reset and update mixer path: audio-record
01-16 21:43:34.889   788  1401 D audio_hw_primary: disable_snd_device: snd_device(120: voice-rec-mic)
01-16 21:43:34.891  1012 11919 D APM_AudioPolicyManager: stopInput() input 95822, session 95889
01-16 21:43:34.891   788  1479 D audio_hw_primary: in_set_parameters: enter: kvpairs=routing=0
01-16 21:43:34.895 26094 26207 I MicrophoneInputStream: mic_close  SR : 16000 CC : 16 SO : 1999
01-16 21:43:34.895 30943 30943 D FirebaseApp: com.google.firebase.auth.FirebaseAuth is not linked. Skipping initialization.
01-16 21:43:34.895 26094 26207 E AudioSource: Stop listening is called on already closed AudioSource
01-16 21:43:34.896 30943 30943 D FirebaseApp: com.google.firebase.crash.FirebaseCrash is not linked. Skipping initialization.
01-16 21:43:34.897 30943 30943 I FirebaseInitProvider: FirebaseApp initialization successful
01-16 21:43:34.955 30943 30943 D FenixApplication: Initializing Glean (uploadEnabled=false)
01-16 21:43:34.960 30943 30961 I FA      : Collection disabled with firebase_analytics_collection_enabled=0
01-16 21:43:34.960 30943 30961 I FA      : App measurement is starting up, version: 12780
01-16 21:43:34.960 30943 30961 I FA      : To enable debug logging run: adb shell setprop log.tag.FA VERBOSE
01-16 21:43:34.961 30943 30961 I FA      : To enable faster debug mode event logging run:
01-16 21:43:34.961 30943 30961 I FA      :   adb shell setprop debug.firebase.analytics.app org.mozilla.fenix.nightly
01-16 21:43:34.972 30943 30943 D libglean_ffi: glean_ffi: Android logging should be hooked up!
01-16 21:43:34.974 30943 30943 I glean/Glean: Registering pings for mozilla.telemetry.glean.GleanMetrics.Pings
01-16 21:43:34.980 30943 30943 I libglean_ffi: glean_core: Creating new Glean
01-16 21:43:34.980 30943 30943 D libglean_ffi: glean_core::database: Database path: "/data/user/0/org.mozilla.fenix.nightly/glean_data/db"
01-16 21:43:34.981 30943 30943 I libglean_ffi: glean_core::database: Database initialized
01-16 21:43:34.982 30943 30943 D libglean_ffi: glean_core::ping: All pending pings deleted
01-16 21:43:34.988 30943 30943 I libglean_ffi: glean_ffi: Glean initialized
01-16 21:43:35.005 30943 30943 D glean/MetricsPingSched: The 'metrics' ping was last sent on Thu Jan 16 00:00:00 EST 2020
01-16 21:43:35.006 30943 30943 I glean/MetricsPingSched: The 'metrics' ping was already sent today, Thu Jan 16 21:43:34 EST 2020.
01-16 21:43:35.007 30943 30943 D glean/MetricsPingSched: Scheduling the 'metrics' ping in 22585007ms
01-16 21:43:35.009 30943 30966 D libglean_ffi: glean_core: Clearing Lifetime::Application metrics
01-16 21:43:35.033 30943 30943 I glean/Dispatchers: Initial tasks queue completed successfully
01-16 21:43:35.040 30943 30970 D RustNativeSupport: findMegazordLibraryName(viaduct, 0.48.2
01-16 21:43:35.041 30943 30970 D RustNativeSupport: lib in use: none
01-16 21:43:35.041 30943 30970 D RustNativeSupport: lib configured: fenix
01-16 21:43:35.041 30943 30970 D RustNativeSupport: lib version configured: 0.48.2
01-16 21:43:35.041 30943 30970 D RustNativeSupport: settled on fenix
01-16 21:43:35.058 30943 30970 D RustNativeSupport: findMegazordLibraryName(rustlog, 0.48.2
01-16 21:43:35.058 30943 30970 D RustNativeSupport: lib in use: none
01-16 21:43:35.058 30943 30970 D RustNativeSupport: lib configured: fenix
01-16 21:43:35.058 30943 30970 D RustNativeSupport: lib version configured: 0.48.2
01-16 21:43:35.058 30943 30970 D RustNativeSupport: settled on fenix
01-16 21:43:35.060 30943 30970 I rc_log_ffi::ios: rc_log adapter initialized!
01-16 21:43:35.062 30943 30948 I zygote  : Do partial code cache collection, code=17KB, data=16KB
01-16 21:43:35.064 30943 30948 I zygote  : After code cache collection, code=17KB, data=16KB
01-16 21:43:35.065 30943 30948 I zygote  : Increasing code cache capacity to 128KB
01-16 21:43:35.083  1456  4829 D ConnectivityService: requestNetwork for uid/pid:10749/30943 NetworkRequest [ TRACK_DEFAULT id=19856, [ Capabilities: INTERNET&NOT_RESTRICTED&TRUSTED&NOT_VPN] ]
01-16 21:43:35.084  1456  2099 D Ethernet: got request NetworkRequest [ TRACK_DEFAULT id=19856, [ Capabilities: INTERNET&NOT_RESTRICTED&TRUSTED&NOT_VPN] ] with score 60
01-16 21:43:35.084  1456  2054 D WIFI_UT : got request NetworkRequest [ TRACK_DEFAULT id=19856, [ Capabilities: INTERNET&NOT_RESTRICTED&TRUSTED&NOT_VPN] ] with score 60
01-16 21:43:35.085  1456  2054 D WIFI    : got request NetworkRequest [ TRACK_DEFAULT id=19856, [ Capabilities: INTERNET&NOT_RESTRICTED&TRUSTED&NOT_VPN] ] with score 60
01-16 21:43:35.085  2398  2398 D PhoneSwitcherNetworkRequstListener: got request NetworkRequest [ TRACK_DEFAULT id=19856, [ Capabilities: INTERNET&NOT_RESTRICTED&TRUSTED&NOT_VPN] ] with score 60
01-16 21:43:35.109 30943 30943 D GeckoThread: State changed to LAUNCHED
01-16 21:43:35.110 30943 30982 I GeckoThread: preparing to run Gecko
01-16 21:43:35.117 30943 30943 D GeckoRuntime: Lifecycle: onCreate
01-16 21:43:35.117 30943 30982 D GeckoThread: State changed to MOZGLUE_READY
01-16 21:43:35.128 30943 30982 W Settings: Setting animator_duration_scale has moved from android.provider.Settings.System to android.provider.Settings.Global, returning read-only global URI.
01-16 21:43:35.129 30943 30943 I zygote  : Deoptimizing java.lang.Object androidx.collection.SimpleArrayMap.put(java.lang.Object, java.lang.Object) due to JIT inline cache
01-16 21:43:35.130 30943 30982 E GeckoLibLoad: Load sqlite start
01-16 21:43:35.131 30943 30943 D GleanMetricsService: Enabling Glean.
01-16 21:43:35.149 30943 30982 W GeckoLinker: /data/app/org.mozilla.fenix.nightly-Q8vlstZ3edJCEtanIyPYVQ==/lib/arm/libnss3.so: unhandled flags #8 not handled
01-16 21:43:35.152 30943 30966 I libglean_ffi: glean_core: Upload enabled: true
01-16 21:43:35.156 30943 30982 W GeckoLinker: /data/app/org.mozilla.fenix.nightly-Q8vlstZ3edJCEtanIyPYVQ==/lib/arm/libnss3.so: Relocation to NULL @0x00130ffc for symbol "__cxa_type_match"
01-16 21:43:35.156 30943 30982 E GeckoLibLoad: Load sqlite done
01-16 21:43:35.157 30943 30982 E GeckoLibLoad: Load nss start
01-16 21:43:35.157 30943 30982 E GeckoLibLoad: Load nss done
01-16 21:43:35.158 30943 30982 W GeckoLinker: /data/app/org.mozilla.fenix.nightly-Q8vlstZ3edJCEtanIyPYVQ==/lib/arm/libxul.so: unhandled flags #8 not handled
01-16 21:43:35.158 30943 30982 W GeckoLinker: /data/app/org.mozilla.fenix.nightly-Q8vlstZ3edJCEtanIyPYVQ==/lib/arm/liblgpllibs.so: unhandled flags #8 not handled
01-16 21:43:35.181   808   808 I SFPerfTracer:      triggers: (rate: 50:372312) (compose: 0:6) (post: 0:13) (render: 0:10) (16:3389182 frames) (17:4668407)
01-16 21:43:35.181   808   808 D SFPerfTracer:        layers: (3:13) (NavigationBar#0 (0xb07df000): 9:423822) (StatusBar#0 (0xb07e3000): 9:1229424) (com.android.systemui.ImageWallpaper#0 (0xb07e7000): 0:35378)* (Sprite#0 (0xb0733000): 0:317)* (DimLayerController/Stack=0#0 (0xb075a000): 0:3589)* (Sprite#1 (0xb077c000): 0:195)* (com.android.launcher3/com.android.launcher3.CustomizationPanelLauncher#0 (0xb0763000): 0:43)- (com.android.launcher3/com.android.launcher3.CustomizationPanelLauncher#1 (0xb0771000): 0:11)- (Splash Screen org.mozilla.fenix.nightly#0 (0xb0384000): 0:30)- (org.mozilla.fenix.nightly/org.mozilla.fenix.HomeActivity#0 (0xb039b000): 0:46)- (com.android.launcher3/com.android.launcher3.CustomizationPanelLauncher#0 (0xb0763000): 0:40)* (com.android.launcher3/com.android.launcher3.CustomizationPanelLauncher#1 (0xb0771000): 0:10)* (Splash Screen org.mozilla.fenix.nightly#0 (0xb0384000): 16:19) 
01-16 21:43:35.193 30943 30982 E GeckoLibLoad: Loaded libs in 36.049691ms total, 23ms(66ms) user, 13ms(26ms) system, 0(0) faults
01-16 21:43:35.193 30943 30982 D GeckoThread: State changed to LIBS_READY
01-16 21:43:35.194 30943 30982 W GeckoThread: zerdatime 11757103868 - runGecko
01-16 21:43:35.198 30943 30982 D GeckoProfile: Loading profile at: null name: default
01-16 21:43:35.199 30943 30982 D GeckoProfile: Found profile dir: /data/user/0/org.mozilla.fenix.nightly/files/mozilla/lfkob5hg.default
01-16 21:43:35.208  1456  4829 I ActivityManager: Start proc 30986:org.mozilla.fenix.nightly:tab/u0a749 for service org.mozilla.fenix.nightly/org.mozilla.gecko.process.GeckoServiceChildProcess$tab
01-16 21:43:35.223 30943 30943 W [WARNING][Leanplum]: [com.leanplum.internal.ActionManager::getLocationManager::8]: Geofencing support requires leanplum-location module and Google Play Services v8.1 and higher.
01-16 21:43:35.223 30943 30943 W [WARNING][Leanplum]: Add this to your build.gradle file:
01-16 21:43:35.223 30943 30943 W [WARNING][Leanplum]: implementation 'com.google.android.gms:play-services-location:8.3.0+'
01-16 21:43:35.223 30943 30943 W [WARNING][Leanplum]: implementation 'com.leanplum:leanplum-location:+'
01-16 21:43:35.242 30943 30943 I [INFO][Leanplum]: [com.leanplum.monitoring.ExceptionHandler::setContext::6]: LeanplumExceptionHandler could not initialize Exception Reporting.This is expected if you have not included the leanplum-monitoring module
01-16 21:43:35.265 30943 30943 I FirefoxAccountStateMachine: Enabling/updating sync with a new SyncConfig: SyncConfig(supportedEngines=[mozilla.components.service.fxa.SyncEngine$History@1d37a3a, mozilla.components.service.fxa.SyncEngine$Bookmarks@924e6eb, mozilla.components.service.fxa.SyncEngine$Passwords@7d41c48], syncPeriodInMinutes=240)
01-16 21:43:35.268 30943 30943 I BgSyncManager: Periodic syncing enabled at a 240 interval
01-16 21:43:35.268 30943 30943 I FirefoxAccountStateMachine: Sync is enabled
01-16 21:43:35.269 30943 30943 D PushConfig: Creating push configuration for autopush.
01-16 21:43:35.273 30943 31009 D AutoPushFeature: Initializing native component with the cached token.
01-16 21:43:35.276 30943 31009 D RustNativeSupport: findMegazordLibraryName(push, 0.48.2
01-16 21:43:35.277 30943 31009 D RustNativeSupport: lib in use: none
01-16 21:43:35.277 30943 31009 D RustNativeSupport: lib configured: fenix
01-16 21:43:35.277 30943 31009 D RustNativeSupport: lib version configured: 0.48.2
01-16 21:43:35.277 30943 31009 D RustNativeSupport: settled on fenix
01-16 21:43:35.278 30943 31011 I FirefoxAccountStateMachine: Processing event Event$Init for state Start. Next state is Start
01-16 21:43:35.279 30943 30943 I App     : AutoPushFeature is configured, initializing it...
01-16 21:43:35.279 30943 30943 I AutoPushFeature: Checking validity of push subscriptions.
01-16 21:43:35.292 30943 31011 I FirefoxAccountStateMachine: Ran 'Event$Init' side-effects for state Start, got successive event Event$AccountNotFound
01-16 21:43:35.293 30943 31011 I FirefoxAccountStateMachine: Processing event Event$AccountNotFound for state Start. Next state is NotAuthenticated
01-16 21:43:35.295 30943 31011 D RustNativeSupport: findMegazordLibraryName(fxaclient, 0.48.2
01-16 21:43:35.295 30943 31011 D RustNativeSupport: lib in use: none
01-16 21:43:35.295 30943 31011 D RustNativeSupport: lib configured: fenix
01-16 21:43:35.295 30943 31011 D RustNativeSupport: lib version configured: 0.48.2
01-16 21:43:35.295 30943 31011 D RustNativeSupport: settled on fenix
01-16 21:43:35.298 30943 31011 D fxaclient_ffi: fxa_new
01-16 21:43:35.330 30943 30943 D PhoneWindow: Restoring navigation bar divider color to default value = 0x00000000
01-16 21:43:35.341 30986 30986 D GeckoThread: State changed to LAUNCHED
01-16 21:43:35.342 30986 31019 I GeckoThread: preparing to run Gecko
01-16 21:43:35.411 30943 30948 I zygote  : Do partial code cache collection, code=55KB, data=39KB
01-16 21:43:35.413 30943 30948 I zygote  : After code cache collection, code=53KB, data=38KB
01-16 21:43:35.413 30943 30948 I zygote  : Increasing code cache capacity to 256KB
01-16 21:43:35.493 29081 29094 D AuthStateProvider: Verifying caller's signature:77eac4ceed36afefba76179931dd4cc195ab0cd54baf355d215e7bbdd28e402a
01-16 21:43:35.493 29081 29094 D AuthStateProvider: Success!
01-16 21:43:35.494 30943 30943 E ActivityThread: Failed to find provider info for org.mozilla.fennec_aurora.fxa.auth
01-16 21:43:35.542 30943 30982 I Gecko:DumpUtils: Fifo watcher disabled via pref.
01-16 21:43:35.554 30943 30943 D GeckoRuntime: Lifecycle: onStart
01-16 21:43:35.583 30943 30943 D GeckoRuntime: Lifecycle: onResume
01-16 21:43:35.584 30943 31011 W FirefoxAccountStateMachine: Got invalid event Event$Init for state NotAuthenticated.
01-16 21:43:35.588 30943 31001 D NetworkSecurityConfig: No Network Security Config specified, using platform default
01-16 21:43:35.589 30943 30943 D GeckoNetworkManager: Incoming event start for state OffNoListeners -> OnNoListeners
01-16 21:43:35.591 30943 30943 D GeckoNetworkManager: New network state: UP, WIFI, WIFI
01-16 21:43:35.593 30943 30982 D GeckoSysInfo: System memory: 1867MB.
01-16 21:43:35.598 30943 30982 D GeckoThread: State changed to JNI_READY
01-16 21:43:35.624 30943 31052 D OpenGLRenderer: HWUI GL Pipeline
01-16 21:43:35.637 30943 31053 D glean/PingUploadWorker: Processing persisted pings at /data/user/0/org.mozilla.fenix.nightly/glean_data/deletion_request
01-16 21:43:35.638 30943 30943 I glean/Glean: Registering pings for org.mozilla.fenix.GleanMetrics.Pings
01-16 21:43:35.640 30943 30973 I WM-WorkerWrapper: Worker result SUCCESS for Work [ id=0e540225-0546-4b7c-97d0-0b01e3cf460b, tags={ mozilla.telemetry.glean.scheduler.DeletionPingUploadWorker, mozac_service_glean_deletion_ping_upload_worker } ]
01-16 21:43:35.660 30943 30943 D App     : ActivationPing - already generated
01-16 21:43:35.666 30943 30943 D GeckoNetworkManager: Incoming event receivedUpdate for state OnNoListeners -> OnNoListeners
01-16 21:43:35.667 30943 30943 D GeckoNetworkManager: New network state: UP, WIFI, WIFI
01-16 21:43:35.669  1456  2402 I WifiService: getDhcpInfo uid=10749
01-16 21:43:35.738 30943 30943 I zygote  : Deoptimizing void androidx.constraintlayout.widget.ConstraintLayout$LayoutParams.resolveLayoutDirection(int) due to JIT inline cache
01-16 21:43:35.888 30943 30948 I zygote  : Do full code cache collection, code=125KB, data=94KB
01-16 21:43:35.890 30943 30948 I zygote  : After code cache collection, code=96KB, data=52KB
01-16 21:43:35.921 30943 31052 I Adreno  : QUALCOMM build                   : bb5b86c, I77d3059488
01-16 21:43:35.921 30943 31052 I Adreno  : Build Date                       : 06/07/18
01-16 21:43:35.921 30943 31052 I Adreno  : OpenGL ES Shader Compiler Version: EV031.22.00.01_06
01-16 21:43:35.921 30943 31052 I Adreno  : Local Branch                     : 
01-16 21:43:35.921 30943 31052 I Adreno  : Remote Branch                    : refs/tags/AU_LINUX_ANDROID_LA.UM.6.5.R1.08.01.00.312.086
01-16 21:43:35.921 30943 31052 I Adreno  : Remote Branch                    : NONE
01-16 21:43:35.921 30943 31052 I Adreno  : Reconstruct Branch               : NOTHING
01-16 21:43:35.922 30943 31052 D vndksupport: Loading /vendor/lib/hw/gralloc.msm8937.so from current namespace instead of sphal namespace.
01-16 21:43:35.931 30943 31052 I Adreno  : PFP: 0x005ff087, ME: 0x005ff063
01-16 21:43:35.943 30943 31052 I zygote  : android::hardware::configstore::V1_0::ISurfaceFlingerConfigs::hasWideColorDisplay retrieved: 0
01-16 21:43:35.946 30943 31052 I OpenGLRenderer: Initialized EGL, version 1.4
01-16 21:43:35.946 30943 31052 D OpenGLRenderer: Swap behavior 2
01-16 21:43:35.990  1456  2067 D ConnectivityService: releasing NetworkRequest [ TRACK_DEFAULT id=19856, [ Capabilities: INTERNET&NOT_RESTRICTED&TRUSTED&NOT_VPN] ] (release request)
01-16 21:43:35.996 30943 30948 I zygote  : Do partial code cache collection, code=124KB, data=82KB
01-16 21:43:35.998 30943 30948 I zygote  : After code cache collection, code=124KB, data=82KB
01-16 21:43:35.998 30943 30948 I zygote  : Increasing code cache capacity to 512KB
01-16 21:43:36.032 30943 31052 D vndksupport: Loading /vendor/lib/hw/android.hardware.graphics.mapper@2.0-impl.so from current namespace instead of sphal namespace.
01-16 21:43:36.034 30943 31052 D vndksupport: Loading /vendor/lib/hw/gralloc.msm8937.so from current namespace instead of sphal namespace.
01-16 21:43:36.057  1456  1673 I LaunchCheckinHandler: Displayed org.mozilla.fenix.nightly/org.mozilla.fenix.HomeActivity,cp,ca,1330
01-16 21:43:36.057  1456  1673 I ActivityManager: Displayed org.mozilla.fenix.nightly/org.mozilla.fenix.HomeActivity: +1s323ms
01-16 21:43:36.063 29081 29094 D AuthStateProvider: Verifying caller's signature:77eac4ceed36afefba76179931dd4cc195ab0cd54baf355d215e7bbdd28e402a
01-16 21:43:36.063 29081 29094 D AuthStateProvider: Success!
01-16 21:43:36.067 30943 30943 E ActivityThread: Failed to find provider info for org.mozilla.fennec_aurora.fxa.auth
01-16 21:43:36.132 29474 29474 I Finsky  : [2] pxp.onTrimMemory(1): Memory trim requested to level 80
01-16 21:43:36.140 26094 26094 I MemoryTrimmer: Trimming objects from memory, since app is in the background.
01-16 21:43:36.151 26094 26094 I MemoryTrimmer: Trimming objects from memory, since app is in the background.
01-16 21:43:36.154 26094 29267 I PBSessionCacheImpl: Deleted sessionId[114764204860353048] from persistence.
01-16 21:43:36.163  1456  4829 I WifiService: getWifiEnabledState uid=10073
01-16 21:43:36.182 26094 26271 W SearchServiceCore: Abort, client detached.
01-16 21:43:36.188 30943 30982 I Gecko   : 1579229016185	addons.xpi	WARN	List of valid built-in add-ons could not be parsed.: [Exception... "Component returned failure code: 0x80520012 (NS_ERROR_FILE_NOT_FOUND) [nsIXPCComponents_Utils.readUTF8URI]"  nsresult: "0x80520012 (NS_ERROR_FILE_NOT_FOUND)"  location: "JS frame :: resource://gre/modules/addons/XPIProvider.jsm :: startup :: line 2366"  data: no] Stack trace: startup()@resource://gre/modules/addons/XPIProvider.jsm:2366
01-16 21:43:36.188 30943 30982 I Gecko   : callProvider()@resource://gre/modules/AddonManager.jsm:215
01-16 21:43:36.188 30943 30982 I Gecko   : _startProvider()@resource://gre/modules/AddonManager.jsm:586
01-16 21:43:36.188 30943 30982 I Gecko   : startup()@resource://gre/modules/AddonManager.jsm:810
01-16 21:43:36.188 30943 30982 I Gecko   : startup()@resource://gre/modules/AddonManager.jsm:3474
01-16 21:43:36.188 30943 30982 I Gecko   : observe()@resource://gre/modules/addonManager.js:87
01-16 21:43:36.354 30943 30982 D GeckoThread: State changed to PROFILE_READY
01-16 21:43:36.440 30943 30982 D GeckoThread: State changed to RUNNING
01-16 21:43:36.457 30943 30982 W GeckoEventDispatcher: No listener for AndroidCastDevice:SyncDevice
01-16 21:43:36.463 30943 30982 I Gecko   : -*- nsDNSServiceDiscovery.js : nsDNSServiceDiscovery
01-16 21:43:36.566 30943 30982 W ResourceType: Too many attribute references, stopped at: 0x01010099
01-16 21:43:36.613 30943 30982 I Gecko   : Attempting load of libEGL.so
01-16 21:43:36.754  1456  2063 D WifiNative-wlan0: Scan issued for specific freq..
01-16 21:43:36.811 20319 28852 I Icing   : Indexing com.google.android.gms-internal.3p:MobileApplication from com.google.android.gms using seqno 2511
01-16 21:43:36.819 30943 30943 D GeckoNetworkManager: Incoming event enableNotifications for state OnNoListeners -> OnWithListeners
01-16 21:43:36.820 30943 30943 D GeckoNetworkManager: New network state: UP, WIFI, WIFI
01-16 21:43:36.821 30943 30943 D GeckoNetworkManager: Incoming event receivedUpdate for state OnWithListeners -> OnWithListeners
01-16 21:43:36.823 30943 30943 D GeckoNetworkManager: New network state: UP, WIFI, WIFI
01-16 21:43:36.825 30943 30982 W GeckoLinker: /data/app/org.mozilla.fenix.nightly-Q8vlstZ3edJCEtanIyPYVQ==/lib/arm/libsoftokn3.so: unhandled flags #8 not handled
01-16 21:43:36.826 30943 30982 W GeckoLinker: /data/app/org.mozilla.fenix.nightly-Q8vlstZ3edJCEtanIyPYVQ==/lib/arm/libsoftokn3.so: Relocation to NULL @0x00027ffc for symbol "__cxa_type_match"
01-16 21:43:36.827 30943 30982 W GeckoLinker: /data/app/org.mozilla.fenix.nightly-Q8vlstZ3edJCEtanIyPYVQ==/lib/arm/libfreebl3.so: unhandled flags #8 not handled
01-16 21:43:36.828 30943 30982 W GeckoLinker: /data/app/org.mozilla.fenix.nightly-Q8vlstZ3edJCEtanIyPYVQ==/lib/arm/libfreebl3.so: Relocation to NULL @0x00041ffc for symbol "__cxa_type_match"
01-16 21:43:36.864 30943 31099 W GeckoLinker: /data/app/org.mozilla.fenix.nightly-Q8vlstZ3edJCEtanIyPYVQ==/lib/arm/libnssckbi.so: unhandled flags #8 not handled
01-16 21:43:36.864 30943 31099 W GeckoLinker: /data/app/org.mozilla.fenix.nightly-Q8vlstZ3edJCEtanIyPYVQ==/lib/arm/libnssckbi.so: Relocation to NULL @0x00052ffc for symbol "__cxa_type_match"
01-16 21:43:37.010 30943 30982 W ResourceType: Too many attribute references, stopped at: 0x01010099
01-16 21:43:37.099  1456  2402 D WificondControl: Scan result ready event
01-16 21:43:37.471 30943 30943 D App     : Installed browser-icons extension
01-16 21:43:37.733 30943 30943 D mozac-webcompat: Installed WebCompat webextension: webcompat@mozilla.com
01-16 21:43:40.200  2398  2398 D ImsResolver: maybeAddedImsService, packageName: org.mozilla.fenix.nightly
01-16 21:43:40.204  2360  2360 D MayaFrameworkProxyService: receive intent :Intent { act=android.intent.action.PACKAGE_CHANGED dat=package:org.mozilla.fenix.nightly flg=0x45000010 (has extras) }
01-16 21:43:40.211  1456  1600 W ResourceType: No known package when getting value for resource number 0x7f0801aa
01-16 21:43:40.211  1456  1600 W ResourceType: No known package when getting value for resource number 0x7f120103
01-16 21:43:40.211  1456  1600 W ResourceType: No known package when getting value for resource number 0x7f120103
01-16 21:43:40.211  1456  1600 W ResourceType: No known package when getting value for resource number 0x7f0801a8
01-16 21:43:40.211  1456  1600 W ResourceType: No known package when getting value for resource number 0x7f120102
01-16 21:43:40.211  1456  1600 W ResourceType: No known package when getting value for resource number 0x7f120102
01-16 21:43:40.221  1456  1942 I InputReader: Reconfiguring input devices.  changes=0x00000010
01-16 21:43:40.229  1456  1456 W ResourceType: ResTable_typeSpec entry count inconsistent: given 671, previously 677
01-16 21:43:40.229  1456  1456 W ResourceType: ResTable_typeSpec entry count inconsistent: given 399, previously 1447
