03-27 22:07:35.648   788 23153 V msm8974_platform: platform_get_backend_index:napb: backend port - 5 device - 120 
03-27 22:07:35.648   788 23153 V msm8974_platform: platform_check_and_set_capture_backend_cfg:txbecf: afe: bitwidth 0, samplerate 0, channel 1, backend_idx 5 usecase = 9 device (voice-rec-mic)
03-27 22:07:35.648   788 23153 V msm8974_platform: platform_check_capture_backend_cfg:txbecf: afe: Codec selected backend: 5 current bit width: 0 and sample rate: 0, channels 1
03-27 22:07:35.648   788 23153 V msm8974_platform: platform_check_capture_backend_cfg:txbecf: afe: Codec selected backend: 5 updated bit width: 0 and sample rate: 0
03-27 22:07:35.648   788 23153 I msm8974_platform: platform_check_capture_backend_cfg:txbecf: afe: Codec backend needs to be updated. new bit width: 0 new sample rate: 0 new channel: 1
03-27 22:07:35.648   788 23153 V msm8974_platform: platform_get_backend_index:napb: backend port - 5 device - 120 
03-27 22:07:35.648   788 23153 V msm8974_platform: platform_set_backend_cfg:becf: afe: bitwidth 0, samplerate 0 channels 1, backend_idx 5 device (voice-rec-mic)
03-27 22:07:35.648   788 23153 E msm8974_platform: platform_set_backend_cfg:becf: afe: Could not get ctl for mixer command - SLIM_0_TX Format
03-27 22:07:35.649   788 23153 V msm8974_platform: platform_send_audio_calibration: sending audio calibration for snd_device(120) acdb_id(62)
03-27 22:07:35.649   788 23153 D ACDB-LOADER: ACDB -> send_audio_cal, acdb_id = 62, path = 1, app id = 0x11130, sample rate = 48000
03-27 22:07:35.649   788 23153 D ACDB-LOADER: ACDB -> send_asm_topology
03-27 22:07:35.649   788 23153 D ACDB-LOADER: ACDB -> ACDB_CMD_GET_AUDPROC_STREAM_TOPOLOGY_ID
03-27 22:07:35.649   788 23153 D ACDB-LOADER: ACDB -> send_adm_topology
03-27 22:07:35.649   788 23153 D ACDB-LOADER: ACDB -> ACDB_CMD_GET_AUDPROC_COMMON_TOPOLOGY_ID
03-27 22:07:35.649   788 23153 D ACDB-LOADER: ACDB -> send_audtable
03-27 22:07:35.649   788 23153 D ACDB-LOADER: ACDB -> ACDB_CMD_GET_AUDPROC_COMMON_TABLE_SIZE
03-27 22:07:35.649   788 23153 D ACDB-LOADER: ACDB -> ACDB_CMD_GET_AUDPROC_COMMON_TABLE
03-27 22:07:35.649   788 23153 D ACDB-LOADER: ACDB -> AUDIO_SET_AUDPROC_CAL
03-27 22:07:35.649   788 23153 D ACDB-LOADER: ACDB -> send_audvoltable
03-27 22:07:35.649   788 23153 D ACDB-LOADER: ACDB -> ACDB_CMD_GET_AUDPROC_VOL_STEP_TABLE_SIZE
03-27 22:07:35.649   788 23153 D ACDB-LOADER: ACDB -> ACDB_CMD_GET_AUDPROC_GAIN_DEP_STEP_TABLE, vol index 0
03-27 22:07:35.649   788 23153 D         : Failed to fetch the lookup information of the device 0000003E 
03-27 22:07:35.649   788 23153 D ACDB-LOADER: ACDB -> AUDIO_SET_VOL_CAL cal type = 12
03-27 22:07:35.649   788 23153 D ACDB-LOADER: ACDB -> ACDB_CMD_GET_AUDPROC_STREAM_TABLE_SIZE
03-27 22:07:35.650   788 23153 D ACDB-LOADER: ACDB -> send_audstrmtable
03-27 22:07:35.650   788 23153 D ACDB-LOADER: ACDB -> ACDB_CMD_GET_AUDPROC_STREAM_TABLE_V2
03-27 22:07:35.650   788 23153 D ACDB-LOADER: ACDB -> audstrm_cal->cal_type.cal_data.cal_size = 456
03-27 22:07:35.650   788 23153 D ACDB-LOADER: ACDB -> send_afe_topology
03-27 22:07:35.650   788 23153 D ACDB-LOADER: ACDB -> ACDB_CMD_GET_AFE_TOPOLOGY_ID
03-27 22:07:35.650   788 23153 D ACDB-LOADER: ACDB -> GET_AFE_TOPOLOGY_ID for adcd_id 62, Topology Id 112fb
03-27 22:07:35.650   788 23153 D ACDB-LOADER: ACDB -> send_afe_cal
03-27 22:07:35.650   788 23153 D ACDB-LOADER: ACDB -> ACDB_CMD_GET_AFE_COMMON_TABLE_SIZE
03-27 22:07:35.650   788 23153 D         : Failed to fetch the lookup information of the device 0000003E 
03-27 22:07:35.650   788 23153 E ACDB-LOADER: Error: ACDB_CMD_GET_AFE_COMMON_TABLE_SIZE Returned = -19
03-27 22:07:35.650   788 23153 D ACDB-LOADER: ACDB -> ACDB_CMD_GET_AFE_COMMON_TABLE
03-27 22:07:35.650   788 23153 D         : Failed to fetch the lookup information of the device 0000003E 
03-27 22:07:35.650   788 23153 D ACDB-LOADER: ACDB -> AUDIO_SET_AFE_CAL
03-27 22:07:35.650   788 23153 D ACDB-LOADER: ACDB -> send_hw_delay : acdb_id = 62 path = 1
03-27 22:07:35.650   788 23153 D ACDB-LOADER: ACDB -> ACDB_AVSYNC_INFO: ACDB_CMD_GET_DEVICE_PROPERTY
03-27 22:07:35.650   788 23153 D audio_hw_primary: enable_snd_device: snd_device(120: voice-rec-mic)
03-27 22:07:35.650   788 23153 D audio_route: Apply path: voice-rec-mic
03-27 22:07:35.653   788 23153 V msm8974_platform: platform_get_snd_device_backend_index: enter with device 120
03-27 22:07:35.653   788 23153 E msm8974_platform: platform_get_snd_device_backend_index: BE DAI Name Table is not present
03-27 22:07:35.653   788 23153 V msm8974_platform: platform_get_backend_index:napb: backend port - 5 device - 120 
03-27 22:07:35.653   788 23153 I audio_hw_utils: Set Audio Stream Capture 0 App Type Cfg: app_type 69936, acdb_dev_id 62, sample_rate 48000, snd_device_be_idx -14
03-27 22:07:35.653   788 23153 D audio_hw_primary: enable_audio_route: usecase(9) apply and update mixer path: audio-record
03-27 22:07:35.653   788 23153 D audio_route: Apply path: audio-record
03-27 22:07:35.724 28336 28379 I MicroDetectionWorker: onReady
03-27 22:07:35.753  2146  2165 I zygote  : NativeAlloc concurrent copying GC freed 18245(991KB) AllocSpace objects, 0(0B) LOS objects, 50% free, 9MB/18MB, paused 157us total 121.644ms
03-27 22:07:36.022  1456  7796 I OpenGLRenderer: Initialized EGL, version 1.4
03-27 22:07:36.022  1456  7796 D OpenGLRenderer: Swap behavior 2
03-27 22:07:36.071  2748  2917 W OpenGLRenderer: Incorrectly called buildLayer on View: ShortcutAndWidgetContainer, destroying layer...
03-27 22:07:36.187 22871 22903 I chatty  : uid=11205(org.mozilla.fennec_aurora) expire 6 lines
03-27 22:07:36.218   808   898 I SFPerfTracer:      triggers: (rate: 0:1) (0 sw vsyncs) (0 skipped) (37:5912686 vsyncs) (39:12528444)
03-27 22:07:37.168  1456  1893 D BatteryService: uevent={POWER_SUPPLY_VOLTAGE_NOW=4322637, POWER_SUPPLY_CHARGE_RATE=Normal, POWER_SUPPLY_HEALTH=Good, POWER_SUPPLY_CURRENT_NOW=44097, POWER_SUPPLY_PRESENT=1, SUBSYSTEM=power_supply, POWER_SUPPLY_TEMP=310, SEQNUM=434903, ACTION=change, POWER_SUPPLY_NAME=battery, POWER_SUPPLY_STATUS=Full, POWER_SUPPLY_CHARGE_COUNTER=2791738, POWER_SUPPLY_CAPACITY=100, DEVPATH=/devices/soc/qpnp-smbcharger-17/power_supply/battery}
03-27 22:07:37.174  2398  2398 D QtiCarrierConfigHelper: WARNING, no carrier configs on phone Id: 0
03-27 22:07:40.649  1456  1471 I ActivityManager: Force stopping org.mozilla.fennec_aurora appid=11205 user=0: from pid 23158
03-27 22:07:40.649  1456  1471 I ActivityManager: Killing 22871:org.mozilla.fennec_aurora/u0a1205 (adj 700): stop org.mozilla.fennec_aurora
03-27 22:07:40.652  1456  1605 W zygote  : kill(-22871, 9) failed: No such process
03-27 22:07:40.653  1456  1471 W ActivityManager: Force removing ActivityRecord{e2a0b1d u0 org.mozilla.fennec_aurora/org.mozilla.fenix.HomeActivity t51227}: app died, no saved state
03-27 22:07:40.654 22968 22968 I chatty  : uid=11205(org.mozilla.fennec_aurora) expire 1 line
03-27 22:07:40.664  1456  1471 I ActivityManager: Killing 22968:org.mozilla.fennec_aurora:tab0/u0a1205 (adj 0): stop org.mozilla.fennec_aurora
03-27 22:07:40.667  1456  1605 W zygote  : kill(-22871, 9) failed: No such process
03-27 22:07:40.671 22718 22718 I Finsky  : [2] ppb.onTrimMemory(1): Memory trim requested to level 80
03-27 22:07:40.673 17214 17214 I AppBase : onTrimMemory(): 15
03-27 22:07:40.674 17214 17214 I GoogleInputMethodService: onTrimMemory(): 15
03-27 22:07:40.678  2398  2398 D CarrierSvcBindHelper: No carrier app for: 0
03-27 22:07:40.679  2398  2398 D CarrierSvcBindHelper: No carrier app for: 1
03-27 22:07:40.683  1456  1605 W zygote  : kill(-22871, 9) failed: No such process
03-27 22:07:40.710  1456  1605 I chatty  : uid=1000(system) ActivityManager identical 2 lines
03-27 22:07:40.717  1456  1673 W ActivityManager: setHasOverlayUi called on unknown pid: 22871
03-27 22:07:40.723  1456  1605 W zygote  : kill(-22871, 9) failed: No such process
03-27 22:07:40.723  1456  1605 I zygote  : Successfully killed process cgroup uid 11205 pid 22871 in 71ms
03-27 22:07:40.723  1456  1605 W zygote  : kill(-22968, 9) failed: No such process
03-27 22:07:40.723  1456  1605 I zygote  : Successfully killed process cgroup uid 11205 pid 22968 in 0ms
03-27 22:07:40.775  1456  5027 I ActivityManager: START u0 {act=android.intent.action.MAIN cat=[android.intent.category.LAUNCHER] flg=0x10000000 cmp=org.mozilla.fennec_aurora/.App} from uid 2000
03-27 22:07:40.777   794   839 E ANDR-PERF-RESOURCEQS: Failed to apply optimization [4, 0]
03-27 22:07:40.789  1456  7796 I OpenGLRenderer: Initialized EGL, version 1.4
03-27 22:07:40.789  1456  7796 D OpenGLRenderer: Swap behavior 2
03-27 22:07:40.796  1456  1471 I ActivityManager: Start proc 23165:org.mozilla.fennec_aurora/u0a1205 for activity org.mozilla.fennec_aurora/.App
03-27 22:07:40.885 28336 28379 I MicroDetectionState: Should stop hotword detection immediately - false
03-27 22:07:40.886 28336 28379 I MicroDetector: Keeping mic open: false
03-27 22:07:40.886 28336 21981 E DeviceStateChecker: DeviceStateChecker cancelled
03-27 22:07:40.886 28336 28379 I RecognitionAudioControl: #shutdownAudio [requestId: -1146727658320670387, keepAudioOpen: false, forced: true]
03-27 22:07:40.886 28336 28379 I RecognitionAudioControl: #internalShutdownAudio [requestId: -1146727658320670387]
03-27 22:07:40.886 28336 28379 I RecognitionAudioControl: #internalShutdownAudio [keepAudioOpen: false, forced: true]
03-27 22:07:40.886 28336 28379 I RecognitionAudioControl: #actualShutdownAudio
03-27 22:07:40.886 28336 28379 I AudioController: #shutdown [requestId=-1146727658320670387]
03-27 22:07:40.886 28336 28380 I AudioController: internalShutdown
03-27 22:07:40.887 28336 28362 I MicroRecognitionRunner: Stopping hotword detection.
03-27 22:07:40.944   788  1401 D audio_hw_primary: disable_audio_route: usecase(9) reset and update mixer path: audio-record
03-27 22:07:40.945   788  1401 D audio_hw_primary: disable_snd_device: snd_device(120: voice-rec-mic)
03-27 22:07:40.949  1012  4918 D APM_AudioPolicyManager: stopInput() input 263294, session 263409
03-27 22:07:40.950   788  1401 D audio_hw_primary: in_set_parameters: enter: kvpairs=routing=0
03-27 22:07:40.951 28336 28380 I MicrophoneInputStream: mic_close  SR : 16000 CC : 16 SO : 1999
03-27 22:07:40.952 28336 28380 E AudioSource: Stop listening is called on already closed AudioSource
03-27 22:07:40.954 28336 21980 I MicroRecognitionRunner: Detection finished
03-27 22:07:40.966 23165 23165 I chatty  : uid=11205(org.mozilla.fennec_aurora) expire 51 lines
03-27 22:07:41.041 23165 23184 I chatty  : uid=11205(org.mozilla.fennec_aurora) expire 4 lines
03-27 22:07:41.063 23165 23192 I chatty  : uid=11205(org.mozilla.fennec_aurora) expire 14 lines
03-27 22:07:41.090 23165 23191 I chatty  : uid=11205(org.mozilla.fennec_aurora) expire 11 lines
03-27 22:07:41.095 23165 23195 I chatty  : uid=11205(org.mozilla.fennec_aurora) expire 27 lines
03-27 22:07:41.191 23165 23203 I chatty  : uid=11205(org.mozilla.fennec_aurora) expire 1 line
03-27 22:07:41.225 23165 23214 I chatty  : uid=11205(org.mozilla.fennec_aurora) expire 10 lines
03-27 22:07:41.242 23165 23170 I chatty  : uid=11205(org.mozilla.fennec_aurora) expire 8 lines
03-27 22:07:41.277  1456  2923 I ActivityManager: START u0 {act=android.intent.action.MAIN cat=[android.intent.category.LAUNCHER] flg=0x10000000 cmp=org.mozilla.fennec_aurora/org.mozilla.fenix.HomeActivity (has extras)} from uid 11205
03-27 22:07:41.301   808   808 D SurfaceFlinger: duplicate layer name: changing Splash Screen org.mozilla.fennec_aurora to Splash Screen org.mozilla.fennec_aurora#1
03-27 22:07:41.314  1456  5027 I ActivityManager: Start proc 23241:org.mozilla.fennec_aurora:tab0/u0a1205 for service org.mozilla.fennec_aurora/org.mozilla.gecko.process.GeckoChildProcessServices$tab0
03-27 22:07:41.478 23241 23241 I chatty  : uid=11205(org.mozilla.fennec_aurora) expire 1 line
03-27 22:07:41.479 23241 23265 I chatty  : uid=11205(org.mozilla.fennec_aurora) expire 1 line
03-27 22:07:41.705 23165 23275 I chatty  : uid=11205(org.mozilla.fennec_aurora) expire 9 lines
03-27 22:07:41.931  1456  1673 I LaunchCheckinHandler: Displayed org.mozilla.fennec_aurora/org.mozilla.fenix.HomeActivity,wp,ca,594
03-27 22:07:41.934  1456  1673 I ActivityManager: Displayed org.mozilla.fennec_aurora/org.mozilla.fenix.HomeActivity: +587ms (total +1s140ms)
03-27 22:07:41.953 28336 28379 E AudioSource: Stop listening is called on already closed AudioSource
03-27 22:07:41.956 28336 21381 I PBSessionCacheImpl: Deleted sessionId[124624629806612407] from persistence.
03-27 22:07:41.957 28336 28336 I MemoryTrimmer: Trimming objects from memory, since app is in the background.
03-27 22:07:41.961  1456  5027 I WifiService: getWifiEnabledState uid=10073
03-27 22:07:41.964 28336 28379 I DEBUG   : OpaToSrpTransitionState#onStateChanged#notNullQuery
03-27 22:07:41.965 28336 28379 I DEBUG   : OpaToSrpTransitionState#onStateChanged#notNullQuery
03-27 22:07:41.972 28336 28379 W SearchServiceCore: Abort, client detached.
03-27 22:07:41.972 28336 28379 I chatty  : uid=10073(com.google.android.googlequicksearchbox) EventBus0 identical 1 line
03-27 22:07:41.975 28336 28379 W SearchServiceCore: Abort, client detached.
03-27 22:07:42.085 23165 23292 I chatty  : uid=11205(org.mozilla.fennec_aurora) expire 2 lines
03-27 22:07:42.124  1456  5027 I ActivityManager: Fully drawn org.mozilla.fennec_aurora/org.mozilla.fenix.HomeActivity: +787ms (total +1s340ms)
03-27 22:07:42.287  1023 23299 D libc    : Internal error: netid(0), id(0xf600), server(0.0.0.0)
03-27 22:07:42.287  1023 23299 D libc    : Internal error: netid(0), id(0xf600), server(0.0.0.0)
03-27 22:07:42.288  1023 23299 D libc    : Internal error: netid(0), id(0x831c), server(0.0.0.0)
03-27 22:07:42.288  1023 23299 D libc    : Internal error: netid(0), id(0x831c), server(0.0.0.0)
03-27 22:07:42.311  1023 23312 D libc    : Internal error: netid(0), id(0xbc20), server(0.0.0.0)
03-27 22:07:42.311  1023 23312 D libc    : Internal error: netid(0), id(0xbc20), server(0.0.0.0)
03-27 22:07:42.311  1023 23312 D libc    : Internal error: netid(0), id(0x394f), server(0.0.0.0)
03-27 22:07:42.311  1023 23312 D libc    : Internal error: netid(0), id(0x394f), server(0.0.0.0)
03-27 22:07:42.313  1023 23315 D libc    : Internal error: netid(0), id(0xce53), server(0.0.0.0)
03-27 22:07:42.313  1023 23315 D libc    : Internal error: netid(0), id(0xce53), server(0.0.0.0)
03-27 22:07:42.313  1023 23315 D libc    : Internal error: netid(0), id(0x2d08), server(0.0.0.0)
03-27 22:07:42.313  1023 23315 D libc    : Internal error: netid(0), id(0x2d08), server(0.0.0.0)
03-27 22:07:42.320  1023 23320 D libc    : Internal error: netid(0), id(0xbd76), server(0.0.0.0)
03-27 22:07:42.320  1023 23320 D libc    : Internal error: netid(0), id(0xbd76), server(0.0.0.0)
03-27 22:07:42.320  1023 23320 D libc    : Internal error: netid(0), id(0x2578), server(0.0.0.0)
03-27 22:07:42.320  1023 23320 D libc    : Internal error: netid(0), id(0x2578), server(0.0.0.0)
03-27 22:07:42.323 23165 23194 I chatty  : uid=11205(org.mozilla.fennec_aurora) expire 1 line
03-27 22:07:42.326 23165 23219 I chatty  : uid=11205(org.mozilla.fennec_aurora) expire 1 line
03-27 22:07:42.326 23165 23296 I chatty  : uid=11205(org.mozilla.fennec_aurora) expire 2 lines
03-27 22:07:42.327 23165 23295 I chatty  : uid=11205(org.mozilla.fennec_aurora) expire 2 lines
03-27 22:07:42.370 23165 23331 I chatty  : uid=11205(org.mozilla.fennec_aurora) expire 1 line
03-27 22:07:42.403   808   808 I SFPerfTracer:      triggers: (rate: 72:2016314) (compose: 0:7) (post: 0:19) (render: 0:17) (13:9972165 frames) (14:12437036)
03-27 22:07:42.403   808   808 D SFPerfTracer:        layers: (3:12) (NavigationBar#0 (0xb07df000): 0:887072) (StatusBar#0 (0xb07e3000): 0:2101167) (com.android.systemui.ImageWallpaper#0 (0xb07e7000): 0:81426)* (Sprite#0 (0xb0733000): 0:317)* (DimLayerController/Stack=0#0 (0xb075a000): 0:3823)* (Sprite#1 (0xb077c000): 0:195)* (org.mozilla.fennec_aurora/org.mozilla.fenix.HomeActivity#0 (0xb039b000): 0:67)- (com.android.launcher3/com.android.launcher3.CustomizationPanelLauncher#0 (0xb0763000): 0:39)- (com.android.launcher3/com.android.launcher3.CustomizationPanelLauncher#1 (0xb0771000): 0:10)- (Splash Screen org.mozilla.fennec_aurora#0 (0xb039b000): 0:19)- (Splash Screen org.mozilla.fennec_aurora#1 (0xb013a000): 0:30)- (org.mozilla.fennec_aurora/org.mozilla.fenix.HomeActivity#0 (0xb039b000): 14:27) 
03-27 22:07:46.429 23369 23369 D AndroidRuntime: >>>>>> START com.android.internal.os.RuntimeInit uid 2000 <<<<<<
03-27 22:07:46.442 23369 23369 W app_process: Could not reserve sentinel fault page
03-27 22:07:46.608 23369 23369 I app_process: The ClassLoaderContext is a special shared library.
03-27 22:07:46.674 23369 23369 D AndroidRuntime: Calling main entry com.android.commands.input.Input
03-27 22:07:46.676 23369 23369 I Input   : injectKeyEvent: KeyEvent { action=ACTION_DOWN, keyCode=KEYCODE_HOME, scanCode=0, metaState=0, flags=0x0, repeatCount=0, eventTime=17437321956, downTime=17437321956, deviceId=-1, source=0x101 }
03-27 22:07:46.687 23369 23369 I Input   : injectKeyEvent: KeyEvent { action=ACTION_UP, keyCode=KEYCODE_HOME, scanCode=0, metaState=0, flags=0x0, repeatCount=0, eventTime=17437321956, downTime=17437321956, deviceId=-1, source=0x101 }
03-27 22:07:46.693  1456  1941 I ActivityManager: START u0 {act=android.intent.action.MAIN cat=[android.intent.category.HOME] flg=0x10200000 cmp=com.android.launcher3/.CustomizationPanelLauncher (has extras)} from uid 1000
03-27 22:07:46.694   794   839 E ANDR-PERF-RESOURCEQS: Failed to apply optimization [4, 0]
03-27 22:07:46.705  1456  1941 I ActivityManager: moveHomeStack, setupComplete:true
03-27 22:07:46.709 23369 23369 D AndroidRuntime: Shutting down VM
03-27 22:07:46.716 28336 28375 I Adreno  : QUALCOMM build                   : bb5b86c, I77d3059488
03-27 22:07:46.716 28336 28375 I Adreno  : Build Date                       : 06/07/18
03-27 22:07:46.716 28336 28375 I Adreno  : OpenGL ES Shader Compiler Version: EV031.22.00.01_06
03-27 22:07:46.716 28336 28375 I Adreno  : Local Branch                     : 
03-27 22:07:46.716 28336 28375 I Adreno  : Remote Branch                    : refs/tags/AU_LINUX_ANDROID_LA.UM.6.5.R1.08.01.00.312.086
03-27 22:07:46.716 28336 28375 I Adreno  : Remote Branch                    : NONE
03-27 22:07:46.716 28336 28375 I Adreno  : Reconstruct Branch               : NOTHING
03-27 22:07:46.719 28336 28375 D vndksupport: Loading /vendor/lib/hw/gralloc.msm8937.so from current namespace instead of sphal namespace.
03-27 22:07:46.722 28336 28375 I Adreno  : PFP: 0x005ff087, ME: 0x005ff063
03-27 22:07:46.725 28336 28375 I zygote  : android::hardware::configstore::V1_0::ISurfaceFlingerConfigs::hasWideColorDisplay retrieved: 0
03-27 22:07:46.726 28336 28375 I OpenGLRenderer: Initialized EGL, version 1.4
03-27 22:07:46.727 28336 28375 D OpenGLRenderer: Swap behavior 2
03-27 22:07:46.735  2748  2748 D Launcher.Utilities: Wakeup weather: Intent { act=com.motorola.launcher3.action.WAKEUP_WEATHER cmp=com.motorola.timeweatherwidget/com.motorola.commandcenter.weather.WakeUpService }
03-27 22:07:46.751  1456  1456 I NotificationService: Cannot find enqueued record for key: 0|com.motorola.timeweatherwidget|1|null|10116
03-27 22:07:46.754   808   808 D SurfaceFlinger: duplicate layer name: changing com.android.launcher3/com.android.launcher3.CustomizationPanelLauncher to com.android.launcher3/com.android.launcher3.CustomizationPanelLauncher#1
03-27 22:07:46.765 28336 28364 W ThreadPoolDumper: Queue length for executor EventBus is now 11. Perhaps some tasks are too long, or the pool is too small.
03-27 22:07:46.767  1456  2923 I WifiService: getWifiEnabledState uid=10073
03-27 22:07:46.782  1456  2918 I WifiService: getWifiEnabledState uid=10073
03-27 22:07:46.794 28336 28379 I DEBUG   : OpaToSrpTransitionState#onStateChanged#notNullQuery
03-27 22:07:46.795 28336 28379 I DEBUG   : OpaToSrpTransitionState#onStateChanged#notNullQuery
03-27 22:07:46.808 28336 28379 I MicroDetectionState: Should stop hotword detection immediately - false
03-27 22:07:46.812 28336 28379 I MicroDetectionWorker: #startMicroDetector [speakerMode: 0]
03-27 22:07:46.813 28336 28379 I AudioController: Created new AudioSource
03-27 22:07:46.831 23165 23165 I chatty  : uid=11205(org.mozilla.fennec_aurora) expire 7 lines
03-27 22:07:46.834 28336 28378 I MicroDataManager: isInitializedWithLatestParams-true
03-27 22:07:46.834 28336 28378 I MicroDataManager: isInitializing-false locale not changed-true model not changed-true
03-27 22:07:46.834 28336 28378 I MicroDataManager: Already initialized, obtaining the hotword data immediately.
03-27 22:07:46.835  1456  1673 I LaunchCheckinHandler: Displayed com.android.launcher3/.CustomizationPanelLauncher,wp,wa,141
03-27 22:07:46.839 28336 21981 I MicroRecognitionRunner: Starting detection.
03-27 22:07:46.839 28336 21981 I InputStreamUtils: Using micInputStream
03-27 22:07:46.840 28336 21381 I MicrophoneInputStream: mic_starting  SR : 16000 CC : 16 SO : 1999
03-27 22:07:46.843   788  1401 V msm8974_platform: platform_check_input_mask: enter check_input_mask source 6 mask 10
03-27 22:07:46.846  1012 23383 I AudioFlinger: AudioFlinger's thread 0xb2483980 tid=23383 ready to run
03-27 22:07:46.855   788  1479 D audio_hw_primary: in_set_parameters: enter: kvpairs=input_source=6;routing=-2147483644
03-27 22:07:46.856  1012 11031 D APM_AudioPolicyManager: AudioPolicyManager::startInput() input 263302, session 263417, source = 1999
03-27 22:07:46.856 28336 21381 I MicrophoneInputStream: mic_started  SR : 16000 CC : 16 SO : 1999
03-27 22:07:46.857   788 23384 V msm8974_platform: platform_update_usecase_from_source: input source :6
03-27 22:07:46.857   788 23384 V msm8974_platform: platform_check_input_mask: enter check_input_mask source 6 mask 10
03-27 22:07:46.857   788 23384 V msm8974_platform: platform_get_input_snd_device: enter: out_device(0) in_device(0x4) channel_count (1) channel_mask (0x10)
03-27 22:07:46.857   788 23384 V msm8974_platform: platform_get_input_snd_device: exit: in_snd_device(voice-rec-mic)
03-27 22:07:46.857   788 23384 V msm8974_platform: platform_get_backend_index:napb: backend port - 5 device - 120 
03-27 22:07:46.857   788 23384 V msm8974_platform: platform_check_and_set_capture_backend_cfg:txbecf: afe: bitwidth 0, samplerate 0, channel 1, backend_idx 5 usecase = 9 device (voice-rec-mic)
03-27 22:07:46.857   788 23384 V msm8974_platform: platform_check_capture_backend_cfg:txbecf: afe: Codec selected backend: 5 current bit width: 0 and sample rate: 0, channels 1
03-27 22:07:46.857   788 23384 V msm8974_platform: platform_check_capture_backend_cfg:txbecf: afe: Codec selected backend: 5 updated bit width: 0 and sample rate: 0
03-27 22:07:46.857   788 23384 I msm8974_platform: platform_check_capture_backend_cfg:txbecf: afe: Codec backend needs to be updated. new bit width: 0 new sample rate: 0 new channel: 1
03-27 22:07:46.857   788 23384 V msm8974_platform: platform_get_backend_index:napb: backend port - 5 device - 120 
03-27 22:07:46.857   788 23384 V msm8974_platform: platform_set_backend_cfg:becf: afe: bitwidth 0, samplerate 0 channels 1, backend_idx 5 device (voice-rec-mic)
03-27 22:07:46.857   788 23384 E msm8974_platform: platform_set_backend_cfg:becf: afe: Could not get ctl for mixer command - SLIM_0_TX Format
03-27 22:07:46.857   788 23384 V msm8974_platform: platform_send_audio_calibration: sending audio calibration for snd_device(120) acdb_id(62)
03-27 22:07:46.858   788 23384 D ACDB-LOADER: ACDB -> send_audio_cal, acdb_id = 62, path = 1, app id = 0x11130, sample rate = 48000
03-27 22:07:46.858   788 23384 D ACDB-LOADER: ACDB -> send_asm_topology
03-27 22:07:46.858   788 23384 D ACDB-LOADER: ACDB -> ACDB_CMD_GET_AUDPROC_STREAM_TOPOLOGY_ID
03-27 22:07:46.858   788 23384 D ACDB-LOADER: ACDB -> send_adm_topology
03-27 22:07:46.858   788 23384 D ACDB-LOADER: ACDB -> ACDB_CMD_GET_AUDPROC_COMMON_TOPOLOGY_ID
03-27 22:07:46.858   788 23384 D ACDB-LOADER: ACDB -> send_audtable
03-27 22:07:46.858   788 23384 D ACDB-LOADER: ACDB -> ACDB_CMD_GET_AUDPROC_COMMON_TABLE_SIZE
03-27 22:07:46.858   788 23384 D ACDB-LOADER: ACDB -> ACDB_CMD_GET_AUDPROC_COMMON_TABLE
03-27 22:07:46.858   788 23384 D ACDB-LOADER: ACDB -> AUDIO_SET_AUDPROC_CAL
03-27 22:07:46.858   788 23384 D ACDB-LOADER: ACDB -> send_audvoltable
03-27 22:07:46.858   788 23384 D ACDB-LOADER: ACDB -> ACDB_CMD_GET_AUDPROC_VOL_STEP_TABLE_SIZE
03-27 22:07:46.858   788 23384 D ACDB-LOADER: ACDB -> ACDB_CMD_GET_AUDPROC_GAIN_DEP_STEP_TABLE, vol index 0
03-27 22:07:46.858   788 23384 D         : Failed to fetch the lookup information of the device 0000003E 
03-27 22:07:46.858   788 23384 D ACDB-LOADER: ACDB -> AUDIO_SET_VOL_CAL cal type = 12
03-27 22:07:46.858   788 23384 D ACDB-LOADER: ACDB -> ACDB_CMD_GET_AUDPROC_STREAM_TABLE_SIZE
03-27 22:07:46.858   788 23384 D ACDB-LOADER: ACDB -> send_audstrmtable
03-27 22:07:46.858   788 23384 D ACDB-LOADER: ACDB -> ACDB_CMD_GET_AUDPROC_STREAM_TABLE_V2
03-27 22:07:46.858   788 23384 D ACDB-LOADER: ACDB -> audstrm_cal->cal_type.cal_data.cal_size = 456
03-27 22:07:46.858   788 23384 D ACDB-LOADER: ACDB -> send_afe_topology
03-27 22:07:46.858   788 23384 D ACDB-LOADER: ACDB -> ACDB_CMD_GET_AFE_TOPOLOGY_ID
03-27 22:07:46.858   788 23384 D ACDB-LOADER: ACDB -> GET_AFE_TOPOLOGY_ID for adcd_id 62, Topology Id 112fb
03-27 22:07:46.858   788 23384 D ACDB-LOADER: ACDB -> send_afe_cal
03-27 22:07:46.858   788 23384 D ACDB-LOADER: ACDB -> ACDB_CMD_GET_AFE_COMMON_TABLE_SIZE
03-27 22:07:46.858   788 23384 D         : Failed to fetch the lookup information of the device 0000003E 
03-27 22:07:46.858   788 23384 E ACDB-LOADER: Error: ACDB_CMD_GET_AFE_COMMON_TABLE_SIZE Returned = -19
03-27 22:07:46.858   788 23384 D ACDB-LOADER: ACDB -> ACDB_CMD_GET_AFE_COMMON_TABLE
03-27 22:07:46.858   788 23384 D         : Failed to fetch the lookup information of the device 0000003E 
03-27 22:07:46.858   788 23384 D ACDB-LOADER: ACDB -> AUDIO_SET_AFE_CAL
03-27 22:07:46.858   788 23384 D ACDB-LOADER: ACDB -> send_hw_delay : acdb_id = 62 path = 1
03-27 22:07:46.858   788 23384 D ACDB-LOADER: ACDB -> ACDB_AVSYNC_INFO: ACDB_CMD_GET_DEVICE_PROPERTY
03-27 22:07:46.858   788 23384 D audio_hw_primary: enable_snd_device: snd_device(120: voice-rec-mic)
03-27 22:07:46.858   788 23384 D audio_route: Apply path: voice-rec-mic
03-27 22:07:46.860   788 23384 V msm8974_platform: platform_get_snd_device_backend_index: enter with device 120
03-27 22:07:46.860   788 23384 E msm8974_platform: platform_get_snd_device_backend_index: BE DAI Name Table is not present
03-27 22:07:46.860   788 23384 V msm8974_platform: platform_get_backend_index:napb: backend port - 5 device - 120 
03-27 22:07:46.861   788 23384 I audio_hw_utils: Set Audio Stream Capture 0 App Type Cfg: app_type 69936, acdb_dev_id 62, sample_rate 48000, snd_device_be_idx -14
03-27 22:07:46.861   788 23384 D audio_hw_primary: enable_audio_route: usecase(9) apply and update mixer path: audio-record
03-27 22:07:46.861   788 23384 D audio_route: Apply path: audio-record
03-27 22:07:46.936 28336 28379 I MicroDetectionWorker: onReady
03-27 22:07:46.945 23165 23193 I chatty  : uid=11205(org.mozilla.fennec_aurora) expire 2 lines
03-27 22:07:47.234  1456  7796 I OpenGLRenderer: Initialized EGL, version 1.4
03-27 22:07:47.234  1456  7796 D OpenGLRenderer: Swap behavior 2
03-27 22:07:47.297  2748  2917 W OpenGLRenderer: Incorrectly called buildLayer on View: ShortcutAndWidgetContainer, destroying layer...
03-27 22:07:47.405 23165 23191 I chatty  : uid=11205(org.mozilla.fennec_aurora) expire 6 lines
03-27 22:07:47.446   808   898 I SFPerfTracer:      triggers: (rate: 0:1) (0 sw vsyncs) (0 skipped) (38:5912790 vsyncs) (40:12528577)
03-27 22:07:47.585  1456  1466 I zygote  : NativeAlloc concurrent copying GC freed 52616(3MB) AllocSpace objects, 29(1028KB) LOS objects, 37% free, 39MB/63MB, paused 190us total 350.822ms
03-27 22:07:51.867  1456  2918 I ActivityManager: Force stopping org.mozilla.fennec_aurora appid=11205 user=0: from pid 23389
03-27 22:07:51.867  1456  2918 I ActivityManager: Killing 23165:org.mozilla.fennec_aurora/u0a1205 (adj 700): stop org.mozilla.fennec_aurora
03-27 22:07:51.870  1456  1605 W zygote  : kill(-23165, 9) failed: No such process
03-27 22:07:51.870 23241 23241 I chatty  : uid=11205(org.mozilla.fennec_aurora) expire 1 line
03-27 22:07:51.871  1456  2918 W ActivityManager: Force removing ActivityRecord{592744 u0 org.mozilla.fennec_aurora/org.mozilla.fenix.HomeActivity t51229}: app died, no saved state
03-27 22:07:51.880  1456  2918 I ActivityManager: Killing 23241:org.mozilla.fennec_aurora:tab0/u0a1205 (adj 0): stop org.mozilla.fennec_aurora
03-27 22:07:51.885  1456  1605 W zygote  : kill(-23165, 9) failed: No such process
03-27 22:07:51.893 17214 17214 I AppBase : onTrimMemory(): 10
03-27 22:07:51.893 17214 17214 I GoogleInputMethodService: onTrimMemory(): 10
03-27 22:07:51.894 22718 22718 I Finsky  : [2] ppb.onTrimMemory(1): Memory trim requested to level 80
03-27 22:07:51.901  2398  2398 D CarrierSvcBindHelper: No carrier app for: 0
03-27 22:07:51.902  2398  2398 D CarrierSvcBindHelper: No carrier app for: 1
03-27 22:07:51.907  1456  1605 W zygote  : kill(-23165, 9) failed: No such process
03-27 22:07:51.935  1456  1605 I chatty  : uid=1000(system) ActivityManager identical 2 lines
03-27 22:07:51.941  1456  1673 W ActivityManager: setHasOverlayUi called on unknown pid: 23165
03-27 22:07:51.950  1456  1605 W zygote  : kill(-23165, 9) failed: No such process
03-27 22:07:51.951  1456  1605 I zygote  : Successfully killed process cgroup uid 11205 pid 23165 in 81ms
03-27 22:07:51.951  1456  1605 W zygote  : kill(-23241, 9) failed: No such process
03-27 22:07:51.951  1456  1605 I zygote  : Successfully killed process cgroup uid 11205 pid 23241 in 0ms
03-27 22:07:51.998  1456 10366 I ActivityManager: START u0 {act=android.intent.action.MAIN cat=[android.intent.category.LAUNCHER] flg=0x10000000 cmp=org.mozilla.fennec_aurora/.App} from uid 2000
03-27 22:07:51.999   794   839 E ANDR-PERF-RESOURCEQS: Failed to apply optimization [4, 0]
03-27 22:07:52.005  1456  7796 I OpenGLRenderer: Initialized EGL, version 1.4
03-27 22:07:52.005  1456  7796 D OpenGLRenderer: Swap behavior 2
03-27 22:07:52.019  1456  2401 I ActivityManager: Start proc 23397:org.mozilla.fennec_aurora/u0a1205 for activity org.mozilla.fennec_aurora/.App
03-27 22:07:52.107 28336 28379 I MicroDetectionState: Should stop hotword detection immediately - false
03-27 22:07:52.107 28336 28379 I MicroDetector: Keeping mic open: false
03-27 22:07:52.107 28336 28379 I RecognitionAudioControl: #shutdownAudio [requestId: 8645397085852205710, keepAudioOpen: false, forced: true]
03-27 22:07:52.107 28336 21980 E DeviceStateChecker: DeviceStateChecker cancelled
03-27 22:07:52.107 28336 28379 I RecognitionAudioControl: #internalShutdownAudio [requestId: 8645397085852205710]
03-27 22:07:52.107 28336 28379 I RecognitionAudioControl: #internalShutdownAudio [keepAudioOpen: false, forced: true]
03-27 22:07:52.107 28336 28379 I RecognitionAudioControl: #actualShutdownAudio
03-27 22:07:52.107 28336 28379 I AudioController: #shutdown [requestId=8645397085852205710]
03-27 22:07:52.107 28336 28380 I AudioController: internalShutdown
03-27 22:07:52.108 28336 28366 I MicroRecognitionRunner: Stopping hotword detection.
03-27 22:07:52.156   788  1479 D audio_hw_primary: disable_audio_route: usecase(9) reset and update mixer path: audio-record
03-27 22:07:52.156   788  1479 D audio_hw_primary: disable_snd_device: snd_device(120: voice-rec-mic)
03-27 22:07:52.158  1012  1301 D APM_AudioPolicyManager: stopInput() input 263302, session 263417
03-27 22:07:52.159   788  1401 D audio_hw_primary: in_set_parameters: enter: kvpairs=routing=0
03-27 22:07:52.160 28336 28380 I MicrophoneInputStream: mic_close  SR : 16000 CC : 16 SO : 1999
03-27 22:07:52.161 28336 28380 E AudioSource: Stop listening is called on already closed AudioSource
03-27 22:07:52.163 28336 21981 I MicroRecognitionRunner: Detection finished
03-27 22:07:52.179 23397 23397 I chatty  : uid=11205(org.mozilla.fennec_aurora) expire 58 lines
03-27 22:07:52.252 23397 23416 I chatty  : uid=11205(org.mozilla.fennec_aurora) expire 4 lines
03-27 22:07:52.272  1456  5050 D ConnectivityService: requestNetwork for uid/pid:11205/23397 NetworkRequest [ TRACK_DEFAULT id=34908, [ Capabilities: INTERNET&NOT_RESTRICTED&TRUSTED&NOT_VPN] ]
03-27 22:07:52.273  1456  2099 D Ethernet: got request NetworkRequest [ TRACK_DEFAULT id=34908, [ Capabilities: INTERNET&NOT_RESTRICTED&TRUSTED&NOT_VPN] ] with score 0
03-27 22:07:52.273  1456  2054 D WIFI_UT : got request NetworkRequest [ TRACK_DEFAULT id=34908, [ Capabilities: INTERNET&NOT_RESTRICTED&TRUSTED&NOT_VPN] ] with score 0
03-27 22:07:52.273  1456  2054 D WIFI    : got request NetworkRequest [ TRACK_DEFAULT id=34908, [ Capabilities: INTERNET&NOT_RESTRICTED&TRUSTED&NOT_VPN] ] with score 0
03-27 22:07:52.273  2398  2398 D PhoneSwitcherNetworkRequstListener: got request NetworkRequest [ TRACK_DEFAULT id=34908, [ Capabilities: INTERNET&NOT_RESTRICTED&TRUSTED&NOT_VPN] ] with score 0
03-27 22:07:52.291 23397 23427 I chatty  : uid=11205(org.mozilla.fennec_aurora) expire 14 lines
03-27 22:07:52.305 23397 23426 I chatty  : uid=11205(org.mozilla.fennec_aurora) expire 17 lines
03-27 22:07:52.312 23397 23430 I chatty  : uid=11205(org.mozilla.fennec_aurora) expire 27 lines
03-27 22:07:52.403 23397 23437 I chatty  : uid=11205(org.mozilla.fennec_aurora) expire 1 line
03-27 22:07:52.454 23397 23447 I chatty  : uid=11205(org.mozilla.fennec_aurora) expire 10 lines
03-27 22:07:52.468 23397 23402 I chatty  : uid=11205(org.mozilla.fennec_aurora) expire 8 lines
03-27 22:07:52.496  1456  5050 I ActivityManager: START u0 {act=android.intent.action.MAIN cat=[android.intent.category.LAUNCHER] flg=0x10000000 cmp=org.mozilla.fennec_aurora/org.mozilla.fenix.HomeActivity (has extras)} from uid 11205
03-27 22:07:52.511   808   808 D SurfaceFlinger: duplicate layer name: changing Splash Screen org.mozilla.fennec_aurora to Splash Screen org.mozilla.fennec_aurora#1
03-27 22:07:52.554  1456 10366 I ActivityManager: Start proc 23477:org.mozilla.fennec_aurora:tab0/u0a1205 for service org.mozilla.fennec_aurora/org.mozilla.gecko.process.GeckoChildProcessServices$tab0
03-27 22:07:52.693 23477 23477 I chatty  : uid=11205(org.mozilla.fennec_aurora) expire 2 lines
03-27 22:07:52.693 23477 23498 I chatty  : uid=11205(org.mozilla.fennec_aurora) expire 1 line
03-27 22:07:52.937 23397 23506 I chatty  : uid=11205(org.mozilla.fennec_aurora) expire 9 lines
03-27 22:07:52.964   808   808 I SFPerfTracer:      triggers: (rate: 72:2016315) (compose: 0:7) (post: 0:19) (render: 0:17) (16:9972245 frames) (17:12437138)
03-27 22:07:52.964   808   808 D SFPerfTracer:        layers: (3:11) (NavigationBar#0 (0xb07df000): 0:887092) (StatusBar#0 (0xb07e3000): 0:2101189) (com.android.systemui.ImageWallpaper#0 (0xb07e7000): 0:81428)* (Sprite#0 (0xb0733000): 0:317)* (DimLayerController/Stack=0#0 (0xb075a000): 0:3823)* (Sprite#1 (0xb077c000): 0:195)* (org.mozilla.fennec_aurora/org.mozilla.fenix.HomeActivity#0 (0xb039b000): 0:62)- (com.android.launcher3/com.android.launcher3.CustomizationPanelLauncher#0 (0xb0763000): 0:40)* (com.android.launcher3/com.android.launcher3.CustomizationPanelLauncher#1 (0xb0771000): 0:11)* (Splash Screen org.mozilla.fennec_aurora#0 (0xb039b000): 0:19)- (Splash Screen org.mozilla.fennec_aurora#1 (0xb013a000): 16:20) 
03-27 22:07:53.157  1456  1673 I LaunchCheckinHandler: Displayed org.mozilla.fennec_aurora/org.mozilla.fenix.HomeActivity,wp,ca,602
03-27 22:07:53.158  1456  1673 I ActivityManager: Displayed org.mozilla.fennec_aurora/org.mozilla.fenix.HomeActivity: +595ms (total +1s142ms)
03-27 22:07:53.170 28336 28336 I MemoryTrimmer: Trimming objects from memory, since app is in the background.
03-27 22:07:53.176 28336 28379 E AudioSource: Stop listening is called on already closed AudioSource
03-27 22:07:53.180 28336 28336 I MemoryTrimmer: Trimming objects from memory, since app is in the background.
03-27 22:07:53.181 28336 21381 I PBSessionCacheImpl: Deleted sessionId[124624629806612412] from persistence.
03-27 22:07:53.185  1456  2401 I WifiService: getWifiEnabledState uid=10073
03-27 22:07:53.186 28336 28379 I DEBUG   : OpaToSrpTransitionState#onStateChanged#notNullQuery
03-27 22:07:53.187 28336 28379 I DEBUG   : OpaToSrpTransitionState#onStateChanged#notNullQuery
03-27 22:07:53.188 28336 28379 W SearchServiceCore: Abort, client detached.
03-27 22:07:53.299 23397 23521 I chatty  : uid=11205(org.mozilla.fennec_aurora) expire 2 lines
03-27 22:07:53.348  1456  5050 I ActivityManager: Fully drawn org.mozilla.fennec_aurora/org.mozilla.fenix.HomeActivity: +793ms (total +1s340ms)
03-27 22:07:53.481  1023 23530 D libc    : Internal error: netid(0), id(0x3015), server(0.0.0.0)
03-27 22:07:53.481  1023 23530 D libc    : Internal error: netid(0), id(0x3015), server(0.0.0.0)
03-27 22:07:53.482  1023 23530 D libc    : Internal error: netid(0), id(0x173f), server(0.0.0.0)
03-27 22:07:53.482  1023 23530 D libc    : Internal error: netid(0), id(0x173f), server(0.0.0.0)
03-27 22:07:53.503  1023 23542 D libc    : Internal error: netid(0), id(0x3f14), server(0.0.0.0)
03-27 22:07:53.503  1023 23542 D libc    : Internal error: netid(0), id(0x3f14), server(0.0.0.0)
03-27 22:07:53.503  1023 23542 D libc    : Internal error: netid(0), id(0x2237), server(0.0.0.0)
03-27 22:07:53.504  1023 23542 D libc    : Internal error: netid(0), id(0x2237), server(0.0.0.0)
03-27 22:07:53.505  1023 23545 D libc    : Internal error: netid(0), id(0x2b2c), server(0.0.0.0)
03-27 22:07:53.505  1023 23545 D libc    : Internal error: netid(0), id(0x2b2c), server(0.0.0.0)
03-27 22:07:53.506  1023 23545 D libc    : Internal error: netid(0), id(0x1f4f), server(0.0.0.0)
03-27 22:07:53.506  1023 23545 D libc    : Internal error: netid(0), id(0x1f4f), server(0.0.0.0)
03-27 22:07:53.509  1023 23548 D libc    : Internal error: netid(0), id(0xe617), server(0.0.0.0)
03-27 22:07:53.510  1023 23548 D libc    : Internal error: netid(0), id(0xe617), server(0.0.0.0)
03-27 22:07:53.510  1023 23548 D libc    : Internal error: netid(0), id(0xb45e), server(0.0.0.0)
03-27 22:07:53.510  1023 23548 D libc    : Internal error: netid(0), id(0xb45e), server(0.0.0.0)
03-27 22:07:53.511  1023 23551 D libc    : Internal error: netid(0), id(0xb87d), server(0.0.0.0)
03-27 22:07:53.511  1023 23551 D libc    : Internal error: netid(0), id(0xb87d), server(0.0.0.0)
03-27 22:07:53.512  1023 23551 D libc    : Internal error: netid(0), id(0xcc36), server(0.0.0.0)
03-27 22:07:53.512  1023 23551 D libc    : Internal error: netid(0), id(0xcc36), server(0.0.0.0)
03-27 22:07:53.514  1023 23557 D libc    : Internal error: netid(0), id(0x2a30), server(0.0.0.0)
03-27 22:07:53.515  1023 23557 D libc    : Internal error: netid(0), id(0x2a30), server(0.0.0.0)
03-27 22:07:53.515  1023 23557 D libc    : Internal error: netid(0), id(0x9876), server(0.0.0.0)
03-27 22:07:53.515  1023 23557 D libc    : Internal error: netid(0), id(0x9876), server(0.0.0.0)
03-27 22:07:53.516 23397 23428 I chatty  : uid=11205(org.mozilla.fennec_aurora) expire 1 line
03-27 22:07:53.517 23397 23454 I chatty  : uid=11205(org.mozilla.fennec_aurora) expire 1 line
03-27 22:07:53.523 23397 23525 I chatty  : uid=11205(org.mozilla.fennec_aurora) expire 2 lines
03-27 22:07:53.525 23397 23526 I chatty  : uid=11205(org.mozilla.fennec_aurora) expire 2 lines
03-27 22:07:53.562 23397 23564 I chatty  : uid=11205(org.mozilla.fennec_aurora) expire 1 line
03-27 22:07:57.651 23603 23603 D AndroidRuntime: >>>>>> START com.android.internal.os.RuntimeInit uid 2000 <<<<<<
03-27 22:07:57.664 23603 23603 W app_process: Could not reserve sentinel fault page
03-27 22:07:57.831 23603 23603 I app_process: The ClassLoaderContext is a special shared library.
03-27 22:07:57.904 23603 23603 D AndroidRuntime: Calling main entry com.android.commands.input.Input
03-27 22:07:57.905 23603 23603 I Input   : injectKeyEvent: KeyEvent { action=ACTION_DOWN, keyCode=KEYCODE_HOME, scanCode=0, metaState=0, flags=0x0, repeatCount=0, eventTime=17437333185, downTime=17437333185, deviceId=-1, source=0x101 }
03-27 22:07:57.915 23603 23603 I Input   : injectKeyEvent: KeyEvent { action=ACTION_UP, keyCode=KEYCODE_HOME, scanCode=0, metaState=0, flags=0x0, repeatCount=0, eventTime=17437333185, downTime=17437333185, deviceId=-1, source=0x101 }
03-27 22:07:57.922  1456  1941 I ActivityManager: START u0 {act=android.intent.action.MAIN cat=[android.intent.category.HOME] flg=0x10200000 cmp=com.android.launcher3/.CustomizationPanelLauncher (has extras)} from uid 1000
03-27 22:07:57.922   794   839 E ANDR-PERF-RESOURCEQS: Failed to apply optimization [4, 0]
03-27 22:07:57.933  1456  1941 I ActivityManager: moveHomeStack, setupComplete:true
03-27 22:07:57.936 23603 23603 D AndroidRuntime: Shutting down VM
03-27 22:07:57.947 28336 28375 I Adreno  : QUALCOMM build                   : bb5b86c, I77d3059488
03-27 22:07:57.947 28336 28375 I Adreno  : Build Date                       : 06/07/18
03-27 22:07:57.947 28336 28375 I Adreno  : OpenGL ES Shader Compiler Version: EV031.22.00.01_06
03-27 22:07:57.947 28336 28375 I Adreno  : Local Branch                     : 
03-27 22:07:57.947 28336 28375 I Adreno  : Remote Branch                    : refs/tags/AU_LINUX_ANDROID_LA.UM.6.5.R1.08.01.00.312.086
03-27 22:07:57.947 28336 28375 I Adreno  : Remote Branch                    : NONE
03-27 22:07:57.947 28336 28375 I Adreno  : Reconstruct Branch               : NOTHING
03-27 22:07:57.950 28336 28375 D vndksupport: Loading /vendor/lib/hw/gralloc.msm8937.so from current namespace instead of sphal namespace.
03-27 22:07:57.954 28336 28375 I Adreno  : PFP: 0x005ff087, ME: 0x005ff063
03-27 22:07:57.958 28336 28375 I zygote  : android::hardware::configstore::V1_0::ISurfaceFlingerConfigs::hasWideColorDisplay retrieved: 0
03-27 22:07:57.959 22718 22718 I Finsky  : [2] ppb.onTrimMemory(1): Memory trim requested to level 60
03-27 22:07:57.959 28336 28375 I OpenGLRenderer: Initialized EGL, version 1.4
03-27 22:07:57.959 28336 28375 D OpenGLRenderer: Swap behavior 2
03-27 22:07:57.960  2748  2748 D Launcher.Utilities: Wakeup weather: Intent { act=com.motorola.launcher3.action.WAKEUP_WEATHER cmp=com.motorola.timeweatherwidget/com.motorola.commandcenter.weather.WakeUpService }
03-27 22:07:57.976  1456  1456 I NotificationService: Cannot find enqueued record for key: 0|com.motorola.timeweatherwidget|1|null|10116
03-27 22:07:57.979   808   808 D SurfaceFlinger: duplicate layer name: changing com.android.launcher3/com.android.launcher3.CustomizationPanelLauncher to com.android.launcher3/com.android.launcher3.CustomizationPanelLauncher#1
03-27 22:07:57.986 28336 28336 W ThreadPoolDumper: Queue length for executor EventBus is now 11. Perhaps some tasks are too long, or the pool is too small.
03-27 22:07:57.993  1456  2921 I WifiService: getWifiEnabledState uid=10073
03-27 22:07:58.004  1456  2920 I WifiService: getWifiEnabledState uid=10073
03-27 22:07:58.015 28336 28379 I DEBUG   : OpaToSrpTransitionState#onStateChanged#notNullQuery
03-27 22:07:58.016 28336 28379 I DEBUG   : OpaToSrpTransitionState#onStateChanged#notNullQuery
03-27 22:07:58.031 28336 28379 I MicroDetectionState: Should stop hotword detection immediately - false
03-27 22:07:58.034 28336 28379 I MicroDetectionWorker: #startMicroDetector [speakerMode: 0]
03-27 22:07:58.036 28336 28379 I AudioController: Created new AudioSource
03-27 22:07:58.064  1456  1673 I LaunchCheckinHandler: Displayed com.android.launcher3/.CustomizationPanelLauncher,wp,wa,142
03-27 22:07:58.065 28336 28380 I MicroDataManager: isInitializedWithLatestParams-true
03-27 22:07:58.065 28336 28380 I MicroDataManager: isInitializing-false locale not changed-true model not changed-true
03-27 22:07:58.065 28336 28380 I MicroDataManager: Already initialized, obtaining the hotword data immediately.
03-27 22:07:58.069 28336 21980 I MicroRecognitionRunner: Starting detection.
03-27 22:07:58.069 28336 21980 I InputStreamUtils: Using micInputStream
03-27 22:07:58.070 28336 21381 I MicrophoneInputStream: mic_starting  SR : 16000 CC : 16 SO : 1999
03-27 22:07:58.072   788  1401 V msm8974_platform: platform_check_input_mask: enter check_input_mask source 6 mask 10
03-27 22:07:58.075  1012 23617 I AudioFlinger: AudioFlinger's thread 0xb2483f80 tid=23617 ready to run
03-27 22:07:58.082   788  1401 D audio_hw_primary: in_set_parameters: enter: kvpairs=input_source=6;routing=-2147483644
03-27 22:07:58.083  1012 10158 D APM_AudioPolicyManager: AudioPolicyManager::startInput() input 263310, session 263425, source = 1999
03-27 22:07:58.084 28336 21381 I MicrophoneInputStream: mic_started  SR : 16000 CC : 16 SO : 1999
03-27 22:07:58.085   788 23618 V msm8974_platform: platform_update_usecase_from_source: input source :6
03-27 22:07:58.085   788 23618 V msm8974_platform: platform_check_input_mask: enter check_input_mask source 6 mask 10
03-27 22:07:58.085   788 23618 V msm8974_platform: platform_get_input_snd_device: enter: out_device(0) in_device(0x4) channel_count (1) channel_mask (0x10)
03-27 22:07:58.085   788 23618 V msm8974_platform: platform_get_input_snd_device: exit: in_snd_device(voice-rec-mic)
03-27 22:07:58.085   788 23618 V msm8974_platform: platform_get_backend_index:napb: backend port - 5 device - 120 
03-27 22:07:58.085   788 23618 V msm8974_platform: platform_check_and_set_capture_backend_cfg:txbecf: afe: bitwidth 0, samplerate 0, channel 1, backend_idx 5 usecase = 9 device (voice-rec-mic)
03-27 22:07:58.085   788 23618 V msm8974_platform: platform_check_capture_backend_cfg:txbecf: afe: Codec selected backend: 5 current bit width: 0 and sample rate: 0, channels 1
03-27 22:07:58.085   788 23618 V msm8974_platform: platform_check_capture_backend_cfg:txbecf: afe: Codec selected backend: 5 updated bit width: 0 and sample rate: 0
03-27 22:07:58.085   788 23618 I msm8974_platform: platform_check_capture_backend_cfg:txbecf: afe: Codec backend needs to be updated. new bit width: 0 new sample rate: 0 new channel: 1
03-27 22:07:58.085   788 23618 V msm8974_platform: platform_get_backend_index:napb: backend port - 5 device - 120 
03-27 22:07:58.085   788 23618 V msm8974_platform: platform_set_backend_cfg:becf: afe: bitwidth 0, samplerate 0 channels 1, backend_idx 5 device (voice-rec-mic)
03-27 22:07:58.086   788 23618 E msm8974_platform: platform_set_backend_cfg:becf: afe: Could not get ctl for mixer command - SLIM_0_TX Format
03-27 22:07:58.086   788 23618 V msm8974_platform: platform_send_audio_calibration: sending audio calibration for snd_device(120) acdb_id(62)
03-27 22:07:58.086   788 23618 D ACDB-LOADER: ACDB -> send_audio_cal, acdb_id = 62, path = 1, app id = 0x11130, sample rate = 48000
03-27 22:07:58.086   788 23618 D ACDB-LOADER: ACDB -> send_asm_topology
03-27 22:07:58.086   788 23618 D ACDB-LOADER: ACDB -> ACDB_CMD_GET_AUDPROC_STREAM_TOPOLOGY_ID
03-27 22:07:58.086   788 23618 D ACDB-LOADER: ACDB -> send_adm_topology
03-27 22:07:58.086   788 23618 D ACDB-LOADER: ACDB -> ACDB_CMD_GET_AUDPROC_COMMON_TOPOLOGY_ID
03-27 22:07:58.086   788 23618 D ACDB-LOADER: ACDB -> send_audtable
03-27 22:07:58.086   788 23618 D ACDB-LOADER: ACDB -> ACDB_CMD_GET_AUDPROC_COMMON_TABLE_SIZE
03-27 22:07:58.086   788 23618 D ACDB-LOADER: ACDB -> ACDB_CMD_GET_AUDPROC_COMMON_TABLE
03-27 22:07:58.086   788 23618 D ACDB-LOADER: ACDB -> AUDIO_SET_AUDPROC_CAL
03-27 22:07:58.086   788 23618 D ACDB-LOADER: ACDB -> send_audvoltable
03-27 22:07:58.086   788 23618 D ACDB-LOADER: ACDB -> ACDB_CMD_GET_AUDPROC_VOL_STEP_TABLE_SIZE
03-27 22:07:58.086   788 23618 D ACDB-LOADER: ACDB -> ACDB_CMD_GET_AUDPROC_GAIN_DEP_STEP_TABLE, vol index 0
03-27 22:07:58.086   788 23618 D         : Failed to fetch the lookup information of the device 0000003E 
03-27 22:07:58.086   788 23618 D ACDB-LOADER: ACDB -> AUDIO_SET_VOL_CAL cal type = 12
03-27 22:07:58.086   788 23618 D ACDB-LOADER: ACDB -> ACDB_CMD_GET_AUDPROC_STREAM_TABLE_SIZE
03-27 22:07:58.086   788 23618 D ACDB-LOADER: ACDB -> send_audstrmtable
03-27 22:07:58.086   788 23618 D ACDB-LOADER: ACDB -> ACDB_CMD_GET_AUDPROC_STREAM_TABLE_V2
03-27 22:07:58.086   788 23618 D ACDB-LOADER: ACDB -> audstrm_cal->cal_type.cal_data.cal_size = 456
03-27 22:07:58.086   788 23618 D ACDB-LOADER: ACDB -> send_afe_topology
03-27 22:07:58.086   788 23618 D ACDB-LOADER: ACDB -> ACDB_CMD_GET_AFE_TOPOLOGY_ID
03-27 22:07:58.086   788 23618 D ACDB-LOADER: ACDB -> GET_AFE_TOPOLOGY_ID for adcd_id 62, Topology Id 112fb
03-27 22:07:58.086   788 23618 D ACDB-LOADER: ACDB -> send_afe_cal
03-27 22:07:58.086   788 23618 D ACDB-LOADER: ACDB -> ACDB_CMD_GET_AFE_COMMON_TABLE_SIZE
03-27 22:07:58.086   788 23618 D         : Failed to fetch the lookup information of the device 0000003E 
03-27 22:07:58.086   788 23618 E ACDB-LOADER: Error: ACDB_CMD_GET_AFE_COMMON_TABLE_SIZE Returned = -19
03-27 22:07:58.086   788 23618 D ACDB-LOADER: ACDB -> ACDB_CMD_GET_AFE_COMMON_TABLE
03-27 22:07:58.087   788 23618 D         : Failed to fetch the lookup information of the device 0000003E 
03-27 22:07:58.087   788 23618 D ACDB-LOADER: ACDB -> AUDIO_SET_AFE_CAL
03-27 22:07:58.087   788 23618 D ACDB-LOADER: ACDB -> send_hw_delay : acdb_id = 62 path = 1
03-27 22:07:58.087   788 23618 D ACDB-LOADER: ACDB -> ACDB_AVSYNC_INFO: ACDB_CMD_GET_DEVICE_PROPERTY
03-27 22:07:58.087   788 23618 D audio_hw_primary: enable_snd_device: snd_device(120: voice-rec-mic)
03-27 22:07:58.087   788 23618 D audio_route: Apply path: voice-rec-mic
03-27 22:07:58.089   788 23618 V msm8974_platform: platform_get_snd_device_backend_index: enter with device 120
03-27 22:07:58.089   788 23618 E msm8974_platform: platform_get_snd_device_backend_index: BE DAI Name Table is not present
03-27 22:07:58.089   788 23618 V msm8974_platform: platform_get_backend_index:napb: backend port - 5 device - 120 
