04-20 21:45:06.964   788 31875 E msm8974_platform: platform_get_snd_device_backend_index: BE DAI Name Table is not present
04-20 21:45:06.964   788 31875 V msm8974_platform: platform_get_backend_index:napb: backend port - 5 device - 120 
04-20 21:45:06.964   788 31875 I audio_hw_utils: Set Audio Stream Capture 0 App Type Cfg: app_type 69936, acdb_dev_id 62, sample_rate 48000, snd_device_be_idx -14
04-20 21:45:06.964   788 31875 D audio_hw_primary: enable_audio_route: usecase(9) apply and update mixer path: audio-record
04-20 21:45:06.964   788 31875 D audio_route: Apply path: audio-record
04-20 21:45:07.034 17373 17428 I MicroDetectionWorker: onReady
04-20 21:45:07.075  2146  2165 I zygote  : NativeAlloc concurrent copying GC freed 18963(1029KB) AllocSpace objects, 0(0B) LOS objects, 49% free, 10MB/20MB, paused 116us total 136.696ms
04-20 21:45:07.267 31611 31674 I chatty  : uid=11272(org.mozilla.fennec_aurora) expire 25 lines
04-20 21:45:07.330  1456  7796 I OpenGLRenderer: Initialized EGL, version 1.4
04-20 21:45:07.331  1456  7796 D OpenGLRenderer: Swap behavior 2
04-20 21:45:07.381  2748  2917 W OpenGLRenderer: Incorrectly called buildLayer on View: ShortcutAndWidgetContainer, destroying layer...
04-20 21:45:07.499 31611 31775 I chatty  : uid=11272(org.mozilla.fennec_aurora) expire 1 line
04-20 21:45:07.546   808   808 I SFPerfTracer:      triggers: (rate: 86:2030801) (compose: 0:7) (post: 0:19) (render: 0:17) (7:10662251 frames) (8:13485599)
04-20 21:45:07.546   808   808 D SFPerfTracer:        layers: (4:13) (NavigationBar#0 (0xb07df000): 0:1018239) (StatusBar#0 (0xb07e3000): 0:2369362) (com.android.systemui.ImageWallpaper#0 (0xb07e7000): 0:94863) (Sprite#0 (0xb0733000): 0:317)* (DimLayerController/Stack=0#0 (0xb075a000): 0:3866)* (Sprite#1 (0xb077c000): 0:195)* (com.android.launcher3/com.android.launcher3.CustomizationPanelLauncher#0 (0xb0763000): 0:39)- (com.android.launcher3/com.android.launcher3.CustomizationPanelLauncher#1 (0xb0771000): 0:14)- (Splash Screen org.mozilla.fennec_aurora#0 (0xb039b000): 0:19)- (Splash Screen org.mozilla.fennec_aurora#1 (0xb013a000): 0:32)- (org.mozilla.fennec_aurora/org.mozilla.fenix.HomeActivity#0 (0xb039b000): 0:46)- (com.android.launcher3/com.android.launcher3.CustomizationPanelLauncher#0 (0xb0763000): 8:36)* (com.android.launcher3/com.android.launcher3.CustomizationPanelLauncher#1 (0xb0771000): 1:6) 
04-20 21:45:08.383  1456 10366 W ActivityManager: Background start not allowed: service Intent { cmp=com.google.android.apps.messaging/.shared.datamodel.action.execution.ActionExecutorImpl$EmptyService } to com.google.android.apps.messaging/.shared.datamodel.action.execution.ActionExecutorImpl$EmptyService from pid=28919 uid=10110 pkg=com.google.android.apps.messaging
04-20 21:45:08.384 28919 28919 W BugleDataModel: ActionExecutorImpl: Action started execution, but we can't guarantee it will complete, the app may be killed. Action: class com.google.android.apps.messaging.shared.datamodel.action.SelfParticipantsRefreshAction-SelfParticipantsRefreshAction:19961481854007
04-20 21:45:08.384 28919 28919 W BugleDataModel: java.lang.IllegalStateException: Not allowed to start service Intent { cmp=com.google.android.apps.messaging/.shared.datamodel.action.execution.ActionExecutorImpl$EmptyService }: app is in background uid UidRecord{61843ce u0a110 CEM  idle change:cached procs:1 seq(0,0,0)}
04-20 21:45:08.384 28919 28919 W BugleDataModel: 	at android.app.ContextImpl.startServiceCommon(ContextImpl.java:1536)
04-20 21:45:08.384 28919 28919 W BugleDataModel: 	at android.app.ContextImpl.startService(ContextImpl.java:1492)
04-20 21:45:08.384 28919 28919 W BugleDataModel: 	at android.content.ContextWrapper.startService(ContextWrapper.java:650)
04-20 21:45:08.384 28919 28919 W BugleDataModel: 	at com.google.android.apps.messaging.shared.datamodel.action.execution.ActionExecutorImpl.a(PG:94)
04-20 21:45:08.384 28919 28919 W BugleDataModel: 	at com.google.android.apps.messaging.shared.datamodel.action.execution.ActionExecutorImpl.a(PG:89)
04-20 21:45:08.384 28919 28919 W BugleDataModel: 	at fib.c(PG:113)
04-20 21:45:08.384 28919 28919 W BugleDataModel: 	at fhy.run(PG:1)
04-20 21:45:08.384 28919 28919 W BugleDataModel: 	at zit.run(PG:3)
04-20 21:45:08.384 28919 28919 W BugleDataModel: 	at android.os.Handler.handleCallback(Handler.java:790)
04-20 21:45:08.384 28919 28919 W BugleDataModel: 	at android.os.Handler.dispatchMessage(Handler.java:99)
04-20 21:45:08.384 28919 28919 W BugleDataModel: 	at android.os.Looper.loop(Looper.java:164)
04-20 21:45:08.384 28919 28919 W BugleDataModel: 	at android.app.ActivityThread.main(ActivityThread.java:6626)
04-20 21:45:08.384 28919 28919 W BugleDataModel: 	at java.lang.reflect.Method.invoke(Native Method)
04-20 21:45:08.384 28919 28919 W BugleDataModel: 	at com.android.internal.os.RuntimeInit$MethodAndArgsCaller.run(RuntimeInit.java:438)
04-20 21:45:08.384 28919 28919 W BugleDataModel: 	at com.android.internal.os.ZygoteInit.main(ZygoteInit.java:811)
04-20 21:45:08.386 28919 29005 I BugleDataModel: ParticipantRefresh: Start participant refresh. refreshMode: SELF_ONLY
04-20 21:45:08.426 28919 29005 W Bugle   : SubscriptionMetadataUtils get: invalid subId = -1
04-20 21:45:08.427 28919 29005 W Bugle   : SubscriptionMetadataUtils get: invalid subId = -1
04-20 21:45:08.427 28919 29005 W Bugle   : MultiSimSubscriptionUtils: getSelfRawNumber: subInfo is null for subscription{id:-1}
04-20 21:45:08.442  1456 10366 I ActivityManager: Start proc 31880:android.process.acore/u0a14 for content provider com.android.providers.contacts/.ContactsProvider2
04-20 21:45:08.474 31880 31880 I zygote  : The ClassLoaderContext is a special shared library.
04-20 21:45:08.523 31880 31880 I ContactsPerf: VoicemailContentProvider.onCreate start
04-20 21:45:08.527 31880 31880 I ContactsPerf: VoicemailContentProvider.onCreate finish
04-20 21:45:08.534 31880 31880 I zygote  : The ClassLoaderContext is a special shared library.
04-20 21:45:08.545 31880 31880 I zygote  : The ClassLoaderContext is a special shared library.
04-20 21:45:08.549 31880 31896 D ContactsDatabaseHelper: WAL enabled for contacts2.db: true
04-20 21:45:08.597 31880 31896 I ContactLocale: AddressBook Labels [[en_US]]: [, A, B, C, D, E, F, G, H, I, J, K, L, M, N, O, P, Q, R, S, T, U, V, W, X, Y, Z, , , , , , , , , , , , , , , , , , , , , , , , , , , , , , , , , , , , , , , , , , , , , , , , , , , , , , , , , , , , , , , , , , , , , , , , , , , , , , , , , , , , , , , , , , , , , , , , , , , , , , , , , , , , , , , , , , , , , , , , , , , , , , , , , , , , , , , , , , , , , , , , , , , , , , , , , , , , , , , , , , , , , , , , , , , , , , , , , , , , , , , , , , , #, ]
04-20 21:45:08.618 31880 31896 D ContactsDatabaseHelper: WAL enabled for profile.db: false
04-20 21:45:08.659 28919 29005 I BugleDataModel: ParticipantRefresh: Number of participants refreshed: 0
04-20 21:45:11.960  1456  2236 I ActivityManager: Force stopping org.mozilla.fennec_aurora appid=11272 user=0: from pid 31904
04-20 21:45:11.961  1456  2236 I ActivityManager: Killing 31611:org.mozilla.fennec_aurora/u0a1272 (adj 700): stop org.mozilla.fennec_aurora
04-20 21:45:11.963  1456  1605 W zygote  : kill(-31611, 9) failed: No such process
04-20 21:45:11.965  1456  2236 W ActivityManager: Force removing ActivityRecord{ffd554a u0 org.mozilla.fennec_aurora/org.mozilla.fenix.HomeActivity t63762}: app died, no saved state
04-20 21:45:11.974  1456  2236 I ActivityManager: Killing 31702:org.mozilla.fennec_aurora:tab0/u0a1272 (adj 0): stop org.mozilla.fennec_aurora
04-20 21:45:11.976  1456  1605 W zygote  : kill(-31611, 9) failed: No such process
04-20 21:45:11.990  2398  2398 D CarrierSvcBindHelper: No carrier app for: 0
04-20 21:45:11.991  2398  2398 D CarrierSvcBindHelper: No carrier app for: 1
04-20 21:45:11.992  1456  1605 W zygote  : kill(-31611, 9) failed: No such process
04-20 21:45:12.019  1456  1605 I chatty  : uid=1000(system) ActivityManager identical 2 lines
04-20 21:45:12.033  1456 10366 D ConnectivityService: ConnectivityService NetworkRequestInfo binderDied(NetworkRequest [ TRACK_DEFAULT id=38411, [ Capabilities: INTERNET&NOT_RESTRICTED&TRUSTED&NOT_VPN] ], android.os.BinderProxy@6cc42ae)
04-20 21:45:12.034  1456  2067 D ConnectivityService: releasing NetworkRequest [ TRACK_DEFAULT id=38411, [ Capabilities: INTERNET&NOT_RESTRICTED&TRUSTED&NOT_VPN] ] (release request)
04-20 21:45:12.035  1456  1673 W ActivityManager: setHasOverlayUi called on unknown pid: 31611
04-20 21:45:12.037  1456  1605 W zygote  : kill(-31611, 9) failed: No such process
04-20 21:45:12.037  1456  1605 I zygote  : Successfully killed process cgroup uid 11272 pid 31611 in 74ms
04-20 21:45:12.038  1456  1605 W zygote  : kill(-31702, 9) failed: No such process
04-20 21:45:12.038  1456  1605 I zygote  : Successfully killed process cgroup uid 11272 pid 31702 in 0ms
04-20 21:45:12.086  1456  3925 I ActivityManager: START u0 {act=android.intent.action.MAIN cat=[android.intent.category.LAUNCHER] flg=0x10000000 cmp=org.mozilla.fennec_aurora/.App} from uid 2000
04-20 21:45:12.087   794   839 E ANDR-PERF-RESOURCEQS: Failed to apply optimization [4, 0]
04-20 21:45:12.106  1456  4802 I ActivityManager: Start proc 31912:org.mozilla.fennec_aurora/u0a1272 for activity org.mozilla.fennec_aurora/.App
04-20 21:45:12.195 17373 17428 I MicroDetectionState: Should stop hotword detection immediately - false
04-20 21:45:12.195 17373 17428 I MicroDetector: Keeping mic open: false
04-20 21:45:12.196 17373 17402 E DeviceStateChecker: DeviceStateChecker cancelled
04-20 21:45:12.196 17373 17428 I RecognitionAudioControl: #shutdownAudio [requestId: 3724633700931934429, keepAudioOpen: false, forced: true]
04-20 21:45:12.196 17373 17428 I RecognitionAudioControl: #internalShutdownAudio [requestId: 3724633700931934429]
04-20 21:45:12.196 17373 17428 I RecognitionAudioControl: #internalShutdownAudio [keepAudioOpen: false, forced: true]
04-20 21:45:12.196 17373 17428 I RecognitionAudioControl: #actualShutdownAudio
04-20 21:45:12.196 17373 17428 I AudioController: #shutdown [requestId=3724633700931934429]
04-20 21:45:12.196 17373 17426 I AudioController: internalShutdown
04-20 21:45:12.196 17373 17396 I MicroRecognitionRunner: Stopping hotword detection.
04-20 21:45:12.252   788  1479 D audio_hw_primary: disable_audio_route: usecase(9) reset and update mixer path: audio-record
04-20 21:45:12.253   788  1479 D audio_hw_primary: disable_snd_device: snd_device(120: voice-rec-mic)
04-20 21:45:12.256  1012 13178 D APM_AudioPolicyManager: stopInput() input 313422, session 313537
04-20 21:45:12.257   788   788 D audio_hw_primary: in_set_parameters: enter: kvpairs=routing=0
04-20 21:45:12.259 17373 17426 I MicrophoneInputStream: mic_close  SR : 16000 CC : 16 SO : 1999
04-20 21:45:12.260 17373 17426 E AudioSource: Stop listening is called on already closed AudioSource
04-20 21:45:12.261 17373 17475 I MicroRecognitionRunner: Detection finished
04-20 21:45:12.274 31912 31912 I chatty  : uid=11272(org.mozilla.fennec_aurora) expire 29 lines
04-20 21:45:12.356 31912 31931 I chatty  : uid=11272(org.mozilla.fennec_aurora) expire 4 lines
04-20 21:45:12.386 31912 31939 I chatty  : uid=11272(org.mozilla.fennec_aurora) expire 13 lines
04-20 21:45:12.406 31912 31938 I chatty  : uid=11272(org.mozilla.fennec_aurora) expire 11 lines
04-20 21:45:12.414 31912 31943 I chatty  : uid=11272(org.mozilla.fennec_aurora) expire 15 lines
04-20 21:45:12.510  1456  1466 I zygote  : NativeAlloc concurrent copying GC freed 35795(2MB) AllocSpace objects, 27(1064KB) LOS objects, 37% free, 39MB/63MB, paused 210us total 361.659ms
04-20 21:45:12.534 31912 31960 I chatty  : uid=11272(org.mozilla.fennec_aurora) expire 1 line
04-20 21:45:12.546  1456  1471 I ActivityManager: START u0 {act=android.intent.action.MAIN cat=[android.intent.category.LAUNCHER] flg=0x10000000 cmp=org.mozilla.fennec_aurora/org.mozilla.fenix.HomeActivity (has extras)} from uid 11272
04-20 21:45:12.575   808   808 D SurfaceFlinger: duplicate layer name: changing Splash Screen org.mozilla.fennec_aurora to Splash Screen org.mozilla.fennec_aurora#1
04-20 21:45:12.579 31912 31917 I chatty  : uid=11272(org.mozilla.fennec_aurora) expire 3 lines
04-20 21:45:12.634  1456  4802 I ActivityManager: Start proc 31987:org.mozilla.fennec_aurora:tab0/u0a1272 for service org.mozilla.fennec_aurora/org.mozilla.gecko.process.GeckoChildProcessServices$tab0
04-20 21:45:12.637 31912 31973 I chatty  : uid=11272(org.mozilla.fennec_aurora) expire 1 line
04-20 21:45:12.776 31987 31987 I chatty  : uid=11272(org.mozilla.fennec_aurora) expire 1 line
04-20 21:45:12.777 31987 32009 I chatty  : uid=11272(org.mozilla.fennec_aurora) expire 1 line
04-20 21:45:12.959 31912 32016 I chatty  : uid=11272(org.mozilla.fennec_aurora) expire 10 lines
04-20 21:45:12.966 28132 28146 E AuthStateProvider: Calling package disagreement. Legacy: org.mozilla.fennec.sharedID:11272, new API: org.mozilla.fennec_aurora
04-20 21:45:12.966 28132 28146 D AuthStateProvider: Caller must be whitelisted.
04-20 21:45:12.967 31912 31912 E ActivityThread: Failed to find provider info for org.mozilla.fennec_aurora.fxa.auth
04-20 21:45:12.992 31912 31912 I chatty  : uid=11272(org.mozilla.fennec_aurora) expire 28 lines
04-20 21:45:13.006   808   898 I SFPerfTracer:      triggers: (rate: 0:1) (0 sw vsyncs) (0 skipped) (20:6604572 vsyncs) (22:13594389)
04-20 21:45:13.019 31912 31917 I chatty  : uid=11272(org.mozilla.fennec_aurora) expire 5 lines
04-20 21:45:13.055 31912 32025 I chatty  : uid=11272(org.mozilla.fennec_aurora) expire 9 lines
04-20 21:45:13.120 31912 31943 I chatty  : uid=11272(org.mozilla.fennec_aurora) expire 4 lines
04-20 21:45:13.411  1456  1673 I LaunchCheckinHandler: Displayed org.mozilla.fennec_aurora/org.mozilla.fenix.HomeActivity,wp,ca,815
04-20 21:45:13.411  1456  1673 I ActivityManager: Displayed org.mozilla.fennec_aurora/org.mozilla.fenix.HomeActivity: +801ms (total +1s303ms)
04-20 21:45:13.428 17373 17373 I MemoryTrimmer: Trimming objects from memory, since app is in the background.
04-20 21:45:13.436 17373 17373 I MemoryTrimmer: Trimming objects from memory, since app is in the background.
04-20 21:45:13.437 17373 28304 I PBSessionCacheImpl: Deleted sessionId[76408848338809311] from persistence.
04-20 21:45:13.441  1456  6339 I WifiService: getWifiEnabledState uid=10073
04-20 21:45:13.448 17373 17428 I DEBUG   : OpaToSrpTransitionState#onStateChanged#notNullQuery
04-20 21:45:13.448 17373 17428 I DEBUG   : OpaToSrpTransitionState#onStateChanged#notNullQuery
04-20 21:45:13.450 17373 17428 W SearchServiceCore: Abort, client detached.
04-20 21:45:13.468 28132 28146 E AuthStateProvider: Calling package disagreement. Legacy: org.mozilla.fennec.sharedID:11272, new API: org.mozilla.fennec_aurora
04-20 21:45:13.468 28132 28146 D AuthStateProvider: Caller must be whitelisted.
04-20 21:45:13.469 31912 31912 E ActivityThread: Failed to find provider info for org.mozilla.fennec_aurora.fxa.auth
04-20 21:45:13.529 31912 31941 I chatty  : uid=11272(org.mozilla.fennec_aurora) expire 1 line
04-20 21:45:13.530 31912 31961 I chatty  : uid=11272(org.mozilla.fennec_aurora) expire 1 line
04-20 21:45:13.531 31912 31952 I chatty  : uid=11272(org.mozilla.fennec_aurora) expire 1 line
04-20 21:45:13.562  1023 32060 D libc    : Internal error: netid(0), id(0x1347), server(0.0.0.0)
04-20 21:45:13.562  1023 32060 D libc    : Internal error: netid(0), id(0x1347), server(0.0.0.0)
04-20 21:45:13.562  1023 32060 D libc    : Internal error: netid(0), id(0x2444), server(0.0.0.0)
04-20 21:45:13.562  1023 32060 D libc    : Internal error: netid(0), id(0x2444), server(0.0.0.0)
04-20 21:45:13.566  1023 32064 D libc    : Internal error: netid(0), id(0xd43f), server(0.0.0.0)
04-20 21:45:13.566  1023 32064 D libc    : Internal error: netid(0), id(0xd43f), server(0.0.0.0)
04-20 21:45:13.566  1023 32064 D libc    : Internal error: netid(0), id(0xa643), server(0.0.0.0)
04-20 21:45:13.566  1023 32064 D libc    : Internal error: netid(0), id(0xa643), server(0.0.0.0)
04-20 21:45:13.568  1023 32066 D libc    : Internal error: netid(0), id(0x302c), server(0.0.0.0)
04-20 21:45:13.568  1023 32066 D libc    : Internal error: netid(0), id(0x302c), server(0.0.0.0)
04-20 21:45:13.568  1023 32066 D libc    : Internal error: netid(0), id(0x6403), server(0.0.0.0)
04-20 21:45:13.569  1023 32066 D libc    : Internal error: netid(0), id(0x6403), server(0.0.0.0)
04-20 21:45:13.571 31912 31953 I chatty  : uid=11272(org.mozilla.fennec_aurora) expire 1 line
04-20 21:45:14.188 31987 32009 I chatty  : uid=11272(org.mozilla.fennec_aurora) expire 11 lines
04-20 21:45:14.201 31912 31973 I chatty  : uid=11272(org.mozilla.fennec_aurora) expire 1 line
04-20 21:45:14.525 31987 31987 I chatty  : uid=11272(org.mozilla.fennec_aurora) expire 3 lines
04-20 21:45:14.562 17694 17705 I zygote  : Background concurrent copying GC freed 84009(5MB) AllocSpace objects, 104(4MB) LOS objects, 49% free, 9MB/19MB, paused 147us total 118.207ms
04-20 21:45:17.746 32139 32139 D AndroidRuntime: >>>>>> START com.android.internal.os.RuntimeInit uid 2000 <<<<<<
04-20 21:45:17.759 32139 32139 W app_process: Could not reserve sentinel fault page
04-20 21:45:17.925 32139 32139 I app_process: The ClassLoaderContext is a special shared library.
04-20 21:45:17.990 32139 32139 D AndroidRuntime: Calling main entry com.android.commands.input.Input
04-20 21:45:17.991 32139 32139 I Input   : injectKeyEvent: KeyEvent { action=ACTION_DOWN, keyCode=KEYCODE_HOME, scanCode=0, metaState=0, flags=0x0, repeatCount=0, eventTime=19509573271, downTime=19509573271, deviceId=-1, source=0x101 }
04-20 21:45:17.998 32139 32139 I Input   : injectKeyEvent: KeyEvent { action=ACTION_UP, keyCode=KEYCODE_HOME, scanCode=0, metaState=0, flags=0x0, repeatCount=0, eventTime=19509573271, downTime=19509573271, deviceId=-1, source=0x101 }
04-20 21:45:18.005  1456  1941 I ActivityManager: START u0 {act=android.intent.action.MAIN cat=[android.intent.category.HOME] flg=0x10200000 cmp=com.android.launcher3/.CustomizationPanelLauncher (has extras)} from uid 1000
04-20 21:45:18.005   794   839 E ANDR-PERF-RESOURCEQS: Failed to apply optimization [4, 0]
04-20 21:45:18.012 32139 32139 D AndroidRuntime: Shutting down VM
04-20 21:45:18.020  1456  6339 I ActivityManager: moveHomeStack, setupComplete:true
04-20 21:45:18.027 17373 17422 I Adreno  : QUALCOMM build                   : bb5b86c, I77d3059488
04-20 21:45:18.027 17373 17422 I Adreno  : Build Date                       : 06/07/18
04-20 21:45:18.027 17373 17422 I Adreno  : OpenGL ES Shader Compiler Version: EV031.22.00.01_06
04-20 21:45:18.027 17373 17422 I Adreno  : Local Branch                     : 
04-20 21:45:18.027 17373 17422 I Adreno  : Remote Branch                    : refs/tags/AU_LINUX_ANDROID_LA.UM.6.5.R1.08.01.00.312.086
04-20 21:45:18.027 17373 17422 I Adreno  : Remote Branch                    : NONE
04-20 21:45:18.027 17373 17422 I Adreno  : Reconstruct Branch               : NOTHING
04-20 21:45:18.031 17373 17422 D vndksupport: Loading /vendor/lib/hw/gralloc.msm8937.so from current namespace instead of sphal namespace.
04-20 21:45:18.036 17373 17422 I Adreno  : PFP: 0x005ff087, ME: 0x005ff063
04-20 21:45:18.042 17373 17422 I zygote  : android::hardware::configstore::V1_0::ISurfaceFlingerConfigs::hasWideColorDisplay retrieved: 0
04-20 21:45:18.043  2748  2748 D Launcher.Utilities: Wakeup weather: Intent { act=com.motorola.launcher3.action.WAKEUP_WEATHER cmp=com.motorola.timeweatherwidget/com.motorola.commandcenter.weather.WakeUpService }
04-20 21:45:18.043 17373 17422 I OpenGLRenderer: Initialized EGL, version 1.4
04-20 21:45:18.043 17373 17422 D OpenGLRenderer: Swap behavior 2
04-20 21:45:18.056  1456  1456 I NotificationService: Cannot find enqueued record for key: 0|com.motorola.timeweatherwidget|1|null|10116
04-20 21:45:18.058   808   808 D SurfaceFlinger: duplicate layer name: changing com.android.launcher3/com.android.launcher3.CustomizationPanelLauncher to com.android.launcher3/com.android.launcher3.CustomizationPanelLauncher#1
04-20 21:45:18.078 17373 17393 W ThreadPoolDumper: Queue length for executor EventBus is now 11. Perhaps some tasks are too long, or the pool is too small.
04-20 21:45:18.079  1456  2918 I WifiService: getWifiEnabledState uid=10073
04-20 21:45:18.091  1456  4802 I WifiService: getWifiEnabledState uid=10073
04-20 21:45:18.099 17373 17428 I DEBUG   : OpaToSrpTransitionState#onStateChanged#notNullQuery
04-20 21:45:18.100 17373 17428 I DEBUG   : OpaToSrpTransitionState#onStateChanged#notNullQuery
04-20 21:45:18.117 17373 17428 I MicroDetectionState: Should stop hotword detection immediately - false
04-20 21:45:18.120 17373 17428 I MicroDetectionWorker: #startMicroDetector [speakerMode: 0]
04-20 21:45:18.121 17373 17428 I AudioController: Created new AudioSource
04-20 21:45:18.142  1456  1673 I LaunchCheckinHandler: Displayed com.android.launcher3/.CustomizationPanelLauncher,wp,wa,136
04-20 21:45:18.142 17373 17396 I MicroDataManager: isInitializedWithLatestParams-true
04-20 21:45:18.143 17373 17396 I MicroDataManager: isInitializing-false locale not changed-true model not changed-true
04-20 21:45:18.143 17373 17396 I MicroDataManager: Already initialized, obtaining the hotword data immediately.
04-20 21:45:18.150 17373 17402 I MicroRecognitionRunner: Starting detection.
04-20 21:45:18.150 17373 17402 I InputStreamUtils: Using micInputStream
04-20 21:45:18.151 17373 28304 I MicrophoneInputStream: mic_starting  SR : 16000 CC : 16 SO : 1999
04-20 21:45:18.154   788   788 V msm8974_platform: platform_check_input_mask: enter check_input_mask source 6 mask 10
04-20 21:45:18.157  1012 32155 I AudioFlinger: AudioFlinger's thread 0xb2483680 tid=32155 ready to run
04-20 21:45:18.164   788   788 D audio_hw_primary: in_set_parameters: enter: kvpairs=input_source=6;routing=-2147483644
04-20 21:45:18.165  1012  1301 D APM_AudioPolicyManager: AudioPolicyManager::startInput() input 313430, session 313545, source = 1999
04-20 21:45:18.165 17373 28304 I MicrophoneInputStream: mic_started  SR : 16000 CC : 16 SO : 1999
04-20 21:45:18.166   788 32156 V msm8974_platform: platform_update_usecase_from_source: input source :6
04-20 21:45:18.166   788 32156 V msm8974_platform: platform_check_input_mask: enter check_input_mask source 6 mask 10
04-20 21:45:18.166   788 32156 V msm8974_platform: platform_get_input_snd_device: enter: out_device(0) in_device(0x4) channel_count (1) channel_mask (0x10)
04-20 21:45:18.166   788 32156 V msm8974_platform: platform_get_input_snd_device: exit: in_snd_device(voice-rec-mic)
04-20 21:45:18.166   788 32156 V msm8974_platform: platform_get_backend_index:napb: backend port - 5 device - 120 
04-20 21:45:18.166   788 32156 V msm8974_platform: platform_check_and_set_capture_backend_cfg:txbecf: afe: bitwidth 0, samplerate 0, channel 1, backend_idx 5 usecase = 9 device (voice-rec-mic)
04-20 21:45:18.166   788 32156 V msm8974_platform: platform_check_capture_backend_cfg:txbecf: afe: Codec selected backend: 5 current bit width: 0 and sample rate: 0, channels 1
04-20 21:45:18.166   788 32156 V msm8974_platform: platform_check_capture_backend_cfg:txbecf: afe: Codec selected backend: 5 updated bit width: 0 and sample rate: 0
04-20 21:45:18.166   788 32156 I msm8974_platform: platform_check_capture_backend_cfg:txbecf: afe: Codec backend needs to be updated. new bit width: 0 new sample rate: 0 new channel: 1
04-20 21:45:18.166   788 32156 V msm8974_platform: platform_get_backend_index:napb: backend port - 5 device - 120 
04-20 21:45:18.166   788 32156 V msm8974_platform: platform_set_backend_cfg:becf: afe: bitwidth 0, samplerate 0 channels 1, backend_idx 5 device (voice-rec-mic)
04-20 21:45:18.167   788 32156 E msm8974_platform: platform_set_backend_cfg:becf: afe: Could not get ctl for mixer command - SLIM_0_TX Format
04-20 21:45:18.167   788 32156 V msm8974_platform: platform_send_audio_calibration: sending audio calibration for snd_device(120) acdb_id(62)
04-20 21:45:18.167   788 32156 D ACDB-LOADER: ACDB -> send_audio_cal, acdb_id = 62, path = 1, app id = 0x11130, sample rate = 48000
04-20 21:45:18.167   788 32156 D ACDB-LOADER: ACDB -> send_asm_topology
04-20 21:45:18.167   788 32156 D ACDB-LOADER: ACDB -> ACDB_CMD_GET_AUDPROC_STREAM_TOPOLOGY_ID
04-20 21:45:18.167   788 32156 D ACDB-LOADER: ACDB -> send_adm_topology
04-20 21:45:18.167   788 32156 D ACDB-LOADER: ACDB -> ACDB_CMD_GET_AUDPROC_COMMON_TOPOLOGY_ID
04-20 21:45:18.167   788 32156 D ACDB-LOADER: ACDB -> send_audtable
04-20 21:45:18.167   788 32156 D ACDB-LOADER: ACDB -> ACDB_CMD_GET_AUDPROC_COMMON_TABLE_SIZE
04-20 21:45:18.167   788 32156 D ACDB-LOADER: ACDB -> ACDB_CMD_GET_AUDPROC_COMMON_TABLE
04-20 21:45:18.167   788 32156 D ACDB-LOADER: ACDB -> AUDIO_SET_AUDPROC_CAL
04-20 21:45:18.167   788 32156 D ACDB-LOADER: ACDB -> send_audvoltable
04-20 21:45:18.167   788 32156 D ACDB-LOADER: ACDB -> ACDB_CMD_GET_AUDPROC_VOL_STEP_TABLE_SIZE
04-20 21:45:18.167   788 32156 D ACDB-LOADER: ACDB -> ACDB_CMD_GET_AUDPROC_GAIN_DEP_STEP_TABLE, vol index 0
04-20 21:45:18.167   788 32156 D         : Failed to fetch the lookup information of the device 0000003E 
04-20 21:45:18.167   788 32156 D ACDB-LOADER: ACDB -> AUDIO_SET_VOL_CAL cal type = 12
04-20 21:45:18.167   788 32156 D ACDB-LOADER: ACDB -> ACDB_CMD_GET_AUDPROC_STREAM_TABLE_SIZE
04-20 21:45:18.167   788 32156 D ACDB-LOADER: ACDB -> send_audstrmtable
04-20 21:45:18.167   788 32156 D ACDB-LOADER: ACDB -> ACDB_CMD_GET_AUDPROC_STREAM_TABLE_V2
04-20 21:45:18.167   788 32156 D ACDB-LOADER: ACDB -> audstrm_cal->cal_type.cal_data.cal_size = 456
04-20 21:45:18.167   788 32156 D ACDB-LOADER: ACDB -> send_afe_topology
04-20 21:45:18.167   788 32156 D ACDB-LOADER: ACDB -> ACDB_CMD_GET_AFE_TOPOLOGY_ID
04-20 21:45:18.167   788 32156 D ACDB-LOADER: ACDB -> GET_AFE_TOPOLOGY_ID for adcd_id 62, Topology Id 112fb
04-20 21:45:18.167   788 32156 D ACDB-LOADER: ACDB -> send_afe_cal
04-20 21:45:18.167   788 32156 D ACDB-LOADER: ACDB -> ACDB_CMD_GET_AFE_COMMON_TABLE_SIZE
04-20 21:45:18.167   788 32156 D         : Failed to fetch the lookup information of the device 0000003E 
04-20 21:45:18.167   788 32156 E ACDB-LOADER: Error: ACDB_CMD_GET_AFE_COMMON_TABLE_SIZE Returned = -19
04-20 21:45:18.167   788 32156 D ACDB-LOADER: ACDB -> ACDB_CMD_GET_AFE_COMMON_TABLE
04-20 21:45:18.167   788 32156 D         : Failed to fetch the lookup information of the device 0000003E 
04-20 21:45:18.168   788 32156 D ACDB-LOADER: ACDB -> AUDIO_SET_AFE_CAL
04-20 21:45:18.168   788 32156 D ACDB-LOADER: ACDB -> send_hw_delay : acdb_id = 62 path = 1
04-20 21:45:18.168   788 32156 D ACDB-LOADER: ACDB -> ACDB_AVSYNC_INFO: ACDB_CMD_GET_DEVICE_PROPERTY
04-20 21:45:18.168   788 32156 D audio_hw_primary: enable_snd_device: snd_device(120: voice-rec-mic)
04-20 21:45:18.168   788 32156 D audio_route: Apply path: voice-rec-mic
04-20 21:45:18.171   788 32156 V msm8974_platform: platform_get_snd_device_backend_index: enter with device 120
04-20 21:45:18.171   788 32156 E msm8974_platform: platform_get_snd_device_backend_index: BE DAI Name Table is not present
04-20 21:45:18.172   788 32156 V msm8974_platform: platform_get_backend_index:napb: backend port - 5 device - 120 
04-20 21:45:18.172   788 32156 I audio_hw_utils: Set Audio Stream Capture 0 App Type Cfg: app_type 69936, acdb_dev_id 62, sample_rate 48000, snd_device_be_idx -14
04-20 21:45:18.172   788 32156 D audio_hw_primary: enable_audio_route: usecase(9) apply and update mixer path: audio-record
04-20 21:45:18.172   788 32156 D audio_route: Apply path: audio-record
04-20 21:45:18.242 17373 17428 I MicroDetectionWorker: onReady
04-20 21:45:18.294  1456  1893 D BatteryService: uevent={POWER_SUPPLY_VOLTAGE_NOW=4329961, POWER_SUPPLY_CHARGE_RATE=Normal, POWER_SUPPLY_HEALTH=Good, POWER_SUPPLY_CURRENT_NOW=152, POWER_SUPPLY_PRESENT=1, SUBSYSTEM=power_supply, POWER_SUPPLY_TEMP=272, SEQNUM=469649, ACTION=change, POWER_SUPPLY_NAME=battery, POWER_SUPPLY_STATUS=Full, POWER_SUPPLY_CHARGE_COUNTER=2797072, POWER_SUPPLY_CAPACITY=100, DEVPATH=/devices/soc/qpnp-smbcharger-17/power_supply/battery}
04-20 21:45:18.298  2398  2398 D QtiCarrierConfigHelper: WARNING, no carrier configs on phone Id: 0
04-20 21:45:18.401 31912 31939 I chatty  : uid=11272(org.mozilla.fennec_aurora) expire 25 lines
04-20 21:45:18.411 31912 31938 I chatty  : uid=11272(org.mozilla.fennec_aurora) expire 9 lines
04-20 21:45:18.540  1456  7796 I OpenGLRenderer: Initialized EGL, version 1.4
04-20 21:45:18.541  1456  7796 D OpenGLRenderer: Swap behavior 2
04-20 21:45:18.559   808   808 I SFPerfTracer:      triggers: (rate: 86:2030802) (compose: 0:7) (post: 0:19) (render: 0:17) (12:10662325 frames) (13:13485702)
04-20 21:45:18.559   808   808 D SFPerfTracer:        layers: (4:13) (NavigationBar#0 (0xb07df000): 0:1018260) (StatusBar#0 (0xb07e3000): 1:2369386) (com.android.systemui.ImageWallpaper#0 (0xb07e7000): 0:94865) (Sprite#0 (0xb0733000): 0:317)* (DimLayerController/Stack=0#0 (0xb075a000): 0:3866)* (Sprite#1 (0xb077c000): 0:195)* (com.android.launcher3/com.android.launcher3.CustomizationPanelLauncher#0 (0xb0763000): 0:39)- (com.android.launcher3/com.android.launcher3.CustomizationPanelLauncher#1 (0xb0771000): 0:10)- (Splash Screen org.mozilla.fennec_aurora#0 (0xb039b000): 0:19)- (Splash Screen org.mozilla.fennec_aurora#1 (0xb013a000): 0:30)- (org.mozilla.fennec_aurora/org.mozilla.fenix.HomeActivity#0 (0xb039b000): 12:46)* (com.android.launcher3/com.android.launcher3.CustomizationPanelLauncher#0 (0xb0763000): 13:28)* (com.android.launcher3/com.android.launcher3.CustomizationPanelLauncher#1 (0xb0771000): 1:5) 
04-20 21:45:18.590  2748  2917 W OpenGLRenderer: Incorrectly called buildLayer on View: ShortcutAndWidgetContainer, destroying layer...
04-20 21:45:18.715 31912 31958 I chatty  : uid=11272(org.mozilla.fennec_aurora) expire 1 line
04-20 21:45:23.178  1456  2918 I ActivityManager: Force stopping org.mozilla.fennec_aurora appid=11272 user=0: from pid 32162
04-20 21:45:23.178  1456  2918 I ActivityManager: Killing 31912:org.mozilla.fennec_aurora/u0a1272 (adj 700): stop org.mozilla.fennec_aurora
04-20 21:45:23.181  1456  1605 W zygote  : kill(-31912, 9) failed: No such process
04-20 21:45:23.182  1456  2918 W ActivityManager: Force removing ActivityRecord{b92b00e u0 org.mozilla.fennec_aurora/org.mozilla.fenix.HomeActivity t63764}: app died, no saved state
04-20 21:45:23.194  1456  2918 I ActivityManager: Killing 31987:org.mozilla.fennec_aurora:tab0/u0a1272 (adj 0): stop org.mozilla.fennec_aurora
04-20 21:45:23.195  1456  1605 W zygote  : kill(-31912, 9) failed: No such process
04-20 21:45:23.206  2398  2398 D CarrierSvcBindHelper: No carrier app for: 0
04-20 21:45:23.207  2398  2398 D CarrierSvcBindHelper: No carrier app for: 1
04-20 21:45:23.212  1456  1605 W zygote  : kill(-31912, 9) failed: No such process
04-20 21:45:23.253  1456  1673 W ActivityManager: setHasOverlayUi called on unknown pid: 31912
04-20 21:45:23.256  1456  1605 I chatty  : uid=1000(system) ActivityManager identical 3 lines
04-20 21:45:23.271  1456  1605 W zygote  : kill(-31912, 9) failed: No such process
04-20 21:45:23.271  1456  1605 I zygote  : Successfully killed process cgroup uid 11272 pid 31912 in 91ms
04-20 21:45:23.272  1456  1605 W zygote  : kill(-31987, 9) failed: No such process
04-20 21:45:23.272  1456  1605 I zygote  : Successfully killed process cgroup uid 11272 pid 31987 in 0ms
04-20 21:45:23.306  1456  2196 I ActivityManager: START u0 {act=android.intent.action.MAIN cat=[android.intent.category.LAUNCHER] flg=0x10000000 cmp=org.mozilla.fennec_aurora/.App} from uid 2000
04-20 21:45:23.306   794   839 E ANDR-PERF-RESOURCEQS: Failed to apply optimization [4, 0]
04-20 21:45:23.326  1456  4797 I ActivityManager: Start proc 32169:org.mozilla.fennec_aurora/u0a1272 for activity org.mozilla.fennec_aurora/.App
04-20 21:45:23.413 17373 17428 I MicroDetectionState: Should stop hotword detection immediately - false
04-20 21:45:23.413 17373 17428 I MicroDetector: Keeping mic open: false
04-20 21:45:23.414 17373 17475 E DeviceStateChecker: DeviceStateChecker cancelled
04-20 21:45:23.414 17373 17428 I RecognitionAudioControl: #shutdownAudio [requestId: 7275762610963237217, keepAudioOpen: false, forced: true]
04-20 21:45:23.414 17373 17428 I RecognitionAudioControl: #internalShutdownAudio [requestId: 7275762610963237217]
04-20 21:45:23.414 17373 17428 I RecognitionAudioControl: #internalShutdownAudio [keepAudioOpen: false, forced: true]
04-20 21:45:23.414 17373 17428 I RecognitionAudioControl: #actualShutdownAudio
04-20 21:45:23.414 17373 17428 I AudioController: #shutdown [requestId=7275762610963237217]
04-20 21:45:23.414 17373 17426 I AudioController: internalShutdown
04-20 21:45:23.414 17373 17392 I MicroRecognitionRunner: Stopping hotword detection.
04-20 21:45:23.462   788   788 D audio_hw_primary: disable_audio_route: usecase(9) reset and update mixer path: audio-record
04-20 21:45:23.462   788   788 D audio_hw_primary: disable_snd_device: snd_device(120: voice-rec-mic)
04-20 21:45:23.464  1012  4818 D APM_AudioPolicyManager: stopInput() input 313430, session 313545
04-20 21:45:23.464   788   788 D audio_hw_primary: in_set_parameters: enter: kvpairs=routing=0
04-20 21:45:23.467 17373 17426 I MicrophoneInputStream: mic_close  SR : 16000 CC : 16 SO : 1999
04-20 21:45:23.467 17373 17426 E AudioSource: Stop listening is called on already closed AudioSource
04-20 21:45:23.470 17373 17402 I MicroRecognitionRunner: Detection finished
04-20 21:45:23.485 32169 32169 I chatty  : uid=11272(org.mozilla.fennec_aurora) expire 49 lines
04-20 21:45:23.562 32169 32188 I chatty  : uid=11272(org.mozilla.fennec_aurora) expire 4 lines
04-20 21:45:23.587 32169 32196 I chatty  : uid=11272(org.mozilla.fennec_aurora) expire 13 lines
04-20 21:45:23.606 32169 32195 I chatty  : uid=11272(org.mozilla.fennec_aurora) expire 11 lines
04-20 21:45:23.610 32169 32199 I chatty  : uid=11272(org.mozilla.fennec_aurora) expire 19 lines
04-20 21:45:23.711 32169 32214 I chatty  : uid=11272(org.mozilla.fennec_aurora) expire 1 line
04-20 21:45:23.732  1456  2923 I ActivityManager: START u0 {act=android.intent.action.MAIN cat=[android.intent.category.LAUNCHER] flg=0x10000000 cmp=org.mozilla.fennec_aurora/org.mozilla.fenix.HomeActivity (has extras)} from uid 11272
04-20 21:45:23.753   808   808 D SurfaceFlinger: duplicate layer name: changing Splash Screen org.mozilla.fennec_aurora to Splash Screen org.mozilla.fennec_aurora#1
04-20 21:45:23.776 32169 32174 I chatty  : uid=11272(org.mozilla.fennec_aurora) expire 8 lines
04-20 21:45:23.820  1456  4797 I ActivityManager: Start proc 32242:org.mozilla.fennec_aurora:tab0/u0a1272 for service org.mozilla.fennec_aurora/org.mozilla.gecko.process.GeckoChildProcessServices$tab0
04-20 21:45:23.823 32169 32229 I chatty  : uid=11272(org.mozilla.fennec_aurora) expire 2 lines
04-20 21:45:23.964 32242 32242 I chatty  : uid=11272(org.mozilla.fennec_aurora) expire 3 lines
04-20 21:45:23.965 32242 32262 I chatty  : uid=11272(org.mozilla.fennec_aurora) expire 12 lines
04-20 21:45:24.117 32169 32269 I chatty  : uid=11272(org.mozilla.fennec_aurora) expire 10 lines
04-20 21:45:24.124 28132 28146 E AuthStateProvider: Calling package disagreement. Legacy: org.mozilla.fennec.sharedID:11272, new API: org.mozilla.fennec_aurora
04-20 21:45:24.124 28132 28146 D AuthStateProvider: Caller must be whitelisted.
04-20 21:45:24.126 32169 32169 E ActivityThread: Failed to find provider info for org.mozilla.fennec_aurora.fxa.auth
04-20 21:45:24.201   808   898 I SFPerfTracer:      triggers: (rate: 0:1) (0 sw vsyncs) (0 skipped) (21:6604669 vsyncs) (23:13594505)
04-20 21:45:24.216 32169 32278 I chatty  : uid=11272(org.mozilla.fennec_aurora) expire 9 lines
04-20 21:45:24.597  1456  1673 I LaunchCheckinHandler: Displayed org.mozilla.fennec_aurora/org.mozilla.fenix.HomeActivity,wp,ca,818
04-20 21:45:24.598  1456  1673 I ActivityManager: Displayed org.mozilla.fennec_aurora/org.mozilla.fenix.HomeActivity: +810ms (total +1s274ms)
04-20 21:45:24.628 17373 17373 I MemoryTrimmer: Trimming objects from memory, since app is in the background.
04-20 21:45:24.636 17373 17373 I MemoryTrimmer: Trimming objects from memory, since app is in the background.
04-20 21:45:24.638 17373 28304 I PBSessionCacheImpl: Deleted sessionId[76408848338809316] from persistence.
04-20 21:45:24.643  1456  4829 I WifiService: getWifiEnabledState uid=10073
04-20 21:45:24.645 17373 17428 I DEBUG   : OpaToSrpTransitionState#onStateChanged#notNullQuery
04-20 21:45:24.645 17373 17428 I DEBUG   : OpaToSrpTransitionState#onStateChanged#notNullQuery
04-20 21:45:24.647 17373 17428 W SearchServiceCore: Abort, client detached.
04-20 21:45:24.657 28132 28146 E AuthStateProvider: Calling package disagreement. Legacy: org.mozilla.fennec.sharedID:11272, new API: org.mozilla.fennec_aurora
04-20 21:45:24.657 28132 28146 D AuthStateProvider: Caller must be whitelisted.
04-20 21:45:24.658 32169 32169 E ActivityThread: Failed to find provider info for org.mozilla.fennec_aurora.fxa.auth
04-20 21:45:24.728 32169 32198 I chatty  : uid=11272(org.mozilla.fennec_aurora) expire 1 line
04-20 21:45:24.729 32169 32208 I chatty  : uid=11272(org.mozilla.fennec_aurora) expire 1 line
04-20 21:45:24.730 32169 32197 I chatty  : uid=11272(org.mozilla.fennec_aurora) expire 1 line
04-20 21:45:24.747  1023 32316 D libc    : Internal error: netid(0), id(0xb175), server(0.0.0.0)
04-20 21:45:24.748  1023 32316 D libc    : Internal error: netid(0), id(0xb175), server(0.0.0.0)
04-20 21:45:24.748  1023 32316 D libc    : Internal error: netid(0), id(0x8f42), server(0.0.0.0)
04-20 21:45:24.748  1023 32316 D libc    : Internal error: netid(0), id(0x8f42), server(0.0.0.0)
04-20 21:45:24.758  1023 32323 D libc    : Internal error: netid(0), id(0x267c), server(0.0.0.0)
04-20 21:45:24.758  1023 32323 D libc    : Internal error: netid(0), id(0x267c), server(0.0.0.0)
04-20 21:45:24.759  1023 32323 D libc    : Internal error: netid(0), id(0xd526), server(0.0.0.0)
04-20 21:45:24.759  1023 32323 D libc    : Internal error: netid(0), id(0xd526), server(0.0.0.0)
04-20 21:45:24.763  1023 32326 D libc    : Internal error: netid(0), id(0xf108), server(0.0.0.0)
04-20 21:45:24.764  1023 32326 D libc    : Internal error: netid(0), id(0xf108), server(0.0.0.0)
04-20 21:45:24.764  1023 32326 D libc    : Internal error: netid(0), id(0xfa0d), server(0.0.0.0)
04-20 21:45:24.764  1023 32326 D libc    : Internal error: netid(0), id(0xfa0d), server(0.0.0.0)
04-20 21:45:24.775 32169 32322 I chatty  : uid=11272(org.mozilla.fennec_aurora) expire 1 line
04-20 21:45:28.962 32399 32399 D AndroidRuntime: >>>>>> START com.android.internal.os.RuntimeInit uid 2000 <<<<<<
04-20 21:45:28.975 32399 32399 W app_process: Could not reserve sentinel fault page
04-20 21:45:29.141 32399 32399 I app_process: The ClassLoaderContext is a special shared library.
04-20 21:45:29.209 32399 32399 D AndroidRuntime: Calling main entry com.android.commands.input.Input
04-20 21:45:29.211 32399 32399 I Input   : injectKeyEvent: KeyEvent { action=ACTION_DOWN, keyCode=KEYCODE_HOME, scanCode=0, metaState=0, flags=0x0, repeatCount=0, eventTime=19509584491, downTime=19509584491, deviceId=-1, source=0x101 }
04-20 21:45:29.218 32399 32399 I Input   : injectKeyEvent: KeyEvent { action=ACTION_UP, keyCode=KEYCODE_HOME, scanCode=0, metaState=0, flags=0x0, repeatCount=0, eventTime=19509584491, downTime=19509584491, deviceId=-1, source=0x101 }
04-20 21:45:29.224  1456  1941 I ActivityManager: START u0 {act=android.intent.action.MAIN cat=[android.intent.category.HOME] flg=0x10200000 cmp=com.android.launcher3/.CustomizationPanelLauncher (has extras)} from uid 1000
04-20 21:45:29.225   794   839 E ANDR-PERF-RESOURCEQS: Failed to apply optimization [4, 0]
04-20 21:45:29.231 32399 32399 D AndroidRuntime: Shutting down VM
04-20 21:45:29.240  1456  4829 I ActivityManager: moveHomeStack, setupComplete:true
04-20 21:45:29.249 17373 17422 I Adreno  : QUALCOMM build                   : bb5b86c, I77d3059488
04-20 21:45:29.249 17373 17422 I Adreno  : Build Date                       : 06/07/18
04-20 21:45:29.249 17373 17422 I Adreno  : OpenGL ES Shader Compiler Version: EV031.22.00.01_06
04-20 21:45:29.249 17373 17422 I Adreno  : Local Branch                     : 
04-20 21:45:29.249 17373 17422 I Adreno  : Remote Branch                    : refs/tags/AU_LINUX_ANDROID_LA.UM.6.5.R1.08.01.00.312.086
04-20 21:45:29.249 17373 17422 I Adreno  : Remote Branch                    : NONE
04-20 21:45:29.249 17373 17422 I Adreno  : Reconstruct Branch               : NOTHING
04-20 21:45:29.253 17373 17422 D vndksupport: Loading /vendor/lib/hw/gralloc.msm8937.so from current namespace instead of sphal namespace.
04-20 21:45:29.257 17373 17422 I Adreno  : PFP: 0x005ff087, ME: 0x005ff063
04-20 21:45:29.262  2748  2748 D Launcher.Utilities: Wakeup weather: Intent { act=com.motorola.launcher3.action.WAKEUP_WEATHER cmp=com.motorola.timeweatherwidget/com.motorola.commandcenter.weather.WakeUpService }
04-20 21:45:29.263 17373 17422 I zygote  : android::hardware::configstore::V1_0::ISurfaceFlingerConfigs::hasWideColorDisplay retrieved: 0
04-20 21:45:29.264 17373 17422 I OpenGLRenderer: Initialized EGL, version 1.4
04-20 21:45:29.264 17373 17422 D OpenGLRenderer: Swap behavior 2
04-20 21:45:29.275  1456  1456 I NotificationService: Cannot find enqueued record for key: 0|com.motorola.timeweatherwidget|1|null|10116
04-20 21:45:29.278   808   808 D SurfaceFlinger: duplicate layer name: changing com.android.launcher3/com.android.launcher3.CustomizationPanelLauncher to com.android.launcher3/com.android.launcher3.CustomizationPanelLauncher#1
04-20 21:45:29.304 17373 17398 W ThreadPoolDumper: Queue length for executor EventBus is now 11. Perhaps some tasks are too long, or the pool is too small.
04-20 21:45:29.305  1456  4829 I WifiService: getWifiEnabledState uid=10073
04-20 21:45:29.314  1456  4797 I WifiService: getWifiEnabledState uid=10073
04-20 21:45:29.324 17373 17428 I DEBUG   : OpaToSrpTransitionState#onStateChanged#notNullQuery
04-20 21:45:29.325 17373 17428 I DEBUG   : OpaToSrpTransitionState#onStateChanged#notNullQuery
04-20 21:45:29.339 17373 17428 I MicroDetectionState: Should stop hotword detection immediately - false
04-20 21:45:29.342 17373 17428 I MicroDetectionWorker: #startMicroDetector [speakerMode: 0]
04-20 21:45:29.343 17373 17428 I AudioController: Created new AudioSource
04-20 21:45:29.372  1456  1673 I LaunchCheckinHandler: Displayed com.android.launcher3/.CustomizationPanelLauncher,wp,wa,148
04-20 21:45:29.373 17373 17426 I MicroDataManager: isInitializedWithLatestParams-true
04-20 21:45:29.373 17373 17426 I MicroDataManager: isInitializing-false locale not changed-true model not changed-true
04-20 21:45:29.374 17373 17426 I MicroDataManager: Already initialized, obtaining the hotword data immediately.
04-20 21:45:29.378 17373 17475 I MicroRecognitionRunner: Starting detection.
04-20 21:45:29.378 17373 17475 I InputStreamUtils: Using micInputStream
04-20 21:45:29.379 17373 28304 I MicrophoneInputStream: mic_starting  SR : 16000 CC : 16 SO : 1999
04-20 21:45:29.383   788   788 V msm8974_platform: platform_check_input_mask: enter check_input_mask source 6 mask 10
04-20 21:45:29.386  1012 32413 I AudioFlinger: AudioFlinger's thread 0xb24837c0 tid=32413 ready to run
04-20 21:45:29.393   788   788 D audio_hw_primary: in_set_parameters: enter: kvpairs=input_source=6;routing=-2147483644
04-20 21:45:29.394  1012 10158 D APM_AudioPolicyManager: AudioPolicyManager::startInput() input 313438, session 313553, source = 1999
04-20 21:45:29.395 17373 28304 I MicrophoneInputStream: mic_started  SR : 16000 CC : 16 SO : 1999
04-20 21:45:29.396   788 32414 V msm8974_platform: platform_update_usecase_from_source: input source :6
04-20 21:45:29.396   788 32414 V msm8974_platform: platform_check_input_mask: enter check_input_mask source 6 mask 10
04-20 21:45:29.396   788 32414 V msm8974_platform: platform_get_input_snd_device: enter: out_device(0) in_device(0x4) channel_count (1) channel_mask (0x10)
04-20 21:45:29.396   788 32414 V msm8974_platform: platform_get_input_snd_device: exit: in_snd_device(voice-rec-mic)
04-20 21:45:29.397   788 32414 V msm8974_platform: platform_get_backend_index:napb: backend port - 5 device - 120 
04-20 21:45:29.397   788 32414 V msm8974_platform: platform_check_and_set_capture_backend_cfg:txbecf: afe: bitwidth 0, samplerate 0, channel 1, backend_idx 5 usecase = 9 device (voice-rec-mic)
04-20 21:45:29.397   788 32414 V msm8974_platform: platform_check_capture_backend_cfg:txbecf: afe: Codec selected backend: 5 current bit width: 0 and sample rate: 0, channels 1
04-20 21:45:29.397   788 32414 V msm8974_platform: platform_check_capture_backend_cfg:txbecf: afe: Codec selected backend: 5 updated bit width: 0 and sample rate: 0
04-20 21:45:29.397   788 32414 I msm8974_platform: platform_check_capture_backend_cfg:txbecf: afe: Codec backend needs to be updated. new bit width: 0 new sample rate: 0 new channel: 1
04-20 21:45:29.397   788 32414 V msm8974_platform: platform_get_backend_index:napb: backend port - 5 device - 120 
04-20 21:45:29.397   788 32414 V msm8974_platform: platform_set_backend_cfg:becf: afe: bitwidth 0, samplerate 0 channels 1, backend_idx 5 device (voice-rec-mic)
04-20 21:45:29.397   788 32414 E msm8974_platform: platform_set_backend_cfg:becf: afe: Could not get ctl for mixer command - SLIM_0_TX Format
04-20 21:45:29.397   788 32414 V msm8974_platform: platform_send_audio_calibration: sending audio calibration for snd_device(120) acdb_id(62)
04-20 21:45:29.398   788 32414 D ACDB-LOADER: ACDB -> send_audio_cal, acdb_id = 62, path = 1, app id = 0x11130, sample rate = 48000
04-20 21:45:29.398   788 32414 D ACDB-LOADER: ACDB -> send_asm_topology
04-20 21:45:29.398   788 32414 D ACDB-LOADER: ACDB -> ACDB_CMD_GET_AUDPROC_STREAM_TOPOLOGY_ID
04-20 21:45:29.398   788 32414 D ACDB-LOADER: ACDB -> send_adm_topology
04-20 21:45:29.398   788 32414 D ACDB-LOADER: ACDB -> ACDB_CMD_GET_AUDPROC_COMMON_TOPOLOGY_ID
04-20 21:45:29.398   788 32414 D ACDB-LOADER: ACDB -> send_audtable
04-20 21:45:29.398   788 32414 D ACDB-LOADER: ACDB -> ACDB_CMD_GET_AUDPROC_COMMON_TABLE_SIZE
04-20 21:45:29.398   788 32414 D ACDB-LOADER: ACDB -> ACDB_CMD_GET_AUDPROC_COMMON_TABLE
04-20 21:45:29.398   788 32414 D ACDB-LOADER: ACDB -> AUDIO_SET_AUDPROC_CAL
04-20 21:45:29.398   788 32414 D ACDB-LOADER: ACDB -> send_audvoltable
04-20 21:45:29.398   788 32414 D ACDB-LOADER: ACDB -> ACDB_CMD_GET_AUDPROC_VOL_STEP_TABLE_SIZE
04-20 21:45:29.398   788 32414 D ACDB-LOADER: ACDB -> ACDB_CMD_GET_AUDPROC_GAIN_DEP_STEP_TABLE, vol index 0
04-20 21:45:29.398   788 32414 D         : Failed to fetch the lookup information of the device 0000003E 
04-20 21:45:29.398   788 32414 D ACDB-LOADER: ACDB -> AUDIO_SET_VOL_CAL cal type = 12
04-20 21:45:29.398   788 32414 D ACDB-LOADER: ACDB -> ACDB_CMD_GET_AUDPROC_STREAM_TABLE_SIZE
04-20 21:45:29.398   788 32414 D ACDB-LOADER: ACDB -> send_audstrmtable
04-20 21:45:29.399   788 32414 D ACDB-LOADER: ACDB -> ACDB_CMD_GET_AUDPROC_STREAM_TABLE_V2
04-20 21:45:29.399   788 32414 D ACDB-LOADER: ACDB -> audstrm_cal->cal_type.cal_data.cal_size = 456
04-20 21:45:29.399   788 32414 D ACDB-LOADER: ACDB -> send_afe_topology
04-20 21:45:29.399   788 32414 D ACDB-LOADER: ACDB -> ACDB_CMD_GET_AFE_TOPOLOGY_ID
04-20 21:45:29.399   788 32414 D ACDB-LOADER: ACDB -> GET_AFE_TOPOLOGY_ID for adcd_id 62, Topology Id 112fb
04-20 21:45:29.399   788 32414 D ACDB-LOADER: ACDB -> send_afe_cal
04-20 21:45:29.399   788 32414 D ACDB-LOADER: ACDB -> ACDB_CMD_GET_AFE_COMMON_TABLE_SIZE
04-20 21:45:29.399   788 32414 D         : Failed to fetch the lookup information of the device 0000003E 
04-20 21:45:29.399   788 32414 E ACDB-LOADER: Error: ACDB_CMD_GET_AFE_COMMON_TABLE_SIZE Returned = -19
04-20 21:45:29.399   788 32414 D ACDB-LOADER: ACDB -> ACDB_CMD_GET_AFE_COMMON_TABLE
04-20 21:45:29.399   788 32414 D         : Failed to fetch the lookup information of the device 0000003E 
04-20 21:45:29.399   788 32414 D ACDB-LOADER: ACDB -> AUDIO_SET_AFE_CAL
04-20 21:45:29.399   788 32414 D ACDB-LOADER: ACDB -> send_hw_delay : acdb_id = 62 path = 1
04-20 21:45:29.399   788 32414 D ACDB-LOADER: ACDB -> ACDB_AVSYNC_INFO: ACDB_CMD_GET_DEVICE_PROPERTY
04-20 21:45:29.399   788 32414 D audio_hw_primary: enable_snd_device: snd_device(120: voice-rec-mic)
04-20 21:45:29.399   788 32414 D audio_route: Apply path: voice-rec-mic
04-20 21:45:29.402   788 32414 V msm8974_platform: platform_get_snd_device_backend_index: enter with device 120
04-20 21:45:29.402   788 32414 E msm8974_platform: platform_get_snd_device_backend_index: BE DAI Name Table is not present
04-20 21:45:29.403   788 32414 V msm8974_platform: platform_get_backend_index:napb: backend port - 5 device - 120 
04-20 21:45:29.403   788 32414 I audio_hw_utils: Set Audio Stream Capture 0 App Type Cfg: app_type 69936, acdb_dev_id 62, sample_rate 48000, snd_device_be_idx -14
04-20 21:45:29.403   788 32414 D audio_hw_primary: enable_audio_route: usecase(9) apply and update mixer path: audio-record
04-20 21:45:29.403   788 32414 D audio_route: Apply path: audio-record
04-20 21:45:29.472 17373 17428 I MicroDetectionWorker: onReady
04-20 21:45:29.526  2146  2165 I zygote  : NativeAlloc concurrent copying GC freed 18825(995KB) AllocSpace objects, 0(0B) LOS objects, 50% free, 10MB/20MB, paused 165us total 140.299ms
04-20 21:45:29.603 32169 32212 I chatty  : uid=11272(org.mozilla.fennec_aurora) expire 25 lines
04-20 21:45:29.612 32169 32195 I chatty  : uid=11272(org.mozilla.fennec_aurora) expire 9 lines
04-20 21:45:29.619 32169 32169 I chatty  : uid=11272(org.mozilla.fennec_aurora) expire 8 lines
04-20 21:45:29.769  1456  7796 I OpenGLRenderer: Initialized EGL, version 1.4
04-20 21:45:29.770  1456  7796 D OpenGLRenderer: Swap behavior 2
04-20 21:45:29.787   808   808 I SFPerfTracer:      triggers: (rate: 86:2030802) (compose: 0:7) (post: 0:19) (render: 0:17) (12:10662409 frames) (13:13485814)
