07-08 15:12:31.171 31739 31739 I FirefoxAccountStateMachine: Enabling/updating sync with a new SyncConfig: SyncConfig(supportedEngines=[mozilla.components.service.fxa.SyncEngine$History@2a6abe2, mozilla.components.service.fxa.SyncEngine$Bookmarks@c223b73, mozilla.components.service.fxa.SyncEngine$Passwords@6a28a30, mozilla.components.service.fxa.SyncEngine$Tabs@a6fa6a9], syncPeriodInMinutes=240)
07-08 15:12:31.174 31739 31739 I BgSyncManager: Periodic syncing enabled at a 240 interval
07-08 15:12:31.175 31739 31739 I FirefoxAccountStateMachine: Sync is enabled
07-08 15:12:31.189 31739 31941 I FirefoxAccountStateMachine: Processing event Event$Init for state Start. Next state is Start
07-08 15:12:31.207 31739 31827 D RustNativeSupport: findMegazordLibraryName(places, 61.0.6
07-08 15:12:31.207 31739 31827 D RustNativeSupport: lib in use: none
07-08 15:12:31.207 31739 31827 D RustNativeSupport: lib configured: megazord
07-08 15:12:31.207 31739 31827 D RustNativeSupport: lib version configured: 61.0.6
07-08 15:12:31.207 31739 31827 D RustNativeSupport: settled on megazord
07-08 15:12:31.212 31739 31827 D places_ffi: places_api_new
07-08 15:12:31.218 31739 31941 I FirefoxAccountStateMachine: Ran 'Event$Init' side-effects for state Start, got successive event Event$AccountNotFound
07-08 15:12:31.218 31739 31941 I FirefoxAccountStateMachine: Processing event Event$AccountNotFound for state Start. Next state is NotAuthenticated
07-08 15:12:31.230 31752 31757 I zygote  : Do partial code cache collection, code=59KB, data=47KB
07-08 15:12:31.231 31739 31941 D RustNativeSupport: findMegazordLibraryName(fxaclient, 61.0.6
07-08 15:12:31.231 31752 31757 I zygote  : After code cache collection, code=52KB, data=43KB
07-08 15:12:31.231 31752 31757 I zygote  : Increasing code cache capacity to 256KB
07-08 15:12:31.231 31739 31941 D RustNativeSupport: lib in use: none
07-08 15:12:31.231 31739 31941 D RustNativeSupport: lib configured: megazord
07-08 15:12:31.231 31739 31941 D RustNativeSupport: lib version configured: 61.0.6
07-08 15:12:31.231 31739 31941 D RustNativeSupport: settled on megazord
07-08 15:12:31.232 31739 31791 D GeckoThread: State changed to PROFILE_READY
07-08 15:12:31.236 31739 31941 D fxaclient_ffi: fxa_new
07-08 15:12:31.284 31752 31951 I Finsky  : [665393] kba.a(4): getDownloads()
07-08 15:12:31.296 31739 31827 D sql_support::conn_ext: Transaction commited after 48.315942ms
07-08 15:12:31.299 31739 31827 D places_ffi: places_connection_new
07-08 15:12:31.306 31739 31827 D places_ffi: places_connection_new
07-08 15:12:31.341 31739 31827 D places_ffi: bookmarks_get_all_with_url
07-08 15:12:31.354 31739 31739 D GeckoRuntime: Lifecycle: onStart
07-08 15:12:31.357 31739 31787 I libglean_ffi: glean_core::ping: Collecting baseline
07-08 15:12:31.361 31739 31787 D libglean_ffi: glean_core::ping: Storing ping '90490403-5749-42ef-91c0-e61d8568e4cd' at '/data/user/0/org.mozilla.fennec_aurora/glean_data/pending_pings/90490403-5749-42ef-91c0-e61d8568e4cd'
07-08 15:12:31.363 31739 31787 I libglean_ffi: glean_core: The ping 'baseline' was submitted and will be sent as soon as possible
07-08 15:12:31.363 31739 31791 D GeckoThread: State changed to RUNNING
07-08 15:12:31.367  1456  1471 I ActivityManager: Start proc 31959:com.android.vending:download_service/u0a62 for service com.android.vending/com.google.android.finsky.ipcservers.downloadservice.DownloadServiceGrpcServerAndroidService
07-08 15:12:31.382 31739 31739 D GeckoRuntime: Lifecycle: onResume
07-08 15:12:31.383 31739 31739 D GeckoNetworkManager: Incoming event start for state OffNoListeners -> OnNoListeners
07-08 15:12:31.385 31739 31739 D GeckoNetworkManager: New network state: UP, WIFI, WIFI
07-08 15:12:31.393 31739 31821 D NetworkSecurityConfig: No Network Security Config specified, using platform default
07-08 15:12:31.399 31739 31791 I Gecko   : -*- nsDNSServiceDiscovery.js : nsDNSServiceDiscovery
07-08 15:12:31.414 31739 31976 D OpenGLRenderer: HWUI GL Pipeline
07-08 15:12:31.428 31752 31752 I Finsky  : [2] wax.handleMessage(8): SCH: DeviceState: DeviceState{currentTime=1594235551424, isCharging=true, isIdle=false, netAny=true, netNotRoaming=true, netUnmetered=true, batteryPercent=71.0}
07-08 15:12:31.430 31739 31946 W LOTTIE  : Animation contains merge paths. Merge paths are only supported on KitKat+ and must be manually enabled by calling enableMergePathsForKitKatAndAbove().
07-08 15:12:31.439  1456  1471 D ConnectivityService: requestNetwork for uid/pid:11494/31739 NetworkRequest [ TRACK_DEFAULT id=81477, [ Capabilities: INTERNET&NOT_RESTRICTED&TRUSTED&NOT_VPN] ]
07-08 15:12:31.441  1456  2099 D Ethernet: got request NetworkRequest [ TRACK_DEFAULT id=81477, [ Capabilities: INTERNET&NOT_RESTRICTED&TRUSTED&NOT_VPN] ] with score 60
07-08 15:12:31.441  1456  2054 D WIFI_UT : got request NetworkRequest [ TRACK_DEFAULT id=81477, [ Capabilities: INTERNET&NOT_RESTRICTED&TRUSTED&NOT_VPN] ] with score 60
07-08 15:12:31.441  1456  2054 D WIFI    : got request NetworkRequest [ TRACK_DEFAULT id=81477, [ Capabilities: INTERNET&NOT_RESTRICTED&TRUSTED&NOT_VPN] ] with score 60
07-08 15:12:31.442  2398  2398 D PhoneSwitcherNetworkRequstListener: got request NetworkRequest [ TRACK_DEFAULT id=81477, [ Capabilities: INTERNET&NOT_RESTRICTED&TRUSTED&NOT_VPN] ] with score 60
07-08 15:12:31.447 31752 31864 I Finsky  : [665355] wdm.a(7): SCH: Jobs in database: 1-1337 12-1 26-1414141414 29-29 34-16 34-18 34-19 
07-08 15:12:31.466 31959 31959 I Finsky:download_service: [2] dzz.aP(5): Process created at version: 20.7.16-all [0] [PR] 317546459
07-08 15:12:31.478 31752 31752 I Finsky  : [2] way.a(15): SCH: Running job: 12-1
07-08 15:12:31.478 31959 31959 I Finsky:download_service: [2] psx.onCreate(2): IPC-SERVER: Starting gRPC host service...
07-08 15:12:31.480 31752 31752 I Finsky  : [2] ContentSyncJob.a(16): [ContentSync] job started
07-08 15:12:31.482 31752 31752 I Finsky  : [2] wax.handleMessage(61): SCH: RunningQueue size: 1, PendingQueue size: 0
07-08 15:12:31.482 31752 31752 I Finsky  : [2] wax.handleMessage(64): SCH: Running queue: 12-1 
07-08 15:12:31.500 31739 31744 I zygote  : Do full code cache collection, code=124KB, data=98KB
07-08 15:12:31.502 31739 31744 I zygote  : After code cache collection, code=93KB, data=59KB
07-08 15:12:31.505 31739 31739 I [INFO][Leanplum]: [com.leanplum.LeanplumCloudMessagingProvider::onRegistrationIdReceived::3]: Device registered for push notifications with registration token, dvVujt0V1EU:APA91bFBy_4r2cnirm7llA56-0HE1Vneu6d1aP4byNHz0b2zDyz_nYz6YcctzSek7qXEuk1qKK1V1RKQTH5gfavGEYspHzxQcdZCB3HLIHIjolMl9xAVJab9IbhBosllBeRJpGAr7XjP
07-08 15:12:31.520 31739 31787 I libglean_ffi: glean_core::ping: Collecting startup-timeline
07-08 15:12:31.525 31739 31787 D libglean_ffi: glean_core::ping: Storing ping 'ddc4ec59-e8b3-40b5-b6a7-3a12275d26b8' at '/data/user/0/org.mozilla.fennec_aurora/glean_data/pending_pings/ddc4ec59-e8b3-40b5-b6a7-3a12275d26b8'
07-08 15:12:31.527 31739 31787 I libglean_ffi: glean_core: The ping 'startup-timeline' was submitted and will be sent as soon as possible
07-08 15:12:31.548 31739 31791 I Adreno  : QUALCOMM build                   : bb5b86c, I77d3059488
07-08 15:12:31.548 31739 31791 I Adreno  : Build Date                       : 06/07/18
07-08 15:12:31.548 31739 31791 I Adreno  : OpenGL ES Shader Compiler Version: EV031.22.00.01_06
07-08 15:12:31.548 31739 31791 I Adreno  : Local Branch                     : 
07-08 15:12:31.548 31739 31791 I Adreno  : Remote Branch                    : refs/tags/AU_LINUX_ANDROID_LA.UM.6.5.R1.08.01.00.312.086
07-08 15:12:31.548 31739 31791 I Adreno  : Remote Branch                    : NONE
07-08 15:12:31.548 31739 31791 I Adreno  : Reconstruct Branch               : NOTHING
07-08 15:12:31.549 31739 31791 D vndksupport: Loading /vendor/lib/hw/gralloc.msm8937.so from current namespace instead of sphal namespace.
07-08 15:12:31.551 31739 31739 D GeckoNetworkManager: Incoming event receivedUpdate for state OnNoListeners -> OnNoListeners
07-08 15:12:31.552 31739 31941 W FirefoxAccountStateMachine: Got invalid event Event$Init for state NotAuthenticated.
07-08 15:12:31.552 31739 31739 D GeckoNetworkManager: New network state: UP, WIFI, WIFI
07-08 15:12:31.554  1456  2196 I WifiService: getDhcpInfo uid=11494
07-08 15:12:31.558 31739 31791 I Adreno  : PFP: 0x005ff087, ME: 0x005ff063
07-08 15:12:31.569 31739 31791 I zygote  : android::hardware::configstore::V1_0::ISurfaceFlingerConfigs::hasWideColorDisplay retrieved: 0
07-08 15:12:31.584  1456  1673 I WindowManager: Failed to capture screenshot of Token{143fed ActivityRecord{3686e04 u0 org.mozilla.fennec_aurora/org.mozilla.fenix.HomeActivity t94831}} appWin=Window{169388 u0 Splash Screen org.mozilla.fennec_aurora} drawState=4
07-08 15:12:31.592 31739 31739 D MigrationPushRenewer: Migration state: NONE
07-08 15:12:31.592 31739 31739 D MigrationTelemetryListener: Migration state: NONE
07-08 15:12:31.597 31739 31739 D GeckoNetworkManager: Incoming event enableNotifications for state OnNoListeners -> OnWithListeners
07-08 15:12:31.599 31739 31739 D GeckoNetworkManager: New network state: UP, WIFI, WIFI
07-08 15:12:31.627  1456  2196 D ConnectivityService: requestNetwork for uid/pid:10062/31959 NetworkRequest [ TRACK_DEFAULT id=81478, [ Capabilities: INTERNET&NOT_RESTRICTED&TRUSTED&NOT_VPN] ]
07-08 15:12:31.629  1456  2099 D Ethernet: got request NetworkRequest [ TRACK_DEFAULT id=81478, [ Capabilities: INTERNET&NOT_RESTRICTED&TRUSTED&NOT_VPN] ] with score 60
07-08 15:12:31.629  1456  2054 D WIFI_UT : got request NetworkRequest [ TRACK_DEFAULT id=81478, [ Capabilities: INTERNET&NOT_RESTRICTED&TRUSTED&NOT_VPN] ] with score 60
07-08 15:12:31.629  1456  2054 D WIFI    : got request NetworkRequest [ TRACK_DEFAULT id=81478, [ Capabilities: INTERNET&NOT_RESTRICTED&TRUSTED&NOT_VPN] ] with score 60
07-08 15:12:31.631  2398  2398 D PhoneSwitcherNetworkRequstListener: got request NetworkRequest [ TRACK_DEFAULT id=81478, [ Capabilities: INTERNET&NOT_RESTRICTED&TRUSTED&NOT_VPN] ] with score 60
07-08 15:12:31.645 31739 31993 I libglean_ffi: glean_core::upload: New upload task with id 90490403-5749-42ef-91c0-e61d8568e4cd (path: /submit/org-mozilla-fennec-aurora/baseline/1/90490403-5749-42ef-91c0-e61d8568e4cd)
07-08 15:12:31.651 31739 31993 D glean/ConceptFetchHttpUploader: Submitting ping to: https://incoming.telemetry.mozilla.org/submit/org-mozilla-fennec-aurora/baseline/1/90490403-5749-42ef-91c0-e61d8568e4cd
07-08 15:12:31.653 31739 31739 W LOTTIE  : Animation contains merge paths but they are disabled.
07-08 15:12:31.659 31739 31990 I Gecko   : [GFX1-]: Failed to create EGLContext!: 0x300c
07-08 15:12:31.675 31739 31739 D GeckoNetworkManager: Incoming event receivedUpdate for state OnWithListeners -> OnWithListeners
07-08 15:12:31.677 31739 31739 D GeckoNetworkManager: New network state: UP, WIFI, WIFI
07-08 15:12:31.694   808   898 I SFPerfTracer:      triggers: (rate: 0:10) (0 sw vsyncs) (0 skipped) (55:9581462 vsyncs) (57:18570119)
07-08 15:12:31.702 31959 32013 I Finsky:download_service: [665359] jsu.a(13): getDownloads().
07-08 15:12:31.710 31959 31999 I Finsky:download_service: [665356] jsq.a(28): onGetDownloads([])
07-08 15:12:31.713 31739 31791 W ResourceType: Too many attribute references, stopped at: 0x01010099
07-08 15:12:31.744 31752 31949 I Finsky  : [665391] nnd.run(7): Installer: Installer starting.
07-08 15:12:31.745 31752 31949 I Finsky  : [665391] nnd.run(20): Installer: Installer started.
07-08 15:12:31.749 31752 31752 I Finsky  : [2] nod.a(215): Installer: found apps to install. isMultiUserMode=false, apps=[]
07-08 15:12:31.768 31739 31791 W GeckoEventDispatcher: No listener for GeckoView:AccessibilityEnabled
07-08 15:12:31.805 31752 31752 I Finsky  : [2] xyu.a(21): Connecting InstallListener to SplitInstallService broadcaster...
07-08 15:12:31.896  1456  1466 I zygote  : Background concurrent copying GC freed 61973(2MB) AllocSpace objects, 41(1844KB) LOS objects, 32% free, 49MB/73MB, paused 1.233ms total 454.770ms
07-08 15:12:32.070 31752 32026 I zygote  : Deoptimizing void ascg.a(ascg) due to JIT inline cache
07-08 15:12:32.128 31739 31739 D GeckoRuntime: Lifecycle: onPause
07-08 15:12:32.128 31739 31739 D GeckoNetworkManager: Incoming event stop for state OnWithListeners -> OffWithListeners
07-08 15:12:32.129 31739 31739 I SessionStorage/AutoSave: Save: Background
07-08 15:12:32.138 31739 31787 I libglean_ffi: glean_core::ping: Collecting baseline
07-08 15:12:32.140 31739 31827 D SessionStorage/AutoSave: Saved state to disk [8ms]
07-08 15:12:32.142 31739 31787 D libglean_ffi: glean_core::ping: Storing ping '89acefeb-ab12-4c20-b091-eb96162725ff' at '/data/user/0/org.mozilla.fennec_aurora/glean_data/pending_pings/89acefeb-ab12-4c20-b091-eb96162725ff'
07-08 15:12:32.144 31739 31787 I libglean_ffi: glean_core: The ping 'baseline' was submitted and will be sent as soon as possible
07-08 15:12:32.146 31739 31787 I libglean_ffi: glean_core::ping: Collecting events
07-08 15:12:32.152 31739 31836 D ServiceAllocator: org.mozilla.gecko.process.GeckoChildProcessServices$tab0 updateBindings: FOREGROUND priority, 0 importance, 1 successful binds, 0 failed binds, 0 successful unbinds
07-08 15:12:32.152 31739 31787 D libglean_ffi: glean_core::ping: Storing ping 'efc89201-a644-4012-a471-2a02b0e5c213' at '/data/user/0/org.mozilla.fennec_aurora/glean_data/pending_pings/efc89201-a644-4012-a471-2a02b0e5c213'
07-08 15:12:32.154 31739 31787 I libglean_ffi: glean_core: The ping 'events' was submitted and will be sent as soon as possible
07-08 15:12:32.156 31752 31893 I zygote  : Deoptimizing java.lang.String afpt.a(java.lang.String, java.lang.Object[]) due to JIT inline cache
07-08 15:12:32.156 31752 31893 I Finsky  : [665369] jck.b(2): ApplicationRestrictions: {}
07-08 15:12:32.161 31848 31881 D GeckoThread: State changed to MOZGLUE_READY
07-08 15:12:32.170 31848 31881 W Settings: Setting animator_duration_scale has moved from android.provider.Settings.System to android.provider.Settings.Global, returning read-only global URI.
07-08 15:12:32.170 31739 31836 D ServiceAllocator: org.mozilla.gecko.process.GeckoChildProcessServices$tab0 updateBindings: FOREGROUND priority, 2 importance, 0 successful binds, 0 failed binds, 0 successful unbinds
07-08 15:12:32.174 31848 31881 E GeckoLibLoad: Load sqlite start
07-08 15:12:32.176 31848 31881 E GeckoLibLoad: Load sqlite done
07-08 15:12:32.176 31848 31881 E GeckoLibLoad: Load nss start
07-08 15:12:32.176 31848 31881 E GeckoLibLoad: Load nss done
07-08 15:12:32.188 31739 31791 I GeckoSession: zerdatime 26763658261 - chrome startup finished
07-08 15:12:32.195 31848 31881 E GeckoLibLoad: Loaded libs in 19.158231ms total, 13ms(13ms) user, 3ms(6ms) system, 0(0) faults
07-08 15:12:32.196 31848 31881 D GeckoThread: State changed to LIBS_READY
07-08 15:12:32.196 31848 31881 W GeckoThread: zerdatime 26763658269 - runGecko
07-08 15:12:32.260 31752 31757 I zygote  : Do full code cache collection, code=117KB, data=92KB
07-08 15:12:32.264 31752 31757 I zygote  : After code cache collection, code=93KB, data=70KB
07-08 15:12:32.345 31739 31827 D places_ffi: places_connection_new
07-08 15:12:32.362 31739 31828 D places_ffi: places_note_observation
07-08 15:12:32.365 31848 31881 D GeckoThread: State changed to RUNNING
07-08 15:12:32.402 31739 31828 D sql_support::conn_ext: Transaction commited after 39.421462ms
07-08 15:12:32.403 31848 31881 W ResourceType: Too many attribute references, stopped at: 0x01010099
07-08 15:12:32.407 31739 31827 D places_ffi: places_note_observation
07-08 15:12:32.434 31739 31791 D GeckoScreenOrientation: unlocking
07-08 15:12:32.435 31739 31827 D sql_support::conn_ext: Transaction commited after 28.190315ms
07-08 15:12:32.438 31752 31752 I Finsky  : [2] efz.a(22): Completed 1 account content syncs with 1 successful.
07-08 15:12:32.455 31752 31752 I Finsky  : [2] ContentSyncJob.a(1): [ContentSync] Installation state replication succeeded.
07-08 15:12:32.456 31752 31752 I Finsky  : [2] wcj.a(13): SCH: jobFinished: 12-1. TimeElapsed: 978ms.
07-08 15:12:32.457 31752 31752 I Finsky  : [2] way.a(34): SCH: Job 12-1 finished. Not rescheduling.
07-08 15:12:32.459 31752 31752 I Finsky  : [2] wax.handleMessage(61): SCH: RunningQueue size: 0, PendingQueue size: 0
07-08 15:12:32.459 31752 31752 I Finsky  : [2] wax.handleMessage(67): Waiting on changed job store
07-08 15:12:32.462 31752 31864 I zygote  : Deoptimizing void atqp.a(java.lang.Iterable, java.util.List) due to JIT inline cache
07-08 15:12:32.498 31739 31739 D GeckoSession: handleMessage GeckoView:PageStart uri=about:blank
07-08 15:12:32.507 31739 31993 I libglean_ffi: glean_core::upload: Ping 90490403-5749-42ef-91c0-e61d8568e4cd successfully sent 200.
07-08 15:12:32.507 31739 31993 I libglean_ffi: glean_core::upload::directory: File was deleted /data/user/0/org.mozilla.fennec_aurora/glean_data/pending_pings/90490403-5749-42ef-91c0-e61d8568e4cd
07-08 15:12:32.511 31739 31993 I libglean_ffi: glean_core::upload: New upload task with id ddc4ec59-e8b3-40b5-b6a7-3a12275d26b8 (path: /submit/org-mozilla-fennec-aurora/startup-timeline/1/ddc4ec59-e8b3-40b5-b6a7-3a12275d26b8)
07-08 15:12:32.512 31848 31848 D GeckoNetworkManager: Incoming event enableNotifications for state OffNoListeners -> OffWithListeners
07-08 15:12:32.513 31739 31993 D glean/ConceptFetchHttpUploader: Submitting ping to: https://incoming.telemetry.mozilla.org/submit/org-mozilla-fennec-aurora/startup-timeline/1/ddc4ec59-e8b3-40b5-b6a7-3a12275d26b8
07-08 15:12:32.514 31848 31848 D GeckoNetworkManager: New network state: UP, WIFI, WIFI
07-08 15:12:32.515 31739 31739 D GeckoSession: handleMessage GeckoView:LocationChange uri=about:blank
07-08 15:12:32.521 31739 31739 D GeckoSession: handleMessage GeckoView:PageStop uri=null
07-08 15:12:32.530 31739 31739 I SessionStorage/AutoSave: Save: Load finished
07-08 15:12:32.531 31739 31827 D SessionStorage/AutoSave: Delaying save (1599ms)
07-08 15:12:32.541 31739 31739 D GeckoSession: handleMessage GeckoView:ProgressChanged uri=null
07-08 15:12:32.544 31739 31739 D GeckoSession: handleMessage GeckoView:PageStart uri=https://example.com/
07-08 15:12:32.562 31739 31739 D GeckoSession: handleMessage GeckoView:ProgressChanged uri=null
07-08 15:12:32.566 31739 31739 D GeckoSession: handleMessage GeckoView:PageStop uri=null
07-08 15:12:32.567 31739 31739 I SessionStorage/AutoSave: Save: Load finished
07-08 15:12:32.567 31739 31739 D SessionStorage/AutoSave: Skipping save, other job already in flight
07-08 15:12:32.572 31739 31739 D GeckoSession: handleMessage GeckoView:SecurityChanged uri=null
07-08 15:12:32.573 31739 31739 D GeckoSession: handleMessage GeckoView:ProgressChanged uri=null
07-08 15:12:32.576 31739 31739 D GeckoSession: handleMessage GeckoView:PageStart uri=https://example.com/
07-08 15:12:32.897 31739 31739 D App     : Installed browser-icons extension
07-08 15:12:32.902 31739 31739 I zygote  : Deoptimizing java.lang.Object mozilla.components.support.ktx.kotlinx.coroutines.flow.FlowKt$filterChanged$1.invokeSuspend(java.lang.Object) due to JIT inline cache
07-08 15:12:32.913 31739 31739 I zygote  : Deoptimizing kotlin.coroutines.CoroutineContext kotlin.coroutines.CoroutineContext$DefaultImpls.plus(kotlin.coroutines.CoroutineContext, kotlin.coroutines.CoroutineContext) due to JIT inline cache
07-08 15:12:32.917 31739 31744 I zygote  : Do partial code cache collection, code=125KB, data=81KB
07-08 15:12:32.920 31739 31744 I zygote  : After code cache collection, code=118KB, data=78KB
07-08 15:12:32.920 31739 31744 I zygote  : Increasing code cache capacity to 512KB
07-08 15:12:32.938 31739 31739 D mozac-webextensions: Installed extension: mozacWebchannel
07-08 15:12:33.005 31739 31739 D GeckoSession: handleMessage GeckoView:LocationChange uri=https://example.com/
07-08 15:12:33.008 31739 31827 I zygote  : Deoptimizing void kotlinx.coroutines.DispatchedTask.run() due to JIT inline cache
07-08 15:12:33.011 31739 31827 D places_ffi: bookmarks_get_all_with_url
07-08 15:12:33.026 31739 31739 D GeckoSession: handleMessage GeckoView:SecurityChanged uri=null
07-08 15:12:33.041 31739 31739 D WebExtension: handleMessage GeckoView:PageAction:Update
07-08 15:12:33.156 31739 31993 I libglean_ffi: glean_core::upload: Ping ddc4ec59-e8b3-40b5-b6a7-3a12275d26b8 successfully sent 200.
07-08 15:12:33.156 31739 31993 I libglean_ffi: glean_core::upload::directory: File was deleted /data/user/0/org.mozilla.fennec_aurora/glean_data/pending_pings/ddc4ec59-e8b3-40b5-b6a7-3a12275d26b8
07-08 15:12:33.161 31739 31993 I libglean_ffi: glean_core::upload: New upload task with id 89acefeb-ab12-4c20-b091-eb96162725ff (path: /submit/org-mozilla-fennec-aurora/baseline/1/89acefeb-ab12-4c20-b091-eb96162725ff)
07-08 15:12:33.162 31739 31993 D glean/ConceptFetchHttpUploader: Submitting ping to: https://incoming.telemetry.mozilla.org/submit/org-mozilla-fennec-aurora/baseline/1/89acefeb-ab12-4c20-b091-eb96162725ff
07-08 15:12:33.184 31739 31827 D places_ffi: places_note_observation
07-08 15:12:33.189 31739 31739 D GeckoSession: handleMessage GeckoView:ProgressChanged uri=null
07-08 15:12:33.193 31739 31739 D GeckoSession: handleMessage GeckoView:ProgressChanged uri=null
07-08 15:12:33.199 31739 31739 D GeckoSession: handleMessage GeckoView:PageStop uri=null
07-08 15:12:33.202 31739 31739 I SessionStorage/AutoSave: Save: Load finished
07-08 15:12:33.202 31739 31739 D SessionStorage/AutoSave: Skipping save, other job already in flight
07-08 15:12:33.204 31739 31827 D sql_support::conn_ext: Transaction commited after 19.260106ms
07-08 15:12:33.247 31739 31739 D WebExtension: handleMessage GeckoView:WebExtension:Message
07-08 15:12:33.279 31739 32097 D BrowserIcons: Loaded icon (source = GENERATOR): https://example.com/
07-08 15:12:33.305 31739 31739 D WebExtension: handleMessage GeckoView:WebExtension:Connect
07-08 15:12:33.391 31739 31827 D places_ffi: places_get_visited
07-08 15:12:33.465 31739 31993 I libglean_ffi: glean_core::upload: Ping 89acefeb-ab12-4c20-b091-eb96162725ff successfully sent 200.
07-08 15:12:33.465 31739 31993 I libglean_ffi: glean_core::upload::directory: File was deleted /data/user/0/org.mozilla.fennec_aurora/glean_data/pending_pings/89acefeb-ab12-4c20-b091-eb96162725ff
07-08 15:12:33.469 31739 31993 I libglean_ffi: glean_core::upload: New upload task with id efc89201-a644-4012-a471-2a02b0e5c213 (path: /submit/org-mozilla-fennec-aurora/events/1/efc89201-a644-4012-a471-2a02b0e5c213)
07-08 15:12:33.470 31739 31993 D glean/ConceptFetchHttpUploader: Submitting ping to: https://incoming.telemetry.mozilla.org/submit/org-mozilla-fennec-aurora/events/1/efc89201-a644-4012-a471-2a02b0e5c213
07-08 15:12:33.486 31739 31739 D mozac-webextensions: Installed extension: mozacReaderview
07-08 15:12:33.497 31739 31739 D mozac-webcompat-reporter: Installed WebCompat Reporter webextension: webcompat-reporter@mozilla.org
07-08 15:12:33.510 31739 31739 I zygote  : Deoptimizing kotlin.coroutines.Continuation kotlin.coroutines.intrinsics.IntrinsicsKt.intercepted(kotlin.coroutines.Continuation) due to JIT inline cache
07-08 15:12:33.510 31739 31739 D mozac-webcompat: Installed WebCompat webextension: webcompat@mozilla.org
07-08 15:12:33.789 31739 31739 I DefaultSupportedAddonsChecker: Register check for new supported add-ons
07-08 15:12:33.858 31739 31993 I libglean_ffi: glean_core::upload: Ping efc89201-a644-4012-a471-2a02b0e5c213 successfully sent 200.
07-08 15:12:33.858 31739 31993 I libglean_ffi: glean_core::upload::directory: File was deleted /data/user/0/org.mozilla.fennec_aurora/glean_data/pending_pings/efc89201-a644-4012-a471-2a02b0e5c213
07-08 15:12:33.866 31739 31993 I libglean_ffi: glean_core::upload: No more pings to upload! You are done.
07-08 15:12:33.869 31739 31940 I WM-WorkerWrapper: Worker result SUCCESS for Work [ id=bf1beed5-91fa-4d98-87de-9a377ef69eb5, tags={ mozilla.telemetry.glean.scheduler.PingUploadWorker, mozac_service_glean_ping_upload_worker } ]
07-08 15:12:33.876  1456  2067 D ConnectivityService: releasing NetworkRequest [ TRACK_DEFAULT id=81477, [ Capabilities: INTERNET&NOT_RESTRICTED&TRUSTED&NOT_VPN] ] (release request)
07-08 15:12:33.993 31739 31739 D GeckoSession: handleMessage GeckoView:StateUpdated uri=null
07-08 15:12:33.994 31739 31739 W GeckoSession: No history entries found.
07-08 15:12:34.147 31739 31827 D SessionStorage/AutoSave: Saved state to disk [14ms]
07-08 15:12:35.117 31752 31767 I zygote  : Waiting for a blocking GC ProfileSaver
07-08 15:12:35.171 31752 31767 I zygote  : WaitForGcToComplete blocked ProfileSaver on HeapTrim for 54.035ms
07-08 15:12:35.708 32099 32099 D AndroidRuntime: >>>>>> START com.android.internal.os.RuntimeInit uid 2000 <<<<<<
07-08 15:12:35.721 32099 32099 W app_process: Could not reserve sentinel fault page
07-08 15:12:35.887 32099 32099 I app_process: The ClassLoaderContext is a special shared library.
07-08 15:12:35.957 32099 32099 D AndroidRuntime: Calling main entry com.android.commands.input.Input
07-08 15:12:35.959 32099 32099 I Input   : injectKeyEvent: KeyEvent { action=ACTION_DOWN, keyCode=KEYCODE_HOME, scanCode=0, metaState=0, flags=0x0, repeatCount=0, eventTime=25633548386, downTime=25633548386, deviceId=-1, source=0x101 }
07-08 15:12:35.967 32099 32099 I Input   : injectKeyEvent: KeyEvent { action=ACTION_UP, keyCode=KEYCODE_HOME, scanCode=0, metaState=0, flags=0x0, repeatCount=0, eventTime=25633548386, downTime=25633548386, deviceId=-1, source=0x101 }
07-08 15:12:35.970 32099 32099 D AndroidRuntime: Shutting down VM
07-08 15:12:36.108 31752 31864 I Finsky  : [665355] wdm.a(7): SCH: Jobs in database: 1-1337 26-1414141414 29-29 34-16 34-18 34-19 
07-08 15:12:36.142 31752 31752 I Finsky  : [2] wax.handleMessage(61): SCH: RunningQueue size: 0, PendingQueue size: 0
07-08 15:12:36.143 31752 31752 I Finsky  : [2] wax.handleMessage(25): Executor finished
07-08 15:12:36.160 31752 31752 I Finsky  : [2] wdm.a(7): SCH: Jobs in database: 1-1337 26-1414141414 29-29 34-16 34-18 34-19 
07-08 15:12:36.182 31739 31827 I SupportedAddonsWorker: Trying to check for new supported add-ons
07-08 15:12:36.216 31752 31752 I Finsky  : [2] vzg.a(56): SCH: ConstraintMapping: 1-1337, 34-19,  -> L: 5016159ms, D: 83902177ms, C: false, I: false, N: 1
07-08 15:12:36.218 31752 31752 I Finsky  : [2] vzg.a(56): SCH: ConstraintMapping: 34-16, 34-18,  -> L: 559617355ms, D: 2438605952ms, C: false, I: true, N: 2
07-08 15:12:36.220 31752 31752 I Finsky  : [2] vzg.a(56): SCH: ConstraintMapping: 34-16, 34-18,  -> L: 559617356ms, D: 2438605952ms, C: true, I: true, N: 2
07-08 15:12:36.222 31752 31752 I Finsky  : [2] vzg.a(56): SCH: ConstraintMapping: 26-1414141414, 29-29,  -> L: 24434ms, D: 54434ms, C: false, I: false, N: 0
07-08 15:12:36.232 31752 31752 I Finsky  : [2] wbw.a(34): Cancelling existing jobscheduler jobs: 9001 9007 9006 
07-08 15:12:36.234 31752 31752 I Finsky  : [2] wbw.a(27): Scheduling job Id: 9002, L: 5016159, D: 83902177, C: false, I: false, N: 1
07-08 15:12:36.236 31752 31752 I Finsky  : [2] wbw.a(27): Scheduling job Id: 9003, L: 559617355, D: 2438605952, C: false, I: true, N: 2
07-08 15:12:36.239 31752 31752 I Finsky  : [2] wbw.a(27): Scheduling job Id: 9004, L: 559617356, D: 2438605952, C: true, I: true, N: 2
07-08 15:12:36.241 31752 31752 I Finsky  : [2] wbw.a(10): Throttling wakeup for job 9005 (expected to run in 24434 ms) due to recent wakeup
07-08 15:12:36.242 31752 31752 I Finsky  : [2] wbw.a(27): Scheduling job Id: 9005, L: 30000, D: 54434, C: false, I: false, N: 0
07-08 15:12:36.246 31752 31752 I Finsky  : [2] qyn.onTrimMemory(1): Memory trim requested to level 80
07-08 15:12:36.280 31752 31757 I zygote  : Do partial code cache collection, code=97KB, data=74KB
07-08 15:12:36.282 31752 31757 I zygote  : After code cache collection, code=95KB, data=73KB
07-08 15:12:36.282 31752 31757 I zygote  : Increasing code cache capacity to 512KB
07-08 15:12:36.344 31739 31940 I WM-WorkerWrapper: Worker result SUCCESS for Work [ id=82c4abcc-a128-47d4-a93b-56cff460b473, tags={ mozilla.components.feature.addons.migration.DefaultSupportedAddonsChecker.periodicWork, mozilla.components.feature.addons.migration.SupportedAddonsWorker } ]
07-08 15:12:36.585 31739 31739 I glean/Glean: Registering pings for org.mozilla.fenix.GleanMetrics.Pings
07-08 15:12:36.739 31739 31739 D App     : ActivationPing - already generated
07-08 15:12:36.752 31739 31827 I FenixApplication: Running post-visual completeness tasks...
07-08 15:12:36.752 31739 31827 I FenixApplication: Storage initialization...
07-08 15:12:36.752 31739 31827 I PlacesHistoryStorage: Warming up places storage...
07-08 15:12:36.752 31739 31827 I PlacesHistoryStorage: 'Warming up places storage' took 0 ms
07-08 15:12:36.752 31739 31827 I PlacesBookmarksStorage: Warming up places storage...
07-08 15:12:36.753 31739 31739 I FenixApplication: Kicking-off account manager...
07-08 15:12:36.753 31739 31827 I PlacesBookmarksStorage: 'Warming up places storage' took 0 ms
07-08 15:12:36.753 31739 31739 I FenixApplication: 'Kicking-off account manager' took 0 ms
07-08 15:12:36.761 31739 32113 I experiments: No active experiment in cache
07-08 15:12:36.766 31739 32113 W experiments: Experiment bucket is outside of the bucket range.
07-08 15:12:36.788 31739 31827 I SyncableLoginsStorage: Warming up storage...
07-08 15:12:36.798 31739 31827 D RustNativeSupport: findMegazordLibraryName(logins, 61.0.6
07-08 15:12:36.799 31739 31827 D RustNativeSupport: lib in use: none
07-08 15:12:36.799 31739 31827 D RustNativeSupport: lib configured: megazord
07-08 15:12:36.799 31739 31827 D RustNativeSupport: lib version configured: 61.0.6
07-08 15:12:36.799 31739 31827 D RustNativeSupport: settled on megazord
07-08 15:12:36.801 31739 31827 D logins_ffi: sync15_passwords_state_new
07-08 15:12:36.828 31739 32119 I experiments: Fetching experiments from https://firefox.settings.services.mozilla.com/v1/buckets/main/collections/mobile-experiments/records?_since=1594230842195
07-08 15:12:36.965 31739 32119 W ActivityThread: ClassLoader.getResources: The class loader returned by Thread.getContextClassLoader() may fail for processes that host multiple applications. You should explicitly specify a context class loader. For example: Thread.setContextClassLoader(getClass().getClassLoader());
07-08 15:12:36.969 31739 32119 D experiments: Fetched experiments from https://firefox.settings.services.mozilla.com/v1/buckets/main/collections/mobile-experiments/records?_since=1594230842195:
07-08 15:12:36.969 31739 32119 D experiments: {"data": []}
07-08 15:12:36.971 31739 32119 I experiments: Experiments update from server: ExperimentsSnapshot(experiments=[Experiment(id=fenix-search-widget, description=Show a contextual hint to active searchers on their home screen, prompting them to install the search widget. Will not be shown to users who already have a search widget installed., lastModified=1594230842195, schemaModified=1594160039473, buckets=Buckets(start=0, count=1000), branches=[Branch(name=control_no_cfr, ratio=1), Branch(name=treatment_cfr, ratio=1)], match=Matcher(appId=^org.mozilla.fenix|org.mozilla.fenix.debug$, appDisplayVersion=null, appMinVersion=null, appMaxVersion=null, localeLanguage=^eng$, localeCountry=null, deviceManufacturer=null, deviceModel=null, regions=[], debugTags=[]))], lastModified=1594230842195)
07-08 15:12:36.973 31739 32119 I experiments: onExperimentsUpdated - no experiment currently active, looking for match
07-08 15:12:36.974 31739 32119 W experiments: Experiment bucket is outside of the bucket range.
07-08 15:12:36.978 31739 31781 I WM-WorkerWrapper: Worker result SUCCESS for Work [ id=85249d0a-09ca-48a1-9270-1a0a974fb7c1, tags={ mozilla.components.service.experiments.ExperimentsUpdaterWorker, mozilla.components.service.experiments } ]
07-08 15:12:37.443 31739 31827 I SyncableLoginsStorage: 'Warming up storage' took 655 ms
07-08 15:12:37.443 31739 31827 I FenixApplication: 'Storage initialization' took 691 ms
07-08 15:12:40.645 31752 31838 I Finsky  : [665351] dzg.run(15): Initializing the instant apps module.
07-08 15:12:40.655 31752 31873 I Finsky  : [665359] hpu.a(18): No selector loaded
07-08 15:12:40.660 31752 31890 I Finsky  : [665366] tia.c(1): Triggered update for experiment package com.google.android.finsky.stable.
07-08 15:12:40.780 31752 31779 I zygote  : Deoptimizing void j$.util.concurrent.ConcurrentHashMap.putAll(java.util.Map) due to JIT inline cache
07-08 15:12:40.885 31752 31873 I Finsky  : [665359] adoz.d(2): Restoring notifications
07-08 15:12:40.913 31752 31873 I Finsky  : [665359] adoz.d(10): Done restoring notifications
07-08 15:12:40.918 31752 31873 I Finsky  : [665359] dzc.run(53): Component class com.google.android.finsky.wear.WearSupportService disabled via PackageManager.
07-08 15:12:40.919 31752 31873 I Finsky  : [665359] dzc.run(53): Component class com.google.android.finsky.wear.WearChangeListenerService disabled via PackageManager.
07-08 15:12:40.920 31752 31873 I Finsky  : [665359] afci.a(4): Do not start WearSupportService due to Wear service optimization
07-08 15:12:40.922 31752 31757 I zygote  : Do full code cache collection, code=124KB, data=81KB
07-08 15:12:40.926 31752 31757 I zygote  : After code cache collection, code=71KB, data=39KB
07-08 15:12:40.973 31752 31890 I Finsky  : [665366] tia.c(7): Already at the latest configurations for experiment package com.google.android.finsky.stable.
07-08 15:12:40.974 31752 31878 I Finsky  : [665361] tia.c(1): Triggered update for experiment package com.google.android.finsky.regular.
07-08 15:12:40.974 31752 31890 I Finsky  : [665366] thq.c(10): Retrieved DSE selection state is true (cache=ths@8b2909)
07-08 15:12:40.974 31752 31890 I Finsky  : [665366] tie.a(30): DSE selection state after sync is true (cache=ths@8b2909)
07-08 15:12:41.109  1456  4797 I ActivityManager: Force stopping org.mozilla.fennec_aurora appid=11494 user=0: from pid 32131
07-08 15:12:41.110  1456  4797 I ActivityManager: Killing 31739:org.mozilla.fennec_aurora/u0a1494 (adj 0): stop org.mozilla.fennec_aurora
07-08 15:12:41.112  1456  1605 W zygote  : kill(-31739, 9) failed: No such process
07-08 15:12:41.116 31848 31848 I ServiceChildProcess: Service has been unbound. Stopping.
07-08 15:12:41.119  1456  4797 W ActivityManager: Force removing ActivityRecord{3686e04 u0 org.mozilla.fennec_aurora/org.mozilla.fenix.HomeActivity t94831}: app died, no saved state
07-08 15:12:41.128  1456  1605 W zygote  : kill(-31739, 9) failed: No such process
07-08 15:12:41.135  1456  4797 I ActivityManager: Killing 31848:org.mozilla.fennec_aurora:tab0/u0a1494 (adj 0): stop org.mozilla.fennec_aurora
07-08 15:12:41.149  1456  1605 W zygote  : kill(-31739, 9) failed: No such process
07-08 15:12:41.155  2398  2398 D CarrierSvcBindHelper: No carrier app for: 0
07-08 15:12:41.156  2398  2398 D CarrierSvcBindHelper: No carrier app for: 1
07-08 15:12:41.165  1456  1605 W zygote  : kill(-31739, 9) failed: No such process
07-08 15:12:41.195  1456  1605 I chatty  : uid=1000(system) ActivityManager identical 2 lines
07-08 15:12:41.202  1456  1673 W ActivityManager: setHasOverlayUi called on unknown pid: 31739
07-08 15:12:41.211  1456  1605 W zygote  : kill(-31739, 9) failed: No such process
07-08 15:12:41.211  1456  1605 I zygote  : Successfully killed process cgroup uid 11494 pid 31739 in 98ms
07-08 15:12:41.211  1456  1605 W zygote  : kill(-31848, 9) failed: No such process
07-08 15:12:41.211  1456  1605 I zygote  : Successfully killed process cgroup uid 11494 pid 31848 in 0ms
07-08 15:12:41.300 31752 31878 I Finsky  : [665361] tim.a(3): Regular flags synced
07-08 15:12:41.303 31752 31878 I Finsky  : [665361] thv.a(3): Writing flags config, size 1.
07-08 15:12:41.304 31752 31878 I Finsky  : [665361] thv.a(3): Started writing experiment flags into file [ripT0cj71bRQJv_es30rNAlUVxwazBDnCqnZAPkFMFA].
07-08 15:12:41.338 31752 31878 I Finsky  : [665361] thv.a(16): Finished writing experiment flags into file [ripT0cj71bRQJv_es30rNAlUVxwazBDnCqnZAPkFMFA].
07-08 15:12:41.343 31752 31878 I Finsky  : [665361] tia.b(24): Successfully applied new configurations for package com.google.android.finsky.regular.
07-08 15:12:41.344 31752 31838 I Finsky  : [665351] tia.c(1): Triggered update for experiment package com.google.android.finsky.regular.
07-08 15:12:41.344 31752 31878 I Finsky  : [665361] thq.c(10): Retrieved DSE selection state is true (cache=ths@8b2909)
07-08 15:12:41.344 31752 31878 I Finsky  : [665361] tie.a(30): DSE selection state after sync is true (cache=ths@8b2909)
07-08 15:12:41.491 31752 31779 W ProxyAndroidLoggerBackend: Too many Flogger logs received before configuration. Dropping old logs.
07-08 15:12:41.492 31752 31779 W ProxyAndroidLoggerBackend: Too many Flogger logs received before configuration. Dropping old logs.
07-08 15:12:41.506 31752 31838 I Finsky  : [665351] tia.c(7): Already at the latest configurations for experiment package com.google.android.finsky.regular.
07-08 15:12:41.507 31752 31838 I Finsky  : [665351] thq.c(10): Retrieved DSE selection state is true (cache=ths@8b2909)
07-08 15:12:41.508 31752 31838 I Finsky  : [665351] tie.a(30): DSE selection state after sync is true (cache=ths@8b2909)
07-08 15:12:41.743 31752 31752 W ProxyAndroidLoggerBackend: Too many Flogger logs received before configuration. Dropping old logs.
07-08 15:12:41.744 31752 31752 W ProxyAndroidLoggerBackend: Too many Flogger logs received before configuration. Dropping old logs.
07-08 15:12:41.745 31959 31959 I Finsky:download_service: [2] psx.onDestroy(8): IPC-SERVER: Stopping gRPC host service...
07-08 15:12:41.770 31752 31752 I Finsky  : [2] xgd.run(32): Detected restoreservicev2://recovery not needed, will not run
07-08 15:12:41.812 31752 32138 I Finsky  : [665412] apcl.a(2): registerListener
07-08 15:12:41.813 31752 32138 I Finsky  : [665412] kba.a(4): getDownloads()
07-08 15:12:41.823 31959 31959 I Finsky:download_service: [2] psx.onCreate(2): IPC-SERVER: Starting gRPC host service...
07-08 15:12:41.824 31752 32138 I Finsky  : [665412] ejs.run(7): Initialized AssetModuleDownloader.
07-08 15:12:41.845 31752 31752 W ProxyAndroidLoggerBackend: Too many Flogger logs received before configuration. Dropping old logs.
07-08 15:12:41.849 31752 32012 W ProxyAndroidLoggerBackend: Too many Flogger logs received before configuration. Dropping old logs.
07-08 15:12:41.850 31752 32012 I chatty  : uid=10062(com.android.vending) identical 2 lines
07-08 15:12:41.851 31752 32012 W ProxyAndroidLoggerBackend: Too many Flogger logs received before configuration. Dropping old logs.
07-08 15:12:41.853 31959 32013 I Finsky:download_service: [665359] jsu.a(13): getDownloads().
07-08 15:12:41.863 31959 31999 I Finsky:download_service: [665356] jsq.a(28): onGetDownloads([])
07-08 15:12:41.879 31752 31765 W ProxyAndroidLoggerBackend: Too many Flogger logs received before configuration. Dropping old logs.
07-08 15:12:41.879 31752 31765 I chatty  : uid=10062(com.android.vending) Binder:31752_3 identical 1 line
07-08 15:12:41.880 31752 31765 W ProxyAndroidLoggerBackend: Too many Flogger logs received before configuration. Dropping old logs.
07-08 15:12:41.881 31752 32012 W ProxyAndroidLoggerBackend: Too many Flogger logs received before configuration. Dropping old logs.
07-08 15:12:42.270  1456  2915 I ActivityManager: START u0 {act=android.intent.action.VIEW dat=https://example.com/... typ=text/html flg=0x10000000 cmp=org.mozilla.fennec_aurora/org.mozilla.fenix.IntentReceiverActivity} from uid 2000
07-08 15:12:42.272   794   839 E ANDR-PERF-RESOURCEQS: Failed to apply optimization [4, 0]
07-08 15:12:42.285  1456  2915 I ActivityManager: Start proc 32146:org.mozilla.fennec_aurora/u0a1494 for activity org.mozilla.fennec_aurora/org.mozilla.fenix.IntentReceiverActivity
07-08 15:12:42.382 32146 32146 D FirebaseApp: com.google.firebase.auth.FirebaseAuth is not linked. Skipping initialization.
07-08 15:12:42.384 32146 32146 D FirebaseApp: com.google.firebase.crash.FirebaseCrash is not linked. Skipping initialization.
07-08 15:12:42.385 32146 32146 I FirebaseInitProvider: FirebaseApp initialization successful
07-08 15:12:42.417 32146 32164 I FA      : Collection disabled with firebase_analytics_collection_enabled=0
07-08 15:12:42.417 32146 32164 I FA      : App measurement is starting up, version: 12780
07-08 15:12:42.417 32146 32164 I FA      : To enable debug logging run: adb shell setprop log.tag.FA VERBOSE
07-08 15:12:42.417 32146 32164 I FA      : To enable faster debug mode event logging run:
07-08 15:12:42.417 32146 32164 I FA      :   adb shell setprop debug.firebase.analytics.app org.mozilla.fennec_aurora
07-08 15:12:42.439 32146 32146 D FennecProfile: profiles.ini: true
07-08 15:12:42.444 32146 32146 D FennecProfile: Ignoring line in [general] section: StartWithLastProfile=1
07-08 15:12:42.444 32146 32146 D FennecProfile: Found 1 profiles
07-08 15:12:42.444 32146 32146 D FennecProfile: Found default profile: FennecProfile(name=default, path=/data/user/0/org.mozilla.fennec_aurora/files/mozilla/n0clugk9.default, default=true)
07-08 15:12:42.467 32146 32146 D FennecMigrator: No migrations to run. Fennec install - false.
07-08 15:12:42.489 32146 32146 D FenixApplication: Initializing Glean (uploadEnabled=true, isFennec=true)
07-08 15:12:42.500 32146 32174 D RustNativeSupport: findMegazordLibraryName(viaduct, 61.0.6
07-08 15:12:42.500 32146 32174 D RustNativeSupport: lib in use: none
07-08 15:12:42.500 32146 32174 D RustNativeSupport: lib configured: megazord
07-08 15:12:42.500 32146 32174 D RustNativeSupport: lib version configured: 61.0.6
07-08 15:12:42.500 32146 32174 D RustNativeSupport: settled on megazord
07-08 15:12:42.516 32146 32173 D libglean_ffi: glean_ffi: Android logging should be hooked up!
07-08 15:12:42.519 32146 32173 I glean/Glean: Registering pings for mozilla.telemetry.glean.GleanMetrics.Pings
07-08 15:12:42.524 32146 32173 I libglean_ffi: glean_core: Creating new Glean v31.2.2
07-08 15:12:42.524 32146 32173 D libglean_ffi: glean_core::database: Database path: "/data/user/0/org.mozilla.fennec_aurora/glean_data/db"
07-08 15:12:42.524 32146 32173 I libglean_ffi: glean_core::database: Database initialized
07-08 15:12:42.525 32146 32174 D RustNativeSupport: findMegazordLibraryName(rustlog, 61.0.6
07-08 15:12:42.525 32146 32174 D RustNativeSupport: lib in use: none
07-08 15:12:42.525 32146 32174 D RustNativeSupport: lib configured: megazord
07-08 15:12:42.525 32146 32177 I libglean_ffi: glean_core::upload::directory: Processing persisted pings.
07-08 15:12:42.525 32146 32174 D RustNativeSupport: lib version configured: 61.0.6
07-08 15:12:42.525 32146 32174 D RustNativeSupport: settled on megazord
07-08 15:12:42.526 32146 32146 D GeckoThread: State changed to LAUNCHED
07-08 15:12:42.526 32146 32178 I GeckoThread: preparing to run Gecko
07-08 15:12:42.529 32146 32173 I libglean_ffi: glean_ffi: Glean initialized
07-08 15:12:42.536 32146 32146 D GeckoRuntime: Lifecycle: onCreate
07-08 15:12:42.536 32146 32178 D GeckoThread: State changed to MOZGLUE_READY
07-08 15:12:42.536 32146 32174 I rc_log_ffi::ios: rc_log adapter initialized!
07-08 15:12:42.552 32146 32178 W Settings: Setting animator_duration_scale has moved from android.provider.Settings.System to android.provider.Settings.Global, returning read-only global URI.
07-08 15:12:42.556 32146 32178 E GeckoLibLoad: Load sqlite start
07-08 15:12:42.558 32146 32146 I zygote  : Deoptimizing java.lang.Object androidx.collection.SimpleArrayMap.put(java.lang.Object, java.lang.Object) due to JIT inline cache
07-08 15:12:42.559 32146 32178 E GeckoLibLoad: Load sqlite done
07-08 15:12:42.559 32146 32178 E GeckoLibLoad: Load nss start
07-08 15:12:42.559 32146 32178 E GeckoLibLoad: Load nss done
07-08 15:12:42.564 32146 32173 D glean/MetricsPingSched: The 'metrics' ping was last sent on Wed Jul 08 00:00:00 EDT 2020
07-08 15:12:42.565 32146 32173 I glean/MetricsPingSched: The 'metrics' ping was already sent today, Wed Jul 08 15:12:42 EDT 2020.
07-08 15:12:42.565 32146 32173 D glean/MetricsPingSched: Scheduling the 'metrics' ping in 46037458ms
07-08 15:12:42.579 32146 32178 E GeckoLibLoad: Loaded libs in 19.744325ms total, 13ms(73ms) user, 3ms(3ms) system, 0(0) faults
07-08 15:12:42.579 32146 32173 D libglean_ffi: glean_core: Clearing Lifetime::Application metrics
07-08 15:12:42.579 32146 32178 D GeckoThread: State changed to LIBS_READY
07-08 15:12:42.583 32146 32178 W GeckoThread: zerdatime 26763668657 - runGecko
07-08 15:12:42.585 32146 32178 D GeckoProfile: Loading profile at: null name: default
07-08 15:12:42.586 32146 32178 D GeckoProfile: Found profile dir: /data/user/0/org.mozilla.fennec_aurora/files/mozilla/n0clugk9.default
07-08 15:12:42.592 32146 32146 D GleanMetricsService: Enabling Glean.
07-08 15:12:42.594 32146 32146 I glean/Dispatchers: Task queued for execution and delayed until flushed
07-08 15:12:42.599 32146 32146 I AdjustMetricsService: No adjust token defined
07-08 15:12:42.601 32146 32146 D PushConfig: Creating push configuration for autopush.
07-08 15:12:42.609 32146 32146 I App     : AutoPushFeature is configured, initializing it...
07-08 15:12:42.609 32146 32189 D AutoPushFeature: Initializing native component with the cached token.
07-08 15:12:42.611 32146 32146 I AutoPushFeature: Checking validity of push subscriptions.
07-08 15:12:42.613 32146 32146 D FennecProfile: profiles.ini: true
07-08 15:12:42.615 32146 32173 I libglean_ffi: glean_core: Upload enabled: true
07-08 15:12:42.616 32146 32146 D FennecProfile: Ignoring line in [general] section: StartWithLastProfile=1
07-08 15:12:42.617 32146 32146 D FennecProfile: Found 1 profiles
07-08 15:12:42.617 32146 32146 D FennecProfile: Found default profile: FennecProfile(name=default, path=/data/user/0/org.mozilla.fennec_aurora/files/mozilla/n0clugk9.default, default=true)
07-08 15:12:42.619 32146 32189 D RustNativeSupport: findMegazordLibraryName(push, 61.0.6
07-08 15:12:42.619 32146 32189 D RustNativeSupport: lib in use: none
07-08 15:12:42.620 32146 32189 D RustNativeSupport: lib configured: megazord
07-08 15:12:42.620 32146 32189 D RustNativeSupport: lib version configured: 61.0.6
07-08 15:12:42.620 32146 32189 D RustNativeSupport: settled on megazord
07-08 15:12:42.642 32146 32174 W [WARNING][Leanplum]: [com.leanplum.internal.ActionManager::getLocationManager::8]: Geofencing support requires leanplum-location module and Google Play Services v8.1 and higher.
07-08 15:12:42.642 32146 32174 W [WARNING][Leanplum]: Add this to your build.gradle file:
07-08 15:12:42.642 32146 32174 W [WARNING][Leanplum]: implementation 'com.google.android.gms:play-services-location:8.3.0+'
07-08 15:12:42.642 32146 32174 W [WARNING][Leanplum]: implementation 'com.leanplum:leanplum-location:+'
07-08 15:12:42.646 32146 32146 D FennecMigrator: This is not a Fennec installation. No migration needed.
07-08 15:12:42.647 32146 32178 I Gecko:DumpUtils: Fifo watcher disabled via pref.
07-08 15:12:42.648 32146 32146 D SessionManager: onTrimMemory(15): clearThumbnails=true, closeEngineSessions=true
07-08 15:12:42.648 32146 32146 D SessionManager: Cleared 0 thumbnail(s) and unlinked 0 engine sessions(s)
07-08 15:12:42.674 32146 32174 I [INFO][Leanplum]: [com.leanplum.monitoring.ExceptionHandler::setContext::6]: LeanplumExceptionHandler could not initialize Exception Reporting.This is expected if you have not included the leanplum-monitoring module
07-08 15:12:42.707 32146 32212 I [INFO][Leanplum]: [com.leanplum.LeanplumFcmProvider::isManifestSetup::11]: Firebase Messaging is setup correctly.
07-08 15:12:42.715 32146 32178 D GeckoSysInfo: System memory: 1867MB.
07-08 15:12:42.725 32146 32178 D GeckoThread: State changed to JNI_READY
07-08 15:12:42.753  1456  4797 I ActivityManager: Start proc 32230:org.mozilla.fennec_aurora:tab0/u0a1494 for service org.mozilla.fennec_aurora/org.mozilla.gecko.process.GeckoChildProcessServices$tab0
07-08 15:12:42.756 32146 32219 D ServiceAllocator: org.mozilla.gecko.process.GeckoChildProcessServices$tab0 updateBindings: BACKGROUND priority, 0 importance, 2 successful binds, 0 failed binds, 0 successful unbinds
07-08 15:12:42.762 32146 32151 I zygote  : Do partial code cache collection, code=24KB, data=31KB
07-08 15:12:42.763 32146 32151 I zygote  : After code cache collection, code=14KB, data=26KB
07-08 15:12:42.764 32146 32151 I zygote  : Increasing code cache capacity to 128KB
07-08 15:12:42.792  1456  2401 I ActivityManager: START u0 {act=android.intent.action.VIEW dat=https://example.com/... typ=text/html cmp=org.mozilla.fennec_aurora/org.mozilla.fenix.HomeActivity (has extras)} from uid 11494
07-08 15:12:42.810  1456  1601 W ActivityManager: Activity pause timeout for ActivityRecord{1b76954 u0 org.mozilla.fennec_aurora/org.mozilla.fenix.IntentReceiverActivity t94832 f}
07-08 15:12:42.860 32230 32230 D GeckoThread: State changed to LAUNCHED
07-08 15:12:42.860 32230 32250 I GeckoThread: preparing to run Gecko
07-08 15:12:42.973 32146 32151 I zygote  : Do partial code cache collection, code=56KB, data=50KB
07-08 15:12:42.974 32146 32151 I zygote  : After code cache collection, code=56KB, data=50KB
07-08 15:12:42.974 32146 32151 I zygote  : Increasing code cache capacity to 256KB
07-08 15:12:42.990 32146 32146 I NavController: Ignoring popBackStack to destination org.mozilla.fennec_aurora:id/browserFragment as it was not found on the current back stack
07-08 15:12:43.239 32146 32146 I FirefoxAccountStateMachine: Enabling/updating sync with a new SyncConfig: SyncConfig(supportedEngines=[mozilla.components.service.fxa.SyncEngine$History@6a28a30, mozilla.components.service.fxa.SyncEngine$Bookmarks@a6fa6a9, mozilla.components.service.fxa.SyncEngine$Passwords@607a42e, mozilla.components.service.fxa.SyncEngine$Tabs@edb1bcf], syncPeriodInMinutes=240)
07-08 15:12:43.241 32146 32146 I BgSyncManager: Periodic syncing enabled at a 240 interval
07-08 15:12:43.242 32146 32146 I FirefoxAccountStateMachine: Sync is enabled
07-08 15:12:43.251 32146 32258 I FirefoxAccountStateMachine: Processing event Event$Init for state Start. Next state is Start
