02-12 22:01:55.564 24359 24418 D vndksupport: Loading /vendor/lib/hw/gralloc.msm8937.so from current namespace instead of sphal namespace.
02-12 22:01:55.574 24359 24418 I Adreno  : PFP: 0x005ff087, ME: 0x005ff063
02-12 22:01:55.588 24359 24418 I zygote  : android::hardware::configstore::V1_0::ISurfaceFlingerConfigs::hasWideColorDisplay retrieved: 0
02-12 22:01:55.589 24359 24418 I OpenGLRenderer: Initialized EGL, version 1.4
02-12 22:01:55.589 24359 24418 D OpenGLRenderer: Swap behavior 2
02-12 22:01:55.602 24359 24444 D NetworkSecurityConfig: No Network Security Config specified, using platform default
02-12 22:01:55.623  1456  2923 I WindowManager: Keep hide if surface has never drawn Window{6cde494 u0 org.mozilla.fenix.nightly/org.mozilla.fenix.IntentReceiverActivity}
02-12 22:01:55.624  1456  2923 I WindowManager: Failed to capture screenshot of Token{1f2ddcc ActivityRecord{34f6bff u0 org.mozilla.fenix.nightly/org.mozilla.fenix.IntentReceiverActivity t25277 f}} appWin=Window{6cde494 u0 org.mozilla.fenix.nightly/org.mozilla.fenix.IntentReceiverActivity} drawState=1
02-12 22:01:55.660  1456  1673 I LaunchCheckinHandler: Displayed org.mozilla.fenix.nightly/org.mozilla.fenix.IntentReceiverActivity,cp,ca,785
02-12 22:01:55.668 23619 23619 I Finsky  : [2] ppb.onTrimMemory(1): Memory trim requested to level 80
02-12 22:01:55.677 24359 24393 I Gecko:DumpUtils: Fifo watcher disabled via pref.
02-12 22:01:55.686 24359 24359 D PhoneWindow: Restoring navigation bar divider color to default value = 0x00000000
02-12 22:01:55.710 24359 24393 D GeckoSysInfo: System memory: 1867MB.
02-12 22:01:55.715 24359 24393 D GeckoThread: State changed to JNI_READY
02-12 22:01:55.733  1456  2402 I ActivityManager: Start proc 24466:org.mozilla.fenix.nightly:tab/u0a966 for service org.mozilla.fenix.nightly/org.mozilla.gecko.process.GeckoServiceChildProcess$tab
02-12 22:01:55.747 24359 24359 I NavController: Ignoring popBackStack to destination org.mozilla.fenix.nightly:id/browserFragment as it was not found on the current back stack
02-12 22:01:55.858  1456  4250 I ActivityManager: Start proc 24484:org.mozilla.fenix.nightly:socket/u0a966 for service org.mozilla.fenix.nightly/org.mozilla.gecko.process.GeckoServiceChildProcess$socket
02-12 22:01:55.876 24466 24466 D GeckoThread: State changed to LAUNCHED
02-12 22:01:55.877 24466 24497 I GeckoThread: preparing to run Gecko
02-12 22:01:55.939 24359 24388 D RustNativeSupport: findMegazordLibraryName(places, 0.50.0
02-12 22:01:55.939 24359 24388 D RustNativeSupport: lib in use: none
02-12 22:01:55.939 24359 24388 D RustNativeSupport: lib configured: fenix
02-12 22:01:55.939 24359 24388 D RustNativeSupport: lib version configured: 0.50.0
02-12 22:01:55.939 24359 24388 D RustNativeSupport: settled on fenix
02-12 22:01:55.944 24359 24388 D places_ffi: places_api_new
02-12 22:01:55.963  1456  1466 I zygote  : Background concurrent copying GC freed 42975(2MB) AllocSpace objects, 23(844KB) LOS objects, 39% free, 36MB/60MB, paused 513us total 365.576ms
02-12 22:01:55.996 24484 24484 D GeckoThread: State changed to LAUNCHED
02-12 22:01:55.998 24484 24503 I GeckoThread: preparing to run Gecko
02-12 22:01:56.015   808   808 I SFPerfTracer:      triggers: (rate: 51:552017) (compose: 0:6) (post: 0:17) (render: 0:14) (15:4829270 frames) (16:6402315)
02-12 22:01:56.015   808   808 D SFPerfTracer:        layers: (3:15) (NavigationBar#0 (0xb07df000): 9:545406) (StatusBar#0 (0xb07e3000): 9:1528333) (com.android.systemui.ImageWallpaper#0 (0xb07e7000): 0:47579)* (Sprite#0 (0xb0733000): 0:317)* (DimLayerController/Stack=0#0 (0xb075a000): 0:3712)* (Sprite#1 (0xb077c000): 0:195)* (com.android.launcher3/com.android.launcher3.CustomizationPanelLauncher#0 (0xb0763000): 0:40)- (com.android.launcher3/com.android.launcher3.CustomizationPanelLauncher#1 (0xb0771000): 0:8)- (org.mozilla.fenix.nightly/org.mozilla.fenix.IntentReceiverActivity#0 (0xb0384000): 0:5)- (Splash Screen org.mozilla.fenix.nightly#0 (0xb039b000): 0:31)- (org.mozilla.fenix.nightly/org.mozilla.fenix.HomeActivity#0 (0xb010b000): 0:55)- (com.android.launcher3/com.android.launcher3.CustomizationPanelLauncher#0 (0xb0763000): 0:41)* (com.android.launcher3/com.android.launcher3.CustomizationPanelLauncher#1 (0xb0771000): 0:11)* (org.mozilla.fenix.nightly/org.mozilla.fenix.IntentReceiverActivity#0 (0xb0384000): 0:5)* 
02-12 22:01:56.019 24359 24388 D sql_support::conn_ext: Transaction commited after 52.940838ms
02-12 22:01:56.021 24359 24388 D places_ffi: places_connection_new
02-12 22:01:56.025 24359 24388 D places_ffi: places_connection_new
02-12 22:01:56.042 24359 24388 D places_ffi: bookmarks_get_all_with_url
02-12 22:01:56.064 24359 24364 I zygote  : Do full code cache collection, code=124KB, data=85KB
02-12 22:01:56.066 24359 24364 I zygote  : After code cache collection, code=97KB, data=55KB
02-12 22:01:56.114 24359 24500 W LOTTIE  : Animation contains merge paths. Merge paths are only supported on KitKat+ and must be manually enabled by calling enableMergePathsForKitKatAndAbove().
02-12 22:01:56.141 24359 24409 W FirefoxAccountStateMachine: Got invalid event Event$Init for state NotAuthenticated.
02-12 22:01:56.151 24359 24359 E [ERROR][Leanplum]: [com.leanplum.LeanplumFcmProvider$1::onComplete::2]: getInstanceId failed
02-12 22:01:56.197 24484 24503 D GeckoThread: State changed to MOZGLUE_READY
02-12 22:01:56.207 24484 24503 W Settings: Setting animator_duration_scale has moved from android.provider.Settings.System to android.provider.Settings.Global, returning read-only global URI.
02-12 22:01:56.210 24484 24503 E GeckoLibLoad: Load sqlite start
02-12 22:01:56.228 24484 24503 W GeckoLinker: /data/app/org.mozilla.fenix.nightly-yLYE7Q4mV0o5IxtjvSKHTA==/lib/arm/libnss3.so: unhandled flags #8 not handled
02-12 22:01:56.232 24484 24503 W GeckoLinker: /data/app/org.mozilla.fenix.nightly-yLYE7Q4mV0o5IxtjvSKHTA==/lib/arm/libnss3.so: Relocation to NULL @0x001b8ffc for symbol "__cxa_type_match"
02-12 22:01:56.232 24484 24503 E GeckoLibLoad: Load sqlite done
02-12 22:01:56.233 24484 24503 E GeckoLibLoad: Load nss start
02-12 22:01:56.233 24484 24503 E GeckoLibLoad: Load nss done
02-12 22:01:56.233 24484 24503 W GeckoLinker: /data/app/org.mozilla.fenix.nightly-yLYE7Q4mV0o5IxtjvSKHTA==/lib/arm/libxul.so: unhandled flags #8 not handled
02-12 22:01:56.233 24484 24503 W GeckoLinker: /data/app/org.mozilla.fenix.nightly-yLYE7Q4mV0o5IxtjvSKHTA==/lib/arm/liblgpllibs.so: unhandled flags #8 not handled
02-12 22:01:56.265 24484 24503 E GeckoLibLoad: Loaded libs in 31.743232ms total, 23ms(23ms) user, 6ms(6ms) system, 0(0) faults
02-12 22:01:56.265 24484 24503 D GeckoThread: State changed to LIBS_READY
02-12 22:01:56.265 24484 24503 W GeckoThread: zerdatime 14091010032 - runGecko
02-12 22:01:56.273 24359 24364 I zygote  : Do partial code cache collection, code=121KB, data=78KB
02-12 22:01:56.275 24359 24364 I zygote  : After code cache collection, code=121KB, data=78KB
02-12 22:01:56.275 24359 24364 I zygote  : Increasing code cache capacity to 512KB
02-12 22:01:56.464 24484 24503 D GeckoThread: State changed to RUNNING
02-12 22:01:56.492  1456  4250 I ActivityManager: Displayed org.mozilla.fenix.nightly/org.mozilla.fenix.HomeActivity: +881ms (total +1s618ms)
02-12 22:01:56.492  1456  4250 I ActivityManager: Fully drawn org.mozilla.fenix.nightly/org.mozilla.fenix.HomeActivity: +881ms (total +1s618ms)
02-12 22:01:56.526 24359 24359 W LOTTIE  : Animation contains merge paths but they are disabled.
02-12 22:01:56.583 24359 24418 D vndksupport: Loading /vendor/lib/hw/android.hardware.graphics.mapper@2.0-impl.so from current namespace instead of sphal namespace.
02-12 22:01:56.584 24359 24418 D vndksupport: Loading /vendor/lib/hw/gralloc.msm8937.so from current namespace instead of sphal namespace.
02-12 22:01:56.644 24359 24393 I Gecko   : 1581562916640	addons.xpi	WARN	List of valid built-in add-ons could not be parsed.: [Exception... "Component returned failure code: 0x80520012 (NS_ERROR_FILE_NOT_FOUND) [nsIXPCComponents_Utils.readUTF8URI]"  nsresult: "0x80520012 (NS_ERROR_FILE_NOT_FOUND)"  location: "JS frame :: resource://gre/modules/addons/XPIProvider.jsm :: startup :: line 2372"  data: no] Stack trace: startup()@resource://gre/modules/addons/XPIProvider.jsm:2372
02-12 22:01:56.644 24359 24393 I Gecko   : callProvider()@resource://gre/modules/AddonManager.jsm:215
02-12 22:01:56.644 24359 24393 I Gecko   : _startProvider()@resource://gre/modules/AddonManager.jsm:587
02-12 22:01:56.644 24359 24393 I Gecko   : startup()@resource://gre/modules/AddonManager.jsm:811
02-12 22:01:56.644 24359 24393 I Gecko   : startup()@resource://gre/modules/AddonManager.jsm:3481
02-12 22:01:56.644 24359 24393 I Gecko   : observe()@resource://gre/modules/addonManager.js:87
02-12 22:01:56.757  6397  6397 I MemoryTrimmer: Trimming objects from memory, since app is in the background.
02-12 22:01:56.764  6397  6444 E AudioSource: Stop listening is called on already closed AudioSource
02-12 22:01:56.767  6397 28066 I PBSessionCacheImpl: Deleted sessionId[28135884977559982] from persistence.
02-12 22:01:56.768  6397  6397 I MemoryTrimmer: Trimming objects from memory, since app is in the background.
02-12 22:01:56.773  1456  2204 I WifiService: getWifiEnabledState uid=10073
02-12 22:01:56.775  6397  6444 I DEBUG   : OpaToSrpTransitionState#onStateChanged#notNullQuery
02-12 22:01:56.776  6397  6444 I DEBUG   : OpaToSrpTransitionState#onStateChanged#notNullQuery
02-12 22:01:56.778  6397  6444 W SearchServiceCore: Abort, client detached.
02-12 22:01:56.833 24359 24393 D GeckoThread: State changed to PROFILE_READY
02-12 22:01:56.915 24359 24393 D GeckoThread: State changed to RUNNING
02-12 22:01:56.932 24359 24393 W GeckoEventDispatcher: No listener for AndroidCastDevice:SyncDevice
02-12 22:01:56.938 24359 24393 I Gecko   : -*- nsDNSServiceDiscovery.js : nsDNSServiceDiscovery
02-12 22:01:57.041 24359 24393 W ResourceType: Too many attribute references, stopped at: 0x01010099
02-12 22:01:57.272 24359 24359 D GeckoNetworkManager: Incoming event enableNotifications for state OnNoListeners -> OnWithListeners
02-12 22:01:57.273 24359 24359 D GeckoNetworkManager: New network state: DOWN, NONE, UNKNOWN
02-12 22:01:57.274 24359 24359 D GeckoNetworkManager: Incoming event receivedUpdate for state OnWithListeners -> OnWithListeners
02-12 22:01:57.275 24359 24359 D GeckoNetworkManager: New network state: DOWN, NONE, UNKNOWN
02-12 22:01:57.278 24359 24393 W GeckoLinker: /data/app/org.mozilla.fenix.nightly-yLYE7Q4mV0o5IxtjvSKHTA==/lib/arm/libsoftokn3.so: unhandled flags #8 not handled
02-12 22:01:57.279  1023 24555 D libc    : Internal error: netid(0), id(0x1bde), server(0.0.0.0)
02-12 22:01:57.279  1023 24555 D libc    : Internal error: netid(0), id(0x1bde), server(0.0.0.0)
02-12 22:01:57.279  1023 24555 D libc    : Internal error: netid(0), id(0x90a5), server(0.0.0.0)
02-12 22:01:57.279 24359 24393 W GeckoLinker: /data/app/org.mozilla.fenix.nightly-yLYE7Q4mV0o5IxtjvSKHTA==/lib/arm/libsoftokn3.so: Relocation to NULL @0x0002cffc for symbol "__cxa_type_match"
02-12 22:01:57.279  1023 24555 D libc    : Internal error: netid(0), id(0x90a5), server(0.0.0.0)
02-12 22:01:57.280 24359 24393 W GeckoLinker: /data/app/org.mozilla.fenix.nightly-yLYE7Q4mV0o5IxtjvSKHTA==/lib/arm/libfreebl3.so: unhandled flags #8 not handled
02-12 22:01:57.280 24359 24393 W GeckoLinker: /data/app/org.mozilla.fenix.nightly-yLYE7Q4mV0o5IxtjvSKHTA==/lib/arm/libfreebl3.so: Relocation to NULL @0x0004fffc for symbol "__cxa_type_match"
02-12 22:01:57.311 24359 24523 W GeckoLinker: /data/app/org.mozilla.fenix.nightly-yLYE7Q4mV0o5IxtjvSKHTA==/lib/arm/libnssckbi.so: unhandled flags #8 not handled
02-12 22:01:57.311 24359 24523 W GeckoLinker: /data/app/org.mozilla.fenix.nightly-yLYE7Q4mV0o5IxtjvSKHTA==/lib/arm/libnssckbi.so: Relocation to NULL @0x00055ffc for symbol "__cxa_type_match"
02-12 22:01:57.332 24359 24393 W GeckoEventDispatcher: No listener for GeckoView:AccessibilityEnabled
02-12 22:01:57.470  1023 24567 D libc    : Internal error: netid(0), id(0x25be), server(0.0.0.0)
02-12 22:01:57.470  1023 24567 D libc    : Internal error: netid(0), id(0x25be), server(0.0.0.0)
02-12 22:01:57.470  1023 24567 D libc    : Internal error: netid(0), id(0x96e3), server(0.0.0.0)
02-12 22:01:57.470  1023 24567 D libc    : Internal error: netid(0), id(0x96e3), server(0.0.0.0)
02-12 22:01:57.472  1023 24569 D libc    : Internal error: netid(0), id(0x5d9a), server(0.0.0.0)
02-12 22:01:57.472  1023 24569 D libc    : Internal error: netid(0), id(0x5d9a), server(0.0.0.0)
02-12 22:01:57.472  1023 24569 D libc    : Internal error: netid(0), id(0xfae8), server(0.0.0.0)
02-12 22:01:57.473  1023 24569 D libc    : Internal error: netid(0), id(0xfae8), server(0.0.0.0)
02-12 22:01:57.474  1023 24572 D libc    : Internal error: netid(0), id(0x5b80), server(0.0.0.0)
02-12 22:01:57.474  1023 24572 D libc    : Internal error: netid(0), id(0x5b80), server(0.0.0.0)
02-12 22:01:57.474  1023 24572 D libc    : Internal error: netid(0), id(0xe7f1), server(0.0.0.0)
02-12 22:01:57.474  1023 24572 D libc    : Internal error: netid(0), id(0xe7f1), server(0.0.0.0)
02-12 22:01:57.492 24359 24393 W ResourceType: Too many attribute references, stopped at: 0x01010099
02-12 22:01:57.785 24466 24497 D GeckoThread: State changed to MOZGLUE_READY
02-12 22:01:57.792 24466 24497 W Settings: Setting animator_duration_scale has moved from android.provider.Settings.System to android.provider.Settings.Global, returning read-only global URI.
02-12 22:01:57.794 24466 24497 E GeckoLibLoad: Load sqlite start
02-12 22:01:57.811 24466 24497 W GeckoLinker: /data/app/org.mozilla.fenix.nightly-yLYE7Q4mV0o5IxtjvSKHTA==/lib/arm/libnss3.so: unhandled flags #8 not handled
02-12 22:01:57.816 24466 24497 W GeckoLinker: /data/app/org.mozilla.fenix.nightly-yLYE7Q4mV0o5IxtjvSKHTA==/lib/arm/libnss3.so: Relocation to NULL @0x001b8ffc for symbol "__cxa_type_match"
02-12 22:01:57.816 24466 24497 E GeckoLibLoad: Load sqlite done
02-12 22:01:57.816 24466 24497 E GeckoLibLoad: Load nss start
02-12 22:01:57.816 24466 24497 E GeckoLibLoad: Load nss done
02-12 22:01:57.817 24466 24497 W GeckoLinker: /data/app/org.mozilla.fenix.nightly-yLYE7Q4mV0o5IxtjvSKHTA==/lib/arm/libxul.so: unhandled flags #8 not handled
02-12 22:01:57.817 24466 24497 W GeckoLinker: /data/app/org.mozilla.fenix.nightly-yLYE7Q4mV0o5IxtjvSKHTA==/lib/arm/liblgpllibs.so: unhandled flags #8 not handled
02-12 22:01:57.828 24359 24393 I GeckoSession: zerdatime 14091011595 - chrome startup finished
02-12 22:01:57.848 24466 24497 E GeckoLibLoad: Loaded libs in 31.520576ms total, 23ms(23ms) user, 6ms(6ms) system, 0(0) faults
02-12 22:01:57.848 24466 24497 D GeckoThread: State changed to LIBS_READY
02-12 22:01:57.848 24466 24497 W GeckoThread: zerdatime 14091011616 - runGecko
02-12 22:01:58.348 24466 24497 D GeckoThread: State changed to RUNNING
02-12 22:01:58.350 24359 24359 D App     : Installed browser-icons extension
02-12 22:01:58.353 24359 24359 D mozac-webextensions: Installed extension: mozacWebchannel
02-12 22:01:58.355 24359 24359 D mozac-webextensions: Installed extension: mozacReaderview
02-12 22:01:58.406 24466 24497 W ResourceType: Too many attribute references, stopped at: 0x01010099
02-12 22:01:58.508 24359 24359 D GeckoSession: handleMessage GeckoView:PageStart uri=about:blank
02-12 22:01:58.533 24359 24393 D GeckoScreenOrientation: unlocking
02-12 22:01:58.541 24359 24359 D GeckoSession: handleMessage GeckoView:LocationChange uri=about:blank
02-12 22:01:58.541 24359 24359 D GeckoSession: handleMessage GeckoView:PageStop uri=null
02-12 22:01:58.551 24359 24359 I SessionStorage/AutoSave: Save: Load finished
02-12 22:01:58.565 24359 24419 D SessionStorage/AutoSave: Saved state to disk [11ms]
02-12 22:01:58.565 24359 24419 I zygote  : Deoptimizing void kotlinx.coroutines.DispatchedTask.run() due to JIT inline cache
02-12 22:01:58.573 24359 24359 D GeckoSession: handleMessage GeckoView:OnLoadRequest uri=about:blank
02-12 22:01:58.597 24359 24359 D GeckoSession: handleMessage GeckoView:OnLoadRequest uri=about:blank
02-12 22:01:58.664 24359 24359 D mozac-webcompat: Installed WebCompat webextension: webcompat@mozilla.com
02-12 22:01:58.679 24359 24359 D GeckoSession: handleMessage GeckoView:PageStart uri=about:blank
02-12 22:01:58.721 24359 24359 D GeckoSession: handleMessage GeckoView:PageStop uri=null
02-12 22:01:58.730 24359 24359 I SessionStorage/AutoSave: Save: Load finished
02-12 22:01:58.731 24359 24419 D SessionStorage/AutoSave: Delaying save (1822ms)
02-12 22:01:58.740 24359 24364 I zygote  : Do full code cache collection, code=250KB, data=153KB
02-12 22:01:58.742 24359 24364 I zygote  : After code cache collection, code=169KB, data=88KB
02-12 22:01:58.764 24359 24359 D GeckoSession: handleMessage GeckoView:PageStart uri=about:blank
02-12 22:01:58.790 24359 24359 D GeckoSession: handleMessage GeckoView:SecurityChanged uri=null
02-12 22:01:58.896 24359 24359 D GeckoSession: handleMessage GeckoView:PageStop uri=null
02-12 22:01:58.903 24359 24359 I SessionStorage/AutoSave: Save: Load finished
02-12 22:01:58.904 24359 24359 D SessionStorage/AutoSave: Skipping save, other job already in flight
02-12 22:01:59.493 24359 24359 D GeckoSession: handleMessage GeckoView:StateUpdated uri=null
02-12 22:01:59.493 24359 24359 W GeckoSession: No history entries found.
02-12 22:02:00.523 24629 24629 D AndroidRuntime: >>>>>> START com.android.internal.os.RuntimeInit uid 2000 <<<<<<
02-12 22:02:00.536 24629 24629 W app_process: Could not reserve sentinel fault page
02-12 22:02:00.565 24359 24419 D SessionStorage/AutoSave: Saved state to disk [10ms]
02-12 22:02:00.702 24629 24629 I app_process: The ClassLoaderContext is a special shared library.
02-12 22:02:00.768 24629 24629 D AndroidRuntime: Calling main entry com.android.commands.input.Input
02-12 22:02:00.769 24629 24629 I Input   : injectKeyEvent: KeyEvent { action=ACTION_DOWN, keyCode=KEYCODE_HOME, scanCode=0, metaState=0, flags=0x0, repeatCount=0, eventTime=13983382068, downTime=13983382068, deviceId=-1, source=0x101 }
02-12 22:02:00.775 24629 24629 I Input   : injectKeyEvent: KeyEvent { action=ACTION_UP, keyCode=KEYCODE_HOME, scanCode=0, metaState=0, flags=0x0, repeatCount=0, eventTime=13983382068, downTime=13983382068, deviceId=-1, source=0x101 }
02-12 22:02:00.781  1456  1941 I ActivityManager: START u0 {act=android.intent.action.MAIN cat=[android.intent.category.HOME] flg=0x10200000 cmp=com.android.launcher3/.CustomizationPanelLauncher (has extras)} from uid 1000
02-12 22:02:00.782   794   839 E ANDR-PERF-RESOURCEQS: Failed to apply optimization [4, 0]
02-12 22:02:00.794  1456  1941 I ActivityManager: moveHomeStack, setupComplete:true
02-12 22:02:00.800  6397  6439 I Adreno  : QUALCOMM build                   : bb5b86c, I77d3059488
02-12 22:02:00.800  6397  6439 I Adreno  : Build Date                       : 06/07/18
02-12 22:02:00.800  6397  6439 I Adreno  : OpenGL ES Shader Compiler Version: EV031.22.00.01_06
02-12 22:02:00.800  6397  6439 I Adreno  : Local Branch                     : 
02-12 22:02:00.800  6397  6439 I Adreno  : Remote Branch                    : refs/tags/AU_LINUX_ANDROID_LA.UM.6.5.R1.08.01.00.312.086
02-12 22:02:00.800  6397  6439 I Adreno  : Remote Branch                    : NONE
02-12 22:02:00.800  6397  6439 I Adreno  : Reconstruct Branch               : NOTHING
02-12 22:02:00.803  6397  6439 D vndksupport: Loading /vendor/lib/hw/gralloc.msm8937.so from current namespace instead of sphal namespace.
02-12 22:02:00.806 24629 24629 D AndroidRuntime: Shutting down VM
02-12 22:02:00.806  6397  6439 I Adreno  : PFP: 0x005ff087, ME: 0x005ff063
02-12 22:02:00.810  6397  6439 I zygote  : android::hardware::configstore::V1_0::ISurfaceFlingerConfigs::hasWideColorDisplay retrieved: 0
02-12 22:02:00.811  6397  6439 I OpenGLRenderer: Initialized EGL, version 1.4
02-12 22:02:00.811  6397  6439 D OpenGLRenderer: Swap behavior 2
02-12 22:02:00.815  2748  2748 D Launcher.Utilities: Wakeup weather: Intent { act=com.motorola.launcher3.action.WAKEUP_WEATHER cmp=com.motorola.timeweatherwidget/com.motorola.commandcenter.weather.WakeUpService }
02-12 22:02:00.815 24359 24359 I zygote  : Deoptimizing kotlin.coroutines.CoroutineContext$Element kotlin.coroutines.CoroutineContext$Element$DefaultImpls.get(kotlin.coroutines.CoroutineContext$Element, kotlin.coroutines.CoroutineContext$Key) due to JIT inline cache
02-12 22:02:00.836  1456  1456 I NotificationService: Cannot find enqueued record for key: 0|com.motorola.timeweatherwidget|1|null|10116
02-12 22:02:00.840   808   808 D SurfaceFlinger: duplicate layer name: changing com.android.launcher3/com.android.launcher3.CustomizationPanelLauncher to com.android.launcher3/com.android.launcher3.CustomizationPanelLauncher#1
02-12 22:02:00.851  6397  6425 W ThreadPoolDumper: Queue length for executor EventBus is now 11. Perhaps some tasks are too long, or the pool is too small.
02-12 22:02:00.852 24359 24359 I [INFO][Leanplum]: [com.leanplum.internal.RequestOld::sendIfConnected::4]: Device is offline, will send later
02-12 22:02:00.853  1456  4250 I WifiService: getWifiEnabledState uid=10073
02-12 22:02:00.868  1456  2923 I WifiService: getWifiEnabledState uid=10073
02-12 22:02:00.878  6397  6444 I DEBUG   : OpaToSrpTransitionState#onStateChanged#notNullQuery
02-12 22:02:00.882  6397  6444 I DEBUG   : OpaToSrpTransitionState#onStateChanged#notNullQuery
02-12 22:02:00.896 24359 24359 D GeckoSession: handleMessage GeckoView:StateUpdated uri=null
02-12 22:02:00.908  6397  6444 I MicroDetectionState: Should stop hotword detection immediately - false
02-12 22:02:00.914  6397  6444 I MicroDetectionWorker: #startMicroDetector [speakerMode: 0]
02-12 22:02:00.917  6397  6444 I AudioController: Created new AudioSource
02-12 22:02:00.938  1456  1673 I LaunchCheckinHandler: Displayed com.android.launcher3/.CustomizationPanelLauncher,wp,wa,157
02-12 22:02:00.939  6397  6435 I MicroDataManager: isInitializedWithLatestParams-true
02-12 22:02:00.939  6397  6435 I MicroDataManager: isInitializing-false locale not changed-true model not changed-true
02-12 22:02:00.939 23619 23619 I Finsky  : [2] ppb.onTrimMemory(1): Memory trim requested to level 80
02-12 22:02:00.939  6397  6435 I MicroDataManager: Already initialized, obtaining the hotword data immediately.
02-12 22:02:00.946  6397 27787 I MicroRecognitionRunner: Starting detection.
02-12 22:02:00.946  6397 27787 I InputStreamUtils: Using micInputStream
02-12 22:02:00.948  6397 28066 I MicrophoneInputStream: mic_starting  SR : 16000 CC : 16 SO : 1999
02-12 22:02:00.951   788  1479 V msm8974_platform: platform_check_input_mask: enter check_input_mask source 6 mask 10
02-12 22:02:00.953  1012 24643 I AudioFlinger: AudioFlinger's thread 0xb2483d80 tid=24643 ready to run
02-12 22:02:00.957   788  1479 D audio_hw_primary: in_set_parameters: enter: kvpairs=input_source=6;routing=-2147483644
02-12 22:02:00.958  1012 11919 D APM_AudioPolicyManager: AudioPolicyManager::startInput() input 136470, session 136553, source = 1999
02-12 22:02:00.960  6397 28066 I MicrophoneInputStream: mic_started  SR : 16000 CC : 16 SO : 1999
02-12 22:02:00.962   788 24644 V msm8974_platform: platform_update_usecase_from_source: input source :6
02-12 22:02:00.962   788 24644 V msm8974_platform: platform_check_input_mask: enter check_input_mask source 6 mask 10
02-12 22:02:00.962   788 24644 V msm8974_platform: platform_get_input_snd_device: enter: out_device(0) in_device(0x4) channel_count (1) channel_mask (0x10)
02-12 22:02:00.962   788 24644 V msm8974_platform: platform_get_input_snd_device: exit: in_snd_device(voice-rec-mic)
02-12 22:02:00.962   788 24644 V msm8974_platform: platform_get_backend_index:napb: backend port - 5 device - 120 
02-12 22:02:00.962   788 24644 V msm8974_platform: platform_check_and_set_capture_backend_cfg:txbecf: afe: bitwidth 0, samplerate 0, channel 1, backend_idx 5 usecase = 9 device (voice-rec-mic)
02-12 22:02:00.962   788 24644 V msm8974_platform: platform_check_capture_backend_cfg:txbecf: afe: Codec selected backend: 5 current bit width: 0 and sample rate: 0, channels 1
02-12 22:02:00.962   788 24644 V msm8974_platform: platform_check_capture_backend_cfg:txbecf: afe: Codec selected backend: 5 updated bit width: 0 and sample rate: 0
02-12 22:02:00.962   788 24644 I msm8974_platform: platform_check_capture_backend_cfg:txbecf: afe: Codec backend needs to be updated. new bit width: 0 new sample rate: 0 new channel: 1
02-12 22:02:00.962   788 24644 V msm8974_platform: platform_get_backend_index:napb: backend port - 5 device - 120 
02-12 22:02:00.962   788 24644 V msm8974_platform: platform_set_backend_cfg:becf: afe: bitwidth 0, samplerate 0 channels 1, backend_idx 5 device (voice-rec-mic)
02-12 22:02:00.963   788 24644 E msm8974_platform: platform_set_backend_cfg:becf: afe: Could not get ctl for mixer command - SLIM_0_TX Format
02-12 22:02:00.963   788 24644 V msm8974_platform: platform_send_audio_calibration: sending audio calibration for snd_device(120) acdb_id(62)
02-12 22:02:00.963   788 24644 D ACDB-LOADER: ACDB -> send_audio_cal, acdb_id = 62, path = 1, app id = 0x11130, sample rate = 48000
02-12 22:02:00.963   788 24644 D ACDB-LOADER: ACDB -> send_asm_topology
02-12 22:02:00.963   788 24644 D ACDB-LOADER: ACDB -> ACDB_CMD_GET_AUDPROC_STREAM_TOPOLOGY_ID
02-12 22:02:00.963   788 24644 D ACDB-LOADER: ACDB -> send_adm_topology
02-12 22:02:00.963   788 24644 D ACDB-LOADER: ACDB -> ACDB_CMD_GET_AUDPROC_COMMON_TOPOLOGY_ID
02-12 22:02:00.963   788 24644 D ACDB-LOADER: ACDB -> send_audtable
02-12 22:02:00.964   788 24644 D ACDB-LOADER: ACDB -> ACDB_CMD_GET_AUDPROC_COMMON_TABLE_SIZE
02-12 22:02:00.964   788 24644 D ACDB-LOADER: ACDB -> ACDB_CMD_GET_AUDPROC_COMMON_TABLE
02-12 22:02:00.964   788 24644 D ACDB-LOADER: ACDB -> AUDIO_SET_AUDPROC_CAL
02-12 22:02:00.964   788 24644 D ACDB-LOADER: ACDB -> send_audvoltable
02-12 22:02:00.964   788 24644 D ACDB-LOADER: ACDB -> ACDB_CMD_GET_AUDPROC_VOL_STEP_TABLE_SIZE
02-12 22:02:00.964   788 24644 D ACDB-LOADER: ACDB -> ACDB_CMD_GET_AUDPROC_GAIN_DEP_STEP_TABLE, vol index 0
02-12 22:02:00.964   788 24644 D         : Failed to fetch the lookup information of the device 0000003E 
02-12 22:02:00.964   788 24644 D ACDB-LOADER: ACDB -> AUDIO_SET_VOL_CAL cal type = 12
02-12 22:02:00.964   788 24644 D ACDB-LOADER: ACDB -> ACDB_CMD_GET_AUDPROC_STREAM_TABLE_SIZE
02-12 22:02:00.964   788 24644 D ACDB-LOADER: ACDB -> send_audstrmtable
02-12 22:02:00.964   788 24644 D ACDB-LOADER: ACDB -> ACDB_CMD_GET_AUDPROC_STREAM_TABLE_V2
02-12 22:02:00.964   788 24644 D ACDB-LOADER: ACDB -> audstrm_cal->cal_type.cal_data.cal_size = 456
02-12 22:02:00.964   788 24644 D ACDB-LOADER: ACDB -> send_afe_topology
02-12 22:02:00.964   788 24644 D ACDB-LOADER: ACDB -> ACDB_CMD_GET_AFE_TOPOLOGY_ID
02-12 22:02:00.964   788 24644 D ACDB-LOADER: ACDB -> GET_AFE_TOPOLOGY_ID for adcd_id 62, Topology Id 112fb
02-12 22:02:00.964   788 24644 D ACDB-LOADER: ACDB -> send_afe_cal
02-12 22:02:00.964   788 24644 D ACDB-LOADER: ACDB -> ACDB_CMD_GET_AFE_COMMON_TABLE_SIZE
02-12 22:02:00.964   788 24644 D         : Failed to fetch the lookup information of the device 0000003E 
02-12 22:02:00.964   788 24644 E ACDB-LOADER: Error: ACDB_CMD_GET_AFE_COMMON_TABLE_SIZE Returned = -19
02-12 22:02:00.964   788 24644 D ACDB-LOADER: ACDB -> ACDB_CMD_GET_AFE_COMMON_TABLE
02-12 22:02:00.964   788 24644 D         : Failed to fetch the lookup information of the device 0000003E 
02-12 22:02:00.964   788 24644 D ACDB-LOADER: ACDB -> AUDIO_SET_AFE_CAL
02-12 22:02:00.964   788 24644 D ACDB-LOADER: ACDB -> send_hw_delay : acdb_id = 62 path = 1
02-12 22:02:00.965   788 24644 D ACDB-LOADER: ACDB -> ACDB_AVSYNC_INFO: ACDB_CMD_GET_DEVICE_PROPERTY
02-12 22:02:00.965   788 24644 D audio_hw_primary: enable_snd_device: snd_device(120: voice-rec-mic)
02-12 22:02:00.965   788 24644 D audio_route: Apply path: voice-rec-mic
02-12 22:02:00.968   788 24644 V msm8974_platform: platform_get_snd_device_backend_index: enter with device 120
02-12 22:02:00.968   788 24644 E msm8974_platform: platform_get_snd_device_backend_index: BE DAI Name Table is not present
02-12 22:02:00.968   788 24644 V msm8974_platform: platform_get_backend_index:napb: backend port - 5 device - 120 
02-12 22:02:00.968   788 24644 I audio_hw_utils: Set Audio Stream Capture 0 App Type Cfg: app_type 69936, acdb_dev_id 62, sample_rate 48000, snd_device_be_idx -14
02-12 22:02:00.968   788 24644 D audio_hw_primary: enable_audio_route: usecase(9) apply and update mixer path: audio-record
02-12 22:02:00.968   788 24644 D audio_route: Apply path: audio-record
02-12 22:02:01.037  6397  6444 I MicroDetectionWorker: onReady
02-12 22:02:01.087  2146  2165 I zygote  : NativeAlloc concurrent copying GC freed 18622(990KB) AllocSpace objects, 0(0B) LOS objects, 49% free, 9MB/18MB, paused 124us total 136.898ms
02-12 22:02:01.349  1456  7796 I OpenGLRenderer: Initialized EGL, version 1.4
02-12 22:02:01.349  1456  7796 D OpenGLRenderer: Swap behavior 2
02-12 22:02:01.378  2748  2917 W OpenGLRenderer: Incorrectly called buildLayer on View: ShortcutAndWidgetContainer, destroying layer...
02-12 22:02:01.486 24359 24359 D GeckoRuntime: Lifecycle: onPause
02-12 22:02:01.486 24359 24359 D GeckoNetworkManager: Incoming event stop for state OnWithListeners -> OffWithListeners
02-12 22:02:01.487 24359 24359 I SessionStorage/AutoSave: Save: Background
02-12 22:02:01.492 24359 24419 D SessionStorage/AutoSave: Saved state to disk [4ms]
02-12 22:02:01.493 24359 24384 I libglean_ffi: glean_core::ping: Collecting baseline
02-12 22:02:01.498 24359 24384 D libglean_ffi: glean_core::ping: Storing ping '8ac01d6a-dd39-4320-9b00-49c6bc72fd75' at '/data/user/0/org.mozilla.fenix.nightly/glean_data/pending_pings/8ac01d6a-dd39-4320-9b00-49c6bc72fd75'
02-12 22:02:01.499 24359 24384 I libglean_ffi: glean_core: The ping 'baseline' was submitted and will be sent as soon as possible
02-12 22:02:01.503 24359 24384 I libglean_ffi: glean_core::ping: Collecting events
02-12 22:02:01.507 24359 24384 D libglean_ffi: glean_core::ping: Storing ping 'a0b0f624-a478-4d58-88f8-9b3354c5cf34' at '/data/user/0/org.mozilla.fenix.nightly/glean_data/pending_pings/a0b0f624-a478-4d58-88f8-9b3354c5cf34'
02-12 22:02:01.507 24359 24384 I libglean_ffi: glean_core: The ping 'events' was submitted and will be sent as soon as possible
02-12 22:02:01.541   808   898 I SFPerfTracer:      triggers: (rate: 0:0) (0 sw vsyncs) (0 skipped) (38:3657544 vsyncs) (40:6455820)
02-12 22:02:05.952  1456  4250 I ActivityManager: Force stopping org.mozilla.fenix.nightly appid=10966 user=0: from pid 24649
02-12 22:02:05.953  1456  4250 I ActivityManager: Killing 24359:org.mozilla.fenix.nightly/u0a966 (adj 700): stop org.mozilla.fenix.nightly
02-12 22:02:05.956 24466 24466 I ServiceChildProcess: Service has been unbound. Stopping.
02-12 22:02:05.956  1456  1605 W zygote  : kill(-24359, 9) failed: No such process
02-12 22:02:05.958  1456  4250 W ActivityManager: Force removing ActivityRecord{b6d4518 u0 org.mozilla.fenix.nightly/org.mozilla.fenix.HomeActivity t25278}: app died, no saved state
02-12 22:02:05.958 24484 24484 I ServiceChildProcess: Service has been unbound. Stopping.
02-12 22:02:05.966  1456  4250 I ActivityManager: Killing 24484:org.mozilla.fenix.nightly:socket/u0a966 (adj 0): stop org.mozilla.fenix.nightly
02-12 22:02:05.971  1456  4250 I ActivityManager: Killing 24466:org.mozilla.fenix.nightly:tab/u0a966 (adj 0): stop org.mozilla.fenix.nightly
02-12 22:02:05.973  1456  1605 W zygote  : kill(-24359, 9) failed: No such process
02-12 22:02:05.983  2398  2398 D CarrierSvcBindHelper: No carrier app for: 0
02-12 22:02:05.985  2398  2398 D CarrierSvcBindHelper: No carrier app for: 1
02-12 22:02:05.988  1456  1605 W zygote  : kill(-24359, 9) failed: No such process
02-12 22:02:06.046  1456  1605 I chatty  : uid=1000(system) ActivityManager identical 4 lines
02-12 22:02:06.050  1456  1673 W ActivityManager: setHasOverlayUi called on unknown pid: 24359
02-12 22:02:06.062  1456  1605 W zygote  : kill(-24359, 9) failed: No such process
02-12 22:02:06.062  1456  1605 I zygote  : Successfully killed process cgroup uid 10966 pid 24359 in 105ms
02-12 22:02:06.062  1456  1605 W zygote  : kill(-24484, 9) failed: No such process
02-12 22:02:06.062  1456  1605 I zygote  : Successfully killed process cgroup uid 10966 pid 24484 in 0ms
02-12 22:02:06.062  1456  1605 W zygote  : kill(-24466, 9) failed: No such process
02-12 22:02:06.063  1456  1605 I zygote  : Successfully killed process cgroup uid 10966 pid 24466 in 0ms
02-12 22:02:06.083  1456  2916 I ActivityManager: START u0 {act=android.intent.action.VIEW dat=about:blank typ=text/html flg=0x10000000 cmp=org.mozilla.fenix.nightly/org.mozilla.fenix.IntentReceiverActivity} from uid 2000
02-12 22:02:06.084   794   839 E ANDR-PERF-RESOURCEQS: Failed to apply optimization [4, 0]
02-12 22:02:06.104  1456  5031 I ActivityManager: Start proc 24657:org.mozilla.fenix.nightly/u0a966 for activity org.mozilla.fenix.nightly/org.mozilla.fenix.IntentReceiverActivity
02-12 22:02:06.191  6397  6444 I MicroDetectionState: Should stop hotword detection immediately - false
02-12 22:02:06.192  6397  6444 I MicroDetector: Keeping mic open: false
02-12 22:02:06.192  6397  6444 I RecognitionAudioControl: #shutdownAudio [requestId: -4003548454770384191, keepAudioOpen: false, forced: true]
02-12 22:02:06.192  6397 27740 E DeviceStateChecker: DeviceStateChecker cancelled
02-12 22:02:06.192  6397  6444 I RecognitionAudioControl: #internalShutdownAudio [requestId: -4003548454770384191]
02-12 22:02:06.192  6397  6444 I RecognitionAudioControl: #internalShutdownAudio [keepAudioOpen: false, forced: true]
02-12 22:02:06.192  6397  6444 I RecognitionAudioControl: #actualShutdownAudio
02-12 22:02:06.192  6397  6444 I AudioController: #shutdown [requestId=-4003548454770384191]
02-12 22:02:06.192  6397  6443 I AudioController: internalShutdown
02-12 22:02:06.193  6397  6445 I MicroRecognitionRunner: Stopping hotword detection.
02-12 22:02:06.232 24657 24657 D FirebaseApp: com.google.firebase.auth.FirebaseAuth is not linked. Skipping initialization.
02-12 22:02:06.233 24657 24657 D FirebaseApp: com.google.firebase.crash.FirebaseCrash is not linked. Skipping initialization.
02-12 22:02:06.233 24657 24657 I FirebaseInitProvider: FirebaseApp initialization successful
02-12 22:02:06.237   788  1479 D audio_hw_primary: disable_audio_route: usecase(9) reset and update mixer path: audio-record
02-12 22:02:06.238   788  1479 D audio_hw_primary: disable_snd_device: snd_device(120: voice-rec-mic)
02-12 22:02:06.239  1012 11919 D APM_AudioPolicyManager: stopInput() input 136470, session 136553
02-12 22:02:06.240   788  1401 D audio_hw_primary: in_set_parameters: enter: kvpairs=routing=0
02-12 22:02:06.241  6397  6443 I MicrophoneInputStream: mic_close  SR : 16000 CC : 16 SO : 1999
02-12 22:02:06.242  6397  6443 E AudioSource: Stop listening is called on already closed AudioSource
02-12 22:02:06.243  6397 27787 I MicroRecognitionRunner: Detection finished
02-12 22:02:06.298 24657 24676 I FA      : Collection disabled with firebase_analytics_collection_enabled=0
02-12 22:02:06.299 24657 24676 I FA      : App measurement is starting up, version: 12780
02-12 22:02:06.299 24657 24676 I FA      : To enable debug logging run: adb shell setprop log.tag.FA VERBOSE
02-12 22:02:06.300 24657 24676 I FA      : To enable faster debug mode event logging run:
02-12 22:02:06.300 24657 24676 I FA      :   adb shell setprop debug.firebase.analytics.app org.mozilla.fenix.nightly
02-12 22:02:06.309 24657 24657 D FenixApplication: Initializing Glean (uploadEnabled=true, isFennec=false)
02-12 22:02:06.323  1456  2204 D ConnectivityService: requestNetwork for uid/pid:10966/24657 NetworkRequest [ TRACK_DEFAULT id=26806, [ Capabilities: INTERNET&NOT_RESTRICTED&TRUSTED&NOT_VPN] ]
02-12 22:02:06.324  1456  2099 D Ethernet: got request NetworkRequest [ TRACK_DEFAULT id=26806, [ Capabilities: INTERNET&NOT_RESTRICTED&TRUSTED&NOT_VPN] ] with score 0
02-12 22:02:06.324  1456  2054 D WIFI_UT : got request NetworkRequest [ TRACK_DEFAULT id=26806, [ Capabilities: INTERNET&NOT_RESTRICTED&TRUSTED&NOT_VPN] ] with score 0
02-12 22:02:06.324  2398  2398 D PhoneSwitcherNetworkRequstListener: got request NetworkRequest [ TRACK_DEFAULT id=26806, [ Capabilities: INTERNET&NOT_RESTRICTED&TRUSTED&NOT_VPN] ] with score 0
02-12 22:02:06.324  1456  2054 D WIFI    : got request NetworkRequest [ TRACK_DEFAULT id=26806, [ Capabilities: INTERNET&NOT_RESTRICTED&TRUSTED&NOT_VPN] ] with score 0
02-12 22:02:06.331 24657 24657 D libglean_ffi: glean_ffi: Android logging should be hooked up!
02-12 22:02:06.334 24657 24657 I glean/Glean: Registering pings for mozilla.telemetry.glean.GleanMetrics.Pings
02-12 22:02:06.338 24657 24657 I libglean_ffi: glean_core: Creating new Glean
02-12 22:02:06.338 24657 24657 D libglean_ffi: glean_core::database: Database path: "/data/user/0/org.mozilla.fenix.nightly/glean_data/db"
02-12 22:02:06.339 24657 24657 I libglean_ffi: glean_core::database: Database initialized
02-12 22:02:06.339 24657 24657 I libglean_ffi: glean_ffi: Glean initialized
02-12 22:02:06.357 24657 24657 D glean/MetricsPingSched: The 'metrics' ping was last sent on Wed Feb 12 00:00:00 EST 2020
02-12 22:02:06.358 24657 24657 I glean/MetricsPingSched: The 'metrics' ping was already sent today, Wed Feb 12 22:02:06 EST 2020.
02-12 22:02:06.358 24657 24657 D glean/MetricsPingSched: Scheduling the 'metrics' ping in 21473655ms
02-12 22:02:06.360 24657 24685 D libglean_ffi: glean_core: Clearing Lifetime::Application metrics
02-12 22:02:06.361 24657 24657 I glean/Dispatchers: Task queued for execution and delayed until flushed
02-12 22:02:06.367 24657 24688 D RustNativeSupport: findMegazordLibraryName(viaduct, 0.50.0
02-12 22:02:06.368 24657 24688 D RustNativeSupport: lib in use: none
02-12 22:02:06.368 24657 24688 D RustNativeSupport: lib configured: fenix
02-12 22:02:06.368 24657 24688 D RustNativeSupport: lib version configured: 0.50.0
02-12 22:02:06.368 24657 24688 D RustNativeSupport: settled on fenix
02-12 22:02:06.380 24657 24662 I zygote  : Do partial code cache collection, code=17KB, data=16KB
02-12 22:02:06.382 24657 24662 I zygote  : After code cache collection, code=17KB, data=16KB
02-12 22:02:06.382 24657 24662 I zygote  : Increasing code cache capacity to 128KB
02-12 22:02:06.384 24657 24688 D RustNativeSupport: findMegazordLibraryName(rustlog, 0.50.0
02-12 22:02:06.384 24657 24688 D RustNativeSupport: lib in use: none
02-12 22:02:06.385 24657 24688 D RustNativeSupport: lib configured: fenix
02-12 22:02:06.385 24657 24688 D RustNativeSupport: lib version configured: 0.50.0
02-12 22:02:06.385 24657 24688 D RustNativeSupport: settled on fenix
02-12 22:02:06.388 24657 24688 I rc_log_ffi::ios: rc_log adapter initialized!
02-12 22:02:06.431 24657 24657 D GeckoThread: State changed to LAUNCHED
02-12 22:02:06.432 24657 24694 I GeckoThread: preparing to run Gecko
02-12 22:02:06.439 24657 24657 D GeckoRuntime: Lifecycle: onCreate
02-12 22:02:06.439 24657 24694 D GeckoThread: State changed to MOZGLUE_READY
02-12 22:02:06.451 24657 24694 W Settings: Setting animator_duration_scale has moved from android.provider.Settings.System to android.provider.Settings.Global, returning read-only global URI.
02-12 22:02:06.452 24657 24657 I zygote  : Deoptimizing java.lang.Object androidx.collection.SimpleArrayMap.put(java.lang.Object, java.lang.Object) due to JIT inline cache
02-12 22:02:06.452 24657 24694 E GeckoLibLoad: Load sqlite start
02-12 22:02:06.458 24657 24657 D GleanMetricsService: Enabling Glean.
02-12 22:02:06.472 24657 24694 W GeckoLinker: /data/app/org.mozilla.fenix.nightly-yLYE7Q4mV0o5IxtjvSKHTA==/lib/arm/libnss3.so: unhandled flags #8 not handled
02-12 22:02:06.475 24657 24685 I libglean_ffi: glean_core: Upload enabled: true
02-12 22:02:06.478 24657 24694 W GeckoLinker: /data/app/org.mozilla.fenix.nightly-yLYE7Q4mV0o5IxtjvSKHTA==/lib/arm/libnss3.so: Relocation to NULL @0x001b8ffc for symbol "__cxa_type_match"
02-12 22:02:06.479 24657 24694 E GeckoLibLoad: Load sqlite done
02-12 22:02:06.479 24657 24694 E GeckoLibLoad: Load nss start
02-12 22:02:06.479 24657 24694 E GeckoLibLoad: Load nss done
02-12 22:02:06.479 24657 24694 W GeckoLinker: /data/app/org.mozilla.fenix.nightly-yLYE7Q4mV0o5IxtjvSKHTA==/lib/arm/libxul.so: unhandled flags #8 not handled
02-12 22:02:06.480 24657 24694 W GeckoLinker: /data/app/org.mozilla.fenix.nightly-yLYE7Q4mV0o5IxtjvSKHTA==/lib/arm/liblgpllibs.so: unhandled flags #8 not handled
02-12 22:02:06.498 24657 24657 W [WARNING][Leanplum]: [com.leanplum.internal.ActionManager::getLocationManager::8]: Geofencing support requires leanplum-location module and Google Play Services v8.1 and higher.
02-12 22:02:06.498 24657 24657 W [WARNING][Leanplum]: Add this to your build.gradle file:
02-12 22:02:06.498 24657 24657 W [WARNING][Leanplum]: implementation 'com.google.android.gms:play-services-location:8.3.0+'
02-12 22:02:06.498 24657 24657 W [WARNING][Leanplum]: implementation 'com.leanplum:leanplum-location:+'
02-12 22:02:06.500 24657 24657 I [INFO][Leanplum]: [com.leanplum.monitoring.ExceptionHandler::setContext::6]: LeanplumExceptionHandler could not initialize Exception Reporting.This is expected if you have not included the leanplum-monitoring module
02-12 22:02:06.513 24657 24697 I [INFO][Leanplum]: [com.leanplum.LeanplumFcmProvider::isManifestSetup::11]: Firebase Messaging is setup correctly.
02-12 22:02:06.523 24657 24694 E GeckoLibLoad: Loaded libs in 43.789223ms total, 20ms(100ms) user, 13ms(43ms) system, 0(0) faults
02-12 22:02:06.523 24657 24657 I FirefoxAccountStateMachine: Enabling/updating sync with a new SyncConfig: SyncConfig(supportedEngines=[mozilla.components.service.fxa.SyncEngine$History@924e6eb, mozilla.components.service.fxa.SyncEngine$Bookmarks@7d41c48, mozilla.components.service.fxa.SyncEngine$Passwords@d9e2ae1], syncPeriodInMinutes=240)
02-12 22:02:06.523 24657 24694 D GeckoThread: State changed to LIBS_READY
02-12 22:02:06.525 24657 24694 W GeckoThread: zerdatime 14091020292 - runGecko
02-12 22:02:06.528 24657 24657 I BgSyncManager: Periodic syncing enabled at a 240 interval
02-12 22:02:06.528 24657 24657 I FirefoxAccountStateMachine: Sync is enabled
02-12 22:02:06.528 24657 24694 D GeckoProfile: Loading profile at: null name: default
02-12 22:02:06.529 24657 24657 D PushConfig: Creating push configuration for autopush.
02-12 22:02:06.530 24657 24694 D GeckoProfile: Found profile dir: /data/user/0/org.mozilla.fenix.nightly/files/mozilla/yetxzkrb.default
02-12 22:02:06.542 24657 24708 I FirefoxAccountStateMachine: Processing event Event$Init for state Start. Next state is Start
02-12 22:02:06.542 24657 24657 I App     : AutoPushFeature is configured, initializing it...
02-12 22:02:06.542 24657 24657 I AutoPushFeature: Checking validity of push subscriptions.
02-12 22:02:06.556 24657 24708 I FirefoxAccountStateMachine: Ran 'Event$Init' side-effects for state Start, got successive event Event$AccountNotFound
02-12 22:02:06.556 24657 24708 I FirefoxAccountStateMachine: Processing event Event$AccountNotFound for state Start. Next state is NotAuthenticated
02-12 22:02:06.558 24657 24708 D RustNativeSupport: findMegazordLibraryName(fxaclient, 0.50.0
02-12 22:02:06.559 24657 24708 D RustNativeSupport: lib in use: none
02-12 22:02:06.559 24657 24708 D RustNativeSupport: lib configured: fenix
02-12 22:02:06.559 24657 24708 D RustNativeSupport: lib version configured: 0.50.0
02-12 22:02:06.559 24657 24708 D RustNativeSupport: settled on fenix
02-12 22:02:06.561 24657 24708 D fxaclient_ffi: fxa_new
02-12 22:02:06.580 24657 24657 D GeckoRuntime: Lifecycle: onStart
02-12 22:02:06.587 24657 24657 I [INFO][Leanplum]: [com.leanplum.internal.RequestOld::sendIfConnected::4]: Device is offline, will send later
02-12 22:02:06.605 24657 24657 D GeckoRuntime: Lifecycle: onResume
02-12 22:02:06.606 24657 24657 D GeckoNetworkManager: Incoming event start for state OffNoListeners -> OnNoListeners
02-12 22:02:06.607 24657 24657 D GeckoNetworkManager: New network state: DOWN, NONE, UNKNOWN
02-12 22:02:06.625 24657 24717 D OpenGLRenderer: HWUI GL Pipeline
02-12 22:02:06.637 24657 24657 I glean/Glean: Registering pings for org.mozilla.fenix.GleanMetrics.Pings
02-12 22:02:06.664 24657 24657 D App     : ActivationPing - already generated
02-12 22:02:06.720 24657 24662 I zygote  : Do partial code cache collection, code=53KB, data=36KB
02-12 22:02:06.723 24657 24662 I zygote  : After code cache collection, code=51KB, data=35KB
02-12 22:02:06.723 24657 24662 I zygote  : Increasing code cache capacity to 256KB
02-12 22:02:06.767  1456  2916 I ActivityManager: START u0 {act=android.intent.action.VIEW dat=about:blank typ=text/html flg=0x10000000 cmp=org.mozilla.fenix.nightly/org.mozilla.fenix.HomeActivity (has extras)} from uid 10966
02-12 22:02:06.776 24657 24657 D GeckoNetworkManager: Incoming event receivedUpdate for state OnNoListeners -> OnNoListeners
02-12 22:02:06.779 24657 24657 D GeckoNetworkManager: New network state: DOWN, NONE, UNKNOWN
02-12 22:02:06.793 24657 24717 I Adreno  : QUALCOMM build                   : bb5b86c, I77d3059488
02-12 22:02:06.793 24657 24717 I Adreno  : Build Date                       : 06/07/18
02-12 22:02:06.793 24657 24717 I Adreno  : OpenGL ES Shader Compiler Version: EV031.22.00.01_06
02-12 22:02:06.793 24657 24717 I Adreno  : Local Branch                     : 
02-12 22:02:06.793 24657 24717 I Adreno  : Remote Branch                    : refs/tags/AU_LINUX_ANDROID_LA.UM.6.5.R1.08.01.00.312.086
02-12 22:02:06.793 24657 24717 I Adreno  : Remote Branch                    : NONE
02-12 22:02:06.793 24657 24717 I Adreno  : Reconstruct Branch               : NOTHING
02-12 22:02:06.794 24657 24717 D vndksupport: Loading /vendor/lib/hw/gralloc.msm8937.so from current namespace instead of sphal namespace.
02-12 22:02:06.802 24657 24717 I Adreno  : PFP: 0x005ff087, ME: 0x005ff063
02-12 22:02:06.813 24657 24717 I zygote  : android::hardware::configstore::V1_0::ISurfaceFlingerConfigs::hasWideColorDisplay retrieved: 0
02-12 22:02:06.817 24657 24717 I OpenGLRenderer: Initialized EGL, version 1.4
02-12 22:02:06.818 24657 24717 D OpenGLRenderer: Swap behavior 2
02-12 22:02:06.827 24657 24741 D NetworkSecurityConfig: No Network Security Config specified, using platform default
02-12 22:02:06.849  1456  2204 I WindowManager: Keep hide if surface has never drawn Window{b1d3c5a u0 org.mozilla.fenix.nightly/org.mozilla.fenix.IntentReceiverActivity}
02-12 22:02:06.851  1456  2204 I WindowManager: Failed to capture screenshot of Token{cf50ddd ActivityRecord{794fdb4 u0 org.mozilla.fenix.nightly/org.mozilla.fenix.IntentReceiverActivity t25279 f}} appWin=Window{b1d3c5a u0 org.mozilla.fenix.nightly/org.mozilla.fenix.IntentReceiverActivity} drawState=1
02-12 22:02:06.877   808   808 I SFPerfTracer:      triggers: (rate: 51:552021) (compose: 0:6) (post: 0:17) (render: 0:14) (3:4829339 frames) (4:6402418)
02-12 22:02:06.877   808   808 D SFPerfTracer:        layers: (4:15) (NavigationBar#0 (0xb07df000): 0:545417) (StatusBar#0 (0xb07e3000): 0:1528348) (com.android.systemui.ImageWallpaper#0 (0xb07e7000): 0:47580) (Sprite#0 (0xb0733000): 0:317)* (DimLayerController/Stack=0#0 (0xb075a000): 0:3712)* (Sprite#1 (0xb077c000): 0:195)* (com.android.launcher3/com.android.launcher3.CustomizationPanelLauncher#0 (0xb0763000): 0:41)- (com.android.launcher3/com.android.launcher3.CustomizationPanelLauncher#1 (0xb0771000): 0:11)- (org.mozilla.fenix.nightly/org.mozilla.fenix.IntentReceiverActivity#0 (0xb0384000): 0:5)- (Splash Screen org.mozilla.fenix.nightly#0 (0xb039b000): 0:30)- (org.mozilla.fenix.nightly/org.mozilla.fenix.HomeActivity#0 (0xb010a000): 0:58)- (com.android.launcher3/com.android.launcher3.CustomizationPanelLauncher#0 (0xb0763000): 0:39)* (com.android.launcher3/com.android.launcher3.CustomizationPanelLauncher#1 (0xb0771000): 0:7) (org.mozilla.fenix.nightly/org.mozilla.fenix.IntentReceiverActivity#0 (0xb0384000): 4:5)* 
02-12 22:02:06.884  1456  1673 I LaunchCheckinHandler: Displayed org.mozilla.fenix.nightly/org.mozilla.fenix.IntentReceiverActivity,cp,ca,792
02-12 22:02:06.888 23619 23619 I Finsky  : [2] ppb.onTrimMemory(1): Memory trim requested to level 80
02-12 22:02:06.894 24657 24694 I Gecko:DumpUtils: Fifo watcher disabled via pref.
02-12 22:02:06.919 24657 24657 D PhoneWindow: Restoring navigation bar divider color to default value = 0x00000000
02-12 22:02:06.927 24657 24694 D GeckoSysInfo: System memory: 1867MB.
02-12 22:02:06.930 24657 24694 D GeckoThread: State changed to JNI_READY
02-12 22:02:06.947  1456  2204 I ActivityManager: Start proc 24763:org.mozilla.fenix.nightly:tab/u0a966 for service org.mozilla.fenix.nightly/org.mozilla.gecko.process.GeckoServiceChildProcess$tab
02-12 22:02:06.979 24657 24657 I NavController: Ignoring popBackStack to destination org.mozilla.fenix.nightly:id/browserFragment as it was not found on the current back stack
02-12 22:02:07.067  1456  1471 I ActivityManager: Start proc 24781:org.mozilla.fenix.nightly:socket/u0a966 for service org.mozilla.fenix.nightly/org.mozilla.gecko.process.GeckoServiceChildProcess$socket
02-12 22:02:07.087 24763 24763 D GeckoThread: State changed to LAUNCHED
02-12 22:02:07.088 24763 24794 I GeckoThread: preparing to run Gecko
02-12 22:02:07.158 24657 24719 D RustNativeSupport: findMegazordLibraryName(places, 0.50.0
02-12 22:02:07.158 24657 24719 D RustNativeSupport: lib in use: none
02-12 22:02:07.158 24657 24719 D RustNativeSupport: lib configured: fenix
02-12 22:02:07.158 24657 24719 D RustNativeSupport: lib version configured: 0.50.0
02-12 22:02:07.158 24657 24719 D RustNativeSupport: settled on fenix
02-12 22:02:07.162 24657 24719 D places_ffi: places_api_new
02-12 22:02:07.190 24781 24781 D GeckoThread: State changed to LAUNCHED
02-12 22:02:07.190 24781 24799 I GeckoThread: preparing to run Gecko
02-12 22:02:07.206 24657 24719 D sql_support::conn_ext: Transaction commited after 30.575212ms
