06-19 00:00:01.667  1456  2099 D Ethernet: got request NetworkRequest [ TRACK_DEFAULT id=70351, [ Capabilities: INTERNET&NOT_RESTRICTED&TRUSTED&NOT_VPN] ] with score 60
06-19 00:00:01.667  2398  2398 D PhoneSwitcherNetworkRequstListener: got request NetworkRequest [ TRACK_DEFAULT id=70351, [ Capabilities: INTERNET&NOT_RESTRICTED&TRUSTED&NOT_VPN] ] with score 60
06-19 00:00:01.667  1456  2054 D WIFI    : got request NetworkRequest [ TRACK_DEFAULT id=70351, [ Capabilities: INTERNET&NOT_RESTRICTED&TRUSTED&NOT_VPN] ] with score 60
06-19 00:00:01.872  1456  1673 I LaunchCheckinHandler: Displayed org.mozilla.fennec_aurora/org.mozilla.fenix.HomeActivity,wp,ca,722
06-19 00:00:01.872  6808  6945 I chatty  : uid=11425(org.mozilla.fennec_aurora) expire 5 lines
06-19 00:00:01.873  1456  1673 I ActivityManager: Displayed org.mozilla.fennec_aurora/org.mozilla.fenix.HomeActivity: +710ms (total +1s290ms)
06-19 00:00:01.890 15309 15309 I MemoryTrimmer: Trimming objects from memory, since app is in the background.
06-19 00:00:01.896  4387  4387 I Finsky  : [2] qyi.onTrimMemory(1): Memory trim requested to level 80
06-19 00:00:01.897 15309 15357 E AudioSource: Stop listening is called on already closed AudioSource
06-19 00:00:01.900 15309 15355 E chromium: [ERROR:aw_gl_functor.cc(102)] Received unexpected kModeProcessNoContext
06-19 00:00:01.900 15309 15355 E libEGL  : call to OpenGL ES API with no current context (logged once per thread)
06-19 00:00:01.901 15309 15309 I MemoryTrimmer: Trimming objects from memory, since app is in the background.
06-19 00:00:01.908  1456  6339 I WifiService: getWifiEnabledState uid=10073
06-19 00:00:01.910 15309 15357 W SearchServiceCore: Abort, client detached.
06-19 00:00:01.910 15309 15357 I chatty  : uid=10073(com.google.android.googlequicksearchbox) EventBus0 identical 1 line
06-19 00:00:01.912 15309 15357 W SearchServiceCore: Abort, client detached.
06-19 00:00:01.912 15309  6488 I PBSessionCacheImpl: Deleted sessionId[67331286385453903] from persistence.
06-19 00:00:02.036   808   808 I SFPerfTracer:      triggers: (rate: 103:2300261) (compose: 0:8) (post: 0:22) (render: 0:20) (6:13109563 frames) (7:16659074)
06-19 00:00:02.037   808   808 D SFPerfTracer:        layers: (4:13) (NavigationBar#0 (0xb07df000): 0:1268826) (StatusBar#0 (0xb07e3000): 0:3033181) (com.android.systemui.ImageWallpaper#0 (0xb07e7000): 0:117525)* (Sprite#0 (0xb0733000): 0:317)* (DimLayerController/Stack=0#0 (0xb075a000): 0:4039)* (Sprite#1 (0xb077c000): 0:195)* (Sprite#2 (0xb039b000): 0:2)* (org.mozilla.fennec_aurora/org.mozilla.fenix.HomeActivity#0 (0xafd20000): 0:77)- (com.android.launcher3/com.android.launcher3.CustomizationPanelLauncher#0 (0xb0763000): 0:42)- (com.android.launcher3/com.android.launcher3.CustomizationPanelLauncher#1 (0xb0771000): 0:17)- (Splash Screen org.mozilla.fennec_aurora#0 (0xafd20000): 0:19)- (Splash Screen org.mozilla.fennec_aurora#1 (0xafdf0000): 7:30) (org.mozilla.fennec_aurora/org.mozilla.fenix.HomeActivity#0 (0xafd20000): 7:12) 
06-19 00:00:02.093  1456  1466 I zygote  : Background concurrent copying GC freed 82928(5MB) AllocSpace objects, 31(1296KB) LOS objects, 33% free, 48MB/72MB, paused 200us total 451.929ms
06-19 00:00:02.139  1456  7556 I ActivityManager: Fully drawn org.mozilla.fennec_aurora/org.mozilla.fenix.HomeActivity: +988ms (total +1s568ms)
06-19 00:00:02.217  6808  6958 I chatty  : uid=11425(org.mozilla.fennec_aurora) expire 1 line
06-19 00:00:02.217  6808  6959 I chatty  : uid=11425(org.mozilla.fennec_aurora) expire 1 line
06-19 00:00:02.668   808   898 I SFPerfTracer:      triggers: (rate: 0:10) (0 sw vsyncs) (0 skipped) (42:8519880 vsyncs) (44:16806398)
06-19 00:00:02.771  6808  6841 I chatty  : uid=11425(org.mozilla.fennec_aurora) expire 1 line
06-19 00:00:02.776  1456  2067 D ConnectivityService: releasing NetworkRequest [ TRACK_DEFAULT id=70351, [ Capabilities: INTERNET&NOT_RESTRICTED&TRUSTED&NOT_VPN] ] (release request)
06-19 00:00:02.900  6808  6970 I chatty  : uid=11425(org.mozilla.fennec_aurora) expire 1 line
06-19 00:00:03.012  6808  6875 I chatty  : uid=11425(org.mozilla.fennec_aurora) expire 26 lines
06-19 00:00:03.100  6808  6843 I chatty  : uid=11425(org.mozilla.fennec_aurora) expire 1 line
06-19 00:00:03.213  4781  4831 W MC_StorageStatsAction: can't get emmc health status:java.io.FileNotFoundException: /sys/block/mmcblk0/device/device_life_time_est_typ_a (No such file or directory)
06-19 00:00:03.214  4781  4831 W MC_StorageStatsAction: can't get SD manufacturer info:java.io.FileNotFoundException: /sys/block/mmcblk1/device/manfid (No such file or directory)
06-19 00:00:03.216  4781  4831 I MCLOG   : DeviceLockStatsAction : onReceiveImpl() action:com.motorola.motocare.INTENT_PERFORM_ACTION
06-19 00:00:03.220  4781  4831 I MCLOG   : DeviceLockStatsReport : report() 
06-19 00:00:03.220  4781  4831 D Checkin : publish the event [tag = DEVICE_AUTH_STATS_L2 event name = DeviceLockStats]
06-19 00:00:03.222  4781  4831 I MCLOG   : DailyReportAction : onReceiveImpl() 
06-19 00:00:03.819  4781  4831 D Checkin : publish the event [tag = MOT_DEVICE_STATS event name = HourlyEvent]
06-19 00:00:04.084  4781  4831 I chatty  : uid=10053(com.motorola.motocare) MotoCareBgThrea identical 105 lines
06-19 00:00:04.087  4781  4831 D Checkin : publish the event [tag = MOT_DEVICE_STATS event name = HourlyEvent]
06-19 00:00:04.121  4781  4831 D Checkin : publish the event [tag = MOT_DEVICE_STATS_CHG event name = ChargerTrigger]
06-19 00:00:04.125  4781  4831 D Checkin : publish the event [tag = MOT_DEVICE_STATS event name = DataSizes]
06-19 00:00:04.128  4781  4831 D Checkin : publish the event [tag = MOT_DEVICE_STATS event name = RadioTypes]
06-19 00:00:04.131  4781  4831 D Checkin : publish the event [tag = MOT_DEVICE_STATS event name = SignalStrengths]
06-19 00:00:04.133  4781  4831 D Checkin : publish the event [tag = MOT_DEVICE_STATS event name = PhoneTimeStats]
06-19 00:00:04.213  4781  4831 D Checkin : publish the event [tag = MOT_DEVICE_STATS event name = DataSizesSOn]
06-19 00:00:04.216  4781  4831 D Checkin : publish the event [tag = MOT_DEVICE_STATS event name = RadioTypesSOn]
06-19 00:00:04.218  4781  4831 D Checkin : publish the event [tag = MOT_DEVICE_STATS event name = SignalStrengthsSOn]
06-19 00:00:04.221  4781  4831 D Checkin : publish the event [tag = MOT_DEVICE_STATS event name = PhoneTimeStatsSOn]
06-19 00:00:04.412  4781  4831 D Checkin : publish the event [tag = MOT_DEVICE_STATS event name = AppUsage]
06-19 00:00:04.436  4781  4831 D Checkin : publish the event [tag = MOT_CA_STATS_L1 event name = DC_SIGNALSTRENGTH]
06-19 00:00:04.486  4781  4831 D Checkin : publish the event [tag = MOT_CA_STATS_L1 event name = DC_BATTERY]
06-19 00:00:04.674  4781  4831 D Checkin : publish the event [tag = MOT_DEVICE_STATS event name = MidnightEvent]
06-19 00:00:04.677  4781  4831 D Checkin : publish the event [tag = MOT_DEVICE_STATS event name = EventLogs]
06-19 00:00:04.681  4781  4831 D Checkin : publish the event [tag = MOT_DEVICE_STATS_L1 event name = EventLogs]
06-19 00:00:04.728  4781  4831 D Checkin : publish the event [tag = MOT_DEVICE_STATS_L2 event name = EventLogs]
06-19 00:00:05.052  4781  4831 D Checkin : publish the event [tag = MOT_DEVICE_STATS_L2 event name = EventLogs]
06-19 00:00:05.057  4781  4831 D Checkin : publish the event [tag = MOT_CA_STATS_L2 event name = DC_PKG]
06-19 00:00:05.074  4781  4831 D Checkin : publish the event [tag = MOT_CA_STATS_L2 event name = DC_PKG]
06-19 00:00:06.017  4781  4831 D Checkin : publish the event [tag = MOT_DEVICE_STATS event name = MMCStats]
06-19 00:00:06.104  4781  4831 D Checkin : publish the event [tag = MOT_DEVICE_STATS event name = STORAGESTATS]
06-19 00:00:06.213  4781  4831 I MCLOG   : DailyReportAction : Completed daily reports
06-19 00:00:06.245  6997  6997 D AndroidRuntime: >>>>>> START com.android.internal.os.RuntimeInit uid 2000 <<<<<<
06-19 00:00:06.258  6997  6997 W app_process: Could not reserve sentinel fault page
06-19 00:00:06.426  6997  6997 I app_process: The ClassLoaderContext is a special shared library.
06-19 00:00:06.496  6997  6997 D AndroidRuntime: Calling main entry com.android.commands.input.Input
06-19 00:00:06.497  6997  6997 I Input   : injectKeyEvent: KeyEvent { action=ACTION_DOWN, keyCode=KEYCODE_HOME, scanCode=0, metaState=0, flags=0x0, repeatCount=0, eventTime=24611883106, downTime=24611883106, deviceId=-1, source=0x101 }
06-19 00:00:06.508  6997  6997 I Input   : injectKeyEvent: KeyEvent { action=ACTION_UP, keyCode=KEYCODE_HOME, scanCode=0, metaState=0, flags=0x0, repeatCount=0, eventTime=24611883106, downTime=24611883106, deviceId=-1, source=0x101 }
06-19 00:00:06.514  1456  1941 I ActivityManager: START u0 {act=android.intent.action.MAIN cat=[android.intent.category.HOME] flg=0x10200000 cmp=com.android.launcher3/.CustomizationPanelLauncher (has extras)} from uid 1000
06-19 00:00:06.514   794   839 E ANDR-PERF-RESOURCEQS: Failed to apply optimization [4, 0]
06-19 00:00:06.522  6997  6997 D AndroidRuntime: Shutting down VM
06-19 00:00:06.531  1456  2923 I ActivityManager: moveHomeStack, setupComplete:true
06-19 00:00:06.552 15309 15355 I OpenGLRenderer: Initialized EGL, version 1.4
06-19 00:00:06.553 15309 15355 D OpenGLRenderer: Swap behavior 2
06-19 00:00:06.563  4387  4387 I Finsky  : [2] qyi.onTrimMemory(1): Memory trim requested to level 80
06-19 00:00:06.564  2748  2748 D Launcher.Utilities: Wakeup weather: Intent { act=com.motorola.launcher3.action.WAKEUP_WEATHER cmp=com.motorola.timeweatherwidget/com.motorola.commandcenter.weather.WakeUpService }
06-19 00:00:06.571   808   808 D SurfaceFlinger: duplicate layer name: changing com.android.launcher3/com.android.launcher3.CustomizationPanelLauncher to com.android.launcher3/com.android.launcher3.CustomizationPanelLauncher#1
06-19 00:00:06.573  1456  1456 I NotificationService: Cannot find enqueued record for key: 0|com.motorola.timeweatherwidget|1|null|10116
06-19 00:00:06.600 15309 15337 W ThreadPoolDumper: Queue length for executor EventBus is now 11. Perhaps some tasks are too long, or the pool is too small.
06-19 00:00:06.602  1456  6339 I WifiService: getWifiEnabledState uid=10073
06-19 00:00:06.608  1456  6339 I WifiService: getWifiEnabledState uid=10073
06-19 00:00:06.652  1456  1673 I LaunchCheckinHandler: Displayed com.android.launcher3/.CustomizationPanelLauncher,wp,wa,138
06-19 00:00:06.658 15309 15309 I BgTaskExecutorImpl: Starting EXCLUSIVE background task TNG_MINUS_ONE_SYNC.
06-19 00:00:06.658 15309 15357 I MicroDetectionState: Should stop hotword detection immediately - false
06-19 00:00:06.659 15309 15345 E MDD     : DownloadProgressMonitor: Can't find file group for uri: android://com.google.android.googlequicksearchbox/files/sharedminusonemodule/shared/SharedMinusOneData.pb.tmp
06-19 00:00:06.663 15309 15357 I MicroDetectionWorker: #startMicroDetector [speakerMode: 0]
06-19 00:00:06.665 15309 15357 I AudioController: Created new AudioSource
06-19 00:00:06.670 15309 15349 I MicroDataManager: isInitializing-false locale not changed-true model not changed-true
06-19 00:00:06.671 15309 15357 I TngMinusOneSync: Syncing TNG:-1
06-19 00:00:06.671 15309 15349 I MicroDataManager: Already initialized, obtaining the hotword data immediately.
06-19 00:00:06.676 15309 28138 I MicroRecognitionRunner: Starting detection.
06-19 00:00:06.677 15309 28138 I InputStreamUtils: Using micInputStream
06-19 00:00:06.677 15309  8439 I MicrophoneInputStream: mic_starting  SR : 16000 CC : 16 SO : 1999
06-19 00:00:06.681   788  1479 V msm8974_platform: platform_check_input_mask: enter check_input_mask source 6 mask 10
06-19 00:00:06.683  1012  7011 I AudioFlinger: AudioFlinger's thread 0xb2483600 tid=7011 ready to run
06-19 00:00:06.690   788  1479 D audio_hw_primary: in_set_parameters: enter: kvpairs=input_source=6;routing=-2147483644
06-19 00:00:06.691  1012 19499 D APM_AudioPolicyManager: AudioPolicyManager::startInput() input 403222, session 403465, source = 1999
06-19 00:00:06.691 15309  8439 I MicrophoneInputStream: mic_started  SR : 16000 CC : 16 SO : 1999
06-19 00:00:06.693   788  7012 V msm8974_platform: platform_update_usecase_from_source: input source :6
06-19 00:00:06.693   788  7012 V msm8974_platform: platform_check_input_mask: enter check_input_mask source 6 mask 10
06-19 00:00:06.693   788  7012 V msm8974_platform: platform_get_input_snd_device: enter: out_device(0) in_device(0x4) channel_count (1) channel_mask (0x10)
06-19 00:00:06.693   788  7012 V msm8974_platform: platform_get_input_snd_device: exit: in_snd_device(voice-rec-mic)
06-19 00:00:06.693   788  7012 V msm8974_platform: platform_get_backend_index:napb: backend port - 5 device - 120 
06-19 00:00:06.693   788  7012 V msm8974_platform: platform_check_and_set_capture_backend_cfg:txbecf: afe: bitwidth 0, samplerate 0, channel 1, backend_idx 5 usecase = 9 device (voice-rec-mic)
06-19 00:00:06.693   788  7012 V msm8974_platform: platform_check_capture_backend_cfg:txbecf: afe: Codec selected backend: 5 current bit width: 0 and sample rate: 0, channels 1
06-19 00:00:06.693   788  7012 V msm8974_platform: platform_check_capture_backend_cfg:txbecf: afe: Codec selected backend: 5 updated bit width: 0 and sample rate: 0
06-19 00:00:06.693   788  7012 I msm8974_platform: platform_check_capture_backend_cfg:txbecf: afe: Codec backend needs to be updated. new bit width: 0 new sample rate: 0 new channel: 1
06-19 00:00:06.693   788  7012 V msm8974_platform: platform_get_backend_index:napb: backend port - 5 device - 120 
06-19 00:00:06.693   788  7012 V msm8974_platform: platform_set_backend_cfg:becf: afe: bitwidth 0, samplerate 0 channels 1, backend_idx 5 device (voice-rec-mic)
06-19 00:00:06.694   788  7012 E msm8974_platform: platform_set_backend_cfg:becf: afe: Could not get ctl for mixer command - SLIM_0_TX Format
06-19 00:00:06.694   788  7012 V msm8974_platform: platform_send_audio_calibration: sending audio calibration for snd_device(120) acdb_id(62)
06-19 00:00:06.694   788  7012 D ACDB-LOADER: ACDB -> send_audio_cal, acdb_id = 62, path = 1, app id = 0x11130, sample rate = 48000
06-19 00:00:06.694   788  7012 D ACDB-LOADER: ACDB -> send_asm_topology
06-19 00:00:06.694   788  7012 D ACDB-LOADER: ACDB -> ACDB_CMD_GET_AUDPROC_STREAM_TOPOLOGY_ID
06-19 00:00:06.694   788  7012 D ACDB-LOADER: ACDB -> send_adm_topology
06-19 00:00:06.694   788  7012 D ACDB-LOADER: ACDB -> ACDB_CMD_GET_AUDPROC_COMMON_TOPOLOGY_ID
06-19 00:00:06.694   788  7012 D ACDB-LOADER: ACDB -> send_audtable
06-19 00:00:06.694   788  7012 D ACDB-LOADER: ACDB -> ACDB_CMD_GET_AUDPROC_COMMON_TABLE_SIZE
06-19 00:00:06.694   788  7012 D ACDB-LOADER: ACDB -> ACDB_CMD_GET_AUDPROC_COMMON_TABLE
06-19 00:00:06.694   788  7012 D ACDB-LOADER: ACDB -> AUDIO_SET_AUDPROC_CAL
06-19 00:00:06.694   788  7012 D ACDB-LOADER: ACDB -> send_audvoltable
06-19 00:00:06.694   788  7012 D ACDB-LOADER: ACDB -> ACDB_CMD_GET_AUDPROC_VOL_STEP_TABLE_SIZE
06-19 00:00:06.694   788  7012 D ACDB-LOADER: ACDB -> ACDB_CMD_GET_AUDPROC_GAIN_DEP_STEP_TABLE, vol index 0
06-19 00:00:06.694   788  7012 D         : Failed to fetch the lookup information of the device 0000003E 
06-19 00:00:06.694   788  7012 D ACDB-LOADER: ACDB -> AUDIO_SET_VOL_CAL cal type = 12
06-19 00:00:06.694   788  7012 D ACDB-LOADER: ACDB -> ACDB_CMD_GET_AUDPROC_STREAM_TABLE_SIZE
06-19 00:00:06.694   788  7012 D ACDB-LOADER: ACDB -> send_audstrmtable
06-19 00:00:06.694   788  7012 D ACDB-LOADER: ACDB -> ACDB_CMD_GET_AUDPROC_STREAM_TABLE_V2
06-19 00:00:06.694   788  7012 D ACDB-LOADER: ACDB -> audstrm_cal->cal_type.cal_data.cal_size = 456
06-19 00:00:06.694   788  7012 D ACDB-LOADER: ACDB -> send_afe_topology
06-19 00:00:06.694   788  7012 D ACDB-LOADER: ACDB -> ACDB_CMD_GET_AFE_TOPOLOGY_ID
06-19 00:00:06.694   788  7012 D ACDB-LOADER: ACDB -> GET_AFE_TOPOLOGY_ID for adcd_id 62, Topology Id 112fb
06-19 00:00:06.694   788  7012 D ACDB-LOADER: ACDB -> send_afe_cal
06-19 00:00:06.694   788  7012 D ACDB-LOADER: ACDB -> ACDB_CMD_GET_AFE_COMMON_TABLE_SIZE
06-19 00:00:06.694   788  7012 D         : Failed to fetch the lookup information of the device 0000003E 
06-19 00:00:06.694   788  7012 E ACDB-LOADER: Error: ACDB_CMD_GET_AFE_COMMON_TABLE_SIZE Returned = -19
06-19 00:00:06.694   788  7012 D ACDB-LOADER: ACDB -> ACDB_CMD_GET_AFE_COMMON_TABLE
06-19 00:00:06.694   788  7012 D         : Failed to fetch the lookup information of the device 0000003E 
06-19 00:00:06.694   788  7012 D ACDB-LOADER: ACDB -> AUDIO_SET_AFE_CAL
06-19 00:00:06.694   788  7012 D ACDB-LOADER: ACDB -> send_hw_delay : acdb_id = 62 path = 1
06-19 00:00:06.694   788  7012 D ACDB-LOADER: ACDB -> ACDB_AVSYNC_INFO: ACDB_CMD_GET_DEVICE_PROPERTY
06-19 00:00:06.694   788  7012 D audio_hw_primary: enable_snd_device: snd_device(120: voice-rec-mic)
06-19 00:00:06.694   788  7012 D audio_route: Apply path: voice-rec-mic
06-19 00:00:06.699   788  7012 V msm8974_platform: platform_get_snd_device_backend_index: enter with device 120
06-19 00:00:06.699   788  7012 E msm8974_platform: platform_get_snd_device_backend_index: BE DAI Name Table is not present
06-19 00:00:06.699   788  7012 V msm8974_platform: platform_get_backend_index:napb: backend port - 5 device - 120 
06-19 00:00:06.699   788  7012 I audio_hw_utils: Set Audio Stream Capture 0 App Type Cfg: app_type 69936, acdb_dev_id 62, sample_rate 48000, snd_device_be_idx -14
06-19 00:00:06.699   788  7012 D audio_hw_primary: enable_audio_route: usecase(9) apply and update mixer path: audio-record
06-19 00:00:06.699   788  7012 D audio_route: Apply path: audio-record
06-19 00:00:06.769 15309 15357 I MicroDetectionWorker: onReady
06-19 00:00:06.866  6808  7014 I chatty  : uid=11425(org.mozilla.fennec_aurora) expire 10 lines
06-19 00:00:06.879  5625  5654 I PeriodicStatsRunner: PeriodicStatsRunner.call():180 call()
06-19 00:00:06.880  5625  5654 I PeriodicStatsRunner: PeriodicStatsRunner.call():184 No submit PeriodicStats since input started.
06-19 00:00:06.968  4387  4387 I Finsky  : [2] qyi.onTrimMemory(1): Memory trim requested to level 80
06-19 00:00:06.993  1456  5027 D ConnectivityService: requestNetwork for uid/pid:11425/6808 NetworkRequest [ TRACK_DEFAULT id=70352, [ Capabilities: INTERNET&NOT_RESTRICTED&TRUSTED&NOT_VPN] ]
06-19 00:00:06.994  1456  2099 D Ethernet: got request NetworkRequest [ TRACK_DEFAULT id=70352, [ Capabilities: INTERNET&NOT_RESTRICTED&TRUSTED&NOT_VPN] ] with score 60
06-19 00:00:06.994  1456  2054 D WIFI_UT : got request NetworkRequest [ TRACK_DEFAULT id=70352, [ Capabilities: INTERNET&NOT_RESTRICTED&TRUSTED&NOT_VPN] ] with score 60
06-19 00:00:06.994  1456  2054 D WIFI    : got request NetworkRequest [ TRACK_DEFAULT id=70352, [ Capabilities: INTERNET&NOT_RESTRICTED&TRUSTED&NOT_VPN] ] with score 60
06-19 00:00:06.994  2398  2398 D PhoneSwitcherNetworkRequstListener: got request NetworkRequest [ TRACK_DEFAULT id=70352, [ Capabilities: INTERNET&NOT_RESTRICTED&TRUSTED&NOT_VPN] ] with score 60
06-19 00:00:07.007  6808  7022 I chatty  : uid=11425(org.mozilla.fennec_aurora) expire 5 lines
06-19 00:00:07.050  1456  7796 I OpenGLRenderer: Initialized EGL, version 1.4
06-19 00:00:07.050  1456  7796 D OpenGLRenderer: Swap behavior 2
06-19 00:00:07.114  2748  2917 W OpenGLRenderer: Incorrectly called buildLayer on View: ShortcutAndWidgetContainer, destroying layer...
06-19 00:00:07.162  6808  6931 I chatty  : uid=11425(org.mozilla.fennec_aurora) expire 1 line
06-19 00:00:07.168  1456  2067 D ConnectivityService: releasing NetworkRequest [ TRACK_DEFAULT id=70352, [ Capabilities: INTERNET&NOT_RESTRICTED&TRUSTED&NOT_VPN] ] (release request)
06-19 00:00:07.182  5625  5654 I PeriodicStatsRunner: PeriodicStatsRunner.call():180 call()
06-19 00:00:07.182  5625  5654 I PeriodicStatsRunner: PeriodicStatsRunner.call():184 No submit PeriodicStats since input started.
06-19 00:00:07.225  6808  6873 I chatty  : uid=11425(org.mozilla.fennec_aurora) expire 1 line
06-19 00:00:07.268  1456  7556 D ConnectivityService: requestNetwork for uid/pid:11425/6808 NetworkRequest [ TRACK_DEFAULT id=70353, [ Capabilities: INTERNET&NOT_RESTRICTED&TRUSTED&NOT_VPN] ]
06-19 00:00:07.269  1456  2054 D WIFI_UT : got request NetworkRequest [ TRACK_DEFAULT id=70353, [ Capabilities: INTERNET&NOT_RESTRICTED&TRUSTED&NOT_VPN] ] with score 60
06-19 00:00:07.269  1456  2099 D Ethernet: got request NetworkRequest [ TRACK_DEFAULT id=70353, [ Capabilities: INTERNET&NOT_RESTRICTED&TRUSTED&NOT_VPN] ] with score 60
06-19 00:00:07.270  1456  2054 D WIFI    : got request NetworkRequest [ TRACK_DEFAULT id=70353, [ Capabilities: INTERNET&NOT_RESTRICTED&TRUSTED&NOT_VPN] ] with score 60
06-19 00:00:07.270  2398  2398 D PhoneSwitcherNetworkRequstListener: got request NetworkRequest [ TRACK_DEFAULT id=70353, [ Capabilities: INTERNET&NOT_RESTRICTED&TRUSTED&NOT_VPN] ] with score 60
06-19 00:00:07.288  6808  7024 I chatty  : uid=11425(org.mozilla.fennec_aurora) expire 9 lines
06-19 00:00:07.754  6808  6932 I chatty  : uid=11425(org.mozilla.fennec_aurora) expire 1 line
06-19 00:00:07.757  1456  2067 D ConnectivityService: releasing NetworkRequest [ TRACK_DEFAULT id=70353, [ Capabilities: INTERNET&NOT_RESTRICTED&TRUSTED&NOT_VPN] ] (release request)
06-19 00:00:11.608  5625  5654 I PeriodicStatsRunner: PeriodicStatsRunner.call():180 call()
06-19 00:00:11.608  5625  5654 I PeriodicStatsRunner: PeriodicStatsRunner.call():184 No submit PeriodicStats since input started.
06-19 00:00:11.678  1456  7556 I ActivityManager: Force stopping org.mozilla.fennec_aurora appid=11425 user=0: from pid 7027
06-19 00:00:11.678  1456  7556 I ActivityManager: Killing 6808:org.mozilla.fennec_aurora/u0a1425 (adj 700): stop org.mozilla.fennec_aurora
06-19 00:00:11.681  1456  1605 W zygote  : kill(-6808, 9) failed: No such process
06-19 00:00:11.683  1456  7556 W ActivityManager: Force removing ActivityRecord{fa1bb9d u0 org.mozilla.fennec_aurora/org.mozilla.fenix.HomeActivity t85980}: app died, no saved state
06-19 00:00:11.691  1456  7556 I ActivityManager: Killing 6904:org.mozilla.fennec_aurora:tab0/u0a1425 (adj 0): stop org.mozilla.fennec_aurora
06-19 00:00:11.695  1456  1605 W zygote  : kill(-6808, 9) failed: No such process
06-19 00:00:11.700  5625  5625 I AppBase : AppBase.onTrimMemory():615 onTrimMemory(): 10
06-19 00:00:11.700  5625  5625 I GoogleInputMethodService: GoogleInputMethodService.onTrimMemory():4225 onTrimMemory(): 10
06-19 00:00:11.707  2398  2398 D CarrierSvcBindHelper: No carrier app for: 0
06-19 00:00:11.709  2398  2398 D CarrierSvcBindHelper: No carrier app for: 1
06-19 00:00:11.710  1456  1605 W zygote  : kill(-6808, 9) failed: No such process
06-19 00:00:11.752  1456  1673 W ActivityManager: setHasOverlayUi called on unknown pid: 6808
06-19 00:00:11.759  1456  1605 W zygote  : kill(-6808, 9) failed: No such process
06-19 00:00:11.759  1456  1605 I zygote  : Successfully killed process cgroup uid 11425 pid 6808 in 78ms
06-19 00:00:11.759  1456  1605 W zygote  : kill(-6904, 9) failed: No such process
06-19 00:00:11.759  1456  1605 I zygote  : Successfully killed process cgroup uid 11425 pid 6904 in 0ms
06-19 00:00:11.829  1456  7796 I OpenGLRenderer: Initialized EGL, version 1.4
06-19 00:00:11.830  1456  7796 D OpenGLRenderer: Swap behavior 2
06-19 00:00:12.822  1456  2923 I ActivityManager: START u0 {act=android.intent.action.MAIN cat=[android.intent.category.LAUNCHER] flg=0x10000000 cmp=org.mozilla.fennec_aurora/.App} from uid 2000
06-19 00:00:12.822   794   839 E ANDR-PERF-RESOURCEQS: Failed to apply optimization [4, 0]
06-19 00:00:12.841  1456  2196 I ActivityManager: Start proc 7035:org.mozilla.fennec_aurora/u0a1425 for activity org.mozilla.fennec_aurora/.App
06-19 00:00:12.929 15309 15357 I MicroDetectionState: Should stop hotword detection immediately - false
06-19 00:00:12.930 15309  5606 E DeviceStateChecker: DeviceStateChecker cancelled
06-19 00:00:12.931 15309 15357 I MicroDetector: Keeping mic open: false
06-19 00:00:12.931 15309 15357 I RecognitionAudioControl: #shutdownAudio [requestId: 5386472230366575367, keepAudioOpen: false, forced: true]
06-19 00:00:12.932 15309 15357 I RecognitionAudioControl: #internalShutdownAudio [requestId: 5386472230366575367]
06-19 00:00:12.932 15309 15357 I RecognitionAudioControl: #internalShutdownAudio [keepAudioOpen: false, forced: true]
06-19 00:00:12.932 15309 15357 I RecognitionAudioControl: #actualShutdownAudio
06-19 00:00:12.932 15309 15357 I AudioController: #shutdown [requestId=5386472230366575367]
06-19 00:00:12.932 15309 15352 I AudioController: internalShutdown
06-19 00:00:12.932 15309 15351 I MicroRecognitionRunner: Stopping hotword detection.
06-19 00:00:12.962  7035  7035 I chatty  : uid=11425(org.mozilla.fennec_aurora) expire 11 lines
06-19 00:00:12.989   788  1479 D audio_hw_primary: disable_audio_route: usecase(9) reset and update mixer path: audio-record
06-19 00:00:12.990   788  1479 D audio_hw_primary: disable_snd_device: snd_device(120: voice-rec-mic)
06-19 00:00:12.993  1012  8317 D APM_AudioPolicyManager: stopInput() input 403222, session 403465
06-19 00:00:12.993   788  1401 D audio_hw_primary: in_set_parameters: enter: kvpairs=routing=0
06-19 00:00:12.996 15309 15352 I MicrophoneInputStream: mic_close  SR : 16000 CC : 16 SO : 1999
06-19 00:00:12.997 15309 15352 E AudioSource: Stop listening is called on already closed AudioSource
06-19 00:00:12.997 15309 15352 I AudioController: Sending AudioStatusChangedBroadcast to :interactor. audioSourceType: NOT_SET, isActive: false
06-19 00:00:12.998 15309 28138 I MicroRecognitionRunner: Detection finished
06-19 00:00:13.017  7035  7053 I chatty  : uid=11425(org.mozilla.fennec_aurora) expire 4 lines
06-19 00:00:13.100  7035  7063 I chatty  : uid=11425(org.mozilla.fennec_aurora) expire 11 lines
06-19 00:00:13.118  7035  7062 I chatty  : uid=11425(org.mozilla.fennec_aurora) expire 6 lines
06-19 00:00:13.127  7035  7066 I chatty  : uid=11425(org.mozilla.fennec_aurora) expire 1 line
06-19 00:00:13.128  7035  7067 I chatty  : uid=11425(org.mozilla.fennec_aurora) expire 19 lines
06-19 00:00:13.152  7035  7035 I chatty  : uid=11425(org.mozilla.fennec_aurora) expire 47 lines
06-19 00:00:13.169  7035  7062 I chatty  : uid=11425(org.mozilla.fennec_aurora) expire 17 lines
06-19 00:00:13.200  7035  7074 I chatty  : uid=11425(org.mozilla.fennec_aurora) expire 6 lines
06-19 00:00:13.224  7035  7065 I chatty  : uid=11425(org.mozilla.fennec_aurora) expire 2 lines
06-19 00:00:13.257  7035  7087 I chatty  : uid=11425(org.mozilla.fennec_aurora) expire 1 line
06-19 00:00:13.279  1456  2196 I ActivityManager: START u0 {act=android.intent.action.MAIN cat=[android.intent.category.LAUNCHER] flg=0x10000000 cmp=org.mozilla.fennec_aurora/org.mozilla.fenix.HomeActivity (has extras)} from uid 11425
06-19 00:00:13.282   808   808 I SFPerfTracer:      triggers: (rate: 103:2300262) (compose: 0:8) (post: 0:22) (render: 0:20) (16:13109647 frames) (17:16659185)
06-19 00:00:13.282   808   808 D SFPerfTracer:        layers: (3:12) (NavigationBar#0 (0xb07df000): 9:1268847) (StatusBar#0 (0xb07e3000): 9:3033203) (com.android.systemui.ImageWallpaper#0 (0xb07e7000): 0:117527)* (Sprite#0 (0xb0733000): 0:317)* (DimLayerController/Stack=0#0 (0xb075a000): 0:4039)* (Sprite#1 (0xb077c000): 0:195)* (Sprite#2 (0xb039b000): 0:2)* (Splash Screen org.mozilla.fennec_aurora#1 (0xafdf0000): 0:31)- (org.mozilla.fennec_aurora/org.mozilla.fenix.HomeActivity#0 (0xafd20000): 0:77)- (com.android.launcher3/com.android.launcher3.CustomizationPanelLauncher#0 (0xb0763000): 0:40)* (com.android.launcher3/com.android.launcher3.CustomizationPanelLauncher#1 (0xb0771000): 0:11)* (Splash Screen org.mozilla.fennec_aurora#0 (0xafd20000): 16:19) 
06-19 00:00:13.300   808   808 D SurfaceFlinger: duplicate layer name: changing Splash Screen org.mozilla.fennec_aurora to Splash Screen org.mozilla.fennec_aurora#1
06-19 00:00:13.331  7035  7040 I chatty  : uid=11425(org.mozilla.fennec_aurora) expire 11 lines
06-19 00:00:13.369  1456  2401 I ActivityManager: Start proc 7113:org.mozilla.fennec_aurora:tab0/u0a1425 for service org.mozilla.fennec_aurora/org.mozilla.gecko.process.GeckoChildProcessServices$tab0
06-19 00:00:13.383  7035  7101 I chatty  : uid=11425(org.mozilla.fennec_aurora) expire 1 line
06-19 00:00:13.463  7113  7113 I chatty  : uid=11425(org.mozilla.fennec_aurora) expire 2 lines
06-19 00:00:13.464  7113  7132 I chatty  : uid=11425(org.mozilla.fennec_aurora) expire 1 line
06-19 00:00:13.776  7035  7086 I chatty  : uid=11425(org.mozilla.fennec_aurora) expire 1 line
06-19 00:00:13.779   808   898 I SFPerfTracer:      triggers: (rate: 0:10) (0 sw vsyncs) (0 skipped) (17:8519956 vsyncs) (19:16806500)
06-19 00:00:13.790  7035  7143 I chatty  : uid=11425(org.mozilla.fennec_aurora) expire 9 lines
06-19 00:00:13.801  1456  2196 D ConnectivityService: requestNetwork for uid/pid:11425/7035 NetworkRequest [ TRACK_DEFAULT id=70354, [ Capabilities: INTERNET&NOT_RESTRICTED&TRUSTED&NOT_VPN] ]
06-19 00:00:13.802  1456  2054 D WIFI_UT : got request NetworkRequest [ TRACK_DEFAULT id=70354, [ Capabilities: INTERNET&NOT_RESTRICTED&TRUSTED&NOT_VPN] ] with score 60
06-19 00:00:13.802  1456  2099 D Ethernet: got request NetworkRequest [ TRACK_DEFAULT id=70354, [ Capabilities: INTERNET&NOT_RESTRICTED&TRUSTED&NOT_VPN] ] with score 60
06-19 00:00:13.803  1456  2054 D WIFI    : got request NetworkRequest [ TRACK_DEFAULT id=70354, [ Capabilities: INTERNET&NOT_RESTRICTED&TRUSTED&NOT_VPN] ] with score 60
06-19 00:00:13.803  2398  2398 D PhoneSwitcherNetworkRequstListener: got request NetworkRequest [ TRACK_DEFAULT id=70354, [ Capabilities: INTERNET&NOT_RESTRICTED&TRUSTED&NOT_VPN] ] with score 60
06-19 00:00:13.812  1456  2923 I WifiService: getDhcpInfo uid=11425
06-19 00:00:13.957  7035  7149 I chatty  : uid=11425(org.mozilla.fennec_aurora) expire 5 lines
06-19 00:00:13.986  1456  1673 I LaunchCheckinHandler: Displayed org.mozilla.fennec_aurora/org.mozilla.fenix.HomeActivity,wp,ca,616
06-19 00:00:13.987  1456  1673 I ActivityManager: Displayed org.mozilla.fennec_aurora/org.mozilla.fenix.HomeActivity: +609ms (total +1s149ms)
06-19 00:00:14.004 15309 15309 I MemoryTrimmer: Trimming objects from memory, since app is in the background.
06-19 00:00:14.009  4387  4387 I Finsky  : [2] qyi.onTrimMemory(1): Memory trim requested to level 80
06-19 00:00:14.010 15309 15357 E AudioSource: Stop listening is called on already closed AudioSource
06-19 00:00:14.012 15309  8439 I PBSessionCacheImpl: Deleted sessionId[67331286385453910] from persistence.
06-19 00:00:14.012 15309 15355 E chromium: [ERROR:aw_gl_functor.cc(102)] Received unexpected kModeProcessNoContext
06-19 00:00:14.012 15309 15355 E libEGL  : call to OpenGL ES API with no current context (logged once per thread)
06-19 00:00:14.012 15309 15309 I MemoryTrimmer: Trimming objects from memory, since app is in the background.
06-19 00:00:14.016  1456  2196 I WifiService: getWifiEnabledState uid=10073
06-19 00:00:14.020 15309 15357 W SearchServiceCore: Abort, client detached.
06-19 00:00:14.020 15309 15357 I chatty  : uid=10073(com.google.android.googlequicksearchbox) EventBus0 identical 1 line
06-19 00:00:14.022 15309 15357 W SearchServiceCore: Abort, client detached.
06-19 00:00:14.235  1456  2923 I ActivityManager: Fully drawn org.mozilla.fennec_aurora/org.mozilla.fenix.HomeActivity: +865ms (total +1s405ms)
06-19 00:00:14.316  7035  7169 I chatty  : uid=11425(org.mozilla.fennec_aurora) expire 1 line
06-19 00:00:14.316  7035  7168 I chatty  : uid=11425(org.mozilla.fennec_aurora) expire 1 line
06-19 00:00:14.791  7035  7056 I chatty  : uid=11425(org.mozilla.fennec_aurora) expire 2 lines
06-19 00:00:14.796  1456  2067 D ConnectivityService: releasing NetworkRequest [ TRACK_DEFAULT id=70354, [ Capabilities: INTERNET&NOT_RESTRICTED&TRUSTED&NOT_VPN] ] (release request)
06-19 00:00:14.906  7035  7181 I chatty  : uid=11425(org.mozilla.fennec_aurora) expire 1 line
06-19 00:00:15.006  7035  7084 I chatty  : uid=11425(org.mozilla.fennec_aurora) expire 26 lines
06-19 00:00:15.081  7035  7054 I chatty  : uid=11425(org.mozilla.fennec_aurora) expire 2 lines
06-19 00:00:15.687  1456  1601 I ActivityManager: Start proc 7208:com.google.android.calendar/u0a82 for broadcast com.google.android.calendar/com.google.android.apps.calendar.usernotificationsframework.common.UserNotificationBroadcastReceiver
06-19 00:00:16.171  7208  7244 I c.uru   : Obtained writable database SQLiteDatabase/104868960 instance with path /data/user/0/com.google.android.calendar/databases/cal_v2a
06-19 00:00:16.182  7208  7243 I c.uqa   : The schema version is 15, the database version is 15, and there are 0 migrations
06-19 00:00:16.346  7208  7208 W GrowthKit: Failed to get phenotypeManager in PhenotypeBroadcastReceiver
06-19 00:00:16.346  7208  7208 W GrowthKit: java.lang.NullPointerException: Unable to get GrowthKit Component from host app: com.google.android.calendar
06-19 00:00:16.346  7208  7208 W GrowthKit: 	at cal.ott.a(PG:12)
06-19 00:00:16.346  7208  7208 W GrowthKit: 	at com.google.android.libraries.internal.growth.growthkit.internal.experiments.impl.PhenotypeBroadcastReceiver.onReceive(PG:3)
06-19 00:00:16.346  7208  7208 W GrowthKit: 	at android.app.ActivityThread.handleReceiver(ActivityThread.java:3278)
06-19 00:00:16.346  7208  7208 W GrowthKit: 	at android.app.ActivityThread.-wrap17(Unknown Source:0)
06-19 00:00:16.346  7208  7208 W GrowthKit: 	at android.app.ActivityThread$H.handleMessage(ActivityThread.java:1713)
06-19 00:00:16.346  7208  7208 W GrowthKit: 	at android.os.Handler.dispatchMessage(Handler.java:106)
06-19 00:00:16.346  7208  7208 W GrowthKit: 	at android.os.Looper.loop(Looper.java:164)
06-19 00:00:16.346  7208  7208 W GrowthKit: 	at android.app.ActivityThread.main(ActivityThread.java:6626)
06-19 00:00:16.346  7208  7208 W GrowthKit: 	at java.lang.reflect.Method.invoke(Native Method)
06-19 00:00:16.346  7208  7208 W GrowthKit: 	at com.android.internal.os.RuntimeInit$MethodAndArgsCaller.run(RuntimeInit.java:438)
06-19 00:00:16.346  7208  7208 W GrowthKit: 	at com.android.internal.os.ZygoteInit.main(ZygoteInit.java:811)
06-19 00:00:18.486  7266  7266 D AndroidRuntime: >>>>>> START com.android.internal.os.RuntimeInit uid 2000 <<<<<<
06-19 00:00:18.499  7266  7266 W app_process: Could not reserve sentinel fault page
06-19 00:00:18.667  7266  7266 I app_process: The ClassLoaderContext is a special shared library.
06-19 00:00:18.737  7266  7266 D AndroidRuntime: Calling main entry com.android.commands.input.Input
06-19 00:00:18.738  7266  7266 I Input   : injectKeyEvent: KeyEvent { action=ACTION_DOWN, keyCode=KEYCODE_HOME, scanCode=0, metaState=0, flags=0x0, repeatCount=0, eventTime=24611895348, downTime=24611895348, deviceId=-1, source=0x101 }
06-19 00:00:18.746  7266  7266 I Input   : injectKeyEvent: KeyEvent { action=ACTION_UP, keyCode=KEYCODE_HOME, scanCode=0, metaState=0, flags=0x0, repeatCount=0, eventTime=24611895348, downTime=24611895348, deviceId=-1, source=0x101 }
06-19 00:00:18.752  1456  1941 I ActivityManager: START u0 {act=android.intent.action.MAIN cat=[android.intent.category.HOME] flg=0x10200000 cmp=com.android.launcher3/.CustomizationPanelLauncher (has extras)} from uid 1000
06-19 00:00:18.753   794   839 E ANDR-PERF-RESOURCEQS: Failed to apply optimization [4, 0]
06-19 00:00:18.760  7266  7266 D AndroidRuntime: Shutting down VM
06-19 00:00:18.768  1456  5027 I ActivityManager: moveHomeStack, setupComplete:true
06-19 00:00:18.784 15309 15355 I OpenGLRenderer: Initialized EGL, version 1.4
06-19 00:00:18.785 15309 15355 D OpenGLRenderer: Swap behavior 2
06-19 00:00:18.801  2748  2748 D Launcher.Utilities: Wakeup weather: Intent { act=com.motorola.launcher3.action.WAKEUP_WEATHER cmp=com.motorola.timeweatherwidget/com.motorola.commandcenter.weather.WakeUpService }
06-19 00:00:18.802  4387  4387 I Finsky  : [2] qyi.onTrimMemory(1): Memory trim requested to level 80
06-19 00:00:18.812   808   808 D SurfaceFlinger: duplicate layer name: changing com.android.launcher3/com.android.launcher3.CustomizationPanelLauncher to com.android.launcher3/com.android.launcher3.CustomizationPanelLauncher#1
06-19 00:00:18.816  1456  1456 I NotificationService: Cannot find enqueued record for key: 0|com.motorola.timeweatherwidget|1|null|10116
06-19 00:00:18.839 15309 15337 W ThreadPoolDumper: Queue length for executor EventBus is now 11. Perhaps some tasks are too long, or the pool is too small.
06-19 00:00:18.841  1456  2196 I WifiService: getWifiEnabledState uid=10073
06-19 00:00:18.849  1456  2196 I WifiService: getWifiEnabledState uid=10073
06-19 00:00:18.903  1456  1673 I LaunchCheckinHandler: Displayed com.android.launcher3/.CustomizationPanelLauncher,wp,wa,151
06-19 00:00:18.910 15309 15357 I MicroDetectionState: Should stop hotword detection immediately - false
06-19 00:00:18.911 15309 15309 I BgTaskExecutorImpl: Starting EXCLUSIVE background task TNG_MINUS_ONE_SYNC.
06-19 00:00:18.914 15309 15343 E MDD     : DownloadProgressMonitor: Can't find file group for uri: android://com.google.android.googlequicksearchbox/files/sharedminusonemodule/shared/SharedMinusOneData.pb.tmp
06-19 00:00:18.918 15309 15357 I MicroDetectionWorker: #startMicroDetector [speakerMode: 0]
06-19 00:00:18.920 15309 15357 I AudioController: Created new AudioSource
06-19 00:00:18.923 15309 15348 I MicroDataManager: isInitializing-false locale not changed-true model not changed-true
06-19 00:00:18.923 15309 15348 I MicroDataManager: Already initialized, obtaining the hotword data immediately.
06-19 00:00:18.930 15309 15357 I TngMinusOneSync: Syncing TNG:-1
06-19 00:00:18.933 15309 28782 I MicroRecognitionRunner: Starting detection.
06-19 00:00:18.936 15309 28782 I InputStreamUtils: Using micInputStream
06-19 00:00:18.942 15309  6488 I MicrophoneInputStream: mic_starting  SR : 16000 CC : 16 SO : 1999
06-19 00:00:18.955   788  1401 V msm8974_platform: platform_check_input_mask: enter check_input_mask source 6 mask 10
06-19 00:00:18.958  1012  7281 I AudioFlinger: AudioFlinger's thread 0xb2483080 tid=7281 ready to run
06-19 00:00:18.971   788  1401 D audio_hw_primary: in_set_parameters: enter: kvpairs=input_source=6;routing=-2147483644
06-19 00:00:18.973  1012 19368 D APM_AudioPolicyManager: AudioPolicyManager::startInput() input 403230, session 403473, source = 1999
06-19 00:00:18.973 15309  6488 I MicrophoneInputStream: mic_started  SR : 16000 CC : 16 SO : 1999
06-19 00:00:18.975   788  7282 V msm8974_platform: platform_update_usecase_from_source: input source :6
06-19 00:00:18.978   788  7282 V msm8974_platform: platform_check_input_mask: enter check_input_mask source 6 mask 10
06-19 00:00:18.978   788  7282 V msm8974_platform: platform_get_input_snd_device: enter: out_device(0) in_device(0x4) channel_count (1) channel_mask (0x10)
06-19 00:00:18.978   788  7282 V msm8974_platform: platform_get_input_snd_device: exit: in_snd_device(voice-rec-mic)
06-19 00:00:18.978   788  7282 V msm8974_platform: platform_get_backend_index:napb: backend port - 5 device - 120 
06-19 00:00:18.978   788  7282 V msm8974_platform: platform_check_and_set_capture_backend_cfg:txbecf: afe: bitwidth 0, samplerate 0, channel 1, backend_idx 5 usecase = 9 device (voice-rec-mic)
06-19 00:00:18.978   788  7282 V msm8974_platform: platform_check_capture_backend_cfg:txbecf: afe: Codec selected backend: 5 current bit width: 0 and sample rate: 0, channels 1
06-19 00:00:18.979   788  7282 V msm8974_platform: platform_check_capture_backend_cfg:txbecf: afe: Codec selected backend: 5 updated bit width: 0 and sample rate: 0
06-19 00:00:18.979   788  7282 I msm8974_platform: platform_check_capture_backend_cfg:txbecf: afe: Codec backend needs to be updated. new bit width: 0 new sample rate: 0 new channel: 1
06-19 00:00:18.979   788  7282 V msm8974_platform: platform_get_backend_index:napb: backend port - 5 device - 120 
06-19 00:00:18.979   788  7282 V msm8974_platform: platform_set_backend_cfg:becf: afe: bitwidth 0, samplerate 0 channels 1, backend_idx 5 device (voice-rec-mic)
06-19 00:00:18.980   788  7282 E msm8974_platform: platform_set_backend_cfg:becf: afe: Could not get ctl for mixer command - SLIM_0_TX Format
06-19 00:00:18.980   788  7282 V msm8974_platform: platform_send_audio_calibration: sending audio calibration for snd_device(120) acdb_id(62)
06-19 00:00:18.980   788  7282 D ACDB-LOADER: ACDB -> send_audio_cal, acdb_id = 62, path = 1, app id = 0x11130, sample rate = 48000
06-19 00:00:18.980   788  7282 D ACDB-LOADER: ACDB -> send_asm_topology
06-19 00:00:18.980   788  7282 D ACDB-LOADER: ACDB -> ACDB_CMD_GET_AUDPROC_STREAM_TOPOLOGY_ID
06-19 00:00:18.980   788  7282 D ACDB-LOADER: ACDB -> send_adm_topology
06-19 00:00:18.980   788  7282 D ACDB-LOADER: ACDB -> ACDB_CMD_GET_AUDPROC_COMMON_TOPOLOGY_ID
06-19 00:00:18.980   788  7282 D ACDB-LOADER: ACDB -> send_audtable
06-19 00:00:18.980   788  7282 D ACDB-LOADER: ACDB -> ACDB_CMD_GET_AUDPROC_COMMON_TABLE_SIZE
06-19 00:00:18.980   788  7282 D ACDB-LOADER: ACDB -> ACDB_CMD_GET_AUDPROC_COMMON_TABLE
06-19 00:00:18.981   788  7282 D ACDB-LOADER: ACDB -> AUDIO_SET_AUDPROC_CAL
06-19 00:00:18.981   788  7282 D ACDB-LOADER: ACDB -> send_audvoltable
06-19 00:00:18.981   788  7282 D ACDB-LOADER: ACDB -> ACDB_CMD_GET_AUDPROC_VOL_STEP_TABLE_SIZE
06-19 00:00:18.981   788  7282 D ACDB-LOADER: ACDB -> ACDB_CMD_GET_AUDPROC_GAIN_DEP_STEP_TABLE, vol index 0
06-19 00:00:18.981   788  7282 D         : Failed to fetch the lookup information of the device 0000003E 
06-19 00:00:18.981   788  7282 D ACDB-LOADER: ACDB -> AUDIO_SET_VOL_CAL cal type = 12
06-19 00:00:18.981   788  7282 D ACDB-LOADER: ACDB -> ACDB_CMD_GET_AUDPROC_STREAM_TABLE_SIZE
06-19 00:00:18.981   788  7282 D ACDB-LOADER: ACDB -> send_audstrmtable
06-19 00:00:18.981   788  7282 D ACDB-LOADER: ACDB -> ACDB_CMD_GET_AUDPROC_STREAM_TABLE_V2
06-19 00:00:18.981   788  7282 D ACDB-LOADER: ACDB -> audstrm_cal->cal_type.cal_data.cal_size = 456
06-19 00:00:18.981   788  7282 D ACDB-LOADER: ACDB -> send_afe_topology
06-19 00:00:18.981   788  7282 D ACDB-LOADER: ACDB -> ACDB_CMD_GET_AFE_TOPOLOGY_ID
06-19 00:00:18.981   788  7282 D ACDB-LOADER: ACDB -> GET_AFE_TOPOLOGY_ID for adcd_id 62, Topology Id 112fb
06-19 00:00:18.981   788  7282 D ACDB-LOADER: ACDB -> send_afe_cal
06-19 00:00:18.981   788  7282 D ACDB-LOADER: ACDB -> ACDB_CMD_GET_AFE_COMMON_TABLE_SIZE
06-19 00:00:18.982   788  7282 D         : Failed to fetch the lookup information of the device 0000003E 
06-19 00:00:18.982   788  7282 E ACDB-LOADER: Error: ACDB_CMD_GET_AFE_COMMON_TABLE_SIZE Returned = -19
06-19 00:00:18.982   788  7282 D ACDB-LOADER: ACDB -> ACDB_CMD_GET_AFE_COMMON_TABLE
06-19 00:00:18.982   788  7282 D         : Failed to fetch the lookup information of the device 0000003E 
06-19 00:00:18.982   788  7282 D ACDB-LOADER: ACDB -> AUDIO_SET_AFE_CAL
06-19 00:00:18.982   788  7282 D ACDB-LOADER: ACDB -> send_hw_delay : acdb_id = 62 path = 1
06-19 00:00:18.982   788  7282 D ACDB-LOADER: ACDB -> ACDB_AVSYNC_INFO: ACDB_CMD_GET_DEVICE_PROPERTY
06-19 00:00:18.982   788  7282 D audio_hw_primary: enable_snd_device: snd_device(120: voice-rec-mic)
06-19 00:00:18.982   788  7282 D audio_route: Apply path: voice-rec-mic
06-19 00:00:18.987   788  7282 V msm8974_platform: platform_get_snd_device_backend_index: enter with device 120
06-19 00:00:18.987   788  7282 E msm8974_platform: platform_get_snd_device_backend_index: BE DAI Name Table is not present
06-19 00:00:18.987   788  7282 V msm8974_platform: platform_get_backend_index:napb: backend port - 5 device - 120 
06-19 00:00:18.987   788  7282 I audio_hw_utils: Set Audio Stream Capture 0 App Type Cfg: app_type 69936, acdb_dev_id 62, sample_rate 48000, snd_device_be_idx -14
06-19 00:00:18.987   788  7282 D audio_hw_primary: enable_audio_route: usecase(9) apply and update mixer path: audio-record
06-19 00:00:18.987   788  7282 D audio_route: Apply path: audio-record
06-19 00:00:18.995  5625  5654 I PeriodicStatsRunner: PeriodicStatsRunner.call():180 call()
06-19 00:00:18.996  5625  5654 I PeriodicStatsRunner: PeriodicStatsRunner.call():184 No submit PeriodicStats since input started.
06-19 00:00:19.019  7035  7284 I chatty  : uid=11425(org.mozilla.fennec_aurora) expire 10 lines
06-19 00:00:19.051  2146  2165 I zygote  : NativeAlloc concurrent copying GC freed 20940(1136KB) AllocSpace objects, 0(0B) LOS objects, 49% free, 6MB/13MB, paused 175us total 129.363ms
06-19 00:00:19.061 15309 15357 I MicroDetectionWorker: onReady
06-19 00:00:19.213  4387  4387 I Finsky  : [2] qyi.onTrimMemory(1): Memory trim requested to level 80
06-19 00:00:19.221  1456  2923 D ConnectivityService: requestNetwork for uid/pid:11425/7035 NetworkRequest [ TRACK_DEFAULT id=70355, [ Capabilities: INTERNET&NOT_RESTRICTED&TRUSTED&NOT_VPN] ]
06-19 00:00:19.225  1456  2099 D Ethernet: got request NetworkRequest [ TRACK_DEFAULT id=70355, [ Capabilities: INTERNET&NOT_RESTRICTED&TRUSTED&NOT_VPN] ] with score 60
06-19 00:00:19.226  1456  2054 D WIFI_UT : got request NetworkRequest [ TRACK_DEFAULT id=70355, [ Capabilities: INTERNET&NOT_RESTRICTED&TRUSTED&NOT_VPN] ] with score 60
06-19 00:00:19.226  1456  2054 D WIFI    : got request NetworkRequest [ TRACK_DEFAULT id=70355, [ Capabilities: INTERNET&NOT_RESTRICTED&TRUSTED&NOT_VPN] ] with score 60
06-19 00:00:19.226  2398  2398 D PhoneSwitcherNetworkRequstListener: got request NetworkRequest [ TRACK_DEFAULT id=70355, [ Capabilities: INTERNET&NOT_RESTRICTED&TRUSTED&NOT_VPN] ] with score 60
06-19 00:00:19.237  7035  7293 I chatty  : uid=11425(org.mozilla.fennec_aurora) expire 5 lines
06-19 00:00:19.273  5625  5654 I PeriodicStatsRunner: PeriodicStatsRunner.call():180 call()
06-19 00:00:19.273  5625  5654 I PeriodicStatsRunner: PeriodicStatsRunner.call():184 No submit PeriodicStats since input started.
06-19 00:00:19.319  1456  7796 I OpenGLRenderer: Initialized EGL, version 1.4
06-19 00:00:19.319  1456  7796 D OpenGLRenderer: Swap behavior 2
06-19 00:00:19.331   808   808 I SFPerfTracer:      triggers: (rate: 103:2300267) (compose: 0:8) (post: 0:22) (render: 0:20) (12:13109734 frames) (13:16659295)
06-19 00:00:19.331   808   808 D SFPerfTracer:        layers: (4:14) (NavigationBar#0 (0xb07df000): 0:1268858) (StatusBar#0 (0xb07e3000): 0:3033214) (com.android.systemui.ImageWallpaper#0 (0xb07e7000): 0:117528) (Sprite#0 (0xb0733000): 0:317)* (DimLayerController/Stack=0#0 (0xb075a000): 0:4039)* (Sprite#1 (0xb077c000): 0:195)* (Sprite#2 (0xb039b000): 0:2)* (com.android.launcher3/com.android.launcher3.CustomizationPanelLauncher#0 (0xb0763000): 0:40)- (com.android.launcher3/com.android.launcher3.CustomizationPanelLauncher#1 (0xb0771000): 0:11)- (Splash Screen org.mozilla.fennec_aurora#0 (0xafd20000): 0:19)- (Splash Screen org.mozilla.fennec_aurora#1 (0xafdf0000): 0:32)- (org.mozilla.fennec_aurora/org.mozilla.fenix.HomeActivity#0 (0xafd20000): 12:77)* (com.android.launcher3/com.android.launcher3.CustomizationPanelLauncher#0 (0xb0763000): 13:26)* (com.android.launcher3/com.android.launcher3.CustomizationPanelLauncher#1 (0xb0771000): 1:5) 
06-19 00:00:19.350  2748  2917 W OpenGLRenderer: Incorrectly called buildLayer on View: ShortcutAndWidgetContainer, destroying layer...
06-19 00:00:19.445  1456  2067 D ConnectivityService: releasing NetworkRequest [ TRACK_DEFAULT id=70355, [ Capabilities: INTERNET&NOT_RESTRICTED&TRUSTED&NOT_VPN] ] (release request)
06-19 00:00:19.464  7035  7082 I chatty  : uid=11425(org.mozilla.fennec_aurora) expire 1 line
06-19 00:00:19.536  1456  2921 D ConnectivityService: requestNetwork for uid/pid:11425/7035 NetworkRequest [ TRACK_DEFAULT id=70356, [ Capabilities: INTERNET&NOT_RESTRICTED&TRUSTED&NOT_VPN] ]
06-19 00:00:19.537  1456  2099 D Ethernet: got request NetworkRequest [ TRACK_DEFAULT id=70356, [ Capabilities: INTERNET&NOT_RESTRICTED&TRUSTED&NOT_VPN] ] with score 60
06-19 00:00:19.537  1456  2054 D WIFI_UT : got request NetworkRequest [ TRACK_DEFAULT id=70356, [ Capabilities: INTERNET&NOT_RESTRICTED&TRUSTED&NOT_VPN] ] with score 60
06-19 00:00:19.537  1456  2054 D WIFI    : got request NetworkRequest [ TRACK_DEFAULT id=70356, [ Capabilities: INTERNET&NOT_RESTRICTED&TRUSTED&NOT_VPN] ] with score 60
06-19 00:00:19.537  2398  2398 D PhoneSwitcherNetworkRequstListener: got request NetworkRequest [ TRACK_DEFAULT id=70356, [ Capabilities: INTERNET&NOT_RESTRICTED&TRUSTED&NOT_VPN] ] with score 60
06-19 00:00:19.570  7035  7295 I chatty  : uid=11425(org.mozilla.fennec_aurora) expire 9 lines
06-19 00:00:19.751  1456  1466 I zygote  : NativeAlloc concurrent copying GC freed 63518(4MB) AllocSpace objects, 21(804KB) LOS objects, 33% free, 47MB/71MB, paused 278us total 431.765ms
06-19 00:00:20.137  1456  2067 D ConnectivityService: releasing NetworkRequest [ TRACK_DEFAULT id=70356, [ Capabilities: INTERNET&NOT_RESTRICTED&TRUSTED&NOT_VPN] ] (release request)
06-19 00:00:21.139  2398  2398 D QtiCarrierConfigHelper: WARNING, no carrier configs on phone Id: 0
06-19 00:00:21.164   808   898 I SFPerfTracer:      triggers: (rate: 0:10) (0 sw vsyncs) (0 skipped) (0:8520038 vsyncs) (1:16806601)
06-19 00:00:23.850  5625  5654 I PeriodicStatsRunner: PeriodicStatsRunner.call():180 call()
06-19 00:00:23.850  5625  5654 I PeriodicStatsRunner: PeriodicStatsRunner.call():184 No submit PeriodicStats since input started.
06-19 00:00:23.947  1456  2923 I ActivityManager: Force stopping org.mozilla.fennec_aurora appid=11425 user=0: from pid 7304
06-19 00:00:23.948  1456  2923 I ActivityManager: Killing 7035:org.mozilla.fennec_aurora/u0a1425 (adj 700): stop org.mozilla.fennec_aurora
06-19 00:00:23.950  1456  1605 W zygote  : kill(-7035, 9) failed: No such process
06-19 00:00:23.953  1456  2923 W ActivityManager: Force removing ActivityRecord{30030ad u0 org.mozilla.fennec_aurora/org.mozilla.fenix.HomeActivity t85982}: app died, no saved state
06-19 00:00:23.963  1456  2923 I ActivityManager: Killing 7113:org.mozilla.fennec_aurora:tab0/u0a1425 (adj 0): stop org.mozilla.fennec_aurora
06-19 00:00:23.966  1456  1605 W zygote  : kill(-7035, 9) failed: No such process
06-19 00:00:23.976  5625  5625 I AppBase : AppBase.onTrimMemory():615 onTrimMemory(): 10
