04-03 21:44:13.679 12371 12481 I chatty  : uid=11224(org.mozilla.fennec_aurora) expire 9 lines
04-03 21:44:13.684   808   808 I SFPerfTracer:      triggers: (rate: 72:2019063) (compose: 0:7) (post: 0:19) (render: 0:17) (16:10144951 frames) (17:12682539)
04-03 21:44:13.684   808   808 D SFPerfTracer:        layers: (3:14) (NavigationBar#0 (0xb07df000): 0:917867) (StatusBar#0 (0xb07e3000): 0:2171624) (com.android.systemui.ImageWallpaper#0 (0xb07e7000): 0:84614)* (Sprite#0 (0xb0733000): 0:317)* (DimLayerController/Stack=0#0 (0xb075a000): 0:3823)* (Sprite#1 (0xb077c000): 0:195)* (com.android.launcher3/com.android.launcher3.CustomizationPanelLauncher#0 (0xb0763000): 0:39)- (com.android.launcher3/com.android.launcher3.CustomizationPanelLauncher#1 (0xb0771000): 0:14)- (Splash Screen org.mozilla.fennec_aurora#1 (0xb013a000): 0:30)- (org.mozilla.fennec_aurora/org.mozilla.fenix.HomeActivity#0 (0xb039b000): 0:46)- (com.android.launcher3/com.android.launcher3.CustomizationPanelLauncher#0 (0xb0763000): 0:38)* (com.android.launcher3/com.android.launcher3.CustomizationPanelLauncher#1 (0xb0771000): 0:11)* (Splash Screen org.mozilla.fennec_aurora#0 (0xb039b000): 0:19)- (Splash Screen org.mozilla.fennec_aurora#1 (0xb013a000): 16:20) 
04-03 21:44:13.994 12371 12489 I chatty  : uid=11224(org.mozilla.fennec_aurora) expire 2 lines
04-03 21:44:14.019  1456  1673 I LaunchCheckinHandler: Displayed org.mozilla.fennec_aurora/org.mozilla.fenix.HomeActivity,wp,ca,745
04-03 21:44:14.020  1456  1673 I ActivityManager: Displayed org.mozilla.fennec_aurora/org.mozilla.fenix.HomeActivity: +738ms (total +1s300ms)
04-03 21:44:14.043 28336 28336 I MemoryTrimmer: Trimming objects from memory, since app is in the background.
04-03 21:44:14.050 28336 28379 E AudioSource: Stop listening is called on already closed AudioSource
04-03 21:44:14.052 28336 28336 I MemoryTrimmer: Trimming objects from memory, since app is in the background.
04-03 21:44:14.053 28336 10182 I PBSessionCacheImpl: Deleted sessionId[124624629806620279] from persistence.
04-03 21:44:14.060  1456  2915 I WifiService: getWifiEnabledState uid=10073
04-03 21:44:14.061 28336 28379 I DEBUG   : OpaToSrpTransitionState#onStateChanged#notNullQuery
04-03 21:44:14.061 28336 28379 I DEBUG   : OpaToSrpTransitionState#onStateChanged#notNullQuery
04-03 21:44:14.063 28336 28379 W SearchServiceCore: Abort, client detached.
04-03 21:44:14.082 10111 10125 E AuthStateProvider: Calling package disagreement. Legacy: org.mozilla.fennec.sharedID:11224, new API: org.mozilla.fennec_aurora
04-03 21:44:14.082 10111 10125 D AuthStateProvider: Caller must be whitelisted.
04-03 21:44:14.083 12371 12371 E ActivityThread: Failed to find provider info for org.mozilla.fennec_aurora.fxa.auth
04-03 21:44:14.167  1023 12504 D libc    : Internal error: netid(0), id(0xab9), server(0.0.0.0)
04-03 21:44:14.167  1023 12504 D libc    : Internal error: netid(0), id(0xab9), server(0.0.0.0)
04-03 21:44:14.167  1023 12504 D libc    : Internal error: netid(0), id(0xe6b1), server(0.0.0.0)
04-03 21:44:14.168  1023 12504 D libc    : Internal error: netid(0), id(0xe6b1), server(0.0.0.0)
04-03 21:44:14.185  1023 12523 D libc    : Internal error: netid(0), id(0x3a87), server(0.0.0.0)
04-03 21:44:14.186  1023 12523 D libc    : Internal error: netid(0), id(0x3a87), server(0.0.0.0)
04-03 21:44:14.187  1023 12523 D libc    : Internal error: netid(0), id(0x86e4), server(0.0.0.0)
04-03 21:44:14.187  1023 12523 D libc    : Internal error: netid(0), id(0x86e4), server(0.0.0.0)
04-03 21:44:14.189  1023 12527 D libc    : Internal error: netid(0), id(0x29d3), server(0.0.0.0)
04-03 21:44:14.189  1023 12527 D libc    : Internal error: netid(0), id(0x29d3), server(0.0.0.0)
04-03 21:44:14.190  1023 12527 D libc    : Internal error: netid(0), id(0xa58b), server(0.0.0.0)
04-03 21:44:14.190  1023 12527 D libc    : Internal error: netid(0), id(0xa58b), server(0.0.0.0)
04-03 21:44:14.191 12371 12426 I chatty  : uid=11224(org.mozilla.fennec_aurora) expire 1 line
04-03 21:44:14.191 12371 12399 I chatty  : uid=11224(org.mozilla.fennec_aurora) expire 1 line
04-03 21:44:14.205  1023 12532 D libc    : Internal error: netid(0), id(0xcdc1), server(0.0.0.0)
04-03 21:44:14.205  1023 12532 D libc    : Internal error: netid(0), id(0xcdc1), server(0.0.0.0)
04-03 21:44:14.205  1023 12532 D libc    : Internal error: netid(0), id(0x56ca), server(0.0.0.0)
04-03 21:44:14.205  1023 12532 D libc    : Internal error: netid(0), id(0x56ca), server(0.0.0.0)
04-03 21:44:14.208  1023 12538 D libc    : Internal error: netid(0), id(0xddf), server(0.0.0.0)
04-03 21:44:14.208  1023 12538 D libc    : Internal error: netid(0), id(0xddf), server(0.0.0.0)
04-03 21:44:14.208  1023 12538 D libc    : Internal error: netid(0), id(0xc6b3), server(0.0.0.0)
04-03 21:44:14.208  1023 12538 D libc    : Internal error: netid(0), id(0xc6b3), server(0.0.0.0)
04-03 21:44:14.210  1023 12543 D libc    : Internal error: netid(0), id(0x2dd2), server(0.0.0.0)
04-03 21:44:14.211  1023 12543 D libc    : Internal error: netid(0), id(0x2dd2), server(0.0.0.0)
04-03 21:44:14.211  1023 12543 D libc    : Internal error: netid(0), id(0x7a90), server(0.0.0.0)
04-03 21:44:14.212  1023 12543 D libc    : Internal error: netid(0), id(0x7a90), server(0.0.0.0)
04-03 21:44:14.228 12371 12541 I chatty  : uid=11224(org.mozilla.fennec_aurora) expire 1 line
04-03 21:44:18.372 12587 12587 D AndroidRuntime: >>>>>> START com.android.internal.os.RuntimeInit uid 2000 <<<<<<
04-03 21:44:18.385 12587 12587 W app_process: Could not reserve sentinel fault page
04-03 21:44:18.550 12587 12587 I app_process: The ClassLoaderContext is a special shared library.
04-03 21:44:18.625 12587 12587 D AndroidRuntime: Calling main entry com.android.commands.input.Input
04-03 21:44:18.626 12587 12587 I Input   : injectKeyEvent: KeyEvent { action=ACTION_DOWN, keyCode=KEYCODE_HOME, scanCode=0, metaState=0, flags=0x0, repeatCount=0, eventTime=18040713906, downTime=18040713906, deviceId=-1, source=0x101 }
04-03 21:44:18.633 12587 12587 I Input   : injectKeyEvent: KeyEvent { action=ACTION_UP, keyCode=KEYCODE_HOME, scanCode=0, metaState=0, flags=0x0, repeatCount=0, eventTime=18040713906, downTime=18040713906, deviceId=-1, source=0x101 }
04-03 21:44:18.640  1456  1941 I ActivityManager: START u0 {act=android.intent.action.MAIN cat=[android.intent.category.HOME] flg=0x10200000 cmp=com.android.launcher3/.CustomizationPanelLauncher (has extras)} from uid 1000
04-03 21:44:18.640   794   839 E ANDR-PERF-RESOURCEQS: Failed to apply optimization [4, 0]
04-03 21:44:18.651  1456  1941 I ActivityManager: moveHomeStack, setupComplete:true
04-03 21:44:18.657 28336 28375 I Adreno  : QUALCOMM build                   : bb5b86c, I77d3059488
04-03 21:44:18.657 28336 28375 I Adreno  : Build Date                       : 06/07/18
04-03 21:44:18.657 28336 28375 I Adreno  : OpenGL ES Shader Compiler Version: EV031.22.00.01_06
04-03 21:44:18.657 28336 28375 I Adreno  : Local Branch                     : 
04-03 21:44:18.657 28336 28375 I Adreno  : Remote Branch                    : refs/tags/AU_LINUX_ANDROID_LA.UM.6.5.R1.08.01.00.312.086
04-03 21:44:18.657 28336 28375 I Adreno  : Remote Branch                    : NONE
04-03 21:44:18.657 28336 28375 I Adreno  : Reconstruct Branch               : NOTHING
04-03 21:44:18.659 28336 28375 D vndksupport: Loading /vendor/lib/hw/gralloc.msm8937.so from current namespace instead of sphal namespace.
04-03 21:44:18.664 12587 12587 D AndroidRuntime: Shutting down VM
04-03 21:44:18.664 28336 28375 I Adreno  : PFP: 0x005ff087, ME: 0x005ff063
04-03 21:44:18.667 28336 28375 I zygote  : android::hardware::configstore::V1_0::ISurfaceFlingerConfigs::hasWideColorDisplay retrieved: 0
04-03 21:44:18.668 28336 28375 I OpenGLRenderer: Initialized EGL, version 1.4
04-03 21:44:18.669 28336 28375 D OpenGLRenderer: Swap behavior 2
04-03 21:44:18.677  2748  2748 D Launcher.Utilities: Wakeup weather: Intent { act=com.motorola.launcher3.action.WAKEUP_WEATHER cmp=com.motorola.timeweatherwidget/com.motorola.commandcenter.weather.WakeUpService }
04-03 21:44:18.697  1456  1456 I NotificationService: Cannot find enqueued record for key: 0|com.motorola.timeweatherwidget|1|null|10116
04-03 21:44:18.698   808   808 D SurfaceFlinger: duplicate layer name: changing com.android.launcher3/com.android.launcher3.CustomizationPanelLauncher to com.android.launcher3/com.android.launcher3.CustomizationPanelLauncher#1
04-03 21:44:18.707 28336 28368 W ThreadPoolDumper: Queue length for executor EventBus is now 11. Perhaps some tasks are too long, or the pool is too small.
04-03 21:44:18.708  1456  5050 I WifiService: getWifiEnabledState uid=10073
04-03 21:44:18.724  1456  5050 I WifiService: getWifiEnabledState uid=10073
04-03 21:44:18.736 28336 28379 I DEBUG   : OpaToSrpTransitionState#onStateChanged#notNullQuery
04-03 21:44:18.737 28336 28379 I DEBUG   : OpaToSrpTransitionState#onStateChanged#notNullQuery
04-03 21:44:18.754 28336 28379 I MicroDetectionState: Should stop hotword detection immediately - false
04-03 21:44:18.757 28336 28379 I MicroDetectionWorker: #startMicroDetector [speakerMode: 0]
04-03 21:44:18.758 28336 28379 I AudioController: Created new AudioSource
04-03 21:44:18.780  1456  1673 I LaunchCheckinHandler: Displayed com.android.launcher3/.CustomizationPanelLauncher,wp,wa,140
04-03 21:44:18.781 28336 28378 I MicroDataManager: isInitializedWithLatestParams-true
04-03 21:44:18.781 28336 28378 I MicroDataManager: isInitializing-false locale not changed-true model not changed-true
04-03 21:44:18.781 28336 28378 I MicroDataManager: Already initialized, obtaining the hotword data immediately.
04-03 21:44:18.785 28336 21980 I MicroRecognitionRunner: Starting detection.
04-03 21:44:18.785 28336 21980 I InputStreamUtils: Using micInputStream
04-03 21:44:18.786 28336 10182 I MicrophoneInputStream: mic_starting  SR : 16000 CC : 16 SO : 1999
04-03 21:44:18.788   788  1479 V msm8974_platform: platform_check_input_mask: enter check_input_mask source 6 mask 10
04-03 21:44:18.790  1012 12602 I AudioFlinger: AudioFlinger's thread 0xb2483140 tid=12602 ready to run
04-03 21:44:18.799   788  1479 D audio_hw_primary: in_set_parameters: enter: kvpairs=input_source=6;routing=-2147483644
04-03 21:44:18.801  1012 11031 D APM_AudioPolicyManager: AudioPolicyManager::startInput() input 275094, session 275209, source = 1999
04-03 21:44:18.801 28336 10182 I MicrophoneInputStream: mic_started  SR : 16000 CC : 16 SO : 1999
04-03 21:44:18.802   788 12603 V msm8974_platform: platform_update_usecase_from_source: input source :6
04-03 21:44:18.803   788 12603 V msm8974_platform: platform_check_input_mask: enter check_input_mask source 6 mask 10
04-03 21:44:18.803   788 12603 V msm8974_platform: platform_get_input_snd_device: enter: out_device(0) in_device(0x4) channel_count (1) channel_mask (0x10)
04-03 21:44:18.803   788 12603 V msm8974_platform: platform_get_input_snd_device: exit: in_snd_device(voice-rec-mic)
04-03 21:44:18.803   788 12603 V msm8974_platform: platform_get_backend_index:napb: backend port - 5 device - 120 
04-03 21:44:18.803   788 12603 V msm8974_platform: platform_check_and_set_capture_backend_cfg:txbecf: afe: bitwidth 0, samplerate 0, channel 1, backend_idx 5 usecase = 9 device (voice-rec-mic)
04-03 21:44:18.803   788 12603 V msm8974_platform: platform_check_capture_backend_cfg:txbecf: afe: Codec selected backend: 5 current bit width: 0 and sample rate: 0, channels 1
04-03 21:44:18.803   788 12603 V msm8974_platform: platform_check_capture_backend_cfg:txbecf: afe: Codec selected backend: 5 updated bit width: 0 and sample rate: 0
04-03 21:44:18.803   788 12603 I msm8974_platform: platform_check_capture_backend_cfg:txbecf: afe: Codec backend needs to be updated. new bit width: 0 new sample rate: 0 new channel: 1
04-03 21:44:18.803   788 12603 V msm8974_platform: platform_get_backend_index:napb: backend port - 5 device - 120 
04-03 21:44:18.803   788 12603 V msm8974_platform: platform_set_backend_cfg:becf: afe: bitwidth 0, samplerate 0 channels 1, backend_idx 5 device (voice-rec-mic)
04-03 21:44:18.803   788 12603 E msm8974_platform: platform_set_backend_cfg:becf: afe: Could not get ctl for mixer command - SLIM_0_TX Format
04-03 21:44:18.804   788 12603 V msm8974_platform: platform_send_audio_calibration: sending audio calibration for snd_device(120) acdb_id(62)
04-03 21:44:18.804   788 12603 D ACDB-LOADER: ACDB -> send_audio_cal, acdb_id = 62, path = 1, app id = 0x11130, sample rate = 48000
04-03 21:44:18.804   788 12603 D ACDB-LOADER: ACDB -> send_asm_topology
04-03 21:44:18.804   788 12603 D ACDB-LOADER: ACDB -> ACDB_CMD_GET_AUDPROC_STREAM_TOPOLOGY_ID
04-03 21:44:18.804   788 12603 D ACDB-LOADER: ACDB -> send_adm_topology
04-03 21:44:18.804   788 12603 D ACDB-LOADER: ACDB -> ACDB_CMD_GET_AUDPROC_COMMON_TOPOLOGY_ID
04-03 21:44:18.804   788 12603 D ACDB-LOADER: ACDB -> send_audtable
04-03 21:44:18.804   788 12603 D ACDB-LOADER: ACDB -> ACDB_CMD_GET_AUDPROC_COMMON_TABLE_SIZE
04-03 21:44:18.804   788 12603 D ACDB-LOADER: ACDB -> ACDB_CMD_GET_AUDPROC_COMMON_TABLE
04-03 21:44:18.804   788 12603 D ACDB-LOADER: ACDB -> AUDIO_SET_AUDPROC_CAL
04-03 21:44:18.804   788 12603 D ACDB-LOADER: ACDB -> send_audvoltable
04-03 21:44:18.804   788 12603 D ACDB-LOADER: ACDB -> ACDB_CMD_GET_AUDPROC_VOL_STEP_TABLE_SIZE
04-03 21:44:18.804   788 12603 D ACDB-LOADER: ACDB -> ACDB_CMD_GET_AUDPROC_GAIN_DEP_STEP_TABLE, vol index 0
04-03 21:44:18.804   788 12603 D         : Failed to fetch the lookup information of the device 0000003E 
04-03 21:44:18.805   788 12603 D ACDB-LOADER: ACDB -> AUDIO_SET_VOL_CAL cal type = 12
04-03 21:44:18.805   788 12603 D ACDB-LOADER: ACDB -> ACDB_CMD_GET_AUDPROC_STREAM_TABLE_SIZE
04-03 21:44:18.805   788 12603 D ACDB-LOADER: ACDB -> send_audstrmtable
04-03 21:44:18.805   788 12603 D ACDB-LOADER: ACDB -> ACDB_CMD_GET_AUDPROC_STREAM_TABLE_V2
04-03 21:44:18.805   788 12603 D ACDB-LOADER: ACDB -> audstrm_cal->cal_type.cal_data.cal_size = 456
04-03 21:44:18.805   788 12603 D ACDB-LOADER: ACDB -> send_afe_topology
04-03 21:44:18.805   788 12603 D ACDB-LOADER: ACDB -> ACDB_CMD_GET_AFE_TOPOLOGY_ID
04-03 21:44:18.805   788 12603 D ACDB-LOADER: ACDB -> GET_AFE_TOPOLOGY_ID for adcd_id 62, Topology Id 112fb
04-03 21:44:18.805   788 12603 D ACDB-LOADER: ACDB -> send_afe_cal
04-03 21:44:18.805   788 12603 D ACDB-LOADER: ACDB -> ACDB_CMD_GET_AFE_COMMON_TABLE_SIZE
04-03 21:44:18.805   788 12603 D         : Failed to fetch the lookup information of the device 0000003E 
04-03 21:44:18.805   788 12603 E ACDB-LOADER: Error: ACDB_CMD_GET_AFE_COMMON_TABLE_SIZE Returned = -19
04-03 21:44:18.805   788 12603 D ACDB-LOADER: ACDB -> ACDB_CMD_GET_AFE_COMMON_TABLE
04-03 21:44:18.805   788 12603 D         : Failed to fetch the lookup information of the device 0000003E 
04-03 21:44:18.805   788 12603 D ACDB-LOADER: ACDB -> AUDIO_SET_AFE_CAL
04-03 21:44:18.805   788 12603 D ACDB-LOADER: ACDB -> send_hw_delay : acdb_id = 62 path = 1
04-03 21:44:18.806   788 12603 D ACDB-LOADER: ACDB -> ACDB_AVSYNC_INFO: ACDB_CMD_GET_DEVICE_PROPERTY
04-03 21:44:18.806   788 12603 D audio_hw_primary: enable_snd_device: snd_device(120: voice-rec-mic)
04-03 21:44:18.806   788 12603 D audio_route: Apply path: voice-rec-mic
04-03 21:44:18.808   788 12603 V msm8974_platform: platform_get_snd_device_backend_index: enter with device 120
04-03 21:44:18.808   788 12603 E msm8974_platform: platform_get_snd_device_backend_index: BE DAI Name Table is not present
04-03 21:44:18.808   788 12603 V msm8974_platform: platform_get_backend_index:napb: backend port - 5 device - 120 
04-03 21:44:18.808   788 12603 I audio_hw_utils: Set Audio Stream Capture 0 App Type Cfg: app_type 69936, acdb_dev_id 62, sample_rate 48000, snd_device_be_idx -14
04-03 21:44:18.808   788 12603 D audio_hw_primary: enable_audio_route: usecase(9) apply and update mixer path: audio-record
04-03 21:44:18.808   788 12603 D audio_route: Apply path: audio-record
04-03 21:44:18.877 28336 28379 I MicroDetectionWorker: onReady
04-03 21:44:19.023 12371 12400 I chatty  : uid=11224(org.mozilla.fennec_aurora) expire 2 lines
04-03 21:44:19.182  1456  7796 I OpenGLRenderer: Initialized EGL, version 1.4
04-03 21:44:19.182  1456  7796 D OpenGLRenderer: Swap behavior 2
04-03 21:44:19.232  2748  2917 W OpenGLRenderer: Incorrectly called buildLayer on View: ShortcutAndWidgetContainer, destroying layer...
04-03 21:44:19.378   808   898 I SFPerfTracer:      triggers: (rate: 0:1) (0 sw vsyncs) (0 skipped) (37:6083496 vsyncs) (39:12777932)
04-03 21:44:19.526  1456  1466 I zygote  : NativeAlloc concurrent copying GC freed 40568(2MB) AllocSpace objects, 19(636KB) LOS objects, 38% free, 38MB/62MB, paused 175us total 343.839ms
04-03 21:44:23.831  1456  2915 I ActivityManager: Force stopping org.mozilla.fennec_aurora appid=11224 user=0: from pid 12609
04-03 21:44:23.832  1456  2915 I ActivityManager: Killing 12371:org.mozilla.fennec_aurora/u0a1224 (adj 700): stop org.mozilla.fennec_aurora
04-03 21:44:23.834  1456  1605 W zygote  : kill(-12371, 9) failed: No such process
04-03 21:44:23.836  1456  2915 W ActivityManager: Force removing ActivityRecord{aa8dc8a u0 org.mozilla.fennec_aurora/org.mozilla.fenix.HomeActivity t54177}: app died, no saved state
04-03 21:44:23.849  1456  2915 I ActivityManager: Killing 12449:org.mozilla.fennec_aurora:tab0/u0a1224 (adj 0): stop org.mozilla.fennec_aurora
04-03 21:44:23.850  1456  1605 W zygote  : kill(-12371, 9) failed: No such process
04-03 21:44:23.854 10111 10111 D GeckoMemoryMonitor: onTrimMemory() notification received with level 15
04-03 21:44:23.854 10111 10111 D GeckoMemoryMonitor: increasing memory pressure to 4
04-03 21:44:23.859 17214 17214 I AppBase : onTrimMemory(): 15
04-03 21:44:23.861 17214 17214 I GoogleInputMethodService: onTrimMemory(): 15
04-03 21:44:23.863  1456  1605 W zygote  : kill(-12371, 9) failed: No such process
04-03 21:44:23.870  2398  2398 D CarrierSvcBindHelper: No carrier app for: 0
04-03 21:44:23.871  2398  2398 D CarrierSvcBindHelper: No carrier app for: 1
04-03 21:44:23.879  1456  1605 W zygote  : kill(-12371, 9) failed: No such process
04-03 21:44:23.910  1456  1605 I chatty  : uid=1000(system) ActivityManager identical 2 lines
04-03 21:44:23.915  1456  1673 W ActivityManager: setHasOverlayUi called on unknown pid: 12371
04-03 21:44:23.922  1456  1605 W zygote  : kill(-12371, 9) failed: No such process
04-03 21:44:23.923  1456  1605 I zygote  : Successfully killed process cgroup uid 11224 pid 12371 in 88ms
04-03 21:44:23.923  1456  1605 W zygote  : kill(-12449, 9) failed: No such process
04-03 21:44:23.923  1456  1605 I zygote  : Successfully killed process cgroup uid 11224 pid 12449 in 0ms
04-03 21:44:23.966  1456  2921 I ActivityManager: START u0 {act=android.intent.action.MAIN cat=[android.intent.category.LAUNCHER] flg=0x10000000 cmp=org.mozilla.fennec_aurora/.App} from uid 2000
04-03 21:44:23.966   794   839 E ANDR-PERF-RESOURCEQS: Failed to apply optimization [4, 0]
04-03 21:44:23.981  1456  7796 I OpenGLRenderer: Initialized EGL, version 1.4
04-03 21:44:23.981  1456  7796 D OpenGLRenderer: Swap behavior 2
04-03 21:44:23.986  1456  6339 I ActivityManager: Start proc 12616:org.mozilla.fennec_aurora/u0a1224 for activity org.mozilla.fennec_aurora/.App
04-03 21:44:24.077 28336 28379 I MicroDetectionState: Should stop hotword detection immediately - false
04-03 21:44:24.077 28336 28379 I MicroDetector: Keeping mic open: false
04-03 21:44:24.077 28336 28379 I RecognitionAudioControl: #shutdownAudio [requestId: 8981495207755251008, keepAudioOpen: false, forced: true]
04-03 21:44:24.077 28336 21981 E DeviceStateChecker: DeviceStateChecker cancelled
04-03 21:44:24.077 28336 28379 I RecognitionAudioControl: #internalShutdownAudio [requestId: 8981495207755251008]
04-03 21:44:24.077 28336 28379 I RecognitionAudioControl: #internalShutdownAudio [keepAudioOpen: false, forced: true]
04-03 21:44:24.077 28336 28379 I RecognitionAudioControl: #actualShutdownAudio
04-03 21:44:24.077 28336 28379 I AudioController: #shutdown [requestId=8981495207755251008]
04-03 21:44:24.077 28336 28367 I AudioController: internalShutdown
04-03 21:44:24.078 28336 28362 I MicroRecognitionRunner: Stopping hotword detection.
04-03 21:44:24.136   788  1479 D audio_hw_primary: disable_audio_route: usecase(9) reset and update mixer path: audio-record
04-03 21:44:24.137   788  1479 D audio_hw_primary: disable_snd_device: snd_device(120: voice-rec-mic)
04-03 21:44:24.139  1012  8317 D APM_AudioPolicyManager: stopInput() input 275094, session 275209
04-03 21:44:24.140   788   788 D audio_hw_primary: in_set_parameters: enter: kvpairs=routing=0
04-03 21:44:24.142 28336 28367 I MicrophoneInputStream: mic_close  SR : 16000 CC : 16 SO : 1999
04-03 21:44:24.142 28336 28367 E AudioSource: Stop listening is called on already closed AudioSource
04-03 21:44:24.144 28336 21980 I MicroRecognitionRunner: Detection finished
04-03 21:44:24.159 12616 12616 I chatty  : uid=11224(org.mozilla.fennec_aurora) com.google.android.apps.tachyon expire 34 lines
04-03 21:44:24.230 12616 12636 I chatty  : uid=11224(org.mozilla.fennec_aurora) com.google.android.apps.tachyon expire 4 lines
04-03 21:44:24.253  1456  2921 D ConnectivityService: requestNetwork for uid/pid:11224/12616 NetworkRequest [ TRACK_DEFAULT id=35732, [ Capabilities: INTERNET&NOT_RESTRICTED&TRUSTED&NOT_VPN] ]
04-03 21:44:24.254  1456  2099 D Ethernet: got request NetworkRequest [ TRACK_DEFAULT id=35732, [ Capabilities: INTERNET&NOT_RESTRICTED&TRUSTED&NOT_VPN] ] with score 0
04-03 21:44:24.254  1456  2054 D WIFI_UT : got request NetworkRequest [ TRACK_DEFAULT id=35732, [ Capabilities: INTERNET&NOT_RESTRICTED&TRUSTED&NOT_VPN] ] with score 0
04-03 21:44:24.255  1456  2054 D WIFI    : got request NetworkRequest [ TRACK_DEFAULT id=35732, [ Capabilities: INTERNET&NOT_RESTRICTED&TRUSTED&NOT_VPN] ] with score 0
04-03 21:44:24.255  2398  2398 D PhoneSwitcherNetworkRequstListener: got request NetworkRequest [ TRACK_DEFAULT id=35732, [ Capabilities: INTERNET&NOT_RESTRICTED&TRUSTED&NOT_VPN] ] with score 0
04-03 21:44:24.256 12616 12647 I chatty  : uid=11224(org.mozilla.fennec_aurora) com.google.android.apps.tachyon expire 11 lines
04-03 21:44:24.277 12616 12645 I chatty  : uid=11224(org.mozilla.fennec_aurora) com.google.android.apps.tachyon expire 11 lines
04-03 21:44:24.280 12616 12650 I chatty  : uid=11224(org.mozilla.fennec_aurora) com.google.android.apps.tachyon expire 19 lines
04-03 21:44:24.363 12616 12648 I chatty  : uid=11224(org.mozilla.fennec_aurora) com.google.android.apps.tachyon expire 2 lines
04-03 21:44:24.377 12616 12657 I chatty  : uid=11224(org.mozilla.fennec_aurora) com.google.android.apps.tachyon expire 1 line
04-03 21:44:24.422 12616 12667 I chatty  : uid=11224(org.mozilla.fennec_aurora) com.google.android.apps.tachyon expire 9 lines
04-03 21:44:24.428 12616 12621 I chatty  : uid=11224(org.mozilla.fennec_aurora) com.google.android.apps.tachyon expire 4 lines
04-03 21:44:24.468  1456  2921 I ActivityManager: START u0 {act=android.intent.action.MAIN cat=[android.intent.category.LAUNCHER] flg=0x10000000 cmp=org.mozilla.fennec_aurora/org.mozilla.fenix.HomeActivity (has extras)} from uid 11224
04-03 21:44:24.495   808   808 D SurfaceFlinger: duplicate layer name: changing Splash Screen org.mozilla.fennec_aurora to Splash Screen org.mozilla.fennec_aurora#1
04-03 21:44:24.504  1456  2916 I ActivityManager: Start proc 12695:org.mozilla.fennec_aurora:tab0/u0a1224 for service org.mozilla.fennec_aurora/org.mozilla.gecko.process.GeckoChildProcessServices$tab0
04-03 21:44:24.669 12695 12695 I chatty  : uid=11224(org.mozilla.fennec_aurora) expire 1 line
04-03 21:44:24.670 12695 12719 I chatty  : uid=11224(org.mozilla.fennec_aurora) expire 1 line
04-03 21:44:24.847 10111 10125 E AuthStateProvider: Calling package disagreement. Legacy: org.mozilla.fennec.sharedID:11224, new API: org.mozilla.fennec_aurora
04-03 21:44:24.848 10111 10125 D AuthStateProvider: Caller must be whitelisted.
04-03 21:44:24.848 12616 12616 E ActivityThread: Failed to find provider info for org.mozilla.fennec_aurora.fxa.auth
04-03 21:44:24.887 12616 12621 I chatty  : uid=11224(org.mozilla.fennec_aurora) com.google.android.apps.tachyon expire 4 lines
04-03 21:44:24.907 12616 12616 I chatty  : uid=11224(org.mozilla.fennec_aurora) com.google.android.apps.tachyon expire 24 lines
04-03 21:44:24.913 12616 12667 I chatty  : uid=11224(org.mozilla.fennec_aurora) com.google.android.apps.tachyon expire 1 line
04-03 21:44:24.929   808   808 I SFPerfTracer:      triggers: (rate: 72:2019063) (compose: 0:7) (post: 0:19) (render: 0:17) (16:10145034 frames) (17:12682651)
04-03 21:44:24.930   808   808 D SFPerfTracer:        layers: (3:14) (NavigationBar#0 (0xb07df000): 0:917888) (StatusBar#0 (0xb07e3000): 0:2171646) (com.android.systemui.ImageWallpaper#0 (0xb07e7000): 0:84616)* (Sprite#0 (0xb0733000): 0:317)* (DimLayerController/Stack=0#0 (0xb075a000): 0:3823)* (Sprite#1 (0xb077c000): 0:195)* (com.android.launcher3/com.android.launcher3.CustomizationPanelLauncher#0 (0xb0763000): 0:38)- (com.android.launcher3/com.android.launcher3.CustomizationPanelLauncher#1 (0xb0771000): 0:11)- (Splash Screen org.mozilla.fennec_aurora#1 (0xb013a000): 0:32)- (org.mozilla.fennec_aurora/org.mozilla.fenix.HomeActivity#0 (0xb039b000): 0:45)- (com.android.launcher3/com.android.launcher3.CustomizationPanelLauncher#0 (0xb0763000): 0:39)* (com.android.launcher3/com.android.launcher3.CustomizationPanelLauncher#1 (0xb0771000): 0:10)* (Splash Screen org.mozilla.fennec_aurora#0 (0xb039b000): 0:19)- (Splash Screen org.mozilla.fennec_aurora#1 (0xb013a000): 16:19) 
04-03 21:44:24.936 12616 12727 I chatty  : uid=11224(org.mozilla.fennec_aurora) com.google.android.apps.tachyon expire 9 lines
04-03 21:44:25.022 12616 12650 I chatty  : uid=11224(org.mozilla.fennec_aurora) com.google.android.apps.tachyon expire 8 lines
04-03 21:44:25.259 12616 12735 I chatty  : uid=11224(org.mozilla.fennec_aurora) com.google.android.apps.tachyon expire 2 lines
04-03 21:44:25.263  1456  1673 I LaunchCheckinHandler: Displayed org.mozilla.fennec_aurora/org.mozilla.fenix.HomeActivity,wp,ca,736
04-03 21:44:25.264  1456  1673 I ActivityManager: Displayed org.mozilla.fennec_aurora/org.mozilla.fenix.HomeActivity: +728ms (total +1s281ms)
04-03 21:44:25.286 28336 28336 I MemoryTrimmer: Trimming objects from memory, since app is in the background.
04-03 21:44:25.292 28336 28379 E AudioSource: Stop listening is called on already closed AudioSource
04-03 21:44:25.295 28336 10182 I PBSessionCacheImpl: Deleted sessionId[124624629806620284] from persistence.
04-03 21:44:25.296 28336 28336 I MemoryTrimmer: Trimming objects from memory, since app is in the background.
04-03 21:44:25.300  1456  2921 I WifiService: getWifiEnabledState uid=10073
04-03 21:44:25.303 28336 28379 I DEBUG   : OpaToSrpTransitionState#onStateChanged#notNullQuery
04-03 21:44:25.304 28336 28379 I DEBUG   : OpaToSrpTransitionState#onStateChanged#notNullQuery
04-03 21:44:25.306 28336 28379 W SearchServiceCore: Abort, client detached.
04-03 21:44:25.324 10111 10125 E AuthStateProvider: Calling package disagreement. Legacy: org.mozilla.fennec.sharedID:11224, new API: org.mozilla.fennec_aurora
04-03 21:44:25.324 10111 10125 D AuthStateProvider: Caller must be whitelisted.
04-03 21:44:25.325 12616 12616 E ActivityThread: Failed to find provider info for org.mozilla.fennec_aurora.fxa.auth
04-03 21:44:25.432  1023 12750 D libc    : Internal error: netid(0), id(0xcf31), server(0.0.0.0)
04-03 21:44:25.432  1023 12750 D libc    : Internal error: netid(0), id(0xcf31), server(0.0.0.0)
04-03 21:44:25.432  1023 12750 D libc    : Internal error: netid(0), id(0x73), server(0.0.0.0)
04-03 21:44:25.432  1023 12750 D libc    : Internal error: netid(0), id(0x73), server(0.0.0.0)
04-03 21:44:25.450  1023 12757 D libc    : Internal error: netid(0), id(0x6b75), server(0.0.0.0)
04-03 21:44:25.450  1023 12757 D libc    : Internal error: netid(0), id(0x6b75), server(0.0.0.0)
04-03 21:44:25.450  1023 12757 D libc    : Internal error: netid(0), id(0x8029), server(0.0.0.0)
04-03 21:44:25.450  1023 12757 D libc    : Internal error: netid(0), id(0x8029), server(0.0.0.0)
04-03 21:44:25.454  1023 12763 D libc    : Internal error: netid(0), id(0xc94e), server(0.0.0.0)
04-03 21:44:25.454  1023 12763 D libc    : Internal error: netid(0), id(0xc94e), server(0.0.0.0)
04-03 21:44:25.454  1023 12763 D libc    : Internal error: netid(0), id(0xd106), server(0.0.0.0)
04-03 21:44:25.455  1023 12763 D libc    : Internal error: netid(0), id(0xd106), server(0.0.0.0)
04-03 21:44:25.455 12616 12648 I chatty  : uid=11224(org.mozilla.fennec_aurora) com.google.android.apps.tachyon expire 3 lines
04-03 21:44:25.455 12616 12669 I chatty  : uid=11224(org.mozilla.fennec_aurora) com.google.android.apps.tachyon expire 1 line
04-03 21:44:25.456 12616 12647 I chatty  : uid=11224(org.mozilla.fennec_aurora) com.google.android.apps.tachyon expire 1 line
04-03 21:44:25.460  1023 12768 D libc    : Internal error: netid(0), id(0xf465), server(0.0.0.0)
04-03 21:44:25.461  1023 12768 D libc    : Internal error: netid(0), id(0xf465), server(0.0.0.0)
04-03 21:44:25.461  1023 12768 D libc    : Internal error: netid(0), id(0xa25b), server(0.0.0.0)
04-03 21:44:25.461  1023 12768 D libc    : Internal error: netid(0), id(0xa25b), server(0.0.0.0)
04-03 21:44:25.462  1023 12770 D libc    : Internal error: netid(0), id(0xed1e), server(0.0.0.0)
04-03 21:44:25.463  1023 12770 D libc    : Internal error: netid(0), id(0xed1e), server(0.0.0.0)
04-03 21:44:25.463  1023 12770 D libc    : Internal error: netid(0), id(0x1261), server(0.0.0.0)
04-03 21:44:25.463  1023 12770 D libc    : Internal error: netid(0), id(0x1261), server(0.0.0.0)
04-03 21:44:25.466  1023 12774 D libc    : Internal error: netid(0), id(0xdb45), server(0.0.0.0)
04-03 21:44:25.466  1023 12774 D libc    : Internal error: netid(0), id(0xdb45), server(0.0.0.0)
04-03 21:44:25.466  1023 12774 D libc    : Internal error: netid(0), id(0xab4c), server(0.0.0.0)
04-03 21:44:25.466  1023 12774 D libc    : Internal error: netid(0), id(0xab4c), server(0.0.0.0)
04-03 21:44:25.501 12616 12779 I chatty  : uid=11224(org.mozilla.fennec_aurora) com.google.android.apps.tachyon expire 1 line
04-03 21:44:27.123  2398  2398 D QtiCarrierConfigHelper: WARNING, no carrier configs on phone Id: 0
04-03 21:44:29.624 12820 12820 D AndroidRuntime: >>>>>> START com.android.internal.os.RuntimeInit uid 2000 <<<<<<
04-03 21:44:29.637 12820 12820 W app_process: Could not reserve sentinel fault page
04-03 21:44:29.802 12820 12820 I app_process: The ClassLoaderContext is a special shared library.
04-03 21:44:29.869 12820 12820 D AndroidRuntime: Calling main entry com.android.commands.input.Input
04-03 21:44:29.874 12820 12820 I Input   : injectKeyEvent: KeyEvent { action=ACTION_DOWN, keyCode=KEYCODE_HOME, scanCode=0, metaState=0, flags=0x0, repeatCount=0, eventTime=18040725152, downTime=18040725152, deviceId=-1, source=0x101 }
04-03 21:44:29.883 12820 12820 I Input   : injectKeyEvent: KeyEvent { action=ACTION_UP, keyCode=KEYCODE_HOME, scanCode=0, metaState=0, flags=0x0, repeatCount=0, eventTime=18040725152, downTime=18040725152, deviceId=-1, source=0x101 }
04-03 21:44:29.889  1456  1941 I ActivityManager: START u0 {act=android.intent.action.MAIN cat=[android.intent.category.HOME] flg=0x10200000 cmp=com.android.launcher3/.CustomizationPanelLauncher (has extras)} from uid 1000
04-03 21:44:29.890   794   839 E ANDR-PERF-RESOURCEQS: Failed to apply optimization [4, 0]
04-03 21:44:29.901  1456  1941 I ActivityManager: moveHomeStack, setupComplete:true
04-03 21:44:29.907 28336 28375 I Adreno  : QUALCOMM build                   : bb5b86c, I77d3059488
04-03 21:44:29.907 28336 28375 I Adreno  : Build Date                       : 06/07/18
04-03 21:44:29.907 28336 28375 I Adreno  : OpenGL ES Shader Compiler Version: EV031.22.00.01_06
04-03 21:44:29.907 28336 28375 I Adreno  : Local Branch                     : 
04-03 21:44:29.907 28336 28375 I Adreno  : Remote Branch                    : refs/tags/AU_LINUX_ANDROID_LA.UM.6.5.R1.08.01.00.312.086
04-03 21:44:29.907 28336 28375 I Adreno  : Remote Branch                    : NONE
04-03 21:44:29.907 28336 28375 I Adreno  : Reconstruct Branch               : NOTHING
04-03 21:44:29.910 28336 28375 D vndksupport: Loading /vendor/lib/hw/gralloc.msm8937.so from current namespace instead of sphal namespace.
04-03 21:44:29.913 12820 12820 D AndroidRuntime: Shutting down VM
04-03 21:44:29.914 28336 28375 I Adreno  : PFP: 0x005ff087, ME: 0x005ff063
04-03 21:44:29.918 28336 28375 I zygote  : android::hardware::configstore::V1_0::ISurfaceFlingerConfigs::hasWideColorDisplay retrieved: 0
04-03 21:44:29.919 28336 28375 I OpenGLRenderer: Initialized EGL, version 1.4
04-03 21:44:29.919 28336 28375 D OpenGLRenderer: Swap behavior 2
04-03 21:44:29.926  2748  2748 D Launcher.Utilities: Wakeup weather: Intent { act=com.motorola.launcher3.action.WAKEUP_WEATHER cmp=com.motorola.timeweatherwidget/com.motorola.commandcenter.weather.WakeUpService }
04-03 21:44:29.945  1456  1456 I NotificationService: Cannot find enqueued record for key: 0|com.motorola.timeweatherwidget|1|null|10116
04-03 21:44:29.946   808   808 D SurfaceFlinger: duplicate layer name: changing com.android.launcher3/com.android.launcher3.CustomizationPanelLauncher to com.android.launcher3/com.android.launcher3.CustomizationPanelLauncher#1
04-03 21:44:29.954 28336 28369 W ThreadPoolDumper: Queue length for executor EventBus is now 11. Perhaps some tasks are too long, or the pool is too small.
04-03 21:44:29.958  1456  2236 I WifiService: getWifiEnabledState uid=10073
04-03 21:44:29.971  1456  2236 I WifiService: getWifiEnabledState uid=10073
04-03 21:44:29.981 28336 28379 I DEBUG   : OpaToSrpTransitionState#onStateChanged#notNullQuery
04-03 21:44:29.982 28336 28379 I DEBUG   : OpaToSrpTransitionState#onStateChanged#notNullQuery
04-03 21:44:29.997 28336 28379 I MicroDetectionState: Should stop hotword detection immediately - false
04-03 21:44:30.000 28336 28379 I MicroDetectionWorker: #startMicroDetector [speakerMode: 0]
04-03 21:44:30.001 28336 28379 I AudioController: Created new AudioSource
04-03 21:44:30.031  1456  1673 I LaunchCheckinHandler: Displayed com.android.launcher3/.CustomizationPanelLauncher,wp,wa,142
04-03 21:44:30.032 28336 28378 I MicroDataManager: isInitializedWithLatestParams-true
04-03 21:44:30.032 28336 28378 I MicroDataManager: isInitializing-false locale not changed-true model not changed-true
04-03 21:44:30.032 28336 28378 I MicroDataManager: Already initialized, obtaining the hotword data immediately.
04-03 21:44:30.038 28336 21981 I MicroRecognitionRunner: Starting detection.
04-03 21:44:30.038 28336 21981 I InputStreamUtils: Using micInputStream
04-03 21:44:30.040 28336 10277 I MicrophoneInputStream: mic_starting  SR : 16000 CC : 16 SO : 1999
04-03 21:44:30.043   788   788 V msm8974_platform: platform_check_input_mask: enter check_input_mask source 6 mask 10
04-03 21:44:30.047  1012 12835 I AudioFlinger: AudioFlinger's thread 0xb2483dc0 tid=12835 ready to run
04-03 21:44:30.053   788   788 D audio_hw_primary: in_set_parameters: enter: kvpairs=input_source=6;routing=-2147483644
04-03 21:44:30.054  1012  8317 D APM_AudioPolicyManager: AudioPolicyManager::startInput() input 275102, session 275217, source = 1999
04-03 21:44:30.054 28336 10277 I MicrophoneInputStream: mic_started  SR : 16000 CC : 16 SO : 1999
04-03 21:44:30.055   788 12836 V msm8974_platform: platform_update_usecase_from_source: input source :6
04-03 21:44:30.055   788 12836 V msm8974_platform: platform_check_input_mask: enter check_input_mask source 6 mask 10
04-03 21:44:30.055   788 12836 V msm8974_platform: platform_get_input_snd_device: enter: out_device(0) in_device(0x4) channel_count (1) channel_mask (0x10)
04-03 21:44:30.055   788 12836 V msm8974_platform: platform_get_input_snd_device: exit: in_snd_device(voice-rec-mic)
04-03 21:44:30.055   788 12836 V msm8974_platform: platform_get_backend_index:napb: backend port - 5 device - 120 
04-03 21:44:30.055   788 12836 V msm8974_platform: platform_check_and_set_capture_backend_cfg:txbecf: afe: bitwidth 0, samplerate 0, channel 1, backend_idx 5 usecase = 9 device (voice-rec-mic)
04-03 21:44:30.055   788 12836 V msm8974_platform: platform_check_capture_backend_cfg:txbecf: afe: Codec selected backend: 5 current bit width: 0 and sample rate: 0, channels 1
04-03 21:44:30.055   788 12836 V msm8974_platform: platform_check_capture_backend_cfg:txbecf: afe: Codec selected backend: 5 updated bit width: 0 and sample rate: 0
04-03 21:44:30.055   788 12836 I msm8974_platform: platform_check_capture_backend_cfg:txbecf: afe: Codec backend needs to be updated. new bit width: 0 new sample rate: 0 new channel: 1
04-03 21:44:30.055   788 12836 V msm8974_platform: platform_get_backend_index:napb: backend port - 5 device - 120 
04-03 21:44:30.055   788 12836 V msm8974_platform: platform_set_backend_cfg:becf: afe: bitwidth 0, samplerate 0 channels 1, backend_idx 5 device (voice-rec-mic)
04-03 21:44:30.056   788 12836 E msm8974_platform: platform_set_backend_cfg:becf: afe: Could not get ctl for mixer command - SLIM_0_TX Format
04-03 21:44:30.056   788 12836 V msm8974_platform: platform_send_audio_calibration: sending audio calibration for snd_device(120) acdb_id(62)
04-03 21:44:30.056   788 12836 D ACDB-LOADER: ACDB -> send_audio_cal, acdb_id = 62, path = 1, app id = 0x11130, sample rate = 48000
04-03 21:44:30.056   788 12836 D ACDB-LOADER: ACDB -> send_asm_topology
04-03 21:44:30.056   788 12836 D ACDB-LOADER: ACDB -> ACDB_CMD_GET_AUDPROC_STREAM_TOPOLOGY_ID
04-03 21:44:30.056   788 12836 D ACDB-LOADER: ACDB -> send_adm_topology
04-03 21:44:30.056   788 12836 D ACDB-LOADER: ACDB -> ACDB_CMD_GET_AUDPROC_COMMON_TOPOLOGY_ID
04-03 21:44:30.056   788 12836 D ACDB-LOADER: ACDB -> send_audtable
04-03 21:44:30.056   788 12836 D ACDB-LOADER: ACDB -> ACDB_CMD_GET_AUDPROC_COMMON_TABLE_SIZE
04-03 21:44:30.056   788 12836 D ACDB-LOADER: ACDB -> ACDB_CMD_GET_AUDPROC_COMMON_TABLE
04-03 21:44:30.056   788 12836 D ACDB-LOADER: ACDB -> AUDIO_SET_AUDPROC_CAL
04-03 21:44:30.056   788 12836 D ACDB-LOADER: ACDB -> send_audvoltable
04-03 21:44:30.056   788 12836 D ACDB-LOADER: ACDB -> ACDB_CMD_GET_AUDPROC_VOL_STEP_TABLE_SIZE
04-03 21:44:30.057   788 12836 D ACDB-LOADER: ACDB -> ACDB_CMD_GET_AUDPROC_GAIN_DEP_STEP_TABLE, vol index 0
04-03 21:44:30.057   788 12836 D         : Failed to fetch the lookup information of the device 0000003E 
04-03 21:44:30.057   788 12836 D ACDB-LOADER: ACDB -> AUDIO_SET_VOL_CAL cal type = 12
04-03 21:44:30.057   788 12836 D ACDB-LOADER: ACDB -> ACDB_CMD_GET_AUDPROC_STREAM_TABLE_SIZE
04-03 21:44:30.057   788 12836 D ACDB-LOADER: ACDB -> send_audstrmtable
04-03 21:44:30.057   788 12836 D ACDB-LOADER: ACDB -> ACDB_CMD_GET_AUDPROC_STREAM_TABLE_V2
04-03 21:44:30.057   788 12836 D ACDB-LOADER: ACDB -> audstrm_cal->cal_type.cal_data.cal_size = 456
04-03 21:44:30.057   788 12836 D ACDB-LOADER: ACDB -> send_afe_topology
04-03 21:44:30.057   788 12836 D ACDB-LOADER: ACDB -> ACDB_CMD_GET_AFE_TOPOLOGY_ID
04-03 21:44:30.057   788 12836 D ACDB-LOADER: ACDB -> GET_AFE_TOPOLOGY_ID for adcd_id 62, Topology Id 112fb
04-03 21:44:30.057   788 12836 D ACDB-LOADER: ACDB -> send_afe_cal
04-03 21:44:30.057   788 12836 D ACDB-LOADER: ACDB -> ACDB_CMD_GET_AFE_COMMON_TABLE_SIZE
04-03 21:44:30.057   788 12836 D         : Failed to fetch the lookup information of the device 0000003E 
04-03 21:44:30.057   788 12836 E ACDB-LOADER: Error: ACDB_CMD_GET_AFE_COMMON_TABLE_SIZE Returned = -19
04-03 21:44:30.057   788 12836 D ACDB-LOADER: ACDB -> ACDB_CMD_GET_AFE_COMMON_TABLE
04-03 21:44:30.057   788 12836 D         : Failed to fetch the lookup information of the device 0000003E 
04-03 21:44:30.057   788 12836 D ACDB-LOADER: ACDB -> AUDIO_SET_AFE_CAL
04-03 21:44:30.057   788 12836 D ACDB-LOADER: ACDB -> send_hw_delay : acdb_id = 62 path = 1
04-03 21:44:30.057   788 12836 D ACDB-LOADER: ACDB -> ACDB_AVSYNC_INFO: ACDB_CMD_GET_DEVICE_PROPERTY
04-03 21:44:30.057   788 12836 D audio_hw_primary: enable_snd_device: snd_device(120: voice-rec-mic)
04-03 21:44:30.057   788 12836 D audio_route: Apply path: voice-rec-mic
04-03 21:44:30.062   788 12836 V msm8974_platform: platform_get_snd_device_backend_index: enter with device 120
04-03 21:44:30.062   788 12836 E msm8974_platform: platform_get_snd_device_backend_index: BE DAI Name Table is not present
04-03 21:44:30.062   788 12836 V msm8974_platform: platform_get_backend_index:napb: backend port - 5 device - 120 
04-03 21:44:30.062   788 12836 I audio_hw_utils: Set Audio Stream Capture 0 App Type Cfg: app_type 69936, acdb_dev_id 62, sample_rate 48000, snd_device_be_idx -14
04-03 21:44:30.063   788 12836 D audio_hw_primary: enable_audio_route: usecase(9) apply and update mixer path: audio-record
04-03 21:44:30.063   788 12836 D audio_route: Apply path: audio-record
04-03 21:44:30.132 28336 28379 I MicroDetectionWorker: onReady
04-03 21:44:30.167  2146  2165 I zygote  : NativeAlloc concurrent copying GC freed 19113(1068KB) AllocSpace objects, 0(0B) LOS objects, 50% free, 9MB/18MB, paused 190us total 126.786ms
04-03 21:44:30.444  1456  7796 I OpenGLRenderer: Initialized EGL, version 1.4
04-03 21:44:30.444  1456  7796 D OpenGLRenderer: Swap behavior 2
04-03 21:44:30.477  2748  2917 W OpenGLRenderer: Incorrectly called buildLayer on View: ShortcutAndWidgetContainer, destroying layer...
04-03 21:44:30.601 12616 12645 I chatty  : uid=11224(org.mozilla.fennec_aurora) com.google.android.apps.tachyon expire 6 lines
04-03 21:44:30.623   808   898 I SFPerfTracer:      triggers: (rate: 0:1) (0 sw vsyncs) (0 skipped) (37:6083591 vsyncs) (39:12778050)
04-03 21:44:31.935  1456  1893 D BatteryService: uevent={POWER_SUPPLY_VOLTAGE_NOW=4352239, POWER_SUPPLY_CHARGE_RATE=Normal, POWER_SUPPLY_HEALTH=Good, POWER_SUPPLY_CURRENT_NOW=152, POWER_SUPPLY_PRESENT=1, SUBSYSTEM=power_supply, POWER_SUPPLY_TEMP=277, SEQNUM=445020, ACTION=change, POWER_SUPPLY_NAME=battery, POWER_SUPPLY_STATUS=Full, POWER_SUPPLY_CHARGE_COUNTER=2820646, POWER_SUPPLY_CAPACITY=100, DEVPATH=/devices/soc/qpnp-smbcharger-17/power_supply/battery}
04-03 21:44:31.939  2398  2398 D QtiCarrierConfigHelper: WARNING, no carrier configs on phone Id: 0
04-03 21:44:35.065  1456  2236 I ActivityManager: Force stopping org.mozilla.fennec_aurora appid=11224 user=0: from pid 12841
04-03 21:44:35.065  1456  2236 I ActivityManager: Killing 12616:org.mozilla.fennec_aurora/u0a1224 (adj 700): stop org.mozilla.fennec_aurora
04-03 21:44:35.068  1456  1605 W zygote  : kill(-12616, 9) failed: No such process
04-03 21:44:35.068 12695 12695 I chatty  : uid=11224(org.mozilla.fennec_aurora) expire 1 line
04-03 21:44:35.069  1456  2236 W ActivityManager: Force removing ActivityRecord{8a37d95 u0 org.mozilla.fennec_aurora/org.mozilla.fenix.HomeActivity t54179}: app died, no saved state
04-03 21:44:35.078  1456  2236 I ActivityManager: Killing 12695:org.mozilla.fennec_aurora:tab0/u0a1224 (adj 0): stop org.mozilla.fennec_aurora
04-03 21:44:35.083  1456  1605 W zygote  : kill(-12616, 9) failed: No such process
04-03 21:44:35.085 10111 10111 D GeckoMemoryMonitor: onTrimMemory() notification received with level 15
04-03 21:44:35.085 10111 10111 D GeckoMemoryMonitor: increasing memory pressure to 4
04-03 21:44:35.087 17214 17214 I AppBase : onTrimMemory(): 15
04-03 21:44:35.087 17214 17214 I GoogleInputMethodService: onTrimMemory(): 15
04-03 21:44:35.097  2398  2398 D CarrierSvcBindHelper: No carrier app for: 0
04-03 21:44:35.097  1456  1605 W zygote  : kill(-12616, 9) failed: No such process
04-03 21:44:35.098  2398  2398 D CarrierSvcBindHelper: No carrier app for: 1
04-03 21:44:35.112  1456  1605 W zygote  : kill(-12616, 9) failed: No such process
04-03 21:44:35.132  1456  1605 I chatty  : uid=1000(system) ActivityManager identical 4 lines
04-03 21:44:35.136  1456  2916 D ConnectivityService: ConnectivityService NetworkRequestInfo binderDied(NetworkRequest [ TRACK_DEFAULT id=35732, [ Capabilities: INTERNET&NOT_RESTRICTED&TRUSTED&NOT_VPN] ], android.os.BinderProxy@bf1893f)
04-03 21:44:35.136  1456  1673 W ActivityManager: setHasOverlayUi called on unknown pid: 12616
04-03 21:44:35.136  1456  2067 D ConnectivityService: releasing NetworkRequest [ TRACK_DEFAULT id=35732, [ Capabilities: INTERNET&NOT_RESTRICTED&TRUSTED&NOT_VPN] ] (release request)
04-03 21:44:35.148  1456  1605 W zygote  : kill(-12616, 9) failed: No such process
04-03 21:44:35.148  1456  1605 I zygote  : Successfully killed process cgroup uid 11224 pid 12616 in 80ms
04-03 21:44:35.148  1456  1605 W zygote  : kill(-12695, 9) failed: No such process
04-03 21:44:35.148  1456  1605 I zygote  : Successfully killed process cgroup uid 11224 pid 12695 in 0ms
04-03 21:44:35.192  1456  2196 I ActivityManager: START u0 {act=android.intent.action.MAIN cat=[android.intent.category.LAUNCHER] flg=0x10000000 cmp=org.mozilla.fennec_aurora/.App} from uid 2000
04-03 21:44:35.193   794   839 E ANDR-PERF-RESOURCEQS: Failed to apply optimization [4, 0]
04-03 21:44:35.205  1456  7796 I OpenGLRenderer: Initialized EGL, version 1.4
04-03 21:44:35.205  1456  7796 D OpenGLRenderer: Swap behavior 2
04-03 21:44:35.213  1456  5050 I ActivityManager: Start proc 12848:org.mozilla.fennec_aurora/u0a1224 for activity org.mozilla.fennec_aurora/.App
04-03 21:44:35.301 28336 28379 I MicroDetectionState: Should stop hotword detection immediately - false
04-03 21:44:35.301 28336 28379 I MicroDetector: Keeping mic open: false
04-03 21:44:35.301 28336 28379 I RecognitionAudioControl: #shutdownAudio [requestId: 7552604336853540462, keepAudioOpen: false, forced: true]
04-03 21:44:35.302 28336 28379 I RecognitionAudioControl: #internalShutdownAudio [requestId: 7552604336853540462]
04-03 21:44:35.302 28336 28379 I RecognitionAudioControl: #internalShutdownAudio [keepAudioOpen: false, forced: true]
04-03 21:44:35.302 28336 28379 I RecognitionAudioControl: #actualShutdownAudio
04-03 21:44:35.302 28336 28379 I AudioController: #shutdown [requestId=7552604336853540462]
04-03 21:44:35.302 28336 28367 I AudioController: internalShutdown
04-03 21:44:35.302 28336 28380 I MicroRecognitionRunner: Stopping hotword detection.
04-03 21:44:35.303 28336 21980 E DeviceStateChecker: DeviceStateChecker cancelled
04-03 21:44:35.353   788   788 D audio_hw_primary: disable_audio_route: usecase(9) reset and update mixer path: audio-record
04-03 21:44:35.353   788   788 D audio_hw_primary: disable_snd_device: snd_device(120: voice-rec-mic)
04-03 21:44:35.355  1012 13178 D APM_AudioPolicyManager: stopInput() input 275102, session 275217
04-03 21:44:35.356   788  1479 D audio_hw_primary: in_set_parameters: enter: kvpairs=routing=0
04-03 21:44:35.358 28336 28367 I MicrophoneInputStream: mic_close  SR : 16000 CC : 16 SO : 1999
04-03 21:44:35.358 28336 28367 E AudioSource: Stop listening is called on already closed AudioSource
04-03 21:44:35.360 28336 21981 I MicroRecognitionRunner: Detection finished
04-03 21:44:35.392 12848 12848 I chatty  : uid=11224(org.mozilla.fennec_aurora) expire 58 lines
04-03 21:44:35.471 12848 12867 I chatty  : uid=11224(org.mozilla.fennec_aurora) expire 4 lines
04-03 21:44:35.500 12848 12876 I chatty  : uid=11224(org.mozilla.fennec_aurora) expire 14 lines
04-03 21:44:35.522 12848 12874 I chatty  : uid=11224(org.mozilla.fennec_aurora) expire 17 lines
04-03 21:44:35.531 12848 12879 I chatty  : uid=11224(org.mozilla.fennec_aurora) expire 27 lines
04-03 21:44:35.584  1456  1466 I zygote  : NativeAlloc concurrent copying GC freed 24613(1719KB) AllocSpace objects, 22(760KB) LOS objects, 37% free, 39MB/63MB, paused 209us total 368.469ms
04-03 21:44:35.620 12848 12887 I chatty  : uid=11224(org.mozilla.fennec_aurora) expire 1 line
04-03 21:44:35.657 12848 12894 I chatty  : uid=11224(org.mozilla.fennec_aurora) expire 10 lines
04-03 21:44:35.690 12848 12853 I chatty  : uid=11224(org.mozilla.fennec_aurora) expire 8 lines
04-03 21:44:35.709  1456  4829 I ActivityManager: START u0 {act=android.intent.action.MAIN cat=[android.intent.category.LAUNCHER] flg=0x10000000 cmp=org.mozilla.fennec_aurora/org.mozilla.fenix.HomeActivity (has extras)} from uid 11224
04-03 21:44:35.722   808   808 D SurfaceFlinger: duplicate layer name: changing Splash Screen org.mozilla.fennec_aurora to Splash Screen org.mozilla.fennec_aurora#1
04-03 21:44:35.789   808   808 I SFPerfTracer:      triggers: (rate: 72:2019063) (compose: 0:7) (post: 0:19) (render: 0:17) (1:10145103 frames) (2:12682751)
04-03 21:44:35.789   808   808 D SFPerfTracer:        layers: (2:14) (NavigationBar#0 (0xb07df000): 0:917909) (StatusBar#0 (0xb07e3000): 0:2171672) (com.android.systemui.ImageWallpaper#0 (0xb07e7000): 0:84618)* (Sprite#0 (0xb0733000): 0:317)* (DimLayerController/Stack=0#0 (0xb075a000): 0:3823)* (Sprite#1 (0xb077c000): 0:195)* (com.android.launcher3/com.android.launcher3.CustomizationPanelLauncher#0 (0xb0763000): 0:39)- (com.android.launcher3/com.android.launcher3.CustomizationPanelLauncher#1 (0xb0771000): 0:10)- (Splash Screen org.mozilla.fennec_aurora#1 (0xb013a000): 0:31)- (org.mozilla.fennec_aurora/org.mozilla.fenix.HomeActivity#0 (0xb039b000): 0:48)- (com.android.launcher3/com.android.launcher3.CustomizationPanelLauncher#0 (0xb0763000): 0:40)* (com.android.launcher3/com.android.launcher3.CustomizationPanelLauncher#1 (0xb0771000): 0:10)* (Splash Screen org.mozilla.fennec_aurora#0 (0xb039b000): 0:19)- (Splash Screen org.mozilla.fennec_aurora#1 (0xb013a000): 2:2)* 
04-03 21:44:35.800  1456  5050 I ActivityManager: Start proc 12932:org.mozilla.fennec_aurora:tab0/u0a1224 for service org.mozilla.fennec_aurora/org.mozilla.gecko.process.GeckoChildProcessServices$tab0
04-03 21:44:35.948 12932 12932 I chatty  : uid=11224(org.mozilla.fennec_aurora) expire 2 lines
04-03 21:44:35.949 12932 12951 I chatty  : uid=11224(org.mozilla.fennec_aurora) expire 1 line
04-03 21:44:36.082 10111 10125 E AuthStateProvider: Calling package disagreement. Legacy: org.mozilla.fennec.sharedID:11224, new API: org.mozilla.fennec_aurora
