06-23 23:52:58.641 22046 22090 I zygote  : Deoptimizing void kotlin.coroutines.jvm.internal.BaseContinuationImpl.resumeWith(java.lang.Object) due to JIT inline cache
06-23 23:52:58.659 22046 22046 D App     : Installed browser-icons extension
06-23 23:52:58.661 22046 22046 D GeckoSession: handleMessage GeckoView:SecurityChanged uri=null
06-23 23:52:58.691 22046 22046 D mozac-webextensions: Installed extension: mozacWebchannel
06-23 23:52:58.738 22046 22090 D SessionStorage/AutoSave: Saved state to disk [19ms]
06-23 23:52:58.761 22046 22046 I zygote  : Deoptimizing java.lang.Object mozilla.components.support.ktx.kotlinx.coroutines.flow.FlowKt$filterChanged$1.invokeSuspend(java.lang.Object) due to JIT inline cache
06-23 23:52:58.811 22046 22046 I zygote  : Deoptimizing kotlin.coroutines.CoroutineContext kotlinx.coroutines.CoroutineContextKt.newCoroutineContext(kotlinx.coroutines.CoroutineScope, kotlin.coroutines.CoroutineContext) due to JIT inline cache
06-23 23:52:58.856 22046 22090 D places_ffi: places_note_observation
06-23 23:52:58.861 22046 22046 D GeckoSession: handleMessage GeckoView:ProgressChanged uri=null
06-23 23:52:58.869 22046 22046 D GeckoSession: handleMessage GeckoView:ProgressChanged uri=null
06-23 23:52:58.873 22046 22090 D sql_support::conn_ext: Transaction commited after 16.48021ms
06-23 23:52:58.876 22046 22046 D GeckoSession: handleMessage GeckoView:PageStop uri=null
06-23 23:52:58.876 22046 22046 I SessionStorage/AutoSave: Save: Load finished
06-23 23:52:58.877 22046 22090 D SessionStorage/AutoSave: Delaying save (1577ms)
06-23 23:52:58.921 22046 22046 D WebExtension: handleMessage GeckoView:WebExtension:Message
06-23 23:52:58.926 22046 22046 D WebExtension: handleMessage GeckoView:WebExtension:Connect
06-23 23:52:58.972 22046 22273 D BrowserIcons: Loaded icon (source = GENERATOR): https://example.com/
06-23 23:52:58.976 22046 22051 I zygote  : Do full code cache collection, code=249KB, data=156KB
06-23 23:52:58.978 22046 22051 I zygote  : After code cache collection, code=154KB, data=86KB
06-23 23:52:59.088 22046 22090 D places_ffi: places_get_visited
06-23 23:52:59.109 22046 22274 D ThumbnailStorage: Saved thumbnail to disk (sessionIdOrUrl = 725f9f8e-edba-4f0c-bcfb-c52258d1a352, generationId = 58)
06-23 23:52:59.210 22046 22046 D mozac-webextensions: Installed extension: mozacReaderview
06-23 23:52:59.224 22046 22046 D mozac-webcompat-reporter: Installed WebCompat Reporter webextension: webcompat-reporter@mozilla.org
06-23 23:52:59.233 22046 22046 D mozac-webcompat: Installed WebCompat webextension: webcompat@mozilla.org
06-23 23:52:59.346 22046 22071 I zygote  : Deoptimizing kotlinx.coroutines.internal.LockFreeLinkedListNode kotlinx.coroutines.internal.LockFreeLinkedListNode.correctPrev(kotlinx.coroutines.internal.OpDescriptor) due to JIT same target
06-23 23:52:59.348 22046 22046 I zygote  : Deoptimizing java.lang.Object kotlinx.coroutines.JobSupport.tryMakeCompleting(java.lang.Object, java.lang.Object) due to JIT same target
06-23 23:52:59.350 22046 22046 I DefaultSupportedAddonsChecker: Register check for new supported add-ons
06-23 23:52:59.389 22046 22090 I SupportedAddonsWorker: Trying to check for new supported add-ons
06-23 23:52:59.472 22046 22046 I zygote  : Deoptimizing void kotlin.coroutines.jvm.internal.BaseContinuationImpl.resumeWith(java.lang.Object) due to JIT inline cache
06-23 23:52:59.475 22046 22145 I WM-WorkerWrapper: Worker result SUCCESS for Work [ id=e1ee882f-9287-429e-8322-ab7d42a0e7d8, tags={ mozilla.components.feature.addons.migration.DefaultSupportedAddonsChecker.periodicWork, mozilla.components.feature.addons.migration.SupportedAddonsWorker } ]
06-23 23:52:59.608 22046 22046 D GeckoSession: handleMessage GeckoView:StateUpdated uri=null
06-23 23:52:59.608 22046 22046 W GeckoSession: No history entries found.
06-23 23:52:59.619 22046 22046 I zygote  : Deoptimizing int mozilla.components.browser.state.state.ContentState.hashCode() due to JIT inline cache
06-23 23:53:00.468 22046 22090 D SessionStorage/AutoSave: Saved state to disk [12ms]
06-23 23:53:01.650 22275 22275 D AndroidRuntime: >>>>>> START com.android.internal.os.RuntimeInit uid 2000 <<<<<<
06-23 23:53:01.664 22275 22275 W app_process: Could not reserve sentinel fault page
06-23 23:53:01.844 22275 22275 I app_process: The ClassLoaderContext is a special shared library.
06-23 23:53:01.911 22275 22275 D AndroidRuntime: Calling main entry com.android.commands.input.Input
06-23 23:53:01.916 22275 22275 I Input   : injectKeyEvent: KeyEvent { action=ACTION_DOWN, keyCode=KEYCODE_HOME, scanCode=0, metaState=0, flags=0x0, repeatCount=0, eventTime=25043458523, downTime=25043458523, deviceId=-1, source=0x101 }
06-23 23:53:01.920 22275 22275 I Input   : injectKeyEvent: KeyEvent { action=ACTION_UP, keyCode=KEYCODE_HOME, scanCode=0, metaState=0, flags=0x0, repeatCount=0, eventTime=25043458523, downTime=25043458523, deviceId=-1, source=0x101 }
06-23 23:53:01.926  1456  1941 I ActivityManager: START u0 {act=android.intent.action.MAIN cat=[android.intent.category.HOME] flg=0x10200000 cmp=com.android.launcher3/.CustomizationPanelLauncher (has extras)} from uid 1000
06-23 23:53:01.927   794   839 E ANDR-PERF-RESOURCEQS: Failed to apply optimization [4, 0]
06-23 23:53:01.933 22275 22275 D AndroidRuntime: Shutting down VM
06-23 23:53:01.944  1456  2196 I ActivityManager: moveHomeStack, setupComplete:true
06-23 23:53:01.966 20719 20763 I Adreno  : QUALCOMM build                   : bb5b86c, I77d3059488
06-23 23:53:01.966 20719 20763 I Adreno  : Build Date                       : 06/07/18
06-23 23:53:01.966 20719 20763 I Adreno  : OpenGL ES Shader Compiler Version: EV031.22.00.01_06
06-23 23:53:01.966 20719 20763 I Adreno  : Local Branch                     : 
06-23 23:53:01.966 20719 20763 I Adreno  : Remote Branch                    : refs/tags/AU_LINUX_ANDROID_LA.UM.6.5.R1.08.01.00.312.086
06-23 23:53:01.966 20719 20763 I Adreno  : Remote Branch                    : NONE
06-23 23:53:01.966 20719 20763 I Adreno  : Reconstruct Branch               : NOTHING
06-23 23:53:01.971 20719 20763 D vndksupport: Loading /vendor/lib/hw/gralloc.msm8937.so from current namespace instead of sphal namespace.
06-23 23:53:01.974  2748  2748 D Launcher.Utilities: Wakeup weather: Intent { act=com.motorola.launcher3.action.WAKEUP_WEATHER cmp=com.motorola.timeweatherwidget/com.motorola.commandcenter.weather.WakeUpService }
06-23 23:53:01.976 20719 20763 I Adreno  : PFP: 0x005ff087, ME: 0x005ff063
06-23 23:53:01.980 20719 20763 I zygote  : android::hardware::configstore::V1_0::ISurfaceFlingerConfigs::hasWideColorDisplay retrieved: 0
06-23 23:53:01.981 20719 20763 I OpenGLRenderer: Initialized EGL, version 1.4
06-23 23:53:01.981 20719 20763 D OpenGLRenderer: Swap behavior 2
06-23 23:53:01.983   808   808 D SurfaceFlinger: duplicate layer name: changing com.android.launcher3/com.android.launcher3.CustomizationPanelLauncher to com.android.launcher3/com.android.launcher3.CustomizationPanelLauncher#1
06-23 23:53:01.986  1456  1456 I NotificationService: Cannot find enqueued record for key: 0|com.motorola.timeweatherwidget|1|null|10116
06-23 23:53:02.013 20719 20751 W ThreadPoolDumper: Queue length for executor EventBus is now 11. Perhaps some tasks are too long, or the pool is too small.
06-23 23:53:02.015  1456  1473 I WifiService: getWifiEnabledState uid=10073
06-23 23:53:02.025  1456  1473 I WifiService: getWifiEnabledState uid=10073
06-23 23:53:02.085  1456  1673 I LaunchCheckinHandler: Displayed com.android.launcher3/.CustomizationPanelLauncher,wp,wa,158
06-23 23:53:02.087 22046 22114 D ServiceAllocator: org.mozilla.gecko.process.GeckoChildProcessServices$tab0 updateBindings: IDLE priority, 6 importance, 0 successful binds, 0 failed binds, 2 successful unbinds
06-23 23:53:02.096 20719 20719 I BgTaskExecutorImpl: Starting EXCLUSIVE background task TNG_MINUS_ONE_SYNC.
06-23 23:53:02.097 20719 20765 I MicroDetectionState: Should stop hotword detection immediately - false
06-23 23:53:02.101 20719 20755 E MDD     : DownloadProgressMonitor: Can't find file group for uri: android://com.google.android.googlequicksearchbox/files/sharedminusonemodule/shared/SharedMinusOneData.pb.tmp
06-23 23:53:02.111 20719 20765 I MicroDetectionWorker: #startMicroDetector [speakerMode: 0]
06-23 23:53:02.120 20719 20765 I TngMinusOneSync: Syncing TNG:-1
06-23 23:53:02.121 20719 20742 I MicroDataManager: isInitializing-false locale not changed-true model not changed-true
06-23 23:53:02.121 20719 20742 I MicroDataManager: Already initialized, obtaining the hotword data immediately.
06-23 23:53:02.133   788  1479 V msm8974_platform: platform_check_input_mask: enter check_input_mask source 6 mask 10
06-23 23:53:02.135  1012 22290 I AudioFlinger: AudioFlinger's thread 0xb2483380 tid=22290 ready to run
06-23 23:53:02.147 20719  4917 I MicroRecognitionRunner: Starting detection.
06-23 23:53:02.147 20719  4917 I InputStreamUtils: Using micInputStream
06-23 23:53:02.150   788   788 D audio_hw_primary: in_set_parameters: enter: kvpairs=input_source=6;routing=-2147483644
06-23 23:53:02.151  1012  1012 D APM_AudioPolicyManager: AudioPolicyManager::startInput() input 415598, session 415889, source = 1999
06-23 23:53:02.159   788 22291 V msm8974_platform: platform_update_usecase_from_source: input source :6
06-23 23:53:02.159   788 22291 V msm8974_platform: platform_check_input_mask: enter check_input_mask source 6 mask 10
06-23 23:53:02.159   788 22291 V msm8974_platform: platform_get_input_snd_device: enter: out_device(0) in_device(0x4) channel_count (1) channel_mask (0x10)
06-23 23:53:02.159   788 22291 V msm8974_platform: platform_get_input_snd_device: exit: in_snd_device(voice-rec-mic)
06-23 23:53:02.159   788 22291 V msm8974_platform: platform_get_backend_index:napb: backend port - 5 device - 120 
06-23 23:53:02.159   788 22291 V msm8974_platform: platform_check_and_set_capture_backend_cfg:txbecf: afe: bitwidth 0, samplerate 0, channel 1, backend_idx 5 usecase = 9 device (voice-rec-mic)
06-23 23:53:02.159   788 22291 V msm8974_platform: platform_check_capture_backend_cfg:txbecf: afe: Codec selected backend: 5 current bit width: 0 and sample rate: 0, channels 1
06-23 23:53:02.159   788 22291 V msm8974_platform: platform_check_capture_backend_cfg:txbecf: afe: Codec selected backend: 5 updated bit width: 0 and sample rate: 0
06-23 23:53:02.159   788 22291 I msm8974_platform: platform_check_capture_backend_cfg:txbecf: afe: Codec backend needs to be updated. new bit width: 0 new sample rate: 0 new channel: 1
06-23 23:53:02.159   788 22291 V msm8974_platform: platform_get_backend_index:napb: backend port - 5 device - 120 
06-23 23:53:02.159   788 22291 V msm8974_platform: platform_set_backend_cfg:becf: afe: bitwidth 0, samplerate 0 channels 1, backend_idx 5 device (voice-rec-mic)
06-23 23:53:02.160   788 22291 E msm8974_platform: platform_set_backend_cfg:becf: afe: Could not get ctl for mixer command - SLIM_0_TX Format
06-23 23:53:02.160   788 22291 V msm8974_platform: platform_send_audio_calibration: sending audio calibration for snd_device(120) acdb_id(62)
06-23 23:53:02.160   788 22291 D ACDB-LOADER: ACDB -> send_audio_cal, acdb_id = 62, path = 1, app id = 0x11130, sample rate = 48000
06-23 23:53:02.160   788 22291 D ACDB-LOADER: ACDB -> send_asm_topology
06-23 23:53:02.160   788 22291 D ACDB-LOADER: ACDB -> ACDB_CMD_GET_AUDPROC_STREAM_TOPOLOGY_ID
06-23 23:53:02.160   788 22291 D ACDB-LOADER: ACDB -> send_adm_topology
06-23 23:53:02.161   788 22291 D ACDB-LOADER: ACDB -> ACDB_CMD_GET_AUDPROC_COMMON_TOPOLOGY_ID
06-23 23:53:02.161   788 22291 D ACDB-LOADER: ACDB -> send_audtable
06-23 23:53:02.161   788 22291 D ACDB-LOADER: ACDB -> ACDB_CMD_GET_AUDPROC_COMMON_TABLE_SIZE
06-23 23:53:02.161   788 22291 D ACDB-LOADER: ACDB -> ACDB_CMD_GET_AUDPROC_COMMON_TABLE
06-23 23:53:02.161   788 22291 D ACDB-LOADER: ACDB -> AUDIO_SET_AUDPROC_CAL
06-23 23:53:02.161   788 22291 D ACDB-LOADER: ACDB -> send_audvoltable
06-23 23:53:02.161   788 22291 D ACDB-LOADER: ACDB -> ACDB_CMD_GET_AUDPROC_VOL_STEP_TABLE_SIZE
06-23 23:53:02.161   788 22291 D ACDB-LOADER: ACDB -> ACDB_CMD_GET_AUDPROC_GAIN_DEP_STEP_TABLE, vol index 0
06-23 23:53:02.161   788 22291 D         : Failed to fetch the lookup information of the device 0000003E 
06-23 23:53:02.161   788 22291 D ACDB-LOADER: ACDB -> AUDIO_SET_VOL_CAL cal type = 12
06-23 23:53:02.161   788 22291 D ACDB-LOADER: ACDB -> ACDB_CMD_GET_AUDPROC_STREAM_TABLE_SIZE
06-23 23:53:02.161   788 22291 D ACDB-LOADER: ACDB -> send_audstrmtable
06-23 23:53:02.161   788 22291 D ACDB-LOADER: ACDB -> ACDB_CMD_GET_AUDPROC_STREAM_TABLE_V2
06-23 23:53:02.161   788 22291 D ACDB-LOADER: ACDB -> audstrm_cal->cal_type.cal_data.cal_size = 456
06-23 23:53:02.161   788 22291 D ACDB-LOADER: ACDB -> send_afe_topology
06-23 23:53:02.161   788 22291 D ACDB-LOADER: ACDB -> ACDB_CMD_GET_AFE_TOPOLOGY_ID
06-23 23:53:02.161   788 22291 D ACDB-LOADER: ACDB -> GET_AFE_TOPOLOGY_ID for adcd_id 62, Topology Id 112fb
06-23 23:53:02.161   788 22291 D ACDB-LOADER: ACDB -> send_afe_cal
06-23 23:53:02.161   788 22291 D ACDB-LOADER: ACDB -> ACDB_CMD_GET_AFE_COMMON_TABLE_SIZE
06-23 23:53:02.161   788 22291 D         : Failed to fetch the lookup information of the device 0000003E 
06-23 23:53:02.161   788 22291 E ACDB-LOADER: Error: ACDB_CMD_GET_AFE_COMMON_TABLE_SIZE Returned = -19
06-23 23:53:02.161   788 22291 D ACDB-LOADER: ACDB -> ACDB_CMD_GET_AFE_COMMON_TABLE
06-23 23:53:02.161   788 22291 D         : Failed to fetch the lookup information of the device 0000003E 
06-23 23:53:02.161 20719 20765 I MicroDetectionWorker: onReady
06-23 23:53:02.161   788 22291 D ACDB-LOADER: ACDB -> AUDIO_SET_AFE_CAL
06-23 23:53:02.161   788 22291 D ACDB-LOADER: ACDB -> send_hw_delay : acdb_id = 62 path = 1
06-23 23:53:02.161   788 22291 D ACDB-LOADER: ACDB -> ACDB_AVSYNC_INFO: ACDB_CMD_GET_DEVICE_PROPERTY
06-23 23:53:02.162   788 22291 D audio_hw_primary: enable_snd_device: snd_device(120: voice-rec-mic)
06-23 23:53:02.162   788 22291 D audio_route: Apply path: voice-rec-mic
06-23 23:53:02.163 20719 20765 I HotwordLSAdapter: getAudioSourceOpeningStatus completed: 1
06-23 23:53:02.163 20719 20765 I HotwordLSAdapter: Sending AudioStatusChangedBroadcast to :interactor. audioSourceType: 5, isActive: true
06-23 23:53:02.165   788 22291 V msm8974_platform: platform_get_snd_device_backend_index: enter with device 120
06-23 23:53:02.165   788 22291 E msm8974_platform: platform_get_snd_device_backend_index: BE DAI Name Table is not present
06-23 23:53:02.165   788 22291 V msm8974_platform: platform_get_backend_index:napb: backend port - 5 device - 120 
06-23 23:53:02.165   788 22291 I audio_hw_utils: Set Audio Stream Capture 0 App Type Cfg: app_type 69936, acdb_dev_id 62, sample_rate 48000, snd_device_be_idx -14
06-23 23:53:02.165   788 22291 D audio_hw_primary: enable_audio_route: usecase(9) apply and update mixer path: audio-record
06-23 23:53:02.166   788 22291 D audio_route: Apply path: audio-record
06-23 23:53:02.221  2146  2165 I zygote  : NativeAlloc concurrent copying GC freed 21257(1106KB) AllocSpace objects, 0(0B) LOS objects, 49% free, 6MB/13MB, paused 557us total 110.300ms
06-23 23:53:02.233 22046 22046 D GeckoSession: handleMessage GeckoView:StateUpdated uri=null
06-23 23:53:02.315 20719 20729 I zygote  : Background concurrent copying GC freed 198000(9MB) AllocSpace objects, 10(1580KB) LOS objects, 49% free, 10MB/21MB, paused 179us total 166.650ms
06-23 23:53:02.327 22046 22071 I libglean_ffi: glean_core::ping: Collecting startup-timeline
06-23 23:53:02.332 22046 22071 D libglean_ffi: glean_core::ping: Storing ping 'e7d17a18-5781-482f-8a64-5bc21aa03856' at '/data/user/0/org.mozilla.fennec_aurora/glean_data/pending_pings/e7d17a18-5781-482f-8a64-5bc21aa03856'
06-23 23:53:02.334 22046 22071 I libglean_ffi: glean_core: The ping 'startup-timeline' was submitted and will be sent as soon as possible
06-23 23:53:02.358 21351 21351 I Finsky  : [2] qyi.onTrimMemory(1): Memory trim requested to level 80
06-23 23:53:02.359 22046 22046 D SessionManager: onTrimMemory(80): clearThumbnails=true, closeEngineSessions=true
06-23 23:53:02.363  1456  5797 D ConnectivityService: requestNetwork for uid/pid:11450/22046 NetworkRequest [ TRACK_DEFAULT id=75143, [ Capabilities: INTERNET&NOT_RESTRICTED&TRUSTED&NOT_VPN] ]
06-23 23:53:02.364  1456  2099 D Ethernet: got request NetworkRequest [ TRACK_DEFAULT id=75143, [ Capabilities: INTERNET&NOT_RESTRICTED&TRUSTED&NOT_VPN] ] with score 60
06-23 23:53:02.364  1456  2054 D WIFI_UT : got request NetworkRequest [ TRACK_DEFAULT id=75143, [ Capabilities: INTERNET&NOT_RESTRICTED&TRUSTED&NOT_VPN] ] with score 60
06-23 23:53:02.365  1456  2054 D WIFI    : got request NetworkRequest [ TRACK_DEFAULT id=75143, [ Capabilities: INTERNET&NOT_RESTRICTED&TRUSTED&NOT_VPN] ] with score 60
06-23 23:53:02.365  2398  2398 D PhoneSwitcherNetworkRequstListener: got request NetworkRequest [ TRACK_DEFAULT id=75143, [ Capabilities: INTERNET&NOT_RESTRICTED&TRUSTED&NOT_VPN] ] with score 60
06-23 23:53:02.368 22046 22046 D SessionManager: Cleared 6 thumbnail(s) and unlinked 0 engine sessions(s)
06-23 23:53:02.394 22046 22292 I libglean_ffi: glean_core::upload: New upload task with id e7d17a18-5781-482f-8a64-5bc21aa03856 (path: /submit/org-mozilla-fennec-aurora/startup-timeline/1/e7d17a18-5781-482f-8a64-5bc21aa03856)
06-23 23:53:02.396 22046 22292 D glean/ConceptFetchHttpUploader: Submitting ping to: https://incoming.telemetry.mozilla.org/submit/org-mozilla-fennec-aurora/startup-timeline/1/e7d17a18-5781-482f-8a64-5bc21aa03856
06-23 23:53:02.424 22046 22046 I glean/Glean: Registering pings for org.mozilla.fenix.GleanMetrics.Pings
06-23 23:53:02.492  1456  7796 I OpenGLRenderer: Initialized EGL, version 1.4
06-23 23:53:02.493  1456  7796 D OpenGLRenderer: Swap behavior 2
06-23 23:53:02.513 22046 22046 D App     : ActivationPing - already generated
06-23 23:53:02.517 22046 22090 I FenixApplication: Running post-visual completeness tasks...
06-23 23:53:02.517 22046 22090 I FenixApplication: Storage initialization...
06-23 23:53:02.517 22046 22046 I FenixApplication: Kicking-off account manager...
06-23 23:53:02.517 22046 22090 I PlacesHistoryStorage: Warming up places storage...
06-23 23:53:02.517 22046 22046 I FenixApplication: 'Kicking-off account manager' took 0 ms
06-23 23:53:02.517 22046 22090 I PlacesHistoryStorage: 'Warming up places storage' took 0 ms
06-23 23:53:02.518 22046 22090 I PlacesBookmarksStorage: Warming up places storage...
06-23 23:53:02.518 22046 22090 I PlacesBookmarksStorage: 'Warming up places storage' took 0 ms
06-23 23:53:02.526  5625  5654 I PeriodicStatsRunner: PeriodicStatsRunner.call():180 call()
06-23 23:53:02.526  5625  5654 I PeriodicStatsRunner: PeriodicStatsRunner.call():184 No submit PeriodicStats since input started.
06-23 23:53:02.527  2748  2917 W OpenGLRenderer: Incorrectly called buildLayer on View: ShortcutAndWidgetContainer, destroying layer...
06-23 23:53:02.551 22046 22090 I SyncableLoginsStorage: Warming up storage...
06-23 23:53:02.563 22046 22090 D RustNativeSupport: findMegazordLibraryName(logins, 61.0.2
06-23 23:53:02.564 22046 22090 D RustNativeSupport: lib in use: none
06-23 23:53:02.564 22046 22090 D RustNativeSupport: lib configured: megazord
06-23 23:53:02.564 22046 22090 D RustNativeSupport: lib version configured: 61.0.2
06-23 23:53:02.564 22046 22090 D RustNativeSupport: settled on megazord
06-23 23:53:02.567 22046 22090 D logins_ffi: sync15_passwords_state_new
06-23 23:53:02.586 22046 22292 I libglean_ffi: glean_core::upload: Ping e7d17a18-5781-482f-8a64-5bc21aa03856 successfully sent 200.
06-23 23:53:02.587 22046 22292 I libglean_ffi: glean_core::upload::directory: File was deleted /data/user/0/org.mozilla.fennec_aurora/glean_data/pending_pings/e7d17a18-5781-482f-8a64-5bc21aa03856
06-23 23:53:02.592 22046 22292 I libglean_ffi: glean_core::upload: No more pings to upload! You are done.
06-23 23:53:02.594 22046 22145 I WM-WorkerWrapper: Worker result SUCCESS for Work [ id=6b3a7c03-96be-4403-a9d2-028de0c740c4, tags={ mozilla.telemetry.glean.scheduler.PingUploadWorker, mozac_service_glean_ping_upload_worker } ]
06-23 23:53:02.599  1456  2067 D ConnectivityService: releasing NetworkRequest [ TRACK_DEFAULT id=75143, [ Capabilities: INTERNET&NOT_RESTRICTED&TRUSTED&NOT_VPN] ] (release request)
06-23 23:53:02.632 22046 22046 D GeckoRuntime: Lifecycle: onPause
06-23 23:53:02.632 22046 22046 D GeckoNetworkManager: Incoming event stop for state OnWithListeners -> OffWithListeners
06-23 23:53:02.633 22046 22046 I SessionStorage/AutoSave: Save: Background
06-23 23:53:02.643 22046 22071 I libglean_ffi: glean_core::ping: Collecting baseline
06-23 23:53:02.648 22046 22106 D SessionStorage/AutoSave: Saved state to disk [14ms]
06-23 23:53:02.649 22046 22071 D libglean_ffi: glean_core::ping: Storing ping '2daf6844-8ffd-4ef2-8fd1-a1750fecf2c2' at '/data/user/0/org.mozilla.fennec_aurora/glean_data/pending_pings/2daf6844-8ffd-4ef2-8fd1-a1750fecf2c2'
06-23 23:53:02.651 22046 22071 I libglean_ffi: glean_core: The ping 'baseline' was submitted and will be sent as soon as possible
06-23 23:53:02.653 22046 22071 I libglean_ffi: glean_core::ping: Collecting events
06-23 23:53:02.658 22046 22071 D libglean_ffi: glean_core::ping: Storing ping '816ea78c-77f8-4b12-9257-f87e9ba3689b' at '/data/user/0/org.mozilla.fennec_aurora/glean_data/pending_pings/816ea78c-77f8-4b12-9257-f87e9ba3689b'
06-23 23:53:02.660 22046 22071 I libglean_ffi: glean_core: The ping 'events' was submitted and will be sent as soon as possible
06-23 23:53:02.685  1456  2920 D ConnectivityService: requestNetwork for uid/pid:11450/22046 NetworkRequest [ TRACK_DEFAULT id=75144, [ Capabilities: INTERNET&NOT_RESTRICTED&TRUSTED&NOT_VPN] ]
06-23 23:53:02.686  1456  2099 D Ethernet: got request NetworkRequest [ TRACK_DEFAULT id=75144, [ Capabilities: INTERNET&NOT_RESTRICTED&TRUSTED&NOT_VPN] ] with score 60
06-23 23:53:02.686  1456  2054 D WIFI_UT : got request NetworkRequest [ TRACK_DEFAULT id=75144, [ Capabilities: INTERNET&NOT_RESTRICTED&TRUSTED&NOT_VPN] ] with score 60
06-23 23:53:02.686  1456  2054 D WIFI    : got request NetworkRequest [ TRACK_DEFAULT id=75144, [ Capabilities: INTERNET&NOT_RESTRICTED&TRUSTED&NOT_VPN] ] with score 60
06-23 23:53:02.687  2398  2398 D PhoneSwitcherNetworkRequstListener: got request NetworkRequest [ TRACK_DEFAULT id=75144, [ Capabilities: INTERNET&NOT_RESTRICTED&TRUSTED&NOT_VPN] ] with score 60
06-23 23:53:02.698 22046 22299 I libglean_ffi: glean_core::upload: New upload task with id 2daf6844-8ffd-4ef2-8fd1-a1750fecf2c2 (path: /submit/org-mozilla-fennec-aurora/baseline/1/2daf6844-8ffd-4ef2-8fd1-a1750fecf2c2)
06-23 23:53:02.700 22046 22299 D glean/ConceptFetchHttpUploader: Submitting ping to: https://incoming.telemetry.mozilla.org/submit/org-mozilla-fennec-aurora/baseline/1/2daf6844-8ffd-4ef2-8fd1-a1750fecf2c2
06-23 23:53:02.738   808   898 I SFPerfTracer:      triggers: (rate: 0:10) (0 sw vsyncs) (0 skipped) (42:8841554 vsyncs) (44:17386167)
06-23 23:53:03.080 22046 22299 I libglean_ffi: glean_core::upload: Ping 2daf6844-8ffd-4ef2-8fd1-a1750fecf2c2 successfully sent 200.
06-23 23:53:03.080 22046 22299 I libglean_ffi: glean_core::upload::directory: File was deleted /data/user/0/org.mozilla.fennec_aurora/glean_data/pending_pings/2daf6844-8ffd-4ef2-8fd1-a1750fecf2c2
06-23 23:53:03.083 22046 22299 I libglean_ffi: glean_core::upload: New upload task with id 816ea78c-77f8-4b12-9257-f87e9ba3689b (path: /submit/org-mozilla-fennec-aurora/events/1/816ea78c-77f8-4b12-9257-f87e9ba3689b)
06-23 23:53:03.084 22046 22299 D glean/ConceptFetchHttpUploader: Submitting ping to: https://incoming.telemetry.mozilla.org/submit/org-mozilla-fennec-aurora/events/1/816ea78c-77f8-4b12-9257-f87e9ba3689b
06-23 23:53:03.186 22046 22090 I SyncableLoginsStorage: 'Warming up storage' took 634 ms
06-23 23:53:03.186 22046 22090 I FenixApplication: 'Storage initialization' took 669 ms
06-23 23:53:03.291 22046 22299 I libglean_ffi: glean_core::upload: Ping 816ea78c-77f8-4b12-9257-f87e9ba3689b successfully sent 200.
06-23 23:53:03.291 22046 22299 I libglean_ffi: glean_core::upload::directory: File was deleted /data/user/0/org.mozilla.fennec_aurora/glean_data/pending_pings/816ea78c-77f8-4b12-9257-f87e9ba3689b
06-23 23:53:03.294 22046 22299 I libglean_ffi: glean_core::upload: No more pings to upload! You are done.
06-23 23:53:03.297 22046 22067 I WM-WorkerWrapper: Worker result SUCCESS for Work [ id=c79f4599-e7a8-4293-8380-cfbc00b578a5, tags={ mozilla.telemetry.glean.scheduler.PingUploadWorker, mozac_service_glean_ping_upload_worker } ]
06-23 23:53:03.299  1456  2067 D ConnectivityService: releasing NetworkRequest [ TRACK_DEFAULT id=75144, [ Capabilities: INTERNET&NOT_RESTRICTED&TRUSTED&NOT_VPN] ] (release request)
06-23 23:53:04.309 22046 22046 D SessionManager: onTrimMemory(80): clearThumbnails=true, closeEngineSessions=true
06-23 23:53:04.314 21351 21351 I Finsky  : [2] wbh.a(20): SCH: onJobSchedulerWakeup with jobId 9004
06-23 23:53:04.316 21351 21351 I Finsky  : [2] vyk.a(19): Scheduling fallback job with id: 9034, and delay: 43200000 ms
06-23 23:53:04.319 21351 21351 I Finsky  : [2] vyk.a(9): Scheduling fallback in 64799998 (absolute: 25563690390)
06-23 23:53:04.319 22046 22046 D SessionManager: Cleared 6 thumbnail(s) and unlinked 0 engine sessions(s)
06-23 23:53:04.352 21351 21351 I Finsky  : [2] vyt.handleMessage(7): SCH: DeviceState: DeviceState{currentTime=1592970784349, isCharging=true, isIdle=false, netAny=true, netNotRoaming=true, netUnmetered=true, batteryPercent=100.0}
06-23 23:53:04.362 21351 22300 I Finsky  : [636659] wbh.a(7): SCH: Jobs in database: 1-1337 2-48879 3-3354 24-77777777 26-1414141414 29-29 
06-23 23:53:04.376 21351 21351 I Finsky  : [2] vyu.a(16): SCH: Running job: 29-29
06-23 23:53:04.378 21351 21351 I Finsky  : [2] vyt.handleMessage(58): SCH: RunningQueue size: 1, PendingQueue size: 0
06-23 23:53:04.379 21351 21351 I Finsky  : [2] vyt.handleMessage(62): SCH: Running queue: 29-29 
06-23 23:53:04.380 21351 22301 I Finsky  : [636660] aclh.a(1): ProcessRecoveryLogsUtil: No files in recovery directory
06-23 23:53:04.381 21351 22301 I Finsky  : [636660] wae.a(14): SCH: jobFinished: 29-29. TimeElapsed: 5ms.
06-23 23:53:04.382 21351 21351 I Finsky  : [2] vyu.a(35): SCH: Job 29-29 finished. Not rescheduling.
06-23 23:53:04.383 21351 21351 I Finsky  : [2] vyt.handleMessage(58): SCH: RunningQueue size: 0, PendingQueue size: 0
06-23 23:53:04.383 21351 21351 I Finsky  : [2] vyt.handleMessage(24): Executor finished
06-23 23:53:04.393 21351 21351 I Finsky  : [2] wbh.a(7): SCH: Jobs in database: 1-1337 2-48879 3-3354 24-77777777 26-1414141414 
06-23 23:53:04.407 21351 21351 I Finsky  : [2] vxc.a(58): SCH: ConstraintMapping: 24-77777777,  -> L: 0ms, D: 5900328ms, C: false, I: true, N: 0
06-23 23:53:04.408 21351 21351 I Finsky  : [2] vxc.a(58): SCH: ConstraintMapping: 1-1337,  -> L: 9473949ms, D: 52673949ms, C: false, I: false, N: 1
06-23 23:53:04.408 21351 21351 I Finsky  : [2] vxc.a(58): SCH: ConstraintMapping: 2-48879, 3-3354,  -> L: 0ms, D: 52678601ms, C: true, I: true, N: 2
06-23 23:53:04.409 21351 21351 I Finsky  : [2] vxc.a(58): SCH: ConstraintMapping: 26-1414141414,  -> L: 36727916ms, D: 37627916ms, C: false, I: false, N: 0
06-23 23:53:04.413 21351 21351 I Finsky  : [2] vzr.a(36): Cancelling existing jobscheduler jobs: 9001 9002 9003 
06-23 23:53:04.414 21351 21351 I Finsky  : [2] vzr.a(12): Throttling wakeup for job 9000 (expected to run in 0 ms) due to recent wakeup
06-23 23:53:04.414 21351 21351 I Finsky  : [2] vzr.a(29): Scheduling job Id: 9000, L: 30000, D: 5900328, C: false, I: true, N: 0
06-23 23:53:04.416 21351 21351 I Finsky  : [2] vzr.a(29): Scheduling job Id: 9005, L: 9473949, D: 52673949, C: false, I: false, N: 1
06-23 23:53:04.417 21351 21351 I Finsky  : [2] vzr.a(12): Throttling wakeup for job 9006 (expected to run in 0 ms) due to recent wakeup
06-23 23:53:04.417 21351 21351 I Finsky  : [2] vzr.a(29): Scheduling job Id: 9006, L: 30000, D: 52678601, C: true, I: true, N: 2
06-23 23:53:04.418 21351 21351 I Finsky  : [2] vzr.a(29): Scheduling job Id: 9007, L: 36727916, D: 37627916, C: false, I: false, N: 0
06-23 23:53:04.419 21351 21351 I Finsky  : [2] qyi.onTrimMemory(1): Memory trim requested to level 80
06-23 23:53:07.023  5625  5654 I PeriodicStatsRunner: PeriodicStatsRunner.call():180 call()
06-23 23:53:07.024  5625  5654 I PeriodicStatsRunner: PeriodicStatsRunner.call():184 No submit PeriodicStats since input started.
06-23 23:53:07.098  1456  2920 I ActivityManager: Force stopping org.mozilla.fennec_aurora appid=11450 user=0: from pid 22305
06-23 23:53:07.098  1456  2920 I ActivityManager: Killing 22046:org.mozilla.fennec_aurora/u0a1450 (adj 700): stop org.mozilla.fennec_aurora
06-23 23:53:07.101  1456  1605 W zygote  : kill(-22046, 9) failed: No such process
06-23 23:53:07.104  1456  2920 W ActivityManager: Force removing ActivityRecord{338d4f2 u0 org.mozilla.fennec_aurora/org.mozilla.fenix.HomeActivity t89055}: app died, no saved state
06-23 23:53:07.105 22127 22127 I ServiceChildProcess: Service has been unbound. Stopping.
06-23 23:53:07.113  1456  2920 I ActivityManager: Killing 22127:org.mozilla.fennec_aurora:tab0/u0a1450 (adj 0): stop org.mozilla.fennec_aurora
06-23 23:53:07.116  1456  1605 W zygote  : kill(-22046, 9) failed: No such process
06-23 23:53:07.121  5625  5625 I AppBase : AppBase.onTrimMemory():615 onTrimMemory(): 10
06-23 23:53:07.122  5625  5625 I GoogleInputMethodService: GoogleInputMethodService.onTrimMemory():4225 onTrimMemory(): 10
06-23 23:53:07.130  2398  2398 D CarrierSvcBindHelper: No carrier app for: 0
06-23 23:53:07.131  2398  2398 D CarrierSvcBindHelper: No carrier app for: 1
06-23 23:53:07.131  1456  1605 W zygote  : kill(-22046, 9) failed: No such process
06-23 23:53:07.136   808   808 I SFPerfTracer:      triggers: (rate: 108:2386531) (compose: 0:8) (post: 0:22) (render: 0:20) (0:13599450 frames) (1:17233595)
06-23 23:53:07.136   808   808 D SFPerfTracer:        layers: (4:14) (NavigationBar#0 (0xb07df000): 0:1301381) (StatusBar#0 (0xb07e3000): 0:3099721) (com.android.systemui.ImageWallpaper#0 (0xb07e7000): 0:120600) (Sprite#0 (0xb0733000): 0:317)* (DimLayerController/Stack=0#0 (0xb075a000): 0:4039)* (Sprite#1 (0xb077c000): 0:195)* (Sprite#2 (0xb039b000): 0:2)* (com.android.launcher3/com.android.launcher3.CustomizationPanelLauncher#0 (0xb0763000): 0:40)- (com.android.launcher3/com.android.launcher3.CustomizationPanelLauncher#1 (0xb0771000): 0:10)- (Splash Screen org.mozilla.fennec_aurora#0 (0xafd20000): 0:32)- (org.mozilla.fennec_aurora/org.mozilla.fenix.IntentReceiverActivity#0 (0xafdf0000): 0:2)- (org.mozilla.fennec_aurora/org.mozilla.fenix.HomeActivity#0 (0xafe5f000): 0:62)- (com.android.launcher3/com.android.launcher3.CustomizationPanelLauncher#0 (0xb0763000): 0:35)* (com.android.launcher3/com.android.launcher3.CustomizationPanelLauncher#1 (0xb0771000): 0:6) 
06-23 23:53:07.195  1456  1673 W ActivityManager: setHasOverlayUi called on unknown pid: 22046
06-23 23:53:07.235  1456  1605 I chatty  : uid=1000(system) ActivityManager identical 7 lines
06-23 23:53:07.250  1456  1605 W zygote  : kill(-22046, 9) failed: No such process
06-23 23:53:07.251  1456  1605 I zygote  : Successfully killed process cgroup uid 11450 pid 22046 in 149ms
06-23 23:53:07.251  1456  1605 W zygote  : kill(-22127, 9) failed: No such process
06-23 23:53:07.251  1456  1605 I zygote  : Successfully killed process cgroup uid 11450 pid 22127 in 0ms
06-23 23:53:07.260  1456  7796 I OpenGLRenderer: Initialized EGL, version 1.4
06-23 23:53:07.260  1456  7796 D OpenGLRenderer: Swap behavior 2
06-23 23:53:08.261  1456  2920 I ActivityManager: START u0 {act=android.intent.action.VIEW dat=https://example.com/... typ=text/html flg=0x10000000 cmp=org.mozilla.fennec_aurora/org.mozilla.fenix.IntentReceiverActivity} from uid 2000
06-23 23:53:08.262   794   839 E ANDR-PERF-RESOURCEQS: Failed to apply optimization [4, 0]
06-23 23:53:08.281  1456 10736 I ActivityManager: Start proc 22313:org.mozilla.fennec_aurora/u0a1450 for activity org.mozilla.fennec_aurora/org.mozilla.fenix.IntentReceiverActivity
06-23 23:53:08.370 20719 20765 I MicroDetectionState: Should stop hotword detection immediately - false
06-23 23:53:08.371 20719 20765 I MicroDetector: Keeping mic open: false
06-23 23:53:08.371 20719 20765 I MicroDetector: #shutdownAudioWithAudioLibrary
06-23 23:53:08.371 20719 25918 E DeviceStateChecker: DeviceStateChecker cancelled
06-23 23:53:08.371 20719 20742 I MicroRecognitionRunner: Stopping hotword detection.
06-23 23:53:08.372 20719  4917 W c       : #copyFromBuffer interrupted: exception in wait.
06-23 23:53:08.372 20719  4917 W c       : java.lang.InterruptedException
06-23 23:53:08.372 20719  4917 W c       : 	at java.util.concurrent.locks.AbstractQueuedSynchronizer$ConditionObject.reportInterruptAfterWait(AbstractQueuedSynchronizer.java:2034)
06-23 23:53:08.372 20719  4917 W c       : 	at java.util.concurrent.locks.AbstractQueuedSynchronizer$ConditionObject.await(AbstractQueuedSynchronizer.java:2068)
06-23 23:53:08.372 20719  4917 W c       : 	at com.google.android.libraries.search.c.g.a.c.a(SourceFile:12)
06-23 23:53:08.372 20719  4917 W c       : 	at com.google.android.libraries.search.c.e.a.read(SourceFile:17)
06-23 23:53:08.372 20719  4917 W c       : 	at com.google.android.libraries.assistant.hotword.s.a(SourceFile:16)
06-23 23:53:08.372 20719  4917 W c       : 	at com.google.android.apps.gsa.staticplugins.microdetection.c.n.a(SourceFile:83)
06-23 23:53:08.372 20719  4917 W c       : 	at com.google.android.apps.gsa.staticplugins.microdetection.c.k.run(Unknown Source:22)
06-23 23:53:08.372 20719  4917 W c       : 	at com.google.android.libraries.gsa.l.a.l.call(Unknown Source:8)
06-23 23:53:08.372 20719  4917 W c       : 	at java.util.concurrent.FutureTask.run(FutureTask.java:266)
06-23 23:53:08.372 20719  4917 W c       : 	at com.google.apps.tiktok.concurrent.aq.run(SourceFile:1)
06-23 23:53:08.372 20719  4917 W c       : 	at java.util.concurrent.ThreadPoolExecutor.runWorker(ThreadPoolExecutor.java:1162)
06-23 23:53:08.372 20719  4917 W c       : 	at java.util.concurrent.ThreadPoolExecutor$Worker.run(ThreadPoolExecutor.java:636)
06-23 23:53:08.372 20719  4917 W c       : 	at com.google.apps.tiktok.concurrent.f.run(Unknown Source:24)
06-23 23:53:08.372 20719  4917 W c       : 	at java.lang.Thread.run(Thread.java:764)
06-23 23:53:08.373 20719  4917 I MicroRecognitionRunner: Detection finished
06-23 23:53:08.388 22313 22313 D FirebaseApp: com.google.firebase.auth.FirebaseAuth is not linked. Skipping initialization.
06-23 23:53:08.390 22313 22313 D FirebaseApp: com.google.firebase.crash.FirebaseCrash is not linked. Skipping initialization.
06-23 23:53:08.391 22313 22313 I FirebaseInitProvider: FirebaseApp initialization successful
06-23 23:53:08.417   788   788 D audio_hw_primary: disable_audio_route: usecase(9) reset and update mixer path: audio-record
06-23 23:53:08.418   788   788 D audio_hw_primary: disable_snd_device: snd_device(120: voice-rec-mic)
06-23 23:53:08.420  1012  1012 D APM_AudioPolicyManager: stopInput() input 415598, session 415889
06-23 23:53:08.421   788  1479 D audio_hw_primary: in_set_parameters: enter: kvpairs=routing=0
06-23 23:53:08.424 20719 20765 I HotwordLSAdapter: stopListeningStatus result: 1
06-23 23:53:08.424 20719 20752 I AListeningSessionUtils: Sending AudioStatusChangedBroadcast to :interactor. audioSourceType: 5, isActive: false
06-23 23:53:08.426 22313 22331 I FA      : Collection disabled with firebase_analytics_collection_enabled=0
06-23 23:53:08.427 22313 22331 I FA      : App measurement is starting up, version: 12780
06-23 23:53:08.427 22313 22331 I FA      : To enable debug logging run: adb shell setprop log.tag.FA VERBOSE
06-23 23:53:08.427 22313 22331 I FA      : To enable faster debug mode event logging run:
06-23 23:53:08.427 22313 22331 I FA      :   adb shell setprop debug.firebase.analytics.app org.mozilla.fennec_aurora
06-23 23:53:08.443 22313 22313 D FennecProfile: profiles.ini: true
06-23 23:53:08.449 22313 22313 D FennecProfile: Ignoring line in [general] section: StartWithLastProfile=1
06-23 23:53:08.449 22313 22313 D FennecProfile: Found 1 profiles
06-23 23:53:08.449 22313 22313 D FennecProfile: Found default profile: FennecProfile(name=default, path=/data/user/0/org.mozilla.fennec_aurora/files/mozilla/15hx4xzv.default, default=true)
06-23 23:53:08.471 22313 22313 D FennecMigrator: No migrations to run. Fennec install - false.
06-23 23:53:08.494 22313 22313 D FenixApplication: Initializing Glean (uploadEnabled=true, isFennec=true)
06-23 23:53:08.508 22313 22339 D RustNativeSupport: findMegazordLibraryName(viaduct, 61.0.2
06-23 23:53:08.508 22313 22339 D RustNativeSupport: lib in use: none
06-23 23:53:08.508 22313 22339 D RustNativeSupport: lib configured: megazord
06-23 23:53:08.509 22313 22339 D RustNativeSupport: lib version configured: 61.0.2
06-23 23:53:08.509 22313 22339 D RustNativeSupport: settled on megazord
06-23 23:53:08.527 22313 22338 D libglean_ffi: glean_ffi: Android logging should be hooked up!
06-23 23:53:08.532 22313 22338 I glean/Glean: Registering pings for mozilla.telemetry.glean.GleanMetrics.Pings
06-23 23:53:08.535 22313 22338 I libglean_ffi: glean_core: Creating new Glean v31.1.1
06-23 23:53:08.535 22313 22338 D libglean_ffi: glean_core::database: Database path: "/data/user/0/org.mozilla.fennec_aurora/glean_data/db"
06-23 23:53:08.536 22313 22313 D GeckoThread: State changed to LAUNCHED
06-23 23:53:08.536 22313 22338 I libglean_ffi: glean_core::database: Database initialized
06-23 23:53:08.537 22313 22342 I GeckoThread: preparing to run Gecko
06-23 23:53:08.537 22313 22343 I libglean_ffi: glean_core::upload::directory: Processing persisted pings.
06-23 23:53:08.541 22313 22338 I libglean_ffi: glean_ffi: Glean initialized
06-23 23:53:08.543 22313 22339 D RustNativeSupport: findMegazordLibraryName(rustlog, 61.0.2
06-23 23:53:08.543 22313 22339 D RustNativeSupport: lib in use: none
06-23 23:53:08.543 22313 22339 D RustNativeSupport: lib configured: megazord
06-23 23:53:08.543 22313 22339 D RustNativeSupport: lib version configured: 61.0.2
06-23 23:53:08.543 22313 22339 D RustNativeSupport: settled on megazord
06-23 23:53:08.545 22313 22342 D GeckoThread: State changed to MOZGLUE_READY
06-23 23:53:08.545 22313 22313 D GeckoRuntime: Lifecycle: onCreate
06-23 23:53:08.546 22313 22339 I rc_log_ffi::ios: rc_log adapter initialized!
06-23 23:53:08.557 22313 22342 W Settings: Setting animator_duration_scale has moved from android.provider.Settings.System to android.provider.Settings.Global, returning read-only global URI.
06-23 23:53:08.561 22313 22342 E GeckoLibLoad: Load sqlite start
06-23 23:53:08.561 22313 22313 I zygote  : Deoptimizing java.lang.Object androidx.collection.SimpleArrayMap.put(java.lang.Object, java.lang.Object) due to JIT inline cache
06-23 23:53:08.562 22313 22338 D glean/MetricsPingSched: The 'metrics' ping was last sent on Tue Jun 23 00:00:00 EDT 2020
06-23 23:53:08.563 22313 22338 I glean/MetricsPingSched: The 'metrics' ping was already sent today, Tue Jun 23 23:53:08 EDT 2020.
06-23 23:53:08.563 22313 22338 D glean/MetricsPingSched: Scheduling the 'metrics' ping in 14811451ms
06-23 23:53:08.565 22313 22342 E GeckoLibLoad: Load sqlite done
06-23 23:53:08.565 22313 22342 E GeckoLibLoad: Load nss start
06-23 23:53:08.565 22313 22342 E GeckoLibLoad: Load nss done
06-23 23:53:08.566 22313 22338 D libglean_ffi: glean_core: Clearing Lifetime::Application metrics
06-23 23:53:08.585 22313 22342 E GeckoLibLoad: Loaded libs in 18.915106ms total, 10ms(50ms) user, 6ms(10ms) system, 0(0) faults
06-23 23:53:08.585 22313 22342 D GeckoThread: State changed to LIBS_READY
06-23 23:53:08.589 22313 22342 W GeckoThread: zerdatime 25498894662 - runGecko
06-23 23:53:08.591 22313 22313 D GleanMetricsService: Enabling Glean.
06-23 23:53:08.591 22313 22342 D GeckoProfile: Loading profile at: null name: default
06-23 23:53:08.592 22313 22313 I glean/Dispatchers: Task queued for execution and delayed until flushed
06-23 23:53:08.593 22313 22342 D GeckoProfile: Found profile dir: /data/user/0/org.mozilla.fennec_aurora/files/mozilla/15hx4xzv.default
06-23 23:53:08.597 22313 22313 I AdjustMetricsService: No adjust token defined
06-23 23:53:08.598 22313 22313 D PushConfig: Creating push configuration for autopush.
06-23 23:53:08.607 22313 22313 I App     : AutoPushFeature is configured, initializing it...
06-23 23:53:08.607 22313 22354 D AutoPushFeature: Initializing native component with the cached token.
06-23 23:53:08.609 22313 22313 I AutoPushFeature: Checking validity of push subscriptions.
06-23 23:53:08.613 22313 22354 D RustNativeSupport: findMegazordLibraryName(push, 61.0.2
06-23 23:53:08.613 22313 22354 D RustNativeSupport: lib in use: none
06-23 23:53:08.613 22313 22354 D RustNativeSupport: lib configured: megazord
06-23 23:53:08.613 22313 22354 D RustNativeSupport: lib version configured: 61.0.2
06-23 23:53:08.613 22313 22354 D RustNativeSupport: settled on megazord
06-23 23:53:08.617 22313 22313 D FennecProfile: profiles.ini: true
06-23 23:53:08.617 22313 22338 I libglean_ffi: glean_core: Upload enabled: true
06-23 23:53:08.622 22313 22313 D FennecProfile: Ignoring line in [general] section: StartWithLastProfile=1
06-23 23:53:08.622 22313 22313 D FennecProfile: Found 1 profiles
06-23 23:53:08.623 22313 22313 D FennecProfile: Found default profile: FennecProfile(name=default, path=/data/user/0/org.mozilla.fennec_aurora/files/mozilla/15hx4xzv.default, default=true)
06-23 23:53:08.643 22313 22339 W [WARNING][Leanplum]: [com.leanplum.internal.ActionManager::getLocationManager::8]: Geofencing support requires leanplum-location module and Google Play Services v8.1 and higher.
06-23 23:53:08.643 22313 22339 W [WARNING][Leanplum]: Add this to your build.gradle file:
06-23 23:53:08.643 22313 22339 W [WARNING][Leanplum]: implementation 'com.google.android.gms:play-services-location:8.3.0+'
06-23 23:53:08.643 22313 22339 W [WARNING][Leanplum]: implementation 'com.leanplum:leanplum-location:+'
06-23 23:53:08.657 22313 22339 I [INFO][Leanplum]: [com.leanplum.monitoring.ExceptionHandler::setContext::6]: LeanplumExceptionHandler could not initialize Exception Reporting.This is expected if you have not included the leanplum-monitoring module
06-23 23:53:08.663 22313 22342 I Gecko:DumpUtils: Fifo watcher disabled via pref.
06-23 23:53:08.665 22313 22313 D FennecMigrator: This is not a Fennec installation. No migration needed.
06-23 23:53:08.667 22313 22313 D SessionManager: onTrimMemory(10): clearThumbnails=true, closeEngineSessions=false
06-23 23:53:08.667 22313 22313 D SessionManager: Cleared 0 thumbnail(s) and unlinked 0 engine sessions(s)
06-23 23:53:08.686 22313 22358 I [INFO][Leanplum]: [com.leanplum.LeanplumFcmProvider::isManifestSetup::11]: Firebase Messaging is setup correctly.
06-23 23:53:08.711 22313 22313 D GeckoRuntime: Lifecycle: onStart
06-23 23:53:08.715 22313 22318 I zygote  : Do partial code cache collection, code=24KB, data=29KB
06-23 23:53:08.718 22313 22318 I zygote  : After code cache collection, code=22KB, data=29KB
06-23 23:53:08.718 22313 22318 I zygote  : Increasing code cache capacity to 128KB
06-23 23:53:08.725 22313 22313 D GeckoRuntime: Lifecycle: onResume
06-23 23:53:08.730 22313 22342 D GeckoSysInfo: System memory: 1867MB.
06-23 23:53:08.732 22313 22313 D GeckoNetworkManager: Incoming event start for state OffNoListeners -> OnNoListeners
06-23 23:53:08.734 22313 22313 D GeckoNetworkManager: New network state: UP, WIFI, WIFI
06-23 23:53:08.735 22313 22342 D GeckoThread: State changed to JNI_READY
06-23 23:53:08.742 22313 22357 D NetworkSecurityConfig: No Network Security Config specified, using platform default
06-23 23:53:08.763  1456 10736 I ActivityManager: Start proc 22393:org.mozilla.fennec_aurora:tab0/u0a1450 for service org.mozilla.fennec_aurora/org.mozilla.gecko.process.GeckoChildProcessServices$tab0
06-23 23:53:08.764 22313 22397 D OpenGLRenderer: HWUI GL Pipeline
06-23 23:53:08.767 22313 22381 D ServiceAllocator: org.mozilla.gecko.process.GeckoChildProcessServices$tab0 updateBindings: BACKGROUND priority, 0 importance, 2 successful binds, 0 failed binds, 0 successful unbinds
06-23 23:53:08.792 22313 22338 I libglean_ffi: glean_core::ping: Collecting baseline
06-23 23:53:08.797 22313 22338 D libglean_ffi: glean_core::ping: Storing ping 'e1c02122-ad9e-4516-8bb2-ff176d0dbcc0' at '/data/user/0/org.mozilla.fennec_aurora/glean_data/pending_pings/e1c02122-ad9e-4516-8bb2-ff176d0dbcc0'
06-23 23:53:08.800 22313 22338 I libglean_ffi: glean_core: The ping 'baseline' was submitted and will be sent as soon as possible
06-23 23:53:08.849  1456  2402 D ConnectivityService: requestNetwork for uid/pid:11450/22313 NetworkRequest [ TRACK_DEFAULT id=75145, [ Capabilities: INTERNET&NOT_RESTRICTED&TRUSTED&NOT_VPN] ]
06-23 23:53:08.850  1456  2099 D Ethernet: got request NetworkRequest [ TRACK_DEFAULT id=75145, [ Capabilities: INTERNET&NOT_RESTRICTED&TRUSTED&NOT_VPN] ] with score 60
06-23 23:53:08.851  1456  2054 D WIFI_UT : got request NetworkRequest [ TRACK_DEFAULT id=75145, [ Capabilities: INTERNET&NOT_RESTRICTED&TRUSTED&NOT_VPN] ] with score 60
06-23 23:53:08.851  1456  2054 D WIFI    : got request NetworkRequest [ TRACK_DEFAULT id=75145, [ Capabilities: INTERNET&NOT_RESTRICTED&TRUSTED&NOT_VPN] ] with score 60
06-23 23:53:08.852  2398  2398 D PhoneSwitcherNetworkRequstListener: got request NetworkRequest [ TRACK_DEFAULT id=75145, [ Capabilities: INTERNET&NOT_RESTRICTED&TRUSTED&NOT_VPN] ] with score 60
06-23 23:53:08.868 22393 22393 D GeckoThread: State changed to LAUNCHED
06-23 23:53:08.868 22393 22419 I GeckoThread: preparing to run Gecko
06-23 23:53:08.877  1456 10736 I ActivityManager: START u0 {act=android.intent.action.VIEW dat=https://example.com/... typ=text/html cmp=org.mozilla.fennec_aurora/org.mozilla.fenix.HomeActivity (has extras)} from uid 11450
06-23 23:53:08.914 22313 22318 I zygote  : Do partial code cache collection, code=55KB, data=47KB
06-23 23:53:08.916 22313 22318 I zygote  : After code cache collection, code=47KB, data=42KB
06-23 23:53:08.916 22313 22318 I zygote  : Increasing code cache capacity to 256KB
06-23 23:53:08.933 22313 22313 D GeckoNetworkManager: Incoming event receivedUpdate for state OnNoListeners -> OnNoListeners
06-23 23:53:08.938 22313 22313 D GeckoNetworkManager: New network state: UP, WIFI, WIFI
06-23 23:53:08.939  1456  2402 I WifiService: getDhcpInfo uid=11450
06-23 23:53:08.954 22313 22397 I Adreno  : QUALCOMM build                   : bb5b86c, I77d3059488
06-23 23:53:08.954 22313 22397 I Adreno  : Build Date                       : 06/07/18
06-23 23:53:08.954 22313 22397 I Adreno  : OpenGL ES Shader Compiler Version: EV031.22.00.01_06
06-23 23:53:08.954 22313 22397 I Adreno  : Local Branch                     : 
06-23 23:53:08.954 22313 22397 I Adreno  : Remote Branch                    : refs/tags/AU_LINUX_ANDROID_LA.UM.6.5.R1.08.01.00.312.086
06-23 23:53:08.954 22313 22397 I Adreno  : Remote Branch                    : NONE
06-23 23:53:08.954 22313 22397 I Adreno  : Reconstruct Branch               : NOTHING
06-23 23:53:08.955 22313 22397 D vndksupport: Loading /vendor/lib/hw/gralloc.msm8937.so from current namespace instead of sphal namespace.
06-23 23:53:08.962 22313 22397 I Adreno  : PFP: 0x005ff087, ME: 0x005ff063
06-23 23:53:08.969 22313 22397 I zygote  : android::hardware::configstore::V1_0::ISurfaceFlingerConfigs::hasWideColorDisplay retrieved: 0
06-23 23:53:08.970 22313 22397 I OpenGLRenderer: Initialized EGL, version 1.4
06-23 23:53:08.970 22313 22397 D OpenGLRenderer: Swap behavior 2
06-23 23:53:09.023 22313 22425 I libglean_ffi: glean_core::upload: New upload task with id e1c02122-ad9e-4516-8bb2-ff176d0dbcc0 (path: /submit/org-mozilla-fennec-aurora/baseline/1/e1c02122-ad9e-4516-8bb2-ff176d0dbcc0)
06-23 23:53:09.024  1456 10736 I WindowManager: Keep hide if surface has never drawn Window{9d15a37 u0 org.mozilla.fennec_aurora/org.mozilla.fenix.IntentReceiverActivity}
06-23 23:53:09.026  1456 10736 I WindowManager: Failed to capture screenshot of Token{a5f0dae ActivityRecord{c44c629 u0 org.mozilla.fennec_aurora/org.mozilla.fenix.IntentReceiverActivity t89056 f}} appWin=Window{9d15a37 u0 org.mozilla.fennec_aurora/org.mozilla.fenix.IntentReceiverActivity} drawState=1
06-23 23:53:09.027 22313 22425 D glean/ConceptFetchHttpUploader: Submitting ping to: https://incoming.telemetry.mozilla.org/submit/org-mozilla-fennec-aurora/baseline/1/e1c02122-ad9e-4516-8bb2-ff176d0dbcc0
06-23 23:53:09.031 22313 22313 I [INFO][Leanplum]: [com.leanplum.LeanplumCloudMessagingProvider::onRegistrationIdReceived::3]: Device registered for push notifications with registration token, c59VjWu1qL0:APA91bFdgCfJWI79IpT_SZx69FEExT-l66_Pykctu2sBXhEgPSvF4XFSnZlYd8ikBIyqBb4WkiFcUvprSkJaRxlmtUWSA565Ux6jp4lYyZ7D4lJiKEH0U04pagSTqe3g0NdcZfzyp4zK
06-23 23:53:09.035 22313 22313 D MigrationPushRenewer: Migration state: NONE
06-23 23:53:09.036 22313 22313 D MigrationTelemetryListener: Migration state: NONE
06-23 23:53:09.063  1456  1673 I LaunchCheckinHandler: Displayed org.mozilla.fennec_aurora/org.mozilla.fenix.IntentReceiverActivity,cp,ca,793
06-23 23:53:09.102 22313 22313 I zygote  : Deoptimizing kotlin.coroutines.Continuation kotlin.coroutines.intrinsics.IntrinsicsKt.createCoroutineUnintercepted(kotlin.jvm.functions.Function2, java.lang.Object, kotlin.coroutines.Continuation) due to JIT inline cache
06-23 23:53:09.106 22313 22313 D PhoneWindow: Restoring navigation bar divider color to default value = 0x00000000
06-23 23:53:09.176 22313 22313 I NavController: Ignoring popBackStack to destination org.mozilla.fennec_aurora:id/browserFragment as it was not found on the current back stack
06-23 23:53:09.307 22313 22342 D GeckoThread: State changed to PROFILE_READY
06-23 23:53:09.408 22313 22342 D GeckoThread: State changed to RUNNING
