03-23 16:58:49.473  7614  7802 D App     : Could not fetch region from location service
03-23 16:58:49.473  7614  7802 D App     : java.io.IOException: org.mozilla.geckoview.WebRequestError: Request failed, error=0x25, category=0x5
03-23 16:58:49.473  7614  7802 D App     : 	at mozilla.components.browser.engine.gecko.fetch.GeckoViewFetchClient.fetch(GeckoViewFetchClient.kt:39)
03-23 16:58:49.473  7614  7802 D App     : 	at mozilla.components.service.location.MozillaLocationService$fetchRegion$2.invokeSuspend(MozillaLocationService.kt:27)
03-23 16:58:49.473  7614  7802 D App     : 	at mozilla.components.service.location.MozillaLocationService$fetchRegion$2.invoke(Unknown Source:10)
03-23 16:58:49.473  7614  7802 D App     : 	at kotlin.jvm.internal.Intrinsics.startUndispatchedOrReturn(Intrinsics.java:2)
03-23 16:58:49.473  7614  7802 D App     : 	at kotlin.jvm.internal.Intrinsics.withContext(Intrinsics.java:9)
03-23 16:58:49.473  7614  7802 D App     : 	at mozilla.components.service.location.MozillaLocationService.fetchRegion(MozillaLocationService.kt:2)
03-23 16:58:49.473  7614  7802 D App     : 	at mozilla.components.service.location.search.RegionSearchLocalizationProvider.determineRegion(RegionSearchLocalizationProvider.kt:5)
03-23 16:58:49.473  7614  7802 D App     : 	at mozilla.components.browser.search.provider.AssetsSearchEngineProvider.loadSearchEngines(AssetsSearchEngineProvider.kt:5)
03-23 16:58:49.473  7614  7802 D App     : 	at org.mozilla.fenix.components.searchengine.FenixSearchEngineProvider$bundledSearchEngines$1.invokeSuspend(FenixSearchEngineProvider.kt:21)
03-23 16:58:49.473  7614  7802 D App     : 	at kotlin.coroutines.jvm.internal.BaseContinuationImpl.resumeWith(ContinuationImpl.kt:2)
03-23 16:58:49.473  7614  7802 D App     : 	at kotlinx.coroutines.DispatchedTask.run(DispatchedTask.kt:19)
03-23 16:58:49.473  7614  7802 D App     : 	at kotlinx.coroutines.scheduling.CoroutineScheduler.runSafely(CoroutineScheduler.kt:1)
03-23 16:58:49.473  7614  7802 D App     : 	at kotlinx.coroutines.scheduling.CoroutineScheduler$Worker.run(CoroutineScheduler.kt:14)
03-23 16:58:49.473  7614  7802 D App     : Caused by: org.mozilla.geckoview.WebRequestError: Request failed, error=0x25, category=0x5
03-23 16:58:49.473  7614  7802 D App     : 	at org.mozilla.gecko.mozglue.GeckoLoader.nativeRun(Native Method)
03-23 16:58:49.473  7614  7802 D App     : 	at org.mozilla.gecko.GeckoThread.run(GeckoThread.java:91)
03-23 16:58:49.473  7712  7730 D GeckoThread: State changed to LIBS_READY
03-23 16:58:49.474  7712  7730 W GeckoThread: zerdatime 17525223241 - runGecko
03-23 16:58:49.810  7712  7730 D GeckoThread: State changed to RUNNING
03-23 16:58:49.846  7712  7730 W ResourceType: Too many attribute references, stopped at: 0x01010099
03-23 16:58:49.931  7614  7614 D App     : Installed browser-icons extension
03-23 16:58:49.933  7614  7614 D mozac-webextensions: Installed extension: mozacWebchannel
03-23 16:58:49.934  7614  7614 D mozac-webextensions: Installed extension: mozacReaderview
03-23 16:58:49.948  7712  7712 D GeckoNetworkManager: Incoming event enableNotifications for state OffNoListeners -> OffWithListeners
03-23 16:58:49.950  7712  7712 D GeckoNetworkManager: New network state: DOWN, NONE, UNKNOWN
03-23 16:58:49.955  7614  7614 D GeckoSession: handleMessage GeckoView:PageStart uri=about:blank
03-23 16:58:50.008  7614  7614 D GeckoSession: handleMessage GeckoView:LocationChange uri=about:blank
03-23 16:58:50.009  7614  7614 D GeckoSession: handleMessage GeckoView:PageStop uri=null
03-23 16:58:50.013  7614  7648 D GeckoScreenOrientation: unlocking
03-23 16:58:50.017  7614  7614 I SessionStorage/AutoSave: Save: Load finished
03-23 16:58:50.019  7614  7803 D SessionStorage/AutoSave: Delaying save (83ms)
03-23 16:58:50.035  7614  7614 D GeckoSession: handleMessage GeckoView:ProgressChanged uri=null
03-23 16:58:50.044  7614  7614 D GeckoSession: handleMessage GeckoView:PageStart uri=https://example.com/
03-23 16:58:50.046  7614  7619 I zygote  : Do partial code cache collection, code=125KB, data=85KB
03-23 16:58:50.048  7614  7619 I zygote  : After code cache collection, code=124KB, data=84KB
03-23 16:58:50.048  7614  7619 I zygote  : Increasing code cache capacity to 512KB
03-23 16:58:50.064  7614  7614 D GeckoSession: handleMessage GeckoView:ProgressChanged uri=null
03-23 16:58:50.069  7614  7614 D GeckoSession: handleMessage GeckoView:PageStop uri=null
03-23 16:58:50.069  7614  7614 I SessionStorage/AutoSave: Save: Load finished
03-23 16:58:50.070  7614  7614 D SessionStorage/AutoSave: Skipping save, other job already in flight
03-23 16:58:50.080  7614  7614 D GeckoSession: handleMessage GeckoView:SecurityChanged uri=null
03-23 16:58:50.081  7614  7614 D GeckoSession: handleMessage GeckoView:ProgressChanged uri=null
03-23 16:58:50.087  7614  7614 D GeckoSession: handleMessage GeckoView:PageStart uri=https://example.com/
03-23 16:58:50.104  7614  7803 I zygote  : Deoptimizing void kotlin.sequences.FilteringSequence$iterator$1.calcNext() due to JIT inline cache
03-23 16:58:50.105  7614  7803 I zygote  : Deoptimizing void kotlin.sequences.FilteringSequence$iterator$1.calcNext() due to JIT inline cache
03-23 16:58:50.113  7614  7803 D SessionStorage/AutoSave: Saved state to disk [10ms]
03-23 16:58:50.347  7614  7614 D GeckoSession: handleMessage GeckoView:OnLoadError uri=https://example.com/
03-23 16:58:50.353  7614  7614 I zygote  : Deoptimizing kotlin.coroutines.CoroutineContext$Element kotlin.coroutines.CoroutineContext$Element$DefaultImpls.get(kotlin.coroutines.CoroutineContext$Element, kotlin.coroutines.CoroutineContext$Key) due to JIT inline cache
03-23 16:58:50.381  7614  7614 D mozac-webcompat: Installed WebCompat webextension: webcompat@mozilla.com
03-23 16:58:50.384  7614  7614 D GeckoSession: handleMessage GeckoView:ProgressChanged uri=null
03-23 16:58:50.393  7614  7614 D GeckoSession: handleMessage GeckoView:PageStop uri=null
03-23 16:58:50.394  7614  7614 I SessionStorage/AutoSave: Save: Load finished
03-23 16:58:50.395  7614  7803 D SessionStorage/AutoSave: Delaying save (1623ms)
03-23 16:58:50.395  7614  7803 I zygote  : Deoptimizing java.lang.Object kotlinx.coroutines.CancellableContinuationImpl.getResult() due to JIT inline cache
03-23 16:58:50.428  7614  7614 D GeckoSession: handleMessage GeckoView:LocationChange uri=https://example.com/
03-23 16:58:50.437  7614  7803 I zygote  : Deoptimizing void kotlinx.coroutines.DispatchedTask.run() due to JIT inline cache
03-23 16:58:50.440  7614  7803 D places_ffi: bookmarks_get_all_with_url
03-23 16:58:50.457  7614  7614 D GeckoSession: handleMessage GeckoView:SecurityChanged uri=null
03-23 16:58:50.515  7614  7803 D places_ffi: places_connection_new
03-23 16:58:50.528  7614  7803 D places_ffi: places_note_observation
03-23 16:58:50.548  7614  7803 D sql_support::conn_ext: Transaction commited after 19.885523ms
03-23 16:58:50.602  7712  7730 W GeckoLinker: /data/app/org.mozilla.fennec_aurora-4o4wZSpA0HKsvuJj5qUm4g==/lib/arm/libsoftokn3.so: unhandled flags #8 not handled
03-23 16:58:50.604  7712  7730 W GeckoLinker: /data/app/org.mozilla.fennec_aurora-4o4wZSpA0HKsvuJj5qUm4g==/lib/arm/libsoftokn3.so: Relocation to NULL @0x0002cffc for symbol "__cxa_type_match"
03-23 16:58:50.604  7712  7730 W GeckoLinker: /data/app/org.mozilla.fennec_aurora-4o4wZSpA0HKsvuJj5qUm4g==/lib/arm/libfreebl3.so: unhandled flags #8 not handled
03-23 16:58:50.605  7712  7730 W GeckoLinker: /data/app/org.mozilla.fennec_aurora-4o4wZSpA0HKsvuJj5qUm4g==/lib/arm/libfreebl3.so: Relocation to NULL @0x0004fffc for symbol "__cxa_type_match"
03-23 16:58:50.642  7614  7803 D places_ffi: places_note_observation
03-23 16:58:50.682  7614  7803 D sql_support::conn_ext: Transaction commited after 39.539639ms
03-23 16:58:50.687  7614  7669 D places_ffi: places_note_observation
03-23 16:58:50.704  7614  7669 D sql_support::conn_ext: Transaction commited after 15.64146ms
03-23 16:58:50.729  7614  7614 I DefaultSupportedAddonsChecker: Register check for new supported add-ons
03-23 16:58:50.928  1456  1456 I ActivityManager: Start proc 7880:com.android.vending/u0a62 for service com.android.vending/com.google.android.finsky.scheduler.JobSchedulerEngine$PhoneskyJobSchedulerJobService
03-23 16:58:50.974 17694 17705 I zygote  : Background concurrent copying GC freed 35471(2MB) AllocSpace objects, 195(9MB) LOS objects, 49% free, 9MB/19MB, paused 229us total 114.257ms
03-23 16:58:51.004  7880  7880 I Finsky  : [2] ebz.aG(7): Process created at version: 18.6.33-all [0] [PR] 292279539
03-23 16:58:51.107 17694 17724 W Icing   : isOptedInForAppHistory: empty Account Name encountered
03-23 16:58:51.143 17694 14209 W Icing   : isOptedInForAppHistory: empty Account Name encountered
03-23 16:58:51.246 13975 18311 W GmscoreIpa: Processed 0 SMS and 0 MMS deletions
03-23 16:58:51.375  7880  7902 I Finsky  : [419849] rgj.a(38): Started reading experiment flags from file [0tGUNCGIkbk4o6-fQ335kUYSKwVj4lusnHT-A5Dsy08].
03-23 16:58:51.390  7880  7902 I Finsky  : [419849] rgj.a(49): Finished reading experiment flags from file [0tGUNCGIkbk4o6-fQ335kUYSKwVj4lusnHT-A5Dsy08].
03-23 16:58:51.394  7880  7902 I Finsky  : [419849] rgj.a(38): Started reading experiment flags from file [Se-xCc4LzNyh3UrKMIU2sUf-PUKz4oQEbpKZDMuaFno].
03-23 16:58:51.395  7614  7614 D GeckoSession: handleMessage GeckoView:StateUpdated uri=null
03-23 16:58:51.396  7614  7614 W GeckoSession: No history entries found.
03-23 16:58:51.403  7880  7902 I Finsky  : [419849] rgj.a(49): Finished reading experiment flags from file [Se-xCc4LzNyh3UrKMIU2sUf-PUKz4oQEbpKZDMuaFno].
03-23 16:58:51.497  7880  7880 I Finsky  : [2] tqw.<init>(11): Resetting scheduler db
03-23 16:58:51.515  7880  7900 I Finsky  : [419847] ebz.U(6): Not a unicorn account
03-23 16:58:51.532  7880  7900 W PrimesInit: Primes instant initialization
03-23 16:58:51.542  7880  7912 W Primes  : background initialization
03-23 16:58:51.577  7880  7899 I Finsky  : [419846] xqv.a(2): Disable SystemUpdateActivity, because Android is lower than Q
03-23 16:58:51.583  7880  7901 I zygote  : Deoptimizing java.lang.Object j$.util.concurrent.ConcurrentHashMap.putVal(java.lang.Object, java.lang.Object, boolean) due to JIT inline cache
03-23 16:58:51.584  7880  7901 I Finsky  : [419848] qtj.<init>(5): PackageMonitor - Registering in memory receiver for android.intent.action.PACKAGE_ADDED and android.intent.action.PACKAGE_REMOVED
03-23 16:58:51.603  7880  7917 I Finsky  : [419863] xqu.run(4): Set SystemUpdateActivity enabled state to 2
03-23 16:58:51.633  7880  7899 W Settings: Setting download_manager_max_bytes_over_mobile has moved from android.provider.Settings.Secure to android.provider.Settings.Global.
03-23 16:58:51.635  7880  7899 I Finsky  : [419846] pxz.a(5): SettingNotFoundException, fall through to G.downloadBytesOverMobileMaximum
03-23 16:58:51.636  7880  7901 I Finsky  : [419848] ozh.c(4): Enqueuing libraries load for 0
03-23 16:58:51.636  7880  7899 W Settings: Setting download_manager_recommended_max_bytes_over_mobile has moved from android.provider.Settings.Secure to android.provider.Settings.Global.
03-23 16:58:51.638  7880  7899 I Finsky  : [419846] pxz.a(9): SettingNotFoundException, fall through to G.downloadBytesOverMobileRecommended
03-23 16:58:51.638  7880  7898 I cr_CronetLibraryLoader: Cronet version: 81.0.4021.0, arch: armv7l
03-23 16:58:51.641  7880  7901 I Finsky  : [419848] gvu.f(7): Subscription detail: N/A
03-23 16:58:51.646  7880  7898 W Finsky  : [419845] drd.a(21): For unauth, use getDfeApiNonAuthenticated() instead!
03-23 16:58:51.651  7880  7920 I Finsky  : [419866] ozh.a(16): Starting libraries load for 0
03-23 16:58:51.687  7880  7898 I Finsky  : [419845] zws.l(5): Setup app restrictions monitor
03-23 16:58:51.694  7880  7898 I Finsky  : [419845] zyp.a(4): Device wide unknown source restriction is changed.
03-23 16:58:51.708  7880  7920 I Finsky  : [419866] ozh.a(38): Finished loading 0 libraries.
03-23 16:58:51.764  7880  7885 I zygote  : Do partial code cache collection, code=27KB, data=21KB
03-23 16:58:51.766  7880  7885 I zygote  : After code cache collection, code=25KB, data=21KB
03-23 16:58:51.766  7880  7885 I zygote  : Increasing code cache capacity to 128KB
03-23 16:58:51.843  1456  1600 I UsageStatsService: User[0] Flushing usage stats to disk
03-23 16:58:51.910  7880  7918 I PlayCommon: [419864] akew.c(29): Preparing logs for uploading
03-23 16:58:51.931  7880  7918 I PlayCommon: [419864] akew.c(133): Connecting to server for timestamp: https://play.googleapis.com/play/log/timestamp
03-23 16:58:51.934  7880  7880 I Finsky  : [2] ppb.onTrimMemory(1): Memory trim requested to level 15
03-23 16:58:51.937  7880  7880 I Finsky  : [2] lno.a(1): Scheduling NO_RECENT_SUCCESS in onApplicationCreate
03-23 16:58:51.949  7880  7918 D NetworkSecurityConfig: No Network Security Config specified, using platform default
03-23 16:58:51.957  7880  7918 E PlayCommon: [419864] akew.c(10): Failed to connect to server for server timestamp: java.net.UnknownHostException: Unable to resolve host "play.googleapis.com": No address associated with hostname
03-23 16:58:51.957  7880  7918 W PlayCommon: [419864] akew.a(1): No account for auth token provided
03-23 16:58:51.958  7880  7918 I PlayCommon: [419864] akew.c(164): Connecting to server: https://play.googleapis.com/play/log?format=raw&proto_v2=true
03-23 16:58:51.959  7880  7918 E PlayCommon: [419864] akew.c(222): Failed to connect to server: java.net.UnknownHostException: Unable to resolve host "play.googleapis.com": No address associated with hostname
03-23 16:58:51.968  7880  7880 I Finsky  : [2] mre.<init>(12): Installer: Setting Parallelism[DEFAULT]
03-23 16:58:51.971  7880  7880 I Finsky  : [2] mnv.a(18): Installer: Attempting to start installer
03-23 16:58:51.975  7880  7880 I zygote  : Deoptimizing java.lang.Object j$.util.concurrent.ConcurrentHashMap.putVal(java.lang.Object, java.lang.Object, boolean) due to JIT inline cache
03-23 16:58:51.982  7880  7880 I Finsky  : [2] mjc.<init>(8): Not checking if recovering from paused session because experiment is off
03-23 16:58:52.006  7880  7880 I Finsky  : [2] JobSchedulerEngine$PhoneskyJobSchedulerJobService.onStartJob(5): SCH: onJobSchedulerWakeup with jobId 9005
03-23 16:58:52.013  7880  7880 I Finsky  : [2] tnz.a(24): Scheduling fallback job with id: 9034, and delay: 43200000 ms
03-23 16:58:52.021  7880  7880 I Finsky  : [2] tnz.a(5): Scheduling fallback in 64799996 (absolute: 17590025783)
03-23 16:58:52.024  7614  7669 D SessionStorage/AutoSave: Saved state to disk [4ms]
03-23 16:58:52.033  7880  7948 I zygote  : Deoptimizing int aooz.a(java.lang.Object, byte[], int, int, int, aolt) due to JIT inline cache
03-23 16:58:52.037  7880  7880 I Finsky  : [2] gvt.onSubscriptionsChanged(1): onSubscriptionsChanged
03-23 16:58:52.042  7880  7880 I Finsky  : [2] mnv.a(230): Installer kick - no action, not running yet
03-23 16:58:52.076  7880  7880 I Finsky  : [2] toi.handleMessage(10): SCH: DeviceState: DeviceState{currentTime=1584997132070, isCharging=true, isIdle=false, netAny=false, netNotRoaming=false, netUnmetered=false, batteryPercent=100.0}
03-23 16:58:52.092  7880  7909 I Finsky  : [419856] tqw.a(7): SCH: Jobs in database: 1-1337 3-2287 3-2288 12-1 24-77777777 26-1414141414 29-29 
03-23 16:58:52.141  7880  7880 I Finsky  : [2] toj.a(20): SCH: Running job: 1-1337
03-23 16:58:52.165  7880  7880 I Finsky  : [2] loa.a(39): Starting Hygiene for reason 15
03-23 16:58:52.166  7880  7880 W Finsky  : [2] drd.a(21): For unauth, use getDfeApiNonAuthenticated() instead!
03-23 16:58:52.189  1456  2915 I ActivityManager: Start proc 7952:com.google.process.gapps/u0a36 for content provider com.google.android.gsf/.settings.GoogleSettingsProvider
03-23 16:58:52.213  7880  7885 I zygote  : Do partial code cache collection, code=55KB, data=47KB
03-23 16:58:52.214  7880  7885 I zygote  : After code cache collection, code=47KB, data=42KB
03-23 16:58:52.214  7880  7885 I zygote  : Increasing code cache capacity to 256KB
03-23 16:58:52.235  7952  7952 I zygote  : The ClassLoaderContext is a special shared library.
03-23 16:58:52.265  7952  7952 I GoogleHttpClient: GMS http client unavailable, use old client
03-23 16:58:52.316  7880  7968 I zygote  : Deoptimizing java.lang.Object j$.util.concurrent.ConcurrentHashMap.get(java.lang.Object) due to JIT inline cache
03-23 16:58:52.329  7880  7880 I Finsky  : [2] lol.b(10): Probe unauthenticated for hygiene pass
03-23 16:58:52.337  7880  7880 I Finsky  : [2] toi.handleMessage(63): SCH: RunningQueue size: 1, PendingQueue size: 0
03-23 16:58:52.338  7880  7880 I Finsky  : [2] toi.handleMessage(66): SCH: Running queue: 1-1337 
03-23 16:58:52.339  7880  7969 I Finsky  : [419892] ilh.a(20): Empty account name, not fetching device config token.
03-23 16:58:52.340  7880  7969 I Finsky  : [419892] lli.a(1): Request device config token was successful when fetching experiments.
03-23 16:58:52.340  7880  7969 W Finsky  : [419892] drd.a(21): For unauth, use getDfeApiNonAuthenticated() instead!
03-23 16:58:52.374  1456  2915 I ActivityManager: Start proc 7975:android.process.media/u0a31 for content provider com.android.providers.downloads/.DownloadProvider
03-23 16:58:52.419  7975  7975 I zygote  : The ClassLoaderContext is a special shared library.
03-23 16:58:52.438  7975  7975 I zygote  : The ClassLoaderContext is a special shared library.
03-23 16:58:52.455  7880  7902 I zygote  : Deoptimizing void aoln.a(java.lang.Iterable, java.util.List) due to JIT inline cache
03-23 16:58:52.490  7880  7902 I Finsky  : [419849] llf.a(10): Sending Heterodyne sync request for package com.android.vending
03-23 16:58:52.538  7880  7971 I Finsky  : [419894] mmw.run(2): Installer: Installer starting.
03-23 16:58:52.539  7880  7971 I Finsky  : [419894] mmw.run(4): Installer: Installer started.
03-23 16:58:52.540  7880  7902 I Finsky  : [419849] llf.a(5): Received Heterodyne sync response. StatusCode=-1
03-23 16:58:52.543  7880  7880 I Finsky  : [2] mnv.a(238): Installer: found apps to install. isMultiUserMode=false, apps=[]
03-23 16:58:52.566  7880  7880 I Finsky  : [2] tqf.a(3): SCH: Canceling job 3-2287
03-23 16:58:52.574  7880  7969 I Finsky  : [419892] hcp.a(24): No selector loaded
03-23 16:58:52.580  7880  7880 I Finsky  : [2] tqf.a(3): SCH: Canceling job 3-2288
03-23 16:58:52.588  7880  7969 I Finsky  : [419892] ill.d(66): System was updated or GL extensions were already cached.
03-23 16:58:52.599  1456  1466 I zygote  : Background concurrent copying GC freed 84271(4MB) AllocSpace objects, 47(2MB) LOS objects, 37% free, 39MB/63MB, paused 198us total 376.746ms
03-23 16:58:52.618  7880  7998 I Finsky  : [419900] mzx.c(27): IQ: Creating job 2289, for (REQ_DEVICE_IDLE, REQ_GEARHEAD_PROJECTION_OFF, MIN_BATTERY=50, SHOULD_APPLY_BUDGET=true, NETWORK=UNMETERED, PROVISIONING_STATE=PROVISIONED)
03-23 16:58:52.633  7880  7998 I Finsky  : [419900] mzx.c(27): IQ: Creating job 2290, for (REQ_CHARGING, REQ_DEVICE_IDLE, REQ_GEARHEAD_PROJECTION_OFF, NETWORK=UNMETERED, PROVISIONING_STATE=PROVISIONED)
03-23 16:58:52.675  7880  7917 I Finsky  : [419863] rgo.c(1): Triggered update for experiment package com.google.android.finsky.regular.
03-23 16:58:52.680  7880  7880 I Finsky  : [2] vbf.a(23): Connecting InstallListener to SplitInstallService broadcaster...
03-23 16:58:52.946  7880  7917 I Finsky  : [419863] rgo.c(8): Already at the latest configurations for experiment package com.google.android.finsky.regular.
03-23 16:58:52.946  7880  7905 I Finsky  : [419852] rgo.c(1): Triggered update for experiment package com.google.android.finsky.stable.
03-23 16:58:52.947  7880  7917 I Finsky  : [419863] rgf.c(5): Retrieved DSE selection state is false (cache=rgg@6b802d2)
03-23 16:58:52.947  7880  7917 I Finsky  : [419863] rgs.a(4): DSE selection state after sync is false (cache=rgg@6b802d2)
03-23 16:58:52.956  7880  7917 I Finsky  : [419863] ilh.a(20): Empty account name, not fetching device config token.
03-23 16:58:52.956  7880  7917 I Finsky  : [419863] ubp.a(1): Request device config token was successful in self update.
03-23 16:58:52.967  7880  7885 I zygote  : Do full code cache collection, code=95KB, data=72KB
03-23 16:58:52.969  7880  7885 I zygote  : After code cache collection, code=72KB, data=42KB
03-23 16:58:52.991  7880  7905 I Finsky  : [419852] rgo.c(8): Already at the latest configurations for experiment package com.google.android.finsky.stable.
03-23 16:58:53.005  7880  7905 I Finsky  : [419852] rgf.c(5): Retrieved DSE selection state is false (cache=rgg@6b802d2)
03-23 16:58:53.005  7880  7905 I Finsky  : [419852] rgs.a(4): DSE selection state after sync is false (cache=rgg@6b802d2)
03-23 16:58:53.045  7880  7880 W Finsky  : [2] loj.a(19): Self-update check failed with error: com.android.volley.NoConnectionError: org.chromium.net.impl.NetworkExceptionImpl: Exception in CronetUrlRequest: net::ERR_INTERNET_DISCONNECTED, ErrorCode=2, InternalErrorCode=-106, Retryable=false
03-23 16:58:53.147  7995  7995 D AndroidRuntime: >>>>>> START com.android.internal.os.RuntimeInit uid 2000 <<<<<<
03-23 16:58:53.160  7995  7995 W app_process: Could not reserve sentinel fault page
03-23 16:58:53.163  7880  7880 I Finsky  : [2] tpt.a(13): SCH: jobFinished: 1-1337. TimeElapsed: 1021ms.
03-23 16:58:53.168  7880  7880 I Finsky  : [2] toj.a(39): SCH: Job 1-1337 finished. Rescheduling.
03-23 16:58:53.170  7880  7880 I Finsky  : [2] toi.handleMessage(63): SCH: RunningQueue size: 0, PendingQueue size: 0
03-23 16:58:53.170  7880  7880 I Finsky  : [2] toi.handleMessage(70): Waiting on changed job store
03-23 16:58:53.327  7995  7995 I app_process: The ClassLoaderContext is a special shared library.
03-23 16:58:53.400  7995  7995 D AndroidRuntime: Calling main entry com.android.commands.input.Input
03-23 16:58:53.401  7995  7995 I Input   : injectKeyEvent: KeyEvent { action=ACTION_DOWN, keyCode=KEYCODE_HOME, scanCode=0, metaState=0, flags=0x0, repeatCount=0, eventTime=17073188681, downTime=17073188681, deviceId=-1, source=0x101 }
03-23 16:58:53.408  7995  7995 I Input   : injectKeyEvent: KeyEvent { action=ACTION_UP, keyCode=KEYCODE_HOME, scanCode=0, metaState=0, flags=0x0, repeatCount=0, eventTime=17073188681, downTime=17073188681, deviceId=-1, source=0x101 }
03-23 16:58:53.415  1456  1941 I ActivityManager: START u0 {act=android.intent.action.MAIN cat=[android.intent.category.HOME] flg=0x10200000 cmp=com.android.launcher3/.CustomizationPanelLauncher (has extras)} from uid 1000
03-23 16:58:53.415   794   839 E ANDR-PERF-RESOURCEQS: Failed to apply optimization [4, 0]
03-23 16:58:53.432  1456  1941 I ActivityManager: moveHomeStack, setupComplete:true
03-23 16:58:53.436  7995  7995 D AndroidRuntime: Shutting down VM
03-23 16:58:53.444 28336 28375 I Adreno  : QUALCOMM build                   : bb5b86c, I77d3059488
03-23 16:58:53.444 28336 28375 I Adreno  : Build Date                       : 06/07/18
03-23 16:58:53.444 28336 28375 I Adreno  : OpenGL ES Shader Compiler Version: EV031.22.00.01_06
03-23 16:58:53.444 28336 28375 I Adreno  : Local Branch                     : 
03-23 16:58:53.444 28336 28375 I Adreno  : Remote Branch                    : refs/tags/AU_LINUX_ANDROID_LA.UM.6.5.R1.08.01.00.312.086
03-23 16:58:53.444 28336 28375 I Adreno  : Remote Branch                    : NONE
03-23 16:58:53.444 28336 28375 I Adreno  : Reconstruct Branch               : NOTHING
03-23 16:58:53.447 28336 28375 D vndksupport: Loading /vendor/lib/hw/gralloc.msm8937.so from current namespace instead of sphal namespace.
03-23 16:58:53.452 28336 28375 I Adreno  : PFP: 0x005ff087, ME: 0x005ff063
03-23 16:58:53.460  2748  2748 D Launcher.Utilities: Wakeup weather: Intent { act=com.motorola.launcher3.action.WAKEUP_WEATHER cmp=com.motorola.timeweatherwidget/com.motorola.commandcenter.weather.WakeUpService }
03-23 16:58:53.463 28336 28375 I zygote  : android::hardware::configstore::V1_0::ISurfaceFlingerConfigs::hasWideColorDisplay retrieved: 0
03-23 16:58:53.464 28336 28375 I OpenGLRenderer: Initialized EGL, version 1.4
03-23 16:58:53.465 28336 28375 D OpenGLRenderer: Swap behavior 2
03-23 16:58:53.475  1456  1456 I NotificationService: Cannot find enqueued record for key: 0|com.motorola.timeweatherwidget|1|null|10116
03-23 16:58:53.476   808   808 D SurfaceFlinger: duplicate layer name: changing com.android.launcher3/com.android.launcher3.CustomizationPanelLauncher to com.android.launcher3/com.android.launcher3.CustomizationPanelLauncher#1
03-23 16:58:53.479  7614  7614 I [INFO][Leanplum]: [com.leanplum.internal.RequestOld::sendIfConnected::4]: Device is offline, will send later
03-23 16:58:53.497  7614  7614 I zygote  : Deoptimizing kotlinx.coroutines.internal.LockFreeLinkedListNode kotlinx.coroutines.internal.LockFreeLinkedListNode.correctPrev(kotlinx.coroutines.internal.OpDescriptor) due to JIT inline cache
03-23 16:58:53.500  7614  7614 D SessionManager: onTrimMemory(80): clearThumbnails=true, closeEngineSessions=true
03-23 16:58:53.502 28336 28369 W ThreadPoolDumper: Queue length for executor EventBus is now 11. Perhaps some tasks are too long, or the pool is too small.
03-23 16:58:53.507  1456  5907 I WifiService: getWifiEnabledState uid=10073
03-23 16:58:53.517  7614  7614 D SessionManager: Cleared 2 thumbnail(s) and unlinked 2 engine sessions(s)
03-23 16:58:53.523  1456 10366 I WifiService: getWifiEnabledState uid=10073
03-23 16:58:53.528  7614  7614 D GeckoSession: handleMessage GeckoView:StateUpdated uri=null
03-23 16:58:53.531 28336 28379 I DEBUG   : OpaToSrpTransitionState#onStateChanged#notNullQuery
03-23 16:58:53.532 28336 28379 I DEBUG   : OpaToSrpTransitionState#onStateChanged#notNullQuery
03-23 16:58:53.547 28336 28379 I MicroDetectionState: Should stop hotword detection immediately - false
03-23 16:58:53.551 28336 28379 I MicroDetectionWorker: #startMicroDetector [speakerMode: 0]
03-23 16:58:53.553 28336 28379 I AudioController: Created new AudioSource
03-23 16:58:53.573  1456  1673 I LaunchCheckinHandler: Displayed com.android.launcher3/.CustomizationPanelLauncher,wp,wa,157
03-23 16:58:53.573 28336 28367 I MicroDataManager: isInitializedWithLatestParams-true
03-23 16:58:53.573 28336 28367 I MicroDataManager: isInitializing-false locale not changed-true model not changed-true
03-23 16:58:53.574 28336 28367 I MicroDataManager: Already initialized, obtaining the hotword data immediately.
03-23 16:58:53.580 28336 21552 I MicroRecognitionRunner: Starting detection.
03-23 16:58:53.581 28336 21552 I InputStreamUtils: Using micInputStream
03-23 16:58:53.581 28336  9797 I MicrophoneInputStream: mic_starting  SR : 16000 CC : 16 SO : 1999
03-23 16:58:53.584   788   788 V msm8974_platform: platform_check_input_mask: enter check_input_mask source 6 mask 10
03-23 16:58:53.588  1012  8018 I AudioFlinger: AudioFlinger's thread 0xb2483640 tid=8018 ready to run
03-23 16:58:53.594   788   788 D audio_hw_primary: in_set_parameters: enter: kvpairs=input_source=6;routing=-2147483644
03-23 16:58:53.595  1012  8317 D APM_AudioPolicyManager: AudioPolicyManager::startInput() input 238958, session 239073, source = 1999
03-23 16:58:53.596 28336  9797 I MicrophoneInputStream: mic_started  SR : 16000 CC : 16 SO : 1999
03-23 16:58:53.597   788  8019 V msm8974_platform: platform_update_usecase_from_source: input source :6
03-23 16:58:53.597   788  8019 V msm8974_platform: platform_check_input_mask: enter check_input_mask source 6 mask 10
03-23 16:58:53.597   788  8019 V msm8974_platform: platform_get_input_snd_device: enter: out_device(0) in_device(0x4) channel_count (1) channel_mask (0x10)
03-23 16:58:53.597   788  8019 V msm8974_platform: platform_get_input_snd_device: exit: in_snd_device(voice-rec-mic)
03-23 16:58:53.597   788  8019 V msm8974_platform: platform_get_backend_index:napb: backend port - 5 device - 120 
03-23 16:58:53.597   788  8019 V msm8974_platform: platform_check_and_set_capture_backend_cfg:txbecf: afe: bitwidth 0, samplerate 0, channel 1, backend_idx 5 usecase = 9 device (voice-rec-mic)
03-23 16:58:53.597   788  8019 V msm8974_platform: platform_check_capture_backend_cfg:txbecf: afe: Codec selected backend: 5 current bit width: 0 and sample rate: 0, channels 1
03-23 16:58:53.597   788  8019 V msm8974_platform: platform_check_capture_backend_cfg:txbecf: afe: Codec selected backend: 5 updated bit width: 0 and sample rate: 0
03-23 16:58:53.597   788  8019 I msm8974_platform: platform_check_capture_backend_cfg:txbecf: afe: Codec backend needs to be updated. new bit width: 0 new sample rate: 0 new channel: 1
03-23 16:58:53.597   788  8019 V msm8974_platform: platform_get_backend_index:napb: backend port - 5 device - 120 
03-23 16:58:53.597   788  8019 V msm8974_platform: platform_set_backend_cfg:becf: afe: bitwidth 0, samplerate 0 channels 1, backend_idx 5 device (voice-rec-mic)
03-23 16:58:53.598   788  8019 E msm8974_platform: platform_set_backend_cfg:becf: afe: Could not get ctl for mixer command - SLIM_0_TX Format
03-23 16:58:53.598   788  8019 V msm8974_platform: platform_send_audio_calibration: sending audio calibration for snd_device(120) acdb_id(62)
03-23 16:58:53.598   788  8019 D ACDB-LOADER: ACDB -> send_audio_cal, acdb_id = 62, path = 1, app id = 0x11130, sample rate = 48000
03-23 16:58:53.598   788  8019 D ACDB-LOADER: ACDB -> send_asm_topology
03-23 16:58:53.598   788  8019 D ACDB-LOADER: ACDB -> ACDB_CMD_GET_AUDPROC_STREAM_TOPOLOGY_ID
03-23 16:58:53.598   788  8019 D ACDB-LOADER: ACDB -> send_adm_topology
03-23 16:58:53.598   788  8019 D ACDB-LOADER: ACDB -> ACDB_CMD_GET_AUDPROC_COMMON_TOPOLOGY_ID
03-23 16:58:53.598   788  8019 D ACDB-LOADER: ACDB -> send_audtable
03-23 16:58:53.598   788  8019 D ACDB-LOADER: ACDB -> ACDB_CMD_GET_AUDPROC_COMMON_TABLE_SIZE
03-23 16:58:53.599   788  8019 D ACDB-LOADER: ACDB -> ACDB_CMD_GET_AUDPROC_COMMON_TABLE
03-23 16:58:53.599   788  8019 D ACDB-LOADER: ACDB -> AUDIO_SET_AUDPROC_CAL
03-23 16:58:53.599   788  8019 D ACDB-LOADER: ACDB -> send_audvoltable
03-23 16:58:53.599   788  8019 D ACDB-LOADER: ACDB -> ACDB_CMD_GET_AUDPROC_VOL_STEP_TABLE_SIZE
03-23 16:58:53.599   788  8019 D ACDB-LOADER: ACDB -> ACDB_CMD_GET_AUDPROC_GAIN_DEP_STEP_TABLE, vol index 0
03-23 16:58:53.599   788  8019 D         : Failed to fetch the lookup information of the device 0000003E 
03-23 16:58:53.599   788  8019 D ACDB-LOADER: ACDB -> AUDIO_SET_VOL_CAL cal type = 12
03-23 16:58:53.599   788  8019 D ACDB-LOADER: ACDB -> ACDB_CMD_GET_AUDPROC_STREAM_TABLE_SIZE
03-23 16:58:53.599   788  8019 D ACDB-LOADER: ACDB -> send_audstrmtable
03-23 16:58:53.599   788  8019 D ACDB-LOADER: ACDB -> ACDB_CMD_GET_AUDPROC_STREAM_TABLE_V2
03-23 16:58:53.599   788  8019 D ACDB-LOADER: ACDB -> audstrm_cal->cal_type.cal_data.cal_size = 456
03-23 16:58:53.599   788  8019 D ACDB-LOADER: ACDB -> send_afe_topology
03-23 16:58:53.599   788  8019 D ACDB-LOADER: ACDB -> ACDB_CMD_GET_AFE_TOPOLOGY_ID
03-23 16:58:53.599   788  8019 D ACDB-LOADER: ACDB -> GET_AFE_TOPOLOGY_ID for adcd_id 62, Topology Id 112fb
03-23 16:58:53.599   788  8019 D ACDB-LOADER: ACDB -> send_afe_cal
03-23 16:58:53.599   788  8019 D ACDB-LOADER: ACDB -> ACDB_CMD_GET_AFE_COMMON_TABLE_SIZE
03-23 16:58:53.599   788  8019 D         : Failed to fetch the lookup information of the device 0000003E 
03-23 16:58:53.599   788  8019 E ACDB-LOADER: Error: ACDB_CMD_GET_AFE_COMMON_TABLE_SIZE Returned = -19
03-23 16:58:53.599   788  8019 D ACDB-LOADER: ACDB -> ACDB_CMD_GET_AFE_COMMON_TABLE
03-23 16:58:53.599   788  8019 D         : Failed to fetch the lookup information of the device 0000003E 
03-23 16:58:53.599   788  8019 D ACDB-LOADER: ACDB -> AUDIO_SET_AFE_CAL
03-23 16:58:53.599   788  8019 D ACDB-LOADER: ACDB -> send_hw_delay : acdb_id = 62 path = 1
03-23 16:58:53.599   788  8019 D ACDB-LOADER: ACDB -> ACDB_AVSYNC_INFO: ACDB_CMD_GET_DEVICE_PROPERTY
03-23 16:58:53.599   788  8019 D audio_hw_primary: enable_snd_device: snd_device(120: voice-rec-mic)
03-23 16:58:53.599   788  8019 D audio_route: Apply path: voice-rec-mic
03-23 16:58:53.602   788  8019 V msm8974_platform: platform_get_snd_device_backend_index: enter with device 120
03-23 16:58:53.602   788  8019 E msm8974_platform: platform_get_snd_device_backend_index: BE DAI Name Table is not present
03-23 16:58:53.602   788  8019 V msm8974_platform: platform_get_backend_index:napb: backend port - 5 device - 120 
03-23 16:58:53.602   788  8019 I audio_hw_utils: Set Audio Stream Capture 0 App Type Cfg: app_type 69936, acdb_dev_id 62, sample_rate 48000, snd_device_be_idx -14
03-23 16:58:53.603   788  8019 D audio_hw_primary: enable_audio_route: usecase(9) apply and update mixer path: audio-record
03-23 16:58:53.603   788  8019 D audio_route: Apply path: audio-record
03-23 16:58:53.673 28336 28379 I MicroDetectionWorker: onReady
03-23 16:58:53.714  7614  7614 I glean/Glean: Registering pings for org.mozilla.fenix.GleanMetrics.Pings
03-23 16:58:53.757  7614  7614 D App     : ActivationPing - already generated
03-23 16:58:53.759  7614  7669 I FenixApplication: Initializing storage after visual completeness...
03-23 16:58:53.977  1456  7796 I OpenGLRenderer: Initialized EGL, version 1.4
03-23 16:58:53.977  1456  7796 D OpenGLRenderer: Swap behavior 2
03-23 16:58:53.994   808   808 I SFPerfTracer:      triggers: (rate: 71:2010342) (compose: 0:7) (post: 0:19) (render: 0:17) (12:9672644 frames) (13:11955837)
03-23 16:58:53.994   808   808 D SFPerfTracer:        layers: (4:13) (NavigationBar#0 (0xb07df000): 0:819018) (StatusBar#0 (0xb07e3000): 0:2010637) (com.android.systemui.ImageWallpaper#0 (0xb07e7000): 0:74882) (Sprite#0 (0xb0733000): 0:317)* (DimLayerController/Stack=0#0 (0xb075a000): 0:3780)* (Sprite#1 (0xb077c000): 0:195)* (com.android.launcher3/com.android.launcher3.CustomizationPanelLauncher#0 (0xb0763000): 0:39)- (com.android.launcher3/com.android.launcher3.CustomizationPanelLauncher#1 (0xb0771000): 0:9)- (org.mozilla.fennec_aurora/org.mozilla.fenix.IntentReceiverActivity#0 (0xb039b000): 0:2)- (Splash Screen org.mozilla.fennec_aurora#0 (0xb013a000): 0:31)- (org.mozilla.fennec_aurora/org.mozilla.fenix.HomeActivity#0 (0xaff6f000): 12:57)* (com.android.launcher3/com.android.launcher3.CustomizationPanelLauncher#0 (0xb0763000): 13:28)* (com.android.launcher3/com.android.launcher3.CustomizationPanelLauncher#1 (0xb0771000): 1:4) 
03-23 16:58:54.020  2748  2917 W OpenGLRenderer: Incorrectly called buildLayer on View: ShortcutAndWidgetContainer, destroying layer...
03-23 16:58:54.123  7614  7614 D GeckoRuntime: Lifecycle: onPause
03-23 16:58:54.123  7614  7614 D GeckoNetworkManager: Incoming event stop for state OnWithListeners -> OffWithListeners
03-23 16:58:54.124  7614  7614 I SessionStorage/AutoSave: Save: Background
03-23 16:58:54.131  7614  7669 D SessionStorage/AutoSave: Saved state to disk [6ms]
03-23 16:58:54.133  7614  7644 I libglean_ffi: glean_core::ping: Collecting baseline
03-23 16:58:54.137  7614  7644 D libglean_ffi: glean_core::ping: Storing ping '08a77467-9c83-4cbb-8bf3-38055aff960e' at '/data/user/0/org.mozilla.fennec_aurora/glean_data/pending_pings/08a77467-9c83-4cbb-8bf3-38055aff960e'
03-23 16:58:54.137  7614  7644 I libglean_ffi: glean_core: The ping 'baseline' was submitted and will be sent as soon as possible
03-23 16:58:54.139  7614  7644 I libglean_ffi: glean_core::ping: Collecting events
03-23 16:58:54.143  7614  7644 D libglean_ffi: glean_core::ping: Storing ping '6ffdf9cf-9633-406a-b55a-39a5dc9bebc5' at '/data/user/0/org.mozilla.fennec_aurora/glean_data/pending_pings/6ffdf9cf-9633-406a-b55a-39a5dc9bebc5'
03-23 16:58:54.143  7614  7644 I libglean_ffi: glean_core: The ping 'events' was submitted and will be sent as soon as possible
03-23 16:58:54.170   808   898 I SFPerfTracer:      triggers: (rate: 0:1) (0 sw vsyncs) (0 skipped) (37:5595869 vsyncs) (39:12039598)
03-23 16:58:54.170  7614  7619 I zygote  : Do full code cache collection, code=253KB, data=153KB
03-23 16:58:54.176  7614  7619 I zygote  : After code cache collection, code=157KB, data=87KB
03-23 16:58:55.322  7880  7885 I zygote  : Do partial code cache collection, code=97KB, data=64KB
03-23 16:58:55.324  7880  7885 I zygote  : After code cache collection, code=97KB, data=64KB
03-23 16:58:55.324  7880  7885 I zygote  : Increasing code cache capacity to 512KB
03-23 16:58:55.966  7880  7894 I zygote  : Waiting for a blocking GC ProfileSaver
03-23 16:58:56.001  7880  7894 I zygote  : WaitForGcToComplete blocked ProfileSaver on HeapTrim for 35.580ms
03-23 16:58:58.204  7880  7909 I Finsky  : [419856] tqw.a(7): SCH: Jobs in database: 1-1337 3-2289 3-2290 10-4 10-8 10-11 10-15 10-18 10-22 10-29 10-30 10-37 10-39 10-42 10-47 10-48 10-50 10-55 10-62 10-66 12-1 24-77777777 26-1414141414 29-29 
03-23 16:58:58.267  7880  7880 I Finsky  : [2] toj.a(20): SCH: Running job: 10-4
03-23 16:58:58.274  7880  8029 I Finsky  : [419907] tpt.a(13): SCH: jobFinished: 10-4. TimeElapsed: 6ms.
03-23 16:58:58.274  7880  7880 I Finsky  : [2] toj.a(20): SCH: Running job: 10-8
03-23 16:58:58.279  7880  7880 I Finsky  : [2] toj.a(20): SCH: Running job: 10-11
03-23 16:58:58.284  7880  7917 I Finsky  : [419863] aade.a(91): Verifying installed packages
03-23 16:58:58.286  7880  8031 I Finsky  : [419909] SplitInstallCleanerHygieneJob.a(4): Running split install cleaner
03-23 16:58:58.286  7880  7880 I Finsky  : [2] toj.a(20): SCH: Running job: 10-15
03-23 16:58:58.289  7880  7880 I Finsky  : [2] toi.handleMessage(63): SCH: RunningQueue size: 4, PendingQueue size: 13
03-23 16:58:58.290  7880  7880 I Finsky  : [2] toi.handleMessage(66): SCH: Running queue: 10-4 10-8 10-11 10-15 
03-23 16:58:58.290  7880  7880 I Finsky  : [2] toj.a(35): SCH: Job 10-4 finished. Not rescheduling.
03-23 16:58:58.293  7880  7880 I Finsky  : [2] toj.a(20): SCH: Running job: 10-18
03-23 16:58:58.296  7880  7880 I Finsky  : [2] toi.handleMessage(63): SCH: RunningQueue size: 4, PendingQueue size: 12
03-23 16:58:58.297  7880  7880 I Finsky  : [2] toi.handleMessage(66): SCH: Running queue: 10-8 10-11 10-15 10-18 
03-23 16:58:58.300  7880  8031 I Finsky  : [419909] SplitInstallCleanerHygieneJob.a(19): Removed 0 obsolete sessions.
03-23 16:58:58.302  7880  8031 I Finsky  : [419909] SplitInstallCleanerHygieneJob.a(24): Removed 0 corrupted downloaded sessions.
03-23 16:58:58.307  7880  8031 I Finsky  : [419909] SplitInstallCleanerHygieneJob.a(39): Finished completion of 0 out of 0 sessions. Successful: 0. Failed: 0.
03-23 16:58:58.327  7880  8032 I Finsky  : [419910] tpt.a(13): SCH: jobFinished: 10-15. TimeElapsed: 42ms.
03-23 16:58:58.329  7880  7880 I Finsky  : [2] toj.a(35): SCH: Job 10-15 finished. Not rescheduling.
03-23 16:58:58.332  7880  7880 I Finsky  : [2] toj.a(20): SCH: Running job: 10-22
03-23 16:58:58.336  7880  7880 I Finsky  : [2] toi.handleMessage(63): SCH: RunningQueue size: 4, PendingQueue size: 11
03-23 16:58:58.337  7880  7880 I Finsky  : [2] toi.handleMessage(66): SCH: Running queue: 10-8 10-11 10-18 10-22 
03-23 16:58:58.340  7880  8032 I Finsky  : [419910] tpt.a(13): SCH: jobFinished: 10-22. TimeElapsed: 8ms.
03-23 16:58:58.342  7880  7880 I Finsky  : [2] toj.a(35): SCH: Job 10-22 finished. Not rescheduling.
03-23 16:58:58.342  7880  8032 W Finsky  : [419910] tpt.a(8): SCH: jobFinished already called for: 10-22. Not finishing again.
03-23 16:58:58.344  7880  7880 I Finsky  : [2] toj.a(20): SCH: Running job: 10-29
03-23 16:58:58.347  7880  7880 I Finsky  : [2] toi.handleMessage(63): SCH: RunningQueue size: 4, PendingQueue size: 10
03-23 16:58:58.348  7880  7880 I Finsky  : [2] toi.handleMessage(66): SCH: Running queue: 10-8 10-11 10-18 10-29 
03-23 16:58:58.356  7880  8031 I Finsky  : [419909] tpt.a(13): SCH: jobFinished: 10-11. TimeElapsed: 76ms.
03-23 16:58:58.358  7880  8032 I Finsky  : [419910] tpt.a(13): SCH: jobFinished: 10-29. TimeElapsed: 13ms.
03-23 16:58:58.362  7880  7880 I Finsky  : [2] toj.a(35): SCH: Job 10-11 finished. Not rescheduling.
03-23 16:58:58.373  7880  7880 I Finsky  : [2] toj.a(35): SCH: Job 10-29 finished. Not rescheduling.
03-23 16:58:58.376  7880  7880 I Finsky  : [2] toj.a(20): SCH: Running job: 10-30
03-23 16:58:58.382  7880  7880 I Finsky  : [2] toj.a(20): SCH: Running job: 10-37
03-23 16:58:58.382  7880  8031 I Finsky  : [419909] tpt.a(13): SCH: jobFinished: 10-30. TimeElapsed: 5ms.
03-23 16:58:58.399  7880  7880 I Finsky  : [2] toi.handleMessage(63): SCH: RunningQueue size: 4, PendingQueue size: 8
03-23 16:58:58.400  7880  7880 I Finsky  : [2] toi.handleMessage(66): SCH: Running queue: 10-8 10-18 10-30 10-37 
03-23 16:58:58.401  7880  7880 I Finsky  : [2] toi.handleMessage(53): Running maximum number of jobs: 4
03-23 16:58:58.401  7880  7880 I Finsky  : [2] toj.a(35): SCH: Job 10-30 finished. Not rescheduling.
03-23 16:58:58.404  7880  7880 I Finsky  : [2] toj.a(20): SCH: Running job: 10-39
03-23 16:58:58.409  7880  7880 I Finsky  : [2] toi.handleMessage(63): SCH: RunningQueue size: 4, PendingQueue size: 7
03-23 16:58:58.413  7880  8031 I Finsky  : [419909] DevTriggeredUpdateHygieneJob.a(4): Running dev-triggered-update hygiene
03-23 16:58:58.417  7880  7880 I Finsky  : [2] toi.handleMessage(66): SCH: Running queue: 10-8 10-18 10-37 10-39 
03-23 16:58:58.425  7880  8029 I Finsky  : [419907] tpt.a(13): SCH: jobFinished: 10-18. TimeElapsed: 132ms.
03-23 16:58:58.430  7880  7880 I Finsky  : [2] toj.a(35): SCH: Job 10-18 finished. Not rescheduling.
03-23 16:58:58.463  7880  7880 I Finsky  : [2] toj.a(20): SCH: Running job: 10-42
03-23 16:58:58.480  7880  7880 I Finsky  : [2] tpt.a(13): SCH: jobFinished: 10-42. TimeElapsed: 17ms.
03-23 16:58:58.482  7880  7880 I Finsky  : [2] toi.handleMessage(63): SCH: RunningQueue size: 4, PendingQueue size: 6
03-23 16:58:58.483  7880  7880 I Finsky  : [2] toi.handleMessage(66): SCH: Running queue: 10-8 10-37 10-39 10-42 
03-23 16:58:58.486  7880  7880 I Finsky  : [2] toj.a(35): SCH: Job 10-42 finished. Not rescheduling.
03-23 16:58:58.490  7880  7880 I Finsky  : [2] toj.a(20): SCH: Running job: 10-47
03-23 16:58:58.509  7880  7880 I Finsky  : [2] tpt.a(13): SCH: jobFinished: 10-47. TimeElapsed: 14ms.
03-23 16:58:58.519  7880  7880 I Finsky  : [2] toi.handleMessage(63): SCH: RunningQueue size: 4, PendingQueue size: 5
03-23 16:58:58.522  7880  7880 I Finsky  : [2] toi.handleMessage(66): SCH: Running queue: 10-8 10-37 10-39 10-47 
03-23 16:58:58.524  7880  7880 I Finsky  : [2] toj.a(35): SCH: Job 10-47 finished. Not rescheduling.
03-23 16:58:58.526  7880  7880 I Finsky  : [2] toj.a(20): SCH: Running job: 10-48
03-23 16:58:58.528  7880  8031 I Finsky  : [419909] DevTriggeredUpdateHygieneJob.a(9): Removed 0 uncompleted downloaded updates.
03-23 16:58:58.530  7880  8031 I Finsky  : [419909] DevTriggeredUpdateHygieneJob.a(17): Removed obsolete update files.
03-23 16:58:58.530  7880  7880 I Finsky  : [2] toi.handleMessage(63): SCH: RunningQueue size: 4, PendingQueue size: 4
03-23 16:58:58.531  7880  7880 I Finsky  : [2] toi.handleMessage(66): SCH: Running queue: 10-8 10-37 10-39 10-48 
03-23 16:58:58.531  7880  8029 I Finsky  : [419907] AppPreloadHygieneJob.a(4): Instant App hint preload cleanup triggered from hygiene.
03-23 16:58:58.535  7880  8029 I Finsky  : [419907] tpt.a(13): SCH: jobFinished: 10-48. TimeElapsed: 8ms.
03-23 16:58:58.537  7880  7880 I Finsky  : [2] toj.a(35): SCH: Job 10-48 finished. Not rescheduling.
03-23 16:58:58.540  7880  7880 I Finsky  : [2] toj.a(20): SCH: Running job: 10-50
03-23 16:58:58.541  7880  8031 I Finsky  : [419909] DevTriggeredUpdateHygieneJob.a(21): Reset 0 obsolete 'installing' bits.
03-23 16:58:58.546  7880  7880 I Finsky  : [2] tpt.a(13): SCH: jobFinished: 10-50. TimeElapsed: 5ms.
03-23 16:58:58.548  7880  7880 I Finsky  : [2] toi.handleMessage(63): SCH: RunningQueue size: 4, PendingQueue size: 3
03-23 16:58:58.549  7880  7880 I Finsky  : [2] toi.handleMessage(66): SCH: Running queue: 10-8 10-37 10-39 10-50 
03-23 16:58:58.550  7880  7880 I Finsky  : [2] toj.a(35): SCH: Job 10-50 finished. Not rescheduling.
03-23 16:58:58.554  7880  7880 I Finsky  : [2] toj.a(20): SCH: Running job: 10-55
03-23 16:58:58.558  7880  7880 I Finsky  : [2] toi.handleMessage(63): SCH: RunningQueue size: 4, PendingQueue size: 2
03-23 16:58:58.561  7880  7880 I Finsky  : [2] toi.handleMessage(66): SCH: Running queue: 10-8 10-37 10-39 10-55 
03-23 16:58:58.561  7880  8031 I Finsky  : [419909] DevTriggeredUpdateHygieneJob.a(36): Finished completion of 0 out of 0 dev-triggered updates. Successful: 0. Failed: 0.
03-23 16:58:58.567  7880  8031 I Finsky  : [419909] tpt.a(13): SCH: jobFinished: 10-39. TimeElapsed: 164ms.
03-23 16:58:58.568  7880  8029 I Finsky  : [419907] tpt.a(13): SCH: jobFinished: 10-55. TimeElapsed: 14ms.
03-23 16:58:58.570  7880  7880 I Finsky  : [2] toj.a(35): SCH: Job 10-55 finished. Not rescheduling.
03-23 16:58:58.571  7880  7880 I Finsky  : [2] toj.a(35): SCH: Job 10-39 finished. Not rescheduling.
03-23 16:58:58.573  7880  7880 I Finsky  : [2] toj.a(20): SCH: Running job: 10-62
03-23 16:58:58.577  7880  7880 I Finsky  : [2] toj.a(20): SCH: Running job: 10-66
03-23 16:58:58.580  1456  2918 I ActivityManager: Force stopping org.mozilla.fennec_aurora appid=11163 user=0: from pid 8039
03-23 16:58:58.580  7880  7880 I Finsky  : [2] toi.handleMessage(63): SCH: RunningQueue size: 4, PendingQueue size: 0
03-23 16:58:58.581  7880  8031 I Finsky  : [419909] AssetModuleServiceCleanerHygieneJob.a(3): Running asset module service cleaner
03-23 16:58:58.581  1456  2918 I ActivityManager: Killing 7614:org.mozilla.fennec_aurora/u0a1163 (adj 700): stop org.mozilla.fennec_aurora
03-23 16:58:58.581  7880  7880 I Finsky  : [2] toi.handleMessage(66): SCH: Running queue: 10-8 10-37 10-62 10-66 
03-23 16:58:58.583  7880  7880 I Finsky  : [2] toi.handleMessage(53): Running maximum number of jobs: 4
03-23 16:58:58.584  1456  1605 W zygote  : kill(-7614, 9) failed: No such process
03-23 16:58:58.585  7712  7712 I ServiceChildProcess: Service has been unbound. Stopping.
03-23 16:58:58.585  1456  2918 W ActivityManager: Force removing ActivityRecord{2d2a4f8 u0 org.mozilla.fennec_aurora/org.mozilla.fenix.HomeActivity t45140}: app died, no saved state
03-23 16:58:58.593  1456  1605 W zygote  : kill(-7614, 9) failed: No such process
03-23 16:58:58.595  1456  2918 I ActivityManager: Killing 7712:org.mozilla.fennec_aurora:tab0/u0a1163 (adj 0): stop org.mozilla.fennec_aurora
03-23 16:58:58.618  1456  1605 I chatty  : uid=1000(system) ActivityManager identical 1 line
03-23 16:58:58.633  1456  1605 W zygote  : kill(-7614, 9) failed: No such process
03-23 16:58:58.643  2398  2398 D CarrierSvcBindHelper: No carrier app for: 0
03-23 16:58:58.644  2398  2398 D CarrierSvcBindHelper: No carrier app for: 1
03-23 16:58:58.646  1456  1605 W zygote  : kill(-7614, 9) failed: No such process
03-23 16:58:58.647  7880  8031 I Finsky  : [419909] eob.a(12): Removed 0 old sessions.
03-23 16:58:58.662  1456  1605 W zygote  : kill(-7614, 9) failed: No such process
03-23 16:58:58.679  1456  1605 W zygote  : kill(-7614, 9) failed: No such process
03-23 16:58:58.682  7880  8031 I Finsky  : [419909] eoe.a(12): Removed 0 obsolete sessions.
03-23 16:58:58.692  1456  1605 W zygote  : kill(-7614, 9) failed: No such process
03-23 16:58:58.692  7880  8031 I Finsky  : [419909] enn.a(12): Deleted 0 orphaned directories.
03-23 16:58:58.704  7880  8031 I Finsky  : [419909] enx.a(12): Logged 0 packages in store.
03-23 16:58:58.706  1456  1605 W zygote  : kill(-7614, 9) failed: No such process
03-23 16:58:58.710  7880  8031 I Finsky  : [419909] tpt.a(13): SCH: jobFinished: 10-66. TimeElapsed: 133ms.
03-23 16:58:58.712  7880  7880 I Finsky  : [2] toj.a(35): SCH: Job 10-66 finished. Not rescheduling.
03-23 16:58:58.713  7880  7880 I Finsky  : [2] toi.handleMessage(63): SCH: RunningQueue size: 3, PendingQueue size: 0
03-23 16:58:58.714  7880  7880 I Finsky  : [2] toi.handleMessage(66): SCH: Running queue: 10-8 10-37 10-62 
03-23 16:58:58.719  1456  1605 W zygote  : kill(-7614, 9) failed: No such process
03-23 16:58:58.724  1456  2196 I ActivityManager: START u0 {act=android.intent.action.VIEW dat=https://example.com/... typ=text/html flg=0x10000000 cmp=org.mozilla.fennec_aurora/org.mozilla.fenix.IntentReceiverActivity} from uid 2000
03-23 16:58:58.725   794   839 E ANDR-PERF-RESOURCEQS: Failed to apply optimization [4, 0]
03-23 16:58:58.733  1456  1605 W zygote  : kill(-7614, 9) failed: No such process
03-23 16:58:58.749  1456  3925 I ActivityManager: Start proc 8050:org.mozilla.fennec_aurora/u0a1163 for activity org.mozilla.fennec_aurora/org.mozilla.fenix.IntentReceiverActivity
03-23 16:58:58.759  1456  1673 W ActivityManager: setHasOverlayUi called on unknown pid: 7614
03-23 16:58:58.760  1456  2923 D ConnectivityService: ConnectivityService NetworkRequestInfo binderDied(NetworkRequest [ TRACK_DEFAULT id=33312, [ Capabilities: INTERNET&NOT_RESTRICTED&TRUSTED&NOT_VPN] ], android.os.BinderProxy@293698d)
03-23 16:58:58.760  1456  2067 D ConnectivityService: releasing NetworkRequest [ TRACK_DEFAULT id=33312, [ Capabilities: INTERNET&NOT_RESTRICTED&TRUSTED&NOT_VPN] ] (release request)
03-23 16:58:58.793  1456  1605 I chatty  : uid=1000(system) ActivityManager identical 4 lines
03-23 16:58:58.806  1456  1605 W zygote  : kill(-7614, 9) failed: No such process
03-23 16:58:58.806  1456  1605 I zygote  : Successfully killed process cgroup uid 11163 pid 7614 in 222ms
03-23 16:58:58.807  1456  1605 W zygote  : kill(-7712, 9) failed: No such process
03-23 16:58:58.807  1456  1605 I zygote  : Successfully killed process cgroup uid 11163 pid 7712 in 0ms
03-23 16:58:58.834 28336 28379 I MicroDetectionState: Should stop hotword detection immediately - false
03-23 16:58:58.835 28336 28379 I MicroDetector: Keeping mic open: false
03-23 16:58:58.835 28336 21549 E DeviceStateChecker: DeviceStateChecker cancelled
03-23 16:58:58.835 28336 28379 I RecognitionAudioControl: #shutdownAudio [requestId: 6949365707768888933, keepAudioOpen: false, forced: true]
03-23 16:58:58.835 28336 28379 I RecognitionAudioControl: #internalShutdownAudio [requestId: 6949365707768888933]
