01-03 22:22:51.559 15972 15972 D libglean_ffi: glean_core::database: Database path: "/data/user/0/org.mozilla.fenix.performancetest/glean_data/db"
01-03 22:22:51.560 15972 15972 I libglean_ffi: glean_core::database: Database initialized
01-03 22:22:51.560 15972 15972 I libglean_ffi: glean_ffi: Glean initialized
01-03 22:22:51.744 15972 15977 I zygote  : Do partial code cache collection, code=62KB, data=49KB
01-03 22:22:51.746 15972 15977 I zygote  : After code cache collection, code=60KB, data=48KB
01-03 22:22:51.746 15972 15977 I zygote  : Increasing code cache capacity to 256KB
01-03 22:22:51.756 15972 15972 D glean/MetricsPingSched: The 'metrics' ping was last sent on Fri Jan 03 00:00:00 EST 2020
01-03 22:22:51.758 15972 15972 I glean/MetricsPingSched: The 'metrics' ping was already sent today, Fri Jan 03 22:22:51 EST 2020.
01-03 22:22:51.759 15972 15972 D glean/MetricsPingSched: Scheduling the 'metrics' ping in 20228394ms
01-03 22:22:51.766 15972 15972 I glean/Dispatchers: Initial tasks queue completed successfully
01-03 22:22:51.874 15972 15999 I Gecko   : 1578108171870	addons.xpi	WARN	List of valid built-in add-ons could not be parsed.: [Exception... "Component returned failure code: 0x80520012 (NS_ERROR_FILE_NOT_FOUND) [nsIXPCComponents_Utils.readUTF8URI]"  nsresult: "0x80520012 (NS_ERROR_FILE_NOT_FOUND)"  location: "JS frame :: resource://gre/modules/addons/XPIProvider.jsm :: startup :: line 2366"  data: no] Stack trace: startup()@resource://gre/modules/addons/XPIProvider.jsm:2366
01-03 22:22:51.874 15972 15999 I Gecko   : callProvider()@resource://gre/modules/AddonManager.jsm:215
01-03 22:22:51.874 15972 15999 I Gecko   : _startProvider()@resource://gre/modules/AddonManager.jsm:586
01-03 22:22:51.874 15972 15999 I Gecko   : startup()@resource://gre/modules/AddonManager.jsm:810
01-03 22:22:51.874 15972 15999 I Gecko   : startup()@resource://gre/modules/AddonManager.jsm:3474
01-03 22:22:51.874 15972 15999 I Gecko   : observe()@resource://gre/modules/addonManager.js:87
01-03 22:22:51.890 15972 15972 D App     : ActivationPing - already generated
01-03 22:22:51.929 15972 15972 D GeckoNetworkManager: Incoming event receivedUpdate for state OnNoListeners -> OnNoListeners
01-03 22:22:51.931 15972 15972 D GeckoNetworkManager: New network state: UP, WIFI, WIFI
01-03 22:22:51.933  1456  1471 I WifiService: getDhcpInfo uid=10677
01-03 22:22:52.048 15972 15999 D GeckoThread: State changed to PROFILE_READY
01-03 22:22:52.151 15972 15999 D GeckoThread: State changed to RUNNING
01-03 22:22:52.168 15972 15999 W GeckoEventDispatcher: No listener for AndroidCastDevice:SyncDevice
01-03 22:22:52.175 15972 15999 I Gecko   : -*- nsDNSServiceDiscovery.js : nsDNSServiceDiscovery
01-03 22:22:52.295 15972 15999 W ResourceType: Too many attribute references, stopped at: 0x01010099
01-03 22:22:52.350 15972 15999 I Gecko   : Attempting load of libEGL.so
01-03 22:22:52.351 15972 15999 I Adreno  : QUALCOMM build                   : bb5b86c, I77d3059488
01-03 22:22:52.351 15972 15999 I Adreno  : Build Date                       : 06/07/18
01-03 22:22:52.351 15972 15999 I Adreno  : OpenGL ES Shader Compiler Version: EV031.22.00.01_06
01-03 22:22:52.351 15972 15999 I Adreno  : Local Branch                     : 
01-03 22:22:52.351 15972 15999 I Adreno  : Remote Branch                    : refs/tags/AU_LINUX_ANDROID_LA.UM.6.5.R1.08.01.00.312.086
01-03 22:22:52.351 15972 15999 I Adreno  : Remote Branch                    : NONE
01-03 22:22:52.351 15972 15999 I Adreno  : Reconstruct Branch               : NOTHING
01-03 22:22:52.352 15972 15999 D vndksupport: Loading /vendor/lib/hw/gralloc.msm8937.so from current namespace instead of sphal namespace.
01-03 22:22:52.358 15972 15999 I Adreno  : PFP: 0x005ff087, ME: 0x005ff063
01-03 22:22:52.364 15972 15999 I zygote  : android::hardware::configstore::V1_0::ISurfaceFlingerConfigs::hasWideColorDisplay retrieved: 0
01-03 22:22:52.365 15972 16056 I OpenGLRenderer: Initialized EGL, version 1.4
01-03 22:22:52.366 15972 16056 D OpenGLRenderer: Swap behavior 2
01-03 22:22:52.439 15972 15977 I zygote  : Do full code cache collection, code=88KB, data=107KB
01-03 22:22:52.442 15972 15977 I zygote  : After code cache collection, code=77KB, data=66KB
01-03 22:22:52.591 15972 15999 W GeckoLinker: /data/app/org.mozilla.fenix.performancetest-VLsJNKqHA6R3Qa052YyMGw==/lib/arm/libsoftokn3.so: unhandled flags #8 not handled
01-03 22:22:52.592 15972 15999 W GeckoLinker: /data/app/org.mozilla.fenix.performancetest-VLsJNKqHA6R3Qa052YyMGw==/lib/arm/libsoftokn3.so: Relocation to NULL @0x00026ffc for symbol "__cxa_type_match"
01-03 22:22:52.593 15972 15999 W GeckoLinker: /data/app/org.mozilla.fenix.performancetest-VLsJNKqHA6R3Qa052YyMGw==/lib/arm/libfreebl3.so: unhandled flags #8 not handled
01-03 22:22:52.594 15972 15999 W GeckoLinker: /data/app/org.mozilla.fenix.performancetest-VLsJNKqHA6R3Qa052YyMGw==/lib/arm/libfreebl3.so: Relocation to NULL @0x00041ffc for symbol "__cxa_type_match"
01-03 22:22:52.633 15972 16108 W GeckoLinker: /data/app/org.mozilla.fenix.performancetest-VLsJNKqHA6R3Qa052YyMGw==/lib/arm/libnssckbi.so: unhandled flags #8 not handled
01-03 22:22:52.634 15972 16108 W GeckoLinker: /data/app/org.mozilla.fenix.performancetest-VLsJNKqHA6R3Qa052YyMGw==/lib/arm/libnssckbi.so: Relocation to NULL @0x00052ffc for symbol "__cxa_type_match"
01-03 22:22:52.678 15972 16056 D vndksupport: Loading /vendor/lib/hw/android.hardware.graphics.mapper@2.0-impl.so from current namespace instead of sphal namespace.
01-03 22:22:52.680 15972 16056 D vndksupport: Loading /vendor/lib/hw/gralloc.msm8937.so from current namespace instead of sphal namespace.
01-03 22:22:52.700  1456  1673 I LaunchCheckinHandler: Displayed org.mozilla.fenix.performancetest/org.mozilla.fenix.HomeActivity,cp,ca,2391
01-03 22:22:52.701  1456  1673 I ActivityManager: Displayed org.mozilla.fenix.performancetest/org.mozilla.fenix.HomeActivity: +2s385ms
01-03 22:22:52.740 15972 16117 I experiments: Fetching experiments from https://firefox.settings.services.mozilla.com/v1/buckets/main/collections/mobile-experiments/records
01-03 22:22:52.740 15972 15972 D GeckoNetworkManager: Incoming event enableNotifications for state OnNoListeners -> OnWithListeners
01-03 22:22:52.743 15972 15972 D GeckoNetworkManager: New network state: UP, WIFI, WIFI
01-03 22:22:52.748 15972 15972 D GeckoNetworkManager: Incoming event receivedUpdate for state OnWithListeners -> OnWithListeners
01-03 22:22:52.754 15972 15972 D GeckoNetworkManager: New network state: UP, WIFI, WIFI
01-03 22:22:52.765 23700 23700 I MemoryTrimmer: Trimming objects from memory, since app is in the background.
01-03 22:22:52.772 12880 12880 I Finsky  : [2] puo.onTrimMemory(1): Memory trim requested to level 80
01-03 22:22:52.777 23700 23889 E AudioSource: Stop listening is called on already closed AudioSource
01-03 22:22:52.782 23700 23700 I MemoryTrimmer: Trimming objects from memory, since app is in the background.
01-03 22:22:52.783 23700 30589 I PBSessionCacheImpl: Deleted sessionId[104235279871163352] from persistence.
01-03 22:22:52.786  1456  1471 I WifiService: getWifiEnabledState uid=10073
01-03 22:22:52.790 23700 23889 W SearchServiceCore: Abort, client detached.
01-03 22:22:52.790 23700 23889 I chatty  : uid=10073(com.google.android.googlequicksearchbox) EventBus0 identical 1 line
01-03 22:22:52.791 23700 23889 W SearchServiceCore: Abort, client detached.
01-03 22:22:52.818 15972 15999 W ResourceType: Too many attribute references, stopped at: 0x01010099
01-03 22:22:52.898 15972 16117 D experiments: Fetched experiments from https://firefox.settings.services.mozilla.com/v1/buckets/main/collections/mobile-experiments/records:
01-03 22:22:52.898 15972 16117 D experiments: {"data":[]}
01-03 22:22:52.899 15972 16117 I experiments: Experiments update from server: ExperimentsSnapshot(experiments=[], lastModified=null)
01-03 22:22:52.901 15972 16117 I experiments: onExperimentsUpdated - no experiment currently active, looking for match
01-03 22:22:52.907 15972 15989 I WM-WorkerWrapper: Worker result SUCCESS for Work [ id=412bb4c9-74f3-4b28-a1f7-480ea3d47772, tags={ mozilla.components.service.experiments.ExperimentsUpdaterWorker, mozilla.components.service.experiments } ]
01-03 22:22:53.093   808   898 I SFPerfTracer:      triggers: (rate: 0:0) (0 sw vsyncs) (0 skipped) (18:1981073 vsyncs) (20:3669093)
01-03 22:22:53.096   808   808 I SFPerfTracer:      triggers: (rate: 49:240888) (compose: 0:6) (post: 0:13) (render: 0:10) (7:2499823 frames) (8:3634875)
01-03 22:22:53.096   808   808 D SFPerfTracer:        layers: (3:12) (NavigationBar#0 (0xb07df000): 0:368925) (StatusBar#0 (0xb07e3000): 0:1095275) (com.android.systemui.ImageWallpaper#0 (0xb07e7000): 0:30038)* (Sprite#0 (0xb0733000): 0:317)* (DimLayerController/Stack=0#0 (0xb075a000): 0:3562)* (Sprite#1 (0xb077c000): 0:195)* (Splash Screen org.mozilla.fenix.performancetest#0 (0xb0384000): 0:31)- (org.mozilla.fenix.performancetest/org.mozilla.fenix.HomeActivity#0 (0xb039b000): 0:45)- (com.android.launcher3/com.android.launcher3.CustomizationPanelLauncher#0 (0xb0763000): 0:41)- (com.android.launcher3/com.android.launcher3.CustomizationPanelLauncher#1 (0xb0771000): 0:11)- (Splash Screen org.mozilla.fenix.performancetest#0 (0xb0384000): 0:31)- (org.mozilla.fenix.performancetest/org.mozilla.fenix.HomeActivity#0 (0xb039b000): 7:21) 
01-03 22:22:53.304 15972 15972 D App     : Installed browser-icons extension
01-03 22:22:53.573 15972 15972 D mozac-webcompat: Installed WebCompat webextension: webcompat@mozilla.com
01-03 22:22:54.863  1456  1893 D BatteryService: uevent={POWER_SUPPLY_VOLTAGE_NOW=4403050, POWER_SUPPLY_CHARGE_RATE=Normal, POWER_SUPPLY_HEALTH=Good, POWER_SUPPLY_CURRENT_NOW=-212248, POWER_SUPPLY_PRESENT=1, SUBSYSTEM=power_supply, POWER_SUPPLY_TEMP=327, SEQNUM=280251, ACTION=change, POWER_SUPPLY_NAME=battery, POWER_SUPPLY_STATUS=Charging, POWER_SUPPLY_CHARGE_COUNTER=2818153, POWER_SUPPLY_CAPACITY=100, DEVPATH=/devices/soc/qpnp-smbcharger-17/power_supply/battery}
01-03 22:22:54.870  2398  2398 D QtiCarrierConfigHelper: WARNING, no carrier configs on phone Id: 0
01-03 22:22:55.951 16139 16139 D AndroidRuntime: >>>>>> START com.android.internal.os.RuntimeInit uid 2000 <<<<<<
01-03 22:22:55.964 16139 16139 W app_process: Could not reserve sentinel fault page
01-03 22:22:56.128 16139 16139 I app_process: The ClassLoaderContext is a special shared library.
01-03 22:22:56.204 16139 16139 D AndroidRuntime: Calling main entry com.android.commands.input.Input
01-03 22:22:56.205 16139 16139 I Input   : injectKeyEvent: KeyEvent { action=ACTION_DOWN, keyCode=KEYCODE_HOME, scanCode=0, metaState=0, flags=0x0, repeatCount=0, eventTime=10555404933, downTime=10555404933, deviceId=-1, source=0x101 }
01-03 22:22:56.213 16139 16139 I Input   : injectKeyEvent: KeyEvent { action=ACTION_UP, keyCode=KEYCODE_HOME, scanCode=0, metaState=0, flags=0x0, repeatCount=0, eventTime=10555404933, downTime=10555404933, deviceId=-1, source=0x101 }
01-03 22:22:56.219  1456  1941 I ActivityManager: START u0 {act=android.intent.action.MAIN cat=[android.intent.category.HOME] flg=0x10200000 cmp=com.android.launcher3/.CustomizationPanelLauncher (has extras)} from uid 1000
01-03 22:22:56.219   794   839 E ANDR-PERF-RESOURCEQS: Failed to apply optimization [4, 0]
01-03 22:22:56.231  1456  1941 I ActivityManager: moveHomeStack, setupComplete:true
01-03 22:22:56.234 16139 16139 D AndroidRuntime: Shutting down VM
01-03 22:22:56.242 23700 23821 I OpenGLRenderer: Initialized EGL, version 1.4
01-03 22:22:56.243 23700 23821 D OpenGLRenderer: Swap behavior 2
01-03 22:22:56.258 12880 12880 I Finsky  : [2] puo.onTrimMemory(1): Memory trim requested to level 60
01-03 22:22:56.260  2748  2748 D Launcher.Utilities: Wakeup weather: Intent { act=com.motorola.launcher3.action.WAKEUP_WEATHER cmp=com.motorola.timeweatherwidget/com.motorola.commandcenter.weather.WakeUpService }
01-03 22:22:56.273  1456  1456 I NotificationService: Cannot find enqueued record for key: 0|com.motorola.timeweatherwidget|1|null|10116
01-03 22:22:56.275   808   808 D SurfaceFlinger: duplicate layer name: changing com.android.launcher3/com.android.launcher3.CustomizationPanelLauncher to com.android.launcher3/com.android.launcher3.CustomizationPanelLauncher#1
01-03 22:22:56.287 23700 30590 W ThreadPoolDumper: Queue length for executor EventBus is now 11. Perhaps some tasks are too long, or the pool is too small.
01-03 22:22:56.289  1456  4802 I WifiService: getWifiEnabledState uid=10073
01-03 22:22:56.296  1456  4802 I WifiService: getWifiEnabledState uid=10073
01-03 22:22:56.322 23700 23889 I MicroDetectionState: Should stop hotword detection immediately - false
01-03 22:22:56.326 23700 23889 I MicroDetectionWorker: #startMicroDetector [speakerMode: 0]
01-03 22:22:56.327 23700 23889 I AudioController: Created new AudioSource
01-03 22:22:56.362  1456  1673 I LaunchCheckinHandler: Displayed com.android.launcher3/.CustomizationPanelLauncher,wp,wa,143
01-03 22:22:56.362 23700 23889 I MicroDetectionWorker: onReady
01-03 22:22:56.362 23700 21992 I MicroDataManager: isInitializedWithLatestParams-true
01-03 22:22:56.362 23700 21992 I MicroDataManager: isInitializing-false locale not changed-true model not changed-true
01-03 22:22:56.363 23700 21992 I MicroDataManager: Already initialized, obtaining the hotword data immediately.
01-03 22:22:56.369 23700 30581 I MicroRecognitionRunner: Starting detection.
01-03 22:22:56.369 23700 30581 I InputStreamUtils: Using micInputStream
01-03 22:22:56.374 23700 30589 I MicrophoneInputStream: mic_starting  SR : 16000 CC : 16 SO : 1999
01-03 22:22:56.377   788  1401 V msm8974_platform: platform_check_input_mask: enter check_input_mask source 6 mask 10
01-03 22:22:56.379  1012 16153 I AudioFlinger: AudioFlinger's thread 0xb2483bc0 tid=16153 ready to run
01-03 22:22:56.383   788  1401 D audio_hw_primary: in_set_parameters: enter: kvpairs=input_source=6;routing=-2147483644
01-03 22:22:56.387  1012 19499 D APM_AudioPolicyManager: AudioPolicyManager::startInput() input 75766, session 75825, source = 1999
01-03 22:22:56.388 23700 30589 I MicrophoneInputStream: mic_started  SR : 16000 CC : 16 SO : 1999
01-03 22:22:56.390   788 16154 V msm8974_platform: platform_update_usecase_from_source: input source :6
01-03 22:22:56.390   788 16154 V msm8974_platform: platform_check_input_mask: enter check_input_mask source 6 mask 10
01-03 22:22:56.390   788 16154 V msm8974_platform: platform_get_input_snd_device: enter: out_device(0) in_device(0x4) channel_count (1) channel_mask (0x10)
01-03 22:22:56.390   788 16154 V msm8974_platform: platform_get_input_snd_device: exit: in_snd_device(voice-rec-mic)
01-03 22:22:56.390   788 16154 V msm8974_platform: platform_get_backend_index:napb: backend port - 5 device - 120 
01-03 22:22:56.390   788 16154 V msm8974_platform: platform_check_and_set_capture_backend_cfg:txbecf: afe: bitwidth 0, samplerate 0, channel 1, backend_idx 5 usecase = 9 device (voice-rec-mic)
01-03 22:22:56.390   788 16154 V msm8974_platform: platform_check_capture_backend_cfg:txbecf: afe: Codec selected backend: 5 current bit width: 0 and sample rate: 0, channels 1
01-03 22:22:56.390   788 16154 V msm8974_platform: platform_check_capture_backend_cfg:txbecf: afe: Codec selected backend: 5 updated bit width: 0 and sample rate: 0
01-03 22:22:56.391   788 16154 I msm8974_platform: platform_check_capture_backend_cfg:txbecf: afe: Codec backend needs to be updated. new bit width: 0 new sample rate: 0 new channel: 1
01-03 22:22:56.391   788 16154 V msm8974_platform: platform_get_backend_index:napb: backend port - 5 device - 120 
01-03 22:22:56.391   788 16154 V msm8974_platform: platform_set_backend_cfg:becf: afe: bitwidth 0, samplerate 0 channels 1, backend_idx 5 device (voice-rec-mic)
01-03 22:22:56.391   788 16154 E msm8974_platform: platform_set_backend_cfg:becf: afe: Could not get ctl for mixer command - SLIM_0_TX Format
01-03 22:22:56.391   788 16154 V msm8974_platform: platform_send_audio_calibration: sending audio calibration for snd_device(120) acdb_id(62)
01-03 22:22:56.391   788 16154 D ACDB-LOADER: ACDB -> send_audio_cal, acdb_id = 62, path = 1, app id = 0x11130, sample rate = 48000
01-03 22:22:56.391   788 16154 D ACDB-LOADER: ACDB -> send_asm_topology
01-03 22:22:56.391   788 16154 D ACDB-LOADER: ACDB -> ACDB_CMD_GET_AUDPROC_STREAM_TOPOLOGY_ID
01-03 22:22:56.392   788 16154 D ACDB-LOADER: ACDB -> send_adm_topology
01-03 22:22:56.392   788 16154 D ACDB-LOADER: ACDB -> ACDB_CMD_GET_AUDPROC_COMMON_TOPOLOGY_ID
01-03 22:22:56.392   788 16154 D ACDB-LOADER: ACDB -> send_audtable
01-03 22:22:56.392   788 16154 D ACDB-LOADER: ACDB -> ACDB_CMD_GET_AUDPROC_COMMON_TABLE_SIZE
01-03 22:22:56.392   788 16154 D ACDB-LOADER: ACDB -> ACDB_CMD_GET_AUDPROC_COMMON_TABLE
01-03 22:22:56.392   788 16154 D ACDB-LOADER: ACDB -> AUDIO_SET_AUDPROC_CAL
01-03 22:22:56.392   788 16154 D ACDB-LOADER: ACDB -> send_audvoltable
01-03 22:22:56.392   788 16154 D ACDB-LOADER: ACDB -> ACDB_CMD_GET_AUDPROC_VOL_STEP_TABLE_SIZE
01-03 22:22:56.392   788 16154 D ACDB-LOADER: ACDB -> ACDB_CMD_GET_AUDPROC_GAIN_DEP_STEP_TABLE, vol index 0
01-03 22:22:56.392   788 16154 D         : Failed to fetch the lookup information of the device 0000003E 
01-03 22:22:56.392   788 16154 D ACDB-LOADER: ACDB -> AUDIO_SET_VOL_CAL cal type = 12
01-03 22:22:56.392   788 16154 D ACDB-LOADER: ACDB -> ACDB_CMD_GET_AUDPROC_STREAM_TABLE_SIZE
01-03 22:22:56.392   788 16154 D ACDB-LOADER: ACDB -> send_audstrmtable
01-03 22:22:56.392   788 16154 D ACDB-LOADER: ACDB -> ACDB_CMD_GET_AUDPROC_STREAM_TABLE_V2
01-03 22:22:56.392   788 16154 D ACDB-LOADER: ACDB -> audstrm_cal->cal_type.cal_data.cal_size = 456
01-03 22:22:56.392   788 16154 D ACDB-LOADER: ACDB -> send_afe_topology
01-03 22:22:56.392   788 16154 D ACDB-LOADER: ACDB -> ACDB_CMD_GET_AFE_TOPOLOGY_ID
01-03 22:22:56.392   788 16154 D ACDB-LOADER: ACDB -> GET_AFE_TOPOLOGY_ID for adcd_id 62, Topology Id 112fb
01-03 22:22:56.392   788 16154 D ACDB-LOADER: ACDB -> send_afe_cal
01-03 22:22:56.393   788 16154 D ACDB-LOADER: ACDB -> ACDB_CMD_GET_AFE_COMMON_TABLE_SIZE
01-03 22:22:56.393   788 16154 D         : Failed to fetch the lookup information of the device 0000003E 
01-03 22:22:56.393   788 16154 E ACDB-LOADER: Error: ACDB_CMD_GET_AFE_COMMON_TABLE_SIZE Returned = -19
01-03 22:22:56.393   788 16154 D ACDB-LOADER: ACDB -> ACDB_CMD_GET_AFE_COMMON_TABLE
01-03 22:22:56.393   788 16154 D         : Failed to fetch the lookup information of the device 0000003E 
01-03 22:22:56.393   788 16154 D ACDB-LOADER: ACDB -> AUDIO_SET_AFE_CAL
01-03 22:22:56.393   788 16154 D ACDB-LOADER: ACDB -> send_hw_delay : acdb_id = 62 path = 1
01-03 22:22:56.393   788 16154 D ACDB-LOADER: ACDB -> ACDB_AVSYNC_INFO: ACDB_CMD_GET_DEVICE_PROPERTY
01-03 22:22:56.393   788 16154 D audio_hw_primary: enable_snd_device: snd_device(120: voice-rec-mic)
01-03 22:22:56.393   788 16154 D audio_route: Apply path: voice-rec-mic
01-03 22:22:56.396   788 16154 V msm8974_platform: platform_get_snd_device_backend_index: enter with device 120
01-03 22:22:56.396   788 16154 E msm8974_platform: platform_get_snd_device_backend_index: BE DAI Name Table is not present
01-03 22:22:56.396   788 16154 V msm8974_platform: platform_get_backend_index:napb: backend port - 5 device - 120 
01-03 22:22:56.396   788 16154 I audio_hw_utils: Set Audio Stream Capture 0 App Type Cfg: app_type 69936, acdb_dev_id 62, sample_rate 48000, snd_device_be_idx -14
01-03 22:22:56.396   788 16154 D audio_hw_primary: enable_audio_route: usecase(9) apply and update mixer path: audio-record
01-03 22:22:56.396   788 16154 D audio_route: Apply path: audio-record
01-03 22:22:56.467 23700 23889 I MicroDetectionWorker: onReady
01-03 22:22:56.491  2146  2165 I zygote  : NativeAlloc concurrent copying GC freed 18918(1028KB) AllocSpace objects, 0(0B) LOS objects, 49% free, 8MB/16MB, paused 217us total 115.011ms
01-03 22:22:56.759  1456  7796 I OpenGLRenderer: Initialized EGL, version 1.4
01-03 22:22:56.760  1456  7796 D OpenGLRenderer: Swap behavior 2
01-03 22:22:56.807  2748  2917 W OpenGLRenderer: Incorrectly called buildLayer on View: ShortcutAndWidgetContainer, destroying layer...
01-03 22:22:56.926 15972 15972 D GeckoRuntime: Lifecycle: onPause
01-03 22:22:56.927 15972 15972 D GeckoNetworkManager: Incoming event stop for state OnWithListeners -> OffWithListeners
01-03 22:22:56.929 15972 15972 I SessionStorage/AutoSave: Save: Background
01-03 22:22:56.934 15972 15990 D SessionStorage/AutoSave: Saved state to disk [3ms]
01-03 22:22:56.942 15972 16069 I libglean_ffi: glean_core::ping: Collecting baseline
01-03 22:22:56.949 15972 16069 D libglean_ffi: glean_core::ping: Storing ping 'fe56a41b-7f9f-425d-b297-037153ee18eb' at '/data/user/0/org.mozilla.fenix.performancetest/glean_data/pending_pings/fe56a41b-7f9f-425d-b297-037153ee18eb'
01-03 22:22:56.950 15972 16069 I libglean_ffi: glean_core: The ping 'baseline' was submitted and will be sent as soon as possible
01-03 22:22:56.950 15972 16069 I libglean_ffi: glean_core::ping: Collecting events
01-03 22:22:56.955 15972 16069 D libglean_ffi: glean_core::ping: Storing ping '25f2ea22-7796-417a-ba48-b98611ff04e8' at '/data/user/0/org.mozilla.fenix.performancetest/glean_data/pending_pings/25f2ea22-7796-417a-ba48-b98611ff04e8'
01-03 22:22:56.955 15972 16069 I libglean_ffi: glean_core: The ping 'events' was submitted and will be sent as soon as possible
01-03 22:22:57.009 12880 12880 I Finsky  : [2] puo.onTrimMemory(1): Memory trim requested to level 80
01-03 22:22:57.021  1456  2916 D ConnectivityService: requestNetwork for uid/pid:10677/15972 NetworkRequest [ TRACK_DEFAULT id=16893, [ Capabilities: INTERNET&NOT_RESTRICTED&TRUSTED&NOT_VPN] ]
01-03 22:22:57.023  1456  2099 D Ethernet: got request NetworkRequest [ TRACK_DEFAULT id=16893, [ Capabilities: INTERNET&NOT_RESTRICTED&TRUSTED&NOT_VPN] ] with score 60
01-03 22:22:57.023  1456  2054 D WIFI_UT : got request NetworkRequest [ TRACK_DEFAULT id=16893, [ Capabilities: INTERNET&NOT_RESTRICTED&TRUSTED&NOT_VPN] ] with score 60
01-03 22:22:57.024  1456  2054 D WIFI    : got request NetworkRequest [ TRACK_DEFAULT id=16893, [ Capabilities: INTERNET&NOT_RESTRICTED&TRUSTED&NOT_VPN] ] with score 60
01-03 22:22:57.024  2398  2398 D PhoneSwitcherNetworkRequstListener: got request NetworkRequest [ TRACK_DEFAULT id=16893, [ Capabilities: INTERNET&NOT_RESTRICTED&TRUSTED&NOT_VPN] ] with score 60
01-03 22:22:57.052 15972 16155 D glean/PingUploadWorker: Processing persisted pings at /data/user/0/org.mozilla.fenix.performancetest/glean_data/pending_pings
01-03 22:22:57.053 15972 16155 D glean/PingUploadWorker: Processing ping: fe56a41b-7f9f-425d-b297-037153ee18eb
01-03 22:22:57.063  1456  1466 I zygote  : NativeAlloc concurrent copying GC freed 60751(4MB) AllocSpace objects, 24(864KB) LOS objects, 42% free, 32MB/56MB, paused 151us total 303.535ms
01-03 22:22:57.067 15972 16155 D glean/ConceptFetchHttpUploader: Submitting ping to: https://incoming.telemetry.mozilla.org/submit/org-mozilla-fenix-performancetest/baseline/1/fe56a41b-7f9f-425d-b297-037153ee18eb
01-03 22:22:57.368 15972 16155 D glean/ConceptFetchHttpUploader: Ping successfully sent (200)
01-03 22:22:57.369 15972 16155 D glean/PingUploadWorker: fe56a41b-7f9f-425d-b297-037153ee18eb was deleted: true
01-03 22:22:57.369 15972 16155 D glean/PingUploadWorker: Processing ping: 25f2ea22-7796-417a-ba48-b98611ff04e8
01-03 22:22:57.375 23700 23714 I zygote  : Background concurrent copying GC freed 125237(6MB) AllocSpace objects, 7(2MB) LOS objects, 27% free, 64MB/88MB, paused 191us total 1.004s
01-03 22:22:57.377 15972 16155 D glean/ConceptFetchHttpUploader: Submitting ping to: https://incoming.telemetry.mozilla.org/submit/org-mozilla-fenix-performancetest/events/1/25f2ea22-7796-417a-ba48-b98611ff04e8
01-03 22:22:57.550 15972 16155 D glean/ConceptFetchHttpUploader: Ping successfully sent (200)
01-03 22:22:57.551 15972 16155 D glean/PingUploadWorker: 25f2ea22-7796-417a-ba48-b98611ff04e8 was deleted: true
01-03 22:22:57.555 15972 15989 I WM-WorkerWrapper: Worker result SUCCESS for Work [ id=172d82b9-bdc4-4987-809e-af8dbdcb60d7, tags={ mozilla.telemetry.glean.scheduler.PingUploadWorker, mozac_service_glean_ping_upload_worker } ]
01-03 22:22:57.564  1456  2067 D ConnectivityService: releasing NetworkRequest [ TRACK_DEFAULT id=16893, [ Capabilities: INTERNET&NOT_RESTRICTED&TRUSTED&NOT_VPN] ] (release request)
01-03 22:22:57.745  1456  3925 W ActivityManager: Background start not allowed: service Intent { cmp=com.google.android.apps.messaging/.shared.datamodel.action.execution.ActionExecutorImpl$EmptyService } to com.google.android.apps.messaging/.shared.datamodel.action.execution.ActionExecutorImpl$EmptyService from pid=13847 uid=10110 pkg=com.google.android.apps.messaging
01-03 22:22:57.746 13847 13847 W BugleDataModel: ActionExecutorImpl: Action started execution, but we can't guarantee it will complete, the app may be killed. Action: class com.google.android.apps.messaging.shared.datamodel.action.SelfParticipantsRefreshAction-SelfParticipantsRefreshAction:10636146178005
01-03 22:22:57.746 13847 13847 W BugleDataModel: java.lang.IllegalStateException: Not allowed to start service Intent { cmp=com.google.android.apps.messaging/.shared.datamodel.action.execution.ActionExecutorImpl$EmptyService }: app is in background uid UidRecord{49d101c u0a110 CEM  idle change:cached procs:1 seq(0,0,0)}
01-03 22:22:57.746 13847 13847 W BugleDataModel: 	at android.app.ContextImpl.startServiceCommon(ContextImpl.java:1536)
01-03 22:22:57.746 13847 13847 W BugleDataModel: 	at android.app.ContextImpl.startService(ContextImpl.java:1492)
01-03 22:22:57.746 13847 13847 W BugleDataModel: 	at android.content.ContextWrapper.startService(ContextWrapper.java:650)
01-03 22:22:57.746 13847 13847 W BugleDataModel: 	at com.google.android.apps.messaging.shared.datamodel.action.execution.ActionExecutorImpl.a(PG:94)
01-03 22:22:57.746 13847 13847 W BugleDataModel: 	at com.google.android.apps.messaging.shared.datamodel.action.execution.ActionExecutorImpl.a(PG:89)
01-03 22:22:57.746 13847 13847 W BugleDataModel: 	at fib.c(PG:113)
01-03 22:22:57.746 13847 13847 W BugleDataModel: 	at fhy.run(PG:1)
01-03 22:22:57.746 13847 13847 W BugleDataModel: 	at zit.run(PG:3)
01-03 22:22:57.746 13847 13847 W BugleDataModel: 	at android.os.Handler.handleCallback(Handler.java:790)
01-03 22:22:57.746 13847 13847 W BugleDataModel: 	at android.os.Handler.dispatchMessage(Handler.java:99)
01-03 22:22:57.746 13847 13847 W BugleDataModel: 	at android.os.Looper.loop(Looper.java:164)
01-03 22:22:57.746 13847 13847 W BugleDataModel: 	at android.app.ActivityThread.main(ActivityThread.java:6626)
01-03 22:22:57.746 13847 13847 W BugleDataModel: 	at java.lang.reflect.Method.invoke(Native Method)
01-03 22:22:57.746 13847 13847 W BugleDataModel: 	at com.android.internal.os.RuntimeInit$MethodAndArgsCaller.run(RuntimeInit.java:438)
01-03 22:22:57.746 13847 13847 W BugleDataModel: 	at com.android.internal.os.ZygoteInit.main(ZygoteInit.java:811)
01-03 22:22:57.748 13847 13937 I BugleDataModel: ParticipantRefresh: Start participant refresh. refreshMode: SELF_ONLY
01-03 22:22:57.797 13847 13937 W Bugle   : SubscriptionMetadataUtils get: invalid subId = -1
01-03 22:22:57.798 13847 13937 W Bugle   : SubscriptionMetadataUtils get: invalid subId = -1
01-03 22:22:57.798 13847 13937 W Bugle   : MultiSimSubscriptionUtils: getSelfRawNumber: subInfo is null for subscription{id:-1}
01-03 22:22:57.816  1456  3925 I ActivityManager: Start proc 16157:android.process.acore/u0a14 for content provider com.android.providers.contacts/.ContactsProvider2
01-03 22:22:57.847 16157 16157 I zygote  : The ClassLoaderContext is a special shared library.
01-03 22:22:57.892 16157 16157 I ContactsPerf: VoicemailContentProvider.onCreate start
01-03 22:22:57.895 16157 16157 I ContactsPerf: VoicemailContentProvider.onCreate finish
01-03 22:22:57.902 16157 16157 I zygote  : The ClassLoaderContext is a special shared library.
01-03 22:22:57.911 16157 16157 I zygote  : The ClassLoaderContext is a special shared library.
01-03 22:22:57.920 16157 16173 D ContactsDatabaseHelper: WAL enabled for contacts2.db: true
01-03 22:22:57.966 16157 16173 I ContactLocale: AddressBook Labels [[en_US]]: [, A, B, C, D, E, F, G, H, I, J, K, L, M, N, O, P, Q, R, S, T, U, V, W, X, Y, Z, , , , , , , , , , , , , , , , , , , , , , , , , , , , , , , , , , , , , , , , , , , , , , , , , , , , , , , , , , , , , , , , , , , , , , , , , , , , , , , , , , , , , , , , , , , , , , , , , , , , , , , , , , , , , , , , , , , , , , , , , , , , , , , , , , , , , , , , , , , , , , , , , , , , , , , , , , , , , , , , , , , , , , , , , , , , , , , , , , , , , , , , , , , #, ]
01-03 22:22:57.992 16157 16173 D ContactsDatabaseHelper: WAL enabled for profile.db: false
01-03 22:22:58.034 13847 13937 I BugleDataModel: ParticipantRefresh: Number of participants refreshed: 0
01-03 22:22:59.523 20331 20343 I zygote  : Background concurrent copying GC freed 107584(6MB) AllocSpace objects, 33(1548KB) LOS objects, 49% free, 7MB/15MB, paused 207us total 145.266ms
01-03 22:23:01.389  1456  3925 I ActivityManager: Force stopping org.mozilla.fenix.performancetest appid=10677 user=0: from pid 16183
01-03 22:23:01.389  1456  3925 I ActivityManager: Killing 15972:org.mozilla.fenix.performancetest/u0a677 (adj 700): stop org.mozilla.fenix.performancetest
01-03 22:23:01.391  1456  1605 W zygote  : kill(-15972, 9) failed: No such process
01-03 22:23:01.392  1456  3925 W ActivityManager: Force removing ActivityRecord{94c61d3 u0 org.mozilla.fenix.performancetest/org.mozilla.fenix.HomeActivity t15658}: app died, no saved state
01-03 22:23:01.393 16011 16011 I ServiceChildProcess: Service has been unbound. Stopping.
01-03 22:23:01.401  1456  3925 I ActivityManager: Killing 16011:org.mozilla.fenix.performancetest:tab/u0a677 (adj 0): stop org.mozilla.fenix.performancetest
01-03 22:23:01.405 12880 12880 I Finsky  : [2] puo.onTrimMemory(1): Memory trim requested to level 80
01-03 22:23:01.407  1456  1605 W zygote  : kill(-15972, 9) failed: No such process
01-03 22:23:01.411  2398  2398 D CarrierSvcBindHelper: No carrier app for: 0
01-03 22:23:01.412  2398  2398 D CarrierSvcBindHelper: No carrier app for: 1
01-03 22:23:01.420  1456  1605 W zygote  : kill(-15972, 9) failed: No such process
01-03 22:23:01.456  1456  1605 I chatty  : uid=1000(system) ActivityManager identical 3 lines
01-03 22:23:01.464  1456  1673 W ActivityManager: setHasOverlayUi called on unknown pid: 15972
01-03 22:23:01.471  1456  1605 W zygote  : kill(-15972, 9) failed: No such process
01-03 22:23:01.472  1456  1605 I zygote  : Successfully killed process cgroup uid 10677 pid 15972 in 80ms
01-03 22:23:01.472  1456  1605 W zygote  : kill(-16011, 9) failed: No such process
01-03 22:23:01.472  1456  1605 I zygote  : Successfully killed process cgroup uid 10677 pid 16011 in 0ms
01-03 22:23:01.508  1456  1471 I ActivityManager: START u0 {act=android.intent.action.MAIN cat=[android.intent.category.LAUNCHER] flg=0x10000000 cmp=org.mozilla.fenix.performancetest/org.mozilla.fenix.HomeActivity} from uid 2000
01-03 22:23:01.509   794   839 E ANDR-PERF-RESOURCEQS: Failed to apply optimization [4, 0]
01-03 22:23:01.529  1456  4797 I ActivityManager: Start proc 16190:org.mozilla.fenix.performancetest/u0a677 for activity org.mozilla.fenix.performancetest/org.mozilla.fenix.HomeActivity
01-03 22:23:01.535 16190 16190 I zygote  : Late-enabling -Xcheck:jni
01-03 22:23:01.631 23700 23889 I MicroDetectionState: Should stop hotword detection immediately - false
01-03 22:23:01.631 23700 23889 I MicroDetector: Keeping mic open: false
01-03 22:23:01.631 23700 23889 I RecognitionAudioControl: #shutdownAudio [requestId: -585549618551114842, keepAudioOpen: false, forced: true]
01-03 22:23:01.631 23700 30590 E DeviceStateChecker: DeviceStateChecker cancelled
01-03 22:23:01.631 23700 23889 I RecognitionAudioControl: #internalShutdownAudio [requestId: -585549618551114842]
01-03 22:23:01.631 23700 23889 I RecognitionAudioControl: #internalShutdownAudio [keepAudioOpen: false, forced: true]
01-03 22:23:01.631 23700 23889 I RecognitionAudioControl: #actualShutdownAudio
01-03 22:23:01.631 23700 23889 I AudioController: #shutdown [requestId=-585549618551114842]
01-03 22:23:01.632 23700 21992 I AudioController: internalShutdown
01-03 22:23:01.633 23700 13281 I MicroRecognitionRunner: Stopping hotword detection.
01-03 22:23:01.687   788  1401 D audio_hw_primary: disable_audio_route: usecase(9) reset and update mixer path: audio-record
01-03 22:23:01.688   788  1401 D audio_hw_primary: disable_snd_device: snd_device(120: voice-rec-mic)
01-03 22:23:01.690  1012  4818 D APM_AudioPolicyManager: stopInput() input 75766, session 75825
01-03 22:23:01.691   788  1401 D audio_hw_primary: in_set_parameters: enter: kvpairs=routing=0
01-03 22:23:01.692 23700 21992 I MicrophoneInputStream: mic_close  SR : 16000 CC : 16 SO : 1999
01-03 22:23:01.693 23700 21992 E AudioSource: Stop listening is called on already closed AudioSource
01-03 22:23:01.694 23700 30581 I MicroRecognitionRunner: Detection finished
01-03 22:23:01.698 16190 16190 D FirebaseApp: Default FirebaseApp failed to initialize because no default options were found. This usually means that com.google.gms:google-services was not applied to your gradle project.
01-03 22:23:01.699 16190 16190 I FirebaseInitProvider: FirebaseApp initialization unsuccessful
01-03 22:23:01.771 16190 16208 D RustNativeSupport: findMegazordLibraryName(viaduct, 0.44.0
01-03 22:23:01.771 16190 16208 D RustNativeSupport: lib in use: none
01-03 22:23:01.771 16190 16208 D RustNativeSupport: lib configured: fenix
01-03 22:23:01.771 16190 16208 D RustNativeSupport: lib version configured: 0.44.0
01-03 22:23:01.771 16190 16208 D RustNativeSupport: settled on fenix
01-03 22:23:01.848 16190 16208 D RustNativeSupport: findMegazordLibraryName(rustlog, 0.44.0
01-03 22:23:01.848 16190 16208 D RustNativeSupport: lib in use: none
01-03 22:23:01.848 16190 16208 D RustNativeSupport: lib configured: fenix
01-03 22:23:01.848 16190 16208 D RustNativeSupport: lib version configured: 0.44.0
01-03 22:23:01.848 16190 16208 D RustNativeSupport: settled on fenix
01-03 22:23:01.859 16190 16208 I rc_log_ffi::ios: rc_log adapter initialized!
01-03 22:23:01.935 16190 16190 D GeckoThread: State changed to LAUNCHED
01-03 22:23:01.935 16190 16219 I GeckoThread: preparing to run Gecko
01-03 22:23:01.941 16190 16219 D GeckoThread: State changed to MOZGLUE_READY
01-03 22:23:01.949 16190 16190 D GeckoRuntime: Lifecycle: onCreate
01-03 22:23:01.981 16190 16219 W Settings: Setting animator_duration_scale has moved from android.provider.Settings.System to android.provider.Settings.Global, returning read-only global URI.
01-03 22:23:01.984 16190 16219 E GeckoLibLoad: Load sqlite start
01-03 22:23:01.985 16190 16190 I experiments: No active experiment in cache
01-03 22:23:01.995 16190 16208 D App     : Bucket is 42
01-03 22:23:02.000 16190 16208 D App     : Experiments active: {asFeatureSyncDisabled=false}
01-03 22:23:02.005 16190 16190 I LeanplumMetricsService: Invalid or missing Leanplum token
01-03 22:23:02.005 16190 16219 W GeckoLinker: /data/app/org.mozilla.fenix.performancetest-VLsJNKqHA6R3Qa052YyMGw==/lib/arm/libnss3.so: unhandled flags #8 not handled
01-03 22:23:02.010 16190 16219 W GeckoLinker: /data/app/org.mozilla.fenix.performancetest-VLsJNKqHA6R3Qa052YyMGw==/lib/arm/libnss3.so: Relocation to NULL @0x00132ffc for symbol "__cxa_type_match"
01-03 22:23:02.010 16190 16219 E GeckoLibLoad: Load sqlite done
01-03 22:23:02.011 16190 16219 E GeckoLibLoad: Load nss start
01-03 22:23:02.011 16190 16219 E GeckoLibLoad: Load nss done
01-03 22:23:02.011 16190 16219 W GeckoLinker: /data/app/org.mozilla.fenix.performancetest-VLsJNKqHA6R3Qa052YyMGw==/lib/arm/libxul.so: unhandled flags #8 not handled
01-03 22:23:02.011 16190 16219 W GeckoLinker: /data/app/org.mozilla.fenix.performancetest-VLsJNKqHA6R3Qa052YyMGw==/lib/arm/liblgpllibs.so: unhandled flags #8 not handled
01-03 22:23:02.028 16190 16190 I FirefoxAccountStateMachine: Enabling/updating sync with a new SyncConfig: SyncConfig(supportedEngines=[mozilla.components.service.fxa.SyncEngine$History@f75b33d, mozilla.components.service.fxa.SyncEngine$Bookmarks@fe81732, mozilla.components.service.fxa.SyncEngine$Passwords@f8f4c83], syncPeriodInMinutes=240)
01-03 22:23:02.032 16190 16190 I BgSyncManager: Periodic syncing enabled at a 240 interval
01-03 22:23:02.033 16190 16190 I FirefoxAccountStateMachine: Sync is enabled
01-03 22:23:02.043 16190 16190 W PushConfig: No firebase configuration found; cannot support push service.
01-03 22:23:02.047 16190 16225 I FirefoxAccountStateMachine: Processing event Event$Init for state Start. Next state is Start
01-03 22:23:02.048 16190 16219 E GeckoLibLoad: Loaded libs in 36.926723ms total, 23ms(103ms) user, 10ms(6ms) system, 0(0) faults
01-03 22:23:02.048 16190 16219 D GeckoThread: State changed to LIBS_READY
01-03 22:23:02.049 16190 16219 W GeckoThread: zerdatime 10636270723 - runGecko
01-03 22:23:02.060 16190 16219 D GeckoProfile: Loading profile at: null name: default
01-03 22:23:02.064 16190 16219 D GeckoProfile: Found profile dir: /data/user/0/org.mozilla.fenix.performancetest/files/mozilla/c4qrqz9p.default
01-03 22:23:02.072  1456  2402 I ActivityManager: Start proc 16232:org.mozilla.fenix.performancetest:tab/u0a677 for service org.mozilla.fenix.performancetest/org.mozilla.gecko.process.GeckoServiceChildProcess$tab
01-03 22:23:02.072 16190 16225 I FirefoxAccountStateMachine: Ran 'Event$Init' side-effects for state Start, got successive event Event$AccountNotFound
01-03 22:23:02.073 16190 16225 I FirefoxAccountStateMachine: Processing event Event$AccountNotFound for state Start. Next state is NotAuthenticated
01-03 22:23:02.075 16232 16232 I zygote  : Late-enabling -Xcheck:jni
01-03 22:23:02.082 16190 16225 D RustNativeSupport: findMegazordLibraryName(fxaclient, 0.44.0
01-03 22:23:02.082 16190 16225 D RustNativeSupport: lib in use: none
01-03 22:23:02.082 16190 16225 D RustNativeSupport: lib configured: fenix
01-03 22:23:02.082 16190 16225 D RustNativeSupport: lib version configured: 0.44.0
01-03 22:23:02.082 16190 16225 D RustNativeSupport: settled on fenix
01-03 22:23:02.111 16190 16225 D fxaclient_ffi: fxa_new
01-03 22:23:02.178 16190 16190 D PhoneWindow: Restoring navigation bar divider color to default value = 0x00000000
01-03 22:23:02.234 16232 16232 D GeckoThread: State changed to LAUNCHED
01-03 22:23:02.235 16232 16251 I GeckoThread: preparing to run Gecko
01-03 22:23:02.369 16190 16190 D libglean_ffi: glean_ffi: Android logging should be hooked up!
01-03 22:23:02.372 16190 16190 I glean/Dispatchers: Task queued for execution and delayed until flushed
01-03 22:23:02.427 16190 16219 I Gecko:DumpUtils: Fifo watcher disabled via pref.
01-03 22:23:02.469 16190 16219 D GeckoSysInfo: System memory: 1867MB.
01-03 22:23:02.472 16190 16219 D GeckoThread: State changed to JNI_READY
01-03 22:23:02.479 16190 16196 I zygote  : Do partial code cache collection, code=31KB, data=21KB
01-03 22:23:02.481 16190 16196 I zygote  : After code cache collection, code=31KB, data=21KB
01-03 22:23:02.481 16190 16196 I zygote  : Increasing code cache capacity to 128KB
01-03 22:23:02.605 16190 16190 D GeckoRuntime: Lifecycle: onStart
01-03 22:23:02.635 16190 16190 D GeckoRuntime: Lifecycle: onResume
01-03 22:23:02.635 16190 16225 W FirefoxAccountStateMachine: Got invalid event Event$Init for state NotAuthenticated.
01-03 22:23:02.636 16190 16190 D GeckoNetworkManager: Incoming event start for state OffNoListeners -> OnNoListeners
01-03 22:23:02.640 16190 16190 D GeckoNetworkManager: New network state: UP, WIFI, WIFI
01-03 22:23:02.675 16190 16275 D OpenGLRenderer: HWUI GL Pipeline
01-03 22:23:02.690 16190 16190 I glean/Glean: Registering pings for org.mozilla.fenix.GleanMetrics.Pings
01-03 22:23:02.698 16190 16190 I glean/Glean: Registering pings for mozilla.telemetry.glean.GleanMetrics.Pings
01-03 22:23:02.729 16190 16190 I libglean_ffi: glean_core: Creating new Glean
01-03 22:23:02.729 16190 16190 D libglean_ffi: glean_core::database: Database path: "/data/user/0/org.mozilla.fenix.performancetest/glean_data/db"
01-03 22:23:02.730 16190 16190 I libglean_ffi: glean_core::database: Database initialized
01-03 22:23:02.730 16190 16190 I libglean_ffi: glean_ffi: Glean initialized
01-03 22:23:02.906 16190 16190 D glean/MetricsPingSched: The 'metrics' ping was last sent on Fri Jan 03 00:00:00 EST 2020
01-03 22:23:02.909 16190 16190 I glean/MetricsPingSched: The 'metrics' ping was already sent today, Fri Jan 03 22:23:02 EST 2020.
01-03 22:23:02.910 16190 16190 D glean/MetricsPingSched: Scheduling the 'metrics' ping in 20217223ms
01-03 22:23:02.917 16190 16190 I glean/Dispatchers: Initial tasks queue completed successfully
01-03 22:23:02.952 16190 16196 I zygote  : Do partial code cache collection, code=62KB, data=51KB
01-03 22:23:02.955 16190 16196 I zygote  : After code cache collection, code=60KB, data=50KB
01-03 22:23:02.955 16190 16196 I zygote  : Increasing code cache capacity to 256KB
01-03 22:23:03.053 16190 16190 D App     : ActivationPing - already generated
01-03 22:23:03.067 16190 16219 I Gecko   : 1578108183059	addons.xpi	WARN	List of valid built-in add-ons could not be parsed.: [Exception... "Component returned failure code: 0x80520012 (NS_ERROR_FILE_NOT_FOUND) [nsIXPCComponents_Utils.readUTF8URI]"  nsresult: "0x80520012 (NS_ERROR_FILE_NOT_FOUND)"  location: "JS frame :: resource://gre/modules/addons/XPIProvider.jsm :: startup :: line 2366"  data: no] Stack trace: startup()@resource://gre/modules/addons/XPIProvider.jsm:2366
01-03 22:23:03.067 16190 16219 I Gecko   : callProvider()@resource://gre/modules/AddonManager.jsm:215
01-03 22:23:03.067 16190 16219 I Gecko   : _startProvider()@resource://gre/modules/AddonManager.jsm:586
01-03 22:23:03.067 16190 16219 I Gecko   : startup()@resource://gre/modules/AddonManager.jsm:810
01-03 22:23:03.067 16190 16219 I Gecko   : startup()@resource://gre/modules/AddonManager.jsm:3474
01-03 22:23:03.067 16190 16219 I Gecko   : observe()@resource://gre/modules/addonManager.js:87
01-03 22:23:03.094 16190 16190 D GeckoNetworkManager: Incoming event receivedUpdate for state OnNoListeners -> OnNoListeners
01-03 22:23:03.096 16190 16190 D GeckoNetworkManager: New network state: UP, WIFI, WIFI
01-03 22:23:03.098  1456  1471 I WifiService: getDhcpInfo uid=10677
01-03 22:23:03.245 16190 16219 D GeckoThread: State changed to PROFILE_READY
01-03 22:23:03.344 16190 16219 D GeckoThread: State changed to RUNNING
01-03 22:23:03.363 16190 16219 W GeckoEventDispatcher: No listener for AndroidCastDevice:SyncDevice
01-03 22:23:03.370 16190 16219 I Gecko   : -*- nsDNSServiceDiscovery.js : nsDNSServiceDiscovery
01-03 22:23:03.490 16190 16219 W ResourceType: Too many attribute references, stopped at: 0x01010099
01-03 22:23:03.520 16190 16275 I Adreno  : QUALCOMM build                   : bb5b86c, I77d3059488
01-03 22:23:03.520 16190 16275 I Adreno  : Build Date                       : 06/07/18
01-03 22:23:03.520 16190 16275 I Adreno  : OpenGL ES Shader Compiler Version: EV031.22.00.01_06
01-03 22:23:03.520 16190 16275 I Adreno  : Local Branch                     : 
01-03 22:23:03.520 16190 16275 I Adreno  : Remote Branch                    : refs/tags/AU_LINUX_ANDROID_LA.UM.6.5.R1.08.01.00.312.086
01-03 22:23:03.520 16190 16275 I Adreno  : Remote Branch                    : NONE
01-03 22:23:03.520 16190 16275 I Adreno  : Reconstruct Branch               : NOTHING
01-03 22:23:03.521 16190 16275 D vndksupport: Loading /vendor/lib/hw/gralloc.msm8937.so from current namespace instead of sphal namespace.
01-03 22:23:03.528 16190 16275 I Adreno  : PFP: 0x005ff087, ME: 0x005ff063
01-03 22:23:03.535 16190 16275 I zygote  : android::hardware::configstore::V1_0::ISurfaceFlingerConfigs::hasWideColorDisplay retrieved: 0
01-03 22:23:03.538 16190 16275 I OpenGLRenderer: Initialized EGL, version 1.4
01-03 22:23:03.539 16190 16275 D OpenGLRenderer: Swap behavior 2
01-03 22:23:03.547 16190 16219 I Gecko   : Attempting load of libEGL.so
01-03 22:23:03.609 16190 16196 I zygote  : Do full code cache collection, code=91KB, data=109KB
01-03 22:23:03.611 16190 16196 I zygote  : After code cache collection, code=73KB, data=64KB
01-03 22:23:03.771 16190 16219 W GeckoLinker: /data/app/org.mozilla.fenix.performancetest-VLsJNKqHA6R3Qa052YyMGw==/lib/arm/libsoftokn3.so: unhandled flags #8 not handled
01-03 22:23:03.772 16190 16219 W GeckoLinker: /data/app/org.mozilla.fenix.performancetest-VLsJNKqHA6R3Qa052YyMGw==/lib/arm/libsoftokn3.so: Relocation to NULL @0x00026ffc for symbol "__cxa_type_match"
01-03 22:23:03.773 16190 16219 W GeckoLinker: /data/app/org.mozilla.fenix.performancetest-VLsJNKqHA6R3Qa052YyMGw==/lib/arm/libfreebl3.so: unhandled flags #8 not handled
01-03 22:23:03.774 16190 16219 W GeckoLinker: /data/app/org.mozilla.fenix.performancetest-VLsJNKqHA6R3Qa052YyMGw==/lib/arm/libfreebl3.so: Relocation to NULL @0x00041ffc for symbol "__cxa_type_match"
01-03 22:23:03.811 16190 16325 W GeckoLinker: /data/app/org.mozilla.fenix.performancetest-VLsJNKqHA6R3Qa052YyMGw==/lib/arm/libnssckbi.so: unhandled flags #8 not handled
01-03 22:23:03.812 16190 16325 W GeckoLinker: /data/app/org.mozilla.fenix.performancetest-VLsJNKqHA6R3Qa052YyMGw==/lib/arm/libnssckbi.so: Relocation to NULL @0x00052ffc for symbol "__cxa_type_match"
01-03 22:23:03.827 16190 16275 D vndksupport: Loading /vendor/lib/hw/android.hardware.graphics.mapper@2.0-impl.so from current namespace instead of sphal namespace.
01-03 22:23:03.830 16190 16275 D vndksupport: Loading /vendor/lib/hw/gralloc.msm8937.so from current namespace instead of sphal namespace.
01-03 22:23:03.848  1456  1673 I LaunchCheckinHandler: Displayed org.mozilla.fenix.performancetest/org.mozilla.fenix.HomeActivity,cp,ca,2331
01-03 22:23:03.848  1456  1673 I ActivityManager: Displayed org.mozilla.fenix.performancetest/org.mozilla.fenix.HomeActivity: +2s326ms
01-03 22:23:03.889 16190 16333 I experiments: Fetching experiments from https://firefox.settings.services.mozilla.com/v1/buckets/main/collections/mobile-experiments/records
01-03 22:23:03.889 16190 16190 D GeckoNetworkManager: Incoming event enableNotifications for state OnNoListeners -> OnWithListeners
01-03 22:23:03.892 16190 16190 D GeckoNetworkManager: New network state: UP, WIFI, WIFI
01-03 22:23:03.896 16190 16190 D GeckoNetworkManager: Incoming event receivedUpdate for state OnWithListeners -> OnWithListeners
01-03 22:23:03.899 16190 16190 D GeckoNetworkManager: New network state: UP, WIFI, WIFI
01-03 22:23:03.909 23700 23700 I MemoryTrimmer: Trimming objects from memory, since app is in the background.
01-03 22:23:03.922 12880 12880 I Finsky  : [2] puo.onTrimMemory(1): Memory trim requested to level 80
01-03 22:23:03.924 23700 23700 I MemoryTrimmer: Trimming objects from memory, since app is in the background.
01-03 22:23:03.925 23700 23889 E AudioSource: Stop listening is called on already closed AudioSource
01-03 22:23:03.933 23700 30589 I PBSessionCacheImpl: Deleted sessionId[104235279871163357] from persistence.
01-03 22:23:03.934  1456  2402 I WifiService: getWifiEnabledState uid=10073
01-03 22:23:03.937 23700 23889 W SearchServiceCore: Abort, client detached.
01-03 22:23:03.937 23700 23889 I chatty  : uid=10073(com.google.android.googlequicksearchbox) EventBus0 identical 1 line
01-03 22:23:03.938 23700 23889 W SearchServiceCore: Abort, client detached.
01-03 22:23:04.002 16190 16219 W ResourceType: Too many attribute references, stopped at: 0x01010099
01-03 22:23:04.071 16190 16333 D experiments: Fetched experiments from https://firefox.settings.services.mozilla.com/v1/buckets/main/collections/mobile-experiments/records:
01-03 22:23:04.071 16190 16333 D experiments: {"data":[]}
01-03 22:23:04.072 16190 16333 I experiments: Experiments update from server: ExperimentsSnapshot(experiments=[], lastModified=null)
01-03 22:23:04.075 16190 16333 I experiments: onExperimentsUpdated - no experiment currently active, looking for match
01-03 22:23:04.080 16190 16212 I WM-WorkerWrapper: Worker result SUCCESS for Work [ id=96368d65-2544-4182-81ce-880c24cb652b, tags={ mozilla.components.service.experiments.ExperimentsUpdaterWorker, mozilla.components.service.experiments } ]
01-03 22:23:04.237   808   898 I SFPerfTracer:      triggers: (rate: 0:0) (0 sw vsyncs) (0 skipped) (17:1981150 vsyncs) (19:3669194)
01-03 22:23:04.241   808   808 I SFPerfTracer:      triggers: (rate: 49:240889) (compose: 0:6) (post: 0:13) (render: 0:10) (7:2499893 frames) (8:3634975)
01-03 22:23:04.241   808   808 D SFPerfTracer:        layers: (3:11) (NavigationBar#0 (0xb07df000): 0:368946) (StatusBar#0 (0xb07e3000): 0:1095302) (com.android.systemui.ImageWallpaper#0 (0xb07e7000): 0:30040)* (Sprite#0 (0xb0733000): 0:317)* (DimLayerController/Stack=0#0 (0xb075a000): 0:3562)* (Sprite#1 (0xb077c000): 0:195)* (org.mozilla.fenix.performancetest/org.mozilla.fenix.HomeActivity#0 (0xb039b000): 0:46)- (com.android.launcher3/com.android.launcher3.CustomizationPanelLauncher#0 (0xb0763000): 0:40)- (com.android.launcher3/com.android.launcher3.CustomizationPanelLauncher#1 (0xb0771000): 0:15)- (Splash Screen org.mozilla.fenix.performancetest#0 (0xb0384000): 0:31)- (org.mozilla.fenix.performancetest/org.mozilla.fenix.HomeActivity#0 (0xb039b000): 7:20) 
01-03 22:23:04.486 16190 16190 D App     : Installed browser-icons extension
01-03 22:23:04.753 16190 16190 D mozac-webcompat: Installed WebCompat webextension: webcompat@mozilla.com
01-03 22:23:07.166 16356 16356 D AndroidRuntime: >>>>>> START com.android.internal.os.RuntimeInit uid 2000 <<<<<<
01-03 22:23:07.179 16356 16356 W app_process: Could not reserve sentinel fault page
01-03 22:23:07.344 16356 16356 I app_process: The ClassLoaderContext is a special shared library.
01-03 22:23:07.414 16356 16356 D AndroidRuntime: Calling main entry com.android.commands.input.Input
