05-16 22:08:23.123 23133 23223 W b       : #read failed: read EOF from AudioAccessor.
05-16 22:08:23.125 23133 23223 I MicroRecognitionRunner: Detection finished
05-16 22:08:23.174   788  1401 D audio_hw_primary: disable_audio_route: usecase(9) reset and update mixer path: audio-record
05-16 22:08:23.175   788  1401 D audio_hw_primary: disable_snd_device: snd_device(120: voice-rec-mic)
05-16 22:08:23.178  1012  4818 D APM_AudioPolicyManager: stopInput() input 347278, session 347393
05-16 22:08:23.178   788  1479 D audio_hw_primary: in_set_parameters: enter: kvpairs=routing=0
05-16 22:08:23.181 23133 23175 I HotwordLSAdapter: stopListeningStatus result: 1
05-16 22:08:23.217 30281 30281 I chatty  : uid=11329(org.mozilla.fennec_aurora) expire 16 lines
05-16 22:08:23.293 30281 30309 I chatty  : uid=11329(org.mozilla.fennec_aurora) expire 4 lines
05-16 22:08:23.313 30281 30318 I chatty  : uid=11329(org.mozilla.fennec_aurora) expire 11 lines
05-16 22:08:23.331 30281 30317 I chatty  : uid=11329(org.mozilla.fennec_aurora) expire 10 lines
05-16 22:08:23.337 30281 30321 I chatty  : uid=11329(org.mozilla.fennec_aurora) expire 19 lines
05-16 22:08:23.407 30281 30281 I chatty  : uid=11329(org.mozilla.fennec_aurora) expire 38 lines
05-16 22:08:23.407 30281 30330 I chatty  : uid=11329(org.mozilla.fennec_aurora) expire 6 lines
05-16 22:08:23.434 30281 30317 I chatty  : uid=11329(org.mozilla.fennec_aurora) expire 13 lines
05-16 22:08:23.435 30281 30318 I chatty  : uid=11329(org.mozilla.fennec_aurora) expire 2 lines
05-16 22:08:23.459   808   898 I SFPerfTracer:      triggers: (rate: 0:1) (0 sw vsyncs) (0 skipped) (20:7139602 vsyncs) (22:14434349)
05-16 22:08:23.463   808   808 I SFPerfTracer:      triggers: (rate: 88:2050838) (compose: 0:7) (post: 0:19) (render: 0:17) (16:11230717 frames) (17:14311207)
05-16 22:08:23.463   808   808 D SFPerfTracer:        layers: (3:13) (NavigationBar#0 (0xb07df000): 9:1107404) (StatusBar#0 (0xb07e3000): 9:2627162) (com.android.systemui.ImageWallpaper#0 (0xb07e7000): 0:103513)* (Sprite#0 (0xb0733000): 0:317)* (DimLayerController/Stack=0#0 (0xb075a000): 0:3866)* (Sprite#1 (0xb077c000): 0:195)* (com.android.launcher3/com.android.launcher3.CustomizationPanelLauncher#0 (0xb0763000): 0:41)- (com.android.launcher3/com.android.launcher3.CustomizationPanelLauncher#1 (0xb0771000): 0:9)- (Splash Screen org.mozilla.fennec_aurora#1 (0xafd20000): 0:31)- (org.mozilla.fennec_aurora/org.mozilla.fenix.HomeActivity#0 (0xb039b000): 0:70)- (com.android.launcher3/com.android.launcher3.CustomizationPanelLauncher#0 (0xb0763000): 0:41)* (com.android.launcher3/com.android.launcher3.CustomizationPanelLauncher#1 (0xb0771000): 0:10)* (Splash Screen org.mozilla.fennec_aurora#0 (0xb039b000): 16:19) 
05-16 22:08:23.468 30281 30348 I chatty  : uid=11329(org.mozilla.fennec_aurora) expire 2 lines
05-16 22:08:23.479  1456  2204 I ActivityManager: START u0 {act=android.intent.action.MAIN cat=[android.intent.category.LAUNCHER] flg=0x10000000 cmp=org.mozilla.fennec_aurora/org.mozilla.fenix.HomeActivity (has extras)} from uid 11329
05-16 22:08:23.495   808   808 D SurfaceFlinger: duplicate layer name: changing Splash Screen org.mozilla.fennec_aurora to Splash Screen org.mozilla.fennec_aurora#1
05-16 22:08:23.531 30281 30291 I chatty  : uid=11329(org.mozilla.fennec_aurora) expire 8 lines
05-16 22:08:23.568  1456  2204 I ActivityManager: Start proc 30387:org.mozilla.fennec_aurora:tab0/u0a1329 for service org.mozilla.fennec_aurora/org.mozilla.gecko.process.GeckoChildProcessServices$tab0
05-16 22:08:23.571 30281 30365 I chatty  : uid=11329(org.mozilla.fennec_aurora) expire 1 line
05-16 22:08:23.726 30387 30387 I chatty  : uid=11329(org.mozilla.fennec_aurora) com.google.android.apps.tachyon expire 2 lines
05-16 22:08:23.727 30387 30417 I chatty  : uid=11329(org.mozilla.fennec_aurora) com.google.android.apps.tachyon expire 1 line
05-16 22:08:23.942 30281 30426 I chatty  : uid=11329(org.mozilla.fennec_aurora) expire 9 lines
05-16 22:08:23.955  1456  2204 D ConnectivityService: requestNetwork for uid/pid:11329/30281 NetworkRequest [ TRACK_DEFAULT id=48281, [ Capabilities: INTERNET&NOT_RESTRICTED&TRUSTED&NOT_VPN] ]
05-16 22:08:23.955  1456  2099 D Ethernet: got request NetworkRequest [ TRACK_DEFAULT id=48281, [ Capabilities: INTERNET&NOT_RESTRICTED&TRUSTED&NOT_VPN] ] with score 60
05-16 22:08:23.955  1456  2054 D WIFI_UT : got request NetworkRequest [ TRACK_DEFAULT id=48281, [ Capabilities: INTERNET&NOT_RESTRICTED&TRUSTED&NOT_VPN] ] with score 60
05-16 22:08:23.956  1456  2054 D WIFI    : got request NetworkRequest [ TRACK_DEFAULT id=48281, [ Capabilities: INTERNET&NOT_RESTRICTED&TRUSTED&NOT_VPN] ] with score 60
05-16 22:08:23.956  2398  2398 D PhoneSwitcherNetworkRequstListener: got request NetworkRequest [ TRACK_DEFAULT id=48281, [ Capabilities: INTERNET&NOT_RESTRICTED&TRUSTED&NOT_VPN] ] with score 60
05-16 22:08:23.967  1456  2204 I WifiService: getDhcpInfo uid=11329
05-16 22:08:24.084 30281 30433 I chatty  : uid=11329(org.mozilla.fennec_aurora) expire 5 lines
05-16 22:08:24.114  1456  1673 I LaunchCheckinHandler: Displayed org.mozilla.fennec_aurora/org.mozilla.fenix.HomeActivity,wp,ca,571
05-16 22:08:24.114  1456  1673 I ActivityManager: Displayed org.mozilla.fennec_aurora/org.mozilla.fenix.HomeActivity: +568ms (total +1s93ms)
05-16 22:08:24.132 23133 23133 I MemoryTrimmer: Trimming objects from memory, since app is in the background.
05-16 22:08:24.144 23133 23211 I PBSessionCacheImpl: Deleted sessionId[101741599622356681] from persistence.
05-16 22:08:24.151  1456 10962 I WifiService: getWifiEnabledState uid=10073
05-16 22:08:24.167 23133 23175 W SearchServiceCore: Abort, client detached.
05-16 22:08:24.215 23133 23133 I MemoryTrimmer: Trimming objects from memory, since app is in the background.
05-16 22:08:24.449  1456 10962 I ActivityManager: Fully drawn org.mozilla.fennec_aurora/org.mozilla.fenix.HomeActivity: +907ms (total +1s432ms)
05-16 22:08:24.522 30281 30452 I chatty  : uid=11329(org.mozilla.fennec_aurora) expire 1 line
05-16 22:08:24.522 30281 30451 I chatty  : uid=11329(org.mozilla.fennec_aurora) expire 1 line
05-16 22:08:25.002 30281 30310 I chatty  : uid=11329(org.mozilla.fennec_aurora) expire 1 line
05-16 22:08:25.007  1456  2067 D ConnectivityService: releasing NetworkRequest [ TRACK_DEFAULT id=48281, [ Capabilities: INTERNET&NOT_RESTRICTED&TRUSTED&NOT_VPN] ] (release request)
05-16 22:08:25.060 30281 30463 I chatty  : uid=11329(org.mozilla.fennec_aurora) expire 1 line
05-16 22:08:25.933 30281 30343 I chatty  : uid=11329(org.mozilla.fennec_aurora) expire 26 lines
05-16 22:08:26.001 30281 30422 I chatty  : uid=11329(org.mozilla.fennec_aurora) expire 2 lines
05-16 22:08:28.670 30497 30497 D AndroidRuntime: >>>>>> START com.android.internal.os.RuntimeInit uid 2000 <<<<<<
05-16 22:08:28.683 30497 30497 W app_process: Could not reserve sentinel fault page
05-16 22:08:28.850 30497 30497 I app_process: The ClassLoaderContext is a special shared library.
05-16 22:08:28.916 30497 30497 D AndroidRuntime: Calling main entry com.android.commands.input.Input
05-16 22:08:28.925 30497 30497 I Input   : injectKeyEvent: KeyEvent { action=ACTION_DOWN, keyCode=KEYCODE_HOME, scanCode=0, metaState=0, flags=0x0, repeatCount=0, eventTime=21757376505, downTime=21757376505, deviceId=-1, source=0x101 }
05-16 22:08:28.931 30497 30497 I Input   : injectKeyEvent: KeyEvent { action=ACTION_UP, keyCode=KEYCODE_HOME, scanCode=0, metaState=0, flags=0x0, repeatCount=0, eventTime=21757376505, downTime=21757376505, deviceId=-1, source=0x101 }
05-16 22:08:28.937  1456  1941 I ActivityManager: START u0 {act=android.intent.action.MAIN cat=[android.intent.category.HOME] flg=0x10200000 cmp=com.android.launcher3/.CustomizationPanelLauncher (has extras)} from uid 1000
05-16 22:08:28.938   794   839 E ANDR-PERF-RESOURCEQS: Failed to apply optimization [4, 0]
05-16 22:08:28.944 30497 30497 D AndroidRuntime: Shutting down VM
05-16 22:08:28.952  1456  2204 I ActivityManager: moveHomeStack, setupComplete:true
05-16 22:08:28.964 23133 23171 I Adreno  : QUALCOMM build                   : bb5b86c, I77d3059488
05-16 22:08:28.964 23133 23171 I Adreno  : Build Date                       : 06/07/18
05-16 22:08:28.964 23133 23171 I Adreno  : OpenGL ES Shader Compiler Version: EV031.22.00.01_06
05-16 22:08:28.964 23133 23171 I Adreno  : Local Branch                     : 
05-16 22:08:28.964 23133 23171 I Adreno  : Remote Branch                    : refs/tags/AU_LINUX_ANDROID_LA.UM.6.5.R1.08.01.00.312.086
05-16 22:08:28.964 23133 23171 I Adreno  : Remote Branch                    : NONE
05-16 22:08:28.964 23133 23171 I Adreno  : Reconstruct Branch               : NOTHING
05-16 22:08:28.968 23133 23171 D vndksupport: Loading /vendor/lib/hw/gralloc.msm8937.so from current namespace instead of sphal namespace.
05-16 22:08:28.973 23133 23171 I Adreno  : PFP: 0x005ff087, ME: 0x005ff063
05-16 22:08:28.976 23133 23171 I zygote  : android::hardware::configstore::V1_0::ISurfaceFlingerConfigs::hasWideColorDisplay retrieved: 0
05-16 22:08:28.977 23133 23171 I OpenGLRenderer: Initialized EGL, version 1.4
05-16 22:08:28.977 23133 23171 D OpenGLRenderer: Swap behavior 2
05-16 22:08:28.978  2748  2748 D Launcher.Utilities: Wakeup weather: Intent { act=com.motorola.launcher3.action.WAKEUP_WEATHER cmp=com.motorola.timeweatherwidget/com.motorola.commandcenter.weather.WakeUpService }
05-16 22:08:28.991  1456  1456 I NotificationService: Cannot find enqueued record for key: 0|com.motorola.timeweatherwidget|1|null|10116
05-16 22:08:28.996   808   808 D SurfaceFlinger: duplicate layer name: changing com.android.launcher3/com.android.launcher3.CustomizationPanelLauncher to com.android.launcher3/com.android.launcher3.CustomizationPanelLauncher#1
05-16 22:08:29.024 23133 23164 W ThreadPoolDumper: Queue length for executor EventBus is now 11. Perhaps some tasks are too long, or the pool is too small.
05-16 22:08:29.031  1456  5027 I WifiService: getWifiEnabledState uid=10073
05-16 22:08:29.041  1456 10962 I WifiService: getWifiEnabledState uid=10073
05-16 22:08:29.105  1456  1673 I LaunchCheckinHandler: Displayed com.android.launcher3/.CustomizationPanelLauncher,wp,wa,168
05-16 22:08:29.114 23133 23133 I BgTaskExecutorImpl: Starting EXCLUSIVE background task TNG_MINUS_ONE_SYNC.
05-16 22:08:29.131 23133 23175 I MicroDetectionState: Should stop hotword detection immediately - false
05-16 22:08:29.147 23133 23175 I MicroDetectionWorker: #startMicroDetector [speakerMode: 0]
05-16 22:08:29.155 23133 23175 I TngMinusOneSync: Syncing TNG:-1
05-16 22:08:29.156 23133 23161 I MicroDataManager: isInitializing-false locale not changed-true model not changed-true
05-16 22:08:29.162 23133 23161 I MicroDataManager: Already initialized, obtaining the hotword data immediately.
05-16 22:08:29.167   788  1479 V msm8974_platform: platform_check_input_mask: enter check_input_mask source 6 mask 10
05-16 22:08:29.171  1012 30514 I AudioFlinger: AudioFlinger's thread 0xb2483fc0 tid=30514 ready to run
05-16 22:08:29.175 23133 28992 I MicroRecognitionRunner: Starting detection.
05-16 22:08:29.177 23133 28992 I InputStreamUtils: Using micInputStream
05-16 22:08:29.183   788  1479 D audio_hw_primary: in_set_parameters: enter: kvpairs=input_source=6;routing=-2147483644
05-16 22:08:29.184  1012 19499 D APM_AudioPolicyManager: AudioPolicyManager::startInput() input 347286, session 347401, source = 1999
05-16 22:08:29.187 23133 23175 I MicroDetectionWorker: onReady
05-16 22:08:29.188   788 30515 V msm8974_platform: platform_update_usecase_from_source: input source :6
05-16 22:08:29.188   788 30515 V msm8974_platform: platform_check_input_mask: enter check_input_mask source 6 mask 10
05-16 22:08:29.188   788 30515 V msm8974_platform: platform_get_input_snd_device: enter: out_device(0) in_device(0x4) channel_count (1) channel_mask (0x10)
05-16 22:08:29.188   788 30515 V msm8974_platform: platform_get_input_snd_device: exit: in_snd_device(voice-rec-mic)
05-16 22:08:29.188   788 30515 V msm8974_platform: platform_get_backend_index:napb: backend port - 5 device - 120 
05-16 22:08:29.188   788 30515 V msm8974_platform: platform_check_and_set_capture_backend_cfg:txbecf: afe: bitwidth 0, samplerate 0, channel 1, backend_idx 5 usecase = 9 device (voice-rec-mic)
05-16 22:08:29.188   788 30515 V msm8974_platform: platform_check_capture_backend_cfg:txbecf: afe: Codec selected backend: 5 current bit width: 0 and sample rate: 0, channels 1
05-16 22:08:29.188   788 30515 V msm8974_platform: platform_check_capture_backend_cfg:txbecf: afe: Codec selected backend: 5 updated bit width: 0 and sample rate: 0
05-16 22:08:29.188   788 30515 I msm8974_platform: platform_check_capture_backend_cfg:txbecf: afe: Codec backend needs to be updated. new bit width: 0 new sample rate: 0 new channel: 1
05-16 22:08:29.188   788 30515 V msm8974_platform: platform_get_backend_index:napb: backend port - 5 device - 120 
05-16 22:08:29.188   788 30515 V msm8974_platform: platform_set_backend_cfg:becf: afe: bitwidth 0, samplerate 0 channels 1, backend_idx 5 device (voice-rec-mic)
05-16 22:08:29.188 23133 23175 I HotwordLSAdapter: getAudioSourceOpeningStatus completed: 1
05-16 22:08:29.189   788 30515 E msm8974_platform: platform_set_backend_cfg:becf: afe: Could not get ctl for mixer command - SLIM_0_TX Format
05-16 22:08:29.189   788 30515 V msm8974_platform: platform_send_audio_calibration: sending audio calibration for snd_device(120) acdb_id(62)
05-16 22:08:29.189   788 30515 D ACDB-LOADER: ACDB -> send_audio_cal, acdb_id = 62, path = 1, app id = 0x11130, sample rate = 48000
05-16 22:08:29.189   788 30515 D ACDB-LOADER: ACDB -> send_asm_topology
05-16 22:08:29.189   788 30515 D ACDB-LOADER: ACDB -> ACDB_CMD_GET_AUDPROC_STREAM_TOPOLOGY_ID
05-16 22:08:29.189   788 30515 D ACDB-LOADER: ACDB -> send_adm_topology
05-16 22:08:29.189   788 30515 D ACDB-LOADER: ACDB -> ACDB_CMD_GET_AUDPROC_COMMON_TOPOLOGY_ID
05-16 22:08:29.189   788 30515 D ACDB-LOADER: ACDB -> send_audtable
05-16 22:08:29.189   788 30515 D ACDB-LOADER: ACDB -> ACDB_CMD_GET_AUDPROC_COMMON_TABLE_SIZE
05-16 22:08:29.189   788 30515 D ACDB-LOADER: ACDB -> ACDB_CMD_GET_AUDPROC_COMMON_TABLE
05-16 22:08:29.189   788 30515 D ACDB-LOADER: ACDB -> AUDIO_SET_AUDPROC_CAL
05-16 22:08:29.189   788 30515 D ACDB-LOADER: ACDB -> send_audvoltable
05-16 22:08:29.189   788 30515 D ACDB-LOADER: ACDB -> ACDB_CMD_GET_AUDPROC_VOL_STEP_TABLE_SIZE
05-16 22:08:29.189   788 30515 D ACDB-LOADER: ACDB -> ACDB_CMD_GET_AUDPROC_GAIN_DEP_STEP_TABLE, vol index 0
05-16 22:08:29.189   788 30515 D         : Failed to fetch the lookup information of the device 0000003E 
05-16 22:08:29.189   788 30515 D ACDB-LOADER: ACDB -> AUDIO_SET_VOL_CAL cal type = 12
05-16 22:08:29.189   788 30515 D ACDB-LOADER: ACDB -> ACDB_CMD_GET_AUDPROC_STREAM_TABLE_SIZE
05-16 22:08:29.189   788 30515 D ACDB-LOADER: ACDB -> send_audstrmtable
05-16 22:08:29.189   788 30515 D ACDB-LOADER: ACDB -> ACDB_CMD_GET_AUDPROC_STREAM_TABLE_V2
05-16 22:08:29.189   788 30515 D ACDB-LOADER: ACDB -> audstrm_cal->cal_type.cal_data.cal_size = 456
05-16 22:08:29.189   788 30515 D ACDB-LOADER: ACDB -> send_afe_topology
05-16 22:08:29.189   788 30515 D ACDB-LOADER: ACDB -> ACDB_CMD_GET_AFE_TOPOLOGY_ID
05-16 22:08:29.189   788 30515 D ACDB-LOADER: ACDB -> GET_AFE_TOPOLOGY_ID for adcd_id 62, Topology Id 112fb
05-16 22:08:29.189   788 30515 D ACDB-LOADER: ACDB -> send_afe_cal
05-16 22:08:29.189   788 30515 D ACDB-LOADER: ACDB -> ACDB_CMD_GET_AFE_COMMON_TABLE_SIZE
05-16 22:08:29.189   788 30515 D         : Failed to fetch the lookup information of the device 0000003E 
05-16 22:08:29.189   788 30515 E ACDB-LOADER: Error: ACDB_CMD_GET_AFE_COMMON_TABLE_SIZE Returned = -19
05-16 22:08:29.189   788 30515 D ACDB-LOADER: ACDB -> ACDB_CMD_GET_AFE_COMMON_TABLE
05-16 22:08:29.189   788 30515 D         : Failed to fetch the lookup information of the device 0000003E 
05-16 22:08:29.190   788 30515 D ACDB-LOADER: ACDB -> AUDIO_SET_AFE_CAL
05-16 22:08:29.190   788 30515 D ACDB-LOADER: ACDB -> send_hw_delay : acdb_id = 62 path = 1
05-16 22:08:29.190   788 30515 D ACDB-LOADER: ACDB -> ACDB_AVSYNC_INFO: ACDB_CMD_GET_DEVICE_PROPERTY
05-16 22:08:29.190   788 30515 D audio_hw_primary: enable_snd_device: snd_device(120: voice-rec-mic)
05-16 22:08:29.190   788 30515 D audio_route: Apply path: voice-rec-mic
05-16 22:08:29.195   788 30515 V msm8974_platform: platform_get_snd_device_backend_index: enter with device 120
05-16 22:08:29.195   788 30515 E msm8974_platform: platform_get_snd_device_backend_index: BE DAI Name Table is not present
05-16 22:08:29.195   788 30515 V msm8974_platform: platform_get_backend_index:napb: backend port - 5 device - 120 
05-16 22:08:29.195   788 30515 I audio_hw_utils: Set Audio Stream Capture 0 App Type Cfg: app_type 69936, acdb_dev_id 62, sample_rate 48000, snd_device_be_idx -14
05-16 22:08:29.195   788 30515 D audio_hw_primary: enable_audio_route: usecase(9) apply and update mixer path: audio-record
05-16 22:08:29.195   788 30515 D audio_route: Apply path: audio-record
05-16 22:08:29.245 30281 30519 I chatty  : uid=11329(org.mozilla.fennec_aurora) expire 10 lines
05-16 22:08:29.285 29188 29205 I Finsky  : [550063] kpo.run(3): Stats for Executor: BlockingExecutor krn@b19305[Running, pool size = 2, active threads = 0, queued tasks = 0, completed tasks = 12]
05-16 22:08:29.286 29188 29205 I Finsky  : [550063] kpo.run(3): Stats for Executor: LightweightExecutor krn@1454f5a[Running, pool size = 4, active threads = 0, queued tasks = 0, completed tasks = 72]
05-16 22:08:29.305  2146  2165 I zygote  : NativeAlloc concurrent copying GC freed 19639(1073KB) AllocSpace objects, 0(0B) LOS objects, 50% free, 10MB/21MB, paused 132us total 193.976ms
05-16 22:08:29.384  1456  5797 D ConnectivityService: requestNetwork for uid/pid:11329/30281 NetworkRequest [ TRACK_DEFAULT id=48282, [ Capabilities: INTERNET&NOT_RESTRICTED&TRUSTED&NOT_VPN] ]
05-16 22:08:29.386  1456  2099 D Ethernet: got request NetworkRequest [ TRACK_DEFAULT id=48282, [ Capabilities: INTERNET&NOT_RESTRICTED&TRUSTED&NOT_VPN] ] with score 60
05-16 22:08:29.386  1456  2054 D WIFI_UT : got request NetworkRequest [ TRACK_DEFAULT id=48282, [ Capabilities: INTERNET&NOT_RESTRICTED&TRUSTED&NOT_VPN] ] with score 60
05-16 22:08:29.386  1456  2054 D WIFI    : got request NetworkRequest [ TRACK_DEFAULT id=48282, [ Capabilities: INTERNET&NOT_RESTRICTED&TRUSTED&NOT_VPN] ] with score 60
05-16 22:08:29.386  2398  2398 D PhoneSwitcherNetworkRequstListener: got request NetworkRequest [ TRACK_DEFAULT id=48282, [ Capabilities: INTERNET&NOT_RESTRICTED&TRUSTED&NOT_VPN] ] with score 60
05-16 22:08:29.392 30281 30525 I chatty  : uid=11329(org.mozilla.fennec_aurora) expire 5 lines
05-16 22:08:29.444  1456  1466 I zygote  : Background concurrent copying GC freed 63102(4MB) AllocSpace objects, 30(1112KB) LOS objects, 34% free, 44MB/68MB, paused 356us total 447.719ms
05-16 22:08:29.511  1456  7796 I OpenGLRenderer: Initialized EGL, version 1.4
05-16 22:08:29.512  1456  7796 D OpenGLRenderer: Swap behavior 2
05-16 22:08:29.529   808   808 I SFPerfTracer:      triggers: (rate: 88:2050842) (compose: 0:7) (post: 0:19) (render: 0:17) (12:11230801 frames) (13:14311309)
05-16 22:08:29.530   808   808 D SFPerfTracer:        layers: (4:13) (NavigationBar#0 (0xb07df000): 0:1107415) (StatusBar#0 (0xb07e3000): 0:2627173) (com.android.systemui.ImageWallpaper#0 (0xb07e7000): 0:103514) (Sprite#0 (0xb0733000): 0:317)* (DimLayerController/Stack=0#0 (0xb075a000): 0:3866)* (Sprite#1 (0xb077c000): 0:195)* (com.android.launcher3/com.android.launcher3.CustomizationPanelLauncher#0 (0xb0763000): 0:41)- (com.android.launcher3/com.android.launcher3.CustomizationPanelLauncher#1 (0xb0771000): 0:10)- (Splash Screen org.mozilla.fennec_aurora#0 (0xb039b000): 0:19)- (Splash Screen org.mozilla.fennec_aurora#1 (0xafd20000): 0:32)- (org.mozilla.fennec_aurora/org.mozilla.fenix.HomeActivity#0 (0xb039b000): 12:70)* (com.android.launcher3/com.android.launcher3.CustomizationPanelLauncher#0 (0xb0763000): 13:27)* (com.android.launcher3/com.android.launcher3.CustomizationPanelLauncher#1 (0xb0771000): 1:5) 
05-16 22:08:29.546  2748  2917 W OpenGLRenderer: Incorrectly called buildLayer on View: ShortcutAndWidgetContainer, destroying layer...
05-16 22:08:29.572  1456  2067 D ConnectivityService: releasing NetworkRequest [ TRACK_DEFAULT id=48282, [ Capabilities: INTERNET&NOT_RESTRICTED&TRUSTED&NOT_VPN] ] (release request)
05-16 22:08:29.647 30281 30341 I chatty  : uid=11329(org.mozilla.fennec_aurora) expire 1 line
05-16 22:08:29.651 29188 29205 I Finsky  : [550063] kpo.run(3): Stats for Executor: bgExecutor krn@24c658b[Running, pool size = 4, active threads = 0, queued tasks = 0, completed tasks = 56]
05-16 22:08:29.698  1456  5797 D ConnectivityService: requestNetwork for uid/pid:11329/30281 NetworkRequest [ TRACK_DEFAULT id=48283, [ Capabilities: INTERNET&NOT_RESTRICTED&TRUSTED&NOT_VPN] ]
05-16 22:08:29.700  1456  2099 D Ethernet: got request NetworkRequest [ TRACK_DEFAULT id=48283, [ Capabilities: INTERNET&NOT_RESTRICTED&TRUSTED&NOT_VPN] ] with score 60
05-16 22:08:29.700  1456  2054 D WIFI_UT : got request NetworkRequest [ TRACK_DEFAULT id=48283, [ Capabilities: INTERNET&NOT_RESTRICTED&TRUSTED&NOT_VPN] ] with score 60
05-16 22:08:29.700  1456  2054 D WIFI    : got request NetworkRequest [ TRACK_DEFAULT id=48283, [ Capabilities: INTERNET&NOT_RESTRICTED&TRUSTED&NOT_VPN] ] with score 60
05-16 22:08:29.702  2398  2398 D PhoneSwitcherNetworkRequstListener: got request NetworkRequest [ TRACK_DEFAULT id=48283, [ Capabilities: INTERNET&NOT_RESTRICTED&TRUSTED&NOT_VPN] ] with score 60
05-16 22:08:29.719 30281 30526 I chatty  : uid=11329(org.mozilla.fennec_aurora) expire 9 lines
05-16 22:08:29.791   808   898 I SFPerfTracer:      triggers: (rate: 0:1) (0 sw vsyncs) (0 skipped) (44:7139701 vsyncs) (46:14434464)
05-16 22:08:30.194 30281 30423 I chatty  : uid=11329(org.mozilla.fennec_aurora) expire 1 line
05-16 22:08:30.198  1456  2067 D ConnectivityService: releasing NetworkRequest [ TRACK_DEFAULT id=48283, [ Capabilities: INTERNET&NOT_RESTRICTED&TRUSTED&NOT_VPN] ] (release request)
05-16 22:08:34.099  1456  5797 I ActivityManager: Force stopping org.mozilla.fennec_aurora appid=11329 user=0: from pid 30532
05-16 22:08:34.100  1456  5797 I ActivityManager: Killing 30281:org.mozilla.fennec_aurora/u0a1329 (adj 700): stop org.mozilla.fennec_aurora
05-16 22:08:34.102  1456  1605 W zygote  : kill(-30281, 9) failed: No such process
05-16 22:08:34.103  1456  5797 W ActivityManager: Force removing ActivityRecord{e5eed3d u0 org.mozilla.fennec_aurora/org.mozilla.fenix.HomeActivity t72214}: app died, no saved state
05-16 22:08:34.114  1456  5797 I ActivityManager: Killing 30387:org.mozilla.fennec_aurora:tab0/u0a1329 (adj 0): stop org.mozilla.fennec_aurora
05-16 22:08:34.118  1456  1605 W zygote  : kill(-30281, 9) failed: No such process
05-16 22:08:34.126  2398  2398 D CarrierSvcBindHelper: No carrier app for: 0
05-16 22:08:34.127  2398  2398 D CarrierSvcBindHelper: No carrier app for: 1
05-16 22:08:34.131  1456  1605 W zygote  : kill(-30281, 9) failed: No such process
05-16 22:08:34.188  1456  1673 W ActivityManager: setHasOverlayUi called on unknown pid: 30281
05-16 22:08:34.188  1456  1605 I chatty  : uid=1000(system) ActivityManager identical 4 lines
05-16 22:08:34.204  1456  1605 W zygote  : kill(-30281, 9) failed: No such process
05-16 22:08:34.204  1456  1605 I zygote  : Successfully killed process cgroup uid 11329 pid 30281 in 101ms
05-16 22:08:34.204  1456  1605 W zygote  : kill(-30387, 9) failed: No such process
05-16 22:08:34.204  1456  1605 I zygote  : Successfully killed process cgroup uid 11329 pid 30387 in 0ms
05-16 22:08:34.223  1456  2236 I ActivityManager: START u0 {act=android.intent.action.MAIN cat=[android.intent.category.LAUNCHER] flg=0x10000000 cmp=org.mozilla.fennec_aurora/.App} from uid 2000
05-16 22:08:34.223   794   839 E ANDR-PERF-RESOURCEQS: Failed to apply optimization [4, 0]
05-16 22:08:34.243  1456  6339 I ActivityManager: Start proc 30539:org.mozilla.fennec_aurora/u0a1329 for activity org.mozilla.fennec_aurora/.App
05-16 22:08:34.338 23133 23175 I MicroDetectionState: Should stop hotword detection immediately - false
05-16 22:08:34.341 23133 23175 I MicroDetector: Keeping mic open: false
05-16 22:08:34.341 23133 23223 E DeviceStateChecker: DeviceStateChecker cancelled
05-16 22:08:34.341 23133 23175 I MicroDetector: #shutdownAudioWithAudioLibrary
05-16 22:08:34.341 23133 23170 I MicroRecognitionRunner: Stopping hotword detection.
05-16 22:08:34.342 23133 28992 W b       : #read failed: read EOF from AudioAccessor.
05-16 22:08:34.344 23133 28992 I MicroRecognitionRunner: Detection finished
05-16 22:08:34.392   788  1479 D audio_hw_primary: disable_audio_route: usecase(9) reset and update mixer path: audio-record
05-16 22:08:34.394   788  1479 D audio_hw_primary: disable_snd_device: snd_device(120: voice-rec-mic)
05-16 22:08:34.395  1012 11919 D APM_AudioPolicyManager: stopInput() input 347286, session 347401
05-16 22:08:34.396   788  1479 D audio_hw_primary: in_set_parameters: enter: kvpairs=routing=0
05-16 22:08:34.399 23133 23175 I HotwordLSAdapter: stopListeningStatus result: 1
05-16 22:08:34.420 30539 30539 I chatty  : uid=11329(org.mozilla.fennec_aurora) expire 34 lines
05-16 22:08:34.497 30539 30563 I chatty  : uid=11329(org.mozilla.fennec_aurora) expire 4 lines
05-16 22:08:34.518 30539 30574 I chatty  : uid=11329(org.mozilla.fennec_aurora) expire 13 lines
05-16 22:08:34.539 30539 30573 I chatty  : uid=11329(org.mozilla.fennec_aurora) expire 14 lines
05-16 22:08:34.542 30539 30578 I chatty  : uid=11329(org.mozilla.fennec_aurora) expire 16 lines
05-16 22:08:34.612 30539 30593 I chatty  : uid=11329(org.mozilla.fennec_aurora) expire 6 lines
05-16 22:08:34.675  1456  5907 I ActivityManager: START u0 {act=android.intent.action.MAIN cat=[android.intent.category.LAUNCHER] flg=0x10000000 cmp=org.mozilla.fennec_aurora/org.mozilla.fenix.HomeActivity (has extras)} from uid 11329
05-16 22:08:34.696 30539 30609 I chatty  : uid=11329(org.mozilla.fennec_aurora) expire 2 lines
05-16 22:08:34.707   808   808 D SurfaceFlinger: duplicate layer name: changing Splash Screen org.mozilla.fennec_aurora to Splash Screen org.mozilla.fennec_aurora#1
05-16 22:08:34.765 30539 30546 I chatty  : uid=11329(org.mozilla.fennec_aurora) expire 6 lines
05-16 22:08:34.793  1456  6339 I ActivityManager: Start proc 30638:org.mozilla.fennec_aurora:tab0/u0a1329 for service org.mozilla.fennec_aurora/org.mozilla.gecko.process.GeckoChildProcessServices$tab0
05-16 22:08:34.796 30539 30626 I chatty  : uid=11329(org.mozilla.fennec_aurora) expire 1 line
05-16 22:08:34.953 30638 30638 I chatty  : uid=11329(org.mozilla.fennec_aurora) expire 1 line
05-16 22:08:34.954 30638 30669 I chatty  : uid=11329(org.mozilla.fennec_aurora) expire 1 line
05-16 22:08:35.146 30539 30680 I chatty  : uid=11329(org.mozilla.fennec_aurora) expire 9 lines
05-16 22:08:35.154  1456  6339 D ConnectivityService: requestNetwork for uid/pid:11329/30539 NetworkRequest [ TRACK_DEFAULT id=48284, [ Capabilities: INTERNET&NOT_RESTRICTED&TRUSTED&NOT_VPN] ]
05-16 22:08:35.156  1456  2099 D Ethernet: got request NetworkRequest [ TRACK_DEFAULT id=48284, [ Capabilities: INTERNET&NOT_RESTRICTED&TRUSTED&NOT_VPN] ] with score 60
05-16 22:08:35.156  1456  2054 D WIFI_UT : got request NetworkRequest [ TRACK_DEFAULT id=48284, [ Capabilities: INTERNET&NOT_RESTRICTED&TRUSTED&NOT_VPN] ] with score 60
05-16 22:08:35.156  1456  2054 D WIFI    : got request NetworkRequest [ TRACK_DEFAULT id=48284, [ Capabilities: INTERNET&NOT_RESTRICTED&TRUSTED&NOT_VPN] ] with score 60
05-16 22:08:35.156  2398  2398 D PhoneSwitcherNetworkRequstListener: got request NetworkRequest [ TRACK_DEFAULT id=48284, [ Capabilities: INTERNET&NOT_RESTRICTED&TRUSTED&NOT_VPN] ] with score 60
05-16 22:08:35.192  1456  6339 I WifiService: getDhcpInfo uid=11329
05-16 22:08:35.310 30539 30685 I chatty  : uid=11329(org.mozilla.fennec_aurora) expire 5 lines
05-16 22:08:35.354  1456  1673 I LaunchCheckinHandler: Displayed org.mozilla.fennec_aurora/org.mozilla.fenix.HomeActivity,wp,ca,594
05-16 22:08:35.355  1456  1673 I ActivityManager: Displayed org.mozilla.fennec_aurora/org.mozilla.fenix.HomeActivity: +588ms (total +1s117ms)
05-16 22:08:35.392 30539 30578 I chatty  : uid=11329(org.mozilla.fennec_aurora) expire 3 lines
05-16 22:08:35.404 23133 23133 I MemoryTrimmer: Trimming objects from memory, since app is in the background.
05-16 22:08:35.422 23133 23157 I PBSessionCacheImpl: Deleted sessionId[101741599622356688] from persistence.
05-16 22:08:35.423  1456  2236 I WifiService: getWifiEnabledState uid=10073
05-16 22:08:35.447 23133 23175 W SearchServiceCore: Abort, client detached.
05-16 22:08:35.447 23133 23175 I chatty  : uid=10073(com.google.android.googlequicksearchbox) EventBus0 identical 1 line
05-16 22:08:35.451 23133 23175 W SearchServiceCore: Abort, client detached.
05-16 22:08:35.478 30539 30539 I chatty  : uid=11329(org.mozilla.fennec_aurora) expire 20 lines
05-16 22:08:35.695 30539 30546 I chatty  : uid=11329(org.mozilla.fennec_aurora) expire 2 lines
05-16 22:08:35.710  1456  2236 I ActivityManager: Fully drawn org.mozilla.fennec_aurora/org.mozilla.fenix.HomeActivity: +950ms (total +1s479ms)
05-16 22:08:35.774 30539 30713 I chatty  : uid=11329(org.mozilla.fennec_aurora) expire 1 line
05-16 22:08:35.774 30539 30714 I chatty  : uid=11329(org.mozilla.fennec_aurora) expire 1 line
05-16 22:08:36.244   808   808 I SFPerfTracer:      triggers: (rate: 88:2050843) (compose: 0:7) (post: 0:19) (render: 0:17) (17:11230884 frames) (18:14311416)
05-16 22:08:36.245   808   808 D SFPerfTracer:        layers: (3:11) (NavigationBar#0 (0xb07df000): 0:1107425) (StatusBar#0 (0xb07e3000): 0:2627184) (com.android.systemui.ImageWallpaper#0 (0xb07e7000): 0:103515)* (Sprite#0 (0xb0733000): 0:317)* (DimLayerController/Stack=0#0 (0xb075a000): 0:3866)* (Sprite#1 (0xb077c000): 0:195)* (com.android.launcher3/com.android.launcher3.CustomizationPanelLauncher#0 (0xb0763000): 0:41)- (com.android.launcher3/com.android.launcher3.CustomizationPanelLauncher#1 (0xb0771000): 0:9)- (Splash Screen org.mozilla.fennec_aurora#0 (0xb039b000): 0:19)- (Splash Screen org.mozilla.fennec_aurora#1 (0xafd20000): 0:31)- (org.mozilla.fennec_aurora/org.mozilla.fenix.HomeActivity#0 (0xb039b000): 18:43) 
05-16 22:08:36.257 30539 30566 I chatty  : uid=11329(org.mozilla.fennec_aurora) expire 2 lines
05-16 22:08:36.264  1456  2067 D ConnectivityService: releasing NetworkRequest [ TRACK_DEFAULT id=48284, [ Capabilities: INTERNET&NOT_RESTRICTED&TRUSTED&NOT_VPN] ] (release request)
05-16 22:08:36.316 30539 30726 I chatty  : uid=11329(org.mozilla.fennec_aurora) expire 1 line
05-16 22:08:36.397 30539 30576 I chatty  : uid=11329(org.mozilla.fennec_aurora) expire 26 lines
05-16 22:08:36.469 30539 30568 I chatty  : uid=11329(org.mozilla.fennec_aurora) expire 1 line
05-16 22:08:39.875 30755 30755 D AndroidRuntime: >>>>>> START com.android.internal.os.RuntimeInit uid 2000 <<<<<<
05-16 22:08:39.888 30755 30755 W app_process: Could not reserve sentinel fault page
05-16 22:08:40.053 30755 30755 I app_process: The ClassLoaderContext is a special shared library.
05-16 22:08:40.119 30755 30755 D AndroidRuntime: Calling main entry com.android.commands.input.Input
05-16 22:08:40.123 30755 30755 I Input   : injectKeyEvent: KeyEvent { action=ACTION_DOWN, keyCode=KEYCODE_HOME, scanCode=0, metaState=0, flags=0x0, repeatCount=0, eventTime=21757387706, downTime=21757387706, deviceId=-1, source=0x101 }
05-16 22:08:40.135 30755 30755 I Input   : injectKeyEvent: KeyEvent { action=ACTION_UP, keyCode=KEYCODE_HOME, scanCode=0, metaState=0, flags=0x0, repeatCount=0, eventTime=21757387706, downTime=21757387706, deviceId=-1, source=0x101 }
05-16 22:08:40.141  1456  1941 I ActivityManager: START u0 {act=android.intent.action.MAIN cat=[android.intent.category.HOME] flg=0x10200000 cmp=com.android.launcher3/.CustomizationPanelLauncher (has extras)} from uid 1000
05-16 22:08:40.142   794   839 E ANDR-PERF-RESOURCEQS: Failed to apply optimization [4, 0]
05-16 22:08:40.148 30755 30755 D AndroidRuntime: Shutting down VM
05-16 22:08:40.156  1456  2915 I ActivityManager: moveHomeStack, setupComplete:true
05-16 22:08:40.162 23133 23171 I Adreno  : QUALCOMM build                   : bb5b86c, I77d3059488
05-16 22:08:40.162 23133 23171 I Adreno  : Build Date                       : 06/07/18
05-16 22:08:40.162 23133 23171 I Adreno  : OpenGL ES Shader Compiler Version: EV031.22.00.01_06
05-16 22:08:40.162 23133 23171 I Adreno  : Local Branch                     : 
05-16 22:08:40.162 23133 23171 I Adreno  : Remote Branch                    : refs/tags/AU_LINUX_ANDROID_LA.UM.6.5.R1.08.01.00.312.086
05-16 22:08:40.162 23133 23171 I Adreno  : Remote Branch                    : NONE
05-16 22:08:40.162 23133 23171 I Adreno  : Reconstruct Branch               : NOTHING
05-16 22:08:40.166 23133 23171 D vndksupport: Loading /vendor/lib/hw/gralloc.msm8937.so from current namespace instead of sphal namespace.
05-16 22:08:40.172 23133 23171 I Adreno  : PFP: 0x005ff087, ME: 0x005ff063
05-16 22:08:40.177 23133 23171 I zygote  : android::hardware::configstore::V1_0::ISurfaceFlingerConfigs::hasWideColorDisplay retrieved: 0
05-16 22:08:40.178 23133 23171 I OpenGLRenderer: Initialized EGL, version 1.4
05-16 22:08:40.178 23133 23171 D OpenGLRenderer: Swap behavior 2
05-16 22:08:40.179  2748  2748 D Launcher.Utilities: Wakeup weather: Intent { act=com.motorola.launcher3.action.WAKEUP_WEATHER cmp=com.motorola.timeweatherwidget/com.motorola.commandcenter.weather.WakeUpService }
05-16 22:08:40.193  1456  1456 I NotificationService: Cannot find enqueued record for key: 0|com.motorola.timeweatherwidget|1|null|10116
05-16 22:08:40.195   808   808 D SurfaceFlinger: duplicate layer name: changing com.android.launcher3/com.android.launcher3.CustomizationPanelLauncher to com.android.launcher3/com.android.launcher3.CustomizationPanelLauncher#1
05-16 22:08:40.227 23133 23166 W ThreadPoolDumper: Queue length for executor EventBus is now 11. Perhaps some tasks are too long, or the pool is too small.
05-16 22:08:40.228  1456  5907 I WifiService: getWifiEnabledState uid=10073
05-16 22:08:40.238  1456  5907 I WifiService: getWifiEnabledState uid=10073
05-16 22:08:40.279  1456  1673 I LaunchCheckinHandler: Displayed com.android.launcher3/.CustomizationPanelLauncher,wp,wa,137
05-16 22:08:40.291 23133 23133 I BgTaskExecutorImpl: Starting EXCLUSIVE background task TNG_MINUS_ONE_SYNC.
05-16 22:08:40.309 23133 23175 I MicroDetectionState: Should stop hotword detection immediately - false
05-16 22:08:40.325 23133 23175 I MicroDetectionWorker: #startMicroDetector [speakerMode: 0]
05-16 22:08:40.331   788  1479 V msm8974_platform: platform_check_input_mask: enter check_input_mask source 6 mask 10
05-16 22:08:40.333 23133 23175 I TngMinusOneSync: Syncing TNG:-1
05-16 22:08:40.333  1012 30769 I AudioFlinger: AudioFlinger's thread 0xb24837c0 tid=30769 ready to run
05-16 22:08:40.333 23133 23170 I MicroDataManager: isInitializing-false locale not changed-true model not changed-true
05-16 22:08:40.334 23133 23170 I MicroDataManager: Already initialized, obtaining the hotword data immediately.
05-16 22:08:40.346   788  1479 D audio_hw_primary: in_set_parameters: enter: kvpairs=input_source=6;routing=-2147483644
05-16 22:08:40.348  1012 19499 D APM_AudioPolicyManager: AudioPolicyManager::startInput() input 347294, session 347409, source = 1999
05-16 22:08:40.350   788 30770 V msm8974_platform: platform_update_usecase_from_source: input source :6
05-16 22:08:40.350   788 30770 V msm8974_platform: platform_check_input_mask: enter check_input_mask source 6 mask 10
05-16 22:08:40.350   788 30770 V msm8974_platform: platform_get_input_snd_device: enter: out_device(0) in_device(0x4) channel_count (1) channel_mask (0x10)
05-16 22:08:40.350   788 30770 V msm8974_platform: platform_get_input_snd_device: exit: in_snd_device(voice-rec-mic)
05-16 22:08:40.350   788 30770 V msm8974_platform: platform_get_backend_index:napb: backend port - 5 device - 120 
05-16 22:08:40.350   788 30770 V msm8974_platform: platform_check_and_set_capture_backend_cfg:txbecf: afe: bitwidth 0, samplerate 0, channel 1, backend_idx 5 usecase = 9 device (voice-rec-mic)
05-16 22:08:40.350   788 30770 V msm8974_platform: platform_check_capture_backend_cfg:txbecf: afe: Codec selected backend: 5 current bit width: 0 and sample rate: 0, channels 1
05-16 22:08:40.350   788 30770 V msm8974_platform: platform_check_capture_backend_cfg:txbecf: afe: Codec selected backend: 5 updated bit width: 0 and sample rate: 0
05-16 22:08:40.350   788 30770 I msm8974_platform: platform_check_capture_backend_cfg:txbecf: afe: Codec backend needs to be updated. new bit width: 0 new sample rate: 0 new channel: 1
05-16 22:08:40.350   788 30770 V msm8974_platform: platform_get_backend_index:napb: backend port - 5 device - 120 
05-16 22:08:40.350   788 30770 V msm8974_platform: platform_set_backend_cfg:becf: afe: bitwidth 0, samplerate 0 channels 1, backend_idx 5 device (voice-rec-mic)
05-16 22:08:40.350 23133 23175 I MicroDetectionWorker: onReady
05-16 22:08:40.350   788 30770 E msm8974_platform: platform_set_backend_cfg:becf: afe: Could not get ctl for mixer command - SLIM_0_TX Format
05-16 22:08:40.351   788 30770 V msm8974_platform: platform_send_audio_calibration: sending audio calibration for snd_device(120) acdb_id(62)
05-16 22:08:40.351   788 30770 D ACDB-LOADER: ACDB -> send_audio_cal, acdb_id = 62, path = 1, app id = 0x11130, sample rate = 48000
05-16 22:08:40.351   788 30770 D ACDB-LOADER: ACDB -> send_asm_topology
05-16 22:08:40.351   788 30770 D ACDB-LOADER: ACDB -> ACDB_CMD_GET_AUDPROC_STREAM_TOPOLOGY_ID
05-16 22:08:40.351   788 30770 D ACDB-LOADER: ACDB -> send_adm_topology
05-16 22:08:40.351   788 30770 D ACDB-LOADER: ACDB -> ACDB_CMD_GET_AUDPROC_COMMON_TOPOLOGY_ID
05-16 22:08:40.351   788 30770 D ACDB-LOADER: ACDB -> send_audtable
05-16 22:08:40.351   788 30770 D ACDB-LOADER: ACDB -> ACDB_CMD_GET_AUDPROC_COMMON_TABLE_SIZE
05-16 22:08:40.351   788 30770 D ACDB-LOADER: ACDB -> ACDB_CMD_GET_AUDPROC_COMMON_TABLE
05-16 22:08:40.351   788 30770 D ACDB-LOADER: ACDB -> AUDIO_SET_AUDPROC_CAL
05-16 22:08:40.351   788 30770 D ACDB-LOADER: ACDB -> send_audvoltable
05-16 22:08:40.351   788 30770 D ACDB-LOADER: ACDB -> ACDB_CMD_GET_AUDPROC_VOL_STEP_TABLE_SIZE
05-16 22:08:40.352   788 30770 D ACDB-LOADER: ACDB -> ACDB_CMD_GET_AUDPROC_GAIN_DEP_STEP_TABLE, vol index 0
05-16 22:08:40.352   788 30770 D         : Failed to fetch the lookup information of the device 0000003E 
05-16 22:08:40.352   788 30770 D ACDB-LOADER: ACDB -> AUDIO_SET_VOL_CAL cal type = 12
05-16 22:08:40.352   788 30770 D ACDB-LOADER: ACDB -> ACDB_CMD_GET_AUDPROC_STREAM_TABLE_SIZE
05-16 22:08:40.352   788 30770 D ACDB-LOADER: ACDB -> send_audstrmtable
05-16 22:08:40.352   788 30770 D ACDB-LOADER: ACDB -> ACDB_CMD_GET_AUDPROC_STREAM_TABLE_V2
05-16 22:08:40.352   788 30770 D ACDB-LOADER: ACDB -> audstrm_cal->cal_type.cal_data.cal_size = 456
05-16 22:08:40.352   788 30770 D ACDB-LOADER: ACDB -> send_afe_topology
05-16 22:08:40.352   788 30770 D ACDB-LOADER: ACDB -> ACDB_CMD_GET_AFE_TOPOLOGY_ID
05-16 22:08:40.352   788 30770 D ACDB-LOADER: ACDB -> GET_AFE_TOPOLOGY_ID for adcd_id 62, Topology Id 112fb
05-16 22:08:40.352   788 30770 D ACDB-LOADER: ACDB -> send_afe_cal
05-16 22:08:40.352   788 30770 D ACDB-LOADER: ACDB -> ACDB_CMD_GET_AFE_COMMON_TABLE_SIZE
05-16 22:08:40.352   788 30770 D         : Failed to fetch the lookup information of the device 0000003E 
05-16 22:08:40.352   788 30770 E ACDB-LOADER: Error: ACDB_CMD_GET_AFE_COMMON_TABLE_SIZE Returned = -19
05-16 22:08:40.352   788 30770 D ACDB-LOADER: ACDB -> ACDB_CMD_GET_AFE_COMMON_TABLE
05-16 22:08:40.352   788 30770 D         : Failed to fetch the lookup information of the device 0000003E 
05-16 22:08:40.352   788 30770 D ACDB-LOADER: ACDB -> AUDIO_SET_AFE_CAL
05-16 22:08:40.352   788 30770 D ACDB-LOADER: ACDB -> send_hw_delay : acdb_id = 62 path = 1
05-16 22:08:40.352   788 30770 D ACDB-LOADER: ACDB -> ACDB_AVSYNC_INFO: ACDB_CMD_GET_DEVICE_PROPERTY
05-16 22:08:40.352   788 30770 D audio_hw_primary: enable_snd_device: snd_device(120: voice-rec-mic)
05-16 22:08:40.352   788 30770 D audio_route: Apply path: voice-rec-mic
05-16 22:08:40.353 23133 23175 I HotwordLSAdapter: getAudioSourceOpeningStatus completed: 1
05-16 22:08:40.355 23133 27749 I MicroRecognitionRunner: Starting detection.
05-16 22:08:40.356 23133 27749 I InputStreamUtils: Using micInputStream
05-16 22:08:40.358   788 30770 V msm8974_platform: platform_get_snd_device_backend_index: enter with device 120
05-16 22:08:40.359   788 30770 E msm8974_platform: platform_get_snd_device_backend_index: BE DAI Name Table is not present
05-16 22:08:40.359   788 30770 V msm8974_platform: platform_get_backend_index:napb: backend port - 5 device - 120 
05-16 22:08:40.359   788 30770 I audio_hw_utils: Set Audio Stream Capture 0 App Type Cfg: app_type 69936, acdb_dev_id 62, sample_rate 48000, snd_device_be_idx -14
05-16 22:08:40.359   788 30770 D audio_hw_primary: enable_audio_route: usecase(9) apply and update mixer path: audio-record
05-16 22:08:40.359   788 30770 D audio_route: Apply path: audio-record
05-16 22:08:40.404 30539 30774 I chatty  : uid=11329(org.mozilla.fennec_aurora) expire 10 lines
05-16 22:08:40.460 23133 23143 I zygote  : Background concurrent copying GC freed 162698(8MB) AllocSpace objects, 8(1264KB) LOS objects, 49% free, 8MB/16MB, paused 361us total 132.204ms
05-16 22:08:40.518 30539 30573 I chatty  : uid=11329(org.mozilla.fennec_aurora) expire 9 lines
05-16 22:08:40.557  1456  2236 D ConnectivityService: requestNetwork for uid/pid:11329/30539 NetworkRequest [ TRACK_DEFAULT id=48285, [ Capabilities: INTERNET&NOT_RESTRICTED&TRUSTED&NOT_VPN] ]
05-16 22:08:40.559  1456  2099 D Ethernet: got request NetworkRequest [ TRACK_DEFAULT id=48285, [ Capabilities: INTERNET&NOT_RESTRICTED&TRUSTED&NOT_VPN] ] with score 60
05-16 22:08:40.559  2398  2398 D PhoneSwitcherNetworkRequstListener: got request NetworkRequest [ TRACK_DEFAULT id=48285, [ Capabilities: INTERNET&NOT_RESTRICTED&TRUSTED&NOT_VPN] ] with score 60
05-16 22:08:40.559  1456  2054 D WIFI_UT : got request NetworkRequest [ TRACK_DEFAULT id=48285, [ Capabilities: INTERNET&NOT_RESTRICTED&TRUSTED&NOT_VPN] ] with score 60
05-16 22:08:40.560  1456  2054 D WIFI    : got request NetworkRequest [ TRACK_DEFAULT id=48285, [ Capabilities: INTERNET&NOT_RESTRICTED&TRUSTED&NOT_VPN] ] with score 60
05-16 22:08:40.568 30539 30781 I chatty  : uid=11329(org.mozilla.fennec_aurora) expire 5 lines
05-16 22:08:40.689  1456  7796 I OpenGLRenderer: Initialized EGL, version 1.4
05-16 22:08:40.689  1456  7796 D OpenGLRenderer: Swap behavior 2
05-16 22:08:40.737  2748  2917 W OpenGLRenderer: Incorrectly called buildLayer on View: ShortcutAndWidgetContainer, destroying layer...
05-16 22:08:40.746  1456  2067 D ConnectivityService: releasing NetworkRequest [ TRACK_DEFAULT id=48285, [ Capabilities: INTERNET&NOT_RESTRICTED&TRUSTED&NOT_VPN] ] (release request)
05-16 22:08:40.851 30539 30598 I chatty  : uid=11329(org.mozilla.fennec_aurora) expire 1 line
05-16 22:08:40.917  1456  6339 D ConnectivityService: requestNetwork for uid/pid:11329/30539 NetworkRequest [ TRACK_DEFAULT id=48286, [ Capabilities: INTERNET&NOT_RESTRICTED&TRUSTED&NOT_VPN] ]
05-16 22:08:40.918  1456  2099 D Ethernet: got request NetworkRequest [ TRACK_DEFAULT id=48286, [ Capabilities: INTERNET&NOT_RESTRICTED&TRUSTED&NOT_VPN] ] with score 60
05-16 22:08:40.919  1456  2054 D WIFI_UT : got request NetworkRequest [ TRACK_DEFAULT id=48286, [ Capabilities: INTERNET&NOT_RESTRICTED&TRUSTED&NOT_VPN] ] with score 60
05-16 22:08:40.919  1456  2054 D WIFI    : got request NetworkRequest [ TRACK_DEFAULT id=48286, [ Capabilities: INTERNET&NOT_RESTRICTED&TRUSTED&NOT_VPN] ] with score 60
05-16 22:08:40.919  2398  2398 D PhoneSwitcherNetworkRequstListener: got request NetworkRequest [ TRACK_DEFAULT id=48286, [ Capabilities: INTERNET&NOT_RESTRICTED&TRUSTED&NOT_VPN] ] with score 60
05-16 22:08:40.938 30539 30782 I chatty  : uid=11329(org.mozilla.fennec_aurora) expire 9 lines
05-16 22:08:40.969   808   898 I SFPerfTracer:      triggers: (rate: 0:1) (0 sw vsyncs) (0 skipped) (43:7139820 vsyncs) (45:14434608)
05-16 22:08:41.087  1456  1466 I zygote  : NativeAlloc concurrent copying GC freed 42643(3MB) AllocSpace objects, 16(576KB) LOS objects, 35% free, 44MB/68MB, paused 253us total 398.207ms
05-16 22:08:41.446 30539 30564 I chatty  : uid=11329(org.mozilla.fennec_aurora) expire 1 line
05-16 22:08:41.448  1456  2067 D ConnectivityService: releasing NetworkRequest [ TRACK_DEFAULT id=48286, [ Capabilities: INTERNET&NOT_RESTRICTED&TRUSTED&NOT_VPN] ] (release request)
05-16 22:08:45.313  1456  6339 I ActivityManager: Force stopping org.mozilla.fennec_aurora appid=11329 user=0: from pid 30790
05-16 22:08:45.313  1456  6339 I ActivityManager: Killing 30539:org.mozilla.fennec_aurora/u0a1329 (adj 700): stop org.mozilla.fennec_aurora
05-16 22:08:45.316  1456  1605 W zygote  : kill(-30539, 9) failed: No such process
05-16 22:08:45.317 30638 30638 I chatty  : uid=11329(org.mozilla.fennec_aurora) expire 1 line
05-16 22:08:45.317  1456  6339 W ActivityManager: Force removing ActivityRecord{5fcfa4d u0 org.mozilla.fennec_aurora/org.mozilla.fenix.HomeActivity t72216}: app died, no saved state
05-16 22:08:45.325  1456  6339 I ActivityManager: Killing 30638:org.mozilla.fennec_aurora:tab0/u0a1329 (adj 0): stop org.mozilla.fennec_aurora
05-16 22:08:45.328  1456  1605 W zygote  : kill(-30539, 9) failed: No such process
05-16 22:08:45.339  2398  2398 D CarrierSvcBindHelper: No carrier app for: 0
05-16 22:08:45.339  2398  2398 D CarrierSvcBindHelper: No carrier app for: 1
05-16 22:08:45.343  1456  1605 W zygote  : kill(-30539, 9) failed: No such process
05-16 22:08:45.387  1456  1605 I chatty  : uid=1000(system) ActivityManager identical 3 lines
05-16 22:08:45.398  1456  1673 W ActivityManager: setHasOverlayUi called on unknown pid: 30539
05-16 22:08:45.402  1456  1605 W zygote  : kill(-30539, 9) failed: No such process
05-16 22:08:45.403  1456  1605 I zygote  : Successfully killed process cgroup uid 11329 pid 30539 in 86ms
05-16 22:08:45.403  1456  1605 W zygote  : kill(-30638, 9) failed: No such process
05-16 22:08:45.403  1456  1605 I zygote  : Successfully killed process cgroup uid 11329 pid 30638 in 0ms
05-16 22:08:45.431  1456  4250 I ActivityManager: START u0 {act=android.intent.action.MAIN cat=[android.intent.category.LAUNCHER] flg=0x10000000 cmp=org.mozilla.fennec_aurora/.App} from uid 2000
05-16 22:08:45.432   794   839 E ANDR-PERF-RESOURCEQS: Failed to apply optimization [4, 0]
05-16 22:08:45.455  1456  4829 I ActivityManager: Start proc 30797:org.mozilla.fennec_aurora/u0a1329 for activity org.mozilla.fennec_aurora/.App
05-16 22:08:45.547 23133 23175 I MicroDetectionState: Should stop hotword detection immediately - false
05-16 22:08:45.548 23133 23175 I MicroDetector: Keeping mic open: false
05-16 22:08:45.548 23133 28992 E DeviceStateChecker: DeviceStateChecker cancelled
05-16 22:08:45.548 23133 23175 I MicroDetector: #shutdownAudioWithAudioLibrary
05-16 22:08:45.549 23133 23170 I MicroRecognitionRunner: Stopping hotword detection.
05-16 22:08:45.551 23133 27749 W b       : #read failed: read EOF from AudioAccessor.
05-16 22:08:45.553 23133 27749 I MicroRecognitionRunner: Detection finished
05-16 22:08:45.609   788  1479 D audio_hw_primary: disable_audio_route: usecase(9) reset and update mixer path: audio-record
05-16 22:08:45.609   788  1479 D audio_hw_primary: disable_snd_device: snd_device(120: voice-rec-mic)
05-16 22:08:45.610  1012  4818 D APM_AudioPolicyManager: stopInput() input 347294, session 347409
05-16 22:08:45.611   788  1479 D audio_hw_primary: in_set_parameters: enter: kvpairs=routing=0
05-16 22:08:45.613 23133 23175 I HotwordLSAdapter: stopListeningStatus result: 1
05-16 22:08:45.640 30797 30797 I chatty  : uid=11329(org.mozilla.fennec_aurora) expire 48 lines
05-16 22:08:45.712 30797 30820 I chatty  : uid=11329(org.mozilla.fennec_aurora) expire 4 lines
05-16 22:08:45.737 30797 30830 I chatty  : uid=11329(org.mozilla.fennec_aurora) expire 11 lines
05-16 22:08:45.750 30797 30829 I chatty  : uid=11329(org.mozilla.fennec_aurora) expire 13 lines
05-16 22:08:45.759 30797 30833 I chatty  : uid=11329(org.mozilla.fennec_aurora) expire 19 lines
05-16 22:08:45.805 30797 30838 I chatty  : uid=11329(org.mozilla.fennec_aurora) expire 6 lines
05-16 22:08:45.859 30797 30832 I chatty  : uid=11329(org.mozilla.fennec_aurora) expire 2 lines
05-16 22:08:45.900  1456  2915 I ActivityManager: START u0 {act=android.intent.action.MAIN cat=[android.intent.category.LAUNCHER] flg=0x10000000 cmp=org.mozilla.fennec_aurora/org.mozilla.fenix.HomeActivity (has extras)} from uid 11329
05-16 22:08:45.903 30797 30856 I chatty  : uid=11329(org.mozilla.fennec_aurora) expire 2 lines
05-16 22:08:45.919   808   808 D SurfaceFlinger: duplicate layer name: changing Splash Screen org.mozilla.fennec_aurora to Splash Screen org.mozilla.fennec_aurora#1
05-16 22:08:45.989 30797 30802 I chatty  : uid=11329(org.mozilla.fennec_aurora) expire 8 lines
05-16 22:08:46.020  1456  3927 I ActivityManager: Start proc 30882:org.mozilla.fennec_aurora:tab0/u0a1329 for service org.mozilla.fennec_aurora/org.mozilla.gecko.process.GeckoChildProcessServices$tab0
05-16 22:08:46.022 30797 30869 I chatty  : uid=11329(org.mozilla.fennec_aurora) expire 1 line
05-16 22:08:46.178 30882 30882 I chatty  : uid=11329(org.mozilla.fennec_aurora) expire 1 line
05-16 22:08:46.179 30882 30901 I chatty  : uid=11329(org.mozilla.fennec_aurora) expire 1 line
05-16 22:08:46.381 30797 30914 I chatty  : uid=11329(org.mozilla.fennec_aurora) expire 9 lines
05-16 22:08:46.392  1456  4250 D ConnectivityService: requestNetwork for uid/pid:11329/30797 NetworkRequest [ TRACK_DEFAULT id=48287, [ Capabilities: INTERNET&NOT_RESTRICTED&TRUSTED&NOT_VPN] ]
