03-07 21:43:23.553  1456  4679 I ActivityManager: Force stopping org.mozilla.fennec_aurora appid=11075 user=0: from pid 17919
03-07 21:43:23.554  1456  4679 I ActivityManager: Killing 17632:org.mozilla.fennec_aurora/u0a1075 (adj 700): stop org.mozilla.fennec_aurora
03-07 21:43:23.556  1456  1605 W zygote  : kill(-17632, 9) failed: No such process
03-07 21:43:23.558 17756 17756 I chatty  : uid=11075(org.mozilla.fennec_aurora) expire 1 line
03-07 21:43:23.558 17728 17728 I chatty  : uid=11075(org.mozilla.fennec_aurora) expire 1 line
03-07 21:43:23.558  1456  4679 W ActivityManager: Force removing ActivityRecord{59b5054 u0 org.mozilla.fennec_aurora/org.mozilla.fenix.HomeActivity t32455}: app died, no saved state
03-07 21:43:23.572  1456  1605 W zygote  : kill(-17632, 9) failed: No such process
03-07 21:43:23.572  1456  4679 I ActivityManager: Killing 17756:org.mozilla.fennec_aurora:socket/u0a1075 (adj 0): stop org.mozilla.fennec_aurora
03-07 21:43:23.577  1456  4679 I ActivityManager: Killing 17728:org.mozilla.fennec_aurora:tab/u0a1075 (adj 0): stop org.mozilla.fennec_aurora
03-07 21:43:23.587  1456  1605 W zygote  : kill(-17632, 9) failed: No such process
03-07 21:43:23.589  2398  2398 D CarrierSvcBindHelper: No carrier app for: 0
03-07 21:43:23.590  2398  2398 D CarrierSvcBindHelper: No carrier app for: 1
03-07 21:43:23.602  1456  1605 W zygote  : kill(-17632, 9) failed: No such process
03-07 21:43:23.630  1456  1605 I chatty  : uid=1000(system) ActivityManager identical 4 lines
03-07 21:43:23.632  1456 10736 D ConnectivityService: ConnectivityService NetworkRequestInfo binderDied(NetworkRequest [ TRACK_DEFAULT id=29697, [ Capabilities: INTERNET&NOT_RESTRICTED&TRUSTED&NOT_VPN] ], android.os.BinderProxy@c8e8e9d)
03-07 21:43:23.632  1456  2067 D ConnectivityService: releasing NetworkRequest [ TRACK_DEFAULT id=29697, [ Capabilities: INTERNET&NOT_RESTRICTED&TRUSTED&NOT_VPN] ] (release request)
03-07 21:43:23.634  1456  1673 W ActivityManager: setHasOverlayUi called on unknown pid: 17632
03-07 21:43:23.645  1456  1605 W zygote  : kill(-17632, 9) failed: No such process
03-07 21:43:23.646  1456  1605 I zygote  : Successfully killed process cgroup uid 11075 pid 17632 in 89ms
03-07 21:43:23.646  1456  1605 W zygote  : kill(-17756, 9) failed: No such process
03-07 21:43:23.646  1456  1605 I zygote  : Successfully killed process cgroup uid 11075 pid 17756 in 0ms
03-07 21:43:23.646  1456  1605 W zygote  : kill(-17728, 9) failed: No such process
03-07 21:43:23.646  1456  1605 I zygote  : Successfully killed process cgroup uid 11075 pid 17728 in 0ms
03-07 21:43:23.686  1456  5050 I ActivityManager: START u0 {act=android.intent.action.MAIN cat=[android.intent.category.LAUNCHER] flg=0x10000000 cmp=org.mozilla.fennec_aurora/org.mozilla.fenix.HomeActivity} from uid 2000
03-07 21:43:23.686   794   839 E ANDR-PERF-RESOURCEQS: Failed to apply optimization [4, 0]
03-07 21:43:23.705  1456  5797 I ActivityManager: Start proc 17926:org.mozilla.fennec_aurora/u0a1075 for activity org.mozilla.fennec_aurora/org.mozilla.fenix.HomeActivity
03-07 21:43:23.793  3111  3156 I MicroDetectionState: Should stop hotword detection immediately - false
03-07 21:43:23.794  3111  3156 I MicroDetector: Keeping mic open: false
03-07 21:43:23.794  3111  3156 I RecognitionAudioControl: #shutdownAudio [requestId: 5088736824345003490, keepAudioOpen: false, forced: true]
03-07 21:43:23.794  3111 12423 E DeviceStateChecker: DeviceStateChecker cancelled
03-07 21:43:23.794  3111  3156 I RecognitionAudioControl: #internalShutdownAudio [requestId: 5088736824345003490]
03-07 21:43:23.794  3111  3156 I RecognitionAudioControl: #internalShutdownAudio [keepAudioOpen: false, forced: true]
03-07 21:43:23.794  3111  3156 I RecognitionAudioControl: #actualShutdownAudio
03-07 21:43:23.794  3111  3156 I AudioController: #shutdown [requestId=5088736824345003490]
03-07 21:43:23.794  3111  3139 I AudioController: internalShutdown
03-07 21:43:23.794  3111  3155 I MicroRecognitionRunner: Stopping hotword detection.
03-07 21:43:23.837   788  1401 D audio_hw_primary: disable_audio_route: usecase(9) reset and update mixer path: audio-record
03-07 21:43:23.838   788  1401 D audio_hw_primary: disable_snd_device: snd_device(120: voice-rec-mic)
03-07 21:43:23.840  1012 19368 D APM_AudioPolicyManager: stopInput() input 184110, session 184217
03-07 21:43:23.841   788  1479 D audio_hw_primary: in_set_parameters: enter: kvpairs=routing=0
03-07 21:43:23.845  3111  3139 I MicrophoneInputStream: mic_close  SR : 16000 CC : 16 SO : 1999
03-07 21:43:23.845  3111  3139 E AudioSource: Stop listening is called on already closed AudioSource
03-07 21:43:23.846  3111 12420 I MicroRecognitionRunner: Detection finished
03-07 21:43:23.861 17926 17926 I chatty  : uid=11075(org.mozilla.fennec_aurora) expire 52 lines
03-07 21:43:23.933 17926 17948 I chatty  : uid=11075(org.mozilla.fennec_aurora) expire 4 lines
03-07 21:43:23.953 17926 17956 I chatty  : uid=11075(org.mozilla.fennec_aurora) expire 12 lines
03-07 21:43:23.973 17926 17955 I chatty  : uid=11075(org.mozilla.fennec_aurora) expire 17 lines
03-07 21:43:24.017 17926 17962 I chatty  : uid=11075(org.mozilla.fennec_aurora) expire 30 lines
03-07 21:43:24.101 17926 17965 I chatty  : uid=11075(org.mozilla.fennec_aurora) expire 1 line
03-07 21:43:24.118 17926 17976 I chatty  : uid=11075(org.mozilla.fennec_aurora) expire 10 lines
03-07 21:43:24.189 17926 17932 I chatty  : uid=11075(org.mozilla.fennec_aurora) expire 8 lines
03-07 21:43:24.412 17926 17926 E ActivityThread: Failed to find provider info for org.mozilla.firefox.fxa.auth
03-07 21:43:24.413 17926 17926 E ActivityThread: Failed to find provider info for org.mozilla.firefox_beta.fxa.auth
03-07 21:43:24.413 17926 17926 E ActivityThread: Failed to find provider info for org.mozilla.fennec_aurora.fxa.auth
03-07 21:43:24.485 17926 18011 I chatty  : uid=11075(org.mozilla.fennec_aurora) expire 9 lines
03-07 21:43:24.491  1456 10366 I ActivityManager: Start proc 18012:org.mozilla.fennec_aurora:tab/u0a1075 for service org.mozilla.fennec_aurora/org.mozilla.gecko.process.GeckoChildProcessServices$tab
03-07 21:43:24.606  1456  5797 I ActivityManager: Start proc 18037:org.mozilla.fennec_aurora:socket/u0a1075 for service org.mozilla.fennec_aurora/org.mozilla.gecko.process.GeckoChildProcessServices$socket
03-07 21:43:24.619 18012 18012 I chatty  : uid=11075(org.mozilla.fennec_aurora) expire 2 lines
03-07 21:43:24.619 18012 18050 I chatty  : uid=11075(org.mozilla.fennec_aurora) expire 1 line
03-07 21:43:24.736 18037 18037 I chatty  : uid=11075(org.mozilla.fennec_aurora) org.mozilla.fenix.nightly expire 2 lines
03-07 21:43:24.737 18037 18053 I chatty  : uid=11075(org.mozilla.fennec_aurora) org.mozilla.fenix.nightly expire 15 lines
03-07 21:43:24.831  1456  5797 I ActivityManager: Displayed org.mozilla.fennec_aurora/org.mozilla.fenix.HomeActivity: +1s137ms
03-07 21:43:24.831  1456  5797 I ActivityManager: Fully drawn org.mozilla.fennec_aurora/org.mozilla.fenix.HomeActivity: +1s137ms
03-07 21:43:24.882  1456  1673 I LaunchCheckinHandler: Displayed org.mozilla.fennec_aurora/org.mozilla.fenix.HomeActivity,cp,ca,1188
03-07 21:43:24.890 17926 17926 E ActivityThread: Failed to find provider info for org.mozilla.firefox.fxa.auth
03-07 21:43:24.891 17926 17926 E ActivityThread: Failed to find provider info for org.mozilla.firefox_beta.fxa.auth
03-07 21:43:24.891 17926 17926 E ActivityThread: Failed to find provider info for org.mozilla.fennec_aurora.fxa.auth
03-07 21:43:24.964  3111  3111 I MemoryTrimmer: Trimming objects from memory, since app is in the background.
03-07 21:43:24.975  3111  3111 I MemoryTrimmer: Trimming objects from memory, since app is in the background.
03-07 21:43:24.976  3111 16616 I PBSessionCacheImpl: Deleted sessionId[13683905891087737] from persistence.
03-07 21:43:24.981  1456  5797 I WifiService: getWifiEnabledState uid=10073
03-07 21:43:24.987  3111  3156 I DEBUG   : OpaToSrpTransitionState#onStateChanged#notNullQuery
03-07 21:43:24.989  3111  3156 I DEBUG   : OpaToSrpTransitionState#onStateChanged#notNullQuery
03-07 21:43:24.991  3111  3156 W SearchServiceCore: Abort, client detached.
03-07 21:43:25.781  1023 18103 D libc    : Internal error: netid(0), id(0x96ff), server(0.0.0.0)
03-07 21:43:25.781  1023 18103 D libc    : Internal error: netid(0), id(0x96ff), server(0.0.0.0)
03-07 21:43:25.781  1023 18103 D libc    : Internal error: netid(0), id(0xaaac), server(0.0.0.0)
03-07 21:43:25.782  1023 18103 D libc    : Internal error: netid(0), id(0xaaac), server(0.0.0.0)
03-07 21:43:25.813 17926 18100 I chatty  : uid=11075(org.mozilla.fennec_aurora) expire 2 lines
03-07 21:43:25.953  1023 18110 D libc    : Internal error: netid(0), id(0xa989), server(0.0.0.0)
03-07 21:43:25.953  1023 18110 D libc    : Internal error: netid(0), id(0xa989), server(0.0.0.0)
03-07 21:43:25.954  1023 18110 D libc    : Internal error: netid(0), id(0x82e6), server(0.0.0.0)
03-07 21:43:25.954  1023 18110 D libc    : Internal error: netid(0), id(0x82e6), server(0.0.0.0)
03-07 21:43:25.955  1023 18112 D libc    : Internal error: netid(0), id(0xaea8), server(0.0.0.0)
03-07 21:43:25.955  1023 18112 D libc    : Internal error: netid(0), id(0xaea8), server(0.0.0.0)
03-07 21:43:25.956  1023 18112 D libc    : Internal error: netid(0), id(0xecb2), server(0.0.0.0)
03-07 21:43:25.956  1023 18112 D libc    : Internal error: netid(0), id(0xecb2), server(0.0.0.0)
03-07 21:43:25.959  1023 18117 D libc    : Internal error: netid(0), id(0x6cd4), server(0.0.0.0)
03-07 21:43:25.959  1023 18117 D libc    : Internal error: netid(0), id(0x6cd4), server(0.0.0.0)
03-07 21:43:25.960  1023 18117 D libc    : Internal error: netid(0), id(0xbaae), server(0.0.0.0)
03-07 21:43:25.960  1023 18117 D libc    : Internal error: netid(0), id(0xbaae), server(0.0.0.0)
03-07 21:43:25.994 17926 17958 I chatty  : uid=11075(org.mozilla.fennec_aurora) expire 1 line
03-07 21:43:25.995 17926 17983 I chatty  : uid=11075(org.mozilla.fennec_aurora) expire 1 line
03-07 21:43:26.030 17926 18127 I chatty  : uid=11075(org.mozilla.fennec_aurora) expire 1 line
03-07 21:43:27.126  2398  2398 D QtiCarrierConfigHelper: WARNING, no carrier configs on phone Id: 0
03-07 21:43:29.343 18150 18150 D AndroidRuntime: >>>>>> START com.android.internal.os.RuntimeInit uid 2000 <<<<<<
03-07 21:43:29.356 18150 18150 W app_process: Could not reserve sentinel fault page
03-07 21:43:29.522 18150 18150 I app_process: The ClassLoaderContext is a special shared library.
03-07 21:43:29.588 18150 18150 D AndroidRuntime: Calling main entry com.android.commands.input.Input
03-07 21:43:29.589 18150 18150 I Input   : injectKeyEvent: KeyEvent { action=ACTION_DOWN, keyCode=KEYCODE_HOME, scanCode=0, metaState=0, flags=0x0, repeatCount=0, eventTime=15711464869, downTime=15711464869, deviceId=-1, source=0x101 }
03-07 21:43:29.600 18150 18150 I Input   : injectKeyEvent: KeyEvent { action=ACTION_UP, keyCode=KEYCODE_HOME, scanCode=0, metaState=0, flags=0x0, repeatCount=0, eventTime=15711464869, downTime=15711464869, deviceId=-1, source=0x101 }
03-07 21:43:29.607  1456  1941 I ActivityManager: START u0 {act=android.intent.action.MAIN cat=[android.intent.category.HOME] flg=0x10200000 cmp=com.android.launcher3/.CustomizationPanelLauncher (has extras)} from uid 1000
03-07 21:43:29.607   794   839 E ANDR-PERF-RESOURCEQS: Failed to apply optimization [4, 0]
03-07 21:43:29.618  1456  1941 I ActivityManager: moveHomeStack, setupComplete:true
03-07 21:43:29.622 18150 18150 D AndroidRuntime: Shutting down VM
03-07 21:43:29.635  3111  3152 I Adreno  : QUALCOMM build                   : bb5b86c, I77d3059488
03-07 21:43:29.635  3111  3152 I Adreno  : Build Date                       : 06/07/18
03-07 21:43:29.635  3111  3152 I Adreno  : OpenGL ES Shader Compiler Version: EV031.22.00.01_06
03-07 21:43:29.635  3111  3152 I Adreno  : Local Branch                     : 
03-07 21:43:29.635  3111  3152 I Adreno  : Remote Branch                    : refs/tags/AU_LINUX_ANDROID_LA.UM.6.5.R1.08.01.00.312.086
03-07 21:43:29.635  3111  3152 I Adreno  : Remote Branch                    : NONE
03-07 21:43:29.635  3111  3152 I Adreno  : Reconstruct Branch               : NOTHING
03-07 21:43:29.637  3111  3152 D vndksupport: Loading /vendor/lib/hw/gralloc.msm8937.so from current namespace instead of sphal namespace.
03-07 21:43:29.641  3111  3152 I Adreno  : PFP: 0x005ff087, ME: 0x005ff063
03-07 21:43:29.641  2748  2748 D Launcher.Utilities: Wakeup weather: Intent { act=com.motorola.launcher3.action.WAKEUP_WEATHER cmp=com.motorola.timeweatherwidget/com.motorola.commandcenter.weather.WakeUpService }
03-07 21:43:29.646  3111  3152 I zygote  : android::hardware::configstore::V1_0::ISurfaceFlingerConfigs::hasWideColorDisplay retrieved: 0
03-07 21:43:29.648  3111  3152 I OpenGLRenderer: Initialized EGL, version 1.4
03-07 21:43:29.648  3111  3152 D OpenGLRenderer: Swap behavior 2
03-07 21:43:29.652  1456  1456 I NotificationService: Cannot find enqueued record for key: 0|com.motorola.timeweatherwidget|1|null|10116
03-07 21:43:29.659   808   808 D SurfaceFlinger: duplicate layer name: changing com.android.launcher3/com.android.launcher3.CustomizationPanelLauncher to com.android.launcher3/com.android.launcher3.CustomizationPanelLauncher#1
03-07 21:43:29.686  3111  3141 W ThreadPoolDumper: Queue length for executor EventBus is now 11. Perhaps some tasks are too long, or the pool is too small.
03-07 21:43:29.686  1456  4679 I WifiService: getWifiEnabledState uid=10073
03-07 21:43:29.700  1456  2401 I WifiService: getWifiEnabledState uid=10073
03-07 21:43:29.708  3111  3156 I DEBUG   : OpaToSrpTransitionState#onStateChanged#notNullQuery
03-07 21:43:29.708  3111  3156 I DEBUG   : OpaToSrpTransitionState#onStateChanged#notNullQuery
03-07 21:43:29.724  3111  3156 I MicroDetectionState: Should stop hotword detection immediately - false
03-07 21:43:29.727  3111  3156 I MicroDetectionWorker: #startMicroDetector [speakerMode: 0]
03-07 21:43:29.729  3111  3156 I AudioController: Created new AudioSource
03-07 21:43:29.744  1456  1673 I LaunchCheckinHandler: Displayed com.android.launcher3/.CustomizationPanelLauncher,wp,wa,137
03-07 21:43:29.749  3111  3139 I MicroDataManager: isInitializedWithLatestParams-true
03-07 21:43:29.749  3111  3139 I MicroDataManager: isInitializing-false locale not changed-true model not changed-true
03-07 21:43:29.749  3111  3139 I MicroDataManager: Already initialized, obtaining the hotword data immediately.
03-07 21:43:29.756  3111 12423 I MicroRecognitionRunner: Starting detection.
03-07 21:43:29.756  3111 12423 I InputStreamUtils: Using micInputStream
03-07 21:43:29.756  3111 16616 I MicrophoneInputStream: mic_starting  SR : 16000 CC : 16 SO : 1999
03-07 21:43:29.759   788  1479 V msm8974_platform: platform_check_input_mask: enter check_input_mask source 6 mask 10
03-07 21:43:29.760  1012 18166 I AudioFlinger: AudioFlinger's thread 0xb2483f40 tid=18166 ready to run
03-07 21:43:29.768   788  1479 D audio_hw_primary: in_set_parameters: enter: kvpairs=input_source=6;routing=-2147483644
03-07 21:43:29.769  1012  1390 D APM_AudioPolicyManager: AudioPolicyManager::startInput() input 184118, session 184225, source = 1999
03-07 21:43:29.770  3111 16616 I MicrophoneInputStream: mic_started  SR : 16000 CC : 16 SO : 1999
03-07 21:43:29.771   788 18167 V msm8974_platform: platform_update_usecase_from_source: input source :6
03-07 21:43:29.771   788 18167 V msm8974_platform: platform_check_input_mask: enter check_input_mask source 6 mask 10
03-07 21:43:29.772   788 18167 V msm8974_platform: platform_get_input_snd_device: enter: out_device(0) in_device(0x4) channel_count (1) channel_mask (0x10)
03-07 21:43:29.772   788 18167 V msm8974_platform: platform_get_input_snd_device: exit: in_snd_device(voice-rec-mic)
03-07 21:43:29.772   788 18167 V msm8974_platform: platform_get_backend_index:napb: backend port - 5 device - 120 
03-07 21:43:29.772   788 18167 V msm8974_platform: platform_check_and_set_capture_backend_cfg:txbecf: afe: bitwidth 0, samplerate 0, channel 1, backend_idx 5 usecase = 9 device (voice-rec-mic)
03-07 21:43:29.772   788 18167 V msm8974_platform: platform_check_capture_backend_cfg:txbecf: afe: Codec selected backend: 5 current bit width: 0 and sample rate: 0, channels 1
03-07 21:43:29.772   788 18167 V msm8974_platform: platform_check_capture_backend_cfg:txbecf: afe: Codec selected backend: 5 updated bit width: 0 and sample rate: 0
03-07 21:43:29.772   788 18167 I msm8974_platform: platform_check_capture_backend_cfg:txbecf: afe: Codec backend needs to be updated. new bit width: 0 new sample rate: 0 new channel: 1
03-07 21:43:29.772   788 18167 V msm8974_platform: platform_get_backend_index:napb: backend port - 5 device - 120 
03-07 21:43:29.772   788 18167 V msm8974_platform: platform_set_backend_cfg:becf: afe: bitwidth 0, samplerate 0 channels 1, backend_idx 5 device (voice-rec-mic)
03-07 21:43:29.772   788 18167 E msm8974_platform: platform_set_backend_cfg:becf: afe: Could not get ctl for mixer command - SLIM_0_TX Format
03-07 21:43:29.772   788 18167 V msm8974_platform: platform_send_audio_calibration: sending audio calibration for snd_device(120) acdb_id(62)
03-07 21:43:29.772   788 18167 D ACDB-LOADER: ACDB -> send_audio_cal, acdb_id = 62, path = 1, app id = 0x11130, sample rate = 48000
03-07 21:43:29.773   788 18167 D ACDB-LOADER: ACDB -> send_asm_topology
03-07 21:43:29.773   788 18167 D ACDB-LOADER: ACDB -> ACDB_CMD_GET_AUDPROC_STREAM_TOPOLOGY_ID
03-07 21:43:29.773   788 18167 D ACDB-LOADER: ACDB -> send_adm_topology
03-07 21:43:29.773   788 18167 D ACDB-LOADER: ACDB -> ACDB_CMD_GET_AUDPROC_COMMON_TOPOLOGY_ID
03-07 21:43:29.773   788 18167 D ACDB-LOADER: ACDB -> send_audtable
03-07 21:43:29.773   788 18167 D ACDB-LOADER: ACDB -> ACDB_CMD_GET_AUDPROC_COMMON_TABLE_SIZE
03-07 21:43:29.773   788 18167 D ACDB-LOADER: ACDB -> ACDB_CMD_GET_AUDPROC_COMMON_TABLE
03-07 21:43:29.773   788 18167 D ACDB-LOADER: ACDB -> AUDIO_SET_AUDPROC_CAL
03-07 21:43:29.773   788 18167 D ACDB-LOADER: ACDB -> send_audvoltable
03-07 21:43:29.773   788 18167 D ACDB-LOADER: ACDB -> ACDB_CMD_GET_AUDPROC_VOL_STEP_TABLE_SIZE
03-07 21:43:29.773   788 18167 D ACDB-LOADER: ACDB -> ACDB_CMD_GET_AUDPROC_GAIN_DEP_STEP_TABLE, vol index 0
03-07 21:43:29.773   788 18167 D         : Failed to fetch the lookup information of the device 0000003E 
03-07 21:43:29.773   788 18167 D ACDB-LOADER: ACDB -> AUDIO_SET_VOL_CAL cal type = 12
03-07 21:43:29.773   788 18167 D ACDB-LOADER: ACDB -> ACDB_CMD_GET_AUDPROC_STREAM_TABLE_SIZE
03-07 21:43:29.773   788 18167 D ACDB-LOADER: ACDB -> send_audstrmtable
03-07 21:43:29.773   788 18167 D ACDB-LOADER: ACDB -> ACDB_CMD_GET_AUDPROC_STREAM_TABLE_V2
03-07 21:43:29.774   788 18167 D ACDB-LOADER: ACDB -> audstrm_cal->cal_type.cal_data.cal_size = 456
03-07 21:43:29.774   788 18167 D ACDB-LOADER: ACDB -> send_afe_topology
03-07 21:43:29.774   788 18167 D ACDB-LOADER: ACDB -> ACDB_CMD_GET_AFE_TOPOLOGY_ID
03-07 21:43:29.774   788 18167 D ACDB-LOADER: ACDB -> GET_AFE_TOPOLOGY_ID for adcd_id 62, Topology Id 112fb
03-07 21:43:29.774   788 18167 D ACDB-LOADER: ACDB -> send_afe_cal
03-07 21:43:29.774   788 18167 D ACDB-LOADER: ACDB -> ACDB_CMD_GET_AFE_COMMON_TABLE_SIZE
03-07 21:43:29.774   788 18167 D         : Failed to fetch the lookup information of the device 0000003E 
03-07 21:43:29.774   788 18167 E ACDB-LOADER: Error: ACDB_CMD_GET_AFE_COMMON_TABLE_SIZE Returned = -19
03-07 21:43:29.774   788 18167 D ACDB-LOADER: ACDB -> ACDB_CMD_GET_AFE_COMMON_TABLE
03-07 21:43:29.774   788 18167 D         : Failed to fetch the lookup information of the device 0000003E 
03-07 21:43:29.774   788 18167 D ACDB-LOADER: ACDB -> AUDIO_SET_AFE_CAL
03-07 21:43:29.774   788 18167 D ACDB-LOADER: ACDB -> send_hw_delay : acdb_id = 62 path = 1
03-07 21:43:29.774   788 18167 D ACDB-LOADER: ACDB -> ACDB_AVSYNC_INFO: ACDB_CMD_GET_DEVICE_PROPERTY
03-07 21:43:29.774   788 18167 D audio_hw_primary: enable_snd_device: snd_device(120: voice-rec-mic)
03-07 21:43:29.774   788 18167 D audio_route: Apply path: voice-rec-mic
03-07 21:43:29.777   788 18167 V msm8974_platform: platform_get_snd_device_backend_index: enter with device 120
03-07 21:43:29.777   788 18167 E msm8974_platform: platform_get_snd_device_backend_index: BE DAI Name Table is not present
03-07 21:43:29.777   788 18167 V msm8974_platform: platform_get_backend_index:napb: backend port - 5 device - 120 
03-07 21:43:29.777   788 18167 I audio_hw_utils: Set Audio Stream Capture 0 App Type Cfg: app_type 69936, acdb_dev_id 62, sample_rate 48000, snd_device_be_idx -14
03-07 21:43:29.777   788 18167 D audio_hw_primary: enable_audio_route: usecase(9) apply and update mixer path: audio-record
03-07 21:43:29.777   788 18167 D audio_route: Apply path: audio-record
03-07 21:43:29.846  3111  3156 I MicroDetectionWorker: onReady
03-07 21:43:30.137  1456  7796 I OpenGLRenderer: Initialized EGL, version 1.4
03-07 21:43:30.137  1456  7796 D OpenGLRenderer: Swap behavior 2
03-07 21:43:30.154   808   808 I SFPerfTracer:      triggers: (rate: 57:1998076) (compose: 0:7) (post: 0:19) (render: 0:17) (12:9008150 frames) (13:11016232)
03-07 21:43:30.154   808   808 D SFPerfTracer:        layers: (4:13) (NavigationBar#0 (0xb07df000): 0:676792) (StatusBar#0 (0xb07e3000): 0:1773465) (com.android.systemui.ImageWallpaper#0 (0xb07e7000): 0:60192) (Sprite#0 (0xb0733000): 0:317)* (DimLayerController/Stack=0#0 (0xb075a000): 0:3780)* (Sprite#1 (0xb077c000): 0:195)* (org.mozilla.fennec_aurora/org.mozilla.fenix.HomeActivity#0 (0xb013a000): 0:47)- (com.android.launcher3/com.android.launcher3.CustomizationPanelLauncher#0 (0xb0763000): 0:39)- (com.android.launcher3/com.android.launcher3.CustomizationPanelLauncher#1 (0xb0771000): 0:9)- (Splash Screen org.mozilla.fennec_aurora#0 (0xb039b000): 0:30)- (org.mozilla.fennec_aurora/org.mozilla.fenix.HomeActivity#0 (0xb013a000): 12:47)* (com.android.launcher3/com.android.launcher3.CustomizationPanelLauncher#0 (0xb0763000): 13:28)* (com.android.launcher3/com.android.launcher3.CustomizationPanelLauncher#1 (0xb0771000): 1:5) 
03-07 21:43:30.198  2748  2917 W OpenGLRenderer: Incorrectly called buildLayer on View: ShortcutAndWidgetContainer, destroying layer...
03-07 21:43:30.316 17926 18130 I chatty  : uid=11075(org.mozilla.fennec_aurora) expire 1 line
03-07 21:43:34.769  1456  2401 I ActivityManager: Force stopping org.mozilla.fennec_aurora appid=11075 user=0: from pid 18170
03-07 21:43:34.769  1456  2401 I ActivityManager: Killing 17926:org.mozilla.fennec_aurora/u0a1075 (adj 700): stop org.mozilla.fennec_aurora
03-07 21:43:34.772  1456  1605 W zygote  : kill(-17926, 9) failed: No such process
03-07 21:43:34.774  1456  2401 W ActivityManager: Force removing ActivityRecord{b3348e0 u0 org.mozilla.fennec_aurora/org.mozilla.fenix.HomeActivity t32456}: app died, no saved state
03-07 21:43:34.782  1456  2401 I ActivityManager: Killing 18037:org.mozilla.fennec_aurora:socket/u0a1075 (adj 0): stop org.mozilla.fennec_aurora
03-07 21:43:34.787  1456  2401 I ActivityManager: Killing 18012:org.mozilla.fennec_aurora:tab/u0a1075 (adj 0): stop org.mozilla.fennec_aurora
03-07 21:43:34.792   808   898 I SFPerfTracer:      triggers: (rate: 0:1) (0 sw vsyncs) (0 skipped) (0:4908488 vsyncs) (1:11083378)
03-07 21:43:34.794  1456  1605 W zygote  : kill(-17926, 9) failed: No such process
03-07 21:43:34.799  2398  2398 D CarrierSvcBindHelper: No carrier app for: 0
03-07 21:43:34.800  2398  2398 D CarrierSvcBindHelper: No carrier app for: 1
03-07 21:43:34.809  1456  1605 W zygote  : kill(-17926, 9) failed: No such process
03-07 21:43:34.844  1456  1673 W ActivityManager: setHasOverlayUi called on unknown pid: 17926
03-07 21:43:34.852  1456  1605 W zygote  : kill(-17926, 9) failed: No such process
03-07 21:43:34.852  1456  1605 I zygote  : Successfully killed process cgroup uid 11075 pid 17926 in 80ms
03-07 21:43:34.853  1456  1605 W zygote  : kill(-18037, 9) failed: No such process
03-07 21:43:34.853  1456  1605 I zygote  : Successfully killed process cgroup uid 11075 pid 18037 in 0ms
03-07 21:43:34.853  1456  1605 W zygote  : kill(-18012, 9) failed: No such process
03-07 21:43:34.853  1456  1605 I zygote  : Successfully killed process cgroup uid 11075 pid 18012 in 0ms
03-07 21:43:34.900  1456  2402 I ActivityManager: START u0 {act=android.intent.action.MAIN cat=[android.intent.category.LAUNCHER] flg=0x10000000 cmp=org.mozilla.fennec_aurora/org.mozilla.fenix.HomeActivity} from uid 2000
03-07 21:43:34.901   794   839 E ANDR-PERF-RESOURCEQS: Failed to apply optimization [4, 0]
03-07 21:43:34.920  1456  4802 I ActivityManager: Start proc 18178:org.mozilla.fennec_aurora/u0a1075 for activity org.mozilla.fennec_aurora/org.mozilla.fenix.HomeActivity
03-07 21:43:35.007  3111  3156 I MicroDetectionState: Should stop hotword detection immediately - false
03-07 21:43:35.007  3111  3156 I MicroDetector: Keeping mic open: false
03-07 21:43:35.007  3111  3156 I RecognitionAudioControl: #shutdownAudio [requestId: -5121654343876828796, keepAudioOpen: false, forced: true]
03-07 21:43:35.007  3111 12420 E DeviceStateChecker: DeviceStateChecker cancelled
03-07 21:43:35.008  3111  3156 I RecognitionAudioControl: #internalShutdownAudio [requestId: -5121654343876828796]
03-07 21:43:35.008  3111  3156 I RecognitionAudioControl: #internalShutdownAudio [keepAudioOpen: false, forced: true]
03-07 21:43:35.008  3111  3156 I RecognitionAudioControl: #actualShutdownAudio
03-07 21:43:35.008  3111  3156 I AudioController: #shutdown [requestId=-5121654343876828796]
03-07 21:43:35.008  3111  3155 I AudioController: internalShutdown
03-07 21:43:35.008  3111  3140 I MicroRecognitionRunner: Stopping hotword detection.
03-07 21:43:35.066   788  1479 D audio_hw_primary: disable_audio_route: usecase(9) reset and update mixer path: audio-record
03-07 21:43:35.067   788  1479 D audio_hw_primary: disable_snd_device: snd_device(120: voice-rec-mic)
03-07 21:43:35.069  1012 13178 D APM_AudioPolicyManager: stopInput() input 184118, session 184225
03-07 21:43:35.070   788  1401 D audio_hw_primary: in_set_parameters: enter: kvpairs=routing=0
03-07 21:43:35.072  3111  3155 I MicrophoneInputStream: mic_close  SR : 16000 CC : 16 SO : 1999
03-07 21:43:35.073  3111  3155 E AudioSource: Stop listening is called on already closed AudioSource
03-07 21:43:35.075  3111 12423 I MicroRecognitionRunner: Detection finished
03-07 21:43:35.078 18178 18178 I chatty  : uid=11075(org.mozilla.fennec_aurora) expire 13 lines
03-07 21:43:35.151 18178 18197 I chatty  : uid=11075(org.mozilla.fennec_aurora) expire 4 lines
03-07 21:43:35.175 18178 18205 I chatty  : uid=11075(org.mozilla.fennec_aurora) expire 11 lines
03-07 21:43:35.193 18178 18204 I chatty  : uid=11075(org.mozilla.fennec_aurora) expire 11 lines
03-07 21:43:35.235 18178 18212 I chatty  : uid=11075(org.mozilla.fennec_aurora) expire 30 lines
03-07 21:43:35.306 18178 18178 I chatty  : uid=11075(org.mozilla.fennec_aurora) expire 38 lines
03-07 21:43:35.322 18178 18215 I chatty  : uid=11075(org.mozilla.fennec_aurora) expire 1 line
03-07 21:43:35.337 18178 18224 I chatty  : uid=11075(org.mozilla.fennec_aurora) expire 10 lines
03-07 21:43:35.412 18178 18183 I chatty  : uid=11075(org.mozilla.fennec_aurora) expire 8 lines
03-07 21:43:35.630 18178 18178 E ActivityThread: Failed to find provider info for org.mozilla.firefox.fxa.auth
03-07 21:43:35.631 18178 18178 E ActivityThread: Failed to find provider info for org.mozilla.firefox_beta.fxa.auth
03-07 21:43:35.631 18178 18178 E ActivityThread: Failed to find provider info for org.mozilla.fennec_aurora.fxa.auth
03-07 21:43:35.705 18178 18251 I chatty  : uid=11075(org.mozilla.fennec_aurora) expire 9 lines
03-07 21:43:35.716  1456  2401 I ActivityManager: Start proc 18261:org.mozilla.fennec_aurora:tab/u0a1075 for service org.mozilla.fennec_aurora/org.mozilla.gecko.process.GeckoChildProcessServices$tab
03-07 21:43:35.830  1456  2401 I ActivityManager: Start proc 18286:org.mozilla.fennec_aurora:socket/u0a1075 for service org.mozilla.fennec_aurora/org.mozilla.gecko.process.GeckoChildProcessServices$socket
03-07 21:43:35.848 18261 18261 I chatty  : uid=11075(org.mozilla.fennec_aurora) com.google.android.gms.unstable expire 2 lines
03-07 21:43:35.849 18261 18299 I chatty  : uid=11075(org.mozilla.fennec_aurora) com.google.android.gms.unstable expire 1 line
03-07 21:43:35.967 18286 18286 I chatty  : uid=11075(org.mozilla.fennec_aurora) expire 2 lines
03-07 21:43:35.967 18286 18303 I chatty  : uid=11075(org.mozilla.fennec_aurora) expire 15 lines
03-07 21:43:36.051  1456  2916 I ActivityManager: Displayed org.mozilla.fennec_aurora/org.mozilla.fenix.HomeActivity: +1s141ms
03-07 21:43:36.051  1456  2916 I ActivityManager: Fully drawn org.mozilla.fennec_aurora/org.mozilla.fenix.HomeActivity: +1s141ms
03-07 21:43:36.102  1456  1673 I LaunchCheckinHandler: Displayed org.mozilla.fennec_aurora/org.mozilla.fenix.HomeActivity,cp,ca,1192
03-07 21:43:36.110 18178 18178 E ActivityThread: Failed to find provider info for org.mozilla.firefox.fxa.auth
03-07 21:43:36.110 18178 18178 E ActivityThread: Failed to find provider info for org.mozilla.firefox_beta.fxa.auth
03-07 21:43:36.111 18178 18178 E ActivityThread: Failed to find provider info for org.mozilla.fennec_aurora.fxa.auth
03-07 21:43:36.194  3111  3111 I MemoryTrimmer: Trimming objects from memory, since app is in the background.
03-07 21:43:36.204  3111  3111 I MemoryTrimmer: Trimming objects from memory, since app is in the background.
03-07 21:43:36.207  3111 16616 I PBSessionCacheImpl: Deleted sessionId[13683905891087742] from persistence.
03-07 21:43:36.211  1456  4802 I WifiService: getWifiEnabledState uid=10073
03-07 21:43:36.216  3111  3156 I DEBUG   : OpaToSrpTransitionState#onStateChanged#notNullQuery
03-07 21:43:36.217  3111  3156 I DEBUG   : OpaToSrpTransitionState#onStateChanged#notNullQuery
03-07 21:43:36.219  3111  3156 W SearchServiceCore: Abort, client detached.
03-07 21:43:36.274 13975 13985 I zygote  : Background concurrent copying GC freed 105480(6MB) AllocSpace objects, 39(1740KB) LOS objects, 49% free, 8MB/17MB, paused 143us total 128.935ms
03-07 21:43:36.998  1023 18354 D libc    : Internal error: netid(0), id(0x8bb7), server(0.0.0.0)
03-07 21:43:36.998  1023 18354 D libc    : Internal error: netid(0), id(0x8bb7), server(0.0.0.0)
03-07 21:43:36.998  1023 18354 D libc    : Internal error: netid(0), id(0xe9ba), server(0.0.0.0)
03-07 21:43:36.998  1023 18354 D libc    : Internal error: netid(0), id(0xe9ba), server(0.0.0.0)
03-07 21:43:37.029 18178 18350 I chatty  : uid=11075(org.mozilla.fennec_aurora) expire 2 lines
03-07 21:43:37.169  1023 18361 D libc    : Internal error: netid(0), id(0xb981), server(0.0.0.0)
03-07 21:43:37.169  1023 18361 D libc    : Internal error: netid(0), id(0xb981), server(0.0.0.0)
03-07 21:43:37.169  1023 18361 D libc    : Internal error: netid(0), id(0x7ad2), server(0.0.0.0)
03-07 21:43:37.169  1023 18361 D libc    : Internal error: netid(0), id(0x7ad2), server(0.0.0.0)
03-07 21:43:37.170  1023 18363 D libc    : Internal error: netid(0), id(0xa5ff), server(0.0.0.0)
03-07 21:43:37.171  1023 18363 D libc    : Internal error: netid(0), id(0xa5ff), server(0.0.0.0)
03-07 21:43:37.171  1023 18363 D libc    : Internal error: netid(0), id(0xc7c8), server(0.0.0.0)
03-07 21:43:37.171  1023 18363 D libc    : Internal error: netid(0), id(0xc7c8), server(0.0.0.0)
03-07 21:43:37.173  1023 18368 D libc    : Internal error: netid(0), id(0x48df), server(0.0.0.0)
03-07 21:43:37.174  1023 18368 D libc    : Internal error: netid(0), id(0x48df), server(0.0.0.0)
03-07 21:43:37.174  1023 18368 D libc    : Internal error: netid(0), id(0x549b), server(0.0.0.0)
03-07 21:43:37.174  1023 18368 D libc    : Internal error: netid(0), id(0x549b), server(0.0.0.0)
03-07 21:43:37.209 18178 18205 I chatty  : uid=11075(org.mozilla.fennec_aurora) expire 1 line
03-07 21:43:37.209 18178 18232 I chatty  : uid=11075(org.mozilla.fennec_aurora) expire 1 line
03-07 21:43:37.210 18178 18206 I chatty  : uid=11075(org.mozilla.fennec_aurora) expire 1 line
03-07 21:43:37.247 18178 18380 I chatty  : uid=11075(org.mozilla.fennec_aurora) expire 1 line
03-07 21:43:40.559 18401 18401 D AndroidRuntime: >>>>>> START com.android.internal.os.RuntimeInit uid 2000 <<<<<<
03-07 21:43:40.572 18401 18401 W app_process: Could not reserve sentinel fault page
03-07 21:43:40.737 18401 18401 I app_process: The ClassLoaderContext is a special shared library.
03-07 21:43:40.803 18401 18401 D AndroidRuntime: Calling main entry com.android.commands.input.Input
03-07 21:43:40.805 18401 18401 I Input   : injectKeyEvent: KeyEvent { action=ACTION_DOWN, keyCode=KEYCODE_HOME, scanCode=0, metaState=0, flags=0x0, repeatCount=0, eventTime=15711476084, downTime=15711476084, deviceId=-1, source=0x101 }
03-07 21:43:40.811 18401 18401 I Input   : injectKeyEvent: KeyEvent { action=ACTION_UP, keyCode=KEYCODE_HOME, scanCode=0, metaState=0, flags=0x0, repeatCount=0, eventTime=15711476084, downTime=15711476084, deviceId=-1, source=0x101 }
03-07 21:43:40.818  1456  1941 I ActivityManager: START u0 {act=android.intent.action.MAIN cat=[android.intent.category.HOME] flg=0x10200000 cmp=com.android.launcher3/.CustomizationPanelLauncher (has extras)} from uid 1000
03-07 21:43:40.818   794   839 E ANDR-PERF-RESOURCEQS: Failed to apply optimization [4, 0]
03-07 21:43:40.829  1456  1941 I ActivityManager: moveHomeStack, setupComplete:true
03-07 21:43:40.836  3111  3152 I Adreno  : QUALCOMM build                   : bb5b86c, I77d3059488
03-07 21:43:40.836  3111  3152 I Adreno  : Build Date                       : 06/07/18
03-07 21:43:40.836  3111  3152 I Adreno  : OpenGL ES Shader Compiler Version: EV031.22.00.01_06
03-07 21:43:40.836  3111  3152 I Adreno  : Local Branch                     : 
03-07 21:43:40.836  3111  3152 I Adreno  : Remote Branch                    : refs/tags/AU_LINUX_ANDROID_LA.UM.6.5.R1.08.01.00.312.086
03-07 21:43:40.836  3111  3152 I Adreno  : Remote Branch                    : NONE
03-07 21:43:40.836  3111  3152 I Adreno  : Reconstruct Branch               : NOTHING
03-07 21:43:40.839  3111  3152 D vndksupport: Loading /vendor/lib/hw/gralloc.msm8937.so from current namespace instead of sphal namespace.
03-07 21:43:40.840 18401 18401 D AndroidRuntime: Shutting down VM
03-07 21:43:40.842  3111  3152 I Adreno  : PFP: 0x005ff087, ME: 0x005ff063
03-07 21:43:40.846  3111  3152 I zygote  : android::hardware::configstore::V1_0::ISurfaceFlingerConfigs::hasWideColorDisplay retrieved: 0
03-07 21:43:40.847  3111  3152 I OpenGLRenderer: Initialized EGL, version 1.4
03-07 21:43:40.847  3111  3152 D OpenGLRenderer: Swap behavior 2
03-07 21:43:40.854  2748  2748 D Launcher.Utilities: Wakeup weather: Intent { act=com.motorola.launcher3.action.WAKEUP_WEATHER cmp=com.motorola.timeweatherwidget/com.motorola.commandcenter.weather.WakeUpService }
03-07 21:43:40.869  1456  1456 I NotificationService: Cannot find enqueued record for key: 0|com.motorola.timeweatherwidget|1|null|10116
03-07 21:43:40.873   808   808 D SurfaceFlinger: duplicate layer name: changing com.android.launcher3/com.android.launcher3.CustomizationPanelLauncher to com.android.launcher3/com.android.launcher3.CustomizationPanelLauncher#1
03-07 21:43:40.886  3111  3143 W ThreadPoolDumper: Queue length for executor EventBus is now 11. Perhaps some tasks are too long, or the pool is too small.
03-07 21:43:40.892  1456  2402 I WifiService: getWifiEnabledState uid=10073
03-07 21:43:40.904  1456  2402 I WifiService: getWifiEnabledState uid=10073
03-07 21:43:40.916  3111  3156 I DEBUG   : OpaToSrpTransitionState#onStateChanged#notNullQuery
03-07 21:43:40.917  3111  3156 I DEBUG   : OpaToSrpTransitionState#onStateChanged#notNullQuery
03-07 21:43:40.932  3111  3156 I MicroDetectionState: Should stop hotword detection immediately - false
03-07 21:43:40.935  3111  3156 I MicroDetectionWorker: #startMicroDetector [speakerMode: 0]
03-07 21:43:40.937  3111  3156 I AudioController: Created new AudioSource
03-07 21:43:40.961  1456  1673 I LaunchCheckinHandler: Displayed com.android.launcher3/.CustomizationPanelLauncher,wp,wa,141
03-07 21:43:40.961  3111  3135 I MicroDataManager: isInitializedWithLatestParams-true
03-07 21:43:40.961  3111  3135 I MicroDataManager: isInitializing-false locale not changed-true model not changed-true
03-07 21:43:40.961  3111  3135 I MicroDataManager: Already initialized, obtaining the hotword data immediately.
03-07 21:43:40.966  3111 12420 I MicroRecognitionRunner: Starting detection.
03-07 21:43:40.967  3111 12420 I InputStreamUtils: Using micInputStream
03-07 21:43:40.967  3111 21362 I MicrophoneInputStream: mic_starting  SR : 16000 CC : 16 SO : 1999
03-07 21:43:40.969   788  1401 V msm8974_platform: platform_check_input_mask: enter check_input_mask source 6 mask 10
03-07 21:43:40.971  1012 18416 I AudioFlinger: AudioFlinger's thread 0xb2483f80 tid=18416 ready to run
03-07 21:43:40.978   788  1401 D audio_hw_primary: in_set_parameters: enter: kvpairs=input_source=6;routing=-2147483644
03-07 21:43:40.979  1012  1302 D APM_AudioPolicyManager: AudioPolicyManager::startInput() input 184126, session 184233, source = 1999
03-07 21:43:40.979  3111 21362 I MicrophoneInputStream: mic_started  SR : 16000 CC : 16 SO : 1999
03-07 21:43:40.982   788 18417 V msm8974_platform: platform_update_usecase_from_source: input source :6
03-07 21:43:40.982   788 18417 V msm8974_platform: platform_check_input_mask: enter check_input_mask source 6 mask 10
03-07 21:43:40.982   788 18417 V msm8974_platform: platform_get_input_snd_device: enter: out_device(0) in_device(0x4) channel_count (1) channel_mask (0x10)
03-07 21:43:40.982   788 18417 V msm8974_platform: platform_get_input_snd_device: exit: in_snd_device(voice-rec-mic)
03-07 21:43:40.982   788 18417 V msm8974_platform: platform_get_backend_index:napb: backend port - 5 device - 120 
03-07 21:43:40.982   788 18417 V msm8974_platform: platform_check_and_set_capture_backend_cfg:txbecf: afe: bitwidth 0, samplerate 0, channel 1, backend_idx 5 usecase = 9 device (voice-rec-mic)
03-07 21:43:40.982   788 18417 V msm8974_platform: platform_check_capture_backend_cfg:txbecf: afe: Codec selected backend: 5 current bit width: 0 and sample rate: 0, channels 1
03-07 21:43:40.982   788 18417 V msm8974_platform: platform_check_capture_backend_cfg:txbecf: afe: Codec selected backend: 5 updated bit width: 0 and sample rate: 0
03-07 21:43:40.982   788 18417 I msm8974_platform: platform_check_capture_backend_cfg:txbecf: afe: Codec backend needs to be updated. new bit width: 0 new sample rate: 0 new channel: 1
03-07 21:43:40.982   788 18417 V msm8974_platform: platform_get_backend_index:napb: backend port - 5 device - 120 
03-07 21:43:40.982   788 18417 V msm8974_platform: platform_set_backend_cfg:becf: afe: bitwidth 0, samplerate 0 channels 1, backend_idx 5 device (voice-rec-mic)
03-07 21:43:40.983   788 18417 E msm8974_platform: platform_set_backend_cfg:becf: afe: Could not get ctl for mixer command - SLIM_0_TX Format
03-07 21:43:40.983   788 18417 V msm8974_platform: platform_send_audio_calibration: sending audio calibration for snd_device(120) acdb_id(62)
03-07 21:43:40.983   788 18417 D ACDB-LOADER: ACDB -> send_audio_cal, acdb_id = 62, path = 1, app id = 0x11130, sample rate = 48000
03-07 21:43:40.983   788 18417 D ACDB-LOADER: ACDB -> send_asm_topology
03-07 21:43:40.983   788 18417 D ACDB-LOADER: ACDB -> ACDB_CMD_GET_AUDPROC_STREAM_TOPOLOGY_ID
03-07 21:43:40.983   788 18417 D ACDB-LOADER: ACDB -> send_adm_topology
03-07 21:43:40.983   788 18417 D ACDB-LOADER: ACDB -> ACDB_CMD_GET_AUDPROC_COMMON_TOPOLOGY_ID
03-07 21:43:40.983   788 18417 D ACDB-LOADER: ACDB -> send_audtable
03-07 21:43:40.983   788 18417 D ACDB-LOADER: ACDB -> ACDB_CMD_GET_AUDPROC_COMMON_TABLE_SIZE
03-07 21:43:40.983   788 18417 D ACDB-LOADER: ACDB -> ACDB_CMD_GET_AUDPROC_COMMON_TABLE
03-07 21:43:40.983   788 18417 D ACDB-LOADER: ACDB -> AUDIO_SET_AUDPROC_CAL
03-07 21:43:40.983   788 18417 D ACDB-LOADER: ACDB -> send_audvoltable
03-07 21:43:40.983   788 18417 D ACDB-LOADER: ACDB -> ACDB_CMD_GET_AUDPROC_VOL_STEP_TABLE_SIZE
03-07 21:43:40.983   788 18417 D ACDB-LOADER: ACDB -> ACDB_CMD_GET_AUDPROC_GAIN_DEP_STEP_TABLE, vol index 0
03-07 21:43:40.983   788 18417 D         : Failed to fetch the lookup information of the device 0000003E 
03-07 21:43:40.983   788 18417 D ACDB-LOADER: ACDB -> AUDIO_SET_VOL_CAL cal type = 12
03-07 21:43:40.983   788 18417 D ACDB-LOADER: ACDB -> ACDB_CMD_GET_AUDPROC_STREAM_TABLE_SIZE
03-07 21:43:40.983   788 18417 D ACDB-LOADER: ACDB -> send_audstrmtable
03-07 21:43:40.983   788 18417 D ACDB-LOADER: ACDB -> ACDB_CMD_GET_AUDPROC_STREAM_TABLE_V2
03-07 21:43:40.983   788 18417 D ACDB-LOADER: ACDB -> audstrm_cal->cal_type.cal_data.cal_size = 456
03-07 21:43:40.983   788 18417 D ACDB-LOADER: ACDB -> send_afe_topology
03-07 21:43:40.983   788 18417 D ACDB-LOADER: ACDB -> ACDB_CMD_GET_AFE_TOPOLOGY_ID
03-07 21:43:40.983   788 18417 D ACDB-LOADER: ACDB -> GET_AFE_TOPOLOGY_ID for adcd_id 62, Topology Id 112fb
03-07 21:43:40.983   788 18417 D ACDB-LOADER: ACDB -> send_afe_cal
03-07 21:43:40.983   788 18417 D ACDB-LOADER: ACDB -> ACDB_CMD_GET_AFE_COMMON_TABLE_SIZE
03-07 21:43:40.983   788 18417 D         : Failed to fetch the lookup information of the device 0000003E 
03-07 21:43:40.983   788 18417 E ACDB-LOADER: Error: ACDB_CMD_GET_AFE_COMMON_TABLE_SIZE Returned = -19
03-07 21:43:40.983   788 18417 D ACDB-LOADER: ACDB -> ACDB_CMD_GET_AFE_COMMON_TABLE
03-07 21:43:40.983   788 18417 D         : Failed to fetch the lookup information of the device 0000003E 
03-07 21:43:40.983   788 18417 D ACDB-LOADER: ACDB -> AUDIO_SET_AFE_CAL
03-07 21:43:40.983   788 18417 D ACDB-LOADER: ACDB -> send_hw_delay : acdb_id = 62 path = 1
03-07 21:43:40.983   788 18417 D ACDB-LOADER: ACDB -> ACDB_AVSYNC_INFO: ACDB_CMD_GET_DEVICE_PROPERTY
03-07 21:43:40.984   788 18417 D audio_hw_primary: enable_snd_device: snd_device(120: voice-rec-mic)
03-07 21:43:40.984   788 18417 D audio_route: Apply path: voice-rec-mic
03-07 21:43:40.986   788 18417 V msm8974_platform: platform_get_snd_device_backend_index: enter with device 120
03-07 21:43:40.986   788 18417 E msm8974_platform: platform_get_snd_device_backend_index: BE DAI Name Table is not present
03-07 21:43:40.986   788 18417 V msm8974_platform: platform_get_backend_index:napb: backend port - 5 device - 120 
03-07 21:43:40.986   788 18417 I audio_hw_utils: Set Audio Stream Capture 0 App Type Cfg: app_type 69936, acdb_dev_id 62, sample_rate 48000, snd_device_be_idx -14
03-07 21:43:40.986   788 18417 D audio_hw_primary: enable_audio_route: usecase(9) apply and update mixer path: audio-record
03-07 21:43:40.986   788 18417 D audio_route: Apply path: audio-record
03-07 21:43:41.055  3111  3156 I MicroDetectionWorker: onReady
03-07 21:43:41.365  1456  7796 I OpenGLRenderer: Initialized EGL, version 1.4
03-07 21:43:41.366  1456  7796 D OpenGLRenderer: Swap behavior 2
03-07 21:43:41.414  2748  2917 W OpenGLRenderer: Incorrectly called buildLayer on View: ShortcutAndWidgetContainer, destroying layer...
03-07 21:43:41.527 18178 18396 I chatty  : uid=11075(org.mozilla.fennec_aurora) expire 1 line
03-07 21:43:41.530 18178 18204 I chatty  : uid=11075(org.mozilla.fennec_aurora) expire 6 lines
03-07 21:43:41.562   808   808 I SFPerfTracer:      triggers: (rate: 57:1998077) (compose: 0:7) (post: 0:19) (render: 0:17) (6:9008221 frames) (7:11016332)
03-07 21:43:41.563   808   808 D SFPerfTracer:        layers: (4:12) (NavigationBar#0 (0xb07df000): 0:676813) (StatusBar#0 (0xb07e3000): 0:1773487) (com.android.systemui.ImageWallpaper#0 (0xb07e7000): 0:60194) (Sprite#0 (0xb0733000): 0:317)* (DimLayerController/Stack=0#0 (0xb075a000): 0:3780)* (Sprite#1 (0xb077c000): 0:195)* (com.android.launcher3/com.android.launcher3.CustomizationPanelLauncher#0 (0xb0763000): 0:39)- (com.android.launcher3/com.android.launcher3.CustomizationPanelLauncher#1 (0xb0771000): 0:10)- (Splash Screen org.mozilla.fennec_aurora#0 (0xb039b000): 0:31)- (org.mozilla.fennec_aurora/org.mozilla.fenix.HomeActivity#0 (0xb013a000): 0:47)- (com.android.launcher3/com.android.launcher3.CustomizationPanelLauncher#0 (0xb0763000): 7:35)* (com.android.launcher3/com.android.launcher3.CustomizationPanelLauncher#1 (0xb0771000): 1:6) 
03-07 21:43:41.693  1456  1466 I zygote  : NativeAlloc concurrent copying GC freed 36691(2MB) AllocSpace objects, 24(864KB) LOS objects, 38% free, 37MB/61MB, paused 147us total 327.985ms
03-07 21:43:46.000  1456  2402 I ActivityManager: Force stopping org.mozilla.fennec_aurora appid=11075 user=0: from pid 18423
03-07 21:43:46.000  1456  2402 I ActivityManager: Killing 18178:org.mozilla.fennec_aurora/u0a1075 (adj 700): stop org.mozilla.fennec_aurora
03-07 21:43:46.003  1456  1605 W zygote  : kill(-18178, 9) failed: No such process
03-07 21:43:46.005  1456  2402 W ActivityManager: Force removing ActivityRecord{6e5d6c9 u0 org.mozilla.fennec_aurora/org.mozilla.fenix.HomeActivity t32457}: app died, no saved state
03-07 21:43:46.013  1456  2402 I ActivityManager: Killing 18286:org.mozilla.fennec_aurora:socket/u0a1075 (adj 0): stop org.mozilla.fennec_aurora
03-07 21:43:46.018  1456  2402 I ActivityManager: Killing 18261:org.mozilla.fennec_aurora:tab/u0a1075 (adj 0): stop org.mozilla.fennec_aurora
03-07 21:43:46.018  1456  1605 W zygote  : kill(-18178, 9) failed: No such process
03-07 21:43:46.034  2398  2398 D CarrierSvcBindHelper: No carrier app for: 0
03-07 21:43:46.037  2398  2398 D CarrierSvcBindHelper: No carrier app for: 1
03-07 21:43:46.037  1456  1605 W zygote  : kill(-18178, 9) failed: No such process
03-07 21:43:46.038 17214 17214 I AppBase : onTrimMemory(): 15
03-07 21:43:46.038 17214 17214 I GoogleInputMethodService: onTrimMemory(): 15
03-07 21:43:46.053  1456  1605 W zygote  : kill(-18178, 9) failed: No such process
03-07 21:43:46.092  1456  1605 I chatty  : uid=1000(system) ActivityManager identical 3 lines
03-07 21:43:46.097  1456  1673 W ActivityManager: setHasOverlayUi called on unknown pid: 18178
03-07 21:43:46.105  1456  1605 W zygote  : kill(-18178, 9) failed: No such process
03-07 21:43:46.105  1456  1605 I zygote  : Successfully killed process cgroup uid 11075 pid 18178 in 103ms
03-07 21:43:46.106  1456  1605 W zygote  : kill(-18286, 9) failed: No such process
03-07 21:43:46.106  1456  1605 I zygote  : Successfully killed process cgroup uid 11075 pid 18286 in 0ms
03-07 21:43:46.106  1456  1605 W zygote  : kill(-18261, 9) failed: No such process
03-07 21:43:46.106  1456  1605 I zygote  : Successfully killed process cgroup uid 11075 pid 18261 in 0ms
03-07 21:43:46.131  1456  3927 I ActivityManager: START u0 {act=android.intent.action.MAIN cat=[android.intent.category.LAUNCHER] flg=0x10000000 cmp=org.mozilla.fennec_aurora/org.mozilla.fenix.HomeActivity} from uid 2000
03-07 21:43:46.132   794   839 E ANDR-PERF-RESOURCEQS: Failed to apply optimization [4, 0]
03-07 21:43:46.138  1456  7796 I OpenGLRenderer: Initialized EGL, version 1.4
03-07 21:43:46.138  1456  7796 D OpenGLRenderer: Swap behavior 2
03-07 21:43:46.151  1456  1471 I ActivityManager: Start proc 18432:org.mozilla.fennec_aurora/u0a1075 for activity org.mozilla.fennec_aurora/org.mozilla.fenix.HomeActivity
03-07 21:43:46.190  1456  1471 W ActivityManager: getTaskSnapshot: taskId=32457 not found
03-07 21:43:46.243  3111  3156 I MicroDetectionState: Should stop hotword detection immediately - false
03-07 21:43:46.243  3111  3156 I MicroDetector: Keeping mic open: false
03-07 21:43:46.243  3111  3156 I RecognitionAudioControl: #shutdownAudio [requestId: 6116792454743229037, keepAudioOpen: false, forced: true]
03-07 21:43:46.243  3111 12423 E DeviceStateChecker: DeviceStateChecker cancelled
03-07 21:43:46.244  3111  3156 I RecognitionAudioControl: #internalShutdownAudio [requestId: 6116792454743229037]
03-07 21:43:46.244  3111  3156 I RecognitionAudioControl: #internalShutdownAudio [keepAudioOpen: false, forced: true]
03-07 21:43:46.244  3111  3156 I RecognitionAudioControl: #actualShutdownAudio
03-07 21:43:46.244  3111  3156 I AudioController: #shutdown [requestId=6116792454743229037]
03-07 21:43:46.244  3111  3155 I AudioController: internalShutdown
03-07 21:43:46.244  3111  3140 I MicroRecognitionRunner: Stopping hotword detection.
03-07 21:43:46.296   788  1401 D audio_hw_primary: disable_audio_route: usecase(9) reset and update mixer path: audio-record
03-07 21:43:46.297   788  1401 D audio_hw_primary: disable_snd_device: snd_device(120: voice-rec-mic)
03-07 21:43:46.299  1012  1302 D APM_AudioPolicyManager: stopInput() input 184126, session 184233
03-07 21:43:46.300   788  1479 D audio_hw_primary: in_set_parameters: enter: kvpairs=routing=0
03-07 21:43:46.302  3111  3155 I MicrophoneInputStream: mic_close  SR : 16000 CC : 16 SO : 1999
03-07 21:43:46.302  3111  3155 E AudioSource: Stop listening is called on already closed AudioSource
03-07 21:43:46.304  3111 12420 I MicroRecognitionRunner: Detection finished
03-07 21:43:46.314 18432 18432 I chatty  : uid=11075(org.mozilla.fennec_aurora) expire 37 lines
03-07 21:43:46.389 18432 18451 I chatty  : uid=11075(org.mozilla.fennec_aurora) expire 4 lines
03-07 21:43:46.402  1456  2920 D ConnectivityService: requestNetwork for uid/pid:11075/18432 NetworkRequest [ TRACK_DEFAULT id=29698, [ Capabilities: INTERNET&NOT_RESTRICTED&TRUSTED&NOT_VPN] ]
03-07 21:43:46.404  1456  2099 D Ethernet: got request NetworkRequest [ TRACK_DEFAULT id=29698, [ Capabilities: INTERNET&NOT_RESTRICTED&TRUSTED&NOT_VPN] ] with score 0
03-07 21:43:46.404  1456  2054 D WIFI_UT : got request NetworkRequest [ TRACK_DEFAULT id=29698, [ Capabilities: INTERNET&NOT_RESTRICTED&TRUSTED&NOT_VPN] ] with score 0
03-07 21:43:46.404  2398  2398 D PhoneSwitcherNetworkRequstListener: got request NetworkRequest [ TRACK_DEFAULT id=29698, [ Capabilities: INTERNET&NOT_RESTRICTED&TRUSTED&NOT_VPN] ] with score 0
03-07 21:43:46.405  1456  2054 D WIFI    : got request NetworkRequest [ TRACK_DEFAULT id=29698, [ Capabilities: INTERNET&NOT_RESTRICTED&TRUSTED&NOT_VPN] ] with score 0
