04-08 21:44:41.621   788  2999 V msm8974_platform: platform_check_and_set_capture_backend_cfg:txbecf: afe: bitwidth 0, samplerate 0, channel 1, backend_idx 5 usecase = 9 device (voice-rec-mic)
04-08 21:44:41.621   788  2999 V msm8974_platform: platform_check_capture_backend_cfg:txbecf: afe: Codec selected backend: 5 current bit width: 0 and sample rate: 0, channels 1
04-08 21:44:41.621   788  2999 V msm8974_platform: platform_check_capture_backend_cfg:txbecf: afe: Codec selected backend: 5 updated bit width: 0 and sample rate: 0
04-08 21:44:41.621   788  2999 I msm8974_platform: platform_check_capture_backend_cfg:txbecf: afe: Codec backend needs to be updated. new bit width: 0 new sample rate: 0 new channel: 1
04-08 21:44:41.621   788  2999 V msm8974_platform: platform_get_backend_index:napb: backend port - 5 device - 120 
04-08 21:44:41.621   788  2999 V msm8974_platform: platform_set_backend_cfg:becf: afe: bitwidth 0, samplerate 0 channels 1, backend_idx 5 device (voice-rec-mic)
04-08 21:44:41.621   788  2999 E msm8974_platform: platform_set_backend_cfg:becf: afe: Could not get ctl for mixer command - SLIM_0_TX Format
04-08 21:44:41.621   788  2999 V msm8974_platform: platform_send_audio_calibration: sending audio calibration for snd_device(120) acdb_id(62)
04-08 21:44:41.621   788  2999 D ACDB-LOADER: ACDB -> send_audio_cal, acdb_id = 62, path = 1, app id = 0x11130, sample rate = 48000
04-08 21:44:41.621   788  2999 D ACDB-LOADER: ACDB -> send_asm_topology
04-08 21:44:41.621   788  2999 D ACDB-LOADER: ACDB -> ACDB_CMD_GET_AUDPROC_STREAM_TOPOLOGY_ID
04-08 21:44:41.621   788  2999 D ACDB-LOADER: ACDB -> send_adm_topology
04-08 21:44:41.622   788  2999 D ACDB-LOADER: ACDB -> ACDB_CMD_GET_AUDPROC_COMMON_TOPOLOGY_ID
04-08 21:44:41.622   788  2999 D ACDB-LOADER: ACDB -> send_audtable
04-08 21:44:41.622   788  2999 D ACDB-LOADER: ACDB -> ACDB_CMD_GET_AUDPROC_COMMON_TABLE_SIZE
04-08 21:44:41.622   788  2999 D ACDB-LOADER: ACDB -> ACDB_CMD_GET_AUDPROC_COMMON_TABLE
04-08 21:44:41.622   788  2999 D ACDB-LOADER: ACDB -> AUDIO_SET_AUDPROC_CAL
04-08 21:44:41.622   788  2999 D ACDB-LOADER: ACDB -> send_audvoltable
04-08 21:44:41.622   788  2999 D ACDB-LOADER: ACDB -> ACDB_CMD_GET_AUDPROC_VOL_STEP_TABLE_SIZE
04-08 21:44:41.622   788  2999 D ACDB-LOADER: ACDB -> ACDB_CMD_GET_AUDPROC_GAIN_DEP_STEP_TABLE, vol index 0
04-08 21:44:41.622   788  2999 D         : Failed to fetch the lookup information of the device 0000003E 
04-08 21:44:41.622   788  2999 D ACDB-LOADER: ACDB -> AUDIO_SET_VOL_CAL cal type = 12
04-08 21:44:41.622   788  2999 D ACDB-LOADER: ACDB -> ACDB_CMD_GET_AUDPROC_STREAM_TABLE_SIZE
04-08 21:44:41.622   788  2999 D ACDB-LOADER: ACDB -> send_audstrmtable
04-08 21:44:41.622   788  2999 D ACDB-LOADER: ACDB -> ACDB_CMD_GET_AUDPROC_STREAM_TABLE_V2
04-08 21:44:41.622   788  2999 D ACDB-LOADER: ACDB -> audstrm_cal->cal_type.cal_data.cal_size = 456
04-08 21:44:41.622   788  2999 D ACDB-LOADER: ACDB -> send_afe_topology
04-08 21:44:41.622   788  2999 D ACDB-LOADER: ACDB -> ACDB_CMD_GET_AFE_TOPOLOGY_ID
04-08 21:44:41.622   788  2999 D ACDB-LOADER: ACDB -> GET_AFE_TOPOLOGY_ID for adcd_id 62, Topology Id 112fb
04-08 21:44:41.622   788  2999 D ACDB-LOADER: ACDB -> send_afe_cal
04-08 21:44:41.622   788  2999 D ACDB-LOADER: ACDB -> ACDB_CMD_GET_AFE_COMMON_TABLE_SIZE
04-08 21:44:41.622   788  2999 D         : Failed to fetch the lookup information of the device 0000003E 
04-08 21:44:41.622   788  2999 E ACDB-LOADER: Error: ACDB_CMD_GET_AFE_COMMON_TABLE_SIZE Returned = -19
04-08 21:44:41.622   788  2999 D ACDB-LOADER: ACDB -> ACDB_CMD_GET_AFE_COMMON_TABLE
04-08 21:44:41.622   788  2999 D         : Failed to fetch the lookup information of the device 0000003E 
04-08 21:44:41.622   788  2999 D ACDB-LOADER: ACDB -> AUDIO_SET_AFE_CAL
04-08 21:44:41.622   788  2999 D ACDB-LOADER: ACDB -> send_hw_delay : acdb_id = 62 path = 1
04-08 21:44:41.622   788  2999 D ACDB-LOADER: ACDB -> ACDB_AVSYNC_INFO: ACDB_CMD_GET_DEVICE_PROPERTY
04-08 21:44:41.622   788  2999 D audio_hw_primary: enable_snd_device: snd_device(120: voice-rec-mic)
04-08 21:44:41.622   788  2999 D audio_route: Apply path: voice-rec-mic
04-08 21:44:41.624   788  2999 V msm8974_platform: platform_get_snd_device_backend_index: enter with device 120
04-08 21:44:41.624   788  2999 E msm8974_platform: platform_get_snd_device_backend_index: BE DAI Name Table is not present
04-08 21:44:41.624   788  2999 V msm8974_platform: platform_get_backend_index:napb: backend port - 5 device - 120 
04-08 21:44:41.624   788  2999 I audio_hw_utils: Set Audio Stream Capture 0 App Type Cfg: app_type 69936, acdb_dev_id 62, sample_rate 48000, snd_device_be_idx -14
04-08 21:44:41.625   788  2999 D audio_hw_primary: enable_audio_route: usecase(9) apply and update mixer path: audio-record
04-08 21:44:41.625   788  2999 D audio_route: Apply path: audio-record
04-08 21:44:41.694 17373 17428 I MicroDetectionWorker: onReady
04-08 21:44:42.001  1456  7796 I OpenGLRenderer: Initialized EGL, version 1.4
04-08 21:44:42.001  1456  7796 D OpenGLRenderer: Swap behavior 2
04-08 21:44:42.050  2748  2917 W OpenGLRenderer: Incorrectly called buildLayer on View: ShortcutAndWidgetContainer, destroying layer...
04-08 21:44:42.157  2739  2928 I chatty  : uid=11251(org.mozilla.fennec_aurora) expire 1 line
04-08 21:44:42.373  1456  1466 I zygote  : NativeAlloc concurrent copying GC freed 96875(10MB) AllocSpace objects, 26(904KB) LOS objects, 36% free, 42MB/66MB, paused 150us total 372.550ms
04-08 21:44:46.611  1456  5050 I ActivityManager: Force stopping org.mozilla.fennec_aurora appid=11251 user=0: from pid 3004
04-08 21:44:46.611  1456  5050 I ActivityManager: Killing 2739:org.mozilla.fennec_aurora/u0a1251 (adj 700): stop org.mozilla.fennec_aurora
04-08 21:44:46.613  1456  1605 W zygote  : kill(-2739, 9) failed: No such process
04-08 21:44:46.615  1456  5050 W ActivityManager: Force removing ActivityRecord{bbefbd2 u0 org.mozilla.fennec_aurora/org.mozilla.fenix.HomeActivity t60566}: app died, no saved state
04-08 21:44:46.623  1456  5050 I ActivityManager: Killing 2847:org.mozilla.fennec_aurora:tab/u0a1251 (adj 0): stop org.mozilla.fennec_aurora
04-08 21:44:46.625  1456  1605 W zygote  : kill(-2739, 9) failed: No such process
04-08 21:44:46.637  2398  2398 D CarrierSvcBindHelper: No carrier app for: 0
04-08 21:44:46.638  2398  2398 D CarrierSvcBindHelper: No carrier app for: 1
04-08 21:44:46.639  1456  1605 W zygote  : kill(-2739, 9) failed: No such process
04-08 21:44:46.679  1456  1605 I chatty  : uid=1000(system) ActivityManager identical 3 lines
04-08 21:44:46.686  1456  1673 W ActivityManager: setHasOverlayUi called on unknown pid: 2739
04-08 21:44:46.695  1456  1605 W zygote  : kill(-2739, 9) failed: No such process
04-08 21:44:46.695  1456  1605 I zygote  : Successfully killed process cgroup uid 11251 pid 2739 in 82ms
04-08 21:44:46.695  1456  1605 W zygote  : kill(-2847, 9) failed: No such process
04-08 21:44:46.695  1456  1605 I zygote  : Successfully killed process cgroup uid 11251 pid 2847 in 0ms
04-08 21:44:46.731  1456  3925 I ActivityManager: START u0 {act=android.intent.action.MAIN cat=[android.intent.category.LAUNCHER] flg=0x10000000 cmp=org.mozilla.fennec_aurora/.App} from uid 2000
04-08 21:44:46.732   794   839 E ANDR-PERF-RESOURCEQS: Failed to apply optimization [4, 0]
04-08 21:44:46.753  1456 10366 I ActivityManager: Start proc 3012:org.mozilla.fennec_aurora/u0a1251 for activity org.mozilla.fennec_aurora/.App
04-08 21:44:46.842 17373 17428 I MicroDetectionState: Should stop hotword detection immediately - false
04-08 21:44:46.843 17373 17402 E DeviceStateChecker: DeviceStateChecker cancelled
04-08 21:44:46.843 17373 17428 I MicroDetector: Keeping mic open: false
04-08 21:44:46.843 17373 17428 I RecognitionAudioControl: #shutdownAudio [requestId: -4783631664898271777, keepAudioOpen: false, forced: true]
04-08 21:44:46.844 17373 17428 I RecognitionAudioControl: #internalShutdownAudio [requestId: -4783631664898271777]
04-08 21:44:46.844 17373 17428 I RecognitionAudioControl: #internalShutdownAudio [keepAudioOpen: false, forced: true]
04-08 21:44:46.844 17373 17428 I RecognitionAudioControl: #actualShutdownAudio
04-08 21:44:46.844 17373 17428 I AudioController: #shutdown [requestId=-4783631664898271777]
04-08 21:44:46.844 17373 17392 I AudioController: internalShutdown
04-08 21:44:46.844 17373 17426 I MicroRecognitionRunner: Stopping hotword detection.
04-08 21:44:46.894   788  1401 D audio_hw_primary: disable_audio_route: usecase(9) reset and update mixer path: audio-record
04-08 21:44:46.895   788  1401 D audio_hw_primary: disable_snd_device: snd_device(120: voice-rec-mic)
04-08 21:44:46.897  1012  8317 D APM_AudioPolicyManager: stopInput() input 300638, session 300753
04-08 21:44:46.898   788  1401 D audio_hw_primary: in_set_parameters: enter: kvpairs=routing=0
04-08 21:44:46.901 17373 17392 I MicrophoneInputStream: mic_close  SR : 16000 CC : 16 SO : 1999
04-08 21:44:46.901 17373 17392 E AudioSource: Stop listening is called on already closed AudioSource
04-08 21:44:46.903 17373 17475 I MicroRecognitionRunner: Detection finished
04-08 21:44:46.923  3012  3012 I chatty  : uid=11251(org.mozilla.fennec_aurora) expire 39 lines
04-08 21:44:47.001  3012  3031 I chatty  : uid=11251(org.mozilla.fennec_aurora) expire 4 lines
04-08 21:44:47.016  1456  5050 D ConnectivityService: requestNetwork for uid/pid:11251/3012 NetworkRequest [ TRACK_DEFAULT id=37359, [ Capabilities: INTERNET&NOT_RESTRICTED&TRUSTED&NOT_VPN] ]
04-08 21:44:47.018  1456  2099 D Ethernet: got request NetworkRequest [ TRACK_DEFAULT id=37359, [ Capabilities: INTERNET&NOT_RESTRICTED&TRUSTED&NOT_VPN] ] with score 0
04-08 21:44:47.018  1456  2054 D WIFI_UT : got request NetworkRequest [ TRACK_DEFAULT id=37359, [ Capabilities: INTERNET&NOT_RESTRICTED&TRUSTED&NOT_VPN] ] with score 0
04-08 21:44:47.019  1456  2054 D WIFI    : got request NetworkRequest [ TRACK_DEFAULT id=37359, [ Capabilities: INTERNET&NOT_RESTRICTED&TRUSTED&NOT_VPN] ] with score 0
04-08 21:44:47.019  2398  2398 D PhoneSwitcherNetworkRequstListener: got request NetworkRequest [ TRACK_DEFAULT id=37359, [ Capabilities: INTERNET&NOT_RESTRICTED&TRUSTED&NOT_VPN] ] with score 0
04-08 21:44:47.039  3012  3042 I chatty  : uid=11251(org.mozilla.fennec_aurora) expire 13 lines
04-08 21:44:47.058  3012  3041 I chatty  : uid=11251(org.mozilla.fennec_aurora) expire 11 lines
04-08 21:44:47.096  3012  3056 I chatty  : uid=11251(org.mozilla.fennec_aurora) expire 22 lines
04-08 21:44:47.186  3012  3060 I chatty  : uid=11251(org.mozilla.fennec_aurora) expire 1 line
04-08 21:44:47.191   808   898 I SFPerfTracer:      triggers: (rate: 0:1) (0 sw vsyncs) (0 skipped) (20:6400463 vsyncs) (22:13281289)
04-08 21:44:47.203  3012  3067 I chatty  : uid=11251(org.mozilla.fennec_aurora) expire 10 lines
04-08 21:44:47.253  1456  3927 I ActivityManager: START u0 {act=android.intent.action.MAIN cat=[android.intent.category.LAUNCHER] flg=0x10000000 cmp=org.mozilla.fennec_aurora/org.mozilla.fenix.HomeActivity (has extras)} from uid 11251
04-08 21:44:47.270  3012  3017 I chatty  : uid=11251(org.mozilla.fennec_aurora) expire 8 lines
04-08 21:44:47.279   808   808 D SurfaceFlinger: duplicate layer name: changing Splash Screen org.mozilla.fennec_aurora to Splash Screen org.mozilla.fennec_aurora#1
04-08 21:44:47.583 31631 31647 E AuthStateProvider: Calling package disagreement. Legacy: org.mozilla.fennec.sharedID:11251, new API: org.mozilla.fennec_aurora
04-08 21:44:47.583 31631 31647 D AuthStateProvider: Caller must be whitelisted.
04-08 21:44:47.584  3012  3012 E ActivityThread: Failed to find provider info for org.mozilla.fennec_aurora.fxa.auth
04-08 21:44:47.624  1456  3925 I ActivityManager: Start proc 3106:org.mozilla.fennec_aurora:tab/u0a1251 for service org.mozilla.fennec_aurora/org.mozilla.gecko.process.GeckoChildProcessServices$tab
04-08 21:44:47.683  3012  3123 I chatty  : uid=11251(org.mozilla.fennec_aurora) expire 9 lines
04-08 21:44:47.755  3106  3106 I chatty  : uid=11251(org.mozilla.fennec_aurora) expire 1 line
04-08 21:44:47.756  3106  3127 I chatty  : uid=11251(org.mozilla.fennec_aurora) expire 1 line
04-08 21:44:48.056  1456  1673 I LaunchCheckinHandler: Displayed org.mozilla.fennec_aurora/org.mozilla.fenix.HomeActivity,wp,ca,759
04-08 21:44:48.057  1456  1673 I ActivityManager: Displayed org.mozilla.fennec_aurora/org.mozilla.fenix.HomeActivity: +751ms (total +1s308ms)
04-08 21:44:48.076 17373 17373 I MemoryTrimmer: Trimming objects from memory, since app is in the background.
04-08 21:44:48.083 17373 17373 I MemoryTrimmer: Trimming objects from memory, since app is in the background.
04-08 21:44:48.087 17373 31678 I PBSessionCacheImpl: Deleted sessionId[76408848338800439] from persistence.
04-08 21:44:48.090  1456  3927 I WifiService: getWifiEnabledState uid=10073
04-08 21:44:48.091 17373 17428 I DEBUG   : OpaToSrpTransitionState#onStateChanged#notNullQuery
04-08 21:44:48.092 17373 17428 I DEBUG   : OpaToSrpTransitionState#onStateChanged#notNullQuery
04-08 21:44:48.094 17373 17428 W SearchServiceCore: Abort, client detached.
04-08 21:44:48.118 31631 31647 E AuthStateProvider: Calling package disagreement. Legacy: org.mozilla.fennec.sharedID:11251, new API: org.mozilla.fennec_aurora
04-08 21:44:48.118 31631 31647 D AuthStateProvider: Caller must be whitelisted.
04-08 21:44:48.119  3012  3012 E ActivityThread: Failed to find provider info for org.mozilla.fennec_aurora.fxa.auth
04-08 21:44:48.246   808   808 I SFPerfTracer:      triggers: (rate: 86:2027679) (compose: 0:7) (post: 0:19) (render: 0:17) (0:10450359 frames) (1:13177440)
04-08 21:44:48.247   808   808 D SFPerfTracer:        layers: (3:12) (NavigationBar#0 (0xb07df000): 0:984770) (StatusBar#0 (0xb07e3000): 0:2269726) (com.android.systemui.ImageWallpaper#0 (0xb07e7000): 0:91545)* (Sprite#0 (0xb0733000): 0:317)* (DimLayerController/Stack=0#0 (0xb075a000): 0:3866)* (Sprite#1 (0xb077c000): 0:195)* (org.mozilla.fennec_aurora/org.mozilla.fenix.HomeActivity#0 (0xb039b000): 0:47)- (com.android.launcher3/com.android.launcher3.CustomizationPanelLauncher#0 (0xb0763000): 0:39)- (com.android.launcher3/com.android.launcher3.CustomizationPanelLauncher#1 (0xb0771000): 0:11)- (Splash Screen org.mozilla.fennec_aurora#0 (0xb039b000): 0:19)- (Splash Screen org.mozilla.fennec_aurora#1 (0xb013a000): 1:30)* (org.mozilla.fennec_aurora/org.mozilla.fenix.HomeActivity#0 (0xb039b000): 1:13) 
04-08 21:44:48.544  3012  3012 I chatty  : uid=11251(org.mozilla.fennec_aurora) expire 14 lines
04-08 21:44:48.549  3012  3056 I chatty  : uid=11251(org.mozilla.fennec_aurora) expire 5 lines
04-08 21:44:48.582  3012  3152 I chatty  : uid=11251(org.mozilla.fennec_aurora) expire 2 lines
04-08 21:44:48.721  1023  3158 D libc    : Internal error: netid(0), id(0x518), server(0.0.0.0)
04-08 21:44:48.721  1023  3158 D libc    : Internal error: netid(0), id(0x518), server(0.0.0.0)
04-08 21:44:48.722  1023  3158 D libc    : Internal error: netid(0), id(0x323a), server(0.0.0.0)
04-08 21:44:48.722  1023  3158 D libc    : Internal error: netid(0), id(0x323a), server(0.0.0.0)
04-08 21:44:48.733  1023  3167 D libc    : Internal error: netid(0), id(0x4040), server(0.0.0.0)
04-08 21:44:48.733  1023  3167 D libc    : Internal error: netid(0), id(0x4040), server(0.0.0.0)
04-08 21:44:48.734  1023  3167 D libc    : Internal error: netid(0), id(0x5353), server(0.0.0.0)
04-08 21:44:48.734  1023  3167 D libc    : Internal error: netid(0), id(0x5353), server(0.0.0.0)
04-08 21:44:48.734  1023  3169 D libc    : Internal error: netid(0), id(0xdc57), server(0.0.0.0)
04-08 21:44:48.735  1023  3169 D libc    : Internal error: netid(0), id(0xdc57), server(0.0.0.0)
04-08 21:44:48.735  1023  3169 D libc    : Internal error: netid(0), id(0x7209), server(0.0.0.0)
04-08 21:44:48.735  1023  3169 D libc    : Internal error: netid(0), id(0x7209), server(0.0.0.0)
04-08 21:44:48.738  1023  3175 D libc    : Internal error: netid(0), id(0x154d), server(0.0.0.0)
04-08 21:44:48.738  1023  3175 D libc    : Internal error: netid(0), id(0x154d), server(0.0.0.0)
04-08 21:44:48.738  1023  3175 D libc    : Internal error: netid(0), id(0xd970), server(0.0.0.0)
04-08 21:44:48.739  1023  3175 D libc    : Internal error: netid(0), id(0xd970), server(0.0.0.0)
04-08 21:44:48.752  3012  3042 I chatty  : uid=11251(org.mozilla.fennec_aurora) expire 1 line
04-08 21:44:48.753  3012  3075 I chatty  : uid=11251(org.mozilla.fennec_aurora) expire 1 line
04-08 21:44:48.754  3012  3074 I chatty  : uid=11251(org.mozilla.fennec_aurora) expire 1 line
04-08 21:44:48.786  3012  3194 I chatty  : uid=11251(org.mozilla.fennec_aurora) expire 1 line
04-08 21:44:52.389  3237  3237 D AndroidRuntime: >>>>>> START com.android.internal.os.RuntimeInit uid 2000 <<<<<<
04-08 21:44:52.402  3237  3237 W app_process: Could not reserve sentinel fault page
04-08 21:44:52.568  3237  3237 I app_process: The ClassLoaderContext is a special shared library.
04-08 21:44:52.637  3237  3237 D AndroidRuntime: Calling main entry com.android.commands.input.Input
04-08 21:44:52.638  3237  3237 I Input   : injectKeyEvent: KeyEvent { action=ACTION_DOWN, keyCode=KEYCODE_HOME, scanCode=0, metaState=0, flags=0x0, repeatCount=0, eventTime=18472747918, downTime=18472747918, deviceId=-1, source=0x101 }
04-08 21:44:52.651  3237  3237 I Input   : injectKeyEvent: KeyEvent { action=ACTION_UP, keyCode=KEYCODE_HOME, scanCode=0, metaState=0, flags=0x0, repeatCount=0, eventTime=18472747918, downTime=18472747918, deviceId=-1, source=0x101 }
04-08 21:44:52.657  1456  1941 I ActivityManager: START u0 {act=android.intent.action.MAIN cat=[android.intent.category.HOME] flg=0x10200000 cmp=com.android.launcher3/.CustomizationPanelLauncher (has extras)} from uid 1000
04-08 21:44:52.657   794   839 E ANDR-PERF-RESOURCEQS: Failed to apply optimization [4, 0]
04-08 21:44:52.668  1456  1941 I ActivityManager: moveHomeStack, setupComplete:true
04-08 21:44:52.674 17373 17422 I Adreno  : QUALCOMM build                   : bb5b86c, I77d3059488
04-08 21:44:52.674 17373 17422 I Adreno  : Build Date                       : 06/07/18
04-08 21:44:52.674 17373 17422 I Adreno  : OpenGL ES Shader Compiler Version: EV031.22.00.01_06
04-08 21:44:52.674 17373 17422 I Adreno  : Local Branch                     : 
04-08 21:44:52.674 17373 17422 I Adreno  : Remote Branch                    : refs/tags/AU_LINUX_ANDROID_LA.UM.6.5.R1.08.01.00.312.086
04-08 21:44:52.674 17373 17422 I Adreno  : Remote Branch                    : NONE
04-08 21:44:52.674 17373 17422 I Adreno  : Reconstruct Branch               : NOTHING
04-08 21:44:52.677 17373 17422 D vndksupport: Loading /vendor/lib/hw/gralloc.msm8937.so from current namespace instead of sphal namespace.
04-08 21:44:52.680 17373 17422 I Adreno  : PFP: 0x005ff087, ME: 0x005ff063
04-08 21:44:52.680  3237  3237 D AndroidRuntime: Shutting down VM
04-08 21:44:52.684 17373 17422 I zygote  : android::hardware::configstore::V1_0::ISurfaceFlingerConfigs::hasWideColorDisplay retrieved: 0
04-08 21:44:52.685 17373 17422 I OpenGLRenderer: Initialized EGL, version 1.4
04-08 21:44:52.685 17373 17422 D OpenGLRenderer: Swap behavior 2
04-08 21:44:52.692  2748  2748 D Launcher.Utilities: Wakeup weather: Intent { act=com.motorola.launcher3.action.WAKEUP_WEATHER cmp=com.motorola.timeweatherwidget/com.motorola.commandcenter.weather.WakeUpService }
04-08 21:44:52.715  1456  1456 I NotificationService: Cannot find enqueued record for key: 0|com.motorola.timeweatherwidget|1|null|10116
04-08 21:44:52.718   808   808 D SurfaceFlinger: duplicate layer name: changing com.android.launcher3/com.android.launcher3.CustomizationPanelLauncher to com.android.launcher3/com.android.launcher3.CustomizationPanelLauncher#1
04-08 21:44:52.732  1456  5050 I WifiService: getWifiEnabledState uid=10073
04-08 21:44:52.732 17373 17393 W ThreadPoolDumper: Queue length for executor EventBus is now 11. Perhaps some tasks are too long, or the pool is too small.
04-08 21:44:52.746  1456  4797 I WifiService: getWifiEnabledState uid=10073
04-08 21:44:52.756 17373 17428 I DEBUG   : OpaToSrpTransitionState#onStateChanged#notNullQuery
04-08 21:44:52.757 17373 17428 I DEBUG   : OpaToSrpTransitionState#onStateChanged#notNullQuery
04-08 21:44:52.777 17373 17428 I MicroDetectionState: Should stop hotword detection immediately - false
04-08 21:44:52.780 17373 17428 I MicroDetectionWorker: #startMicroDetector [speakerMode: 0]
04-08 21:44:52.781 17373 17428 I AudioController: Created new AudioSource
04-08 21:44:52.814  1456  1673 I LaunchCheckinHandler: Displayed com.android.launcher3/.CustomizationPanelLauncher,wp,wa,157
04-08 21:44:52.815 17373 17396 I MicroDataManager: isInitializedWithLatestParams-true
04-08 21:44:52.815 17373 17396 I MicroDataManager: isInitializing-false locale not changed-true model not changed-true
04-08 21:44:52.815 17373 17396 I MicroDataManager: Already initialized, obtaining the hotword data immediately.
04-08 21:44:52.819 17373 17402 I MicroRecognitionRunner: Starting detection.
04-08 21:44:52.819 17373 17402 I InputStreamUtils: Using micInputStream
04-08 21:44:52.820 17373 31678 I MicrophoneInputStream: mic_starting  SR : 16000 CC : 16 SO : 1999
04-08 21:44:52.825   788  1401 V msm8974_platform: platform_check_input_mask: enter check_input_mask source 6 mask 10
04-08 21:44:52.827  1012  3251 I AudioFlinger: AudioFlinger's thread 0xb24830c0 tid=3251 ready to run
04-08 21:44:52.833   788  1401 D audio_hw_primary: in_set_parameters: enter: kvpairs=input_source=6;routing=-2147483644
04-08 21:44:52.834  1012 13178 D APM_AudioPolicyManager: AudioPolicyManager::startInput() input 300646, session 300761, source = 1999
04-08 21:44:52.834 17373 31678 I MicrophoneInputStream: mic_started  SR : 16000 CC : 16 SO : 1999
04-08 21:44:52.836   788  3252 V msm8974_platform: platform_update_usecase_from_source: input source :6
04-08 21:44:52.836   788  3252 V msm8974_platform: platform_check_input_mask: enter check_input_mask source 6 mask 10
04-08 21:44:52.836   788  3252 V msm8974_platform: platform_get_input_snd_device: enter: out_device(0) in_device(0x4) channel_count (1) channel_mask (0x10)
04-08 21:44:52.836   788  3252 V msm8974_platform: platform_get_input_snd_device: exit: in_snd_device(voice-rec-mic)
04-08 21:44:52.836   788  3252 V msm8974_platform: platform_get_backend_index:napb: backend port - 5 device - 120 
04-08 21:44:52.836   788  3252 V msm8974_platform: platform_check_and_set_capture_backend_cfg:txbecf: afe: bitwidth 0, samplerate 0, channel 1, backend_idx 5 usecase = 9 device (voice-rec-mic)
04-08 21:44:52.836   788  3252 V msm8974_platform: platform_check_capture_backend_cfg:txbecf: afe: Codec selected backend: 5 current bit width: 0 and sample rate: 0, channels 1
04-08 21:44:52.837   788  3252 V msm8974_platform: platform_check_capture_backend_cfg:txbecf: afe: Codec selected backend: 5 updated bit width: 0 and sample rate: 0
04-08 21:44:52.837   788  3252 I msm8974_platform: platform_check_capture_backend_cfg:txbecf: afe: Codec backend needs to be updated. new bit width: 0 new sample rate: 0 new channel: 1
04-08 21:44:52.837   788  3252 V msm8974_platform: platform_get_backend_index:napb: backend port - 5 device - 120 
04-08 21:44:52.837   788  3252 V msm8974_platform: platform_set_backend_cfg:becf: afe: bitwidth 0, samplerate 0 channels 1, backend_idx 5 device (voice-rec-mic)
04-08 21:44:52.837   788  3252 E msm8974_platform: platform_set_backend_cfg:becf: afe: Could not get ctl for mixer command - SLIM_0_TX Format
04-08 21:44:52.837   788  3252 V msm8974_platform: platform_send_audio_calibration: sending audio calibration for snd_device(120) acdb_id(62)
04-08 21:44:52.837   788  3252 D ACDB-LOADER: ACDB -> send_audio_cal, acdb_id = 62, path = 1, app id = 0x11130, sample rate = 48000
04-08 21:44:52.837   788  3252 D ACDB-LOADER: ACDB -> send_asm_topology
04-08 21:44:52.837   788  3252 D ACDB-LOADER: ACDB -> ACDB_CMD_GET_AUDPROC_STREAM_TOPOLOGY_ID
04-08 21:44:52.837   788  3252 D ACDB-LOADER: ACDB -> send_adm_topology
04-08 21:44:52.837   788  3252 D ACDB-LOADER: ACDB -> ACDB_CMD_GET_AUDPROC_COMMON_TOPOLOGY_ID
04-08 21:44:52.837   788  3252 D ACDB-LOADER: ACDB -> send_audtable
04-08 21:44:52.837   788  3252 D ACDB-LOADER: ACDB -> ACDB_CMD_GET_AUDPROC_COMMON_TABLE_SIZE
04-08 21:44:52.837   788  3252 D ACDB-LOADER: ACDB -> ACDB_CMD_GET_AUDPROC_COMMON_TABLE
04-08 21:44:52.837   788  3252 D ACDB-LOADER: ACDB -> AUDIO_SET_AUDPROC_CAL
04-08 21:44:52.837   788  3252 D ACDB-LOADER: ACDB -> send_audvoltable
04-08 21:44:52.837   788  3252 D ACDB-LOADER: ACDB -> ACDB_CMD_GET_AUDPROC_VOL_STEP_TABLE_SIZE
04-08 21:44:52.837   788  3252 D ACDB-LOADER: ACDB -> ACDB_CMD_GET_AUDPROC_GAIN_DEP_STEP_TABLE, vol index 0
04-08 21:44:52.837   788  3252 D         : Failed to fetch the lookup information of the device 0000003E 
04-08 21:44:52.837   788  3252 D ACDB-LOADER: ACDB -> AUDIO_SET_VOL_CAL cal type = 12
04-08 21:44:52.837   788  3252 D ACDB-LOADER: ACDB -> ACDB_CMD_GET_AUDPROC_STREAM_TABLE_SIZE
04-08 21:44:52.837   788  3252 D ACDB-LOADER: ACDB -> send_audstrmtable
04-08 21:44:52.837   788  3252 D ACDB-LOADER: ACDB -> ACDB_CMD_GET_AUDPROC_STREAM_TABLE_V2
04-08 21:44:52.837   788  3252 D ACDB-LOADER: ACDB -> audstrm_cal->cal_type.cal_data.cal_size = 456
04-08 21:44:52.837   788  3252 D ACDB-LOADER: ACDB -> send_afe_topology
04-08 21:44:52.838   788  3252 D ACDB-LOADER: ACDB -> ACDB_CMD_GET_AFE_TOPOLOGY_ID
04-08 21:44:52.838   788  3252 D ACDB-LOADER: ACDB -> GET_AFE_TOPOLOGY_ID for adcd_id 62, Topology Id 112fb
04-08 21:44:52.838   788  3252 D ACDB-LOADER: ACDB -> send_afe_cal
04-08 21:44:52.838   788  3252 D ACDB-LOADER: ACDB -> ACDB_CMD_GET_AFE_COMMON_TABLE_SIZE
04-08 21:44:52.838   788  3252 D         : Failed to fetch the lookup information of the device 0000003E 
04-08 21:44:52.838   788  3252 E ACDB-LOADER: Error: ACDB_CMD_GET_AFE_COMMON_TABLE_SIZE Returned = -19
04-08 21:44:52.838   788  3252 D ACDB-LOADER: ACDB -> ACDB_CMD_GET_AFE_COMMON_TABLE
04-08 21:44:52.838   788  3252 D         : Failed to fetch the lookup information of the device 0000003E 
04-08 21:44:52.838   788  3252 D ACDB-LOADER: ACDB -> AUDIO_SET_AFE_CAL
04-08 21:44:52.838   788  3252 D ACDB-LOADER: ACDB -> send_hw_delay : acdb_id = 62 path = 1
04-08 21:44:52.838   788  3252 D ACDB-LOADER: ACDB -> ACDB_AVSYNC_INFO: ACDB_CMD_GET_DEVICE_PROPERTY
04-08 21:44:52.838   788  3252 D audio_hw_primary: enable_snd_device: snd_device(120: voice-rec-mic)
04-08 21:44:52.838   788  3252 D audio_route: Apply path: voice-rec-mic
04-08 21:44:52.841   788  3252 V msm8974_platform: platform_get_snd_device_backend_index: enter with device 120
04-08 21:44:52.841   788  3252 E msm8974_platform: platform_get_snd_device_backend_index: BE DAI Name Table is not present
04-08 21:44:52.841   788  3252 V msm8974_platform: platform_get_backend_index:napb: backend port - 5 device - 120 
04-08 21:44:52.841   788  3252 I audio_hw_utils: Set Audio Stream Capture 0 App Type Cfg: app_type 69936, acdb_dev_id 62, sample_rate 48000, snd_device_be_idx -14
04-08 21:44:52.841   788  3252 D audio_hw_primary: enable_audio_route: usecase(9) apply and update mixer path: audio-record
04-08 21:44:52.841   788  3252 D audio_route: Apply path: audio-record
04-08 21:44:52.912 17373 17428 I MicroDetectionWorker: onReady
04-08 21:44:52.958  2146  2165 I zygote  : NativeAlloc concurrent copying GC freed 20384(1109KB) AllocSpace objects, 0(0B) LOS objects, 50% free, 9MB/19MB, paused 137us total 136.960ms
04-08 21:44:53.210  1456  7796 I OpenGLRenderer: Initialized EGL, version 1.4
04-08 21:44:53.210  1456  7796 D OpenGLRenderer: Swap behavior 2
04-08 21:44:53.260  2748  2917 W OpenGLRenderer: Incorrectly called buildLayer on View: ShortcutAndWidgetContainer, destroying layer...
04-08 21:44:53.366  3012  3195 I chatty  : uid=11251(org.mozilla.fennec_aurora) expire 1 line
04-08 21:44:53.368  3012  3041 I chatty  : uid=11251(org.mozilla.fennec_aurora) expire 6 lines
04-08 21:44:57.832  1456  4797 I ActivityManager: Force stopping org.mozilla.fennec_aurora appid=11251 user=0: from pid 3257
04-08 21:44:57.832  1456  4797 I ActivityManager: Killing 3012:org.mozilla.fennec_aurora/u0a1251 (adj 700): stop org.mozilla.fennec_aurora
04-08 21:44:57.835  1456  1605 W zygote  : kill(-3012, 9) failed: No such process
04-08 21:44:57.836  3106  3106 I chatty  : uid=11251(org.mozilla.fennec_aurora) expire 1 line
04-08 21:44:57.836  1456  4797 W ActivityManager: Force removing ActivityRecord{8fd8a7 u0 org.mozilla.fennec_aurora/org.mozilla.fenix.HomeActivity t60568}: app died, no saved state
04-08 21:44:57.845  1456  4797 I ActivityManager: Killing 3106:org.mozilla.fennec_aurora:tab/u0a1251 (adj 0): stop org.mozilla.fennec_aurora
04-08 21:44:57.851  1456  1605 W zygote  : kill(-3012, 9) failed: No such process
04-08 21:44:57.859  2398  2398 D CarrierSvcBindHelper: No carrier app for: 0
04-08 21:44:57.860  2398  2398 D CarrierSvcBindHelper: No carrier app for: 1
04-08 21:44:57.867  1456  1605 W zygote  : kill(-3012, 9) failed: No such process
04-08 21:44:57.898  1456  1605 I chatty  : uid=1000(system) ActivityManager identical 5 lines
04-08 21:44:57.905  1456  4802 D ConnectivityService: ConnectivityService NetworkRequestInfo binderDied(NetworkRequest [ TRACK_DEFAULT id=37359, [ Capabilities: INTERNET&NOT_RESTRICTED&TRUSTED&NOT_VPN] ], android.os.BinderProxy@4474768)
04-08 21:44:57.905  1456  2067 D ConnectivityService: releasing NetworkRequest [ TRACK_DEFAULT id=37359, [ Capabilities: INTERNET&NOT_RESTRICTED&TRUSTED&NOT_VPN] ] (release request)
04-08 21:44:57.905  1456  1673 W ActivityManager: setHasOverlayUi called on unknown pid: 3012
04-08 21:44:57.914  1456  1605 W zygote  : kill(-3012, 9) failed: No such process
04-08 21:44:57.914  1456  1605 I zygote  : Successfully killed process cgroup uid 11251 pid 3012 in 78ms
04-08 21:44:57.914  1456  1605 W zygote  : kill(-3106, 9) failed: No such process
04-08 21:44:57.914  1456  1605 I zygote  : Successfully killed process cgroup uid 11251 pid 3106 in 0ms
04-08 21:44:57.956  1456 10736 I ActivityManager: START u0 {act=android.intent.action.MAIN cat=[android.intent.category.LAUNCHER] flg=0x10000000 cmp=org.mozilla.fennec_aurora/.App} from uid 2000
04-08 21:44:57.956   794   839 E ANDR-PERF-RESOURCEQS: Failed to apply optimization [4, 0]
04-08 21:44:57.976  1456  2918 I ActivityManager: Start proc 3264:org.mozilla.fennec_aurora/u0a1251 for activity org.mozilla.fennec_aurora/.App
04-08 21:44:58.063 17373 17428 I MicroDetectionState: Should stop hotword detection immediately - false
04-08 21:44:58.063 17373 17428 I MicroDetector: Keeping mic open: false
04-08 21:44:58.063 17373 17475 E DeviceStateChecker: DeviceStateChecker cancelled
04-08 21:44:58.063 17373 17428 I RecognitionAudioControl: #shutdownAudio [requestId: 3810570415035222472, keepAudioOpen: false, forced: true]
04-08 21:44:58.063 17373 17428 I RecognitionAudioControl: #internalShutdownAudio [requestId: 3810570415035222472]
04-08 21:44:58.064 17373 17428 I RecognitionAudioControl: #internalShutdownAudio [keepAudioOpen: false, forced: true]
04-08 21:44:58.064 17373 17428 I RecognitionAudioControl: #actualShutdownAudio
04-08 21:44:58.064 17373 17428 I AudioController: #shutdown [requestId=3810570415035222472]
04-08 21:44:58.064 17373 17429 I AudioController: internalShutdown
04-08 21:44:58.064 17373 17395 I MicroRecognitionRunner: Stopping hotword detection.
04-08 21:44:58.110   788  1401 D audio_hw_primary: disable_audio_route: usecase(9) reset and update mixer path: audio-record
04-08 21:44:58.111   788  1401 D audio_hw_primary: disable_snd_device: snd_device(120: voice-rec-mic)
04-08 21:44:58.113  1012 13178 D APM_AudioPolicyManager: stopInput() input 300646, session 300761
04-08 21:44:58.113   788   788 D audio_hw_primary: in_set_parameters: enter: kvpairs=routing=0
04-08 21:44:58.115 17373 17429 I MicrophoneInputStream: mic_close  SR : 16000 CC : 16 SO : 1999
04-08 21:44:58.115 17373 17429 E AudioSource: Stop listening is called on already closed AudioSource
04-08 21:44:58.116 17373 17402 I MicroRecognitionRunner: Detection finished
04-08 21:44:58.140  3264  3264 I chatty  : uid=11251(org.mozilla.fennec_aurora) expire 53 lines
04-08 21:44:58.215  3264  3285 I chatty  : uid=11251(org.mozilla.fennec_aurora) expire 4 lines
04-08 21:44:58.245  3264  3296 I chatty  : uid=11251(org.mozilla.fennec_aurora) expire 14 lines
04-08 21:44:58.265  3264  3294 I chatty  : uid=11251(org.mozilla.fennec_aurora) expire 17 lines
04-08 21:44:58.298  3264  3301 I chatty  : uid=11251(org.mozilla.fennec_aurora) expire 27 lines
04-08 21:44:58.391  3264  3306 I chatty  : uid=11251(org.mozilla.fennec_aurora) expire 1 line
04-08 21:44:58.400  3264  3314 I chatty  : uid=11251(org.mozilla.fennec_aurora) expire 10 lines
04-08 21:44:58.402   808   898 I SFPerfTracer:      triggers: (rate: 0:1) (0 sw vsyncs) (0 skipped) (20:6400558 vsyncs) (22:13281406)
04-08 21:44:58.445  1456  5027 I ActivityManager: START u0 {act=android.intent.action.MAIN cat=[android.intent.category.LAUNCHER] flg=0x10000000 cmp=org.mozilla.fennec_aurora/org.mozilla.fenix.HomeActivity (has extras)} from uid 11251
04-08 21:44:58.459  3264  3269 I chatty  : uid=11251(org.mozilla.fennec_aurora) expire 8 lines
04-08 21:44:58.472   808   808 D SurfaceFlinger: duplicate layer name: changing Splash Screen org.mozilla.fennec_aurora to Splash Screen org.mozilla.fennec_aurora#1
04-08 21:44:58.643 13975 13985 I zygote  : Background concurrent copying GC freed 95272(5MB) AllocSpace objects, 23(1036KB) LOS objects, 49% free, 8MB/17MB, paused 309us total 126.150ms
04-08 21:44:58.792  1456  2918 I ActivityManager: Start proc 3349:org.mozilla.fennec_aurora:tab/u0a1251 for service org.mozilla.fennec_aurora/org.mozilla.gecko.process.GeckoChildProcessServices$tab
04-08 21:44:58.795 31631 31647 E AuthStateProvider: Calling package disagreement. Legacy: org.mozilla.fennec.sharedID:11251, new API: org.mozilla.fennec_aurora
04-08 21:44:58.795 31631 31647 D AuthStateProvider: Caller must be whitelisted.
04-08 21:44:58.796  3264  3264 E ActivityThread: Failed to find provider info for org.mozilla.fennec_aurora.fxa.auth
04-08 21:44:58.890  3264  3374 I chatty  : uid=11251(org.mozilla.fennec_aurora) expire 9 lines
04-08 21:44:58.908   808   808 I SFPerfTracer:      triggers: (rate: 86:2027680) (compose: 0:7) (post: 0:19) (render: 0:17) (16:10450435 frames) (17:13177540)
04-08 21:44:58.909   808   808 D SFPerfTracer:        layers: (3:11) (NavigationBar#0 (0xb07df000): 0:984791) (StatusBar#0 (0xb07e3000): 0:2269747) (com.android.systemui.ImageWallpaper#0 (0xb07e7000): 0:91547)* (Sprite#0 (0xb0733000): 0:317)* (DimLayerController/Stack=0#0 (0xb075a000): 0:3866)* (Sprite#1 (0xb077c000): 0:195)* (org.mozilla.fennec_aurora/org.mozilla.fenix.HomeActivity#0 (0xb039b000): 0:47)- (com.android.launcher3/com.android.launcher3.CustomizationPanelLauncher#0 (0xb0763000): 0:40)* (com.android.launcher3/com.android.launcher3.CustomizationPanelLauncher#1 (0xb0771000): 0:10)* (Splash Screen org.mozilla.fennec_aurora#0 (0xb039b000): 0:19)- (Splash Screen org.mozilla.fennec_aurora#1 (0xb013a000): 16:19) 
04-08 21:44:58.925  3349  3349 I chatty  : uid=11251(org.mozilla.fennec_aurora) expire 2 lines
04-08 21:44:58.925  3349  3377 I chatty  : uid=11251(org.mozilla.fennec_aurora) expire 1 line
04-08 21:44:59.235  1456  1673 I LaunchCheckinHandler: Displayed org.mozilla.fennec_aurora/org.mozilla.fenix.HomeActivity,wp,ca,728
04-08 21:44:59.236  1456  1673 I ActivityManager: Displayed org.mozilla.fennec_aurora/org.mozilla.fenix.HomeActivity: +720ms (total +1s263ms)
04-08 21:44:59.249 17373 17373 I MemoryTrimmer: Trimming objects from memory, since app is in the background.
04-08 21:44:59.259 17373 17373 I MemoryTrimmer: Trimming objects from memory, since app is in the background.
04-08 21:44:59.261 17373 31678 I PBSessionCacheImpl: Deleted sessionId[76408848338800444] from persistence.
04-08 21:44:59.264  1456  2918 I WifiService: getWifiEnabledState uid=10073
04-08 21:44:59.267 17373 17428 I DEBUG   : OpaToSrpTransitionState#onStateChanged#notNullQuery
04-08 21:44:59.267 17373 17428 I DEBUG   : OpaToSrpTransitionState#onStateChanged#notNullQuery
04-08 21:44:59.269 17373 17428 W SearchServiceCore: Abort, client detached.
04-08 21:44:59.299 31631 31647 E AuthStateProvider: Calling package disagreement. Legacy: org.mozilla.fennec.sharedID:11251, new API: org.mozilla.fennec_aurora
04-08 21:44:59.299 31631 31647 D AuthStateProvider: Caller must be whitelisted.
04-08 21:44:59.300  3264  3264 E ActivityThread: Failed to find provider info for org.mozilla.fennec_aurora.fxa.auth
04-08 21:44:59.762  3264  3398 I chatty  : uid=11251(org.mozilla.fennec_aurora) expire 2 lines
04-08 21:44:59.899  1023  3403 D libc    : Internal error: netid(0), id(0x6714), server(0.0.0.0)
04-08 21:44:59.900  1023  3403 D libc    : Internal error: netid(0), id(0x6714), server(0.0.0.0)
04-08 21:44:59.900  1023  3403 D libc    : Internal error: netid(0), id(0x1115), server(0.0.0.0)
04-08 21:44:59.900  1023  3403 D libc    : Internal error: netid(0), id(0x1115), server(0.0.0.0)
04-08 21:44:59.908  1023  3409 D libc    : Internal error: netid(0), id(0x1f09), server(0.0.0.0)
04-08 21:44:59.909  1023  3409 D libc    : Internal error: netid(0), id(0x1f09), server(0.0.0.0)
04-08 21:44:59.910  1023  3409 D libc    : Internal error: netid(0), id(0xa248), server(0.0.0.0)
04-08 21:44:59.910  1023  3409 D libc    : Internal error: netid(0), id(0xa248), server(0.0.0.0)
04-08 21:44:59.910  1023  3414 D libc    : Internal error: netid(0), id(0x863a), server(0.0.0.0)
04-08 21:44:59.911  1023  3414 D libc    : Internal error: netid(0), id(0x863a), server(0.0.0.0)
04-08 21:44:59.911  1023  3414 D libc    : Internal error: netid(0), id(0x9822), server(0.0.0.0)
04-08 21:44:59.912  1023  3414 D libc    : Internal error: netid(0), id(0x9822), server(0.0.0.0)
04-08 21:44:59.914  1023  3419 D libc    : Internal error: netid(0), id(0x585d), server(0.0.0.0)
04-08 21:44:59.915  1023  3419 D libc    : Internal error: netid(0), id(0x585d), server(0.0.0.0)
04-08 21:44:59.915  1023  3419 D libc    : Internal error: netid(0), id(0xd606), server(0.0.0.0)
04-08 21:44:59.915  1023  3419 D libc    : Internal error: netid(0), id(0xd606), server(0.0.0.0)
04-08 21:44:59.929  3264  3295 I chatty  : uid=11251(org.mozilla.fennec_aurora) expire 1 line
04-08 21:44:59.929  3264  3297 I chatty  : uid=11251(org.mozilla.fennec_aurora) expire 1 line
04-08 21:44:59.959  3264  3434 I chatty  : uid=11251(org.mozilla.fennec_aurora) expire 1 line
04-08 21:45:03.607  3473  3473 D AndroidRuntime: >>>>>> START com.android.internal.os.RuntimeInit uid 2000 <<<<<<
04-08 21:45:03.620  3473  3473 W app_process: Could not reserve sentinel fault page
04-08 21:45:03.786  3473  3473 I app_process: The ClassLoaderContext is a special shared library.
04-08 21:45:03.849  3473  3473 D AndroidRuntime: Calling main entry com.android.commands.input.Input
04-08 21:45:03.850  3473  3473 I Input   : injectKeyEvent: KeyEvent { action=ACTION_DOWN, keyCode=KEYCODE_HOME, scanCode=0, metaState=0, flags=0x0, repeatCount=0, eventTime=18472759130, downTime=18472759130, deviceId=-1, source=0x101 }
04-08 21:45:03.861  3473  3473 I Input   : injectKeyEvent: KeyEvent { action=ACTION_UP, keyCode=KEYCODE_HOME, scanCode=0, metaState=0, flags=0x0, repeatCount=0, eventTime=18472759130, downTime=18472759130, deviceId=-1, source=0x101 }
04-08 21:45:03.867  1456  1941 I ActivityManager: START u0 {act=android.intent.action.MAIN cat=[android.intent.category.HOME] flg=0x10200000 cmp=com.android.launcher3/.CustomizationPanelLauncher (has extras)} from uid 1000
04-08 21:45:03.867   794   839 E ANDR-PERF-RESOURCEQS: Failed to apply optimization [4, 0]
04-08 21:45:03.878  1456  1941 I ActivityManager: moveHomeStack, setupComplete:true
04-08 21:45:03.881  3473  3473 D AndroidRuntime: Shutting down VM
04-08 21:45:03.890 17373 17422 I Adreno  : QUALCOMM build                   : bb5b86c, I77d3059488
04-08 21:45:03.890 17373 17422 I Adreno  : Build Date                       : 06/07/18
04-08 21:45:03.890 17373 17422 I Adreno  : OpenGL ES Shader Compiler Version: EV031.22.00.01_06
04-08 21:45:03.890 17373 17422 I Adreno  : Local Branch                     : 
04-08 21:45:03.890 17373 17422 I Adreno  : Remote Branch                    : refs/tags/AU_LINUX_ANDROID_LA.UM.6.5.R1.08.01.00.312.086
04-08 21:45:03.890 17373 17422 I Adreno  : Remote Branch                    : NONE
04-08 21:45:03.890 17373 17422 I Adreno  : Reconstruct Branch               : NOTHING
04-08 21:45:03.892 17373 17422 D vndksupport: Loading /vendor/lib/hw/gralloc.msm8937.so from current namespace instead of sphal namespace.
04-08 21:45:03.896 17373 17422 I Adreno  : PFP: 0x005ff087, ME: 0x005ff063
04-08 21:45:03.900 17373 17422 I zygote  : android::hardware::configstore::V1_0::ISurfaceFlingerConfigs::hasWideColorDisplay retrieved: 0
04-08 21:45:03.901 17373 17422 I OpenGLRenderer: Initialized EGL, version 1.4
04-08 21:45:03.901 17373 17422 D OpenGLRenderer: Swap behavior 2
04-08 21:45:03.905  2748  2748 D Launcher.Utilities: Wakeup weather: Intent { act=com.motorola.launcher3.action.WAKEUP_WEATHER cmp=com.motorola.timeweatherwidget/com.motorola.commandcenter.weather.WakeUpService }
04-08 21:45:03.920  1456  1456 I NotificationService: Cannot find enqueued record for key: 0|com.motorola.timeweatherwidget|1|null|10116
04-08 21:45:03.927   808   808 D SurfaceFlinger: duplicate layer name: changing com.android.launcher3/com.android.launcher3.CustomizationPanelLauncher to com.android.launcher3/com.android.launcher3.CustomizationPanelLauncher#1
04-08 21:45:03.938 17373 17399 W ThreadPoolDumper: Queue length for executor EventBus is now 11. Perhaps some tasks are too long, or the pool is too small.
04-08 21:45:03.941  1456  2918 I WifiService: getWifiEnabledState uid=10073
04-08 21:45:03.952  1456  4797 I WifiService: getWifiEnabledState uid=10073
04-08 21:45:03.960 17373 17428 I DEBUG   : OpaToSrpTransitionState#onStateChanged#notNullQuery
04-08 21:45:03.961 17373 17428 I DEBUG   : OpaToSrpTransitionState#onStateChanged#notNullQuery
04-08 21:45:03.980 17373 17428 I MicroDetectionState: Should stop hotword detection immediately - false
04-08 21:45:03.984 17373 17428 I MicroDetectionWorker: #startMicroDetector [speakerMode: 0]
04-08 21:45:03.986 17373 17428 I AudioController: Created new AudioSource
04-08 21:45:03.988 17373 17426 I MicroDataManager: isInitializedWithLatestParams-true
04-08 21:45:03.988 17373 17426 I MicroDataManager: isInitializing-false locale not changed-true model not changed-true
04-08 21:45:03.988 17373 17426 I MicroDataManager: Already initialized, obtaining the hotword data immediately.
04-08 21:45:03.994 17373 17475 I MicroRecognitionRunner: Starting detection.
04-08 21:45:03.994 17373 17475 I InputStreamUtils: Using micInputStream
04-08 21:45:03.997 17373  4412 I MicrophoneInputStream: mic_starting  SR : 16000 CC : 16 SO : 1999
04-08 21:45:03.999   788   788 V msm8974_platform: platform_check_input_mask: enter check_input_mask source 6 mask 10
04-08 21:45:04.007  1012  3489 I AudioFlinger: AudioFlinger's thread 0xb2483200 tid=3489 ready to run
04-08 21:45:04.014   788   788 D audio_hw_primary: in_set_parameters: enter: kvpairs=input_source=6;routing=-2147483644
04-08 21:45:04.015  1012 19368 D APM_AudioPolicyManager: AudioPolicyManager::startInput() input 300654, session 300769, source = 1999
04-08 21:45:04.015 17373  4412 I MicrophoneInputStream: mic_started  SR : 16000 CC : 16 SO : 1999
04-08 21:45:04.017   788  3490 V msm8974_platform: platform_update_usecase_from_source: input source :6
04-08 21:45:04.017   788  3490 V msm8974_platform: platform_check_input_mask: enter check_input_mask source 6 mask 10
04-08 21:45:04.017   788  3490 V msm8974_platform: platform_get_input_snd_device: enter: out_device(0) in_device(0x4) channel_count (1) channel_mask (0x10)
04-08 21:45:04.017   788  3490 V msm8974_platform: platform_get_input_snd_device: exit: in_snd_device(voice-rec-mic)
04-08 21:45:04.017   788  3490 V msm8974_platform: platform_get_backend_index:napb: backend port - 5 device - 120 
04-08 21:45:04.017   788  3490 V msm8974_platform: platform_check_and_set_capture_backend_cfg:txbecf: afe: bitwidth 0, samplerate 0, channel 1, backend_idx 5 usecase = 9 device (voice-rec-mic)
04-08 21:45:04.017   788  3490 V msm8974_platform: platform_check_capture_backend_cfg:txbecf: afe: Codec selected backend: 5 current bit width: 0 and sample rate: 0, channels 1
04-08 21:45:04.017   788  3490 V msm8974_platform: platform_check_capture_backend_cfg:txbecf: afe: Codec selected backend: 5 updated bit width: 0 and sample rate: 0
04-08 21:45:04.017   788  3490 I msm8974_platform: platform_check_capture_backend_cfg:txbecf: afe: Codec backend needs to be updated. new bit width: 0 new sample rate: 0 new channel: 1
04-08 21:45:04.017   788  3490 V msm8974_platform: platform_get_backend_index:napb: backend port - 5 device - 120 
04-08 21:45:04.017   788  3490 V msm8974_platform: platform_set_backend_cfg:becf: afe: bitwidth 0, samplerate 0 channels 1, backend_idx 5 device (voice-rec-mic)
04-08 21:45:04.017   788  3490 E msm8974_platform: platform_set_backend_cfg:becf: afe: Could not get ctl for mixer command - SLIM_0_TX Format
04-08 21:45:04.017   788  3490 V msm8974_platform: platform_send_audio_calibration: sending audio calibration for snd_device(120) acdb_id(62)
04-08 21:45:04.018   788  3490 D ACDB-LOADER: ACDB -> send_audio_cal, acdb_id = 62, path = 1, app id = 0x11130, sample rate = 48000
04-08 21:45:04.018   788  3490 D ACDB-LOADER: ACDB -> send_asm_topology
04-08 21:45:04.018   788  3490 D ACDB-LOADER: ACDB -> ACDB_CMD_GET_AUDPROC_STREAM_TOPOLOGY_ID
04-08 21:45:04.018   788  3490 D ACDB-LOADER: ACDB -> send_adm_topology
04-08 21:45:04.018   788  3490 D ACDB-LOADER: ACDB -> ACDB_CMD_GET_AUDPROC_COMMON_TOPOLOGY_ID
04-08 21:45:04.018   788  3490 D ACDB-LOADER: ACDB -> send_audtable
04-08 21:45:04.018   788  3490 D ACDB-LOADER: ACDB -> ACDB_CMD_GET_AUDPROC_COMMON_TABLE_SIZE
04-08 21:45:04.018   788  3490 D ACDB-LOADER: ACDB -> ACDB_CMD_GET_AUDPROC_COMMON_TABLE
04-08 21:45:04.018   788  3490 D ACDB-LOADER: ACDB -> AUDIO_SET_AUDPROC_CAL
04-08 21:45:04.018   788  3490 D ACDB-LOADER: ACDB -> send_audvoltable
04-08 21:45:04.018   788  3490 D ACDB-LOADER: ACDB -> ACDB_CMD_GET_AUDPROC_VOL_STEP_TABLE_SIZE
04-08 21:45:04.018   788  3490 D ACDB-LOADER: ACDB -> ACDB_CMD_GET_AUDPROC_GAIN_DEP_STEP_TABLE, vol index 0
04-08 21:45:04.018   788  3490 D         : Failed to fetch the lookup information of the device 0000003E 
04-08 21:45:04.018   788  3490 D ACDB-LOADER: ACDB -> AUDIO_SET_VOL_CAL cal type = 12
04-08 21:45:04.018   788  3490 D ACDB-LOADER: ACDB -> ACDB_CMD_GET_AUDPROC_STREAM_TABLE_SIZE
04-08 21:45:04.018   788  3490 D ACDB-LOADER: ACDB -> send_audstrmtable
04-08 21:45:04.018   788  3490 D ACDB-LOADER: ACDB -> ACDB_CMD_GET_AUDPROC_STREAM_TABLE_V2
04-08 21:45:04.018   788  3490 D ACDB-LOADER: ACDB -> audstrm_cal->cal_type.cal_data.cal_size = 456
04-08 21:45:04.018   788  3490 D ACDB-LOADER: ACDB -> send_afe_topology
04-08 21:45:04.018   788  3490 D ACDB-LOADER: ACDB -> ACDB_CMD_GET_AFE_TOPOLOGY_ID
04-08 21:45:04.018   788  3490 D ACDB-LOADER: ACDB -> GET_AFE_TOPOLOGY_ID for adcd_id 62, Topology Id 112fb
04-08 21:45:04.018   788  3490 D ACDB-LOADER: ACDB -> send_afe_cal
04-08 21:45:04.018   788  3490 D ACDB-LOADER: ACDB -> ACDB_CMD_GET_AFE_COMMON_TABLE_SIZE
04-08 21:45:04.018   788  3490 D         : Failed to fetch the lookup information of the device 0000003E 
04-08 21:45:04.018   788  3490 E ACDB-LOADER: Error: ACDB_CMD_GET_AFE_COMMON_TABLE_SIZE Returned = -19
04-08 21:45:04.018   788  3490 D ACDB-LOADER: ACDB -> ACDB_CMD_GET_AFE_COMMON_TABLE
04-08 21:45:04.018   788  3490 D         : Failed to fetch the lookup information of the device 0000003E 
04-08 21:45:04.018   788  3490 D ACDB-LOADER: ACDB -> AUDIO_SET_AFE_CAL
04-08 21:45:04.019   788  3490 D ACDB-LOADER: ACDB -> send_hw_delay : acdb_id = 62 path = 1
04-08 21:45:04.019   788  3490 D ACDB-LOADER: ACDB -> ACDB_AVSYNC_INFO: ACDB_CMD_GET_DEVICE_PROPERTY
04-08 21:45:04.019   788  3490 D audio_hw_primary: enable_snd_device: snd_device(120: voice-rec-mic)
04-08 21:45:04.019   788  3490 D audio_route: Apply path: voice-rec-mic
04-08 21:45:04.020  1456  1673 I LaunchCheckinHandler: Displayed com.android.launcher3/.CustomizationPanelLauncher,wp,wa,153
04-08 21:45:04.023   788  3490 V msm8974_platform: platform_get_snd_device_backend_index: enter with device 120
04-08 21:45:04.023   788  3490 E msm8974_platform: platform_get_snd_device_backend_index: BE DAI Name Table is not present
04-08 21:45:04.023   788  3490 V msm8974_platform: platform_get_backend_index:napb: backend port - 5 device - 120 
04-08 21:45:04.023   788  3490 I audio_hw_utils: Set Audio Stream Capture 0 App Type Cfg: app_type 69936, acdb_dev_id 62, sample_rate 48000, snd_device_be_idx -14
04-08 21:45:04.023   788  3490 D audio_hw_primary: enable_audio_route: usecase(9) apply and update mixer path: audio-record
04-08 21:45:04.023   788  3490 D audio_route: Apply path: audio-record
04-08 21:45:04.092 17373 17428 I MicroDetectionWorker: onReady
04-08 21:45:04.421  1456  7796 I OpenGLRenderer: Initialized EGL, version 1.4
04-08 21:45:04.421  1456  7796 D OpenGLRenderer: Swap behavior 2
04-08 21:45:04.473  2748  2917 W OpenGLRenderer: Incorrectly called buildLayer on View: ShortcutAndWidgetContainer, destroying layer...
04-08 21:45:04.576  3264  3317 I chatty  : uid=11251(org.mozilla.fennec_aurora) expire 1 line
04-08 21:45:04.736 17373 17383 I zygote  : Background concurrent copying GC freed 121479(6MB) AllocSpace objects, 7(2MB) LOS objects, 32% free, 50MB/74MB, paused 192us total 740.995ms
04-08 21:45:04.796  1456  1466 I zygote  : NativeAlloc concurrent copying GC freed 90877(10MB) AllocSpace objects, 26(904KB) LOS objects, 36% free, 42MB/66MB, paused 224us total 374.346ms
