--------- beginning of main
02-01 22:06:40.444  1456  1605 W zygote  : kill(-2973, 9) failed: No such process
02-01 22:06:40.444  1456  1605 I zygote  : Successfully killed process cgroup uid 10027 pid 2973 in 30ms
02-01 22:06:40.445  1456  1605 W zygote  : kill(-27237, 9) failed: No such process
02-01 22:06:40.461 20023 20165 I MicroDetectionWorker: onReady
02-01 22:06:40.461  1456  1605 W zygote  : kill(-27237, 9) failed: No such process
--------- beginning of system
02-01 22:06:40.474  1456  4829 D ConnectivityService: ConnectivityService NetworkRequestInfo binderDied(NetworkRequest [ LISTEN id=23984, [ Capabilities: INTERNET&NOT_RESTRICTED&TRUSTED] ], android.os.BinderProxy@a937d07)
02-01 22:06:40.475  1456  1605 I chatty  : uid=1000(system) ActivityManager identical 4 lines
02-01 22:06:40.491  1456  1605 W zygote  : kill(-27237, 9) failed: No such process
02-01 22:06:40.491  1456  1605 I zygote  : Successfully killed process cgroup uid 10062 pid 27237 in 46ms
02-01 22:06:40.492  1456  1605 W zygote  : kill(-3090, 9) failed: No such process
02-01 22:06:40.505  1456  1605 W zygote  : kill(-3090, 9) failed: No such process
02-01 22:06:40.506  1456  1605 I zygote  : Successfully killed process cgroup uid 10090 pid 3090 in 14ms
02-01 22:06:40.506  1456  1605 W zygote  : kill(-3174, 9) failed: No such process
02-01 22:06:40.517  1456  1605 W zygote  : kill(-3174, 9) failed: No such process
02-01 22:06:40.517  1456  1605 I zygote  : Successfully killed process cgroup uid 10044 pid 3174 in 10ms
02-01 22:06:40.517  1456  1605 W zygote  : kill(-2990, 9) failed: No such process
02-01 22:06:40.517  1456  1605 I zygote  : Successfully killed process cgroup uid 1000 pid 2990 in 0ms
02-01 22:06:40.517  1456  1605 W zygote  : kill(-2997, 9) failed: No such process
02-01 22:06:40.517  1456  1605 I zygote  : Successfully killed process cgroup uid 10085 pid 2997 in 0ms
02-01 22:06:40.519  1456  1605 W zygote  : kill(-27385, 9) failed: No such process
02-01 22:06:40.520  1456  1605 I zygote  : Successfully killed process cgroup uid 10031 pid 27385 in 0ms
02-01 22:06:40.639  1456  3925 I ActivityManager: START u0 {act=android.intent.action.MAIN cat=[android.intent.category.LAUNCHER] flg=0x10000000 cmp=org.mozilla.fenix.nightly/org.mozilla.fenix.HomeActivity} from uid 2000
02-01 22:06:40.640   794   839 E ANDR-PERF-RESOURCEQS: Failed to apply optimization [4, 0]
02-01 22:06:40.663  1456  5027 I ActivityManager: Start proc 3513:org.mozilla.fenix.nightly/u0a815 for activity org.mozilla.fenix.nightly/org.mozilla.fenix.HomeActivity
02-01 22:06:40.672   808   808 I SFPerfTracer:      triggers: (rate: 50:548255) (compose: 0:6) (post: 0:14) (render: 0:11) (21:4571557 frames) (22:6017384)
02-01 22:06:40.672   808   808 D SFPerfTracer:        layers: (4:12) (NavigationBar#0 (0xb07df000): 11:486685) (StatusBar#0 (0xb07e3000): 10:1403133) (com.android.systemui.ImageWallpaper#0 (0xb07e7000): 1:41862) (Sprite#0 (0xb0733000): 0:317)* (DimLayerController/Stack=0#0 (0xb075a000): 0:3589)* (Sprite#1 (0xb077c000): 0:195)* (com.android.launcher3/com.android.launcher3.CustomizationPanelLauncher#0 (0xb0763000): 0:40)- (com.android.launcher3/com.android.launcher3.CustomizationPanelLauncher#1 (0xb0771000): 0:12)- (Splash Screen org.mozilla.fenix.nightly#0 (0xb0384000): 0:32)- (org.mozilla.fenix.nightly/org.mozilla.fenix.HomeActivity#0 (0xb039b000): 0:25)- (com.android.launcher3/com.android.launcher3.CustomizationPanelLauncher#0 (0xb0763000): 21:25)* (com.android.launcher3/com.android.launcher3.CustomizationPanelLauncher#1 (0xb0771000): 2:4) 
02-01 22:06:40.748 20023 20165 I MicroDetectionState: Should stop hotword detection immediately - false
02-01 22:06:40.748 20023 20165 I MicroDetector: Keeping mic open: false
02-01 22:06:40.748 20023 20105 E DeviceStateChecker: DeviceStateChecker cancelled
02-01 22:06:40.748 20023 20165 I RecognitionAudioControl: #shutdownAudio [requestId: 2898168959012771084, keepAudioOpen: false, forced: true]
02-01 22:06:40.748 20023 20165 I RecognitionAudioControl: #internalShutdownAudio [requestId: 2898168959012771084]
02-01 22:06:40.748 20023 20165 I RecognitionAudioControl: #internalShutdownAudio [keepAudioOpen: false, forced: true]
02-01 22:06:40.748 20023 20165 I RecognitionAudioControl: #actualShutdownAudio
02-01 22:06:40.748 20023 20165 I AudioController: #shutdown [requestId=2898168959012771084]
02-01 22:06:40.748 20023 20096 I AudioController: internalShutdown
02-01 22:06:40.749 20023 20115 I MicroRecognitionRunner: Stopping hotword detection.
02-01 22:06:40.799   788   788 D audio_hw_primary: disable_audio_route: usecase(9) reset and update mixer path: audio-record
02-01 22:06:40.799  1456  7796 I OpenGLRenderer: Initialized EGL, version 1.4
02-01 22:06:40.799  1456  7796 D OpenGLRenderer: Swap behavior 2
02-01 22:06:40.800   788   788 D audio_hw_primary: disable_snd_device: snd_device(120: voice-rec-mic)
02-01 22:06:40.802  1012  8317 D APM_AudioPolicyManager: stopInput() input 115238, session 115313
02-01 22:06:40.802   788  1401 D audio_hw_primary: in_set_parameters: enter: kvpairs=routing=0
02-01 22:06:40.805 20023 20096 I MicrophoneInputStream: mic_close  SR : 16000 CC : 16 SO : 1999
02-01 22:06:40.805 20023 20096 E AudioSource: Stop listening is called on already closed AudioSource
02-01 22:06:40.808 20023 20207 I MicroRecognitionRunner: Detection finished
02-01 22:06:40.829  3513  3513 I chatty  : uid=10815(org.mozilla.fenix.nightly) expire 45 lines
02-01 22:06:40.891  3513  3531 I chatty  : uid=10815(org.mozilla.fenix.nightly) expire 4 lines
02-01 22:06:40.927  3513  3537 I chatty  : uid=10815(org.mozilla.fenix.nightly) expire 11 lines
02-01 22:06:40.974  1456  5027 D ConnectivityService: requestNetwork for uid/pid:10815/3513 NetworkRequest [ TRACK_DEFAULT id=24012, [ Capabilities: INTERNET&NOT_RESTRICTED&TRUSTED&NOT_VPN] ]
02-01 22:06:40.975  1456  2099 D Ethernet: got request NetworkRequest [ TRACK_DEFAULT id=24012, [ Capabilities: INTERNET&NOT_RESTRICTED&TRUSTED&NOT_VPN] ] with score 60
02-01 22:06:40.975  1456  2054 D WIFI_UT : got request NetworkRequest [ TRACK_DEFAULT id=24012, [ Capabilities: INTERNET&NOT_RESTRICTED&TRUSTED&NOT_VPN] ] with score 60
02-01 22:06:40.975  1456  2054 D WIFI    : got request NetworkRequest [ TRACK_DEFAULT id=24012, [ Capabilities: INTERNET&NOT_RESTRICTED&TRUSTED&NOT_VPN] ] with score 60
02-01 22:06:40.975  2398  2398 D PhoneSwitcherNetworkRequstListener: got request NetworkRequest [ TRACK_DEFAULT id=24012, [ Capabilities: INTERNET&NOT_RESTRICTED&TRUSTED&NOT_VPN] ] with score 60
02-01 22:06:40.990  3513  3547 I chatty  : uid=10815(org.mozilla.fenix.nightly) expire 12 lines
02-01 22:06:41.000  3513  3518 I chatty  : uid=10815(org.mozilla.fenix.nightly) expire 8 lines
02-01 22:06:41.045  3513  3552 I chatty  : uid=10815(org.mozilla.fenix.nightly) expire 33 lines
02-01 22:06:41.085   808   898 I SFPerfTracer:      triggers: (rate: 0:0) (0 sw vsyncs) (0 skipped) (50:3400678 vsyncs) (52:6064473)
02-01 22:06:41.194  3513  3564 I chatty  : uid=10815(org.mozilla.fenix.nightly) expire 6 lines
02-01 22:06:41.203  3513  3566 I chatty  : uid=10815(org.mozilla.fenix.nightly) expire 10 lines
02-01 22:06:41.477  3513  3557 I chatty  : uid=10815(org.mozilla.fenix.nightly) expire 1 line
02-01 22:06:41.516  3513  3605 I chatty  : uid=10815(org.mozilla.fenix.nightly) expire 9 lines
02-01 22:06:41.526  1456  5027 I ActivityManager: Start proc 3607:org.mozilla.fenix.nightly:tab/u0a815 for service org.mozilla.fenix.nightly/org.mozilla.gecko.process.GeckoServiceChildProcess$tab
02-01 22:06:41.541  3513  3618 I chatty  : uid=10815(org.mozilla.fenix.nightly) expire 5 lines
02-01 22:06:41.575  1456  3925 I WifiService: getDhcpInfo uid=10815
02-01 22:06:41.651  1456  5027 I ActivityManager: Start proc 3628:org.mozilla.fenix.nightly:socket/u0a815 for service org.mozilla.fenix.nightly/org.mozilla.gecko.process.GeckoServiceChildProcess$socket
02-01 22:06:41.667  3607  3607 I chatty  : uid=10815(org.mozilla.fenix.nightly) expire 2 lines
02-01 22:06:41.668  3607  3641 I chatty  : uid=10815(org.mozilla.fenix.nightly) expire 1 line
02-01 22:06:41.775  1456  3925 I ActivityManager: Displayed org.mozilla.fenix.nightly/org.mozilla.fenix.HomeActivity: +1s127ms
02-01 22:06:41.775  1456  3925 I ActivityManager: Fully drawn org.mozilla.fenix.nightly/org.mozilla.fenix.HomeActivity: +1s127ms
02-01 22:06:41.780  3628  3628 I chatty  : uid=10815(org.mozilla.fenix.nightly) expire 2 lines
02-01 22:06:41.781  3628  3646 I chatty  : uid=10815(org.mozilla.fenix.nightly) expire 15 lines
02-01 22:06:41.818  1456  3925 I ActivityManager: Start proc 3653:com.android.vending/u0a62 for service com.android.vending/com.google.android.finsky.externalreferrer.GetInstallReferrerService
02-01 22:06:41.856  1456  1673 I LaunchCheckinHandler: Displayed org.mozilla.fenix.nightly/org.mozilla.fenix.HomeActivity,cp,ca,1209
02-01 22:06:41.865  2748  2917 W OpenGLRenderer: Incorrectly called buildLayer on View: ShortcutAndWidgetContainer, destroying layer...
02-01 22:06:41.883 20023 20023 I MemoryTrimmer: Trimming objects from memory, since app is in the background.
02-01 22:06:41.895 20023 32511 I PBSessionCacheImpl: Deleted sessionId[88063665787499686] from persistence.
02-01 22:06:41.902  1456 10366 I WifiService: getWifiEnabledState uid=10073
02-01 22:06:41.914 20023 20165 W SearchServiceCore: Abort, client detached.
02-01 22:06:41.916 20023 20023 I MemoryTrimmer: Trimming objects from memory, since app is in the background.
02-01 22:06:41.916  3653  3653 I Finsky  : [2] ebu.aG(7): Process created at version: 18.5.59-all [0] [PR] 291056213
02-01 22:06:42.133  1456  1466 I zygote  : Background concurrent copying GC freed 49455(3MB) AllocSpace objects, 28(1072KB) LOS objects, 40% free, 35MB/59MB, paused 181us total 349.889ms
02-01 22:06:42.253  3653  3683 I Finsky  : [233962] rfw.a(38): Started reading experiment flags from file [0tGUNCGIkbk4o6-fQ335kUYSKwVj4lusnHT-A5Dsy08].
02-01 22:06:42.262  3653  3691 I Finsky  : [233964] rfw.a(38): Started reading experiment flags from file [Se-xCc4LzNyh3UrKMIU2sUf-PUKz4oQEbpKZDMuaFno].
02-01 22:06:42.266  3653  3683 I Finsky  : [233962] rfw.a(49): Finished reading experiment flags from file [0tGUNCGIkbk4o6-fQ335kUYSKwVj4lusnHT-A5Dsy08].
02-01 22:06:42.272  3653  3691 I Finsky  : [233964] rfw.a(49): Finished reading experiment flags from file [Se-xCc4LzNyh3UrKMIU2sUf-PUKz4oQEbpKZDMuaFno].
02-01 22:06:42.343  3653  3653 I Finsky  : [2] tqb.<init>(11): Resetting scheduler db
02-01 22:06:42.367  3653  3679 I Finsky  : [233958] ebu.U(6): Not a unicorn account
02-01 22:06:42.380  3653  3679 W PrimesInit: Primes instant initialization
02-01 22:06:42.387  3653  3699 W Primes  : background initialization
02-01 22:06:42.397  3653  3658 I zygote  : Do partial code cache collection, code=30KB, data=19KB
02-01 22:06:42.401  3653  3658 I zygote  : After code cache collection, code=30KB, data=19KB
02-01 22:06:42.401  3653  3658 I zygote  : Increasing code cache capacity to 128KB
02-01 22:06:42.406  3653  3681 I Finsky  : [233960] ebu.aQ(5): Disable SystemUpdateActivity, because Android is lower than Q
02-01 22:06:42.414  3653  3705 I Finsky  : [233975] eaw.run(3): Set SystemUpdateActivity enabled state to 2
02-01 22:06:42.415  3653  3680 I zygote  : Deoptimizing java.lang.Object j$.util.concurrent.ConcurrentHashMap.putVal(java.lang.Object, java.lang.Object, boolean) due to JIT inline cache
02-01 22:06:42.421  3653  3680 I Finsky  : [233959] qsz.<init>(5): PackageMonitor - Registering in memory receiver for android.intent.action.PACKAGE_ADDED and android.intent.action.PACKAGE_REMOVED
02-01 22:06:42.427  3653  3678 I cr_CronetLibraryLoader: Cronet version: 81.0.4021.0, arch: armv7l
02-01 22:06:42.436  3653  3678 W Finsky  : [233957] dqx.a(21): For unauth, use getDfeApiNonAuthenticated() instead!
02-01 22:06:42.442  3653  3680 I Finsky  : [233959] ozf.c(4): Enqueuing libraries load for 0
02-01 22:06:42.442  3653  3681 W Settings: Setting download_manager_max_bytes_over_mobile has moved from android.provider.Settings.Secure to android.provider.Settings.Global.
02-01 22:06:42.444  3653  3697 I Finsky  : [233970] ozf.a(16): Starting libraries load for 0
02-01 22:06:42.446  3653  3681 I Finsky  : [233960] pxv.a(5): SettingNotFoundException, fall through to G.downloadBytesOverMobileMaximum
02-01 22:06:42.447  3653  3681 W Settings: Setting download_manager_recommended_max_bytes_over_mobile has moved from android.provider.Settings.Secure to android.provider.Settings.Global.
02-01 22:06:42.448  3653  3678 I Finsky  : [233957] gvo.f(7): Subscription detail: N/A
02-01 22:06:42.449  3653  3681 I Finsky  : [233960] pxv.a(9): SettingNotFoundException, fall through to G.downloadBytesOverMobileRecommended
02-01 22:06:42.462  3653  3697 I Finsky  : [233970] ozf.a(38): Finished loading 0 libraries.
02-01 22:06:42.464  3653  3678 I Finsky  : [233957] zum.l(5): Setup app restrictions monitor
02-01 22:06:42.467  3653  3678 I Finsky  : [233957] zwj.a(4): Device wide unknown source restriction is changed.
02-01 22:06:42.489  3653  3653 I Finsky  : [2] pow.onTrimMemory(1): Memory trim requested to level 15
02-01 22:06:42.512  3653  3653 I Finsky  : [2] mqs.<init>(12): Installer: Setting Parallelism[DEFAULT]
02-01 22:06:42.519  3653  3653 I Finsky  : [2] mnm.a(18): Installer: Attempting to start installer
02-01 22:06:42.524  3653  3653 I zygote  : Deoptimizing java.lang.Object j$.util.concurrent.ConcurrentHashMap.putVal(java.lang.Object, java.lang.Object, boolean) due to JIT inline cache
02-01 22:06:42.529  3653  3653 I Finsky  : [2] mit.<init>(8): Not checking if recovering from paused session because experiment is off
02-01 22:06:42.536  3653  3653 I Finsky  : [2] gvn.onSubscriptionsChanged(1): onSubscriptionsChanged
02-01 22:06:42.538  3653  3653 I Finsky  : [2] mnm.a(221): Installer kick - no action, not running yet
02-01 22:06:42.539  3653  3653 I Finsky  : [2] mnm.a(221): Installer kick - no action, not running yet
02-01 22:06:42.540  3653  3683 D NetworkSecurityConfig: No Network Security Config specified, using platform default
02-01 22:06:42.548  3653  3653 I Finsky  : [2] pow.onTrimMemory(1): Memory trim requested to level 80
02-01 22:06:42.573  3653  3739 I zygote  : Deoptimizing int aona.a(java.lang.Object, byte[], int, int, int, aoju) due to JIT inline cache
02-01 22:06:42.666  3653  3653 I Finsky  : [2] tqb.a(7): SCH: Jobs in database: 1-1337 12-1 24-77777777 26-1414141414 29-29 
02-01 22:06:42.682  3653  3658 I zygote  : Do partial code cache collection, code=57KB, data=48KB
02-01 22:06:42.683  3653  3658 I zygote  : After code cache collection, code=47KB, data=43KB
02-01 22:06:42.683  3653  3658 I zygote  : Increasing code cache capacity to 256KB
02-01 22:06:42.690  3653  3653 I Finsky  : [2] tly.a(58): SCH: ConstraintMapping: 24-77777777,  -> L: 0ms, D: 51866046ms, C: false, I: true, N: 0
02-01 22:06:42.691  3653  3653 I Finsky  : [2] tly.a(58): SCH: ConstraintMapping: 1-1337, 12-1,  -> L: 0ms, D: 55455669ms, C: false, I: false, N: 1
02-01 22:06:42.692  3653  3653 I Finsky  : [2] tly.a(58): SCH: ConstraintMapping: 26-1414141414, 29-29,  -> L: 29651ms, D: 59651ms, C: false, I: false, N: 0
02-01 22:06:42.697  3653  3653 I Finsky  : [2] tol.a(37): Cancelling existing jobscheduler jobs: 9000 9003 9005 
02-01 22:06:42.698  3653  3653 I Finsky  : [2] tol.a(30): Scheduling job Id: 9001, L: 0, D: 51866046, C: false, I: true, N: 0
02-01 22:06:42.700  3653  3653 I Finsky  : [2] tol.a(30): Scheduling job Id: 9002, L: 0, D: 55455669, C: false, I: false, N: 1
02-01 22:06:42.702  3653  3653 I Finsky  : [2] tol.a(30): Scheduling job Id: 9004, L: 29651, D: 59651, C: false, I: false, N: 0
02-01 22:06:42.723  1456  3925 I ActivityManager: Start proc 3749:android.process.media/u0a31 for content provider com.android.providers.downloads/.DownloadProvider
02-01 22:06:42.757  3749  3749 I zygote  : The ClassLoaderContext is a special shared library.
02-01 22:06:42.772  3749  3749 I zygote  : The ClassLoaderContext is a special shared library.
02-01 22:06:42.841  3653  3744 I Finsky  : [234004] mmn.run(2): Installer: Installer starting.
02-01 22:06:42.842  3653  3744 I Finsky  : [234004] mmn.run(4): Installer: Installer started.
02-01 22:06:42.845  3653  3653 I Finsky  : [2] mnm.a(229): Installer: found apps to install. isMultiUserMode=false, apps=[]
02-01 22:06:42.870  3653  3653 I Finsky  : [2] vaf.a(23): Connecting InstallListener to SplitInstallService broadcaster...
02-01 22:06:42.973  3513  3794 I chatty  : uid=10815(org.mozilla.fenix.nightly) expire 2 lines
02-01 22:06:43.828  3513  3534 I chatty  : uid=10815(org.mozilla.fenix.nightly) expire 1 line
02-01 22:06:43.841  1456  2067 D ConnectivityService: releasing NetworkRequest [ TRACK_DEFAULT id=24012, [ Capabilities: INTERNET&NOT_RESTRICTED&TRUSTED&NOT_VPN] ] (release request)
02-01 22:06:43.856  3653  3653 I Finsky  : [2] JobSchedulerEngine$PhoneskyJobSchedulerJobService.onStartJob(5): SCH: onJobSchedulerWakeup with jobId 9002
02-01 22:06:43.860  3653  3653 I Finsky  : [2] tne.a(24): Scheduling fallback job with id: 9034, and delay: 43200000 ms
02-01 22:06:43.866  3653  3653 I Finsky  : [2] tne.a(5): Scheduling fallback in 64799997 (absolute: 13205692536)
02-01 22:06:43.892  3653  3653 I Finsky  : [2] tnn.handleMessage(10): SCH: DeviceState: DeviceState{currentTime=1580612803883, isCharging=true, isIdle=false, netAny=true, netNotRoaming=true, netUnmetered=true, batteryPercent=100.0}
02-01 22:06:43.905  3653  3695 I Finsky  : [233968] tqb.a(7): SCH: Jobs in database: 1-1337 12-1 24-77777777 26-1414141414 29-29 
02-01 22:06:43.931  3653  3653 I Finsky  : [2] tno.a(20): SCH: Running job: 12-1
02-01 22:06:43.934  3653  3653 I Finsky  : [2] ContentSyncJob.a(14): ContentSyncJob started
02-01 22:06:43.935  3653  3653 I Finsky  : [2] tnn.handleMessage(63): SCH: RunningQueue size: 1, PendingQueue size: 0
02-01 22:06:43.936  3653  3653 I Finsky  : [2] tnn.handleMessage(66): SCH: Running queue: 12-1 
02-01 22:06:44.213  3653  3658 I zygote  : Do full code cache collection, code=73KB, data=50KB
02-01 22:06:44.216  3653  3658 I zygote  : After code cache collection, code=58KB, data=36KB
02-01 22:06:44.858  3653  3829 I zygote  : Deoptimizing void anbb.a(anbb) due to JIT inline cache
02-01 22:06:44.875  3653  3829 I Finsky  : [234015] egy.a(29): Completed 0 account content syncs with 0 successful.
02-01 22:06:44.876  3653  3653 I Finsky  : [2] ContentSyncJob.a(12): Installation state replication succeeded.
02-01 22:06:44.887  3653  3653 I Finsky  : [2] toy.a(13): SCH: jobFinished: 12-1. TimeElapsed: 955ms.
02-01 22:06:44.889  3653  3653 I Finsky  : [2] tno.a(35): SCH: Job 12-1 finished. Not rescheduling.
02-01 22:06:44.891  3653  3653 I Finsky  : [2] tnn.handleMessage(63): SCH: RunningQueue size: 0, PendingQueue size: 0
02-01 22:06:44.892  3653  3653 I Finsky  : [2] tnn.handleMessage(29): Executor finished
02-01 22:06:44.908  3653  3653 I Finsky  : [2] tqb.a(7): SCH: Jobs in database: 1-1337 24-77777777 26-1414141414 29-29 
02-01 22:06:44.925  3653  3653 I Finsky  : [2] tly.a(58): SCH: ConstraintMapping: 24-77777777,  -> L: 0ms, D: 51863809ms, C: false, I: true, N: 0
02-01 22:06:44.927  3653  3653 I Finsky  : [2] tly.a(58): SCH: ConstraintMapping: 1-1337,  -> L: 12253428ms, D: 55453428ms, C: false, I: false, N: 1
02-01 22:06:44.928  3653  3653 I Finsky  : [2] tly.a(58): SCH: ConstraintMapping: 26-1414141414, 29-29,  -> L: 27415ms, D: 57415ms, C: false, I: false, N: 0
02-01 22:06:44.933  3653  3653 I Finsky  : [2] tol.a(37): Cancelling existing jobscheduler jobs: 9004 9001 
02-01 22:06:44.934  3653  3653 I Finsky  : [2] tol.a(14): Throttling wakeup for job 9000 (expected to run in 0 ms) due to recent wakeup
02-01 22:06:44.935  3653  3653 I Finsky  : [2] tol.a(30): Scheduling job Id: 9000, L: 30000, D: 51863809, C: false, I: true, N: 0
02-01 22:06:44.937  3653  3653 I Finsky  : [2] tol.a(30): Scheduling job Id: 9003, L: 12253428, D: 55453428, C: false, I: false, N: 1
02-01 22:06:44.939  3653  3653 I Finsky  : [2] tol.a(14): Throttling wakeup for job 9005 (expected to run in 27415 ms) due to recent wakeup
02-01 22:06:44.940  3653  3653 I Finsky  : [2] tol.a(30): Scheduling job Id: 9005, L: 30000, D: 57415, C: false, I: false, N: 0
02-01 22:06:44.942  3653  3653 I Finsky  : [2] pow.onTrimMemory(1): Memory trim requested to level 80
02-01 22:06:45.224  2360  2360 D MayaFrameworkProxyService: receive intent :Intent { act=android.intent.action.PACKAGE_CHANGED dat=package:org.mozilla.fenix.nightly flg=0x45000010 (has extras) }
02-01 22:06:45.232  1456  1600 W ResourceType: No known package when getting value for resource number 0x7f0801a1
02-01 22:06:45.232  1456  1600 W ResourceType: No known package when getting value for resource number 0x7f120105
02-01 22:06:45.232  1456  1600 W ResourceType: No known package when getting value for resource number 0x7f120105
02-01 22:06:45.232  1456  1600 W ResourceType: No known package when getting value for resource number 0x7f08019f
02-01 22:06:45.233  1456  1600 W ResourceType: No known package when getting value for resource number 0x7f120104
02-01 22:06:45.233  1456  1600 W ResourceType: No known package when getting value for resource number 0x7f120104
02-01 22:06:45.245  1456  1456 W ResourceType: ResTable_typeSpec entry count inconsistent: given 669, previously 675
02-01 22:06:45.245  1456  1456 W ResourceType: ResTable_typeSpec entry count inconsistent: given 394, previously 1461
02-01 22:06:45.245  1456  1456 W ResourceType: ResTable_typeSpec entry count inconsistent: given 217, previously 1293
02-01 22:06:45.246  1456  1942 I InputReader: Reconfiguring input devices.  changes=0x00000010
02-01 22:06:45.280  2398  2398 D CarrierSvcBindHelper: No carrier app for: 0
02-01 22:06:45.281  2398  2398 D CarrierSvcBindHelper: No carrier app for: 1
02-01 22:06:45.290  2398  2398 E VvmPkgInstalledRcvr: cannot create TelephonyManager from ComponentInfo{com.android.phone/com.android.services.telephony.TelephonyConnectionService}, [****], UserHandle{0}
02-01 22:06:45.290  2398  2398 D ImsResolver: maybeAddedImsService, packageName: org.mozilla.fenix.nightly
02-01 22:06:45.351  1456  1456 W ResourceType: Found multiple library tables, ignoring...
02-01 22:06:45.351  1456  1600 W ResourceType: ResTable_typeSpec entry count inconsistent: given 29, previously 34
02-01 22:06:45.365  1456  1600 W ResourceType: ResTable_typeSpec entry count inconsistent: given 2172, previously 2169
02-01 22:06:45.367  1456  1600 W ResourceType: ResTable_typeSpec entry count inconsistent: given 272, previously 1536
02-01 22:06:45.406  1456  1456 I TelecomService: DefaultDialerCache: Refreshing default dialer for user 0: now com.android.dialer: DDC.oR@+ps
02-01 22:06:45.429 13975 14047 I Icing   : IndexChimeraService.getServiceInterface callingPackage=com.google.android.gms componentName=AppsCorpus serviceId=36
02-01 22:06:45.448 13975 26675 W Icing   : No valid account for uploading user actions
02-01 22:06:45.527 13975 26675 I Icing   : Usage reports ok 1, Failed Usage reports 0, indexed 0, rejected 0
02-01 22:06:45.529 13975 26675 I Icing   : Indexing com.google.android.gms-internal.3p:MobileApplication from com.google.android.gms using seqno 2511
02-01 22:06:45.532 13975 26675 I Icing   : Indexing com.google.android.gms-internal.3p:MobileApplication from com.google.android.gms using seqno 2511
02-01 22:06:46.296  3843  3843 D AndroidRuntime: >>>>>> START com.android.internal.os.RuntimeInit uid 2000 <<<<<<
02-01 22:06:46.309  3843  3843 W app_process: Could not reserve sentinel fault page
02-01 22:06:46.476  3843  3843 I app_process: The ClassLoaderContext is a special shared library.
02-01 22:06:46.530 13975 30791 I Icing   : Indexing com.google.android.gms-apps from com.google.android.gms
02-01 22:06:46.544  3843  3843 D AndroidRuntime: Calling main entry com.android.commands.input.Input
02-01 22:06:46.551  3843  3843 I Input   : injectKeyEvent: KeyEvent { action=ACTION_DOWN, keyCode=KEYCODE_HOME, scanCode=0, metaState=0, flags=0x0, repeatCount=0, eventTime=13033332963, downTime=13033332963, deviceId=-1, source=0x101 }
02-01 22:06:46.560  3843  3843 I Input   : injectKeyEvent: KeyEvent { action=ACTION_UP, keyCode=KEYCODE_HOME, scanCode=0, metaState=0, flags=0x0, repeatCount=0, eventTime=13033332963, downTime=13033332963, deviceId=-1, source=0x101 }
02-01 22:06:46.570  1456  1941 I ActivityManager: START u0 {act=android.intent.action.MAIN cat=[android.intent.category.HOME] flg=0x10200000 cmp=com.android.launcher3/.CustomizationPanelLauncher (has extras)} from uid 1000
02-01 22:06:46.570   794   839 E ANDR-PERF-RESOURCEQS: Failed to apply optimization [4, 0]
02-01 22:06:46.584  1456  1941 I ActivityManager: moveHomeStack, setupComplete:true
02-01 22:06:46.590 20023 20118 I Adreno  : QUALCOMM build                   : bb5b86c, I77d3059488
02-01 22:06:46.590 20023 20118 I Adreno  : Build Date                       : 06/07/18
02-01 22:06:46.590 20023 20118 I Adreno  : OpenGL ES Shader Compiler Version: EV031.22.00.01_06
02-01 22:06:46.590 20023 20118 I Adreno  : Local Branch                     : 
02-01 22:06:46.590 20023 20118 I Adreno  : Remote Branch                    : refs/tags/AU_LINUX_ANDROID_LA.UM.6.5.R1.08.01.00.312.086
02-01 22:06:46.590 20023 20118 I Adreno  : Remote Branch                    : NONE
02-01 22:06:46.590 20023 20118 I Adreno  : Reconstruct Branch               : NOTHING
02-01 22:06:46.592 20023 20118 D vndksupport: Loading /vendor/lib/hw/gralloc.msm8937.so from current namespace instead of sphal namespace.
02-01 22:06:46.596 20023 20118 I Adreno  : PFP: 0x005ff087, ME: 0x005ff063
02-01 22:06:46.597  3843  3843 D AndroidRuntime: Shutting down VM
02-01 22:06:46.600 20023 20118 I zygote  : android::hardware::configstore::V1_0::ISurfaceFlingerConfigs::hasWideColorDisplay retrieved: 0
02-01 22:06:46.601 20023 20118 I OpenGLRenderer: Initialized EGL, version 1.4
02-01 22:06:46.602 20023 20118 D OpenGLRenderer: Swap behavior 2
02-01 22:06:46.605 13975 30791 I Icing   : Indexing done com.google.android.gms-apps
02-01 22:06:46.613  2748  2748 D Launcher.Utilities: Wakeup weather: Intent { act=com.motorola.launcher3.action.WAKEUP_WEATHER cmp=com.motorola.timeweatherwidget/com.motorola.commandcenter.weather.WakeUpService }
02-01 22:06:46.628  1456  1456 I NotificationService: Cannot find enqueued record for key: 0|com.motorola.timeweatherwidget|1|null|10116
02-01 22:06:46.641   808   808 D SurfaceFlinger: duplicate layer name: changing com.android.launcher3/com.android.launcher3.CustomizationPanelLauncher to com.android.launcher3/com.android.launcher3.CustomizationPanelLauncher#1
02-01 22:06:46.656 20023 20101 W ThreadPoolDumper: Queue length for executor EventBus is now 11. Perhaps some tasks are too long, or the pool is too small.
02-01 22:06:46.659  1456  4802 I WifiService: getWifiEnabledState uid=10073
02-01 22:06:46.668  1456  3925 I WifiService: getWifiEnabledState uid=10073
02-01 22:06:46.705 20023 20165 I MicroDetectionState: Should stop hotword detection immediately - false
02-01 22:06:46.712 20023 20165 I MicroDetectionWorker: #startMicroDetector [speakerMode: 0]
02-01 22:06:46.714 20023 20165 I AudioController: Created new AudioSource
02-01 22:06:46.724  1456  1673 I LaunchCheckinHandler: Displayed com.android.launcher3/.CustomizationPanelLauncher,wp,wa,154
02-01 22:06:46.726 20023 20097 I MicroDataManager: isInitializedWithLatestParams-true
02-01 22:06:46.726 20023 20097 I MicroDataManager: isInitializing-false locale not changed-true model not changed-true
02-01 22:06:46.727 20023 20097 I MicroDataManager: Already initialized, obtaining the hotword data immediately.
02-01 22:06:46.727  3653  3653 I Finsky  : [2] pow.onTrimMemory(1): Memory trim requested to level 80
02-01 22:06:46.732 20023 20105 I MicroRecognitionRunner: Starting detection.
02-01 22:06:46.733 20023 20105 I InputStreamUtils: Using micInputStream
02-01 22:06:46.733 20023 32511 I MicrophoneInputStream: mic_starting  SR : 16000 CC : 16 SO : 1999
02-01 22:06:46.738   788  1401 V msm8974_platform: platform_check_input_mask: enter check_input_mask source 6 mask 10
02-01 22:06:46.740  1012  3859 I AudioFlinger: AudioFlinger's thread 0xb2483640 tid=3859 ready to run
02-01 22:06:46.745   788  1401 D audio_hw_primary: in_set_parameters: enter: kvpairs=input_source=6;routing=-2147483644
02-01 22:06:46.746  1012  8317 D APM_AudioPolicyManager: AudioPolicyManager::startInput() input 115246, session 115321, source = 1999
02-01 22:06:46.747 20023 32511 I MicrophoneInputStream: mic_started  SR : 16000 CC : 16 SO : 1999
02-01 22:06:46.748   788  3860 V msm8974_platform: platform_update_usecase_from_source: input source :6
02-01 22:06:46.748   788  3860 V msm8974_platform: platform_check_input_mask: enter check_input_mask source 6 mask 10
02-01 22:06:46.748   788  3860 V msm8974_platform: platform_get_input_snd_device: enter: out_device(0) in_device(0x4) channel_count (1) channel_mask (0x10)
02-01 22:06:46.748   788  3860 V msm8974_platform: platform_get_input_snd_device: exit: in_snd_device(voice-rec-mic)
02-01 22:06:46.748   788  3860 V msm8974_platform: platform_get_backend_index:napb: backend port - 5 device - 120 
02-01 22:06:46.748   788  3860 V msm8974_platform: platform_check_and_set_capture_backend_cfg:txbecf: afe: bitwidth 0, samplerate 0, channel 1, backend_idx 5 usecase = 9 device (voice-rec-mic)
02-01 22:06:46.748   788  3860 V msm8974_platform: platform_check_capture_backend_cfg:txbecf: afe: Codec selected backend: 5 current bit width: 0 and sample rate: 0, channels 1
02-01 22:06:46.748   788  3860 V msm8974_platform: platform_check_capture_backend_cfg:txbecf: afe: Codec selected backend: 5 updated bit width: 0 and sample rate: 0
02-01 22:06:46.748   788  3860 I msm8974_platform: platform_check_capture_backend_cfg:txbecf: afe: Codec backend needs to be updated. new bit width: 0 new sample rate: 0 new channel: 1
02-01 22:06:46.748   788  3860 V msm8974_platform: platform_get_backend_index:napb: backend port - 5 device - 120 
02-01 22:06:46.748   788  3860 V msm8974_platform: platform_set_backend_cfg:becf: afe: bitwidth 0, samplerate 0 channels 1, backend_idx 5 device (voice-rec-mic)
02-01 22:06:46.749   788  3860 E msm8974_platform: platform_set_backend_cfg:becf: afe: Could not get ctl for mixer command - SLIM_0_TX Format
02-01 22:06:46.749   788  3860 V msm8974_platform: platform_send_audio_calibration: sending audio calibration for snd_device(120) acdb_id(62)
02-01 22:06:46.749   788  3860 D ACDB-LOADER: ACDB -> send_audio_cal, acdb_id = 62, path = 1, app id = 0x11130, sample rate = 48000
02-01 22:06:46.749   788  3860 D ACDB-LOADER: ACDB -> send_asm_topology
02-01 22:06:46.749   788  3860 D ACDB-LOADER: ACDB -> ACDB_CMD_GET_AUDPROC_STREAM_TOPOLOGY_ID
02-01 22:06:46.749   788  3860 D ACDB-LOADER: ACDB -> send_adm_topology
02-01 22:06:46.749   788  3860 D ACDB-LOADER: ACDB -> ACDB_CMD_GET_AUDPROC_COMMON_TOPOLOGY_ID
02-01 22:06:46.749   788  3860 D ACDB-LOADER: ACDB -> send_audtable
02-01 22:06:46.749   788  3860 D ACDB-LOADER: ACDB -> ACDB_CMD_GET_AUDPROC_COMMON_TABLE_SIZE
02-01 22:06:46.749   788  3860 D ACDB-LOADER: ACDB -> ACDB_CMD_GET_AUDPROC_COMMON_TABLE
02-01 22:06:46.749   788  3860 D ACDB-LOADER: ACDB -> AUDIO_SET_AUDPROC_CAL
02-01 22:06:46.749   788  3860 D ACDB-LOADER: ACDB -> send_audvoltable
02-01 22:06:46.749   788  3860 D ACDB-LOADER: ACDB -> ACDB_CMD_GET_AUDPROC_VOL_STEP_TABLE_SIZE
02-01 22:06:46.749   788  3860 D ACDB-LOADER: ACDB -> ACDB_CMD_GET_AUDPROC_GAIN_DEP_STEP_TABLE, vol index 0
02-01 22:06:46.749   788  3860 D         : Failed to fetch the lookup information of the device 0000003E 
02-01 22:06:46.749   788  3860 D ACDB-LOADER: ACDB -> AUDIO_SET_VOL_CAL cal type = 12
02-01 22:06:46.749   788  3860 D ACDB-LOADER: ACDB -> ACDB_CMD_GET_AUDPROC_STREAM_TABLE_SIZE
02-01 22:06:46.749   788  3860 D ACDB-LOADER: ACDB -> send_audstrmtable
02-01 22:06:46.749   788  3860 D ACDB-LOADER: ACDB -> ACDB_CMD_GET_AUDPROC_STREAM_TABLE_V2
02-01 22:06:46.749   788  3860 D ACDB-LOADER: ACDB -> audstrm_cal->cal_type.cal_data.cal_size = 456
02-01 22:06:46.749   788  3860 D ACDB-LOADER: ACDB -> send_afe_topology
02-01 22:06:46.749   788  3860 D ACDB-LOADER: ACDB -> ACDB_CMD_GET_AFE_TOPOLOGY_ID
02-01 22:06:46.749   788  3860 D ACDB-LOADER: ACDB -> GET_AFE_TOPOLOGY_ID for adcd_id 62, Topology Id 112fb
02-01 22:06:46.749   788  3860 D ACDB-LOADER: ACDB -> send_afe_cal
02-01 22:06:46.749   788  3860 D ACDB-LOADER: ACDB -> ACDB_CMD_GET_AFE_COMMON_TABLE_SIZE
02-01 22:06:46.749   788  3860 D         : Failed to fetch the lookup information of the device 0000003E 
02-01 22:06:46.749   788  3860 E ACDB-LOADER: Error: ACDB_CMD_GET_AFE_COMMON_TABLE_SIZE Returned = -19
02-01 22:06:46.749   788  3860 D ACDB-LOADER: ACDB -> ACDB_CMD_GET_AFE_COMMON_TABLE
02-01 22:06:46.749   788  3860 D         : Failed to fetch the lookup information of the device 0000003E 
02-01 22:06:46.750   788  3860 D ACDB-LOADER: ACDB -> AUDIO_SET_AFE_CAL
02-01 22:06:46.750   788  3860 D ACDB-LOADER: ACDB -> send_hw_delay : acdb_id = 62 path = 1
02-01 22:06:46.750   788  3860 D ACDB-LOADER: ACDB -> ACDB_AVSYNC_INFO: ACDB_CMD_GET_DEVICE_PROPERTY
02-01 22:06:46.750   788  3860 D audio_hw_primary: enable_snd_device: snd_device(120: voice-rec-mic)
02-01 22:06:46.750   788  3860 D audio_route: Apply path: voice-rec-mic
02-01 22:06:46.753   788  3860 V msm8974_platform: platform_get_snd_device_backend_index: enter with device 120
02-01 22:06:46.753   788  3860 E msm8974_platform: platform_get_snd_device_backend_index: BE DAI Name Table is not present
02-01 22:06:46.753   788  3860 V msm8974_platform: platform_get_backend_index:napb: backend port - 5 device - 120 
02-01 22:06:46.753   788  3860 I audio_hw_utils: Set Audio Stream Capture 0 App Type Cfg: app_type 69936, acdb_dev_id 62, sample_rate 48000, snd_device_be_idx -14
02-01 22:06:46.753   788  3860 D audio_hw_primary: enable_audio_route: usecase(9) apply and update mixer path: audio-record
02-01 22:06:46.753   788  3860 D audio_route: Apply path: audio-record
02-01 22:06:46.824 20023 20165 I MicroDetectionWorker: onReady
02-01 22:06:46.884  2146  2165 I zygote  : NativeAlloc concurrent copying GC freed 16745(1001KB) AllocSpace objects, 0(0B) LOS objects, 50% free, 9MB/18MB, paused 200us total 139.992ms
02-01 22:06:47.125  1456  7796 I OpenGLRenderer: Initialized EGL, version 1.4
02-01 22:06:47.125  1456  7796 D OpenGLRenderer: Swap behavior 2
02-01 22:06:47.185  2748  2917 W OpenGLRenderer: Incorrectly called buildLayer on View: ShortcutAndWidgetContainer, destroying layer...
02-01 22:06:47.325  1456  4829 D ConnectivityService: requestNetwork for uid/pid:10815/3513 NetworkRequest [ TRACK_DEFAULT id=24014, [ Capabilities: INTERNET&NOT_RESTRICTED&TRUSTED&NOT_VPN] ]
02-01 22:06:47.327  1456  2054 D WIFI_UT : got request NetworkRequest [ TRACK_DEFAULT id=24014, [ Capabilities: INTERNET&NOT_RESTRICTED&TRUSTED&NOT_VPN] ] with score 60
02-01 22:06:47.327  1456  2099 D Ethernet: got request NetworkRequest [ TRACK_DEFAULT id=24014, [ Capabilities: INTERNET&NOT_RESTRICTED&TRUSTED&NOT_VPN] ] with score 60
02-01 22:06:47.327  1456  2054 D WIFI    : got request NetworkRequest [ TRACK_DEFAULT id=24014, [ Capabilities: INTERNET&NOT_RESTRICTED&TRUSTED&NOT_VPN] ] with score 60
02-01 22:06:47.327  2398  2398 D PhoneSwitcherNetworkRequstListener: got request NetworkRequest [ TRACK_DEFAULT id=24014, [ Capabilities: INTERNET&NOT_RESTRICTED&TRUSTED&NOT_VPN] ] with score 60
02-01 22:06:47.337  3513  3861 I chatty  : uid=10815(org.mozilla.fenix.nightly) expire 9 lines
02-01 22:06:47.834  3513  3541 I chatty  : uid=10815(org.mozilla.fenix.nightly) expire 1 line
02-01 22:06:47.837  1456  2067 D ConnectivityService: releasing NetworkRequest [ TRACK_DEFAULT id=24014, [ Capabilities: INTERNET&NOT_RESTRICTED&TRUSTED&NOT_VPN] ] (release request)
02-01 22:06:51.759  1456  6339 I ActivityManager: Force stopping org.mozilla.fenix.nightly appid=10815 user=0: from pid 3867
02-01 22:06:51.759  1456  6339 I ActivityManager: Killing 3513:org.mozilla.fenix.nightly/u0a815 (adj 700): stop org.mozilla.fenix.nightly
02-01 22:06:51.762  1456  1605 W zygote  : kill(-3513, 9) failed: No such process
02-01 22:06:51.764  1456  6339 W ActivityManager: Force removing ActivityRecord{d87b1d2 u0 org.mozilla.fenix.nightly/org.mozilla.fenix.HomeActivity t22121}: app died, no saved state
02-01 22:06:51.774  1456  6339 I ActivityManager: Killing 3628:org.mozilla.fenix.nightly:socket/u0a815 (adj 0): stop org.mozilla.fenix.nightly
02-01 22:06:51.777  1456  6339 I ActivityManager: Killing 3607:org.mozilla.fenix.nightly:tab/u0a815 (adj 0): stop org.mozilla.fenix.nightly
02-01 22:06:51.778  1456  1605 W zygote  : kill(-3513, 9) failed: No such process
02-01 22:06:51.790  2398  2398 D CarrierSvcBindHelper: No carrier app for: 0
02-01 22:06:51.791  2398  2398 D CarrierSvcBindHelper: No carrier app for: 1
02-01 22:06:51.793  1456  1605 W zygote  : kill(-3513, 9) failed: No such process
02-01 22:06:51.839  1456  1673 W ActivityManager: setHasOverlayUi called on unknown pid: 3513
02-01 22:06:51.855  1456  1605 W zygote  : kill(-3513, 9) failed: No such process
02-01 22:06:51.855  1456  1605 I zygote  : Successfully killed process cgroup uid 10815 pid 3513 in 93ms
02-01 22:06:51.855  1456  1605 W zygote  : kill(-3628, 9) failed: No such process
02-01 22:06:51.855  1456  1605 I zygote  : Successfully killed process cgroup uid 10815 pid 3628 in 0ms
02-01 22:06:51.855  1456  1605 W zygote  : kill(-3607, 9) failed: No such process
02-01 22:06:51.856  1456  1605 I zygote  : Successfully killed process cgroup uid 10815 pid 3607 in 0ms
02-01 22:06:51.888  1456  2204 I ActivityManager: START u0 {act=android.intent.action.MAIN cat=[android.intent.category.LAUNCHER] flg=0x10000000 cmp=org.mozilla.fenix.nightly/org.mozilla.fenix.HomeActivity} from uid 2000
02-01 22:06:51.889   794   839 E ANDR-PERF-RESOURCEQS: Failed to apply optimization [4, 0]
02-01 22:06:51.908  1456  1471 I ActivityManager: Start proc 3874:org.mozilla.fenix.nightly/u0a815 for activity org.mozilla.fenix.nightly/org.mozilla.fenix.HomeActivity
02-01 22:06:51.997 20023 20165 I MicroDetectionState: Should stop hotword detection immediately - false
02-01 22:06:51.997 20023 20165 I MicroDetector: Keeping mic open: false
02-01 22:06:51.997 20023 20165 I RecognitionAudioControl: #shutdownAudio [requestId: -929806952500255216, keepAudioOpen: false, forced: true]
02-01 22:06:51.997 20023 20207 E DeviceStateChecker: DeviceStateChecker cancelled
02-01 22:06:51.998 20023 20165 I RecognitionAudioControl: #internalShutdownAudio [requestId: -929806952500255216]
02-01 22:06:51.998 20023 20165 I RecognitionAudioControl: #internalShutdownAudio [keepAudioOpen: false, forced: true]
02-01 22:06:51.998 20023 20165 I RecognitionAudioControl: #actualShutdownAudio
02-01 22:06:51.998 20023 20165 I AudioController: #shutdown [requestId=-929806952500255216]
02-01 22:06:51.998 20023 20113 I AudioController: internalShutdown
02-01 22:06:51.998 20023 20096 I MicroRecognitionRunner: Stopping hotword detection.
02-01 22:06:52.042   788  1401 D audio_hw_primary: disable_audio_route: usecase(9) reset and update mixer path: audio-record
02-01 22:06:52.042   788  1401 D audio_hw_primary: disable_snd_device: snd_device(120: voice-rec-mic)
02-01 22:06:52.043  1012  1012 D APM_AudioPolicyManager: stopInput() input 115246, session 115321
02-01 22:06:52.044   788  1401 D audio_hw_primary: in_set_parameters: enter: kvpairs=routing=0
02-01 22:06:52.047 20023 20113 I MicrophoneInputStream: mic_close  SR : 16000 CC : 16 SO : 1999
02-01 22:06:52.047 20023 20113 E AudioSource: Stop listening is called on already closed AudioSource
02-01 22:06:52.048 20023 20105 I MicroRecognitionRunner: Detection finished
02-01 22:06:52.069  3874  3874 I chatty  : uid=10815(org.mozilla.fenix.nightly) expire 27 lines
02-01 22:06:52.132  3874  3892 I chatty  : uid=10815(org.mozilla.fenix.nightly) expire 4 lines
02-01 22:06:52.193  3874  3900 I chatty  : uid=10815(org.mozilla.fenix.nightly) expire 2 lines
02-01 22:06:52.227  3874  3904 I chatty  : uid=10815(org.mozilla.fenix.nightly) expire 11 lines
02-01 22:06:52.282  3874  3910 I chatty  : uid=10815(org.mozilla.fenix.nightly) expire 16 lines
02-01 22:06:52.345  3874  3879 I chatty  : uid=10815(org.mozilla.fenix.nightly) expire 3 lines
02-01 22:06:52.351   808   808 I SFPerfTracer:      triggers: (rate: 50:548256) (compose: 0:6) (post: 0:14) (render: 0:11) (16:4571640 frames) (17:6017497)
02-01 22:06:52.352   808   808 D SFPerfTracer:        layers: (3:13) (NavigationBar#0 (0xb07df000): 9:486708) (StatusBar#0 (0xb07e3000): 9:1403157) (com.android.systemui.ImageWallpaper#0 (0xb07e7000): 0:41865)* (Sprite#0 (0xb0733000): 0:317)* (DimLayerController/Stack=0#0 (0xb075a000): 0:3589)* (Sprite#1 (0xb077c000): 0:195)* (com.android.launcher3/com.android.launcher3.CustomizationPanelLauncher#0 (0xb0763000): 0:30)- (com.android.launcher3/com.android.launcher3.CustomizationPanelLauncher#1 (0xb0771000): 0:5)- (Splash Screen org.mozilla.fenix.nightly#0 (0xb0384000): 0:30)- (org.mozilla.fenix.nightly/org.mozilla.fenix.HomeActivity#0 (0xb039b000): 0:46)- (com.android.launcher3/com.android.launcher3.CustomizationPanelLauncher#0 (0xb0763000): 0:40)* (com.android.launcher3/com.android.launcher3.CustomizationPanelLauncher#1 (0xb0771000): 0:10)* (Splash Screen org.mozilla.fenix.nightly#0 (0xb0384000): 16:19) 
02-01 22:06:52.360  3653  3697 I Finsky  : [233970] hcj.a(24): No selector loaded
02-01 22:06:52.387  3653  3697 I Finsky  : [233970] ilf.d(66): System was updated or GL extensions were already cached.
02-01 22:06:52.394  3653  3691 I Finsky  : [233964] ebb.run(3): Initializing the instant apps module.
02-01 22:06:52.449  3653  3745 I Finsky  : [234005] rgb.c(1): Triggered update for experiment package com.google.android.finsky.stable.
02-01 22:06:52.452  3874  3922 I chatty  : uid=10815(org.mozilla.fenix.nightly) expire 6 lines
02-01 22:06:52.458  3874  3926 I chatty  : uid=10815(org.mozilla.fenix.nightly) expire 10 lines
02-01 22:06:52.463  3653  3691 I Finsky  : [233964] zum.f(2): Restoring notifications
02-01 22:06:52.475  3653  3697 I Finsky  : [233970] abdg.a(10): Do not start WearSupportService due to Wear service optimization
02-01 22:06:52.476  3653  3712 I Finsky  : [233977] eax.run(8): Component class com.google.android.finsky.wear.WearSupportService disabled via PackageManager.
02-01 22:06:52.476  3653  3712 I Finsky  : [233977] eax.run(8): Component class com.google.android.finsky.wear.WearChangeListenerService disabled via PackageManager.
02-01 22:06:52.491  3653  3691 I Finsky  : [233964] zum.f(6): Done restoring notifications
02-01 22:06:52.501  3653  3683 I zygote  : Deoptimizing void j$.util.concurrent.ConcurrentHashMap.putAll(java.util.Map) due to JIT inline cache
02-01 22:06:52.623  3653  3745 I Finsky  : [234005] rgb.c(8): Already at the latest configurations for experiment package com.google.android.finsky.stable.
02-01 22:06:52.624  3653  3738 I Finsky  : [234000] rgb.c(1): Triggered update for experiment package com.google.android.finsky.regular.
02-01 22:06:52.713  3874  3910 I chatty  : uid=10815(org.mozilla.fenix.nightly) expire 15 lines
02-01 22:06:52.765  3874  3874 I chatty  : uid=10815(org.mozilla.fenix.nightly) expire 18 lines
02-01 22:06:52.767  3653  3738 I Finsky  : [234000] rgb.c(8): Already at the latest configurations for experiment package com.google.android.finsky.regular.
02-01 22:06:52.791  3653  3658 I zygote  : Do partial code cache collection, code=115KB, data=87KB
02-01 22:06:52.794  3653  3658 I zygote  : After code cache collection, code=111KB, data=86KB
02-01 22:06:52.794  3653  3658 I zygote  : Increasing code cache capacity to 512KB
02-01 22:06:52.802  1456  2204 I ActivityManager: Start proc 3964:org.mozilla.fenix.nightly:tab/u0a815 for service org.mozilla.fenix.nightly/org.mozilla.gecko.process.GeckoServiceChildProcess$tab
02-01 22:06:52.827  3874  3915 I chatty  : uid=10815(org.mozilla.fenix.nightly) expire 1 line
02-01 22:06:52.833  3874  3884 I chatty  : uid=10815(org.mozilla.fenix.nightly) expire 1 line
02-01 22:06:52.846  3874  3984 I chatty  : uid=10815(org.mozilla.fenix.nightly) expire 9 lines
02-01 22:06:52.862  3653  3653 I Finsky  : [2] ukg.run(5): Detected restoreservicev2://recovery not needed, will not run
02-01 22:06:52.882  3653  3705 I zygote  : Deoptimizing amua amoy.a(int) due to JIT inline cache
02-01 22:06:52.891  3653  3989 I Finsky  : [234023] akey.a(2): registerListener
02-01 22:06:52.895  3653  3989 I Finsky  : [234023] jnu.a(2): getDownloads(-)
02-01 22:06:52.901  3653  3992 I zygote  : Deoptimizing java.lang.String abpa.a(java.lang.String, java.lang.Object[]) due to JIT inline cache
02-01 22:06:52.901  3653  3992 I Finsky  : [234025] akfg.a(7): Initiate binding to the service.
02-01 22:06:52.902  3653  3989 I Finsky  : [234023] eks.run(7): Initialized AssetModuleDownloader.
02-01 22:06:52.919  1456  1471 I ActivityManager: Start proc 3994:com.android.vending:download_service/u0a62 for service com.android.vending/com.google.android.finsky.downloadservice.DownloadService
02-01 22:06:52.928  3874  3879 I chatty  : uid=10815(org.mozilla.fenix.nightly) expire 5 lines
02-01 22:06:52.950  3964  3964 I chatty  : uid=10815(org.mozilla.fenix.nightly) expire 2 lines
02-01 22:06:52.950  3964  4011 I chatty  : uid=10815(org.mozilla.fenix.nightly) expire 1 line
02-01 22:06:52.958  1456  1471 I WifiService: getDhcpInfo uid=10815
02-01 22:06:52.973  1456  1471 I ActivityManager: Start proc 4015:org.mozilla.fenix.nightly:socket/u0a815 for service org.mozilla.fenix.nightly/org.mozilla.gecko.process.GeckoServiceChildProcess$socket
02-01 22:06:52.988  3994  3994 I Finsky:download_service: [2] ebu.aG(7): Process created at version: 18.5.59-all [0] [PR] 291056213
02-01 22:06:53.026  1456  2204 D ConnectivityService: requestNetwork for uid/pid:10062/3994 NetworkRequest [ TRACK_DEFAULT id=24015, [ Capabilities: INTERNET&NOT_RESTRICTED&TRUSTED&NOT_VPN] ]
02-01 22:06:53.027  1456  2054 D WIFI_UT : got request NetworkRequest [ TRACK_DEFAULT id=24015, [ Capabilities: INTERNET&NOT_RESTRICTED&TRUSTED&NOT_VPN] ] with score 60
02-01 22:06:53.028  2398  2398 D PhoneSwitcherNetworkRequstListener: got request NetworkRequest [ TRACK_DEFAULT id=24015, [ Capabilities: INTERNET&NOT_RESTRICTED&TRUSTED&NOT_VPN] ] with score 60
02-01 22:06:53.028  1456  2054 D WIFI    : got request NetworkRequest [ TRACK_DEFAULT id=24015, [ Capabilities: INTERNET&NOT_RESTRICTED&TRUSTED&NOT_VPN] ] with score 60
02-01 22:06:53.030  1456  2099 D Ethernet: got request NetworkRequest [ TRACK_DEFAULT id=24015, [ Capabilities: INTERNET&NOT_RESTRICTED&TRUSTED&NOT_VPN] ] with score 60
02-01 22:06:53.030  3994  4033 I Finsky:download_service: [233973] jgs.a(1): Trying to resume downloads.
02-01 22:06:53.031  3994  4034 I Finsky:download_service: [233974] jhf.onAvailable(3): Network is available [NetworkState{connected=true, wifi=true, metered=false, roaming=false}].
02-01 22:06:53.039  3653  3653 I Finsky  : [2] akfm.onServiceConnected(2): ServiceConnectionImpl.onServiceConnected(ComponentInfo{com.android.vending/com.google.android.finsky.downloadservice.DownloadService})
02-01 22:06:53.041  3653  3992 I Finsky  : [234025] akfk.a(3): linkToDeath
02-01 22:06:53.042  3653  3658 I zygote  : Compiler allocated 6MB to compile java.lang.Object ajgo.call()
02-01 22:06:53.043  3994  4012 I Finsky:download_service: [233969] jij.a(12): Starting getDownloads().
02-01 22:06:53.086  3653  3992 I Finsky  : [234025] akfh.a(2): Unbind from service.
02-01 22:06:53.087  3653  3664 I Finsky  : [233950] jnn.d(6): onGetDownloads()
02-01 22:06:53.113  4015  4015 I chatty  : uid=10815(org.mozilla.fenix.nightly) expire 2 lines
02-01 22:06:53.113  4015  4038 I chatty  : uid=10815(org.mozilla.fenix.nightly) expire 15 lines
02-01 22:06:53.136  1456  5797 I ActivityManager: Displayed org.mozilla.fenix.nightly/org.mozilla.fenix.HomeActivity: +1s239ms
02-01 22:06:53.136  1456  5797 I ActivityManager: Fully drawn org.mozilla.fenix.nightly/org.mozilla.fenix.HomeActivity: +1s239ms
02-01 22:06:53.199  1456  1673 I LaunchCheckinHandler: Displayed org.mozilla.fenix.nightly/org.mozilla.fenix.HomeActivity,cp,ca,1302
02-01 22:06:53.238  3653  3653 I Finsky  : [2] pow.onTrimMemory(1): Memory trim requested to level 80
02-01 22:06:53.242 20023 20023 I MemoryTrimmer: Trimming objects from memory, since app is in the background.
02-01 22:06:53.257 20023 32511 I PBSessionCacheImpl: Deleted sessionId[88063665787499689] from persistence.
02-01 22:06:53.259 20023 20023 I MemoryTrimmer: Trimming objects from memory, since app is in the background.
02-01 22:06:53.264  1456  2920 I WifiService: getWifiEnabledState uid=10073
02-01 22:06:53.271 20023 20165 W SearchServiceCore: Abort, client detached.
02-01 22:06:53.583   808   898 I SFPerfTracer:      triggers: (rate: 0:0) (0 sw vsyncs) (0 skipped) (17:3400767 vsyncs) (19:6064588)
02-01 22:06:54.203  3874  4087 I chatty  : uid=10815(org.mozilla.fenix.nightly) expire 2 lines
02-01 22:06:57.374  1456  1600 W ResourceType: No known package when getting value for resource number 0x7f0801a1
02-01 22:06:57.374  1456  1600 W ResourceType: No known package when getting value for resource number 0x7f120105
02-01 22:06:57.374  1456  1600 W ResourceType: No known package when getting value for resource number 0x7f120105
02-01 22:06:57.374  1456  1600 W ResourceType: No known package when getting value for resource number 0x7f08019f
02-01 22:06:57.374  1456  1600 W ResourceType: No known package when getting value for resource number 0x7f120104
02-01 22:06:57.375  1456  1600 W ResourceType: No known package when getting value for resource number 0x7f120104
02-01 22:06:57.376  2360  2360 D MayaFrameworkProxyService: receive intent :Intent { act=android.intent.action.PACKAGE_CHANGED dat=package:org.mozilla.fenix.nightly flg=0x45000010 (has extras) }
02-01 22:06:57.384  1456  1942 I InputReader: Reconfiguring input devices.  changes=0x00000010
