05-01 22:02:49.621 26891 26921 D GeckoThread: State changed to MOZGLUE_READY
05-01 22:02:49.622 26891 26918 I rc_log_ffi::ios: rc_log adapter initialized!
05-01 22:02:49.633 26891 26921 W Settings: Setting animator_duration_scale has moved from android.provider.Settings.System to android.provider.Settings.Global, returning read-only global URI.
05-01 22:02:49.633 26891 26891 I zygote  : Deoptimizing java.lang.Object androidx.collection.SimpleArrayMap.put(java.lang.Object, java.lang.Object) due to JIT inline cache
05-01 22:02:49.635 26891 26917 D glean/MetricsPingSched: The 'metrics' ping was last sent on Fri May 01 00:00:00 EDT 2020
05-01 22:02:49.636 26891 26921 E GeckoLibLoad: Load sqlite start
05-01 22:02:49.637 26891 26917 I glean/MetricsPingSched: The 'metrics' ping was already sent today, Fri May 01 22:02:49 EDT 2020.
05-01 22:02:49.638 26891 26917 D glean/MetricsPingSched: Scheduling the 'metrics' ping in 21430378ms
05-01 22:02:49.639 26891 26921 E GeckoLibLoad: Load sqlite done
05-01 22:02:49.639 26891 26921 E GeckoLibLoad: Load nss start
05-01 22:02:49.639 26891 26921 E GeckoLibLoad: Load nss done
05-01 22:02:49.640 26891 26917 D libglean_ffi: glean_core: Clearing Lifetime::Application metrics
05-01 22:02:49.644 26891 26891 D GleanMetricsService: Enabling Glean.
05-01 22:02:49.658 26891 26921 E GeckoLibLoad: Loaded libs in 18.339013ms total, 10ms(33ms) user, 10ms(10ms) system, 0(0) faults
05-01 22:02:49.658 26891 26921 D GeckoThread: State changed to LIBS_READY
05-01 22:02:49.659 26891 26891 I glean/Dispatchers: Task queued for execution and delayed until flushed
05-01 22:02:49.662 26891 26921 W GeckoThread: zerdatime 20913075736 - runGecko
05-01 22:02:49.662 26891 26891 I AdjustMetricsService: No adjust token defined
05-01 22:02:49.664 26891 26891 D PushConfig: Creating push configuration for autopush.
05-01 22:02:49.664 26891 26921 D GeckoProfile: Loading profile at: null name: default
05-01 22:02:49.665 26891 26921 D GeckoProfile: Found profile dir: /data/user/0/org.mozilla.fennec_aurora/files/mozilla/owhhqive.default
05-01 22:02:49.671 26891 26891 I App     : AutoPushFeature is configured, initializing it...
05-01 22:02:49.672 26891 26928 D AutoPushFeature: Initializing native component with the cached token.
05-01 22:02:49.673 26891 26891 I AutoPushFeature: Checking validity of push subscriptions.
05-01 22:02:49.675 26891 26928 D RustNativeSupport: findMegazordLibraryName(push, 0.58.2
05-01 22:02:49.675 26891 26928 D RustNativeSupport: lib in use: none
05-01 22:02:49.675 26891 26928 D RustNativeSupport: lib configured: megazord
05-01 22:02:49.675 26891 26928 D RustNativeSupport: lib version configured: 0.58.2
05-01 22:02:49.675 26891 26928 D RustNativeSupport: settled on megazord
05-01 22:02:49.693 26891 26891 D FennecProfile: profiles.ini: true
05-01 22:02:49.697 26891 26891 D FennecProfile: Ignoring line in [general] section: StartWithLastProfile=1
05-01 22:02:49.697 26891 26891 D FennecProfile: Found 1 profiles
05-01 22:02:49.698 26891 26891 D FennecProfile: Found default profile: FennecProfile(name=default, path=/data/user/0/org.mozilla.fennec_aurora/files/mozilla/owhhqive.default, default=true)
05-01 22:02:49.701 26891 26917 I libglean_ffi: glean_core: Upload enabled: true
05-01 22:02:49.710 26891 26918 W [WARNING][Leanplum]: [com.leanplum.internal.ActionManager::getLocationManager::8]: Geofencing support requires leanplum-location module and Google Play Services v8.1 and higher.
05-01 22:02:49.710 26891 26918 W [WARNING][Leanplum]: Add this to your build.gradle file:
05-01 22:02:49.710 26891 26918 W [WARNING][Leanplum]: implementation 'com.google.android.gms:play-services-location:8.3.0+'
05-01 22:02:49.710 26891 26918 W [WARNING][Leanplum]: implementation 'com.leanplum:leanplum-location:+'
05-01 22:02:49.715 26891 26891 D FennecMigrator: This is not a Fennec installation. No migration needed.
05-01 22:02:49.717 26891 26891 D SessionManager: onTrimMemory(10): clearThumbnails=true, closeEngineSessions=false
05-01 22:02:49.717 26891 26891 D SessionManager: Cleared 0 thumbnail(s) and unlinked 0 engine sessions(s)
05-01 22:02:49.736 26891 26918 I [INFO][Leanplum]: [com.leanplum.monitoring.ExceptionHandler::setContext::6]: LeanplumExceptionHandler could not initialize Exception Reporting.This is expected if you have not included the leanplum-monitoring module
05-01 22:02:49.743 26891 26921 I Gecko:DumpUtils: Fifo watcher disabled via pref.
05-01 22:02:49.749 26891 26944 I [INFO][Leanplum]: [com.leanplum.LeanplumFcmProvider::isManifestSetup::11]: Firebase Messaging is setup correctly.
05-01 22:02:49.758 26891 26891 D GeckoRuntime: Lifecycle: onStart
05-01 22:02:49.769 26891 26891 D GeckoRuntime: Lifecycle: onResume
05-01 22:02:49.771 26891 26891 D GeckoNetworkManager: Incoming event start for state OffNoListeners -> OnNoListeners
05-01 22:02:49.773 26891 26891 D GeckoNetworkManager: New network state: UP, WIFI, WIFI
05-01 22:02:49.781 26891 26921 D GeckoSysInfo: System memory: 1867MB.
05-01 22:02:49.784 26891 26921 D GeckoThread: State changed to JNI_READY
05-01 22:02:49.788 26891 26896 I zygote  : Do partial code cache collection, code=24KB, data=28KB
05-01 22:02:49.790 26891 26896 I zygote  : After code cache collection, code=22KB, data=28KB
05-01 22:02:49.790 26891 26896 I zygote  : Increasing code cache capacity to 128KB
05-01 22:02:49.795 26891 26965 D OpenGLRenderer: HWUI GL Pipeline
05-01 22:02:49.808  1456  2402 I ActivityManager: Start proc 26966:org.mozilla.fennec_aurora:tab0/u0a1298 for service org.mozilla.fennec_aurora/org.mozilla.gecko.process.GeckoChildProcessServices$tab0
05-01 22:02:49.810 26891 26955 D ServiceAllocator: org.mozilla.gecko.process.GeckoChildProcessServices$tab0 updateBindings: BACKGROUND priority, 0 importance, 2 successful binds, 0 failed binds, 0 successful unbinds, 0 failed unbinds
05-01 22:02:49.827 26891 26917 I libglean_ffi: glean_core::ping: Collecting baseline
05-01 22:02:49.831 26891 26917 D libglean_ffi: glean_core::ping: Storing ping 'ab134e8c-7d86-4ca3-9138-605fb4f0d9a0' at '/data/user/0/org.mozilla.fennec_aurora/glean_data/pending_pings/ab134e8c-7d86-4ca3-9138-605fb4f0d9a0'
05-01 22:02:49.832 26891 26917 I libglean_ffi: glean_core: The ping 'baseline' was submitted and will be sent as soon as possible
05-01 22:02:49.874  1456  6339 D ConnectivityService: requestNetwork for uid/pid:11298/26891 NetworkRequest [ TRACK_DEFAULT id=40680, [ Capabilities: INTERNET&NOT_RESTRICTED&TRUSTED&NOT_VPN] ]
05-01 22:02:49.875  1456  2099 D Ethernet: got request NetworkRequest [ TRACK_DEFAULT id=40680, [ Capabilities: INTERNET&NOT_RESTRICTED&TRUSTED&NOT_VPN] ] with score 60
05-01 22:02:49.875  1456  2054 D WIFI_UT : got request NetworkRequest [ TRACK_DEFAULT id=40680, [ Capabilities: INTERNET&NOT_RESTRICTED&TRUSTED&NOT_VPN] ] with score 60
05-01 22:02:49.876  1456  2054 D WIFI    : got request NetworkRequest [ TRACK_DEFAULT id=40680, [ Capabilities: INTERNET&NOT_RESTRICTED&TRUSTED&NOT_VPN] ] with score 60
05-01 22:02:49.876  2398  2398 D PhoneSwitcherNetworkRequstListener: got request NetworkRequest [ TRACK_DEFAULT id=40680, [ Capabilities: INTERNET&NOT_RESTRICTED&TRUSTED&NOT_VPN] ] with score 60
05-01 22:02:49.884  1456  6339 I ActivityManager: START u0 {act=android.intent.action.VIEW dat=https://example.com/... typ=text/html cmp=org.mozilla.fennec_aurora/org.mozilla.fenix.HomeActivity (has extras)} from uid 11298
05-01 22:02:49.916 26891 26891 D GeckoNetworkManager: Incoming event receivedUpdate for state OnNoListeners -> OnNoListeners
05-01 22:02:49.917 26891 26891 D GeckoNetworkManager: New network state: UP, WIFI, WIFI
05-01 22:02:49.918  1456  6339 I WifiService: getDhcpInfo uid=11298
05-01 22:02:49.924 26891 26944 D NetworkSecurityConfig: No Network Security Config specified, using platform default
05-01 22:02:49.968 26966 26966 D GeckoThread: State changed to LAUNCHED
05-01 22:02:49.968 26966 26993 I GeckoThread: preparing to run Gecko
05-01 22:02:49.969 26891 26965 I Adreno  : QUALCOMM build                   : bb5b86c, I77d3059488
05-01 22:02:49.969 26891 26965 I Adreno  : Build Date                       : 06/07/18
05-01 22:02:49.969 26891 26965 I Adreno  : OpenGL ES Shader Compiler Version: EV031.22.00.01_06
05-01 22:02:49.969 26891 26965 I Adreno  : Local Branch                     : 
05-01 22:02:49.969 26891 26965 I Adreno  : Remote Branch                    : refs/tags/AU_LINUX_ANDROID_LA.UM.6.5.R1.08.01.00.312.086
05-01 22:02:49.969 26891 26965 I Adreno  : Remote Branch                    : NONE
05-01 22:02:49.969 26891 26965 I Adreno  : Reconstruct Branch               : NOTHING
05-01 22:02:49.969 26891 26965 D vndksupport: Loading /vendor/lib/hw/gralloc.msm8937.so from current namespace instead of sphal namespace.
05-01 22:02:49.976 26891 26965 I Adreno  : PFP: 0x005ff087, ME: 0x005ff063
05-01 22:02:49.986 26891 26965 I zygote  : android::hardware::configstore::V1_0::ISurfaceFlingerConfigs::hasWideColorDisplay retrieved: 0
05-01 22:02:49.989 26891 26965 I OpenGLRenderer: Initialized EGL, version 1.4
05-01 22:02:49.990 26891 26965 D OpenGLRenderer: Swap behavior 2
05-01 22:02:50.032 26891 26999 D glean/PingUploadWorker: Processing persisted pings at /data/user/0/org.mozilla.fennec_aurora/glean_data/pending_pings
05-01 22:02:50.032 26891 26999 D glean/PingUploadWorker: Processing ping: ab134e8c-7d86-4ca3-9138-605fb4f0d9a0
05-01 22:02:50.035 26891 26999 D glean/ConceptFetchHttpUploader: Submitting ping to: https://incoming.telemetry.mozilla.org/submit/org-mozilla-fennec-aurora/baseline/1/ab134e8c-7d86-4ca3-9138-605fb4f0d9a0
05-01 22:02:50.039  1456  2402 I WindowManager: Keep hide if surface has never drawn Window{f4f3d2a u0 org.mozilla.fennec_aurora/org.mozilla.fenix.IntentReceiverActivity}
05-01 22:02:50.041  1456  2402 I WindowManager: Failed to capture screenshot of Token{9db39ed ActivityRecord{671004 u0 org.mozilla.fennec_aurora/org.mozilla.fenix.IntentReceiverActivity t67597 f}} appWin=Window{f4f3d2a u0 org.mozilla.fennec_aurora/org.mozilla.fenix.IntentReceiverActivity} drawState=1
05-01 22:02:50.047 26891 26891 I [INFO][Leanplum]: [com.leanplum.LeanplumCloudMessagingProvider::onRegistrationIdReceived::3]: Device registered for push notifications with registration token, cIondFNrbo4:APA91bHC2s3gP-xHvaEbsyF80BXhK5jUsV7TVYpnbC07cl4YWn4Wu1VaYRvJBYs-6SRBTWG5L9SenC5YruWiwsC9VpWD78QPdFjuxE1tqdKfnOy8cEIE7oyGgyxTT9CQnJk-_KwndBWO
05-01 22:02:50.052 26891 26891 D MigrationPushRenewer: Migration state: NONE
05-01 22:02:50.052 26891 26891 D MigrationTelemetryListener: Migration state: NONE
05-01 22:02:50.073  1456  1673 I LaunchCheckinHandler: Displayed org.mozilla.fennec_aurora/org.mozilla.fenix.IntentReceiverActivity,cp,ca,739
05-01 22:02:50.091 26891 26891 D PhoneWindow: Restoring navigation bar divider color to default value = 0x00000000
05-01 22:02:50.147 26891 26896 I zygote  : Do partial code cache collection, code=62KB, data=54KB
05-01 22:02:50.150 26891 26896 I zygote  : After code cache collection, code=54KB, data=50KB
05-01 22:02:50.150 26891 26896 I zygote  : Increasing code cache capacity to 256KB
05-01 22:02:50.153 26891 26891 I NavController: Ignoring popBackStack to destination org.mozilla.fennec_aurora:id/browserFragment as it was not found on the current back stack
05-01 22:02:50.339 26891 26891 I FirefoxAccountStateMachine: Enabling/updating sync with a new SyncConfig: SyncConfig(supportedEngines=[mozilla.components.service.fxa.SyncEngine$History@c675cb, mozilla.components.service.fxa.SyncEngine$Bookmarks@26631a8, mozilla.components.service.fxa.SyncEngine$Passwords@89484c1], syncPeriodInMinutes=240)
05-01 22:02:50.342 26891 26891 I BgSyncManager: Periodic syncing enabled at a 240 interval
05-01 22:02:50.343 26891 26891 I FirefoxAccountStateMachine: Sync is enabled
05-01 22:02:50.350 26891 27005 I FirefoxAccountStateMachine: Processing event Event$Init for state Start. Next state is Start
05-01 22:02:50.351 26891 26921 D GeckoThread: State changed to PROFILE_READY
05-01 22:02:50.370 26891 26935 D RustNativeSupport: findMegazordLibraryName(places, 0.58.2
05-01 22:02:50.370 26891 26935 D RustNativeSupport: lib in use: none
05-01 22:02:50.370 26891 26935 D RustNativeSupport: lib configured: megazord
05-01 22:02:50.370 26891 26935 D RustNativeSupport: lib version configured: 0.58.2
05-01 22:02:50.371 26891 26935 D RustNativeSupport: settled on megazord
05-01 22:02:50.375 26891 26935 D places_ffi: places_api_new
05-01 22:02:50.377 26891 27005 I FirefoxAccountStateMachine: Ran 'Event$Init' side-effects for state Start, got successive event Event$AccountNotFound
05-01 22:02:50.378 26891 27005 I FirefoxAccountStateMachine: Processing event Event$AccountNotFound for state Start. Next state is NotAuthenticated
05-01 22:02:50.381 26891 27005 D RustNativeSupport: findMegazordLibraryName(fxaclient, 0.58.2
05-01 22:02:50.381 26891 27005 D RustNativeSupport: lib in use: none
05-01 22:02:50.381 26891 27005 D RustNativeSupport: lib configured: megazord
05-01 22:02:50.381 26891 27005 D RustNativeSupport: lib version configured: 0.58.2
05-01 22:02:50.381 26891 27005 D RustNativeSupport: settled on megazord
05-01 22:02:50.386 26891 27005 D fxaclient_ffi: fxa_new
05-01 22:02:50.413   808   808 I SFPerfTracer:      triggers: (rate: 86:2039277) (compose: 0:7) (post: 0:19) (render: 0:17) (15:10908926 frames) (16:13834768)
05-01 22:02:50.413   808   808 D SFPerfTracer:        layers: (3:14) (NavigationBar#0 (0xb07df000): 10:1058607) (StatusBar#0 (0xb07e3000): 10:2472104) (com.android.systemui.ImageWallpaper#0 (0xb07e7000): 0:98813)* (Sprite#0 (0xb0733000): 0:317)* (DimLayerController/Stack=0#0 (0xb075a000): 0:3866)* (Sprite#1 (0xb077c000): 0:195)* (com.android.launcher3/com.android.launcher3.CustomizationPanelLauncher#0 (0xb0763000): 0:39)- (com.android.launcher3/com.android.launcher3.CustomizationPanelLauncher#1 (0xb0771000): 0:9)- (Splash Screen org.mozilla.fennec_aurora#0 (0xb039b000): 0:32)- (org.mozilla.fennec_aurora/org.mozilla.fenix.HomeActivity#0 (0xafd1f000): 0:61)- (com.android.launcher3/com.android.launcher3.CustomizationPanelLauncher#0 (0xb0763000): 0:39)* (com.android.launcher3/com.android.launcher3.CustomizationPanelLauncher#1 (0xb0771000): 0:9)* (Splash Screen org.mozilla.fennec_aurora#0 (0xb039b000): 15:18) (org.mozilla.fennec_aurora/org.mozilla.fenix.IntentReceiverActivity#0 (0xafd23000): 0:2)* 
05-01 22:02:50.443 26891 26935 D sql_support::conn_ext: Transaction commited after 39.995004ms
05-01 22:02:50.446 26891 26935 D places_ffi: places_connection_new
05-01 22:02:50.451 26891 26935 D places_ffi: places_connection_new
05-01 22:02:50.465 26891 26921 D GeckoThread: State changed to RUNNING
05-01 22:02:50.477 26891 26935 D places_ffi: bookmarks_get_all_with_url
05-01 22:02:50.480 26891 26891 W GeckoEventDispatcher: No listener for GeckoView:AccessibilityEnabled
05-01 22:02:50.484 26891 26921 I Gecko   : -*- nsDNSServiceDiscovery.js : nsDNSServiceDiscovery
05-01 22:02:50.535 26891 27005 W FirefoxAccountStateMachine: Got invalid event Event$Init for state NotAuthenticated.
05-01 22:02:50.549 26891 26896 I zygote  : Do full code cache collection, code=124KB, data=96KB
05-01 22:02:50.551 26891 26896 I zygote  : After code cache collection, code=93KB, data=59KB
05-01 22:02:50.564 26891 27011 W LOTTIE  : Animation contains merge paths. Merge paths are only supported on KitKat+ and must be manually enabled by calling enableMergePathsForKitKatAndAbove().
05-01 22:02:50.599 26891 27020 I Gecko   : [GFX1-]: Failed to create EGLContext!: 0x300c
05-01 22:02:50.611  1456  6339 I ActivityManager: Displayed org.mozilla.fennec_aurora/org.mozilla.fenix.HomeActivity: +578ms (total +1s277ms)
05-01 22:02:50.611  1456  6339 I ActivityManager: Fully drawn org.mozilla.fennec_aurora/org.mozilla.fenix.HomeActivity: +578ms (total +1s277ms)
05-01 22:02:50.644 26891 26921 W ResourceType: Too many attribute references, stopped at: 0x01010099
05-01 22:02:50.652 26891 26965 D vndksupport: Loading /vendor/lib/hw/android.hardware.graphics.mapper@2.0-impl.so from current namespace instead of sphal namespace.
05-01 22:02:50.654 26891 26965 D vndksupport: Loading /vendor/lib/hw/gralloc.msm8937.so from current namespace instead of sphal namespace.
05-01 22:02:50.679 26891 26891 D GeckoNetworkManager: Incoming event enableNotifications for state OnNoListeners -> OnWithListeners
05-01 22:02:50.680 26891 26891 D GeckoNetworkManager: New network state: UP, WIFI, WIFI
05-01 22:02:50.691 26891 26891 W LOTTIE  : Animation contains merge paths but they are disabled.
05-01 22:02:50.757 26891 26891 D GeckoNetworkManager: Incoming event receivedUpdate for state OnWithListeners -> OnWithListeners
05-01 22:02:50.758 26891 26891 D GeckoNetworkManager: New network state: UP, WIFI, WIFI
05-01 22:02:50.789 17373 17373 I MemoryTrimmer: Trimming objects from memory, since app is in the background.
05-01 22:02:50.801 17373 17373 I MemoryTrimmer: Trimming objects from memory, since app is in the background.
05-01 22:02:50.803 17373 26495 I PBSessionCacheImpl: Deleted sessionId[76408848338820089] from persistence.
05-01 22:02:50.807  1456  2402 I WifiService: getWifiEnabledState uid=10073
05-01 22:02:50.808 17373 17428 I DEBUG   : OpaToSrpTransitionState#onStateChanged#notNullQuery
05-01 22:02:50.809 17373 17428 I DEBUG   : OpaToSrpTransitionState#onStateChanged#notNullQuery
05-01 22:02:50.814 17373 17428 W SearchServiceCore: Abort, client detached.
05-01 22:02:50.825 26891 26896 I zygote  : Do partial code cache collection, code=118KB, data=90KB
05-01 22:02:50.827 26891 26896 I zygote  : After code cache collection, code=118KB, data=90KB
05-01 22:02:50.827 26891 26896 I zygote  : Increasing code cache capacity to 512KB
05-01 22:02:50.894 26891 26921 W GeckoEventDispatcher: No listener for GeckoView:AccessibilityEnabled
05-01 22:02:50.916 26891 26921 W ResourceType: Too many attribute references, stopped at: 0x01010099
05-01 22:02:51.044 26966 26993 D GeckoThread: State changed to MOZGLUE_READY
05-01 22:02:51.052 26966 26993 W Settings: Setting animator_duration_scale has moved from android.provider.Settings.System to android.provider.Settings.Global, returning read-only global URI.
05-01 22:02:51.054 26891 26955 D ServiceAllocator: org.mozilla.gecko.process.GeckoChildProcessServices$tab0 updateBindings: FOREGROUND priority, 2 importance, 1 successful binds, 0 failed binds, 0 successful unbinds, 0 failed unbinds
05-01 22:02:51.056 26966 26993 E GeckoLibLoad: Load sqlite start
05-01 22:02:51.058 26966 26993 E GeckoLibLoad: Load sqlite done
05-01 22:02:51.058 26966 26993 E GeckoLibLoad: Load nss start
05-01 22:02:51.058 26966 26993 E GeckoLibLoad: Load nss done
05-01 22:02:51.073 26891 26921 I GeckoSession: zerdatime 20913077146 - chrome startup finished
05-01 22:02:51.075 26966 26993 E GeckoLibLoad: Loaded libs in 17.086512ms total, 10ms(6ms) user, 6ms(10ms) system, 0(0) faults
05-01 22:02:51.075 26966 26993 D GeckoThread: State changed to LIBS_READY
05-01 22:02:51.076 26966 26993 W GeckoThread: zerdatime 20913077149 - runGecko
05-01 22:02:51.235 26966 26993 D GeckoThread: State changed to RUNNING
05-01 22:02:51.271 26966 26993 W ResourceType: Too many attribute references, stopped at: 0x01010099
05-01 22:02:51.278 26891 26999 D glean/ConceptFetchHttpUploader: Ping successfully sent (200)
05-01 22:02:51.278 26891 26999 D glean/PingUploadWorker: ab134e8c-7d86-4ca3-9138-605fb4f0d9a0 was deleted: true
05-01 22:02:51.280 26891 26913 I WM-WorkerWrapper: Worker result SUCCESS for Work [ id=d1108331-59cc-44fc-a4a9-63658e2f6b9f, tags={ mozilla.telemetry.glean.scheduler.PingUploadWorker, mozac_service_glean_ping_upload_worker } ]
05-01 22:02:51.285  1456  2067 D ConnectivityService: releasing NetworkRequest [ TRACK_DEFAULT id=40680, [ Capabilities: INTERNET&NOT_RESTRICTED&TRUSTED&NOT_VPN] ] (release request)
05-01 22:02:51.377 26966 26966 D GeckoNetworkManager: Incoming event enableNotifications for state OffNoListeners -> OffWithListeners
05-01 22:02:51.379 26966 26966 D GeckoNetworkManager: New network state: UP, WIFI, WIFI
05-01 22:02:51.430 26891 26891 D GeckoSession: handleMessage GeckoView:PageStart uri=about:blank
05-01 22:02:51.452 26891 26891 D GeckoSession: handleMessage GeckoView:LocationChange uri=about:blank
05-01 22:02:51.456 26891 26891 D GeckoSession: handleMessage GeckoView:PageStop uri=null
05-01 22:02:51.462 26891 26891 I SessionStorage/AutoSave: Save: Load finished
05-01 22:02:51.463 26891 26935 D SessionStorage/AutoSave: Delaying save (558ms)
05-01 22:02:51.477 26891 26891 I zygote  : Deoptimizing void kotlin.sequences.FilteringSequence$iterator$1.calcNext() due to JIT inline cache
05-01 22:02:51.711 26891 26891 D App     : Installed browser-icons extension
05-01 22:02:51.714 26891 26891 D GeckoSession: handleMessage GeckoView:ProgressChanged uri=null
05-01 22:02:51.729 26891 26891 D mozac-webextensions: Installed extension: mozacWebchannel
05-01 22:02:51.731 26891 26891 D mozac-webextensions: Installed extension: mozacReaderview
05-01 22:02:51.736 26891 26891 D GeckoSession: handleMessage GeckoView:PageStart uri=https://example.com/
05-01 22:02:51.737 26891 26921 D GeckoScreenOrientation: unlocking
05-01 22:02:51.766 26891 26891 D GeckoSession: handleMessage GeckoView:ProgressChanged uri=null
05-01 22:02:51.775 26891 26891 D GeckoSession: handleMessage GeckoView:PageStop uri=null
05-01 22:02:51.776 26891 26891 I SessionStorage/AutoSave: Save: Load finished
05-01 22:02:51.776 26891 26891 D SessionStorage/AutoSave: Skipping save, other job already in flight
05-01 22:02:51.790 26891 26891 D GeckoSession: handleMessage GeckoView:SecurityChanged uri=null
05-01 22:02:51.790 26891 26891 D GeckoSession: handleMessage GeckoView:ProgressChanged uri=null
05-01 22:02:51.800 26891 26891 D GeckoSession: handleMessage GeckoView:PageStart uri=https://example.com/
05-01 22:02:51.971 26891 26891 D GeckoSession: handleMessage GeckoView:LocationChange uri=https://example.com/
05-01 22:02:51.973 26891 26935 D places_ffi: places_connection_new
05-01 22:02:51.983 26891 26932 I zygote  : Deoptimizing void kotlinx.coroutines.DispatchedTask.run() due to JIT inline cache
05-01 22:02:51.988 26891 26932 D places_ffi: bookmarks_get_all_with_url
05-01 22:02:51.999 26891 26935 D places_ffi: places_note_observation
05-01 22:02:52.010 26891 26891 D GeckoSession: handleMessage GeckoView:SecurityChanged uri=null
05-01 22:02:52.027 26891 26932 D SessionStorage/AutoSave: Saved state to disk [4ms]
05-01 22:02:52.050 26891 26935 D sql_support::conn_ext: Transaction commited after 50.652609ms
05-01 22:02:52.052 26891 26935 I zygote  : Deoptimizing void kotlinx.coroutines.DispatchedTask.run() due to JIT inline cache
05-01 22:02:52.066 26891 26935 D places_ffi: places_note_observation
05-01 22:02:52.086 26891 26935 D sql_support::conn_ext: Transaction commited after 18.619793ms
05-01 22:02:52.088 26891 26891 D GeckoSession: handleMessage GeckoView:ProgressChanged uri=null
05-01 22:02:52.102 26891 26891 D GeckoSession: handleMessage GeckoView:ProgressChanged uri=null
05-01 22:02:52.113 26891 26891 D GeckoSession: handleMessage GeckoView:PageStop uri=null
05-01 22:02:52.113 26891 26891 I SessionStorage/AutoSave: Save: Load finished
05-01 22:02:52.114 26891 26935 D SessionStorage/AutoSave: Delaying save (1349ms)
05-01 22:02:52.169 26891 27116 I zygote  : Deoptimizing void kotlinx.coroutines.DispatchedTask.run() due to JIT inline cache
05-01 22:02:52.203 26891 26896 I zygote  : Do full code cache collection, code=253KB, data=154KB
05-01 22:02:52.205 26891 26896 I zygote  : After code cache collection, code=163KB, data=90KB
05-01 22:02:52.207 26891 27116 D BrowserIcons: Loaded icon (source = GENERATOR): https://example.com/
05-01 22:02:52.300 26891 26891 D mozac-webcompat: Installed WebCompat webextension: webcompat@mozilla.com
05-01 22:02:52.305 26891 26935 D places_ffi: places_get_visited
05-01 22:02:52.388 26891 26891 D GeckoSession: handleMessage GeckoView:StateUpdated uri=null
05-01 22:02:52.388 26891 26891 W GeckoSession: No history entries found.
05-01 22:02:52.670 26891 26891 I zygote  : Deoptimizing java.lang.Object kotlinx.coroutines.JobSupport.tryMakeCompleting(java.lang.Object, java.lang.Object) due to JIT same target
05-01 22:02:52.672 26891 26891 I DefaultSupportedAddonsChecker: Register check for new supported add-ons
05-01 22:02:52.702 26891 26935 I SupportedAddonsWorker: Trying to check for new supported add-ons
05-01 22:02:52.768 26891 26891 I zygote  : Deoptimizing void kotlinx.coroutines.DispatchedTask.run() due to JIT inline cache
05-01 22:02:52.771 26891 26980 I WM-WorkerWrapper: Worker result SUCCESS for Work [ id=8cc0a9d0-cc92-4ab4-bbb6-1dd774bc5b16, tags={ mozilla.components.feature.addons.migration.DefaultSupportedAddonsChecker.periodicWork, mozilla.components.feature.addons.migration.SupportedAddonsWorker } ]
05-01 22:02:53.477 26891 26935 D SessionStorage/AutoSave: Saved state to disk [12ms]
05-01 22:02:54.989 27117 27117 D AndroidRuntime: >>>>>> START com.android.internal.os.RuntimeInit uid 2000 <<<<<<
05-01 22:02:55.002 27117 27117 W app_process: Could not reserve sentinel fault page
05-01 22:02:55.169 27117 27117 I app_process: The ClassLoaderContext is a special shared library.
05-01 22:02:55.235 27117 27117 D AndroidRuntime: Calling main entry com.android.commands.input.Input
05-01 22:02:55.237 27117 27117 I Input   : injectKeyEvent: KeyEvent { action=ACTION_DOWN, keyCode=KEYCODE_HOME, scanCode=0, metaState=0, flags=0x0, repeatCount=0, eventTime=20461042822, downTime=20461042822, deviceId=-1, source=0x101 }
05-01 22:02:55.247 27117 27117 I Input   : injectKeyEvent: KeyEvent { action=ACTION_UP, keyCode=KEYCODE_HOME, scanCode=0, metaState=0, flags=0x0, repeatCount=0, eventTime=20461042822, downTime=20461042822, deviceId=-1, source=0x101 }
05-01 22:02:55.253  1456  1941 I ActivityManager: START u0 {act=android.intent.action.MAIN cat=[android.intent.category.HOME] flg=0x10200000 cmp=com.android.launcher3/.CustomizationPanelLauncher (has extras)} from uid 1000
05-01 22:02:55.254   794   839 E ANDR-PERF-RESOURCEQS: Failed to apply optimization [4, 0]
05-01 22:02:55.260 27117 27117 D AndroidRuntime: Shutting down VM
05-01 22:02:55.271  1456  6339 I ActivityManager: moveHomeStack, setupComplete:true
05-01 22:02:55.282 17373 17422 I Adreno  : QUALCOMM build                   : bb5b86c, I77d3059488
05-01 22:02:55.282 17373 17422 I Adreno  : Build Date                       : 06/07/18
05-01 22:02:55.282 17373 17422 I Adreno  : OpenGL ES Shader Compiler Version: EV031.22.00.01_06
05-01 22:02:55.282 17373 17422 I Adreno  : Local Branch                     : 
05-01 22:02:55.282 17373 17422 I Adreno  : Remote Branch                    : refs/tags/AU_LINUX_ANDROID_LA.UM.6.5.R1.08.01.00.312.086
05-01 22:02:55.282 17373 17422 I Adreno  : Remote Branch                    : NONE
05-01 22:02:55.282 17373 17422 I Adreno  : Reconstruct Branch               : NOTHING
05-01 22:02:55.290 17373 17422 D vndksupport: Loading /vendor/lib/hw/gralloc.msm8937.so from current namespace instead of sphal namespace.
05-01 22:02:55.292 26235 26235 I Finsky  : [2] qib.onTrimMemory(1): Memory trim requested to level 80
05-01 22:02:55.293  2748  2748 D Launcher.Utilities: Wakeup weather: Intent { act=com.motorola.launcher3.action.WAKEUP_WEATHER cmp=com.motorola.timeweatherwidget/com.motorola.commandcenter.weather.WakeUpService }
05-01 22:02:55.295 17373 17422 I Adreno  : PFP: 0x005ff087, ME: 0x005ff063
05-01 22:02:55.299 17373 17422 I zygote  : android::hardware::configstore::V1_0::ISurfaceFlingerConfigs::hasWideColorDisplay retrieved: 0
05-01 22:02:55.300 17373 17422 I OpenGLRenderer: Initialized EGL, version 1.4
05-01 22:02:55.300 17373 17422 D OpenGLRenderer: Swap behavior 2
05-01 22:02:55.307  1456  1456 I NotificationService: Cannot find enqueued record for key: 0|com.motorola.timeweatherwidget|1|null|10116
05-01 22:02:55.309   808   808 D SurfaceFlinger: duplicate layer name: changing com.android.launcher3/com.android.launcher3.CustomizationPanelLauncher to com.android.launcher3/com.android.launcher3.CustomizationPanelLauncher#1
05-01 22:02:55.333 17373 17399 W ThreadPoolDumper: Queue length for executor EventBus is now 11. Perhaps some tasks are too long, or the pool is too small.
05-01 22:02:55.334  1456  2204 I WifiService: getWifiEnabledState uid=10073
05-01 22:02:55.341  1456  6339 I WifiService: getWifiEnabledState uid=10073
05-01 22:02:55.348 17373 17428 I DEBUG   : OpaToSrpTransitionState#onStateChanged#notNullQuery
05-01 22:02:55.349 17373 17428 I DEBUG   : OpaToSrpTransitionState#onStateChanged#notNullQuery
05-01 22:02:55.364 17373 17428 I MicroDetectionState: Should stop hotword detection immediately - false
05-01 22:02:55.367 17373 17428 I MicroDetectionWorker: #startMicroDetector [speakerMode: 0]
05-01 22:02:55.369 17373 17428 I AudioController: Created new AudioSource
05-01 22:02:55.396 26891 26891 D GeckoSession: handleMessage GeckoView:StateUpdated uri=null
05-01 22:02:55.401  1456  1673 I LaunchCheckinHandler: Displayed com.android.launcher3/.CustomizationPanelLauncher,wp,wa,148
05-01 22:02:55.401 17373 17424 I MicroDataManager: isInitializedWithLatestParams-true
05-01 22:02:55.401 17373 17424 I MicroDataManager: isInitializing-false locale not changed-true model not changed-true
05-01 22:02:55.402 17373 17424 I MicroDataManager: Already initialized, obtaining the hotword data immediately.
05-01 22:02:55.403 26891 26955 D ServiceAllocator: org.mozilla.gecko.process.GeckoChildProcessServices$tab0 updateBindings: IDLE priority, 6 importance, 0 successful binds, 0 failed binds, 2 successful unbinds, 0 failed unbinds
05-01 22:02:55.411 17373 17475 I MicroRecognitionRunner: Starting detection.
05-01 22:02:55.411 17373 17475 I InputStreamUtils: Using micInputStream
05-01 22:02:55.412 17373  3109 I MicrophoneInputStream: mic_starting  SR : 16000 CC : 16 SO : 1999
05-01 22:02:55.415   788   788 V msm8974_platform: platform_check_input_mask: enter check_input_mask source 6 mask 10
05-01 22:02:55.417  1012 27131 I AudioFlinger: AudioFlinger's thread 0xb2483380 tid=27131 ready to run
05-01 22:02:55.423   788   788 D audio_hw_primary: in_set_parameters: enter: kvpairs=input_source=6;routing=-2147483644
05-01 22:02:55.426  1012  8317 D APM_AudioPolicyManager: AudioPolicyManager::startInput() input 328766, session 328881, source = 1999
05-01 22:02:55.427 17373  3109 I MicrophoneInputStream: mic_started  SR : 16000 CC : 16 SO : 1999
05-01 22:02:55.428   788 27132 V msm8974_platform: platform_update_usecase_from_source: input source :6
05-01 22:02:55.429   788 27132 V msm8974_platform: platform_check_input_mask: enter check_input_mask source 6 mask 10
05-01 22:02:55.429   788 27132 V msm8974_platform: platform_get_input_snd_device: enter: out_device(0) in_device(0x4) channel_count (1) channel_mask (0x10)
05-01 22:02:55.429   788 27132 V msm8974_platform: platform_get_input_snd_device: exit: in_snd_device(voice-rec-mic)
05-01 22:02:55.429   788 27132 V msm8974_platform: platform_get_backend_index:napb: backend port - 5 device - 120 
05-01 22:02:55.429   788 27132 V msm8974_platform: platform_check_and_set_capture_backend_cfg:txbecf: afe: bitwidth 0, samplerate 0, channel 1, backend_idx 5 usecase = 9 device (voice-rec-mic)
05-01 22:02:55.429   788 27132 V msm8974_platform: platform_check_capture_backend_cfg:txbecf: afe: Codec selected backend: 5 current bit width: 0 and sample rate: 0, channels 1
05-01 22:02:55.429   788 27132 V msm8974_platform: platform_check_capture_backend_cfg:txbecf: afe: Codec selected backend: 5 updated bit width: 0 and sample rate: 0
05-01 22:02:55.429   788 27132 I msm8974_platform: platform_check_capture_backend_cfg:txbecf: afe: Codec backend needs to be updated. new bit width: 0 new sample rate: 0 new channel: 1
05-01 22:02:55.429   788 27132 V msm8974_platform: platform_get_backend_index:napb: backend port - 5 device - 120 
05-01 22:02:55.429   788 27132 V msm8974_platform: platform_set_backend_cfg:becf: afe: bitwidth 0, samplerate 0 channels 1, backend_idx 5 device (voice-rec-mic)
05-01 22:02:55.430   788 27132 E msm8974_platform: platform_set_backend_cfg:becf: afe: Could not get ctl for mixer command - SLIM_0_TX Format
05-01 22:02:55.430   788 27132 V msm8974_platform: platform_send_audio_calibration: sending audio calibration for snd_device(120) acdb_id(62)
05-01 22:02:55.430   788 27132 D ACDB-LOADER: ACDB -> send_audio_cal, acdb_id = 62, path = 1, app id = 0x11130, sample rate = 48000
05-01 22:02:55.430   788 27132 D ACDB-LOADER: ACDB -> send_asm_topology
05-01 22:02:55.430   788 27132 D ACDB-LOADER: ACDB -> ACDB_CMD_GET_AUDPROC_STREAM_TOPOLOGY_ID
05-01 22:02:55.430   788 27132 D ACDB-LOADER: ACDB -> send_adm_topology
05-01 22:02:55.430   788 27132 D ACDB-LOADER: ACDB -> ACDB_CMD_GET_AUDPROC_COMMON_TOPOLOGY_ID
05-01 22:02:55.430   788 27132 D ACDB-LOADER: ACDB -> send_audtable
05-01 22:02:55.430   788 27132 D ACDB-LOADER: ACDB -> ACDB_CMD_GET_AUDPROC_COMMON_TABLE_SIZE
05-01 22:02:55.430   788 27132 D ACDB-LOADER: ACDB -> ACDB_CMD_GET_AUDPROC_COMMON_TABLE
05-01 22:02:55.430   788 27132 D ACDB-LOADER: ACDB -> AUDIO_SET_AUDPROC_CAL
05-01 22:02:55.430   788 27132 D ACDB-LOADER: ACDB -> send_audvoltable
05-01 22:02:55.430   788 27132 D ACDB-LOADER: ACDB -> ACDB_CMD_GET_AUDPROC_VOL_STEP_TABLE_SIZE
05-01 22:02:55.431   788 27132 D ACDB-LOADER: ACDB -> ACDB_CMD_GET_AUDPROC_GAIN_DEP_STEP_TABLE, vol index 0
05-01 22:02:55.431   788 27132 D         : Failed to fetch the lookup information of the device 0000003E 
05-01 22:02:55.431   788 27132 D ACDB-LOADER: ACDB -> AUDIO_SET_VOL_CAL cal type = 12
05-01 22:02:55.431   788 27132 D ACDB-LOADER: ACDB -> ACDB_CMD_GET_AUDPROC_STREAM_TABLE_SIZE
05-01 22:02:55.431   788 27132 D ACDB-LOADER: ACDB -> send_audstrmtable
05-01 22:02:55.431   788 27132 D ACDB-LOADER: ACDB -> ACDB_CMD_GET_AUDPROC_STREAM_TABLE_V2
05-01 22:02:55.431   788 27132 D ACDB-LOADER: ACDB -> audstrm_cal->cal_type.cal_data.cal_size = 456
05-01 22:02:55.431   788 27132 D ACDB-LOADER: ACDB -> send_afe_topology
05-01 22:02:55.431   788 27132 D ACDB-LOADER: ACDB -> ACDB_CMD_GET_AFE_TOPOLOGY_ID
05-01 22:02:55.431   788 27132 D ACDB-LOADER: ACDB -> GET_AFE_TOPOLOGY_ID for adcd_id 62, Topology Id 112fb
05-01 22:02:55.431   788 27132 D ACDB-LOADER: ACDB -> send_afe_cal
05-01 22:02:55.431   788 27132 D ACDB-LOADER: ACDB -> ACDB_CMD_GET_AFE_COMMON_TABLE_SIZE
05-01 22:02:55.431   788 27132 D         : Failed to fetch the lookup information of the device 0000003E 
05-01 22:02:55.431   788 27132 E ACDB-LOADER: Error: ACDB_CMD_GET_AFE_COMMON_TABLE_SIZE Returned = -19
05-01 22:02:55.431   788 27132 D ACDB-LOADER: ACDB -> ACDB_CMD_GET_AFE_COMMON_TABLE
05-01 22:02:55.431   788 27132 D         : Failed to fetch the lookup information of the device 0000003E 
05-01 22:02:55.431   788 27132 D ACDB-LOADER: ACDB -> AUDIO_SET_AFE_CAL
05-01 22:02:55.431   788 27132 D ACDB-LOADER: ACDB -> send_hw_delay : acdb_id = 62 path = 1
05-01 22:02:55.431   788 27132 D ACDB-LOADER: ACDB -> ACDB_AVSYNC_INFO: ACDB_CMD_GET_DEVICE_PROPERTY
05-01 22:02:55.431   788 27132 D audio_hw_primary: enable_snd_device: snd_device(120: voice-rec-mic)
05-01 22:02:55.431   788 27132 D audio_route: Apply path: voice-rec-mic
05-01 22:02:55.434   788 27132 V msm8974_platform: platform_get_snd_device_backend_index: enter with device 120
05-01 22:02:55.434   788 27132 E msm8974_platform: platform_get_snd_device_backend_index: BE DAI Name Table is not present
05-01 22:02:55.434   788 27132 V msm8974_platform: platform_get_backend_index:napb: backend port - 5 device - 120 
05-01 22:02:55.434   788 27132 I audio_hw_utils: Set Audio Stream Capture 0 App Type Cfg: app_type 69936, acdb_dev_id 62, sample_rate 48000, snd_device_be_idx -14
05-01 22:02:55.434   788 27132 D audio_hw_primary: enable_audio_route: usecase(9) apply and update mixer path: audio-record
05-01 22:02:55.434   788 27132 D audio_route: Apply path: audio-record
05-01 22:02:55.503 17373 17428 I MicroDetectionWorker: onReady
05-01 22:02:55.611 26891 26891 I glean/Glean: Registering pings for org.mozilla.fenix.GleanMetrics.Pings
05-01 22:02:55.652 26891 26891 D App     : ActivationPing - already generated
05-01 22:02:55.655 26891 26935 I FenixApplication: Running post-visual completeness tasks...
05-01 22:02:55.655 26891 26935 I FenixApplication: Storage initialization...
05-01 22:02:55.655 26891 26935 I PlacesHistoryStorage: Warming up places storage...
05-01 22:02:55.655 26891 26935 I PlacesHistoryStorage: 'Warming up places storage' took 0 ms
05-01 22:02:55.655 26891 26935 I PlacesBookmarksStorage: Warming up places storage...
05-01 22:02:55.655 26891 26935 I PlacesBookmarksStorage: 'Warming up places storage' took 0 ms
05-01 22:02:55.664 26891 26917 I libglean_ffi: glean_core::ping: Collecting startup-timeline
05-01 22:02:55.669 26891 26917 D libglean_ffi: glean_core::ping: Storing ping '84ede3d1-2594-4fd8-8e1f-2d4676606798' at '/data/user/0/org.mozilla.fennec_aurora/glean_data/pending_pings/84ede3d1-2594-4fd8-8e1f-2d4676606798'
05-01 22:02:55.669 26891 26917 I libglean_ffi: glean_core: The ping 'startup-timeline' was submitted and will be sent as soon as possible
05-01 22:02:55.679 26891 26891 D SessionManager: onTrimMemory(80): clearThumbnails=true, closeEngineSessions=true
05-01 22:02:55.686 26891 26935 I SyncableLoginsStorage: Warming up storage...
05-01 22:02:55.695 26891 26935 D RustNativeSupport: findMegazordLibraryName(logins, 0.58.2
05-01 22:02:55.695 26891 26935 D RustNativeSupport: lib in use: none
05-01 22:02:55.695 26891 26935 D RustNativeSupport: lib configured: megazord
05-01 22:02:55.696 26891 26935 D RustNativeSupport: lib version configured: 0.58.2
05-01 22:02:55.696 26891 26935 D RustNativeSupport: settled on megazord
05-01 22:02:55.697  1456  7556 D ConnectivityService: requestNetwork for uid/pid:11298/26891 NetworkRequest [ TRACK_DEFAULT id=40682, [ Capabilities: INTERNET&NOT_RESTRICTED&TRUSTED&NOT_VPN] ]
05-01 22:02:55.698 26891 26935 D logins_ffi: sync15_passwords_state_new
05-01 22:02:55.699  1456  2099 D Ethernet: got request NetworkRequest [ TRACK_DEFAULT id=40682, [ Capabilities: INTERNET&NOT_RESTRICTED&TRUSTED&NOT_VPN] ] with score 60
05-01 22:02:55.699  1456  2054 D WIFI_UT : got request NetworkRequest [ TRACK_DEFAULT id=40682, [ Capabilities: INTERNET&NOT_RESTRICTED&TRUSTED&NOT_VPN] ] with score 60
05-01 22:02:55.699  1456  2054 D WIFI    : got request NetworkRequest [ TRACK_DEFAULT id=40682, [ Capabilities: INTERNET&NOT_RESTRICTED&TRUSTED&NOT_VPN] ] with score 60
05-01 22:02:55.699  2398  2398 D PhoneSwitcherNetworkRequstListener: got request NetworkRequest [ TRACK_DEFAULT id=40682, [ Capabilities: INTERNET&NOT_RESTRICTED&TRUSTED&NOT_VPN] ] with score 60
05-01 22:02:55.720 26891 26891 D SessionManager: Cleared 6 thumbnail(s) and unlinked 6 engine sessions(s)
05-01 22:02:55.723 26891 26891 I FenixApplication: Kicking-off account manager...
05-01 22:02:55.723 26891 26891 I FenixApplication: 'Kicking-off account manager' took 0 ms
05-01 22:02:55.724 26891 26891 I zygote  : Deoptimizing kotlinx.coroutines.internal.LockFreeLinkedListNode kotlinx.coroutines.internal.LockFreeLinkedListNode.correctPrev(kotlinx.coroutines.internal.OpDescriptor) due to JIT inline cache
05-01 22:02:55.740 26235 26235 I Finsky  : [2] qib.onTrimMemory(1): Memory trim requested to level 80
05-01 22:02:55.740 26891 27136 D glean/PingUploadWorker: Processing persisted pings at /data/user/0/org.mozilla.fennec_aurora/glean_data/pending_pings
05-01 22:02:55.742 26891 27136 D glean/PingUploadWorker: Processing ping: 84ede3d1-2594-4fd8-8e1f-2d4676606798
05-01 22:02:55.744 26891 27136 D glean/ConceptFetchHttpUploader: Submitting ping to: https://incoming.telemetry.mozilla.org/submit/org-mozilla-fennec-aurora/startup-timeline/1/84ede3d1-2594-4fd8-8e1f-2d4676606798
05-01 22:02:55.809  1456  7796 I OpenGLRenderer: Initialized EGL, version 1.4
05-01 22:02:55.810  1456  7796 D OpenGLRenderer: Swap behavior 2
05-01 22:02:55.844  2748  2917 W OpenGLRenderer: Incorrectly called buildLayer on View: ShortcutAndWidgetContainer, destroying layer...
05-01 22:02:55.917 26891 27136 D glean/ConceptFetchHttpUploader: Ping successfully sent (200)
05-01 22:02:55.918 26891 27136 D glean/PingUploadWorker: 84ede3d1-2594-4fd8-8e1f-2d4676606798 was deleted: true
05-01 22:02:55.920 26891 26982 I WM-WorkerWrapper: Worker result SUCCESS for Work [ id=23b3bc32-8879-4aec-a37e-ac527c67800a, tags={ mozilla.telemetry.glean.scheduler.PingUploadWorker, mozac_service_glean_ping_upload_worker } ]
05-01 22:02:55.924  1456  2067 D ConnectivityService: releasing NetworkRequest [ TRACK_DEFAULT id=40682, [ Capabilities: INTERNET&NOT_RESTRICTED&TRUSTED&NOT_VPN] ] (release request)
05-01 22:02:55.958 26891 26891 D GeckoRuntime: Lifecycle: onPause
05-01 22:02:55.958 26891 26891 D GeckoNetworkManager: Incoming event stop for state OnWithListeners -> OffWithListeners
05-01 22:02:55.959 26891 26891 I SessionStorage/AutoSave: Save: Background
05-01 22:02:55.965 26891 26917 I libglean_ffi: glean_core::ping: Collecting baseline
05-01 22:02:55.969 26891 26932 D SessionStorage/AutoSave: Saved state to disk [8ms]
05-01 22:02:55.974 26891 26917 D libglean_ffi: glean_core::ping: Storing ping '5b5afb74-fb80-462e-85be-ce57c91c198f' at '/data/user/0/org.mozilla.fennec_aurora/glean_data/pending_pings/5b5afb74-fb80-462e-85be-ce57c91c198f'
05-01 22:02:55.974 26891 26917 I libglean_ffi: glean_core: The ping 'baseline' was submitted and will be sent as soon as possible
05-01 22:02:55.977 26891 26917 I libglean_ffi: glean_core::ping: Collecting events
05-01 22:02:55.982 26891 26917 D libglean_ffi: glean_core::ping: Storing ping 'bfec2bf4-3735-4309-ad82-da134fe51633' at '/data/user/0/org.mozilla.fennec_aurora/glean_data/pending_pings/bfec2bf4-3735-4309-ad82-da134fe51633'
05-01 22:02:55.983 26891 26917 I libglean_ffi: glean_core: The ping 'events' was submitted and will be sent as soon as possible
05-01 22:02:55.989   808   898 I SFPerfTracer:      triggers: (rate: 0:1) (0 sw vsyncs) (0 skipped) (37:6843274 vsyncs) (39:13949707)
05-01 22:02:56.011  1456  7556 D ConnectivityService: requestNetwork for uid/pid:11298/26891 NetworkRequest [ TRACK_DEFAULT id=40683, [ Capabilities: INTERNET&NOT_RESTRICTED&TRUSTED&NOT_VPN] ]
05-01 22:02:56.013  1456  2054 D WIFI_UT : got request NetworkRequest [ TRACK_DEFAULT id=40683, [ Capabilities: INTERNET&NOT_RESTRICTED&TRUSTED&NOT_VPN] ] with score 60
05-01 22:02:56.013  1456  2054 D WIFI    : got request NetworkRequest [ TRACK_DEFAULT id=40683, [ Capabilities: INTERNET&NOT_RESTRICTED&TRUSTED&NOT_VPN] ] with score 60
05-01 22:02:56.013  1456  2099 D Ethernet: got request NetworkRequest [ TRACK_DEFAULT id=40683, [ Capabilities: INTERNET&NOT_RESTRICTED&TRUSTED&NOT_VPN] ] with score 60
05-01 22:02:56.013  2398  2398 D PhoneSwitcherNetworkRequstListener: got request NetworkRequest [ TRACK_DEFAULT id=40683, [ Capabilities: INTERNET&NOT_RESTRICTED&TRUSTED&NOT_VPN] ] with score 60
05-01 22:02:56.025 26891 27139 D glean/PingUploadWorker: Processing persisted pings at /data/user/0/org.mozilla.fennec_aurora/glean_data/pending_pings
05-01 22:02:56.026 26891 27139 D glean/PingUploadWorker: Processing ping: 5b5afb74-fb80-462e-85be-ce57c91c198f
05-01 22:02:56.028 26891 27139 D glean/ConceptFetchHttpUploader: Submitting ping to: https://incoming.telemetry.mozilla.org/submit/org-mozilla-fennec-aurora/baseline/1/5b5afb74-fb80-462e-85be-ce57c91c198f
05-01 22:02:56.178  1456  1466 I zygote  : NativeAlloc concurrent copying GC freed 38979(2MB) AllocSpace objects, 15(556KB) LOS objects, 36% free, 41MB/65MB, paused 200us total 368.384ms
05-01 22:02:56.301 26891 27139 D glean/ConceptFetchHttpUploader: Ping successfully sent (200)
05-01 22:02:56.302 26891 27139 D glean/PingUploadWorker: 5b5afb74-fb80-462e-85be-ce57c91c198f was deleted: true
05-01 22:02:56.302 26891 27139 D glean/PingUploadWorker: Processing ping: bfec2bf4-3735-4309-ad82-da134fe51633
05-01 22:02:56.303 26891 27139 D glean/ConceptFetchHttpUploader: Submitting ping to: https://incoming.telemetry.mozilla.org/submit/org-mozilla-fennec-aurora/events/1/bfec2bf4-3735-4309-ad82-da134fe51633
05-01 22:02:56.321 26891 26935 I SyncableLoginsStorage: 'Warming up storage' took 635 ms
05-01 22:02:56.322 26891 26935 I FenixApplication: 'Storage initialization' took 666 ms
05-01 22:02:56.418 26891 27139 D glean/ConceptFetchHttpUploader: Ping successfully sent (200)
05-01 22:02:56.419 26891 27139 D glean/PingUploadWorker: bfec2bf4-3735-4309-ad82-da134fe51633 was deleted: true
05-01 22:02:56.420 26891 26913 I WM-WorkerWrapper: Worker result SUCCESS for Work [ id=6e73c4cc-48f6-439d-968f-cb2158259bd5, tags={ mozilla.telemetry.glean.scheduler.PingUploadWorker, mozac_service_glean_ping_upload_worker } ]
05-01 22:02:56.422  1456  2067 D ConnectivityService: releasing NetworkRequest [ TRACK_DEFAULT id=40683, [ Capabilities: INTERNET&NOT_RESTRICTED&TRUSTED&NOT_VPN] ] (release request)
05-01 22:03:00.003 26891 26891 D SessionManager: onTrimMemory(80): clearThumbnails=true, closeEngineSessions=true
05-01 22:03:00.036 26891 26891 D SessionManager: Cleared 6 thumbnail(s) and unlinked 6 engine sessions(s)
05-01 22:03:00.199  1456  1600 I UsageStatsService: User[0] Flushing usage stats to disk
05-01 22:03:00.417  1456  7556 I ActivityManager: Force stopping org.mozilla.fennec_aurora appid=11298 user=0: from pid 27148
05-01 22:03:00.418  1456  7556 I ActivityManager: Killing 26891:org.mozilla.fennec_aurora/u0a1298 (adj 700): stop org.mozilla.fennec_aurora
05-01 22:03:00.420  1456  1605 W zygote  : kill(-26891, 9) failed: No such process
05-01 22:03:00.422 26235 26235 I Finsky  : [2] qib.onTrimMemory(1): Memory trim requested to level 80
05-01 22:03:00.423  1456  7556 W ActivityManager: Force removing ActivityRecord{3c032cd u0 org.mozilla.fennec_aurora/org.mozilla.fenix.HomeActivity t67598}: app died, no saved state
05-01 22:03:00.423 26966 26966 I ServiceChildProcess: Service has been unbound. Stopping.
05-01 22:03:00.432  1456  7556 I ActivityManager: Killing 26966:org.mozilla.fennec_aurora:tab0/u0a1298 (adj 0): stop org.mozilla.fennec_aurora
05-01 22:03:00.435  1456  1605 W zygote  : kill(-26891, 9) failed: No such process
05-01 22:03:00.446  2398  2398 D CarrierSvcBindHelper: No carrier app for: 0
05-01 22:03:00.447  2398  2398 D CarrierSvcBindHelper: No carrier app for: 1
05-01 22:03:00.452  1456  1605 W zygote  : kill(-26891, 9) failed: No such process
05-01 22:03:00.467  1456  1605 W zygote  : kill(-26891, 9) failed: No such process
05-01 22:03:00.471 26235 26235 I Finsky  : [2] JobSchedulerEngine$PhoneskyJobSchedulerJobService.onStartJob(3): SCH: onJobSchedulerWakeup with jobId 9006
05-01 22:03:00.474 26235 26235 I Finsky  : [2] uuj.a(19): Scheduling fallback job with id: 9034, and delay: 43200000 ms
05-01 22:03:00.479 26235 26235 I Finsky  : [2] uuj.a(9): Scheduling fallback in 64799997 (absolute: 20977886549)
05-01 22:03:00.481  1456  1605 W zygote  : kill(-26891, 9) failed: No such process
05-01 22:03:00.497  1456  1605 I chatty  : uid=1000(system) ActivityManager identical 1 line
05-01 22:03:00.512  1456  1605 W zygote  : kill(-26891, 9) failed: No such process
05-01 22:03:00.512  1456  1673 W ActivityManager: setHasOverlayUi called on unknown pid: 26891
05-01 22:03:00.518 26235 26235 I Finsky  : [2] uus.handleMessage(6): SCH: DeviceState: DeviceState{currentTime=1588384980508, isCharging=true, isIdle=false, netAny=true, netNotRoaming=true, netUnmetered=true, batteryPercent=100.0}
05-01 22:03:00.529 26235 27154 I Finsky  : [524818] uxg.a(7): SCH: Jobs in database: 1-1337 3-2731 24-77777777 26-1414141414 29-29 
05-01 22:03:00.531  1456  1605 W zygote  : kill(-26891, 9) failed: No such process
05-01 22:03:00.541  1456  1605 W zygote  : kill(-26891, 9) failed: No such process
05-01 22:03:00.549  1456  7570 I ActivityManager: START u0 {act=android.intent.action.VIEW dat=https://example.com/... typ=text/html flg=0x10000000 cmp=org.mozilla.fennec_aurora/org.mozilla.fenix.IntentReceiverActivity} from uid 2000
05-01 22:03:00.550   794   839 E ANDR-PERF-RESOURCEQS: Failed to apply optimization [4, 0]
05-01 22:03:00.553 26235 26235 I Finsky  : [2] uut.a(18): SCH: Running job: 29-29
05-01 22:03:00.554  1456  1605 W zygote  : kill(-26891, 9) failed: No such process
05-01 22:03:00.556 26235 26235 I Finsky  : [2] uus.handleMessage(57): SCH: RunningQueue size: 1, PendingQueue size: 0
05-01 22:03:00.557 26235 26235 I Finsky  : [2] uus.handleMessage(60): SCH: Running queue: 29-29 
05-01 22:03:00.558 26235 27157 I Finsky  : [524819] aaza.a(1): ProcessRecoveryLogsUtil: No files in recovery directory
05-01 22:03:00.559 26235 27157 I Finsky  : [524819] uwd.a(16): SCH: jobFinished: 29-29. TimeElapsed: 6ms.
05-01 22:03:00.562 26235 26235 I Finsky  : [2] uut.a(36): SCH: Job 29-29 finished. Not rescheduling.
05-01 22:03:00.563 26235 26235 I Finsky  : [2] uus.handleMessage(57): SCH: RunningQueue size: 0, PendingQueue size: 0
05-01 22:03:00.564 26235 26235 I Finsky  : [2] uus.handleMessage(23): Executor finished
05-01 22:03:00.565  1456  1605 W zygote  : kill(-26891, 9) failed: No such process
05-01 22:03:00.573  1456  4797 I ActivityManager: Start proc 27158:org.mozilla.fennec_aurora/u0a1298 for activity org.mozilla.fennec_aurora/org.mozilla.fenix.IntentReceiverActivity
05-01 22:03:00.578  1456  1605 W zygote  : kill(-26891, 9) failed: No such process
05-01 22:03:00.578  1456  1605 I zygote  : Successfully killed process cgroup uid 11298 pid 26891 in 158ms
05-01 22:03:00.578  1456  1605 W zygote  : kill(-26966, 9) failed: No such process
05-01 22:03:00.578  1456  1605 I zygote  : Successfully killed process cgroup uid 11298 pid 26966 in 0ms
05-01 22:03:00.605 26235 26235 I Finsky  : [2] uxg.a(7): SCH: Jobs in database: 1-1337 3-2731 24-77777777 26-1414141414 
05-01 22:03:00.608  1456  2063 D WifiNative-wlan0: Scan issued for specific freq..
05-01 22:03:00.625 26235 26243 W JavaBinder: BinderProxy is being destroyed but the application did not call unlinkToDeath to unlink all of its death recipients beforehand.  Releasing leaked death recipient: amrh
