04-02 22:08:01.383  2748  2748 D Launcher.Utilities: Wakeup weather: Intent { act=com.motorola.launcher3.action.WAKEUP_WEATHER cmp=com.motorola.timeweatherwidget/com.motorola.commandcenter.weather.WakeUpService }
04-02 22:08:01.397  1456  1456 I NotificationService: Cannot find enqueued record for key: 0|com.motorola.timeweatherwidget|1|null|10116
04-02 22:08:01.399   808   808 D SurfaceFlinger: duplicate layer name: changing com.android.launcher3/com.android.launcher3.CustomizationPanelLauncher to com.android.launcher3/com.android.launcher3.CustomizationPanelLauncher#1
04-02 22:08:01.409 28336 28370 W ThreadPoolDumper: Queue length for executor EventBus is now 11. Perhaps some tasks are too long, or the pool is too small.
04-02 22:08:01.411  1456  3927 I WifiService: getWifiEnabledState uid=10073
04-02 22:08:01.428  1456  2162 I WifiService: getWifiEnabledState uid=10073
04-02 22:08:01.437 28336 28379 I DEBUG   : OpaToSrpTransitionState#onStateChanged#notNullQuery
04-02 22:08:01.438 28336 28379 I DEBUG   : OpaToSrpTransitionState#onStateChanged#notNullQuery
04-02 22:08:01.456 28336 28379 I MicroDetectionState: Should stop hotword detection immediately - false
04-02 22:08:01.461 28336 28379 I MicroDetectionWorker: #startMicroDetector [speakerMode: 0]
04-02 22:08:01.462 28336 28379 I AudioController: Created new AudioSource
04-02 22:08:01.495  1456  1673 I LaunchCheckinHandler: Displayed com.android.launcher3/.CustomizationPanelLauncher,wp,wa,147
04-02 22:08:01.496 28336 28367 I MicroDataManager: isInitializedWithLatestParams-true
04-02 22:08:01.496 28336 28367 I MicroDataManager: isInitializing-false locale not changed-true model not changed-true
04-02 22:08:01.497 28336 28367 I MicroDataManager: Already initialized, obtaining the hotword data immediately.
04-02 22:08:01.501 28336 21981 I MicroRecognitionRunner: Starting detection.
04-02 22:08:01.501 28336 21981 I InputStreamUtils: Using micInputStream
04-02 22:08:01.502 28336 11778 I MicrophoneInputStream: mic_starting  SR : 16000 CC : 16 SO : 1999
04-02 22:08:01.504   788   788 V msm8974_platform: platform_check_input_mask: enter check_input_mask source 6 mask 10
04-02 22:08:01.506  1012 13897 I AudioFlinger: AudioFlinger's thread 0xb2483bc0 tid=13897 ready to run
04-02 22:08:01.515   788   788 D audio_hw_primary: in_set_parameters: enter: kvpairs=input_source=6;routing=-2147483644
04-02 22:08:01.517  1012 19368 D APM_AudioPolicyManager: AudioPolicyManager::startInput() input 274254, session 274369, source = 1999
04-02 22:08:01.517 28336 11778 I MicrophoneInputStream: mic_started  SR : 16000 CC : 16 SO : 1999
04-02 22:08:01.519   788 13898 V msm8974_platform: platform_update_usecase_from_source: input source :6
04-02 22:08:01.519   788 13898 V msm8974_platform: platform_check_input_mask: enter check_input_mask source 6 mask 10
04-02 22:08:01.519   788 13898 V msm8974_platform: platform_get_input_snd_device: enter: out_device(0) in_device(0x4) channel_count (1) channel_mask (0x10)
04-02 22:08:01.519   788 13898 V msm8974_platform: platform_get_input_snd_device: exit: in_snd_device(voice-rec-mic)
04-02 22:08:01.519   788 13898 V msm8974_platform: platform_get_backend_index:napb: backend port - 5 device - 120 
04-02 22:08:01.519   788 13898 V msm8974_platform: platform_check_and_set_capture_backend_cfg:txbecf: afe: bitwidth 0, samplerate 0, channel 1, backend_idx 5 usecase = 9 device (voice-rec-mic)
04-02 22:08:01.519   788 13898 V msm8974_platform: platform_check_capture_backend_cfg:txbecf: afe: Codec selected backend: 5 current bit width: 0 and sample rate: 0, channels 1
04-02 22:08:01.519   788 13898 V msm8974_platform: platform_check_capture_backend_cfg:txbecf: afe: Codec selected backend: 5 updated bit width: 0 and sample rate: 0
04-02 22:08:01.519   788 13898 I msm8974_platform: platform_check_capture_backend_cfg:txbecf: afe: Codec backend needs to be updated. new bit width: 0 new sample rate: 0 new channel: 1
04-02 22:08:01.519   788 13898 V msm8974_platform: platform_get_backend_index:napb: backend port - 5 device - 120 
04-02 22:08:01.520   788 13898 V msm8974_platform: platform_set_backend_cfg:becf: afe: bitwidth 0, samplerate 0 channels 1, backend_idx 5 device (voice-rec-mic)
04-02 22:08:01.520   788 13898 E msm8974_platform: platform_set_backend_cfg:becf: afe: Could not get ctl for mixer command - SLIM_0_TX Format
04-02 22:08:01.520   788 13898 V msm8974_platform: platform_send_audio_calibration: sending audio calibration for snd_device(120) acdb_id(62)
04-02 22:08:01.520   788 13898 D ACDB-LOADER: ACDB -> send_audio_cal, acdb_id = 62, path = 1, app id = 0x11130, sample rate = 48000
04-02 22:08:01.520   788 13898 D ACDB-LOADER: ACDB -> send_asm_topology
04-02 22:08:01.520   788 13898 D ACDB-LOADER: ACDB -> ACDB_CMD_GET_AUDPROC_STREAM_TOPOLOGY_ID
04-02 22:08:01.520   788 13898 D ACDB-LOADER: ACDB -> send_adm_topology
04-02 22:08:01.520   788 13898 D ACDB-LOADER: ACDB -> ACDB_CMD_GET_AUDPROC_COMMON_TOPOLOGY_ID
04-02 22:08:01.520   788 13898 D ACDB-LOADER: ACDB -> send_audtable
04-02 22:08:01.520   788 13898 D ACDB-LOADER: ACDB -> ACDB_CMD_GET_AUDPROC_COMMON_TABLE_SIZE
04-02 22:08:01.521   788 13898 D ACDB-LOADER: ACDB -> ACDB_CMD_GET_AUDPROC_COMMON_TABLE
04-02 22:08:01.521   788 13898 D ACDB-LOADER: ACDB -> AUDIO_SET_AUDPROC_CAL
04-02 22:08:01.521   788 13898 D ACDB-LOADER: ACDB -> send_audvoltable
04-02 22:08:01.521   788 13898 D ACDB-LOADER: ACDB -> ACDB_CMD_GET_AUDPROC_VOL_STEP_TABLE_SIZE
04-02 22:08:01.521   788 13898 D ACDB-LOADER: ACDB -> ACDB_CMD_GET_AUDPROC_GAIN_DEP_STEP_TABLE, vol index 0
04-02 22:08:01.521   788 13898 D         : Failed to fetch the lookup information of the device 0000003E 
04-02 22:08:01.521   788 13898 D ACDB-LOADER: ACDB -> AUDIO_SET_VOL_CAL cal type = 12
04-02 22:08:01.521   788 13898 D ACDB-LOADER: ACDB -> ACDB_CMD_GET_AUDPROC_STREAM_TABLE_SIZE
04-02 22:08:01.521   788 13898 D ACDB-LOADER: ACDB -> send_audstrmtable
04-02 22:08:01.521   788 13898 D ACDB-LOADER: ACDB -> ACDB_CMD_GET_AUDPROC_STREAM_TABLE_V2
04-02 22:08:01.521   788 13898 D ACDB-LOADER: ACDB -> audstrm_cal->cal_type.cal_data.cal_size = 456
04-02 22:08:01.521   788 13898 D ACDB-LOADER: ACDB -> send_afe_topology
04-02 22:08:01.521   788 13898 D ACDB-LOADER: ACDB -> ACDB_CMD_GET_AFE_TOPOLOGY_ID
04-02 22:08:01.521   788 13898 D ACDB-LOADER: ACDB -> GET_AFE_TOPOLOGY_ID for adcd_id 62, Topology Id 112fb
04-02 22:08:01.521   788 13898 D ACDB-LOADER: ACDB -> send_afe_cal
04-02 22:08:01.521   788 13898 D ACDB-LOADER: ACDB -> ACDB_CMD_GET_AFE_COMMON_TABLE_SIZE
04-02 22:08:01.521   788 13898 D         : Failed to fetch the lookup information of the device 0000003E 
04-02 22:08:01.521   788 13898 E ACDB-LOADER: Error: ACDB_CMD_GET_AFE_COMMON_TABLE_SIZE Returned = -19
04-02 22:08:01.521   788 13898 D ACDB-LOADER: ACDB -> ACDB_CMD_GET_AFE_COMMON_TABLE
04-02 22:08:01.521   788 13898 D         : Failed to fetch the lookup information of the device 0000003E 
04-02 22:08:01.521   788 13898 D ACDB-LOADER: ACDB -> AUDIO_SET_AFE_CAL
04-02 22:08:01.521   788 13898 D ACDB-LOADER: ACDB -> send_hw_delay : acdb_id = 62 path = 1
04-02 22:08:01.521   788 13898 D ACDB-LOADER: ACDB -> ACDB_AVSYNC_INFO: ACDB_CMD_GET_DEVICE_PROPERTY
04-02 22:08:01.521   788 13898 D audio_hw_primary: enable_snd_device: snd_device(120: voice-rec-mic)
04-02 22:08:01.521   788 13898 D audio_route: Apply path: voice-rec-mic
04-02 22:08:01.524   788 13898 V msm8974_platform: platform_get_snd_device_backend_index: enter with device 120
04-02 22:08:01.525   788 13898 E msm8974_platform: platform_get_snd_device_backend_index: BE DAI Name Table is not present
04-02 22:08:01.525   788 13898 V msm8974_platform: platform_get_backend_index:napb: backend port - 5 device - 120 
04-02 22:08:01.525   788 13898 I audio_hw_utils: Set Audio Stream Capture 0 App Type Cfg: app_type 69936, acdb_dev_id 62, sample_rate 48000, snd_device_be_idx -14
04-02 22:08:01.525   788 13898 D audio_hw_primary: enable_audio_route: usecase(9) apply and update mixer path: audio-record
04-02 22:08:01.525   788 13898 D audio_route: Apply path: audio-record
04-02 22:08:01.597 28336 28379 I MicroDetectionWorker: onReady
04-02 22:08:01.637  2146  2165 I zygote  : NativeAlloc concurrent copying GC freed 20764(1089KB) AllocSpace objects, 0(0B) LOS objects, 50% free, 9MB/18MB, paused 124us total 132.356ms
04-02 22:08:01.896  1456  7796 I OpenGLRenderer: Initialized EGL, version 1.4
04-02 22:08:01.896  1456  7796 D OpenGLRenderer: Swap behavior 2
04-02 22:08:01.914   808   808 I SFPerfTracer:      triggers: (rate: 72:2018756) (compose: 0:7) (post: 0:19) (render: 0:17) (12:10128869 frames) (13:12659415)
04-02 22:08:01.914   808   808 D SFPerfTracer:        layers: (4:13) (NavigationBar#0 (0xb07df000): 0:915678) (StatusBar#0 (0xb07e3000): 0:2164040) (com.android.systemui.ImageWallpaper#0 (0xb07e7000): 0:84390) (Sprite#0 (0xb0733000): 0:317)* (DimLayerController/Stack=0#0 (0xb075a000): 0:3823)* (Sprite#1 (0xb077c000): 0:195)* (com.android.launcher3/com.android.launcher3.CustomizationPanelLauncher#0 (0xb0763000): 0:39)- (com.android.launcher3/com.android.launcher3.CustomizationPanelLauncher#1 (0xb0771000): 0:10)- (Splash Screen org.mozilla.fennec_aurora#0 (0xb039b000): 0:19)- (Splash Screen org.mozilla.fennec_aurora#1 (0xb013a000): 0:32)- (org.mozilla.fennec_aurora/org.mozilla.fenix.HomeActivity#0 (0xb039b000): 12:65)* (com.android.launcher3/com.android.launcher3.CustomizationPanelLauncher#0 (0xb0763000): 13:30)* (com.android.launcher3/com.android.launcher3.CustomizationPanelLauncher#1 (0xb0771000): 1:5) 
04-02 22:08:01.946  2748  2917 W OpenGLRenderer: Incorrectly called buildLayer on View: ShortcutAndWidgetContainer, destroying layer...
04-02 22:08:02.091   808   898 I SFPerfTracer:      triggers: (rate: 0:1) (0 sw vsyncs) (0 skipped) (37:6068606 vsyncs) (39:12754474)
04-02 22:08:02.248  1456  1466 I zygote  : NativeAlloc concurrent copying GC freed 59313(3MB) AllocSpace objects, 26(904KB) LOS objects, 37% free, 39MB/63MB, paused 171us total 351.551ms
04-02 22:08:05.918  1456  1893 D BatteryService: uevent={POWER_SUPPLY_VOLTAGE_NOW=4340642, POWER_SUPPLY_CHARGE_RATE=Normal, POWER_SUPPLY_HEALTH=Good, POWER_SUPPLY_CURRENT_NOW=152, POWER_SUPPLY_PRESENT=1, SUBSYSTEM=power_supply, POWER_SUPPLY_TEMP=312, SEQNUM=443596, ACTION=change, POWER_SUPPLY_NAME=battery, POWER_SUPPLY_STATUS=Full, POWER_SUPPLY_CHARGE_COUNTER=2805533, POWER_SUPPLY_CAPACITY=100, DEVPATH=/devices/soc/qpnp-smbcharger-17/power_supply/battery}
04-02 22:08:05.925  2398  2398 D QtiCarrierConfigHelper: WARNING, no carrier configs on phone Id: 0
04-02 22:08:06.525  1456  3927 I ActivityManager: Force stopping org.mozilla.fennec_aurora appid=11223 user=0: from pid 13903
04-02 22:08:06.525  1456  3927 I ActivityManager: Killing 13674:org.mozilla.fennec_aurora/u0a1223 (adj 700): stop org.mozilla.fennec_aurora
04-02 22:08:06.528  1456  1605 W zygote  : kill(-13674, 9) failed: No such process
04-02 22:08:06.529  1456  3927 W ActivityManager: Force removing ActivityRecord{e32cb1 u0 org.mozilla.fennec_aurora/org.mozilla.fenix.HomeActivity t53967}: app died, no saved state
04-02 22:08:06.540  1456  3927 I ActivityManager: Killing 13752:org.mozilla.fennec_aurora:tab0/u0a1223 (adj 0): stop org.mozilla.fennec_aurora
04-02 22:08:06.542  1456  1605 W zygote  : kill(-13674, 9) failed: No such process
04-02 22:08:06.552  2398  2398 D CarrierSvcBindHelper: No carrier app for: 0
04-02 22:08:06.553  2398  2398 D CarrierSvcBindHelper: No carrier app for: 1
04-02 22:08:06.556  1456  1605 W zygote  : kill(-13674, 9) failed: No such process
04-02 22:08:06.594  1456  1673 W ActivityManager: setHasOverlayUi called on unknown pid: 13674
04-02 22:08:06.608  1456  1605 W zygote  : kill(-13674, 9) failed: No such process
04-02 22:08:06.608  1456  1605 I zygote  : Successfully killed process cgroup uid 11223 pid 13674 in 80ms
04-02 22:08:06.608  1456  1605 W zygote  : kill(-13752, 9) failed: No such process
04-02 22:08:06.608  1456  1605 I zygote  : Successfully killed process cgroup uid 11223 pid 13752 in 0ms
04-02 22:08:06.653  1456 10736 I ActivityManager: START u0 {act=android.intent.action.MAIN cat=[android.intent.category.LAUNCHER] flg=0x10000000 cmp=org.mozilla.fennec_aurora/.App} from uid 2000
04-02 22:08:06.653   794   839 E ANDR-PERF-RESOURCEQS: Failed to apply optimization [4, 0]
04-02 22:08:06.675  1456  2236 I ActivityManager: Start proc 13910:org.mozilla.fennec_aurora/u0a1223 for activity org.mozilla.fennec_aurora/.App
04-02 22:08:06.761 28336 28379 I MicroDetectionState: Should stop hotword detection immediately - false
04-02 22:08:06.761 28336 28379 I MicroDetector: Keeping mic open: false
04-02 22:08:06.761 28336 28379 I RecognitionAudioControl: #shutdownAudio [requestId: 853517286107600229, keepAudioOpen: false, forced: true]
04-02 22:08:06.761 28336 21980 E DeviceStateChecker: DeviceStateChecker cancelled
04-02 22:08:06.761 28336 28379 I RecognitionAudioControl: #internalShutdownAudio [requestId: 853517286107600229]
04-02 22:08:06.762 28336 28379 I RecognitionAudioControl: #internalShutdownAudio [keepAudioOpen: false, forced: true]
04-02 22:08:06.762 28336 28379 I RecognitionAudioControl: #actualShutdownAudio
04-02 22:08:06.762 28336 28379 I AudioController: #shutdown [requestId=853517286107600229]
04-02 22:08:06.762 28336 28378 I AudioController: internalShutdown
04-02 22:08:06.762 28336 28362 I MicroRecognitionRunner: Stopping hotword detection.
04-02 22:08:06.815   788   788 D audio_hw_primary: disable_audio_route: usecase(9) reset and update mixer path: audio-record
04-02 22:08:06.816   788   788 D audio_hw_primary: disable_snd_device: snd_device(120: voice-rec-mic)
04-02 22:08:06.817  1012  8317 D APM_AudioPolicyManager: stopInput() input 274254, session 274369
04-02 22:08:06.817   788  1479 D audio_hw_primary: in_set_parameters: enter: kvpairs=routing=0
04-02 22:08:06.819 28336 28378 I MicrophoneInputStream: mic_close  SR : 16000 CC : 16 SO : 1999
04-02 22:08:06.819 28336 28378 E AudioSource: Stop listening is called on already closed AudioSource
04-02 22:08:06.820 28336 21981 I MicroRecognitionRunner: Detection finished
04-02 22:08:06.841 13910 13910 I chatty  : uid=11223(org.mozilla.fennec_aurora) expire 12 lines
04-02 22:08:06.916 13910 13930 I chatty  : uid=11223(org.mozilla.fennec_aurora) expire 4 lines
04-02 22:08:06.932  1456  2236 D ConnectivityService: requestNetwork for uid/pid:11223/13910 NetworkRequest [ TRACK_DEFAULT id=35671, [ Capabilities: INTERNET&NOT_RESTRICTED&TRUSTED&NOT_VPN] ]
04-02 22:08:06.934  1456  2099 D Ethernet: got request NetworkRequest [ TRACK_DEFAULT id=35671, [ Capabilities: INTERNET&NOT_RESTRICTED&TRUSTED&NOT_VPN] ] with score 0
04-02 22:08:06.934  1456  2054 D WIFI_UT : got request NetworkRequest [ TRACK_DEFAULT id=35671, [ Capabilities: INTERNET&NOT_RESTRICTED&TRUSTED&NOT_VPN] ] with score 0
04-02 22:08:06.934  1456  2054 D WIFI    : got request NetworkRequest [ TRACK_DEFAULT id=35671, [ Capabilities: INTERNET&NOT_RESTRICTED&TRUSTED&NOT_VPN] ] with score 0
04-02 22:08:06.935  2398  2398 D PhoneSwitcherNetworkRequstListener: got request NetworkRequest [ TRACK_DEFAULT id=35671, [ Capabilities: INTERNET&NOT_RESTRICTED&TRUSTED&NOT_VPN] ] with score 0
04-02 22:08:06.945 13910 13941 I chatty  : uid=11223(org.mozilla.fennec_aurora) expire 11 lines
04-02 22:08:06.965 13910 13940 I chatty  : uid=11223(org.mozilla.fennec_aurora) expire 9 lines
04-02 22:08:06.970 13910 13944 I chatty  : uid=11223(org.mozilla.fennec_aurora) expire 27 lines
04-02 22:08:07.011 13910 13910 I chatty  : uid=11223(org.mozilla.fennec_aurora) expire 45 lines
04-02 22:08:07.025 13910 13940 I chatty  : uid=11223(org.mozilla.fennec_aurora) expire 8 lines
04-02 22:08:07.055 13910 13941 I chatty  : uid=11223(org.mozilla.fennec_aurora) expire 3 lines
04-02 22:08:07.069 13910 13951 I chatty  : uid=11223(org.mozilla.fennec_aurora) expire 1 line
04-02 22:08:07.112 13910 13961 I chatty  : uid=11223(org.mozilla.fennec_aurora) expire 10 lines
04-02 22:08:07.124 13910 13916 I chatty  : uid=11223(org.mozilla.fennec_aurora) expire 8 lines
04-02 22:08:07.147  1456  2236 I ActivityManager: START u0 {act=android.intent.action.MAIN cat=[android.intent.category.LAUNCHER] flg=0x10000000 cmp=org.mozilla.fennec_aurora/org.mozilla.fenix.HomeActivity (has extras)} from uid 11223
04-02 22:08:07.173   808   808 D SurfaceFlinger: duplicate layer name: changing Splash Screen org.mozilla.fennec_aurora to Splash Screen org.mozilla.fennec_aurora#1
04-02 22:08:07.220  1456  2916 I ActivityManager: Start proc 14001:org.mozilla.fennec_aurora:tab0/u0a1223 for service org.mozilla.fennec_aurora/org.mozilla.gecko.process.GeckoChildProcessServices$tab0
04-02 22:08:07.359 14001 14001 I chatty  : uid=11223(org.mozilla.fennec_aurora) expire 2 lines
04-02 22:08:07.360 14001 14029 I chatty  : uid=11223(org.mozilla.fennec_aurora) expire 1 line
04-02 22:08:07.583 13910 14039 I chatty  : uid=11223(org.mozilla.fennec_aurora) expire 9 lines
04-02 22:08:07.800  1456  1673 I LaunchCheckinHandler: Displayed org.mozilla.fennec_aurora/org.mozilla.fenix.HomeActivity,wp,ca,610
04-02 22:08:07.800  1456  1673 I ActivityManager: Displayed org.mozilla.fennec_aurora/org.mozilla.fenix.HomeActivity: +602ms (total +1s131ms)
04-02 22:08:07.826 28336 28336 I MemoryTrimmer: Trimming objects from memory, since app is in the background.
04-02 22:08:07.831 28336 28379 E AudioSource: Stop listening is called on already closed AudioSource
04-02 22:08:07.832 28336 28336 I MemoryTrimmer: Trimming objects from memory, since app is in the background.
04-02 22:08:07.833 28336 11778 I PBSessionCacheImpl: Deleted sessionId[124624629806619685] from persistence.
04-02 22:08:07.835 13910 14041 I chatty  : uid=11223(org.mozilla.fennec_aurora) expire 2 lines
04-02 22:08:07.838  1456 10736 I WifiService: getWifiEnabledState uid=10073
04-02 22:08:07.839 28336 28379 I DEBUG   : OpaToSrpTransitionState#onStateChanged#notNullQuery
04-02 22:08:07.840 28336 28379 I DEBUG   : OpaToSrpTransitionState#onStateChanged#notNullQuery
04-02 22:08:07.844 28336 28379 W SearchServiceCore: Abort, client detached.
04-02 22:08:08.011  1456 10736 I ActivityManager: Fully drawn org.mozilla.fennec_aurora/org.mozilla.fenix.HomeActivity: +820ms (total +1s349ms)
04-02 22:08:08.151  1023 14062 D libc    : Internal error: netid(0), id(0xea73), server(0.0.0.0)
04-02 22:08:08.151  1023 14062 D libc    : Internal error: netid(0), id(0xea73), server(0.0.0.0)
04-02 22:08:08.151  1023 14062 D libc    : Internal error: netid(0), id(0xaa64), server(0.0.0.0)
04-02 22:08:08.152  1023 14062 D libc    : Internal error: netid(0), id(0xaa64), server(0.0.0.0)
04-02 22:08:08.169  1023 14076 D libc    : Internal error: netid(0), id(0x6b08), server(0.0.0.0)
04-02 22:08:08.170  1023 14076 D libc    : Internal error: netid(0), id(0x6b08), server(0.0.0.0)
04-02 22:08:08.170  1023 14076 D libc    : Internal error: netid(0), id(0x1f7f), server(0.0.0.0)
04-02 22:08:08.170  1023 14076 D libc    : Internal error: netid(0), id(0x1f7f), server(0.0.0.0)
04-02 22:08:08.170  1023 14080 D libc    : Internal error: netid(0), id(0xc872), server(0.0.0.0)
04-02 22:08:08.170  1023 14080 D libc    : Internal error: netid(0), id(0xc872), server(0.0.0.0)
04-02 22:08:08.170  1023 14080 D libc    : Internal error: netid(0), id(0x4a13), server(0.0.0.0)
04-02 22:08:08.171  1023 14080 D libc    : Internal error: netid(0), id(0x4a13), server(0.0.0.0)
04-02 22:08:08.174  1023 14083 D libc    : Internal error: netid(0), id(0xaa68), server(0.0.0.0)
04-02 22:08:08.175  1023 14083 D libc    : Internal error: netid(0), id(0xaa68), server(0.0.0.0)
04-02 22:08:08.175  1023 14083 D libc    : Internal error: netid(0), id(0x608), server(0.0.0.0)
04-02 22:08:08.175  1023 14083 D libc    : Internal error: netid(0), id(0x608), server(0.0.0.0)
04-02 22:08:08.187 13910 13966 I chatty  : uid=11223(org.mozilla.fennec_aurora) expire 2 lines
04-02 22:08:08.188 13910 13943 I chatty  : uid=11223(org.mozilla.fennec_aurora) expire 1 line
04-02 22:08:08.190 13910 14059 I chatty  : uid=11223(org.mozilla.fennec_aurora) expire 2 lines
04-02 22:08:08.190 13910 14058 I chatty  : uid=11223(org.mozilla.fennec_aurora) expire 2 lines
04-02 22:08:12.316 14134 14134 D AndroidRuntime: >>>>>> START com.android.internal.os.RuntimeInit uid 2000 <<<<<<
04-02 22:08:12.329 14134 14134 W app_process: Could not reserve sentinel fault page
04-02 22:08:12.496 14134 14134 I app_process: The ClassLoaderContext is a special shared library.
04-02 22:08:12.562 14134 14134 D AndroidRuntime: Calling main entry com.android.commands.input.Input
04-02 22:08:12.563 14134 14134 I Input   : injectKeyEvent: KeyEvent { action=ACTION_DOWN, keyCode=KEYCODE_HOME, scanCode=0, metaState=0, flags=0x0, repeatCount=0, eventTime=17955747843, downTime=17955747843, deviceId=-1, source=0x101 }
04-02 22:08:12.571 14134 14134 I Input   : injectKeyEvent: KeyEvent { action=ACTION_UP, keyCode=KEYCODE_HOME, scanCode=0, metaState=0, flags=0x0, repeatCount=0, eventTime=17955747843, downTime=17955747843, deviceId=-1, source=0x101 }
04-02 22:08:12.577  1456  1941 I ActivityManager: START u0 {act=android.intent.action.MAIN cat=[android.intent.category.HOME] flg=0x10200000 cmp=com.android.launcher3/.CustomizationPanelLauncher (has extras)} from uid 1000
04-02 22:08:12.577   794   839 E ANDR-PERF-RESOURCEQS: Failed to apply optimization [4, 0]
04-02 22:08:12.589  1456  1941 I ActivityManager: moveHomeStack, setupComplete:true
04-02 22:08:12.596 28336 28375 I Adreno  : QUALCOMM build                   : bb5b86c, I77d3059488
04-02 22:08:12.596 28336 28375 I Adreno  : Build Date                       : 06/07/18
04-02 22:08:12.596 28336 28375 I Adreno  : OpenGL ES Shader Compiler Version: EV031.22.00.01_06
04-02 22:08:12.596 28336 28375 I Adreno  : Local Branch                     : 
04-02 22:08:12.596 28336 28375 I Adreno  : Remote Branch                    : refs/tags/AU_LINUX_ANDROID_LA.UM.6.5.R1.08.01.00.312.086
04-02 22:08:12.596 28336 28375 I Adreno  : Remote Branch                    : NONE
04-02 22:08:12.596 28336 28375 I Adreno  : Reconstruct Branch               : NOTHING
04-02 22:08:12.600 14134 14134 D AndroidRuntime: Shutting down VM
04-02 22:08:12.601 28336 28375 D vndksupport: Loading /vendor/lib/hw/gralloc.msm8937.so from current namespace instead of sphal namespace.
04-02 22:08:12.605 28336 28375 I Adreno  : PFP: 0x005ff087, ME: 0x005ff063
04-02 22:08:12.608 28336 28375 I zygote  : android::hardware::configstore::V1_0::ISurfaceFlingerConfigs::hasWideColorDisplay retrieved: 0
04-02 22:08:12.609 28336 28375 I OpenGLRenderer: Initialized EGL, version 1.4
04-02 22:08:12.609 28336 28375 D OpenGLRenderer: Swap behavior 2
04-02 22:08:12.610  2748  2748 D Launcher.Utilities: Wakeup weather: Intent { act=com.motorola.launcher3.action.WAKEUP_WEATHER cmp=com.motorola.timeweatherwidget/com.motorola.commandcenter.weather.WakeUpService }
04-02 22:08:12.627  1456  1456 I NotificationService: Cannot find enqueued record for key: 0|com.motorola.timeweatherwidget|1|null|10116
04-02 22:08:12.631   808   808 D SurfaceFlinger: duplicate layer name: changing com.android.launcher3/com.android.launcher3.CustomizationPanelLauncher to com.android.launcher3/com.android.launcher3.CustomizationPanelLauncher#1
04-02 22:08:12.639   808   808 I SFPerfTracer:      triggers: (rate: 72:2018758) (compose: 0:7) (post: 0:19) (render: 0:17) (1:10128943 frames) (2:12659516)
04-02 22:08:12.639   808   808 D SFPerfTracer:        layers: (3:12) (NavigationBar#0 (0xb07df000): 0:915688) (StatusBar#0 (0xb07e3000): 0:2164053) (com.android.systemui.ImageWallpaper#0 (0xb07e7000): 0:84391)* (Sprite#0 (0xb0733000): 0:317)* (DimLayerController/Stack=0#0 (0xb075a000): 0:3823)* (Sprite#1 (0xb077c000): 0:195)* (com.android.launcher3/com.android.launcher3.CustomizationPanelLauncher#0 (0xb0763000): 0:39)- (com.android.launcher3/com.android.launcher3.CustomizationPanelLauncher#1 (0xb0771000): 0:9)- (Splash Screen org.mozilla.fennec_aurora#0 (0xb039b000): 0:19)- (Splash Screen org.mozilla.fennec_aurora#1 (0xb013a000): 0:30)- (org.mozilla.fennec_aurora/org.mozilla.fenix.HomeActivity#0 (0xb039b000): 1:40) (com.android.launcher3/com.android.launcher3.CustomizationPanelLauncher#0 (0xb0763000): 1:1)* 
04-02 22:08:12.647 28336 28369 W ThreadPoolDumper: Queue length for executor EventBus is now 11. Perhaps some tasks are too long, or the pool is too small.
04-02 22:08:12.647  1456  2236 I WifiService: getWifiEnabledState uid=10073
04-02 22:08:12.666  1456  2236 I WifiService: getWifiEnabledState uid=10073
04-02 22:08:12.678 28336 28379 I DEBUG   : OpaToSrpTransitionState#onStateChanged#notNullQuery
04-02 22:08:12.679 28336 28379 I DEBUG   : OpaToSrpTransitionState#onStateChanged#notNullQuery
04-02 22:08:12.696 28336 28379 I MicroDetectionState: Should stop hotword detection immediately - false
04-02 22:08:12.699 28336 28379 I MicroDetectionWorker: #startMicroDetector [speakerMode: 0]
04-02 22:08:12.700 28336 28379 I AudioController: Created new AudioSource
04-02 22:08:12.724  1456  1673 I LaunchCheckinHandler: Displayed com.android.launcher3/.CustomizationPanelLauncher,wp,wa,147
04-02 22:08:12.725 28336 28378 I MicroDataManager: isInitializedWithLatestParams-true
04-02 22:08:12.725 28336 28378 I MicroDataManager: isInitializing-false locale not changed-true model not changed-true
04-02 22:08:12.725 28336 28378 I MicroDataManager: Already initialized, obtaining the hotword data immediately.
04-02 22:08:12.727 12689 12706 I Finsky  : [459916] kay.run(3): Stats for Executor: BlockingExecutor kcu@a654e4d[Running, pool size = 2, active threads = 0, queued tasks = 0, completed tasks = 17]
04-02 22:08:12.728 12689 12706 I Finsky  : [459916] kay.run(3): Stats for Executor: LightweightExecutor kcu@78bfd02[Running, pool size = 4, active threads = 0, queued tasks = 0, completed tasks = 432]
04-02 22:08:12.729 28336 21980 I MicroRecognitionRunner: Starting detection.
04-02 22:08:12.730 28336 21980 I InputStreamUtils: Using micInputStream
04-02 22:08:12.730 28336 24398 I MicrophoneInputStream: mic_starting  SR : 16000 CC : 16 SO : 1999
04-02 22:08:12.732   788  1479 V msm8974_platform: platform_check_input_mask: enter check_input_mask source 6 mask 10
04-02 22:08:12.734  1012 14148 I AudioFlinger: AudioFlinger's thread 0xb2483a80 tid=14148 ready to run
04-02 22:08:12.743   788  1479 D audio_hw_primary: in_set_parameters: enter: kvpairs=input_source=6;routing=-2147483644
04-02 22:08:12.744  1012  8317 D APM_AudioPolicyManager: AudioPolicyManager::startInput() input 274262, session 274377, source = 1999
04-02 22:08:12.744 28336 24398 I MicrophoneInputStream: mic_started  SR : 16000 CC : 16 SO : 1999
04-02 22:08:12.746   788 14149 V msm8974_platform: platform_update_usecase_from_source: input source :6
04-02 22:08:12.746   788 14149 V msm8974_platform: platform_check_input_mask: enter check_input_mask source 6 mask 10
04-02 22:08:12.746   788 14149 V msm8974_platform: platform_get_input_snd_device: enter: out_device(0) in_device(0x4) channel_count (1) channel_mask (0x10)
04-02 22:08:12.746   788 14149 V msm8974_platform: platform_get_input_snd_device: exit: in_snd_device(voice-rec-mic)
04-02 22:08:12.746   788 14149 V msm8974_platform: platform_get_backend_index:napb: backend port - 5 device - 120 
04-02 22:08:12.746   788 14149 V msm8974_platform: platform_check_and_set_capture_backend_cfg:txbecf: afe: bitwidth 0, samplerate 0, channel 1, backend_idx 5 usecase = 9 device (voice-rec-mic)
04-02 22:08:12.746   788 14149 V msm8974_platform: platform_check_capture_backend_cfg:txbecf: afe: Codec selected backend: 5 current bit width: 0 and sample rate: 0, channels 1
04-02 22:08:12.746   788 14149 V msm8974_platform: platform_check_capture_backend_cfg:txbecf: afe: Codec selected backend: 5 updated bit width: 0 and sample rate: 0
04-02 22:08:12.746   788 14149 I msm8974_platform: platform_check_capture_backend_cfg:txbecf: afe: Codec backend needs to be updated. new bit width: 0 new sample rate: 0 new channel: 1
04-02 22:08:12.746   788 14149 V msm8974_platform: platform_get_backend_index:napb: backend port - 5 device - 120 
04-02 22:08:12.746   788 14149 V msm8974_platform: platform_set_backend_cfg:becf: afe: bitwidth 0, samplerate 0 channels 1, backend_idx 5 device (voice-rec-mic)
04-02 22:08:12.746   788 14149 E msm8974_platform: platform_set_backend_cfg:becf: afe: Could not get ctl for mixer command - SLIM_0_TX Format
04-02 22:08:12.746   788 14149 V msm8974_platform: platform_send_audio_calibration: sending audio calibration for snd_device(120) acdb_id(62)
04-02 22:08:12.746   788 14149 D ACDB-LOADER: ACDB -> send_audio_cal, acdb_id = 62, path = 1, app id = 0x11130, sample rate = 48000
04-02 22:08:12.747   788 14149 D ACDB-LOADER: ACDB -> send_asm_topology
04-02 22:08:12.747   788 14149 D ACDB-LOADER: ACDB -> ACDB_CMD_GET_AUDPROC_STREAM_TOPOLOGY_ID
04-02 22:08:12.747   788 14149 D ACDB-LOADER: ACDB -> send_adm_topology
04-02 22:08:12.747   788 14149 D ACDB-LOADER: ACDB -> ACDB_CMD_GET_AUDPROC_COMMON_TOPOLOGY_ID
04-02 22:08:12.747   788 14149 D ACDB-LOADER: ACDB -> send_audtable
04-02 22:08:12.747   788 14149 D ACDB-LOADER: ACDB -> ACDB_CMD_GET_AUDPROC_COMMON_TABLE_SIZE
04-02 22:08:12.747   788 14149 D ACDB-LOADER: ACDB -> ACDB_CMD_GET_AUDPROC_COMMON_TABLE
04-02 22:08:12.747   788 14149 D ACDB-LOADER: ACDB -> AUDIO_SET_AUDPROC_CAL
04-02 22:08:12.747   788 14149 D ACDB-LOADER: ACDB -> send_audvoltable
04-02 22:08:12.747   788 14149 D ACDB-LOADER: ACDB -> ACDB_CMD_GET_AUDPROC_VOL_STEP_TABLE_SIZE
04-02 22:08:12.747   788 14149 D ACDB-LOADER: ACDB -> ACDB_CMD_GET_AUDPROC_GAIN_DEP_STEP_TABLE, vol index 0
04-02 22:08:12.747   788 14149 D         : Failed to fetch the lookup information of the device 0000003E 
04-02 22:08:12.747   788 14149 D ACDB-LOADER: ACDB -> AUDIO_SET_VOL_CAL cal type = 12
04-02 22:08:12.747   788 14149 D ACDB-LOADER: ACDB -> ACDB_CMD_GET_AUDPROC_STREAM_TABLE_SIZE
04-02 22:08:12.747   788 14149 D ACDB-LOADER: ACDB -> send_audstrmtable
04-02 22:08:12.747   788 14149 D ACDB-LOADER: ACDB -> ACDB_CMD_GET_AUDPROC_STREAM_TABLE_V2
04-02 22:08:12.747   788 14149 D ACDB-LOADER: ACDB -> audstrm_cal->cal_type.cal_data.cal_size = 456
04-02 22:08:12.747   788 14149 D ACDB-LOADER: ACDB -> send_afe_topology
04-02 22:08:12.747   788 14149 D ACDB-LOADER: ACDB -> ACDB_CMD_GET_AFE_TOPOLOGY_ID
04-02 22:08:12.747   788 14149 D ACDB-LOADER: ACDB -> GET_AFE_TOPOLOGY_ID for adcd_id 62, Topology Id 112fb
04-02 22:08:12.747   788 14149 D ACDB-LOADER: ACDB -> send_afe_cal
04-02 22:08:12.747   788 14149 D ACDB-LOADER: ACDB -> ACDB_CMD_GET_AFE_COMMON_TABLE_SIZE
04-02 22:08:12.747   788 14149 D         : Failed to fetch the lookup information of the device 0000003E 
04-02 22:08:12.748   788 14149 E ACDB-LOADER: Error: ACDB_CMD_GET_AFE_COMMON_TABLE_SIZE Returned = -19
04-02 22:08:12.748   788 14149 D ACDB-LOADER: ACDB -> ACDB_CMD_GET_AFE_COMMON_TABLE
04-02 22:08:12.748   788 14149 D         : Failed to fetch the lookup information of the device 0000003E 
04-02 22:08:12.748   788 14149 D ACDB-LOADER: ACDB -> AUDIO_SET_AFE_CAL
04-02 22:08:12.748   788 14149 D ACDB-LOADER: ACDB -> send_hw_delay : acdb_id = 62 path = 1
04-02 22:08:12.748   788 14149 D ACDB-LOADER: ACDB -> ACDB_AVSYNC_INFO: ACDB_CMD_GET_DEVICE_PROPERTY
04-02 22:08:12.748   788 14149 D audio_hw_primary: enable_snd_device: snd_device(120: voice-rec-mic)
04-02 22:08:12.748   788 14149 D audio_route: Apply path: voice-rec-mic
04-02 22:08:12.750   788 14149 V msm8974_platform: platform_get_snd_device_backend_index: enter with device 120
04-02 22:08:12.750   788 14149 E msm8974_platform: platform_get_snd_device_backend_index: BE DAI Name Table is not present
04-02 22:08:12.751   788 14149 V msm8974_platform: platform_get_backend_index:napb: backend port - 5 device - 120 
04-02 22:08:12.751   788 14149 I audio_hw_utils: Set Audio Stream Capture 0 App Type Cfg: app_type 69936, acdb_dev_id 62, sample_rate 48000, snd_device_be_idx -14
04-02 22:08:12.751   788 14149 D audio_hw_primary: enable_audio_route: usecase(9) apply and update mixer path: audio-record
04-02 22:08:12.751   788 14149 D audio_route: Apply path: audio-record
04-02 22:08:12.793 13910 13968 I chatty  : uid=11223(org.mozilla.fennec_aurora) expire 2 lines
04-02 22:08:12.820 28336 28379 I MicroDetectionWorker: onReady
04-02 22:08:13.150 12689 12706 I Finsky  : [459916] kay.run(3): Stats for Executor: bgExecutor kcu@f3d8613[Running, pool size = 4, active threads = 0, queued tasks = 0, completed tasks = 679]
04-02 22:08:13.158  1456  7796 I OpenGLRenderer: Initialized EGL, version 1.4
04-02 22:08:13.158  1456  7796 D OpenGLRenderer: Swap behavior 2
04-02 22:08:13.174  2748  2917 W OpenGLRenderer: Incorrectly called buildLayer on View: ShortcutAndWidgetContainer, destroying layer...
04-02 22:08:13.319   808   898 I SFPerfTracer:      triggers: (rate: 0:1) (0 sw vsyncs) (0 skipped) (37:6068711 vsyncs) (39:12754608)
04-02 22:08:17.743  1456  2236 I ActivityManager: Force stopping org.mozilla.fennec_aurora appid=11223 user=0: from pid 14154
04-02 22:08:17.743  1456  2236 I ActivityManager: Killing 13910:org.mozilla.fennec_aurora/u0a1223 (adj 700): stop org.mozilla.fennec_aurora
04-02 22:08:17.745  1456  1605 W zygote  : kill(-13910, 9) failed: No such process
04-02 22:08:17.747  1456  2236 W ActivityManager: Force removing ActivityRecord{6f8b6b7 u0 org.mozilla.fennec_aurora/org.mozilla.fenix.HomeActivity t53969}: app died, no saved state
04-02 22:08:17.754  1456  1605 W zygote  : kill(-13910, 9) failed: No such process
04-02 22:08:17.758  1456  2236 I ActivityManager: Killing 14001:org.mozilla.fennec_aurora:tab0/u0a1223 (adj 0): stop org.mozilla.fennec_aurora
04-02 22:08:17.768  1456  1605 W zygote  : kill(-13910, 9) failed: No such process
04-02 22:08:17.770  2398  2398 D CarrierSvcBindHelper: No carrier app for: 0
04-02 22:08:17.770  2398  2398 D CarrierSvcBindHelper: No carrier app for: 1
04-02 22:08:17.781  1456  1605 W zygote  : kill(-13910, 9) failed: No such process
04-02 22:08:17.808  1456  4679 D ConnectivityService: ConnectivityService NetworkRequestInfo binderDied(NetworkRequest [ TRACK_DEFAULT id=35671, [ Capabilities: INTERNET&NOT_RESTRICTED&TRUSTED&NOT_VPN] ], android.os.BinderProxy@d1f7277)
04-02 22:08:17.808  1456  2067 D ConnectivityService: releasing NetworkRequest [ TRACK_DEFAULT id=35671, [ Capabilities: INTERNET&NOT_RESTRICTED&TRUSTED&NOT_VPN] ] (release request)
04-02 22:08:17.810  1456  1673 W ActivityManager: setHasOverlayUi called on unknown pid: 13910
04-02 22:08:17.811  1456  1605 I chatty  : uid=1000(system) ActivityManager identical 2 lines
04-02 22:08:17.827  1456  1605 W zygote  : kill(-13910, 9) failed: No such process
04-02 22:08:17.827  1456  1605 I zygote  : Successfully killed process cgroup uid 11223 pid 13910 in 81ms
04-02 22:08:17.827  1456  1605 W zygote  : kill(-14001, 9) failed: No such process
04-02 22:08:17.827  1456  1605 I zygote  : Successfully killed process cgroup uid 11223 pid 14001 in 0ms
04-02 22:08:17.845 28336 28346 I zygote  : Background concurrent copying GC freed 98537(6MB) AllocSpace objects, 6(2MB) LOS objects, 8% free, 251MB/275MB, paused 186us total 4.116s
04-02 22:08:17.868  1456  2236 I ActivityManager: START u0 {act=android.intent.action.MAIN cat=[android.intent.category.LAUNCHER] flg=0x10000000 cmp=org.mozilla.fennec_aurora/.App} from uid 2000
04-02 22:08:17.868   794   839 E ANDR-PERF-RESOURCEQS: Failed to apply optimization [4, 0]
04-02 22:08:17.889  1456  5907 I ActivityManager: Start proc 14162:org.mozilla.fennec_aurora/u0a1223 for activity org.mozilla.fennec_aurora/.App
04-02 22:08:17.975 28336 28379 I MicroDetectionState: Should stop hotword detection immediately - false
04-02 22:08:17.976 28336 28379 I MicroDetector: Keeping mic open: false
04-02 22:08:17.976 28336 28379 I RecognitionAudioControl: #shutdownAudio [requestId: 1328448922122471556, keepAudioOpen: false, forced: true]
04-02 22:08:17.976 28336 28379 I RecognitionAudioControl: #internalShutdownAudio [requestId: 1328448922122471556]
04-02 22:08:17.976 28336 21981 E DeviceStateChecker: DeviceStateChecker cancelled
04-02 22:08:17.976 28336 28379 I RecognitionAudioControl: #internalShutdownAudio [keepAudioOpen: false, forced: true]
04-02 22:08:17.976 28336 28379 I RecognitionAudioControl: #actualShutdownAudio
04-02 22:08:17.976 28336 28379 I AudioController: #shutdown [requestId=1328448922122471556]
04-02 22:08:17.977 28336 28374 I AudioController: internalShutdown
04-02 22:08:17.977 28336 28367 I MicroRecognitionRunner: Stopping hotword detection.
04-02 22:08:18.021   788  1479 D audio_hw_primary: disable_audio_route: usecase(9) reset and update mixer path: audio-record
04-02 22:08:18.021   788  1479 D audio_hw_primary: disable_snd_device: snd_device(120: voice-rec-mic)
04-02 22:08:18.023  1012 13178 D APM_AudioPolicyManager: stopInput() input 274262, session 274377
04-02 22:08:18.024   788  1479 D audio_hw_primary: in_set_parameters: enter: kvpairs=routing=0
04-02 22:08:18.025 28336 28374 I MicrophoneInputStream: mic_close  SR : 16000 CC : 16 SO : 1999
04-02 22:08:18.025 28336 28374 E AudioSource: Stop listening is called on already closed AudioSource
04-02 22:08:18.026 28336 21980 I MicroRecognitionRunner: Detection finished
04-02 22:08:18.074 14162 14162 I chatty  : uid=11223(org.mozilla.fennec_aurora) expire 33 lines
04-02 22:08:18.146 14162 14181 I chatty  : uid=11223(org.mozilla.fennec_aurora) expire 4 lines
04-02 22:08:18.166 14162 14189 I chatty  : uid=11223(org.mozilla.fennec_aurora) expire 13 lines
04-02 22:08:18.185 14162 14188 I chatty  : uid=11223(org.mozilla.fennec_aurora) expire 11 lines
04-02 22:08:18.190 14162 14192 I chatty  : uid=11223(org.mozilla.fennec_aurora) expire 19 lines
04-02 22:08:18.296 14162 14201 I chatty  : uid=11223(org.mozilla.fennec_aurora) expire 1 line
04-02 22:08:18.330 14162 14211 I chatty  : uid=11223(org.mozilla.fennec_aurora) expire 9 lines
04-02 22:08:18.351 14162 14167 I chatty  : uid=11223(org.mozilla.fennec_aurora) expire 3 lines
04-02 22:08:18.368  1456  2920 I ActivityManager: START u0 {act=android.intent.action.MAIN cat=[android.intent.category.LAUNCHER] flg=0x10000000 cmp=org.mozilla.fennec_aurora/org.mozilla.fenix.HomeActivity (has extras)} from uid 11223
04-02 22:08:18.385   808   808 D SurfaceFlinger: duplicate layer name: changing Splash Screen org.mozilla.fennec_aurora to Splash Screen org.mozilla.fennec_aurora#1
04-02 22:08:18.439  1456  2236 I ActivityManager: Start proc 14241:org.mozilla.fennec_aurora:tab0/u0a1223 for service org.mozilla.fennec_aurora/org.mozilla.gecko.process.GeckoChildProcessServices$tab0
04-02 22:08:18.580 14241 14241 I chatty  : uid=11223(org.mozilla.fennec_aurora) expire 1 line
04-02 22:08:18.581 14241 14263 I chatty  : uid=11223(org.mozilla.fennec_aurora) expire 1 line
04-02 22:08:18.775 14162 14162 I chatty  : uid=11223(org.mozilla.fennec_aurora) expire 24 lines
04-02 22:08:18.775 14162 14211 I chatty  : uid=11223(org.mozilla.fennec_aurora) expire 1 line
04-02 22:08:18.779 14162 14167 I chatty  : uid=11223(org.mozilla.fennec_aurora) expire 5 lines
04-02 22:08:18.795 14162 14270 I chatty  : uid=11223(org.mozilla.fennec_aurora) expire 9 lines
04-02 22:08:18.815 14162 14192 I chatty  : uid=11223(org.mozilla.fennec_aurora) expire 8 lines
04-02 22:08:19.017  1456  1673 I LaunchCheckinHandler: Displayed org.mozilla.fennec_aurora/org.mozilla.fenix.HomeActivity,wp,ca,612
04-02 22:08:19.018  1456  1673 I ActivityManager: Displayed org.mozilla.fennec_aurora/org.mozilla.fenix.HomeActivity: +599ms (total +1s128ms)
04-02 22:08:19.038 28336 28336 I MemoryTrimmer: Trimming objects from memory, since app is in the background.
04-02 22:08:19.043 28336 28379 E AudioSource: Stop listening is called on already closed AudioSource
04-02 22:08:19.044 28336 28336 I MemoryTrimmer: Trimming objects from memory, since app is in the background.
04-02 22:08:19.045 28336 24398 I PBSessionCacheImpl: Deleted sessionId[124624629806619690] from persistence.
04-02 22:08:19.048  1456  5907 I WifiService: getWifiEnabledState uid=10073
04-02 22:08:19.049 28336 28379 I DEBUG   : OpaToSrpTransitionState#onStateChanged#notNullQuery
04-02 22:08:19.050 28336 28379 I DEBUG   : OpaToSrpTransitionState#onStateChanged#notNullQuery
04-02 22:08:19.051 28336 28379 W SearchServiceCore: Abort, client detached.
04-02 22:08:19.060 14162 14272 I chatty  : uid=11223(org.mozilla.fennec_aurora) expire 2 lines
04-02 22:08:19.187   808   808 I SFPerfTracer:      triggers: (rate: 72:2018759) (compose: 0:7) (post: 0:19) (render: 0:17) (6:10129017 frames) (7:12659616)
04-02 22:08:19.188   808   808 D SFPerfTracer:        layers: (4:12) (NavigationBar#0 (0xb07df000): 0:915710) (StatusBar#0 (0xb07e3000): 0:2164075) (com.android.systemui.ImageWallpaper#0 (0xb07e7000): 0:84393)* (Sprite#0 (0xb0733000): 0:317)* (DimLayerController/Stack=0#0 (0xb075a000): 0:3823)* (Sprite#1 (0xb077c000): 0:195)* (org.mozilla.fennec_aurora/org.mozilla.fenix.HomeActivity#0 (0xb039b000): 0:65)- (com.android.launcher3/com.android.launcher3.CustomizationPanelLauncher#0 (0xb0763000): 0:39)- (com.android.launcher3/com.android.launcher3.CustomizationPanelLauncher#1 (0xb0771000): 0:10)- (Splash Screen org.mozilla.fennec_aurora#0 (0xb039b000): 0:19)- (Splash Screen org.mozilla.fennec_aurora#1 (0xb013a000): 7:29) (org.mozilla.fennec_aurora/org.mozilla.fenix.HomeActivity#0 (0xb039b000): 7:13) 
04-02 22:08:19.224  1456  2920 I ActivityManager: Fully drawn org.mozilla.fennec_aurora/org.mozilla.fenix.HomeActivity: +819ms (total +1s348ms)
04-02 22:08:19.363  1023 14293 D libc    : Internal error: netid(0), id(0xd304), server(0.0.0.0)
04-02 22:08:19.363  1023 14293 D libc    : Internal error: netid(0), id(0xd304), server(0.0.0.0)
04-02 22:08:19.363  1023 14293 D libc    : Internal error: netid(0), id(0x4c09), server(0.0.0.0)
04-02 22:08:19.363  1023 14293 D libc    : Internal error: netid(0), id(0x4c09), server(0.0.0.0)
04-02 22:08:19.380  1023 14303 D libc    : Internal error: netid(0), id(0x2564), server(0.0.0.0)
04-02 22:08:19.381  1023 14303 D libc    : Internal error: netid(0), id(0x2564), server(0.0.0.0)
04-02 22:08:19.382  1023 14303 D libc    : Internal error: netid(0), id(0x3a4a), server(0.0.0.0)
04-02 22:08:19.382  1023 14303 D libc    : Internal error: netid(0), id(0x3a4a), server(0.0.0.0)
04-02 22:08:19.382  1023 14309 D libc    : Internal error: netid(0), id(0xb246), server(0.0.0.0)
04-02 22:08:19.382  1023 14309 D libc    : Internal error: netid(0), id(0xb246), server(0.0.0.0)
04-02 22:08:19.383  1023 14309 D libc    : Internal error: netid(0), id(0xa575), server(0.0.0.0)
04-02 22:08:19.383  1023 14309 D libc    : Internal error: netid(0), id(0xa575), server(0.0.0.0)
04-02 22:08:19.385  1023 14312 D libc    : Internal error: netid(0), id(0x606c), server(0.0.0.0)
04-02 22:08:19.385  1023 14312 D libc    : Internal error: netid(0), id(0x606c), server(0.0.0.0)
04-02 22:08:19.387  1023 14312 D libc    : Internal error: netid(0), id(0x877), server(0.0.0.0)
04-02 22:08:19.387  1023 14312 D libc    : Internal error: netid(0), id(0x877), server(0.0.0.0)
04-02 22:08:19.389  1023 14315 D libc    : Internal error: netid(0), id(0x415), server(0.0.0.0)
04-02 22:08:19.390  1023 14315 D libc    : Internal error: netid(0), id(0x415), server(0.0.0.0)
04-02 22:08:19.390  1023 14315 D libc    : Internal error: netid(0), id(0xfb5a), server(0.0.0.0)
04-02 22:08:19.391  1023 14315 D libc    : Internal error: netid(0), id(0xfb5a), server(0.0.0.0)
04-02 22:08:19.399 14162 14189 I chatty  : uid=11223(org.mozilla.fennec_aurora) expire 1 line
04-02 22:08:19.400 14162 14218 I chatty  : uid=11223(org.mozilla.fennec_aurora) expire 2 lines
04-02 22:08:19.401 14162 14191 I chatty  : uid=11223(org.mozilla.fennec_aurora) expire 1 line
04-02 22:08:19.405 14162 14288 I chatty  : uid=11223(org.mozilla.fennec_aurora) expire 2 lines
04-02 22:08:19.406 14162 14289 I chatty  : uid=11223(org.mozilla.fennec_aurora) expire 2 lines
04-02 22:08:23.522 14366 14366 D AndroidRuntime: >>>>>> START com.android.internal.os.RuntimeInit uid 2000 <<<<<<
04-02 22:08:23.535 14366 14366 W app_process: Could not reserve sentinel fault page
04-02 22:08:23.703 14366 14366 I app_process: The ClassLoaderContext is a special shared library.
04-02 22:08:23.776 14366 14366 D AndroidRuntime: Calling main entry com.android.commands.input.Input
04-02 22:08:23.776 14366 14366 I Input   : injectKeyEvent: KeyEvent { action=ACTION_DOWN, keyCode=KEYCODE_HOME, scanCode=0, metaState=0, flags=0x0, repeatCount=0, eventTime=17955759056, downTime=17955759056, deviceId=-1, source=0x101 }
04-02 22:08:23.786 14366 14366 I Input   : injectKeyEvent: KeyEvent { action=ACTION_UP, keyCode=KEYCODE_HOME, scanCode=0, metaState=0, flags=0x0, repeatCount=0, eventTime=17955759056, downTime=17955759056, deviceId=-1, source=0x101 }
04-02 22:08:23.793  1456  1941 I ActivityManager: START u0 {act=android.intent.action.MAIN cat=[android.intent.category.HOME] flg=0x10200000 cmp=com.android.launcher3/.CustomizationPanelLauncher (has extras)} from uid 1000
04-02 22:08:23.793   794   839 E ANDR-PERF-RESOURCEQS: Failed to apply optimization [4, 0]
04-02 22:08:23.806  1456  1941 I ActivityManager: moveHomeStack, setupComplete:true
04-02 22:08:23.812 28336 28375 I Adreno  : QUALCOMM build                   : bb5b86c, I77d3059488
04-02 22:08:23.812 28336 28375 I Adreno  : Build Date                       : 06/07/18
04-02 22:08:23.812 28336 28375 I Adreno  : OpenGL ES Shader Compiler Version: EV031.22.00.01_06
04-02 22:08:23.812 28336 28375 I Adreno  : Local Branch                     : 
04-02 22:08:23.812 28336 28375 I Adreno  : Remote Branch                    : refs/tags/AU_LINUX_ANDROID_LA.UM.6.5.R1.08.01.00.312.086
04-02 22:08:23.812 28336 28375 I Adreno  : Remote Branch                    : NONE
04-02 22:08:23.812 28336 28375 I Adreno  : Reconstruct Branch               : NOTHING
04-02 22:08:23.816 14366 14366 D AndroidRuntime: Shutting down VM
04-02 22:08:23.817 28336 28375 D vndksupport: Loading /vendor/lib/hw/gralloc.msm8937.so from current namespace instead of sphal namespace.
04-02 22:08:23.821 28336 28375 I Adreno  : PFP: 0x005ff087, ME: 0x005ff063
04-02 22:08:23.824 28336 28375 I zygote  : android::hardware::configstore::V1_0::ISurfaceFlingerConfigs::hasWideColorDisplay retrieved: 0
04-02 22:08:23.825 28336 28375 I OpenGLRenderer: Initialized EGL, version 1.4
04-02 22:08:23.825 28336 28375 D OpenGLRenderer: Swap behavior 2
04-02 22:08:23.829 12689 12689 I Finsky  : [2] ppb.onTrimMemory(1): Memory trim requested to level 80
04-02 22:08:23.830  2748  2748 D Launcher.Utilities: Wakeup weather: Intent { act=com.motorola.launcher3.action.WAKEUP_WEATHER cmp=com.motorola.timeweatherwidget/com.motorola.commandcenter.weather.WakeUpService }
04-02 22:08:23.845  1456  1456 I NotificationService: Cannot find enqueued record for key: 0|com.motorola.timeweatherwidget|1|null|10116
04-02 22:08:23.853   808   808 D SurfaceFlinger: duplicate layer name: changing com.android.launcher3/com.android.launcher3.CustomizationPanelLauncher to com.android.launcher3/com.android.launcher3.CustomizationPanelLauncher#1
04-02 22:08:23.868 28336 28368 W ThreadPoolDumper: Queue length for executor EventBus is now 11. Perhaps some tasks are too long, or the pool is too small.
04-02 22:08:23.869  1456  2920 I WifiService: getWifiEnabledState uid=10073
04-02 22:08:23.881  1456  7570 I WifiService: getWifiEnabledState uid=10073
04-02 22:08:23.889 28336 28379 I DEBUG   : OpaToSrpTransitionState#onStateChanged#notNullQuery
04-02 22:08:23.890 28336 28379 I DEBUG   : OpaToSrpTransitionState#onStateChanged#notNullQuery
04-02 22:08:23.906 28336 28379 I MicroDetectionState: Should stop hotword detection immediately - false
04-02 22:08:23.910 28336 28379 I MicroDetectionWorker: #startMicroDetector [speakerMode: 0]
04-02 22:08:23.911 28336 28379 I AudioController: Created new AudioSource
04-02 22:08:23.951  1456  1673 I LaunchCheckinHandler: Displayed com.android.launcher3/.CustomizationPanelLauncher,wp,wa,158
04-02 22:08:23.952 28336 28367 I MicroDataManager: isInitializedWithLatestParams-true
04-02 22:08:23.952 28336 28367 I MicroDataManager: isInitializing-false locale not changed-true model not changed-true
04-02 22:08:23.952 28336 28367 I MicroDataManager: Already initialized, obtaining the hotword data immediately.
04-02 22:08:23.957 28336 21981 I MicroRecognitionRunner: Starting detection.
04-02 22:08:23.957 28336 21981 I InputStreamUtils: Using micInputStream
04-02 22:08:23.957 28336 24398 I MicrophoneInputStream: mic_starting  SR : 16000 CC : 16 SO : 1999
04-02 22:08:23.960   788  1479 V msm8974_platform: platform_check_input_mask: enter check_input_mask source 6 mask 10
04-02 22:08:23.961  1012 14381 I AudioFlinger: AudioFlinger's thread 0xb2483940 tid=14381 ready to run
04-02 22:08:23.972   788   788 D audio_hw_primary: in_set_parameters: enter: kvpairs=input_source=6;routing=-2147483644
04-02 22:08:23.973  1012 26683 D APM_AudioPolicyManager: AudioPolicyManager::startInput() input 274270, session 274385, source = 1999
04-02 22:08:23.974 28336 24398 I MicrophoneInputStream: mic_started  SR : 16000 CC : 16 SO : 1999
04-02 22:08:23.975   788 14382 V msm8974_platform: platform_update_usecase_from_source: input source :6
04-02 22:08:23.975   788 14382 V msm8974_platform: platform_check_input_mask: enter check_input_mask source 6 mask 10
04-02 22:08:23.975   788 14382 V msm8974_platform: platform_get_input_snd_device: enter: out_device(0) in_device(0x4) channel_count (1) channel_mask (0x10)
04-02 22:08:23.975   788 14382 V msm8974_platform: platform_get_input_snd_device: exit: in_snd_device(voice-rec-mic)
04-02 22:08:23.975   788 14382 V msm8974_platform: platform_get_backend_index:napb: backend port - 5 device - 120 
04-02 22:08:23.975   788 14382 V msm8974_platform: platform_check_and_set_capture_backend_cfg:txbecf: afe: bitwidth 0, samplerate 0, channel 1, backend_idx 5 usecase = 9 device (voice-rec-mic)
