06-18 23:52:17.402 28429 28435 I zygote  : After code cache collection, code=27KB, data=22KB
06-18 23:52:17.402 28429 28435 I zygote  : Increasing code cache capacity to 128KB
06-18 23:52:17.444 28448 28448 I zygote  : Deoptimizing java.lang.Object kotlin.coroutines.CoroutineContext$plus$1.invoke(java.lang.Object, java.lang.Object) due to JIT inline cache
06-18 23:52:17.446 28429 28602 I zygote  : Deoptimizing int atke.a(java.lang.Object, byte[], int, int, int, atgy) due to JIT inline cache
06-18 23:52:17.449 28448 28448 D PhoneWindow: Restoring navigation bar divider color to default value = 0x00000000
06-18 23:52:17.554 28448 28448 I NavController: Ignoring popBackStack to destination org.mozilla.fennec_aurora:id/browserFragment as it was not found on the current back stack
06-18 23:52:17.591  1456  2915 I ActivityManager: Start proc 28617:android.process.media/u0a31 for content provider com.android.providers.downloads/.DownloadProvider
06-18 23:52:17.595 28429 28429 I Finsky  : [2] vyt.handleMessage(7): SCH: DeviceState: DeviceState{currentTime=1592538737582, isCharging=true, isIdle=false, netAny=true, netNotRoaming=true, netUnmetered=true, batteryPercent=100.0}
06-18 23:52:17.613 28429 28511 I Finsky  : [621071] wbh.a(7): SCH: Jobs in database: 1-1337 3-3268 12-1 24-77777777 26-1414141414 29-29 
06-18 23:52:17.639 28617 28617 I zygote  : The ClassLoaderContext is a special shared library.
06-18 23:52:17.646 28429 28429 I Finsky  : [2] vyu.a(16): SCH: Running job: 12-1
06-18 23:52:17.648 28429 28429 I Finsky  : [2] ContentSyncJob.a(16): [ContentSync] job started
06-18 23:52:17.652 28429 28429 I Finsky  : [2] vyt.handleMessage(58): SCH: RunningQueue size: 1, PendingQueue size: 0
06-18 23:52:17.653 28429 28429 I Finsky  : [2] vyt.handleMessage(62): SCH: Running queue: 12-1 
06-18 23:52:17.658 28617 28617 I zygote  : The ClassLoaderContext is a special shared library.
06-18 23:52:17.751 28429 28612 I Finsky  : [621107] nmj.run(2): Installer: Installer starting.
06-18 23:52:17.752 28429 28612 I Finsky  : [621107] nmj.run(4): Installer: Installer started.
06-18 23:52:17.755 28429 28429 I Finsky  : [2] nnj.a(253): Installer: found apps to install. isMultiUserMode=false, apps=[]
06-18 23:52:17.771 28448 28486 D GeckoThread: State changed to PROFILE_READY
06-18 23:52:17.798 28429 28429 I Finsky  : [2] waq.a(3): SCH: Canceling job 3-3268
06-18 23:52:17.833 28448 28448 I FirefoxAccountStateMachine: Enabling/updating sync with a new SyncConfig: SyncConfig(supportedEngines=[mozilla.components.service.fxa.SyncEngine$History@a6af8b4, mozilla.components.service.fxa.SyncEngine$Bookmarks@68aecdd, mozilla.components.service.fxa.SyncEngine$Passwords@d406052, mozilla.components.service.fxa.SyncEngine$Tabs@32e2f23], syncPeriodInMinutes=240)
06-18 23:52:17.833 28429 28637 I Finsky  : [621114] oai.c(27): IQ: Creating job 3269, for (REQ_CHARGING, REQ_DEVICE_IDLE, REQ_GEARHEAD_PROJECTION_OFF, NETWORK=UNMETERED, PROVISIONING_STATE=PROVISIONED)
06-18 23:52:17.836 28448 28448 I BgSyncManager: Periodic syncing enabled at a 240 interval
06-18 23:52:17.836 28448 28448 I FirefoxAccountStateMachine: Sync is enabled
06-18 23:52:17.848 28448 28645 I FirefoxAccountStateMachine: Processing event Event$Init for state Start. Next state is Start
06-18 23:52:17.859 28429 28435 I zygote  : Do partial code cache collection, code=58KB, data=48KB
06-18 23:52:17.862 28429 28435 I zygote  : After code cache collection, code=51KB, data=44KB
06-18 23:52:17.862 28429 28435 I zygote  : Increasing code cache capacity to 256KB
06-18 23:52:17.877 28448 28522 D RustNativeSupport: findMegazordLibraryName(places, 61.0.2
06-18 23:52:17.877 28448 28522 D RustNativeSupport: lib in use: none
06-18 23:52:17.877 28448 28522 D RustNativeSupport: lib configured: megazord
06-18 23:52:17.877 28448 28522 D RustNativeSupport: lib version configured: 61.0.2
06-18 23:52:17.878 28448 28522 D RustNativeSupport: settled on megazord
06-18 23:52:17.886 28448 28522 D places_ffi: places_api_new
06-18 23:52:17.888 28448 28645 I FirefoxAccountStateMachine: Ran 'Event$Init' side-effects for state Start, got successive event Event$AccountNotFound
06-18 23:52:17.888 28448 28645 I FirefoxAccountStateMachine: Processing event Event$AccountNotFound for state Start. Next state is NotAuthenticated
06-18 23:52:17.905 28448 28645 D RustNativeSupport: findMegazordLibraryName(fxaclient, 61.0.2
06-18 23:52:17.905 28448 28645 D RustNativeSupport: lib in use: none
06-18 23:52:17.905 28448 28645 D RustNativeSupport: lib configured: megazord
06-18 23:52:17.905 28448 28645 D RustNativeSupport: lib version configured: 61.0.2
06-18 23:52:17.905 28448 28645 D RustNativeSupport: settled on megazord
06-18 23:52:17.908 28448 28645 D fxaclient_ffi: fxa_new
06-18 23:52:17.911 28448 28486 D GeckoThread: State changed to RUNNING
06-18 23:52:17.931 28429 28429 I Finsky  : [2] xpg.a(21): Connecting InstallListener to SplitInstallService broadcaster...
06-18 23:52:17.931 28448 28486 I Gecko   : -*- nsDNSServiceDiscovery.js : nsDNSServiceDiscovery
06-18 23:52:18.001 28448 28448 W GeckoEventDispatcher: No listener for GeckoView:AccessibilityEnabled
06-18 23:52:18.009 28448 28522 D sql_support::conn_ext: Transaction commited after 42.006254ms
06-18 23:52:18.012 28448 28522 D places_ffi: places_connection_new
06-18 23:52:18.017 28448 28522 D places_ffi: places_connection_new
06-18 23:52:18.048 28448 28522 D places_ffi: bookmarks_get_all_with_url
06-18 23:52:18.086 28448 28458 I zygote  : Background concurrent copying GC freed 12333(1268KB) AllocSpace objects, 9(244KB) LOS objects, 49% free, 4MB/8MB, paused 227us total 107.372ms
06-18 23:52:18.100 28448 28448 D GeckoNetworkManager: Incoming event enableNotifications for state OnNoListeners -> OnWithListeners
06-18 23:52:18.101 28448 28448 D GeckoNetworkManager: New network state: UP, WIFI, WIFI
06-18 23:52:18.102 28448 28650 W LOTTIE  : Animation contains merge paths. Merge paths are only supported on KitKat+ and must be manually enabled by calling enableMergePathsForKitKatAndAbove().
06-18 23:52:18.105 28448 28645 W FirefoxAccountStateMachine: Got invalid event Event$Init for state NotAuthenticated.
06-18 23:52:18.107 28448 28453 I zygote  : Do full code cache collection, code=126KB, data=97KB
06-18 23:52:18.114 28448 28453 I zygote  : After code cache collection, code=93KB, data=56KB
06-18 23:52:18.122 28448 28662 I Gecko   : [GFX1-]: Failed to create EGLContext!: 0x300c
06-18 23:52:18.178 28448 28486 W ResourceType: Too many attribute references, stopped at: 0x01010099
06-18 23:52:18.213  1456  2915 I ActivityManager: Displayed org.mozilla.fennec_aurora/org.mozilla.fenix.HomeActivity: +855ms (total +1s720ms)
06-18 23:52:18.213  1456  2915 I ActivityManager: Fully drawn org.mozilla.fennec_aurora/org.mozilla.fenix.HomeActivity: +855ms (total +1s720ms)
06-18 23:52:18.258 28448 28448 D GeckoNetworkManager: Incoming event receivedUpdate for state OnWithListeners -> OnWithListeners
06-18 23:52:18.259 28448 28448 D GeckoNetworkManager: New network state: UP, WIFI, WIFI
06-18 23:52:18.279 28448 28540 D vndksupport: Loading /vendor/lib/hw/android.hardware.graphics.mapper@2.0-impl.so from current namespace instead of sphal namespace.
06-18 23:52:18.284 28448 28540 D vndksupport: Loading /vendor/lib/hw/gralloc.msm8937.so from current namespace instead of sphal namespace.
06-18 23:52:18.341 28429 28686 I Finsky  : [621119] ehd.a(30): Completed 0 account content syncs with 0 successful.
06-18 23:52:18.343 28429 28429 I Finsky  : [2] ContentSyncJob.a(1): [ContentSync] Installation state replication succeeded.
06-18 23:52:18.343 28429 28429 I Finsky  : [2] wae.a(14): SCH: jobFinished: 12-1. TimeElapsed: 697ms.
06-18 23:52:18.345 28429 28429 I Finsky  : [2] vyu.a(35): SCH: Job 12-1 finished. Not rescheduling.
06-18 23:52:18.345 28448 28448 W LOTTIE  : Animation contains merge paths but they are disabled.
06-18 23:52:18.346 28429 28429 I Finsky  : [2] vyt.handleMessage(58): SCH: RunningQueue size: 0, PendingQueue size: 0
06-18 23:52:18.347 28429 28429 I Finsky  : [2] vyt.handleMessage(65): Waiting on changed job store
06-18 23:52:18.461 28448 28486 W GeckoEventDispatcher: No listener for GeckoView:AccessibilityEnabled
06-18 23:52:18.463 15309 15309 I MemoryTrimmer: Trimming objects from memory, since app is in the background.
06-18 23:52:18.477 15309 15357 E AudioSource: Stop listening is called on already closed AudioSource
06-18 23:52:18.483 15309 15355 E chromium: [ERROR:aw_gl_functor.cc(102)] Received unexpected kModeProcessNoContext
06-18 23:52:18.484 15309  5492 I PBSessionCacheImpl: Deleted sessionId[67331286385453653] from persistence.
06-18 23:52:18.485 15309 15355 E libEGL  : call to OpenGL ES API with no current context (logged once per thread)
06-18 23:52:18.487 15309 15309 I MemoryTrimmer: Trimming objects from memory, since app is in the background.
06-18 23:52:18.493  1456  5031 I WifiService: getWifiEnabledState uid=10073
06-18 23:52:18.501 15309 15357 W SearchServiceCore: Abort, client detached.
06-18 23:52:18.501 15309 15357 I chatty  : uid=10073(com.google.android.googlequicksearchbox) EventBus0 identical 1 line
06-18 23:52:18.507 15309 15357 W SearchServiceCore: Abort, client detached.
06-18 23:52:18.514 28448 28453 I zygote  : Do partial code cache collection, code=123KB, data=90KB
06-18 23:52:18.516 28448 28453 I zygote  : After code cache collection, code=123KB, data=90KB
06-18 23:52:18.516 28448 28453 I zygote  : Increasing code cache capacity to 512KB
06-18 23:52:18.649 28448 28543 D ServiceAllocator: org.mozilla.gecko.process.GeckoChildProcessServices$tab0 updateBindings: FOREGROUND priority, 0 importance, 1 successful binds, 0 failed binds, 0 successful unbinds
06-18 23:52:18.657 28565 28597 D GeckoThread: State changed to MOZGLUE_READY
06-18 23:52:18.664 28448 28543 D ServiceAllocator: org.mozilla.gecko.process.GeckoChildProcessServices$tab0 updateBindings: FOREGROUND priority, 2 importance, 0 successful binds, 0 failed binds, 0 successful unbinds
06-18 23:52:18.666 28565 28597 W Settings: Setting animator_duration_scale has moved from android.provider.Settings.System to android.provider.Settings.Global, returning read-only global URI.
06-18 23:52:18.669 28565 28597 E GeckoLibLoad: Load sqlite start
06-18 23:52:18.671 28565 28597 E GeckoLibLoad: Load sqlite done
06-18 23:52:18.671 28565 28597 E GeckoLibLoad: Load nss start
06-18 23:52:18.671 28565 28597 E GeckoLibLoad: Load nss done
06-18 23:52:18.682 28448 28486 I GeckoSession: zerdatime 25066844755 - chrome startup finished
06-18 23:52:18.689 28565 28597 E GeckoLibLoad: Loaded libs in 17.621303ms total, 10ms(6ms) user, 9ms(10ms) system, 0(0) faults
06-18 23:52:18.689 28565 28597 D GeckoThread: State changed to LIBS_READY
06-18 23:52:18.690 28565 28597 W GeckoThread: zerdatime 25066844763 - runGecko
06-18 23:52:18.724   808   808 I SFPerfTracer:      triggers: (rate: 103:2300090) (compose: 0:8) (post: 0:22) (render: 0:20) (7:13106053 frames) (8:16654123)
06-18 23:52:18.724   808   808 D SFPerfTracer:        layers: (4:13) (NavigationBar#0 (0xb07df000): 0:1268043) (StatusBar#0 (0xb07e3000): 0:3032337) (com.android.systemui.ImageWallpaper#0 (0xb07e7000): 0:117453)* (Sprite#0 (0xb0733000): 0:317)* (DimLayerController/Stack=0#0 (0xb075a000): 0:4039)* (Sprite#1 (0xb077c000): 0:195)* (Sprite#2 (0xb039b000): 0:2)* (org.mozilla.fennec_aurora/org.mozilla.fenix.HomeActivity#0 (0xafe37000): 0:60)- (com.android.launcher3/com.android.launcher3.CustomizationPanelLauncher#0 (0xb0763000): 0:42)- (com.android.launcher3/com.android.launcher3.CustomizationPanelLauncher#1 (0xb0771000): 0:12)- (org.mozilla.fennec_aurora/org.mozilla.fenix.IntentReceiverActivity#0 (0xafd20000): 0:2)- (Splash Screen org.mozilla.fennec_aurora#0 (0xafdf0000): 0:32)- (org.mozilla.fennec_aurora/org.mozilla.fenix.HomeActivity#0 (0xafe37000): 7:23) 
06-18 23:52:18.775 28448 28522 D places_ffi: places_connection_new
06-18 23:52:18.792 28448 28522 D places_ffi: places_note_observation
06-18 23:52:18.839 28448 28522 D sql_support::conn_ext: Transaction commited after 46.927349ms
06-18 23:52:18.843 28448 28503 D places_ffi: places_note_observation
06-18 23:52:18.870 28448 28503 D sql_support::conn_ext: Transaction commited after 26.819221ms
06-18 23:52:18.879 28565 28597 D GeckoThread: State changed to RUNNING
06-18 23:52:18.916 28565 28597 W ResourceType: Too many attribute references, stopped at: 0x01010099
06-18 23:52:18.953 28448 28607 I libglean_ffi: glean_core::upload: Ping 1d87b806-41ba-4af5-a649-3a184a2d526f successfully sent 200.
06-18 23:52:18.954 28448 28607 I libglean_ffi: glean_core::upload::directory: File was deleted /data/user/0/org.mozilla.fennec_aurora/glean_data/pending_pings/1d87b806-41ba-4af5-a649-3a184a2d526f
06-18 23:52:18.955 28448 28486 D GeckoScreenOrientation: unlocking
06-18 23:52:18.958 28448 28607 I libglean_ffi: glean_core::upload: No more pings to upload! You are done.
06-18 23:52:18.960 28448 28474 I WM-WorkerWrapper: Worker result SUCCESS for Work [ id=3a473aaa-93d7-455c-8cf0-069103c66196, tags={ mozilla.telemetry.glean.scheduler.PingUploadWorker, mozac_service_glean_ping_upload_worker } ]
06-18 23:52:18.966  1456  2067 D ConnectivityService: releasing NetworkRequest [ TRACK_DEFAULT id=70221, [ Capabilities: INTERNET&NOT_RESTRICTED&TRUSTED&NOT_VPN] ] (release request)
06-18 23:52:19.016 28565 28565 D GeckoNetworkManager: Incoming event enableNotifications for state OffNoListeners -> OffWithListeners
06-18 23:52:19.018 28565 28565 D GeckoNetworkManager: New network state: UP, WIFI, WIFI
06-18 23:52:19.271 28448 28448 D GeckoSession: handleMessage GeckoView:PageStart uri=about:blank
06-18 23:52:19.284 28448 28486 D GeckoScreenOrientation: unlocking
06-18 23:52:19.306 28448 28448 D GeckoSession: handleMessage GeckoView:LocationChange uri=about:blank
06-18 23:52:19.315 28448 28448 D GeckoSession: handleMessage GeckoView:PageStop uri=null
06-18 23:52:19.326 28448 28448 I SessionStorage/AutoSave: Save: Load finished
06-18 23:52:19.327 28448 28503 D SessionStorage/AutoSave: Delaying save (21ms)
06-18 23:52:19.334 28448 28448 I zygote  : Deoptimizing void kotlin.sequences.FilteringSequence$iterator$1.calcNext() due to JIT inline cache
06-18 23:52:19.343 28448 28448 D GeckoSession: handleMessage GeckoView:ProgressChanged uri=null
06-18 23:52:19.353 28448 28448 D GeckoSession: handleMessage GeckoView:PageStart uri=https://example.com/
06-18 23:52:19.354 28448 28503 D SessionStorage/AutoSave: Saved state to disk [4ms]
06-18 23:52:19.385 28448 28448 D GeckoSession: handleMessage GeckoView:ProgressChanged uri=null
06-18 23:52:19.396 28448 28448 D GeckoSession: handleMessage GeckoView:PageStop uri=null
06-18 23:52:19.396 28448 28448 I SessionStorage/AutoSave: Save: Load finished
06-18 23:52:19.397 28448 28503 D SessionStorage/AutoSave: Delaying save (1929ms)
06-18 23:52:19.414 28448 28448 I zygote  : Deoptimizing void kotlin.coroutines.jvm.internal.ContinuationImpl.<init>(kotlin.coroutines.Continuation) due to JIT inline cache
06-18 23:52:19.418 28448 28448 D GeckoSession: handleMessage GeckoView:SecurityChanged uri=null
06-18 23:52:19.422 28448 28448 D GeckoSession: handleMessage GeckoView:ProgressChanged uri=null
06-18 23:52:19.435 28448 28448 D GeckoSession: handleMessage GeckoView:PageStart uri=https://example.com/
06-18 23:52:19.461 28448 28486 W GeckoEventDispatcher: No listener for GeckoView:PageAction:Update
06-18 23:52:19.494 28448 28448 D WebExtension: handleMessage GeckoView:PageAction:Update
06-18 23:52:19.494 28448 28448 D GeckoSession: handleMessage GeckoView:LocationChange uri=https://example.com/
06-18 23:52:19.505 28448 28448 I zygote  : Deoptimizing kotlin.coroutines.CoroutineContext kotlinx.coroutines.CoroutineContextKt.newCoroutineContext(kotlinx.coroutines.CoroutineScope, kotlin.coroutines.CoroutineContext) due to JIT inline cache
06-18 23:52:19.507 28448 28448 I zygote  : Deoptimizing java.lang.Object kotlin.coroutines.CombinedContext.fold(java.lang.Object, kotlin.jvm.functions.Function2) due to JIT inline cache
06-18 23:52:19.507 28448 28448 I zygote  : Deoptimizing java.lang.Object kotlin.coroutines.CoroutineContext$plus$1.invoke(java.lang.Object, java.lang.Object) due to JIT inline cache
06-18 23:52:19.508 28448 28503 I zygote  : Deoptimizing void kotlinx.coroutines.DispatchedTask.run() due to JIT inline cache
06-18 23:52:19.513 28448 28503 D places_ffi: bookmarks_get_all_with_url
06-18 23:52:19.535 28448 28448 D GeckoSession: handleMessage GeckoView:SecurityChanged uri=null
06-18 23:52:19.562 28448 28448 D App     : Installed browser-icons extension
06-18 23:52:19.565 28448 28448 D mozac-webextensions: Installed extension: mozacWebchannel
06-18 23:52:19.638 28448 28448 I zygote  : Deoptimizing java.lang.Object mozilla.components.support.ktx.kotlinx.coroutines.flow.FlowKt$filterChanged$1.invokeSuspend(java.lang.Object) due to JIT inline cache
06-18 23:52:19.692 28448 28503 D places_ffi: places_note_observation
06-18 23:52:19.698 28448 28448 D GeckoSession: handleMessage GeckoView:ProgressChanged uri=null
06-18 23:52:19.707 28448 28448 D GeckoSession: handleMessage GeckoView:ProgressChanged uri=null
06-18 23:52:19.707 28448 28503 D sql_support::conn_ext: Transaction commited after 13.94323ms
06-18 23:52:19.714 28448 28448 D GeckoSession: handleMessage GeckoView:PageStop uri=null
06-18 23:52:19.715 28448 28448 I SessionStorage/AutoSave: Save: Load finished
06-18 23:52:19.715 28448 28448 D SessionStorage/AutoSave: Skipping save, other job already in flight
06-18 23:52:19.787 28448 28448 D WebExtension: handleMessage GeckoView:WebExtension:Message
06-18 23:52:19.804 28448 28448 D WebExtension: handleMessage GeckoView:WebExtension:Connect
06-18 23:52:19.850 28448 28761 D BrowserIcons: Loaded icon (source = GENERATOR): https://example.com/
06-18 23:52:19.851 28448 28761 I zygote  : Deoptimizing void kotlin.coroutines.jvm.internal.BaseContinuationImpl.resumeWith(java.lang.Object) due to JIT inline cache
06-18 23:52:19.908 28448 28453 I zygote  : Do full code cache collection, code=251KB, data=154KB
06-18 23:52:19.911 28448 28453 I zygote  : After code cache collection, code=145KB, data=82KB
06-18 23:52:19.951 28448 28503 D places_ffi: places_get_visited
06-18 23:52:19.972 28448 28763 D ThumbnailStorage: Saved thumbnail to disk (sessionIdOrUrl = 999dcf4c-d9b2-4a85-999f-f129245a21bd, generationId = 58)
06-18 23:52:20.075 28448 28448 D mozac-webextensions: Installed extension: mozacReaderview
06-18 23:52:20.091 28448 28448 D mozac-webcompat-reporter: Installed WebCompat Reporter webextension: webcompat-reporter@mozilla.org
06-18 23:52:20.104 28448 28448 D mozac-webcompat: Installed WebCompat webextension: webcompat@mozilla.org
06-18 23:52:20.282 28448 28481 I zygote  : Deoptimizing kotlinx.coroutines.internal.LockFreeLinkedListNode kotlinx.coroutines.internal.LockFreeLinkedListNode.correctPrev(kotlinx.coroutines.internal.OpDescriptor) due to JIT same target
06-18 23:52:20.286 28448 28448 I zygote  : Deoptimizing java.lang.Object kotlinx.coroutines.JobSupport.tryMakeCompleting(java.lang.Object, java.lang.Object) due to JIT same target
06-18 23:52:20.290 28448 28448 I DefaultSupportedAddonsChecker: Register check for new supported add-ons
06-18 23:52:20.348 28448 28503 I SupportedAddonsWorker: Trying to check for new supported add-ons
06-18 23:52:20.461 28448 28448 D GeckoSession: handleMessage GeckoView:StateUpdated uri=null
06-18 23:52:20.461 28448 28448 W GeckoSession: No history entries found.
06-18 23:52:20.466 28448 28448 I zygote  : Deoptimizing void kotlin.coroutines.jvm.internal.BaseContinuationImpl.resumeWith(java.lang.Object) due to JIT inline cache
06-18 23:52:20.469 28448 28476 I WM-WorkerWrapper: Worker result SUCCESS for Work [ id=27ac5fc2-8d3e-4eec-a3cb-a3a2e19a4297, tags={ mozilla.components.feature.addons.migration.DefaultSupportedAddonsChecker.periodicWork, mozilla.components.feature.addons.migration.SupportedAddonsWorker } ]
06-18 23:52:21.138  2398  2398 D QtiCarrierConfigHelper: WARNING, no carrier configs on phone Id: 0
06-18 23:52:21.338 28448 28503 D SessionStorage/AutoSave: Saved state to disk [9ms]
06-18 23:52:21.488 28429 28446 I zygote  : Waiting for a blocking GC ProfileSaver
06-18 23:52:21.554 28429 28446 I zygote  : WaitForGcToComplete blocked ProfileSaver on HeapTrim for 66.186ms
06-18 23:52:22.141 28764 28764 D AndroidRuntime: >>>>>> START com.android.internal.os.RuntimeInit uid 2000 <<<<<<
06-18 23:52:22.154 28764 28764 W app_process: Could not reserve sentinel fault page
06-18 23:52:22.320 28764 28764 I app_process: The ClassLoaderContext is a special shared library.
06-18 23:52:22.390 28764 28764 D AndroidRuntime: Calling main entry com.android.commands.input.Input
06-18 23:52:22.391 28764 28764 I Input   : injectKeyEvent: KeyEvent { action=ACTION_DOWN, keyCode=KEYCODE_HOME, scanCode=0, metaState=0, flags=0x0, repeatCount=0, eventTime=24611419000, downTime=24611419000, deviceId=-1, source=0x101 }
06-18 23:52:22.397 28764 28764 I Input   : injectKeyEvent: KeyEvent { action=ACTION_UP, keyCode=KEYCODE_HOME, scanCode=0, metaState=0, flags=0x0, repeatCount=0, eventTime=24611419000, downTime=24611419000, deviceId=-1, source=0x101 }
06-18 23:52:22.403  1456  1941 I ActivityManager: START u0 {act=android.intent.action.MAIN cat=[android.intent.category.HOME] flg=0x10200000 cmp=com.android.launcher3/.CustomizationPanelLauncher (has extras)} from uid 1000
06-18 23:52:22.404   794   839 E ANDR-PERF-RESOURCEQS: Failed to apply optimization [4, 0]
06-18 23:52:22.411 28764 28764 D AndroidRuntime: Shutting down VM
06-18 23:52:22.422  1456  5031 I ActivityManager: moveHomeStack, setupComplete:true
06-18 23:52:22.441 15309 15355 I OpenGLRenderer: Initialized EGL, version 1.4
06-18 23:52:22.442 15309 15355 D OpenGLRenderer: Swap behavior 2
06-18 23:52:22.451  2748  2748 D Launcher.Utilities: Wakeup weather: Intent { act=com.motorola.launcher3.action.WAKEUP_WEATHER cmp=com.motorola.timeweatherwidget/com.motorola.commandcenter.weather.WakeUpService }
06-18 23:52:22.458   808   808 D SurfaceFlinger: duplicate layer name: changing com.android.launcher3/com.android.launcher3.CustomizationPanelLauncher to com.android.launcher3/com.android.launcher3.CustomizationPanelLauncher#1
06-18 23:52:22.462  1456  1456 I NotificationService: Cannot find enqueued record for key: 0|com.motorola.timeweatherwidget|1|null|10116
06-18 23:52:22.485 15309 15333 W ThreadPoolDumper: Queue length for executor EventBus is now 11. Perhaps some tasks are too long, or the pool is too small.
06-18 23:52:22.487  1456  5031 I WifiService: getWifiEnabledState uid=10073
06-18 23:52:22.492  1456  5031 I WifiService: getWifiEnabledState uid=10073
06-18 23:52:22.559  1456  1673 I LaunchCheckinHandler: Displayed com.android.launcher3/.CustomizationPanelLauncher,wp,wa,156
06-18 23:52:22.562 28448 28543 D ServiceAllocator: org.mozilla.gecko.process.GeckoChildProcessServices$tab0 updateBindings: IDLE priority, 6 importance, 0 successful binds, 0 failed binds, 2 successful unbinds
06-18 23:52:22.566 15309 15357 I MicroDetectionState: Should stop hotword detection immediately - false
06-18 23:52:22.568 15309 15343 E MDD     : DownloadProgressMonitor: Can't find file group for uri: android://com.google.android.googlequicksearchbox/files/sharedminusonemodule/shared/SharedMinusOneData.pb.tmp
06-18 23:52:22.573 15309 15357 I MicroDetectionWorker: #startMicroDetector [speakerMode: 0]
06-18 23:52:22.574 15309 15357 I AudioController: Created new AudioSource
06-18 23:52:22.576 15309 15352 I MicroDataManager: isInitializing-false locale not changed-true model not changed-true
06-18 23:52:22.577 15309 15352 I MicroDataManager: Already initialized, obtaining the hotword data immediately.
06-18 23:52:22.593 15309  5606 I MicroRecognitionRunner: Starting detection.
06-18 23:52:22.594 15309  5606 I InputStreamUtils: Using micInputStream
06-18 23:52:22.597 15309  5492 I MicrophoneInputStream: mic_starting  SR : 16000 CC : 16 SO : 1999
06-18 23:52:22.602   788   788 V msm8974_platform: platform_check_input_mask: enter check_input_mask source 6 mask 10
06-18 23:52:22.607  1012 28780 I AudioFlinger: AudioFlinger's thread 0xb2483a80 tid=28780 ready to run
06-18 23:52:22.613 28448 28448 D GeckoSession: handleMessage GeckoView:StateUpdated uri=null
06-18 23:52:22.617   788   788 D audio_hw_primary: in_set_parameters: enter: kvpairs=input_source=6;routing=-2147483644
06-18 23:52:22.619  1012  1301 D APM_AudioPolicyManager: AudioPolicyManager::startInput() input 402934, session 403177, source = 1999
06-18 23:52:22.620 15309  5492 I MicrophoneInputStream: mic_started  SR : 16000 CC : 16 SO : 1999
06-18 23:52:22.621   788 28781 V msm8974_platform: platform_update_usecase_from_source: input source :6
06-18 23:52:22.622   788 28781 V msm8974_platform: platform_check_input_mask: enter check_input_mask source 6 mask 10
06-18 23:52:22.622   788 28781 V msm8974_platform: platform_get_input_snd_device: enter: out_device(0) in_device(0x4) channel_count (1) channel_mask (0x10)
06-18 23:52:22.622   788 28781 V msm8974_platform: platform_get_input_snd_device: exit: in_snd_device(voice-rec-mic)
06-18 23:52:22.622   788 28781 V msm8974_platform: platform_get_backend_index:napb: backend port - 5 device - 120 
06-18 23:52:22.622   788 28781 V msm8974_platform: platform_check_and_set_capture_backend_cfg:txbecf: afe: bitwidth 0, samplerate 0, channel 1, backend_idx 5 usecase = 9 device (voice-rec-mic)
06-18 23:52:22.622   788 28781 V msm8974_platform: platform_check_capture_backend_cfg:txbecf: afe: Codec selected backend: 5 current bit width: 0 and sample rate: 0, channels 1
06-18 23:52:22.622   788 28781 V msm8974_platform: platform_check_capture_backend_cfg:txbecf: afe: Codec selected backend: 5 updated bit width: 0 and sample rate: 0
06-18 23:52:22.622   788 28781 I msm8974_platform: platform_check_capture_backend_cfg:txbecf: afe: Codec backend needs to be updated. new bit width: 0 new sample rate: 0 new channel: 1
06-18 23:52:22.622   788 28781 V msm8974_platform: platform_get_backend_index:napb: backend port - 5 device - 120 
06-18 23:52:22.622   788 28781 V msm8974_platform: platform_set_backend_cfg:becf: afe: bitwidth 0, samplerate 0 channels 1, backend_idx 5 device (voice-rec-mic)
06-18 23:52:22.622   788 28781 E msm8974_platform: platform_set_backend_cfg:becf: afe: Could not get ctl for mixer command - SLIM_0_TX Format
06-18 23:52:22.622   788 28781 V msm8974_platform: platform_send_audio_calibration: sending audio calibration for snd_device(120) acdb_id(62)
06-18 23:52:22.622   788 28781 D ACDB-LOADER: ACDB -> send_audio_cal, acdb_id = 62, path = 1, app id = 0x11130, sample rate = 48000
06-18 23:52:22.623   788 28781 D ACDB-LOADER: ACDB -> send_asm_topology
06-18 23:52:22.623   788 28781 D ACDB-LOADER: ACDB -> ACDB_CMD_GET_AUDPROC_STREAM_TOPOLOGY_ID
06-18 23:52:22.623   788 28781 D ACDB-LOADER: ACDB -> send_adm_topology
06-18 23:52:22.623   788 28781 D ACDB-LOADER: ACDB -> ACDB_CMD_GET_AUDPROC_COMMON_TOPOLOGY_ID
06-18 23:52:22.623   788 28781 D ACDB-LOADER: ACDB -> send_audtable
06-18 23:52:22.623   788 28781 D ACDB-LOADER: ACDB -> ACDB_CMD_GET_AUDPROC_COMMON_TABLE_SIZE
06-18 23:52:22.623   788 28781 D ACDB-LOADER: ACDB -> ACDB_CMD_GET_AUDPROC_COMMON_TABLE
06-18 23:52:22.623   788 28781 D ACDB-LOADER: ACDB -> AUDIO_SET_AUDPROC_CAL
06-18 23:52:22.623   788 28781 D ACDB-LOADER: ACDB -> send_audvoltable
06-18 23:52:22.623   788 28781 D ACDB-LOADER: ACDB -> ACDB_CMD_GET_AUDPROC_VOL_STEP_TABLE_SIZE
06-18 23:52:22.623   788 28781 D ACDB-LOADER: ACDB -> ACDB_CMD_GET_AUDPROC_GAIN_DEP_STEP_TABLE, vol index 0
06-18 23:52:22.623   788 28781 D         : Failed to fetch the lookup information of the device 0000003E 
06-18 23:52:22.623   788 28781 D ACDB-LOADER: ACDB -> AUDIO_SET_VOL_CAL cal type = 12
06-18 23:52:22.623   788 28781 D ACDB-LOADER: ACDB -> ACDB_CMD_GET_AUDPROC_STREAM_TABLE_SIZE
06-18 23:52:22.623   788 28781 D ACDB-LOADER: ACDB -> send_audstrmtable
06-18 23:52:22.623   788 28781 D ACDB-LOADER: ACDB -> ACDB_CMD_GET_AUDPROC_STREAM_TABLE_V2
06-18 23:52:22.623   788 28781 D ACDB-LOADER: ACDB -> audstrm_cal->cal_type.cal_data.cal_size = 456
06-18 23:52:22.623   788 28781 D ACDB-LOADER: ACDB -> send_afe_topology
06-18 23:52:22.623   788 28781 D ACDB-LOADER: ACDB -> ACDB_CMD_GET_AFE_TOPOLOGY_ID
06-18 23:52:22.623   788 28781 D ACDB-LOADER: ACDB -> GET_AFE_TOPOLOGY_ID for adcd_id 62, Topology Id 112fb
06-18 23:52:22.623   788 28781 D ACDB-LOADER: ACDB -> send_afe_cal
06-18 23:52:22.624   788 28781 D ACDB-LOADER: ACDB -> ACDB_CMD_GET_AFE_COMMON_TABLE_SIZE
06-18 23:52:22.624   788 28781 D         : Failed to fetch the lookup information of the device 0000003E 
06-18 23:52:22.624   788 28781 E ACDB-LOADER: Error: ACDB_CMD_GET_AFE_COMMON_TABLE_SIZE Returned = -19
06-18 23:52:22.624   788 28781 D ACDB-LOADER: ACDB -> ACDB_CMD_GET_AFE_COMMON_TABLE
06-18 23:52:22.624   788 28781 D         : Failed to fetch the lookup information of the device 0000003E 
06-18 23:52:22.624   788 28781 D ACDB-LOADER: ACDB -> AUDIO_SET_AFE_CAL
06-18 23:52:22.624   788 28781 D ACDB-LOADER: ACDB -> send_hw_delay : acdb_id = 62 path = 1
06-18 23:52:22.624   788 28781 D ACDB-LOADER: ACDB -> ACDB_AVSYNC_INFO: ACDB_CMD_GET_DEVICE_PROPERTY
06-18 23:52:22.624   788 28781 D audio_hw_primary: enable_snd_device: snd_device(120: voice-rec-mic)
06-18 23:52:22.624   788 28781 D audio_route: Apply path: voice-rec-mic
06-18 23:52:22.627   788 28781 V msm8974_platform: platform_get_snd_device_backend_index: enter with device 120
06-18 23:52:22.627   788 28781 E msm8974_platform: platform_get_snd_device_backend_index: BE DAI Name Table is not present
06-18 23:52:22.627   788 28781 V msm8974_platform: platform_get_backend_index:napb: backend port - 5 device - 120 
06-18 23:52:22.627   788 28781 I audio_hw_utils: Set Audio Stream Capture 0 App Type Cfg: app_type 69936, acdb_dev_id 62, sample_rate 48000, snd_device_be_idx -14
06-18 23:52:22.628   788 28781 D audio_hw_primary: enable_audio_route: usecase(9) apply and update mixer path: audio-record
06-18 23:52:22.628   788 28781 D audio_route: Apply path: audio-record
06-18 23:52:22.677  2146  2165 I zygote  : NativeAlloc concurrent copying GC freed 20157(1068KB) AllocSpace objects, 0(0B) LOS objects, 49% free, 6MB/13MB, paused 115us total 103.708ms
06-18 23:52:22.699 15309 15357 I MicroDetectionWorker: onReady
06-18 23:52:22.793 28448 28481 I libglean_ffi: glean_core::ping: Collecting startup-timeline
06-18 23:52:22.797 28448 28481 D libglean_ffi: glean_core::ping: Storing ping 'aa77c550-a2b1-43ad-96be-b3bb1472eebb' at '/data/user/0/org.mozilla.fennec_aurora/glean_data/pending_pings/aa77c550-a2b1-43ad-96be-b3bb1472eebb'
06-18 23:52:22.799 28448 28481 I libglean_ffi: glean_core: The ping 'startup-timeline' was submitted and will be sent as soon as possible
06-18 23:52:22.821 28448 28448 I zygote  : Deoptimizing void kotlinx.coroutines.internal.LockFreeLinkedListNode.finishAdd(kotlinx.coroutines.internal.LockFreeLinkedListNode) due to JIT inline cache
06-18 23:52:22.823 28448 28448 D SessionManager: onTrimMemory(80): clearThumbnails=true, closeEngineSessions=true
06-18 23:52:22.823 15309 15309 I BgTaskExecutorImpl: Starting EXCLUSIVE background task TNG_MINUS_ONE_SYNC.
06-18 23:52:22.825  1456  6339 D ConnectivityService: requestNetwork for uid/pid:11424/28448 NetworkRequest [ TRACK_DEFAULT id=70223, [ Capabilities: INTERNET&NOT_RESTRICTED&TRUSTED&NOT_VPN] ]
06-18 23:52:22.825  1456  2099 D Ethernet: got request NetworkRequest [ TRACK_DEFAULT id=70223, [ Capabilities: INTERNET&NOT_RESTRICTED&TRUSTED&NOT_VPN] ] with score 60
06-18 23:52:22.826  1456  2054 D WIFI_UT : got request NetworkRequest [ TRACK_DEFAULT id=70223, [ Capabilities: INTERNET&NOT_RESTRICTED&TRUSTED&NOT_VPN] ] with score 60
06-18 23:52:22.826  1456  2054 D WIFI    : got request NetworkRequest [ TRACK_DEFAULT id=70223, [ Capabilities: INTERNET&NOT_RESTRICTED&TRUSTED&NOT_VPN] ] with score 60
06-18 23:52:22.827  2398  2398 D PhoneSwitcherNetworkRequstListener: got request NetworkRequest [ TRACK_DEFAULT id=70223, [ Capabilities: INTERNET&NOT_RESTRICTED&TRUSTED&NOT_VPN] ] with score 60
06-18 23:52:22.827 15309 15357 I TngMinusOneSync: Syncing TNG:-1
06-18 23:52:22.829 28448 28448 D SessionManager: Cleared 3 thumbnail(s) and unlinked 0 engine sessions(s)
06-18 23:52:22.856 28448 28783 I libglean_ffi: glean_core::upload: New upload task with id aa77c550-a2b1-43ad-96be-b3bb1472eebb (path: /submit/org-mozilla-fennec-aurora/startup-timeline/1/aa77c550-a2b1-43ad-96be-b3bb1472eebb)
06-18 23:52:22.858 28448 28783 D glean/ConceptFetchHttpUploader: Submitting ping to: https://incoming.telemetry.mozilla.org/submit/org-mozilla-fennec-aurora/startup-timeline/1/aa77c550-a2b1-43ad-96be-b3bb1472eebb
06-18 23:52:22.874 28429 28511 I Finsky  : [621071] wbh.a(7): SCH: Jobs in database: 1-1337 3-3269 24-77777777 26-1414141414 29-29 
06-18 23:52:22.875 28429 28511 I zygote  : Deoptimizing void j$.util.Iterator$$CC.forEachRemaining$$dflt$$(java.util.Iterator, j$.util.function.Consumer) due to JIT inline cache
06-18 23:52:22.885 28429 28435 I zygote  : Do full code cache collection, code=104KB, data=72KB
06-18 23:52:22.887 28429 28435 I zygote  : After code cache collection, code=88KB, data=52KB
06-18 23:52:22.891 28429 28429 I Finsky  : [2] vyt.handleMessage(58): SCH: RunningQueue size: 0, PendingQueue size: 0
06-18 23:52:22.892 28429 28429 I Finsky  : [2] vyt.handleMessage(24): Executor finished
06-18 23:52:22.900 28429 28511 I zygote  : Deoptimizing void arsp.a(arsp) due to JIT inline cache
06-18 23:52:22.901 28429 28429 I Finsky  : [2] wbh.a(7): SCH: Jobs in database: 1-1337 3-3269 24-77777777 26-1414141414 29-29 
06-18 23:52:22.923 28429 28429 I Finsky  : [2] vxc.a(58): SCH: ConstraintMapping: 24-77777777,  -> L: 0ms, D: 6021703ms, C: false, I: true, N: 0
06-18 23:52:22.923 28429 28429 I Finsky  : [2] vxc.a(58): SCH: ConstraintMapping: 1-1337,  -> L: 9515438ms, D: 52715438ms, C: false, I: false, N: 1
06-18 23:52:22.924 28429 28429 I Finsky  : [2] vxc.a(58): SCH: ConstraintMapping: 3-3269,  -> L: 0ms, D: 86394937ms, C: true, I: true, N: 2
06-18 23:52:22.925 28429 28429 I Finsky  : [2] vxc.a(58): SCH: ConstraintMapping: 26-1414141414, 29-29,  -> L: 24002ms, D: 54002ms, C: false, I: false, N: 0
06-18 23:52:22.930 28429 28429 I Finsky  : [2] vzr.a(36): Cancelling existing jobscheduler jobs: 9007 9003 9001 
06-18 23:52:22.930 28429 28429 I Finsky  : [2] vzr.a(12): Throttling wakeup for job 9000 (expected to run in 0 ms) due to recent wakeup
06-18 23:52:22.931 28429 28429 I Finsky  : [2] vzr.a(29): Scheduling job Id: 9000, L: 30000, D: 6021703, C: false, I: true, N: 0
06-18 23:52:22.933 28429 28429 I Finsky  : [2] vzr.a(29): Scheduling job Id: 9004, L: 9515438, D: 52715438, C: false, I: false, N: 1
06-18 23:52:22.934 28429 28429 I Finsky  : [2] vzr.a(12): Throttling wakeup for job 9005 (expected to run in 0 ms) due to recent wakeup
06-18 23:52:22.934 28429 28429 I Finsky  : [2] vzr.a(29): Scheduling job Id: 9005, L: 30000, D: 86394937, C: true, I: true, N: 2
06-18 23:52:22.935 28429 28429 I Finsky  : [2] vzr.a(12): Throttling wakeup for job 9006 (expected to run in 24002 ms) due to recent wakeup
06-18 23:52:22.936 28429 28429 I Finsky  : [2] vzr.a(29): Scheduling job Id: 9006, L: 30000, D: 54002, C: false, I: false, N: 0
06-18 23:52:22.937 28429 28429 I Finsky  : [2] qyi.onTrimMemory(1): Memory trim requested to level 80
06-18 23:52:22.965  1456  7796 I OpenGLRenderer: Initialized EGL, version 1.4
06-18 23:52:22.965  1456  7796 D OpenGLRenderer: Swap behavior 2
06-18 23:52:23.000  2748  2917 W OpenGLRenderer: Incorrectly called buildLayer on View: ShortcutAndWidgetContainer, destroying layer...
06-18 23:52:23.051 28448 28783 I libglean_ffi: glean_core::upload: Ping aa77c550-a2b1-43ad-96be-b3bb1472eebb successfully sent 200.
06-18 23:52:23.051 28448 28783 I libglean_ffi: glean_core::upload::directory: File was deleted /data/user/0/org.mozilla.fennec_aurora/glean_data/pending_pings/aa77c550-a2b1-43ad-96be-b3bb1472eebb
06-18 23:52:23.055 28448 28783 I libglean_ffi: glean_core::upload: No more pings to upload! You are done.
06-18 23:52:23.057 28448 28583 I WM-WorkerWrapper: Worker result SUCCESS for Work [ id=a868af39-2f5c-4f2a-9033-5d7971931923, tags={ mozilla.telemetry.glean.scheduler.PingUploadWorker, mozac_service_glean_ping_upload_worker } ]
06-18 23:52:23.060  1456  2067 D ConnectivityService: releasing NetworkRequest [ TRACK_DEFAULT id=70223, [ Capabilities: INTERNET&NOT_RESTRICTED&TRUSTED&NOT_VPN] ] (release request)
06-18 23:52:23.109 28448 28448 D GeckoRuntime: Lifecycle: onPause
06-18 23:52:23.110 28448 28448 D GeckoNetworkManager: Incoming event stop for state OnWithListeners -> OffWithListeners
06-18 23:52:23.111 28448 28448 I SessionStorage/AutoSave: Save: Background
06-18 23:52:23.116 28448 28481 I libglean_ffi: glean_core::ping: Collecting baseline
06-18 23:52:23.121 28448 28503 D SessionStorage/AutoSave: Saved state to disk [9ms]
06-18 23:52:23.122 28448 28481 D libglean_ffi: glean_core::ping: Storing ping '47518cc5-f867-44e7-8e1a-78c3ec3becbf' at '/data/user/0/org.mozilla.fennec_aurora/glean_data/pending_pings/47518cc5-f867-44e7-8e1a-78c3ec3becbf'
06-18 23:52:23.124 28448 28481 I libglean_ffi: glean_core: The ping 'baseline' was submitted and will be sent as soon as possible
06-18 23:52:23.125 28448 28481 I libglean_ffi: glean_core::ping: Collecting events
06-18 23:52:23.129 28448 28481 D libglean_ffi: glean_core::ping: Storing ping 'a8692a74-2d25-4641-be75-3381821bf87a' at '/data/user/0/org.mozilla.fennec_aurora/glean_data/pending_pings/a8692a74-2d25-4641-be75-3381821bf87a'
06-18 23:52:23.130 28448 28481 I libglean_ffi: glean_core: The ping 'events' was submitted and will be sent as soon as possible
06-18 23:52:23.151  1456  5031 D ConnectivityService: requestNetwork for uid/pid:11424/28448 NetworkRequest [ TRACK_DEFAULT id=70224, [ Capabilities: INTERNET&NOT_RESTRICTED&TRUSTED&NOT_VPN] ]
06-18 23:52:23.152  1456  2099 D Ethernet: got request NetworkRequest [ TRACK_DEFAULT id=70224, [ Capabilities: INTERNET&NOT_RESTRICTED&TRUSTED&NOT_VPN] ] with score 60
06-18 23:52:23.152  2398  2398 D PhoneSwitcherNetworkRequstListener: got request NetworkRequest [ TRACK_DEFAULT id=70224, [ Capabilities: INTERNET&NOT_RESTRICTED&TRUSTED&NOT_VPN] ] with score 60
06-18 23:52:23.153  1456  2054 D WIFI_UT : got request NetworkRequest [ TRACK_DEFAULT id=70224, [ Capabilities: INTERNET&NOT_RESTRICTED&TRUSTED&NOT_VPN] ] with score 60
06-18 23:52:23.153  1456  2054 D WIFI    : got request NetworkRequest [ TRACK_DEFAULT id=70224, [ Capabilities: INTERNET&NOT_RESTRICTED&TRUSTED&NOT_VPN] ] with score 60
06-18 23:52:23.162 28448 28785 I libglean_ffi: glean_core::upload: New upload task with id 47518cc5-f867-44e7-8e1a-78c3ec3becbf (path: /submit/org-mozilla-fennec-aurora/baseline/1/47518cc5-f867-44e7-8e1a-78c3ec3becbf)
06-18 23:52:23.164 28448 28785 D glean/ConceptFetchHttpUploader: Submitting ping to: https://incoming.telemetry.mozilla.org/submit/org-mozilla-fennec-aurora/baseline/1/47518cc5-f867-44e7-8e1a-78c3ec3becbf
06-18 23:52:23.212   808   898 I SFPerfTracer:      triggers: (rate: 0:10) (0 sw vsyncs) (0 skipped) (41:8516189 vsyncs) (43:16801366)
06-18 23:52:23.213 28448 28448 I glean/Glean: Registering pings for org.mozilla.fenix.GleanMetrics.Pings
06-18 23:52:23.322 28448 28448 D App     : ActivationPing - already generated
06-18 23:52:23.324 28448 28503 I FenixApplication: Running post-visual completeness tasks...
06-18 23:52:23.325 28448 28503 I FenixApplication: Storage initialization...
06-18 23:52:23.325 28448 28503 I PlacesHistoryStorage: Warming up places storage...
06-18 23:52:23.325 28448 28503 I PlacesHistoryStorage: 'Warming up places storage' took 0 ms
06-18 23:52:23.325 28448 28448 I FenixApplication: Kicking-off account manager...
06-18 23:52:23.325 28448 28503 I PlacesBookmarksStorage: Warming up places storage...
06-18 23:52:23.325 28448 28448 I FenixApplication: 'Kicking-off account manager' took 0 ms
06-18 23:52:23.325 28448 28503 I PlacesBookmarksStorage: 'Warming up places storage' took 0 ms
06-18 23:52:23.348 28448 28503 I zygote  : Deoptimizing kotlin.coroutines.CoroutineContext kotlin.coroutines.CombinedContext.plus(kotlin.coroutines.CoroutineContext) due to JIT inline cache
06-18 23:52:23.349 28448 28503 I SyncableLoginsStorage: Warming up storage...
06-18 23:52:23.353  5625  5654 I PeriodicStatsRunner: PeriodicStatsRunner.call():180 call()
06-18 23:52:23.353  5625  5654 I PeriodicStatsRunner: PeriodicStatsRunner.call():184 No submit PeriodicStats since input started.
06-18 23:52:23.356 28448 28503 D RustNativeSupport: findMegazordLibraryName(logins, 61.0.2
06-18 23:52:23.356 28448 28503 D RustNativeSupport: lib in use: none
06-18 23:52:23.356 28448 28503 D RustNativeSupport: lib configured: megazord
06-18 23:52:23.356 28448 28503 D RustNativeSupport: lib version configured: 61.0.2
06-18 23:52:23.356 28448 28503 D RustNativeSupport: settled on megazord
06-18 23:52:23.358 28448 28503 D logins_ffi: sync15_passwords_state_new
06-18 23:52:23.527 28448 28785 I libglean_ffi: glean_core::upload: Ping 47518cc5-f867-44e7-8e1a-78c3ec3becbf successfully sent 200.
06-18 23:52:23.527 28448 28785 I libglean_ffi: glean_core::upload::directory: File was deleted /data/user/0/org.mozilla.fennec_aurora/glean_data/pending_pings/47518cc5-f867-44e7-8e1a-78c3ec3becbf
06-18 23:52:23.530 28448 28785 I libglean_ffi: glean_core::upload: New upload task with id a8692a74-2d25-4641-be75-3381821bf87a (path: /submit/org-mozilla-fennec-aurora/events/1/a8692a74-2d25-4641-be75-3381821bf87a)
06-18 23:52:23.532 28448 28785 D glean/ConceptFetchHttpUploader: Submitting ping to: https://incoming.telemetry.mozilla.org/submit/org-mozilla-fennec-aurora/events/1/a8692a74-2d25-4641-be75-3381821bf87a
06-18 23:52:23.693 28448 28785 I libglean_ffi: glean_core::upload: Ping a8692a74-2d25-4641-be75-3381821bf87a successfully sent 200.
06-18 23:52:23.693 28448 28785 I libglean_ffi: glean_core::upload::directory: File was deleted /data/user/0/org.mozilla.fennec_aurora/glean_data/pending_pings/a8692a74-2d25-4641-be75-3381821bf87a
06-18 23:52:23.696 28448 28785 I libglean_ffi: glean_core::upload: No more pings to upload! You are done.
06-18 23:52:23.698 28448 28583 I WM-WorkerWrapper: Worker result SUCCESS for Work [ id=10af8030-7eb2-4a69-88c2-383530c352c3, tags={ mozilla.telemetry.glean.scheduler.PingUploadWorker, mozac_service_glean_ping_upload_worker } ]
06-18 23:52:23.701  1456  2067 D ConnectivityService: releasing NetworkRequest [ TRACK_DEFAULT id=70224, [ Capabilities: INTERNET&NOT_RESTRICTED&TRUSTED&NOT_VPN] ] (release request)
06-18 23:52:23.968 28448 28503 I SyncableLoginsStorage: 'Warming up storage' took 619 ms
06-18 23:52:23.968 28448 28503 I FenixApplication: 'Storage initialization' took 643 ms
06-18 23:52:26.652 28448 28448 D SessionManager: onTrimMemory(80): clearThumbnails=true, closeEngineSessions=true
06-18 23:52:26.661 28448 28448 D SessionManager: Cleared 3 thumbnail(s) and unlinked 0 engine sessions(s)
06-18 23:52:26.763 25632 27274 I Icing   : Indexing com.google.android.gms-internal.3p:MobileApplication from com.google.android.gms using seqno 2511 [CONTEXT service_id=21 ]
06-18 23:52:26.940 28429 28539 I Finsky  : [621081] eaj.run(3): Initializing the instant apps module.
06-18 23:52:26.948 28429 28498 I Finsky  : [621067] hqv.a(18): No selector loaded
06-18 23:52:26.986 28429 28498 I Finsky  : [621067] jbo.d(76): System was updated or GL extensions were already cached.
06-18 23:52:27.057 28429 28524 I Finsky  : [621075] tho.c(1): Triggered update for experiment package com.google.android.finsky.stable.
06-18 23:52:27.121 28429 28466 I zygote  : Deoptimizing void atgs.a(java.lang.Iterable, java.util.List) due to JIT inline cache
06-18 23:52:27.157 28429 28466 I zygote  : Deoptimizing void j$.util.concurrent.ConcurrentHashMap.putAll(java.util.Map) due to JIT inline cache
06-18 23:52:27.183 28429 28539 I Finsky  : [621081] addj.f(2): Restoring notifications
06-18 23:52:27.205 28429 28539 I Finsky  : [621081] addj.f(10): Done restoring notifications
06-18 23:52:27.215 28429 28530 I Finsky  : [621077] aeqy.a(4): Do not start WearSupportService due to Wear service optimization
06-18 23:52:27.216 28429 28539 I Finsky  : [621081] eaf.run(8): Component class com.google.android.finsky.wear.WearSupportService disabled via PackageManager.
06-18 23:52:27.218 28429 28539 I Finsky  : [621081] eaf.run(8): Component class com.google.android.finsky.wear.WearChangeListenerService disabled via PackageManager.
06-18 23:52:27.316 28429 28524 I Finsky  : [621075] tho.c(7): Already at the latest configurations for experiment package com.google.android.finsky.stable.
06-18 23:52:27.316 28429 28498 I Finsky  : [621067] tho.c(1): Triggered update for experiment package com.google.android.finsky.regular.
06-18 23:52:27.316 28429 28524 I Finsky  : [621075] the.c(5): Retrieved DSE selection state is true (cache=thg@f585f9b)
06-18 23:52:27.317 28429 28524 I Finsky  : [621075] ths.a(4): DSE selection state after sync is true (cache=thg@f585f9b)
06-18 23:52:27.334  1456  1893 D BatteryService: uevent={POWER_SUPPLY_VOLTAGE_NOW=4330571, POWER_SUPPLY_CHARGE_RATE=Normal, POWER_SUPPLY_HEALTH=Good, POWER_SUPPLY_CURRENT_NOW=457, POWER_SUPPLY_PRESENT=1, SUBSYSTEM=power_supply, POWER_SUPPLY_TEMP=317, SEQNUM=594906, ACTION=change, POWER_SUPPLY_NAME=battery, POWER_SUPPLY_STATUS=Full, POWER_SUPPLY_CHARGE_COUNTER=2788334, POWER_SUPPLY_CAPACITY=100, DEVPATH=/devices/soc/qpnp-smbcharger-17/power_supply/battery}
06-18 23:52:27.341  2398  2398 D QtiCarrierConfigHelper: WARNING, no carrier configs on phone Id: 0
06-18 23:52:27.478 28429 28498 I Finsky  : [621067] tho.c(7): Already at the latest configurations for experiment package com.google.android.finsky.regular.
06-18 23:52:27.479 28429 28498 I Finsky  : [621067] the.c(5): Retrieved DSE selection state is true (cache=thg@f585f9b)
06-18 23:52:27.480 28429 28498 I Finsky  : [621067] ths.a(4): DSE selection state after sync is true (cache=thg@f585f9b)
06-18 23:52:27.492  5625  5654 I PeriodicStatsRunner: PeriodicStatsRunner.call():180 call()
06-18 23:52:27.492  5625  5654 I PeriodicStatsRunner: PeriodicStatsRunner.call():184 No submit PeriodicStats since input started.
06-18 23:52:27.495 28429 28435 I zygote  : Do partial code cache collection, code=115KB, data=72KB
06-18 23:52:27.497 28429 28435 I zygote  : After code cache collection, code=109KB, data=71KB
06-18 23:52:27.497 28429 28435 I zygote  : Increasing code cache capacity to 512KB
06-18 23:52:27.561  1456  4802 I ActivityManager: Force stopping org.mozilla.fennec_aurora appid=11424 user=0: from pid 28795
06-18 23:52:27.561  1456  4802 I ActivityManager: Killing 28448:org.mozilla.fennec_aurora/u0a1424 (adj 700): stop org.mozilla.fennec_aurora
06-18 23:52:27.564  1456  1605 W zygote  : kill(-28448, 9) failed: No such process
06-18 23:52:27.566 28565 28565 I ServiceChildProcess: Service has been unbound. Stopping.
06-18 23:52:27.566  1456  4802 W ActivityManager: Force removing ActivityRecord{a03efa8 u0 org.mozilla.fennec_aurora/org.mozilla.fenix.HomeActivity t85908}: app died, no saved state
06-18 23:52:27.577  1456  1605 W zygote  : kill(-28448, 9) failed: No such process
06-18 23:52:27.577  1456  4802 I ActivityManager: Killing 28565:org.mozilla.fennec_aurora:tab0/u0a1424 (adj 0): stop org.mozilla.fennec_aurora
06-18 23:52:27.590  2398  2398 D CarrierSvcBindHelper: No carrier app for: 0
06-18 23:52:27.591  2398  2398 D CarrierSvcBindHelper: No carrier app for: 1
06-18 23:52:27.592  1456  1605 W zygote  : kill(-28448, 9) failed: No such process
06-18 23:52:27.599  1456  1605 W zygote  : kill(-28448, 9) failed: No such process
06-18 23:52:27.609  1456  1466 I zygote  : Background concurrent copying GC freed 68453(4MB) AllocSpace objects, 38(1784KB) LOS objects, 33% free, 47MB/71MB, paused 228us total 429.597ms
06-18 23:52:27.614  1456  1605 W zygote  : kill(-28448, 9) failed: No such process
06-18 23:52:27.645  1456  1673 W ActivityManager: setHasOverlayUi called on unknown pid: 28448
06-18 23:52:27.692  1456  1605 I chatty  : uid=1000(system) ActivityManager identical 5 lines
06-18 23:52:27.708  1456  1605 W zygote  : kill(-28448, 9) failed: No such process
06-18 23:52:27.708  1456  1605 I zygote  : Successfully killed process cgroup uid 11424 pid 28448 in 144ms
06-18 23:52:27.708  1456  1605 W zygote  : kill(-28565, 9) failed: No such process
06-18 23:52:27.708  1456  1605 I zygote  : Successfully killed process cgroup uid 11424 pid 28565 in 0ms
06-18 23:52:27.771 28429 28429 I Finsky  : [2] wxo.run(5): Detected restoreservicev2://recovery not needed, will not run
06-18 23:52:27.952 28429 28801 I Finsky  : [621127] aosz.a(2): registerListener
06-18 23:52:27.955 28429 28801 I Finsky  : [621127] kbm.a(2): getDownloads(-)
06-18 23:52:27.957 28429 28803 I zygote  : Deoptimizing java.lang.String afdp.a(java.lang.String, java.lang.Object[]) due to JIT inline cache
06-18 23:52:27.958 28429 28803 I Finsky  : [621129] aoth.a(5): Initiate binding to the service.
06-18 23:52:27.959 28429 28801 I Finsky  : [621127] ekz.run(7): Initialized AssetModuleDownloader.
06-18 23:52:27.981  1456  6339 I ActivityManager: Start proc 28804:com.android.vending:download_service/u0a62 for service com.android.vending/com.google.android.finsky.downloadservice.DownloadService
06-18 23:52:28.072 28804 28804 I Finsky:download_service: [2] ebc.aX(5): Process created at version: 20.4.18-all [0] [PR] 314396108
06-18 23:52:28.174  1456  6339 D ConnectivityService: requestNetwork for uid/pid:10062/28804 NetworkRequest [ TRACK_DEFAULT id=70225, [ Capabilities: INTERNET&NOT_RESTRICTED&TRUSTED&NOT_VPN] ]
06-18 23:52:28.176  1456  2099 D Ethernet: got request NetworkRequest [ TRACK_DEFAULT id=70225, [ Capabilities: INTERNET&NOT_RESTRICTED&TRUSTED&NOT_VPN] ] with score 60
06-18 23:52:28.176  1456  2054 D WIFI_UT : got request NetworkRequest [ TRACK_DEFAULT id=70225, [ Capabilities: INTERNET&NOT_RESTRICTED&TRUSTED&NOT_VPN] ] with score 60
