04-08 16:25:42.427  1456  1673 I ActivityManager: Displayed org.mozilla.fennec_aurora/org.mozilla.fenix.HomeActivity: +1s502ms (total +2s62ms)
04-08 16:25:42.448  6802  6959 I chatty  : uid=11250(org.mozilla.fennec_aurora) expire 2 lines
04-08 16:25:42.718  6802  6836 I chatty  : uid=11250(org.mozilla.fennec_aurora) expire 1 line
04-08 16:25:42.850  6802  6993 I chatty  : uid=11250(org.mozilla.fennec_aurora) expire 4 lines
04-08 16:25:42.851  6802  6991 I chatty  : uid=11250(org.mozilla.fennec_aurora) expire 4 lines
04-08 16:25:42.851  6802  6992 I chatty  : uid=11250(org.mozilla.fennec_aurora) expire 2 lines
04-08 16:25:42.891  1456  2923 I ActivityManager: Fully drawn org.mozilla.fennec_aurora/org.mozilla.fenix.HomeActivity: +1s977ms (total +2s537ms)
04-08 16:25:43.004 17373 17373 I MemoryTrimmer: Trimming objects from memory, since app is in the background.
04-08 16:25:43.014 17373 17373 I MemoryTrimmer: Trimming objects from memory, since app is in the background.
04-08 16:25:43.016 17373  6048 I PBSessionCacheImpl: Deleted sessionId[76408848338799248] from persistence.
04-08 16:25:43.022  1456  2923 I WifiService: getWifiEnabledState uid=10073
04-08 16:25:43.024 17373 17428 I DEBUG   : OpaToSrpTransitionState#onStateChanged#notNullQuery
04-08 16:25:43.025 17373 17428 I DEBUG   : OpaToSrpTransitionState#onStateChanged#notNullQuery
04-08 16:25:43.028 17373 17428 W SearchServiceCore: Abort, client detached.
04-08 16:25:43.460   808   808 I SFPerfTracer:      triggers: (rate: 83:2026841) (compose: 0:7) (post: 0:19) (render: 0:17) (20:10426349 frames) (21:13144939)
04-08 16:25:43.461   808   808 D SFPerfTracer:        layers: (3:12) (NavigationBar#0 (0xb07df000): 0:979806) (StatusBar#0 (0xb07e3000): 0:2263263) (com.android.systemui.ImageWallpaper#0 (0xb07e7000): 0:91029)* (Sprite#0 (0xb0733000): 0:317)* (DimLayerController/Stack=0#0 (0xb075a000): 0:3866)* (Sprite#1 (0xb077c000): 0:195)* (org.mozilla.fennec_aurora/org.mozilla.fenix.HomeActivity#0 (0xb039b000): 0:71)- (com.android.launcher3/com.android.launcher3.CustomizationPanelLauncher#0 (0xb0763000): 0:38)- (com.android.launcher3/com.android.launcher3.CustomizationPanelLauncher#1 (0xb0771000): 0:10)- (Splash Screen org.mozilla.fennec_aurora#0 (0xb039b000): 0:13)- (Splash Screen org.mozilla.fennec_aurora#1 (0xb013a000): 0:26)- (org.mozilla.fennec_aurora/org.mozilla.fenix.HomeActivity#0 (0xb039b000): 21:41) 
04-08 16:25:46.016  7007  7007 D AndroidRuntime: >>>>>> START com.android.internal.os.RuntimeInit uid 2000 <<<<<<
04-08 16:25:46.029  7007  7007 W app_process: Could not reserve sentinel fault page
04-08 16:25:46.197  7007  7007 I app_process: The ClassLoaderContext is a special shared library.
04-08 16:25:46.263  7007  7007 D AndroidRuntime: Calling main entry com.android.commands.input.Input
04-08 16:25:46.271  7007  7007 I Input   : injectKeyEvent: KeyEvent { action=ACTION_DOWN, keyCode=KEYCODE_HOME, scanCode=0, metaState=0, flags=0x0, repeatCount=0, eventTime=18453601550, downTime=18453601550, deviceId=-1, source=0x101 }
04-08 16:25:46.277  7007  7007 I Input   : injectKeyEvent: KeyEvent { action=ACTION_UP, keyCode=KEYCODE_HOME, scanCode=0, metaState=0, flags=0x0, repeatCount=0, eventTime=18453601550, downTime=18453601550, deviceId=-1, source=0x101 }
04-08 16:25:46.283  1456  1941 I ActivityManager: START u0 {act=android.intent.action.MAIN cat=[android.intent.category.HOME] flg=0x10200000 cmp=com.android.launcher3/.CustomizationPanelLauncher (has extras)} from uid 1000
04-08 16:25:46.284   794   839 E ANDR-PERF-RESOURCEQS: Failed to apply optimization [4, 0]
04-08 16:25:46.295  1456  1941 I ActivityManager: moveHomeStack, setupComplete:true
04-08 16:25:46.298  7007  7007 D AndroidRuntime: Shutting down VM
04-08 16:25:46.305 17373 17422 I Adreno  : QUALCOMM build                   : bb5b86c, I77d3059488
04-08 16:25:46.305 17373 17422 I Adreno  : Build Date                       : 06/07/18
04-08 16:25:46.305 17373 17422 I Adreno  : OpenGL ES Shader Compiler Version: EV031.22.00.01_06
04-08 16:25:46.305 17373 17422 I Adreno  : Local Branch                     : 
04-08 16:25:46.305 17373 17422 I Adreno  : Remote Branch                    : refs/tags/AU_LINUX_ANDROID_LA.UM.6.5.R1.08.01.00.312.086
04-08 16:25:46.305 17373 17422 I Adreno  : Remote Branch                    : NONE
04-08 16:25:46.305 17373 17422 I Adreno  : Reconstruct Branch               : NOTHING
04-08 16:25:46.307 17373 17422 D vndksupport: Loading /vendor/lib/hw/gralloc.msm8937.so from current namespace instead of sphal namespace.
04-08 16:25:46.311 17373 17422 I Adreno  : PFP: 0x005ff087, ME: 0x005ff063
04-08 16:25:46.314 17373 17422 I zygote  : android::hardware::configstore::V1_0::ISurfaceFlingerConfigs::hasWideColorDisplay retrieved: 0
04-08 16:25:46.316 17373 17422 I OpenGLRenderer: Initialized EGL, version 1.4
04-08 16:25:46.316 17373 17422 D OpenGLRenderer: Swap behavior 2
04-08 16:25:46.324  2748  2748 D Launcher.Utilities: Wakeup weather: Intent { act=com.motorola.launcher3.action.WAKEUP_WEATHER cmp=com.motorola.timeweatherwidget/com.motorola.commandcenter.weather.WakeUpService }
04-08 16:25:46.341  1456  1456 I NotificationService: Cannot find enqueued record for key: 0|com.motorola.timeweatherwidget|1|null|10116
04-08 16:25:46.345   808   808 D SurfaceFlinger: duplicate layer name: changing com.android.launcher3/com.android.launcher3.CustomizationPanelLauncher to com.android.launcher3/com.android.launcher3.CustomizationPanelLauncher#1
04-08 16:25:46.353 17373 17373 W ThreadPoolDumper: Queue length for executor EventBus is now 11. Perhaps some tasks are too long, or the pool is too small.
04-08 16:25:46.358  1456  3925 I WifiService: getWifiEnabledState uid=10073
04-08 16:25:46.372  1456  2923 I WifiService: getWifiEnabledState uid=10073
04-08 16:25:46.384 17373 17428 I DEBUG   : OpaToSrpTransitionState#onStateChanged#notNullQuery
04-08 16:25:46.385 17373 17428 I DEBUG   : OpaToSrpTransitionState#onStateChanged#notNullQuery
04-08 16:25:46.402 17373 17428 I MicroDetectionState: Should stop hotword detection immediately - false
04-08 16:25:46.406 17373 17428 I MicroDetectionWorker: #startMicroDetector [speakerMode: 0]
04-08 16:25:46.408 17373 17428 I AudioController: Created new AudioSource
04-08 16:25:46.439  1456  1673 I LaunchCheckinHandler: Displayed com.android.launcher3/.CustomizationPanelLauncher,wp,wa,155
04-08 16:25:46.441 17373 17426 I MicroDataManager: isInitializedWithLatestParams-true
04-08 16:25:46.441 17373 17426 I MicroDataManager: isInitializing-false locale not changed-true model not changed-true
04-08 16:25:46.441 17373 17426 I MicroDataManager: Already initialized, obtaining the hotword data immediately.
04-08 16:25:46.446 17373 17475 I MicroRecognitionRunner: Starting detection.
04-08 16:25:46.446 17373 17475 I InputStreamUtils: Using micInputStream
04-08 16:25:46.447 17373  6048 I MicrophoneInputStream: mic_starting  SR : 16000 CC : 16 SO : 1999
04-08 16:25:46.452   788   788 V msm8974_platform: platform_check_input_mask: enter check_input_mask source 6 mask 10
04-08 16:25:46.455  1012  7022 I AudioFlinger: AudioFlinger's thread 0xb2483f80 tid=7022 ready to run
04-08 16:25:46.462   788   788 D audio_hw_primary: in_set_parameters: enter: kvpairs=input_source=6;routing=-2147483644
04-08 16:25:46.463  1012  8317 D APM_AudioPolicyManager: AudioPolicyManager::startInput() input 298750, session 298865, source = 1999
04-08 16:25:46.463 17373  6048 I MicrophoneInputStream: mic_started  SR : 16000 CC : 16 SO : 1999
04-08 16:25:46.465   788  7023 V msm8974_platform: platform_update_usecase_from_source: input source :6
04-08 16:25:46.465   788  7023 V msm8974_platform: platform_check_input_mask: enter check_input_mask source 6 mask 10
04-08 16:25:46.466   788  7023 V msm8974_platform: platform_get_input_snd_device: enter: out_device(0) in_device(0x4) channel_count (1) channel_mask (0x10)
04-08 16:25:46.466   788  7023 V msm8974_platform: platform_get_input_snd_device: exit: in_snd_device(voice-rec-mic)
04-08 16:25:46.466   788  7023 V msm8974_platform: platform_get_backend_index:napb: backend port - 5 device - 120 
04-08 16:25:46.466   788  7023 V msm8974_platform: platform_check_and_set_capture_backend_cfg:txbecf: afe: bitwidth 0, samplerate 0, channel 1, backend_idx 5 usecase = 9 device (voice-rec-mic)
04-08 16:25:46.466   788  7023 V msm8974_platform: platform_check_capture_backend_cfg:txbecf: afe: Codec selected backend: 5 current bit width: 0 and sample rate: 0, channels 1
04-08 16:25:46.466   788  7023 V msm8974_platform: platform_check_capture_backend_cfg:txbecf: afe: Codec selected backend: 5 updated bit width: 0 and sample rate: 0
04-08 16:25:46.466   788  7023 I msm8974_platform: platform_check_capture_backend_cfg:txbecf: afe: Codec backend needs to be updated. new bit width: 0 new sample rate: 0 new channel: 1
04-08 16:25:46.466   788  7023 V msm8974_platform: platform_get_backend_index:napb: backend port - 5 device - 120 
04-08 16:25:46.466   788  7023 V msm8974_platform: platform_set_backend_cfg:becf: afe: bitwidth 0, samplerate 0 channels 1, backend_idx 5 device (voice-rec-mic)
04-08 16:25:46.466   788  7023 E msm8974_platform: platform_set_backend_cfg:becf: afe: Could not get ctl for mixer command - SLIM_0_TX Format
04-08 16:25:46.466   788  7023 V msm8974_platform: platform_send_audio_calibration: sending audio calibration for snd_device(120) acdb_id(62)
04-08 16:25:46.466   788  7023 D ACDB-LOADER: ACDB -> send_audio_cal, acdb_id = 62, path = 1, app id = 0x11130, sample rate = 48000
04-08 16:25:46.467   788  7023 D ACDB-LOADER: ACDB -> send_asm_topology
04-08 16:25:46.467   788  7023 D ACDB-LOADER: ACDB -> ACDB_CMD_GET_AUDPROC_STREAM_TOPOLOGY_ID
04-08 16:25:46.467   788  7023 D ACDB-LOADER: ACDB -> send_adm_topology
04-08 16:25:46.467   788  7023 D ACDB-LOADER: ACDB -> ACDB_CMD_GET_AUDPROC_COMMON_TOPOLOGY_ID
04-08 16:25:46.467   788  7023 D ACDB-LOADER: ACDB -> send_audtable
04-08 16:25:46.467   788  7023 D ACDB-LOADER: ACDB -> ACDB_CMD_GET_AUDPROC_COMMON_TABLE_SIZE
04-08 16:25:46.467   788  7023 D ACDB-LOADER: ACDB -> ACDB_CMD_GET_AUDPROC_COMMON_TABLE
04-08 16:25:46.467   788  7023 D ACDB-LOADER: ACDB -> AUDIO_SET_AUDPROC_CAL
04-08 16:25:46.467   788  7023 D ACDB-LOADER: ACDB -> send_audvoltable
04-08 16:25:46.467   788  7023 D ACDB-LOADER: ACDB -> ACDB_CMD_GET_AUDPROC_VOL_STEP_TABLE_SIZE
04-08 16:25:46.467   788  7023 D ACDB-LOADER: ACDB -> ACDB_CMD_GET_AUDPROC_GAIN_DEP_STEP_TABLE, vol index 0
04-08 16:25:46.467   788  7023 D         : Failed to fetch the lookup information of the device 0000003E 
04-08 16:25:46.467   788  7023 D ACDB-LOADER: ACDB -> AUDIO_SET_VOL_CAL cal type = 12
04-08 16:25:46.467   788  7023 D ACDB-LOADER: ACDB -> ACDB_CMD_GET_AUDPROC_STREAM_TABLE_SIZE
04-08 16:25:46.467   788  7023 D ACDB-LOADER: ACDB -> send_audstrmtable
04-08 16:25:46.467   788  7023 D ACDB-LOADER: ACDB -> ACDB_CMD_GET_AUDPROC_STREAM_TABLE_V2
04-08 16:25:46.467   788  7023 D ACDB-LOADER: ACDB -> audstrm_cal->cal_type.cal_data.cal_size = 456
04-08 16:25:46.467   788  7023 D ACDB-LOADER: ACDB -> send_afe_topology
04-08 16:25:46.467   788  7023 D ACDB-LOADER: ACDB -> ACDB_CMD_GET_AFE_TOPOLOGY_ID
04-08 16:25:46.467   788  7023 D ACDB-LOADER: ACDB -> GET_AFE_TOPOLOGY_ID for adcd_id 62, Topology Id 112fb
04-08 16:25:46.468   788  7023 D ACDB-LOADER: ACDB -> send_afe_cal
04-08 16:25:46.468   788  7023 D ACDB-LOADER: ACDB -> ACDB_CMD_GET_AFE_COMMON_TABLE_SIZE
04-08 16:25:46.468   788  7023 D         : Failed to fetch the lookup information of the device 0000003E 
04-08 16:25:46.468   788  7023 E ACDB-LOADER: Error: ACDB_CMD_GET_AFE_COMMON_TABLE_SIZE Returned = -19
04-08 16:25:46.468   788  7023 D ACDB-LOADER: ACDB -> ACDB_CMD_GET_AFE_COMMON_TABLE
04-08 16:25:46.468   788  7023 D         : Failed to fetch the lookup information of the device 0000003E 
04-08 16:25:46.468   788  7023 D ACDB-LOADER: ACDB -> AUDIO_SET_AFE_CAL
04-08 16:25:46.468   788  7023 D ACDB-LOADER: ACDB -> send_hw_delay : acdb_id = 62 path = 1
04-08 16:25:46.468   788  7023 D ACDB-LOADER: ACDB -> ACDB_AVSYNC_INFO: ACDB_CMD_GET_DEVICE_PROPERTY
04-08 16:25:46.468   788  7023 D audio_hw_primary: enable_snd_device: snd_device(120: voice-rec-mic)
04-08 16:25:46.468   788  7023 D audio_route: Apply path: voice-rec-mic
04-08 16:25:46.472   788  7023 V msm8974_platform: platform_get_snd_device_backend_index: enter with device 120
04-08 16:25:46.472   788  7023 E msm8974_platform: platform_get_snd_device_backend_index: BE DAI Name Table is not present
04-08 16:25:46.472   788  7023 V msm8974_platform: platform_get_backend_index:napb: backend port - 5 device - 120 
04-08 16:25:46.472   788  7023 I audio_hw_utils: Set Audio Stream Capture 0 App Type Cfg: app_type 69936, acdb_dev_id 62, sample_rate 48000, snd_device_be_idx -14
04-08 16:25:46.472   788  7023 D audio_hw_primary: enable_audio_route: usecase(9) apply and update mixer path: audio-record
04-08 16:25:46.472   788  7023 D audio_route: Apply path: audio-record
04-08 16:25:46.542 17373 17428 I MicroDetectionWorker: onReady
04-08 16:25:46.590  2146  2165 I zygote  : NativeAlloc concurrent copying GC freed 19477(1040KB) AllocSpace objects, 0(0B) LOS objects, 49% free, 9MB/19MB, paused 118us total 143.032ms
04-08 16:25:46.857  1456  7796 I OpenGLRenderer: Initialized EGL, version 1.4
04-08 16:25:46.858  1456  7796 D OpenGLRenderer: Swap behavior 2
04-08 16:25:46.888  2748  2917 W OpenGLRenderer: Incorrectly called buildLayer on View: ShortcutAndWidgetContainer, destroying layer...
04-08 16:25:46.999   808   898 I SFPerfTracer:      triggers: (rate: 0:1) (0 sw vsyncs) (0 skipped) (37:6376091 vsyncs) (39:13247988)
04-08 16:25:47.129  6802  6829 I chatty  : uid=11250(org.mozilla.fennec_aurora) expire 6 lines
04-08 16:25:47.199  6802  6832 I chatty  : uid=11250(org.mozilla.fennec_aurora) expire 1 line
04-08 16:25:47.240  1456  1466 I zygote  : NativeAlloc concurrent copying GC freed 54399(4MB) AllocSpace objects, 21(676KB) LOS objects, 36% free, 42MB/66MB, paused 160us total 382.761ms
04-08 16:25:51.461  1456  2923 I ActivityManager: Force stopping org.mozilla.fennec_aurora appid=11250 user=0: from pid 7027
04-08 16:25:51.461  1456  2923 I ActivityManager: Killing 6802:org.mozilla.fennec_aurora/u0a1250 (adj 700): stop org.mozilla.fennec_aurora
04-08 16:25:51.464  1456  1605 W zygote  : kill(-6802, 9) failed: No such process
04-08 16:25:51.465  6887  6887 I chatty  : uid=11250(org.mozilla.fennec_aurora) expire 1 line
04-08 16:25:51.466  1456  2923 W ActivityManager: Force removing ActivityRecord{4158d7a u0 org.mozilla.fennec_aurora/org.mozilla.fenix.HomeActivity t60094}: app died, no saved state
04-08 16:25:51.476  1456  2923 I ActivityManager: Killing 6887:org.mozilla.fennec_aurora:tab/u0a1250 (adj 0): stop org.mozilla.fennec_aurora
04-08 16:25:51.479  1456  1605 W zygote  : kill(-6802, 9) failed: No such process
04-08 16:25:51.489  2398  2398 D CarrierSvcBindHelper: No carrier app for: 0
04-08 16:25:51.492  2398  2398 D CarrierSvcBindHelper: No carrier app for: 1
04-08 16:25:51.495  1456  1605 W zygote  : kill(-6802, 9) failed: No such process
04-08 16:25:51.539  1456  1673 W ActivityManager: setHasOverlayUi called on unknown pid: 6802
04-08 16:25:51.539  1456  1605 I chatty  : uid=1000(system) ActivityManager identical 6 lines
04-08 16:25:51.548  1456  1605 W zygote  : kill(-6802, 9) failed: No such process
04-08 16:25:51.548  1456  1605 I zygote  : Successfully killed process cgroup uid 11250 pid 6802 in 84ms
04-08 16:25:51.548  1456  1605 W zygote  : kill(-6887, 9) failed: No such process
04-08 16:25:51.548  1456  1605 I zygote  : Successfully killed process cgroup uid 11250 pid 6887 in 0ms
04-08 16:25:51.584  1456  4797 I ActivityManager: START u0 {act=android.intent.action.MAIN cat=[android.intent.category.LAUNCHER] flg=0x10000000 cmp=org.mozilla.fennec_aurora/.App} from uid 2000
04-08 16:25:51.585   794   839 E ANDR-PERF-RESOURCEQS: Failed to apply optimization [4, 0]
04-08 16:25:51.604  1456  4679 I ActivityManager: Start proc 7034:org.mozilla.fennec_aurora/u0a1250 for activity org.mozilla.fennec_aurora/.App
04-08 16:25:51.692 17373 17428 I MicroDetectionState: Should stop hotword detection immediately - false
04-08 16:25:51.692 17373 17428 I MicroDetector: Keeping mic open: false
04-08 16:25:51.692 17373 17402 E DeviceStateChecker: DeviceStateChecker cancelled
04-08 16:25:51.692 17373 17428 I RecognitionAudioControl: #shutdownAudio [requestId: 484731774544173340, keepAudioOpen: false, forced: true]
04-08 16:25:51.692 17373 17428 I RecognitionAudioControl: #internalShutdownAudio [requestId: 484731774544173340]
04-08 16:25:51.692 17373 17428 I RecognitionAudioControl: #internalShutdownAudio [keepAudioOpen: false, forced: true]
04-08 16:25:51.692 17373 17428 I RecognitionAudioControl: #actualShutdownAudio
04-08 16:25:51.692 17373 17428 I AudioController: #shutdown [requestId=484731774544173340]
04-08 16:25:51.693 17373 17396 I AudioController: internalShutdown
04-08 16:25:51.693 17373 17424 I MicroRecognitionRunner: Stopping hotword detection.
04-08 16:25:51.741   788   788 D audio_hw_primary: disable_audio_route: usecase(9) reset and update mixer path: audio-record
04-08 16:25:51.742   788   788 D audio_hw_primary: disable_snd_device: snd_device(120: voice-rec-mic)
04-08 16:25:51.743  1012 11919 D APM_AudioPolicyManager: stopInput() input 298750, session 298865
04-08 16:25:51.744   788  1401 D audio_hw_primary: in_set_parameters: enter: kvpairs=routing=0
04-08 16:25:51.746 17373 17396 I MicrophoneInputStream: mic_close  SR : 16000 CC : 16 SO : 1999
04-08 16:25:51.747 17373 17396 E AudioSource: Stop listening is called on already closed AudioSource
04-08 16:25:51.748 17373 17475 I MicroRecognitionRunner: Detection finished
04-08 16:25:51.761  7034  7034 I chatty  : uid=11250(org.mozilla.fennec_aurora) expire 67 lines
04-08 16:25:51.839  7034  7054 I chatty  : uid=11250(org.mozilla.fennec_aurora) expire 4 lines
04-08 16:25:51.854  1456  4797 D ConnectivityService: requestNetwork for uid/pid:11250/7034 NetworkRequest [ TRACK_DEFAULT id=37241, [ Capabilities: INTERNET&NOT_RESTRICTED&TRUSTED&NOT_VPN] ]
04-08 16:25:51.856  1456  2099 D Ethernet: got request NetworkRequest [ TRACK_DEFAULT id=37241, [ Capabilities: INTERNET&NOT_RESTRICTED&TRUSTED&NOT_VPN] ] with score 0
04-08 16:25:51.856  1456  2054 D WIFI_UT : got request NetworkRequest [ TRACK_DEFAULT id=37241, [ Capabilities: INTERNET&NOT_RESTRICTED&TRUSTED&NOT_VPN] ] with score 0
04-08 16:25:51.856  1456  2054 D WIFI    : got request NetworkRequest [ TRACK_DEFAULT id=37241, [ Capabilities: INTERNET&NOT_RESTRICTED&TRUSTED&NOT_VPN] ] with score 0
04-08 16:25:51.856  2398  2398 D PhoneSwitcherNetworkRequstListener: got request NetworkRequest [ TRACK_DEFAULT id=37241, [ Capabilities: INTERNET&NOT_RESTRICTED&TRUSTED&NOT_VPN] ] with score 0
04-08 16:25:51.868  7034  7065 I chatty  : uid=11250(org.mozilla.fennec_aurora) expire 14 lines
04-08 16:25:51.891  7034  7064 I chatty  : uid=11250(org.mozilla.fennec_aurora) expire 17 lines
04-08 16:25:51.923  7034  7072 I chatty  : uid=11250(org.mozilla.fennec_aurora) expire 29 lines
04-08 16:25:52.008  7034  7077 I chatty  : uid=11250(org.mozilla.fennec_aurora) expire 1 line
04-08 16:25:52.025  7034  7082 I chatty  : uid=11250(org.mozilla.fennec_aurora) expire 10 lines
04-08 16:25:52.075  1456  4797 I ActivityManager: START u0 {act=android.intent.action.MAIN cat=[android.intent.category.LAUNCHER] flg=0x10000000 cmp=org.mozilla.fennec_aurora/org.mozilla.fenix.HomeActivity (has extras)} from uid 11250
04-08 16:25:52.095  7034  7039 I chatty  : uid=11250(org.mozilla.fennec_aurora) expire 13 lines
04-08 16:25:52.100   808   808 D SurfaceFlinger: duplicate layer name: changing Splash Screen org.mozilla.fennec_aurora to Splash Screen org.mozilla.fennec_aurora#1
04-08 16:25:52.424  7034  7111 I chatty  : uid=11250(org.mozilla.fennec_aurora) expire 1 line
04-08 16:25:52.439  1456  5031 I ActivityManager: Start proc 7122:org.mozilla.fennec_aurora:tab/u0a1250 for service org.mozilla.fennec_aurora/org.mozilla.gecko.process.GeckoChildProcessServices$tab
04-08 16:25:52.565  7122  7122 I chatty  : uid=11250(org.mozilla.fennec_aurora) expire 2 lines
04-08 16:25:52.566  7122  7140 I chatty  : uid=11250(org.mozilla.fennec_aurora) expire 1 line
04-08 16:25:53.056  7034  7146 I chatty  : uid=11250(org.mozilla.fennec_aurora) expire 9 lines
04-08 16:25:53.426  7034  7158 I chatty  : uid=11250(org.mozilla.fennec_aurora) expire 2 lines
04-08 16:25:53.597  1023  7165 D libc    : Internal error: netid(0), id(0x42aa), server(0.0.0.0)
04-08 16:25:53.597  1023  7165 D libc    : Internal error: netid(0), id(0x42aa), server(0.0.0.0)
04-08 16:25:53.598  1023  7165 D libc    : Internal error: netid(0), id(0xe7ff), server(0.0.0.0)
04-08 16:25:53.598  1023  7165 D libc    : Internal error: netid(0), id(0xe7ff), server(0.0.0.0)
04-08 16:25:53.606  1023  7168 D libc    : Internal error: netid(0), id(0x36bc), server(0.0.0.0)
04-08 16:25:53.606  1023  7168 D libc    : Internal error: netid(0), id(0x36bc), server(0.0.0.0)
04-08 16:25:53.606  1023  7168 D libc    : Internal error: netid(0), id(0x7fa3), server(0.0.0.0)
04-08 16:25:53.606  1023  7168 D libc    : Internal error: netid(0), id(0x7fa3), server(0.0.0.0)
04-08 16:25:53.612  1023  7174 D libc    : Internal error: netid(0), id(0xc7f3), server(0.0.0.0)
04-08 16:25:53.613  1023  7174 D libc    : Internal error: netid(0), id(0xc7f3), server(0.0.0.0)
04-08 16:25:53.613  1023  7174 D libc    : Internal error: netid(0), id(0x95d1), server(0.0.0.0)
04-08 16:25:53.614  1023  7174 D libc    : Internal error: netid(0), id(0x95d1), server(0.0.0.0)
04-08 16:25:53.617  1023  7179 D libc    : Internal error: netid(0), id(0x2d89), server(0.0.0.0)
04-08 16:25:53.617  1023  7179 D libc    : Internal error: netid(0), id(0x2d89), server(0.0.0.0)
04-08 16:25:53.617  1023  7179 D libc    : Internal error: netid(0), id(0xa8c1), server(0.0.0.0)
04-08 16:25:53.617  1023  7179 D libc    : Internal error: netid(0), id(0xa8c1), server(0.0.0.0)
04-08 16:25:53.638  7034  7066 I chatty  : uid=11250(org.mozilla.fennec_aurora) expire 1 line
04-08 16:25:53.639  7034  7067 I chatty  : uid=11250(org.mozilla.fennec_aurora) expire 2 lines
04-08 16:25:53.651  1456  1673 I LaunchCheckinHandler: Displayed org.mozilla.fennec_aurora/org.mozilla.fenix.HomeActivity,wp,ca,1499
04-08 16:25:53.651  1456  1673 I ActivityManager: Displayed org.mozilla.fennec_aurora/org.mozilla.fenix.HomeActivity: +1s487ms (total +2s47ms)
04-08 16:25:53.662 17373 17373 I MemoryTrimmer: Trimming objects from memory, since app is in the background.
04-08 16:25:53.679  7034  7194 I chatty  : uid=11250(org.mozilla.fennec_aurora) expire 2 lines
04-08 16:25:53.681 17373  6048 I PBSessionCacheImpl: Deleted sessionId[76408848338799253] from persistence.
04-08 16:25:53.683 17373 17373 I MemoryTrimmer: Trimming objects from memory, since app is in the background.
04-08 16:25:53.691  1456  4829 I WifiService: getWifiEnabledState uid=10073
04-08 16:25:53.692 17373 17428 I DEBUG   : OpaToSrpTransitionState#onStateChanged#notNullQuery
04-08 16:25:53.693 17373 17428 I DEBUG   : OpaToSrpTransitionState#onStateChanged#notNullQuery
04-08 16:25:53.696 17373 17428 W SearchServiceCore: Abort, client detached.
04-08 16:25:54.096  1456  4829 I ActivityManager: Fully drawn org.mozilla.fennec_aurora/org.mozilla.fenix.HomeActivity: +1s944ms (total +2s504ms)
04-08 16:25:54.120   808   808 I SFPerfTracer:      triggers: (rate: 83:2026842) (compose: 0:7) (post: 0:19) (render: 0:17) (0:10426418 frames) (1:13145039)
04-08 16:25:54.121   808   808 D SFPerfTracer:        layers: (3:12) (NavigationBar#0 (0xb07df000): 0:979828) (StatusBar#0 (0xb07e3000): 0:2263285) (com.android.systemui.ImageWallpaper#0 (0xb07e7000): 0:91031)* (Sprite#0 (0xb0733000): 0:317)* (DimLayerController/Stack=0#0 (0xb075a000): 0:3866)* (Sprite#1 (0xb077c000): 0:195)* (org.mozilla.fennec_aurora/org.mozilla.fenix.HomeActivity#0 (0xb039b000): 0:69)- (com.android.launcher3/com.android.launcher3.CustomizationPanelLauncher#0 (0xb0763000): 0:39)- (com.android.launcher3/com.android.launcher3.CustomizationPanelLauncher#1 (0xb0771000): 0:10)- (Splash Screen org.mozilla.fennec_aurora#0 (0xb039b000): 0:13)- (Splash Screen org.mozilla.fennec_aurora#1 (0xb013a000): 0:24)- (org.mozilla.fennec_aurora/org.mozilla.fenix.HomeActivity#0 (0xb039b000): 0:15) 
04-08 16:25:54.151  7034  7235 I chatty  : uid=11250(org.mozilla.fennec_aurora) expire 4 lines
04-08 16:25:54.152  7034  7236 I chatty  : uid=11250(org.mozilla.fennec_aurora) expire 2 lines
04-08 16:25:54.152  7034  7234 I chatty  : uid=11250(org.mozilla.fennec_aurora) expire 3 lines
04-08 16:25:57.246  7243  7243 D AndroidRuntime: >>>>>> START com.android.internal.os.RuntimeInit uid 2000 <<<<<<
04-08 16:25:57.259  7243  7243 W app_process: Could not reserve sentinel fault page
04-08 16:25:57.426  7243  7243 I app_process: The ClassLoaderContext is a special shared library.
04-08 16:25:57.493  7243  7243 D AndroidRuntime: Calling main entry com.android.commands.input.Input
04-08 16:25:57.495  7243  7243 I Input   : injectKeyEvent: KeyEvent { action=ACTION_DOWN, keyCode=KEYCODE_HOME, scanCode=0, metaState=0, flags=0x0, repeatCount=0, eventTime=18453612774, downTime=18453612774, deviceId=-1, source=0x101 }
04-08 16:25:57.505  7243  7243 I Input   : injectKeyEvent: KeyEvent { action=ACTION_UP, keyCode=KEYCODE_HOME, scanCode=0, metaState=0, flags=0x0, repeatCount=0, eventTime=18453612774, downTime=18453612774, deviceId=-1, source=0x101 }
04-08 16:25:57.512  1456  1941 I ActivityManager: START u0 {act=android.intent.action.MAIN cat=[android.intent.category.HOME] flg=0x10200000 cmp=com.android.launcher3/.CustomizationPanelLauncher (has extras)} from uid 1000
04-08 16:25:57.512   794   839 E ANDR-PERF-RESOURCEQS: Failed to apply optimization [4, 0]
04-08 16:25:57.523  1456  1941 I ActivityManager: moveHomeStack, setupComplete:true
04-08 16:25:57.527  7243  7243 D AndroidRuntime: Shutting down VM
04-08 16:25:57.535 17373 17422 I Adreno  : QUALCOMM build                   : bb5b86c, I77d3059488
04-08 16:25:57.535 17373 17422 I Adreno  : Build Date                       : 06/07/18
04-08 16:25:57.535 17373 17422 I Adreno  : OpenGL ES Shader Compiler Version: EV031.22.00.01_06
04-08 16:25:57.535 17373 17422 I Adreno  : Local Branch                     : 
04-08 16:25:57.535 17373 17422 I Adreno  : Remote Branch                    : refs/tags/AU_LINUX_ANDROID_LA.UM.6.5.R1.08.01.00.312.086
04-08 16:25:57.535 17373 17422 I Adreno  : Remote Branch                    : NONE
04-08 16:25:57.535 17373 17422 I Adreno  : Reconstruct Branch               : NOTHING
04-08 16:25:57.538 17373 17422 D vndksupport: Loading /vendor/lib/hw/gralloc.msm8937.so from current namespace instead of sphal namespace.
04-08 16:25:57.541 17373 17422 I Adreno  : PFP: 0x005ff087, ME: 0x005ff063
04-08 16:25:57.546 17373 17422 I zygote  : android::hardware::configstore::V1_0::ISurfaceFlingerConfigs::hasWideColorDisplay retrieved: 0
04-08 16:25:57.547 17373 17422 I OpenGLRenderer: Initialized EGL, version 1.4
04-08 16:25:57.548 17373 17422 D OpenGLRenderer: Swap behavior 2
04-08 16:25:57.548  2748  2748 D Launcher.Utilities: Wakeup weather: Intent { act=com.motorola.launcher3.action.WAKEUP_WEATHER cmp=com.motorola.timeweatherwidget/com.motorola.commandcenter.weather.WakeUpService }
04-08 16:25:57.561  1456  1456 I NotificationService: Cannot find enqueued record for key: 0|com.motorola.timeweatherwidget|1|null|10116
04-08 16:25:57.567   808   808 D SurfaceFlinger: duplicate layer name: changing com.android.launcher3/com.android.launcher3.CustomizationPanelLauncher to com.android.launcher3/com.android.launcher3.CustomizationPanelLauncher#1
04-08 16:25:57.590 17373 17398 W ThreadPoolDumper: Queue length for executor EventBus is now 11. Perhaps some tasks are too long, or the pool is too small.
04-08 16:25:57.592  1456  4797 I WifiService: getWifiEnabledState uid=10073
04-08 16:25:57.605  1456  4797 I WifiService: getWifiEnabledState uid=10073
04-08 16:25:57.613 17373 17428 I DEBUG   : OpaToSrpTransitionState#onStateChanged#notNullQuery
04-08 16:25:57.615 17373 17428 I DEBUG   : OpaToSrpTransitionState#onStateChanged#notNullQuery
04-08 16:25:57.633 17373 17428 I MicroDetectionState: Should stop hotword detection immediately - false
04-08 16:25:57.637 17373 17428 I MicroDetectionWorker: #startMicroDetector [speakerMode: 0]
04-08 16:25:57.639 17373 17428 I AudioController: Created new AudioSource
04-08 16:25:57.647  1456  1673 I LaunchCheckinHandler: Displayed com.android.launcher3/.CustomizationPanelLauncher,wp,wa,135
04-08 16:25:57.649 17373 17396 I MicroDataManager: isInitializedWithLatestParams-true
04-08 16:25:57.649 17373 17396 I MicroDataManager: isInitializing-false locale not changed-true model not changed-true
04-08 16:25:57.649 17373 17396 I MicroDataManager: Already initialized, obtaining the hotword data immediately.
04-08 16:25:57.656 17373 17402 I MicroRecognitionRunner: Starting detection.
04-08 16:25:57.656 17373 17402 I InputStreamUtils: Using micInputStream
04-08 16:25:57.657 17373  6049 I MicrophoneInputStream: mic_starting  SR : 16000 CC : 16 SO : 1999
04-08 16:25:57.660   788  1401 V msm8974_platform: platform_check_input_mask: enter check_input_mask source 6 mask 10
04-08 16:25:57.664  1012  7258 I AudioFlinger: AudioFlinger's thread 0xb2483780 tid=7258 ready to run
04-08 16:25:57.674   788  1401 D audio_hw_primary: in_set_parameters: enter: kvpairs=input_source=6;routing=-2147483644
04-08 16:25:57.675  1012 13178 D APM_AudioPolicyManager: AudioPolicyManager::startInput() input 298758, session 298873, source = 1999
04-08 16:25:57.676 17373  6049 I MicrophoneInputStream: mic_started  SR : 16000 CC : 16 SO : 1999
04-08 16:25:57.677   788  7259 V msm8974_platform: platform_update_usecase_from_source: input source :6
04-08 16:25:57.677   788  7259 V msm8974_platform: platform_check_input_mask: enter check_input_mask source 6 mask 10
04-08 16:25:57.677   788  7259 V msm8974_platform: platform_get_input_snd_device: enter: out_device(0) in_device(0x4) channel_count (1) channel_mask (0x10)
04-08 16:25:57.677   788  7259 V msm8974_platform: platform_get_input_snd_device: exit: in_snd_device(voice-rec-mic)
04-08 16:25:57.677   788  7259 V msm8974_platform: platform_get_backend_index:napb: backend port - 5 device - 120 
04-08 16:25:57.677   788  7259 V msm8974_platform: platform_check_and_set_capture_backend_cfg:txbecf: afe: bitwidth 0, samplerate 0, channel 1, backend_idx 5 usecase = 9 device (voice-rec-mic)
04-08 16:25:57.677   788  7259 V msm8974_platform: platform_check_capture_backend_cfg:txbecf: afe: Codec selected backend: 5 current bit width: 0 and sample rate: 0, channels 1
04-08 16:25:57.677   788  7259 V msm8974_platform: platform_check_capture_backend_cfg:txbecf: afe: Codec selected backend: 5 updated bit width: 0 and sample rate: 0
04-08 16:25:57.677   788  7259 I msm8974_platform: platform_check_capture_backend_cfg:txbecf: afe: Codec backend needs to be updated. new bit width: 0 new sample rate: 0 new channel: 1
04-08 16:25:57.677   788  7259 V msm8974_platform: platform_get_backend_index:napb: backend port - 5 device - 120 
04-08 16:25:57.677   788  7259 V msm8974_platform: platform_set_backend_cfg:becf: afe: bitwidth 0, samplerate 0 channels 1, backend_idx 5 device (voice-rec-mic)
04-08 16:25:57.678   788  7259 E msm8974_platform: platform_set_backend_cfg:becf: afe: Could not get ctl for mixer command - SLIM_0_TX Format
04-08 16:25:57.679   788  7259 V msm8974_platform: platform_send_audio_calibration: sending audio calibration for snd_device(120) acdb_id(62)
04-08 16:25:57.679   788  7259 D ACDB-LOADER: ACDB -> send_audio_cal, acdb_id = 62, path = 1, app id = 0x11130, sample rate = 48000
04-08 16:25:57.679   788  7259 D ACDB-LOADER: ACDB -> send_asm_topology
04-08 16:25:57.679   788  7259 D ACDB-LOADER: ACDB -> ACDB_CMD_GET_AUDPROC_STREAM_TOPOLOGY_ID
04-08 16:25:57.679   788  7259 D ACDB-LOADER: ACDB -> send_adm_topology
04-08 16:25:57.679   788  7259 D ACDB-LOADER: ACDB -> ACDB_CMD_GET_AUDPROC_COMMON_TOPOLOGY_ID
04-08 16:25:57.679   788  7259 D ACDB-LOADER: ACDB -> send_audtable
04-08 16:25:57.679   788  7259 D ACDB-LOADER: ACDB -> ACDB_CMD_GET_AUDPROC_COMMON_TABLE_SIZE
04-08 16:25:57.680   788  7259 D ACDB-LOADER: ACDB -> ACDB_CMD_GET_AUDPROC_COMMON_TABLE
04-08 16:25:57.680   788  7259 D ACDB-LOADER: ACDB -> AUDIO_SET_AUDPROC_CAL
04-08 16:25:57.680   788  7259 D ACDB-LOADER: ACDB -> send_audvoltable
04-08 16:25:57.680   788  7259 D ACDB-LOADER: ACDB -> ACDB_CMD_GET_AUDPROC_VOL_STEP_TABLE_SIZE
04-08 16:25:57.680   788  7259 D ACDB-LOADER: ACDB -> ACDB_CMD_GET_AUDPROC_GAIN_DEP_STEP_TABLE, vol index 0
04-08 16:25:57.680   788  7259 D         : Failed to fetch the lookup information of the device 0000003E 
04-08 16:25:57.680   788  7259 D ACDB-LOADER: ACDB -> AUDIO_SET_VOL_CAL cal type = 12
04-08 16:25:57.680   788  7259 D ACDB-LOADER: ACDB -> ACDB_CMD_GET_AUDPROC_STREAM_TABLE_SIZE
04-08 16:25:57.680   788  7259 D ACDB-LOADER: ACDB -> send_audstrmtable
04-08 16:25:57.680   788  7259 D ACDB-LOADER: ACDB -> ACDB_CMD_GET_AUDPROC_STREAM_TABLE_V2
04-08 16:25:57.680   788  7259 D ACDB-LOADER: ACDB -> audstrm_cal->cal_type.cal_data.cal_size = 456
04-08 16:25:57.680   788  7259 D ACDB-LOADER: ACDB -> send_afe_topology
04-08 16:25:57.680   788  7259 D ACDB-LOADER: ACDB -> ACDB_CMD_GET_AFE_TOPOLOGY_ID
04-08 16:25:57.680   788  7259 D ACDB-LOADER: ACDB -> GET_AFE_TOPOLOGY_ID for adcd_id 62, Topology Id 112fb
04-08 16:25:57.680   788  7259 D ACDB-LOADER: ACDB -> send_afe_cal
04-08 16:25:57.680   788  7259 D ACDB-LOADER: ACDB -> ACDB_CMD_GET_AFE_COMMON_TABLE_SIZE
04-08 16:25:57.680   788  7259 D         : Failed to fetch the lookup information of the device 0000003E 
04-08 16:25:57.680   788  7259 E ACDB-LOADER: Error: ACDB_CMD_GET_AFE_COMMON_TABLE_SIZE Returned = -19
04-08 16:25:57.680   788  7259 D ACDB-LOADER: ACDB -> ACDB_CMD_GET_AFE_COMMON_TABLE
04-08 16:25:57.680   788  7259 D         : Failed to fetch the lookup information of the device 0000003E 
04-08 16:25:57.680   788  7259 D ACDB-LOADER: ACDB -> AUDIO_SET_AFE_CAL
04-08 16:25:57.680   788  7259 D ACDB-LOADER: ACDB -> send_hw_delay : acdb_id = 62 path = 1
04-08 16:25:57.680   788  7259 D ACDB-LOADER: ACDB -> ACDB_AVSYNC_INFO: ACDB_CMD_GET_DEVICE_PROPERTY
04-08 16:25:57.680   788  7259 D audio_hw_primary: enable_snd_device: snd_device(120: voice-rec-mic)
04-08 16:25:57.680   788  7259 D audio_route: Apply path: voice-rec-mic
04-08 16:25:57.686   788  7259 V msm8974_platform: platform_get_snd_device_backend_index: enter with device 120
04-08 16:25:57.686   788  7259 E msm8974_platform: platform_get_snd_device_backend_index: BE DAI Name Table is not present
04-08 16:25:57.686   788  7259 V msm8974_platform: platform_get_backend_index:napb: backend port - 5 device - 120 
04-08 16:25:57.686   788  7259 I audio_hw_utils: Set Audio Stream Capture 0 App Type Cfg: app_type 69936, acdb_dev_id 62, sample_rate 48000, snd_device_be_idx -14
04-08 16:25:57.686   788  7259 D audio_hw_primary: enable_audio_route: usecase(9) apply and update mixer path: audio-record
04-08 16:25:57.686   788  7259 D audio_route: Apply path: audio-record
04-08 16:25:57.756 17373 17428 I MicroDetectionWorker: onReady
04-08 16:25:58.052  1456  7796 I OpenGLRenderer: Initialized EGL, version 1.4
04-08 16:25:58.052  1456  7796 D OpenGLRenderer: Swap behavior 2
04-08 16:25:58.099  2748  2917 W OpenGLRenderer: Incorrectly called buildLayer on View: ShortcutAndWidgetContainer, destroying layer...
04-08 16:25:58.261   808   898 I SFPerfTracer:      triggers: (rate: 0:1) (0 sw vsyncs) (0 skipped) (37:6376196 vsyncs) (39:13248125)
04-08 16:25:58.435  7034  7088 I chatty  : uid=11250(org.mozilla.fennec_aurora) expire 1 line
04-08 16:26:00.000  1456  1893 D BatteryService: uevent={POWER_SUPPLY_VOLTAGE_NOW=4351476, POWER_SUPPLY_CHARGE_RATE=Normal, POWER_SUPPLY_HEALTH=Good, POWER_SUPPLY_CURRENT_NOW=152, POWER_SUPPLY_PRESENT=1, SUBSYSTEM=power_supply, POWER_SUPPLY_TEMP=282, SEQNUM=451973, ACTION=change, POWER_SUPPLY_NAME=battery, POWER_SUPPLY_STATUS=Full, POWER_SUPPLY_CHARGE_COUNTER=2810792, POWER_SUPPLY_CAPACITY=100, DEVPATH=/devices/soc/qpnp-smbcharger-17/power_supply/battery}
04-08 16:26:00.006  2398  2398 D QtiCarrierConfigHelper: WARNING, no carrier configs on phone Id: 0
04-08 16:26:02.701  1456  4679 I ActivityManager: Force stopping org.mozilla.fennec_aurora appid=11250 user=0: from pid 7262
04-08 16:26:02.701  1456  4679 I ActivityManager: Killing 7034:org.mozilla.fennec_aurora/u0a1250 (adj 700): stop org.mozilla.fennec_aurora
04-08 16:26:02.704  1456  1605 W zygote  : kill(-7034, 9) failed: No such process
04-08 16:26:02.705  1456  4679 W ActivityManager: Force removing ActivityRecord{2e4e445 u0 org.mozilla.fennec_aurora/org.mozilla.fenix.HomeActivity t60096}: app died, no saved state
04-08 16:26:02.716  1456  4679 I ActivityManager: Killing 7122:org.mozilla.fennec_aurora:tab/u0a1250 (adj 0): stop org.mozilla.fennec_aurora
04-08 16:26:02.720  1456  1605 W zygote  : kill(-7034, 9) failed: No such process
04-08 16:26:02.726  2398  2398 D CarrierSvcBindHelper: No carrier app for: 0
04-08 16:26:02.726  2398  2398 D CarrierSvcBindHelper: No carrier app for: 1
04-08 16:26:02.735  1456  1605 W zygote  : kill(-7034, 9) failed: No such process
04-08 16:26:02.779  1456  4679 D ConnectivityService: ConnectivityService NetworkRequestInfo binderDied(NetworkRequest [ TRACK_DEFAULT id=37241, [ Capabilities: INTERNET&NOT_RESTRICTED&TRUSTED&NOT_VPN] ], android.os.BinderProxy@bbade05)
04-08 16:26:02.780  1456  2067 D ConnectivityService: releasing NetworkRequest [ TRACK_DEFAULT id=37241, [ Capabilities: INTERNET&NOT_RESTRICTED&TRUSTED&NOT_VPN] ] (release request)
04-08 16:26:02.780  1456  1673 W ActivityManager: setHasOverlayUi called on unknown pid: 7034
04-08 16:26:02.795  1456  1605 W zygote  : kill(-7034, 9) failed: No such process
04-08 16:26:02.795  1456  1605 I zygote  : Successfully killed process cgroup uid 11250 pid 7034 in 90ms
04-08 16:26:02.795  1456  1605 W zygote  : kill(-7122, 9) failed: No such process
04-08 16:26:02.795  1456  1605 I zygote  : Successfully killed process cgroup uid 11250 pid 7122 in 0ms
04-08 16:26:02.829  1456  3927 I ActivityManager: START u0 {act=android.intent.action.MAIN cat=[android.intent.category.LAUNCHER] flg=0x10000000 cmp=org.mozilla.fennec_aurora/.App} from uid 2000
04-08 16:26:02.830   794   839 E ANDR-PERF-RESOURCEQS: Failed to apply optimization [4, 0]
04-08 16:26:02.850  1456  1471 I ActivityManager: Start proc 7269:org.mozilla.fennec_aurora/u0a1250 for activity org.mozilla.fennec_aurora/.App
04-08 16:26:02.937 17373 17428 I MicroDetectionState: Should stop hotword detection immediately - false
04-08 16:26:02.937 17373 17475 E DeviceStateChecker: DeviceStateChecker cancelled
04-08 16:26:02.937 17373 17428 I MicroDetector: Keeping mic open: false
04-08 16:26:02.937 17373 17428 I RecognitionAudioControl: #shutdownAudio [requestId: -9209213577370557164, keepAudioOpen: false, forced: true]
04-08 16:26:02.938 17373 17428 I RecognitionAudioControl: #internalShutdownAudio [requestId: -9209213577370557164]
04-08 16:26:02.938 17373 17428 I RecognitionAudioControl: #internalShutdownAudio [keepAudioOpen: false, forced: true]
04-08 16:26:02.938 17373 17428 I RecognitionAudioControl: #actualShutdownAudio
04-08 16:26:02.938 17373 17428 I AudioController: #shutdown [requestId=-9209213577370557164]
04-08 16:26:02.938 17373 17426 I AudioController: internalShutdown
04-08 16:26:02.938 17373 17429 I MicroRecognitionRunner: Stopping hotword detection.
04-08 16:26:02.996   788  1401 D audio_hw_primary: disable_audio_route: usecase(9) reset and update mixer path: audio-record
04-08 16:26:02.997   788  1401 D audio_hw_primary: disable_snd_device: snd_device(120: voice-rec-mic)
04-08 16:26:02.998  1012  8317 D APM_AudioPolicyManager: stopInput() input 298758, session 298873
04-08 16:26:02.999   788  1401 D audio_hw_primary: in_set_parameters: enter: kvpairs=routing=0
04-08 16:26:03.002 17373 17426 I MicrophoneInputStream: mic_close  SR : 16000 CC : 16 SO : 1999
04-08 16:26:03.002 17373 17426 E AudioSource: Stop listening is called on already closed AudioSource
04-08 16:26:03.004  7269  7269 I chatty  : uid=11250(org.mozilla.fennec_aurora) expire 9 lines
04-08 16:26:03.004 17373 17402 I MicroRecognitionRunner: Detection finished
04-08 16:26:03.079  7269  7288 I chatty  : uid=11250(org.mozilla.fennec_aurora) expire 4 lines
04-08 16:26:03.107  7269  7296 I chatty  : uid=11250(org.mozilla.fennec_aurora) expire 14 lines
04-08 16:26:03.125  7269  7295 I chatty  : uid=11250(org.mozilla.fennec_aurora) expire 17 lines
04-08 16:26:03.158  7269  7269 I chatty  : uid=11250(org.mozilla.fennec_aurora) expire 56 lines
04-08 16:26:03.159  7269  7302 I chatty  : uid=11250(org.mozilla.fennec_aurora) expire 30 lines
04-08 16:26:03.194   808   808 I SFPerfTracer:      triggers: (rate: 83:2026846) (compose: 0:7) (post: 0:19) (render: 0:17) (10:10426500 frames) (11:13145142)
04-08 16:26:03.194   808   808 D SFPerfTracer:        layers: (3:10) (NavigationBar#0 (0xb07df000): 9:979849) (StatusBar#0 (0xb07e3000): 9:2263309) (com.android.systemui.ImageWallpaper#0 (0xb07e7000): 0:91033)* (Sprite#0 (0xb0733000): 0:317)* (DimLayerController/Stack=0#0 (0xb075a000): 0:3866)* (Sprite#1 (0xb077c000): 0:195)* (org.mozilla.fennec_aurora/org.mozilla.fenix.HomeActivity#0 (0xb039b000): 0:74)- (com.android.launcher3/com.android.launcher3.CustomizationPanelLauncher#0 (0xb0763000): 0:39)* (com.android.launcher3/com.android.launcher3.CustomizationPanelLauncher#1 (0xb0771000): 0:14)* (Splash Screen org.mozilla.fennec_aurora#0 (0xb039b000): 10:13) 
04-08 16:26:03.255  7269  7307 I chatty  : uid=11250(org.mozilla.fennec_aurora) expire 1 line
04-08 16:26:03.258  7269  7314 I chatty  : uid=11250(org.mozilla.fennec_aurora) expire 10 lines
04-08 16:26:03.314  1456  4797 I ActivityManager: START u0 {act=android.intent.action.MAIN cat=[android.intent.category.LAUNCHER] flg=0x10000000 cmp=org.mozilla.fennec_aurora/org.mozilla.fenix.HomeActivity (has extras)} from uid 11250
04-08 16:26:03.328  7269  7274 I chatty  : uid=11250(org.mozilla.fennec_aurora) expire 13 lines
04-08 16:26:03.343   808   808 D SurfaceFlinger: duplicate layer name: changing Splash Screen org.mozilla.fennec_aurora to Splash Screen org.mozilla.fennec_aurora#1
04-08 16:26:03.654  7269  7345 I chatty  : uid=11250(org.mozilla.fennec_aurora) expire 1 line
04-08 16:26:03.668  1456  3927 I ActivityManager: Start proc 7356:org.mozilla.fennec_aurora:tab/u0a1250 for service org.mozilla.fennec_aurora/org.mozilla.gecko.process.GeckoChildProcessServices$tab
04-08 16:26:03.796  7356  7356 I chatty  : uid=11250(org.mozilla.fennec_aurora) expire 2 lines
04-08 16:26:03.796  7356  7374 I chatty  : uid=11250(org.mozilla.fennec_aurora) expire 1 line
04-08 16:26:04.289  7269  7380 I chatty  : uid=11250(org.mozilla.fennec_aurora) expire 9 lines
04-08 16:26:04.650  7269  7391 I chatty  : uid=11250(org.mozilla.fennec_aurora) expire 2 lines
04-08 16:26:04.825  1023  7398 D libc    : Internal error: netid(0), id(0x1bf), server(0.0.0.0)
04-08 16:26:04.826  1023  7398 D libc    : Internal error: netid(0), id(0x1bf), server(0.0.0.0)
04-08 16:26:04.826  1023  7398 D libc    : Internal error: netid(0), id(0xa8bc), server(0.0.0.0)
04-08 16:26:04.827  1023  7398 D libc    : Internal error: netid(0), id(0xa8bc), server(0.0.0.0)
04-08 16:26:04.833  1023  7404 D libc    : Internal error: netid(0), id(0x5d9f), server(0.0.0.0)
04-08 16:26:04.833  1023  7404 D libc    : Internal error: netid(0), id(0x5d9f), server(0.0.0.0)
04-08 16:26:04.833  1023  7404 D libc    : Internal error: netid(0), id(0xb4ee), server(0.0.0.0)
04-08 16:26:04.834  1023  7404 D libc    : Internal error: netid(0), id(0xb4ee), server(0.0.0.0)
04-08 16:26:04.835  1023  7407 D libc    : Internal error: netid(0), id(0x2fb8), server(0.0.0.0)
04-08 16:26:04.835  1023  7407 D libc    : Internal error: netid(0), id(0x2fb8), server(0.0.0.0)
04-08 16:26:04.836  1023  7407 D libc    : Internal error: netid(0), id(0x308f), server(0.0.0.0)
04-08 16:26:04.836  1023  7407 D libc    : Internal error: netid(0), id(0x308f), server(0.0.0.0)
04-08 16:26:04.841  1023  7410 D libc    : Internal error: netid(0), id(0x67df), server(0.0.0.0)
04-08 16:26:04.842  1023  7410 D libc    : Internal error: netid(0), id(0x67df), server(0.0.0.0)
04-08 16:26:04.843  1023  7410 D libc    : Internal error: netid(0), id(0x5cf9), server(0.0.0.0)
04-08 16:26:04.843  1023  7410 D libc    : Internal error: netid(0), id(0x5cf9), server(0.0.0.0)
04-08 16:26:04.862  7269  7323 I chatty  : uid=11250(org.mozilla.fennec_aurora) expire 1 line
04-08 16:26:04.863  7269  7298 I chatty  : uid=11250(org.mozilla.fennec_aurora) expire 2 lines
04-08 16:26:04.879  1456  1673 I LaunchCheckinHandler: Displayed org.mozilla.fennec_aurora/org.mozilla.fenix.HomeActivity,wp,ca,1492
04-08 16:26:04.879  1456  1673 I ActivityManager: Displayed org.mozilla.fennec_aurora/org.mozilla.fenix.HomeActivity: +1s484ms (total +2s33ms)
04-08 16:26:04.906 17373 17373 I MemoryTrimmer: Trimming objects from memory, since app is in the background.
04-08 16:26:04.907  7269  7385 I chatty  : uid=11250(org.mozilla.fennec_aurora) expire 2 lines
04-08 16:26:04.919 17373 17373 I MemoryTrimmer: Trimming objects from memory, since app is in the background.
04-08 16:26:04.924  1456  4797 I WifiService: getWifiEnabledState uid=10073
04-08 16:26:04.925 17373 17428 I DEBUG   : OpaToSrpTransitionState#onStateChanged#notNullQuery
04-08 16:26:04.925 17373 17428 I DEBUG   : OpaToSrpTransitionState#onStateChanged#notNullQuery
04-08 16:26:04.927 17373 17428 W SearchServiceCore: Abort, client detached.
04-08 16:26:04.933 17373 17392 I PBSessionCacheImpl: Deleted sessionId[76408848338799258] from persistence.
04-08 16:26:05.344  1456  4797 I ActivityManager: Fully drawn org.mozilla.fennec_aurora/org.mozilla.fenix.HomeActivity: +1s957ms (total +2s506ms)
04-08 16:26:05.391  7269  7466 I chatty  : uid=11250(org.mozilla.fennec_aurora) expire 4 lines
04-08 16:26:05.391  7269  7464 I chatty  : uid=11250(org.mozilla.fennec_aurora) expire 2 lines
04-08 16:26:05.392  7269  7465 I chatty  : uid=11250(org.mozilla.fennec_aurora) expire 3 lines
04-08 16:26:06.013   808   898 I SFPerfTracer:      triggers: (rate: 0:1) (0 sw vsyncs) (0 skipped) (27:6376265 vsyncs) (29:13248226)
04-08 16:26:08.488  7474  7474 D AndroidRuntime: >>>>>> START com.android.internal.os.RuntimeInit uid 2000 <<<<<<
04-08 16:26:08.501  7474  7474 W app_process: Could not reserve sentinel fault page
04-08 16:26:08.669  7474  7474 I app_process: The ClassLoaderContext is a special shared library.
04-08 16:26:08.741  7474  7474 D AndroidRuntime: Calling main entry com.android.commands.input.Input
04-08 16:26:08.742  7474  7474 I Input   : injectKeyEvent: KeyEvent { action=ACTION_DOWN, keyCode=KEYCODE_HOME, scanCode=0, metaState=0, flags=0x0, repeatCount=0, eventTime=18453624022, downTime=18453624022, deviceId=-1, source=0x101 }
04-08 16:26:08.752  7474  7474 I Input   : injectKeyEvent: KeyEvent { action=ACTION_UP, keyCode=KEYCODE_HOME, scanCode=0, metaState=0, flags=0x0, repeatCount=0, eventTime=18453624022, downTime=18453624022, deviceId=-1, source=0x101 }
04-08 16:26:08.758  1456  1941 I ActivityManager: START u0 {act=android.intent.action.MAIN cat=[android.intent.category.HOME] flg=0x10200000 cmp=com.android.launcher3/.CustomizationPanelLauncher (has extras)} from uid 1000
04-08 16:26:08.759   794   839 E ANDR-PERF-RESOURCEQS: Failed to apply optimization [4, 0]
04-08 16:26:08.770  1456  1941 I ActivityManager: moveHomeStack, setupComplete:true
04-08 16:26:08.778 17373 17422 I Adreno  : QUALCOMM build                   : bb5b86c, I77d3059488
04-08 16:26:08.778 17373 17422 I Adreno  : Build Date                       : 06/07/18
04-08 16:26:08.778 17373 17422 I Adreno  : OpenGL ES Shader Compiler Version: EV031.22.00.01_06
04-08 16:26:08.778 17373 17422 I Adreno  : Local Branch                     : 
04-08 16:26:08.778 17373 17422 I Adreno  : Remote Branch                    : refs/tags/AU_LINUX_ANDROID_LA.UM.6.5.R1.08.01.00.312.086
04-08 16:26:08.778 17373 17422 I Adreno  : Remote Branch                    : NONE
04-08 16:26:08.778 17373 17422 I Adreno  : Reconstruct Branch               : NOTHING
04-08 16:26:08.780 17373 17422 D vndksupport: Loading /vendor/lib/hw/gralloc.msm8937.so from current namespace instead of sphal namespace.
04-08 16:26:08.782  7474  7474 D AndroidRuntime: Shutting down VM
04-08 16:26:08.783 17373 17422 I Adreno  : PFP: 0x005ff087, ME: 0x005ff063
04-08 16:26:08.787 17373 17422 I zygote  : android::hardware::configstore::V1_0::ISurfaceFlingerConfigs::hasWideColorDisplay retrieved: 0
04-08 16:26:08.788 17373 17422 I OpenGLRenderer: Initialized EGL, version 1.4
04-08 16:26:08.788 17373 17422 D OpenGLRenderer: Swap behavior 2
04-08 16:26:08.791  2748  2748 D Launcher.Utilities: Wakeup weather: Intent { act=com.motorola.launcher3.action.WAKEUP_WEATHER cmp=com.motorola.timeweatherwidget/com.motorola.commandcenter.weather.WakeUpService }
04-08 16:26:08.812  1456  1456 I NotificationService: Cannot find enqueued record for key: 0|com.motorola.timeweatherwidget|1|null|10116
04-08 16:26:08.816   808   808 D SurfaceFlinger: duplicate layer name: changing com.android.launcher3/com.android.launcher3.CustomizationPanelLauncher to com.android.launcher3/com.android.launcher3.CustomizationPanelLauncher#1
04-08 16:26:08.828 17373 17397 W ThreadPoolDumper: Queue length for executor EventBus is now 11. Perhaps some tasks are too long, or the pool is too small.
04-08 16:26:08.829  1456  4797 I WifiService: getWifiEnabledState uid=10073
04-08 16:26:08.841  1456  1471 I WifiService: getWifiEnabledState uid=10073
04-08 16:26:08.848 17373 17428 I DEBUG   : OpaToSrpTransitionState#onStateChanged#notNullQuery
04-08 16:26:08.849 17373 17428 I DEBUG   : OpaToSrpTransitionState#onStateChanged#notNullQuery
