07-06 18:38:53.787  1694  2384 I ActivityManager: Start proc 23051:org.mozilla.fennec_aurora/u0a400 for activity org.mozilla.fennec_aurora/.App
07-06 18:38:53.887 23051 23051 I chatty  : uid=10400(org.mozilla.fennec_aurora) expire 25 lines
07-06 18:38:53.909 23051 23068 I chatty  : uid=10400(org.mozilla.fennec_aurora) expire 4 lines
07-06 18:38:53.972 23051 23080 I chatty  : uid=10400(org.mozilla.fennec_aurora) expire 13 lines
07-06 18:38:53.985 23051 23079 I chatty  : uid=10400(org.mozilla.fennec_aurora) expire 11 lines
07-06 18:38:53.997 23051 23084 I chatty  : uid=10400(org.mozilla.fennec_aurora) expire 55 lines
07-06 18:38:53.999 23051 23085 I chatty  : uid=10400(org.mozilla.fennec_aurora) expire 19 lines
07-06 18:38:54.150  1694 11817 I ActivityManager: START u0 {act=android.intent.action.MAIN cat=[android.intent.category.LAUNCHER] flg=0x10000000 cmp=org.mozilla.fennec_aurora/org.mozilla.fenix.HomeActivity (has extras)} from uid 10400
07-06 18:38:54.153 23051 23122 I chatty  : uid=10400(org.mozilla.fennec_aurora) expire 1 line
07-06 18:38:54.170   890   890 D SurfaceFlinger: duplicate layer name: changing Splash Screen org.mozilla.fennec_aurora to Splash Screen org.mozilla.fennec_aurora#1
07-06 18:38:54.171 23051 23057 I chatty  : uid=10400(org.mozilla.fennec_aurora) expire 8 lines
07-06 18:38:54.180 23141 23141 E SchedPolicy: open of /dev/cpuctl/bg_non_interactive/tasks failed: No such file or directory
07-06 18:38:54.180  1694  3149 I ActivityManager: Start proc 23141:org.mozilla.fennec_aurora:tab0/u0a400 for service org.mozilla.fennec_aurora/org.mozilla.gecko.process.GeckoChildProcessServices$tab0
07-06 18:38:54.182 23051 23129 I chatty  : uid=10400(org.mozilla.fennec_aurora) expire 1 line
07-06 18:38:54.262 23051 23051 I chatty  : uid=10400(org.mozilla.fennec_aurora) expire 31 lines
07-06 18:38:54.268 23141 23141 I chatty  : uid=10400(org.mozilla.fennec_aurora) expire 2 lines
07-06 18:38:54.269 23141 23163 I chatty  : uid=10400(org.mozilla.fennec_aurora) expire 1 line
07-06 18:38:54.495 23051 23079 I chatty  : uid=10400(org.mozilla.fennec_aurora) expire 12 lines
07-06 18:38:54.512 23051 23118 I chatty  : uid=10400(org.mozilla.fennec_aurora) expire 1 line
07-06 18:38:54.518 23051 23174 I chatty  : uid=10400(org.mozilla.fennec_aurora) expire 9 lines
07-06 18:38:54.534  1694  5754 I WifiService: getDhcpInfo uid=10400
07-06 18:38:54.604   890   890 I SFPerfTracer:      triggers: (rate: 43:20194) (compose: 0:24) (post: 2:214) (render: 16:468) (20:473736 frames) (21:605543)
07-06 18:38:54.604   890   890 D SFPerfTracer:        layers: (3:14) (StatusBar#0 (0xae95f000): 0:184903) (com.android.systemui.ImageWallpaper#0 (0xae961000): 0:5973)* (Sprite#0 (0xac5bd000): 0:28)* (DimLayerController/Stack=0#0 (0xac748000): 0:7292)* (NavigationBar#0 (0xac5a5000): 0:22746) (animation background stackId=1#0 (0xac5c1000): 0:14)* (com.android.launcher3/com.android.launcher3.CustomizationPanelLauncher#0 (0xac754000): 0:8)- (com.android.launcher3/com.android.launcher3.CustomizationPanelLauncher#1 (0xac589000): 0:9)- (Splash Screen org.mozilla.fennec_aurora#1 (0xac5f8000): 0:31)- (org.mozilla.fennec_aurora/org.mozilla.fenix.HomeActivity#0 (0xac8a6000): 0:51)- (com.android.launcher3/com.android.launcher3.CustomizationPanelLauncher#0 (0xac5f8000): 0:7)* (com.android.launcher3/com.android.launcher3.CustomizationPanelLauncher#1 (0xac754000): 0:8)* (Splash Screen org.mozilla.fennec_aurora#0 (0xac8a6000): 0:20)- (Splash Screen org.mozilla.fennec_aurora#1 (0xac589000): 18:22) 
07-06 18:38:54.685  1694  5754 I ActivityManager: Displayed org.mozilla.fennec_aurora/org.mozilla.fenix.HomeActivity: +484ms (total +907ms)
07-06 18:38:54.685  1694  5754 I ActivityManager: Fully drawn org.mozilla.fennec_aurora/org.mozilla.fenix.HomeActivity: +484ms (total +907ms)
07-06 18:38:54.711 22780 22780 I GoogleInputMethodService: GoogleInputMethodService.onFinishInput():3138 
07-06 18:38:54.712 22780 22780 I GoogleInputMethodService: GoogleInputMethodService.onStartInput():1808 
07-06 18:38:54.712  1694  1811 I LaunchCheckinHandler: Displayed org.mozilla.fennec_aurora/org.mozilla.fenix.HomeActivity,wp,ca,511
07-06 18:38:54.724  8504  8504 I MemoryTrimmer: Trimming objects from memory, since app is in the background.
07-06 18:38:54.729  8504  8504 I MemoryTrimmer: Trimming objects from memory, since app is in the background.
07-06 18:38:54.730  8504 21541 I PBSessionCacheImpl: Deleted sessionId[37402581481862776] from persistence.
07-06 18:38:54.733  1694  2384 I WifiService: getWifiEnabledState uid=10077
07-06 18:38:54.741  8504  8532 W SearchServiceCore: Abort, client detached.
07-06 18:38:54.742  8504  8532 I StreamController: cleanUpControllerScope(nowcards-15-60688274-8eec)
07-06 18:38:54.765 23051 23183 I chatty  : uid=10400(org.mozilla.fennec_aurora) expire 1 line
07-06 18:38:54.766 23051 23182 I chatty  : uid=10400(org.mozilla.fennec_aurora) expire 1 line
07-06 18:38:55.317 23051 23200 I chatty  : uid=10400(org.mozilla.fennec_aurora) expire 1 line
07-06 18:38:55.404 23051 23107 I chatty  : uid=10400(org.mozilla.fennec_aurora) expire 26 lines
07-06 18:38:55.483 23051 23075 I chatty  : uid=10400(org.mozilla.fennec_aurora) expire 1 line
07-06 18:38:59.227 23229 23229 D AndroidRuntime: >>>>>> START com.android.internal.os.RuntimeInit uid 2000 <<<<<<
07-06 18:38:59.236 23229 23229 W app_process: Could not reserve sentinel fault page
07-06 18:38:59.361 23229 23229 I app_process: The ClassLoaderContext is a special shared library.
07-06 18:38:59.408 23229 23229 D AndroidRuntime: Calling main entry com.android.commands.input.Input
07-06 18:38:59.408 23229 23237 E SchedPolicy: open of /dev/cpuctl/bg_non_interactive/tasks failed: No such file or directory
07-06 18:38:59.410 23229 23229 I Input   : injectKeyEvent: KeyEvent { action=ACTION_DOWN, keyCode=KEYCODE_HOME, scanCode=0, metaState=0, flags=0x0, repeatCount=0, eventTime=863600635, downTime=863600635, deviceId=-1, source=0x101 }
07-06 18:38:59.413   875   919 E ANDR-PERF-MPCTL: Invalid profile no. 0, total profiles 0 only
07-06 18:38:59.415 23229 23229 I Input   : injectKeyEvent: KeyEvent { action=ACTION_UP, keyCode=KEYCODE_HOME, scanCode=0, metaState=0, flags=0x0, repeatCount=0, eventTime=863600635, downTime=863600635, deviceId=-1, source=0x101 }
07-06 18:38:59.420  1694  2137 I ActivityManager: START u0 {act=android.intent.action.MAIN cat=[android.intent.category.HOME] flg=0x10200000 cmp=com.android.launcher3/.CustomizationPanelLauncher (has extras)} from uid 1000
07-06 18:38:59.426 23229 23229 D AndroidRuntime: Shutting down VM
07-06 18:38:59.434  1694  5754 I ActivityManager: moveHomeStack, setupComplete:true
07-06 18:38:59.439  8504 22976 I Adreno  : QUALCOMM build                   : 908a5ce, I77d3059488
07-06 18:38:59.439  8504 22976 I Adreno  : Build Date                       : 06/07/18
07-06 18:38:59.439  8504 22976 I Adreno  : OpenGL ES Shader Compiler Version: EV031.22.00.01_06
07-06 18:38:59.439  8504 22976 I Adreno  : Local Branch                     : 
07-06 18:38:59.439  8504 22976 I Adreno  : Remote Branch                    : refs/tags/AU_LINUX_ANDROID_LA.UM.6.5.R1.08.01.00.312.086
07-06 18:38:59.439  8504 22976 I Adreno  : Remote Branch                    : NONE
07-06 18:38:59.439  8504 22976 I Adreno  : Reconstruct Branch               : NOTHING
07-06 18:38:59.442  8504 22976 D vndksupport: Loading /vendor/lib/hw/gralloc.msm8953.so from current namespace instead of sphal namespace.
07-06 18:38:59.444  8504 22976 I Adreno  : PFP: 0x005ff087, ME: 0x005ff063
07-06 18:38:59.448  8504 22976 I zygote  : android::hardware::configstore::V1_0::ISurfaceFlingerConfigs::hasWideColorDisplay retrieved: 0
07-06 18:38:59.448 27103 27103 D Launcher.Utilities: Wakeup weather: Intent { act=com.motorola.launcher3.action.WAKEUP_WEATHER cmp=com.motorola.timeweatherwidget/com.motorola.commandcenter.weather.WakeUpService }
07-06 18:38:59.448  8504 22976 I OpenGLRenderer: Initialized EGL, version 1.4
07-06 18:38:59.449  8504 22976 D OpenGLRenderer: Swap behavior 2
07-06 18:38:59.460  1694  1694 I NotificationService: Cannot find enqueued record for key: 0|com.motorola.timeweatherwidget|1|null|10122
07-06 18:38:59.463   890   890 D SurfaceFlinger: duplicate layer name: changing com.android.launcher3/com.android.launcher3.CustomizationPanelLauncher to com.android.launcher3/com.android.launcher3.CustomizationPanelLauncher#1
07-06 18:38:59.472  1694  2384 I WifiService: getWifiEnabledState uid=10077
07-06 18:38:59.473 22780 22780 I GoogleInputMethodService: GoogleInputMethodService.onFinishInput():3138 
07-06 18:38:59.474 22780 22780 I GoogleInputMethodService: GoogleInputMethodService.onStartInput():1808 
07-06 18:38:59.474  8504  8532 W ThreadPoolDumper: Queue length for executor EventBus is now 11. Perhaps some tasks are too long, or the pool is too small.
07-06 18:38:59.477  1694  2384 I WifiService: getWifiEnabledState uid=10077
07-06 18:38:59.491  8504  8532 I StreamController: registerScope: nowcards-15-60688274-8eec
07-06 18:38:59.531  1694  1811 I LaunchCheckinHandler: Displayed com.android.launcher3/.CustomizationPanelLauncher,wp,wa,112
07-06 18:38:59.536  8504  8533 E MDD     : DownloadProgressMonitor: Can't find file group for uri: android://com.google.android.googlequicksearchbox/files/sharedminusonemodule/shared/SharedMinusOneData.pb.tmp
07-06 18:38:59.540  8504  8504 I BgTaskExecutorImpl: Starting EXCLUSIVE background task TNG_MINUS_ONE_SYNC.
07-06 18:38:59.544  8504  8532 I TngMinusOneSync: Syncing TNG:-1
07-06 18:38:59.558  1694 11810 I OpenGLRenderer: Initialized EGL, version 1.4
07-06 18:38:59.558  1694 11810 D OpenGLRenderer: Swap behavior 2
07-06 18:38:59.675  2303  2325 I zygote  : NativeAlloc concurrent copying GC freed 10588(590KB) AllocSpace objects, 0(0B) LOS objects, 50% free, 11MB/22MB, paused 123us total 108.575ms
07-06 18:38:59.715 23051 23243 I chatty  : uid=10400(org.mozilla.fennec_aurora) expire 10 lines
07-06 18:38:59.722 22780 22819 I PeriodicStatsRunner: PeriodicStatsRunner.call():175 call()
07-06 18:38:59.722 22780 22819 I PeriodicStatsRunner: PeriodicStatsRunner.call():179 No submit PeriodicStats since input started.
07-06 18:38:59.773 23051 23251 I chatty  : uid=10400(org.mozilla.fennec_aurora) expire 1 line
07-06 18:38:59.814 23051 23253 I chatty  : uid=10400(org.mozilla.fennec_aurora) expire 1 line
07-06 18:39:00.000 27103 30814 W OpenGLRenderer: Incorrectly called buildLayer on View: ShortcutAndWidgetContainer, destroying layer...
07-06 18:39:00.000 27103 30814 W OpenGLRenderer: Incorrectly called buildLayer on View: ShortcutAndWidgetContainer, destroying layer...
07-06 18:39:00.128 23051 23098 I chatty  : uid=10400(org.mozilla.fennec_aurora) expire 1 line
07-06 18:39:02.490   890  1005 I SFPerfTracer:      triggers: (rate: 0:0) (81098 sw vsyncs) (0 skipped) (4:759151 vsyncs) (6:917808)
07-06 18:39:04.476 22780 22819 I PeriodicStatsRunner: PeriodicStatsRunner.call():175 call()
07-06 18:39:04.477 22780 22819 I PeriodicStatsRunner: PeriodicStatsRunner.call():179 No submit PeriodicStats since input started.
07-06 18:39:04.538 23262 23263 E SchedPolicy: open of /dev/cpuctl/bg_non_interactive/tasks failed: No such file or directory
07-06 18:39:04.539  1694  2384 I ActivityManager: Force stopping org.mozilla.fennec_aurora appid=10400 user=0: from pid 23262
07-06 18:39:04.539  1694  2384 I ActivityManager: Killing 23051:org.mozilla.fennec_aurora/u0a400 (adj 100): stop org.mozilla.fennec_aurora
07-06 18:39:04.541  1694  1794 W zygote  : kill(-23051, 9) failed: No such process
07-06 18:39:04.542  1694  2384 W ActivityManager: Scheduling restart of crashed service org.mozilla.fennec_aurora/androidx.work.impl.background.systemjob.SystemJobService in 1000ms
07-06 18:39:04.542  1694  2384 W ActivityManager: Force removing ActivityRecord{e597916 u0 org.mozilla.fennec_aurora/org.mozilla.fenix.HomeActivity t5205}: app died, no saved state
07-06 18:39:04.547  1694  2384 I ActivityManager: Killing 23141:org.mozilla.fennec_aurora:tab0/u0a400 (adj 0): stop org.mozilla.fennec_aurora
07-06 18:39:04.554  8361  8361 I Finsky  : [2] qyn.onTrimMemory(1): Memory trim requested to level 15
07-06 18:39:04.554 22780 22780 I AppBase : AppBase.onTrimMemory():618 onTrimMemory(): 15
07-06 18:39:04.555 22780 22780 I GoogleInputMethodService: GoogleInputMethodService.onTrimMemory():4331 onTrimMemory(): 15
07-06 18:39:04.555  1694  2384 I ActivityManager:   Force stopping service ServiceRecord{93438f3 u0 org.mozilla.fennec_aurora/androidx.work.impl.background.systemjob.SystemJobService}
07-06 18:39:04.557  1694  1794 W zygote  : kill(-23051, 9) failed: No such process
07-06 18:39:04.563  2477  2477 D CarrierSvcBindHelper: No carrier app for: 0
07-06 18:39:04.569  1694  5717 W ActivityManager: Permission Denial: Accessing service ComponentInfo{com.google.android.music/com.google.android.music.dial.DialMediaRouteProviderService} from pid=15597, uid=10038 that is not exported from uid 10116
07-06 18:39:04.571  1694  1794 W zygote  : kill(-23051, 9) failed: No such process
07-06 18:39:04.595  1694  1794 I chatty  : uid=1000(system) ActivityManager identical 2 lines
07-06 18:39:04.599  1694  1811 W ActivityManager: setHasOverlayUi called on unknown pid: 23051
07-06 18:39:04.610  1694  1794 W zygote  : kill(-23051, 9) failed: No such process
07-06 18:39:04.610  1694  1794 I zygote  : Successfully killed process cgroup uid 10400 pid 23051 in 69ms
07-06 18:39:04.610  1694  1794 W zygote  : kill(-23141, 9) failed: No such process
07-06 18:39:04.610  1694  1794 I zygote  : Successfully killed process cgroup uid 10400 pid 23141 in 0ms
07-06 18:39:04.690  1694 11810 I OpenGLRenderer: Initialized EGL, version 1.4
07-06 18:39:04.690  1694 11810 D OpenGLRenderer: Swap behavior 2
07-06 18:39:04.824  1124 23256 D libc    : dns request timeout: netid(116), id(0xf920), server(fd58:99ff:ff34::1)
07-06 18:39:04.827  1124 23256 W SocketClient: write error (Broken pipe)
07-06 18:39:04.827  1124 23256 W DnsProxyListener: Error writing DNS result to client
07-06 18:39:04.941  1694  1703 I zygote  : NativeAlloc concurrent copying GC freed 26468(1436KB) AllocSpace objects, 19(636KB) LOS objects, 42% free, 25MB/44MB, paused 171us total 218.836ms
07-06 18:39:05.648 23267 23268 E SchedPolicy: open of /dev/cpuctl/bg_non_interactive/tasks failed: No such file or directory
07-06 18:39:05.650   875   919 E ANDR-PERF-MPCTL: Invalid profile no. 0, total profiles 0 only
07-06 18:39:05.651  1694  5754 I ActivityManager: START u0 {act=android.intent.action.MAIN cat=[android.intent.category.LAUNCHER] flg=0x10000000 cmp=org.mozilla.fennec_aurora/.App} from uid 2000
07-06 18:39:05.668 23270 23270 E SchedPolicy: open of /dev/cpuctl/bg_non_interactive/tasks failed: No such file or directory
07-06 18:39:05.668  1694  2498 I ActivityManager: Start proc 23270:org.mozilla.fennec_aurora/u0a400 for activity org.mozilla.fennec_aurora/.App
07-06 18:39:05.770 23270 23270 I chatty  : uid=10400(org.mozilla.fennec_aurora) expire 26 lines
07-06 18:39:05.792 23270 23286 I chatty  : uid=10400(org.mozilla.fennec_aurora) expire 4 lines
07-06 18:39:05.856 23270 23299 I chatty  : uid=10400(org.mozilla.fennec_aurora) expire 13 lines
07-06 18:39:05.875 23270 23298 I chatty  : uid=10400(org.mozilla.fennec_aurora) expire 13 lines
07-06 18:39:05.885 23270 23303 I chatty  : uid=10400(org.mozilla.fennec_aurora) expire 59 lines
07-06 18:39:05.885 23270 23302 I chatty  : uid=10400(org.mozilla.fennec_aurora) expire 15 lines
07-06 18:39:06.025  1694  5754 I ActivityManager: START u0 {act=android.intent.action.MAIN cat=[android.intent.category.LAUNCHER] flg=0x10000000 cmp=org.mozilla.fennec_aurora/org.mozilla.fenix.HomeActivity (has extras)} from uid 10400
07-06 18:39:06.035 23270 23336 I chatty  : uid=10400(org.mozilla.fennec_aurora) expire 1 line
07-06 18:39:06.051 23270 23275 I chatty  : uid=10400(org.mozilla.fennec_aurora) expire 6 lines
07-06 18:39:06.053   890   890 D SurfaceFlinger: duplicate layer name: changing Splash Screen org.mozilla.fennec_aurora to Splash Screen org.mozilla.fennec_aurora#1
07-06 18:39:06.065 23355 23355 E SchedPolicy: open of /dev/cpuctl/bg_non_interactive/tasks failed: No such file or directory
07-06 18:39:06.066  1694  5754 I ActivityManager: Start proc 23355:org.mozilla.fennec_aurora:tab0/u0a400 for service org.mozilla.fennec_aurora/org.mozilla.gecko.process.GeckoChildProcessServices$tab0
07-06 18:39:06.076 23270 23343 I chatty  : uid=10400(org.mozilla.fennec_aurora) expire 1 line
07-06 18:39:06.149 23355 23355 I chatty  : uid=10400(org.mozilla.fennec_aurora) expire 1 line
07-06 18:39:06.150 23355 23379 I chatty  : uid=10400(org.mozilla.fennec_aurora) expire 1 line
07-06 18:39:06.368 23270 23298 I chatty  : uid=10400(org.mozilla.fennec_aurora) expire 10 lines
07-06 18:39:06.372 23270 23270 I chatty  : uid=10400(org.mozilla.fennec_aurora) expire 29 lines
07-06 18:39:06.379 23270 23331 I chatty  : uid=10400(org.mozilla.fennec_aurora) expire 1 line
07-06 18:39:06.386 23270 23390 I chatty  : uid=10400(org.mozilla.fennec_aurora) expire 9 lines
07-06 18:39:06.400 23270 23291 I chatty  : uid=10400(org.mozilla.fennec_aurora) expire 2 lines
07-06 18:39:06.403  1694  2498 I WifiService: getDhcpInfo uid=10400
07-06 18:39:06.444 23270 23302 I chatty  : uid=10400(org.mozilla.fennec_aurora) expire 4 lines
07-06 18:39:06.470   890   890 I SFPerfTracer:      triggers: (rate: 43:20196) (compose: 0:24) (post: 2:214) (render: 16:468) (20:473825 frames) (21:605657)
07-06 18:39:06.470   890   890 D SFPerfTracer:        layers: (3:14) (StatusBar#0 (0xae95f000): 0:184928) (com.android.systemui.ImageWallpaper#0 (0xae961000): 0:5975)* (Sprite#0 (0xac5bd000): 0:28)* (DimLayerController/Stack=0#0 (0xac748000): 0:7292)* (NavigationBar#0 (0xac5a5000): 0:22768) (animation background stackId=1#0 (0xac5c1000): 0:14)* (com.android.launcher3/com.android.launcher3.CustomizationPanelLauncher#0 (0xac5f8000): 0:7)- (com.android.launcher3/com.android.launcher3.CustomizationPanelLauncher#1 (0xac754000): 0:8)- (Splash Screen org.mozilla.fennec_aurora#1 (0xac589000): 0:32)- (org.mozilla.fennec_aurora/org.mozilla.fenix.HomeActivity#0 (0xac8a6000): 0:51)- (com.android.launcher3/com.android.launcher3.CustomizationPanelLauncher#0 (0xac589000): 0:9)* (com.android.launcher3/com.android.launcher3.CustomizationPanelLauncher#1 (0xac5f8000): 0:14)* (Splash Screen org.mozilla.fennec_aurora#0 (0xac8a6000): 0:20)- (Splash Screen org.mozilla.fennec_aurora#1 (0xac754000): 18:21) 
07-06 18:39:06.551  1694 10573 I ActivityManager: Displayed org.mozilla.fennec_aurora/org.mozilla.fenix.HomeActivity: +484ms (total +893ms)
07-06 18:39:06.551  1694 10573 I ActivityManager: Fully drawn org.mozilla.fennec_aurora/org.mozilla.fenix.HomeActivity: +484ms (total +893ms)
07-06 18:39:06.580  1694  1811 I LaunchCheckinHandler: Displayed org.mozilla.fennec_aurora/org.mozilla.fenix.HomeActivity,wp,ca,513
07-06 18:39:06.582 22780 22780 I GoogleInputMethodService: GoogleInputMethodService.onFinishInput():3138 
07-06 18:39:06.582 22780 22780 I GoogleInputMethodService: GoogleInputMethodService.onStartInput():1808 
07-06 18:39:06.595  8504  8504 I MemoryTrimmer: Trimming objects from memory, since app is in the background.
07-06 18:39:06.600  8504  8504 I MemoryTrimmer: Trimming objects from memory, since app is in the background.
07-06 18:39:06.601  8504 21541 I PBSessionCacheImpl: Deleted sessionId[37402581481862779] from persistence.
07-06 18:39:06.605  1694  5754 I WifiService: getWifiEnabledState uid=10077
07-06 18:39:06.609  8504  8532 W SearchServiceCore: Abort, client detached.
07-06 18:39:06.609  8504  8532 I StreamController: cleanUpControllerScope(nowcards-15-60688274-8eec)
07-06 18:39:06.633 23270 23399 I chatty  : uid=10400(org.mozilla.fennec_aurora) expire 1 line
07-06 18:39:06.634 23270 23398 I chatty  : uid=10400(org.mozilla.fennec_aurora) expire 1 line
07-06 18:39:07.198 23270 23418 I chatty  : uid=10400(org.mozilla.fennec_aurora) expire 1 line
07-06 18:39:07.280 23270 23301 I chatty  : uid=10400(org.mozilla.fennec_aurora) expire 26 lines
07-06 18:39:07.359 23270 23294 I chatty  : uid=10400(org.mozilla.fennec_aurora) expire 2 lines
07-06 18:39:07.397 23270 23275 I chatty  : uid=10400(org.mozilla.fennec_aurora) expire 2 lines
07-06 18:39:11.105 23447 23447 D AndroidRuntime: >>>>>> START com.android.internal.os.RuntimeInit uid 2000 <<<<<<
07-06 18:39:11.114 23447 23447 W app_process: Could not reserve sentinel fault page
07-06 18:39:11.238 23447 23447 I app_process: The ClassLoaderContext is a special shared library.
07-06 18:39:11.285 23447 23447 D AndroidRuntime: Calling main entry com.android.commands.input.Input
07-06 18:39:11.285 23447 23455 E SchedPolicy: open of /dev/cpuctl/bg_non_interactive/tasks failed: No such file or directory
07-06 18:39:11.287 23447 23447 I Input   : injectKeyEvent: KeyEvent { action=ACTION_DOWN, keyCode=KEYCODE_HOME, scanCode=0, metaState=0, flags=0x0, repeatCount=0, eventTime=863612513, downTime=863612513, deviceId=-1, source=0x101 }
07-06 18:39:11.289   875   919 E ANDR-PERF-MPCTL: Invalid profile no. 0, total profiles 0 only
07-06 18:39:11.291 23447 23447 I Input   : injectKeyEvent: KeyEvent { action=ACTION_UP, keyCode=KEYCODE_HOME, scanCode=0, metaState=0, flags=0x0, repeatCount=0, eventTime=863612513, downTime=863612513, deviceId=-1, source=0x101 }
07-06 18:39:11.296  1694  2137 I ActivityManager: START u0 {act=android.intent.action.MAIN cat=[android.intent.category.HOME] flg=0x10200000 cmp=com.android.launcher3/.CustomizationPanelLauncher (has extras)} from uid 1000
07-06 18:39:11.301 23447 23447 D AndroidRuntime: Shutting down VM
07-06 18:39:11.310  1694 10573 I ActivityManager: moveHomeStack, setupComplete:true
07-06 18:39:11.315  8504 22976 I Adreno  : QUALCOMM build                   : 908a5ce, I77d3059488
07-06 18:39:11.315  8504 22976 I Adreno  : Build Date                       : 06/07/18
07-06 18:39:11.315  8504 22976 I Adreno  : OpenGL ES Shader Compiler Version: EV031.22.00.01_06
07-06 18:39:11.315  8504 22976 I Adreno  : Local Branch                     : 
07-06 18:39:11.315  8504 22976 I Adreno  : Remote Branch                    : refs/tags/AU_LINUX_ANDROID_LA.UM.6.5.R1.08.01.00.312.086
07-06 18:39:11.315  8504 22976 I Adreno  : Remote Branch                    : NONE
07-06 18:39:11.315  8504 22976 I Adreno  : Reconstruct Branch               : NOTHING
07-06 18:39:11.317  8504 22976 D vndksupport: Loading /vendor/lib/hw/gralloc.msm8953.so from current namespace instead of sphal namespace.
07-06 18:39:11.320  8504 22976 I Adreno  : PFP: 0x005ff087, ME: 0x005ff063
07-06 18:39:11.323  8504 22976 I zygote  : android::hardware::configstore::V1_0::ISurfaceFlingerConfigs::hasWideColorDisplay retrieved: 0
07-06 18:39:11.324  8504 22976 I OpenGLRenderer: Initialized EGL, version 1.4
07-06 18:39:11.324 27103 27103 D Launcher.Utilities: Wakeup weather: Intent { act=com.motorola.launcher3.action.WAKEUP_WEATHER cmp=com.motorola.timeweatherwidget/com.motorola.commandcenter.weather.WakeUpService }
07-06 18:39:11.324  8504 22976 D OpenGLRenderer: Swap behavior 2
07-06 18:39:11.336  1694  1694 I NotificationService: Cannot find enqueued record for key: 0|com.motorola.timeweatherwidget|1|null|10122
07-06 18:39:11.337   890   890 D SurfaceFlinger: duplicate layer name: changing com.android.launcher3/com.android.launcher3.CustomizationPanelLauncher to com.android.launcher3/com.android.launcher3.CustomizationPanelLauncher#1
07-06 18:39:11.348 22780 22780 I GoogleInputMethodService: GoogleInputMethodService.onFinishInput():3138 
07-06 18:39:11.349 22780 22780 I GoogleInputMethodService: GoogleInputMethodService.onStartInput():1808 
07-06 18:39:11.357  1694  5754 I WifiService: getWifiEnabledState uid=10077
07-06 18:39:11.360  8504  8532 W ThreadPoolDumper: Queue length for executor EventBus is now 11. Perhaps some tasks are too long, or the pool is too small.
07-06 18:39:11.364  1694  2498 I WifiService: getWifiEnabledState uid=10077
07-06 18:39:11.376  8504  8532 I StreamController: registerScope: nowcards-15-60688274-8eec
07-06 18:39:11.398  1694  1811 I LaunchCheckinHandler: Displayed com.android.launcher3/.CustomizationPanelLauncher,wp,wa,102
07-06 18:39:11.416  8504  8537 E MDD     : DownloadProgressMonitor: Can't find file group for uri: android://com.google.android.googlequicksearchbox/files/sharedminusonemodule/shared/SharedMinusOneData.pb.tmp
07-06 18:39:11.421  8504  8504 I BgTaskExecutorImpl: Starting EXCLUSIVE background task TNG_MINUS_ONE_SYNC.
07-06 18:39:11.425  8504  8532 I TngMinusOneSync: Syncing TNG:-1
07-06 18:39:11.435  1694 11810 I OpenGLRenderer: Initialized EGL, version 1.4
07-06 18:39:11.435  1694 11810 D OpenGLRenderer: Swap behavior 2
07-06 18:39:11.553  2303  2325 I zygote  : NativeAlloc concurrent copying GC freed 14618(741KB) AllocSpace objects, 0(0B) LOS objects, 49% free, 11MB/22MB, paused 105us total 110.058ms
07-06 18:39:11.581 23270 23460 I chatty  : uid=10400(org.mozilla.fennec_aurora) expire 10 lines
07-06 18:39:11.592 22780 22819 I PeriodicStatsRunner: PeriodicStatsRunner.call():175 call()
07-06 18:39:11.592 22780 22819 I PeriodicStatsRunner: PeriodicStatsRunner.call():179 No submit PeriodicStats since input started.
07-06 18:39:11.636 23270 23468 I chatty  : uid=10400(org.mozilla.fennec_aurora) expire 1 line
07-06 18:39:11.678 23270 23470 I chatty  : uid=10400(org.mozilla.fennec_aurora) expire 4 lines
07-06 18:39:11.763 23270 23470 W ActivityThread: ClassLoader.getResources: The class loader returned by Thread.getContextClassLoader() may fail for processes that host multiple applications. You should explicitly specify a context class loader. For example: Thread.setContextClassLoader(getClass().getClassLoader());
07-06 18:39:11.866 27103 30814 W OpenGLRenderer: Incorrectly called buildLayer on View: ShortcutAndWidgetContainer, destroying layer...
07-06 18:39:11.866 27103 30814 W OpenGLRenderer: Incorrectly called buildLayer on View: ShortcutAndWidgetContainer, destroying layer...
07-06 18:39:12.003 23270 23299 I chatty  : uid=10400(org.mozilla.fennec_aurora) expire 1 line
07-06 18:39:16.356 22780 22819 I PeriodicStatsRunner: PeriodicStatsRunner.call():175 call()
07-06 18:39:16.357 22780 22819 I PeriodicStatsRunner: PeriodicStatsRunner.call():179 No submit PeriodicStats since input started.
07-06 18:39:16.405 23479 23480 E SchedPolicy: open of /dev/cpuctl/bg_non_interactive/tasks failed: No such file or directory
07-06 18:39:16.407  1694  2498 I ActivityManager: Force stopping org.mozilla.fennec_aurora appid=10400 user=0: from pid 23479
07-06 18:39:16.407  1694  2498 I ActivityManager: Killing 23270:org.mozilla.fennec_aurora/u0a400 (adj 700): stop org.mozilla.fennec_aurora
07-06 18:39:16.409  1694  1794 W zygote  : kill(-23270, 9) failed: No such process
07-06 18:39:16.409 23355 23355 I chatty  : uid=10400(org.mozilla.fennec_aurora) expire 1 line
07-06 18:39:16.409  1694  2498 W ActivityManager: Force removing ActivityRecord{789d3c u0 org.mozilla.fennec_aurora/org.mozilla.fenix.HomeActivity t5207}: app died, no saved state
07-06 18:39:16.418  1694  2498 I ActivityManager: Killing 23355:org.mozilla.fennec_aurora:tab0/u0a400 (adj 0): stop org.mozilla.fennec_aurora
07-06 18:39:16.421  8361  8361 I Finsky  : [2] qyn.onTrimMemory(1): Memory trim requested to level 15
07-06 18:39:16.423 22780 22780 I AppBase : AppBase.onTrimMemory():618 onTrimMemory(): 15
07-06 18:39:16.423 22780 22780 I GoogleInputMethodService: GoogleInputMethodService.onTrimMemory():4331 onTrimMemory(): 15
07-06 18:39:16.427  1694  1794 W zygote  : kill(-23270, 9) failed: No such process
07-06 18:39:16.431  2477  2477 D CarrierSvcBindHelper: No carrier app for: 0
07-06 18:39:16.433  1694  2498 W ActivityManager: Permission Denial: Accessing service ComponentInfo{com.google.android.music/com.google.android.music.dial.DialMediaRouteProviderService} from pid=15597, uid=10038 that is not exported from uid 10116
07-06 18:39:16.442  1694  1794 W zygote  : kill(-23270, 9) failed: No such process
07-06 18:39:16.457  1694  1794 I chatty  : uid=1000(system) ActivityManager identical 1 line
07-06 18:39:16.464  1694  1811 W ActivityManager: setHasOverlayUi called on unknown pid: 23270
07-06 18:39:16.473  1694  1794 W zygote  : kill(-23270, 9) failed: No such process
07-06 18:39:16.473  1694  1794 I zygote  : Successfully killed process cgroup uid 10400 pid 23270 in 64ms
07-06 18:39:16.473  1694  1794 W zygote  : kill(-23355, 9) failed: No such process
07-06 18:39:16.473  1694  1794 I zygote  : Successfully killed process cgroup uid 10400 pid 23355 in 0ms
07-06 18:39:16.565  1694 11810 I OpenGLRenderer: Initialized EGL, version 1.4
07-06 18:39:16.565  1694 11810 D OpenGLRenderer: Swap behavior 2
07-06 18:39:16.833  1694  1703 I zygote  : NativeAlloc concurrent copying GC freed 29618(1570KB) AllocSpace objects, 19(636KB) LOS objects, 42% free, 25MB/44MB, paused 191us total 216.002ms
07-06 18:39:17.511 23485 23486 E SchedPolicy: open of /dev/cpuctl/bg_non_interactive/tasks failed: No such file or directory
07-06 18:39:17.513   875   919 E ANDR-PERF-MPCTL: Invalid profile no. 0, total profiles 0 only
07-06 18:39:17.513  1694  8536 I ActivityManager: START u0 {act=android.intent.action.MAIN cat=[android.intent.category.LAUNCHER] flg=0x10000000 cmp=org.mozilla.fennec_aurora/.App} from uid 2000
07-06 18:39:17.529 23488 23488 E SchedPolicy: open of /dev/cpuctl/bg_non_interactive/tasks failed: No such file or directory
07-06 18:39:17.529  1694  5754 I ActivityManager: Start proc 23488:org.mozilla.fennec_aurora/u0a400 for activity org.mozilla.fennec_aurora/.App
07-06 18:39:17.622 23488 23488 I chatty  : uid=10400(org.mozilla.fennec_aurora) expire 29 lines
07-06 18:39:17.644 23488 23504 I chatty  : uid=10400(org.mozilla.fennec_aurora) expire 4 lines
07-06 18:39:17.710 23488 23516 I chatty  : uid=10400(org.mozilla.fennec_aurora) expire 13 lines
07-06 18:39:17.729 23488 23515 I chatty  : uid=10400(org.mozilla.fennec_aurora) expire 14 lines
07-06 18:39:17.737 23488 23519 I chatty  : uid=10400(org.mozilla.fennec_aurora) expire 63 lines
07-06 18:39:17.741 23488 23520 I chatty  : uid=10400(org.mozilla.fennec_aurora) expire 15 lines
07-06 18:39:17.865 23488 23542 I chatty  : uid=10400(org.mozilla.fennec_aurora) expire 1 line
07-06 18:39:17.891  1694  5754 I ActivityManager: START u0 {act=android.intent.action.MAIN cat=[android.intent.category.LAUNCHER] flg=0x10000000 cmp=org.mozilla.fennec_aurora/org.mozilla.fenix.HomeActivity (has extras)} from uid 10400
07-06 18:39:17.913 23488 23493 I chatty  : uid=10400(org.mozilla.fennec_aurora) expire 6 lines
07-06 18:39:17.918   890   890 D SurfaceFlinger: duplicate layer name: changing Splash Screen org.mozilla.fennec_aurora to Splash Screen org.mozilla.fennec_aurora#1
07-06 18:39:17.929 23575 23575 E SchedPolicy: open of /dev/cpuctl/bg_non_interactive/tasks failed: No such file or directory
07-06 18:39:17.929  1694  8536 I ActivityManager: Start proc 23575:org.mozilla.fennec_aurora:tab0/u0a400 for service org.mozilla.fennec_aurora/org.mozilla.gecko.process.GeckoChildProcessServices$tab0
07-06 18:39:17.938 23488 23563 I chatty  : uid=10400(org.mozilla.fennec_aurora) expire 1 line
07-06 18:39:18.012 23575 23575 I chatty  : uid=10400(org.mozilla.fennec_aurora) expire 1 line
07-06 18:39:18.012 23575 23595 I chatty  : uid=10400(org.mozilla.fennec_aurora) expire 1 line
07-06 18:39:18.236 23488 23541 I chatty  : uid=10400(org.mozilla.fennec_aurora) expire 1 line
07-06 18:39:18.244 23488 23606 I chatty  : uid=10400(org.mozilla.fennec_aurora) expire 9 lines
07-06 18:39:18.249 23488 23488 I chatty  : uid=10400(org.mozilla.fennec_aurora) expire 27 lines
07-06 18:39:18.258  1694 11817 I WifiService: getDhcpInfo uid=10400
07-06 18:39:18.311 23488 23520 I chatty  : uid=10400(org.mozilla.fennec_aurora) expire 4 lines
07-06 18:39:18.318   890   890 I SFPerfTracer:      triggers: (rate: 43:20198) (compose: 0:24) (post: 2:214) (render: 16:468) (19:473908 frames) (20:605764)
07-06 18:39:18.319   890   890 D SFPerfTracer:        layers: (3:14) (StatusBar#0 (0xae95f000): 0:184950) (com.android.systemui.ImageWallpaper#0 (0xae961000): 0:5977)* (Sprite#0 (0xac5bd000): 0:28)* (DimLayerController/Stack=0#0 (0xac748000): 0:7292)* (NavigationBar#0 (0xac5a5000): 0:22790) (animation background stackId=1#0 (0xac5c1000): 0:14)* (com.android.launcher3/com.android.launcher3.CustomizationPanelLauncher#0 (0xac589000): 0:9)- (com.android.launcher3/com.android.launcher3.CustomizationPanelLauncher#1 (0xac5f8000): 0:14)- (Splash Screen org.mozilla.fennec_aurora#1 (0xac754000): 0:31)- (org.mozilla.fennec_aurora/org.mozilla.fenix.HomeActivity#0 (0xac8a6000): 0:51)- (com.android.launcher3/com.android.launcher3.CustomizationPanelLauncher#0 (0xac754000): 0:8)* (com.android.launcher3/com.android.launcher3.CustomizationPanelLauncher#1 (0xac589000): 0:9)* (Splash Screen org.mozilla.fennec_aurora#0 (0xac8a6000): 0:19)- (Splash Screen org.mozilla.fennec_aurora#1 (0xac5f8000): 18:21) 
07-06 18:39:18.407  1694  8536 I ActivityManager: Displayed org.mozilla.fennec_aurora/org.mozilla.fenix.HomeActivity: +478ms (total +888ms)
07-06 18:39:18.408  1694  8536 I ActivityManager: Fully drawn org.mozilla.fennec_aurora/org.mozilla.fenix.HomeActivity: +478ms (total +888ms)
07-06 18:39:18.434 22780 22780 I GoogleInputMethodService: GoogleInputMethodService.onFinishInput():3138 
07-06 18:39:18.434 22780 22780 I GoogleInputMethodService: GoogleInputMethodService.onStartInput():1808 
07-06 18:39:18.435  1694  1811 I LaunchCheckinHandler: Displayed org.mozilla.fennec_aurora/org.mozilla.fenix.HomeActivity,wp,ca,505
07-06 18:39:18.447  8504  8504 I MemoryTrimmer: Trimming objects from memory, since app is in the background.
07-06 18:39:18.453  8504 21541 I PBSessionCacheImpl: Deleted sessionId[37402581481862782] from persistence.
07-06 18:39:18.455  8504  8504 I MemoryTrimmer: Trimming objects from memory, since app is in the background.
07-06 18:39:18.457  1694  8536 I WifiService: getWifiEnabledState uid=10077
07-06 18:39:18.460  8504  8532 W SearchServiceCore: Abort, client detached.
07-06 18:39:18.461  8504  8532 I StreamController: cleanUpControllerScope(nowcards-15-60688274-8eec)
07-06 18:39:18.478 23488 23614 I chatty  : uid=10400(org.mozilla.fennec_aurora) expire 1 line
07-06 18:39:18.479 23488 23613 I chatty  : uid=10400(org.mozilla.fennec_aurora) expire 1 line
07-06 18:39:19.065 23488 23633 I chatty  : uid=10400(org.mozilla.fennec_aurora) expire 1 line
07-06 18:39:19.150 23488 23545 I chatty  : uid=10400(org.mozilla.fennec_aurora) expire 26 lines
07-06 18:39:19.229 23488 23509 I chatty  : uid=10400(org.mozilla.fennec_aurora) expire 2 lines
07-06 18:39:19.267 23488 23493 I chatty  : uid=10400(org.mozilla.fennec_aurora) expire 2 lines
07-06 18:39:19.653   890  1005 I SFPerfTracer:      triggers: (rate: 0:0) (81098 sw vsyncs) (0 skipped) (18:759230 vsyncs) (20:917924)
07-06 18:39:20.847  2675 19746 I GCoreUlr: WorldUpdater received intent Intent { act=com.google.android.location.reporting.ACTION_UPDATE_WORLD flg=0x4 cmp=com.google.android.gms/com.google.android.location.reporting.service.DispatchingService (has extras) } with receiverAction NO_RECEIVER_ACTION
07-06 18:39:20.898  2675 19746 I GCoreUlr: WorldUpdater:NO_RECEIVER_ACTION: Ensuring that reporting is active for [account#-16#]
07-06 18:39:21.645  2477  2477 D QtiCarrierConfigHelper: WARNING, no carrier configs on phone Id: 0
07-06 18:39:21.645  2792  3179 D HeadsetStateMachine: Disconnected process message: 10, size: 0
07-06 18:39:21.646  2792  3179 D HeadsetStateMachine: Enter processIntentBatteryChanged()
07-06 18:39:21.646  2792  3179 D HeadsetStateMachine: Exit processIntentBatteryChanged()
07-06 18:39:21.646  2792  3179 D HeadsetStateMachine: Exit Disconnected processMessage() 
07-06 18:39:21.650  8338  8338 I B4A     : Check bat: 100
07-06 18:39:22.970 23662 23662 D AndroidRuntime: >>>>>> START com.android.internal.os.RuntimeInit uid 2000 <<<<<<
07-06 18:39:22.979 23662 23662 W app_process: Could not reserve sentinel fault page
07-06 18:39:23.103 23662 23662 I app_process: The ClassLoaderContext is a special shared library.
07-06 18:39:23.153 23662 23662 D AndroidRuntime: Calling main entry com.android.commands.input.Input
07-06 18:39:23.153 23662 23670 E SchedPolicy: open of /dev/cpuctl/bg_non_interactive/tasks failed: No such file or directory
07-06 18:39:23.154 23662 23662 I Input   : injectKeyEvent: KeyEvent { action=ACTION_DOWN, keyCode=KEYCODE_HOME, scanCode=0, metaState=0, flags=0x0, repeatCount=0, eventTime=863624380, downTime=863624380, deviceId=-1, source=0x101 }
07-06 18:39:23.157   875   919 E ANDR-PERF-MPCTL: Invalid profile no. 0, total profiles 0 only
07-06 18:39:23.158 23662 23662 I Input   : injectKeyEvent: KeyEvent { action=ACTION_UP, keyCode=KEYCODE_HOME, scanCode=0, metaState=0, flags=0x0, repeatCount=0, eventTime=863624380, downTime=863624380, deviceId=-1, source=0x101 }
07-06 18:39:23.163  1694  2137 I ActivityManager: START u0 {act=android.intent.action.MAIN cat=[android.intent.category.HOME] flg=0x10200000 cmp=com.android.launcher3/.CustomizationPanelLauncher (has extras)} from uid 1000
07-06 18:39:23.169 23662 23662 D AndroidRuntime: Shutting down VM
07-06 18:39:23.177  1694  8536 I ActivityManager: moveHomeStack, setupComplete:true
07-06 18:39:23.182  8504 22976 I Adreno  : QUALCOMM build                   : 908a5ce, I77d3059488
07-06 18:39:23.182  8504 22976 I Adreno  : Build Date                       : 06/07/18
07-06 18:39:23.182  8504 22976 I Adreno  : OpenGL ES Shader Compiler Version: EV031.22.00.01_06
07-06 18:39:23.182  8504 22976 I Adreno  : Local Branch                     : 
07-06 18:39:23.182  8504 22976 I Adreno  : Remote Branch                    : refs/tags/AU_LINUX_ANDROID_LA.UM.6.5.R1.08.01.00.312.086
07-06 18:39:23.182  8504 22976 I Adreno  : Remote Branch                    : NONE
07-06 18:39:23.182  8504 22976 I Adreno  : Reconstruct Branch               : NOTHING
07-06 18:39:23.185  8504 22976 D vndksupport: Loading /vendor/lib/hw/gralloc.msm8953.so from current namespace instead of sphal namespace.
07-06 18:39:23.187  8504 22976 I Adreno  : PFP: 0x005ff087, ME: 0x005ff063
07-06 18:39:23.192 27103 27103 D Launcher.Utilities: Wakeup weather: Intent { act=com.motorola.launcher3.action.WAKEUP_WEATHER cmp=com.motorola.timeweatherwidget/com.motorola.commandcenter.weather.WakeUpService }
07-06 18:39:23.192  8504 22976 I zygote  : android::hardware::configstore::V1_0::ISurfaceFlingerConfigs::hasWideColorDisplay retrieved: 0
07-06 18:39:23.193  8504 22976 I OpenGLRenderer: Initialized EGL, version 1.4
07-06 18:39:23.193  8504 22976 D OpenGLRenderer: Swap behavior 2
07-06 18:39:23.204   873  2438 V LocSvc_HIDL_IzatProvider: [onLocationChanged][71] [HS] =>>>> [HC]
07-06 18:39:23.204  1694  1694 I NotificationService: Cannot find enqueued record for key: 0|com.motorola.timeweatherwidget|1|null|10122
07-06 18:39:23.205  1694 10552 V LocSvc_HIDL_IzatProvider_jni: [onLocationChanged][225] [HC] <<= [HS]
07-06 18:39:23.205   890   890 D SurfaceFlinger: duplicate layer name: changing com.android.launcher3/com.android.launcher3.CustomizationPanelLauncher to com.android.launcher3/com.android.launcher3.CustomizationPanelLauncher#1
07-06 18:39:23.216 22780 22780 I GoogleInputMethodService: GoogleInputMethodService.onFinishInput():3138 
07-06 18:39:23.216 22780 22780 I GoogleInputMethodService: GoogleInputMethodService.onStartInput():1808 
07-06 18:39:23.221  1694  3103 I WifiService: getWifiEnabledState uid=10077
07-06 18:39:23.224  8504  8532 W ThreadPoolDumper: Queue length for executor EventBus is now 11. Perhaps some tasks are too long, or the pool is too small.
07-06 18:39:23.227  1694 11817 I WifiService: getWifiEnabledState uid=10077
07-06 18:39:23.240  8504  8532 I StreamController: registerScope: nowcards-15-60688274-8eec
07-06 18:39:23.263  1694  1811 I LaunchCheckinHandler: Displayed com.android.launcher3/.CustomizationPanelLauncher,wp,wa,100
07-06 18:39:23.283  8504  8531 E MDD     : DownloadProgressMonitor: Can't find file group for uri: android://com.google.android.googlequicksearchbox/files/sharedminusonemodule/shared/SharedMinusOneData.pb.tmp
07-06 18:39:23.288  8504  8504 I BgTaskExecutorImpl: Starting EXCLUSIVE background task TNG_MINUS_ONE_SYNC.
07-06 18:39:23.292  8504  8532 I TngMinusOneSync: Syncing TNG:-1
07-06 18:39:23.303  1694 11810 I OpenGLRenderer: Initialized EGL, version 1.4
07-06 18:39:23.303  1694 11810 D OpenGLRenderer: Swap behavior 2
07-06 18:39:23.421  2303  2325 I zygote  : NativeAlloc concurrent copying GC freed 10959(603KB) AllocSpace objects, 0(0B) LOS objects, 49% free, 11MB/22MB, paused 105us total 109.638ms
07-06 18:39:23.438 23488 23675 I chatty  : uid=10400(org.mozilla.fennec_aurora) expire 10 lines
07-06 18:39:23.444 22780 22819 I PeriodicStatsRunner: PeriodicStatsRunner.call():175 call()
07-06 18:39:23.444 22780 22819 I PeriodicStatsRunner: PeriodicStatsRunner.call():179 No submit PeriodicStats since input started.
07-06 18:39:23.499 23488 23683 I chatty  : uid=10400(org.mozilla.fennec_aurora) expire 1 line
07-06 18:39:23.506 23488 23515 I chatty  : uid=10400(org.mozilla.fennec_aurora) expire 9 lines
07-06 18:39:23.538 23488 23685 I chatty  : uid=10400(org.mozilla.fennec_aurora) expire 4 lines
07-06 18:39:23.628 23488 23685 W ActivityThread: ClassLoader.getResources: The class loader returned by Thread.getContextClassLoader() may fail for processes that host multiple applications. You should explicitly specify a context class loader. For example: Thread.setContextClassLoader(getClass().getClassLoader());
07-06 18:39:23.732 27103 30814 W OpenGLRenderer: Incorrectly called buildLayer on View: ShortcutAndWidgetContainer, destroying layer...
07-06 18:39:23.732 27103 30814 W OpenGLRenderer: Incorrectly called buildLayer on View: ShortcutAndWidgetContainer, destroying layer...
07-06 18:39:23.872 23488 23538 I chatty  : uid=10400(org.mozilla.fennec_aurora) expire 1 line
07-06 18:39:28.227 22780 22819 I PeriodicStatsRunner: PeriodicStatsRunner.call():175 call()
07-06 18:39:28.227 22780 22819 I PeriodicStatsRunner: PeriodicStatsRunner.call():179 No submit PeriodicStats since input started.
07-06 18:39:28.275 23696 23697 E SchedPolicy: open of /dev/cpuctl/bg_non_interactive/tasks failed: No such file or directory
07-06 18:39:28.277  1694  5754 I ActivityManager: Force stopping org.mozilla.fennec_aurora appid=10400 user=0: from pid 23696
07-06 18:39:28.277  1694  5754 I ActivityManager: Killing 23488:org.mozilla.fennec_aurora/u0a400 (adj 700): stop org.mozilla.fennec_aurora
07-06 18:39:28.278  1694  1794 W zygote  : kill(-23488, 9) failed: No such process
07-06 18:39:28.279 23575 23575 I chatty  : uid=10400(org.mozilla.fennec_aurora) expire 1 line
07-06 18:39:28.279  1694  5754 W ActivityManager: Force removing ActivityRecord{b5450f4 u0 org.mozilla.fennec_aurora/org.mozilla.fenix.HomeActivity t5209}: app died, no saved state
07-06 18:39:28.286  1694  5754 I ActivityManager: Killing 23575:org.mozilla.fennec_aurora:tab0/u0a400 (adj 0): stop org.mozilla.fennec_aurora
07-06 18:39:28.289  8361  8361 I Finsky  : [2] qyn.onTrimMemory(1): Memory trim requested to level 15
07-06 18:39:28.291 22780 22780 I AppBase : AppBase.onTrimMemory():618 onTrimMemory(): 15
07-06 18:39:28.291 22780 22780 I GoogleInputMethodService: GoogleInputMethodService.onTrimMemory():4331 onTrimMemory(): 15
07-06 18:39:28.297  1694  1794 W zygote  : kill(-23488, 9) failed: No such process
07-06 18:39:28.299  2477  2477 D CarrierSvcBindHelper: No carrier app for: 0
07-06 18:39:28.301  1694  8536 W ActivityManager: Permission Denial: Accessing service ComponentInfo{com.google.android.music/com.google.android.music.dial.DialMediaRouteProviderService} from pid=15597, uid=10038 that is not exported from uid 10116
07-06 18:39:28.313  1694  1794 W zygote  : kill(-23488, 9) failed: No such process
07-06 18:39:28.334  1694  1811 W ActivityManager: setHasOverlayUi called on unknown pid: 23488
07-06 18:39:28.334  1694  1794 I chatty  : uid=1000(system) ActivityManager identical 2 lines
07-06 18:39:28.341  1694  1794 W zygote  : kill(-23488, 9) failed: No such process
07-06 18:39:28.341  1694  1794 I zygote  : Successfully killed process cgroup uid 10400 pid 23488 in 62ms
07-06 18:39:28.341  1694  1794 W zygote  : kill(-23575, 9) failed: No such process
07-06 18:39:28.341  1694  1794 I zygote  : Successfully killed process cgroup uid 10400 pid 23575 in 0ms
07-06 18:39:28.429  1694 11810 I OpenGLRenderer: Initialized EGL, version 1.4
07-06 18:39:28.429  1694 11810 D OpenGLRenderer: Swap behavior 2
07-06 18:39:28.674  1694  1703 I zygote  : NativeAlloc concurrent copying GC freed 33130(1949KB) AllocSpace objects, 31(1468KB) LOS objects, 42% free, 25MB/44MB, paused 184us total 213.221ms
07-06 18:39:29.372 23701 23702 E SchedPolicy: open of /dev/cpuctl/bg_non_interactive/tasks failed: No such file or directory
07-06 18:39:29.375   875   919 E ANDR-PERF-MPCTL: Invalid profile no. 0, total profiles 0 only
07-06 18:39:29.375  1694  1709 I ActivityManager: START u0 {act=android.intent.action.MAIN cat=[android.intent.category.LAUNCHER] flg=0x10000000 cmp=org.mozilla.fennec_aurora/.App} from uid 2000
07-06 18:39:29.391  1694  1710 I ActivityManager: Start proc 23704:org.mozilla.fennec_aurora/u0a400 for activity org.mozilla.fennec_aurora/.App
07-06 18:39:29.392 23704 23704 E SchedPolicy: open of /dev/cpuctl/bg_non_interactive/tasks failed: No such file or directory
07-06 18:39:29.486 23704 23704 I chatty  : uid=10400(org.mozilla.fennec_aurora) expire 32 lines
07-06 18:39:29.509 23704 23720 I chatty  : uid=10400(org.mozilla.fennec_aurora) expire 4 lines
07-06 18:39:29.578 23704 23732 I chatty  : uid=10400(org.mozilla.fennec_aurora) expire 11 lines
07-06 18:39:29.595 23704 23731 I chatty  : uid=10400(org.mozilla.fennec_aurora) expire 14 lines
07-06 18:39:29.602 23704 23736 I chatty  : uid=10400(org.mozilla.fennec_aurora) expire 67 lines
07-06 18:39:29.603 23704 23735 I chatty  : uid=10400(org.mozilla.fennec_aurora) expire 15 lines
07-06 18:39:29.688 23704 23734 I chatty  : uid=10400(org.mozilla.fennec_aurora) expire 2 lines
07-06 18:39:29.741 23704 23764 I chatty  : uid=10400(org.mozilla.fennec_aurora) expire 1 line
07-06 18:39:29.751  1694  1710 I ActivityManager: START u0 {act=android.intent.action.MAIN cat=[android.intent.category.LAUNCHER] flg=0x10000000 cmp=org.mozilla.fennec_aurora/org.mozilla.fenix.HomeActivity (has extras)} from uid 10400
07-06 18:39:29.767   890   890 D SurfaceFlinger: duplicate layer name: changing Splash Screen org.mozilla.fennec_aurora to Splash Screen org.mozilla.fennec_aurora#1
07-06 18:39:29.772 23704 23709 I chatty  : uid=10400(org.mozilla.fennec_aurora) expire 6 lines
07-06 18:39:29.803 23789 23789 E SchedPolicy: open of /dev/cpuctl/bg_non_interactive/tasks failed: No such file or directory
07-06 18:39:29.803  1694  1709 I ActivityManager: Start proc 23789:org.mozilla.fennec_aurora:tab0/u0a400 for service org.mozilla.fennec_aurora/org.mozilla.gecko.process.GeckoChildProcessServices$tab0
07-06 18:39:29.805 23704 23777 I chatty  : uid=10400(org.mozilla.fennec_aurora) expire 1 line
07-06 18:39:29.882 23789 23789 I chatty  : uid=10400(org.mozilla.fennec_aurora) expire 1 line
07-06 18:39:29.883 23789 23810 I chatty  : uid=10400(org.mozilla.fennec_aurora) expire 1 line
07-06 18:39:30.129 23704 23760 I chatty  : uid=10400(org.mozilla.fennec_aurora) expire 1 line
07-06 18:39:30.136 23704 23821 I chatty  : uid=10400(org.mozilla.fennec_aurora) expire 9 lines
07-06 18:39:30.150 23704 23704 I chatty  : uid=10400(org.mozilla.fennec_aurora) expire 23 lines
07-06 18:39:30.153  1694  3149 I WifiService: getDhcpInfo uid=10400
07-06 18:39:30.174 23704 23735 I chatty  : uid=10400(org.mozilla.fennec_aurora) expire 4 lines
07-06 18:39:30.218   890   890 I SFPerfTracer:      triggers: (rate: 43:20200) (compose: 0:24) (post: 2:214) (render: 16:468) (20:473995 frames) (21:605877)
07-06 18:39:30.218   890   890 D SFPerfTracer:        layers: (3:14) (StatusBar#0 (0xae95f000): 0:184974) (com.android.systemui.ImageWallpaper#0 (0xae961000): 0:5979)* (Sprite#0 (0xac5bd000): 0:28)* (DimLayerController/Stack=0#0 (0xac748000): 0:7292)* (NavigationBar#0 (0xac5a5000): 0:22811) (animation background stackId=1#0 (0xac5c1000): 0:14)* (com.android.launcher3/com.android.launcher3.CustomizationPanelLauncher#0 (0xac754000): 0:8)- (com.android.launcher3/com.android.launcher3.CustomizationPanelLauncher#1 (0xac589000): 0:9)- (Splash Screen org.mozilla.fennec_aurora#1 (0xac5f8000): 0:31)- (org.mozilla.fennec_aurora/org.mozilla.fenix.HomeActivity#0 (0xac8a6000): 0:51)- (com.android.launcher3/com.android.launcher3.CustomizationPanelLauncher#0 (0xac5f8000): 0:8)* (com.android.launcher3/com.android.launcher3.CustomizationPanelLauncher#1 (0xac754000): 0:9)* (Splash Screen org.mozilla.fennec_aurora#0 (0xac8a6000): 0:19)- (Splash Screen org.mozilla.fennec_aurora#1 (0xac589000): 18:22) 
07-06 18:39:30.295  1694  3944 I ActivityManager: Displayed org.mozilla.fennec_aurora/org.mozilla.fenix.HomeActivity: +477ms (total +913ms)
07-06 18:39:30.295  1694  3944 I ActivityManager: Fully drawn org.mozilla.fennec_aurora/org.mozilla.fenix.HomeActivity: +477ms (total +913ms)
07-06 18:39:30.320  1694  1811 I LaunchCheckinHandler: Displayed org.mozilla.fennec_aurora/org.mozilla.fenix.HomeActivity,wp,ca,502
07-06 18:39:30.321 22780 22780 I GoogleInputMethodService: GoogleInputMethodService.onFinishInput():3138 
07-06 18:39:30.322 22780 22780 I GoogleInputMethodService: GoogleInputMethodService.onStartInput():1808 
07-06 18:39:30.334  8504  8504 I MemoryTrimmer: Trimming objects from memory, since app is in the background.
07-06 18:39:30.340  8504  8504 I MemoryTrimmer: Trimming objects from memory, since app is in the background.
07-06 18:39:30.342  8504 21541 I PBSessionCacheImpl: Deleted sessionId[37402581481862785] from persistence.
07-06 18:39:30.344  1694  1709 I WifiService: getWifiEnabledState uid=10077
07-06 18:39:30.347  8504  8532 W SearchServiceCore: Abort, client detached.
