03-23 16:40:04.880  1456  1473 I ActivityManager: Start proc 15673:org.mozilla.fennec_aurora/u0a1162 for activity org.mozilla.fennec_aurora/.App
03-23 16:40:04.968 28336 28379 I MicroDetectionState: Should stop hotword detection immediately - false
03-23 16:40:04.968 28336 28379 I MicroDetector: Keeping mic open: false
03-23 16:40:04.968 28336 21552 E DeviceStateChecker: DeviceStateChecker cancelled
03-23 16:40:04.968 28336 28379 I RecognitionAudioControl: #shutdownAudio [requestId: -6905378384998702185, keepAudioOpen: false, forced: true]
03-23 16:40:04.969 28336 28379 I RecognitionAudioControl: #internalShutdownAudio [requestId: -6905378384998702185]
03-23 16:40:04.969 28336 28379 I RecognitionAudioControl: #internalShutdownAudio [keepAudioOpen: false, forced: true]
03-23 16:40:04.969 28336 28379 I RecognitionAudioControl: #actualShutdownAudio
03-23 16:40:04.969 28336 28379 I AudioController: #shutdown [requestId=-6905378384998702185]
03-23 16:40:04.969 28336 28366 I AudioController: internalShutdown
03-23 16:40:04.969 28336 28378 I MicroRecognitionRunner: Stopping hotword detection.
03-23 16:40:05.029   788   788 D audio_hw_primary: disable_audio_route: usecase(9) reset and update mixer path: audio-record
03-23 16:40:05.030   788   788 D audio_hw_primary: disable_snd_device: snd_device(120: voice-rec-mic)
03-23 16:40:05.032  1012  1390 D APM_AudioPolicyManager: stopInput() input 238166, session 238281
03-23 16:40:05.033   788   788 D audio_hw_primary: in_set_parameters: enter: kvpairs=routing=0
03-23 16:40:05.034 28336 28366 I MicrophoneInputStream: mic_close  SR : 16000 CC : 16 SO : 1999
03-23 16:40:05.035 28336 28366 E AudioSource: Stop listening is called on already closed AudioSource
03-23 16:40:05.036 28336 21549 I MicroRecognitionRunner: Detection finished
03-23 16:40:05.050 15673 15673 I chatty  : uid=11162(org.mozilla.fennec_aurora) expire 45 lines
03-23 16:40:05.123 15673 15692 I chatty  : uid=11162(org.mozilla.fennec_aurora) expire 4 lines
03-23 16:40:05.145 15673 15700 I chatty  : uid=11162(org.mozilla.fennec_aurora) expire 13 lines
03-23 16:40:05.178 15673 15699 I chatty  : uid=11162(org.mozilla.fennec_aurora) expire 11 lines
03-23 16:40:05.182 15673 15703 I chatty  : uid=11162(org.mozilla.fennec_aurora) expire 22 lines
03-23 16:40:05.271 15673 15711 I chatty  : uid=11162(org.mozilla.fennec_aurora) expire 1 line
03-23 16:40:05.313   808   898 I SFPerfTracer:      triggers: (rate: 0:1) (0 sw vsyncs) (0 skipped) (20:5586857 vsyncs) (22:12028047)
03-23 16:40:05.318   808   808 I SFPerfTracer:      triggers: (rate: 71:2010208) (compose: 0:7) (post: 0:19) (render: 0:17) (16:9664512 frames) (17:11944543)
03-23 16:40:05.318   808   808 D SFPerfTracer:        layers: (3:14) (NavigationBar#0 (0xb07df000): 9:816954) (StatusBar#0 (0xb07e3000): 9:2008376) (com.android.systemui.ImageWallpaper#0 (0xb07e7000): 0:74660)* (Sprite#0 (0xb0733000): 0:317)* (DimLayerController/Stack=0#0 (0xb075a000): 0:3780)* (Sprite#1 (0xb077c000): 0:195)* (com.android.launcher3/com.android.launcher3.CustomizationPanelLauncher#0 (0xb0763000): 0:38)- (com.android.launcher3/com.android.launcher3.CustomizationPanelLauncher#1 (0xb0771000): 0:10)- (Splash Screen org.mozilla.fennec_aurora#0 (0xb039b000): 0:19)- (Splash Screen org.mozilla.fennec_aurora#1 (0xb013a000): 0:30)- (org.mozilla.fennec_aurora/org.mozilla.fenix.HomeActivity#0 (0xb039b000): 0:46)- (com.android.launcher3/com.android.launcher3.CustomizationPanelLauncher#0 (0xb0763000): 0:40)* (com.android.launcher3/com.android.launcher3.CustomizationPanelLauncher#1 (0xb0771000): 0:14)* (Splash Screen org.mozilla.fennec_aurora#0 (0xb039b000): 16:19) 
03-23 16:40:05.326 15673 15678 I chatty  : uid=11162(org.mozilla.fennec_aurora) expire 6 lines
03-23 16:40:05.337 15673 15720 I chatty  : uid=11162(org.mozilla.fennec_aurora) expire 10 lines
03-23 16:40:05.370  1456  2920 I ActivityManager: START u0 {act=android.intent.action.MAIN cat=[android.intent.category.LAUNCHER] flg=0x10000000 cmp=org.mozilla.fennec_aurora/org.mozilla.fenix.HomeActivity (has extras)} from uid 11162
03-23 16:40:05.383   808   808 D SurfaceFlinger: duplicate layer name: changing Splash Screen org.mozilla.fennec_aurora to Splash Screen org.mozilla.fennec_aurora#1
03-23 16:40:05.594  1456  1473 I ActivityManager: Start proc 15759:org.mozilla.fennec_aurora:tab0/u0a1162 for service org.mozilla.fennec_aurora/org.mozilla.gecko.process.GeckoChildProcessServices$tab0
03-23 16:40:05.708 15673 15673 E ActivityThread: Failed to find provider info for org.mozilla.firefox_beta.fxa.auth
03-23 16:40:05.708 15673 15673 E ActivityThread: Failed to find provider info for org.mozilla.fennec_aurora.fxa.auth
03-23 16:40:05.740 15759 15759 I chatty  : uid=11162(org.mozilla.fennec_aurora) expire 1 line
03-23 16:40:05.740 15759 15778 I chatty  : uid=11162(org.mozilla.fennec_aurora) expire 1 line
03-23 16:40:05.788 15673 15784 I chatty  : uid=11162(org.mozilla.fennec_aurora) expire 9 lines
03-23 16:40:06.127  1456  1673 I LaunchCheckinHandler: Displayed org.mozilla.fennec_aurora/org.mozilla.fenix.HomeActivity,wp,ca,705
03-23 16:40:06.128  1456  1673 I ActivityManager: Displayed org.mozilla.fennec_aurora/org.mozilla.fenix.HomeActivity: +698ms (total +1s252ms)
03-23 16:40:06.146 28336 28336 I MemoryTrimmer: Trimming objects from memory, since app is in the background.
03-23 16:40:06.152 28336 28379 E AudioSource: Stop listening is called on already closed AudioSource
03-23 16:40:06.155 28336 28336 I MemoryTrimmer: Trimming objects from memory, since app is in the background.
03-23 16:40:06.157 28336  9797 I PBSessionCacheImpl: Deleted sessionId[124624629806596404] from persistence.
03-23 16:40:06.160  1456  6339 I WifiService: getWifiEnabledState uid=10073
03-23 16:40:06.163 28336 28379 I DEBUG   : OpaToSrpTransitionState#onStateChanged#notNullQuery
03-23 16:40:06.164 28336 28379 I DEBUG   : OpaToSrpTransitionState#onStateChanged#notNullQuery
03-23 16:40:06.166 28336 28379 W SearchServiceCore: Abort, client detached.
03-23 16:40:06.191 15673 15673 E ActivityThread: Failed to find provider info for org.mozilla.firefox_beta.fxa.auth
03-23 16:40:06.191 15673 15673 E ActivityThread: Failed to find provider info for org.mozilla.fennec_aurora.fxa.auth
03-23 16:40:06.306 15673 15673 I chatty  : uid=11162(org.mozilla.fennec_aurora) expire 13 lines
03-23 16:40:06.309 15673 15703 I chatty  : uid=11162(org.mozilla.fennec_aurora) expire 5 lines
03-23 16:40:06.342 15673 15801 I chatty  : uid=11162(org.mozilla.fennec_aurora) expire 2 lines
03-23 16:40:06.487  1023 15807 D libc    : Internal error: netid(0), id(0x649c), server(0.0.0.0)
03-23 16:40:06.487  1023 15807 D libc    : Internal error: netid(0), id(0x649c), server(0.0.0.0)
03-23 16:40:06.488  1023 15807 D libc    : Internal error: netid(0), id(0x22e2), server(0.0.0.0)
03-23 16:40:06.488  1023 15807 D libc    : Internal error: netid(0), id(0x22e2), server(0.0.0.0)
03-23 16:40:06.505  1023 15817 D libc    : Internal error: netid(0), id(0xf4de), server(0.0.0.0)
03-23 16:40:06.505  1023 15817 D libc    : Internal error: netid(0), id(0xf4de), server(0.0.0.0)
03-23 16:40:06.506  1023 15817 D libc    : Internal error: netid(0), id(0xbed4), server(0.0.0.0)
03-23 16:40:06.506  1023 15817 D libc    : Internal error: netid(0), id(0xbed4), server(0.0.0.0)
03-23 16:40:06.508  1023 15819 D libc    : Internal error: netid(0), id(0x6988), server(0.0.0.0)
03-23 16:40:06.508  1023 15819 D libc    : Internal error: netid(0), id(0x6988), server(0.0.0.0)
03-23 16:40:06.509  1023 15819 D libc    : Internal error: netid(0), id(0x4f9c), server(0.0.0.0)
03-23 16:40:06.509  1023 15819 D libc    : Internal error: netid(0), id(0x4f9c), server(0.0.0.0)
03-23 16:40:06.511 15673 15700 I chatty  : uid=11162(org.mozilla.fennec_aurora) expire 1 line
03-23 16:40:06.512 15673 15729 I chatty  : uid=11162(org.mozilla.fennec_aurora) expire 3 lines
03-23 16:40:06.513 15673 15726 I chatty  : uid=11162(org.mozilla.fennec_aurora) expire 1 line
03-23 16:40:06.546  1023 15832 D libc    : Internal error: netid(0), id(0xa9cf), server(0.0.0.0)
03-23 16:40:06.546  1023 15832 D libc    : Internal error: netid(0), id(0xa9cf), server(0.0.0.0)
03-23 16:40:06.547  1023 15832 D libc    : Internal error: netid(0), id(0x3bed), server(0.0.0.0)
03-23 16:40:06.547  1023 15832 D libc    : Internal error: netid(0), id(0x3bed), server(0.0.0.0)
03-23 16:40:06.551  1023 15834 D libc    : Internal error: netid(0), id(0xc4d0), server(0.0.0.0)
03-23 16:40:06.551  1023 15834 D libc    : Internal error: netid(0), id(0xc4d0), server(0.0.0.0)
03-23 16:40:06.551  1023 15834 D libc    : Internal error: netid(0), id(0x499d), server(0.0.0.0)
03-23 16:40:06.551  1023 15834 D libc    : Internal error: netid(0), id(0x499d), server(0.0.0.0)
03-23 16:40:06.554  1023 15839 D libc    : Internal error: netid(0), id(0x31db), server(0.0.0.0)
03-23 16:40:06.554  1023 15839 D libc    : Internal error: netid(0), id(0x31db), server(0.0.0.0)
03-23 16:40:06.555  1023 15839 D libc    : Internal error: netid(0), id(0x82c9), server(0.0.0.0)
03-23 16:40:06.555  1023 15839 D libc    : Internal error: netid(0), id(0x82c9), server(0.0.0.0)
03-23 16:40:06.556 15673 15724 I chatty  : uid=11162(org.mozilla.fennec_aurora) expire 1 line
03-23 16:40:06.612 15673 15678 I chatty  : uid=11162(org.mozilla.fennec_aurora) expire 2 lines
03-23 16:40:10.522 15872 15872 D AndroidRuntime: >>>>>> START com.android.internal.os.RuntimeInit uid 2000 <<<<<<
03-23 16:40:10.535 15872 15872 W app_process: Could not reserve sentinel fault page
03-23 16:40:10.702 15872 15872 I app_process: The ClassLoaderContext is a special shared library.
03-23 16:40:10.771 15872 15872 D AndroidRuntime: Calling main entry com.android.commands.input.Input
03-23 16:40:10.773 15872 15872 I Input   : injectKeyEvent: KeyEvent { action=ACTION_DOWN, keyCode=KEYCODE_HOME, scanCode=0, metaState=0, flags=0x0, repeatCount=0, eventTime=17072066052, downTime=17072066052, deviceId=-1, source=0x101 }
03-23 16:40:10.784 15872 15872 I Input   : injectKeyEvent: KeyEvent { action=ACTION_UP, keyCode=KEYCODE_HOME, scanCode=0, metaState=0, flags=0x0, repeatCount=0, eventTime=17072066052, downTime=17072066052, deviceId=-1, source=0x101 }
03-23 16:40:10.790  1456  1941 I ActivityManager: START u0 {act=android.intent.action.MAIN cat=[android.intent.category.HOME] flg=0x10200000 cmp=com.android.launcher3/.CustomizationPanelLauncher (has extras)} from uid 1000
03-23 16:40:10.791   794   839 E ANDR-PERF-RESOURCEQS: Failed to apply optimization [4, 0]
03-23 16:40:10.802  1456  1941 I ActivityManager: moveHomeStack, setupComplete:true
03-23 16:40:10.805 15872 15872 D AndroidRuntime: Shutting down VM
03-23 16:40:10.816 28336 28375 I Adreno  : QUALCOMM build                   : bb5b86c, I77d3059488
03-23 16:40:10.816 28336 28375 I Adreno  : Build Date                       : 06/07/18
03-23 16:40:10.816 28336 28375 I Adreno  : OpenGL ES Shader Compiler Version: EV031.22.00.01_06
03-23 16:40:10.816 28336 28375 I Adreno  : Local Branch                     : 
03-23 16:40:10.816 28336 28375 I Adreno  : Remote Branch                    : refs/tags/AU_LINUX_ANDROID_LA.UM.6.5.R1.08.01.00.312.086
03-23 16:40:10.816 28336 28375 I Adreno  : Remote Branch                    : NONE
03-23 16:40:10.816 28336 28375 I Adreno  : Reconstruct Branch               : NOTHING
03-23 16:40:10.819 28336 28375 D vndksupport: Loading /vendor/lib/hw/gralloc.msm8937.so from current namespace instead of sphal namespace.
03-23 16:40:10.823 28336 28375 I Adreno  : PFP: 0x005ff087, ME: 0x005ff063
03-23 16:40:10.827 28336 28375 I zygote  : android::hardware::configstore::V1_0::ISurfaceFlingerConfigs::hasWideColorDisplay retrieved: 0
03-23 16:40:10.829 28336 28375 I OpenGLRenderer: Initialized EGL, version 1.4
03-23 16:40:10.829 28336 28375 D OpenGLRenderer: Swap behavior 2
03-23 16:40:10.830  2748  2748 D Launcher.Utilities: Wakeup weather: Intent { act=com.motorola.launcher3.action.WAKEUP_WEATHER cmp=com.motorola.timeweatherwidget/com.motorola.commandcenter.weather.WakeUpService }
03-23 16:40:10.845  1456  1456 I NotificationService: Cannot find enqueued record for key: 0|com.motorola.timeweatherwidget|1|null|10116
03-23 16:40:10.850   808   808 D SurfaceFlinger: duplicate layer name: changing com.android.launcher3/com.android.launcher3.CustomizationPanelLauncher to com.android.launcher3/com.android.launcher3.CustomizationPanelLauncher#1
03-23 16:40:10.860 28336 28369 W ThreadPoolDumper: Queue length for executor EventBus is now 11. Perhaps some tasks are too long, or the pool is too small.
03-23 16:40:10.862  1456  2920 I WifiService: getWifiEnabledState uid=10073
03-23 16:40:10.877  1456  2920 I WifiService: getWifiEnabledState uid=10073
03-23 16:40:10.887 28336 28379 I DEBUG   : OpaToSrpTransitionState#onStateChanged#notNullQuery
03-23 16:40:10.888 28336 28379 I DEBUG   : OpaToSrpTransitionState#onStateChanged#notNullQuery
03-23 16:40:10.902 28336 28379 I MicroDetectionState: Should stop hotword detection immediately - false
03-23 16:40:10.906 28336 28379 I MicroDetectionWorker: #startMicroDetector [speakerMode: 0]
03-23 16:40:10.907 28336 28379 I AudioController: Created new AudioSource
03-23 16:40:10.931  1456  1673 I LaunchCheckinHandler: Displayed com.android.launcher3/.CustomizationPanelLauncher,wp,wa,139
03-23 16:40:10.932 28336 28380 I MicroDataManager: isInitializedWithLatestParams-true
03-23 16:40:10.932 28336 28380 I MicroDataManager: isInitializing-false locale not changed-true model not changed-true
03-23 16:40:10.932 28336 28380 I MicroDataManager: Already initialized, obtaining the hotword data immediately.
03-23 16:40:10.937 28336 21552 I MicroRecognitionRunner: Starting detection.
03-23 16:40:10.937 28336 21552 I InputStreamUtils: Using micInputStream
03-23 16:40:10.938 28336  9797 I MicrophoneInputStream: mic_starting  SR : 16000 CC : 16 SO : 1999
03-23 16:40:10.940   788   788 V msm8974_platform: platform_check_input_mask: enter check_input_mask source 6 mask 10
03-23 16:40:10.942  1012 15887 I AudioFlinger: AudioFlinger's thread 0xb2483380 tid=15887 ready to run
03-23 16:40:10.948   788   788 D audio_hw_primary: in_set_parameters: enter: kvpairs=input_source=6;routing=-2147483644
03-23 16:40:10.950  1012 11031 D APM_AudioPolicyManager: AudioPolicyManager::startInput() input 238174, session 238289, source = 1999
03-23 16:40:10.951 28336  9797 I MicrophoneInputStream: mic_started  SR : 16000 CC : 16 SO : 1999
03-23 16:40:10.952   788 15888 V msm8974_platform: platform_update_usecase_from_source: input source :6
03-23 16:40:10.952   788 15888 V msm8974_platform: platform_check_input_mask: enter check_input_mask source 6 mask 10
03-23 16:40:10.952   788 15888 V msm8974_platform: platform_get_input_snd_device: enter: out_device(0) in_device(0x4) channel_count (1) channel_mask (0x10)
03-23 16:40:10.952   788 15888 V msm8974_platform: platform_get_input_snd_device: exit: in_snd_device(voice-rec-mic)
03-23 16:40:10.952   788 15888 V msm8974_platform: platform_get_backend_index:napb: backend port - 5 device - 120 
03-23 16:40:10.952   788 15888 V msm8974_platform: platform_check_and_set_capture_backend_cfg:txbecf: afe: bitwidth 0, samplerate 0, channel 1, backend_idx 5 usecase = 9 device (voice-rec-mic)
03-23 16:40:10.952   788 15888 V msm8974_platform: platform_check_capture_backend_cfg:txbecf: afe: Codec selected backend: 5 current bit width: 0 and sample rate: 0, channels 1
03-23 16:40:10.952   788 15888 V msm8974_platform: platform_check_capture_backend_cfg:txbecf: afe: Codec selected backend: 5 updated bit width: 0 and sample rate: 0
03-23 16:40:10.952   788 15888 I msm8974_platform: platform_check_capture_backend_cfg:txbecf: afe: Codec backend needs to be updated. new bit width: 0 new sample rate: 0 new channel: 1
03-23 16:40:10.952   788 15888 V msm8974_platform: platform_get_backend_index:napb: backend port - 5 device - 120 
03-23 16:40:10.952   788 15888 V msm8974_platform: platform_set_backend_cfg:becf: afe: bitwidth 0, samplerate 0 channels 1, backend_idx 5 device (voice-rec-mic)
03-23 16:40:10.952   788 15888 E msm8974_platform: platform_set_backend_cfg:becf: afe: Could not get ctl for mixer command - SLIM_0_TX Format
03-23 16:40:10.952   788 15888 V msm8974_platform: platform_send_audio_calibration: sending audio calibration for snd_device(120) acdb_id(62)
03-23 16:40:10.952   788 15888 D ACDB-LOADER: ACDB -> send_audio_cal, acdb_id = 62, path = 1, app id = 0x11130, sample rate = 48000
03-23 16:40:10.952   788 15888 D ACDB-LOADER: ACDB -> send_asm_topology
03-23 16:40:10.952   788 15888 D ACDB-LOADER: ACDB -> ACDB_CMD_GET_AUDPROC_STREAM_TOPOLOGY_ID
03-23 16:40:10.952   788 15888 D ACDB-LOADER: ACDB -> send_adm_topology
03-23 16:40:10.952   788 15888 D ACDB-LOADER: ACDB -> ACDB_CMD_GET_AUDPROC_COMMON_TOPOLOGY_ID
03-23 16:40:10.953   788 15888 D ACDB-LOADER: ACDB -> send_audtable
03-23 16:40:10.953   788 15888 D ACDB-LOADER: ACDB -> ACDB_CMD_GET_AUDPROC_COMMON_TABLE_SIZE
03-23 16:40:10.953   788 15888 D ACDB-LOADER: ACDB -> ACDB_CMD_GET_AUDPROC_COMMON_TABLE
03-23 16:40:10.953   788 15888 D ACDB-LOADER: ACDB -> AUDIO_SET_AUDPROC_CAL
03-23 16:40:10.953   788 15888 D ACDB-LOADER: ACDB -> send_audvoltable
03-23 16:40:10.953   788 15888 D ACDB-LOADER: ACDB -> ACDB_CMD_GET_AUDPROC_VOL_STEP_TABLE_SIZE
03-23 16:40:10.953   788 15888 D ACDB-LOADER: ACDB -> ACDB_CMD_GET_AUDPROC_GAIN_DEP_STEP_TABLE, vol index 0
03-23 16:40:10.953   788 15888 D         : Failed to fetch the lookup information of the device 0000003E 
03-23 16:40:10.953   788 15888 D ACDB-LOADER: ACDB -> AUDIO_SET_VOL_CAL cal type = 12
03-23 16:40:10.953   788 15888 D ACDB-LOADER: ACDB -> ACDB_CMD_GET_AUDPROC_STREAM_TABLE_SIZE
03-23 16:40:10.953   788 15888 D ACDB-LOADER: ACDB -> send_audstrmtable
03-23 16:40:10.953   788 15888 D ACDB-LOADER: ACDB -> ACDB_CMD_GET_AUDPROC_STREAM_TABLE_V2
03-23 16:40:10.953   788 15888 D ACDB-LOADER: ACDB -> audstrm_cal->cal_type.cal_data.cal_size = 456
03-23 16:40:10.953   788 15888 D ACDB-LOADER: ACDB -> send_afe_topology
03-23 16:40:10.953   788 15888 D ACDB-LOADER: ACDB -> ACDB_CMD_GET_AFE_TOPOLOGY_ID
03-23 16:40:10.953   788 15888 D ACDB-LOADER: ACDB -> GET_AFE_TOPOLOGY_ID for adcd_id 62, Topology Id 112fb
03-23 16:40:10.953   788 15888 D ACDB-LOADER: ACDB -> send_afe_cal
03-23 16:40:10.953   788 15888 D ACDB-LOADER: ACDB -> ACDB_CMD_GET_AFE_COMMON_TABLE_SIZE
03-23 16:40:10.953   788 15888 D         : Failed to fetch the lookup information of the device 0000003E 
03-23 16:40:10.953   788 15888 E ACDB-LOADER: Error: ACDB_CMD_GET_AFE_COMMON_TABLE_SIZE Returned = -19
03-23 16:40:10.953   788 15888 D ACDB-LOADER: ACDB -> ACDB_CMD_GET_AFE_COMMON_TABLE
03-23 16:40:10.953   788 15888 D         : Failed to fetch the lookup information of the device 0000003E 
03-23 16:40:10.953   788 15888 D ACDB-LOADER: ACDB -> AUDIO_SET_AFE_CAL
03-23 16:40:10.953   788 15888 D ACDB-LOADER: ACDB -> send_hw_delay : acdb_id = 62 path = 1
03-23 16:40:10.953   788 15888 D ACDB-LOADER: ACDB -> ACDB_AVSYNC_INFO: ACDB_CMD_GET_DEVICE_PROPERTY
03-23 16:40:10.953   788 15888 D audio_hw_primary: enable_snd_device: snd_device(120: voice-rec-mic)
03-23 16:40:10.953   788 15888 D audio_route: Apply path: voice-rec-mic
03-23 16:40:10.956   788 15888 V msm8974_platform: platform_get_snd_device_backend_index: enter with device 120
03-23 16:40:10.956   788 15888 E msm8974_platform: platform_get_snd_device_backend_index: BE DAI Name Table is not present
03-23 16:40:10.956   788 15888 V msm8974_platform: platform_get_backend_index:napb: backend port - 5 device - 120 
03-23 16:40:10.956   788 15888 I audio_hw_utils: Set Audio Stream Capture 0 App Type Cfg: app_type 69936, acdb_dev_id 62, sample_rate 48000, snd_device_be_idx -14
03-23 16:40:10.957   788 15888 D audio_hw_primary: enable_audio_route: usecase(9) apply and update mixer path: audio-record
03-23 16:40:10.957   788 15888 D audio_route: Apply path: audio-record
03-23 16:40:11.026 28336 28379 I MicroDetectionWorker: onReady
03-23 16:40:11.054  2146  2165 I zygote  : NativeAlloc concurrent copying GC freed 20725(1091KB) AllocSpace objects, 0(0B) LOS objects, 49% free, 8MB/17MB, paused 124us total 112.820ms
03-23 16:40:11.334  1456  7796 I OpenGLRenderer: Initialized EGL, version 1.4
03-23 16:40:11.335  1456  7796 D OpenGLRenderer: Swap behavior 2
03-23 16:40:11.384  2748  2917 W OpenGLRenderer: Incorrectly called buildLayer on View: ShortcutAndWidgetContainer, destroying layer...
03-23 16:40:11.504 15673 15699 I chatty  : uid=11162(org.mozilla.fennec_aurora) expire 6 lines
03-23 16:40:11.684  1456  1466 I zygote  : NativeAlloc concurrent copying GC freed 40288(2MB) AllocSpace objects, 26(904KB) LOS objects, 38% free, 39MB/63MB, paused 157us total 349.790ms
03-23 16:40:15.963  1456  2920 I ActivityManager: Force stopping org.mozilla.fennec_aurora appid=11162 user=0: from pid 15893
03-23 16:40:15.964  1456  2920 I ActivityManager: Killing 15673:org.mozilla.fennec_aurora/u0a1162 (adj 700): stop org.mozilla.fennec_aurora
03-23 16:40:15.967  1456  1605 W zygote  : kill(-15673, 9) failed: No such process
03-23 16:40:15.967  1456  2920 W ActivityManager: Force removing ActivityRecord{8f91341 u0 org.mozilla.fennec_aurora/org.mozilla.fenix.HomeActivity t44944}: app died, no saved state
03-23 16:40:15.967 15759 15759 I chatty  : uid=11162(org.mozilla.fennec_aurora) expire 1 line
03-23 16:40:15.976  1456  2920 I ActivityManager: Killing 15759:org.mozilla.fennec_aurora:tab0/u0a1162 (adj 0): stop org.mozilla.fennec_aurora
03-23 16:40:15.987  2398  2398 D CarrierSvcBindHelper: No carrier app for: 0
03-23 16:40:15.988  2398  2398 D CarrierSvcBindHelper: No carrier app for: 1
03-23 16:40:15.990  1456  1605 W zygote  : kill(-15673, 9) failed: No such process
03-23 16:40:16.039  1456  1605 I chatty  : uid=1000(system) ActivityManager identical 8 lines
03-23 16:40:16.045  1456  1673 W ActivityManager: setHasOverlayUi called on unknown pid: 15673
03-23 16:40:16.055  1456  1605 W zygote  : kill(-15673, 9) failed: No such process
03-23 16:40:16.055  1456  1605 I zygote  : Successfully killed process cgroup uid 11162 pid 15673 in 89ms
03-23 16:40:16.055  1456  1605 W zygote  : kill(-15759, 9) failed: No such process
03-23 16:40:16.055  1456  1605 I zygote  : Successfully killed process cgroup uid 11162 pid 15759 in 0ms
03-23 16:40:16.084  1456  5027 I ActivityManager: START u0 {act=android.intent.action.MAIN cat=[android.intent.category.LAUNCHER] flg=0x10000000 cmp=org.mozilla.fennec_aurora/.App} from uid 2000
03-23 16:40:16.085   794   839 E ANDR-PERF-RESOURCEQS: Failed to apply optimization [4, 0]
03-23 16:40:16.104  1456  2196 I ActivityManager: Start proc 15900:org.mozilla.fennec_aurora/u0a1162 for activity org.mozilla.fennec_aurora/.App
03-23 16:40:16.192 28336 28379 I MicroDetectionState: Should stop hotword detection immediately - false
03-23 16:40:16.192 28336 28379 I MicroDetector: Keeping mic open: false
03-23 16:40:16.193 28336 21549 E DeviceStateChecker: DeviceStateChecker cancelled
03-23 16:40:16.193 28336 28379 I RecognitionAudioControl: #shutdownAudio [requestId: 8112491317642637794, keepAudioOpen: false, forced: true]
03-23 16:40:16.193 28336 28379 I RecognitionAudioControl: #internalShutdownAudio [requestId: 8112491317642637794]
03-23 16:40:16.193 28336 28379 I RecognitionAudioControl: #internalShutdownAudio [keepAudioOpen: false, forced: true]
03-23 16:40:16.193 28336 28379 I RecognitionAudioControl: #actualShutdownAudio
03-23 16:40:16.193 28336 28379 I AudioController: #shutdown [requestId=8112491317642637794]
03-23 16:40:16.193 28336 28366 I AudioController: internalShutdown
03-23 16:40:16.193 28336 28362 I MicroRecognitionRunner: Stopping hotword detection.
03-23 16:40:16.194   808   808 I SFPerfTracer:      triggers: (rate: 71:2010210) (compose: 0:7) (post: 0:19) (render: 0:17) (0:9664582 frames) (1:11944643)
03-23 16:40:16.195   808   808 D SFPerfTracer:        layers: (2:14) (NavigationBar#0 (0xb07df000): 1:816966) (StatusBar#0 (0xb07e3000): 1:2008391) (com.android.systemui.ImageWallpaper#0 (0xb07e7000): 1:74662)* (Sprite#0 (0xb0733000): 0:317)* (DimLayerController/Stack=0#0 (0xb075a000): 0:3780)* (Sprite#1 (0xb077c000): 0:195)* (com.android.launcher3/com.android.launcher3.CustomizationPanelLauncher#0 (0xb0763000): 0:40)- (com.android.launcher3/com.android.launcher3.CustomizationPanelLauncher#1 (0xb0771000): 0:14)- (Splash Screen org.mozilla.fennec_aurora#0 (0xb039b000): 0:19)- (Splash Screen org.mozilla.fennec_aurora#1 (0xaff6b000): 0:30)- (org.mozilla.fennec_aurora/org.mozilla.fenix.HomeActivity#0 (0xb039b000): 0:47)- (com.android.launcher3/com.android.launcher3.CustomizationPanelLauncher#0 (0xb0763000): 1:37)* (com.android.launcher3/com.android.launcher3.CustomizationPanelLauncher#1 (0xb0771000): 1:9)* (Splash Screen org.mozilla.fennec_aurora#0 (0xb039b000): 1:3)* 
03-23 16:40:16.246   788   788 D audio_hw_primary: disable_audio_route: usecase(9) reset and update mixer path: audio-record
03-23 16:40:16.247   788   788 D audio_hw_primary: disable_snd_device: snd_device(120: voice-rec-mic)
03-23 16:40:16.249  1012  1302 D APM_AudioPolicyManager: stopInput() input 238174, session 238289
03-23 16:40:16.249   788   788 D audio_hw_primary: in_set_parameters: enter: kvpairs=routing=0
03-23 16:40:16.251 28336 28366 I MicrophoneInputStream: mic_close  SR : 16000 CC : 16 SO : 1999
03-23 16:40:16.251 28336 28366 E AudioSource: Stop listening is called on already closed AudioSource
03-23 16:40:16.253 28336 21552 I MicroRecognitionRunner: Detection finished
03-23 16:40:16.273 15900 15900 I chatty  : uid=11162(org.mozilla.fennec_aurora) expire 58 lines
03-23 16:40:16.345 15900 15919 I chatty  : uid=11162(org.mozilla.fennec_aurora) expire 4 lines
03-23 16:40:16.371  1456  2921 D ConnectivityService: requestNetwork for uid/pid:11162/15900 NetworkRequest [ TRACK_DEFAULT id=33276, [ Capabilities: INTERNET&NOT_RESTRICTED&TRUSTED&NOT_VPN] ]
03-23 16:40:16.372  1456  2099 D Ethernet: got request NetworkRequest [ TRACK_DEFAULT id=33276, [ Capabilities: INTERNET&NOT_RESTRICTED&TRUSTED&NOT_VPN] ] with score 0
03-23 16:40:16.372  1456  2054 D WIFI_UT : got request NetworkRequest [ TRACK_DEFAULT id=33276, [ Capabilities: INTERNET&NOT_RESTRICTED&TRUSTED&NOT_VPN] ] with score 0
03-23 16:40:16.372  1456  2054 D WIFI    : got request NetworkRequest [ TRACK_DEFAULT id=33276, [ Capabilities: INTERNET&NOT_RESTRICTED&TRUSTED&NOT_VPN] ] with score 0
03-23 16:40:16.373  2398  2398 D PhoneSwitcherNetworkRequstListener: got request NetworkRequest [ TRACK_DEFAULT id=33276, [ Capabilities: INTERNET&NOT_RESTRICTED&TRUSTED&NOT_VPN] ] with score 0
03-23 16:40:16.382 15900 15930 I chatty  : uid=11162(org.mozilla.fennec_aurora) expire 14 lines
03-23 16:40:16.398 15900 15929 I chatty  : uid=11162(org.mozilla.fennec_aurora) expire 17 lines
03-23 16:40:16.407 15900 15933 I chatty  : uid=11162(org.mozilla.fennec_aurora) expire 27 lines
03-23 16:40:16.484 15900 15941 I chatty  : uid=11162(org.mozilla.fennec_aurora) expire 1 line
03-23 16:40:16.530 15900 15910 I chatty  : uid=11162(org.mozilla.fennec_aurora) expire 1 line
03-23 16:40:16.532 15900 15948 I chatty  : uid=11162(org.mozilla.fennec_aurora) expire 10 lines
03-23 16:40:16.542   808   898 I SFPerfTracer:      triggers: (rate: 0:1) (0 sw vsyncs) (0 skipped) (20:5586950 vsyncs) (22:12028166)
03-23 16:40:16.572  1456  3927 I ActivityManager: START u0 {act=android.intent.action.MAIN cat=[android.intent.category.LAUNCHER] flg=0x10000000 cmp=org.mozilla.fennec_aurora/org.mozilla.fenix.HomeActivity (has extras)} from uid 11162
03-23 16:40:16.581 15900 15905 I chatty  : uid=11162(org.mozilla.fennec_aurora) expire 8 lines
03-23 16:40:16.594   808   808 D SurfaceFlinger: duplicate layer name: changing Splash Screen org.mozilla.fennec_aurora to Splash Screen org.mozilla.fennec_aurora#1
03-23 16:40:16.844  1456  5027 I ActivityManager: Start proc 15984:org.mozilla.fennec_aurora:tab0/u0a1162 for service org.mozilla.fennec_aurora/org.mozilla.gecko.process.GeckoChildProcessServices$tab0
03-23 16:40:16.895 15900 15900 E ActivityThread: Failed to find provider info for org.mozilla.firefox_beta.fxa.auth
03-23 16:40:16.896 15900 15900 E ActivityThread: Failed to find provider info for org.mozilla.fennec_aurora.fxa.auth
03-23 16:40:16.979 15900 16009 I chatty  : uid=11162(org.mozilla.fennec_aurora) expire 9 lines
03-23 16:40:16.981 15984 15984 I chatty  : uid=11162(org.mozilla.fennec_aurora) expire 2 lines
03-23 16:40:16.982 15984 16010 I chatty  : uid=11162(org.mozilla.fennec_aurora) expire 1 line
03-23 16:40:17.316  1456  1673 I LaunchCheckinHandler: Displayed org.mozilla.fennec_aurora/org.mozilla.fenix.HomeActivity,wp,ca,704
03-23 16:40:17.316  1456  1673 I ActivityManager: Displayed org.mozilla.fennec_aurora/org.mozilla.fenix.HomeActivity: +696ms (total +1s215ms)
03-23 16:40:17.338 28336 28336 I MemoryTrimmer: Trimming objects from memory, since app is in the background.
03-23 16:40:17.345 28336 28379 E AudioSource: Stop listening is called on already closed AudioSource
03-23 16:40:17.347 28336 28336 I MemoryTrimmer: Trimming objects from memory, since app is in the background.
03-23 16:40:17.349 28336  9797 I PBSessionCacheImpl: Deleted sessionId[124624629806596409] from persistence.
03-23 16:40:17.353  1456  2921 I WifiService: getWifiEnabledState uid=10073
03-23 16:40:17.355 28336 28379 I DEBUG   : OpaToSrpTransitionState#onStateChanged#notNullQuery
03-23 16:40:17.355 28336 28379 I DEBUG   : OpaToSrpTransitionState#onStateChanged#notNullQuery
03-23 16:40:17.358 28336 28379 W SearchServiceCore: Abort, client detached.
03-23 16:40:17.383 15900 15900 E ActivityThread: Failed to find provider info for org.mozilla.firefox_beta.fxa.auth
03-23 16:40:17.384 15900 15900 E ActivityThread: Failed to find provider info for org.mozilla.fennec_aurora.fxa.auth
03-23 16:40:17.583 15900 16029 I chatty  : uid=11162(org.mozilla.fennec_aurora) expire 2 lines
03-23 16:40:17.724  1023 16035 D libc    : Internal error: netid(0), id(0xf8f2), server(0.0.0.0)
03-23 16:40:17.724  1023 16035 D libc    : Internal error: netid(0), id(0xf8f2), server(0.0.0.0)
03-23 16:40:17.725  1023 16035 D libc    : Internal error: netid(0), id(0x63cf), server(0.0.0.0)
03-23 16:40:17.725  1023 16035 D libc    : Internal error: netid(0), id(0x63cf), server(0.0.0.0)
03-23 16:40:17.741  1023 16044 D libc    : Internal error: netid(0), id(0xafd9), server(0.0.0.0)
03-23 16:40:17.741  1023 16044 D libc    : Internal error: netid(0), id(0xafd9), server(0.0.0.0)
03-23 16:40:17.741  1023 16044 D libc    : Internal error: netid(0), id(0x39a7), server(0.0.0.0)
03-23 16:40:17.742  1023 16044 D libc    : Internal error: netid(0), id(0x39a7), server(0.0.0.0)
03-23 16:40:17.745  1023 16048 D libc    : Internal error: netid(0), id(0x60e5), server(0.0.0.0)
03-23 16:40:17.745  1023 16048 D libc    : Internal error: netid(0), id(0x60e5), server(0.0.0.0)
03-23 16:40:17.745  1023 16048 D libc    : Internal error: netid(0), id(0x2682), server(0.0.0.0)
03-23 16:40:17.746  1023 16048 D libc    : Internal error: netid(0), id(0x2682), server(0.0.0.0)
03-23 16:40:17.746 15900 15932 I chatty  : uid=11162(org.mozilla.fennec_aurora) expire 1 line
03-23 16:40:17.747 15900 15953 I chatty  : uid=11162(org.mozilla.fennec_aurora) expire 1 line
03-23 16:40:17.776 15900 16056 I chatty  : uid=11162(org.mozilla.fennec_aurora) expire 1 line
03-23 16:40:17.795  1023 16065 D libc    : Internal error: netid(0), id(0x2d84), server(0.0.0.0)
03-23 16:40:17.795  1023 16065 D libc    : Internal error: netid(0), id(0x2d84), server(0.0.0.0)
03-23 16:40:17.795  1023 16065 D libc    : Internal error: netid(0), id(0xe9dd), server(0.0.0.0)
03-23 16:40:17.796  1023 16065 D libc    : Internal error: netid(0), id(0xe9dd), server(0.0.0.0)
03-23 16:40:17.801  1023 16068 D libc    : Internal error: netid(0), id(0x1bf5), server(0.0.0.0)
03-23 16:40:17.801  1023 16068 D libc    : Internal error: netid(0), id(0x1bf5), server(0.0.0.0)
03-23 16:40:17.801  1023 16068 D libc    : Internal error: netid(0), id(0x5bf0), server(0.0.0.0)
03-23 16:40:17.802  1023 16068 D libc    : Internal error: netid(0), id(0x5bf0), server(0.0.0.0)
03-23 16:40:17.804  1023 16070 D libc    : Internal error: netid(0), id(0x899c), server(0.0.0.0)
03-23 16:40:17.806  1023 16070 D libc    : Internal error: netid(0), id(0x899c), server(0.0.0.0)
03-23 16:40:17.807  1023 16070 D libc    : Internal error: netid(0), id(0xc5b5), server(0.0.0.0)
03-23 16:40:17.807  1023 16070 D libc    : Internal error: netid(0), id(0xc5b5), server(0.0.0.0)
03-23 16:40:21.749 16103 16103 D AndroidRuntime: >>>>>> START com.android.internal.os.RuntimeInit uid 2000 <<<<<<
03-23 16:40:21.762 16103 16103 W app_process: Could not reserve sentinel fault page
03-23 16:40:21.928 16103 16103 I app_process: The ClassLoaderContext is a special shared library.
03-23 16:40:21.996 16103 16103 D AndroidRuntime: Calling main entry com.android.commands.input.Input
03-23 16:40:21.999 16103 16103 I Input   : injectKeyEvent: KeyEvent { action=ACTION_DOWN, keyCode=KEYCODE_HOME, scanCode=0, metaState=0, flags=0x0, repeatCount=0, eventTime=17072077278, downTime=17072077278, deviceId=-1, source=0x101 }
03-23 16:40:22.007 16103 16103 I Input   : injectKeyEvent: KeyEvent { action=ACTION_UP, keyCode=KEYCODE_HOME, scanCode=0, metaState=0, flags=0x0, repeatCount=0, eventTime=17072077278, downTime=17072077278, deviceId=-1, source=0x101 }
03-23 16:40:22.014  1456  1941 I ActivityManager: START u0 {act=android.intent.action.MAIN cat=[android.intent.category.HOME] flg=0x10200000 cmp=com.android.launcher3/.CustomizationPanelLauncher (has extras)} from uid 1000
03-23 16:40:22.014   794   839 E ANDR-PERF-RESOURCEQS: Failed to apply optimization [4, 0]
03-23 16:40:22.025  1456  1941 I ActivityManager: moveHomeStack, setupComplete:true
03-23 16:40:22.031 28336 28375 I Adreno  : QUALCOMM build                   : bb5b86c, I77d3059488
03-23 16:40:22.031 28336 28375 I Adreno  : Build Date                       : 06/07/18
03-23 16:40:22.031 28336 28375 I Adreno  : OpenGL ES Shader Compiler Version: EV031.22.00.01_06
03-23 16:40:22.031 28336 28375 I Adreno  : Local Branch                     : 
03-23 16:40:22.031 28336 28375 I Adreno  : Remote Branch                    : refs/tags/AU_LINUX_ANDROID_LA.UM.6.5.R1.08.01.00.312.086
03-23 16:40:22.031 28336 28375 I Adreno  : Remote Branch                    : NONE
03-23 16:40:22.031 28336 28375 I Adreno  : Reconstruct Branch               : NOTHING
03-23 16:40:22.033 28336 28375 D vndksupport: Loading /vendor/lib/hw/gralloc.msm8937.so from current namespace instead of sphal namespace.
03-23 16:40:22.037 28336 28375 I Adreno  : PFP: 0x005ff087, ME: 0x005ff063
03-23 16:40:22.037 16103 16103 D AndroidRuntime: Shutting down VM
03-23 16:40:22.041 28336 28375 I zygote  : android::hardware::configstore::V1_0::ISurfaceFlingerConfigs::hasWideColorDisplay retrieved: 0
03-23 16:40:22.043 28336 28375 I OpenGLRenderer: Initialized EGL, version 1.4
03-23 16:40:22.043 28336 28375 D OpenGLRenderer: Swap behavior 2
03-23 16:40:22.048  2748  2748 D Launcher.Utilities: Wakeup weather: Intent { act=com.motorola.launcher3.action.WAKEUP_WEATHER cmp=com.motorola.timeweatherwidget/com.motorola.commandcenter.weather.WakeUpService }
03-23 16:40:22.062  1456  1456 I NotificationService: Cannot find enqueued record for key: 0|com.motorola.timeweatherwidget|1|null|10116
03-23 16:40:22.068   808   808 D SurfaceFlinger: duplicate layer name: changing com.android.launcher3/com.android.launcher3.CustomizationPanelLauncher to com.android.launcher3/com.android.launcher3.CustomizationPanelLauncher#1
03-23 16:40:22.076 28336 28364 W ThreadPoolDumper: Queue length for executor EventBus is now 11. Perhaps some tasks are too long, or the pool is too small.
03-23 16:40:22.083  1456  3925 I WifiService: getWifiEnabledState uid=10073
03-23 16:40:22.100  1456  3925 I WifiService: getWifiEnabledState uid=10073
03-23 16:40:22.113 28336 28379 I DEBUG   : OpaToSrpTransitionState#onStateChanged#notNullQuery
03-23 16:40:22.114 28336 28379 I DEBUG   : OpaToSrpTransitionState#onStateChanged#notNullQuery
03-23 16:40:22.127 28336 28379 I MicroDetectionState: Should stop hotword detection immediately - false
03-23 16:40:22.130 28336 28379 I MicroDetectionWorker: #startMicroDetector [speakerMode: 0]
03-23 16:40:22.132 28336 28379 I AudioController: Created new AudioSource
03-23 16:40:22.149  1456  1673 I LaunchCheckinHandler: Displayed com.android.launcher3/.CustomizationPanelLauncher,wp,wa,135
03-23 16:40:22.150 28336 28367 I MicroDataManager: isInitializedWithLatestParams-true
03-23 16:40:22.150 28336 28367 I MicroDataManager: isInitializing-false locale not changed-true model not changed-true
03-23 16:40:22.150 28336 28367 I MicroDataManager: Already initialized, obtaining the hotword data immediately.
03-23 16:40:22.154 28336 21549 I MicroRecognitionRunner: Starting detection.
03-23 16:40:22.155 28336 21549 I InputStreamUtils: Using micInputStream
03-23 16:40:22.155 28336 14552 I MicrophoneInputStream: mic_starting  SR : 16000 CC : 16 SO : 1999
03-23 16:40:22.160   788   788 V msm8974_platform: platform_check_input_mask: enter check_input_mask source 6 mask 10
03-23 16:40:22.162  1012 16118 I AudioFlinger: AudioFlinger's thread 0xb2483780 tid=16118 ready to run
03-23 16:40:22.168   788   788 D audio_hw_primary: in_set_parameters: enter: kvpairs=input_source=6;routing=-2147483644
03-23 16:40:22.169  1012  1302 D APM_AudioPolicyManager: AudioPolicyManager::startInput() input 238182, session 238297, source = 1999
03-23 16:40:22.169 28336 14552 I MicrophoneInputStream: mic_started  SR : 16000 CC : 16 SO : 1999
03-23 16:40:22.170   788 16119 V msm8974_platform: platform_update_usecase_from_source: input source :6
03-23 16:40:22.170   788 16119 V msm8974_platform: platform_check_input_mask: enter check_input_mask source 6 mask 10
03-23 16:40:22.170   788 16119 V msm8974_platform: platform_get_input_snd_device: enter: out_device(0) in_device(0x4) channel_count (1) channel_mask (0x10)
03-23 16:40:22.170   788 16119 V msm8974_platform: platform_get_input_snd_device: exit: in_snd_device(voice-rec-mic)
03-23 16:40:22.170   788 16119 V msm8974_platform: platform_get_backend_index:napb: backend port - 5 device - 120 
03-23 16:40:22.170   788 16119 V msm8974_platform: platform_check_and_set_capture_backend_cfg:txbecf: afe: bitwidth 0, samplerate 0, channel 1, backend_idx 5 usecase = 9 device (voice-rec-mic)
03-23 16:40:22.171   788 16119 V msm8974_platform: platform_check_capture_backend_cfg:txbecf: afe: Codec selected backend: 5 current bit width: 0 and sample rate: 0, channels 1
03-23 16:40:22.171   788 16119 V msm8974_platform: platform_check_capture_backend_cfg:txbecf: afe: Codec selected backend: 5 updated bit width: 0 and sample rate: 0
03-23 16:40:22.171   788 16119 I msm8974_platform: platform_check_capture_backend_cfg:txbecf: afe: Codec backend needs to be updated. new bit width: 0 new sample rate: 0 new channel: 1
03-23 16:40:22.171   788 16119 V msm8974_platform: platform_get_backend_index:napb: backend port - 5 device - 120 
03-23 16:40:22.171   788 16119 V msm8974_platform: platform_set_backend_cfg:becf: afe: bitwidth 0, samplerate 0 channels 1, backend_idx 5 device (voice-rec-mic)
03-23 16:40:22.171   788 16119 E msm8974_platform: platform_set_backend_cfg:becf: afe: Could not get ctl for mixer command - SLIM_0_TX Format
03-23 16:40:22.171   788 16119 V msm8974_platform: platform_send_audio_calibration: sending audio calibration for snd_device(120) acdb_id(62)
03-23 16:40:22.171   788 16119 D ACDB-LOADER: ACDB -> send_audio_cal, acdb_id = 62, path = 1, app id = 0x11130, sample rate = 48000
03-23 16:40:22.171   788 16119 D ACDB-LOADER: ACDB -> send_asm_topology
03-23 16:40:22.171   788 16119 D ACDB-LOADER: ACDB -> ACDB_CMD_GET_AUDPROC_STREAM_TOPOLOGY_ID
03-23 16:40:22.171   788 16119 D ACDB-LOADER: ACDB -> send_adm_topology
03-23 16:40:22.171   788 16119 D ACDB-LOADER: ACDB -> ACDB_CMD_GET_AUDPROC_COMMON_TOPOLOGY_ID
03-23 16:40:22.171   788 16119 D ACDB-LOADER: ACDB -> send_audtable
03-23 16:40:22.171   788 16119 D ACDB-LOADER: ACDB -> ACDB_CMD_GET_AUDPROC_COMMON_TABLE_SIZE
03-23 16:40:22.171   788 16119 D ACDB-LOADER: ACDB -> ACDB_CMD_GET_AUDPROC_COMMON_TABLE
03-23 16:40:22.171   788 16119 D ACDB-LOADER: ACDB -> AUDIO_SET_AUDPROC_CAL
03-23 16:40:22.171   788 16119 D ACDB-LOADER: ACDB -> send_audvoltable
03-23 16:40:22.171   788 16119 D ACDB-LOADER: ACDB -> ACDB_CMD_GET_AUDPROC_VOL_STEP_TABLE_SIZE
03-23 16:40:22.171   788 16119 D ACDB-LOADER: ACDB -> ACDB_CMD_GET_AUDPROC_GAIN_DEP_STEP_TABLE, vol index 0
03-23 16:40:22.171   788 16119 D         : Failed to fetch the lookup information of the device 0000003E 
03-23 16:40:22.171   788 16119 D ACDB-LOADER: ACDB -> AUDIO_SET_VOL_CAL cal type = 12
03-23 16:40:22.171   788 16119 D ACDB-LOADER: ACDB -> ACDB_CMD_GET_AUDPROC_STREAM_TABLE_SIZE
03-23 16:40:22.171   788 16119 D ACDB-LOADER: ACDB -> send_audstrmtable
03-23 16:40:22.171   788 16119 D ACDB-LOADER: ACDB -> ACDB_CMD_GET_AUDPROC_STREAM_TABLE_V2
03-23 16:40:22.171   788 16119 D ACDB-LOADER: ACDB -> audstrm_cal->cal_type.cal_data.cal_size = 456
03-23 16:40:22.172   788 16119 D ACDB-LOADER: ACDB -> send_afe_topology
03-23 16:40:22.172   788 16119 D ACDB-LOADER: ACDB -> ACDB_CMD_GET_AFE_TOPOLOGY_ID
03-23 16:40:22.172   788 16119 D ACDB-LOADER: ACDB -> GET_AFE_TOPOLOGY_ID for adcd_id 62, Topology Id 112fb
03-23 16:40:22.172   788 16119 D ACDB-LOADER: ACDB -> send_afe_cal
03-23 16:40:22.172   788 16119 D ACDB-LOADER: ACDB -> ACDB_CMD_GET_AFE_COMMON_TABLE_SIZE
03-23 16:40:22.172   788 16119 D         : Failed to fetch the lookup information of the device 0000003E 
03-23 16:40:22.172   788 16119 E ACDB-LOADER: Error: ACDB_CMD_GET_AFE_COMMON_TABLE_SIZE Returned = -19
03-23 16:40:22.172   788 16119 D ACDB-LOADER: ACDB -> ACDB_CMD_GET_AFE_COMMON_TABLE
03-23 16:40:22.172   788 16119 D         : Failed to fetch the lookup information of the device 0000003E 
03-23 16:40:22.172   788 16119 D ACDB-LOADER: ACDB -> AUDIO_SET_AFE_CAL
03-23 16:40:22.172   788 16119 D ACDB-LOADER: ACDB -> send_hw_delay : acdb_id = 62 path = 1
03-23 16:40:22.172   788 16119 D ACDB-LOADER: ACDB -> ACDB_AVSYNC_INFO: ACDB_CMD_GET_DEVICE_PROPERTY
03-23 16:40:22.172   788 16119 D audio_hw_primary: enable_snd_device: snd_device(120: voice-rec-mic)
03-23 16:40:22.172   788 16119 D audio_route: Apply path: voice-rec-mic
03-23 16:40:22.175   788 16119 V msm8974_platform: platform_get_snd_device_backend_index: enter with device 120
03-23 16:40:22.175   788 16119 E msm8974_platform: platform_get_snd_device_backend_index: BE DAI Name Table is not present
03-23 16:40:22.175   788 16119 V msm8974_platform: platform_get_backend_index:napb: backend port - 5 device - 120 
03-23 16:40:22.175   788 16119 I audio_hw_utils: Set Audio Stream Capture 0 App Type Cfg: app_type 69936, acdb_dev_id 62, sample_rate 48000, snd_device_be_idx -14
03-23 16:40:22.175   788 16119 D audio_hw_primary: enable_audio_route: usecase(9) apply and update mixer path: audio-record
03-23 16:40:22.175   788 16119 D audio_route: Apply path: audio-record
03-23 16:40:22.245 28336 28379 I MicroDetectionWorker: onReady
03-23 16:40:22.320 15900 16052 I chatty  : uid=11162(org.mozilla.fennec_aurora) expire 2 lines
03-23 16:40:22.546  1456  7796 I OpenGLRenderer: Initialized EGL, version 1.4
03-23 16:40:22.547  1456  7796 D OpenGLRenderer: Swap behavior 2
03-23 16:40:22.608  2748  2917 W OpenGLRenderer: Incorrectly called buildLayer on View: ShortcutAndWidgetContainer, destroying layer...
03-23 16:40:22.761   808   808 I SFPerfTracer:      triggers: (rate: 71:2010211) (compose: 0:7) (post: 0:19) (render: 0:17) (7:9664661 frames) (8:11944745)
03-23 16:40:22.761   808   808 D SFPerfTracer:        layers: (4:13) (NavigationBar#0 (0xb07df000): 0:816985) (StatusBar#0 (0xb07e3000): 0:2008411) (com.android.systemui.ImageWallpaper#0 (0xb07e7000): 0:74663) (Sprite#0 (0xb0733000): 0:317)* (DimLayerController/Stack=0#0 (0xb075a000): 0:3780)* (Sprite#1 (0xb077c000): 0:195)* (com.android.launcher3/com.android.launcher3.CustomizationPanelLauncher#0 (0xb0763000): 0:37)- (com.android.launcher3/com.android.launcher3.CustomizationPanelLauncher#1 (0xb0771000): 0:9)- (Splash Screen org.mozilla.fennec_aurora#0 (0xb039b000): 0:19)- (Splash Screen org.mozilla.fennec_aurora#1 (0xb013a000): 0:31)- (org.mozilla.fennec_aurora/org.mozilla.fenix.HomeActivity#0 (0xb039b000): 0:47)- (com.android.launcher3/com.android.launcher3.CustomizationPanelLauncher#0 (0xb0763000): 8:36)* (com.android.launcher3/com.android.launcher3.CustomizationPanelLauncher#1 (0xb0771000): 1:7) 
03-23 16:40:25.846  1456  1893 D BatteryService: uevent={POWER_SUPPLY_VOLTAGE_NOW=4342931, POWER_SUPPLY_CHARGE_RATE=Normal, POWER_SUPPLY_HEALTH=Good, POWER_SUPPLY_CURRENT_NOW=152, POWER_SUPPLY_PRESENT=1, SUBSYSTEM=power_supply, POWER_SUPPLY_TEMP=265, SEQNUM=428757, ACTION=change, POWER_SUPPLY_NAME=battery, POWER_SUPPLY_STATUS=Full, POWER_SUPPLY_CHARGE_COUNTER=2807300, POWER_SUPPLY_CAPACITY=100, DEVPATH=/devices/soc/qpnp-smbcharger-17/power_supply/battery}
03-23 16:40:25.857  2398  2398 D QtiCarrierConfigHelper: WARNING, no carrier configs on phone Id: 0
03-23 16:40:27.128  2398  2398 D QtiCarrierConfigHelper: WARNING, no carrier configs on phone Id: 0
03-23 16:40:27.193  1456  3925 I ActivityManager: Force stopping org.mozilla.fennec_aurora appid=11162 user=0: from pid 16124
03-23 16:40:27.194  1456  3925 I ActivityManager: Killing 15900:org.mozilla.fennec_aurora/u0a1162 (adj 700): stop org.mozilla.fennec_aurora
03-23 16:40:27.196  1456  1605 W zygote  : kill(-15900, 9) failed: No such process
03-23 16:40:27.197  1456  3925 W ActivityManager: Force removing ActivityRecord{8bc3fc7 u0 org.mozilla.fennec_aurora/org.mozilla.fenix.HomeActivity t44946}: app died, no saved state
03-23 16:40:27.206  1456  3925 I ActivityManager: Killing 15984:org.mozilla.fennec_aurora:tab0/u0a1162 (adj 0): stop org.mozilla.fennec_aurora
03-23 16:40:27.212  1456  1605 W zygote  : kill(-15900, 9) failed: No such process
03-23 16:40:27.220  2398  2398 D CarrierSvcBindHelper: No carrier app for: 0
03-23 16:40:27.221  2398  2398 D CarrierSvcBindHelper: No carrier app for: 1
03-23 16:40:27.230  1456  1605 W zygote  : kill(-15900, 9) failed: No such process
03-23 16:40:27.277  1456 10962 D ConnectivityService: ConnectivityService NetworkRequestInfo binderDied(NetworkRequest [ TRACK_DEFAULT id=33276, [ Capabilities: INTERNET&NOT_RESTRICTED&TRUSTED&NOT_VPN] ], android.os.BinderProxy@8db71a1)
03-23 16:40:27.277  1456  1673 W ActivityManager: setHasOverlayUi called on unknown pid: 15900
03-23 16:40:27.277  1456  2067 D ConnectivityService: releasing NetworkRequest [ TRACK_DEFAULT id=33276, [ Capabilities: INTERNET&NOT_RESTRICTED&TRUSTED&NOT_VPN] ] (release request)
03-23 16:40:27.293  1456  1605 W zygote  : kill(-15900, 9) failed: No such process
03-23 16:40:27.293  1456  1605 I zygote  : Successfully killed process cgroup uid 11162 pid 15900 in 97ms
03-23 16:40:27.293  1456  1605 W zygote  : kill(-15984, 9) failed: No such process
03-23 16:40:27.293  1456  1605 I zygote  : Successfully killed process cgroup uid 11162 pid 15984 in 0ms
03-23 16:40:27.314  1456 10366 I ActivityManager: START u0 {act=android.intent.action.MAIN cat=[android.intent.category.LAUNCHER] flg=0x10000000 cmp=org.mozilla.fennec_aurora/.App} from uid 2000
03-23 16:40:27.315   794   839 E ANDR-PERF-RESOURCEQS: Failed to apply optimization [4, 0]
03-23 16:40:27.338  1456  4679 I ActivityManager: Start proc 16131:org.mozilla.fennec_aurora/u0a1162 for activity org.mozilla.fennec_aurora/.App
03-23 16:40:27.425 28336 28379 I MicroDetectionState: Should stop hotword detection immediately - false
03-23 16:40:27.425 28336 28379 I MicroDetector: Keeping mic open: false
03-23 16:40:27.425 28336 28379 I RecognitionAudioControl: #shutdownAudio [requestId: -3969735869620228201, keepAudioOpen: false, forced: true]
03-23 16:40:27.425 28336 21552 E DeviceStateChecker: DeviceStateChecker cancelled
03-23 16:40:27.426 28336 28379 I RecognitionAudioControl: #internalShutdownAudio [requestId: -3969735869620228201]
03-23 16:40:27.426 28336 28379 I RecognitionAudioControl: #internalShutdownAudio [keepAudioOpen: false, forced: true]
03-23 16:40:27.426 28336 28379 I RecognitionAudioControl: #actualShutdownAudio
03-23 16:40:27.426 28336 28379 I AudioController: #shutdown [requestId=-3969735869620228201]
03-23 16:40:27.426 28336 28366 I AudioController: internalShutdown
03-23 16:40:27.426 28336 28374 I MicroRecognitionRunner: Stopping hotword detection.
03-23 16:40:27.483   788   788 D audio_hw_primary: disable_audio_route: usecase(9) reset and update mixer path: audio-record
03-23 16:40:27.484   788   788 D audio_hw_primary: disable_snd_device: snd_device(120: voice-rec-mic)
03-23 16:40:27.485  1012  1302 D APM_AudioPolicyManager: stopInput() input 238182, session 238297
03-23 16:40:27.486   788   788 D audio_hw_primary: in_set_parameters: enter: kvpairs=routing=0
03-23 16:40:27.488 28336 28366 I MicrophoneInputStream: mic_close  SR : 16000 CC : 16 SO : 1999
03-23 16:40:27.489 28336 28366 E AudioSource: Stop listening is called on already closed AudioSource
03-23 16:40:27.492 28336 21549 I MicroRecognitionRunner: Detection finished
03-23 16:40:27.497 16131 16131 I chatty  : uid=11162(org.mozilla.fennec_aurora) expire 25 lines
03-23 16:40:27.567 16131 16151 I chatty  : uid=11162(org.mozilla.fennec_aurora) expire 4 lines
03-23 16:40:27.599 16131 16159 I chatty  : uid=11162(org.mozilla.fennec_aurora) expire 11 lines
03-23 16:40:27.618 16131 16158 I chatty  : uid=11162(org.mozilla.fennec_aurora) expire 10 lines
03-23 16:40:27.623 16131 16162 I chatty  : uid=11162(org.mozilla.fennec_aurora) expire 27 lines
03-23 16:40:27.700 16131 16159 I chatty  : uid=11162(org.mozilla.fennec_aurora) expire 4 lines
03-23 16:40:27.710 16131 16158 I chatty  : uid=11162(org.mozilla.fennec_aurora) expire 7 lines
03-23 16:40:27.717 16131 16170 I chatty  : uid=11162(org.mozilla.fennec_aurora) expire 1 line
