--------- beginning of main
05-21 19:07:07.602  1012  1012 D APM_AudioPolicyManager: AudioPolicyManager::startInput() input 354518, session 354633, source = 1999
05-21 19:07:07.607  6297  6350 I MicroDetectionWorker: onReady
05-21 19:07:07.608  6297  6350 I HotwordLSAdapter: getAudioSourceOpeningStatus completed: 1
05-21 19:07:07.610   788 21227 V msm8974_platform: platform_update_usecase_from_source: input source :6
05-21 19:07:07.610   788 21227 V msm8974_platform: platform_check_input_mask: enter check_input_mask source 6 mask 10
05-21 19:07:07.610   788 21227 V msm8974_platform: platform_get_input_snd_device: enter: out_device(0) in_device(0x4) channel_count (1) channel_mask (0x10)
05-21 19:07:07.610   788 21227 V msm8974_platform: platform_get_input_snd_device: exit: in_snd_device(voice-rec-mic)
05-21 19:07:07.610   788 21227 V msm8974_platform: platform_get_backend_index:napb: backend port - 5 device - 120 
05-21 19:07:07.610   788 21227 V msm8974_platform: platform_check_and_set_capture_backend_cfg:txbecf: afe: bitwidth 0, samplerate 0, channel 1, backend_idx 5 usecase = 9 device (voice-rec-mic)
05-21 19:07:07.610   788 21227 V msm8974_platform: platform_check_capture_backend_cfg:txbecf: afe: Codec selected backend: 5 current bit width: 0 and sample rate: 0, channels 1
05-21 19:07:07.610   788 21227 V msm8974_platform: platform_check_capture_backend_cfg:txbecf: afe: Codec selected backend: 5 updated bit width: 0 and sample rate: 0
05-21 19:07:07.610   788 21227 I msm8974_platform: platform_check_capture_backend_cfg:txbecf: afe: Codec backend needs to be updated. new bit width: 0 new sample rate: 0 new channel: 1
05-21 19:07:07.610   788 21227 V msm8974_platform: platform_get_backend_index:napb: backend port - 5 device - 120 
05-21 19:07:07.610   788 21227 V msm8974_platform: platform_set_backend_cfg:becf: afe: bitwidth 0, samplerate 0 channels 1, backend_idx 5 device (voice-rec-mic)
05-21 19:07:07.610   788 21227 E msm8974_platform: platform_set_backend_cfg:becf: afe: Could not get ctl for mixer command - SLIM_0_TX Format
05-21 19:07:07.610   788 21227 V msm8974_platform: platform_send_audio_calibration: sending audio calibration for snd_device(120) acdb_id(62)
05-21 19:07:07.610   788 21227 D ACDB-LOADER: ACDB -> send_audio_cal, acdb_id = 62, path = 1, app id = 0x11130, sample rate = 48000
05-21 19:07:07.610   788 21227 D ACDB-LOADER: ACDB -> send_asm_topology
05-21 19:07:07.611   788 21227 D ACDB-LOADER: ACDB -> ACDB_CMD_GET_AUDPROC_STREAM_TOPOLOGY_ID
05-21 19:07:07.611   788 21227 D ACDB-LOADER: ACDB -> send_adm_topology
05-21 19:07:07.611   788 21227 D ACDB-LOADER: ACDB -> ACDB_CMD_GET_AUDPROC_COMMON_TOPOLOGY_ID
05-21 19:07:07.611   788 21227 D ACDB-LOADER: ACDB -> send_audtable
05-21 19:07:07.611   788 21227 D ACDB-LOADER: ACDB -> ACDB_CMD_GET_AUDPROC_COMMON_TABLE_SIZE
05-21 19:07:07.611   788 21227 D ACDB-LOADER: ACDB -> ACDB_CMD_GET_AUDPROC_COMMON_TABLE
05-21 19:07:07.611   788 21227 D ACDB-LOADER: ACDB -> AUDIO_SET_AUDPROC_CAL
05-21 19:07:07.611   788 21227 D ACDB-LOADER: ACDB -> send_audvoltable
05-21 19:07:07.611   788 21227 D ACDB-LOADER: ACDB -> ACDB_CMD_GET_AUDPROC_VOL_STEP_TABLE_SIZE
05-21 19:07:07.611   788 21227 D ACDB-LOADER: ACDB -> ACDB_CMD_GET_AUDPROC_GAIN_DEP_STEP_TABLE, vol index 0
05-21 19:07:07.611   788 21227 D         : Failed to fetch the lookup information of the device 0000003E 
05-21 19:07:07.611   788 21227 D ACDB-LOADER: ACDB -> AUDIO_SET_VOL_CAL cal type = 12
05-21 19:07:07.611   788 21227 D ACDB-LOADER: ACDB -> ACDB_CMD_GET_AUDPROC_STREAM_TABLE_SIZE
05-21 19:07:07.611   788 21227 D ACDB-LOADER: ACDB -> send_audstrmtable
05-21 19:07:07.611   788 21227 D ACDB-LOADER: ACDB -> ACDB_CMD_GET_AUDPROC_STREAM_TABLE_V2
05-21 19:07:07.611   788 21227 D ACDB-LOADER: ACDB -> audstrm_cal->cal_type.cal_data.cal_size = 456
05-21 19:07:07.611   788 21227 D ACDB-LOADER: ACDB -> send_afe_topology
05-21 19:07:07.611   788 21227 D ACDB-LOADER: ACDB -> ACDB_CMD_GET_AFE_TOPOLOGY_ID
05-21 19:07:07.611   788 21227 D ACDB-LOADER: ACDB -> GET_AFE_TOPOLOGY_ID for adcd_id 62, Topology Id 112fb
05-21 19:07:07.611   788 21227 D ACDB-LOADER: ACDB -> send_afe_cal
05-21 19:07:07.611   788 21227 D ACDB-LOADER: ACDB -> ACDB_CMD_GET_AFE_COMMON_TABLE_SIZE
05-21 19:07:07.611   788 21227 D         : Failed to fetch the lookup information of the device 0000003E 
05-21 19:07:07.611   788 21227 E ACDB-LOADER: Error: ACDB_CMD_GET_AFE_COMMON_TABLE_SIZE Returned = -19
05-21 19:07:07.611   788 21227 D ACDB-LOADER: ACDB -> ACDB_CMD_GET_AFE_COMMON_TABLE
05-21 19:07:07.611   788 21227 D         : Failed to fetch the lookup information of the device 0000003E 
05-21 19:07:07.611   788 21227 D ACDB-LOADER: ACDB -> AUDIO_SET_AFE_CAL
05-21 19:07:07.611   788 21227 D ACDB-LOADER: ACDB -> send_hw_delay : acdb_id = 62 path = 1
05-21 19:07:07.611   788 21227 D ACDB-LOADER: ACDB -> ACDB_AVSYNC_INFO: ACDB_CMD_GET_DEVICE_PROPERTY
05-21 19:07:07.612   788 21227 D audio_hw_primary: enable_snd_device: snd_device(120: voice-rec-mic)
05-21 19:07:07.612   788 21227 D audio_route: Apply path: voice-rec-mic
05-21 19:07:07.615   788 21227 V msm8974_platform: platform_get_snd_device_backend_index: enter with device 120
05-21 19:07:07.615   788 21227 E msm8974_platform: platform_get_snd_device_backend_index: BE DAI Name Table is not present
05-21 19:07:07.615   788 21227 V msm8974_platform: platform_get_backend_index:napb: backend port - 5 device - 120 
05-21 19:07:07.615   788 21227 I audio_hw_utils: Set Audio Stream Capture 0 App Type Cfg: app_type 69936, acdb_dev_id 62, sample_rate 48000, snd_device_be_idx -14
05-21 19:07:07.615   788 21227 D audio_hw_primary: enable_audio_route: usecase(9) apply and update mixer path: audio-record
05-21 19:07:07.615   788 21227 D audio_route: Apply path: audio-record
05-21 19:07:07.617  1456  1605 W zygote  : kill(-14723, 9) failed: No such process
05-21 19:07:07.726  1456  1605 I chatty  : uid=1000(system) ActivityManager identical 10 lines
--------- beginning of system
05-21 19:07:07.729  1456  2236 D ConnectivityService: ConnectivityService NetworkRequestInfo binderDied(NetworkRequest [ LISTEN id=51145, [ Capabilities: INTERNET&NOT_RESTRICTED&TRUSTED] ], android.os.BinderProxy@15e0605)
05-21 19:07:07.742  1456  1605 W zygote  : kill(-14723, 9) failed: No such process
05-21 19:07:07.742  1456  1605 I zygote  : Successfully killed process cgroup uid 10062 pid 14723 in 165ms
05-21 19:07:07.742  1456  1605 W zygote  : kill(-20731, 9) failed: No such process
05-21 19:07:07.743  1456  1605 I zygote  : Successfully killed process cgroup uid 10036 pid 20731 in 0ms
05-21 19:07:07.743  1456  1605 W zygote  : kill(-20810, 9) failed: No such process
05-21 19:07:07.743  1456  1605 I zygote  : Successfully killed process cgroup uid 10090 pid 20810 in 0ms
05-21 19:07:07.743  1456  1605 W zygote  : kill(-18236, 9) failed: No such process
05-21 19:07:07.743  1456  1605 I zygote  : Successfully killed process cgroup uid 10108 pid 18236 in 0ms
05-21 19:07:07.743  1456  1605 W zygote  : kill(-20955, 9) failed: No such process
05-21 19:07:07.743  1456  1605 I zygote  : Successfully killed process cgroup uid 10044 pid 20955 in 0ms
05-21 19:07:07.744  1456  1605 W zygote  : kill(-20691, 9) failed: No such process
05-21 19:07:07.744  1456  1605 I zygote  : Successfully killed process cgroup uid 1000 pid 20691 in 0ms
05-21 19:07:07.744  1456  1605 W zygote  : kill(-20719, 9) failed: No such process
05-21 19:07:07.744  1456  1605 I zygote  : Successfully killed process cgroup uid 10085 pid 20719 in 0ms
05-21 19:07:07.744  1456  1605 W zygote  : kill(-20817, 9) failed: No such process
05-21 19:07:07.744  1456  1605 I zygote  : Successfully killed process cgroup uid 10114 pid 20817 in 0ms
05-21 19:07:07.744  1456  1605 W zygote  : kill(-14800, 9) failed: No such process
05-21 19:07:07.744  1456  1605 I zygote  : Successfully killed process cgroup uid 10031 pid 14800 in 0ms
05-21 19:07:07.745  1456  1605 W zygote  : kill(-18330, 9) failed: No such process
05-21 19:07:07.745  1456  1605 I zygote  : Successfully killed process cgroup uid 10036 pid 18330 in 0ms
05-21 19:07:07.756  6297  6307 I zygote  : Background concurrent copying GC freed 232964(11MB) AllocSpace objects, 12(1896KB) LOS objects, 50% free, 13MB/26MB, paused 169us total 180.372ms
05-21 19:07:07.872  1456  2921 I ActivityManager: START u0 {act=android.intent.action.MAIN cat=[android.intent.category.LAUNCHER] flg=0x10000000 cmp=org.mozilla.fennec_aurora/.App} from uid 2000
05-21 19:07:07.873   794   839 E ANDR-PERF-RESOURCEQS: Failed to apply optimization [4, 0]
05-21 19:07:07.892  1456  2916 I ActivityManager: Start proc 21235:org.mozilla.fennec_aurora/u0a1341 for activity org.mozilla.fennec_aurora/.App
05-21 19:07:07.918   808   808 I SFPerfTracer:      triggers: (rate: 91:2055177) (compose: 0:7) (post: 0:19) (render: 0:17) (25:11353009 frames) (26:14490682)
05-21 19:07:07.918   808   808 D SFPerfTracer:        layers: (4:12) (NavigationBar#0 (0xb07df000): 12:1126579) (StatusBar#0 (0xb07e3000): 11:2683071) (com.android.systemui.ImageWallpaper#0 (0xb07e7000): 1:105334) (Sprite#0 (0xb0733000): 0:317)* (DimLayerController/Stack=0#0 (0xb075a000): 0:3866)* (Sprite#1 (0xb077c000): 0:195)* (com.android.launcher3/com.android.launcher3.CustomizationPanelLauncher#0 (0xb0763000): 0:39)- (com.android.launcher3/com.android.launcher3.CustomizationPanelLauncher#1 (0xb0771000): 0:14)- (Splash Screen org.mozilla.fennec_aurora#1 (0xafd20000): 0:31)- (org.mozilla.fennec_aurora/org.mozilla.fenix.HomeActivity#0 (0xb039b000): 0:53)- (com.android.launcher3/com.android.launcher3.CustomizationPanelLauncher#0 (0xb0763000): 23:27)* (com.android.launcher3/com.android.launcher3.CustomizationPanelLauncher#1 (0xb0771000): 2:4) 
05-21 19:07:07.949  2748  2917 W OpenGLRenderer: Incorrectly called buildLayer on View: ShortcutAndWidgetContainer, destroying layer...
05-21 19:07:07.985  6297  6350 I MicroDetectionState: Should stop hotword detection immediately - false
05-21 19:07:07.986  6297  6350 I MicroDetector: Keeping mic open: false
05-21 19:07:07.986  6297  6350 I MicroDetector: #shutdownAudioWithAudioLibrary
05-21 19:07:07.986  6297 12678 E DeviceStateChecker: DeviceStateChecker cancelled
05-21 19:07:07.986  6297  6340 I MicroRecognitionRunner: Stopping hotword detection.
05-21 19:07:07.987  6297 17952 W b       : #read failed: read EOF from AudioAccessor.
05-21 19:07:07.990  6297 17952 I MicroRecognitionRunner: Detection finished
05-21 19:07:08.018  1456  7796 I OpenGLRenderer: Initialized EGL, version 1.4
05-21 19:07:08.019  1456  7796 D OpenGLRenderer: Swap behavior 2
05-21 19:07:08.034   788  1401 D audio_hw_primary: disable_audio_route: usecase(9) reset and update mixer path: audio-record
05-21 19:07:08.035   788  1401 D audio_hw_primary: disable_snd_device: snd_device(120: voice-rec-mic)
05-21 19:07:08.037  1012  1012 D APM_AudioPolicyManager: stopInput() input 354518, session 354633
05-21 19:07:08.038   788   788 D audio_hw_primary: in_set_parameters: enter: kvpairs=routing=0
05-21 19:07:08.041  6297  6350 I HotwordLSAdapter: stopListeningStatus result: 1
05-21 19:07:08.090 21235 21235 I chatty  : uid=11341(org.mozilla.fennec_aurora) expire 57 lines
05-21 19:07:08.161 21235 21253 I chatty  : uid=11341(org.mozilla.fennec_aurora) expire 4 lines
05-21 19:07:08.189 21235 21261 I chatty  : uid=11341(org.mozilla.fennec_aurora) expire 41 lines
05-21 19:07:08.209 21235 21260 I chatty  : uid=11341(org.mozilla.fennec_aurora) expire 32 lines
05-21 19:07:08.219 21235 21264 I chatty  : uid=11341(org.mozilla.fennec_aurora) expire 19 lines
05-21 19:07:08.261 30279 30292 I zygote  : Background concurrent copying GC freed 135399(6MB) AllocSpace objects, 38(860KB) LOS objects, 50% free, 8MB/17MB, paused 125us total 121.096ms
05-21 19:07:08.299 21235 21277 I chatty  : uid=11341(org.mozilla.fennec_aurora) expire 6 lines
05-21 19:07:08.302  1456  2921 D ConnectivityService: requestNetwork for uid/pid:11341/21235 NetworkRequest [ TRACK_DEFAULT id=51236, [ Capabilities: INTERNET&NOT_RESTRICTED&TRUSTED&NOT_VPN] ]
05-21 19:07:08.304  1456  2099 D Ethernet: got request NetworkRequest [ TRACK_DEFAULT id=51236, [ Capabilities: INTERNET&NOT_RESTRICTED&TRUSTED&NOT_VPN] ] with score 60
05-21 19:07:08.304  1456  2054 D WIFI_UT : got request NetworkRequest [ TRACK_DEFAULT id=51236, [ Capabilities: INTERNET&NOT_RESTRICTED&TRUSTED&NOT_VPN] ] with score 60
05-21 19:07:08.304  1456  2054 D WIFI    : got request NetworkRequest [ TRACK_DEFAULT id=51236, [ Capabilities: INTERNET&NOT_RESTRICTED&TRUSTED&NOT_VPN] ] with score 60
05-21 19:07:08.304  2398  2398 D PhoneSwitcherNetworkRequstListener: got request NetworkRequest [ TRACK_DEFAULT id=51236, [ Capabilities: INTERNET&NOT_RESTRICTED&TRUSTED&NOT_VPN] ] with score 60
05-21 19:07:08.387  1456  2921 I ActivityManager: START u0 {act=android.intent.action.MAIN cat=[android.intent.category.LAUNCHER] flg=0x10000000 cmp=org.mozilla.fennec_aurora/org.mozilla.fenix.HomeActivity (has extras)} from uid 11341
05-21 19:07:08.398 21235 21294 I chatty  : uid=11341(org.mozilla.fennec_aurora) expire 2 lines
05-21 19:07:08.403   808   808 D SurfaceFlinger: duplicate layer name: changing Splash Screen org.mozilla.fennec_aurora to Splash Screen org.mozilla.fennec_aurora#1
05-21 19:07:08.452 21235 21312 I chatty  : uid=11341(org.mozilla.fennec_aurora) expire 9 lines
05-21 19:07:08.465  1456  2916 I ActivityManager: Start proc 21313:org.mozilla.fennec_aurora:tab0/u0a1341 for service org.mozilla.fennec_aurora/org.mozilla.gecko.process.GeckoChildProcessServices$tab0
05-21 19:07:08.469 21235 21240 I chatty  : uid=11341(org.mozilla.fennec_aurora) expire 11 lines
05-21 19:07:08.479 21235 21302 I chatty  : uid=11341(org.mozilla.fennec_aurora) expire 1 line
05-21 19:07:08.636 21313 21313 I chatty  : uid=11341(org.mozilla.fennec_aurora) expire 2 lines
05-21 19:07:08.637 21313 21337 I chatty  : uid=11341(org.mozilla.fennec_aurora) expire 1 line
05-21 19:07:08.873 21235 21345 I chatty  : uid=11341(org.mozilla.fennec_aurora) expire 9 lines
05-21 19:07:08.892  1456  2923 I WifiService: getDhcpInfo uid=11341
05-21 19:07:09.090  1456  1673 I LaunchCheckinHandler: Displayed org.mozilla.fennec_aurora/org.mozilla.fenix.HomeActivity,wp,ca,625
05-21 19:07:09.090  1456  1673 I ActivityManager: Displayed org.mozilla.fennec_aurora/org.mozilla.fenix.HomeActivity: +614ms (total +1s199ms)
05-21 19:07:09.101  6297  6297 I MemoryTrimmer: Trimming objects from memory, since app is in the background.
05-21 19:07:09.110  6297  6297 I MemoryTrimmer: Trimming objects from memory, since app is in the background.
05-21 19:07:09.110  6297 23091 I PBSessionCacheImpl: Deleted sessionId[27696088724541345] from persistence.
05-21 19:07:09.116  1456  2923 I WifiService: getWifiEnabledState uid=10073
05-21 19:07:09.124  6297  6350 W SearchServiceCore: Abort, client detached.
05-21 19:07:09.435   808   898 I SFPerfTracer:      triggers: (rate: 0:1) (0 sw vsyncs) (0 skipped) (17:7253691 vsyncs) (19:14617087)
05-21 19:07:09.551  1456  2921 I ActivityManager: Fully drawn org.mozilla.fennec_aurora/org.mozilla.fenix.HomeActivity: +1s86ms (total +1s671ms)
05-21 19:07:09.680 21235 21377 I chatty  : uid=11341(org.mozilla.fennec_aurora) expire 1 line
05-21 19:07:09.680 21235 21378 I chatty  : uid=11341(org.mozilla.fennec_aurora) expire 1 line
05-21 19:07:10.024 21235 21379 I chatty  : uid=11341(org.mozilla.fennec_aurora) expire 1 line
05-21 19:07:10.271 21235 21270 I chatty  : uid=11341(org.mozilla.fennec_aurora) expire 1 line
05-21 19:07:10.275  1456  2067 D ConnectivityService: releasing NetworkRequest [ TRACK_DEFAULT id=51236, [ Capabilities: INTERNET&NOT_RESTRICTED&TRUSTED&NOT_VPN] ] (release request)
05-21 19:07:10.665 21235 21254 I chatty  : uid=11341(org.mozilla.fennec_aurora) expire 1 line
05-21 19:07:12.493  2360  2360 D MayaFrameworkProxyService: receive intent :Intent { act=android.intent.action.PACKAGE_CHANGED dat=package:org.mozilla.fennec_aurora flg=0x45000010 (has extras) }
05-21 19:07:12.497  1456  1942 I InputReader: Reconfiguring input devices.  changes=0x00000010
05-21 19:07:12.503  1456  1600 W ResourceType: No known package when getting value for resource number 0x7f0801a7
05-21 19:07:12.503  1456  1600 W ResourceType: No known package when getting value for resource number 0x7f130124
05-21 19:07:12.503  1456  1600 W ResourceType: No known package when getting value for resource number 0x7f130124
05-21 19:07:12.503  1456  1600 W ResourceType: No known package when getting value for resource number 0x7f0801a5
05-21 19:07:12.503  1456  1600 W ResourceType: No known package when getting value for resource number 0x7f130123
05-21 19:07:12.504  1456  1600 W ResourceType: No known package when getting value for resource number 0x7f130123
05-21 19:07:12.529 30279 21407 I Fitness : OnPackageChangedOperation got intent: Intent { act=android.intent.action.PACKAGE_CHANGED dat=package:org.mozilla.fennec_aurora flg=0x45000010 cmp=com.google.android.gms/.chimera.PersistentIntentOperationService (has extras) } [CONTEXT service_id=17 ]
05-21 19:07:12.536  1456  1456 I TelecomService: DefaultDialerCache: Refreshing default dialer for user 0: now com.android.dialer: DDC.oR@Lj0
05-21 19:07:12.575 30279 21407 I Fitness : FitCleanupIntentOperation received Intent android.intent.action.PACKAGE_CHANGED [CONTEXT service_id=17 ]
05-21 19:07:12.602  2398  2398 D ImsResolver: maybeAddedImsService, packageName: org.mozilla.fennec_aurora
05-21 19:07:12.607  2398  2398 D CarrierSvcBindHelper: No carrier app for: 0
05-21 19:07:12.607  2398  2398 D CarrierSvcBindHelper: No carrier app for: 1
05-21 19:07:12.615  2398  2398 E VvmPkgInstalledRcvr: cannot create TelephonyManager from ComponentInfo{com.android.phone/com.android.services.telephony.TelephonyConnectionService}, [****], UserHandle{0}
05-21 19:07:13.063  1456  1466 I zygote  : Background concurrent copying GC freed 117174(6MB) AllocSpace objects, 42(2000KB) LOS objects, 34% free, 44MB/68MB, paused 252us total 415.314ms
05-21 19:07:13.514 21417 21417 D AndroidRuntime: >>>>>> START com.android.internal.os.RuntimeInit uid 2000 <<<<<<
05-21 19:07:13.526 21417 21417 W app_process: Could not reserve sentinel fault page
05-21 19:07:13.664 30243 22329 I Icing   : Indexing com.google.android.gms-apps from com.google.android.gms
05-21 19:07:13.692 21417 21417 I app_process: The ClassLoaderContext is a special shared library.
05-21 19:07:13.758 21417 21417 D AndroidRuntime: Calling main entry com.android.commands.input.Input
05-21 19:07:13.761 30243 22329 I Icing   : Indexing done com.google.android.gms-apps
05-21 19:07:13.763 21417 21417 I Input   : injectKeyEvent: KeyEvent { action=ACTION_DOWN, keyCode=KEYCODE_HOME, scanCode=0, metaState=0, flags=0x0, repeatCount=0, eventTime=22178501345, downTime=22178501345, deviceId=-1, source=0x101 }
05-21 19:07:13.769 21417 21417 I Input   : injectKeyEvent: KeyEvent { action=ACTION_UP, keyCode=KEYCODE_HOME, scanCode=0, metaState=0, flags=0x0, repeatCount=0, eventTime=22178501345, downTime=22178501345, deviceId=-1, source=0x101 }
05-21 19:07:13.775  1456  1941 I ActivityManager: START u0 {act=android.intent.action.MAIN cat=[android.intent.category.HOME] flg=0x10200000 cmp=com.android.launcher3/.CustomizationPanelLauncher (has extras)} from uid 1000
05-21 19:07:13.776   794   839 E ANDR-PERF-RESOURCEQS: Failed to apply optimization [4, 0]
05-21 19:07:13.782 21417 21417 D AndroidRuntime: Shutting down VM
05-21 19:07:13.790  1456  4829 I ActivityManager: moveHomeStack, setupComplete:true
05-21 19:07:13.803  6297  6348 I Adreno  : QUALCOMM build                   : bb5b86c, I77d3059488
05-21 19:07:13.803  6297  6348 I Adreno  : Build Date                       : 06/07/18
05-21 19:07:13.803  6297  6348 I Adreno  : OpenGL ES Shader Compiler Version: EV031.22.00.01_06
05-21 19:07:13.803  6297  6348 I Adreno  : Local Branch                     : 
05-21 19:07:13.803  6297  6348 I Adreno  : Remote Branch                    : refs/tags/AU_LINUX_ANDROID_LA.UM.6.5.R1.08.01.00.312.086
05-21 19:07:13.803  6297  6348 I Adreno  : Remote Branch                    : NONE
05-21 19:07:13.803  6297  6348 I Adreno  : Reconstruct Branch               : NOTHING
05-21 19:07:13.807  6297  6348 D vndksupport: Loading /vendor/lib/hw/gralloc.msm8937.so from current namespace instead of sphal namespace.
05-21 19:07:13.811  2748  2748 D Launcher.Utilities: Wakeup weather: Intent { act=com.motorola.launcher3.action.WAKEUP_WEATHER cmp=com.motorola.timeweatherwidget/com.motorola.commandcenter.weather.WakeUpService }
05-21 19:07:13.813  6297  6348 I Adreno  : PFP: 0x005ff087, ME: 0x005ff063
05-21 19:07:13.817  6297  6348 I zygote  : android::hardware::configstore::V1_0::ISurfaceFlingerConfigs::hasWideColorDisplay retrieved: 0
05-21 19:07:13.818  6297  6348 I OpenGLRenderer: Initialized EGL, version 1.4
05-21 19:07:13.818  6297  6348 D OpenGLRenderer: Swap behavior 2
05-21 19:07:13.823  1456  1456 I NotificationService: Cannot find enqueued record for key: 0|com.motorola.timeweatherwidget|1|null|10116
05-21 19:07:13.826   808   808 D SurfaceFlinger: duplicate layer name: changing com.android.launcher3/com.android.launcher3.CustomizationPanelLauncher to com.android.launcher3/com.android.launcher3.CustomizationPanelLauncher#1
05-21 19:07:13.855  6297  6334 W ThreadPoolDumper: Queue length for executor EventBus is now 11. Perhaps some tasks are too long, or the pool is too small.
05-21 19:07:13.856  1456  4829 I WifiService: getWifiEnabledState uid=10073
05-21 19:07:13.862  1456  2915 I WifiService: getWifiEnabledState uid=10073
05-21 19:07:13.915  1456  1673 I LaunchCheckinHandler: Displayed com.android.launcher3/.CustomizationPanelLauncher,wp,wa,139
05-21 19:07:13.921  6297  6297 I BgTaskExecutorImpl: Starting EXCLUSIVE background task TNG_MINUS_ONE_SYNC.
05-21 19:07:13.924  6297  6350 I MicroDetectionState: Should stop hotword detection immediately - false
05-21 19:07:13.929  6297  6350 I MicroDetectionWorker: #startMicroDetector [speakerMode: 0]
05-21 19:07:13.934  6297  6350 I TngMinusOneSync: Syncing TNG:-1
05-21 19:07:13.935  6297  6331 I MicroDataManager: isInitializing-false locale not changed-true model not changed-true
05-21 19:07:13.935  6297  6331 I MicroDataManager: Already initialized, obtaining the hotword data immediately.
05-21 19:07:13.937   808   808 I SFPerfTracer:      triggers: (rate: 91:2055181) (compose: 0:7) (post: 0:19) (render: 0:17) (1:11353086 frames) (2:14490783)
05-21 19:07:13.938   808   808 D SFPerfTracer:        layers: (3:13) (NavigationBar#0 (0xb07df000): 2:1126591) (StatusBar#0 (0xb07e3000): 1:2683084) (com.android.systemui.ImageWallpaper#0 (0xb07e7000): 0:105335)* (Sprite#0 (0xb0733000): 0:317)* (DimLayerController/Stack=0#0 (0xb075a000): 0:3866)* (Sprite#1 (0xb077c000): 0:195)* (com.android.launcher3/com.android.launcher3.CustomizationPanelLauncher#0 (0xb0763000): 0:31)- (com.android.launcher3/com.android.launcher3.CustomizationPanelLauncher#1 (0xb0771000): 0:5)- (Splash Screen org.mozilla.fennec_aurora#0 (0xb039b000): 0:19)- (Splash Screen org.mozilla.fennec_aurora#1 (0xafd20000): 0:32)- (org.mozilla.fennec_aurora/org.mozilla.fenix.HomeActivity#0 (0xb039b000): 1:45) (com.android.launcher3/com.android.launcher3.CustomizationPanelLauncher#0 (0xb0763000): 1:4)* (com.android.launcher3/com.android.launcher3.CustomizationPanelLauncher#1 (0xb0771000): 1:4)* 
05-21 19:07:13.940   788   788 V msm8974_platform: platform_check_input_mask: enter check_input_mask source 6 mask 10
05-21 19:07:13.942  1012 21432 I AudioFlinger: AudioFlinger's thread 0xb2483cc0 tid=21432 ready to run
05-21 19:07:13.944  6297 15620 I MicroRecognitionRunner: Starting detection.
05-21 19:07:13.944  6297 15620 I InputStreamUtils: Using micInputStream
05-21 19:07:13.949   788   788 D audio_hw_primary: in_set_parameters: enter: kvpairs=input_source=6;routing=-2147483644
05-21 19:07:13.951  1012  1302 D APM_AudioPolicyManager: AudioPolicyManager::startInput() input 354526, session 354641, source = 1999
05-21 19:07:13.952  6297  6350 I MicroDetectionWorker: onReady
05-21 19:07:13.954  6297  6350 I HotwordLSAdapter: getAudioSourceOpeningStatus completed: 1
05-21 19:07:13.954   788 21433 V msm8974_platform: platform_update_usecase_from_source: input source :6
05-21 19:07:13.954   788 21433 V msm8974_platform: platform_check_input_mask: enter check_input_mask source 6 mask 10
05-21 19:07:13.954   788 21433 V msm8974_platform: platform_get_input_snd_device: enter: out_device(0) in_device(0x4) channel_count (1) channel_mask (0x10)
05-21 19:07:13.954   788 21433 V msm8974_platform: platform_get_input_snd_device: exit: in_snd_device(voice-rec-mic)
05-21 19:07:13.954   788 21433 V msm8974_platform: platform_get_backend_index:napb: backend port - 5 device - 120 
05-21 19:07:13.954   788 21433 V msm8974_platform: platform_check_and_set_capture_backend_cfg:txbecf: afe: bitwidth 0, samplerate 0, channel 1, backend_idx 5 usecase = 9 device (voice-rec-mic)
05-21 19:07:13.954   788 21433 V msm8974_platform: platform_check_capture_backend_cfg:txbecf: afe: Codec selected backend: 5 current bit width: 0 and sample rate: 0, channels 1
05-21 19:07:13.954   788 21433 V msm8974_platform: platform_check_capture_backend_cfg:txbecf: afe: Codec selected backend: 5 updated bit width: 0 and sample rate: 0
05-21 19:07:13.955   788 21433 I msm8974_platform: platform_check_capture_backend_cfg:txbecf: afe: Codec backend needs to be updated. new bit width: 0 new sample rate: 0 new channel: 1
05-21 19:07:13.955   788 21433 V msm8974_platform: platform_get_backend_index:napb: backend port - 5 device - 120 
05-21 19:07:13.955   788 21433 V msm8974_platform: platform_set_backend_cfg:becf: afe: bitwidth 0, samplerate 0 channels 1, backend_idx 5 device (voice-rec-mic)
05-21 19:07:13.955   788 21433 E msm8974_platform: platform_set_backend_cfg:becf: afe: Could not get ctl for mixer command - SLIM_0_TX Format
05-21 19:07:13.955   788 21433 V msm8974_platform: platform_send_audio_calibration: sending audio calibration for snd_device(120) acdb_id(62)
05-21 19:07:13.955   788 21433 D ACDB-LOADER: ACDB -> send_audio_cal, acdb_id = 62, path = 1, app id = 0x11130, sample rate = 48000
05-21 19:07:13.955   788 21433 D ACDB-LOADER: ACDB -> send_asm_topology
05-21 19:07:13.955   788 21433 D ACDB-LOADER: ACDB -> ACDB_CMD_GET_AUDPROC_STREAM_TOPOLOGY_ID
05-21 19:07:13.955   788 21433 D ACDB-LOADER: ACDB -> send_adm_topology
05-21 19:07:13.956   788 21433 D ACDB-LOADER: ACDB -> ACDB_CMD_GET_AUDPROC_COMMON_TOPOLOGY_ID
05-21 19:07:13.956   788 21433 D ACDB-LOADER: ACDB -> send_audtable
05-21 19:07:13.956   788 21433 D ACDB-LOADER: ACDB -> ACDB_CMD_GET_AUDPROC_COMMON_TABLE_SIZE
05-21 19:07:13.956   788 21433 D ACDB-LOADER: ACDB -> ACDB_CMD_GET_AUDPROC_COMMON_TABLE
05-21 19:07:13.956   788 21433 D ACDB-LOADER: ACDB -> AUDIO_SET_AUDPROC_CAL
05-21 19:07:13.956   788 21433 D ACDB-LOADER: ACDB -> send_audvoltable
05-21 19:07:13.956   788 21433 D ACDB-LOADER: ACDB -> ACDB_CMD_GET_AUDPROC_VOL_STEP_TABLE_SIZE
05-21 19:07:13.956   788 21433 D ACDB-LOADER: ACDB -> ACDB_CMD_GET_AUDPROC_GAIN_DEP_STEP_TABLE, vol index 0
05-21 19:07:13.956   788 21433 D         : Failed to fetch the lookup information of the device 0000003E 
05-21 19:07:13.956   788 21433 D ACDB-LOADER: ACDB -> AUDIO_SET_VOL_CAL cal type = 12
05-21 19:07:13.956   788 21433 D ACDB-LOADER: ACDB -> ACDB_CMD_GET_AUDPROC_STREAM_TABLE_SIZE
05-21 19:07:13.956   788 21433 D ACDB-LOADER: ACDB -> send_audstrmtable
05-21 19:07:13.956   788 21433 D ACDB-LOADER: ACDB -> ACDB_CMD_GET_AUDPROC_STREAM_TABLE_V2
05-21 19:07:13.956   788 21433 D ACDB-LOADER: ACDB -> audstrm_cal->cal_type.cal_data.cal_size = 456
05-21 19:07:13.956   788 21433 D ACDB-LOADER: ACDB -> send_afe_topology
05-21 19:07:13.956   788 21433 D ACDB-LOADER: ACDB -> ACDB_CMD_GET_AFE_TOPOLOGY_ID
05-21 19:07:13.956   788 21433 D ACDB-LOADER: ACDB -> GET_AFE_TOPOLOGY_ID for adcd_id 62, Topology Id 112fb
05-21 19:07:13.956   788 21433 D ACDB-LOADER: ACDB -> send_afe_cal
05-21 19:07:13.956   788 21433 D ACDB-LOADER: ACDB -> ACDB_CMD_GET_AFE_COMMON_TABLE_SIZE
05-21 19:07:13.956   788 21433 D         : Failed to fetch the lookup information of the device 0000003E 
05-21 19:07:13.956   788 21433 E ACDB-LOADER: Error: ACDB_CMD_GET_AFE_COMMON_TABLE_SIZE Returned = -19
05-21 19:07:13.956   788 21433 D ACDB-LOADER: ACDB -> ACDB_CMD_GET_AFE_COMMON_TABLE
05-21 19:07:13.956   788 21433 D         : Failed to fetch the lookup information of the device 0000003E 
05-21 19:07:13.956   788 21433 D ACDB-LOADER: ACDB -> AUDIO_SET_AFE_CAL
05-21 19:07:13.956   788 21433 D ACDB-LOADER: ACDB -> send_hw_delay : acdb_id = 62 path = 1
05-21 19:07:13.956   788 21433 D ACDB-LOADER: ACDB -> ACDB_AVSYNC_INFO: ACDB_CMD_GET_DEVICE_PROPERTY
05-21 19:07:13.956   788 21433 D audio_hw_primary: enable_snd_device: snd_device(120: voice-rec-mic)
05-21 19:07:13.956   788 21433 D audio_route: Apply path: voice-rec-mic
05-21 19:07:13.960   788 21433 V msm8974_platform: platform_get_snd_device_backend_index: enter with device 120
05-21 19:07:13.960   788 21433 E msm8974_platform: platform_get_snd_device_backend_index: BE DAI Name Table is not present
05-21 19:07:13.960   788 21433 V msm8974_platform: platform_get_backend_index:napb: backend port - 5 device - 120 
05-21 19:07:13.960   788 21433 I audio_hw_utils: Set Audio Stream Capture 0 App Type Cfg: app_type 69936, acdb_dev_id 62, sample_rate 48000, snd_device_be_idx -14
05-21 19:07:13.960   788 21433 D audio_hw_primary: enable_audio_route: usecase(9) apply and update mixer path: audio-record
05-21 19:07:13.960   788 21433 D audio_route: Apply path: audio-record
05-21 19:07:14.100  2146  2165 I zygote  : NativeAlloc concurrent copying GC freed 16934(972KB) AllocSpace objects, 0(0B) LOS objects, 49% free, 10MB/21MB, paused 233us total 156.567ms
05-21 19:07:14.104 21235 21438 I chatty  : uid=11341(org.mozilla.fennec_aurora) expire 10 lines
05-21 19:07:14.124  1017  1017 I keystore: del USRPKEY_org.mozilla.fennec_aurora 11341
05-21 19:07:14.124  1017  1017 I keystore: del USRSKEY_org.mozilla.fennec_aurora 11341
05-21 19:07:14.125  1017  1017 I keystore: del USRCERT_org.mozilla.fennec_aurora 11341
05-21 19:07:14.125  1017  1017 I keystore: del CACERT_org.mozilla.fennec_aurora 11341
05-21 19:07:14.130   829   847 D DrmLibTime: got the req here! ret=0
05-21 19:07:14.130   829   847 D DrmLibTime: command id, time_cmd_id = 770
05-21 19:07:14.130   829   847 D DrmLibTime: time_getutcsec starts!
05-21 19:07:14.130   829   847 D DrmLibTime: QSEE Time Listener: time_getutcsec
05-21 19:07:14.130   829   847 D DrmLibTime: QSEE Time Listener: get_utc_seconds
05-21 19:07:14.130   829   847 D DrmLibTime: QSEE Time Listener: time_get_modem_time
05-21 19:07:14.130   829   847 D DrmLibTime: QSEE Time Listener: Checking if ATS_MODEM is set or not.
05-21 19:07:14.131   829   847 D QC-time-services: Lib:time_genoff_operation: pargs->base = 13
05-21 19:07:14.131   829   847 D QC-time-services: Lib:time_genoff_operation: pargs->operation = 2
05-21 19:07:14.131   829   847 D QC-time-services: Lib:time_genoff_operation: pargs->ts_val = 0
05-21 19:07:14.131   829   847 D QC-time-services: Lib:time_genoff_operation: Send to server  passed!!
05-21 19:07:14.131  1004  1052 D QC-time-services: Daemon: Connection accepted:time_genoff
05-21 19:07:14.132  1004 21443 D QC-time-services: Daemon:Received base = 13, unit = 1, operation = 2,value = 0
05-21 19:07:14.132  1004 21443 D QC-time-services: Daemon:genoff_opr: Base = 13, val = 0, operation = 2
05-21 19:07:14.132  1004 21443 D QC-time-services: offset is: 3 for base: 0
05-21 19:07:14.132   829   847 E QC-time-services: Receive Passed == base = 13, unit = 1, operation = 2, result = 0
05-21 19:07:14.133   829   847 D DrmLibTime: QSEE Time Listener: ATS_MODEM is not set. Fallback to Android system time.
05-21 19:07:14.133   829   847 D DrmLibTime: QSEE Time Listener: Retrieved Android system time: 1590102434
05-21 19:07:14.133   829   847 D DrmLibTime: time_getutcsec returns 0, sec = 1590102434; nsec = 0
05-21 19:07:14.133   829   847 D DrmLibTime: time_getutcsec finished! 
05-21 19:07:14.133   829   847 D DrmLibTime: iotcl_continue_command finished! and return 0 
05-21 19:07:14.133   829   847 D DrmLibTime: before calling ioctl to read the next time_cmd
05-21 19:07:14.133  1004  1052 E QC-time-services: Daemon: Time-services: Waiting to acceptconnection
05-21 19:07:14.185 21235 21295 I chatty  : uid=11341(org.mozilla.fennec_aurora) expire 3 lines
05-21 19:07:14.198  1456  2923 D ConnectivityService: requestNetwork for uid/pid:11341/21235 NetworkRequest [ TRACK_DEFAULT id=51237, [ Capabilities: INTERNET&NOT_RESTRICTED&TRUSTED&NOT_VPN] ]
05-21 19:07:14.201  1456  2099 D Ethernet: got request NetworkRequest [ TRACK_DEFAULT id=51237, [ Capabilities: INTERNET&NOT_RESTRICTED&TRUSTED&NOT_VPN] ] with score 60
05-21 19:07:14.201  2398  2398 D PhoneSwitcherNetworkRequstListener: got request NetworkRequest [ TRACK_DEFAULT id=51237, [ Capabilities: INTERNET&NOT_RESTRICTED&TRUSTED&NOT_VPN] ] with score 60
05-21 19:07:14.202  1456  2054 D WIFI_UT : got request NetworkRequest [ TRACK_DEFAULT id=51237, [ Capabilities: INTERNET&NOT_RESTRICTED&TRUSTED&NOT_VPN] ] with score 60
05-21 19:07:14.202  1456  2054 D WIFI    : got request NetworkRequest [ TRACK_DEFAULT id=51237, [ Capabilities: INTERNET&NOT_RESTRICTED&TRUSTED&NOT_VPN] ] with score 60
05-21 19:07:14.216 21235 21445 I chatty  : uid=11341(org.mozilla.fennec_aurora) expire 13 lines
05-21 19:07:14.319  1456  7796 I OpenGLRenderer: Initialized EGL, version 1.4
05-21 19:07:14.319  1456  7796 D OpenGLRenderer: Swap behavior 2
05-21 19:07:14.382  2748  2917 W OpenGLRenderer: Incorrectly called buildLayer on View: ShortcutAndWidgetContainer, destroying layer...
05-21 19:07:14.817  2398  2398 D QtiCarrierConfigHelper: WARNING, no carrier configs on phone Id: 0
05-21 19:07:14.855 21235 21256 I chatty  : uid=11341(org.mozilla.fennec_aurora) expire 1 line
05-21 19:07:14.858  1456  2067 D ConnectivityService: releasing NetworkRequest [ TRACK_DEFAULT id=51237, [ Capabilities: INTERNET&NOT_RESTRICTED&TRUSTED&NOT_VPN] ] (release request)
05-21 19:07:18.937  1456  2923 I ActivityManager: Force stopping org.mozilla.fennec_aurora appid=11341 user=0: from pid 21450
05-21 19:07:18.938  1456  2923 I ActivityManager: Killing 21235:org.mozilla.fennec_aurora/u0a1341 (adj 700): stop org.mozilla.fennec_aurora
05-21 19:07:18.941  1456  1605 W zygote  : kill(-21235, 9) failed: No such process
05-21 19:07:18.942  1456  2923 W ActivityManager: Force removing ActivityRecord{8eaeae5 u0 org.mozilla.fennec_aurora/org.mozilla.fenix.HomeActivity t74024}: app died, no saved state
05-21 19:07:18.952  1456  2923 I ActivityManager: Killing 21313:org.mozilla.fennec_aurora:tab0/u0a1341 (adj 0): stop org.mozilla.fennec_aurora
05-21 19:07:18.958  1456  1605 W zygote  : kill(-21235, 9) failed: No such process
05-21 19:07:18.963  2398  2398 D CarrierSvcBindHelper: No carrier app for: 0
05-21 19:07:18.963  2398  2398 D CarrierSvcBindHelper: No carrier app for: 1
05-21 19:07:18.973  1456  1605 W zygote  : kill(-21235, 9) failed: No such process
05-21 19:07:19.009  1456  1673 W ActivityManager: setHasOverlayUi called on unknown pid: 21235
05-21 19:07:19.016  1456  1605 W zygote  : kill(-21235, 9) failed: No such process
05-21 19:07:19.016  1456  1605 I zygote  : Successfully killed process cgroup uid 11341 pid 21235 in 75ms
05-21 19:07:19.016  1456  1605 W zygote  : kill(-21313, 9) failed: No such process
05-21 19:07:19.016  1456  1605 I zygote  : Successfully killed process cgroup uid 11341 pid 21313 in 0ms
05-21 19:07:19.061   794   839 E ANDR-PERF-RESOURCEQS: Failed to apply optimization [4, 0]
05-21 19:07:19.061  1456  2921 I ActivityManager: START u0 {act=android.intent.action.MAIN cat=[android.intent.category.LAUNCHER] flg=0x10000000 cmp=org.mozilla.fennec_aurora/.App} from uid 2000
05-21 19:07:19.081  1456  5797 I ActivityManager: Start proc 21457:org.mozilla.fennec_aurora/u0a1341 for activity org.mozilla.fennec_aurora/.App
05-21 19:07:19.173  6297  6350 I MicroDetectionState: Should stop hotword detection immediately - false
05-21 19:07:19.173  6297  6350 I MicroDetector: Keeping mic open: false
05-21 19:07:19.173  6297  6350 I MicroDetector: #shutdownAudioWithAudioLibrary
05-21 19:07:19.173  6297 17952 E DeviceStateChecker: DeviceStateChecker cancelled
05-21 19:07:19.174  6297  6343 I MicroRecognitionRunner: Stopping hotword detection.
05-21 19:07:19.175  6297 15620 W b       : #read failed: read EOF from AudioAccessor.
05-21 19:07:19.176  6297 15620 I MicroRecognitionRunner: Detection finished
05-21 19:07:19.230   788   788 D audio_hw_primary: disable_audio_route: usecase(9) reset and update mixer path: audio-record
05-21 19:07:19.231   788   788 D audio_hw_primary: disable_snd_device: snd_device(120: voice-rec-mic)
05-21 19:07:19.233  1012  1390 D APM_AudioPolicyManager: stopInput() input 354526, session 354641
05-21 19:07:19.234   788  1401 D audio_hw_primary: in_set_parameters: enter: kvpairs=routing=0
05-21 19:07:19.237  6297  6350 I HotwordLSAdapter: stopListeningStatus result: 1
05-21 19:07:19.278 21457 21457 I chatty  : uid=11341(org.mozilla.fennec_aurora) expire 10 lines
05-21 19:07:19.348 21457 21476 I chatty  : uid=11341(org.mozilla.fennec_aurora) expire 4 lines
05-21 19:07:19.374 21457 21486 I chatty  : uid=11341(org.mozilla.fennec_aurora) expire 9 lines
05-21 19:07:19.401 21457 21485 I chatty  : uid=11341(org.mozilla.fennec_aurora) expire 5 lines
05-21 19:07:19.409 21457 21489 I chatty  : uid=11341(org.mozilla.fennec_aurora) expire 19 lines
05-21 19:07:19.415 21457 21486 I chatty  : uid=11341(org.mozilla.fennec_aurora) expire 4 lines
05-21 19:07:19.417 21457 21485 I chatty  : uid=11341(org.mozilla.fennec_aurora) expire 18 lines
05-21 19:07:19.419 21457 21457 I chatty  : uid=11341(org.mozilla.fennec_aurora) expire 46 lines
05-21 19:07:19.474 21457 21496 I chatty  : uid=11341(org.mozilla.fennec_aurora) expire 6 lines
05-21 19:07:19.546 21457 21507 I chatty  : uid=11341(org.mozilla.fennec_aurora) expire 2 lines
05-21 19:07:19.548  1456  2921 I ActivityManager: START u0 {act=android.intent.action.MAIN cat=[android.intent.category.LAUNCHER] flg=0x10000000 cmp=org.mozilla.fennec_aurora/org.mozilla.fenix.HomeActivity (has extras)} from uid 11341
05-21 19:07:19.563   808   808 D SurfaceFlinger: duplicate layer name: changing Splash Screen org.mozilla.fennec_aurora to Splash Screen org.mozilla.fennec_aurora#1
05-21 19:07:19.610   808   898 I SFPerfTracer:      triggers: (rate: 0:1) (0 sw vsyncs) (0 skipped) (0:7253764 vsyncs) (1:14617188)
05-21 19:07:19.623 21457 21462 I chatty  : uid=11341(org.mozilla.fennec_aurora) expire 11 lines
05-21 19:07:19.643  1456  6339 I ActivityManager: Start proc 21533:org.mozilla.fennec_aurora:tab0/u0a1341 for service org.mozilla.fennec_aurora/org.mozilla.gecko.process.GeckoChildProcessServices$tab0
05-21 19:07:19.646 21457 21521 I chatty  : uid=11341(org.mozilla.fennec_aurora) expire 1 line
05-21 19:07:19.808 21533 21533 I chatty  : uid=11341(org.mozilla.fennec_aurora) expire 2 lines
05-21 19:07:19.809 21533 21554 I chatty  : uid=11341(org.mozilla.fennec_aurora) expire 1 line
05-21 19:07:20.020 21457 21562 I chatty  : uid=11341(org.mozilla.fennec_aurora) expire 9 lines
05-21 19:07:20.031  1456  6339 D ConnectivityService: requestNetwork for uid/pid:11341/21457 NetworkRequest [ TRACK_DEFAULT id=51238, [ Capabilities: INTERNET&NOT_RESTRICTED&TRUSTED&NOT_VPN] ]
05-21 19:07:20.032  1456  2099 D Ethernet: got request NetworkRequest [ TRACK_DEFAULT id=51238, [ Capabilities: INTERNET&NOT_RESTRICTED&TRUSTED&NOT_VPN] ] with score 60
05-21 19:07:20.033  1456  2054 D WIFI_UT : got request NetworkRequest [ TRACK_DEFAULT id=51238, [ Capabilities: INTERNET&NOT_RESTRICTED&TRUSTED&NOT_VPN] ] with score 60
05-21 19:07:20.033  1456  2054 D WIFI    : got request NetworkRequest [ TRACK_DEFAULT id=51238, [ Capabilities: INTERNET&NOT_RESTRICTED&TRUSTED&NOT_VPN] ] with score 60
05-21 19:07:20.033  2398  2398 D PhoneSwitcherNetworkRequstListener: got request NetworkRequest [ TRACK_DEFAULT id=51238, [ Capabilities: INTERNET&NOT_RESTRICTED&TRUSTED&NOT_VPN] ] with score 60
05-21 19:07:20.045  1456  6339 I WifiService: getDhcpInfo uid=11341
05-21 19:07:20.181 21457 21568 I chatty  : uid=11341(org.mozilla.fennec_aurora) expire 13 lines
05-21 19:07:20.228  1456  1673 I LaunchCheckinHandler: Displayed org.mozilla.fennec_aurora/org.mozilla.fenix.HomeActivity,wp,ca,611
05-21 19:07:20.228  1456  1673 I ActivityManager: Displayed org.mozilla.fennec_aurora/org.mozilla.fenix.HomeActivity: +604ms (total +1s153ms)
05-21 19:07:20.249  6297  6297 I MemoryTrimmer: Trimming objects from memory, since app is in the background.
05-21 19:07:20.256  6297  6297 I MemoryTrimmer: Trimming objects from memory, since app is in the background.
05-21 19:07:20.258  6297 23090 I PBSessionCacheImpl: Deleted sessionId[27696088724541350] from persistence.
05-21 19:07:20.262  1456  1471 I WifiService: getWifiEnabledState uid=10073
05-21 19:07:20.268  6297  6350 W SearchServiceCore: Abort, client detached.
05-21 19:07:20.557  1456  1471 I ActivityManager: Fully drawn org.mozilla.fennec_aurora/org.mozilla.fenix.HomeActivity: +940ms (total +1s489ms)
05-21 19:07:20.599   808   808 I SFPerfTracer:      triggers: (rate: 91:2055183) (compose: 0:7) (post: 0:19) (render: 0:17) (7:11353166 frames) (8:14490890)
05-21 19:07:20.599   808   808 D SFPerfTracer:        layers: (3:12) (NavigationBar#0 (0xb07df000): 0:1126611) (StatusBar#0 (0xb07e3000): 0:2683106) (com.android.systemui.ImageWallpaper#0 (0xb07e7000): 0:105337)* (Sprite#0 (0xb0733000): 0:317)* (DimLayerController/Stack=0#0 (0xb075a000): 0:3866)* (Sprite#1 (0xb077c000): 0:195)* (org.mozilla.fennec_aurora/org.mozilla.fenix.HomeActivity#0 (0xb039b000): 0:68)- (com.android.launcher3/com.android.launcher3.CustomizationPanelLauncher#0 (0xb0763000): 0:40)- (com.android.launcher3/com.android.launcher3.CustomizationPanelLauncher#1 (0xb0771000): 0:11)- (Splash Screen org.mozilla.fennec_aurora#0 (0xb039b000): 0:19)- (Splash Screen org.mozilla.fennec_aurora#1 (0xafd20000): 0:31)- (org.mozilla.fennec_aurora/org.mozilla.fenix.HomeActivity#0 (0xb039b000): 7:20) 
05-21 19:07:20.625 21457 21590 I chatty  : uid=11341(org.mozilla.fennec_aurora) expire 1 line
05-21 19:07:20.625 21457 21591 I chatty  : uid=11341(org.mozilla.fennec_aurora) expire 1 line
05-21 19:07:21.182 21457 21599 I chatty  : uid=11341(org.mozilla.fennec_aurora) expire 1 line
05-21 19:07:21.264 21457 21516 I chatty  : uid=11341(org.mozilla.fennec_aurora) expire 26 lines
05-21 19:07:21.337 21457 21481 I chatty  : uid=11341(org.mozilla.fennec_aurora) expire 3 lines
05-21 19:07:21.709 21457 21479 I chatty  : uid=11341(org.mozilla.fennec_aurora) expire 1 line
05-21 19:07:21.712  1456  2067 D ConnectivityService: releasing NetworkRequest [ TRACK_DEFAULT id=51238, [ Capabilities: INTERNET&NOT_RESTRICTED&TRUSTED&NOT_VPN] ] (release request)
05-21 19:07:24.711 21626 21626 D AndroidRuntime: >>>>>> START com.android.internal.os.RuntimeInit uid 2000 <<<<<<
05-21 19:07:24.723 21626 21626 W app_process: Could not reserve sentinel fault page
05-21 19:07:24.890 21626 21626 I app_process: The ClassLoaderContext is a special shared library.
05-21 19:07:24.964 21626 21626 D AndroidRuntime: Calling main entry com.android.commands.input.Input
05-21 19:07:24.965 21626 21626 I Input   : injectKeyEvent: KeyEvent { action=ACTION_DOWN, keyCode=KEYCODE_HOME, scanCode=0, metaState=0, flags=0x0, repeatCount=0, eventTime=22178512551, downTime=22178512551, deviceId=-1, source=0x101 }
05-21 19:07:24.972 21626 21626 I Input   : injectKeyEvent: KeyEvent { action=ACTION_UP, keyCode=KEYCODE_HOME, scanCode=0, metaState=0, flags=0x0, repeatCount=0, eventTime=22178512551, downTime=22178512551, deviceId=-1, source=0x101 }
05-21 19:07:24.978  1456  1941 I ActivityManager: START u0 {act=android.intent.action.MAIN cat=[android.intent.category.HOME] flg=0x10200000 cmp=com.android.launcher3/.CustomizationPanelLauncher (has extras)} from uid 1000
05-21 19:07:24.979   794   839 E ANDR-PERF-RESOURCEQS: Failed to apply optimization [4, 0]
05-21 19:07:24.985 21626 21626 D AndroidRuntime: Shutting down VM
05-21 19:07:24.993  1456  6339 I ActivityManager: moveHomeStack, setupComplete:true
05-21 19:07:25.001  6297  6348 I Adreno  : QUALCOMM build                   : bb5b86c, I77d3059488
05-21 19:07:25.001  6297  6348 I Adreno  : Build Date                       : 06/07/18
05-21 19:07:25.001  6297  6348 I Adreno  : OpenGL ES Shader Compiler Version: EV031.22.00.01_06
05-21 19:07:25.001  6297  6348 I Adreno  : Local Branch                     : 
05-21 19:07:25.001  6297  6348 I Adreno  : Remote Branch                    : refs/tags/AU_LINUX_ANDROID_LA.UM.6.5.R1.08.01.00.312.086
05-21 19:07:25.001  6297  6348 I Adreno  : Remote Branch                    : NONE
05-21 19:07:25.001  6297  6348 I Adreno  : Reconstruct Branch               : NOTHING
05-21 19:07:25.006  6297  6348 D vndksupport: Loading /vendor/lib/hw/gralloc.msm8937.so from current namespace instead of sphal namespace.
05-21 19:07:25.012  6297  6348 I Adreno  : PFP: 0x005ff087, ME: 0x005ff063
05-21 19:07:25.016  2748  2748 D Launcher.Utilities: Wakeup weather: Intent { act=com.motorola.launcher3.action.WAKEUP_WEATHER cmp=com.motorola.timeweatherwidget/com.motorola.commandcenter.weather.WakeUpService }
05-21 19:07:25.016  6297  6348 I zygote  : android::hardware::configstore::V1_0::ISurfaceFlingerConfigs::hasWideColorDisplay retrieved: 0
05-21 19:07:25.017  6297  6348 I OpenGLRenderer: Initialized EGL, version 1.4
05-21 19:07:25.017  6297  6348 D OpenGLRenderer: Swap behavior 2
05-21 19:07:25.027  1456  1456 I NotificationService: Cannot find enqueued record for key: 0|com.motorola.timeweatherwidget|1|null|10116
05-21 19:07:25.031   808   808 D SurfaceFlinger: duplicate layer name: changing com.android.launcher3/com.android.launcher3.CustomizationPanelLauncher to com.android.launcher3/com.android.launcher3.CustomizationPanelLauncher#1
05-21 19:07:25.053  6297  6330 W ThreadPoolDumper: Queue length for executor EventBus is now 11. Perhaps some tasks are too long, or the pool is too small.
05-21 19:07:25.054  1456  2921 I WifiService: getWifiEnabledState uid=10073
05-21 19:07:25.063  1456  2921 I WifiService: getWifiEnabledState uid=10073
05-21 19:07:25.115  1456  1673 I LaunchCheckinHandler: Displayed com.android.launcher3/.CustomizationPanelLauncher,wp,wa,136
05-21 19:07:25.121  6297  6297 I BgTaskExecutorImpl: Starting EXCLUSIVE background task TNG_MINUS_ONE_SYNC.
05-21 19:07:25.124  6297  6350 I MicroDetectionState: Should stop hotword detection immediately - false
05-21 19:07:25.131  6297  6350 I MicroDetectionWorker: #startMicroDetector [speakerMode: 0]
05-21 19:07:25.136  6297  6350 I TngMinusOneSync: Syncing TNG:-1
05-21 19:07:25.137  6297  6347 I MicroDataManager: isInitializing-false locale not changed-true model not changed-true
05-21 19:07:25.138   788  1401 V msm8974_platform: platform_check_input_mask: enter check_input_mask source 6 mask 10
05-21 19:07:25.138  6297  6347 I MicroDataManager: Already initialized, obtaining the hotword data immediately.
05-21 19:07:25.140  1012 21640 I AudioFlinger: AudioFlinger's thread 0xb2483e80 tid=21640 ready to run
05-21 19:07:25.150  6297 12678 I MicroRecognitionRunner: Starting detection.
05-21 19:07:25.150  6297 12678 I InputStreamUtils: Using micInputStream
05-21 19:07:25.152   788  1401 D audio_hw_primary: in_set_parameters: enter: kvpairs=input_source=6;routing=-2147483644
05-21 19:07:25.153  1012  1390 D APM_AudioPolicyManager: AudioPolicyManager::startInput() input 354534, session 354649, source = 1999
05-21 19:07:25.154   788 21642 V msm8974_platform: platform_update_usecase_from_source: input source :6
05-21 19:07:25.155   788 21642 V msm8974_platform: platform_check_input_mask: enter check_input_mask source 6 mask 10
05-21 19:07:25.155   788 21642 V msm8974_platform: platform_get_input_snd_device: enter: out_device(0) in_device(0x4) channel_count (1) channel_mask (0x10)
05-21 19:07:25.155   788 21642 V msm8974_platform: platform_get_input_snd_device: exit: in_snd_device(voice-rec-mic)
05-21 19:07:25.155   788 21642 V msm8974_platform: platform_get_backend_index:napb: backend port - 5 device - 120 
05-21 19:07:25.155   788 21642 V msm8974_platform: platform_check_and_set_capture_backend_cfg:txbecf: afe: bitwidth 0, samplerate 0, channel 1, backend_idx 5 usecase = 9 device (voice-rec-mic)
05-21 19:07:25.155   788 21642 V msm8974_platform: platform_check_capture_backend_cfg:txbecf: afe: Codec selected backend: 5 current bit width: 0 and sample rate: 0, channels 1
05-21 19:07:25.155   788 21642 V msm8974_platform: platform_check_capture_backend_cfg:txbecf: afe: Codec selected backend: 5 updated bit width: 0 and sample rate: 0
05-21 19:07:25.155   788 21642 I msm8974_platform: platform_check_capture_backend_cfg:txbecf: afe: Codec backend needs to be updated. new bit width: 0 new sample rate: 0 new channel: 1
05-21 19:07:25.155   788 21642 V msm8974_platform: platform_get_backend_index:napb: backend port - 5 device - 120 
05-21 19:07:25.155  6297  6350 I MicroDetectionWorker: onReady
05-21 19:07:25.155   788 21642 V msm8974_platform: platform_set_backend_cfg:becf: afe: bitwidth 0, samplerate 0 channels 1, backend_idx 5 device (voice-rec-mic)
05-21 19:07:25.155   788 21642 E msm8974_platform: platform_set_backend_cfg:becf: afe: Could not get ctl for mixer command - SLIM_0_TX Format
05-21 19:07:25.155   788 21642 V msm8974_platform: platform_send_audio_calibration: sending audio calibration for snd_device(120) acdb_id(62)
05-21 19:07:25.155   788 21642 D ACDB-LOADER: ACDB -> send_audio_cal, acdb_id = 62, path = 1, app id = 0x11130, sample rate = 48000
05-21 19:07:25.155   788 21642 D ACDB-LOADER: ACDB -> send_asm_topology
05-21 19:07:25.155   788 21642 D ACDB-LOADER: ACDB -> ACDB_CMD_GET_AUDPROC_STREAM_TOPOLOGY_ID
05-21 19:07:25.155   788 21642 D ACDB-LOADER: ACDB -> send_adm_topology
