03-23 02:43:58.412 11741 11759 W ResourceType: Too many attribute references, stopped at: 0x01010099
03-23 02:43:58.502 11651 11651 D App     : Installed browser-icons extension
03-23 02:43:58.504 11651 11651 D mozac-webextensions: Installed extension: mozacWebchannel
03-23 02:43:58.507 11651 11651 D mozac-webextensions: Installed extension: mozacReaderview
03-23 02:43:58.512 11741 11741 D GeckoNetworkManager: Incoming event enableNotifications for state OffNoListeners -> OffWithListeners
03-23 02:43:58.514 11741 11741 D GeckoNetworkManager: New network state: DOWN, NONE, UNKNOWN
03-23 02:43:58.529 11651 11651 D GeckoSession: handleMessage GeckoView:PageStart uri=about:blank
03-23 02:43:58.544 11651 11656 I zygote  : Do partial code cache collection, code=123KB, data=91KB
03-23 02:43:58.547 11651 11656 I zygote  : After code cache collection, code=123KB, data=91KB
03-23 02:43:58.547 11651 11656 I zygote  : Increasing code cache capacity to 512KB
03-23 02:43:58.584 11651 11681 D GeckoScreenOrientation: unlocking
03-23 02:43:58.589 11651 11651 D GeckoSession: handleMessage GeckoView:LocationChange uri=about:blank
03-23 02:43:58.590 11651 11651 D GeckoSession: handleMessage GeckoView:PageStop uri=null
03-23 02:43:58.598 11651 11651 I SessionStorage/AutoSave: Save: Load finished
03-23 02:43:58.600 11651 11700 D SessionStorage/AutoSave: Delaying save (61ms)
03-23 02:43:58.616 11651 11651 D GeckoSession: handleMessage GeckoView:ProgressChanged uri=null
03-23 02:43:58.624 11651 11651 D GeckoSession: handleMessage GeckoView:PageStart uri=https://example.com/
03-23 02:43:58.643 11651 11651 D GeckoSession: handleMessage GeckoView:ProgressChanged uri=null
03-23 02:43:58.649 11651 11651 D GeckoSession: handleMessage GeckoView:PageStop uri=null
03-23 02:43:58.649 11651 11651 I SessionStorage/AutoSave: Save: Load finished
03-23 02:43:58.649 11651 11651 D SessionStorage/AutoSave: Skipping save, other job already in flight
03-23 02:43:58.659 11651 11651 D GeckoSession: handleMessage GeckoView:SecurityChanged uri=null
03-23 02:43:58.660 11651 11651 D GeckoSession: handleMessage GeckoView:ProgressChanged uri=null
03-23 02:43:58.666 11651 11651 D GeckoSession: handleMessage GeckoView:PageStart uri=https://example.com/
03-23 02:43:58.669 11651 11700 D SessionStorage/AutoSave: Saved state to disk [7ms]
03-23 02:43:58.836 11651 11651 D GeckoSession: handleMessage GeckoView:OnLoadError uri=https://example.com/
03-23 02:43:58.844 11651 11651 I zygote  : Deoptimizing kotlin.coroutines.CoroutineContext$Element kotlin.coroutines.CoroutineContext$Element$DefaultImpls.get(kotlin.coroutines.CoroutineContext$Element, kotlin.coroutines.CoroutineContext$Key) due to JIT inline cache
03-23 02:43:58.959 11651 11651 D GeckoSession: handleMessage GeckoView:ProgressChanged uri=null
03-23 02:43:58.960 11741 11759 W GeckoLinker: /data/app/org.mozilla.fennec_aurora-xI25vzLLyuVc9uPMg-Liog==/lib/arm/libsoftokn3.so: unhandled flags #8 not handled
03-23 02:43:58.961 11741 11759 W GeckoLinker: /data/app/org.mozilla.fennec_aurora-xI25vzLLyuVc9uPMg-Liog==/lib/arm/libsoftokn3.so: Relocation to NULL @0x0002cffc for symbol "__cxa_type_match"
03-23 02:43:58.962 11741 11759 W GeckoLinker: /data/app/org.mozilla.fennec_aurora-xI25vzLLyuVc9uPMg-Liog==/lib/arm/libfreebl3.so: unhandled flags #8 not handled
03-23 02:43:58.963 11741 11759 W GeckoLinker: /data/app/org.mozilla.fennec_aurora-xI25vzLLyuVc9uPMg-Liog==/lib/arm/libfreebl3.so: Relocation to NULL @0x0004fffc for symbol "__cxa_type_match"
03-23 02:43:58.968 11651 11651 D GeckoSession: handleMessage GeckoView:PageStop uri=null
03-23 02:43:58.968 11651 11651 I SessionStorage/AutoSave: Save: Load finished
03-23 02:43:58.970 11651 11700 D SessionStorage/AutoSave: Delaying save (1629ms)
03-23 02:43:59.000 11651 11651 D GeckoSession: handleMessage GeckoView:LocationChange uri=https://example.com/
03-23 02:43:59.011 11651 11700 I zygote  : Deoptimizing void kotlinx.coroutines.DispatchedTask.run() due to JIT inline cache
03-23 02:43:59.013 11651 11700 D places_ffi: bookmarks_get_all_with_url
03-23 02:43:59.033 11651 11651 D GeckoSession: handleMessage GeckoView:SecurityChanged uri=null
03-23 02:43:59.052 11651 11700 D places_ffi: places_connection_new
03-23 02:43:59.055 11651 11651 D mozac-webcompat: Installed WebCompat webextension: webcompat@mozilla.com
03-23 02:43:59.071 11651 11700 D places_ffi: places_note_observation
03-23 02:43:59.092 11651 11700 D sql_support::conn_ext: Transaction commited after 19.836356ms
03-23 02:43:59.141 11651 11700 D places_ffi: places_note_observation
03-23 02:43:59.156 11651 11700 D sql_support::conn_ext: Transaction commited after 14.365939ms
03-23 02:43:59.169 11651 11700 D places_ffi: places_note_observation
03-23 02:43:59.195 11651 11700 D sql_support::conn_ext: Transaction commited after 25.935367ms
03-23 02:43:59.434 11651 11651 I DefaultSupportedAddonsChecker: Register check for new supported add-ons
03-23 02:43:59.968 11651 11651 D GeckoSession: handleMessage GeckoView:StateUpdated uri=null
03-23 02:43:59.968 11651 11651 W GeckoSession: No history entries found.
03-23 02:44:00.611 11651 11700 D SessionStorage/AutoSave: Saved state to disk [11ms]
03-23 02:44:01.716 11900 11900 D AndroidRuntime: >>>>>> START com.android.internal.os.RuntimeInit uid 2000 <<<<<<
03-23 02:44:01.729 11900 11900 W app_process: Could not reserve sentinel fault page
03-23 02:44:01.896 11900 11900 I app_process: The ClassLoaderContext is a special shared library.
03-23 02:44:01.961 11900 11900 D AndroidRuntime: Calling main entry com.android.commands.input.Input
03-23 02:44:01.966 11900 11900 I Input   : injectKeyEvent: KeyEvent { action=ACTION_DOWN, keyCode=KEYCODE_HOME, scanCode=0, metaState=0, flags=0x0, repeatCount=0, eventTime=17021897242, downTime=17021897242, deviceId=-1, source=0x101 }
03-23 02:44:01.973 11900 11900 I Input   : injectKeyEvent: KeyEvent { action=ACTION_UP, keyCode=KEYCODE_HOME, scanCode=0, metaState=0, flags=0x0, repeatCount=0, eventTime=17021897242, downTime=17021897242, deviceId=-1, source=0x101 }
03-23 02:44:01.979  1456  1941 I ActivityManager: START u0 {act=android.intent.action.MAIN cat=[android.intent.category.HOME] flg=0x10200000 cmp=com.android.launcher3/.CustomizationPanelLauncher (has extras)} from uid 1000
03-23 02:44:01.980   794   839 E ANDR-PERF-RESOURCEQS: Failed to apply optimization [4, 0]
03-23 02:44:01.992  1456  1941 I ActivityManager: moveHomeStack, setupComplete:true
03-23 02:44:01.999 28336 28375 I Adreno  : QUALCOMM build                   : bb5b86c, I77d3059488
03-23 02:44:01.999 28336 28375 I Adreno  : Build Date                       : 06/07/18
03-23 02:44:01.999 28336 28375 I Adreno  : OpenGL ES Shader Compiler Version: EV031.22.00.01_06
03-23 02:44:01.999 28336 28375 I Adreno  : Local Branch                     : 
03-23 02:44:01.999 28336 28375 I Adreno  : Remote Branch                    : refs/tags/AU_LINUX_ANDROID_LA.UM.6.5.R1.08.01.00.312.086
03-23 02:44:01.999 28336 28375 I Adreno  : Remote Branch                    : NONE
03-23 02:44:01.999 28336 28375 I Adreno  : Reconstruct Branch               : NOTHING
03-23 02:44:02.004 11900 11900 D AndroidRuntime: Shutting down VM
03-23 02:44:02.004 28336 28375 D vndksupport: Loading /vendor/lib/hw/gralloc.msm8937.so from current namespace instead of sphal namespace.
03-23 02:44:02.007 28336 28375 I Adreno  : PFP: 0x005ff087, ME: 0x005ff063
03-23 02:44:02.012 28336 28375 I zygote  : android::hardware::configstore::V1_0::ISurfaceFlingerConfigs::hasWideColorDisplay retrieved: 0
03-23 02:44:02.013 28336 28375 I OpenGLRenderer: Initialized EGL, version 1.4
03-23 02:44:02.014 28336 28375 D OpenGLRenderer: Swap behavior 2
03-23 02:44:02.014  2748  2748 D Launcher.Utilities: Wakeup weather: Intent { act=com.motorola.launcher3.action.WAKEUP_WEATHER cmp=com.motorola.timeweatherwidget/com.motorola.commandcenter.weather.WakeUpService }
03-23 02:44:02.030  1456  1456 I NotificationService: Cannot find enqueued record for key: 0|com.motorola.timeweatherwidget|1|null|10116
03-23 02:44:02.036   808   808 D SurfaceFlinger: duplicate layer name: changing com.android.launcher3/com.android.launcher3.CustomizationPanelLauncher to com.android.launcher3/com.android.launcher3.CustomizationPanelLauncher#1
03-23 02:44:02.043 28336 28336 W ThreadPoolDumper: Queue length for executor EventBus is now 11. Perhaps some tasks are too long, or the pool is too small.
03-23 02:44:02.050  1456  2916 I WifiService: getWifiEnabledState uid=10073
03-23 02:44:02.059 11651 11651 I [INFO][Leanplum]: [com.leanplum.internal.RequestOld::sendIfConnected::4]: Device is offline, will send later
03-23 02:44:02.062   808   808 I SFPerfTracer:      triggers: (rate: 71:2009942) (compose: 0:7) (post: 0:19) (render: 0:17) (0:9648956 frames) (1:11922645)
03-23 02:44:02.062   808   808 D SFPerfTracer:        layers: (4:14) (NavigationBar#0 (0xb07df000): 0:814258) (StatusBar#0 (0xb07e3000): 0:2002371) (com.android.systemui.ImageWallpaper#0 (0xb07e7000): 0:74379)* (Sprite#0 (0xb0733000): 0:317)* (DimLayerController/Stack=0#0 (0xb075a000): 0:3780)* (Sprite#1 (0xb077c000): 0:195)* (org.mozilla.fennec_aurora/org.mozilla.fenix.HomeActivity#0 (0xaff6a000): 0:57)- (com.android.launcher3/com.android.launcher3.CustomizationPanelLauncher#0 (0xb0763000): 0:41)- (com.android.launcher3/com.android.launcher3.CustomizationPanelLauncher#1 (0xb0771000): 0:10)- (org.mozilla.fennec_aurora/org.mozilla.fenix.IntentReceiverActivity#0 (0xb039b000): 0:2)- (Splash Screen org.mozilla.fennec_aurora#0 (0xb013a000): 0:31)- (org.mozilla.fennec_aurora/org.mozilla.fenix.HomeActivity#0 (0xaff6b000): 1:34) (com.android.launcher3/com.android.launcher3.CustomizationPanelLauncher#0 (0xb0763000): 1:2)* (com.android.launcher3/com.android.launcher3.CustomizationPanelLauncher#1 (0xb0771000): 1:1)* 
03-23 02:44:02.066  1456  5050 I WifiService: getWifiEnabledState uid=10073
03-23 02:44:02.071 11651 11651 I zygote  : Deoptimizing kotlinx.coroutines.internal.LockFreeLinkedListNode kotlinx.coroutines.internal.LockFreeLinkedListNode.correctPrev(kotlinx.coroutines.internal.OpDescriptor) due to JIT inline cache
03-23 02:44:02.072 11651 11651 D SessionManager: onTrimMemory(80): clearThumbnails=true, closeEngineSessions=true
03-23 02:44:02.074 28336 28379 I DEBUG   : OpaToSrpTransitionState#onStateChanged#notNullQuery
03-23 02:44:02.075 28336 28379 I DEBUG   : OpaToSrpTransitionState#onStateChanged#notNullQuery
03-23 02:44:02.094 11651 11651 D SessionManager: Cleared 3 thumbnail(s) and unlinked 3 engine sessions(s)
03-23 02:44:02.097 28336 28379 I MicroDetectionState: Should stop hotword detection immediately - false
03-23 02:44:02.101 28336 28379 I MicroDetectionWorker: #startMicroDetector [speakerMode: 0]
03-23 02:44:02.102 28336 28379 I AudioController: Created new AudioSource
03-23 02:44:02.107 11651 11651 D GeckoSession: handleMessage GeckoView:StateUpdated uri=null
03-23 02:44:02.139  1456  1673 I LaunchCheckinHandler: Displayed com.android.launcher3/.CustomizationPanelLauncher,wp,wa,159
03-23 02:44:02.140 28336 28367 I MicroDataManager: isInitializedWithLatestParams-true
03-23 02:44:02.140 28336 28367 I MicroDataManager: isInitializing-false locale not changed-true model not changed-true
03-23 02:44:02.141 28336 28367 I MicroDataManager: Already initialized, obtaining the hotword data immediately.
03-23 02:44:02.148 28336 21549 I MicroRecognitionRunner: Starting detection.
03-23 02:44:02.149 28336 21549 I InputStreamUtils: Using micInputStream
03-23 02:44:02.149 28336 24867 I MicrophoneInputStream: mic_starting  SR : 16000 CC : 16 SO : 1999
03-23 02:44:02.152   788   788 V msm8974_platform: platform_check_input_mask: enter check_input_mask source 6 mask 10
03-23 02:44:02.154  1012 11914 I AudioFlinger: AudioFlinger's thread 0xb2483e00 tid=11914 ready to run
03-23 02:44:02.159   788   788 D audio_hw_primary: in_set_parameters: enter: kvpairs=input_source=6;routing=-2147483644
03-23 02:44:02.160  1012  1390 D APM_AudioPolicyManager: AudioPolicyManager::startInput() input 237142, session 237257, source = 1999
03-23 02:44:02.161 28336 24867 I MicrophoneInputStream: mic_started  SR : 16000 CC : 16 SO : 1999
03-23 02:44:02.166   788 11915 V msm8974_platform: platform_update_usecase_from_source: input source :6
03-23 02:44:02.166   788 11915 V msm8974_platform: platform_check_input_mask: enter check_input_mask source 6 mask 10
03-23 02:44:02.166   788 11915 V msm8974_platform: platform_get_input_snd_device: enter: out_device(0) in_device(0x4) channel_count (1) channel_mask (0x10)
03-23 02:44:02.166   788 11915 V msm8974_platform: platform_get_input_snd_device: exit: in_snd_device(voice-rec-mic)
03-23 02:44:02.166   788 11915 V msm8974_platform: platform_get_backend_index:napb: backend port - 5 device - 120 
03-23 02:44:02.166   788 11915 V msm8974_platform: platform_check_and_set_capture_backend_cfg:txbecf: afe: bitwidth 0, samplerate 0, channel 1, backend_idx 5 usecase = 9 device (voice-rec-mic)
03-23 02:44:02.166   788 11915 V msm8974_platform: platform_check_capture_backend_cfg:txbecf: afe: Codec selected backend: 5 current bit width: 0 and sample rate: 0, channels 1
03-23 02:44:02.166   788 11915 V msm8974_platform: platform_check_capture_backend_cfg:txbecf: afe: Codec selected backend: 5 updated bit width: 0 and sample rate: 0
03-23 02:44:02.166   788 11915 I msm8974_platform: platform_check_capture_backend_cfg:txbecf: afe: Codec backend needs to be updated. new bit width: 0 new sample rate: 0 new channel: 1
03-23 02:44:02.166   788 11915 V msm8974_platform: platform_get_backend_index:napb: backend port - 5 device - 120 
03-23 02:44:02.166   788 11915 V msm8974_platform: platform_set_backend_cfg:becf: afe: bitwidth 0, samplerate 0 channels 1, backend_idx 5 device (voice-rec-mic)
03-23 02:44:02.166   788 11915 E msm8974_platform: platform_set_backend_cfg:becf: afe: Could not get ctl for mixer command - SLIM_0_TX Format
03-23 02:44:02.166   788 11915 V msm8974_platform: platform_send_audio_calibration: sending audio calibration for snd_device(120) acdb_id(62)
03-23 02:44:02.166   788 11915 D ACDB-LOADER: ACDB -> send_audio_cal, acdb_id = 62, path = 1, app id = 0x11130, sample rate = 48000
03-23 02:44:02.166   788 11915 D ACDB-LOADER: ACDB -> send_asm_topology
03-23 02:44:02.166   788 11915 D ACDB-LOADER: ACDB -> ACDB_CMD_GET_AUDPROC_STREAM_TOPOLOGY_ID
03-23 02:44:02.166   788 11915 D ACDB-LOADER: ACDB -> send_adm_topology
03-23 02:44:02.166   788 11915 D ACDB-LOADER: ACDB -> ACDB_CMD_GET_AUDPROC_COMMON_TOPOLOGY_ID
03-23 02:44:02.167   788 11915 D ACDB-LOADER: ACDB -> send_audtable
03-23 02:44:02.167   788 11915 D ACDB-LOADER: ACDB -> ACDB_CMD_GET_AUDPROC_COMMON_TABLE_SIZE
03-23 02:44:02.167   788 11915 D ACDB-LOADER: ACDB -> ACDB_CMD_GET_AUDPROC_COMMON_TABLE
03-23 02:44:02.167   788 11915 D ACDB-LOADER: ACDB -> AUDIO_SET_AUDPROC_CAL
03-23 02:44:02.167   788 11915 D ACDB-LOADER: ACDB -> send_audvoltable
03-23 02:44:02.167   788 11915 D ACDB-LOADER: ACDB -> ACDB_CMD_GET_AUDPROC_VOL_STEP_TABLE_SIZE
03-23 02:44:02.167   788 11915 D ACDB-LOADER: ACDB -> ACDB_CMD_GET_AUDPROC_GAIN_DEP_STEP_TABLE, vol index 0
03-23 02:44:02.167   788 11915 D         : Failed to fetch the lookup information of the device 0000003E 
03-23 02:44:02.167   788 11915 D ACDB-LOADER: ACDB -> AUDIO_SET_VOL_CAL cal type = 12
03-23 02:44:02.167   788 11915 D ACDB-LOADER: ACDB -> ACDB_CMD_GET_AUDPROC_STREAM_TABLE_SIZE
03-23 02:44:02.167   788 11915 D ACDB-LOADER: ACDB -> send_audstrmtable
03-23 02:44:02.167   788 11915 D ACDB-LOADER: ACDB -> ACDB_CMD_GET_AUDPROC_STREAM_TABLE_V2
03-23 02:44:02.167   788 11915 D ACDB-LOADER: ACDB -> audstrm_cal->cal_type.cal_data.cal_size = 456
03-23 02:44:02.167   788 11915 D ACDB-LOADER: ACDB -> send_afe_topology
03-23 02:44:02.167   788 11915 D ACDB-LOADER: ACDB -> ACDB_CMD_GET_AFE_TOPOLOGY_ID
03-23 02:44:02.168   788 11915 D ACDB-LOADER: ACDB -> GET_AFE_TOPOLOGY_ID for adcd_id 62, Topology Id 112fb
03-23 02:44:02.168   788 11915 D ACDB-LOADER: ACDB -> send_afe_cal
03-23 02:44:02.168   788 11915 D ACDB-LOADER: ACDB -> ACDB_CMD_GET_AFE_COMMON_TABLE_SIZE
03-23 02:44:02.168   788 11915 D         : Failed to fetch the lookup information of the device 0000003E 
03-23 02:44:02.168   788 11915 E ACDB-LOADER: Error: ACDB_CMD_GET_AFE_COMMON_TABLE_SIZE Returned = -19
03-23 02:44:02.168   788 11915 D ACDB-LOADER: ACDB -> ACDB_CMD_GET_AFE_COMMON_TABLE
03-23 02:44:02.168   788 11915 D         : Failed to fetch the lookup information of the device 0000003E 
03-23 02:44:02.168   788 11915 D ACDB-LOADER: ACDB -> AUDIO_SET_AFE_CAL
03-23 02:44:02.168   788 11915 D ACDB-LOADER: ACDB -> send_hw_delay : acdb_id = 62 path = 1
03-23 02:44:02.168   788 11915 D ACDB-LOADER: ACDB -> ACDB_AVSYNC_INFO: ACDB_CMD_GET_DEVICE_PROPERTY
03-23 02:44:02.168   788 11915 D audio_hw_primary: enable_snd_device: snd_device(120: voice-rec-mic)
03-23 02:44:02.168   788 11915 D audio_route: Apply path: voice-rec-mic
03-23 02:44:02.171   788 11915 V msm8974_platform: platform_get_snd_device_backend_index: enter with device 120
03-23 02:44:02.171   788 11915 E msm8974_platform: platform_get_snd_device_backend_index: BE DAI Name Table is not present
03-23 02:44:02.171   788 11915 V msm8974_platform: platform_get_backend_index:napb: backend port - 5 device - 120 
03-23 02:44:02.171   788 11915 I audio_hw_utils: Set Audio Stream Capture 0 App Type Cfg: app_type 69936, acdb_dev_id 62, sample_rate 48000, snd_device_be_idx -14
03-23 02:44:02.171   788 11915 D audio_hw_primary: enable_audio_route: usecase(9) apply and update mixer path: audio-record
03-23 02:44:02.171   788 11915 D audio_route: Apply path: audio-record
03-23 02:44:02.240 28336 28379 I MicroDetectionWorker: onReady
03-23 02:44:02.267  2146  2165 I zygote  : NativeAlloc concurrent copying GC freed 20806(1085KB) AllocSpace objects, 0(0B) LOS objects, 49% free, 8MB/17MB, paused 119us total 114.738ms
03-23 02:44:02.267 11651 11651 I glean/Glean: Registering pings for org.mozilla.fenix.GleanMetrics.Pings
03-23 02:44:02.310 11651 11656 I zygote  : Do full code cache collection, code=254KB, data=153KB
03-23 02:44:02.313 11651 11656 I zygote  : After code cache collection, code=165KB, data=91KB
03-23 02:44:02.316 11651 11651 D App     : ActivationPing - already generated
03-23 02:44:02.318 11651 11700 I FenixApplication: Initializing storage after visual completeness...
03-23 02:44:02.548  1456  7796 I OpenGLRenderer: Initialized EGL, version 1.4
03-23 02:44:02.549  1456  7796 D OpenGLRenderer: Swap behavior 2
03-23 02:44:02.580  2748  2917 W OpenGLRenderer: Incorrectly called buildLayer on View: ShortcutAndWidgetContainer, destroying layer...
03-23 02:44:02.685 11651 11651 D GeckoRuntime: Lifecycle: onPause
03-23 02:44:02.685 11651 11651 D GeckoNetworkManager: Incoming event stop for state OnWithListeners -> OffWithListeners
03-23 02:44:02.686 11651 11651 I SessionStorage/AutoSave: Save: Background
03-23 02:44:02.690 11651 11700 D SessionStorage/AutoSave: Saved state to disk [3ms]
03-23 02:44:02.692 11651 11677 I libglean_ffi: glean_core::ping: Collecting baseline
03-23 02:44:02.697 11651 11677 D libglean_ffi: glean_core::ping: Storing ping 'c0abf324-ce02-4b51-94e1-b0e6dfecf993' at '/data/user/0/org.mozilla.fennec_aurora/glean_data/pending_pings/c0abf324-ce02-4b51-94e1-b0e6dfecf993'
03-23 02:44:02.697 11651 11677 I libglean_ffi: glean_core: The ping 'baseline' was submitted and will be sent as soon as possible
03-23 02:44:02.699 11651 11677 I libglean_ffi: glean_core::ping: Collecting events
03-23 02:44:02.704 11651 11677 D libglean_ffi: glean_core::ping: Storing ping '6f779312-e8b4-4913-8f41-5c99ff7f826b' at '/data/user/0/org.mozilla.fennec_aurora/glean_data/pending_pings/6f779312-e8b4-4913-8f41-5c99ff7f826b'
03-23 02:44:02.704 11651 11677 I libglean_ffi: glean_core: The ping 'events' was submitted and will be sent as soon as possible
03-23 02:44:02.727   808   898 I SFPerfTracer:      triggers: (rate: 0:1) (0 sw vsyncs) (0 skipped) (37:5571528 vsyncs) (39:12005866)
03-23 02:44:03.550  1456  1466 I zygote  : Background concurrent copying GC freed 109416(23MB) AllocSpace objects, 12(432KB) LOS objects, 32% free, 49MB/73MB, paused 236us total 390.147ms
03-23 02:44:07.153  1456  5050 I ActivityManager: Force stopping org.mozilla.fennec_aurora appid=11160 user=0: from pid 11929
03-23 02:44:07.154  1456  5050 I ActivityManager: Killing 11651:org.mozilla.fennec_aurora/u0a1160 (adj 700): stop org.mozilla.fennec_aurora
03-23 02:44:07.156  1456  1605 W zygote  : kill(-11651, 9) failed: No such process
03-23 02:44:07.164 11741 11741 I ServiceChildProcess: Service has been unbound. Stopping.
03-23 02:44:07.165  1456  5050 W ActivityManager: Force removing ActivityRecord{1e2d471 u0 org.mozilla.fennec_aurora/org.mozilla.fenix.HomeActivity t44686}: app died, no saved state
03-23 02:44:07.172  1456  1605 W zygote  : kill(-11651, 9) failed: No such process
03-23 02:44:07.173  1456  5050 I ActivityManager: Killing 11741:org.mozilla.fennec_aurora:tab0/u0a1160 (adj 0): stop org.mozilla.fennec_aurora
03-23 02:44:07.185  2398  2398 D CarrierSvcBindHelper: No carrier app for: 0
03-23 02:44:07.186  1456  1605 W zygote  : kill(-11651, 9) failed: No such process
03-23 02:44:07.186  2398  2398 D CarrierSvcBindHelper: No carrier app for: 1
03-23 02:44:07.201  1456  1605 W zygote  : kill(-11651, 9) failed: No such process
03-23 02:44:07.236  1456  1673 W ActivityManager: setHasOverlayUi called on unknown pid: 11651
03-23 02:44:07.262  1456  1605 I chatty  : uid=1000(system) ActivityManager identical 4 lines
03-23 02:44:07.274  1456  1605 W zygote  : kill(-11651, 9) failed: No such process
03-23 02:44:07.275  1456  1605 I zygote  : Successfully killed process cgroup uid 11160 pid 11651 in 118ms
03-23 02:44:07.275  1456  1605 W zygote  : kill(-11741, 9) failed: No such process
03-23 02:44:07.275  1456  1605 I zygote  : Successfully killed process cgroup uid 11160 pid 11741 in 0ms
03-23 02:44:07.282  1456  5797 I ActivityManager: START u0 {act=android.intent.action.VIEW dat=https://example.com/... typ=text/html flg=0x10000000 cmp=org.mozilla.fennec_aurora/org.mozilla.fenix.IntentReceiverActivity} from uid 2000
03-23 02:44:07.283   794   839 E ANDR-PERF-RESOURCEQS: Failed to apply optimization [4, 0]
03-23 02:44:07.302  1456  5907 I ActivityManager: Start proc 11937:org.mozilla.fennec_aurora/u0a1160 for activity org.mozilla.fennec_aurora/org.mozilla.fenix.IntentReceiverActivity
03-23 02:44:07.390 28336 28379 I MicroDetectionState: Should stop hotword detection immediately - false
03-23 02:44:07.390 28336 28379 I MicroDetector: Keeping mic open: false
03-23 02:44:07.390 28336 28379 I RecognitionAudioControl: #shutdownAudio [requestId: 3609324168882032487, keepAudioOpen: false, forced: true]
03-23 02:44:07.390 28336 21552 E DeviceStateChecker: DeviceStateChecker cancelled
03-23 02:44:07.390 28336 28379 I RecognitionAudioControl: #internalShutdownAudio [requestId: 3609324168882032487]
03-23 02:44:07.390 28336 28379 I RecognitionAudioControl: #internalShutdownAudio [keepAudioOpen: false, forced: true]
03-23 02:44:07.390 28336 28379 I RecognitionAudioControl: #actualShutdownAudio
03-23 02:44:07.390 28336 28379 I AudioController: #shutdown [requestId=3609324168882032487]
03-23 02:44:07.391 28336 28366 I AudioController: internalShutdown
03-23 02:44:07.391 28336 28380 I MicroRecognitionRunner: Stopping hotword detection.
03-23 02:44:07.438 11937 11937 D FirebaseApp: com.google.firebase.auth.FirebaseAuth is not linked. Skipping initialization.
03-23 02:44:07.438   788   788 D audio_hw_primary: disable_audio_route: usecase(9) reset and update mixer path: audio-record
03-23 02:44:07.438 11937 11937 D FirebaseApp: com.google.firebase.crash.FirebaseCrash is not linked. Skipping initialization.
03-23 02:44:07.439 11937 11937 I FirebaseInitProvider: FirebaseApp initialization successful
03-23 02:44:07.439   788   788 D audio_hw_primary: disable_snd_device: snd_device(120: voice-rec-mic)
03-23 02:44:07.441  1012 19499 D APM_AudioPolicyManager: stopInput() input 237142, session 237257
03-23 02:44:07.442   788  1479 D audio_hw_primary: in_set_parameters: enter: kvpairs=routing=0
03-23 02:44:07.443 28336 28366 I MicrophoneInputStream: mic_close  SR : 16000 CC : 16 SO : 1999
03-23 02:44:07.443 28336 28366 E AudioSource: Stop listening is called on already closed AudioSource
03-23 02:44:07.445 28336 21549 I MicroRecognitionRunner: Detection finished
03-23 02:44:07.499 11937 11937 D FennecProfile: profiles.ini: true
03-23 02:44:07.503 11937 11937 D FennecProfile: Ignoring line in [general] section: StartWithLastProfile=1
03-23 02:44:07.504 11937 11937 D FennecProfile: Found 1 profiles
03-23 02:44:07.504 11937 11937 D FennecProfile: Found default profile: FennecProfile(name=default, path=/data/user/0/org.mozilla.fennec_aurora/files/mozilla/f6qnvd48.default, default=true)
03-23 02:44:07.505 11937 11957 I FA      : Collection disabled with firebase_analytics_collection_enabled=0
03-23 02:44:07.505 11937 11957 I FA      : App measurement is starting up, version: 12780
03-23 02:44:07.505 11937 11957 I FA      : To enable debug logging run: adb shell setprop log.tag.FA VERBOSE
03-23 02:44:07.510 11937 11957 I FA      : To enable faster debug mode event logging run:
03-23 02:44:07.510 11937 11957 I FA      :   adb shell setprop debug.firebase.analytics.app org.mozilla.fennec_aurora
03-23 02:44:07.516 11937 11937 D FennecMigrator: No migrations to run. Fennec install - false.
03-23 02:44:07.527 11937 11937 D FenixApplication: Initializing Glean (uploadEnabled=true, isFennec=true)
03-23 02:44:07.529  1456  5907 D ConnectivityService: requestNetwork for uid/pid:11160/11937 NetworkRequest [ TRACK_DEFAULT id=33203, [ Capabilities: INTERNET&NOT_RESTRICTED&TRUSTED&NOT_VPN] ]
03-23 02:44:07.530  1456  2099 D Ethernet: got request NetworkRequest [ TRACK_DEFAULT id=33203, [ Capabilities: INTERNET&NOT_RESTRICTED&TRUSTED&NOT_VPN] ] with score 0
03-23 02:44:07.530  1456  2054 D WIFI_UT : got request NetworkRequest [ TRACK_DEFAULT id=33203, [ Capabilities: INTERNET&NOT_RESTRICTED&TRUSTED&NOT_VPN] ] with score 0
03-23 02:44:07.530  1456  2054 D WIFI    : got request NetworkRequest [ TRACK_DEFAULT id=33203, [ Capabilities: INTERNET&NOT_RESTRICTED&TRUSTED&NOT_VPN] ] with score 0
03-23 02:44:07.530  2398  2398 D PhoneSwitcherNetworkRequstListener: got request NetworkRequest [ TRACK_DEFAULT id=33203, [ Capabilities: INTERNET&NOT_RESTRICTED&TRUSTED&NOT_VPN] ] with score 0
03-23 02:44:07.535 11937 11968 D RustNativeSupport: findMegazordLibraryName(viaduct, 0.55.0
03-23 02:44:07.535 11937 11968 D RustNativeSupport: lib in use: none
03-23 02:44:07.535 11937 11968 D RustNativeSupport: lib configured: megazord
03-23 02:44:07.535 11937 11968 D RustNativeSupport: lib version configured: 0.55.0
03-23 02:44:07.536 11937 11968 D RustNativeSupport: settled on megazord
03-23 02:44:07.552 11937 11967 D libglean_ffi: glean_ffi: Android logging should be hooked up!
03-23 02:44:07.555 11937 11967 I glean/Glean: Registering pings for mozilla.telemetry.glean.GleanMetrics.Pings
03-23 02:44:07.557 11937 11937 D GeckoThread: State changed to LAUNCHED
03-23 02:44:07.558 11937 11971 I GeckoThread: preparing to run Gecko
03-23 02:44:07.558 11937 11967 I libglean_ffi: glean_core: Creating new Glean
03-23 02:44:07.559 11937 11967 D libglean_ffi: glean_core::database: Database path: "/data/user/0/org.mozilla.fennec_aurora/glean_data/db"
03-23 02:44:07.560 11937 11968 D RustNativeSupport: findMegazordLibraryName(rustlog, 0.55.0
03-23 02:44:07.560 11937 11968 D RustNativeSupport: lib in use: none
03-23 02:44:07.561 11937 11968 D RustNativeSupport: lib configured: megazord
03-23 02:44:07.561 11937 11968 D RustNativeSupport: lib version configured: 0.55.0
03-23 02:44:07.561 11937 11968 D RustNativeSupport: settled on megazord
03-23 02:44:07.561 11937 11967 I libglean_ffi: glean_core::database: Database initialized
03-23 02:44:07.562 11937 11967 I libglean_ffi: glean_ffi: Glean initialized
03-23 02:44:07.566 11937 11937 D GeckoRuntime: Lifecycle: onCreate
03-23 02:44:07.567 11937 11971 D GeckoThread: State changed to MOZGLUE_READY
03-23 02:44:07.569 11937 11968 I rc_log_ffi::ios: rc_log adapter initialized!
03-23 02:44:07.578 11937 11937 I zygote  : Deoptimizing java.lang.Object androidx.collection.SimpleArrayMap.put(java.lang.Object, java.lang.Object) due to JIT inline cache
03-23 02:44:07.579 11937 11971 W Settings: Setting animator_duration_scale has moved from android.provider.Settings.System to android.provider.Settings.Global, returning read-only global URI.
03-23 02:44:07.581 11937 11967 D glean/MetricsPingSched: The 'metrics' ping was last sent on Mon Mar 23 00:00:00 EDT 2020
03-23 02:44:07.582 11937 11971 E GeckoLibLoad: Load sqlite start
03-23 02:44:07.583 11937 11967 I glean/MetricsPingSched: The 'metrics' ping was already sent today, Mon Mar 23 02:44:07 EDT 2020.
03-23 02:44:07.583 11937 11967 D glean/MetricsPingSched: Scheduling the 'metrics' ping in 90952431ms
03-23 02:44:07.586 11937 11937 D GleanMetricsService: Enabling Glean.
03-23 02:44:07.603 11937 11971 W GeckoLinker: /data/app/org.mozilla.fennec_aurora-xI25vzLLyuVc9uPMg-Liog==/lib/arm/libnss3.so: unhandled flags #8 not handled
03-23 02:44:07.603 11937 11967 D libglean_ffi: glean_core: Clearing Lifetime::Application metrics
03-23 02:44:07.605 11937 11937 I glean/Dispatchers: Task queued for execution and delayed until flushed
03-23 02:44:07.607 11937 11971 W GeckoLinker: /data/app/org.mozilla.fennec_aurora-xI25vzLLyuVc9uPMg-Liog==/lib/arm/libnss3.so: Relocation to NULL @0x001b9ffc for symbol "__cxa_type_match"
03-23 02:44:07.608 11937 11971 E GeckoLibLoad: Load sqlite done
03-23 02:44:07.608 11937 11971 E GeckoLibLoad: Load nss start
03-23 02:44:07.608 11937 11971 E GeckoLibLoad: Load nss done
03-23 02:44:07.608 11937 11937 I AdjustMetricsService: No adjust token defined
03-23 02:44:07.609 11937 11971 W GeckoLinker: /data/app/org.mozilla.fennec_aurora-xI25vzLLyuVc9uPMg-Liog==/lib/arm/libxul.so: unhandled flags #8 not handled
03-23 02:44:07.609 11937 11971 W GeckoLinker: /data/app/org.mozilla.fennec_aurora-xI25vzLLyuVc9uPMg-Liog==/lib/arm/liblgpllibs.so: unhandled flags #8 not handled
03-23 02:44:07.610 11937 11937 D PushConfig: Creating push configuration for autopush.
03-23 02:44:07.614 11937 11937 I App     : AutoPushFeature is configured, initializing it...
03-23 02:44:07.615 11937 11937 I AutoPushFeature: Checking validity of push subscriptions.
03-23 02:44:07.623 11937 11937 D FennecProfile: profiles.ini: true
03-23 02:44:07.626 11937 11937 D FennecProfile: Ignoring line in [general] section: StartWithLastProfile=1
03-23 02:44:07.627 11937 11937 D FennecProfile: Found 1 profiles
03-23 02:44:07.627 11937 11937 D FennecProfile: Found default profile: FennecProfile(name=default, path=/data/user/0/org.mozilla.fennec_aurora/files/mozilla/f6qnvd48.default, default=true)
03-23 02:44:07.627 11937 11937 I Core    : Initializing history storage
03-23 02:44:07.628 11937 11937 I Core    : Initializing bookmarks storage
03-23 02:44:07.629 11937 11937 I Core    : Initializing logins storage
03-23 02:44:07.633 11937 11968 W [WARNING][Leanplum]: [com.leanplum.internal.ActionManager::getLocationManager::8]: Geofencing support requires leanplum-location module and Google Play Services v8.1 and higher.
03-23 02:44:07.633 11937 11968 W [WARNING][Leanplum]: Add this to your build.gradle file:
03-23 02:44:07.633 11937 11968 W [WARNING][Leanplum]: implementation 'com.google.android.gms:play-services-location:8.3.0+'
03-23 02:44:07.633 11937 11968 W [WARNING][Leanplum]: implementation 'com.leanplum:leanplum-location:+'
03-23 02:44:07.640 11937 11968 I [INFO][Leanplum]: [com.leanplum.monitoring.ExceptionHandler::setContext::6]: LeanplumExceptionHandler could not initialize Exception Reporting.This is expected if you have not included the leanplum-monitoring module
03-23 02:44:07.647 11937 11971 E GeckoLibLoad: Loaded libs in 38.542087ms total, 20ms(113ms) user, 16ms(46ms) system, 0(0) faults
03-23 02:44:07.647 11937 11971 D GeckoThread: State changed to LIBS_READY
03-23 02:44:07.652 11937 11971 W GeckoThread: zerdatime 17473941419 - runGecko
03-23 02:44:07.653 11937 11979 I [INFO][Leanplum]: [com.leanplum.LeanplumFcmProvider::isManifestSetup::11]: Firebase Messaging is setup correctly.
03-23 02:44:07.661 11937 11971 D GeckoProfile: Loading profile at: null name: default
03-23 02:44:07.663 11937 11971 D GeckoProfile: Found profile dir: /data/user/0/org.mozilla.fennec_aurora/files/mozilla/f6qnvd48.default
03-23 02:44:07.676 11937 11967 I libglean_ffi: glean_core: Upload enabled: true
03-23 02:44:07.686 11937 11937 I FirefoxAccountStateMachine: Enabling/updating sync with a new SyncConfig: SyncConfig(supportedEngines=[mozilla.components.service.fxa.SyncEngine$History@5cbb689, mozilla.components.service.fxa.SyncEngine$Bookmarks@50a68e, mozilla.components.service.fxa.SyncEngine$Passwords@4ea5eaf], syncPeriodInMinutes=240)
03-23 02:44:07.690 11937 11937 I BgSyncManager: Periodic syncing enabled at a 240 interval
03-23 02:44:07.690 11937 11937 I FirefoxAccountStateMachine: Sync is enabled
03-23 02:44:07.697 11937 11986 I FirefoxAccountStateMachine: Processing event Event$Init for state Start. Next state is Start
03-23 02:44:07.707 11937 11937 D FennecMigrator: This is not a Fennec installation. No migration needed.
03-23 02:44:07.708 11937 11937 D SessionManager: onTrimMemory(15): clearThumbnails=true, closeEngineSessions=true
03-23 02:44:07.708 11937 11937 D SessionManager: Cleared 0 thumbnail(s) and unlinked 0 engine sessions(s)
03-23 02:44:07.710 11937 11942 I zygote  : Do partial code cache collection, code=24KB, data=28KB
03-23 02:44:07.713 11937 11942 I zygote  : After code cache collection, code=22KB, data=27KB
03-23 02:44:07.713 11937 11942 I zygote  : Increasing code cache capacity to 128KB
03-23 02:44:07.717 11937 11986 I FirefoxAccountStateMachine: Ran 'Event$Init' side-effects for state Start, got successive event Event$AccountNotFound
03-23 02:44:07.717 11937 11986 I FirefoxAccountStateMachine: Processing event Event$AccountNotFound for state Start. Next state is NotAuthenticated
03-23 02:44:07.721 11937 11986 D RustNativeSupport: findMegazordLibraryName(fxaclient, 0.55.0
03-23 02:44:07.721 11937 11986 D RustNativeSupport: lib in use: none
03-23 02:44:07.721 11937 11986 D RustNativeSupport: lib configured: megazord
03-23 02:44:07.721 11937 11986 D RustNativeSupport: lib version configured: 0.55.0
03-23 02:44:07.721 11937 11986 D RustNativeSupport: settled on megazord
03-23 02:44:07.724 11937 11986 D fxaclient_ffi: fxa_new
03-23 02:44:07.735 11937 11937 D GeckoRuntime: Lifecycle: onStart
03-23 02:44:07.742 11937 11937 I [INFO][Leanplum]: [com.leanplum.internal.RequestOld::sendIfConnected::4]: Device is offline, will send later
03-23 02:44:07.752 11937 11937 D GeckoRuntime: Lifecycle: onResume
03-23 02:44:07.753 11937 11937 D GeckoNetworkManager: Incoming event start for state OffNoListeners -> OnNoListeners
03-23 02:44:07.754 11937 11937 D GeckoNetworkManager: New network state: DOWN, NONE, UNKNOWN
03-23 02:44:07.770 11937 12002 D OpenGLRenderer: HWUI GL Pipeline
03-23 02:44:07.836  1456  4797 I ActivityManager: START u0 {act=android.intent.action.VIEW dat=https://example.com/... typ=text/html cmp=org.mozilla.fennec_aurora/org.mozilla.fenix.HomeActivity (has extras)} from uid 11160
03-23 02:44:07.848 11937 11937 D GeckoNetworkManager: Incoming event receivedUpdate for state OnNoListeners -> OnNoListeners
03-23 02:44:07.849 11937 11937 D GeckoNetworkManager: New network state: DOWN, NONE, UNKNOWN
03-23 02:44:07.864 11937 12002 I Adreno  : QUALCOMM build                   : bb5b86c, I77d3059488
03-23 02:44:07.864 11937 12002 I Adreno  : Build Date                       : 06/07/18
03-23 02:44:07.864 11937 12002 I Adreno  : OpenGL ES Shader Compiler Version: EV031.22.00.01_06
03-23 02:44:07.864 11937 12002 I Adreno  : Local Branch                     : 
03-23 02:44:07.864 11937 12002 I Adreno  : Remote Branch                    : refs/tags/AU_LINUX_ANDROID_LA.UM.6.5.R1.08.01.00.312.086
03-23 02:44:07.864 11937 12002 I Adreno  : Remote Branch                    : NONE
03-23 02:44:07.864 11937 12002 I Adreno  : Reconstruct Branch               : NOTHING
03-23 02:44:07.865 11937 12002 D vndksupport: Loading /vendor/lib/hw/gralloc.msm8937.so from current namespace instead of sphal namespace.
03-23 02:44:07.874 11937 12002 I Adreno  : PFP: 0x005ff087, ME: 0x005ff063
03-23 02:44:07.883 11937 12002 I zygote  : android::hardware::configstore::V1_0::ISurfaceFlingerConfigs::hasWideColorDisplay retrieved: 0
03-23 02:44:07.885 11937 12002 I OpenGLRenderer: Initialized EGL, version 1.4
03-23 02:44:07.885 11937 12002 D OpenGLRenderer: Swap behavior 2
03-23 02:44:07.922  1456  5907 I WindowManager: Keep hide if surface has never drawn Window{3c3252 u0 org.mozilla.fennec_aurora/org.mozilla.fenix.IntentReceiverActivity}
03-23 02:44:07.923  1456  5907 I WindowManager: Failed to capture screenshot of Token{d0807ec ActivityRecord{1746a9f u0 org.mozilla.fennec_aurora/org.mozilla.fenix.IntentReceiverActivity t44687 f}} appWin=Window{3c3252 u0 org.mozilla.fennec_aurora/org.mozilla.fenix.IntentReceiverActivity} drawState=1
03-23 02:44:07.930 11937 11937 D MigrationPushRenewer: Migration state: NONE
03-23 02:44:07.930 11937 11937 D MigrationTelemetryListener: Migration state: NONE
03-23 02:44:07.944 11937 11971 I Gecko:DumpUtils: Fifo watcher disabled via pref.
03-23 02:44:07.946  1456  1673 I LaunchCheckinHandler: Displayed org.mozilla.fennec_aurora/org.mozilla.fenix.IntentReceiverActivity,cp,ca,656
03-23 02:44:07.978 11937 11937 D PhoneWindow: Restoring navigation bar divider color to default value = 0x00000000
03-23 02:44:07.984 11937 11971 D GeckoSysInfo: System memory: 1867MB.
03-23 02:44:07.986 11937 11971 D GeckoThread: State changed to JNI_READY
03-23 02:44:08.004  1456  5797 I ActivityManager: Start proc 12028:org.mozilla.fennec_aurora:tab0/u0a1160 for service org.mozilla.fennec_aurora/org.mozilla.gecko.process.GeckoChildProcessServices$tab0
03-23 02:44:08.042 11937 11937 I zygote  : Deoptimizing androidx.navigation.NavDestination androidx.navigation.NavInflater.inflate(android.content.res.Resources, android.content.res.XmlResourceParser, android.util.AttributeSet, int) due to JIT inline cache
03-23 02:44:08.064 11937 11937 I NavController: Ignoring popBackStack to destination org.mozilla.fennec_aurora:id/browserFragment as it was not found on the current back stack
03-23 02:44:08.086 11937 11942 I zygote  : Do partial code cache collection, code=59KB, data=53KB
03-23 02:44:08.088 11937 11942 I zygote  : After code cache collection, code=47KB, data=45KB
03-23 02:44:08.088 11937 11942 I zygote  : Increasing code cache capacity to 256KB
03-23 02:44:08.165 12028 12028 D GeckoThread: State changed to LAUNCHED
03-23 02:44:08.165 12028 12046 I GeckoThread: preparing to run Gecko
03-23 02:44:08.258 11937 11992 D RustNativeSupport: findMegazordLibraryName(places, 0.55.0
03-23 02:44:08.258 11937 11992 D RustNativeSupport: lib in use: none
03-23 02:44:08.258 11937 11992 D RustNativeSupport: lib configured: megazord
03-23 02:44:08.258 11937 11992 D RustNativeSupport: lib version configured: 0.55.0
03-23 02:44:08.258 11937 11992 D RustNativeSupport: settled on megazord
03-23 02:44:08.263 11937 11992 D places_ffi: places_api_new
03-23 02:44:08.329 11937 11992 D sql_support::conn_ext: Transaction commited after 40.10266ms
03-23 02:44:08.331 11937 11992 D places_ffi: places_connection_new
03-23 02:44:08.335 11937 11992 D places_ffi: places_connection_new
03-23 02:44:08.346 11937 11937 I [INFO][Leanplum]: [com.leanplum.internal.RequestOld::sendIfConnected::4]: Device is offline, will send later
03-23 02:44:08.352 11937 11992 D places_ffi: bookmarks_get_all_with_url
03-23 02:44:08.356 11937 11986 W FirefoxAccountStateMachine: Got invalid event Event$Init for state NotAuthenticated.
03-23 02:44:08.369 11937 11937 E [ERROR][Leanplum]: [com.leanplum.LeanplumFcmProvider$1::onComplete::2]: getInstanceId failed
03-23 02:44:08.433 11937 12049 W LOTTIE  : Animation contains merge paths. Merge paths are only supported on KitKat+ and must be manually enabled by calling enableMergePathsForKitKatAndAbove().
03-23 02:44:08.488  1456  5907 I ActivityManager: Displayed org.mozilla.fennec_aurora/org.mozilla.fenix.HomeActivity: +572ms (total +1s198ms)
03-23 02:44:08.489  1456  5907 I ActivityManager: Fully drawn org.mozilla.fennec_aurora/org.mozilla.fenix.HomeActivity: +572ms (total +1s198ms)
03-23 02:44:08.534 11937 11942 I zygote  : Do full code cache collection, code=126KB, data=99KB
03-23 02:44:08.535 11937 11942 I zygote  : After code cache collection, code=102KB, data=63KB
03-23 02:44:08.543 11937 12002 D vndksupport: Loading /vendor/lib/hw/android.hardware.graphics.mapper@2.0-impl.so from current namespace instead of sphal namespace.
03-23 02:44:08.545 11937 12002 D vndksupport: Loading /vendor/lib/hw/gralloc.msm8937.so from current namespace instead of sphal namespace.
03-23 02:44:08.569 11937 11971 D GeckoThread: State changed to PROFILE_READY
03-23 02:44:08.599 11937 11937 W LOTTIE  : Animation contains merge paths but they are disabled.
03-23 02:44:08.651 28336 28336 I MemoryTrimmer: Trimming objects from memory, since app is in the background.
03-23 02:44:08.656 28336 28379 E AudioSource: Stop listening is called on already closed AudioSource
03-23 02:44:08.657 28336 28336 I MemoryTrimmer: Trimming objects from memory, since app is in the background.
03-23 02:44:08.659 28336 24867 I PBSessionCacheImpl: Deleted sessionId[124624629806595714] from persistence.
03-23 02:44:08.665  1456  5797 I WifiService: getWifiEnabledState uid=10073
03-23 02:44:08.667 28336 28379 I DEBUG   : OpaToSrpTransitionState#onStateChanged#notNullQuery
03-23 02:44:08.668 28336 28379 I DEBUG   : OpaToSrpTransitionState#onStateChanged#notNullQuery
03-23 02:44:08.669 28336 28379 W SearchServiceCore: Abort, client detached.
03-23 02:44:08.670 11937 11971 D GeckoThread: State changed to RUNNING
03-23 02:44:08.689 11937 11971 I Gecko   : -*- nsDNSServiceDiscovery.js : nsDNSServiceDiscovery
03-23 02:44:08.753 11937 11937 D GeckoNetworkManager: Incoming event enableNotifications for state OnNoListeners -> OnWithListeners
03-23 02:44:08.754 11937 11937 D GeckoNetworkManager: New network state: DOWN, NONE, UNKNOWN
03-23 02:44:08.755 11937 11937 D GeckoNetworkManager: Incoming event receivedUpdate for state OnWithListeners -> OnWithListeners
03-23 02:44:08.756 11937 11937 D GeckoNetworkManager: New network state: DOWN, NONE, UNKNOWN
03-23 02:44:08.758 11937 11971 W GeckoLinker: /data/app/org.mozilla.fennec_aurora-xI25vzLLyuVc9uPMg-Liog==/lib/arm/libsoftokn3.so: unhandled flags #8 not handled
03-23 02:44:08.759 11937 11971 W GeckoLinker: /data/app/org.mozilla.fennec_aurora-xI25vzLLyuVc9uPMg-Liog==/lib/arm/libsoftokn3.so: Relocation to NULL @0x0002cffc for symbol "__cxa_type_match"
03-23 02:44:08.760 11937 11971 W GeckoLinker: /data/app/org.mozilla.fennec_aurora-xI25vzLLyuVc9uPMg-Liog==/lib/arm/libfreebl3.so: unhandled flags #8 not handled
03-23 02:44:08.760 11937 11971 W GeckoLinker: /data/app/org.mozilla.fennec_aurora-xI25vzLLyuVc9uPMg-Liog==/lib/arm/libfreebl3.so: Relocation to NULL @0x0004fffc for symbol "__cxa_type_match"
03-23 02:44:08.792 11937 12060 W GeckoLinker: /data/app/org.mozilla.fennec_aurora-xI25vzLLyuVc9uPMg-Liog==/lib/arm/libnssckbi.so: unhandled flags #8 not handled
03-23 02:44:08.792 11937 12060 W GeckoLinker: /data/app/org.mozilla.fennec_aurora-xI25vzLLyuVc9uPMg-Liog==/lib/arm/libnssckbi.so: Relocation to NULL @0x00055ffc for symbol "__cxa_type_match"
03-23 02:44:08.862 11937 11971 W ResourceType: Too many attribute references, stopped at: 0x01010099
03-23 02:44:08.910 11937 11971 W GeckoEventDispatcher: No listener for GeckoView:AccessibilityEnabled
03-23 02:44:09.054  1023 12090 D libc    : Internal error: netid(0), id(0x4cfe), server(0.0.0.0)
03-23 02:44:09.054  1023 12090 D libc    : Internal error: netid(0), id(0x4cfe), server(0.0.0.0)
03-23 02:44:09.054  1023 12090 D libc    : Internal error: netid(0), id(0x10eb), server(0.0.0.0)
03-23 02:44:09.054  1023 12090 D libc    : Internal error: netid(0), id(0x10eb), server(0.0.0.0)
03-23 02:44:09.078  1023 12098 D libc    : Internal error: netid(0), id(0xc1c2), server(0.0.0.0)
03-23 02:44:09.078  1023 12098 D libc    : Internal error: netid(0), id(0xc1c2), server(0.0.0.0)
03-23 02:44:09.078  1023 12098 D libc    : Internal error: netid(0), id(0x5ad0), server(0.0.0.0)
03-23 02:44:09.078  1023 12098 D libc    : Internal error: netid(0), id(0x5ad0), server(0.0.0.0)
03-23 02:44:09.080  1023 12103 D libc    : Internal error: netid(0), id(0x1bfe), server(0.0.0.0)
03-23 02:44:09.080  1023 12103 D libc    : Internal error: netid(0), id(0x1bfe), server(0.0.0.0)
03-23 02:44:09.080  1023 12103 D libc    : Internal error: netid(0), id(0x1ef4), server(0.0.0.0)
03-23 02:44:09.080  1023 12103 D libc    : Internal error: netid(0), id(0x1ef4), server(0.0.0.0)
03-23 02:44:09.081 11937 11971 W ResourceType: Too many attribute references, stopped at: 0x01010099
03-23 02:44:09.083  1023 12105 D libc    : Internal error: netid(0), id(0x8bc), server(0.0.0.0)
03-23 02:44:09.083  1023 12105 D libc    : Internal error: netid(0), id(0x8bc), server(0.0.0.0)
03-23 02:44:09.083  1023 12105 D libc    : Internal error: netid(0), id(0xb2d1), server(0.0.0.0)
03-23 02:44:09.083  1023 12105 D libc    : Internal error: netid(0), id(0xb2d1), server(0.0.0.0)
03-23 02:44:09.107 11937 11968 D App     : Could not fetch region from location service
03-23 02:44:09.107 11937 11968 D App     : java.io.IOException: org.mozilla.geckoview.WebRequestError: Request failed, error=0x25, category=0x5
03-23 02:44:09.107 11937 11968 D App     : 	at mozilla.components.browser.engine.gecko.fetch.GeckoViewFetchClient.fetch(GeckoViewFetchClient.kt:39)
03-23 02:44:09.107 11937 11968 D App     : 	at mozilla.components.service.location.MozillaLocationService$fetchRegion$2.invokeSuspend(MozillaLocationService.kt:27)
03-23 02:44:09.107 11937 11968 D App     : 	at mozilla.components.service.location.MozillaLocationService$fetchRegion$2.invoke(Unknown Source:10)
03-23 02:44:09.107 11937 11968 D App     : 	at kotlin.jvm.internal.Intrinsics.startUndispatchedOrReturn(Intrinsics.java:2)
03-23 02:44:09.107 11937 11968 D App     : 	at kotlin.jvm.internal.Intrinsics.withContext(Intrinsics.java:9)
03-23 02:44:09.107 11937 11968 D App     : 	at mozilla.components.service.location.MozillaLocationService.fetchRegion(MozillaLocationService.kt:2)
03-23 02:44:09.107 11937 11968 D App     : 	at mozilla.components.service.location.search.RegionSearchLocalizationProvider.determineRegion(RegionSearchLocalizationProvider.kt:5)
03-23 02:44:09.107 11937 11968 D App     : 	at mozilla.components.browser.search.provider.AssetsSearchEngineProvider.loadSearchEngines(AssetsSearchEngineProvider.kt:5)
03-23 02:44:09.107 11937 11968 D App     : 	at org.mozilla.fenix.components.searchengine.FenixSearchEngineProvider$baseSearchEngines$1.invokeSuspend(FenixSearchEngineProvider.kt:9)
03-23 02:44:09.107 11937 11968 D App     : 	at kotlin.coroutines.jvm.internal.BaseContinuationImpl.resumeWith(ContinuationImpl.kt:2)
03-23 02:44:09.107 11937 11968 D App     : 	at kotlinx.coroutines.DispatchedTask.run(DispatchedTask.kt:19)
03-23 02:44:09.107 11937 11968 D App     : 	at kotlinx.coroutines.scheduling.CoroutineScheduler.runSafely(CoroutineScheduler.kt:1)
03-23 02:44:09.107 11937 11968 D App     : 	at kotlinx.coroutines.scheduling.CoroutineScheduler$Worker.run(CoroutineScheduler.kt:14)
03-23 02:44:09.107 11937 11968 D App     : Caused by: org.mozilla.geckoview.WebRequestError: Request failed, error=0x25, category=0x5
03-23 02:44:09.107 11937 11968 D App     : 	at org.mozilla.gecko.mozglue.GeckoLoader.nativeRun(Native Method)
03-23 02:44:09.107 11937 11968 D App     : 	at org.mozilla.gecko.GeckoThread.run(GeckoThread.java:91)
03-23 02:44:09.108 11937 11970 D App     : Could not fetch region from location service
03-23 02:44:09.108 11937 11970 D App     : java.io.IOException: org.mozilla.geckoview.WebRequestError: Request failed, error=0x25, category=0x5
03-23 02:44:09.108 11937 11970 D App     : 	at mozilla.components.browser.engine.gecko.fetch.GeckoViewFetchClient.fetch(GeckoViewFetchClient.kt:39)
03-23 02:44:09.108 11937 11970 D App     : 	at mozilla.components.service.location.MozillaLocationService$fetchRegion$2.invokeSuspend(MozillaLocationService.kt:27)
03-23 02:44:09.108 11937 11970 D App     : 	at kotlin.coroutines.jvm.internal.BaseContinuationImpl.resumeWith(ContinuationImpl.kt:2)
03-23 02:44:09.108 11937 11970 D App     : 	at kotlinx.coroutines.DispatchedTask.run(DispatchedTask.kt:19)
03-23 02:44:09.108 11937 11970 D App     : 	at kotlinx.coroutines.scheduling.CoroutineScheduler.runSafely(CoroutineScheduler.kt:1)
03-23 02:44:09.108 11937 11970 D App     : 	at kotlinx.coroutines.scheduling.CoroutineScheduler$Worker.run(CoroutineScheduler.kt:14)
03-23 02:44:09.108 11937 11970 D App     : Caused by: org.mozilla.geckoview.WebRequestError: Request failed, error=0x25, category=0x5
03-23 02:44:09.108 11937 11970 D App     : 	at org.mozilla.gecko.mozglue.GeckoLoader.nativeRun(Native Method)
03-23 02:44:09.108 11937 11970 D App     : 	at org.mozilla.gecko.GeckoThread.run(GeckoThread.java:91)
03-23 02:44:09.213 12028 12046 D GeckoThread: State changed to MOZGLUE_READY
03-23 02:44:09.222 12028 12046 W Settings: Setting animator_duration_scale has moved from android.provider.Settings.System to android.provider.Settings.Global, returning read-only global URI.
03-23 02:44:09.225 12028 12046 E GeckoLibLoad: Load sqlite start
03-23 02:44:09.240 11937 11971 I GeckoSession: zerdatime 17473943007 - chrome startup finished
03-23 02:44:09.242 12028 12046 W GeckoLinker: /data/app/org.mozilla.fennec_aurora-xI25vzLLyuVc9uPMg-Liog==/lib/arm/libnss3.so: unhandled flags #8 not handled
