03-16 14:29:49.135  1456  1605 I chatty  : uid=1000(system) ActivityManager identical 3 lines
03-16 14:29:49.141  1456  4829 D ConnectivityService: ConnectivityService NetworkRequestInfo binderDied(NetworkRequest [ TRACK_DEFAULT id=31408, [ Capabilities: INTERNET&NOT_RESTRICTED&TRUSTED&NOT_VPN] ], android.os.BinderProxy@dc0796c)
03-16 14:29:49.141  1456  2067 D ConnectivityService: releasing NetworkRequest [ TRACK_DEFAULT id=31408, [ Capabilities: INTERNET&NOT_RESTRICTED&TRUSTED&NOT_VPN] ] (release request)
03-16 14:29:49.141  1456  1673 W ActivityManager: setHasOverlayUi called on unknown pid: 19196
03-16 14:29:49.147  1456  1605 W zygote  : kill(-19196, 9) failed: No such process
03-16 14:29:49.147  1456  1605 I zygote  : Successfully killed process cgroup uid 11114 pid 19196 in 72ms
03-16 14:29:49.148  1456  1605 W zygote  : kill(-19282, 9) failed: No such process
03-16 14:29:49.148  1456  1605 I zygote  : Successfully killed process cgroup uid 11114 pid 19282 in 0ms
03-16 14:29:49.191  1456  1473 I ActivityManager: START u0 {act=android.intent.action.MAIN cat=[android.intent.category.LAUNCHER] flg=0x10000000 cmp=org.mozilla.fennec_aurora/.App} from uid 2000
03-16 14:29:49.192   794   839 E ANDR-PERF-RESOURCEQS: Failed to apply optimization [4, 0]
03-16 14:29:49.210  1456  4829 I ActivityManager: Start proc 19429:org.mozilla.fennec_aurora/u0a1114 for activity org.mozilla.fennec_aurora/.App
03-16 14:29:49.301 28336 28379 I MicroDetectionState: Should stop hotword detection immediately - false
03-16 14:29:49.301 28336 28379 I MicroDetector: Keeping mic open: false
03-16 14:29:49.301 28336 28379 I RecognitionAudioControl: #shutdownAudio [requestId: -5308538447650814534, keepAudioOpen: false, forced: true]
03-16 14:29:49.302 28336 21549 E DeviceStateChecker: DeviceStateChecker cancelled
03-16 14:29:49.302 28336 28379 I RecognitionAudioControl: #internalShutdownAudio [requestId: -5308538447650814534]
03-16 14:29:49.302 28336 28379 I RecognitionAudioControl: #internalShutdownAudio [keepAudioOpen: false, forced: true]
03-16 14:29:49.302 28336 28379 I RecognitionAudioControl: #actualShutdownAudio
03-16 14:29:49.302 28336 28379 I AudioController: #shutdown [requestId=-5308538447650814534]
03-16 14:29:49.302 28336 28380 I AudioController: internalShutdown
03-16 14:29:49.302 28336 28378 I MicroRecognitionRunner: Stopping hotword detection.
03-16 14:29:49.356   788  1401 D audio_hw_primary: disable_audio_route: usecase(9) reset and update mixer path: audio-record
03-16 14:29:49.357   788  1401 D audio_hw_primary: disable_snd_device: snd_device(120: voice-rec-mic)
03-16 14:29:49.359  1012 13178 D APM_AudioPolicyManager: stopInput() input 209734, session 209849
03-16 14:29:49.359   788   788 D audio_hw_primary: in_set_parameters: enter: kvpairs=routing=0
03-16 14:29:49.362 28336 28380 I MicrophoneInputStream: mic_close  SR : 16000 CC : 16 SO : 1999
03-16 14:29:49.362 28336 28380 E AudioSource: Stop listening is called on already closed AudioSource
03-16 14:29:49.364 28336 21552 I MicroRecognitionRunner: Detection finished
03-16 14:29:49.382 19429 19429 I chatty  : uid=11114(org.mozilla.fennec_aurora) expire 43 lines
03-16 14:29:49.459 19429 19448 I chatty  : uid=11114(org.mozilla.fennec_aurora) expire 4 lines
03-16 14:29:49.480 19429 19457 I chatty  : uid=11114(org.mozilla.fennec_aurora) expire 13 lines
03-16 14:29:49.502 19429 19455 I chatty  : uid=11114(org.mozilla.fennec_aurora) expire 11 lines
03-16 14:29:49.542 19429 19462 I chatty  : uid=11114(org.mozilla.fennec_aurora) expire 23 lines
03-16 14:29:49.627 19429 19466 I chatty  : uid=11114(org.mozilla.fennec_aurora) expire 1 line
03-16 14:29:49.635 19429 19474 I chatty  : uid=11114(org.mozilla.fennec_aurora) expire 10 lines
03-16 14:29:49.653   808   808 I SFPerfTracer:      triggers: (rate: 71:2004054) (compose: 0:7) (post: 0:19) (render: 0:17) (16:9314583 frames) (17:11455906)
03-16 14:29:49.653   808   808 D SFPerfTracer:        layers: (3:10) (NavigationBar#0 (0xb07df000): 9:743298) (StatusBar#0 (0xb07e3000): 9:1892104) (com.android.systemui.ImageWallpaper#0 (0xb07e7000): 0:66979)* (Sprite#0 (0xb0733000): 0:317)* (DimLayerController/Stack=0#0 (0xb075a000): 0:3780)* (Sprite#1 (0xb077c000): 0:195)* (org.mozilla.fennec_aurora/org.mozilla.fenix.HomeActivity#0 (0xb039b000): 0:70)- (com.android.launcher3/com.android.launcher3.CustomizationPanelLauncher#0 (0xb0763000): 0:39)* (com.android.launcher3/com.android.launcher3.CustomizationPanelLauncher#1 (0xb0771000): 0:9)* (Splash Screen org.mozilla.fennec_aurora#0 (0xb039b000): 16:19) 
03-16 14:29:49.675  1456  1473 I ActivityManager: START u0 {act=android.intent.action.MAIN cat=[android.intent.category.LAUNCHER] flg=0x10000000 cmp=org.mozilla.fennec_aurora/org.mozilla.fenix.HomeActivity (has extras)} from uid 11114
03-16 14:29:49.693 19429 19434 I chatty  : uid=11114(org.mozilla.fennec_aurora) expire 8 lines
03-16 14:29:49.702   808   808 D SurfaceFlinger: duplicate layer name: changing Splash Screen org.mozilla.fennec_aurora to Splash Screen org.mozilla.fennec_aurora#1
03-16 14:29:50.012  1456  4829 I ActivityManager: Start proc 19514:org.mozilla.fennec_aurora:tab0/u0a1114 for service org.mozilla.fennec_aurora/org.mozilla.gecko.process.GeckoChildProcessServices$tab0
03-16 14:29:50.080 19429 19534 I chatty  : uid=11114(org.mozilla.fennec_aurora) expire 9 lines
03-16 14:29:50.148 19514 19514 I chatty  : uid=11114(org.mozilla.fennec_aurora) expire 1 line
03-16 14:29:50.148 19514 19538 I chatty  : uid=11114(org.mozilla.fennec_aurora) expire 1 line
03-16 14:29:50.321  1456  1673 I LaunchCheckinHandler: Displayed org.mozilla.fennec_aurora/org.mozilla.fenix.HomeActivity,wp,ca,600
03-16 14:29:50.322  1456  1673 I ActivityManager: Displayed org.mozilla.fennec_aurora/org.mozilla.fenix.HomeActivity: +591ms (total +1s113ms)
03-16 14:29:50.358 28336 28379 E AudioSource: Stop listening is called on already closed AudioSource
03-16 14:29:50.360 28336 14699 I PBSessionCacheImpl: Deleted sessionId[124624629806578496] from persistence.
03-16 14:29:50.361 28336 28336 I MemoryTrimmer: Trimming objects from memory, since app is in the background.
03-16 14:29:50.366  1456  4829 I WifiService: getWifiEnabledState uid=10073
03-16 14:29:50.372 28336 28379 I DEBUG   : OpaToSrpTransitionState#onStateChanged#notNullQuery
03-16 14:29:50.374 28336 28379 I DEBUG   : OpaToSrpTransitionState#onStateChanged#notNullQuery
03-16 14:29:50.378 28336 28379 W SearchServiceCore: Abort, client detached.
03-16 14:29:50.378 28336 28379 I chatty  : uid=10073(com.google.android.googlequicksearchbox) EventBus0 identical 2 lines
03-16 14:29:50.379 28336 28379 W SearchServiceCore: Abort, client detached.
03-16 14:29:50.517  1456  4829 I ActivityManager: Fully drawn org.mozilla.fennec_aurora/org.mozilla.fenix.HomeActivity: +796ms (total +1s318ms)
03-16 14:29:50.742 19429 19462 I chatty  : uid=11114(org.mozilla.fennec_aurora) expire 4 lines
03-16 14:29:50.774 19429 19558 I chatty  : uid=11114(org.mozilla.fennec_aurora) expire 2 lines
03-16 14:29:50.928  1023 19567 D libc    : Internal error: netid(0), id(0xd31e), server(0.0.0.0)
03-16 14:29:50.928  1023 19567 D libc    : Internal error: netid(0), id(0xd31e), server(0.0.0.0)
03-16 14:29:50.929  1023 19567 D libc    : Internal error: netid(0), id(0x8550), server(0.0.0.0)
03-16 14:29:50.929  1023 19567 D libc    : Internal error: netid(0), id(0x8550), server(0.0.0.0)
03-16 14:29:50.948  1023 19576 D libc    : Internal error: netid(0), id(0x7c51), server(0.0.0.0)
03-16 14:29:50.948  1023 19576 D libc    : Internal error: netid(0), id(0x7c51), server(0.0.0.0)
03-16 14:29:50.948  1023 19576 D libc    : Internal error: netid(0), id(0x2f2d), server(0.0.0.0)
03-16 14:29:50.948  1023 19576 D libc    : Internal error: netid(0), id(0x2f2d), server(0.0.0.0)
03-16 14:29:50.949 19429 19550 I chatty  : uid=11114(org.mozilla.fennec_aurora) expire 2 lines
03-16 14:29:50.950 19429 19551 I chatty  : uid=11114(org.mozilla.fennec_aurora) expire 2 lines
03-16 14:29:50.950  1023 19580 D libc    : Internal error: netid(0), id(0xe613), server(0.0.0.0)
03-16 14:29:50.951  1023 19580 D libc    : Internal error: netid(0), id(0xe613), server(0.0.0.0)
03-16 14:29:50.951  1023 19580 D libc    : Internal error: netid(0), id(0xe064), server(0.0.0.0)
03-16 14:29:50.951  1023 19580 D libc    : Internal error: netid(0), id(0xe064), server(0.0.0.0)
03-16 14:29:50.956 19429 19457 I chatty  : uid=11114(org.mozilla.fennec_aurora) expire 1 line
03-16 14:29:50.956 19429 19480 I chatty  : uid=11114(org.mozilla.fennec_aurora) expire 1 line
03-16 14:29:50.957 19429 19458 I chatty  : uid=11114(org.mozilla.fennec_aurora) expire 1 line
03-16 14:29:50.970  1023 19588 D libc    : Internal error: netid(0), id(0xb46d), server(0.0.0.0)
03-16 14:29:50.970  1023 19588 D libc    : Internal error: netid(0), id(0xb46d), server(0.0.0.0)
03-16 14:29:50.970  1023 19588 D libc    : Internal error: netid(0), id(0x1674), server(0.0.0.0)
03-16 14:29:50.970  1023 19588 D libc    : Internal error: netid(0), id(0x1674), server(0.0.0.0)
03-16 14:29:50.974  1023 19592 D libc    : Internal error: netid(0), id(0xe860), server(0.0.0.0)
03-16 14:29:50.974  1023 19592 D libc    : Internal error: netid(0), id(0xe860), server(0.0.0.0)
03-16 14:29:50.975  1023 19592 D libc    : Internal error: netid(0), id(0x7207), server(0.0.0.0)
03-16 14:29:50.975  1023 19592 D libc    : Internal error: netid(0), id(0x7207), server(0.0.0.0)
03-16 14:29:50.978  1023 19596 D libc    : Internal error: netid(0), id(0x543), server(0.0.0.0)
03-16 14:29:50.978  1023 19596 D libc    : Internal error: netid(0), id(0x543), server(0.0.0.0)
03-16 14:29:50.979  1023 19596 D libc    : Internal error: netid(0), id(0x2727), server(0.0.0.0)
03-16 14:29:50.979  1023 19596 D libc    : Internal error: netid(0), id(0x2727), server(0.0.0.0)
03-16 14:29:51.000 19429 19586 I chatty  : uid=11114(org.mozilla.fennec_aurora) expire 1 line
03-16 14:29:51.035   808   898 I SFPerfTracer:      triggers: (rate: 0:1) (0 sw vsyncs) (0 skipped) (38:5222413 vsyncs) (40:11530883)
03-16 14:29:51.381 19429 19429 I chatty  : uid=11114(org.mozilla.fennec_aurora) expire 11 lines
03-16 14:29:54.846 19634 19634 D AndroidRuntime: >>>>>> START com.android.internal.os.RuntimeInit uid 2000 <<<<<<
03-16 14:29:54.858 19634 19634 W app_process: Could not reserve sentinel fault page
03-16 14:29:55.024 19634 19634 I app_process: The ClassLoaderContext is a special shared library.
03-16 14:29:55.099 19634 19634 D AndroidRuntime: Calling main entry com.android.commands.input.Input
03-16 14:29:55.100 19634 19634 I Input   : injectKeyEvent: KeyEvent { action=ACTION_DOWN, keyCode=KEYCODE_HOME, scanCode=0, metaState=0, flags=0x0, repeatCount=0, eventTime=16459450380, downTime=16459450380, deviceId=-1, source=0x101 }
03-16 14:29:55.107 19634 19634 I Input   : injectKeyEvent: KeyEvent { action=ACTION_UP, keyCode=KEYCODE_HOME, scanCode=0, metaState=0, flags=0x0, repeatCount=0, eventTime=16459450380, downTime=16459450380, deviceId=-1, source=0x101 }
03-16 14:29:55.114  1456  1941 I ActivityManager: START u0 {act=android.intent.action.MAIN cat=[android.intent.category.HOME] flg=0x10200000 cmp=com.android.launcher3/.CustomizationPanelLauncher (has extras)} from uid 1000
03-16 14:29:55.114   794   839 E ANDR-PERF-RESOURCEQS: Failed to apply optimization [4, 0]
03-16 14:29:55.126  1456  1941 I ActivityManager: moveHomeStack, setupComplete:true
03-16 14:29:55.130 19634 19634 D AndroidRuntime: Shutting down VM
03-16 14:29:55.136 28336 28375 I Adreno  : QUALCOMM build                   : bb5b86c, I77d3059488
03-16 14:29:55.136 28336 28375 I Adreno  : Build Date                       : 06/07/18
03-16 14:29:55.136 28336 28375 I Adreno  : OpenGL ES Shader Compiler Version: EV031.22.00.01_06
03-16 14:29:55.136 28336 28375 I Adreno  : Local Branch                     : 
03-16 14:29:55.136 28336 28375 I Adreno  : Remote Branch                    : refs/tags/AU_LINUX_ANDROID_LA.UM.6.5.R1.08.01.00.312.086
03-16 14:29:55.136 28336 28375 I Adreno  : Remote Branch                    : NONE
03-16 14:29:55.136 28336 28375 I Adreno  : Reconstruct Branch               : NOTHING
03-16 14:29:55.139 28336 28375 D vndksupport: Loading /vendor/lib/hw/gralloc.msm8937.so from current namespace instead of sphal namespace.
03-16 14:29:55.142 28336 28375 I Adreno  : PFP: 0x005ff087, ME: 0x005ff063
03-16 14:29:55.146 28336 28375 I zygote  : android::hardware::configstore::V1_0::ISurfaceFlingerConfigs::hasWideColorDisplay retrieved: 0
03-16 14:29:55.148 28336 28375 I OpenGLRenderer: Initialized EGL, version 1.4
03-16 14:29:55.148 28336 28375 D OpenGLRenderer: Swap behavior 2
03-16 14:29:55.154  2748  2748 D Launcher.Utilities: Wakeup weather: Intent { act=com.motorola.launcher3.action.WAKEUP_WEATHER cmp=com.motorola.timeweatherwidget/com.motorola.commandcenter.weather.WakeUpService }
03-16 14:29:55.174  1456  1456 I NotificationService: Cannot find enqueued record for key: 0|com.motorola.timeweatherwidget|1|null|10116
03-16 14:29:55.178   808   808 D SurfaceFlinger: duplicate layer name: changing com.android.launcher3/com.android.launcher3.CustomizationPanelLauncher to com.android.launcher3/com.android.launcher3.CustomizationPanelLauncher#1
03-16 14:29:55.190 28336 28370 W ThreadPoolDumper: Queue length for executor EventBus is now 11. Perhaps some tasks are too long, or the pool is too small.
03-16 14:29:55.191  1456  2920 I WifiService: getWifiEnabledState uid=10073
03-16 14:29:55.204  1456  2920 I WifiService: getWifiEnabledState uid=10073
03-16 14:29:55.211 28336 28379 I DEBUG   : OpaToSrpTransitionState#onStateChanged#notNullQuery
03-16 14:29:55.212 28336 28379 I DEBUG   : OpaToSrpTransitionState#onStateChanged#notNullQuery
03-16 14:29:55.229 28336 28379 I MicroDetectionState: Should stop hotword detection immediately - false
03-16 14:29:55.235 28336 28379 I MicroDetectionWorker: #startMicroDetector [speakerMode: 0]
03-16 14:29:55.237 28336 28379 I AudioController: Created new AudioSource
03-16 14:29:55.269  1456  1673 I LaunchCheckinHandler: Displayed com.android.launcher3/.CustomizationPanelLauncher,wp,wa,155
03-16 14:29:55.270 28336 28366 I MicroDataManager: isInitializedWithLatestParams-true
03-16 14:29:55.271 28336 28366 I MicroDataManager: isInitializing-false locale not changed-true model not changed-true
03-16 14:29:55.271 28336 28366 I MicroDataManager: Already initialized, obtaining the hotword data immediately.
03-16 14:29:55.275 28336 21549 I MicroRecognitionRunner: Starting detection.
03-16 14:29:55.275 28336 21549 I InputStreamUtils: Using micInputStream
03-16 14:29:55.276 28336  3434 I MicrophoneInputStream: mic_starting  SR : 16000 CC : 16 SO : 1999
03-16 14:29:55.278   788   788 V msm8974_platform: platform_check_input_mask: enter check_input_mask source 6 mask 10
03-16 14:29:55.282  1012 19650 I AudioFlinger: AudioFlinger's thread 0xb2483d80 tid=19650 ready to run
03-16 14:29:55.289   788   788 D audio_hw_primary: in_set_parameters: enter: kvpairs=input_source=6;routing=-2147483644
03-16 14:29:55.290  1012 10158 D APM_AudioPolicyManager: AudioPolicyManager::startInput() input 209742, session 209857, source = 1999
03-16 14:29:55.290 28336  3434 I MicrophoneInputStream: mic_started  SR : 16000 CC : 16 SO : 1999
03-16 14:29:55.292   788 19651 V msm8974_platform: platform_update_usecase_from_source: input source :6
03-16 14:29:55.292   788 19651 V msm8974_platform: platform_check_input_mask: enter check_input_mask source 6 mask 10
03-16 14:29:55.292   788 19651 V msm8974_platform: platform_get_input_snd_device: enter: out_device(0) in_device(0x4) channel_count (1) channel_mask (0x10)
03-16 14:29:55.292   788 19651 V msm8974_platform: platform_get_input_snd_device: exit: in_snd_device(voice-rec-mic)
03-16 14:29:55.292   788 19651 V msm8974_platform: platform_get_backend_index:napb: backend port - 5 device - 120 
03-16 14:29:55.292   788 19651 V msm8974_platform: platform_check_and_set_capture_backend_cfg:txbecf: afe: bitwidth 0, samplerate 0, channel 1, backend_idx 5 usecase = 9 device (voice-rec-mic)
03-16 14:29:55.292   788 19651 V msm8974_platform: platform_check_capture_backend_cfg:txbecf: afe: Codec selected backend: 5 current bit width: 0 and sample rate: 0, channels 1
03-16 14:29:55.292   788 19651 V msm8974_platform: platform_check_capture_backend_cfg:txbecf: afe: Codec selected backend: 5 updated bit width: 0 and sample rate: 0
03-16 14:29:55.292   788 19651 I msm8974_platform: platform_check_capture_backend_cfg:txbecf: afe: Codec backend needs to be updated. new bit width: 0 new sample rate: 0 new channel: 1
03-16 14:29:55.292   788 19651 V msm8974_platform: platform_get_backend_index:napb: backend port - 5 device - 120 
03-16 14:29:55.292   788 19651 V msm8974_platform: platform_set_backend_cfg:becf: afe: bitwidth 0, samplerate 0 channels 1, backend_idx 5 device (voice-rec-mic)
03-16 14:29:55.292   788 19651 E msm8974_platform: platform_set_backend_cfg:becf: afe: Could not get ctl for mixer command - SLIM_0_TX Format
03-16 14:29:55.292   788 19651 V msm8974_platform: platform_send_audio_calibration: sending audio calibration for snd_device(120) acdb_id(62)
03-16 14:29:55.292   788 19651 D ACDB-LOADER: ACDB -> send_audio_cal, acdb_id = 62, path = 1, app id = 0x11130, sample rate = 48000
03-16 14:29:55.292   788 19651 D ACDB-LOADER: ACDB -> send_asm_topology
03-16 14:29:55.292   788 19651 D ACDB-LOADER: ACDB -> ACDB_CMD_GET_AUDPROC_STREAM_TOPOLOGY_ID
03-16 14:29:55.292   788 19651 D ACDB-LOADER: ACDB -> send_adm_topology
03-16 14:29:55.293   788 19651 D ACDB-LOADER: ACDB -> ACDB_CMD_GET_AUDPROC_COMMON_TOPOLOGY_ID
03-16 14:29:55.293   788 19651 D ACDB-LOADER: ACDB -> send_audtable
03-16 14:29:55.293   788 19651 D ACDB-LOADER: ACDB -> ACDB_CMD_GET_AUDPROC_COMMON_TABLE_SIZE
03-16 14:29:55.293   788 19651 D ACDB-LOADER: ACDB -> ACDB_CMD_GET_AUDPROC_COMMON_TABLE
03-16 14:29:55.293   788 19651 D ACDB-LOADER: ACDB -> AUDIO_SET_AUDPROC_CAL
03-16 14:29:55.293   788 19651 D ACDB-LOADER: ACDB -> send_audvoltable
03-16 14:29:55.293   788 19651 D ACDB-LOADER: ACDB -> ACDB_CMD_GET_AUDPROC_VOL_STEP_TABLE_SIZE
03-16 14:29:55.293   788 19651 D ACDB-LOADER: ACDB -> ACDB_CMD_GET_AUDPROC_GAIN_DEP_STEP_TABLE, vol index 0
03-16 14:29:55.293   788 19651 D         : Failed to fetch the lookup information of the device 0000003E 
03-16 14:29:55.293   788 19651 D ACDB-LOADER: ACDB -> AUDIO_SET_VOL_CAL cal type = 12
03-16 14:29:55.293   788 19651 D ACDB-LOADER: ACDB -> ACDB_CMD_GET_AUDPROC_STREAM_TABLE_SIZE
03-16 14:29:55.293   788 19651 D ACDB-LOADER: ACDB -> send_audstrmtable
03-16 14:29:55.293   788 19651 D ACDB-LOADER: ACDB -> ACDB_CMD_GET_AUDPROC_STREAM_TABLE_V2
03-16 14:29:55.293   788 19651 D ACDB-LOADER: ACDB -> audstrm_cal->cal_type.cal_data.cal_size = 456
03-16 14:29:55.293   788 19651 D ACDB-LOADER: ACDB -> send_afe_topology
03-16 14:29:55.293   788 19651 D ACDB-LOADER: ACDB -> ACDB_CMD_GET_AFE_TOPOLOGY_ID
03-16 14:29:55.293   788 19651 D ACDB-LOADER: ACDB -> GET_AFE_TOPOLOGY_ID for adcd_id 62, Topology Id 112fb
03-16 14:29:55.293   788 19651 D ACDB-LOADER: ACDB -> send_afe_cal
03-16 14:29:55.293   788 19651 D ACDB-LOADER: ACDB -> ACDB_CMD_GET_AFE_COMMON_TABLE_SIZE
03-16 14:29:55.293   788 19651 D         : Failed to fetch the lookup information of the device 0000003E 
03-16 14:29:55.293   788 19651 E ACDB-LOADER: Error: ACDB_CMD_GET_AFE_COMMON_TABLE_SIZE Returned = -19
03-16 14:29:55.293   788 19651 D ACDB-LOADER: ACDB -> ACDB_CMD_GET_AFE_COMMON_TABLE
03-16 14:29:55.293   788 19651 D         : Failed to fetch the lookup information of the device 0000003E 
03-16 14:29:55.293   788 19651 D ACDB-LOADER: ACDB -> AUDIO_SET_AFE_CAL
03-16 14:29:55.293   788 19651 D ACDB-LOADER: ACDB -> send_hw_delay : acdb_id = 62 path = 1
03-16 14:29:55.293   788 19651 D ACDB-LOADER: ACDB -> ACDB_AVSYNC_INFO: ACDB_CMD_GET_DEVICE_PROPERTY
03-16 14:29:55.293   788 19651 D audio_hw_primary: enable_snd_device: snd_device(120: voice-rec-mic)
03-16 14:29:55.293   788 19651 D audio_route: Apply path: voice-rec-mic
03-16 14:29:55.296   788 19651 V msm8974_platform: platform_get_snd_device_backend_index: enter with device 120
03-16 14:29:55.296   788 19651 E msm8974_platform: platform_get_snd_device_backend_index: BE DAI Name Table is not present
03-16 14:29:55.296   788 19651 V msm8974_platform: platform_get_backend_index:napb: backend port - 5 device - 120 
03-16 14:29:55.296   788 19651 I audio_hw_utils: Set Audio Stream Capture 0 App Type Cfg: app_type 69936, acdb_dev_id 62, sample_rate 48000, snd_device_be_idx -14
03-16 14:29:55.298   788 19651 D audio_hw_primary: enable_audio_route: usecase(9) apply and update mixer path: audio-record
03-16 14:29:55.298   788 19651 D audio_route: Apply path: audio-record
03-16 14:29:55.369 28336 28379 I MicroDetectionWorker: onReady
03-16 14:29:55.671  1456  7796 I OpenGLRenderer: Initialized EGL, version 1.4
03-16 14:29:55.672  1456  7796 D OpenGLRenderer: Swap behavior 2
03-16 14:29:55.719  2748  2917 W OpenGLRenderer: Incorrectly called buildLayer on View: ShortcutAndWidgetContainer, destroying layer...
03-16 14:29:55.823 19429 19479 I chatty  : uid=11114(org.mozilla.fennec_aurora) expire 1 line
03-16 14:29:55.826 19429 19455 I chatty  : uid=11114(org.mozilla.fennec_aurora) expire 6 lines
03-16 14:29:55.868   808   808 I SFPerfTracer:      triggers: (rate: 71:2004057) (compose: 0:7) (post: 0:19) (render: 0:17) (6:9314668 frames) (7:11456012)
03-16 14:29:55.868   808   808 D SFPerfTracer:        layers: (4:13) (NavigationBar#0 (0xb07df000): 0:743309) (StatusBar#0 (0xb07e3000): 0:1892115) (com.android.systemui.ImageWallpaper#0 (0xb07e7000): 0:66980) (Sprite#0 (0xb0733000): 0:317)* (DimLayerController/Stack=0#0 (0xb075a000): 0:3780)* (Sprite#1 (0xb077c000): 0:195)* (com.android.launcher3/com.android.launcher3.CustomizationPanelLauncher#0 (0xb0763000): 0:39)- (com.android.launcher3/com.android.launcher3.CustomizationPanelLauncher#1 (0xb0771000): 0:9)- (Splash Screen org.mozilla.fennec_aurora#0 (0xb039b000): 0:19)- (Splash Screen org.mozilla.fennec_aurora#1 (0xb013a000): 0:31)- (org.mozilla.fennec_aurora/org.mozilla.fenix.HomeActivity#0 (0xb039b000): 0:70)- (com.android.launcher3/com.android.launcher3.CustomizationPanelLauncher#0 (0xb0763000): 7:36)* (com.android.launcher3/com.android.launcher3.CustomizationPanelLauncher#1 (0xb0771000): 1:5) 
03-16 14:29:56.021  1456  1466 I zygote  : NativeAlloc concurrent copying GC freed 79770(6MB) AllocSpace objects, 26(904KB) LOS objects, 37% free, 39MB/63MB, paused 153us total 349.107ms
03-16 14:30:00.304  1456  2920 I ActivityManager: Force stopping org.mozilla.fennec_aurora appid=11114 user=0: from pid 19656
03-16 14:30:00.305  1456  2920 I ActivityManager: Killing 19429:org.mozilla.fennec_aurora/u0a1114 (adj 700): stop org.mozilla.fennec_aurora
03-16 14:30:00.307  1456  1605 W zygote  : kill(-19429, 9) failed: No such process
03-16 14:30:00.309  1456  2920 W ActivityManager: Force removing ActivityRecord{10d1dcc u0 org.mozilla.fennec_aurora/org.mozilla.fenix.HomeActivity t37817}: app died, no saved state
03-16 14:30:00.309 19514 19514 I chatty  : uid=11114(org.mozilla.fennec_aurora) expire 1 line
03-16 14:30:00.318  1456  2920 I ActivityManager: Killing 19514:org.mozilla.fennec_aurora:tab0/u0a1114 (adj 0): stop org.mozilla.fennec_aurora
03-16 14:30:00.321  1456  1605 W zygote  : kill(-19429, 9) failed: No such process
03-16 14:30:00.335  1456  1605 W zygote  : kill(-19429, 9) failed: No such process
03-16 14:30:00.341  2398  2398 D CarrierSvcBindHelper: No carrier app for: 0
03-16 14:30:00.343  2398  2398 D CarrierSvcBindHelper: No carrier app for: 1
03-16 14:30:00.349  1456  1605 W zygote  : kill(-19429, 9) failed: No such process
03-16 14:30:00.391  1456  1605 I chatty  : uid=1000(system) ActivityManager identical 6 lines
03-16 14:30:00.391  1456  1673 W ActivityManager: setHasOverlayUi called on unknown pid: 19429
03-16 14:30:00.404  1456  1605 W zygote  : kill(-19429, 9) failed: No such process
03-16 14:30:00.404  1456  1605 I zygote  : Successfully killed process cgroup uid 11114 pid 19429 in 97ms
03-16 14:30:00.404  1456  1605 W zygote  : kill(-19514, 9) failed: No such process
03-16 14:30:00.405  1456  1605 I zygote  : Successfully killed process cgroup uid 11114 pid 19514 in 0ms
03-16 14:30:00.441  1456  2918 I ActivityManager: START u0 {act=android.intent.action.MAIN cat=[android.intent.category.LAUNCHER] flg=0x10000000 cmp=org.mozilla.fennec_aurora/.App} from uid 2000
03-16 14:30:00.442   794   839 E ANDR-PERF-RESOURCEQS: Failed to apply optimization [4, 0]
03-16 14:30:00.463  1456  4250 I ActivityManager: Start proc 19664:org.mozilla.fennec_aurora/u0a1114 for activity org.mozilla.fennec_aurora/.App
03-16 14:30:00.551 28336 28379 I MicroDetectionState: Should stop hotword detection immediately - false
03-16 14:30:00.552 28336 28379 I MicroDetector: Keeping mic open: false
03-16 14:30:00.552 28336 21552 E DeviceStateChecker: DeviceStateChecker cancelled
03-16 14:30:00.552 28336 28379 I RecognitionAudioControl: #shutdownAudio [requestId: 6757716452668424535, keepAudioOpen: false, forced: true]
03-16 14:30:00.552 28336 28379 I RecognitionAudioControl: #internalShutdownAudio [requestId: 6757716452668424535]
03-16 14:30:00.552 28336 28379 I RecognitionAudioControl: #internalShutdownAudio [keepAudioOpen: false, forced: true]
03-16 14:30:00.552 28336 28379 I RecognitionAudioControl: #actualShutdownAudio
03-16 14:30:00.552 28336 28379 I AudioController: #shutdown [requestId=6757716452668424535]
03-16 14:30:00.552 28336 28374 I AudioController: internalShutdown
03-16 14:30:00.552 28336 28362 I MicroRecognitionRunner: Stopping hotword detection.
03-16 14:30:00.607   788   788 D audio_hw_primary: disable_audio_route: usecase(9) reset and update mixer path: audio-record
03-16 14:30:00.609   788   788 D audio_hw_primary: disable_snd_device: snd_device(120: voice-rec-mic)
03-16 14:30:00.610  1012  8317 D APM_AudioPolicyManager: stopInput() input 209742, session 209857
03-16 14:30:00.611   788  1401 D audio_hw_primary: in_set_parameters: enter: kvpairs=routing=0
03-16 14:30:00.613 28336 28374 I MicrophoneInputStream: mic_close  SR : 16000 CC : 16 SO : 1999
03-16 14:30:00.613 28336 28374 E AudioSource: Stop listening is called on already closed AudioSource
03-16 14:30:00.614 28336 21549 I MicroRecognitionRunner: Detection finished
03-16 14:30:00.626 19664 19664 I chatty  : uid=11114(org.mozilla.fennec_aurora) expire 55 lines
03-16 14:30:00.699 19664 19684 I chatty  : uid=11114(org.mozilla.fennec_aurora) expire 4 lines
03-16 14:30:00.719  1456  4829 D ConnectivityService: requestNetwork for uid/pid:11114/19664 NetworkRequest [ TRACK_DEFAULT id=31409, [ Capabilities: INTERNET&NOT_RESTRICTED&TRUSTED&NOT_VPN] ]
03-16 14:30:00.721  1456  2099 D Ethernet: got request NetworkRequest [ TRACK_DEFAULT id=31409, [ Capabilities: INTERNET&NOT_RESTRICTED&TRUSTED&NOT_VPN] ] with score 0
03-16 14:30:00.721  1456  2054 D WIFI_UT : got request NetworkRequest [ TRACK_DEFAULT id=31409, [ Capabilities: INTERNET&NOT_RESTRICTED&TRUSTED&NOT_VPN] ] with score 0
03-16 14:30:00.721  1456  2054 D WIFI    : got request NetworkRequest [ TRACK_DEFAULT id=31409, [ Capabilities: INTERNET&NOT_RESTRICTED&TRUSTED&NOT_VPN] ] with score 0
03-16 14:30:00.722  2398  2398 D PhoneSwitcherNetworkRequstListener: got request NetworkRequest [ TRACK_DEFAULT id=31409, [ Capabilities: INTERNET&NOT_RESTRICTED&TRUSTED&NOT_VPN] ] with score 0
03-16 14:30:00.723 19664 19695 I chatty  : uid=11114(org.mozilla.fennec_aurora) expire 14 lines
03-16 14:30:00.743 19664 19694 I chatty  : uid=11114(org.mozilla.fennec_aurora) expire 17 lines
03-16 14:30:00.783 19664 19702 I chatty  : uid=11114(org.mozilla.fennec_aurora) expire 27 lines
03-16 14:30:00.872 19664 19708 I chatty  : uid=11114(org.mozilla.fennec_aurora) expire 1 line
03-16 14:30:00.873 19664 19711 I chatty  : uid=11114(org.mozilla.fennec_aurora) expire 10 lines
03-16 14:30:00.925  1456  4250 I ActivityManager: START u0 {act=android.intent.action.MAIN cat=[android.intent.category.LAUNCHER] flg=0x10000000 cmp=org.mozilla.fennec_aurora/org.mozilla.fenix.HomeActivity (has extras)} from uid 11114
03-16 14:30:00.937 19664 19669 I chatty  : uid=11114(org.mozilla.fennec_aurora) expire 8 lines
03-16 14:30:00.947   808   808 D SurfaceFlinger: duplicate layer name: changing Splash Screen org.mozilla.fennec_aurora to Splash Screen org.mozilla.fennec_aurora#1
03-16 14:30:01.254  1456  4250 I ActivityManager: Start proc 19751:org.mozilla.fennec_aurora:tab0/u0a1114 for service org.mozilla.fennec_aurora/org.mozilla.gecko.process.GeckoChildProcessServices$tab0
03-16 14:30:01.321 19664 19770 I chatty  : uid=11114(org.mozilla.fennec_aurora) expire 9 lines
03-16 14:30:01.397 19751 19751 I chatty  : uid=11114(org.mozilla.fennec_aurora) expire 2 lines
03-16 14:30:01.397 19751 19774 I chatty  : uid=11114(org.mozilla.fennec_aurora) expire 1 line
03-16 14:30:01.577  1456  1673 I LaunchCheckinHandler: Displayed org.mozilla.fennec_aurora/org.mozilla.fenix.HomeActivity,wp,ca,606
03-16 14:30:01.578  1456  1673 I ActivityManager: Displayed org.mozilla.fennec_aurora/org.mozilla.fenix.HomeActivity: +599ms (total +1s118ms)
03-16 14:30:01.578   808   898 I SFPerfTracer:      triggers: (rate: 0:1) (0 sw vsyncs) (0 skipped) (0:5222490 vsyncs) (2:11530985)
03-16 14:30:01.606 28336 28379 E AudioSource: Stop listening is called on already closed AudioSource
03-16 14:30:01.608 28336  3434 I PBSessionCacheImpl: Deleted sessionId[124624629806578501] from persistence.
03-16 14:30:01.609 28336 28336 I MemoryTrimmer: Trimming objects from memory, since app is in the background.
03-16 14:30:01.611  1456  4250 I WifiService: getWifiEnabledState uid=10073
03-16 14:30:01.617 28336 28379 I DEBUG   : OpaToSrpTransitionState#onStateChanged#notNullQuery
03-16 14:30:01.618 28336 28379 I DEBUG   : OpaToSrpTransitionState#onStateChanged#notNullQuery
03-16 14:30:01.621 28336 28379 W SearchServiceCore: Abort, client detached.
03-16 14:30:01.622 28336 28379 W SearchServiceCore: Abort, client detached.
03-16 14:30:01.763  1456  4250 I ActivityManager: Fully drawn org.mozilla.fennec_aurora/org.mozilla.fenix.HomeActivity: +793ms (total +1s312ms)
03-16 14:30:02.016 19664 19785 I chatty  : uid=11114(org.mozilla.fennec_aurora) expire 2 lines
03-16 14:30:02.171  1023 19801 D libc    : Internal error: netid(0), id(0xe4a), server(0.0.0.0)
03-16 14:30:02.171  1023 19801 D libc    : Internal error: netid(0), id(0xe4a), server(0.0.0.0)
03-16 14:30:02.171  1023 19801 D libc    : Internal error: netid(0), id(0xee0c), server(0.0.0.0)
03-16 14:30:02.171  1023 19801 D libc    : Internal error: netid(0), id(0xee0c), server(0.0.0.0)
03-16 14:30:02.188  1023 19814 D libc    : Internal error: netid(0), id(0x6301), server(0.0.0.0)
03-16 14:30:02.188  1023 19814 D libc    : Internal error: netid(0), id(0x6301), server(0.0.0.0)
03-16 14:30:02.188  1023 19814 D libc    : Internal error: netid(0), id(0xd50d), server(0.0.0.0)
03-16 14:30:02.188  1023 19814 D libc    : Internal error: netid(0), id(0xd50d), server(0.0.0.0)
03-16 14:30:02.190  1023 19816 D libc    : Internal error: netid(0), id(0x6d03), server(0.0.0.0)
03-16 14:30:02.190 19664 19786 I chatty  : uid=11114(org.mozilla.fennec_aurora) expire 2 lines
03-16 14:30:02.191  1023 19816 D libc    : Internal error: netid(0), id(0x6d03), server(0.0.0.0)
03-16 14:30:02.191  1023 19816 D libc    : Internal error: netid(0), id(0x6500), server(0.0.0.0)
03-16 14:30:02.191  1023 19816 D libc    : Internal error: netid(0), id(0x6500), server(0.0.0.0)
03-16 14:30:02.191 19664 19787 I chatty  : uid=11114(org.mozilla.fennec_aurora) expire 2 lines
03-16 14:30:02.195 19664 19716 I chatty  : uid=11114(org.mozilla.fennec_aurora) expire 1 line
03-16 14:30:02.196 19664 19718 I chatty  : uid=11114(org.mozilla.fennec_aurora) expire 1 line
03-16 14:30:02.211  1023 19821 D libc    : Internal error: netid(0), id(0x4032), server(0.0.0.0)
03-16 14:30:02.211  1023 19821 D libc    : Internal error: netid(0), id(0x4032), server(0.0.0.0)
03-16 14:30:02.211  1023 19821 D libc    : Internal error: netid(0), id(0x1258), server(0.0.0.0)
03-16 14:30:02.211  1023 19821 D libc    : Internal error: netid(0), id(0x1258), server(0.0.0.0)
03-16 14:30:02.214  1023 19827 D libc    : Internal error: netid(0), id(0x9a01), server(0.0.0.0)
03-16 14:30:02.214  1023 19827 D libc    : Internal error: netid(0), id(0x9a01), server(0.0.0.0)
03-16 14:30:02.214  1023 19827 D libc    : Internal error: netid(0), id(0xc836), server(0.0.0.0)
03-16 14:30:02.215  1023 19827 D libc    : Internal error: netid(0), id(0xc836), server(0.0.0.0)
03-16 14:30:02.217  1023 19830 D libc    : Internal error: netid(0), id(0x9703), server(0.0.0.0)
03-16 14:30:02.217  1023 19830 D libc    : Internal error: netid(0), id(0x9703), server(0.0.0.0)
03-16 14:30:02.217  1023 19830 D libc    : Internal error: netid(0), id(0xac5e), server(0.0.0.0)
03-16 14:30:02.217  1023 19830 D libc    : Internal error: netid(0), id(0xac5e), server(0.0.0.0)
03-16 14:30:02.241 19664 19696 I chatty  : uid=11114(org.mozilla.fennec_aurora) expire 1 line
03-16 14:30:06.100 19871 19871 D AndroidRuntime: >>>>>> START com.android.internal.os.RuntimeInit uid 2000 <<<<<<
03-16 14:30:06.113 19871 19871 W app_process: Could not reserve sentinel fault page
03-16 14:30:06.279 19871 19871 I app_process: The ClassLoaderContext is a special shared library.
03-16 14:30:06.345 19871 19871 D AndroidRuntime: Calling main entry com.android.commands.input.Input
03-16 14:30:06.354 19871 19871 I Input   : injectKeyEvent: KeyEvent { action=ACTION_DOWN, keyCode=KEYCODE_HOME, scanCode=0, metaState=0, flags=0x0, repeatCount=0, eventTime=16459461628, downTime=16459461628, deviceId=-1, source=0x101 }
03-16 14:30:06.362 19871 19871 I Input   : injectKeyEvent: KeyEvent { action=ACTION_UP, keyCode=KEYCODE_HOME, scanCode=0, metaState=0, flags=0x0, repeatCount=0, eventTime=16459461628, downTime=16459461628, deviceId=-1, source=0x101 }
03-16 14:30:06.369  1456  1941 I ActivityManager: START u0 {act=android.intent.action.MAIN cat=[android.intent.category.HOME] flg=0x10200000 cmp=com.android.launcher3/.CustomizationPanelLauncher (has extras)} from uid 1000
03-16 14:30:06.369   794   839 E ANDR-PERF-RESOURCEQS: Failed to apply optimization [4, 0]
03-16 14:30:06.381  1456  1941 I ActivityManager: moveHomeStack, setupComplete:true
03-16 14:30:06.389 28336 28375 I Adreno  : QUALCOMM build                   : bb5b86c, I77d3059488
03-16 14:30:06.389 28336 28375 I Adreno  : Build Date                       : 06/07/18
03-16 14:30:06.389 28336 28375 I Adreno  : OpenGL ES Shader Compiler Version: EV031.22.00.01_06
03-16 14:30:06.389 28336 28375 I Adreno  : Local Branch                     : 
03-16 14:30:06.389 28336 28375 I Adreno  : Remote Branch                    : refs/tags/AU_LINUX_ANDROID_LA.UM.6.5.R1.08.01.00.312.086
03-16 14:30:06.389 28336 28375 I Adreno  : Remote Branch                    : NONE
03-16 14:30:06.389 28336 28375 I Adreno  : Reconstruct Branch               : NOTHING
03-16 14:30:06.393   808   808 I SFPerfTracer:      triggers: (rate: 71:2004058) (compose: 0:7) (post: 0:19) (render: 0:17) (0:9314742 frames) (1:11456112)
03-16 14:30:06.393   808   808 D SFPerfTracer:        layers: (3:11) (NavigationBar#0 (0xb07df000): 0:743319) (StatusBar#0 (0xb07e3000): 0:1892129) (com.android.systemui.ImageWallpaper#0 (0xb07e7000): 0:66981)* (Sprite#0 (0xb0733000): 0:317)* (DimLayerController/Stack=0#0 (0xb075a000): 0:3780)* (Sprite#1 (0xb077c000): 0:195)* (com.android.launcher3/com.android.launcher3.CustomizationPanelLauncher#0 (0xb0763000): 0:39)- (com.android.launcher3/com.android.launcher3.CustomizationPanelLauncher#1 (0xb0771000): 0:13)- (Splash Screen org.mozilla.fennec_aurora#0 (0xb039b000): 0:19)- (Splash Screen org.mozilla.fennec_aurora#1 (0xb013a000): 0:30)- (org.mozilla.fennec_aurora/org.mozilla.fenix.HomeActivity#0 (0xb039b000): 0:43) 
03-16 14:30:06.395 19871 19871 D AndroidRuntime: Shutting down VM
03-16 14:30:06.395 28336 28375 D vndksupport: Loading /vendor/lib/hw/gralloc.msm8937.so from current namespace instead of sphal namespace.
03-16 14:30:06.398 28336 28375 I Adreno  : PFP: 0x005ff087, ME: 0x005ff063
03-16 14:30:06.402 28336 28375 I zygote  : android::hardware::configstore::V1_0::ISurfaceFlingerConfigs::hasWideColorDisplay retrieved: 0
03-16 14:30:06.403 28336 28375 I OpenGLRenderer: Initialized EGL, version 1.4
03-16 14:30:06.403 28336 28375 D OpenGLRenderer: Swap behavior 2
03-16 14:30:06.406  2748  2748 D Launcher.Utilities: Wakeup weather: Intent { act=com.motorola.launcher3.action.WAKEUP_WEATHER cmp=com.motorola.timeweatherwidget/com.motorola.commandcenter.weather.WakeUpService }
03-16 14:30:06.423  1456  1456 I NotificationService: Cannot find enqueued record for key: 0|com.motorola.timeweatherwidget|1|null|10116
03-16 14:30:06.431   808   808 D SurfaceFlinger: duplicate layer name: changing com.android.launcher3/com.android.launcher3.CustomizationPanelLauncher to com.android.launcher3/com.android.launcher3.CustomizationPanelLauncher#1
03-16 14:30:06.439 28336 28368 W ThreadPoolDumper: Queue length for executor EventBus is now 11. Perhaps some tasks are too long, or the pool is too small.
03-16 14:30:06.444  1456  4250 I WifiService: getWifiEnabledState uid=10073
03-16 14:30:06.461  1456  4250 I WifiService: getWifiEnabledState uid=10073
03-16 14:30:06.470 28336 28379 I DEBUG   : OpaToSrpTransitionState#onStateChanged#notNullQuery
03-16 14:30:06.471 28336 28379 I DEBUG   : OpaToSrpTransitionState#onStateChanged#notNullQuery
03-16 14:30:06.485 28336 28379 I MicroDetectionState: Should stop hotword detection immediately - false
03-16 14:30:06.488 28336 28379 I MicroDetectionWorker: #startMicroDetector [speakerMode: 0]
03-16 14:30:06.489 28336 28379 I AudioController: Created new AudioSource
03-16 14:30:06.510  1456  1673 I LaunchCheckinHandler: Displayed com.android.launcher3/.CustomizationPanelLauncher,wp,wa,141
03-16 14:30:06.511 28336 28380 I MicroDataManager: isInitializedWithLatestParams-true
03-16 14:30:06.511 28336 28380 I MicroDataManager: isInitializing-false locale not changed-true model not changed-true
03-16 14:30:06.512 28336 28380 I MicroDataManager: Already initialized, obtaining the hotword data immediately.
03-16 14:30:06.518 28336 21552 I MicroRecognitionRunner: Starting detection.
03-16 14:30:06.518 28336 21552 I InputStreamUtils: Using micInputStream
03-16 14:30:06.518 28336  3434 I MicrophoneInputStream: mic_starting  SR : 16000 CC : 16 SO : 1999
03-16 14:30:06.521   788  1401 V msm8974_platform: platform_check_input_mask: enter check_input_mask source 6 mask 10
03-16 14:30:06.523  1012 19885 I AudioFlinger: AudioFlinger's thread 0xb2483ac0 tid=19885 ready to run
03-16 14:30:06.530   788  1401 D audio_hw_primary: in_set_parameters: enter: kvpairs=input_source=6;routing=-2147483644
03-16 14:30:06.532  1012 10158 D APM_AudioPolicyManager: AudioPolicyManager::startInput() input 209750, session 209865, source = 1999
03-16 14:30:06.532 28336  3434 I MicrophoneInputStream: mic_started  SR : 16000 CC : 16 SO : 1999
03-16 14:30:06.534   788 19886 V msm8974_platform: platform_update_usecase_from_source: input source :6
03-16 14:30:06.534   788 19886 V msm8974_platform: platform_check_input_mask: enter check_input_mask source 6 mask 10
03-16 14:30:06.534   788 19886 V msm8974_platform: platform_get_input_snd_device: enter: out_device(0) in_device(0x4) channel_count (1) channel_mask (0x10)
03-16 14:30:06.534   788 19886 V msm8974_platform: platform_get_input_snd_device: exit: in_snd_device(voice-rec-mic)
03-16 14:30:06.534   788 19886 V msm8974_platform: platform_get_backend_index:napb: backend port - 5 device - 120 
03-16 14:30:06.534   788 19886 V msm8974_platform: platform_check_and_set_capture_backend_cfg:txbecf: afe: bitwidth 0, samplerate 0, channel 1, backend_idx 5 usecase = 9 device (voice-rec-mic)
03-16 14:30:06.534   788 19886 V msm8974_platform: platform_check_capture_backend_cfg:txbecf: afe: Codec selected backend: 5 current bit width: 0 and sample rate: 0, channels 1
03-16 14:30:06.534   788 19886 V msm8974_platform: platform_check_capture_backend_cfg:txbecf: afe: Codec selected backend: 5 updated bit width: 0 and sample rate: 0
03-16 14:30:06.535   788 19886 I msm8974_platform: platform_check_capture_backend_cfg:txbecf: afe: Codec backend needs to be updated. new bit width: 0 new sample rate: 0 new channel: 1
03-16 14:30:06.535   788 19886 V msm8974_platform: platform_get_backend_index:napb: backend port - 5 device - 120 
03-16 14:30:06.535   788 19886 V msm8974_platform: platform_set_backend_cfg:becf: afe: bitwidth 0, samplerate 0 channels 1, backend_idx 5 device (voice-rec-mic)
03-16 14:30:06.535   788 19886 E msm8974_platform: platform_set_backend_cfg:becf: afe: Could not get ctl for mixer command - SLIM_0_TX Format
03-16 14:30:06.535   788 19886 V msm8974_platform: platform_send_audio_calibration: sending audio calibration for snd_device(120) acdb_id(62)
03-16 14:30:06.535   788 19886 D ACDB-LOADER: ACDB -> send_audio_cal, acdb_id = 62, path = 1, app id = 0x11130, sample rate = 48000
03-16 14:30:06.535   788 19886 D ACDB-LOADER: ACDB -> send_asm_topology
03-16 14:30:06.535   788 19886 D ACDB-LOADER: ACDB -> ACDB_CMD_GET_AUDPROC_STREAM_TOPOLOGY_ID
03-16 14:30:06.535   788 19886 D ACDB-LOADER: ACDB -> send_adm_topology
03-16 14:30:06.535   788 19886 D ACDB-LOADER: ACDB -> ACDB_CMD_GET_AUDPROC_COMMON_TOPOLOGY_ID
03-16 14:30:06.535   788 19886 D ACDB-LOADER: ACDB -> send_audtable
03-16 14:30:06.535   788 19886 D ACDB-LOADER: ACDB -> ACDB_CMD_GET_AUDPROC_COMMON_TABLE_SIZE
03-16 14:30:06.535   788 19886 D ACDB-LOADER: ACDB -> ACDB_CMD_GET_AUDPROC_COMMON_TABLE
03-16 14:30:06.535   788 19886 D ACDB-LOADER: ACDB -> AUDIO_SET_AUDPROC_CAL
03-16 14:30:06.535   788 19886 D ACDB-LOADER: ACDB -> send_audvoltable
03-16 14:30:06.535   788 19886 D ACDB-LOADER: ACDB -> ACDB_CMD_GET_AUDPROC_VOL_STEP_TABLE_SIZE
03-16 14:30:06.536   788 19886 D ACDB-LOADER: ACDB -> ACDB_CMD_GET_AUDPROC_GAIN_DEP_STEP_TABLE, vol index 0
03-16 14:30:06.536   788 19886 D         : Failed to fetch the lookup information of the device 0000003E 
03-16 14:30:06.536   788 19886 D ACDB-LOADER: ACDB -> AUDIO_SET_VOL_CAL cal type = 12
03-16 14:30:06.536   788 19886 D ACDB-LOADER: ACDB -> ACDB_CMD_GET_AUDPROC_STREAM_TABLE_SIZE
03-16 14:30:06.536   788 19886 D ACDB-LOADER: ACDB -> send_audstrmtable
03-16 14:30:06.536   788 19886 D ACDB-LOADER: ACDB -> ACDB_CMD_GET_AUDPROC_STREAM_TABLE_V2
03-16 14:30:06.536   788 19886 D ACDB-LOADER: ACDB -> audstrm_cal->cal_type.cal_data.cal_size = 456
03-16 14:30:06.536   788 19886 D ACDB-LOADER: ACDB -> send_afe_topology
03-16 14:30:06.536   788 19886 D ACDB-LOADER: ACDB -> ACDB_CMD_GET_AFE_TOPOLOGY_ID
03-16 14:30:06.536   788 19886 D ACDB-LOADER: ACDB -> GET_AFE_TOPOLOGY_ID for adcd_id 62, Topology Id 112fb
03-16 14:30:06.536   788 19886 D ACDB-LOADER: ACDB -> send_afe_cal
03-16 14:30:06.536   788 19886 D ACDB-LOADER: ACDB -> ACDB_CMD_GET_AFE_COMMON_TABLE_SIZE
03-16 14:30:06.536   788 19886 D         : Failed to fetch the lookup information of the device 0000003E 
03-16 14:30:06.536   788 19886 E ACDB-LOADER: Error: ACDB_CMD_GET_AFE_COMMON_TABLE_SIZE Returned = -19
03-16 14:30:06.536   788 19886 D ACDB-LOADER: ACDB -> ACDB_CMD_GET_AFE_COMMON_TABLE
03-16 14:30:06.536   788 19886 D         : Failed to fetch the lookup information of the device 0000003E 
03-16 14:30:06.536   788 19886 D ACDB-LOADER: ACDB -> AUDIO_SET_AFE_CAL
03-16 14:30:06.536   788 19886 D ACDB-LOADER: ACDB -> send_hw_delay : acdb_id = 62 path = 1
03-16 14:30:06.536   788 19886 D ACDB-LOADER: ACDB -> ACDB_AVSYNC_INFO: ACDB_CMD_GET_DEVICE_PROPERTY
03-16 14:30:06.536   788 19886 D audio_hw_primary: enable_snd_device: snd_device(120: voice-rec-mic)
03-16 14:30:06.536   788 19886 D audio_route: Apply path: voice-rec-mic
03-16 14:30:06.539   788 19886 V msm8974_platform: platform_get_snd_device_backend_index: enter with device 120
03-16 14:30:06.539   788 19886 E msm8974_platform: platform_get_snd_device_backend_index: BE DAI Name Table is not present
03-16 14:30:06.539   788 19886 V msm8974_platform: platform_get_backend_index:napb: backend port - 5 device - 120 
03-16 14:30:06.539   788 19886 I audio_hw_utils: Set Audio Stream Capture 0 App Type Cfg: app_type 69936, acdb_dev_id 62, sample_rate 48000, snd_device_be_idx -14
03-16 14:30:06.540   788 19886 D audio_hw_primary: enable_audio_route: usecase(9) apply and update mixer path: audio-record
03-16 14:30:06.540   788 19886 D audio_route: Apply path: audio-record
03-16 14:30:06.609 28336 28379 I MicroDetectionWorker: onReady
03-16 14:30:06.630  2146  2165 I zygote  : NativeAlloc concurrent copying GC freed 21708(1144KB) AllocSpace objects, 0(0B) LOS objects, 49% free, 7MB/15MB, paused 112us total 108.183ms
03-16 14:30:06.916  1456  7796 I OpenGLRenderer: Initialized EGL, version 1.4
03-16 14:30:06.916  1456  7796 D OpenGLRenderer: Swap behavior 2
03-16 14:30:06.962  2748  2917 W OpenGLRenderer: Incorrectly called buildLayer on View: ShortcutAndWidgetContainer, destroying layer...
03-16 14:30:07.077 19664 19715 I chatty  : uid=11114(org.mozilla.fennec_aurora) expire 1 line
03-16 14:30:07.456  1023 19889 D libc    : Internal error: netid(0), id(0xe97b), server(0.0.0.0)
03-16 14:30:07.456  1023 19889 D libc    : Internal error: netid(0), id(0xe97b), server(0.0.0.0)
03-16 14:30:07.456  1023 19889 D libc    : dns query(xtrapath2.izatcloud.net, 1, 1) failed
03-16 14:30:07.457  1023 19889 D libc    : Internal error: netid(0), id(0x4b79), server(0.0.0.0)
03-16 14:30:07.457  1023 19889 D libc    : Internal error: netid(0), id(0x4b79), server(0.0.0.0)
03-16 14:30:07.457  1023 19889 D libc    : dns query(xtrapath2.izatcloud.net., 1, 1) failed
03-16 14:30:07.457  1124  1157 E LocSvc_xtra2: resolve:168] DNS resolution on xtrapath2.izatcloud.net failed.
03-16 14:30:07.458  1023 19890 D libc    : Internal error: netid(0), id(0x691f), server(0.0.0.0)
03-16 14:30:07.458  1023 19890 D libc    : Internal error: netid(0), id(0x691f), server(0.0.0.0)
03-16 14:30:07.458  1023 19890 D libc    : dns query(xtrapath3.izatcloud.net, 1, 1) failed
03-16 14:30:07.458  1023 19890 D libc    : Internal error: netid(0), id(0xb670), server(0.0.0.0)
03-16 14:30:07.459  1023 19890 D libc    : Internal error: netid(0), id(0xb670), server(0.0.0.0)
03-16 14:30:07.459  1023 19890 D libc    : dns query(xtrapath3.izatcloud.net., 1, 1) failed
03-16 14:30:07.459  1124  1157 E LocSvc_xtra2: resolve:168] DNS resolution on xtrapath3.izatcloud.net failed.
03-16 14:30:07.460  1023 19891 D libc    : Internal error: netid(0), id(0x107c), server(0.0.0.0)
03-16 14:30:07.460  1023 19891 D libc    : Internal error: netid(0), id(0x107c), server(0.0.0.0)
03-16 14:30:07.460  1023 19891 D libc    : dns query(xtrapath1.izatcloud.net, 1, 1) failed
03-16 14:30:07.460  1023 19891 D libc    : Internal error: netid(0), id(0x8765), server(0.0.0.0)
03-16 14:30:07.460  1023 19891 D libc    : Internal error: netid(0), id(0x8765), server(0.0.0.0)
03-16 14:30:07.460  1023 19891 D libc    : dns query(xtrapath1.izatcloud.net., 1, 1) failed
03-16 14:30:07.460  1124  1157 E LocSvc_xtra2: resolve:168] DNS resolution on xtrapath1.izatcloud.net failed.
03-16 14:30:11.548  1456  2918 I ActivityManager: Force stopping org.mozilla.fennec_aurora appid=11114 user=0: from pid 19894
03-16 14:30:11.548  1456  2918 I ActivityManager: Killing 19664:org.mozilla.fennec_aurora/u0a1114 (adj 700): stop org.mozilla.fennec_aurora
03-16 14:30:11.551  1456  1605 W zygote  : kill(-19664, 9) failed: No such process
03-16 14:30:11.552  1456  2918 W ActivityManager: Force removing ActivityRecord{7f75eb5 u0 org.mozilla.fennec_aurora/org.mozilla.fenix.HomeActivity t37819}: app died, no saved state
03-16 14:30:11.563  1456  2918 I ActivityManager: Killing 19751:org.mozilla.fennec_aurora:tab0/u0a1114 (adj 0): stop org.mozilla.fennec_aurora
03-16 14:30:11.567  1456  1605 W zygote  : kill(-19664, 9) failed: No such process
03-16 14:30:11.574  2398  2398 D CarrierSvcBindHelper: No carrier app for: 0
03-16 14:30:11.575  2398  2398 D CarrierSvcBindHelper: No carrier app for: 1
03-16 14:30:11.582  1456  1605 W zygote  : kill(-19664, 9) failed: No such process
03-16 14:30:11.622  1456  1471 D ConnectivityService: ConnectivityService NetworkRequestInfo binderDied(NetworkRequest [ TRACK_DEFAULT id=31409, [ Capabilities: INTERNET&NOT_RESTRICTED&TRUSTED&NOT_VPN] ], android.os.BinderProxy@39da3ac)
03-16 14:30:11.623  1456  2067 D ConnectivityService: releasing NetworkRequest [ TRACK_DEFAULT id=31409, [ Capabilities: INTERNET&NOT_RESTRICTED&TRUSTED&NOT_VPN] ] (release request)
03-16 14:30:11.623  1456  1673 W ActivityManager: setHasOverlayUi called on unknown pid: 19664
03-16 14:30:11.639  1456  1605 W zygote  : kill(-19664, 9) failed: No such process
03-16 14:30:11.639  1456  1605 I zygote  : Successfully killed process cgroup uid 11114 pid 19664 in 88ms
03-16 14:30:11.639  1456  1605 W zygote  : kill(-19751, 9) failed: No such process
03-16 14:30:11.639  1456  1605 I zygote  : Successfully killed process cgroup uid 11114 pid 19751 in 0ms
03-16 14:30:11.677  1456  7570 I ActivityManager: START u0 {act=android.intent.action.MAIN cat=[android.intent.category.LAUNCHER] flg=0x10000000 cmp=org.mozilla.fennec_aurora/.App} from uid 2000
03-16 14:30:11.678   794   839 E ANDR-PERF-RESOURCEQS: Failed to apply optimization [4, 0]
03-16 14:30:11.698  1456  1473 I ActivityManager: Start proc 19901:org.mozilla.fennec_aurora/u0a1114 for activity org.mozilla.fennec_aurora/.App
03-16 14:30:11.785 28336 28379 I MicroDetectionState: Should stop hotword detection immediately - false
03-16 14:30:11.785 28336 28379 I MicroDetector: Keeping mic open: false
03-16 14:30:11.785 28336 28379 I RecognitionAudioControl: #shutdownAudio [requestId: -6051408649762125589, keepAudioOpen: false, forced: true]
03-16 14:30:11.785 28336 21549 E DeviceStateChecker: DeviceStateChecker cancelled
03-16 14:30:11.785 28336 28379 I RecognitionAudioControl: #internalShutdownAudio [requestId: -6051408649762125589]
