01-02 21:43:17.630 23700 19750 I MicroRecognitionRunner: Starting detection.
01-02 21:43:17.631 23700 19750 I InputStreamUtils: Using micInputStream
01-02 21:43:17.631 23700 12553 I MicrophoneInputStream: mic_starting  SR : 16000 CC : 16 SO : 1999
01-02 21:43:17.633   788  1401 V msm8974_platform: platform_check_input_mask: enter check_input_mask source 6 mask 10
01-02 21:43:17.635  1012 21166 I AudioFlinger: AudioFlinger's thread 0xb2483d40 tid=21166 ready to run
01-02 21:43:17.644   788  1401 D audio_hw_primary: in_set_parameters: enter: kvpairs=input_source=6;routing=-2147483644
01-02 21:43:17.645  1012  4918 D APM_AudioPolicyManager: AudioPolicyManager::startInput() input 71646, session 71705, source = 1999
01-02 21:43:17.645 23700 12553 I MicrophoneInputStream: mic_started  SR : 16000 CC : 16 SO : 1999
01-02 21:43:17.647   788 21167 V msm8974_platform: platform_update_usecase_from_source: input source :6
01-02 21:43:17.647   788 21167 V msm8974_platform: platform_check_input_mask: enter check_input_mask source 6 mask 10
01-02 21:43:17.647   788 21167 V msm8974_platform: platform_get_input_snd_device: enter: out_device(0) in_device(0x4) channel_count (1) channel_mask (0x10)
01-02 21:43:17.647   788 21167 V msm8974_platform: platform_get_input_snd_device: exit: in_snd_device(voice-rec-mic)
01-02 21:43:17.647   788 21167 V msm8974_platform: platform_get_backend_index:napb: backend port - 5 device - 120 
01-02 21:43:17.647   788 21167 V msm8974_platform: platform_check_and_set_capture_backend_cfg:txbecf: afe: bitwidth 0, samplerate 0, channel 1, backend_idx 5 usecase = 9 device (voice-rec-mic)
01-02 21:43:17.647   788 21167 V msm8974_platform: platform_check_capture_backend_cfg:txbecf: afe: Codec selected backend: 5 current bit width: 0 and sample rate: 0, channels 1
01-02 21:43:17.647   788 21167 V msm8974_platform: platform_check_capture_backend_cfg:txbecf: afe: Codec selected backend: 5 updated bit width: 0 and sample rate: 0
01-02 21:43:17.647   788 21167 I msm8974_platform: platform_check_capture_backend_cfg:txbecf: afe: Codec backend needs to be updated. new bit width: 0 new sample rate: 0 new channel: 1
01-02 21:43:17.647   788 21167 V msm8974_platform: platform_get_backend_index:napb: backend port - 5 device - 120 
01-02 21:43:17.647   788 21167 V msm8974_platform: platform_set_backend_cfg:becf: afe: bitwidth 0, samplerate 0 channels 1, backend_idx 5 device (voice-rec-mic)
01-02 21:43:17.648   788 21167 E msm8974_platform: platform_set_backend_cfg:becf: afe: Could not get ctl for mixer command - SLIM_0_TX Format
01-02 21:43:17.648   788 21167 V msm8974_platform: platform_send_audio_calibration: sending audio calibration for snd_device(120) acdb_id(62)
01-02 21:43:17.648   788 21167 D ACDB-LOADER: ACDB -> send_audio_cal, acdb_id = 62, path = 1, app id = 0x11130, sample rate = 48000
01-02 21:43:17.648   788 21167 D ACDB-LOADER: ACDB -> send_asm_topology
01-02 21:43:17.648   788 21167 D ACDB-LOADER: ACDB -> ACDB_CMD_GET_AUDPROC_STREAM_TOPOLOGY_ID
01-02 21:43:17.648   788 21167 D ACDB-LOADER: ACDB -> send_adm_topology
01-02 21:43:17.648   788 21167 D ACDB-LOADER: ACDB -> ACDB_CMD_GET_AUDPROC_COMMON_TOPOLOGY_ID
01-02 21:43:17.648   788 21167 D ACDB-LOADER: ACDB -> send_audtable
01-02 21:43:17.648   788 21167 D ACDB-LOADER: ACDB -> ACDB_CMD_GET_AUDPROC_COMMON_TABLE_SIZE
01-02 21:43:17.648   788 21167 D ACDB-LOADER: ACDB -> ACDB_CMD_GET_AUDPROC_COMMON_TABLE
01-02 21:43:17.648   788 21167 D ACDB-LOADER: ACDB -> AUDIO_SET_AUDPROC_CAL
01-02 21:43:17.648   788 21167 D ACDB-LOADER: ACDB -> send_audvoltable
01-02 21:43:17.648   788 21167 D ACDB-LOADER: ACDB -> ACDB_CMD_GET_AUDPROC_VOL_STEP_TABLE_SIZE
01-02 21:43:17.649   788 21167 D ACDB-LOADER: ACDB -> ACDB_CMD_GET_AUDPROC_GAIN_DEP_STEP_TABLE, vol index 0
01-02 21:43:17.649   788 21167 D         : Failed to fetch the lookup information of the device 0000003E 
01-02 21:43:17.649   788 21167 D ACDB-LOADER: ACDB -> AUDIO_SET_VOL_CAL cal type = 12
01-02 21:43:17.649   788 21167 D ACDB-LOADER: ACDB -> ACDB_CMD_GET_AUDPROC_STREAM_TABLE_SIZE
01-02 21:43:17.649   788 21167 D ACDB-LOADER: ACDB -> send_audstrmtable
01-02 21:43:17.649   788 21167 D ACDB-LOADER: ACDB -> ACDB_CMD_GET_AUDPROC_STREAM_TABLE_V2
01-02 21:43:17.649   788 21167 D ACDB-LOADER: ACDB -> audstrm_cal->cal_type.cal_data.cal_size = 456
01-02 21:43:17.649   788 21167 D ACDB-LOADER: ACDB -> send_afe_topology
01-02 21:43:17.649   788 21167 D ACDB-LOADER: ACDB -> ACDB_CMD_GET_AFE_TOPOLOGY_ID
01-02 21:43:17.649   788 21167 D ACDB-LOADER: ACDB -> GET_AFE_TOPOLOGY_ID for adcd_id 62, Topology Id 112fb
01-02 21:43:17.649   788 21167 D ACDB-LOADER: ACDB -> send_afe_cal
01-02 21:43:17.649   788 21167 D ACDB-LOADER: ACDB -> ACDB_CMD_GET_AFE_COMMON_TABLE_SIZE
01-02 21:43:17.649   788 21167 D         : Failed to fetch the lookup information of the device 0000003E 
01-02 21:43:17.649   788 21167 E ACDB-LOADER: Error: ACDB_CMD_GET_AFE_COMMON_TABLE_SIZE Returned = -19
01-02 21:43:17.649   788 21167 D ACDB-LOADER: ACDB -> ACDB_CMD_GET_AFE_COMMON_TABLE
01-02 21:43:17.649   788 21167 D         : Failed to fetch the lookup information of the device 0000003E 
01-02 21:43:17.649   788 21167 D ACDB-LOADER: ACDB -> AUDIO_SET_AFE_CAL
01-02 21:43:17.649   788 21167 D ACDB-LOADER: ACDB -> send_hw_delay : acdb_id = 62 path = 1
01-02 21:43:17.649   788 21167 D ACDB-LOADER: ACDB -> ACDB_AVSYNC_INFO: ACDB_CMD_GET_DEVICE_PROPERTY
01-02 21:43:17.649   788 21167 D audio_hw_primary: enable_snd_device: snd_device(120: voice-rec-mic)
01-02 21:43:17.649   788 21167 D audio_route: Apply path: voice-rec-mic
01-02 21:43:17.651   788 21167 V msm8974_platform: platform_get_snd_device_backend_index: enter with device 120
01-02 21:43:17.651   788 21167 E msm8974_platform: platform_get_snd_device_backend_index: BE DAI Name Table is not present
01-02 21:43:17.651   788 21167 V msm8974_platform: platform_get_backend_index:napb: backend port - 5 device - 120 
01-02 21:43:17.651   788 21167 I audio_hw_utils: Set Audio Stream Capture 0 App Type Cfg: app_type 69936, acdb_dev_id 62, sample_rate 48000, snd_device_be_idx -14
01-02 21:43:17.652   788 21167 D audio_hw_primary: enable_audio_route: usecase(9) apply and update mixer path: audio-record
01-02 21:43:17.652   788 21167 D audio_route: Apply path: audio-record
01-02 21:43:17.722 23700 23889 I MicroDetectionWorker: onReady
01-02 21:43:17.751  2146  2165 I zygote  : NativeAlloc concurrent copying GC freed 10696(619KB) AllocSpace objects, 0(0B) LOS objects, 49% free, 8MB/16MB, paused 122us total 106.988ms
01-02 21:43:18.027  1456  7796 I OpenGLRenderer: Initialized EGL, version 1.4
01-02 21:43:18.028  1456  7796 D OpenGLRenderer: Swap behavior 2
01-02 21:43:18.074  2748  2917 W OpenGLRenderer: Incorrectly called buildLayer on View: ShortcutAndWidgetContainer, destroying layer...
01-02 21:43:18.195 20983 21080 I chatty  : uid=10670(org.mozilla.fenix.performancetest) expire 6 lines
01-02 21:43:18.252 20642 20642 I Finsky  : [2] puo.onTrimMemory(1): Memory trim requested to level 80
01-02 21:43:18.260  1456  5031 D ConnectivityService: requestNetwork for uid/pid:10670/20983 NetworkRequest [ TRACK_DEFAULT id=16336, [ Capabilities: INTERNET&NOT_RESTRICTED&TRUSTED&NOT_VPN] ]
01-02 21:43:18.261  1456  2099 D Ethernet: got request NetworkRequest [ TRACK_DEFAULT id=16336, [ Capabilities: INTERNET&NOT_RESTRICTED&TRUSTED&NOT_VPN] ] with score 60
01-02 21:43:18.261  1456  2054 D WIFI_UT : got request NetworkRequest [ TRACK_DEFAULT id=16336, [ Capabilities: INTERNET&NOT_RESTRICTED&TRUSTED&NOT_VPN] ] with score 60
01-02 21:43:18.262  1456  2054 D WIFI    : got request NetworkRequest [ TRACK_DEFAULT id=16336, [ Capabilities: INTERNET&NOT_RESTRICTED&TRUSTED&NOT_VPN] ] with score 60
01-02 21:43:18.262  2398  2398 D PhoneSwitcherNetworkRequstListener: got request NetworkRequest [ TRACK_DEFAULT id=16336, [ Capabilities: INTERNET&NOT_RESTRICTED&TRUSTED&NOT_VPN] ] with score 60
01-02 21:43:18.288 20983 21168 I chatty  : uid=10670(org.mozilla.fenix.performancetest) expire 9 lines
01-02 21:43:18.873 20983 21000 I chatty  : uid=10670(org.mozilla.fenix.performancetest) expire 1 line
01-02 21:43:18.882  1456  2067 D ConnectivityService: releasing NetworkRequest [ TRACK_DEFAULT id=16336, [ Capabilities: INTERNET&NOT_RESTRICTED&TRUSTED&NOT_VPN] ] (release request)
01-02 21:43:22.668  1456  5031 I ActivityManager: Force stopping org.mozilla.fenix.performancetest appid=10670 user=0: from pid 21172
01-02 21:43:22.668  1456  5031 I ActivityManager: Killing 20983:org.mozilla.fenix.performancetest/u0a670 (adj 700): stop org.mozilla.fenix.performancetest
01-02 21:43:22.670  1456  1605 W zygote  : kill(-20983, 9) failed: No such process
01-02 21:43:22.671  1456  5031 W ActivityManager: Force removing ActivityRecord{9a2c75f u0 org.mozilla.fenix.performancetest/org.mozilla.fenix.HomeActivity t15143}: app died, no saved state
01-02 21:43:22.680  1456  5031 I ActivityManager: Killing 21020:org.mozilla.fenix.performancetest:tab/u0a670 (adj 0): stop org.mozilla.fenix.performancetest
01-02 21:43:22.686  1456  1605 W zygote  : kill(-20983, 9) failed: No such process
01-02 21:43:22.687 20642 20642 I Finsky  : [2] puo.onTrimMemory(1): Memory trim requested to level 80
01-02 21:43:22.697  2398  2398 D CarrierSvcBindHelper: No carrier app for: 0
01-02 21:43:22.697  2398  2398 D CarrierSvcBindHelper: No carrier app for: 1
01-02 21:43:22.701  1456  1605 W zygote  : kill(-20983, 9) failed: No such process
01-02 21:43:22.750  1456  1673 W ActivityManager: setHasOverlayUi called on unknown pid: 20983
01-02 21:43:22.766  1456  1605 W zygote  : kill(-20983, 9) failed: No such process
01-02 21:43:22.766  1456  1605 I zygote  : Successfully killed process cgroup uid 10670 pid 20983 in 95ms
01-02 21:43:22.766  1456  1605 W zygote  : kill(-21020, 9) failed: No such process
01-02 21:43:22.766  1456  1605 I zygote  : Successfully killed process cgroup uid 10670 pid 21020 in 0ms
01-02 21:43:22.793  1456  3927 I ActivityManager: START u0 {act=android.intent.action.MAIN cat=[android.intent.category.LAUNCHER] flg=0x10000000 cmp=org.mozilla.fenix.performancetest/org.mozilla.fenix.HomeActivity} from uid 2000
01-02 21:43:22.794   794   839 E ANDR-PERF-RESOURCEQS: Failed to apply optimization [4, 0]
01-02 21:43:22.814  1456  2918 I ActivityManager: Start proc 21180:org.mozilla.fenix.performancetest/u0a670 for activity org.mozilla.fenix.performancetest/org.mozilla.fenix.HomeActivity
01-02 21:43:22.818 21180 21180 I chatty  : uid=10670(org.mozilla.fenix.performancetest) expire 11 lines
01-02 21:43:22.901 23700 23889 I MicroDetectionState: Should stop hotword detection immediately - false
01-02 21:43:22.901 23700 23889 I MicroDetector: Keeping mic open: false
01-02 21:43:22.901 23700 23889 I RecognitionAudioControl: #shutdownAudio [requestId: 3759340232185073386, keepAudioOpen: false, forced: true]
01-02 21:43:22.902 23700  9158 E DeviceStateChecker: DeviceStateChecker cancelled
01-02 21:43:22.902 23700 23889 I RecognitionAudioControl: #internalShutdownAudio [requestId: 3759340232185073386]
01-02 21:43:22.902 23700 23889 I RecognitionAudioControl: #internalShutdownAudio [keepAudioOpen: false, forced: true]
01-02 21:43:22.902 23700 23889 I RecognitionAudioControl: #actualShutdownAudio
01-02 21:43:22.902 23700 23889 I AudioController: #shutdown [requestId=3759340232185073386]
01-02 21:43:22.902 23700 19526 I AudioController: internalShutdown
01-02 21:43:22.902 23700 19975 I MicroRecognitionRunner: Stopping hotword detection.
01-02 21:43:22.962   788  1401 D audio_hw_primary: disable_audio_route: usecase(9) reset and update mixer path: audio-record
01-02 21:43:22.963   788  1401 D audio_hw_primary: disable_snd_device: snd_device(120: voice-rec-mic)
01-02 21:43:22.964  1012  1301 D APM_AudioPolicyManager: stopInput() input 71646, session 71705
01-02 21:43:22.965   788   788 D audio_hw_primary: in_set_parameters: enter: kvpairs=routing=0
01-02 21:43:22.967 23700 19526 I MicrophoneInputStream: mic_close  SR : 16000 CC : 16 SO : 1999
01-02 21:43:22.968 23700 19526 E AudioSource: Stop listening is called on already closed AudioSource
01-02 21:43:22.969 23700 19750 I MicroRecognitionRunner: Detection finished
01-02 21:43:23.049 21180 21198 I chatty  : uid=10670(org.mozilla.fenix.performancetest) expire 13 lines
01-02 21:43:23.201 21180 21207 I chatty  : uid=10670(org.mozilla.fenix.performancetest) expire 16 lines
01-02 21:43:23.300   808   898 I SFPerfTracer:      triggers: (rate: 0:0) (0 sw vsyncs) (0 skipped) (23:1936391 vsyncs) (25:3605102)
01-02 21:43:23.325 21180 21215 I chatty  : uid=10670(org.mozilla.fenix.performancetest) expire 10 lines
01-02 21:43:23.337  1456  3925 I ActivityManager: Start proc 21218:org.mozilla.fenix.performancetest:tab/u0a670 for service org.mozilla.fenix.performancetest/org.mozilla.gecko.process.GeckoServiceChildProcess$tab
01-02 21:43:23.340 21218 21218 I chatty  : uid=10670(org.mozilla.fenix.performancetest) expire 3 lines
01-02 21:43:23.446 21180 21180 I chatty  : uid=10670(org.mozilla.fenix.performancetest) expire 29 lines
01-02 21:43:23.505 21218 21246 I chatty  : uid=10670(org.mozilla.fenix.performancetest) expire 1 line
01-02 21:43:23.706 21180 21207 I chatty  : uid=10670(org.mozilla.fenix.performancetest) expire 19 lines
01-02 21:43:23.764 21180 21185 I chatty  : uid=10670(org.mozilla.fenix.performancetest) expire 11 lines
01-02 21:43:23.950 21180 21271 I chatty  : uid=10670(org.mozilla.fenix.performancetest) expire 5 lines
01-02 21:43:24.381  1456  3925 I WifiService: getDhcpInfo uid=10670
01-02 21:43:25.079 21180 21318 I chatty  : uid=10670(org.mozilla.fenix.performancetest) expire 2 lines
01-02 21:43:25.385  1456  1673 I LaunchCheckinHandler: Displayed org.mozilla.fenix.performancetest/org.mozilla.fenix.HomeActivity,cp,ca,2583
01-02 21:43:25.386  1456  1673 I ActivityManager: Displayed org.mozilla.fenix.performancetest/org.mozilla.fenix.HomeActivity: +2s575ms
01-02 21:43:25.491 21180 21347 I chatty  : uid=10670(org.mozilla.fenix.performancetest) expire 4 lines
01-02 21:43:25.505 23700 23700 I MemoryTrimmer: Trimming objects from memory, since app is in the background.
01-02 21:43:25.513 20642 20642 I Finsky  : [2] puo.onTrimMemory(1): Memory trim requested to level 80
01-02 21:43:25.514 23700 23889 E AudioSource: Stop listening is called on already closed AudioSource
01-02 21:43:25.516 23700 23700 I MemoryTrimmer: Trimming objects from memory, since app is in the background.
01-02 21:43:25.517 23700 12553 I PBSessionCacheImpl: Deleted sessionId[104235279871160555] from persistence.
01-02 21:43:25.521  1456  4797 I WifiService: getWifiEnabledState uid=10073
01-02 21:43:25.537 23700 23889 W SearchServiceCore: Abort, client detached.
01-02 21:43:25.537 23700 23889 I chatty  : uid=10073(com.google.android.googlequicksearchbox) EventBus0 identical 2 lines
01-02 21:43:25.538 23700 23889 W SearchServiceCore: Abort, client detached.
01-02 21:43:25.776   808   808 I SFPerfTracer:      triggers: (rate: 49:239525) (compose: 0:6) (post: 0:13) (render: 0:10) (7:2457787 frames) (8:3572173)
01-02 21:43:25.776   808   808 D SFPerfTracer:        layers: (3:12) (NavigationBar#0 (0xb07df000): 0:358421) (StatusBar#0 (0xb07e3000): 0:1078484) (com.android.systemui.ImageWallpaper#0 (0xb07e7000): 0:28948)* (Sprite#0 (0xb0733000): 0:317)* (DimLayerController/Stack=0#0 (0xb075a000): 0:3562)* (Sprite#1 (0xb077c000): 0:195)* (Splash Screen org.mozilla.fenix.performancetest#0 (0xb0384000): 0:30)- (org.mozilla.fenix.performancetest/org.mozilla.fenix.HomeActivity#0 (0xb039b000): 0:45)- (com.android.launcher3/com.android.launcher3.CustomizationPanelLauncher#0 (0xb0763000): 0:41)- (com.android.launcher3/com.android.launcher3.CustomizationPanelLauncher#1 (0xb0771000): 0:12)- (Splash Screen org.mozilla.fenix.performancetest#0 (0xb0384000): 0:31)- (org.mozilla.fenix.performancetest/org.mozilla.fenix.HomeActivity#0 (0xb039b000): 7:20) 
01-02 21:43:25.862 21180 21197 I chatty  : uid=10670(org.mozilla.fenix.performancetest) expire 1 line
01-02 21:43:28.454 21350 21350 D AndroidRuntime: >>>>>> START com.android.internal.os.RuntimeInit uid 2000 <<<<<<
01-02 21:43:28.467 21350 21350 W app_process: Could not reserve sentinel fault page
01-02 21:43:28.633 21350 21350 I app_process: The ClassLoaderContext is a special shared library.
01-02 21:43:28.705 21350 21350 D AndroidRuntime: Calling main entry com.android.commands.input.Input
01-02 21:43:28.706 21350 21350 I Input   : injectKeyEvent: KeyEvent { action=ACTION_DOWN, keyCode=KEYCODE_HOME, scanCode=0, metaState=0, flags=0x0, repeatCount=0, eventTime=10466637433, downTime=10466637433, deviceId=-1, source=0x101 }
01-02 21:43:28.717 21350 21350 I Input   : injectKeyEvent: KeyEvent { action=ACTION_UP, keyCode=KEYCODE_HOME, scanCode=0, metaState=0, flags=0x0, repeatCount=0, eventTime=10466637433, downTime=10466637433, deviceId=-1, source=0x101 }
01-02 21:43:28.723  1456  1941 I ActivityManager: START u0 {act=android.intent.action.MAIN cat=[android.intent.category.HOME] flg=0x10200000 cmp=com.android.launcher3/.CustomizationPanelLauncher (has extras)} from uid 1000
01-02 21:43:28.724   794   839 E ANDR-PERF-RESOURCEQS: Failed to apply optimization [4, 0]
01-02 21:43:28.735  1456  1941 I ActivityManager: moveHomeStack, setupComplete:true
01-02 21:43:28.742 23700 23821 I OpenGLRenderer: Initialized EGL, version 1.4
01-02 21:43:28.742 23700 23821 D OpenGLRenderer: Swap behavior 2
01-02 21:43:28.746 21350 21350 D AndroidRuntime: Shutting down VM
01-02 21:43:28.759 20642 20642 I Finsky  : [2] puo.onTrimMemory(1): Memory trim requested to level 60
01-02 21:43:28.761  2748  2748 D Launcher.Utilities: Wakeup weather: Intent { act=com.motorola.launcher3.action.WAKEUP_WEATHER cmp=com.motorola.timeweatherwidget/com.motorola.commandcenter.weather.WakeUpService }
01-02 21:43:28.773  1456  1456 I NotificationService: Cannot find enqueued record for key: 0|com.motorola.timeweatherwidget|1|null|10116
01-02 21:43:28.778   808   808 D SurfaceFlinger: duplicate layer name: changing com.android.launcher3/com.android.launcher3.CustomizationPanelLauncher to com.android.launcher3/com.android.launcher3.CustomizationPanelLauncher#1
01-02 21:43:28.791 23700  9158 W ThreadPoolDumper: Queue length for executor EventBus is now 11. Perhaps some tasks are too long, or the pool is too small.
01-02 21:43:28.793  1456  4797 I WifiService: getWifiEnabledState uid=10073
01-02 21:43:28.803  1456  4797 I WifiService: getWifiEnabledState uid=10073
01-02 21:43:28.834 23700 23889 I MicroDetectionState: Should stop hotword detection immediately - false
01-02 21:43:28.840 23700 23889 I MicroDetectionWorker: #startMicroDetector [speakerMode: 0]
01-02 21:43:28.841 23700 23889 I AudioController: Created new AudioSource
01-02 21:43:28.856  1456  1673 I LaunchCheckinHandler: Displayed com.android.launcher3/.CustomizationPanelLauncher,wp,wa,133
01-02 21:43:28.857 23700 23889 I MicroDetectionWorker: onReady
01-02 21:43:28.857 23700 19975 I MicroDataManager: isInitializedWithLatestParams-true
01-02 21:43:28.857 23700 19975 I MicroDataManager: isInitializing-false locale not changed-true model not changed-true
01-02 21:43:28.858 23700 19975 I MicroDataManager: Already initialized, obtaining the hotword data immediately.
01-02 21:43:28.861 23700  9578 I MicroRecognitionRunner: Starting detection.
01-02 21:43:28.862 23700  9578 I InputStreamUtils: Using micInputStream
01-02 21:43:28.862 23700 12553 I MicrophoneInputStream: mic_starting  SR : 16000 CC : 16 SO : 1999
01-02 21:43:28.865   788   788 V msm8974_platform: platform_check_input_mask: enter check_input_mask source 6 mask 10
01-02 21:43:28.868  1012 21364 I AudioFlinger: AudioFlinger's thread 0xb2483a80 tid=21364 ready to run
01-02 21:43:28.874   788   788 D audio_hw_primary: in_set_parameters: enter: kvpairs=input_source=6;routing=-2147483644
01-02 21:43:28.875  1012  4918 D APM_AudioPolicyManager: AudioPolicyManager::startInput() input 71654, session 71713, source = 1999
01-02 21:43:28.875 23700 12553 I MicrophoneInputStream: mic_started  SR : 16000 CC : 16 SO : 1999
01-02 21:43:28.876   788 21365 V msm8974_platform: platform_update_usecase_from_source: input source :6
01-02 21:43:28.876   788 21365 V msm8974_platform: platform_check_input_mask: enter check_input_mask source 6 mask 10
01-02 21:43:28.876   788 21365 V msm8974_platform: platform_get_input_snd_device: enter: out_device(0) in_device(0x4) channel_count (1) channel_mask (0x10)
01-02 21:43:28.876   788 21365 V msm8974_platform: platform_get_input_snd_device: exit: in_snd_device(voice-rec-mic)
01-02 21:43:28.876   788 21365 V msm8974_platform: platform_get_backend_index:napb: backend port - 5 device - 120 
01-02 21:43:28.876   788 21365 V msm8974_platform: platform_check_and_set_capture_backend_cfg:txbecf: afe: bitwidth 0, samplerate 0, channel 1, backend_idx 5 usecase = 9 device (voice-rec-mic)
01-02 21:43:28.876   788 21365 V msm8974_platform: platform_check_capture_backend_cfg:txbecf: afe: Codec selected backend: 5 current bit width: 0 and sample rate: 0, channels 1
01-02 21:43:28.876   788 21365 V msm8974_platform: platform_check_capture_backend_cfg:txbecf: afe: Codec selected backend: 5 updated bit width: 0 and sample rate: 0
01-02 21:43:28.876   788 21365 I msm8974_platform: platform_check_capture_backend_cfg:txbecf: afe: Codec backend needs to be updated. new bit width: 0 new sample rate: 0 new channel: 1
01-02 21:43:28.876   788 21365 V msm8974_platform: platform_get_backend_index:napb: backend port - 5 device - 120 
01-02 21:43:28.876   788 21365 V msm8974_platform: platform_set_backend_cfg:becf: afe: bitwidth 0, samplerate 0 channels 1, backend_idx 5 device (voice-rec-mic)
01-02 21:43:28.877   788 21365 E msm8974_platform: platform_set_backend_cfg:becf: afe: Could not get ctl for mixer command - SLIM_0_TX Format
01-02 21:43:28.877   788 21365 V msm8974_platform: platform_send_audio_calibration: sending audio calibration for snd_device(120) acdb_id(62)
01-02 21:43:28.877   788 21365 D ACDB-LOADER: ACDB -> send_audio_cal, acdb_id = 62, path = 1, app id = 0x11130, sample rate = 48000
01-02 21:43:28.877   788 21365 D ACDB-LOADER: ACDB -> send_asm_topology
01-02 21:43:28.877   788 21365 D ACDB-LOADER: ACDB -> ACDB_CMD_GET_AUDPROC_STREAM_TOPOLOGY_ID
01-02 21:43:28.877   788 21365 D ACDB-LOADER: ACDB -> send_adm_topology
01-02 21:43:28.877   788 21365 D ACDB-LOADER: ACDB -> ACDB_CMD_GET_AUDPROC_COMMON_TOPOLOGY_ID
01-02 21:43:28.877   788 21365 D ACDB-LOADER: ACDB -> send_audtable
01-02 21:43:28.877   788 21365 D ACDB-LOADER: ACDB -> ACDB_CMD_GET_AUDPROC_COMMON_TABLE_SIZE
01-02 21:43:28.877   788 21365 D ACDB-LOADER: ACDB -> ACDB_CMD_GET_AUDPROC_COMMON_TABLE
01-02 21:43:28.877   788 21365 D ACDB-LOADER: ACDB -> AUDIO_SET_AUDPROC_CAL
01-02 21:43:28.877   788 21365 D ACDB-LOADER: ACDB -> send_audvoltable
01-02 21:43:28.877   788 21365 D ACDB-LOADER: ACDB -> ACDB_CMD_GET_AUDPROC_VOL_STEP_TABLE_SIZE
01-02 21:43:28.877   788 21365 D ACDB-LOADER: ACDB -> ACDB_CMD_GET_AUDPROC_GAIN_DEP_STEP_TABLE, vol index 0
01-02 21:43:28.877   788 21365 D         : Failed to fetch the lookup information of the device 0000003E 
01-02 21:43:28.877   788 21365 D ACDB-LOADER: ACDB -> AUDIO_SET_VOL_CAL cal type = 12
01-02 21:43:28.877   788 21365 D ACDB-LOADER: ACDB -> ACDB_CMD_GET_AUDPROC_STREAM_TABLE_SIZE
01-02 21:43:28.877   788 21365 D ACDB-LOADER: ACDB -> send_audstrmtable
01-02 21:43:28.878   788 21365 D ACDB-LOADER: ACDB -> ACDB_CMD_GET_AUDPROC_STREAM_TABLE_V2
01-02 21:43:28.878   788 21365 D ACDB-LOADER: ACDB -> audstrm_cal->cal_type.cal_data.cal_size = 456
01-02 21:43:28.878   788 21365 D ACDB-LOADER: ACDB -> send_afe_topology
01-02 21:43:28.878   788 21365 D ACDB-LOADER: ACDB -> ACDB_CMD_GET_AFE_TOPOLOGY_ID
01-02 21:43:28.878   788 21365 D ACDB-LOADER: ACDB -> GET_AFE_TOPOLOGY_ID for adcd_id 62, Topology Id 112fb
01-02 21:43:28.878   788 21365 D ACDB-LOADER: ACDB -> send_afe_cal
01-02 21:43:28.878   788 21365 D ACDB-LOADER: ACDB -> ACDB_CMD_GET_AFE_COMMON_TABLE_SIZE
01-02 21:43:28.878   788 21365 D         : Failed to fetch the lookup information of the device 0000003E 
01-02 21:43:28.878   788 21365 E ACDB-LOADER: Error: ACDB_CMD_GET_AFE_COMMON_TABLE_SIZE Returned = -19
01-02 21:43:28.878   788 21365 D ACDB-LOADER: ACDB -> ACDB_CMD_GET_AFE_COMMON_TABLE
01-02 21:43:28.878   788 21365 D         : Failed to fetch the lookup information of the device 0000003E 
01-02 21:43:28.878   788 21365 D ACDB-LOADER: ACDB -> AUDIO_SET_AFE_CAL
01-02 21:43:28.878   788 21365 D ACDB-LOADER: ACDB -> send_hw_delay : acdb_id = 62 path = 1
01-02 21:43:28.878   788 21365 D ACDB-LOADER: ACDB -> ACDB_AVSYNC_INFO: ACDB_CMD_GET_DEVICE_PROPERTY
01-02 21:43:28.878   788 21365 D audio_hw_primary: enable_snd_device: snd_device(120: voice-rec-mic)
01-02 21:43:28.878   788 21365 D audio_route: Apply path: voice-rec-mic
01-02 21:43:28.880   788 21365 V msm8974_platform: platform_get_snd_device_backend_index: enter with device 120
01-02 21:43:28.880   788 21365 E msm8974_platform: platform_get_snd_device_backend_index: BE DAI Name Table is not present
01-02 21:43:28.881   788 21365 V msm8974_platform: platform_get_backend_index:napb: backend port - 5 device - 120 
01-02 21:43:28.881   788 21365 I audio_hw_utils: Set Audio Stream Capture 0 App Type Cfg: app_type 69936, acdb_dev_id 62, sample_rate 48000, snd_device_be_idx -14
01-02 21:43:28.882   788 21365 D audio_hw_primary: enable_audio_route: usecase(9) apply and update mixer path: audio-record
01-02 21:43:28.882   788 21365 D audio_route: Apply path: audio-record
01-02 21:43:28.957 23700 23889 I MicroDetectionWorker: onReady
01-02 21:43:29.272  1456  7796 I OpenGLRenderer: Initialized EGL, version 1.4
01-02 21:43:29.273  1456  7796 D OpenGLRenderer: Swap behavior 2
01-02 21:43:29.317  2748  2917 W OpenGLRenderer: Incorrectly called buildLayer on View: ShortcutAndWidgetContainer, destroying layer...
01-02 21:43:29.435 21180 21198 I chatty  : uid=10670(org.mozilla.fenix.performancetest) expire 1 line
01-02 21:43:29.445 21180 21281 I chatty  : uid=10670(org.mozilla.fenix.performancetest) expire 6 lines
01-02 21:43:29.503 20642 20642 I Finsky  : [2] puo.onTrimMemory(1): Memory trim requested to level 80
01-02 21:43:29.519  1456  4797 D ConnectivityService: requestNetwork for uid/pid:10670/21180 NetworkRequest [ TRACK_DEFAULT id=16337, [ Capabilities: INTERNET&NOT_RESTRICTED&TRUSTED&NOT_VPN] ]
01-02 21:43:29.521  1456  2099 D Ethernet: got request NetworkRequest [ TRACK_DEFAULT id=16337, [ Capabilities: INTERNET&NOT_RESTRICTED&TRUSTED&NOT_VPN] ] with score 60
01-02 21:43:29.521  1456  2054 D WIFI_UT : got request NetworkRequest [ TRACK_DEFAULT id=16337, [ Capabilities: INTERNET&NOT_RESTRICTED&TRUSTED&NOT_VPN] ] with score 60
01-02 21:43:29.521  1456  2054 D WIFI    : got request NetworkRequest [ TRACK_DEFAULT id=16337, [ Capabilities: INTERNET&NOT_RESTRICTED&TRUSTED&NOT_VPN] ] with score 60
01-02 21:43:29.521  2398  2398 D PhoneSwitcherNetworkRequstListener: got request NetworkRequest [ TRACK_DEFAULT id=16337, [ Capabilities: INTERNET&NOT_RESTRICTED&TRUSTED&NOT_VPN] ] with score 60
01-02 21:43:29.556 21180 21366 I chatty  : uid=10670(org.mozilla.fenix.performancetest) expire 9 lines
01-02 21:43:29.559  1456  1466 I zygote  : NativeAlloc concurrent copying GC freed 40733(2MB) AllocSpace objects, 28(1072KB) LOS objects, 42% free, 31MB/54MB, paused 149us total 286.457ms
01-02 21:43:30.079 21180 21214 I chatty  : uid=10670(org.mozilla.fenix.performancetest) expire 1 line
01-02 21:43:30.095  1456  2067 D ConnectivityService: releasing NetworkRequest [ TRACK_DEFAULT id=16337, [ Capabilities: INTERNET&NOT_RESTRICTED&TRUSTED&NOT_VPN] ] (release request)
01-02 21:43:33.912  1456  4797 I ActivityManager: Force stopping org.mozilla.fenix.performancetest appid=10670 user=0: from pid 21371
01-02 21:43:33.913  1456  4797 I ActivityManager: Killing 21180:org.mozilla.fenix.performancetest/u0a670 (adj 700): stop org.mozilla.fenix.performancetest
01-02 21:43:33.915  1456  4797 W ActivityManager: Force removing ActivityRecord{b9c9f17 u0 org.mozilla.fenix.performancetest/org.mozilla.fenix.HomeActivity t15144}: app died, no saved state
01-02 21:43:33.916  1456  1605 W zygote  : kill(-21180, 9) failed: No such process
01-02 21:43:33.925  1456  4797 I ActivityManager: Killing 21218:org.mozilla.fenix.performancetest:tab/u0a670 (adj 0): stop org.mozilla.fenix.performancetest
01-02 21:43:33.931  1456  1605 W zygote  : kill(-21180, 9) failed: No such process
01-02 21:43:33.936  2398  2398 D CarrierSvcBindHelper: No carrier app for: 0
01-02 21:43:33.937  2398  2398 D CarrierSvcBindHelper: No carrier app for: 1
01-02 21:43:33.949  1456  1605 W zygote  : kill(-21180, 9) failed: No such process
01-02 21:43:33.957 20642 20642 I Finsky  : [2] JobSchedulerEngine$PhoneskyJobSchedulerJobService.onStartJob(5): SCH: onJobSchedulerWakeup with jobId 9003
01-02 21:43:33.960 20642 20642 I Finsky  : [2] trd.a(24): Scheduling fallback job with id: 9034, and delay: 43200000 ms
01-02 21:43:33.963  1456  1605 W zygote  : kill(-21180, 9) failed: No such process
01-02 21:43:33.965 20642 20642 I Finsky  : [2] trd.a(5): Scheduling fallback in 64799998 (absolute: 10612302636)
01-02 21:43:33.969  1456  1605 W zygote  : kill(-21180, 9) failed: No such process
01-02 21:43:33.983  1456  1605 W zygote  : kill(-21180, 9) failed: No such process
01-02 21:43:33.995 20642 20642 I Finsky  : [2] trp.handleMessage(10): SCH: DeviceState: DeviceState{currentTime=1578019413984, isCharging=true, isIdle=false, netAny=true, netNotRoaming=true, netUnmetered=true, batteryPercent=100.0}
01-02 21:43:33.996  1456  1605 W zygote  : kill(-21180, 9) failed: No such process
01-02 21:43:34.008 20642 21376 I Finsky  : [161218] tuf.a(7): SCH: Jobs in database: 1-1337 24-77777777 26-1414141414 29-29 
01-02 21:43:34.009  1456  1605 W zygote  : kill(-21180, 9) failed: No such process
01-02 21:43:34.011  1456  1673 W ActivityManager: setHasOverlayUi called on unknown pid: 21180
01-02 21:43:34.016  1456  1605 W zygote  : kill(-21180, 9) failed: No such process
01-02 21:43:34.017  1456  1605 I zygote  : Successfully killed process cgroup uid 10670 pid 21180 in 101ms
01-02 21:43:34.017  1456  1605 W zygote  : kill(-21218, 9) failed: No such process
01-02 21:43:34.017  1456  1605 I zygote  : Successfully killed process cgroup uid 10670 pid 21218 in 0ms
01-02 21:43:34.027 20642 20642 I Finsky  : [2] trq.a(18): SCH: Running job: 29-29
01-02 21:43:34.030 20642 20642 I Finsky  : [2] trp.handleMessage(63): SCH: RunningQueue size: 1, PendingQueue size: 0
01-02 21:43:34.031 20642 20642 I Finsky  : [2] trp.handleMessage(66): SCH: Running queue: 29-29 
01-02 21:43:34.031 20642 21377 I Finsky  : [161219] zjc.a(1): ProcessRecoveryLogsUtil: No files in recovery directory
01-02 21:43:34.042 20642 21377 I Finsky  : [161219] tta.a(13): SCH: jobFinished: 29-29. TimeElapsed: 14ms.
01-02 21:43:34.043  1456 10366 I ActivityManager: START u0 {act=android.intent.action.MAIN cat=[android.intent.category.LAUNCHER] flg=0x10000000 cmp=org.mozilla.fenix.performancetest/org.mozilla.fenix.HomeActivity} from uid 2000
01-02 21:43:34.044   794   839 E ANDR-PERF-RESOURCEQS: Failed to apply optimization [4, 0]
01-02 21:43:34.044 20642 20642 I Finsky  : [2] trq.a(34): SCH: Job 29-29 finished. Not rescheduling.
01-02 21:43:34.046 20642 20642 I Finsky  : [2] trp.handleMessage(63): SCH: RunningQueue size: 0, PendingQueue size: 0
01-02 21:43:34.047 20642 20642 I Finsky  : [2] trp.handleMessage(29): Executor finished
01-02 21:43:34.067  1456  2920 I ActivityManager: Start proc 21381:org.mozilla.fenix.performancetest/u0a670 for activity org.mozilla.fenix.performancetest/org.mozilla.fenix.HomeActivity
01-02 21:43:34.071 21381 21381 I chatty  : uid=10670(org.mozilla.fenix.performancetest) expire 41 lines
01-02 21:43:34.082 20642 20642 I Finsky  : [2] tuf.a(7): SCH: Jobs in database: 1-1337 24-77777777 26-1414141414 
01-02 21:43:34.093 20642 20642 I Finsky  : [2] tpv.a(58): SCH: ConstraintMapping: 24-77777777,  -> L: 0ms, D: 53278378ms, C: false, I: true, N: 0
01-02 21:43:34.094 20642 20642 I Finsky  : [2] tpv.a(58): SCH: ConstraintMapping: 1-1337,  -> L: 13644259ms, D: 56844259ms, C: false, I: false, N: 1
01-02 21:43:34.096 20642 20642 I Finsky  : [2] tpv.a(58): SCH: ConstraintMapping: 26-1414141414,  -> L: 41027682ms, D: 41927682ms, C: false, I: false, N: 0
01-02 21:43:34.103 20642 20642 I Finsky  : [2] tsn.a(37): Cancelling existing jobscheduler jobs: 9000 9001 
01-02 21:43:34.105 20642 20642 I Finsky  : [2] tsn.a(14): Throttling wakeup for job 9002 (expected to run in 0 ms) due to recent wakeup
01-02 21:43:34.107 20642 20642 I Finsky  : [2] tsn.a(30): Scheduling job Id: 9002, L: 30000, D: 53278378, C: false, I: true, N: 0
01-02 21:43:34.108 20642 20650 W JavaBinder: BinderProxy is being destroyed but the application did not call unlinkToDeath to unlink all of its death recipients beforehand.  Releasing leaked death recipient: akqu
01-02 21:43:34.112 20642 20642 I Finsky  : [2] tsn.a(30): Scheduling job Id: 9004, L: 13644259, D: 56844259, C: false, I: false, N: 1
01-02 21:43:34.114 20642 20642 I Finsky  : [2] tsn.a(30): Scheduling job Id: 9005, L: 41027682, D: 41927682, C: false, I: false, N: 0
01-02 21:43:34.115 20642 20642 I Finsky  : [2] puo.onTrimMemory(1): Memory trim requested to level 80
01-02 21:43:34.164 23700 23889 I MicroDetectionState: Should stop hotword detection immediately - false
01-02 21:43:34.165 23700 23889 I MicroDetector: Keeping mic open: false
01-02 21:43:34.165 23700  9158 E DeviceStateChecker: DeviceStateChecker cancelled
01-02 21:43:34.165 23700 23889 I RecognitionAudioControl: #shutdownAudio [requestId: 2860703546682139866, keepAudioOpen: false, forced: true]
01-02 21:43:34.165 23700 23889 I RecognitionAudioControl: #internalShutdownAudio [requestId: 2860703546682139866]
01-02 21:43:34.165 23700 23889 I RecognitionAudioControl: #internalShutdownAudio [keepAudioOpen: false, forced: true]
01-02 21:43:34.165 23700 23889 I RecognitionAudioControl: #actualShutdownAudio
01-02 21:43:34.166 23700 23889 I AudioController: #shutdown [requestId=2860703546682139866]
01-02 21:43:34.166 23700 19975 I AudioController: internalShutdown
01-02 21:43:34.166 23700 19977 I MicroRecognitionRunner: Stopping hotword detection.
01-02 21:43:34.220   788   788 D audio_hw_primary: disable_audio_route: usecase(9) reset and update mixer path: audio-record
01-02 21:43:34.221   788   788 D audio_hw_primary: disable_snd_device: snd_device(120: voice-rec-mic)
01-02 21:43:34.223  1012 26683 D APM_AudioPolicyManager: stopInput() input 71654, session 71713
01-02 21:43:34.224   788  1401 D audio_hw_primary: in_set_parameters: enter: kvpairs=routing=0
01-02 21:43:34.226 23700 19975 I MicrophoneInputStream: mic_close  SR : 16000 CC : 16 SO : 1999
01-02 21:43:34.226 23700 19975 E AudioSource: Stop listening is called on already closed AudioSource
01-02 21:43:34.227 23700  9578 I MicroRecognitionRunner: Detection finished
01-02 21:43:34.308 21381 21400 I chatty  : uid=10670(org.mozilla.fenix.performancetest) expire 14 lines
01-02 21:43:34.464 21381 21411 I chatty  : uid=10670(org.mozilla.fenix.performancetest) expire 35 lines
01-02 21:43:34.583 21381 21417 I chatty  : uid=10670(org.mozilla.fenix.performancetest) expire 10 lines
01-02 21:43:34.595  1456  3925 I ActivityManager: Start proc 21420:org.mozilla.fenix.performancetest:tab/u0a670 for service org.mozilla.fenix.performancetest/org.mozilla.gecko.process.GeckoServiceChildProcess$tab
01-02 21:43:34.601 21420 21420 I chatty  : uid=10670(org.mozilla.fenix.performancetest) expire 3 lines
01-02 21:43:34.761 21420 21443 I chatty  : uid=10670(org.mozilla.fenix.performancetest) expire 1 line
01-02 21:43:35.017 21381 21387 I chatty  : uid=10670(org.mozilla.fenix.performancetest) expire 11 lines
01-02 21:43:35.203 21381 21468 I chatty  : uid=10670(org.mozilla.fenix.performancetest) expire 5 lines
01-02 21:43:35.634  1456  3925 I WifiService: getDhcpInfo uid=10670
01-02 21:43:36.342 21381 21515 I chatty  : uid=10670(org.mozilla.fenix.performancetest) expire 2 lines
01-02 21:43:36.656  1456  1673 I LaunchCheckinHandler: Displayed org.mozilla.fenix.performancetest/org.mozilla.fenix.HomeActivity,cp,ca,2603
01-02 21:43:36.657  1456  1673 I ActivityManager: Displayed org.mozilla.fenix.performancetest/org.mozilla.fenix.HomeActivity: +2s593ms
01-02 21:43:36.716 21381 21541 I chatty  : uid=10670(org.mozilla.fenix.performancetest) expire 4 lines
01-02 21:43:36.773 23700 23700 I MemoryTrimmer: Trimming objects from memory, since app is in the background.
01-02 21:43:36.779 23700 23889 E AudioSource: Stop listening is called on already closed AudioSource
01-02 21:43:36.781 23700 23700 I MemoryTrimmer: Trimming objects from memory, since app is in the background.
01-02 21:43:36.781 23700 12553 I PBSessionCacheImpl: Deleted sessionId[104235279871160560] from persistence.
01-02 21:43:36.785  1456  3925 I WifiService: getWifiEnabledState uid=10073
01-02 21:43:36.791 23700 23889 W SearchServiceCore: Abort, client detached.
01-02 21:43:36.793 23700 23889 W SearchServiceCore: Abort, client detached.
01-02 21:43:36.824 21381 21399 I chatty  : uid=10670(org.mozilla.fenix.performancetest) expire 1 line
01-02 21:43:37.035   808   898 I SFPerfTracer:      triggers: (rate: 0:0) (0 sw vsyncs) (0 skipped) (17:1936485 vsyncs) (19:3605218)
01-02 21:43:39.701 21551 21551 D AndroidRuntime: >>>>>> START com.android.internal.os.RuntimeInit uid 2000 <<<<<<
01-02 21:43:39.714 21551 21551 W app_process: Could not reserve sentinel fault page
01-02 21:43:39.880 21551 21551 I app_process: The ClassLoaderContext is a special shared library.
01-02 21:43:39.949 21551 21551 D AndroidRuntime: Calling main entry com.android.commands.input.Input
01-02 21:43:39.952 21551 21551 I Input   : injectKeyEvent: KeyEvent { action=ACTION_DOWN, keyCode=KEYCODE_HOME, scanCode=0, metaState=0, flags=0x0, repeatCount=0, eventTime=10466648680, downTime=10466648680, deviceId=-1, source=0x101 }
01-02 21:43:39.959 21551 21551 I Input   : injectKeyEvent: KeyEvent { action=ACTION_UP, keyCode=KEYCODE_HOME, scanCode=0, metaState=0, flags=0x0, repeatCount=0, eventTime=10466648680, downTime=10466648680, deviceId=-1, source=0x101 }
01-02 21:43:39.966  1456  1941 I ActivityManager: START u0 {act=android.intent.action.MAIN cat=[android.intent.category.HOME] flg=0x10200000 cmp=com.android.launcher3/.CustomizationPanelLauncher (has extras)} from uid 1000
01-02 21:43:39.966   794   839 E ANDR-PERF-RESOURCEQS: Failed to apply optimization [4, 0]
01-02 21:43:39.978  1456  1941 I ActivityManager: moveHomeStack, setupComplete:true
01-02 21:43:39.982 23700 23821 I OpenGLRenderer: Initialized EGL, version 1.4
01-02 21:43:39.983 23700 23821 D OpenGLRenderer: Swap behavior 2
01-02 21:43:39.988 21551 21551 D AndroidRuntime: Shutting down VM
01-02 21:43:40.001 20642 20642 I Finsky  : [2] puo.onTrimMemory(1): Memory trim requested to level 80
01-02 21:43:40.003  2748  2748 D Launcher.Utilities: Wakeup weather: Intent { act=com.motorola.launcher3.action.WAKEUP_WEATHER cmp=com.motorola.timeweatherwidget/com.motorola.commandcenter.weather.WakeUpService }
01-02 21:43:40.018  1456  1456 I NotificationService: Cannot find enqueued record for key: 0|com.motorola.timeweatherwidget|1|null|10116
01-02 21:43:40.021   808   808 D SurfaceFlinger: duplicate layer name: changing com.android.launcher3/com.android.launcher3.CustomizationPanelLauncher to com.android.launcher3/com.android.launcher3.CustomizationPanelLauncher#1
01-02 21:43:40.027 23700 23700 W ThreadPoolDumper: Queue length for executor EventBus is now 11. Perhaps some tasks are too long, or the pool is too small.
01-02 21:43:40.035  1456 10366 I WifiService: getWifiEnabledState uid=10073
01-02 21:43:40.045  1456 10366 I WifiService: getWifiEnabledState uid=10073
01-02 21:43:40.073 23700 23889 I MicroDetectionState: Should stop hotword detection immediately - false
01-02 21:43:40.078 23700 23889 I MicroDetectionWorker: #startMicroDetector [speakerMode: 0]
01-02 21:43:40.080 23700 23889 I AudioController: Created new AudioSource
01-02 21:43:40.106  1456  1673 I LaunchCheckinHandler: Displayed com.android.launcher3/.CustomizationPanelLauncher,wp,wa,140
01-02 21:43:40.106 23700 23889 I MicroDetectionWorker: onReady
01-02 21:43:40.107 23700 19977 I MicroDataManager: isInitializedWithLatestParams-true
01-02 21:43:40.107 23700 19977 I MicroDataManager: isInitializing-false locale not changed-true model not changed-true
01-02 21:43:40.107 23700 19977 I MicroDataManager: Already initialized, obtaining the hotword data immediately.
01-02 21:43:40.112 23700 19758 I MicroRecognitionRunner: Starting detection.
01-02 21:43:40.114 23700 19758 I InputStreamUtils: Using micInputStream
01-02 21:43:40.115 23700 12553 I MicrophoneInputStream: mic_starting  SR : 16000 CC : 16 SO : 1999
01-02 21:43:40.115   808   808 I SFPerfTracer:      triggers: (rate: 49:239525) (compose: 0:6) (post: 0:13) (render: 0:10) (0:2457858 frames) (1:3572273)
01-02 21:43:40.116   808   808 D SFPerfTracer:        layers: (3:13) (NavigationBar#0 (0xb07df000): 0:358441) (StatusBar#0 (0xb07e3000): 1:1078507) (com.android.systemui.ImageWallpaper#0 (0xb07e7000): 0:28950)* (Sprite#0 (0xb0733000): 0:317)* (DimLayerController/Stack=0#0 (0xb075a000): 0:3562)* (Sprite#1 (0xb077c000): 0:195)* (org.mozilla.fenix.performancetest/org.mozilla.fenix.HomeActivity#0 (0xb039b000): 0:45)- (com.android.launcher3/com.android.launcher3.CustomizationPanelLauncher#0 (0xb0763000): 0:41)- (com.android.launcher3/com.android.launcher3.CustomizationPanelLauncher#1 (0xb0771000): 0:10)- (Splash Screen org.mozilla.fenix.performancetest#0 (0xb0384000): 0:32)- (org.mozilla.fenix.performancetest/org.mozilla.fenix.HomeActivity#0 (0xb039b000): 0:21) (com.android.launcher3/com.android.launcher3.CustomizationPanelLauncher#0 (0xb0763000): 1:5)* (com.android.launcher3/com.android.launcher3.CustomizationPanelLauncher#1 (0xb0771000): 0:3)* 
01-02 21:43:40.118   788  1401 V msm8974_platform: platform_check_input_mask: enter check_input_mask source 6 mask 10
01-02 21:43:40.120  1012 21565 I AudioFlinger: AudioFlinger's thread 0xb24833c0 tid=21565 ready to run
01-02 21:43:40.125   788   788 D audio_hw_primary: in_set_parameters: enter: kvpairs=input_source=6;routing=-2147483644
01-02 21:43:40.126  1012 26683 D APM_AudioPolicyManager: AudioPolicyManager::startInput() input 71662, session 71721, source = 1999
01-02 21:43:40.127 23700 12553 I MicrophoneInputStream: mic_started  SR : 16000 CC : 16 SO : 1999
01-02 21:43:40.128   788 21566 V msm8974_platform: platform_update_usecase_from_source: input source :6
01-02 21:43:40.128   788 21566 V msm8974_platform: platform_check_input_mask: enter check_input_mask source 6 mask 10
01-02 21:43:40.128   788 21566 V msm8974_platform: platform_get_input_snd_device: enter: out_device(0) in_device(0x4) channel_count (1) channel_mask (0x10)
01-02 21:43:40.129   788 21566 V msm8974_platform: platform_get_input_snd_device: exit: in_snd_device(voice-rec-mic)
01-02 21:43:40.129   788 21566 V msm8974_platform: platform_get_backend_index:napb: backend port - 5 device - 120 
01-02 21:43:40.129   788 21566 V msm8974_platform: platform_check_and_set_capture_backend_cfg:txbecf: afe: bitwidth 0, samplerate 0, channel 1, backend_idx 5 usecase = 9 device (voice-rec-mic)
01-02 21:43:40.129   788 21566 V msm8974_platform: platform_check_capture_backend_cfg:txbecf: afe: Codec selected backend: 5 current bit width: 0 and sample rate: 0, channels 1
01-02 21:43:40.129   788 21566 V msm8974_platform: platform_check_capture_backend_cfg:txbecf: afe: Codec selected backend: 5 updated bit width: 0 and sample rate: 0
01-02 21:43:40.129   788 21566 I msm8974_platform: platform_check_capture_backend_cfg:txbecf: afe: Codec backend needs to be updated. new bit width: 0 new sample rate: 0 new channel: 1
01-02 21:43:40.129   788 21566 V msm8974_platform: platform_get_backend_index:napb: backend port - 5 device - 120 
01-02 21:43:40.129   788 21566 V msm8974_platform: platform_set_backend_cfg:becf: afe: bitwidth 0, samplerate 0 channels 1, backend_idx 5 device (voice-rec-mic)
01-02 21:43:40.129   788 21566 E msm8974_platform: platform_set_backend_cfg:becf: afe: Could not get ctl for mixer command - SLIM_0_TX Format
01-02 21:43:40.129   788 21566 V msm8974_platform: platform_send_audio_calibration: sending audio calibration for snd_device(120) acdb_id(62)
01-02 21:43:40.129   788 21566 D ACDB-LOADER: ACDB -> send_audio_cal, acdb_id = 62, path = 1, app id = 0x11130, sample rate = 48000
01-02 21:43:40.130   788 21566 D ACDB-LOADER: ACDB -> send_asm_topology
01-02 21:43:40.130   788 21566 D ACDB-LOADER: ACDB -> ACDB_CMD_GET_AUDPROC_STREAM_TOPOLOGY_ID
01-02 21:43:40.130   788 21566 D ACDB-LOADER: ACDB -> send_adm_topology
01-02 21:43:40.130   788 21566 D ACDB-LOADER: ACDB -> ACDB_CMD_GET_AUDPROC_COMMON_TOPOLOGY_ID
01-02 21:43:40.130   788 21566 D ACDB-LOADER: ACDB -> send_audtable
01-02 21:43:40.130   788 21566 D ACDB-LOADER: ACDB -> ACDB_CMD_GET_AUDPROC_COMMON_TABLE_SIZE
01-02 21:43:40.130   788 21566 D ACDB-LOADER: ACDB -> ACDB_CMD_GET_AUDPROC_COMMON_TABLE
01-02 21:43:40.130   788 21566 D ACDB-LOADER: ACDB -> AUDIO_SET_AUDPROC_CAL
01-02 21:43:40.130   788 21566 D ACDB-LOADER: ACDB -> send_audvoltable
01-02 21:43:40.130   788 21566 D ACDB-LOADER: ACDB -> ACDB_CMD_GET_AUDPROC_VOL_STEP_TABLE_SIZE
01-02 21:43:40.130   788 21566 D ACDB-LOADER: ACDB -> ACDB_CMD_GET_AUDPROC_GAIN_DEP_STEP_TABLE, vol index 0
01-02 21:43:40.130   788 21566 D         : Failed to fetch the lookup information of the device 0000003E 
01-02 21:43:40.130   788 21566 D ACDB-LOADER: ACDB -> AUDIO_SET_VOL_CAL cal type = 12
01-02 21:43:40.130   788 21566 D ACDB-LOADER: ACDB -> ACDB_CMD_GET_AUDPROC_STREAM_TABLE_SIZE
01-02 21:43:40.130   788 21566 D ACDB-LOADER: ACDB -> send_audstrmtable
01-02 21:43:40.131   788 21566 D ACDB-LOADER: ACDB -> ACDB_CMD_GET_AUDPROC_STREAM_TABLE_V2
01-02 21:43:40.131   788 21566 D ACDB-LOADER: ACDB -> audstrm_cal->cal_type.cal_data.cal_size = 456
01-02 21:43:40.131   788 21566 D ACDB-LOADER: ACDB -> send_afe_topology
01-02 21:43:40.131   788 21566 D ACDB-LOADER: ACDB -> ACDB_CMD_GET_AFE_TOPOLOGY_ID
01-02 21:43:40.131   788 21566 D ACDB-LOADER: ACDB -> GET_AFE_TOPOLOGY_ID for adcd_id 62, Topology Id 112fb
01-02 21:43:40.131   788 21566 D ACDB-LOADER: ACDB -> send_afe_cal
01-02 21:43:40.131   788 21566 D ACDB-LOADER: ACDB -> ACDB_CMD_GET_AFE_COMMON_TABLE_SIZE
01-02 21:43:40.131   788 21566 D         : Failed to fetch the lookup information of the device 0000003E 
01-02 21:43:40.131   788 21566 E ACDB-LOADER: Error: ACDB_CMD_GET_AFE_COMMON_TABLE_SIZE Returned = -19
01-02 21:43:40.131   788 21566 D ACDB-LOADER: ACDB -> ACDB_CMD_GET_AFE_COMMON_TABLE
01-02 21:43:40.131   788 21566 D         : Failed to fetch the lookup information of the device 0000003E 
01-02 21:43:40.131   788 21566 D ACDB-LOADER: ACDB -> AUDIO_SET_AFE_CAL
01-02 21:43:40.131   788 21566 D ACDB-LOADER: ACDB -> send_hw_delay : acdb_id = 62 path = 1
01-02 21:43:40.131   788 21566 D ACDB-LOADER: ACDB -> ACDB_AVSYNC_INFO: ACDB_CMD_GET_DEVICE_PROPERTY
01-02 21:43:40.131   788 21566 D audio_hw_primary: enable_snd_device: snd_device(120: voice-rec-mic)
01-02 21:43:40.131   788 21566 D audio_route: Apply path: voice-rec-mic
01-02 21:43:40.134   788 21566 V msm8974_platform: platform_get_snd_device_backend_index: enter with device 120
01-02 21:43:40.134   788 21566 E msm8974_platform: platform_get_snd_device_backend_index: BE DAI Name Table is not present
01-02 21:43:40.135   788 21566 V msm8974_platform: platform_get_backend_index:napb: backend port - 5 device - 120 
01-02 21:43:40.135   788 21566 I audio_hw_utils: Set Audio Stream Capture 0 App Type Cfg: app_type 69936, acdb_dev_id 62, sample_rate 48000, snd_device_be_idx -14
01-02 21:43:40.135   788 21566 D audio_hw_primary: enable_audio_route: usecase(9) apply and update mixer path: audio-record
01-02 21:43:40.135   788 21566 D audio_route: Apply path: audio-record
01-02 21:43:40.204 23700 23889 I MicroDetectionWorker: onReady
01-02 21:43:40.232  2146  2165 I zygote  : NativeAlloc concurrent copying GC freed 17407(966KB) AllocSpace objects, 0(0B) LOS objects, 50% free, 8MB/16MB, paused 111us total 108.829ms
01-02 21:43:40.518  1456  7796 I OpenGLRenderer: Initialized EGL, version 1.4
01-02 21:43:40.518  1456  7796 D OpenGLRenderer: Swap behavior 2
01-02 21:43:40.564  2748  2917 W OpenGLRenderer: Incorrectly called buildLayer on View: ShortcutAndWidgetContainer, destroying layer...
01-02 21:43:40.685 21381 21478 I chatty  : uid=10670(org.mozilla.fenix.performancetest) expire 6 lines
01-02 21:43:40.748  1456  7556 D ConnectivityService: requestNetwork for uid/pid:10670/21381 NetworkRequest [ TRACK_DEFAULT id=16338, [ Capabilities: INTERNET&NOT_RESTRICTED&TRUSTED&NOT_VPN] ]
01-02 21:43:40.750  1456  2099 D Ethernet: got request NetworkRequest [ TRACK_DEFAULT id=16338, [ Capabilities: INTERNET&NOT_RESTRICTED&TRUSTED&NOT_VPN] ] with score 60
01-02 21:43:40.750  1456  2054 D WIFI_UT : got request NetworkRequest [ TRACK_DEFAULT id=16338, [ Capabilities: INTERNET&NOT_RESTRICTED&TRUSTED&NOT_VPN] ] with score 60
01-02 21:43:40.750  1456  2054 D WIFI    : got request NetworkRequest [ TRACK_DEFAULT id=16338, [ Capabilities: INTERNET&NOT_RESTRICTED&TRUSTED&NOT_VPN] ] with score 60
01-02 21:43:40.750  2398  2398 D PhoneSwitcherNetworkRequstListener: got request NetworkRequest [ TRACK_DEFAULT id=16338, [ Capabilities: INTERNET&NOT_RESTRICTED&TRUSTED&NOT_VPN] ] with score 60
01-02 21:43:40.772 21381 21567 I chatty  : uid=10670(org.mozilla.fenix.performancetest) expire 9 lines
01-02 21:43:41.250 21381 21409 I chatty  : uid=10670(org.mozilla.fenix.performancetest) expire 1 line
01-02 21:43:41.260  1456  2067 D ConnectivityService: releasing NetworkRequest [ TRACK_DEFAULT id=16338, [ Capabilities: INTERNET&NOT_RESTRICTED&TRUSTED&NOT_VPN] ] (release request)
01-02 21:43:44.706  1456  1456 V BackupManagerService: Scheduling immediate backup pass
01-02 21:43:44.710  1456  1456 W BackupManagerService: Backup pass but e=false p=true
