02-05 21:42:58.679  1456  1605 W zygote  : kill(-15717, 9) failed: No such process
02-05 21:42:58.680 15834 15834 I chatty  : uid=10825(org.mozilla.fenix.nightly) expire 1 line
02-05 21:42:58.682 15805 15805 I chatty  : uid=10825(org.mozilla.fenix.nightly) expire 1 line
02-05 21:42:58.682  1456  3925 W ActivityManager: Force removing ActivityRecord{9e20391 u0 org.mozilla.fenix.nightly/org.mozilla.fenix.HomeActivity t22986}: app died, no saved state
02-05 21:42:58.690  1456  3925 I ActivityManager: Killing 15834:org.mozilla.fenix.nightly:socket/u0a825 (adj 0): stop org.mozilla.fenix.nightly
02-05 21:42:58.695  1456  3925 I ActivityManager: Killing 15805:org.mozilla.fenix.nightly:tab/u0a825 (adj 0): stop org.mozilla.fenix.nightly
02-05 21:42:58.696  1456  1605 W zygote  : kill(-15717, 9) failed: No such process
02-05 21:42:58.709  1456  1605 W zygote  : kill(-15717, 9) failed: No such process
02-05 21:42:58.714  2398  2398 D CarrierSvcBindHelper: No carrier app for: 0
02-05 21:42:58.715  2398  2398 D CarrierSvcBindHelper: No carrier app for: 1
02-05 21:42:58.724  1456  1605 W zygote  : kill(-15717, 9) failed: No such process
02-05 21:42:58.754  1456  1605 I chatty  : uid=1000(system) ActivityManager identical 2 lines
02-05 21:42:58.764  1456  1673 W ActivityManager: setHasOverlayUi called on unknown pid: 15717
02-05 21:42:58.769  1456  1605 W zygote  : kill(-15717, 9) failed: No such process
02-05 21:42:58.769  1456  1605 I zygote  : Successfully killed process cgroup uid 10825 pid 15717 in 90ms
02-05 21:42:58.770  1456  1605 W zygote  : kill(-15834, 9) failed: No such process
02-05 21:42:58.770  1456  1605 I zygote  : Successfully killed process cgroup uid 10825 pid 15834 in 0ms
02-05 21:42:58.770  1456  1605 W zygote  : kill(-15805, 9) failed: No such process
02-05 21:42:58.770  1456  1605 I zygote  : Successfully killed process cgroup uid 10825 pid 15805 in 0ms
02-05 21:42:58.803  1456  2921 I ActivityManager: START u0 {act=android.intent.action.MAIN cat=[android.intent.category.LAUNCHER] flg=0x10000000 cmp=org.mozilla.fenix.nightly/org.mozilla.fenix.HomeActivity} from uid 2000
02-05 21:42:58.804   794   839 E ANDR-PERF-RESOURCEQS: Failed to apply optimization [4, 0]
02-05 21:42:58.825  1456  2402 I ActivityManager: Start proc 15965:org.mozilla.fenix.nightly/u0a825 for activity org.mozilla.fenix.nightly/org.mozilla.fenix.HomeActivity
02-05 21:42:58.911 20023 20165 I MicroDetectionState: Should stop hotword detection immediately - false
02-05 21:42:58.911 20023 20165 I MicroDetector: Keeping mic open: false
02-05 21:42:58.911 20023 20105 E DeviceStateChecker: DeviceStateChecker cancelled
02-05 21:42:58.911 20023 20165 I RecognitionAudioControl: #shutdownAudio [requestId: -6674079504351356493, keepAudioOpen: false, forced: true]
02-05 21:42:58.911 20023 20165 I RecognitionAudioControl: #internalShutdownAudio [requestId: -6674079504351356493]
02-05 21:42:58.911 20023 20165 I RecognitionAudioControl: #internalShutdownAudio [keepAudioOpen: false, forced: true]
02-05 21:42:58.911 20023 20165 I RecognitionAudioControl: #actualShutdownAudio
02-05 21:42:58.911 20023 20165 I AudioController: #shutdown [requestId=-6674079504351356493]
02-05 21:42:58.912 20023 20096 I AudioController: internalShutdown
02-05 21:42:58.912 20023 20097 I MicroRecognitionRunner: Stopping hotword detection.
02-05 21:42:58.959   788   788 D audio_hw_primary: disable_audio_route: usecase(9) reset and update mixer path: audio-record
02-05 21:42:58.960   788   788 D audio_hw_primary: disable_snd_device: snd_device(120: voice-rec-mic)
02-05 21:42:58.962  1012 11031 D APM_AudioPolicyManager: stopInput() input 121542, session 121617
02-05 21:42:58.963   788  1479 D audio_hw_primary: in_set_parameters: enter: kvpairs=routing=0
02-05 21:42:58.965 20023 20096 I MicrophoneInputStream: mic_close  SR : 16000 CC : 16 SO : 1999
02-05 21:42:58.965 20023 20096 E AudioSource: Stop listening is called on already closed AudioSource
02-05 21:42:58.967 20023 11076 I MicroRecognitionRunner: Detection finished
02-05 21:42:59.006 15965 15965 I chatty  : uid=10825(org.mozilla.fenix.nightly) expire 45 lines
02-05 21:42:59.068 15965 15984 I chatty  : uid=10825(org.mozilla.fenix.nightly) expire 4 lines
02-05 21:42:59.117 15965 15993 I chatty  : uid=10825(org.mozilla.fenix.nightly) expire 8 lines
02-05 21:42:59.151 15965 15997 I chatty  : uid=10825(org.mozilla.fenix.nightly) expire 11 lines
02-05 21:42:59.212 15965 16003 I chatty  : uid=10825(org.mozilla.fenix.nightly) expire 30 lines
02-05 21:42:59.257   808   898 I SFPerfTracer:      triggers: (rate: 0:0) (0 sw vsyncs) (0 skipped) (17:3473538 vsyncs) (19:6184215)
02-05 21:42:59.278 15965 15970 I chatty  : uid=10825(org.mozilla.fenix.nightly) expire 8 lines
02-05 21:42:59.334 15965 16008 I chatty  : uid=10825(org.mozilla.fenix.nightly) expire 2 lines
02-05 21:42:59.353 15965 16016 I chatty  : uid=10825(org.mozilla.fenix.nightly) expire 6 lines
02-05 21:42:59.358 15965 16018 I chatty  : uid=10825(org.mozilla.fenix.nightly) expire 10 lines
02-05 21:42:59.564 14584 14597 D AuthStateProvider: Verifying caller's signature:77eac4ceed36afefba76179931dd4cc195ab0cd54baf355d215e7bbdd28e402a
02-05 21:42:59.564 14584 14597 D AuthStateProvider: Success!
02-05 21:42:59.566 15965 15965 E ActivityThread: Failed to find provider info for org.mozilla.fennec_aurora.fxa.auth
02-05 21:42:59.707  1456  2920 I ActivityManager: Start proc 16058:org.mozilla.fenix.nightly:tab/u0a825 for service org.mozilla.fenix.nightly/org.mozilla.gecko.process.GeckoServiceChildProcess$tab
02-05 21:42:59.722 15965 16074 I chatty  : uid=10825(org.mozilla.fenix.nightly) expire 9 lines
02-05 21:42:59.780  1456  2921 I WifiService: getDhcpInfo uid=10825
02-05 21:42:59.843  1456  2921 I ActivityManager: Start proc 16095:org.mozilla.fenix.nightly:socket/u0a825 for service org.mozilla.fenix.nightly/org.mozilla.gecko.process.GeckoServiceChildProcess$socket
02-05 21:42:59.854 16058 16058 I chatty  : uid=10825(org.mozilla.fenix.nightly) expire 2 lines
02-05 21:42:59.856 16058 16108 I chatty  : uid=10825(org.mozilla.fenix.nightly) expire 1 line
02-05 21:42:59.994 16095 16095 I chatty  : uid=10825(org.mozilla.fenix.nightly) expire 2 lines
02-05 21:42:59.995 16095 16113 I chatty  : uid=10825(org.mozilla.fenix.nightly) expire 15 lines
02-05 21:43:00.002  1456  2402 I ActivityManager: Displayed org.mozilla.fenix.nightly/org.mozilla.fenix.HomeActivity: +1s191ms
02-05 21:43:00.002  1456  2402 I ActivityManager: Fully drawn org.mozilla.fenix.nightly/org.mozilla.fenix.HomeActivity: +1s191ms
02-05 21:43:00.064  1456  1673 I LaunchCheckinHandler: Displayed org.mozilla.fenix.nightly/org.mozilla.fenix.HomeActivity,cp,ca,1253
02-05 21:43:00.070 14584 14597 D AuthStateProvider: Verifying caller's signature:77eac4ceed36afefba76179931dd4cc195ab0cd54baf355d215e7bbdd28e402a
02-05 21:43:00.070 14584 14597 D AuthStateProvider: Success!
02-05 21:43:00.073 15965 15965 E ActivityThread: Failed to find provider info for org.mozilla.fennec_aurora.fxa.auth
02-05 21:43:00.139 15015 15015 I Finsky  : [2] ppb.onTrimMemory(1): Memory trim requested to level 80
02-05 21:43:00.150 20023 20023 I MemoryTrimmer: Trimming objects from memory, since app is in the background.
02-05 21:43:00.162 20023 10926 I PBSessionCacheImpl: Deleted sessionId[88063665787504508] from persistence.
02-05 21:43:00.165 20023 20023 I MemoryTrimmer: Trimming objects from memory, since app is in the background.
02-05 21:43:00.168  1456  2920 I WifiService: getWifiEnabledState uid=10073
02-05 21:43:00.172 20023 20165 W SearchServiceCore: Abort, client detached.
02-05 21:43:00.446   808   808 I SFPerfTracer:      triggers: (rate: 50:549304) (compose: 0:6) (post: 0:14) (render: 0:11) (7:4646321 frames) (8:6135368)
02-05 21:43:00.446   808   808 D SFPerfTracer:        layers: (3:12) (NavigationBar#0 (0xb07df000): 0:502964) (StatusBar#0 (0xb07e3000): 0:1445606) (com.android.systemui.ImageWallpaper#0 (0xb07e7000): 0:43543)* (Sprite#0 (0xb0733000): 0:317)* (DimLayerController/Stack=0#0 (0xb075a000): 0:3589)* (Sprite#1 (0xb077c000): 0:195)* (Splash Screen org.mozilla.fenix.nightly#0 (0xb0384000): 0:30)- (org.mozilla.fenix.nightly/org.mozilla.fenix.HomeActivity#0 (0xb039b000): 0:46)- (com.android.launcher3/com.android.launcher3.CustomizationPanelLauncher#0 (0xb0763000): 0:38)- (com.android.launcher3/com.android.launcher3.CustomizationPanelLauncher#1 (0xb0771000): 0:9)- (Splash Screen org.mozilla.fenix.nightly#0 (0xb0384000): 0:30)- (org.mozilla.fenix.nightly/org.mozilla.fenix.HomeActivity#0 (0xb039b000): 7:20) 
02-05 21:43:01.089 15965 16164 I chatty  : uid=10825(org.mozilla.fenix.nightly) expire 2 lines
02-05 21:43:04.320  2398  2398 D ImsResolver: maybeAddedImsService, packageName: org.mozilla.fenix.nightly
02-05 21:43:04.321  1456  1600 W ResourceType: No known package when getting value for resource number 0x7f0801a0
02-05 21:43:04.321  1456  1600 W ResourceType: No known package when getting value for resource number 0x7f120106
02-05 21:43:04.321  1456  1600 W ResourceType: No known package when getting value for resource number 0x7f120106
02-05 21:43:04.322  2360  2360 D MayaFrameworkProxyService: receive intent :Intent { act=android.intent.action.PACKAGE_CHANGED dat=package:org.mozilla.fenix.nightly flg=0x45000010 (has extras) }
02-05 21:43:04.323  1456  1600 W ResourceType: No known package when getting value for resource number 0x7f08019e
02-05 21:43:04.323  1456  1600 W ResourceType: No known package when getting value for resource number 0x7f120105
02-05 21:43:04.323  1456  1600 W ResourceType: No known package when getting value for resource number 0x7f120105
02-05 21:43:04.344  1456  1942 I InputReader: Reconfiguring input devices.  changes=0x00000010
02-05 21:43:04.347  1456  1456 W ResourceType: ResTable_typeSpec entry count inconsistent: given 669, previously 675
02-05 21:43:04.347  1456  1456 W ResourceType: ResTable_typeSpec entry count inconsistent: given 394, previously 1461
02-05 21:43:04.348  1456  1456 W ResourceType: ResTable_typeSpec entry count inconsistent: given 217, previously 1293
02-05 21:43:04.417  1456  1600 W ResourceType: ResTable_typeSpec entry count inconsistent: given 29, previously 34
02-05 21:43:04.418  2398  2398 D CarrierSvcBindHelper: No carrier app for: 0
02-05 21:43:04.419  1456  1600 W ResourceType: ResTable_typeSpec entry count inconsistent: given 2172, previously 2169
02-05 21:43:04.419  1456  1600 W ResourceType: ResTable_typeSpec entry count inconsistent: given 272, previously 1536
02-05 21:43:04.419  2398  2398 D CarrierSvcBindHelper: No carrier app for: 1
02-05 21:43:04.425  1456  1456 W ResourceType: Found multiple library tables, ignoring...
02-05 21:43:04.425  1456  1600 W ResourceType: Found multiple library tables, ignoring...
02-05 21:43:04.428  2398  2398 E VvmPkgInstalledRcvr: cannot create TelephonyManager from ComponentInfo{com.android.phone/com.android.services.telephony.TelephonyConnectionService}, [****], UserHandle{0}
02-05 21:43:04.462 16188 16188 D AndroidRuntime: >>>>>> START com.android.internal.os.RuntimeInit uid 2000 <<<<<<
02-05 21:43:04.464  1456  1456 I TelecomService: DefaultDialerCache: Refreshing default dialer for user 0: now com.android.dialer: DDC.oR@DcU
02-05 21:43:04.475 16188 16188 W app_process: Could not reserve sentinel fault page
02-05 21:43:04.510 13975 14049 I Icing   : IndexChimeraService.getServiceInterface callingPackage=com.google.android.gms componentName=AppsCorpus serviceId=36
02-05 21:43:04.523 13975 13820 W Icing   : No valid account for uploading user actions
02-05 21:43:04.593 13975 13820 I Icing   : Usage reports ok 1, Failed Usage reports 0, indexed 0, rejected 0
02-05 21:43:04.595 13975 13820 I Icing   : Indexing com.google.android.gms-internal.3p:MobileApplication from com.google.android.gms using seqno 2511
02-05 21:43:04.646 16188 16188 I app_process: The ClassLoaderContext is a special shared library.
02-05 21:43:04.716 16188 16188 D AndroidRuntime: Calling main entry com.android.commands.input.Input
02-05 21:43:04.721 16188 16188 I Input   : injectKeyEvent: KeyEvent { action=ACTION_DOWN, keyCode=KEYCODE_HOME, scanCode=0, metaState=0, flags=0x0, repeatCount=0, eventTime=13377516224, downTime=13377516224, deviceId=-1, source=0x101 }
02-05 21:43:04.730 16188 16188 I Input   : injectKeyEvent: KeyEvent { action=ACTION_UP, keyCode=KEYCODE_HOME, scanCode=0, metaState=0, flags=0x0, repeatCount=0, eventTime=13377516224, downTime=13377516224, deviceId=-1, source=0x101 }
02-05 21:43:04.737  1456  1941 I ActivityManager: START u0 {act=android.intent.action.MAIN cat=[android.intent.category.HOME] flg=0x10200000 cmp=com.android.launcher3/.CustomizationPanelLauncher (has extras)} from uid 1000
02-05 21:43:04.737   794   839 E ANDR-PERF-RESOURCEQS: Failed to apply optimization [4, 0]
02-05 21:43:04.748  1456  1941 I ActivityManager: moveHomeStack, setupComplete:true
02-05 21:43:04.752 16188 16188 D AndroidRuntime: Shutting down VM
02-05 21:43:04.761 20023 20118 I Adreno  : QUALCOMM build                   : bb5b86c, I77d3059488
02-05 21:43:04.761 20023 20118 I Adreno  : Build Date                       : 06/07/18
02-05 21:43:04.761 20023 20118 I Adreno  : OpenGL ES Shader Compiler Version: EV031.22.00.01_06
02-05 21:43:04.761 20023 20118 I Adreno  : Local Branch                     : 
02-05 21:43:04.761 20023 20118 I Adreno  : Remote Branch                    : refs/tags/AU_LINUX_ANDROID_LA.UM.6.5.R1.08.01.00.312.086
02-05 21:43:04.761 20023 20118 I Adreno  : Remote Branch                    : NONE
02-05 21:43:04.761 20023 20118 I Adreno  : Reconstruct Branch               : NOTHING
02-05 21:43:04.763 20023 20118 D vndksupport: Loading /vendor/lib/hw/gralloc.msm8937.so from current namespace instead of sphal namespace.
02-05 21:43:04.767 20023 20118 I Adreno  : PFP: 0x005ff087, ME: 0x005ff063
02-05 21:43:04.771 20023 20118 I zygote  : android::hardware::configstore::V1_0::ISurfaceFlingerConfigs::hasWideColorDisplay retrieved: 0
02-05 21:43:04.772 20023 20118 I OpenGLRenderer: Initialized EGL, version 1.4
02-05 21:43:04.773 20023 20118 D OpenGLRenderer: Swap behavior 2
02-05 21:43:04.773  2748  2748 D Launcher.Utilities: Wakeup weather: Intent { act=com.motorola.launcher3.action.WAKEUP_WEATHER cmp=com.motorola.timeweatherwidget/com.motorola.commandcenter.weather.WakeUpService }
02-05 21:43:04.789  1456  1456 I NotificationService: Cannot find enqueued record for key: 0|com.motorola.timeweatherwidget|1|null|10116
02-05 21:43:04.797   808   808 D SurfaceFlinger: duplicate layer name: changing com.android.launcher3/com.android.launcher3.CustomizationPanelLauncher to com.android.launcher3/com.android.launcher3.CustomizationPanelLauncher#1
02-05 21:43:04.808 20023 20093 W ThreadPoolDumper: Queue length for executor EventBus is now 11. Perhaps some tasks are too long, or the pool is too small.
02-05 21:43:04.809  1456  4679 I WifiService: getWifiEnabledState uid=10073
02-05 21:43:04.818  1456  2920 I WifiService: getWifiEnabledState uid=10073
02-05 21:43:04.835 15015 15015 I Finsky  : [2] ppb.onTrimMemory(1): Memory trim requested to level 80
02-05 21:43:04.846 20023 20165 I MicroDetectionState: Should stop hotword detection immediately - false
02-05 21:43:04.849 20023 20165 I MicroDetectionWorker: #startMicroDetector [speakerMode: 0]
02-05 21:43:04.851 20023 20165 I AudioController: Created new AudioSource
02-05 21:43:04.878  1456  1673 I LaunchCheckinHandler: Displayed com.android.launcher3/.CustomizationPanelLauncher,wp,wa,141
02-05 21:43:04.879 20023 20097 I MicroDataManager: isInitializedWithLatestParams-true
02-05 21:43:04.880 20023 20097 I MicroDataManager: isInitializing-false locale not changed-true model not changed-true
02-05 21:43:04.880 20023 20097 I MicroDataManager: Already initialized, obtaining the hotword data immediately.
02-05 21:43:04.884 20023 20105 I MicroRecognitionRunner: Starting detection.
02-05 21:43:04.885 20023 20105 I InputStreamUtils: Using micInputStream
02-05 21:43:04.885 20023 10926 I MicrophoneInputStream: mic_starting  SR : 16000 CC : 16 SO : 1999
02-05 21:43:04.888   788  1479 V msm8974_platform: platform_check_input_mask: enter check_input_mask source 6 mask 10
02-05 21:43:04.891  1012 16212 I AudioFlinger: AudioFlinger's thread 0xb2483680 tid=16212 ready to run
02-05 21:43:04.897   788  1479 D audio_hw_primary: in_set_parameters: enter: kvpairs=input_source=6;routing=-2147483644
02-05 21:43:04.898  1012 19499 D APM_AudioPolicyManager: AudioPolicyManager::startInput() input 121550, session 121625, source = 1999
02-05 21:43:04.898 20023 10926 I MicrophoneInputStream: mic_started  SR : 16000 CC : 16 SO : 1999
02-05 21:43:04.899   788 16213 V msm8974_platform: platform_update_usecase_from_source: input source :6
02-05 21:43:04.899   788 16213 V msm8974_platform: platform_check_input_mask: enter check_input_mask source 6 mask 10
02-05 21:43:04.899   788 16213 V msm8974_platform: platform_get_input_snd_device: enter: out_device(0) in_device(0x4) channel_count (1) channel_mask (0x10)
02-05 21:43:04.899   788 16213 V msm8974_platform: platform_get_input_snd_device: exit: in_snd_device(voice-rec-mic)
02-05 21:43:04.900   788 16213 V msm8974_platform: platform_get_backend_index:napb: backend port - 5 device - 120 
02-05 21:43:04.900   788 16213 V msm8974_platform: platform_check_and_set_capture_backend_cfg:txbecf: afe: bitwidth 0, samplerate 0, channel 1, backend_idx 5 usecase = 9 device (voice-rec-mic)
02-05 21:43:04.900   788 16213 V msm8974_platform: platform_check_capture_backend_cfg:txbecf: afe: Codec selected backend: 5 current bit width: 0 and sample rate: 0, channels 1
02-05 21:43:04.900   788 16213 V msm8974_platform: platform_check_capture_backend_cfg:txbecf: afe: Codec selected backend: 5 updated bit width: 0 and sample rate: 0
02-05 21:43:04.900   788 16213 I msm8974_platform: platform_check_capture_backend_cfg:txbecf: afe: Codec backend needs to be updated. new bit width: 0 new sample rate: 0 new channel: 1
02-05 21:43:04.900   788 16213 V msm8974_platform: platform_get_backend_index:napb: backend port - 5 device - 120 
02-05 21:43:04.900   788 16213 V msm8974_platform: platform_set_backend_cfg:becf: afe: bitwidth 0, samplerate 0 channels 1, backend_idx 5 device (voice-rec-mic)
02-05 21:43:04.900   788 16213 E msm8974_platform: platform_set_backend_cfg:becf: afe: Could not get ctl for mixer command - SLIM_0_TX Format
02-05 21:43:04.900   788 16213 V msm8974_platform: platform_send_audio_calibration: sending audio calibration for snd_device(120) acdb_id(62)
02-05 21:43:04.900   788 16213 D ACDB-LOADER: ACDB -> send_audio_cal, acdb_id = 62, path = 1, app id = 0x11130, sample rate = 48000
02-05 21:43:04.900   788 16213 D ACDB-LOADER: ACDB -> send_asm_topology
02-05 21:43:04.900   788 16213 D ACDB-LOADER: ACDB -> ACDB_CMD_GET_AUDPROC_STREAM_TOPOLOGY_ID
02-05 21:43:04.900   788 16213 D ACDB-LOADER: ACDB -> send_adm_topology
02-05 21:43:04.900   788 16213 D ACDB-LOADER: ACDB -> ACDB_CMD_GET_AUDPROC_COMMON_TOPOLOGY_ID
02-05 21:43:04.900   788 16213 D ACDB-LOADER: ACDB -> send_audtable
02-05 21:43:04.900   788 16213 D ACDB-LOADER: ACDB -> ACDB_CMD_GET_AUDPROC_COMMON_TABLE_SIZE
02-05 21:43:04.900   788 16213 D ACDB-LOADER: ACDB -> ACDB_CMD_GET_AUDPROC_COMMON_TABLE
02-05 21:43:04.900   788 16213 D ACDB-LOADER: ACDB -> AUDIO_SET_AUDPROC_CAL
02-05 21:43:04.900   788 16213 D ACDB-LOADER: ACDB -> send_audvoltable
02-05 21:43:04.900   788 16213 D ACDB-LOADER: ACDB -> ACDB_CMD_GET_AUDPROC_VOL_STEP_TABLE_SIZE
02-05 21:43:04.900   788 16213 D ACDB-LOADER: ACDB -> ACDB_CMD_GET_AUDPROC_GAIN_DEP_STEP_TABLE, vol index 0
02-05 21:43:04.900   788 16213 D         : Failed to fetch the lookup information of the device 0000003E 
02-05 21:43:04.900   788 16213 D ACDB-LOADER: ACDB -> AUDIO_SET_VOL_CAL cal type = 12
02-05 21:43:04.900   788 16213 D ACDB-LOADER: ACDB -> ACDB_CMD_GET_AUDPROC_STREAM_TABLE_SIZE
02-05 21:43:04.900   788 16213 D ACDB-LOADER: ACDB -> send_audstrmtable
02-05 21:43:04.900   788 16213 D ACDB-LOADER: ACDB -> ACDB_CMD_GET_AUDPROC_STREAM_TABLE_V2
02-05 21:43:04.901   788 16213 D ACDB-LOADER: ACDB -> audstrm_cal->cal_type.cal_data.cal_size = 456
02-05 21:43:04.901   788 16213 D ACDB-LOADER: ACDB -> send_afe_topology
02-05 21:43:04.901   788 16213 D ACDB-LOADER: ACDB -> ACDB_CMD_GET_AFE_TOPOLOGY_ID
02-05 21:43:04.901   788 16213 D ACDB-LOADER: ACDB -> GET_AFE_TOPOLOGY_ID for adcd_id 62, Topology Id 112fb
02-05 21:43:04.901   788 16213 D ACDB-LOADER: ACDB -> send_afe_cal
02-05 21:43:04.901   788 16213 D ACDB-LOADER: ACDB -> ACDB_CMD_GET_AFE_COMMON_TABLE_SIZE
02-05 21:43:04.901   788 16213 D         : Failed to fetch the lookup information of the device 0000003E 
02-05 21:43:04.901   788 16213 E ACDB-LOADER: Error: ACDB_CMD_GET_AFE_COMMON_TABLE_SIZE Returned = -19
02-05 21:43:04.901   788 16213 D ACDB-LOADER: ACDB -> ACDB_CMD_GET_AFE_COMMON_TABLE
02-05 21:43:04.901   788 16213 D         : Failed to fetch the lookup information of the device 0000003E 
02-05 21:43:04.901   788 16213 D ACDB-LOADER: ACDB -> AUDIO_SET_AFE_CAL
02-05 21:43:04.901   788 16213 D ACDB-LOADER: ACDB -> send_hw_delay : acdb_id = 62 path = 1
02-05 21:43:04.901   788 16213 D ACDB-LOADER: ACDB -> ACDB_AVSYNC_INFO: ACDB_CMD_GET_DEVICE_PROPERTY
02-05 21:43:04.901   788 16213 D audio_hw_primary: enable_snd_device: snd_device(120: voice-rec-mic)
02-05 21:43:04.901   788 16213 D audio_route: Apply path: voice-rec-mic
02-05 21:43:04.903   788 16213 V msm8974_platform: platform_get_snd_device_backend_index: enter with device 120
02-05 21:43:04.903   788 16213 E msm8974_platform: platform_get_snd_device_backend_index: BE DAI Name Table is not present
02-05 21:43:04.903   788 16213 V msm8974_platform: platform_get_backend_index:napb: backend port - 5 device - 120 
02-05 21:43:04.903   788 16213 I audio_hw_utils: Set Audio Stream Capture 0 App Type Cfg: app_type 69936, acdb_dev_id 62, sample_rate 48000, snd_device_be_idx -14
02-05 21:43:04.903   788 16213 D audio_hw_primary: enable_audio_route: usecase(9) apply and update mixer path: audio-record
02-05 21:43:04.903   788 16213 D audio_route: Apply path: audio-record
02-05 21:43:04.974 20023 20165 I MicroDetectionWorker: onReady
02-05 21:43:05.277  1456  7796 I OpenGLRenderer: Initialized EGL, version 1.4
02-05 21:43:05.277  1456  7796 D OpenGLRenderer: Swap behavior 2
02-05 21:43:05.326  2748  2917 W OpenGLRenderer: Incorrectly called buildLayer on View: ShortcutAndWidgetContainer, destroying layer...
02-05 21:43:05.445 15965 16031 I chatty  : uid=10825(org.mozilla.fenix.nightly) expire 1 line
02-05 21:43:05.492  1456  3927 D ConnectivityService: requestNetwork for uid/pid:10825/15965 NetworkRequest [ TRACK_DEFAULT id=24932, [ Capabilities: INTERNET&NOT_RESTRICTED&TRUSTED&NOT_VPN] ]
02-05 21:43:05.493  1456  2099 D Ethernet: got request NetworkRequest [ TRACK_DEFAULT id=24932, [ Capabilities: INTERNET&NOT_RESTRICTED&TRUSTED&NOT_VPN] ] with score 60
02-05 21:43:05.493  1456  2054 D WIFI_UT : got request NetworkRequest [ TRACK_DEFAULT id=24932, [ Capabilities: INTERNET&NOT_RESTRICTED&TRUSTED&NOT_VPN] ] with score 60
02-05 21:43:05.493  1456  2054 D WIFI    : got request NetworkRequest [ TRACK_DEFAULT id=24932, [ Capabilities: INTERNET&NOT_RESTRICTED&TRUSTED&NOT_VPN] ] with score 60
02-05 21:43:05.494  2398  2398 D PhoneSwitcherNetworkRequstListener: got request NetworkRequest [ TRACK_DEFAULT id=24932, [ Capabilities: INTERNET&NOT_RESTRICTED&TRUSTED&NOT_VPN] ] with score 60
02-05 21:43:05.503 15965 16215 I chatty  : uid=10825(org.mozilla.fenix.nightly) expire 7 lines
02-05 21:43:05.595 13975 13820 I Icing   : Indexing com.google.android.gms-apps from com.google.android.gms
02-05 21:43:05.648 13975 13820 I Icing   : Indexing done com.google.android.gms-apps
02-05 21:43:09.900  1456  4679 I ActivityManager: Force stopping org.mozilla.fenix.nightly appid=10825 user=0: from pid 16220
02-05 21:43:09.901  1456  4679 I ActivityManager: Killing 15965:org.mozilla.fenix.nightly/u0a825 (adj 100): stop org.mozilla.fenix.nightly
02-05 21:43:09.903  1456  1605 W zygote  : kill(-15965, 9) failed: No such process
02-05 21:43:09.905  1456  4679 W ActivityManager: Scheduling restart of crashed service org.mozilla.fenix.nightly/androidx.work.impl.background.systemjob.SystemJobService in 1000ms
02-05 21:43:09.905  1456  4679 W ActivityManager: Force removing ActivityRecord{81a4ae4 u0 org.mozilla.fenix.nightly/org.mozilla.fenix.HomeActivity t22987}: app died, no saved state
02-05 21:43:09.914  1456  4679 I ActivityManager: Killing 16095:org.mozilla.fenix.nightly:socket/u0a825 (adj 0): stop org.mozilla.fenix.nightly
02-05 21:43:09.917  1456  4679 I ActivityManager: Killing 16058:org.mozilla.fenix.nightly:tab/u0a825 (adj 0): stop org.mozilla.fenix.nightly
02-05 21:43:09.918  1456  1605 W zygote  : kill(-15965, 9) failed: No such process
02-05 21:43:09.920  1456  4679 I ActivityManager:   Force stopping service ServiceRecord{8b2efdf u0 org.mozilla.fenix.nightly/androidx.work.impl.background.systemjob.SystemJobService}
02-05 21:43:09.940  1456  1605 W zygote  : kill(-15965, 9) failed: No such process
02-05 21:43:09.945  2398  2398 D CarrierSvcBindHelper: No carrier app for: 0
02-05 21:43:09.946  2398  2398 D CarrierSvcBindHelper: No carrier app for: 1
02-05 21:43:09.955  1456  1605 W zygote  : kill(-15965, 9) failed: No such process
02-05 21:43:09.961 15015 15015 I Finsky  : [2] JobSchedulerEngine$PhoneskyJobSchedulerJobService.onStartJob(5): SCH: onJobSchedulerWakeup with jobId 9009
02-05 21:43:09.964 15015 15015 I Finsky  : [2] tnz.a(24): Scheduling fallback job with id: 9034, and delay: 43200000 ms
02-05 21:43:09.968  1456  1605 W zygote  : kill(-15965, 9) failed: No such process
02-05 21:43:09.968 15015 15015 I Finsky  : [2] tnz.a(5): Scheduling fallback in 64799998 (absolute: 13549883733)
02-05 21:43:09.981  1456  1605 W zygote  : kill(-15965, 9) failed: No such process
02-05 21:43:09.995  1456  1605 W zygote  : kill(-15965, 9) failed: No such process
02-05 21:43:09.997  1456  2921 D ConnectivityService: ConnectivityService NetworkRequestInfo binderDied(NetworkRequest [ TRACK_DEFAULT id=24932, [ Capabilities: INTERNET&NOT_RESTRICTED&TRUSTED&NOT_VPN] ], android.os.BinderProxy@7971ae2)
02-05 21:43:09.997  1456  1673 W ActivityManager: setHasOverlayUi called on unknown pid: 15965
02-05 21:43:09.997  1456  2067 D ConnectivityService: releasing NetworkRequest [ TRACK_DEFAULT id=24932, [ Capabilities: INTERNET&NOT_RESTRICTED&TRUSTED&NOT_VPN] ] (release request)
02-05 21:43:10.006 15015 15015 I Finsky  : [2] toi.handleMessage(10): SCH: DeviceState: DeviceState{currentTime=1580956989999, isCharging=true, isIdle=false, netAny=true, netNotRoaming=true, netUnmetered=true, batteryPercent=100.0}
02-05 21:43:10.008  1456  1605 W zygote  : kill(-15965, 9) failed: No such process
02-05 21:43:10.009  1456  1605 I zygote  : Successfully killed process cgroup uid 10825 pid 15965 in 105ms
02-05 21:43:10.009  1456  1605 W zygote  : kill(-16095, 9) failed: No such process
02-05 21:43:10.009  1456  1605 I zygote  : Successfully killed process cgroup uid 10825 pid 16095 in 0ms
02-05 21:43:10.009  1456  1605 W zygote  : kill(-16058, 9) failed: No such process
02-05 21:43:10.009  1456  1605 I zygote  : Successfully killed process cgroup uid 10825 pid 16058 in 0ms
02-05 21:43:10.019 15015 16225 I Finsky  : [244784] tqw.a(7): SCH: Jobs in database: 1-1337 3-1658 3-1659 24-77777777 26-1414141414 29-29 
02-05 21:43:10.033  1456  2401 I ActivityManager: START u0 {act=android.intent.action.MAIN cat=[android.intent.category.LAUNCHER] flg=0x10000000 cmp=org.mozilla.fenix.nightly/org.mozilla.fenix.HomeActivity} from uid 2000
02-05 21:43:10.033   794   839 E ANDR-PERF-RESOURCEQS: Failed to apply optimization [4, 0]
02-05 21:43:10.043 15015 15015 I Finsky  : [2] toj.a(20): SCH: Running job: 29-29
02-05 21:43:10.046 15015 15015 I Finsky  : [2] toi.handleMessage(63): SCH: RunningQueue size: 1, PendingQueue size: 0
02-05 21:43:10.047 15015 15015 I Finsky  : [2] toi.handleMessage(66): SCH: Running queue: 29-29 
02-05 21:43:10.047 15015 16228 I Finsky  : [244785] zhm.a(1): ProcessRecoveryLogsUtil: No files in recovery directory
02-05 21:43:10.048 15015 16228 I Finsky  : [244785] tpt.a(13): SCH: jobFinished: 29-29. TimeElapsed: 5ms.
02-05 21:43:10.050 15015 15015 I Finsky  : [2] toj.a(35): SCH: Job 29-29 finished. Not rescheduling.
02-05 21:43:10.052 15015 15015 I Finsky  : [2] toi.handleMessage(63): SCH: RunningQueue size: 0, PendingQueue size: 0
02-05 21:43:10.053 15015 15015 I Finsky  : [2] toi.handleMessage(29): Executor finished
02-05 21:43:10.059  1456  4829 I ActivityManager: Start proc 16229:org.mozilla.fenix.nightly/u0a825 for activity org.mozilla.fenix.nightly/org.mozilla.fenix.HomeActivity
02-05 21:43:10.109 15015 15015 I Finsky  : [2] tqw.a(7): SCH: Jobs in database: 1-1337 3-1658 3-1659 24-77777777 26-1414141414 
02-05 21:43:10.126 15015 15015 I Finsky  : [2] tmt.a(58): SCH: ConstraintMapping: 24-77777777,  -> L: 0ms, D: 53308651ms, C: false, I: true, N: 0
02-05 21:43:10.127 15015 15015 I Finsky  : [2] tmt.a(58): SCH: ConstraintMapping: 1-1337,  -> L: 13668229ms, D: 56868229ms, C: false, I: false, N: 1
02-05 21:43:10.127 15015 15015 I Finsky  : [2] tmt.a(58): SCH: ConstraintMapping: 3-1658,  -> L: 0ms, D: 86357356ms, C: false, I: true, N: 2
02-05 21:43:10.128 15015 15015 I Finsky  : [2] tmt.a(58): SCH: ConstraintMapping: 3-1659,  -> L: 0ms, D: 86357376ms, C: true, I: true, N: 2
02-05 21:43:10.129 15015 15015 I Finsky  : [2] tmt.a(58): SCH: ConstraintMapping: 26-1414141414,  -> L: 42713963ms, D: 43613963ms, C: false, I: false, N: 0
02-05 21:43:10.136 15015 15015 I Finsky  : [2] tpg.a(37): Cancelling existing jobscheduler jobs: 9001 9002 9003 9006 
02-05 21:43:10.137 15015 15015 I Finsky  : [2] tpg.a(14): Throttling wakeup for job 9000 (expected to run in 0 ms) due to recent wakeup
02-05 21:43:10.138 15015 15015 I Finsky  : [2] tpg.a(30): Scheduling job Id: 9000, L: 30000, D: 53308651, C: false, I: true, N: 0
02-05 21:43:10.140 15015 15015 I Finsky  : [2] tpg.a(30): Scheduling job Id: 9004, L: 13668229, D: 56868229, C: false, I: false, N: 1
02-05 21:43:10.142 15015 15015 I Finsky  : [2] tpg.a(14): Throttling wakeup for job 9005 (expected to run in 0 ms) due to recent wakeup
02-05 21:43:10.142 20023 20165 I MicroDetectionState: Should stop hotword detection immediately - false
02-05 21:43:10.142 20023 20165 I MicroDetector: Keeping mic open: false
02-05 21:43:10.143 20023 20165 I RecognitionAudioControl: #shutdownAudio [requestId: -3072478443448783353, keepAudioOpen: false, forced: true]
02-05 21:43:10.143 20023 11076 E DeviceStateChecker: DeviceStateChecker cancelled
02-05 21:43:10.143 15015 15015 I Finsky  : [2] tpg.a(30): Scheduling job Id: 9005, L: 30000, D: 86357356, C: false, I: true, N: 2
02-05 21:43:10.143 20023 20165 I RecognitionAudioControl: #internalShutdownAudio [requestId: -3072478443448783353]
02-05 21:43:10.143 20023 20165 I RecognitionAudioControl: #internalShutdownAudio [keepAudioOpen: false, forced: true]
02-05 21:43:10.143 20023 20165 I RecognitionAudioControl: #actualShutdownAudio
02-05 21:43:10.143 20023 20165 I AudioController: #shutdown [requestId=-3072478443448783353]
02-05 21:43:10.143 20023 20115 I AudioController: internalShutdown
02-05 21:43:10.143 20023 20096 I MicroRecognitionRunner: Stopping hotword detection.
02-05 21:43:10.145 15015 15015 I Finsky  : [2] tpg.a(14): Throttling wakeup for job 9007 (expected to run in 0 ms) due to recent wakeup
02-05 21:43:10.146 15015 15015 I Finsky  : [2] tpg.a(30): Scheduling job Id: 9007, L: 30000, D: 86357376, C: true, I: true, N: 2
02-05 21:43:10.147 15015 15015 I Finsky  : [2] tpg.a(30): Scheduling job Id: 9008, L: 42713963, D: 43613963, C: false, I: false, N: 0
02-05 21:43:10.148 15015 15015 I Finsky  : [2] ppb.onTrimMemory(1): Memory trim requested to level 80
02-05 21:43:10.192   788  1479 D audio_hw_primary: disable_audio_route: usecase(9) reset and update mixer path: audio-record
02-05 21:43:10.193   788  1479 D audio_hw_primary: disable_snd_device: snd_device(120: voice-rec-mic)
02-05 21:43:10.195  1012 19499 D APM_AudioPolicyManager: stopInput() input 121550, session 121625
02-05 21:43:10.195   788  1479 D audio_hw_primary: in_set_parameters: enter: kvpairs=routing=0
02-05 21:43:10.198 20023 20115 I MicrophoneInputStream: mic_close  SR : 16000 CC : 16 SO : 1999
02-05 21:43:10.198 20023 20115 E AudioSource: Stop listening is called on already closed AudioSource
02-05 21:43:10.199 20023 20105 I MicroRecognitionRunner: Detection finished
02-05 21:43:10.236 16229 16229 I chatty  : uid=10825(org.mozilla.fenix.nightly) expire 28 lines
02-05 21:43:10.300 16229 16249 I chatty  : uid=10825(org.mozilla.fenix.nightly) expire 4 lines
02-05 21:43:10.352 16229 16257 I chatty  : uid=10825(org.mozilla.fenix.nightly) expire 2 lines
02-05 21:43:10.393 16229 16261 I chatty  : uid=10825(org.mozilla.fenix.nightly) expire 11 lines
02-05 21:43:10.448 16229 16267 I chatty  : uid=10825(org.mozilla.fenix.nightly) expire 19 lines
02-05 21:43:10.512 16229 16235 I chatty  : uid=10825(org.mozilla.fenix.nightly) expire 3 lines
02-05 21:43:10.573 16229 16272 I chatty  : uid=10825(org.mozilla.fenix.nightly) expire 2 lines
02-05 21:43:10.590 16229 16279 I chatty  : uid=10825(org.mozilla.fenix.nightly) expire 6 lines
02-05 21:43:10.598 16229 16281 I chatty  : uid=10825(org.mozilla.fenix.nightly) expire 10 lines
02-05 21:43:10.806 14584 14597 D AuthStateProvider: Verifying caller's signature:77eac4ceed36afefba76179931dd4cc195ab0cd54baf355d215e7bbdd28e402a
02-05 21:43:10.806 14584 14597 D AuthStateProvider: Success!
02-05 21:43:10.808 16229 16229 E ActivityThread: Failed to find provider info for org.mozilla.fennec_aurora.fxa.auth
02-05 21:43:10.931  1456  4829 I ActivityManager: Start proc 16321:org.mozilla.fenix.nightly:tab/u0a825 for service org.mozilla.fenix.nightly/org.mozilla.gecko.process.GeckoServiceChildProcess$tab
02-05 21:43:10.939 16229 16229 I chatty  : uid=10825(org.mozilla.fenix.nightly) expire 17 lines
02-05 21:43:10.967 16229 16336 I chatty  : uid=10825(org.mozilla.fenix.nightly) expire 9 lines
02-05 21:43:10.981 16229 16235 I chatty  : uid=10825(org.mozilla.fenix.nightly) expire 5 lines
02-05 21:43:11.050  1456  4829 I WifiService: getDhcpInfo uid=10825
02-05 21:43:11.064  1456  4829 I ActivityManager: Start proc 16346:org.mozilla.fenix.nightly:socket/u0a825 for service org.mozilla.fenix.nightly/org.mozilla.gecko.process.GeckoServiceChildProcess$socket
02-05 21:43:11.090 16321 16321 I chatty  : uid=10825(org.mozilla.fenix.nightly) expire 2 lines
02-05 21:43:11.091 16321 16361 I chatty  : uid=10825(org.mozilla.fenix.nightly) expire 1 line
02-05 21:43:11.220 16346 16346 I chatty  : uid=10825(org.mozilla.fenix.nightly) expire 2 lines
02-05 21:43:11.221 16346 16365 I chatty  : uid=10825(org.mozilla.fenix.nightly) expire 15 lines
02-05 21:43:11.252  1456  7570 I ActivityManager: Displayed org.mozilla.fenix.nightly/org.mozilla.fenix.HomeActivity: +1s209ms
02-05 21:43:11.252  1456  7570 I ActivityManager: Fully drawn org.mozilla.fenix.nightly/org.mozilla.fenix.HomeActivity: +1s209ms
02-05 21:43:11.306  1456  1673 I LaunchCheckinHandler: Displayed org.mozilla.fenix.nightly/org.mozilla.fenix.HomeActivity,cp,ca,1263
02-05 21:43:11.324 14584 14597 D AuthStateProvider: Verifying caller's signature:77eac4ceed36afefba76179931dd4cc195ab0cd54baf355d215e7bbdd28e402a
02-05 21:43:11.324 14584 14597 D AuthStateProvider: Success!
02-05 21:43:11.327 16229 16229 E ActivityThread: Failed to find provider info for org.mozilla.fennec_aurora.fxa.auth
02-05 21:43:11.404 15015 15015 I Finsky  : [2] ppb.onTrimMemory(1): Memory trim requested to level 80
02-05 21:43:11.417 20023 20023 I MemoryTrimmer: Trimming objects from memory, since app is in the background.
02-05 21:43:11.431  1456  1466 I zygote  : Background concurrent copying GC freed 57285(3MB) AllocSpace objects, 29(1156KB) LOS objects, 40% free, 35MB/59MB, paused 340us total 341.684ms
02-05 21:43:11.431 20023 10926 I PBSessionCacheImpl: Deleted sessionId[88063665787504513] from persistence.
02-05 21:43:11.435 20023 20023 I MemoryTrimmer: Trimming objects from memory, since app is in the background.
02-05 21:43:11.435  1456  4829 I WifiService: getWifiEnabledState uid=10073
02-05 21:43:11.447 20023 20165 W SearchServiceCore: Abort, client detached.
02-05 21:43:11.688   808   898 I SFPerfTracer:      triggers: (rate: 0:0) (0 sw vsyncs) (0 skipped) (17:3473631 vsyncs) (19:6184330)
02-05 21:43:11.715 16229 16267 I chatty  : uid=10825(org.mozilla.fenix.nightly) expire 11 lines
02-05 21:43:11.838  2398  2398 D QtiCarrierConfigHelper: WARNING, no carrier configs on phone Id: 0
02-05 21:43:12.244 17694 17705 I zygote  : Background concurrent copying GC freed 103243(6MB) AllocSpace objects, 44(1784KB) LOS objects, 49% free, 8MB/17MB, paused 115us total 126.035ms
02-05 21:43:12.355 16229 16415 I chatty  : uid=10825(org.mozilla.fenix.nightly) expire 2 lines
02-05 21:43:15.539  2398  2398 D ImsResolver: maybeAddedImsService, packageName: org.mozilla.fenix.nightly
02-05 21:43:15.543  2360  2360 D MayaFrameworkProxyService: receive intent :Intent { act=android.intent.action.PACKAGE_CHANGED dat=package:org.mozilla.fenix.nightly flg=0x45000010 (has extras) }
02-05 21:43:15.549  1456  1600 W ResourceType: No known package when getting value for resource number 0x7f0801a0
02-05 21:43:15.550  1456  1600 W ResourceType: No known package when getting value for resource number 0x7f120106
02-05 21:43:15.550  1456  1600 W ResourceType: No known package when getting value for resource number 0x7f120106
02-05 21:43:15.550  1456  1600 W ResourceType: No known package when getting value for resource number 0x7f08019e
02-05 21:43:15.550  1456  1600 W ResourceType: No known package when getting value for resource number 0x7f120105
02-05 21:43:15.550  1456  1600 W ResourceType: No known package when getting value for resource number 0x7f120105
02-05 21:43:15.564  1456  1456 W ResourceType: ResTable_typeSpec entry count inconsistent: given 669, previously 675
02-05 21:43:15.564  1456  1456 W ResourceType: ResTable_typeSpec entry count inconsistent: given 394, previously 1461
02-05 21:43:15.564  1456  1456 W ResourceType: ResTable_typeSpec entry count inconsistent: given 217, previously 1293
02-05 21:43:15.574  1456  1942 I InputReader: Reconfiguring input devices.  changes=0x00000010
02-05 21:43:15.588  2398  2398 D CarrierSvcBindHelper: No carrier app for: 0
02-05 21:43:15.589  2398  2398 D CarrierSvcBindHelper: No carrier app for: 1
02-05 21:43:15.596  2398  2398 E VvmPkgInstalledRcvr: cannot create TelephonyManager from ComponentInfo{com.android.phone/com.android.services.telephony.TelephonyConnectionService}, [****], UserHandle{0}
02-05 21:43:15.659  1456  1456 W ResourceType: Found multiple library tables, ignoring...
02-05 21:43:15.671  1456  1600 W ResourceType: ResTable_typeSpec entry count inconsistent: given 29, previously 34
02-05 21:43:15.673  1456  1600 W ResourceType: ResTable_typeSpec entry count inconsistent: given 2172, previously 2169
02-05 21:43:15.675  1456  1600 W ResourceType: ResTable_typeSpec entry count inconsistent: given 272, previously 1536
02-05 21:43:15.694 16440 16440 D AndroidRuntime: >>>>>> START com.android.internal.os.RuntimeInit uid 2000 <<<<<<
02-05 21:43:15.695 13975 14049 I Icing   : IndexChimeraService.getServiceInterface callingPackage=com.google.android.gms componentName=AppsCorpus serviceId=36
02-05 21:43:15.707  1456  1456 I TelecomService: DefaultDialerCache: Refreshing default dialer for user 0: now com.android.dialer: DDC.oR@Dcs
02-05 21:43:15.707 16440 16440 W app_process: Could not reserve sentinel fault page
02-05 21:43:15.712 13975 14366 W Icing   : No valid account for uploading user actions
02-05 21:43:15.799 13975 14366 I Icing   : Usage reports ok 1, Failed Usage reports 0, indexed 0, rejected 0
02-05 21:43:15.801 13975 14366 I Icing   : Indexing com.google.android.gms-internal.3p:MobileApplication from com.google.android.gms using seqno 2511
02-05 21:43:15.874 16440 16440 I app_process: The ClassLoaderContext is a special shared library.
02-05 21:43:15.941 16440 16440 D AndroidRuntime: Calling main entry com.android.commands.input.Input
02-05 21:43:15.942 16440 16440 I Input   : injectKeyEvent: KeyEvent { action=ACTION_DOWN, keyCode=KEYCODE_HOME, scanCode=0, metaState=0, flags=0x0, repeatCount=0, eventTime=13377527449, downTime=13377527449, deviceId=-1, source=0x101 }
02-05 21:43:15.953 16440 16440 I Input   : injectKeyEvent: KeyEvent { action=ACTION_UP, keyCode=KEYCODE_HOME, scanCode=0, metaState=0, flags=0x0, repeatCount=0, eventTime=13377527449, downTime=13377527449, deviceId=-1, source=0x101 }
02-05 21:43:15.958  1456  1941 I ActivityManager: START u0 {act=android.intent.action.MAIN cat=[android.intent.category.HOME] flg=0x10200000 cmp=com.android.launcher3/.CustomizationPanelLauncher (has extras)} from uid 1000
02-05 21:43:15.959   794   839 E ANDR-PERF-RESOURCEQS: Failed to apply optimization [4, 0]
02-05 21:43:15.970  1456  1941 I ActivityManager: moveHomeStack, setupComplete:true
02-05 21:43:15.975 20023 20118 I Adreno  : QUALCOMM build                   : bb5b86c, I77d3059488
02-05 21:43:15.975 20023 20118 I Adreno  : Build Date                       : 06/07/18
02-05 21:43:15.975 20023 20118 I Adreno  : OpenGL ES Shader Compiler Version: EV031.22.00.01_06
02-05 21:43:15.975 20023 20118 I Adreno  : Local Branch                     : 
02-05 21:43:15.975 20023 20118 I Adreno  : Remote Branch                    : refs/tags/AU_LINUX_ANDROID_LA.UM.6.5.R1.08.01.00.312.086
02-05 21:43:15.975 20023 20118 I Adreno  : Remote Branch                    : NONE
02-05 21:43:15.975 20023 20118 I Adreno  : Reconstruct Branch               : NOTHING
02-05 21:43:15.978 20023 20118 D vndksupport: Loading /vendor/lib/hw/gralloc.msm8937.so from current namespace instead of sphal namespace.
02-05 21:43:15.981 16440 16440 D AndroidRuntime: Shutting down VM
02-05 21:43:15.981 20023 20118 I Adreno  : PFP: 0x005ff087, ME: 0x005ff063
02-05 21:43:15.988 20023 20118 I zygote  : android::hardware::configstore::V1_0::ISurfaceFlingerConfigs::hasWideColorDisplay retrieved: 0
02-05 21:43:15.989 20023 20118 I OpenGLRenderer: Initialized EGL, version 1.4
02-05 21:43:15.989 20023 20118 D OpenGLRenderer: Swap behavior 2
02-05 21:43:15.995  2748  2748 D Launcher.Utilities: Wakeup weather: Intent { act=com.motorola.launcher3.action.WAKEUP_WEATHER cmp=com.motorola.timeweatherwidget/com.motorola.commandcenter.weather.WakeUpService }
02-05 21:43:16.010  1456  1456 I NotificationService: Cannot find enqueued record for key: 0|com.motorola.timeweatherwidget|1|null|10116
02-05 21:43:16.016   808   808 D SurfaceFlinger: duplicate layer name: changing com.android.launcher3/com.android.launcher3.CustomizationPanelLauncher to com.android.launcher3/com.android.launcher3.CustomizationPanelLauncher#1
02-05 21:43:16.031 20023 20101 W ThreadPoolDumper: Queue length for executor EventBus is now 11. Perhaps some tasks are too long, or the pool is too small.
02-05 21:43:16.034  1456  2401 I WifiService: getWifiEnabledState uid=10073
02-05 21:43:16.039 15015 15015 I Finsky  : [2] ppb.onTrimMemory(1): Memory trim requested to level 80
02-05 21:43:16.044  1456  4829 I WifiService: getWifiEnabledState uid=10073
02-05 21:43:16.071 20023 20165 I MicroDetectionState: Should stop hotword detection immediately - false
02-05 21:43:16.074 20023 20165 I MicroDetectionWorker: #startMicroDetector [speakerMode: 0]
02-05 21:43:16.076 20023 20165 I AudioController: Created new AudioSource
02-05 21:43:16.107  1456  1673 I LaunchCheckinHandler: Displayed com.android.launcher3/.CustomizationPanelLauncher,wp,wa,148
02-05 21:43:16.108 20023 20096 I MicroDataManager: isInitializedWithLatestParams-true
02-05 21:43:16.108 20023 20096 I MicroDataManager: isInitializing-false locale not changed-true model not changed-true
02-05 21:43:16.108 20023 20096 I MicroDataManager: Already initialized, obtaining the hotword data immediately.
02-05 21:43:16.112 20023 11076 I MicroRecognitionRunner: Starting detection.
02-05 21:43:16.113 20023 11076 I InputStreamUtils: Using micInputStream
02-05 21:43:16.113 20023 10926 I MicrophoneInputStream: mic_starting  SR : 16000 CC : 16 SO : 1999
02-05 21:43:16.115   788  1479 V msm8974_platform: platform_check_input_mask: enter check_input_mask source 6 mask 10
02-05 21:43:16.118  1012 16466 I AudioFlinger: AudioFlinger's thread 0xb2483c40 tid=16466 ready to run
02-05 21:43:16.123   808   808 I SFPerfTracer:      triggers: (rate: 50:549304) (compose: 0:6) (post: 0:14) (render: 0:11) (1:4646390 frames) (2:6135469)
02-05 21:43:16.123   808   808 D SFPerfTracer:        layers: (3:13) (NavigationBar#0 (0xb07df000): 1:502986) (StatusBar#0 (0xb07e3000): 2:1445632) (com.android.systemui.ImageWallpaper#0 (0xb07e7000): 0:43546)* (Sprite#0 (0xb0733000): 0:317)* (DimLayerController/Stack=0#0 (0xb075a000): 0:3589)* (Sprite#1 (0xb077c000): 0:195)* (org.mozilla.fenix.nightly/org.mozilla.fenix.HomeActivity#0 (0xb039b000): 0:46)- (com.android.launcher3/com.android.launcher3.CustomizationPanelLauncher#0 (0xb0763000): 0:38)- (com.android.launcher3/com.android.launcher3.CustomizationPanelLauncher#1 (0xb0771000): 0:10)- (Splash Screen org.mozilla.fenix.nightly#0 (0xb0384000): 0:31)- (org.mozilla.fenix.nightly/org.mozilla.fenix.HomeActivity#0 (0xb039b000): 1:23) (com.android.launcher3/com.android.launcher3.CustomizationPanelLauncher#0 (0xb0763000): 1:5)* (com.android.launcher3/com.android.launcher3.CustomizationPanelLauncher#1 (0xb0771000): 1:3)* 
02-05 21:43:16.126   788  1479 D audio_hw_primary: in_set_parameters: enter: kvpairs=input_source=6;routing=-2147483644
02-05 21:43:16.127  1012 19499 D APM_AudioPolicyManager: AudioPolicyManager::startInput() input 121558, session 121633, source = 1999
02-05 21:43:16.128 20023 10926 I MicrophoneInputStream: mic_started  SR : 16000 CC : 16 SO : 1999
02-05 21:43:16.129   788 16467 V msm8974_platform: platform_update_usecase_from_source: input source :6
02-05 21:43:16.129   788 16467 V msm8974_platform: platform_check_input_mask: enter check_input_mask source 6 mask 10
02-05 21:43:16.129   788 16467 V msm8974_platform: platform_get_input_snd_device: enter: out_device(0) in_device(0x4) channel_count (1) channel_mask (0x10)
02-05 21:43:16.129   788 16467 V msm8974_platform: platform_get_input_snd_device: exit: in_snd_device(voice-rec-mic)
02-05 21:43:16.129   788 16467 V msm8974_platform: platform_get_backend_index:napb: backend port - 5 device - 120 
02-05 21:43:16.129   788 16467 V msm8974_platform: platform_check_and_set_capture_backend_cfg:txbecf: afe: bitwidth 0, samplerate 0, channel 1, backend_idx 5 usecase = 9 device (voice-rec-mic)
02-05 21:43:16.129   788 16467 V msm8974_platform: platform_check_capture_backend_cfg:txbecf: afe: Codec selected backend: 5 current bit width: 0 and sample rate: 0, channels 1
02-05 21:43:16.129   788 16467 V msm8974_platform: platform_check_capture_backend_cfg:txbecf: afe: Codec selected backend: 5 updated bit width: 0 and sample rate: 0
02-05 21:43:16.129   788 16467 I msm8974_platform: platform_check_capture_backend_cfg:txbecf: afe: Codec backend needs to be updated. new bit width: 0 new sample rate: 0 new channel: 1
02-05 21:43:16.129   788 16467 V msm8974_platform: platform_get_backend_index:napb: backend port - 5 device - 120 
02-05 21:43:16.129   788 16467 V msm8974_platform: platform_set_backend_cfg:becf: afe: bitwidth 0, samplerate 0 channels 1, backend_idx 5 device (voice-rec-mic)
02-05 21:43:16.130   788 16467 E msm8974_platform: platform_set_backend_cfg:becf: afe: Could not get ctl for mixer command - SLIM_0_TX Format
02-05 21:43:16.130   788 16467 V msm8974_platform: platform_send_audio_calibration: sending audio calibration for snd_device(120) acdb_id(62)
02-05 21:43:16.130   788 16467 D ACDB-LOADER: ACDB -> send_audio_cal, acdb_id = 62, path = 1, app id = 0x11130, sample rate = 48000
02-05 21:43:16.130   788 16467 D ACDB-LOADER: ACDB -> send_asm_topology
02-05 21:43:16.130   788 16467 D ACDB-LOADER: ACDB -> ACDB_CMD_GET_AUDPROC_STREAM_TOPOLOGY_ID
02-05 21:43:16.130   788 16467 D ACDB-LOADER: ACDB -> send_adm_topology
02-05 21:43:16.130   788 16467 D ACDB-LOADER: ACDB -> ACDB_CMD_GET_AUDPROC_COMMON_TOPOLOGY_ID
02-05 21:43:16.130   788 16467 D ACDB-LOADER: ACDB -> send_audtable
02-05 21:43:16.130   788 16467 D ACDB-LOADER: ACDB -> ACDB_CMD_GET_AUDPROC_COMMON_TABLE_SIZE
02-05 21:43:16.130   788 16467 D ACDB-LOADER: ACDB -> ACDB_CMD_GET_AUDPROC_COMMON_TABLE
02-05 21:43:16.130   788 16467 D ACDB-LOADER: ACDB -> AUDIO_SET_AUDPROC_CAL
02-05 21:43:16.130   788 16467 D ACDB-LOADER: ACDB -> send_audvoltable
02-05 21:43:16.130   788 16467 D ACDB-LOADER: ACDB -> ACDB_CMD_GET_AUDPROC_VOL_STEP_TABLE_SIZE
02-05 21:43:16.131   788 16467 D ACDB-LOADER: ACDB -> ACDB_CMD_GET_AUDPROC_GAIN_DEP_STEP_TABLE, vol index 0
02-05 21:43:16.131   788 16467 D         : Failed to fetch the lookup information of the device 0000003E 
02-05 21:43:16.131   788 16467 D ACDB-LOADER: ACDB -> AUDIO_SET_VOL_CAL cal type = 12
02-05 21:43:16.131   788 16467 D ACDB-LOADER: ACDB -> ACDB_CMD_GET_AUDPROC_STREAM_TABLE_SIZE
02-05 21:43:16.131   788 16467 D ACDB-LOADER: ACDB -> send_audstrmtable
02-05 21:43:16.131   788 16467 D ACDB-LOADER: ACDB -> ACDB_CMD_GET_AUDPROC_STREAM_TABLE_V2
02-05 21:43:16.131   788 16467 D ACDB-LOADER: ACDB -> audstrm_cal->cal_type.cal_data.cal_size = 456
02-05 21:43:16.131   788 16467 D ACDB-LOADER: ACDB -> send_afe_topology
02-05 21:43:16.131   788 16467 D ACDB-LOADER: ACDB -> ACDB_CMD_GET_AFE_TOPOLOGY_ID
02-05 21:43:16.131   788 16467 D ACDB-LOADER: ACDB -> GET_AFE_TOPOLOGY_ID for adcd_id 62, Topology Id 112fb
02-05 21:43:16.131   788 16467 D ACDB-LOADER: ACDB -> send_afe_cal
02-05 21:43:16.131   788 16467 D ACDB-LOADER: ACDB -> ACDB_CMD_GET_AFE_COMMON_TABLE_SIZE
02-05 21:43:16.131   788 16467 D         : Failed to fetch the lookup information of the device 0000003E 
02-05 21:43:16.131   788 16467 E ACDB-LOADER: Error: ACDB_CMD_GET_AFE_COMMON_TABLE_SIZE Returned = -19
