04-18 22:02:49.972   808   808 D SFPerfTracer:        layers: (4:12) (NavigationBar#0 (0xb07df000): 0:1010635) (StatusBar#0 (0xb07e3000): 0:2350671) (com.android.systemui.ImageWallpaper#0 (0xb07e7000): 0:94116)* (Sprite#0 (0xb0733000): 0:317)* (DimLayerController/Stack=0#0 (0xb075a000): 0:3866)* (Sprite#1 (0xb077c000): 0:195)* (org.mozilla.fennec_aurora/org.mozilla.fenix.HomeActivity#0 (0xb007e000): 0:57)- (com.android.launcher3/com.android.launcher3.CustomizationPanelLauncher#0 (0xb0763000): 0:38)- (com.android.launcher3/com.android.launcher3.CustomizationPanelLauncher#1 (0xb0771000): 0:8)- (org.mozilla.fennec_aurora/org.mozilla.fenix.IntentReceiverActivity#0 (0xb013a000): 0:3)- (Splash Screen org.mozilla.fennec_aurora#0 (0xb039b000): 0:31)- (org.mozilla.fennec_aurora/org.mozilla.fenix.HomeActivity#0 (0xb0074000): 7:33) 
04-18 22:02:50.030 15299 15299 D GeckoSession: handleMessage GeckoView:StateUpdated uri=null
04-18 22:02:50.031 15299 15299 W GeckoSession: No history entries found.
04-18 22:02:50.032 15299 15304 I zygote  : Do full code cache collection, code=254KB, data=154KB
04-18 22:02:50.035 15299 15304 I zygote  : After code cache collection, code=156KB, data=86KB
04-18 22:02:50.047 15516 15516 D GeckoNetworkManager: Incoming event enableNotifications for state OffNoListeners -> OffWithListeners
04-18 22:02:50.049 15516 15516 D GeckoNetworkManager: New network state: DOWN, NONE, UNKNOWN
04-18 22:02:50.238 15299 15299 D mozac-webcompat: Installed WebCompat webextension: webcompat@mozilla.com
04-18 22:02:51.299 15299 15326 D SessionStorage/AutoSave: Saved state to disk [12ms]
04-18 22:02:52.629 15579 15579 D AndroidRuntime: >>>>>> START com.android.internal.os.RuntimeInit uid 2000 <<<<<<
04-18 22:02:52.642 15579 15579 W app_process: Could not reserve sentinel fault page
04-18 22:02:52.809 15579 15579 I app_process: The ClassLoaderContext is a special shared library.
04-18 22:02:52.874 15579 15579 D AndroidRuntime: Calling main entry com.android.commands.input.Input
04-18 22:02:52.875 15579 15579 I Input   : injectKeyEvent: KeyEvent { action=ACTION_DOWN, keyCode=KEYCODE_HOME, scanCode=0, metaState=0, flags=0x0, repeatCount=0, eventTime=19337828155, downTime=19337828155, deviceId=-1, source=0x101 }
04-18 22:02:52.882 15579 15579 I Input   : injectKeyEvent: KeyEvent { action=ACTION_UP, keyCode=KEYCODE_HOME, scanCode=0, metaState=0, flags=0x0, repeatCount=0, eventTime=19337828155, downTime=19337828155, deviceId=-1, source=0x101 }
04-18 22:02:52.889  1456  1941 I ActivityManager: START u0 {act=android.intent.action.MAIN cat=[android.intent.category.HOME] flg=0x10200000 cmp=com.android.launcher3/.CustomizationPanelLauncher (has extras)} from uid 1000
04-18 22:02:52.889   794   839 E ANDR-PERF-RESOURCEQS: Failed to apply optimization [4, 0]
04-18 22:02:52.895 15579 15579 D AndroidRuntime: Shutting down VM
04-18 22:02:52.907  1456  1471 I ActivityManager: moveHomeStack, setupComplete:true
04-18 22:02:52.918 17373 17422 I Adreno  : QUALCOMM build                   : bb5b86c, I77d3059488
04-18 22:02:52.918 17373 17422 I Adreno  : Build Date                       : 06/07/18
04-18 22:02:52.918 17373 17422 I Adreno  : OpenGL ES Shader Compiler Version: EV031.22.00.01_06
04-18 22:02:52.918 17373 17422 I Adreno  : Local Branch                     : 
04-18 22:02:52.918 17373 17422 I Adreno  : Remote Branch                    : refs/tags/AU_LINUX_ANDROID_LA.UM.6.5.R1.08.01.00.312.086
04-18 22:02:52.918 17373 17422 I Adreno  : Remote Branch                    : NONE
04-18 22:02:52.918 17373 17422 I Adreno  : Reconstruct Branch               : NOTHING
04-18 22:02:52.922 17373 17422 D vndksupport: Loading /vendor/lib/hw/gralloc.msm8937.so from current namespace instead of sphal namespace.
04-18 22:02:52.927 17373 17422 I Adreno  : PFP: 0x005ff087, ME: 0x005ff063
04-18 22:02:52.930  2748  2748 D Launcher.Utilities: Wakeup weather: Intent { act=com.motorola.launcher3.action.WAKEUP_WEATHER cmp=com.motorola.timeweatherwidget/com.motorola.commandcenter.weather.WakeUpService }
04-18 22:02:52.931 17373 17422 I zygote  : android::hardware::configstore::V1_0::ISurfaceFlingerConfigs::hasWideColorDisplay retrieved: 0
04-18 22:02:52.932 17373 17422 I OpenGLRenderer: Initialized EGL, version 1.4
04-18 22:02:52.932 17373 17422 D OpenGLRenderer: Swap behavior 2
04-18 22:02:52.940  1456  1456 I NotificationService: Cannot find enqueued record for key: 0|com.motorola.timeweatherwidget|1|null|10116
04-18 22:02:52.944   808   808 D SurfaceFlinger: duplicate layer name: changing com.android.launcher3/com.android.launcher3.CustomizationPanelLauncher to com.android.launcher3/com.android.launcher3.CustomizationPanelLauncher#1
04-18 22:02:52.968 17373 17393 W ThreadPoolDumper: Queue length for executor EventBus is now 11. Perhaps some tasks are too long, or the pool is too small.
04-18 22:02:52.969  1456  7570 I WifiService: getWifiEnabledState uid=10073
04-18 22:02:52.979  1456  1471 I WifiService: getWifiEnabledState uid=10073
04-18 22:02:52.986 17373 17428 I DEBUG   : OpaToSrpTransitionState#onStateChanged#notNullQuery
04-18 22:02:52.987 17373 17428 I DEBUG   : OpaToSrpTransitionState#onStateChanged#notNullQuery
04-18 22:02:53.004 17373 17428 I MicroDetectionState: Should stop hotword detection immediately - false
04-18 22:02:53.007 17373 17428 I MicroDetectionWorker: #startMicroDetector [speakerMode: 0]
04-18 22:02:53.008 17373 17428 I AudioController: Created new AudioSource
04-18 22:02:53.035 15299 15299 D GeckoSession: handleMessage GeckoView:StateUpdated uri=null
04-18 22:02:53.040  1456  1673 I LaunchCheckinHandler: Displayed com.android.launcher3/.CustomizationPanelLauncher,wp,wa,151
04-18 22:02:53.041 17373 17395 I MicroDataManager: isInitializedWithLatestParams-true
04-18 22:02:53.041 17373 17395 I MicroDataManager: isInitializing-false locale not changed-true model not changed-true
04-18 22:02:53.041 17373 17395 I MicroDataManager: Already initialized, obtaining the hotword data immediately.
04-18 22:02:53.043 15299 15358 D ServiceAllocator: org.mozilla.gecko.process.GeckoChildProcessServices$tab0 updateBindings: IDLE priority, 6 importance, 0 successful binds, 0 failed binds, 2 successful unbinds, 0 failed unbinds
04-18 22:02:53.053 17373 17402 I MicroRecognitionRunner: Starting detection.
04-18 22:02:53.053 17373 17402 I InputStreamUtils: Using micInputStream
04-18 22:02:53.054 17373 18276 I MicrophoneInputStream: mic_starting  SR : 16000 CC : 16 SO : 1999
04-18 22:02:53.056   788   788 V msm8974_platform: platform_check_input_mask: enter check_input_mask source 6 mask 10
04-18 22:02:53.058  1012 15594 I AudioFlinger: AudioFlinger's thread 0xb24831c0 tid=15594 ready to run
04-18 22:02:53.066   788   788 D audio_hw_primary: in_set_parameters: enter: kvpairs=input_source=6;routing=-2147483644
04-18 22:02:53.067  1012  8317 D APM_AudioPolicyManager: AudioPolicyManager::startInput() input 310518, session 310633, source = 1999
04-18 22:02:53.068 17373 18276 I MicrophoneInputStream: mic_started  SR : 16000 CC : 16 SO : 1999
04-18 22:02:53.070   788 15595 V msm8974_platform: platform_update_usecase_from_source: input source :6
04-18 22:02:53.070   788 15595 V msm8974_platform: platform_check_input_mask: enter check_input_mask source 6 mask 10
04-18 22:02:53.070   788 15595 V msm8974_platform: platform_get_input_snd_device: enter: out_device(0) in_device(0x4) channel_count (1) channel_mask (0x10)
04-18 22:02:53.070   788 15595 V msm8974_platform: platform_get_input_snd_device: exit: in_snd_device(voice-rec-mic)
04-18 22:02:53.070   788 15595 V msm8974_platform: platform_get_backend_index:napb: backend port - 5 device - 120 
04-18 22:02:53.070   788 15595 V msm8974_platform: platform_check_and_set_capture_backend_cfg:txbecf: afe: bitwidth 0, samplerate 0, channel 1, backend_idx 5 usecase = 9 device (voice-rec-mic)
04-18 22:02:53.070   788 15595 V msm8974_platform: platform_check_capture_backend_cfg:txbecf: afe: Codec selected backend: 5 current bit width: 0 and sample rate: 0, channels 1
04-18 22:02:53.070   788 15595 V msm8974_platform: platform_check_capture_backend_cfg:txbecf: afe: Codec selected backend: 5 updated bit width: 0 and sample rate: 0
04-18 22:02:53.070   788 15595 I msm8974_platform: platform_check_capture_backend_cfg:txbecf: afe: Codec backend needs to be updated. new bit width: 0 new sample rate: 0 new channel: 1
04-18 22:02:53.070   788 15595 V msm8974_platform: platform_get_backend_index:napb: backend port - 5 device - 120 
04-18 22:02:53.070   788 15595 V msm8974_platform: platform_set_backend_cfg:becf: afe: bitwidth 0, samplerate 0 channels 1, backend_idx 5 device (voice-rec-mic)
04-18 22:02:53.071   788 15595 E msm8974_platform: platform_set_backend_cfg:becf: afe: Could not get ctl for mixer command - SLIM_0_TX Format
04-18 22:02:53.071   788 15595 V msm8974_platform: platform_send_audio_calibration: sending audio calibration for snd_device(120) acdb_id(62)
04-18 22:02:53.071   788 15595 D ACDB-LOADER: ACDB -> send_audio_cal, acdb_id = 62, path = 1, app id = 0x11130, sample rate = 48000
04-18 22:02:53.071   788 15595 D ACDB-LOADER: ACDB -> send_asm_topology
04-18 22:02:53.071   788 15595 D ACDB-LOADER: ACDB -> ACDB_CMD_GET_AUDPROC_STREAM_TOPOLOGY_ID
04-18 22:02:53.071   788 15595 D ACDB-LOADER: ACDB -> send_adm_topology
04-18 22:02:53.071   788 15595 D ACDB-LOADER: ACDB -> ACDB_CMD_GET_AUDPROC_COMMON_TOPOLOGY_ID
04-18 22:02:53.071   788 15595 D ACDB-LOADER: ACDB -> send_audtable
04-18 22:02:53.071   788 15595 D ACDB-LOADER: ACDB -> ACDB_CMD_GET_AUDPROC_COMMON_TABLE_SIZE
04-18 22:02:53.071   788 15595 D ACDB-LOADER: ACDB -> ACDB_CMD_GET_AUDPROC_COMMON_TABLE
04-18 22:02:53.071   788 15595 D ACDB-LOADER: ACDB -> AUDIO_SET_AUDPROC_CAL
04-18 22:02:53.072   788 15595 D ACDB-LOADER: ACDB -> send_audvoltable
04-18 22:02:53.072   788 15595 D ACDB-LOADER: ACDB -> ACDB_CMD_GET_AUDPROC_VOL_STEP_TABLE_SIZE
04-18 22:02:53.072   788 15595 D ACDB-LOADER: ACDB -> ACDB_CMD_GET_AUDPROC_GAIN_DEP_STEP_TABLE, vol index 0
04-18 22:02:53.072   788 15595 D         : Failed to fetch the lookup information of the device 0000003E 
04-18 22:02:53.072   788 15595 D ACDB-LOADER: ACDB -> AUDIO_SET_VOL_CAL cal type = 12
04-18 22:02:53.072   788 15595 D ACDB-LOADER: ACDB -> ACDB_CMD_GET_AUDPROC_STREAM_TABLE_SIZE
04-18 22:02:53.072   788 15595 D ACDB-LOADER: ACDB -> send_audstrmtable
04-18 22:02:53.072   788 15595 D ACDB-LOADER: ACDB -> ACDB_CMD_GET_AUDPROC_STREAM_TABLE_V2
04-18 22:02:53.072   788 15595 D ACDB-LOADER: ACDB -> audstrm_cal->cal_type.cal_data.cal_size = 456
04-18 22:02:53.072   788 15595 D ACDB-LOADER: ACDB -> send_afe_topology
04-18 22:02:53.072   788 15595 D ACDB-LOADER: ACDB -> ACDB_CMD_GET_AFE_TOPOLOGY_ID
04-18 22:02:53.072   788 15595 D ACDB-LOADER: ACDB -> GET_AFE_TOPOLOGY_ID for adcd_id 62, Topology Id 112fb
04-18 22:02:53.072   788 15595 D ACDB-LOADER: ACDB -> send_afe_cal
04-18 22:02:53.072   788 15595 D ACDB-LOADER: ACDB -> ACDB_CMD_GET_AFE_COMMON_TABLE_SIZE
04-18 22:02:53.073   788 15595 D         : Failed to fetch the lookup information of the device 0000003E 
04-18 22:02:53.073   788 15595 E ACDB-LOADER: Error: ACDB_CMD_GET_AFE_COMMON_TABLE_SIZE Returned = -19
04-18 22:02:53.073   788 15595 D ACDB-LOADER: ACDB -> ACDB_CMD_GET_AFE_COMMON_TABLE
04-18 22:02:53.073   788 15595 D         : Failed to fetch the lookup information of the device 0000003E 
04-18 22:02:53.073   788 15595 D ACDB-LOADER: ACDB -> AUDIO_SET_AFE_CAL
04-18 22:02:53.073   788 15595 D ACDB-LOADER: ACDB -> send_hw_delay : acdb_id = 62 path = 1
04-18 22:02:53.073   788 15595 D ACDB-LOADER: ACDB -> ACDB_AVSYNC_INFO: ACDB_CMD_GET_DEVICE_PROPERTY
04-18 22:02:53.073   788 15595 D audio_hw_primary: enable_snd_device: snd_device(120: voice-rec-mic)
04-18 22:02:53.073   788 15595 D audio_route: Apply path: voice-rec-mic
04-18 22:02:53.076   788 15595 V msm8974_platform: platform_get_snd_device_backend_index: enter with device 120
04-18 22:02:53.076   788 15595 E msm8974_platform: platform_get_snd_device_backend_index: BE DAI Name Table is not present
04-18 22:02:53.076   788 15595 V msm8974_platform: platform_get_backend_index:napb: backend port - 5 device - 120 
04-18 22:02:53.076   788 15595 I audio_hw_utils: Set Audio Stream Capture 0 App Type Cfg: app_type 69936, acdb_dev_id 62, sample_rate 48000, snd_device_be_idx -14
04-18 22:02:53.076   788 15595 D audio_hw_primary: enable_audio_route: usecase(9) apply and update mixer path: audio-record
04-18 22:02:53.076   788 15595 D audio_route: Apply path: audio-record
04-18 22:02:53.147 17373 17428 I MicroDetectionWorker: onReady
04-18 22:02:53.193  2146  2165 I zygote  : NativeAlloc concurrent copying GC freed 19742(1091KB) AllocSpace objects, 0(0B) LOS objects, 50% free, 10MB/20MB, paused 135us total 142.007ms
04-18 22:02:53.229 15299 15299 I glean/Glean: Registering pings for org.mozilla.fenix.GleanMetrics.Pings
04-18 22:02:53.276 15299 15299 D App     : ActivationPing - already generated
04-18 22:02:53.278 15299 15326 I FenixApplication: Running post-visual completeness tasks...
04-18 22:02:53.278 15299 15326 I FenixApplication: Storage initialization...
04-18 22:02:53.278 15299 15326 I PlacesHistoryStorage: Warming up places storage...
04-18 22:02:53.279 15299 15326 I PlacesHistoryStorage: 'Warming up places storage' took 0 ms
04-18 22:02:53.279 15299 15326 I PlacesBookmarksStorage: Warming up places storage...
04-18 22:02:53.279 15299 15326 I PlacesBookmarksStorage: 'Warming up places storage' took 0 ms
04-18 22:02:53.286 15299 15325 I libglean_ffi: glean_core::ping: Collecting startup-timeline
04-18 22:02:53.290 15299 15325 D libglean_ffi: glean_core::ping: Storing ping '76ec5961-4e7f-4d91-a10c-5f285e7b1ceb' at '/data/user/0/org.mozilla.fennec_aurora/glean_data/pending_pings/76ec5961-4e7f-4d91-a10c-5f285e7b1ceb'
04-18 22:02:53.291 15299 15325 I libglean_ffi: glean_core: The ping 'startup-timeline' was submitted and will be sent as soon as possible
04-18 22:02:53.301 15299 15299 I [INFO][Leanplum]: [com.leanplum.internal.RequestOld::sendIfConnected::4]: Device is offline, will send later
04-18 22:02:53.308 15299 15326 I SyncableLoginsStorage: Warming up storage...
04-18 22:02:53.316 15299 15299 D SessionManager: onTrimMemory(80): clearThumbnails=true, closeEngineSessions=true
04-18 22:02:53.317 15299 15326 D RustNativeSupport: findMegazordLibraryName(logins, 0.57.0
04-18 22:02:53.317 15299 15326 D RustNativeSupport: lib in use: none
04-18 22:02:53.317 15299 15326 D RustNativeSupport: lib configured: megazord
04-18 22:02:53.318 15299 15326 D RustNativeSupport: lib version configured: 0.57.0
04-18 22:02:53.318 15299 15326 D RustNativeSupport: settled on megazord
04-18 22:02:53.320 15299 15326 D logins_ffi: sync15_passwords_state_new
04-18 22:02:53.343 15299 15299 D SessionManager: Cleared 5 thumbnail(s) and unlinked 5 engine sessions(s)
04-18 22:02:53.346 15299 15299 I FenixApplication: Kicking-off account manager...
04-18 22:02:53.346 15299 15299 I FenixApplication: 'Kicking-off account manager' took 0 ms
04-18 22:02:53.347 15299 15299 I zygote  : Deoptimizing kotlinx.coroutines.internal.LockFreeLinkedListNode kotlinx.coroutines.internal.LockFreeLinkedListNode.correctPrev(kotlinx.coroutines.internal.OpDescriptor) due to JIT inline cache
04-18 22:02:53.359 14422 14422 I Finsky  : [2] ppb.onTrimMemory(1): Memory trim requested to level 60
04-18 22:02:53.447  1456  7796 I OpenGLRenderer: Initialized EGL, version 1.4
04-18 22:02:53.448  1456  7796 D OpenGLRenderer: Swap behavior 2
04-18 22:02:53.480  2748  2917 W OpenGLRenderer: Incorrectly called buildLayer on View: ShortcutAndWidgetContainer, destroying layer...
04-18 22:02:53.593 15299 15299 D GeckoRuntime: Lifecycle: onPause
04-18 22:02:53.594 15299 15299 D GeckoNetworkManager: Incoming event stop for state OnWithListeners -> OffWithListeners
04-18 22:02:53.595 15299 15299 I SessionStorage/AutoSave: Save: Background
04-18 22:02:53.601 15299 15464 D SessionStorage/AutoSave: Saved state to disk [4ms]
04-18 22:02:53.602 15299 15325 I libglean_ffi: glean_core::ping: Collecting baseline
04-18 22:02:53.608 15299 15325 D libglean_ffi: glean_core::ping: Storing ping '41673288-bdf3-4045-a46c-77b36ce72cd9' at '/data/user/0/org.mozilla.fennec_aurora/glean_data/pending_pings/41673288-bdf3-4045-a46c-77b36ce72cd9'
04-18 22:02:53.608 15299 15325 I libglean_ffi: glean_core: The ping 'baseline' was submitted and will be sent as soon as possible
04-18 22:02:53.609 15299 15325 I libglean_ffi: glean_core::ping: Collecting events
04-18 22:02:53.614 15299 15325 D libglean_ffi: glean_core::ping: Storing ping '89e0fb3d-e390-4737-8057-36b6a3499269' at '/data/user/0/org.mozilla.fennec_aurora/glean_data/pending_pings/89e0fb3d-e390-4737-8057-36b6a3499269'
04-18 22:02:53.614 15299 15325 I libglean_ffi: glean_core: The ping 'events' was submitted and will be sent as soon as possible
04-18 22:02:53.643   808   898 I SFPerfTracer:      triggers: (rate: 0:1) (0 sw vsyncs) (0 skipped) (39:6560254 vsyncs) (41:13529785)
04-18 22:02:53.942 15299 15326 I SyncableLoginsStorage: 'Warming up storage' took 633 ms
04-18 22:02:53.942 15299 15326 I FenixApplication: 'Storage initialization' took 663 ms
04-18 22:02:58.059  1456 10962 I ActivityManager: Force stopping org.mozilla.fennec_aurora appid=11267 user=0: from pid 15610
04-18 22:02:58.060  1456 10962 I ActivityManager: Killing 15299:org.mozilla.fennec_aurora/u0a1267 (adj 700): stop org.mozilla.fennec_aurora
04-18 22:02:58.063  1456  1605 W zygote  : kill(-15299, 9) failed: No such process
04-18 22:02:58.064 15369 15369 I ServiceChildProcess: Service has been unbound. Stopping.
04-18 22:02:58.065 15516 15516 I ServiceChildProcess: Service has been unbound. Stopping.
04-18 22:02:58.066 14422 14422 I Finsky  : [2] ppb.onTrimMemory(1): Memory trim requested to level 80
04-18 22:02:58.066  1456 10962 W ActivityManager: Force removing ActivityRecord{4a27dfd u0 org.mozilla.fennec_aurora/org.mozilla.fenix.HomeActivity t63036}: app died, no saved state
04-18 22:02:58.075  1456 10962 I ActivityManager: Killing 15369:org.mozilla.fennec_aurora:tab0/u0a1267 (adj 0): stop org.mozilla.fennec_aurora
04-18 22:02:58.076  1456  1605 W zygote  : kill(-15299, 9) failed: No such process
04-18 22:02:58.079  1456 10962 I ActivityManager: Killing 15516:org.mozilla.fennec_aurora:tab1/u0a1267 (adj 0): stop org.mozilla.fennec_aurora
04-18 22:02:58.093  1456  1605 W zygote  : kill(-15299, 9) failed: No such process
04-18 22:02:58.094  2398  2398 D CarrierSvcBindHelper: No carrier app for: 0
04-18 22:02:58.095  2398  2398 D CarrierSvcBindHelper: No carrier app for: 1
04-18 22:02:58.106  1456  1605 W zygote  : kill(-15299, 9) failed: No such process
04-18 22:02:58.148  1456  1673 W ActivityManager: setHasOverlayUi called on unknown pid: 15299
04-18 22:02:58.170  1456  1605 I chatty  : uid=1000(system) ActivityManager identical 4 lines
04-18 22:02:58.180  1456  1605 W zygote  : kill(-15299, 9) failed: No such process
04-18 22:02:58.190  1456  1471 I ActivityManager: START u0 {act=android.intent.action.VIEW dat=https://example.com/... typ=text/html flg=0x10000000 cmp=org.mozilla.fennec_aurora/org.mozilla.fenix.IntentReceiverActivity} from uid 2000
04-18 22:02:58.191   794   839 E ANDR-PERF-RESOURCEQS: Failed to apply optimization [4, 0]
04-18 22:02:58.193  1456  1605 W zygote  : kill(-15299, 9) failed: No such process
04-18 22:02:58.193  1456  1605 I zygote  : Successfully killed process cgroup uid 11267 pid 15299 in 130ms
04-18 22:02:58.193  1456  1605 W zygote  : kill(-15369, 9) failed: No such process
04-18 22:02:58.193  1456  1605 I zygote  : Successfully killed process cgroup uid 11267 pid 15369 in 0ms
04-18 22:02:58.193  1456  1605 W zygote  : kill(-15516, 9) failed: No such process
04-18 22:02:58.193  1456  1605 I zygote  : Successfully killed process cgroup uid 11267 pid 15516 in 0ms
04-18 22:02:58.208  1456  4802 I ActivityManager: Start proc 15618:org.mozilla.fennec_aurora/u0a1267 for activity org.mozilla.fennec_aurora/org.mozilla.fenix.IntentReceiverActivity
04-18 22:02:58.298 17373 17428 I MicroDetectionState: Should stop hotword detection immediately - false
04-18 22:02:58.298 17373 17428 I MicroDetector: Keeping mic open: false
04-18 22:02:58.298 17373 17475 E DeviceStateChecker: DeviceStateChecker cancelled
04-18 22:02:58.298 17373 17428 I RecognitionAudioControl: #shutdownAudio [requestId: -8230280837488466177, keepAudioOpen: false, forced: true]
04-18 22:02:58.298 17373 17428 I RecognitionAudioControl: #internalShutdownAudio [requestId: -8230280837488466177]
04-18 22:02:58.298 17373 17428 I RecognitionAudioControl: #internalShutdownAudio [keepAudioOpen: false, forced: true]
04-18 22:02:58.298 17373 17428 I RecognitionAudioControl: #actualShutdownAudio
04-18 22:02:58.298 17373 17428 I AudioController: #shutdown [requestId=-8230280837488466177]
04-18 22:02:58.298 17373 17396 I AudioController: internalShutdown
04-18 22:02:58.299 17373 17392 I MicroRecognitionRunner: Stopping hotword detection.
04-18 22:02:58.347   788   788 D audio_hw_primary: disable_audio_route: usecase(9) reset and update mixer path: audio-record
04-18 22:02:58.348   788   788 D audio_hw_primary: disable_snd_device: snd_device(120: voice-rec-mic)
04-18 22:02:58.349  1012  4818 D APM_AudioPolicyManager: stopInput() input 310518, session 310633
04-18 22:02:58.350   788  1401 D audio_hw_primary: in_set_parameters: enter: kvpairs=routing=0
04-18 22:02:58.353 17373 17396 I MicrophoneInputStream: mic_close  SR : 16000 CC : 16 SO : 1999
04-18 22:02:58.353 17373 17396 E AudioSource: Stop listening is called on already closed AudioSource
04-18 22:02:58.354 17373 17402 I MicroRecognitionRunner: Detection finished
04-18 22:02:58.361 15618 15618 D FirebaseApp: com.google.firebase.auth.FirebaseAuth is not linked. Skipping initialization.
04-18 22:02:58.362 15618 15618 D FirebaseApp: com.google.firebase.crash.FirebaseCrash is not linked. Skipping initialization.
04-18 22:02:58.363 15618 15618 I FirebaseInitProvider: FirebaseApp initialization successful
04-18 22:02:58.422 15618 15618 D FennecProfile: profiles.ini: true
04-18 22:02:58.425 15618 15637 I FA      : Collection disabled with firebase_analytics_collection_enabled=0
04-18 22:02:58.425 15618 15618 D FennecProfile: Ignoring line in [general] section: StartWithLastProfile=1
04-18 22:02:58.426 15618 15637 I FA      : App measurement is starting up, version: 12780
04-18 22:02:58.426 15618 15637 I FA      : To enable debug logging run: adb shell setprop log.tag.FA VERBOSE
04-18 22:02:58.426 15618 15618 D FennecProfile: Found 1 profiles
04-18 22:02:58.426 15618 15637 I FA      : To enable faster debug mode event logging run:
04-18 22:02:58.426 15618 15637 I FA      :   adb shell setprop debug.firebase.analytics.app org.mozilla.fennec_aurora
04-18 22:02:58.426 15618 15618 D FennecProfile: Found default profile: FennecProfile(name=default, path=/data/user/0/org.mozilla.fennec_aurora/files/mozilla/feq8tmok.default, default=true)
04-18 22:02:58.431 15618 15618 D FennecMigrator: No migrations to run. Fennec install - false.
04-18 22:02:58.440 15618 15618 D FenixApplication: Initializing Glean (uploadEnabled=true, isFennec=true)
04-18 22:02:58.449 15618 15645 D RustNativeSupport: findMegazordLibraryName(viaduct, 0.57.0
04-18 22:02:58.449 15618 15645 D RustNativeSupport: lib in use: none
04-18 22:02:58.449 15618 15645 D RustNativeSupport: lib configured: megazord
04-18 22:02:58.449 15618 15645 D RustNativeSupport: lib version configured: 0.57.0
04-18 22:02:58.449 15618 15645 D RustNativeSupport: settled on megazord
04-18 22:02:58.466 15618 15644 D libglean_ffi: glean_ffi: Android logging should be hooked up!
04-18 22:02:58.469 15618 15644 I glean/Glean: Registering pings for mozilla.telemetry.glean.GleanMetrics.Pings
04-18 22:02:58.471 15618 15618 D GeckoThread: State changed to LAUNCHED
04-18 22:02:58.472 15618 15648 I GeckoThread: preparing to run Gecko
04-18 22:02:58.472 15618 15644 I libglean_ffi: glean_core: Creating new Glean
04-18 22:02:58.473 15618 15644 D libglean_ffi: glean_core::database: Database path: "/data/user/0/org.mozilla.fennec_aurora/glean_data/db"
04-18 22:02:58.473 15618 15645 D RustNativeSupport: findMegazordLibraryName(rustlog, 0.57.0
04-18 22:02:58.473 15618 15645 D RustNativeSupport: lib in use: none
04-18 22:02:58.473 15618 15645 D RustNativeSupport: lib configured: megazord
04-18 22:02:58.474 15618 15645 D RustNativeSupport: lib version configured: 0.57.0
04-18 22:02:58.474 15618 15645 D RustNativeSupport: settled on megazord
04-18 22:02:58.475 15618 15644 I libglean_ffi: glean_core::database: Database initialized
04-18 22:02:58.479 15618 15644 I libglean_ffi: glean_ffi: Glean initialized
04-18 22:02:58.480 15618 15618 D GeckoRuntime: Lifecycle: onCreate
04-18 22:02:58.480 15618 15648 D GeckoThread: State changed to MOZGLUE_READY
04-18 22:02:58.482 15618 15645 I rc_log_ffi::ios: rc_log adapter initialized!
04-18 22:02:58.496 15618 15648 W Settings: Setting animator_duration_scale has moved from android.provider.Settings.System to android.provider.Settings.Global, returning read-only global URI.
04-18 22:02:58.498 15618 15618 I zygote  : Deoptimizing java.lang.Object androidx.collection.SimpleArrayMap.put(java.lang.Object, java.lang.Object) due to JIT inline cache
04-18 22:02:58.499 15618 15648 E GeckoLibLoad: Load sqlite start
04-18 22:02:58.503 15618 15648 E GeckoLibLoad: Load sqlite done
04-18 22:02:58.503 15618 15648 E GeckoLibLoad: Load nss start
04-18 22:02:58.503 15618 15648 E GeckoLibLoad: Load nss done
04-18 22:02:58.507 15618 15644 D glean/MetricsPingSched: The 'metrics' ping was last sent on Sat Apr 18 00:00:00 EDT 2020
04-18 22:02:58.508 15618 15644 I glean/MetricsPingSched: The 'metrics' ping was already sent today, Sat Apr 18 22:02:58 EDT 2020.
04-18 22:02:58.508 15618 15644 D glean/MetricsPingSched: Scheduling the 'metrics' ping in 21421518ms
04-18 22:02:58.511 15618 15618 D GleanMetricsService: Enabling Glean.
04-18 22:02:58.524 15618 15648 E GeckoLibLoad: Loaded libs in 20.295314ms total, 10ms(43ms) user, 10ms(16ms) system, 0(0) faults
04-18 22:02:58.524 15618 15648 D GeckoThread: State changed to LIBS_READY
04-18 22:02:58.524 15618 15644 D libglean_ffi: glean_core: Clearing Lifetime::Application metrics
04-18 22:02:58.524 15618 15618 I glean/Dispatchers: Task queued for execution and delayed until flushed
04-18 22:02:58.527 15618 15648 W GeckoThread: zerdatime 19789872295 - runGecko
04-18 22:02:58.529 15618 15618 I AdjustMetricsService: No adjust token defined
04-18 22:02:58.529 15618 15648 D GeckoProfile: Loading profile at: null name: default
04-18 22:02:58.530 15618 15618 D PushConfig: Creating push configuration for autopush.
04-18 22:02:58.531 15618 15648 D GeckoProfile: Found profile dir: /data/user/0/org.mozilla.fennec_aurora/files/mozilla/feq8tmok.default
04-18 22:02:58.535 15618 15618 I App     : AutoPushFeature is configured, initializing it...
04-18 22:02:58.536 15618 15618 I AutoPushFeature: Checking validity of push subscriptions.
04-18 22:02:58.543 15618 15618 D FennecProfile: profiles.ini: true
04-18 22:02:58.547 15618 15618 D FennecProfile: Ignoring line in [general] section: StartWithLastProfile=1
04-18 22:02:58.548 15618 15618 D FennecProfile: Found 1 profiles
04-18 22:02:58.548 15618 15618 D FennecProfile: Found default profile: FennecProfile(name=default, path=/data/user/0/org.mozilla.fennec_aurora/files/mozilla/feq8tmok.default, default=true)
04-18 22:02:58.552 15618 15647 W [WARNING][Leanplum]: [com.leanplum.internal.ActionManager::getLocationManager::8]: Geofencing support requires leanplum-location module and Google Play Services v8.1 and higher.
04-18 22:02:58.552 15618 15647 W [WARNING][Leanplum]: Add this to your build.gradle file:
04-18 22:02:58.552 15618 15647 W [WARNING][Leanplum]: implementation 'com.google.android.gms:play-services-location:8.3.0+'
04-18 22:02:58.552 15618 15647 W [WARNING][Leanplum]: implementation 'com.leanplum:leanplum-location:+'
04-18 22:02:58.554 15618 15647 I [INFO][Leanplum]: [com.leanplum.monitoring.ExceptionHandler::setContext::6]: LeanplumExceptionHandler could not initialize Exception Reporting.This is expected if you have not included the leanplum-monitoring module
04-18 22:02:58.561 15618 15618 D FennecMigrator: This is not a Fennec installation. No migration needed.
04-18 22:02:58.567 15618 15618 D SessionManager: onTrimMemory(5): clearThumbnails=false, closeEngineSessions=false
04-18 22:02:58.569 15618 15644 I libglean_ffi: glean_core: Upload enabled: true
04-18 22:02:58.574 15618 15657 I [INFO][Leanplum]: [com.leanplum.LeanplumFcmProvider::isManifestSetup::11]: Firebase Messaging is setup correctly.
04-18 22:02:58.586 15618 15618 D GeckoRuntime: Lifecycle: onStart
04-18 22:02:58.594 15618 15618 I [INFO][Leanplum]: [com.leanplum.internal.RequestOld::sendIfConnected::4]: Device is offline, will send later
04-18 22:02:58.595 15618 15648 I Gecko:DumpUtils: Fifo watcher disabled via pref.
04-18 22:02:58.608 15618 15618 D GeckoRuntime: Lifecycle: onResume
04-18 22:02:58.609 15618 15618 D GeckoNetworkManager: Incoming event start for state OffNoListeners -> OnNoListeners
04-18 22:02:58.610 15618 15618 D GeckoNetworkManager: New network state: DOWN, NONE, UNKNOWN
04-18 22:02:58.622 15618 15623 I zygote  : Do partial code cache collection, code=24KB, data=28KB
04-18 22:02:58.624 15618 15648 D GeckoSysInfo: System memory: 1867MB.
04-18 22:02:58.624 15618 15623 I zygote  : After code cache collection, code=22KB, data=27KB
04-18 22:02:58.624 15618 15623 I zygote  : Increasing code cache capacity to 128KB
04-18 22:02:58.628 15618 15648 D GeckoThread: State changed to JNI_READY
04-18 22:02:58.637 15618 15686 D OpenGLRenderer: HWUI GL Pipeline
04-18 22:02:58.652  1456  2918 I ActivityManager: Start proc 15688:org.mozilla.fennec_aurora:tab0/u0a1267 for service org.mozilla.fennec_aurora/org.mozilla.gecko.process.GeckoChildProcessServices$tab0
04-18 22:02:58.655 15618 15677 D ServiceAllocator: org.mozilla.gecko.process.GeckoChildProcessServices$tab0 updateBindings: BACKGROUND priority, 0 importance, 2 successful binds, 0 failed binds, 0 successful unbinds, 0 failed unbinds
04-18 22:02:58.743  1456  2918 I ActivityManager: START u0 {act=android.intent.action.VIEW dat=https://example.com/... typ=text/html cmp=org.mozilla.fennec_aurora/org.mozilla.fenix.HomeActivity (has extras)} from uid 11267
04-18 22:02:58.757 15618 15618 D GeckoNetworkManager: Incoming event receivedUpdate for state OnNoListeners -> OnNoListeners
04-18 22:02:58.758 15618 15618 D GeckoNetworkManager: New network state: DOWN, NONE, UNKNOWN
04-18 22:02:58.811 15688 15688 D GeckoThread: State changed to LAUNCHED
04-18 22:02:58.812 15688 15712 I GeckoThread: preparing to run Gecko
04-18 22:02:58.814 15618 15686 I Adreno  : QUALCOMM build                   : bb5b86c, I77d3059488
04-18 22:02:58.814 15618 15686 I Adreno  : Build Date                       : 06/07/18
04-18 22:02:58.814 15618 15686 I Adreno  : OpenGL ES Shader Compiler Version: EV031.22.00.01_06
04-18 22:02:58.814 15618 15686 I Adreno  : Local Branch                     : 
04-18 22:02:58.814 15618 15686 I Adreno  : Remote Branch                    : refs/tags/AU_LINUX_ANDROID_LA.UM.6.5.R1.08.01.00.312.086
04-18 22:02:58.814 15618 15686 I Adreno  : Remote Branch                    : NONE
04-18 22:02:58.814 15618 15686 I Adreno  : Reconstruct Branch               : NOTHING
04-18 22:02:58.815 15618 15686 D vndksupport: Loading /vendor/lib/hw/gralloc.msm8937.so from current namespace instead of sphal namespace.
04-18 22:02:58.821 15618 15686 I Adreno  : PFP: 0x005ff087, ME: 0x005ff063
04-18 22:02:58.831 15618 15686 I zygote  : android::hardware::configstore::V1_0::ISurfaceFlingerConfigs::hasWideColorDisplay retrieved: 0
04-18 22:02:58.835 15618 15686 I OpenGLRenderer: Initialized EGL, version 1.4
04-18 22:02:58.835 15618 15686 D OpenGLRenderer: Swap behavior 2
04-18 22:02:58.867  1456  4802 I WindowManager: Keep hide if surface has never drawn Window{81c676b u0 org.mozilla.fennec_aurora/org.mozilla.fenix.IntentReceiverActivity}
04-18 22:02:58.868  1456  4802 I WindowManager: Failed to capture screenshot of Token{184efbd ActivityRecord{391bb14 u0 org.mozilla.fennec_aurora/org.mozilla.fenix.IntentReceiverActivity t63037 f}} appWin=Window{81c676b u0 org.mozilla.fennec_aurora/org.mozilla.fenix.IntentReceiverActivity} drawState=1
04-18 22:02:58.889 15618 15618 D MigrationPushRenewer: Migration state: NONE
04-18 22:02:58.889 15618 15618 D MigrationTelemetryListener: Migration state: NONE
04-18 22:02:58.906  1456  1673 I LaunchCheckinHandler: Displayed org.mozilla.fennec_aurora/org.mozilla.fenix.IntentReceiverActivity,cp,ca,708
04-18 22:02:58.935 15618 15618 D PhoneWindow: Restoring navigation bar divider color to default value = 0x00000000
04-18 22:02:58.991 15618 15623 I zygote  : Do partial code cache collection, code=56KB, data=50KB
04-18 22:02:58.993 15618 15623 I zygote  : After code cache collection, code=48KB, data=46KB
04-18 22:02:58.993 15618 15623 I zygote  : Increasing code cache capacity to 256KB
04-18 22:02:58.998 15618 15618 I NavController: Ignoring popBackStack to destination org.mozilla.fennec_aurora:id/browserFragment as it was not found on the current back stack
04-18 22:02:59.186 15618 15618 I FirefoxAccountStateMachine: Enabling/updating sync with a new SyncConfig: SyncConfig(supportedEngines=[mozilla.components.service.fxa.SyncEngine$History@da15fa3, mozilla.components.service.fxa.SyncEngine$Bookmarks@3eb92a0, mozilla.components.service.fxa.SyncEngine$Passwords@9ba5e59], syncPeriodInMinutes=240)
04-18 22:02:59.189 15618 15618 I BgSyncManager: Periodic syncing enabled at a 240 interval
04-18 22:02:59.190 15618 15618 I FirefoxAccountStateMachine: Sync is enabled
04-18 22:02:59.196 15618 15722 I FirefoxAccountStateMachine: Processing event Event$Init for state Start. Next state is Start
04-18 22:02:59.204 15618 15648 D GeckoThread: State changed to PROFILE_READY
04-18 22:02:59.225 15618 15722 I FirefoxAccountStateMachine: Ran 'Event$Init' side-effects for state Start, got successive event Event$AccountNotFound
04-18 22:02:59.225 15618 15722 I FirefoxAccountStateMachine: Processing event Event$AccountNotFound for state Start. Next state is NotAuthenticated
04-18 22:02:59.226 15618 15660 D RustNativeSupport: findMegazordLibraryName(places, 0.57.0
04-18 22:02:59.226 15618 15660 D RustNativeSupport: lib in use: none
04-18 22:02:59.227 15618 15660 D RustNativeSupport: lib configured: megazord
04-18 22:02:59.227 15618 15660 D RustNativeSupport: lib version configured: 0.57.0
04-18 22:02:59.227 15618 15660 D RustNativeSupport: settled on megazord
04-18 22:02:59.228 15618 15722 D RustNativeSupport: findMegazordLibraryName(fxaclient, 0.57.0
04-18 22:02:59.228 15618 15722 D RustNativeSupport: lib in use: none
04-18 22:02:59.228 15618 15722 D RustNativeSupport: lib configured: megazord
04-18 22:02:59.228 15618 15722 D RustNativeSupport: lib version configured: 0.57.0
04-18 22:02:59.228 15618 15722 D RustNativeSupport: settled on megazord
04-18 22:02:59.230 15618 15660 D places_ffi: places_api_new
04-18 22:02:59.231 15618 15722 D fxaclient_ffi: fxa_new
04-18 22:02:59.297 15618 15660 D sql_support::conn_ext: Transaction commited after 46.399483ms
04-18 22:02:59.299 15618 15660 D places_ffi: places_connection_new
04-18 22:02:59.303 15618 15660 D places_ffi: places_connection_new
04-18 22:02:59.313 15618 15648 D GeckoThread: State changed to RUNNING
04-18 22:02:59.319 15618 15660 D places_ffi: bookmarks_get_all_with_url
04-18 22:02:59.320 15618 15618 W GeckoEventDispatcher: No listener for GeckoView:AccessibilityEnabled
04-18 22:02:59.333 15618 15648 I Gecko   : -*- nsDNSServiceDiscovery.js : nsDNSServiceDiscovery
04-18 22:02:59.347 15618 15618 I [INFO][Leanplum]: [com.leanplum.internal.RequestOld::sendIfConnected::4]: Device is offline, will send later
04-18 22:02:59.393 15618 15722 W FirefoxAccountStateMachine: Got invalid event Event$Init for state NotAuthenticated.
04-18 22:02:59.412 15618 15729 W LOTTIE  : Animation contains merge paths. Merge paths are only supported on KitKat+ and must be manually enabled by calling enableMergePathsForKitKatAndAbove().
04-18 22:02:59.427 15618 15623 I zygote  : Do full code cache collection, code=124KB, data=96KB
04-18 22:02:59.430 15618 15623 I zygote  : After code cache collection, code=100KB, data=63KB
04-18 22:02:59.480  1456  4802 I ActivityManager: Displayed org.mozilla.fennec_aurora/org.mozilla.fenix.HomeActivity: +619ms (total +1s282ms)
04-18 22:02:59.480  1456  4802 I ActivityManager: Fully drawn org.mozilla.fennec_aurora/org.mozilla.fenix.HomeActivity: +619ms (total +1s282ms)
04-18 22:02:59.500 15618 15618 E [ERROR][Leanplum]: [com.leanplum.LeanplumFcmProvider$1::onComplete::2]: getInstanceId failed
04-18 22:02:59.514 15618 15648 W ResourceType: Too many attribute references, stopped at: 0x01010099
04-18 22:02:59.522 15618 15686 D vndksupport: Loading /vendor/lib/hw/android.hardware.graphics.mapper@2.0-impl.so from current namespace instead of sphal namespace.
04-18 22:02:59.523 15618 15686 D vndksupport: Loading /vendor/lib/hw/gralloc.msm8937.so from current namespace instead of sphal namespace.
04-18 22:02:59.548 15618 15618 D GeckoNetworkManager: Incoming event enableNotifications for state OnNoListeners -> OnWithListeners
04-18 22:02:59.549 15618 15618 D GeckoNetworkManager: New network state: DOWN, NONE, UNKNOWN
04-18 22:02:59.561 15618 15618 W LOTTIE  : Animation contains merge paths but they are disabled.
04-18 22:02:59.627 15618 15618 D GeckoNetworkManager: Incoming event receivedUpdate for state OnWithListeners -> OnWithListeners
04-18 22:02:59.629 15618 15618 D GeckoNetworkManager: New network state: DOWN, NONE, UNKNOWN
04-18 22:02:59.639 17373 17373 I MemoryTrimmer: Trimming objects from memory, since app is in the background.
04-18 22:02:59.655 17373 17373 I MemoryTrimmer: Trimming objects from memory, since app is in the background.
04-18 22:02:59.655 17373 18276 I PBSessionCacheImpl: Deleted sessionId[76408848338807353] from persistence.
04-18 22:02:59.659  1456  4802 I WifiService: getWifiEnabledState uid=10073
04-18 22:02:59.660 17373 17428 I DEBUG   : OpaToSrpTransitionState#onStateChanged#notNullQuery
04-18 22:02:59.661 17373 17428 I DEBUG   : OpaToSrpTransitionState#onStateChanged#notNullQuery
04-18 22:02:59.664 17373 17428 W SearchServiceCore: Abort, client detached.
04-18 22:02:59.693 15618 15623 I zygote  : Do partial code cache collection, code=120KB, data=89KB
04-18 22:02:59.695 15618 15623 I zygote  : After code cache collection, code=120KB, data=89KB
04-18 22:02:59.695 15618 15623 I zygote  : Increasing code cache capacity to 512KB
04-18 22:02:59.754 15618 15648 W GeckoEventDispatcher: No listener for GeckoView:AccessibilityEnabled
04-18 22:02:59.785 15618 15648 W ResourceType: Too many attribute references, stopped at: 0x01010099
04-18 22:02:59.812 15618 15645 D App     : Could not fetch region from location service
04-18 22:02:59.812 15618 15645 D App     : java.io.IOException: org.mozilla.geckoview.WebRequestError: Request failed, error=0x25, category=0x5
04-18 22:02:59.812 15618 15645 D App     : 	at mozilla.components.browser.engine.gecko.fetch.GeckoViewFetchClient.fetch(GeckoViewFetchClient.kt:41)
04-18 22:02:59.812 15618 15645 D App     : 	at mozilla.components.service.location.MozillaLocationService$fetchRegion$2.invokeSuspend(MozillaLocationService.kt:27)
04-18 22:02:59.812 15618 15645 D App     : 	at mozilla.components.service.location.MozillaLocationService$fetchRegion$2.invoke(Unknown Source:10)
04-18 22:02:59.812 15618 15645 D App     : 	at kotlin.jvm.internal.Intrinsics.startUndispatchedOrReturn(Intrinsics.java:2)
04-18 22:02:59.812 15618 15645 D App     : 	at kotlin.jvm.internal.Intrinsics.withContext(Intrinsics.java:9)
04-18 22:02:59.812 15618 15645 D App     : 	at mozilla.components.service.location.MozillaLocationService.fetchRegion(MozillaLocationService.kt:2)
04-18 22:02:59.812 15618 15645 D App     : 	at mozilla.components.service.location.search.RegionSearchLocalizationProvider.determineRegion(RegionSearchLocalizationProvider.kt:5)
04-18 22:02:59.812 15618 15645 D App     : 	at mozilla.components.browser.search.provider.AssetsSearchEngineProvider.loadSearchEngines(AssetsSearchEngineProvider.kt:5)
04-18 22:02:59.812 15618 15645 D App     : 	at org.mozilla.fenix.components.searchengine.FenixSearchEngineProvider$baseSearchEngines$1.invokeSuspend(FenixSearchEngineProvider.kt:9)
04-18 22:02:59.812 15618 15645 D App     : 	at kotlin.coroutines.jvm.internal.BaseContinuationImpl.resumeWith(ContinuationImpl.kt:2)
04-18 22:02:59.812 15618 15645 D App     : 	at kotlinx.coroutines.DispatchedTask.run(DispatchedTask.kt:19)
04-18 22:02:59.812 15618 15645 D App     : 	at kotlinx.coroutines.scheduling.CoroutineScheduler.runSafely(CoroutineScheduler.kt:1)
04-18 22:02:59.812 15618 15645 D App     : 	at kotlinx.coroutines.scheduling.CoroutineScheduler$Worker.run(CoroutineScheduler.kt:14)
04-18 22:02:59.812 15618 15645 D App     : Caused by: org.mozilla.geckoview.WebRequestError: Request failed, error=0x25, category=0x5
04-18 22:02:59.812 15618 15645 D App     : 	at org.mozilla.gecko.mozglue.GeckoLoader.nativeRun(Native Method)
04-18 22:02:59.812 15618 15645 D App     : 	at org.mozilla.gecko.GeckoThread.run(GeckoThread.java:91)
04-18 22:02:59.813 15618 15663 D App     : Could not fetch region from location service
04-18 22:02:59.813 15618 15663 D App     : java.io.IOException: org.mozilla.geckoview.WebRequestError: Request failed, error=0x25, category=0x5
04-18 22:02:59.813 15618 15663 D App     : 	at mozilla.components.browser.engine.gecko.fetch.GeckoViewFetchClient.fetch(GeckoViewFetchClient.kt:41)
04-18 22:02:59.813 15618 15663 D App     : 	at mozilla.components.service.location.MozillaLocationService$fetchRegion$2.invokeSuspend(MozillaLocationService.kt:27)
04-18 22:02:59.813 15618 15663 D App     : 	at kotlin.coroutines.jvm.internal.BaseContinuationImpl.resumeWith(ContinuationImpl.kt:2)
04-18 22:02:59.813 15618 15663 D App     : 	at kotlinx.coroutines.DispatchedTask.run(DispatchedTask.kt:19)
04-18 22:02:59.813 15618 15663 D App     : 	at kotlinx.coroutines.scheduling.CoroutineScheduler.runSafely(CoroutineScheduler.kt:1)
04-18 22:02:59.813 15618 15663 D App     : 	at kotlinx.coroutines.scheduling.CoroutineScheduler$Worker.run(CoroutineScheduler.kt:14)
04-18 22:02:59.813 15618 15663 D App     : Caused by: org.mozilla.geckoview.WebRequestError: Request failed, error=0x25, category=0x5
04-18 22:02:59.813 15618 15663 D App     : 	at org.mozilla.gecko.mozglue.GeckoLoader.nativeRun(Native Method)
04-18 22:02:59.813 15618 15663 D App     : 	at org.mozilla.gecko.GeckoThread.run(GeckoThread.java:91)
04-18 22:02:59.922 15688 15712 D GeckoThread: State changed to MOZGLUE_READY
04-18 22:02:59.931 15688 15712 W Settings: Setting animator_duration_scale has moved from android.provider.Settings.System to android.provider.Settings.Global, returning read-only global URI.
04-18 22:02:59.932 15618 15677 D ServiceAllocator: org.mozilla.gecko.process.GeckoChildProcessServices$tab0 updateBindings: FOREGROUND priority, 2 importance, 1 successful binds, 0 failed binds, 0 successful unbinds, 0 failed unbinds
04-18 22:02:59.934 15688 15712 E GeckoLibLoad: Load sqlite start
04-18 22:02:59.936 15688 15712 E GeckoLibLoad: Load sqlite done
04-18 22:02:59.936 15688 15712 E GeckoLibLoad: Load nss start
04-18 22:02:59.936 15688 15712 E GeckoLibLoad: Load nss done
04-18 22:02:59.946   808   808 I SFPerfTracer:      triggers: (rate: 86:2030222) (compose: 0:7) (post: 0:19) (render: 0:17) (7:10617904 frames) (8:13422234)
04-18 22:02:59.947   808   808 D SFPerfTracer:        layers: (4:12) (NavigationBar#0 (0xb07df000): 0:1010657) (StatusBar#0 (0xb07e3000): 0:2350693) (com.android.systemui.ImageWallpaper#0 (0xb07e7000): 0:94118)* (Sprite#0 (0xb0733000): 0:317)* (DimLayerController/Stack=0#0 (0xb075a000): 0:3866)* (Sprite#1 (0xb077c000): 0:195)* (org.mozilla.fennec_aurora/org.mozilla.fenix.HomeActivity#0 (0xb0074000): 0:59)- (com.android.launcher3/com.android.launcher3.CustomizationPanelLauncher#0 (0xb0763000): 0:40)- (com.android.launcher3/com.android.launcher3.CustomizationPanelLauncher#1 (0xb0771000): 0:10)- (Splash Screen org.mozilla.fennec_aurora#0 (0xb039b000): 0:32)- (org.mozilla.fennec_aurora/org.mozilla.fenix.IntentReceiverActivity#0 (0xb013a000): 0:2)- (org.mozilla.fennec_aurora/org.mozilla.fenix.HomeActivity#0 (0xb0066000): 7:23) 
04-18 22:02:59.950 15618 15648 I GeckoSession: zerdatime 19789873717 - chrome startup finished
04-18 22:02:59.954 15688 15712 E GeckoLibLoad: Loaded libs in 17.511877ms total, 3ms(6ms) user, 13ms(10ms) system, 0(0) faults
04-18 22:02:59.954 15688 15712 D GeckoThread: State changed to LIBS_READY
04-18 22:02:59.954 15688 15712 W GeckoThread: zerdatime 19789873722 - runGecko
04-18 22:03:00.000 15618 15647 D App     : Could not fetch region from location service
04-18 22:03:00.000 15618 15647 D App     : java.io.IOException: org.mozilla.geckoview.WebRequestError: Request failed, error=0x25, category=0x5
04-18 22:03:00.000 15618 15647 D App     : 	at mozilla.components.browser.engine.gecko.fetch.GeckoViewFetchClient.fetch(GeckoViewFetchClient.kt:41)
04-18 22:03:00.000 15618 15647 D App     : 	at mozilla.components.service.location.MozillaLocationService$fetchRegion$2.invokeSuspend(MozillaLocationService.kt:27)
04-18 22:03:00.000 15618 15647 D App     : 	at mozilla.components.service.location.MozillaLocationService$fetchRegion$2.invoke(Unknown Source:10)
04-18 22:03:00.000 15618 15647 D App     : 	at kotlin.jvm.internal.Intrinsics.startUndispatchedOrReturn(Intrinsics.java:2)
04-18 22:03:00.000 15618 15647 D App     : 	at kotlin.jvm.internal.Intrinsics.withContext(Intrinsics.java:9)
04-18 22:03:00.000 15618 15647 D App     : 	at mozilla.components.service.location.MozillaLocationService.fetchRegion(MozillaLocationService.kt:2)
04-18 22:03:00.000 15618 15647 D App     : 	at mozilla.components.service.location.search.RegionSearchLocalizationProvider.determineRegion(RegionSearchLocalizationProvider.kt:5)
04-18 22:03:00.000 15618 15647 D App     : 	at mozilla.components.browser.search.provider.AssetsSearchEngineProvider.loadSearchEngines(AssetsSearchEngineProvider.kt:5)
04-18 22:03:00.000 15618 15647 D App     : 	at org.mozilla.fenix.components.searchengine.FenixSearchEngineProvider$bundledSearchEngines$1.invokeSuspend(FenixSearchEngineProvider.kt:21)
04-18 22:03:00.000 15618 15647 D App     : 	at kotlin.coroutines.jvm.internal.BaseContinuationImpl.resumeWith(ContinuationImpl.kt:2)
04-18 22:03:00.000 15618 15647 D App     : 	at kotlinx.coroutines.DispatchedTask.run(DispatchedTask.kt:19)
04-18 22:03:00.000 15618 15647 D App     : 	at kotlinx.coroutines.scheduling.CoroutineScheduler.runSafely(CoroutineScheduler.kt:1)
04-18 22:03:00.000 15618 15647 D App     : 	at kotlinx.coroutines.scheduling.CoroutineScheduler$Worker.run(CoroutineScheduler.kt:14)
04-18 22:03:00.000 15618 15647 D App     : Caused by: org.mozilla.geckoview.WebRequestError: Request failed, error=0x25, category=0x5
04-18 22:03:00.000 15618 15647 D App     : 	at org.mozilla.gecko.mozglue.GeckoLoader.nativeRun(Native Method)
04-18 22:03:00.000 15618 15647 D App     : 	at org.mozilla.gecko.GeckoThread.run(GeckoThread.java:91)
04-18 22:03:00.106 15688 15712 D GeckoThread: State changed to RUNNING
04-18 22:03:00.142 15688 15712 W ResourceType: Too many attribute references, stopped at: 0x01010099
04-18 22:03:00.247 15688 15688 D GeckoNetworkManager: Incoming event enableNotifications for state OffNoListeners -> OffWithListeners
04-18 22:03:00.249 15688 15688 D GeckoNetworkManager: New network state: DOWN, NONE, UNKNOWN
04-18 22:03:00.458 15618 15618 D App     : Installed browser-icons extension
04-18 22:03:00.459 15618 15618 D mozac-webextensions: Installed extension: mozacWebchannel
04-18 22:03:00.463 15618 15618 D mozac-webextensions: Installed extension: mozacReaderview
04-18 22:03:00.481 15618 15618 D GeckoSession: handleMessage GeckoView:PageStart uri=about:blank
04-18 22:03:00.513 15618 15618 D GeckoSession: handleMessage GeckoView:LocationChange uri=about:blank
04-18 22:03:00.515 15618 15618 D GeckoSession: handleMessage GeckoView:PageStop uri=null
04-18 22:03:00.522 15618 15618 I SessionStorage/AutoSave: Save: Load finished
04-18 22:03:00.524 15618 15782 D SessionStorage/AutoSave: Delaying save (332ms)
04-18 22:03:00.531 15618 15648 D GeckoScreenOrientation: unlocking
04-18 22:03:00.539 15618 15618 D GeckoSession: handleMessage GeckoView:ProgressChanged uri=null
04-18 22:03:00.547 15618 15618 D GeckoSession: handleMessage GeckoView:PageStart uri=https://example.com/
04-18 22:03:00.555 15618 15618 I zygote  : Deoptimizing void kotlin.sequences.FilteringSequence$iterator$1.calcNext() due to JIT inline cache
04-18 22:03:00.573 15618 15618 D GeckoSession: handleMessage GeckoView:ProgressChanged uri=null
04-18 22:03:00.596 15618 15618 D GeckoSession: handleMessage GeckoView:PageStop uri=null
04-18 22:03:00.596 15618 15618 I SessionStorage/AutoSave: Save: Load finished
04-18 22:03:00.597 15618 15618 D SessionStorage/AutoSave: Skipping save, other job already in flight
04-18 22:03:00.611 15618 15618 D GeckoSession: handleMessage GeckoView:SecurityChanged uri=null
04-18 22:03:00.613 15618 15618 D GeckoSession: handleMessage GeckoView:ProgressChanged uri=null
04-18 22:03:00.620 15618 15618 D GeckoSession: handleMessage GeckoView:PageStart uri=https://example.com/
04-18 22:03:00.702  1456  4802 I ActivityManager: Start proc 15840:org.mozilla.fennec_aurora:tab1/u0a1267 for service org.mozilla.fennec_aurora/org.mozilla.gecko.process.GeckoChildProcessServices$tab1
04-18 22:03:00.705 15618 15677 D ServiceAllocator: org.mozilla.gecko.process.GeckoChildProcessServices$tab1 updateBindings: BACKGROUND priority, 0 importance, 2 successful binds, 0 failed binds, 0 successful unbinds, 0 failed unbinds
04-18 22:03:00.839 15840 15840 D GeckoThread: State changed to LAUNCHED
04-18 22:03:00.839 15840 15856 I GeckoThread: preparing to run Gecko
