05-29 23:51:12.116 11026 11026 D GeckoNetworkManager: Incoming event receivedUpdate for state OnWithListeners -> OnWithListeners
05-29 23:51:12.118 11026 11026 D GeckoNetworkManager: New network state: UP, WIFI, WIFI
05-29 23:51:12.146 11026 11104 D vndksupport: Loading /vendor/lib/hw/android.hardware.graphics.mapper@2.0-impl.so from current namespace instead of sphal namespace.
05-29 23:51:12.147 11026 11104 D vndksupport: Loading /vendor/lib/hw/gralloc.msm8937.so from current namespace instead of sphal namespace.
05-29 23:51:12.196 11026 11026 W LOTTIE  : Animation contains merge paths but they are disabled.
05-29 23:51:12.305 11026 11058 W GeckoEventDispatcher: No listener for GeckoView:AccessibilityEnabled
05-29 23:51:12.322 10849 10849 I MemoryTrimmer: Trimming objects from memory, since app is in the background.
05-29 23:51:12.324 11026 11058 W ResourceType: Too many attribute references, stopped at: 0x01010099
05-29 23:51:12.334 10849 10849 I MemoryTrimmer: Trimming objects from memory, since app is in the background.
05-29 23:51:12.335 10849 18685 I PBSessionCacheImpl: Deleted sessionId[47715996814623110] from persistence.
05-29 23:51:12.338  1456 10366 I WifiService: getWifiEnabledState uid=10073
05-29 23:51:12.352 10849 10986 W SearchServiceCore: Abort, client detached.
05-29 23:51:12.362 11026 11034 I zygote  : Do partial code cache collection, code=120KB, data=88KB
05-29 23:51:12.364 11026 11034 I zygote  : After code cache collection, code=120KB, data=88KB
05-29 23:51:12.364 11026 11034 I zygote  : Increasing code cache capacity to 512KB
05-29 23:51:12.478 11026 11094 D ServiceAllocator: org.mozilla.gecko.process.GeckoChildProcessServices$tab0 updateBindings: FOREGROUND priority, 0 importance, 1 successful binds, 0 failed binds, 0 successful unbinds, 0 failed unbinds
05-29 23:51:12.486 11105 11130 D GeckoThread: State changed to MOZGLUE_READY
05-29 23:51:12.494 11026 11094 D ServiceAllocator: org.mozilla.gecko.process.GeckoChildProcessServices$tab0 updateBindings: FOREGROUND priority, 2 importance, 0 successful binds, 0 failed binds, 0 successful unbinds, 0 failed unbinds
05-29 23:51:12.496 11105 11130 W Settings: Setting animator_duration_scale has moved from android.provider.Settings.System to android.provider.Settings.Global, returning read-only global URI.
05-29 23:51:12.500 11105 11130 E GeckoLibLoad: Load sqlite start
05-29 23:51:12.502 11105 11130 E GeckoLibLoad: Load sqlite done
05-29 23:51:12.502 11105 11130 E GeckoLibLoad: Load nss start
05-29 23:51:12.502 11105 11130 E GeckoLibLoad: Load nss done
05-29 23:51:12.512 11026 11058 I GeckoSession: zerdatime 23338778585 - chrome startup finished
05-29 23:51:12.520 11105 11130 E GeckoLibLoad: Loaded libs in 18.144585ms total, 6ms(6ms) user, 10ms(10ms) system, 0(0) faults
05-29 23:51:12.521 11105 11130 D GeckoThread: State changed to LIBS_READY
05-29 23:51:12.521 11105 11130 W GeckoThread: zerdatime 23338778594 - runGecko
05-29 23:51:12.602 11026 11084 D places_ffi: places_connection_new
05-29 23:51:12.619 11026 11084 D places_ffi: places_note_observation
05-29 23:51:12.647 11026 11136 D glean/ConceptFetchHttpUploader: Ping successfully sent (200)
05-29 23:51:12.647 11026 11136 D glean/PingUploadWorker: 7c6c1906-2a2d-467a-9e92-f46801b76e09 was deleted: true
05-29 23:51:12.650 11026 11050 I WM-WorkerWrapper: Worker result SUCCESS for Work [ id=1c879bc4-18bb-44af-a5c1-dfeccba342c8, tags={ mozilla.telemetry.glean.scheduler.PingUploadWorker, mozac_service_glean_ping_upload_worker } ]
05-29 23:51:12.656  1456  2067 D ConnectivityService: releasing NetworkRequest [ TRACK_DEFAULT id=55658, [ Capabilities: INTERNET&NOT_RESTRICTED&TRUSTED&NOT_VPN] ] (release request)
05-29 23:51:12.663 11026 11084 D sql_support::conn_ext: Transaction commited after 43.355108ms
05-29 23:51:12.670 11026 11076 D places_ffi: places_note_observation
05-29 23:51:12.683 11105 11130 D GeckoThread: State changed to RUNNING
05-29 23:51:12.702 11026 11076 D sql_support::conn_ext: Transaction commited after 31.723076ms
05-29 23:51:12.721 11105 11130 W ResourceType: Too many attribute references, stopped at: 0x01010099
05-29 23:51:12.751 11026 11058 D GeckoScreenOrientation: unlocking
05-29 23:51:12.817 11026 11026 D GeckoSession: handleMessage GeckoView:PageStart uri=about:blank
05-29 23:51:12.826 11105 11105 D GeckoNetworkManager: Incoming event enableNotifications for state OffNoListeners -> OffWithListeners
05-29 23:51:12.829 11105 11105 D GeckoNetworkManager: New network state: UP, WIFI, WIFI
05-29 23:51:12.848 11026 11026 D GeckoSession: handleMessage GeckoView:LocationChange uri=about:blank
05-29 23:51:12.854 11026 11026 D GeckoSession: handleMessage GeckoView:PageStop uri=null
05-29 23:51:12.863 11026 11026 I SessionStorage/AutoSave: Save: Load finished
05-29 23:51:12.864 11026 11076 D SessionStorage/AutoSave: Delaying save (541ms)
05-29 23:51:12.886 11026 11026 I zygote  : Deoptimizing void kotlin.sequences.FilteringSequence$iterator$1.calcNext() due to JIT inline cache
05-29 23:51:13.205 11026 11026 D App     : Installed browser-icons extension
05-29 23:51:13.208 11026 11026 D GeckoSession: handleMessage GeckoView:ProgressChanged uri=null
05-29 23:51:13.225 11026 11058 D GeckoScreenOrientation: unlocking
05-29 23:51:13.226 11026 11026 D GeckoSession: handleMessage GeckoView:PageStart uri=https://example.com/
05-29 23:51:13.259 11026 11026 I zygote  : Deoptimizing java.lang.Object kotlin.coroutines.CombinedContext.fold(java.lang.Object, kotlin.jvm.functions.Function2) due to JIT inline cache
05-29 23:51:13.261 11026 11026 D mozac-webextensions: Installed extension: mozacWebchannel
05-29 23:51:13.262 11026 11026 D GeckoSession: handleMessage GeckoView:ProgressChanged uri=null
05-29 23:51:13.280 11026 11026 D GeckoSession: handleMessage GeckoView:PageStop uri=null
05-29 23:51:13.280 11026 11026 I SessionStorage/AutoSave: Save: Load finished
05-29 23:51:13.280 11026 11026 D SessionStorage/AutoSave: Skipping save, other job already in flight
05-29 23:51:13.307 11026 11026 I zygote  : Deoptimizing java.lang.Object mozilla.components.support.ktx.kotlinx.coroutines.flow.FlowKt$filterChanged$1.invokeSuspend(java.lang.Object) due to JIT inline cache
05-29 23:51:13.310 11026 11026 D GeckoSession: handleMessage GeckoView:SecurityChanged uri=null
05-29 23:51:13.310 11026 11026 D GeckoSession: handleMessage GeckoView:ProgressChanged uri=null
05-29 23:51:13.322 11026 11026 D GeckoSession: handleMessage GeckoView:PageStart uri=https://example.com/
05-29 23:51:13.419 11026 11076 D SessionStorage/AutoSave: Saved state to disk [13ms]
05-29 23:51:13.438 11026 11026 D GeckoSession: handleMessage GeckoView:LocationChange uri=https://example.com/
05-29 23:51:13.450 11026 11076 I zygote  : Deoptimizing void kotlinx.coroutines.DispatchedTask.run() due to JIT inline cache
05-29 23:51:13.453 11026 11076 D places_ffi: bookmarks_get_all_with_url
05-29 23:51:13.455 11026 11076 I zygote  : Deoptimizing void kotlin.coroutines.jvm.internal.BaseContinuationImpl.resumeWith(java.lang.Object) due to JIT inline cache
05-29 23:51:13.473 11026 11026 D GeckoSession: handleMessage GeckoView:SecurityChanged uri=null
05-29 23:51:13.494 11026 11026 I zygote  : Deoptimizing java.lang.Object mozilla.components.support.ktx.kotlinx.coroutines.flow.FlowKt$filterChanged$1.invokeSuspend(java.lang.Object) due to JIT inline cache
05-29 23:51:13.524 11026 11076 D places_ffi: places_note_observation
05-29 23:51:13.532 11026 11026 D GeckoSession: handleMessage GeckoView:ProgressChanged uri=null
05-29 23:51:13.540 11026 11026 D GeckoSession: handleMessage GeckoView:ProgressChanged uri=null
05-29 23:51:13.542 11026 11076 D sql_support::conn_ext: Transaction commited after 17.388544ms
05-29 23:51:13.576 11026 11026 D GeckoSession: handleMessage GeckoView:PageStop uri=null
05-29 23:51:13.576 11026 11026 I SessionStorage/AutoSave: Save: Load finished
05-29 23:51:13.577 11026 11076 D SessionStorage/AutoSave: Delaying save (1286ms)
05-29 23:51:13.611 11026 11034 I zygote  : Do full code cache collection, code=253KB, data=153KB
05-29 23:51:13.614 11026 11034 I zygote  : After code cache collection, code=150KB, data=83KB
05-29 23:51:13.653 11026 11076 D places_ffi: places_get_visited
05-29 23:51:13.678 11026 11260 D BrowserIcons: Loaded icon (source = GENERATOR): https://example.com/
05-29 23:51:13.788 11026 11026 D mozac-webextensions: Installed extension: mozacReaderview
05-29 23:51:13.799   808   808 I SFPerfTracer:      triggers: (rate: 91:2060577) (compose: 0:7) (post: 0:19) (render: 0:17) (7:11538370 frames) (8:14790264)
05-29 23:51:13.799   808   808 D SFPerfTracer:        layers: (4:12) (NavigationBar#0 (0xb07df000): 0:1155017) (StatusBar#0 (0xb07e3000): 0:2781999) (com.android.systemui.ImageWallpaper#0 (0xb07e7000): 0:108043)* (Sprite#0 (0xb0733000): 0:317)* (DimLayerController/Stack=0#0 (0xb075a000): 0:3866)* (Sprite#1 (0xb077c000): 0:195)* (org.mozilla.fennec_aurora/org.mozilla.fenix.HomeActivity#0 (0xafdaa000): 0:59)- (com.android.launcher3/com.android.launcher3.CustomizationPanelLauncher#0 (0xb0763000): 0:40)- (com.android.launcher3/com.android.launcher3.CustomizationPanelLauncher#1 (0xb0771000): 0:9)- (Splash Screen org.mozilla.fennec_aurora#0 (0xb039b000): 0:31)- (org.mozilla.fennec_aurora/org.mozilla.fenix.IntentReceiverActivity#0 (0xafd20000): 0:2)- (org.mozilla.fennec_aurora/org.mozilla.fenix.HomeActivity#0 (0xafdaa000): 6:33) 
05-29 23:51:13.803 11026 11026 D mozac-webcompat: Installed WebCompat webextension: webcompat@mozilla.com
05-29 23:51:13.819 11026 11026 D GeckoSession: handleMessage GeckoView:StateUpdated uri=null
05-29 23:51:13.819 11026 11026 W GeckoSession: No history entries found.
05-29 23:51:13.823 11026 11026 I zygote  : Deoptimizing int mozilla.components.browser.state.state.ContentState.hashCode() due to JIT inline cache
05-29 23:51:14.224 11026 11026 I zygote  : Deoptimizing java.lang.Object kotlinx.coroutines.JobSupport.tryMakeCompleting(java.lang.Object, java.lang.Object) due to JIT same target
05-29 23:51:14.226 11026 11026 I DefaultSupportedAddonsChecker: Register check for new supported add-ons
05-29 23:51:14.257 11026 11076 I SupportedAddonsWorker: Trying to check for new supported add-ons
05-29 23:51:14.337 11026 11026 I zygote  : Deoptimizing void kotlinx.coroutines.DispatchedTask.run() due to JIT inline cache
05-29 23:51:14.340 11026 11050 I WM-WorkerWrapper: Worker result SUCCESS for Work [ id=4151d2f5-4ddd-472b-beeb-cb2bd56c1846, tags={ mozilla.components.feature.addons.migration.DefaultSupportedAddonsChecker.periodicWork, mozilla.components.feature.addons.migration.SupportedAddonsWorker } ]
05-29 23:51:14.821  2398  2398 D QtiCarrierConfigHelper: WARNING, no carrier configs on phone Id: 0
05-29 23:51:14.886 11026 11076 D SessionStorage/AutoSave: Saved state to disk [20ms]
05-29 23:51:16.365 11261 11261 D AndroidRuntime: >>>>>> START com.android.internal.os.RuntimeInit uid 2000 <<<<<<
05-29 23:51:16.378 11261 11261 W app_process: Could not reserve sentinel fault page
05-29 23:51:16.544 11261 11261 I app_process: The ClassLoaderContext is a special shared library.
05-29 23:51:16.614 11261 11261 D AndroidRuntime: Calling main entry com.android.commands.input.Input
05-29 23:51:16.615 11261 11261 I Input   : injectKeyEvent: KeyEvent { action=ACTION_DOWN, keyCode=KEYCODE_HOME, scanCode=0, metaState=0, flags=0x0, repeatCount=0, eventTime=22886744201, downTime=22886744201, deviceId=-1, source=0x101 }
05-29 23:51:16.622 11261 11261 I Input   : injectKeyEvent: KeyEvent { action=ACTION_UP, keyCode=KEYCODE_HOME, scanCode=0, metaState=0, flags=0x0, repeatCount=0, eventTime=22886744201, downTime=22886744201, deviceId=-1, source=0x101 }
05-29 23:51:16.629  1456  1941 I ActivityManager: START u0 {act=android.intent.action.MAIN cat=[android.intent.category.HOME] flg=0x10200000 cmp=com.android.launcher3/.CustomizationPanelLauncher (has extras)} from uid 1000
05-29 23:51:16.629   794   839 E ANDR-PERF-RESOURCEQS: Failed to apply optimization [4, 0]
05-29 23:51:16.636 11261 11261 D AndroidRuntime: Shutting down VM
05-29 23:51:16.647  1456 10366 I ActivityManager: moveHomeStack, setupComplete:true
05-29 23:51:16.660 10849 10934 I Adreno  : QUALCOMM build                   : bb5b86c, I77d3059488
05-29 23:51:16.660 10849 10934 I Adreno  : Build Date                       : 06/07/18
05-29 23:51:16.660 10849 10934 I Adreno  : OpenGL ES Shader Compiler Version: EV031.22.00.01_06
05-29 23:51:16.660 10849 10934 I Adreno  : Local Branch                     : 
05-29 23:51:16.660 10849 10934 I Adreno  : Remote Branch                    : refs/tags/AU_LINUX_ANDROID_LA.UM.6.5.R1.08.01.00.312.086
05-29 23:51:16.660 10849 10934 I Adreno  : Remote Branch                    : NONE
05-29 23:51:16.660 10849 10934 I Adreno  : Reconstruct Branch               : NOTHING
05-29 23:51:16.664 10849 10934 D vndksupport: Loading /vendor/lib/hw/gralloc.msm8937.so from current namespace instead of sphal namespace.
05-29 23:51:16.669 10849 10934 I Adreno  : PFP: 0x005ff087, ME: 0x005ff063
05-29 23:51:16.670  2748  2748 D Launcher.Utilities: Wakeup weather: Intent { act=com.motorola.launcher3.action.WAKEUP_WEATHER cmp=com.motorola.timeweatherwidget/com.motorola.commandcenter.weather.WakeUpService }
05-29 23:51:16.673 10849 10934 I zygote  : android::hardware::configstore::V1_0::ISurfaceFlingerConfigs::hasWideColorDisplay retrieved: 0
05-29 23:51:16.673 10849 10934 I OpenGLRenderer: Initialized EGL, version 1.4
05-29 23:51:16.674 10849 10934 D OpenGLRenderer: Swap behavior 2
05-29 23:51:16.681  1456  1456 I NotificationService: Cannot find enqueued record for key: 0|com.motorola.timeweatherwidget|1|null|10116
05-29 23:51:16.684   808   808 D SurfaceFlinger: duplicate layer name: changing com.android.launcher3/com.android.launcher3.CustomizationPanelLauncher to com.android.launcher3/com.android.launcher3.CustomizationPanelLauncher#1
05-29 23:51:16.711 10849 10915 W ThreadPoolDumper: Queue length for executor EventBus is now 11. Perhaps some tasks are too long, or the pool is too small.
05-29 23:51:16.712  1456  2921 I WifiService: getWifiEnabledState uid=10073
05-29 23:51:16.717  1456  2921 I WifiService: getWifiEnabledState uid=10073
05-29 23:51:16.781  1456  1673 I LaunchCheckinHandler: Displayed com.android.launcher3/.CustomizationPanelLauncher,wp,wa,152
05-29 23:51:16.783 11026 11094 D ServiceAllocator: org.mozilla.gecko.process.GeckoChildProcessServices$tab0 updateBindings: IDLE priority, 6 importance, 0 successful binds, 0 failed binds, 2 successful unbinds, 0 failed unbinds
05-29 23:51:16.789 10849 10849 I BgTaskExecutorImpl: Starting EXCLUSIVE background task TNG_MINUS_ONE_SYNC.
05-29 23:51:16.793 10849 10986 I MicroDetectionState: Should stop hotword detection immediately - false
05-29 23:51:16.803 10849 10986 I MicroDetectionWorker: #startMicroDetector [speakerMode: 0]
05-29 23:51:16.810 10849 10925 I MicroDataManager: isInitializing-false locale not changed-true model not changed-true
05-29 23:51:16.810 10849 10986 I TngMinusOneSync: Syncing TNG:-1
05-29 23:51:16.810 10849 10925 I MicroDataManager: Already initialized, obtaining the hotword data immediately.
05-29 23:51:16.811   788  1479 V msm8974_platform: platform_check_input_mask: enter check_input_mask source 6 mask 10
05-29 23:51:16.818  1012 11275 I AudioFlinger: AudioFlinger's thread 0xb2483bc0 tid=11275 ready to run
05-29 23:51:16.818 10849  7509 I MicroRecognitionRunner: Starting detection.
05-29 23:51:16.818 10849  7509 I InputStreamUtils: Using micInputStream
05-29 23:51:16.831   788  1479 D audio_hw_primary: in_set_parameters: enter: kvpairs=input_source=6;routing=-2147483644
05-29 23:51:16.832  1012  4918 D APM_AudioPolicyManager: AudioPolicyManager::startInput() input 365318, session 365433, source = 1999
05-29 23:51:16.833 10849 10986 I MicroDetectionWorker: onReady
05-29 23:51:16.834   788 11276 V msm8974_platform: platform_update_usecase_from_source: input source :6
05-29 23:51:16.834   788 11276 V msm8974_platform: platform_check_input_mask: enter check_input_mask source 6 mask 10
05-29 23:51:16.834 10849 10986 I HotwordLSAdapter: getAudioSourceOpeningStatus completed: 1
05-29 23:51:16.834   788 11276 V msm8974_platform: platform_get_input_snd_device: enter: out_device(0) in_device(0x4) channel_count (1) channel_mask (0x10)
05-29 23:51:16.834   788 11276 V msm8974_platform: platform_get_input_snd_device: exit: in_snd_device(voice-rec-mic)
05-29 23:51:16.834   788 11276 V msm8974_platform: platform_get_backend_index:napb: backend port - 5 device - 120 
05-29 23:51:16.834   788 11276 V msm8974_platform: platform_check_and_set_capture_backend_cfg:txbecf: afe: bitwidth 0, samplerate 0, channel 1, backend_idx 5 usecase = 9 device (voice-rec-mic)
05-29 23:51:16.834   788 11276 V msm8974_platform: platform_check_capture_backend_cfg:txbecf: afe: Codec selected backend: 5 current bit width: 0 and sample rate: 0, channels 1
05-29 23:51:16.834   788 11276 V msm8974_platform: platform_check_capture_backend_cfg:txbecf: afe: Codec selected backend: 5 updated bit width: 0 and sample rate: 0
05-29 23:51:16.834   788 11276 I msm8974_platform: platform_check_capture_backend_cfg:txbecf: afe: Codec backend needs to be updated. new bit width: 0 new sample rate: 0 new channel: 1
05-29 23:51:16.834   788 11276 V msm8974_platform: platform_get_backend_index:napb: backend port - 5 device - 120 
05-29 23:51:16.834   788 11276 V msm8974_platform: platform_set_backend_cfg:becf: afe: bitwidth 0, samplerate 0 channels 1, backend_idx 5 device (voice-rec-mic)
05-29 23:51:16.835   788 11276 E msm8974_platform: platform_set_backend_cfg:becf: afe: Could not get ctl for mixer command - SLIM_0_TX Format
05-29 23:51:16.835   788 11276 V msm8974_platform: platform_send_audio_calibration: sending audio calibration for snd_device(120) acdb_id(62)
05-29 23:51:16.835   788 11276 D ACDB-LOADER: ACDB -> send_audio_cal, acdb_id = 62, path = 1, app id = 0x11130, sample rate = 48000
05-29 23:51:16.835   788 11276 D ACDB-LOADER: ACDB -> send_asm_topology
05-29 23:51:16.835   788 11276 D ACDB-LOADER: ACDB -> ACDB_CMD_GET_AUDPROC_STREAM_TOPOLOGY_ID
05-29 23:51:16.835   788 11276 D ACDB-LOADER: ACDB -> send_adm_topology
05-29 23:51:16.835   788 11276 D ACDB-LOADER: ACDB -> ACDB_CMD_GET_AUDPROC_COMMON_TOPOLOGY_ID
05-29 23:51:16.835   788 11276 D ACDB-LOADER: ACDB -> send_audtable
05-29 23:51:16.835   788 11276 D ACDB-LOADER: ACDB -> ACDB_CMD_GET_AUDPROC_COMMON_TABLE_SIZE
05-29 23:51:16.835   788 11276 D ACDB-LOADER: ACDB -> ACDB_CMD_GET_AUDPROC_COMMON_TABLE
05-29 23:51:16.835   788 11276 D ACDB-LOADER: ACDB -> AUDIO_SET_AUDPROC_CAL
05-29 23:51:16.835   788 11276 D ACDB-LOADER: ACDB -> send_audvoltable
05-29 23:51:16.836   788 11276 D ACDB-LOADER: ACDB -> ACDB_CMD_GET_AUDPROC_VOL_STEP_TABLE_SIZE
05-29 23:51:16.836   788 11276 D ACDB-LOADER: ACDB -> ACDB_CMD_GET_AUDPROC_GAIN_DEP_STEP_TABLE, vol index 0
05-29 23:51:16.836   788 11276 D         : Failed to fetch the lookup information of the device 0000003E 
05-29 23:51:16.836   788 11276 D ACDB-LOADER: ACDB -> AUDIO_SET_VOL_CAL cal type = 12
05-29 23:51:16.836   788 11276 D ACDB-LOADER: ACDB -> ACDB_CMD_GET_AUDPROC_STREAM_TABLE_SIZE
05-29 23:51:16.836   788 11276 D ACDB-LOADER: ACDB -> send_audstrmtable
05-29 23:51:16.836   788 11276 D ACDB-LOADER: ACDB -> ACDB_CMD_GET_AUDPROC_STREAM_TABLE_V2
05-29 23:51:16.836   788 11276 D ACDB-LOADER: ACDB -> audstrm_cal->cal_type.cal_data.cal_size = 456
05-29 23:51:16.836   788 11276 D ACDB-LOADER: ACDB -> send_afe_topology
05-29 23:51:16.836   788 11276 D ACDB-LOADER: ACDB -> ACDB_CMD_GET_AFE_TOPOLOGY_ID
05-29 23:51:16.836   788 11276 D ACDB-LOADER: ACDB -> GET_AFE_TOPOLOGY_ID for adcd_id 62, Topology Id 112fb
05-29 23:51:16.836   788 11276 D ACDB-LOADER: ACDB -> send_afe_cal
05-29 23:51:16.836   788 11276 D ACDB-LOADER: ACDB -> ACDB_CMD_GET_AFE_COMMON_TABLE_SIZE
05-29 23:51:16.836   788 11276 D         : Failed to fetch the lookup information of the device 0000003E 
05-29 23:51:16.836   788 11276 E ACDB-LOADER: Error: ACDB_CMD_GET_AFE_COMMON_TABLE_SIZE Returned = -19
05-29 23:51:16.836   788 11276 D ACDB-LOADER: ACDB -> ACDB_CMD_GET_AFE_COMMON_TABLE
05-29 23:51:16.836   788 11276 D         : Failed to fetch the lookup information of the device 0000003E 
05-29 23:51:16.836   788 11276 D ACDB-LOADER: ACDB -> AUDIO_SET_AFE_CAL
05-29 23:51:16.836   788 11276 D ACDB-LOADER: ACDB -> send_hw_delay : acdb_id = 62 path = 1
05-29 23:51:16.836   788 11276 D ACDB-LOADER: ACDB -> ACDB_AVSYNC_INFO: ACDB_CMD_GET_DEVICE_PROPERTY
05-29 23:51:16.836   788 11276 D audio_hw_primary: enable_snd_device: snd_device(120: voice-rec-mic)
05-29 23:51:16.836   788 11276 D audio_route: Apply path: voice-rec-mic
05-29 23:51:16.841   788 11276 V msm8974_platform: platform_get_snd_device_backend_index: enter with device 120
05-29 23:51:16.841   788 11276 E msm8974_platform: platform_get_snd_device_backend_index: BE DAI Name Table is not present
05-29 23:51:16.841   788 11276 V msm8974_platform: platform_get_backend_index:napb: backend port - 5 device - 120 
05-29 23:51:16.841   788 11276 I audio_hw_utils: Set Audio Stream Capture 0 App Type Cfg: app_type 69936, acdb_dev_id 62, sample_rate 48000, snd_device_be_idx -14
05-29 23:51:16.841   788 11276 D audio_hw_primary: enable_audio_route: usecase(9) apply and update mixer path: audio-record
05-29 23:51:16.841   788 11276 D audio_route: Apply path: audio-record
05-29 23:51:16.879 11026 11026 D GeckoSession: handleMessage GeckoView:StateUpdated uri=null
05-29 23:51:16.964  2146  2165 I zygote  : NativeAlloc concurrent copying GC freed 23174(1195KB) AllocSpace objects, 0(0B) LOS objects, 49% free, 11MB/22MB, paused 299us total 163.812ms
05-29 23:51:17.023 11026 11054 I libglean_ffi: glean_core::ping: Collecting startup-timeline
05-29 23:51:17.028 11026 11054 D libglean_ffi: glean_core::ping: Storing ping '384fe757-83da-4bd3-91ba-6f8226e38e81' at '/data/user/0/org.mozilla.fennec_aurora/glean_data/pending_pings/384fe757-83da-4bd3-91ba-6f8226e38e81'
05-29 23:51:17.028 11026 11054 I libglean_ffi: glean_core: The ping 'startup-timeline' was submitted and will be sent as soon as possible
05-29 23:51:17.039 11026 11026 I zygote  : Deoptimizing kotlinx.coroutines.internal.LockFreeLinkedListNode kotlinx.coroutines.internal.LockFreeLinkedListNode.correctPrev(kotlinx.coroutines.internal.OpDescriptor) due to JIT inline cache
05-29 23:51:17.040 11026 11026 D SessionManager: onTrimMemory(80): clearThumbnails=true, closeEngineSessions=true
05-29 23:51:17.051 11026 11026 D SessionManager: Cleared 7 thumbnail(s) and unlinked 0 engine sessions(s)
05-29 23:51:17.060  1456  2921 D ConnectivityService: requestNetwork for uid/pid:11358/11026 NetworkRequest [ TRACK_DEFAULT id=55660, [ Capabilities: INTERNET&NOT_RESTRICTED&TRUSTED&NOT_VPN] ]
05-29 23:51:17.061  1456  2099 D Ethernet: got request NetworkRequest [ TRACK_DEFAULT id=55660, [ Capabilities: INTERNET&NOT_RESTRICTED&TRUSTED&NOT_VPN] ] with score 60
05-29 23:51:17.061  1456  2054 D WIFI_UT : got request NetworkRequest [ TRACK_DEFAULT id=55660, [ Capabilities: INTERNET&NOT_RESTRICTED&TRUSTED&NOT_VPN] ] with score 60
05-29 23:51:17.062  1456  2054 D WIFI    : got request NetworkRequest [ TRACK_DEFAULT id=55660, [ Capabilities: INTERNET&NOT_RESTRICTED&TRUSTED&NOT_VPN] ] with score 60
05-29 23:51:17.062  2398  2398 D PhoneSwitcherNetworkRequstListener: got request NetworkRequest [ TRACK_DEFAULT id=55660, [ Capabilities: INTERNET&NOT_RESTRICTED&TRUSTED&NOT_VPN] ] with score 60
05-29 23:51:17.078 11026 11277 D glean/PingUploadWorker: Processing persisted pings at /data/user/0/org.mozilla.fennec_aurora/glean_data/pending_pings
05-29 23:51:17.079 11026 11277 D glean/PingUploadWorker: Processing ping: 384fe757-83da-4bd3-91ba-6f8226e38e81
05-29 23:51:17.080 11026 11277 D glean/ConceptFetchHttpUploader: Submitting ping to: https://incoming.telemetry.mozilla.org/submit/org-mozilla-fennec-aurora/startup-timeline/1/384fe757-83da-4bd3-91ba-6f8226e38e81
05-29 23:51:17.095 11026 11026 I glean/Glean: Registering pings for org.mozilla.fenix.GleanMetrics.Pings
05-29 23:51:17.144 11026 11026 D App     : ActivationPing - already generated
05-29 23:51:17.146 11026 11076 I FenixApplication: Running post-visual completeness tasks...
05-29 23:51:17.146 11026 11076 I FenixApplication: Storage initialization...
05-29 23:51:17.147 11026 11026 I FenixApplication: Kicking-off account manager...
05-29 23:51:17.147 11026 11076 I PlacesHistoryStorage: Warming up places storage...
05-29 23:51:17.147 11026 11026 I FenixApplication: 'Kicking-off account manager' took 0 ms
05-29 23:51:17.147 11026 11076 I PlacesHistoryStorage: 'Warming up places storage' took 0 ms
05-29 23:51:17.147 11026 11076 I PlacesBookmarksStorage: Warming up places storage...
05-29 23:51:17.147 11026 11076 I PlacesBookmarksStorage: 'Warming up places storage' took 0 ms
05-29 23:51:17.169 11026 11076 I SyncableLoginsStorage: Warming up storage...
05-29 23:51:17.178 11026 11076 D RustNativeSupport: findMegazordLibraryName(logins, 0.59.0
05-29 23:51:17.179 11026 11076 D RustNativeSupport: lib in use: none
05-29 23:51:17.179 11026 11076 D RustNativeSupport: lib configured: megazord
05-29 23:51:17.179 11026 11076 D RustNativeSupport: lib version configured: 0.59.0
05-29 23:51:17.179 11026 11076 D RustNativeSupport: settled on megazord
05-29 23:51:17.181 11026 11076 D logins_ffi: sync15_passwords_state_new
05-29 23:51:17.190  1456  7796 I OpenGLRenderer: Initialized EGL, version 1.4
05-29 23:51:17.191  1456  7796 D OpenGLRenderer: Swap behavior 2
05-29 23:51:17.224  2748  2917 W OpenGLRenderer: Incorrectly called buildLayer on View: ShortcutAndWidgetContainer, destroying layer...
05-29 23:51:17.258 11026 11277 D glean/ConceptFetchHttpUploader: Ping successfully sent (200)
05-29 23:51:17.259 11026 11277 D glean/PingUploadWorker: 384fe757-83da-4bd3-91ba-6f8226e38e81 was deleted: true
05-29 23:51:17.262 11026 11119 I WM-WorkerWrapper: Worker result SUCCESS for Work [ id=cf8fdf24-d46d-4e04-9bd2-ec8d6e7e16e2, tags={ mozilla.telemetry.glean.scheduler.PingUploadWorker, mozac_service_glean_ping_upload_worker } ]
05-29 23:51:17.266  1456  2067 D ConnectivityService: releasing NetworkRequest [ TRACK_DEFAULT id=55660, [ Capabilities: INTERNET&NOT_RESTRICTED&TRUSTED&NOT_VPN] ] (release request)
05-29 23:51:17.335 11026 11026 D GeckoRuntime: Lifecycle: onPause
05-29 23:51:17.335 11026 11026 D GeckoNetworkManager: Incoming event stop for state OnWithListeners -> OffWithListeners
05-29 23:51:17.336 11026 11026 I SessionStorage/AutoSave: Save: Background
05-29 23:51:17.342 11026 11054 I libglean_ffi: glean_core::ping: Collecting baseline
05-29 23:51:17.347 11026 11054 D libglean_ffi: glean_core::ping: Storing ping 'ea29af30-08ef-4544-802b-e76cf04f58c5' at '/data/user/0/org.mozilla.fennec_aurora/glean_data/pending_pings/ea29af30-08ef-4544-802b-e76cf04f58c5'
05-29 23:51:17.347 11026 11054 I libglean_ffi: glean_core: The ping 'baseline' was submitted and will be sent as soon as possible
05-29 23:51:17.350 11026 11054 I libglean_ffi: glean_core::ping: Collecting events
05-29 23:51:17.354 11026 11084 D SessionStorage/AutoSave: Saved state to disk [15ms]
05-29 23:51:17.356 11026 11054 D libglean_ffi: glean_core::ping: Storing ping 'f665df01-a504-49ff-83a9-bc88e1895122' at '/data/user/0/org.mozilla.fennec_aurora/glean_data/pending_pings/f665df01-a504-49ff-83a9-bc88e1895122'
05-29 23:51:17.357 11026 11054 I libglean_ffi: glean_core: The ping 'events' was submitted and will be sent as soon as possible
05-29 23:51:17.381  1456  2196 D ConnectivityService: requestNetwork for uid/pid:11358/11026 NetworkRequest [ TRACK_DEFAULT id=55661, [ Capabilities: INTERNET&NOT_RESTRICTED&TRUSTED&NOT_VPN] ]
05-29 23:51:17.382  1456  2099 D Ethernet: got request NetworkRequest [ TRACK_DEFAULT id=55661, [ Capabilities: INTERNET&NOT_RESTRICTED&TRUSTED&NOT_VPN] ] with score 60
05-29 23:51:17.382  1456  2054 D WIFI_UT : got request NetworkRequest [ TRACK_DEFAULT id=55661, [ Capabilities: INTERNET&NOT_RESTRICTED&TRUSTED&NOT_VPN] ] with score 60
05-29 23:51:17.383  1456  2054 D WIFI    : got request NetworkRequest [ TRACK_DEFAULT id=55661, [ Capabilities: INTERNET&NOT_RESTRICTED&TRUSTED&NOT_VPN] ] with score 60
05-29 23:51:17.383  2398  2398 D PhoneSwitcherNetworkRequstListener: got request NetworkRequest [ TRACK_DEFAULT id=55661, [ Capabilities: INTERNET&NOT_RESTRICTED&TRUSTED&NOT_VPN] ] with score 60
05-29 23:51:17.392 11026 11282 D glean/PingUploadWorker: Processing persisted pings at /data/user/0/org.mozilla.fennec_aurora/glean_data/pending_pings
05-29 23:51:17.393 11026 11282 D glean/PingUploadWorker: Processing ping: ea29af30-08ef-4544-802b-e76cf04f58c5
05-29 23:51:17.395 11026 11282 D glean/ConceptFetchHttpUploader: Submitting ping to: https://incoming.telemetry.mozilla.org/submit/org-mozilla-fennec-aurora/baseline/1/ea29af30-08ef-4544-802b-e76cf04f58c5
05-29 23:51:17.420   808   898 I SFPerfTracer:      triggers: (rate: 0:1) (0 sw vsyncs) (0 skipped) (40:7427553 vsyncs) (42:14921476)
05-29 23:51:17.690 11026 11282 D glean/ConceptFetchHttpUploader: Ping successfully sent (200)
05-29 23:51:17.691 11026 11282 D glean/PingUploadWorker: ea29af30-08ef-4544-802b-e76cf04f58c5 was deleted: true
05-29 23:51:17.691 11026 11282 D glean/PingUploadWorker: Processing ping: f665df01-a504-49ff-83a9-bc88e1895122
05-29 23:51:17.692 11026 11282 D glean/ConceptFetchHttpUploader: Submitting ping to: https://incoming.telemetry.mozilla.org/submit/org-mozilla-fennec-aurora/events/1/f665df01-a504-49ff-83a9-bc88e1895122
05-29 23:51:17.794 11026 11076 I SyncableLoginsStorage: 'Warming up storage' took 624 ms
05-29 23:51:17.794 11026 11076 I FenixApplication: 'Storage initialization' took 647 ms
05-29 23:51:17.815 11026 11282 D glean/ConceptFetchHttpUploader: Ping successfully sent (200)
05-29 23:51:17.816 11026 11282 D glean/PingUploadWorker: f665df01-a504-49ff-83a9-bc88e1895122 was deleted: true
05-29 23:51:17.818 11026 11121 I WM-WorkerWrapper: Worker result SUCCESS for Work [ id=6476539b-17fe-40af-936e-c2d7944875f4, tags={ mozilla.telemetry.glean.scheduler.PingUploadWorker, mozac_service_glean_ping_upload_worker } ]
05-29 23:51:17.821  1456  2067 D ConnectivityService: releasing NetworkRequest [ TRACK_DEFAULT id=55661, [ Capabilities: INTERNET&NOT_RESTRICTED&TRUSTED&NOT_VPN] ] (release request)
05-29 23:51:17.840 11026 11026 D SessionManager: onTrimMemory(80): clearThumbnails=true, closeEngineSessions=true
05-29 23:51:17.849 11026 11026 D SessionManager: Cleared 7 thumbnail(s) and unlinked 0 engine sessions(s)
05-29 23:51:21.793  1456  2196 I ActivityManager: Force stopping org.mozilla.fennec_aurora appid=11358 user=0: from pid 11286
05-29 23:51:21.793  1456  2196 I ActivityManager: Killing 11026:org.mozilla.fennec_aurora/u0a1358 (adj 700): stop org.mozilla.fennec_aurora
05-29 23:51:21.796  1456  1605 W zygote  : kill(-11026, 9) failed: No such process
05-29 23:51:21.798  1456  2196 W ActivityManager: Force removing ActivityRecord{52b5a02 u0 org.mozilla.fennec_aurora/org.mozilla.fenix.HomeActivity t76720}: app died, no saved state
05-29 23:51:21.799 11105 11105 I ServiceChildProcess: Service has been unbound. Stopping.
05-29 23:51:21.808  1456  2196 I ActivityManager: Killing 11105:org.mozilla.fennec_aurora:tab0/u0a1358 (adj 0): stop org.mozilla.fennec_aurora
05-29 23:51:21.812  1456  1605 W zygote  : kill(-11026, 9) failed: No such process
05-29 23:51:21.818  2398  2398 D CarrierSvcBindHelper: No carrier app for: 0
05-29 23:51:21.819  2398  2398 D CarrierSvcBindHelper: No carrier app for: 1
05-29 23:51:21.829  1456  1605 W zygote  : kill(-11026, 9) failed: No such process
05-29 23:51:21.876  1456  1673 W ActivityManager: setHasOverlayUi called on unknown pid: 11026
05-29 23:51:21.899  1456  1605 I chatty  : uid=1000(system) ActivityManager identical 5 lines
05-29 23:51:21.912  1456  1605 W zygote  : kill(-11026, 9) failed: No such process
05-29 23:51:21.921  1456  2402 I ActivityManager: START u0 {act=android.intent.action.VIEW dat=https://example.com/... typ=text/html flg=0x10000000 cmp=org.mozilla.fennec_aurora/org.mozilla.fenix.IntentReceiverActivity} from uid 2000
05-29 23:51:21.921   794   839 E ANDR-PERF-RESOURCEQS: Failed to apply optimization [4, 0]
05-29 23:51:21.922  1456  1605 W zygote  : kill(-11026, 9) failed: No such process
05-29 23:51:21.934  1456  1605 W zygote  : kill(-11026, 9) failed: No such process
05-29 23:51:21.934  1456  1605 I zygote  : Successfully killed process cgroup uid 11358 pid 11026 in 138ms
05-29 23:51:21.934  1456  1605 W zygote  : kill(-11105, 9) failed: No such process
05-29 23:51:21.934  1456  1605 I zygote  : Successfully killed process cgroup uid 11358 pid 11105 in 0ms
05-29 23:51:21.942  1456  5907 I ActivityManager: Start proc 11294:org.mozilla.fennec_aurora/u0a1358 for activity org.mozilla.fennec_aurora/org.mozilla.fenix.IntentReceiverActivity
05-29 23:51:22.030 10849 10986 I MicroDetectionState: Should stop hotword detection immediately - false
05-29 23:51:22.030 10849 10986 I MicroDetector: Keeping mic open: false
05-29 23:51:22.030 10849 10986 I MicroDetector: #shutdownAudioWithAudioLibrary
05-29 23:51:22.031 10849 18781 E DeviceStateChecker: DeviceStateChecker cancelled
05-29 23:51:22.031 10849 10916 I MicroRecognitionRunner: Stopping hotword detection.
05-29 23:51:22.031 10849  7509 W b       : #read failed: read EOF from AudioAccessor.
05-29 23:51:22.032 10849  7509 I MicroRecognitionRunner: Detection finished
05-29 23:51:22.062 11294 11294 D FirebaseApp: com.google.firebase.auth.FirebaseAuth is not linked. Skipping initialization.
05-29 23:51:22.063 11294 11294 D FirebaseApp: com.google.firebase.crash.FirebaseCrash is not linked. Skipping initialization.
05-29 23:51:22.063 11294 11294 I FirebaseInitProvider: FirebaseApp initialization successful
05-29 23:51:22.093   788  1479 D audio_hw_primary: disable_audio_route: usecase(9) reset and update mixer path: audio-record
05-29 23:51:22.094   788  1479 D audio_hw_primary: disable_snd_device: snd_device(120: voice-rec-mic)
05-29 23:51:22.096  1012  1390 D APM_AudioPolicyManager: stopInput() input 365318, session 365433
05-29 23:51:22.097   788  1479 D audio_hw_primary: in_set_parameters: enter: kvpairs=routing=0
05-29 23:51:22.099 10849 10986 I HotwordLSAdapter: stopListeningStatus result: 1
05-29 23:51:22.102 11294 11314 I FA      : Collection disabled with firebase_analytics_collection_enabled=0
05-29 23:51:22.103 11294 11314 I FA      : App measurement is starting up, version: 12780
05-29 23:51:22.103 11294 11314 I FA      : To enable debug logging run: adb shell setprop log.tag.FA VERBOSE
05-29 23:51:22.104 11294 11314 I FA      : To enable faster debug mode event logging run:
05-29 23:51:22.104 11294 11314 I FA      :   adb shell setprop debug.firebase.analytics.app org.mozilla.fennec_aurora
05-29 23:51:22.114 11294 11294 D FennecProfile: profiles.ini: true
05-29 23:51:22.118 11294 11294 D FennecProfile: Ignoring line in [general] section: StartWithLastProfile=1
05-29 23:51:22.118 11294 11294 D FennecProfile: Found 1 profiles
05-29 23:51:22.119 11294 11294 D FennecProfile: Found default profile: FennecProfile(name=default, path=/data/user/0/org.mozilla.fennec_aurora/files/mozilla/tks4nwcv.default, default=true)
05-29 23:51:22.140 11294 11294 D FennecMigrator: No migrations to run. Fennec install - false.
05-29 23:51:22.161 11294 11294 D FenixApplication: Initializing Glean (uploadEnabled=true, isFennec=true)
05-29 23:51:22.171 11294 11322 D RustNativeSupport: findMegazordLibraryName(viaduct, 0.59.0
05-29 23:51:22.171 11294 11322 D RustNativeSupport: lib in use: none
05-29 23:51:22.171 11294 11322 D RustNativeSupport: lib configured: megazord
05-29 23:51:22.171 11294 11322 D RustNativeSupport: lib version configured: 0.59.0
05-29 23:51:22.172 11294 11322 D RustNativeSupport: settled on megazord
05-29 23:51:22.188 11294 11321 D libglean_ffi: glean_ffi: Android logging should be hooked up!
05-29 23:51:22.192 11294 11321 I glean/Glean: Registering pings for mozilla.telemetry.glean.GleanMetrics.Pings
05-29 23:51:22.195 11294 11294 D GeckoThread: State changed to LAUNCHED
05-29 23:51:22.196 11294 11321 I libglean_ffi: glean_core: Creating new Glean
05-29 23:51:22.196 11294 11321 D libglean_ffi: glean_core::database: Database path: "/data/user/0/org.mozilla.fennec_aurora/glean_data/db"
05-29 23:51:22.196 11294 11325 I GeckoThread: preparing to run Gecko
05-29 23:51:22.197 11294 11321 I libglean_ffi: glean_core::database: Database initialized
05-29 23:51:22.197 11294 11322 D RustNativeSupport: findMegazordLibraryName(rustlog, 0.59.0
05-29 23:51:22.197 11294 11322 D RustNativeSupport: lib in use: none
05-29 23:51:22.197 11294 11322 D RustNativeSupport: lib configured: megazord
05-29 23:51:22.197 11294 11322 D RustNativeSupport: lib version configured: 0.59.0
05-29 23:51:22.197 11294 11322 D RustNativeSupport: settled on megazord
05-29 23:51:22.204 11294 11321 I libglean_ffi: glean_ffi: Glean initialized
05-29 23:51:22.205 11294 11325 D GeckoThread: State changed to MOZGLUE_READY
05-29 23:51:22.205 11294 11294 D GeckoRuntime: Lifecycle: onCreate
05-29 23:51:22.206 11294 11322 I rc_log_ffi::ios: rc_log adapter initialized!
05-29 23:51:22.218 11294 11325 W Settings: Setting animator_duration_scale has moved from android.provider.Settings.System to android.provider.Settings.Global, returning read-only global URI.
05-29 23:51:22.221 11294 11325 E GeckoLibLoad: Load sqlite start
05-29 23:51:22.224 11294 11325 E GeckoLibLoad: Load sqlite done
05-29 23:51:22.224 11294 11325 E GeckoLibLoad: Load nss start
05-29 23:51:22.224 11294 11325 E GeckoLibLoad: Load nss done
05-29 23:51:22.229 11294 11294 I zygote  : Deoptimizing java.lang.Object androidx.collection.SimpleArrayMap.put(java.lang.Object, java.lang.Object) due to JIT inline cache
05-29 23:51:22.229 11294 11321 D glean/MetricsPingSched: The 'metrics' ping was last sent on Fri May 29 00:00:00 EDT 2020
05-29 23:51:22.230 11294 11321 I glean/MetricsPingSched: The 'metrics' ping was already sent today, Fri May 29 23:51:22 EDT 2020.
05-29 23:51:22.231 11294 11321 D glean/MetricsPingSched: Scheduling the 'metrics' ping in 14917790ms
05-29 23:51:22.245 11294 11294 D GleanMetricsService: Enabling Glean.
05-29 23:51:22.245 11294 11325 E GeckoLibLoad: Loaded libs in 21.210731ms total, 10ms(63ms) user, 10ms(20ms) system, 0(0) faults
05-29 23:51:22.245 11294 11321 D libglean_ffi: glean_core: Clearing Lifetime::Application metrics
05-29 23:51:22.245 11294 11294 I glean/Dispatchers: Task queued for execution and delayed until flushed
05-29 23:51:22.246 11294 11325 D GeckoThread: State changed to LIBS_READY
05-29 23:51:22.249 11294 11294 I AdjustMetricsService: No adjust token defined
05-29 23:51:22.251 11294 11325 W GeckoThread: zerdatime 23338788324 - runGecko
05-29 23:51:22.251 11294 11294 D PushConfig: Creating push configuration for autopush.
05-29 23:51:22.253 11294 11325 D GeckoProfile: Loading profile at: null name: default
05-29 23:51:22.255 11294 11325 D GeckoProfile: Found profile dir: /data/user/0/org.mozilla.fennec_aurora/files/mozilla/tks4nwcv.default
05-29 23:51:22.260 11294 11294 I App     : AutoPushFeature is configured, initializing it...
05-29 23:51:22.261 11294 11332 D AutoPushFeature: Initializing native component with the cached token.
05-29 23:51:22.263 11294 11294 I AutoPushFeature: Checking validity of push subscriptions.
05-29 23:51:22.268 11294 11332 D RustNativeSupport: findMegazordLibraryName(push, 0.59.0
05-29 23:51:22.268 11294 11332 D RustNativeSupport: lib in use: none
05-29 23:51:22.269 11294 11332 D RustNativeSupport: lib configured: megazord
05-29 23:51:22.269 11294 11332 D RustNativeSupport: lib version configured: 0.59.0
05-29 23:51:22.269 11294 11332 D RustNativeSupport: settled on megazord
05-29 23:51:22.283 11294 11294 D FennecProfile: profiles.ini: true
05-29 23:51:22.287 11294 11321 I libglean_ffi: glean_core: Upload enabled: true
05-29 23:51:22.288 11294 11322 W [WARNING][Leanplum]: [com.leanplum.internal.ActionManager::getLocationManager::8]: Geofencing support requires leanplum-location module and Google Play Services v8.1 and higher.
05-29 23:51:22.288 11294 11322 W [WARNING][Leanplum]: Add this to your build.gradle file:
05-29 23:51:22.288 11294 11322 W [WARNING][Leanplum]: implementation 'com.google.android.gms:play-services-location:8.3.0+'
05-29 23:51:22.288 11294 11322 W [WARNING][Leanplum]: implementation 'com.leanplum:leanplum-location:+'
05-29 23:51:22.288 11294 11294 D FennecProfile: Ignoring line in [general] section: StartWithLastProfile=1
05-29 23:51:22.288 11294 11294 D FennecProfile: Found 1 profiles
05-29 23:51:22.289 11294 11294 D FennecProfile: Found default profile: FennecProfile(name=default, path=/data/user/0/org.mozilla.fennec_aurora/files/mozilla/tks4nwcv.default, default=true)
05-29 23:51:22.298 11294 11322 I [INFO][Leanplum]: [com.leanplum.monitoring.ExceptionHandler::setContext::6]: LeanplumExceptionHandler could not initialize Exception Reporting.This is expected if you have not included the leanplum-monitoring module
05-29 23:51:22.302 11294 11294 D FennecMigrator: This is not a Fennec installation. No migration needed.
05-29 23:51:22.303 11294 11294 D SessionManager: onTrimMemory(15): clearThumbnails=true, closeEngineSessions=true
05-29 23:51:22.303 11294 11294 D SessionManager: Cleared 0 thumbnail(s) and unlinked 0 engine sessions(s)
05-29 23:51:22.317 11294 11341 I [INFO][Leanplum]: [com.leanplum.LeanplumFcmProvider::isManifestSetup::11]: Firebase Messaging is setup correctly.
05-29 23:51:22.333 11294 11325 I Gecko:DumpUtils: Fifo watcher disabled via pref.
05-29 23:51:22.350 11294 11294 D GeckoRuntime: Lifecycle: onStart
05-29 23:51:22.367 11294 11294 D GeckoRuntime: Lifecycle: onResume
05-29 23:51:22.370 11294 11294 D GeckoNetworkManager: Incoming event start for state OffNoListeners -> OnNoListeners
05-29 23:51:22.372 11294 11294 D GeckoNetworkManager: New network state: UP, WIFI, WIFI
05-29 23:51:22.374 11294 11339 D NetworkSecurityConfig: No Network Security Config specified, using platform default
05-29 23:51:22.379 11294 11325 D GeckoSysInfo: System memory: 1867MB.
05-29 23:51:22.385 11294 11325 D GeckoThread: State changed to JNI_READY
05-29 23:51:22.393 11294 11300 I zygote  : Do partial code cache collection, code=24KB, data=29KB
05-29 23:51:22.395 11294 11300 I zygote  : After code cache collection, code=21KB, data=28KB
05-29 23:51:22.395 11294 11300 I zygote  : Increasing code cache capacity to 128KB
05-29 23:51:22.402 11294 11373 D OpenGLRenderer: HWUI GL Pipeline
05-29 23:51:22.410  1456  2402 I ActivityManager: Start proc 11374:org.mozilla.fennec_aurora:tab0/u0a1358 for service org.mozilla.fennec_aurora/org.mozilla.gecko.process.GeckoChildProcessServices$tab0
05-29 23:51:22.414 11294 11362 D ServiceAllocator: org.mozilla.gecko.process.GeckoChildProcessServices$tab0 updateBindings: BACKGROUND priority, 0 importance, 2 successful binds, 0 failed binds, 0 successful unbinds, 0 failed unbinds
05-29 23:51:22.435 11294 11321 I libglean_ffi: glean_core::ping: Collecting baseline
05-29 23:51:22.440 11294 11321 D libglean_ffi: glean_core::ping: Storing ping '2ac03e75-6642-4905-b03f-6bbc5dfd6235' at '/data/user/0/org.mozilla.fennec_aurora/glean_data/pending_pings/2ac03e75-6642-4905-b03f-6bbc5dfd6235'
05-29 23:51:22.441 11294 11321 I libglean_ffi: glean_core: The ping 'baseline' was submitted and will be sent as soon as possible
05-29 23:51:22.494  1456  2402 D ConnectivityService: requestNetwork for uid/pid:11358/11294 NetworkRequest [ TRACK_DEFAULT id=55662, [ Capabilities: INTERNET&NOT_RESTRICTED&TRUSTED&NOT_VPN] ]
05-29 23:51:22.495  1456  2099 D Ethernet: got request NetworkRequest [ TRACK_DEFAULT id=55662, [ Capabilities: INTERNET&NOT_RESTRICTED&TRUSTED&NOT_VPN] ] with score 60
05-29 23:51:22.496  1456  2054 D WIFI_UT : got request NetworkRequest [ TRACK_DEFAULT id=55662, [ Capabilities: INTERNET&NOT_RESTRICTED&TRUSTED&NOT_VPN] ] with score 60
05-29 23:51:22.496  1456  2054 D WIFI    : got request NetworkRequest [ TRACK_DEFAULT id=55662, [ Capabilities: INTERNET&NOT_RESTRICTED&TRUSTED&NOT_VPN] ] with score 60
05-29 23:51:22.496  2398  2398 D PhoneSwitcherNetworkRequstListener: got request NetworkRequest [ TRACK_DEFAULT id=55662, [ Capabilities: INTERNET&NOT_RESTRICTED&TRUSTED&NOT_VPN] ] with score 60
05-29 23:51:22.518  1456  2402 I ActivityManager: START u0 {act=android.intent.action.VIEW dat=https://example.com/... typ=text/html cmp=org.mozilla.fennec_aurora/org.mozilla.fenix.HomeActivity (has extras)} from uid 11358
05-29 23:51:22.523 11374 11374 D GeckoThread: State changed to LAUNCHED
05-29 23:51:22.524 11374 11400 I GeckoThread: preparing to run Gecko
05-29 23:51:22.532 11294 11294 D GeckoNetworkManager: Incoming event receivedUpdate for state OnNoListeners -> OnNoListeners
05-29 23:51:22.533 11294 11294 D GeckoNetworkManager: New network state: UP, WIFI, WIFI
05-29 23:51:22.534  1456  2402 I WifiService: getDhcpInfo uid=11358
05-29 23:51:22.568 11294 11300 I zygote  : Do partial code cache collection, code=55KB, data=46KB
05-29 23:51:22.570 11294 11300 I zygote  : After code cache collection, code=47KB, data=42KB
05-29 23:51:22.570 11294 11300 I zygote  : Increasing code cache capacity to 256KB
05-29 23:51:22.586 11294 11373 I Adreno  : QUALCOMM build                   : bb5b86c, I77d3059488
05-29 23:51:22.586 11294 11373 I Adreno  : Build Date                       : 06/07/18
05-29 23:51:22.586 11294 11373 I Adreno  : OpenGL ES Shader Compiler Version: EV031.22.00.01_06
05-29 23:51:22.586 11294 11373 I Adreno  : Local Branch                     : 
05-29 23:51:22.586 11294 11373 I Adreno  : Remote Branch                    : refs/tags/AU_LINUX_ANDROID_LA.UM.6.5.R1.08.01.00.312.086
05-29 23:51:22.586 11294 11373 I Adreno  : Remote Branch                    : NONE
05-29 23:51:22.586 11294 11373 I Adreno  : Reconstruct Branch               : NOTHING
05-29 23:51:22.586 11294 11373 D vndksupport: Loading /vendor/lib/hw/gralloc.msm8937.so from current namespace instead of sphal namespace.
05-29 23:51:22.594 11294 11294 I [INFO][Leanplum]: [com.leanplum.LeanplumCloudMessagingProvider::onRegistrationIdReceived::3]: Device registered for push notifications with registration token, dfCvSVyBmCU:APA91bG1CPQV3JBmvnlmodEdmuJVgCOQXwg04QfYXtLZ4eDYwFAgwarb6F2VpapEv0A_rq7aipS7ECB82lrLWJtUB2cul53Amk98wHHP0s_6ygNCjqhWN2_VQnuC24gnB14_QoEKJnln
05-29 23:51:22.595 11294 11373 I Adreno  : PFP: 0x005ff087, ME: 0x005ff063
05-29 23:51:22.602 11294 11373 I zygote  : android::hardware::configstore::V1_0::ISurfaceFlingerConfigs::hasWideColorDisplay retrieved: 0
05-29 23:51:22.603 11294 11373 I OpenGLRenderer: Initialized EGL, version 1.4
05-29 23:51:22.603 11294 11373 D OpenGLRenderer: Swap behavior 2
05-29 23:51:22.646 11294 11404 D glean/PingUploadWorker: Processing persisted pings at /data/user/0/org.mozilla.fennec_aurora/glean_data/pending_pings
05-29 23:51:22.647 11294 11404 D glean/PingUploadWorker: Processing ping: 2ac03e75-6642-4905-b03f-6bbc5dfd6235
05-29 23:51:22.651 11294 11404 D glean/ConceptFetchHttpUploader: Submitting ping to: https://incoming.telemetry.mozilla.org/submit/org-mozilla-fennec-aurora/baseline/1/2ac03e75-6642-4905-b03f-6bbc5dfd6235
05-29 23:51:22.655  1456  5797 I WindowManager: Keep hide if surface has never drawn Window{56e7870 u0 org.mozilla.fennec_aurora/org.mozilla.fenix.IntentReceiverActivity}
05-29 23:51:22.657  1456  5797 I WindowManager: Failed to capture screenshot of Token{a5c0d4b ActivityRecord{82fbe1a u0 org.mozilla.fennec_aurora/org.mozilla.fenix.IntentReceiverActivity t76721 f}} appWin=Window{56e7870 u0 org.mozilla.fennec_aurora/org.mozilla.fenix.IntentReceiverActivity} drawState=1
05-29 23:51:22.663 11294 11294 D MigrationPushRenewer: Migration state: NONE
05-29 23:51:22.663 11294 11294 D MigrationTelemetryListener: Migration state: NONE
05-29 23:51:22.675  1456  1673 I LaunchCheckinHandler: Displayed org.mozilla.fennec_aurora/org.mozilla.fenix.IntentReceiverActivity,cp,ca,746
05-29 23:51:22.715 11294 11294 D PhoneWindow: Restoring navigation bar divider color to default value = 0x00000000
05-29 23:51:22.782 11294 11294 I NavController: Ignoring popBackStack to destination org.mozilla.fennec_aurora:id/browserFragment as it was not found on the current back stack
05-29 23:51:22.937 11294 11325 D GeckoThread: State changed to PROFILE_READY
05-29 23:51:23.036 11294 11325 D GeckoThread: State changed to RUNNING
05-29 23:51:23.052 11294 11294 I FirefoxAccountStateMachine: Enabling/updating sync with a new SyncConfig: SyncConfig(supportedEngines=[mozilla.components.service.fxa.SyncEngine$History@70f77a1, mozilla.components.service.fxa.SyncEngine$Bookmarks@f8f2dc6, mozilla.components.service.fxa.SyncEngine$Passwords@d0d0187], syncPeriodInMinutes=240)
05-29 23:51:23.055 11294 11294 I BgSyncManager: Periodic syncing enabled at a 240 interval
05-29 23:51:23.056 11294 11294 I FirefoxAccountStateMachine: Sync is enabled
05-29 23:51:23.059 11294 11325 I Gecko   : -*- nsDNSServiceDiscovery.js : nsDNSServiceDiscovery
05-29 23:51:23.064 11294 11411 I FirefoxAccountStateMachine: Processing event Event$Init for state Start. Next state is Start
05-29 23:51:23.082 11294 11346 D RustNativeSupport: findMegazordLibraryName(places, 0.59.0
05-29 23:51:23.082 11294 11346 D RustNativeSupport: lib in use: none
05-29 23:51:23.082 11294 11346 D RustNativeSupport: lib configured: megazord
05-29 23:51:23.082 11294 11346 D RustNativeSupport: lib version configured: 0.59.0
05-29 23:51:23.082 11294 11346 D RustNativeSupport: settled on megazord
05-29 23:51:23.086 11294 11346 D places_ffi: places_api_new
05-29 23:51:23.090 11294 11411 I FirefoxAccountStateMachine: Ran 'Event$Init' side-effects for state Start, got successive event Event$AccountNotFound
05-29 23:51:23.091 11294 11411 I FirefoxAccountStateMachine: Processing event Event$AccountNotFound for state Start. Next state is NotAuthenticated
05-29 23:51:23.105 11294 11411 D RustNativeSupport: findMegazordLibraryName(fxaclient, 0.59.0
