02-23 22:07:54.798  1456  4802 I ActivityManager: START u0 {act=android.intent.action.MAIN cat=[android.intent.category.LAUNCHER] flg=0x10000000 cmp=org.mozilla.fenix.nightly/org.mozilla.fenix.HomeActivity} from uid 2000
02-23 22:07:54.799   794   839 E ANDR-PERF-RESOURCEQS: Failed to apply optimization [4, 0]
02-23 22:07:54.821  1456  7556 I ActivityManager: Start proc 6685:org.mozilla.fenix.nightly/u0a1032 for activity org.mozilla.fenix.nightly/org.mozilla.fenix.HomeActivity
02-23 22:07:54.906 20270 21092 I MicroDetectionState: Should stop hotword detection immediately - false
02-23 22:07:54.906 20270 21092 I MicroDetector: Keeping mic open: false
02-23 22:07:54.906 20270 21092 I RecognitionAudioControl: #shutdownAudio [requestId: -335005379887304136, keepAudioOpen: false, forced: true]
02-23 22:07:54.906 20270 17075 E DeviceStateChecker: DeviceStateChecker cancelled
02-23 22:07:54.906 20270 21092 I RecognitionAudioControl: #internalShutdownAudio [requestId: -335005379887304136]
02-23 22:07:54.906 20270 21092 I RecognitionAudioControl: #internalShutdownAudio [keepAudioOpen: false, forced: true]
02-23 22:07:54.906 20270 21092 I RecognitionAudioControl: #actualShutdownAudio
02-23 22:07:54.906 20270 21092 I AudioController: #shutdown [requestId=-335005379887304136]
02-23 22:07:54.906 20270 20380 I AudioController: internalShutdown
02-23 22:07:54.906 20270 21108 I MicroRecognitionRunner: Stopping hotword detection.
02-23 22:07:54.961   788  1479 D audio_hw_primary: disable_audio_route: usecase(9) reset and update mixer path: audio-record
02-23 22:07:54.962   788  1479 D audio_hw_primary: disable_snd_device: snd_device(120: voice-rec-mic)
02-23 22:07:54.964  1012  1302 D APM_AudioPolicyManager: stopInput() input 158582, session 158689
02-23 22:07:54.964   788  1479 D audio_hw_primary: in_set_parameters: enter: kvpairs=routing=0
02-23 22:07:54.965 20270 20380 I MicrophoneInputStream: mic_close  SR : 16000 CC : 16 SO : 1999
02-23 22:07:54.966 20270 20380 E AudioSource: Stop listening is called on already closed AudioSource
02-23 22:07:54.968 20270 21400 I MicroRecognitionRunner: Detection finished
02-23 22:07:54.976  6685  6685 I chatty  : uid=11032(org.mozilla.fenix.nightly) expire 4 lines
02-23 22:07:55.054  6685  6705 I chatty  : uid=11032(org.mozilla.fenix.nightly) expire 4 lines
02-23 22:07:55.070  6685  6712 I chatty  : uid=11032(org.mozilla.fenix.nightly) expire 11 lines
02-23 22:07:55.088  6685  6711 I chatty  : uid=11032(org.mozilla.fenix.nightly) expire 17 lines
02-23 22:07:55.125  6685  6685 I chatty  : uid=11032(org.mozilla.fenix.nightly) expire 34 lines
02-23 22:07:55.126  6685  6718 I chatty  : uid=11032(org.mozilla.fenix.nightly) expire 30 lines
02-23 22:07:55.213  6685  6721 I chatty  : uid=11032(org.mozilla.fenix.nightly) expire 1 line
02-23 22:07:55.240  6685  6735 I chatty  : uid=11032(org.mozilla.fenix.nightly) expire 10 lines
02-23 22:07:55.331  6685  6690 I chatty  : uid=11032(org.mozilla.fenix.nightly) expire 8 lines
02-23 22:07:55.593  6685  6768 I chatty  : uid=11032(org.mozilla.fenix.nightly) expire 9 lines
02-23 22:07:55.598  1456  4802 I ActivityManager: Start proc 6769:org.mozilla.fenix.nightly:tab/u0a1032 for service org.mozilla.fenix.nightly/org.mozilla.gecko.process.GeckoChildProcessServices$tab
02-23 22:07:55.712  1456  4802 I ActivityManager: Start proc 6797:org.mozilla.fenix.nightly:socket/u0a1032 for service org.mozilla.fenix.nightly/org.mozilla.gecko.process.GeckoChildProcessServices$socket
02-23 22:07:55.724  6769  6769 I chatty  : uid=11032(org.mozilla.fenix.nightly) expire 2 lines
02-23 22:07:55.724  6769  6810 I chatty  : uid=11032(org.mozilla.fenix.nightly) expire 1 line
02-23 22:07:55.831  6797  6797 I chatty  : uid=11032(org.mozilla.fenix.nightly) expire 2 lines
02-23 22:07:55.832  6797  6814 I chatty  : uid=11032(org.mozilla.fenix.nightly) expire 15 lines
02-23 22:07:55.936  1456  4802 I ActivityManager: Displayed org.mozilla.fenix.nightly/org.mozilla.fenix.HomeActivity: +1s128ms
02-23 22:07:55.936  1456  4802 I ActivityManager: Fully drawn org.mozilla.fenix.nightly/org.mozilla.fenix.HomeActivity: +1s128ms
02-23 22:07:55.967  6685  6819 I chatty  : uid=11032(org.mozilla.fenix.nightly) expire 1 line
02-23 22:07:55.994  1456  1673 I LaunchCheckinHandler: Displayed org.mozilla.fenix.nightly/org.mozilla.fenix.HomeActivity,cp,ca,1186
02-23 22:07:56.082  4661  4661 I Finsky  : [2] ppb.onTrimMemory(1): Memory trim requested to level 80
02-23 22:07:56.105 20270 20270 I MemoryTrimmer: Trimming objects from memory, since app is in the background.
02-23 22:07:56.115 20270 21092 E AudioSource: Stop listening is called on already closed AudioSource
02-23 22:07:56.118 20270 23357 E chromium: [ERROR:aw_gl_functor.cc(102)] Received unexpected kModeProcessNoContext
02-23 22:07:56.118 20270 31738 I PBSessionCacheImpl: Deleted sessionId[89149984825581034] from persistence.
02-23 22:07:56.118 20270 23357 E libEGL  : call to OpenGL ES API with no current context (logged once per thread)
02-23 22:07:56.122 20270 20270 I MemoryTrimmer: Trimming objects from memory, since app is in the background.
02-23 22:07:56.127  1456  4802 I WifiService: getWifiEnabledState uid=10073
02-23 22:07:56.129 20270 21092 I DEBUG   : OpaToSrpTransitionState#onStateChanged#notNullQuery
02-23 22:07:56.130 20270 21092 I DEBUG   : OpaToSrpTransitionState#onStateChanged#notNullQuery
02-23 22:07:56.134 20270 21092 W SearchServiceCore: Abort, client detached.
02-23 22:07:56.134 20270 21092 I chatty  : uid=10073(com.google.android.googlequicksearchbox) EventBus0 identical 1 line
02-23 22:07:56.135 20270 21092 W SearchServiceCore: Abort, client detached.
02-23 22:07:56.386   808   898 I SFPerfTracer:      triggers: (rate: 0:1) (0 sw vsyncs) (0 skipped) (17:4617456 vsyncs) (19:10451085)
02-23 22:07:56.892  1023  6872 D libc    : Internal error: netid(0), id(0xf96e), server(0.0.0.0)
02-23 22:07:56.893  1023  6872 D libc    : Internal error: netid(0), id(0xf96e), server(0.0.0.0)
02-23 22:07:56.893  1023  6872 D libc    : Internal error: netid(0), id(0xe06), server(0.0.0.0)
02-23 22:07:56.893  1023  6872 D libc    : Internal error: netid(0), id(0xe06), server(0.0.0.0)
02-23 22:07:56.924  6685  6840 I chatty  : uid=11032(org.mozilla.fenix.nightly) expire 2 lines
02-23 22:07:57.064  1023  6880 D libc    : Internal error: netid(0), id(0x3a12), server(0.0.0.0)
02-23 22:07:57.065  1023  6880 D libc    : Internal error: netid(0), id(0x3a12), server(0.0.0.0)
02-23 22:07:57.065  1023  6880 D libc    : Internal error: netid(0), id(0xcf18), server(0.0.0.0)
02-23 22:07:57.065  1023  6880 D libc    : Internal error: netid(0), id(0xcf18), server(0.0.0.0)
02-23 22:07:57.066  1023  6883 D libc    : Internal error: netid(0), id(0x2c07), server(0.0.0.0)
02-23 22:07:57.066  1023  6883 D libc    : Internal error: netid(0), id(0x2c07), server(0.0.0.0)
02-23 22:07:57.066  1023  6883 D libc    : Internal error: netid(0), id(0x1815), server(0.0.0.0)
02-23 22:07:57.066  1023  6883 D libc    : Internal error: netid(0), id(0x1815), server(0.0.0.0)
02-23 22:07:57.069  1023  6887 D libc    : Internal error: netid(0), id(0x7a7f), server(0.0.0.0)
02-23 22:07:57.069  1023  6887 D libc    : Internal error: netid(0), id(0x7a7f), server(0.0.0.0)
02-23 22:07:57.069  1023  6887 D libc    : Internal error: netid(0), id(0x9024), server(0.0.0.0)
02-23 22:07:57.069  1023  6887 D libc    : Internal error: netid(0), id(0x9024), server(0.0.0.0)
02-23 22:07:57.108  6685  6714 I chatty  : uid=11032(org.mozilla.fenix.nightly) expire 1 line
02-23 22:07:57.108  6685  6747 I chatty  : uid=11032(org.mozilla.fenix.nightly) expire 1 line
02-23 22:07:57.109  6685  6746 I chatty  : uid=11032(org.mozilla.fenix.nightly) expire 1 line
02-23 22:07:57.143  6685  6902 I chatty  : uid=11032(org.mozilla.fenix.nightly) expire 1 line
02-23 22:08:00.452  6920  6920 D AndroidRuntime: >>>>>> START com.android.internal.os.RuntimeInit uid 2000 <<<<<<
02-23 22:08:00.465  6920  6920 W app_process: Could not reserve sentinel fault page
02-23 22:08:00.631  6920  6920 I app_process: The ClassLoaderContext is a special shared library.
02-23 22:08:00.702  6920  6920 D AndroidRuntime: Calling main entry com.android.commands.input.Input
02-23 22:08:00.704  6920  6920 I Input   : injectKeyEvent: KeyEvent { action=ACTION_DOWN, keyCode=KEYCODE_HOME, scanCode=0, metaState=0, flags=0x0, repeatCount=0, eventTime=14589735983, downTime=14589735983, deviceId=-1, source=0x101 }
02-23 22:08:00.713  6920  6920 I Input   : injectKeyEvent: KeyEvent { action=ACTION_UP, keyCode=KEYCODE_HOME, scanCode=0, metaState=0, flags=0x0, repeatCount=0, eventTime=14589735983, downTime=14589735983, deviceId=-1, source=0x101 }
02-23 22:08:00.719  1456  1941 I ActivityManager: START u0 {act=android.intent.action.MAIN cat=[android.intent.category.HOME] flg=0x10200000 cmp=com.android.launcher3/.CustomizationPanelLauncher (has extras)} from uid 1000
02-23 22:08:00.720   794   839 E ANDR-PERF-RESOURCEQS: Failed to apply optimization [4, 0]
02-23 22:08:00.733  1456  1941 I ActivityManager: moveHomeStack, setupComplete:true
02-23 22:08:00.739 20270 23357 I OpenGLRenderer: Initialized EGL, version 1.4
02-23 22:08:00.739 20270 23357 D OpenGLRenderer: Swap behavior 2
02-23 22:08:00.745  6920  6920 D AndroidRuntime: Shutting down VM
02-23 22:08:00.760  2748  2748 D Launcher.Utilities: Wakeup weather: Intent { act=com.motorola.launcher3.action.WAKEUP_WEATHER cmp=com.motorola.timeweatherwidget/com.motorola.commandcenter.weather.WakeUpService }
02-23 22:08:00.780  1456  1456 I NotificationService: Cannot find enqueued record for key: 0|com.motorola.timeweatherwidget|1|null|10116
02-23 22:08:00.784   808   808 D SurfaceFlinger: duplicate layer name: changing com.android.launcher3/com.android.launcher3.CustomizationPanelLauncher to com.android.launcher3/com.android.launcher3.CustomizationPanelLauncher#1
02-23 22:08:00.793 20270 21125 W ThreadPoolDumper: Queue length for executor EventBus is now 11. Perhaps some tasks are too long, or the pool is too small.
02-23 22:08:00.794  1456  4802 I WifiService: getWifiEnabledState uid=10073
02-23 22:08:00.807  1456  2916 I WifiService: getWifiEnabledState uid=10073
02-23 22:08:00.814 20270 21092 I DEBUG   : OpaToSrpTransitionState#onStateChanged#notNullQuery
02-23 22:08:00.814 20270 21092 I DEBUG   : OpaToSrpTransitionState#onStateChanged#notNullQuery
02-23 22:08:00.834 20270 21092 I MicroDetectionState: Should stop hotword detection immediately - false
02-23 22:08:00.838 20270 21092 I MicroDetectionWorker: #startMicroDetector [speakerMode: 0]
02-23 22:08:00.840 20270 21092 I AudioController: Created new AudioSource
02-23 22:08:00.873  1456  1673 I LaunchCheckinHandler: Displayed com.android.launcher3/.CustomizationPanelLauncher,wp,wa,154
02-23 22:08:00.874 20270 20380 I MicroDataManager: isInitializedWithLatestParams-true
02-23 22:08:00.874 20270 20380 I MicroDataManager: isInitializing-false locale not changed-true model not changed-true
02-23 22:08:00.874 20270 20380 I MicroDataManager: Already initialized, obtaining the hotword data immediately.
02-23 22:08:00.875  4661  4661 I Finsky  : [2] ppb.onTrimMemory(1): Memory trim requested to level 80
02-23 22:08:00.879 20270 17075 I MicroRecognitionRunner: Starting detection.
02-23 22:08:00.879 20270 17075 I InputStreamUtils: Using micInputStream
02-23 22:08:00.880 20270 31738 I MicrophoneInputStream: mic_starting  SR : 16000 CC : 16 SO : 1999
02-23 22:08:00.884   788  1479 V msm8974_platform: platform_check_input_mask: enter check_input_mask source 6 mask 10
02-23 22:08:00.887  1012  6934 I AudioFlinger: AudioFlinger's thread 0xb2483180 tid=6934 ready to run
02-23 22:08:00.893   788  1479 D audio_hw_primary: in_set_parameters: enter: kvpairs=input_source=6;routing=-2147483644
02-23 22:08:00.893  1012  8317 D APM_AudioPolicyManager: AudioPolicyManager::startInput() input 158590, session 158697, source = 1999
02-23 22:08:00.894 20270 31738 I MicrophoneInputStream: mic_started  SR : 16000 CC : 16 SO : 1999
02-23 22:08:00.895   788  6935 V msm8974_platform: platform_update_usecase_from_source: input source :6
02-23 22:08:00.896   788  6935 V msm8974_platform: platform_check_input_mask: enter check_input_mask source 6 mask 10
02-23 22:08:00.896   788  6935 V msm8974_platform: platform_get_input_snd_device: enter: out_device(0) in_device(0x4) channel_count (1) channel_mask (0x10)
02-23 22:08:00.896   788  6935 V msm8974_platform: platform_get_input_snd_device: exit: in_snd_device(voice-rec-mic)
02-23 22:08:00.896   788  6935 V msm8974_platform: platform_get_backend_index:napb: backend port - 5 device - 120 
02-23 22:08:00.896   788  6935 V msm8974_platform: platform_check_and_set_capture_backend_cfg:txbecf: afe: bitwidth 0, samplerate 0, channel 1, backend_idx 5 usecase = 9 device (voice-rec-mic)
02-23 22:08:00.896   788  6935 V msm8974_platform: platform_check_capture_backend_cfg:txbecf: afe: Codec selected backend: 5 current bit width: 0 and sample rate: 0, channels 1
02-23 22:08:00.896   788  6935 V msm8974_platform: platform_check_capture_backend_cfg:txbecf: afe: Codec selected backend: 5 updated bit width: 0 and sample rate: 0
02-23 22:08:00.896   788  6935 I msm8974_platform: platform_check_capture_backend_cfg:txbecf: afe: Codec backend needs to be updated. new bit width: 0 new sample rate: 0 new channel: 1
02-23 22:08:00.896   788  6935 V msm8974_platform: platform_get_backend_index:napb: backend port - 5 device - 120 
02-23 22:08:00.896   788  6935 V msm8974_platform: platform_set_backend_cfg:becf: afe: bitwidth 0, samplerate 0 channels 1, backend_idx 5 device (voice-rec-mic)
02-23 22:08:00.896   788  6935 E msm8974_platform: platform_set_backend_cfg:becf: afe: Could not get ctl for mixer command - SLIM_0_TX Format
02-23 22:08:00.897   788  6935 V msm8974_platform: platform_send_audio_calibration: sending audio calibration for snd_device(120) acdb_id(62)
02-23 22:08:00.897   788  6935 D ACDB-LOADER: ACDB -> send_audio_cal, acdb_id = 62, path = 1, app id = 0x11130, sample rate = 48000
02-23 22:08:00.897   788  6935 D ACDB-LOADER: ACDB -> send_asm_topology
02-23 22:08:00.897   788  6935 D ACDB-LOADER: ACDB -> ACDB_CMD_GET_AUDPROC_STREAM_TOPOLOGY_ID
02-23 22:08:00.897   788  6935 D ACDB-LOADER: ACDB -> send_adm_topology
02-23 22:08:00.897   788  6935 D ACDB-LOADER: ACDB -> ACDB_CMD_GET_AUDPROC_COMMON_TOPOLOGY_ID
02-23 22:08:00.897   788  6935 D ACDB-LOADER: ACDB -> send_audtable
02-23 22:08:00.897   788  6935 D ACDB-LOADER: ACDB -> ACDB_CMD_GET_AUDPROC_COMMON_TABLE_SIZE
02-23 22:08:00.897   788  6935 D ACDB-LOADER: ACDB -> ACDB_CMD_GET_AUDPROC_COMMON_TABLE
02-23 22:08:00.897   788  6935 D ACDB-LOADER: ACDB -> AUDIO_SET_AUDPROC_CAL
02-23 22:08:00.897   788  6935 D ACDB-LOADER: ACDB -> send_audvoltable
02-23 22:08:00.897   788  6935 D ACDB-LOADER: ACDB -> ACDB_CMD_GET_AUDPROC_VOL_STEP_TABLE_SIZE
02-23 22:08:00.897   788  6935 D ACDB-LOADER: ACDB -> ACDB_CMD_GET_AUDPROC_GAIN_DEP_STEP_TABLE, vol index 0
02-23 22:08:00.897   788  6935 D         : Failed to fetch the lookup information of the device 0000003E 
02-23 22:08:00.897   788  6935 D ACDB-LOADER: ACDB -> AUDIO_SET_VOL_CAL cal type = 12
02-23 22:08:00.897   788  6935 D ACDB-LOADER: ACDB -> ACDB_CMD_GET_AUDPROC_STREAM_TABLE_SIZE
02-23 22:08:00.897   788  6935 D ACDB-LOADER: ACDB -> send_audstrmtable
02-23 22:08:00.898   788  6935 D ACDB-LOADER: ACDB -> ACDB_CMD_GET_AUDPROC_STREAM_TABLE_V2
02-23 22:08:00.898   788  6935 D ACDB-LOADER: ACDB -> audstrm_cal->cal_type.cal_data.cal_size = 456
02-23 22:08:00.898   788  6935 D ACDB-LOADER: ACDB -> send_afe_topology
02-23 22:08:00.898   788  6935 D ACDB-LOADER: ACDB -> ACDB_CMD_GET_AFE_TOPOLOGY_ID
02-23 22:08:00.898   788  6935 D ACDB-LOADER: ACDB -> GET_AFE_TOPOLOGY_ID for adcd_id 62, Topology Id 112fb
02-23 22:08:00.898   788  6935 D ACDB-LOADER: ACDB -> send_afe_cal
02-23 22:08:00.898   788  6935 D ACDB-LOADER: ACDB -> ACDB_CMD_GET_AFE_COMMON_TABLE_SIZE
02-23 22:08:00.898   788  6935 D         : Failed to fetch the lookup information of the device 0000003E 
02-23 22:08:00.898   788  6935 E ACDB-LOADER: Error: ACDB_CMD_GET_AFE_COMMON_TABLE_SIZE Returned = -19
02-23 22:08:00.898   788  6935 D ACDB-LOADER: ACDB -> ACDB_CMD_GET_AFE_COMMON_TABLE
02-23 22:08:00.898   788  6935 D         : Failed to fetch the lookup information of the device 0000003E 
02-23 22:08:00.898   788  6935 D ACDB-LOADER: ACDB -> AUDIO_SET_AFE_CAL
02-23 22:08:00.898   788  6935 D ACDB-LOADER: ACDB -> send_hw_delay : acdb_id = 62 path = 1
02-23 22:08:00.898   788  6935 D ACDB-LOADER: ACDB -> ACDB_AVSYNC_INFO: ACDB_CMD_GET_DEVICE_PROPERTY
02-23 22:08:00.898   788  6935 D audio_hw_primary: enable_snd_device: snd_device(120: voice-rec-mic)
02-23 22:08:00.898   788  6935 D audio_route: Apply path: voice-rec-mic
02-23 22:08:00.902   788  6935 V msm8974_platform: platform_get_snd_device_backend_index: enter with device 120
02-23 22:08:00.903   788  6935 E msm8974_platform: platform_get_snd_device_backend_index: BE DAI Name Table is not present
02-23 22:08:00.903   788  6935 V msm8974_platform: platform_get_backend_index:napb: backend port - 5 device - 120 
02-23 22:08:00.903   788  6935 I audio_hw_utils: Set Audio Stream Capture 0 App Type Cfg: app_type 69936, acdb_dev_id 62, sample_rate 48000, snd_device_be_idx -14
02-23 22:08:00.903   788  6935 D audio_hw_primary: enable_audio_route: usecase(9) apply and update mixer path: audio-record
02-23 22:08:00.903   788  6935 D audio_route: Apply path: audio-record
02-23 22:08:00.972 20270 21092 I MicroDetectionWorker: onReady
02-23 22:08:01.272  1456  7796 I OpenGLRenderer: Initialized EGL, version 1.4
02-23 22:08:01.272  1456  7796 D OpenGLRenderer: Swap behavior 2
02-23 22:08:01.319  2748  2917 W OpenGLRenderer: Incorrectly called buildLayer on View: ShortcutAndWidgetContainer, destroying layer...
02-23 22:08:01.429  6685  6745 I chatty  : uid=11032(org.mozilla.fenix.nightly) expire 1 line
02-23 22:08:01.469   808   808 I SFPerfTracer:      triggers: (rate: 57:1993415) (compose: 0:7) (post: 0:19) (render: 0:17) (6:8716790 frames) (7:10390887)
02-23 22:08:01.469   808   808 D SFPerfTracer:        layers: (4:13) (NavigationBar#0 (0xb07df000): 0:608244) (StatusBar#0 (0xb07e3000): 0:1633112) (com.android.systemui.ImageWallpaper#0 (0xb07e7000): 0:53520) (Sprite#0 (0xb0733000): 0:317)* (DimLayerController/Stack=0#0 (0xb075a000): 0:3734)* (Sprite#1 (0xb077c000): 0:195)* (animation background stackId=1#0 (0xb039b000): 0:108)* (com.android.launcher3/com.android.launcher3.CustomizationPanelLauncher#0 (0xb0763000): 0:41)- (com.android.launcher3/com.android.launcher3.CustomizationPanelLauncher#1 (0xb0771000): 0:11)- (Splash Screen org.mozilla.fenix.nightly#0 (0xb013a000): 0:30)- (org.mozilla.fenix.nightly/org.mozilla.fenix.HomeActivity#0 (0xb0140000): 0:47)- (com.android.launcher3/com.android.launcher3.CustomizationPanelLauncher#0 (0xb0763000): 7:36)* (com.android.launcher3/com.android.launcher3.CustomizationPanelLauncher#1 (0xb0771000): 1:6) 
02-23 22:08:05.906  1456  2402 I ActivityManager: Force stopping org.mozilla.fenix.nightly appid=11032 user=0: from pid 6939
02-23 22:08:05.906  1456  2402 I ActivityManager: Killing 6685:org.mozilla.fenix.nightly/u0a1032 (adj 700): stop org.mozilla.fenix.nightly
02-23 22:08:05.909  1456  1605 W zygote  : kill(-6685, 9) failed: No such process
02-23 22:08:05.912  1456  2402 W ActivityManager: Force removing ActivityRecord{56e4e6f u0 org.mozilla.fenix.nightly/org.mozilla.fenix.HomeActivity t28858}: app died, no saved state
02-23 22:08:05.921  1456  2402 I ActivityManager: Killing 6797:org.mozilla.fenix.nightly:socket/u0a1032 (adj 0): stop org.mozilla.fenix.nightly
02-23 22:08:05.925  1456  2402 I ActivityManager: Killing 6769:org.mozilla.fenix.nightly:tab/u0a1032 (adj 0): stop org.mozilla.fenix.nightly
02-23 22:08:05.927  1456  1605 W zygote  : kill(-6685, 9) failed: No such process
02-23 22:08:05.937  2398  2398 D CarrierSvcBindHelper: No carrier app for: 0
02-23 22:08:05.938  2398  2398 D CarrierSvcBindHelper: No carrier app for: 1
02-23 22:08:05.945  1456  1605 W zygote  : kill(-6685, 9) failed: No such process
02-23 22:08:05.991  1456  1605 I chatty  : uid=1000(system) ActivityManager identical 3 lines
02-23 22:08:05.999  1456  1673 W ActivityManager: setHasOverlayUi called on unknown pid: 6685
02-23 22:08:06.007  1456  1605 W zygote  : kill(-6685, 9) failed: No such process
02-23 22:08:06.007  1456  1605 I zygote  : Successfully killed process cgroup uid 11032 pid 6685 in 97ms
02-23 22:08:06.007  1456  1605 W zygote  : kill(-6797, 9) failed: No such process
02-23 22:08:06.007  1456  1605 I zygote  : Successfully killed process cgroup uid 11032 pid 6797 in 0ms
02-23 22:08:06.007  1456  1605 W zygote  : kill(-6769, 9) failed: No such process
02-23 22:08:06.007  1456  1605 I zygote  : Successfully killed process cgroup uid 11032 pid 6769 in 0ms
02-23 22:08:06.039  1456  5027 I ActivityManager: START u0 {act=android.intent.action.MAIN cat=[android.intent.category.LAUNCHER] flg=0x10000000 cmp=org.mozilla.fenix.nightly/org.mozilla.fenix.HomeActivity} from uid 2000
02-23 22:08:06.039   794   839 E ANDR-PERF-RESOURCEQS: Failed to apply optimization [4, 0]
02-23 22:08:06.058  1456  2915 I ActivityManager: Start proc 6946:org.mozilla.fenix.nightly/u0a1032 for activity org.mozilla.fenix.nightly/org.mozilla.fenix.HomeActivity
02-23 22:08:06.148 20270 21092 I MicroDetectionState: Should stop hotword detection immediately - false
02-23 22:08:06.148 20270 21092 I MicroDetector: Keeping mic open: false
02-23 22:08:06.148 20270 21092 I RecognitionAudioControl: #shutdownAudio [requestId: 3612811280502446990, keepAudioOpen: false, forced: true]
02-23 22:08:06.148 20270 21400 E DeviceStateChecker: DeviceStateChecker cancelled
02-23 22:08:06.148 20270 21092 I RecognitionAudioControl: #internalShutdownAudio [requestId: 3612811280502446990]
02-23 22:08:06.148 20270 21092 I RecognitionAudioControl: #internalShutdownAudio [keepAudioOpen: false, forced: true]
02-23 22:08:06.148 20270 21092 I RecognitionAudioControl: #actualShutdownAudio
02-23 22:08:06.148 20270 21092 I AudioController: #shutdown [requestId=3612811280502446990]
02-23 22:08:06.148 20270 21118 I AudioController: internalShutdown
02-23 22:08:06.149 20270 21107 I MicroRecognitionRunner: Stopping hotword detection.
02-23 22:08:06.191   788  1479 D audio_hw_primary: disable_audio_route: usecase(9) reset and update mixer path: audio-record
02-23 22:08:06.192   788  1479 D audio_hw_primary: disable_snd_device: snd_device(120: voice-rec-mic)
02-23 22:08:06.196  1012  1302 D APM_AudioPolicyManager: stopInput() input 158590, session 158697
02-23 22:08:06.197   788  1401 D audio_hw_primary: in_set_parameters: enter: kvpairs=routing=0
02-23 22:08:06.199 20270 21118 I MicrophoneInputStream: mic_close  SR : 16000 CC : 16 SO : 1999
02-23 22:08:06.199 20270 21118 E AudioSource: Stop listening is called on already closed AudioSource
02-23 22:08:06.202 20270 17075 I MicroRecognitionRunner: Detection finished
02-23 22:08:06.205  6946  6946 I chatty  : uid=11032(org.mozilla.fenix.nightly) expire 27 lines
02-23 22:08:06.278  6946  6965 I chatty  : uid=11032(org.mozilla.fenix.nightly) expire 4 lines
02-23 22:08:06.296  6946  6972 I chatty  : uid=11032(org.mozilla.fenix.nightly) expire 11 lines
02-23 22:08:06.316  6946  6971 I chatty  : uid=11032(org.mozilla.fenix.nightly) expire 11 lines
02-23 22:08:06.353  6946  6979 I chatty  : uid=11032(org.mozilla.fenix.nightly) expire 19 lines
02-23 22:08:06.444  6946  6982 I chatty  : uid=11032(org.mozilla.fenix.nightly) expire 1 line
02-23 22:08:06.473  6946  6995 I chatty  : uid=11032(org.mozilla.fenix.nightly) expire 10 lines
02-23 22:08:06.563  6946  6951 I chatty  : uid=11032(org.mozilla.fenix.nightly) expire 6 lines
02-23 22:08:06.829  1456  5027 I ActivityManager: Start proc 7031:org.mozilla.fenix.nightly:tab/u0a1032 for service org.mozilla.fenix.nightly/org.mozilla.gecko.process.GeckoChildProcessServices$tab
02-23 22:08:06.840  6946  7044 I chatty  : uid=11032(org.mozilla.fenix.nightly) expire 9 lines
02-23 22:08:06.943  7031  7031 I chatty  : uid=11032(org.mozilla.fenix.nightly) expire 1 line
02-23 22:08:06.944  7031  7058 I chatty  : uid=11032(org.mozilla.fenix.nightly) expire 1 line
02-23 22:08:06.950  1456  4797 I ActivityManager: Start proc 7059:org.mozilla.fenix.nightly:socket/u0a1032 for service org.mozilla.fenix.nightly/org.mozilla.gecko.process.GeckoChildProcessServices$socket
02-23 22:08:07.070  7059  7059 I chatty  : uid=11032(org.mozilla.fenix.nightly) expire 1 line
02-23 22:08:07.070  7059  7075 I chatty  : uid=11032(org.mozilla.fenix.nightly) expire 2 lines
02-23 22:08:07.172  1456  4797 I ActivityManager: Displayed org.mozilla.fenix.nightly/org.mozilla.fenix.HomeActivity: +1s124ms
02-23 22:08:07.172  1456  4797 I ActivityManager: Fully drawn org.mozilla.fenix.nightly/org.mozilla.fenix.HomeActivity: +1s124ms
02-23 22:08:07.212  6946  7080 I chatty  : uid=11032(org.mozilla.fenix.nightly) expire 1 line
02-23 22:08:07.236  1456  1673 I LaunchCheckinHandler: Displayed org.mozilla.fenix.nightly/org.mozilla.fenix.HomeActivity,cp,ca,1189
02-23 22:08:07.253  7059  7075 I chatty  : uid=11032(org.mozilla.fenix.nightly) expire 13 lines
02-23 22:08:07.322  6946  6946 I chatty  : uid=11032(org.mozilla.fenix.nightly) expire 11 lines
02-23 22:08:07.323  4661  4661 I Finsky  : [2] ppb.onTrimMemory(1): Memory trim requested to level 80
02-23 22:08:07.332  6946  6951 I chatty  : uid=11032(org.mozilla.fenix.nightly) expire 2 lines
02-23 22:08:07.345 20270 20270 I MemoryTrimmer: Trimming objects from memory, since app is in the background.
02-23 22:08:07.357 20270 21092 E AudioSource: Stop listening is called on already closed AudioSource
02-23 22:08:07.359 20270 31738 I PBSessionCacheImpl: Deleted sessionId[89149984825581039] from persistence.
02-23 22:08:07.361 20270 23357 E chromium: [ERROR:aw_gl_functor.cc(102)] Received unexpected kModeProcessNoContext
02-23 22:08:07.361 20270 23357 E libEGL  : call to OpenGL ES API with no current context (logged once per thread)
02-23 22:08:07.363 20270 20270 I MemoryTrimmer: Trimming objects from memory, since app is in the background.
02-23 22:08:07.366  1456  2915 I WifiService: getWifiEnabledState uid=10073
02-23 22:08:07.370 20270 21092 I DEBUG   : OpaToSrpTransitionState#onStateChanged#notNullQuery
02-23 22:08:07.372 20270 21092 I DEBUG   : OpaToSrpTransitionState#onStateChanged#notNullQuery
02-23 22:08:07.375 20270 21092 W SearchServiceCore: Abort, client detached.
02-23 22:08:07.375 20270 21092 I chatty  : uid=10073(com.google.android.googlequicksearchbox) EventBus0 identical 2 lines
02-23 22:08:07.377 20270 21092 W SearchServiceCore: Abort, client detached.
02-23 22:08:07.607  1456  1466 I zygote  : Background concurrent copying GC freed 45338(3MB) AllocSpace objects, 22(784KB) LOS objects, 38% free, 37MB/61MB, paused 332us total 350.750ms
02-23 22:08:07.659  6946  6979 I chatty  : uid=11032(org.mozilla.fenix.nightly) expire 11 lines
02-23 22:08:08.131  1023  7134 D libc    : Internal error: netid(0), id(0xcb41), server(0.0.0.0)
02-23 22:08:08.131  1023  7134 D libc    : Internal error: netid(0), id(0xcb41), server(0.0.0.0)
02-23 22:08:08.131  1023  7134 D libc    : Internal error: netid(0), id(0xec1c), server(0.0.0.0)
02-23 22:08:08.131  1023  7134 D libc    : Internal error: netid(0), id(0xec1c), server(0.0.0.0)
02-23 22:08:08.163  6946  7101 I chatty  : uid=11032(org.mozilla.fenix.nightly) expire 2 lines
02-23 22:08:08.304  1023  7140 D libc    : Internal error: netid(0), id(0x5e38), server(0.0.0.0)
02-23 22:08:08.304  1023  7140 D libc    : Internal error: netid(0), id(0x5e38), server(0.0.0.0)
02-23 22:08:08.304  1023  7140 D libc    : Internal error: netid(0), id(0xd64e), server(0.0.0.0)
02-23 22:08:08.305  1023  7140 D libc    : Internal error: netid(0), id(0xd64e), server(0.0.0.0)
02-23 22:08:08.305  1023  7144 D libc    : Internal error: netid(0), id(0x560f), server(0.0.0.0)
02-23 22:08:08.306  1023  7144 D libc    : Internal error: netid(0), id(0x560f), server(0.0.0.0)
02-23 22:08:08.306  1023  7144 D libc    : Internal error: netid(0), id(0x4507), server(0.0.0.0)
02-23 22:08:08.306  1023  7144 D libc    : Internal error: netid(0), id(0x4507), server(0.0.0.0)
02-23 22:08:08.310  1023  7149 D libc    : Internal error: netid(0), id(0xd634), server(0.0.0.0)
02-23 22:08:08.310  1023  7149 D libc    : Internal error: netid(0), id(0xd634), server(0.0.0.0)
02-23 22:08:08.310  1023  7149 D libc    : Internal error: netid(0), id(0xb122), server(0.0.0.0)
02-23 22:08:08.311  1023  7149 D libc    : Internal error: netid(0), id(0xb122), server(0.0.0.0)
02-23 22:08:08.349  6946  6974 I chatty  : uid=11032(org.mozilla.fenix.nightly) expire 1 line
02-23 22:08:08.349  6946  6973 I chatty  : uid=11032(org.mozilla.fenix.nightly) expire 1 line
02-23 22:08:08.350  6946  7011 I chatty  : uid=11032(org.mozilla.fenix.nightly) expire 1 line
02-23 22:08:08.383  6946  7169 I chatty  : uid=11032(org.mozilla.fenix.nightly) expire 1 line
02-23 22:08:11.700  7181  7181 D AndroidRuntime: >>>>>> START com.android.internal.os.RuntimeInit uid 2000 <<<<<<
02-23 22:08:11.713  7181  7181 W app_process: Could not reserve sentinel fault page
02-23 22:08:11.880  7181  7181 I app_process: The ClassLoaderContext is a special shared library.
02-23 22:08:11.945  7181  7181 D AndroidRuntime: Calling main entry com.android.commands.input.Input
02-23 22:08:11.955  7181  7181 I Input   : injectKeyEvent: KeyEvent { action=ACTION_DOWN, keyCode=KEYCODE_HOME, scanCode=0, metaState=0, flags=0x0, repeatCount=0, eventTime=14589747231, downTime=14589747231, deviceId=-1, source=0x101 }
02-23 22:08:11.962  7181  7181 I Input   : injectKeyEvent: KeyEvent { action=ACTION_UP, keyCode=KEYCODE_HOME, scanCode=0, metaState=0, flags=0x0, repeatCount=0, eventTime=14589747231, downTime=14589747231, deviceId=-1, source=0x101 }
02-23 22:08:11.970  1456  1941 I ActivityManager: START u0 {act=android.intent.action.MAIN cat=[android.intent.category.HOME] flg=0x10200000 cmp=com.android.launcher3/.CustomizationPanelLauncher (has extras)} from uid 1000
02-23 22:08:11.971   794   839 E ANDR-PERF-RESOURCEQS: Failed to apply optimization [4, 0]
02-23 22:08:11.982  1456  1941 I ActivityManager: moveHomeStack, setupComplete:true
02-23 22:08:11.985  7181  7181 D AndroidRuntime: Shutting down VM
02-23 22:08:11.998 20270 23357 I OpenGLRenderer: Initialized EGL, version 1.4
02-23 22:08:11.998 20270 23357 D OpenGLRenderer: Swap behavior 2
02-23 22:08:12.008  2748  2748 D Launcher.Utilities: Wakeup weather: Intent { act=com.motorola.launcher3.action.WAKEUP_WEATHER cmp=com.motorola.timeweatherwidget/com.motorola.commandcenter.weather.WakeUpService }
02-23 22:08:12.023  1456  1456 I NotificationService: Cannot find enqueued record for key: 0|com.motorola.timeweatherwidget|1|null|10116
02-23 22:08:12.033   808   808 D SurfaceFlinger: duplicate layer name: changing com.android.launcher3/com.android.launcher3.CustomizationPanelLauncher to com.android.launcher3/com.android.launcher3.CustomizationPanelLauncher#1
02-23 22:08:12.045  1456  2918 I WifiService: getWifiEnabledState uid=10073
02-23 22:08:12.049 20270 21105 W ThreadPoolDumper: Queue length for executor EventBus is now 11. Perhaps some tasks are too long, or the pool is too small.
02-23 22:08:12.062  1456  2918 I WifiService: getWifiEnabledState uid=10073
02-23 22:08:12.072 20270 21092 I DEBUG   : OpaToSrpTransitionState#onStateChanged#notNullQuery
02-23 22:08:12.073 20270 21092 I DEBUG   : OpaToSrpTransitionState#onStateChanged#notNullQuery
02-23 22:08:12.091 20270 21092 I MicroDetectionState: Should stop hotword detection immediately - false
02-23 22:08:12.096 20270 21092 I MicroDetectionWorker: #startMicroDetector [speakerMode: 0]
02-23 22:08:12.098 20270 21092 I AudioController: Created new AudioSource
02-23 22:08:12.123 20270 21107 I MicroDataManager: isInitializedWithLatestParams-true
02-23 22:08:12.123 20270 21107 I MicroDataManager: isInitializing-false locale not changed-true model not changed-true
02-23 22:08:12.123 20270 21107 I MicroDataManager: Already initialized, obtaining the hotword data immediately.
02-23 22:08:12.124  4661  4661 I Finsky  : [2] ppb.onTrimMemory(1): Memory trim requested to level 80
02-23 22:08:12.124  1456  1673 I LaunchCheckinHandler: Displayed com.android.launcher3/.CustomizationPanelLauncher,wp,wa,154
02-23 22:08:12.129 20270 21400 I MicroRecognitionRunner: Starting detection.
02-23 22:08:12.129 20270 21400 I InputStreamUtils: Using micInputStream
02-23 22:08:12.130 20270 31738 I MicrophoneInputStream: mic_starting  SR : 16000 CC : 16 SO : 1999
02-23 22:08:12.134   788  1401 V msm8974_platform: platform_check_input_mask: enter check_input_mask source 6 mask 10
02-23 22:08:12.136  1012  7195 I AudioFlinger: AudioFlinger's thread 0xb2483fc0 tid=7195 ready to run
02-23 22:08:12.140   788  1401 D audio_hw_primary: in_set_parameters: enter: kvpairs=input_source=6;routing=-2147483644
02-23 22:08:12.141  1012  8317 D APM_AudioPolicyManager: AudioPolicyManager::startInput() input 158598, session 158705, source = 1999
02-23 22:08:12.141 20270 31738 I MicrophoneInputStream: mic_started  SR : 16000 CC : 16 SO : 1999
02-23 22:08:12.142   788  7196 V msm8974_platform: platform_update_usecase_from_source: input source :6
02-23 22:08:12.142   788  7196 V msm8974_platform: platform_check_input_mask: enter check_input_mask source 6 mask 10
02-23 22:08:12.142   788  7196 V msm8974_platform: platform_get_input_snd_device: enter: out_device(0) in_device(0x4) channel_count (1) channel_mask (0x10)
02-23 22:08:12.143   788  7196 V msm8974_platform: platform_get_input_snd_device: exit: in_snd_device(voice-rec-mic)
02-23 22:08:12.143   788  7196 V msm8974_platform: platform_get_backend_index:napb: backend port - 5 device - 120 
02-23 22:08:12.143   788  7196 V msm8974_platform: platform_check_and_set_capture_backend_cfg:txbecf: afe: bitwidth 0, samplerate 0, channel 1, backend_idx 5 usecase = 9 device (voice-rec-mic)
02-23 22:08:12.143   788  7196 V msm8974_platform: platform_check_capture_backend_cfg:txbecf: afe: Codec selected backend: 5 current bit width: 0 and sample rate: 0, channels 1
02-23 22:08:12.143   788  7196 V msm8974_platform: platform_check_capture_backend_cfg:txbecf: afe: Codec selected backend: 5 updated bit width: 0 and sample rate: 0
02-23 22:08:12.143   788  7196 I msm8974_platform: platform_check_capture_backend_cfg:txbecf: afe: Codec backend needs to be updated. new bit width: 0 new sample rate: 0 new channel: 1
02-23 22:08:12.143   788  7196 V msm8974_platform: platform_get_backend_index:napb: backend port - 5 device - 120 
02-23 22:08:12.143   788  7196 V msm8974_platform: platform_set_backend_cfg:becf: afe: bitwidth 0, samplerate 0 channels 1, backend_idx 5 device (voice-rec-mic)
02-23 22:08:12.143   788  7196 E msm8974_platform: platform_set_backend_cfg:becf: afe: Could not get ctl for mixer command - SLIM_0_TX Format
02-23 22:08:12.143   788  7196 V msm8974_platform: platform_send_audio_calibration: sending audio calibration for snd_device(120) acdb_id(62)
02-23 22:08:12.143   788  7196 D ACDB-LOADER: ACDB -> send_audio_cal, acdb_id = 62, path = 1, app id = 0x11130, sample rate = 48000
02-23 22:08:12.143   788  7196 D ACDB-LOADER: ACDB -> send_asm_topology
02-23 22:08:12.143   788  7196 D ACDB-LOADER: ACDB -> ACDB_CMD_GET_AUDPROC_STREAM_TOPOLOGY_ID
02-23 22:08:12.143   788  7196 D ACDB-LOADER: ACDB -> send_adm_topology
02-23 22:08:12.143   788  7196 D ACDB-LOADER: ACDB -> ACDB_CMD_GET_AUDPROC_COMMON_TOPOLOGY_ID
02-23 22:08:12.144   788  7196 D ACDB-LOADER: ACDB -> send_audtable
02-23 22:08:12.144   788  7196 D ACDB-LOADER: ACDB -> ACDB_CMD_GET_AUDPROC_COMMON_TABLE_SIZE
02-23 22:08:12.144   788  7196 D ACDB-LOADER: ACDB -> ACDB_CMD_GET_AUDPROC_COMMON_TABLE
02-23 22:08:12.144   788  7196 D ACDB-LOADER: ACDB -> AUDIO_SET_AUDPROC_CAL
02-23 22:08:12.144   788  7196 D ACDB-LOADER: ACDB -> send_audvoltable
02-23 22:08:12.144   788  7196 D ACDB-LOADER: ACDB -> ACDB_CMD_GET_AUDPROC_VOL_STEP_TABLE_SIZE
02-23 22:08:12.144   788  7196 D ACDB-LOADER: ACDB -> ACDB_CMD_GET_AUDPROC_GAIN_DEP_STEP_TABLE, vol index 0
02-23 22:08:12.144   788  7196 D         : Failed to fetch the lookup information of the device 0000003E 
02-23 22:08:12.144   788  7196 D ACDB-LOADER: ACDB -> AUDIO_SET_VOL_CAL cal type = 12
02-23 22:08:12.144   788  7196 D ACDB-LOADER: ACDB -> ACDB_CMD_GET_AUDPROC_STREAM_TABLE_SIZE
02-23 22:08:12.144   788  7196 D ACDB-LOADER: ACDB -> send_audstrmtable
02-23 22:08:12.144   788  7196 D ACDB-LOADER: ACDB -> ACDB_CMD_GET_AUDPROC_STREAM_TABLE_V2
02-23 22:08:12.144   788  7196 D ACDB-LOADER: ACDB -> audstrm_cal->cal_type.cal_data.cal_size = 456
02-23 22:08:12.144   788  7196 D ACDB-LOADER: ACDB -> send_afe_topology
02-23 22:08:12.144   788  7196 D ACDB-LOADER: ACDB -> ACDB_CMD_GET_AFE_TOPOLOGY_ID
02-23 22:08:12.144   788  7196 D ACDB-LOADER: ACDB -> GET_AFE_TOPOLOGY_ID for adcd_id 62, Topology Id 112fb
02-23 22:08:12.144   788  7196 D ACDB-LOADER: ACDB -> send_afe_cal
02-23 22:08:12.144   788  7196 D ACDB-LOADER: ACDB -> ACDB_CMD_GET_AFE_COMMON_TABLE_SIZE
02-23 22:08:12.144   788  7196 D         : Failed to fetch the lookup information of the device 0000003E 
02-23 22:08:12.144   788  7196 E ACDB-LOADER: Error: ACDB_CMD_GET_AFE_COMMON_TABLE_SIZE Returned = -19
02-23 22:08:12.144   788  7196 D ACDB-LOADER: ACDB -> ACDB_CMD_GET_AFE_COMMON_TABLE
02-23 22:08:12.144   788  7196 D         : Failed to fetch the lookup information of the device 0000003E 
02-23 22:08:12.144   788  7196 D ACDB-LOADER: ACDB -> AUDIO_SET_AFE_CAL
02-23 22:08:12.144   788  7196 D ACDB-LOADER: ACDB -> send_hw_delay : acdb_id = 62 path = 1
02-23 22:08:12.144   788  7196 D ACDB-LOADER: ACDB -> ACDB_AVSYNC_INFO: ACDB_CMD_GET_DEVICE_PROPERTY
02-23 22:08:12.144   788  7196 D audio_hw_primary: enable_snd_device: snd_device(120: voice-rec-mic)
02-23 22:08:12.145   788  7196 D audio_route: Apply path: voice-rec-mic
02-23 22:08:12.148   788  7196 V msm8974_platform: platform_get_snd_device_backend_index: enter with device 120
02-23 22:08:12.148   788  7196 E msm8974_platform: platform_get_snd_device_backend_index: BE DAI Name Table is not present
02-23 22:08:12.148   788  7196 V msm8974_platform: platform_get_backend_index:napb: backend port - 5 device - 120 
02-23 22:08:12.148   788  7196 I audio_hw_utils: Set Audio Stream Capture 0 App Type Cfg: app_type 69936, acdb_dev_id 62, sample_rate 48000, snd_device_be_idx -14
02-23 22:08:12.148   788  7196 D audio_hw_primary: enable_audio_route: usecase(9) apply and update mixer path: audio-record
02-23 22:08:12.148   788  7196 D audio_route: Apply path: audio-record
02-23 22:08:12.217 20270 21092 I MicroDetectionWorker: onReady
02-23 22:08:12.533  1456  7796 I OpenGLRenderer: Initialized EGL, version 1.4
02-23 22:08:12.534  1456  7796 D OpenGLRenderer: Swap behavior 2
02-23 22:08:12.579  2748  2917 W OpenGLRenderer: Incorrectly called buildLayer on View: ShortcutAndWidgetContainer, destroying layer...
02-23 22:08:12.680  6946  6972 I chatty  : uid=11032(org.mozilla.fenix.nightly) expire 1 line
02-23 22:08:12.683  6946  6971 I chatty  : uid=11032(org.mozilla.fenix.nightly) expire 6 lines
02-23 22:08:12.727   808   898 I SFPerfTracer:      triggers: (rate: 0:1) (0 sw vsyncs) (0 skipped) (38:4617567 vsyncs) (40:10451225)
02-23 22:08:17.143  1456  4797 I ActivityManager: Force stopping org.mozilla.fenix.nightly appid=11032 user=0: from pid 7200
02-23 22:08:17.143  1456  4797 I ActivityManager: Killing 6946:org.mozilla.fenix.nightly/u0a1032 (adj 700): stop org.mozilla.fenix.nightly
02-23 22:08:17.146  1456  1605 W zygote  : kill(-6946, 9) failed: No such process
02-23 22:08:17.147  7031  7031 I chatty  : uid=11032(org.mozilla.fenix.nightly) expire 1 line
02-23 22:08:17.149  1456  4797 W ActivityManager: Force removing ActivityRecord{80c8334 u0 org.mozilla.fenix.nightly/org.mozilla.fenix.HomeActivity t28859}: app died, no saved state
02-23 22:08:17.149  7059  7059 I chatty  : uid=11032(org.mozilla.fenix.nightly) expire 1 line
02-23 22:08:17.157  1456  1605 W zygote  : kill(-6946, 9) failed: No such process
02-23 22:08:17.158  1456  4797 I ActivityManager: Killing 7059:org.mozilla.fenix.nightly:socket/u0a1032 (adj 0): stop org.mozilla.fenix.nightly
02-23 22:08:17.162  1456  4797 I ActivityManager: Killing 7031:org.mozilla.fenix.nightly:tab/u0a1032 (adj 0): stop org.mozilla.fenix.nightly
02-23 22:08:17.171  1456  1605 W zygote  : kill(-6946, 9) failed: No such process
02-23 22:08:17.176  2398  2398 D CarrierSvcBindHelper: No carrier app for: 0
02-23 22:08:17.177  2398  2398 D CarrierSvcBindHelper: No carrier app for: 1
02-23 22:08:17.186  1456  1605 W zygote  : kill(-6946, 9) failed: No such process
02-23 22:08:17.244  1456  1605 I chatty  : uid=1000(system) ActivityManager identical 8 lines
02-23 22:08:17.244  1456  1673 W ActivityManager: setHasOverlayUi called on unknown pid: 6946
02-23 22:08:17.260  1456  1605 W zygote  : kill(-6946, 9) failed: No such process
02-23 22:08:17.260  1456  1605 I zygote  : Successfully killed process cgroup uid 11032 pid 6946 in 113ms
02-23 22:08:17.260  1456  1605 W zygote  : kill(-7059, 9) failed: No such process
02-23 22:08:17.260  1456  1605 I zygote  : Successfully killed process cgroup uid 11032 pid 7059 in 0ms
02-23 22:08:17.260  1456  1605 W zygote  : kill(-7031, 9) failed: No such process
02-23 22:08:17.260  1456  1605 I zygote  : Successfully killed process cgroup uid 11032 pid 7031 in 0ms
02-23 22:08:17.273  1456  5797 I ActivityManager: START u0 {act=android.intent.action.MAIN cat=[android.intent.category.LAUNCHER] flg=0x10000000 cmp=org.mozilla.fenix.nightly/org.mozilla.fenix.HomeActivity} from uid 2000
02-23 22:08:17.274   794   839 E ANDR-PERF-RESOURCEQS: Failed to apply optimization [4, 0]
02-23 22:08:17.296  1456  3925 I ActivityManager: Start proc 7209:org.mozilla.fenix.nightly/u0a1032 for activity org.mozilla.fenix.nightly/org.mozilla.fenix.HomeActivity
02-23 22:08:17.359   808   808 I SFPerfTracer:      triggers: (rate: 57:1993416) (compose: 0:7) (post: 0:19) (render: 0:17) (2:8716857 frames) (3:10390988)
02-23 22:08:17.359   808   808 D SFPerfTracer:        layers: (4:14) (NavigationBar#0 (0xb07df000): 0:608265) (StatusBar#0 (0xb07e3000): 0:1633135) (com.android.systemui.ImageWallpaper#0 (0xb07e7000): 0:53522) (Sprite#0 (0xb0733000): 0:317)* (DimLayerController/Stack=0#0 (0xb075a000): 0:3734)* (Sprite#1 (0xb077c000): 0:195)* (animation background stackId=1#0 (0xb039b000): 0:108)* (com.android.launcher3/com.android.launcher3.CustomizationPanelLauncher#0 (0xb0763000): 0:39)- (com.android.launcher3/com.android.launcher3.CustomizationPanelLauncher#1 (0xb0771000): 0:10)- (Splash Screen org.mozilla.fenix.nightly#0 (0xb013a000): 0:31)- (org.mozilla.fenix.nightly/org.mozilla.fenix.HomeActivity#0 (0xb0140000): 0:47)- (com.android.launcher3/com.android.launcher3.CustomizationPanelLauncher#0 (0xb0763000): 1:40)* (com.android.launcher3/com.android.launcher3.CustomizationPanelLauncher#1 (0xb0771000): 1:9) (Splash Screen org.mozilla.fenix.nightly#0 (0xb013a000): 2:2)* 
02-23 22:08:17.381 20270 21092 I MicroDetectionState: Should stop hotword detection immediately - false
02-23 22:08:17.381 20270 21092 I MicroDetector: Keeping mic open: false
02-23 22:08:17.381 20270 21092 I RecognitionAudioControl: #shutdownAudio [requestId: 499728609062631745, keepAudioOpen: false, forced: true]
02-23 22:08:17.381 20270 17075 E DeviceStateChecker: DeviceStateChecker cancelled
02-23 22:08:17.381 20270 21092 I RecognitionAudioControl: #internalShutdownAudio [requestId: 499728609062631745]
02-23 22:08:17.381 20270 21092 I RecognitionAudioControl: #internalShutdownAudio [keepAudioOpen: false, forced: true]
02-23 22:08:17.381 20270 21092 I RecognitionAudioControl: #actualShutdownAudio
02-23 22:08:17.381 20270 21092 I AudioController: #shutdown [requestId=499728609062631745]
02-23 22:08:17.382 20270 21132 I AudioController: internalShutdown
02-23 22:08:17.382 20270 21131 I MicroRecognitionRunner: Stopping hotword detection.
02-23 22:08:17.439   788  1401 D audio_hw_primary: disable_audio_route: usecase(9) reset and update mixer path: audio-record
02-23 22:08:17.442   788  1401 D audio_hw_primary: disable_snd_device: snd_device(120: voice-rec-mic)
02-23 22:08:17.444  1012  8317 D APM_AudioPolicyManager: stopInput() input 158598, session 158705
02-23 22:08:17.445   788  1479 D audio_hw_primary: in_set_parameters: enter: kvpairs=routing=0
02-23 22:08:17.447 20270 21132 I MicrophoneInputStream: mic_close  SR : 16000 CC : 16 SO : 1999
02-23 22:08:17.448 20270 21132 E AudioSource: Stop listening is called on already closed AudioSource
02-23 22:08:17.450 20270 21400 I MicroRecognitionRunner: Detection finished
02-23 22:08:17.457  7209  7209 I chatty  : uid=11032(org.mozilla.fenix.nightly) expire 38 lines
02-23 22:08:17.538  7209  7228 I chatty  : uid=11032(org.mozilla.fenix.nightly) expire 4 lines
02-23 22:08:17.555  1456  4802 D ConnectivityService: requestNetwork for uid/pid:11032/7209 NetworkRequest [ TRACK_DEFAULT id=28049, [ Capabilities: INTERNET&NOT_RESTRICTED&TRUSTED&NOT_VPN] ]
02-23 22:08:17.557  1456  2099 D Ethernet: got request NetworkRequest [ TRACK_DEFAULT id=28049, [ Capabilities: INTERNET&NOT_RESTRICTED&TRUSTED&NOT_VPN] ] with score 0
02-23 22:08:17.557  1456  2054 D WIFI_UT : got request NetworkRequest [ TRACK_DEFAULT id=28049, [ Capabilities: INTERNET&NOT_RESTRICTED&TRUSTED&NOT_VPN] ] with score 0
02-23 22:08:17.557  1456  2054 D WIFI    : got request NetworkRequest [ TRACK_DEFAULT id=28049, [ Capabilities: INTERNET&NOT_RESTRICTED&TRUSTED&NOT_VPN] ] with score 0
02-23 22:08:17.557  2398  2398 D PhoneSwitcherNetworkRequstListener: got request NetworkRequest [ TRACK_DEFAULT id=28049, [ Capabilities: INTERNET&NOT_RESTRICTED&TRUSTED&NOT_VPN] ] with score 0
02-23 22:08:17.562  7209  7238 I chatty  : uid=11032(org.mozilla.fenix.nightly) expire 11 lines
02-23 22:08:17.585  7209  7236 I chatty  : uid=11032(org.mozilla.fenix.nightly) expire 17 lines
02-23 22:08:17.627  7209  7245 I chatty  : uid=11032(org.mozilla.fenix.nightly) expire 30 lines
02-23 22:08:17.725  7209  7248 I chatty  : uid=11032(org.mozilla.fenix.nightly) expire 1 line
02-23 22:08:17.746  7209  7260 I chatty  : uid=11032(org.mozilla.fenix.nightly) expire 10 lines
02-23 22:08:17.849  7209  7214 I chatty  : uid=11032(org.mozilla.fenix.nightly) expire 8 lines
02-23 22:08:18.102  1456  3925 I ActivityManager: Start proc 7292:org.mozilla.fenix.nightly:tab/u0a1032 for service org.mozilla.fenix.nightly/org.mozilla.gecko.process.GeckoChildProcessServices$tab
02-23 22:08:18.119  7209  7302 I chatty  : uid=11032(org.mozilla.fenix.nightly) expire 9 lines
02-23 22:08:18.225  7292  7292 I chatty  : uid=11032(org.mozilla.fenix.nightly) expire 2 lines
02-23 22:08:18.225  7292  7320 I chatty  : uid=11032(org.mozilla.fenix.nightly) expire 1 line
02-23 22:08:18.231  1456  5797 I ActivityManager: Start proc 7321:org.mozilla.fenix.nightly:socket/u0a1032 for service org.mozilla.fenix.nightly/org.mozilla.gecko.process.GeckoChildProcessServices$socket
02-23 22:08:18.346  7321  7321 I chatty  : uid=11032(org.mozilla.fenix.nightly) expire 2 lines
02-23 22:08:18.348  7321  7337 I chatty  : uid=11032(org.mozilla.fenix.nightly) expire 15 lines
02-23 22:08:18.471  1456  3925 I ActivityManager: Displayed org.mozilla.fenix.nightly/org.mozilla.fenix.HomeActivity: +1s188ms
02-23 22:08:18.471  1456  3925 I ActivityManager: Fully drawn org.mozilla.fenix.nightly/org.mozilla.fenix.HomeActivity: +1s188ms
02-23 22:08:18.507  7209  7342 I chatty  : uid=11032(org.mozilla.fenix.nightly) expire 1 line
02-23 22:08:18.528  1456  1673 I LaunchCheckinHandler: Displayed org.mozilla.fenix.nightly/org.mozilla.fenix.HomeActivity,cp,ca,1246
02-23 22:08:18.641  4661  4661 I Finsky  : [2] ppb.onTrimMemory(1): Memory trim requested to level 80
02-23 22:08:18.649 20270 20270 I MemoryTrimmer: Trimming objects from memory, since app is in the background.
02-23 22:08:18.662 20270 21092 E AudioSource: Stop listening is called on already closed AudioSource
02-23 22:08:18.667 20270 23357 E chromium: [ERROR:aw_gl_functor.cc(102)] Received unexpected kModeProcessNoContext
02-23 22:08:18.667 20270 23357 E libEGL  : call to OpenGL ES API with no current context (logged once per thread)
02-23 22:08:18.668 20270 20270 I MemoryTrimmer: Trimming objects from memory, since app is in the background.
02-23 22:08:18.670  1456  3925 I WifiService: getWifiEnabledState uid=10073
02-23 22:08:18.672 20270 31738 I PBSessionCacheImpl: Deleted sessionId[89149984825581044] from persistence.
02-23 22:08:18.673 20270 21092 I DEBUG   : OpaToSrpTransitionState#onStateChanged#notNullQuery
02-23 22:08:18.674 20270 21092 I DEBUG   : OpaToSrpTransitionState#onStateChanged#notNullQuery
02-23 22:08:18.677 20270 21092 W SearchServiceCore: Abort, client detached.
02-23 22:08:18.679 20270 21092 W SearchServiceCore: Abort, client detached.
02-23 22:08:18.684 13975 13985 I zygote  : Background concurrent copying GC freed 41345(1891KB) AllocSpace objects, 6(312KB) LOS objects, 49% free, 8MB/16MB, paused 214us total 161.063ms
02-23 22:08:19.452  1023  7400 D libc    : Internal error: netid(0), id(0x840a), server(0.0.0.0)
02-23 22:08:19.452  1023  7400 D libc    : Internal error: netid(0), id(0x840a), server(0.0.0.0)
02-23 22:08:19.452  1023  7400 D libc    : Internal error: netid(0), id(0x6f52), server(0.0.0.0)
02-23 22:08:19.452  1023  7400 D libc    : Internal error: netid(0), id(0x6f52), server(0.0.0.0)
02-23 22:08:19.484  7209  7368 I chatty  : uid=11032(org.mozilla.fenix.nightly) expire 2 lines
02-23 22:08:19.624  1023  7408 D libc    : Internal error: netid(0), id(0xa50b), server(0.0.0.0)
02-23 22:08:19.624  1023  7408 D libc    : Internal error: netid(0), id(0xa50b), server(0.0.0.0)
02-23 22:08:19.624  1023  7410 D libc    : Internal error: netid(0), id(0xb962), server(0.0.0.0)
02-23 22:08:19.624  1023  7408 D libc    : Internal error: netid(0), id(0x572a), server(0.0.0.0)
