03-01 22:08:46.711  1456  2067 D ConnectivityService: releasing NetworkRequest [ TRACK_DEFAULT id=28995, [ Capabilities: INTERNET&NOT_RESTRICTED&TRUSTED&NOT_VPN] ] (release request)
03-01 22:08:46.711  1456  1673 W ActivityManager: setHasOverlayUi called on unknown pid: 19604
03-01 22:08:46.720  1456  1605 W zygote  : kill(-19604, 9) failed: No such process
03-01 22:08:46.720  1456  1605 I zygote  : Successfully killed process cgroup uid 11056 pid 19604 in 102ms
03-01 22:08:46.720  1456  1605 W zygote  : kill(-19714, 9) failed: No such process
03-01 22:08:46.720  1456  1605 I zygote  : Successfully killed process cgroup uid 11056 pid 19714 in 0ms
03-01 22:08:46.721  1456  1605 W zygote  : kill(-19684, 9) failed: No such process
03-01 22:08:46.721  1456  1605 I zygote  : Successfully killed process cgroup uid 11056 pid 19684 in 0ms
03-01 22:08:46.740  1456  2920 I ActivityManager: START u0 {act=android.intent.action.MAIN cat=[android.intent.category.LAUNCHER] flg=0x10000000 cmp=org.mozilla.fennec_aurora/org.mozilla.fenix.HomeActivity} from uid 2000
03-01 22:08:46.742   794   839 E ANDR-PERF-RESOURCEQS: Failed to apply optimization [4, 0]
03-01 22:08:46.761  1456  6339 I ActivityManager: Start proc 19852:org.mozilla.fennec_aurora/u0a1056 for activity org.mozilla.fennec_aurora/org.mozilla.fenix.HomeActivity
03-01 22:08:46.848 20270 21092 I MicroDetectionState: Should stop hotword detection immediately - false
03-01 22:08:46.848 20270 21092 I MicroDetector: Keeping mic open: false
03-01 22:08:46.849 20270 21092 I RecognitionAudioControl: #shutdownAudio [requestId: 3512010989991579017, keepAudioOpen: false, forced: true]
03-01 22:08:46.849 20270 17075 E DeviceStateChecker: DeviceStateChecker cancelled
03-01 22:08:46.849 20270 21092 I RecognitionAudioControl: #internalShutdownAudio [requestId: 3512010989991579017]
03-01 22:08:46.849 20270 21092 I RecognitionAudioControl: #internalShutdownAudio [keepAudioOpen: false, forced: true]
03-01 22:08:46.849 20270 21092 I RecognitionAudioControl: #actualShutdownAudio
03-01 22:08:46.849 20270 21092 I AudioController: #shutdown [requestId=3512010989991579017]
03-01 22:08:46.849 20270 21108 I AudioController: internalShutdown
03-01 22:08:46.849 20270 21132 I MicroRecognitionRunner: Stopping hotword detection.
03-01 22:08:46.894   788  1479 D audio_hw_primary: disable_audio_route: usecase(9) reset and update mixer path: audio-record
03-01 22:08:46.895   788  1479 D audio_hw_primary: disable_snd_device: snd_device(120: voice-rec-mic)
03-01 22:08:46.896  1012 26683 D APM_AudioPolicyManager: stopInput() input 173190, session 173297
03-01 22:08:46.897   788  1479 D audio_hw_primary: in_set_parameters: enter: kvpairs=routing=0
03-01 22:08:46.899 20270 21108 I MicrophoneInputStream: mic_close  SR : 16000 CC : 16 SO : 1999
03-01 22:08:46.899 20270 21108 E AudioSource: Stop listening is called on already closed AudioSource
03-01 22:08:46.901 20270 21400 I MicroRecognitionRunner: Detection finished
03-01 22:08:46.930 19852 19852 I chatty  : uid=11056(org.mozilla.fennec_aurora) expire 51 lines
03-01 22:08:46.999 19852 19871 I chatty  : uid=11056(org.mozilla.fennec_aurora) expire 4 lines
03-01 22:08:47.024 19852 19879 I chatty  : uid=11056(org.mozilla.fennec_aurora) expire 12 lines
03-01 22:08:47.042 19852 19878 I chatty  : uid=11056(org.mozilla.fennec_aurora) expire 17 lines
03-01 22:08:47.085 19852 19885 I chatty  : uid=11056(org.mozilla.fennec_aurora) expire 30 lines
03-01 22:08:47.170 19852 19888 I chatty  : uid=11056(org.mozilla.fennec_aurora) expire 1 line
03-01 22:08:47.185 19852 19898 I chatty  : uid=11056(org.mozilla.fennec_aurora) expire 10 lines
03-01 22:08:47.258 19852 19857 I chatty  : uid=11056(org.mozilla.fennec_aurora) expire 8 lines
03-01 22:08:47.487 19852 19852 E ActivityThread: Failed to find provider info for org.mozilla.fennec_aurora.fxa.auth
03-01 22:08:47.564  1456  2204 I ActivityManager: Start proc 19933:org.mozilla.fennec_aurora:tab/u0a1056 for service org.mozilla.fennec_aurora/org.mozilla.gecko.process.GeckoChildProcessServices$tab
03-01 22:08:47.575 19852 19945 I chatty  : uid=11056(org.mozilla.fennec_aurora) expire 9 lines
03-01 22:08:47.676  1456  6339 I ActivityManager: Start proc 19959:org.mozilla.fennec_aurora:socket/u0a1056 for service org.mozilla.fennec_aurora/org.mozilla.gecko.process.GeckoChildProcessServices$socket
03-01 22:08:47.692 19933 19933 I chatty  : uid=11056(org.mozilla.fennec_aurora) expire 2 lines
03-01 22:08:47.693 19933 19972 I chatty  : uid=11056(org.mozilla.fennec_aurora) expire 1 line
03-01 22:08:47.795 19959 19959 I chatty  : uid=11056(org.mozilla.fennec_aurora) expire 2 lines
03-01 22:08:47.796 19959 19975 I chatty  : uid=11056(org.mozilla.fennec_aurora) expire 15 lines
03-01 22:08:47.910  1456  3925 I ActivityManager: Displayed org.mozilla.fennec_aurora/org.mozilla.fenix.HomeActivity: +1s161ms
03-01 22:08:47.910  1456  3925 I ActivityManager: Fully drawn org.mozilla.fennec_aurora/org.mozilla.fenix.HomeActivity: +1s161ms
03-01 22:08:47.959  1456  1673 I LaunchCheckinHandler: Displayed org.mozilla.fennec_aurora/org.mozilla.fenix.HomeActivity,cp,ca,1210
03-01 22:08:47.970 19852 19852 E ActivityThread: Failed to find provider info for org.mozilla.fennec_aurora.fxa.auth
03-01 22:08:48.045 20270 20270 I MemoryTrimmer: Trimming objects from memory, since app is in the background.
03-01 22:08:48.052 20270 21092 E AudioSource: Stop listening is called on already closed AudioSource
03-01 22:08:48.054 20270 14671 I PBSessionCacheImpl: Deleted sessionId[89149984825590661] from persistence.
03-01 22:08:48.054 20270 23357 E chromium: [ERROR:aw_gl_functor.cc(102)] Received unexpected kModeProcessNoContext
03-01 22:08:48.055 20270 23357 E libEGL  : call to OpenGL ES API with no current context (logged once per thread)
03-01 22:08:48.055 20270 20270 I MemoryTrimmer: Trimming objects from memory, since app is in the background.
03-01 22:08:48.059  1456  6339 I WifiService: getWifiEnabledState uid=10073
03-01 22:08:48.062 20270 21092 I DEBUG   : OpaToSrpTransitionState#onStateChanged#notNullQuery
03-01 22:08:48.063 20270 21092 I DEBUG   : OpaToSrpTransitionState#onStateChanged#notNullQuery
03-01 22:08:48.064 20270 21092 W SearchServiceCore: Abort, client detached.
03-01 22:08:48.066 20270 21092 W SearchServiceCore: Abort, client detached.
03-01 22:08:48.842  1023 20026 D libc    : Internal error: netid(0), id(0xe110), server(0.0.0.0)
03-01 22:08:48.843  1023 20026 D libc    : Internal error: netid(0), id(0xe110), server(0.0.0.0)
03-01 22:08:48.843  1023 20026 D libc    : Internal error: netid(0), id(0x2c3e), server(0.0.0.0)
03-01 22:08:48.843  1023 20026 D libc    : Internal error: netid(0), id(0x2c3e), server(0.0.0.0)
03-01 22:08:48.874 19852 20022 I chatty  : uid=11056(org.mozilla.fennec_aurora) expire 2 lines
03-01 22:08:49.013  1023 20031 D libc    : Internal error: netid(0), id(0x863), server(0.0.0.0)
03-01 22:08:49.014  1023 20031 D libc    : Internal error: netid(0), id(0x863), server(0.0.0.0)
03-01 22:08:49.014  1023 20031 D libc    : Internal error: netid(0), id(0xdd4c), server(0.0.0.0)
03-01 22:08:49.014  1023 20031 D libc    : Internal error: netid(0), id(0xdd4c), server(0.0.0.0)
03-01 22:08:49.015  1023 20035 D libc    : Internal error: netid(0), id(0x3c15), server(0.0.0.0)
03-01 22:08:49.015  1023 20035 D libc    : Internal error: netid(0), id(0x3c15), server(0.0.0.0)
03-01 22:08:49.015  1023 20035 D libc    : Internal error: netid(0), id(0x172), server(0.0.0.0)
03-01 22:08:49.015  1023 20035 D libc    : Internal error: netid(0), id(0x172), server(0.0.0.0)
03-01 22:08:49.017  1023 20039 D libc    : Internal error: netid(0), id(0x6b50), server(0.0.0.0)
03-01 22:08:49.017  1023 20039 D libc    : Internal error: netid(0), id(0x6b50), server(0.0.0.0)
03-01 22:08:49.018  1023 20039 D libc    : Internal error: netid(0), id(0x2130), server(0.0.0.0)
03-01 22:08:49.018  1023 20039 D libc    : Internal error: netid(0), id(0x2130), server(0.0.0.0)
03-01 22:08:49.054 19852 19904 I chatty  : uid=11056(org.mozilla.fennec_aurora) expire 1 line
03-01 22:08:49.054 19852 19880 I chatty  : uid=11056(org.mozilla.fennec_aurora) expire 1 line
03-01 22:08:49.091 19852 19907 I chatty  : uid=11056(org.mozilla.fennec_aurora) expire 1 line
03-01 22:08:51.527   769  1892 I MotoSensors: Sensorhub hal setDelay: 1 - 20
03-01 22:08:51.527   769  1892 I MotoSensors: Sensorhub hal setdelay: 1 - 20
03-01 22:08:51.527   769  1892 I MotoSensors: HubSensors::updateAccelRate 200
03-01 22:08:51.528   769  1892 I MotoSensors: Sensorhub hal enable: 1 - 1
03-01 22:08:51.528   769  1892 I MotoSensors: HubSensors::updateAccelRate 20
03-01 22:08:52.050   769  1892 I MotoSensors: Sensorhub hal enable: 1 - 0
03-01 22:08:52.403 20073 20073 D AndroidRuntime: >>>>>> START com.android.internal.os.RuntimeInit uid 2000 <<<<<<
03-01 22:08:52.416 20073 20073 W app_process: Could not reserve sentinel fault page
03-01 22:08:52.583 20073 20073 I app_process: The ClassLoaderContext is a special shared library.
03-01 22:08:52.652 20073 20073 D AndroidRuntime: Calling main entry com.android.commands.input.Input
03-01 22:08:52.654 20073 20073 I Input   : injectKeyEvent: KeyEvent { action=ACTION_DOWN, keyCode=KEYCODE_HOME, scanCode=0, metaState=0, flags=0x0, repeatCount=0, eventTime=15194587933, downTime=15194587933, deviceId=-1, source=0x101 }
03-01 22:08:52.664 20073 20073 I Input   : injectKeyEvent: KeyEvent { action=ACTION_UP, keyCode=KEYCODE_HOME, scanCode=0, metaState=0, flags=0x0, repeatCount=0, eventTime=15194587933, downTime=15194587933, deviceId=-1, source=0x101 }
03-01 22:08:52.670  1456  1941 I ActivityManager: START u0 {act=android.intent.action.MAIN cat=[android.intent.category.HOME] flg=0x10200000 cmp=com.android.launcher3/.CustomizationPanelLauncher (has extras)} from uid 1000
03-01 22:08:52.671   794   839 E ANDR-PERF-RESOURCEQS: Failed to apply optimization [4, 0]
03-01 22:08:52.682  1456  1941 I ActivityManager: moveHomeStack, setupComplete:true
03-01 22:08:52.690 20270 23357 I OpenGLRenderer: Initialized EGL, version 1.4
03-01 22:08:52.690 20270 23357 D OpenGLRenderer: Swap behavior 2
03-01 22:08:52.693 20073 20073 D AndroidRuntime: Shutting down VM
03-01 22:08:52.702  1456  1893 D BatteryService: uevent={POWER_SUPPLY_VOLTAGE_NOW=4402592, POWER_SUPPLY_CHARGE_RATE=Normal, POWER_SUPPLY_HEALTH=Good, POWER_SUPPLY_CURRENT_NOW=-203856, POWER_SUPPLY_PRESENT=1, SUBSYSTEM=power_supply, POWER_SUPPLY_TEMP=295, SEQNUM=397274, ACTION=change, POWER_SUPPLY_NAME=battery, POWER_SUPPLY_STATUS=Charging, POWER_SUPPLY_CHARGE_COUNTER=2784350, POWER_SUPPLY_CAPACITY=100, DEVPATH=/devices/soc/qpnp-smbcharger-17/power_supply/battery}
03-01 22:08:52.704  2748  2748 D Launcher.Utilities: Wakeup weather: Intent { act=com.motorola.launcher3.action.WAKEUP_WEATHER cmp=com.motorola.timeweatherwidget/com.motorola.commandcenter.weather.WakeUpService }
03-01 22:08:52.716  2398  2398 D QtiCarrierConfigHelper: WARNING, no carrier configs on phone Id: 0
03-01 22:08:52.726  1456  1456 I NotificationService: Cannot find enqueued record for key: 0|com.motorola.timeweatherwidget|1|null|10116
03-01 22:08:52.728   808   808 D SurfaceFlinger: duplicate layer name: changing com.android.launcher3/com.android.launcher3.CustomizationPanelLauncher to com.android.launcher3/com.android.launcher3.CustomizationPanelLauncher#1
03-01 22:08:52.741 20270 21124 W ThreadPoolDumper: Queue length for executor EventBus is now 11. Perhaps some tasks are too long, or the pool is too small.
03-01 22:08:52.743  1456  2204 I WifiService: getWifiEnabledState uid=10073
03-01 22:08:52.753  1456  2204 I WifiService: getWifiEnabledState uid=10073
03-01 22:08:52.771 20270 21092 I DEBUG   : OpaToSrpTransitionState#onStateChanged#notNullQuery
03-01 22:08:52.772 20270 21092 I DEBUG   : OpaToSrpTransitionState#onStateChanged#notNullQuery
03-01 22:08:52.789 20270 21092 I MicroDetectionState: Should stop hotword detection immediately - false
03-01 22:08:52.793 20270 21092 I MicroDetectionWorker: #startMicroDetector [speakerMode: 0]
03-01 22:08:52.794 20270 21092 I AudioController: Created new AudioSource
03-01 22:08:52.815 20270 21107 I MicroDataManager: isInitializedWithLatestParams-true
03-01 22:08:52.815 20270 21107 I MicroDataManager: isInitializing-false locale not changed-true model not changed-true
03-01 22:08:52.816 20270 21107 I MicroDataManager: Already initialized, obtaining the hotword data immediately.
03-01 22:08:52.816 17872 17872 I Finsky  : [2] ppb.onTrimMemory(1): Memory trim requested to level 80
03-01 22:08:52.817  1456  1673 I LaunchCheckinHandler: Displayed com.android.launcher3/.CustomizationPanelLauncher,wp,wa,147
03-01 22:08:52.821 20270 17075 I MicroRecognitionRunner: Starting detection.
03-01 22:08:52.822 20270 17075 I InputStreamUtils: Using micInputStream
03-01 22:08:52.825 20270 14671 I MicrophoneInputStream: mic_starting  SR : 16000 CC : 16 SO : 1999
03-01 22:08:52.829   788  1479 V msm8974_platform: platform_check_input_mask: enter check_input_mask source 6 mask 10
03-01 22:08:52.831  1012 20087 I AudioFlinger: AudioFlinger's thread 0xb24831c0 tid=20087 ready to run
03-01 22:08:52.836   788  1479 D audio_hw_primary: in_set_parameters: enter: kvpairs=input_source=6;routing=-2147483644
03-01 22:08:52.837  1012  4918 D APM_AudioPolicyManager: AudioPolicyManager::startInput() input 173198, session 173305, source = 1999
03-01 22:08:52.837 20270 14671 I MicrophoneInputStream: mic_started  SR : 16000 CC : 16 SO : 1999
03-01 22:08:52.842   788 20088 V msm8974_platform: platform_update_usecase_from_source: input source :6
03-01 22:08:52.842   788 20088 V msm8974_platform: platform_check_input_mask: enter check_input_mask source 6 mask 10
03-01 22:08:52.842   788 20088 V msm8974_platform: platform_get_input_snd_device: enter: out_device(0) in_device(0x4) channel_count (1) channel_mask (0x10)
03-01 22:08:52.842   788 20088 V msm8974_platform: platform_get_input_snd_device: exit: in_snd_device(voice-rec-mic)
03-01 22:08:52.842   788 20088 V msm8974_platform: platform_get_backend_index:napb: backend port - 5 device - 120 
03-01 22:08:52.842   788 20088 V msm8974_platform: platform_check_and_set_capture_backend_cfg:txbecf: afe: bitwidth 0, samplerate 0, channel 1, backend_idx 5 usecase = 9 device (voice-rec-mic)
03-01 22:08:52.842   788 20088 V msm8974_platform: platform_check_capture_backend_cfg:txbecf: afe: Codec selected backend: 5 current bit width: 0 and sample rate: 0, channels 1
03-01 22:08:52.842   788 20088 V msm8974_platform: platform_check_capture_backend_cfg:txbecf: afe: Codec selected backend: 5 updated bit width: 0 and sample rate: 0
03-01 22:08:52.842   788 20088 I msm8974_platform: platform_check_capture_backend_cfg:txbecf: afe: Codec backend needs to be updated. new bit width: 0 new sample rate: 0 new channel: 1
03-01 22:08:52.842   788 20088 V msm8974_platform: platform_get_backend_index:napb: backend port - 5 device - 120 
03-01 22:08:52.842   788 20088 V msm8974_platform: platform_set_backend_cfg:becf: afe: bitwidth 0, samplerate 0 channels 1, backend_idx 5 device (voice-rec-mic)
03-01 22:08:52.843   788 20088 E msm8974_platform: platform_set_backend_cfg:becf: afe: Could not get ctl for mixer command - SLIM_0_TX Format
03-01 22:08:52.843   788 20088 V msm8974_platform: platform_send_audio_calibration: sending audio calibration for snd_device(120) acdb_id(62)
03-01 22:08:52.843   788 20088 D ACDB-LOADER: ACDB -> send_audio_cal, acdb_id = 62, path = 1, app id = 0x11130, sample rate = 48000
03-01 22:08:52.843   788 20088 D ACDB-LOADER: ACDB -> send_asm_topology
03-01 22:08:52.843   788 20088 D ACDB-LOADER: ACDB -> ACDB_CMD_GET_AUDPROC_STREAM_TOPOLOGY_ID
03-01 22:08:52.843   788 20088 D ACDB-LOADER: ACDB -> send_adm_topology
03-01 22:08:52.843   788 20088 D ACDB-LOADER: ACDB -> ACDB_CMD_GET_AUDPROC_COMMON_TOPOLOGY_ID
03-01 22:08:52.843   788 20088 D ACDB-LOADER: ACDB -> send_audtable
03-01 22:08:52.843   788 20088 D ACDB-LOADER: ACDB -> ACDB_CMD_GET_AUDPROC_COMMON_TABLE_SIZE
03-01 22:08:52.843   788 20088 D ACDB-LOADER: ACDB -> ACDB_CMD_GET_AUDPROC_COMMON_TABLE
03-01 22:08:52.843   788 20088 D ACDB-LOADER: ACDB -> AUDIO_SET_AUDPROC_CAL
03-01 22:08:52.843   788 20088 D ACDB-LOADER: ACDB -> send_audvoltable
03-01 22:08:52.843   788 20088 D ACDB-LOADER: ACDB -> ACDB_CMD_GET_AUDPROC_VOL_STEP_TABLE_SIZE
03-01 22:08:52.843   788 20088 D ACDB-LOADER: ACDB -> ACDB_CMD_GET_AUDPROC_GAIN_DEP_STEP_TABLE, vol index 0
03-01 22:08:52.843   788 20088 D         : Failed to fetch the lookup information of the device 0000003E 
03-01 22:08:52.843   788 20088 D ACDB-LOADER: ACDB -> AUDIO_SET_VOL_CAL cal type = 12
03-01 22:08:52.843   788 20088 D ACDB-LOADER: ACDB -> ACDB_CMD_GET_AUDPROC_STREAM_TABLE_SIZE
03-01 22:08:52.843   788 20088 D ACDB-LOADER: ACDB -> send_audstrmtable
03-01 22:08:52.843   788 20088 D ACDB-LOADER: ACDB -> ACDB_CMD_GET_AUDPROC_STREAM_TABLE_V2
03-01 22:08:52.843   788 20088 D ACDB-LOADER: ACDB -> audstrm_cal->cal_type.cal_data.cal_size = 456
03-01 22:08:52.843   788 20088 D ACDB-LOADER: ACDB -> send_afe_topology
03-01 22:08:52.843   788 20088 D ACDB-LOADER: ACDB -> ACDB_CMD_GET_AFE_TOPOLOGY_ID
03-01 22:08:52.843   788 20088 D ACDB-LOADER: ACDB -> GET_AFE_TOPOLOGY_ID for adcd_id 62, Topology Id 112fb
03-01 22:08:52.843   788 20088 D ACDB-LOADER: ACDB -> send_afe_cal
03-01 22:08:52.843   788 20088 D ACDB-LOADER: ACDB -> ACDB_CMD_GET_AFE_COMMON_TABLE_SIZE
03-01 22:08:52.843   788 20088 D         : Failed to fetch the lookup information of the device 0000003E 
03-01 22:08:52.843   788 20088 E ACDB-LOADER: Error: ACDB_CMD_GET_AFE_COMMON_TABLE_SIZE Returned = -19
03-01 22:08:52.843   788 20088 D ACDB-LOADER: ACDB -> ACDB_CMD_GET_AFE_COMMON_TABLE
03-01 22:08:52.844   788 20088 D         : Failed to fetch the lookup information of the device 0000003E 
03-01 22:08:52.844   788 20088 D ACDB-LOADER: ACDB -> AUDIO_SET_AFE_CAL
03-01 22:08:52.844   788 20088 D ACDB-LOADER: ACDB -> send_hw_delay : acdb_id = 62 path = 1
03-01 22:08:52.844   788 20088 D ACDB-LOADER: ACDB -> ACDB_AVSYNC_INFO: ACDB_CMD_GET_DEVICE_PROPERTY
03-01 22:08:52.844   788 20088 D audio_hw_primary: enable_snd_device: snd_device(120: voice-rec-mic)
03-01 22:08:52.844   788 20088 D audio_route: Apply path: voice-rec-mic
03-01 22:08:52.846   788 20088 V msm8974_platform: platform_get_snd_device_backend_index: enter with device 120
03-01 22:08:52.846   788 20088 E msm8974_platform: platform_get_snd_device_backend_index: BE DAI Name Table is not present
03-01 22:08:52.846   788 20088 V msm8974_platform: platform_get_backend_index:napb: backend port - 5 device - 120 
03-01 22:08:52.846   788 20088 I audio_hw_utils: Set Audio Stream Capture 0 App Type Cfg: app_type 69936, acdb_dev_id 62, sample_rate 48000, snd_device_be_idx -14
03-01 22:08:52.847   788 20088 D audio_hw_primary: enable_audio_route: usecase(9) apply and update mixer path: audio-record
03-01 22:08:52.847   788 20088 D audio_route: Apply path: audio-record
03-01 22:08:52.915 20270 21092 I MicroDetectionWorker: onReady
03-01 22:08:53.227  1456  7796 I OpenGLRenderer: Initialized EGL, version 1.4
03-01 22:08:53.227  1456  7796 D OpenGLRenderer: Swap behavior 2
03-01 22:08:53.257  2748  2917 W OpenGLRenderer: Incorrectly called buildLayer on View: ShortcutAndWidgetContainer, destroying layer...
03-01 22:08:53.380 19852 20058 I chatty  : uid=11056(org.mozilla.fennec_aurora) expire 1 line
03-01 22:08:53.555  1456  1466 I zygote  : NativeAlloc concurrent copying GC freed 46217(3MB) AllocSpace objects, 24(864KB) LOS objects, 38% free, 37MB/61MB, paused 148us total 327.934ms
03-01 22:08:53.941   808   808 I SFPerfTracer:      triggers: (rate: 57:1995533) (compose: 0:7) (post: 0:19) (render: 0:17) (0:8878824 frames) (1:10631404)
03-01 22:08:53.941   808   808 D SFPerfTracer:        layers: (4:13) (NavigationBar#0 (0xb07df000): 0:646247) (StatusBar#0 (0xb07e3000): 0:1710907) (com.android.systemui.ImageWallpaper#0 (0xb07e7000): 0:57355) (Sprite#0 (0xb0733000): 0:317)* (DimLayerController/Stack=0#0 (0xb075a000): 0:3734)* (Sprite#1 (0xb077c000): 0:195)* (animation background stackId=1#0 (0xb039b000): 0:108)* (com.android.launcher3/com.android.launcher3.CustomizationPanelLauncher#0 (0xb0763000): 0:39)- (com.android.launcher3/com.android.launcher3.CustomizationPanelLauncher#1 (0xb0771000): 0:10)- (Splash Screen org.mozilla.fennec_aurora#0 (0xb013a000): 0:31)- (org.mozilla.fennec_aurora/org.mozilla.fenix.HomeActivity#0 (0xb017c000): 0:47)- (com.android.launcher3/com.android.launcher3.CustomizationPanelLauncher#0 (0xb0763000): 0:37)* (com.android.launcher3/com.android.launcher3.CustomizationPanelLauncher#1 (0xb0771000): 1:8) 
03-01 22:08:57.850  1456  3925 I ActivityManager: Force stopping org.mozilla.fennec_aurora appid=11056 user=0: from pid 20091
03-01 22:08:57.850  1456  3925 I ActivityManager: Killing 19852:org.mozilla.fennec_aurora/u0a1056 (adj 700): stop org.mozilla.fennec_aurora
03-01 22:08:57.853  1456  1605 W zygote  : kill(-19852, 9) failed: No such process
03-01 22:08:57.855  1456  3925 W ActivityManager: Force removing ActivityRecord{2718515 u0 org.mozilla.fennec_aurora/org.mozilla.fenix.HomeActivity t30892}: app died, no saved state
03-01 22:08:57.864  1456  3925 I ActivityManager: Killing 19959:org.mozilla.fennec_aurora:socket/u0a1056 (adj 0): stop org.mozilla.fennec_aurora
03-01 22:08:57.867  1456  3925 I ActivityManager: Killing 19933:org.mozilla.fennec_aurora:tab/u0a1056 (adj 0): stop org.mozilla.fennec_aurora
03-01 22:08:57.868  1456  1605 W zygote  : kill(-19852, 9) failed: No such process
03-01 22:08:57.881  2398  2398 D CarrierSvcBindHelper: No carrier app for: 0
03-01 22:08:57.884  2398  2398 D CarrierSvcBindHelper: No carrier app for: 1
03-01 22:08:57.884  1456  1605 W zygote  : kill(-19852, 9) failed: No such process
03-01 22:08:57.936  1456  1673 W ActivityManager: setHasOverlayUi called on unknown pid: 19852
03-01 22:08:57.943  1456  1605 W zygote  : kill(-19852, 9) failed: No such process
03-01 22:08:57.943  1456  1605 I zygote  : Successfully killed process cgroup uid 11056 pid 19852 in 90ms
03-01 22:08:57.943  1456  1605 W zygote  : kill(-19959, 9) failed: No such process
03-01 22:08:57.943  1456  1605 I zygote  : Successfully killed process cgroup uid 11056 pid 19959 in 0ms
03-01 22:08:57.943  1456  1605 W zygote  : kill(-19933, 9) failed: No such process
03-01 22:08:57.944  1456  1605 I zygote  : Successfully killed process cgroup uid 11056 pid 19933 in 0ms
03-01 22:08:57.975  1456  4797 I ActivityManager: START u0 {act=android.intent.action.MAIN cat=[android.intent.category.LAUNCHER] flg=0x10000000 cmp=org.mozilla.fennec_aurora/org.mozilla.fenix.HomeActivity} from uid 2000
03-01 22:08:57.976   794   839 E ANDR-PERF-RESOURCEQS: Failed to apply optimization [4, 0]
03-01 22:08:57.995  1456  2921 I ActivityManager: Start proc 20099:org.mozilla.fennec_aurora/u0a1056 for activity org.mozilla.fennec_aurora/org.mozilla.fenix.HomeActivity
03-01 22:08:57.998   808   898 I SFPerfTracer:      triggers: (rate: 0:1) (0 sw vsyncs) (0 skipped) (1:4780135 vsyncs) (3:10695309)
03-01 22:08:58.083 20270 21092 I MicroDetectionState: Should stop hotword detection immediately - false
03-01 22:08:58.083 20270 21092 I MicroDetector: Keeping mic open: false
03-01 22:08:58.083 20270 21092 I RecognitionAudioControl: #shutdownAudio [requestId: -9064053675500121620, keepAudioOpen: false, forced: true]
03-01 22:08:58.083 20270 21400 E DeviceStateChecker: DeviceStateChecker cancelled
03-01 22:08:58.083 20270 21092 I RecognitionAudioControl: #internalShutdownAudio [requestId: -9064053675500121620]
03-01 22:08:58.083 20270 21092 I RecognitionAudioControl: #internalShutdownAudio [keepAudioOpen: false, forced: true]
03-01 22:08:58.084 20270 21092 I RecognitionAudioControl: #actualShutdownAudio
03-01 22:08:58.084 20270 21092 I AudioController: #shutdown [requestId=-9064053675500121620]
03-01 22:08:58.084 20270 21108 I AudioController: internalShutdown
03-01 22:08:58.085 20270 21131 I MicroRecognitionRunner: Stopping hotword detection.
03-01 22:08:58.135   788  1479 D audio_hw_primary: disable_audio_route: usecase(9) reset and update mixer path: audio-record
03-01 22:08:58.136   788  1479 D audio_hw_primary: disable_snd_device: snd_device(120: voice-rec-mic)
03-01 22:08:58.138  1012  1301 D APM_AudioPolicyManager: stopInput() input 173198, session 173305
03-01 22:08:58.139   788  1479 D audio_hw_primary: in_set_parameters: enter: kvpairs=routing=0
03-01 22:08:58.140 20270 21108 I MicrophoneInputStream: mic_close  SR : 16000 CC : 16 SO : 1999
03-01 22:08:58.140 20270 21108 E AudioSource: Stop listening is called on already closed AudioSource
03-01 22:08:58.142 20270 17075 I MicroRecognitionRunner: Detection finished
03-01 22:08:58.159 20099 20099 I chatty  : uid=11056(org.mozilla.fennec_aurora) expire 9 lines
03-01 22:08:58.230 20099 20118 I chatty  : uid=11056(org.mozilla.fennec_aurora) expire 4 lines
03-01 22:08:58.249  1456  2921 D ConnectivityService: requestNetwork for uid/pid:11056/20099 NetworkRequest [ TRACK_DEFAULT id=28996, [ Capabilities: INTERNET&NOT_RESTRICTED&TRUSTED&NOT_VPN] ]
03-01 22:08:58.251  1456  2099 D Ethernet: got request NetworkRequest [ TRACK_DEFAULT id=28996, [ Capabilities: INTERNET&NOT_RESTRICTED&TRUSTED&NOT_VPN] ] with score 0
03-01 22:08:58.252  1456  2054 D WIFI_UT : got request NetworkRequest [ TRACK_DEFAULT id=28996, [ Capabilities: INTERNET&NOT_RESTRICTED&TRUSTED&NOT_VPN] ] with score 0
03-01 22:08:58.252  1456  2054 D WIFI    : got request NetworkRequest [ TRACK_DEFAULT id=28996, [ Capabilities: INTERNET&NOT_RESTRICTED&TRUSTED&NOT_VPN] ] with score 0
03-01 22:08:58.252  2398  2398 D PhoneSwitcherNetworkRequstListener: got request NetworkRequest [ TRACK_DEFAULT id=28996, [ Capabilities: INTERNET&NOT_RESTRICTED&TRUSTED&NOT_VPN] ] with score 0
03-01 22:08:58.256 20099 20129 I chatty  : uid=11056(org.mozilla.fennec_aurora) expire 11 lines
03-01 22:08:58.277 20099 20128 I chatty  : uid=11056(org.mozilla.fennec_aurora) expire 17 lines
03-01 22:08:58.316 20099 20099 I chatty  : uid=11056(org.mozilla.fennec_aurora) expire 42 lines
03-01 22:08:58.316 20099 20135 I chatty  : uid=11056(org.mozilla.fennec_aurora) expire 30 lines
03-01 22:08:58.403 20099 20138 I chatty  : uid=11056(org.mozilla.fennec_aurora) expire 1 line
03-01 22:08:58.417 20099 20146 I chatty  : uid=11056(org.mozilla.fennec_aurora) expire 10 lines
03-01 22:08:58.502 20099 20104 I chatty  : uid=11056(org.mozilla.fennec_aurora) expire 8 lines
03-01 22:08:58.722 20099 20099 E ActivityThread: Failed to find provider info for org.mozilla.fennec_aurora.fxa.auth
03-01 22:08:58.791  1456  2921 I ActivityManager: Start proc 20181:org.mozilla.fennec_aurora:tab/u0a1056 for service org.mozilla.fennec_aurora/org.mozilla.gecko.process.GeckoChildProcessServices$tab
03-01 22:08:58.812 20099 20195 I chatty  : uid=11056(org.mozilla.fennec_aurora) expire 9 lines
03-01 22:08:58.916  1456  1471 I ActivityManager: Start proc 20207:org.mozilla.fennec_aurora:socket/u0a1056 for service org.mozilla.fennec_aurora/org.mozilla.gecko.process.GeckoChildProcessServices$socket
03-01 22:08:58.927 20181 20181 I chatty  : uid=11056(org.mozilla.fennec_aurora) expire 2 lines
03-01 22:08:58.927 20181 20220 I chatty  : uid=11056(org.mozilla.fennec_aurora) expire 1 line
03-01 22:08:59.041 20207 20207 I chatty  : uid=11056(org.mozilla.fennec_aurora) expire 2 lines
03-01 22:08:59.041 20207 20224 I chatty  : uid=11056(org.mozilla.fennec_aurora) expire 15 lines
03-01 22:08:59.142  1456  5027 I ActivityManager: Displayed org.mozilla.fennec_aurora/org.mozilla.fenix.HomeActivity: +1s159ms
03-01 22:08:59.142  1456  5027 I ActivityManager: Fully drawn org.mozilla.fennec_aurora/org.mozilla.fenix.HomeActivity: +1s159ms
03-01 22:08:59.192  1456  1673 I LaunchCheckinHandler: Displayed org.mozilla.fennec_aurora/org.mozilla.fenix.HomeActivity,cp,ca,1209
03-01 22:08:59.203 20099 20099 E ActivityThread: Failed to find provider info for org.mozilla.fennec_aurora.fxa.auth
03-01 22:08:59.275 20270 20270 I MemoryTrimmer: Trimming objects from memory, since app is in the background.
03-01 22:08:59.284 20270 21092 E AudioSource: Stop listening is called on already closed AudioSource
03-01 22:08:59.287 20270 23357 E chromium: [ERROR:aw_gl_functor.cc(102)] Received unexpected kModeProcessNoContext
03-01 22:08:59.287 20270 23357 E libEGL  : call to OpenGL ES API with no current context (logged once per thread)
03-01 22:08:59.288 20270 20270 I MemoryTrimmer: Trimming objects from memory, since app is in the background.
03-01 22:08:59.290 20270 14671 I PBSessionCacheImpl: Deleted sessionId[89149984825590666] from persistence.
03-01 22:08:59.293  1456  1471 I WifiService: getWifiEnabledState uid=10073
03-01 22:08:59.294 20270 21092 I DEBUG   : OpaToSrpTransitionState#onStateChanged#notNullQuery
03-01 22:08:59.295 20270 21092 I DEBUG   : OpaToSrpTransitionState#onStateChanged#notNullQuery
03-01 22:08:59.296 20270 21092 W SearchServiceCore: Abort, client detached.
03-01 22:08:59.296 20270 21092 I chatty  : uid=10073(com.google.android.googlequicksearchbox) EventBus0 identical 1 line
03-01 22:08:59.298 20270 21092 W SearchServiceCore: Abort, client detached.
03-01 22:09:00.076  1023 20303 D libc    : Internal error: netid(0), id(0x683a), server(0.0.0.0)
03-01 22:09:00.076  1023 20303 D libc    : Internal error: netid(0), id(0x683a), server(0.0.0.0)
03-01 22:09:00.077  1023 20303 D libc    : Internal error: netid(0), id(0x1f43), server(0.0.0.0)
03-01 22:09:00.077  1023 20303 D libc    : Internal error: netid(0), id(0x1f43), server(0.0.0.0)
03-01 22:09:00.108 20099 20297 I chatty  : uid=11056(org.mozilla.fennec_aurora) expire 2 lines
03-01 22:09:00.248  1023 20311 D libc    : Internal error: netid(0), id(0xf93b), server(0.0.0.0)
03-01 22:09:00.249  1023 20311 D libc    : Internal error: netid(0), id(0xf93b), server(0.0.0.0)
03-01 22:09:00.249  1023 20311 D libc    : Internal error: netid(0), id(0x6236), server(0.0.0.0)
03-01 22:09:00.249  1023 20311 D libc    : Internal error: netid(0), id(0x6236), server(0.0.0.0)
03-01 22:09:00.250  1023 20315 D libc    : Internal error: netid(0), id(0xac15), server(0.0.0.0)
03-01 22:09:00.251  1023 20315 D libc    : Internal error: netid(0), id(0xac15), server(0.0.0.0)
03-01 22:09:00.251  1023 20315 D libc    : Internal error: netid(0), id(0x7f3a), server(0.0.0.0)
03-01 22:09:00.251  1023 20315 D libc    : Internal error: netid(0), id(0x7f3a), server(0.0.0.0)
03-01 22:09:00.253  1023 20322 D libc    : Internal error: netid(0), id(0xc90b), server(0.0.0.0)
03-01 22:09:00.253  1023 20322 D libc    : Internal error: netid(0), id(0xc90b), server(0.0.0.0)
03-01 22:09:00.254  1023 20322 D libc    : Internal error: netid(0), id(0x494c), server(0.0.0.0)
03-01 22:09:00.254  1023 20322 D libc    : Internal error: netid(0), id(0x494c), server(0.0.0.0)
03-01 22:09:00.289 20099 20129 I chatty  : uid=11056(org.mozilla.fennec_aurora) expire 1 line
03-01 22:09:00.289 20099 20130 I chatty  : uid=11056(org.mozilla.fennec_aurora) expire 1 line
03-01 22:09:00.290 20099 20154 I chatty  : uid=11056(org.mozilla.fennec_aurora) expire 1 line
03-01 22:09:00.325 20099 20340 I chatty  : uid=11056(org.mozilla.fennec_aurora) expire 1 line
03-01 22:09:03.633 20359 20359 D AndroidRuntime: >>>>>> START com.android.internal.os.RuntimeInit uid 2000 <<<<<<
03-01 22:09:03.646 20359 20359 W app_process: Could not reserve sentinel fault page
03-01 22:09:03.813 20359 20359 I app_process: The ClassLoaderContext is a special shared library.
03-01 22:09:03.880 20359 20359 D AndroidRuntime: Calling main entry com.android.commands.input.Input
03-01 22:09:03.884 20359 20359 I Input   : injectKeyEvent: KeyEvent { action=ACTION_DOWN, keyCode=KEYCODE_HOME, scanCode=0, metaState=0, flags=0x0, repeatCount=0, eventTime=15194599164, downTime=15194599164, deviceId=-1, source=0x101 }
03-01 22:09:03.891 20359 20359 I Input   : injectKeyEvent: KeyEvent { action=ACTION_UP, keyCode=KEYCODE_HOME, scanCode=0, metaState=0, flags=0x0, repeatCount=0, eventTime=15194599164, downTime=15194599164, deviceId=-1, source=0x101 }
03-01 22:09:03.898  1456  1941 I ActivityManager: START u0 {act=android.intent.action.MAIN cat=[android.intent.category.HOME] flg=0x10200000 cmp=com.android.launcher3/.CustomizationPanelLauncher (has extras)} from uid 1000
03-01 22:09:03.898   794   839 E ANDR-PERF-RESOURCEQS: Failed to apply optimization [4, 0]
03-01 22:09:03.910  1456  1941 I ActivityManager: moveHomeStack, setupComplete:true
03-01 22:09:03.914 20359 20359 D AndroidRuntime: Shutting down VM
03-01 22:09:03.919 20270 23357 I OpenGLRenderer: Initialized EGL, version 1.4
03-01 22:09:03.920 20270 23357 D OpenGLRenderer: Swap behavior 2
03-01 22:09:03.937  2748  2748 D Launcher.Utilities: Wakeup weather: Intent { act=com.motorola.launcher3.action.WAKEUP_WEATHER cmp=com.motorola.timeweatherwidget/com.motorola.commandcenter.weather.WakeUpService }
03-01 22:09:03.952   808   808 D SurfaceFlinger: duplicate layer name: changing com.android.launcher3/com.android.launcher3.CustomizationPanelLauncher to com.android.launcher3/com.android.launcher3.CustomizationPanelLauncher#1
03-01 22:09:03.953  1456  1456 I NotificationService: Cannot find enqueued record for key: 0|com.motorola.timeweatherwidget|1|null|10116
03-01 22:09:03.959 20270 21105 W ThreadPoolDumper: Queue length for executor EventBus is now 11. Perhaps some tasks are too long, or the pool is too small.
03-01 22:09:03.962  1456  4797 I WifiService: getWifiEnabledState uid=10073
03-01 22:09:03.977  1456  4797 I WifiService: getWifiEnabledState uid=10073
03-01 22:09:03.989 20270 21092 I DEBUG   : OpaToSrpTransitionState#onStateChanged#notNullQuery
03-01 22:09:03.990 20270 21092 I DEBUG   : OpaToSrpTransitionState#onStateChanged#notNullQuery
03-01 22:09:04.006 20270 21092 I MicroDetectionState: Should stop hotword detection immediately - false
03-01 22:09:04.010 20270 21092 I MicroDetectionWorker: #startMicroDetector [speakerMode: 0]
03-01 22:09:04.011 20270 21092 I AudioController: Created new AudioSource
03-01 22:09:04.035  1456  1673 I LaunchCheckinHandler: Displayed com.android.launcher3/.CustomizationPanelLauncher,wp,wa,137
03-01 22:09:04.036 20270 21132 I MicroDataManager: isInitializedWithLatestParams-true
03-01 22:09:04.036 20270 21132 I MicroDataManager: isInitializing-false locale not changed-true model not changed-true
03-01 22:09:04.037 20270 21132 I MicroDataManager: Already initialized, obtaining the hotword data immediately.
03-01 22:09:04.042 20270 21400 I MicroRecognitionRunner: Starting detection.
03-01 22:09:04.042 20270 21400 I InputStreamUtils: Using micInputStream
03-01 22:09:04.042 17872 17872 I Finsky  : [2] ppb.onTrimMemory(1): Memory trim requested to level 80
03-01 22:09:04.042 20270 14670 I MicrophoneInputStream: mic_starting  SR : 16000 CC : 16 SO : 1999
03-01 22:09:04.045   788  1479 V msm8974_platform: platform_check_input_mask: enter check_input_mask source 6 mask 10
03-01 22:09:04.047  1012 20374 I AudioFlinger: AudioFlinger's thread 0xb2483580 tid=20374 ready to run
03-01 22:09:04.055   788  1479 D audio_hw_primary: in_set_parameters: enter: kvpairs=input_source=6;routing=-2147483644
03-01 22:09:04.056  1012  1012 D APM_AudioPolicyManager: AudioPolicyManager::startInput() input 173206, session 173313, source = 1999
03-01 22:09:04.057 20270 14670 I MicrophoneInputStream: mic_started  SR : 16000 CC : 16 SO : 1999
03-01 22:09:04.058   788 20375 V msm8974_platform: platform_update_usecase_from_source: input source :6
03-01 22:09:04.058   788 20375 V msm8974_platform: platform_check_input_mask: enter check_input_mask source 6 mask 10
03-01 22:09:04.058   788 20375 V msm8974_platform: platform_get_input_snd_device: enter: out_device(0) in_device(0x4) channel_count (1) channel_mask (0x10)
03-01 22:09:04.058   788 20375 V msm8974_platform: platform_get_input_snd_device: exit: in_snd_device(voice-rec-mic)
03-01 22:09:04.058   788 20375 V msm8974_platform: platform_get_backend_index:napb: backend port - 5 device - 120 
03-01 22:09:04.058   788 20375 V msm8974_platform: platform_check_and_set_capture_backend_cfg:txbecf: afe: bitwidth 0, samplerate 0, channel 1, backend_idx 5 usecase = 9 device (voice-rec-mic)
03-01 22:09:04.058   788 20375 V msm8974_platform: platform_check_capture_backend_cfg:txbecf: afe: Codec selected backend: 5 current bit width: 0 and sample rate: 0, channels 1
03-01 22:09:04.058   788 20375 V msm8974_platform: platform_check_capture_backend_cfg:txbecf: afe: Codec selected backend: 5 updated bit width: 0 and sample rate: 0
03-01 22:09:04.058   788 20375 I msm8974_platform: platform_check_capture_backend_cfg:txbecf: afe: Codec backend needs to be updated. new bit width: 0 new sample rate: 0 new channel: 1
03-01 22:09:04.058   788 20375 V msm8974_platform: platform_get_backend_index:napb: backend port - 5 device - 120 
03-01 22:09:04.058   788 20375 V msm8974_platform: platform_set_backend_cfg:becf: afe: bitwidth 0, samplerate 0 channels 1, backend_idx 5 device (voice-rec-mic)
03-01 22:09:04.058   788 20375 E msm8974_platform: platform_set_backend_cfg:becf: afe: Could not get ctl for mixer command - SLIM_0_TX Format
03-01 22:09:04.058   788 20375 V msm8974_platform: platform_send_audio_calibration: sending audio calibration for snd_device(120) acdb_id(62)
03-01 22:09:04.058   788 20375 D ACDB-LOADER: ACDB -> send_audio_cal, acdb_id = 62, path = 1, app id = 0x11130, sample rate = 48000
03-01 22:09:04.058   788 20375 D ACDB-LOADER: ACDB -> send_asm_topology
03-01 22:09:04.058   788 20375 D ACDB-LOADER: ACDB -> ACDB_CMD_GET_AUDPROC_STREAM_TOPOLOGY_ID
03-01 22:09:04.058   788 20375 D ACDB-LOADER: ACDB -> send_adm_topology
03-01 22:09:04.058   788 20375 D ACDB-LOADER: ACDB -> ACDB_CMD_GET_AUDPROC_COMMON_TOPOLOGY_ID
03-01 22:09:04.058   788 20375 D ACDB-LOADER: ACDB -> send_audtable
03-01 22:09:04.058   788 20375 D ACDB-LOADER: ACDB -> ACDB_CMD_GET_AUDPROC_COMMON_TABLE_SIZE
03-01 22:09:04.058   788 20375 D ACDB-LOADER: ACDB -> ACDB_CMD_GET_AUDPROC_COMMON_TABLE
03-01 22:09:04.059   788 20375 D ACDB-LOADER: ACDB -> AUDIO_SET_AUDPROC_CAL
03-01 22:09:04.059   788 20375 D ACDB-LOADER: ACDB -> send_audvoltable
03-01 22:09:04.059   788 20375 D ACDB-LOADER: ACDB -> ACDB_CMD_GET_AUDPROC_VOL_STEP_TABLE_SIZE
03-01 22:09:04.059   788 20375 D ACDB-LOADER: ACDB -> ACDB_CMD_GET_AUDPROC_GAIN_DEP_STEP_TABLE, vol index 0
03-01 22:09:04.059   788 20375 D         : Failed to fetch the lookup information of the device 0000003E 
03-01 22:09:04.059   788 20375 D ACDB-LOADER: ACDB -> AUDIO_SET_VOL_CAL cal type = 12
03-01 22:09:04.059   788 20375 D ACDB-LOADER: ACDB -> ACDB_CMD_GET_AUDPROC_STREAM_TABLE_SIZE
03-01 22:09:04.059   788 20375 D ACDB-LOADER: ACDB -> send_audstrmtable
03-01 22:09:04.059   788 20375 D ACDB-LOADER: ACDB -> ACDB_CMD_GET_AUDPROC_STREAM_TABLE_V2
03-01 22:09:04.059   788 20375 D ACDB-LOADER: ACDB -> audstrm_cal->cal_type.cal_data.cal_size = 456
03-01 22:09:04.059   788 20375 D ACDB-LOADER: ACDB -> send_afe_topology
03-01 22:09:04.059   788 20375 D ACDB-LOADER: ACDB -> ACDB_CMD_GET_AFE_TOPOLOGY_ID
03-01 22:09:04.059   788 20375 D ACDB-LOADER: ACDB -> GET_AFE_TOPOLOGY_ID for adcd_id 62, Topology Id 112fb
03-01 22:09:04.059   788 20375 D ACDB-LOADER: ACDB -> send_afe_cal
03-01 22:09:04.059   788 20375 D ACDB-LOADER: ACDB -> ACDB_CMD_GET_AFE_COMMON_TABLE_SIZE
03-01 22:09:04.059   788 20375 D         : Failed to fetch the lookup information of the device 0000003E 
03-01 22:09:04.059   788 20375 E ACDB-LOADER: Error: ACDB_CMD_GET_AFE_COMMON_TABLE_SIZE Returned = -19
03-01 22:09:04.059   788 20375 D ACDB-LOADER: ACDB -> ACDB_CMD_GET_AFE_COMMON_TABLE
03-01 22:09:04.059   788 20375 D         : Failed to fetch the lookup information of the device 0000003E 
03-01 22:09:04.059   788 20375 D ACDB-LOADER: ACDB -> AUDIO_SET_AFE_CAL
03-01 22:09:04.059   788 20375 D ACDB-LOADER: ACDB -> send_hw_delay : acdb_id = 62 path = 1
03-01 22:09:04.059   788 20375 D ACDB-LOADER: ACDB -> ACDB_AVSYNC_INFO: ACDB_CMD_GET_DEVICE_PROPERTY
03-01 22:09:04.059   788 20375 D audio_hw_primary: enable_snd_device: snd_device(120: voice-rec-mic)
03-01 22:09:04.059   788 20375 D audio_route: Apply path: voice-rec-mic
03-01 22:09:04.061   788 20375 V msm8974_platform: platform_get_snd_device_backend_index: enter with device 120
03-01 22:09:04.061   788 20375 E msm8974_platform: platform_get_snd_device_backend_index: BE DAI Name Table is not present
03-01 22:09:04.061   788 20375 V msm8974_platform: platform_get_backend_index:napb: backend port - 5 device - 120 
03-01 22:09:04.061   788 20375 I audio_hw_utils: Set Audio Stream Capture 0 App Type Cfg: app_type 69936, acdb_dev_id 62, sample_rate 48000, snd_device_be_idx -14
03-01 22:09:04.061   788 20375 D audio_hw_primary: enable_audio_route: usecase(9) apply and update mixer path: audio-record
03-01 22:09:04.061   788 20375 D audio_route: Apply path: audio-record
03-01 22:09:04.135 20270 21092 I MicroDetectionWorker: onReady
03-01 22:09:04.438  1456  7796 I OpenGLRenderer: Initialized EGL, version 1.4
03-01 22:09:04.438  1456  7796 D OpenGLRenderer: Swap behavior 2
03-01 22:09:04.484  2748  2917 W OpenGLRenderer: Incorrectly called buildLayer on View: ShortcutAndWidgetContainer, destroying layer...
03-01 22:09:04.607 20099 20342 I chatty  : uid=11056(org.mozilla.fennec_aurora) expire 1 line
03-01 22:09:09.073  1456  2401 I ActivityManager: Force stopping org.mozilla.fennec_aurora appid=11056 user=0: from pid 20378
03-01 22:09:09.073  1456  2401 I ActivityManager: Killing 20099:org.mozilla.fennec_aurora/u0a1056 (adj 700): stop org.mozilla.fennec_aurora
03-01 22:09:09.075  1456  1605 W zygote  : kill(-20099, 9) failed: No such process
03-01 22:09:09.078  1456  2401 W ActivityManager: Force removing ActivityRecord{c4f1e9a u0 org.mozilla.fennec_aurora/org.mozilla.fenix.HomeActivity t30893}: app died, no saved state
03-01 22:09:09.086  1456  2401 I ActivityManager: Killing 20207:org.mozilla.fennec_aurora:socket/u0a1056 (adj 0): stop org.mozilla.fennec_aurora
03-01 22:09:09.089  1456  2401 I ActivityManager: Killing 20181:org.mozilla.fennec_aurora:tab/u0a1056 (adj 0): stop org.mozilla.fennec_aurora
03-01 22:09:09.090  1456  1605 W zygote  : kill(-20099, 9) failed: No such process
03-01 22:09:09.100  2398  2398 D CarrierSvcBindHelper: No carrier app for: 0
03-01 22:09:09.102  2398  2398 D CarrierSvcBindHelper: No carrier app for: 1
03-01 22:09:09.106  1456  1605 W zygote  : kill(-20099, 9) failed: No such process
03-01 22:09:09.152  1456  1605 I chatty  : uid=1000(system) ActivityManager identical 3 lines
03-01 22:09:09.158  1456  2401 D ConnectivityService: ConnectivityService NetworkRequestInfo binderDied(NetworkRequest [ TRACK_DEFAULT id=28996, [ Capabilities: INTERNET&NOT_RESTRICTED&TRUSTED&NOT_VPN] ], android.os.BinderProxy@4c3f57b)
03-01 22:09:09.159  1456  2067 D ConnectivityService: releasing NetworkRequest [ TRACK_DEFAULT id=28996, [ Capabilities: INTERNET&NOT_RESTRICTED&TRUSTED&NOT_VPN] ] (release request)
03-01 22:09:09.159  1456  1673 W ActivityManager: setHasOverlayUi called on unknown pid: 20099
03-01 22:09:09.167  1456  1605 W zygote  : kill(-20099, 9) failed: No such process
03-01 22:09:09.167  1456  1605 I zygote  : Successfully killed process cgroup uid 11056 pid 20099 in 92ms
03-01 22:09:09.168  1456  1605 W zygote  : kill(-20207, 9) failed: No such process
03-01 22:09:09.168  1456  1605 I zygote  : Successfully killed process cgroup uid 11056 pid 20207 in 0ms
03-01 22:09:09.168  1456  1605 W zygote  : kill(-20181, 9) failed: No such process
03-01 22:09:09.168  1456  1605 I zygote  : Successfully killed process cgroup uid 11056 pid 20181 in 0ms
03-01 22:09:09.200  1456  2236 I ActivityManager: START u0 {act=android.intent.action.MAIN cat=[android.intent.category.LAUNCHER] flg=0x10000000 cmp=org.mozilla.fennec_aurora/org.mozilla.fenix.HomeActivity} from uid 2000
03-01 22:09:09.200   794   839 E ANDR-PERF-RESOURCEQS: Failed to apply optimization [4, 0]
03-01 22:09:09.220  1456  3925 I ActivityManager: Start proc 20386:org.mozilla.fennec_aurora/u0a1056 for activity org.mozilla.fennec_aurora/org.mozilla.fenix.HomeActivity
03-01 22:09:09.245   808   808 I SFPerfTracer:      triggers: (rate: 57:1995533) (compose: 0:7) (post: 0:19) (render: 0:17) (0:8878891 frames) (1:10631504)
03-01 22:09:09.245   808   808 D SFPerfTracer:        layers: (4:13) (NavigationBar#0 (0xb07df000): 0:646268) (StatusBar#0 (0xb07e3000): 0:1710933) (com.android.systemui.ImageWallpaper#0 (0xb07e7000): 0:57357) (Sprite#0 (0xb0733000): 0:317)* (DimLayerController/Stack=0#0 (0xb075a000): 0:3734)* (Sprite#1 (0xb077c000): 0:195)* (animation background stackId=1#0 (0xb039b000): 0:108)* (com.android.launcher3/com.android.launcher3.CustomizationPanelLauncher#0 (0xb0763000): 0:41)- (com.android.launcher3/com.android.launcher3.CustomizationPanelLauncher#1 (0xb0771000): 0:12)- (Splash Screen org.mozilla.fennec_aurora#0 (0xb013a000): 0:30)- (org.mozilla.fennec_aurora/org.mozilla.fenix.HomeActivity#0 (0xb017c000): 0:46)- (com.android.launcher3/com.android.launcher3.CustomizationPanelLauncher#0 (0xb0763000): 1:38)* (com.android.launcher3/com.android.launcher3.CustomizationPanelLauncher#1 (0xb0771000): 1:9) 
03-01 22:09:09.310 20270 21092 I MicroDetectionState: Should stop hotword detection immediately - false
03-01 22:09:09.311 20270 21092 I MicroDetector: Keeping mic open: false
03-01 22:09:09.311 20270 17075 E DeviceStateChecker: DeviceStateChecker cancelled
03-01 22:09:09.311 20270 21092 I RecognitionAudioControl: #shutdownAudio [requestId: 4090550073545105305, keepAudioOpen: false, forced: true]
03-01 22:09:09.311 20270 21092 I RecognitionAudioControl: #internalShutdownAudio [requestId: 4090550073545105305]
03-01 22:09:09.311 20270 21092 I RecognitionAudioControl: #internalShutdownAudio [keepAudioOpen: false, forced: true]
03-01 22:09:09.311 20270 21092 I RecognitionAudioControl: #actualShutdownAudio
03-01 22:09:09.311 20270 21092 I AudioController: #shutdown [requestId=4090550073545105305]
03-01 22:09:09.312 20270 21131 I AudioController: internalShutdown
03-01 22:09:09.312 20270 20380 I MicroRecognitionRunner: Stopping hotword detection.
03-01 22:09:09.370   788  1479 D audio_hw_primary: disable_audio_route: usecase(9) reset and update mixer path: audio-record
03-01 22:09:09.371   788  1479 D audio_hw_primary: disable_snd_device: snd_device(120: voice-rec-mic)
03-01 22:09:09.373  1012 10158 D APM_AudioPolicyManager: stopInput() input 173206, session 173313
03-01 22:09:09.374   788   788 D audio_hw_primary: in_set_parameters: enter: kvpairs=routing=0
03-01 22:09:09.379 20270 21131 I MicrophoneInputStream: mic_close  SR : 16000 CC : 16 SO : 1999
03-01 22:09:09.379 20270 21131 E AudioSource: Stop listening is called on already closed AudioSource
03-01 22:09:09.380 20386 20386 I chatty  : uid=11056(org.mozilla.fennec_aurora) expire 38 lines
03-01 22:09:09.383 20270 21400 I MicroRecognitionRunner: Detection finished
03-01 22:09:09.453 20386 20407 I chatty  : uid=11056(org.mozilla.fennec_aurora) expire 4 lines
03-01 22:09:09.474 20386 20415 I chatty  : uid=11056(org.mozilla.fennec_aurora) expire 11 lines
03-01 22:09:09.499 20386 20414 I chatty  : uid=11056(org.mozilla.fennec_aurora) expire 11 lines
03-01 22:09:09.534 20386 20421 I chatty  : uid=11056(org.mozilla.fennec_aurora) expire 19 lines
03-01 22:09:09.621 20386 20424 I chatty  : uid=11056(org.mozilla.fennec_aurora) expire 1 line
03-01 22:09:09.639 20386 20435 I chatty  : uid=11056(org.mozilla.fennec_aurora) expire 10 lines
03-01 22:09:09.660   808   898 I SFPerfTracer:      triggers: (rate: 0:1) (0 sw vsyncs) (0 skipped) (21:4780230 vsyncs) (23:10695428)
03-01 22:09:09.717 20386 20392 I chatty  : uid=11056(org.mozilla.fennec_aurora) expire 8 lines
03-01 22:09:09.941 20386 20386 E ActivityThread: Failed to find provider info for org.mozilla.fennec_aurora.fxa.auth
03-01 22:09:09.985  1023 20454 D libc    : Internal error: netid(0), id(0x847c), server(0.0.0.0)
03-01 22:09:09.986  1023 20454 D libc    : Internal error: netid(0), id(0x847c), server(0.0.0.0)
03-01 22:09:09.986  1023 20454 D libc    : dns query(xtrapath3.izatcloud.net, 1, 1) failed
03-01 22:09:09.986  1023 20454 D libc    : Internal error: netid(0), id(0x4b48), server(0.0.0.0)
03-01 22:09:09.986  1023 20454 D libc    : Internal error: netid(0), id(0x4b48), server(0.0.0.0)
03-01 22:09:09.986  1023 20454 D libc    : dns query(xtrapath3.izatcloud.net., 1, 1) failed
03-01 22:09:09.986  1124  1157 E LocSvc_xtra2: resolve:168] DNS resolution on xtrapath3.izatcloud.net failed.
03-01 22:09:09.988  1023 20455 D libc    : Internal error: netid(0), id(0xa61), server(0.0.0.0)
03-01 22:09:09.988  1023 20455 D libc    : Internal error: netid(0), id(0xa61), server(0.0.0.0)
03-01 22:09:09.988  1023 20455 D libc    : dns query(xtrapath1.izatcloud.net, 1, 1) failed
03-01 22:09:09.988  1023 20455 D libc    : Internal error: netid(0), id(0x5824), server(0.0.0.0)
03-01 22:09:09.989  1023 20455 D libc    : Internal error: netid(0), id(0x5824), server(0.0.0.0)
03-01 22:09:09.989  1023 20455 D libc    : dns query(xtrapath1.izatcloud.net., 1, 1) failed
03-01 22:09:09.989  1124  1157 E LocSvc_xtra2: resolve:168] DNS resolution on xtrapath1.izatcloud.net failed.
03-01 22:09:09.990  1023 20458 D libc    : Internal error: netid(0), id(0x5760), server(0.0.0.0)
03-01 22:09:09.990  1023 20458 D libc    : Internal error: netid(0), id(0x5760), server(0.0.0.0)
03-01 22:09:09.991  1023 20458 D libc    : dns query(xtrapath2.izatcloud.net, 1, 1) failed
03-01 22:09:09.991  1023 20458 D libc    : Internal error: netid(0), id(0x7262), server(0.0.0.0)
03-01 22:09:09.991  1023 20458 D libc    : Internal error: netid(0), id(0x7262), server(0.0.0.0)
03-01 22:09:09.991  1023 20458 D libc    : dns query(xtrapath2.izatcloud.net., 1, 1) failed
03-01 22:09:09.991  1124  1157 E LocSvc_xtra2: resolve:168] DNS resolution on xtrapath2.izatcloud.net failed.
03-01 22:09:10.010  1456  2236 I ActivityManager: Start proc 20473:org.mozilla.fennec_aurora:tab/u0a1056 for service org.mozilla.fennec_aurora/org.mozilla.gecko.process.GeckoChildProcessServices$tab
