06-03 23:59:20.945  2340  2441 D QCNEJ   : |CORE| update wifi info given null wi
06-03 23:59:20.945  1456  1601 W BroadcastQueue: Background execution not allowed: receiving Intent { act=android.net.wifi.STATE_CHANGE flg=0x4000010 (has extras) } to com.motorola.carriersettingsext/.wfc.WFCReceiver
06-03 23:59:20.946  2340  2441 I QCNEJ/CndHalConnector: -> SND notifyRatConnectionStatusChanged(rat = 1, CONNECTING)
06-03 23:59:20.946 32274 32274 E wpa_supplicant: eap_proxy: eap_proxy_notify_config
06-03 23:59:20.946 32274 32274 E wpa_supplicant: eap_proxy: eap_proxy_allowed_method
06-03 23:59:20.947 30279 21340 I NearbyDiscovery: FastPairHandler: Received action android.net.wifi.STATE_CHANGE [CONTEXT service_id=49 ]
06-03 23:59:20.949  1456  3045 V LocSvc_HIDL_Subscription_jni: wifi_supplicant_status_update
06-03 23:59:20.949  1456  3045 V LocSvc_HIDL_Subscription_jni: [wifi_supplicant_status_update][709] [HC] =>> [HS]
06-03 23:59:20.949   792   792 V LocSvc_HIDL_IzatSubscription: [wifiSupplicantStatusUpdate][682] [HS] <<<<= [HC]
06-03 23:59:20.950  1456  3045 V LocSvc_HIDL_Subscription_jni: Exit Result 0
06-03 23:59:21.039 32274 32274 I wpa_supplicant: WEXT: Custom wireless event: 'BEACONIEs='
06-03 23:59:21.099 32274 32274 I wpa_supplicant: wlan0: Associated with 70:3a:0e:1f:35:91
06-03 23:59:21.100 32274 32274 I wpa_supplicant: wlan0: CTRL-EVENT-CONNECTED - Connection to 70:3a:0e:1f:35:91 completed [id=0 id_str=%7B%22configKey%22%3A%22%5C%22Mozilla+Guest%5C%22NONE%22%2C%22creatorUid%22%3A%2210066%22%7D]
06-03 23:59:21.102  1456  1601 I chatty  : uid=1000(system) ActivityManager identical 1 line
06-03 23:59:21.103  2340  2441 I QCNEJ   : |CORE| CNE received action: android.net.wifi.STATE_CHANGE
06-03 23:59:21.104 30279 21340 I NearbyDiscovery: FastPairHandler: Received action android.net.wifi.STATE_CHANGE [CONTEXT service_id=49 ]
06-03 23:59:21.104 32274 32274 E wpa_supplicant: WMM AC: Missing IEs
06-03 23:59:21.104  2340  2441 I QCNEJ   : |CORE| Updating network info: [type: WIFI[], state: CONNECTING/CONNECTING, reason: (unspecified), extra: "Mozilla Guest", failover: false, available: true, roaming: false]
06-03 23:59:21.104 32274 32274 I wpa_supplicant: wlan0: CTRL-EVENT-SUBNET-STATUS-UPDATE status=0
06-03 23:59:21.104  2340  2441 I QCNEJ   : |CORE| Updating link properties: {LinkAddresses: []  Routes: [] DnsAddresses: [] Domains: null MTU: 0}
06-03 23:59:21.104  2340  2441 D QCNEJ   : |CORE| update wifi info given null wi
06-03 23:59:21.106  2340  2441 I QCNEJ/CndHalConnector: -> SND notifyRatConnectionStatusChanged(rat = 1, CONNECTING)
06-03 23:59:21.109  1456  2054 D MotWifiMetrics: Logging connect with wifiinfo SSID: Mozilla Guest, BSSID: 70:3a:0e:1f:35:91, MAC: d0:77:14:c5:c8:23, Supplicant state: ASSOCIATED, RSSI: -67, Link speed: 90Mbps, Frequency: 5200MHz, Net ID: 0, Metered hint: false, score: 0
06-03 23:59:21.109  2340  2441 I QCNEJ   : |CORE| CNE received action RSSI/Link Changed events: android.net.wifi.RSSI_CHANGED
06-03 23:59:21.109  2340  2441 D QCNEJ   : |CORE| Updating RSSI: -67
06-03 23:59:21.124  1456  2054 D MotWifiMetrics: Building buildAndSendCheckinEvent: CONNECT
06-03 23:59:21.126  2340  2441 I QCNEJ   : |CORE| CNE received action: android.net.wifi.STATE_CHANGE
06-03 23:59:21.126  2340  2441 I QCNEJ   : |CORE| Updating network info: [type: WIFI[], state: CONNECTING/CONNECTING, reason: (unspecified), extra: "Mozilla Guest", failover: false, available: true, roaming: false]
06-03 23:59:21.126  2340  2441 I QCNEJ   : |CORE| Updating link properties: {LinkAddresses: []  Routes: [] DnsAddresses: [] Domains: null MTU: 0}
06-03 23:59:21.126  2340  2441 D QCNEJ   : |CORE| update wifi info given null wi
06-03 23:59:21.127  2340  2441 I QCNEJ/CndHalConnector: -> SND notifyRatConnectionStatusChanged(rat = 1, CONNECTING)
06-03 23:59:21.127  1456  1601 W BroadcastQueue: Background execution not allowed: receiving Intent { act=android.net.wifi.STATE_CHANGE flg=0x4000010 (has extras) } to com.motorola.carriersettingsext/.wfc.WFCReceiver
06-03 23:59:21.128 30279 21340 I NearbyDiscovery: FastPairHandler: Received action android.net.wifi.STATE_CHANGE [CONTEXT service_id=49 ]
06-03 23:59:21.129  1456  1456 D MotWifiMetrics: P2P state changed - 2
06-03 23:59:21.129  1456 18911 D StaDailyStats: recordan sta conn...
06-03 23:59:21.133  1456  2054 D ConnectivityService: registerNetworkAgent NetworkAgentInfo{ ni{[type: WIFI[], state: CONNECTING/CONNECTING, reason: (unspecified), extra: "Mozilla Guest", failover: false, available: true, roaming: false]}  network{9352}  nethandle{40166550588126}  lp{{LinkAddresses: []  Routes: [] DnsAddresses: [] Domains: null MTU: 0}}  nc{[ Transports: WIFI Capabilities: NOT_METERED&INTERNET&NOT_RESTRICTED&TRUSTED&NOT_VPN LinkUpBandwidth>=1048576Kbps LinkDnBandwidth>=1048576Kbps]}  Score{20}  everValidated{false}  lastValidated{false}  created{false} lingering{false} explicitlySelected{false} acceptUnvalidated{false} everCaptivePortalDetected{false} lastCaptivePortalDetected{false} clat{null} }
06-03 23:59:21.133  1456  2067 D ConnectivityService: NetworkAgentInfo [WIFI () - 9352] EVENT_NETWORK_INFO_CHANGED, going from null to CONNECTING
06-03 23:59:21.137  2340  2441 I QCNEJ   : |CORE| CNE received action: android.net.wifi.STATE_CHANGE
06-03 23:59:21.137  1456 18911 D StaDailyStats: Not adding familiar  connecting package name to daily statsDefault
06-03 23:59:21.137  2340  2441 I QCNEJ   : |CORE| Updating network info: [type: WIFI[], state: CONNECTING/OBTAINING_IPADDR, reason: (unspecified), extra: "Mozilla Guest", failover: false, available: true, roaming: false]
06-03 23:59:21.137  2340  2441 I QCNEJ   : |CORE| Updating link properties: {LinkAddresses: []  Routes: [] DnsAddresses: [] Domains: null MTU: 0}
06-03 23:59:21.137  2340  2441 D QCNEJ   : |CORE| update wifi info given null wi
06-03 23:59:21.138  2340  2441 I QCNEJ/CndHalConnector: -> SND notifyRatConnectionStatusChanged(rat = 1, CONNECTING)
06-03 23:59:21.138  1456  1601 W BroadcastQueue: Background execution not allowed: receiving Intent { act=android.net.wifi.STATE_CHANGE flg=0x4000010 (has extras) } to com.motorola.carriersettingsext/.wfc.WFCReceiver
06-03 23:59:21.138 30279 21340 I NearbyDiscovery: FastPairHandler: Received action android.net.wifi.STATE_CHANGE [CONTEXT service_id=49 ]
06-03 23:59:21.138  1456 18911 D Checkin : publish the event [tag = MOT_WIFI_L1 event name = CONNECT]
06-03 23:59:21.140   786   786 E WifiHAL : wifi_get_packet_filter_capabilities: requestResponse() error: -3
06-03 23:59:21.140   786   786 I WifiHAL : Packet filtering is not supprted
06-03 23:59:21.142  1456 18911 D MotWifiMetrics: Log event to checkin service, tag=MOT_WIFI_L1,  value=[ID=CONNECT;ver=1.1;time=1591243161125;timezoneoffset=-14400000;userid=0;apkname=android;apkvercode=27;sec=NONE;ch=40;scan_avail=false;band=AUTO;pkg=Default;mode=n;sim_aka_cnt=0;ssid="Mozilla Guest";bssid_prefix=70:3a:0e;supplicant=ASSOCIATED;rssi=-67;link_speed=90;bluetooth=off;]
06-03 23:59:21.145  1456  3045 V LocSvc_HIDL_Subscription_jni: wifi_supplicant_status_update
06-03 23:59:21.146  1456  3045 V LocSvc_HIDL_Subscription_jni: [wifi_supplicant_status_update][709] [HC] =>> [HS]
06-03 23:59:21.146   792   792 V LocSvc_HIDL_IzatSubscription: [wifiSupplicantStatusUpdate][682] [HS] <<<<= [HC]
06-03 23:59:21.147  1456  3045 V LocSvc_HIDL_Subscription_jni: Exit Result 0
06-03 23:59:21.151  1456  2054 E WifiVendorHal: configureNeighborDiscoveryOffload(l.2240) failed {.code = ERROR_NOT_SUPPORTED, .description = }
06-03 23:59:21.152  1456  3045 I WifiService: getConnectionInfo uid=1000
06-03 23:59:21.152  1456  3045 V LocSvc_HIDL_Subscription_jni: wifi_supplicant_status_update
06-03 23:59:21.153  1456  3045 V LocSvc_HIDL_Subscription_jni: [wifi_supplicant_status_update][709] [HC] =>> [HS]
06-03 23:59:21.153   792   792 V LocSvc_HIDL_IzatSubscription: [wifiSupplicantStatusUpdate][682] [HS] <<<<= [HC]
06-03 23:59:21.153  1456  3045 V LocSvc_HIDL_Subscription_jni: Exit Result 0
06-03 23:59:21.194  1456 18916 D DhcpClient: Receive thread started
06-03 23:59:21.201  1456 18914 D DhcpClient: Broadcasting DHCPDISCOVER
06-03 23:59:21.488 18766 18917 I chatty  : uid=11379(org.mozilla.fennec_aurora) expire 1 line
06-03 23:59:22.214  1023 18949 D libc    : Internal error: netid(0), id(0x13e), server(0.0.0.0)
06-03 23:59:22.215  1023 18949 D libc    : Internal error: netid(0), id(0x13e), server(0.0.0.0)
06-03 23:59:22.215  1023 18949 D libc    : Internal error: netid(0), id(0x7267), server(0.0.0.0)
06-03 23:59:22.215  1023 18949 D libc    : Internal error: netid(0), id(0x7267), server(0.0.0.0)
06-03 23:59:22.219  1456 18916 D DhcpClient: Received packet: d0:77:14:c5:c8:23 OFFER, ip /10.242.34.112, mask /255.255.248.0, DNS servers: /1.1.1.1 /1.0.0.1 , gateways [/10.242.32.1] lease time 43200, domain guest.tor1.mozilla.com
06-03 23:59:22.219  1456 18914 D DhcpClient: Got pending lease: IP address 10.242.34.112/21 Gateway 10.242.32.1  DNS servers: [ 1.1.1.1 1.0.0.1 ] Domains guest.tor1.mozilla.com DHCP server /10.242.75.120 Vendor info null lease 43200 seconds
06-03 23:59:22.220  1456 18914 D DhcpClient: Broadcasting DHCPREQUEST ciaddr=0.0.0.0 request=10.242.34.112 serverid=10.242.75.120
06-03 23:59:22.226  1023 18955 D libc    : Internal error: netid(0), id(0x8d50), server(0.0.0.0)
06-03 23:59:22.226  1023 18955 D libc    : Internal error: netid(0), id(0x8d50), server(0.0.0.0)
06-03 23:59:22.226  1023 18955 D libc    : Internal error: netid(0), id(0xc047), server(0.0.0.0)
06-03 23:59:22.227  1023 18955 D libc    : Internal error: netid(0), id(0xc047), server(0.0.0.0)
06-03 23:59:22.228  1023 18956 D libc    : Internal error: netid(0), id(0xe923), server(0.0.0.0)
06-03 23:59:22.228  1456 18916 D DhcpClient: Received packet: d0:77:14:c5:c8:23 ACK: your new IP /10.242.34.112, netmask /255.255.248.0, gateways [/10.242.32.1] DNS servers: /1.1.1.1 /1.0.0.1 , lease time 43200
06-03 23:59:22.229  1023 18956 D libc    : Internal error: netid(0), id(0xe923), server(0.0.0.0)
06-03 23:59:22.229  1456 18914 D DhcpClient: Confirmed lease: IP address 10.242.34.112/21 Gateway 10.242.32.1  DNS servers: [ 1.1.1.1 1.0.0.1 ] Domains guest.tor1.mozilla.com DHCP server /10.242.75.120 Vendor info null lease 43200 seconds
06-03 23:59:22.229  1023 18956 D libc    : Internal error: netid(0), id(0x8e0a), server(0.0.0.0)
06-03 23:59:22.229  1023 18956 D libc    : Internal error: netid(0), id(0x8e0a), server(0.0.0.0)
06-03 23:59:22.233  1023  1202 D CommandListener: Setting iface cfg
06-03 23:59:22.233  1456 18916 D DhcpClient: Received packet: d0:77:14:c5:c8:23 ACK: your new IP /10.242.34.112, netmask /255.255.248.0, gateways [/10.242.32.1] DNS servers: /1.1.1.1 /1.0.0.1 , lease time 43200
06-03 23:59:22.256  2340  2441 I QCNEJ   : |CORE| CNE received action: android.net.wifi.STATE_CHANGE
06-03 23:59:22.257  2340  2441 I QCNEJ   : |CORE| Updating network info: [type: WIFI[], state: CONNECTING/OBTAINING_IPADDR, reason: (unspecified), extra: "Mozilla Guest", failover: false, available: true, roaming: false]
06-03 23:59:22.258  1456  1601 W BroadcastQueue: Background execution not allowed: receiving Intent { act=android.net.wifi.STATE_CHANGE flg=0x4000010 (has extras) } to com.motorola.carriersettingsext/.wfc.WFCReceiver
06-03 23:59:22.258  2340  2441 I QCNEJ   : |CORE| Updating link properties: {InterfaceName: wlan0 LinkAddresses: [fe80::d277:14ff:fec5:c823/64,2620:101:80f2:232:d277:14ff:fec5:c823/64,2620:101:80f2:232:d4cb:defb:389a:81b0/64,]  Routes: [fe80::/64 -> :: wlan0,::/0 -> fe80::238:dfff:fe07:cae0 wlan0,2620:101:80f2:232::/64 -> :: wlan0,] DnsAddresses: [] Domains: null MTU: 0 TcpBufferSizes: 131072,262144,3145728,4096,221184,3145728}
06-03 23:59:22.258  1456  2067 D ConnectivityService: NetworkAgentInfo [WIFI () - 9352] EVENT_NETWORK_INFO_CHANGED, going from CONNECTING to CONNECTED
06-03 23:59:22.258  2340  2441 D QCNEJ   : |CORE| update wifi info given null wi
06-03 23:59:22.258  1456 18914 D DhcpClient: Scheduling renewal in 21599s
06-03 23:59:22.258  1456 18914 D DhcpClient: Scheduling rebind in 37799s
06-03 23:59:22.258  1456 18914 D DhcpClient: Scheduling expiry in 43199s
06-03 23:59:22.259  2340  2441 I QCNEJ/CndHalConnector: -> SND notifyRatConnectionStatusChanged(rat = 1, CONNECTING)
06-03 23:59:22.259 30279 21340 I NearbyDiscovery: FastPairHandler: Received action android.net.wifi.STATE_CHANGE [CONTEXT service_id=49 ]
06-03 23:59:22.259  1456  2067 D ConnectivityService: Adding iface wlan0 to network 9352
06-03 23:59:22.298  2340  2441 I QCNEJ   : |CORE| CNE received action RSSI/Link Changed events: android.net.wifi.RSSI_CHANGED
06-03 23:59:22.298  2340  2441 D QCNEJ   : |CORE| Updating RSSI: -67
06-03 23:59:22.300  2340  2441 I QCNEJ   : |CORE| CNE received action: android.net.wifi.STATE_CHANGE
06-03 23:59:22.300  2340  2441 I QCNEJ   : |CORE| Updating network info: [type: WIFI[], state: CONNECTED/CONNECTED, reason: (unspecified), extra: "Mozilla Guest", failover: false, available: true, roaming: false]
06-03 23:59:22.300  2340  2441 I QCNEJ   : |CORE| Updating link properties: {InterfaceName: wlan0 LinkAddresses: [fe80::d277:14ff:fec5:c823/64,2620:101:80f2:232:d277:14ff:fec5:c823/64,2620:101:80f2:232:d4cb:defb:389a:81b0/64,10.242.34.112/21,]  Routes: [fe80::/64 -> :: wlan0,::/0 -> fe80::238:dfff:fe07:cae0 wlan0,2620:101:80f2:232::/64 -> :: wlan0,10.242.32.0/21 -> 0.0.0.0 wlan0,0.0.0.0/0 -> 10.242.32.1 wlan0,] DnsAddresses: [1.1.1.1,1.0.0.1,] Domains: guest.tor1.mozilla.com MTU: 0 TcpBufferSizes: 131072,262144,3145728,4096,221184,3145728}
06-03 23:59:22.301  2340  2441 I QCNEJ   : |CORE| Updating wifi info: SSID: Mozilla Guest, BSSID: 70:3a:0e:1f:35:91, MAC: 02:00:00:00:00:00, Supplicant state: COMPLETED, RSSI: -67, Link speed: 90Mbps, Frequency: 5200MHz, Net ID: 0, Metered hint: false, score: 60
06-03 23:59:22.301  2340  2441 D QCNEJ   : |CORE| Updating RSSI: -67
06-03 23:59:22.301  1456  1601 W BroadcastQueue: Background execution not allowed: receiving Intent { act=android.net.wifi.STATE_CHANGE flg=0x4000010 (has extras) } to com.motorola.carriersettingsext/.wfc.WFCReceiver
06-03 23:59:22.301  2340  2441 I QCNEJ/CndHalConnector: -> SND notifyRatConnectionStatusChanged(rat = 1, CONNECTED)
06-03 23:59:22.301  1456  7570 I WifiService: getConnectionInfo uid=10036
06-03 23:59:22.302  1456  7570 D WifiPermissionsUtil: Denied: no location permission
06-03 23:59:22.302  1456  7570 D WifiPermissionsUtil: Denied: caller is not the current USE_OPEN_WIFI_PACKAGE
06-03 23:59:22.303 30279 30279 I GeofencerStateMachine: sendWifiConnectivityChanged: connectivity=true
06-03 23:59:22.305  1456  1473 I WifiService: getConnectionInfo uid=10036
06-03 23:59:22.305  1456  1473 D WifiPermissionsUtil: Denied: no location permission
06-03 23:59:22.305  1456  1473 D WifiPermissionsUtil: Denied: caller is not the current USE_OPEN_WIFI_PACKAGE
06-03 23:59:22.307 30279 21340 I NearbyDiscovery: FastPairHandler: Received action android.net.wifi.STATE_CHANGE [CONTEXT service_id=49 ]
06-03 23:59:22.315  1023  1202 E Netd    : Error adding route ::/0 -> fe80::238:dfff:fe07:cae0 wlan0 to table 1026: File exists
06-03 23:59:22.317  2340  2441 I QCNEJ   : |CORE| CNE received action: android.net.wifi.STATE_CHANGE
06-03 23:59:22.317  2340  2441 I QCNEJ   : |CORE| Updating network info: [type: WIFI[], state: CONNECTED/CONNECTED, reason: (unspecified), extra: "Mozilla Guest", failover: false, available: true, roaming: false]
06-03 23:59:22.318  2340  2441 I QCNEJ   : |CORE| Updating link properties: {InterfaceName: wlan0 LinkAddresses: [fe80::d277:14ff:fec5:c823/64,2620:101:80f2:232:d277:14ff:fec5:c823/64,2620:101:80f2:232:d4cb:defb:389a:81b0/64,10.242.34.112/21,]  Routes: [fe80::/64 -> :: wlan0,::/0 -> fe80::238:dfff:fe07:cae0 wlan0,2620:101:80f2:232::/64 -> :: wlan0,10.242.32.0/21 -> 0.0.0.0 wlan0,0.0.0.0/0 -> 10.242.32.1 wlan0,] DnsAddresses: [1.1.1.1,1.0.0.1,] Domains: guest.tor1.mozilla.com MTU: 0 TcpBufferSizes: 131072,262144,3145728,4096,221184,3145728}
06-03 23:59:22.318  2340  2441 I QCNEJ   : |CORE| Updating wifi info: SSID: Mozilla Guest, BSSID: 70:3a:0e:1f:35:91, MAC: 02:00:00:00:00:00, Supplicant state: COMPLETED, RSSI: -67, Link speed: 90Mbps, Frequency: 5200MHz, Net ID: 0, Metered hint: false, score: 60
06-03 23:59:22.318  2340  2441 D QCNEJ   : |CORE| Updating RSSI: -67
06-03 23:59:22.318  1456  1601 W BroadcastQueue: Background execution not allowed: receiving Intent { act=android.net.wifi.STATE_CHANGE flg=0x4000010 (has extras) } to com.motorola.carriersettingsext/.wfc.WFCReceiver
06-03 23:59:22.318  1456  1473 I WifiService: getConnectionInfo uid=10036
06-03 23:59:22.319  2340  2441 I QCNEJ/CndHalConnector: -> SND notifyRatConnectionStatusChanged(rat = 1, CONNECTED)
06-03 23:59:22.320  1456  1473 D WifiPermissionsUtil: Denied: no location permission
06-03 23:59:22.320  1456  1473 D WifiPermissionsUtil: Denied: caller is not the current USE_OPEN_WIFI_PACKAGE
06-03 23:59:22.321  1456  1473 I WifiService: getConnectionInfo uid=10036
06-03 23:59:22.321  1456  1623 I WifiService: requestActivityInfo uid=1000
06-03 23:59:22.321  1456  1623 I WifiService: reportActivityInfo uid=1000
06-03 23:59:22.321  1456  1623 I WifiService: getSupportedFeatures uid=1000
06-03 23:59:22.321  1456  1473 D WifiPermissionsUtil: Denied: no location permission
06-03 23:59:22.321  1456  1473 D WifiPermissionsUtil: Denied: caller is not the current USE_OPEN_WIFI_PACKAGE
06-03 23:59:22.322 30279 21340 I NearbyDiscovery: FastPairHandler: Received action android.net.wifi.STATE_CHANGE [CONTEXT service_id=49 ]
06-03 23:59:22.337  1456  2067 D ConnectivityService: Setting DNS servers for network 9352 to [/1.1.1.1, /1.0.0.1]
06-03 23:59:22.337  1456  1623 E BatteryExternalStatsWorker: no controller energy info supplied for wifi
06-03 23:59:22.380  1456  2067 I WifiService: getConnectionInfo uid=1000
06-03 23:59:22.421  1456  2067 I WifiService: getConnectionInfo uid=1000
06-03 23:59:22.422  1456  2054 D WifiNetworkAgent: NetworkAgent: Received signal strength thresholds: []
06-03 23:59:22.423  1456  2054 E WifiVendorHal: stopRssiMonitoring(l.2156) failed {.code = ERROR_NOT_AVAILABLE, .description = }
06-03 23:59:22.425  1456  2067 D ConnectivityService: Switching to new default network: NetworkAgentInfo{ ni{[type: WIFI[], state: CONNECTED/CONNECTED, reason: (unspecified), extra: "Mozilla Guest", failover: false, available: true, roaming: false]}  network{9352}  nethandle{40166550588126}  lp{{InterfaceName: wlan0 LinkAddresses: [fe80::d277:14ff:fec5:c823/64,2620:101:80f2:232:d277:14ff:fec5:c823/64,2620:101:80f2:232:d4cb:defb:389a:81b0/64,10.242.34.112/21,]  Routes: [fe80::/64 -> :: wlan0,::/0 -> fe80::238:dfff:fe07:cae0 wlan0,2620:101:80f2:232::/64 -> :: wlan0,10.242.32.0/21 -> 0.0.0.0 wlan0,0.0.0.0/0 -> 10.242.32.1 wlan0,] DnsAddresses: [1.1.1.1,1.0.0.1,] Domains: guest.tor1.mozilla.com MTU: 0 TcpBufferSizes: 131072,262144,3145728,4096,221184,3145728}}  nc{[ Transports: WIFI Capabilities: NOT_METERED&INTERNET&NOT_RESTRICTED&TRUSTED&NOT_VPN&FOREGROUND LinkUpBandwidth>=1048576Kbps LinkDnBandwidth>=1048576Kbps SignalStrength: -67]}  Score{20}  everValidated{false}  lastValidated{false}  created{true} lingering{false} explicitlySelected{false} acceptUnvalidated{false} everCaptivePortalDetected{false} lastCaptivePortalDetected{false} clat{null} }
06-03 23:59:22.426  1023  1186 E NetlinkEvent: NetlinkEvent::FindParam(): Parameter 'INTERFACE' not found
06-03 23:59:22.427  1023  1186 E NetlinkEvent: NetlinkEvent::FindParam(): Parameter 'STATE' not found
06-03 23:59:22.427  1023  1186 E NetlinkEvent: NetlinkEvent::FindParam(): Parameter 'TIME_NS' not found
06-03 23:59:22.427  1023  1186 E NetlinkEvent: NetlinkEvent::FindParam(): Parameter 'UID' not found
06-03 23:59:22.433  2340  2440 W QCNEJ   : |CORE| network available: 9352
06-03 23:59:22.433  2340  2440 D NetdClient: setNetworkForTarget(9352)
06-03 23:59:22.434  1023  1196 D NetdFwmarkServer: Cmd 2: 9352, 1000: UserP=3, fwmark=F2488
06-03 23:59:22.435  2340  2340 W ConnectivityThr: type=1400 audit(0.0:40496): avc: denied { read } for uid=1000 name="u:object_r:moto_system_prop:s0" dev="tmpfs" ino=12667 scontext=u:r:dataservice_app:s0 tcontext=u:object_r:moto_system_prop:s0 tclass=file permissive=0
06-03 23:59:22.435  1456  1600 D GnssLocationProvider: handleDownloadXtraData() called when Xtra not supported
06-03 23:59:22.435  2340  2440 W QCNEJ   : |CORE| onAvailable: bind the process to WIFI
06-03 23:59:22.436  2340  2440 E libc    : Access denied finding property "persist.mot.in_testenv"
06-03 23:59:22.436  1456  7570 I WifiService: getConnectionInfo uid=10036
06-03 23:59:22.436  1456  2090 I WifiService: getConnectionInfo uid=1000
06-03 23:59:22.436  2340  2440 E libc    : Access denied finding property "persist.mot.in_testenv"
06-03 23:59:22.436  2340  2440 D QCNEJ   : |CORE| V4_V6 connected
06-03 23:59:22.436  2340  2440 I QCNEJ/CndHalConnector: -> SND notifyWifiAvailable(v4Connected = truev6Connected = , true, isAndroidValidated = false)
06-03 23:59:22.437  1456  7570 D WifiPermissionsUtil: Denied: no location permission
06-03 23:59:22.437  1456  7570 D WifiPermissionsUtil: Denied: caller is not the current USE_OPEN_WIFI_PACKAGE
06-03 23:59:22.437  2340  2440 I QCNEJ   : |CORE| Updating link properties: {InterfaceName: wlan0 LinkAddresses: [fe80::d277:14ff:fec5:c823/64,2620:101:80f2:232:d277:14ff:fec5:c823/64,2620:101:80f2:232:d4cb:defb:389a:81b0/64,10.242.34.112/21,]  Routes: [fe80::/64 -> :: wlan0,::/0 -> fe80::238:dfff:fe07:cae0 wlan0,2620:101:80f2:232::/64 -> :: wlan0,10.242.32.0/21 -> 0.0.0.0 wlan0,0.0.0.0/0 -> 10.242.32.1 wlan0,] DnsAddresses: [1.1.1.1,1.0.0.1,] Domains: guest.tor1.mozilla.com MTU: 0 TcpBufferSizes: 131072,262144,3145728,4096,221184,3145728}
06-03 23:59:22.438  2340  2340 I chatty  : uid=1000(system) .dataservices expire 2 lines
06-03 23:59:22.438  2340  2340 W ConnectivityThr: type=1400 audit(0.0:40499): avc: denied { read } for uid=1000 name="u:object_r:moto_system_prop:s0" dev="tmpfs" ino=12667 scontext=u:r:dataservice_app:s0 tcontext=u:object_r:moto_system_prop:s0 tclass=file permissive=0
06-03 23:59:22.439  1456  2339 D NetworkTimeUpdateService: New default network 9352; checking time.
06-03 23:59:22.439  2340  2440 I QCNEJ   : |CORE| onLinkPropertiesChanged received
06-03 23:59:22.439  2340  2440 E libc    : Access denied finding property "persist.mot.in_testenv"
06-03 23:59:22.439  2340  2440 E libc    : Access denied finding property "persist.mot.in_testenv"
06-03 23:59:22.440  2340  2440 I QCNEJ   : |CORE| Default network available: 9352
06-03 23:59:22.441  2340  2440 I QCNEJ/CndHalConnector: -> SND notifyDefaultNetworkChanged(1)
06-03 23:59:22.442  1456  2067 D ConnectivityService: Sending CONNECTED broadcast for type 1 NetworkAgentInfo [WIFI () - 9352] isDefaultNetwork=true
06-03 23:59:22.443  2398  2736 D TelephonyProvider: getPreferredApnIdFromApn: for subId 2147483647
06-03 23:59:22.444  2360  2360 I ModemStatsDSDetect: onReceive() -Intent { act=android.net.conn.CONNECTIVITY_CHANGE flg=0x4000010 (has extras) }
06-03 23:59:22.444 20463 20483 I CarrierServices: [586971] dji.a: FiST: Wifi connectivity status true
06-03 23:59:22.445  1456  3045 V LocSvc_HIDL_Subscription_jni: networkinfo_update
06-03 23:59:22.445  1456  3045 V LocSvc_HIDL_Subscription_jni: [networkinfo_update][337] [HC] =>> [HS]
06-03 23:59:22.445   792   792 V LocSvc_HIDL_IzatSubscription: [networkinfoUpdate][322] [HS] <<<<= [HC]
06-03 23:59:22.446  4706  4706 D OtaApp  : pollingManagerService, connectivity_action: [type: WIFI[], state: CONNECTED/CONNECTED, reason: (unspecified), extra: "Mozilla Guest", failover: false, available: true, roaming: false]
06-03 23:59:22.446  4706  4706 D OtaApp  : PollingManagerService, now: 23771268519 ,futureTime: 23820066223
06-03 23:59:22.446  4706  4706 D OtaApp  : Polling alarm set to expire at: 23820066223 Current Time: 23771268520
06-03 23:59:22.446  1456  3045 V LocSvc_HIDL_Subscription_jni: Exit Result 0
06-03 23:59:22.447  2360  2360 I ModemStatsDSDetect: INET_CONDITION=0 ,activeNet=[type: WIFI[], state: CONNECTED/CONNECTED, reason: (unspecified), extra: "Mozilla Guest", failover: false, available: true, roaming: false]
06-03 23:59:22.447  2360  2360 I ModemStatsDSDetect: onReceive() - done, currentInetCondition=0
06-03 23:59:22.448 20463 20515 I CarrierServices: [586989] drv.a: (PEv2-SM): DisabledState: event Connectivity event
06-03 23:59:22.449 20463 20483 I CarrierServices: [586971] djm.d: Connected state: [1], networkType: [WIFI]
06-03 23:59:22.451  1456 18958 D NetworkMonitor/NetworkAgentInfo [WIFI () - 9352]: PROBE_DNS connectivitycheck.gstatic.com 28ms OK 2607:f8b0:400b:808::2003,172.217.164.227
06-03 23:59:22.452  4706  4798 D OtaApp  : AndroidClientUpgradeService.handleIntent: com.motorola.ccc.ota.pm.POLLINGMGR_CONNECTIVITY
06-03 23:59:22.452  4706  4798 D OtaApp  : CusSM.onRadioUp
06-03 23:59:22.455  1456  5907 I WifiService: getConnectionInfo uid=10036
06-03 23:59:22.456  7567  7567 I DeviceStatusMonitor: DeviceStatusMonitor$1.onReceive():51 onReceive() : Action = android.net.conn.CONNECTIVITY_CHANGE
06-03 23:59:22.457  1456 18957 D NetworkMonitor/NetworkAgentInfo [WIFI () - 9352]: PROBE_DNS www.google.com 33ms OK 2607:f8b0:400b:801::2004,172.217.164.196
06-03 23:59:22.458  1456  1473 I WifiService: getDhcpInfo uid=11379
06-03 23:59:22.459  1456  5907 D WifiPermissionsUtil: Denied: no location permission
06-03 23:59:22.460  1456  5907 D WifiPermissionsUtil: Denied: caller is not the current USE_OPEN_WIFI_PACKAGE
06-03 23:59:22.460  1023  1196 D NetdFwmarkServer: Cmd 2: 9352, 1000: UserP=3, fwmark=F2488
06-03 23:59:22.461  1023  1196 D NetdFwmarkServer: Cmd 2: 9352, 1000: UserP=3, fwmark=F2488
06-03 23:59:22.461  1023  1196 D NetdFwmarkServer: Cmd 1: 0, 1000: UserP=3, fwmark=F2488
06-03 23:59:22.461  1023  1196 D NetdFwmarkServer: Cmd 1: 0, 1000: UserP=3, fwmark=F2488
06-03 23:59:22.462  1023  1196 D NetdFwmarkServer: Cmd 6: 0, 1000: UserP=3, fwmark=F2488
06-03 23:59:22.463  1023  1196 D NetdFwmarkServer: Cmd 6: 0, 1000: UserP=3, fwmark=F2488
06-03 23:59:22.463  1456  1600 E GnssLocationProvider: No APN found to select.
06-03 23:59:22.463  1456  2050 I WifiService: getConnectionInfo uid=1000
06-03 23:59:22.463 30243 17237 I PinnedContentDownloader: Finished downloading pinned content.
06-03 23:59:22.465  4706  4798 D OtaApp  : CusSM.sendUpgradeStatus: no unlogged events.
06-03 23:59:22.469 20463 20483 I CarrierServices: [586971] dji.a: FiST: Wifi connectivity status true
06-03 23:59:22.469  4706  4798 D OtaApp  : Description is null
06-03 23:59:22.470  4706  4798 D OtaApp  : CusSM.runStateMachine: no versions found in database
06-03 23:59:22.470 20463 20483 I CarrierServices: [586971] djm.d: Connected state: [1], networkType: [WIFI]
06-03 23:59:22.470 20463 20515 I CarrierServices: [586989] drv.a: (PEv2-SM): DisabledState: event Connectivity event
06-03 23:59:22.470 18379 18379 I Finsky  : [2] nlp.a(254): Installer: found apps to install. isMultiUserMode=false, apps=[]
06-03 23:59:22.472  1456  1600 E GnssLocationProvider: updateNetworkAvailability failed
06-03 23:59:22.473  1456 18958 D NetworkMonitor/NetworkAgentInfo [WIFI () - 9352]: PROBE_HTTP http://connectivitycheck.gstatic.com/generate_204 time=18ms ret=204 request={User-Agent=[Mozilla/5.0 (X11; Linux x86_64) AppleWebKit/537.36 (KHTML, like Gecko) Chrome/60.0.3112.32 Safari/537.36]} headers={null=[HTTP/1.1 204 No Content], Content-Length=[0], Date=[Thu, 04 Jun 2020 03:59:21 GMT], X-Android-Received-Millis=[1591243162473], X-Android-Response-Source=[NETWORK 204], X-Android-Selected-Protocol=[http/1.1], X-Android-Sent-Millis=[1591243162467]}
06-03 23:59:22.473  7567  7567 I DeviceStatusMonitor: DeviceStatusMonitor.notifyIfNetworkChanged():148 notifyIfNetworkChanged: newState = NON_METERED, airplaneModeOn = false, notifyAnyway = false
06-03 23:59:22.474  7567  7567 I NetworkInfoNotification: NetworkInfoNotification$Listener.onReceive():84 onNetworkAvailable: networkState = NON_METERED, isAirplaneModeOn = false
06-03 23:59:22.474 30279 21340 I NearbyDiscovery: FastPairHandler: Received action android.net.conn.CONNECTIVITY_CHANGE [CONTEXT service_id=49 ]
06-03 23:59:22.474  7567 18970 I NetworkInfoNotification: NetworkInfoNotification$Listener.onReceive():84 onNetworkAvailable: networkState = NON_METERED, isAirplaneModeOn = false
06-03 23:59:22.476  1456  2923 I WifiService: getConnectionInfo uid=10073
06-03 23:59:22.476  1456  2923 D WifiPermissionsUtil: Denied: no location permission
06-03 23:59:22.476  1456  2923 D WifiPermissionsUtil: Denied: caller is not the current USE_OPEN_WIFI_PACKAGE
06-03 23:59:22.481  1456  2204 I WifiService: getConnectionInfo uid=10073
06-03 23:59:22.482  1456  2204 D WifiPermissionsUtil: Denied: no location permission
06-03 23:59:22.482  1456  2204 D WifiPermissionsUtil: Denied: caller is not the current USE_OPEN_WIFI_PACKAGE
06-03 23:59:22.483  1456  2204 I WifiService: getConnectionInfo uid=10073
06-03 23:59:22.484  1456  2204 D WifiPermissionsUtil: Denied: no location permission
06-03 23:59:22.484  1456  2204 D WifiPermissionsUtil: Denied: caller is not the current USE_OPEN_WIFI_PACKAGE
06-03 23:59:22.485  1456  5027 I WifiService: getConnectionInfo uid=10073
06-03 23:59:22.486  1456  5027 D WifiPermissionsUtil: Denied: no location permission
06-03 23:59:22.486  1456  5027 D WifiPermissionsUtil: Denied: caller is not the current USE_OPEN_WIFI_PACKAGE
06-03 23:59:22.487 30279 18967 I qtaguid : Tagging socket -1 with tag 3000040700000000(805307399) for uid -1 failed errno=-9
06-03 23:59:22.487 30279 18967 I NetworkManagementSocketTagger: tagSocketFd(-1, 805307399, -1) failed with errno-9
06-03 23:59:22.521  1456 18957 D NetworkMonitor/NetworkAgentInfo [WIFI () - 9352]: PROBE_HTTPS https://www.google.com/generate_204 time=62ms ret=204 request={User-Agent=[Mozilla/5.0 (X11; Linux x86_64) AppleWebKit/537.36 (KHTML, like Gecko) Chrome/60.0.3112.32 Safari/537.36]} headers={null=[HTTP/1.1 204 No Content], Alt-Svc=[h3-27=":443"; ma=2592000,h3-25=":443"; ma=2592000,h3-T050=":443"; ma=2592000,h3-Q050=":443"; ma=2592000,h3-Q049=":443"; ma=2592000,h3-Q048=":443"; ma=2592000,h3-Q046=":443"; ma=2592000,h3-Q043=":443"; ma=2592000,quic=":443"; ma=2592000; v="46,43"], Content-Length=[0], Date=[Thu, 04 Jun 2020 03:59:21 GMT], X-Android-Received-Millis=[1591243162520], X-Android-Response-Source=[NETWORK 204], X-Android-Selected-Protocol=[http/1.1], X-Android-Sent-Millis=[1591243162511]}
06-03 23:59:22.521  1456  2067 D ConnectivityService: NetworkAgentInfo [WIFI () - 9352] validation passed
06-03 23:59:22.527 20463 20483 I CarrierServices: [586971] dji.a: FiST: Wifi connectivity status true
06-03 23:59:22.527  2360  2360 I ModemStatsDSDetect: onReceive() -Intent { act=android.net.conn.INET_CONDITION_ACTION flg=0x4000010 (has extras) }
06-03 23:59:22.528  2360  2360 I ModemStatsDSDetect: INET_CONDITION=100 ,activeNet=[type: WIFI[], state: CONNECTED/CONNECTED, reason: (unspecified), extra: "Mozilla Guest", failover: false, available: true, roaming: false]
06-03 23:59:22.528  2360  2360 I ModemStatsDSDetect: Inetcondition changed, white->blue
06-03 23:59:22.528  2360  2360 I ModemStatsDSDetect: onReceive() - done, currentInetCondition=100
06-03 23:59:22.528 20463 20483 I CarrierServices: [586971] djm.d: Connected state: [1], networkType: [WIFI]
06-03 23:59:22.529 20463 20515 I CarrierServices: [586989] drv.a: (PEv2-SM): DisabledState: event Connectivity event
06-03 23:59:22.538 18766 18974 I chatty  : uid=11379(org.mozilla.fennec_aurora) expire 5 lines
06-03 23:59:22.545 18766 18806 I chatty  : uid=11379(org.mozilla.fennec_aurora) expire 9 lines
06-03 23:59:22.613 30279 18975 E WakeLock: GCM_CONN_ALARM release without a matched acquire!
06-03 23:59:22.615 18766 18787 I chatty  : uid=11379(org.mozilla.fennec_aurora) expire 1 line
06-03 23:59:22.879 18766 18785 I chatty  : uid=11379(org.mozilla.fennec_aurora) expire 2 lines
06-03 23:59:22.885  1456  2067 D ConnectivityService: releasing NetworkRequest [ TRACK_DEFAULT id=60110, [ Capabilities: INTERNET&NOT_RESTRICTED&TRUSTED&NOT_VPN] ] (release request)
06-03 23:59:25.002 18988 18988 D AndroidRuntime: >>>>>> START com.android.internal.os.RuntimeInit uid 2000 <<<<<<
06-03 23:59:25.015 18988 18988 W app_process: Could not reserve sentinel fault page
06-03 23:59:25.181 18988 18988 I app_process: The ClassLoaderContext is a special shared library.
06-03 23:59:25.250 18988 18988 D AndroidRuntime: Calling main entry com.android.commands.input.Input
06-03 23:59:25.252 18988 18988 I Input   : injectKeyEvent: KeyEvent { action=ACTION_DOWN, keyCode=KEYCODE_HOME, scanCode=0, metaState=0, flags=0x0, repeatCount=0, eventTime=23319232837, downTime=23319232837, deviceId=-1, source=0x101 }
06-03 23:59:25.259 18988 18988 I Input   : injectKeyEvent: KeyEvent { action=ACTION_UP, keyCode=KEYCODE_HOME, scanCode=0, metaState=0, flags=0x0, repeatCount=0, eventTime=23319232837, downTime=23319232837, deviceId=-1, source=0x101 }
06-03 23:59:25.266  1456  1941 I ActivityManager: START u0 {act=android.intent.action.MAIN cat=[android.intent.category.HOME] flg=0x10200000 cmp=com.android.launcher3/.CustomizationPanelLauncher (has extras)} from uid 1000
06-03 23:59:25.266   794   839 E ANDR-PERF-RESOURCEQS: Failed to apply optimization [4, 0]
06-03 23:59:25.273 18988 18988 D AndroidRuntime: Shutting down VM
06-03 23:59:25.282  1456  5027 I ActivityManager: moveHomeStack, setupComplete:true
06-03 23:59:25.298  4734  4782 I Adreno  : QUALCOMM build                   : bb5b86c, I77d3059488
06-03 23:59:25.298  4734  4782 I Adreno  : Build Date                       : 06/07/18
06-03 23:59:25.298  4734  4782 I Adreno  : OpenGL ES Shader Compiler Version: EV031.22.00.01_06
06-03 23:59:25.298  4734  4782 I Adreno  : Local Branch                     : 
06-03 23:59:25.298  4734  4782 I Adreno  : Remote Branch                    : refs/tags/AU_LINUX_ANDROID_LA.UM.6.5.R1.08.01.00.312.086
06-03 23:59:25.298  4734  4782 I Adreno  : Remote Branch                    : NONE
06-03 23:59:25.298  4734  4782 I Adreno  : Reconstruct Branch               : NOTHING
06-03 23:59:25.301  4734  4782 D vndksupport: Loading /vendor/lib/hw/gralloc.msm8937.so from current namespace instead of sphal namespace.
06-03 23:59:25.305  4734  4782 I Adreno  : PFP: 0x005ff087, ME: 0x005ff063
06-03 23:59:25.309  4734  4782 I zygote  : android::hardware::configstore::V1_0::ISurfaceFlingerConfigs::hasWideColorDisplay retrieved: 0
06-03 23:59:25.310  2748  2748 D Launcher.Utilities: Wakeup weather: Intent { act=com.motorola.launcher3.action.WAKEUP_WEATHER cmp=com.motorola.timeweatherwidget/com.motorola.commandcenter.weather.WakeUpService }
06-03 23:59:25.310  4734  4782 I OpenGLRenderer: Initialized EGL, version 1.4
06-03 23:59:25.310  4734  4782 D OpenGLRenderer: Swap behavior 2
06-03 23:59:25.321  1456  1456 I NotificationService: Cannot find enqueued record for key: 0|com.motorola.timeweatherwidget|1|null|10116
06-03 23:59:25.327   808   808 D SurfaceFlinger: duplicate layer name: changing com.android.launcher3/com.android.launcher3.CustomizationPanelLauncher to com.android.launcher3/com.android.launcher3.CustomizationPanelLauncher#1
06-03 23:59:25.349  4734  4771 W ThreadPoolDumper: Queue length for executor EventBus is now 11. Perhaps some tasks are too long, or the pool is too small.
06-03 23:59:25.350  1456  2923 I WifiService: getWifiEnabledState uid=10073
06-03 23:59:25.355  1456  5027 I WifiService: getWifiEnabledState uid=10073
06-03 23:59:25.409  1456  1673 I LaunchCheckinHandler: Displayed com.android.launcher3/.CustomizationPanelLauncher,wp,wa,143
06-03 23:59:25.416  4734  4734 I BgTaskExecutorImpl: Starting EXCLUSIVE background task TNG_MINUS_ONE_SYNC.
06-03 23:59:25.417  4734  4784 I MicroDetectionState: Should stop hotword detection immediately - false
06-03 23:59:25.423  4734  4784 I MicroDetectionWorker: #startMicroDetector [speakerMode: 0]
06-03 23:59:25.424  4734  4784 I AudioController: Created new AudioSource
06-03 23:59:25.427  4734  4784 I TngMinusOneSync: Syncing TNG:-1
06-03 23:59:25.427  4734  4779 I MicroDataManager: isInitializing-false locale not changed-true model not changed-true
06-03 23:59:25.428  4734  4779 I MicroDataManager: Already initialized, obtaining the hotword data immediately.
06-03 23:59:25.437  4734 26341 I MicroRecognitionRunner: Starting detection.
06-03 23:59:25.437  1456  7796 I OpenGLRenderer: Initialized EGL, version 1.4
06-03 23:59:25.437  1456  7796 D OpenGLRenderer: Swap behavior 2
06-03 23:59:25.437  4734 26341 I InputStreamUtils: Using micInputStream
06-03 23:59:25.438  4734 13805 I MicrophoneInputStream: mic_starting  SR : 16000 CC : 16 SO : 1999
06-03 23:59:25.441   788   788 V msm8974_platform: platform_check_input_mask: enter check_input_mask source 6 mask 10
06-03 23:59:25.444  1012 19002 I AudioFlinger: AudioFlinger's thread 0xb2483280 tid=19002 ready to run
06-03 23:59:25.452   788   788 D audio_hw_primary: in_set_parameters: enter: kvpairs=input_source=6;routing=-2147483644
06-03 23:59:25.453  1012  8317 D APM_AudioPolicyManager: AudioPolicyManager::startInput() input 376502, session 376617, source = 1999
06-03 23:59:25.453  4734 13805 I MicrophoneInputStream: mic_started  SR : 16000 CC : 16 SO : 1999
06-03 23:59:25.455   788 19003 V msm8974_platform: platform_update_usecase_from_source: input source :6
06-03 23:59:25.455   788 19003 V msm8974_platform: platform_check_input_mask: enter check_input_mask source 6 mask 10
06-03 23:59:25.455   788 19003 V msm8974_platform: platform_get_input_snd_device: enter: out_device(0) in_device(0x4) channel_count (1) channel_mask (0x10)
06-03 23:59:25.455   788 19003 V msm8974_platform: platform_get_input_snd_device: exit: in_snd_device(voice-rec-mic)
06-03 23:59:25.455   788 19003 V msm8974_platform: platform_get_backend_index:napb: backend port - 5 device - 120 
06-03 23:59:25.455   788 19003 V msm8974_platform: platform_check_and_set_capture_backend_cfg:txbecf: afe: bitwidth 0, samplerate 0, channel 1, backend_idx 5 usecase = 9 device (voice-rec-mic)
06-03 23:59:25.455   788 19003 V msm8974_platform: platform_check_capture_backend_cfg:txbecf: afe: Codec selected backend: 5 current bit width: 0 and sample rate: 0, channels 1
06-03 23:59:25.455   788 19003 V msm8974_platform: platform_check_capture_backend_cfg:txbecf: afe: Codec selected backend: 5 updated bit width: 0 and sample rate: 0
06-03 23:59:25.455   788 19003 I msm8974_platform: platform_check_capture_backend_cfg:txbecf: afe: Codec backend needs to be updated. new bit width: 0 new sample rate: 0 new channel: 1
06-03 23:59:25.456   788 19003 V msm8974_platform: platform_get_backend_index:napb: backend port - 5 device - 120 
06-03 23:59:25.456   788 19003 V msm8974_platform: platform_set_backend_cfg:becf: afe: bitwidth 0, samplerate 0 channels 1, backend_idx 5 device (voice-rec-mic)
06-03 23:59:25.456   788 19003 E msm8974_platform: platform_set_backend_cfg:becf: afe: Could not get ctl for mixer command - SLIM_0_TX Format
06-03 23:59:25.456   788 19003 V msm8974_platform: platform_send_audio_calibration: sending audio calibration for snd_device(120) acdb_id(62)
06-03 23:59:25.456   788 19003 D ACDB-LOADER: ACDB -> send_audio_cal, acdb_id = 62, path = 1, app id = 0x11130, sample rate = 48000
06-03 23:59:25.456   788 19003 D ACDB-LOADER: ACDB -> send_asm_topology
06-03 23:59:25.456   788 19003 D ACDB-LOADER: ACDB -> ACDB_CMD_GET_AUDPROC_STREAM_TOPOLOGY_ID
06-03 23:59:25.456   788 19003 D ACDB-LOADER: ACDB -> send_adm_topology
06-03 23:59:25.456   788 19003 D ACDB-LOADER: ACDB -> ACDB_CMD_GET_AUDPROC_COMMON_TOPOLOGY_ID
06-03 23:59:25.456   788 19003 D ACDB-LOADER: ACDB -> send_audtable
06-03 23:59:25.457   788 19003 D ACDB-LOADER: ACDB -> ACDB_CMD_GET_AUDPROC_COMMON_TABLE_SIZE
06-03 23:59:25.457   788 19003 D ACDB-LOADER: ACDB -> ACDB_CMD_GET_AUDPROC_COMMON_TABLE
06-03 23:59:25.457   788 19003 D ACDB-LOADER: ACDB -> AUDIO_SET_AUDPROC_CAL
06-03 23:59:25.457   788 19003 D ACDB-LOADER: ACDB -> send_audvoltable
06-03 23:59:25.457   788 19003 D ACDB-LOADER: ACDB -> ACDB_CMD_GET_AUDPROC_VOL_STEP_TABLE_SIZE
06-03 23:59:25.457   788 19003 D ACDB-LOADER: ACDB -> ACDB_CMD_GET_AUDPROC_GAIN_DEP_STEP_TABLE, vol index 0
06-03 23:59:25.457   788 19003 D         : Failed to fetch the lookup information of the device 0000003E 
06-03 23:59:25.457   788 19003 D ACDB-LOADER: ACDB -> AUDIO_SET_VOL_CAL cal type = 12
06-03 23:59:25.457   788 19003 D ACDB-LOADER: ACDB -> ACDB_CMD_GET_AUDPROC_STREAM_TABLE_SIZE
06-03 23:59:25.457   788 19003 D ACDB-LOADER: ACDB -> send_audstrmtable
06-03 23:59:25.457   788 19003 D ACDB-LOADER: ACDB -> ACDB_CMD_GET_AUDPROC_STREAM_TABLE_V2
06-03 23:59:25.457   788 19003 D ACDB-LOADER: ACDB -> audstrm_cal->cal_type.cal_data.cal_size = 456
06-03 23:59:25.457   788 19003 D ACDB-LOADER: ACDB -> send_afe_topology
06-03 23:59:25.457   788 19003 D ACDB-LOADER: ACDB -> ACDB_CMD_GET_AFE_TOPOLOGY_ID
06-03 23:59:25.457   788 19003 D ACDB-LOADER: ACDB -> GET_AFE_TOPOLOGY_ID for adcd_id 62, Topology Id 112fb
06-03 23:59:25.457   788 19003 D ACDB-LOADER: ACDB -> send_afe_cal
06-03 23:59:25.457   788 19003 D ACDB-LOADER: ACDB -> ACDB_CMD_GET_AFE_COMMON_TABLE_SIZE
06-03 23:59:25.457   788 19003 D         : Failed to fetch the lookup information of the device 0000003E 
06-03 23:59:25.457   788 19003 E ACDB-LOADER: Error: ACDB_CMD_GET_AFE_COMMON_TABLE_SIZE Returned = -19
06-03 23:59:25.457   788 19003 D ACDB-LOADER: ACDB -> ACDB_CMD_GET_AFE_COMMON_TABLE
06-03 23:59:25.457   788 19003 D         : Failed to fetch the lookup information of the device 0000003E 
06-03 23:59:25.457   788 19003 D ACDB-LOADER: ACDB -> AUDIO_SET_AFE_CAL
06-03 23:59:25.458   788 19003 D ACDB-LOADER: ACDB -> send_hw_delay : acdb_id = 62 path = 1
06-03 23:59:25.458   788 19003 D ACDB-LOADER: ACDB -> ACDB_AVSYNC_INFO: ACDB_CMD_GET_DEVICE_PROPERTY
06-03 23:59:25.458   788 19003 D audio_hw_primary: enable_snd_device: snd_device(120: voice-rec-mic)
06-03 23:59:25.458   788 19003 D audio_route: Apply path: voice-rec-mic
06-03 23:59:25.464   788 19003 V msm8974_platform: platform_get_snd_device_backend_index: enter with device 120
06-03 23:59:25.464   788 19003 E msm8974_platform: platform_get_snd_device_backend_index: BE DAI Name Table is not present
06-03 23:59:25.464   788 19003 V msm8974_platform: platform_get_backend_index:napb: backend port - 5 device - 120 
06-03 23:59:25.464   788 19003 I audio_hw_utils: Set Audio Stream Capture 0 App Type Cfg: app_type 69936, acdb_dev_id 62, sample_rate 48000, snd_device_be_idx -14
06-03 23:59:25.464   788 19003 D audio_hw_primary: enable_audio_route: usecase(9) apply and update mixer path: audio-record
06-03 23:59:25.464   788 19003 D audio_route: Apply path: audio-record
06-03 23:59:25.534  4734  4784 I MicroDetectionWorker: onReady
06-03 23:59:25.544 18766 18766 I chatty  : uid=11379(org.mozilla.fennec_aurora) expire 7 lines
06-03 23:59:25.547 18766 18806 I chatty  : uid=11379(org.mozilla.fennec_aurora) expire 17 lines
06-03 23:59:25.556 18766 19007 I chatty  : uid=11379(org.mozilla.fennec_aurora) expire 10 lines
06-03 23:59:25.604 18766 18810 I chatty  : uid=11379(org.mozilla.fennec_aurora) expire 2 lines
06-03 23:59:25.620  2146  2165 I zygote  : NativeAlloc concurrent copying GC freed 24742(1199KB) AllocSpace objects, 0(0B) LOS objects, 49% free, 11MB/23MB, paused 120us total 169.693ms
06-03 23:59:25.654 18766 18791 I chatty  : uid=11379(org.mozilla.fennec_aurora) expire 9 lines
06-03 23:59:25.667 18766 18817 I chatty  : uid=11379(org.mozilla.fennec_aurora) expire 1 line
06-03 23:59:25.669 18379 18379 I Finsky  : [2] qwn.onTrimMemory(1): Memory trim requested to level 80
06-03 23:59:25.695  1456  2204 D ConnectivityService: requestNetwork for uid/pid:11379/18766 NetworkRequest [ TRACK_DEFAULT id=60111, [ Capabilities: INTERNET&NOT_RESTRICTED&TRUSTED&NOT_VPN] ]
06-03 23:59:25.696  1456  2099 D Ethernet: got request NetworkRequest [ TRACK_DEFAULT id=60111, [ Capabilities: INTERNET&NOT_RESTRICTED&TRUSTED&NOT_VPN] ] with score 60
06-03 23:59:25.696  1456  2054 D WIFI_UT : got request NetworkRequest [ TRACK_DEFAULT id=60111, [ Capabilities: INTERNET&NOT_RESTRICTED&TRUSTED&NOT_VPN] ] with score 60
06-03 23:59:25.696  1456  2054 D WIFI    : got request NetworkRequest [ TRACK_DEFAULT id=60111, [ Capabilities: INTERNET&NOT_RESTRICTED&TRUSTED&NOT_VPN] ] with score 60
06-03 23:59:25.697  2398  2398 D PhoneSwitcherNetworkRequstListener: got request NetworkRequest [ TRACK_DEFAULT id=60111, [ Capabilities: INTERNET&NOT_RESTRICTED&TRUSTED&NOT_VPN] ] with score 60
06-03 23:59:25.704 18766 19015 I chatty  : uid=11379(org.mozilla.fennec_aurora) expire 5 lines
06-03 23:59:25.829   808   808 I SFPerfTracer:      triggers: (rate: 96:2065837) (compose: 0:7) (post: 0:19) (render: 0:17) (12:11706113 frames) (13:15033666)
06-03 23:59:25.830   808   808 D SFPerfTracer:        layers: (4:13) (NavigationBar#0 (0xb07df000): 0:1184555) (StatusBar#0 (0xb07e3000): 0:2849563) (com.android.systemui.ImageWallpaper#0 (0xb07e7000): 0:110864) (Sprite#0 (0xb0733000): 0:317)* (DimLayerController/Stack=0#0 (0xb075a000): 0:3866)* (Sprite#1 (0xb077c000): 0:195)* (com.android.launcher3/com.android.launcher3.CustomizationPanelLauncher#0 (0xb0763000): 0:41)- (com.android.launcher3/com.android.launcher3.CustomizationPanelLauncher#1 (0xb0771000): 0:10)- (Splash Screen org.mozilla.fennec_aurora#0 (0xb039b000): 0:19)- (Splash Screen org.mozilla.fennec_aurora#1 (0xafd20000): 0:30)- (org.mozilla.fennec_aurora/org.mozilla.fenix.HomeActivity#0 (0xb039b000): 12:70)* (com.android.launcher3/com.android.launcher3.CustomizationPanelLauncher#0 (0xb0763000): 13:28)* (com.android.launcher3/com.android.launcher3.CustomizationPanelLauncher#1 (0xb0771000): 1:5) 
06-03 23:59:25.841 18766 18787 I chatty  : uid=11379(org.mozilla.fennec_aurora) expire 1 line
06-03 23:59:25.847  1456  2067 D ConnectivityService: releasing NetworkRequest [ TRACK_DEFAULT id=60111, [ Capabilities: INTERNET&NOT_RESTRICTED&TRUSTED&NOT_VPN] ] (release request)
06-03 23:59:25.862  2748  2917 W OpenGLRenderer: Incorrectly called buildLayer on View: ShortcutAndWidgetContainer, destroying layer...
06-03 23:59:26.020  1456  6339 D ConnectivityService: requestNetwork for uid/pid:11379/18766 NetworkRequest [ TRACK_DEFAULT id=60112, [ Capabilities: INTERNET&NOT_RESTRICTED&TRUSTED&NOT_VPN] ]
06-03 23:59:26.021  1456  2099 D Ethernet: got request NetworkRequest [ TRACK_DEFAULT id=60112, [ Capabilities: INTERNET&NOT_RESTRICTED&TRUSTED&NOT_VPN] ] with score 60
06-03 23:59:26.021  1456  2054 D WIFI_UT : got request NetworkRequest [ TRACK_DEFAULT id=60112, [ Capabilities: INTERNET&NOT_RESTRICTED&TRUSTED&NOT_VPN] ] with score 60
06-03 23:59:26.022  1456  2054 D WIFI    : got request NetworkRequest [ TRACK_DEFAULT id=60112, [ Capabilities: INTERNET&NOT_RESTRICTED&TRUSTED&NOT_VPN] ] with score 60
06-03 23:59:26.022  2398  2398 D PhoneSwitcherNetworkRequstListener: got request NetworkRequest [ TRACK_DEFAULT id=60112, [ Capabilities: INTERNET&NOT_RESTRICTED&TRUSTED&NOT_VPN] ] with score 60
06-03 23:59:26.035 18766 19019 I chatty  : uid=11379(org.mozilla.fennec_aurora) expire 9 lines
06-03 23:59:26.042   808   898 I SFPerfTracer:      triggers: (rate: 0:1) (0 sw vsyncs) (0 skipped) (39:7592291 vsyncs) (41:15169436)
06-03 23:59:26.509  1456  2067 D ConnectivityService: releasing NetworkRequest [ TRACK_DEFAULT id=60112, [ Capabilities: INTERNET&NOT_RESTRICTED&TRUSTED&NOT_VPN] ] (release request)
06-03 23:59:26.568  4734  4749 I zygote  : Background concurrent copying GC freed 192029(9MB) AllocSpace objects, 10(3MB) LOS objects, 49% free, 12MB/25MB, paused 163us total 137.575ms
06-03 23:59:30.212  2340  2441 I QCNEJ   : |CORE| CNE received action RSSI/Link Changed events: android.net.wifi.RSSI_CHANGED
06-03 23:59:30.212  2340  2441 D QCNEJ   : |CORE| Updating RSSI: -66
06-03 23:59:30.215 20463 20483 I CarrierServices: [586971] dji.a: FiST: Wifi connectivity status true
06-03 23:59:30.219 20463 20483 I CarrierServices: [586971] djm.d: Connected state: [1], networkType: [WIFI]
06-03 23:59:30.219 20463 20515 I CarrierServices: [586989] drv.a: (PEv2-SM): DisabledState: event Connectivity event
06-03 23:59:30.437  1456  6339 I ActivityManager: Force stopping org.mozilla.fennec_aurora appid=11379 user=0: from pid 19025
06-03 23:59:30.437  1456  6339 I ActivityManager: Killing 18766:org.mozilla.fennec_aurora/u0a1379 (adj 700): stop org.mozilla.fennec_aurora
06-03 23:59:30.439  1456  1605 W zygote  : kill(-18766, 9) failed: No such process
06-03 23:59:30.440 18852 18852 I chatty  : uid=11379(org.mozilla.fennec_aurora) expire 1 line
06-03 23:59:30.441  1456  6339 W ActivityManager: Force removing ActivityRecord{6fa5641 u0 org.mozilla.fennec_aurora/org.mozilla.fenix.HomeActivity t79334}: app died, no saved state
06-03 23:59:30.451  1456  6339 I ActivityManager: Killing 18852:org.mozilla.fennec_aurora:tab0/u0a1379 (adj 0): stop org.mozilla.fennec_aurora
06-03 23:59:30.455  1456  1605 W zygote  : kill(-18766, 9) failed: No such process
06-03 23:59:30.463  2398  2398 D CarrierSvcBindHelper: No carrier app for: 0
06-03 23:59:30.464  2398  2398 D CarrierSvcBindHelper: No carrier app for: 1
06-03 23:59:30.471  1456  1605 W zygote  : kill(-18766, 9) failed: No such process
06-03 23:59:30.495  1456  1605 I chatty  : uid=1000(system) ActivityManager identical 2 lines
06-03 23:59:30.504  1456  1673 W ActivityManager: setHasOverlayUi called on unknown pid: 18766
06-03 23:59:30.511  1456  1605 W zygote  : kill(-18766, 9) failed: No such process
06-03 23:59:30.511  1456  1605 I zygote  : Successfully killed process cgroup uid 11379 pid 18766 in 71ms
06-03 23:59:30.511  1456  1605 W zygote  : kill(-18852, 9) failed: No such process
06-03 23:59:30.511  1456  1605 I zygote  : Successfully killed process cgroup uid 11379 pid 18852 in 0ms
06-03 23:59:31.581  1456  5027 I ActivityManager: START u0 {act=android.intent.action.MAIN cat=[android.intent.category.LAUNCHER] flg=0x10000000 cmp=org.mozilla.fennec_aurora/.App} from uid 2000
