--------- beginning of main
04-08 15:24:57.902 17373 17392 I MicroDataManager: isInitializedWithLatestParams-true
04-08 15:24:57.903 17373 17392 I MicroDataManager: isInitializing-false locale not changed-true model not changed-true
04-08 15:24:57.903 17373 17392 I MicroDataManager: Already initialized, obtaining the hotword data immediately.
04-08 15:24:57.918  1456  1605 W zygote  : kill(-13352, 9) failed: No such process
04-08 15:24:57.931  1456  1605 W zygote  : kill(-13352, 9) failed: No such process
04-08 15:24:57.932  1456  1605 I zygote  : Successfully killed process cgroup uid 11250 pid 13352 in 323ms
04-08 15:24:57.932  1456  1605 W zygote  : kill(-13448, 9) failed: No such process
04-08 15:24:57.932  1456  1605 I zygote  : Successfully killed process cgroup uid 11250 pid 13448 in 0ms
04-08 15:24:57.932  1456  1605 W zygote  : kill(-13031, 9) failed: No such process
04-08 15:24:57.932  1456  1605 I zygote  : Successfully killed process cgroup uid 10036 pid 13031 in 0ms
04-08 15:24:57.934 17373 17475 I MicroRecognitionRunner: Starting detection.
04-08 15:24:57.935 17373 17475 I InputStreamUtils: Using micInputStream
04-08 15:24:57.936 17373  4324 I MicrophoneInputStream: mic_starting  SR : 16000 CC : 16 SO : 1999
04-08 15:24:57.953   788   788 V msm8974_platform: platform_check_input_mask: enter check_input_mask source 6 mask 10
04-08 15:24:57.963  1012 13595 I AudioFlinger: AudioFlinger's thread 0xb2483f00 tid=13595 ready to run
04-08 15:24:57.969   788   788 D audio_hw_primary: in_set_parameters: enter: kvpairs=input_source=6;routing=-2147483644
04-08 15:24:57.971  1012  1301 D APM_AudioPolicyManager: AudioPolicyManager::startInput() input 297918, session 298033, source = 1999
04-08 15:24:57.972 17373  4324 I MicrophoneInputStream: mic_started  SR : 16000 CC : 16 SO : 1999
04-08 15:24:57.981   788 13598 V msm8974_platform: platform_update_usecase_from_source: input source :6
04-08 15:24:57.982   788 13598 V msm8974_platform: platform_check_input_mask: enter check_input_mask source 6 mask 10
04-08 15:24:57.982   788 13598 V msm8974_platform: platform_get_input_snd_device: enter: out_device(0) in_device(0x4) channel_count (1) channel_mask (0x10)
04-08 15:24:57.982   788 13598 V msm8974_platform: platform_get_input_snd_device: exit: in_snd_device(voice-rec-mic)
04-08 15:24:57.982   788 13598 V msm8974_platform: platform_get_backend_index:napb: backend port - 5 device - 120 
04-08 15:24:57.982   788 13598 V msm8974_platform: platform_check_and_set_capture_backend_cfg:txbecf: afe: bitwidth 0, samplerate 0, channel 1, backend_idx 5 usecase = 9 device (voice-rec-mic)
04-08 15:24:57.982   788 13598 V msm8974_platform: platform_check_capture_backend_cfg:txbecf: afe: Codec selected backend: 5 current bit width: 0 and sample rate: 0, channels 1
04-08 15:24:57.982   788 13598 V msm8974_platform: platform_check_capture_backend_cfg:txbecf: afe: Codec selected backend: 5 updated bit width: 0 and sample rate: 0
04-08 15:24:57.982   788 13598 I msm8974_platform: platform_check_capture_backend_cfg:txbecf: afe: Codec backend needs to be updated. new bit width: 0 new sample rate: 0 new channel: 1
04-08 15:24:57.982   788 13598 V msm8974_platform: platform_get_backend_index:napb: backend port - 5 device - 120 
04-08 15:24:57.982   788 13598 V msm8974_platform: platform_set_backend_cfg:becf: afe: bitwidth 0, samplerate 0 channels 1, backend_idx 5 device (voice-rec-mic)
04-08 15:24:57.982   788 13598 E msm8974_platform: platform_set_backend_cfg:becf: afe: Could not get ctl for mixer command - SLIM_0_TX Format
04-08 15:24:57.982   788 13598 V msm8974_platform: platform_send_audio_calibration: sending audio calibration for snd_device(120) acdb_id(62)
04-08 15:24:57.982   788 13598 D ACDB-LOADER: ACDB -> send_audio_cal, acdb_id = 62, path = 1, app id = 0x11130, sample rate = 48000
04-08 15:24:57.982   788 13598 D ACDB-LOADER: ACDB -> send_asm_topology
04-08 15:24:57.982   788 13598 D ACDB-LOADER: ACDB -> ACDB_CMD_GET_AUDPROC_STREAM_TOPOLOGY_ID
04-08 15:24:57.982   788 13598 D ACDB-LOADER: ACDB -> send_adm_topology
04-08 15:24:57.982   788 13598 D ACDB-LOADER: ACDB -> ACDB_CMD_GET_AUDPROC_COMMON_TOPOLOGY_ID
04-08 15:24:57.982   788 13598 D ACDB-LOADER: ACDB -> send_audtable
04-08 15:24:57.982   788 13598 D ACDB-LOADER: ACDB -> ACDB_CMD_GET_AUDPROC_COMMON_TABLE_SIZE
04-08 15:24:57.983   788 13598 D ACDB-LOADER: ACDB -> ACDB_CMD_GET_AUDPROC_COMMON_TABLE
04-08 15:24:57.983   788 13598 D ACDB-LOADER: ACDB -> AUDIO_SET_AUDPROC_CAL
04-08 15:24:57.983   788 13598 D ACDB-LOADER: ACDB -> send_audvoltable
04-08 15:24:57.983   788 13598 D ACDB-LOADER: ACDB -> ACDB_CMD_GET_AUDPROC_VOL_STEP_TABLE_SIZE
04-08 15:24:57.983   788 13598 D ACDB-LOADER: ACDB -> ACDB_CMD_GET_AUDPROC_GAIN_DEP_STEP_TABLE, vol index 0
04-08 15:24:57.983   788 13598 D         : Failed to fetch the lookup information of the device 0000003E 
04-08 15:24:57.983   788 13598 D ACDB-LOADER: ACDB -> AUDIO_SET_VOL_CAL cal type = 12
04-08 15:24:57.983   788 13598 D ACDB-LOADER: ACDB -> ACDB_CMD_GET_AUDPROC_STREAM_TABLE_SIZE
04-08 15:24:57.983   788 13598 D ACDB-LOADER: ACDB -> send_audstrmtable
04-08 15:24:57.983   788 13598 D ACDB-LOADER: ACDB -> ACDB_CMD_GET_AUDPROC_STREAM_TABLE_V2
04-08 15:24:57.983   788 13598 D ACDB-LOADER: ACDB -> audstrm_cal->cal_type.cal_data.cal_size = 456
04-08 15:24:57.983   788 13598 D ACDB-LOADER: ACDB -> send_afe_topology
04-08 15:24:57.983   788 13598 D ACDB-LOADER: ACDB -> ACDB_CMD_GET_AFE_TOPOLOGY_ID
04-08 15:24:57.983   788 13598 D ACDB-LOADER: ACDB -> GET_AFE_TOPOLOGY_ID for adcd_id 62, Topology Id 112fb
04-08 15:24:57.983   788 13598 D ACDB-LOADER: ACDB -> send_afe_cal
04-08 15:24:57.983   788 13598 D ACDB-LOADER: ACDB -> ACDB_CMD_GET_AFE_COMMON_TABLE_SIZE
04-08 15:24:57.983   788 13598 D         : Failed to fetch the lookup information of the device 0000003E 
04-08 15:24:57.983   788 13598 E ACDB-LOADER: Error: ACDB_CMD_GET_AFE_COMMON_TABLE_SIZE Returned = -19
04-08 15:24:57.983   788 13598 D ACDB-LOADER: ACDB -> ACDB_CMD_GET_AFE_COMMON_TABLE
04-08 15:24:57.983   788 13598 D         : Failed to fetch the lookup information of the device 0000003E 
04-08 15:24:57.983   788 13598 D ACDB-LOADER: ACDB -> AUDIO_SET_AFE_CAL
04-08 15:24:57.983   788 13598 D ACDB-LOADER: ACDB -> send_hw_delay : acdb_id = 62 path = 1
04-08 15:24:57.983   788 13598 D ACDB-LOADER: ACDB -> ACDB_AVSYNC_INFO: ACDB_CMD_GET_DEVICE_PROPERTY
04-08 15:24:57.983   788 13598 D audio_hw_primary: enable_snd_device: snd_device(120: voice-rec-mic)
04-08 15:24:57.983   788 13598 D audio_route: Apply path: voice-rec-mic
04-08 15:24:57.986   788 13598 V msm8974_platform: platform_get_snd_device_backend_index: enter with device 120
04-08 15:24:57.986   788 13598 E msm8974_platform: platform_get_snd_device_backend_index: BE DAI Name Table is not present
04-08 15:24:57.986   788 13598 V msm8974_platform: platform_get_backend_index:napb: backend port - 5 device - 120 
04-08 15:24:57.986   788 13598 I audio_hw_utils: Set Audio Stream Capture 0 App Type Cfg: app_type 69936, acdb_dev_id 62, sample_rate 48000, snd_device_be_idx -14
04-08 15:24:57.987   788 13598 D audio_hw_primary: enable_audio_route: usecase(9) apply and update mixer path: audio-record
04-08 15:24:57.987   788 13598 D audio_route: Apply path: audio-record
04-08 15:24:58.061 17373 17428 I MicroDetectionWorker: onReady
--------- beginning of system
04-08 15:24:58.135  1456  2401 I ActivityManager: START u0 {act=android.intent.action.MAIN cat=[android.intent.category.LAUNCHER] flg=0x10000000 cmp=org.mozilla.fennec_aurora/.App} from uid 2000
04-08 15:24:58.135   794   839 E ANDR-PERF-RESOURCEQS: Failed to apply optimization [4, 0]
04-08 15:24:58.154  1456  2162 I ActivityManager: Start proc 13605:org.mozilla.fennec_aurora/u0a1250 for activity org.mozilla.fennec_aurora/.App
04-08 15:24:58.176   808   808 I SFPerfTracer:      triggers: (rate: 83:2026381) (compose: 0:7) (post: 0:19) (render: 0:17) (17:10415864 frames) (18:13130981)
04-08 15:24:58.176   808   808 D SFPerfTracer:        layers: (4:13) (NavigationBar#0 (0xb07df000): 10:977643) (StatusBar#0 (0xb07e3000): 10:2260685) (com.android.systemui.ImageWallpaper#0 (0xb07e7000): 1:90805) (Sprite#0 (0xb0733000): 0:317)* (DimLayerController/Stack=0#0 (0xb075a000): 0:3866)* (Sprite#1 (0xb077c000): 0:195)* (com.android.launcher3/com.android.launcher3.CustomizationPanelLauncher#0 (0xb0763000): 0:40)- (com.android.launcher3/com.android.launcher3.CustomizationPanelLauncher#1 (0xb0771000): 0:10)- (Splash Screen org.mozilla.fennec_aurora#0 (0xb039b000): 0:13)- (Splash Screen org.mozilla.fennec_aurora#1 (0xb013a000): 0:26)- (org.mozilla.fennec_aurora/org.mozilla.fenix.HomeActivity#0 (0xb039b000): 0:57)- (com.android.launcher3/com.android.launcher3.CustomizationPanelLauncher#0 (0xb0763000): 16:22)* (com.android.launcher3/com.android.launcher3.CustomizationPanelLauncher#1 (0xb0771000): 2:4) 
04-08 15:24:58.244 17373 17428 I MicroDetectionState: Should stop hotword detection immediately - false
04-08 15:24:58.244 17373 17428 I MicroDetector: Keeping mic open: false
04-08 15:24:58.244 17373 17402 E DeviceStateChecker: DeviceStateChecker cancelled
04-08 15:24:58.244 17373 17428 I RecognitionAudioControl: #shutdownAudio [requestId: -6297101381167660554, keepAudioOpen: false, forced: true]
04-08 15:24:58.244 17373 17428 I RecognitionAudioControl: #internalShutdownAudio [requestId: -6297101381167660554]
04-08 15:24:58.244 17373 17428 I RecognitionAudioControl: #internalShutdownAudio [keepAudioOpen: false, forced: true]
04-08 15:24:58.244 17373 17428 I RecognitionAudioControl: #actualShutdownAudio
04-08 15:24:58.244 17373 17428 I AudioController: #shutdown [requestId=-6297101381167660554]
04-08 15:24:58.245 17373 17426 I AudioController: internalShutdown
04-08 15:24:58.245 17373 17396 I MicroRecognitionRunner: Stopping hotword detection.
04-08 15:24:58.302   788   788 D audio_hw_primary: disable_audio_route: usecase(9) reset and update mixer path: audio-record
04-08 15:24:58.303   788   788 D audio_hw_primary: disable_snd_device: snd_device(120: voice-rec-mic)
04-08 15:24:58.304  1012  1301 D APM_AudioPolicyManager: stopInput() input 297918, session 298033
04-08 15:24:58.305   788   788 D audio_hw_primary: in_set_parameters: enter: kvpairs=routing=0
04-08 15:24:58.307 17373 17426 I MicrophoneInputStream: mic_close  SR : 16000 CC : 16 SO : 1999
04-08 15:24:58.308 17373 17426 E AudioSource: Stop listening is called on already closed AudioSource
04-08 15:24:58.309 17373 17475 I MicroRecognitionRunner: Detection finished
04-08 15:24:58.316 13605 13605 I chatty  : uid=11250(org.mozilla.fennec_aurora) expire 66 lines
04-08 15:24:58.394 13605 13624 I chatty  : uid=11250(org.mozilla.fennec_aurora) expire 4 lines
04-08 15:24:58.411  1456  2915 D ConnectivityService: requestNetwork for uid/pid:11250/13605 NetworkRequest [ TRACK_DEFAULT id=37187, [ Capabilities: INTERNET&NOT_RESTRICTED&TRUSTED&NOT_VPN] ]
04-08 15:24:58.413  1456  2054 D WIFI_UT : got request NetworkRequest [ TRACK_DEFAULT id=37187, [ Capabilities: INTERNET&NOT_RESTRICTED&TRUSTED&NOT_VPN] ] with score 0
04-08 15:24:58.413  1456  2099 D Ethernet: got request NetworkRequest [ TRACK_DEFAULT id=37187, [ Capabilities: INTERNET&NOT_RESTRICTED&TRUSTED&NOT_VPN] ] with score 0
04-08 15:24:58.413  1456  2054 D WIFI    : got request NetworkRequest [ TRACK_DEFAULT id=37187, [ Capabilities: INTERNET&NOT_RESTRICTED&TRUSTED&NOT_VPN] ] with score 0
04-08 15:24:58.413  2398  2398 D PhoneSwitcherNetworkRequstListener: got request NetworkRequest [ TRACK_DEFAULT id=37187, [ Capabilities: INTERNET&NOT_RESTRICTED&TRUSTED&NOT_VPN] ] with score 0
04-08 15:24:58.426 13605 13635 I chatty  : uid=11250(org.mozilla.fennec_aurora) expire 16 lines
04-08 15:24:58.443 13605 13634 I chatty  : uid=11250(org.mozilla.fennec_aurora) expire 23 lines
04-08 15:24:58.472   808   898 I SFPerfTracer:      triggers: (rate: 0:1) (0 sw vsyncs) (0 skipped) (45:6365479 vsyncs) (47:13233631)
04-08 15:24:58.484 13605 13641 I chatty  : uid=11250(org.mozilla.fennec_aurora) expire 29 lines
04-08 15:24:58.572 13605 13646 I chatty  : uid=11250(org.mozilla.fennec_aurora) expire 1 line
04-08 15:24:58.575 13605 13650 I chatty  : uid=11250(org.mozilla.fennec_aurora) expire 10 lines
04-08 15:24:58.621  1456  2923 I ActivityManager: START u0 {act=android.intent.action.MAIN cat=[android.intent.category.LAUNCHER] flg=0x10000000 cmp=org.mozilla.fennec_aurora/org.mozilla.fenix.HomeActivity (has extras)} from uid 11250
04-08 15:24:58.639 13605 13610 I chatty  : uid=11250(org.mozilla.fennec_aurora) expire 13 lines
04-08 15:24:58.644   808   808 D SurfaceFlinger: duplicate layer name: changing Splash Screen org.mozilla.fennec_aurora to Splash Screen org.mozilla.fennec_aurora#1
04-08 15:24:58.980 13605 13680 I chatty  : uid=11250(org.mozilla.fennec_aurora) expire 1 line
04-08 15:24:58.995  1456  2923 I ActivityManager: Start proc 13690:org.mozilla.fennec_aurora:tab/u0a1250 for service org.mozilla.fennec_aurora/org.mozilla.gecko.process.GeckoChildProcessServices$tab
04-08 15:24:59.126 13690 13690 I chatty  : uid=11250(org.mozilla.fennec_aurora) expire 2 lines
04-08 15:24:59.126 13690 13708 I chatty  : uid=11250(org.mozilla.fennec_aurora) expire 1 line
04-08 15:24:59.533 13605 13714 I chatty  : uid=11250(org.mozilla.fennec_aurora) expire 9 lines
04-08 15:24:59.992 13605 13728 I chatty  : uid=11250(org.mozilla.fennec_aurora) expire 2 lines
04-08 15:25:00.116  1456  1673 I LaunchCheckinHandler: Displayed org.mozilla.fennec_aurora/org.mozilla.fenix.HomeActivity,wp,ca,1414
04-08 15:25:00.116  1456  1673 I ActivityManager: Displayed org.mozilla.fennec_aurora/org.mozilla.fenix.HomeActivity: +1s410ms (total +1s969ms)
04-08 15:25:00.135  2748  2917 W OpenGLRenderer: Incorrectly called buildLayer on View: ShortcutAndWidgetContainer, destroying layer...
04-08 15:25:00.140 17373 17373 I MemoryTrimmer: Trimming objects from memory, since app is in the background.
04-08 15:25:00.149 17373 17373 I MemoryTrimmer: Trimming objects from memory, since app is in the background.
04-08 15:25:00.150 17373  4324 I PBSessionCacheImpl: Deleted sessionId[76408848338798732] from persistence.
04-08 15:25:00.154  1456  5797 I WifiService: getWifiEnabledState uid=10073
04-08 15:25:00.155 17373 17428 I DEBUG   : OpaToSrpTransitionState#onStateChanged#notNullQuery
04-08 15:25:00.156 17373 17428 I DEBUG   : OpaToSrpTransitionState#onStateChanged#notNullQuery
04-08 15:25:00.157 17373 17428 W SearchServiceCore: Abort, client detached.
04-08 15:25:00.170  1023 13735 D libc    : Internal error: netid(0), id(0x4558), server(0.0.0.0)
04-08 15:25:00.170  1023 13735 D libc    : Internal error: netid(0), id(0x4558), server(0.0.0.0)
04-08 15:25:00.171  1023 13735 D libc    : Internal error: netid(0), id(0xd4f), server(0.0.0.0)
04-08 15:25:00.171  1023 13735 D libc    : Internal error: netid(0), id(0xd4f), server(0.0.0.0)
04-08 15:25:00.184  1023 13741 D libc    : Internal error: netid(0), id(0xc072), server(0.0.0.0)
04-08 15:25:00.184  1023 13741 D libc    : Internal error: netid(0), id(0xc072), server(0.0.0.0)
04-08 15:25:00.184  1023 13741 D libc    : Internal error: netid(0), id(0x4814), server(0.0.0.0)
04-08 15:25:00.184  1023 13741 D libc    : Internal error: netid(0), id(0x4814), server(0.0.0.0)
04-08 15:25:00.187  1023 13743 D libc    : Internal error: netid(0), id(0xf53), server(0.0.0.0)
04-08 15:25:00.187  1023 13743 D libc    : Internal error: netid(0), id(0xf53), server(0.0.0.0)
04-08 15:25:00.188  1023 13743 D libc    : Internal error: netid(0), id(0xc84c), server(0.0.0.0)
04-08 15:25:00.188  1023 13743 D libc    : Internal error: netid(0), id(0xc84c), server(0.0.0.0)
04-08 15:25:00.191  1023 13747 D libc    : Internal error: netid(0), id(0x2d2e), server(0.0.0.0)
04-08 15:25:00.191  1023 13747 D libc    : Internal error: netid(0), id(0x2d2e), server(0.0.0.0)
04-08 15:25:00.191  1023 13747 D libc    : Internal error: netid(0), id(0x8234), server(0.0.0.0)
04-08 15:25:00.192  1023 13747 D libc    : Internal error: netid(0), id(0x8234), server(0.0.0.0)
04-08 15:25:00.213 13605 13652 I chatty  : uid=11250(org.mozilla.fennec_aurora) expire 2 lines
04-08 15:25:00.214 13605 13656 I chatty  : uid=11250(org.mozilla.fennec_aurora) expire 2 lines
04-08 15:25:00.582  1456  5797 I ActivityManager: Fully drawn org.mozilla.fennec_aurora/org.mozilla.fenix.HomeActivity: +1s879ms (total +2s438ms)
04-08 15:25:00.637 13605 13795 I chatty  : uid=11250(org.mozilla.fennec_aurora) expire 4 lines
04-08 15:25:00.637 13605 13796 I chatty  : uid=11250(org.mozilla.fennec_aurora) expire 2 lines
04-08 15:25:00.638 13605 13797 I chatty  : uid=11250(org.mozilla.fennec_aurora) expire 3 lines
04-08 15:25:03.787 13811 13811 D AndroidRuntime: >>>>>> START com.android.internal.os.RuntimeInit uid 2000 <<<<<<
04-08 15:25:03.800 13811 13811 W app_process: Could not reserve sentinel fault page
04-08 15:25:03.967 13811 13811 I app_process: The ClassLoaderContext is a special shared library.
04-08 15:25:04.033 13811 13811 D AndroidRuntime: Calling main entry com.android.commands.input.Input
04-08 15:25:04.039 13811 13811 I Input   : injectKeyEvent: KeyEvent { action=ACTION_DOWN, keyCode=KEYCODE_HOME, scanCode=0, metaState=0, flags=0x0, repeatCount=0, eventTime=18449959314, downTime=18449959314, deviceId=-1, source=0x101 }
04-08 15:25:04.045 13811 13811 I Input   : injectKeyEvent: KeyEvent { action=ACTION_UP, keyCode=KEYCODE_HOME, scanCode=0, metaState=0, flags=0x0, repeatCount=0, eventTime=18449959314, downTime=18449959314, deviceId=-1, source=0x101 }
04-08 15:25:04.052  1456  1941 I ActivityManager: START u0 {act=android.intent.action.MAIN cat=[android.intent.category.HOME] flg=0x10200000 cmp=com.android.launcher3/.CustomizationPanelLauncher (has extras)} from uid 1000
04-08 15:25:04.053   794   839 E ANDR-PERF-RESOURCEQS: Failed to apply optimization [4, 0]
04-08 15:25:04.064  1456  1941 I ActivityManager: moveHomeStack, setupComplete:true
04-08 15:25:04.067 13811 13811 D AndroidRuntime: Shutting down VM
04-08 15:25:04.075 17373 17422 I Adreno  : QUALCOMM build                   : bb5b86c, I77d3059488
04-08 15:25:04.075 17373 17422 I Adreno  : Build Date                       : 06/07/18
04-08 15:25:04.075 17373 17422 I Adreno  : OpenGL ES Shader Compiler Version: EV031.22.00.01_06
04-08 15:25:04.075 17373 17422 I Adreno  : Local Branch                     : 
04-08 15:25:04.075 17373 17422 I Adreno  : Remote Branch                    : refs/tags/AU_LINUX_ANDROID_LA.UM.6.5.R1.08.01.00.312.086
04-08 15:25:04.075 17373 17422 I Adreno  : Remote Branch                    : NONE
04-08 15:25:04.075 17373 17422 I Adreno  : Reconstruct Branch               : NOTHING
04-08 15:25:04.079 17373 17422 D vndksupport: Loading /vendor/lib/hw/gralloc.msm8937.so from current namespace instead of sphal namespace.
04-08 15:25:04.083 17373 17422 I Adreno  : PFP: 0x005ff087, ME: 0x005ff063
04-08 15:25:04.087 17373 17422 I zygote  : android::hardware::configstore::V1_0::ISurfaceFlingerConfigs::hasWideColorDisplay retrieved: 0
04-08 15:25:04.088 17373 17422 I OpenGLRenderer: Initialized EGL, version 1.4
04-08 15:25:04.088 17373 17422 D OpenGLRenderer: Swap behavior 2
04-08 15:25:04.092  2748  2748 D Launcher.Utilities: Wakeup weather: Intent { act=com.motorola.launcher3.action.WAKEUP_WEATHER cmp=com.motorola.timeweatherwidget/com.motorola.commandcenter.weather.WakeUpService }
04-08 15:25:04.108  1456  1456 I NotificationService: Cannot find enqueued record for key: 0|com.motorola.timeweatherwidget|1|null|10116
04-08 15:25:04.113   808   808 D SurfaceFlinger: duplicate layer name: changing com.android.launcher3/com.android.launcher3.CustomizationPanelLauncher to com.android.launcher3/com.android.launcher3.CustomizationPanelLauncher#1
04-08 15:25:04.128 17373 17398 W ThreadPoolDumper: Queue length for executor EventBus is now 11. Perhaps some tasks are too long, or the pool is too small.
04-08 15:25:04.130  1456  5797 I WifiService: getWifiEnabledState uid=10073
04-08 15:25:04.141  1456  5797 I WifiService: getWifiEnabledState uid=10073
04-08 15:25:04.150 17373 17428 I DEBUG   : OpaToSrpTransitionState#onStateChanged#notNullQuery
04-08 15:25:04.151 17373 17428 I DEBUG   : OpaToSrpTransitionState#onStateChanged#notNullQuery
04-08 15:25:04.166 17373 17428 I MicroDetectionState: Should stop hotword detection immediately - false
04-08 15:25:04.170 17373 17428 I MicroDetectionWorker: #startMicroDetector [speakerMode: 0]
04-08 15:25:04.172 17373 17428 I AudioController: Created new AudioSource
04-08 15:25:04.175 17373 17395 I MicroDataManager: isInitializedWithLatestParams-true
04-08 15:25:04.175 17373 17395 I MicroDataManager: isInitializing-false locale not changed-true model not changed-true
04-08 15:25:04.176 17373 17395 I MicroDataManager: Already initialized, obtaining the hotword data immediately.
04-08 15:25:04.191 17373 17402 I MicroRecognitionRunner: Starting detection.
04-08 15:25:04.192 17373 17402 I InputStreamUtils: Using micInputStream
04-08 15:25:04.192 17373  5221 I MicrophoneInputStream: mic_starting  SR : 16000 CC : 16 SO : 1999
04-08 15:25:04.195   788   788 V msm8974_platform: platform_check_input_mask: enter check_input_mask source 6 mask 10
04-08 15:25:04.197  1012 13825 I AudioFlinger: AudioFlinger's thread 0xb2483b00 tid=13825 ready to run
04-08 15:25:04.202   788   788 D audio_hw_primary: in_set_parameters: enter: kvpairs=input_source=6;routing=-2147483644
04-08 15:25:04.203  1012  1301 D APM_AudioPolicyManager: AudioPolicyManager::startInput() input 297926, session 298041, source = 1999
04-08 15:25:04.204 17373  5221 I MicrophoneInputStream: mic_started  SR : 16000 CC : 16 SO : 1999
04-08 15:25:04.205   788 13826 V msm8974_platform: platform_update_usecase_from_source: input source :6
04-08 15:25:04.205   788 13826 V msm8974_platform: platform_check_input_mask: enter check_input_mask source 6 mask 10
04-08 15:25:04.205   788 13826 V msm8974_platform: platform_get_input_snd_device: enter: out_device(0) in_device(0x4) channel_count (1) channel_mask (0x10)
04-08 15:25:04.205   788 13826 V msm8974_platform: platform_get_input_snd_device: exit: in_snd_device(voice-rec-mic)
04-08 15:25:04.205   788 13826 V msm8974_platform: platform_get_backend_index:napb: backend port - 5 device - 120 
04-08 15:25:04.205   788 13826 V msm8974_platform: platform_check_and_set_capture_backend_cfg:txbecf: afe: bitwidth 0, samplerate 0, channel 1, backend_idx 5 usecase = 9 device (voice-rec-mic)
04-08 15:25:04.205   788 13826 V msm8974_platform: platform_check_capture_backend_cfg:txbecf: afe: Codec selected backend: 5 current bit width: 0 and sample rate: 0, channels 1
04-08 15:25:04.205   788 13826 V msm8974_platform: platform_check_capture_backend_cfg:txbecf: afe: Codec selected backend: 5 updated bit width: 0 and sample rate: 0
04-08 15:25:04.205   788 13826 I msm8974_platform: platform_check_capture_backend_cfg:txbecf: afe: Codec backend needs to be updated. new bit width: 0 new sample rate: 0 new channel: 1
04-08 15:25:04.205   788 13826 V msm8974_platform: platform_get_backend_index:napb: backend port - 5 device - 120 
04-08 15:25:04.205   788 13826 V msm8974_platform: platform_set_backend_cfg:becf: afe: bitwidth 0, samplerate 0 channels 1, backend_idx 5 device (voice-rec-mic)
04-08 15:25:04.205   788 13826 E msm8974_platform: platform_set_backend_cfg:becf: afe: Could not get ctl for mixer command - SLIM_0_TX Format
04-08 15:25:04.205   788 13826 V msm8974_platform: platform_send_audio_calibration: sending audio calibration for snd_device(120) acdb_id(62)
04-08 15:25:04.206   788 13826 D ACDB-LOADER: ACDB -> send_audio_cal, acdb_id = 62, path = 1, app id = 0x11130, sample rate = 48000
04-08 15:25:04.206   788 13826 D ACDB-LOADER: ACDB -> send_asm_topology
04-08 15:25:04.206   788 13826 D ACDB-LOADER: ACDB -> ACDB_CMD_GET_AUDPROC_STREAM_TOPOLOGY_ID
04-08 15:25:04.206   788 13826 D ACDB-LOADER: ACDB -> send_adm_topology
04-08 15:25:04.206   788 13826 D ACDB-LOADER: ACDB -> ACDB_CMD_GET_AUDPROC_COMMON_TOPOLOGY_ID
04-08 15:25:04.206   788 13826 D ACDB-LOADER: ACDB -> send_audtable
04-08 15:25:04.206   788 13826 D ACDB-LOADER: ACDB -> ACDB_CMD_GET_AUDPROC_COMMON_TABLE_SIZE
04-08 15:25:04.206   788 13826 D ACDB-LOADER: ACDB -> ACDB_CMD_GET_AUDPROC_COMMON_TABLE
04-08 15:25:04.206   788 13826 D ACDB-LOADER: ACDB -> AUDIO_SET_AUDPROC_CAL
04-08 15:25:04.206   788 13826 D ACDB-LOADER: ACDB -> send_audvoltable
04-08 15:25:04.206   788 13826 D ACDB-LOADER: ACDB -> ACDB_CMD_GET_AUDPROC_VOL_STEP_TABLE_SIZE
04-08 15:25:04.206   788 13826 D ACDB-LOADER: ACDB -> ACDB_CMD_GET_AUDPROC_GAIN_DEP_STEP_TABLE, vol index 0
04-08 15:25:04.206   788 13826 D         : Failed to fetch the lookup information of the device 0000003E 
04-08 15:25:04.206   788 13826 D ACDB-LOADER: ACDB -> AUDIO_SET_VOL_CAL cal type = 12
04-08 15:25:04.206   788 13826 D ACDB-LOADER: ACDB -> ACDB_CMD_GET_AUDPROC_STREAM_TABLE_SIZE
04-08 15:25:04.206   788 13826 D ACDB-LOADER: ACDB -> send_audstrmtable
04-08 15:25:04.206   788 13826 D ACDB-LOADER: ACDB -> ACDB_CMD_GET_AUDPROC_STREAM_TABLE_V2
04-08 15:25:04.206   788 13826 D ACDB-LOADER: ACDB -> audstrm_cal->cal_type.cal_data.cal_size = 456
04-08 15:25:04.206   788 13826 D ACDB-LOADER: ACDB -> send_afe_topology
04-08 15:25:04.206   788 13826 D ACDB-LOADER: ACDB -> ACDB_CMD_GET_AFE_TOPOLOGY_ID
04-08 15:25:04.206   788 13826 D ACDB-LOADER: ACDB -> GET_AFE_TOPOLOGY_ID for adcd_id 62, Topology Id 112fb
04-08 15:25:04.206   788 13826 D ACDB-LOADER: ACDB -> send_afe_cal
04-08 15:25:04.206   788 13826 D ACDB-LOADER: ACDB -> ACDB_CMD_GET_AFE_COMMON_TABLE_SIZE
04-08 15:25:04.206   788 13826 D         : Failed to fetch the lookup information of the device 0000003E 
04-08 15:25:04.207   788 13826 E ACDB-LOADER: Error: ACDB_CMD_GET_AFE_COMMON_TABLE_SIZE Returned = -19
04-08 15:25:04.207   788 13826 D ACDB-LOADER: ACDB -> ACDB_CMD_GET_AFE_COMMON_TABLE
04-08 15:25:04.207   788 13826 D         : Failed to fetch the lookup information of the device 0000003E 
04-08 15:25:04.207   788 13826 D ACDB-LOADER: ACDB -> AUDIO_SET_AFE_CAL
04-08 15:25:04.207   788 13826 D ACDB-LOADER: ACDB -> send_hw_delay : acdb_id = 62 path = 1
04-08 15:25:04.207   788 13826 D ACDB-LOADER: ACDB -> ACDB_AVSYNC_INFO: ACDB_CMD_GET_DEVICE_PROPERTY
04-08 15:25:04.207   788 13826 D audio_hw_primary: enable_snd_device: snd_device(120: voice-rec-mic)
04-08 15:25:04.207   788 13826 D audio_route: Apply path: voice-rec-mic
04-08 15:25:04.210   788 13826 V msm8974_platform: platform_get_snd_device_backend_index: enter with device 120
04-08 15:25:04.210   788 13826 E msm8974_platform: platform_get_snd_device_backend_index: BE DAI Name Table is not present
04-08 15:25:04.210   788 13826 V msm8974_platform: platform_get_backend_index:napb: backend port - 5 device - 120 
04-08 15:25:04.210   788 13826 I audio_hw_utils: Set Audio Stream Capture 0 App Type Cfg: app_type 69936, acdb_dev_id 62, sample_rate 48000, snd_device_be_idx -14
04-08 15:25:04.210   788 13826 D audio_hw_primary: enable_audio_route: usecase(9) apply and update mixer path: audio-record
04-08 15:25:04.210   788 13826 D audio_route: Apply path: audio-record
04-08 15:25:04.225  1456  1673 I LaunchCheckinHandler: Displayed com.android.launcher3/.CustomizationPanelLauncher,wp,wa,173
04-08 15:25:04.280 17373 17428 I MicroDetectionWorker: onReady
04-08 15:25:04.383  2146  2165 I zygote  : NativeAlloc concurrent copying GC freed 20047(1082KB) AllocSpace objects, 0(0B) LOS objects, 49% free, 9MB/19MB, paused 135us total 138.932ms
04-08 15:25:04.424   808   808 I SFPerfTracer:      triggers: (rate: 83:2026387) (compose: 0:7) (post: 0:19) (render: 0:17) (11:10415949 frames) (12:13131087)
04-08 15:25:04.424   808   808 D SFPerfTracer:        layers: (5:13) (NavigationBar#0 (0xb07df000): 11:977665) (StatusBar#0 (0xb07e3000): 9:2260710) (com.android.systemui.ImageWallpaper#0 (0xb07e7000): 2:90808) (Sprite#0 (0xb0733000): 0:317)* (DimLayerController/Stack=0#0 (0xb075a000): 0:3866)* (Sprite#1 (0xb077c000): 0:195)* (com.android.launcher3/com.android.launcher3.CustomizationPanelLauncher#0 (0xb0763000): 0:25)- (com.android.launcher3/com.android.launcher3.CustomizationPanelLauncher#1 (0xb0771000): 0:5)- (Splash Screen org.mozilla.fennec_aurora#0 (0xb039b000): 0:12)- (Splash Screen org.mozilla.fennec_aurora#1 (0xb013a000): 0:26)- (org.mozilla.fennec_aurora/org.mozilla.fenix.HomeActivity#0 (0xb039b000): 12:59) (com.android.launcher3/com.android.launcher3.CustomizationPanelLauncher#0 (0xb0763000): 12:16)* (com.android.launcher3/com.android.launcher3.CustomizationPanelLauncher#1 (0xb0771000): 2:5) 
04-08 15:25:04.628  1456  7796 I OpenGLRenderer: Initialized EGL, version 1.4
04-08 15:25:04.629  1456  7796 D OpenGLRenderer: Swap behavior 2
04-08 15:25:04.660  2748  2917 W OpenGLRenderer: Incorrectly called buildLayer on View: ShortcutAndWidgetContainer, destroying layer...
04-08 15:25:04.805   808   898 I SFPerfTracer:      triggers: (rate: 0:1) (0 sw vsyncs) (0 skipped) (38:6365570 vsyncs) (40:13233744)
04-08 15:25:04.895 13605 13718 I chatty  : uid=11250(org.mozilla.fennec_aurora) expire 1 line
04-08 15:25:04.996  1456  1466 I zygote  : NativeAlloc concurrent copying GC freed 20061(1278KB) AllocSpace objects, 18(616KB) LOS objects, 36% free, 41MB/65MB, paused 153us total 367.761ms
04-08 15:25:09.231  1456  5797 I ActivityManager: Force stopping org.mozilla.fennec_aurora appid=11250 user=0: from pid 13829
04-08 15:25:09.232  1456  5797 I ActivityManager: Killing 13605:org.mozilla.fennec_aurora/u0a1250 (adj 700): stop org.mozilla.fennec_aurora
04-08 15:25:09.234  1456  1605 W zygote  : kill(-13605, 9) failed: No such process
04-08 15:25:09.236  1456  5797 W ActivityManager: Force removing ActivityRecord{376b206 u0 org.mozilla.fennec_aurora/org.mozilla.fenix.HomeActivity t59888}: app died, no saved state
04-08 15:25:09.244  1456  5797 I ActivityManager: Killing 13690:org.mozilla.fennec_aurora:tab/u0a1250 (adj 0): stop org.mozilla.fennec_aurora
04-08 15:25:09.250  1456  1605 W zygote  : kill(-13605, 9) failed: No such process
04-08 15:25:09.257  2398  2398 D CarrierSvcBindHelper: No carrier app for: 0
04-08 15:25:09.258  2398  2398 D CarrierSvcBindHelper: No carrier app for: 1
04-08 15:25:09.265  1456  1605 W zygote  : kill(-13605, 9) failed: No such process
04-08 15:25:09.305  1456  1605 I chatty  : uid=1000(system) ActivityManager identical 3 lines
04-08 15:25:09.311  1456  6339 D ConnectivityService: ConnectivityService NetworkRequestInfo binderDied(NetworkRequest [ TRACK_DEFAULT id=37187, [ Capabilities: INTERNET&NOT_RESTRICTED&TRUSTED&NOT_VPN] ], android.os.BinderProxy@d9d82fa)
04-08 15:25:09.311  1456  2067 D ConnectivityService: releasing NetworkRequest [ TRACK_DEFAULT id=37187, [ Capabilities: INTERNET&NOT_RESTRICTED&TRUSTED&NOT_VPN] ] (release request)
04-08 15:25:09.311  1456  1673 W ActivityManager: setHasOverlayUi called on unknown pid: 13605
04-08 15:25:09.320  1456  1605 W zygote  : kill(-13605, 9) failed: No such process
04-08 15:25:09.321  1456  1605 I zygote  : Successfully killed process cgroup uid 11250 pid 13605 in 86ms
04-08 15:25:09.321  1456  1605 W zygote  : kill(-13690, 9) failed: No such process
04-08 15:25:09.321  1456  1605 I zygote  : Successfully killed process cgroup uid 11250 pid 13690 in 0ms
04-08 15:25:09.352  1456  2923 I ActivityManager: START u0 {act=android.intent.action.MAIN cat=[android.intent.category.LAUNCHER] flg=0x10000000 cmp=org.mozilla.fennec_aurora/.App} from uid 2000
04-08 15:25:09.354   794   839 E ANDR-PERF-RESOURCEQS: Failed to apply optimization [4, 0]
04-08 15:25:09.372  1456  2204 I ActivityManager: Start proc 13836:org.mozilla.fennec_aurora/u0a1250 for activity org.mozilla.fennec_aurora/.App
04-08 15:25:09.460 17373 17428 I MicroDetectionState: Should stop hotword detection immediately - false
04-08 15:25:09.460 17373 17428 I MicroDetector: Keeping mic open: false
04-08 15:25:09.460 17373 17475 E DeviceStateChecker: DeviceStateChecker cancelled
04-08 15:25:09.460 17373 17428 I RecognitionAudioControl: #shutdownAudio [requestId: -1232676958523154070, keepAudioOpen: false, forced: true]
04-08 15:25:09.460 17373 17428 I RecognitionAudioControl: #internalShutdownAudio [requestId: -1232676958523154070]
04-08 15:25:09.460 17373 17428 I RecognitionAudioControl: #internalShutdownAudio [keepAudioOpen: false, forced: true]
04-08 15:25:09.460 17373 17428 I RecognitionAudioControl: #actualShutdownAudio
04-08 15:25:09.461 17373 17428 I AudioController: #shutdown [requestId=-1232676958523154070]
04-08 15:25:09.461 17373 17392 I AudioController: internalShutdown
04-08 15:25:09.461 17373 17424 I MicroRecognitionRunner: Stopping hotword detection.
04-08 15:25:09.520   788   788 D audio_hw_primary: disable_audio_route: usecase(9) reset and update mixer path: audio-record
04-08 15:25:09.521   788   788 D audio_hw_primary: disable_snd_device: snd_device(120: voice-rec-mic)
04-08 15:25:09.523  1012  1301 D APM_AudioPolicyManager: stopInput() input 297926, session 298041
04-08 15:25:09.523   788  1479 D audio_hw_primary: in_set_parameters: enter: kvpairs=routing=0
04-08 15:25:09.525 17373 17392 I MicrophoneInputStream: mic_close  SR : 16000 CC : 16 SO : 1999
04-08 15:25:09.525 17373 17392 E AudioSource: Stop listening is called on already closed AudioSource
04-08 15:25:09.527 17373 17402 I MicroRecognitionRunner: Detection finished
04-08 15:25:09.532 13836 13836 I chatty  : uid=11250(org.mozilla.fennec_aurora) expire 24 lines
04-08 15:25:09.605 13836 13856 I chatty  : uid=11250(org.mozilla.fennec_aurora) expire 4 lines
04-08 15:25:09.628 13836 13864 I chatty  : uid=11250(org.mozilla.fennec_aurora) expire 13 lines
04-08 15:25:09.646 13836 13863 I chatty  : uid=11250(org.mozilla.fennec_aurora) expire 11 lines
04-08 15:25:09.681 13836 13870 I chatty  : uid=11250(org.mozilla.fennec_aurora) expire 11 lines
04-08 15:25:09.769 13836 13875 I chatty  : uid=11250(org.mozilla.fennec_aurora) expire 1 line
04-08 15:25:09.773 13836 13881 I chatty  : uid=11250(org.mozilla.fennec_aurora) expire 10 lines
04-08 15:25:09.786 13836 13836 I chatty  : uid=11250(org.mozilla.fennec_aurora) expire 42 lines
04-08 15:25:09.798 13836 13870 I chatty  : uid=11250(org.mozilla.fennec_aurora) expire 18 lines
04-08 15:25:09.818  1456  1471 I ActivityManager: START u0 {act=android.intent.action.MAIN cat=[android.intent.category.LAUNCHER] flg=0x10000000 cmp=org.mozilla.fennec_aurora/org.mozilla.fenix.HomeActivity (has extras)} from uid 11250
04-08 15:25:09.837   808   808 D SurfaceFlinger: duplicate layer name: changing Splash Screen org.mozilla.fennec_aurora to Splash Screen org.mozilla.fennec_aurora#1
04-08 15:25:09.842 13836 13841 I chatty  : uid=11250(org.mozilla.fennec_aurora) expire 13 lines
04-08 15:25:10.189 13836 13912 I chatty  : uid=11250(org.mozilla.fennec_aurora) expire 1 line
04-08 15:25:10.206  1456  2916 I ActivityManager: Start proc 13924:org.mozilla.fennec_aurora:tab/u0a1250 for service org.mozilla.fennec_aurora/org.mozilla.gecko.process.GeckoChildProcessServices$tab
04-08 15:25:10.333 13924 13924 I chatty  : uid=11250(org.mozilla.fennec_aurora) org.mozilla.fenix expire 2 lines
04-08 15:25:10.333 13924 13940 I chatty  : uid=11250(org.mozilla.fennec_aurora) org.mozilla.fenix expire 1 line
04-08 15:25:10.741 13836 13946 I chatty  : uid=11250(org.mozilla.fennec_aurora) expire 9 lines
04-08 15:25:11.209 13836 13960 I chatty  : uid=11250(org.mozilla.fennec_aurora) expire 2 lines
04-08 15:25:11.317  1456  1673 I LaunchCheckinHandler: Displayed org.mozilla.fennec_aurora/org.mozilla.fenix.HomeActivity,wp,ca,1408
04-08 15:25:11.318  1456  1673 I ActivityManager: Displayed org.mozilla.fennec_aurora/org.mozilla.fenix.HomeActivity: +1s402ms (total +1s951ms)
04-08 15:25:11.336 17373 17373 I MemoryTrimmer: Trimming objects from memory, since app is in the background.
04-08 15:25:11.343 17373 17373 I MemoryTrimmer: Trimming objects from memory, since app is in the background.
04-08 15:25:11.345 17373  5221 I PBSessionCacheImpl: Deleted sessionId[76408848338798735] from persistence.
04-08 15:25:11.350  1456  2916 I WifiService: getWifiEnabledState uid=10073
04-08 15:25:11.351 17373 17428 I DEBUG   : OpaToSrpTransitionState#onStateChanged#notNullQuery
04-08 15:25:11.352 17373 17428 I DEBUG   : OpaToSrpTransitionState#onStateChanged#notNullQuery
04-08 15:25:11.353 17373 17428 W SearchServiceCore: Abort, client detached.
04-08 15:25:11.390  1023 13967 D libc    : Internal error: netid(0), id(0xf94d), server(0.0.0.0)
04-08 15:25:11.391  1023 13967 D libc    : Internal error: netid(0), id(0xf94d), server(0.0.0.0)
04-08 15:25:11.392  1023 13967 D libc    : Internal error: netid(0), id(0x8414), server(0.0.0.0)
04-08 15:25:11.392  1023 13967 D libc    : Internal error: netid(0), id(0x8414), server(0.0.0.0)
04-08 15:25:11.395  1023 13971 D libc    : Internal error: netid(0), id(0x6021), server(0.0.0.0)
04-08 15:25:11.396  1023 13971 D libc    : Internal error: netid(0), id(0x6021), server(0.0.0.0)
04-08 15:25:11.396  1023 13971 D libc    : Internal error: netid(0), id(0xb6f), server(0.0.0.0)
04-08 15:25:11.396  1023 13971 D libc    : Internal error: netid(0), id(0xb6f), server(0.0.0.0)
04-08 15:25:11.400  1023 13976 D libc    : Internal error: netid(0), id(0x8b4f), server(0.0.0.0)
04-08 15:25:11.400  1023 13976 D libc    : Internal error: netid(0), id(0x8b4f), server(0.0.0.0)
04-08 15:25:11.400  1023 13976 D libc    : Internal error: netid(0), id(0x3e67), server(0.0.0.0)
04-08 15:25:11.400  1023 13976 D libc    : Internal error: netid(0), id(0x3e67), server(0.0.0.0)
04-08 15:25:11.404  1023 13990 D libc    : Internal error: netid(0), id(0xcb39), server(0.0.0.0)
04-08 15:25:11.405  1023 13990 D libc    : Internal error: netid(0), id(0xcb39), server(0.0.0.0)
04-08 15:25:11.405  1023 13990 D libc    : Internal error: netid(0), id(0x4942), server(0.0.0.0)
04-08 15:25:11.406  1023 13990 D libc    : Internal error: netid(0), id(0x4942), server(0.0.0.0)
04-08 15:25:11.427 13836 13864 I chatty  : uid=11250(org.mozilla.fennec_aurora) expire 1 line
04-08 15:25:11.428 13836 13886 I chatty  : uid=11250(org.mozilla.fennec_aurora) expire 1 line
04-08 15:25:11.428 13836 13888 I chatty  : uid=11250(org.mozilla.fennec_aurora) expire 2 lines
04-08 15:25:11.452 13836 13949 I chatty  : uid=11250(org.mozilla.fennec_aurora) expire 2 lines
04-08 15:25:11.737 13836 14050 I chatty  : uid=11250(org.mozilla.fennec_aurora) expire 4 lines
04-08 15:25:11.737 13836 14054 I chatty  : uid=11250(org.mozilla.fennec_aurora) expire 4 lines
04-08 15:25:11.737 13836 14056 I chatty  : uid=11250(org.mozilla.fennec_aurora) expire 2 lines
04-08 15:25:11.791  1456  2204 I ActivityManager: Fully drawn org.mozilla.fennec_aurora/org.mozilla.fenix.HomeActivity: +1s881ms (total +2s430ms)
04-08 15:25:12.344   808   808 I SFPerfTracer:      triggers: (rate: 83:2026388) (compose: 0:7) (post: 0:19) (render: 0:17) (22:10416025 frames) (23:13131192)
04-08 15:25:12.344   808   808 D SFPerfTracer:        layers: (3:12) (NavigationBar#0 (0xb07df000): 0:977667) (StatusBar#0 (0xb07e3000): 0:2260713) (com.android.systemui.ImageWallpaper#0 (0xb07e7000): 0:90809)* (Sprite#0 (0xb0733000): 0:317)* (DimLayerController/Stack=0#0 (0xb075a000): 0:3866)* (Sprite#1 (0xb077c000): 0:195)* (org.mozilla.fennec_aurora/org.mozilla.fenix.HomeActivity#0 (0xb039b000): 0:72)- (com.android.launcher3/com.android.launcher3.CustomizationPanelLauncher#0 (0xb0763000): 0:38)- (com.android.launcher3/com.android.launcher3.CustomizationPanelLauncher#1 (0xb0771000): 0:11)- (Splash Screen org.mozilla.fennec_aurora#0 (0xb039b000): 0:13)- (Splash Screen org.mozilla.fennec_aurora#1 (0xb013a000): 0:24)- (org.mozilla.fennec_aurora/org.mozilla.fenix.HomeActivity#0 (0xb039b000): 23:41) 
04-08 15:25:15.021 14077 14077 D AndroidRuntime: >>>>>> START com.android.internal.os.RuntimeInit uid 2000 <<<<<<
04-08 15:25:15.034 14077 14077 W app_process: Could not reserve sentinel fault page
04-08 15:25:15.201 14077 14077 I app_process: The ClassLoaderContext is a special shared library.
04-08 15:25:15.271 14077 14077 D AndroidRuntime: Calling main entry com.android.commands.input.Input
04-08 15:25:15.272 14077 14077 I Input   : injectKeyEvent: KeyEvent { action=ACTION_DOWN, keyCode=KEYCODE_HOME, scanCode=0, metaState=0, flags=0x0, repeatCount=0, eventTime=18449970552, downTime=18449970552, deviceId=-1, source=0x101 }
04-08 15:25:15.282 14077 14077 I Input   : injectKeyEvent: KeyEvent { action=ACTION_UP, keyCode=KEYCODE_HOME, scanCode=0, metaState=0, flags=0x0, repeatCount=0, eventTime=18449970552, downTime=18449970552, deviceId=-1, source=0x101 }
04-08 15:25:15.288  1456  1941 I ActivityManager: START u0 {act=android.intent.action.MAIN cat=[android.intent.category.HOME] flg=0x10200000 cmp=com.android.launcher3/.CustomizationPanelLauncher (has extras)} from uid 1000
04-08 15:25:15.289   794   839 E ANDR-PERF-RESOURCEQS: Failed to apply optimization [4, 0]
04-08 15:25:15.300  1456  1941 I ActivityManager: moveHomeStack, setupComplete:true
04-08 15:25:15.307 17373 17422 I Adreno  : QUALCOMM build                   : bb5b86c, I77d3059488
04-08 15:25:15.307 17373 17422 I Adreno  : Build Date                       : 06/07/18
04-08 15:25:15.307 17373 17422 I Adreno  : OpenGL ES Shader Compiler Version: EV031.22.00.01_06
04-08 15:25:15.307 17373 17422 I Adreno  : Local Branch                     : 
04-08 15:25:15.307 17373 17422 I Adreno  : Remote Branch                    : refs/tags/AU_LINUX_ANDROID_LA.UM.6.5.R1.08.01.00.312.086
04-08 15:25:15.307 17373 17422 I Adreno  : Remote Branch                    : NONE
04-08 15:25:15.307 17373 17422 I Adreno  : Reconstruct Branch               : NOTHING
04-08 15:25:15.310 17373 17422 D vndksupport: Loading /vendor/lib/hw/gralloc.msm8937.so from current namespace instead of sphal namespace.
04-08 15:25:15.311 14077 14077 D AndroidRuntime: Shutting down VM
04-08 15:25:15.313 17373 17422 I Adreno  : PFP: 0x005ff087, ME: 0x005ff063
04-08 15:25:15.317 17373 17422 I zygote  : android::hardware::configstore::V1_0::ISurfaceFlingerConfigs::hasWideColorDisplay retrieved: 0
04-08 15:25:15.318 17373 17422 I OpenGLRenderer: Initialized EGL, version 1.4
04-08 15:25:15.318 17373 17422 D OpenGLRenderer: Swap behavior 2
04-08 15:25:15.329  2748  2748 D Launcher.Utilities: Wakeup weather: Intent { act=com.motorola.launcher3.action.WAKEUP_WEATHER cmp=com.motorola.timeweatherwidget/com.motorola.commandcenter.weather.WakeUpService }
04-08 15:25:15.345  1456  1456 I NotificationService: Cannot find enqueued record for key: 0|com.motorola.timeweatherwidget|1|null|10116
04-08 15:25:15.347   808   808 D SurfaceFlinger: duplicate layer name: changing com.android.launcher3/com.android.launcher3.CustomizationPanelLauncher to com.android.launcher3/com.android.launcher3.CustomizationPanelLauncher#1
04-08 15:25:15.355 17373 17399 W ThreadPoolDumper: Queue length for executor EventBus is now 11. Perhaps some tasks are too long, or the pool is too small.
04-08 15:25:15.356  1456  1471 I WifiService: getWifiEnabledState uid=10073
04-08 15:25:15.372  1456  2916 I WifiService: getWifiEnabledState uid=10073
04-08 15:25:15.382 17373 17428 I DEBUG   : OpaToSrpTransitionState#onStateChanged#notNullQuery
04-08 15:25:15.383 17373 17428 I DEBUG   : OpaToSrpTransitionState#onStateChanged#notNullQuery
04-08 15:25:15.402 17373 17428 I MicroDetectionState: Should stop hotword detection immediately - false
04-08 15:25:15.407 17373 17428 I MicroDetectionWorker: #startMicroDetector [speakerMode: 0]
04-08 15:25:15.409 17373 17428 I AudioController: Created new AudioSource
04-08 15:25:15.441  1456  1673 I LaunchCheckinHandler: Displayed com.android.launcher3/.CustomizationPanelLauncher,wp,wa,153
04-08 15:25:15.442 17373 17424 I MicroDataManager: isInitializedWithLatestParams-true
04-08 15:25:15.442 17373 17424 I MicroDataManager: isInitializing-false locale not changed-true model not changed-true
04-08 15:25:15.443 17373 17424 I MicroDataManager: Already initialized, obtaining the hotword data immediately.
04-08 15:25:15.448 17373 17475 I MicroRecognitionRunner: Starting detection.
04-08 15:25:15.448 17373 17475 I InputStreamUtils: Using micInputStream
04-08 15:25:15.450 17373  5221 I MicrophoneInputStream: mic_starting  SR : 16000 CC : 16 SO : 1999
04-08 15:25:15.456   788  1479 V msm8974_platform: platform_check_input_mask: enter check_input_mask source 6 mask 10
04-08 15:25:15.458  1012 14095 I AudioFlinger: AudioFlinger's thread 0xb24834c0 tid=14095 ready to run
04-08 15:25:15.464   788  1479 D audio_hw_primary: in_set_parameters: enter: kvpairs=input_source=6;routing=-2147483644
04-08 15:25:15.465  1012 19368 D APM_AudioPolicyManager: AudioPolicyManager::startInput() input 297934, session 298049, source = 1999
04-08 15:25:15.466 17373  5221 I MicrophoneInputStream: mic_started  SR : 16000 CC : 16 SO : 1999
04-08 15:25:15.467   788 14096 V msm8974_platform: platform_update_usecase_from_source: input source :6
04-08 15:25:15.467   788 14096 V msm8974_platform: platform_check_input_mask: enter check_input_mask source 6 mask 10
04-08 15:25:15.467   788 14096 V msm8974_platform: platform_get_input_snd_device: enter: out_device(0) in_device(0x4) channel_count (1) channel_mask (0x10)
04-08 15:25:15.467   788 14096 V msm8974_platform: platform_get_input_snd_device: exit: in_snd_device(voice-rec-mic)
04-08 15:25:15.467   788 14096 V msm8974_platform: platform_get_backend_index:napb: backend port - 5 device - 120 
04-08 15:25:15.468   788 14096 V msm8974_platform: platform_check_and_set_capture_backend_cfg:txbecf: afe: bitwidth 0, samplerate 0, channel 1, backend_idx 5 usecase = 9 device (voice-rec-mic)
04-08 15:25:15.468   788 14096 V msm8974_platform: platform_check_capture_backend_cfg:txbecf: afe: Codec selected backend: 5 current bit width: 0 and sample rate: 0, channels 1
04-08 15:25:15.468   788 14096 V msm8974_platform: platform_check_capture_backend_cfg:txbecf: afe: Codec selected backend: 5 updated bit width: 0 and sample rate: 0
04-08 15:25:15.468   788 14096 I msm8974_platform: platform_check_capture_backend_cfg:txbecf: afe: Codec backend needs to be updated. new bit width: 0 new sample rate: 0 new channel: 1
04-08 15:25:15.468   788 14096 V msm8974_platform: platform_get_backend_index:napb: backend port - 5 device - 120 
04-08 15:25:15.468   788 14096 V msm8974_platform: platform_set_backend_cfg:becf: afe: bitwidth 0, samplerate 0 channels 1, backend_idx 5 device (voice-rec-mic)
04-08 15:25:15.469   788 14096 E msm8974_platform: platform_set_backend_cfg:becf: afe: Could not get ctl for mixer command - SLIM_0_TX Format
04-08 15:25:15.469   788 14096 V msm8974_platform: platform_send_audio_calibration: sending audio calibration for snd_device(120) acdb_id(62)
04-08 15:25:15.469   788 14096 D ACDB-LOADER: ACDB -> send_audio_cal, acdb_id = 62, path = 1, app id = 0x11130, sample rate = 48000
04-08 15:25:15.469   788 14096 D ACDB-LOADER: ACDB -> send_asm_topology
04-08 15:25:15.469   788 14096 D ACDB-LOADER: ACDB -> ACDB_CMD_GET_AUDPROC_STREAM_TOPOLOGY_ID
04-08 15:25:15.469   788 14096 D ACDB-LOADER: ACDB -> send_adm_topology
04-08 15:25:15.469   788 14096 D ACDB-LOADER: ACDB -> ACDB_CMD_GET_AUDPROC_COMMON_TOPOLOGY_ID
04-08 15:25:15.469   788 14096 D ACDB-LOADER: ACDB -> send_audtable
04-08 15:25:15.469   788 14096 D ACDB-LOADER: ACDB -> ACDB_CMD_GET_AUDPROC_COMMON_TABLE_SIZE
04-08 15:25:15.470   788 14096 D ACDB-LOADER: ACDB -> ACDB_CMD_GET_AUDPROC_COMMON_TABLE
04-08 15:25:15.470   788 14096 D ACDB-LOADER: ACDB -> AUDIO_SET_AUDPROC_CAL
04-08 15:25:15.470   788 14096 D ACDB-LOADER: ACDB -> send_audvoltable
04-08 15:25:15.470   788 14096 D ACDB-LOADER: ACDB -> ACDB_CMD_GET_AUDPROC_VOL_STEP_TABLE_SIZE
04-08 15:25:15.470   788 14096 D ACDB-LOADER: ACDB -> ACDB_CMD_GET_AUDPROC_GAIN_DEP_STEP_TABLE, vol index 0
04-08 15:25:15.470   788 14096 D         : Failed to fetch the lookup information of the device 0000003E 
04-08 15:25:15.470   788 14096 D ACDB-LOADER: ACDB -> AUDIO_SET_VOL_CAL cal type = 12
04-08 15:25:15.470   788 14096 D ACDB-LOADER: ACDB -> ACDB_CMD_GET_AUDPROC_STREAM_TABLE_SIZE
04-08 15:25:15.470   788 14096 D ACDB-LOADER: ACDB -> send_audstrmtable
04-08 15:25:15.470   788 14096 D ACDB-LOADER: ACDB -> ACDB_CMD_GET_AUDPROC_STREAM_TABLE_V2
04-08 15:25:15.470   788 14096 D ACDB-LOADER: ACDB -> audstrm_cal->cal_type.cal_data.cal_size = 456
04-08 15:25:15.470   788 14096 D ACDB-LOADER: ACDB -> send_afe_topology
04-08 15:25:15.470   788 14096 D ACDB-LOADER: ACDB -> ACDB_CMD_GET_AFE_TOPOLOGY_ID
04-08 15:25:15.470   788 14096 D ACDB-LOADER: ACDB -> GET_AFE_TOPOLOGY_ID for adcd_id 62, Topology Id 112fb
04-08 15:25:15.470   788 14096 D ACDB-LOADER: ACDB -> send_afe_cal
04-08 15:25:15.470   788 14096 D ACDB-LOADER: ACDB -> ACDB_CMD_GET_AFE_COMMON_TABLE_SIZE
04-08 15:25:15.470   788 14096 D         : Failed to fetch the lookup information of the device 0000003E 
04-08 15:25:15.470   788 14096 E ACDB-LOADER: Error: ACDB_CMD_GET_AFE_COMMON_TABLE_SIZE Returned = -19
04-08 15:25:15.471   788 14096 D ACDB-LOADER: ACDB -> ACDB_CMD_GET_AFE_COMMON_TABLE
04-08 15:25:15.471   788 14096 D         : Failed to fetch the lookup information of the device 0000003E 
04-08 15:25:15.471   788 14096 D ACDB-LOADER: ACDB -> AUDIO_SET_AFE_CAL
04-08 15:25:15.471   788 14096 D ACDB-LOADER: ACDB -> send_hw_delay : acdb_id = 62 path = 1
04-08 15:25:15.471   788 14096 D ACDB-LOADER: ACDB -> ACDB_AVSYNC_INFO: ACDB_CMD_GET_DEVICE_PROPERTY
04-08 15:25:15.471   788 14096 D audio_hw_primary: enable_snd_device: snd_device(120: voice-rec-mic)
04-08 15:25:15.471   788 14096 D audio_route: Apply path: voice-rec-mic
04-08 15:25:15.474   788 14096 V msm8974_platform: platform_get_snd_device_backend_index: enter with device 120
04-08 15:25:15.474   788 14096 E msm8974_platform: platform_get_snd_device_backend_index: BE DAI Name Table is not present
04-08 15:25:15.474   788 14096 V msm8974_platform: platform_get_backend_index:napb: backend port - 5 device - 120 
04-08 15:25:15.474   788 14096 I audio_hw_utils: Set Audio Stream Capture 0 App Type Cfg: app_type 69936, acdb_dev_id 62, sample_rate 48000, snd_device_be_idx -14
