05-01 22:08:08.233  1456  2054 D WIFI_UT : got request NetworkRequest [ TRACK_DEFAULT id=40771, [ Capabilities: INTERNET&NOT_RESTRICTED&TRUSTED&NOT_VPN] ] with score 60
05-01 22:08:08.233  1456  2054 D WIFI    : got request NetworkRequest [ TRACK_DEFAULT id=40771, [ Capabilities: INTERNET&NOT_RESTRICTED&TRUSTED&NOT_VPN] ] with score 60
05-01 22:08:08.233  2398  2398 D PhoneSwitcherNetworkRequstListener: got request NetworkRequest [ TRACK_DEFAULT id=40771, [ Capabilities: INTERNET&NOT_RESTRICTED&TRUSTED&NOT_VPN] ] with score 60
05-01 22:08:08.245  1931  2220 I chatty  : uid=11299(org.mozilla.fennec_aurora) expire 9 lines
05-01 22:08:08.698  1931  2092 I chatty  : uid=11299(org.mozilla.fennec_aurora) expire 1 line
05-01 22:08:08.701  1456  2067 D ConnectivityService: releasing NetworkRequest [ TRACK_DEFAULT id=40771, [ Capabilities: INTERNET&NOT_RESTRICTED&TRUSTED&NOT_VPN] ] (release request)
05-01 22:08:12.644  1456  7556 I ActivityManager: Force stopping org.mozilla.fennec_aurora appid=11299 user=0: from pid 2224
05-01 22:08:12.644  1456  7556 I ActivityManager: Killing 1931:org.mozilla.fennec_aurora/u0a1299 (adj 700): stop org.mozilla.fennec_aurora
05-01 22:08:12.646  1456  1605 W zygote  : kill(-1931, 9) failed: No such process
05-01 22:08:12.648  1456  7556 W ActivityManager: Force removing ActivityRecord{29054b8 u0 org.mozilla.fennec_aurora/org.mozilla.fenix.HomeActivity t67650}: app died, no saved state
05-01 22:08:12.657  1456  1605 W zygote  : kill(-1931, 9) failed: No such process
05-01 22:08:12.659  1456  7556 I ActivityManager: Killing 2024:org.mozilla.fennec_aurora:tab0/u0a1299 (adj 0): stop org.mozilla.fennec_aurora
05-01 22:08:12.669  2398  2398 D CarrierSvcBindHelper: No carrier app for: 0
05-01 22:08:12.670  2398  2398 D CarrierSvcBindHelper: No carrier app for: 1
05-01 22:08:12.671  1456  1605 W zygote  : kill(-1931, 9) failed: No such process
05-01 22:08:12.712  1456  1673 W ActivityManager: setHasOverlayUi called on unknown pid: 1931
05-01 22:08:12.721  1456  1605 W zygote  : kill(-1931, 9) failed: No such process
05-01 22:08:12.721  1456  1605 I zygote  : Successfully killed process cgroup uid 11299 pid 1931 in 75ms
05-01 22:08:12.722  1456  1605 W zygote  : kill(-2024, 9) failed: No such process
05-01 22:08:12.722  1456  1605 I zygote  : Successfully killed process cgroup uid 11299 pid 2024 in 0ms
05-01 22:08:12.765  1456 10736 I ActivityManager: START u0 {act=android.intent.action.MAIN cat=[android.intent.category.LAUNCHER] flg=0x10000000 cmp=org.mozilla.fennec_aurora/.App} from uid 2000
05-01 22:08:12.766   794   839 E ANDR-PERF-RESOURCEQS: Failed to apply optimization [4, 0]
05-01 22:08:12.788  1456  2401 I ActivityManager: Start proc 2245:org.mozilla.fennec_aurora/u0a1299 for activity org.mozilla.fennec_aurora/.App
05-01 22:08:12.875 17373 17428 I MicroDetectionState: Should stop hotword detection immediately - false
05-01 22:08:12.875 17373 17428 I MicroDetector: Keeping mic open: false
05-01 22:08:12.875 17373 28777 E DeviceStateChecker: DeviceStateChecker cancelled
05-01 22:08:12.875 17373 17428 I RecognitionAudioControl: #shutdownAudio [requestId: -7867789609831813518, keepAudioOpen: false, forced: true]
05-01 22:08:12.876 17373 17428 I RecognitionAudioControl: #internalShutdownAudio [requestId: -7867789609831813518]
05-01 22:08:12.876 17373 17428 I RecognitionAudioControl: #internalShutdownAudio [keepAudioOpen: false, forced: true]
05-01 22:08:12.876 17373 17428 I RecognitionAudioControl: #actualShutdownAudio
05-01 22:08:12.876 17373 17428 I AudioController: #shutdown [requestId=-7867789609831813518]
05-01 22:08:12.876 17373 17396 I AudioController: internalShutdown
05-01 22:08:12.876 17373 17426 I MicroRecognitionRunner: Stopping hotword detection.
05-01 22:08:12.934   788   788 D audio_hw_primary: disable_audio_route: usecase(9) reset and update mixer path: audio-record
05-01 22:08:12.935   788   788 D audio_hw_primary: disable_snd_device: snd_device(120: voice-rec-mic)
05-01 22:08:12.936  1012  1302 D APM_AudioPolicyManager: stopInput() input 328974, session 329089
05-01 22:08:12.937   788  1479 D audio_hw_primary: in_set_parameters: enter: kvpairs=routing=0
05-01 22:08:12.939 17373 17396 I MicrophoneInputStream: mic_close  SR : 16000 CC : 16 SO : 1999
05-01 22:08:12.939 17373 17396 E AudioSource: Stop listening is called on already closed AudioSource
05-01 22:08:12.941 17373 17475 I MicroRecognitionRunner: Detection finished
05-01 22:08:12.955  2245  2245 I chatty  : uid=11299(org.mozilla.fennec_aurora) expire 4 lines
05-01 22:08:13.032  2245  2271 I chatty  : uid=11299(org.mozilla.fennec_aurora) expire 4 lines
05-01 22:08:13.036  2245  2245 I chatty  : uid=11299(org.mozilla.fennec_aurora) expire 51 lines
05-01 22:08:13.061  2245  2279 I chatty  : uid=11299(org.mozilla.fennec_aurora) expire 11 lines
05-01 22:08:13.077  2245  2278 I chatty  : uid=11299(org.mozilla.fennec_aurora) expire 23 lines
05-01 22:08:13.086  2245  2282 I chatty  : uid=11299(org.mozilla.fennec_aurora) expire 19 lines
05-01 22:08:13.157  2245  2294 I chatty  : uid=11299(org.mozilla.fennec_aurora) expire 6 lines
05-01 22:08:13.193  2245  2281 I chatty  : uid=11299(org.mozilla.fennec_aurora) expire 2 lines
05-01 22:08:13.222  2245  2344 I chatty  : uid=11299(org.mozilla.fennec_aurora) expire 2 lines
05-01 22:08:13.224   808   808 I SFPerfTracer:      triggers: (rate: 86:2039390) (compose: 0:7) (post: 0:19) (render: 0:17) (16:10911345 frames) (17:13838187)
05-01 22:08:13.225   808   808 D SFPerfTracer:        layers: (3:11) (NavigationBar#0 (0xb07df000): 10:1059189) (StatusBar#0 (0xb07e3000): 10:2472730) (com.android.systemui.ImageWallpaper#0 (0xb07e7000): 0:98869)* (Sprite#0 (0xb0733000): 0:317)* (DimLayerController/Stack=0#0 (0xb075a000): 0:3866)* (Sprite#1 (0xb077c000): 0:195)* (Splash Screen org.mozilla.fennec_aurora#1 (0xafd23000): 0:31)- (org.mozilla.fennec_aurora/org.mozilla.fenix.HomeActivity#0 (0xb039b000): 0:70)- (com.android.launcher3/com.android.launcher3.CustomizationPanelLauncher#0 (0xb0763000): 0:38)* (com.android.launcher3/com.android.launcher3.CustomizationPanelLauncher#1 (0xb0771000): 0:10)* (Splash Screen org.mozilla.fennec_aurora#0 (0xb039b000): 16:19) 
05-01 22:08:13.226  1456  2401 I ActivityManager: START u0 {act=android.intent.action.MAIN cat=[android.intent.category.LAUNCHER] flg=0x10000000 cmp=org.mozilla.fennec_aurora/org.mozilla.fenix.HomeActivity (has extras)} from uid 11299
05-01 22:08:13.244   808   808 D SurfaceFlinger: duplicate layer name: changing Splash Screen org.mozilla.fennec_aurora to Splash Screen org.mozilla.fennec_aurora#1
05-01 22:08:13.300  2245  2251 I chatty  : uid=11299(org.mozilla.fennec_aurora) expire 8 lines
05-01 22:08:13.303  1456  2162 I ActivityManager: Start proc 2394:org.mozilla.fennec_aurora:tab0/u0a1299 for service org.mozilla.fennec_aurora/org.mozilla.gecko.process.GeckoChildProcessServices$tab0
05-01 22:08:13.317  2245  2364 I chatty  : uid=11299(org.mozilla.fennec_aurora) expire 1 line
05-01 22:08:13.456  2394  2394 I chatty  : uid=11299(org.mozilla.fennec_aurora) expire 2 lines
05-01 22:08:13.457  2394  2432 I chatty  : uid=11299(org.mozilla.fennec_aurora) expire 1 line
05-01 22:08:13.721  2245  2459 I chatty  : uid=11299(org.mozilla.fennec_aurora) expire 9 lines
05-01 22:08:13.727  1456  2236 D ConnectivityService: requestNetwork for uid/pid:11299/2245 NetworkRequest [ TRACK_DEFAULT id=40772, [ Capabilities: INTERNET&NOT_RESTRICTED&TRUSTED&NOT_VPN] ]
05-01 22:08:13.728  1456  2099 D Ethernet: got request NetworkRequest [ TRACK_DEFAULT id=40772, [ Capabilities: INTERNET&NOT_RESTRICTED&TRUSTED&NOT_VPN] ] with score 60
05-01 22:08:13.728  1456  2054 D WIFI_UT : got request NetworkRequest [ TRACK_DEFAULT id=40772, [ Capabilities: INTERNET&NOT_RESTRICTED&TRUSTED&NOT_VPN] ] with score 60
05-01 22:08:13.729  2398  2398 D PhoneSwitcherNetworkRequstListener: got request NetworkRequest [ TRACK_DEFAULT id=40772, [ Capabilities: INTERNET&NOT_RESTRICTED&TRUSTED&NOT_VPN] ] with score 60
05-01 22:08:13.729  1456  2054 D WIFI    : got request NetworkRequest [ TRACK_DEFAULT id=40772, [ Capabilities: INTERNET&NOT_RESTRICTED&TRUSTED&NOT_VPN] ] with score 60
05-01 22:08:13.742  1456  2236 I WifiService: getDhcpInfo uid=11299
05-01 22:08:13.856  2245  2464 I chatty  : uid=11299(org.mozilla.fennec_aurora) expire 5 lines
05-01 22:08:13.895  1456  1673 I LaunchCheckinHandler: Displayed org.mozilla.fennec_aurora/org.mozilla.fenix.HomeActivity,wp,ca,591
05-01 22:08:13.895  1456  1673 I ActivityManager: Displayed org.mozilla.fennec_aurora/org.mozilla.fenix.HomeActivity: +581ms (total +1s109ms)
05-01 22:08:13.924 17373 17373 I MemoryTrimmer: Trimming objects from memory, since app is in the background.
05-01 22:08:13.924 17373 26495 I PBSessionCacheImpl: Deleted sessionId[76408848338820222] from persistence.
05-01 22:08:13.928  1456  2162 I WifiService: getWifiEnabledState uid=10073
05-01 22:08:13.929 17373 17428 I DEBUG   : OpaToSrpTransitionState#onStateChanged#notNullQuery
05-01 22:08:13.930 17373 17428 I DEBUG   : OpaToSrpTransitionState#onStateChanged#notNullQuery
05-01 22:08:13.932 17373 17428 W SearchServiceCore: Abort, client detached.
05-01 22:08:13.932 17373 17428 I chatty  : uid=10073(com.google.android.googlequicksearchbox) EventBus0 identical 1 line
05-01 22:08:13.933 17373 17428 W SearchServiceCore: Abort, client detached.
05-01 22:08:14.200  1456 10736 I ActivityManager: Fully drawn org.mozilla.fennec_aurora/org.mozilla.fenix.HomeActivity: +896ms (total +1s424ms)
05-01 22:08:14.240   808   898 I SFPerfTracer:      triggers: (rate: 0:1) (0 sw vsyncs) (0 skipped) (17:6845816 vsyncs) (19:13953172)
05-01 22:08:14.273  2245  2505 I chatty  : uid=11299(org.mozilla.fennec_aurora) expire 1 line
05-01 22:08:14.273  2245  2508 I chatty  : uid=11299(org.mozilla.fennec_aurora) expire 1 line
05-01 22:08:14.718  2245  2272 I chatty  : uid=11299(org.mozilla.fennec_aurora) expire 1 line
05-01 22:08:14.723  1456  2067 D ConnectivityService: releasing NetworkRequest [ TRACK_DEFAULT id=40772, [ Capabilities: INTERNET&NOT_RESTRICTED&TRUSTED&NOT_VPN] ] (release request)
05-01 22:08:14.776  2245  2527 I chatty  : uid=11299(org.mozilla.fennec_aurora) expire 1 line
05-01 22:08:14.817  2398  2398 D QtiCarrierConfigHelper: WARNING, no carrier configs on phone Id: 0
05-01 22:08:15.355  2245  2324 I chatty  : uid=11299(org.mozilla.fennec_aurora) expire 26 lines
05-01 22:08:15.423  2245  2274 I chatty  : uid=11299(org.mozilla.fennec_aurora) expire 3 lines
05-01 22:08:18.436  2561  2561 D AndroidRuntime: >>>>>> START com.android.internal.os.RuntimeInit uid 2000 <<<<<<
05-01 22:08:18.450  2561  2561 W app_process: Could not reserve sentinel fault page
05-01 22:08:18.617  2561  2561 I app_process: The ClassLoaderContext is a special shared library.
05-01 22:08:18.683  2561  2561 D AndroidRuntime: Calling main entry com.android.commands.input.Input
05-01 22:08:18.687  2561  2561 I Input   : injectKeyEvent: KeyEvent { action=ACTION_DOWN, keyCode=KEYCODE_HOME, scanCode=0, metaState=0, flags=0x0, repeatCount=0, eventTime=20461366272, downTime=20461366272, deviceId=-1, source=0x101 }
05-01 22:08:18.696  2561  2561 I Input   : injectKeyEvent: KeyEvent { action=ACTION_UP, keyCode=KEYCODE_HOME, scanCode=0, metaState=0, flags=0x0, repeatCount=0, eventTime=20461366272, downTime=20461366272, deviceId=-1, source=0x101 }
05-01 22:08:18.702  1456  1941 I ActivityManager: START u0 {act=android.intent.action.MAIN cat=[android.intent.category.HOME] flg=0x10200000 cmp=com.android.launcher3/.CustomizationPanelLauncher (has extras)} from uid 1000
05-01 22:08:18.702   794   839 E ANDR-PERF-RESOURCEQS: Failed to apply optimization [4, 0]
05-01 22:08:18.708  2561  2561 D AndroidRuntime: Shutting down VM
05-01 22:08:18.716  1456 10736 I ActivityManager: moveHomeStack, setupComplete:true
05-01 22:08:18.724 17373 17422 I Adreno  : QUALCOMM build                   : bb5b86c, I77d3059488
05-01 22:08:18.724 17373 17422 I Adreno  : Build Date                       : 06/07/18
05-01 22:08:18.724 17373 17422 I Adreno  : OpenGL ES Shader Compiler Version: EV031.22.00.01_06
05-01 22:08:18.724 17373 17422 I Adreno  : Local Branch                     : 
05-01 22:08:18.724 17373 17422 I Adreno  : Remote Branch                    : refs/tags/AU_LINUX_ANDROID_LA.UM.6.5.R1.08.01.00.312.086
05-01 22:08:18.724 17373 17422 I Adreno  : Remote Branch                    : NONE
05-01 22:08:18.724 17373 17422 I Adreno  : Reconstruct Branch               : NOTHING
05-01 22:08:18.729 17373 17422 D vndksupport: Loading /vendor/lib/hw/gralloc.msm8937.so from current namespace instead of sphal namespace.
05-01 22:08:18.733 17373 17422 I Adreno  : PFP: 0x005ff087, ME: 0x005ff063
05-01 22:08:18.738 17373 17422 I zygote  : android::hardware::configstore::V1_0::ISurfaceFlingerConfigs::hasWideColorDisplay retrieved: 0
05-01 22:08:18.739  2748  2748 D Launcher.Utilities: Wakeup weather: Intent { act=com.motorola.launcher3.action.WAKEUP_WEATHER cmp=com.motorola.timeweatherwidget/com.motorola.commandcenter.weather.WakeUpService }
05-01 22:08:18.739 17373 17422 I OpenGLRenderer: Initialized EGL, version 1.4
05-01 22:08:18.740 17373 17422 D OpenGLRenderer: Swap behavior 2
05-01 22:08:18.753  1456  1456 I NotificationService: Cannot find enqueued record for key: 0|com.motorola.timeweatherwidget|1|null|10116
05-01 22:08:18.758   808   808 D SurfaceFlinger: duplicate layer name: changing com.android.launcher3/com.android.launcher3.CustomizationPanelLauncher to com.android.launcher3/com.android.launcher3.CustomizationPanelLauncher#1
05-01 22:08:18.773  1456  2162 I WifiService: getWifiEnabledState uid=10073
05-01 22:08:18.773 17373 17399 W ThreadPoolDumper: Queue length for executor EventBus is now 11. Perhaps some tasks are too long, or the pool is too small.
05-01 22:08:18.778  1456 10736 I WifiService: getWifiEnabledState uid=10073
05-01 22:08:18.782 17373 17428 I DEBUG   : OpaToSrpTransitionState#onStateChanged#notNullQuery
05-01 22:08:18.783 17373 17428 I DEBUG   : OpaToSrpTransitionState#onStateChanged#notNullQuery
05-01 22:08:18.798 17373 17428 I MicroDetectionState: Should stop hotword detection immediately - false
05-01 22:08:18.802 17373 17428 I MicroDetectionWorker: #startMicroDetector [speakerMode: 0]
05-01 22:08:18.804 17373 17428 I AudioController: Created new AudioSource
05-01 22:08:18.842 17373 17392 I MicroDataManager: isInitializedWithLatestParams-true
05-01 22:08:18.842 17373 17392 I MicroDataManager: isInitializing-false locale not changed-true model not changed-true
05-01 22:08:18.842  1456  1673 I LaunchCheckinHandler: Displayed com.android.launcher3/.CustomizationPanelLauncher,wp,wa,138
05-01 22:08:18.842 17373 17392 I MicroDataManager: Already initialized, obtaining the hotword data immediately.
05-01 22:08:18.846 17373 28777 I MicroRecognitionRunner: Starting detection.
05-01 22:08:18.847 17373 28777 I InputStreamUtils: Using micInputStream
05-01 22:08:18.847 17373 26495 I MicrophoneInputStream: mic_starting  SR : 16000 CC : 16 SO : 1999
05-01 22:08:18.849   788  1479 V msm8974_platform: platform_check_input_mask: enter check_input_mask source 6 mask 10
05-01 22:08:18.851  1012  2580 I AudioFlinger: AudioFlinger's thread 0xb24833c0 tid=2580 ready to run
05-01 22:08:18.862   788  1479 D audio_hw_primary: in_set_parameters: enter: kvpairs=input_source=6;routing=-2147483644
05-01 22:08:18.863  1012 13178 D APM_AudioPolicyManager: AudioPolicyManager::startInput() input 328982, session 329097, source = 1999
05-01 22:08:18.864 17373 26495 I MicrophoneInputStream: mic_started  SR : 16000 CC : 16 SO : 1999
05-01 22:08:18.865   788  2581 V msm8974_platform: platform_update_usecase_from_source: input source :6
05-01 22:08:18.865   788  2581 V msm8974_platform: platform_check_input_mask: enter check_input_mask source 6 mask 10
05-01 22:08:18.865   788  2581 V msm8974_platform: platform_get_input_snd_device: enter: out_device(0) in_device(0x4) channel_count (1) channel_mask (0x10)
05-01 22:08:18.866   788  2581 V msm8974_platform: platform_get_input_snd_device: exit: in_snd_device(voice-rec-mic)
05-01 22:08:18.866   788  2581 V msm8974_platform: platform_get_backend_index:napb: backend port - 5 device - 120 
05-01 22:08:18.866   788  2581 V msm8974_platform: platform_check_and_set_capture_backend_cfg:txbecf: afe: bitwidth 0, samplerate 0, channel 1, backend_idx 5 usecase = 9 device (voice-rec-mic)
05-01 22:08:18.866   788  2581 V msm8974_platform: platform_check_capture_backend_cfg:txbecf: afe: Codec selected backend: 5 current bit width: 0 and sample rate: 0, channels 1
05-01 22:08:18.866   788  2581 V msm8974_platform: platform_check_capture_backend_cfg:txbecf: afe: Codec selected backend: 5 updated bit width: 0 and sample rate: 0
05-01 22:08:18.866   788  2581 I msm8974_platform: platform_check_capture_backend_cfg:txbecf: afe: Codec backend needs to be updated. new bit width: 0 new sample rate: 0 new channel: 1
05-01 22:08:18.866   788  2581 V msm8974_platform: platform_get_backend_index:napb: backend port - 5 device - 120 
05-01 22:08:18.866   788  2581 V msm8974_platform: platform_set_backend_cfg:becf: afe: bitwidth 0, samplerate 0 channels 1, backend_idx 5 device (voice-rec-mic)
05-01 22:08:18.866   788  2581 E msm8974_platform: platform_set_backend_cfg:becf: afe: Could not get ctl for mixer command - SLIM_0_TX Format
05-01 22:08:18.866   788  2581 V msm8974_platform: platform_send_audio_calibration: sending audio calibration for snd_device(120) acdb_id(62)
05-01 22:08:18.866   788  2581 D ACDB-LOADER: ACDB -> send_audio_cal, acdb_id = 62, path = 1, app id = 0x11130, sample rate = 48000
05-01 22:08:18.866   788  2581 D ACDB-LOADER: ACDB -> send_asm_topology
05-01 22:08:18.866   788  2581 D ACDB-LOADER: ACDB -> ACDB_CMD_GET_AUDPROC_STREAM_TOPOLOGY_ID
05-01 22:08:18.866   788  2581 D ACDB-LOADER: ACDB -> send_adm_topology
05-01 22:08:18.866   788  2581 D ACDB-LOADER: ACDB -> ACDB_CMD_GET_AUDPROC_COMMON_TOPOLOGY_ID
05-01 22:08:18.866   788  2581 D ACDB-LOADER: ACDB -> send_audtable
05-01 22:08:18.866   788  2581 D ACDB-LOADER: ACDB -> ACDB_CMD_GET_AUDPROC_COMMON_TABLE_SIZE
05-01 22:08:18.866   788  2581 D ACDB-LOADER: ACDB -> ACDB_CMD_GET_AUDPROC_COMMON_TABLE
05-01 22:08:18.866   788  2581 D ACDB-LOADER: ACDB -> AUDIO_SET_AUDPROC_CAL
05-01 22:08:18.866   788  2581 D ACDB-LOADER: ACDB -> send_audvoltable
05-01 22:08:18.866   788  2581 D ACDB-LOADER: ACDB -> ACDB_CMD_GET_AUDPROC_VOL_STEP_TABLE_SIZE
05-01 22:08:18.866   788  2581 D ACDB-LOADER: ACDB -> ACDB_CMD_GET_AUDPROC_GAIN_DEP_STEP_TABLE, vol index 0
05-01 22:08:18.866   788  2581 D         : Failed to fetch the lookup information of the device 0000003E 
05-01 22:08:18.866   788  2581 D ACDB-LOADER: ACDB -> AUDIO_SET_VOL_CAL cal type = 12
05-01 22:08:18.866   788  2581 D ACDB-LOADER: ACDB -> ACDB_CMD_GET_AUDPROC_STREAM_TABLE_SIZE
05-01 22:08:18.867   788  2581 D ACDB-LOADER: ACDB -> send_audstrmtable
05-01 22:08:18.867   788  2581 D ACDB-LOADER: ACDB -> ACDB_CMD_GET_AUDPROC_STREAM_TABLE_V2
05-01 22:08:18.867   788  2581 D ACDB-LOADER: ACDB -> audstrm_cal->cal_type.cal_data.cal_size = 456
05-01 22:08:18.867   788  2581 D ACDB-LOADER: ACDB -> send_afe_topology
05-01 22:08:18.867   788  2581 D ACDB-LOADER: ACDB -> ACDB_CMD_GET_AFE_TOPOLOGY_ID
05-01 22:08:18.867   788  2581 D ACDB-LOADER: ACDB -> GET_AFE_TOPOLOGY_ID for adcd_id 62, Topology Id 112fb
05-01 22:08:18.867   788  2581 D ACDB-LOADER: ACDB -> send_afe_cal
05-01 22:08:18.867   788  2581 D ACDB-LOADER: ACDB -> ACDB_CMD_GET_AFE_COMMON_TABLE_SIZE
05-01 22:08:18.867   788  2581 D         : Failed to fetch the lookup information of the device 0000003E 
05-01 22:08:18.867   788  2581 E ACDB-LOADER: Error: ACDB_CMD_GET_AFE_COMMON_TABLE_SIZE Returned = -19
05-01 22:08:18.867   788  2581 D ACDB-LOADER: ACDB -> ACDB_CMD_GET_AFE_COMMON_TABLE
05-01 22:08:18.867   788  2581 D         : Failed to fetch the lookup information of the device 0000003E 
05-01 22:08:18.867   788  2581 D ACDB-LOADER: ACDB -> AUDIO_SET_AFE_CAL
05-01 22:08:18.867   788  2581 D ACDB-LOADER: ACDB -> send_hw_delay : acdb_id = 62 path = 1
05-01 22:08:18.867   788  2581 D ACDB-LOADER: ACDB -> ACDB_AVSYNC_INFO: ACDB_CMD_GET_DEVICE_PROPERTY
05-01 22:08:18.867   788  2581 D audio_hw_primary: enable_snd_device: snd_device(120: voice-rec-mic)
05-01 22:08:18.867   788  2581 D audio_route: Apply path: voice-rec-mic
05-01 22:08:18.870   788  2581 V msm8974_platform: platform_get_snd_device_backend_index: enter with device 120
05-01 22:08:18.870   788  2581 E msm8974_platform: platform_get_snd_device_backend_index: BE DAI Name Table is not present
05-01 22:08:18.870   788  2581 V msm8974_platform: platform_get_backend_index:napb: backend port - 5 device - 120 
05-01 22:08:18.870   788  2581 I audio_hw_utils: Set Audio Stream Capture 0 App Type Cfg: app_type 69936, acdb_dev_id 62, sample_rate 48000, snd_device_be_idx -14
05-01 22:08:18.870   788  2581 D audio_hw_primary: enable_audio_route: usecase(9) apply and update mixer path: audio-record
05-01 22:08:18.871   788  2581 D audio_route: Apply path: audio-record
05-01 22:08:18.934  2245  2585 I chatty  : uid=11299(org.mozilla.fennec_aurora) expire 10 lines
05-01 22:08:18.941 17373 17428 I MicroDetectionWorker: onReady
05-01 22:08:18.998  2146  2165 I zygote  : NativeAlloc concurrent copying GC freed 22702(1178KB) AllocSpace objects, 0(0B) LOS objects, 49% free, 10MB/21MB, paused 117us total 149.990ms
05-01 22:08:19.102  1456 10736 D ConnectivityService: requestNetwork for uid/pid:11299/2245 NetworkRequest [ TRACK_DEFAULT id=40773, [ Capabilities: INTERNET&NOT_RESTRICTED&TRUSTED&NOT_VPN] ]
05-01 22:08:19.103  1456  2054 D WIFI_UT : got request NetworkRequest [ TRACK_DEFAULT id=40773, [ Capabilities: INTERNET&NOT_RESTRICTED&TRUSTED&NOT_VPN] ] with score 60
05-01 22:08:19.103  1456  2099 D Ethernet: got request NetworkRequest [ TRACK_DEFAULT id=40773, [ Capabilities: INTERNET&NOT_RESTRICTED&TRUSTED&NOT_VPN] ] with score 60
05-01 22:08:19.103  1456  2054 D WIFI    : got request NetworkRequest [ TRACK_DEFAULT id=40773, [ Capabilities: INTERNET&NOT_RESTRICTED&TRUSTED&NOT_VPN] ] with score 60
05-01 22:08:19.103  2398  2398 D PhoneSwitcherNetworkRequstListener: got request NetworkRequest [ TRACK_DEFAULT id=40773, [ Capabilities: INTERNET&NOT_RESTRICTED&TRUSTED&NOT_VPN] ] with score 60
05-01 22:08:19.111  2245  2592 I chatty  : uid=11299(org.mozilla.fennec_aurora) expire 5 lines
05-01 22:08:19.239  1456  7796 I OpenGLRenderer: Initialized EGL, version 1.4
05-01 22:08:19.240  1456  7796 D OpenGLRenderer: Swap behavior 2
05-01 22:08:19.257   808   808 I SFPerfTracer:      triggers: (rate: 86:2039397) (compose: 0:7) (post: 0:19) (render: 0:17) (12:10911428 frames) (13:13838290)
05-01 22:08:19.257   808   808 D SFPerfTracer:        layers: (4:13) (NavigationBar#0 (0xb07df000): 0:1059200) (StatusBar#0 (0xb07e3000): 0:2472743) (com.android.systemui.ImageWallpaper#0 (0xb07e7000): 0:98871) (Sprite#0 (0xb0733000): 0:317)* (DimLayerController/Stack=0#0 (0xb075a000): 0:3866)* (Sprite#1 (0xb077c000): 0:195)* (com.android.launcher3/com.android.launcher3.CustomizationPanelLauncher#0 (0xb0763000): 0:38)- (com.android.launcher3/com.android.launcher3.CustomizationPanelLauncher#1 (0xb0771000): 0:10)- (Splash Screen org.mozilla.fennec_aurora#0 (0xb039b000): 0:19)- (Splash Screen org.mozilla.fennec_aurora#1 (0xafd23000): 0:32)- (org.mozilla.fennec_aurora/org.mozilla.fenix.HomeActivity#0 (0xb039b000): 12:69)* (com.android.launcher3/com.android.launcher3.CustomizationPanelLauncher#0 (0xb0763000): 13:29)* (com.android.launcher3/com.android.launcher3.CustomizationPanelLauncher#1 (0xb0771000): 1:5) 
05-01 22:08:19.275  1456  2067 D ConnectivityService: releasing NetworkRequest [ TRACK_DEFAULT id=40773, [ Capabilities: INTERNET&NOT_RESTRICTED&TRUSTED&NOT_VPN] ] (release request)
05-01 22:08:19.303  2748  2917 W OpenGLRenderer: Incorrectly called buildLayer on View: ShortcutAndWidgetContainer, destroying layer...
05-01 22:08:19.411  2245  2280 I chatty  : uid=11299(org.mozilla.fennec_aurora) expire 1 line
05-01 22:08:19.471  1456 10736 D ConnectivityService: requestNetwork for uid/pid:11299/2245 NetworkRequest [ TRACK_DEFAULT id=40774, [ Capabilities: INTERNET&NOT_RESTRICTED&TRUSTED&NOT_VPN] ]
05-01 22:08:19.473  1456  2099 D Ethernet: got request NetworkRequest [ TRACK_DEFAULT id=40774, [ Capabilities: INTERNET&NOT_RESTRICTED&TRUSTED&NOT_VPN] ] with score 60
05-01 22:08:19.473  1456  2054 D WIFI_UT : got request NetworkRequest [ TRACK_DEFAULT id=40774, [ Capabilities: INTERNET&NOT_RESTRICTED&TRUSTED&NOT_VPN] ] with score 60
05-01 22:08:19.473  1456  2054 D WIFI    : got request NetworkRequest [ TRACK_DEFAULT id=40774, [ Capabilities: INTERNET&NOT_RESTRICTED&TRUSTED&NOT_VPN] ] with score 60
05-01 22:08:19.473  2398  2398 D PhoneSwitcherNetworkRequstListener: got request NetworkRequest [ TRACK_DEFAULT id=40774, [ Capabilities: INTERNET&NOT_RESTRICTED&TRUSTED&NOT_VPN] ] with score 60
05-01 22:08:19.483  2245  2593 I chatty  : uid=11299(org.mozilla.fennec_aurora) expire 9 lines
05-01 22:08:19.616  1456  1466 I zygote  : NativeAlloc concurrent copying GC freed 65927(3MB) AllocSpace objects, 30(1112KB) LOS objects, 36% free, 41MB/65MB, paused 313us total 376.281ms
05-01 22:08:19.901  1456  2067 D ConnectivityService: releasing NetworkRequest [ TRACK_DEFAULT id=40774, [ Capabilities: INTERNET&NOT_RESTRICTED&TRUSTED&NOT_VPN] ] (release request)
05-01 22:08:23.862  1456 10736 I ActivityManager: Force stopping org.mozilla.fennec_aurora appid=11299 user=0: from pid 2597
05-01 22:08:23.862  1456 10736 I ActivityManager: Killing 2245:org.mozilla.fennec_aurora/u0a1299 (adj 700): stop org.mozilla.fennec_aurora
05-01 22:08:23.865  1456  1605 W zygote  : kill(-2245, 9) failed: No such process
05-01 22:08:23.866  1456 10736 W ActivityManager: Force removing ActivityRecord{6db1a8f u0 org.mozilla.fennec_aurora/org.mozilla.fenix.HomeActivity t67652}: app died, no saved state
05-01 22:08:23.875  1456 10736 I ActivityManager: Killing 2394:org.mozilla.fennec_aurora:tab0/u0a1299 (adj 0): stop org.mozilla.fennec_aurora
05-01 22:08:23.878  1456  1605 W zygote  : kill(-2245, 9) failed: No such process
05-01 22:08:23.887  2398  2398 D CarrierSvcBindHelper: No carrier app for: 0
05-01 22:08:23.888  2398  2398 D CarrierSvcBindHelper: No carrier app for: 1
05-01 22:08:23.891  1456  1605 W zygote  : kill(-2245, 9) failed: No such process
05-01 22:08:23.934  1456  1673 W ActivityManager: setHasOverlayUi called on unknown pid: 2245
05-01 22:08:23.934  1456  1605 I chatty  : uid=1000(system) ActivityManager identical 3 lines
05-01 22:08:23.948  1456  1605 W zygote  : kill(-2245, 9) failed: No such process
05-01 22:08:23.948  1456  1605 I zygote  : Successfully killed process cgroup uid 11299 pid 2245 in 83ms
05-01 22:08:23.948  1456  1605 W zygote  : kill(-2394, 9) failed: No such process
05-01 22:08:23.948  1456  1605 I zygote  : Successfully killed process cgroup uid 11299 pid 2394 in 0ms
05-01 22:08:23.984  1456  5907 I ActivityManager: START u0 {act=android.intent.action.MAIN cat=[android.intent.category.LAUNCHER] flg=0x10000000 cmp=org.mozilla.fennec_aurora/.App} from uid 2000
05-01 22:08:23.984   794   839 E ANDR-PERF-RESOURCEQS: Failed to apply optimization [4, 0]
05-01 22:08:24.004  1456 10736 I ActivityManager: Start proc 2604:org.mozilla.fennec_aurora/u0a1299 for activity org.mozilla.fennec_aurora/.App
05-01 22:08:24.091 17373 17428 I MicroDetectionState: Should stop hotword detection immediately - false
05-01 22:08:24.091 17373 17428 I MicroDetector: Keeping mic open: false
05-01 22:08:24.091 17373 17475 E DeviceStateChecker: DeviceStateChecker cancelled
05-01 22:08:24.091 17373 17428 I RecognitionAudioControl: #shutdownAudio [requestId: -2749060708118214788, keepAudioOpen: false, forced: true]
05-01 22:08:24.091 17373 17428 I RecognitionAudioControl: #internalShutdownAudio [requestId: -2749060708118214788]
05-01 22:08:24.092 17373 17428 I RecognitionAudioControl: #internalShutdownAudio [keepAudioOpen: false, forced: true]
05-01 22:08:24.092 17373 17428 I RecognitionAudioControl: #actualShutdownAudio
05-01 22:08:24.092 17373 17428 I AudioController: #shutdown [requestId=-2749060708118214788]
05-01 22:08:24.092 17373 17396 I AudioController: internalShutdown
05-01 22:08:24.092 17373 17426 I MicroRecognitionRunner: Stopping hotword detection.
05-01 22:08:24.141   788  1479 D audio_hw_primary: disable_audio_route: usecase(9) reset and update mixer path: audio-record
05-01 22:08:24.142   788  1479 D audio_hw_primary: disable_snd_device: snd_device(120: voice-rec-mic)
05-01 22:08:24.143  1012  1012 D APM_AudioPolicyManager: stopInput() input 328982, session 329097
05-01 22:08:24.143   788   788 D audio_hw_primary: in_set_parameters: enter: kvpairs=routing=0
05-01 22:08:24.145 17373 17396 I MicrophoneInputStream: mic_close  SR : 16000 CC : 16 SO : 1999
05-01 22:08:24.146 17373 17396 E AudioSource: Stop listening is called on already closed AudioSource
05-01 22:08:24.147 17373 28777 I MicroRecognitionRunner: Detection finished
05-01 22:08:24.182  2604  2604 I chatty  : uid=11299(org.mozilla.fennec_aurora) expire 18 lines
05-01 22:08:24.259  2604  2627 I chatty  : uid=11299(org.mozilla.fennec_aurora) expire 4 lines
05-01 22:08:24.283  2604  2641 I chatty  : uid=11299(org.mozilla.fennec_aurora) expire 11 lines
05-01 22:08:24.302  2604  2640 I chatty  : uid=11299(org.mozilla.fennec_aurora) expire 10 lines
05-01 22:08:24.307  2604  2644 I chatty  : uid=11299(org.mozilla.fennec_aurora) expire 12 lines
05-01 22:08:24.378  2604  2653 I chatty  : uid=11299(org.mozilla.fennec_aurora) expire 6 lines
05-01 22:08:24.391  2604  2604 I chatty  : uid=11299(org.mozilla.fennec_aurora) expire 39 lines
05-01 22:08:24.401  2604  2641 I chatty  : uid=11299(org.mozilla.fennec_aurora) expire 2 lines
05-01 22:08:24.403  2604  2640 I chatty  : uid=11299(org.mozilla.fennec_aurora) expire 13 lines
05-01 22:08:24.430  2604  2662 I chatty  : uid=11299(org.mozilla.fennec_aurora) expire 2 lines
05-01 22:08:24.432  2604  2644 I chatty  : uid=11299(org.mozilla.fennec_aurora) expire 7 lines
05-01 22:08:24.463  1456  5050 I ActivityManager: START u0 {act=android.intent.action.MAIN cat=[android.intent.category.LAUNCHER] flg=0x10000000 cmp=org.mozilla.fennec_aurora/org.mozilla.fenix.HomeActivity (has extras)} from uid 11299
05-01 22:08:24.486   808   808 D SurfaceFlinger: duplicate layer name: changing Splash Screen org.mozilla.fennec_aurora to Splash Screen org.mozilla.fennec_aurora#1
05-01 22:08:24.506  2604  2613 I chatty  : uid=11299(org.mozilla.fennec_aurora) expire 8 lines
05-01 22:08:24.539  1456  2915 I ActivityManager: Start proc 2690:org.mozilla.fennec_aurora:tab0/u0a1299 for service org.mozilla.fennec_aurora/org.mozilla.gecko.process.GeckoChildProcessServices$tab0
05-01 22:08:24.553  2604  2678 I chatty  : uid=11299(org.mozilla.fennec_aurora) expire 1 line
05-01 22:08:24.690  2690  2690 I chatty  : uid=11299(org.mozilla.fennec_aurora) expire 2 lines
05-01 22:08:24.690  2690  2739 I chatty  : uid=11299(org.mozilla.fennec_aurora) expire 1 line
05-01 22:08:24.933   808   898 I SFPerfTracer:      triggers: (rate: 0:1) (0 sw vsyncs) (0 skipped) (21:6845910 vsyncs) (23:13953290)
05-01 22:08:24.938  2604  2752 I chatty  : uid=11299(org.mozilla.fennec_aurora) expire 9 lines
05-01 22:08:24.954  1456  1471 D ConnectivityService: requestNetwork for uid/pid:11299/2604 NetworkRequest [ TRACK_DEFAULT id=40775, [ Capabilities: INTERNET&NOT_RESTRICTED&TRUSTED&NOT_VPN] ]
05-01 22:08:24.955  1456  1471 I WifiService: getDhcpInfo uid=11299
05-01 22:08:24.955  1456  2099 D Ethernet: got request NetworkRequest [ TRACK_DEFAULT id=40775, [ Capabilities: INTERNET&NOT_RESTRICTED&TRUSTED&NOT_VPN] ] with score 60
05-01 22:08:24.955  1456  2054 D WIFI_UT : got request NetworkRequest [ TRACK_DEFAULT id=40775, [ Capabilities: INTERNET&NOT_RESTRICTED&TRUSTED&NOT_VPN] ] with score 60
05-01 22:08:24.956  1456  2054 D WIFI    : got request NetworkRequest [ TRACK_DEFAULT id=40775, [ Capabilities: INTERNET&NOT_RESTRICTED&TRUSTED&NOT_VPN] ] with score 60
05-01 22:08:24.956  2398  2398 D PhoneSwitcherNetworkRequstListener: got request NetworkRequest [ TRACK_DEFAULT id=40775, [ Capabilities: INTERNET&NOT_RESTRICTED&TRUSTED&NOT_VPN] ] with score 60
05-01 22:08:25.101  2604  2759 I chatty  : uid=11299(org.mozilla.fennec_aurora) expire 5 lines
05-01 22:08:25.112  1456  1673 I LaunchCheckinHandler: Displayed org.mozilla.fennec_aurora/org.mozilla.fenix.HomeActivity,wp,ca,572
05-01 22:08:25.112  1456  1673 I ActivityManager: Displayed org.mozilla.fennec_aurora/org.mozilla.fenix.HomeActivity: +564ms (total +1s113ms)
05-01 22:08:25.141 17373 17373 I MemoryTrimmer: Trimming objects from memory, since app is in the background.
05-01 22:08:25.141 17373 26495 I PBSessionCacheImpl: Deleted sessionId[76408848338820227] from persistence.
05-01 22:08:25.145  1456  5907 I WifiService: getWifiEnabledState uid=10073
05-01 22:08:25.147 17373 17428 I DEBUG   : OpaToSrpTransitionState#onStateChanged#notNullQuery
05-01 22:08:25.148 17373 17428 I DEBUG   : OpaToSrpTransitionState#onStateChanged#notNullQuery
05-01 22:08:25.150 17373 17428 W SearchServiceCore: Abort, client detached.
05-01 22:08:25.150 17373 17428 I chatty  : uid=10073(com.google.android.googlequicksearchbox) EventBus0 identical 1 line
05-01 22:08:25.151 17373 17428 W SearchServiceCore: Abort, client detached.
05-01 22:08:25.410  1456  5907 I ActivityManager: Fully drawn org.mozilla.fennec_aurora/org.mozilla.fenix.HomeActivity: +869ms (total +1s418ms)
05-01 22:08:25.482  2604  2788 I chatty  : uid=11299(org.mozilla.fennec_aurora) expire 1 line
05-01 22:08:25.482  2604  2787 I chatty  : uid=11299(org.mozilla.fennec_aurora) expire 1 line
05-01 22:08:25.940   808   808 I SFPerfTracer:      triggers: (rate: 86:2039401) (compose: 0:7) (post: 0:19) (render: 0:17) (30:10911509 frames) (31:13838393)
05-01 22:08:25.940   808   808 D SFPerfTracer:        layers: (3:11) (NavigationBar#0 (0xb07df000): 0:1059210) (StatusBar#0 (0xb07e3000): 0:2472754) (com.android.systemui.ImageWallpaper#0 (0xb07e7000): 0:98872)* (Sprite#0 (0xb0733000): 0:317)* (DimLayerController/Stack=0#0 (0xb075a000): 0:3866)* (Sprite#1 (0xb077c000): 0:195)* (com.android.launcher3/com.android.launcher3.CustomizationPanelLauncher#0 (0xb0763000): 0:39)- (com.android.launcher3/com.android.launcher3.CustomizationPanelLauncher#1 (0xb0771000): 0:10)- (Splash Screen org.mozilla.fennec_aurora#0 (0xb039b000): 0:19)- (Splash Screen org.mozilla.fennec_aurora#1 (0xafd23000): 0:30)- (org.mozilla.fennec_aurora/org.mozilla.fenix.HomeActivity#0 (0xb039b000): 30:43) 
05-01 22:08:25.943  2604  2632 I chatty  : uid=11299(org.mozilla.fennec_aurora) expire 2 lines
05-01 22:08:25.948  1456  2067 D ConnectivityService: releasing NetworkRequest [ TRACK_DEFAULT id=40775, [ Capabilities: INTERNET&NOT_RESTRICTED&TRUSTED&NOT_VPN] ] (release request)
05-01 22:08:26.000  2604  2798 I chatty  : uid=11299(org.mozilla.fennec_aurora) expire 1 line
05-01 22:08:26.580  2604  2642 I chatty  : uid=11299(org.mozilla.fennec_aurora) expire 26 lines
05-01 22:08:26.649  2604  2628 I chatty  : uid=11299(org.mozilla.fennec_aurora) expire 1 line
05-01 22:08:29.653  2835  2835 D AndroidRuntime: >>>>>> START com.android.internal.os.RuntimeInit uid 2000 <<<<<<
05-01 22:08:29.666  2835  2835 W app_process: Could not reserve sentinel fault page
05-01 22:08:29.834  2835  2835 I app_process: The ClassLoaderContext is a special shared library.
05-01 22:08:29.900  2835  2835 D AndroidRuntime: Calling main entry com.android.commands.input.Input
05-01 22:08:29.904  2835  2835 I Input   : injectKeyEvent: KeyEvent { action=ACTION_DOWN, keyCode=KEYCODE_HOME, scanCode=0, metaState=0, flags=0x0, repeatCount=0, eventTime=20461377487, downTime=20461377487, deviceId=-1, source=0x101 }
05-01 22:08:29.910  2835  2835 I Input   : injectKeyEvent: KeyEvent { action=ACTION_UP, keyCode=KEYCODE_HOME, scanCode=0, metaState=0, flags=0x0, repeatCount=0, eventTime=20461377487, downTime=20461377487, deviceId=-1, source=0x101 }
05-01 22:08:29.919  1456  1941 I ActivityManager: START u0 {act=android.intent.action.MAIN cat=[android.intent.category.HOME] flg=0x10200000 cmp=com.android.launcher3/.CustomizationPanelLauncher (has extras)} from uid 1000
05-01 22:08:29.919   794   839 E ANDR-PERF-RESOURCEQS: Failed to apply optimization [4, 0]
05-01 22:08:29.929  2835  2835 D AndroidRuntime: Shutting down VM
05-01 22:08:29.938  1456  5907 I ActivityManager: moveHomeStack, setupComplete:true
05-01 22:08:29.967 17373 17422 I Adreno  : QUALCOMM build                   : bb5b86c, I77d3059488
05-01 22:08:29.967 17373 17422 I Adreno  : Build Date                       : 06/07/18
05-01 22:08:29.967 17373 17422 I Adreno  : OpenGL ES Shader Compiler Version: EV031.22.00.01_06
05-01 22:08:29.967 17373 17422 I Adreno  : Local Branch                     : 
05-01 22:08:29.967 17373 17422 I Adreno  : Remote Branch                    : refs/tags/AU_LINUX_ANDROID_LA.UM.6.5.R1.08.01.00.312.086
05-01 22:08:29.967 17373 17422 I Adreno  : Remote Branch                    : NONE
05-01 22:08:29.967 17373 17422 I Adreno  : Reconstruct Branch               : NOTHING
05-01 22:08:29.973  2748  2748 D Launcher.Utilities: Wakeup weather: Intent { act=com.motorola.launcher3.action.WAKEUP_WEATHER cmp=com.motorola.timeweatherwidget/com.motorola.commandcenter.weather.WakeUpService }
05-01 22:08:29.974 17373 17422 D vndksupport: Loading /vendor/lib/hw/gralloc.msm8937.so from current namespace instead of sphal namespace.
05-01 22:08:29.981 17373 17422 I Adreno  : PFP: 0x005ff087, ME: 0x005ff063
05-01 22:08:29.984 17373 17422 I zygote  : android::hardware::configstore::V1_0::ISurfaceFlingerConfigs::hasWideColorDisplay retrieved: 0
05-01 22:08:29.985 17373 17422 I OpenGLRenderer: Initialized EGL, version 1.4
05-01 22:08:29.985 17373 17422 D OpenGLRenderer: Swap behavior 2
05-01 22:08:29.987  1456  1456 I NotificationService: Cannot find enqueued record for key: 0|com.motorola.timeweatherwidget|1|null|10116
05-01 22:08:29.994   808   808 D SurfaceFlinger: duplicate layer name: changing com.android.launcher3/com.android.launcher3.CustomizationPanelLauncher to com.android.launcher3/com.android.launcher3.CustomizationPanelLauncher#1
05-01 22:08:30.018 17373 17397 W ThreadPoolDumper: Queue length for executor EventBus is now 11. Perhaps some tasks are too long, or the pool is too small.
05-01 22:08:30.021  1456  5907 I WifiService: getWifiEnabledState uid=10073
05-01 22:08:30.033  1456  1471 I WifiService: getWifiEnabledState uid=10073
05-01 22:08:30.040 17373 17428 I DEBUG   : OpaToSrpTransitionState#onStateChanged#notNullQuery
05-01 22:08:30.042 17373 17428 I DEBUG   : OpaToSrpTransitionState#onStateChanged#notNullQuery
05-01 22:08:30.067 17373 17428 I MicroDetectionState: Should stop hotword detection immediately - false
05-01 22:08:30.071 17373 17428 I MicroDetectionWorker: #startMicroDetector [speakerMode: 0]
05-01 22:08:30.073 17373 17428 I AudioController: Created new AudioSource
05-01 22:08:30.096  1456  1673 I LaunchCheckinHandler: Displayed com.android.launcher3/.CustomizationPanelLauncher,wp,wa,177
05-01 22:08:30.098 17373 17392 I MicroDataManager: isInitializedWithLatestParams-true
05-01 22:08:30.098 17373 17392 I MicroDataManager: isInitializing-false locale not changed-true model not changed-true
05-01 22:08:30.099 17373 17392 I MicroDataManager: Already initialized, obtaining the hotword data immediately.
05-01 22:08:30.105 17373 17475 I MicroRecognitionRunner: Starting detection.
05-01 22:08:30.105 17373 17475 I InputStreamUtils: Using micInputStream
05-01 22:08:30.106 17373 26495 I MicrophoneInputStream: mic_starting  SR : 16000 CC : 16 SO : 1999
05-01 22:08:30.108   788   788 V msm8974_platform: platform_check_input_mask: enter check_input_mask source 6 mask 10
05-01 22:08:30.110  1012  2850 I AudioFlinger: AudioFlinger's thread 0xb2483e40 tid=2850 ready to run
05-01 22:08:30.117   788   788 D audio_hw_primary: in_set_parameters: enter: kvpairs=input_source=6;routing=-2147483644
05-01 22:08:30.118  1012 13178 D APM_AudioPolicyManager: AudioPolicyManager::startInput() input 328990, session 329105, source = 1999
05-01 22:08:30.119 17373 26495 I MicrophoneInputStream: mic_started  SR : 16000 CC : 16 SO : 1999
05-01 22:08:30.121   788  2851 V msm8974_platform: platform_update_usecase_from_source: input source :6
05-01 22:08:30.121   788  2851 V msm8974_platform: platform_check_input_mask: enter check_input_mask source 6 mask 10
05-01 22:08:30.122   788  2851 V msm8974_platform: platform_get_input_snd_device: enter: out_device(0) in_device(0x4) channel_count (1) channel_mask (0x10)
05-01 22:08:30.122   788  2851 V msm8974_platform: platform_get_input_snd_device: exit: in_snd_device(voice-rec-mic)
05-01 22:08:30.122   788  2851 V msm8974_platform: platform_get_backend_index:napb: backend port - 5 device - 120 
05-01 22:08:30.122   788  2851 V msm8974_platform: platform_check_and_set_capture_backend_cfg:txbecf: afe: bitwidth 0, samplerate 0, channel 1, backend_idx 5 usecase = 9 device (voice-rec-mic)
05-01 22:08:30.122   788  2851 V msm8974_platform: platform_check_capture_backend_cfg:txbecf: afe: Codec selected backend: 5 current bit width: 0 and sample rate: 0, channels 1
05-01 22:08:30.122   788  2851 V msm8974_platform: platform_check_capture_backend_cfg:txbecf: afe: Codec selected backend: 5 updated bit width: 0 and sample rate: 0
05-01 22:08:30.122   788  2851 I msm8974_platform: platform_check_capture_backend_cfg:txbecf: afe: Codec backend needs to be updated. new bit width: 0 new sample rate: 0 new channel: 1
05-01 22:08:30.122   788  2851 V msm8974_platform: platform_get_backend_index:napb: backend port - 5 device - 120 
05-01 22:08:30.122   788  2851 V msm8974_platform: platform_set_backend_cfg:becf: afe: bitwidth 0, samplerate 0 channels 1, backend_idx 5 device (voice-rec-mic)
05-01 22:08:30.122   788  2851 E msm8974_platform: platform_set_backend_cfg:becf: afe: Could not get ctl for mixer command - SLIM_0_TX Format
05-01 22:08:30.122   788  2851 V msm8974_platform: platform_send_audio_calibration: sending audio calibration for snd_device(120) acdb_id(62)
05-01 22:08:30.122   788  2851 D ACDB-LOADER: ACDB -> send_audio_cal, acdb_id = 62, path = 1, app id = 0x11130, sample rate = 48000
05-01 22:08:30.122   788  2851 D ACDB-LOADER: ACDB -> send_asm_topology
05-01 22:08:30.122   788  2851 D ACDB-LOADER: ACDB -> ACDB_CMD_GET_AUDPROC_STREAM_TOPOLOGY_ID
05-01 22:08:30.122   788  2851 D ACDB-LOADER: ACDB -> send_adm_topology
05-01 22:08:30.122   788  2851 D ACDB-LOADER: ACDB -> ACDB_CMD_GET_AUDPROC_COMMON_TOPOLOGY_ID
05-01 22:08:30.123   788  2851 D ACDB-LOADER: ACDB -> send_audtable
05-01 22:08:30.123   788  2851 D ACDB-LOADER: ACDB -> ACDB_CMD_GET_AUDPROC_COMMON_TABLE_SIZE
05-01 22:08:30.123   788  2851 D ACDB-LOADER: ACDB -> ACDB_CMD_GET_AUDPROC_COMMON_TABLE
05-01 22:08:30.123   788  2851 D ACDB-LOADER: ACDB -> AUDIO_SET_AUDPROC_CAL
05-01 22:08:30.123   788  2851 D ACDB-LOADER: ACDB -> send_audvoltable
05-01 22:08:30.123   788  2851 D ACDB-LOADER: ACDB -> ACDB_CMD_GET_AUDPROC_VOL_STEP_TABLE_SIZE
05-01 22:08:30.123   788  2851 D ACDB-LOADER: ACDB -> ACDB_CMD_GET_AUDPROC_GAIN_DEP_STEP_TABLE, vol index 0
05-01 22:08:30.123   788  2851 D         : Failed to fetch the lookup information of the device 0000003E 
05-01 22:08:30.123   788  2851 D ACDB-LOADER: ACDB -> AUDIO_SET_VOL_CAL cal type = 12
05-01 22:08:30.123   788  2851 D ACDB-LOADER: ACDB -> ACDB_CMD_GET_AUDPROC_STREAM_TABLE_SIZE
05-01 22:08:30.123   788  2851 D ACDB-LOADER: ACDB -> send_audstrmtable
05-01 22:08:30.123   788  2851 D ACDB-LOADER: ACDB -> ACDB_CMD_GET_AUDPROC_STREAM_TABLE_V2
05-01 22:08:30.123   788  2851 D ACDB-LOADER: ACDB -> audstrm_cal->cal_type.cal_data.cal_size = 456
05-01 22:08:30.123   788  2851 D ACDB-LOADER: ACDB -> send_afe_topology
05-01 22:08:30.123   788  2851 D ACDB-LOADER: ACDB -> ACDB_CMD_GET_AFE_TOPOLOGY_ID
05-01 22:08:30.123   788  2851 D ACDB-LOADER: ACDB -> GET_AFE_TOPOLOGY_ID for adcd_id 62, Topology Id 112fb
05-01 22:08:30.123   788  2851 D ACDB-LOADER: ACDB -> send_afe_cal
05-01 22:08:30.123   788  2851 D ACDB-LOADER: ACDB -> ACDB_CMD_GET_AFE_COMMON_TABLE_SIZE
05-01 22:08:30.123   788  2851 D         : Failed to fetch the lookup information of the device 0000003E 
05-01 22:08:30.123   788  2851 E ACDB-LOADER: Error: ACDB_CMD_GET_AFE_COMMON_TABLE_SIZE Returned = -19
05-01 22:08:30.123   788  2851 D ACDB-LOADER: ACDB -> ACDB_CMD_GET_AFE_COMMON_TABLE
05-01 22:08:30.123   788  2851 D         : Failed to fetch the lookup information of the device 0000003E 
05-01 22:08:30.123   788  2851 D ACDB-LOADER: ACDB -> AUDIO_SET_AFE_CAL
05-01 22:08:30.123   788  2851 D ACDB-LOADER: ACDB -> send_hw_delay : acdb_id = 62 path = 1
05-01 22:08:30.123   788  2851 D ACDB-LOADER: ACDB -> ACDB_AVSYNC_INFO: ACDB_CMD_GET_DEVICE_PROPERTY
05-01 22:08:30.124   788  2851 D audio_hw_primary: enable_snd_device: snd_device(120: voice-rec-mic)
05-01 22:08:30.124   788  2851 D audio_route: Apply path: voice-rec-mic
05-01 22:08:30.126   788  2851 V msm8974_platform: platform_get_snd_device_backend_index: enter with device 120
05-01 22:08:30.126   788  2851 E msm8974_platform: platform_get_snd_device_backend_index: BE DAI Name Table is not present
05-01 22:08:30.126   788  2851 V msm8974_platform: platform_get_backend_index:napb: backend port - 5 device - 120 
05-01 22:08:30.127   788  2851 I audio_hw_utils: Set Audio Stream Capture 0 App Type Cfg: app_type 69936, acdb_dev_id 62, sample_rate 48000, snd_device_be_idx -14
05-01 22:08:30.127   788  2851 D audio_hw_primary: enable_audio_route: usecase(9) apply and update mixer path: audio-record
05-01 22:08:30.127   788  2851 D audio_route: Apply path: audio-record
05-01 22:08:30.169  2604  2855 I chatty  : uid=11299(org.mozilla.fennec_aurora) expire 10 lines
05-01 22:08:30.196 17373 17428 I MicroDetectionWorker: onReady
05-01 22:08:30.369  1456  1471 D ConnectivityService: requestNetwork for uid/pid:11299/2604 NetworkRequest [ TRACK_DEFAULT id=40776, [ Capabilities: INTERNET&NOT_RESTRICTED&TRUSTED&NOT_VPN] ]
05-01 22:08:30.371  1456  2099 D Ethernet: got request NetworkRequest [ TRACK_DEFAULT id=40776, [ Capabilities: INTERNET&NOT_RESTRICTED&TRUSTED&NOT_VPN] ] with score 60
05-01 22:08:30.371  1456  2054 D WIFI_UT : got request NetworkRequest [ TRACK_DEFAULT id=40776, [ Capabilities: INTERNET&NOT_RESTRICTED&TRUSTED&NOT_VPN] ] with score 60
05-01 22:08:30.371  1456  2054 D WIFI    : got request NetworkRequest [ TRACK_DEFAULT id=40776, [ Capabilities: INTERNET&NOT_RESTRICTED&TRUSTED&NOT_VPN] ] with score 60
05-01 22:08:30.371  2398  2398 D PhoneSwitcherNetworkRequstListener: got request NetworkRequest [ TRACK_DEFAULT id=40776, [ Capabilities: INTERNET&NOT_RESTRICTED&TRUSTED&NOT_VPN] ] with score 60
05-01 22:08:30.378  2604  2861 I chatty  : uid=11299(org.mozilla.fennec_aurora) expire 5 lines
05-01 22:08:30.502  1456  7796 I OpenGLRenderer: Initialized EGL, version 1.4
05-01 22:08:30.503  1456  7796 D OpenGLRenderer: Swap behavior 2
05-01 22:08:30.536  2748  2917 W OpenGLRenderer: Incorrectly called buildLayer on View: ShortcutAndWidgetContainer, destroying layer...
05-01 22:08:30.576  1456  2067 D ConnectivityService: releasing NetworkRequest [ TRACK_DEFAULT id=40776, [ Capabilities: INTERNET&NOT_RESTRICTED&TRUSTED&NOT_VPN] ] (release request)
05-01 22:08:30.629  2604  2660 I chatty  : uid=11299(org.mozilla.fennec_aurora) expire 1 line
05-01 22:08:30.674  1456  1471 D ConnectivityService: requestNetwork for uid/pid:11299/2604 NetworkRequest [ TRACK_DEFAULT id=40777, [ Capabilities: INTERNET&NOT_RESTRICTED&TRUSTED&NOT_VPN] ]
05-01 22:08:30.675  1456  2099 D Ethernet: got request NetworkRequest [ TRACK_DEFAULT id=40777, [ Capabilities: INTERNET&NOT_RESTRICTED&TRUSTED&NOT_VPN] ] with score 60
05-01 22:08:30.675  1456  2054 D WIFI_UT : got request NetworkRequest [ TRACK_DEFAULT id=40777, [ Capabilities: INTERNET&NOT_RESTRICTED&TRUSTED&NOT_VPN] ] with score 60
05-01 22:08:30.675  1456  2054 D WIFI    : got request NetworkRequest [ TRACK_DEFAULT id=40777, [ Capabilities: INTERNET&NOT_RESTRICTED&TRUSTED&NOT_VPN] ] with score 60
05-01 22:08:30.675  2398  2398 D PhoneSwitcherNetworkRequstListener: got request NetworkRequest [ TRACK_DEFAULT id=40777, [ Capabilities: INTERNET&NOT_RESTRICTED&TRUSTED&NOT_VPN] ] with score 60
05-01 22:08:30.688  2604  2862 I chatty  : uid=11299(org.mozilla.fennec_aurora) expire 9 lines
05-01 22:08:31.100  2604  2635 I chatty  : uid=11299(org.mozilla.fennec_aurora) expire 1 line
05-01 22:08:31.103  1456  2067 D ConnectivityService: releasing NetworkRequest [ TRACK_DEFAULT id=40777, [ Capabilities: INTERNET&NOT_RESTRICTED&TRUSTED&NOT_VPN] ] (release request)
05-01 22:08:35.083  1456  1471 I ActivityManager: Force stopping org.mozilla.fennec_aurora appid=11299 user=0: from pid 2866
05-01 22:08:35.083  1456  1471 I ActivityManager: Killing 2604:org.mozilla.fennec_aurora/u0a1299 (adj 700): stop org.mozilla.fennec_aurora
05-01 22:08:35.086  1456  1605 W zygote  : kill(-2604, 9) failed: No such process
05-01 22:08:35.088  1456  1471 W ActivityManager: Force removing ActivityRecord{a900640 u0 org.mozilla.fennec_aurora/org.mozilla.fenix.HomeActivity t67654}: app died, no saved state
05-01 22:08:35.096  1456  1471 I ActivityManager: Killing 2690:org.mozilla.fennec_aurora:tab0/u0a1299 (adj 0): stop org.mozilla.fennec_aurora
05-01 22:08:35.101  1456  1605 W zygote  : kill(-2604, 9) failed: No such process
05-01 22:08:35.108  2398  2398 D CarrierSvcBindHelper: No carrier app for: 0
05-01 22:08:35.109  2398  2398 D CarrierSvcBindHelper: No carrier app for: 1
05-01 22:08:35.115  1456  1605 W zygote  : kill(-2604, 9) failed: No such process
05-01 22:08:35.157  1456  1605 I chatty  : uid=1000(system) ActivityManager identical 3 lines
05-01 22:08:35.165  1456  1673 W ActivityManager: setHasOverlayUi called on unknown pid: 2604
05-01 22:08:35.173  1456  1605 W zygote  : kill(-2604, 9) failed: No such process
