07-21 23:59:47.764   797  4243 E ACDB-LOADER: Error: ACDB_CMD_GET_AFE_COMMON_TABLE_SIZE Returned = -19
07-21 23:59:47.764   797  4243 D ACDB-LOADER: ACDB -> ACDB_CMD_GET_AFE_COMMON_TABLE
07-21 23:59:47.764   797  4243 D         : Failed to fetch the lookup information of the device 0000003E 
07-21 23:59:47.764   797  4243 D ACDB-LOADER: ACDB -> AUDIO_SET_AFE_CAL
07-21 23:59:47.764   797  4243 D ACDB-LOADER: ACDB -> send_hw_delay : acdb_id = 62 path = 1
07-21 23:59:47.764   797  4243 D ACDB-LOADER: ACDB -> ACDB_AVSYNC_INFO: ACDB_CMD_GET_DEVICE_PROPERTY
07-21 23:59:47.764   797  4243 D audio_hw_primary: enable_snd_device: snd_device(120: voice-rec-mic)
07-21 23:59:47.764   797  4243 D audio_route: Apply path: voice-rec-mic
07-21 23:59:47.768   797  4243 V msm8974_platform: platform_get_snd_device_backend_index: enter with device 120
07-21 23:59:47.768   797  4243 E msm8974_platform: platform_get_snd_device_backend_index: BE DAI Name Table is not present
07-21 23:59:47.768   797  4243 V msm8974_platform: platform_get_backend_index:napb: backend port - 5 device - 120 
07-21 23:59:47.768   797  4243 I audio_hw_utils: Set Audio Stream Capture 0 App Type Cfg: app_type 69936, acdb_dev_id 62, sample_rate 48000, snd_device_be_idx -14
07-21 23:59:47.768   797  4243 D audio_hw_primary: enable_audio_route: usecase(9) apply and update mixer path: audio-record
07-21 23:59:47.768   797  4243 D audio_route: Apply path: audio-record
07-21 23:59:47.771  2670  2703 I zygote  : NativeAlloc concurrent copying GC freed 22335(1169KB) AllocSpace objects, 0(0B) LOS objects, 49% free, 3MB/6MB, paused 153us total 126.531ms
07-21 23:59:47.809  2370  2463 I QCNEJ   : |CORE| CNE received action RSSI/Link Changed events: android.net.wifi.RSSI_CHANGED
07-21 23:59:47.809  2370  2463 D QCNEJ   : |CORE| Updating RSSI: -55
07-21 23:59:47.817  3228  3253 I CarrierServices: [2622] cnd.onConnectivityChange: FiST: Wifi connectivity status true
07-21 23:59:47.819  3228  3303 I CarrierServices: [2643] cwy.a: (PEv2-SM): DisabledState: event Connectivity event
07-21 23:59:47.820  3228  3253 I CarrierServices: [2622] cnv.d: Connected state: [1], networkType: [WIFI]
07-21 23:59:47.821  3228  3314 I CarrierServices: [2650] czd.d: RCS Configuration storage in Bugle is disabled by p/h flag, using ProvisioningEngineStateCacheUtil.getProvisioningConfigurationForGivenSim()
07-21 23:59:47.908  1561  2437 D ConnectivityService: requestNetwork for uid/pid:11504/4041 NetworkRequest [ TRACK_DEFAULT id=888, [ Capabilities: INTERNET&NOT_RESTRICTED&TRUSTED&NOT_VPN] ]
07-21 23:59:47.909  1561  2110 D WIFI_UT : got request NetworkRequest [ TRACK_DEFAULT id=888, [ Capabilities: INTERNET&NOT_RESTRICTED&TRUSTED&NOT_VPN] ] with score 60
07-21 23:59:47.909  1561  2182 D Ethernet: got request NetworkRequest [ TRACK_DEFAULT id=888, [ Capabilities: INTERNET&NOT_RESTRICTED&TRUSTED&NOT_VPN] ] with score 60
07-21 23:59:47.909  1561  2110 D WIFI    : got request NetworkRequest [ TRACK_DEFAULT id=888, [ Capabilities: INTERNET&NOT_RESTRICTED&TRUSTED&NOT_VPN] ] with score 60
07-21 23:59:47.909  2420  2420 D PhoneSwitcherNetworkRequstListener: got request NetworkRequest [ TRACK_DEFAULT id=888, [ Capabilities: INTERNET&NOT_RESTRICTED&TRUSTED&NOT_VPN] ] with score 60
07-21 23:59:47.924  4041  4245 I chatty  : uid=11504(org.mozilla.fennec_aurora) expire 5 lines
07-21 23:59:48.032  1561  9453 I Adreno  : QUALCOMM build                   : bb5b86c, I77d3059488
07-21 23:59:48.032  1561  9453 I Adreno  : Build Date                       : 06/07/18
07-21 23:59:48.032  1561  9453 I Adreno  : OpenGL ES Shader Compiler Version: EV031.22.00.01_06
07-21 23:59:48.032  1561  9453 I Adreno  : Local Branch                     : 
07-21 23:59:48.032  1561  9453 I Adreno  : Remote Branch                    : refs/tags/AU_LINUX_ANDROID_LA.UM.6.5.R1.08.01.00.312.086
07-21 23:59:48.032  1561  9453 I Adreno  : Remote Branch                    : NONE
07-21 23:59:48.032  1561  9453 I Adreno  : Reconstruct Branch               : NOTHING
07-21 23:59:48.039  1561  9453 D vndksupport: Loading /vendor/lib/hw/gralloc.msm8937.so from current namespace instead of sphal namespace.
07-21 23:59:48.048  1561  9453 I Adreno  : PFP: 0x005ff087, ME: 0x005ff063
07-21 23:59:48.050   817   817 I SFPerfTracer:      triggers: (rate: 4:1909) (compose: 0:0) (post: 0:1) (render: 0:0) (12:46874 frames) (13:62343)
07-21 23:59:48.050   817   817 D SFPerfTracer:        layers: (4:9) (NavigationBar#0 (0xb2e5f000): 1:6568) (StatusBar#0 (0xb2e62000): 2:13240) (com.android.systemui.ImageWallpaper#0 (0xb2e77000): 0:800) (com.android.launcher3/com.android.launcher3.CustomizationPanelLauncher#0 (0xb2e6d000): 0:7)- (com.android.launcher3/com.android.launcher3.CustomizationPanelLauncher#1 (0xb2dd1000): 0:9)- (Splash Screen org.mozilla.fennec_aurora#1 (0xb2dd6000): 0:32)- (org.mozilla.fennec_aurora/org.mozilla.fenix.HomeActivity#0 (0xb2e5d000): 12:52)* (com.android.launcher3/com.android.launcher3.CustomizationPanelLauncher#0 (0xb2e6d000): 1:5)* (com.android.launcher3/com.android.launcher3.CustomizationPanelLauncher#1 (0xb2dd1000): 1:5) 
07-21 23:59:48.054  1561  9453 I zygote  : android::hardware::configstore::V1_0::ISurfaceFlingerConfigs::hasWideColorDisplay retrieved: 0
07-21 23:59:48.056  1561  9453 I OpenGLRenderer: Initialized EGL, version 1.4
07-21 23:59:48.056  1561  9453 D OpenGLRenderer: Swap behavior 2
07-21 23:59:48.067  2670  2822 W OpenGLRenderer: Incorrectly called buildLayer on View: ShortcutAndWidgetContainer, destroying layer...
07-21 23:59:48.108  4041  4062 I chatty  : uid=11504(org.mozilla.fennec_aurora) expire 1 line
07-21 23:59:48.114  1561  2127 D ConnectivityService: releasing NetworkRequest [ TRACK_DEFAULT id=888, [ Capabilities: INTERNET&NOT_RESTRICTED&TRUSTED&NOT_VPN] ] (release request)
07-21 23:59:48.147  2799  2816 I Finsky  : [3735] ksu.run(36): Stats for Executor: bgExecutor kut@bbe6f41[Running, pool size = 4, active threads = 0, queued tasks = 0, completed tasks = 64]
07-21 23:59:48.164  1561  1959 D BatteryService: uevent={POWER_SUPPLY_VOLTAGE_NOW=4094519, POWER_SUPPLY_CHARGE_RATE=Normal, POWER_SUPPLY_HEALTH=Good, POWER_SUPPLY_CURRENT_NOW=-280760, POWER_SUPPLY_PRESENT=1, SUBSYSTEM=power_supply, POWER_SUPPLY_TEMP=312, SEQNUM=4680, ACTION=change, POWER_SUPPLY_NAME=battery, POWER_SUPPLY_STATUS=Charging, POWER_SUPPLY_CHARGE_COUNTER=0, POWER_SUPPLY_CAPACITY=0, DEVPATH=/devices/soc/qpnp-smbcharger-17/power_supply/battery}
07-21 23:59:48.171  2420  2420 D QtiCarrierConfigHelper: WARNING, no carrier configs on phone Id: 0
07-21 23:59:48.171  2420  2420 D VideoCall_LowBattery: disconnectVideoCalls on low battery
07-21 23:59:48.171  2420  2420 D VideoCall_LowBattery: disconnectVideoCalls 
07-21 23:59:48.223  4041  4068 I chatty  : uid=11504(org.mozilla.fennec_aurora) expire 3 lines
07-21 23:59:48.228  4041  4041 I chatty  : uid=11504(org.mozilla.fennec_aurora) expire 7 lines
07-21 23:59:48.249  1561  5071 D ConnectivityService: requestNetwork for uid/pid:11504/4041 NetworkRequest [ TRACK_DEFAULT id=889, [ Capabilities: INTERNET&NOT_RESTRICTED&TRUSTED&NOT_VPN] ]
07-21 23:59:48.251  1561  2182 D Ethernet: got request NetworkRequest [ TRACK_DEFAULT id=889, [ Capabilities: INTERNET&NOT_RESTRICTED&TRUSTED&NOT_VPN] ] with score 60
07-21 23:59:48.252  2420  2420 D PhoneSwitcherNetworkRequstListener: got request NetworkRequest [ TRACK_DEFAULT id=889, [ Capabilities: INTERNET&NOT_RESTRICTED&TRUSTED&NOT_VPN] ] with score 60
07-21 23:59:48.253  1561  2110 D WIFI_UT : got request NetworkRequest [ TRACK_DEFAULT id=889, [ Capabilities: INTERNET&NOT_RESTRICTED&TRUSTED&NOT_VPN] ] with score 60
07-21 23:59:48.254  1561  2110 D WIFI    : got request NetworkRequest [ TRACK_DEFAULT id=889, [ Capabilities: INTERNET&NOT_RESTRICTED&TRUSTED&NOT_VPN] ] with score 60
07-21 23:59:48.298  4041  4249 I chatty  : uid=11504(org.mozilla.fennec_aurora) expire 10 lines
07-21 23:59:48.301  2202  2264 I PeriodicStatsRunner: PeriodicStatsRunner.call():175 call()
07-21 23:59:48.301  2202  2264 I PeriodicStatsRunner: PeriodicStatsRunner.call():179 No submit PeriodicStats since input started.
07-21 23:59:48.380  1561  1576 I zygote  : NativeAlloc concurrent copying GC freed 61667(3MB) AllocSpace objects, 30(968KB) LOS objects, 42% free, 17MB/30MB, paused 413us total 347.528ms
07-21 23:59:48.435  4041  4113 I chatty  : uid=11504(org.mozilla.fennec_aurora) expire 25 lines
07-21 23:59:48.442  4041  4257 I chatty  : uid=11504(org.mozilla.fennec_aurora) expire 2 lines
07-21 23:59:48.461  4041  4259 I chatty  : uid=11504(org.mozilla.fennec_aurora) expire 9 lines
07-21 23:59:49.021  4041  4065 I chatty  : uid=11504(org.mozilla.fennec_aurora) expire 1 line
07-21 23:59:49.026  1561  2127 D ConnectivityService: releasing NetworkRequest [ TRACK_DEFAULT id=889, [ Capabilities: INTERNET&NOT_RESTRICTED&TRUSTED&NOT_VPN] ] (release request)
07-21 23:59:49.051  4041  4264 I chatty  : uid=11504(org.mozilla.fennec_aurora) expire 5 lines
07-21 23:59:49.140  4041  4264 W ActivityThread: ClassLoader.getResources: The class loader returned by Thread.getContextClassLoader() may fail for processes that host multiple applications. You should explicitly specify a context class loader. For example: Thread.setContextClassLoader(getClass().getClassLoader());
07-21 23:59:49.156  4041  4060 I chatty  : uid=11504(org.mozilla.fennec_aurora) expire 1 line
07-21 23:59:52.578  2202  2264 I PeriodicStatsRunner: PeriodicStatsRunner.call():175 call()
07-21 23:59:52.578  2202  2264 I PeriodicStatsRunner: PeriodicStatsRunner.call():179 No submit PeriodicStats since input started.
07-21 23:59:52.677  1561  2437 I ActivityManager: Force stopping org.mozilla.fennec_aurora appid=11504 user=0: from pid 4269
07-21 23:59:52.677  1561  2437 I ActivityManager: Killing 4041:org.mozilla.fennec_aurora/u0a1504 (adj 700): stop org.mozilla.fennec_aurora
07-21 23:59:52.681  1561  1658 W zygote  : kill(-4041, 9) failed: No such process
07-21 23:59:52.681  4132  4132 I chatty  : uid=11504(org.mozilla.fennec_aurora) expire 1 line
07-21 23:59:52.682  1561  2437 W ActivityManager: Force removing ActivityRecord{767722a u0 org.mozilla.fennec_aurora/org.mozilla.fenix.HomeActivity t929}: app died, no saved state
07-21 23:59:52.690  1561  2437 I ActivityManager: Killing 4132:org.mozilla.fennec_aurora:tab0/u0a1504 (adj 0): stop org.mozilla.fennec_aurora
07-21 23:59:52.697  1561  1658 W zygote  : kill(-4041, 9) failed: No such process
07-21 23:59:52.703  2420  2420 D CarrierSvcBindHelper: No carrier app for: 0
07-21 23:59:52.704  2420  2420 D CarrierSvcBindHelper: No carrier app for: 1
07-21 23:59:52.713  1561  1658 W zygote  : kill(-4041, 9) failed: No such process
07-21 23:59:52.743  1561  1658 I chatty  : uid=1000(system) ActivityManager identical 2 lines
07-21 23:59:52.751  1561  1767 W ActivityManager: setHasOverlayUi called on unknown pid: 4041
07-21 23:59:52.757  1561  1658 W zygote  : kill(-4041, 9) failed: No such process
07-21 23:59:52.757  1561  1658 I zygote  : Successfully killed process cgroup uid 11504 pid 4041 in 76ms
07-21 23:59:52.757  1561  1658 W zygote  : kill(-4132, 9) failed: No such process
07-21 23:59:52.757  1561  1658 I zygote  : Successfully killed process cgroup uid 11504 pid 4132 in 0ms
07-21 23:59:53.817  1561  5634 I ActivityManager: START u0 {act=android.intent.action.MAIN cat=[android.intent.category.LAUNCHER] flg=0x10000000 cmp=org.mozilla.fennec_aurora/.App} from uid 2000
07-21 23:59:53.818   803   852 E ANDR-PERF-RESOURCEQS: Failed to apply optimization [4, 0]
07-21 23:59:53.843  1561  8474 I ActivityManager: Start proc 4276:org.mozilla.fennec_aurora/u0a1504 for activity org.mozilla.fennec_aurora/.App
07-21 23:59:53.935  7733  7853 I MicroDetectionState: Should stop hotword detection immediately - false
07-21 23:59:53.936  7733  7853 I MicroDetector: Keeping mic open: false
07-21 23:59:53.936  7733  7853 I MicroDetector: #shutdownAudioWithAudioLibrary
07-21 23:59:53.936  7733 13174 E DeviceStateChecker: DeviceStateChecker cancelled
07-21 23:59:53.936  7733  7757 I MicroRecognitionRunner: Stopping hotword detection.
07-21 23:59:53.937  7733  7781 W w       : #stopListening failed: listening session token inactive.
07-21 23:59:53.938  7733 19289 W h       : #copyFromBuffer interrupted: exception in wait.
07-21 23:59:53.938  7733 19289 W h       : java.lang.InterruptedException
07-21 23:59:53.938  7733 19289 W h       : 	at java.util.concurrent.locks.AbstractQueuedSynchronizer$ConditionObject.reportInterruptAfterWait(AbstractQueuedSynchronizer.java:2034)
07-21 23:59:53.938  7733 19289 W h       : 	at java.util.concurrent.locks.AbstractQueuedSynchronizer$ConditionObject.await(AbstractQueuedSynchronizer.java:2068)
07-21 23:59:53.938  7733 19289 W h       : 	at com.google.android.libraries.search.c.h.a.h.a(SourceFile:13)
07-21 23:59:53.938  7733 19289 W h       : 	at com.google.android.libraries.search.c.h.a.c.a(SourceFile:2)
07-21 23:59:53.938  7733 19289 W h       : 	at com.google.android.libraries.search.c.e.a.read(SourceFile:18)
07-21 23:59:53.938  7733 19289 W h       : 	at com.google.android.libraries.assistant.hotword.s.a(SourceFile:16)
07-21 23:59:53.938  7733 19289 W h       : 	at com.google.android.apps.gsa.staticplugins.microdetection.c.n.a(SourceFile:81)
07-21 23:59:53.938  7733 19289 W h       : 	at com.google.android.apps.gsa.staticplugins.microdetection.c.k.run(Unknown Source:22)
07-21 23:59:53.938  7733 19289 W h       : 	at com.google.android.libraries.gsa.m.a.l.call(Unknown Source:8)
07-21 23:59:53.938  7733 19289 W h       : 	at java.util.concurrent.FutureTask.run(FutureTask.java:266)
07-21 23:59:53.938  7733 19289 W h       : 	at com.google.apps.tiktok.concurrent.aq.run(SourceFile:1)
07-21 23:59:53.938  7733 19289 W h       : 	at java.util.concurrent.ThreadPoolExecutor.runWorker(ThreadPoolExecutor.java:1162)
07-21 23:59:53.938  7733 19289 W h       : 	at java.util.concurrent.ThreadPoolExecutor$Worker.run(ThreadPoolExecutor.java:636)
07-21 23:59:53.938  7733 19289 W h       : 	at com.google.apps.tiktok.concurrent.f.run(Unknown Source:24)
07-21 23:59:53.938  7733 19289 W h       : 	at java.lang.Thread.run(Thread.java:764)
07-21 23:59:53.939  7733 19289 I MicroRecognitionRunner: Detection finished
07-21 23:59:53.998   797  1425 D audio_hw_primary: disable_audio_route: usecase(9) reset and update mixer path: audio-record
07-21 23:59:53.999   797  1425 D audio_hw_primary: disable_snd_device: snd_device(120: voice-rec-mic)
07-21 23:59:54.001  1021  8860 D APM_AudioPolicyManager: stopInput() input 2934, session 2969
07-21 23:59:54.002   797  1425 D audio_hw_primary: in_set_parameters: enter: kvpairs=routing=0
07-21 23:59:54.007  7733  7853 I HotwordLSAdapter: stopListeningStatus result: 1
07-21 23:59:54.008  7733  7819 I AListeningSessionUtils: Sending AudioStatusChangedBroadcast to :interactor. audioSourceType: 5, isActive: false
07-21 23:59:54.052  4276  4276 I chatty  : uid=11504(org.mozilla.fennec_aurora) expire 55 lines
07-21 23:59:54.120  4276  4294 I chatty  : uid=11504(org.mozilla.fennec_aurora) expire 4 lines
07-21 23:59:54.233  4276  4302 I chatty  : uid=11504(org.mozilla.fennec_aurora) expire 13 lines
07-21 23:59:54.258  4276  4301 I chatty  : uid=11504(org.mozilla.fennec_aurora) expire 23 lines
07-21 23:59:54.273  4276  4305 I chatty  : uid=11504(org.mozilla.fennec_aurora) expire 1 line
07-21 23:59:54.280  4276  4306 I chatty  : uid=11504(org.mozilla.fennec_aurora) expire 19 lines
07-21 23:59:54.405  4276  4316 I chatty  : uid=11504(org.mozilla.fennec_aurora) expire 6 lines
07-21 23:59:54.508  4276  4286 I chatty  : uid=11504(org.mozilla.fennec_aurora) expire 1 line
07-21 23:59:54.593  1561  5634 I ActivityManager: START u0 {act=android.intent.action.MAIN cat=[android.intent.category.LAUNCHER] flg=0x10000000 cmp=org.mozilla.fennec_aurora/org.mozilla.fenix.HomeActivity (has extras)} from uid 11504
07-21 23:59:54.617   817   817 D SurfaceFlinger: duplicate layer name: changing Splash Screen org.mozilla.fennec_aurora to Splash Screen org.mozilla.fennec_aurora#1
07-21 23:59:54.734  4276  4342 I chatty  : uid=11504(org.mozilla.fennec_aurora) expire 1 line
07-21 23:59:54.769  4276  4281 I chatty  : uid=11504(org.mozilla.fennec_aurora) expire 8 lines
07-21 23:59:54.787  1561  5435 I ActivityManager: Start proc 4360:org.mozilla.fennec_aurora:tab0/u0a1504 for service org.mozilla.fennec_aurora/org.mozilla.gecko.process.GeckoChildProcessServices$tab0
07-21 23:59:54.798  4276  4347 I chatty  : uid=11504(org.mozilla.fennec_aurora) expire 1 line
07-21 23:59:54.993  4360  4360 I chatty  : uid=11504(org.mozilla.fennec_aurora) expire 1 line
07-21 23:59:55.001  4360  4380 I chatty  : uid=11504(org.mozilla.fennec_aurora) expire 1 line
07-21 23:59:55.383  4276  4341 I chatty  : uid=11504(org.mozilla.fennec_aurora) expire 1 line
07-21 23:59:55.404  4276  4390 I chatty  : uid=11504(org.mozilla.fennec_aurora) expire 9 lines
07-21 23:59:55.458  1561  4833 D ConnectivityService: requestNetwork for uid/pid:11504/4276 NetworkRequest [ TRACK_DEFAULT id=890, [ Capabilities: INTERNET&NOT_RESTRICTED&TRUSTED&NOT_VPN] ]
07-21 23:59:55.460  1561  2182 D Ethernet: got request NetworkRequest [ TRACK_DEFAULT id=890, [ Capabilities: INTERNET&NOT_RESTRICTED&TRUSTED&NOT_VPN] ] with score 60
07-21 23:59:55.461  2420  2420 D PhoneSwitcherNetworkRequstListener: got request NetworkRequest [ TRACK_DEFAULT id=890, [ Capabilities: INTERNET&NOT_RESTRICTED&TRUSTED&NOT_VPN] ] with score 60
07-21 23:59:55.470  1561  2110 D WIFI_UT : got request NetworkRequest [ TRACK_DEFAULT id=890, [ Capabilities: INTERNET&NOT_RESTRICTED&TRUSTED&NOT_VPN] ] with score 60
07-21 23:59:55.470  1561  2110 D WIFI    : got request NetworkRequest [ TRACK_DEFAULT id=890, [ Capabilities: INTERNET&NOT_RESTRICTED&TRUSTED&NOT_VPN] ] with score 60
07-21 23:59:55.493  1561  4833 I WifiService: getDhcpInfo uid=11504
07-21 23:59:55.730   817   905 I SFPerfTracer:      triggers: (rate: 0:0) (0 sw vsyncs) (0 skipped) (58:49559 vsyncs) (60:64379)
07-21 23:59:55.791  1561  4833 I ActivityManager: Displayed org.mozilla.fennec_aurora/org.mozilla.fenix.HomeActivity: +1s113ms (total +1s962ms)
07-21 23:59:55.791  1561  4833 I ActivityManager: Fully drawn org.mozilla.fennec_aurora/org.mozilla.fenix.HomeActivity: +1s113ms (total +1s962ms)
07-21 23:59:55.853  1561  1767 I LaunchCheckinHandler: Displayed org.mozilla.fennec_aurora/org.mozilla.fenix.HomeActivity,wp,ca,1175
07-21 23:59:55.853  4276  4403 I chatty  : uid=11504(org.mozilla.fennec_aurora) expire 5 lines
07-21 23:59:55.873  2202  2202 I GoogleInputMethodService: GoogleInputMethodService.onFinishInput():3138 
07-21 23:59:55.873  2202  2202 I GoogleInputMethodService: GoogleInputMethodService.onStartInput():1808 
07-21 23:59:55.892  7733  7733 I MemoryTrimmer: Trimming objects from memory, since app is in the background.
07-21 23:59:55.910  1561  1959 D BatteryService: uevent={POWER_SUPPLY_VOLTAGE_NOW=4060950, POWER_SUPPLY_CHARGE_RATE=Normal, POWER_SUPPLY_HEALTH=Good, POWER_SUPPLY_CURRENT_NOW=-69884, POWER_SUPPLY_PRESENT=1, SUBSYSTEM=power_supply, POWER_SUPPLY_TEMP=312, SEQNUM=4681, ACTION=change, POWER_SUPPLY_NAME=battery, POWER_SUPPLY_STATUS=Charging, POWER_SUPPLY_CHARGE_COUNTER=0, POWER_SUPPLY_CAPACITY=0, DEVPATH=/devices/soc/qpnp-smbcharger-17/power_supply/battery}
07-21 23:59:55.923  7733  7783 I PBSessionCacheImpl: Deleted sessionId[34011689038248253] from persistence.
07-21 23:59:55.925  2420  2420 D QtiCarrierConfigHelper: WARNING, no carrier configs on phone Id: 0
07-21 23:59:55.925  2420  2420 D VideoCall_LowBattery: disconnectVideoCalls on low battery
07-21 23:59:55.925  2420  2420 D VideoCall_LowBattery: disconnectVideoCalls 
07-21 23:59:55.939  7733  7733 I MemoryTrimmer: Trimming objects from memory, since app is in the background.
07-21 23:59:55.944  1561  4833 I WifiService: getWifiEnabledState uid=10073
07-21 23:59:55.960  7733  7853 W SearchServiceCore: Abort, client detached.
07-21 23:59:55.970  4276  4404 I chatty  : uid=11504(org.mozilla.fennec_aurora) expire 1 line
07-21 23:59:56.014  4276  4405 I chatty  : uid=11504(org.mozilla.fennec_aurora) expire 1 line
07-21 23:59:56.018   817   817 I SFPerfTracer:      triggers: (rate: 4:1913) (compose: 0:0) (post: 0:1) (render: 0:0) (6:46958 frames) (7:62449)
07-21 23:59:56.019   817   817 D SFPerfTracer:        layers: (4:8) (NavigationBar#0 (0xb2e5f000): 0:6578) (StatusBar#0 (0xb2e62000): 2:13255) (com.android.systemui.ImageWallpaper#0 (0xb2e77000): 0:801)* (com.android.launcher3/com.android.launcher3.CustomizationPanelLauncher#0 (0xb2e6d000): 0:8)- (com.android.launcher3/com.android.launcher3.CustomizationPanelLauncher#1 (0xb2dd1000): 0:10)- (Splash Screen org.mozilla.fennec_aurora#0 (0xb2e5d000): 0:19)- (Splash Screen org.mozilla.fennec_aurora#1 (0xb2dd6000): 6:30) (org.mozilla.fennec_aurora/org.mozilla.fenix.HomeActivity#0 (0xb2e5d000): 6:13) 
07-21 23:59:56.979  2370  2463 I QCNEJ   : |CORE| CNE received action RSSI/Link Changed events: android.net.wifi.RSSI_CHANGED
07-21 23:59:56.979  2370  2463 D QCNEJ   : |CORE| Updating RSSI: -56
07-21 23:59:56.987  4276  4295 I chatty  : uid=11504(org.mozilla.fennec_aurora) expire 1 line
07-21 23:59:56.987  3228  3253 I CarrierServices: [2622] cnd.onConnectivityChange: FiST: Wifi connectivity status true
07-21 23:59:56.996  3228  3253 I CarrierServices: [2622] cnv.d: Connected state: [1], networkType: [WIFI]
07-21 23:59:56.997  1561  2127 D ConnectivityService: releasing NetworkRequest [ TRACK_DEFAULT id=890, [ Capabilities: INTERNET&NOT_RESTRICTED&TRUSTED&NOT_VPN] ] (release request)
07-21 23:59:57.004  3228  3303 I CarrierServices: [2643] cwy.a: (PEv2-SM): DisabledState: event Connectivity event
07-21 23:59:57.006  3228  3314 I CarrierServices: [2650] czd.d: RCS Configuration storage in Bugle is disabled by p/h flag, using ProvisioningEngineStateCacheUtil.getProvisioningConfigurationForGivenSim()
07-21 23:59:57.154  4276  4428 I chatty  : uid=11504(org.mozilla.fennec_aurora) expire 1 line
07-21 23:59:57.288  4276  4337 I chatty  : uid=11504(org.mozilla.fennec_aurora) expire 2 lines
07-21 23:59:57.453  4276  4391 I chatty  : uid=11504(org.mozilla.fennec_aurora) expire 1 line
07-21 23:59:59.667  4456  4456 D AndroidRuntime: >>>>>> START com.android.internal.os.RuntimeInit uid 2000 <<<<<<
07-21 23:59:59.686  4456  4456 W app_process: Could not reserve sentinel fault page
07-21 23:59:59.922  4456  4456 I app_process: The ClassLoaderContext is a special shared library.
07-22 00:00:00.010  4456  4456 D AndroidRuntime: Calling main entry com.android.commands.input.Input
07-22 00:00:00.011  4456  4456 I Input   : injectKeyEvent: KeyEvent { action=ACTION_DOWN, keyCode=KEYCODE_HOME, scanCode=0, metaState=0, flags=0x0, repeatCount=0, eventTime=22988915, downTime=22988915, deviceId=-1, source=0x101 }
07-22 00:00:00.018  4456  4456 I Input   : injectKeyEvent: KeyEvent { action=ACTION_UP, keyCode=KEYCODE_HOME, scanCode=0, metaState=0, flags=0x0, repeatCount=0, eventTime=22988915, downTime=22988915, deviceId=-1, source=0x101 }
07-22 00:00:00.022  2370  2463 I QCNEJ   : |CORE| CNE received action RSSI/Link Changed events: android.net.wifi.RSSI_CHANGED
07-22 00:00:00.022  2370  2463 D QCNEJ   : |CORE| Updating RSSI: -55
07-22 00:00:00.029  1561  2004 I ActivityManager: START u0 {act=android.intent.action.MAIN cat=[android.intent.category.HOME] flg=0x10200000 cmp=com.android.launcher3/.CustomizationPanelLauncher (has extras)} from uid 1000
07-22 00:00:00.029  3228  3253 I CarrierServices: [2622] cnd.onConnectivityChange: FiST: Wifi connectivity status true
07-22 00:00:00.029   803   852 E ANDR-PERF-RESOURCEQS: Failed to apply optimization [4, 0]
07-22 00:00:00.032  3228  3314 I CarrierServices: [2650] czd.d: RCS Configuration storage in Bugle is disabled by p/h flag, using ProvisioningEngineStateCacheUtil.getProvisioningConfigurationForGivenSim()
07-22 00:00:00.035  3228  3303 I CarrierServices: [2643] cwy.a: (PEv2-SM): DisabledState: event Connectivity event
07-22 00:00:00.045  4456  4456 D AndroidRuntime: Shutting down VM
07-22 00:00:00.048  3607  3607 E mot.actions.utils.SettingsWrapper: Exception: android.provider.Settings$SettingNotFoundException: camera_gesture_disabled
07-22 00:00:00.053  3607  3607 E mot.actions.utils.SettingsWrapper: Exception: android.provider.Settings$SettingNotFoundException: camera_gesture_disabled
07-22 00:00:00.055  1561  2241 I ActivityManager: moveHomeStack, setupComplete:true
07-22 00:00:00.073  3607  3607 D Checkin : publish the event [tag = MOT_QUICK_CAPTURE event name = DailyStats]
07-22 00:00:00.089  3607  3607 D Checkin : publish the event [tag = MOT_LIFT_TO_SILENCE event name = DailyStats]
07-22 00:00:00.100  7733  8540 I Adreno  : QUALCOMM build                   : bb5b86c, I77d3059488
07-22 00:00:00.100  7733  8540 I Adreno  : Build Date                       : 06/07/18
07-22 00:00:00.100  7733  8540 I Adreno  : OpenGL ES Shader Compiler Version: EV031.22.00.01_06
07-22 00:00:00.100  7733  8540 I Adreno  : Local Branch                     : 
07-22 00:00:00.100  7733  8540 I Adreno  : Remote Branch                    : refs/tags/AU_LINUX_ANDROID_LA.UM.6.5.R1.08.01.00.312.086
07-22 00:00:00.100  7733  8540 I Adreno  : Remote Branch                    : NONE
07-22 00:00:00.100  7733  8540 I Adreno  : Reconstruct Branch               : NOTHING
07-22 00:00:00.103  2670  2670 D Launcher.Utilities: Wakeup weather: Intent { act=com.motorola.launcher3.action.WAKEUP_WEATHER cmp=com.motorola.timeweatherwidget/com.motorola.commandcenter.weather.WakeUpService }
07-22 00:00:00.106  7733  8540 D vndksupport: Loading /vendor/lib/hw/gralloc.msm8937.so from current namespace instead of sphal namespace.
07-22 00:00:00.129  7733  8540 I Adreno  : PFP: 0x005ff087, ME: 0x005ff063
07-22 00:00:00.136   817   817 D SurfaceFlinger: duplicate layer name: changing com.android.launcher3/com.android.launcher3.CustomizationPanelLauncher to com.android.launcher3/com.android.launcher3.CustomizationPanelLauncher#1
07-22 00:00:00.137  7733  8540 I zygote  : android::hardware::configstore::V1_0::ISurfaceFlingerConfigs::hasWideColorDisplay retrieved: 0
07-22 00:00:00.138  7733  8540 I OpenGLRenderer: Initialized EGL, version 1.4
07-22 00:00:00.139  7733  8540 D OpenGLRenderer: Swap behavior 2
07-22 00:00:00.149  3228  3253 I CarrierServices: [2622] cnv.d: Connected state: [1], networkType: [WIFI]
07-22 00:00:00.166  3607  3607 D Checkin : publish the event [tag = MOT_GESTURES event name = ChopChopDailyStats]
07-22 00:00:00.182  7733  7733 W ThreadPoolDumper: Queue length for executor EventBus is now 11. Perhaps some tasks are too long, or the pool is too small.
07-22 00:00:00.201  1561  4744 I WifiService: getWifiEnabledState uid=10073
07-22 00:00:00.206  2202  2202 I GoogleInputMethodService: GoogleInputMethodService.onFinishInput():3138 
07-22 00:00:00.207  2202  2202 I GoogleInputMethodService: GoogleInputMethodService.onStartInput():1808 
07-22 00:00:00.224  1561  1561 I NotificationService: Cannot find enqueued record for key: 0|com.motorola.timeweatherwidget|1|null|10116
07-22 00:00:00.262  1561  5280 I WifiService: getWifiEnabledState uid=10073
07-22 00:00:00.272  1561  1767 I LaunchCheckinHandler: Displayed com.android.launcher3/.CustomizationPanelLauncher,wp,wa,243
07-22 00:00:00.282  3607  3607 D Checkin : publish the event [tag = MOT_MICROSCREEN event name = DailyStats]
07-22 00:00:00.300  3607  3607 D Checkin : publish the event [tag = MOT_FLIP_TO_DND event name = DailyStats]
07-22 00:00:00.353  3607  3607 D Checkin : publish the event [tag = MOT_NAV_ONE event name = DailyStats]
07-22 00:00:00.354  7733  7733 I BgTaskExecutorImpl: Starting EXCLUSIVE background task TNG_MINUS_ONE_SYNC.
07-22 00:00:00.362  7733  7762 E MDD     : DownloadProgressMonitor: Can't find file group for uri: android://com.google.android.googlequicksearchbox/files/sharedminusonemodule/shared/SharedMinusOneData.pb.tmp
07-22 00:00:00.365  7733  7853 I MicroDetectionState: Should stop hotword detection immediately - false
07-22 00:00:00.390  7733  7853 I MicroDetectionWorker: #startMicroDetector [speakerMode: 0]
07-22 00:00:00.406  7733 13174 I c       : #createAudioRecord
07-22 00:00:00.407  7733  7791 I MicroDataManager: isInitializing-false locale not changed-true model not changed-true
07-22 00:00:00.407  7733  7853 I TngMinusOneSync: Syncing TNG:-1
07-22 00:00:00.407  7733  7791 I MicroDataManager: Already initialized, obtaining the hotword data immediately.
07-22 00:00:00.427   797  1425 V msm8974_platform: platform_check_input_mask: enter check_input_mask source 6 mask 10
07-22 00:00:00.438  1021  4473 I AudioFlinger: AudioFlinger's thread 0xaec832c0 tid=4473 ready to run
07-22 00:00:00.439  7733  4471 I MicroRecognitionRunner: Starting detection.
07-22 00:00:00.448  7733  4471 I InputStreamUtils: Using micInputStream
07-22 00:00:00.455   797  1425 D audio_hw_primary: in_set_parameters: enter: kvpairs=input_source=6;routing=-2147483644
07-22 00:00:00.457  1021 17273 D APM_AudioPolicyManager: AudioPolicyManager::startInput() input 2942, session 2977, source = 1999
07-22 00:00:00.462  3607  3607 D Checkin : publish the event [tag = MOT_AD_STATS event name = DailyStats]
07-22 00:00:00.462  7733  7853 I MicroDetectionWorker: onReady
07-22 00:00:00.464   797  4474 V msm8974_platform: platform_update_usecase_from_source: input source :6
07-22 00:00:00.464   797  4474 V msm8974_platform: platform_check_input_mask: enter check_input_mask source 6 mask 10
07-22 00:00:00.464   797  4474 V msm8974_platform: platform_get_input_snd_device: enter: out_device(0) in_device(0x4) channel_count (1) channel_mask (0x10)
07-22 00:00:00.464   797  4474 V msm8974_platform: platform_get_input_snd_device: exit: in_snd_device(voice-rec-mic)
07-22 00:00:00.464   797  4474 V msm8974_platform: platform_get_backend_index:napb: backend port - 5 device - 120 
07-22 00:00:00.464   797  4474 V msm8974_platform: platform_check_and_set_capture_backend_cfg:txbecf: afe: bitwidth 0, samplerate 0, channel 1, backend_idx 5 usecase = 9 device (voice-rec-mic)
07-22 00:00:00.464   797  4474 V msm8974_platform: platform_check_capture_backend_cfg:txbecf: afe: Codec selected backend: 5 current bit width: 0 and sample rate: 0, channels 1
07-22 00:00:00.464   797  4474 V msm8974_platform: platform_check_capture_backend_cfg:txbecf: afe: Codec selected backend: 5 updated bit width: 0 and sample rate: 0
07-22 00:00:00.465   797  4474 I msm8974_platform: platform_check_capture_backend_cfg:txbecf: afe: Codec backend needs to be updated. new bit width: 0 new sample rate: 0 new channel: 1
07-22 00:00:00.465   797  4474 V msm8974_platform: platform_get_backend_index:napb: backend port - 5 device - 120 
07-22 00:00:00.465   797  4474 V msm8974_platform: platform_set_backend_cfg:becf: afe: bitwidth 0, samplerate 0 channels 1, backend_idx 5 device (voice-rec-mic)
07-22 00:00:00.465   797  4474 E msm8974_platform: platform_set_backend_cfg:becf: afe: Could not get ctl for mixer command - SLIM_0_TX Format
07-22 00:00:00.465   797  4474 V msm8974_platform: platform_send_audio_calibration: sending audio calibration for snd_device(120) acdb_id(62)
07-22 00:00:00.465   797  4474 D ACDB-LOADER: ACDB -> send_audio_cal, acdb_id = 62, path = 1, app id = 0x11130, sample rate = 48000
07-22 00:00:00.465   797  4474 D ACDB-LOADER: ACDB -> send_asm_topology
07-22 00:00:00.465   797  4474 D ACDB-LOADER: ACDB -> ACDB_CMD_GET_AUDPROC_STREAM_TOPOLOGY_ID
07-22 00:00:00.466   797  4474 D ACDB-LOADER: ACDB -> send_adm_topology
07-22 00:00:00.466   797  4474 D ACDB-LOADER: ACDB -> ACDB_CMD_GET_AUDPROC_COMMON_TOPOLOGY_ID
07-22 00:00:00.466   797  4474 D ACDB-LOADER: ACDB -> send_audtable
07-22 00:00:00.466   797  4474 D ACDB-LOADER: ACDB -> ACDB_CMD_GET_AUDPROC_COMMON_TABLE_SIZE
07-22 00:00:00.466   797  4474 D ACDB-LOADER: ACDB -> ACDB_CMD_GET_AUDPROC_COMMON_TABLE
07-22 00:00:00.466   797  4474 D ACDB-LOADER: ACDB -> AUDIO_SET_AUDPROC_CAL
07-22 00:00:00.466   797  4474 D ACDB-LOADER: ACDB -> send_audvoltable
07-22 00:00:00.466   797  4474 D ACDB-LOADER: ACDB -> ACDB_CMD_GET_AUDPROC_VOL_STEP_TABLE_SIZE
07-22 00:00:00.466   797  4474 D ACDB-LOADER: ACDB -> ACDB_CMD_GET_AUDPROC_GAIN_DEP_STEP_TABLE, vol index 0
07-22 00:00:00.466   797  4474 D         : Failed to fetch the lookup information of the device 0000003E 
07-22 00:00:00.466   797  4474 D ACDB-LOADER: ACDB -> AUDIO_SET_VOL_CAL cal type = 12
07-22 00:00:00.466   797  4474 D ACDB-LOADER: ACDB -> ACDB_CMD_GET_AUDPROC_STREAM_TABLE_SIZE
07-22 00:00:00.466   797  4474 D ACDB-LOADER: ACDB -> send_audstrmtable
07-22 00:00:00.466   797  4474 D ACDB-LOADER: ACDB -> ACDB_CMD_GET_AUDPROC_STREAM_TABLE_V2
07-22 00:00:00.466   797  4474 D ACDB-LOADER: ACDB -> audstrm_cal->cal_type.cal_data.cal_size = 456
07-22 00:00:00.466   797  4474 D ACDB-LOADER: ACDB -> send_afe_topology
07-22 00:00:00.466   797  4474 D ACDB-LOADER: ACDB -> ACDB_CMD_GET_AFE_TOPOLOGY_ID
07-22 00:00:00.466   797  4474 D ACDB-LOADER: ACDB -> GET_AFE_TOPOLOGY_ID for adcd_id 62, Topology Id 112fb
07-22 00:00:00.466   797  4474 D ACDB-LOADER: ACDB -> send_afe_cal
07-22 00:00:00.466   797  4474 D ACDB-LOADER: ACDB -> ACDB_CMD_GET_AFE_COMMON_TABLE_SIZE
07-22 00:00:00.466   797  4474 D         : Failed to fetch the lookup information of the device 0000003E 
07-22 00:00:00.466   797  4474 E ACDB-LOADER: Error: ACDB_CMD_GET_AFE_COMMON_TABLE_SIZE Returned = -19
07-22 00:00:00.466   797  4474 D ACDB-LOADER: ACDB -> ACDB_CMD_GET_AFE_COMMON_TABLE
07-22 00:00:00.467   797  4474 D         : Failed to fetch the lookup information of the device 0000003E 
07-22 00:00:00.467   797  4474 D ACDB-LOADER: ACDB -> AUDIO_SET_AFE_CAL
07-22 00:00:00.467   797  4474 D ACDB-LOADER: ACDB -> send_hw_delay : acdb_id = 62 path = 1
07-22 00:00:00.467   797  4474 D ACDB-LOADER: ACDB -> ACDB_AVSYNC_INFO: ACDB_CMD_GET_DEVICE_PROPERTY
07-22 00:00:00.467   797  4474 D audio_hw_primary: enable_snd_device: snd_device(120: voice-rec-mic)
07-22 00:00:00.467   797  4474 D audio_route: Apply path: voice-rec-mic
07-22 00:00:00.470  3607  3607 D Checkin : publish the event [tag = MOT_QUICK_SCREENSHOT event name = DailyStats]
07-22 00:00:00.470   797  4474 V msm8974_platform: platform_get_snd_device_backend_index: enter with device 120
07-22 00:00:00.470   797  4474 E msm8974_platform: platform_get_snd_device_backend_index: BE DAI Name Table is not present
07-22 00:00:00.470   797  4474 V msm8974_platform: platform_get_backend_index:napb: backend port - 5 device - 120 
07-22 00:00:00.470   797  4474 I audio_hw_utils: Set Audio Stream Capture 0 App Type Cfg: app_type 69936, acdb_dev_id 62, sample_rate 48000, snd_device_be_idx -14
07-22 00:00:00.471   797  4474 D audio_hw_primary: enable_audio_route: usecase(9) apply and update mixer path: audio-record
07-22 00:00:00.471   797  4474 D audio_route: Apply path: audio-record
07-22 00:00:00.473  7733  7853 I HotwordLSAdapter: getAudioSourceOpeningStatus completed: 1
07-22 00:00:00.474  7733  7853 I HotwordLSAdapter: Sending AudioStatusChangedBroadcast to :interactor. audioSourceType: 5, isActive: true
07-22 00:00:00.483  3607  3607 D Checkin : publish the event [tag = MOT_MEDIA_CONTROL event name = DailyStats]
07-22 00:00:00.493  3607  3607 D Checkin : publish the event [tag = MOT_ENHANCED_SCREENSHOT event name = DailyStats]
07-22 00:00:00.585  1561  1561 D AlarmManagerService: Kernel timezone updated to 240 minutes west of GMT
07-22 00:00:00.602  2213  2229 I zygote  : NativeAlloc concurrent copying GC freed 40715(1890KB) AllocSpace objects, 0(0B) LOS objects, 49% free, 12MB/25MB, paused 186us total 284.484ms
07-22 00:00:00.666  1561  9453 I Adreno  : QUALCOMM build                   : bb5b86c, I77d3059488
07-22 00:00:00.666  1561  9453 I Adreno  : Build Date                       : 06/07/18
07-22 00:00:00.666  1561  9453 I Adreno  : OpenGL ES Shader Compiler Version: EV031.22.00.01_06
07-22 00:00:00.666  1561  9453 I Adreno  : Local Branch                     : 
07-22 00:00:00.666  1561  9453 I Adreno  : Remote Branch                    : refs/tags/AU_LINUX_ANDROID_LA.UM.6.5.R1.08.01.00.312.086
07-22 00:00:00.666  1561  9453 I Adreno  : Remote Branch                    : NONE
07-22 00:00:00.666  1561  9453 I Adreno  : Reconstruct Branch               : NOTHING
07-22 00:00:00.670  1561  9453 D vndksupport: Loading /vendor/lib/hw/gralloc.msm8937.so from current namespace instead of sphal namespace.
07-22 00:00:00.675  1561  9453 I Adreno  : PFP: 0x005ff087, ME: 0x005ff063
07-22 00:00:00.680  1561  9453 I zygote  : android::hardware::configstore::V1_0::ISurfaceFlingerConfigs::hasWideColorDisplay retrieved: 0
07-22 00:00:00.684  1561  9453 I OpenGLRenderer: Initialized EGL, version 1.4
07-22 00:00:00.684  1561  9453 D OpenGLRenderer: Swap behavior 2
07-22 00:00:00.695  2670  2822 W OpenGLRenderer: Incorrectly called buildLayer on View: ShortcutAndWidgetContainer, destroying layer...
07-22 00:00:00.696  1561  4833 D ConnectivityService: requestNetwork for uid/pid:11504/4276 NetworkRequest [ TRACK_DEFAULT id=891, [ Capabilities: INTERNET&NOT_RESTRICTED&TRUSTED&NOT_VPN] ]
07-22 00:00:00.699  1561  2110 D WIFI_UT : got request NetworkRequest [ TRACK_DEFAULT id=891, [ Capabilities: INTERNET&NOT_RESTRICTED&TRUSTED&NOT_VPN] ] with score 60
07-22 00:00:00.699  1561  2110 D WIFI    : got request NetworkRequest [ TRACK_DEFAULT id=891, [ Capabilities: INTERNET&NOT_RESTRICTED&TRUSTED&NOT_VPN] ] with score 60
07-22 00:00:00.700  1561  2182 D Ethernet: got request NetworkRequest [ TRACK_DEFAULT id=891, [ Capabilities: INTERNET&NOT_RESTRICTED&TRUSTED&NOT_VPN] ] with score 60
07-22 00:00:00.700  2420  2420 D PhoneSwitcherNetworkRequstListener: got request NetworkRequest [ TRACK_DEFAULT id=891, [ Capabilities: INTERNET&NOT_RESTRICTED&TRUSTED&NOT_VPN] ] with score 60
07-22 00:00:00.729  4276  4475 I chatty  : uid=11504(org.mozilla.fennec_aurora) expire 6 lines
07-22 00:00:00.759  1561  5435 W BroadcastQueue: Background execution not allowed: receiving Intent { act=android.intent.action.DATE_CHANGED flg=0x20200010 } to com.google.android.calendar/com.android.calendar.widget.CalendarAppWidgetProvider
07-22 00:00:00.759  1561  1656 W BroadcastQueue: Background execution not allowed: receiving Intent { act=android.intent.action.DATE_CHANGED flg=0x20200010 } to com.google.android.calendar/.widgetmonth.MonthViewWidgetProvider
07-22 00:00:00.771  1561  1656 W BroadcastQueue: Background execution not allowed: receiving Intent { act=android.intent.action.DATE_CHANGED flg=0x20200010 } to com.google.android.calendar/com.google.android.apps.calendar.usernotifications.NotificationsInitializer$NotificationsRelevantUpdatesReceiver
07-22 00:00:00.771  1561  1656 W BroadcastQueue: Background execution not allowed: receiving Intent { act=android.intent.action.DATE_CHANGED flg=0x20200010 } to com.google.android.gms/.chimera.GmsIntentOperationService$PersistentTrustedReceiver
07-22 00:00:00.772  1561  1656 W BroadcastQueue: Background execution not allowed: receiving Intent { act=android.intent.action.DATE_CHANGED flg=0x20200010 } to com.qualcomm.timeservice/.TimeServiceBroadcastReceiver
07-22 00:00:00.812  1561  5435 I ActivityManager: Start proc 4479:com.android.providers.calendar/u0a16 for content provider com.android.providers.calendar/.CalendarProvider2
07-22 00:00:00.869  4479  4479 I zygote  : The ClassLoaderContext is a special shared library.
07-22 00:00:00.874  4276  4494 I chatty  : uid=11504(org.mozilla.fennec_aurora) expire 10 lines
07-22 00:00:00.875  4479  4479 I zygote  : The ClassLoaderContext is a special shared library.
07-22 00:00:00.879  4479  4479 I zygote  : The ClassLoaderContext is a special shared library.
07-22 00:00:00.880  2202  2264 I PeriodicStatsRunner: PeriodicStatsRunner.call():175 call()
07-22 00:00:00.880  2202  2264 I PeriodicStatsRunner: PeriodicStatsRunner.call():179 No submit PeriodicStats since input started.
07-22 00:00:00.938  4479  4479 I CalendarProvider2: Created com.android.providers.calendar.CalendarAlarmManager@df6bc44(com.android.providers.calendar.CalendarProvider2@3112d)
07-22 00:00:00.942  1561  5435 W Binder  : Outgoing transactions from this process must be FLAG_ONEWAY
07-22 00:00:00.942  1561  5435 W Binder  : java.lang.Throwable
07-22 00:00:00.942  1561  5435 W Binder  : 	at android.os.BinderProxy.transact(Binder.java:752)
07-22 00:00:00.942  1561  5435 W Binder  : 	at android.content.ContentProviderProxy.getType(ContentProviderNative.java:451)
07-22 00:00:00.942  1561  5435 W Binder  : 	at com.android.server.am.ActivityManagerService.getProviderMimeType(ActivityManagerService.java:12677)
07-22 00:00:00.942  1561  5435 W Binder  : 	at android.app.IActivityManager$Stub.onTransact(IActivityManager.java:1800)
07-22 00:00:00.942  1561  5435 W Binder  : 	at com.android.server.am.ActivityManagerService.onTransact(ActivityManagerService.java:3169)
07-22 00:00:00.942  1561  5435 W Binder  : 	at android.os.Binder.execTransact(Binder.java:697)
07-22 00:00:01.061  4276  4327 I chatty  : uid=11504(org.mozilla.fennec_aurora) expire 17 lines
07-22 00:00:01.078  4276  4504 I chatty  : uid=11504(org.mozilla.fennec_aurora) expire 2 lines
07-22 00:00:01.226  4276  4327 I chatty  : uid=11504(org.mozilla.fennec_aurora) expire 8 lines
07-22 00:00:01.328  4276  4475 I chatty  : uid=11504(org.mozilla.fennec_aurora) expire 7 lines
07-22 00:00:01.521  4276  4297 I chatty  : uid=11504(org.mozilla.fennec_aurora) expire 2 lines
07-22 00:00:01.527  1561  2127 D ConnectivityService: releasing NetworkRequest [ TRACK_DEFAULT id=891, [ Capabilities: INTERNET&NOT_RESTRICTED&TRUSTED&NOT_VPN] ] (release request)
07-22 00:00:01.561  2482  4510 D Checkin : publish the event [tag = MOT_ULTRASOUND event name = DailyStats]
07-22 00:00:01.572  2482  4510 D Checkin : publish the event [tag = SN_AOD_STAT event name = MD_SETTINGS]
07-22 00:00:01.578  4276  4276 I chatty  : uid=11504(org.mozilla.fennec_aurora) expire 2 lines
07-22 00:00:01.597  4276  4512 I chatty  : uid=11504(org.mozilla.fennec_aurora) expire 5 lines
07-22 00:00:01.724  4276  4512 W ActivityThread: ClassLoader.getResources: The class loader returned by Thread.getContextClassLoader() may fail for processes that host multiple applications. You should explicitly specify a context class loader. For example: Thread.setContextClassLoader(getClass().getClassLoader());
07-22 00:00:05.217  2202  2264 I PeriodicStatsRunner: PeriodicStatsRunner.call():175 call()
07-22 00:00:05.217  2202  2264 I PeriodicStatsRunner: PeriodicStatsRunner.call():179 No submit PeriodicStats since input started.
07-22 00:00:05.269  1561  5435 I ActivityManager: Force stopping org.mozilla.fennec_aurora appid=11504 user=0: from pid 4518
07-22 00:00:05.270  1561  5435 I ActivityManager: Killing 4276:org.mozilla.fennec_aurora/u0a1504 (adj 700): stop org.mozilla.fennec_aurora
07-22 00:00:05.272  1561  1658 W zygote  : kill(-4276, 9) failed: No such process
07-22 00:00:05.273  4360  4360 I chatty  : uid=11504(org.mozilla.fennec_aurora) expire 1 line
07-22 00:00:05.273  1561  5435 W ActivityManager: Force removing ActivityRecord{d2df987 u0 org.mozilla.fennec_aurora/org.mozilla.fenix.HomeActivity t931}: app died, no saved state
07-22 00:00:05.282  1561  5435 I ActivityManager: Killing 4360:org.mozilla.fennec_aurora:tab0/u0a1504 (adj 0): stop org.mozilla.fennec_aurora
07-22 00:00:05.287  1561  1658 W zygote  : kill(-4276, 9) failed: No such process
07-22 00:00:05.294  2420  2420 D CarrierSvcBindHelper: No carrier app for: 0
07-22 00:00:05.295  2420  2420 D CarrierSvcBindHelper: No carrier app for: 1
07-22 00:00:05.303  1561  1658 W zygote  : kill(-4276, 9) failed: No such process
07-22 00:00:05.332  1561  1658 I chatty  : uid=1000(system) ActivityManager identical 5 lines
07-22 00:00:05.343  1561  1767 W ActivityManager: setHasOverlayUi called on unknown pid: 4276
07-22 00:00:05.347  1561  1658 W zygote  : kill(-4276, 9) failed: No such process
07-22 00:00:05.347  1561  1658 I zygote  : Successfully killed process cgroup uid 11504 pid 4276 in 74ms
07-22 00:00:05.347  1561  1658 W zygote  : kill(-4360, 9) failed: No such process
07-22 00:00:05.347  1561  1658 I zygote  : Successfully killed process cgroup uid 11504 pid 4360 in 0ms
07-22 00:00:06.411  1561  4744 I ActivityManager: START u0 {act=android.intent.action.MAIN cat=[android.intent.category.LAUNCHER] flg=0x10000000 cmp=org.mozilla.fennec_aurora/.App} from uid 2000
07-22 00:00:06.412   803   852 E ANDR-PERF-RESOURCEQS: Failed to apply optimization [4, 0]
07-22 00:00:06.439  1561  4833 I ActivityManager: Start proc 4525:org.mozilla.fennec_aurora/u0a1504 for activity org.mozilla.fennec_aurora/.App
07-22 00:00:06.534  7733  7853 I MicroDetectionState: Should stop hotword detection immediately - false
07-22 00:00:06.534  7733  7853 I MicroDetector: Keeping mic open: false
07-22 00:00:06.534  7733  7853 I MicroDetector: #shutdownAudioWithAudioLibrary
07-22 00:00:06.535  7733  7819 I MicroRecognitionRunner: Stopping hotword detection.
07-22 00:00:06.535  7733 19289 E DeviceStateChecker: DeviceStateChecker cancelled
07-22 00:00:06.535  7733  7791 W w       : #stopListening failed: listening session token inactive.
07-22 00:00:06.539  7733  4471 W h       : #copyFromBuffer interrupted: exception in wait.
07-22 00:00:06.539  7733  4471 W h       : java.lang.InterruptedException
07-22 00:00:06.539  7733  4471 W h       : 	at java.util.concurrent.locks.AbstractQueuedSynchronizer$ConditionObject.reportInterruptAfterWait(AbstractQueuedSynchronizer.java:2034)
07-22 00:00:06.539  7733  4471 W h       : 	at java.util.concurrent.locks.AbstractQueuedSynchronizer$ConditionObject.await(AbstractQueuedSynchronizer.java:2068)
07-22 00:00:06.539  7733  4471 W h       : 	at com.google.android.libraries.search.c.h.a.h.a(SourceFile:13)
07-22 00:00:06.539  7733  4471 W h       : 	at com.google.android.libraries.search.c.h.a.c.a(SourceFile:2)
07-22 00:00:06.539  7733  4471 W h       : 	at com.google.android.libraries.search.c.e.a.read(SourceFile:18)
07-22 00:00:06.539  7733  4471 W h       : 	at com.google.android.libraries.assistant.hotword.s.a(SourceFile:16)
07-22 00:00:06.539  7733  4471 W h       : 	at com.google.android.apps.gsa.staticplugins.microdetection.c.n.a(SourceFile:81)
07-22 00:00:06.539  7733  4471 W h       : 	at com.google.android.apps.gsa.staticplugins.microdetection.c.k.run(Unknown Source:22)
07-22 00:00:06.539  7733  4471 W h       : 	at com.google.android.libraries.gsa.m.a.l.call(Unknown Source:8)
07-22 00:00:06.539  7733  4471 W h       : 	at java.util.concurrent.FutureTask.run(FutureTask.java:266)
07-22 00:00:06.539  7733  4471 W h       : 	at com.google.apps.tiktok.concurrent.aq.run(SourceFile:1)
07-22 00:00:06.539  7733  4471 W h       : 	at java.util.concurrent.ThreadPoolExecutor.runWorker(ThreadPoolExecutor.java:1162)
07-22 00:00:06.539  7733  4471 W h       : 	at java.util.concurrent.ThreadPoolExecutor$Worker.run(ThreadPoolExecutor.java:636)
07-22 00:00:06.539  7733  4471 W h       : 	at com.google.apps.tiktok.concurrent.f.run(Unknown Source:24)
07-22 00:00:06.539  7733  4471 W h       : 	at java.lang.Thread.run(Thread.java:764)
07-22 00:00:06.544  7733  4471 I MicroRecognitionRunner: Detection finished
07-22 00:00:06.588   797  1425 D audio_hw_primary: disable_audio_route: usecase(9) reset and update mixer path: audio-record
07-22 00:00:06.588   797  1425 D audio_hw_primary: disable_snd_device: snd_device(120: voice-rec-mic)
07-22 00:00:06.591  1021 17273 D APM_AudioPolicyManager: stopInput() input 2942, session 2977
07-22 00:00:06.594   797  1425 D audio_hw_primary: in_set_parameters: enter: kvpairs=routing=0
07-22 00:00:06.602  7733  7853 I HotwordLSAdapter: stopListeningStatus result: 1
07-22 00:00:06.603  7733  7783 I AListeningSessionUtils: Sending AudioStatusChangedBroadcast to :interactor. audioSourceType: 5, isActive: false
07-22 00:00:06.650  4525  4525 I chatty  : uid=11504(org.mozilla.fennec_aurora) expire 57 lines
07-22 00:00:06.720  4525  4543 I chatty  : uid=11504(org.mozilla.fennec_aurora) expire 4 lines
07-22 00:00:06.830  4525  4551 I chatty  : uid=11504(org.mozilla.fennec_aurora) expire 11 lines
07-22 00:00:06.853  4525  4550 I chatty  : uid=11504(org.mozilla.fennec_aurora) expire 23 lines
07-22 00:00:06.878  4525  4555 I chatty  : uid=11504(org.mozilla.fennec_aurora) expire 19 lines
07-22 00:00:06.888  4525  4554 I chatty  : uid=11504(org.mozilla.fennec_aurora) expire 1 line
07-22 00:00:07.002  4525  4564 I chatty  : uid=11504(org.mozilla.fennec_aurora) expire 6 lines
07-22 00:00:07.167  4525  4553 I chatty  : uid=11504(org.mozilla.fennec_aurora) expire 2 lines
07-22 00:00:07.229  1561  4744 I ActivityManager: START u0 {act=android.intent.action.MAIN cat=[android.intent.category.LAUNCHER] flg=0x10000000 cmp=org.mozilla.fennec_aurora/org.mozilla.fenix.HomeActivity (has extras)} from uid 11504
07-22 00:00:07.247   817   817 D SurfaceFlinger: duplicate layer name: changing Splash Screen org.mozilla.fennec_aurora to Splash Screen org.mozilla.fennec_aurora#1
07-22 00:00:07.309  4525  4593 I chatty  : uid=11504(org.mozilla.fennec_aurora) expire 1 line
07-22 00:00:07.393   817   905 I SFPerfTracer:      triggers: (rate: 0:0) (0 sw vsyncs) (0 skipped) (3:49639 vsyncs) (5:64481)
07-22 00:00:07.428  4525  4535 I chatty  : uid=11504(org.mozilla.fennec_aurora) expire 2 lines
07-22 00:00:07.443  1561  4744 I ActivityManager: Start proc 4619:org.mozilla.fennec_aurora:tab0/u0a1504 for service org.mozilla.fennec_aurora/org.mozilla.gecko.process.GeckoChildProcessServices$tab0
07-22 00:00:07.450  4525  4598 I chatty  : uid=11504(org.mozilla.fennec_aurora) expire 1 line
07-22 00:00:07.453  4525  4530 I chatty  : uid=11504(org.mozilla.fennec_aurora) expire 8 lines
07-22 00:00:07.681  4619  4619 I chatty  : uid=11504(org.mozilla.fennec_aurora) expire 2 lines
07-22 00:00:07.689  4619  4637 I chatty  : uid=11504(org.mozilla.fennec_aurora) expire 1 line
07-22 00:00:08.050  4525  4592 I chatty  : uid=11504(org.mozilla.fennec_aurora) expire 1 line
07-22 00:00:08.068  4525  4645 I chatty  : uid=11504(org.mozilla.fennec_aurora) expire 9 lines
