03-13 19:08:06.775  7648  7648 I Input   : injectKeyEvent: KeyEvent { action=ACTION_UP, keyCode=KEYCODE_HOME, scanCode=0, metaState=0, flags=0x0, repeatCount=0, eventTime=16216942049, downTime=16216942049, deviceId=-1, source=0x101 }
03-13 19:08:06.782  1456  1941 I ActivityManager: START u0 {act=android.intent.action.MAIN cat=[android.intent.category.HOME] flg=0x10200000 cmp=com.android.launcher3/.CustomizationPanelLauncher (has extras)} from uid 1000
03-13 19:08:06.782   794   839 E ANDR-PERF-RESOURCEQS: Failed to apply optimization [4, 0]
03-13 19:08:06.793  1456  1941 I ActivityManager: moveHomeStack, setupComplete:true
03-13 19:08:06.800 28336 28375 I Adreno  : QUALCOMM build                   : bb5b86c, I77d3059488
03-13 19:08:06.800 28336 28375 I Adreno  : Build Date                       : 06/07/18
03-13 19:08:06.800 28336 28375 I Adreno  : OpenGL ES Shader Compiler Version: EV031.22.00.01_06
03-13 19:08:06.800 28336 28375 I Adreno  : Local Branch                     : 
03-13 19:08:06.800 28336 28375 I Adreno  : Remote Branch                    : refs/tags/AU_LINUX_ANDROID_LA.UM.6.5.R1.08.01.00.312.086
03-13 19:08:06.800 28336 28375 I Adreno  : Remote Branch                    : NONE
03-13 19:08:06.800 28336 28375 I Adreno  : Reconstruct Branch               : NOTHING
03-13 19:08:06.803 28336 28375 D vndksupport: Loading /vendor/lib/hw/gralloc.msm8937.so from current namespace instead of sphal namespace.
03-13 19:08:06.805  7648  7648 D AndroidRuntime: Shutting down VM
03-13 19:08:06.807 28336 28375 I Adreno  : PFP: 0x005ff087, ME: 0x005ff063
03-13 19:08:06.810 28336 28375 I zygote  : android::hardware::configstore::V1_0::ISurfaceFlingerConfigs::hasWideColorDisplay retrieved: 0
03-13 19:08:06.811 28336 28375 I OpenGLRenderer: Initialized EGL, version 1.4
03-13 19:08:06.811 28336 28375 D OpenGLRenderer: Swap behavior 2
03-13 19:08:06.816  4098  4098 I Finsky  : [2] ppb.onTrimMemory(1): Memory trim requested to level 80
03-13 19:08:06.818  2748  2748 D Launcher.Utilities: Wakeup weather: Intent { act=com.motorola.launcher3.action.WAKEUP_WEATHER cmp=com.motorola.timeweatherwidget/com.motorola.commandcenter.weather.WakeUpService }
03-13 19:08:06.831  1456  1456 I NotificationService: Cannot find enqueued record for key: 0|com.motorola.timeweatherwidget|1|null|10116
03-13 19:08:06.836   808   808 D SurfaceFlinger: duplicate layer name: changing com.android.launcher3/com.android.launcher3.CustomizationPanelLauncher to com.android.launcher3/com.android.launcher3.CustomizationPanelLauncher#1
03-13 19:08:06.842 28336 28368 W ThreadPoolDumper: Queue length for executor EventBus is now 11. Perhaps some tasks are too long, or the pool is too small.
03-13 19:08:06.843  1456  3927 I WifiService: getWifiEnabledState uid=10073
03-13 19:08:06.856  1456  2402 I WifiService: getWifiEnabledState uid=10073
03-13 19:08:06.864 28336 28379 I DEBUG   : OpaToSrpTransitionState#onStateChanged#notNullQuery
03-13 19:08:06.865 28336 28379 I DEBUG   : OpaToSrpTransitionState#onStateChanged#notNullQuery
03-13 19:08:06.884 28336 28379 I MicroDetectionState: Should stop hotword detection immediately - false
03-13 19:08:06.891 28336 28379 I MicroDetectionWorker: #startMicroDetector [speakerMode: 0]
03-13 19:08:06.894 28336 28379 I AudioController: Created new AudioSource
03-13 19:08:06.909  1456  1673 I LaunchCheckinHandler: Displayed com.android.launcher3/.CustomizationPanelLauncher,wp,wa,127
03-13 19:08:06.910 28336 28367 I MicroDataManager: isInitializedWithLatestParams-true
03-13 19:08:06.910 28336 28367 I MicroDataManager: isInitializing-false locale not changed-true model not changed-true
03-13 19:08:06.910 28336 28367 I MicroDataManager: Already initialized, obtaining the hotword data immediately.
03-13 19:08:06.914 28336 28373 I MicroRecognitionRunner: Starting detection.
03-13 19:08:06.914 28336 28373 I InputStreamUtils: Using micInputStream
03-13 19:08:06.915 28336  2938 I MicrophoneInputStream: mic_starting  SR : 16000 CC : 16 SO : 1999
03-13 19:08:06.918   788  1479 V msm8974_platform: platform_check_input_mask: enter check_input_mask source 6 mask 10
03-13 19:08:06.921  1012  7663 I AudioFlinger: AudioFlinger's thread 0xb2483d00 tid=7663 ready to run
03-13 19:08:06.928   788  1479 D audio_hw_primary: in_set_parameters: enter: kvpairs=input_source=6;routing=-2147483644
03-13 19:08:06.929  1012 13178 D APM_AudioPolicyManager: AudioPolicyManager::startInput() input 200606, session 200713, source = 1999
03-13 19:08:06.929 28336  2938 I MicrophoneInputStream: mic_started  SR : 16000 CC : 16 SO : 1999
03-13 19:08:06.930   788  7664 V msm8974_platform: platform_update_usecase_from_source: input source :6
03-13 19:08:06.930   788  7664 V msm8974_platform: platform_check_input_mask: enter check_input_mask source 6 mask 10
03-13 19:08:06.931   788  7664 V msm8974_platform: platform_get_input_snd_device: enter: out_device(0) in_device(0x4) channel_count (1) channel_mask (0x10)
03-13 19:08:06.931   788  7664 V msm8974_platform: platform_get_input_snd_device: exit: in_snd_device(voice-rec-mic)
03-13 19:08:06.931   788  7664 V msm8974_platform: platform_get_backend_index:napb: backend port - 5 device - 120 
03-13 19:08:06.931   788  7664 V msm8974_platform: platform_check_and_set_capture_backend_cfg:txbecf: afe: bitwidth 0, samplerate 0, channel 1, backend_idx 5 usecase = 9 device (voice-rec-mic)
03-13 19:08:06.931   788  7664 V msm8974_platform: platform_check_capture_backend_cfg:txbecf: afe: Codec selected backend: 5 current bit width: 0 and sample rate: 0, channels 1
03-13 19:08:06.931   788  7664 V msm8974_platform: platform_check_capture_backend_cfg:txbecf: afe: Codec selected backend: 5 updated bit width: 0 and sample rate: 0
03-13 19:08:06.931   788  7664 I msm8974_platform: platform_check_capture_backend_cfg:txbecf: afe: Codec backend needs to be updated. new bit width: 0 new sample rate: 0 new channel: 1
03-13 19:08:06.931   788  7664 V msm8974_platform: platform_get_backend_index:napb: backend port - 5 device - 120 
03-13 19:08:06.931   788  7664 V msm8974_platform: platform_set_backend_cfg:becf: afe: bitwidth 0, samplerate 0 channels 1, backend_idx 5 device (voice-rec-mic)
03-13 19:08:06.931   788  7664 E msm8974_platform: platform_set_backend_cfg:becf: afe: Could not get ctl for mixer command - SLIM_0_TX Format
03-13 19:08:06.931   788  7664 V msm8974_platform: platform_send_audio_calibration: sending audio calibration for snd_device(120) acdb_id(62)
03-13 19:08:06.931   788  7664 D ACDB-LOADER: ACDB -> send_audio_cal, acdb_id = 62, path = 1, app id = 0x11130, sample rate = 48000
03-13 19:08:06.931   788  7664 D ACDB-LOADER: ACDB -> send_asm_topology
03-13 19:08:06.931   788  7664 D ACDB-LOADER: ACDB -> ACDB_CMD_GET_AUDPROC_STREAM_TOPOLOGY_ID
03-13 19:08:06.931   788  7664 D ACDB-LOADER: ACDB -> send_adm_topology
03-13 19:08:06.931   788  7664 D ACDB-LOADER: ACDB -> ACDB_CMD_GET_AUDPROC_COMMON_TOPOLOGY_ID
03-13 19:08:06.931   788  7664 D ACDB-LOADER: ACDB -> send_audtable
03-13 19:08:06.931   788  7664 D ACDB-LOADER: ACDB -> ACDB_CMD_GET_AUDPROC_COMMON_TABLE_SIZE
03-13 19:08:06.931   788  7664 D ACDB-LOADER: ACDB -> ACDB_CMD_GET_AUDPROC_COMMON_TABLE
03-13 19:08:06.932   788  7664 D ACDB-LOADER: ACDB -> AUDIO_SET_AUDPROC_CAL
03-13 19:08:06.932   788  7664 D ACDB-LOADER: ACDB -> send_audvoltable
03-13 19:08:06.932   788  7664 D ACDB-LOADER: ACDB -> ACDB_CMD_GET_AUDPROC_VOL_STEP_TABLE_SIZE
03-13 19:08:06.932   788  7664 D ACDB-LOADER: ACDB -> ACDB_CMD_GET_AUDPROC_GAIN_DEP_STEP_TABLE, vol index 0
03-13 19:08:06.932   788  7664 D         : Failed to fetch the lookup information of the device 0000003E 
03-13 19:08:06.932   788  7664 D ACDB-LOADER: ACDB -> AUDIO_SET_VOL_CAL cal type = 12
03-13 19:08:06.932   788  7664 D ACDB-LOADER: ACDB -> ACDB_CMD_GET_AUDPROC_STREAM_TABLE_SIZE
03-13 19:08:06.932   788  7664 D ACDB-LOADER: ACDB -> send_audstrmtable
03-13 19:08:06.932   788  7664 D ACDB-LOADER: ACDB -> ACDB_CMD_GET_AUDPROC_STREAM_TABLE_V2
03-13 19:08:06.932   788  7664 D ACDB-LOADER: ACDB -> audstrm_cal->cal_type.cal_data.cal_size = 456
03-13 19:08:06.932   788  7664 D ACDB-LOADER: ACDB -> send_afe_topology
03-13 19:08:06.932   788  7664 D ACDB-LOADER: ACDB -> ACDB_CMD_GET_AFE_TOPOLOGY_ID
03-13 19:08:06.932   788  7664 D ACDB-LOADER: ACDB -> GET_AFE_TOPOLOGY_ID for adcd_id 62, Topology Id 112fb
03-13 19:08:06.932   788  7664 D ACDB-LOADER: ACDB -> send_afe_cal
03-13 19:08:06.932   788  7664 D ACDB-LOADER: ACDB -> ACDB_CMD_GET_AFE_COMMON_TABLE_SIZE
03-13 19:08:06.932   788  7664 D         : Failed to fetch the lookup information of the device 0000003E 
03-13 19:08:06.932   788  7664 E ACDB-LOADER: Error: ACDB_CMD_GET_AFE_COMMON_TABLE_SIZE Returned = -19
03-13 19:08:06.932   788  7664 D ACDB-LOADER: ACDB -> ACDB_CMD_GET_AFE_COMMON_TABLE
03-13 19:08:06.932   788  7664 D         : Failed to fetch the lookup information of the device 0000003E 
03-13 19:08:06.932   788  7664 D ACDB-LOADER: ACDB -> AUDIO_SET_AFE_CAL
03-13 19:08:06.932   788  7664 D ACDB-LOADER: ACDB -> send_hw_delay : acdb_id = 62 path = 1
03-13 19:08:06.932   788  7664 D ACDB-LOADER: ACDB -> ACDB_AVSYNC_INFO: ACDB_CMD_GET_DEVICE_PROPERTY
03-13 19:08:06.932   788  7664 D audio_hw_primary: enable_snd_device: snd_device(120: voice-rec-mic)
03-13 19:08:06.932   788  7664 D audio_route: Apply path: voice-rec-mic
03-13 19:08:06.937   788  7664 V msm8974_platform: platform_get_snd_device_backend_index: enter with device 120
03-13 19:08:06.937   788  7664 E msm8974_platform: platform_get_snd_device_backend_index: BE DAI Name Table is not present
03-13 19:08:06.937   788  7664 V msm8974_platform: platform_get_backend_index:napb: backend port - 5 device - 120 
03-13 19:08:06.937   788  7664 I audio_hw_utils: Set Audio Stream Capture 0 App Type Cfg: app_type 69936, acdb_dev_id 62, sample_rate 48000, snd_device_be_idx -14
03-13 19:08:06.937   788  7664 D audio_hw_primary: enable_audio_route: usecase(9) apply and update mixer path: audio-record
03-13 19:08:06.937   788  7664 D audio_route: Apply path: audio-record
03-13 19:08:07.007 28336 28379 I MicroDetectionWorker: onReady
03-13 19:08:07.325  1456  7796 I OpenGLRenderer: Initialized EGL, version 1.4
03-13 19:08:07.325  1456  7796 D OpenGLRenderer: Swap behavior 2
03-13 19:08:07.371  2748  2917 W OpenGLRenderer: Incorrectly called buildLayer on View: ShortcutAndWidgetContainer, destroying layer...
03-13 19:08:07.491  7442  7471 I chatty  : uid=11099(org.mozilla.fennec_aurora) expire 1 line
03-13 19:08:07.522   808   808 I SFPerfTracer:      triggers: (rate: 71:2001717) (compose: 0:7) (post: 0:19) (render: 0:17) (14:9192576 frames) (15:11286788)
03-13 19:08:07.522   808   808 D SFPerfTracer:        layers: (4:13) (NavigationBar#0 (0xb07df000): 0:719495) (StatusBar#0 (0xb07e3000): 0:1851619) (com.android.systemui.ImageWallpaper#0 (0xb07e7000): 0:64537) (Sprite#0 (0xb0733000): 0:317)* (DimLayerController/Stack=0#0 (0xb075a000): 0:3780)* (Sprite#1 (0xb077c000): 0:195)* (com.android.launcher3/com.android.launcher3.CustomizationPanelLauncher#0 (0xb0763000): 0:39)- (com.android.launcher3/com.android.launcher3.CustomizationPanelLauncher#1 (0xb0771000): 0:13)- (Splash Screen org.mozilla.fennec_aurora#0 (0xb039b000): 0:19)- (Splash Screen org.mozilla.fennec_aurora#1 (0xb013a000): 0:31)- (org.mozilla.fennec_aurora/org.mozilla.fenix.HomeActivity#0 (0xb039b000): 0:62)- (com.android.launcher3/com.android.launcher3.CustomizationPanelLauncher#0 (0xb0763000): 15:37)* (com.android.launcher3/com.android.launcher3.CustomizationPanelLauncher#1 (0xb0771000): 1:5) 
03-13 19:08:07.659  1456  1466 I zygote  : NativeAlloc concurrent copying GC freed 51802(3MB) AllocSpace objects, 26(904KB) LOS objects, 38% free, 38MB/62MB, paused 151us total 334.693ms
03-13 19:08:11.954  1456 10962 I ActivityManager: Force stopping org.mozilla.fennec_aurora appid=11099 user=0: from pid 7672
03-13 19:08:11.954  1456 10962 I ActivityManager: Killing 7442:org.mozilla.fennec_aurora/u0a1099 (adj 700): stop org.mozilla.fennec_aurora
03-13 19:08:11.956  1456  1605 W zygote  : kill(-7442, 9) failed: No such process
03-13 19:08:11.958  1456 10962 W ActivityManager: Force removing ActivityRecord{36929fb u0 org.mozilla.fennec_aurora/org.mozilla.fenix.HomeActivity t35532}: app died, no saved state
03-13 19:08:11.972  1456  1605 W zygote  : kill(-7442, 9) failed: No such process
03-13 19:08:11.976  1456 10962 I ActivityManager: Killing 7525:org.mozilla.fennec_aurora:tab/u0a1099 (adj 0): stop org.mozilla.fennec_aurora
03-13 19:08:11.989  1456  1605 W zygote  : kill(-7442, 9) failed: No such process
03-13 19:08:11.991  2398  2398 D CarrierSvcBindHelper: No carrier app for: 0
03-13 19:08:11.992  2398  2398 D CarrierSvcBindHelper: No carrier app for: 1
03-13 19:08:12.002  1456  1605 W zygote  : kill(-7442, 9) failed: No such process
03-13 19:08:12.021  1456  1673 W ActivityManager: setHasOverlayUi called on unknown pid: 7442
03-13 19:08:12.028  1456  1605 W zygote  : kill(-7442, 9) failed: No such process
03-13 19:08:12.028  1456  1605 I zygote  : Successfully killed process cgroup uid 11099 pid 7442 in 72ms
03-13 19:08:12.029  1456  1605 W zygote  : kill(-7525, 9) failed: No such process
03-13 19:08:12.029  1456  1605 I zygote  : Successfully killed process cgroup uid 11099 pid 7525 in 0ms
03-13 19:08:12.083  1456 10366 I ActivityManager: START u0 {act=android.intent.action.MAIN cat=[android.intent.category.LAUNCHER] flg=0x10000000 cmp=org.mozilla.fennec_aurora/.App} from uid 2000
03-13 19:08:12.084   794   839 E ANDR-PERF-RESOURCEQS: Failed to apply optimization [4, 0]
03-13 19:08:12.104  1456  5907 I ActivityManager: Start proc 7679:org.mozilla.fennec_aurora/u0a1099 for activity org.mozilla.fennec_aurora/.App
03-13 19:08:12.193 28336 28379 I MicroDetectionState: Should stop hotword detection immediately - false
03-13 19:08:12.193 28336 28379 I MicroDetector: Keeping mic open: false
03-13 19:08:12.193 28336 28379 I RecognitionAudioControl: #shutdownAudio [requestId: 4634234267460085511, keepAudioOpen: false, forced: true]
03-13 19:08:12.193 28336 28413 E DeviceStateChecker: DeviceStateChecker cancelled
03-13 19:08:12.193 28336 28379 I RecognitionAudioControl: #internalShutdownAudio [requestId: 4634234267460085511]
03-13 19:08:12.193 28336 28379 I RecognitionAudioControl: #internalShutdownAudio [keepAudioOpen: false, forced: true]
03-13 19:08:12.193 28336 28379 I RecognitionAudioControl: #actualShutdownAudio
03-13 19:08:12.193 28336 28379 I AudioController: #shutdown [requestId=4634234267460085511]
03-13 19:08:12.193 28336 28362 I AudioController: internalShutdown
03-13 19:08:12.193 28336 28380 I MicroRecognitionRunner: Stopping hotword detection.
03-13 19:08:12.246   788  1479 D audio_hw_primary: disable_audio_route: usecase(9) reset and update mixer path: audio-record
03-13 19:08:12.247   788  1479 D audio_hw_primary: disable_snd_device: snd_device(120: voice-rec-mic)
03-13 19:08:12.249  1012  1301 D APM_AudioPolicyManager: stopInput() input 200606, session 200713
03-13 19:08:12.250   788  1401 D audio_hw_primary: in_set_parameters: enter: kvpairs=routing=0
03-13 19:08:12.253 28336 28362 I MicrophoneInputStream: mic_close  SR : 16000 CC : 16 SO : 1999
03-13 19:08:12.253 28336 28362 E AudioSource: Stop listening is called on already closed AudioSource
03-13 19:08:12.255 28336 28373 I MicroRecognitionRunner: Detection finished
03-13 19:08:12.256  7679  7679 I chatty  : uid=11099(org.mozilla.fennec_aurora) expire 13 lines
03-13 19:08:12.340  7679  7698 I chatty  : uid=11099(org.mozilla.fennec_aurora) expire 4 lines
03-13 19:08:12.363  1456  5907 D ConnectivityService: requestNetwork for uid/pid:11099/7679 NetworkRequest [ TRACK_DEFAULT id=30790, [ Capabilities: INTERNET&NOT_RESTRICTED&TRUSTED&NOT_VPN] ]
03-13 19:08:12.364  7679  7717 I chatty  : uid=11099(org.mozilla.fennec_aurora) expire 11 lines
03-13 19:08:12.364  1456  2099 D Ethernet: got request NetworkRequest [ TRACK_DEFAULT id=30790, [ Capabilities: INTERNET&NOT_RESTRICTED&TRUSTED&NOT_VPN] ] with score 0
03-13 19:08:12.365  1456  2054 D WIFI_UT : got request NetworkRequest [ TRACK_DEFAULT id=30790, [ Capabilities: INTERNET&NOT_RESTRICTED&TRUSTED&NOT_VPN] ] with score 0
03-13 19:08:12.365  1456  2054 D WIFI    : got request NetworkRequest [ TRACK_DEFAULT id=30790, [ Capabilities: INTERNET&NOT_RESTRICTED&TRUSTED&NOT_VPN] ] with score 0
03-13 19:08:12.365  2398  2398 D PhoneSwitcherNetworkRequstListener: got request NetworkRequest [ TRACK_DEFAULT id=30790, [ Capabilities: INTERNET&NOT_RESTRICTED&TRUSTED&NOT_VPN] ] with score 0
03-13 19:08:12.381  7679  7715 I chatty  : uid=11099(org.mozilla.fennec_aurora) expire 11 lines
03-13 19:08:12.420  7679  7723 I chatty  : uid=11099(org.mozilla.fennec_aurora) expire 27 lines
03-13 19:08:12.475  7679  7679 I chatty  : uid=11099(org.mozilla.fennec_aurora) expire 41 lines
03-13 19:08:12.497  7679  7717 I chatty  : uid=11099(org.mozilla.fennec_aurora) expire 3 lines
03-13 19:08:12.514  7679  7728 I chatty  : uid=11099(org.mozilla.fennec_aurora) expire 1 line
03-13 19:08:12.518  7679  7732 I chatty  : uid=11099(org.mozilla.fennec_aurora) expire 10 lines
03-13 19:08:12.563  1456  5907 I ActivityManager: START u0 {act=android.intent.action.MAIN cat=[android.intent.category.LAUNCHER] flg=0x10000000 cmp=org.mozilla.fennec_aurora/org.mozilla.fenix.HomeActivity (has extras)} from uid 11099
03-13 19:08:12.581  7679  7684 I chatty  : uid=11099(org.mozilla.fennec_aurora) expire 8 lines
03-13 19:08:12.586   808   808 D SurfaceFlinger: duplicate layer name: changing Splash Screen org.mozilla.fennec_aurora to Splash Screen org.mozilla.fennec_aurora#1
03-13 19:08:12.915  1456  5050 I ActivityManager: Start proc 7775:org.mozilla.fennec_aurora:tab/u0a1099 for service org.mozilla.fennec_aurora/org.mozilla.gecko.process.GeckoChildProcessServices$tab
03-13 19:08:12.978  7679  7795 I chatty  : uid=11099(org.mozilla.fennec_aurora) expire 9 lines
03-13 19:08:13.043  7775  7775 I chatty  : uid=11099(org.mozilla.fennec_aurora) expire 2 lines
03-13 19:08:13.043  7775  7801 I chatty  : uid=11099(org.mozilla.fennec_aurora) expire 1 line
03-13 19:08:13.200  1456  1673 I LaunchCheckinHandler: Displayed org.mozilla.fennec_aurora/org.mozilla.fenix.HomeActivity,wp,ca,585
03-13 19:08:13.201  1456  1673 I ActivityManager: Displayed org.mozilla.fennec_aurora/org.mozilla.fenix.HomeActivity: +576ms (total +1s99ms)
03-13 19:08:13.240 28336  2938 I PBSessionCacheImpl: Deleted sessionId[124624629806572592] from persistence.
03-13 19:08:13.241 28336 28336 I MemoryTrimmer: Trimming objects from memory, since app is in the background.
03-13 19:08:13.243  1456  2920 I WifiService: getWifiEnabledState uid=10073
03-13 19:08:13.245 28336 28379 I DEBUG   : OpaToSrpTransitionState#onStateChanged#notNullQuery
03-13 19:08:13.246 28336 28379 I DEBUG   : OpaToSrpTransitionState#onStateChanged#notNullQuery
03-13 19:08:13.249 28336 28379 W SearchServiceCore: Abort, client detached.
03-13 19:08:13.249 28336 28379 I chatty  : uid=10073(com.google.android.googlequicksearchbox) EventBus0 identical 1 line
03-13 19:08:13.254 28336 28379 W SearchServiceCore: Abort, client detached.
03-13 19:08:13.411  1456  2920 I ActivityManager: Fully drawn org.mozilla.fennec_aurora/org.mozilla.fenix.HomeActivity: +795ms (total +1s318ms)
03-13 19:08:13.692  7679  7822 I chatty  : uid=11099(org.mozilla.fennec_aurora) expire 2 lines
03-13 19:08:13.849  1023  7829 D libc    : Internal error: netid(0), id(0xf289), server(0.0.0.0)
03-13 19:08:13.849  1023  7829 D libc    : Internal error: netid(0), id(0xf289), server(0.0.0.0)
03-13 19:08:13.850  1023  7829 D libc    : Internal error: netid(0), id(0x43df), server(0.0.0.0)
03-13 19:08:13.850  1023  7829 D libc    : Internal error: netid(0), id(0x43df), server(0.0.0.0)
03-13 19:08:13.867  1023  7840 D libc    : Internal error: netid(0), id(0xdba7), server(0.0.0.0)
03-13 19:08:13.867  1023  7840 D libc    : Internal error: netid(0), id(0xdba7), server(0.0.0.0)
03-13 19:08:13.868  1023  7840 D libc    : Internal error: netid(0), id(0x369c), server(0.0.0.0)
03-13 19:08:13.868  1023  7840 D libc    : Internal error: netid(0), id(0x369c), server(0.0.0.0)
03-13 19:08:13.869  7679  7814 I chatty  : uid=11099(org.mozilla.fennec_aurora) expire 2 lines
03-13 19:08:13.870  7679  7813 I chatty  : uid=11099(org.mozilla.fennec_aurora) expire 2 lines
03-13 19:08:13.873  1023  7849 D libc    : Internal error: netid(0), id(0xe9f4), server(0.0.0.0)
03-13 19:08:13.873  1023  7849 D libc    : Internal error: netid(0), id(0xe9f4), server(0.0.0.0)
03-13 19:08:13.873  1023  7849 D libc    : Internal error: netid(0), id(0x8bb3), server(0.0.0.0)
03-13 19:08:13.873  1023  7849 D libc    : Internal error: netid(0), id(0x8bb3), server(0.0.0.0)
03-13 19:08:13.875  1023  7850 D libc    : Internal error: netid(0), id(0x5fcf), server(0.0.0.0)
03-13 19:08:13.875  1023  7850 D libc    : Internal error: netid(0), id(0x5fcf), server(0.0.0.0)
03-13 19:08:13.875  1023  7853 D libc    : Internal error: netid(0), id(0xafe6), server(0.0.0.0)
03-13 19:08:13.875  1023  7850 D libc    : Internal error: netid(0), id(0xa7da), server(0.0.0.0)
03-13 19:08:13.876  1023  7853 D libc    : Internal error: netid(0), id(0xafe6), server(0.0.0.0)
03-13 19:08:13.876  1023  7850 D libc    : Internal error: netid(0), id(0xa7da), server(0.0.0.0)
03-13 19:08:13.876  1023  7853 D libc    : Internal error: netid(0), id(0xeec1), server(0.0.0.0)
03-13 19:08:13.876  1023  7853 D libc    : Internal error: netid(0), id(0xeec1), server(0.0.0.0)
03-13 19:08:13.877  7679  7740 I chatty  : uid=11099(org.mozilla.fennec_aurora) expire 1 line
03-13 19:08:13.878  1023  7856 D libc    : Internal error: netid(0), id(0x89d0), server(0.0.0.0)
03-13 19:08:13.878  7679  7719 I chatty  : uid=11099(org.mozilla.fennec_aurora) expire 1 line
03-13 19:08:13.878  1023  7856 D libc    : Internal error: netid(0), id(0x89d0), server(0.0.0.0)
03-13 19:08:13.879  1023  7856 D libc    : Internal error: netid(0), id(0xc9), server(0.0.0.0)
03-13 19:08:13.879  1023  7856 D libc    : Internal error: netid(0), id(0xc9), server(0.0.0.0)
03-13 19:08:13.919  7679  7737 I chatty  : uid=11099(org.mozilla.fennec_aurora) expire 1 line
03-13 19:08:13.951   808   898 I SFPerfTracer:      triggers: (rate: 0:1) (0 sw vsyncs) (0 skipped) (39:5097165 vsyncs) (41:11359029)
03-13 19:08:17.731  7902  7902 D AndroidRuntime: >>>>>> START com.android.internal.os.RuntimeInit uid 2000 <<<<<<
03-13 19:08:17.744  7902  7902 W app_process: Could not reserve sentinel fault page
03-13 19:08:17.910  7902  7902 I app_process: The ClassLoaderContext is a special shared library.
03-13 19:08:17.977  7902  7902 D AndroidRuntime: Calling main entry com.android.commands.input.Input
03-13 19:08:17.978  7902  7902 I Input   : injectKeyEvent: KeyEvent { action=ACTION_DOWN, keyCode=KEYCODE_HOME, scanCode=0, metaState=0, flags=0x0, repeatCount=0, eventTime=16216953258, downTime=16216953258, deviceId=-1, source=0x101 }
03-13 19:08:17.986  7902  7902 I Input   : injectKeyEvent: KeyEvent { action=ACTION_UP, keyCode=KEYCODE_HOME, scanCode=0, metaState=0, flags=0x0, repeatCount=0, eventTime=16216953258, downTime=16216953258, deviceId=-1, source=0x101 }
03-13 19:08:17.992  1456  1941 I ActivityManager: START u0 {act=android.intent.action.MAIN cat=[android.intent.category.HOME] flg=0x10200000 cmp=com.android.launcher3/.CustomizationPanelLauncher (has extras)} from uid 1000
03-13 19:08:17.993   794   839 E ANDR-PERF-RESOURCEQS: Failed to apply optimization [4, 0]
03-13 19:08:18.004  1456  1941 I ActivityManager: moveHomeStack, setupComplete:true
03-13 19:08:18.007  7902  7902 D AndroidRuntime: Shutting down VM
03-13 19:08:18.014 28336 28375 I Adreno  : QUALCOMM build                   : bb5b86c, I77d3059488
03-13 19:08:18.014 28336 28375 I Adreno  : Build Date                       : 06/07/18
03-13 19:08:18.014 28336 28375 I Adreno  : OpenGL ES Shader Compiler Version: EV031.22.00.01_06
03-13 19:08:18.014 28336 28375 I Adreno  : Local Branch                     : 
03-13 19:08:18.014 28336 28375 I Adreno  : Remote Branch                    : refs/tags/AU_LINUX_ANDROID_LA.UM.6.5.R1.08.01.00.312.086
03-13 19:08:18.014 28336 28375 I Adreno  : Remote Branch                    : NONE
03-13 19:08:18.014 28336 28375 I Adreno  : Reconstruct Branch               : NOTHING
03-13 19:08:18.019 28336 28375 D vndksupport: Loading /vendor/lib/hw/gralloc.msm8937.so from current namespace instead of sphal namespace.
03-13 19:08:18.022 28336 28375 I Adreno  : PFP: 0x005ff087, ME: 0x005ff063
03-13 19:08:18.025 28336 28375 I zygote  : android::hardware::configstore::V1_0::ISurfaceFlingerConfigs::hasWideColorDisplay retrieved: 0
03-13 19:08:18.026  4098  4098 I Finsky  : [2] ppb.onTrimMemory(1): Memory trim requested to level 80
03-13 19:08:18.026 28336 28375 I OpenGLRenderer: Initialized EGL, version 1.4
03-13 19:08:18.027 28336 28375 D OpenGLRenderer: Swap behavior 2
03-13 19:08:18.028  2748  2748 D Launcher.Utilities: Wakeup weather: Intent { act=com.motorola.launcher3.action.WAKEUP_WEATHER cmp=com.motorola.timeweatherwidget/com.motorola.commandcenter.weather.WakeUpService }
03-13 19:08:18.044  1456  1456 I NotificationService: Cannot find enqueued record for key: 0|com.motorola.timeweatherwidget|1|null|10116
03-13 19:08:18.051   808   808 D SurfaceFlinger: duplicate layer name: changing com.android.launcher3/com.android.launcher3.CustomizationPanelLauncher to com.android.launcher3/com.android.launcher3.CustomizationPanelLauncher#1
03-13 19:08:18.058 28336 28364 W ThreadPoolDumper: Queue length for executor EventBus is now 11. Perhaps some tasks are too long, or the pool is too small.
03-13 19:08:18.059  1456  5050 I WifiService: getWifiEnabledState uid=10073
03-13 19:08:18.077  1456  5050 I WifiService: getWifiEnabledState uid=10073
03-13 19:08:18.088 28336 28379 I DEBUG   : OpaToSrpTransitionState#onStateChanged#notNullQuery
03-13 19:08:18.089 28336 28379 I DEBUG   : OpaToSrpTransitionState#onStateChanged#notNullQuery
03-13 19:08:18.107 28336 28379 I MicroDetectionState: Should stop hotword detection immediately - false
03-13 19:08:18.110 28336 28379 I MicroDetectionWorker: #startMicroDetector [speakerMode: 0]
03-13 19:08:18.112 28336 28379 I AudioController: Created new AudioSource
03-13 19:08:18.114   808   808 I SFPerfTracer:      triggers: (rate: 71:2001718) (compose: 0:7) (post: 0:19) (render: 0:17) (2:9192652 frames) (3:11286890)
03-13 19:08:18.114   808   808 D SFPerfTracer:        layers: (3:13) (NavigationBar#0 (0xb07df000): 0:719505) (StatusBar#0 (0xb07e3000): 0:1851630) (com.android.systemui.ImageWallpaper#0 (0xb07e7000): 0:64538)* (Sprite#0 (0xb0733000): 0:317)* (DimLayerController/Stack=0#0 (0xb075a000): 0:3780)* (Sprite#1 (0xb077c000): 0:195)* (com.android.launcher3/com.android.launcher3.CustomizationPanelLauncher#0 (0xb0763000): 0:40)- (com.android.launcher3/com.android.launcher3.CustomizationPanelLauncher#1 (0xb0771000): 0:9)- (Splash Screen org.mozilla.fennec_aurora#0 (0xb039b000): 0:19)- (Splash Screen org.mozilla.fennec_aurora#1 (0xb013a000): 0:30)- (org.mozilla.fennec_aurora/org.mozilla.fenix.HomeActivity#0 (0xb039b000): 0:46) (com.android.launcher3/com.android.launcher3.CustomizationPanelLauncher#0 (0xb0763000): 2:4)* (com.android.launcher3/com.android.launcher3.CustomizationPanelLauncher#1 (0xb0771000): 2:2)* 
03-13 19:08:18.138  1456  1673 I LaunchCheckinHandler: Displayed com.android.launcher3/.CustomizationPanelLauncher,wp,wa,146
03-13 19:08:18.140 28336 28378 I MicroDataManager: isInitializedWithLatestParams-true
03-13 19:08:18.140 28336 28378 I MicroDataManager: isInitializing-false locale not changed-true model not changed-true
03-13 19:08:18.140 28336 28378 I MicroDataManager: Already initialized, obtaining the hotword data immediately.
03-13 19:08:18.146 28336 28413 I MicroRecognitionRunner: Starting detection.
03-13 19:08:18.146 28336 28413 I InputStreamUtils: Using micInputStream
03-13 19:08:18.147 28336  2938 I MicrophoneInputStream: mic_starting  SR : 16000 CC : 16 SO : 1999
03-13 19:08:18.153   788  1401 V msm8974_platform: platform_check_input_mask: enter check_input_mask source 6 mask 10
03-13 19:08:18.156  1012  7916 I AudioFlinger: AudioFlinger's thread 0xb2483280 tid=7916 ready to run
03-13 19:08:18.162   788  1401 D audio_hw_primary: in_set_parameters: enter: kvpairs=input_source=6;routing=-2147483644
03-13 19:08:18.163  1012 11919 D APM_AudioPolicyManager: AudioPolicyManager::startInput() input 200614, session 200721, source = 1999
03-13 19:08:18.163 28336  2938 I MicrophoneInputStream: mic_started  SR : 16000 CC : 16 SO : 1999
03-13 19:08:18.165   788  7917 V msm8974_platform: platform_update_usecase_from_source: input source :6
03-13 19:08:18.166   788  7917 V msm8974_platform: platform_check_input_mask: enter check_input_mask source 6 mask 10
03-13 19:08:18.166   788  7917 V msm8974_platform: platform_get_input_snd_device: enter: out_device(0) in_device(0x4) channel_count (1) channel_mask (0x10)
03-13 19:08:18.166   788  7917 V msm8974_platform: platform_get_input_snd_device: exit: in_snd_device(voice-rec-mic)
03-13 19:08:18.166   788  7917 V msm8974_platform: platform_get_backend_index:napb: backend port - 5 device - 120 
03-13 19:08:18.166   788  7917 V msm8974_platform: platform_check_and_set_capture_backend_cfg:txbecf: afe: bitwidth 0, samplerate 0, channel 1, backend_idx 5 usecase = 9 device (voice-rec-mic)
03-13 19:08:18.166   788  7917 V msm8974_platform: platform_check_capture_backend_cfg:txbecf: afe: Codec selected backend: 5 current bit width: 0 and sample rate: 0, channels 1
03-13 19:08:18.166   788  7917 V msm8974_platform: platform_check_capture_backend_cfg:txbecf: afe: Codec selected backend: 5 updated bit width: 0 and sample rate: 0
03-13 19:08:18.166   788  7917 I msm8974_platform: platform_check_capture_backend_cfg:txbecf: afe: Codec backend needs to be updated. new bit width: 0 new sample rate: 0 new channel: 1
03-13 19:08:18.166   788  7917 V msm8974_platform: platform_get_backend_index:napb: backend port - 5 device - 120 
03-13 19:08:18.166   788  7917 V msm8974_platform: platform_set_backend_cfg:becf: afe: bitwidth 0, samplerate 0 channels 1, backend_idx 5 device (voice-rec-mic)
03-13 19:08:18.166   788  7917 E msm8974_platform: platform_set_backend_cfg:becf: afe: Could not get ctl for mixer command - SLIM_0_TX Format
03-13 19:08:18.167   788  7917 V msm8974_platform: platform_send_audio_calibration: sending audio calibration for snd_device(120) acdb_id(62)
03-13 19:08:18.167   788  7917 D ACDB-LOADER: ACDB -> send_audio_cal, acdb_id = 62, path = 1, app id = 0x11130, sample rate = 48000
03-13 19:08:18.167   788  7917 D ACDB-LOADER: ACDB -> send_asm_topology
03-13 19:08:18.167   788  7917 D ACDB-LOADER: ACDB -> ACDB_CMD_GET_AUDPROC_STREAM_TOPOLOGY_ID
03-13 19:08:18.167   788  7917 D ACDB-LOADER: ACDB -> send_adm_topology
03-13 19:08:18.167   788  7917 D ACDB-LOADER: ACDB -> ACDB_CMD_GET_AUDPROC_COMMON_TOPOLOGY_ID
03-13 19:08:18.167   788  7917 D ACDB-LOADER: ACDB -> send_audtable
03-13 19:08:18.167   788  7917 D ACDB-LOADER: ACDB -> ACDB_CMD_GET_AUDPROC_COMMON_TABLE_SIZE
03-13 19:08:18.167   788  7917 D ACDB-LOADER: ACDB -> ACDB_CMD_GET_AUDPROC_COMMON_TABLE
03-13 19:08:18.167   788  7917 D ACDB-LOADER: ACDB -> AUDIO_SET_AUDPROC_CAL
03-13 19:08:18.167   788  7917 D ACDB-LOADER: ACDB -> send_audvoltable
03-13 19:08:18.167   788  7917 D ACDB-LOADER: ACDB -> ACDB_CMD_GET_AUDPROC_VOL_STEP_TABLE_SIZE
03-13 19:08:18.167   788  7917 D ACDB-LOADER: ACDB -> ACDB_CMD_GET_AUDPROC_GAIN_DEP_STEP_TABLE, vol index 0
03-13 19:08:18.168   788  7917 D         : Failed to fetch the lookup information of the device 0000003E 
03-13 19:08:18.168   788  7917 D ACDB-LOADER: ACDB -> AUDIO_SET_VOL_CAL cal type = 12
03-13 19:08:18.168   788  7917 D ACDB-LOADER: ACDB -> ACDB_CMD_GET_AUDPROC_STREAM_TABLE_SIZE
03-13 19:08:18.168   788  7917 D ACDB-LOADER: ACDB -> send_audstrmtable
03-13 19:08:18.168   788  7917 D ACDB-LOADER: ACDB -> ACDB_CMD_GET_AUDPROC_STREAM_TABLE_V2
03-13 19:08:18.168   788  7917 D ACDB-LOADER: ACDB -> audstrm_cal->cal_type.cal_data.cal_size = 456
03-13 19:08:18.168   788  7917 D ACDB-LOADER: ACDB -> send_afe_topology
03-13 19:08:18.168   788  7917 D ACDB-LOADER: ACDB -> ACDB_CMD_GET_AFE_TOPOLOGY_ID
03-13 19:08:18.168   788  7917 D ACDB-LOADER: ACDB -> GET_AFE_TOPOLOGY_ID for adcd_id 62, Topology Id 112fb
03-13 19:08:18.168   788  7917 D ACDB-LOADER: ACDB -> send_afe_cal
03-13 19:08:18.168   788  7917 D ACDB-LOADER: ACDB -> ACDB_CMD_GET_AFE_COMMON_TABLE_SIZE
03-13 19:08:18.168   788  7917 D         : Failed to fetch the lookup information of the device 0000003E 
03-13 19:08:18.168   788  7917 E ACDB-LOADER: Error: ACDB_CMD_GET_AFE_COMMON_TABLE_SIZE Returned = -19
03-13 19:08:18.168   788  7917 D ACDB-LOADER: ACDB -> ACDB_CMD_GET_AFE_COMMON_TABLE
03-13 19:08:18.168   788  7917 D         : Failed to fetch the lookup information of the device 0000003E 
03-13 19:08:18.168   788  7917 D ACDB-LOADER: ACDB -> AUDIO_SET_AFE_CAL
03-13 19:08:18.168   788  7917 D ACDB-LOADER: ACDB -> send_hw_delay : acdb_id = 62 path = 1
03-13 19:08:18.168   788  7917 D ACDB-LOADER: ACDB -> ACDB_AVSYNC_INFO: ACDB_CMD_GET_DEVICE_PROPERTY
03-13 19:08:18.168   788  7917 D audio_hw_primary: enable_snd_device: snd_device(120: voice-rec-mic)
03-13 19:08:18.168   788  7917 D audio_route: Apply path: voice-rec-mic
03-13 19:08:18.171   788  7917 V msm8974_platform: platform_get_snd_device_backend_index: enter with device 120
03-13 19:08:18.172   788  7917 E msm8974_platform: platform_get_snd_device_backend_index: BE DAI Name Table is not present
03-13 19:08:18.172   788  7917 V msm8974_platform: platform_get_backend_index:napb: backend port - 5 device - 120 
03-13 19:08:18.172   788  7917 I audio_hw_utils: Set Audio Stream Capture 0 App Type Cfg: app_type 69936, acdb_dev_id 62, sample_rate 48000, snd_device_be_idx -14
03-13 19:08:18.172   788  7917 D audio_hw_primary: enable_audio_route: usecase(9) apply and update mixer path: audio-record
03-13 19:08:18.172   788  7917 D audio_route: Apply path: audio-record
03-13 19:08:18.241 28336 28379 I MicroDetectionWorker: onReady
03-13 19:08:18.255  2146  2165 I zygote  : NativeAlloc concurrent copying GC freed 21415(1128KB) AllocSpace objects, 0(0B) LOS objects, 49% free, 7MB/15MB, paused 137us total 105.527ms
03-13 19:08:18.553  1456  7796 I OpenGLRenderer: Initialized EGL, version 1.4
03-13 19:08:18.553  1456  7796 D OpenGLRenderer: Swap behavior 2
03-13 19:08:18.583  2748  2917 W OpenGLRenderer: Incorrectly called buildLayer on View: ShortcutAndWidgetContainer, destroying layer...
03-13 19:08:18.702  7679  7741 I chatty  : uid=11099(org.mozilla.fennec_aurora) expire 1 line
03-13 19:08:18.705  7679  7715 I chatty  : uid=11099(org.mozilla.fennec_aurora) expire 6 lines
03-13 19:08:23.156  1456  5050 I ActivityManager: Force stopping org.mozilla.fennec_aurora appid=11099 user=0: from pid 7922
03-13 19:08:23.156  1456  5050 I ActivityManager: Killing 7679:org.mozilla.fennec_aurora/u0a1099 (adj 700): stop org.mozilla.fennec_aurora
03-13 19:08:23.158  1456  1605 W zygote  : kill(-7679, 9) failed: No such process
03-13 19:08:23.160  1456  5050 W ActivityManager: Force removing ActivityRecord{b3bd11 u0 org.mozilla.fennec_aurora/org.mozilla.fenix.HomeActivity t35534}: app died, no saved state
03-13 19:08:23.169  1456  5050 I ActivityManager: Killing 7775:org.mozilla.fennec_aurora:tab/u0a1099 (adj 0): stop org.mozilla.fennec_aurora
03-13 19:08:23.172  1456  1605 W zygote  : kill(-7679, 9) failed: No such process
03-13 19:08:23.182  2398  2398 D CarrierSvcBindHelper: No carrier app for: 0
03-13 19:08:23.184  2398  2398 D CarrierSvcBindHelper: No carrier app for: 1
03-13 19:08:23.188  1456  1605 W zygote  : kill(-7679, 9) failed: No such process
03-13 19:08:23.220  1456  1605 I chatty  : uid=1000(system) ActivityManager identical 2 lines
03-13 19:08:23.226  1456  4829 D ConnectivityService: ConnectivityService NetworkRequestInfo binderDied(NetworkRequest [ TRACK_DEFAULT id=30790, [ Capabilities: INTERNET&NOT_RESTRICTED&TRUSTED&NOT_VPN] ], android.os.BinderProxy@b867df8)
03-13 19:08:23.226  1456  2067 D ConnectivityService: releasing NetworkRequest [ TRACK_DEFAULT id=30790, [ Capabilities: INTERNET&NOT_RESTRICTED&TRUSTED&NOT_VPN] ] (release request)
03-13 19:08:23.227  1456  1673 W ActivityManager: setHasOverlayUi called on unknown pid: 7679
03-13 19:08:23.235  1456  1605 W zygote  : kill(-7679, 9) failed: No such process
03-13 19:08:23.235  1456  1605 I zygote  : Successfully killed process cgroup uid 11099 pid 7679 in 76ms
03-13 19:08:23.235  1456  1605 W zygote  : kill(-7775, 9) failed: No such process
03-13 19:08:23.235  1456  1605 I zygote  : Successfully killed process cgroup uid 11099 pid 7775 in 0ms
03-13 19:08:23.275  1456  5027 I ActivityManager: START u0 {act=android.intent.action.MAIN cat=[android.intent.category.LAUNCHER] flg=0x10000000 cmp=org.mozilla.fennec_aurora/.App} from uid 2000
03-13 19:08:23.276   794   839 E ANDR-PERF-RESOURCEQS: Failed to apply optimization [4, 0]
03-13 19:08:23.297  1456  4250 I ActivityManager: Start proc 7929:org.mozilla.fennec_aurora/u0a1099 for activity org.mozilla.fennec_aurora/.App
03-13 19:08:23.384 28336 28379 I MicroDetectionState: Should stop hotword detection immediately - false
03-13 19:08:23.384 28336 28379 I MicroDetector: Keeping mic open: false
03-13 19:08:23.384 28336 28373 E DeviceStateChecker: DeviceStateChecker cancelled
03-13 19:08:23.384 28336 28379 I RecognitionAudioControl: #shutdownAudio [requestId: 1582269254173778307, keepAudioOpen: false, forced: true]
03-13 19:08:23.385 28336 28379 I RecognitionAudioControl: #internalShutdownAudio [requestId: 1582269254173778307]
03-13 19:08:23.385 28336 28379 I RecognitionAudioControl: #internalShutdownAudio [keepAudioOpen: false, forced: true]
03-13 19:08:23.385 28336 28379 I RecognitionAudioControl: #actualShutdownAudio
03-13 19:08:23.385 28336 28379 I AudioController: #shutdown [requestId=1582269254173778307]
03-13 19:08:23.385 28336 28366 I AudioController: internalShutdown
03-13 19:08:23.385 28336 28374 I MicroRecognitionRunner: Stopping hotword detection.
03-13 19:08:23.442   788  1401 D audio_hw_primary: disable_audio_route: usecase(9) reset and update mixer path: audio-record
03-13 19:08:23.442   788  1401 D audio_hw_primary: disable_snd_device: snd_device(120: voice-rec-mic)
03-13 19:08:23.444  1012 11919 D APM_AudioPolicyManager: stopInput() input 200614, session 200721
03-13 19:08:23.445   788  1479 D audio_hw_primary: in_set_parameters: enter: kvpairs=routing=0
03-13 19:08:23.447 28336 28366 I MicrophoneInputStream: mic_close  SR : 16000 CC : 16 SO : 1999
03-13 19:08:23.447 28336 28366 E AudioSource: Stop listening is called on already closed AudioSource
03-13 19:08:23.449 28336 28413 I MicroRecognitionRunner: Detection finished
03-13 19:08:23.453  7929  7929 I chatty  : uid=11099(org.mozilla.fennec_aurora) expire 36 lines
03-13 19:08:23.530  7929  7948 I chatty  : uid=11099(org.mozilla.fennec_aurora) expire 4 lines
03-13 19:08:23.556  7929  7956 I chatty  : uid=11099(org.mozilla.fennec_aurora) expire 13 lines
03-13 19:08:23.574  7929  7955 I chatty  : uid=11099(org.mozilla.fennec_aurora) expire 11 lines
03-13 19:08:23.611  7929  7962 I chatty  : uid=11099(org.mozilla.fennec_aurora) expire 19 lines
03-13 19:08:23.706  7929  7967 I chatty  : uid=11099(org.mozilla.fennec_aurora) expire 1 line
03-13 19:08:23.710  7929  7973 I chatty  : uid=11099(org.mozilla.fennec_aurora) expire 10 lines
03-13 19:08:23.752  1456  2923 I ActivityManager: START u0 {act=android.intent.action.MAIN cat=[android.intent.category.LAUNCHER] flg=0x10000000 cmp=org.mozilla.fennec_aurora/org.mozilla.fenix.HomeActivity (has extras)} from uid 11099
03-13 19:08:23.772  7929  7934 I chatty  : uid=11099(org.mozilla.fennec_aurora) expire 6 lines
03-13 19:08:23.779   808   808 D SurfaceFlinger: duplicate layer name: changing Splash Screen org.mozilla.fennec_aurora to Splash Screen org.mozilla.fennec_aurora#1
03-13 19:08:24.117  1456  4679 I ActivityManager: Start proc 8015:org.mozilla.fennec_aurora:tab/u0a1099 for service org.mozilla.fennec_aurora/org.mozilla.gecko.process.GeckoChildProcessServices$tab
03-13 19:08:24.170  7929  8032 I chatty  : uid=11099(org.mozilla.fennec_aurora) expire 5 lines
03-13 19:08:24.247  8015  8015 I chatty  : uid=11099(org.mozilla.fennec_aurora) expire 1 line
03-13 19:08:24.247  8015  8036 I chatty  : uid=11099(org.mozilla.fennec_aurora) expire 1 line
03-13 19:08:24.296  7929  8032 I chatty  : uid=11099(org.mozilla.fennec_aurora) expire 4 lines
03-13 19:08:24.314  7929  7929 I chatty  : uid=11099(org.mozilla.fennec_aurora) expire 17 lines
03-13 19:08:24.398  1456  1673 I LaunchCheckinHandler: Displayed org.mozilla.fennec_aurora/org.mozilla.fenix.HomeActivity,wp,ca,593
03-13 19:08:24.399  1456  1673 I ActivityManager: Displayed org.mozilla.fennec_aurora/org.mozilla.fenix.HomeActivity: +583ms (total +1s105ms)
03-13 19:08:24.433 28336  2938 I PBSessionCacheImpl: Deleted sessionId[124624629806572597] from persistence.
03-13 19:08:24.434 28336 28336 I MemoryTrimmer: Trimming objects from memory, since app is in the background.
03-13 19:08:24.437  1456  2236 I WifiService: getWifiEnabledState uid=10073
03-13 19:08:24.440 28336 28379 I DEBUG   : OpaToSrpTransitionState#onStateChanged#notNullQuery
03-13 19:08:24.440 28336 28379 I DEBUG   : OpaToSrpTransitionState#onStateChanged#notNullQuery
03-13 19:08:24.442 28336 28379 W SearchServiceCore: Abort, client detached.
03-13 19:08:24.442 28336 28379 I chatty  : uid=10073(com.google.android.googlequicksearchbox) EventBus0 identical 2 lines
03-13 19:08:24.443 28336 28379 W SearchServiceCore: Abort, client detached.
03-13 19:08:24.611  1456  2236 I ActivityManager: Fully drawn org.mozilla.fennec_aurora/org.mozilla.fenix.HomeActivity: +806ms (total +1s328ms)
03-13 19:08:24.666  7929  7962 I chatty  : uid=11099(org.mozilla.fennec_aurora) expire 8 lines
03-13 19:08:24.727  7929  7934 I chatty  : uid=11099(org.mozilla.fennec_aurora) expire 2 lines
03-13 19:08:24.905  7929  8056 I chatty  : uid=11099(org.mozilla.fennec_aurora) expire 2 lines
03-13 19:08:25.063  1023  8064 D libc    : Internal error: netid(0), id(0x1ed2), server(0.0.0.0)
03-13 19:08:25.063  1023  8064 D libc    : Internal error: netid(0), id(0x1ed2), server(0.0.0.0)
03-13 19:08:25.063  1023  8064 D libc    : Internal error: netid(0), id(0xb9bd), server(0.0.0.0)
03-13 19:08:25.063  1023  8064 D libc    : Internal error: netid(0), id(0xb9bd), server(0.0.0.0)
03-13 19:08:25.079  1023  8077 D libc    : Internal error: netid(0), id(0x6be9), server(0.0.0.0)
03-13 19:08:25.080  1023  8077 D libc    : Internal error: netid(0), id(0x6be9), server(0.0.0.0)
03-13 19:08:25.080  1023  8077 D libc    : Internal error: netid(0), id(0xe1ab), server(0.0.0.0)
03-13 19:08:25.081  1023  8077 D libc    : Internal error: netid(0), id(0xe1ab), server(0.0.0.0)
03-13 19:08:25.082  1023  8080 D libc    : Internal error: netid(0), id(0x5499), server(0.0.0.0)
03-13 19:08:25.083  1023  8080 D libc    : Internal error: netid(0), id(0x5499), server(0.0.0.0)
03-13 19:08:25.083  1023  8080 D libc    : Internal error: netid(0), id(0xf5d6), server(0.0.0.0)
03-13 19:08:25.084  1023  8085 D libc    : Internal error: netid(0), id(0x6199), server(0.0.0.0)
03-13 19:08:25.084  1023  8080 D libc    : Internal error: netid(0), id(0xf5d6), server(0.0.0.0)
03-13 19:08:25.084  1023  8085 D libc    : Internal error: netid(0), id(0x6199), server(0.0.0.0)
03-13 19:08:25.084  1023  8085 D libc    : Internal error: netid(0), id(0x48d4), server(0.0.0.0)
03-13 19:08:25.084  1023  8085 D libc    : Internal error: netid(0), id(0x48d4), server(0.0.0.0)
03-13 19:08:25.086  7929  8048 I chatty  : uid=11099(org.mozilla.fennec_aurora) expire 2 lines
03-13 19:08:25.086  7929  8047 I chatty  : uid=11099(org.mozilla.fennec_aurora) expire 2 lines
03-13 19:08:25.088  1023  8089 D libc    : Internal error: netid(0), id(0xd98b), server(0.0.0.0)
03-13 19:08:25.088  1023  8089 D libc    : Internal error: netid(0), id(0xd98b), server(0.0.0.0)
03-13 19:08:25.088  1023  8089 D libc    : Internal error: netid(0), id(0x5fa2), server(0.0.0.0)
03-13 19:08:25.088  1023  8089 D libc    : Internal error: netid(0), id(0x5fa2), server(0.0.0.0)
03-13 19:08:25.090  7929  7956 I chatty  : uid=11099(org.mozilla.fennec_aurora) expire 1 line
03-13 19:08:25.091  7929  7976 I chatty  : uid=11099(org.mozilla.fennec_aurora) expire 1 line
03-13 19:08:25.092  7929  7978 I chatty  : uid=11099(org.mozilla.fennec_aurora) expire 1 line
03-13 19:08:25.121  7929  8098 I chatty  : uid=11099(org.mozilla.fennec_aurora) expire 1 line
03-13 19:08:25.146   808   898 I SFPerfTracer:      triggers: (rate: 0:1) (0 sw vsyncs) (0 skipped) (39:5097278 vsyncs) (41:11359166)
03-13 19:08:25.149   808   808 I SFPerfTracer:      triggers: (rate: 71:2001719) (compose: 0:7) (post: 0:19) (render: 0:17) (29:9192752 frames) (30:11287016)
03-13 19:08:25.150   808   808 D SFPerfTracer:        layers: (3:12) (NavigationBar#0 (0xb07df000): 0:719526) (StatusBar#0 (0xb07e3000): 0:1851652) (com.android.systemui.ImageWallpaper#0 (0xb07e7000): 0:64540)* (Sprite#0 (0xb0733000): 0:317)* (DimLayerController/Stack=0#0 (0xb075a000): 0:3780)* (Sprite#1 (0xb077c000): 0:195)* (org.mozilla.fennec_aurora/org.mozilla.fenix.HomeActivity#0 (0xb039b000): 0:71)- (com.android.launcher3/com.android.launcher3.CustomizationPanelLauncher#0 (0xb0763000): 0:39)- (com.android.launcher3/com.android.launcher3.CustomizationPanelLauncher#1 (0xb0771000): 0:10)- (Splash Screen org.mozilla.fennec_aurora#0 (0xb039b000): 0:19)- (Splash Screen org.mozilla.fennec_aurora#1 (0xb013a000): 0:30)- (org.mozilla.fennec_aurora/org.mozilla.fenix.HomeActivity#0 (0xb039b000): 30:43) 
03-13 19:08:27.127  2398  2398 D QtiCarrierConfigHelper: WARNING, no carrier configs on phone Id: 0
03-13 19:08:28.929  8136  8136 D AndroidRuntime: >>>>>> START com.android.internal.os.RuntimeInit uid 2000 <<<<<<
03-13 19:08:28.941  8136  8136 W app_process: Could not reserve sentinel fault page
03-13 19:08:29.107  8136  8136 I app_process: The ClassLoaderContext is a special shared library.
03-13 19:08:29.175  8136  8136 D AndroidRuntime: Calling main entry com.android.commands.input.Input
03-13 19:08:29.176  8136  8136 I Input   : injectKeyEvent: KeyEvent { action=ACTION_DOWN, keyCode=KEYCODE_HOME, scanCode=0, metaState=0, flags=0x0, repeatCount=0, eventTime=16216964456, downTime=16216964456, deviceId=-1, source=0x101 }
03-13 19:08:29.183  8136  8136 I Input   : injectKeyEvent: KeyEvent { action=ACTION_UP, keyCode=KEYCODE_HOME, scanCode=0, metaState=0, flags=0x0, repeatCount=0, eventTime=16216964456, downTime=16216964456, deviceId=-1, source=0x101 }
03-13 19:08:29.190  1456  1941 I ActivityManager: START u0 {act=android.intent.action.MAIN cat=[android.intent.category.HOME] flg=0x10200000 cmp=com.android.launcher3/.CustomizationPanelLauncher (has extras)} from uid 1000
03-13 19:08:29.190   794   839 E ANDR-PERF-RESOURCEQS: Failed to apply optimization [4, 0]
03-13 19:08:29.201  1456  1941 I ActivityManager: moveHomeStack, setupComplete:true
03-13 19:08:29.204  8136  8136 D AndroidRuntime: Shutting down VM
03-13 19:08:29.213 28336 28375 I Adreno  : QUALCOMM build                   : bb5b86c, I77d3059488
03-13 19:08:29.213 28336 28375 I Adreno  : Build Date                       : 06/07/18
03-13 19:08:29.213 28336 28375 I Adreno  : OpenGL ES Shader Compiler Version: EV031.22.00.01_06
03-13 19:08:29.213 28336 28375 I Adreno  : Local Branch                     : 
03-13 19:08:29.213 28336 28375 I Adreno  : Remote Branch                    : refs/tags/AU_LINUX_ANDROID_LA.UM.6.5.R1.08.01.00.312.086
03-13 19:08:29.213 28336 28375 I Adreno  : Remote Branch                    : NONE
03-13 19:08:29.213 28336 28375 I Adreno  : Reconstruct Branch               : NOTHING
03-13 19:08:29.217 28336 28375 D vndksupport: Loading /vendor/lib/hw/gralloc.msm8937.so from current namespace instead of sphal namespace.
03-13 19:08:29.221 28336 28375 I Adreno  : PFP: 0x005ff087, ME: 0x005ff063
03-13 19:08:29.225 28336 28375 I zygote  : android::hardware::configstore::V1_0::ISurfaceFlingerConfigs::hasWideColorDisplay retrieved: 0
03-13 19:08:29.225  4098  4098 I Finsky  : [2] ppb.onTrimMemory(1): Memory trim requested to level 80
03-13 19:08:29.226 28336 28375 I OpenGLRenderer: Initialized EGL, version 1.4
03-13 19:08:29.226 28336 28375 D OpenGLRenderer: Swap behavior 2
03-13 19:08:29.227  2748  2748 D Launcher.Utilities: Wakeup weather: Intent { act=com.motorola.launcher3.action.WAKEUP_WEATHER cmp=com.motorola.timeweatherwidget/com.motorola.commandcenter.weather.WakeUpService }
03-13 19:08:29.247   808   808 D SurfaceFlinger: duplicate layer name: changing com.android.launcher3/com.android.launcher3.CustomizationPanelLauncher to com.android.launcher3/com.android.launcher3.CustomizationPanelLauncher#1
03-13 19:08:29.247  1456  1456 I NotificationService: Cannot find enqueued record for key: 0|com.motorola.timeweatherwidget|1|null|10116
03-13 19:08:29.257  1456  2236 I WifiService: getWifiEnabledState uid=10073
03-13 19:08:29.258 28336 28368 W ThreadPoolDumper: Queue length for executor EventBus is now 11. Perhaps some tasks are too long, or the pool is too small.
03-13 19:08:29.268  1456  4250 I WifiService: getWifiEnabledState uid=10073
03-13 19:08:29.279 28336 28379 I DEBUG   : OpaToSrpTransitionState#onStateChanged#notNullQuery
03-13 19:08:29.280 28336 28379 I DEBUG   : OpaToSrpTransitionState#onStateChanged#notNullQuery
03-13 19:08:29.300 28336 28379 I MicroDetectionState: Should stop hotword detection immediately - false
03-13 19:08:29.303 28336 28379 I MicroDetectionWorker: #startMicroDetector [speakerMode: 0]
03-13 19:08:29.305 28336 28379 I AudioController: Created new AudioSource
03-13 19:08:29.332  1456  1673 I LaunchCheckinHandler: Displayed com.android.launcher3/.CustomizationPanelLauncher,wp,wa,142
03-13 19:08:29.333 28336 28374 I MicroDataManager: isInitializedWithLatestParams-true
