03-23 00:19:41.825  1456  2054 D WIFI    : got request NetworkRequest [ TRACK_DEFAULT id=32948, [ Capabilities: INTERNET&NOT_RESTRICTED&TRUSTED&NOT_VPN] ] with score 0
03-23 00:19:41.826  2398  2398 D PhoneSwitcherNetworkRequstListener: got request NetworkRequest [ TRACK_DEFAULT id=32948, [ Capabilities: INTERNET&NOT_RESTRICTED&TRUSTED&NOT_VPN] ] with score 0
03-23 00:19:41.834  2935  2976 I chatty  : uid=11153(org.mozilla.fennec_aurora) expire 14 lines
03-23 00:19:41.852  2935  2975 I chatty  : uid=11153(org.mozilla.fennec_aurora) expire 17 lines
03-23 00:19:41.856  2935  2979 I chatty  : uid=11153(org.mozilla.fennec_aurora) expire 27 lines
03-23 00:19:41.959  2935  2991 I chatty  : uid=11153(org.mozilla.fennec_aurora) expire 1 line
03-23 00:19:41.993   808   898 I SFPerfTracer:      triggers: (rate: 0:1) (0 sw vsyncs) (0 skipped) (17:5518173 vsyncs) (19:11937752)
03-23 00:19:41.995  2935  2998 I chatty  : uid=11153(org.mozilla.fennec_aurora) expire 10 lines
03-23 00:19:42.012  2935  2940 I chatty  : uid=11153(org.mozilla.fennec_aurora) expire 8 lines
03-23 00:19:42.035  1456  7570 I ActivityManager: START u0 {act=android.intent.action.MAIN cat=[android.intent.category.LAUNCHER] flg=0x10000000 cmp=org.mozilla.fennec_aurora/org.mozilla.fenix.HomeActivity (has extras)} from uid 11153
03-23 00:19:42.062   808   808 D SurfaceFlinger: duplicate layer name: changing Splash Screen org.mozilla.fennec_aurora to Splash Screen org.mozilla.fennec_aurora#1
03-23 00:19:42.285  1456  2916 I ActivityManager: Start proc 3034:org.mozilla.fennec_aurora:tab0/u0a1153 for service org.mozilla.fennec_aurora/org.mozilla.gecko.process.GeckoChildProcessServices$tab0
03-23 00:19:42.383  2935  2935 E ActivityThread: Failed to find provider info for org.mozilla.firefox_beta.fxa.auth
03-23 00:19:42.384  2935  2935 E ActivityThread: Failed to find provider info for org.mozilla.fennec_aurora.fxa.auth
03-23 00:19:42.427  3034  3034 I chatty  : uid=11153(org.mozilla.fennec_aurora) expire 2 lines
03-23 00:19:42.428  3034  3064 I chatty  : uid=11153(org.mozilla.fennec_aurora) expire 1 line
03-23 00:19:42.464  2935  3069 I chatty  : uid=11153(org.mozilla.fennec_aurora) expire 9 lines
03-23 00:19:42.819  1456  1673 I LaunchCheckinHandler: Displayed org.mozilla.fennec_aurora/org.mozilla.fenix.HomeActivity,wp,ca,723
03-23 00:19:42.820  1456  1673 I ActivityManager: Displayed org.mozilla.fennec_aurora/org.mozilla.fenix.HomeActivity: +714ms (total +1s256ms)
03-23 00:19:42.832 28336 28336 I MemoryTrimmer: Trimming objects from memory, since app is in the background.
03-23 00:19:42.840 28336 28379 E AudioSource: Stop listening is called on already closed AudioSource
03-23 00:19:42.841 28336 28336 I MemoryTrimmer: Trimming objects from memory, since app is in the background.
03-23 00:19:42.842 28336 12606 I PBSessionCacheImpl: Deleted sessionId[124624629806592975] from persistence.
03-23 00:19:42.848  1456  2916 I WifiService: getWifiEnabledState uid=10073
03-23 00:19:42.851 28336 28379 I DEBUG   : OpaToSrpTransitionState#onStateChanged#notNullQuery
03-23 00:19:42.852 28336 28379 I DEBUG   : OpaToSrpTransitionState#onStateChanged#notNullQuery
03-23 00:19:42.854 28336 28379 W SearchServiceCore: Abort, client detached.
03-23 00:19:42.884  2935  2935 E ActivityThread: Failed to find provider info for org.mozilla.firefox_beta.fxa.auth
03-23 00:19:42.885  2935  2935 E ActivityThread: Failed to find provider info for org.mozilla.fennec_aurora.fxa.auth
03-23 00:19:43.056  2935  3086 I chatty  : uid=11153(org.mozilla.fennec_aurora) expire 2 lines
03-23 00:19:43.199  1023  3092 D libc    : Internal error: netid(0), id(0x5131), server(0.0.0.0)
03-23 00:19:43.199  1023  3092 D libc    : Internal error: netid(0), id(0x5131), server(0.0.0.0)
03-23 00:19:43.200  1023  3092 D libc    : Internal error: netid(0), id(0xca23), server(0.0.0.0)
03-23 00:19:43.200  1023  3092 D libc    : Internal error: netid(0), id(0xca23), server(0.0.0.0)
03-23 00:19:43.217  1023  3099 D libc    : Internal error: netid(0), id(0xcb0c), server(0.0.0.0)
03-23 00:19:43.217  1023  3099 D libc    : Internal error: netid(0), id(0xcb0c), server(0.0.0.0)
03-23 00:19:43.217  1023  3099 D libc    : Internal error: netid(0), id(0x8219), server(0.0.0.0)
03-23 00:19:43.217  1023  3099 D libc    : Internal error: netid(0), id(0x8219), server(0.0.0.0)
03-23 00:19:43.221  1023  3104 D libc    : Internal error: netid(0), id(0x5002), server(0.0.0.0)
03-23 00:19:43.221  1023  3104 D libc    : Internal error: netid(0), id(0x5002), server(0.0.0.0)
03-23 00:19:43.221  1023  3104 D libc    : Internal error: netid(0), id(0x4c7f), server(0.0.0.0)
03-23 00:19:43.221  1023  3104 D libc    : Internal error: netid(0), id(0x4c7f), server(0.0.0.0)
03-23 00:19:43.226  2935  3004 I chatty  : uid=11153(org.mozilla.fennec_aurora) expire 1 line
03-23 00:19:43.227  2935  3002 I chatty  : uid=11153(org.mozilla.fennec_aurora) expire 1 line
03-23 00:19:43.236  1023  3108 D libc    : Internal error: netid(0), id(0xed23), server(0.0.0.0)
03-23 00:19:43.236  1023  3108 D libc    : Internal error: netid(0), id(0xed23), server(0.0.0.0)
03-23 00:19:43.236  1023  3108 D libc    : Internal error: netid(0), id(0x5227), server(0.0.0.0)
03-23 00:19:43.237  1023  3108 D libc    : Internal error: netid(0), id(0x5227), server(0.0.0.0)
03-23 00:19:43.238  1023  3114 D libc    : Internal error: netid(0), id(0xb632), server(0.0.0.0)
03-23 00:19:43.239  1023  3114 D libc    : Internal error: netid(0), id(0xb632), server(0.0.0.0)
03-23 00:19:43.239  1023  3114 D libc    : Internal error: netid(0), id(0x3710), server(0.0.0.0)
03-23 00:19:43.239  1023  3114 D libc    : Internal error: netid(0), id(0x3710), server(0.0.0.0)
03-23 00:19:43.241  1023  3117 D libc    : Internal error: netid(0), id(0x6a2f), server(0.0.0.0)
03-23 00:19:43.241  1023  3117 D libc    : Internal error: netid(0), id(0x6a2f), server(0.0.0.0)
03-23 00:19:43.241  1023  3117 D libc    : Internal error: netid(0), id(0x6b06), server(0.0.0.0)
03-23 00:19:43.241  1023  3117 D libc    : Internal error: netid(0), id(0x6b06), server(0.0.0.0)
03-23 00:19:43.262  2935  3121 I chatty  : uid=11153(org.mozilla.fennec_aurora) expire 1 line
03-23 00:19:47.196  3166  3166 D AndroidRuntime: >>>>>> START com.android.internal.os.RuntimeInit uid 2000 <<<<<<
03-23 00:19:47.208  3166  3166 W app_process: Could not reserve sentinel fault page
03-23 00:19:47.374  3166  3166 I app_process: The ClassLoaderContext is a special shared library.
03-23 00:19:47.438  3166  3166 D AndroidRuntime: Calling main entry com.android.commands.input.Input
03-23 00:19:47.446  3166  3166 I Input   : injectKeyEvent: KeyEvent { action=ACTION_DOWN, keyCode=KEYCODE_HOME, scanCode=0, metaState=0, flags=0x0, repeatCount=0, eventTime=17013242725, downTime=17013242725, deviceId=-1, source=0x101 }
03-23 00:19:47.453  3166  3166 I Input   : injectKeyEvent: KeyEvent { action=ACTION_UP, keyCode=KEYCODE_HOME, scanCode=0, metaState=0, flags=0x0, repeatCount=0, eventTime=17013242725, downTime=17013242725, deviceId=-1, source=0x101 }
03-23 00:19:47.459  1456  1941 I ActivityManager: START u0 {act=android.intent.action.MAIN cat=[android.intent.category.HOME] flg=0x10200000 cmp=com.android.launcher3/.CustomizationPanelLauncher (has extras)} from uid 1000
03-23 00:19:47.460   794   839 E ANDR-PERF-RESOURCEQS: Failed to apply optimization [4, 0]
03-23 00:19:47.471  1456  1941 I ActivityManager: moveHomeStack, setupComplete:true
03-23 00:19:47.475  3166  3166 D AndroidRuntime: Shutting down VM
03-23 00:19:47.481 28336 28375 I Adreno  : QUALCOMM build                   : bb5b86c, I77d3059488
03-23 00:19:47.481 28336 28375 I Adreno  : Build Date                       : 06/07/18
03-23 00:19:47.481 28336 28375 I Adreno  : OpenGL ES Shader Compiler Version: EV031.22.00.01_06
03-23 00:19:47.481 28336 28375 I Adreno  : Local Branch                     : 
03-23 00:19:47.481 28336 28375 I Adreno  : Remote Branch                    : refs/tags/AU_LINUX_ANDROID_LA.UM.6.5.R1.08.01.00.312.086
03-23 00:19:47.481 28336 28375 I Adreno  : Remote Branch                    : NONE
03-23 00:19:47.481 28336 28375 I Adreno  : Reconstruct Branch               : NOTHING
03-23 00:19:47.483 28336 28375 D vndksupport: Loading /vendor/lib/hw/gralloc.msm8937.so from current namespace instead of sphal namespace.
03-23 00:19:47.486 28336 28375 I Adreno  : PFP: 0x005ff087, ME: 0x005ff063
03-23 00:19:47.490 28336 28375 I zygote  : android::hardware::configstore::V1_0::ISurfaceFlingerConfigs::hasWideColorDisplay retrieved: 0
03-23 00:19:47.491 28336 28375 I OpenGLRenderer: Initialized EGL, version 1.4
03-23 00:19:47.491 28336 28375 D OpenGLRenderer: Swap behavior 2
03-23 00:19:47.494 31760 31760 I Finsky  : [2] ppb.onTrimMemory(1): Memory trim requested to level 80
03-23 00:19:47.496  2748  2748 D Launcher.Utilities: Wakeup weather: Intent { act=com.motorola.launcher3.action.WAKEUP_WEATHER cmp=com.motorola.timeweatherwidget/com.motorola.commandcenter.weather.WakeUpService }
03-23 00:19:47.513  1456  1456 I NotificationService: Cannot find enqueued record for key: 0|com.motorola.timeweatherwidget|1|null|10116
03-23 00:19:47.520   808   808 D SurfaceFlinger: duplicate layer name: changing com.android.launcher3/com.android.launcher3.CustomizationPanelLauncher to com.android.launcher3/com.android.launcher3.CustomizationPanelLauncher#1
03-23 00:19:47.533 28336 28369 W ThreadPoolDumper: Queue length for executor EventBus is now 11. Perhaps some tasks are too long, or the pool is too small.
03-23 00:19:47.535  1456  7570 I WifiService: getWifiEnabledState uid=10073
03-23 00:19:47.546  1456  7570 I WifiService: getWifiEnabledState uid=10073
03-23 00:19:47.555 28336 28379 I DEBUG   : OpaToSrpTransitionState#onStateChanged#notNullQuery
03-23 00:19:47.556 28336 28379 I DEBUG   : OpaToSrpTransitionState#onStateChanged#notNullQuery
03-23 00:19:47.570 28336 28379 I MicroDetectionState: Should stop hotword detection immediately - false
03-23 00:19:47.574 28336 28379 I MicroDetectionWorker: #startMicroDetector [speakerMode: 0]
03-23 00:19:47.575 28336 28379 I AudioController: Created new AudioSource
03-23 00:19:47.596  1456  1673 I LaunchCheckinHandler: Displayed com.android.launcher3/.CustomizationPanelLauncher,wp,wa,137
03-23 00:19:47.597 28336 28378 I MicroDataManager: isInitializedWithLatestParams-true
03-23 00:19:47.597 28336 28378 I MicroDataManager: isInitializing-false locale not changed-true model not changed-true
03-23 00:19:47.597 28336 28378 I MicroDataManager: Already initialized, obtaining the hotword data immediately.
03-23 00:19:47.601 28336 21552 I MicroRecognitionRunner: Starting detection.
03-23 00:19:47.602 28336 21552 I InputStreamUtils: Using micInputStream
03-23 00:19:47.602 28336 12606 I MicrophoneInputStream: mic_starting  SR : 16000 CC : 16 SO : 1999
03-23 00:19:47.605   788   788 V msm8974_platform: platform_check_input_mask: enter check_input_mask source 6 mask 10
03-23 00:19:47.606  1012  3191 I AudioFlinger: AudioFlinger's thread 0xb24839c0 tid=3191 ready to run
03-23 00:19:47.613   788   788 D audio_hw_primary: in_set_parameters: enter: kvpairs=input_source=6;routing=-2147483644
03-23 00:19:47.614   808   808 I SFPerfTracer:      triggers: (rate: 71:2008989) (compose: 0:7) (post: 0:19) (render: 0:17) (1:9599871 frames) (2:11855954)
03-23 00:19:47.614   808   808 D SFPerfTracer:        layers: (3:14) (NavigationBar#0 (0xb07df000): 1:802897) (StatusBar#0 (0xb07e3000): 2:1989676) (com.android.systemui.ImageWallpaper#0 (0xb07e7000): 0:73191)* (Sprite#0 (0xb0733000): 0:317)* (DimLayerController/Stack=0#0 (0xb075a000): 0:3780)* (Sprite#1 (0xb077c000): 0:195)* (org.mozilla.fennec_aurora/org.mozilla.fenix.HomeActivity#0 (0xb039b000): 0:46)- (com.android.launcher3/com.android.launcher3.CustomizationPanelLauncher#0 (0xb0763000): 0:37)- (com.android.launcher3/com.android.launcher3.CustomizationPanelLauncher#1 (0xb0771000): 0:9)- (Splash Screen org.mozilla.fennec_aurora#0 (0xb039b000): 0:19)- (Splash Screen org.mozilla.fennec_aurora#1 (0xb013a000): 0:31)- (org.mozilla.fennec_aurora/org.mozilla.fenix.HomeActivity#0 (0xb039b000): 1:24) (com.android.launcher3/com.android.launcher3.CustomizationPanelLauncher#0 (0xb0763000): 1:4)* (com.android.launcher3/com.android.launcher3.CustomizationPanelLauncher#1 (0xb0771000): 1:4)* 
03-23 00:19:47.615  1012  1301 D APM_AudioPolicyManager: AudioPolicyManager::startInput() input 232774, session 232889, source = 1999
03-23 00:19:47.615 28336 12606 I MicrophoneInputStream: mic_started  SR : 16000 CC : 16 SO : 1999
03-23 00:19:47.617   788  3192 V msm8974_platform: platform_update_usecase_from_source: input source :6
03-23 00:19:47.617   788  3192 V msm8974_platform: platform_check_input_mask: enter check_input_mask source 6 mask 10
03-23 00:19:47.617   788  3192 V msm8974_platform: platform_get_input_snd_device: enter: out_device(0) in_device(0x4) channel_count (1) channel_mask (0x10)
03-23 00:19:47.617   788  3192 V msm8974_platform: platform_get_input_snd_device: exit: in_snd_device(voice-rec-mic)
03-23 00:19:47.617   788  3192 V msm8974_platform: platform_get_backend_index:napb: backend port - 5 device - 120 
03-23 00:19:47.617   788  3192 V msm8974_platform: platform_check_and_set_capture_backend_cfg:txbecf: afe: bitwidth 0, samplerate 0, channel 1, backend_idx 5 usecase = 9 device (voice-rec-mic)
03-23 00:19:47.617   788  3192 V msm8974_platform: platform_check_capture_backend_cfg:txbecf: afe: Codec selected backend: 5 current bit width: 0 and sample rate: 0, channels 1
03-23 00:19:47.617   788  3192 V msm8974_platform: platform_check_capture_backend_cfg:txbecf: afe: Codec selected backend: 5 updated bit width: 0 and sample rate: 0
03-23 00:19:47.618   788  3192 I msm8974_platform: platform_check_capture_backend_cfg:txbecf: afe: Codec backend needs to be updated. new bit width: 0 new sample rate: 0 new channel: 1
03-23 00:19:47.618   788  3192 V msm8974_platform: platform_get_backend_index:napb: backend port - 5 device - 120 
03-23 00:19:47.618   788  3192 V msm8974_platform: platform_set_backend_cfg:becf: afe: bitwidth 0, samplerate 0 channels 1, backend_idx 5 device (voice-rec-mic)
03-23 00:19:47.618   788  3192 E msm8974_platform: platform_set_backend_cfg:becf: afe: Could not get ctl for mixer command - SLIM_0_TX Format
03-23 00:19:47.618   788  3192 V msm8974_platform: platform_send_audio_calibration: sending audio calibration for snd_device(120) acdb_id(62)
03-23 00:19:47.618   788  3192 D ACDB-LOADER: ACDB -> send_audio_cal, acdb_id = 62, path = 1, app id = 0x11130, sample rate = 48000
03-23 00:19:47.618   788  3192 D ACDB-LOADER: ACDB -> send_asm_topology
03-23 00:19:47.618   788  3192 D ACDB-LOADER: ACDB -> ACDB_CMD_GET_AUDPROC_STREAM_TOPOLOGY_ID
03-23 00:19:47.618   788  3192 D ACDB-LOADER: ACDB -> send_adm_topology
03-23 00:19:47.618   788  3192 D ACDB-LOADER: ACDB -> ACDB_CMD_GET_AUDPROC_COMMON_TOPOLOGY_ID
03-23 00:19:47.618   788  3192 D ACDB-LOADER: ACDB -> send_audtable
03-23 00:19:47.618   788  3192 D ACDB-LOADER: ACDB -> ACDB_CMD_GET_AUDPROC_COMMON_TABLE_SIZE
03-23 00:19:47.619   788  3192 D ACDB-LOADER: ACDB -> ACDB_CMD_GET_AUDPROC_COMMON_TABLE
03-23 00:19:47.619   788  3192 D ACDB-LOADER: ACDB -> AUDIO_SET_AUDPROC_CAL
03-23 00:19:47.619   788  3192 D ACDB-LOADER: ACDB -> send_audvoltable
03-23 00:19:47.619   788  3192 D ACDB-LOADER: ACDB -> ACDB_CMD_GET_AUDPROC_VOL_STEP_TABLE_SIZE
03-23 00:19:47.619   788  3192 D ACDB-LOADER: ACDB -> ACDB_CMD_GET_AUDPROC_GAIN_DEP_STEP_TABLE, vol index 0
03-23 00:19:47.619   788  3192 D         : Failed to fetch the lookup information of the device 0000003E 
03-23 00:19:47.619   788  3192 D ACDB-LOADER: ACDB -> AUDIO_SET_VOL_CAL cal type = 12
03-23 00:19:47.619   788  3192 D ACDB-LOADER: ACDB -> ACDB_CMD_GET_AUDPROC_STREAM_TABLE_SIZE
03-23 00:19:47.619   788  3192 D ACDB-LOADER: ACDB -> send_audstrmtable
03-23 00:19:47.619   788  3192 D ACDB-LOADER: ACDB -> ACDB_CMD_GET_AUDPROC_STREAM_TABLE_V2
03-23 00:19:47.619   788  3192 D ACDB-LOADER: ACDB -> audstrm_cal->cal_type.cal_data.cal_size = 456
03-23 00:19:47.619   788  3192 D ACDB-LOADER: ACDB -> send_afe_topology
03-23 00:19:47.619   788  3192 D ACDB-LOADER: ACDB -> ACDB_CMD_GET_AFE_TOPOLOGY_ID
03-23 00:19:47.619   788  3192 D ACDB-LOADER: ACDB -> GET_AFE_TOPOLOGY_ID for adcd_id 62, Topology Id 112fb
03-23 00:19:47.619   788  3192 D ACDB-LOADER: ACDB -> send_afe_cal
03-23 00:19:47.619   788  3192 D ACDB-LOADER: ACDB -> ACDB_CMD_GET_AFE_COMMON_TABLE_SIZE
03-23 00:19:47.619   788  3192 D         : Failed to fetch the lookup information of the device 0000003E 
03-23 00:19:47.619   788  3192 E ACDB-LOADER: Error: ACDB_CMD_GET_AFE_COMMON_TABLE_SIZE Returned = -19
03-23 00:19:47.619   788  3192 D ACDB-LOADER: ACDB -> ACDB_CMD_GET_AFE_COMMON_TABLE
03-23 00:19:47.619   788  3192 D         : Failed to fetch the lookup information of the device 0000003E 
03-23 00:19:47.619   788  3192 D ACDB-LOADER: ACDB -> AUDIO_SET_AFE_CAL
03-23 00:19:47.619   788  3192 D ACDB-LOADER: ACDB -> send_hw_delay : acdb_id = 62 path = 1
03-23 00:19:47.619   788  3192 D ACDB-LOADER: ACDB -> ACDB_AVSYNC_INFO: ACDB_CMD_GET_DEVICE_PROPERTY
03-23 00:19:47.619   788  3192 D audio_hw_primary: enable_snd_device: snd_device(120: voice-rec-mic)
03-23 00:19:47.619   788  3192 D audio_route: Apply path: voice-rec-mic
03-23 00:19:47.621   788  3192 V msm8974_platform: platform_get_snd_device_backend_index: enter with device 120
03-23 00:19:47.621   788  3192 E msm8974_platform: platform_get_snd_device_backend_index: BE DAI Name Table is not present
03-23 00:19:47.621   788  3192 V msm8974_platform: platform_get_backend_index:napb: backend port - 5 device - 120 
03-23 00:19:47.621   788  3192 I audio_hw_utils: Set Audio Stream Capture 0 App Type Cfg: app_type 69936, acdb_dev_id 62, sample_rate 48000, snd_device_be_idx -14
03-23 00:19:47.621   788  3192 D audio_hw_primary: enable_audio_route: usecase(9) apply and update mixer path: audio-record
03-23 00:19:47.622   788  3192 D audio_route: Apply path: audio-record
03-23 00:19:47.690 28336 28379 I MicroDetectionWorker: onReady
03-23 00:19:47.829  2935  2977 I chatty  : uid=11153(org.mozilla.fennec_aurora) expire 2 lines
03-23 00:19:47.995  1456  7796 I OpenGLRenderer: Initialized EGL, version 1.4
03-23 00:19:47.995  1456  7796 D OpenGLRenderer: Swap behavior 2
03-23 00:19:48.046  2748  2917 W OpenGLRenderer: Incorrectly called buildLayer on View: ShortcutAndWidgetContainer, destroying layer...
03-23 00:19:52.599   769   769 I MotoSensors: Sensorhub hal setDelay: 1 - 20
03-23 00:19:52.600   769   769 I MotoSensors: Sensorhub hal setdelay: 1 - 20
03-23 00:19:52.600   769   769 I MotoSensors: HubSensors::updateAccelRate 200
03-23 00:19:52.600   769   769 I MotoSensors: Sensorhub hal enable: 1 - 1
03-23 00:19:52.600   769   769 I MotoSensors: HubSensors::updateAccelRate 20
03-23 00:19:52.632  1456 10962 I ActivityManager: Force stopping org.mozilla.fennec_aurora appid=11153 user=0: from pid 3197
03-23 00:19:52.632  1456 10962 I ActivityManager: Killing 2935:org.mozilla.fennec_aurora/u0a1153 (adj 700): stop org.mozilla.fennec_aurora
03-23 00:19:52.634  1456  1605 W zygote  : kill(-2935, 9) failed: No such process
03-23 00:19:52.636  1456 10962 W ActivityManager: Force removing ActivityRecord{2bb8897 u0 org.mozilla.fennec_aurora/org.mozilla.fenix.HomeActivity t43594}: app died, no saved state
03-23 00:19:52.646  1456 10962 I ActivityManager: Killing 3034:org.mozilla.fennec_aurora:tab0/u0a1153 (adj 0): stop org.mozilla.fennec_aurora
03-23 00:19:52.656  2398  2398 D CarrierSvcBindHelper: No carrier app for: 0
03-23 00:19:52.657  2398  2398 D CarrierSvcBindHelper: No carrier app for: 1
03-23 00:19:52.657  1456  1605 W zygote  : kill(-2935, 9) failed: No such process
03-23 00:19:52.706  1456 10736 D ConnectivityService: ConnectivityService NetworkRequestInfo binderDied(NetworkRequest [ TRACK_DEFAULT id=32948, [ Capabilities: INTERNET&NOT_RESTRICTED&TRUSTED&NOT_VPN] ], android.os.BinderProxy@133d9d6)
03-23 00:19:52.706  1456  2067 D ConnectivityService: releasing NetworkRequest [ TRACK_DEFAULT id=32948, [ Capabilities: INTERNET&NOT_RESTRICTED&TRUSTED&NOT_VPN] ] (release request)
03-23 00:19:52.707  1456  1673 W ActivityManager: setHasOverlayUi called on unknown pid: 2935
03-23 00:19:52.719  1456  1605 W zygote  : kill(-2935, 9) failed: No such process
03-23 00:19:52.719  1456  1605 I zygote  : Successfully killed process cgroup uid 11153 pid 2935 in 85ms
03-23 00:19:52.720  1456  1605 W zygote  : kill(-3034, 9) failed: No such process
03-23 00:19:52.720  1456  1605 I zygote  : Successfully killed process cgroup uid 11153 pid 3034 in 0ms
03-23 00:19:52.754  1456  5050 I ActivityManager: START u0 {act=android.intent.action.MAIN cat=[android.intent.category.LAUNCHER] flg=0x10000000 cmp=org.mozilla.fennec_aurora/.App} from uid 2000
03-23 00:19:52.755   794   839 E ANDR-PERF-RESOURCEQS: Failed to apply optimization [4, 0]
03-23 00:19:52.777  1456  4802 I ActivityManager: Start proc 3205:org.mozilla.fennec_aurora/u0a1153 for activity org.mozilla.fennec_aurora/.App
03-23 00:19:52.863 28336 28379 I MicroDetectionState: Should stop hotword detection immediately - false
03-23 00:19:52.863 28336 28379 I MicroDetector: Keeping mic open: false
03-23 00:19:52.863 28336 28379 I RecognitionAudioControl: #shutdownAudio [requestId: 6021122025855608012, keepAudioOpen: false, forced: true]
03-23 00:19:52.863 28336 21549 E DeviceStateChecker: DeviceStateChecker cancelled
03-23 00:19:52.863 28336 28379 I RecognitionAudioControl: #internalShutdownAudio [requestId: 6021122025855608012]
03-23 00:19:52.864 28336 28379 I RecognitionAudioControl: #internalShutdownAudio [keepAudioOpen: false, forced: true]
03-23 00:19:52.864 28336 28379 I RecognitionAudioControl: #actualShutdownAudio
03-23 00:19:52.864 28336 28379 I AudioController: #shutdown [requestId=6021122025855608012]
03-23 00:19:52.864 28336 28362 I AudioController: internalShutdown
03-23 00:19:52.864 28336 28366 I MicroRecognitionRunner: Stopping hotword detection.
03-23 00:19:52.910   788   788 D audio_hw_primary: disable_audio_route: usecase(9) reset and update mixer path: audio-record
03-23 00:19:52.911   788   788 D audio_hw_primary: disable_snd_device: snd_device(120: voice-rec-mic)
03-23 00:19:52.913  1012  1390 D APM_AudioPolicyManager: stopInput() input 232774, session 232889
03-23 00:19:52.913   788  1479 D audio_hw_primary: in_set_parameters: enter: kvpairs=routing=0
03-23 00:19:52.915 28336 28362 I MicrophoneInputStream: mic_close  SR : 16000 CC : 16 SO : 1999
03-23 00:19:52.915 28336 28362 E AudioSource: Stop listening is called on already closed AudioSource
03-23 00:19:52.916 28336 21552 I MicroRecognitionRunner: Detection finished
03-23 00:19:52.957  3205  3205 I chatty  : uid=11153(org.mozilla.fennec_aurora) expire 30 lines
03-23 00:19:53.027  3205  3224 I chatty  : uid=11153(org.mozilla.fennec_aurora) expire 4 lines
03-23 00:19:53.051  3205  3232 I chatty  : uid=11153(org.mozilla.fennec_aurora) expire 13 lines
03-23 00:19:53.070  3205  3231 I chatty  : uid=11153(org.mozilla.fennec_aurora) expire 11 lines
03-23 00:19:53.075  3205  3235 I chatty  : uid=11153(org.mozilla.fennec_aurora) expire 16 lines
03-23 00:19:53.131   769  1892 I MotoSensors: Sensorhub hal enable: 1 - 0
03-23 00:19:53.177  3205  3243 I chatty  : uid=11153(org.mozilla.fennec_aurora) expire 1 line
03-23 00:19:53.205   808   898 I SFPerfTracer:      triggers: (rate: 0:1) (0 sw vsyncs) (0 skipped) (20:5518263 vsyncs) (22:11937866)
03-23 00:19:53.218  3205  3252 I chatty  : uid=11153(org.mozilla.fennec_aurora) expire 10 lines
03-23 00:19:53.241  3205  3210 I chatty  : uid=11153(org.mozilla.fennec_aurora) expire 8 lines
03-23 00:19:53.254  1456  2921 I ActivityManager: START u0 {act=android.intent.action.MAIN cat=[android.intent.category.LAUNCHER] flg=0x10000000 cmp=org.mozilla.fennec_aurora/org.mozilla.fenix.HomeActivity (has extras)} from uid 11153
03-23 00:19:53.275   808   808 D SurfaceFlinger: duplicate layer name: changing Splash Screen org.mozilla.fennec_aurora to Splash Screen org.mozilla.fennec_aurora#1
03-23 00:19:53.350  3205  3205 I chatty  : uid=11153(org.mozilla.fennec_aurora) expire 27 lines
03-23 00:19:53.462  3205  3235 I chatty  : uid=11153(org.mozilla.fennec_aurora) expire 11 lines
03-23 00:19:53.517  1456  3927 I ActivityManager: Start proc 3290:org.mozilla.fennec_aurora:tab0/u0a1153 for service org.mozilla.fennec_aurora/org.mozilla.gecko.process.GeckoChildProcessServices$tab0
03-23 00:19:53.583  3205  3205 E ActivityThread: Failed to find provider info for org.mozilla.firefox_beta.fxa.auth
03-23 00:19:53.583  3205  3205 E ActivityThread: Failed to find provider info for org.mozilla.fennec_aurora.fxa.auth
03-23 00:19:53.670  3290  3290 I chatty  : uid=11153(org.mozilla.fennec_aurora) com.google.android.apps.tachyon expire 2 lines
03-23 00:19:53.671  3205  3313 I chatty  : uid=11153(org.mozilla.fennec_aurora) expire 9 lines
03-23 00:19:53.671  3290  3314 I chatty  : uid=11153(org.mozilla.fennec_aurora) com.google.android.apps.tachyon expire 1 line
03-23 00:19:54.025  1456  1673 I LaunchCheckinHandler: Displayed org.mozilla.fennec_aurora/org.mozilla.fenix.HomeActivity,wp,ca,736
03-23 00:19:54.029  1456  1673 I ActivityManager: Displayed org.mozilla.fennec_aurora/org.mozilla.fenix.HomeActivity: +728ms (total +1s254ms)
03-23 00:19:54.042 28336 28336 I MemoryTrimmer: Trimming objects from memory, since app is in the background.
03-23 00:19:54.048 28336 28379 E AudioSource: Stop listening is called on already closed AudioSource
03-23 00:19:54.050 28336 28336 I MemoryTrimmer: Trimming objects from memory, since app is in the background.
03-23 00:19:54.050 28336 12606 I PBSessionCacheImpl: Deleted sessionId[124624629806592980] from persistence.
03-23 00:19:54.054  1456  4802 I WifiService: getWifiEnabledState uid=10073
03-23 00:19:54.055 28336 28379 I DEBUG   : OpaToSrpTransitionState#onStateChanged#notNullQuery
03-23 00:19:54.056 28336 28379 I DEBUG   : OpaToSrpTransitionState#onStateChanged#notNullQuery
03-23 00:19:54.058 28336 28379 W SearchServiceCore: Abort, client detached.
03-23 00:19:54.089  3205  3205 E ActivityThread: Failed to find provider info for org.mozilla.firefox_beta.fxa.auth
03-23 00:19:54.089  3205  3205 E ActivityThread: Failed to find provider info for org.mozilla.fennec_aurora.fxa.auth
03-23 00:19:54.261  3205  3333 I chatty  : uid=11153(org.mozilla.fennec_aurora) expire 2 lines
03-23 00:19:54.403  1023  3338 D libc    : Internal error: netid(0), id(0x4f67), server(0.0.0.0)
03-23 00:19:54.403  1023  3338 D libc    : Internal error: netid(0), id(0x4f67), server(0.0.0.0)
03-23 00:19:54.403  1023  3338 D libc    : Internal error: netid(0), id(0x6805), server(0.0.0.0)
03-23 00:19:54.403  1023  3338 D libc    : Internal error: netid(0), id(0x6805), server(0.0.0.0)
03-23 00:19:54.412   808   808 I SFPerfTracer:      triggers: (rate: 71:2008989) (compose: 0:7) (post: 0:19) (render: 0:17) (6:9599948 frames) (7:11856056)
03-23 00:19:54.412   808   808 D SFPerfTracer:        layers: (3:12) (NavigationBar#0 (0xb07df000): 0:802917) (StatusBar#0 (0xb07e3000): 0:1989696) (com.android.systemui.ImageWallpaper#0 (0xb07e7000): 0:73193)* (Sprite#0 (0xb0733000): 0:317)* (DimLayerController/Stack=0#0 (0xb075a000): 0:3780)* (Sprite#1 (0xb077c000): 0:195)* (org.mozilla.fennec_aurora/org.mozilla.fenix.HomeActivity#0 (0xb039b000): 0:47)- (com.android.launcher3/com.android.launcher3.CustomizationPanelLauncher#0 (0xb0763000): 0:38)- (com.android.launcher3/com.android.launcher3.CustomizationPanelLauncher#1 (0xb0771000): 0:11)- (Splash Screen org.mozilla.fennec_aurora#0 (0xb039b000): 0:19)- (Splash Screen org.mozilla.fennec_aurora#1 (0xb013a000): 0:31)- (org.mozilla.fennec_aurora/org.mozilla.fenix.HomeActivity#0 (0xb039b000): 6:20) 
03-23 00:19:54.421  1023  3347 D libc    : Internal error: netid(0), id(0xdd02), server(0.0.0.0)
03-23 00:19:54.422  1023  3347 D libc    : Internal error: netid(0), id(0xdd02), server(0.0.0.0)
03-23 00:19:54.422  1023  3347 D libc    : Internal error: netid(0), id(0xd770), server(0.0.0.0)
03-23 00:19:54.423  1023  3347 D libc    : Internal error: netid(0), id(0xd770), server(0.0.0.0)
03-23 00:19:54.426  1023  3351 D libc    : Internal error: netid(0), id(0x1456), server(0.0.0.0)
03-23 00:19:54.426  1023  3351 D libc    : Internal error: netid(0), id(0x1456), server(0.0.0.0)
03-23 00:19:54.426  3205  3232 I chatty  : uid=11153(org.mozilla.fennec_aurora) expire 4 lines
03-23 00:19:54.426  1023  3351 D libc    : Internal error: netid(0), id(0x6a5d), server(0.0.0.0)
03-23 00:19:54.426  1023  3351 D libc    : Internal error: netid(0), id(0x6a5d), server(0.0.0.0)
03-23 00:19:54.427  3205  3233 I chatty  : uid=11153(org.mozilla.fennec_aurora) expire 1 line
03-23 00:19:54.427  3205  3257 I chatty  : uid=11153(org.mozilla.fennec_aurora) expire 1 line
03-23 00:19:54.468  1023  3369 D libc    : Internal error: netid(0), id(0x4f5e), server(0.0.0.0)
03-23 00:19:54.469  1023  3369 D libc    : Internal error: netid(0), id(0x4f5e), server(0.0.0.0)
03-23 00:19:54.469  1023  3369 D libc    : Internal error: netid(0), id(0xbf17), server(0.0.0.0)
03-23 00:19:54.469  1023  3369 D libc    : Internal error: netid(0), id(0xbf17), server(0.0.0.0)
03-23 00:19:54.470  1023  3373 D libc    : Internal error: netid(0), id(0xb021), server(0.0.0.0)
03-23 00:19:54.470  1023  3373 D libc    : Internal error: netid(0), id(0xb021), server(0.0.0.0)
03-23 00:19:54.471  1023  3373 D libc    : Internal error: netid(0), id(0x193c), server(0.0.0.0)
03-23 00:19:54.471  1023  3373 D libc    : Internal error: netid(0), id(0x193c), server(0.0.0.0)
03-23 00:19:54.473  1023  3376 D libc    : Internal error: netid(0), id(0x6b74), server(0.0.0.0)
03-23 00:19:54.473  1023  3376 D libc    : Internal error: netid(0), id(0x6b74), server(0.0.0.0)
03-23 00:19:54.474  1023  3376 D libc    : Internal error: netid(0), id(0x2607), server(0.0.0.0)
03-23 00:19:54.474  1023  3376 D libc    : Internal error: netid(0), id(0x2607), server(0.0.0.0)
03-23 00:19:58.409  3414  3414 D AndroidRuntime: >>>>>> START com.android.internal.os.RuntimeInit uid 2000 <<<<<<
03-23 00:19:58.422  3414  3414 W app_process: Could not reserve sentinel fault page
03-23 00:19:58.587  3414  3414 I app_process: The ClassLoaderContext is a special shared library.
03-23 00:19:58.652  3414  3414 D AndroidRuntime: Calling main entry com.android.commands.input.Input
03-23 00:19:58.655  3414  3414 I Input   : injectKeyEvent: KeyEvent { action=ACTION_DOWN, keyCode=KEYCODE_HOME, scanCode=0, metaState=0, flags=0x0, repeatCount=0, eventTime=17013253934, downTime=17013253934, deviceId=-1, source=0x101 }
03-23 00:19:58.664  3414  3414 I Input   : injectKeyEvent: KeyEvent { action=ACTION_UP, keyCode=KEYCODE_HOME, scanCode=0, metaState=0, flags=0x0, repeatCount=0, eventTime=17013253934, downTime=17013253934, deviceId=-1, source=0x101 }
03-23 00:19:58.670  1456  1941 I ActivityManager: START u0 {act=android.intent.action.MAIN cat=[android.intent.category.HOME] flg=0x10200000 cmp=com.android.launcher3/.CustomizationPanelLauncher (has extras)} from uid 1000
03-23 00:19:58.671   794   839 E ANDR-PERF-RESOURCEQS: Failed to apply optimization [4, 0]
03-23 00:19:58.682  1456  1941 I ActivityManager: moveHomeStack, setupComplete:true
03-23 00:19:58.685  3414  3414 D AndroidRuntime: Shutting down VM
03-23 00:19:58.694 28336 28375 I Adreno  : QUALCOMM build                   : bb5b86c, I77d3059488
03-23 00:19:58.694 28336 28375 I Adreno  : Build Date                       : 06/07/18
03-23 00:19:58.694 28336 28375 I Adreno  : OpenGL ES Shader Compiler Version: EV031.22.00.01_06
03-23 00:19:58.694 28336 28375 I Adreno  : Local Branch                     : 
03-23 00:19:58.694 28336 28375 I Adreno  : Remote Branch                    : refs/tags/AU_LINUX_ANDROID_LA.UM.6.5.R1.08.01.00.312.086
03-23 00:19:58.694 28336 28375 I Adreno  : Remote Branch                    : NONE
03-23 00:19:58.694 28336 28375 I Adreno  : Reconstruct Branch               : NOTHING
03-23 00:19:58.697 28336 28375 D vndksupport: Loading /vendor/lib/hw/gralloc.msm8937.so from current namespace instead of sphal namespace.
03-23 00:19:58.701 28336 28375 I Adreno  : PFP: 0x005ff087, ME: 0x005ff063
03-23 00:19:58.705 31760 31760 I Finsky  : [2] ppb.onTrimMemory(1): Memory trim requested to level 80
03-23 00:19:58.706 28336 28375 I zygote  : android::hardware::configstore::V1_0::ISurfaceFlingerConfigs::hasWideColorDisplay retrieved: 0
03-23 00:19:58.707 28336 28375 I OpenGLRenderer: Initialized EGL, version 1.4
03-23 00:19:58.707  2748  2748 D Launcher.Utilities: Wakeup weather: Intent { act=com.motorola.launcher3.action.WAKEUP_WEATHER cmp=com.motorola.timeweatherwidget/com.motorola.commandcenter.weather.WakeUpService }
03-23 00:19:58.707 28336 28375 D OpenGLRenderer: Swap behavior 2
03-23 00:19:58.726  1456  1456 I NotificationService: Cannot find enqueued record for key: 0|com.motorola.timeweatherwidget|1|null|10116
03-23 00:19:58.729   808   808 D SurfaceFlinger: duplicate layer name: changing com.android.launcher3/com.android.launcher3.CustomizationPanelLauncher to com.android.launcher3/com.android.launcher3.CustomizationPanelLauncher#1
03-23 00:19:58.746 28336 28336 W ThreadPoolDumper: Queue length for executor EventBus is now 11. Perhaps some tasks are too long, or the pool is too small.
03-23 00:19:58.754  1456  4802 I WifiService: getWifiEnabledState uid=10073
03-23 00:19:58.768  1456  4802 I WifiService: getWifiEnabledState uid=10073
03-23 00:19:58.780 28336 28379 I DEBUG   : OpaToSrpTransitionState#onStateChanged#notNullQuery
03-23 00:19:58.781 28336 28379 I DEBUG   : OpaToSrpTransitionState#onStateChanged#notNullQuery
03-23 00:19:58.794 28336 28379 I MicroDetectionState: Should stop hotword detection immediately - false
03-23 00:19:58.797 28336 28379 I MicroDetectionWorker: #startMicroDetector [speakerMode: 0]
03-23 00:19:58.798 28336 28379 I AudioController: Created new AudioSource
03-23 00:19:58.806  1456  1673 I LaunchCheckinHandler: Displayed com.android.launcher3/.CustomizationPanelLauncher,wp,wa,136
03-23 00:19:58.808 28336 28367 I MicroDataManager: isInitializedWithLatestParams-true
03-23 00:19:58.808 28336 28367 I MicroDataManager: isInitializing-false locale not changed-true model not changed-true
03-23 00:19:58.809 28336 28367 I MicroDataManager: Already initialized, obtaining the hotword data immediately.
03-23 00:19:58.813 28336 21549 I MicroRecognitionRunner: Starting detection.
03-23 00:19:58.813 28336 21549 I InputStreamUtils: Using micInputStream
03-23 00:19:58.814 28336 13751 I MicrophoneInputStream: mic_starting  SR : 16000 CC : 16 SO : 1999
03-23 00:19:58.817   788  1479 V msm8974_platform: platform_check_input_mask: enter check_input_mask source 6 mask 10
03-23 00:19:58.818  1012  3429 I AudioFlinger: AudioFlinger's thread 0xb2483580 tid=3429 ready to run
03-23 00:19:58.826   788  1479 D audio_hw_primary: in_set_parameters: enter: kvpairs=input_source=6;routing=-2147483644
03-23 00:19:58.828  1012  8317 D APM_AudioPolicyManager: AudioPolicyManager::startInput() input 232782, session 232897, source = 1999
03-23 00:19:58.828 28336 13751 I MicrophoneInputStream: mic_started  SR : 16000 CC : 16 SO : 1999
03-23 00:19:58.829   788  3430 V msm8974_platform: platform_update_usecase_from_source: input source :6
03-23 00:19:58.829   788  3430 V msm8974_platform: platform_check_input_mask: enter check_input_mask source 6 mask 10
03-23 00:19:58.829   788  3430 V msm8974_platform: platform_get_input_snd_device: enter: out_device(0) in_device(0x4) channel_count (1) channel_mask (0x10)
03-23 00:19:58.829   788  3430 V msm8974_platform: platform_get_input_snd_device: exit: in_snd_device(voice-rec-mic)
03-23 00:19:58.830   788  3430 V msm8974_platform: platform_get_backend_index:napb: backend port - 5 device - 120 
03-23 00:19:58.830   788  3430 V msm8974_platform: platform_check_and_set_capture_backend_cfg:txbecf: afe: bitwidth 0, samplerate 0, channel 1, backend_idx 5 usecase = 9 device (voice-rec-mic)
03-23 00:19:58.830   788  3430 V msm8974_platform: platform_check_capture_backend_cfg:txbecf: afe: Codec selected backend: 5 current bit width: 0 and sample rate: 0, channels 1
03-23 00:19:58.830   788  3430 V msm8974_platform: platform_check_capture_backend_cfg:txbecf: afe: Codec selected backend: 5 updated bit width: 0 and sample rate: 0
03-23 00:19:58.830   788  3430 I msm8974_platform: platform_check_capture_backend_cfg:txbecf: afe: Codec backend needs to be updated. new bit width: 0 new sample rate: 0 new channel: 1
03-23 00:19:58.830   788  3430 V msm8974_platform: platform_get_backend_index:napb: backend port - 5 device - 120 
03-23 00:19:58.830   788  3430 V msm8974_platform: platform_set_backend_cfg:becf: afe: bitwidth 0, samplerate 0 channels 1, backend_idx 5 device (voice-rec-mic)
03-23 00:19:58.830   788  3430 E msm8974_platform: platform_set_backend_cfg:becf: afe: Could not get ctl for mixer command - SLIM_0_TX Format
03-23 00:19:58.830   788  3430 V msm8974_platform: platform_send_audio_calibration: sending audio calibration for snd_device(120) acdb_id(62)
03-23 00:19:58.830   788  3430 D ACDB-LOADER: ACDB -> send_audio_cal, acdb_id = 62, path = 1, app id = 0x11130, sample rate = 48000
03-23 00:19:58.830   788  3430 D ACDB-LOADER: ACDB -> send_asm_topology
03-23 00:19:58.830   788  3430 D ACDB-LOADER: ACDB -> ACDB_CMD_GET_AUDPROC_STREAM_TOPOLOGY_ID
03-23 00:19:58.830   788  3430 D ACDB-LOADER: ACDB -> send_adm_topology
03-23 00:19:58.830   788  3430 D ACDB-LOADER: ACDB -> ACDB_CMD_GET_AUDPROC_COMMON_TOPOLOGY_ID
03-23 00:19:58.830   788  3430 D ACDB-LOADER: ACDB -> send_audtable
03-23 00:19:58.830   788  3430 D ACDB-LOADER: ACDB -> ACDB_CMD_GET_AUDPROC_COMMON_TABLE_SIZE
03-23 00:19:58.830   788  3430 D ACDB-LOADER: ACDB -> ACDB_CMD_GET_AUDPROC_COMMON_TABLE
03-23 00:19:58.830   788  3430 D ACDB-LOADER: ACDB -> AUDIO_SET_AUDPROC_CAL
03-23 00:19:58.830   788  3430 D ACDB-LOADER: ACDB -> send_audvoltable
03-23 00:19:58.830   788  3430 D ACDB-LOADER: ACDB -> ACDB_CMD_GET_AUDPROC_VOL_STEP_TABLE_SIZE
03-23 00:19:58.830   788  3430 D ACDB-LOADER: ACDB -> ACDB_CMD_GET_AUDPROC_GAIN_DEP_STEP_TABLE, vol index 0
03-23 00:19:58.831   788  3430 D         : Failed to fetch the lookup information of the device 0000003E 
03-23 00:19:58.831   788  3430 D ACDB-LOADER: ACDB -> AUDIO_SET_VOL_CAL cal type = 12
03-23 00:19:58.831   788  3430 D ACDB-LOADER: ACDB -> ACDB_CMD_GET_AUDPROC_STREAM_TABLE_SIZE
03-23 00:19:58.831   788  3430 D ACDB-LOADER: ACDB -> send_audstrmtable
03-23 00:19:58.831   788  3430 D ACDB-LOADER: ACDB -> ACDB_CMD_GET_AUDPROC_STREAM_TABLE_V2
03-23 00:19:58.831   788  3430 D ACDB-LOADER: ACDB -> audstrm_cal->cal_type.cal_data.cal_size = 456
03-23 00:19:58.831   788  3430 D ACDB-LOADER: ACDB -> send_afe_topology
03-23 00:19:58.831   788  3430 D ACDB-LOADER: ACDB -> ACDB_CMD_GET_AFE_TOPOLOGY_ID
03-23 00:19:58.831   788  3430 D ACDB-LOADER: ACDB -> GET_AFE_TOPOLOGY_ID for adcd_id 62, Topology Id 112fb
03-23 00:19:58.831   788  3430 D ACDB-LOADER: ACDB -> send_afe_cal
03-23 00:19:58.831   788  3430 D ACDB-LOADER: ACDB -> ACDB_CMD_GET_AFE_COMMON_TABLE_SIZE
03-23 00:19:58.831   788  3430 D         : Failed to fetch the lookup information of the device 0000003E 
03-23 00:19:58.831   788  3430 E ACDB-LOADER: Error: ACDB_CMD_GET_AFE_COMMON_TABLE_SIZE Returned = -19
03-23 00:19:58.831   788  3430 D ACDB-LOADER: ACDB -> ACDB_CMD_GET_AFE_COMMON_TABLE
03-23 00:19:58.831   788  3430 D         : Failed to fetch the lookup information of the device 0000003E 
03-23 00:19:58.831   788  3430 D ACDB-LOADER: ACDB -> AUDIO_SET_AFE_CAL
03-23 00:19:58.831   788  3430 D ACDB-LOADER: ACDB -> send_hw_delay : acdb_id = 62 path = 1
03-23 00:19:58.831   788  3430 D ACDB-LOADER: ACDB -> ACDB_AVSYNC_INFO: ACDB_CMD_GET_DEVICE_PROPERTY
03-23 00:19:58.831   788  3430 D audio_hw_primary: enable_snd_device: snd_device(120: voice-rec-mic)
03-23 00:19:58.831   788  3430 D audio_route: Apply path: voice-rec-mic
03-23 00:19:58.833   788  3430 V msm8974_platform: platform_get_snd_device_backend_index: enter with device 120
03-23 00:19:58.833   788  3430 E msm8974_platform: platform_get_snd_device_backend_index: BE DAI Name Table is not present
03-23 00:19:58.833   788  3430 V msm8974_platform: platform_get_backend_index:napb: backend port - 5 device - 120 
03-23 00:19:58.834   788  3430 I audio_hw_utils: Set Audio Stream Capture 0 App Type Cfg: app_type 69936, acdb_dev_id 62, sample_rate 48000, snd_device_be_idx -14
03-23 00:19:58.834   788  3430 D audio_hw_primary: enable_audio_route: usecase(9) apply and update mixer path: audio-record
03-23 00:19:58.834   788  3430 D audio_route: Apply path: audio-record
03-23 00:19:58.906 28336 28379 I MicroDetectionWorker: onReady
03-23 00:19:58.937  2146  2165 I zygote  : NativeAlloc concurrent copying GC freed 19346(1033KB) AllocSpace objects, 0(0B) LOS objects, 50% free, 8MB/17MB, paused 191us total 115.206ms
03-23 00:19:59.207  1456  7796 I OpenGLRenderer: Initialized EGL, version 1.4
03-23 00:19:59.207  1456  7796 D OpenGLRenderer: Swap behavior 2
03-23 00:19:59.258  2748  2917 W OpenGLRenderer: Incorrectly called buildLayer on View: ShortcutAndWidgetContainer, destroying layer...
03-23 00:19:59.383  3205  3231 I chatty  : uid=11153(org.mozilla.fennec_aurora) expire 6 lines
03-23 00:19:59.579  1456  1466 I zygote  : NativeAlloc concurrent copying GC freed 111886(16MB) AllocSpace objects, 26(904KB) LOS objects, 36% free, 42MB/66MB, paused 245us total 372.145ms
03-23 00:20:03.855  1456  3927 I ActivityManager: Force stopping org.mozilla.fennec_aurora appid=11153 user=0: from pid 3438
03-23 00:20:03.855  1456  3927 I ActivityManager: Killing 3205:org.mozilla.fennec_aurora/u0a1153 (adj 700): stop org.mozilla.fennec_aurora
03-23 00:20:03.857  1456  1605 W zygote  : kill(-3205, 9) failed: No such process
03-23 00:20:03.859  1456  3927 W ActivityManager: Force removing ActivityRecord{2c4fb36 u0 org.mozilla.fennec_aurora/org.mozilla.fenix.HomeActivity t43596}: app died, no saved state
03-23 00:20:03.873  1456  1605 W zygote  : kill(-3205, 9) failed: No such process
03-23 00:20:03.874  1456  3927 I ActivityManager: Killing 3290:org.mozilla.fennec_aurora:tab0/u0a1153 (adj 0): stop org.mozilla.fennec_aurora
03-23 00:20:03.886  2398  2398 D CarrierSvcBindHelper: No carrier app for: 0
03-23 00:20:03.886  1456  1605 W zygote  : kill(-3205, 9) failed: No such process
03-23 00:20:03.888  2398  2398 D CarrierSvcBindHelper: No carrier app for: 1
03-23 00:20:03.902  1456  1605 W zygote  : kill(-3205, 9) failed: No such process
03-23 00:20:03.917  1456  1605 I chatty  : uid=1000(system) ActivityManager identical 3 lines
03-23 00:20:03.925  1456  1673 W ActivityManager: setHasOverlayUi called on unknown pid: 3205
03-23 00:20:03.933  1456  1605 W zygote  : kill(-3205, 9) failed: No such process
03-23 00:20:03.933  1456  1605 I zygote  : Successfully killed process cgroup uid 11153 pid 3205 in 75ms
03-23 00:20:03.933  1456  1605 W zygote  : kill(-3290, 9) failed: No such process
03-23 00:20:03.933  1456  1605 I zygote  : Successfully killed process cgroup uid 11153 pid 3290 in 0ms
03-23 00:20:03.982  1456  2162 I ActivityManager: START u0 {act=android.intent.action.MAIN cat=[android.intent.category.LAUNCHER] flg=0x10000000 cmp=org.mozilla.fennec_aurora/.App} from uid 2000
03-23 00:20:03.983   794   839 E ANDR-PERF-RESOURCEQS: Failed to apply optimization [4, 0]
03-23 00:20:04.003  1456  5907 I ActivityManager: Start proc 3445:org.mozilla.fennec_aurora/u0a1153 for activity org.mozilla.fennec_aurora/.App
03-23 00:20:04.091 28336 28379 I MicroDetectionState: Should stop hotword detection immediately - false
03-23 00:20:04.091 28336 28379 I MicroDetector: Keeping mic open: false
03-23 00:20:04.091 28336 28379 I RecognitionAudioControl: #shutdownAudio [requestId: 7990739138615759945, keepAudioOpen: false, forced: true]
03-23 00:20:04.091 28336 21552 E DeviceStateChecker: DeviceStateChecker cancelled
03-23 00:20:04.091 28336 28379 I RecognitionAudioControl: #internalShutdownAudio [requestId: 7990739138615759945]
03-23 00:20:04.091 28336 28379 I RecognitionAudioControl: #internalShutdownAudio [keepAudioOpen: false, forced: true]
03-23 00:20:04.091 28336 28379 I RecognitionAudioControl: #actualShutdownAudio
03-23 00:20:04.091 28336 28379 I AudioController: #shutdown [requestId=7990739138615759945]
03-23 00:20:04.092 28336 28374 I AudioController: internalShutdown
03-23 00:20:04.092 28336 28362 I MicroRecognitionRunner: Stopping hotword detection.
03-23 00:20:04.142   788  1479 D audio_hw_primary: disable_audio_route: usecase(9) reset and update mixer path: audio-record
03-23 00:20:04.142   788  1479 D audio_hw_primary: disable_snd_device: snd_device(120: voice-rec-mic)
03-23 00:20:04.143  1012  8317 D APM_AudioPolicyManager: stopInput() input 232782, session 232897
03-23 00:20:04.144   788   788 D audio_hw_primary: in_set_parameters: enter: kvpairs=routing=0
03-23 00:20:04.145 28336 28374 I MicrophoneInputStream: mic_close  SR : 16000 CC : 16 SO : 1999
03-23 00:20:04.145 28336 28374 E AudioSource: Stop listening is called on already closed AudioSource
03-23 00:20:04.147 28336 21549 I MicroRecognitionRunner: Detection finished
03-23 00:20:04.176  3445  3445 I chatty  : uid=11153(org.mozilla.fennec_aurora) expire 57 lines
03-23 00:20:04.246  3445  3464 I chatty  : uid=11153(org.mozilla.fennec_aurora) expire 4 lines
03-23 00:20:04.264  1456  5907 D ConnectivityService: requestNetwork for uid/pid:11153/3445 NetworkRequest [ TRACK_DEFAULT id=32949, [ Capabilities: INTERNET&NOT_RESTRICTED&TRUSTED&NOT_VPN] ]
03-23 00:20:04.265  2398  2398 D PhoneSwitcherNetworkRequstListener: got request NetworkRequest [ TRACK_DEFAULT id=32949, [ Capabilities: INTERNET&NOT_RESTRICTED&TRUSTED&NOT_VPN] ] with score 0
03-23 00:20:04.267  1456  2054 D WIFI_UT : got request NetworkRequest [ TRACK_DEFAULT id=32949, [ Capabilities: INTERNET&NOT_RESTRICTED&TRUSTED&NOT_VPN] ] with score 0
03-23 00:20:04.267  1456  2099 D Ethernet: got request NetworkRequest [ TRACK_DEFAULT id=32949, [ Capabilities: INTERNET&NOT_RESTRICTED&TRUSTED&NOT_VPN] ] with score 0
03-23 00:20:04.268  1456  2054 D WIFI    : got request NetworkRequest [ TRACK_DEFAULT id=32949, [ Capabilities: INTERNET&NOT_RESTRICTED&TRUSTED&NOT_VPN] ] with score 0
03-23 00:20:04.273  3445  3475 I chatty  : uid=11153(org.mozilla.fennec_aurora) expire 14 lines
03-23 00:20:04.301  3445  3474 I chatty  : uid=11153(org.mozilla.fennec_aurora) expire 17 lines
03-23 00:20:04.307  3445  3478 I chatty  : uid=11153(org.mozilla.fennec_aurora) expire 27 lines
03-23 00:20:04.395  3445  3486 I chatty  : uid=11153(org.mozilla.fennec_aurora) expire 1 line
03-23 00:20:04.433   808   898 I SFPerfTracer:      triggers: (rate: 0:1) (0 sw vsyncs) (0 skipped) (20:5518356 vsyncs) (22:11937986)
03-23 00:20:04.444  3445  3493 I chatty  : uid=11153(org.mozilla.fennec_aurora) expire 10 lines
03-23 00:20:04.467  3445  3450 I chatty  : uid=11153(org.mozilla.fennec_aurora) expire 8 lines
03-23 00:20:04.487  1456  3927 I ActivityManager: START u0 {act=android.intent.action.MAIN cat=[android.intent.category.LAUNCHER] flg=0x10000000 cmp=org.mozilla.fennec_aurora/org.mozilla.fenix.HomeActivity (has extras)} from uid 11153
03-23 00:20:04.503   808   808 D SurfaceFlinger: duplicate layer name: changing Splash Screen org.mozilla.fennec_aurora to Splash Screen org.mozilla.fennec_aurora#1
03-23 00:20:04.739  1456  2920 I ActivityManager: Start proc 3530:org.mozilla.fennec_aurora:tab0/u0a1153 for service org.mozilla.fennec_aurora/org.mozilla.gecko.process.GeckoChildProcessServices$tab0
03-23 00:20:04.812  3445  3445 E ActivityThread: Failed to find provider info for org.mozilla.firefox_beta.fxa.auth
03-23 00:20:04.813  3445  3445 E ActivityThread: Failed to find provider info for org.mozilla.fennec_aurora.fxa.auth
03-23 00:20:04.881  3530  3530 I chatty  : uid=11153(org.mozilla.fennec_aurora) expire 2 lines
03-23 00:20:04.881  3530  3552 I chatty  : uid=11153(org.mozilla.fennec_aurora) expire 1 line
03-23 00:20:04.899  3445  3553 I chatty  : uid=11153(org.mozilla.fennec_aurora) expire 9 lines
03-23 00:20:05.238   808   808 I SFPerfTracer:      triggers: (rate: 71:2008989) (compose: 0:7) (post: 0:19) (render: 0:17) (1:9600020 frames) (2:11856156)
03-23 00:20:05.238   808   808 D SFPerfTracer:        layers: (3:12) (NavigationBar#0 (0xb07df000): 0:802938) (StatusBar#0 (0xb07e3000): 0:1989721) (com.android.systemui.ImageWallpaper#0 (0xb07e7000): 0:73195)* (Sprite#0 (0xb0733000): 0:317)* (DimLayerController/Stack=0#0 (0xb075a000): 0:3780)* (Sprite#1 (0xb077c000): 0:195)* (org.mozilla.fennec_aurora/org.mozilla.fenix.HomeActivity#0 (0xb039b000): 0:47)- (com.android.launcher3/com.android.launcher3.CustomizationPanelLauncher#0 (0xb0763000): 0:39)* (com.android.launcher3/com.android.launcher3.CustomizationPanelLauncher#1 (0xb0771000): 0:14)* (Splash Screen org.mozilla.fennec_aurora#0 (0xb039b000): 0:19)- (Splash Screen org.mozilla.fennec_aurora#1 (0xb013a000): 1:20) (org.mozilla.fennec_aurora/org.mozilla.fenix.HomeActivity#0 (0xb039b000): 2:2)* 
03-23 00:20:05.240  1456  1673 I LaunchCheckinHandler: Displayed org.mozilla.fennec_aurora/org.mozilla.fenix.HomeActivity,wp,ca,716
03-23 00:20:05.241  1456  1673 I ActivityManager: Displayed org.mozilla.fennec_aurora/org.mozilla.fenix.HomeActivity: +710ms (total +1s244ms)
03-23 00:20:05.258 28336 28336 I MemoryTrimmer: Trimming objects from memory, since app is in the background.
03-23 00:20:05.266 28336 28379 E AudioSource: Stop listening is called on already closed AudioSource
03-23 00:20:05.267 28336 28336 I MemoryTrimmer: Trimming objects from memory, since app is in the background.
03-23 00:20:05.269 28336 13751 I PBSessionCacheImpl: Deleted sessionId[124624629806592985] from persistence.
03-23 00:20:05.275  1456  5907 I WifiService: getWifiEnabledState uid=10073
03-23 00:20:05.278 28336 28379 I DEBUG   : OpaToSrpTransitionState#onStateChanged#notNullQuery
03-23 00:20:05.279 28336 28379 I DEBUG   : OpaToSrpTransitionState#onStateChanged#notNullQuery
