03-01 22:02:19.160 10015 10045 W GeckoLinker: /data/app/org.mozilla.fennec_aurora-PqAZx_VB6jpIanRhNxxutQ==/lib/arm/libxul.so: unhandled flags #8 not handled
03-01 22:02:19.161 10015 10045 W GeckoLinker: /data/app/org.mozilla.fennec_aurora-PqAZx_VB6jpIanRhNxxutQ==/lib/arm/liblgpllibs.so: unhandled flags #8 not handled
03-01 22:02:19.168  9925  9959 I GeckoSession: zerdatime 15646232936 - chrome startup finished
03-01 22:02:19.192 10015 10045 E GeckoLibLoad: Loaded libs in 31.812035ms total, 20ms(23ms) user, 10ms(10ms) system, 0(0) faults
03-01 22:02:19.192 10015 10045 D GeckoThread: State changed to LIBS_READY
03-01 22:02:19.192 10015 10045 W GeckoThread: zerdatime 15646232960 - runGecko
03-01 22:02:19.235  9925 10128 D App     : Could not fetch region from location service
03-01 22:02:19.235  9925 10128 D App     : java.io.IOException: org.mozilla.geckoview.WebRequestError: Request failed, error=0x25, category=0x5
03-01 22:02:19.235  9925 10128 D App     : 	at mozilla.components.browser.engine.gecko.fetch.GeckoViewFetchClient.fetch(GeckoViewFetchClient.kt:39)
03-01 22:02:19.235  9925 10128 D App     : 	at mozilla.components.service.location.MozillaLocationService$fetchRegion$2.invokeSuspend(MozillaLocationService.kt:27)
03-01 22:02:19.235  9925 10128 D App     : 	at mozilla.components.service.location.MozillaLocationService$fetchRegion$2.invoke(Unknown Source:10)
03-01 22:02:19.235  9925 10128 D App     : 	at kotlin.jvm.internal.Intrinsics.startUndispatchedOrReturn(Intrinsics.java:2)
03-01 22:02:19.235  9925 10128 D App     : 	at kotlin.jvm.internal.Intrinsics.withContext(Intrinsics.java:9)
03-01 22:02:19.235  9925 10128 D App     : 	at mozilla.components.service.location.MozillaLocationService.fetchRegion(MozillaLocationService.kt:2)
03-01 22:02:19.235  9925 10128 D App     : 	at mozilla.components.service.location.search.RegionSearchLocalizationProvider.determineRegion(RegionSearchLocalizationProvider.kt:5)
03-01 22:02:19.235  9925 10128 D App     : 	at mozilla.components.browser.search.provider.AssetsSearchEngineProvider.loadSearchEngines(AssetsSearchEngineProvider.kt:5)
03-01 22:02:19.235  9925 10128 D App     : 	at org.mozilla.fenix.components.searchengine.FenixSearchEngineProvider$bundledSearchEngines$1.invokeSuspend(FenixSearchEngineProvider.kt:21)
03-01 22:02:19.235  9925 10128 D App     : 	at kotlin.coroutines.jvm.internal.BaseContinuationImpl.resumeWith(ContinuationImpl.kt:2)
03-01 22:02:19.235  9925 10128 D App     : 	at kotlinx.coroutines.DispatchedTask.run(DispatchedTask.kt:15)
03-01 22:02:19.235  9925 10128 D App     : 	at kotlinx.coroutines.scheduling.CoroutineScheduler.runSafely(CoroutineScheduler.kt:1)
03-01 22:02:19.235  9925 10128 D App     : 	at kotlinx.coroutines.scheduling.CoroutineScheduler$Worker.run(CoroutineScheduler.kt:15)
03-01 22:02:19.235  9925 10128 D App     : Caused by: org.mozilla.geckoview.WebRequestError: Request failed, error=0x25, category=0x5
03-01 22:02:19.235  9925 10128 D App     : 	at org.mozilla.gecko.mozglue.GeckoLoader.nativeRun(Native Method)
03-01 22:02:19.235  9925 10128 D App     : 	at org.mozilla.gecko.GeckoThread.run(GeckoThread.java:91)
03-01 22:02:19.292  9925  9930 I zygote  : Do partial code cache collection, code=121KB, data=89KB
03-01 22:02:19.294  9925  9930 I zygote  : After code cache collection, code=119KB, data=88KB
03-01 22:02:19.294  9925  9930 I zygote  : Increasing code cache capacity to 512KB
03-01 22:02:19.300  1456  1600 I UsageStatsService: User[0] Flushing usage stats to disk
03-01 22:02:19.703 10015 10045 D GeckoThread: State changed to RUNNING
03-01 22:02:19.721  9925  9925 D App     : Installed browser-icons extension
03-01 22:02:19.723  9925  9925 D mozac-webextensions: Installed extension: mozacWebchannel
03-01 22:02:19.726  9925  9925 D mozac-webextensions: Installed extension: mozacReaderview
03-01 22:02:19.764 10015 10045 W ResourceType: Too many attribute references, stopped at: 0x01010099
03-01 22:02:19.876  9925  9925 D GeckoSession: handleMessage GeckoView:PageStart uri=about:blank
03-01 22:02:19.898  9925  9959 D GeckoScreenOrientation: unlocking
03-01 22:02:19.909  9925  9925 D GeckoSession: handleMessage GeckoView:LocationChange uri=about:blank
03-01 22:02:19.910  9925  9925 D GeckoSession: handleMessage GeckoView:PageStop uri=null
03-01 22:02:19.917  9925  9925 I SessionStorage/AutoSave: Save: Load finished
03-01 22:02:19.926  9925  9954 D SessionStorage/AutoSave: Saved state to disk [8ms]
03-01 22:02:19.930  9925  9925 D GeckoSession: handleMessage GeckoView:OnLoadRequest uri=about:blank
03-01 22:02:19.942  9925  9925 D GeckoSession: handleMessage GeckoView:OnLoadRequest uri=about:blank
03-01 22:02:20.061  9925  9925 D mozac-webcompat: Installed WebCompat webextension: webcompat@mozilla.com
03-01 22:02:20.064  9925  9925 D GeckoSession: handleMessage GeckoView:PageStart uri=about:blank
03-01 22:02:20.098  9925  9925 D GeckoSession: handleMessage GeckoView:PageStop uri=null
03-01 22:02:20.105  9925  9925 I SessionStorage/AutoSave: Save: Load finished
03-01 22:02:20.106  9925  9954 D SessionStorage/AutoSave: Delaying save (1812ms)
03-01 22:02:20.134  9925  9925 D GeckoSession: handleMessage GeckoView:PageStart uri=about:blank
03-01 22:02:20.162  9925  9925 D GeckoSession: handleMessage GeckoView:SecurityChanged uri=null
03-01 22:02:20.181  9925  9925 D GeckoSession: handleMessage GeckoView:PageStop uri=null
03-01 22:02:20.190  9925  9925 I SessionStorage/AutoSave: Save: Load finished
03-01 22:02:20.190  9925  9925 D SessionStorage/AutoSave: Skipping save, other job already in flight
03-01 22:02:20.849  9925  9925 D GeckoSession: handleMessage GeckoView:StateUpdated uri=null
03-01 22:02:20.850  9925  9925 W GeckoSession: No history entries found.
03-01 22:02:21.929  9925  9954 D SessionStorage/AutoSave: Saved state to disk [9ms]
03-01 22:02:22.376 10188 10188 D AndroidRuntime: >>>>>> START com.android.internal.os.RuntimeInit uid 2000 <<<<<<
03-01 22:02:22.388 10188 10188 W app_process: Could not reserve sentinel fault page
03-01 22:02:22.555 10188 10188 I app_process: The ClassLoaderContext is a special shared library.
03-01 22:02:22.628 10188 10188 D AndroidRuntime: Calling main entry com.android.commands.input.Input
03-01 22:02:22.629 10188 10188 I Input   : injectKeyEvent: KeyEvent { action=ACTION_DOWN, keyCode=KEYCODE_HOME, scanCode=0, metaState=0, flags=0x0, repeatCount=0, eventTime=15194197909, downTime=15194197909, deviceId=-1, source=0x101 }
03-01 22:02:22.635 10188 10188 I Input   : injectKeyEvent: KeyEvent { action=ACTION_UP, keyCode=KEYCODE_HOME, scanCode=0, metaState=0, flags=0x0, repeatCount=0, eventTime=15194197909, downTime=15194197909, deviceId=-1, source=0x101 }
03-01 22:02:22.642  1456  1941 I ActivityManager: START u0 {act=android.intent.action.MAIN cat=[android.intent.category.HOME] flg=0x10200000 cmp=com.android.launcher3/.CustomizationPanelLauncher (has extras)} from uid 1000
03-01 22:02:22.642   794   839 E ANDR-PERF-RESOURCEQS: Failed to apply optimization [4, 0]
03-01 22:02:22.655  1456  1941 I ActivityManager: moveHomeStack, setupComplete:true
03-01 22:02:22.663 20270 23357 I OpenGLRenderer: Initialized EGL, version 1.4
03-01 22:02:22.663 20270 23357 D OpenGLRenderer: Swap behavior 2
03-01 22:02:22.667 10188 10188 D AndroidRuntime: Shutting down VM
03-01 22:02:22.672  9925  9925 I zygote  : Deoptimizing kotlin.coroutines.CoroutineContext$Element kotlin.coroutines.CoroutineContext$Element$DefaultImpls.get(kotlin.coroutines.CoroutineContext$Element, kotlin.coroutines.CoroutineContext$Key) due to JIT inline cache
03-01 22:02:22.683  2748  2748 D Launcher.Utilities: Wakeup weather: Intent { act=com.motorola.launcher3.action.WAKEUP_WEATHER cmp=com.motorola.timeweatherwidget/com.motorola.commandcenter.weather.WakeUpService }
03-01 22:02:22.696  1456  1456 I NotificationService: Cannot find enqueued record for key: 0|com.motorola.timeweatherwidget|1|null|10116
03-01 22:02:22.700   808   808 D SurfaceFlinger: duplicate layer name: changing com.android.launcher3/com.android.launcher3.CustomizationPanelLauncher to com.android.launcher3/com.android.launcher3.CustomizationPanelLauncher#1
03-01 22:02:22.712 20270 21105 W ThreadPoolDumper: Queue length for executor EventBus is now 11. Perhaps some tasks are too long, or the pool is too small.
03-01 22:02:22.716  1456  3925 I WifiService: getWifiEnabledState uid=10073
03-01 22:02:22.717  9925  9925 I [INFO][Leanplum]: [com.leanplum.internal.RequestOld::sendIfConnected::4]: Device is offline, will send later
03-01 22:02:22.729  1456  7570 I WifiService: getWifiEnabledState uid=10073
03-01 22:02:22.736 20270 21092 I DEBUG   : OpaToSrpTransitionState#onStateChanged#notNullQuery
03-01 22:02:22.737 20270 21092 I DEBUG   : OpaToSrpTransitionState#onStateChanged#notNullQuery
03-01 22:02:22.748  9925  9925 D GeckoSession: handleMessage GeckoView:StateUpdated uri=null
03-01 22:02:22.754 20270 21092 I MicroDetectionState: Should stop hotword detection immediately - false
03-01 22:02:22.759 20270 21092 I MicroDetectionWorker: #startMicroDetector [speakerMode: 0]
03-01 22:02:22.761 20270 21092 I AudioController: Created new AudioSource
03-01 22:02:22.795  1456  1673 I LaunchCheckinHandler: Displayed com.android.launcher3/.CustomizationPanelLauncher,wp,wa,153
03-01 22:02:22.796 20270 21132 I MicroDataManager: isInitializedWithLatestParams-true
03-01 22:02:22.796 20270 21132 I MicroDataManager: isInitializing-false locale not changed-true model not changed-true
03-01 22:02:22.796 20270 21132 I MicroDataManager: Already initialized, obtaining the hotword data immediately.
03-01 22:02:22.800 20270 21400 I MicroRecognitionRunner: Starting detection.
03-01 22:02:22.801 20270 21400 I InputStreamUtils: Using micInputStream
03-01 22:02:22.801 20270 12166 I MicrophoneInputStream: mic_starting  SR : 16000 CC : 16 SO : 1999
03-01 22:02:22.805   788   788 V msm8974_platform: platform_check_input_mask: enter check_input_mask source 6 mask 10
03-01 22:02:22.809  1012 10203 I AudioFlinger: AudioFlinger's thread 0xb2483480 tid=10203 ready to run
03-01 22:02:22.815   788   788 D audio_hw_primary: in_set_parameters: enter: kvpairs=input_source=6;routing=-2147483644
03-01 22:02:22.816  1012 13178 D APM_AudioPolicyManager: AudioPolicyManager::startInput() input 172934, session 173041, source = 1999
03-01 22:02:22.817 20270 12166 I MicrophoneInputStream: mic_started  SR : 16000 CC : 16 SO : 1999
03-01 22:02:22.818   788 10204 V msm8974_platform: platform_update_usecase_from_source: input source :6
03-01 22:02:22.818   788 10204 V msm8974_platform: platform_check_input_mask: enter check_input_mask source 6 mask 10
03-01 22:02:22.818   788 10204 V msm8974_platform: platform_get_input_snd_device: enter: out_device(0) in_device(0x4) channel_count (1) channel_mask (0x10)
03-01 22:02:22.818   788 10204 V msm8974_platform: platform_get_input_snd_device: exit: in_snd_device(voice-rec-mic)
03-01 22:02:22.818   788 10204 V msm8974_platform: platform_get_backend_index:napb: backend port - 5 device - 120 
03-01 22:02:22.818   788 10204 V msm8974_platform: platform_check_and_set_capture_backend_cfg:txbecf: afe: bitwidth 0, samplerate 0, channel 1, backend_idx 5 usecase = 9 device (voice-rec-mic)
03-01 22:02:22.818   788 10204 V msm8974_platform: platform_check_capture_backend_cfg:txbecf: afe: Codec selected backend: 5 current bit width: 0 and sample rate: 0, channels 1
03-01 22:02:22.818   788 10204 V msm8974_platform: platform_check_capture_backend_cfg:txbecf: afe: Codec selected backend: 5 updated bit width: 0 and sample rate: 0
03-01 22:02:22.818   788 10204 I msm8974_platform: platform_check_capture_backend_cfg:txbecf: afe: Codec backend needs to be updated. new bit width: 0 new sample rate: 0 new channel: 1
03-01 22:02:22.818   788 10204 V msm8974_platform: platform_get_backend_index:napb: backend port - 5 device - 120 
03-01 22:02:22.818   788 10204 V msm8974_platform: platform_set_backend_cfg:becf: afe: bitwidth 0, samplerate 0 channels 1, backend_idx 5 device (voice-rec-mic)
03-01 22:02:22.818   788 10204 E msm8974_platform: platform_set_backend_cfg:becf: afe: Could not get ctl for mixer command - SLIM_0_TX Format
03-01 22:02:22.819   788 10204 V msm8974_platform: platform_send_audio_calibration: sending audio calibration for snd_device(120) acdb_id(62)
03-01 22:02:22.819   788 10204 D ACDB-LOADER: ACDB -> send_audio_cal, acdb_id = 62, path = 1, app id = 0x11130, sample rate = 48000
03-01 22:02:22.819   788 10204 D ACDB-LOADER: ACDB -> send_asm_topology
03-01 22:02:22.819   788 10204 D ACDB-LOADER: ACDB -> ACDB_CMD_GET_AUDPROC_STREAM_TOPOLOGY_ID
03-01 22:02:22.819   788 10204 D ACDB-LOADER: ACDB -> send_adm_topology
03-01 22:02:22.819   788 10204 D ACDB-LOADER: ACDB -> ACDB_CMD_GET_AUDPROC_COMMON_TOPOLOGY_ID
03-01 22:02:22.819   788 10204 D ACDB-LOADER: ACDB -> send_audtable
03-01 22:02:22.819   788 10204 D ACDB-LOADER: ACDB -> ACDB_CMD_GET_AUDPROC_COMMON_TABLE_SIZE
03-01 22:02:22.819   788 10204 D ACDB-LOADER: ACDB -> ACDB_CMD_GET_AUDPROC_COMMON_TABLE
03-01 22:02:22.819   788 10204 D ACDB-LOADER: ACDB -> AUDIO_SET_AUDPROC_CAL
03-01 22:02:22.819   788 10204 D ACDB-LOADER: ACDB -> send_audvoltable
03-01 22:02:22.819   788 10204 D ACDB-LOADER: ACDB -> ACDB_CMD_GET_AUDPROC_VOL_STEP_TABLE_SIZE
03-01 22:02:22.819   788 10204 D ACDB-LOADER: ACDB -> ACDB_CMD_GET_AUDPROC_GAIN_DEP_STEP_TABLE, vol index 0
03-01 22:02:22.819   788 10204 D         : Failed to fetch the lookup information of the device 0000003E 
03-01 22:02:22.819   788 10204 D ACDB-LOADER: ACDB -> AUDIO_SET_VOL_CAL cal type = 12
03-01 22:02:22.819   788 10204 D ACDB-LOADER: ACDB -> ACDB_CMD_GET_AUDPROC_STREAM_TABLE_SIZE
03-01 22:02:22.819   788 10204 D ACDB-LOADER: ACDB -> send_audstrmtable
03-01 22:02:22.819   788 10204 D ACDB-LOADER: ACDB -> ACDB_CMD_GET_AUDPROC_STREAM_TABLE_V2
03-01 22:02:22.819   788 10204 D ACDB-LOADER: ACDB -> audstrm_cal->cal_type.cal_data.cal_size = 456
03-01 22:02:22.819   788 10204 D ACDB-LOADER: ACDB -> send_afe_topology
03-01 22:02:22.819   788 10204 D ACDB-LOADER: ACDB -> ACDB_CMD_GET_AFE_TOPOLOGY_ID
03-01 22:02:22.819   788 10204 D ACDB-LOADER: ACDB -> GET_AFE_TOPOLOGY_ID for adcd_id 62, Topology Id 112fb
03-01 22:02:22.819   788 10204 D ACDB-LOADER: ACDB -> send_afe_cal
03-01 22:02:22.819   788 10204 D ACDB-LOADER: ACDB -> ACDB_CMD_GET_AFE_COMMON_TABLE_SIZE
03-01 22:02:22.819   788 10204 D         : Failed to fetch the lookup information of the device 0000003E 
03-01 22:02:22.819   788 10204 E ACDB-LOADER: Error: ACDB_CMD_GET_AFE_COMMON_TABLE_SIZE Returned = -19
03-01 22:02:22.819   788 10204 D ACDB-LOADER: ACDB -> ACDB_CMD_GET_AFE_COMMON_TABLE
03-01 22:02:22.819   788 10204 D         : Failed to fetch the lookup information of the device 0000003E 
03-01 22:02:22.819   788 10204 D ACDB-LOADER: ACDB -> AUDIO_SET_AFE_CAL
03-01 22:02:22.819   788 10204 D ACDB-LOADER: ACDB -> send_hw_delay : acdb_id = 62 path = 1
03-01 22:02:22.819   788 10204 D ACDB-LOADER: ACDB -> ACDB_AVSYNC_INFO: ACDB_CMD_GET_DEVICE_PROPERTY
03-01 22:02:22.819   788 10204 D audio_hw_primary: enable_snd_device: snd_device(120: voice-rec-mic)
03-01 22:02:22.819   788 10204 D audio_route: Apply path: voice-rec-mic
03-01 22:02:22.824   788 10204 V msm8974_platform: platform_get_snd_device_backend_index: enter with device 120
03-01 22:02:22.824   788 10204 E msm8974_platform: platform_get_snd_device_backend_index: BE DAI Name Table is not present
03-01 22:02:22.824   788 10204 V msm8974_platform: platform_get_backend_index:napb: backend port - 5 device - 120 
03-01 22:02:22.824   788 10204 I audio_hw_utils: Set Audio Stream Capture 0 App Type Cfg: app_type 69936, acdb_dev_id 62, sample_rate 48000, snd_device_be_idx -14
03-01 22:02:22.824   788 10204 D audio_hw_primary: enable_audio_route: usecase(9) apply and update mixer path: audio-record
03-01 22:02:22.824   788 10204 D audio_route: Apply path: audio-record
03-01 22:02:22.894 20270 21092 I MicroDetectionWorker: onReady
03-01 22:02:23.196  1456  7796 I OpenGLRenderer: Initialized EGL, version 1.4
03-01 22:02:23.196  1456  7796 D OpenGLRenderer: Swap behavior 2
03-01 22:02:23.213   808   808 I SFPerfTracer:      triggers: (rate: 57:1995462) (compose: 0:7) (post: 0:19) (render: 0:17) (12:8876334 frames) (13:10627816)
03-01 22:02:23.213   808   808 D SFPerfTracer:        layers: (4:14) (NavigationBar#0 (0xb07df000): 0:645561) (StatusBar#0 (0xb07e3000): 0:1710157) (com.android.systemui.ImageWallpaper#0 (0xb07e7000): 0:57288) (Sprite#0 (0xb0733000): 0:317)* (DimLayerController/Stack=0#0 (0xb075a000): 0:3734)* (Sprite#1 (0xb077c000): 0:195)* (animation background stackId=1#0 (0xb039b000): 0:108)* (com.android.launcher3/com.android.launcher3.CustomizationPanelLauncher#0 (0xb0763000): 0:41)- (com.android.launcher3/com.android.launcher3.CustomizationPanelLauncher#1 (0xb0771000): 0:9)- (org.mozilla.fennec_aurora/org.mozilla.fenix.IntentReceiverActivity#0 (0xb013a000): 0:3)- (Splash Screen org.mozilla.fennec_aurora#0 (0xb017c000): 0:31)- (org.mozilla.fennec_aurora/org.mozilla.fenix.HomeActivity#0 (0xb018c000): 12:57)* (com.android.launcher3/com.android.launcher3.CustomizationPanelLauncher#0 (0xb0763000): 13:30)* (com.android.launcher3/com.android.launcher3.CustomizationPanelLauncher#1 (0xb0771000): 1:5) 
03-01 22:02:23.243  2748  2917 W OpenGLRenderer: Incorrectly called buildLayer on View: ShortcutAndWidgetContainer, destroying layer...
03-01 22:02:23.346  9925  9925 D GeckoRuntime: Lifecycle: onPause
03-01 22:02:23.347  9925  9925 D GeckoNetworkManager: Incoming event stop for state OnWithListeners -> OffWithListeners
03-01 22:02:23.348  9925  9925 I SessionStorage/AutoSave: Save: Background
03-01 22:02:23.357  9925  9954 D SessionStorage/AutoSave: Saved state to disk [8ms]
03-01 22:02:23.358  9925  9952 I libglean_ffi: glean_core::ping: Collecting baseline
03-01 22:02:23.363  9925  9952 D libglean_ffi: glean_core::ping: Storing ping '9cb6c2ed-0603-4a3e-bf81-72e9ec368323' at '/data/user/0/org.mozilla.fennec_aurora/glean_data/pending_pings/9cb6c2ed-0603-4a3e-bf81-72e9ec368323'
03-01 22:02:23.363  9925  9952 I libglean_ffi: glean_core: The ping 'baseline' was submitted and will be sent as soon as possible
03-01 22:02:23.367  9925  9952 I libglean_ffi: glean_core::ping: Collecting events
03-01 22:02:23.370  9925  9952 D libglean_ffi: glean_core::ping: Storing ping 'a115e7ab-6c20-400f-91da-bb6f0adeb81e' at '/data/user/0/org.mozilla.fennec_aurora/glean_data/pending_pings/a115e7ab-6c20-400f-91da-bb6f0adeb81e'
03-01 22:02:23.371  9925  9952 I libglean_ffi: glean_core: The ping 'events' was submitted and will be sent as soon as possible
03-01 22:02:23.524  1456  1466 I zygote  : NativeAlloc concurrent copying GC freed 33382(2MB) AllocSpace objects, 23(972KB) LOS objects, 38% free, 37MB/61MB, paused 150us total 328.018ms
03-01 22:02:27.126  2398  2398 D QtiCarrierConfigHelper: WARNING, no carrier configs on phone Id: 0
03-01 22:02:27.830  1456  7570 I ActivityManager: Force stopping org.mozilla.fennec_aurora appid=11055 user=0: from pid 10212
03-01 22:02:27.831  1456  7570 I ActivityManager: Killing 9925:org.mozilla.fennec_aurora/u0a1055 (adj 700): stop org.mozilla.fennec_aurora
03-01 22:02:27.834  1456  1605 W zygote  : kill(-9925, 9) failed: No such process
03-01 22:02:27.836 10032 10032 I ServiceChildProcess: Service has been unbound. Stopping.
03-01 22:02:27.836 10015 10015 I ServiceChildProcess: Service has been unbound. Stopping.
03-01 22:02:27.837  1456  7570 W ActivityManager: Force removing ActivityRecord{fe3f2e3 u0 org.mozilla.fennec_aurora/org.mozilla.fenix.HomeActivity t30837}: app died, no saved state
03-01 22:02:27.847  1456  7570 I ActivityManager: Killing 10032:org.mozilla.fennec_aurora:socket/u0a1055 (adj 0): stop org.mozilla.fennec_aurora
03-01 22:02:27.851  1456  1605 W zygote  : kill(-9925, 9) failed: No such process
03-01 22:02:27.852  1456  7570 I ActivityManager: Killing 10015:org.mozilla.fennec_aurora:tab/u0a1055 (adj 0): stop org.mozilla.fennec_aurora
03-01 22:02:27.865  1456  1605 W zygote  : kill(-9925, 9) failed: No such process
03-01 22:02:27.866  2398  2398 D CarrierSvcBindHelper: No carrier app for: 0
03-01 22:02:27.868  2398  2398 D CarrierSvcBindHelper: No carrier app for: 1
03-01 22:02:27.880  1456  1605 W zygote  : kill(-9925, 9) failed: No such process
03-01 22:02:27.925  1456  1605 I chatty  : uid=1000(system) ActivityManager identical 3 lines
03-01 22:02:27.931  1456  1673 W ActivityManager: setHasOverlayUi called on unknown pid: 9925
03-01 22:02:27.941  1456  1605 W zygote  : kill(-9925, 9) failed: No such process
03-01 22:02:27.941  1456  1605 I zygote  : Successfully killed process cgroup uid 11055 pid 9925 in 107ms
03-01 22:02:27.941  1456  1605 W zygote  : kill(-10032, 9) failed: No such process
03-01 22:02:27.941  1456  1605 I zygote  : Successfully killed process cgroup uid 11055 pid 10032 in 0ms
03-01 22:02:27.942  1456  1605 W zygote  : kill(-10015, 9) failed: No such process
03-01 22:02:27.942  1456  1605 I zygote  : Successfully killed process cgroup uid 11055 pid 10015 in 0ms
03-01 22:02:27.964  1456  2204 I ActivityManager: START u0 {act=android.intent.action.VIEW dat=about:blank typ=text/html flg=0x10000000 cmp=org.mozilla.fennec_aurora/org.mozilla.fenix.IntentReceiverActivity} from uid 2000
03-01 22:02:27.965   794   839 E ANDR-PERF-RESOURCEQS: Failed to apply optimization [4, 0]
03-01 22:02:27.984  1456  2236 I ActivityManager: Start proc 10221:org.mozilla.fennec_aurora/u0a1055 for activity org.mozilla.fennec_aurora/org.mozilla.fenix.IntentReceiverActivity
03-01 22:02:28.071 20270 21092 I MicroDetectionState: Should stop hotword detection immediately - false
03-01 22:02:28.071 20270 21092 I MicroDetector: Keeping mic open: false
03-01 22:02:28.071 20270 21092 I RecognitionAudioControl: #shutdownAudio [requestId: -4462625037789086841, keepAudioOpen: false, forced: true]
03-01 22:02:28.071 20270 17075 E DeviceStateChecker: DeviceStateChecker cancelled
03-01 22:02:28.072 20270 21092 I RecognitionAudioControl: #internalShutdownAudio [requestId: -4462625037789086841]
03-01 22:02:28.072 20270 21092 I RecognitionAudioControl: #internalShutdownAudio [keepAudioOpen: false, forced: true]
03-01 22:02:28.072 20270 21092 I RecognitionAudioControl: #actualShutdownAudio
03-01 22:02:28.072 20270 21092 I AudioController: #shutdown [requestId=-4462625037789086841]
03-01 22:02:28.072 20270 21107 I AudioController: internalShutdown
03-01 22:02:28.072 20270 21118 I MicroRecognitionRunner: Stopping hotword detection.
03-01 22:02:28.113   788   788 D audio_hw_primary: disable_audio_route: usecase(9) reset and update mixer path: audio-record
03-01 22:02:28.114   788   788 D audio_hw_primary: disable_snd_device: snd_device(120: voice-rec-mic)
03-01 22:02:28.115 10221 10221 D FirebaseApp: com.google.firebase.auth.FirebaseAuth is not linked. Skipping initialization.
03-01 22:02:28.115  1012 13178 D APM_AudioPolicyManager: stopInput() input 172934, session 173041
03-01 22:02:28.116   788   788 D audio_hw_primary: in_set_parameters: enter: kvpairs=routing=0
03-01 22:02:28.116 10221 10221 D FirebaseApp: com.google.firebase.crash.FirebaseCrash is not linked. Skipping initialization.
03-01 22:02:28.119 20270 21107 I MicrophoneInputStream: mic_close  SR : 16000 CC : 16 SO : 1999
03-01 22:02:28.119 20270 21107 E AudioSource: Stop listening is called on already closed AudioSource
03-01 22:02:28.120 20270 21400 I MicroRecognitionRunner: Detection finished
03-01 22:02:28.121 10221 10221 I FirebaseInitProvider: FirebaseApp initialization successful
03-01 22:02:28.179 10221 10221 D FennecProfile: profiles.ini: true
03-01 22:02:28.182 10221 10221 D FennecProfile: Ignoring line in [general] section: StartWithLastProfile=1
03-01 22:02:28.182 10221 10221 D FennecProfile: Found 1 profiles
03-01 22:02:28.183 10221 10221 D FennecProfile: Found default profile: FennecProfile(name=default, path=/data/user/0/org.mozilla.fennec_aurora/files/mozilla/ugw63t8f.default, default=true)
03-01 22:02:28.185 10221 10242 I FA      : Collection disabled with firebase_analytics_collection_enabled=0
03-01 22:02:28.186 10221 10242 I FA      : App measurement is starting up, version: 12780
03-01 22:02:28.186 10221 10242 I FA      : To enable debug logging run: adb shell setprop log.tag.FA VERBOSE
03-01 22:02:28.186 10221 10242 I FA      : To enable faster debug mode event logging run:
03-01 22:02:28.186 10221 10242 I FA      :   adb shell setprop debug.firebase.analytics.app org.mozilla.fennec_aurora
03-01 22:02:28.188 10221 10221 D FennecMigrator: No migrations to run. Fennec install - false.
03-01 22:02:28.196  1456  2920 D ConnectivityService: requestNetwork for uid/pid:11055/10221 NetworkRequest [ TRACK_DEFAULT id=28979, [ Capabilities: INTERNET&NOT_RESTRICTED&TRUSTED&NOT_VPN] ]
03-01 22:02:28.198  1456  2099 D Ethernet: got request NetworkRequest [ TRACK_DEFAULT id=28979, [ Capabilities: INTERNET&NOT_RESTRICTED&TRUSTED&NOT_VPN] ] with score 0
03-01 22:02:28.198  1456  2054 D WIFI_UT : got request NetworkRequest [ TRACK_DEFAULT id=28979, [ Capabilities: INTERNET&NOT_RESTRICTED&TRUSTED&NOT_VPN] ] with score 0
03-01 22:02:28.198  1456  2054 D WIFI    : got request NetworkRequest [ TRACK_DEFAULT id=28979, [ Capabilities: INTERNET&NOT_RESTRICTED&TRUSTED&NOT_VPN] ] with score 0
03-01 22:02:28.198  2398  2398 D PhoneSwitcherNetworkRequstListener: got request NetworkRequest [ TRACK_DEFAULT id=28979, [ Capabilities: INTERNET&NOT_RESTRICTED&TRUSTED&NOT_VPN] ] with score 0
03-01 22:02:28.199 10221 10221 D FenixApplication: Initializing Glean (uploadEnabled=true, isFennec=true)
03-01 22:02:28.207 10221 10253 D RustNativeSupport: findMegazordLibraryName(viaduct, 0.50.0
03-01 22:02:28.207 10221 10253 D RustNativeSupport: lib in use: none
03-01 22:02:28.208 10221 10253 D RustNativeSupport: lib configured: fenix
03-01 22:02:28.208 10221 10253 D RustNativeSupport: lib version configured: 0.50.0
03-01 22:02:28.208 10221 10253 D RustNativeSupport: settled on fenix
03-01 22:02:28.223 10221 10252 D libglean_ffi: glean_ffi: Android logging should be hooked up!
03-01 22:02:28.227 10221 10252 I glean/Glean: Registering pings for mozilla.telemetry.glean.GleanMetrics.Pings
03-01 22:02:28.230 10221 10252 I libglean_ffi: glean_core: Creating new Glean
03-01 22:02:28.230 10221 10252 D libglean_ffi: glean_core::database: Database path: "/data/user/0/org.mozilla.fennec_aurora/glean_data/db"
03-01 22:02:28.231 10221 10252 I libglean_ffi: glean_core::database: Database initialized
03-01 22:02:28.231 10221 10252 I libglean_ffi: glean_ffi: Glean initialized
03-01 22:02:28.233 10221 10253 D RustNativeSupport: findMegazordLibraryName(rustlog, 0.50.0
03-01 22:02:28.233 10221 10253 D RustNativeSupport: lib in use: none
03-01 22:02:28.233 10221 10253 D RustNativeSupport: lib configured: fenix
03-01 22:02:28.233 10221 10253 D RustNativeSupport: lib version configured: 0.50.0
03-01 22:02:28.233 10221 10253 D RustNativeSupport: settled on fenix
03-01 22:02:28.236 10221 10253 I rc_log_ffi::ios: rc_log adapter initialized!
03-01 22:02:28.248 10221 10252 D glean/MetricsPingSched: The 'metrics' ping was last sent on Sun Mar 01 00:00:00 EST 2020
03-01 22:02:28.249 10221 10252 I glean/MetricsPingSched: The 'metrics' ping was already sent today, Sun Mar 01 22:02:28 EST 2020.
03-01 22:02:28.249 10221 10252 D glean/MetricsPingSched: Scheduling the 'metrics' ping in 21451766ms
03-01 22:02:28.251 10221 10252 D libglean_ffi: glean_core: Clearing Lifetime::Application metrics
03-01 22:02:28.268 10221 10221 D GeckoThread: State changed to LAUNCHED
03-01 22:02:28.268 10221 10259 I GeckoThread: preparing to run Gecko
03-01 22:02:28.276 10221 10259 D GeckoThread: State changed to MOZGLUE_READY
03-01 22:02:28.276 10221 10221 D GeckoRuntime: Lifecycle: onCreate
03-01 22:02:28.287 10221 10259 W Settings: Setting animator_duration_scale has moved from android.provider.Settings.System to android.provider.Settings.Global, returning read-only global URI.
03-01 22:02:28.289 10221 10259 E GeckoLibLoad: Load sqlite start
03-01 22:02:28.289 10221 10221 I zygote  : Deoptimizing java.lang.Object androidx.collection.SimpleArrayMap.put(java.lang.Object, java.lang.Object) due to JIT inline cache
03-01 22:02:28.294 10221 10221 D GleanMetricsService: Enabling Glean.
03-01 22:02:28.308 10221 10259 W GeckoLinker: /data/app/org.mozilla.fennec_aurora-PqAZx_VB6jpIanRhNxxutQ==/lib/arm/libnss3.so: unhandled flags #8 not handled
03-01 22:02:28.311 10221 10252 I libglean_ffi: glean_core: Upload enabled: true
03-01 22:02:28.314 10221 10259 W GeckoLinker: /data/app/org.mozilla.fennec_aurora-PqAZx_VB6jpIanRhNxxutQ==/lib/arm/libnss3.so: Relocation to NULL @0x001b8ffc for symbol "__cxa_type_match"
03-01 22:02:28.314 10221 10259 E GeckoLibLoad: Load sqlite done
03-01 22:02:28.314 10221 10259 E GeckoLibLoad: Load nss start
03-01 22:02:28.314 10221 10259 E GeckoLibLoad: Load nss done
03-01 22:02:28.315 10221 10259 W GeckoLinker: /data/app/org.mozilla.fennec_aurora-PqAZx_VB6jpIanRhNxxutQ==/lib/arm/libxul.so: unhandled flags #8 not handled
03-01 22:02:28.315 10221 10259 W GeckoLinker: /data/app/org.mozilla.fennec_aurora-PqAZx_VB6jpIanRhNxxutQ==/lib/arm/liblgpllibs.so: unhandled flags #8 not handled
03-01 22:02:28.334 10221 10221 W [WARNING][Leanplum]: [com.leanplum.internal.ActionManager::getLocationManager::8]: Geofencing support requires leanplum-location module and Google Play Services v8.1 and higher.
03-01 22:02:28.334 10221 10221 W [WARNING][Leanplum]: Add this to your build.gradle file:
03-01 22:02:28.334 10221 10221 W [WARNING][Leanplum]: implementation 'com.google.android.gms:play-services-location:8.3.0+'
03-01 22:02:28.334 10221 10221 W [WARNING][Leanplum]: implementation 'com.leanplum:leanplum-location:+'
03-01 22:02:28.336 10221 10221 I [INFO][Leanplum]: [com.leanplum.monitoring.ExceptionHandler::setContext::6]: LeanplumExceptionHandler could not initialize Exception Reporting.This is expected if you have not included the leanplum-monitoring module
03-01 22:02:28.337 10221 10221 I AdjustMetricsService: No adjust token defined
03-01 22:02:28.343 10221 10221 I FirefoxAccountStateMachine: Enabling/updating sync with a new SyncConfig: SyncConfig(supportedEngines=[mozilla.components.service.fxa.SyncEngine$History@1ecf92e, mozilla.components.service.fxa.SyncEngine$Bookmarks@d664ccf, mozilla.components.service.fxa.SyncEngine$Passwords@70ff65c], syncPeriodInMinutes=240)
03-01 22:02:28.347 10221 10221 I BgSyncManager: Periodic syncing enabled at a 240 interval
03-01 22:02:28.348 10221 10221 I FirefoxAccountStateMachine: Sync is enabled
03-01 22:02:28.350 10221 10262 I [INFO][Leanplum]: [com.leanplum.LeanplumFcmProvider::isManifestSetup::11]: Firebase Messaging is setup correctly.
03-01 22:02:28.352 10221 10221 D PushConfig: Creating push configuration for autopush.
03-01 22:02:28.353 10221 10259 E GeckoLibLoad: Loaded libs in 38.568076ms total, 26ms(90ms) user, 10ms(30ms) system, 0(0) faults
03-01 22:02:28.354 10221 10259 D GeckoThread: State changed to LIBS_READY
03-01 22:02:28.356 10221 10259 W GeckoThread: zerdatime 15646242124 - runGecko
03-01 22:02:28.361 10221 10259 D GeckoProfile: Loading profile at: null name: default
03-01 22:02:28.362 10221 10259 D GeckoProfile: Found profile dir: /data/user/0/org.mozilla.fennec_aurora/files/mozilla/ugw63t8f.default
03-01 22:02:28.365 10221 10270 I FirefoxAccountStateMachine: Processing event Event$Init for state Start. Next state is Start
03-01 22:02:28.365 10221 10221 I App     : AutoPushFeature is configured, initializing it...
03-01 22:02:28.365 10221 10221 I AutoPushFeature: Checking validity of push subscriptions.
03-01 22:02:28.377 10221 10221 D FennecProfile: profiles.ini: true
03-01 22:02:28.380 10221 10270 I FirefoxAccountStateMachine: Ran 'Event$Init' side-effects for state Start, got successive event Event$AccountNotFound
03-01 22:02:28.380 10221 10221 D FennecProfile: Ignoring line in [general] section: StartWithLastProfile=1
03-01 22:02:28.381 10221 10270 I FirefoxAccountStateMachine: Processing event Event$AccountNotFound for state Start. Next state is NotAuthenticated
03-01 22:02:28.381 10221 10221 D FennecProfile: Found 1 profiles
03-01 22:02:28.381 10221 10221 D FennecProfile: Found default profile: FennecProfile(name=default, path=/data/user/0/org.mozilla.fennec_aurora/files/mozilla/ugw63t8f.default, default=true)
03-01 22:02:28.385 10221 10270 D RustNativeSupport: findMegazordLibraryName(fxaclient, 0.50.0
03-01 22:02:28.385 10221 10270 D RustNativeSupport: lib in use: none
03-01 22:02:28.385 10221 10270 D RustNativeSupport: lib configured: fenix
03-01 22:02:28.385 10221 10270 D RustNativeSupport: lib version configured: 0.50.0
03-01 22:02:28.385 10221 10270 D RustNativeSupport: settled on fenix
03-01 22:02:28.389 10221 10270 D fxaclient_ffi: fxa_new
03-01 22:02:28.392 10221 10221 D FennecMigrator: This is not a Fennec installation. No migration needed.
03-01 22:02:28.414 10221 10221 D GeckoRuntime: Lifecycle: onStart
03-01 22:02:28.427 10221 10221 I [INFO][Leanplum]: [com.leanplum.internal.RequestOld::sendIfConnected::4]: Device is offline, will send later
03-01 22:02:28.437 10221 10226 I zygote  : Do partial code cache collection, code=28KB, data=30KB
03-01 22:02:28.439 10221 10226 I zygote  : After code cache collection, code=26KB, data=30KB
03-01 22:02:28.439 10221 10226 I zygote  : Increasing code cache capacity to 128KB
03-01 22:02:28.443 10221 10221 D GeckoRuntime: Lifecycle: onResume
03-01 22:02:28.445 10221 10221 D GeckoNetworkManager: Incoming event start for state OffNoListeners -> OnNoListeners
03-01 22:02:28.446 10221 10221 D GeckoNetworkManager: New network state: DOWN, NONE, UNKNOWN
03-01 22:02:28.467 10221 10285 D OpenGLRenderer: HWUI GL Pipeline
03-01 22:02:28.483 10221 10221 I glean/Glean: Registering pings for org.mozilla.fenix.GleanMetrics.Pings
03-01 22:02:28.499 10221 10221 D App     : ActivationPing - already generated
03-01 22:02:28.554  1456  2920 I ActivityManager: START u0 {act=android.intent.action.VIEW dat=about:blank typ=text/html cmp=org.mozilla.fennec_aurora/org.mozilla.fenix.HomeActivity (has extras)} from uid 11055
03-01 22:02:28.566 10221 10221 D GeckoNetworkManager: Incoming event receivedUpdate for state OnNoListeners -> OnNoListeners
03-01 22:02:28.567 10221 10221 D GeckoNetworkManager: New network state: DOWN, NONE, UNKNOWN
03-01 22:02:28.578 10221 10285 I Adreno  : QUALCOMM build                   : bb5b86c, I77d3059488
03-01 22:02:28.578 10221 10285 I Adreno  : Build Date                       : 06/07/18
03-01 22:02:28.578 10221 10285 I Adreno  : OpenGL ES Shader Compiler Version: EV031.22.00.01_06
03-01 22:02:28.578 10221 10285 I Adreno  : Local Branch                     : 
03-01 22:02:28.578 10221 10285 I Adreno  : Remote Branch                    : refs/tags/AU_LINUX_ANDROID_LA.UM.6.5.R1.08.01.00.312.086
03-01 22:02:28.578 10221 10285 I Adreno  : Remote Branch                    : NONE
03-01 22:02:28.578 10221 10285 I Adreno  : Reconstruct Branch               : NOTHING
03-01 22:02:28.579 10221 10285 D vndksupport: Loading /vendor/lib/hw/gralloc.msm8937.so from current namespace instead of sphal namespace.
03-01 22:02:28.589 10221 10285 I Adreno  : PFP: 0x005ff087, ME: 0x005ff063
03-01 22:02:28.597 10221 10285 I zygote  : android::hardware::configstore::V1_0::ISurfaceFlingerConfigs::hasWideColorDisplay retrieved: 0
03-01 22:02:28.598 10221 10285 I OpenGLRenderer: Initialized EGL, version 1.4
03-01 22:02:28.598 10221 10285 D OpenGLRenderer: Swap behavior 2
03-01 22:02:28.607 10221 10226 I zygote  : Do partial code cache collection, code=55KB, data=46KB
03-01 22:02:28.610 10221 10226 I zygote  : After code cache collection, code=47KB, data=41KB
03-01 22:02:28.610 10221 10226 I zygote  : Increasing code cache capacity to 256KB
03-01 22:02:28.633  1456  2204 I WindowManager: Keep hide if surface has never drawn Window{5e2dbfc u0 org.mozilla.fennec_aurora/org.mozilla.fenix.IntentReceiverActivity}
03-01 22:02:28.637  1456  2204 I WindowManager: Failed to capture screenshot of Token{c9dd507 ActivityRecord{d591f46 u0 org.mozilla.fennec_aurora/org.mozilla.fenix.IntentReceiverActivity t30838 f}} appWin=Window{5e2dbfc u0 org.mozilla.fennec_aurora/org.mozilla.fenix.IntentReceiverActivity} drawState=1
03-01 22:02:28.646 10221 10221 D MigrationPushRenewer: Migration state: NONE
03-01 22:02:28.646 10221 10221 D MigrationTelemetryListener: Migration state: NONE
03-01 22:02:28.666  1456  1673 I LaunchCheckinHandler: Displayed org.mozilla.fennec_aurora/org.mozilla.fenix.IntentReceiverActivity,cp,ca,693
03-01 22:02:28.691 10221 10221 D PhoneWindow: Restoring navigation bar divider color to default value = 0x00000000
03-01 22:02:28.720 10221 10259 I Gecko:DumpUtils: Fifo watcher disabled via pref.
03-01 22:02:28.746 10221 10221 I NavController: Ignoring popBackStack to destination org.mozilla.fennec_aurora:id/browserFragment as it was not found on the current back stack
03-01 22:02:28.751 10221 10259 D GeckoSysInfo: System memory: 1867MB.
03-01 22:02:28.754 10221 10259 D GeckoThread: State changed to JNI_READY
03-01 22:02:28.773  1456  2236 I ActivityManager: Start proc 10313:org.mozilla.fennec_aurora:tab/u0a1055 for service org.mozilla.fennec_aurora/org.mozilla.gecko.process.GeckoChildProcessServices$tab
03-01 22:02:28.890  1456  2196 I ActivityManager: Start proc 10331:org.mozilla.fennec_aurora:socket/u0a1055 for service org.mozilla.fennec_aurora/org.mozilla.gecko.process.GeckoChildProcessServices$socket
03-01 22:02:28.908 10313 10313 D GeckoThread: State changed to LAUNCHED
03-01 22:02:28.909 10313 10344 I GeckoThread: preparing to run Gecko
03-01 22:02:28.963 10221 10347 D RustNativeSupport: findMegazordLibraryName(places, 0.50.0
03-01 22:02:28.963 10221 10347 D RustNativeSupport: lib in use: none
03-01 22:02:28.963 10221 10347 D RustNativeSupport: lib configured: fenix
03-01 22:02:28.963 10221 10347 D RustNativeSupport: lib version configured: 0.50.0
03-01 22:02:28.963 10221 10347 D RustNativeSupport: settled on fenix
03-01 22:02:28.968 10221 10347 D places_ffi: places_api_new
03-01 22:02:29.012 10221 10347 D sql_support::conn_ext: Transaction commited after 30.36193ms
03-01 22:02:29.014 10221 10347 D places_ffi: places_connection_new
03-01 22:02:29.017 10221 10347 D places_ffi: places_connection_new
03-01 22:02:29.019   808   898 I SFPerfTracer:      triggers: (rate: 0:1) (0 sw vsyncs) (0 skipped) (17:4777448 vsyncs) (19:10691690)
03-01 22:02:29.031 10221 10270 W FirefoxAccountStateMachine: Got invalid event Event$Init for state NotAuthenticated.
03-01 22:02:29.036 10221 10347 D places_ffi: bookmarks_get_all_with_url
03-01 22:02:29.042 10331 10331 D GeckoThread: State changed to LAUNCHED
03-01 22:02:29.043 10331 10351 I GeckoThread: preparing to run Gecko
03-01 22:02:29.043 10221 10221 E [ERROR][Leanplum]: [com.leanplum.LeanplumFcmProvider$1::onComplete::2]: getInstanceId failed
03-01 22:02:29.121 10221 10348 W LOTTIE  : Animation contains merge paths. Merge paths are only supported on KitKat+ and must be manually enabled by calling enableMergePathsForKitKatAndAbove().
03-01 22:02:29.161  1456  2196 I ActivityManager: Displayed org.mozilla.fennec_aurora/org.mozilla.fenix.HomeActivity: +534ms (total +1s188ms)
03-01 22:02:29.161  1456  2196 I ActivityManager: Fully drawn org.mozilla.fennec_aurora/org.mozilla.fenix.HomeActivity: +534ms (total +1s188ms)
03-01 22:02:29.169 10221 10226 I zygote  : Do full code cache collection, code=126KB, data=101KB
03-01 22:02:29.171 10221 10226 I zygote  : After code cache collection, code=97KB, data=61KB
03-01 22:02:29.193 10331 10351 D GeckoThread: State changed to MOZGLUE_READY
03-01 22:02:29.206 10331 10351 W Settings: Setting animator_duration_scale has moved from android.provider.Settings.System to android.provider.Settings.Global, returning read-only global URI.
03-01 22:02:29.213 10331 10351 E GeckoLibLoad: Load sqlite start
03-01 22:02:29.216 10221 10285 D vndksupport: Loading /vendor/lib/hw/android.hardware.graphics.mapper@2.0-impl.so from current namespace instead of sphal namespace.
03-01 22:02:29.218 10221 10285 D vndksupport: Loading /vendor/lib/hw/gralloc.msm8937.so from current namespace instead of sphal namespace.
03-01 22:02:29.232 10331 10351 W GeckoLinker: /data/app/org.mozilla.fennec_aurora-PqAZx_VB6jpIanRhNxxutQ==/lib/arm/libnss3.so: unhandled flags #8 not handled
03-01 22:02:29.238 10331 10351 W GeckoLinker: /data/app/org.mozilla.fennec_aurora-PqAZx_VB6jpIanRhNxxutQ==/lib/arm/libnss3.so: Relocation to NULL @0x001b8ffc for symbol "__cxa_type_match"
03-01 22:02:29.238 10331 10351 E GeckoLibLoad: Load sqlite done
03-01 22:02:29.238 10331 10351 E GeckoLibLoad: Load nss start
03-01 22:02:29.238 10331 10351 E GeckoLibLoad: Load nss done
03-01 22:02:29.239 10331 10351 W GeckoLinker: /data/app/org.mozilla.fennec_aurora-PqAZx_VB6jpIanRhNxxutQ==/lib/arm/libxul.so: unhandled flags #8 not handled
03-01 22:02:29.240 10331 10351 W GeckoLinker: /data/app/org.mozilla.fennec_aurora-PqAZx_VB6jpIanRhNxxutQ==/lib/arm/liblgpllibs.so: unhandled flags #8 not handled
03-01 22:02:29.272 10221 10221 W LOTTIE  : Animation contains merge paths but they are disabled.
03-01 22:02:29.276 10331 10351 E GeckoLibLoad: Loaded libs in 37.479223ms total, 16ms(20ms) user, 13ms(16ms) system, 0(0) faults
03-01 22:02:29.276 10331 10351 D GeckoThread: State changed to LIBS_READY
03-01 22:02:29.277 10331 10351 W GeckoThread: zerdatime 15646243044 - runGecko
03-01 22:02:29.334 20270 20270 I MemoryTrimmer: Trimming objects from memory, since app is in the background.
03-01 22:02:29.342 20270 21092 E AudioSource: Stop listening is called on already closed AudioSource
03-01 22:02:29.345 20270 12166 I PBSessionCacheImpl: Deleted sessionId[89149984825590503] from persistence.
03-01 22:02:29.350 20270 23357 E chromium: [ERROR:aw_gl_functor.cc(102)] Received unexpected kModeProcessNoContext
03-01 22:02:29.351 20270 23357 E libEGL  : call to OpenGL ES API with no current context (logged once per thread)
03-01 22:02:29.351 20270 20270 I MemoryTrimmer: Trimming objects from memory, since app is in the background.
03-01 22:02:29.352  1456  2236 I WifiService: getWifiEnabledState uid=10073
03-01 22:02:29.354 20270 21092 I DEBUG   : OpaToSrpTransitionState#onStateChanged#notNullQuery
03-01 22:02:29.356 20270 21092 I DEBUG   : OpaToSrpTransitionState#onStateChanged#notNullQuery
03-01 22:02:29.359 20270 21092 W SearchServiceCore: Abort, client detached.
03-01 22:02:29.360 20270 21092 I chatty  : uid=10073(com.google.android.googlequicksearchbox) EventBus0 identical 1 line
03-01 22:02:29.362 20270 21092 W SearchServiceCore: Abort, client detached.
03-01 22:02:29.471 10331 10351 D GeckoThread: State changed to RUNNING
03-01 22:02:29.602 10221 10259 I Gecko   : 1583118149599	addons.xpi	WARN	List of valid built-in add-ons could not be parsed.: [Exception... "Component returned failure code: 0x80520012 (NS_ERROR_FILE_NOT_FOUND) [nsIXPCComponents_Utils.readUTF8URI]"  nsresult: "0x80520012 (NS_ERROR_FILE_NOT_FOUND)"  location: "JS frame :: resource://gre/modules/addons/XPIProvider.jsm :: startup :: line 2372"  data: no] Stack trace: startup()@resource://gre/modules/addons/XPIProvider.jsm:2372
03-01 22:02:29.602 10221 10259 I Gecko   : callProvider()@resource://gre/modules/AddonManager.jsm:215
03-01 22:02:29.602 10221 10259 I Gecko   : _startProvider()@resource://gre/modules/AddonManager.jsm:587
03-01 22:02:29.602 10221 10259 I Gecko   : startup()@resource://gre/modules/AddonManager.jsm:811
03-01 22:02:29.602 10221 10259 I Gecko   : startup()@resource://gre/modules/AddonManager.jsm:3482
03-01 22:02:29.602 10221 10259 I Gecko   : observe()@resource://gre/modules/addonManager.js:87
03-01 22:02:29.761 10221 10259 D GeckoThread: State changed to PROFILE_READY
03-01 22:02:29.841 10221 10259 D GeckoThread: State changed to RUNNING
03-01 22:02:29.857 10221 10259 W GeckoEventDispatcher: No listener for AndroidCastDevice:SyncDevice
03-01 22:02:29.863 10221 10259 I Gecko   : -*- nsDNSServiceDiscovery.js : nsDNSServiceDiscovery
03-01 22:02:29.961 10221 10259 W ResourceType: Too many attribute references, stopped at: 0x01010099
03-01 22:02:30.066 10221 10221 D GeckoNetworkManager: Incoming event enableNotifications for state OnNoListeners -> OnWithListeners
03-01 22:02:30.066 10221 10221 D GeckoNetworkManager: New network state: DOWN, NONE, UNKNOWN
03-01 22:02:30.067 10221 10221 D GeckoNetworkManager: Incoming event receivedUpdate for state OnWithListeners -> OnWithListeners
03-01 22:02:30.068 10221 10221 D GeckoNetworkManager: New network state: DOWN, NONE, UNKNOWN
03-01 22:02:30.071 10221 10259 W GeckoLinker: /data/app/org.mozilla.fennec_aurora-PqAZx_VB6jpIanRhNxxutQ==/lib/arm/libsoftokn3.so: unhandled flags #8 not handled
03-01 22:02:30.072  1023 10395 D libc    : Internal error: netid(0), id(0xa20d), server(0.0.0.0)
03-01 22:02:30.072  1023 10395 D libc    : Internal error: netid(0), id(0xa20d), server(0.0.0.0)
03-01 22:02:30.072 10221 10259 W GeckoLinker: /data/app/org.mozilla.fennec_aurora-PqAZx_VB6jpIanRhNxxutQ==/lib/arm/libsoftokn3.so: Relocation to NULL @0x0002cffc for symbol "__cxa_type_match"
03-01 22:02:30.072  1023 10395 D libc    : Internal error: netid(0), id(0xef4c), server(0.0.0.0)
03-01 22:02:30.073  1023 10395 D libc    : Internal error: netid(0), id(0xef4c), server(0.0.0.0)
03-01 22:02:30.073 10221 10259 W GeckoLinker: /data/app/org.mozilla.fennec_aurora-PqAZx_VB6jpIanRhNxxutQ==/lib/arm/libfreebl3.so: unhandled flags #8 not handled
03-01 22:02:30.074 10221 10259 W GeckoLinker: /data/app/org.mozilla.fennec_aurora-PqAZx_VB6jpIanRhNxxutQ==/lib/arm/libfreebl3.so: Relocation to NULL @0x0004fffc for symbol "__cxa_type_match"
03-01 22:02:30.104 10221 10362 W GeckoLinker: /data/app/org.mozilla.fennec_aurora-PqAZx_VB6jpIanRhNxxutQ==/lib/arm/libnssckbi.so: unhandled flags #8 not handled
03-01 22:02:30.105 10221 10362 W GeckoLinker: /data/app/org.mozilla.fennec_aurora-PqAZx_VB6jpIanRhNxxutQ==/lib/arm/libnssckbi.so: Relocation to NULL @0x00055ffc for symbol "__cxa_type_match"
03-01 22:02:30.127 10221 10259 W GeckoEventDispatcher: No listener for GeckoView:AccessibilityEnabled
03-01 22:02:30.264  1023 10407 D libc    : Internal error: netid(0), id(0x3972), server(0.0.0.0)
03-01 22:02:30.264  1023 10407 D libc    : Internal error: netid(0), id(0x3972), server(0.0.0.0)
03-01 22:02:30.265  1023 10407 D libc    : Internal error: netid(0), id(0x4273), server(0.0.0.0)
03-01 22:02:30.265  1023 10407 D libc    : Internal error: netid(0), id(0x4273), server(0.0.0.0)
03-01 22:02:30.266  1023 10410 D libc    : Internal error: netid(0), id(0xc52f), server(0.0.0.0)
03-01 22:02:30.266  1023 10410 D libc    : Internal error: netid(0), id(0xc52f), server(0.0.0.0)
03-01 22:02:30.267  1023 10410 D libc    : Internal error: netid(0), id(0xb545), server(0.0.0.0)
03-01 22:02:30.267  1023 10410 D libc    : Internal error: netid(0), id(0xb545), server(0.0.0.0)
03-01 22:02:30.268  1023 10414 D libc    : Internal error: netid(0), id(0x4d42), server(0.0.0.0)
03-01 22:02:30.268  1023 10414 D libc    : Internal error: netid(0), id(0x4d42), server(0.0.0.0)
03-01 22:02:30.269  1023 10414 D libc    : Internal error: netid(0), id(0xbd2d), server(0.0.0.0)
03-01 22:02:30.269  1023 10414 D libc    : Internal error: netid(0), id(0xbd2d), server(0.0.0.0)
03-01 22:02:30.290 10221 10259 W ResourceType: Too many attribute references, stopped at: 0x01010099
03-01 22:02:30.330 10221 10253 D App     : Could not fetch region from location service
03-01 22:02:30.330 10221 10253 D App     : java.io.IOException: org.mozilla.geckoview.WebRequestError: Request failed, error=0x25, category=0x5
03-01 22:02:30.330 10221 10253 D App     : 	at mozilla.components.browser.engine.gecko.fetch.GeckoViewFetchClient.fetch(GeckoViewFetchClient.kt:39)
03-01 22:02:30.330 10221 10253 D App     : 	at mozilla.components.service.location.MozillaLocationService$fetchRegion$2.invokeSuspend(MozillaLocationService.kt:27)
03-01 22:02:30.330 10221 10253 D App     : 	at mozilla.components.service.location.MozillaLocationService$fetchRegion$2.invoke(Unknown Source:10)
03-01 22:02:30.330 10221 10253 D App     : 	at kotlin.jvm.internal.Intrinsics.startUndispatchedOrReturn(Intrinsics.java:2)
03-01 22:02:30.330 10221 10253 D App     : 	at kotlin.jvm.internal.Intrinsics.withContext(Intrinsics.java:9)
03-01 22:02:30.330 10221 10253 D App     : 	at mozilla.components.service.location.MozillaLocationService.fetchRegion(MozillaLocationService.kt:2)
03-01 22:02:30.330 10221 10253 D App     : 	at mozilla.components.service.location.search.RegionSearchLocalizationProvider.determineRegion(RegionSearchLocalizationProvider.kt:5)
03-01 22:02:30.330 10221 10253 D App     : 	at mozilla.components.browser.search.provider.AssetsSearchEngineProvider.loadSearchEngines(AssetsSearchEngineProvider.kt:5)
03-01 22:02:30.330 10221 10253 D App     : 	at org.mozilla.fenix.components.searchengine.FenixSearchEngineProvider$baseSearchEngines$1.invokeSuspend(FenixSearchEngineProvider.kt:9)
03-01 22:02:30.330 10221 10253 D App     : 	at kotlin.coroutines.jvm.internal.BaseContinuationImpl.resumeWith(ContinuationImpl.kt:2)
03-01 22:02:30.330 10221 10253 D App     : 	at kotlinx.coroutines.DispatchedTask.run(DispatchedTask.kt:15)
03-01 22:02:30.330 10221 10253 D App     : 	at kotlinx.coroutines.scheduling.CoroutineScheduler.runSafely(CoroutineScheduler.kt:1)
03-01 22:02:30.330 10221 10253 D App     : 	at kotlinx.coroutines.scheduling.CoroutineScheduler$Worker.run(CoroutineScheduler.kt:15)
03-01 22:02:30.330 10221 10253 D App     : Caused by: org.mozilla.geckoview.WebRequestError: Request failed, error=0x25, category=0x5
03-01 22:02:30.330 10221 10253 D App     : 	at org.mozilla.gecko.mozglue.GeckoLoader.nativeRun(Native Method)
03-01 22:02:30.330 10221 10253 D App     : 	at org.mozilla.gecko.GeckoThread.run(GeckoThread.java:91)
03-01 22:02:30.330 10221 10276 D App     : Could not fetch region from location service
03-01 22:02:30.330 10221 10276 D App     : java.io.IOException: org.mozilla.geckoview.WebRequestError: Request failed, error=0x25, category=0x5
