01-12 21:44:56.342   788 30548 D ACDB-LOADER: ACDB -> ACDB_CMD_GET_AUDPROC_GAIN_DEP_STEP_TABLE, vol index 0
01-12 21:44:56.342   788 30548 D         : Failed to fetch the lookup information of the device 0000003E 
01-12 21:44:56.342   788 30548 D ACDB-LOADER: ACDB -> AUDIO_SET_VOL_CAL cal type = 12
01-12 21:44:56.342   788 30548 D ACDB-LOADER: ACDB -> ACDB_CMD_GET_AUDPROC_STREAM_TABLE_SIZE
01-12 21:44:56.342   788 30548 D ACDB-LOADER: ACDB -> send_audstrmtable
01-12 21:44:56.342   788 30548 D ACDB-LOADER: ACDB -> ACDB_CMD_GET_AUDPROC_STREAM_TABLE_V2
01-12 21:44:56.343   788 30548 D ACDB-LOADER: ACDB -> audstrm_cal->cal_type.cal_data.cal_size = 456
01-12 21:44:56.343   788 30548 D ACDB-LOADER: ACDB -> send_afe_topology
01-12 21:44:56.343   788 30548 D ACDB-LOADER: ACDB -> ACDB_CMD_GET_AFE_TOPOLOGY_ID
01-12 21:44:56.343   788 30548 D ACDB-LOADER: ACDB -> GET_AFE_TOPOLOGY_ID for adcd_id 62, Topology Id 112fb
01-12 21:44:56.343   788 30548 D ACDB-LOADER: ACDB -> send_afe_cal
01-12 21:44:56.343   788 30548 D ACDB-LOADER: ACDB -> ACDB_CMD_GET_AFE_COMMON_TABLE_SIZE
01-12 21:44:56.343   788 30548 D         : Failed to fetch the lookup information of the device 0000003E 
01-12 21:44:56.343   788 30548 E ACDB-LOADER: Error: ACDB_CMD_GET_AFE_COMMON_TABLE_SIZE Returned = -19
01-12 21:44:56.343   788 30548 D ACDB-LOADER: ACDB -> ACDB_CMD_GET_AFE_COMMON_TABLE
01-12 21:44:56.343   788 30548 D         : Failed to fetch the lookup information of the device 0000003E 
01-12 21:44:56.343   788 30548 D ACDB-LOADER: ACDB -> AUDIO_SET_AFE_CAL
01-12 21:44:56.343   788 30548 D ACDB-LOADER: ACDB -> send_hw_delay : acdb_id = 62 path = 1
01-12 21:44:56.343   788 30548 D ACDB-LOADER: ACDB -> ACDB_AVSYNC_INFO: ACDB_CMD_GET_DEVICE_PROPERTY
01-12 21:44:56.343   788 30548 D audio_hw_primary: enable_snd_device: snd_device(120: voice-rec-mic)
01-12 21:44:56.343   788 30548 D audio_route: Apply path: voice-rec-mic
01-12 21:44:56.346   788 30548 V msm8974_platform: platform_get_snd_device_backend_index: enter with device 120
01-12 21:44:56.346   788 30548 E msm8974_platform: platform_get_snd_device_backend_index: BE DAI Name Table is not present
01-12 21:44:56.346   788 30548 V msm8974_platform: platform_get_backend_index:napb: backend port - 5 device - 120 
01-12 21:44:56.346   788 30548 I audio_hw_utils: Set Audio Stream Capture 0 App Type Cfg: app_type 69936, acdb_dev_id 62, sample_rate 48000, snd_device_be_idx -14
01-12 21:44:56.346   788 30548 D audio_hw_primary: enable_audio_route: usecase(9) apply and update mixer path: audio-record
01-12 21:44:56.346   788 30548 D audio_route: Apply path: audio-record
01-12 21:44:56.416 15912 15950 I MicroDetectionWorker: onReady
01-12 21:44:56.454  2146  2165 I zygote  : NativeAlloc concurrent copying GC freed 10400(599KB) AllocSpace objects, 0(0B) LOS objects, 49% free, 8MB/17MB, paused 188us total 123.116ms
01-12 21:44:56.605 30012 30020 W JavaBinder: BinderProxy is being destroyed but the application did not call unlinkToDeath to unlink all of its death recipients beforehand.  Releasing leaked death recipient: akqu
01-12 21:44:56.729  1456  7796 I OpenGLRenderer: Initialized EGL, version 1.4
01-12 21:44:56.729  1456  7796 D OpenGLRenderer: Swap behavior 2
01-12 21:44:56.758  2748  2917 W OpenGLRenderer: Incorrectly called buildLayer on View: ShortcutAndWidgetContainer, destroying layer...
01-12 21:44:56.869 30279 30279 D GeckoRuntime: Lifecycle: onPause
01-12 21:44:56.869 30279 30279 D GeckoNetworkManager: Incoming event stop for state OnWithListeners -> OffWithListeners
01-12 21:44:56.870 30279 30279 I SessionStorage/AutoSave: Save: Background
01-12 21:44:56.877 30279 30302 D SessionStorage/AutoSave: Saved state to disk [5ms]
01-12 21:44:56.878 30279 30363 I libglean_ffi: glean_core::ping: Collecting baseline
01-12 21:44:56.882 30279 30363 D libglean_ffi: glean_core::ping: Storing ping 'dab46ec5-6437-4dd3-b44c-d412e6fdca4c' at '/data/user/0/org.mozilla.fenix.nightly/glean_data/pending_pings/dab46ec5-6437-4dd3-b44c-d412e6fdca4c'
01-12 21:44:56.883 30279 30363 I libglean_ffi: glean_core: The ping 'baseline' was submitted and will be sent as soon as possible
01-12 21:44:56.883 30279 30363 I libglean_ffi: glean_core::ping: Collecting events
01-12 21:44:56.886 30279 30363 D libglean_ffi: glean_core::ping: Storing ping 'edaabb0c-426c-4a7b-83d7-3add56d72aa7' at '/data/user/0/org.mozilla.fenix.nightly/glean_data/pending_pings/edaabb0c-426c-4a7b-83d7-3add56d72aa7'
01-12 21:44:56.886 30279 30363 I libglean_ffi: glean_core: The ping 'events' was submitted and will be sent as soon as possible
01-12 21:44:56.911  1456  1473 D ConnectivityService: requestNetwork for uid/pid:10738/30279 NetworkRequest [ TRACK_DEFAULT id=19580, [ Capabilities: INTERNET&NOT_RESTRICTED&TRUSTED&NOT_VPN] ]
01-12 21:44:56.912  1456  2099 D Ethernet: got request NetworkRequest [ TRACK_DEFAULT id=19580, [ Capabilities: INTERNET&NOT_RESTRICTED&TRUSTED&NOT_VPN] ] with score 60
01-12 21:44:56.912  1456  2054 D WIFI_UT : got request NetworkRequest [ TRACK_DEFAULT id=19580, [ Capabilities: INTERNET&NOT_RESTRICTED&TRUSTED&NOT_VPN] ] with score 60
01-12 21:44:56.912  1456  2054 D WIFI    : got request NetworkRequest [ TRACK_DEFAULT id=19580, [ Capabilities: INTERNET&NOT_RESTRICTED&TRUSTED&NOT_VPN] ] with score 60
01-12 21:44:56.913  2398  2398 D PhoneSwitcherNetworkRequstListener: got request NetworkRequest [ TRACK_DEFAULT id=19580, [ Capabilities: INTERNET&NOT_RESTRICTED&TRUSTED&NOT_VPN] ] with score 60
01-12 21:44:56.920 30279 30550 D glean/PingUploadWorker: Processing persisted pings at /data/user/0/org.mozilla.fenix.nightly/glean_data/pending_pings
01-12 21:44:56.921 30279 30550 D glean/PingUploadWorker: Processing ping: dab46ec5-6437-4dd3-b44c-d412e6fdca4c
01-12 21:44:56.922   808   898 I SFPerfTracer:      triggers: (rate: 0:0) (0 sw vsyncs) (0 skipped) (38:2570709 vsyncs) (40:4651103)
01-12 21:44:56.924 30279 30550 D glean/ConceptFetchHttpUploader: Submitting ping to: https://incoming.telemetry.mozilla.org/submit/org-mozilla-fenix-nightly/baseline/1/dab46ec5-6437-4dd3-b44c-d412e6fdca4c
01-12 21:44:56.945  2398  2398 D QtiCarrierConfigHelper: WARNING, no carrier configs on phone Id: 0
01-12 21:44:57.207 30279 30550 D glean/ConceptFetchHttpUploader: Ping successfully sent (200)
01-12 21:44:57.207 30279 30550 D glean/PingUploadWorker: dab46ec5-6437-4dd3-b44c-d412e6fdca4c was deleted: true
01-12 21:44:57.208 30279 30550 D glean/PingUploadWorker: Processing ping: edaabb0c-426c-4a7b-83d7-3add56d72aa7
01-12 21:44:57.209 30279 30550 D glean/ConceptFetchHttpUploader: Submitting ping to: https://incoming.telemetry.mozilla.org/submit/org-mozilla-fenix-nightly/events/1/edaabb0c-426c-4a7b-83d7-3add56d72aa7
01-12 21:44:57.346 30279 30550 D glean/ConceptFetchHttpUploader: Ping successfully sent (200)
01-12 21:44:57.347 30279 30550 D glean/PingUploadWorker: edaabb0c-426c-4a7b-83d7-3add56d72aa7 was deleted: true
01-12 21:44:57.349 30279 30298 I WM-WorkerWrapper: Worker result SUCCESS for Work [ id=febb745b-5d90-4920-a1eb-11d7e2ddb39a, tags={ mozilla.telemetry.glean.scheduler.PingUploadWorker, mozac_service_glean_ping_upload_worker } ]
01-12 21:44:57.353  1456  2067 D ConnectivityService: releasing NetworkRequest [ TRACK_DEFAULT id=19580, [ Capabilities: INTERNET&NOT_RESTRICTED&TRUSTED&NOT_VPN] ] (release request)
01-12 21:45:01.330  1456  2915 I ActivityManager: Force stopping org.mozilla.fenix.nightly appid=10738 user=0: from pid 30555
01-12 21:45:01.330  1456  2915 I ActivityManager: Killing 30279:org.mozilla.fenix.nightly/u0a738 (adj 700): stop org.mozilla.fenix.nightly
01-12 21:45:01.333  1456  1605 W zygote  : kill(-30279, 9) failed: No such process
01-12 21:45:01.334  1456  2915 W ActivityManager: Force removing ActivityRecord{2f10a8a u0 org.mozilla.fenix.nightly/org.mozilla.fenix.HomeActivity t18465}: app died, no saved state
01-12 21:45:01.335 30319 30319 I ServiceChildProcess: Service has been unbound. Stopping.
01-12 21:45:01.343  1456  2915 I ActivityManager: Killing 30319:org.mozilla.fenix.nightly:tab/u0a738 (adj 0): stop org.mozilla.fenix.nightly
01-12 21:45:01.351 26068 26068 I AppBase : onTrimMemory(): 15
01-12 21:45:01.351  1456  1605 W zygote  : kill(-30279, 9) failed: No such process
01-12 21:45:01.351 26068 26068 I GoogleInputMethodService: onTrimMemory(): 15
01-12 21:45:01.359  2398  2398 D CarrierSvcBindHelper: No carrier app for: 0
01-12 21:45:01.360  2398  2398 D CarrierSvcBindHelper: No carrier app for: 1
01-12 21:45:01.367  1456  1605 W zygote  : kill(-30279, 9) failed: No such process
01-12 21:45:01.424  1456  1673 W ActivityManager: setHasOverlayUi called on unknown pid: 30279
01-12 21:45:01.429  1456  1605 I chatty  : uid=1000(system) ActivityManager identical 4 lines
01-12 21:45:01.435  1456  1605 W zygote  : kill(-30279, 9) failed: No such process
01-12 21:45:01.435  1456  1605 I zygote  : Successfully killed process cgroup uid 10738 pid 30279 in 102ms
01-12 21:45:01.435  1456  1605 W zygote  : kill(-30319, 9) failed: No such process
01-12 21:45:01.436  1456  1605 I zygote  : Successfully killed process cgroup uid 10738 pid 30319 in 0ms
01-12 21:45:01.461  1456  2921 I ActivityManager: START u0 {act=android.intent.action.VIEW dat=about:blank typ=text/html flg=0x10000000 cmp=org.mozilla.fenix.nightly/org.mozilla.fenix.IntentReceiverActivity} from uid 2000
01-12 21:45:01.461   794   839 E ANDR-PERF-RESOURCEQS: Failed to apply optimization [4, 0]
01-12 21:45:01.483  1456  1471 I ActivityManager: Start proc 30564:org.mozilla.fenix.nightly/u0a738 for activity org.mozilla.fenix.nightly/org.mozilla.fenix.IntentReceiverActivity
01-12 21:45:01.486  1456  7796 I OpenGLRenderer: Initialized EGL, version 1.4
01-12 21:45:01.486  1456  7796 D OpenGLRenderer: Swap behavior 2
01-12 21:45:01.555   808   808 I SFPerfTracer:      triggers: (rate: 50:371795) (compose: 0:6) (post: 0:13) (render: 0:10) (1:3357174 frames) (2:4611269)
01-12 21:45:01.555   808   808 D SFPerfTracer:        layers: (4:15) (NavigationBar#0 (0xb07df000): 0:421206) (StatusBar#0 (0xb07e3000): 0:1202017) (com.android.systemui.ImageWallpaper#0 (0xb07e7000): 0:35107) (Sprite#0 (0xb0733000): 0:317)* (DimLayerController/Stack=0#0 (0xb075a000): 0:3589)* (Sprite#1 (0xb077c000): 0:195)* (animation background stackId=1#0 (0xb039b000): 0:56)* (com.android.launcher3/com.android.launcher3.CustomizationPanelLauncher#0 (0xb0763000): 0:39)- (com.android.launcher3/com.android.launcher3.CustomizationPanelLauncher#1 (0xb0771000): 0:10)- (org.mozilla.fenix.nightly/org.mozilla.fenix.IntentReceiverActivity#0 (0xb0264000): 0:5)- (Splash Screen org.mozilla.fenix.nightly#1 (0xb0089000): 0:31)- (org.mozilla.fenix.nightly/org.mozilla.fenix.HomeActivity#0 (0xb0384000): 0:57)- (com.android.launcher3/com.android.launcher3.CustomizationPanelLauncher#0 (0xb0763000): 1:39)* (com.android.launcher3/com.android.launcher3.CustomizationPanelLauncher#1 (0xb0771000): 1:13) (Splash Screen org.mozilla.fenix.nightly#0 (0xb0384000): 2:2)* 
01-12 21:45:01.570 15912 15950 I MicroDetectionState: Should stop hotword detection immediately - false
01-12 21:45:01.571 15912 15950 I MicroDetector: Keeping mic open: false
01-12 21:45:01.571 15912  8086 E DeviceStateChecker: DeviceStateChecker cancelled
01-12 21:45:01.571 15912 15950 I RecognitionAudioControl: #shutdownAudio [requestId: -4642040626561955891, keepAudioOpen: false, forced: true]
01-12 21:45:01.571 15912 15950 I RecognitionAudioControl: #internalShutdownAudio [requestId: -4642040626561955891]
01-12 21:45:01.571 15912 15950 I RecognitionAudioControl: #internalShutdownAudio [keepAudioOpen: false, forced: true]
01-12 21:45:01.571 15912 15950 I RecognitionAudioControl: #actualShutdownAudio
01-12 21:45:01.571 15912 15950 I AudioController: #shutdown [requestId=-4642040626561955891]
01-12 21:45:01.572 15912 15936 I AudioController: internalShutdown
01-12 21:45:01.572 15912 15945 I MicroRecognitionRunner: Stopping hotword detection.
01-12 21:45:01.573 15912 11573 I MicroRecognitionRunner: Detection finished
01-12 21:45:01.616   788   788 D audio_hw_primary: disable_audio_route: usecase(9) reset and update mixer path: audio-record
01-12 21:45:01.617   788   788 D audio_hw_primary: disable_snd_device: snd_device(120: voice-rec-mic)
01-12 21:45:01.618  1012  8317 D APM_AudioPolicyManager: stopInput() input 94798, session 94865
01-12 21:45:01.619   788  1479 D audio_hw_primary: in_set_parameters: enter: kvpairs=routing=0
01-12 21:45:01.621 15912 15936 I MicrophoneInputStream: mic_close  SR : 16000 CC : 16 SO : 1999
01-12 21:45:01.622 15912 15936 E AudioSource: Stop listening is called on already closed AudioSource
01-12 21:45:01.660 30564 30564 D FirebaseApp: com.google.firebase.auth.FirebaseAuth is not linked. Skipping initialization.
01-12 21:45:01.661 30564 30564 D FirebaseApp: com.google.firebase.crash.FirebaseCrash is not linked. Skipping initialization.
01-12 21:45:01.662 30564 30564 I FirebaseInitProvider: FirebaseApp initialization successful
01-12 21:45:01.731 30564 30582 I FA      : Collection disabled with firebase_analytics_collection_enabled=0
01-12 21:45:01.732 30564 30582 I FA      : App measurement is starting up, version: 12780
01-12 21:45:01.732 30564 30582 I FA      : To enable debug logging run: adb shell setprop log.tag.FA VERBOSE
01-12 21:45:01.732 30564 30587 D RustNativeSupport: findMegazordLibraryName(viaduct, 0.48.1
01-12 21:45:01.732 30564 30587 D RustNativeSupport: lib in use: none
01-12 21:45:01.733 30564 30587 D RustNativeSupport: lib configured: fenix
01-12 21:45:01.733 30564 30587 D RustNativeSupport: lib version configured: 0.48.1
01-12 21:45:01.733 30564 30587 D RustNativeSupport: settled on fenix
01-12 21:45:01.733 30564 30582 I FA      : To enable faster debug mode event logging run:
01-12 21:45:01.733 30564 30582 I FA      :   adb shell setprop debug.firebase.analytics.app org.mozilla.fenix.nightly
01-12 21:45:01.763 30564 30587 D RustNativeSupport: findMegazordLibraryName(rustlog, 0.48.1
01-12 21:45:01.763 30564 30587 D RustNativeSupport: lib in use: none
01-12 21:45:01.763 30564 30587 D RustNativeSupport: lib configured: fenix
01-12 21:45:01.763 30564 30587 D RustNativeSupport: lib version configured: 0.48.1
01-12 21:45:01.763 30564 30587 D RustNativeSupport: settled on fenix
01-12 21:45:01.766 30564 30587 I rc_log_ffi::ios: rc_log adapter initialized!
01-12 21:45:01.796 30564 30564 D GeckoThread: State changed to LAUNCHED
01-12 21:45:01.797 30564 30594 I GeckoThread: preparing to run Gecko
01-12 21:45:01.806 30564 30564 D GeckoRuntime: Lifecycle: onCreate
01-12 21:45:01.808 30564 30594 D GeckoThread: State changed to MOZGLUE_READY
01-12 21:45:01.821 30564 30564 I zygote  : Deoptimizing java.lang.Object androidx.collection.SimpleArrayMap.put(java.lang.Object, java.lang.Object) due to JIT inline cache
01-12 21:45:01.822 30564 30594 W Settings: Setting animator_duration_scale has moved from android.provider.Settings.System to android.provider.Settings.Global, returning read-only global URI.
01-12 21:45:01.823 30564 30594 E GeckoLibLoad: Load sqlite start
01-12 21:45:01.829 30564 30587 D App     : Bucket is 69
01-12 21:45:01.832 30564 30587 D App     : Experiments active: {asFeatureSyncDisabled=false}
01-12 21:45:01.845 30564 30594 W GeckoLinker: /data/app/org.mozilla.fenix.nightly-XnYAnYWvBwtmQcmvjvhOLw==/lib/arm/libnss3.so: unhandled flags #8 not handled
01-12 21:45:01.850 30564 30594 W GeckoLinker: /data/app/org.mozilla.fenix.nightly-XnYAnYWvBwtmQcmvjvhOLw==/lib/arm/libnss3.so: Relocation to NULL @0x00130ffc for symbol "__cxa_type_match"
01-12 21:45:01.851 30564 30594 E GeckoLibLoad: Load sqlite done
01-12 21:45:01.851 30564 30594 E GeckoLibLoad: Load nss start
01-12 21:45:01.851 30564 30594 E GeckoLibLoad: Load nss done
01-12 21:45:01.852 30564 30594 W GeckoLinker: /data/app/org.mozilla.fenix.nightly-XnYAnYWvBwtmQcmvjvhOLw==/lib/arm/libxul.so: unhandled flags #8 not handled
01-12 21:45:01.852 30564 30594 W GeckoLinker: /data/app/org.mozilla.fenix.nightly-XnYAnYWvBwtmQcmvjvhOLw==/lib/arm/liblgpllibs.so: unhandled flags #8 not handled
01-12 21:45:01.890 30564 30594 E GeckoLibLoad: Loaded libs in 37.863233ms total, 23ms(73ms) user, 13ms(20ms) system, 0(0) faults
01-12 21:45:01.890 30564 30594 D GeckoThread: State changed to LIBS_READY
01-12 21:45:01.890 30564 30594 W GeckoThread: zerdatime 11411590565 - runGecko
01-12 21:45:01.895 30564 30594 D GeckoProfile: Loading profile at: null name: default
01-12 21:45:01.896 30564 30594 D GeckoProfile: Found profile dir: /data/user/0/org.mozilla.fenix.nightly/files/mozilla/p7odkqt9.default
01-12 21:45:01.902 30564 30564 W [WARNING][Leanplum]: [com.leanplum.internal.ActionManager::getLocationManager::8]: Geofencing support requires leanplum-location module and Google Play Services v8.1 and higher.
01-12 21:45:01.902 30564 30564 W [WARNING][Leanplum]: Add this to your build.gradle file:
01-12 21:45:01.902 30564 30564 W [WARNING][Leanplum]: implementation 'com.google.android.gms:play-services-location:8.3.0+'
01-12 21:45:01.902 30564 30564 W [WARNING][Leanplum]: implementation 'com.leanplum:leanplum-location:+'
01-12 21:45:01.906  1456  2923 I ActivityManager: Start proc 30600:org.mozilla.fenix.nightly:tab/u0a738 for service org.mozilla.fenix.nightly/org.mozilla.gecko.process.GeckoServiceChildProcess$tab
01-12 21:45:01.921 30564 30564 I [INFO][Leanplum]: [com.leanplum.monitoring.ExceptionHandler::setContext::6]: LeanplumExceptionHandler could not initialize Exception Reporting.This is expected if you have not included the leanplum-monitoring module
01-12 21:45:01.946 30564 30564 I FirefoxAccountStateMachine: Enabling/updating sync with a new SyncConfig: SyncConfig(supportedEngines=[mozilla.components.service.fxa.SyncEngine$History@6189801, mozilla.components.service.fxa.SyncEngine$Bookmarks@88f36a6, mozilla.components.service.fxa.SyncEngine$Passwords@20508e7], syncPeriodInMinutes=240)
01-12 21:45:01.950 30564 30564 I BgSyncManager: Periodic syncing enabled at a 240 interval
01-12 21:45:01.950 30564 30564 I FirefoxAccountStateMachine: Sync is enabled
01-12 21:45:01.951 30564 30564 D PushConfig: Creating push configuration for autopush.
01-12 21:45:01.957 30564 30624 D AutoPushFeature: Initializing native component with the cached token.
01-12 21:45:01.961 30564 30624 D RustNativeSupport: findMegazordLibraryName(push, 0.48.1
01-12 21:45:01.961 30564 30624 D RustNativeSupport: lib in use: none
01-12 21:45:01.961 30564 30624 D RustNativeSupport: lib configured: fenix
01-12 21:45:01.961 30564 30624 D RustNativeSupport: lib version configured: 0.48.1
01-12 21:45:01.961 30564 30624 D RustNativeSupport: settled on fenix
01-12 21:45:01.963 30564 30627 I FirefoxAccountStateMachine: Processing event Event$Init for state Start. Next state is Start
01-12 21:45:01.963 30564 30564 I App     : AutoPushFeature is configured, initializing it...
01-12 21:45:01.964 30564 30564 I AutoPushFeature: Checking validity of push subscriptions.
01-12 21:45:01.980 30564 30627 I FirefoxAccountStateMachine: Ran 'Event$Init' side-effects for state Start, got successive event Event$AccountNotFound
01-12 21:45:01.981 30564 30627 I FirefoxAccountStateMachine: Processing event Event$AccountNotFound for state Start. Next state is NotAuthenticated
01-12 21:45:01.984 30564 30627 D RustNativeSupport: findMegazordLibraryName(fxaclient, 0.48.1
01-12 21:45:01.984 30564 30627 D RustNativeSupport: lib in use: none
01-12 21:45:01.984 30564 30627 D RustNativeSupport: lib configured: fenix
01-12 21:45:01.984 30564 30627 D RustNativeSupport: lib version configured: 0.48.1
01-12 21:45:01.984 30564 30627 D RustNativeSupport: settled on fenix
01-12 21:45:01.987 30564 30627 D fxaclient_ffi: fxa_new
01-12 21:45:01.999 30564 30564 D GeckoRuntime: Lifecycle: onStart
01-12 21:45:02.012 30564 30564 D GeckoRuntime: Lifecycle: onResume
01-12 21:45:02.013 30564 30564 D GeckoNetworkManager: Incoming event start for state OffNoListeners -> OnNoListeners
01-12 21:45:02.015 30564 30564 D GeckoNetworkManager: New network state: UP, WIFI, WIFI
01-12 21:45:02.015 30564 30613 D NetworkSecurityConfig: No Network Security Config specified, using platform default
01-12 21:45:02.032 30564 30638 D OpenGLRenderer: HWUI GL Pipeline
01-12 21:45:02.039 30600 30600 D GeckoThread: State changed to LAUNCHED
01-12 21:45:02.039 30600 30639 I GeckoThread: preparing to run Gecko
01-12 21:45:02.046 30564 30564 D libglean_ffi: glean_ffi: Android logging should be hooked up!
01-12 21:45:02.047 30564 30564 I glean/Glean: Registering pings for org.mozilla.fenix.GleanMetrics.Pings
01-12 21:45:02.050 30564 30564 I glean/Glean: Registering pings for mozilla.telemetry.glean.GleanMetrics.Pings
01-12 21:45:02.060 30564 30564 I libglean_ffi: glean_core: Creating new Glean
01-12 21:45:02.060 30564 30564 D libglean_ffi: glean_core::database: Database path: "/data/user/0/org.mozilla.fenix.nightly/glean_data/db"
01-12 21:45:02.061 30564 30564 I libglean_ffi: glean_core::database: Database initialized
01-12 21:45:02.061 30564 30564 I libglean_ffi: glean_ffi: Glean initialized
01-12 21:45:02.086 30564 30564 D glean/MetricsPingSched: The 'metrics' ping was last sent on Sun Jan 12 00:00:00 EST 2020
01-12 21:45:02.088 30564 30564 I glean/MetricsPingSched: The 'metrics' ping was already sent today, Sun Jan 12 21:45:02 EST 2020.
01-12 21:45:02.088 30564 30564 D glean/MetricsPingSched: Scheduling the 'metrics' ping in 22497934ms
01-12 21:45:02.094 30564 30645 D libglean_ffi: glean_core: Clearing Lifetime::Application metrics
01-12 21:45:02.103 30564 30569 I zygote  : Do partial code cache collection, code=28KB, data=30KB
01-12 21:45:02.105 30564 30569 I zygote  : After code cache collection, code=26KB, data=30KB
01-12 21:45:02.106 30564 30569 I zygote  : Increasing code cache capacity to 128KB
01-12 21:45:02.136 30564 30564 I glean/Dispatchers: Initial tasks queue completed successfully
01-12 21:45:02.166 30564 30564 D App     : ActivationPing - already generated
01-12 21:45:02.260  1456  2921 I ActivityManager: START u0 {act=android.intent.action.VIEW dat=about:blank typ=text/html flg=0x10000000 cmp=org.mozilla.fenix.nightly/org.mozilla.fenix.HomeActivity (has extras)} from uid 10738
01-12 21:45:02.268 30564 30564 D GeckoNetworkManager: Incoming event receivedUpdate for state OnNoListeners -> OnNoListeners
01-12 21:45:02.272 30564 30564 D GeckoNetworkManager: New network state: UP, WIFI, WIFI
01-12 21:45:02.275  1456  2921 I WifiService: getDhcpInfo uid=10738
01-12 21:45:02.280 30564 30594 I Gecko:DumpUtils: Fifo watcher disabled via pref.
01-12 21:45:02.291 30564 30638 I Adreno  : QUALCOMM build                   : bb5b86c, I77d3059488
01-12 21:45:02.291 30564 30638 I Adreno  : Build Date                       : 06/07/18
01-12 21:45:02.291 30564 30638 I Adreno  : OpenGL ES Shader Compiler Version: EV031.22.00.01_06
01-12 21:45:02.291 30564 30638 I Adreno  : Local Branch                     : 
01-12 21:45:02.291 30564 30638 I Adreno  : Remote Branch                    : refs/tags/AU_LINUX_ANDROID_LA.UM.6.5.R1.08.01.00.312.086
01-12 21:45:02.291 30564 30638 I Adreno  : Remote Branch                    : NONE
01-12 21:45:02.291 30564 30638 I Adreno  : Reconstruct Branch               : NOTHING
01-12 21:45:02.291   808   808 D SurfaceFlinger: duplicate layer name: changing Splash Screen org.mozilla.fenix.nightly to Splash Screen org.mozilla.fenix.nightly#1
01-12 21:45:02.292 30564 30638 D vndksupport: Loading /vendor/lib/hw/gralloc.msm8937.so from current namespace instead of sphal namespace.
01-12 21:45:02.295 30564 30569 I zygote  : Do partial code cache collection, code=54KB, data=46KB
01-12 21:45:02.297 30564 30569 I zygote  : After code cache collection, code=46KB, data=42KB
01-12 21:45:02.297 30564 30569 I zygote  : Increasing code cache capacity to 256KB
01-12 21:45:02.305 30564 30638 I Adreno  : PFP: 0x005ff087, ME: 0x005ff063
01-12 21:45:02.317 30564 30638 I zygote  : android::hardware::configstore::V1_0::ISurfaceFlingerConfigs::hasWideColorDisplay retrieved: 0
01-12 21:45:02.324 30564 30638 I OpenGLRenderer: Initialized EGL, version 1.4
01-12 21:45:02.324 30564 30638 D OpenGLRenderer: Swap behavior 2
01-12 21:45:02.340 30564 30594 D GeckoSysInfo: System memory: 1867MB.
01-12 21:45:02.341 30564 30594 D GeckoThread: State changed to JNI_READY
01-12 21:45:02.346  1456  2921 I WindowManager: Failed to capture screenshot of Token{1b8f76d ActivityRecord{9575384 u0 org.mozilla.fenix.nightly/org.mozilla.fenix.IntentReceiverActivity t18466 f}} appWin=Window{a4ab04d u0 org.mozilla.fenix.nightly/org.mozilla.fenix.IntentReceiverActivity} drawState=1
01-12 21:45:02.360 30564 30638 D vndksupport: Loading /vendor/lib/hw/android.hardware.graphics.mapper@2.0-impl.so from current namespace instead of sphal namespace.
01-12 21:45:02.366 30564 30638 D vndksupport: Loading /vendor/lib/hw/gralloc.msm8937.so from current namespace instead of sphal namespace.
01-12 21:45:02.383  1456  1673 I LaunchCheckinHandler: Displayed org.mozilla.fenix.nightly/org.mozilla.fenix.IntentReceiverActivity,cp,ca,913
01-12 21:45:02.406 30564 30564 D PhoneWindow: Restoring navigation bar divider color to default value = 0x00000000
01-12 21:45:02.492 30564 30564 I NavController: Ignoring popBackStack to destination org.mozilla.fenix.nightly:id/browserFragment as it was not found on the current back stack
01-12 21:45:02.654 30564 30665 D RustNativeSupport: findMegazordLibraryName(places, 0.48.1
01-12 21:45:02.655 30564 30665 D RustNativeSupport: lib in use: none
01-12 21:45:02.655 30564 30665 D RustNativeSupport: lib configured: fenix
01-12 21:45:02.655 30564 30665 D RustNativeSupport: lib version configured: 0.48.1
01-12 21:45:02.655 30564 30665 D RustNativeSupport: settled on fenix
01-12 21:45:02.660 30564 30665 D places_ffi: places_api_new
01-12 21:45:02.729 30564 30665 D sql_support::conn_ext: Transaction commited after 50.381828ms
01-12 21:45:02.733 30564 30665 D places_ffi: places_connection_new
01-12 21:45:02.744 30564 30665 D places_ffi: places_connection_new
01-12 21:45:02.754 30564 30665 D places_ffi: bookmarks_get_all_with_url
01-12 21:45:02.755 30564 30627 W FirefoxAccountStateMachine: Got invalid event Event$Init for state NotAuthenticated.
01-12 21:45:02.808 30012 30012 I Finsky  : [2] puo.onTrimMemory(1): Memory trim requested to level 80
01-12 21:45:02.821 30564 30690 W LOTTIE  : Animation contains merge paths. Merge paths are only supported on KitKat+ and must be manually enabled by calling enableMergePathsForKitKatAndAbove().
01-12 21:45:02.884 30564 30569 I zygote  : Do full code cache collection, code=126KB, data=98KB
01-12 21:45:02.885 30564 30569 I zygote  : After code cache collection, code=100KB, data=62KB
01-12 21:45:02.921 30564 30594 I Gecko   : 1578883502917	addons.xpi	WARN	List of valid built-in add-ons could not be parsed.: [Exception... "Component returned failure code: 0x80520012 (NS_ERROR_FILE_NOT_FOUND) [nsIXPCComponents_Utils.readUTF8URI]"  nsresult: "0x80520012 (NS_ERROR_FILE_NOT_FOUND)"  location: "JS frame :: resource://gre/modules/addons/XPIProvider.jsm :: startup :: line 2366"  data: no] Stack trace: startup()@resource://gre/modules/addons/XPIProvider.jsm:2366
01-12 21:45:02.921 30564 30594 I Gecko   : callProvider()@resource://gre/modules/AddonManager.jsm:215
01-12 21:45:02.921 30564 30594 I Gecko   : _startProvider()@resource://gre/modules/AddonManager.jsm:586
01-12 21:45:02.921 30564 30594 I Gecko   : startup()@resource://gre/modules/AddonManager.jsm:810
01-12 21:45:02.921 30564 30594 I Gecko   : startup()@resource://gre/modules/AddonManager.jsm:3474
01-12 21:45:02.921 30564 30594 I Gecko   : observe()@resource://gre/modules/addonManager.js:87
01-12 21:45:02.965  1456  1673 I ActivityManager: Displayed org.mozilla.fenix.nightly/org.mozilla.fenix.HomeActivity: +619ms (total +1s485ms)
01-12 21:45:02.980 30564 30564 W LOTTIE  : Animation contains merge paths but they are disabled.
01-12 21:45:03.024 15912 15912 I MemoryTrimmer: Trimming objects from memory, since app is in the background.
01-12 21:45:03.029 30564 30569 I zygote  : Do partial code cache collection, code=124KB, data=91KB
01-12 21:45:03.031 30564 30569 I zygote  : After code cache collection, code=122KB, data=91KB
01-12 21:45:03.032 30564 30569 I zygote  : Increasing code cache capacity to 512KB
01-12 21:45:03.033 15912 15950 E AudioSource: Stop listening is called on already closed AudioSource
01-12 21:45:03.035 15912 15912 I MemoryTrimmer: Trimming objects from memory, since app is in the background.
01-12 21:45:03.037 15912 27021 I PBSessionCacheImpl: Deleted sessionId[69983294687855871] from persistence.
01-12 21:45:03.047  1456  1471 I WifiService: getWifiEnabledState uid=10073
01-12 21:45:03.051 15912 15950 W SearchServiceCore: Abort, client detached.
01-12 21:45:03.051 15912 15950 I chatty  : uid=10073(com.google.android.googlequicksearchbox) EventBus0 identical 1 line
01-12 21:45:03.052 15912 15950 W SearchServiceCore: Abort, client detached.
01-12 21:45:03.126 30564 30594 D GeckoThread: State changed to PROFILE_READY
01-12 21:45:03.216 30564 30594 D GeckoThread: State changed to RUNNING
01-12 21:45:03.233 30564 30594 W GeckoEventDispatcher: No listener for AndroidCastDevice:SyncDevice
01-12 21:45:03.239 30564 30594 I Gecko   : -*- nsDNSServiceDiscovery.js : nsDNSServiceDiscovery
01-12 21:45:03.344 30564 30594 W ResourceType: Too many attribute references, stopped at: 0x01010099
01-12 21:45:03.392 30564 30594 I Gecko   : Attempting load of libEGL.so
01-12 21:45:03.593 30564 30564 D GeckoNetworkManager: Incoming event enableNotifications for state OnNoListeners -> OnWithListeners
01-12 21:45:03.594 30564 30564 D GeckoNetworkManager: New network state: UP, WIFI, WIFI
01-12 21:45:03.595 30564 30564 D GeckoNetworkManager: Incoming event receivedUpdate for state OnWithListeners -> OnWithListeners
01-12 21:45:03.596 30564 30564 D GeckoNetworkManager: New network state: UP, WIFI, WIFI
01-12 21:45:03.598 30564 30594 W GeckoLinker: /data/app/org.mozilla.fenix.nightly-XnYAnYWvBwtmQcmvjvhOLw==/lib/arm/libsoftokn3.so: unhandled flags #8 not handled
01-12 21:45:03.599 30564 30594 W GeckoLinker: /data/app/org.mozilla.fenix.nightly-XnYAnYWvBwtmQcmvjvhOLw==/lib/arm/libsoftokn3.so: Relocation to NULL @0x00026ffc for symbol "__cxa_type_match"
01-12 21:45:03.600 30564 30594 W GeckoLinker: /data/app/org.mozilla.fenix.nightly-XnYAnYWvBwtmQcmvjvhOLw==/lib/arm/libfreebl3.so: unhandled flags #8 not handled
01-12 21:45:03.601 30564 30594 W GeckoLinker: /data/app/org.mozilla.fenix.nightly-XnYAnYWvBwtmQcmvjvhOLw==/lib/arm/libfreebl3.so: Relocation to NULL @0x00041ffc for symbol "__cxa_type_match"
01-12 21:45:03.636 30564 30723 W GeckoLinker: /data/app/org.mozilla.fenix.nightly-XnYAnYWvBwtmQcmvjvhOLw==/lib/arm/libnssckbi.so: unhandled flags #8 not handled
01-12 21:45:03.637 30564 30723 W GeckoLinker: /data/app/org.mozilla.fenix.nightly-XnYAnYWvBwtmQcmvjvhOLw==/lib/arm/libnssckbi.so: Relocation to NULL @0x00052ffc for symbol "__cxa_type_match"
01-12 21:45:03.657 30564 30594 W GeckoEventDispatcher: No listener for GeckoView:AccessibilityEnabled
01-12 21:45:03.814 30564 30594 W ResourceType: Too many attribute references, stopped at: 0x01010099
01-12 21:45:04.073 30600 30639 D GeckoThread: State changed to MOZGLUE_READY
01-12 21:45:04.080 30600 30639 W Settings: Setting animator_duration_scale has moved from android.provider.Settings.System to android.provider.Settings.Global, returning read-only global URI.
01-12 21:45:04.082 30600 30639 E GeckoLibLoad: Load sqlite start
01-12 21:45:04.099 30600 30639 W GeckoLinker: /data/app/org.mozilla.fenix.nightly-XnYAnYWvBwtmQcmvjvhOLw==/lib/arm/libnss3.so: unhandled flags #8 not handled
01-12 21:45:04.103 30600 30639 W GeckoLinker: /data/app/org.mozilla.fenix.nightly-XnYAnYWvBwtmQcmvjvhOLw==/lib/arm/libnss3.so: Relocation to NULL @0x00130ffc for symbol "__cxa_type_match"
01-12 21:45:04.103 30600 30639 E GeckoLibLoad: Load sqlite done
01-12 21:45:04.104 30600 30639 E GeckoLibLoad: Load nss start
01-12 21:45:04.104 30600 30639 E GeckoLibLoad: Load nss done
01-12 21:45:04.104 30600 30639 W GeckoLinker: /data/app/org.mozilla.fenix.nightly-XnYAnYWvBwtmQcmvjvhOLw==/lib/arm/libxul.so: unhandled flags #8 not handled
01-12 21:45:04.104 30600 30639 W GeckoLinker: /data/app/org.mozilla.fenix.nightly-XnYAnYWvBwtmQcmvjvhOLw==/lib/arm/liblgpllibs.so: unhandled flags #8 not handled
01-12 21:45:04.113 30564 30594 I GeckoSession: zerdatime 11411592787 - chrome startup finished
01-12 21:45:04.137 30600 30639 E GeckoLibLoad: Loaded libs in 32.768285ms total, 20ms(20ms) user, 13ms(13ms) system, 0(0) faults
01-12 21:45:04.137 30600 30639 D GeckoThread: State changed to LIBS_READY
01-12 21:45:04.137 30600 30639 W GeckoThread: zerdatime 11411592811 - runGecko
01-12 21:45:04.666 30564 30564 D App     : Installed browser-icons extension
01-12 21:45:04.668 30564 30564 D mozac-webextensions: Installed extension: mozacWebchannel
01-12 21:45:04.668 30564 30564 D mozac-webextensions: Installed extension: mozacReaderview
01-12 21:45:04.680 30600 30639 D GeckoThread: State changed to RUNNING
01-12 21:45:04.742 30600 30639 W ResourceType: Too many attribute references, stopped at: 0x01010099
01-12 21:45:04.817 30564 30564 D GeckoSession: handleMessage GeckoView:PageStart uri=about:blank
01-12 21:45:04.854 30564 30564 D GeckoSession: handleMessage GeckoView:LocationChange uri=about:blank
01-12 21:45:04.855 30564 30564 D GeckoSession: handleMessage GeckoView:PageStop uri=null
01-12 21:45:04.861 30564 30564 I SessionStorage/AutoSave: Save: Load finished
01-12 21:45:04.868 30564 30587 D SessionStorage/AutoSave: Saved state to disk [5ms]
01-12 21:45:04.888 30564 30564 D GeckoSession: handleMessage GeckoView:OnLoadRequest uri=about:blank
01-12 21:45:04.892 30564 30594 D GeckoScreenOrientation: unlocking
01-12 21:45:04.904 30564 30564 D GeckoSession: handleMessage GeckoView:OnLoadRequest uri=about:blank
01-12 21:45:04.928 30564 30564 D mozac-webcompat: Installed WebCompat webextension: webcompat@mozilla.com
01-12 21:45:05.004 30564 30564 D GeckoSession: handleMessage GeckoView:PageStart uri=about:blank
01-12 21:45:05.025 30564 30564 D GeckoSession: handleMessage GeckoView:PageStop uri=null
01-12 21:45:05.030 30564 30564 I SessionStorage/AutoSave: Save: Load finished
01-12 21:45:05.031 30564 30587 D SessionStorage/AutoSave: Delaying save (1832ms)
01-12 21:45:05.054 30564 30564 D GeckoSession: handleMessage GeckoView:PageStart uri=about:blank
01-12 21:45:05.081 30564 30564 D GeckoSession: handleMessage GeckoView:SecurityChanged uri=null
01-12 21:45:05.118 30564 30564 D GeckoSession: handleMessage GeckoView:PageStop uri=null
01-12 21:45:05.123 30564 30564 I SessionStorage/AutoSave: Save: Load finished
01-12 21:45:05.123 30564 30564 D SessionStorage/AutoSave: Skipping save, other job already in flight
01-12 21:45:05.260   808   898 I SFPerfTracer:      triggers: (rate: 0:0) (0 sw vsyncs) (0 skipped) (0:2570774 vsyncs) (2:4651204)
01-12 21:45:05.832 30564 30564 D GeckoSession: handleMessage GeckoView:StateUpdated uri=null
01-12 21:45:05.832 30564 30564 W GeckoSession: No history entries found.
01-12 21:45:06.877 30564 30587 D SessionStorage/AutoSave: Saved state to disk [12ms]
01-12 21:45:07.123 30790 30790 D AndroidRuntime: >>>>>> START com.android.internal.os.RuntimeInit uid 2000 <<<<<<
01-12 21:45:07.135 30790 30790 W app_process: Could not reserve sentinel fault page
01-12 21:45:07.301 30790 30790 I app_process: The ClassLoaderContext is a special shared library.
01-12 21:45:07.368 30790 30790 D AndroidRuntime: Calling main entry com.android.commands.input.Input
01-12 21:45:07.369 30790 30790 I Input   : injectKeyEvent: KeyEvent { action=ACTION_DOWN, keyCode=KEYCODE_HOME, scanCode=0, metaState=0, flags=0x0, repeatCount=0, eventTime=11330736096, downTime=11330736096, deviceId=-1, source=0x101 }
01-12 21:45:07.379 30790 30790 I Input   : injectKeyEvent: KeyEvent { action=ACTION_UP, keyCode=KEYCODE_HOME, scanCode=0, metaState=0, flags=0x0, repeatCount=0, eventTime=11330736096, downTime=11330736096, deviceId=-1, source=0x101 }
01-12 21:45:07.385  1456  1941 I ActivityManager: START u0 {act=android.intent.action.MAIN cat=[android.intent.category.HOME] flg=0x10200000 cmp=com.android.launcher3/.CustomizationPanelLauncher (has extras)} from uid 1000
01-12 21:45:07.386   794   839 E ANDR-PERF-RESOURCEQS: Failed to apply optimization [4, 0]
01-12 21:45:07.397  1456  1941 I ActivityManager: moveHomeStack, setupComplete:true
01-12 21:45:07.401 30790 30790 D AndroidRuntime: Shutting down VM
01-12 21:45:07.406 15912 15946 I OpenGLRenderer: Initialized EGL, version 1.4
01-12 21:45:07.407 15912 15946 D OpenGLRenderer: Swap behavior 2
01-12 21:45:07.417 30564 30564 I zygote  : Deoptimizing kotlin.coroutines.CoroutineContext$Element kotlin.coroutines.CoroutineContext$Element$DefaultImpls.get(kotlin.coroutines.CoroutineContext$Element, kotlin.coroutines.CoroutineContext$Key) due to JIT inline cache
01-12 21:45:07.427 30012 30012 I Finsky  : [2] puo.onTrimMemory(1): Memory trim requested to level 80
01-12 21:45:07.428  2748  2748 D Launcher.Utilities: Wakeup weather: Intent { act=com.motorola.launcher3.action.WAKEUP_WEATHER cmp=com.motorola.timeweatherwidget/com.motorola.commandcenter.weather.WakeUpService }
01-12 21:45:07.443  1456  1456 I NotificationService: Cannot find enqueued record for key: 0|com.motorola.timeweatherwidget|1|null|10116
01-12 21:45:07.444   808   808 D SurfaceFlinger: duplicate layer name: changing com.android.launcher3/com.android.launcher3.CustomizationPanelLauncher to com.android.launcher3/com.android.launcher3.CustomizationPanelLauncher#1
01-12 21:45:07.454 15912 15939 W ThreadPoolDumper: Queue length for executor EventBus is now 11. Perhaps some tasks are too long, or the pool is too small.
01-12 21:45:07.455  1456  2923 I WifiService: getWifiEnabledState uid=10073
01-12 21:45:07.463  1456  4250 I WifiService: getWifiEnabledState uid=10073
01-12 21:45:07.495 15912 15950 I MicroDetectionState: Should stop hotword detection immediately - false
01-12 21:45:07.502 15912 15950 I MicroDetectionWorker: #startMicroDetector [speakerMode: 0]
01-12 21:45:07.505 15912 15950 I AudioController: Created new AudioSource
01-12 21:45:07.506 30564 30564 D GeckoSession: handleMessage GeckoView:StateUpdated uri=null
01-12 21:45:07.537  1456  1673 I LaunchCheckinHandler: Displayed com.android.launcher3/.CustomizationPanelLauncher,wp,wa,151
01-12 21:45:07.538 15912 15949 I MicroDataManager: isInitializedWithLatestParams-true
01-12 21:45:07.538 15912 15949 I MicroDataManager: isInitializing-false locale not changed-true model not changed-true
01-12 21:45:07.539 15912 15949 I MicroDataManager: Already initialized, obtaining the hotword data immediately.
01-12 21:45:07.543 15912  8086 I MicroRecognitionRunner: Starting detection.
01-12 21:45:07.543 15912  8086 I InputStreamUtils: Using micInputStream
01-12 21:45:07.544 15912 27021 I MicrophoneInputStream: mic_starting  SR : 16000 CC : 16 SO : 1999
01-12 21:45:07.546   788  1479 V msm8974_platform: platform_check_input_mask: enter check_input_mask source 6 mask 10
01-12 21:45:07.548  1012 30805 I AudioFlinger: AudioFlinger's thread 0xb2483ac0 tid=30805 ready to run
01-12 21:45:07.556   788  1479 D audio_hw_primary: in_set_parameters: enter: kvpairs=input_source=6;routing=-2147483644
01-12 21:45:07.557  1012 11919 D APM_AudioPolicyManager: AudioPolicyManager::startInput() input 94806, session 94873, source = 1999
01-12 21:45:07.557 15912 27021 I MicrophoneInputStream: mic_started  SR : 16000 CC : 16 SO : 1999
01-12 21:45:07.559   788 30806 V msm8974_platform: platform_update_usecase_from_source: input source :6
01-12 21:45:07.559   788 30806 V msm8974_platform: platform_check_input_mask: enter check_input_mask source 6 mask 10
01-12 21:45:07.559   788 30806 V msm8974_platform: platform_get_input_snd_device: enter: out_device(0) in_device(0x4) channel_count (1) channel_mask (0x10)
01-12 21:45:07.560   788 30806 V msm8974_platform: platform_get_input_snd_device: exit: in_snd_device(voice-rec-mic)
01-12 21:45:07.560   788 30806 V msm8974_platform: platform_get_backend_index:napb: backend port - 5 device - 120 
01-12 21:45:07.560   788 30806 V msm8974_platform: platform_check_and_set_capture_backend_cfg:txbecf: afe: bitwidth 0, samplerate 0, channel 1, backend_idx 5 usecase = 9 device (voice-rec-mic)
01-12 21:45:07.560   788 30806 V msm8974_platform: platform_check_capture_backend_cfg:txbecf: afe: Codec selected backend: 5 current bit width: 0 and sample rate: 0, channels 1
01-12 21:45:07.560   788 30806 V msm8974_platform: platform_check_capture_backend_cfg:txbecf: afe: Codec selected backend: 5 updated bit width: 0 and sample rate: 0
01-12 21:45:07.560   788 30806 I msm8974_platform: platform_check_capture_backend_cfg:txbecf: afe: Codec backend needs to be updated. new bit width: 0 new sample rate: 0 new channel: 1
01-12 21:45:07.560   788 30806 V msm8974_platform: platform_get_backend_index:napb: backend port - 5 device - 120 
01-12 21:45:07.560   788 30806 V msm8974_platform: platform_set_backend_cfg:becf: afe: bitwidth 0, samplerate 0 channels 1, backend_idx 5 device (voice-rec-mic)
01-12 21:45:07.560   788 30806 E msm8974_platform: platform_set_backend_cfg:becf: afe: Could not get ctl for mixer command - SLIM_0_TX Format
01-12 21:45:07.560   788 30806 V msm8974_platform: platform_send_audio_calibration: sending audio calibration for snd_device(120) acdb_id(62)
01-12 21:45:07.560   788 30806 D ACDB-LOADER: ACDB -> send_audio_cal, acdb_id = 62, path = 1, app id = 0x11130, sample rate = 48000
01-12 21:45:07.560   788 30806 D ACDB-LOADER: ACDB -> send_asm_topology
01-12 21:45:07.560   788 30806 D ACDB-LOADER: ACDB -> ACDB_CMD_GET_AUDPROC_STREAM_TOPOLOGY_ID
01-12 21:45:07.560   788 30806 D ACDB-LOADER: ACDB -> send_adm_topology
01-12 21:45:07.560   788 30806 D ACDB-LOADER: ACDB -> ACDB_CMD_GET_AUDPROC_COMMON_TOPOLOGY_ID
01-12 21:45:07.560   788 30806 D ACDB-LOADER: ACDB -> send_audtable
01-12 21:45:07.560   788 30806 D ACDB-LOADER: ACDB -> ACDB_CMD_GET_AUDPROC_COMMON_TABLE_SIZE
01-12 21:45:07.560   788 30806 D ACDB-LOADER: ACDB -> ACDB_CMD_GET_AUDPROC_COMMON_TABLE
01-12 21:45:07.560   788 30806 D ACDB-LOADER: ACDB -> AUDIO_SET_AUDPROC_CAL
01-12 21:45:07.560   788 30806 D ACDB-LOADER: ACDB -> send_audvoltable
01-12 21:45:07.560   788 30806 D ACDB-LOADER: ACDB -> ACDB_CMD_GET_AUDPROC_VOL_STEP_TABLE_SIZE
01-12 21:45:07.560   788 30806 D ACDB-LOADER: ACDB -> ACDB_CMD_GET_AUDPROC_GAIN_DEP_STEP_TABLE, vol index 0
01-12 21:45:07.560   788 30806 D         : Failed to fetch the lookup information of the device 0000003E 
01-12 21:45:07.560   788 30806 D ACDB-LOADER: ACDB -> AUDIO_SET_VOL_CAL cal type = 12
01-12 21:45:07.560   788 30806 D ACDB-LOADER: ACDB -> ACDB_CMD_GET_AUDPROC_STREAM_TABLE_SIZE
01-12 21:45:07.561   788 30806 D ACDB-LOADER: ACDB -> send_audstrmtable
01-12 21:45:07.561   788 30806 D ACDB-LOADER: ACDB -> ACDB_CMD_GET_AUDPROC_STREAM_TABLE_V2
01-12 21:45:07.561   788 30806 D ACDB-LOADER: ACDB -> audstrm_cal->cal_type.cal_data.cal_size = 456
01-12 21:45:07.561   788 30806 D ACDB-LOADER: ACDB -> send_afe_topology
01-12 21:45:07.561   788 30806 D ACDB-LOADER: ACDB -> ACDB_CMD_GET_AFE_TOPOLOGY_ID
01-12 21:45:07.561   788 30806 D ACDB-LOADER: ACDB -> GET_AFE_TOPOLOGY_ID for adcd_id 62, Topology Id 112fb
01-12 21:45:07.561   788 30806 D ACDB-LOADER: ACDB -> send_afe_cal
01-12 21:45:07.561   788 30806 D ACDB-LOADER: ACDB -> ACDB_CMD_GET_AFE_COMMON_TABLE_SIZE
01-12 21:45:07.561   788 30806 D         : Failed to fetch the lookup information of the device 0000003E 
01-12 21:45:07.561   788 30806 E ACDB-LOADER: Error: ACDB_CMD_GET_AFE_COMMON_TABLE_SIZE Returned = -19
01-12 21:45:07.561   788 30806 D ACDB-LOADER: ACDB -> ACDB_CMD_GET_AFE_COMMON_TABLE
01-12 21:45:07.561   788 30806 D         : Failed to fetch the lookup information of the device 0000003E 
01-12 21:45:07.561   788 30806 D ACDB-LOADER: ACDB -> AUDIO_SET_AFE_CAL
01-12 21:45:07.561   788 30806 D ACDB-LOADER: ACDB -> send_hw_delay : acdb_id = 62 path = 1
01-12 21:45:07.561   788 30806 D ACDB-LOADER: ACDB -> ACDB_AVSYNC_INFO: ACDB_CMD_GET_DEVICE_PROPERTY
01-12 21:45:07.561   788 30806 D audio_hw_primary: enable_snd_device: snd_device(120: voice-rec-mic)
01-12 21:45:07.561   788 30806 D audio_route: Apply path: voice-rec-mic
01-12 21:45:07.564   788 30806 V msm8974_platform: platform_get_snd_device_backend_index: enter with device 120
01-12 21:45:07.564   788 30806 E msm8974_platform: platform_get_snd_device_backend_index: BE DAI Name Table is not present
01-12 21:45:07.564   788 30806 V msm8974_platform: platform_get_backend_index:napb: backend port - 5 device - 120 
01-12 21:45:07.564   788 30806 I audio_hw_utils: Set Audio Stream Capture 0 App Type Cfg: app_type 69936, acdb_dev_id 62, sample_rate 48000, snd_device_be_idx -14
01-12 21:45:07.564   788 30806 D audio_hw_primary: enable_audio_route: usecase(9) apply and update mixer path: audio-record
01-12 21:45:07.564   788 30806 D audio_route: Apply path: audio-record
01-12 21:45:07.634 15912 15950 I MicroDetectionWorker: onReady
01-12 21:45:07.677  2146  2165 I zygote  : NativeAlloc concurrent copying GC freed 14075(764KB) AllocSpace objects, 0(0B) LOS objects, 49% free, 8MB/17MB, paused 148us total 119.037ms
01-12 21:45:07.737   808   808 I SFPerfTracer:      triggers: (rate: 50:371798) (compose: 0:6) (post: 0:13) (render: 0:10) (10:3357246 frames) (11:4611370)
01-12 21:45:07.738   808   808 D SFPerfTracer:        layers: (6:15) (NavigationBar#0 (0xb07df000): 10:421228) (StatusBar#0 (0xb07e3000): 9:1202038) (com.android.systemui.ImageWallpaper#0 (0xb07e7000): 1:35109) (Sprite#0 (0xb0733000): 0:317)* (DimLayerController/Stack=0#0 (0xb075a000): 0:3589)* (Sprite#1 (0xb077c000): 0:195)* (animation background stackId=1#0 (0xb039b000): 0:56)* (com.android.launcher3/com.android.launcher3.CustomizationPanelLauncher#0 (0xb0763000): 0:40)- (com.android.launcher3/com.android.launcher3.CustomizationPanelLauncher#1 (0xb0771000): 0:14)- (Splash Screen org.mozilla.fenix.nightly#0 (0xb0384000): 0:20)- (org.mozilla.fenix.nightly/org.mozilla.fenix.IntentReceiverActivity#0 (0xb0264000): 0:6)- (Splash Screen org.mozilla.fenix.nightly#1 (0xb0089000): 0:31)- (org.mozilla.fenix.nightly/org.mozilla.fenix.HomeActivity#0 (0xb0384000): 11:47) (com.android.launcher3/com.android.launcher3.CustomizationPanelLauncher#0 (0xb0763000): 11:17)* (com.android.launcher3/com.android.launcher3.CustomizationPanelLauncher#1 (0xb0771000): 1:5) 
01-12 21:45:07.940  1456  7796 I OpenGLRenderer: Initialized EGL, version 1.4
01-12 21:45:07.940  1456  7796 D OpenGLRenderer: Swap behavior 2
01-12 21:45:07.988  2748  2917 W OpenGLRenderer: Incorrectly called buildLayer on View: ShortcutAndWidgetContainer, destroying layer...
01-12 21:45:08.090 30564 30564 D GeckoRuntime: Lifecycle: onPause
01-12 21:45:08.091 30564 30564 D GeckoNetworkManager: Incoming event stop for state OnWithListeners -> OffWithListeners
01-12 21:45:08.092 30564 30564 I SessionStorage/AutoSave: Save: Background
01-12 21:45:08.101 30564 30645 I libglean_ffi: glean_core::ping: Collecting baseline
01-12 21:45:08.102 30564 30587 D SessionStorage/AutoSave: Saved state to disk [9ms]
01-12 21:45:08.106 30564 30645 D libglean_ffi: glean_core::ping: Storing ping 'a2283082-72be-4dbc-8c89-a5a49e58f182' at '/data/user/0/org.mozilla.fenix.nightly/glean_data/pending_pings/a2283082-72be-4dbc-8c89-a5a49e58f182'
01-12 21:45:08.106 30564 30645 I libglean_ffi: glean_core: The ping 'baseline' was submitted and will be sent as soon as possible
01-12 21:45:08.106 30564 30645 I libglean_ffi: glean_core::ping: Collecting events
01-12 21:45:08.110 30564 30645 D libglean_ffi: glean_core::ping: Storing ping 'f8921211-f9f8-48e5-96b0-c575a023986d' at '/data/user/0/org.mozilla.fenix.nightly/glean_data/pending_pings/f8921211-f9f8-48e5-96b0-c575a023986d'
01-12 21:45:08.110 30564 30645 I libglean_ffi: glean_core: The ping 'events' was submitted and will be sent as soon as possible
01-12 21:45:08.140  1456  4679 D ConnectivityService: requestNetwork for uid/pid:10738/30564 NetworkRequest [ TRACK_DEFAULT id=19581, [ Capabilities: INTERNET&NOT_RESTRICTED&TRUSTED&NOT_VPN] ]
01-12 21:45:08.142  1456  2099 D Ethernet: got request NetworkRequest [ TRACK_DEFAULT id=19581, [ Capabilities: INTERNET&NOT_RESTRICTED&TRUSTED&NOT_VPN] ] with score 60
01-12 21:45:08.142  1456  2054 D WIFI_UT : got request NetworkRequest [ TRACK_DEFAULT id=19581, [ Capabilities: INTERNET&NOT_RESTRICTED&TRUSTED&NOT_VPN] ] with score 60
01-12 21:45:08.142  1456  2054 D WIFI    : got request NetworkRequest [ TRACK_DEFAULT id=19581, [ Capabilities: INTERNET&NOT_RESTRICTED&TRUSTED&NOT_VPN] ] with score 60
01-12 21:45:08.143  2398  2398 D PhoneSwitcherNetworkRequstListener: got request NetworkRequest [ TRACK_DEFAULT id=19581, [ Capabilities: INTERNET&NOT_RESTRICTED&TRUSTED&NOT_VPN] ] with score 60
01-12 21:45:08.151 30564 30809 D glean/PingUploadWorker: Processing persisted pings at /data/user/0/org.mozilla.fenix.nightly/glean_data/pending_pings
01-12 21:45:08.151 30564 30809 D glean/PingUploadWorker: Processing ping: a2283082-72be-4dbc-8c89-a5a49e58f182
01-12 21:45:08.154 30564 30809 D glean/ConceptFetchHttpUploader: Submitting ping to: https://incoming.telemetry.mozilla.org/submit/org-mozilla-fenix-nightly/baseline/1/a2283082-72be-4dbc-8c89-a5a49e58f182
01-12 21:45:08.241  1456  1466 I zygote  : NativeAlloc concurrent copying GC freed 37644(2MB) AllocSpace objects, 18(616KB) LOS objects, 42% free, 32MB/56MB, paused 149us total 301.207ms
01-12 21:45:08.440 30564 30809 D glean/ConceptFetchHttpUploader: Ping successfully sent (200)
01-12 21:45:08.441 30564 30809 D glean/PingUploadWorker: a2283082-72be-4dbc-8c89-a5a49e58f182 was deleted: true
01-12 21:45:08.441 30564 30809 D glean/PingUploadWorker: Processing ping: f8921211-f9f8-48e5-96b0-c575a023986d
01-12 21:45:08.442 30564 30809 D glean/ConceptFetchHttpUploader: Submitting ping to: https://incoming.telemetry.mozilla.org/submit/org-mozilla-fenix-nightly/events/1/f8921211-f9f8-48e5-96b0-c575a023986d
