03-14 00:25:38.325   788 16569 D audio_hw_primary: enable_snd_device: snd_device(120: voice-rec-mic)
03-14 00:25:38.325   788 16569 D audio_route: Apply path: voice-rec-mic
03-14 00:25:38.328   788 16569 V msm8974_platform: platform_get_snd_device_backend_index: enter with device 120
03-14 00:25:38.328   788 16569 E msm8974_platform: platform_get_snd_device_backend_index: BE DAI Name Table is not present
03-14 00:25:38.328   788 16569 V msm8974_platform: platform_get_backend_index:napb: backend port - 5 device - 120 
03-14 00:25:38.328   788 16569 I audio_hw_utils: Set Audio Stream Capture 0 App Type Cfg: app_type 69936, acdb_dev_id 62, sample_rate 48000, snd_device_be_idx -14
03-14 00:25:38.329   788 16569 D audio_hw_primary: enable_audio_route: usecase(9) apply and update mixer path: audio-record
03-14 00:25:38.329   788 16569 D audio_route: Apply path: audio-record
03-14 00:25:38.398 28336 28379 I MicroDetectionWorker: onReady
03-14 00:25:38.398 16304 16304 I glean/Glean: Registering pings for org.mozilla.fenix.GleanMetrics.Pings
03-14 00:25:38.443 16304 16304 D App     : ActivationPing - already generated
03-14 00:25:38.709  1456  7796 I OpenGLRenderer: Initialized EGL, version 1.4
03-14 00:25:38.710  1456  7796 D OpenGLRenderer: Swap behavior 2
03-14 00:25:38.754  2748  2917 W OpenGLRenderer: Incorrectly called buildLayer on View: ShortcutAndWidgetContainer, destroying layer...
03-14 00:25:38.845 16304 16304 D GeckoRuntime: Lifecycle: onPause
03-14 00:25:38.845 16304 16304 D GeckoNetworkManager: Incoming event stop for state OnWithListeners -> OffWithListeners
03-14 00:25:38.846 16304 16304 I SessionStorage/AutoSave: Save: Background
03-14 00:25:38.851 16304 16357 D SessionStorage/AutoSave: Saved state to disk [4ms]
03-14 00:25:38.852 16304 16333 I libglean_ffi: glean_core::ping: Collecting baseline
03-14 00:25:38.857 16304 16333 D libglean_ffi: glean_core::ping: Storing ping 'e20a226a-f16c-4624-916c-621167817129' at '/data/user/0/org.mozilla.fennec_aurora/glean_data/pending_pings/e20a226a-f16c-4624-916c-621167817129'
03-14 00:25:38.858 16304 16333 I libglean_ffi: glean_core: The ping 'baseline' was submitted and will be sent as soon as possible
03-14 00:25:38.859 16304 16333 I libglean_ffi: glean_core::ping: Collecting events
03-14 00:25:38.864 16304 16333 D libglean_ffi: glean_core::ping: Storing ping 'cd6a8c1a-d191-4480-8976-37f96a6016cb' at '/data/user/0/org.mozilla.fennec_aurora/glean_data/pending_pings/cd6a8c1a-d191-4480-8976-37f96a6016cb'
03-14 00:25:38.864 16304 16333 I libglean_ffi: glean_core: The ping 'events' was submitted and will be sent as soon as possible
03-14 00:25:38.886   808   898 I SFPerfTracer:      triggers: (rate: 0:1) (0 sw vsyncs) (0 skipped) (37:5139914 vsyncs) (39:11413755)
03-14 00:25:43.315  1456  4829 I ActivityManager: Force stopping org.mozilla.fennec_aurora appid=11104 user=0: from pid 16583
03-14 00:25:43.315  1456  4829 I ActivityManager: Killing 16304:org.mozilla.fennec_aurora/u0a1104 (adj 700): stop org.mozilla.fennec_aurora
03-14 00:25:43.317  1456  1605 W zygote  : kill(-16304, 9) failed: No such process
03-14 00:25:43.319  1456  4829 W ActivityManager: Force removing ActivityRecord{1bcbf9 u0 org.mozilla.fennec_aurora/org.mozilla.fenix.HomeActivity t36368}: app died, no saved state
03-14 00:25:43.319 16393 16393 I ServiceChildProcess: Service has been unbound. Stopping.
03-14 00:25:43.330  1456  1605 W zygote  : kill(-16304, 9) failed: No such process
03-14 00:25:43.330  1456  4829 I ActivityManager: Killing 16393:org.mozilla.fennec_aurora:tab0/u0a1104 (adj 0): stop org.mozilla.fennec_aurora
03-14 00:25:43.344  2398  2398 D CarrierSvcBindHelper: No carrier app for: 0
03-14 00:25:43.344  2398  2398 D CarrierSvcBindHelper: No carrier app for: 1
03-14 00:25:43.345  1456  1605 W zygote  : kill(-16304, 9) failed: No such process
03-14 00:25:43.397  1456  2402 D ConnectivityService: ConnectivityService NetworkRequestInfo binderDied(NetworkRequest [ TRACK_DEFAULT id=31013, [ Capabilities: INTERNET&NOT_RESTRICTED&TRUSTED&NOT_VPN] ], android.os.BinderProxy@90afb81)
03-14 00:25:43.398  1456  2067 D ConnectivityService: releasing NetworkRequest [ TRACK_DEFAULT id=31013, [ Capabilities: INTERNET&NOT_RESTRICTED&TRUSTED&NOT_VPN] ] (release request)
03-14 00:25:43.398  1456  1673 W ActivityManager: setHasOverlayUi called on unknown pid: 16304
03-14 00:25:43.419  1456  1605 I chatty  : uid=1000(system) ActivityManager identical 5 lines
03-14 00:25:43.434  1456  1605 W zygote  : kill(-16304, 9) failed: No such process
03-14 00:25:43.434  1456  1605 I zygote  : Successfully killed process cgroup uid 11104 pid 16304 in 117ms
03-14 00:25:43.435  1456  1605 W zygote  : kill(-16393, 9) failed: No such process
03-14 00:25:43.435  1456  1605 I zygote  : Successfully killed process cgroup uid 11104 pid 16393 in 0ms
03-14 00:25:43.449  1456  7570 I ActivityManager: START u0 {act=android.intent.action.VIEW dat=https://example.com/... typ=text/html flg=0x10000000 cmp=org.mozilla.fennec_aurora/org.mozilla.fenix.IntentReceiverActivity} from uid 2000
03-14 00:25:43.450   794   839 E ANDR-PERF-RESOURCEQS: Failed to apply optimization [4, 0]
03-14 00:25:43.472  1456  2916 I ActivityManager: Start proc 16591:org.mozilla.fennec_aurora/u0a1104 for activity org.mozilla.fennec_aurora/org.mozilla.fenix.IntentReceiverActivity
03-14 00:25:43.558 28336 28379 I MicroDetectionState: Should stop hotword detection immediately - false
03-14 00:25:43.558 28336 28379 I MicroDetector: Keeping mic open: false
03-14 00:25:43.558 28336 28379 I RecognitionAudioControl: #shutdownAudio [requestId: -7350215645661292836, keepAudioOpen: false, forced: true]
03-14 00:25:43.558 28336 28413 E DeviceStateChecker: DeviceStateChecker cancelled
03-14 00:25:43.559 28336 28379 I RecognitionAudioControl: #internalShutdownAudio [requestId: -7350215645661292836]
03-14 00:25:43.559 28336 28379 I RecognitionAudioControl: #internalShutdownAudio [keepAudioOpen: false, forced: true]
03-14 00:25:43.559 28336 28379 I RecognitionAudioControl: #actualShutdownAudio
03-14 00:25:43.559 28336 28379 I AudioController: #shutdown [requestId=-7350215645661292836]
03-14 00:25:43.559 28336 28366 I MicroRecognitionRunner: Stopping hotword detection.
03-14 00:25:43.559 28336 28378 I AudioController: internalShutdown
03-14 00:25:43.561 28336 28373 I MicroRecognitionRunner: Detection finished
03-14 00:25:43.611 16591 16591 D FirebaseApp: com.google.firebase.auth.FirebaseAuth is not linked. Skipping initialization.
03-14 00:25:43.611 16591 16591 D FirebaseApp: com.google.firebase.crash.FirebaseCrash is not linked. Skipping initialization.
03-14 00:25:43.612 16591 16591 I FirebaseInitProvider: FirebaseApp initialization successful
03-14 00:25:43.617   788  1479 D audio_hw_primary: disable_audio_route: usecase(9) reset and update mixer path: audio-record
03-14 00:25:43.618   788  1479 D audio_hw_primary: disable_snd_device: snd_device(120: voice-rec-mic)
03-14 00:25:43.620  1012 19499 D APM_AudioPolicyManager: stopInput() input 203950, session 204057
03-14 00:25:43.621   788  1479 D audio_hw_primary: in_set_parameters: enter: kvpairs=routing=0
03-14 00:25:43.623 28336 28378 I MicrophoneInputStream: mic_close  SR : 16000 CC : 16 SO : 1999
03-14 00:25:43.623 28336 28378 E AudioSource: Stop listening is called on already closed AudioSource
03-14 00:25:43.681 16591 16591 D FennecProfile: profiles.ini: true
03-14 00:25:43.682 16591 16610 I FA      : Collection disabled with firebase_analytics_collection_enabled=0
03-14 00:25:43.682 16591 16610 I FA      : App measurement is starting up, version: 12780
03-14 00:25:43.683 16591 16610 I FA      : To enable debug logging run: adb shell setprop log.tag.FA VERBOSE
03-14 00:25:43.683 16591 16610 I FA      : To enable faster debug mode event logging run:
03-14 00:25:43.683 16591 16610 I FA      :   adb shell setprop debug.firebase.analytics.app org.mozilla.fennec_aurora
03-14 00:25:43.684 16591 16591 D FennecProfile: Ignoring line in [general] section: StartWithLastProfile=1
03-14 00:25:43.684 16591 16591 D FennecProfile: Found 1 profiles
03-14 00:25:43.685 16591 16591 D FennecProfile: Found default profile: FennecProfile(name=default, path=/data/user/0/org.mozilla.fennec_aurora/files/mozilla/jsmq7jdn.default, default=true)
03-14 00:25:43.690 16591 16591 D FennecMigrator: No migrations to run. Fennec install - false.
03-14 00:25:43.700 16591 16591 D FenixApplication: Initializing Glean (uploadEnabled=true, isFennec=true)
03-14 00:25:43.709 16591 16618 D RustNativeSupport: findMegazordLibraryName(viaduct, 0.53.0
03-14 00:25:43.710 16591 16618 D RustNativeSupport: lib in use: none
03-14 00:25:43.710 16591 16618 D RustNativeSupport: lib configured: megazord
03-14 00:25:43.710 16591 16618 D RustNativeSupport: lib version configured: 0.53.0
03-14 00:25:43.710 16591 16618 D RustNativeSupport: settled on megazord
03-14 00:25:43.729 16591 16617 D libglean_ffi: glean_ffi: Android logging should be hooked up!
03-14 00:25:43.732 16591 16617 I glean/Glean: Registering pings for mozilla.telemetry.glean.GleanMetrics.Pings
03-14 00:25:43.735 16591 16617 I libglean_ffi: glean_core: Creating new Glean
03-14 00:25:43.735 16591 16617 D libglean_ffi: glean_core::database: Database path: "/data/user/0/org.mozilla.fennec_aurora/glean_data/db"
03-14 00:25:43.736 16591 16617 I libglean_ffi: glean_core::database: Database initialized
03-14 00:25:43.736 16591 16618 D RustNativeSupport: findMegazordLibraryName(rustlog, 0.53.0
03-14 00:25:43.736 16591 16617 I libglean_ffi: glean_ffi: Glean initialized
03-14 00:25:43.737 16591 16618 D RustNativeSupport: lib in use: none
03-14 00:25:43.737 16591 16618 D RustNativeSupport: lib configured: megazord
03-14 00:25:43.737 16591 16618 D RustNativeSupport: lib version configured: 0.53.0
03-14 00:25:43.737 16591 16618 D RustNativeSupport: settled on megazord
03-14 00:25:43.739 16591 16618 I rc_log_ffi::ios: rc_log adapter initialized!
03-14 00:25:43.751 16591 16617 D glean/MetricsPingSched: The 'metrics' ping was last sent on Sat Mar 14 00:00:00 EDT 2020
03-14 00:25:43.752 16591 16617 I glean/MetricsPingSched: The 'metrics' ping was already sent today, Sat Mar 14 00:25:43 EDT 2020.
03-14 00:25:43.752 16591 16617 D glean/MetricsPingSched: Scheduling the 'metrics' ping in 99256261ms
03-14 00:25:43.753 16591 16617 D libglean_ffi: glean_core: Clearing Lifetime::Application metrics
03-14 00:25:43.762 16591 16591 D GeckoThread: State changed to LAUNCHED
03-14 00:25:43.763 16591 16625 I GeckoThread: preparing to run Gecko
03-14 00:25:43.772 16591 16625 D GeckoThread: State changed to MOZGLUE_READY
03-14 00:25:43.773 16591 16591 D GeckoRuntime: Lifecycle: onCreate
03-14 00:25:43.791 16591 16591 I zygote  : Deoptimizing java.lang.Object androidx.collection.SimpleArrayMap.put(java.lang.Object, java.lang.Object) due to JIT inline cache
03-14 00:25:43.791 16591 16625 W Settings: Setting animator_duration_scale has moved from android.provider.Settings.System to android.provider.Settings.Global, returning read-only global URI.
03-14 00:25:43.793 16591 16625 E GeckoLibLoad: Load sqlite start
03-14 00:25:43.806 16591 16591 D GleanMetricsService: Enabling Glean.
03-14 00:25:43.813 16591 16625 W GeckoLinker: /data/app/org.mozilla.fennec_aurora-yZ6ECJWJfXXDQEFPdgXEXw==/lib/arm/libnss3.so: unhandled flags #8 not handled
03-14 00:25:43.816 16591 16617 I libglean_ffi: glean_core: Upload enabled: true
03-14 00:25:43.818 16591 16591 I AdjustMetricsService: No adjust token defined
03-14 00:25:43.819 16591 16591 D PushConfig: Creating push configuration for autopush.
03-14 00:25:43.822  1456  1466 I zygote  : NativeAlloc concurrent copying GC freed 66193(7MB) AllocSpace objects, 19(700KB) LOS objects, 37% free, 40MB/64MB, paused 197us total 366.225ms
03-14 00:25:43.822 16591 16625 W GeckoLinker: /data/app/org.mozilla.fennec_aurora-yZ6ECJWJfXXDQEFPdgXEXw==/lib/arm/libnss3.so: Relocation to NULL @0x001b9ffc for symbol "__cxa_type_match"
03-14 00:25:43.823 16591 16625 E GeckoLibLoad: Load sqlite done
03-14 00:25:43.823 16591 16625 E GeckoLibLoad: Load nss start
03-14 00:25:43.823 16591 16625 E GeckoLibLoad: Load nss done
03-14 00:25:43.824 16591 16625 W GeckoLinker: /data/app/org.mozilla.fennec_aurora-yZ6ECJWJfXXDQEFPdgXEXw==/lib/arm/libxul.so: unhandled flags #8 not handled
03-14 00:25:43.824 16591 16625 W GeckoLinker: /data/app/org.mozilla.fennec_aurora-yZ6ECJWJfXXDQEFPdgXEXw==/lib/arm/liblgpllibs.so: unhandled flags #8 not handled
03-14 00:25:43.825 16591 16591 I App     : AutoPushFeature is configured, initializing it...
03-14 00:25:43.826 16591 16591 I AutoPushFeature: Checking validity of push subscriptions.
03-14 00:25:43.834 16591 16591 D FennecProfile: profiles.ini: true
03-14 00:25:43.837 16591 16591 D FennecProfile: Ignoring line in [general] section: StartWithLastProfile=1
03-14 00:25:43.838 16591 16591 D FennecProfile: Found 1 profiles
03-14 00:25:43.838 16591 16591 D FennecProfile: Found default profile: FennecProfile(name=default, path=/data/user/0/org.mozilla.fennec_aurora/files/mozilla/jsmq7jdn.default, default=true)
03-14 00:25:43.841 16591 16618 W [WARNING][Leanplum]: [com.leanplum.internal.ActionManager::getLocationManager::8]: Geofencing support requires leanplum-location module and Google Play Services v8.1 and higher.
03-14 00:25:43.841 16591 16618 W [WARNING][Leanplum]: Add this to your build.gradle file:
03-14 00:25:43.841 16591 16618 W [WARNING][Leanplum]: implementation 'com.google.android.gms:play-services-location:8.3.0+'
03-14 00:25:43.841 16591 16618 W [WARNING][Leanplum]: implementation 'com.leanplum:leanplum-location:+'
03-14 00:25:43.843 16591 16591 I FirefoxAccountStateMachine: Enabling/updating sync with a new SyncConfig: SyncConfig(supportedEngines=[mozilla.components.service.fxa.SyncEngine$History@40b3d18, mozilla.components.service.fxa.SyncEngine$Bookmarks@df68371, mozilla.components.service.fxa.SyncEngine$Passwords@8689556], syncPeriodInMinutes=240)
03-14 00:25:43.844 16591 16618 I [INFO][Leanplum]: [com.leanplum.monitoring.ExceptionHandler::setContext::6]: LeanplumExceptionHandler could not initialize Exception Reporting.This is expected if you have not included the leanplum-monitoring module
03-14 00:25:43.848 16591 16591 I BgSyncManager: Periodic syncing enabled at a 240 interval
03-14 00:25:43.848 16591 16591 I FirefoxAccountStateMachine: Sync is enabled
03-14 00:25:43.855 16591 16630 I [INFO][Leanplum]: [com.leanplum.LeanplumFcmProvider::isManifestSetup::11]: Firebase Messaging is setup correctly.
03-14 00:25:43.861 16591 16636 I FirefoxAccountStateMachine: Processing event Event$Init for state Start. Next state is Start
03-14 00:25:43.870 16591 16591 D FennecMigrator: This is not a Fennec installation. No migration needed.
03-14 00:25:43.872 16591 16591 D SessionManager: onTrimMemory(5): clearThumbnails=false, closeEngineSessions=false
03-14 00:25:43.881 16591 16636 I FirefoxAccountStateMachine: Ran 'Event$Init' side-effects for state Start, got successive event Event$AccountNotFound
03-14 00:25:43.881 16591 16636 I FirefoxAccountStateMachine: Processing event Event$AccountNotFound for state Start. Next state is NotAuthenticated
03-14 00:25:43.884 16591 16636 D RustNativeSupport: findMegazordLibraryName(fxaclient, 0.53.0
03-14 00:25:43.884 16591 16636 D RustNativeSupport: lib in use: none
03-14 00:25:43.884 16591 16636 D RustNativeSupport: lib configured: megazord
03-14 00:25:43.884 16591 16636 D RustNativeSupport: lib version configured: 0.53.0
03-14 00:25:43.884 16591 16636 D RustNativeSupport: settled on megazord
03-14 00:25:43.884 16591 16625 E GeckoLibLoad: Loaded libs in 60.977089ms total, 30ms(196ms) user, 13ms(60ms) system, 0(0) faults
03-14 00:25:43.885 16591 16625 D GeckoThread: State changed to LIBS_READY
03-14 00:25:43.887 16591 16636 D fxaclient_ffi: fxa_new
03-14 00:25:43.889 16591 16625 W GeckoThread: zerdatime 16688037656 - runGecko
03-14 00:25:43.892 16591 16625 D GeckoProfile: Loading profile at: null name: default
03-14 00:25:43.893 16591 16625 D GeckoProfile: Found profile dir: /data/user/0/org.mozilla.fennec_aurora/files/mozilla/jsmq7jdn.default
03-14 00:25:43.897 16591 16591 D GeckoRuntime: Lifecycle: onStart
03-14 00:25:43.906 16591 16591 I [INFO][Leanplum]: [com.leanplum.internal.RequestOld::sendIfConnected::4]: Device is offline, will send later
03-14 00:25:43.918 16591 16591 D GeckoRuntime: Lifecycle: onResume
03-14 00:25:43.919 16591 16591 D GeckoNetworkManager: Incoming event start for state OffNoListeners -> OnNoListeners
03-14 00:25:43.920 16591 16591 D GeckoNetworkManager: New network state: DOWN, NONE, UNKNOWN
03-14 00:25:43.927 16591 16596 I zygote  : Do partial code cache collection, code=24KB, data=28KB
03-14 00:25:43.929 16591 16596 I zygote  : After code cache collection, code=22KB, data=28KB
03-14 00:25:43.930 16591 16596 I zygote  : Increasing code cache capacity to 128KB
03-14 00:25:43.943 16591 16651 D OpenGLRenderer: HWUI GL Pipeline
03-14 00:25:44.028  1456  2916 I ActivityManager: START u0 {act=android.intent.action.VIEW dat=https://example.com/... typ=text/html cmp=org.mozilla.fennec_aurora/org.mozilla.fenix.HomeActivity (has extras)} from uid 11104
03-14 00:25:44.038 16591 16591 D GeckoNetworkManager: Incoming event receivedUpdate for state OnNoListeners -> OnNoListeners
03-14 00:25:44.039 16591 16591 D GeckoNetworkManager: New network state: DOWN, NONE, UNKNOWN
03-14 00:25:44.049 16591 16651 I Adreno  : QUALCOMM build                   : bb5b86c, I77d3059488
03-14 00:25:44.049 16591 16651 I Adreno  : Build Date                       : 06/07/18
03-14 00:25:44.049 16591 16651 I Adreno  : OpenGL ES Shader Compiler Version: EV031.22.00.01_06
03-14 00:25:44.049 16591 16651 I Adreno  : Local Branch                     : 
03-14 00:25:44.049 16591 16651 I Adreno  : Remote Branch                    : refs/tags/AU_LINUX_ANDROID_LA.UM.6.5.R1.08.01.00.312.086
03-14 00:25:44.049 16591 16651 I Adreno  : Remote Branch                    : NONE
03-14 00:25:44.049 16591 16651 I Adreno  : Reconstruct Branch               : NOTHING
03-14 00:25:44.050 16591 16651 D vndksupport: Loading /vendor/lib/hw/gralloc.msm8937.so from current namespace instead of sphal namespace.
03-14 00:25:44.060 16591 16651 I Adreno  : PFP: 0x005ff087, ME: 0x005ff063
03-14 00:25:44.070 16591 16651 I zygote  : android::hardware::configstore::V1_0::ISurfaceFlingerConfigs::hasWideColorDisplay retrieved: 0
03-14 00:25:44.071 16591 16651 I OpenGLRenderer: Initialized EGL, version 1.4
03-14 00:25:44.072 16591 16651 D OpenGLRenderer: Swap behavior 2
03-14 00:25:44.104  1456  1473 I WindowManager: Keep hide if surface has never drawn Window{4ab08e5 u0 org.mozilla.fennec_aurora/org.mozilla.fenix.IntentReceiverActivity}
03-14 00:25:44.107  1456  1473 I WindowManager: Failed to capture screenshot of Token{5eacebd ActivityRecord{a77b614 u0 org.mozilla.fennec_aurora/org.mozilla.fenix.IntentReceiverActivity t36369 f}} appWin=Window{4ab08e5 u0 org.mozilla.fennec_aurora/org.mozilla.fenix.IntentReceiverActivity} drawState=1
03-14 00:25:44.112 16591 16591 D MigrationPushRenewer: Migration state: NONE
03-14 00:25:44.113 16591 16591 D MigrationTelemetryListener: Migration state: NONE
03-14 00:25:44.129  1456  1673 I LaunchCheckinHandler: Displayed org.mozilla.fennec_aurora/org.mozilla.fenix.IntentReceiverActivity,cp,ca,669
03-14 00:25:44.156 16591 16591 D PhoneWindow: Restoring navigation bar divider color to default value = 0x00000000
03-14 00:25:44.215 16591 16591 I NavController: Ignoring popBackStack to destination org.mozilla.fennec_aurora:id/browserFragment as it was not found on the current back stack
03-14 00:25:44.238 16591 16625 I Gecko:DumpUtils: Fifo watcher disabled via pref.
03-14 00:25:44.249 16591 16596 I zygote  : Do partial code cache collection, code=59KB, data=53KB
03-14 00:25:44.251 16591 16596 I zygote  : After code cache collection, code=51KB, data=49KB
03-14 00:25:44.251 16591 16596 I zygote  : Increasing code cache capacity to 256KB
03-14 00:25:44.273 16591 16625 D GeckoSysInfo: System memory: 1867MB.
03-14 00:25:44.275 16591 16625 D GeckoThread: State changed to JNI_READY
03-14 00:25:44.293  1456  7570 I ActivityManager: Start proc 16680:org.mozilla.fennec_aurora:tab0/u0a1104 for service org.mozilla.fennec_aurora/org.mozilla.gecko.process.GeckoChildProcessServices$tab0
03-14 00:25:44.407 16591 16620 D RustNativeSupport: findMegazordLibraryName(places, 0.53.0
03-14 00:25:44.407 16591 16620 D RustNativeSupport: lib in use: none
03-14 00:25:44.407 16591 16620 D RustNativeSupport: lib configured: megazord
03-14 00:25:44.407 16591 16620 D RustNativeSupport: lib version configured: 0.53.0
03-14 00:25:44.407 16591 16620 D RustNativeSupport: settled on megazord
03-14 00:25:44.412 16591 16620 D places_ffi: places_api_new
03-14 00:25:44.427 16680 16680 D GeckoThread: State changed to LAUNCHED
03-14 00:25:44.428 16680 16699 I GeckoThread: preparing to run Gecko
03-14 00:25:44.508 16591 16620 D sql_support::conn_ext: Transaction commited after 43.4274ms
03-14 00:25:44.510 16591 16620 D places_ffi: places_connection_new
03-14 00:25:44.519 16591 16620 D places_ffi: places_connection_new
03-14 00:25:44.527 16591 16591 I [INFO][Leanplum]: [com.leanplum.internal.RequestOld::sendIfConnected::4]: Device is offline, will send later
03-14 00:25:44.536 16591 16636 W FirefoxAccountStateMachine: Got invalid event Event$Init for state NotAuthenticated.
03-14 00:25:44.539 16591 16620 D places_ffi: bookmarks_get_all_with_url
03-14 00:25:44.548 16591 16591 E [ERROR][Leanplum]: [com.leanplum.LeanplumFcmProvider$1::onComplete::2]: getInstanceId failed
03-14 00:25:44.583 16591 16698 W LOTTIE  : Animation contains merge paths. Merge paths are only supported on KitKat+ and must be manually enabled by calling enableMergePathsForKitKatAndAbove().
03-14 00:25:44.671  1456  7570 I ActivityManager: Displayed org.mozilla.fennec_aurora/org.mozilla.fenix.HomeActivity: +574ms (total +1s210ms)
03-14 00:25:44.671  1456  7570 I ActivityManager: Fully drawn org.mozilla.fennec_aurora/org.mozilla.fenix.HomeActivity: +574ms (total +1s210ms)
03-14 00:25:44.682 16591 16596 I zygote  : Do full code cache collection, code=124KB, data=100KB
03-14 00:25:44.683 16591 16596 I zygote  : After code cache collection, code=95KB, data=58KB
03-14 00:25:44.712 16591 16651 D vndksupport: Loading /vendor/lib/hw/android.hardware.graphics.mapper@2.0-impl.so from current namespace instead of sphal namespace.
03-14 00:25:44.714 16591 16651 D vndksupport: Loading /vendor/lib/hw/gralloc.msm8937.so from current namespace instead of sphal namespace.
03-14 00:25:44.760 16591 16591 W LOTTIE  : Animation contains merge paths but they are disabled.
03-14 00:25:44.771   808   808 I SFPerfTracer:      triggers: (rate: 71:2002368) (compose: 0:7) (post: 0:19) (render: 0:17) (4:9232483 frames) (5:11340639)
03-14 00:25:44.771   808   808 D SFPerfTracer:        layers: (3:12) (NavigationBar#0 (0xb07df000): 0:728217) (StatusBar#0 (0xb07e3000): 0:1862176) (com.android.systemui.ImageWallpaper#0 (0xb07e7000): 0:65433)* (Sprite#0 (0xb0733000): 0:317)* (DimLayerController/Stack=0#0 (0xb075a000): 0:3780)* (Sprite#1 (0xb077c000): 0:195)* (org.mozilla.fennec_aurora/org.mozilla.fenix.HomeActivity#0 (0xb01f5000): 0:55)- (com.android.launcher3/com.android.launcher3.CustomizationPanelLauncher#0 (0xb0763000): 0:41)* (com.android.launcher3/com.android.launcher3.CustomizationPanelLauncher#1 (0xb0771000): 0:10)* (org.mozilla.fennec_aurora/org.mozilla.fenix.IntentReceiverActivity#0 (0xb039b000): 0:2)* (Splash Screen org.mozilla.fennec_aurora#0 (0xb013a000): 2:23) (org.mozilla.fennec_aurora/org.mozilla.fenix.HomeActivity#0 (0xb01ee000): 3:5)* 
03-14 00:25:44.810 28336 28336 I MemoryTrimmer: Trimming objects from memory, since app is in the background.
03-14 00:25:44.817 28336 28336 I MemoryTrimmer: Trimming objects from memory, since app is in the background.
03-14 00:25:44.819 28336 27346 I PBSessionCacheImpl: Deleted sessionId[124624629806574696] from persistence.
03-14 00:25:44.826  1456  7570 I WifiService: getWifiEnabledState uid=10073
03-14 00:25:44.827 16591 16625 D GeckoThread: State changed to PROFILE_READY
03-14 00:25:44.830 28336 28379 I DEBUG   : OpaToSrpTransitionState#onStateChanged#notNullQuery
03-14 00:25:44.831 28336 28379 I DEBUG   : OpaToSrpTransitionState#onStateChanged#notNullQuery
03-14 00:25:44.832 28336 28379 W SearchServiceCore: Abort, client detached.
03-14 00:25:44.918 16591 16625 D GeckoThread: State changed to RUNNING
03-14 00:25:44.935 16591 16625 I Gecko   : -*- nsDNSServiceDiscovery.js : nsDNSServiceDiscovery
03-14 00:25:45.021 16591 16591 D GeckoNetworkManager: Incoming event enableNotifications for state OnNoListeners -> OnWithListeners
03-14 00:25:45.022 16591 16591 D GeckoNetworkManager: New network state: DOWN, NONE, UNKNOWN
03-14 00:25:45.023 16591 16591 D GeckoNetworkManager: Incoming event receivedUpdate for state OnWithListeners -> OnWithListeners
03-14 00:25:45.024 16591 16591 D GeckoNetworkManager: New network state: DOWN, NONE, UNKNOWN
03-14 00:25:45.026 16591 16625 W GeckoLinker: /data/app/org.mozilla.fennec_aurora-yZ6ECJWJfXXDQEFPdgXEXw==/lib/arm/libsoftokn3.so: unhandled flags #8 not handled
03-14 00:25:45.027 16591 16625 W GeckoLinker: /data/app/org.mozilla.fennec_aurora-yZ6ECJWJfXXDQEFPdgXEXw==/lib/arm/libsoftokn3.so: Relocation to NULL @0x0002cffc for symbol "__cxa_type_match"
03-14 00:25:45.027 16591 16625 W GeckoLinker: /data/app/org.mozilla.fennec_aurora-yZ6ECJWJfXXDQEFPdgXEXw==/lib/arm/libfreebl3.so: unhandled flags #8 not handled
03-14 00:25:45.028 16591 16625 W GeckoLinker: /data/app/org.mozilla.fennec_aurora-yZ6ECJWJfXXDQEFPdgXEXw==/lib/arm/libfreebl3.so: Relocation to NULL @0x0004fffc for symbol "__cxa_type_match"
03-14 00:25:45.058 16591 16712 W GeckoLinker: /data/app/org.mozilla.fennec_aurora-yZ6ECJWJfXXDQEFPdgXEXw==/lib/arm/libnssckbi.so: unhandled flags #8 not handled
03-14 00:25:45.059 16591 16712 W GeckoLinker: /data/app/org.mozilla.fennec_aurora-yZ6ECJWJfXXDQEFPdgXEXw==/lib/arm/libnssckbi.so: Relocation to NULL @0x00055ffc for symbol "__cxa_type_match"
03-14 00:25:45.122 16591 16625 W ResourceType: Too many attribute references, stopped at: 0x01010099
03-14 00:25:45.170 16591 16625 W GeckoEventDispatcher: No listener for GeckoView:AccessibilityEnabled
03-14 00:25:45.310  1023 16741 D libc    : Internal error: netid(0), id(0x2aed), server(0.0.0.0)
03-14 00:25:45.310  1023 16741 D libc    : Internal error: netid(0), id(0x2aed), server(0.0.0.0)
03-14 00:25:45.310  1023 16741 D libc    : Internal error: netid(0), id(0xfac2), server(0.0.0.0)
03-14 00:25:45.310  1023 16741 D libc    : Internal error: netid(0), id(0xfac2), server(0.0.0.0)
03-14 00:25:45.334  1023 16752 D libc    : Internal error: netid(0), id(0xfd8d), server(0.0.0.0)
03-14 00:25:45.335  1023 16752 D libc    : Internal error: netid(0), id(0xfd8d), server(0.0.0.0)
03-14 00:25:45.335  1023 16752 D libc    : Internal error: netid(0), id(0x5fcb), server(0.0.0.0)
03-14 00:25:45.335  1023 16752 D libc    : Internal error: netid(0), id(0x5fcb), server(0.0.0.0)
03-14 00:25:45.337  1023 16755 D libc    : Internal error: netid(0), id(0x15ce), server(0.0.0.0)
03-14 00:25:45.337  1023 16755 D libc    : Internal error: netid(0), id(0x15ce), server(0.0.0.0)
03-14 00:25:45.337  1023 16755 D libc    : Internal error: netid(0), id(0x459b), server(0.0.0.0)
03-14 00:25:45.337  1023 16755 D libc    : Internal error: netid(0), id(0x459b), server(0.0.0.0)
03-14 00:25:45.338 16591 16625 W ResourceType: Too many attribute references, stopped at: 0x01010099
03-14 00:25:45.341  1023 16759 D libc    : Internal error: netid(0), id(0xfce3), server(0.0.0.0)
03-14 00:25:45.341  1023 16759 D libc    : Internal error: netid(0), id(0xfce3), server(0.0.0.0)
03-14 00:25:45.341  1023 16759 D libc    : Internal error: netid(0), id(0x2f9b), server(0.0.0.0)
03-14 00:25:45.342  1023 16759 D libc    : Internal error: netid(0), id(0x2f9b), server(0.0.0.0)
03-14 00:25:45.362 16591 16618 D App     : Could not fetch region from location service
03-14 00:25:45.362 16591 16618 D App     : java.io.IOException: org.mozilla.geckoview.WebRequestError: Request failed, error=0x25, category=0x5
03-14 00:25:45.362 16591 16618 D App     : 	at mozilla.components.browser.engine.gecko.fetch.GeckoViewFetchClient.fetch(GeckoViewFetchClient.kt:39)
03-14 00:25:45.362 16591 16618 D App     : 	at mozilla.components.service.location.MozillaLocationService$fetchRegion$2.invokeSuspend(MozillaLocationService.kt:27)
03-14 00:25:45.362 16591 16618 D App     : 	at mozilla.components.service.location.MozillaLocationService$fetchRegion$2.invoke(Unknown Source:10)
03-14 00:25:45.362 16591 16618 D App     : 	at kotlin.jvm.internal.Intrinsics.startUndispatchedOrReturn(Intrinsics.java:2)
03-14 00:25:45.362 16591 16618 D App     : 	at kotlin.jvm.internal.Intrinsics.withContext(Intrinsics.java:9)
03-14 00:25:45.362 16591 16618 D App     : 	at mozilla.components.service.location.MozillaLocationService.fetchRegion(MozillaLocationService.kt:2)
03-14 00:25:45.362 16591 16618 D App     : 	at mozilla.components.service.location.search.RegionSearchLocalizationProvider.determineRegion(RegionSearchLocalizationProvider.kt:5)
03-14 00:25:45.362 16591 16618 D App     : 	at mozilla.components.browser.search.provider.AssetsSearchEngineProvider.loadSearchEngines(AssetsSearchEngineProvider.kt:5)
03-14 00:25:45.362 16591 16618 D App     : 	at org.mozilla.fenix.components.searchengine.FenixSearchEngineProvider$baseSearchEngines$1.invokeSuspend(FenixSearchEngineProvider.kt:9)
03-14 00:25:45.362 16591 16618 D App     : 	at kotlin.coroutines.jvm.internal.BaseContinuationImpl.resumeWith(ContinuationImpl.kt:2)
03-14 00:25:45.362 16591 16618 D App     : 	at kotlinx.coroutines.DispatchedTask.run(DispatchedTask.kt:15)
03-14 00:25:45.362 16591 16618 D App     : 	at kotlinx.coroutines.scheduling.CoroutineScheduler.runSafely(CoroutineScheduler.kt:1)
03-14 00:25:45.362 16591 16618 D App     : 	at kotlinx.coroutines.scheduling.CoroutineScheduler$Worker.run(CoroutineScheduler.kt:15)
03-14 00:25:45.362 16591 16618 D App     : Caused by: org.mozilla.geckoview.WebRequestError: Request failed, error=0x25, category=0x5
03-14 00:25:45.362 16591 16618 D App     : 	at org.mozilla.gecko.mozglue.GeckoLoader.nativeRun(Native Method)
03-14 00:25:45.362 16591 16618 D App     : 	at org.mozilla.gecko.GeckoThread.run(GeckoThread.java:91)
03-14 00:25:45.362 16591 16640 D App     : Could not fetch region from location service
03-14 00:25:45.362 16591 16640 D App     : java.io.IOException: org.mozilla.geckoview.WebRequestError: Request failed, error=0x25, category=0x5
03-14 00:25:45.362 16591 16640 D App     : 	at mozilla.components.browser.engine.gecko.fetch.GeckoViewFetchClient.fetch(GeckoViewFetchClient.kt:39)
03-14 00:25:45.362 16591 16640 D App     : 	at mozilla.components.service.location.MozillaLocationService$fetchRegion$2.invokeSuspend(MozillaLocationService.kt:27)
03-14 00:25:45.362 16591 16640 D App     : 	at kotlin.coroutines.jvm.internal.BaseContinuationImpl.resumeWith(ContinuationImpl.kt:2)
03-14 00:25:45.362 16591 16640 D App     : 	at kotlinx.coroutines.DispatchedTask.run(DispatchedTask.kt:15)
03-14 00:25:45.362 16591 16640 D App     : 	at kotlinx.coroutines.scheduling.CoroutineScheduler.runSafely(CoroutineScheduler.kt:1)
03-14 00:25:45.362 16591 16640 D App     : 	at kotlinx.coroutines.scheduling.CoroutineScheduler$Worker.run(CoroutineScheduler.kt:15)
03-14 00:25:45.362 16591 16640 D App     : Caused by: org.mozilla.geckoview.WebRequestError: Request failed, error=0x25, category=0x5
03-14 00:25:45.362 16591 16640 D App     : 	at org.mozilla.gecko.mozglue.GeckoLoader.nativeRun(Native Method)
03-14 00:25:45.362 16591 16640 D App     : 	at org.mozilla.gecko.GeckoThread.run(GeckoThread.java:91)
03-14 00:25:45.474 16680 16699 D GeckoThread: State changed to MOZGLUE_READY
03-14 00:25:45.481 16680 16699 W Settings: Setting animator_duration_scale has moved from android.provider.Settings.System to android.provider.Settings.Global, returning read-only global URI.
03-14 00:25:45.484 16680 16699 E GeckoLibLoad: Load sqlite start
03-14 00:25:45.501 16680 16699 W GeckoLinker: /data/app/org.mozilla.fennec_aurora-yZ6ECJWJfXXDQEFPdgXEXw==/lib/arm/libnss3.so: unhandled flags #8 not handled
03-14 00:25:45.506 16680 16699 W GeckoLinker: /data/app/org.mozilla.fennec_aurora-yZ6ECJWJfXXDQEFPdgXEXw==/lib/arm/libnss3.so: Relocation to NULL @0x001b9ffc for symbol "__cxa_type_match"
03-14 00:25:45.506 16680 16699 E GeckoLibLoad: Load sqlite done
03-14 00:25:45.506 16680 16699 E GeckoLibLoad: Load nss start
03-14 00:25:45.506 16680 16699 E GeckoLibLoad: Load nss done
03-14 00:25:45.507 16680 16699 W GeckoLinker: /data/app/org.mozilla.fennec_aurora-yZ6ECJWJfXXDQEFPdgXEXw==/lib/arm/libxul.so: unhandled flags #8 not handled
03-14 00:25:45.507 16680 16699 W GeckoLinker: /data/app/org.mozilla.fennec_aurora-yZ6ECJWJfXXDQEFPdgXEXw==/lib/arm/liblgpllibs.so: unhandled flags #8 not handled
03-14 00:25:45.512 16591 16625 I GeckoSession: zerdatime 16688039280 - chrome startup finished
03-14 00:25:45.538 16680 16699 E GeckoLibLoad: Loaded libs in 32.015315ms total, 20ms(26ms) user, 6ms(6ms) system, 0(0) faults
03-14 00:25:45.539 16680 16699 D GeckoThread: State changed to LIBS_READY
03-14 00:25:45.539 16680 16699 W GeckoThread: zerdatime 16688039306 - runGecko
03-14 00:25:45.563 16591 16619 D App     : Could not fetch region from location service
03-14 00:25:45.563 16591 16619 D App     : java.io.IOException: org.mozilla.geckoview.WebRequestError: Request failed, error=0x25, category=0x5
03-14 00:25:45.563 16591 16619 D App     : 	at mozilla.components.browser.engine.gecko.fetch.GeckoViewFetchClient.fetch(GeckoViewFetchClient.kt:39)
03-14 00:25:45.563 16591 16619 D App     : 	at mozilla.components.service.location.MozillaLocationService$fetchRegion$2.invokeSuspend(MozillaLocationService.kt:27)
03-14 00:25:45.563 16591 16619 D App     : 	at mozilla.components.service.location.MozillaLocationService$fetchRegion$2.invoke(Unknown Source:10)
03-14 00:25:45.563 16591 16619 D App     : 	at kotlin.jvm.internal.Intrinsics.startUndispatchedOrReturn(Intrinsics.java:2)
03-14 00:25:45.563 16591 16619 D App     : 	at kotlin.jvm.internal.Intrinsics.withContext(Intrinsics.java:9)
03-14 00:25:45.563 16591 16619 D App     : 	at mozilla.components.service.location.MozillaLocationService.fetchRegion(MozillaLocationService.kt:2)
03-14 00:25:45.563 16591 16619 D App     : 	at mozilla.components.service.location.search.RegionSearchLocalizationProvider.determineRegion(RegionSearchLocalizationProvider.kt:5)
03-14 00:25:45.563 16591 16619 D App     : 	at mozilla.components.browser.search.provider.AssetsSearchEngineProvider.loadSearchEngines(AssetsSearchEngineProvider.kt:5)
03-14 00:25:45.563 16591 16619 D App     : 	at org.mozilla.fenix.components.searchengine.FenixSearchEngineProvider$bundledSearchEngines$1.invokeSuspend(FenixSearchEngineProvider.kt:21)
03-14 00:25:45.563 16591 16619 D App     : 	at kotlin.coroutines.jvm.internal.BaseContinuationImpl.resumeWith(ContinuationImpl.kt:2)
03-14 00:25:45.563 16591 16619 D App     : 	at kotlinx.coroutines.DispatchedTask.run(DispatchedTask.kt:15)
03-14 00:25:45.563 16591 16619 D App     : 	at kotlinx.coroutines.scheduling.CoroutineScheduler.runSafely(CoroutineScheduler.kt:1)
03-14 00:25:45.563 16591 16619 D App     : 	at kotlinx.coroutines.scheduling.CoroutineScheduler$Worker.run(CoroutineScheduler.kt:15)
03-14 00:25:45.563 16591 16619 D App     : Caused by: org.mozilla.geckoview.WebRequestError: Request failed, error=0x25, category=0x5
03-14 00:25:45.563 16591 16619 D App     : 	at org.mozilla.gecko.mozglue.GeckoLoader.nativeRun(Native Method)
03-14 00:25:45.563 16591 16619 D App     : 	at org.mozilla.gecko.GeckoThread.run(GeckoThread.java:91)
03-14 00:25:45.874 16680 16699 D GeckoThread: State changed to RUNNING
03-14 00:25:45.911 16680 16699 W ResourceType: Too many attribute references, stopped at: 0x01010099
03-14 00:25:46.033 16591 16591 D App     : Installed browser-icons extension
03-14 00:25:46.034 16591 16591 D mozac-webextensions: Installed extension: mozacWebchannel
03-14 00:25:46.037 16591 16591 D mozac-webextensions: Installed extension: mozacReaderview
03-14 00:25:46.053 16591 16625 D GeckoScreenOrientation: unlocking
03-14 00:25:46.055 16591 16591 D GeckoSession: handleMessage GeckoView:PageStart uri=about:blank
03-14 00:25:46.101 16591 16591 D GeckoSession: handleMessage GeckoView:LocationChange uri=about:blank
03-14 00:25:46.102 16591 16591 D GeckoSession: handleMessage GeckoView:PageStop uri=null
03-14 00:25:46.110 16591 16591 I SessionStorage/AutoSave: Save: Load finished
03-14 00:25:46.119 16591 16639 D SessionStorage/AutoSave: Saved state to disk [8ms]
03-14 00:25:46.126 16591 16591 D GeckoSession: handleMessage GeckoView:OnLoadRequest uri=https://example.com/
03-14 00:25:46.138 16591 16591 D GeckoSession: handleMessage GeckoView:OnLoadRequest uri=https://example.com/
03-14 00:25:46.145 16591 16596 I zygote  : Do partial code cache collection, code=122KB, data=87KB
03-14 00:25:46.147 16591 16596 I zygote  : After code cache collection, code=122KB, data=87KB
03-14 00:25:46.147 16591 16596 I zygote  : Increasing code cache capacity to 512KB
03-14 00:25:46.289 16680 16680 D GeckoNetworkManager: Incoming event enableNotifications for state OffNoListeners -> OffWithListeners
03-14 00:25:46.291 16680 16680 D GeckoNetworkManager: New network state: DOWN, NONE, UNKNOWN
03-14 00:25:46.407 16591 16591 D GeckoSession: handleMessage GeckoView:ProgressChanged uri=null
03-14 00:25:46.419 16591 16591 D GeckoSession: handleMessage GeckoView:PageStart uri=https://example.com/
03-14 00:25:46.444 16591 16591 D GeckoSession: handleMessage GeckoView:ProgressChanged uri=null
03-14 00:25:46.453 16591 16591 D GeckoSession: handleMessage GeckoView:PageStop uri=null
03-14 00:25:46.454 16591 16591 I SessionStorage/AutoSave: Save: Load finished
03-14 00:25:46.455 16591 16639 D SessionStorage/AutoSave: Delaying save (1657ms)
03-14 00:25:46.482 16591 16591 D GeckoSession: handleMessage GeckoView:ProgressChanged uri=null
03-14 00:25:46.489 16591 16591 D GeckoSession: handleMessage GeckoView:PageStart uri=https://example.com/
03-14 00:25:46.532 16591 16591 D mozac-webcompat: Installed WebCompat webextension: webcompat@mozilla.com
03-14 00:25:46.570 16591 16591 D GeckoSession: handleMessage GeckoView:OnLoadError uri=https://example.com/
03-14 00:25:46.575 16591 16591 I zygote  : Deoptimizing kotlin.coroutines.CoroutineContext$Element kotlin.coroutines.CoroutineContext$Element$DefaultImpls.get(kotlin.coroutines.CoroutineContext$Element, kotlin.coroutines.CoroutineContext$Key) due to JIT inline cache
03-14 00:25:46.601 16591 16591 D GeckoSession: handleMessage GeckoView:ProgressChanged uri=null
03-14 00:25:46.610 16591 16591 D GeckoSession: handleMessage GeckoView:PageStop uri=null
03-14 00:25:46.610 16591 16591 I SessionStorage/AutoSave: Save: Load finished
03-14 00:25:46.610 16591 16591 D SessionStorage/AutoSave: Skipping save, other job already in flight
03-14 00:25:46.685 16591 16591 D GeckoSession: handleMessage GeckoView:LocationChange uri=https://example.com/
03-14 00:25:46.693 16591 16591 I zygote  : Deoptimizing java.lang.Object kotlin.coroutines.CoroutineContext$plus$1.invoke(java.lang.Object, java.lang.Object) due to JIT inline cache
03-14 00:25:46.694 16591 16639 I zygote  : Deoptimizing void kotlinx.coroutines.DispatchedTask.run() due to JIT inline cache
03-14 00:25:46.697 16591 16639 D places_ffi: bookmarks_get_all_with_url
03-14 00:25:46.717 16591 16591 D GeckoSession: handleMessage GeckoView:SecurityChanged uri=null
03-14 00:25:46.722 16591 16639 D places_ffi: places_connection_new
03-14 00:25:46.735 16591 16639 D places_ffi: places_note_observation
03-14 00:25:46.752 16591 16639 D sql_support::conn_ext: Transaction commited after 16.75271ms
03-14 00:25:46.770 16591 16639 D places_ffi: places_note_observation
03-14 00:25:46.795 16591 16639 D sql_support::conn_ext: Transaction commited after 24.543388ms
03-14 00:25:46.804 16680 16699 W GeckoLinker: /data/app/org.mozilla.fennec_aurora-yZ6ECJWJfXXDQEFPdgXEXw==/lib/arm/libsoftokn3.so: unhandled flags #8 not handled
03-14 00:25:46.806 16680 16699 W GeckoLinker: /data/app/org.mozilla.fennec_aurora-yZ6ECJWJfXXDQEFPdgXEXw==/lib/arm/libsoftokn3.so: Relocation to NULL @0x0002cffc for symbol "__cxa_type_match"
03-14 00:25:46.807 16680 16699 W GeckoLinker: /data/app/org.mozilla.fennec_aurora-yZ6ECJWJfXXDQEFPdgXEXw==/lib/arm/libfreebl3.so: unhandled flags #8 not handled
03-14 00:25:46.808 16680 16699 W GeckoLinker: /data/app/org.mozilla.fennec_aurora-yZ6ECJWJfXXDQEFPdgXEXw==/lib/arm/libfreebl3.so: Relocation to NULL @0x0004fffc for symbol "__cxa_type_match"
03-14 00:25:46.817 16591 16591 I DefaultSupportedAddonsChecker: Register check for new supported add-ons
03-14 00:25:46.836 16591 16639 D places_ffi: places_note_observation
03-14 00:25:46.851 16591 16639 D sql_support::conn_ext: Transaction commited after 14.588283ms
03-14 00:25:47.162 16591 16591 D GeckoSession: handleMessage GeckoView:StateUpdated uri=null
03-14 00:25:47.162 16591 16591 W GeckoSession: No history entries found.
03-14 00:25:48.126 16591 16639 D SessionStorage/AutoSave: Saved state to disk [13ms]
03-14 00:25:49.129 16836 16836 D AndroidRuntime: >>>>>> START com.android.internal.os.RuntimeInit uid 2000 <<<<<<
03-14 00:25:49.141 16836 16836 W app_process: Could not reserve sentinel fault page
03-14 00:25:49.324 16836 16836 I app_process: The ClassLoaderContext is a special shared library.
03-14 00:25:49.414 16836 16836 D AndroidRuntime: Calling main entry com.android.commands.input.Input
03-14 00:25:49.416 16836 16836 I Input   : injectKeyEvent: KeyEvent { action=ACTION_DOWN, keyCode=KEYCODE_HOME, scanCode=0, metaState=0, flags=0x0, repeatCount=0, eventTime=16236004695, downTime=16236004695, deviceId=-1, source=0x101 }
03-14 00:25:49.426 16836 16836 I Input   : injectKeyEvent: KeyEvent { action=ACTION_UP, keyCode=KEYCODE_HOME, scanCode=0, metaState=0, flags=0x0, repeatCount=0, eventTime=16236004695, downTime=16236004695, deviceId=-1, source=0x101 }
03-14 00:25:49.432  1456  1941 I ActivityManager: START u0 {act=android.intent.action.MAIN cat=[android.intent.category.HOME] flg=0x10200000 cmp=com.android.launcher3/.CustomizationPanelLauncher (has extras)} from uid 1000
03-14 00:25:49.433   794   839 E ANDR-PERF-RESOURCEQS: Failed to apply optimization [4, 0]
03-14 00:25:49.446  1456  1941 I ActivityManager: moveHomeStack, setupComplete:true
03-14 00:25:49.450 16836 16836 D AndroidRuntime: Shutting down VM
03-14 00:25:49.455 28336 28375 I Adreno  : QUALCOMM build                   : bb5b86c, I77d3059488
03-14 00:25:49.455 28336 28375 I Adreno  : Build Date                       : 06/07/18
03-14 00:25:49.455 28336 28375 I Adreno  : OpenGL ES Shader Compiler Version: EV031.22.00.01_06
03-14 00:25:49.455 28336 28375 I Adreno  : Local Branch                     : 
03-14 00:25:49.455 28336 28375 I Adreno  : Remote Branch                    : refs/tags/AU_LINUX_ANDROID_LA.UM.6.5.R1.08.01.00.312.086
03-14 00:25:49.455 28336 28375 I Adreno  : Remote Branch                    : NONE
03-14 00:25:49.455 28336 28375 I Adreno  : Reconstruct Branch               : NOTHING
03-14 00:25:49.460 28336 28375 D vndksupport: Loading /vendor/lib/hw/gralloc.msm8937.so from current namespace instead of sphal namespace.
03-14 00:25:49.464 28336 28375 I Adreno  : PFP: 0x005ff087, ME: 0x005ff063
03-14 00:25:49.468 28336 28375 I zygote  : android::hardware::configstore::V1_0::ISurfaceFlingerConfigs::hasWideColorDisplay retrieved: 0
03-14 00:25:49.470 28336 28375 I OpenGLRenderer: Initialized EGL, version 1.4
03-14 00:25:49.471 28336 28375 D OpenGLRenderer: Swap behavior 2
03-14 00:25:49.474 15794 15794 I Finsky  : [2] ppb.onTrimMemory(1): Memory trim requested to level 60
03-14 00:25:49.475  2748  2748 D Launcher.Utilities: Wakeup weather: Intent { act=com.motorola.launcher3.action.WAKEUP_WEATHER cmp=com.motorola.timeweatherwidget/com.motorola.commandcenter.weather.WakeUpService }
03-14 00:25:49.490  1456  1456 I NotificationService: Cannot find enqueued record for key: 0|com.motorola.timeweatherwidget|1|null|10116
03-14 00:25:49.493   808   808 D SurfaceFlinger: duplicate layer name: changing com.android.launcher3/com.android.launcher3.CustomizationPanelLauncher to com.android.launcher3/com.android.launcher3.CustomizationPanelLauncher#1
03-14 00:25:49.497 16591 16591 I [INFO][Leanplum]: [com.leanplum.internal.RequestOld::sendIfConnected::4]: Device is offline, will send later
03-14 00:25:49.516 28336 28369 W ThreadPoolDumper: Queue length for executor EventBus is now 11. Perhaps some tasks are too long, or the pool is too small.
03-14 00:25:49.518  1456  5031 I WifiService: getWifiEnabledState uid=10073
03-14 00:25:49.521 16591 16591 D SessionManager: onTrimMemory(80): clearThumbnails=true, closeEngineSessions=true
03-14 00:25:49.529  1456  5031 I WifiService: getWifiEnabledState uid=10073
03-14 00:25:49.541 28336 28379 I DEBUG   : OpaToSrpTransitionState#onStateChanged#notNullQuery
03-14 00:25:49.543 28336 28379 I DEBUG   : OpaToSrpTransitionState#onStateChanged#notNullQuery
03-14 00:25:49.557 16591 16596 I zygote  : Do full code cache collection, code=251KB, data=154KB
03-14 00:25:49.560 16591 16596 I zygote  : After code cache collection, code=162KB, data=92KB
03-14 00:25:49.563 28336 28379 I MicroDetectionState: Should stop hotword detection immediately - false
03-14 00:25:49.569 28336 28379 I MicroDetectionWorker: #startMicroDetector [speakerMode: 0]
03-14 00:25:49.571 28336 28379 I AudioController: Created new AudioSource
03-14 00:25:49.571  1456  1673 I LaunchCheckinHandler: Displayed com.android.launcher3/.CustomizationPanelLauncher,wp,wa,138
03-14 00:25:49.574 28336 28366 I MicroDataManager: isInitializedWithLatestParams-true
03-14 00:25:49.574 28336 28366 I MicroDataManager: isInitializing-false locale not changed-true model not changed-true
03-14 00:25:49.574 28336 28366 I MicroDataManager: Already initialized, obtaining the hotword data immediately.
03-14 00:25:49.580 28336 28413 I MicroRecognitionRunner: Starting detection.
03-14 00:25:49.580 28336 28413 I InputStreamUtils: Using micInputStream
03-14 00:25:49.580 16591 16591 D SessionManager: Cleared 5 thumbnail(s) and unlinked 5 engine sessions(s)
03-14 00:25:49.581 28336 28458 I MicrophoneInputStream: mic_starting  SR : 16000 CC : 16 SO : 1999
03-14 00:25:49.586   788  1479 V msm8974_platform: platform_check_input_mask: enter check_input_mask source 6 mask 10
03-14 00:25:49.589  1012 16851 I AudioFlinger: AudioFlinger's thread 0xb2483180 tid=16851 ready to run
03-14 00:25:49.595 16591 16591 D GeckoSession: handleMessage GeckoView:StateUpdated uri=null
03-14 00:25:49.595   788  1479 D audio_hw_primary: in_set_parameters: enter: kvpairs=input_source=6;routing=-2147483644
03-14 00:25:49.599  1012 19499 D APM_AudioPolicyManager: AudioPolicyManager::startInput() input 203958, session 204065, source = 1999
03-14 00:25:49.600 28336 28458 I MicrophoneInputStream: mic_started  SR : 16000 CC : 16 SO : 1999
03-14 00:25:49.604   788 16852 V msm8974_platform: platform_update_usecase_from_source: input source :6
03-14 00:25:49.604   788 16852 V msm8974_platform: platform_check_input_mask: enter check_input_mask source 6 mask 10
03-14 00:25:49.604   788 16852 V msm8974_platform: platform_get_input_snd_device: enter: out_device(0) in_device(0x4) channel_count (1) channel_mask (0x10)
03-14 00:25:49.604   788 16852 V msm8974_platform: platform_get_input_snd_device: exit: in_snd_device(voice-rec-mic)
03-14 00:25:49.604   788 16852 V msm8974_platform: platform_get_backend_index:napb: backend port - 5 device - 120 
03-14 00:25:49.604   788 16852 V msm8974_platform: platform_check_and_set_capture_backend_cfg:txbecf: afe: bitwidth 0, samplerate 0, channel 1, backend_idx 5 usecase = 9 device (voice-rec-mic)
03-14 00:25:49.604   788 16852 V msm8974_platform: platform_check_capture_backend_cfg:txbecf: afe: Codec selected backend: 5 current bit width: 0 and sample rate: 0, channels 1
03-14 00:25:49.604   788 16852 V msm8974_platform: platform_check_capture_backend_cfg:txbecf: afe: Codec selected backend: 5 updated bit width: 0 and sample rate: 0
03-14 00:25:49.604   788 16852 I msm8974_platform: platform_check_capture_backend_cfg:txbecf: afe: Codec backend needs to be updated. new bit width: 0 new sample rate: 0 new channel: 1
03-14 00:25:49.604   788 16852 V msm8974_platform: platform_get_backend_index:napb: backend port - 5 device - 120 
03-14 00:25:49.604   788 16852 V msm8974_platform: platform_set_backend_cfg:becf: afe: bitwidth 0, samplerate 0 channels 1, backend_idx 5 device (voice-rec-mic)
03-14 00:25:49.605   788 16852 E msm8974_platform: platform_set_backend_cfg:becf: afe: Could not get ctl for mixer command - SLIM_0_TX Format
03-14 00:25:49.605   788 16852 V msm8974_platform: platform_send_audio_calibration: sending audio calibration for snd_device(120) acdb_id(62)
03-14 00:25:49.605   788 16852 D ACDB-LOADER: ACDB -> send_audio_cal, acdb_id = 62, path = 1, app id = 0x11130, sample rate = 48000
03-14 00:25:49.605   788 16852 D ACDB-LOADER: ACDB -> send_asm_topology
03-14 00:25:49.605   788 16852 D ACDB-LOADER: ACDB -> ACDB_CMD_GET_AUDPROC_STREAM_TOPOLOGY_ID
03-14 00:25:49.605   788 16852 D ACDB-LOADER: ACDB -> send_adm_topology
03-14 00:25:49.605   788 16852 D ACDB-LOADER: ACDB -> ACDB_CMD_GET_AUDPROC_COMMON_TOPOLOGY_ID
03-14 00:25:49.605   788 16852 D ACDB-LOADER: ACDB -> send_audtable
03-14 00:25:49.605   788 16852 D ACDB-LOADER: ACDB -> ACDB_CMD_GET_AUDPROC_COMMON_TABLE_SIZE
03-14 00:25:49.605   788 16852 D ACDB-LOADER: ACDB -> ACDB_CMD_GET_AUDPROC_COMMON_TABLE
03-14 00:25:49.605   788 16852 D ACDB-LOADER: ACDB -> AUDIO_SET_AUDPROC_CAL
03-14 00:25:49.605   788 16852 D ACDB-LOADER: ACDB -> send_audvoltable
03-14 00:25:49.605   788 16852 D ACDB-LOADER: ACDB -> ACDB_CMD_GET_AUDPROC_VOL_STEP_TABLE_SIZE
