05-27 23:58:25.153  1456  1673 W ActivityManager: setHasOverlayUi called on unknown pid: 27933
05-27 23:58:25.159  1456  1605 W zygote  : kill(-27933, 9) failed: No such process
05-27 23:58:25.159  1456  1605 I zygote  : Successfully killed process cgroup uid 11353 pid 27933 in 76ms
05-27 23:58:25.159  1456  1605 W zygote  : kill(-28009, 9) failed: No such process
05-27 23:58:25.160  1456  1605 I zygote  : Successfully killed process cgroup uid 11353 pid 28009 in 0ms
05-27 23:58:25.201  1456  2236 I ActivityManager: START u0 {act=android.intent.action.MAIN cat=[android.intent.category.LAUNCHER] flg=0x10000000 cmp=org.mozilla.fennec_aurora/.App} from uid 2000
05-27 23:58:25.201   794   839 E ANDR-PERF-RESOURCEQS: Failed to apply optimization [4, 0]
05-27 23:58:25.222  1456  2204 I ActivityManager: Start proc 28141:org.mozilla.fennec_aurora/u0a1353 for activity org.mozilla.fennec_aurora/.App
05-27 23:58:25.311 10849 10986 I MicroDetectionState: Should stop hotword detection immediately - false
05-27 23:58:25.312 10849 10986 I MicroDetector: Keeping mic open: false
05-27 23:58:25.312 10849 10986 I MicroDetector: #shutdownAudioWithAudioLibrary
05-27 23:58:25.312 10849  2474 E DeviceStateChecker: DeviceStateChecker cancelled
05-27 23:58:25.312 10849 10925 I MicroRecognitionRunner: Stopping hotword detection.
05-27 23:58:25.312 10849 26062 W b       : #read failed: read EOF from AudioAccessor.
05-27 23:58:25.313 10849 26062 I MicroRecognitionRunner: Detection finished
05-27 23:58:25.355   788   788 D audio_hw_primary: disable_audio_route: usecase(9) reset and update mixer path: audio-record
05-27 23:58:25.356   788   788 D audio_hw_primary: disable_snd_device: snd_device(120: voice-rec-mic)
05-27 23:58:25.357  1012  4918 D APM_AudioPolicyManager: stopInput() input 361966, session 362081
05-27 23:58:25.358   788  1401 D audio_hw_primary: in_set_parameters: enter: kvpairs=routing=0
05-27 23:58:25.360 10849 10986 I HotwordLSAdapter: stopListeningStatus result: 1
05-27 23:58:25.408 28141 28141 I chatty  : uid=11353(org.mozilla.fennec_aurora) expire 9 lines
05-27 23:58:25.477 28141 28159 I chatty  : uid=11353(org.mozilla.fennec_aurora) expire 4 lines
05-27 23:58:25.512 28141 28167 I chatty  : uid=11353(org.mozilla.fennec_aurora) expire 13 lines
05-27 23:58:25.532 28141 28166 I chatty  : uid=11353(org.mozilla.fennec_aurora) expire 23 lines
05-27 23:58:25.534 28141 28141 I chatty  : uid=11353(org.mozilla.fennec_aurora) expire 47 lines
05-27 23:58:25.535 28141 28170 I chatty  : uid=11353(org.mozilla.fennec_aurora) expire 19 lines
05-27 23:58:25.601 28141 28177 I chatty  : uid=11353(org.mozilla.fennec_aurora) expire 6 lines
05-27 23:58:25.684  1456  2204 I ActivityManager: START u0 {act=android.intent.action.MAIN cat=[android.intent.category.LAUNCHER] flg=0x10000000 cmp=org.mozilla.fennec_aurora/org.mozilla.fenix.HomeActivity (has extras)} from uid 11353
05-27 23:58:25.689 28141 28195 I chatty  : uid=11353(org.mozilla.fennec_aurora) expire 1 line
05-27 23:58:25.701   808   808 D SurfaceFlinger: duplicate layer name: changing Splash Screen org.mozilla.fennec_aurora to Splash Screen org.mozilla.fennec_aurora#1
05-27 23:58:25.722 28141 28146 I chatty  : uid=11353(org.mozilla.fennec_aurora) expire 11 lines
05-27 23:58:25.768  1456  4679 I ActivityManager: Start proc 28215:org.mozilla.fennec_aurora:tab0/u0a1353 for service org.mozilla.fennec_aurora/org.mozilla.gecko.process.GeckoChildProcessServices$tab0
05-27 23:58:25.771 28141 28204 I chatty  : uid=11353(org.mozilla.fennec_aurora) expire 1 line
05-27 23:58:25.935 28215 28215 I chatty  : uid=11353(org.mozilla.fennec_aurora) expire 2 lines
05-27 23:58:25.936 28215 28238 I chatty  : uid=11353(org.mozilla.fennec_aurora) expire 1 line
05-27 23:58:26.171 28141 28194 I chatty  : uid=11353(org.mozilla.fennec_aurora) expire 1 line
05-27 23:58:26.191 28141 28248 I chatty  : uid=11353(org.mozilla.fennec_aurora) expire 9 lines
05-27 23:58:26.207  1456  2236 D ConnectivityService: requestNetwork for uid/pid:11353/28141 NetworkRequest [ TRACK_DEFAULT id=54322, [ Capabilities: INTERNET&NOT_RESTRICTED&TRUSTED&NOT_VPN] ]
05-27 23:58:26.208  1456  2054 D WIFI_UT : got request NetworkRequest [ TRACK_DEFAULT id=54322, [ Capabilities: INTERNET&NOT_RESTRICTED&TRUSTED&NOT_VPN] ] with score 60
05-27 23:58:26.208  1456  2054 D WIFI    : got request NetworkRequest [ TRACK_DEFAULT id=54322, [ Capabilities: INTERNET&NOT_RESTRICTED&TRUSTED&NOT_VPN] ] with score 60
05-27 23:58:26.208  1456  2099 D Ethernet: got request NetworkRequest [ TRACK_DEFAULT id=54322, [ Capabilities: INTERNET&NOT_RESTRICTED&TRUSTED&NOT_VPN] ] with score 60
05-27 23:58:26.210  2398  2398 D PhoneSwitcherNetworkRequstListener: got request NetworkRequest [ TRACK_DEFAULT id=54322, [ Capabilities: INTERNET&NOT_RESTRICTED&TRUSTED&NOT_VPN] ] with score 60
05-27 23:58:26.212  1456  2236 I WifiService: getDhcpInfo uid=11353
05-27 23:58:26.354 28141 28254 I chatty  : uid=11353(org.mozilla.fennec_aurora) expire 5 lines
05-27 23:58:26.394  1456  1673 I LaunchCheckinHandler: Displayed org.mozilla.fennec_aurora/org.mozilla.fenix.HomeActivity,wp,ca,614
05-27 23:58:26.395  1456  1673 I ActivityManager: Displayed org.mozilla.fennec_aurora/org.mozilla.fenix.HomeActivity: +608ms (total +1s179ms)
05-27 23:58:26.408 10849 10849 I MemoryTrimmer: Trimming objects from memory, since app is in the background.
05-27 23:58:26.415 10849 10849 I MemoryTrimmer: Trimming objects from memory, since app is in the background.
05-27 23:58:26.416 10849 25961 I PBSessionCacheImpl: Deleted sessionId[47715996814619698] from persistence.
05-27 23:58:26.420  1456  4679 I WifiService: getWifiEnabledState uid=10073
05-27 23:58:26.426 10849 10986 W SearchServiceCore: Abort, client detached.
05-27 23:58:26.572   808   808 I SFPerfTracer:      triggers: (rate: 91:2058914) (compose: 0:7) (post: 0:19) (render: 0:17) (7:11483267 frames) (8:14695628)
05-27 23:58:26.573   808   808 D SFPerfTracer:        layers: (4:12) (NavigationBar#0 (0xb07df000): 0:1146217) (StatusBar#0 (0xb07e3000): 0:2750157) (com.android.systemui.ImageWallpaper#0 (0xb07e7000): 0:107201)* (Sprite#0 (0xb0733000): 0:317)* (DimLayerController/Stack=0#0 (0xb075a000): 0:3866)* (Sprite#1 (0xb077c000): 0:195)* (org.mozilla.fennec_aurora/org.mozilla.fenix.HomeActivity#0 (0xb039b000): 0:70)- (com.android.launcher3/com.android.launcher3.CustomizationPanelLauncher#0 (0xb0763000): 0:41)- (com.android.launcher3/com.android.launcher3.CustomizationPanelLauncher#1 (0xb0771000): 0:10)- (Splash Screen org.mozilla.fennec_aurora#0 (0xb039b000): 0:19)- (Splash Screen org.mozilla.fennec_aurora#1 (0xafd20000): 8:30) (org.mozilla.fennec_aurora/org.mozilla.fenix.HomeActivity#0 (0xb039b000): 8:12) 
05-27 23:58:26.724  1456  4679 I ActivityManager: Fully drawn org.mozilla.fennec_aurora/org.mozilla.fenix.HomeActivity: +944ms (total +1s515ms)
05-27 23:58:26.786 28141 28275 I chatty  : uid=11353(org.mozilla.fennec_aurora) expire 1 line
05-27 23:58:26.786 28141 28276 I chatty  : uid=11353(org.mozilla.fennec_aurora) expire 1 line
05-27 23:58:27.264 28141 28160 I chatty  : uid=11353(org.mozilla.fennec_aurora) expire 1 line
05-27 23:58:27.269  1456  2067 D ConnectivityService: releasing NetworkRequest [ TRACK_DEFAULT id=54322, [ Capabilities: INTERNET&NOT_RESTRICTED&TRUSTED&NOT_VPN] ] (release request)
05-27 23:58:27.324 28141 28282 I chatty  : uid=11353(org.mozilla.fennec_aurora) expire 1 line
05-27 23:58:28.217 28141 28181 I chatty  : uid=11353(org.mozilla.fennec_aurora) expire 26 lines
05-27 23:58:28.286 28141 28247 I chatty  : uid=11353(org.mozilla.fennec_aurora) expire 1 line
05-27 23:58:30.857 28309 28309 D AndroidRuntime: >>>>>> START com.android.internal.os.RuntimeInit uid 2000 <<<<<<
05-27 23:58:30.870 28309 28309 W app_process: Could not reserve sentinel fault page
05-27 23:58:31.037 28309 28309 I app_process: The ClassLoaderContext is a special shared library.
05-27 23:58:31.106 28309 28309 D AndroidRuntime: Calling main entry com.android.commands.input.Input
05-27 23:58:31.108 28309 28309 I Input   : injectKeyEvent: KeyEvent { action=ACTION_DOWN, keyCode=KEYCODE_HOME, scanCode=0, metaState=0, flags=0x0, repeatCount=0, eventTime=22714378694, downTime=22714378694, deviceId=-1, source=0x101 }
05-27 23:58:31.120 28309 28309 I Input   : injectKeyEvent: KeyEvent { action=ACTION_UP, keyCode=KEYCODE_HOME, scanCode=0, metaState=0, flags=0x0, repeatCount=0, eventTime=22714378694, downTime=22714378694, deviceId=-1, source=0x101 }
05-27 23:58:31.126  1456  1941 I ActivityManager: START u0 {act=android.intent.action.MAIN cat=[android.intent.category.HOME] flg=0x10200000 cmp=com.android.launcher3/.CustomizationPanelLauncher (has extras)} from uid 1000
05-27 23:58:31.127   794   839 E ANDR-PERF-RESOURCEQS: Failed to apply optimization [4, 0]
05-27 23:58:31.133 28309 28309 D AndroidRuntime: Shutting down VM
05-27 23:58:31.142  1456  2236 I ActivityManager: moveHomeStack, setupComplete:true
05-27 23:58:31.152 10849 10934 I Adreno  : QUALCOMM build                   : bb5b86c, I77d3059488
05-27 23:58:31.152 10849 10934 I Adreno  : Build Date                       : 06/07/18
05-27 23:58:31.152 10849 10934 I Adreno  : OpenGL ES Shader Compiler Version: EV031.22.00.01_06
05-27 23:58:31.152 10849 10934 I Adreno  : Local Branch                     : 
05-27 23:58:31.152 10849 10934 I Adreno  : Remote Branch                    : refs/tags/AU_LINUX_ANDROID_LA.UM.6.5.R1.08.01.00.312.086
05-27 23:58:31.152 10849 10934 I Adreno  : Remote Branch                    : NONE
05-27 23:58:31.152 10849 10934 I Adreno  : Reconstruct Branch               : NOTHING
05-27 23:58:31.156 10849 10934 D vndksupport: Loading /vendor/lib/hw/gralloc.msm8937.so from current namespace instead of sphal namespace.
05-27 23:58:31.161 10849 10934 I Adreno  : PFP: 0x005ff087, ME: 0x005ff063
05-27 23:58:31.167 10849 10934 I zygote  : android::hardware::configstore::V1_0::ISurfaceFlingerConfigs::hasWideColorDisplay retrieved: 0
05-27 23:58:31.167  2748  2748 D Launcher.Utilities: Wakeup weather: Intent { act=com.motorola.launcher3.action.WAKEUP_WEATHER cmp=com.motorola.timeweatherwidget/com.motorola.commandcenter.weather.WakeUpService }
05-27 23:58:31.168 10849 10934 I OpenGLRenderer: Initialized EGL, version 1.4
05-27 23:58:31.168 10849 10934 D OpenGLRenderer: Swap behavior 2
05-27 23:58:31.179  1456  1456 I NotificationService: Cannot find enqueued record for key: 0|com.motorola.timeweatherwidget|1|null|10116
05-27 23:58:31.183   808   808 D SurfaceFlinger: duplicate layer name: changing com.android.launcher3/com.android.launcher3.CustomizationPanelLauncher to com.android.launcher3/com.android.launcher3.CustomizationPanelLauncher#1
05-27 23:58:31.205 10849 10921 W ThreadPoolDumper: Queue length for executor EventBus is now 11. Perhaps some tasks are too long, or the pool is too small.
05-27 23:58:31.207  1456  4797 I WifiService: getWifiEnabledState uid=10073
05-27 23:58:31.212  1456  4797 I WifiService: getWifiEnabledState uid=10073
05-27 23:58:31.270  1456  1673 I LaunchCheckinHandler: Displayed com.android.launcher3/.CustomizationPanelLauncher,wp,wa,143
05-27 23:58:31.277 10849 10849 I BgTaskExecutorImpl: Starting EXCLUSIVE background task TNG_MINUS_ONE_SYNC.
05-27 23:58:31.280 10849 10986 I MicroDetectionState: Should stop hotword detection immediately - false
05-27 23:58:31.286 10849 10986 I MicroDetectionWorker: #startMicroDetector [speakerMode: 0]
05-27 23:58:31.292 10849 10986 I TngMinusOneSync: Syncing TNG:-1
05-27 23:58:31.292 10849 10929 I MicroDataManager: isInitializing-false locale not changed-true model not changed-true
05-27 23:58:31.293   788  1401 V msm8974_platform: platform_check_input_mask: enter check_input_mask source 6 mask 10
05-27 23:58:31.293 10849 10929 I MicroDataManager: Already initialized, obtaining the hotword data immediately.
05-27 23:58:31.295  1012 28323 I AudioFlinger: AudioFlinger's thread 0xb2483480 tid=28323 ready to run
05-27 23:58:31.303 10849 22998 I MicroRecognitionRunner: Starting detection.
05-27 23:58:31.303 10849 22998 I InputStreamUtils: Using micInputStream
05-27 23:58:31.307   788  1401 D audio_hw_primary: in_set_parameters: enter: kvpairs=input_source=6;routing=-2147483644
05-27 23:58:31.308  1012  1390 D APM_AudioPolicyManager: AudioPolicyManager::startInput() input 361974, session 362089, source = 1999
05-27 23:58:31.310 10849 10986 I MicroDetectionWorker: onReady
05-27 23:58:31.310   788 28324 V msm8974_platform: platform_update_usecase_from_source: input source :6
05-27 23:58:31.311   788 28324 V msm8974_platform: platform_check_input_mask: enter check_input_mask source 6 mask 10
05-27 23:58:31.311   788 28324 V msm8974_platform: platform_get_input_snd_device: enter: out_device(0) in_device(0x4) channel_count (1) channel_mask (0x10)
05-27 23:58:31.311   788 28324 V msm8974_platform: platform_get_input_snd_device: exit: in_snd_device(voice-rec-mic)
05-27 23:58:31.311   788 28324 V msm8974_platform: platform_get_backend_index:napb: backend port - 5 device - 120 
05-27 23:58:31.311   788 28324 V msm8974_platform: platform_check_and_set_capture_backend_cfg:txbecf: afe: bitwidth 0, samplerate 0, channel 1, backend_idx 5 usecase = 9 device (voice-rec-mic)
05-27 23:58:31.311   788 28324 V msm8974_platform: platform_check_capture_backend_cfg:txbecf: afe: Codec selected backend: 5 current bit width: 0 and sample rate: 0, channels 1
05-27 23:58:31.311   788 28324 V msm8974_platform: platform_check_capture_backend_cfg:txbecf: afe: Codec selected backend: 5 updated bit width: 0 and sample rate: 0
05-27 23:58:31.311   788 28324 I msm8974_platform: platform_check_capture_backend_cfg:txbecf: afe: Codec backend needs to be updated. new bit width: 0 new sample rate: 0 new channel: 1
05-27 23:58:31.311   788 28324 V msm8974_platform: platform_get_backend_index:napb: backend port - 5 device - 120 
05-27 23:58:31.311   788 28324 V msm8974_platform: platform_set_backend_cfg:becf: afe: bitwidth 0, samplerate 0 channels 1, backend_idx 5 device (voice-rec-mic)
05-27 23:58:31.311   788 28324 E msm8974_platform: platform_set_backend_cfg:becf: afe: Could not get ctl for mixer command - SLIM_0_TX Format
05-27 23:58:31.311   788 28324 V msm8974_platform: platform_send_audio_calibration: sending audio calibration for snd_device(120) acdb_id(62)
05-27 23:58:31.311   788 28324 D ACDB-LOADER: ACDB -> send_audio_cal, acdb_id = 62, path = 1, app id = 0x11130, sample rate = 48000
05-27 23:58:31.311   788 28324 D ACDB-LOADER: ACDB -> send_asm_topology
05-27 23:58:31.311   788 28324 D ACDB-LOADER: ACDB -> ACDB_CMD_GET_AUDPROC_STREAM_TOPOLOGY_ID
05-27 23:58:31.311   788 28324 D ACDB-LOADER: ACDB -> send_adm_topology
05-27 23:58:31.312   788 28324 D ACDB-LOADER: ACDB -> ACDB_CMD_GET_AUDPROC_COMMON_TOPOLOGY_ID
05-27 23:58:31.312   788 28324 D ACDB-LOADER: ACDB -> send_audtable
05-27 23:58:31.312   788 28324 D ACDB-LOADER: ACDB -> ACDB_CMD_GET_AUDPROC_COMMON_TABLE_SIZE
05-27 23:58:31.312   788 28324 D ACDB-LOADER: ACDB -> ACDB_CMD_GET_AUDPROC_COMMON_TABLE
05-27 23:58:31.312   788 28324 D ACDB-LOADER: ACDB -> AUDIO_SET_AUDPROC_CAL
05-27 23:58:31.312   788 28324 D ACDB-LOADER: ACDB -> send_audvoltable
05-27 23:58:31.312   788 28324 D ACDB-LOADER: ACDB -> ACDB_CMD_GET_AUDPROC_VOL_STEP_TABLE_SIZE
05-27 23:58:31.312   788 28324 D ACDB-LOADER: ACDB -> ACDB_CMD_GET_AUDPROC_GAIN_DEP_STEP_TABLE, vol index 0
05-27 23:58:31.312   788 28324 D         : Failed to fetch the lookup information of the device 0000003E 
05-27 23:58:31.312   788 28324 D ACDB-LOADER: ACDB -> AUDIO_SET_VOL_CAL cal type = 12
05-27 23:58:31.312   788 28324 D ACDB-LOADER: ACDB -> ACDB_CMD_GET_AUDPROC_STREAM_TABLE_SIZE
05-27 23:58:31.312   788 28324 D ACDB-LOADER: ACDB -> send_audstrmtable
05-27 23:58:31.312   788 28324 D ACDB-LOADER: ACDB -> ACDB_CMD_GET_AUDPROC_STREAM_TABLE_V2
05-27 23:58:31.312   788 28324 D ACDB-LOADER: ACDB -> audstrm_cal->cal_type.cal_data.cal_size = 456
05-27 23:58:31.312   788 28324 D ACDB-LOADER: ACDB -> send_afe_topology
05-27 23:58:31.312   788 28324 D ACDB-LOADER: ACDB -> ACDB_CMD_GET_AFE_TOPOLOGY_ID
05-27 23:58:31.312   788 28324 D ACDB-LOADER: ACDB -> GET_AFE_TOPOLOGY_ID for adcd_id 62, Topology Id 112fb
05-27 23:58:31.312   788 28324 D ACDB-LOADER: ACDB -> send_afe_cal
05-27 23:58:31.312   788 28324 D ACDB-LOADER: ACDB -> ACDB_CMD_GET_AFE_COMMON_TABLE_SIZE
05-27 23:58:31.312   788 28324 D         : Failed to fetch the lookup information of the device 0000003E 
05-27 23:58:31.312   788 28324 E ACDB-LOADER: Error: ACDB_CMD_GET_AFE_COMMON_TABLE_SIZE Returned = -19
05-27 23:58:31.312   788 28324 D ACDB-LOADER: ACDB -> ACDB_CMD_GET_AFE_COMMON_TABLE
05-27 23:58:31.312   788 28324 D         : Failed to fetch the lookup information of the device 0000003E 
05-27 23:58:31.312   788 28324 D ACDB-LOADER: ACDB -> AUDIO_SET_AFE_CAL
05-27 23:58:31.312   788 28324 D ACDB-LOADER: ACDB -> send_hw_delay : acdb_id = 62 path = 1
05-27 23:58:31.313 10849 10986 I HotwordLSAdapter: getAudioSourceOpeningStatus completed: 1
05-27 23:58:31.313   788 28324 D ACDB-LOADER: ACDB -> ACDB_AVSYNC_INFO: ACDB_CMD_GET_DEVICE_PROPERTY
05-27 23:58:31.313   788 28324 D audio_hw_primary: enable_snd_device: snd_device(120: voice-rec-mic)
05-27 23:58:31.313   788 28324 D audio_route: Apply path: voice-rec-mic
05-27 23:58:31.318   788 28324 V msm8974_platform: platform_get_snd_device_backend_index: enter with device 120
05-27 23:58:31.318   788 28324 E msm8974_platform: platform_get_snd_device_backend_index: BE DAI Name Table is not present
05-27 23:58:31.318   788 28324 V msm8974_platform: platform_get_backend_index:napb: backend port - 5 device - 120 
05-27 23:58:31.318   788 28324 I audio_hw_utils: Set Audio Stream Capture 0 App Type Cfg: app_type 69936, acdb_dev_id 62, sample_rate 48000, snd_device_be_idx -14
05-27 23:58:31.318   788 28324 D audio_hw_primary: enable_audio_route: usecase(9) apply and update mixer path: audio-record
05-27 23:58:31.319   788 28324 D audio_route: Apply path: audio-record
05-27 23:58:31.429 28141 28328 I chatty  : uid=11353(org.mozilla.fennec_aurora) expire 10 lines
05-27 23:58:31.457  2146  2165 I zygote  : NativeAlloc concurrent copying GC freed 20998(1113KB) AllocSpace objects, 0(0B) LOS objects, 49% free, 11MB/22MB, paused 137us total 165.204ms
05-27 23:58:31.520 24808 24808 I Finsky  : [2] qrx.onTrimMemory(1): Memory trim requested to level 80
05-27 23:58:31.543  1456  2916 D ConnectivityService: requestNetwork for uid/pid:11353/28141 NetworkRequest [ TRACK_DEFAULT id=54323, [ Capabilities: INTERNET&NOT_RESTRICTED&TRUSTED&NOT_VPN] ]
05-27 23:58:31.545  1456  2054 D WIFI_UT : got request NetworkRequest [ TRACK_DEFAULT id=54323, [ Capabilities: INTERNET&NOT_RESTRICTED&TRUSTED&NOT_VPN] ] with score 60
05-27 23:58:31.545  1456  2054 D WIFI    : got request NetworkRequest [ TRACK_DEFAULT id=54323, [ Capabilities: INTERNET&NOT_RESTRICTED&TRUSTED&NOT_VPN] ] with score 60
05-27 23:58:31.545  1456  2099 D Ethernet: got request NetworkRequest [ TRACK_DEFAULT id=54323, [ Capabilities: INTERNET&NOT_RESTRICTED&TRUSTED&NOT_VPN] ] with score 60
05-27 23:58:31.546  2398  2398 D PhoneSwitcherNetworkRequstListener: got request NetworkRequest [ TRACK_DEFAULT id=54323, [ Capabilities: INTERNET&NOT_RESTRICTED&TRUSTED&NOT_VPN] ] with score 60
05-27 23:58:31.556 28141 28335 I chatty  : uid=11353(org.mozilla.fennec_aurora) expire 5 lines
05-27 23:58:31.671  1456  7796 I OpenGLRenderer: Initialized EGL, version 1.4
05-27 23:58:31.671  1456  7796 D OpenGLRenderer: Swap behavior 2
05-27 23:58:31.733  2748  2917 W OpenGLRenderer: Incorrectly called buildLayer on View: ShortcutAndWidgetContainer, destroying layer...
05-27 23:58:31.746 28141 28162 I chatty  : uid=11353(org.mozilla.fennec_aurora) expire 2 lines
05-27 23:58:31.754  1456  2067 D ConnectivityService: releasing NetworkRequest [ TRACK_DEFAULT id=54323, [ Capabilities: INTERNET&NOT_RESTRICTED&TRUSTED&NOT_VPN] ] (release request)
05-27 23:58:31.836 28141 28184 I chatty  : uid=11353(org.mozilla.fennec_aurora) expire 1 line
05-27 23:58:31.898  1456  4679 D ConnectivityService: requestNetwork for uid/pid:11353/28141 NetworkRequest [ TRACK_DEFAULT id=54324, [ Capabilities: INTERNET&NOT_RESTRICTED&TRUSTED&NOT_VPN] ]
05-27 23:58:31.900  1456  2099 D Ethernet: got request NetworkRequest [ TRACK_DEFAULT id=54324, [ Capabilities: INTERNET&NOT_RESTRICTED&TRUSTED&NOT_VPN] ] with score 60
05-27 23:58:31.901  1456  2054 D WIFI_UT : got request NetworkRequest [ TRACK_DEFAULT id=54324, [ Capabilities: INTERNET&NOT_RESTRICTED&TRUSTED&NOT_VPN] ] with score 60
05-27 23:58:31.901  1456  2054 D WIFI    : got request NetworkRequest [ TRACK_DEFAULT id=54324, [ Capabilities: INTERNET&NOT_RESTRICTED&TRUSTED&NOT_VPN] ] with score 60
05-27 23:58:31.901  2398  2398 D PhoneSwitcherNetworkRequstListener: got request NetworkRequest [ TRACK_DEFAULT id=54324, [ Capabilities: INTERNET&NOT_RESTRICTED&TRUSTED&NOT_VPN] ] with score 60
05-27 23:58:31.915   808   898 I SFPerfTracer:      triggers: (rate: 0:1) (0 sw vsyncs) (0 skipped) (40:7375873 vsyncs) (42:14825405)
05-27 23:58:31.923 28141 28336 I chatty  : uid=11353(org.mozilla.fennec_aurora) expire 9 lines
05-27 23:58:31.950  1456  1466 I zygote  : Background concurrent copying GC freed 63387(4MB) AllocSpace objects, 30(1112KB) LOS objects, 34% free, 45MB/69MB, paused 912us total 414.142ms
05-27 23:58:32.495  1456  2067 D ConnectivityService: releasing NetworkRequest [ TRACK_DEFAULT id=54324, [ Capabilities: INTERNET&NOT_RESTRICTED&TRUSTED&NOT_VPN] ] (release request)
05-27 23:58:36.298  1456  4679 I ActivityManager: Force stopping org.mozilla.fennec_aurora appid=11353 user=0: from pid 28340
05-27 23:58:36.298  1456  4679 I ActivityManager: Killing 28141:org.mozilla.fennec_aurora/u0a1353 (adj 700): stop org.mozilla.fennec_aurora
05-27 23:58:36.301  1456  1605 W zygote  : kill(-28141, 9) failed: No such process
05-27 23:58:36.302  1456  4679 W ActivityManager: Force removing ActivityRecord{ad114c u0 org.mozilla.fennec_aurora/org.mozilla.fenix.HomeActivity t75884}: app died, no saved state
05-27 23:58:36.316  1456  1605 W zygote  : kill(-28141, 9) failed: No such process
05-27 23:58:36.316  1456  4679 I ActivityManager: Killing 28215:org.mozilla.fennec_aurora:tab0/u0a1353 (adj 0): stop org.mozilla.fennec_aurora
05-27 23:58:36.328  2398  2398 D CarrierSvcBindHelper: No carrier app for: 0
05-27 23:58:36.329  2398  2398 D CarrierSvcBindHelper: No carrier app for: 1
05-27 23:58:36.329  1456  1605 W zygote  : kill(-28141, 9) failed: No such process
05-27 23:58:36.369  1456  1673 W ActivityManager: setHasOverlayUi called on unknown pid: 28141
05-27 23:58:36.369  1456  1605 I chatty  : uid=1000(system) ActivityManager identical 3 lines
05-27 23:58:36.385  1456  1605 W zygote  : kill(-28141, 9) failed: No such process
05-27 23:58:36.385  1456  1605 I zygote  : Successfully killed process cgroup uid 11353 pid 28141 in 84ms
05-27 23:58:36.385  1456  1605 W zygote  : kill(-28215, 9) failed: No such process
05-27 23:58:36.385  1456  1605 I zygote  : Successfully killed process cgroup uid 11353 pid 28215 in 0ms
05-27 23:58:36.424  1456  1471 I ActivityManager: START u0 {act=android.intent.action.MAIN cat=[android.intent.category.LAUNCHER] flg=0x10000000 cmp=org.mozilla.fennec_aurora/.App} from uid 2000
05-27 23:58:36.424   794   839 E ANDR-PERF-RESOURCEQS: Failed to apply optimization [4, 0]
05-27 23:58:36.445  1456 10962 I ActivityManager: Start proc 28347:org.mozilla.fennec_aurora/u0a1353 for activity org.mozilla.fennec_aurora/.App
05-27 23:58:36.535 10849 10986 I MicroDetectionState: Should stop hotword detection immediately - false
05-27 23:58:36.536 10849 10986 I MicroDetector: Keeping mic open: false
05-27 23:58:36.536 10849 10986 I MicroDetector: #shutdownAudioWithAudioLibrary
05-27 23:58:36.536 10849 26062 E DeviceStateChecker: DeviceStateChecker cancelled
05-27 23:58:36.536 10849 10916 I MicroRecognitionRunner: Stopping hotword detection.
05-27 23:58:36.536 10849 22998 W b       : #read failed: read EOF from AudioAccessor.
05-27 23:58:36.537 10849 22998 I MicroRecognitionRunner: Detection finished
05-27 23:58:36.589   788  1401 D audio_hw_primary: disable_audio_route: usecase(9) reset and update mixer path: audio-record
05-27 23:58:36.589   788  1401 D audio_hw_primary: disable_snd_device: snd_device(120: voice-rec-mic)
05-27 23:58:36.591  1012  4918 D APM_AudioPolicyManager: stopInput() input 361974, session 362089
05-27 23:58:36.591   788   788 D audio_hw_primary: in_set_parameters: enter: kvpairs=routing=0
05-27 23:58:36.593 10849 10986 I HotwordLSAdapter: stopListeningStatus result: 1
05-27 23:58:36.621 28347 28347 I chatty  : uid=11353(org.mozilla.fennec_aurora) expire 18 lines
05-27 23:58:36.695 28347 28366 I chatty  : uid=11353(org.mozilla.fennec_aurora) expire 4 lines
05-27 23:58:36.726 28347 28376 I chatty  : uid=11353(org.mozilla.fennec_aurora) expire 11 lines
05-27 23:58:36.745 28347 28375 I chatty  : uid=11353(org.mozilla.fennec_aurora) expire 10 lines
05-27 23:58:36.747 28347 28379 I chatty  : uid=11353(org.mozilla.fennec_aurora) expire 12 lines
05-27 23:58:36.813 28347 28386 I chatty  : uid=11353(org.mozilla.fennec_aurora) expire 6 lines
05-27 23:58:36.831 28347 28347 I chatty  : uid=11353(org.mozilla.fennec_aurora) expire 38 lines
05-27 23:58:36.857 28347 28375 I chatty  : uid=11353(org.mozilla.fennec_aurora) expire 13 lines
05-27 23:58:36.860 28347 28376 I chatty  : uid=11353(org.mozilla.fennec_aurora) expire 2 lines
05-27 23:58:36.870 28347 28379 I chatty  : uid=11353(org.mozilla.fennec_aurora) expire 7 lines
05-27 23:58:36.882   808   808 I SFPerfTracer:      triggers: (rate: 91:2058918) (compose: 0:7) (post: 0:19) (render: 0:17) (16:11483350 frames) (17:14695731)
05-27 23:58:36.882   808   808 D SFPerfTracer:        layers: (3:11) (NavigationBar#0 (0xb07df000): 9:1146238) (StatusBar#0 (0xb07e3000): 9:2750179) (com.android.systemui.ImageWallpaper#0 (0xb07e7000): 0:107203)* (Sprite#0 (0xb0733000): 0:317)* (DimLayerController/Stack=0#0 (0xb075a000): 0:3866)* (Sprite#1 (0xb077c000): 0:195)* (Splash Screen org.mozilla.fennec_aurora#1 (0xafd20000): 0:31)- (org.mozilla.fennec_aurora/org.mozilla.fenix.HomeActivity#0 (0xb039b000): 0:70)- (com.android.launcher3/com.android.launcher3.CustomizationPanelLauncher#0 (0xb0763000): 0:41)* (com.android.launcher3/com.android.launcher3.CustomizationPanelLauncher#1 (0xb0771000): 0:10)* (Splash Screen org.mozilla.fennec_aurora#0 (0xb039b000): 16:19) 
05-27 23:58:36.904  1456  4679 I ActivityManager: START u0 {act=android.intent.action.MAIN cat=[android.intent.category.LAUNCHER] flg=0x10000000 cmp=org.mozilla.fennec_aurora/org.mozilla.fenix.HomeActivity (has extras)} from uid 11353
05-27 23:58:36.907 28347 28406 I chatty  : uid=11353(org.mozilla.fennec_aurora) expire 1 line
05-27 23:58:36.930   808   808 D SurfaceFlinger: duplicate layer name: changing Splash Screen org.mozilla.fennec_aurora to Splash Screen org.mozilla.fennec_aurora#1
05-27 23:58:36.946 28347 28352 I chatty  : uid=11353(org.mozilla.fennec_aurora) expire 11 lines
05-27 23:58:37.006  1456  1471 I ActivityManager: Start proc 28426:org.mozilla.fennec_aurora:tab0/u0a1353 for service org.mozilla.fennec_aurora/org.mozilla.gecko.process.GeckoChildProcessServices$tab0
05-27 23:58:37.009 28347 28414 I chatty  : uid=11353(org.mozilla.fennec_aurora) expire 1 line
05-27 23:58:37.173 28426 28426 I chatty  : uid=11353(org.mozilla.fennec_aurora) expire 2 lines
05-27 23:58:37.174 28426 28448 I chatty  : uid=11353(org.mozilla.fennec_aurora) expire 1 line
05-27 23:58:37.364 28347 28403 I chatty  : uid=11353(org.mozilla.fennec_aurora) expire 1 line
05-27 23:58:37.384 28347 28456 I chatty  : uid=11353(org.mozilla.fennec_aurora) expire 9 lines
05-27 23:58:37.388  1456 10962 D ConnectivityService: requestNetwork for uid/pid:11353/28347 NetworkRequest [ TRACK_DEFAULT id=54325, [ Capabilities: INTERNET&NOT_RESTRICTED&TRUSTED&NOT_VPN] ]
05-27 23:58:37.389  1456  2099 D Ethernet: got request NetworkRequest [ TRACK_DEFAULT id=54325, [ Capabilities: INTERNET&NOT_RESTRICTED&TRUSTED&NOT_VPN] ] with score 60
05-27 23:58:37.389  1456  2054 D WIFI_UT : got request NetworkRequest [ TRACK_DEFAULT id=54325, [ Capabilities: INTERNET&NOT_RESTRICTED&TRUSTED&NOT_VPN] ] with score 60
05-27 23:58:37.390  1456  2054 D WIFI    : got request NetworkRequest [ TRACK_DEFAULT id=54325, [ Capabilities: INTERNET&NOT_RESTRICTED&TRUSTED&NOT_VPN] ] with score 60
05-27 23:58:37.390  2398  2398 D PhoneSwitcherNetworkRequstListener: got request NetworkRequest [ TRACK_DEFAULT id=54325, [ Capabilities: INTERNET&NOT_RESTRICTED&TRUSTED&NOT_VPN] ] with score 60
05-27 23:58:37.406  1456  2162 I WifiService: getDhcpInfo uid=11353
05-27 23:58:37.563 28347 28461 I chatty  : uid=11353(org.mozilla.fennec_aurora) expire 5 lines
05-27 23:58:37.599  1456  1673 I LaunchCheckinHandler: Displayed org.mozilla.fennec_aurora/org.mozilla.fenix.HomeActivity,wp,ca,622
05-27 23:58:37.599  1456  1673 I ActivityManager: Displayed org.mozilla.fennec_aurora/org.mozilla.fenix.HomeActivity: +619ms (total +1s164ms)
05-27 23:58:37.616 10849 10849 I MemoryTrimmer: Trimming objects from memory, since app is in the background.
05-27 23:58:37.623 10849 10849 I MemoryTrimmer: Trimming objects from memory, since app is in the background.
05-27 23:58:37.625 10849 25959 I PBSessionCacheImpl: Deleted sessionId[47715996814619705] from persistence.
05-27 23:58:37.628  1456  2162 I WifiService: getWifiEnabledState uid=10073
05-27 23:58:37.633 10849 10986 W SearchServiceCore: Abort, client detached.
05-27 23:58:37.930  1456 10962 I ActivityManager: Fully drawn org.mozilla.fennec_aurora/org.mozilla.fenix.HomeActivity: +953ms (total +1s498ms)
05-27 23:58:37.998 28347 28484 I chatty  : uid=11353(org.mozilla.fennec_aurora) expire 1 line
05-27 23:58:37.998 28347 28483 I chatty  : uid=11353(org.mozilla.fennec_aurora) expire 1 line
05-27 23:58:38.487 28347 28369 I chatty  : uid=11353(org.mozilla.fennec_aurora) expire 2 lines
05-27 23:58:38.492  1456  2067 D ConnectivityService: releasing NetworkRequest [ TRACK_DEFAULT id=54325, [ Capabilities: INTERNET&NOT_RESTRICTED&TRUSTED&NOT_VPN] ] (release request)
05-27 23:58:38.546 28347 28490 I chatty  : uid=11353(org.mozilla.fennec_aurora) expire 1 line
05-27 23:58:38.625 28347 28394 I chatty  : uid=11353(org.mozilla.fennec_aurora) expire 26 lines
05-27 23:58:38.695 28347 28367 I chatty  : uid=11353(org.mozilla.fennec_aurora) expire 1 line
05-27 23:58:39.108  1456  1893 D BatteryService: uevent={POWER_SUPPLY_VOLTAGE_NOW=4354070, POWER_SUPPLY_CHARGE_RATE=Normal, POWER_SUPPLY_HEALTH=Good, POWER_SUPPLY_CURRENT_NOW=-73241, POWER_SUPPLY_PRESENT=1, SUBSYSTEM=power_supply, POWER_SUPPLY_TEMP=405, SEQNUM=543799, ACTION=change, POWER_SUPPLY_NAME=battery, POWER_SUPPLY_STATUS=Charging, POWER_SUPPLY_CHARGE_COUNTER=2799574, POWER_SUPPLY_CAPACITY=99, DEVPATH=/devices/soc/qpnp-smbcharger-17/power_supply/battery}
05-27 23:58:39.112  2398  2398 D QtiCarrierConfigHelper: WARNING, no carrier configs on phone Id: 0
05-27 23:58:39.234   808   898 I SFPerfTracer:      triggers: (rate: 0:1) (0 sw vsyncs) (0 skipped) (0:7375951 vsyncs) (2:14825507)
05-27 23:58:42.092 28517 28517 D AndroidRuntime: >>>>>> START com.android.internal.os.RuntimeInit uid 2000 <<<<<<
05-27 23:58:42.105 28517 28517 W app_process: Could not reserve sentinel fault page
05-27 23:58:42.271 28517 28517 I app_process: The ClassLoaderContext is a special shared library.
05-27 23:58:42.340 28517 28517 D AndroidRuntime: Calling main entry com.android.commands.input.Input
05-27 23:58:42.342 28517 28517 I Input   : injectKeyEvent: KeyEvent { action=ACTION_DOWN, keyCode=KEYCODE_HOME, scanCode=0, metaState=0, flags=0x0, repeatCount=0, eventTime=22714389927, downTime=22714389927, deviceId=-1, source=0x101 }
05-27 23:58:42.349 28517 28517 I Input   : injectKeyEvent: KeyEvent { action=ACTION_UP, keyCode=KEYCODE_HOME, scanCode=0, metaState=0, flags=0x0, repeatCount=0, eventTime=22714389927, downTime=22714389927, deviceId=-1, source=0x101 }
05-27 23:58:42.356  1456  1941 I ActivityManager: START u0 {act=android.intent.action.MAIN cat=[android.intent.category.HOME] flg=0x10200000 cmp=com.android.launcher3/.CustomizationPanelLauncher (has extras)} from uid 1000
05-27 23:58:42.356   794   839 E ANDR-PERF-RESOURCEQS: Failed to apply optimization [4, 0]
05-27 23:58:42.362 28517 28517 D AndroidRuntime: Shutting down VM
05-27 23:58:42.371  1456  2162 I ActivityManager: moveHomeStack, setupComplete:true
05-27 23:58:42.383 10849 10934 I Adreno  : QUALCOMM build                   : bb5b86c, I77d3059488
05-27 23:58:42.383 10849 10934 I Adreno  : Build Date                       : 06/07/18
05-27 23:58:42.383 10849 10934 I Adreno  : OpenGL ES Shader Compiler Version: EV031.22.00.01_06
05-27 23:58:42.383 10849 10934 I Adreno  : Local Branch                     : 
05-27 23:58:42.383 10849 10934 I Adreno  : Remote Branch                    : refs/tags/AU_LINUX_ANDROID_LA.UM.6.5.R1.08.01.00.312.086
05-27 23:58:42.383 10849 10934 I Adreno  : Remote Branch                    : NONE
05-27 23:58:42.383 10849 10934 I Adreno  : Reconstruct Branch               : NOTHING
05-27 23:58:42.387 10849 10934 D vndksupport: Loading /vendor/lib/hw/gralloc.msm8937.so from current namespace instead of sphal namespace.
05-27 23:58:42.392 10849 10934 I Adreno  : PFP: 0x005ff087, ME: 0x005ff063
05-27 23:58:42.396 10849 10934 I zygote  : android::hardware::configstore::V1_0::ISurfaceFlingerConfigs::hasWideColorDisplay retrieved: 0
05-27 23:58:42.397  2748  2748 D Launcher.Utilities: Wakeup weather: Intent { act=com.motorola.launcher3.action.WAKEUP_WEATHER cmp=com.motorola.timeweatherwidget/com.motorola.commandcenter.weather.WakeUpService }
05-27 23:58:42.397 10849 10934 I OpenGLRenderer: Initialized EGL, version 1.4
05-27 23:58:42.398 10849 10934 D OpenGLRenderer: Swap behavior 2
05-27 23:58:42.407  1456  1456 I NotificationService: Cannot find enqueued record for key: 0|com.motorola.timeweatherwidget|1|null|10116
05-27 23:58:42.412   808   808 D SurfaceFlinger: duplicate layer name: changing com.android.launcher3/com.android.launcher3.CustomizationPanelLauncher to com.android.launcher3/com.android.launcher3.CustomizationPanelLauncher#1
05-27 23:58:42.436 10849 10921 W ThreadPoolDumper: Queue length for executor EventBus is now 11. Perhaps some tasks are too long, or the pool is too small.
05-27 23:58:42.438  1456 10962 I WifiService: getWifiEnabledState uid=10073
05-27 23:58:42.444  1456  2916 I WifiService: getWifiEnabledState uid=10073
05-27 23:58:42.499  1456  1673 I LaunchCheckinHandler: Displayed com.android.launcher3/.CustomizationPanelLauncher,wp,wa,143
05-27 23:58:42.506 10849 10849 I BgTaskExecutorImpl: Starting EXCLUSIVE background task TNG_MINUS_ONE_SYNC.
05-27 23:58:42.508 10849 10986 I MicroDetectionState: Should stop hotword detection immediately - false
05-27 23:58:42.514 10849 10986 I MicroDetectionWorker: #startMicroDetector [speakerMode: 0]
05-27 23:58:42.521 10849 10986 I TngMinusOneSync: Syncing TNG:-1
05-27 23:58:42.522 10849 10916 I MicroDataManager: isInitializing-false locale not changed-true model not changed-true
05-27 23:58:42.522 10849 10916 I MicroDataManager: Already initialized, obtaining the hotword data immediately.
05-27 23:58:42.522   788   788 V msm8974_platform: platform_check_input_mask: enter check_input_mask source 6 mask 10
05-27 23:58:42.524  1012 28531 I AudioFlinger: AudioFlinger's thread 0xb2483380 tid=28531 ready to run
05-27 23:58:42.528 10849  2474 I MicroRecognitionRunner: Starting detection.
05-27 23:58:42.528 10849  2474 I InputStreamUtils: Using micInputStream
05-27 23:58:42.533   788   788 D audio_hw_primary: in_set_parameters: enter: kvpairs=input_source=6;routing=-2147483644
05-27 23:58:42.535  1012  4818 D APM_AudioPolicyManager: AudioPolicyManager::startInput() input 361982, session 362097, source = 1999
05-27 23:58:42.537 10849 10986 I MicroDetectionWorker: onReady
05-27 23:58:42.538 10849 10986 I HotwordLSAdapter: getAudioSourceOpeningStatus completed: 1
05-27 23:58:42.538   788 28532 V msm8974_platform: platform_update_usecase_from_source: input source :6
05-27 23:58:42.538   788 28532 V msm8974_platform: platform_check_input_mask: enter check_input_mask source 6 mask 10
05-27 23:58:42.538   788 28532 V msm8974_platform: platform_get_input_snd_device: enter: out_device(0) in_device(0x4) channel_count (1) channel_mask (0x10)
05-27 23:58:42.538   788 28532 V msm8974_platform: platform_get_input_snd_device: exit: in_snd_device(voice-rec-mic)
05-27 23:58:42.538   788 28532 V msm8974_platform: platform_get_backend_index:napb: backend port - 5 device - 120 
05-27 23:58:42.538   788 28532 V msm8974_platform: platform_check_and_set_capture_backend_cfg:txbecf: afe: bitwidth 0, samplerate 0, channel 1, backend_idx 5 usecase = 9 device (voice-rec-mic)
05-27 23:58:42.538   788 28532 V msm8974_platform: platform_check_capture_backend_cfg:txbecf: afe: Codec selected backend: 5 current bit width: 0 and sample rate: 0, channels 1
05-27 23:58:42.538   788 28532 V msm8974_platform: platform_check_capture_backend_cfg:txbecf: afe: Codec selected backend: 5 updated bit width: 0 and sample rate: 0
05-27 23:58:42.538   788 28532 I msm8974_platform: platform_check_capture_backend_cfg:txbecf: afe: Codec backend needs to be updated. new bit width: 0 new sample rate: 0 new channel: 1
05-27 23:58:42.538   788 28532 V msm8974_platform: platform_get_backend_index:napb: backend port - 5 device - 120 
05-27 23:58:42.538   788 28532 V msm8974_platform: platform_set_backend_cfg:becf: afe: bitwidth 0, samplerate 0 channels 1, backend_idx 5 device (voice-rec-mic)
05-27 23:58:42.538   788 28532 E msm8974_platform: platform_set_backend_cfg:becf: afe: Could not get ctl for mixer command - SLIM_0_TX Format
05-27 23:58:42.538   788 28532 V msm8974_platform: platform_send_audio_calibration: sending audio calibration for snd_device(120) acdb_id(62)
05-27 23:58:42.539   788 28532 D ACDB-LOADER: ACDB -> send_audio_cal, acdb_id = 62, path = 1, app id = 0x11130, sample rate = 48000
05-27 23:58:42.539   788 28532 D ACDB-LOADER: ACDB -> send_asm_topology
05-27 23:58:42.539   788 28532 D ACDB-LOADER: ACDB -> ACDB_CMD_GET_AUDPROC_STREAM_TOPOLOGY_ID
05-27 23:58:42.539   788 28532 D ACDB-LOADER: ACDB -> send_adm_topology
05-27 23:58:42.539   788 28532 D ACDB-LOADER: ACDB -> ACDB_CMD_GET_AUDPROC_COMMON_TOPOLOGY_ID
05-27 23:58:42.539   788 28532 D ACDB-LOADER: ACDB -> send_audtable
05-27 23:58:42.539   788 28532 D ACDB-LOADER: ACDB -> ACDB_CMD_GET_AUDPROC_COMMON_TABLE_SIZE
05-27 23:58:42.539   788 28532 D ACDB-LOADER: ACDB -> ACDB_CMD_GET_AUDPROC_COMMON_TABLE
05-27 23:58:42.539   788 28532 D ACDB-LOADER: ACDB -> AUDIO_SET_AUDPROC_CAL
05-27 23:58:42.539   788 28532 D ACDB-LOADER: ACDB -> send_audvoltable
05-27 23:58:42.539   788 28532 D ACDB-LOADER: ACDB -> ACDB_CMD_GET_AUDPROC_VOL_STEP_TABLE_SIZE
05-27 23:58:42.539   788 28532 D ACDB-LOADER: ACDB -> ACDB_CMD_GET_AUDPROC_GAIN_DEP_STEP_TABLE, vol index 0
05-27 23:58:42.539   788 28532 D         : Failed to fetch the lookup information of the device 0000003E 
05-27 23:58:42.539   788 28532 D ACDB-LOADER: ACDB -> AUDIO_SET_VOL_CAL cal type = 12
05-27 23:58:42.539   788 28532 D ACDB-LOADER: ACDB -> ACDB_CMD_GET_AUDPROC_STREAM_TABLE_SIZE
05-27 23:58:42.539   788 28532 D ACDB-LOADER: ACDB -> send_audstrmtable
05-27 23:58:42.539   788 28532 D ACDB-LOADER: ACDB -> ACDB_CMD_GET_AUDPROC_STREAM_TABLE_V2
05-27 23:58:42.539   788 28532 D ACDB-LOADER: ACDB -> audstrm_cal->cal_type.cal_data.cal_size = 456
05-27 23:58:42.539   788 28532 D ACDB-LOADER: ACDB -> send_afe_topology
05-27 23:58:42.539   788 28532 D ACDB-LOADER: ACDB -> ACDB_CMD_GET_AFE_TOPOLOGY_ID
05-27 23:58:42.539   788 28532 D ACDB-LOADER: ACDB -> GET_AFE_TOPOLOGY_ID for adcd_id 62, Topology Id 112fb
05-27 23:58:42.539   788 28532 D ACDB-LOADER: ACDB -> send_afe_cal
05-27 23:58:42.539   788 28532 D ACDB-LOADER: ACDB -> ACDB_CMD_GET_AFE_COMMON_TABLE_SIZE
05-27 23:58:42.539   788 28532 D         : Failed to fetch the lookup information of the device 0000003E 
05-27 23:58:42.539   788 28532 E ACDB-LOADER: Error: ACDB_CMD_GET_AFE_COMMON_TABLE_SIZE Returned = -19
05-27 23:58:42.539   788 28532 D ACDB-LOADER: ACDB -> ACDB_CMD_GET_AFE_COMMON_TABLE
05-27 23:58:42.539   788 28532 D         : Failed to fetch the lookup information of the device 0000003E 
05-27 23:58:42.539   788 28532 D ACDB-LOADER: ACDB -> AUDIO_SET_AFE_CAL
05-27 23:58:42.539   788 28532 D ACDB-LOADER: ACDB -> send_hw_delay : acdb_id = 62 path = 1
05-27 23:58:42.539   788 28532 D ACDB-LOADER: ACDB -> ACDB_AVSYNC_INFO: ACDB_CMD_GET_DEVICE_PROPERTY
05-27 23:58:42.539   788 28532 D audio_hw_primary: enable_snd_device: snd_device(120: voice-rec-mic)
05-27 23:58:42.539   788 28532 D audio_route: Apply path: voice-rec-mic
05-27 23:58:42.542   788 28532 V msm8974_platform: platform_get_snd_device_backend_index: enter with device 120
05-27 23:58:42.542   788 28532 E msm8974_platform: platform_get_snd_device_backend_index: BE DAI Name Table is not present
05-27 23:58:42.542   788 28532 V msm8974_platform: platform_get_backend_index:napb: backend port - 5 device - 120 
05-27 23:58:42.542   788 28532 I audio_hw_utils: Set Audio Stream Capture 0 App Type Cfg: app_type 69936, acdb_dev_id 62, sample_rate 48000, snd_device_be_idx -14
05-27 23:58:42.543   788 28532 D audio_hw_primary: enable_audio_route: usecase(9) apply and update mixer path: audio-record
05-27 23:58:42.543   788 28532 D audio_route: Apply path: audio-record
05-27 23:58:42.638 28347 28536 I chatty  : uid=11353(org.mozilla.fennec_aurora) expire 10 lines
05-27 23:58:42.764 24808 24808 I Finsky  : [2] qrx.onTrimMemory(1): Memory trim requested to level 80
05-27 23:58:42.782  1456 10962 D ConnectivityService: requestNetwork for uid/pid:11353/28347 NetworkRequest [ TRACK_DEFAULT id=54326, [ Capabilities: INTERNET&NOT_RESTRICTED&TRUSTED&NOT_VPN] ]
05-27 23:58:42.783  1456  2054 D WIFI_UT : got request NetworkRequest [ TRACK_DEFAULT id=54326, [ Capabilities: INTERNET&NOT_RESTRICTED&TRUSTED&NOT_VPN] ] with score 60
05-27 23:58:42.783  1456  2099 D Ethernet: got request NetworkRequest [ TRACK_DEFAULT id=54326, [ Capabilities: INTERNET&NOT_RESTRICTED&TRUSTED&NOT_VPN] ] with score 60
05-27 23:58:42.784  1456  2054 D WIFI    : got request NetworkRequest [ TRACK_DEFAULT id=54326, [ Capabilities: INTERNET&NOT_RESTRICTED&TRUSTED&NOT_VPN] ] with score 60
05-27 23:58:42.784  2398  2398 D PhoneSwitcherNetworkRequstListener: got request NetworkRequest [ TRACK_DEFAULT id=54326, [ Capabilities: INTERNET&NOT_RESTRICTED&TRUSTED&NOT_VPN] ] with score 60
05-27 23:58:42.790 28347 28542 I chatty  : uid=11353(org.mozilla.fennec_aurora) expire 5 lines
05-27 23:58:42.914  1456  7796 I OpenGLRenderer: Initialized EGL, version 1.4
05-27 23:58:42.914  1456  7796 D OpenGLRenderer: Swap behavior 2
05-27 23:58:42.932   808   808 I SFPerfTracer:      triggers: (rate: 91:2058920) (compose: 0:7) (post: 0:19) (render: 0:17) (12:11483434 frames) (13:14695836)
05-27 23:58:42.932   808   808 D SFPerfTracer:        layers: (4:13) (NavigationBar#0 (0xb07df000): 0:1146249) (StatusBar#0 (0xb07e3000): 0:2750192) (com.android.systemui.ImageWallpaper#0 (0xb07e7000): 0:107204) (Sprite#0 (0xb0733000): 0:317)* (DimLayerController/Stack=0#0 (0xb075a000): 0:3866)* (Sprite#1 (0xb077c000): 0:195)* (com.android.launcher3/com.android.launcher3.CustomizationPanelLauncher#0 (0xb0763000): 0:41)- (com.android.launcher3/com.android.launcher3.CustomizationPanelLauncher#1 (0xb0771000): 0:10)- (Splash Screen org.mozilla.fennec_aurora#0 (0xb039b000): 0:19)- (Splash Screen org.mozilla.fennec_aurora#1 (0xafd20000): 0:32)- (org.mozilla.fennec_aurora/org.mozilla.fenix.HomeActivity#0 (0xb039b000): 12:71)* (com.android.launcher3/com.android.launcher3.CustomizationPanelLauncher#0 (0xb0763000): 13:29)* (com.android.launcher3/com.android.launcher3.CustomizationPanelLauncher#1 (0xb0771000): 1:5) 
05-27 23:58:42.948  2748  2917 W OpenGLRenderer: Incorrectly called buildLayer on View: ShortcutAndWidgetContainer, destroying layer...
05-27 23:58:42.986 28347 28371 I chatty  : uid=11353(org.mozilla.fennec_aurora) expire 1 line
05-27 23:58:42.990  1456  2067 D ConnectivityService: releasing NetworkRequest [ TRACK_DEFAULT id=54326, [ Capabilities: INTERNET&NOT_RESTRICTED&TRUSTED&NOT_VPN] ] (release request)
05-27 23:58:43.065 28347 28390 I chatty  : uid=11353(org.mozilla.fennec_aurora) expire 1 line
05-27 23:58:43.122  1456  1471 D ConnectivityService: requestNetwork for uid/pid:11353/28347 NetworkRequest [ TRACK_DEFAULT id=54327, [ Capabilities: INTERNET&NOT_RESTRICTED&TRUSTED&NOT_VPN] ]
05-27 23:58:43.124  1456  2099 D Ethernet: got request NetworkRequest [ TRACK_DEFAULT id=54327, [ Capabilities: INTERNET&NOT_RESTRICTED&TRUSTED&NOT_VPN] ] with score 60
05-27 23:58:43.124  1456  2054 D WIFI_UT : got request NetworkRequest [ TRACK_DEFAULT id=54327, [ Capabilities: INTERNET&NOT_RESTRICTED&TRUSTED&NOT_VPN] ] with score 60
05-27 23:58:43.124  1456  2054 D WIFI    : got request NetworkRequest [ TRACK_DEFAULT id=54327, [ Capabilities: INTERNET&NOT_RESTRICTED&TRUSTED&NOT_VPN] ] with score 60
05-27 23:58:43.124  2398  2398 D PhoneSwitcherNetworkRequstListener: got request NetworkRequest [ TRACK_DEFAULT id=54327, [ Capabilities: INTERNET&NOT_RESTRICTED&TRUSTED&NOT_VPN] ] with score 60
05-27 23:58:43.144 28347 28543 I chatty  : uid=11353(org.mozilla.fennec_aurora) expire 9 lines
05-27 23:58:43.570  1456  2067 D ConnectivityService: releasing NetworkRequest [ TRACK_DEFAULT id=54327, [ Capabilities: INTERNET&NOT_RESTRICTED&TRUSTED&NOT_VPN] ] (release request)
05-27 23:58:47.528  1456  2916 I ActivityManager: Force stopping org.mozilla.fennec_aurora appid=11353 user=0: from pid 28548
05-27 23:58:47.529  1456  2916 I ActivityManager: Killing 28347:org.mozilla.fennec_aurora/u0a1353 (adj 700): stop org.mozilla.fennec_aurora
05-27 23:58:47.532  1456  1605 W zygote  : kill(-28347, 9) failed: No such process
05-27 23:58:47.533  1456  2916 W ActivityManager: Force removing ActivityRecord{91a3a9c u0 org.mozilla.fennec_aurora/org.mozilla.fenix.HomeActivity t75886}: app died, no saved state
05-27 23:58:47.542  1456  2916 I ActivityManager: Killing 28426:org.mozilla.fennec_aurora:tab0/u0a1353 (adj 0): stop org.mozilla.fennec_aurora
05-27 23:58:47.549  1456  1605 W zygote  : kill(-28347, 9) failed: No such process
05-27 23:58:47.557  2398  2398 D CarrierSvcBindHelper: No carrier app for: 0
05-27 23:58:47.558  2398  2398 D CarrierSvcBindHelper: No carrier app for: 1
05-27 23:58:47.562  1456  1605 W zygote  : kill(-28347, 9) failed: No such process
05-27 23:58:47.606  1456  1605 I chatty  : uid=1000(system) ActivityManager identical 3 lines
05-27 23:58:47.606  1456  1673 W ActivityManager: setHasOverlayUi called on unknown pid: 28347
05-27 23:58:47.621  1456  1605 W zygote  : kill(-28347, 9) failed: No such process
05-27 23:58:47.621  1456  1605 I zygote  : Successfully killed process cgroup uid 11353 pid 28347 in 89ms
05-27 23:58:47.622  1456  1605 W zygote  : kill(-28426, 9) failed: No such process
05-27 23:58:47.622  1456  1605 I zygote  : Successfully killed process cgroup uid 11353 pid 28426 in 0ms
05-27 23:58:47.652  1456  1471 I ActivityManager: START u0 {act=android.intent.action.MAIN cat=[android.intent.category.LAUNCHER] flg=0x10000000 cmp=org.mozilla.fennec_aurora/.App} from uid 2000
05-27 23:58:47.652   794   839 E ANDR-PERF-RESOURCEQS: Failed to apply optimization [4, 0]
05-27 23:58:47.673  1456  7556 I ActivityManager: Start proc 28555:org.mozilla.fennec_aurora/u0a1353 for activity org.mozilla.fennec_aurora/.App
05-27 23:58:47.763 10849 10986 I MicroDetectionState: Should stop hotword detection immediately - false
05-27 23:58:47.763 10849 10986 I MicroDetector: Keeping mic open: false
05-27 23:58:47.763 10849 10986 I MicroDetector: #shutdownAudioWithAudioLibrary
05-27 23:58:47.763 10849 22998 E DeviceStateChecker: DeviceStateChecker cancelled
05-27 23:58:47.764 10849 10919 I MicroRecognitionRunner: Stopping hotword detection.
05-27 23:58:47.764 10849  2474 W b       : #read failed: read EOF from AudioAccessor.
05-27 23:58:47.765 10849  2474 I MicroRecognitionRunner: Detection finished
05-27 23:58:47.813   788   788 D audio_hw_primary: disable_audio_route: usecase(9) reset and update mixer path: audio-record
05-27 23:58:47.813   788   788 D audio_hw_primary: disable_snd_device: snd_device(120: voice-rec-mic)
05-27 23:58:47.816  1012 10158 D APM_AudioPolicyManager: stopInput() input 361982, session 362097
05-27 23:58:47.816   788  1401 D audio_hw_primary: in_set_parameters: enter: kvpairs=routing=0
05-27 23:58:47.818 10849 10986 I HotwordLSAdapter: stopListeningStatus result: 1
05-27 23:58:47.854 28555 28555 I chatty  : uid=11353(org.mozilla.fennec_aurora) expire 36 lines
05-27 23:58:47.934 28555 28573 I chatty  : uid=11353(org.mozilla.fennec_aurora) expire 4 lines
05-27 23:58:47.962 28555 28581 I chatty  : uid=11353(org.mozilla.fennec_aurora) expire 13 lines
05-27 23:58:47.982 28555 28580 I chatty  : uid=11353(org.mozilla.fennec_aurora) expire 14 lines
05-27 23:58:47.983 28555 28584 I chatty  : uid=11353(org.mozilla.fennec_aurora) expire 16 lines
05-27 23:58:48.028 28555 28591 I chatty  : uid=11353(org.mozilla.fennec_aurora) expire 6 lines
05-27 23:58:48.120 28555 28610 I chatty  : uid=11353(org.mozilla.fennec_aurora) expire 1 line
05-27 23:58:48.122  1456  1471 I ActivityManager: START u0 {act=android.intent.action.MAIN cat=[android.intent.category.LAUNCHER] flg=0x10000000 cmp=org.mozilla.fennec_aurora/org.mozilla.fenix.HomeActivity (has extras)} from uid 11353
05-27 23:58:48.142   808   808 D SurfaceFlinger: duplicate layer name: changing Splash Screen org.mozilla.fennec_aurora to Splash Screen org.mozilla.fennec_aurora#1
05-27 23:58:48.192 28555 28560 I chatty  : uid=11353(org.mozilla.fennec_aurora) expire 6 lines
05-27 23:58:48.216  1456  7556 I ActivityManager: Start proc 28635:org.mozilla.fennec_aurora:tab0/u0a1353 for service org.mozilla.fennec_aurora/org.mozilla.gecko.process.GeckoChildProcessServices$tab0
