02-11 21:43:02.644  1023 10008 D libc    : Internal error: netid(0), id(0x2b32), server(0.0.0.0)
02-11 21:43:02.644  1023 10008 D libc    : Internal error: netid(0), id(0x2b32), server(0.0.0.0)
02-11 21:43:02.645  1023 10010 D libc    : Internal error: netid(0), id(0xce60), server(0.0.0.0)
02-11 21:43:02.645  1023 10010 D libc    : Internal error: netid(0), id(0xce60), server(0.0.0.0)
02-11 21:43:02.646  1023 10010 D libc    : Internal error: netid(0), id(0x452), server(0.0.0.0)
02-11 21:43:02.646  1023 10010 D libc    : Internal error: netid(0), id(0x452), server(0.0.0.0)
02-11 21:43:02.648  1023 10014 D libc    : Internal error: netid(0), id(0x5730), server(0.0.0.0)
02-11 21:43:02.648  1023 10014 D libc    : Internal error: netid(0), id(0x5730), server(0.0.0.0)
02-11 21:43:02.649  1023 10014 D libc    : Internal error: netid(0), id(0x625d), server(0.0.0.0)
02-11 21:43:02.649  1023 10014 D libc    : Internal error: netid(0), id(0x625d), server(0.0.0.0)
02-11 21:43:05.835 10036 10036 D AndroidRuntime: >>>>>> START com.android.internal.os.RuntimeInit uid 2000 <<<<<<
02-11 21:43:05.848 10036 10036 W app_process: Could not reserve sentinel fault page
02-11 21:43:06.020 10036 10036 I app_process: The ClassLoaderContext is a special shared library.
02-11 21:43:06.088 10036 10036 D AndroidRuntime: Calling main entry com.android.commands.input.Input
02-11 21:43:06.090 10036 10036 I Input   : injectKeyEvent: KeyEvent { action=ACTION_DOWN, keyCode=KEYCODE_HOME, scanCode=0, metaState=0, flags=0x0, repeatCount=0, eventTime=13895847388, downTime=13895847388, deviceId=-1, source=0x101 }
02-11 21:43:06.100 10036 10036 I Input   : injectKeyEvent: KeyEvent { action=ACTION_UP, keyCode=KEYCODE_HOME, scanCode=0, metaState=0, flags=0x0, repeatCount=0, eventTime=13895847388, downTime=13895847388, deviceId=-1, source=0x101 }
02-11 21:43:06.107  1456  1941 I ActivityManager: START u0 {act=android.intent.action.MAIN cat=[android.intent.category.HOME] flg=0x10200000 cmp=com.android.launcher3/.CustomizationPanelLauncher (has extras)} from uid 1000
02-11 21:43:06.108   794   839 E ANDR-PERF-RESOURCEQS: Failed to apply optimization [4, 0]
02-11 21:43:06.119  1456  1941 I ActivityManager: moveHomeStack, setupComplete:true
02-11 21:43:06.122 10036 10036 D AndroidRuntime: Shutting down VM
02-11 21:43:06.127  6397  6439 I Adreno  : QUALCOMM build                   : bb5b86c, I77d3059488
02-11 21:43:06.127  6397  6439 I Adreno  : Build Date                       : 06/07/18
02-11 21:43:06.127  6397  6439 I Adreno  : OpenGL ES Shader Compiler Version: EV031.22.00.01_06
02-11 21:43:06.127  6397  6439 I Adreno  : Local Branch                     : 
02-11 21:43:06.127  6397  6439 I Adreno  : Remote Branch                    : refs/tags/AU_LINUX_ANDROID_LA.UM.6.5.R1.08.01.00.312.086
02-11 21:43:06.127  6397  6439 I Adreno  : Remote Branch                    : NONE
02-11 21:43:06.127  6397  6439 I Adreno  : Reconstruct Branch               : NOTHING
02-11 21:43:06.130  6397  6439 D vndksupport: Loading /vendor/lib/hw/gralloc.msm8937.so from current namespace instead of sphal namespace.
02-11 21:43:06.133  6397  6439 I Adreno  : PFP: 0x005ff087, ME: 0x005ff063
02-11 21:43:06.137  6397  6439 I zygote  : android::hardware::configstore::V1_0::ISurfaceFlingerConfigs::hasWideColorDisplay retrieved: 0
02-11 21:43:06.138  6397  6439 I OpenGLRenderer: Initialized EGL, version 1.4
02-11 21:43:06.138  6397  6439 D OpenGLRenderer: Swap behavior 2
02-11 21:43:06.145  2748  2748 D Launcher.Utilities: Wakeup weather: Intent { act=com.motorola.launcher3.action.WAKEUP_WEATHER cmp=com.motorola.timeweatherwidget/com.motorola.commandcenter.weather.WakeUpService }
02-11 21:43:06.161  1456  1456 I NotificationService: Cannot find enqueued record for key: 0|com.motorola.timeweatherwidget|1|null|10116
02-11 21:43:06.164   808   808 D SurfaceFlinger: duplicate layer name: changing com.android.launcher3/com.android.launcher3.CustomizationPanelLauncher to com.android.launcher3/com.android.launcher3.CustomizationPanelLauncher#1
02-11 21:43:06.176  6397  6397 W ThreadPoolDumper: Queue length for executor EventBus is now 11. Perhaps some tasks are too long, or the pool is too small.
02-11 21:43:06.210  1456  4797 I WifiService: getWifiEnabledState uid=10073
02-11 21:43:06.227  1456 10366 I WifiService: getWifiEnabledState uid=10073
02-11 21:43:06.242  6397  6444 I DEBUG   : OpaToSrpTransitionState#onStateChanged#notNullQuery
02-11 21:43:06.246  6397  6444 I DEBUG   : OpaToSrpTransitionState#onStateChanged#notNullQuery
02-11 21:43:06.246  1456  1673 I LaunchCheckinHandler: Displayed com.android.launcher3/.CustomizationPanelLauncher,wp,wa,139
02-11 21:43:06.248  8860  8860 I Finsky  : [2] ppb.onTrimMemory(1): Memory trim requested to level 80
02-11 21:43:06.313  6397  6444 I MicroDetectionState: Should stop hotword detection immediately - false
02-11 21:43:06.332  6397  6444 I MicroDetectionWorker: #startMicroDetector [speakerMode: 0]
02-11 21:43:06.335  6397  6444 I AudioController: Created new AudioSource
02-11 21:43:06.338  6397  6423 I MicroDataManager: isInitializedWithLatestParams-true
02-11 21:43:06.338  6397  6423 I MicroDataManager: isInitializing-false locale not changed-true model not changed-true
02-11 21:43:06.339  6397  6423 I MicroDataManager: Already initialized, obtaining the hotword data immediately.
02-11 21:43:06.348  6397  8280 I MicroRecognitionRunner: Starting detection.
02-11 21:43:06.349  6397  8280 I InputStreamUtils: Using micInputStream
02-11 21:43:06.350  6397  8525 I MicrophoneInputStream: mic_starting  SR : 16000 CC : 16 SO : 1999
02-11 21:43:06.353   788  1401 V msm8974_platform: platform_check_input_mask: enter check_input_mask source 6 mask 10
02-11 21:43:06.354  1012 10050 I AudioFlinger: AudioFlinger's thread 0xb2483600 tid=10050 ready to run
02-11 21:43:06.361   788  1401 D audio_hw_primary: in_set_parameters: enter: kvpairs=input_source=6;routing=-2147483644
02-11 21:43:06.362  1012  1390 D APM_AudioPolicyManager: AudioPolicyManager::startInput() input 132542, session 132617, source = 1999
02-11 21:43:06.363  6397  8525 I MicrophoneInputStream: mic_started  SR : 16000 CC : 16 SO : 1999
02-11 21:43:06.365   788 10051 V msm8974_platform: platform_update_usecase_from_source: input source :6
02-11 21:43:06.365   788 10051 V msm8974_platform: platform_check_input_mask: enter check_input_mask source 6 mask 10
02-11 21:43:06.365   788 10051 V msm8974_platform: platform_get_input_snd_device: enter: out_device(0) in_device(0x4) channel_count (1) channel_mask (0x10)
02-11 21:43:06.365   788 10051 V msm8974_platform: platform_get_input_snd_device: exit: in_snd_device(voice-rec-mic)
02-11 21:43:06.365   788 10051 V msm8974_platform: platform_get_backend_index:napb: backend port - 5 device - 120 
02-11 21:43:06.365   788 10051 V msm8974_platform: platform_check_and_set_capture_backend_cfg:txbecf: afe: bitwidth 0, samplerate 0, channel 1, backend_idx 5 usecase = 9 device (voice-rec-mic)
02-11 21:43:06.365   788 10051 V msm8974_platform: platform_check_capture_backend_cfg:txbecf: afe: Codec selected backend: 5 current bit width: 0 and sample rate: 0, channels 1
02-11 21:43:06.365   788 10051 V msm8974_platform: platform_check_capture_backend_cfg:txbecf: afe: Codec selected backend: 5 updated bit width: 0 and sample rate: 0
02-11 21:43:06.365   788 10051 I msm8974_platform: platform_check_capture_backend_cfg:txbecf: afe: Codec backend needs to be updated. new bit width: 0 new sample rate: 0 new channel: 1
02-11 21:43:06.365   788 10051 V msm8974_platform: platform_get_backend_index:napb: backend port - 5 device - 120 
02-11 21:43:06.365   788 10051 V msm8974_platform: platform_set_backend_cfg:becf: afe: bitwidth 0, samplerate 0 channels 1, backend_idx 5 device (voice-rec-mic)
02-11 21:43:06.366   788 10051 E msm8974_platform: platform_set_backend_cfg:becf: afe: Could not get ctl for mixer command - SLIM_0_TX Format
02-11 21:43:06.366   788 10051 V msm8974_platform: platform_send_audio_calibration: sending audio calibration for snd_device(120) acdb_id(62)
02-11 21:43:06.366   788 10051 D ACDB-LOADER: ACDB -> send_audio_cal, acdb_id = 62, path = 1, app id = 0x11130, sample rate = 48000
02-11 21:43:06.366   788 10051 D ACDB-LOADER: ACDB -> send_asm_topology
02-11 21:43:06.366   788 10051 D ACDB-LOADER: ACDB -> ACDB_CMD_GET_AUDPROC_STREAM_TOPOLOGY_ID
02-11 21:43:06.366   788 10051 D ACDB-LOADER: ACDB -> send_adm_topology
02-11 21:43:06.366   788 10051 D ACDB-LOADER: ACDB -> ACDB_CMD_GET_AUDPROC_COMMON_TOPOLOGY_ID
02-11 21:43:06.366   788 10051 D ACDB-LOADER: ACDB -> send_audtable
02-11 21:43:06.366   788 10051 D ACDB-LOADER: ACDB -> ACDB_CMD_GET_AUDPROC_COMMON_TABLE_SIZE
02-11 21:43:06.366   788 10051 D ACDB-LOADER: ACDB -> ACDB_CMD_GET_AUDPROC_COMMON_TABLE
02-11 21:43:06.367   788 10051 D ACDB-LOADER: ACDB -> AUDIO_SET_AUDPROC_CAL
02-11 21:43:06.367   788 10051 D ACDB-LOADER: ACDB -> send_audvoltable
02-11 21:43:06.367   788 10051 D ACDB-LOADER: ACDB -> ACDB_CMD_GET_AUDPROC_VOL_STEP_TABLE_SIZE
02-11 21:43:06.367   788 10051 D ACDB-LOADER: ACDB -> ACDB_CMD_GET_AUDPROC_GAIN_DEP_STEP_TABLE, vol index 0
02-11 21:43:06.367   788 10051 D         : Failed to fetch the lookup information of the device 0000003E 
02-11 21:43:06.367   788 10051 D ACDB-LOADER: ACDB -> AUDIO_SET_VOL_CAL cal type = 12
02-11 21:43:06.367   788 10051 D ACDB-LOADER: ACDB -> ACDB_CMD_GET_AUDPROC_STREAM_TABLE_SIZE
02-11 21:43:06.367   788 10051 D ACDB-LOADER: ACDB -> send_audstrmtable
02-11 21:43:06.367   788 10051 D ACDB-LOADER: ACDB -> ACDB_CMD_GET_AUDPROC_STREAM_TABLE_V2
02-11 21:43:06.367   788 10051 D ACDB-LOADER: ACDB -> audstrm_cal->cal_type.cal_data.cal_size = 456
02-11 21:43:06.367   788 10051 D ACDB-LOADER: ACDB -> send_afe_topology
02-11 21:43:06.367   788 10051 D ACDB-LOADER: ACDB -> ACDB_CMD_GET_AFE_TOPOLOGY_ID
02-11 21:43:06.367   788 10051 D ACDB-LOADER: ACDB -> GET_AFE_TOPOLOGY_ID for adcd_id 62, Topology Id 112fb
02-11 21:43:06.367   788 10051 D ACDB-LOADER: ACDB -> send_afe_cal
02-11 21:43:06.367   788 10051 D ACDB-LOADER: ACDB -> ACDB_CMD_GET_AFE_COMMON_TABLE_SIZE
02-11 21:43:06.367   788 10051 D         : Failed to fetch the lookup information of the device 0000003E 
02-11 21:43:06.367   788 10051 E ACDB-LOADER: Error: ACDB_CMD_GET_AFE_COMMON_TABLE_SIZE Returned = -19
02-11 21:43:06.368   788 10051 D ACDB-LOADER: ACDB -> ACDB_CMD_GET_AFE_COMMON_TABLE
02-11 21:43:06.368   788 10051 D         : Failed to fetch the lookup information of the device 0000003E 
02-11 21:43:06.368   788 10051 D ACDB-LOADER: ACDB -> AUDIO_SET_AFE_CAL
02-11 21:43:06.368   788 10051 D ACDB-LOADER: ACDB -> send_hw_delay : acdb_id = 62 path = 1
02-11 21:43:06.368   788 10051 D ACDB-LOADER: ACDB -> ACDB_AVSYNC_INFO: ACDB_CMD_GET_DEVICE_PROPERTY
02-11 21:43:06.368   788 10051 D audio_hw_primary: enable_snd_device: snd_device(120: voice-rec-mic)
02-11 21:43:06.368   788 10051 D audio_route: Apply path: voice-rec-mic
02-11 21:43:06.370   788 10051 V msm8974_platform: platform_get_snd_device_backend_index: enter with device 120
02-11 21:43:06.371   788 10051 E msm8974_platform: platform_get_snd_device_backend_index: BE DAI Name Table is not present
02-11 21:43:06.371   788 10051 V msm8974_platform: platform_get_backend_index:napb: backend port - 5 device - 120 
02-11 21:43:06.371   788 10051 I audio_hw_utils: Set Audio Stream Capture 0 App Type Cfg: app_type 69936, acdb_dev_id 62, sample_rate 48000, snd_device_be_idx -14
02-11 21:43:06.371   788 10051 D audio_hw_primary: enable_audio_route: usecase(9) apply and update mixer path: audio-record
02-11 21:43:06.371   788 10051 D audio_route: Apply path: audio-record
02-11 21:43:06.396  6397  6403 I zygote  : Compiler allocated 4MB to compile com.google.android.libraries.gsa.monet.internal.shared.l com.google.android.apps.gsa.binaries.velvet.app.xb.a()
02-11 21:43:06.443  6397  6444 I MicroDetectionWorker: onReady
02-11 21:43:06.643  1456  7796 I OpenGLRenderer: Initialized EGL, version 1.4
02-11 21:43:06.643  1456  7796 D OpenGLRenderer: Swap behavior 2
02-11 21:43:06.693  2748  2917 W OpenGLRenderer: Incorrectly called buildLayer on View: ShortcutAndWidgetContainer, destroying layer...
02-11 21:43:06.815  9804  9836 I chatty  : uid=10955(org.mozilla.fenix.nightly) expire 1 line
02-11 21:43:06.819  9804  9832 I chatty  : uid=10955(org.mozilla.fenix.nightly) expire 6 lines
02-11 21:43:06.959   808   808 I SFPerfTracer:      triggers: (rate: 50:551206) (compose: 0:6) (post: 0:16) (render: 0:13) (13:4784311 frames) (14:6338978)
02-11 21:43:06.960   808   808 D SFPerfTracer:        layers: (4:12) (NavigationBar#0 (0xb07df000): 0:532235) (StatusBar#0 (0xb07e3000): 0:1511923) (com.android.systemui.ImageWallpaper#0 (0xb07e7000): 0:46509) (Sprite#0 (0xb0733000): 0:317)* (DimLayerController/Stack=0#0 (0xb075a000): 0:3712)* (Sprite#1 (0xb077c000): 0:195)* (com.android.launcher3/com.android.launcher3.CustomizationPanelLauncher#0 (0xb0763000): 0:41)- (com.android.launcher3/com.android.launcher3.CustomizationPanelLauncher#1 (0xb0771000): 0:13)- (Splash Screen org.mozilla.fenix.nightly#0 (0xb0384000): 0:32)- (org.mozilla.fenix.nightly/org.mozilla.fenix.HomeActivity#0 (0xb039b000): 0:47)- (com.android.launcher3/com.android.launcher3.CustomizationPanelLauncher#0 (0xb0763000): 14:39)* (com.android.launcher3/com.android.launcher3.CustomizationPanelLauncher#1 (0xb0771000): 1:6) 
02-11 21:43:07.619  6397  6403 I zygote  : Compiler allocated 12MB to compile com.google.apps.tiktok.experiments.phenotype.ae com.google.android.apps.gsa.binaries.velvet.app.amn.T()
02-11 21:43:11.289  1456  4797 I ActivityManager: Force stopping org.mozilla.fenix.nightly appid=10955 user=0: from pid 10055
02-11 21:43:11.290  1456  4797 I ActivityManager: Killing 9804:org.mozilla.fenix.nightly/u0a955 (adj 700): stop org.mozilla.fenix.nightly
02-11 21:43:11.292  1456  1605 W zygote  : kill(-9804, 9) failed: No such process
02-11 21:43:11.295  1456  4797 W ActivityManager: Force removing ActivityRecord{af2c507 u0 org.mozilla.fenix.nightly/org.mozilla.fenix.HomeActivity t24623}: app died, no saved state
02-11 21:43:11.305  1456  1605 W zygote  : kill(-9804, 9) failed: No such process
02-11 21:43:11.309  1456  4797 I ActivityManager: Killing 9924:org.mozilla.fenix.nightly:socket/u0a955 (adj 0): stop org.mozilla.fenix.nightly
02-11 21:43:11.314  1456  4797 I ActivityManager: Killing 9898:org.mozilla.fenix.nightly:tab/u0a955 (adj 0): stop org.mozilla.fenix.nightly
02-11 21:43:11.321  1456  1605 W zygote  : kill(-9804, 9) failed: No such process
02-11 21:43:11.331  2398  2398 D CarrierSvcBindHelper: No carrier app for: 0
02-11 21:43:11.337  2398  2398 D CarrierSvcBindHelper: No carrier app for: 1
02-11 21:43:11.339  1456  1605 W zygote  : kill(-9804, 9) failed: No such process
02-11 21:43:11.395  1456 10962 D ConnectivityService: ConnectivityService NetworkRequestInfo binderDied(NetworkRequest [ TRACK_DEFAULT id=26598, [ Capabilities: INTERNET&NOT_RESTRICTED&TRUSTED&NOT_VPN] ], android.os.BinderProxy@2e5413e)
02-11 21:43:11.396  1456  1673 W ActivityManager: setHasOverlayUi called on unknown pid: 9804
02-11 21:43:11.396  1456  2067 D ConnectivityService: releasing NetworkRequest [ TRACK_DEFAULT id=26598, [ Capabilities: INTERNET&NOT_RESTRICTED&TRUSTED&NOT_VPN] ] (release request)
02-11 21:43:11.401  1456  1605 I chatty  : uid=1000(system) ActivityManager identical 4 lines
02-11 21:43:11.415  1456  1605 W zygote  : kill(-9804, 9) failed: No such process
02-11 21:43:11.415  1456  1605 I zygote  : Successfully killed process cgroup uid 10955 pid 9804 in 123ms
02-11 21:43:11.416  1456  1605 W zygote  : kill(-9924, 9) failed: No such process
02-11 21:43:11.416  1456  1605 I zygote  : Successfully killed process cgroup uid 10955 pid 9924 in 0ms
02-11 21:43:11.416  1456  1605 W zygote  : kill(-9898, 9) failed: No such process
02-11 21:43:11.416  1456  1605 I zygote  : Successfully killed process cgroup uid 10955 pid 9898 in 0ms
02-11 21:43:11.435  1456 10366 I ActivityManager: START u0 {act=android.intent.action.MAIN cat=[android.intent.category.LAUNCHER] flg=0x10000000 cmp=org.mozilla.fenix.nightly/org.mozilla.fenix.HomeActivity} from uid 2000
02-11 21:43:11.436   794   839 E ANDR-PERF-RESOURCEQS: Failed to apply optimization [4, 0]
02-11 21:43:11.455  1456  3925 I ActivityManager: Start proc 10064:org.mozilla.fenix.nightly/u0a955 for activity org.mozilla.fenix.nightly/org.mozilla.fenix.HomeActivity
02-11 21:43:11.549  6397  6444 I MicroDetectionState: Should stop hotword detection immediately - false
02-11 21:43:11.550  6397  6444 I MicroDetector: Keeping mic open: false
02-11 21:43:11.550  6397  8283 E DeviceStateChecker: DeviceStateChecker cancelled
02-11 21:43:11.551  6397  6444 I RecognitionAudioControl: #shutdownAudio [requestId: -1188522673969426252, keepAudioOpen: false, forced: true]
02-11 21:43:11.551  6397  6444 I RecognitionAudioControl: #internalShutdownAudio [requestId: -1188522673969426252]
02-11 21:43:11.551  6397  6444 I RecognitionAudioControl: #internalShutdownAudio [keepAudioOpen: false, forced: true]
02-11 21:43:11.551  6397  6444 I RecognitionAudioControl: #actualShutdownAudio
02-11 21:43:11.551  6397  6444 I AudioController: #shutdown [requestId=-1188522673969426252]
02-11 21:43:11.552  6397  6422 I AudioController: internalShutdown
02-11 21:43:11.552  6397  6445 I MicroRecognitionRunner: Stopping hotword detection.
02-11 21:43:11.556  6397  8280 I MicroRecognitionRunner: Detection finished
02-11 21:43:11.603   788  1401 D audio_hw_primary: disable_audio_route: usecase(9) reset and update mixer path: audio-record
02-11 21:43:11.604   788  1401 D audio_hw_primary: disable_snd_device: snd_device(120: voice-rec-mic)
02-11 21:43:11.606  1012 11031 D APM_AudioPolicyManager: stopInput() input 132542, session 132617
02-11 21:43:11.607   788  1479 D audio_hw_primary: in_set_parameters: enter: kvpairs=routing=0
02-11 21:43:11.608  6397  6422 I MicrophoneInputStream: mic_close  SR : 16000 CC : 16 SO : 1999
02-11 21:43:11.609  6397  6422 E AudioSource: Stop listening is called on already closed AudioSource
02-11 21:43:11.623 10064 10064 I chatty  : uid=10955(org.mozilla.fenix.nightly) expire 48 lines
02-11 21:43:11.699 10064 10083 I chatty  : uid=10955(org.mozilla.fenix.nightly) expire 4 lines
02-11 21:43:11.750 10064 10089 I chatty  : uid=10955(org.mozilla.fenix.nightly) expire 6 lines
02-11 21:43:11.786 10064 10093 I chatty  : uid=10955(org.mozilla.fenix.nightly) expire 11 lines
02-11 21:43:11.799 10064 10069 I chatty  : uid=10955(org.mozilla.fenix.nightly) expire 8 lines
02-11 21:43:11.849 10064 10099 I chatty  : uid=10955(org.mozilla.fenix.nightly) expire 30 lines
02-11 21:43:11.932 10064 10102 I chatty  : uid=10955(org.mozilla.fenix.nightly) expire 1 line
02-11 21:43:11.964 10064 10114 I chatty  : uid=10955(org.mozilla.fenix.nightly) expire 10 lines
02-11 21:43:12.238  8411  8424 D AuthStateProvider: Verifying caller's signature:77eac4ceed36afefba76179931dd4cc195ab0cd54baf355d215e7bbdd28e402a
02-11 21:43:12.238  8411  8424 D AuthStateProvider: Success!
02-11 21:43:12.240 10064 10064 E ActivityThread: Failed to find provider info for org.mozilla.fennec_aurora.fxa.auth
02-11 21:43:12.326  1456  2920 I ActivityManager: Start proc 10155:org.mozilla.fenix.nightly:tab/u0a955 for service org.mozilla.fenix.nightly/org.mozilla.gecko.process.GeckoServiceChildProcess$tab
02-11 21:43:12.361 10064 10170 I chatty  : uid=10955(org.mozilla.fenix.nightly) expire 9 lines
02-11 21:43:12.443  1456  2401 I ActivityManager: Start proc 10181:org.mozilla.fenix.nightly:socket/u0a955 for service org.mozilla.fenix.nightly/org.mozilla.gecko.process.GeckoServiceChildProcess$socket
02-11 21:43:12.459 10155 10155 I chatty  : uid=10955(org.mozilla.fenix.nightly) expire 1 line
02-11 21:43:12.460 10155 10194 I chatty  : uid=10955(org.mozilla.fenix.nightly) expire 1 line
02-11 21:43:12.561 10181 10181 I chatty  : uid=10955(org.mozilla.fenix.nightly) expire 1 line
02-11 21:43:12.562 10181 10198 I chatty  : uid=10955(org.mozilla.fenix.nightly) expire 15 lines
02-11 21:43:12.675  1456  2401 I ActivityManager: Displayed org.mozilla.fenix.nightly/org.mozilla.fenix.HomeActivity: +1s232ms
02-11 21:43:12.675  1456  2401 I ActivityManager: Fully drawn org.mozilla.fenix.nightly/org.mozilla.fenix.HomeActivity: +1s232ms
02-11 21:43:12.718 10064 10205 I chatty  : uid=10955(org.mozilla.fenix.nightly) expire 1 line
02-11 21:43:12.737   808   898 I SFPerfTracer:      triggers: (rate: 0:0) (0 sw vsyncs) (0 skipped) (0:3610777 vsyncs) (2:6391246)
02-11 21:43:12.741  1456  1673 I LaunchCheckinHandler: Displayed org.mozilla.fenix.nightly/org.mozilla.fenix.HomeActivity,cp,ca,1298
02-11 21:43:12.755  8411  8424 D AuthStateProvider: Verifying caller's signature:77eac4ceed36afefba76179931dd4cc195ab0cd54baf355d215e7bbdd28e402a
02-11 21:43:12.755  8411  8424 D AuthStateProvider: Success!
02-11 21:43:12.759 10064 10064 E ActivityThread: Failed to find provider info for org.mozilla.fennec_aurora.fxa.auth
02-11 21:43:12.836  8860  8860 I Finsky  : [2] ppb.onTrimMemory(1): Memory trim requested to level 80
02-11 21:43:12.852  6397  6397 I MemoryTrimmer: Trimming objects from memory, since app is in the background.
02-11 21:43:12.869  6397  6397 I MemoryTrimmer: Trimming objects from memory, since app is in the background.
02-11 21:43:12.877  6397  8525 I PBSessionCacheImpl: Deleted sessionId[28135884977557443] from persistence.
02-11 21:43:12.900  1456  3925 I WifiService: getWifiEnabledState uid=10073
02-11 21:43:12.919  6397  6444 I DEBUG   : OpaToSrpTransitionState#onStateChanged#notNullQuery
02-11 21:43:12.924  6397  6444 I DEBUG   : OpaToSrpTransitionState#onStateChanged#notNullQuery
02-11 21:43:12.930  6397  6444 W SearchServiceCore: Abort, client detached.
02-11 21:43:13.045  1456  1466 I zygote  : Background concurrent copying GC freed 39037(2MB) AllocSpace objects, 24(800KB) LOS objects, 39% free, 36MB/60MB, paused 447us total 340.895ms
02-11 21:43:13.767  1023 10258 D libc    : Internal error: netid(0), id(0x4a16), server(0.0.0.0)
02-11 21:43:13.767  1023 10258 D libc    : Internal error: netid(0), id(0x4a16), server(0.0.0.0)
02-11 21:43:13.767  1023 10258 D libc    : Internal error: netid(0), id(0x8f63), server(0.0.0.0)
02-11 21:43:13.768  1023 10258 D libc    : Internal error: netid(0), id(0x8f63), server(0.0.0.0)
02-11 21:43:13.799 10064 10226 I chatty  : uid=10955(org.mozilla.fenix.nightly) expire 2 lines
02-11 21:43:13.940  1023 10266 D libc    : Internal error: netid(0), id(0xfa01), server(0.0.0.0)
02-11 21:43:13.941  1023 10266 D libc    : Internal error: netid(0), id(0xfa01), server(0.0.0.0)
02-11 21:43:13.941  1023 10270 D libc    : Internal error: netid(0), id(0x4422), server(0.0.0.0)
02-11 21:43:13.941  1023 10270 D libc    : Internal error: netid(0), id(0x4422), server(0.0.0.0)
02-11 21:43:13.941  1023 10266 D libc    : Internal error: netid(0), id(0xcb31), server(0.0.0.0)
02-11 21:43:13.941  1023 10270 D libc    : Internal error: netid(0), id(0x9717), server(0.0.0.0)
02-11 21:43:13.941  1023 10266 D libc    : Internal error: netid(0), id(0xcb31), server(0.0.0.0)
02-11 21:43:13.941  1023 10270 D libc    : Internal error: netid(0), id(0x9717), server(0.0.0.0)
02-11 21:43:13.943  1023 10274 D libc    : Internal error: netid(0), id(0x9c2d), server(0.0.0.0)
02-11 21:43:13.944  1023 10274 D libc    : Internal error: netid(0), id(0x9c2d), server(0.0.0.0)
02-11 21:43:13.944  1023 10274 D libc    : Internal error: netid(0), id(0xd47c), server(0.0.0.0)
02-11 21:43:13.944  1023 10274 D libc    : Internal error: netid(0), id(0xd47c), server(0.0.0.0)
02-11 21:43:17.117 10297 10297 D AndroidRuntime: >>>>>> START com.android.internal.os.RuntimeInit uid 2000 <<<<<<
02-11 21:43:17.130 10297 10297 W app_process: Could not reserve sentinel fault page
02-11 21:43:17.296 10297 10297 I app_process: The ClassLoaderContext is a special shared library.
02-11 21:43:17.378 10297 10297 D AndroidRuntime: Calling main entry com.android.commands.input.Input
02-11 21:43:17.383 10297 10297 I Input   : injectKeyEvent: KeyEvent { action=ACTION_DOWN, keyCode=KEYCODE_HOME, scanCode=0, metaState=0, flags=0x0, repeatCount=0, eventTime=13895858679, downTime=13895858679, deviceId=-1, source=0x101 }
02-11 21:43:17.389 10297 10297 I Input   : injectKeyEvent: KeyEvent { action=ACTION_UP, keyCode=KEYCODE_HOME, scanCode=0, metaState=0, flags=0x0, repeatCount=0, eventTime=13895858679, downTime=13895858679, deviceId=-1, source=0x101 }
02-11 21:43:17.395  1456  1941 I ActivityManager: START u0 {act=android.intent.action.MAIN cat=[android.intent.category.HOME] flg=0x10200000 cmp=com.android.launcher3/.CustomizationPanelLauncher (has extras)} from uid 1000
02-11 21:43:17.396   794   839 E ANDR-PERF-RESOURCEQS: Failed to apply optimization [4, 0]
02-11 21:43:17.407  1456  1941 I ActivityManager: moveHomeStack, setupComplete:true
02-11 21:43:17.411 10297 10297 D AndroidRuntime: Shutting down VM
02-11 21:43:17.421  6397  6439 I Adreno  : QUALCOMM build                   : bb5b86c, I77d3059488
02-11 21:43:17.421  6397  6439 I Adreno  : Build Date                       : 06/07/18
02-11 21:43:17.421  6397  6439 I Adreno  : OpenGL ES Shader Compiler Version: EV031.22.00.01_06
02-11 21:43:17.421  6397  6439 I Adreno  : Local Branch                     : 
02-11 21:43:17.421  6397  6439 I Adreno  : Remote Branch                    : refs/tags/AU_LINUX_ANDROID_LA.UM.6.5.R1.08.01.00.312.086
02-11 21:43:17.421  6397  6439 I Adreno  : Remote Branch                    : NONE
02-11 21:43:17.421  6397  6439 I Adreno  : Reconstruct Branch               : NOTHING
02-11 21:43:17.425  6397  6439 D vndksupport: Loading /vendor/lib/hw/gralloc.msm8937.so from current namespace instead of sphal namespace.
02-11 21:43:17.428  6397  6439 I Adreno  : PFP: 0x005ff087, ME: 0x005ff063
02-11 21:43:17.432  6397  6439 I zygote  : android::hardware::configstore::V1_0::ISurfaceFlingerConfigs::hasWideColorDisplay retrieved: 0
02-11 21:43:17.433  2748  2748 D Launcher.Utilities: Wakeup weather: Intent { act=com.motorola.launcher3.action.WAKEUP_WEATHER cmp=com.motorola.timeweatherwidget/com.motorola.commandcenter.weather.WakeUpService }
02-11 21:43:17.438  6397  6439 I OpenGLRenderer: Initialized EGL, version 1.4
02-11 21:43:17.439  6397  6439 D OpenGLRenderer: Swap behavior 2
02-11 21:43:17.450  1456  1456 I NotificationService: Cannot find enqueued record for key: 0|com.motorola.timeweatherwidget|1|null|10116
02-11 21:43:17.454   808   808 D SurfaceFlinger: duplicate layer name: changing com.android.launcher3/com.android.launcher3.CustomizationPanelLauncher to com.android.launcher3/com.android.launcher3.CustomizationPanelLauncher#1
02-11 21:43:17.497  6397  6426 W ThreadPoolDumper: Queue length for executor EventBus is now 11. Perhaps some tasks are too long, or the pool is too small.
02-11 21:43:17.502  1456  2401 I WifiService: getWifiEnabledState uid=10073
02-11 21:43:17.518  1456 10366 I WifiService: getWifiEnabledState uid=10073
02-11 21:43:17.533  6397  6444 I DEBUG   : OpaToSrpTransitionState#onStateChanged#notNullQuery
02-11 21:43:17.538  6397  6444 I DEBUG   : OpaToSrpTransitionState#onStateChanged#notNullQuery
02-11 21:43:17.541  1456  1673 I LaunchCheckinHandler: Displayed com.android.launcher3/.CustomizationPanelLauncher,wp,wa,145
02-11 21:43:17.550  8860  8860 I Finsky  : [2] ppb.onTrimMemory(1): Memory trim requested to level 80
02-11 21:43:17.599  6397  6444 I MicroDetectionState: Should stop hotword detection immediately - false
02-11 21:43:17.611  6397  6444 I MicroDetectionWorker: #startMicroDetector [speakerMode: 0]
02-11 21:43:17.616  6397  6444 I AudioController: Created new AudioSource
02-11 21:43:17.621  6397  6422 I MicroDataManager: isInitializedWithLatestParams-true
02-11 21:43:17.621  6397  6422 I MicroDataManager: isInitializing-false locale not changed-true model not changed-true
02-11 21:43:17.622  6397  6422 I MicroDataManager: Already initialized, obtaining the hotword data immediately.
02-11 21:43:17.629  6397  8283 I MicroRecognitionRunner: Starting detection.
02-11 21:43:17.630  6397  8283 I InputStreamUtils: Using micInputStream
02-11 21:43:17.630  6397  8525 I MicrophoneInputStream: mic_starting  SR : 16000 CC : 16 SO : 1999
02-11 21:43:17.633   788  1479 V msm8974_platform: platform_check_input_mask: enter check_input_mask source 6 mask 10
02-11 21:43:17.638  1012 10311 I AudioFlinger: AudioFlinger's thread 0xb2483780 tid=10311 ready to run
02-11 21:43:17.644   788  1401 D audio_hw_primary: in_set_parameters: enter: kvpairs=input_source=6;routing=-2147483644
02-11 21:43:17.645  1012 11031 D APM_AudioPolicyManager: AudioPolicyManager::startInput() input 132550, session 132625, source = 1999
02-11 21:43:17.646  6397  8525 I MicrophoneInputStream: mic_started  SR : 16000 CC : 16 SO : 1999
02-11 21:43:17.647   788 10312 V msm8974_platform: platform_update_usecase_from_source: input source :6
02-11 21:43:17.647   788 10312 V msm8974_platform: platform_check_input_mask: enter check_input_mask source 6 mask 10
02-11 21:43:17.647   788 10312 V msm8974_platform: platform_get_input_snd_device: enter: out_device(0) in_device(0x4) channel_count (1) channel_mask (0x10)
02-11 21:43:17.647   788 10312 V msm8974_platform: platform_get_input_snd_device: exit: in_snd_device(voice-rec-mic)
02-11 21:43:17.647   788 10312 V msm8974_platform: platform_get_backend_index:napb: backend port - 5 device - 120 
02-11 21:43:17.647   788 10312 V msm8974_platform: platform_check_and_set_capture_backend_cfg:txbecf: afe: bitwidth 0, samplerate 0, channel 1, backend_idx 5 usecase = 9 device (voice-rec-mic)
02-11 21:43:17.647   788 10312 V msm8974_platform: platform_check_capture_backend_cfg:txbecf: afe: Codec selected backend: 5 current bit width: 0 and sample rate: 0, channels 1
02-11 21:43:17.647   788 10312 V msm8974_platform: platform_check_capture_backend_cfg:txbecf: afe: Codec selected backend: 5 updated bit width: 0 and sample rate: 0
02-11 21:43:17.647   788 10312 I msm8974_platform: platform_check_capture_backend_cfg:txbecf: afe: Codec backend needs to be updated. new bit width: 0 new sample rate: 0 new channel: 1
02-11 21:43:17.647   788 10312 V msm8974_platform: platform_get_backend_index:napb: backend port - 5 device - 120 
02-11 21:43:17.647   788 10312 V msm8974_platform: platform_set_backend_cfg:becf: afe: bitwidth 0, samplerate 0 channels 1, backend_idx 5 device (voice-rec-mic)
02-11 21:43:17.647   788 10312 E msm8974_platform: platform_set_backend_cfg:becf: afe: Could not get ctl for mixer command - SLIM_0_TX Format
02-11 21:43:17.647   788 10312 V msm8974_platform: platform_send_audio_calibration: sending audio calibration for snd_device(120) acdb_id(62)
02-11 21:43:17.647   788 10312 D ACDB-LOADER: ACDB -> send_audio_cal, acdb_id = 62, path = 1, app id = 0x11130, sample rate = 48000
02-11 21:43:17.648   788 10312 D ACDB-LOADER: ACDB -> send_asm_topology
02-11 21:43:17.648   788 10312 D ACDB-LOADER: ACDB -> ACDB_CMD_GET_AUDPROC_STREAM_TOPOLOGY_ID
02-11 21:43:17.648   788 10312 D ACDB-LOADER: ACDB -> send_adm_topology
02-11 21:43:17.648   788 10312 D ACDB-LOADER: ACDB -> ACDB_CMD_GET_AUDPROC_COMMON_TOPOLOGY_ID
02-11 21:43:17.648   788 10312 D ACDB-LOADER: ACDB -> send_audtable
02-11 21:43:17.648   788 10312 D ACDB-LOADER: ACDB -> ACDB_CMD_GET_AUDPROC_COMMON_TABLE_SIZE
02-11 21:43:17.648   788 10312 D ACDB-LOADER: ACDB -> ACDB_CMD_GET_AUDPROC_COMMON_TABLE
02-11 21:43:17.648   788 10312 D ACDB-LOADER: ACDB -> AUDIO_SET_AUDPROC_CAL
02-11 21:43:17.648   788 10312 D ACDB-LOADER: ACDB -> send_audvoltable
02-11 21:43:17.648   788 10312 D ACDB-LOADER: ACDB -> ACDB_CMD_GET_AUDPROC_VOL_STEP_TABLE_SIZE
02-11 21:43:17.648   788 10312 D ACDB-LOADER: ACDB -> ACDB_CMD_GET_AUDPROC_GAIN_DEP_STEP_TABLE, vol index 0
02-11 21:43:17.648   788 10312 D         : Failed to fetch the lookup information of the device 0000003E 
02-11 21:43:17.648   788 10312 D ACDB-LOADER: ACDB -> AUDIO_SET_VOL_CAL cal type = 12
02-11 21:43:17.648   788 10312 D ACDB-LOADER: ACDB -> ACDB_CMD_GET_AUDPROC_STREAM_TABLE_SIZE
02-11 21:43:17.648   788 10312 D ACDB-LOADER: ACDB -> send_audstrmtable
02-11 21:43:17.648   788 10312 D ACDB-LOADER: ACDB -> ACDB_CMD_GET_AUDPROC_STREAM_TABLE_V2
02-11 21:43:17.648   788 10312 D ACDB-LOADER: ACDB -> audstrm_cal->cal_type.cal_data.cal_size = 456
02-11 21:43:17.648   788 10312 D ACDB-LOADER: ACDB -> send_afe_topology
02-11 21:43:17.648   788 10312 D ACDB-LOADER: ACDB -> ACDB_CMD_GET_AFE_TOPOLOGY_ID
02-11 21:43:17.648   788 10312 D ACDB-LOADER: ACDB -> GET_AFE_TOPOLOGY_ID for adcd_id 62, Topology Id 112fb
02-11 21:43:17.648   788 10312 D ACDB-LOADER: ACDB -> send_afe_cal
02-11 21:43:17.648   788 10312 D ACDB-LOADER: ACDB -> ACDB_CMD_GET_AFE_COMMON_TABLE_SIZE
02-11 21:43:17.648   788 10312 D         : Failed to fetch the lookup information of the device 0000003E 
02-11 21:43:17.648   788 10312 E ACDB-LOADER: Error: ACDB_CMD_GET_AFE_COMMON_TABLE_SIZE Returned = -19
02-11 21:43:17.648   788 10312 D ACDB-LOADER: ACDB -> ACDB_CMD_GET_AFE_COMMON_TABLE
02-11 21:43:17.648   788 10312 D         : Failed to fetch the lookup information of the device 0000003E 
02-11 21:43:17.648   788 10312 D ACDB-LOADER: ACDB -> AUDIO_SET_AFE_CAL
02-11 21:43:17.648   788 10312 D ACDB-LOADER: ACDB -> send_hw_delay : acdb_id = 62 path = 1
02-11 21:43:17.648   788 10312 D ACDB-LOADER: ACDB -> ACDB_AVSYNC_INFO: ACDB_CMD_GET_DEVICE_PROPERTY
02-11 21:43:17.648   788 10312 D audio_hw_primary: enable_snd_device: snd_device(120: voice-rec-mic)
02-11 21:43:17.649   788 10312 D audio_route: Apply path: voice-rec-mic
02-11 21:43:17.652   788 10312 V msm8974_platform: platform_get_snd_device_backend_index: enter with device 120
02-11 21:43:17.653   788 10312 E msm8974_platform: platform_get_snd_device_backend_index: BE DAI Name Table is not present
02-11 21:43:17.653   788 10312 V msm8974_platform: platform_get_backend_index:napb: backend port - 5 device - 120 
02-11 21:43:17.653   788 10312 I audio_hw_utils: Set Audio Stream Capture 0 App Type Cfg: app_type 69936, acdb_dev_id 62, sample_rate 48000, snd_device_be_idx -14
02-11 21:43:17.653   788 10312 D audio_hw_primary: enable_audio_route: usecase(9) apply and update mixer path: audio-record
02-11 21:43:17.653   788 10312 D audio_route: Apply path: audio-record
02-11 21:43:17.709  2146  2165 I zygote  : NativeAlloc concurrent copying GC freed 21294(1114KB) AllocSpace objects, 0(0B) LOS objects, 49% free, 10MB/20MB, paused 174us total 151.486ms
02-11 21:43:17.724  6397  6444 I MicroDetectionWorker: onReady
02-11 21:43:17.938  1456  7796 I OpenGLRenderer: Initialized EGL, version 1.4
02-11 21:43:17.939  1456  7796 D OpenGLRenderer: Swap behavior 2
02-11 21:43:18.002  2748  2917 W OpenGLRenderer: Incorrectly called buildLayer on View: ShortcutAndWidgetContainer, destroying layer...
02-11 21:43:18.105 10064 10134 I chatty  : uid=10955(org.mozilla.fenix.nightly) expire 1 line
02-11 21:43:18.117 10064 10089 I chatty  : uid=10955(org.mozilla.fenix.nightly) expire 2 lines
02-11 21:43:18.738  6397  6408 I zygote  : Background concurrent copying GC freed 133243(6MB) AllocSpace objects, 8(2MB) LOS objects, 49% free, 9MB/19MB, paused 255us total 114.949ms
02-11 21:43:22.560  1456  2401 I ActivityManager: Force stopping org.mozilla.fenix.nightly appid=10955 user=0: from pid 10316
02-11 21:43:22.560  1456  2401 I ActivityManager: Killing 10064:org.mozilla.fenix.nightly/u0a955 (adj 700): stop org.mozilla.fenix.nightly
02-11 21:43:22.563  1456  1605 W zygote  : kill(-10064, 9) failed: No such process
02-11 21:43:22.565 10181 10181 I chatty  : uid=10955(org.mozilla.fenix.nightly) expire 1 line
02-11 21:43:22.565  1456  2401 W ActivityManager: Force removing ActivityRecord{a4ad0b5 u0 org.mozilla.fenix.nightly/org.mozilla.fenix.HomeActivity t24624}: app died, no saved state
02-11 21:43:22.566 10155 10155 I chatty  : uid=10955(org.mozilla.fenix.nightly) expire 1 line
02-11 21:43:22.576  1456  2401 I ActivityManager: Killing 10181:org.mozilla.fenix.nightly:socket/u0a955 (adj 0): stop org.mozilla.fenix.nightly
02-11 21:43:22.579  1456  1605 W zygote  : kill(-10064, 9) failed: No such process
02-11 21:43:22.579  1456  2401 I ActivityManager: Killing 10155:org.mozilla.fenix.nightly:tab/u0a955 (adj 0): stop org.mozilla.fenix.nightly
02-11 21:43:22.593  2398  2398 D CarrierSvcBindHelper: No carrier app for: 0
02-11 21:43:22.593  2398  2398 D CarrierSvcBindHelper: No carrier app for: 1
02-11 21:43:22.593  1456  1605 W zygote  : kill(-10064, 9) failed: No such process
02-11 21:43:22.652  1456  1605 I chatty  : uid=1000(system) ActivityManager identical 7 lines
02-11 21:43:22.660  1456  1673 W ActivityManager: setHasOverlayUi called on unknown pid: 10064
02-11 21:43:22.665  1456  1605 W zygote  : kill(-10064, 9) failed: No such process
02-11 21:43:22.665  1456  1605 I zygote  : Successfully killed process cgroup uid 10955 pid 10064 in 102ms
02-11 21:43:22.665  1456  1605 W zygote  : kill(-10181, 9) failed: No such process
02-11 21:43:22.665  1456  1605 I zygote  : Successfully killed process cgroup uid 10955 pid 10181 in 0ms
02-11 21:43:22.666  1456  1605 W zygote  : kill(-10155, 9) failed: No such process
02-11 21:43:22.666  1456  1605 I zygote  : Successfully killed process cgroup uid 10955 pid 10155 in 0ms
02-11 21:43:22.685  1456  4250 I ActivityManager: START u0 {act=android.intent.action.MAIN cat=[android.intent.category.LAUNCHER] flg=0x10000000 cmp=org.mozilla.fenix.nightly/org.mozilla.fenix.HomeActivity} from uid 2000
02-11 21:43:22.685   794   839 E ANDR-PERF-RESOURCEQS: Failed to apply optimization [4, 0]
02-11 21:43:22.698   808   808 I SFPerfTracer:      triggers: (rate: 50:551207) (compose: 0:6) (post: 0:16) (render: 0:13) (0:4784381 frames) (1:6339078)
02-11 21:43:22.698   808   808 D SFPerfTracer:        layers: (4:12) (NavigationBar#0 (0xb07df000): 0:532255) (StatusBar#0 (0xb07e3000): 0:1511946) (com.android.systemui.ImageWallpaper#0 (0xb07e7000): 0:46512) (Sprite#0 (0xb0733000): 0:317)* (DimLayerController/Stack=0#0 (0xb075a000): 0:3712)* (Sprite#1 (0xb077c000): 0:195)* (com.android.launcher3/com.android.launcher3.CustomizationPanelLauncher#0 (0xb0763000): 0:41)- (com.android.launcher3/com.android.launcher3.CustomizationPanelLauncher#1 (0xb0771000): 0:9)- (Splash Screen org.mozilla.fenix.nightly#0 (0xb0384000): 0:31)- (org.mozilla.fenix.nightly/org.mozilla.fenix.HomeActivity#0 (0xb039b000): 0:40)- (com.android.launcher3/com.android.launcher3.CustomizationPanelLauncher#0 (0xb0763000): 1:39)* (com.android.launcher3/com.android.launcher3.CustomizationPanelLauncher#1 (0xb0771000): 1:8) 
02-11 21:43:22.706  1456  2402 I ActivityManager: Start proc 10325:org.mozilla.fenix.nightly/u0a955 for activity org.mozilla.fenix.nightly/org.mozilla.fenix.HomeActivity
02-11 21:43:22.801  6397  6444 I MicroDetectionState: Should stop hotword detection immediately - false
02-11 21:43:22.802  6397  6444 I MicroDetector: Keeping mic open: false
02-11 21:43:22.802  6397  8280 E DeviceStateChecker: DeviceStateChecker cancelled
02-11 21:43:22.802  6397  6444 I RecognitionAudioControl: #shutdownAudio [requestId: -7252616241799608847, keepAudioOpen: false, forced: true]
02-11 21:43:22.802  6397  6444 I RecognitionAudioControl: #internalShutdownAudio [requestId: -7252616241799608847]
02-11 21:43:22.802  6397  6444 I RecognitionAudioControl: #internalShutdownAudio [keepAudioOpen: false, forced: true]
02-11 21:43:22.802  6397  6444 I RecognitionAudioControl: #actualShutdownAudio
02-11 21:43:22.802  6397  6444 I AudioController: #shutdown [requestId=-7252616241799608847]
02-11 21:43:22.803  6397  6419 I AudioController: internalShutdown
02-11 21:43:22.803  6397  6445 I MicroRecognitionRunner: Stopping hotword detection.
02-11 21:43:22.806  6397  8283 I MicroRecognitionRunner: Detection finished
02-11 21:43:22.862 10325 10325 I chatty  : uid=10955(org.mozilla.fenix.nightly) expire 48 lines
02-11 21:43:22.866   788  1401 D audio_hw_primary: disable_audio_route: usecase(9) reset and update mixer path: audio-record
02-11 21:43:22.867   788  1401 D audio_hw_primary: disable_snd_device: snd_device(120: voice-rec-mic)
02-11 21:43:22.869  1012 19368 D APM_AudioPolicyManager: stopInput() input 132550, session 132625
02-11 21:43:22.870   788  1479 D audio_hw_primary: in_set_parameters: enter: kvpairs=routing=0
02-11 21:43:22.874  6397  6419 I MicrophoneInputStream: mic_close  SR : 16000 CC : 16 SO : 1999
02-11 21:43:22.874  6397  6419 E AudioSource: Stop listening is called on already closed AudioSource
02-11 21:43:22.939 10325 10344 I chatty  : uid=10955(org.mozilla.fenix.nightly) expire 4 lines
02-11 21:43:22.960  1456  2915 D ConnectivityService: requestNetwork for uid/pid:10955/10325 NetworkRequest [ TRACK_DEFAULT id=26599, [ Capabilities: INTERNET&NOT_RESTRICTED&TRUSTED&NOT_VPN] ]
02-11 21:43:22.961  1456  2099 D Ethernet: got request NetworkRequest [ TRACK_DEFAULT id=26599, [ Capabilities: INTERNET&NOT_RESTRICTED&TRUSTED&NOT_VPN] ] with score 0
02-11 21:43:22.961  1456  2054 D WIFI_UT : got request NetworkRequest [ TRACK_DEFAULT id=26599, [ Capabilities: INTERNET&NOT_RESTRICTED&TRUSTED&NOT_VPN] ] with score 0
02-11 21:43:22.962  1456  2054 D WIFI    : got request NetworkRequest [ TRACK_DEFAULT id=26599, [ Capabilities: INTERNET&NOT_RESTRICTED&TRUSTED&NOT_VPN] ] with score 0
02-11 21:43:22.962  2398  2398 D PhoneSwitcherNetworkRequstListener: got request NetworkRequest [ TRACK_DEFAULT id=26599, [ Capabilities: INTERNET&NOT_RESTRICTED&TRUSTED&NOT_VPN] ] with score 0
02-11 21:43:22.994 10325 10353 I chatty  : uid=10955(org.mozilla.fenix.nightly) expire 8 lines
02-11 21:43:23.028 10325 10357 I chatty  : uid=10955(org.mozilla.fenix.nightly) expire 11 lines
02-11 21:43:23.092 10325 10364 I chatty  : uid=10955(org.mozilla.fenix.nightly) expire 30 lines
02-11 21:43:23.159 10325 10330 I chatty  : uid=10955(org.mozilla.fenix.nightly) expire 8 lines
02-11 21:43:23.177 10325 10368 I chatty  : uid=10955(org.mozilla.fenix.nightly) expire 1 line
02-11 21:43:23.206 10325 10378 I chatty  : uid=10955(org.mozilla.fenix.nightly) expire 10 lines
02-11 21:43:23.480  8411  8424 D AuthStateProvider: Verifying caller's signature:77eac4ceed36afefba76179931dd4cc195ab0cd54baf355d215e7bbdd28e402a
02-11 21:43:23.480  8411  8424 D AuthStateProvider: Success!
02-11 21:43:23.481 10325 10325 E ActivityThread: Failed to find provider info for org.mozilla.fennec_aurora.fxa.auth
02-11 21:43:23.575  1456  2915 I ActivityManager: Start proc 10418:org.mozilla.fenix.nightly:tab/u0a955 for service org.mozilla.fenix.nightly/org.mozilla.gecko.process.GeckoServiceChildProcess$tab
02-11 21:43:23.613 10325 10432 I chatty  : uid=10955(org.mozilla.fenix.nightly) expire 9 lines
02-11 21:43:23.701 10418 10418 I chatty  : uid=10955(org.mozilla.fenix.nightly) expire 2 lines
02-11 21:43:23.702 10418 10443 I chatty  : uid=10955(org.mozilla.fenix.nightly) expire 1 line
02-11 21:43:23.706  1456  2402 I ActivityManager: Start proc 10444:org.mozilla.fenix.nightly:socket/u0a955 for service org.mozilla.fenix.nightly/org.mozilla.gecko.process.GeckoServiceChildProcess$socket
02-11 21:43:23.829 10444 10444 I chatty  : uid=10955(org.mozilla.fenix.nightly) expire 2 lines
02-11 21:43:23.830 10444 10460 I chatty  : uid=10955(org.mozilla.fenix.nightly) expire 15 lines
02-11 21:43:23.928  1456  4250 I ActivityManager: Displayed org.mozilla.fenix.nightly/org.mozilla.fenix.HomeActivity: +1s235ms
02-11 21:43:23.928  1456  4250 I ActivityManager: Fully drawn org.mozilla.fenix.nightly/org.mozilla.fenix.HomeActivity: +1s235ms
02-11 21:43:23.961 10325 10465 I chatty  : uid=10955(org.mozilla.fenix.nightly) expire 1 line
02-11 21:43:23.986  1456  1673 I LaunchCheckinHandler: Displayed org.mozilla.fenix.nightly/org.mozilla.fenix.HomeActivity,cp,ca,1293
02-11 21:43:24.000  8411  8424 D AuthStateProvider: Verifying caller's signature:77eac4ceed36afefba76179931dd4cc195ab0cd54baf355d215e7bbdd28e402a
02-11 21:43:24.000  8411  8424 D AuthStateProvider: Success!
02-11 21:43:24.004 10325 10325 E ActivityThread: Failed to find provider info for org.mozilla.fennec_aurora.fxa.auth
02-11 21:43:24.083  8860  8860 I Finsky  : [2] ppb.onTrimMemory(1): Memory trim requested to level 80
02-11 21:43:24.096  6397  6397 I MemoryTrimmer: Trimming objects from memory, since app is in the background.
02-11 21:43:24.112  6397  6397 I MemoryTrimmer: Trimming objects from memory, since app is in the background.
02-11 21:43:24.124  6397  8525 I PBSessionCacheImpl: Deleted sessionId[28135884977557448] from persistence.
02-11 21:43:24.139  1456  4250 I WifiService: getWifiEnabledState uid=10073
02-11 21:43:24.152  6397  6444 I DEBUG   : OpaToSrpTransitionState#onStateChanged#notNullQuery
02-11 21:43:24.155  6397  6444 I DEBUG   : OpaToSrpTransitionState#onStateChanged#notNullQuery
02-11 21:43:24.162  6397  6444 W SearchServiceCore: Abort, client detached.
02-11 21:43:24.366   808   898 I SFPerfTracer:      triggers: (rate: 0:0) (0 sw vsyncs) (0 skipped) (17:3610875 vsyncs) (19:6391363)
02-11 21:43:25.017  1023 10517 D libc    : Internal error: netid(0), id(0x1179), server(0.0.0.0)
02-11 21:43:25.017  1023 10517 D libc    : Internal error: netid(0), id(0x1179), server(0.0.0.0)
02-11 21:43:25.017  1023 10517 D libc    : Internal error: netid(0), id(0x851e), server(0.0.0.0)
02-11 21:43:25.017  1023 10517 D libc    : Internal error: netid(0), id(0x851e), server(0.0.0.0)
02-11 21:43:25.049 10325 10485 I chatty  : uid=10955(org.mozilla.fenix.nightly) expire 2 lines
02-11 21:43:25.188  1023 10525 D libc    : Internal error: netid(0), id(0xbc20), server(0.0.0.0)
02-11 21:43:25.188  1023 10525 D libc    : Internal error: netid(0), id(0xbc20), server(0.0.0.0)
02-11 21:43:25.189  1023 10525 D libc    : Internal error: netid(0), id(0xd53f), server(0.0.0.0)
02-11 21:43:25.189  1023 10525 D libc    : Internal error: netid(0), id(0xd53f), server(0.0.0.0)
02-11 21:43:25.190  1023 10527 D libc    : Internal error: netid(0), id(0x45d), server(0.0.0.0)
02-11 21:43:25.190  1023 10527 D libc    : Internal error: netid(0), id(0x45d), server(0.0.0.0)
02-11 21:43:25.190  1023 10527 D libc    : Internal error: netid(0), id(0xae5a), server(0.0.0.0)
02-11 21:43:25.190  1023 10527 D libc    : Internal error: netid(0), id(0xae5a), server(0.0.0.0)
02-11 21:43:25.192  1023 10531 D libc    : Internal error: netid(0), id(0xb424), server(0.0.0.0)
02-11 21:43:25.193  1023 10531 D libc    : Internal error: netid(0), id(0xb424), server(0.0.0.0)
02-11 21:43:25.193  1023 10531 D libc    : Internal error: netid(0), id(0x7057), server(0.0.0.0)
02-11 21:43:25.193  1023 10531 D libc    : Internal error: netid(0), id(0x7057), server(0.0.0.0)
02-11 21:43:27.810  8860  8883 I Finsky  : [264844] kay.run(3): Stats for Executor: BlockingExecutor kcu@342aef6[Running, pool size = 2, active threads = 0, queued tasks = 0, completed tasks = 11]
02-11 21:43:27.812  8860  8883 I Finsky  : [264844] kay.run(3): Stats for Executor: LightweightExecutor kcu@cf7a2f7[Running, pool size = 4, active threads = 0, queued tasks = 0, completed tasks = 71]
02-11 21:43:28.145  8860  8883 I Finsky  : [264844] kay.run(3): Stats for Executor: bgExecutor kcu@b21d564[Running, pool size = 4, active threads = 0, queued tasks = 0, completed tasks = 50]
02-11 21:43:28.348 10552 10552 D AndroidRuntime: >>>>>> START com.android.internal.os.RuntimeInit uid 2000 <<<<<<
02-11 21:43:28.361 10552 10552 W app_process: Could not reserve sentinel fault page
02-11 21:43:28.526 10552 10552 I app_process: The ClassLoaderContext is a special shared library.
02-11 21:43:28.591 10552 10552 D AndroidRuntime: Calling main entry com.android.commands.input.Input
02-11 21:43:28.593 10552 10552 I Input   : injectKeyEvent: KeyEvent { action=ACTION_DOWN, keyCode=KEYCODE_HOME, scanCode=0, metaState=0, flags=0x0, repeatCount=0, eventTime=13895869891, downTime=13895869891, deviceId=-1, source=0x101 }
02-11 21:43:28.602 10552 10552 I Input   : injectKeyEvent: KeyEvent { action=ACTION_UP, keyCode=KEYCODE_HOME, scanCode=0, metaState=0, flags=0x0, repeatCount=0, eventTime=13895869891, downTime=13895869891, deviceId=-1, source=0x101 }
02-11 21:43:28.609  1456  1941 I ActivityManager: START u0 {act=android.intent.action.MAIN cat=[android.intent.category.HOME] flg=0x10200000 cmp=com.android.launcher3/.CustomizationPanelLauncher (has extras)} from uid 1000
02-11 21:43:28.609   794   839 E ANDR-PERF-RESOURCEQS: Failed to apply optimization [4, 0]
02-11 21:43:28.623  1456  1941 I ActivityManager: moveHomeStack, setupComplete:true
02-11 21:43:28.626 10552 10552 D AndroidRuntime: Shutting down VM
02-11 21:43:28.638  6397  6439 I Adreno  : QUALCOMM build                   : bb5b86c, I77d3059488
02-11 21:43:28.638  6397  6439 I Adreno  : Build Date                       : 06/07/18
02-11 21:43:28.638  6397  6439 I Adreno  : OpenGL ES Shader Compiler Version: EV031.22.00.01_06
02-11 21:43:28.638  6397  6439 I Adreno  : Local Branch                     : 
02-11 21:43:28.638  6397  6439 I Adreno  : Remote Branch                    : refs/tags/AU_LINUX_ANDROID_LA.UM.6.5.R1.08.01.00.312.086
02-11 21:43:28.638  6397  6439 I Adreno  : Remote Branch                    : NONE
02-11 21:43:28.638  6397  6439 I Adreno  : Reconstruct Branch               : NOTHING
02-11 21:43:28.641  6397  6439 D vndksupport: Loading /vendor/lib/hw/gralloc.msm8937.so from current namespace instead of sphal namespace.
02-11 21:43:28.645  6397  6439 I Adreno  : PFP: 0x005ff087, ME: 0x005ff063
02-11 21:43:28.647  2748  2748 D Launcher.Utilities: Wakeup weather: Intent { act=com.motorola.launcher3.action.WAKEUP_WEATHER cmp=com.motorola.timeweatherwidget/com.motorola.commandcenter.weather.WakeUpService }
02-11 21:43:28.648  6397  6439 I zygote  : android::hardware::configstore::V1_0::ISurfaceFlingerConfigs::hasWideColorDisplay retrieved: 0
02-11 21:43:28.650  6397  6439 I OpenGLRenderer: Initialized EGL, version 1.4
02-11 21:43:28.650  6397  6439 D OpenGLRenderer: Swap behavior 2
02-11 21:43:28.660  1456  1456 I NotificationService: Cannot find enqueued record for key: 0|com.motorola.timeweatherwidget|1|null|10116
