--------- beginning of main
06-02 23:50:01.837  4734  4780 I MicroDataManager: Already initialized, obtaining the hotword data immediately.
06-02 23:50:01.843  1456  1605 W zygote  : kill(-26272, 9) failed: No such process
06-02 23:50:01.843  4734  4784 I TngMinusOneSync: Syncing TNG:-1
06-02 23:50:01.863  1456  1605 W zygote  : kill(-26272, 9) failed: No such process
06-02 23:50:01.877  4734  4806 I MicroRecognitionRunner: Starting detection.
06-02 23:50:01.879  4734  4806 I InputStreamUtils: Using micInputStream
06-02 23:50:01.881  1456  1605 W zygote  : kill(-26272, 9) failed: No such process
06-02 23:50:01.884  4734  4804 I MicrophoneInputStream: mic_starting  SR : 16000 CC : 16 SO : 1999
06-02 23:50:01.899   788   788 V msm8974_platform: platform_check_input_mask: enter check_input_mask source 6 mask 10
06-02 23:50:01.900  1456  1605 W zygote  : kill(-26272, 9) failed: No such process
06-02 23:50:01.904  1012 26569 I AudioFlinger: AudioFlinger's thread 0xb2483c80 tid=26569 ready to run
06-02 23:50:01.916  1456  1605 W zygote  : kill(-26272, 9) failed: No such process
06-02 23:50:01.922   788   788 D audio_hw_primary: in_set_parameters: enter: kvpairs=input_source=6;routing=-2147483644
06-02 23:50:01.924  1012  1301 D APM_AudioPolicyManager: AudioPolicyManager::startInput() input 372558, session 372673, source = 1999
06-02 23:50:01.926  4734  4804 I MicrophoneInputStream: mic_started  SR : 16000 CC : 16 SO : 1999
06-02 23:50:01.928   788 26570 V msm8974_platform: platform_update_usecase_from_source: input source :6
06-02 23:50:01.928   788 26570 V msm8974_platform: platform_check_input_mask: enter check_input_mask source 6 mask 10
06-02 23:50:01.928   788 26570 V msm8974_platform: platform_get_input_snd_device: enter: out_device(0) in_device(0x4) channel_count (1) channel_mask (0x10)
06-02 23:50:01.928   788 26570 V msm8974_platform: platform_get_input_snd_device: exit: in_snd_device(voice-rec-mic)
06-02 23:50:01.928   788 26570 V msm8974_platform: platform_get_backend_index:napb: backend port - 5 device - 120 
06-02 23:50:01.928   788 26570 V msm8974_platform: platform_check_and_set_capture_backend_cfg:txbecf: afe: bitwidth 0, samplerate 0, channel 1, backend_idx 5 usecase = 9 device (voice-rec-mic)
06-02 23:50:01.928   788 26570 V msm8974_platform: platform_check_capture_backend_cfg:txbecf: afe: Codec selected backend: 5 current bit width: 0 and sample rate: 0, channels 1
06-02 23:50:01.928   788 26570 V msm8974_platform: platform_check_capture_backend_cfg:txbecf: afe: Codec selected backend: 5 updated bit width: 0 and sample rate: 0
06-02 23:50:01.928   788 26570 I msm8974_platform: platform_check_capture_backend_cfg:txbecf: afe: Codec backend needs to be updated. new bit width: 0 new sample rate: 0 new channel: 1
06-02 23:50:01.928   788 26570 V msm8974_platform: platform_get_backend_index:napb: backend port - 5 device - 120 
06-02 23:50:01.928   788 26570 V msm8974_platform: platform_set_backend_cfg:becf: afe: bitwidth 0, samplerate 0 channels 1, backend_idx 5 device (voice-rec-mic)
06-02 23:50:01.929   788 26570 E msm8974_platform: platform_set_backend_cfg:becf: afe: Could not get ctl for mixer command - SLIM_0_TX Format
06-02 23:50:01.929   788 26570 V msm8974_platform: platform_send_audio_calibration: sending audio calibration for snd_device(120) acdb_id(62)
06-02 23:50:01.930   788 26570 D ACDB-LOADER: ACDB -> send_audio_cal, acdb_id = 62, path = 1, app id = 0x11130, sample rate = 48000
06-02 23:50:01.930   788 26570 D ACDB-LOADER: ACDB -> send_asm_topology
06-02 23:50:01.930   788 26570 D ACDB-LOADER: ACDB -> ACDB_CMD_GET_AUDPROC_STREAM_TOPOLOGY_ID
06-02 23:50:01.930   788 26570 D ACDB-LOADER: ACDB -> send_adm_topology
06-02 23:50:01.930   788 26570 D ACDB-LOADER: ACDB -> ACDB_CMD_GET_AUDPROC_COMMON_TOPOLOGY_ID
06-02 23:50:01.930   788 26570 D ACDB-LOADER: ACDB -> send_audtable
06-02 23:50:01.930   788 26570 D ACDB-LOADER: ACDB -> ACDB_CMD_GET_AUDPROC_COMMON_TABLE_SIZE
06-02 23:50:01.930   788 26570 D ACDB-LOADER: ACDB -> ACDB_CMD_GET_AUDPROC_COMMON_TABLE
06-02 23:50:01.930   788 26570 D ACDB-LOADER: ACDB -> AUDIO_SET_AUDPROC_CAL
06-02 23:50:01.930   788 26570 D ACDB-LOADER: ACDB -> send_audvoltable
06-02 23:50:01.930   788 26570 D ACDB-LOADER: ACDB -> ACDB_CMD_GET_AUDPROC_VOL_STEP_TABLE_SIZE
06-02 23:50:01.930   788 26570 D ACDB-LOADER: ACDB -> ACDB_CMD_GET_AUDPROC_GAIN_DEP_STEP_TABLE, vol index 0
06-02 23:50:01.930   788 26570 D         : Failed to fetch the lookup information of the device 0000003E 
06-02 23:50:01.930   788 26570 D ACDB-LOADER: ACDB -> AUDIO_SET_VOL_CAL cal type = 12
06-02 23:50:01.930   788 26570 D ACDB-LOADER: ACDB -> ACDB_CMD_GET_AUDPROC_STREAM_TABLE_SIZE
06-02 23:50:01.930   788 26570 D ACDB-LOADER: ACDB -> send_audstrmtable
06-02 23:50:01.930   788 26570 D ACDB-LOADER: ACDB -> ACDB_CMD_GET_AUDPROC_STREAM_TABLE_V2
06-02 23:50:01.930   788 26570 D ACDB-LOADER: ACDB -> audstrm_cal->cal_type.cal_data.cal_size = 456
06-02 23:50:01.930   788 26570 D ACDB-LOADER: ACDB -> send_afe_topology
06-02 23:50:01.930   788 26570 D ACDB-LOADER: ACDB -> ACDB_CMD_GET_AFE_TOPOLOGY_ID
06-02 23:50:01.930   788 26570 D ACDB-LOADER: ACDB -> GET_AFE_TOPOLOGY_ID for adcd_id 62, Topology Id 112fb
06-02 23:50:01.930   788 26570 D ACDB-LOADER: ACDB -> send_afe_cal
06-02 23:50:01.930   788 26570 D ACDB-LOADER: ACDB -> ACDB_CMD_GET_AFE_COMMON_TABLE_SIZE
06-02 23:50:01.930   788 26570 D         : Failed to fetch the lookup information of the device 0000003E 
06-02 23:50:01.931   788 26570 E ACDB-LOADER: Error: ACDB_CMD_GET_AFE_COMMON_TABLE_SIZE Returned = -19
06-02 23:50:01.931   788 26570 D ACDB-LOADER: ACDB -> ACDB_CMD_GET_AFE_COMMON_TABLE
06-02 23:50:01.931   788 26570 D         : Failed to fetch the lookup information of the device 0000003E 
06-02 23:50:01.931   788 26570 D ACDB-LOADER: ACDB -> AUDIO_SET_AFE_CAL
06-02 23:50:01.931   788 26570 D ACDB-LOADER: ACDB -> send_hw_delay : acdb_id = 62 path = 1
06-02 23:50:01.931   788 26570 D ACDB-LOADER: ACDB -> ACDB_AVSYNC_INFO: ACDB_CMD_GET_DEVICE_PROPERTY
06-02 23:50:01.931   788 26570 D audio_hw_primary: enable_snd_device: snd_device(120: voice-rec-mic)
06-02 23:50:01.931  1456  1605 W zygote  : kill(-26272, 9) failed: No such process
06-02 23:50:01.931   788 26570 D audio_route: Apply path: voice-rec-mic
06-02 23:50:01.934   788 26570 V msm8974_platform: platform_get_snd_device_backend_index: enter with device 120
06-02 23:50:01.934   788 26570 E msm8974_platform: platform_get_snd_device_backend_index: BE DAI Name Table is not present
06-02 23:50:01.934   788 26570 V msm8974_platform: platform_get_backend_index:napb: backend port - 5 device - 120 
06-02 23:50:01.934   788 26570 I audio_hw_utils: Set Audio Stream Capture 0 App Type Cfg: app_type 69936, acdb_dev_id 62, sample_rate 48000, snd_device_be_idx -14
06-02 23:50:01.935   788 26570 D audio_hw_primary: enable_audio_route: usecase(9) apply and update mixer path: audio-record
06-02 23:50:01.935   788 26570 D audio_route: Apply path: audio-record
--------- beginning of system
06-02 23:50:01.936  1456  2916 D ConnectivityService: ConnectivityService NetworkRequestInfo binderDied(NetworkRequest [ TRACK_DEFAULT id=58247, [ Capabilities: INTERNET&NOT_RESTRICTED&TRUSTED&NOT_VPN] ], android.os.BinderProxy@4ac06eb)
06-02 23:50:01.936  1456  2067 D ConnectivityService: releasing NetworkRequest [ TRACK_DEFAULT id=58247, [ Capabilities: INTERNET&NOT_RESTRICTED&TRUSTED&NOT_VPN] ] (release request)
06-02 23:50:01.944  1456  1605 W zygote  : kill(-26272, 9) failed: No such process
06-02 23:50:01.954  1456 10366 D ConnectivityService: ConnectivityService NetworkRequestInfo binderDied(NetworkRequest [ LISTEN id=58243, [ Capabilities: INTERNET&NOT_RESTRICTED&TRUSTED] ], android.os.BinderProxy@c1cbc48)
06-02 23:50:01.954  1456  5031 D ConnectivityService: ConnectivityService NetworkRequestInfo binderDied(NetworkRequest [ TRACK_DEFAULT id=58242, [ Capabilities: INTERNET&NOT_RESTRICTED&TRUSTED&NOT_VPN] ], android.os.BinderProxy@14a4ae1)
06-02 23:50:01.954  1456  2067 D ConnectivityService: releasing NetworkRequest [ TRACK_DEFAULT id=58242, [ Capabilities: INTERNET&NOT_RESTRICTED&TRUSTED&NOT_VPN] ] (release request)
06-02 23:50:01.959  1456  1605 I chatty  : uid=1000(system) ActivityManager identical 1 line
06-02 23:50:01.975  1456  1605 W zygote  : kill(-26272, 9) failed: No such process
06-02 23:50:01.977  4734  4749 I zygote  : Background concurrent copying GC freed 168171(8MB) AllocSpace objects, 9(2MB) LOS objects, 50% free, 9MB/19MB, paused 758us total 199.269ms
06-02 23:50:01.991  1456  1605 W zygote  : kill(-26272, 9) failed: No such process
06-02 23:50:02.004  1456  1605 W zygote  : kill(-26272, 9) failed: No such process
06-02 23:50:02.005  4734  4784 I MicroDetectionWorker: onReady
06-02 23:50:02.011  1456  1471 D ConnectivityService: ConnectivityService NetworkRequestInfo binderDied(NetworkRequest [ LISTEN id=58241, [ Capabilities: INTERNET&NOT_RESTRICTED&TRUSTED] ], android.os.BinderProxy@a78a006)
06-02 23:50:02.017  1456  1605 W zygote  : kill(-26272, 9) failed: No such process
06-02 23:50:02.031  1456  1605 I chatty  : uid=1000(system) ActivityManager identical 1 line
06-02 23:50:02.044  1456  1605 W zygote  : kill(-26272, 9) failed: No such process
06-02 23:50:02.047  1456  1605 I zygote  : Successfully killed process cgroup uid 11370 pid 26272 in 630ms
06-02 23:50:02.048  1456  1605 W zygote  : kill(-26360, 9) failed: No such process
06-02 23:50:02.048  1456  1605 I zygote  : Successfully killed process cgroup uid 11370 pid 26360 in 0ms
06-02 23:50:02.048  1456  1605 W zygote  : kill(-5708, 9) failed: No such process
06-02 23:50:02.048  1456  1605 I zygote  : Successfully killed process cgroup uid 10062 pid 5708 in 0ms
06-02 23:50:02.048  1456  1605 W zygote  : kill(-26033, 9) failed: No such process
06-02 23:50:02.048  1456  1605 I zygote  : Successfully killed process cgroup uid 10030 pid 26033 in 0ms
06-02 23:50:02.049  1456  1605 W zygote  : kill(-5112, 9) failed: No such process
06-02 23:50:02.049  1456  1605 I zygote  : Successfully killed process cgroup uid 10110 pid 5112 in 0ms
06-02 23:50:02.049  1456  1605 W zygote  : kill(-25917, 9) failed: No such process
06-02 23:50:02.049  1456  1605 I zygote  : Successfully killed process cgroup uid 10027 pid 25917 in 0ms
06-02 23:50:02.049  1456  1605 W zygote  : kill(-5364, 9) failed: No such process
06-02 23:50:02.049  1456  1605 I zygote  : Successfully killed process cgroup uid 10062 pid 5364 in 0ms
06-02 23:50:02.050  1456  1605 W zygote  : kill(-25979, 9) failed: No such process
06-02 23:50:02.050  1456  1605 I zygote  : Successfully killed process cgroup uid 10036 pid 25979 in 0ms
06-02 23:50:02.050  1456  1605 W zygote  : kill(-26058, 9) failed: No such process
06-02 23:50:02.050  1456  1605 I zygote  : Successfully killed process cgroup uid 10090 pid 26058 in 0ms
06-02 23:50:02.050  1456  1605 W zygote  : kill(-26065, 9) failed: No such process
06-02 23:50:02.050  1456  1605 I zygote  : Successfully killed process cgroup uid 10108 pid 26065 in 0ms
06-02 23:50:02.051  1456  1605 W zygote  : kill(-26250, 9) failed: No such process
06-02 23:50:02.051  1456  1605 I zygote  : Successfully killed process cgroup uid 10044 pid 26250 in 0ms
06-02 23:50:02.051  1456  1605 W zygote  : kill(-25929, 9) failed: No such process
06-02 23:50:02.051  1456  1605 I zygote  : Successfully killed process cgroup uid 1000 pid 25929 in 0ms
06-02 23:50:02.052  1456  1605 W zygote  : kill(-25958, 9) failed: No such process
06-02 23:50:02.052  1456  1605 I zygote  : Successfully killed process cgroup uid 10085 pid 25958 in 0ms
06-02 23:50:02.052  1456  1605 W zygote  : kill(-26133, 9) failed: No such process
06-02 23:50:02.052  1456  1605 I zygote  : Successfully killed process cgroup uid 10114 pid 26133 in 0ms
06-02 23:50:02.052  1456  1605 W zygote  : kill(-4276, 9) failed: No such process
06-02 23:50:02.052  1456  1605 I zygote  : Successfully killed process cgroup uid 11187 pid 4276 in 0ms
06-02 23:50:02.052  1456  1605 W zygote  : kill(-7689, 9) failed: No such process
06-02 23:50:02.052  1456  1605 I zygote  : Successfully killed process cgroup uid 10014 pid 7689 in 0ms
06-02 23:50:02.053  1456  1605 W zygote  : kill(-5469, 9) failed: No such process
06-02 23:50:02.053  1456  1605 I zygote  : Successfully killed process cgroup uid 10031 pid 5469 in 0ms
06-02 23:50:02.053  1456  1605 W zygote  : kill(-4433, 9) failed: No such process
06-02 23:50:02.053  1456  1605 I zygote  : Successfully killed process cgroup uid 10036 pid 4433 in 0ms
06-02 23:50:02.141  1456  2204 I ActivityManager: START u0 {act=android.intent.action.VIEW dat=https://example.com/... typ=text/html flg=0x10000000 cmp=org.mozilla.fennec_aurora/org.mozilla.fenix.IntentReceiverActivity} from uid 2000
06-02 23:50:02.141   794   839 E ANDR-PERF-RESOURCEQS: Failed to apply optimization [4, 0]
06-02 23:50:02.159  2748  2917 W OpenGLRenderer: Incorrectly called buildLayer on View: ShortcutAndWidgetContainer, destroying layer...
06-02 23:50:02.175  1456 10736 I ActivityManager: Start proc 26580:org.mozilla.fennec_aurora/u0a1370 for activity org.mozilla.fennec_aurora/org.mozilla.fenix.IntentReceiverActivity
06-02 23:50:02.267  4734  4784 I MicroDetectionState: Should stop hotword detection immediately - false
06-02 23:50:02.267  4734  4784 I MicroDetector: Keeping mic open: false
06-02 23:50:02.267  4734  4807 E DeviceStateChecker: DeviceStateChecker cancelled
06-02 23:50:02.267  4734  4784 I RecognitionAudioControl: #shutdownAudio [requestId: 6180654552767183074, keepAudioOpen: false, forced: true]
06-02 23:50:02.267  4734  4784 I RecognitionAudioControl: #internalShutdownAudio [requestId: 6180654552767183074]
06-02 23:50:02.268  4734  4784 I RecognitionAudioControl: #internalShutdownAudio [keepAudioOpen: false, forced: true]
06-02 23:50:02.268  4734  4784 I RecognitionAudioControl: #actualShutdownAudio
06-02 23:50:02.268  4734  4784 I AudioController: #shutdown [requestId=6180654552767183074]
06-02 23:50:02.268  4734  4760 I AudioController: internalShutdown
06-02 23:50:02.268  4734  4765 I MicroRecognitionRunner: Stopping hotword detection.
06-02 23:50:02.298 26580 26580 D FirebaseApp: com.google.firebase.auth.FirebaseAuth is not linked. Skipping initialization.
06-02 23:50:02.299 26580 26580 D FirebaseApp: com.google.firebase.crash.FirebaseCrash is not linked. Skipping initialization.
06-02 23:50:02.301 26580 26580 I FirebaseInitProvider: FirebaseApp initialization successful
06-02 23:50:02.307  1456  7796 I OpenGLRenderer: Initialized EGL, version 1.4
06-02 23:50:02.307  1456  7796 D OpenGLRenderer: Swap behavior 2
06-02 23:50:02.330   788   788 D audio_hw_primary: disable_audio_route: usecase(9) reset and update mixer path: audio-record
06-02 23:50:02.331   788   788 D audio_hw_primary: disable_snd_device: snd_device(120: voice-rec-mic)
06-02 23:50:02.333  1012  1301 D APM_AudioPolicyManager: stopInput() input 372558, session 372673
06-02 23:50:02.334   788  1479 D audio_hw_primary: in_set_parameters: enter: kvpairs=routing=0
06-02 23:50:02.336  4734  4760 I MicrophoneInputStream: mic_close  SR : 16000 CC : 16 SO : 1999
06-02 23:50:02.336  4734  4760 E AudioSource: Stop listening is called on already closed AudioSource
06-02 23:50:02.337  4734  4806 I MicroRecognitionRunner: Detection finished
06-02 23:50:02.343 26580 26600 I FA      : Collection disabled with firebase_analytics_collection_enabled=0
06-02 23:50:02.344 26580 26600 I FA      : App measurement is starting up, version: 12780
06-02 23:50:02.344 26580 26600 I FA      : To enable debug logging run: adb shell setprop log.tag.FA VERBOSE
06-02 23:50:02.345 26580 26600 I FA      : To enable faster debug mode event logging run:
06-02 23:50:02.345 26580 26600 I FA      :   adb shell setprop debug.firebase.analytics.app org.mozilla.fennec_aurora
06-02 23:50:02.354 26580 26580 D FennecProfile: profiles.ini: true
06-02 23:50:02.359 26580 26580 D FennecProfile: Ignoring line in [general] section: StartWithLastProfile=1
06-02 23:50:02.360 26580 26580 D FennecProfile: Found 1 profiles
06-02 23:50:02.360 26580 26580 D FennecProfile: Found default profile: FennecProfile(name=default, path=/data/user/0/org.mozilla.fennec_aurora/files/mozilla/ms8lhhwg.default, default=true)
06-02 23:50:02.382 26580 26580 D FennecMigrator: No migrations to run. Fennec install - false.
06-02 23:50:02.396   808   808 I SFPerfTracer:      triggers: (rate: 93:2063993) (compose: 0:7) (post: 0:19) (render: 0:17) (36:11654214 frames) (37:14958378)
06-02 23:50:02.396   808   808 D SFPerfTracer:        layers: (4:13) (NavigationBar#0 (0xb07df000): 13:1174140) (StatusBar#0 (0xb07e3000): 9:2830767) (com.android.systemui.ImageWallpaper#0 (0xb07e7000): 0:109863) (Sprite#0 (0xb0733000): 0:317)* (DimLayerController/Stack=0#0 (0xb075a000): 0:3866)* (Sprite#1 (0xb077c000): 0:195)* (com.android.launcher3/com.android.launcher3.CustomizationPanelLauncher#0 (0xb0763000): 0:43)- (com.android.launcher3/com.android.launcher3.CustomizationPanelLauncher#1 (0xb0771000): 0:11)- (org.mozilla.fennec_aurora/org.mozilla.fenix.IntentReceiverActivity#0 (0xafd20000): 0:2)- (Splash Screen org.mozilla.fennec_aurora#0 (0xb039b000): 0:31)- (org.mozilla.fennec_aurora/org.mozilla.fenix.HomeActivity#0 (0xafdc7000): 0:50)- (com.android.launcher3/com.android.launcher3.CustomizationPanelLauncher#0 (0xb0763000): 30:36)* (com.android.launcher3/com.android.launcher3.CustomizationPanelLauncher#1 (0xb0771000): 3:6) 
06-02 23:50:02.404 26580 26580 D FenixApplication: Initializing Glean (uploadEnabled=true, isFennec=true)
06-02 23:50:02.415 26580 26608 D RustNativeSupport: findMegazordLibraryName(viaduct, 0.59.0
06-02 23:50:02.415 26580 26608 D RustNativeSupport: lib in use: none
06-02 23:50:02.415 26580 26608 D RustNativeSupport: lib configured: megazord
06-02 23:50:02.415 26580 26608 D RustNativeSupport: lib version configured: 0.59.0
06-02 23:50:02.415 26580 26608 D RustNativeSupport: settled on megazord
06-02 23:50:02.432 26580 26607 D libglean_ffi: glean_ffi: Android logging should be hooked up!
06-02 23:50:02.446 26580 26607 I glean/Glean: Registering pings for mozilla.telemetry.glean.GleanMetrics.Pings
06-02 23:50:02.452 26580 26580 D GeckoThread: State changed to LAUNCHED
06-02 23:50:02.452 26580 26608 D RustNativeSupport: findMegazordLibraryName(rustlog, 0.59.0
06-02 23:50:02.452 26580 26608 D RustNativeSupport: lib in use: none
06-02 23:50:02.452 26580 26608 D RustNativeSupport: lib configured: megazord
06-02 23:50:02.452 26580 26608 D RustNativeSupport: lib version configured: 0.59.0
06-02 23:50:02.452 26580 26608 D RustNativeSupport: settled on megazord
06-02 23:50:02.452 26580 26607 I libglean_ffi: glean_core: Creating new Glean
06-02 23:50:02.453 26580 26607 D libglean_ffi: glean_core::database: Database path: "/data/user/0/org.mozilla.fennec_aurora/glean_data/db"
06-02 23:50:02.453 26580 26611 I GeckoThread: preparing to run Gecko
06-02 23:50:02.453 26580 26607 I libglean_ffi: glean_core::database: Database initialized
06-02 23:50:02.458 26580 26607 I libglean_ffi: glean_ffi: Glean initialized
06-02 23:50:02.462 26580 26580 D GeckoRuntime: Lifecycle: onCreate
06-02 23:50:02.463 26580 26611 D GeckoThread: State changed to MOZGLUE_READY
06-02 23:50:02.463 26580 26608 I rc_log_ffi::ios: rc_log adapter initialized!
06-02 23:50:02.465 26580 26607 I libglean_ffi: glean_core::ping: Collecting events
06-02 23:50:02.469 26580 26607 D libglean_ffi: glean_core::ping: Storing ping '19851e70-1c89-456e-b4ce-e15ec2f5d591' at '/data/user/0/org.mozilla.fennec_aurora/glean_data/pending_pings/19851e70-1c89-456e-b4ce-e15ec2f5d591'
06-02 23:50:02.469 26580 26607 I libglean_ffi: glean_core: The ping 'events' was submitted and will be sent as soon as possible
06-02 23:50:02.476 26580 26611 W Settings: Setting animator_duration_scale has moved from android.provider.Settings.System to android.provider.Settings.Global, returning read-only global URI.
06-02 23:50:02.478 26580 26580 I zygote  : Deoptimizing java.lang.Object androidx.collection.SimpleArrayMap.put(java.lang.Object, java.lang.Object) due to JIT inline cache
06-02 23:50:02.480 26580 26611 E GeckoLibLoad: Load sqlite start
06-02 23:50:02.484 26580 26611 E GeckoLibLoad: Load sqlite done
06-02 23:50:02.484 26580 26611 E GeckoLibLoad: Load nss start
06-02 23:50:02.484 26580 26611 E GeckoLibLoad: Load nss done
06-02 23:50:02.493 26580 26580 D GleanMetricsService: Enabling Glean.
06-02 23:50:02.498 26580 26607 D glean/MetricsPingSched: The 'metrics' ping was last sent on Tue Jun 02 00:00:00 EDT 2020
06-02 23:50:02.499 26580 26607 I glean/MetricsPingSched: The 'metrics' ping was already sent today, Tue Jun 02 23:50:02 EDT 2020.
06-02 23:50:02.500 26580 26607 D glean/MetricsPingSched: Scheduling the 'metrics' ping in 14997521ms
06-02 23:50:02.509 26580 26607 I libglean_ffi: glean_core::ping: Collecting baseline
06-02 23:50:02.511 26580 26611 E GeckoLibLoad: Loaded libs in 25.663440ms total, 10ms(76ms) user, 10ms(36ms) system, 0(1) faults
06-02 23:50:02.511 26580 26611 D GeckoThread: State changed to LIBS_READY
06-02 23:50:02.513 26580 26607 D libglean_ffi: glean_core::ping: Storing ping 'b2b95c8d-8a84-4a73-bd30-0bbf0bf9bb00' at '/data/user/0/org.mozilla.fennec_aurora/glean_data/pending_pings/b2b95c8d-8a84-4a73-bd30-0bbf0bf9bb00'
06-02 23:50:02.513 26580 26607 I libglean_ffi: glean_core: The ping 'baseline' was submitted and will be sent as soon as possible
06-02 23:50:02.513 26580 26580 I glean/Dispatchers: Task queued for execution and delayed until flushed
06-02 23:50:02.514 26580 26607 D libglean_ffi: glean_core: Clearing Lifetime::Application metrics
06-02 23:50:02.515 26580 26611 W GeckoThread: zerdatime 23684308588 - runGecko
06-02 23:50:02.517 26580 26611 D GeckoProfile: Loading profile at: null name: default
06-02 23:50:02.518 26580 26611 D GeckoProfile: Found profile dir: /data/user/0/org.mozilla.fennec_aurora/files/mozilla/ms8lhhwg.default
06-02 23:50:02.518 26580 26580 I AdjustMetricsService: No adjust token defined
06-02 23:50:02.520 26580 26580 D PushConfig: Creating push configuration for autopush.
06-02 23:50:02.524  1456  2204 D ConnectivityService: requestNetwork for uid/pid:11370/26580 NetworkRequest [ TRACK_DEFAULT id=58539, [ Capabilities: INTERNET&NOT_RESTRICTED&TRUSTED&NOT_VPN] ]
06-02 23:50:02.526  1456  2099 D Ethernet: got request NetworkRequest [ TRACK_DEFAULT id=58539, [ Capabilities: INTERNET&NOT_RESTRICTED&TRUSTED&NOT_VPN] ] with score 60
06-02 23:50:02.526  1456  2054 D WIFI_UT : got request NetworkRequest [ TRACK_DEFAULT id=58539, [ Capabilities: INTERNET&NOT_RESTRICTED&TRUSTED&NOT_VPN] ] with score 60
06-02 23:50:02.526  1456  2054 D WIFI    : got request NetworkRequest [ TRACK_DEFAULT id=58539, [ Capabilities: INTERNET&NOT_RESTRICTED&TRUSTED&NOT_VPN] ] with score 60
06-02 23:50:02.526  2398  2398 D PhoneSwitcherNetworkRequstListener: got request NetworkRequest [ TRACK_DEFAULT id=58539, [ Capabilities: INTERNET&NOT_RESTRICTED&TRUSTED&NOT_VPN] ] with score 60
06-02 23:50:02.528 26580 26580 I App     : AutoPushFeature is configured, initializing it...
06-02 23:50:02.530 26580 26580 I AutoPushFeature: Checking validity of push subscriptions.
06-02 23:50:02.542 26580 26580 D FennecProfile: profiles.ini: true
06-02 23:50:02.545 26580 26580 D FennecProfile: Ignoring line in [general] section: StartWithLastProfile=1
06-02 23:50:02.545 26580 26580 D FennecProfile: Found 1 profiles
06-02 23:50:02.545 26580 26580 D FennecProfile: Found default profile: FennecProfile(name=default, path=/data/user/0/org.mozilla.fennec_aurora/files/mozilla/ms8lhhwg.default, default=true)
06-02 23:50:02.559 26580 26608 W [WARNING][Leanplum]: [com.leanplum.internal.ActionManager::getLocationManager::8]: Geofencing support requires leanplum-location module and Google Play Services v8.1 and higher.
06-02 23:50:02.559 26580 26608 W [WARNING][Leanplum]: Add this to your build.gradle file:
06-02 23:50:02.559 26580 26608 W [WARNING][Leanplum]: implementation 'com.google.android.gms:play-services-location:8.3.0+'
06-02 23:50:02.559 26580 26608 W [WARNING][Leanplum]: implementation 'com.leanplum:leanplum-location:+'
06-02 23:50:02.563 26580 26607 I libglean_ffi: glean_core: Upload enabled: true
06-02 23:50:02.571 26580 26580 D FennecMigrator: This is not a Fennec installation. No migration needed.
06-02 23:50:02.572 26580 26580 D SessionManager: onTrimMemory(15): clearThumbnails=true, closeEngineSessions=true
06-02 23:50:02.573 26580 26580 D SessionManager: Cleared 0 thumbnail(s) and unlinked 0 engine sessions(s)
06-02 23:50:02.592 26580 26608 I [INFO][Leanplum]: [com.leanplum.monitoring.ExceptionHandler::setContext::6]: LeanplumExceptionHandler could not initialize Exception Reporting.This is expected if you have not included the leanplum-monitoring module
06-02 23:50:02.602 26580 26611 I Gecko:DumpUtils: Fifo watcher disabled via pref.
06-02 23:50:02.616 26580 26639 I [INFO][Leanplum]: [com.leanplum.LeanplumFcmProvider::isManifestSetup::11]: Firebase Messaging is setup correctly.
06-02 23:50:02.629 26580 26580 D GeckoRuntime: Lifecycle: onStart
06-02 23:50:02.639 26580 26580 D GeckoRuntime: Lifecycle: onResume
06-02 23:50:02.640 26580 26580 D GeckoNetworkManager: Incoming event start for state OffNoListeners -> OnNoListeners
06-02 23:50:02.642 26580 26580 D GeckoNetworkManager: New network state: UP, WIFI, WIFI
06-02 23:50:02.652 26580 26611 D GeckoSysInfo: System memory: 1867MB.
06-02 23:50:02.656 26580 26611 D GeckoThread: State changed to JNI_READY
06-02 23:50:02.656 26580 26635 D NetworkSecurityConfig: No Network Security Config specified, using platform default
06-02 23:50:02.664 26580 26585 I zygote  : Do partial code cache collection, code=24KB, data=29KB
06-02 23:50:02.666 26580 26585 I zygote  : After code cache collection, code=21KB, data=28KB
06-02 23:50:02.666 26580 26585 I zygote  : Increasing code cache capacity to 128KB
06-02 23:50:02.671 26580 26664 D OpenGLRenderer: HWUI GL Pipeline
06-02 23:50:02.681  1456  2204 I ActivityManager: Start proc 26665:org.mozilla.fennec_aurora:tab0/u0a1370 for service org.mozilla.fennec_aurora/org.mozilla.gecko.process.GeckoChildProcessServices$tab0
06-02 23:50:02.685 26580 26652 D ServiceAllocator: org.mozilla.gecko.process.GeckoChildProcessServices$tab0 updateBindings: BACKGROUND priority, 0 importance, 2 successful binds, 0 failed binds, 0 successful unbinds, 0 failed unbinds
06-02 23:50:02.710 26580 26679 D glean/PingUploadWorker: Processing persisted pings at /data/user/0/org.mozilla.fennec_aurora/glean_data/pending_pings
06-02 23:50:02.711 26580 26679 D glean/PingUploadWorker: Processing ping: 19851e70-1c89-456e-b4ce-e15ec2f5d591
06-02 23:50:02.712 26580 26607 I libglean_ffi: glean_core::ping: Collecting baseline
06-02 23:50:02.716 26580 26607 D libglean_ffi: glean_core::ping: Storing ping 'ffa6f5f3-bc5f-49d7-acd7-cf35b9b12677' at '/data/user/0/org.mozilla.fennec_aurora/glean_data/pending_pings/ffa6f5f3-bc5f-49d7-acd7-cf35b9b12677'
06-02 23:50:02.717 26580 26607 I libglean_ffi: glean_core: The ping 'baseline' was submitted and will be sent as soon as possible
06-02 23:50:02.727 26580 26679 D glean/ConceptFetchHttpUploader: Submitting ping to: https://incoming.telemetry.mozilla.org/submit/org-mozilla-fennec-aurora/events/1/19851e70-1c89-456e-b4ce-e15ec2f5d591
06-02 23:50:02.781  1456  5907 I ActivityManager: START u0 {act=android.intent.action.VIEW dat=https://example.com/... typ=text/html cmp=org.mozilla.fennec_aurora/org.mozilla.fenix.HomeActivity (has extras)} from uid 11370
06-02 23:50:02.793 26665 26665 D GeckoThread: State changed to LAUNCHED
06-02 23:50:02.793 26665 26686 I GeckoThread: preparing to run Gecko
06-02 23:50:02.798 26580 26580 D GeckoNetworkManager: Incoming event receivedUpdate for state OnNoListeners -> OnNoListeners
06-02 23:50:02.799 26580 26580 D GeckoNetworkManager: New network state: UP, WIFI, WIFI
06-02 23:50:02.800  1456  2204 I WifiService: getDhcpInfo uid=11370
06-02 23:50:02.832 26580 26585 I zygote  : Do partial code cache collection, code=52KB, data=46KB
06-02 23:50:02.834 26580 26585 I zygote  : After code cache collection, code=45KB, data=41KB
06-02 23:50:02.834 26580 26585 I zygote  : Increasing code cache capacity to 256KB
06-02 23:50:02.853 26580 26664 I Adreno  : QUALCOMM build                   : bb5b86c, I77d3059488
06-02 23:50:02.853 26580 26664 I Adreno  : Build Date                       : 06/07/18
06-02 23:50:02.853 26580 26664 I Adreno  : OpenGL ES Shader Compiler Version: EV031.22.00.01_06
06-02 23:50:02.853 26580 26664 I Adreno  : Local Branch                     : 
06-02 23:50:02.853 26580 26664 I Adreno  : Remote Branch                    : refs/tags/AU_LINUX_ANDROID_LA.UM.6.5.R1.08.01.00.312.086
06-02 23:50:02.853 26580 26664 I Adreno  : Remote Branch                    : NONE
06-02 23:50:02.853 26580 26664 I Adreno  : Reconstruct Branch               : NOTHING
06-02 23:50:02.854 26580 26664 D vndksupport: Loading /vendor/lib/hw/gralloc.msm8937.so from current namespace instead of sphal namespace.
06-02 23:50:02.862 26580 26664 I Adreno  : PFP: 0x005ff087, ME: 0x005ff063
06-02 23:50:02.873 26580 26664 I zygote  : android::hardware::configstore::V1_0::ISurfaceFlingerConfigs::hasWideColorDisplay retrieved: 0
06-02 23:50:02.874 26580 26664 I OpenGLRenderer: Initialized EGL, version 1.4
06-02 23:50:02.874 26580 26664 D OpenGLRenderer: Swap behavior 2
06-02 23:50:02.897  1456  2204 I WindowManager: Keep hide if surface has never drawn Window{5ca94a7 u0 org.mozilla.fennec_aurora/org.mozilla.fenix.IntentReceiverActivity}
06-02 23:50:02.898  1456  2204 I WindowManager: Failed to capture screenshot of Token{3eeb692 ActivityRecord{6bfb41d u0 org.mozilla.fennec_aurora/org.mozilla.fenix.IntentReceiverActivity t78531 f}} appWin=Window{5ca94a7 u0 org.mozilla.fennec_aurora/org.mozilla.fenix.IntentReceiverActivity} drawState=1
06-02 23:50:02.909 26580 26580 D MigrationPushRenewer: Migration state: NONE
06-02 23:50:02.910 26580 26580 D MigrationTelemetryListener: Migration state: NONE
06-02 23:50:02.940  1456  1673 I LaunchCheckinHandler: Displayed org.mozilla.fennec_aurora/org.mozilla.fenix.IntentReceiverActivity,cp,ca,779
06-02 23:50:02.965 26580 26580 D PhoneWindow: Restoring navigation bar divider color to default value = 0x00000000
06-02 23:50:03.029 26580 26580 I NavController: Ignoring popBackStack to destination org.mozilla.fennec_aurora:id/browserFragment as it was not found on the current back stack
06-02 23:50:03.236 26580 26611 D GeckoThread: State changed to PROFILE_READY
06-02 23:50:03.296 26580 26580 I FirefoxAccountStateMachine: Enabling/updating sync with a new SyncConfig: SyncConfig(supportedEngines=[mozilla.components.service.fxa.SyncEngine$History@45c0aa2, mozilla.components.service.fxa.SyncEngine$Bookmarks@1ba1333, mozilla.components.service.fxa.SyncEngine$Passwords@a85e6f0, mozilla.components.service.fxa.SyncEngine$Tabs@500a469], syncPeriodInMinutes=240)
06-02 23:50:03.299 26580 26580 I BgSyncManager: Periodic syncing enabled at a 240 interval
06-02 23:50:03.300 26580 26580 I FirefoxAccountStateMachine: Sync is enabled
06-02 23:50:03.309 26580 26696 I FirefoxAccountStateMachine: Processing event Event$Init for state Start. Next state is Start
06-02 23:50:03.329 26580 26629 D RustNativeSupport: findMegazordLibraryName(places, 0.59.0
06-02 23:50:03.329 26580 26629 D RustNativeSupport: lib in use: none
06-02 23:50:03.329 26580 26629 D RustNativeSupport: lib configured: megazord
06-02 23:50:03.329 26580 26629 D RustNativeSupport: lib version configured: 0.59.0
06-02 23:50:03.329 26580 26629 D RustNativeSupport: settled on megazord
06-02 23:50:03.334 26580 26629 D places_ffi: places_api_new
06-02 23:50:03.338 26580 26696 I FirefoxAccountStateMachine: Ran 'Event$Init' side-effects for state Start, got successive event Event$AccountNotFound
06-02 23:50:03.338 26580 26696 I FirefoxAccountStateMachine: Processing event Event$AccountNotFound for state Start. Next state is NotAuthenticated
06-02 23:50:03.353 26580 26611 D GeckoThread: State changed to RUNNING
06-02 23:50:03.357 26580 26696 D RustNativeSupport: findMegazordLibraryName(fxaclient, 0.59.0
06-02 23:50:03.357 26580 26696 D RustNativeSupport: lib in use: none
06-02 23:50:03.358 26580 26696 D RustNativeSupport: lib configured: megazord
06-02 23:50:03.358 26580 26696 D RustNativeSupport: lib version configured: 0.59.0
06-02 23:50:03.358 26580 26696 D RustNativeSupport: settled on megazord
06-02 23:50:03.361 26580 26696 D fxaclient_ffi: fxa_new
06-02 23:50:03.376 26580 26611 I Gecko   : -*- nsDNSServiceDiscovery.js : nsDNSServiceDiscovery
06-02 23:50:03.401 26580 26629 D sql_support::conn_ext: Transaction commited after 42.082817ms
06-02 23:50:03.403 26580 26629 D places_ffi: places_connection_new
06-02 23:50:03.408 26580 26629 D places_ffi: places_connection_new
06-02 23:50:03.413 26580 26580 W GeckoEventDispatcher: No listener for GeckoView:AccessibilityEnabled
06-02 23:50:03.434 26580 26629 D places_ffi: bookmarks_get_all_with_url
06-02 23:50:03.475 26580 26696 W FirefoxAccountStateMachine: Got invalid event Event$Init for state NotAuthenticated.
06-02 23:50:03.499 26580 26585 I zygote  : Do full code cache collection, code=124KB, data=97KB
06-02 23:50:03.501 26580 26585 I zygote  : After code cache collection, code=93KB, data=60KB
06-02 23:50:03.510 26580 26701 W LOTTIE  : Animation contains merge paths. Merge paths are only supported on KitKat+ and must be manually enabled by calling enableMergePathsForKitKatAndAbove().
06-02 23:50:03.535 26580 26714 I Gecko   : [GFX1-]: Failed to create EGLContext!: 0x300c
06-02 23:50:03.592 26580 26611 W ResourceType: Too many attribute references, stopped at: 0x01010099
06-02 23:50:03.605  1456  4802 I ActivityManager: Displayed org.mozilla.fennec_aurora/org.mozilla.fenix.HomeActivity: +717ms (total +1s443ms)
06-02 23:50:03.605  1456  4802 I ActivityManager: Fully drawn org.mozilla.fennec_aurora/org.mozilla.fenix.HomeActivity: +717ms (total +1s443ms)
06-02 23:50:03.627 26580 26580 D GeckoNetworkManager: Incoming event enableNotifications for state OnNoListeners -> OnWithListeners
06-02 23:50:03.628 26580 26580 D GeckoNetworkManager: New network state: UP, WIFI, WIFI
06-02 23:50:03.646 26580 26664 D vndksupport: Loading /vendor/lib/hw/android.hardware.graphics.mapper@2.0-impl.so from current namespace instead of sphal namespace.
06-02 23:50:03.648 26580 26664 D vndksupport: Loading /vendor/lib/hw/gralloc.msm8937.so from current namespace instead of sphal namespace.
06-02 23:50:03.812 26580 26611 W GeckoEventDispatcher: No listener for GeckoView:AccessibilityEnabled
06-02 23:50:03.833 26580 26611 W ResourceType: Too many attribute references, stopped at: 0x01010099
06-02 23:50:03.912 26580 26580 W LOTTIE  : Animation contains merge paths but they are disabled.
06-02 23:50:03.950 26580 26580 D GeckoNetworkManager: Incoming event receivedUpdate for state OnWithListeners -> OnWithListeners
06-02 23:50:03.954 26580 26580 D GeckoNetworkManager: New network state: UP, WIFI, WIFI
06-02 23:50:03.988 26580 26652 D ServiceAllocator: org.mozilla.gecko.process.GeckoChildProcessServices$tab0 updateBindings: FOREGROUND priority, 0 importance, 1 successful binds, 0 failed binds, 0 successful unbinds, 0 failed unbinds
06-02 23:50:04.002 26665 26686 D GeckoThread: State changed to MOZGLUE_READY
06-02 23:50:04.009 26580 26585 I zygote  : Do partial code cache collection, code=119KB, data=85KB
06-02 23:50:04.012 26580 26585 I zygote  : After code cache collection, code=119KB, data=85KB
06-02 23:50:04.012 26580 26585 I zygote  : Increasing code cache capacity to 512KB
06-02 23:50:04.016 26665 26686 W Settings: Setting animator_duration_scale has moved from android.provider.Settings.System to android.provider.Settings.Global, returning read-only global URI.
06-02 23:50:04.019 26580 26652 D ServiceAllocator: org.mozilla.gecko.process.GeckoChildProcessServices$tab0 updateBindings: FOREGROUND priority, 2 importance, 0 successful binds, 0 failed binds, 0 successful unbinds, 0 failed unbinds
06-02 23:50:04.023 26665 26686 E GeckoLibLoad: Load sqlite start
06-02 23:50:04.025 26665 26686 E GeckoLibLoad: Load sqlite done
06-02 23:50:04.025 26665 26686 E GeckoLibLoad: Load nss start
06-02 23:50:04.025 26665 26686 E GeckoLibLoad: Load nss done
06-02 23:50:04.040 26580 26611 I GeckoSession: zerdatime 23684310113 - chrome startup finished
06-02 23:50:04.044  4734  4734 I MemoryTrimmer: Trimming objects from memory, since app is in the background.
06-02 23:50:04.053 26665 26686 E GeckoLibLoad: Loaded libs in 26.993857ms total, 10ms(10ms) user, 10ms(10ms) system, 0(0) faults
06-02 23:50:04.053 26665 26686 D GeckoThread: State changed to LIBS_READY
06-02 23:50:04.053 26665 26686 W GeckoThread: zerdatime 23684310126 - runGecko
06-02 23:50:04.079  4734  4734 I MemoryTrimmer: Trimming objects from memory, since app is in the background.
06-02 23:50:04.085  4734  4804 I PBSessionCacheImpl: Deleted sessionId[20821943338614611] from persistence.
06-02 23:50:04.099  1456  2196 I WifiService: getWifiEnabledState uid=10073
06-02 23:50:04.116  4734  4784 W SearchServiceCore: Abort, client detached.
06-02 23:50:04.173 26580 26679 D glean/ConceptFetchHttpUploader: Ping successfully sent (200)
06-02 23:50:04.173 26580 26679 D glean/PingUploadWorker: 19851e70-1c89-456e-b4ce-e15ec2f5d591 was deleted: true
06-02 23:50:04.174 26580 26679 D glean/PingUploadWorker: Processing ping: b2b95c8d-8a84-4a73-bd30-0bbf0bf9bb00
06-02 23:50:04.176 26580 26679 D glean/ConceptFetchHttpUploader: Submitting ping to: https://incoming.telemetry.mozilla.org/submit/org-mozilla-fennec-aurora/baseline/1/b2b95c8d-8a84-4a73-bd30-0bbf0bf9bb00
06-02 23:50:04.202 26580 26629 D places_ffi: places_connection_new
06-02 23:50:04.220 26580 26642 D places_ffi: places_note_observation
06-02 23:50:04.236 26665 26686 D GeckoThread: State changed to RUNNING
06-02 23:50:04.257 26580 26642 D sql_support::conn_ext: Transaction commited after 36.099223ms
06-02 23:50:04.261 26580 26629 D places_ffi: places_note_observation
06-02 23:50:04.276 26665 26686 W ResourceType: Too many attribute references, stopped at: 0x01010099
06-02 23:50:04.291 26580 26629 D sql_support::conn_ext: Transaction commited after 29.411096ms
06-02 23:50:04.297   808   898 I SFPerfTracer:      triggers: (rate: 0:1) (0 sw vsyncs) (0 skipped) (18:7539386 vsyncs) (20:15092716)
06-02 23:50:04.307 26580 26611 D GeckoScreenOrientation: unlocking
06-02 23:50:04.350 26580 26580 D GeckoSession: handleMessage GeckoView:PageStart uri=about:blank
06-02 23:50:04.376 26580 26679 D glean/ConceptFetchHttpUploader: Ping successfully sent (200)
06-02 23:50:04.377 26580 26679 D glean/PingUploadWorker: b2b95c8d-8a84-4a73-bd30-0bbf0bf9bb00 was deleted: true
06-02 23:50:04.380 26580 26601 I WM-WorkerWrapper: Worker result SUCCESS for Work [ id=4daa9754-8d64-42b0-8e5f-f1dc6db4d837, tags={ mozilla.telemetry.glean.scheduler.PingUploadWorker, mozac_service_glean_ping_upload_worker } ]
06-02 23:50:04.383 26665 26665 D GeckoNetworkManager: Incoming event enableNotifications for state OffNoListeners -> OffWithListeners
06-02 23:50:04.386 26665 26665 D GeckoNetworkManager: New network state: UP, WIFI, WIFI
06-02 23:50:04.388 26580 26580 D GeckoSession: handleMessage GeckoView:LocationChange uri=about:blank
06-02 23:50:04.397 26580 26580 D GeckoSession: handleMessage GeckoView:PageStop uri=null
06-02 23:50:04.407 26580 26580 I SessionStorage/AutoSave: Save: Load finished
06-02 23:50:04.409 26580 26629 D SessionStorage/AutoSave: Delaying save (473ms)
06-02 23:50:04.436 26580 26580 I zygote  : Deoptimizing void kotlin.sequences.FilteringSequence$iterator$1.calcNext() due to JIT inline cache
06-02 23:50:04.446 26580 26611 D GeckoScreenOrientation: unlocking
06-02 23:50:04.452  1456  2067 D ConnectivityService: releasing NetworkRequest [ TRACK_DEFAULT id=58539, [ Capabilities: INTERNET&NOT_RESTRICTED&TRUSTED&NOT_VPN] ] (release request)
06-02 23:50:04.455 26580 26580 D GeckoSession: handleMessage GeckoView:ProgressChanged uri=null
06-02 23:50:04.468 26580 26580 D GeckoSession: handleMessage GeckoView:PageStart uri=https://example.com/
06-02 23:50:04.498 26580 26580 D GeckoSession: handleMessage GeckoView:ProgressChanged uri=null
06-02 23:50:04.509 26580 26580 D GeckoSession: handleMessage GeckoView:PageStop uri=null
06-02 23:50:04.509 26580 26580 I SessionStorage/AutoSave: Save: Load finished
06-02 23:50:04.510 26580 26580 D SessionStorage/AutoSave: Skipping save, other job already in flight
06-02 23:50:04.531 26580 26580 D GeckoSession: handleMessage GeckoView:SecurityChanged uri=null
06-02 23:50:04.531 26580 26580 D GeckoSession: handleMessage GeckoView:ProgressChanged uri=null
06-02 23:50:04.542 26580 26580 D GeckoSession: handleMessage GeckoView:PageStart uri=https://example.com/
06-02 23:50:04.879 26580 26580 D App     : Installed browser-icons extension
06-02 23:50:04.880 26580 26580 I zygote  : Deoptimizing kotlin.coroutines.Continuation kotlin.coroutines.intrinsics.IntrinsicsKt.createCoroutineUnintercepted(kotlin.jvm.functions.Function2, java.lang.Object, kotlin.coroutines.Continuation) due to JIT inline cache
06-02 23:50:04.888 26580 26629 D SessionStorage/AutoSave: Saved state to disk [5ms]
06-02 23:50:04.890 26580 26580 D mozac-webextensions: Installed extension: mozacWebchannel
06-02 23:50:04.903 26580 26580 I zygote  : Deoptimizing java.lang.Object mozilla.components.support.ktx.kotlinx.coroutines.flow.FlowKt$filterChanged$1.invokeSuspend(java.lang.Object) due to JIT inline cache
06-02 23:50:04.904 26580 26580 I zygote  : Deoptimizing kotlin.coroutines.CoroutineContext kotlin.coroutines.AbstractCoroutineContextElement.plus(kotlin.coroutines.CoroutineContext) due to JIT inline cache
06-02 23:50:04.940 26580 26580 D GeckoSession: handleMessage GeckoView:LocationChange uri=https://example.com/
06-02 23:50:04.951 26580 26580 I zygote  : Deoptimizing java.lang.Object kotlin.coroutines.CombinedContext.fold(java.lang.Object, kotlin.jvm.functions.Function2) due to JIT inline cache
06-02 23:50:04.954 26580 26629 I zygote  : Deoptimizing void kotlinx.coroutines.DispatchedTask.run() due to JIT inline cache
06-02 23:50:04.956 26580 26629 D places_ffi: bookmarks_get_all_with_url
06-02 23:50:04.983 26580 26580 D GeckoSession: handleMessage GeckoView:SecurityChanged uri=null
06-02 23:50:05.065 26580 26585 I zygote  : Do full code cache collection, code=253KB, data=155KB
06-02 23:50:05.067 26580 26585 I zygote  : After code cache collection, code=144KB, data=81KB
06-02 23:50:05.162 26580 26629 D places_ffi: places_note_observation
06-02 23:50:05.174 26580 26580 D GeckoSession: handleMessage GeckoView:ProgressChanged uri=null
06-02 23:50:05.184 26580 26629 D sql_support::conn_ext: Transaction commited after 21.912606ms
06-02 23:50:05.186 26580 26580 D GeckoSession: handleMessage GeckoView:ProgressChanged uri=null
06-02 23:50:05.194 26580 26580 D GeckoSession: handleMessage GeckoView:PageStop uri=null
06-02 23:50:05.194 26580 26580 I SessionStorage/AutoSave: Save: Load finished
06-02 23:50:05.195 26580 26629 D SessionStorage/AutoSave: Delaying save (1213ms)
06-02 23:50:05.252 26580 26818 I zygote  : Deoptimizing void kotlinx.coroutines.DispatchedTask.run() due to JIT inline cache
06-02 23:50:05.296 26580 26818 D BrowserIcons: Loaded icon (source = GENERATOR): https://example.com/
06-02 23:50:05.296 26580 26818 I zygote  : Deoptimizing void kotlin.coroutines.jvm.internal.BaseContinuationImpl.resumeWith(java.lang.Object) due to JIT inline cache
06-02 23:50:05.400 26580 26629 D places_ffi: places_get_visited
06-02 23:50:05.419 26580 26632 D ThumbnailStorage: Saved thumbnail to disk (sessionIdOrUrl = fc5c8d0d-6dd4-4d3e-9ec3-9be52a8632bb, generationId = 58)
06-02 23:50:05.424 26580 26580 D GeckoSession: handleMessage GeckoView:StateUpdated uri=null
06-02 23:50:05.424 26580 26580 W GeckoSession: No history entries found.
06-02 23:50:06.414 26580 26629 D SessionStorage/AutoSave: Saved state to disk [5ms]
06-02 23:50:06.566  2398  2398 D ImsResolver: maybeAddedImsService, packageName: org.mozilla.fennec_aurora
06-02 23:50:06.568  2360  2360 D MayaFrameworkProxyService: receive intent :Intent { act=android.intent.action.PACKAGE_CHANGED dat=package:org.mozilla.fennec_aurora flg=0x45000010 (has extras) }
06-02 23:50:06.569  1456  1942 I InputReader: Reconfiguring input devices.  changes=0x00000010
06-02 23:50:06.582  1456  1600 W ResourceType: No known package when getting value for resource number 0x7f0801a8
06-02 23:50:06.582  1456  1600 W ResourceType: No known package when getting value for resource number 0x7f130124
06-02 23:50:06.583  1456  1600 W ResourceType: No known package when getting value for resource number 0x7f130124
06-02 23:50:06.588  1456  1600 W ResourceType: No known package when getting value for resource number 0x7f0801a6
06-02 23:50:06.589  1456  1600 W ResourceType: No known package when getting value for resource number 0x7f130123
06-02 23:50:06.589  1456  1600 W ResourceType: No known package when getting value for resource number 0x7f130123
06-02 23:50:06.620 30279 26829 I Fitness : OnPackageChangedOperation got intent: Intent { act=android.intent.action.PACKAGE_CHANGED dat=package:org.mozilla.fennec_aurora flg=0x45000010 cmp=com.google.android.gms/.chimera.PersistentIntentOperationService (has extras) } [CONTEXT service_id=17 ]
06-02 23:50:06.635 30279 26824 I Fitness : FitCleanupIntentOperation received Intent android.intent.action.PACKAGE_CHANGED [CONTEXT service_id=17 ]
06-02 23:50:06.635 26580 26580 D mozac-webextensions: Installed extension: mozacReaderview
06-02 23:50:06.635 26580 26580 I Choreographer: Skipped 71 frames!  The application may be doing too much work on its main thread.
06-02 23:50:06.645 26580 26580 D mozac-webcompat: Installed WebCompat webextension: webcompat@mozilla.com
06-02 23:50:06.648  1456  1456 I TelecomService: DefaultDialerCache: Refreshing default dialer for user 0: now com.android.dialer: DDC.oR@Qvo
06-02 23:50:06.659 26580 26580 I zygote  : Deoptimizing java.lang.Object kotlinx.coroutines.JobSupport.tryMakeCompleting(java.lang.Object, java.lang.Object) due to JIT same target
06-02 23:50:06.663 26580 26580 I DefaultSupportedAddonsChecker: Register check for new supported add-ons
06-02 23:50:06.672  2398  2398 D CarrierSvcBindHelper: No carrier app for: 0
06-02 23:50:06.672  2398  2398 D CarrierSvcBindHelper: No carrier app for: 1
06-02 23:50:06.687  2398  2398 E VvmPkgInstalledRcvr: cannot create TelephonyManager from ComponentInfo{com.android.phone/com.android.services.telephony.TelephonyConnectionService}, [****], UserHandle{0}
06-02 23:50:06.822 26580 26629 I SupportedAddonsWorker: Trying to check for new supported add-ons
06-02 23:50:06.908 26580 26580 I zygote  : Deoptimizing void kotlinx.coroutines.DispatchedTask.run() due to JIT inline cache
06-02 23:50:06.918 26580 26601 I WM-WorkerWrapper: Worker result SUCCESS for Work [ id=169f67a4-628f-4150-82ad-641e7b639919, tags={ mozilla.components.feature.addons.migration.DefaultSupportedAddonsChecker.periodicWork, mozilla.components.feature.addons.migration.SupportedAddonsWorker } ]
06-02 23:50:07.095  1456  1466 I zygote  : Background concurrent copying GC freed 137215(6MB) AllocSpace objects, 38(1860KB) LOS objects, 34% free, 46MB/70MB, paused 442us total 515.239ms
06-02 23:50:07.381 26580 26580 I [INFO][Leanplum]: [com.leanplum.LeanplumCloudMessagingProvider::onRegistrationIdReceived::3]: Device registered for push notifications with registration token, daSvBObIp6Q:APA91bGJf1YwqdlbWP8IrPP4FYjcA4ZeAI3HlkXqzobcMuHQA0kZnk4mUUbvK_QxunOdUB5T5Uz2lDS2tUcDIGVxRWVA_EWqrB4l5KdTSWUQ6QcuEUji_HlyoYnGyg-EHPkwYnVwbVUk
06-02 23:50:07.393 26580 26842 I AutoPushFeature: Received a new registration token from push service.
06-02 23:50:07.394 26580 26841 I [INFO][Leanplum]: [com.leanplum.LeanplumCloudMessagingProvider::onRegistrationIdReceived::3]: Device registered for push notifications with registration token, daSvBObIp6Q:APA91bGJf1YwqdlbWP8IrPP4FYjcA4ZeAI3HlkXqzobcMuHQA0kZnk4mUUbvK_QxunOdUB5T5Uz2lDS2tUcDIGVxRWVA_EWqrB4l5KdTSWUQ6QcuEUji_HlyoYnGyg-EHPkwYnVwbVUk
06-02 23:50:07.394 26580 26842 E App     : Native push layer is not yet initialized.
06-02 23:50:07.401 26580 26842 D RustNativeSupport: findMegazordLibraryName(push, 0.59.0
06-02 23:50:07.401 26580 26842 D RustNativeSupport: lib in use: none
06-02 23:50:07.401 26580 26842 D RustNativeSupport: lib configured: megazord
06-02 23:50:07.401 26580 26842 D RustNativeSupport: lib version configured: 0.59.0
06-02 23:50:07.401 26580 26842 D RustNativeSupport: settled on megazord
06-02 23:50:07.820 30243  3743 I Icing   : Indexing com.google.android.gms-apps from com.google.android.gms
06-02 23:50:07.835 26838 26838 D AndroidRuntime: >>>>>> START com.android.internal.os.RuntimeInit uid 2000 <<<<<<
06-02 23:50:07.848 26838 26838 W app_process: Could not reserve sentinel fault page
06-02 23:50:07.915 30243  3743 I Icing   : Indexing done com.google.android.gms-apps
06-02 23:50:08.039  2340  2441 I QCNEJ   : |CORE| CNE received action RSSI/Link Changed events: android.net.wifi.RSSI_CHANGED
06-02 23:50:08.039  2340  2441 D QCNEJ   : |CORE| Updating RSSI: -66
06-02 23:50:08.040 26838 26838 I app_process: The ClassLoaderContext is a special shared library.
06-02 23:50:08.046  5077  5098 I CarrierServices: [582411] dji.a: FiST: Wifi connectivity status true
06-02 23:50:08.049  5077  5130 I CarrierServices: [582430] drv.a: (PEv2-SM): DisabledState: event Connectivity event
06-02 23:50:08.049  5077  5098 I CarrierServices: [582411] djm.d: Connected state: [1], networkType: [WIFI]
06-02 23:50:08.108 26838 26838 D AndroidRuntime: Calling main entry com.android.commands.input.Input
06-02 23:50:08.109 26838 26838 I Input   : injectKeyEvent: KeyEvent { action=ACTION_DOWN, keyCode=KEYCODE_HOME, scanCode=0, metaState=0, flags=0x0, repeatCount=0, eventTime=23232275695, downTime=23232275695, deviceId=-1, source=0x101 }
