06-12 14:38:39.728   788 21333 V msm8974_platform: platform_get_backend_index:napb: backend port - 5 device - 120 
06-12 14:38:39.728   788 21333 V msm8974_platform: platform_set_backend_cfg:becf: afe: bitwidth 0, samplerate 0 channels 1, backend_idx 5 device (voice-rec-mic)
06-12 14:38:39.729   788 21333 E msm8974_platform: platform_set_backend_cfg:becf: afe: Could not get ctl for mixer command - SLIM_0_TX Format
06-12 14:38:39.729   788 21333 V msm8974_platform: platform_send_audio_calibration: sending audio calibration for snd_device(120) acdb_id(62)
06-12 14:38:39.729   788 21333 D ACDB-LOADER: ACDB -> send_audio_cal, acdb_id = 62, path = 1, app id = 0x11130, sample rate = 48000
06-12 14:38:39.729   788 21333 D ACDB-LOADER: ACDB -> send_asm_topology
06-12 14:38:39.729   788 21333 D ACDB-LOADER: ACDB -> ACDB_CMD_GET_AUDPROC_STREAM_TOPOLOGY_ID
06-12 14:38:39.729   788 21333 D ACDB-LOADER: ACDB -> send_adm_topology
06-12 14:38:39.729   788 21333 D ACDB-LOADER: ACDB -> ACDB_CMD_GET_AUDPROC_COMMON_TOPOLOGY_ID
06-12 14:38:39.729   788 21333 D ACDB-LOADER: ACDB -> send_audtable
06-12 14:38:39.729   788 21333 D ACDB-LOADER: ACDB -> ACDB_CMD_GET_AUDPROC_COMMON_TABLE_SIZE
06-12 14:38:39.730 21144 21331 I chatty  : uid=11402(org.mozilla.fennec_aurora) expire 10 lines
06-12 14:38:39.730   788 21333 D ACDB-LOADER: ACDB -> ACDB_CMD_GET_AUDPROC_COMMON_TABLE
06-12 14:38:39.730   788 21333 D ACDB-LOADER: ACDB -> AUDIO_SET_AUDPROC_CAL
06-12 14:38:39.730   788 21333 D ACDB-LOADER: ACDB -> send_audvoltable
06-12 14:38:39.730   788 21333 D ACDB-LOADER: ACDB -> ACDB_CMD_GET_AUDPROC_VOL_STEP_TABLE_SIZE
06-12 14:38:39.730   788 21333 D ACDB-LOADER: ACDB -> ACDB_CMD_GET_AUDPROC_GAIN_DEP_STEP_TABLE, vol index 0
06-12 14:38:39.730   788 21333 D         : Failed to fetch the lookup information of the device 0000003E 
06-12 14:38:39.730   788 21333 D ACDB-LOADER: ACDB -> AUDIO_SET_VOL_CAL cal type = 12
06-12 14:38:39.730   788 21333 D ACDB-LOADER: ACDB -> ACDB_CMD_GET_AUDPROC_STREAM_TABLE_SIZE
06-12 14:38:39.730   788 21333 D ACDB-LOADER: ACDB -> send_audstrmtable
06-12 14:38:39.730   788 21333 D ACDB-LOADER: ACDB -> ACDB_CMD_GET_AUDPROC_STREAM_TABLE_V2
06-12 14:38:39.730   788 21333 D ACDB-LOADER: ACDB -> audstrm_cal->cal_type.cal_data.cal_size = 456
06-12 14:38:39.731   788 21333 D ACDB-LOADER: ACDB -> send_afe_topology
06-12 14:38:39.731   788 21333 D ACDB-LOADER: ACDB -> ACDB_CMD_GET_AFE_TOPOLOGY_ID
06-12 14:38:39.731   788 21333 D ACDB-LOADER: ACDB -> GET_AFE_TOPOLOGY_ID for adcd_id 62, Topology Id 112fb
06-12 14:38:39.731   788 21333 D ACDB-LOADER: ACDB -> send_afe_cal
06-12 14:38:39.731   788 21333 D ACDB-LOADER: ACDB -> ACDB_CMD_GET_AFE_COMMON_TABLE_SIZE
06-12 14:38:39.731   788 21333 D         : Failed to fetch the lookup information of the device 0000003E 
06-12 14:38:39.731   788 21333 E ACDB-LOADER: Error: ACDB_CMD_GET_AFE_COMMON_TABLE_SIZE Returned = -19
06-12 14:38:39.731   788 21333 D ACDB-LOADER: ACDB -> ACDB_CMD_GET_AFE_COMMON_TABLE
06-12 14:38:39.731   788 21333 D         : Failed to fetch the lookup information of the device 0000003E 
06-12 14:38:39.731   788 21333 D ACDB-LOADER: ACDB -> AUDIO_SET_AFE_CAL
06-12 14:38:39.731   788 21333 D ACDB-LOADER: ACDB -> send_hw_delay : acdb_id = 62 path = 1
06-12 14:38:39.731   788 21333 D ACDB-LOADER: ACDB -> ACDB_AVSYNC_INFO: ACDB_CMD_GET_DEVICE_PROPERTY
06-12 14:38:39.731   788 21333 D audio_hw_primary: enable_snd_device: snd_device(120: voice-rec-mic)
06-12 14:38:39.731   788 21333 D audio_route: Apply path: voice-rec-mic
06-12 14:38:39.736   788 21333 V msm8974_platform: platform_get_snd_device_backend_index: enter with device 120
06-12 14:38:39.736   788 21333 E msm8974_platform: platform_get_snd_device_backend_index: BE DAI Name Table is not present
06-12 14:38:39.736   788 21333 V msm8974_platform: platform_get_backend_index:napb: backend port - 5 device - 120 
06-12 14:38:39.736   788 21333 I audio_hw_utils: Set Audio Stream Capture 0 App Type Cfg: app_type 69936, acdb_dev_id 62, sample_rate 48000, snd_device_be_idx -14
06-12 14:38:39.737   788 21333 D audio_hw_primary: enable_audio_route: usecase(9) apply and update mixer path: audio-record
06-12 14:38:39.737   788 21333 D audio_route: Apply path: audio-record
06-12 14:38:39.818 31511 31564 I MicroDetectionWorker: onReady
06-12 14:38:39.874 31511 31521 I zygote  : Background concurrent copying GC freed 197756(9MB) AllocSpace objects, 10(3MB) LOS objects, 49% free, 12MB/24MB, paused 120us total 260.490ms
06-12 14:38:39.900  1456  3925 D ConnectivityService: requestNetwork for uid/pid:11402/21144 NetworkRequest [ TRACK_DEFAULT id=64727, [ Capabilities: INTERNET&NOT_RESTRICTED&TRUSTED&NOT_VPN] ]
06-12 14:38:39.902  1456  2099 D Ethernet: got request NetworkRequest [ TRACK_DEFAULT id=64727, [ Capabilities: INTERNET&NOT_RESTRICTED&TRUSTED&NOT_VPN] ] with score 60
06-12 14:38:39.902  1456  2054 D WIFI_UT : got request NetworkRequest [ TRACK_DEFAULT id=64727, [ Capabilities: INTERNET&NOT_RESTRICTED&TRUSTED&NOT_VPN] ] with score 60
06-12 14:38:39.902  2398  2398 D PhoneSwitcherNetworkRequstListener: got request NetworkRequest [ TRACK_DEFAULT id=64727, [ Capabilities: INTERNET&NOT_RESTRICTED&TRUSTED&NOT_VPN] ] with score 60
06-12 14:38:39.902  1456  2054 D WIFI    : got request NetworkRequest [ TRACK_DEFAULT id=64727, [ Capabilities: INTERNET&NOT_RESTRICTED&TRUSTED&NOT_VPN] ] with score 60
06-12 14:38:39.914 21144 21341 I chatty  : uid=11402(org.mozilla.fennec_aurora) expire 5 lines
06-12 14:38:40.011  5625  5654 I PeriodicStatsRunner: PeriodicStatsRunner.call():180 call()
06-12 14:38:40.011  5625  5654 I PeriodicStatsRunner: PeriodicStatsRunner.call():184 No submit PeriodicStats since input started.
06-12 14:38:40.062  2748  2917 W OpenGLRenderer: Incorrectly called buildLayer on View: ShortcutAndWidgetContainer, destroying layer...
06-12 14:38:40.114 21144 21163 I chatty  : uid=11402(org.mozilla.fennec_aurora) expire 1 line
06-12 14:38:40.118  1456  2067 D ConnectivityService: releasing NetworkRequest [ TRACK_DEFAULT id=64727, [ Capabilities: INTERNET&NOT_RESTRICTED&TRUSTED&NOT_VPN] ] (release request)
06-12 14:38:40.129  1456  1466 I zygote  : NativeAlloc concurrent copying GC freed 57954(3MB) AllocSpace objects, 30(1172KB) LOS objects, 34% free, 46MB/70MB, paused 463us total 434.451ms
06-12 14:38:40.174 21144 21204 I chatty  : uid=11402(org.mozilla.fennec_aurora) expire 1 line
06-12 14:38:40.227  1456  3925 D ConnectivityService: requestNetwork for uid/pid:11402/21144 NetworkRequest [ TRACK_DEFAULT id=64728, [ Capabilities: INTERNET&NOT_RESTRICTED&TRUSTED&NOT_VPN] ]
06-12 14:38:40.228  1456  2099 D Ethernet: got request NetworkRequest [ TRACK_DEFAULT id=64728, [ Capabilities: INTERNET&NOT_RESTRICTED&TRUSTED&NOT_VPN] ] with score 60
06-12 14:38:40.228  1456  2054 D WIFI_UT : got request NetworkRequest [ TRACK_DEFAULT id=64728, [ Capabilities: INTERNET&NOT_RESTRICTED&TRUSTED&NOT_VPN] ] with score 60
06-12 14:38:40.228  1456  2054 D WIFI    : got request NetworkRequest [ TRACK_DEFAULT id=64728, [ Capabilities: INTERNET&NOT_RESTRICTED&TRUSTED&NOT_VPN] ] with score 60
06-12 14:38:40.229  2398  2398 D PhoneSwitcherNetworkRequstListener: got request NetworkRequest [ TRACK_DEFAULT id=64728, [ Capabilities: INTERNET&NOT_RESTRICTED&TRUSTED&NOT_VPN] ] with score 60
06-12 14:38:40.243 21144 21342 I chatty  : uid=11402(org.mozilla.fennec_aurora) expire 9 lines
06-12 14:38:40.296  1456  1893 D BatteryService: uevent={POWER_SUPPLY_VOLTAGE_NOW=4251989, POWER_SUPPLY_CHARGE_RATE=Normal, POWER_SUPPLY_HEALTH=Good, POWER_SUPPLY_CURRENT_NOW=402219, POWER_SUPPLY_PRESENT=1, SUBSYSTEM=power_supply, POWER_SUPPLY_TEMP=325, SEQNUM=579321, ACTION=change, POWER_SUPPLY_NAME=battery, POWER_SUPPLY_STATUS=Charging, POWER_SUPPLY_CHARGE_COUNTER=2788501, POWER_SUPPLY_CAPACITY=100, DEVPATH=/devices/soc/qpnp-smbcharger-17/power_supply/battery}
06-12 14:38:40.301  2398  2398 D QtiCarrierConfigHelper: WARNING, no carrier configs on phone Id: 0
06-12 14:38:40.883 21144 21252 I chatty  : uid=11402(org.mozilla.fennec_aurora) expire 1 line
06-12 14:38:40.886  1456  2067 D ConnectivityService: releasing NetworkRequest [ TRACK_DEFAULT id=64728, [ Capabilities: INTERNET&NOT_RESTRICTED&TRUSTED&NOT_VPN] ] (release request)
06-12 14:38:44.557  5625  5654 I PeriodicStatsRunner: PeriodicStatsRunner.call():180 call()
06-12 14:38:44.558  5625  5654 I PeriodicStatsRunner: PeriodicStatsRunner.call():184 No submit PeriodicStats since input started.
06-12 14:38:44.631  1456  3925 I ActivityManager: Force stopping org.mozilla.fennec_aurora appid=11402 user=0: from pid 21346
06-12 14:38:44.631  1456  3925 I ActivityManager: Killing 21144:org.mozilla.fennec_aurora/u0a1402 (adj 700): stop org.mozilla.fennec_aurora
06-12 14:38:44.634  1456  1605 W zygote  : kill(-21144, 9) failed: No such process
06-12 14:38:44.635  1456  3925 W ActivityManager: Force removing ActivityRecord{37c1d7e u0 org.mozilla.fennec_aurora/org.mozilla.fenix.HomeActivity t82444}: app died, no saved state
06-12 14:38:44.644  1456  3925 I ActivityManager: Killing 21220:org.mozilla.fennec_aurora:tab0/u0a1402 (adj 0): stop org.mozilla.fennec_aurora
06-12 14:38:44.654  1456  1605 W zygote  : kill(-21144, 9) failed: No such process
06-12 14:38:44.654  2398  2398 D CarrierSvcBindHelper: No carrier app for: 0
06-12 14:38:44.655  2398  2398 D CarrierSvcBindHelper: No carrier app for: 1
06-12 14:38:44.668  1456  1605 W zygote  : kill(-21144, 9) failed: No such process
06-12 14:38:44.698  1456  1605 I chatty  : uid=1000(system) ActivityManager identical 2 lines
06-12 14:38:44.698  1456  1673 W ActivityManager: setHasOverlayUi called on unknown pid: 21144
06-12 14:38:44.714  1456  1605 W zygote  : kill(-21144, 9) failed: No such process
06-12 14:38:44.714  1456  1605 I zygote  : Successfully killed process cgroup uid 11402 pid 21144 in 80ms
06-12 14:38:44.714  1456  1605 W zygote  : kill(-21220, 9) failed: No such process
06-12 14:38:44.714  1456  1605 I zygote  : Successfully killed process cgroup uid 11402 pid 21220 in 0ms
06-12 14:38:45.772  1456  2920 I ActivityManager: START u0 {act=android.intent.action.MAIN cat=[android.intent.category.LAUNCHER] flg=0x10000000 cmp=org.mozilla.fennec_aurora/.App} from uid 2000
06-12 14:38:45.773   794   839 E ANDR-PERF-RESOURCEQS: Failed to apply optimization [4, 0]
06-12 14:38:45.792  1456  7570 I ActivityManager: Start proc 21353:org.mozilla.fennec_aurora/u0a1402 for activity org.mozilla.fennec_aurora/.App
06-12 14:38:45.859   808   808 I SFPerfTracer:      triggers: (rate: 100:2076965) (compose: 0:7) (post: 0:22) (render: 0:19) (2:11944606 frames) (3:15390407)
06-12 14:38:45.860   808   808 D SFPerfTracer:        layers: (4:12) (NavigationBar#0 (0xb07df000): 0:1231582) (StatusBar#0 (0xb07e3000): 0:2948321) (com.android.systemui.ImageWallpaper#0 (0xb07e7000): 0:113998) (Sprite#0 (0xb0733000): 0:317)* (DimLayerController/Stack=0#0 (0xb075a000): 0:4039)* (Sprite#1 (0xb077c000): 0:195)* (Sprite#2 (0xb039b000): 0:2)* (Splash Screen org.mozilla.fennec_aurora#1 (0xafdf0000): 0:32)- (org.mozilla.fennec_aurora/org.mozilla.fenix.HomeActivity#0 (0xafd20000): 0:75)- (com.android.launcher3/com.android.launcher3.CustomizationPanelLauncher#0 (0xb0763000): 0:39)* (com.android.launcher3/com.android.launcher3.CustomizationPanelLauncher#1 (0xb0771000): 0:9) (Splash Screen org.mozilla.fennec_aurora#0 (0xafd20000): 2:2)* 
06-12 14:38:45.883 31511 31564 I MicroDetectionState: Should stop hotword detection immediately - false
06-12 14:38:45.883 31511 31564 I MicroDetector: Keeping mic open: false
06-12 14:38:45.883 31511 31564 I RecognitionAudioControl: #shutdownAudio [requestId: -1112918528405253245, keepAudioOpen: false, forced: true]
06-12 14:38:45.883 31511 11655 E DeviceStateChecker: DeviceStateChecker cancelled
06-12 14:38:45.884 31511 31564 I RecognitionAudioControl: #internalShutdownAudio [requestId: -1112918528405253245]
06-12 14:38:45.884 31511 31564 I RecognitionAudioControl: #internalShutdownAudio [keepAudioOpen: false, forced: true]
06-12 14:38:45.884 31511 31564 I RecognitionAudioControl: #actualShutdownAudio
06-12 14:38:45.884 31511 31564 I AudioController: #shutdown [requestId=-1112918528405253245]
06-12 14:38:45.884 31511 31554 I AudioController: internalShutdown
06-12 14:38:45.884 31511 31557 I MicroRecognitionRunner: Stopping hotword detection.
06-12 14:38:45.925 21353 21353 I chatty  : uid=11402(org.mozilla.fennec_aurora) expire 18 lines
06-12 14:38:45.940   788  1401 D audio_hw_primary: disable_audio_route: usecase(9) reset and update mixer path: audio-record
06-12 14:38:45.942   788  1401 D audio_hw_primary: disable_snd_device: snd_device(120: voice-rec-mic)
06-12 14:38:45.944  1012  1012 D APM_AudioPolicyManager: stopInput() input 389038, session 389241
06-12 14:38:45.944   788   788 D audio_hw_primary: in_set_parameters: enter: kvpairs=routing=0
06-12 14:38:45.946 31511 31554 I MicrophoneInputStream: mic_close  SR : 16000 CC : 16 SO : 1999
06-12 14:38:45.946 31511 31554 E AudioSource: Stop listening is called on already closed AudioSource
06-12 14:38:45.946 31511 31554 I AudioController: Sending AudioStatusChangedBroadcast to :interactor. audioSourceType: NOT_SET, isActive: false
06-12 14:38:45.952 31511 18645 I MicroRecognitionRunner: Detection finished
06-12 14:38:45.973 21353 21372 I chatty  : uid=11402(org.mozilla.fennec_aurora) expire 4 lines
06-12 14:38:46.051 21353 21382 I chatty  : uid=11402(org.mozilla.fennec_aurora) expire 11 lines
06-12 14:38:46.068 21353 21381 I chatty  : uid=11402(org.mozilla.fennec_aurora) expire 10 lines
06-12 14:38:46.079 21353 21385 I chatty  : uid=11402(org.mozilla.fennec_aurora) expire 1 line
06-12 14:38:46.083 21353 21386 I chatty  : uid=11402(org.mozilla.fennec_aurora) expire 12 lines
06-12 14:38:46.149 21353 21394 I chatty  : uid=11402(org.mozilla.fennec_aurora) expire 6 lines
06-12 14:38:46.167 21353 21353 I chatty  : uid=11402(org.mozilla.fennec_aurora) expire 41 lines
06-12 14:38:46.174 21353 21381 I chatty  : uid=11402(org.mozilla.fennec_aurora) expire 13 lines
06-12 14:38:46.195 21353 21382 I chatty  : uid=11402(org.mozilla.fennec_aurora) expire 2 lines
06-12 14:38:46.198 21353 21386 I chatty  : uid=11402(org.mozilla.fennec_aurora) expire 7 lines
06-12 14:38:46.226 21353 21406 I chatty  : uid=11402(org.mozilla.fennec_aurora) expire 1 line
06-12 14:38:46.252  1456 10366 I ActivityManager: START u0 {act=android.intent.action.MAIN cat=[android.intent.category.LAUNCHER] flg=0x10000000 cmp=org.mozilla.fennec_aurora/org.mozilla.fenix.HomeActivity (has extras)} from uid 11402
06-12 14:38:46.267 21353 21358 I chatty  : uid=11402(org.mozilla.fennec_aurora) expire 11 lines
06-12 14:38:46.276   808   808 D SurfaceFlinger: duplicate layer name: changing Splash Screen org.mozilla.fennec_aurora to Splash Screen org.mozilla.fennec_aurora#1
06-12 14:38:46.328  1456  2401 I ActivityManager: Start proc 21435:org.mozilla.fennec_aurora:tab0/u0a1402 for service org.mozilla.fennec_aurora/org.mozilla.gecko.process.GeckoChildProcessServices$tab0
06-12 14:38:46.341 21353 21423 I chatty  : uid=11402(org.mozilla.fennec_aurora) expire 1 line
06-12 14:38:46.433 21435 21435 I chatty  : uid=11402(org.mozilla.fennec_aurora) expire 2 lines
06-12 14:38:46.434 21435 21454 I chatty  : uid=11402(org.mozilla.fennec_aurora) expire 1 line
06-12 14:38:46.723   808   898 I SFPerfTracer:      triggers: (rate: 0:10) (0 sw vsyncs) (0 skipped) (21:7816760 vsyncs) (23:15531755)
06-12 14:38:46.736 21353 21405 I chatty  : uid=11402(org.mozilla.fennec_aurora) expire 1 line
06-12 14:38:46.756 21353 21465 I chatty  : uid=11402(org.mozilla.fennec_aurora) expire 9 lines
06-12 14:38:46.762  1456  2401 D ConnectivityService: requestNetwork for uid/pid:11402/21353 NetworkRequest [ TRACK_DEFAULT id=64729, [ Capabilities: INTERNET&NOT_RESTRICTED&TRUSTED&NOT_VPN] ]
06-12 14:38:46.764  1456  2099 D Ethernet: got request NetworkRequest [ TRACK_DEFAULT id=64729, [ Capabilities: INTERNET&NOT_RESTRICTED&TRUSTED&NOT_VPN] ] with score 60
06-12 14:38:46.764  1456  2054 D WIFI_UT : got request NetworkRequest [ TRACK_DEFAULT id=64729, [ Capabilities: INTERNET&NOT_RESTRICTED&TRUSTED&NOT_VPN] ] with score 60
06-12 14:38:46.764  1456  2054 D WIFI    : got request NetworkRequest [ TRACK_DEFAULT id=64729, [ Capabilities: INTERNET&NOT_RESTRICTED&TRUSTED&NOT_VPN] ] with score 60
06-12 14:38:46.764  2398  2398 D PhoneSwitcherNetworkRequstListener: got request NetworkRequest [ TRACK_DEFAULT id=64729, [ Capabilities: INTERNET&NOT_RESTRICTED&TRUSTED&NOT_VPN] ] with score 60
06-12 14:38:46.776  1456 10366 I WifiService: getDhcpInfo uid=11402
06-12 14:38:46.924 21353 21470 I chatty  : uid=11402(org.mozilla.fennec_aurora) expire 5 lines
06-12 14:38:46.955  1456  1673 I LaunchCheckinHandler: Displayed org.mozilla.fennec_aurora/org.mozilla.fenix.HomeActivity,wp,ca,626
06-12 14:38:46.956  1456  1673 I ActivityManager: Displayed org.mozilla.fennec_aurora/org.mozilla.fenix.HomeActivity: +616ms (total +1s165ms)
06-12 14:38:46.967 31511 31511 I MemoryTrimmer: Trimming objects from memory, since app is in the background.
06-12 14:38:46.973 31511 31564 E AudioSource: Stop listening is called on already closed AudioSource
06-12 14:38:46.974 31511 31511 I MemoryTrimmer: Trimming objects from memory, since app is in the background.
06-12 14:38:46.980 31511 13593 I PBSessionCacheImpl: Deleted sessionId[138588435597391227] from persistence.
06-12 14:38:46.985  1456 10366 I WifiService: getWifiEnabledState uid=10073
06-12 14:38:47.003 31511 31564 W SearchServiceCore: Abort, client detached.
06-12 14:38:47.250  1456  2921 I ActivityManager: Fully drawn org.mozilla.fennec_aurora/org.mozilla.fenix.HomeActivity: +920ms (total +1s469ms)
06-12 14:38:47.323 21353 21492 I chatty  : uid=11402(org.mozilla.fennec_aurora) expire 1 line
06-12 14:38:47.324 21353 21493 I chatty  : uid=11402(org.mozilla.fennec_aurora) expire 1 line
06-12 14:38:47.771 21353 21375 I chatty  : uid=11402(org.mozilla.fennec_aurora) expire 2 lines
06-12 14:38:47.776  1456  2067 D ConnectivityService: releasing NetworkRequest [ TRACK_DEFAULT id=64729, [ Capabilities: INTERNET&NOT_RESTRICTED&TRUSTED&NOT_VPN] ] (release request)
06-12 14:38:47.897 21353 21499 I chatty  : uid=11402(org.mozilla.fennec_aurora) expire 1 line
06-12 14:38:47.979  1456  1456 I ActivityManager: Start proc 21519:com.android.vending/u0a62 for service com.android.vending/com.google.android.finsky.scheduler.JobSchedulerEngine$PhoneskyJobSchedulerJobService
06-12 14:38:48.004 21353 21415 I chatty  : uid=11402(org.mozilla.fennec_aurora) expire 2 lines
06-12 14:38:48.058 21519 21519 I Finsky  : [2] ebc.aX(5): Process created at version: 20.4.18-all [0] [PR] 314396108
06-12 14:38:48.373 21519 21546 I Finsky  : [604132] thj.a(28): Started reading experiment flags from file [0tGUNCGIkbk4o6-fQ335kUYSKwVj4lusnHT-A5Dsy08].
06-12 14:38:48.395 21519 21546 I Finsky  : [604132] thj.a(43): Finished reading experiment flags from file [0tGUNCGIkbk4o6-fQ335kUYSKwVj4lusnHT-A5Dsy08].
06-12 14:38:48.406 21519 21546 I Finsky  : [604132] thj.a(28): Started reading experiment flags from file [Se-xCc4LzNyh3UrKMIU2sUf-PUKz4oQEbpKZDMuaFno].
06-12 14:38:48.417 21519 21546 I Finsky  : [604132] thj.a(43): Finished reading experiment flags from file [Se-xCc4LzNyh3UrKMIU2sUf-PUKz4oQEbpKZDMuaFno].
06-12 14:38:48.454 21519 21519 I Finsky  : [2] wbh.<init>(20): Resetting scheduler db
06-12 14:38:48.472 21519 21542 I Finsky  : [604128] ebc.O(6): Not a unicorn account
06-12 14:38:48.530 21519 21542 I Finsky  : [604128] aama.a(2): Disable SystemUpdateActivity, because Android is lower than Q
06-12 14:38:48.540 21519 21560 I Finsky  : [604144] aalz.run(4): Set SystemUpdateActivity enabled state to 2
06-12 14:38:48.545 21519 21542 I Finsky  : [604128] ssb.<init>(5): PackageMonitor - Registering in memory receiver for android.intent.action.PACKAGE_ADDED and android.intent.action.PACKAGE_REMOVED
06-12 14:38:48.572 21519 21542 W Settings: Setting download_manager_max_bytes_over_mobile has moved from android.provider.Settings.Secure to android.provider.Settings.Global.
06-12 14:38:48.576 21519 21542 I Finsky  : [604128] rpq.a(4): SettingNotFoundException, fall through to G.downloadBytesOverMobileMaximum
06-12 14:38:48.577 21519 21542 W Settings: Setting download_manager_recommended_max_bytes_over_mobile has moved from android.provider.Settings.Secure to android.provider.Settings.Global.
06-12 14:38:48.578 21519 21542 I Finsky  : [604128] rpq.a(9): SettingNotFoundException, fall through to G.downloadBytesOverMobileRecommended
06-12 14:38:48.580 21519 21545 I cr_CronetLibraryLoader: Cronet version: 84.0.4147.12, arch: armv7l
06-12 14:38:48.596 21519 21545 W Finsky  : [604131] dpw.a(25): For unauth, use getDfeApiNonAuthenticated() instead!
06-12 14:38:48.599 21519 21544 I Finsky  : [604130] qgx.c(5): Enqueuing libraries load for 0
06-12 14:38:48.600 21519 21545 I Finsky  : [604131] hgv.h(7): Subscription detail: N/A
06-12 14:38:48.600 21519 21560 I Finsky  : [604144] qgx.a(25): Starting libraries load for 0
06-12 14:38:48.626 21519 21560 I Finsky  : [604144] qgx.a(47): Finished loading 0 libraries.
06-12 14:38:48.631 21519 21545 I Finsky  : [604131] addj.m(3): Setup app restrictions monitor
06-12 14:38:48.635 21519 21545 I Finsky  : [604131] adfg.a(3): Device wide unknown source restriction is changed.
06-12 14:38:48.678 21519 21519 I Finsky  : [2] qyi.onTrimMemory(1): Memory trim requested to level 15
06-12 14:38:48.703 21519 21519 I Finsky  : [2] nrp.<init>(13): Installer: Setting Parallelism[DEFAULT]
06-12 14:38:48.709 21519 21519 I Finsky  : [2] nnj.a(25): Installer: Attempting to start installer
06-12 14:38:48.718 21519 21519 I Finsky  : [2] nip.<init>(9): Not checking if recovering from paused session because the experiment is off
06-12 14:38:48.720 21519 21519 I Finsky  : [2] wbh.a(20): SCH: onJobSchedulerWakeup with jobId 9002
06-12 14:38:48.723 21519 21519 I Finsky  : [2] vyk.a(19): Scheduling fallback job with id: 9034, and delay: 43200000 ms
06-12 14:38:48.727 21519 21519 I Finsky  : [2] vyk.a(9): Scheduling fallback in 64799998 (absolute: 24580034798)
06-12 14:38:48.737 21519 21519 I Finsky  : [2] hgu.onSubscriptionsChanged(1): onSubscriptionsChanged
06-12 14:38:48.741 21519 21519 I Finsky  : [2] nnj.a(247): Installer kick - no action, not running yet
06-12 14:38:48.746 21519 21546 D NetworkSecurityConfig: No Network Security Config specified, using platform default
06-12 14:38:48.753 21519 21524 I zygote  : Do partial code cache collection, code=27KB, data=22KB
06-12 14:38:48.755 21519 21524 I zygote  : After code cache collection, code=27KB, data=22KB
06-12 14:38:48.756 21519 21524 I zygote  : Increasing code cache capacity to 128KB
06-12 14:38:48.763 21519 21594 I zygote  : Deoptimizing int atke.a(java.lang.Object, byte[], int, int, int, atgy) due to JIT inline cache
06-12 14:38:48.893 21519 21519 I Finsky  : [2] vyt.handleMessage(7): SCH: DeviceState: DeviceState{currentTime=1591987128888, isCharging=true, isIdle=false, netAny=true, netNotRoaming=true, netUnmetered=true, batteryPercent=100.0}
06-12 14:38:48.907 21519 21554 I Finsky  : [604139] wbh.a(7): SCH: Jobs in database: 1-1337 3-3196 3-3197 12-1 24-77777777 26-1414141414 29-29 
06-12 14:38:48.927  1456  2401 I ActivityManager: Start proc 21603:android.process.media/u0a31 for content provider com.android.providers.downloads/.DownloadProvider
06-12 14:38:48.937 21519 21519 I Finsky  : [2] vyu.a(16): SCH: Running job: 12-1
06-12 14:38:48.939 21519 21519 I Finsky  : [2] ContentSyncJob.a(16): [ContentSync] job started
06-12 14:38:48.940 21519 21519 I Finsky  : [2] vyt.handleMessage(58): SCH: RunningQueue size: 1, PendingQueue size: 0
06-12 14:38:48.941 21519 21519 I Finsky  : [2] vyt.handleMessage(62): SCH: Running queue: 12-1 
06-12 14:38:48.975 21603 21603 I zygote  : The ClassLoaderContext is a special shared library.
06-12 14:38:48.991 21603 21603 I zygote  : The ClassLoaderContext is a special shared library.
06-12 14:38:49.064 21519 21598 I Finsky  : [604175] nmj.run(2): Installer: Installer starting.
06-12 14:38:49.064 21519 21598 I Finsky  : [604175] nmj.run(4): Installer: Installer started.
06-12 14:38:49.066 21519 21519 I Finsky  : [2] nnj.a(253): Installer: found apps to install. isMultiUserMode=false, apps=[]
06-12 14:38:49.095 21519 21524 I zygote  : Do partial code cache collection, code=58KB, data=47KB
06-12 14:38:49.097 21519 21524 I zygote  : After code cache collection, code=51KB, data=43KB
06-12 14:38:49.097 21519 21524 I zygote  : Increasing code cache capacity to 256KB
06-12 14:38:49.101 21519 21519 I Finsky  : [2] waq.a(3): SCH: Canceling job 3-3196
06-12 14:38:49.111 21519 21519 I Finsky  : [2] waq.a(3): SCH: Canceling job 3-3197
06-12 14:38:49.139 21519 21622 I Finsky  : [604182] oai.c(27): IQ: Creating job 3198, for (REQ_DEVICE_IDLE, REQ_GEARHEAD_PROJECTION_OFF, MIN_BATTERY=50, SHOULD_APPLY_BUDGET=true, NETWORK=UNMETERED, PROVISIONING_STATE=PROVISIONED)
06-12 14:38:49.157 21519 21622 I Finsky  : [604182] oai.c(27): IQ: Creating job 3199, for (REQ_CHARGING, REQ_DEVICE_IDLE, REQ_GEARHEAD_PROJECTION_OFF, NETWORK=UNMETERED, PROVISIONING_STATE=PROVISIONED)
06-12 14:38:49.197 21519 21519 I Finsky  : [2] xpg.a(21): Connecting InstallListener to SplitInstallService broadcaster...
06-12 14:38:49.199 21519 21524 I zygote  : Do full code cache collection, code=76KB, data=56KB
06-12 14:38:49.201 21519 21524 I zygote  : After code cache collection, code=61KB, data=36KB
06-12 14:38:49.574 21519 21627 I Finsky  : [604187] ehd.a(30): Completed 0 account content syncs with 0 successful.
06-12 14:38:49.575 21519 21519 I Finsky  : [2] ContentSyncJob.a(1): [ContentSync] Installation state replication succeeded.
06-12 14:38:49.576 21519 21519 I Finsky  : [2] wae.a(14): SCH: jobFinished: 12-1. TimeElapsed: 638ms.
06-12 14:38:49.579 21519 21519 I Finsky  : [2] vyu.a(35): SCH: Job 12-1 finished. Not rescheduling.
06-12 14:38:49.581 21519 21519 I Finsky  : [2] vyt.handleMessage(58): SCH: RunningQueue size: 0, PendingQueue size: 0
06-12 14:38:49.582 21519 21519 I Finsky  : [2] vyt.handleMessage(65): Waiting on changed job store
06-12 14:38:51.433 21632 21632 D AndroidRuntime: >>>>>> START com.android.internal.os.RuntimeInit uid 2000 <<<<<<
06-12 14:38:51.446 21632 21632 W app_process: Could not reserve sentinel fault page
06-12 14:38:51.613 21632 21632 I app_process: The ClassLoaderContext is a special shared library.
06-12 14:38:51.682 21632 21632 D AndroidRuntime: Calling main entry com.android.commands.input.Input
06-12 14:38:51.684 21632 21632 I Input   : injectKeyEvent: KeyEvent { action=ACTION_DOWN, keyCode=KEYCODE_HOME, scanCode=0, metaState=0, flags=0x0, repeatCount=0, eventTime=24059808293, downTime=24059808293, deviceId=-1, source=0x101 }
06-12 14:38:51.691 21632 21632 I Input   : injectKeyEvent: KeyEvent { action=ACTION_UP, keyCode=KEYCODE_HOME, scanCode=0, metaState=0, flags=0x0, repeatCount=0, eventTime=24059808293, downTime=24059808293, deviceId=-1, source=0x101 }
06-12 14:38:51.697  1456  1941 I ActivityManager: START u0 {act=android.intent.action.MAIN cat=[android.intent.category.HOME] flg=0x10200000 cmp=com.android.launcher3/.CustomizationPanelLauncher (has extras)} from uid 1000
06-12 14:38:51.697   794   839 E ANDR-PERF-RESOURCEQS: Failed to apply optimization [4, 0]
06-12 14:38:51.704 21632 21632 D AndroidRuntime: Shutting down VM
06-12 14:38:51.714  1456 10366 I ActivityManager: moveHomeStack, setupComplete:true
06-12 14:38:51.723 31511 31562 I Adreno  : QUALCOMM build                   : bb5b86c, I77d3059488
06-12 14:38:51.723 31511 31562 I Adreno  : Build Date                       : 06/07/18
06-12 14:38:51.723 31511 31562 I Adreno  : OpenGL ES Shader Compiler Version: EV031.22.00.01_06
06-12 14:38:51.723 31511 31562 I Adreno  : Local Branch                     : 
06-12 14:38:51.723 31511 31562 I Adreno  : Remote Branch                    : refs/tags/AU_LINUX_ANDROID_LA.UM.6.5.R1.08.01.00.312.086
06-12 14:38:51.723 31511 31562 I Adreno  : Remote Branch                    : NONE
06-12 14:38:51.723 31511 31562 I Adreno  : Reconstruct Branch               : NOTHING
06-12 14:38:51.726 31511 31562 D vndksupport: Loading /vendor/lib/hw/gralloc.msm8937.so from current namespace instead of sphal namespace.
06-12 14:38:51.731 31511 31562 I Adreno  : PFP: 0x005ff087, ME: 0x005ff063
06-12 14:38:51.736 31511 31562 I zygote  : android::hardware::configstore::V1_0::ISurfaceFlingerConfigs::hasWideColorDisplay retrieved: 0
06-12 14:38:51.736  2748  2748 D Launcher.Utilities: Wakeup weather: Intent { act=com.motorola.launcher3.action.WAKEUP_WEATHER cmp=com.motorola.timeweatherwidget/com.motorola.commandcenter.weather.WakeUpService }
06-12 14:38:51.737 31511 31562 I OpenGLRenderer: Initialized EGL, version 1.4
06-12 14:38:51.738 31511 31562 D OpenGLRenderer: Swap behavior 2
06-12 14:38:51.745   808   808 D SurfaceFlinger: duplicate layer name: changing com.android.launcher3/com.android.launcher3.CustomizationPanelLauncher to com.android.launcher3/com.android.launcher3.CustomizationPanelLauncher#1
06-12 14:38:51.750  1456  1456 I NotificationService: Cannot find enqueued record for key: 0|com.motorola.timeweatherwidget|1|null|10116
06-12 14:38:51.776 31511 31551 W ThreadPoolDumper: Queue length for executor EventBus is now 11. Perhaps some tasks are too long, or the pool is too small.
06-12 14:38:51.778  1456  5050 I WifiService: getWifiEnabledState uid=10073
06-12 14:38:51.785  1456  5050 I WifiService: getWifiEnabledState uid=10073
06-12 14:38:51.846  1456  1673 I LaunchCheckinHandler: Displayed com.android.launcher3/.CustomizationPanelLauncher,wp,wa,149
06-12 14:38:51.853 31511 31564 I MicroDetectionState: Should stop hotword detection immediately - false
06-12 14:38:51.854 31511 31549 E MDD     : DownloadProgressMonitor: Can't find file group for uri: android://com.google.android.googlequicksearchbox/files/sharedminusonemodule/shared/SharedMinusOneData.pb.tmp
06-12 14:38:51.860 31511 31564 I MicroDetectionWorker: #startMicroDetector [speakerMode: 0]
06-12 14:38:51.860   808   808 I SFPerfTracer:      triggers: (rate: 100:2076966) (compose: 0:7) (post: 0:22) (render: 0:19) (1:11944683 frames) (2:15390508)
06-12 14:38:51.860   808   808 D SFPerfTracer:        layers: (3:14) (NavigationBar#0 (0xb07df000): 2:1231594) (StatusBar#0 (0xb07e3000): 1:2948333) (com.android.systemui.ImageWallpaper#0 (0xb07e7000): 0:113999)* (Sprite#0 (0xb0733000): 0:317)* (DimLayerController/Stack=0#0 (0xb075a000): 0:4039)* (Sprite#1 (0xb077c000): 0:195)* (Sprite#2 (0xb039b000): 0:2)* (com.android.launcher3/com.android.launcher3.CustomizationPanelLauncher#0 (0xb0763000): 0:40)- (com.android.launcher3/com.android.launcher3.CustomizationPanelLauncher#1 (0xb0771000): 0:10)- (Splash Screen org.mozilla.fennec_aurora#0 (0xafd20000): 0:19)- (Splash Screen org.mozilla.fennec_aurora#1 (0xafdf0000): 0:30)- (org.mozilla.fennec_aurora/org.mozilla.fenix.HomeActivity#0 (0xafd20000): 1:51) (com.android.launcher3/com.android.launcher3.CustomizationPanelLauncher#0 (0xb0763000): 1:3)* (com.android.launcher3/com.android.launcher3.CustomizationPanelLauncher#1 (0xb0771000): 1:4)* 
06-12 14:38:51.864 31511 31564 I AudioController: Created new AudioSource
06-12 14:38:51.868 31511 31555 I MicroDataManager: isInitializing-false locale not changed-true model not changed-true
06-12 14:38:51.868 31511 31555 I MicroDataManager: Already initialized, obtaining the hotword data immediately.
06-12 14:38:51.879 31511 11655 I MicroRecognitionRunner: Starting detection.
06-12 14:38:51.880 31511 11655 I InputStreamUtils: Using micInputStream
06-12 14:38:51.882 31511 31571 I MicrophoneInputStream: mic_starting  SR : 16000 CC : 16 SO : 1999
06-12 14:38:51.884  1456  7796 I OpenGLRenderer: Initialized EGL, version 1.4
06-12 14:38:51.885  1456  7796 D OpenGLRenderer: Swap behavior 2
06-12 14:38:51.886   788  1401 V msm8974_platform: platform_check_input_mask: enter check_input_mask source 6 mask 10
06-12 14:38:51.889  1012 21647 I AudioFlinger: AudioFlinger's thread 0xb2483e40 tid=21647 ready to run
06-12 14:38:51.899   788  1401 D audio_hw_primary: in_set_parameters: enter: kvpairs=input_source=6;routing=-2147483644
06-12 14:38:51.900  1012  1012 D APM_AudioPolicyManager: AudioPolicyManager::startInput() input 389046, session 389249, source = 1999
06-12 14:38:51.901 31511 31571 I MicrophoneInputStream: mic_started  SR : 16000 CC : 16 SO : 1999
06-12 14:38:51.904   788 21648 V msm8974_platform: platform_update_usecase_from_source: input source :6
06-12 14:38:51.904   788 21648 V msm8974_platform: platform_check_input_mask: enter check_input_mask source 6 mask 10
06-12 14:38:51.904   788 21648 V msm8974_platform: platform_get_input_snd_device: enter: out_device(0) in_device(0x4) channel_count (1) channel_mask (0x10)
06-12 14:38:51.904   788 21648 V msm8974_platform: platform_get_input_snd_device: exit: in_snd_device(voice-rec-mic)
06-12 14:38:51.904   788 21648 V msm8974_platform: platform_get_backend_index:napb: backend port - 5 device - 120 
06-12 14:38:51.904   788 21648 V msm8974_platform: platform_check_and_set_capture_backend_cfg:txbecf: afe: bitwidth 0, samplerate 0, channel 1, backend_idx 5 usecase = 9 device (voice-rec-mic)
06-12 14:38:51.905   788 21648 V msm8974_platform: platform_check_capture_backend_cfg:txbecf: afe: Codec selected backend: 5 current bit width: 0 and sample rate: 0, channels 1
06-12 14:38:51.905   788 21648 V msm8974_platform: platform_check_capture_backend_cfg:txbecf: afe: Codec selected backend: 5 updated bit width: 0 and sample rate: 0
06-12 14:38:51.905   788 21648 I msm8974_platform: platform_check_capture_backend_cfg:txbecf: afe: Codec backend needs to be updated. new bit width: 0 new sample rate: 0 new channel: 1
06-12 14:38:51.905   788 21648 V msm8974_platform: platform_get_backend_index:napb: backend port - 5 device - 120 
06-12 14:38:51.905   788 21648 V msm8974_platform: platform_set_backend_cfg:becf: afe: bitwidth 0, samplerate 0 channels 1, backend_idx 5 device (voice-rec-mic)
06-12 14:38:51.905   788 21648 E msm8974_platform: platform_set_backend_cfg:becf: afe: Could not get ctl for mixer command - SLIM_0_TX Format
06-12 14:38:51.905   788 21648 V msm8974_platform: platform_send_audio_calibration: sending audio calibration for snd_device(120) acdb_id(62)
06-12 14:38:51.905   788 21648 D ACDB-LOADER: ACDB -> send_audio_cal, acdb_id = 62, path = 1, app id = 0x11130, sample rate = 48000
06-12 14:38:51.905   788 21648 D ACDB-LOADER: ACDB -> send_asm_topology
06-12 14:38:51.905   788 21648 D ACDB-LOADER: ACDB -> ACDB_CMD_GET_AUDPROC_STREAM_TOPOLOGY_ID
06-12 14:38:51.906   788 21648 D ACDB-LOADER: ACDB -> send_adm_topology
06-12 14:38:51.906   788 21648 D ACDB-LOADER: ACDB -> ACDB_CMD_GET_AUDPROC_COMMON_TOPOLOGY_ID
06-12 14:38:51.906   788 21648 D ACDB-LOADER: ACDB -> send_audtable
06-12 14:38:51.906   788 21648 D ACDB-LOADER: ACDB -> ACDB_CMD_GET_AUDPROC_COMMON_TABLE_SIZE
06-12 14:38:51.906   788 21648 D ACDB-LOADER: ACDB -> ACDB_CMD_GET_AUDPROC_COMMON_TABLE
06-12 14:38:51.906   788 21648 D ACDB-LOADER: ACDB -> AUDIO_SET_AUDPROC_CAL
06-12 14:38:51.906   788 21648 D ACDB-LOADER: ACDB -> send_audvoltable
06-12 14:38:51.906   788 21648 D ACDB-LOADER: ACDB -> ACDB_CMD_GET_AUDPROC_VOL_STEP_TABLE_SIZE
06-12 14:38:51.906   788 21648 D ACDB-LOADER: ACDB -> ACDB_CMD_GET_AUDPROC_GAIN_DEP_STEP_TABLE, vol index 0
06-12 14:38:51.906   788 21648 D         : Failed to fetch the lookup information of the device 0000003E 
06-12 14:38:51.906   788 21648 D ACDB-LOADER: ACDB -> AUDIO_SET_VOL_CAL cal type = 12
06-12 14:38:51.906   788 21648 D ACDB-LOADER: ACDB -> ACDB_CMD_GET_AUDPROC_STREAM_TABLE_SIZE
06-12 14:38:51.906   788 21648 D ACDB-LOADER: ACDB -> send_audstrmtable
06-12 14:38:51.906   788 21648 D ACDB-LOADER: ACDB -> ACDB_CMD_GET_AUDPROC_STREAM_TABLE_V2
06-12 14:38:51.906   788 21648 D ACDB-LOADER: ACDB -> audstrm_cal->cal_type.cal_data.cal_size = 456
06-12 14:38:51.906   788 21648 D ACDB-LOADER: ACDB -> send_afe_topology
06-12 14:38:51.907   788 21648 D ACDB-LOADER: ACDB -> ACDB_CMD_GET_AFE_TOPOLOGY_ID
06-12 14:38:51.907   788 21648 D ACDB-LOADER: ACDB -> GET_AFE_TOPOLOGY_ID for adcd_id 62, Topology Id 112fb
06-12 14:38:51.907   788 21648 D ACDB-LOADER: ACDB -> send_afe_cal
06-12 14:38:51.907   788 21648 D ACDB-LOADER: ACDB -> ACDB_CMD_GET_AFE_COMMON_TABLE_SIZE
06-12 14:38:51.907   788 21648 D         : Failed to fetch the lookup information of the device 0000003E 
06-12 14:38:51.907   788 21648 E ACDB-LOADER: Error: ACDB_CMD_GET_AFE_COMMON_TABLE_SIZE Returned = -19
06-12 14:38:51.907   788 21648 D ACDB-LOADER: ACDB -> ACDB_CMD_GET_AFE_COMMON_TABLE
06-12 14:38:51.907   788 21648 D         : Failed to fetch the lookup information of the device 0000003E 
06-12 14:38:51.907   788 21648 D ACDB-LOADER: ACDB -> AUDIO_SET_AFE_CAL
06-12 14:38:51.907   788 21648 D ACDB-LOADER: ACDB -> send_hw_delay : acdb_id = 62 path = 1
06-12 14:38:51.907   788 21648 D ACDB-LOADER: ACDB -> ACDB_AVSYNC_INFO: ACDB_CMD_GET_DEVICE_PROPERTY
06-12 14:38:51.907   788 21648 D audio_hw_primary: enable_snd_device: snd_device(120: voice-rec-mic)
06-12 14:38:51.907   788 21648 D audio_route: Apply path: voice-rec-mic
06-12 14:38:51.911   788 21648 V msm8974_platform: platform_get_snd_device_backend_index: enter with device 120
06-12 14:38:51.911   788 21648 E msm8974_platform: platform_get_snd_device_backend_index: BE DAI Name Table is not present
06-12 14:38:51.911   788 21648 V msm8974_platform: platform_get_backend_index:napb: backend port - 5 device - 120 
06-12 14:38:51.911   788 21648 I audio_hw_utils: Set Audio Stream Capture 0 App Type Cfg: app_type 69936, acdb_dev_id 62, sample_rate 48000, snd_device_be_idx -14
06-12 14:38:51.911   788 21648 D audio_hw_primary: enable_audio_route: usecase(9) apply and update mixer path: audio-record
06-12 14:38:51.911   788 21648 D audio_route: Apply path: audio-record
06-12 14:38:51.966 21353 21650 I chatty  : uid=11402(org.mozilla.fennec_aurora) expire 10 lines
06-12 14:38:51.969  5625  5654 I PeriodicStatsRunner: PeriodicStatsRunner.call():180 call()
06-12 14:38:51.969  5625  5654 I PeriodicStatsRunner: PeriodicStatsRunner.call():184 No submit PeriodicStats since input started.
06-12 14:38:51.981 31511 31564 I MicroDetectionWorker: onReady
06-12 14:38:52.005  2146  2165 I zygote  : NativeAlloc concurrent copying GC freed 19012(1005KB) AllocSpace objects, 0(0B) LOS objects, 49% free, 6MB/12MB, paused 115us total 103.124ms
06-12 14:38:52.059 21353 21398 I chatty  : uid=11402(org.mozilla.fennec_aurora) expire 25 lines
06-12 14:38:52.124 31511 31511 I BgTaskExecutorImpl: Starting EXCLUSIVE background task TNG_MINUS_ONE_SYNC.
06-12 14:38:52.126  1456  2920 D ConnectivityService: requestNetwork for uid/pid:11402/21353 NetworkRequest [ TRACK_DEFAULT id=64731, [ Capabilities: INTERNET&NOT_RESTRICTED&TRUSTED&NOT_VPN] ]
06-12 14:38:52.127  1456  2099 D Ethernet: got request NetworkRequest [ TRACK_DEFAULT id=64731, [ Capabilities: INTERNET&NOT_RESTRICTED&TRUSTED&NOT_VPN] ] with score 60
06-12 14:38:52.127  1456  2054 D WIFI_UT : got request NetworkRequest [ TRACK_DEFAULT id=64731, [ Capabilities: INTERNET&NOT_RESTRICTED&TRUSTED&NOT_VPN] ] with score 60
06-12 14:38:52.127  1456  2054 D WIFI    : got request NetworkRequest [ TRACK_DEFAULT id=64731, [ Capabilities: INTERNET&NOT_RESTRICTED&TRUSTED&NOT_VPN] ] with score 60
06-12 14:38:52.129  2398  2398 D PhoneSwitcherNetworkRequstListener: got request NetworkRequest [ TRACK_DEFAULT id=64731, [ Capabilities: INTERNET&NOT_RESTRICTED&TRUSTED&NOT_VPN] ] with score 60
06-12 14:38:52.129 31511 31564 I TngMinusOneSync: Syncing TNG:-1
06-12 14:38:52.138 21353 21658 I chatty  : uid=11402(org.mozilla.fennec_aurora) expire 5 lines
06-12 14:38:52.293  2748  2917 W OpenGLRenderer: Incorrectly called buildLayer on View: ShortcutAndWidgetContainer, destroying layer...
06-12 14:38:52.294  5625  5654 I PeriodicStatsRunner: PeriodicStatsRunner.call():180 call()
06-12 14:38:52.294  5625  5654 I PeriodicStatsRunner: PeriodicStatsRunner.call():184 No submit PeriodicStats since input started.
06-12 14:38:52.355 21353 21373 I chatty  : uid=11402(org.mozilla.fennec_aurora) expire 1 line
06-12 14:38:52.360  1456  2067 D ConnectivityService: releasing NetworkRequest [ TRACK_DEFAULT id=64731, [ Capabilities: INTERNET&NOT_RESTRICTED&TRUSTED&NOT_VPN] ] (release request)
06-12 14:38:52.456  1456  2920 D ConnectivityService: requestNetwork for uid/pid:11402/21353 NetworkRequest [ TRACK_DEFAULT id=64732, [ Capabilities: INTERNET&NOT_RESTRICTED&TRUSTED&NOT_VPN] ]
06-12 14:38:52.458  1456  2054 D WIFI_UT : got request NetworkRequest [ TRACK_DEFAULT id=64732, [ Capabilities: INTERNET&NOT_RESTRICTED&TRUSTED&NOT_VPN] ] with score 60
06-12 14:38:52.458  1456  2099 D Ethernet: got request NetworkRequest [ TRACK_DEFAULT id=64732, [ Capabilities: INTERNET&NOT_RESTRICTED&TRUSTED&NOT_VPN] ] with score 60
06-12 14:38:52.458  1456  2054 D WIFI    : got request NetworkRequest [ TRACK_DEFAULT id=64732, [ Capabilities: INTERNET&NOT_RESTRICTED&TRUSTED&NOT_VPN] ] with score 60
06-12 14:38:52.458  2398  2398 D PhoneSwitcherNetworkRequstListener: got request NetworkRequest [ TRACK_DEFAULT id=64732, [ Capabilities: INTERNET&NOT_RESTRICTED&TRUSTED&NOT_VPN] ] with score 60
06-12 14:38:52.477 21353 21660 I chatty  : uid=11402(org.mozilla.fennec_aurora) expire 9 lines
06-12 14:38:53.029 21519 21533 I zygote  : Waiting for a blocking GC ProfileSaver
06-12 14:38:53.067 21519 21533 I zygote  : WaitForGcToComplete blocked ProfileSaver on HeapTrim for 37.889ms
06-12 14:38:53.070 21353 21378 I chatty  : uid=11402(org.mozilla.fennec_aurora) expire 1 line
06-12 14:38:53.074  1456  2067 D ConnectivityService: releasing NetworkRequest [ TRACK_DEFAULT id=64732, [ Capabilities: INTERNET&NOT_RESTRICTED&TRUSTED&NOT_VPN] ] (release request)
06-12 14:38:54.176 21519 21554 I Finsky  : [604139] wbh.a(7): SCH: Jobs in database: 1-1337 3-3198 3-3199 24-77777777 26-1414141414 29-29 
06-12 14:38:54.192 21519 21519 I Finsky  : [2] vyt.handleMessage(58): SCH: RunningQueue size: 0, PendingQueue size: 0
06-12 14:38:54.192 21519 21519 I Finsky  : [2] vyt.handleMessage(24): Executor finished
06-12 14:38:54.201 21519 21519 I Finsky  : [2] qyi.onTrimMemory(1): Memory trim requested to level 80
06-12 14:38:54.202 21519 21519 I Finsky  : [2] wbh.a(7): SCH: Jobs in database: 1-1337 3-3198 3-3199 24-77777777 26-1414141414 29-29 
06-12 14:38:54.225 21519 21519 I Finsky  : [2] vxc.a(58): SCH: ConstraintMapping: 24-77777777,  -> L: 0ms, D: 39192095ms, C: false, I: true, N: 0
06-12 14:38:54.226 21519 21519 I Finsky  : [2] vxc.a(58): SCH: ConstraintMapping: 1-1337,  -> L: 42724135ms, D: 85924135ms, C: false, I: false, N: 1
06-12 14:38:54.226 21519 21519 I Finsky  : [2] vxc.a(58): SCH: ConstraintMapping: 3-3198,  -> L: 0ms, D: 86394937ms, C: false, I: true, N: 2
06-12 14:38:54.227 21519 21519 I Finsky  : [2] vxc.a(58): SCH: ConstraintMapping: 3-3199,  -> L: 0ms, D: 86394947ms, C: true, I: true, N: 2
06-12 14:38:54.228 21519 21519 I Finsky  : [2] vxc.a(58): SCH: ConstraintMapping: 26-1414141414, 29-29,  -> L: 24226ms, D: 54226ms, C: false, I: false, N: 0
06-12 14:38:54.235 21519 21519 I Finsky  : [2] vzr.a(36): Cancelling existing jobscheduler jobs: 9003 9001 9009 9006 
06-12 14:38:54.235 21519 21519 I Finsky  : [2] vzr.a(12): Throttling wakeup for job 9000 (expected to run in 0 ms) due to recent wakeup
06-12 14:38:54.236 21519 21519 I Finsky  : [2] vzr.a(29): Scheduling job Id: 9000, L: 30000, D: 39192095, C: false, I: true, N: 0
06-12 14:38:54.237 21519 21519 I Finsky  : [2] vzr.a(29): Scheduling job Id: 9004, L: 42724135, D: 85924135, C: false, I: false, N: 1
06-12 14:38:54.238 21519 21519 I Finsky  : [2] vzr.a(12): Throttling wakeup for job 9005 (expected to run in 0 ms) due to recent wakeup
06-12 14:38:54.238 21519 21519 I Finsky  : [2] vzr.a(29): Scheduling job Id: 9005, L: 30000, D: 86394937, C: false, I: true, N: 2
06-12 14:38:54.239 21519 21519 I Finsky  : [2] vzr.a(12): Throttling wakeup for job 9007 (expected to run in 0 ms) due to recent wakeup
06-12 14:38:54.239 21519 21519 I Finsky  : [2] vzr.a(29): Scheduling job Id: 9007, L: 30000, D: 86394947, C: true, I: true, N: 2
06-12 14:38:54.240 21519 21519 I Finsky  : [2] vzr.a(12): Throttling wakeup for job 9008 (expected to run in 24226 ms) due to recent wakeup
06-12 14:38:54.241 21519 21519 I Finsky  : [2] vzr.a(29): Scheduling job Id: 9008, L: 30000, D: 54226, C: false, I: false, N: 0
06-12 14:38:54.861   808   898 I SFPerfTracer:      triggers: (rate: 0:10) (0 sw vsyncs) (0 skipped) (0:7816839 vsyncs) (1:15531856)
06-12 14:38:56.788  5625  5654 I PeriodicStatsRunner: PeriodicStatsRunner.call():180 call()
06-12 14:38:56.788  5625  5654 I PeriodicStatsRunner: PeriodicStatsRunner.call():184 No submit PeriodicStats since input started.
06-12 14:38:56.868  1456 10366 I ActivityManager: Force stopping org.mozilla.fennec_aurora appid=11402 user=0: from pid 21668
06-12 14:38:56.868  1456 10366 I ActivityManager: Killing 21353:org.mozilla.fennec_aurora/u0a1402 (adj 700): stop org.mozilla.fennec_aurora
06-12 14:38:56.871  1456  1605 W zygote  : kill(-21353, 9) failed: No such process
06-12 14:38:56.872  1456 10366 W ActivityManager: Force removing ActivityRecord{171876f u0 org.mozilla.fennec_aurora/org.mozilla.fenix.HomeActivity t82446}: app died, no saved state
06-12 14:38:56.881  1456 10366 I ActivityManager: Killing 21435:org.mozilla.fennec_aurora:tab0/u0a1402 (adj 0): stop org.mozilla.fennec_aurora
06-12 14:38:56.888  1456  1605 W zygote  : kill(-21353, 9) failed: No such process
06-12 14:38:56.895  2398  2398 D CarrierSvcBindHelper: No carrier app for: 0
06-12 14:38:56.896  2398  2398 D CarrierSvcBindHelper: No carrier app for: 1
06-12 14:38:56.899  1456  1605 W zygote  : kill(-21353, 9) failed: No such process
06-12 14:38:56.923  1456  1605 I chatty  : uid=1000(system) ActivityManager identical 2 lines
06-12 14:38:56.935  1456  1673 W ActivityManager: setHasOverlayUi called on unknown pid: 21353
06-12 14:38:56.938  1456  1605 W zygote  : kill(-21353, 9) failed: No such process
06-12 14:38:56.938  1456  1605 I zygote  : Successfully killed process cgroup uid 11402 pid 21353 in 67ms
06-12 14:38:56.938  1456  1605 W zygote  : kill(-21435, 9) failed: No such process
06-12 14:38:56.938  1456  1605 I zygote  : Successfully killed process cgroup uid 11402 pid 21435 in 0ms
06-12 14:38:57.467  1456  1466 I zygote  : NativeAlloc concurrent copying GC freed 59493(3MB) AllocSpace objects, 35(1468KB) LOS objects, 34% free, 45MB/69MB, paused 310us total 428.686ms
06-12 14:38:58.014  1456  2916 I ActivityManager: START u0 {act=android.intent.action.MAIN cat=[android.intent.category.LAUNCHER] flg=0x10000000 cmp=org.mozilla.fennec_aurora/.App} from uid 2000
06-12 14:38:58.016   794   839 E ANDR-PERF-RESOURCEQS: Failed to apply optimization [4, 0]
06-12 14:38:58.034  1456  5050 I ActivityManager: Start proc 21675:org.mozilla.fennec_aurora/u0a1402 for activity org.mozilla.fennec_aurora/.App
06-12 14:38:58.126 31511 31564 I MicroDetectionState: Should stop hotword detection immediately - false
06-12 14:38:58.126 31511 31564 I MicroDetector: Keeping mic open: false
06-12 14:38:58.126 31511 31564 I RecognitionAudioControl: #shutdownAudio [requestId: 3828417845556337875, keepAudioOpen: false, forced: true]
06-12 14:38:58.127 31511 18645 E DeviceStateChecker: DeviceStateChecker cancelled
06-12 14:38:58.127 31511 31564 I RecognitionAudioControl: #internalShutdownAudio [requestId: 3828417845556337875]
06-12 14:38:58.127 31511 31564 I RecognitionAudioControl: #internalShutdownAudio [keepAudioOpen: false, forced: true]
06-12 14:38:58.127 31511 31564 I RecognitionAudioControl: #actualShutdownAudio
06-12 14:38:58.127 31511 31564 I AudioController: #shutdown [requestId=3828417845556337875]
06-12 14:38:58.127 31511 31554 I AudioController: internalShutdown
06-12 14:38:58.128 31511 31555 I MicroRecognitionRunner: Stopping hotword detection.
06-12 14:38:58.172 21675 21675 I chatty  : uid=11402(org.mozilla.fennec_aurora) expire 33 lines
06-12 14:38:58.181   788  1401 D audio_hw_primary: disable_audio_route: usecase(9) reset and update mixer path: audio-record
06-12 14:38:58.182   788  1401 D audio_hw_primary: disable_snd_device: snd_device(120: voice-rec-mic)
06-12 14:38:58.184  1012  1012 D APM_AudioPolicyManager: stopInput() input 389046, session 389249
06-12 14:38:58.185   788  1401 D audio_hw_primary: in_set_parameters: enter: kvpairs=routing=0
06-12 14:38:58.187 31511 31554 I MicrophoneInputStream: mic_close  SR : 16000 CC : 16 SO : 1999
06-12 14:38:58.189 31511 31554 E AudioSource: Stop listening is called on already closed AudioSource
06-12 14:38:58.192 31511 31554 I AudioController: Sending AudioStatusChangedBroadcast to :interactor. audioSourceType: NOT_SET, isActive: false
06-12 14:38:58.193 31511 11655 I MicroRecognitionRunner: Detection finished
06-12 14:38:58.217 21675 21693 I chatty  : uid=11402(org.mozilla.fennec_aurora) expire 4 lines
06-12 14:38:58.300 21675 21703 I chatty  : uid=11402(org.mozilla.fennec_aurora) expire 13 lines
06-12 14:38:58.322 21675 21702 I chatty  : uid=11402(org.mozilla.fennec_aurora) expire 14 lines
06-12 14:38:58.332 21675 21706 I chatty  : uid=11402(org.mozilla.fennec_aurora) expire 1 line
06-12 14:38:58.333 21675 21707 I chatty  : uid=11402(org.mozilla.fennec_aurora) expire 15 lines
06-12 14:38:58.404 21675 21714 I chatty  : uid=11402(org.mozilla.fennec_aurora) expire 6 lines
06-12 14:38:58.462 21519 21561 I Finsky  : [604145] eaj.run(3): Initializing the instant apps module.
06-12 14:38:58.467 21519 21550 I Finsky  : [604135] hqv.a(18): No selector loaded
06-12 14:38:58.489 21675 21729 I chatty  : uid=11402(org.mozilla.fennec_aurora) expire 1 line
06-12 14:38:58.497 21519 21550 I Finsky  : [604135] jbo.d(76): System was updated or GL extensions were already cached.
06-12 14:38:58.513  1456  5907 I ActivityManager: START u0 {act=android.intent.action.MAIN cat=[android.intent.category.LAUNCHER] flg=0x10000000 cmp=org.mozilla.fennec_aurora/org.mozilla.fenix.HomeActivity (has extras)} from uid 11402
