03-13 18:41:59.989  3595  3612 I Finsky  : [375204] kay.run(3): Stats for Executor: BlockingExecutor kcu@18a1b69[Running, pool size = 2, active threads = 0, queued tasks = 0, completed tasks = 17]
03-13 18:41:59.990  3595  3612 I Finsky  : [375204] kay.run(3): Stats for Executor: LightweightExecutor kcu@85dd9ee[Running, pool size = 4, active threads = 0, queued tasks = 0, completed tasks = 432]
03-13 18:42:00.309  3595  3612 I Finsky  : [375204] kay.run(3): Stats for Executor: bgExecutor kcu@4707e8f[Running, pool size = 4, active threads = 0, queued tasks = 0, completed tasks = 679]
03-13 18:42:03.579  1456  4802 I ActivityManager: Force stopping org.mozilla.fennec_aurora appid=11097 user=0: from pid 5193
03-13 18:42:03.579  1456  4802 I ActivityManager: Killing 4959:org.mozilla.fennec_aurora/u0a1097 (adj 700): stop org.mozilla.fennec_aurora
03-13 18:42:03.582  1456  1605 W zygote  : kill(-4959, 9) failed: No such process
03-13 18:42:03.583  1456  4802 W ActivityManager: Force removing ActivityRecord{3d713ea u0 org.mozilla.fennec_aurora/org.mozilla.fenix.HomeActivity t35260}: app died, no saved state
03-13 18:42:03.595  1456  4802 I ActivityManager: Killing 5047:org.mozilla.fennec_aurora:tab/u0a1097 (adj 0): stop org.mozilla.fennec_aurora
03-13 18:42:03.603  1456  1605 W zygote  : kill(-4959, 9) failed: No such process
03-13 18:42:03.606  2398  2398 D CarrierSvcBindHelper: No carrier app for: 0
03-13 18:42:03.608  2398  2398 D CarrierSvcBindHelper: No carrier app for: 1
03-13 18:42:03.618  1456  1605 W zygote  : kill(-4959, 9) failed: No such process
03-13 18:42:03.648  1456  1605 I chatty  : uid=1000(system) ActivityManager identical 2 lines
03-13 18:42:03.652  1456  1673 W ActivityManager: setHasOverlayUi called on unknown pid: 4959
03-13 18:42:03.664  1456  1605 W zygote  : kill(-4959, 9) failed: No such process
03-13 18:42:03.664  1456  1605 I zygote  : Successfully killed process cgroup uid 11097 pid 4959 in 82ms
03-13 18:42:03.664  1456  1605 W zygote  : kill(-5047, 9) failed: No such process
03-13 18:42:03.664  1456  1605 I zygote  : Successfully killed process cgroup uid 11097 pid 5047 in 0ms
03-13 18:42:03.704  1456  2196 I ActivityManager: START u0 {act=android.intent.action.MAIN cat=[android.intent.category.LAUNCHER] flg=0x10000000 cmp=org.mozilla.fennec_aurora/.App} from uid 2000
03-13 18:42:03.705   794   839 E ANDR-PERF-RESOURCEQS: Failed to apply optimization [4, 0]
03-13 18:42:03.724  1456 10736 I ActivityManager: Start proc 5201:org.mozilla.fennec_aurora/u0a1097 for activity org.mozilla.fennec_aurora/.App
03-13 18:42:03.812 28336 28379 I MicroDetectionState: Should stop hotword detection immediately - false
03-13 18:42:03.812 28336 28379 I MicroDetector: Keeping mic open: false
03-13 18:42:03.813 28336 28413 E DeviceStateChecker: DeviceStateChecker cancelled
03-13 18:42:03.813 28336 28379 I RecognitionAudioControl: #shutdownAudio [requestId: -8907582454096702409, keepAudioOpen: false, forced: true]
03-13 18:42:03.813 28336 28379 I RecognitionAudioControl: #internalShutdownAudio [requestId: -8907582454096702409]
03-13 18:42:03.813 28336 28379 I RecognitionAudioControl: #internalShutdownAudio [keepAudioOpen: false, forced: true]
03-13 18:42:03.813 28336 28379 I RecognitionAudioControl: #actualShutdownAudio
03-13 18:42:03.813 28336 28379 I AudioController: #shutdown [requestId=-8907582454096702409]
03-13 18:42:03.813 28336 28378 I AudioController: internalShutdown
03-13 18:42:03.813 28336 28380 I MicroRecognitionRunner: Stopping hotword detection.
03-13 18:42:03.858   788  1401 D audio_hw_primary: disable_audio_route: usecase(9) reset and update mixer path: audio-record
03-13 18:42:03.859   788  1401 D audio_hw_primary: disable_snd_device: snd_device(120: voice-rec-mic)
03-13 18:42:03.861  1012 19368 D APM_AudioPolicyManager: stopInput() input 199518, session 199625
03-13 18:42:03.861   788   788 D audio_hw_primary: in_set_parameters: enter: kvpairs=routing=0
03-13 18:42:03.863 28336 28378 I MicrophoneInputStream: mic_close  SR : 16000 CC : 16 SO : 1999
03-13 18:42:03.863 28336 28378 E AudioSource: Stop listening is called on already closed AudioSource
03-13 18:42:03.865 28336 28373 I MicroRecognitionRunner: Detection finished
03-13 18:42:03.882  5201  5201 I chatty  : uid=11097(org.mozilla.fennec_aurora) expire 36 lines
03-13 18:42:03.959  5201  5221 I chatty  : uid=11097(org.mozilla.fennec_aurora) expire 4 lines
03-13 18:42:03.982  1456  7570 D ConnectivityService: requestNetwork for uid/pid:11097/5201 NetworkRequest [ TRACK_DEFAULT id=30719, [ Capabilities: INTERNET&NOT_RESTRICTED&TRUSTED&NOT_VPN] ]
03-13 18:42:03.983  1456  2099 D Ethernet: got request NetworkRequest [ TRACK_DEFAULT id=30719, [ Capabilities: INTERNET&NOT_RESTRICTED&TRUSTED&NOT_VPN] ] with score 0
03-13 18:42:03.983  1456  2054 D WIFI_UT : got request NetworkRequest [ TRACK_DEFAULT id=30719, [ Capabilities: INTERNET&NOT_RESTRICTED&TRUSTED&NOT_VPN] ] with score 0
03-13 18:42:03.983  1456  2054 D WIFI    : got request NetworkRequest [ TRACK_DEFAULT id=30719, [ Capabilities: INTERNET&NOT_RESTRICTED&TRUSTED&NOT_VPN] ] with score 0
03-13 18:42:03.983  2398  2398 D PhoneSwitcherNetworkRequstListener: got request NetworkRequest [ TRACK_DEFAULT id=30719, [ Capabilities: INTERNET&NOT_RESTRICTED&TRUSTED&NOT_VPN] ] with score 0
03-13 18:42:03.990  5201  5232 I chatty  : uid=11097(org.mozilla.fennec_aurora) expire 13 lines
03-13 18:42:04.006  5201  5231 I chatty  : uid=11097(org.mozilla.fennec_aurora) expire 11 lines
03-13 18:42:04.051  5201  5239 I chatty  : uid=11097(org.mozilla.fennec_aurora) expire 19 lines
03-13 18:42:04.136  5201  5243 I chatty  : uid=11097(org.mozilla.fennec_aurora) expire 1 line
03-13 18:42:04.144  5201  5248 I chatty  : uid=11097(org.mozilla.fennec_aurora) expire 10 lines
03-13 18:42:04.183  1456 10736 I ActivityManager: START u0 {act=android.intent.action.MAIN cat=[android.intent.category.LAUNCHER] flg=0x10000000 cmp=org.mozilla.fennec_aurora/org.mozilla.fenix.HomeActivity (has extras)} from uid 11097
03-13 18:42:04.200  5201  5206 I chatty  : uid=11097(org.mozilla.fennec_aurora) expire 6 lines
03-13 18:42:04.206   808   808 D SurfaceFlinger: duplicate layer name: changing Splash Screen org.mozilla.fennec_aurora to Splash Screen org.mozilla.fennec_aurora#1
03-13 18:42:04.253   808   898 I SFPerfTracer:      triggers: (rate: 0:1) (0 sw vsyncs) (0 skipped) (0:5084335 vsyncs) (2:11342464)
03-13 18:42:04.289   808   808 I SFPerfTracer:      triggers: (rate: 71:2001511) (compose: 0:7) (post: 0:19) (render: 0:17) (0:9180833 frames) (1:11270644)
03-13 18:42:04.289   808   808 D SFPerfTracer:        layers: (2:14) (NavigationBar#0 (0xb07df000): 0:716694) (StatusBar#0 (0xb07e3000): 0:1848514) (com.android.systemui.ImageWallpaper#0 (0xb07e7000): 0:64262)* (Sprite#0 (0xb0733000): 0:317)* (DimLayerController/Stack=0#0 (0xb075a000): 0:3780)* (Sprite#1 (0xb077c000): 0:195)* (com.android.launcher3/com.android.launcher3.CustomizationPanelLauncher#0 (0xb0763000): 0:39)- (com.android.launcher3/com.android.launcher3.CustomizationPanelLauncher#1 (0xb0771000): 0:10)- (Splash Screen org.mozilla.fennec_aurora#1 (0xb013a000): 0:30)- (org.mozilla.fennec_aurora/org.mozilla.fenix.HomeActivity#0 (0xb039b000): 0:47)- (com.android.launcher3/com.android.launcher3.CustomizationPanelLauncher#0 (0xb0763000): 0:39)* (com.android.launcher3/com.android.launcher3.CustomizationPanelLauncher#1 (0xb0771000): 0:14)* (Splash Screen org.mozilla.fennec_aurora#0 (0xb039b000): 0:19)- (Splash Screen org.mozilla.fennec_aurora#1 (0xb013a000): 1:3)* 
03-13 18:42:04.518  5201  5201 E ActivityThread: Failed to find provider info for org.mozilla.firefox_beta.fxa.auth
03-13 18:42:04.530  1456  5050 I ActivityManager: Start proc 5287:org.mozilla.fennec_aurora:tab/u0a1097 for service org.mozilla.fennec_aurora/org.mozilla.gecko.process.GeckoChildProcessServices$tab
03-13 18:42:04.531  5201  5201 E ActivityThread: Failed to find provider info for org.mozilla.fennec_aurora.fxa.auth
03-13 18:42:04.612  5201  5306 I chatty  : uid=11097(org.mozilla.fennec_aurora) expire 1 line
03-13 18:42:04.663  5287  5287 I chatty  : uid=11097(org.mozilla.fennec_aurora) expire 2 lines
03-13 18:42:04.664  5287  5310 I chatty  : uid=11097(org.mozilla.fennec_aurora) expire 1 line
03-13 18:42:04.716  5201  5306 I chatty  : uid=11097(org.mozilla.fennec_aurora) expire 8 lines
03-13 18:42:04.788  5201  5201 I chatty  : uid=11097(org.mozilla.fennec_aurora) expire 17 lines
03-13 18:42:04.975  1456  1673 I LaunchCheckinHandler: Displayed org.mozilla.fennec_aurora/org.mozilla.fenix.HomeActivity,wp,ca,742
03-13 18:42:04.976  1456  1673 I ActivityManager: Displayed org.mozilla.fennec_aurora/org.mozilla.fenix.HomeActivity: +735ms (total +1s256ms)
03-13 18:42:04.991 28336 28336 I MemoryTrimmer: Trimming objects from memory, since app is in the background.
03-13 18:42:04.996  5201  5206 I chatty  : uid=11097(org.mozilla.fennec_aurora) expire 2 lines
03-13 18:42:05.000 28336 28336 I MemoryTrimmer: Trimming objects from memory, since app is in the background.
03-13 18:42:05.002 28336  2939 I PBSessionCacheImpl: Deleted sessionId[124624629806571916] from persistence.
03-13 18:42:05.009  1456 10736 I WifiService: getWifiEnabledState uid=10073
03-13 18:42:05.011 28336 28379 I DEBUG   : OpaToSrpTransitionState#onStateChanged#notNullQuery
03-13 18:42:05.012 28336 28379 I DEBUG   : OpaToSrpTransitionState#onStateChanged#notNullQuery
03-13 18:42:05.014 28336 28379 W SearchServiceCore: Abort, client detached.
03-13 18:42:05.037  5201  5201 E ActivityThread: Failed to find provider info for org.mozilla.firefox_beta.fxa.auth
03-13 18:42:05.037  5201  5201 E ActivityThread: Failed to find provider info for org.mozilla.fennec_aurora.fxa.auth
03-13 18:42:05.052  5201  5239 I chatty  : uid=11097(org.mozilla.fennec_aurora) expire 8 lines
03-13 18:42:05.289  5201  5329 I chatty  : uid=11097(org.mozilla.fennec_aurora) expire 2 lines
03-13 18:42:05.431  1023  5335 D libc    : Internal error: netid(0), id(0xc137), server(0.0.0.0)
03-13 18:42:05.431  1023  5335 D libc    : Internal error: netid(0), id(0xc137), server(0.0.0.0)
03-13 18:42:05.432  1023  5335 D libc    : Internal error: netid(0), id(0x9712), server(0.0.0.0)
03-13 18:42:05.432  1023  5335 D libc    : Internal error: netid(0), id(0x9712), server(0.0.0.0)
03-13 18:42:05.446  1023  5342 D libc    : Internal error: netid(0), id(0x7b4b), server(0.0.0.0)
03-13 18:42:05.447  1023  5342 D libc    : Internal error: netid(0), id(0x7b4b), server(0.0.0.0)
03-13 18:42:05.447  1023  5342 D libc    : Internal error: netid(0), id(0xb708), server(0.0.0.0)
03-13 18:42:05.448  1023  5342 D libc    : Internal error: netid(0), id(0xb708), server(0.0.0.0)
03-13 18:42:05.450  1023  5347 D libc    : Internal error: netid(0), id(0xe223), server(0.0.0.0)
03-13 18:42:05.451  1023  5347 D libc    : Internal error: netid(0), id(0xe223), server(0.0.0.0)
03-13 18:42:05.451  1023  5347 D libc    : Internal error: netid(0), id(0xd816), server(0.0.0.0)
03-13 18:42:05.451  1023  5347 D libc    : Internal error: netid(0), id(0xd816), server(0.0.0.0)
03-13 18:42:05.453  5201  5232 I chatty  : uid=11097(org.mozilla.fennec_aurora) expire 1 line
03-13 18:42:05.453  5201  5234 I chatty  : uid=11097(org.mozilla.fennec_aurora) expire 1 line
03-13 18:42:05.454  5201  5233 I chatty  : uid=11097(org.mozilla.fennec_aurora) expire 1 line
03-13 18:42:05.483  5201  5261 I chatty  : uid=11097(org.mozilla.fennec_aurora) expire 1 line
03-13 18:42:05.492  1023  5362 D libc    : Internal error: netid(0), id(0x1420), server(0.0.0.0)
03-13 18:42:05.492  1023  5362 D libc    : Internal error: netid(0), id(0x1420), server(0.0.0.0)
03-13 18:42:05.492  1023  5362 D libc    : Internal error: netid(0), id(0x4873), server(0.0.0.0)
03-13 18:42:05.493  1023  5362 D libc    : Internal error: netid(0), id(0x4873), server(0.0.0.0)
03-13 18:42:05.495  1023  5366 D libc    : Internal error: netid(0), id(0xc713), server(0.0.0.0)
03-13 18:42:05.495  1023  5366 D libc    : Internal error: netid(0), id(0xc713), server(0.0.0.0)
03-13 18:42:05.496  1023  5366 D libc    : Internal error: netid(0), id(0x7517), server(0.0.0.0)
03-13 18:42:05.496  1023  5366 D libc    : Internal error: netid(0), id(0x7517), server(0.0.0.0)
03-13 18:42:05.498  1023  5369 D libc    : Internal error: netid(0), id(0x4401), server(0.0.0.0)
03-13 18:42:05.498  1023  5369 D libc    : Internal error: netid(0), id(0x4401), server(0.0.0.0)
03-13 18:42:05.498  1023  5369 D libc    : Internal error: netid(0), id(0x806c), server(0.0.0.0)
03-13 18:42:05.498  1023  5369 D libc    : Internal error: netid(0), id(0x806c), server(0.0.0.0)
03-13 18:42:09.353  5401  5401 D AndroidRuntime: >>>>>> START com.android.internal.os.RuntimeInit uid 2000 <<<<<<
03-13 18:42:09.366  5401  5401 W app_process: Could not reserve sentinel fault page
03-13 18:42:09.533  5401  5401 I app_process: The ClassLoaderContext is a special shared library.
03-13 18:42:09.605  5401  5401 D AndroidRuntime: Calling main entry com.android.commands.input.Input
03-13 18:42:09.606  5401  5401 I Input   : injectKeyEvent: KeyEvent { action=ACTION_DOWN, keyCode=KEYCODE_HOME, scanCode=0, metaState=0, flags=0x0, repeatCount=0, eventTime=16215384886, downTime=16215384886, deviceId=-1, source=0x101 }
03-13 18:42:09.612  5401  5401 I Input   : injectKeyEvent: KeyEvent { action=ACTION_UP, keyCode=KEYCODE_HOME, scanCode=0, metaState=0, flags=0x0, repeatCount=0, eventTime=16215384886, downTime=16215384886, deviceId=-1, source=0x101 }
03-13 18:42:09.618  1456  1941 I ActivityManager: START u0 {act=android.intent.action.MAIN cat=[android.intent.category.HOME] flg=0x10200000 cmp=com.android.launcher3/.CustomizationPanelLauncher (has extras)} from uid 1000
03-13 18:42:09.619   794   839 E ANDR-PERF-RESOURCEQS: Failed to apply optimization [4, 0]
03-13 18:42:09.630  1456  1941 I ActivityManager: moveHomeStack, setupComplete:true
03-13 18:42:09.634  5401  5401 D AndroidRuntime: Shutting down VM
03-13 18:42:09.640 28336 28375 I Adreno  : QUALCOMM build                   : bb5b86c, I77d3059488
03-13 18:42:09.640 28336 28375 I Adreno  : Build Date                       : 06/07/18
03-13 18:42:09.640 28336 28375 I Adreno  : OpenGL ES Shader Compiler Version: EV031.22.00.01_06
03-13 18:42:09.640 28336 28375 I Adreno  : Local Branch                     : 
03-13 18:42:09.640 28336 28375 I Adreno  : Remote Branch                    : refs/tags/AU_LINUX_ANDROID_LA.UM.6.5.R1.08.01.00.312.086
03-13 18:42:09.640 28336 28375 I Adreno  : Remote Branch                    : NONE
03-13 18:42:09.640 28336 28375 I Adreno  : Reconstruct Branch               : NOTHING
03-13 18:42:09.643 28336 28375 D vndksupport: Loading /vendor/lib/hw/gralloc.msm8937.so from current namespace instead of sphal namespace.
03-13 18:42:09.646 28336 28375 I Adreno  : PFP: 0x005ff087, ME: 0x005ff063
03-13 18:42:09.652 28336 28375 I zygote  : android::hardware::configstore::V1_0::ISurfaceFlingerConfigs::hasWideColorDisplay retrieved: 0
03-13 18:42:09.653 28336 28375 I OpenGLRenderer: Initialized EGL, version 1.4
03-13 18:42:09.653 28336 28375 D OpenGLRenderer: Swap behavior 2
03-13 18:42:09.656  3595  3595 I Finsky  : [2] ppb.onTrimMemory(1): Memory trim requested to level 80
03-13 18:42:09.657  2748  2748 D Launcher.Utilities: Wakeup weather: Intent { act=com.motorola.launcher3.action.WAKEUP_WEATHER cmp=com.motorola.timeweatherwidget/com.motorola.commandcenter.weather.WakeUpService }
03-13 18:42:09.672  1456  1456 I NotificationService: Cannot find enqueued record for key: 0|com.motorola.timeweatherwidget|1|null|10116
03-13 18:42:09.679   808   808 D SurfaceFlinger: duplicate layer name: changing com.android.launcher3/com.android.launcher3.CustomizationPanelLauncher to com.android.launcher3/com.android.launcher3.CustomizationPanelLauncher#1
03-13 18:42:09.692 28336 28370 W ThreadPoolDumper: Queue length for executor EventBus is now 11. Perhaps some tasks are too long, or the pool is too small.
03-13 18:42:09.694  1456  2196 I WifiService: getWifiEnabledState uid=10073
03-13 18:42:09.707  1456  2196 I WifiService: getWifiEnabledState uid=10073
03-13 18:42:09.716 28336 28379 I DEBUG   : OpaToSrpTransitionState#onStateChanged#notNullQuery
03-13 18:42:09.717 28336 28379 I DEBUG   : OpaToSrpTransitionState#onStateChanged#notNullQuery
03-13 18:42:09.737 28336 28379 I MicroDetectionState: Should stop hotword detection immediately - false
03-13 18:42:09.742 28336 28379 I MicroDetectionWorker: #startMicroDetector [speakerMode: 0]
03-13 18:42:09.744 28336 28379 I AudioController: Created new AudioSource
03-13 18:42:09.772 28336 28367 I MicroDataManager: isInitializedWithLatestParams-true
03-13 18:42:09.772 28336 28367 I MicroDataManager: isInitializing-false locale not changed-true model not changed-true
03-13 18:42:09.773 28336 28367 I MicroDataManager: Already initialized, obtaining the hotword data immediately.
03-13 18:42:09.774  1456  1673 I LaunchCheckinHandler: Displayed com.android.launcher3/.CustomizationPanelLauncher,wp,wa,154
03-13 18:42:09.778 28336 28413 I MicroRecognitionRunner: Starting detection.
03-13 18:42:09.778 28336 28413 I InputStreamUtils: Using micInputStream
03-13 18:42:09.779 28336  2938 I MicrophoneInputStream: mic_starting  SR : 16000 CC : 16 SO : 1999
03-13 18:42:09.782   788   788 V msm8974_platform: platform_check_input_mask: enter check_input_mask source 6 mask 10
03-13 18:42:09.783  1012  5416 I AudioFlinger: AudioFlinger's thread 0xb2483200 tid=5416 ready to run
03-13 18:42:09.793   788   788 D audio_hw_primary: in_set_parameters: enter: kvpairs=input_source=6;routing=-2147483644
03-13 18:42:09.794  1012  1390 D APM_AudioPolicyManager: AudioPolicyManager::startInput() input 199526, session 199633, source = 1999
03-13 18:42:09.795 28336  2938 I MicrophoneInputStream: mic_started  SR : 16000 CC : 16 SO : 1999
03-13 18:42:09.797   788  5417 V msm8974_platform: platform_update_usecase_from_source: input source :6
03-13 18:42:09.797   788  5417 V msm8974_platform: platform_check_input_mask: enter check_input_mask source 6 mask 10
03-13 18:42:09.797   788  5417 V msm8974_platform: platform_get_input_snd_device: enter: out_device(0) in_device(0x4) channel_count (1) channel_mask (0x10)
03-13 18:42:09.797   788  5417 V msm8974_platform: platform_get_input_snd_device: exit: in_snd_device(voice-rec-mic)
03-13 18:42:09.797   788  5417 V msm8974_platform: platform_get_backend_index:napb: backend port - 5 device - 120 
03-13 18:42:09.797   788  5417 V msm8974_platform: platform_check_and_set_capture_backend_cfg:txbecf: afe: bitwidth 0, samplerate 0, channel 1, backend_idx 5 usecase = 9 device (voice-rec-mic)
03-13 18:42:09.797   788  5417 V msm8974_platform: platform_check_capture_backend_cfg:txbecf: afe: Codec selected backend: 5 current bit width: 0 and sample rate: 0, channels 1
03-13 18:42:09.797   788  5417 V msm8974_platform: platform_check_capture_backend_cfg:txbecf: afe: Codec selected backend: 5 updated bit width: 0 and sample rate: 0
03-13 18:42:09.797   788  5417 I msm8974_platform: platform_check_capture_backend_cfg:txbecf: afe: Codec backend needs to be updated. new bit width: 0 new sample rate: 0 new channel: 1
03-13 18:42:09.797   788  5417 V msm8974_platform: platform_get_backend_index:napb: backend port - 5 device - 120 
03-13 18:42:09.797   788  5417 V msm8974_platform: platform_set_backend_cfg:becf: afe: bitwidth 0, samplerate 0 channels 1, backend_idx 5 device (voice-rec-mic)
03-13 18:42:09.797   788  5417 E msm8974_platform: platform_set_backend_cfg:becf: afe: Could not get ctl for mixer command - SLIM_0_TX Format
03-13 18:42:09.797   788  5417 V msm8974_platform: platform_send_audio_calibration: sending audio calibration for snd_device(120) acdb_id(62)
03-13 18:42:09.797   788  5417 D ACDB-LOADER: ACDB -> send_audio_cal, acdb_id = 62, path = 1, app id = 0x11130, sample rate = 48000
03-13 18:42:09.797   788  5417 D ACDB-LOADER: ACDB -> send_asm_topology
03-13 18:42:09.798   788  5417 D ACDB-LOADER: ACDB -> ACDB_CMD_GET_AUDPROC_STREAM_TOPOLOGY_ID
03-13 18:42:09.798   788  5417 D ACDB-LOADER: ACDB -> send_adm_topology
03-13 18:42:09.798   788  5417 D ACDB-LOADER: ACDB -> ACDB_CMD_GET_AUDPROC_COMMON_TOPOLOGY_ID
03-13 18:42:09.798   788  5417 D ACDB-LOADER: ACDB -> send_audtable
03-13 18:42:09.798   788  5417 D ACDB-LOADER: ACDB -> ACDB_CMD_GET_AUDPROC_COMMON_TABLE_SIZE
03-13 18:42:09.798   788  5417 D ACDB-LOADER: ACDB -> ACDB_CMD_GET_AUDPROC_COMMON_TABLE
03-13 18:42:09.798   788  5417 D ACDB-LOADER: ACDB -> AUDIO_SET_AUDPROC_CAL
03-13 18:42:09.798   788  5417 D ACDB-LOADER: ACDB -> send_audvoltable
03-13 18:42:09.798   788  5417 D ACDB-LOADER: ACDB -> ACDB_CMD_GET_AUDPROC_VOL_STEP_TABLE_SIZE
03-13 18:42:09.798   788  5417 D ACDB-LOADER: ACDB -> ACDB_CMD_GET_AUDPROC_GAIN_DEP_STEP_TABLE, vol index 0
03-13 18:42:09.798   788  5417 D         : Failed to fetch the lookup information of the device 0000003E 
03-13 18:42:09.798   788  5417 D ACDB-LOADER: ACDB -> AUDIO_SET_VOL_CAL cal type = 12
03-13 18:42:09.798   788  5417 D ACDB-LOADER: ACDB -> ACDB_CMD_GET_AUDPROC_STREAM_TABLE_SIZE
03-13 18:42:09.798   788  5417 D ACDB-LOADER: ACDB -> send_audstrmtable
03-13 18:42:09.798   788  5417 D ACDB-LOADER: ACDB -> ACDB_CMD_GET_AUDPROC_STREAM_TABLE_V2
03-13 18:42:09.798   788  5417 D ACDB-LOADER: ACDB -> audstrm_cal->cal_type.cal_data.cal_size = 456
03-13 18:42:09.798   788  5417 D ACDB-LOADER: ACDB -> send_afe_topology
03-13 18:42:09.798   788  5417 D ACDB-LOADER: ACDB -> ACDB_CMD_GET_AFE_TOPOLOGY_ID
03-13 18:42:09.798   788  5417 D ACDB-LOADER: ACDB -> GET_AFE_TOPOLOGY_ID for adcd_id 62, Topology Id 112fb
03-13 18:42:09.798   788  5417 D ACDB-LOADER: ACDB -> send_afe_cal
03-13 18:42:09.798   788  5417 D ACDB-LOADER: ACDB -> ACDB_CMD_GET_AFE_COMMON_TABLE_SIZE
03-13 18:42:09.798   788  5417 D         : Failed to fetch the lookup information of the device 0000003E 
03-13 18:42:09.798   788  5417 E ACDB-LOADER: Error: ACDB_CMD_GET_AFE_COMMON_TABLE_SIZE Returned = -19
03-13 18:42:09.798   788  5417 D ACDB-LOADER: ACDB -> ACDB_CMD_GET_AFE_COMMON_TABLE
03-13 18:42:09.798   788  5417 D         : Failed to fetch the lookup information of the device 0000003E 
03-13 18:42:09.798   788  5417 D ACDB-LOADER: ACDB -> AUDIO_SET_AFE_CAL
03-13 18:42:09.798   788  5417 D ACDB-LOADER: ACDB -> send_hw_delay : acdb_id = 62 path = 1
03-13 18:42:09.798   788  5417 D ACDB-LOADER: ACDB -> ACDB_AVSYNC_INFO: ACDB_CMD_GET_DEVICE_PROPERTY
03-13 18:42:09.798   788  5417 D audio_hw_primary: enable_snd_device: snd_device(120: voice-rec-mic)
03-13 18:42:09.798   788  5417 D audio_route: Apply path: voice-rec-mic
03-13 18:42:09.802   788  5417 V msm8974_platform: platform_get_snd_device_backend_index: enter with device 120
03-13 18:42:09.802   788  5417 E msm8974_platform: platform_get_snd_device_backend_index: BE DAI Name Table is not present
03-13 18:42:09.802   788  5417 V msm8974_platform: platform_get_backend_index:napb: backend port - 5 device - 120 
03-13 18:42:09.802   788  5417 I audio_hw_utils: Set Audio Stream Capture 0 App Type Cfg: app_type 69936, acdb_dev_id 62, sample_rate 48000, snd_device_be_idx -14
03-13 18:42:09.802   788  5417 D audio_hw_primary: enable_audio_route: usecase(9) apply and update mixer path: audio-record
03-13 18:42:09.802   788  5417 D audio_route: Apply path: audio-record
03-13 18:42:09.873 28336 28379 I MicroDetectionWorker: onReady
03-13 18:42:10.173  1456  7796 I OpenGLRenderer: Initialized EGL, version 1.4
03-13 18:42:10.173  1456  7796 D OpenGLRenderer: Swap behavior 2
03-13 18:42:10.174 28336 28346 I zygote  : Background concurrent copying GC freed 357870(17MB) AllocSpace objects, 20(6MB) LOS objects, 44% free, 30MB/54MB, paused 283us total 434.378ms
03-13 18:42:10.222  2748  2917 W OpenGLRenderer: Incorrectly called buildLayer on View: ShortcutAndWidgetContainer, destroying layer...
03-13 18:42:10.328  5201  5263 I chatty  : uid=11097(org.mozilla.fennec_aurora) expire 1 line
03-13 18:42:10.330  5201  5231 I chatty  : uid=11097(org.mozilla.fennec_aurora) expire 6 lines
03-13 18:42:14.791  1456  5050 I ActivityManager: Force stopping org.mozilla.fennec_aurora appid=11097 user=0: from pid 5422
03-13 18:42:14.792  1456  5050 I ActivityManager: Killing 5201:org.mozilla.fennec_aurora/u0a1097 (adj 700): stop org.mozilla.fennec_aurora
03-13 18:42:14.794  1456  1605 W zygote  : kill(-5201, 9) failed: No such process
03-13 18:42:14.796  1456  5050 W ActivityManager: Force removing ActivityRecord{ac64675 u0 org.mozilla.fennec_aurora/org.mozilla.fenix.HomeActivity t35262}: app died, no saved state
03-13 18:42:14.804  1456  5050 I ActivityManager: Killing 5287:org.mozilla.fennec_aurora:tab/u0a1097 (adj 0): stop org.mozilla.fennec_aurora
03-13 18:42:14.807  1456  1605 W zygote  : kill(-5201, 9) failed: No such process
03-13 18:42:14.817  2398  2398 D CarrierSvcBindHelper: No carrier app for: 0
03-13 18:42:14.818  2398  2398 D CarrierSvcBindHelper: No carrier app for: 1
03-13 18:42:14.823  1456  1605 W zygote  : kill(-5201, 9) failed: No such process
03-13 18:42:14.858  1456  1605 I chatty  : uid=1000(system) ActivityManager identical 6 lines
03-13 18:42:14.867  1456 10736 D ConnectivityService: ConnectivityService NetworkRequestInfo binderDied(NetworkRequest [ TRACK_DEFAULT id=30719, [ Capabilities: INTERNET&NOT_RESTRICTED&TRUSTED&NOT_VPN] ], android.os.BinderProxy@78b12be)
03-13 18:42:14.867  1456  2067 D ConnectivityService: releasing NetworkRequest [ TRACK_DEFAULT id=30719, [ Capabilities: INTERNET&NOT_RESTRICTED&TRUSTED&NOT_VPN] ] (release request)
03-13 18:42:14.867  1456  1673 W ActivityManager: setHasOverlayUi called on unknown pid: 5201
03-13 18:42:14.872  1456  1605 W zygote  : kill(-5201, 9) failed: No such process
03-13 18:42:14.872  1456  1605 I zygote  : Successfully killed process cgroup uid 11097 pid 5201 in 78ms
03-13 18:42:14.872  1456  1605 W zygote  : kill(-5287, 9) failed: No such process
03-13 18:42:14.872  1456  1605 I zygote  : Successfully killed process cgroup uid 11097 pid 5287 in 0ms
03-13 18:42:14.914  1456  3925 I ActivityManager: START u0 {act=android.intent.action.MAIN cat=[android.intent.category.LAUNCHER] flg=0x10000000 cmp=org.mozilla.fennec_aurora/.App} from uid 2000
03-13 18:42:14.915   794   839 E ANDR-PERF-RESOURCEQS: Failed to apply optimization [4, 0]
03-13 18:42:14.936  1456 10962 I ActivityManager: Start proc 5429:org.mozilla.fennec_aurora/u0a1097 for activity org.mozilla.fennec_aurora/.App
03-13 18:42:15.022 28336 28379 I MicroDetectionState: Should stop hotword detection immediately - false
03-13 18:42:15.022 28336 28379 I MicroDetector: Keeping mic open: false
03-13 18:42:15.022 28336 28379 I RecognitionAudioControl: #shutdownAudio [requestId: -489670227003084224, keepAudioOpen: false, forced: true]
03-13 18:42:15.022 28336 28373 E DeviceStateChecker: DeviceStateChecker cancelled
03-13 18:42:15.022 28336 28379 I RecognitionAudioControl: #internalShutdownAudio [requestId: -489670227003084224]
03-13 18:42:15.022 28336 28379 I RecognitionAudioControl: #internalShutdownAudio [keepAudioOpen: false, forced: true]
03-13 18:42:15.022 28336 28379 I RecognitionAudioControl: #actualShutdownAudio
03-13 18:42:15.023 28336 28379 I AudioController: #shutdown [requestId=-489670227003084224]
03-13 18:42:15.023 28336 28378 I AudioController: internalShutdown
03-13 18:42:15.023 28336 28366 I MicroRecognitionRunner: Stopping hotword detection.
03-13 18:42:15.072   788   788 D audio_hw_primary: disable_audio_route: usecase(9) reset and update mixer path: audio-record
03-13 18:42:15.072   788   788 D audio_hw_primary: disable_snd_device: snd_device(120: voice-rec-mic)
03-13 18:42:15.073  1012  1390 D APM_AudioPolicyManager: stopInput() input 199526, session 199633
03-13 18:42:15.074   788  1401 D audio_hw_primary: in_set_parameters: enter: kvpairs=routing=0
03-13 18:42:15.075 28336 28378 I MicrophoneInputStream: mic_close  SR : 16000 CC : 16 SO : 1999
03-13 18:42:15.075 28336 28378 E AudioSource: Stop listening is called on already closed AudioSource
03-13 18:42:15.077 28336 28413 I MicroRecognitionRunner: Detection finished
03-13 18:42:15.108  5429  5429 I chatty  : uid=11097(org.mozilla.fennec_aurora) expire 53 lines
03-13 18:42:15.179  5429  5448 I chatty  : uid=11097(org.mozilla.fennec_aurora) expire 4 lines
03-13 18:42:15.204  5429  5456 I chatty  : uid=11097(org.mozilla.fennec_aurora) expire 14 lines
03-13 18:42:15.223  5429  5455 I chatty  : uid=11097(org.mozilla.fennec_aurora) expire 17 lines
03-13 18:42:15.262  5429  5463 I chatty  : uid=11097(org.mozilla.fennec_aurora) expire 27 lines
03-13 18:42:15.347  5429  5467 I chatty  : uid=11097(org.mozilla.fennec_aurora) expire 1 line
03-13 18:42:15.355  5429  5473 I chatty  : uid=11097(org.mozilla.fennec_aurora) expire 10 lines
03-13 18:42:15.364   808   898 I SFPerfTracer:      triggers: (rate: 0:1) (0 sw vsyncs) (0 skipped) (20:5084426 vsyncs) (22:11342576)
03-13 18:42:15.368   808   808 I SFPerfTracer:      triggers: (rate: 71:2001511) (compose: 0:7) (post: 0:19) (render: 0:17) (16:9180913 frames) (17:11270753)
03-13 18:42:15.368   808   808 D SFPerfTracer:        layers: (3:13) (NavigationBar#0 (0xb07df000): 9:716715) (StatusBar#0 (0xb07e3000): 9:1848536) (com.android.systemui.ImageWallpaper#0 (0xb07e7000): 0:64264)* (Sprite#0 (0xb0733000): 0:317)* (DimLayerController/Stack=0#0 (0xb075a000): 0:3780)* (Sprite#1 (0xb077c000): 0:195)* (com.android.launcher3/com.android.launcher3.CustomizationPanelLauncher#0 (0xb0763000): 0:39)- (com.android.launcher3/com.android.launcher3.CustomizationPanelLauncher#1 (0xb0771000): 0:14)- (Splash Screen org.mozilla.fennec_aurora#1 (0xb013a000): 0:31)- (org.mozilla.fennec_aurora/org.mozilla.fenix.HomeActivity#0 (0xb039b000): 0:47)- (com.android.launcher3/com.android.launcher3.CustomizationPanelLauncher#0 (0xb0763000): 0:38)* (com.android.launcher3/com.android.launcher3.CustomizationPanelLauncher#1 (0xb0771000): 0:11)* (Splash Screen org.mozilla.fennec_aurora#0 (0xb039b000): 16:19) 
03-13 18:42:15.392  1456 10962 I ActivityManager: START u0 {act=android.intent.action.MAIN cat=[android.intent.category.LAUNCHER] flg=0x10000000 cmp=org.mozilla.fennec_aurora/org.mozilla.fenix.HomeActivity (has extras)} from uid 11097
03-13 18:42:15.415  5429  5434 I chatty  : uid=11097(org.mozilla.fennec_aurora) expire 8 lines
03-13 18:42:15.419   808   808 D SurfaceFlinger: duplicate layer name: changing Splash Screen org.mozilla.fennec_aurora to Splash Screen org.mozilla.fennec_aurora#1
03-13 18:42:15.729  5429  5429 E ActivityThread: Failed to find provider info for org.mozilla.firefox_beta.fxa.auth
03-13 18:42:15.730  5429  5429 E ActivityThread: Failed to find provider info for org.mozilla.fennec_aurora.fxa.auth
03-13 18:42:15.761  1456  3925 I ActivityManager: Start proc 5515:org.mozilla.fennec_aurora:tab/u0a1097 for service org.mozilla.fennec_aurora/org.mozilla.gecko.process.GeckoChildProcessServices$tab
03-13 18:42:15.816  5429  5533 I chatty  : uid=11097(org.mozilla.fennec_aurora) expire 9 lines
03-13 18:42:15.898  5515  5515 I chatty  : uid=11097(org.mozilla.fennec_aurora) expire 2 lines
03-13 18:42:15.899  5515  5537 I chatty  : uid=11097(org.mozilla.fennec_aurora) expire 1 line
03-13 18:42:16.171  1456  1673 I LaunchCheckinHandler: Displayed org.mozilla.fennec_aurora/org.mozilla.fenix.HomeActivity,wp,ca,721
03-13 18:42:16.172  1456  1673 I ActivityManager: Displayed org.mozilla.fennec_aurora/org.mozilla.fenix.HomeActivity: +716ms (total +1s244ms)
03-13 18:42:16.189 28336 28336 I MemoryTrimmer: Trimming objects from memory, since app is in the background.
03-13 18:42:16.198 28336 28336 I MemoryTrimmer: Trimming objects from memory, since app is in the background.
03-13 18:42:16.199 28336  2938 I PBSessionCacheImpl: Deleted sessionId[124624629806571921] from persistence.
03-13 18:42:16.203  1456  6339 I WifiService: getWifiEnabledState uid=10073
03-13 18:42:16.205 28336 28379 I DEBUG   : OpaToSrpTransitionState#onStateChanged#notNullQuery
03-13 18:42:16.206 28336 28379 I DEBUG   : OpaToSrpTransitionState#onStateChanged#notNullQuery
03-13 18:42:16.208 28336 28379 W SearchServiceCore: Abort, client detached.
03-13 18:42:16.232  5429  5429 E ActivityThread: Failed to find provider info for org.mozilla.firefox_beta.fxa.auth
03-13 18:42:16.232  5429  5429 E ActivityThread: Failed to find provider info for org.mozilla.fennec_aurora.fxa.auth
03-13 18:42:16.523  5429  5556 I chatty  : uid=11097(org.mozilla.fennec_aurora) expire 2 lines
03-13 18:42:16.665  1023  5561 D libc    : Internal error: netid(0), id(0x9218), server(0.0.0.0)
03-13 18:42:16.665  1023  5561 D libc    : Internal error: netid(0), id(0x9218), server(0.0.0.0)
03-13 18:42:16.665  1023  5561 D libc    : Internal error: netid(0), id(0x7d1e), server(0.0.0.0)
03-13 18:42:16.666  1023  5561 D libc    : Internal error: netid(0), id(0x7d1e), server(0.0.0.0)
03-13 18:42:16.683  1023  5573 D libc    : Internal error: netid(0), id(0x717a), server(0.0.0.0)
03-13 18:42:16.684  1023  5573 D libc    : Internal error: netid(0), id(0x717a), server(0.0.0.0)
03-13 18:42:16.684  1023  5573 D libc    : Internal error: netid(0), id(0xec0d), server(0.0.0.0)
03-13 18:42:16.684  1023  5573 D libc    : Internal error: netid(0), id(0xec0d), server(0.0.0.0)
03-13 18:42:16.686  1023  5575 D libc    : Internal error: netid(0), id(0x335f), server(0.0.0.0)
03-13 18:42:16.686  1023  5575 D libc    : Internal error: netid(0), id(0x335f), server(0.0.0.0)
03-13 18:42:16.687  1023  5575 D libc    : Internal error: netid(0), id(0x8615), server(0.0.0.0)
03-13 18:42:16.687  1023  5575 D libc    : Internal error: netid(0), id(0x8615), server(0.0.0.0)
03-13 18:42:16.689  5429  5480 I chatty  : uid=11097(org.mozilla.fennec_aurora) expire 1 line
03-13 18:42:16.690  5429  5478 I chatty  : uid=11097(org.mozilla.fennec_aurora) expire 1 line
03-13 18:42:16.722  5429  5584 I chatty  : uid=11097(org.mozilla.fennec_aurora) expire 1 line
03-13 18:42:16.724  1023  5589 D libc    : Internal error: netid(0), id(0xc743), server(0.0.0.0)
03-13 18:42:16.724  1023  5589 D libc    : Internal error: netid(0), id(0xc743), server(0.0.0.0)
03-13 18:42:16.725  1023  5589 D libc    : Internal error: netid(0), id(0x2f1f), server(0.0.0.0)
03-13 18:42:16.725  1023  5589 D libc    : Internal error: netid(0), id(0x2f1f), server(0.0.0.0)
03-13 18:42:16.726  1023  5595 D libc    : Internal error: netid(0), id(0xc459), server(0.0.0.0)
03-13 18:42:16.726  1023  5595 D libc    : Internal error: netid(0), id(0xc459), server(0.0.0.0)
03-13 18:42:16.726  1023  5595 D libc    : Internal error: netid(0), id(0xc25), server(0.0.0.0)
03-13 18:42:16.726  1023  5595 D libc    : Internal error: netid(0), id(0xc25), server(0.0.0.0)
03-13 18:42:16.729  1023  5597 D libc    : Internal error: netid(0), id(0xac6b), server(0.0.0.0)
03-13 18:42:16.729  1023  5597 D libc    : Internal error: netid(0), id(0xac6b), server(0.0.0.0)
03-13 18:42:16.730  1023  5597 D libc    : Internal error: netid(0), id(0x1736), server(0.0.0.0)
03-13 18:42:16.730  1023  5597 D libc    : Internal error: netid(0), id(0x1736), server(0.0.0.0)
03-13 18:42:20.569  5632  5632 D AndroidRuntime: >>>>>> START com.android.internal.os.RuntimeInit uid 2000 <<<<<<
03-13 18:42:20.581  5632  5632 W app_process: Could not reserve sentinel fault page
03-13 18:42:20.749  5632  5632 I app_process: The ClassLoaderContext is a special shared library.
03-13 18:42:20.819  5632  5632 D AndroidRuntime: Calling main entry com.android.commands.input.Input
03-13 18:42:20.820  5632  5632 I Input   : injectKeyEvent: KeyEvent { action=ACTION_DOWN, keyCode=KEYCODE_HOME, scanCode=0, metaState=0, flags=0x0, repeatCount=0, eventTime=16215396099, downTime=16215396099, deviceId=-1, source=0x101 }
03-13 18:42:20.826  5632  5632 I Input   : injectKeyEvent: KeyEvent { action=ACTION_UP, keyCode=KEYCODE_HOME, scanCode=0, metaState=0, flags=0x0, repeatCount=0, eventTime=16215396099, downTime=16215396099, deviceId=-1, source=0x101 }
03-13 18:42:20.832  1456  1941 I ActivityManager: START u0 {act=android.intent.action.MAIN cat=[android.intent.category.HOME] flg=0x10200000 cmp=com.android.launcher3/.CustomizationPanelLauncher (has extras)} from uid 1000
03-13 18:42:20.833   794   839 E ANDR-PERF-RESOURCEQS: Failed to apply optimization [4, 0]
03-13 18:42:20.844  1456  1941 I ActivityManager: moveHomeStack, setupComplete:true
03-13 18:42:20.847  5632  5632 D AndroidRuntime: Shutting down VM
03-13 18:42:20.853 28336 28375 I Adreno  : QUALCOMM build                   : bb5b86c, I77d3059488
03-13 18:42:20.853 28336 28375 I Adreno  : Build Date                       : 06/07/18
03-13 18:42:20.853 28336 28375 I Adreno  : OpenGL ES Shader Compiler Version: EV031.22.00.01_06
03-13 18:42:20.853 28336 28375 I Adreno  : Local Branch                     : 
03-13 18:42:20.853 28336 28375 I Adreno  : Remote Branch                    : refs/tags/AU_LINUX_ANDROID_LA.UM.6.5.R1.08.01.00.312.086
03-13 18:42:20.853 28336 28375 I Adreno  : Remote Branch                    : NONE
03-13 18:42:20.853 28336 28375 I Adreno  : Reconstruct Branch               : NOTHING
03-13 18:42:20.856 28336 28375 D vndksupport: Loading /vendor/lib/hw/gralloc.msm8937.so from current namespace instead of sphal namespace.
03-13 18:42:20.859 28336 28375 I Adreno  : PFP: 0x005ff087, ME: 0x005ff063
03-13 18:42:20.864 28336 28375 I zygote  : android::hardware::configstore::V1_0::ISurfaceFlingerConfigs::hasWideColorDisplay retrieved: 0
03-13 18:42:20.865 28336 28375 I OpenGLRenderer: Initialized EGL, version 1.4
03-13 18:42:20.865 28336 28375 D OpenGLRenderer: Swap behavior 2
03-13 18:42:20.867  3595  3595 I Finsky  : [2] ppb.onTrimMemory(1): Memory trim requested to level 80
03-13 18:42:20.868  2748  2748 D Launcher.Utilities: Wakeup weather: Intent { act=com.motorola.launcher3.action.WAKEUP_WEATHER cmp=com.motorola.timeweatherwidget/com.motorola.commandcenter.weather.WakeUpService }
03-13 18:42:20.882  1456  1456 I NotificationService: Cannot find enqueued record for key: 0|com.motorola.timeweatherwidget|1|null|10116
03-13 18:42:20.891   808   808 D SurfaceFlinger: duplicate layer name: changing com.android.launcher3/com.android.launcher3.CustomizationPanelLauncher to com.android.launcher3/com.android.launcher3.CustomizationPanelLauncher#1
03-13 18:42:20.905 28336 28364 W ThreadPoolDumper: Queue length for executor EventBus is now 11. Perhaps some tasks are too long, or the pool is too small.
03-13 18:42:20.907  1456 10962 I WifiService: getWifiEnabledState uid=10073
03-13 18:42:20.921  1456  2204 I WifiService: getWifiEnabledState uid=10073
03-13 18:42:20.928 28336 28379 I DEBUG   : OpaToSrpTransitionState#onStateChanged#notNullQuery
03-13 18:42:20.929 28336 28379 I DEBUG   : OpaToSrpTransitionState#onStateChanged#notNullQuery
03-13 18:42:20.950 28336 28379 I MicroDetectionState: Should stop hotword detection immediately - false
03-13 18:42:20.954 28336 28379 I MicroDetectionWorker: #startMicroDetector [speakerMode: 0]
03-13 18:42:20.955 28336 28379 I AudioController: Created new AudioSource
03-13 18:42:20.987  1456  1673 I LaunchCheckinHandler: Displayed com.android.launcher3/.CustomizationPanelLauncher,wp,wa,154
03-13 18:42:20.988 28336 28380 I MicroDataManager: isInitializedWithLatestParams-true
03-13 18:42:20.988 28336 28380 I MicroDataManager: isInitializing-false locale not changed-true model not changed-true
03-13 18:42:20.988 28336 28380 I MicroDataManager: Already initialized, obtaining the hotword data immediately.
03-13 18:42:20.993 28336 28373 I MicroRecognitionRunner: Starting detection.
03-13 18:42:20.993 28336 28373 I InputStreamUtils: Using micInputStream
03-13 18:42:20.993 28336  2939 I MicrophoneInputStream: mic_starting  SR : 16000 CC : 16 SO : 1999
03-13 18:42:20.996   788  1401 V msm8974_platform: platform_check_input_mask: enter check_input_mask source 6 mask 10
03-13 18:42:21.000  1012  5650 I AudioFlinger: AudioFlinger's thread 0xb2483e80 tid=5650 ready to run
03-13 18:42:21.007   788  1401 D audio_hw_primary: in_set_parameters: enter: kvpairs=input_source=6;routing=-2147483644
03-13 18:42:21.008  1012  1301 D APM_AudioPolicyManager: AudioPolicyManager::startInput() input 199534, session 199641, source = 1999
03-13 18:42:21.008 28336  2939 I MicrophoneInputStream: mic_started  SR : 16000 CC : 16 SO : 1999
03-13 18:42:21.010   788  5651 V msm8974_platform: platform_update_usecase_from_source: input source :6
03-13 18:42:21.010   788  5651 V msm8974_platform: platform_check_input_mask: enter check_input_mask source 6 mask 10
03-13 18:42:21.010   788  5651 V msm8974_platform: platform_get_input_snd_device: enter: out_device(0) in_device(0x4) channel_count (1) channel_mask (0x10)
03-13 18:42:21.010   788  5651 V msm8974_platform: platform_get_input_snd_device: exit: in_snd_device(voice-rec-mic)
03-13 18:42:21.010   788  5651 V msm8974_platform: platform_get_backend_index:napb: backend port - 5 device - 120 
03-13 18:42:21.010   788  5651 V msm8974_platform: platform_check_and_set_capture_backend_cfg:txbecf: afe: bitwidth 0, samplerate 0, channel 1, backend_idx 5 usecase = 9 device (voice-rec-mic)
03-13 18:42:21.010   788  5651 V msm8974_platform: platform_check_capture_backend_cfg:txbecf: afe: Codec selected backend: 5 current bit width: 0 and sample rate: 0, channels 1
03-13 18:42:21.011   788  5651 V msm8974_platform: platform_check_capture_backend_cfg:txbecf: afe: Codec selected backend: 5 updated bit width: 0 and sample rate: 0
03-13 18:42:21.011   788  5651 I msm8974_platform: platform_check_capture_backend_cfg:txbecf: afe: Codec backend needs to be updated. new bit width: 0 new sample rate: 0 new channel: 1
03-13 18:42:21.011   788  5651 V msm8974_platform: platform_get_backend_index:napb: backend port - 5 device - 120 
03-13 18:42:21.011   788  5651 V msm8974_platform: platform_set_backend_cfg:becf: afe: bitwidth 0, samplerate 0 channels 1, backend_idx 5 device (voice-rec-mic)
03-13 18:42:21.011   788  5651 E msm8974_platform: platform_set_backend_cfg:becf: afe: Could not get ctl for mixer command - SLIM_0_TX Format
03-13 18:42:21.011   788  5651 V msm8974_platform: platform_send_audio_calibration: sending audio calibration for snd_device(120) acdb_id(62)
03-13 18:42:21.011   788  5651 D ACDB-LOADER: ACDB -> send_audio_cal, acdb_id = 62, path = 1, app id = 0x11130, sample rate = 48000
03-13 18:42:21.011   788  5651 D ACDB-LOADER: ACDB -> send_asm_topology
03-13 18:42:21.012   788  5651 D ACDB-LOADER: ACDB -> ACDB_CMD_GET_AUDPROC_STREAM_TOPOLOGY_ID
03-13 18:42:21.012   788  5651 D ACDB-LOADER: ACDB -> send_adm_topology
03-13 18:42:21.012   788  5651 D ACDB-LOADER: ACDB -> ACDB_CMD_GET_AUDPROC_COMMON_TOPOLOGY_ID
03-13 18:42:21.012   788  5651 D ACDB-LOADER: ACDB -> send_audtable
03-13 18:42:21.012   788  5651 D ACDB-LOADER: ACDB -> ACDB_CMD_GET_AUDPROC_COMMON_TABLE_SIZE
03-13 18:42:21.012   788  5651 D ACDB-LOADER: ACDB -> ACDB_CMD_GET_AUDPROC_COMMON_TABLE
03-13 18:42:21.012   788  5651 D ACDB-LOADER: ACDB -> AUDIO_SET_AUDPROC_CAL
03-13 18:42:21.012   788  5651 D ACDB-LOADER: ACDB -> send_audvoltable
03-13 18:42:21.012   788  5651 D ACDB-LOADER: ACDB -> ACDB_CMD_GET_AUDPROC_VOL_STEP_TABLE_SIZE
03-13 18:42:21.012   788  5651 D ACDB-LOADER: ACDB -> ACDB_CMD_GET_AUDPROC_GAIN_DEP_STEP_TABLE, vol index 0
03-13 18:42:21.012   788  5651 D         : Failed to fetch the lookup information of the device 0000003E 
03-13 18:42:21.012   788  5651 D ACDB-LOADER: ACDB -> AUDIO_SET_VOL_CAL cal type = 12
03-13 18:42:21.012   788  5651 D ACDB-LOADER: ACDB -> ACDB_CMD_GET_AUDPROC_STREAM_TABLE_SIZE
03-13 18:42:21.012   788  5651 D ACDB-LOADER: ACDB -> send_audstrmtable
03-13 18:42:21.012   788  5651 D ACDB-LOADER: ACDB -> ACDB_CMD_GET_AUDPROC_STREAM_TABLE_V2
03-13 18:42:21.012   788  5651 D ACDB-LOADER: ACDB -> audstrm_cal->cal_type.cal_data.cal_size = 456
03-13 18:42:21.012   788  5651 D ACDB-LOADER: ACDB -> send_afe_topology
03-13 18:42:21.012   788  5651 D ACDB-LOADER: ACDB -> ACDB_CMD_GET_AFE_TOPOLOGY_ID
03-13 18:42:21.012   788  5651 D ACDB-LOADER: ACDB -> GET_AFE_TOPOLOGY_ID for adcd_id 62, Topology Id 112fb
03-13 18:42:21.012   788  5651 D ACDB-LOADER: ACDB -> send_afe_cal
03-13 18:42:21.012   788  5651 D ACDB-LOADER: ACDB -> ACDB_CMD_GET_AFE_COMMON_TABLE_SIZE
03-13 18:42:21.012   788  5651 D         : Failed to fetch the lookup information of the device 0000003E 
03-13 18:42:21.012   788  5651 E ACDB-LOADER: Error: ACDB_CMD_GET_AFE_COMMON_TABLE_SIZE Returned = -19
03-13 18:42:21.012   788  5651 D ACDB-LOADER: ACDB -> ACDB_CMD_GET_AFE_COMMON_TABLE
03-13 18:42:21.012   788  5651 D         : Failed to fetch the lookup information of the device 0000003E 
03-13 18:42:21.012   788  5651 D ACDB-LOADER: ACDB -> AUDIO_SET_AFE_CAL
03-13 18:42:21.012   788  5651 D ACDB-LOADER: ACDB -> send_hw_delay : acdb_id = 62 path = 1
03-13 18:42:21.012   788  5651 D ACDB-LOADER: ACDB -> ACDB_AVSYNC_INFO: ACDB_CMD_GET_DEVICE_PROPERTY
03-13 18:42:21.012   788  5651 D audio_hw_primary: enable_snd_device: snd_device(120: voice-rec-mic)
03-13 18:42:21.013   788  5651 D audio_route: Apply path: voice-rec-mic
03-13 18:42:21.018   788  5651 V msm8974_platform: platform_get_snd_device_backend_index: enter with device 120
03-13 18:42:21.018   788  5651 E msm8974_platform: platform_get_snd_device_backend_index: BE DAI Name Table is not present
03-13 18:42:21.018   788  5651 V msm8974_platform: platform_get_backend_index:napb: backend port - 5 device - 120 
03-13 18:42:21.018   788  5651 I audio_hw_utils: Set Audio Stream Capture 0 App Type Cfg: app_type 69936, acdb_dev_id 62, sample_rate 48000, snd_device_be_idx -14
03-13 18:42:21.018   788  5651 D audio_hw_primary: enable_audio_route: usecase(9) apply and update mixer path: audio-record
03-13 18:42:21.018   788  5651 D audio_route: Apply path: audio-record
03-13 18:42:21.088 28336 28379 I MicroDetectionWorker: onReady
03-13 18:42:21.095  2146  2165 I zygote  : NativeAlloc concurrent copying GC freed 20178(1073KB) AllocSpace objects, 0(0B) LOS objects, 49% free, 7MB/15MB, paused 176us total 100.884ms
03-13 18:42:21.387  1456  7796 I OpenGLRenderer: Initialized EGL, version 1.4
03-13 18:42:21.387  1456  7796 D OpenGLRenderer: Swap behavior 2
03-13 18:42:21.434  2748  2917 W OpenGLRenderer: Incorrectly called buildLayer on View: ShortcutAndWidgetContainer, destroying layer...
03-13 18:42:21.542  5429  5457 I chatty  : uid=11097(org.mozilla.fennec_aurora) expire 1 line
03-13 18:42:21.715  1456  1466 I zygote  : NativeAlloc concurrent copying GC freed 39344(2MB) AllocSpace objects, 26(904KB) LOS objects, 38% free, 37MB/61MB, paused 158us total 328.407ms
03-13 18:42:25.998  1456  2204 I ActivityManager: Force stopping org.mozilla.fennec_aurora appid=11097 user=0: from pid 5656
03-13 18:42:25.998  1456  2204 I ActivityManager: Killing 5429:org.mozilla.fennec_aurora/u0a1097 (adj 700): stop org.mozilla.fennec_aurora
03-13 18:42:26.001  1456  1605 W zygote  : kill(-5429, 9) failed: No such process
03-13 18:42:26.002  1456  2204 W ActivityManager: Force removing ActivityRecord{6dac81e u0 org.mozilla.fennec_aurora/org.mozilla.fenix.HomeActivity t35264}: app died, no saved state
03-13 18:42:26.011  1456  2204 I ActivityManager: Killing 5515:org.mozilla.fennec_aurora:tab/u0a1097 (adj 0): stop org.mozilla.fennec_aurora
03-13 18:42:26.015  1456  1605 W zygote  : kill(-5429, 9) failed: No such process
03-13 18:42:26.023  2398  2398 D CarrierSvcBindHelper: No carrier app for: 0
03-13 18:42:26.025  2398  2398 D CarrierSvcBindHelper: No carrier app for: 1
03-13 18:42:26.028  1456  1605 W zygote  : kill(-5429, 9) failed: No such process
03-13 18:42:26.076  1456  1673 W ActivityManager: setHasOverlayUi called on unknown pid: 5429
03-13 18:42:26.085  1456  1605 W zygote  : kill(-5429, 9) failed: No such process
03-13 18:42:26.085  1456  1605 I zygote  : Successfully killed process cgroup uid 11097 pid 5429 in 84ms
03-13 18:42:26.086  1456  1605 W zygote  : kill(-5515, 9) failed: No such process
03-13 18:42:26.086  1456  1605 I zygote  : Successfully killed process cgroup uid 11097 pid 5515 in 0ms
03-13 18:42:26.119  1456  2918 I ActivityManager: START u0 {act=android.intent.action.MAIN cat=[android.intent.category.LAUNCHER] flg=0x10000000 cmp=org.mozilla.fennec_aurora/.App} from uid 2000
03-13 18:42:26.120   794   839 E ANDR-PERF-RESOURCEQS: Failed to apply optimization [4, 0]
03-13 18:42:26.138  1456  6339 I ActivityManager: Start proc 5664:org.mozilla.fennec_aurora/u0a1097 for activity org.mozilla.fennec_aurora/.App
03-13 18:42:26.227 28336 28379 I MicroDetectionState: Should stop hotword detection immediately - false
03-13 18:42:26.228 28336 28379 I MicroDetector: Keeping mic open: false
03-13 18:42:26.228 28336 28379 I RecognitionAudioControl: #shutdownAudio [requestId: -9078337924810465167, keepAudioOpen: false, forced: true]
03-13 18:42:26.228 28336 28413 E DeviceStateChecker: DeviceStateChecker cancelled
03-13 18:42:26.229 28336 28379 I RecognitionAudioControl: #internalShutdownAudio [requestId: -9078337924810465167]
03-13 18:42:26.229 28336 28379 I RecognitionAudioControl: #internalShutdownAudio [keepAudioOpen: false, forced: true]
03-13 18:42:26.229 28336 28379 I RecognitionAudioControl: #actualShutdownAudio
03-13 18:42:26.229 28336 28379 I AudioController: #shutdown [requestId=-9078337924810465167]
03-13 18:42:26.229 28336 28367 I AudioController: internalShutdown
03-13 18:42:26.229 28336 28362 I MicroRecognitionRunner: Stopping hotword detection.
03-13 18:42:26.289   788  1401 D audio_hw_primary: disable_audio_route: usecase(9) reset and update mixer path: audio-record
03-13 18:42:26.290   788  1401 D audio_hw_primary: disable_snd_device: snd_device(120: voice-rec-mic)
03-13 18:42:26.292  1012 13178 D APM_AudioPolicyManager: stopInput() input 199534, session 199641
03-13 18:42:26.293   788   788 D audio_hw_primary: in_set_parameters: enter: kvpairs=routing=0
03-13 18:42:26.295 28336 28367 I MicrophoneInputStream: mic_close  SR : 16000 CC : 16 SO : 1999
03-13 18:42:26.295 28336 28367 E AudioSource: Stop listening is called on already closed AudioSource
