03-07 21:42:41.459 16843 16939 D StrictMode: 	at tgj.b(PG:57)
03-07 21:42:41.459 16843 16939 D StrictMode: 	at tgj.a(PG:51)
03-07 21:42:41.459 16843 16939 D StrictMode: 	at ivg.a(PG:98)
03-07 21:42:41.459 16843 16939 D StrictMode: 	at ivg.v(PG:83)
03-07 21:42:41.459 16843 16939 D StrictMode: 	at hpz.run(PG:3)
03-07 21:42:41.459 16843 16939 D StrictMode: 	at zit.run(PG:3)
03-07 21:42:41.459 16843 16939 D StrictMode: 	at java.util.concurrent.Executors$RunnableAdapter.call(Executors.java:457)
03-07 21:42:41.459 16843 16939 D StrictMode: 	at acgw.b(PG:6)
03-07 21:42:41.459 16843 16939 D StrictMode: 	at acfw.run(PG:17)
03-07 21:42:41.459 16843 16939 D StrictMode: 	at acgx.run(PG:13)
03-07 21:42:41.459 16843 16939 D StrictMode: 	at java.util.concurrent.ThreadPoolExecutor.runWorker(ThreadPoolExecutor.java:1162)
03-07 21:42:41.459 16843 16939 D StrictMode: 	at java.util.concurrent.ThreadPoolExecutor$Worker.run(ThreadPoolExecutor.java:636)
03-07 21:42:41.459 16843 16939 D StrictMode: 	at yws.run(PG:4)
03-07 21:42:41.459 16843 16939 D StrictMode: 	at java.lang.Thread.run(Thread.java:764)
03-07 21:42:41.460 16843 16940 E BugleRcsEngine: [353174] szm.k: Default SIM info not updated.
03-07 21:42:41.460 16843 16843 I BugleDataModel: ParticipantRefresh: ContactContentObserver created
03-07 21:42:41.461 16843 16940 I BugleRcsEngine: [353174] szm.k: Processing an intent
03-07 21:42:41.466 16843 16940 I BugleRcsEngine: [353174] szm.a: SIM state ABSENT
03-07 21:42:41.467 16843 16843 W BugleRcsEngine: [2] szm.b: Unexpected action: android.telephony.action.DEFAULT_SUBSCRIPTION_CHANGED
03-07 21:42:41.472 16843 16926 I BugleRcs: RcsAvailabilityUtilImplPhone: MSIM Rcs disabled because ENABLE_RCS_MULTISIM_V0 disabled
03-07 21:42:41.475 16843 16940 I BugleRcsEngine: [353174] szm.a: Broadcasting Intent { act=com.google.android.ims.SIM_ABSENT }
03-07 21:42:41.489 16843 16843 I Bugle   : SimChangeReceiver: action: com.google.android.ims.SIM_ABSENT
03-07 21:42:41.489 16843 16926 I BugleRcs: RcsAvailabilityUtilForProvisioningEngineV2: Get Updated RcsAvailability, RcsAvailability: DISABLED_MULTI_SLOT_DEVICE, SimId: Redacted-0
03-07 21:42:41.491 16843 16948 I BugleRcsEngine: [353180] szo.b: SIM delay is not enabled
03-07 21:42:41.491 16843 16948 W BugleRcsEngine: [353180] szm.c: process intent: android.intent.action.SIM_STATE_CHANGED
03-07 21:42:41.492 16843 16923 I BugleRcs: RcsAvailabilityUtilForProvisioningEngineV2: success updating RCS availability asynch
03-07 21:42:41.496 16843 16926 W Bugle   : SubscriptionMetadataUtils get: invalid subId = -1
03-07 21:42:41.497 16843 16921 I BugleRcs: RcsAvailabilityUtilForProvisioningEngineV2: updated datastore for rcs availability, simId: , availability: DISABLED_MULTI_SLOT_DEVICE
03-07 21:42:41.498 16843 16926 W Bugle   : SubscriptionMetadataUtils get: invalid subId = -1
03-07 21:42:41.499 16843 16926 W Bugle   : Get mms config failed: invalid subId. subId=-1, real subId=-1, map={ }
03-07 21:42:41.505  1456  6339 W ActivityManager: Background start not allowed: service Intent { cmp=com.google.android.apps.messaging/.shared.datamodel.action.execution.ActionExecutorImpl$EmptyService } to com.google.android.apps.messaging/.shared.datamodel.action.execution.ActionExecutorImpl$EmptyService from pid=16843 uid=10110 pkg=com.google.android.apps.messaging
03-07 21:42:41.507 16843 16926 I BugleBackup: Registering preference change listener for "buglesub_-1".
03-07 21:42:41.514 16843 16843 I BugleRcsEngine: [2] yrg.disconnect: Disconnecting ChatSessionService
03-07 21:42:41.515 16843 16843 I BugleRcsEngine: [2] yrg.disconnect: Disconnecting ContactsService
03-07 21:42:41.516 16843 16843 I BugleRcsEngine: [2] yrg.disconnect: Disconnecting FileTransferService
03-07 21:42:41.518 16843 16843 I BugleRcsEngine: [2] yrg.disconnect: Disconnecting LocationSharingService
03-07 21:42:41.518 16843 16924 I BugleRcsEngine: [353163] rud.a: Initializing Carrier Services Library.
03-07 21:42:41.519 16843 16843 I BugleRcsEngine: [2] yrg.disconnect: Disconnecting ImsConnectionTrackerService
03-07 21:42:41.520 16843 16924 I BugleRcsEngine: [353163] shm.b: Reinitialize CSLib Flags: com.google.android.ims.library
03-07 21:42:41.520 16843 16843 I BugleRcsEngine: [2] yrg.disconnect: Disconnecting RcsProfileService
03-07 21:42:41.522 16843 16843 I BugleRcsEngine: [2] yrg.disconnect: Disconnecting BusinessInfoService
03-07 21:42:41.535 16843 16924 I BugleRcsEngine: [353163] szm.<init>: Initializing SimStateTracker with multi-sim support
03-07 21:42:41.537 16843 16924 I BugleRcsEngine: [353163] szs.<init>: Initializing SimStateTracker for single-sim device
03-07 21:42:41.539 16843 16924 I BugleRcsEngine: [353163] shm.b: Reinitialize CSLib Flags: com.google.android.ims.library
03-07 21:42:41.549 16843 16926 W Bugle   : SubscriptionMetadataUtils get: invalid subId = -1
03-07 21:42:41.563 16843 16956 W Bugle   : SubscriptionMetadataUtils get: invalid subId = -1
03-07 21:42:41.570 16843 16926 W Bugle   : SubscriptionMetadataUtils get: invalid subId = -1
03-07 21:42:41.591 16843 16956 W Bugle   : SubscriptionMetadataUtils get: invalid subId = -1
03-07 21:42:41.628 16843 16940 E BugleRcsEngine: [353174] szm.k: Default SIM info not updated.
03-07 21:42:41.629 16843 16940 I BugleRcsEngine: [353174] szm.k: Processing an intent
03-07 21:42:41.630 16843 16887 I FA      : App measurement is starting up, version: 19000
03-07 21:42:41.630 16843 16887 I FA      : To enable debug logging run: adb shell setprop log.tag.FA VERBOSE
03-07 21:42:41.630 16843 16887 I FA      : To enable faster debug mode event logging run:
03-07 21:42:41.630 16843 16887 I FA      :   adb shell setprop debug.firebase.analytics.app com.google.android.apps.messaging
03-07 21:42:41.631 16843 16956 I Bugle   : CountryCodeDetector: updateMainDeviceCountry from system locale as fallback. detected country: US
03-07 21:42:41.637 16843 16940 I BugleRcsEngine: [353174] szm.a: Ignoring duplicate SIM state: ABSENT
03-07 21:42:41.647 16843 16924 I BugleBackup: Registering preference change listener for "bugle".
03-07 21:42:41.650 16843 16926 W Bugle   : SubscriptionMetadataUtils get: invalid subId = -1
03-07 21:42:41.659 16843 16926 I chatty  : uid=10110(com.google.android.apps.messaging) BG Thread #3 identical 1 line
03-07 21:42:41.684 16843 16926 W Bugle   : SubscriptionMetadataUtils get: invalid subId = -1
03-07 21:42:41.690 16843 16926 W Bugle   : SubscriptionMetadataUtils get: invalid subId = -1
03-07 21:42:41.701 16843 16949 E MDD     : FileGroupManager: Trying to add expired group webref-model-local-index.
03-07 21:42:41.706 16843 16926 W Bugle   : SubscriptionMetadataUtils get: invalid subId = -1
03-07 21:42:41.715 16843 16926 W Bugle   : SubscriptionMetadataUtils get: invalid subId = -1
03-07 21:42:41.742 16843 16949 W MDD     : MDDManager class wgm
03-07 21:42:41.742 16843 16949 D PhFileGroupPop: Failed to add file group webref-model-local-index
03-07 21:42:41.776 16843 16949 D PhFileGroupPop: Added file groups smart_actions_grammars
03-07 21:42:41.777 16843 16848 I zygote  : Do partial code cache collection, code=17KB, data=28KB
03-07 21:42:41.779 16843 16848 I zygote  : After code cache collection, code=17KB, data=28KB
03-07 21:42:41.779 16843 16848 I zygote  : Increasing code cache capacity to 128KB
03-07 21:42:41.812 16843 16949 D PhFileGroupPop: Added file groups smart_actions_ml_models
03-07 21:42:41.818 16843 16949 D PhFileGroupPop: Added file groups text_classifier
03-07 21:42:41.824 16843 16949 D PhFileGroupPop: Added file groups smart_actions_sensitive_classifier_models
03-07 21:42:41.834 16843 16949 D PhFileGroupPop: Added file groups scripted_reply
03-07 21:42:41.840 16843 16949 D PhFileGroupPop: Added file groups multitask_experiment
03-07 21:42:43.141  2360  2360 D MayaFrameworkProxyService: receive intent :Intent { act=android.intent.action.PACKAGE_CHANGED dat=package:org.mozilla.fennec_aurora flg=0x45000010 (has extras) }
03-07 21:42:43.154  1456  1600 W ResourceType: No known package when getting value for resource number 0x7f0801a6
03-07 21:42:43.154  1456  1600 W ResourceType: No known package when getting value for resource number 0x7f12010b
03-07 21:42:43.154  1456  1600 W ResourceType: No known package when getting value for resource number 0x7f12010b
03-07 21:42:43.155  1456  1600 W ResourceType: No known package when getting value for resource number 0x7f0801a4
03-07 21:42:43.156  1456  1600 W ResourceType: No known package when getting value for resource number 0x7f12010a
03-07 21:42:43.157  1456  1600 W ResourceType: No known package when getting value for resource number 0x7f12010a
03-07 21:42:43.177  1456  1942 I InputReader: Reconfiguring input devices.  changes=0x00000010
03-07 21:42:43.181  1456  1456 W ResourceType: ResTable_typeSpec entry count inconsistent: given 669, previously 675
03-07 21:42:43.181  1456  1456 W ResourceType: ResTable_typeSpec entry count inconsistent: given 394, previously 1461
03-07 21:42:43.181  1456  1456 W ResourceType: ResTable_typeSpec entry count inconsistent: given 217, previously 1293
03-07 21:42:43.195  2398  2398 D CarrierSvcBindHelper: No carrier app for: 0
03-07 21:42:43.197  2398  2398 D CarrierSvcBindHelper: No carrier app for: 1
03-07 21:42:43.209  2398  2398 E VvmPkgInstalledRcvr: cannot create TelephonyManager from ComponentInfo{com.android.phone/com.android.services.telephony.TelephonyConnectionService}, [****], UserHandle{0}
03-07 21:42:43.210  2398  2398 D ImsResolver: maybeAddedImsService, packageName: org.mozilla.fennec_aurora
03-07 21:42:43.225  1456  1600 W ResourceType: ResTable_typeSpec entry count inconsistent: given 29, previously 34
03-07 21:42:43.230  1456  1600 W ResourceType: ResTable_typeSpec entry count inconsistent: given 2183, previously 2180
03-07 21:42:43.230  1456  1600 W ResourceType: ResTable_typeSpec entry count inconsistent: given 266, previously 1541
03-07 21:42:43.242  1456  1456 W ResourceType: Found multiple library tables, ignoring...
03-07 21:42:43.367 13975 14023 I Icing   : IndexChimeraService.getServiceInterface callingPackage=com.google.android.gms componentName=AppsCorpus serviceId=36
03-07 21:42:43.378 13975 15169 W Icing   : No valid account for uploading user actions
03-07 21:42:43.390 13975 15169 I Icing   : Usage reports ok 0, Failed Usage reports 0, indexed 0, rejected 0
03-07 21:42:43.392 13975 15169 I Icing   : Indexing com.google.android.gms-internal.3p:MobileApplication from com.google.android.gms using seqno 2511
03-07 21:42:43.402  1456  1456 I TelecomService: DefaultDialerCache: Refreshing default dialer for user 0: now com.android.dialer: DDC.oR@b6U
03-07 21:42:44.365 16980 16980 D AndroidRuntime: >>>>>> START com.android.internal.os.RuntimeInit uid 2000 <<<<<<
03-07 21:42:44.381 16980 16980 W app_process: Could not reserve sentinel fault page
03-07 21:42:44.394 13975 15169 I Icing   : Indexing com.google.android.gms-apps from com.google.android.gms
03-07 21:42:44.493 13975 15169 I Icing   : Indexing done com.google.android.gms-apps
03-07 21:42:44.609 16980 16980 I app_process: The ClassLoaderContext is a special shared library.
03-07 21:42:44.694 16980 16980 D AndroidRuntime: Calling main entry com.android.commands.input.Input
03-07 21:42:44.696 16980 16980 I Input   : injectKeyEvent: KeyEvent { action=ACTION_DOWN, keyCode=KEYCODE_HOME, scanCode=0, metaState=0, flags=0x0, repeatCount=0, eventTime=15711419975, downTime=15711419975, deviceId=-1, source=0x101 }
03-07 21:42:44.700 16980 16980 I Input   : injectKeyEvent: KeyEvent { action=ACTION_UP, keyCode=KEYCODE_HOME, scanCode=0, metaState=0, flags=0x0, repeatCount=0, eventTime=15711419975, downTime=15711419975, deviceId=-1, source=0x101 }
03-07 21:42:44.706  1456  1941 I ActivityManager: START u0 {act=android.intent.action.MAIN cat=[android.intent.category.HOME] flg=0x10200000 cmp=com.android.launcher3/.CustomizationPanelLauncher (has extras)} from uid 1000
03-07 21:42:44.707   794   839 E ANDR-PERF-RESOURCEQS: Failed to apply optimization [4, 0]
03-07 21:42:44.719  1456  1941 I ActivityManager: moveHomeStack, setupComplete:true
03-07 21:42:44.722 16980 16980 D AndroidRuntime: Shutting down VM
03-07 21:42:44.742  3111  3152 I Adreno  : QUALCOMM build                   : bb5b86c, I77d3059488
03-07 21:42:44.742  3111  3152 I Adreno  : Build Date                       : 06/07/18
03-07 21:42:44.742  3111  3152 I Adreno  : OpenGL ES Shader Compiler Version: EV031.22.00.01_06
03-07 21:42:44.742  3111  3152 I Adreno  : Local Branch                     : 
03-07 21:42:44.742  3111  3152 I Adreno  : Remote Branch                    : refs/tags/AU_LINUX_ANDROID_LA.UM.6.5.R1.08.01.00.312.086
03-07 21:42:44.742  3111  3152 I Adreno  : Remote Branch                    : NONE
03-07 21:42:44.742  3111  3152 I Adreno  : Reconstruct Branch               : NOTHING
03-07 21:42:44.747  3111  3152 D vndksupport: Loading /vendor/lib/hw/gralloc.msm8937.so from current namespace instead of sphal namespace.
03-07 21:42:44.752  3111  3152 I Adreno  : PFP: 0x005ff087, ME: 0x005ff063
03-07 21:42:44.756  2748  2748 D Launcher.Utilities: Wakeup weather: Intent { act=com.motorola.launcher3.action.WAKEUP_WEATHER cmp=com.motorola.timeweatherwidget/com.motorola.commandcenter.weather.WakeUpService }
03-07 21:42:44.756  3111  3152 I zygote  : android::hardware::configstore::V1_0::ISurfaceFlingerConfigs::hasWideColorDisplay retrieved: 0
03-07 21:42:44.757  3111  3152 I OpenGLRenderer: Initialized EGL, version 1.4
03-07 21:42:44.757  3111  3152 D OpenGLRenderer: Swap behavior 2
03-07 21:42:44.777   808   808 D SurfaceFlinger: duplicate layer name: changing com.android.launcher3/com.android.launcher3.CustomizationPanelLauncher to com.android.launcher3/com.android.launcher3.CustomizationPanelLauncher#1
03-07 21:42:44.779  1456  1456 I NotificationService: Cannot find enqueued record for key: 0|com.motorola.timeweatherwidget|1|null|10116
03-07 21:42:44.789  3111  3141 W ThreadPoolDumper: Queue length for executor EventBus is now 11. Perhaps some tasks are too long, or the pool is too small.
03-07 21:42:44.790  1456  7570 I WifiService: getWifiEnabledState uid=10073
03-07 21:42:44.809  1456  3925 I WifiService: getWifiEnabledState uid=10073
03-07 21:42:44.817  3111  3156 I DEBUG   : OpaToSrpTransitionState#onStateChanged#notNullQuery
03-07 21:42:44.819  3111  3156 I DEBUG   : OpaToSrpTransitionState#onStateChanged#notNullQuery
03-07 21:42:44.836  3111  3156 I MicroDetectionState: Should stop hotword detection immediately - false
03-07 21:42:44.839  3111  3156 I MicroDetectionWorker: #startMicroDetector [speakerMode: 0]
03-07 21:42:44.841  3111  3156 I AudioController: Created new AudioSource
03-07 21:42:44.877  1456  1673 I LaunchCheckinHandler: Displayed com.android.launcher3/.CustomizationPanelLauncher,wp,wa,170
03-07 21:42:44.878  3111  3157 I MicroDataManager: isInitializedWithLatestParams-true
03-07 21:42:44.878  3111  3157 I MicroDataManager: isInitializing-false locale not changed-true model not changed-true
03-07 21:42:44.879  3111  3157 I MicroDataManager: Already initialized, obtaining the hotword data immediately.
03-07 21:42:44.884  3111 12423 I MicroRecognitionRunner: Starting detection.
03-07 21:42:44.885  3111 12423 I InputStreamUtils: Using micInputStream
03-07 21:42:44.885  3111 16616 I MicrophoneInputStream: mic_starting  SR : 16000 CC : 16 SO : 1999
03-07 21:42:44.889   788  1401 V msm8974_platform: platform_check_input_mask: enter check_input_mask source 6 mask 10
03-07 21:42:44.891  1012 16995 I AudioFlinger: AudioFlinger's thread 0xb2483100 tid=16995 ready to run
03-07 21:42:44.897   788  1401 D audio_hw_primary: in_set_parameters: enter: kvpairs=input_source=6;routing=-2147483644
03-07 21:42:44.898  1012 26683 D APM_AudioPolicyManager: AudioPolicyManager::startInput() input 184086, session 184193, source = 1999
03-07 21:42:44.898  3111 16616 I MicrophoneInputStream: mic_started  SR : 16000 CC : 16 SO : 1999
03-07 21:42:44.900   788 16996 V msm8974_platform: platform_update_usecase_from_source: input source :6
03-07 21:42:44.900   788 16996 V msm8974_platform: platform_check_input_mask: enter check_input_mask source 6 mask 10
03-07 21:42:44.900   788 16996 V msm8974_platform: platform_get_input_snd_device: enter: out_device(0) in_device(0x4) channel_count (1) channel_mask (0x10)
03-07 21:42:44.900   788 16996 V msm8974_platform: platform_get_input_snd_device: exit: in_snd_device(voice-rec-mic)
03-07 21:42:44.900   788 16996 V msm8974_platform: platform_get_backend_index:napb: backend port - 5 device - 120 
03-07 21:42:44.900   788 16996 V msm8974_platform: platform_check_and_set_capture_backend_cfg:txbecf: afe: bitwidth 0, samplerate 0, channel 1, backend_idx 5 usecase = 9 device (voice-rec-mic)
03-07 21:42:44.900   788 16996 V msm8974_platform: platform_check_capture_backend_cfg:txbecf: afe: Codec selected backend: 5 current bit width: 0 and sample rate: 0, channels 1
03-07 21:42:44.900   788 16996 V msm8974_platform: platform_check_capture_backend_cfg:txbecf: afe: Codec selected backend: 5 updated bit width: 0 and sample rate: 0
03-07 21:42:44.900   788 16996 I msm8974_platform: platform_check_capture_backend_cfg:txbecf: afe: Codec backend needs to be updated. new bit width: 0 new sample rate: 0 new channel: 1
03-07 21:42:44.901   788 16996 V msm8974_platform: platform_get_backend_index:napb: backend port - 5 device - 120 
03-07 21:42:44.901   788 16996 V msm8974_platform: platform_set_backend_cfg:becf: afe: bitwidth 0, samplerate 0 channels 1, backend_idx 5 device (voice-rec-mic)
03-07 21:42:44.901   788 16996 E msm8974_platform: platform_set_backend_cfg:becf: afe: Could not get ctl for mixer command - SLIM_0_TX Format
03-07 21:42:44.901   788 16996 V msm8974_platform: platform_send_audio_calibration: sending audio calibration for snd_device(120) acdb_id(62)
03-07 21:42:44.901   788 16996 D ACDB-LOADER: ACDB -> send_audio_cal, acdb_id = 62, path = 1, app id = 0x11130, sample rate = 48000
03-07 21:42:44.901   788 16996 D ACDB-LOADER: ACDB -> send_asm_topology
03-07 21:42:44.901   788 16996 D ACDB-LOADER: ACDB -> ACDB_CMD_GET_AUDPROC_STREAM_TOPOLOGY_ID
03-07 21:42:44.901   788 16996 D ACDB-LOADER: ACDB -> send_adm_topology
03-07 21:42:44.901   788 16996 D ACDB-LOADER: ACDB -> ACDB_CMD_GET_AUDPROC_COMMON_TOPOLOGY_ID
03-07 21:42:44.901   788 16996 D ACDB-LOADER: ACDB -> send_audtable
03-07 21:42:44.901   788 16996 D ACDB-LOADER: ACDB -> ACDB_CMD_GET_AUDPROC_COMMON_TABLE_SIZE
03-07 21:42:44.901   788 16996 D ACDB-LOADER: ACDB -> ACDB_CMD_GET_AUDPROC_COMMON_TABLE
03-07 21:42:44.901   788 16996 D ACDB-LOADER: ACDB -> AUDIO_SET_AUDPROC_CAL
03-07 21:42:44.901   788 16996 D ACDB-LOADER: ACDB -> send_audvoltable
03-07 21:42:44.901   788 16996 D ACDB-LOADER: ACDB -> ACDB_CMD_GET_AUDPROC_VOL_STEP_TABLE_SIZE
03-07 21:42:44.902   788 16996 D ACDB-LOADER: ACDB -> ACDB_CMD_GET_AUDPROC_GAIN_DEP_STEP_TABLE, vol index 0
03-07 21:42:44.902   788 16996 D         : Failed to fetch the lookup information of the device 0000003E 
03-07 21:42:44.902   788 16996 D ACDB-LOADER: ACDB -> AUDIO_SET_VOL_CAL cal type = 12
03-07 21:42:44.902   788 16996 D ACDB-LOADER: ACDB -> ACDB_CMD_GET_AUDPROC_STREAM_TABLE_SIZE
03-07 21:42:44.902   788 16996 D ACDB-LOADER: ACDB -> send_audstrmtable
03-07 21:42:44.902   788 16996 D ACDB-LOADER: ACDB -> ACDB_CMD_GET_AUDPROC_STREAM_TABLE_V2
03-07 21:42:44.902   788 16996 D ACDB-LOADER: ACDB -> audstrm_cal->cal_type.cal_data.cal_size = 456
03-07 21:42:44.902   788 16996 D ACDB-LOADER: ACDB -> send_afe_topology
03-07 21:42:44.902   788 16996 D ACDB-LOADER: ACDB -> ACDB_CMD_GET_AFE_TOPOLOGY_ID
03-07 21:42:44.902   788 16996 D ACDB-LOADER: ACDB -> GET_AFE_TOPOLOGY_ID for adcd_id 62, Topology Id 112fb
03-07 21:42:44.902   788 16996 D ACDB-LOADER: ACDB -> send_afe_cal
03-07 21:42:44.902   788 16996 D ACDB-LOADER: ACDB -> ACDB_CMD_GET_AFE_COMMON_TABLE_SIZE
03-07 21:42:44.902   788 16996 D         : Failed to fetch the lookup information of the device 0000003E 
03-07 21:42:44.902   788 16996 E ACDB-LOADER: Error: ACDB_CMD_GET_AFE_COMMON_TABLE_SIZE Returned = -19
03-07 21:42:44.902   788 16996 D ACDB-LOADER: ACDB -> ACDB_CMD_GET_AFE_COMMON_TABLE
03-07 21:42:44.902   788 16996 D         : Failed to fetch the lookup information of the device 0000003E 
03-07 21:42:44.902   788 16996 D ACDB-LOADER: ACDB -> AUDIO_SET_AFE_CAL
03-07 21:42:44.902   788 16996 D ACDB-LOADER: ACDB -> send_hw_delay : acdb_id = 62 path = 1
03-07 21:42:44.902   788 16996 D ACDB-LOADER: ACDB -> ACDB_AVSYNC_INFO: ACDB_CMD_GET_DEVICE_PROPERTY
03-07 21:42:44.902   788 16996 D audio_hw_primary: enable_snd_device: snd_device(120: voice-rec-mic)
03-07 21:42:44.902   788 16996 D audio_route: Apply path: voice-rec-mic
03-07 21:42:44.906   788 16996 V msm8974_platform: platform_get_snd_device_backend_index: enter with device 120
03-07 21:42:44.907   788 16996 E msm8974_platform: platform_get_snd_device_backend_index: BE DAI Name Table is not present
03-07 21:42:44.907   788 16996 V msm8974_platform: platform_get_backend_index:napb: backend port - 5 device - 120 
03-07 21:42:44.907   788 16996 I audio_hw_utils: Set Audio Stream Capture 0 App Type Cfg: app_type 69936, acdb_dev_id 62, sample_rate 48000, snd_device_be_idx -14
03-07 21:42:44.907   788 16996 D audio_hw_primary: enable_audio_route: usecase(9) apply and update mixer path: audio-record
03-07 21:42:44.907   788 16996 D audio_route: Apply path: audio-record
03-07 21:42:44.976  3111  3156 I MicroDetectionWorker: onReady
03-07 21:42:44.993  2146  2165 I zygote  : NativeAlloc concurrent copying GC freed 21252(1159KB) AllocSpace objects, 0(0B) LOS objects, 49% free, 7MB/14MB, paused 229us total 102.679ms
03-07 21:42:45.292  1456  7796 I OpenGLRenderer: Initialized EGL, version 1.4
03-07 21:42:45.292  1456  7796 D OpenGLRenderer: Swap behavior 2
03-07 21:42:45.336  2748  2917 W OpenGLRenderer: Incorrectly called buildLayer on View: ShortcutAndWidgetContainer, destroying layer...
03-07 21:42:45.416 16622 16722 I chatty  : uid=11075(org.mozilla.fennec_aurora) expire 1 line
03-07 21:42:45.989 16843 16859 I zygote  : Waiting for a blocking GC ProfileSaver
03-07 21:42:46.024 16843 16859 I zygote  : WaitForGcToComplete blocked ProfileSaver on HeapTrim for 34.658ms
03-07 21:42:46.327 16843 16921 V AssistantIntegClient: #getAssistantConfig
03-07 21:42:46.338 16843 16948 W AssistantConfig: appIntegrationDataInBase64 is null
03-07 21:42:46.342 16843 16923 E Bugle   : AssistantIntegrationStartupTask: Error getting assistant availability.
03-07 21:42:46.342 16843 16923 E Bugle   : java.lang.IllegalStateException: Failed to query to AGSA.
03-07 21:42:46.342 16843 16923 E Bugle   : 	at tky.onPostExecute(PG:23)
03-07 21:42:46.342 16843 16923 E Bugle   : 	at android.os.AsyncTask.finish(AsyncTask.java:695)
03-07 21:42:46.342 16843 16923 E Bugle   : 	at android.os.AsyncTask.-wrap1(Unknown Source:0)
03-07 21:42:46.342 16843 16923 E Bugle   : 	at android.os.AsyncTask$InternalHandler.handleMessage(AsyncTask.java:712)
03-07 21:42:46.342 16843 16923 E Bugle   : 	at android.os.Handler.dispatchMessage(Handler.java:106)
03-07 21:42:46.342 16843 16923 E Bugle   : 	at android.os.Looper.loop(Looper.java:164)
03-07 21:42:46.342 16843 16923 E Bugle   : 	at android.app.ActivityThread.main(ActivityThread.java:6626)
03-07 21:42:46.342 16843 16923 E Bugle   : 	at java.lang.reflect.Method.invoke(Native Method)
03-07 21:42:46.342 16843 16923 E Bugle   : 	at com.android.internal.os.RuntimeInit$MethodAndArgsCaller.run(RuntimeInit.java:438)
03-07 21:42:46.342 16843 16923 E Bugle   : 	at com.android.internal.os.ZygoteInit.main(ZygoteInit.java:811)
03-07 21:42:46.374 16843 16921 I BugleNetwork: Startup: registering tachyon.
03-07 21:42:46.453 13975 14047 I Icing   : IndexChimeraService.getServiceInterface callingPackage=com.google.android.apps.messaging componentName=null serviceId=32
03-07 21:42:46.460 13975 12764 W Icing   : No valid account for uploading user actions
03-07 21:42:46.468 13975 12764 I Icing   : Usage reports ok 0, Failed Usage reports 0, indexed 0, rejected 0
03-07 21:42:46.471 16843 16921 W zygote  : Unsupported class loader
03-07 21:42:46.478 16843 16923 I Bugle   : BugleMddTaskScheduler: Scheduling MDD job, tag: MDD.CHARGING.PERIODIC.TASK, period: 21600
03-07 21:42:46.486 16843 16921 W zygote  : Skipping duplicate class check due to unsupported classloader
03-07 21:42:46.490 16843 16921 I DynamiteModule: Considering local module com.google.android.gms.cronet_dynamite:0 and remote module com.google.android.gms.cronet_dynamite:1211
03-07 21:42:46.490 16843 16921 I DynamiteModule: Selected remote version of com.google.android.gms.cronet_dynamite, version >= 1211
03-07 21:42:46.490 16843 16921 V DynamiteModule: Dynamite loader version >= 2, using loadModule2NoCrashUtils
03-07 21:42:46.495 16843 16923 I Bugle   : BugleMddTaskScheduler: Scheduling MDD job, tag: MDD.MAINTENANCE.PERIODIC.GCM.TASK, period: 86400
03-07 21:42:46.498 16843 16924 I Bugle   : VerifiedSmsStartupTask: Checking if Verified SMS tasks should be enqueued. feature enabled: true, eligible: false
03-07 21:42:46.499 16843 16924 I Bugle   : VerifiedSmsStartupTask: Not enqueuing Verified SMS periodic task, Verified SMS is disabled.
03-07 21:42:46.503 16843 16923 I Bugle   : BugleMddTaskScheduler: Scheduling MDD job, tag: MDD.CELLULAR.CHARGING.PERIODIC.TASK, period: 21600
03-07 21:42:46.509 16843 16923 I Bugle   : BugleMddTaskScheduler: Scheduling MDD job, tag: MDD.WIFI.CHARGING.PERIODIC.TASK, period: 3600
03-07 21:42:46.518 16843 16923 I Bugle   : BugleMddTaskScheduler: Successfully updated period. tag: MDD.WIFI.CHARGING.PERIODIC.TASK, period: 3600
03-07 21:42:46.519 16843 16923 I Bugle   : BugleMddTaskScheduler: Successfully updated period. tag: MDD.CELLULAR.CHARGING.PERIODIC.TASK, period: 21600
03-07 21:42:46.520 16843 16923 I Bugle   : BugleMddTaskScheduler: Successfully updated period. tag: MDD.MAINTENANCE.PERIODIC.GCM.TASK, period: 86400
03-07 21:42:46.520 16843 16923 I Bugle   : BugleMddTaskScheduler: Successfully updated period. tag: MDD.CHARGING.PERIODIC.TASK, period: 21600
03-07 21:42:46.524 16843 16921 W zygote  : Unsupported class loader
03-07 21:42:46.527 16843 16921 W zygote  : Skipping duplicate class check due to unsupported classloader
03-07 21:42:46.576 16843 16921 I cr_CronetLibraryLoader: Cronet version: 78.0.3904.96, arch: armv7l
03-07 21:42:46.589 17694 17705 I zygote  : Background concurrent copying GC freed 91439(6MB) AllocSpace objects, 52(2MB) LOS objects, 49% free, 9MB/18MB, paused 198us total 126.635ms
03-07 21:42:46.592 16843 16878 W LibraryVersion: Failed to get app version for libraryName: firebase-iid
03-07 21:42:46.607 16843 16924 W Bugle   : BugleFirebaseInstanceIDManagerImpl: Failed to refresh firebase instance ID
03-07 21:42:46.607 16843 16924 W Bugle   : java.io.IOException: SERVICE_NOT_AVAILABLE
03-07 21:42:46.607 16843 16924 W Bugle   : 	at adgy.a(PG:10)
03-07 21:42:46.607 16843 16924 W Bugle   : 	at reu.run(PG:3)
03-07 21:42:46.607 16843 16924 W Bugle   : 	at java.util.concurrent.ThreadPoolExecutor.runWorker(ThreadPoolExecutor.java:1162)
03-07 21:42:46.607 16843 16924 W Bugle   : 	at java.util.concurrent.ThreadPoolExecutor$Worker.run(ThreadPoolExecutor.java:636)
03-07 21:42:46.607 16843 16924 W Bugle   : 	at java.lang.Thread.run(Thread.java:764)
03-07 21:42:46.623 16843 16848 I zygote  : Do partial code cache collection, code=56KB, data=59KB
03-07 21:42:46.625 16843 16848 I zygote  : After code cache collection, code=56KB, data=59KB
03-07 21:42:46.625 16843 16848 I zygote  : Increasing code cache capacity to 256KB
03-07 21:42:47.229  1456  1893 D BatteryService: uevent={POWER_SUPPLY_VOLTAGE_NOW=4339421, POWER_SUPPLY_CHARGE_RATE=Normal, POWER_SUPPLY_HEALTH=Good, POWER_SUPPLY_CURRENT_NOW=152, POWER_SUPPLY_PRESENT=1, SUBSYSTEM=power_supply, POWER_SUPPLY_TEMP=267, SEQNUM=405928, ACTION=change, POWER_SUPPLY_NAME=battery, POWER_SUPPLY_STATUS=Full, POWER_SUPPLY_CHARGE_COUNTER=2822443, POWER_SUPPLY_CAPACITY=100, DEVPATH=/devices/soc/qpnp-smbcharger-17/power_supply/battery}
03-07 21:42:47.233  2398  2398 D QtiCarrierConfigHelper: WARNING, no carrier configs on phone Id: 0
03-07 21:42:47.293  1456  2920 W ActivityManager: Background start not allowed: service Intent { cmp=com.google.android.apps.messaging/.shared.datamodel.action.execution.ActionExecutorImpl$EmptyService } to com.google.android.apps.messaging/.shared.datamodel.action.execution.ActionExecutorImpl$EmptyService from pid=16843 uid=10110 pkg=com.google.android.apps.messaging
03-07 21:42:47.294 16843 16843 W BugleDataModel: ActionExecutorImpl: Action started execution, but we can't guarantee it will complete, the app may be killed. Action: class com.google.android.apps.messaging.shared.datamodel.action.FixupMessageStatusOnStartupAction-FixupMessageStatusOnStartupAction:16163455059001
03-07 21:42:47.294 16843 16843 W BugleDataModel: java.lang.IllegalStateException: Not allowed to start service Intent { cmp=com.google.android.apps.messaging/.shared.datamodel.action.execution.ActionExecutorImpl$EmptyService }: app is in background uid UidRecord{5b7adb0 u0a110 CEM  idle change:cached procs:1 seq(0,0,0)}
03-07 21:42:47.294 16843 16843 W BugleDataModel: 	at android.app.ContextImpl.startServiceCommon(ContextImpl.java:1536)
03-07 21:42:47.294 16843 16843 W BugleDataModel: 	at android.app.ContextImpl.startService(ContextImpl.java:1492)
03-07 21:42:47.294 16843 16843 W BugleDataModel: 	at android.content.ContextWrapper.startService(ContextWrapper.java:650)
03-07 21:42:47.294 16843 16843 W BugleDataModel: 	at com.google.android.apps.messaging.shared.datamodel.action.execution.ActionExecutorImpl.a(PG:94)
03-07 21:42:47.294 16843 16843 W BugleDataModel: 	at com.google.android.apps.messaging.shared.datamodel.action.execution.ActionExecutorImpl.a(PG:89)
03-07 21:42:47.294 16843 16843 W BugleDataModel: 	at fib.c(PG:113)
03-07 21:42:47.294 16843 16843 W BugleDataModel: 	at fhy.run(PG:1)
03-07 21:42:47.294 16843 16843 W BugleDataModel: 	at zit.run(PG:3)
03-07 21:42:47.294 16843 16843 W BugleDataModel: 	at android.os.Handler.handleCallback(Handler.java:790)
03-07 21:42:47.294 16843 16843 W BugleDataModel: 	at android.os.Handler.dispatchMessage(Handler.java:99)
03-07 21:42:47.294 16843 16843 W BugleDataModel: 	at android.os.Looper.loop(Looper.java:164)
03-07 21:42:47.294 16843 16843 W BugleDataModel: 	at android.app.ActivityThread.main(ActivityThread.java:6626)
03-07 21:42:47.294 16843 16843 W BugleDataModel: 	at java.lang.reflect.Method.invoke(Native Method)
03-07 21:42:47.294 16843 16843 W BugleDataModel: 	at com.android.internal.os.RuntimeInit$MethodAndArgsCaller.run(RuntimeInit.java:438)
03-07 21:42:47.294 16843 16843 W BugleDataModel: 	at com.android.internal.os.ZygoteInit.main(ZygoteInit.java:811)
03-07 21:42:47.295  1456  2920 I chatty  : uid=1000(system) Binder:1456_C identical 1 line
03-07 21:42:47.296 16843 16843 W BugleDataModel: ActionExecutorImpl: Action started execution, but we can't guarantee it will complete, the app may be killed. Action: class com.google.android.apps.messaging.shared.datamodel.action.ProcessPendingMessagesAction-ProcessPendingMessagesAction:16163455059002
03-07 21:42:47.296 16843 16843 W BugleDataModel: java.lang.IllegalStateException: Not allowed to start service Intent { cmp=com.google.android.apps.messaging/.shared.datamodel.action.execution.ActionExecutorImpl$EmptyService }: app is in background uid UidRecord{5b7adb0 u0a110 CEM  idle change:cached procs:1 seq(0,0,0)}
03-07 21:42:47.296 16843 16843 W BugleDataModel: 	at android.app.ContextImpl.startServiceCommon(ContextImpl.java:1536)
03-07 21:42:47.296 16843 16843 W BugleDataModel: 	at android.app.ContextImpl.startService(ContextImpl.java:1492)
03-07 21:42:47.296 16843 16843 W BugleDataModel: 	at android.content.ContextWrapper.startService(ContextWrapper.java:650)
03-07 21:42:47.296 16843 16843 W BugleDataModel: 	at com.google.android.apps.messaging.shared.datamodel.action.execution.ActionExecutorImpl.a(PG:94)
03-07 21:42:47.296 16843 16843 W BugleDataModel: 	at com.google.android.apps.messaging.shared.datamodel.action.execution.ActionExecutorImpl.a(PG:89)
03-07 21:42:47.296 16843 16843 W BugleDataModel: 	at fib.c(PG:113)
03-07 21:42:47.296 16843 16843 W BugleDataModel: 	at fhy.run(PG:1)
03-07 21:42:47.296 16843 16843 W BugleDataModel: 	at zit.run(PG:3)
03-07 21:42:47.296 16843 16843 W BugleDataModel: 	at android.os.Handler.handleCallback(Handler.java:790)
03-07 21:42:47.296 16843 16843 W BugleDataModel: 	at android.os.Handler.dispatchMessage(Handler.java:99)
03-07 21:42:47.296 16843 16843 W BugleDataModel: 	at android.os.Looper.loop(Looper.java:164)
03-07 21:42:47.296 16843 16843 W BugleDataModel: 	at android.app.ActivityThread.main(ActivityThread.java:6626)
03-07 21:42:47.296 16843 16843 W BugleDataModel: 	at java.lang.reflect.Method.invoke(Native Method)
03-07 21:42:47.296 16843 16843 W BugleDataModel: 	at com.android.internal.os.RuntimeInit$MethodAndArgsCaller.run(RuntimeInit.java:438)
03-07 21:42:47.296 16843 16843 W BugleDataModel: 	at com.android.internal.os.ZygoteInit.main(ZygoteInit.java:811)
03-07 21:42:47.302 16843 16954 I BugleDataModel: FixupMessageStatusOnStartupAction: sendFailedCnt: 0, downloadFailedCnt: 0, partsProcessingFailedCnt: 0
03-07 21:42:47.311 16843 16954 I Bugle   : not cached readyToSendAndReceiveRcs
03-07 21:42:47.313 16843 16954 I BugleDataModel: PendingMessagesProcessor: process from FixupMessageStatusOnStartupAction due to connectivity changed with queues:
03-07 21:42:47.314 16843 16954 I BugleDataModel: ProcessPendingMessagesTimers: cleared next retry time for channel sms_send 
03-07 21:42:47.314 16843 16954 I BugleDataModel: ProcessPendingMessagesTimers: cleared next retry time for channel mms_send 
03-07 21:42:47.314 16843 16954 I BugleDataModel: ProcessPendingMessagesTimers: cleared next retry time for channel mms_download 
03-07 21:42:47.314 16843 16954 I BugleDataModel: ProcessPendingMessagesTimers: cleared next retry time for channel rcs_send 
03-07 21:42:47.314 16843 16954 I BugleDataModel: ProcessPendingMessagesTimers: cleared next retry time for channel rcs_ft_upload 
03-07 21:42:47.314 16843 16954 I BugleDataModel: ProcessPendingMessagesTimers: cleared next retry time for channel rcs_ft_download 
03-07 21:42:47.314 16843 16954 I BugleDataModel: ProcessPendingMessagesTimers: cleared next retry time for channel cloud_sync_send 
03-07 21:42:47.314 16843 16954 I BugleDataModel: ProcessPendingMessagesTimers: cleared next retry time for channel cloud_sync_attachment_download 
03-07 21:42:47.320 16843 16954 I Bugle   : not cached readyToSendAndReceiveRcs
03-07 21:42:47.322 16843 16954 I BugleDataModel: PendingMessagesProcessor: process from ProcessPendingMessagesAction due to scheduled processing with queues:
03-07 21:42:47.463  1456  2920 W ActivityManager: Background start not allowed: service Intent { cmp=com.google.android.apps.messaging/.shared.datamodel.action.execution.ActionExecutorImpl$EmptyService } to com.google.android.apps.messaging/.shared.datamodel.action.execution.ActionExecutorImpl$EmptyService from pid=16843 uid=10110 pkg=com.google.android.apps.messaging
03-07 21:42:47.466 16843 16954 I ShortcutBadger: Checking if platform supports badge counters, attempt 1/3.
03-07 21:42:47.470 16843 16954 I ShortcutBadger: Checking if platform supports badge counters, attempt 2/3.
03-07 21:42:47.473 16843 16954 I ShortcutBadger: Checking if platform supports badge counters, attempt 3/3.
03-07 21:42:47.476 16843 16954 W ShortcutBadger: Badge counter seems not supported in this platform: unable to resolve intent: Intent { act=android.intent.action.BADGE_COUNT_UPDATE (has extras) }
03-07 21:42:49.874  1456  3925 I ActivityManager: Force stopping org.mozilla.fennec_aurora appid=11075 user=0: from pid 17027
03-07 21:42:49.874  1456  3925 I ActivityManager: Killing 16622:org.mozilla.fennec_aurora/u0a1075 (adj 700): stop org.mozilla.fennec_aurora
03-07 21:42:49.877  1456  1605 W zygote  : kill(-16622, 9) failed: No such process
03-07 21:42:49.878  1456  3925 W ActivityManager: Force removing ActivityRecord{f4eaede u0 org.mozilla.fennec_aurora/org.mozilla.fenix.HomeActivity t32452}: app died, no saved state
03-07 21:42:49.888  1456  3925 I ActivityManager: Killing 16766:org.mozilla.fennec_aurora:socket/u0a1075 (adj 0): stop org.mozilla.fennec_aurora
03-07 21:42:49.891  1456  3925 I ActivityManager: Killing 16742:org.mozilla.fennec_aurora:tab/u0a1075 (adj 0): stop org.mozilla.fennec_aurora
03-07 21:42:49.893  1456  1605 W zygote  : kill(-16622, 9) failed: No such process
03-07 21:42:49.903  2398  2398 D CarrierSvcBindHelper: No carrier app for: 0
03-07 21:42:49.904  2398  2398 D CarrierSvcBindHelper: No carrier app for: 1
03-07 21:42:49.905  1456  1605 W zygote  : kill(-16622, 9) failed: No such process
03-07 21:42:49.952  1456  1605 I chatty  : uid=1000(system) ActivityManager identical 3 lines
03-07 21:42:49.955  1456  1673 W ActivityManager: setHasOverlayUi called on unknown pid: 16622
03-07 21:42:49.967  1456  1605 W zygote  : kill(-16622, 9) failed: No such process
03-07 21:42:49.968  1456  1605 I zygote  : Successfully killed process cgroup uid 11075 pid 16622 in 90ms
03-07 21:42:49.968  1456  1605 W zygote  : kill(-16766, 9) failed: No such process
03-07 21:42:49.968  1456  1605 I zygote  : Successfully killed process cgroup uid 11075 pid 16766 in 0ms
03-07 21:42:49.968  1456  1605 W zygote  : kill(-16742, 9) failed: No such process
03-07 21:42:49.968  1456  1605 I zygote  : Successfully killed process cgroup uid 11075 pid 16742 in 0ms
03-07 21:42:49.997  1456  2402 I ActivityManager: START u0 {act=android.intent.action.MAIN cat=[android.intent.category.LAUNCHER] flg=0x10000000 cmp=org.mozilla.fennec_aurora/org.mozilla.fenix.HomeActivity} from uid 2000
03-07 21:42:49.998   794   839 E ANDR-PERF-RESOURCEQS: Failed to apply optimization [4, 0]
03-07 21:42:50.018  1456  1473 I ActivityManager: Start proc 17035:org.mozilla.fennec_aurora/u0a1075 for activity org.mozilla.fennec_aurora/org.mozilla.fenix.HomeActivity
03-07 21:42:50.105  3111  3156 I MicroDetectionState: Should stop hotword detection immediately - false
03-07 21:42:50.105  3111  3156 I MicroDetector: Keeping mic open: false
03-07 21:42:50.105  3111  3156 I RecognitionAudioControl: #shutdownAudio [requestId: -7497952164814621733, keepAudioOpen: false, forced: true]
03-07 21:42:50.106  3111 12420 E DeviceStateChecker: DeviceStateChecker cancelled
03-07 21:42:50.106  3111  3156 I RecognitionAudioControl: #internalShutdownAudio [requestId: -7497952164814621733]
03-07 21:42:50.106  3111  3156 I RecognitionAudioControl: #internalShutdownAudio [keepAudioOpen: false, forced: true]
03-07 21:42:50.106  3111  3156 I RecognitionAudioControl: #actualShutdownAudio
03-07 21:42:50.106  3111  3156 I AudioController: #shutdown [requestId=-7497952164814621733]
03-07 21:42:50.106  3111  3155 I AudioController: internalShutdown
03-07 21:42:50.106  3111  3135 I MicroRecognitionRunner: Stopping hotword detection.
03-07 21:42:50.107  3111 12423 I MicroRecognitionRunner: Detection finished
03-07 21:42:50.155   788  1401 D audio_hw_primary: disable_audio_route: usecase(9) reset and update mixer path: audio-record
03-07 21:42:50.156   788  1401 D audio_hw_primary: disable_snd_device: snd_device(120: voice-rec-mic)
03-07 21:42:50.158  1012  1390 D APM_AudioPolicyManager: stopInput() input 184086, session 184193
03-07 21:42:50.158   788  1479 D audio_hw_primary: in_set_parameters: enter: kvpairs=routing=0
03-07 21:42:50.160  3111  3155 I MicrophoneInputStream: mic_close  SR : 16000 CC : 16 SO : 1999
03-07 21:42:50.160  3111  3155 E AudioSource: Stop listening is called on already closed AudioSource
03-07 21:42:50.181 17035 17035 I chatty  : uid=11075(org.mozilla.fennec_aurora) expire 13 lines
03-07 21:42:50.268 17035 17054 I chatty  : uid=11075(org.mozilla.fennec_aurora) expire 4 lines
03-07 21:42:50.284  1456  2402 D ConnectivityService: requestNetwork for uid/pid:11075/17035 NetworkRequest [ TRACK_DEFAULT id=29695, [ Capabilities: INTERNET&NOT_RESTRICTED&TRUSTED&NOT_VPN] ]
03-07 21:42:50.286  1456  2099 D Ethernet: got request NetworkRequest [ TRACK_DEFAULT id=29695, [ Capabilities: INTERNET&NOT_RESTRICTED&TRUSTED&NOT_VPN] ] with score 0
03-07 21:42:50.286  2398  2398 D PhoneSwitcherNetworkRequstListener: got request NetworkRequest [ TRACK_DEFAULT id=29695, [ Capabilities: INTERNET&NOT_RESTRICTED&TRUSTED&NOT_VPN] ] with score 0
03-07 21:42:50.286  1456  2054 D WIFI_UT : got request NetworkRequest [ TRACK_DEFAULT id=29695, [ Capabilities: INTERNET&NOT_RESTRICTED&TRUSTED&NOT_VPN] ] with score 0
03-07 21:42:50.286  1456  2054 D WIFI    : got request NetworkRequest [ TRACK_DEFAULT id=29695, [ Capabilities: INTERNET&NOT_RESTRICTED&TRUSTED&NOT_VPN] ] with score 0
03-07 21:42:50.295 17035 17065 I chatty  : uid=11075(org.mozilla.fennec_aurora) expire 11 lines
03-07 21:42:50.320 17035 17064 I chatty  : uid=11075(org.mozilla.fennec_aurora) expire 11 lines
03-07 21:42:50.355 17035 17072 I chatty  : uid=11075(org.mozilla.fennec_aurora) expire 30 lines
03-07 21:42:50.430 17035 17035 I chatty  : uid=11075(org.mozilla.fennec_aurora) expire 38 lines
03-07 21:42:50.451 17035 17075 I chatty  : uid=11075(org.mozilla.fennec_aurora) expire 1 line
03-07 21:42:50.465 17035 17083 I chatty  : uid=11075(org.mozilla.fennec_aurora) expire 10 lines
03-07 21:42:50.516  1456  1466 I zygote  : Background concurrent copying GC freed 52575(2MB) AllocSpace objects, 19(760KB) LOS objects, 38% free, 37MB/61MB, paused 511us total 354.004ms
03-07 21:42:50.542 17035 17040 I chatty  : uid=11075(org.mozilla.fennec_aurora) expire 8 lines
03-07 21:42:50.766 17035 17035 E ActivityThread: Failed to find provider info for org.mozilla.firefox.fxa.auth
03-07 21:42:50.767 17035 17035 E ActivityThread: Failed to find provider info for org.mozilla.firefox_beta.fxa.auth
03-07 21:42:50.767 17035 17035 E ActivityThread: Failed to find provider info for org.mozilla.fennec_aurora.fxa.auth
03-07 21:42:50.834 17035 17108 I chatty  : uid=11075(org.mozilla.fennec_aurora) expire 9 lines
03-07 21:42:50.845  1456  1473 I ActivityManager: Start proc 17118:org.mozilla.fennec_aurora:tab/u0a1075 for service org.mozilla.fennec_aurora/org.mozilla.gecko.process.GeckoChildProcessServices$tab
03-07 21:42:50.956  1456  3927 I ActivityManager: Start proc 17143:org.mozilla.fennec_aurora:socket/u0a1075 for service org.mozilla.fennec_aurora/org.mozilla.gecko.process.GeckoChildProcessServices$socket
03-07 21:42:50.973 17118 17118 I chatty  : uid=11075(org.mozilla.fennec_aurora) expire 2 lines
03-07 21:42:50.974 17118 17156 I chatty  : uid=11075(org.mozilla.fennec_aurora) expire 1 line
03-07 21:42:51.077 17143 17143 I chatty  : uid=11075(org.mozilla.fennec_aurora) expire 2 lines
03-07 21:42:51.078 17143 17160 I chatty  : uid=11075(org.mozilla.fennec_aurora) expire 15 lines
03-07 21:42:51.177  1456  3927 I ActivityManager: Displayed org.mozilla.fennec_aurora/org.mozilla.fenix.HomeActivity: +1s171ms
03-07 21:42:51.177  1456  3927 I ActivityManager: Fully drawn org.mozilla.fennec_aurora/org.mozilla.fenix.HomeActivity: +1s171ms
03-07 21:42:51.228  1456  1673 I LaunchCheckinHandler: Displayed org.mozilla.fennec_aurora/org.mozilla.fenix.HomeActivity,cp,ca,1222
03-07 21:42:51.236 17035 17035 E ActivityThread: Failed to find provider info for org.mozilla.firefox.fxa.auth
03-07 21:42:51.237 17035 17035 E ActivityThread: Failed to find provider info for org.mozilla.firefox_beta.fxa.auth
03-07 21:42:51.238 17035 17035 E ActivityThread: Failed to find provider info for org.mozilla.fennec_aurora.fxa.auth
03-07 21:42:51.308  3111  3111 I MemoryTrimmer: Trimming objects from memory, since app is in the background.
03-07 21:42:51.318  3111  3111 I MemoryTrimmer: Trimming objects from memory, since app is in the background.
03-07 21:42:51.319  3111 16616 I PBSessionCacheImpl: Deleted sessionId[13683905891087719] from persistence.
03-07 21:42:51.326  1456  2402 I WifiService: getWifiEnabledState uid=10073
03-07 21:42:51.328  3111  3156 I DEBUG   : OpaToSrpTransitionState#onStateChanged#notNullQuery
03-07 21:42:51.328  3111  3156 I DEBUG   : OpaToSrpTransitionState#onStateChanged#notNullQuery
03-07 21:42:51.330  3111  3156 W SearchServiceCore: Abort, client detached.
03-07 21:42:52.118  1023 17211 D libc    : Internal error: netid(0), id(0xbaff), server(0.0.0.0)
03-07 21:42:52.118  1023 17211 D libc    : Internal error: netid(0), id(0xbaff), server(0.0.0.0)
03-07 21:42:52.118  1023 17211 D libc    : Internal error: netid(0), id(0x95b1), server(0.0.0.0)
03-07 21:42:52.118  1023 17211 D libc    : Internal error: netid(0), id(0x95b1), server(0.0.0.0)
03-07 21:42:52.150 17035 17207 I chatty  : uid=11075(org.mozilla.fennec_aurora) expire 2 lines
03-07 21:42:52.289  1023 17217 D libc    : Internal error: netid(0), id(0x4aa9), server(0.0.0.0)
03-07 21:42:52.289  1023 17217 D libc    : Internal error: netid(0), id(0x4aa9), server(0.0.0.0)
03-07 21:42:52.289  1023 17217 D libc    : Internal error: netid(0), id(0x2bcb), server(0.0.0.0)
03-07 21:42:52.290  1023 17217 D libc    : Internal error: netid(0), id(0x2bcb), server(0.0.0.0)
03-07 21:42:52.290  1023 17233 D libc    : Internal error: netid(0), id(0xbcf6), server(0.0.0.0)
03-07 21:42:52.290  1023 17233 D libc    : Internal error: netid(0), id(0xbcf6), server(0.0.0.0)
03-07 21:42:52.291  1023 17233 D libc    : Internal error: netid(0), id(0x8c97), server(0.0.0.0)
03-07 21:42:52.291  1023 17233 D libc    : Internal error: netid(0), id(0x8c97), server(0.0.0.0)
03-07 21:42:52.293  1023 17238 D libc    : Internal error: netid(0), id(0x8195), server(0.0.0.0)
03-07 21:42:52.294  1023 17238 D libc    : Internal error: netid(0), id(0x8195), server(0.0.0.0)
03-07 21:42:52.294  1023 17238 D libc    : Internal error: netid(0), id(0xa7c4), server(0.0.0.0)
03-07 21:42:52.294  1023 17238 D libc    : Internal error: netid(0), id(0xa7c4), server(0.0.0.0)
03-07 21:42:52.328 17035 17065 I chatty  : uid=11075(org.mozilla.fennec_aurora) expire 1 line
03-07 21:42:52.328 17035 17067 I chatty  : uid=11075(org.mozilla.fennec_aurora) expire 1 line
03-07 21:42:52.329 17035 17093 I chatty  : uid=11075(org.mozilla.fennec_aurora) expire 1 line
03-07 21:42:52.366 17035 17088 I chatty  : uid=11075(org.mozilla.fennec_aurora) expire 1 line
03-07 21:42:52.435   808   898 I SFPerfTracer:      triggers: (rate: 0:1) (0 sw vsyncs) (0 skipped) (0:4908229 vsyncs) (1:11083043)
03-07 21:42:52.590  1456  1473 W ActivityManager: Background start not allowed: service Intent { cmp=com.google.android.apps.messaging/.shared.datamodel.action.execution.ActionExecutorImpl$EmptyService } to com.google.android.apps.messaging/.shared.datamodel.action.execution.ActionExecutorImpl$EmptyService from pid=16843 uid=10110 pkg=com.google.android.apps.messaging
03-07 21:42:52.591 16843 16843 W BugleDataModel: ActionExecutorImpl: Action started execution, but we can't guarantee it will complete, the app may be killed. Action: class com.google.android.apps.messaging.shared.datamodel.action.GenericWorkerQueueAction-GenericWorkerQueueAction:16163455059008
03-07 21:42:52.591 16843 16843 W BugleDataModel: java.lang.IllegalStateException: Not allowed to start service Intent { cmp=com.google.android.apps.messaging/.shared.datamodel.action.execution.ActionExecutorImpl$EmptyService }: app is in background uid UidRecord{5b7adb0 u0a110 CEM  idle change:cached procs:1 seq(0,0,0)}
03-07 21:42:52.591 16843 16843 W BugleDataModel: 	at android.app.ContextImpl.startServiceCommon(ContextImpl.java:1536)
03-07 21:42:52.591 16843 16843 W BugleDataModel: 	at android.app.ContextImpl.startService(ContextImpl.java:1492)
03-07 21:42:52.591 16843 16843 W BugleDataModel: 	at android.content.ContextWrapper.startService(ContextWrapper.java:650)
03-07 21:42:52.591 16843 16843 W BugleDataModel: 	at com.google.android.apps.messaging.shared.datamodel.action.execution.ActionExecutorImpl.a(PG:94)
03-07 21:42:52.591 16843 16843 W BugleDataModel: 	at com.google.android.apps.messaging.shared.datamodel.action.execution.ActionExecutorImpl.a(PG:89)
03-07 21:42:52.591 16843 16843 W BugleDataModel: 	at fib.c(PG:113)
03-07 21:42:52.591 16843 16843 W BugleDataModel: 	at fhy.run(PG:1)
03-07 21:42:52.591 16843 16843 W BugleDataModel: 	at zit.run(PG:3)
03-07 21:42:52.591 16843 16843 W BugleDataModel: 	at android.os.Handler.handleCallback(Handler.java:790)
03-07 21:42:52.591 16843 16843 W BugleDataModel: 	at android.os.Handler.dispatchMessage(Handler.java:99)
03-07 21:42:52.591 16843 16843 W BugleDataModel: 	at android.os.Looper.loop(Looper.java:164)
03-07 21:42:52.591 16843 16843 W BugleDataModel: 	at android.app.ActivityThread.main(ActivityThread.java:6626)
03-07 21:42:52.591 16843 16843 W BugleDataModel: 	at java.lang.reflect.Method.invoke(Native Method)
03-07 21:42:52.591 16843 16843 W BugleDataModel: 	at com.android.internal.os.RuntimeInit$MethodAndArgsCaller.run(RuntimeInit.java:438)
03-07 21:42:52.591 16843 16843 W BugleDataModel: 	at com.android.internal.os.ZygoteInit.main(ZygoteInit.java:811)
03-07 21:42:55.155  1456  1600 I UsageStatsService: User[0] Flushing usage stats to disk
03-07 21:42:55.654 17278 17278 D AndroidRuntime: >>>>>> START com.android.internal.os.RuntimeInit uid 2000 <<<<<<
03-07 21:42:55.666 17278 17278 W app_process: Could not reserve sentinel fault page
03-07 21:42:55.832 17278 17278 I app_process: The ClassLoaderContext is a special shared library.
03-07 21:42:55.904 17278 17278 D AndroidRuntime: Calling main entry com.android.commands.input.Input
03-07 21:42:55.905 17278 17278 I Input   : injectKeyEvent: KeyEvent { action=ACTION_DOWN, keyCode=KEYCODE_HOME, scanCode=0, metaState=0, flags=0x0, repeatCount=0, eventTime=15711431185, downTime=15711431185, deviceId=-1, source=0x101 }
03-07 21:42:55.912 17278 17278 I Input   : injectKeyEvent: KeyEvent { action=ACTION_UP, keyCode=KEYCODE_HOME, scanCode=0, metaState=0, flags=0x0, repeatCount=0, eventTime=15711431185, downTime=15711431185, deviceId=-1, source=0x101 }
