--------- beginning of main
02-05 22:01:31.335  1456  1605 W zygote  : kill(-9309, 9) failed: No such process
02-05 22:01:31.335  1456  1605 I zygote  : Successfully killed process cgroup uid 10826 pid 9309 in 405ms
02-05 22:01:31.335  1456  1605 W zygote  : kill(-9438, 9) failed: No such process
02-05 22:01:31.335  1456  1605 I zygote  : Successfully killed process cgroup uid 10826 pid 9438 in 0ms
02-05 22:01:31.336  1456  1605 W zygote  : kill(-9422, 9) failed: No such process
02-05 22:01:31.361  1456  1605 I chatty  : uid=1000(system) ActivityManager identical 2 lines
02-05 22:01:31.376  1456  1605 W zygote  : kill(-9422, 9) failed: No such process
02-05 22:01:31.380 20023 20165 I MicroDetectionWorker: onReady
02-05 22:01:31.392  1456  1605 W zygote  : kill(-9422, 9) failed: No such process
--------- beginning of system
02-05 22:01:31.411  1456  2204 D ConnectivityService: ConnectivityService NetworkRequestInfo binderDied(NetworkRequest [ LISTEN id=24929, [ Capabilities: INTERNET&NOT_RESTRICTED&TRUSTED] ], android.os.BinderProxy@18b727b)
02-05 22:01:31.412  1456  1605 W zygote  : kill(-9422, 9) failed: No such process
02-05 22:01:31.412  1456  1605 I zygote  : Successfully killed process cgroup uid 10826 pid 9422 in 76ms
02-05 22:01:31.412  1456  1605 W zygote  : kill(-14921, 9) failed: No such process
02-05 22:01:31.412  1456  1605 I zygote  : Successfully killed process cgroup uid 10016 pid 14921 in 0ms
02-05 22:01:31.412  1456  1605 W zygote  : kill(-15555, 9) failed: No such process
02-05 22:01:31.416  1456  5027 D ConnectivityService: ConnectivityService NetworkRequestInfo binderDied(NetworkRequest [ TRACK_DEFAULT id=24928, [ Capabilities: INTERNET&NOT_RESTRICTED&TRUSTED&NOT_VPN] ], android.os.BinderProxy@b636898)
02-05 22:01:31.416  1456  2067 D ConnectivityService: releasing NetworkRequest [ TRACK_DEFAULT id=24928, [ Capabilities: INTERNET&NOT_RESTRICTED&TRUSTED&NOT_VPN] ] (release request)
02-05 22:01:31.425  1456  1605 W zygote  : kill(-15555, 9) failed: No such process
02-05 22:01:31.425  1456  1605 I zygote  : Successfully killed process cgroup uid 10062 pid 15555 in 12ms
02-05 22:01:31.425  1456  1605 W zygote  : kill(-9164, 9) failed: No such process
02-05 22:01:31.425  1456  1605 I zygote  : Successfully killed process cgroup uid 10030 pid 9164 in 0ms
02-05 22:01:31.425  1456  1605 W zygote  : kill(-15303, 9) failed: No such process
02-05 22:01:31.426  1456  1605 I zygote  : Successfully killed process cgroup uid 10110 pid 15303 in 0ms
02-05 22:01:31.427  1456  1605 W zygote  : kill(-9076, 9) failed: No such process
02-05 22:01:31.427  1456  1605 I zygote  : Successfully killed process cgroup uid 10027 pid 9076 in 0ms
02-05 22:01:31.428  1456  1605 W zygote  : kill(-15015, 9) failed: No such process
02-05 22:01:31.428  1456  1605 I zygote  : Successfully killed process cgroup uid 10062 pid 15015 in 0ms
02-05 22:01:31.428  1456  1605 W zygote  : kill(-9189, 9) failed: No such process
02-05 22:01:31.428  1456  1605 I zygote  : Successfully killed process cgroup uid 10090 pid 9189 in 0ms
02-05 22:01:31.428  1456  1605 W zygote  : kill(-9280, 9) failed: No such process
02-05 22:01:31.429  1456  1605 I zygote  : Successfully killed process cgroup uid 10044 pid 9280 in 0ms
02-05 22:01:31.429  1456  1605 W zygote  : kill(-9104, 9) failed: No such process
02-05 22:01:31.429  1456  1605 I zygote  : Successfully killed process cgroup uid 1000 pid 9104 in 0ms
02-05 22:01:31.429  1456  1605 W zygote  : kill(-9089, 9) failed: No such process
02-05 22:01:31.429  1456  1605 I zygote  : Successfully killed process cgroup uid 10085 pid 9089 in 0ms
02-05 22:01:31.429  1456  1605 W zygote  : kill(-14584, 9) failed: No such process
02-05 22:01:31.429  1456  1605 I zygote  : Successfully killed process cgroup uid 10733 pid 14584 in 0ms
02-05 22:01:31.429  1456  1605 W zygote  : kill(-28974, 9) failed: No such process
02-05 22:01:31.429  1456  1605 I zygote  : Successfully killed process cgroup uid 10014 pid 28974 in 0ms
02-05 22:01:31.430  1456  1605 W zygote  : kill(-15133, 9) failed: No such process
02-05 22:01:31.430  1456  1605 I zygote  : Successfully killed process cgroup uid 10031 pid 15133 in 0ms
02-05 22:01:31.602  1456  4250 I ActivityManager: START u0 {act=android.intent.action.VIEW dat=about:blank typ=text/html flg=0x10000000 cmp=org.mozilla.fenix.nightly/org.mozilla.fenix.IntentReceiverActivity} from uid 2000
02-05 22:01:31.603   794   839 E ANDR-PERF-RESOURCEQS: Failed to apply optimization [4, 0]
02-05 22:01:31.622  1456  2236 I ActivityManager: Start proc 9631:org.mozilla.fenix.nightly/u0a826 for activity org.mozilla.fenix.nightly/org.mozilla.fenix.IntentReceiverActivity
02-05 22:01:31.639  2748  2917 W OpenGLRenderer: Incorrectly called buildLayer on View: ShortcutAndWidgetContainer, destroying layer...
02-05 22:01:31.710 20023 20165 I MicroDetectionState: Should stop hotword detection immediately - false
02-05 22:01:31.710 20023 20165 I MicroDetector: Keeping mic open: false
02-05 22:01:31.710 20023 20165 I RecognitionAudioControl: #shutdownAudio [requestId: 6125544992112188893, keepAudioOpen: false, forced: true]
02-05 22:01:31.710 20023 20105 E DeviceStateChecker: DeviceStateChecker cancelled
02-05 22:01:31.711 20023 20165 I RecognitionAudioControl: #internalShutdownAudio [requestId: 6125544992112188893]
02-05 22:01:31.711 20023 20165 I RecognitionAudioControl: #internalShutdownAudio [keepAudioOpen: false, forced: true]
02-05 22:01:31.711 20023 20165 I RecognitionAudioControl: #actualShutdownAudio
02-05 22:01:31.711 20023 20165 I AudioController: #shutdown [requestId=6125544992112188893]
02-05 22:01:31.711 20023 20113 I AudioController: internalShutdown
02-05 22:01:31.711 20023 20071 I MicroRecognitionRunner: Stopping hotword detection.
02-05 22:01:31.749  1456  7796 I OpenGLRenderer: Initialized EGL, version 1.4
02-05 22:01:31.749  1456  7796 D OpenGLRenderer: Swap behavior 2
02-05 22:01:31.763   788  1479 D audio_hw_primary: disable_audio_route: usecase(9) reset and update mixer path: audio-record
02-05 22:01:31.764   788  1479 D audio_hw_primary: disable_snd_device: snd_device(120: voice-rec-mic)
02-05 22:01:31.766  1012 13178 D APM_AudioPolicyManager: stopInput() input 122326, session 122401
02-05 22:01:31.767   788  1479 D audio_hw_primary: in_set_parameters: enter: kvpairs=routing=0
02-05 22:01:31.769 20023 20113 I MicrophoneInputStream: mic_close  SR : 16000 CC : 16 SO : 1999
02-05 22:01:31.769 20023 20113 E AudioSource: Stop listening is called on already closed AudioSource
02-05 22:01:31.770 20023 11076 I MicroRecognitionRunner: Detection finished
02-05 22:01:31.782  9631  9631 D FirebaseApp: com.google.firebase.auth.FirebaseAuth is not linked. Skipping initialization.
02-05 22:01:31.783  9631  9631 D FirebaseApp: com.google.firebase.crash.FirebaseCrash is not linked. Skipping initialization.
02-05 22:01:31.783  9631  9631 I FirebaseInitProvider: FirebaseApp initialization successful
02-05 22:01:31.822   808   898 I SFPerfTracer:      triggers: (rate: 0:0) (0 sw vsyncs) (0 skipped) (46:3480698 vsyncs) (48:6193287)
02-05 22:01:31.850  9631  9649 I FA      : Collection disabled with firebase_analytics_collection_enabled=0
02-05 22:01:31.851  9631  9649 I FA      : App measurement is starting up, version: 12780
02-05 22:01:31.851  9631  9649 I FA      : To enable debug logging run: adb shell setprop log.tag.FA VERBOSE
02-05 22:01:31.852  9631  9649 I FA      : To enable faster debug mode event logging run:
02-05 22:01:31.852  9631  9649 I FA      :   adb shell setprop debug.firebase.analytics.app org.mozilla.fenix.nightly
02-05 22:01:31.854  9631  9631 D FenixApplication: Initializing Glean (uploadEnabled=true, isFennec=false)
02-05 22:01:31.872  9631  9631 D libglean_ffi: glean_ffi: Android logging should be hooked up!
02-05 22:01:31.875  9631  9631 I glean/Glean: Registering pings for mozilla.telemetry.glean.GleanMetrics.Pings
02-05 22:01:31.880  9631  9631 I libglean_ffi: glean_core: Creating new Glean
02-05 22:01:31.880  9631  9631 D libglean_ffi: glean_core::database: Database path: "/data/user/0/org.mozilla.fenix.nightly/glean_data/db"
02-05 22:01:31.881  9631  9631 I libglean_ffi: glean_core::database: Database initialized
02-05 22:01:31.881  9631  9631 I libglean_ffi: glean_ffi: Glean initialized
02-05 22:01:31.887  9631  9655 I libglean_ffi: glean_core::ping: Collecting events
02-05 22:01:31.892  9631  9655 D libglean_ffi: glean_core::ping: Storing ping 'a9ae1478-b7e1-4d28-9c8c-f3ebfcc180a6' at '/data/user/0/org.mozilla.fenix.nightly/glean_data/pending_pings/a9ae1478-b7e1-4d28-9c8c-f3ebfcc180a6'
02-05 22:01:31.892  9631  9655 I libglean_ffi: glean_core: The ping 'events' was submitted and will be sent as soon as possible
02-05 22:01:31.899  9631  9631 D glean/MetricsPingSched: The 'metrics' ping was last sent on Wed Feb 05 00:00:00 EST 2020
02-05 22:01:31.900  9631  9631 I glean/MetricsPingSched: The 'metrics' ping was already sent today, Wed Feb 05 22:01:31 EST 2020.
02-05 22:01:31.901  9631  9631 D glean/MetricsPingSched: Scheduling the 'metrics' ping in 21508114ms
02-05 22:01:31.903  9631  9655 D libglean_ffi: glean_core: Clearing Lifetime::Application metrics
02-05 22:01:31.952  1456  2236 D ConnectivityService: requestNetwork for uid/pid:10826/9631 NetworkRequest [ TRACK_DEFAULT id=25022, [ Capabilities: INTERNET&NOT_RESTRICTED&TRUSTED&NOT_VPN] ]
02-05 22:01:31.953  1456  2099 D Ethernet: got request NetworkRequest [ TRACK_DEFAULT id=25022, [ Capabilities: INTERNET&NOT_RESTRICTED&TRUSTED&NOT_VPN] ] with score 60
02-05 22:01:31.953  1456  2054 D WIFI_UT : got request NetworkRequest [ TRACK_DEFAULT id=25022, [ Capabilities: INTERNET&NOT_RESTRICTED&TRUSTED&NOT_VPN] ] with score 60
02-05 22:01:31.953  1456  2054 D WIFI    : got request NetworkRequest [ TRACK_DEFAULT id=25022, [ Capabilities: INTERNET&NOT_RESTRICTED&TRUSTED&NOT_VPN] ] with score 60
02-05 22:01:31.953  2398  2398 D PhoneSwitcherNetworkRequstListener: got request NetworkRequest [ TRACK_DEFAULT id=25022, [ Capabilities: INTERNET&NOT_RESTRICTED&TRUSTED&NOT_VPN] ] with score 60
02-05 22:01:31.959  9631  9631 I glean/Dispatchers: Initial tasks queue completed successfully
02-05 22:01:31.965  9631  9664 D RustNativeSupport: findMegazordLibraryName(viaduct, 0.48.3
02-05 22:01:31.965  9631  9664 D RustNativeSupport: lib in use: none
02-05 22:01:31.965  9631  9664 D RustNativeSupport: lib configured: fenix
02-05 22:01:31.965  9631  9664 D RustNativeSupport: lib version configured: 0.48.3
02-05 22:01:31.965  9631  9664 D RustNativeSupport: settled on fenix
02-05 22:01:31.976  9631  9636 I zygote  : Do partial code cache collection, code=17KB, data=15KB
02-05 22:01:31.978  9631  9636 I zygote  : After code cache collection, code=17KB, data=15KB
02-05 22:01:31.978  9631  9636 I zygote  : Increasing code cache capacity to 128KB
02-05 22:01:31.983  9631  9664 D RustNativeSupport: findMegazordLibraryName(rustlog, 0.48.3
02-05 22:01:31.983  9631  9664 D RustNativeSupport: lib in use: none
02-05 22:01:31.983  9631  9664 D RustNativeSupport: lib configured: fenix
02-05 22:01:31.983  9631  9664 D RustNativeSupport: lib version configured: 0.48.3
02-05 22:01:31.983  9631  9664 D RustNativeSupport: settled on fenix
02-05 22:01:31.985  9631  9664 I rc_log_ffi::ios: rc_log adapter initialized!
02-05 22:01:32.020  9631  9631 D GeckoThread: State changed to LAUNCHED
02-05 22:01:32.020  9631  9669 I GeckoThread: preparing to run Gecko
02-05 22:01:32.027  9631  9669 D GeckoThread: State changed to MOZGLUE_READY
02-05 22:01:32.028  9631  9631 D GeckoRuntime: Lifecycle: onCreate
02-05 22:01:32.043  9631  9669 W Settings: Setting animator_duration_scale has moved from android.provider.Settings.System to android.provider.Settings.Global, returning read-only global URI.
02-05 22:01:32.046  9631  9669 E GeckoLibLoad: Load sqlite start
02-05 22:01:32.048  9631  9631 I zygote  : Deoptimizing java.lang.Object androidx.collection.SimpleArrayMap.put(java.lang.Object, java.lang.Object) due to JIT inline cache
02-05 22:01:32.063  9631  9631 D GleanMetricsService: Enabling Glean.
02-05 22:01:32.066  9631  9669 W GeckoLinker: /data/app/org.mozilla.fenix.nightly-u-XzcjKihf0G9w17ko0s_Q==/lib/arm/libnss3.so: unhandled flags #8 not handled
02-05 22:01:32.069  9631  9655 I libglean_ffi: glean_core: Upload enabled: true
02-05 22:01:32.071  9631  9669 W GeckoLinker: /data/app/org.mozilla.fenix.nightly-u-XzcjKihf0G9w17ko0s_Q==/lib/arm/libnss3.so: Relocation to NULL @0x001c7ffc for symbol "__cxa_type_match"
02-05 22:01:32.071  9631  9669 E GeckoLibLoad: Load sqlite done
02-05 22:01:32.072  9631  9669 E GeckoLibLoad: Load nss start
02-05 22:01:32.072  9631  9669 E GeckoLibLoad: Load nss done
02-05 22:01:32.072  9631  9669 W GeckoLinker: /data/app/org.mozilla.fenix.nightly-u-XzcjKihf0G9w17ko0s_Q==/lib/arm/libxul.so: unhandled flags #8 not handled
02-05 22:01:32.073  9631  9669 W GeckoLinker: /data/app/org.mozilla.fenix.nightly-u-XzcjKihf0G9w17ko0s_Q==/lib/arm/liblgpllibs.so: unhandled flags #8 not handled
02-05 22:01:32.106  9631  9669 E GeckoLibLoad: Loaded libs in 33.969795ms total, 16ms(63ms) user, 16ms(16ms) system, 0(0) faults
02-05 22:01:32.106  9631  9669 D GeckoThread: State changed to LIBS_READY
02-05 22:01:32.108  9631  9669 W GeckoThread: zerdatime 13486185875 - runGecko
02-05 22:01:32.112  9631  9669 D GeckoProfile: Loading profile at: null name: default
02-05 22:01:32.113  9631  9669 D GeckoProfile: Found profile dir: /data/user/0/org.mozilla.fenix.nightly/files/mozilla/f6vs7bee.default
02-05 22:01:32.132  9631  9631 W [WARNING][Leanplum]: [com.leanplum.internal.ActionManager::getLocationManager::8]: Geofencing support requires leanplum-location module and Google Play Services v8.1 and higher.
02-05 22:01:32.132  9631  9631 W [WARNING][Leanplum]: Add this to your build.gradle file:
02-05 22:01:32.132  9631  9631 W [WARNING][Leanplum]: implementation 'com.google.android.gms:play-services-location:8.3.0+'
02-05 22:01:32.132  9631  9631 W [WARNING][Leanplum]: implementation 'com.leanplum:leanplum-location:+'
02-05 22:01:32.142  9631  9631 I [INFO][Leanplum]: [com.leanplum.monitoring.ExceptionHandler::setContext::6]: LeanplumExceptionHandler could not initialize Exception Reporting.This is expected if you have not included the leanplum-monitoring module
02-05 22:01:32.154  9631  9674 I [INFO][Leanplum]: [com.leanplum.LeanplumFcmProvider::isManifestSetup::11]: Firebase Messaging is setup correctly.
02-05 22:01:32.159  9631  9631 I FirefoxAccountStateMachine: Enabling/updating sync with a new SyncConfig: SyncConfig(supportedEngines=[mozilla.components.service.fxa.SyncEngine$History@6041d65, mozilla.components.service.fxa.SyncEngine$Bookmarks@1d37a3a, mozilla.components.service.fxa.SyncEngine$Passwords@924e6eb], syncPeriodInMinutes=240)
02-05 22:01:32.164  9631  9631 I BgSyncManager: Periodic syncing enabled at a 240 interval
02-05 22:01:32.165  9631  9631 I FirefoxAccountStateMachine: Sync is enabled
02-05 22:01:32.165  9631  9631 D PushConfig: Creating push configuration for autopush.
02-05 22:01:32.172  9631  9682 D AutoPushFeature: Initializing native component with the cached token.
02-05 22:01:32.174  9631  9682 D RustNativeSupport: findMegazordLibraryName(push, 0.48.3
02-05 22:01:32.174  9631  9682 D RustNativeSupport: lib in use: none
02-05 22:01:32.174  9631  9682 D RustNativeSupport: lib configured: fenix
02-05 22:01:32.174  9631  9682 D RustNativeSupport: lib version configured: 0.48.3
02-05 22:01:32.175  9631  9682 D RustNativeSupport: settled on fenix
02-05 22:01:32.177  9631  9684 I FirefoxAccountStateMachine: Processing event Event$Init for state Start. Next state is Start
02-05 22:01:32.178  9631  9631 I App     : AutoPushFeature is configured, initializing it...
02-05 22:01:32.178  9631  9631 I AutoPushFeature: Checking validity of push subscriptions.
02-05 22:01:32.189  9631  9684 I FirefoxAccountStateMachine: Ran 'Event$Init' side-effects for state Start, got successive event Event$AccountNotFound
02-05 22:01:32.189  9631  9684 I FirefoxAccountStateMachine: Processing event Event$AccountNotFound for state Start. Next state is NotAuthenticated
02-05 22:01:32.191  9631  9684 D RustNativeSupport: findMegazordLibraryName(fxaclient, 0.48.3
02-05 22:01:32.191  9631  9684 D RustNativeSupport: lib in use: none
02-05 22:01:32.191  9631  9684 D RustNativeSupport: lib configured: fenix
02-05 22:01:32.191  9631  9684 D RustNativeSupport: lib version configured: 0.48.3
02-05 22:01:32.191  9631  9684 D RustNativeSupport: settled on fenix
02-05 22:01:32.194  9631  9684 D fxaclient_ffi: fxa_new
02-05 22:01:32.215  9631  9631 D GeckoRuntime: Lifecycle: onStart
02-05 22:01:32.224  9631  9631 D GeckoRuntime: Lifecycle: onResume
02-05 22:01:32.225  9631  9631 D GeckoNetworkManager: Incoming event start for state OffNoListeners -> OnNoListeners
02-05 22:01:32.227  9631  9631 D GeckoNetworkManager: New network state: UP, WIFI, WIFI
02-05 22:01:32.227  9631  9674 D NetworkSecurityConfig: No Network Security Config specified, using platform default
02-05 22:01:32.244  9631  9694 D OpenGLRenderer: HWUI GL Pipeline
02-05 22:01:32.258  9631  9695 D glean/PingUploadWorker: Processing persisted pings at /data/user/0/org.mozilla.fenix.nightly/glean_data/pending_pings
02-05 22:01:32.259  9631  9695 D glean/PingUploadWorker: Processing ping: a9ae1478-b7e1-4d28-9c8c-f3ebfcc180a6
02-05 22:01:32.262  9631  9695 D glean/ConceptFetchHttpUploader: Submitting ping to: https://incoming.telemetry.mozilla.org/submit/org-mozilla-fenix-nightly/events/1/a9ae1478-b7e1-4d28-9c8c-f3ebfcc180a6
02-05 22:01:32.264  9631  9631 I glean/Glean: Registering pings for org.mozilla.fenix.GleanMetrics.Pings
02-05 22:01:32.295  9631  9631 D App     : ActivationPing - already generated
02-05 22:01:32.374  9631  9636 I zygote  : Do partial code cache collection, code=52KB, data=36KB
02-05 22:01:32.376  9631  9636 I zygote  : After code cache collection, code=43KB, data=31KB
02-05 22:01:32.376  9631  9636 I zygote  : Increasing code cache capacity to 256KB
02-05 22:01:32.416  1456 10366 I ActivityManager: START u0 {act=android.intent.action.VIEW dat=about:blank typ=text/html flg=0x10000000 cmp=org.mozilla.fenix.nightly/org.mozilla.fenix.HomeActivity (has extras)} from uid 10826
02-05 22:01:32.429  9631  9631 D GeckoNetworkManager: Incoming event receivedUpdate for state OnNoListeners -> OnNoListeners
02-05 22:01:32.431  9631  9631 D GeckoNetworkManager: New network state: UP, WIFI, WIFI
02-05 22:01:32.432  1456  2236 I WifiService: getDhcpInfo uid=10826
02-05 22:01:32.444  9631  9694 I Adreno  : QUALCOMM build                   : bb5b86c, I77d3059488
02-05 22:01:32.444  9631  9694 I Adreno  : Build Date                       : 06/07/18
02-05 22:01:32.444  9631  9694 I Adreno  : OpenGL ES Shader Compiler Version: EV031.22.00.01_06
02-05 22:01:32.444  9631  9694 I Adreno  : Local Branch                     : 
02-05 22:01:32.444  9631  9694 I Adreno  : Remote Branch                    : refs/tags/AU_LINUX_ANDROID_LA.UM.6.5.R1.08.01.00.312.086
02-05 22:01:32.444  9631  9694 I Adreno  : Remote Branch                    : NONE
02-05 22:01:32.444  9631  9694 I Adreno  : Reconstruct Branch               : NOTHING
02-05 22:01:32.445  9631  9694 D vndksupport: Loading /vendor/lib/hw/gralloc.msm8937.so from current namespace instead of sphal namespace.
02-05 22:01:32.459  9631  9694 I Adreno  : PFP: 0x005ff087, ME: 0x005ff063
02-05 22:01:32.460  9631  9631 I [INFO][Leanplum]: [com.leanplum.LeanplumCloudMessagingProvider::onRegistrationIdReceived::3]: Device registered for push notifications with registration token, d4z0lmudWSU:APA91bHBnx2htw1zBy250B0aICBZKmEW4WwzscFpIO37oo3s5-94W5m19mG2Ox10GdQE5CKXzSC4YMdDc1Q7LTWZTBVv9CaJU8UTnoxpMLYPeJsFr8JOYkDcl8v-gHDZz0-z799IUDTj
02-05 22:01:32.475  9631  9694 I zygote  : android::hardware::configstore::V1_0::ISurfaceFlingerConfigs::hasWideColorDisplay retrieved: 0
02-05 22:01:32.490  9631  9694 I OpenGLRenderer: Initialized EGL, version 1.4
02-05 22:01:32.491  9631  9694 D OpenGLRenderer: Swap behavior 2
02-05 22:01:32.501  1456  1889 I WindowManager: Keep hide if surface has never drawn Window{cd3056a u0 org.mozilla.fenix.nightly/org.mozilla.fenix.IntentReceiverActivity}
02-05 22:01:32.503  1456  1889 I WindowManager: Failed to capture screenshot of Token{c727644 ActivityRecord{754bb57 u0 org.mozilla.fenix.nightly/org.mozilla.fenix.IntentReceiverActivity t23086 f}} appWin=Window{cd3056a u0 org.mozilla.fenix.nightly/org.mozilla.fenix.IntentReceiverActivity} drawState=1
02-05 22:01:32.513  1456 10366 I ActivityManager: Start proc 9718:com.android.vending/u0a62 for service com.android.vending/com.google.android.finsky.externalreferrer.GetInstallReferrerService
02-05 22:01:32.514  9631  9669 I Gecko:DumpUtils: Fifo watcher disabled via pref.
02-05 22:01:32.529  1456  1673 I LaunchCheckinHandler: Displayed org.mozilla.fenix.nightly/org.mozilla.fenix.IntentReceiverActivity,cp,ca,919
02-05 22:01:32.557  9631  9669 D GeckoSysInfo: System memory: 1867MB.
02-05 22:01:32.559  9631  9631 D PhoneWindow: Restoring navigation bar divider color to default value = 0x00000000
02-05 22:01:32.561  9631  9669 D GeckoThread: State changed to JNI_READY
02-05 22:01:32.586  1456  2236 I ActivityManager: Start proc 9751:org.mozilla.fenix.nightly:tab/u0a826 for service org.mozilla.fenix.nightly/org.mozilla.gecko.process.GeckoServiceChildProcess$tab
02-05 22:01:32.630  9631  9631 I NavController: Ignoring popBackStack to destination org.mozilla.fenix.nightly:id/browserFragment as it was not found on the current back stack
02-05 22:01:32.650  1456  1466 I zygote  : Background concurrent copying GC freed 55521(3MB) AllocSpace objects, 28(1072KB) LOS objects, 40% free, 35MB/59MB, paused 215us total 343.032ms
02-05 22:01:32.650  9718  9718 I Finsky  : [2] ebz.aG(7): Process created at version: 18.6.33-all [0] [PR] 292279539
02-05 22:01:32.706  1456  1473 I ActivityManager: Start proc 9777:org.mozilla.fenix.nightly:socket/u0a826 for service org.mozilla.fenix.nightly/org.mozilla.gecko.process.GeckoServiceChildProcess$socket
02-05 22:01:32.746  9751  9751 D GeckoThread: State changed to LAUNCHED
02-05 22:01:32.747  9751  9792 I GeckoThread: preparing to run Gecko
02-05 22:01:32.796  9631  9699 D RustNativeSupport: findMegazordLibraryName(places, 0.48.3
02-05 22:01:32.796  9631  9699 D RustNativeSupport: lib in use: none
02-05 22:01:32.796  9631  9699 D RustNativeSupport: lib configured: fenix
02-05 22:01:32.796  9631  9699 D RustNativeSupport: lib version configured: 0.48.3
02-05 22:01:32.796  9631  9699 D RustNativeSupport: settled on fenix
02-05 22:01:32.800  9631  9699 D places_ffi: places_api_new
02-05 22:01:32.855  9777  9777 D GeckoThread: State changed to LAUNCHED
02-05 22:01:32.856  9777  9797 I GeckoThread: preparing to run Gecko
02-05 22:01:32.862  9631  9699 D sql_support::conn_ext: Transaction commited after 33.365212ms
02-05 22:01:32.864  9631  9699 D places_ffi: places_connection_new
02-05 22:01:32.872  9631  9699 D places_ffi: places_connection_new
02-05 22:01:32.879  9718  9731 I zygote  : Background concurrent copying GC freed 5006(1054KB) AllocSpace objects, 2(40KB) LOS objects, 49% free, 1651KB/3MB, paused 2.025ms total 127.747ms
02-05 22:01:32.884  9631  9684 W FirefoxAccountStateMachine: Got invalid event Event$Init for state NotAuthenticated.
02-05 22:01:32.904  9631  9699 D places_ffi: bookmarks_get_all_with_url
02-05 22:01:32.948  9777  9797 D GeckoThread: State changed to MOZGLUE_READY
02-05 22:01:32.959  9777  9797 W Settings: Setting animator_duration_scale has moved from android.provider.Settings.System to android.provider.Settings.Global, returning read-only global URI.
02-05 22:01:32.962  9777  9797 E GeckoLibLoad: Load sqlite start
02-05 22:01:32.984  9631  9636 I zygote  : Do full code cache collection, code=121KB, data=88KB
02-05 22:01:32.986  9777  9797 W GeckoLinker: /data/app/org.mozilla.fenix.nightly-u-XzcjKihf0G9w17ko0s_Q==/lib/arm/libnss3.so: unhandled flags #8 not handled
02-05 22:01:32.987  9631  9636 I zygote  : After code cache collection, code=102KB, data=58KB
02-05 22:01:32.992  9777  9797 W GeckoLinker: /data/app/org.mozilla.fenix.nightly-u-XzcjKihf0G9w17ko0s_Q==/lib/arm/libnss3.so: Relocation to NULL @0x001c7ffc for symbol "__cxa_type_match"
02-05 22:01:32.993  9777  9797 E GeckoLibLoad: Load sqlite done
02-05 22:01:32.994  9777  9797 E GeckoLibLoad: Load nss start
02-05 22:01:32.994  9777  9797 E GeckoLibLoad: Load nss done
02-05 22:01:32.994  9777  9797 W GeckoLinker: /data/app/org.mozilla.fenix.nightly-u-XzcjKihf0G9w17ko0s_Q==/lib/arm/libxul.so: unhandled flags #8 not handled
02-05 22:01:32.995  9777  9797 W GeckoLinker: /data/app/org.mozilla.fenix.nightly-u-XzcjKihf0G9w17ko0s_Q==/lib/arm/liblgpllibs.so: unhandled flags #8 not handled
02-05 22:01:33.002  9631  9794 W LOTTIE  : Animation contains merge paths. Merge paths are only supported on KitKat+ and must be manually enabled by calling enableMergePathsForKitKatAndAbove().
02-05 22:01:33.005  9718  9775 I Finsky  : [245965] rgj.a(38): Started reading experiment flags from file [0tGUNCGIkbk4o6-fQ335kUYSKwVj4lusnHT-A5Dsy08].
02-05 22:01:33.011  1456  1471 I ActivityManager: Displayed org.mozilla.fenix.nightly/org.mozilla.fenix.HomeActivity: +534ms (total +1s401ms)
02-05 22:01:33.012  1456  1471 I ActivityManager: Fully drawn org.mozilla.fenix.nightly/org.mozilla.fenix.HomeActivity: +534ms (total +1s401ms)
02-05 22:01:33.023  9718  9775 I Finsky  : [245965] rgj.a(49): Finished reading experiment flags from file [0tGUNCGIkbk4o6-fQ335kUYSKwVj4lusnHT-A5Dsy08].
02-05 22:01:33.023  9718  9800 I Finsky  : [245968] rgj.a(38): Started reading experiment flags from file [Se-xCc4LzNyh3UrKMIU2sUf-PUKz4oQEbpKZDMuaFno].
02-05 22:01:33.035  9718  9800 I Finsky  : [245968] rgj.a(49): Finished reading experiment flags from file [Se-xCc4LzNyh3UrKMIU2sUf-PUKz4oQEbpKZDMuaFno].
02-05 22:01:33.036  9777  9797 E GeckoLibLoad: Loaded libs in 42.487764ms total, 30ms(33ms) user, 10ms(10ms) system, 0(0) faults
02-05 22:01:33.037  9777  9797 D GeckoThread: State changed to LIBS_READY
02-05 22:01:33.037  9777  9797 W GeckoThread: zerdatime 13486186804 - runGecko
02-05 22:01:33.072  9631  9636 I zygote  : Do partial code cache collection, code=121KB, data=78KB
02-05 22:01:33.074  9631  9636 I zygote  : After code cache collection, code=121KB, data=78KB
02-05 22:01:33.074  9631  9636 I zygote  : Increasing code cache capacity to 512KB
02-05 22:01:33.078  9631  9694 D vndksupport: Loading /vendor/lib/hw/android.hardware.graphics.mapper@2.0-impl.so from current namespace instead of sphal namespace.
02-05 22:01:33.080  9631  9694 D vndksupport: Loading /vendor/lib/hw/gralloc.msm8937.so from current namespace instead of sphal namespace.
02-05 22:01:33.114  9718  9718 I Finsky  : [2] tqw.<init>(11): Resetting scheduler db
02-05 22:01:33.133  9718  9772 I Finsky  : [245963] ebz.U(6): Not a unicorn account
02-05 22:01:33.149  9718  9772 W PrimesInit: Primes instant initialization
02-05 22:01:33.161  9718  9813 W Primes  : background initialization
02-05 22:01:33.166  9718  9772 I Finsky  : [245963] xqv.a(2): Disable SystemUpdateActivity, because Android is lower than Q
02-05 22:01:33.196  9718  9772 I zygote  : Deoptimizing java.lang.Object j$.util.concurrent.ConcurrentHashMap.putVal(java.lang.Object, java.lang.Object, boolean) due to JIT inline cache
02-05 22:01:33.197  9718  9816 I Finsky  : [245978] xqu.run(4): Set SystemUpdateActivity enabled state to 2
02-05 22:01:33.203  9718  9772 I Finsky  : [245963] qtj.<init>(5): PackageMonitor - Registering in memory receiver for android.intent.action.PACKAGE_ADDED and android.intent.action.PACKAGE_REMOVED
02-05 22:01:33.246  9777  9797 D GeckoThread: State changed to RUNNING
02-05 22:01:33.255  9718  9731 I zygote  : Background concurrent copying GC freed 13143(1136KB) AllocSpace objects, 7(140KB) LOS objects, 49% free, 2MB/5MB, paused 363us total 119.908ms
02-05 22:01:33.256  9718  9771 I cr_CronetLibraryLoader: Cronet version: 81.0.4021.0, arch: armv7l
02-05 22:01:33.258  9718  9770 W Settings: Setting download_manager_max_bytes_over_mobile has moved from android.provider.Settings.Secure to android.provider.Settings.Global.
02-05 22:01:33.260  9718  9770 I Finsky  : [245961] pxz.a(5): SettingNotFoundException, fall through to G.downloadBytesOverMobileMaximum
02-05 22:01:33.260  9718  9770 W Settings: Setting download_manager_recommended_max_bytes_over_mobile has moved from android.provider.Settings.Secure to android.provider.Settings.Global.
02-05 22:01:33.262  9718  9770 I Finsky  : [245961] pxz.a(9): SettingNotFoundException, fall through to G.downloadBytesOverMobileRecommended
02-05 22:01:33.263  9718  9771 W Finsky  : [245962] drd.a(21): For unauth, use getDfeApiNonAuthenticated() instead!
02-05 22:01:33.264  9718  9772 I Finsky  : [245963] ozh.c(4): Enqueuing libraries load for 0
02-05 22:01:33.267  9718  9771 I Finsky  : [245962] gvu.f(7): Subscription detail: N/A
02-05 22:01:33.268  9718  9822 I PlayCommon: [245980] akew.c(29): Preparing logs for uploading
02-05 22:01:33.269  9718  9810 I Finsky  : [245974] ozh.a(16): Starting libraries load for 0
02-05 22:01:33.291  9718  9810 I Finsky  : [245974] ozh.a(38): Finished loading 0 libraries.
02-05 22:01:33.291  9718  9771 I Finsky  : [245962] zws.l(5): Setup app restrictions monitor
02-05 22:01:33.296  9718  9771 I Finsky  : [245962] zyp.a(4): Device wide unknown source restriction is changed.
02-05 22:01:33.302  9718  9726 I zygote  : Do partial code cache collection, code=31KB, data=19KB
02-05 22:01:33.310  9718  9726 I zygote  : After code cache collection, code=29KB, data=19KB
02-05 22:01:33.310  9718  9726 I zygote  : Increasing code cache capacity to 128KB
02-05 22:01:33.317  9718  9822 I PlayCommon: [245980] akew.c(133): Connecting to server for timestamp: https://play.googleapis.com/play/log/timestamp
02-05 22:01:33.321  9718  9822 D NetworkSecurityConfig: No Network Security Config specified, using platform default
02-05 22:01:33.343  9718  9718 I Finsky  : [2] ppb.onTrimMemory(1): Memory trim requested to level 15
02-05 22:01:33.373  9718  9718 I Finsky  : [2] mre.<init>(12): Installer: Setting Parallelism[DEFAULT]
02-05 22:01:33.381  9718  9718 I Finsky  : [2] mnv.a(18): Installer: Attempting to start installer
02-05 22:01:33.386  9631  9631 W LOTTIE  : Animation contains merge paths but they are disabled.
02-05 22:01:33.387  9718  9718 I zygote  : Deoptimizing java.lang.Object j$.util.concurrent.ConcurrentHashMap.putVal(java.lang.Object, java.lang.Object, boolean) due to JIT inline cache
02-05 22:01:33.394  9718  9718 I Finsky  : [2] mjc.<init>(8): Not checking if recovering from paused session because experiment is off
02-05 22:01:33.402  9718  9718 I Finsky  : [2] gvt.onSubscriptionsChanged(1): onSubscriptionsChanged
02-05 22:01:33.411  9718  9718 I Finsky  : [2] mnv.a(230): Installer kick - no action, not running yet
02-05 22:01:33.412  9718  9718 I Finsky  : [2] mnv.a(230): Installer kick - no action, not running yet
02-05 22:01:33.412  9631  9669 I Gecko   : 1580958093408	addons.xpi	WARN	List of valid built-in add-ons could not be parsed.: [Exception... "Component returned failure code: 0x80520012 (NS_ERROR_FILE_NOT_FOUND) [nsIXPCComponents_Utils.readUTF8URI]"  nsresult: "0x80520012 (NS_ERROR_FILE_NOT_FOUND)"  location: "JS frame :: resource://gre/modules/addons/XPIProvider.jsm :: startup :: line 2365"  data: no] Stack trace: startup()@resource://gre/modules/addons/XPIProvider.jsm:2365
02-05 22:01:33.412  9631  9669 I Gecko   : callProvider()@resource://gre/modules/AddonManager.jsm:215
02-05 22:01:33.412  9631  9669 I Gecko   : _startProvider()@resource://gre/modules/AddonManager.jsm:587
02-05 22:01:33.412  9631  9669 I Gecko   : startup()@resource://gre/modules/AddonManager.jsm:811
02-05 22:01:33.412  9631  9669 I Gecko   : startup()@resource://gre/modules/AddonManager.jsm:3481
02-05 22:01:33.412  9631  9669 I Gecko   : observe()@resource://gre/modules/addonManager.js:87
02-05 22:01:33.419  9631  9669 I Gecko   : 1580958093419	addons.xpi	WARN	No list of valid system add-ons found.
02-05 22:01:33.451  9718  9855 I zygote  : Deoptimizing int aooz.a(java.lang.Object, byte[], int, int, int, aolt) due to JIT inline cache
02-05 22:01:33.460  9718  9822 W PlayCommon: [245980] akew.a(1): No account for auth token provided
02-05 22:01:33.460  9718  9822 I PlayCommon: [245980] akew.c(164): Connecting to server: https://play.googleapis.com/play/log?format=raw&proto_v2=true
02-05 22:01:33.510  9718  9718 I Finsky  : [2] tqw.a(7): SCH: Jobs in database: 1-1337 3-1658 3-1659 24-77777777 26-1414141414 29-29 
02-05 22:01:33.512  9631  9669 D GeckoThread: State changed to PROFILE_READY
02-05 22:01:33.534  9718  9822 I PlayCommon: [245980] akew.c(194): Successfully uploaded logs.
02-05 22:01:33.544  9718  9718 I Finsky  : [2] tmt.a(58): SCH: ConstraintMapping: 24-77777777,  -> L: 0ms, D: 52205241ms, C: false, I: true, N: 0
02-05 22:01:33.546  9718  9718 I Finsky  : [2] tmt.a(58): SCH: ConstraintMapping: 1-1337,  -> L: 12564825ms, D: 55764825ms, C: false, I: false, N: 1
02-05 22:01:33.546   808   808 I SFPerfTracer:      triggers: (rate: 50:549391) (compose: 0:6) (post: 0:14) (render: 0:11) (7:4652691 frames) (8:6144258)
02-05 22:01:33.547   808   808 D SFPerfTracer:        layers: (5:12) (NavigationBar#0 (0xb07df000): 0:505000) (StatusBar#0 (0xb07e3000): 0:1447828) (com.android.systemui.ImageWallpaper#0 (0xb07e7000): 0:43760)* (Sprite#0 (0xb0733000): 0:317)* (DimLayerController/Stack=0#0 (0xb075a000): 0:3589)* (Sprite#1 (0xb077c000): 0:195)* (org.mozilla.fenix.nightly/org.mozilla.fenix.HomeActivity#0 (0xb00e1000): 0:40)- (com.android.launcher3/com.android.launcher3.CustomizationPanelLauncher#0 (0xb0763000): 0:39)* (com.android.launcher3/com.android.launcher3.CustomizationPanelLauncher#1 (0xb0771000): 0:7)* (org.mozilla.fenix.nightly/org.mozilla.fenix.IntentReceiverActivity#0 (0xb0384000): 0:5)* (Splash Screen org.mozilla.fenix.nightly#0 (0xb039b000): 8:30) (org.mozilla.fenix.nightly/org.mozilla.fenix.HomeActivity#0 (0xb00e1000): 8:16) 
02-05 22:01:33.547  9718  9718 I Finsky  : [2] tmt.a(58): SCH: ConstraintMapping: 3-1658,  -> L: 0ms, D: 85253950ms, C: false, I: true, N: 2
02-05 22:01:33.548  9718  9718 I Finsky  : [2] tmt.a(58): SCH: ConstraintMapping: 3-1659,  -> L: 0ms, D: 85253968ms, C: true, I: true, N: 2
02-05 22:01:33.550  9718  9718 I Finsky  : [2] tmt.a(58): SCH: ConstraintMapping: 26-1414141414, 29-29,  -> L: 29567ms, D: 59567ms, C: false, I: false, N: 0
02-05 22:01:33.562  9718  9718 I Finsky  : [2] tpg.a(37): Cancelling existing jobscheduler jobs: 9007 9005 9004 9008 9000 
02-05 22:01:33.562  9718  9718 I Finsky  : [2] tpg.a(14): Throttling wakeup for job 9001 (expected to run in 0 ms) due to recent wakeup
02-05 22:01:33.564  9718  9718 I Finsky  : [2] tpg.a(30): Scheduling job Id: 9001, L: 30000, D: 52205241, C: false, I: true, N: 0
02-05 22:01:33.565  9718  9718 I Finsky  : [2] tpg.a(30): Scheduling job Id: 9002, L: 12564825, D: 55764825, C: false, I: false, N: 1
02-05 22:01:33.567  9718  9718 I Finsky  : [2] tpg.a(14): Throttling wakeup for job 9003 (expected to run in 0 ms) due to recent wakeup
02-05 22:01:33.568  9718  9718 I Finsky  : [2] tpg.a(30): Scheduling job Id: 9003, L: 30000, D: 85253950, C: false, I: true, N: 2
02-05 22:01:33.569  9718  9718 I Finsky  : [2] tpg.a(14): Throttling wakeup for job 9006 (expected to run in 0 ms) due to recent wakeup
02-05 22:01:33.570  9718  9718 I Finsky  : [2] tpg.a(30): Scheduling job Id: 9006, L: 30000, D: 85253968, C: true, I: true, N: 2
02-05 22:01:33.571  9718  9718 I Finsky  : [2] tpg.a(30): Scheduling job Id: 9009, L: 29567, D: 59567, C: false, I: false, N: 0
02-05 22:01:33.616  9631  9669 D GeckoThread: State changed to RUNNING
02-05 22:01:33.623  1456  2236 I ActivityManager: Start proc 9870:android.process.media/u0a31 for content provider com.android.providers.downloads/.DownloadProvider
02-05 22:01:33.629  9718  9726 I zygote  : Do partial code cache collection, code=59KB, data=52KB
02-05 22:01:33.630  9718  9726 I zygote  : After code cache collection, code=50KB, data=47KB
02-05 22:01:33.630  9718  9726 I zygote  : Increasing code cache capacity to 256KB
02-05 22:01:33.638  9718  9718 I Finsky  : [2] ppb.onTrimMemory(1): Memory trim requested to level 80
02-05 22:01:33.639  9631  9669 W GeckoEventDispatcher: No listener for AndroidCastDevice:SyncDevice
02-05 22:01:33.647  9631  9669 I Gecko   : -*- nsDNSServiceDiscovery.js : nsDNSServiceDiscovery
02-05 22:01:33.669  9870  9870 I zygote  : The ClassLoaderContext is a special shared library.
02-05 22:01:33.686  9870  9870 I zygote  : The ClassLoaderContext is a special shared library.
02-05 22:01:33.696 20023 20023 I MemoryTrimmer: Trimming objects from memory, since app is in the background.
02-05 22:01:33.705 20023 20023 I MemoryTrimmer: Trimming objects from memory, since app is in the background.
02-05 22:01:33.705 20023  2762 I PBSessionCacheImpl: Deleted sessionId[88063665787504998] from persistence.
02-05 22:01:33.711  1456 10366 I WifiService: getWifiEnabledState uid=10073
02-05 22:01:33.716 20023 20165 W SearchServiceCore: Abort, client detached.
02-05 22:01:33.770  9631  9669 W ResourceType: Too many attribute references, stopped at: 0x01010099
02-05 22:01:33.814  9718  9863 I Finsky  : [246007] mmw.run(2): Installer: Installer starting.
02-05 22:01:33.815  9718  9863 I Finsky  : [246007] mmw.run(4): Installer: Installer started.
02-05 22:01:33.817  9718  9718 I Finsky  : [2] mnv.a(238): Installer: found apps to install. isMultiUserMode=false, apps=[]
02-05 22:01:33.833  9718  9718 I Finsky  : [2] tqf.a(3): SCH: Canceling job 3-1658
02-05 22:01:33.838  9718  9718 I Finsky  : [2] tqw.a(7): SCH: Jobs in database: 1-1337 3-1659 24-77777777 26-1414141414 29-29 
02-05 22:01:33.853  9718  9718 I Finsky  : [2] tmt.a(58): SCH: ConstraintMapping: 24-77777777,  -> L: 0ms, D: 52204925ms, C: false, I: true, N: 0
02-05 22:01:33.853  9718  9718 I Finsky  : [2] tmt.a(58): SCH: ConstraintMapping: 1-1337,  -> L: 12564501ms, D: 55764501ms, C: false, I: false, N: 1
02-05 22:01:33.854  9718  9718 I Finsky  : [2] tmt.a(58): SCH: ConstraintMapping: 3-1659,  -> L: 0ms, D: 85253649ms, C: true, I: true, N: 2
02-05 22:01:33.855  9718  9718 I Finsky  : [2] tmt.a(58): SCH: ConstraintMapping: 26-1414141414, 29-29,  -> L: 29255ms, D: 59255ms, C: false, I: false, N: 0
02-05 22:01:33.864  9718  9718 I Finsky  : [2] tpg.a(37): Cancelling existing jobscheduler jobs: 9009 9001 9003 9002 9006 
02-05 22:01:33.865  9718  9718 I Finsky  : [2] tpg.a(14): Throttling wakeup for job 9000 (expected to run in 0 ms) due to recent wakeup
02-05 22:01:33.865  9718  9718 I Finsky  : [2] tpg.a(30): Scheduling job Id: 9000, L: 30000, D: 52204925, C: false, I: true, N: 0
02-05 22:01:33.866  9718  9718 I Finsky  : [2] tpg.a(30): Scheduling job Id: 9004, L: 12564501, D: 55764501, C: false, I: false, N: 1
02-05 22:01:33.868  9718  9718 I Finsky  : [2] tpg.a(14): Throttling wakeup for job 9005 (expected to run in 0 ms) due to recent wakeup
02-05 22:01:33.868  9718  9718 I Finsky  : [2] tpg.a(30): Scheduling job Id: 9005, L: 30000, D: 85253649, C: true, I: true, N: 2
02-05 22:01:33.869  9718  9718 I Finsky  : [2] tpg.a(30): Scheduling job Id: 9007, L: 29255, D: 59255, C: false, I: false, N: 0
02-05 22:01:33.877  9718  9718 I Finsky  : [2] tqf.a(3): SCH: Canceling job 3-1659
02-05 22:01:33.882  9718  9718 I Finsky  : [2] tqw.a(7): SCH: Jobs in database: 1-1337 24-77777777 26-1414141414 29-29 
02-05 22:01:33.894  9718  9718 I Finsky  : [2] tmt.a(58): SCH: ConstraintMapping: 24-77777777,  -> L: 0ms, D: 52204884ms, C: false, I: true, N: 0
02-05 22:01:33.895  9718  9718 I Finsky  : [2] tmt.a(58): SCH: ConstraintMapping: 1-1337,  -> L: 12564457ms, D: 55764457ms, C: false, I: false, N: 1
02-05 22:01:33.896  9718  9718 I Finsky  : [2] tmt.a(58): SCH: ConstraintMapping: 26-1414141414, 29-29,  -> L: 29213ms, D: 59213ms, C: false, I: false, N: 0
02-05 22:01:33.903  9718  9718 I Finsky  : [2] tpg.a(37): Cancelling existing jobscheduler jobs: 9000 9007 9005 9004 
02-05 22:01:33.904  9718  9718 I Finsky  : [2] tpg.a(14): Throttling wakeup for job 9001 (expected to run in 0 ms) due to recent wakeup
02-05 22:01:33.904  9718  9718 I Finsky  : [2] tpg.a(30): Scheduling job Id: 9001, L: 30000, D: 52204884, C: false, I: true, N: 0
02-05 22:01:33.905  9718  9718 I Finsky  : [2] tpg.a(30): Scheduling job Id: 9002, L: 12564457, D: 55764457, C: false, I: false, N: 1
02-05 22:01:33.907  9718  9718 I Finsky  : [2] tpg.a(30): Scheduling job Id: 9003, L: 29213, D: 59213, C: false, I: false, N: 0
02-05 22:01:33.923  9718  9726 I zygote  : Do full code cache collection, code=75KB, data=61KB
02-05 22:01:33.926  9718  9726 I zygote  : After code cache collection, code=45KB, data=29KB
02-05 22:01:33.937  9718  9888 I Finsky  : [246013] mzx.c(27): IQ: Creating job 1660, for (REQ_DEVICE_IDLE, REQ_GEARHEAD_PROJECTION_OFF, MIN_BATTERY=50, SHOULD_APPLY_BUDGET=true, NETWORK=UNMETERED, PROVISIONING_STATE=PROVISIONED)
02-05 22:01:33.955  9718  9718 I Finsky  : [2] tqw.a(7): SCH: Jobs in database: 1-1337 3-1660 24-77777777 26-1414141414 29-29 
02-05 22:01:33.955  9718  9888 I Finsky  : [246013] mzx.c(27): IQ: Creating job 1661, for (REQ_CHARGING, REQ_DEVICE_IDLE, REQ_GEARHEAD_PROJECTION_OFF, NETWORK=UNMETERED, PROVISIONING_STATE=PROVISIONED)
02-05 22:01:33.968  9718  9718 I Finsky  : [2] tmt.a(58): SCH: ConstraintMapping: 24-77777777,  -> L: 0ms, D: 52204810ms, C: false, I: true, N: 0
02-05 22:01:33.968  9718  9718 I Finsky  : [2] tmt.a(58): SCH: ConstraintMapping: 1-1337,  -> L: 12564384ms, D: 55764384ms, C: false, I: false, N: 1
02-05 22:01:33.969  9718  9718 I Finsky  : [2] tmt.a(58): SCH: ConstraintMapping: 3-1660,  -> L: 0ms, D: 86399983ms, C: false, I: true, N: 2
02-05 22:01:33.969  9718  9718 I Finsky  : [2] tmt.a(58): SCH: ConstraintMapping: 26-1414141414, 29-29,  -> L: 29140ms, D: 59140ms, C: false, I: false, N: 0
02-05 22:01:33.974  9718  9718 I Finsky  : [2] tpg.a(37): Cancelling existing jobscheduler jobs: 9002 9003 9001 
02-05 22:01:33.975  9718  9718 I Finsky  : [2] tpg.a(14): Throttling wakeup for job 9000 (expected to run in 0 ms) due to recent wakeup
02-05 22:01:33.975  9718  9718 I Finsky  : [2] tpg.a(30): Scheduling job Id: 9000, L: 30000, D: 52204810, C: false, I: true, N: 0
02-05 22:01:33.976  9718  9718 I Finsky  : [2] tpg.a(30): Scheduling job Id: 9004, L: 12564384, D: 55764384, C: false, I: false, N: 1
02-05 22:01:33.977  9718  9718 I Finsky  : [2] tpg.a(14): Throttling wakeup for job 9005 (expected to run in 0 ms) due to recent wakeup
02-05 22:01:33.977  9718  9718 I Finsky  : [2] tpg.a(30): Scheduling job Id: 9005, L: 30000, D: 86399983, C: false, I: true, N: 2
02-05 22:01:33.978  9718  9718 I Finsky  : [2] tpg.a(30): Scheduling job Id: 9006, L: 29140, D: 59140, C: false, I: false, N: 0
02-05 22:01:33.992  9718  9718 I Finsky  : [2] tqw.a(7): SCH: Jobs in database: 1-1337 3-1660 3-1661 24-77777777 26-1414141414 29-29 
02-05 22:01:34.009  9718  9718 I Finsky  : [2] tmt.a(58): SCH: ConstraintMapping: 24-77777777,  -> L: 0ms, D: 52204770ms, C: false, I: true, N: 0
02-05 22:01:34.009  9718  9718 I Finsky  : [2] tmt.a(58): SCH: ConstraintMapping: 1-1337,  -> L: 12564347ms, D: 55764347ms, C: false, I: false, N: 1
02-05 22:01:34.010  9718  9718 I Finsky  : [2] tmt.a(58): SCH: ConstraintMapping: 3-1660,  -> L: 0ms, D: 86399946ms, C: false, I: true, N: 2
02-05 22:01:34.010  9718  9718 I Finsky  : [2] tmt.a(58): SCH: ConstraintMapping: 3-1661,  -> L: 0ms, D: 86399958ms, C: true, I: true, N: 2
02-05 22:01:34.011  9718  9718 I Finsky  : [2] tmt.a(58): SCH: ConstraintMapping: 26-1414141414, 29-29,  -> L: 29100ms, D: 59100ms, C: false, I: false, N: 0
02-05 22:01:34.013  9631  9631 D GeckoNetworkManager: Incoming event enableNotifications for state OnNoListeners -> OnWithListeners
02-05 22:01:34.015  9631  9631 D GeckoNetworkManager: New network state: UP, WIFI, WIFI
02-05 22:01:34.016  9631  9631 D GeckoNetworkManager: Incoming event receivedUpdate for state OnWithListeners -> OnWithListeners
02-05 22:01:34.017  9631  9631 D GeckoNetworkManager: New network state: UP, WIFI, WIFI
02-05 22:01:34.019  9718  9718 I Finsky  : [2] tpg.a(37): Cancelling existing jobscheduler jobs: 9006 9000 9004 9005 
02-05 22:01:34.020  9718  9718 I Finsky  : [2] tpg.a(14): Throttling wakeup for job 9001 (expected to run in 0 ms) due to recent wakeup
02-05 22:01:34.020  9718  9718 I Finsky  : [2] tpg.a(30): Scheduling job Id: 9001, L: 30000, D: 52204770, C: false, I: true, N: 0
02-05 22:01:34.022  9631  9669 W GeckoLinker: /data/app/org.mozilla.fenix.nightly-u-XzcjKihf0G9w17ko0s_Q==/lib/arm/libsoftokn3.so: unhandled flags #8 not handled
02-05 22:01:34.022  9718  9718 I Finsky  : [2] tpg.a(30): Scheduling job Id: 9002, L: 12564347, D: 55764347, C: false, I: false, N: 1
02-05 22:01:34.022  9631  9669 W GeckoLinker: /data/app/org.mozilla.fenix.nightly-u-XzcjKihf0G9w17ko0s_Q==/lib/arm/libsoftokn3.so: Relocation to NULL @0x0002dffc for symbol "__cxa_type_match"
02-05 22:01:34.023  9718  9718 I Finsky  : [2] tpg.a(14): Throttling wakeup for job 9003 (expected to run in 0 ms) due to recent wakeup
02-05 22:01:34.023  9718  9718 I Finsky  : [2] tpg.a(30): Scheduling job Id: 9003, L: 30000, D: 86399946, C: false, I: true, N: 2
02-05 22:01:34.023  9631  9669 W GeckoLinker: /data/app/org.mozilla.fenix.nightly-u-XzcjKihf0G9w17ko0s_Q==/lib/arm/libfreebl3.so: unhandled flags #8 not handled
02-05 22:01:34.024  9631  9669 W GeckoLinker: /data/app/org.mozilla.fenix.nightly-u-XzcjKihf0G9w17ko0s_Q==/lib/arm/libfreebl3.so: Relocation to NULL @0x0004fffc for symbol "__cxa_type_match"
02-05 22:01:34.024  9718  9718 I Finsky  : [2] tpg.a(14): Throttling wakeup for job 9007 (expected to run in 0 ms) due to recent wakeup
02-05 22:01:34.024  9718  9718 I Finsky  : [2] tpg.a(30): Scheduling job Id: 9007, L: 30000, D: 86399958, C: true, I: true, N: 2
02-05 22:01:34.025  9718  9718 I Finsky  : [2] tpg.a(30): Scheduling job Id: 9008, L: 29100, D: 59100, C: false, I: false, N: 0
02-05 22:01:34.046  9718  9718 I Finsky  : [2] vbf.a(23): Connecting InstallListener to SplitInstallService broadcaster...
02-05 22:01:34.055  9631  9917 W GeckoLinker: /data/app/org.mozilla.fenix.nightly-u-XzcjKihf0G9w17ko0s_Q==/lib/arm/libnssckbi.so: unhandled flags #8 not handled
02-05 22:01:34.056  9631  9917 W GeckoLinker: /data/app/org.mozilla.fenix.nightly-u-XzcjKihf0G9w17ko0s_Q==/lib/arm/libnssckbi.so: Relocation to NULL @0x00055ffc for symbol "__cxa_type_match"
02-05 22:01:34.075  9631  9669 W GeckoEventDispatcher: No listener for GeckoView:AccessibilityEnabled
02-05 22:01:34.346  9631  9669 W ResourceType: Too many attribute references, stopped at: 0x01010099
02-05 22:01:34.668  9751  9792 D GeckoThread: State changed to MOZGLUE_READY
02-05 22:01:34.675  9751  9792 W Settings: Setting animator_duration_scale has moved from android.provider.Settings.System to android.provider.Settings.Global, returning read-only global URI.
02-05 22:01:34.677  9751  9792 E GeckoLibLoad: Load sqlite start
02-05 22:01:34.694  9751  9792 W GeckoLinker: /data/app/org.mozilla.fenix.nightly-u-XzcjKihf0G9w17ko0s_Q==/lib/arm/libnss3.so: unhandled flags #8 not handled
02-05 22:01:34.699  9751  9792 W GeckoLinker: /data/app/org.mozilla.fenix.nightly-u-XzcjKihf0G9w17ko0s_Q==/lib/arm/libnss3.so: Relocation to NULL @0x001c7ffc for symbol "__cxa_type_match"
02-05 22:01:34.699  9751  9792 E GeckoLibLoad: Load sqlite done
02-05 22:01:34.699  9751  9792 E GeckoLibLoad: Load nss start
02-05 22:01:34.700  9751  9792 E GeckoLibLoad: Load nss done
02-05 22:01:34.700  9751  9792 W GeckoLinker: /data/app/org.mozilla.fenix.nightly-u-XzcjKihf0G9w17ko0s_Q==/lib/arm/libxul.so: unhandled flags #8 not handled
02-05 22:01:34.700  9751  9792 W GeckoLinker: /data/app/org.mozilla.fenix.nightly-u-XzcjKihf0G9w17ko0s_Q==/lib/arm/liblgpllibs.so: unhandled flags #8 not handled
02-05 22:01:34.712  9631  9669 I GeckoSession: zerdatime 13486188479 - chrome startup finished
02-05 22:01:34.724  9631  9695 D glean/ConceptFetchHttpUploader: Ping successfully sent (200)
02-05 22:01:34.725  9631  9695 D glean/PingUploadWorker: a9ae1478-b7e1-4d28-9c8c-f3ebfcc180a6 was deleted: true
02-05 22:01:34.728  9631  9651 I WM-WorkerWrapper: Worker result SUCCESS for Work [ id=757636a3-f146-4524-8b50-c11de9bff2a6, tags={ mozilla.telemetry.glean.scheduler.PingUploadWorker, mozac_service_glean_ping_upload_worker } ]
02-05 22:01:34.732  9751  9792 E GeckoLibLoad: Loaded libs in 32.243232ms total, 23ms(23ms) user, 10ms(10ms) system, 0(0) faults
02-05 22:01:34.732  9751  9792 D GeckoThread: State changed to LIBS_READY
02-05 22:01:34.733  9751  9792 W GeckoThread: zerdatime 13486188500 - runGecko
02-05 22:01:34.748  1456  2067 D ConnectivityService: releasing NetworkRequest [ TRACK_DEFAULT id=25022, [ Capabilities: INTERNET&NOT_RESTRICTED&TRUSTED&NOT_VPN] ] (release request)
02-05 22:01:35.243  9751  9792 D GeckoThread: State changed to RUNNING
02-05 22:01:35.327  9751  9792 W ResourceType: Too many attribute references, stopped at: 0x01010099
02-05 22:01:35.335  9631  9631 D App     : Installed browser-icons extension
02-05 22:01:35.336  9631  9631 D mozac-webextensions: Installed extension: mozacWebchannel
02-05 22:01:35.338  9631  9631 D mozac-webextensions: Installed extension: mozacReaderview
02-05 22:01:35.416  9631  9631 D GeckoSession: handleMessage GeckoView:PageStart uri=about:blank
02-05 22:01:35.474  9631  9631 D GeckoSession: handleMessage GeckoView:LocationChange uri=about:blank
02-05 22:01:35.474  9631  9631 D GeckoSession: handleMessage GeckoView:PageStop uri=null
02-05 22:01:35.482  9631  9669 D GeckoScreenOrientation: unlocking
02-05 22:01:35.488  9631  9631 I SessionStorage/AutoSave: Save: Load finished
02-05 22:01:35.497  9631  9699 D SessionStorage/AutoSave: Saved state to disk [8ms]
02-05 22:01:35.498  9631  9699 I zygote  : Deoptimizing void kotlinx.coroutines.DispatchedTask.run() due to JIT inline cache
