04-30 18:23:49.852   794   839 E ANDR-PERF-RESOURCEQS: Failed to apply optimization [4, 0]
04-30 18:23:49.859 30281 30281 D AndroidRuntime: Shutting down VM
04-30 18:23:49.871  1456  3927 I ActivityManager: moveHomeStack, setupComplete:true
04-30 18:23:49.877 17373 17422 I Adreno  : QUALCOMM build                   : bb5b86c, I77d3059488
04-30 18:23:49.877 17373 17422 I Adreno  : Build Date                       : 06/07/18
04-30 18:23:49.877 17373 17422 I Adreno  : OpenGL ES Shader Compiler Version: EV031.22.00.01_06
04-30 18:23:49.877 17373 17422 I Adreno  : Local Branch                     : 
04-30 18:23:49.877 17373 17422 I Adreno  : Remote Branch                    : refs/tags/AU_LINUX_ANDROID_LA.UM.6.5.R1.08.01.00.312.086
04-30 18:23:49.877 17373 17422 I Adreno  : Remote Branch                    : NONE
04-30 18:23:49.877 17373 17422 I Adreno  : Reconstruct Branch               : NOTHING
04-30 18:23:49.882 17373 17422 D vndksupport: Loading /vendor/lib/hw/gralloc.msm8937.so from current namespace instead of sphal namespace.
04-30 18:23:49.886 17373 17422 I Adreno  : PFP: 0x005ff087, ME: 0x005ff063
04-30 18:23:49.891 17373 17422 I zygote  : android::hardware::configstore::V1_0::ISurfaceFlingerConfigs::hasWideColorDisplay retrieved: 0
04-30 18:23:49.893 17373 17422 I OpenGLRenderer: Initialized EGL, version 1.4
04-30 18:23:49.893  2748  2748 D Launcher.Utilities: Wakeup weather: Intent { act=com.motorola.launcher3.action.WAKEUP_WEATHER cmp=com.motorola.timeweatherwidget/com.motorola.commandcenter.weather.WakeUpService }
04-30 18:23:49.893 17373 17422 D OpenGLRenderer: Swap behavior 2
04-30 18:23:49.912  1456  1456 I NotificationService: Cannot find enqueued record for key: 0|com.motorola.timeweatherwidget|1|null|10116
04-30 18:23:49.912   808   808 D SurfaceFlinger: duplicate layer name: changing com.android.launcher3/com.android.launcher3.CustomizationPanelLauncher to com.android.launcher3/com.android.launcher3.CustomizationPanelLauncher#1
04-30 18:23:49.922 17373 17399 W ThreadPoolDumper: Queue length for executor EventBus is now 11. Perhaps some tasks are too long, or the pool is too small.
04-30 18:23:49.922  1456 10962 I WifiService: getWifiEnabledState uid=10073
04-30 18:23:49.930  1456 10962 I WifiService: getWifiEnabledState uid=10073
04-30 18:23:49.938 17373 17428 I DEBUG   : OpaToSrpTransitionState#onStateChanged#notNullQuery
04-30 18:23:49.939 17373 17428 I DEBUG   : OpaToSrpTransitionState#onStateChanged#notNullQuery
04-30 18:23:49.958 17373 17428 I MicroDetectionState: Should stop hotword detection immediately - false
04-30 18:23:49.963 17373 17428 I MicroDetectionWorker: #startMicroDetector [speakerMode: 0]
04-30 18:23:49.965 17373 17428 I AudioController: Created new AudioSource
04-30 18:23:49.967 17373 17395 I MicroDataManager: isInitializedWithLatestParams-true
04-30 18:23:49.967 17373 17395 I MicroDataManager: isInitializing-false locale not changed-true model not changed-true
04-30 18:23:49.968 17373 17395 I MicroDataManager: Already initialized, obtaining the hotword data immediately.
04-30 18:23:49.973 17373 28777 I MicroRecognitionRunner: Starting detection.
04-30 18:23:49.974 17373 28777 I InputStreamUtils: Using micInputStream
04-30 18:23:49.974 17373  8223 I MicrophoneInputStream: mic_starting  SR : 16000 CC : 16 SO : 1999
04-30 18:23:49.980   788   788 V msm8974_platform: platform_check_input_mask: enter check_input_mask source 6 mask 10
04-30 18:23:49.982  1012 30296 I AudioFlinger: AudioFlinger's thread 0xb2483a00 tid=30296 ready to run
04-30 18:23:49.987   788   788 D audio_hw_primary: in_set_parameters: enter: kvpairs=input_source=6;routing=-2147483644
04-30 18:23:49.988  1012 13178 D APM_AudioPolicyManager: AudioPolicyManager::startInput() input 326902, session 327017, source = 1999
04-30 18:23:49.988 17373  8223 I MicrophoneInputStream: mic_started  SR : 16000 CC : 16 SO : 1999
04-30 18:23:49.989   788 30297 V msm8974_platform: platform_update_usecase_from_source: input source :6
04-30 18:23:49.989   788 30297 V msm8974_platform: platform_check_input_mask: enter check_input_mask source 6 mask 10
04-30 18:23:49.989   788 30297 V msm8974_platform: platform_get_input_snd_device: enter: out_device(0) in_device(0x4) channel_count (1) channel_mask (0x10)
04-30 18:23:49.989   788 30297 V msm8974_platform: platform_get_input_snd_device: exit: in_snd_device(voice-rec-mic)
04-30 18:23:49.989   788 30297 V msm8974_platform: platform_get_backend_index:napb: backend port - 5 device - 120 
04-30 18:23:49.989   788 30297 V msm8974_platform: platform_check_and_set_capture_backend_cfg:txbecf: afe: bitwidth 0, samplerate 0, channel 1, backend_idx 5 usecase = 9 device (voice-rec-mic)
04-30 18:23:49.989   788 30297 V msm8974_platform: platform_check_capture_backend_cfg:txbecf: afe: Codec selected backend: 5 current bit width: 0 and sample rate: 0, channels 1
04-30 18:23:49.989   788 30297 V msm8974_platform: platform_check_capture_backend_cfg:txbecf: afe: Codec selected backend: 5 updated bit width: 0 and sample rate: 0
04-30 18:23:49.989   788 30297 I msm8974_platform: platform_check_capture_backend_cfg:txbecf: afe: Codec backend needs to be updated. new bit width: 0 new sample rate: 0 new channel: 1
04-30 18:23:49.989   788 30297 V msm8974_platform: platform_get_backend_index:napb: backend port - 5 device - 120 
04-30 18:23:49.989   788 30297 V msm8974_platform: platform_set_backend_cfg:becf: afe: bitwidth 0, samplerate 0 channels 1, backend_idx 5 device (voice-rec-mic)
04-30 18:23:49.990   788 30297 E msm8974_platform: platform_set_backend_cfg:becf: afe: Could not get ctl for mixer command - SLIM_0_TX Format
04-30 18:23:49.990   788 30297 V msm8974_platform: platform_send_audio_calibration: sending audio calibration for snd_device(120) acdb_id(62)
04-30 18:23:49.990   788 30297 D ACDB-LOADER: ACDB -> send_audio_cal, acdb_id = 62, path = 1, app id = 0x11130, sample rate = 48000
04-30 18:23:49.990   788 30297 D ACDB-LOADER: ACDB -> send_asm_topology
04-30 18:23:49.990   788 30297 D ACDB-LOADER: ACDB -> ACDB_CMD_GET_AUDPROC_STREAM_TOPOLOGY_ID
04-30 18:23:49.990   788 30297 D ACDB-LOADER: ACDB -> send_adm_topology
04-30 18:23:49.990   788 30297 D ACDB-LOADER: ACDB -> ACDB_CMD_GET_AUDPROC_COMMON_TOPOLOGY_ID
04-30 18:23:49.990   788 30297 D ACDB-LOADER: ACDB -> send_audtable
04-30 18:23:49.990   788 30297 D ACDB-LOADER: ACDB -> ACDB_CMD_GET_AUDPROC_COMMON_TABLE_SIZE
04-30 18:23:49.990   788 30297 D ACDB-LOADER: ACDB -> ACDB_CMD_GET_AUDPROC_COMMON_TABLE
04-30 18:23:49.990   788 30297 D ACDB-LOADER: ACDB -> AUDIO_SET_AUDPROC_CAL
04-30 18:23:49.990   788 30297 D ACDB-LOADER: ACDB -> send_audvoltable
04-30 18:23:49.990   788 30297 D ACDB-LOADER: ACDB -> ACDB_CMD_GET_AUDPROC_VOL_STEP_TABLE_SIZE
04-30 18:23:49.990   788 30297 D ACDB-LOADER: ACDB -> ACDB_CMD_GET_AUDPROC_GAIN_DEP_STEP_TABLE, vol index 0
04-30 18:23:49.990   788 30297 D         : Failed to fetch the lookup information of the device 0000003E 
04-30 18:23:49.990   788 30297 D ACDB-LOADER: ACDB -> AUDIO_SET_VOL_CAL cal type = 12
04-30 18:23:49.990   788 30297 D ACDB-LOADER: ACDB -> ACDB_CMD_GET_AUDPROC_STREAM_TABLE_SIZE
04-30 18:23:49.990   788 30297 D ACDB-LOADER: ACDB -> send_audstrmtable
04-30 18:23:49.990   788 30297 D ACDB-LOADER: ACDB -> ACDB_CMD_GET_AUDPROC_STREAM_TABLE_V2
04-30 18:23:49.990   788 30297 D ACDB-LOADER: ACDB -> audstrm_cal->cal_type.cal_data.cal_size = 456
04-30 18:23:49.990   788 30297 D ACDB-LOADER: ACDB -> send_afe_topology
04-30 18:23:49.990   788 30297 D ACDB-LOADER: ACDB -> ACDB_CMD_GET_AFE_TOPOLOGY_ID
04-30 18:23:49.990   788 30297 D ACDB-LOADER: ACDB -> GET_AFE_TOPOLOGY_ID for adcd_id 62, Topology Id 112fb
04-30 18:23:49.990   788 30297 D ACDB-LOADER: ACDB -> send_afe_cal
04-30 18:23:49.990   788 30297 D ACDB-LOADER: ACDB -> ACDB_CMD_GET_AFE_COMMON_TABLE_SIZE
04-30 18:23:49.990   788 30297 D         : Failed to fetch the lookup information of the device 0000003E 
04-30 18:23:49.990   788 30297 E ACDB-LOADER: Error: ACDB_CMD_GET_AFE_COMMON_TABLE_SIZE Returned = -19
04-30 18:23:49.990   788 30297 D ACDB-LOADER: ACDB -> ACDB_CMD_GET_AFE_COMMON_TABLE
04-30 18:23:49.990   788 30297 D         : Failed to fetch the lookup information of the device 0000003E 
04-30 18:23:49.990   788 30297 D ACDB-LOADER: ACDB -> AUDIO_SET_AFE_CAL
04-30 18:23:49.991   788 30297 D ACDB-LOADER: ACDB -> send_hw_delay : acdb_id = 62 path = 1
04-30 18:23:49.991   788 30297 D ACDB-LOADER: ACDB -> ACDB_AVSYNC_INFO: ACDB_CMD_GET_DEVICE_PROPERTY
04-30 18:23:49.991   788 30297 D audio_hw_primary: enable_snd_device: snd_device(120: voice-rec-mic)
04-30 18:23:49.991   788 30297 D audio_route: Apply path: voice-rec-mic
04-30 18:23:49.994   788 30297 V msm8974_platform: platform_get_snd_device_backend_index: enter with device 120
04-30 18:23:49.994   788 30297 E msm8974_platform: platform_get_snd_device_backend_index: BE DAI Name Table is not present
04-30 18:23:49.994   788 30297 V msm8974_platform: platform_get_backend_index:napb: backend port - 5 device - 120 
04-30 18:23:49.994   788 30297 I audio_hw_utils: Set Audio Stream Capture 0 App Type Cfg: app_type 69936, acdb_dev_id 62, sample_rate 48000, snd_device_be_idx -14
04-30 18:23:49.994   788 30297 D audio_hw_primary: enable_audio_route: usecase(9) apply and update mixer path: audio-record
04-30 18:23:49.994   788 30297 D audio_route: Apply path: audio-record
04-30 18:23:50.015 30008 30008 D GeckoSession: handleMessage GeckoView:StateUpdated uri=null
04-30 18:23:50.020  1456  1673 I LaunchCheckinHandler: Displayed com.android.launcher3/.CustomizationPanelLauncher,wp,wa,168
04-30 18:23:50.022 30008 30078 D ServiceAllocator: org.mozilla.gecko.process.GeckoChildProcessServices$tab0 updateBindings: IDLE priority, 6 importance, 0 successful binds, 0 failed binds, 2 successful unbinds, 0 failed unbinds
04-30 18:23:50.065 17373 17428 I MicroDetectionWorker: onReady
04-30 18:23:50.173 30008 30008 I glean/Glean: Registering pings for org.mozilla.fenix.GleanMetrics.Pings
04-30 18:23:50.177  2146  2165 I zygote  : NativeAlloc concurrent copying GC freed 16479(927KB) AllocSpace objects, 0(0B) LOS objects, 49% free, 10MB/20MB, paused 120us total 141.525ms
04-30 18:23:50.208 30008 30033 I zygote  : Deoptimizing kotlinx.coroutines.internal.LockFreeLinkedListNode kotlinx.coroutines.internal.LockFreeLinkedListNode.correctPrev(kotlinx.coroutines.internal.OpDescriptor) due to JIT same target
04-30 18:23:50.229 30008 30062 I FenixApplication: Running post-visual completeness tasks...
04-30 18:23:50.230 30008 30008 I FenixApplication: Kicking-off account manager...
04-30 18:23:50.230 30008 30008 I FenixApplication: 'Kicking-off account manager' took 0 ms
04-30 18:23:50.231 30008 30062 I FenixApplication: Storage initialization...
04-30 18:23:50.231 30008 30062 I PlacesHistoryStorage: Warming up places storage...
04-30 18:23:50.231 30008 30062 I PlacesHistoryStorage: 'Warming up places storage' took 0 ms
04-30 18:23:50.231 30008 30062 I PlacesBookmarksStorage: Warming up places storage...
04-30 18:23:50.231 30008 30062 I PlacesBookmarksStorage: 'Warming up places storage' took 0 ms
04-30 18:23:50.269 30008 30062 I SyncableLoginsStorage: Warming up storage...
04-30 18:23:50.273 30008 30033 I libglean_ffi: glean_core::ping: Collecting startup-timeline
04-30 18:23:50.274 30008 30008 D SessionManager: onTrimMemory(80): clearThumbnails=true, closeEngineSessions=true
04-30 18:23:50.276 30008 30033 D libglean_ffi: glean_core::ping: Storing ping '6dd3267a-523a-496f-b47c-4c1802a7a6af' at '/data/user/0/org.mozilla.fennec_aurora/glean_data/pending_pings/6dd3267a-523a-496f-b47c-4c1802a7a6af'
04-30 18:23:50.276 30008 30033 I libglean_ffi: glean_core: The ping 'startup-timeline' was submitted and will be sent as soon as possible
04-30 18:23:50.278 30008 30062 D RustNativeSupport: findMegazordLibraryName(logins, 0.58.1
04-30 18:23:50.278 30008 30062 D RustNativeSupport: lib in use: none
04-30 18:23:50.278 30008 30062 D RustNativeSupport: lib configured: megazord
04-30 18:23:50.278 30008 30062 D RustNativeSupport: lib version configured: 0.58.1
04-30 18:23:50.278 30008 30062 D RustNativeSupport: settled on megazord
04-30 18:23:50.282 30008 30062 D logins_ffi: sync15_passwords_state_new
04-30 18:23:50.283 30008 30008 D SessionManager: Cleared 1 thumbnail(s) and unlinked 1 engine sessions(s)
04-30 18:23:50.287 30008 30062 D logins::schema: Creating schema
04-30 18:23:50.303  1456 10962 D ConnectivityService: requestNetwork for uid/pid:11295/30008 NetworkRequest [ TRACK_DEFAULT id=39928, [ Capabilities: INTERNET&NOT_RESTRICTED&TRUSTED&NOT_VPN] ]
04-30 18:23:50.304  1456  2099 D Ethernet: got request NetworkRequest [ TRACK_DEFAULT id=39928, [ Capabilities: INTERNET&NOT_RESTRICTED&TRUSTED&NOT_VPN] ] with score 60
04-30 18:23:50.304  1456  2054 D WIFI_UT : got request NetworkRequest [ TRACK_DEFAULT id=39928, [ Capabilities: INTERNET&NOT_RESTRICTED&TRUSTED&NOT_VPN] ] with score 60
04-30 18:23:50.305  1456  2054 D WIFI    : got request NetworkRequest [ TRACK_DEFAULT id=39928, [ Capabilities: INTERNET&NOT_RESTRICTED&TRUSTED&NOT_VPN] ] with score 60
04-30 18:23:50.305  2398  2398 D PhoneSwitcherNetworkRequstListener: got request NetworkRequest [ TRACK_DEFAULT id=39928, [ Capabilities: INTERNET&NOT_RESTRICTED&TRUSTED&NOT_VPN] ] with score 60
04-30 18:23:50.314 30008 30303 D glean/PingUploadWorker: Processing persisted pings at /data/user/0/org.mozilla.fennec_aurora/glean_data/pending_pings
04-30 18:23:50.314 30008 30303 D glean/PingUploadWorker: Processing ping: 6dd3267a-523a-496f-b47c-4c1802a7a6af
04-30 18:23:50.316 30008 30303 D glean/ConceptFetchHttpUploader: Submitting ping to: https://incoming.telemetry.mozilla.org/submit/org-mozilla-fennec-aurora/startup-timeline/1/6dd3267a-523a-496f-b47c-4c1802a7a6af
04-30 18:23:50.351 30008 30071 I App     : ActivationPing - generating ping with the hashed id
04-30 18:23:50.352 30008 30071 I App     : ActivationPing - generating ping (has `identifier`: true)
04-30 18:23:50.354 30008 30033 I libglean_ffi: glean_core::ping: Collecting activation
04-30 18:23:50.357 30008 30033 D libglean_ffi: glean_core::ping: Storing ping '04368dbd-5124-4c76-aedc-392adb1c6914' at '/data/user/0/org.mozilla.fennec_aurora/glean_data/pending_pings/04368dbd-5124-4c76-aedc-392adb1c6914'
04-30 18:23:50.357 30008 30033 I libglean_ffi: glean_core: The ping 'activation' was submitted and will be sent as soon as possible
04-30 18:23:50.413  1456  7796 I OpenGLRenderer: Initialized EGL, version 1.4
04-30 18:23:50.414  1456  7796 D OpenGLRenderer: Swap behavior 2
04-30 18:23:50.458 30008 30303 D glean/ConceptFetchHttpUploader: Ping successfully sent (200)
04-30 18:23:50.458 30008 30303 D glean/PingUploadWorker: 6dd3267a-523a-496f-b47c-4c1802a7a6af was deleted: true
04-30 18:23:50.459 30008 30303 D glean/PingUploadWorker: Processing ping: f898a332-ffb4-4de9-9584-a0394c66841b
04-30 18:23:50.460 30008 30303 D glean/ConceptFetchHttpUploader: Submitting ping to: https://incoming.telemetry.mozilla.org/submit/org-mozilla-fennec-aurora/baseline/1/f898a332-ffb4-4de9-9584-a0394c66841b
04-30 18:23:50.466  2748  2917 W OpenGLRenderer: Incorrectly called buildLayer on View: ShortcutAndWidgetContainer, destroying layer...
04-30 18:23:50.557 30008 30008 D GeckoRuntime: Lifecycle: onPause
04-30 18:23:50.557 30008 30008 D GeckoNetworkManager: Incoming event stop for state OnWithListeners -> OffWithListeners
04-30 18:23:50.558 30008 30008 I SessionStorage/AutoSave: Save: Background
04-30 18:23:50.562 30008 30071 D SessionStorage/AutoSave: Saved state to disk [3ms]
04-30 18:23:50.564 30008 30033 I libglean_ffi: glean_core::ping: Collecting baseline
04-30 18:23:50.570 30008 30033 D libglean_ffi: glean_core::ping: Storing ping '76a3d94a-c09a-4512-bdb5-a67f5c0d0652' at '/data/user/0/org.mozilla.fennec_aurora/glean_data/pending_pings/76a3d94a-c09a-4512-bdb5-a67f5c0d0652'
04-30 18:23:50.570 30008 30033 I libglean_ffi: glean_core: The ping 'baseline' was submitted and will be sent as soon as possible
04-30 18:23:50.571 30008 30033 I libglean_ffi: glean_core::ping: Collecting events
04-30 18:23:50.577 30008 30033 D libglean_ffi: glean_core::ping: Storing ping '31f6ef25-eef9-4c28-804a-3fd7e680479f' at '/data/user/0/org.mozilla.fennec_aurora/glean_data/pending_pings/31f6ef25-eef9-4c28-804a-3fd7e680479f'
04-30 18:23:50.578 30008 30033 I libglean_ffi: glean_core: The ping 'events' was submitted and will be sent as soon as possible
04-30 18:23:50.594   808   898 I SFPerfTracer:      triggers: (rate: 0:1) (0 sw vsyncs) (0 skipped) (37:6814571 vsyncs) (39:13907150)
04-30 18:23:50.617 30008 30303 D glean/ConceptFetchHttpUploader: Ping successfully sent (200)
04-30 18:23:50.618 30008 30303 D glean/PingUploadWorker: f898a332-ffb4-4de9-9584-a0394c66841b was deleted: true
04-30 18:23:50.620 30008 30043 I WM-WorkerWrapper: Worker result SUCCESS for Work [ id=f456c283-b779-4991-b18b-813c418dc8d3, tags={ mozilla.telemetry.glean.scheduler.PingUploadWorker, mozac_service_glean_ping_upload_worker } ]
04-30 18:23:50.623  1456  2067 D ConnectivityService: releasing NetworkRequest [ TRACK_DEFAULT id=39928, [ Capabilities: INTERNET&NOT_RESTRICTED&TRUSTED&NOT_VPN] ] (release request)
04-30 18:23:50.913 30008 30062 I SyncableLoginsStorage: 'Warming up storage' took 643 ms
04-30 18:23:50.913 30008 30062 I FenixApplication: 'Storage initialization' took 682 ms
04-30 18:23:50.961 30008 30008 D SessionManager: onTrimMemory(80): clearThumbnails=true, closeEngineSessions=true
04-30 18:23:50.964 30008 30008 D SessionManager: Cleared 1 thumbnail(s) and unlinked 1 engine sessions(s)
04-30 18:23:55.021  1456  3927 I ActivityManager: Force stopping org.mozilla.fennec_aurora appid=11295 user=0: from pid 30318
04-30 18:23:55.021  1456  3927 I ActivityManager: Killing 30008:org.mozilla.fennec_aurora/u0a1295 (adj 700): stop org.mozilla.fennec_aurora
04-30 18:23:55.025  1456  1605 W zygote  : kill(-30008, 9) failed: No such process
04-30 18:23:55.026 30091 30091 I ServiceChildProcess: Service has been unbound. Stopping.
04-30 18:23:55.026  1456  3927 W ActivityManager: Force removing ActivityRecord{572bd92 u0 org.mozilla.fennec_aurora/org.mozilla.fenix.HomeActivity t67132}: app died, no saved state
04-30 18:23:55.037  1456  3927 I ActivityManager: Killing 30091:org.mozilla.fennec_aurora:tab0/u0a1295 (adj 0): stop org.mozilla.fennec_aurora
04-30 18:23:55.041  1456  1605 W zygote  : kill(-30008, 9) failed: No such process
04-30 18:23:55.049  2398  2398 D CarrierSvcBindHelper: No carrier app for: 0
04-30 18:23:55.050  2398  2398 D CarrierSvcBindHelper: No carrier app for: 1
04-30 18:23:55.056  1456  1605 W zygote  : kill(-30008, 9) failed: No such process
04-30 18:23:55.102  1456  1673 W ActivityManager: setHasOverlayUi called on unknown pid: 30008
04-30 18:23:55.134  1456  1605 I chatty  : uid=1000(system) ActivityManager identical 5 lines
04-30 18:23:55.148  1456  1605 W zygote  : kill(-30008, 9) failed: No such process
04-30 18:23:55.148  1456  1605 I zygote  : Successfully killed process cgroup uid 11295 pid 30008 in 123ms
04-30 18:23:55.148  1456  1605 W zygote  : kill(-30091, 9) failed: No such process
04-30 18:23:55.149  1456  1605 I zygote  : Successfully killed process cgroup uid 11295 pid 30091 in 0ms
04-30 18:23:55.150  1456 10736 I ActivityManager: START u0 {act=android.intent.action.VIEW dat=https://example.com/... typ=text/html flg=0x10000000 cmp=org.mozilla.fennec_aurora/org.mozilla.fenix.IntentReceiverActivity} from uid 2000
04-30 18:23:55.151   794   839 E ANDR-PERF-RESOURCEQS: Failed to apply optimization [4, 0]
04-30 18:23:55.169  1456  4679 I ActivityManager: Start proc 30326:org.mozilla.fennec_aurora/u0a1295 for activity org.mozilla.fennec_aurora/org.mozilla.fenix.IntentReceiverActivity
04-30 18:23:55.257 17373 17428 I MicroDetectionState: Should stop hotword detection immediately - false
04-30 18:23:55.258 17373 17428 I MicroDetector: Keeping mic open: false
04-30 18:23:55.258 17373 17475 E DeviceStateChecker: DeviceStateChecker cancelled
04-30 18:23:55.258 17373 17428 I RecognitionAudioControl: #shutdownAudio [requestId: 3392131717141692267, keepAudioOpen: false, forced: true]
04-30 18:23:55.258 17373 17428 I RecognitionAudioControl: #internalShutdownAudio [requestId: 3392131717141692267]
04-30 18:23:55.258 17373 17428 I RecognitionAudioControl: #internalShutdownAudio [keepAudioOpen: false, forced: true]
04-30 18:23:55.258 17373 17428 I RecognitionAudioControl: #actualShutdownAudio
04-30 18:23:55.258 17373 17428 I AudioController: #shutdown [requestId=3392131717141692267]
04-30 18:23:55.258 17373 17429 I AudioController: internalShutdown
04-30 18:23:55.259 17373 17396 I MicroRecognitionRunner: Stopping hotword detection.
04-30 18:23:55.306   788   788 D audio_hw_primary: disable_audio_route: usecase(9) reset and update mixer path: audio-record
04-30 18:23:55.307   788   788 D audio_hw_primary: disable_snd_device: snd_device(120: voice-rec-mic)
04-30 18:23:55.309  1012 13178 D APM_AudioPolicyManager: stopInput() input 326902, session 327017
04-30 18:23:55.310   788  1479 D audio_hw_primary: in_set_parameters: enter: kvpairs=routing=0
04-30 18:23:55.311 17373 17429 I MicrophoneInputStream: mic_close  SR : 16000 CC : 16 SO : 1999
04-30 18:23:55.311 17373 17429 E AudioSource: Stop listening is called on already closed AudioSource
04-30 18:23:55.313 17373 28777 I MicroRecognitionRunner: Detection finished
04-30 18:23:55.319 30326 30326 D FirebaseApp: com.google.firebase.auth.FirebaseAuth is not linked. Skipping initialization.
04-30 18:23:55.319 30326 30326 D FirebaseApp: com.google.firebase.crash.FirebaseCrash is not linked. Skipping initialization.
04-30 18:23:55.320 30326 30326 I FirebaseInitProvider: FirebaseApp initialization successful
04-30 18:23:55.383 30326 30326 D FennecProfile: profiles.ini: true
04-30 18:23:55.385 30326 30344 I FA      : Collection disabled with firebase_analytics_collection_enabled=0
04-30 18:23:55.386 30326 30344 I FA      : App measurement is starting up, version: 12780
04-30 18:23:55.386 30326 30344 I FA      : To enable debug logging run: adb shell setprop log.tag.FA VERBOSE
04-30 18:23:55.386 30326 30344 I FA      : To enable faster debug mode event logging run:
04-30 18:23:55.386 30326 30344 I FA      :   adb shell setprop debug.firebase.analytics.app org.mozilla.fennec_aurora
04-30 18:23:55.386 30326 30326 D FennecProfile: Ignoring line in [general] section: StartWithLastProfile=1
04-30 18:23:55.387 30326 30326 D FennecProfile: Found 1 profiles
04-30 18:23:55.387 30326 30326 D FennecProfile: Found default profile: FennecProfile(name=default, path=/data/user/0/org.mozilla.fennec_aurora/files/mozilla/y0jm36ww.default, default=true)
04-30 18:23:55.392 30326 30326 D FennecMigrator: No migrations to run. Fennec install - false.
04-30 18:23:55.402 30326 30326 D FenixApplication: Initializing Glean (uploadEnabled=true, isFennec=true)
04-30 18:23:55.412 30326 30354 D RustNativeSupport: findMegazordLibraryName(viaduct, 0.58.1
04-30 18:23:55.412 30326 30354 D RustNativeSupport: lib in use: none
04-30 18:23:55.412 30326 30354 D RustNativeSupport: lib configured: megazord
04-30 18:23:55.412 30326 30354 D RustNativeSupport: lib version configured: 0.58.1
04-30 18:23:55.412 30326 30354 D RustNativeSupport: settled on megazord
04-30 18:23:55.428 30326 30353 D libglean_ffi: glean_ffi: Android logging should be hooked up!
04-30 18:23:55.431 30326 30353 I glean/Glean: Registering pings for mozilla.telemetry.glean.GleanMetrics.Pings
04-30 18:23:55.432 30326 30326 D GeckoThread: State changed to LAUNCHED
04-30 18:23:55.433 30326 30357 I GeckoThread: preparing to run Gecko
04-30 18:23:55.435 30326 30353 I libglean_ffi: glean_core: Creating new Glean
04-30 18:23:55.435 30326 30353 D libglean_ffi: glean_core::database: Database path: "/data/user/0/org.mozilla.fennec_aurora/glean_data/db"
04-30 18:23:55.435 30326 30354 D RustNativeSupport: findMegazordLibraryName(rustlog, 0.58.1
04-30 18:23:55.435 30326 30354 D RustNativeSupport: lib in use: none
04-30 18:23:55.435 30326 30354 D RustNativeSupport: lib configured: megazord
04-30 18:23:55.435 30326 30354 D RustNativeSupport: lib version configured: 0.58.1
04-30 18:23:55.435 30326 30354 D RustNativeSupport: settled on megazord
04-30 18:23:55.436 30326 30353 I libglean_ffi: glean_core::database: Database initialized
04-30 18:23:55.439 30326 30353 I libglean_ffi: glean_ffi: Glean initialized
04-30 18:23:55.440 30326 30326 D GeckoRuntime: Lifecycle: onCreate
04-30 18:23:55.441 30326 30357 D GeckoThread: State changed to MOZGLUE_READY
04-30 18:23:55.443 30326 30354 I rc_log_ffi::ios: rc_log adapter initialized!
04-30 18:23:55.454 30326 30326 I zygote  : Deoptimizing java.lang.Object androidx.collection.SimpleArrayMap.put(java.lang.Object, java.lang.Object) due to JIT inline cache
04-30 18:23:55.455 30326 30357 W Settings: Setting animator_duration_scale has moved from android.provider.Settings.System to android.provider.Settings.Global, returning read-only global URI.
04-30 18:23:55.459 30326 30357 E GeckoLibLoad: Load sqlite start
04-30 18:23:55.461 30326 30357 E GeckoLibLoad: Load sqlite done
04-30 18:23:55.462 30326 30357 E GeckoLibLoad: Load nss start
04-30 18:23:55.462 30326 30357 E GeckoLibLoad: Load nss done
04-30 18:23:55.463 30326 30353 D glean/MetricsPingSched: The 'metrics' ping was last sent on Thu Apr 30 00:00:00 EDT 2020
04-30 18:23:55.464 30326 30353 I glean/MetricsPingSched: The 'metrics' ping was already sent today, Thu Apr 30 18:23:55 EDT 2020.
04-30 18:23:55.465 30326 30353 D glean/MetricsPingSched: Scheduling the 'metrics' ping in 34564557ms
04-30 18:23:55.473 30326 30326 D GleanMetricsService: Enabling Glean.
04-30 18:23:55.484 30326 30357 E GeckoLibLoad: Loaded libs in 21.405575ms total, 3ms(50ms) user, 13ms(20ms) system, 0(0) faults
04-30 18:23:55.484 30326 30357 D GeckoThread: State changed to LIBS_READY
04-30 18:23:55.485 30326 30326 I glean/Dispatchers: Task queued for execution and delayed until flushed
04-30 18:23:55.485 30326 30353 D libglean_ffi: glean_core: Clearing Lifetime::Application metrics
04-30 18:23:55.487 30326 30357 W GeckoThread: zerdatime 20813541560 - runGecko
04-30 18:23:55.488 30326 30357 D GeckoProfile: Loading profile at: null name: default
04-30 18:23:55.489 30326 30326 I AdjustMetricsService: No adjust token defined
04-30 18:23:55.489 30326 30357 D GeckoProfile: Found profile dir: /data/user/0/org.mozilla.fennec_aurora/files/mozilla/y0jm36ww.default
04-30 18:23:55.491 30326 30326 D PushConfig: Creating push configuration for autopush.
04-30 18:23:55.497 30326 30326 I App     : AutoPushFeature is configured, initializing it...
04-30 18:23:55.498 30326 30365 D AutoPushFeature: Initializing native component with the cached token.
04-30 18:23:55.499 30326 30326 I AutoPushFeature: Checking validity of push subscriptions.
04-30 18:23:55.502 30326 30365 D RustNativeSupport: findMegazordLibraryName(push, 0.58.1
04-30 18:23:55.502 30326 30365 D RustNativeSupport: lib in use: none
04-30 18:23:55.502 30326 30365 D RustNativeSupport: lib configured: megazord
04-30 18:23:55.502 30326 30365 D RustNativeSupport: lib version configured: 0.58.1
04-30 18:23:55.502 30326 30365 D RustNativeSupport: settled on megazord
04-30 18:23:55.513 30326 30326 D FennecProfile: profiles.ini: true
04-30 18:23:55.518 30326 30326 D FennecProfile: Ignoring line in [general] section: StartWithLastProfile=1
04-30 18:23:55.518 30326 30326 D FennecProfile: Found 1 profiles
04-30 18:23:55.519 30326 30353 I libglean_ffi: glean_core: Upload enabled: true
04-30 18:23:55.519 30326 30326 D FennecProfile: Found default profile: FennecProfile(name=default, path=/data/user/0/org.mozilla.fennec_aurora/files/mozilla/y0jm36ww.default, default=true)
04-30 18:23:55.524 30326 30356 W [WARNING][Leanplum]: [com.leanplum.internal.ActionManager::getLocationManager::8]: Geofencing support requires leanplum-location module and Google Play Services v8.1 and higher.
04-30 18:23:55.524 30326 30356 W [WARNING][Leanplum]: Add this to your build.gradle file:
04-30 18:23:55.524 30326 30356 W [WARNING][Leanplum]: implementation 'com.google.android.gms:play-services-location:8.3.0+'
04-30 18:23:55.524 30326 30356 W [WARNING][Leanplum]: implementation 'com.leanplum:leanplum-location:+'
04-30 18:23:55.536 30326 30356 I [INFO][Leanplum]: [com.leanplum.monitoring.ExceptionHandler::setContext::6]: LeanplumExceptionHandler could not initialize Exception Reporting.This is expected if you have not included the leanplum-monitoring module
04-30 18:23:55.536 30326 30326 D FennecMigrator: This is not a Fennec installation. No migration needed.
04-30 18:23:55.537 30326 30326 D SessionManager: onTrimMemory(15): clearThumbnails=true, closeEngineSessions=true
04-30 18:23:55.537 30326 30326 D SessionManager: Cleared 0 thumbnail(s) and unlinked 0 engine sessions(s)
04-30 18:23:55.559 30326 30375 I [INFO][Leanplum]: [com.leanplum.LeanplumFcmProvider::isManifestSetup::11]: Firebase Messaging is setup correctly.
04-30 18:23:55.567 30326 30357 I Gecko:DumpUtils: Fifo watcher disabled via pref.
04-30 18:23:55.586 30326 30326 D GeckoRuntime: Lifecycle: onStart
04-30 18:23:55.600 30326 30326 D GeckoRuntime: Lifecycle: onResume
04-30 18:23:55.603 30326 30326 D GeckoNetworkManager: Incoming event start for state OffNoListeners -> OnNoListeners
04-30 18:23:55.606 30326 30326 D GeckoNetworkManager: New network state: UP, WIFI, WIFI
04-30 18:23:55.619 30326 30357 D GeckoSysInfo: System memory: 1867MB.
04-30 18:23:55.622 30326 30357 D GeckoThread: State changed to JNI_READY
04-30 18:23:55.626 30326 30331 I zygote  : Do partial code cache collection, code=24KB, data=28KB
04-30 18:23:55.627 30326 30331 I zygote  : After code cache collection, code=22KB, data=28KB
04-30 18:23:55.627 30326 30331 I zygote  : Increasing code cache capacity to 128KB
04-30 18:23:55.631 30326 30400 D OpenGLRenderer: HWUI GL Pipeline
04-30 18:23:55.646  1456 10366 I ActivityManager: Start proc 30401:org.mozilla.fennec_aurora:tab0/u0a1295 for service org.mozilla.fennec_aurora/org.mozilla.gecko.process.GeckoChildProcessServices$tab0
04-30 18:23:55.650 30326 30390 D ServiceAllocator: org.mozilla.gecko.process.GeckoChildProcessServices$tab0 updateBindings: BACKGROUND priority, 0 importance, 2 successful binds, 0 failed binds, 0 successful unbinds, 0 failed unbinds
04-30 18:23:55.658 30326 30353 I libglean_ffi: glean_core::ping: Collecting baseline
04-30 18:23:55.662 30326 30353 D libglean_ffi: glean_core::ping: Storing ping '947b7b86-a384-4740-8ee4-64f0a7026900' at '/data/user/0/org.mozilla.fennec_aurora/glean_data/pending_pings/947b7b86-a384-4740-8ee4-64f0a7026900'
04-30 18:23:55.662 30326 30353 I libglean_ffi: glean_core: The ping 'baseline' was submitted and will be sent as soon as possible
04-30 18:23:55.699  1456 10366 D ConnectivityService: requestNetwork for uid/pid:11295/30326 NetworkRequest [ TRACK_DEFAULT id=39929, [ Capabilities: INTERNET&NOT_RESTRICTED&TRUSTED&NOT_VPN] ]
04-30 18:23:55.701  1456  2099 D Ethernet: got request NetworkRequest [ TRACK_DEFAULT id=39929, [ Capabilities: INTERNET&NOT_RESTRICTED&TRUSTED&NOT_VPN] ] with score 60
04-30 18:23:55.701  1456  2054 D WIFI_UT : got request NetworkRequest [ TRACK_DEFAULT id=39929, [ Capabilities: INTERNET&NOT_RESTRICTED&TRUSTED&NOT_VPN] ] with score 60
04-30 18:23:55.701  1456  2054 D WIFI    : got request NetworkRequest [ TRACK_DEFAULT id=39929, [ Capabilities: INTERNET&NOT_RESTRICTED&TRUSTED&NOT_VPN] ] with score 60
04-30 18:23:55.701  2398  2398 D PhoneSwitcherNetworkRequstListener: got request NetworkRequest [ TRACK_DEFAULT id=39929, [ Capabilities: INTERNET&NOT_RESTRICTED&TRUSTED&NOT_VPN] ] with score 60
04-30 18:23:55.717  1456 10366 I ActivityManager: START u0 {act=android.intent.action.VIEW dat=https://example.com/... typ=text/html cmp=org.mozilla.fennec_aurora/org.mozilla.fenix.HomeActivity (has extras)} from uid 11295
04-30 18:23:55.731 30326 30326 D GeckoNetworkManager: Incoming event receivedUpdate for state OnNoListeners -> OnNoListeners
04-30 18:23:55.733 30326 30326 D GeckoNetworkManager: New network state: UP, WIFI, WIFI
04-30 18:23:55.734  1456 10366 I WifiService: getDhcpInfo uid=11295
04-30 18:23:55.752 30326 30375 D NetworkSecurityConfig: No Network Security Config specified, using platform default
04-30 18:23:55.791 30326 30400 I Adreno  : QUALCOMM build                   : bb5b86c, I77d3059488
04-30 18:23:55.791 30326 30400 I Adreno  : Build Date                       : 06/07/18
04-30 18:23:55.791 30326 30400 I Adreno  : OpenGL ES Shader Compiler Version: EV031.22.00.01_06
04-30 18:23:55.791 30326 30400 I Adreno  : Local Branch                     : 
04-30 18:23:55.791 30326 30400 I Adreno  : Remote Branch                    : refs/tags/AU_LINUX_ANDROID_LA.UM.6.5.R1.08.01.00.312.086
04-30 18:23:55.791 30326 30400 I Adreno  : Remote Branch                    : NONE
04-30 18:23:55.791 30326 30400 I Adreno  : Reconstruct Branch               : NOTHING
04-30 18:23:55.791 30326 30400 D vndksupport: Loading /vendor/lib/hw/gralloc.msm8937.so from current namespace instead of sphal namespace.
04-30 18:23:55.799 30326 30400 I Adreno  : PFP: 0x005ff087, ME: 0x005ff063
04-30 18:23:55.805 30401 30401 D GeckoThread: State changed to LAUNCHED
04-30 18:23:55.805 30401 30427 I GeckoThread: preparing to run Gecko
04-30 18:23:55.808 30326 30400 I zygote  : android::hardware::configstore::V1_0::ISurfaceFlingerConfigs::hasWideColorDisplay retrieved: 0
04-30 18:23:55.809 30326 30400 I OpenGLRenderer: Initialized EGL, version 1.4
04-30 18:23:55.810 30326 30400 D OpenGLRenderer: Swap behavior 2
04-30 18:23:55.827 30326 30431 D glean/PingUploadWorker: Processing persisted pings at /data/user/0/org.mozilla.fennec_aurora/glean_data/pending_pings
04-30 18:23:55.827 30326 30431 D glean/PingUploadWorker: Processing ping: 76a3d94a-c09a-4512-bdb5-a67f5c0d0652
04-30 18:23:55.830 30326 30431 D glean/ConceptFetchHttpUploader: Submitting ping to: https://incoming.telemetry.mozilla.org/submit/org-mozilla-fennec-aurora/baseline/1/76a3d94a-c09a-4512-bdb5-a67f5c0d0652
04-30 18:23:55.836  1456  4679 I WindowManager: Keep hide if surface has never drawn Window{e88306e u0 org.mozilla.fennec_aurora/org.mozilla.fenix.IntentReceiverActivity}
04-30 18:23:55.837  1456  4679 I WindowManager: Failed to capture screenshot of Token{c6175e6 ActivityRecord{d5b4c41 u0 org.mozilla.fennec_aurora/org.mozilla.fenix.IntentReceiverActivity t67133 f}} appWin=Window{e88306e u0 org.mozilla.fennec_aurora/org.mozilla.fenix.IntentReceiverActivity} drawState=1
04-30 18:23:55.849 30326 30326 I [INFO][Leanplum]: [com.leanplum.LeanplumCloudMessagingProvider::onRegistrationIdReceived::3]: Device registered for push notifications with registration token, cfF5aQf-x-4:APA91bFJZpmpTYAKg3zH8ww9KWkXWoWEU--VBEKi3YUe83TqeAjGRQkuAi-p9bUL0QL-wTdk32Kc24Osi_Mg9ahKAVP6K1wsJ3ZtI5UFa6UU0lBIvOI-8C1IhrJkXjeHwqxVnEg0Ik7w
04-30 18:23:55.856 30326 30326 D MigrationPushRenewer: Migration state: NONE
04-30 18:23:55.857 30326 30326 D MigrationTelemetryListener: Migration state: NONE
04-30 18:23:55.872  1456  1673 I LaunchCheckinHandler: Displayed org.mozilla.fennec_aurora/org.mozilla.fenix.IntentReceiverActivity,cp,ca,714
04-30 18:23:55.900 30326 30326 D PhoneWindow: Restoring navigation bar divider color to default value = 0x00000000
04-30 18:23:55.954 30326 30331 I zygote  : Do partial code cache collection, code=61KB, data=53KB
04-30 18:23:55.955 30326 30331 I zygote  : After code cache collection, code=54KB, data=49KB
04-30 18:23:55.955 30326 30331 I zygote  : Increasing code cache capacity to 256KB
04-30 18:23:55.962 30326 30326 I NavController: Ignoring popBackStack to destination org.mozilla.fennec_aurora:id/browserFragment as it was not found on the current back stack
04-30 18:23:56.165 30326 30326 I FirefoxAccountStateMachine: Enabling/updating sync with a new SyncConfig: SyncConfig(supportedEngines=[mozilla.components.service.fxa.SyncEngine$History@11cd18e, mozilla.components.service.fxa.SyncEngine$Bookmarks@2f2adaf, mozilla.components.service.fxa.SyncEngine$Passwords@69975bc], syncPeriodInMinutes=240)
04-30 18:23:56.168 30326 30326 I BgSyncManager: Periodic syncing enabled at a 240 interval
04-30 18:23:56.169 30326 30326 I FirefoxAccountStateMachine: Sync is enabled
04-30 18:23:56.172 30326 30357 D GeckoThread: State changed to PROFILE_READY
04-30 18:23:56.177 30326 30439 I FirefoxAccountStateMachine: Processing event Event$Init for state Start. Next state is Start
04-30 18:23:56.192 30326 30354 D RustNativeSupport: findMegazordLibraryName(places, 0.58.1
04-30 18:23:56.192 30326 30354 D RustNativeSupport: lib in use: none
04-30 18:23:56.193 30326 30354 D RustNativeSupport: lib configured: megazord
04-30 18:23:56.193 30326 30354 D RustNativeSupport: lib version configured: 0.58.1
04-30 18:23:56.193 30326 30354 D RustNativeSupport: settled on megazord
04-30 18:23:56.197 30326 30354 D places_ffi: places_api_new
04-30 18:23:56.204 30326 30439 I FirefoxAccountStateMachine: Ran 'Event$Init' side-effects for state Start, got successive event Event$AccountNotFound
04-30 18:23:56.204 30326 30439 I FirefoxAccountStateMachine: Processing event Event$AccountNotFound for state Start. Next state is NotAuthenticated
04-30 18:23:56.207 30326 30439 D RustNativeSupport: findMegazordLibraryName(fxaclient, 0.58.1
04-30 18:23:56.207 30326 30439 D RustNativeSupport: lib in use: none
04-30 18:23:56.207 30326 30439 D RustNativeSupport: lib configured: megazord
04-30 18:23:56.207 30326 30439 D RustNativeSupport: lib version configured: 0.58.1
04-30 18:23:56.207 30326 30439 D RustNativeSupport: settled on megazord
04-30 18:23:56.209 30326 30439 D fxaclient_ffi: fxa_new
04-30 18:23:56.229   808   808 I SFPerfTracer:      triggers: (rate: 86:2038015) (compose: 0:7) (post: 0:19) (render: 0:17) (16:10879398 frames) (17:13793119)
04-30 18:23:56.229   808   808 D SFPerfTracer:        layers: (3:15) (NavigationBar#0 (0xb07df000): 9:1053702) (StatusBar#0 (0xb07e3000): 9:2460426) (com.android.systemui.ImageWallpaper#0 (0xb07e7000): 0:98336)* (Sprite#0 (0xb0733000): 0:317)* (DimLayerController/Stack=0#0 (0xb075a000): 0:3866)* (Sprite#1 (0xb077c000): 0:195)* (com.android.launcher3/com.android.launcher3.CustomizationPanelLauncher#0 (0xb0763000): 0:36)- (com.android.launcher3/com.android.launcher3.CustomizationPanelLauncher#1 (0xb0771000): 0:6)- (Splash Screen org.mozilla.fennec_aurora#0 (0xb039b000): 0:31)- (org.mozilla.fennec_aurora/org.mozilla.fenix.IntentReceiverActivity#0 (0xafd29000): 0:2)- (org.mozilla.fennec_aurora/org.mozilla.fenix.HomeActivity#0 (0xafd1f000): 0:57)- (com.android.launcher3/com.android.launcher3.CustomizationPanelLauncher#0 (0xb0763000): 0:41)* (com.android.launcher3/com.android.launcher3.CustomizationPanelLauncher#1 (0xb0771000): 0:10)* (Splash Screen org.mozilla.fennec_aurora#0 (0xb039b000): 16:20) 
04-30 18:23:56.245 30326 30354 D sql_support::conn_ext: Transaction commited after 36.330316ms
04-30 18:23:56.247 30326 30354 D places_ffi: places_connection_new
04-30 18:23:56.251 30326 30354 D places_ffi: places_connection_new
04-30 18:23:56.269 30326 30354 D places_ffi: bookmarks_get_all_with_url
04-30 18:23:56.275 30326 30354 W UnsafeUtil: platform method missing - proto runtime falling back to safer methods: java.lang.NoSuchMethodException: copyMemory [class java.lang.Object, long, class java.lang.Object, long, long]
04-30 18:23:56.292 30326 30357 D GeckoThread: State changed to RUNNING
04-30 18:23:56.314 30326 30357 I Gecko   : -*- nsDNSServiceDiscovery.js : nsDNSServiceDiscovery
04-30 18:23:56.332 30326 30439 W FirefoxAccountStateMachine: Got invalid event Event$Init for state NotAuthenticated.
04-30 18:23:56.360 30326 30444 W LOTTIE  : Animation contains merge paths. Merge paths are only supported on KitKat+ and must be manually enabled by calling enableMergePathsForKitKatAndAbove().
04-30 18:23:56.381 30326 30331 I zygote  : Do full code cache collection, code=126KB, data=96KB
04-30 18:23:56.383 30326 30331 I zygote  : After code cache collection, code=96KB, data=59KB
04-30 18:23:56.411  1456  1471 I ActivityManager: Displayed org.mozilla.fennec_aurora/org.mozilla.fenix.HomeActivity: +583ms (total +1s253ms)
04-30 18:23:56.411  1456  1471 I ActivityManager: Fully drawn org.mozilla.fennec_aurora/org.mozilla.fenix.HomeActivity: +583ms (total +1s253ms)
04-30 18:23:56.435 30326 30453 I Gecko   : [GFX1-]: Failed to create EGLContext!: 0x300c
04-30 18:23:56.459 30326 30400 D vndksupport: Loading /vendor/lib/hw/android.hardware.graphics.mapper@2.0-impl.so from current namespace instead of sphal namespace.
04-30 18:23:56.462 30326 30400 D vndksupport: Loading /vendor/lib/hw/gralloc.msm8937.so from current namespace instead of sphal namespace.
04-30 18:23:56.487 30326 30357 W ResourceType: Too many attribute references, stopped at: 0x01010099
04-30 18:23:56.497 30326 30326 D GeckoNetworkManager: Incoming event enableNotifications for state OnNoListeners -> OnWithListeners
04-30 18:23:56.498 30326 30326 D GeckoNetworkManager: New network state: UP, WIFI, WIFI
04-30 18:23:56.525 30326 30326 W LOTTIE  : Animation contains merge paths but they are disabled.
04-30 18:23:56.560 30326 30357 W GeckoEventDispatcher: No listener for GeckoView:AccessibilityEnabled
04-30 18:23:56.568 30326 30326 D GeckoNetworkManager: Incoming event receivedUpdate for state OnWithListeners -> OnWithListeners
04-30 18:23:56.570 30326 30326 D GeckoNetworkManager: New network state: UP, WIFI, WIFI
04-30 18:23:56.602 17373 17373 I MemoryTrimmer: Trimming objects from memory, since app is in the background.
04-30 18:23:56.611 17373 17373 I MemoryTrimmer: Trimming objects from memory, since app is in the background.
04-30 18:23:56.612 17373  8223 I PBSessionCacheImpl: Deleted sessionId[76408848338818697] from persistence.
04-30 18:23:56.618  1456  1471 I WifiService: getWifiEnabledState uid=10073
04-30 18:23:56.622 17373 17428 I DEBUG   : OpaToSrpTransitionState#onStateChanged#notNullQuery
04-30 18:23:56.623 17373 17428 I DEBUG   : OpaToSrpTransitionState#onStateChanged#notNullQuery
04-30 18:23:56.629 17373 17428 W SearchServiceCore: Abort, client detached.
04-30 18:23:56.685 30326 30331 I zygote  : Do partial code cache collection, code=124KB, data=91KB
04-30 18:23:56.687 30326 30331 I zygote  : After code cache collection, code=124KB, data=91KB
04-30 18:23:56.687 30326 30331 I zygote  : Increasing code cache capacity to 512KB
04-30 18:23:56.772 30326 30357 W ResourceType: Too many attribute references, stopped at: 0x01010099
04-30 18:23:56.899 30401 30427 D GeckoThread: State changed to MOZGLUE_READY
04-30 18:23:56.907 30401 30427 W Settings: Setting animator_duration_scale has moved from android.provider.Settings.System to android.provider.Settings.Global, returning read-only global URI.
04-30 18:23:56.909 30326 30390 D ServiceAllocator: org.mozilla.gecko.process.GeckoChildProcessServices$tab0 updateBindings: FOREGROUND priority, 2 importance, 1 successful binds, 0 failed binds, 0 successful unbinds, 0 failed unbinds
04-30 18:23:56.910 30401 30427 E GeckoLibLoad: Load sqlite start
04-30 18:23:56.911 30401 30427 E GeckoLibLoad: Load sqlite done
04-30 18:23:56.912 30401 30427 E GeckoLibLoad: Load nss start
04-30 18:23:56.912 30401 30427 E GeckoLibLoad: Load nss done
04-30 18:23:56.928 30326 30357 I GeckoSession: zerdatime 20813543001 - chrome startup finished
04-30 18:23:56.929 30401 30427 E GeckoLibLoad: Loaded libs in 16.918908ms total, 10ms(10ms) user, 3ms(6ms) system, 0(0) faults
04-30 18:23:56.929 30401 30427 D GeckoThread: State changed to LIBS_READY
04-30 18:23:56.929 30401 30427 W GeckoThread: zerdatime 20813543003 - runGecko
04-30 18:23:57.080 30401 30427 D GeckoThread: State changed to RUNNING
04-30 18:23:57.093 30326 30431 D glean/ConceptFetchHttpUploader: Ping successfully sent (200)
04-30 18:23:57.093 30326 30431 D glean/PingUploadWorker: 76a3d94a-c09a-4512-bdb5-a67f5c0d0652 was deleted: true
04-30 18:23:57.094 30326 30431 D glean/PingUploadWorker: Processing ping: 04368dbd-5124-4c76-aedc-392adb1c6914
04-30 18:23:57.095 30326 30431 D glean/ConceptFetchHttpUploader: Submitting ping to: https://incoming.telemetry.mozilla.org/submit/org-mozilla-fennec-aurora/activation/1/04368dbd-5124-4c76-aedc-392adb1c6914
04-30 18:23:57.117 30401 30427 W ResourceType: Too many attribute references, stopped at: 0x01010099
04-30 18:23:57.220 30401 30401 D GeckoNetworkManager: Incoming event enableNotifications for state OffNoListeners -> OffWithListeners
04-30 18:23:57.222 30401 30401 D GeckoNetworkManager: New network state: UP, WIFI, WIFI
04-30 18:23:57.486 30326 30326 D App     : Installed browser-icons extension
04-30 18:23:57.491 30326 30326 D mozac-webextensions: Installed extension: mozacWebchannel
04-30 18:23:57.492 30326 30326 D mozac-webextensions: Installed extension: mozacReaderview
04-30 18:23:57.498 30326 30326 D GeckoSession: handleMessage GeckoView:PageStart uri=about:blank
04-30 18:23:57.525 30326 30431 D glean/ConceptFetchHttpUploader: Ping successfully sent (200)
04-30 18:23:57.525 30326 30431 D glean/PingUploadWorker: 04368dbd-5124-4c76-aedc-392adb1c6914 was deleted: true
04-30 18:23:57.525 30326 30431 D glean/PingUploadWorker: Processing ping: 947b7b86-a384-4740-8ee4-64f0a7026900
04-30 18:23:57.527 30326 30431 D glean/ConceptFetchHttpUploader: Submitting ping to: https://incoming.telemetry.mozilla.org/submit/org-mozilla-fennec-aurora/baseline/1/947b7b86-a384-4740-8ee4-64f0a7026900
04-30 18:23:57.530 30326 30357 D GeckoScreenOrientation: unlocking
04-30 18:23:57.545 30326 30326 D GeckoSession: handleMessage GeckoView:LocationChange uri=about:blank
04-30 18:23:57.546 30326 30326 D GeckoSession: handleMessage GeckoView:PageStop uri=null
04-30 18:23:57.558 30326 30326 I SessionStorage/AutoSave: Save: Load finished
04-30 18:23:57.560 30326 30354 D SessionStorage/AutoSave: Delaying save (260ms)
04-30 18:23:57.592 30326 30326 D GeckoSession: handleMessage GeckoView:ProgressChanged uri=null
04-30 18:23:57.608 30326 30326 D GeckoSession: handleMessage GeckoView:PageStart uri=https://example.com/
04-30 18:23:57.636 30326 30326 D GeckoSession: handleMessage GeckoView:ProgressChanged uri=null
04-30 18:23:57.645 30326 30326 D GeckoSession: handleMessage GeckoView:PageStop uri=null
04-30 18:23:57.646 30326 30326 I SessionStorage/AutoSave: Save: Load finished
04-30 18:23:57.646 30326 30326 D SessionStorage/AutoSave: Skipping save, other job already in flight
04-30 18:23:57.656 30326 30326 D GeckoSession: handleMessage GeckoView:SecurityChanged uri=null
04-30 18:23:57.657 30326 30326 D GeckoSession: handleMessage GeckoView:ProgressChanged uri=null
04-30 18:23:57.663 30326 30326 D GeckoSession: handleMessage GeckoView:PageStart uri=https://example.com/
04-30 18:23:57.698 30326 30326 I zygote  : Deoptimizing void kotlin.sequences.FilteringSequence$iterator$1.calcNext() due to JIT inline cache
04-30 18:23:57.786 30326 30431 D glean/ConceptFetchHttpUploader: Ping successfully sent (200)
04-30 18:23:57.787 30326 30431 D glean/PingUploadWorker: 947b7b86-a384-4740-8ee4-64f0a7026900 was deleted: true
04-30 18:23:57.787 30326 30431 D glean/PingUploadWorker: Processing ping: 31f6ef25-eef9-4c28-804a-3fd7e680479f
04-30 18:23:57.790 30326 30431 D glean/ConceptFetchHttpUploader: Submitting ping to: https://incoming.telemetry.mozilla.org/submit/org-mozilla-fennec-aurora/events/1/31f6ef25-eef9-4c28-804a-3fd7e680479f
04-30 18:23:57.829 30326 30354 D SessionStorage/AutoSave: Saved state to disk [7ms]
04-30 18:23:57.829 30326 30354 I zygote  : Deoptimizing void kotlinx.coroutines.DispatchedTask.run() due to JIT inline cache
04-30 18:23:57.890 30326 30354 D places_ffi: places_connection_new
04-30 18:23:57.892 30326 30326 D GeckoSession: handleMessage GeckoView:LocationChange uri=https://example.com/
04-30 18:23:57.902 30326 30354 D places_ffi: places_note_observation
04-30 18:23:57.903 30326 30355 D places_ffi: bookmarks_get_all_with_url
04-30 18:23:57.916 30326 30326 D GeckoSession: handleMessage GeckoView:SecurityChanged uri=null
04-30 18:23:57.940 30326 30354 D sql_support::conn_ext: Transaction commited after 37.191358ms
04-30 18:23:58.066 30326 30431 D glean/ConceptFetchHttpUploader: Ping successfully sent (200)
04-30 18:23:58.067 30326 30431 D glean/PingUploadWorker: 31f6ef25-eef9-4c28-804a-3fd7e680479f was deleted: true
04-30 18:23:58.069 30326 30349 I WM-WorkerWrapper: Worker result SUCCESS for Work [ id=18ac0d9a-e510-4cb2-ad8e-c461b6a2167f, tags={ mozilla.telemetry.glean.scheduler.PingUploadWorker, mozac_service_glean_ping_upload_worker } ]
04-30 18:23:58.072 30326 30354 D places_ffi: places_note_observation
04-30 18:23:58.092 30326 30326 D GeckoSession: handleMessage GeckoView:ProgressChanged uri=null
04-30 18:23:58.094 30326 30354 D sql_support::conn_ext: Transaction commited after 20.822398ms
04-30 18:23:58.106  1456  2067 D ConnectivityService: releasing NetworkRequest [ TRACK_DEFAULT id=39929, [ Capabilities: INTERNET&NOT_RESTRICTED&TRUSTED&NOT_VPN] ] (release request)
04-30 18:23:58.108 30326 30326 D GeckoSession: handleMessage GeckoView:ProgressChanged uri=null
04-30 18:23:58.125 30326 30326 D GeckoSession: handleMessage GeckoView:PageStop uri=null
04-30 18:23:58.125 30326 30326 I SessionStorage/AutoSave: Save: Load finished
04-30 18:23:58.130 30326 30354 D SessionStorage/AutoSave: Delaying save (1432ms)
04-30 18:23:58.175 30326 30326 D mozac-webcompat: Installed WebCompat webextension: webcompat@mozilla.com
04-30 18:23:58.243 30326 30546 I zygote  : Deoptimizing void kotlinx.coroutines.DispatchedTask.run() due to JIT inline cache
04-30 18:23:58.268 30326 30546 D BrowserIcons: Loaded icon (source = GENERATOR): https://example.com/
04-30 18:23:58.323 30326 30326 D GeckoSession: handleMessage GeckoView:StateUpdated uri=null
04-30 18:23:58.323 30326 30326 W GeckoSession: No history entries found.
04-30 18:23:58.327 30326 30354 D places_ffi: places_get_visited
04-30 18:23:58.503 30326 30326 I zygote  : Deoptimizing java.lang.Object kotlinx.coroutines.JobSupport.tryMakeCompleting(java.lang.Object, java.lang.Object) due to JIT same target
