02-25 22:02:44.278 20270 21131 I MicroDataManager: isInitializedWithLatestParams-true
02-25 22:02:44.278 20270 21131 I MicroDataManager: isInitializing-false locale not changed-true model not changed-true
02-25 22:02:44.278 20270 21131 I MicroDataManager: Already initialized, obtaining the hotword data immediately.
02-25 22:02:44.284 20270 21400 I MicroRecognitionRunner: Starting detection.
02-25 22:02:44.285 20270 21400 I InputStreamUtils: Using micInputStream
02-25 22:02:44.285 20270  3805 I MicrophoneInputStream: mic_starting  SR : 16000 CC : 16 SO : 1999
02-25 22:02:44.289   788  1479 V msm8974_platform: platform_check_input_mask: enter check_input_mask source 6 mask 10
02-25 22:02:44.291  1012 31637 I AudioFlinger: AudioFlinger's thread 0xb2483300 tid=31637 ready to run
02-25 22:02:44.296   788  1479 D audio_hw_primary: in_set_parameters: enter: kvpairs=input_source=6;routing=-2147483644
02-25 22:02:44.297  1012  1390 D APM_AudioPolicyManager: AudioPolicyManager::startInput() input 163830, session 163937, source = 1999
02-25 22:02:44.297 20270  3805 I MicrophoneInputStream: mic_started  SR : 16000 CC : 16 SO : 1999
02-25 22:02:44.299   788 31638 V msm8974_platform: platform_update_usecase_from_source: input source :6
02-25 22:02:44.299   788 31638 V msm8974_platform: platform_check_input_mask: enter check_input_mask source 6 mask 10
02-25 22:02:44.299   788 31638 V msm8974_platform: platform_get_input_snd_device: enter: out_device(0) in_device(0x4) channel_count (1) channel_mask (0x10)
02-25 22:02:44.299   788 31638 V msm8974_platform: platform_get_input_snd_device: exit: in_snd_device(voice-rec-mic)
02-25 22:02:44.299   788 31638 V msm8974_platform: platform_get_backend_index:napb: backend port - 5 device - 120 
02-25 22:02:44.299   788 31638 V msm8974_platform: platform_check_and_set_capture_backend_cfg:txbecf: afe: bitwidth 0, samplerate 0, channel 1, backend_idx 5 usecase = 9 device (voice-rec-mic)
02-25 22:02:44.299   788 31638 V msm8974_platform: platform_check_capture_backend_cfg:txbecf: afe: Codec selected backend: 5 current bit width: 0 and sample rate: 0, channels 1
02-25 22:02:44.299   788 31638 V msm8974_platform: platform_check_capture_backend_cfg:txbecf: afe: Codec selected backend: 5 updated bit width: 0 and sample rate: 0
02-25 22:02:44.299   788 31638 I msm8974_platform: platform_check_capture_backend_cfg:txbecf: afe: Codec backend needs to be updated. new bit width: 0 new sample rate: 0 new channel: 1
02-25 22:02:44.299   788 31638 V msm8974_platform: platform_get_backend_index:napb: backend port - 5 device - 120 
02-25 22:02:44.299   788 31638 V msm8974_platform: platform_set_backend_cfg:becf: afe: bitwidth 0, samplerate 0 channels 1, backend_idx 5 device (voice-rec-mic)
02-25 22:02:44.300   788 31638 E msm8974_platform: platform_set_backend_cfg:becf: afe: Could not get ctl for mixer command - SLIM_0_TX Format
02-25 22:02:44.300   788 31638 V msm8974_platform: platform_send_audio_calibration: sending audio calibration for snd_device(120) acdb_id(62)
02-25 22:02:44.300   788 31638 D ACDB-LOADER: ACDB -> send_audio_cal, acdb_id = 62, path = 1, app id = 0x11130, sample rate = 48000
02-25 22:02:44.300   788 31638 D ACDB-LOADER: ACDB -> send_asm_topology
02-25 22:02:44.300   788 31638 D ACDB-LOADER: ACDB -> ACDB_CMD_GET_AUDPROC_STREAM_TOPOLOGY_ID
02-25 22:02:44.300   788 31638 D ACDB-LOADER: ACDB -> send_adm_topology
02-25 22:02:44.300   788 31638 D ACDB-LOADER: ACDB -> ACDB_CMD_GET_AUDPROC_COMMON_TOPOLOGY_ID
02-25 22:02:44.300   788 31638 D ACDB-LOADER: ACDB -> send_audtable
02-25 22:02:44.300   788 31638 D ACDB-LOADER: ACDB -> ACDB_CMD_GET_AUDPROC_COMMON_TABLE_SIZE
02-25 22:02:44.300   788 31638 D ACDB-LOADER: ACDB -> ACDB_CMD_GET_AUDPROC_COMMON_TABLE
02-25 22:02:44.300   788 31638 D ACDB-LOADER: ACDB -> AUDIO_SET_AUDPROC_CAL
02-25 22:02:44.300   788 31638 D ACDB-LOADER: ACDB -> send_audvoltable
02-25 22:02:44.300   788 31638 D ACDB-LOADER: ACDB -> ACDB_CMD_GET_AUDPROC_VOL_STEP_TABLE_SIZE
02-25 22:02:44.300   788 31638 D ACDB-LOADER: ACDB -> ACDB_CMD_GET_AUDPROC_GAIN_DEP_STEP_TABLE, vol index 0
02-25 22:02:44.300   788 31638 D         : Failed to fetch the lookup information of the device 0000003E 
02-25 22:02:44.300   788 31638 D ACDB-LOADER: ACDB -> AUDIO_SET_VOL_CAL cal type = 12
02-25 22:02:44.300   788 31638 D ACDB-LOADER: ACDB -> ACDB_CMD_GET_AUDPROC_STREAM_TABLE_SIZE
02-25 22:02:44.301   788 31638 D ACDB-LOADER: ACDB -> send_audstrmtable
02-25 22:02:44.301   788 31638 D ACDB-LOADER: ACDB -> ACDB_CMD_GET_AUDPROC_STREAM_TABLE_V2
02-25 22:02:44.301   788 31638 D ACDB-LOADER: ACDB -> audstrm_cal->cal_type.cal_data.cal_size = 456
02-25 22:02:44.301   788 31638 D ACDB-LOADER: ACDB -> send_afe_topology
02-25 22:02:44.301   788 31638 D ACDB-LOADER: ACDB -> ACDB_CMD_GET_AFE_TOPOLOGY_ID
02-25 22:02:44.301   788 31638 D ACDB-LOADER: ACDB -> GET_AFE_TOPOLOGY_ID for adcd_id 62, Topology Id 112fb
02-25 22:02:44.301   788 31638 D ACDB-LOADER: ACDB -> send_afe_cal
02-25 22:02:44.301   788 31638 D ACDB-LOADER: ACDB -> ACDB_CMD_GET_AFE_COMMON_TABLE_SIZE
02-25 22:02:44.301   788 31638 D         : Failed to fetch the lookup information of the device 0000003E 
02-25 22:02:44.301   788 31638 E ACDB-LOADER: Error: ACDB_CMD_GET_AFE_COMMON_TABLE_SIZE Returned = -19
02-25 22:02:44.301   788 31638 D ACDB-LOADER: ACDB -> ACDB_CMD_GET_AFE_COMMON_TABLE
02-25 22:02:44.301   788 31638 D         : Failed to fetch the lookup information of the device 0000003E 
02-25 22:02:44.301   788 31638 D ACDB-LOADER: ACDB -> AUDIO_SET_AFE_CAL
02-25 22:02:44.301   788 31638 D ACDB-LOADER: ACDB -> send_hw_delay : acdb_id = 62 path = 1
02-25 22:02:44.301   788 31638 D ACDB-LOADER: ACDB -> ACDB_AVSYNC_INFO: ACDB_CMD_GET_DEVICE_PROPERTY
02-25 22:02:44.303   788 31638 D audio_hw_primary: enable_snd_device: snd_device(120: voice-rec-mic)
02-25 22:02:44.303   788 31638 D audio_route: Apply path: voice-rec-mic
02-25 22:02:44.306   788 31638 V msm8974_platform: platform_get_snd_device_backend_index: enter with device 120
02-25 22:02:44.306   788 31638 E msm8974_platform: platform_get_snd_device_backend_index: BE DAI Name Table is not present
02-25 22:02:44.306   788 31638 V msm8974_platform: platform_get_backend_index:napb: backend port - 5 device - 120 
02-25 22:02:44.306   788 31638 I audio_hw_utils: Set Audio Stream Capture 0 App Type Cfg: app_type 69936, acdb_dev_id 62, sample_rate 48000, snd_device_be_idx -14
02-25 22:02:44.307   788 31638 D audio_hw_primary: enable_audio_route: usecase(9) apply and update mixer path: audio-record
02-25 22:02:44.307   788 31638 D audio_route: Apply path: audio-record
02-25 22:02:44.376 20270 21092 I MicroDetectionWorker: onReady
02-25 22:02:44.690  1456  7796 I OpenGLRenderer: Initialized EGL, version 1.4
02-25 22:02:44.690  1456  7796 D OpenGLRenderer: Swap behavior 2
02-25 22:02:44.719  2748  2917 W OpenGLRenderer: Incorrectly called buildLayer on View: ShortcutAndWidgetContainer, destroying layer...
02-25 22:02:44.829 31363 31363 D GeckoRuntime: Lifecycle: onPause
02-25 22:02:44.830 31363 31363 D GeckoNetworkManager: Incoming event stop for state OnWithListeners -> OffWithListeners
02-25 22:02:44.830 31363 31363 I SessionStorage/AutoSave: Save: Background
02-25 22:02:44.836 31363 31392 I libglean_ffi: glean_core::ping: Collecting baseline
02-25 22:02:44.841 31363 31395 D SessionStorage/AutoSave: Saved state to disk [9ms]
02-25 22:02:44.841 31363 31392 D libglean_ffi: glean_core::ping: Storing ping 'eb471cdd-f297-402d-9ba2-f30306be057e' at '/data/user/0/org.mozilla.fennec_aurora/glean_data/pending_pings/eb471cdd-f297-402d-9ba2-f30306be057e'
02-25 22:02:44.841 31363 31392 I libglean_ffi: glean_core: The ping 'baseline' was submitted and will be sent as soon as possible
02-25 22:02:44.844 31363 31392 I libglean_ffi: glean_core::ping: Collecting events
02-25 22:02:44.848 31363 31392 D libglean_ffi: glean_core::ping: Storing ping '5b8e5f39-a140-43aa-825a-a41e02170890' at '/data/user/0/org.mozilla.fennec_aurora/glean_data/pending_pings/5b8e5f39-a140-43aa-825a-a41e02170890'
02-25 22:02:44.849 31363 31392 I libglean_ffi: glean_core: The ping 'events' was submitted and will be sent as soon as possible
02-25 22:02:49.291  1456  5031 I ActivityManager: Force stopping org.mozilla.fennec_aurora appid=11040 user=0: from pid 31642
02-25 22:02:49.291  1456  5031 I ActivityManager: Killing 31363:org.mozilla.fennec_aurora/u0a1040 (adj 700): stop org.mozilla.fennec_aurora
02-25 22:02:49.293  1456  1605 W zygote  : kill(-31363, 9) failed: No such process
02-25 22:02:49.294 31471 31471 I ServiceChildProcess: Service has been unbound. Stopping.
02-25 22:02:49.295 31453 31453 I ServiceChildProcess: Service has been unbound. Stopping.
02-25 22:02:49.296  1456  5031 W ActivityManager: Force removing ActivityRecord{17754c6 u0 org.mozilla.fennec_aurora/org.mozilla.fenix.HomeActivity t29571}: app died, no saved state
02-25 22:02:49.304  1456  5031 I ActivityManager: Killing 31471:org.mozilla.fennec_aurora:socket/u0a1040 (adj 0): stop org.mozilla.fennec_aurora
02-25 22:02:49.307  1456  5031 I ActivityManager: Killing 31453:org.mozilla.fennec_aurora:tab/u0a1040 (adj 0): stop org.mozilla.fennec_aurora
02-25 22:02:49.309  1456  1605 W zygote  : kill(-31363, 9) failed: No such process
02-25 22:02:49.320  2398  2398 D CarrierSvcBindHelper: No carrier app for: 0
02-25 22:02:49.321  2398  2398 D CarrierSvcBindHelper: No carrier app for: 1
02-25 22:02:49.324  1456  1605 W zygote  : kill(-31363, 9) failed: No such process
02-25 22:02:49.384  1456  2402 D ConnectivityService: ConnectivityService NetworkRequestInfo binderDied(NetworkRequest [ TRACK_DEFAULT id=28376, [ Capabilities: INTERNET&NOT_RESTRICTED&TRUSTED&NOT_VPN] ], android.os.BinderProxy@64dc9dc)
02-25 22:02:49.385  1456  2067 D ConnectivityService: releasing NetworkRequest [ TRACK_DEFAULT id=28376, [ Capabilities: INTERNET&NOT_RESTRICTED&TRUSTED&NOT_VPN] ] (release request)
02-25 22:02:49.386  1456  1673 W ActivityManager: setHasOverlayUi called on unknown pid: 31363
02-25 22:02:49.394  1456  1605 I chatty  : uid=1000(system) ActivityManager identical 5 lines
02-25 22:02:49.400  1456  1605 W zygote  : kill(-31363, 9) failed: No such process
02-25 22:02:49.400  1456  1605 I zygote  : Successfully killed process cgroup uid 11040 pid 31363 in 107ms
02-25 22:02:49.401  1456  1605 W zygote  : kill(-31471, 9) failed: No such process
02-25 22:02:49.401  1456  1605 I zygote  : Successfully killed process cgroup uid 11040 pid 31471 in 0ms
02-25 22:02:49.401  1456  1605 W zygote  : kill(-31453, 9) failed: No such process
02-25 22:02:49.401  1456  1605 I zygote  : Successfully killed process cgroup uid 11040 pid 31453 in 0ms
02-25 22:02:49.418  1456  2923 I ActivityManager: START u0 {act=android.intent.action.VIEW dat=about:blank typ=text/html flg=0x10000000 cmp=org.mozilla.fennec_aurora/org.mozilla.fenix.IntentReceiverActivity} from uid 2000
02-25 22:02:49.419   794   839 E ANDR-PERF-RESOURCEQS: Failed to apply optimization [4, 0]
02-25 22:02:49.442  1456  3927 I ActivityManager: Start proc 31650:org.mozilla.fennec_aurora/u0a1040 for activity org.mozilla.fennec_aurora/org.mozilla.fenix.IntentReceiverActivity
02-25 22:02:49.526 20270 21092 I MicroDetectionState: Should stop hotword detection immediately - false
02-25 22:02:49.526 20270 21092 I MicroDetector: Keeping mic open: false
02-25 22:02:49.526 20270 21092 I RecognitionAudioControl: #shutdownAudio [requestId: -1804769725664863576, keepAudioOpen: false, forced: true]
02-25 22:02:49.526 20270 17075 E DeviceStateChecker: DeviceStateChecker cancelled
02-25 22:02:49.527 20270 21092 I RecognitionAudioControl: #internalShutdownAudio [requestId: -1804769725664863576]
02-25 22:02:49.527 20270 21092 I RecognitionAudioControl: #internalShutdownAudio [keepAudioOpen: false, forced: true]
02-25 22:02:49.527 20270 21092 I RecognitionAudioControl: #actualShutdownAudio
02-25 22:02:49.527 20270 21092 I AudioController: #shutdown [requestId=-1804769725664863576]
02-25 22:02:49.527 20270 21132 I AudioController: internalShutdown
02-25 22:02:49.527 20270 21108 I MicroRecognitionRunner: Stopping hotword detection.
02-25 22:02:49.577   788  1479 D audio_hw_primary: disable_audio_route: usecase(9) reset and update mixer path: audio-record
02-25 22:02:49.578   788  1479 D audio_hw_primary: disable_snd_device: snd_device(120: voice-rec-mic)
02-25 22:02:49.580  1012 19499 D APM_AudioPolicyManager: stopInput() input 163830, session 163937
02-25 22:02:49.581   788  1479 D audio_hw_primary: in_set_parameters: enter: kvpairs=routing=0
02-25 22:02:49.583 20270 21132 I MicrophoneInputStream: mic_close  SR : 16000 CC : 16 SO : 1999
02-25 22:02:49.583 20270 21132 E AudioSource: Stop listening is called on already closed AudioSource
02-25 22:02:49.585 20270 21400 I MicroRecognitionRunner: Detection finished
02-25 22:02:49.592 31650 31650 D FirebaseApp: com.google.firebase.auth.FirebaseAuth is not linked. Skipping initialization.
02-25 22:02:49.594 31650 31650 D FirebaseApp: com.google.firebase.crash.FirebaseCrash is not linked. Skipping initialization.
02-25 22:02:49.594 31650 31650 I FirebaseInitProvider: FirebaseApp initialization successful
02-25 22:02:49.654 31650 31650 D FennecProfile: profiles.ini: true
02-25 22:02:49.658 31650 31650 D FennecProfile: Ignoring line in [general] section: StartWithLastProfile=1
02-25 22:02:49.658 31650 31650 D FennecProfile: Found 1 profiles
02-25 22:02:49.658 31650 31650 D FennecProfile: Found default profile: FennecProfile(name=default, path=/data/user/0/org.mozilla.fennec_aurora/files/mozilla/1jxrf9v4.default, default=true)
02-25 22:02:49.658 31650 31669 I FA      : Collection disabled with firebase_analytics_collection_enabled=0
02-25 22:02:49.659 31650 31669 I FA      : App measurement is starting up, version: 12780
02-25 22:02:49.659 31650 31669 I FA      : To enable debug logging run: adb shell setprop log.tag.FA VERBOSE
02-25 22:02:49.659 31650 31669 I FA      : To enable faster debug mode event logging run:
02-25 22:02:49.659 31650 31669 I FA      :   adb shell setprop debug.firebase.analytics.app org.mozilla.fennec_aurora
02-25 22:02:49.663 31650 31650 D FennecMigrator: No migrations to run. Fennec install - false.
02-25 22:02:49.673 31650 31650 D FenixApplication: Initializing Glean (uploadEnabled=true, isFennec=true)
02-25 22:02:49.681 31650 31677 D RustNativeSupport: findMegazordLibraryName(viaduct, 0.50.0
02-25 22:02:49.681 31650 31677 D RustNativeSupport: lib in use: none
02-25 22:02:49.681 31650 31677 D RustNativeSupport: lib configured: fenix
02-25 22:02:49.682 31650 31677 D RustNativeSupport: lib version configured: 0.50.0
02-25 22:02:49.682 31650 31677 D RustNativeSupport: settled on fenix
02-25 22:02:49.704 31650 31676 D libglean_ffi: glean_ffi: Android logging should be hooked up!
02-25 22:02:49.709 31650 31676 I glean/Glean: Registering pings for mozilla.telemetry.glean.GleanMetrics.Pings
02-25 22:02:49.712 31650 31676 I libglean_ffi: glean_core: Creating new Glean
02-25 22:02:49.712 31650 31676 D libglean_ffi: glean_core::database: Database path: "/data/user/0/org.mozilla.fennec_aurora/glean_data/db"
02-25 22:02:49.713 31650 31676 I libglean_ffi: glean_core::database: Database initialized
02-25 22:02:49.714 31650 31676 I libglean_ffi: glean_ffi: Glean initialized
02-25 22:02:49.714 31650 31677 D RustNativeSupport: findMegazordLibraryName(rustlog, 0.50.0
02-25 22:02:49.714 31650 31677 D RustNativeSupport: lib in use: none
02-25 22:02:49.714 31650 31677 D RustNativeSupport: lib configured: fenix
02-25 22:02:49.714 31650 31677 D RustNativeSupport: lib version configured: 0.50.0
02-25 22:02:49.714 31650 31677 D RustNativeSupport: settled on fenix
02-25 22:02:49.717 31650 31677 I rc_log_ffi::ios: rc_log adapter initialized!
02-25 22:02:49.736 31650 31676 D glean/MetricsPingSched: The 'metrics' ping was last sent on Tue Feb 25 00:00:00 EST 2020
02-25 22:02:49.737 31650 31676 I glean/MetricsPingSched: The 'metrics' ping was already sent today, Tue Feb 25 22:02:49 EST 2020.
02-25 22:02:49.738 31650 31676 D glean/MetricsPingSched: Scheduling the 'metrics' ping in 21430284ms
02-25 22:02:49.739 31650 31676 D libglean_ffi: glean_core: Clearing Lifetime::Application metrics
02-25 22:02:49.745 31650 31650 D GeckoThread: State changed to LAUNCHED
02-25 22:02:49.746 31650 31684 I GeckoThread: preparing to run Gecko
02-25 22:02:49.755 31650 31650 D GeckoRuntime: Lifecycle: onCreate
02-25 22:02:49.755 31650 31684 D GeckoThread: State changed to MOZGLUE_READY
02-25 22:02:49.764  1456  1466 I zygote  : NativeAlloc concurrent copying GC freed 39911(2MB) AllocSpace objects, 21(740KB) LOS objects, 38% free, 37MB/61MB, paused 162us total 332.736ms
02-25 22:02:49.769 31650 31650 I zygote  : Deoptimizing java.lang.Object androidx.collection.SimpleArrayMap.put(java.lang.Object, java.lang.Object) due to JIT inline cache
02-25 22:02:49.770 31650 31684 W Settings: Setting animator_duration_scale has moved from android.provider.Settings.System to android.provider.Settings.Global, returning read-only global URI.
02-25 22:02:49.773 31650 31684 E GeckoLibLoad: Load sqlite start
02-25 22:02:49.776 31650 31650 D GleanMetricsService: Enabling Glean.
02-25 22:02:49.794 31650 31684 W GeckoLinker: /data/app/org.mozilla.fennec_aurora-ELdap3uMe5cv7ZErf3RBBQ==/lib/arm/libnss3.so: unhandled flags #8 not handled
02-25 22:02:49.797 31650 31676 I libglean_ffi: glean_core: Upload enabled: true
02-25 22:02:49.799 31650 31684 W GeckoLinker: /data/app/org.mozilla.fennec_aurora-ELdap3uMe5cv7ZErf3RBBQ==/lib/arm/libnss3.so: Relocation to NULL @0x001b8ffc for symbol "__cxa_type_match"
02-25 22:02:49.799 31650 31684 E GeckoLibLoad: Load sqlite done
02-25 22:02:49.799 31650 31684 E GeckoLibLoad: Load nss start
02-25 22:02:49.799 31650 31684 E GeckoLibLoad: Load nss done
02-25 22:02:49.800 31650 31684 W GeckoLinker: /data/app/org.mozilla.fennec_aurora-ELdap3uMe5cv7ZErf3RBBQ==/lib/arm/libxul.so: unhandled flags #8 not handled
02-25 22:02:49.800 31650 31684 W GeckoLinker: /data/app/org.mozilla.fennec_aurora-ELdap3uMe5cv7ZErf3RBBQ==/lib/arm/liblgpllibs.so: unhandled flags #8 not handled
02-25 22:02:49.820 31650 31650 W [WARNING][Leanplum]: [com.leanplum.internal.ActionManager::getLocationManager::8]: Geofencing support requires leanplum-location module and Google Play Services v8.1 and higher.
02-25 22:02:49.820 31650 31650 W [WARNING][Leanplum]: Add this to your build.gradle file:
02-25 22:02:49.820 31650 31650 W [WARNING][Leanplum]: implementation 'com.google.android.gms:play-services-location:8.3.0+'
02-25 22:02:49.820 31650 31650 W [WARNING][Leanplum]: implementation 'com.leanplum:leanplum-location:+'
02-25 22:02:49.822 31650 31650 I [INFO][Leanplum]: [com.leanplum.monitoring.ExceptionHandler::setContext::6]: LeanplumExceptionHandler could not initialize Exception Reporting.This is expected if you have not included the leanplum-monitoring module
02-25 22:02:49.822 31650 31650 I AdjustMetricsService: No adjust token defined
02-25 22:02:49.829 31650 31650 I FirefoxAccountStateMachine: Enabling/updating sync with a new SyncConfig: SyncConfig(supportedEngines=[mozilla.components.service.fxa.SyncEngine$History@1150cf5, mozilla.components.service.fxa.SyncEngine$Bookmarks@a675a8a, mozilla.components.service.fxa.SyncEngine$Passwords@c53c8fb], syncPeriodInMinutes=240)
02-25 22:02:49.834 31650 31650 I BgSyncManager: Periodic syncing enabled at a 240 interval
02-25 22:02:49.835 31650 31687 I [INFO][Leanplum]: [com.leanplum.LeanplumFcmProvider::isManifestSetup::11]: Firebase Messaging is setup correctly.
02-25 22:02:49.835 31650 31650 I FirefoxAccountStateMachine: Sync is enabled
02-25 22:02:49.838 31650 31650 D PushConfig: Creating push configuration for autopush.
02-25 22:02:49.839 31650 31684 E GeckoLibLoad: Loaded libs in 39.685681ms total, 23ms(96ms) user, 13ms(26ms) system, 0(0) faults
02-25 22:02:49.840 31650 31684 D GeckoThread: State changed to LIBS_READY
02-25 22:02:49.844 31650 31684 W GeckoThread: zerdatime 15214263611 - runGecko
02-25 22:02:49.848 31650 31684 D GeckoProfile: Loading profile at: null name: default
02-25 22:02:49.849 31650 31684 D GeckoProfile: Found profile dir: /data/user/0/org.mozilla.fennec_aurora/files/mozilla/1jxrf9v4.default
02-25 22:02:49.851 31650 31696 I FirefoxAccountStateMachine: Processing event Event$Init for state Start. Next state is Start
02-25 22:02:49.851 31650 31650 I App     : AutoPushFeature is configured, initializing it...
02-25 22:02:49.851 31650 31650 I AutoPushFeature: Checking validity of push subscriptions.
02-25 22:02:49.863 31650 31650 D FennecProfile: profiles.ini: true
02-25 22:02:49.866 31650 31650 D FennecProfile: Ignoring line in [general] section: StartWithLastProfile=1
02-25 22:02:49.866 31650 31650 D FennecProfile: Found 1 profiles
02-25 22:02:49.866 31650 31650 D FennecProfile: Found default profile: FennecProfile(name=default, path=/data/user/0/org.mozilla.fennec_aurora/files/mozilla/1jxrf9v4.default, default=true)
02-25 22:02:49.869 31650 31696 I FirefoxAccountStateMachine: Ran 'Event$Init' side-effects for state Start, got successive event Event$AccountNotFound
02-25 22:02:49.869 31650 31696 I FirefoxAccountStateMachine: Processing event Event$AccountNotFound for state Start. Next state is NotAuthenticated
02-25 22:02:49.872 31650 31696 D RustNativeSupport: findMegazordLibraryName(fxaclient, 0.50.0
02-25 22:02:49.872 31650 31696 D RustNativeSupport: lib in use: none
02-25 22:02:49.872 31650 31696 D RustNativeSupport: lib configured: fenix
02-25 22:02:49.872 31650 31696 D RustNativeSupport: lib version configured: 0.50.0
02-25 22:02:49.872 31650 31696 D RustNativeSupport: settled on fenix
02-25 22:02:49.878 31650 31696 D fxaclient_ffi: fxa_new
02-25 22:02:49.878 31650 31650 D FennecMigrator: This is not a Fennec installation. No migration needed.
02-25 22:02:49.901 31650 31650 D GeckoRuntime: Lifecycle: onStart
02-25 22:02:49.911 31650 31650 I [INFO][Leanplum]: [com.leanplum.internal.RequestOld::sendIfConnected::4]: Device is offline, will send later
02-25 22:02:49.923 31650 31655 I zygote  : Do partial code cache collection, code=28KB, data=31KB
02-25 22:02:49.925 31650 31655 I zygote  : After code cache collection, code=26KB, data=30KB
02-25 22:02:49.925 31650 31655 I zygote  : Increasing code cache capacity to 128KB
02-25 22:02:49.929 31650 31650 D GeckoRuntime: Lifecycle: onResume
02-25 22:02:49.930 31650 31650 D GeckoNetworkManager: Incoming event start for state OffNoListeners -> OnNoListeners
02-25 22:02:49.932 31650 31650 D GeckoNetworkManager: New network state: DOWN, NONE, UNKNOWN
02-25 22:02:49.952 31650 31714 D OpenGLRenderer: HWUI GL Pipeline
02-25 22:02:49.968 31650 31650 I glean/Glean: Registering pings for org.mozilla.fenix.GleanMetrics.Pings
02-25 22:02:49.984 31650 31650 D App     : ActivationPing - already generated
02-25 22:02:50.036  1456  3927 I ActivityManager: START u0 {act=android.intent.action.VIEW dat=about:blank typ=text/html cmp=org.mozilla.fennec_aurora/org.mozilla.fenix.HomeActivity (has extras)} from uid 11040
02-25 22:02:50.049 31650 31650 D GeckoNetworkManager: Incoming event receivedUpdate for state OnNoListeners -> OnNoListeners
02-25 22:02:50.050 31650 31650 D GeckoNetworkManager: New network state: DOWN, NONE, UNKNOWN
02-25 22:02:50.066 31650 31714 I Adreno  : QUALCOMM build                   : bb5b86c, I77d3059488
02-25 22:02:50.066 31650 31714 I Adreno  : Build Date                       : 06/07/18
02-25 22:02:50.066 31650 31714 I Adreno  : OpenGL ES Shader Compiler Version: EV031.22.00.01_06
02-25 22:02:50.066 31650 31714 I Adreno  : Local Branch                     : 
02-25 22:02:50.066 31650 31714 I Adreno  : Remote Branch                    : refs/tags/AU_LINUX_ANDROID_LA.UM.6.5.R1.08.01.00.312.086
02-25 22:02:50.066 31650 31714 I Adreno  : Remote Branch                    : NONE
02-25 22:02:50.066 31650 31714 I Adreno  : Reconstruct Branch               : NOTHING
02-25 22:02:50.067 31650 31714 D vndksupport: Loading /vendor/lib/hw/gralloc.msm8937.so from current namespace instead of sphal namespace.
02-25 22:02:50.077 31650 31714 I Adreno  : PFP: 0x005ff087, ME: 0x005ff063
02-25 22:02:50.087 31650 31714 I zygote  : android::hardware::configstore::V1_0::ISurfaceFlingerConfigs::hasWideColorDisplay retrieved: 0
02-25 22:02:50.089 31650 31655 I zygote  : Do partial code cache collection, code=55KB, data=47KB
02-25 22:02:50.089 31650 31714 I OpenGLRenderer: Initialized EGL, version 1.4
02-25 22:02:50.090 31650 31714 D OpenGLRenderer: Swap behavior 2
02-25 22:02:50.091 31650 31655 I zygote  : After code cache collection, code=47KB, data=42KB
02-25 22:02:50.092 31650 31655 I zygote  : Increasing code cache capacity to 256KB
02-25 22:02:50.129  1456  2916 I WindowManager: Keep hide if surface has never drawn Window{aa9d3 u0 org.mozilla.fennec_aurora/org.mozilla.fenix.IntentReceiverActivity}
02-25 22:02:50.131  1456  2916 I WindowManager: Failed to capture screenshot of Token{cad706b ActivityRecord{a6a39ba u0 org.mozilla.fennec_aurora/org.mozilla.fenix.IntentReceiverActivity t29572 f}} appWin=Window{aa9d3 u0 org.mozilla.fennec_aurora/org.mozilla.fenix.IntentReceiverActivity} drawState=1
02-25 22:02:50.138 31650 31650 D MigrationPushRenewer: Migration state: NONE
02-25 22:02:50.138 31650 31650 D MigrationTelemetryListener: Migration state: NONE
02-25 22:02:50.161  1456  1673 I LaunchCheckinHandler: Displayed org.mozilla.fennec_aurora/org.mozilla.fenix.IntentReceiverActivity,cp,ca,733
02-25 22:02:50.194 31650 31650 D PhoneWindow: Restoring navigation bar divider color to default value = 0x00000000
02-25 22:02:50.214 31650 31684 I Gecko:DumpUtils: Fifo watcher disabled via pref.
02-25 22:02:50.242 31650 31684 D GeckoSysInfo: System memory: 1867MB.
02-25 22:02:50.245 31650 31684 D GeckoThread: State changed to JNI_READY
02-25 22:02:50.246 31650 31731 I zygote  : Deoptimizing java.lang.Object androidx.collection.SimpleArrayMap.put(java.lang.Object, java.lang.Object) due to JIT inline cache
02-25 22:02:50.248 31650 31650 I NavController: Ignoring popBackStack to destination org.mozilla.fennec_aurora:id/browserFragment as it was not found on the current back stack
02-25 22:02:50.262  1456  2916 I ActivityManager: Start proc 31741:org.mozilla.fennec_aurora:tab/u0a1040 for service org.mozilla.fennec_aurora/org.mozilla.gecko.process.GeckoChildProcessServices$tab
02-25 22:02:50.376  1456  2916 I ActivityManager: Start proc 31760:org.mozilla.fennec_aurora:socket/u0a1040 for service org.mozilla.fennec_aurora/org.mozilla.gecko.process.GeckoChildProcessServices$socket
02-25 22:02:50.404 31741 31741 D GeckoThread: State changed to LAUNCHED
02-25 22:02:50.404 31741 31774 I GeckoThread: preparing to run Gecko
02-25 22:02:50.460 31650 31708 D RustNativeSupport: findMegazordLibraryName(places, 0.50.0
02-25 22:02:50.460 31650 31708 D RustNativeSupport: lib in use: none
02-25 22:02:50.460 31650 31708 D RustNativeSupport: lib configured: fenix
02-25 22:02:50.460 31650 31708 D RustNativeSupport: lib version configured: 0.50.0
02-25 22:02:50.460 31650 31708 D RustNativeSupport: settled on fenix
02-25 22:02:50.464 31650 31708 D places_ffi: places_api_new
02-25 22:02:50.514 31760 31760 D GeckoThread: State changed to LAUNCHED
02-25 22:02:50.515 31760 31779 I GeckoThread: preparing to run Gecko
02-25 22:02:50.530 31650 31696 W FirefoxAccountStateMachine: Got invalid event Event$Init for state NotAuthenticated.
02-25 22:02:50.533 31650 31708 D sql_support::conn_ext: Transaction commited after 47.060109ms
02-25 22:02:50.535 31650 31708 D places_ffi: places_connection_new
02-25 22:02:50.539 31650 31708 D places_ffi: places_connection_new
02-25 22:02:50.542 31650 31650 E [ERROR][Leanplum]: [com.leanplum.LeanplumFcmProvider$1::onComplete::2]: getInstanceId failed
02-25 22:02:50.555 31650 31708 D places_ffi: bookmarks_get_all_with_url
02-25 22:02:50.590 31760 31779 D GeckoThread: State changed to MOZGLUE_READY
02-25 22:02:50.601 31760 31779 W Settings: Setting animator_duration_scale has moved from android.provider.Settings.System to android.provider.Settings.Global, returning read-only global URI.
02-25 22:02:50.604 31760 31779 E GeckoLibLoad: Load sqlite start
02-25 22:02:50.622 31650 31776 W LOTTIE  : Animation contains merge paths. Merge paths are only supported on KitKat+ and must be manually enabled by calling enableMergePathsForKitKatAndAbove().
02-25 22:02:50.629 31760 31779 W GeckoLinker: /data/app/org.mozilla.fennec_aurora-ELdap3uMe5cv7ZErf3RBBQ==/lib/arm/libnss3.so: unhandled flags #8 not handled
02-25 22:02:50.635 31760 31779 W GeckoLinker: /data/app/org.mozilla.fennec_aurora-ELdap3uMe5cv7ZErf3RBBQ==/lib/arm/libnss3.so: Relocation to NULL @0x001b8ffc for symbol "__cxa_type_match"
02-25 22:02:50.636 31760 31779 E GeckoLibLoad: Load sqlite done
02-25 22:02:50.636 31760 31779 E GeckoLibLoad: Load nss start
02-25 22:02:50.636 31760 31779 E GeckoLibLoad: Load nss done
02-25 22:02:50.636 31760 31779 W GeckoLinker: /data/app/org.mozilla.fennec_aurora-ELdap3uMe5cv7ZErf3RBBQ==/lib/arm/libxul.so: unhandled flags #8 not handled
02-25 22:02:50.637 31760 31779 W GeckoLinker: /data/app/org.mozilla.fennec_aurora-ELdap3uMe5cv7ZErf3RBBQ==/lib/arm/liblgpllibs.so: unhandled flags #8 not handled
02-25 22:02:50.654 31650 31655 I zygote  : Do full code cache collection, code=126KB, data=99KB
02-25 22:02:50.656 31650 31655 I zygote  : After code cache collection, code=95KB, data=59KB
02-25 22:02:50.668  1456  2916 I ActivityManager: Displayed org.mozilla.fennec_aurora/org.mozilla.fenix.HomeActivity: +545ms (total +1s241ms)
02-25 22:02:50.668  1456  2916 I ActivityManager: Fully drawn org.mozilla.fennec_aurora/org.mozilla.fenix.HomeActivity: +545ms (total +1s241ms)
02-25 22:02:50.677 31760 31779 E GeckoLibLoad: Loaded libs in 41.023077ms total, 26ms(23ms) user, 13ms(16ms) system, 0(0) faults
02-25 22:02:50.677 31760 31779 D GeckoThread: State changed to LIBS_READY
02-25 22:02:50.678 31760 31779 W GeckoThread: zerdatime 15214264445 - runGecko
02-25 22:02:50.706 31650 31650 I zygote  : Deoptimizing void androidx.constraintlayout.widget.ConstraintLayout$Measurer.measure(androidx.constraintlayout.solver.widgets.ConstraintWidget, androidx.constraintlayout.solver.widgets.analyzer.BasicMeasure$Measure) due to JIT inline cache
02-25 22:02:50.728 31650 31714 D vndksupport: Loading /vendor/lib/hw/android.hardware.graphics.mapper@2.0-impl.so from current namespace instead of sphal namespace.
02-25 22:02:50.730 31650 31714 D vndksupport: Loading /vendor/lib/hw/gralloc.msm8937.so from current namespace instead of sphal namespace.
02-25 22:02:50.779 31650 31650 W LOTTIE  : Animation contains merge paths but they are disabled.
02-25 22:02:50.837 20270 20270 I MemoryTrimmer: Trimming objects from memory, since app is in the background.
02-25 22:02:50.844 20270 21092 E AudioSource: Stop listening is called on already closed AudioSource
02-25 22:02:50.847 20270  3805 I PBSessionCacheImpl: Deleted sessionId[89149984825584456] from persistence.
02-25 22:02:50.847 20270 23357 E chromium: [ERROR:aw_gl_functor.cc(102)] Received unexpected kModeProcessNoContext
02-25 22:02:50.847 20270 23357 E libEGL  : call to OpenGL ES API with no current context (logged once per thread)
02-25 22:02:50.850 20270 20270 I MemoryTrimmer: Trimming objects from memory, since app is in the background.
02-25 22:02:50.852  1456  7556 I WifiService: getWifiEnabledState uid=10073
02-25 22:02:50.855 20270 21092 I DEBUG   : OpaToSrpTransitionState#onStateChanged#notNullQuery
02-25 22:02:50.856 20270 21092 I DEBUG   : OpaToSrpTransitionState#onStateChanged#notNullQuery
02-25 22:02:50.858 20270 21092 W SearchServiceCore: Abort, client detached.
02-25 22:02:50.858 20270 21092 I chatty  : uid=10073(com.google.android.googlequicksearchbox) EventBus0 identical 1 line
02-25 22:02:50.859 20270 21092 W SearchServiceCore: Abort, client detached.
02-25 22:02:50.879 31760 31779 D GeckoThread: State changed to RUNNING
02-25 22:02:51.024 31650 31684 I Gecko   : 1582686171021	addons.xpi	WARN	List of valid built-in add-ons could not be parsed.: [Exception... "Component returned failure code: 0x80520012 (NS_ERROR_FILE_NOT_FOUND) [nsIXPCComponents_Utils.readUTF8URI]"  nsresult: "0x80520012 (NS_ERROR_FILE_NOT_FOUND)"  location: "JS frame :: resource://gre/modules/addons/XPIProvider.jsm :: startup :: line 2372"  data: no] Stack trace: startup()@resource://gre/modules/addons/XPIProvider.jsm:2372
02-25 22:02:51.024 31650 31684 I Gecko   : callProvider()@resource://gre/modules/AddonManager.jsm:215
02-25 22:02:51.024 31650 31684 I Gecko   : _startProvider()@resource://gre/modules/AddonManager.jsm:587
02-25 22:02:51.024 31650 31684 I Gecko   : startup()@resource://gre/modules/AddonManager.jsm:811
02-25 22:02:51.024 31650 31684 I Gecko   : startup()@resource://gre/modules/AddonManager.jsm:3482
02-25 22:02:51.024 31650 31684 I Gecko   : observe()@resource://gre/modules/addonManager.js:87
02-25 22:02:51.148   808   898 I SFPerfTracer:      triggers: (rate: 0:1) (0 sw vsyncs) (0 skipped) (24:4674050 vsyncs) (26:10533661)
02-25 22:02:51.152   808   808 I SFPerfTracer:      triggers: (rate: 57:1994190) (compose: 0:7) (post: 0:19) (render: 0:17) (7:8772100 frames) (8:10472121)
02-25 22:02:51.152   808   808 D SFPerfTracer:        layers: (4:13) (NavigationBar#0 (0xb07df000): 0:621860) (StatusBar#0 (0xb07e3000): 0:1658147) (com.android.systemui.ImageWallpaper#0 (0xb07e7000): 0:54902)* (Sprite#0 (0xb0733000): 0:317)* (DimLayerController/Stack=0#0 (0xb075a000): 0:3734)* (Sprite#1 (0xb077c000): 0:195)* (animation background stackId=1#0 (0xb039b000): 0:108)* (org.mozilla.fennec_aurora/org.mozilla.fenix.HomeActivity#0 (0xb015e000): 0:54)- (com.android.launcher3/com.android.launcher3.CustomizationPanelLauncher#0 (0xb0763000): 0:42)- (com.android.launcher3/com.android.launcher3.CustomizationPanelLauncher#1 (0xb0771000): 0:11)- (org.mozilla.fennec_aurora/org.mozilla.fenix.IntentReceiverActivity#0 (0xb013a000): 0:2)- (Splash Screen org.mozilla.fennec_aurora#0 (0xb0140000): 0:31)- (org.mozilla.fennec_aurora/org.mozilla.fenix.HomeActivity#0 (0xb015e000): 7:24) 
02-25 22:02:51.186 31650 31684 D GeckoThread: State changed to PROFILE_READY
02-25 22:02:51.267 31650 31684 D GeckoThread: State changed to RUNNING
02-25 22:02:51.283 31650 31684 W GeckoEventDispatcher: No listener for AndroidCastDevice:SyncDevice
02-25 22:02:51.289 31650 31684 I Gecko   : -*- nsDNSServiceDiscovery.js : nsDNSServiceDiscovery
02-25 22:02:51.388 31650 31684 W ResourceType: Too many attribute references, stopped at: 0x01010099
02-25 22:02:51.492 31650 31650 D GeckoNetworkManager: Incoming event enableNotifications for state OnNoListeners -> OnWithListeners
02-25 22:02:51.493 31650 31650 D GeckoNetworkManager: New network state: DOWN, NONE, UNKNOWN
02-25 22:02:51.494 31650 31650 D GeckoNetworkManager: Incoming event receivedUpdate for state OnWithListeners -> OnWithListeners
02-25 22:02:51.494 31650 31650 D GeckoNetworkManager: New network state: DOWN, NONE, UNKNOWN
02-25 22:02:51.497 31650 31684 W GeckoLinker: /data/app/org.mozilla.fennec_aurora-ELdap3uMe5cv7ZErf3RBBQ==/lib/arm/libsoftokn3.so: unhandled flags #8 not handled
02-25 22:02:51.498 31650 31684 W GeckoLinker: /data/app/org.mozilla.fennec_aurora-ELdap3uMe5cv7ZErf3RBBQ==/lib/arm/libsoftokn3.so: Relocation to NULL @0x0002cffc for symbol "__cxa_type_match"
02-25 22:02:51.499 31650 31684 W GeckoLinker: /data/app/org.mozilla.fennec_aurora-ELdap3uMe5cv7ZErf3RBBQ==/lib/arm/libfreebl3.so: unhandled flags #8 not handled
02-25 22:02:51.499 31650 31684 W GeckoLinker: /data/app/org.mozilla.fennec_aurora-ELdap3uMe5cv7ZErf3RBBQ==/lib/arm/libfreebl3.so: Relocation to NULL @0x0004fffc for symbol "__cxa_type_match"
02-25 22:02:51.530 31650 31818 W GeckoLinker: /data/app/org.mozilla.fennec_aurora-ELdap3uMe5cv7ZErf3RBBQ==/lib/arm/libnssckbi.so: unhandled flags #8 not handled
02-25 22:02:51.531 31650 31818 W GeckoLinker: /data/app/org.mozilla.fennec_aurora-ELdap3uMe5cv7ZErf3RBBQ==/lib/arm/libnssckbi.so: Relocation to NULL @0x00055ffc for symbol "__cxa_type_match"
02-25 22:02:51.550 31650 31684 W GeckoEventDispatcher: No listener for GeckoView:AccessibilityEnabled
02-25 22:02:51.553  1023 31829 D libc    : Internal error: netid(0), id(0x33ba), server(0.0.0.0)
02-25 22:02:51.553  1023 31829 D libc    : Internal error: netid(0), id(0x33ba), server(0.0.0.0)
02-25 22:02:51.554  1023 31829 D libc    : Internal error: netid(0), id(0x71bb), server(0.0.0.0)
02-25 22:02:51.554  1023 31829 D libc    : Internal error: netid(0), id(0x71bb), server(0.0.0.0)
02-25 22:02:51.692  1023 31835 D libc    : Internal error: netid(0), id(0x50d9), server(0.0.0.0)
02-25 22:02:51.692  1023 31835 D libc    : Internal error: netid(0), id(0x50d9), server(0.0.0.0)
02-25 22:02:51.692  1023 31835 D libc    : Internal error: netid(0), id(0x1194), server(0.0.0.0)
02-25 22:02:51.693  1023 31835 D libc    : Internal error: netid(0), id(0x1194), server(0.0.0.0)
02-25 22:02:51.693  1023 31837 D libc    : Internal error: netid(0), id(0x2cf), server(0.0.0.0)
02-25 22:02:51.693  1023 31837 D libc    : Internal error: netid(0), id(0x2cf), server(0.0.0.0)
02-25 22:02:51.693  1023 31837 D libc    : Internal error: netid(0), id(0x4bbe), server(0.0.0.0)
02-25 22:02:51.693  1023 31837 D libc    : Internal error: netid(0), id(0x4bbe), server(0.0.0.0)
02-25 22:02:51.695  1023 31841 D libc    : Internal error: netid(0), id(0xc98c), server(0.0.0.0)
02-25 22:02:51.695  1023 31841 D libc    : Internal error: netid(0), id(0xc98c), server(0.0.0.0)
02-25 22:02:51.695  1023 31841 D libc    : Internal error: netid(0), id(0x688d), server(0.0.0.0)
02-25 22:02:51.696  1023 31841 D libc    : Internal error: netid(0), id(0x688d), server(0.0.0.0)
02-25 22:02:51.717 31650 31684 W ResourceType: Too many attribute references, stopped at: 0x01010099
02-25 22:02:51.757 31650 31677 D App     : Could not fetch region from location service
02-25 22:02:51.757 31650 31677 D App     : java.io.IOException: org.mozilla.geckoview.WebRequestError: Request failed, error=0x25, category=0x5
02-25 22:02:51.757 31650 31677 D App     : 	at mozilla.components.browser.engine.gecko.fetch.GeckoViewFetchClient.fetch(GeckoViewFetchClient.kt:39)
02-25 22:02:51.757 31650 31677 D App     : 	at mozilla.components.service.location.MozillaLocationService$fetchRegion$2.invokeSuspend(MozillaLocationService.kt:27)
02-25 22:02:51.757 31650 31677 D App     : 	at mozilla.components.service.location.MozillaLocationService$fetchRegion$2.invoke(Unknown Source:10)
02-25 22:02:51.757 31650 31677 D App     : 	at kotlin.jvm.internal.Intrinsics.startUndispatchedOrReturn(Intrinsics.java:2)
02-25 22:02:51.757 31650 31677 D App     : 	at kotlin.jvm.internal.Intrinsics.withContext(Intrinsics.java:9)
02-25 22:02:51.757 31650 31677 D App     : 	at mozilla.components.service.location.MozillaLocationService.fetchRegion(MozillaLocationService.kt:2)
02-25 22:02:51.757 31650 31677 D App     : 	at mozilla.components.service.location.search.RegionSearchLocalizationProvider.determineRegion(RegionSearchLocalizationProvider.kt:5)
02-25 22:02:51.757 31650 31677 D App     : 	at mozilla.components.browser.search.provider.AssetsSearchEngineProvider.loadSearchEngines(AssetsSearchEngineProvider.kt:5)
02-25 22:02:51.757 31650 31677 D App     : 	at org.mozilla.fenix.components.searchengine.FenixSearchEngineProvider$baseSearchEngines$1.invokeSuspend(FenixSearchEngineProvider.kt:9)
02-25 22:02:51.757 31650 31677 D App     : 	at kotlin.coroutines.jvm.internal.BaseContinuationImpl.resumeWith(ContinuationImpl.kt:2)
02-25 22:02:51.757 31650 31677 D App     : 	at kotlinx.coroutines.DispatchedTask.run(DispatchedTask.kt:15)
02-25 22:02:51.757 31650 31677 D App     : 	at kotlinx.coroutines.scheduling.CoroutineScheduler.runSafely(CoroutineScheduler.kt:1)
02-25 22:02:51.757 31650 31677 D App     : 	at kotlinx.coroutines.scheduling.CoroutineScheduler$Worker.run(CoroutineScheduler.kt:15)
02-25 22:02:51.757 31650 31677 D App     : Caused by: org.mozilla.geckoview.WebRequestError: Request failed, error=0x25, category=0x5
02-25 22:02:51.757 31650 31677 D App     : 	at org.mozilla.gecko.mozglue.GeckoLoader.nativeRun(Native Method)
02-25 22:02:51.757 31650 31677 D App     : 	at org.mozilla.gecko.GeckoThread.run(GeckoThread.java:91)
02-25 22:02:51.757 31650 31678 D App     : Could not fetch region from location service
02-25 22:02:51.757 31650 31678 D App     : java.io.IOException: org.mozilla.geckoview.WebRequestError: Request failed, error=0x25, category=0x5
02-25 22:02:51.757 31650 31678 D App     : 	at mozilla.components.browser.engine.gecko.fetch.GeckoViewFetchClient.fetch(GeckoViewFetchClient.kt:39)
02-25 22:02:51.757 31650 31678 D App     : 	at mozilla.components.service.location.MozillaLocationService$fetchRegion$2.invokeSuspend(MozillaLocationService.kt:27)
02-25 22:02:51.757 31650 31678 D App     : 	at kotlin.coroutines.jvm.internal.BaseContinuationImpl.resumeWith(ContinuationImpl.kt:2)
02-25 22:02:51.757 31650 31678 D App     : 	at kotlinx.coroutines.DispatchedTask.run(DispatchedTask.kt:15)
02-25 22:02:51.757 31650 31678 D App     : 	at kotlinx.coroutines.scheduling.CoroutineScheduler.runSafely(CoroutineScheduler.kt:1)
02-25 22:02:51.757 31650 31678 D App     : 	at kotlinx.coroutines.scheduling.CoroutineScheduler$Worker.run(CoroutineScheduler.kt:15)
02-25 22:02:51.757 31650 31678 D App     : Caused by: org.mozilla.geckoview.WebRequestError: Request failed, error=0x25, category=0x5
02-25 22:02:51.757 31650 31678 D App     : 	at org.mozilla.gecko.mozglue.GeckoLoader.nativeRun(Native Method)
02-25 22:02:51.757 31650 31678 D App     : 	at org.mozilla.gecko.GeckoThread.run(GeckoThread.java:91)
02-25 22:02:51.901 31741 31774 D GeckoThread: State changed to MOZGLUE_READY
02-25 22:02:51.908 31741 31774 W Settings: Setting animator_duration_scale has moved from android.provider.Settings.System to android.provider.Settings.Global, returning read-only global URI.
02-25 22:02:51.910 31741 31774 E GeckoLibLoad: Load sqlite start
02-25 22:02:51.928 31741 31774 W GeckoLinker: /data/app/org.mozilla.fennec_aurora-ELdap3uMe5cv7ZErf3RBBQ==/lib/arm/libnss3.so: unhandled flags #8 not handled
02-25 22:02:51.933 31741 31774 W GeckoLinker: /data/app/org.mozilla.fennec_aurora-ELdap3uMe5cv7ZErf3RBBQ==/lib/arm/libnss3.so: Relocation to NULL @0x001b8ffc for symbol "__cxa_type_match"
02-25 22:02:51.933 31741 31774 E GeckoLibLoad: Load sqlite done
02-25 22:02:51.933 31741 31774 E GeckoLibLoad: Load nss start
02-25 22:02:51.933 31741 31774 E GeckoLibLoad: Load nss done
02-25 22:02:51.934 31741 31774 W GeckoLinker: /data/app/org.mozilla.fennec_aurora-ELdap3uMe5cv7ZErf3RBBQ==/lib/arm/libxul.so: unhandled flags #8 not handled
02-25 22:02:51.934 31741 31774 W GeckoLinker: /data/app/org.mozilla.fennec_aurora-ELdap3uMe5cv7ZErf3RBBQ==/lib/arm/liblgpllibs.so: unhandled flags #8 not handled
02-25 22:02:51.941 31650 31684 I GeckoSession: zerdatime 15214265709 - chrome startup finished
02-25 22:02:51.966 31741 31774 E GeckoLibLoad: Loaded libs in 32.071097ms total, 16ms(16ms) user, 10ms(13ms) system, 0(0) faults
02-25 22:02:51.966 31741 31774 D GeckoThread: State changed to LIBS_READY
02-25 22:02:51.966 31741 31774 W GeckoThread: zerdatime 15214265733 - runGecko
02-25 22:02:52.006 31650 31708 D App     : Could not fetch region from location service
02-25 22:02:52.006 31650 31708 D App     : java.io.IOException: org.mozilla.geckoview.WebRequestError: Request failed, error=0x25, category=0x5
02-25 22:02:52.006 31650 31708 D App     : 	at mozilla.components.browser.engine.gecko.fetch.GeckoViewFetchClient.fetch(GeckoViewFetchClient.kt:39)
02-25 22:02:52.006 31650 31708 D App     : 	at mozilla.components.service.location.MozillaLocationService$fetchRegion$2.invokeSuspend(MozillaLocationService.kt:27)
02-25 22:02:52.006 31650 31708 D App     : 	at mozilla.components.service.location.MozillaLocationService$fetchRegion$2.invoke(Unknown Source:10)
02-25 22:02:52.006 31650 31708 D App     : 	at kotlin.jvm.internal.Intrinsics.startUndispatchedOrReturn(Intrinsics.java:2)
02-25 22:02:52.006 31650 31708 D App     : 	at kotlin.jvm.internal.Intrinsics.withContext(Intrinsics.java:9)
02-25 22:02:52.006 31650 31708 D App     : 	at mozilla.components.service.location.MozillaLocationService.fetchRegion(MozillaLocationService.kt:2)
02-25 22:02:52.006 31650 31708 D App     : 	at mozilla.components.service.location.search.RegionSearchLocalizationProvider.determineRegion(RegionSearchLocalizationProvider.kt:5)
02-25 22:02:52.006 31650 31708 D App     : 	at mozilla.components.browser.search.provider.AssetsSearchEngineProvider.loadSearchEngines(AssetsSearchEngineProvider.kt:5)
02-25 22:02:52.006 31650 31708 D App     : 	at org.mozilla.fenix.components.searchengine.FenixSearchEngineProvider$bundledSearchEngines$1.invokeSuspend(FenixSearchEngineProvider.kt:21)
02-25 22:02:52.006 31650 31708 D App     : 	at kotlin.coroutines.jvm.internal.BaseContinuationImpl.resumeWith(ContinuationImpl.kt:2)
02-25 22:02:52.006 31650 31708 D App     : 	at kotlinx.coroutines.DispatchedTask.run(DispatchedTask.kt:15)
02-25 22:02:52.006 31650 31708 D App     : 	at kotlinx.coroutines.scheduling.CoroutineScheduler.runSafely(CoroutineScheduler.kt:1)
02-25 22:02:52.006 31650 31708 D App     : 	at kotlinx.coroutines.scheduling.CoroutineScheduler$Worker.run(CoroutineScheduler.kt:15)
02-25 22:02:52.006 31650 31708 D App     : Caused by: org.mozilla.geckoview.WebRequestError: Request failed, error=0x25, category=0x5
02-25 22:02:52.006 31650 31708 D App     : 	at org.mozilla.gecko.mozglue.GeckoLoader.nativeRun(Native Method)
02-25 22:02:52.006 31650 31708 D App     : 	at org.mozilla.gecko.GeckoThread.run(GeckoThread.java:91)
02-25 22:02:52.076 31650 31655 I zygote  : Do partial code cache collection, code=120KB, data=87KB
02-25 22:02:52.079 31650 31655 I zygote  : After code cache collection, code=115KB, data=85KB
02-25 22:02:52.079 31650 31655 I zygote  : Increasing code cache capacity to 512KB
02-25 22:02:52.478 31741 31774 D GeckoThread: State changed to RUNNING
02-25 22:02:52.518 31650 31650 D App     : Installed browser-icons extension
02-25 22:02:52.519 31650 31650 D mozac-webextensions: Installed extension: mozacWebchannel
02-25 22:02:52.521 31650 31650 D mozac-webextensions: Installed extension: mozacReaderview
02-25 22:02:52.568 31741 31774 W ResourceType: Too many attribute references, stopped at: 0x01010099
02-25 22:02:52.664 31650 31650 D GeckoSession: handleMessage GeckoView:PageStart uri=about:blank
02-25 22:02:52.688 31650 31684 D GeckoScreenOrientation: unlocking
02-25 22:02:52.698 31650 31650 D GeckoSession: handleMessage GeckoView:LocationChange uri=about:blank
02-25 22:02:52.698 31650 31650 D GeckoSession: handleMessage GeckoView:PageStop uri=null
02-25 22:02:52.706 31650 31650 I SessionStorage/AutoSave: Save: Load finished
02-25 22:02:52.718 31650 31880 D SessionStorage/AutoSave: Saved state to disk [11ms]
02-25 22:02:52.720 31650 31650 D GeckoSession: handleMessage GeckoView:OnLoadRequest uri=about:blank
02-25 22:02:52.733 31650 31650 D GeckoSession: handleMessage GeckoView:OnLoadRequest uri=about:blank
02-25 22:02:52.854 31650 31650 D mozac-webcompat: Installed WebCompat webextension: webcompat@mozilla.com
02-25 22:02:52.862 31650 31650 D GeckoSession: handleMessage GeckoView:PageStart uri=about:blank
02-25 22:02:52.891 31650 31650 D GeckoSession: handleMessage GeckoView:PageStop uri=null
02-25 22:02:52.898 31650 31650 I SessionStorage/AutoSave: Save: Load finished
02-25 22:02:52.899 31650 31880 D SessionStorage/AutoSave: Delaying save (1808ms)
02-25 22:02:52.927 31650 31650 D GeckoSession: handleMessage GeckoView:PageStart uri=about:blank
02-25 22:02:52.951 31650 31650 D GeckoSession: handleMessage GeckoView:SecurityChanged uri=null
02-25 22:02:52.974 31650 31650 D GeckoSession: handleMessage GeckoView:PageStop uri=null
02-25 22:02:52.981 31650 31650 I SessionStorage/AutoSave: Save: Load finished
02-25 22:02:52.981 31650 31650 D SessionStorage/AutoSave: Skipping save, other job already in flight
02-25 22:02:53.659 31650 31650 D GeckoSession: handleMessage GeckoView:StateUpdated uri=null
02-25 22:02:53.659 31650 31650 W GeckoSession: No history entries found.
02-25 22:02:54.723 31650 31880 D SessionStorage/AutoSave: Saved state to disk [14ms]
02-25 22:02:55.078 31912 31912 D AndroidRuntime: >>>>>> START com.android.internal.os.RuntimeInit uid 2000 <<<<<<
02-25 22:02:55.091 31912 31912 W app_process: Could not reserve sentinel fault page
02-25 22:02:55.256 31912 31912 I app_process: The ClassLoaderContext is a special shared library.
02-25 22:02:55.326 31912 31912 D AndroidRuntime: Calling main entry com.android.commands.input.Input
02-25 22:02:55.327 31912 31912 I Input   : injectKeyEvent: KeyEvent { action=ACTION_DOWN, keyCode=KEYCODE_HOME, scanCode=0, metaState=0, flags=0x0, repeatCount=0, eventTime=14762230607, downTime=14762230607, deviceId=-1, source=0x101 }
02-25 22:02:55.337 31912 31912 I Input   : injectKeyEvent: KeyEvent { action=ACTION_UP, keyCode=KEYCODE_HOME, scanCode=0, metaState=0, flags=0x0, repeatCount=0, eventTime=14762230607, downTime=14762230607, deviceId=-1, source=0x101 }
02-25 22:02:55.343  1456  1941 I ActivityManager: START u0 {act=android.intent.action.MAIN cat=[android.intent.category.HOME] flg=0x10200000 cmp=com.android.launcher3/.CustomizationPanelLauncher (has extras)} from uid 1000
02-25 22:02:55.343   794   839 E ANDR-PERF-RESOURCEQS: Failed to apply optimization [4, 0]
02-25 22:02:55.356  1456  1941 I ActivityManager: moveHomeStack, setupComplete:true
02-25 22:02:55.360 31912 31912 D AndroidRuntime: Shutting down VM
02-25 22:02:55.366 20270 23357 I OpenGLRenderer: Initialized EGL, version 1.4
02-25 22:02:55.366 20270 23357 D OpenGLRenderer: Swap behavior 2
02-25 22:02:55.373 31650 31650 I zygote  : Deoptimizing kotlin.coroutines.CoroutineContext$Element kotlin.coroutines.CoroutineContext$Element$DefaultImpls.get(kotlin.coroutines.CoroutineContext$Element, kotlin.coroutines.CoroutineContext$Key) due to JIT inline cache
