02-25 22:08:17.593   808   808 D SFPerfTracer:        layers: (3:14) (NavigationBar#0 (0xb07df000): 1:622432) (StatusBar#0 (0xb07e3000): 1:1658765) (com.android.systemui.ImageWallpaper#0 (0xb07e7000): 0:54957)* (Sprite#0 (0xb0733000): 0:317)* (DimLayerController/Stack=0#0 (0xb075a000): 0:3734)* (Sprite#1 (0xb077c000): 0:195)* (animation background stackId=1#0 (0xb039b000): 0:108)* (org.mozilla.fennec_aurora/org.mozilla.fenix.HomeActivity#0 (0xb0140000): 0:46)- (com.android.launcher3/com.android.launcher3.CustomizationPanelLauncher#0 (0xb0763000): 0:40)- (com.android.launcher3/com.android.launcher3.CustomizationPanelLauncher#1 (0xb0771000): 0:11)- (Splash Screen org.mozilla.fennec_aurora#0 (0xb013a000): 0:31)- (org.mozilla.fennec_aurora/org.mozilla.fenix.HomeActivity#0 (0xb0140000): 0:23) (com.android.launcher3/com.android.launcher3.CustomizationPanelLauncher#0 (0xb0763000): 1:5)* (com.android.launcher3/com.android.launcher3.CustomizationPanelLauncher#1 (0xb0771000): 0:3)* 
02-25 22:08:17.594 20270 21131 I MicroDataManager: isInitializing-false locale not changed-true model not changed-true
02-25 22:08:17.594 20270 21131 I MicroDataManager: Already initialized, obtaining the hotword data immediately.
02-25 22:08:17.598 20270 21400 I MicroRecognitionRunner: Starting detection.
02-25 22:08:17.598 20270 21400 I InputStreamUtils: Using micInputStream
02-25 22:08:17.598 20270  3805 I MicrophoneInputStream: mic_starting  SR : 16000 CC : 16 SO : 1999
02-25 22:08:17.601   788  1479 V msm8974_platform: platform_check_input_mask: enter check_input_mask source 6 mask 10
02-25 22:08:17.603  1012  8301 I AudioFlinger: AudioFlinger's thread 0xb24834c0 tid=8301 ready to run
02-25 22:08:17.611   788  1479 D audio_hw_primary: in_set_parameters: enter: kvpairs=input_source=6;routing=-2147483644
02-25 22:08:17.612  1012 19499 D APM_AudioPolicyManager: AudioPolicyManager::startInput() input 164054, session 164161, source = 1999
02-25 22:08:17.613 20270  3805 I MicrophoneInputStream: mic_started  SR : 16000 CC : 16 SO : 1999
02-25 22:08:17.614   788  8302 V msm8974_platform: platform_update_usecase_from_source: input source :6
02-25 22:08:17.614   788  8302 V msm8974_platform: platform_check_input_mask: enter check_input_mask source 6 mask 10
02-25 22:08:17.614   788  8302 V msm8974_platform: platform_get_input_snd_device: enter: out_device(0) in_device(0x4) channel_count (1) channel_mask (0x10)
02-25 22:08:17.614   788  8302 V msm8974_platform: platform_get_input_snd_device: exit: in_snd_device(voice-rec-mic)
02-25 22:08:17.615   788  8302 V msm8974_platform: platform_get_backend_index:napb: backend port - 5 device - 120 
02-25 22:08:17.615   788  8302 V msm8974_platform: platform_check_and_set_capture_backend_cfg:txbecf: afe: bitwidth 0, samplerate 0, channel 1, backend_idx 5 usecase = 9 device (voice-rec-mic)
02-25 22:08:17.615   788  8302 V msm8974_platform: platform_check_capture_backend_cfg:txbecf: afe: Codec selected backend: 5 current bit width: 0 and sample rate: 0, channels 1
02-25 22:08:17.615   788  8302 V msm8974_platform: platform_check_capture_backend_cfg:txbecf: afe: Codec selected backend: 5 updated bit width: 0 and sample rate: 0
02-25 22:08:17.615   788  8302 I msm8974_platform: platform_check_capture_backend_cfg:txbecf: afe: Codec backend needs to be updated. new bit width: 0 new sample rate: 0 new channel: 1
02-25 22:08:17.615   788  8302 V msm8974_platform: platform_get_backend_index:napb: backend port - 5 device - 120 
02-25 22:08:17.615   788  8302 V msm8974_platform: platform_set_backend_cfg:becf: afe: bitwidth 0, samplerate 0 channels 1, backend_idx 5 device (voice-rec-mic)
02-25 22:08:17.615   788  8302 E msm8974_platform: platform_set_backend_cfg:becf: afe: Could not get ctl for mixer command - SLIM_0_TX Format
02-25 22:08:17.615   788  8302 V msm8974_platform: platform_send_audio_calibration: sending audio calibration for snd_device(120) acdb_id(62)
02-25 22:08:17.615   788  8302 D ACDB-LOADER: ACDB -> send_audio_cal, acdb_id = 62, path = 1, app id = 0x11130, sample rate = 48000
02-25 22:08:17.615   788  8302 D ACDB-LOADER: ACDB -> send_asm_topology
02-25 22:08:17.615   788  8302 D ACDB-LOADER: ACDB -> ACDB_CMD_GET_AUDPROC_STREAM_TOPOLOGY_ID
02-25 22:08:17.616   788  8302 D ACDB-LOADER: ACDB -> send_adm_topology
02-25 22:08:17.616   788  8302 D ACDB-LOADER: ACDB -> ACDB_CMD_GET_AUDPROC_COMMON_TOPOLOGY_ID
02-25 22:08:17.616   788  8302 D ACDB-LOADER: ACDB -> send_audtable
02-25 22:08:17.616   788  8302 D ACDB-LOADER: ACDB -> ACDB_CMD_GET_AUDPROC_COMMON_TABLE_SIZE
02-25 22:08:17.616   788  8302 D ACDB-LOADER: ACDB -> ACDB_CMD_GET_AUDPROC_COMMON_TABLE
02-25 22:08:17.616   788  8302 D ACDB-LOADER: ACDB -> AUDIO_SET_AUDPROC_CAL
02-25 22:08:17.616   788  8302 D ACDB-LOADER: ACDB -> send_audvoltable
02-25 22:08:17.616   788  8302 D ACDB-LOADER: ACDB -> ACDB_CMD_GET_AUDPROC_VOL_STEP_TABLE_SIZE
02-25 22:08:17.616   788  8302 D ACDB-LOADER: ACDB -> ACDB_CMD_GET_AUDPROC_GAIN_DEP_STEP_TABLE, vol index 0
02-25 22:08:17.616   788  8302 D         : Failed to fetch the lookup information of the device 0000003E 
02-25 22:08:17.616   788  8302 D ACDB-LOADER: ACDB -> AUDIO_SET_VOL_CAL cal type = 12
02-25 22:08:17.616   788  8302 D ACDB-LOADER: ACDB -> ACDB_CMD_GET_AUDPROC_STREAM_TABLE_SIZE
02-25 22:08:17.616   788  8302 D ACDB-LOADER: ACDB -> send_audstrmtable
02-25 22:08:17.616   788  8302 D ACDB-LOADER: ACDB -> ACDB_CMD_GET_AUDPROC_STREAM_TABLE_V2
02-25 22:08:17.616   788  8302 D ACDB-LOADER: ACDB -> audstrm_cal->cal_type.cal_data.cal_size = 456
02-25 22:08:17.616   788  8302 D ACDB-LOADER: ACDB -> send_afe_topology
02-25 22:08:17.617   788  8302 D ACDB-LOADER: ACDB -> ACDB_CMD_GET_AFE_TOPOLOGY_ID
02-25 22:08:17.617   788  8302 D ACDB-LOADER: ACDB -> GET_AFE_TOPOLOGY_ID for adcd_id 62, Topology Id 112fb
02-25 22:08:17.617   788  8302 D ACDB-LOADER: ACDB -> send_afe_cal
02-25 22:08:17.617   788  8302 D ACDB-LOADER: ACDB -> ACDB_CMD_GET_AFE_COMMON_TABLE_SIZE
02-25 22:08:17.617   788  8302 D         : Failed to fetch the lookup information of the device 0000003E 
02-25 22:08:17.617   788  8302 E ACDB-LOADER: Error: ACDB_CMD_GET_AFE_COMMON_TABLE_SIZE Returned = -19
02-25 22:08:17.617   788  8302 D ACDB-LOADER: ACDB -> ACDB_CMD_GET_AFE_COMMON_TABLE
02-25 22:08:17.617   788  8302 D         : Failed to fetch the lookup information of the device 0000003E 
02-25 22:08:17.617   788  8302 D ACDB-LOADER: ACDB -> AUDIO_SET_AFE_CAL
02-25 22:08:17.617   788  8302 D ACDB-LOADER: ACDB -> send_hw_delay : acdb_id = 62 path = 1
02-25 22:08:17.617   788  8302 D ACDB-LOADER: ACDB -> ACDB_AVSYNC_INFO: ACDB_CMD_GET_DEVICE_PROPERTY
02-25 22:08:17.617   788  8302 D audio_hw_primary: enable_snd_device: snd_device(120: voice-rec-mic)
02-25 22:08:17.617   788  8302 D audio_route: Apply path: voice-rec-mic
02-25 22:08:17.620   788  8302 V msm8974_platform: platform_get_snd_device_backend_index: enter with device 120
02-25 22:08:17.620   788  8302 E msm8974_platform: platform_get_snd_device_backend_index: BE DAI Name Table is not present
02-25 22:08:17.620   788  8302 V msm8974_platform: platform_get_backend_index:napb: backend port - 5 device - 120 
02-25 22:08:17.620   788  8302 I audio_hw_utils: Set Audio Stream Capture 0 App Type Cfg: app_type 69936, acdb_dev_id 62, sample_rate 48000, snd_device_be_idx -14
02-25 22:08:17.620   788  8302 D audio_hw_primary: enable_audio_route: usecase(9) apply and update mixer path: audio-record
02-25 22:08:17.620   788  8302 D audio_route: Apply path: audio-record
02-25 22:08:17.690 20270 21092 I MicroDetectionWorker: onReady
02-25 22:08:17.995  1456  7796 I OpenGLRenderer: Initialized EGL, version 1.4
02-25 22:08:17.995  1456  7796 D OpenGLRenderer: Swap behavior 2
02-25 22:08:18.042  2748  2917 W OpenGLRenderer: Incorrectly called buildLayer on View: ShortcutAndWidgetContainer, destroying layer...
02-25 22:08:19.552   769  1892 I MotoSensors: Sensorhub hal setDelay: 1 - 20
02-25 22:08:19.552   769  1892 I MotoSensors: Sensorhub hal setdelay: 1 - 20
02-25 22:08:19.552   769  1892 I MotoSensors: HubSensors::updateAccelRate 200
02-25 22:08:19.552   769  1892 I MotoSensors: Sensorhub hal enable: 1 - 1
02-25 22:08:19.552   769  1892 I MotoSensors: HubSensors::updateAccelRate 20
02-25 22:08:20.075   769  1892 I MotoSensors: Sensorhub hal enable: 1 - 0
02-25 22:08:22.602  1456  2920 I ActivityManager: Force stopping org.mozilla.fennec_aurora appid=11041 user=0: from pid 8306
02-25 22:08:22.602  1456  2920 I ActivityManager: Killing 8057:org.mozilla.fennec_aurora/u0a1041 (adj 700): stop org.mozilla.fennec_aurora
02-25 22:08:22.605  1456  1605 W zygote  : kill(-8057, 9) failed: No such process
02-25 22:08:22.606  1456  2920 W ActivityManager: Force removing ActivityRecord{33a4031 u0 org.mozilla.fennec_aurora/org.mozilla.fenix.HomeActivity t29619}: app died, no saved state
02-25 22:08:22.615  1456  2920 I ActivityManager: Killing 8167:org.mozilla.fennec_aurora:socket/u0a1041 (adj 0): stop org.mozilla.fennec_aurora
02-25 22:08:22.618  1456  2920 I ActivityManager: Killing 8140:org.mozilla.fennec_aurora:tab/u0a1041 (adj 0): stop org.mozilla.fennec_aurora
02-25 22:08:22.624  1456  1605 W zygote  : kill(-8057, 9) failed: No such process
02-25 22:08:22.630  2398  2398 D CarrierSvcBindHelper: No carrier app for: 0
02-25 22:08:22.631  2398  2398 D CarrierSvcBindHelper: No carrier app for: 1
02-25 22:08:22.637  1456  1605 W zygote  : kill(-8057, 9) failed: No such process
02-25 22:08:22.682  1456  1471 D ConnectivityService: ConnectivityService NetworkRequestInfo binderDied(NetworkRequest [ TRACK_DEFAULT id=28387, [ Capabilities: INTERNET&NOT_RESTRICTED&TRUSTED&NOT_VPN] ], android.os.BinderProxy@ef7b086)
02-25 22:08:22.682  1456  2067 D ConnectivityService: releasing NetworkRequest [ TRACK_DEFAULT id=28387, [ Capabilities: INTERNET&NOT_RESTRICTED&TRUSTED&NOT_VPN] ] (release request)
02-25 22:08:22.682  1456  1673 W ActivityManager: setHasOverlayUi called on unknown pid: 8057
02-25 22:08:22.699  1456  1605 W zygote  : kill(-8057, 9) failed: No such process
02-25 22:08:22.699  1456  1605 I zygote  : Successfully killed process cgroup uid 11041 pid 8057 in 94ms
02-25 22:08:22.699  1456  1605 W zygote  : kill(-8167, 9) failed: No such process
02-25 22:08:22.699  1456  1605 I zygote  : Successfully killed process cgroup uid 11041 pid 8167 in 0ms
02-25 22:08:22.700  1456  1605 W zygote  : kill(-8140, 9) failed: No such process
02-25 22:08:22.700  1456  1605 I zygote  : Successfully killed process cgroup uid 11041 pid 8140 in 0ms
02-25 22:08:22.731  1456  4829 I ActivityManager: START u0 {act=android.intent.action.MAIN cat=[android.intent.category.LAUNCHER] flg=0x10000000 cmp=org.mozilla.fennec_aurora/org.mozilla.fenix.HomeActivity} from uid 2000
02-25 22:08:22.732   794   839 E ANDR-PERF-RESOURCEQS: Failed to apply optimization [4, 0]
02-25 22:08:22.751  1456  5797 I ActivityManager: Start proc 8314:org.mozilla.fennec_aurora/u0a1041 for activity org.mozilla.fennec_aurora/org.mozilla.fenix.HomeActivity
02-25 22:08:22.839 20270 21092 I MicroDetectionState: Should stop hotword detection immediately - false
02-25 22:08:22.840 20270 21092 I MicroDetector: Keeping mic open: false
02-25 22:08:22.840 20270 17075 E DeviceStateChecker: DeviceStateChecker cancelled
02-25 22:08:22.840 20270 21092 I RecognitionAudioControl: #shutdownAudio [requestId: 2659605573463128062, keepAudioOpen: false, forced: true]
02-25 22:08:22.840 20270 21092 I RecognitionAudioControl: #internalShutdownAudio [requestId: 2659605573463128062]
02-25 22:08:22.840 20270 21092 I RecognitionAudioControl: #internalShutdownAudio [keepAudioOpen: false, forced: true]
02-25 22:08:22.840 20270 21092 I RecognitionAudioControl: #actualShutdownAudio
02-25 22:08:22.840 20270 21092 I AudioController: #shutdown [requestId=2659605573463128062]
02-25 22:08:22.841 20270 21118 I AudioController: internalShutdown
02-25 22:08:22.841 20270 21108 I MicroRecognitionRunner: Stopping hotword detection.
02-25 22:08:22.891   788  1479 D audio_hw_primary: disable_audio_route: usecase(9) reset and update mixer path: audio-record
02-25 22:08:22.892   788  1479 D audio_hw_primary: disable_snd_device: snd_device(120: voice-rec-mic)
02-25 22:08:22.894  1012  1012 D APM_AudioPolicyManager: stopInput() input 164054, session 164161
02-25 22:08:22.894   788  1479 D audio_hw_primary: in_set_parameters: enter: kvpairs=routing=0
02-25 22:08:22.895 20270 21118 I MicrophoneInputStream: mic_close  SR : 16000 CC : 16 SO : 1999
02-25 22:08:22.896 20270 21118 E AudioSource: Stop listening is called on already closed AudioSource
02-25 22:08:22.897 20270 21400 I MicroRecognitionRunner: Detection finished
02-25 22:08:22.917  8314  8314 I chatty  : uid=11041(org.mozilla.fennec_aurora) expire 20 lines
02-25 22:08:22.990  8314  8336 I chatty  : uid=11041(org.mozilla.fennec_aurora) expire 4 lines
02-25 22:08:23.011  8314  8344 I chatty  : uid=11041(org.mozilla.fennec_aurora) expire 11 lines
02-25 22:08:23.040  8314  8343 I chatty  : uid=11041(org.mozilla.fennec_aurora) expire 11 lines
02-25 22:08:23.076  8314  8350 I chatty  : uid=11041(org.mozilla.fennec_aurora) expire 16 lines
02-25 22:08:23.165  8314  8353 I chatty  : uid=11041(org.mozilla.fennec_aurora) expire 1 line
02-25 22:08:23.180  8314  8364 I chatty  : uid=11041(org.mozilla.fennec_aurora) expire 10 lines
02-25 22:08:23.186  8314  8314 I chatty  : uid=11041(org.mozilla.fennec_aurora) expire 31 lines
02-25 22:08:23.260  8314  8321 I chatty  : uid=11041(org.mozilla.fennec_aurora) expire 8 lines
02-25 22:08:23.479  8314  8314 E ActivityThread: Failed to find provider info for org.mozilla.fennec_aurora.fxa.auth
02-25 22:08:23.502  8314  8350 I chatty  : uid=11041(org.mozilla.fennec_aurora) expire 14 lines
02-25 22:08:23.553  1456  2920 I ActivityManager: Start proc 8398:org.mozilla.fennec_aurora:tab/u0a1041 for service org.mozilla.fennec_aurora/org.mozilla.gecko.process.GeckoChildProcessServices$tab
02-25 22:08:23.565  8314  8410 I chatty  : uid=11041(org.mozilla.fennec_aurora) expire 9 lines
02-25 22:08:23.665  1456  2204 I ActivityManager: Start proc 8424:org.mozilla.fennec_aurora:socket/u0a1041 for service org.mozilla.fennec_aurora/org.mozilla.gecko.process.GeckoChildProcessServices$socket
02-25 22:08:23.682  8398  8398 I chatty  : uid=11041(org.mozilla.fennec_aurora) expire 2 lines
02-25 22:08:23.682  8398  8438 I chatty  : uid=11041(org.mozilla.fennec_aurora) expire 1 line
02-25 22:08:23.789  8424  8424 I chatty  : uid=11041(org.mozilla.fennec_aurora) expire 2 lines
02-25 22:08:23.790  8424  8442 I chatty  : uid=11041(org.mozilla.fennec_aurora) expire 15 lines
02-25 22:08:23.894  1456  2920 I ActivityManager: Displayed org.mozilla.fennec_aurora/org.mozilla.fenix.HomeActivity: +1s155ms
02-25 22:08:23.894  1456  2920 I ActivityManager: Fully drawn org.mozilla.fennec_aurora/org.mozilla.fenix.HomeActivity: +1s155ms
02-25 22:08:23.947  1456  1673 I LaunchCheckinHandler: Displayed org.mozilla.fennec_aurora/org.mozilla.fenix.HomeActivity,cp,ca,1208
02-25 22:08:23.955  8314  8314 E ActivityThread: Failed to find provider info for org.mozilla.fennec_aurora.fxa.auth
02-25 22:08:24.026 20270 20270 I MemoryTrimmer: Trimming objects from memory, since app is in the background.
02-25 22:08:24.032 20270 21092 E AudioSource: Stop listening is called on already closed AudioSource
02-25 22:08:24.034 20270 23357 E chromium: [ERROR:aw_gl_functor.cc(102)] Received unexpected kModeProcessNoContext
02-25 22:08:24.034 20270 23357 E libEGL  : call to OpenGL ES API with no current context (logged once per thread)
02-25 22:08:24.034 20270  3805 I PBSessionCacheImpl: Deleted sessionId[89149984825584594] from persistence.
02-25 22:08:24.035 20270 20270 I MemoryTrimmer: Trimming objects from memory, since app is in the background.
02-25 22:08:24.042  1456  2204 I WifiService: getWifiEnabledState uid=10073
02-25 22:08:24.043 20270 21092 I DEBUG   : OpaToSrpTransitionState#onStateChanged#notNullQuery
02-25 22:08:24.044 20270 21092 I DEBUG   : OpaToSrpTransitionState#onStateChanged#notNullQuery
02-25 22:08:24.046 20270 21092 W SearchServiceCore: Abort, client detached.
02-25 22:08:24.046 20270 21092 I chatty  : uid=10073(com.google.android.googlequicksearchbox) EventBus0 identical 2 lines
02-25 22:08:24.048 20270 21092 W SearchServiceCore: Abort, client detached.
02-25 22:08:24.830  1023  8494 D libc    : Internal error: netid(0), id(0xeaf8), server(0.0.0.0)
02-25 22:08:24.830  1023  8494 D libc    : Internal error: netid(0), id(0xeaf8), server(0.0.0.0)
02-25 22:08:24.830  1023  8494 D libc    : Internal error: netid(0), id(0x49f0), server(0.0.0.0)
02-25 22:08:24.831  1023  8494 D libc    : Internal error: netid(0), id(0x49f0), server(0.0.0.0)
02-25 22:08:24.862  8314  8489 I chatty  : uid=11041(org.mozilla.fennec_aurora) expire 2 lines
02-25 22:08:25.002  1023  8499 D libc    : Internal error: netid(0), id(0xca7), server(0.0.0.0)
02-25 22:08:25.002  1023  8499 D libc    : Internal error: netid(0), id(0xca7), server(0.0.0.0)
02-25 22:08:25.002  1023  8499 D libc    : Internal error: netid(0), id(0x8dd6), server(0.0.0.0)
02-25 22:08:25.002  1023  8499 D libc    : Internal error: netid(0), id(0x8dd6), server(0.0.0.0)
02-25 22:08:25.005  1023  8503 D libc    : Internal error: netid(0), id(0x119c), server(0.0.0.0)
02-25 22:08:25.005  1023  8503 D libc    : Internal error: netid(0), id(0x119c), server(0.0.0.0)
02-25 22:08:25.005  1023  8503 D libc    : Internal error: netid(0), id(0x1c83), server(0.0.0.0)
02-25 22:08:25.005  1023  8503 D libc    : Internal error: netid(0), id(0x1c83), server(0.0.0.0)
02-25 22:08:25.007  1023  8507 D libc    : Internal error: netid(0), id(0x3f89), server(0.0.0.0)
02-25 22:08:25.007  1023  8507 D libc    : Internal error: netid(0), id(0x3f89), server(0.0.0.0)
02-25 22:08:25.008  1023  8507 D libc    : Internal error: netid(0), id(0x8ad2), server(0.0.0.0)
02-25 22:08:25.008  1023  8507 D libc    : Internal error: netid(0), id(0x8ad2), server(0.0.0.0)
02-25 22:08:25.039  8314  8344 I chatty  : uid=11041(org.mozilla.fennec_aurora) expire 1 line
02-25 22:08:25.039  8314  8346 I chatty  : uid=11041(org.mozilla.fennec_aurora) expire 1 line
02-25 22:08:25.040  8314  8372 I chatty  : uid=11041(org.mozilla.fennec_aurora) expire 1 line
02-25 22:08:25.078  8314  8525 I chatty  : uid=11041(org.mozilla.fennec_aurora) expire 1 line
02-25 22:08:27.128  2398  2398 D QtiCarrierConfigHelper: WARNING, no carrier configs on phone Id: 0
02-25 22:08:27.161   808   898 I SFPerfTracer:      triggers: (rate: 0:1) (0 sw vsyncs) (0 skipped) (0:4676378 vsyncs) (1:10536770)
02-25 22:08:28.393  8539  8539 D AndroidRuntime: >>>>>> START com.android.internal.os.RuntimeInit uid 2000 <<<<<<
02-25 22:08:28.406  8539  8539 W app_process: Could not reserve sentinel fault page
02-25 22:08:28.572  8539  8539 I app_process: The ClassLoaderContext is a special shared library.
02-25 22:08:28.638  8539  8539 D AndroidRuntime: Calling main entry com.android.commands.input.Input
02-25 22:08:28.646  8539  8539 I Input   : injectKeyEvent: KeyEvent { action=ACTION_DOWN, keyCode=KEYCODE_HOME, scanCode=0, metaState=0, flags=0x0, repeatCount=0, eventTime=14762563919, downTime=14762563919, deviceId=-1, source=0x101 }
02-25 22:08:28.652  8539  8539 I Input   : injectKeyEvent: KeyEvent { action=ACTION_UP, keyCode=KEYCODE_HOME, scanCode=0, metaState=0, flags=0x0, repeatCount=0, eventTime=14762563919, downTime=14762563919, deviceId=-1, source=0x101 }
02-25 22:08:28.659  1456  1941 I ActivityManager: START u0 {act=android.intent.action.MAIN cat=[android.intent.category.HOME] flg=0x10200000 cmp=com.android.launcher3/.CustomizationPanelLauncher (has extras)} from uid 1000
02-25 22:08:28.659   794   839 E ANDR-PERF-RESOURCEQS: Failed to apply optimization [4, 0]
02-25 22:08:28.671  1456  1941 I ActivityManager: moveHomeStack, setupComplete:true
02-25 22:08:28.674  8539  8539 D AndroidRuntime: Shutting down VM
02-25 22:08:28.692 20270 23357 I OpenGLRenderer: Initialized EGL, version 1.4
02-25 22:08:28.692 20270 23357 D OpenGLRenderer: Swap behavior 2
02-25 22:08:28.702  2748  2748 D Launcher.Utilities: Wakeup weather: Intent { act=com.motorola.launcher3.action.WAKEUP_WEATHER cmp=com.motorola.timeweatherwidget/com.motorola.commandcenter.weather.WakeUpService }
02-25 22:08:28.718  1456  1456 I NotificationService: Cannot find enqueued record for key: 0|com.motorola.timeweatherwidget|1|null|10116
02-25 22:08:28.724   808   808 D SurfaceFlinger: duplicate layer name: changing com.android.launcher3/com.android.launcher3.CustomizationPanelLauncher to com.android.launcher3/com.android.launcher3.CustomizationPanelLauncher#1
02-25 22:08:28.731 20270 21105 W ThreadPoolDumper: Queue length for executor EventBus is now 11. Perhaps some tasks are too long, or the pool is too small.
02-25 22:08:28.735  1456  5027 I WifiService: getWifiEnabledState uid=10073
02-25 22:08:28.746  1456  5027 I WifiService: getWifiEnabledState uid=10073
02-25 22:08:28.758 20270 21092 I DEBUG   : OpaToSrpTransitionState#onStateChanged#notNullQuery
02-25 22:08:28.758 20270 21092 I DEBUG   : OpaToSrpTransitionState#onStateChanged#notNullQuery
02-25 22:08:28.774 20270 21092 I MicroDetectionState: Should stop hotword detection immediately - false
02-25 22:08:28.778 20270 21092 I MicroDetectionWorker: #startMicroDetector [speakerMode: 0]
02-25 22:08:28.779 20270 21092 I AudioController: Created new AudioSource
02-25 22:08:28.809  1456  1673 I LaunchCheckinHandler: Displayed com.android.launcher3/.CustomizationPanelLauncher,wp,wa,150
02-25 22:08:28.809 20270 21108 I MicroDataManager: isInitializedWithLatestParams-true
02-25 22:08:28.809 20270 21108 I MicroDataManager: isInitializing-false locale not changed-true model not changed-true
02-25 22:08:28.810 20270 21108 I MicroDataManager: Already initialized, obtaining the hotword data immediately.
02-25 22:08:28.814 20270 17075 I MicroRecognitionRunner: Starting detection.
02-25 22:08:28.814 20270 17075 I InputStreamUtils: Using micInputStream
02-25 22:08:28.816 20270  3805 I MicrophoneInputStream: mic_starting  SR : 16000 CC : 16 SO : 1999
02-25 22:08:28.819   788  1479 V msm8974_platform: platform_check_input_mask: enter check_input_mask source 6 mask 10
02-25 22:08:28.822  1012  8553 I AudioFlinger: AudioFlinger's thread 0xb2483a00 tid=8553 ready to run
02-25 22:08:28.826   788  1479 D audio_hw_primary: in_set_parameters: enter: kvpairs=input_source=6;routing=-2147483644
02-25 22:08:28.827  1012  1012 D APM_AudioPolicyManager: AudioPolicyManager::startInput() input 164062, session 164169, source = 1999
02-25 22:08:28.828 20270  3805 I MicrophoneInputStream: mic_started  SR : 16000 CC : 16 SO : 1999
02-25 22:08:28.829   788  8554 V msm8974_platform: platform_update_usecase_from_source: input source :6
02-25 22:08:28.829   788  8554 V msm8974_platform: platform_check_input_mask: enter check_input_mask source 6 mask 10
02-25 22:08:28.829   788  8554 V msm8974_platform: platform_get_input_snd_device: enter: out_device(0) in_device(0x4) channel_count (1) channel_mask (0x10)
02-25 22:08:28.829   788  8554 V msm8974_platform: platform_get_input_snd_device: exit: in_snd_device(voice-rec-mic)
02-25 22:08:28.829   788  8554 V msm8974_platform: platform_get_backend_index:napb: backend port - 5 device - 120 
02-25 22:08:28.829   788  8554 V msm8974_platform: platform_check_and_set_capture_backend_cfg:txbecf: afe: bitwidth 0, samplerate 0, channel 1, backend_idx 5 usecase = 9 device (voice-rec-mic)
02-25 22:08:28.829   788  8554 V msm8974_platform: platform_check_capture_backend_cfg:txbecf: afe: Codec selected backend: 5 current bit width: 0 and sample rate: 0, channels 1
02-25 22:08:28.829   788  8554 V msm8974_platform: platform_check_capture_backend_cfg:txbecf: afe: Codec selected backend: 5 updated bit width: 0 and sample rate: 0
02-25 22:08:28.829   788  8554 I msm8974_platform: platform_check_capture_backend_cfg:txbecf: afe: Codec backend needs to be updated. new bit width: 0 new sample rate: 0 new channel: 1
02-25 22:08:28.829   788  8554 V msm8974_platform: platform_get_backend_index:napb: backend port - 5 device - 120 
02-25 22:08:28.829   788  8554 V msm8974_platform: platform_set_backend_cfg:becf: afe: bitwidth 0, samplerate 0 channels 1, backend_idx 5 device (voice-rec-mic)
02-25 22:08:28.829   788  8554 E msm8974_platform: platform_set_backend_cfg:becf: afe: Could not get ctl for mixer command - SLIM_0_TX Format
02-25 22:08:28.829   788  8554 V msm8974_platform: platform_send_audio_calibration: sending audio calibration for snd_device(120) acdb_id(62)
02-25 22:08:28.830   788  8554 D ACDB-LOADER: ACDB -> send_audio_cal, acdb_id = 62, path = 1, app id = 0x11130, sample rate = 48000
02-25 22:08:28.830   788  8554 D ACDB-LOADER: ACDB -> send_asm_topology
02-25 22:08:28.830   788  8554 D ACDB-LOADER: ACDB -> ACDB_CMD_GET_AUDPROC_STREAM_TOPOLOGY_ID
02-25 22:08:28.830   788  8554 D ACDB-LOADER: ACDB -> send_adm_topology
02-25 22:08:28.830   788  8554 D ACDB-LOADER: ACDB -> ACDB_CMD_GET_AUDPROC_COMMON_TOPOLOGY_ID
02-25 22:08:28.830   788  8554 D ACDB-LOADER: ACDB -> send_audtable
02-25 22:08:28.830   788  8554 D ACDB-LOADER: ACDB -> ACDB_CMD_GET_AUDPROC_COMMON_TABLE_SIZE
02-25 22:08:28.830   788  8554 D ACDB-LOADER: ACDB -> ACDB_CMD_GET_AUDPROC_COMMON_TABLE
02-25 22:08:28.830   788  8554 D ACDB-LOADER: ACDB -> AUDIO_SET_AUDPROC_CAL
02-25 22:08:28.830   788  8554 D ACDB-LOADER: ACDB -> send_audvoltable
02-25 22:08:28.830   788  8554 D ACDB-LOADER: ACDB -> ACDB_CMD_GET_AUDPROC_VOL_STEP_TABLE_SIZE
02-25 22:08:28.830   788  8554 D ACDB-LOADER: ACDB -> ACDB_CMD_GET_AUDPROC_GAIN_DEP_STEP_TABLE, vol index 0
02-25 22:08:28.830   788  8554 D         : Failed to fetch the lookup information of the device 0000003E 
02-25 22:08:28.830   788  8554 D ACDB-LOADER: ACDB -> AUDIO_SET_VOL_CAL cal type = 12
02-25 22:08:28.830   788  8554 D ACDB-LOADER: ACDB -> ACDB_CMD_GET_AUDPROC_STREAM_TABLE_SIZE
02-25 22:08:28.830   788  8554 D ACDB-LOADER: ACDB -> send_audstrmtable
02-25 22:08:28.830   788  8554 D ACDB-LOADER: ACDB -> ACDB_CMD_GET_AUDPROC_STREAM_TABLE_V2
02-25 22:08:28.830   788  8554 D ACDB-LOADER: ACDB -> audstrm_cal->cal_type.cal_data.cal_size = 456
02-25 22:08:28.830   788  8554 D ACDB-LOADER: ACDB -> send_afe_topology
02-25 22:08:28.830   788  8554 D ACDB-LOADER: ACDB -> ACDB_CMD_GET_AFE_TOPOLOGY_ID
02-25 22:08:28.830   788  8554 D ACDB-LOADER: ACDB -> GET_AFE_TOPOLOGY_ID for adcd_id 62, Topology Id 112fb
02-25 22:08:28.830   788  8554 D ACDB-LOADER: ACDB -> send_afe_cal
02-25 22:08:28.830   788  8554 D ACDB-LOADER: ACDB -> ACDB_CMD_GET_AFE_COMMON_TABLE_SIZE
02-25 22:08:28.830   788  8554 D         : Failed to fetch the lookup information of the device 0000003E 
02-25 22:08:28.830   788  8554 E ACDB-LOADER: Error: ACDB_CMD_GET_AFE_COMMON_TABLE_SIZE Returned = -19
02-25 22:08:28.830   788  8554 D ACDB-LOADER: ACDB -> ACDB_CMD_GET_AFE_COMMON_TABLE
02-25 22:08:28.830   788  8554 D         : Failed to fetch the lookup information of the device 0000003E 
02-25 22:08:28.830   788  8554 D ACDB-LOADER: ACDB -> AUDIO_SET_AFE_CAL
02-25 22:08:28.830   788  8554 D ACDB-LOADER: ACDB -> send_hw_delay : acdb_id = 62 path = 1
02-25 22:08:28.830   788  8554 D ACDB-LOADER: ACDB -> ACDB_AVSYNC_INFO: ACDB_CMD_GET_DEVICE_PROPERTY
02-25 22:08:28.830   788  8554 D audio_hw_primary: enable_snd_device: snd_device(120: voice-rec-mic)
02-25 22:08:28.830   788  8554 D audio_route: Apply path: voice-rec-mic
02-25 22:08:28.833   788  8554 V msm8974_platform: platform_get_snd_device_backend_index: enter with device 120
02-25 22:08:28.834   788  8554 E msm8974_platform: platform_get_snd_device_backend_index: BE DAI Name Table is not present
02-25 22:08:28.834   788  8554 V msm8974_platform: platform_get_backend_index:napb: backend port - 5 device - 120 
02-25 22:08:28.834   788  8554 I audio_hw_utils: Set Audio Stream Capture 0 App Type Cfg: app_type 69936, acdb_dev_id 62, sample_rate 48000, snd_device_be_idx -14
02-25 22:08:28.834   788  8554 D audio_hw_primary: enable_audio_route: usecase(9) apply and update mixer path: audio-record
02-25 22:08:28.834   788  8554 D audio_route: Apply path: audio-record
02-25 22:08:28.904 20270 21092 I MicroDetectionWorker: onReady
02-25 22:08:29.020   808   808 I SFPerfTracer:      triggers: (rate: 57:1994249) (compose: 0:7) (post: 0:19) (render: 0:17) (11:8774239 frames) (12:10475198)
02-25 22:08:29.020   808   808 D SFPerfTracer:        layers: (5:14) (NavigationBar#0 (0xb07df000): 10:622464) (StatusBar#0 (0xb07e3000): 9:1658798) (com.android.systemui.ImageWallpaper#0 (0xb07e7000): 1:54961) (Sprite#0 (0xb0733000): 0:317)* (DimLayerController/Stack=0#0 (0xb075a000): 0:3734)* (Sprite#1 (0xb077c000): 0:195)* (animation background stackId=1#0 (0xb039b000): 0:108)* (org.mozilla.fennec_aurora/org.mozilla.fenix.HomeActivity#0 (0xb0140000): 0:47)- (com.android.launcher3/com.android.launcher3.CustomizationPanelLauncher#0 (0xb0763000): 0:40)- (com.android.launcher3/com.android.launcher3.CustomizationPanelLauncher#1 (0xb0771000): 0:11)- (Splash Screen org.mozilla.fennec_aurora#0 (0xb013a000): 0:30)- (org.mozilla.fennec_aurora/org.mozilla.fenix.HomeActivity#0 (0xb0140000): 12:35) (com.android.launcher3/com.android.launcher3.CustomizationPanelLauncher#0 (0xb0763000): 12:17)* (com.android.launcher3/com.android.launcher3.CustomizationPanelLauncher#1 (0xb0771000): 1:5) 
02-25 22:08:29.223  1456  7796 I OpenGLRenderer: Initialized EGL, version 1.4
02-25 22:08:29.223  1456  7796 D OpenGLRenderer: Swap behavior 2
02-25 22:08:29.253  2748  2917 W OpenGLRenderer: Incorrectly called buildLayer on View: ShortcutAndWidgetContainer, destroying layer...
02-25 22:08:29.368  8314  8345 I chatty  : uid=11041(org.mozilla.fennec_aurora) expire 1 line
02-25 22:08:29.371  8314  8343 I chatty  : uid=11041(org.mozilla.fennec_aurora) expire 6 lines
02-25 22:08:29.552  1456  1466 I zygote  : NativeAlloc concurrent copying GC freed 51660(3MB) AllocSpace objects, 24(864KB) LOS objects, 38% free, 37MB/61MB, paused 160us total 328.660ms
02-25 22:08:33.821  1456  4829 I ActivityManager: Force stopping org.mozilla.fennec_aurora appid=11041 user=0: from pid 8557
02-25 22:08:33.821  1456  4829 I ActivityManager: Killing 8314:org.mozilla.fennec_aurora/u0a1041 (adj 700): stop org.mozilla.fennec_aurora
02-25 22:08:33.823  1456  1605 W zygote  : kill(-8314, 9) failed: No such process
02-25 22:08:33.825  1456  4829 W ActivityManager: Force removing ActivityRecord{8701974 u0 org.mozilla.fennec_aurora/org.mozilla.fenix.HomeActivity t29620}: app died, no saved state
02-25 22:08:33.835  1456  4829 I ActivityManager: Killing 8424:org.mozilla.fennec_aurora:socket/u0a1041 (adj 0): stop org.mozilla.fennec_aurora
02-25 22:08:33.838  1456  4829 I ActivityManager: Killing 8398:org.mozilla.fennec_aurora:tab/u0a1041 (adj 0): stop org.mozilla.fennec_aurora
02-25 22:08:33.838  1456  1605 W zygote  : kill(-8314, 9) failed: No such process
02-25 22:08:33.852  1456  1605 W zygote  : kill(-8314, 9) failed: No such process
02-25 22:08:33.853  2398  2398 D CarrierSvcBindHelper: No carrier app for: 0
02-25 22:08:33.854  2398  2398 D CarrierSvcBindHelper: No carrier app for: 1
02-25 22:08:33.867  1456  1605 W zygote  : kill(-8314, 9) failed: No such process
02-25 22:08:33.897  1456  1605 I chatty  : uid=1000(system) ActivityManager identical 2 lines
02-25 22:08:33.897  1456  1673 W ActivityManager: setHasOverlayUi called on unknown pid: 8314
02-25 22:08:33.910  1456  1605 W zygote  : kill(-8314, 9) failed: No such process
02-25 22:08:33.910  1456  1605 I zygote  : Successfully killed process cgroup uid 11041 pid 8314 in 87ms
02-25 22:08:33.911  1456  1605 W zygote  : kill(-8424, 9) failed: No such process
02-25 22:08:33.911  1456  1605 I zygote  : Successfully killed process cgroup uid 11041 pid 8424 in 0ms
02-25 22:08:33.911  1456  1605 W zygote  : kill(-8398, 9) failed: No such process
02-25 22:08:33.911  1456  1605 I zygote  : Successfully killed process cgroup uid 11041 pid 8398 in 0ms
02-25 22:08:33.943  1456  4802 I ActivityManager: START u0 {act=android.intent.action.MAIN cat=[android.intent.category.LAUNCHER] flg=0x10000000 cmp=org.mozilla.fennec_aurora/org.mozilla.fenix.HomeActivity} from uid 2000
02-25 22:08:33.944   794   839 E ANDR-PERF-RESOURCEQS: Failed to apply optimization [4, 0]
02-25 22:08:33.964  1456  5907 I ActivityManager: Start proc 8566:org.mozilla.fennec_aurora/u0a1041 for activity org.mozilla.fennec_aurora/org.mozilla.fenix.HomeActivity
02-25 22:08:34.051 20270 21092 I MicroDetectionState: Should stop hotword detection immediately - false
02-25 22:08:34.051 20270 21092 I MicroDetector: Keeping mic open: false
02-25 22:08:34.051 20270 21400 E DeviceStateChecker: DeviceStateChecker cancelled
02-25 22:08:34.051 20270 21092 I RecognitionAudioControl: #shutdownAudio [requestId: -7720241471433830453, keepAudioOpen: false, forced: true]
02-25 22:08:34.052 20270 21092 I RecognitionAudioControl: #internalShutdownAudio [requestId: -7720241471433830453]
02-25 22:08:34.052 20270 21092 I RecognitionAudioControl: #internalShutdownAudio [keepAudioOpen: false, forced: true]
02-25 22:08:34.052 20270 21092 I RecognitionAudioControl: #actualShutdownAudio
02-25 22:08:34.052 20270 21092 I AudioController: #shutdown [requestId=-7720241471433830453]
02-25 22:08:34.052 20270 21107 I AudioController: internalShutdown
02-25 22:08:34.052 20270 21118 I MicroRecognitionRunner: Stopping hotword detection.
02-25 22:08:34.104   788  1479 D audio_hw_primary: disable_audio_route: usecase(9) reset and update mixer path: audio-record
02-25 22:08:34.104   788  1479 D audio_hw_primary: disable_snd_device: snd_device(120: voice-rec-mic)
02-25 22:08:34.106  1012 19499 D APM_AudioPolicyManager: stopInput() input 164062, session 164169
02-25 22:08:34.106   788   788 D audio_hw_primary: in_set_parameters: enter: kvpairs=routing=0
02-25 22:08:34.108 20270 21107 I MicrophoneInputStream: mic_close  SR : 16000 CC : 16 SO : 1999
02-25 22:08:34.108 20270 21107 E AudioSource: Stop listening is called on already closed AudioSource
02-25 22:08:34.110 20270 17075 I MicroRecognitionRunner: Detection finished
02-25 22:08:34.127  8566  8566 I chatty  : uid=11041(org.mozilla.fennec_aurora) expire 45 lines
02-25 22:08:34.200  8566  8585 I chatty  : uid=11041(org.mozilla.fennec_aurora) expire 4 lines
02-25 22:08:34.214  1456  3925 D ConnectivityService: requestNetwork for uid/pid:11041/8566 NetworkRequest [ TRACK_DEFAULT id=28388, [ Capabilities: INTERNET&NOT_RESTRICTED&TRUSTED&NOT_VPN] ]
02-25 22:08:34.215  1456  2099 D Ethernet: got request NetworkRequest [ TRACK_DEFAULT id=28388, [ Capabilities: INTERNET&NOT_RESTRICTED&TRUSTED&NOT_VPN] ] with score 0
02-25 22:08:34.215  1456  2054 D WIFI_UT : got request NetworkRequest [ TRACK_DEFAULT id=28388, [ Capabilities: INTERNET&NOT_RESTRICTED&TRUSTED&NOT_VPN] ] with score 0
02-25 22:08:34.216  1456  2054 D WIFI    : got request NetworkRequest [ TRACK_DEFAULT id=28388, [ Capabilities: INTERNET&NOT_RESTRICTED&TRUSTED&NOT_VPN] ] with score 0
02-25 22:08:34.216  2398  2398 D PhoneSwitcherNetworkRequstListener: got request NetworkRequest [ TRACK_DEFAULT id=28388, [ Capabilities: INTERNET&NOT_RESTRICTED&TRUSTED&NOT_VPN] ] with score 0
02-25 22:08:34.231  8566  8596 I chatty  : uid=11041(org.mozilla.fennec_aurora) expire 12 lines
02-25 22:08:34.250  8566  8595 I chatty  : uid=11041(org.mozilla.fennec_aurora) expire 11 lines
02-25 22:08:34.286  8566  8602 I chatty  : uid=11041(org.mozilla.fennec_aurora) expire 30 lines
02-25 22:08:34.371  8566  8605 I chatty  : uid=11041(org.mozilla.fennec_aurora) expire 1 line
02-25 22:08:34.393  8566  8614 I chatty  : uid=11041(org.mozilla.fennec_aurora) expire 10 lines
02-25 22:08:34.468  8566  8571 I chatty  : uid=11041(org.mozilla.fennec_aurora) expire 8 lines
02-25 22:08:34.687  8566  8566 E ActivityThread: Failed to find provider info for org.mozilla.fennec_aurora.fxa.auth
02-25 22:08:34.764  1456  5031 I ActivityManager: Start proc 8648:org.mozilla.fennec_aurora:tab/u0a1041 for service org.mozilla.fennec_aurora/org.mozilla.gecko.process.GeckoChildProcessServices$tab
02-25 22:08:34.766  8566  8653 I chatty  : uid=11041(org.mozilla.fennec_aurora) expire 9 lines
02-25 22:08:34.884  1456  4802 I ActivityManager: Start proc 8674:org.mozilla.fennec_aurora:socket/u0a1041 for service org.mozilla.fennec_aurora/org.mozilla.gecko.process.GeckoChildProcessServices$socket
02-25 22:08:34.895  8648  8648 I chatty  : uid=11041(org.mozilla.fennec_aurora) expire 1 line
02-25 22:08:34.895  8648  8687 I chatty  : uid=11041(org.mozilla.fennec_aurora) expire 1 line
02-25 22:08:35.003  8674  8674 I chatty  : uid=11041(org.mozilla.fennec_aurora) expire 1 line
02-25 22:08:35.004  8674  8691 I chatty  : uid=11041(org.mozilla.fennec_aurora) expire 15 lines
02-25 22:08:35.093  1456  5031 I ActivityManager: Displayed org.mozilla.fennec_aurora/org.mozilla.fenix.HomeActivity: +1s142ms
02-25 22:08:35.094  1456  5031 I ActivityManager: Fully drawn org.mozilla.fennec_aurora/org.mozilla.fenix.HomeActivity: +1s142ms
02-25 22:08:35.146  1456  1673 I LaunchCheckinHandler: Displayed org.mozilla.fennec_aurora/org.mozilla.fenix.HomeActivity,cp,ca,1195
02-25 22:08:35.154  8566  8566 E ActivityThread: Failed to find provider info for org.mozilla.fennec_aurora.fxa.auth
02-25 22:08:35.224 20270 20270 I MemoryTrimmer: Trimming objects from memory, since app is in the background.
02-25 22:08:35.236 20270 21092 E AudioSource: Stop listening is called on already closed AudioSource
02-25 22:08:35.238 20270 23357 E chromium: [ERROR:aw_gl_functor.cc(102)] Received unexpected kModeProcessNoContext
02-25 22:08:35.239 20270 23357 E libEGL  : call to OpenGL ES API with no current context (logged once per thread)
02-25 22:08:35.239 20270  3805 I PBSessionCacheImpl: Deleted sessionId[89149984825584599] from persistence.
02-25 22:08:35.239 20270 20270 I MemoryTrimmer: Trimming objects from memory, since app is in the background.
02-25 22:08:35.243  1456  4802 I WifiService: getWifiEnabledState uid=10073
02-25 22:08:35.244 20270 21092 I DEBUG   : OpaToSrpTransitionState#onStateChanged#notNullQuery
02-25 22:08:35.245 20270 21092 I DEBUG   : OpaToSrpTransitionState#onStateChanged#notNullQuery
02-25 22:08:35.247 20270 21092 W SearchServiceCore: Abort, client detached.
02-25 22:08:35.249 20270 21092 W SearchServiceCore: Abort, client detached.
02-25 22:08:36.033  1023  8744 D libc    : Internal error: netid(0), id(0xfaec), server(0.0.0.0)
02-25 22:08:36.033  1023  8744 D libc    : Internal error: netid(0), id(0xfaec), server(0.0.0.0)
02-25 22:08:36.033  1023  8744 D libc    : Internal error: netid(0), id(0xceba), server(0.0.0.0)
02-25 22:08:36.033  1023  8744 D libc    : Internal error: netid(0), id(0xceba), server(0.0.0.0)
02-25 22:08:36.065  8566  8739 I chatty  : uid=11041(org.mozilla.fennec_aurora) expire 2 lines
02-25 22:08:36.204  1023  8750 D libc    : Internal error: netid(0), id(0x2ff1), server(0.0.0.0)
02-25 22:08:36.205  1023  8750 D libc    : Internal error: netid(0), id(0x2ff1), server(0.0.0.0)
02-25 22:08:36.205  1023  8750 D libc    : Internal error: netid(0), id(0xdbd8), server(0.0.0.0)
02-25 22:08:36.205  1023  8750 D libc    : Internal error: netid(0), id(0xdbd8), server(0.0.0.0)
02-25 22:08:36.206  1023  8752 D libc    : Internal error: netid(0), id(0x70f8), server(0.0.0.0)
02-25 22:08:36.206  1023  8752 D libc    : Internal error: netid(0), id(0x70f8), server(0.0.0.0)
02-25 22:08:36.207  1023  8752 D libc    : Internal error: netid(0), id(0x8afe), server(0.0.0.0)
02-25 22:08:36.207  1023  8752 D libc    : Internal error: netid(0), id(0x8afe), server(0.0.0.0)
02-25 22:08:36.209  1023  8757 D libc    : Internal error: netid(0), id(0x99cf), server(0.0.0.0)
02-25 22:08:36.210  1023  8757 D libc    : Internal error: netid(0), id(0x99cf), server(0.0.0.0)
02-25 22:08:36.210  1023  8757 D libc    : Internal error: netid(0), id(0x92b1), server(0.0.0.0)
02-25 22:08:36.210  1023  8757 D libc    : Internal error: netid(0), id(0x92b1), server(0.0.0.0)
02-25 22:08:36.245  8566  8624 I chatty  : uid=11041(org.mozilla.fennec_aurora) expire 1 line
02-25 22:08:36.245  8566  8598 I chatty  : uid=11041(org.mozilla.fennec_aurora) expire 1 line
02-25 22:08:36.282  8566  8619 I chatty  : uid=11041(org.mozilla.fennec_aurora) expire 1 line
02-25 22:08:36.732  8566  8566 I chatty  : uid=11041(org.mozilla.fennec_aurora) expire 6 lines
02-25 22:08:39.595  8786  8786 D AndroidRuntime: >>>>>> START com.android.internal.os.RuntimeInit uid 2000 <<<<<<
02-25 22:08:39.608  8786  8786 W app_process: Could not reserve sentinel fault page
02-25 22:08:39.775  8786  8786 I app_process: The ClassLoaderContext is a special shared library.
02-25 22:08:39.844  8786  8786 D AndroidRuntime: Calling main entry com.android.commands.input.Input
02-25 22:08:39.847  8786  8786 I Input   : injectKeyEvent: KeyEvent { action=ACTION_DOWN, keyCode=KEYCODE_HOME, scanCode=0, metaState=0, flags=0x0, repeatCount=0, eventTime=14762575127, downTime=14762575127, deviceId=-1, source=0x101 }
02-25 22:08:39.853  8786  8786 I Input   : injectKeyEvent: KeyEvent { action=ACTION_UP, keyCode=KEYCODE_HOME, scanCode=0, metaState=0, flags=0x0, repeatCount=0, eventTime=14762575127, downTime=14762575127, deviceId=-1, source=0x101 }
02-25 22:08:39.860  1456  1941 I ActivityManager: START u0 {act=android.intent.action.MAIN cat=[android.intent.category.HOME] flg=0x10200000 cmp=com.android.launcher3/.CustomizationPanelLauncher (has extras)} from uid 1000
02-25 22:08:39.861   794   839 E ANDR-PERF-RESOURCEQS: Failed to apply optimization [4, 0]
02-25 22:08:39.872  1456  1941 I ActivityManager: moveHomeStack, setupComplete:true
02-25 22:08:39.876  8786  8786 D AndroidRuntime: Shutting down VM
02-25 22:08:39.884 20270 23357 I OpenGLRenderer: Initialized EGL, version 1.4
02-25 22:08:39.885 20270 23357 D OpenGLRenderer: Swap behavior 2
02-25 22:08:39.900  2748  2748 D Launcher.Utilities: Wakeup weather: Intent { act=com.motorola.launcher3.action.WAKEUP_WEATHER cmp=com.motorola.timeweatherwidget/com.motorola.commandcenter.weather.WakeUpService }
02-25 22:08:39.915  1456  1456 I NotificationService: Cannot find enqueued record for key: 0|com.motorola.timeweatherwidget|1|null|10116
02-25 22:08:39.922   808   808 D SurfaceFlinger: duplicate layer name: changing com.android.launcher3/com.android.launcher3.CustomizationPanelLauncher to com.android.launcher3/com.android.launcher3.CustomizationPanelLauncher#1
02-25 22:08:39.930 20270 21111 W ThreadPoolDumper: Queue length for executor EventBus is now 11. Perhaps some tasks are too long, or the pool is too small.
02-25 22:08:39.930  1456  5907 I WifiService: getWifiEnabledState uid=10073
02-25 22:08:39.941  1456  4802 I WifiService: getWifiEnabledState uid=10073
02-25 22:08:39.953 20270 21092 I DEBUG   : OpaToSrpTransitionState#onStateChanged#notNullQuery
02-25 22:08:39.954 20270 21092 I DEBUG   : OpaToSrpTransitionState#onStateChanged#notNullQuery
02-25 22:08:39.972 20270 21092 I MicroDetectionState: Should stop hotword detection immediately - false
02-25 22:08:39.977 20270 21092 I MicroDetectionWorker: #startMicroDetector [speakerMode: 0]
02-25 22:08:39.979 20270 21092 I AudioController: Created new AudioSource
02-25 22:08:40.015  1456  1673 I LaunchCheckinHandler: Displayed com.android.launcher3/.CustomizationPanelLauncher,wp,wa,155
02-25 22:08:40.016 20270 21107 I MicroDataManager: isInitializedWithLatestParams-true
02-25 22:08:40.017 20270 21107 I MicroDataManager: isInitializing-false locale not changed-true model not changed-true
02-25 22:08:40.017 20270 21107 I MicroDataManager: Already initialized, obtaining the hotword data immediately.
02-25 22:08:40.022 20270 21400 I MicroRecognitionRunner: Starting detection.
02-25 22:08:40.022 20270 21400 I InputStreamUtils: Using micInputStream
02-25 22:08:40.022 20270  3805 I MicrophoneInputStream: mic_starting  SR : 16000 CC : 16 SO : 1999
02-25 22:08:40.025   788   788 V msm8974_platform: platform_check_input_mask: enter check_input_mask source 6 mask 10
02-25 22:08:40.027  1012  8800 I AudioFlinger: AudioFlinger's thread 0xb2483e00 tid=8800 ready to run
02-25 22:08:40.036   788   788 D audio_hw_primary: in_set_parameters: enter: kvpairs=input_source=6;routing=-2147483644
02-25 22:08:40.037  1012  1390 D APM_AudioPolicyManager: AudioPolicyManager::startInput() input 164070, session 164177, source = 1999
02-25 22:08:40.038 20270  3805 I MicrophoneInputStream: mic_started  SR : 16000 CC : 16 SO : 1999
02-25 22:08:40.039   788  8801 V msm8974_platform: platform_update_usecase_from_source: input source :6
02-25 22:08:40.039   788  8801 V msm8974_platform: platform_check_input_mask: enter check_input_mask source 6 mask 10
02-25 22:08:40.039   788  8801 V msm8974_platform: platform_get_input_snd_device: enter: out_device(0) in_device(0x4) channel_count (1) channel_mask (0x10)
02-25 22:08:40.039   788  8801 V msm8974_platform: platform_get_input_snd_device: exit: in_snd_device(voice-rec-mic)
02-25 22:08:40.039   788  8801 V msm8974_platform: platform_get_backend_index:napb: backend port - 5 device - 120 
02-25 22:08:40.039   788  8801 V msm8974_platform: platform_check_and_set_capture_backend_cfg:txbecf: afe: bitwidth 0, samplerate 0, channel 1, backend_idx 5 usecase = 9 device (voice-rec-mic)
02-25 22:08:40.039   788  8801 V msm8974_platform: platform_check_capture_backend_cfg:txbecf: afe: Codec selected backend: 5 current bit width: 0 and sample rate: 0, channels 1
02-25 22:08:40.039   788  8801 V msm8974_platform: platform_check_capture_backend_cfg:txbecf: afe: Codec selected backend: 5 updated bit width: 0 and sample rate: 0
02-25 22:08:40.040   788  8801 I msm8974_platform: platform_check_capture_backend_cfg:txbecf: afe: Codec backend needs to be updated. new bit width: 0 new sample rate: 0 new channel: 1
02-25 22:08:40.040   788  8801 V msm8974_platform: platform_get_backend_index:napb: backend port - 5 device - 120 
02-25 22:08:40.040   788  8801 V msm8974_platform: platform_set_backend_cfg:becf: afe: bitwidth 0, samplerate 0 channels 1, backend_idx 5 device (voice-rec-mic)
02-25 22:08:40.040   788  8801 E msm8974_platform: platform_set_backend_cfg:becf: afe: Could not get ctl for mixer command - SLIM_0_TX Format
02-25 22:08:40.040   788  8801 V msm8974_platform: platform_send_audio_calibration: sending audio calibration for snd_device(120) acdb_id(62)
02-25 22:08:40.040   788  8801 D ACDB-LOADER: ACDB -> send_audio_cal, acdb_id = 62, path = 1, app id = 0x11130, sample rate = 48000
02-25 22:08:40.040   788  8801 D ACDB-LOADER: ACDB -> send_asm_topology
02-25 22:08:40.040   788  8801 D ACDB-LOADER: ACDB -> ACDB_CMD_GET_AUDPROC_STREAM_TOPOLOGY_ID
02-25 22:08:40.040   788  8801 D ACDB-LOADER: ACDB -> send_adm_topology
02-25 22:08:40.040   788  8801 D ACDB-LOADER: ACDB -> ACDB_CMD_GET_AUDPROC_COMMON_TOPOLOGY_ID
02-25 22:08:40.040   788  8801 D ACDB-LOADER: ACDB -> send_audtable
02-25 22:08:40.040   788  8801 D ACDB-LOADER: ACDB -> ACDB_CMD_GET_AUDPROC_COMMON_TABLE_SIZE
02-25 22:08:40.040   788  8801 D ACDB-LOADER: ACDB -> ACDB_CMD_GET_AUDPROC_COMMON_TABLE
02-25 22:08:40.040   788  8801 D ACDB-LOADER: ACDB -> AUDIO_SET_AUDPROC_CAL
02-25 22:08:40.040   788  8801 D ACDB-LOADER: ACDB -> send_audvoltable
02-25 22:08:40.040   788  8801 D ACDB-LOADER: ACDB -> ACDB_CMD_GET_AUDPROC_VOL_STEP_TABLE_SIZE
02-25 22:08:40.040   788  8801 D ACDB-LOADER: ACDB -> ACDB_CMD_GET_AUDPROC_GAIN_DEP_STEP_TABLE, vol index 0
02-25 22:08:40.040   788  8801 D         : Failed to fetch the lookup information of the device 0000003E 
02-25 22:08:40.040   788  8801 D ACDB-LOADER: ACDB -> AUDIO_SET_VOL_CAL cal type = 12
02-25 22:08:40.040   788  8801 D ACDB-LOADER: ACDB -> ACDB_CMD_GET_AUDPROC_STREAM_TABLE_SIZE
02-25 22:08:40.040   788  8801 D ACDB-LOADER: ACDB -> send_audstrmtable
02-25 22:08:40.040   788  8801 D ACDB-LOADER: ACDB -> ACDB_CMD_GET_AUDPROC_STREAM_TABLE_V2
02-25 22:08:40.040   788  8801 D ACDB-LOADER: ACDB -> audstrm_cal->cal_type.cal_data.cal_size = 456
02-25 22:08:40.040   788  8801 D ACDB-LOADER: ACDB -> send_afe_topology
02-25 22:08:40.040   788  8801 D ACDB-LOADER: ACDB -> ACDB_CMD_GET_AFE_TOPOLOGY_ID
02-25 22:08:40.041   788  8801 D ACDB-LOADER: ACDB -> GET_AFE_TOPOLOGY_ID for adcd_id 62, Topology Id 112fb
02-25 22:08:40.041   788  8801 D ACDB-LOADER: ACDB -> send_afe_cal
02-25 22:08:40.041   788  8801 D ACDB-LOADER: ACDB -> ACDB_CMD_GET_AFE_COMMON_TABLE_SIZE
02-25 22:08:40.041   788  8801 D         : Failed to fetch the lookup information of the device 0000003E 
02-25 22:08:40.041   788  8801 E ACDB-LOADER: Error: ACDB_CMD_GET_AFE_COMMON_TABLE_SIZE Returned = -19
02-25 22:08:40.041   788  8801 D ACDB-LOADER: ACDB -> ACDB_CMD_GET_AFE_COMMON_TABLE
02-25 22:08:40.041   788  8801 D         : Failed to fetch the lookup information of the device 0000003E 
02-25 22:08:40.041   788  8801 D ACDB-LOADER: ACDB -> AUDIO_SET_AFE_CAL
02-25 22:08:40.041   788  8801 D ACDB-LOADER: ACDB -> send_hw_delay : acdb_id = 62 path = 1
02-25 22:08:40.041   788  8801 D ACDB-LOADER: ACDB -> ACDB_AVSYNC_INFO: ACDB_CMD_GET_DEVICE_PROPERTY
02-25 22:08:40.041   788  8801 D audio_hw_primary: enable_snd_device: snd_device(120: voice-rec-mic)
02-25 22:08:40.041   788  8801 D audio_route: Apply path: voice-rec-mic
02-25 22:08:40.044   788  8801 V msm8974_platform: platform_get_snd_device_backend_index: enter with device 120
02-25 22:08:40.044   788  8801 E msm8974_platform: platform_get_snd_device_backend_index: BE DAI Name Table is not present
02-25 22:08:40.044   788  8801 V msm8974_platform: platform_get_backend_index:napb: backend port - 5 device - 120 
02-25 22:08:40.044   788  8801 I audio_hw_utils: Set Audio Stream Capture 0 App Type Cfg: app_type 69936, acdb_dev_id 62, sample_rate 48000, snd_device_be_idx -14
02-25 22:08:40.044   788  8801 D audio_hw_primary: enable_audio_route: usecase(9) apply and update mixer path: audio-record
02-25 22:08:40.044   788  8801 D audio_route: Apply path: audio-record
02-25 22:08:40.117 20270 21092 I MicroDetectionWorker: onReady
02-25 22:08:40.418  1456  7796 I OpenGLRenderer: Initialized EGL, version 1.4
