02-06 21:42:34.033 19264 19264 I CarrierServices: [2] cne.<init>: Initializing SimStateTracker with multi-sim support
02-06 21:42:34.033 19264 19264 I CarrierServices: [2] cnl.<init>: Initializing SimStateTracker for single-sim device
02-06 21:42:34.034 19264 19264 I CarrierServices: [2] bsr.b: Reinitialize CSLib Flags: com.google.android.ims.library
02-06 21:42:34.082 19264 19264 I CarrierServices: [2] CarrierServicesReleaseApp.a: Initializing CarrierServices application.
02-06 21:42:34.083 19264 19264 I CarrierServices: [2] awu.a: Initializing VoiceLibrary.
02-06 21:42:34.083 19264 19264 I CarrierServices: [2] auv.a: Initializing Carrier Services Library.
02-06 21:42:34.084 19264 19264 I CarrierServices: [2] bsr.b: Reinitialize CSLib Flags: com.google.android.ims.library
02-06 21:42:34.112 19264 19264 I CarrierServices: [2] auv.c: Initializing Carrier Services Logging.
02-06 21:42:34.122 19264 19264 I cvu     : LogSaver new instance with filename: carrier_services
02-06 21:42:34.147 19264 19264 I CarrierServices: [2] cak.a: Using AndroidNetworkFactory
02-06 21:42:34.152 19264 19264 I CarrierServices: [2] auv.c: Initializing Carrier Services Logging.
02-06 21:42:34.154 19264 19264 D CarrierServices: log_saver already enabled
02-06 21:42:34.157 19264 19285 I Bugle   : GServicesValues:
02-06 21:42:34.157 19264 19285 I Bugle   : bugle_enable_primes_crash_metrics: true
02-06 21:42:34.157 19264 19285 I Bugle   : bugle_enable_wap_push_si: true
02-06 21:42:34.157 19264 19285 I Bugle   : bugle_max_telemetry_upload_retries: 10
02-06 21:42:34.157 19264 19285 I Bugle   : bugle_sticker_set_list_version: 3
02-06 21:42:34.157 19264 19285 W Bugle   : Exception in SafeAsyncRunnable
02-06 21:42:34.158 19264 19285 W Bugle   : java.lang.IllegalStateException: Given application context does not implement ComponentManager: class com.google.android.ims.CarrierServicesReleaseApp
02-06 21:42:34.158 19264 19285 W Bugle   : 	at eie.a(SourceFile:5)
02-06 21:42:34.158 19264 19285 W Bugle   : 	at sg.run(SourceFile:9)
02-06 21:42:34.158 19264 19285 W Bugle   : 	at java.util.concurrent.ThreadPoolExecutor.runWorker(ThreadPoolExecutor.java:1162)
02-06 21:42:34.158 19264 19285 W Bugle   : 	at java.util.concurrent.ThreadPoolExecutor$Worker.run(ThreadPoolExecutor.java:636)
02-06 21:42:34.158 19264 19285 W Bugle   : 	at java.lang.Thread.run(Thread.java:764)
02-06 21:42:34.159  1456  2196 D ConnectivityService: requestNetwork for uid/pid:10018/19264 NetworkRequest [ TRACK_DEFAULT id=25179, [ Capabilities: INTERNET&NOT_RESTRICTED&TRUSTED&NOT_VPN] ]
02-06 21:42:34.160  1456  2099 D Ethernet: got request NetworkRequest [ TRACK_DEFAULT id=25179, [ Capabilities: INTERNET&NOT_RESTRICTED&TRUSTED&NOT_VPN] ] with score 60
02-06 21:42:34.160  1456  2054 D WIFI_UT : got request NetworkRequest [ TRACK_DEFAULT id=25179, [ Capabilities: INTERNET&NOT_RESTRICTED&TRUSTED&NOT_VPN] ] with score 60
02-06 21:42:34.160  1456  2054 D WIFI    : got request NetworkRequest [ TRACK_DEFAULT id=25179, [ Capabilities: INTERNET&NOT_RESTRICTED&TRUSTED&NOT_VPN] ] with score 60
02-06 21:42:34.161  2398  2398 D PhoneSwitcherNetworkRequstListener: got request NetworkRequest [ TRACK_DEFAULT id=25179, [ Capabilities: INTERNET&NOT_RESTRICTED&TRUSTED&NOT_VPN] ] with score 60
02-06 21:42:34.163 19264 19286 I CarrierServices: [247837] byb.d: Connected state: [1], networkType: [WIFI]
02-06 21:42:34.163 19264 19264 I CarrierServices: [2] cwk.e: Carrier Services GServices flags:
02-06 21:42:34.163 19264 19264 I CarrierServices:    carrier_services_security_flags_ec_api_white_listed_packages: com.google.android.apps.messaging,com.google.android.dialer,com.google.android.ims.client.sampleapp,com.android.contacts,com.lge.rcscall,com.android.incallui,com.huawei.incallui.appfeature.rcsfeature
02-06 21:42:34.163 19264 19264 I CarrierServices:    carrier_services_security_flags_ec_api_white_listed_signatures: B28C3EDB665DF32686224DF800F603E9959BBE4E,0980A12BE993528C19107BC21AD811478C63CEFC,B38FA7B5ECFAEC44620A020752B07E063B3120A8,203997BC46B8792DC9747ABD230569071F9A0439,EDA6413C3E3A95492114FE07CD953AD897E40D1A,760EBB9F4200B3DFB1B817B40FF0563A3C150D39,5B368CFF2DA2686996BC95EAC190EAA4F5630FE5,01D845B26B688D8EF647205A5944E9407E52E06E,27196E386B875E76ADF700E7EA84E4C6EEE33DFA,1CDD04F1E4A732BB0352FDFAEE26D2315526DF85,025D5212BF3B5F5CDA6117A518721D70A94D84E0
02-06 21:42:34.163 19264 19264 I CarrierServices:    carrier_services_security_flags_test_service_white_listed_packages: com.google.android.ims.mobly.snippets
02-06 21:42:34.163 19264 19264 I CarrierServices:    carrier_services_security_flags_test_service_white_listed_signatures: AE41481F52E0F58DF2806D5A38EB3DBCA5AE02B0,E165542B31953CC282AA4EF2F4D5F07F7663A2A2
02-06 21:42:34.163 19264 19264 I CarrierServices:    carrier_services_security_flags_white_listed_packages: com.google.android.apps.messaging,com.google.android.dialer,com.google.android.ims.client.sampleapp,com.android.contacts,com.lge.rcscall,com.android.incallui,com.huawei.incallui.appfeature.rcsfeature
02-06 21:42:34.163 19264 19264 I CarrierServices:    carrier_services_security_flags_white_listed_signatures: B28C3EDB665DF32686224DF800F603E9959BBE4E,0980A12BE993528C19107BC21AD811478C63CEFC,B38FA7B5ECFAEC44620A020752B07E063B3120A8,203997BC46B8792DC9747ABD230569071F9A0439,EDA6413C3E3A95492114FE07CD953AD897E40D1A,760EBB9F4200B3DFB1B817B40FF0563A3C150D39,5B368CFF2DA2686996BC95EAC190EAA4F5630FE5,01D845B26B688D8EF647205A5944E9407E52E06E,27196E386B875E76ADF700E7EA84E4C6EEE33DFA,1CDD04F1E4A732BB0352FDFAEE26D2315526DF85,025D5212BF3B5F5CDA6117A518721D70A94D84E0
02-06 21:42:34.163 19264 19264 I CarrierServices:    carrier_services_video_share_disabled_user_agent_substrings: SM-G930,SM-G935,SM-A320
02-06 21:42:34.163 19264 19264 I CarrierServices: ====================
02-06 21:42:34.165 19264 19286 I zygote  : Deoptimizing java.lang.String cvt.f(cvt$a, java.lang.String, java.lang.Object[]) due to JIT inline cache
02-06 21:42:34.165 19264 19264 I CarrierServices: [2] cne.a: register Carrier Config Changed event
02-06 21:42:34.166 19264 19286 I CarrierServices: [247837] byb.d: Connected state: [1], networkType: [WIFI]
02-06 21:42:34.177 19264 19287 I CarrierServices: [247838] cnh.b: do not delay first event
02-06 21:42:34.191 19264 19264 I CarrierServices: [2] awu.a: ServiceState receiver registered
02-06 21:42:34.196 19264 19287 E CarrierServices: [247838] cne.m: Default SIM info not updated.
02-06 21:42:34.197 19264 19287 I CarrierServices: [247838] cne.m: Processing an intent
02-06 21:42:34.202 19264 19287 I CarrierServices: [247838] cne.a: SIM state ABSENT
02-06 21:42:34.226 19264 19287 I CarrierServices: [247838] cne.a: Broadcasting Intent { act=com.google.android.ims.SIM_ABSENT }
02-06 21:42:34.284 19264 19264 W CarrierServices: [2] csw.a: Returning false. READ_PHONE_STATE or READ_PRIVILEGED_PHONE_STATE not granted.
02-06 21:42:34.323 19264 19264 I RcsProvisioning: Failed to read config: no config found /data/user/0/com.google.android.ims/files/hvconfig (No such file or directory)
02-06 21:42:34.421   769  1892 I MotoSensors: Sensorhub hal enable: 1 - 0
02-06 21:42:34.446 19264 19264 W CarrierServices: [2] csw.a: Returning false. READ_PHONE_STATE or READ_PRIVILEGED_PHONE_STATE not granted.
02-06 21:42:34.464 19264 19264 I CarrierServices: [2] bcz.a: Clearing indexes: [] from call history.
02-06 21:42:34.470 19264 19264 I CarrierServices: [2] crf.a: Spam module disabled in spam config
02-06 21:42:34.471 19264 19264 I CarrierServices: [2] awu.a: Updating spam list sync setting, is spam module enable: false
02-06 21:42:34.487 19264 19264 I CarrierServices: [2] awu.a: Initializing MMTel
02-06 21:42:34.501 19264 19264 I CarrierServices: [2] cuv.a: CarrierServices.apk is not sim call manager. Not enabling MMTel.
02-06 21:42:34.502 19264 19264 I CarrierServices: [2] ProvisioningService.a: Should not enable MMTel. Not scheduling provisioning.
02-06 21:42:34.509 19264 19298 I CarrierServices: [247849] bcx.handleMessage: VoiceService triggered, starting call engine due to: app_start
02-06 21:42:34.526 19264 19264 I CarrierServices: [2] brd.a: Migration binding to RcsMigrationService
02-06 21:42:34.535 19264 19298 I CarrierServices: [247849] avl.<init>: (MMTel): : IMS module has been created
02-06 21:42:34.538 19264 19298 I CarrierServices: [247849] bcn.e: Using ScoreNetworkSelector as network selector
02-06 21:42:34.547  1456  2196 I ActivityManager: Start proc 19301:com.google.android.apps.messaging/u0a110 for service com.google.android.apps.messaging/.rcsmigration.RcsMigrationService
02-06 21:42:34.568 19264 19264 I CarrierServices: [2] RcsService.b: Initializing RcsService.
02-06 21:42:34.569 19264 19264 I CarrierServices: [2] bml.a: Creating JibeServiceComponent
02-06 21:42:34.584 19264 19298 I CarrierServices: [247849] bcn.p: Listen to connectivity data change
02-06 21:42:34.590 19264 19298 I CarrierServices: [247849] cuv.a: CarrierServices.apk is not sim call manager. Not enabling MMTel.
02-06 21:42:34.591 19264 19298 I CarrierServices: [247849] bcn.f: Should not enable MMTel, not starting CallEngine.
02-06 21:42:34.591 19264 19298 I CarrierServices: [247849] bcx.handleMessage: Uninitialized stopSelf.
02-06 21:42:34.613 19264 19264 I CarrierServices: [2] awg.<init>: RcsEngine: Constructor running in com.google.android.ims
02-06 21:42:34.614 19264 19264 I CarrierServices: [2] bml.b: Destroying ProvisioningEngineComponent
02-06 21:42:34.616 19264 19264 I CarrierServices: [2] awg.<init>: Initialize Provisioning Engine V2
02-06 21:42:34.639 19301 19301 I zygote  : Rejecting re-init on previously-failed class java.lang.Class<duc>: java.lang.NoClassDefFoundError: Failed resolution of: Landroid/os/StrictMode$OnThreadViolationListener;
02-06 21:42:34.639 19301 19301 I zygote  :   at java.lang.Object java.lang.Class.newInstance() (Class.java:-2)
02-06 21:42:34.639 19301 19301 I zygote  :   at android.app.Application android.app.Instrumentation.newApplication(java.lang.Class, android.content.Context) (Instrumentation.java:1124)
02-06 21:42:34.639 19301 19301 I zygote  :   at android.app.Application android.app.Instrumentation.newApplication(java.lang.ClassLoader, java.lang.String, android.content.Context) (Instrumentation.java:1109)
02-06 21:42:34.639 19301 19301 I zygote  :   at android.app.Application android.app.LoadedApk.makeApplication(boolean, android.app.Instrumentation) (LoadedApk.java:992)
02-06 21:42:34.639 19301 19301 I zygote  :   at void android.app.ActivityThread.handleBindApplication(android.app.ActivityThread$AppBindData) (ActivityThread.java:5829)
02-06 21:42:34.639 19301 19301 I zygote  :   at void android.app.ActivityThread.-wrap1(android.app.ActivityThread, android.app.ActivityThread$AppBindData) (ActivityThread.java:-1)
02-06 21:42:34.639 19301 19301 I zygote  :   at void android.app.ActivityThread$H.handleMessage(android.os.Message) (ActivityThread.java:1697)
02-06 21:42:34.639 19301 19301 I zygote  :   at void android.os.Handler.dispatchMessage(android.os.Message) (Handler.java:106)
02-06 21:42:34.639 19301 19301 I zygote  :   at void android.os.Looper.loop() (Looper.java:164)
02-06 21:42:34.639 19301 19301 I zygote  :   at void android.app.ActivityThread.main(java.lang.String[]) (ActivityThread.java:6626)
02-06 21:42:34.639 19301 19301 I zygote  :   at java.lang.Object java.lang.reflect.Method.invoke(java.lang.Object, java.lang.Object[]) (Method.java:-2)
02-06 21:42:34.639 19301 19301 I zygote  :   at void com.android.internal.os.RuntimeInit$MethodAndArgsCaller.run() (RuntimeInit.java:438)
02-06 21:42:34.639 19301 19301 I zygote  :   at void com.android.internal.os.ZygoteInit.main(java.lang.String[]) (ZygoteInit.java:811)
02-06 21:42:34.639 19301 19301 I zygote  : Caused by: java.lang.ClassNotFoundException: Didn't find class "android.os.StrictMode$OnThreadViolationListener" on path: DexPathList[[zip file "/data/app/com.google.android.apps.messaging-7zntnbL8MJstv6w64cqT8A==/base.apk"],nativeLibraryDirectories=[/data/app/com.google.android.apps.messaging-7zntnbL8MJstv6w64cqT8A==/lib/arm, /data/app/com.google.android.apps.messaging-7zntnbL8MJstv6w64cqT8A==/base.apk!/lib/armeabi-v7a, /system/lib, /system/vendor/lib]]
02-06 21:42:34.639 19301 19301 I zygote  :   at java.lang.Class dalvik.system.BaseDexClassLoader.findClass(java.lang.String) (BaseDexClassLoader.java:125)
02-06 21:42:34.639 19301 19301 I zygote  :   at java.lang.Class java.lang.ClassLoader.loadClass(java.lang.String, boolean) (ClassLoader.java:379)
02-06 21:42:34.639 19301 19301 I zygote  :   at java.lang.Class java.lang.ClassLoader.loadClass(java.lang.String) (ClassLoader.java:312)
02-06 21:42:34.639 19301 19301 I zygote  :   at java.lang.Object java.lang.Class.newInstance() (Class.java:-2)
02-06 21:42:34.639 19301 19301 I zygote  :   at android.app.Application android.app.Instrumentation.newApplication(java.lang.Class, android.content.Context) (Instrumentation.java:1124)
02-06 21:42:34.639 19301 19301 I zygote  :   at android.app.Application android.app.Instrumentation.newApplication(java.lang.ClassLoader, java.lang.String, android.content.Context) (Instrumentation.java:1109)
02-06 21:42:34.639 19301 19301 I zygote  :   at android.app.Application android.app.LoadedApk.makeApplication(boolean, android.app.Instrumentation) (LoadedApk.java:992)
02-06 21:42:34.639 19301 19301 I zygote  :   at void android.app.ActivityThread.handleBindApplication(android.app.ActivityThread$AppBindData) (ActivityThread.java:5829)
02-06 21:42:34.639 19301 19301 I zygote  :   at void android.app.ActivityThread.-wrap1(android.app.ActivityThread, android.app.ActivityThread$AppBindData) (ActivityThread.java:-1)
02-06 21:42:34.639 19301 19301 I zygote  :   at void android.app.ActivityThread$H.handleMessage(android.os.Message) (ActivityThread.java:1697)
02-06 21:42:34.639 19301 19301 I zygote  :   at void android.os.Handler.dispatchMessage(android.os.Message) (Handler.java:106)
02-06 21:42:34.639 19301 19301 I zygote  :   at void android.os.Looper.loop() (Looper.java:164)
02-06 21:42:34.639 19301 19301 I zygote  :   at void android.app.ActivityThread.main(java.lang.String[]) (ActivityThread.java:6626)
02-06 21:42:34.639 19301 19301 I zygote  :   at java.lang.Object java.lang.reflect.Method.invoke(java.lang.Object, java.lang.Object[]) (Method.java:-2)
02-06 21:42:34.639 19301 19301 I zygote  :   at void com.android.internal.os.RuntimeInit$MethodAndArgsCaller.run() (RuntimeInit.java:438)
02-06 21:42:34.639 19301 19301 I zygote  :   at void com.android.internal.os.ZygoteInit.main(java.lang.String[]) (ZygoteInit.java:811)
02-06 21:42:34.639 19301 19301 I zygote  : 
02-06 21:42:34.641 19301 19301 I zygote  : Rejecting re-init on previously-failed class java.lang.Class<duc>: java.lang.NoClassDefFoundError: Failed resolution of: Landroid/os/StrictMode$OnThreadViolationListener;
02-06 21:42:34.641 19301 19301 I zygote  :   at java.lang.Object java.lang.Class.newInstance() (Class.java:-2)
02-06 21:42:34.641 19301 19301 I zygote  :   at android.app.Application android.app.Instrumentation.newApplication(java.lang.Class, android.content.Context) (Instrumentation.java:1124)
02-06 21:42:34.641 19301 19301 I zygote  :   at android.app.Application android.app.Instrumentation.newApplication(java.lang.ClassLoader, java.lang.String, android.content.Context) (Instrumentation.java:1109)
02-06 21:42:34.641 19301 19301 I zygote  :   at android.app.Application android.app.LoadedApk.makeApplication(boolean, android.app.Instrumentation) (LoadedApk.java:992)
02-06 21:42:34.641 19301 19301 I zygote  :   at void android.app.ActivityThread.handleBindApplication(android.app.ActivityThread$AppBindData) (ActivityThread.java:5829)
02-06 21:42:34.641 19301 19301 I zygote  :   at void android.app.ActivityThread.-wrap1(android.app.ActivityThread, android.app.ActivityThread$AppBindData) (ActivityThread.java:-1)
02-06 21:42:34.641 19301 19301 I zygote  :   at void android.app.ActivityThread$H.handleMessage(android.os.Message) (ActivityThread.java:1697)
02-06 21:42:34.641 19301 19301 I zygote  :   at void android.os.Handler.dispatchMessage(android.os.Message) (Handler.java:106)
02-06 21:42:34.641 19301 19301 I zygote  :   at void android.os.Looper.loop() (Looper.java:164)
02-06 21:42:34.641 19301 19301 I zygote  :   at void android.app.ActivityThread.main(java.lang.String[]) (ActivityThread.java:6626)
02-06 21:42:34.641 19301 19301 I zygote  :   at java.lang.Object java.lang.reflect.Method.invoke(java.lang.Object, java.lang.Object[]) (Method.java:-2)
02-06 21:42:34.641 19301 19301 I zygote  :   at void com.android.internal.os.RuntimeInit$MethodAndArgsCaller.run() (RuntimeInit.java:438)
02-06 21:42:34.641 19301 19301 I zygote  :   at void com.android.internal.os.ZygoteInit.main(java.lang.String[]) (ZygoteInit.java:811)
02-06 21:42:34.641 19301 19301 I zygote  : Caused by: java.lang.ClassNotFoundException: Didn't find class "android.os.StrictMode$OnThreadViolationListener" on path: DexPathList[[zip file "/data/app/com.google.android.apps.messaging-7zntnbL8MJstv6w64cqT8A==/base.apk"],nativeLibraryDirectories=[/data/app/com.google.android.apps.messaging-7zntnbL8MJstv6w64cqT8A==/lib/arm, /data/app/com.google.android.apps.messaging-7zntnbL8MJstv6w64cqT8A==/base.apk!/lib/armeabi-v7a, /system/lib, /system/vendor/lib]]
02-06 21:42:34.641 19301 19301 I zygote  :   at java.lang.Class dalvik.system.BaseDexClassLoader.findClass(java.lang.String) (BaseDexClassLoader.java:125)
02-06 21:42:34.641 19301 19301 I zygote  :   at java.lang.Class java.lang.ClassLoader.loadClass(java.lang.String, boolean) (ClassLoader.java:379)
02-06 21:42:34.641 19301 19301 I zygote  :   at java.lang.Class java.lang.ClassLoader.loadClass(java.lang.String) (ClassLoader.java:312)
02-06 21:42:34.641 19301 19301 I zygote  :   at java.lang.Object java.lang.Class.newInstance() (Class.java:-2)
02-06 21:42:34.641 19301 19301 I zygote  :   at android.app.Application android.app.Instrumentation.newApplication(java.lang.Class, android.content.Context) (Instrumentation.java:1124)
02-06 21:42:34.641 19301 19301 I zygote  :   at android.app.Application android.app.Instrumentation.newApplication(java.lang.ClassLoader, java.lang.String, android.content.Context) (Instrumentation.java:1109)
02-06 21:42:34.641 19301 19301 I zygote  :   at android.app.Application android.app.LoadedApk.makeApplication(boolean, android.app.Instrumentation) (LoadedApk.java:992)
02-06 21:42:34.641 19301 19301 I zygote  :   at void android.app.ActivityThread.handleBindApplication(android.app.ActivityThread$AppBindData) (ActivityThread.java:5829)
02-06 21:42:34.641 19301 19301 I zygote  :   at void android.app.ActivityThread.-wrap1(android.app.ActivityThread, android.app.ActivityThread$AppBindData) (ActivityThread.java:-1)
02-06 21:42:34.641 19301 19301 I zygote  :   at void android.app.ActivityThread$H.handleMessage(android.os.Message) (ActivityThread.java:1697)
02-06 21:42:34.641 19301 19301 I zygote  :   at void android.os.Handler.dispatchMessage(android.os.Message) (Handler.java:106)
02-06 21:42:34.641 19301 19301 I zygote  :   at void android.os.Looper.loop() (Looper.java:164)
02-06 21:42:34.641 19301 19301 I zygote  :   at void android.app.ActivityThread.main(java.lang.String[]) (ActivityThread.java:6626)
02-06 21:42:34.641 19301 19301 I zygote  :   at java.lang.Object java.lang.reflect.Method.invoke(java.lang.Object, java.lang.Object[]) (Method.java:-2)
02-06 21:42:34.641 19301 19301 I zygote  :   at void com.android.internal.os.RuntimeInit$MethodAndArgsCaller.run() (RuntimeInit.java:438)
02-06 21:42:34.641 19301 19301 I zygote  :   at void com.android.internal.os.ZygoteInit.main(java.lang.String[]) (ZygoteInit.java:811)
02-06 21:42:34.641 19301 19301 I zygote  : 
02-06 21:42:34.643 19301 19301 I zygote  : Rejecting re-init on previously-failed class java.lang.Class<duc>: java.lang.NoClassDefFoundError: Failed resolution of: Landroid/os/StrictMode$OnThreadViolationListener;
02-06 21:42:34.643 19301 19301 I zygote  :   at java.lang.Object java.lang.Class.newInstance() (Class.java:-2)
02-06 21:42:34.643 19301 19301 I zygote  :   at android.app.Application android.app.Instrumentation.newApplication(java.lang.Class, android.content.Context) (Instrumentation.java:1124)
02-06 21:42:34.643 19301 19301 I zygote  :   at android.app.Application android.app.Instrumentation.newApplication(java.lang.ClassLoader, java.lang.String, android.content.Context) (Instrumentation.java:1109)
02-06 21:42:34.643 19301 19301 I zygote  :   at android.app.Application android.app.LoadedApk.makeApplication(boolean, android.app.Instrumentation) (LoadedApk.java:992)
02-06 21:42:34.643 19301 19301 I zygote  :   at void android.app.ActivityThread.handleBindApplication(android.app.ActivityThread$AppBindData) (ActivityThread.java:5829)
02-06 21:42:34.643 19301 19301 I zygote  :   at void android.app.ActivityThread.-wrap1(android.app.ActivityThread, android.app.ActivityThread$AppBindData) (ActivityThread.java:-1)
02-06 21:42:34.643 19301 19301 I zygote  :   at void android.app.ActivityThread$H.handleMessage(android.os.Message) (ActivityThread.java:1697)
02-06 21:42:34.643 19301 19301 I zygote  :   at void android.os.Handler.dispatchMessage(android.os.Message) (Handler.java:106)
02-06 21:42:34.643 19301 19301 I zygote  :   at void android.os.Looper.loop() (Looper.java:164)
02-06 21:42:34.643 19301 19301 I zygote  :   at void android.app.ActivityThread.main(java.lang.String[]) (ActivityThread.java:6626)
02-06 21:42:34.643 19301 19301 I zygote  :   at java.lang.Object java.lang.reflect.Method.invoke(java.lang.Object, java.lang.Object[]) (Method.java:-2)
02-06 21:42:34.643 19301 19301 I zygote  :   at void com.android.internal.os.RuntimeInit$MethodAndArgsCaller.run() (RuntimeInit.java:438)
02-06 21:42:34.643 19301 19301 I zygote  :   at void com.android.internal.os.ZygoteInit.main(java.lang.String[]) (ZygoteInit.java:811)
02-06 21:42:34.643 19301 19301 I zygote  : Caused by: java.lang.ClassNotFoundException: Didn't find class "android.os.StrictMode$OnThreadViolationListener" on path: DexPathList[[zip file "/data/app/com.google.android.apps.messaging-7zntnbL8MJstv6w64cqT8A==/base.apk"],nativeLibraryDirectories=[/data/app/com.google.android.apps.messaging-7zntnbL8MJstv6w64cqT8A==/lib/arm, /data/app/com.google.android.apps.messaging-7zntnbL8MJstv6w64cqT8A==/base.apk!/lib/armeabi-v7a, /system/lib, /system/vendor/lib]]
02-06 21:42:34.643 19301 19301 I zygote  :   at java.lang.Class dalvik.system.BaseDexClassLoader.findClass(java.lang.String) (BaseDexClassLoader.java:125)
02-06 21:42:34.643 19301 19301 I zygote  :   at java.lang.Class java.lang.ClassLoader.loadClass(java.lang.String, boolean) (ClassLoader.java:379)
02-06 21:42:34.643 19301 19301 I zygote  :   at java.lang.Class java.lang.ClassLoader.loadClass(java.lang.String) (ClassLoader.java:312)
02-06 21:42:34.643 19301 19301 I zygote  :   at java.lang.Object java.lang.Class.newInstance() (Class.java:-2)
02-06 21:42:34.643 19301 19301 I zygote  :   at android.app.Application android.app.Instrumentation.newApplication(java.lang.Class, android.content.Context) (Instrumentation.java:1124)
02-06 21:42:34.643 19301 19301 I zygote  :   at android.app.Application android.app.Instrumentation.newApplication(java.lang.ClassLoader, java.lang.String, android.content.Context) (Instrumentation.java:1109)
02-06 21:42:34.643 19301 19301 I zygote  :   at android.app.Application android.app.LoadedApk.makeApplication(boolean, android.app.Instrumentation) (LoadedApk.java:992)
02-06 21:42:34.643 19301 19301 I zygote  :   at void android.app.ActivityThread.handleBindApplication(android.app.ActivityThread$AppBindData) (ActivityThread.java:5829)
02-06 21:42:34.643 19301 19301 I zygote  :   at void android.app.ActivityThread.-wrap1(android.app.ActivityThread, android.app.ActivityThread$AppBindData) (ActivityThread.java:-1)
02-06 21:42:34.643 19301 19301 I zygote  :   at void android.app.ActivityThread$H.handleMessage(android.os.Message) (ActivityThread.java:1697)
02-06 21:42:34.643 19301 19301 I zygote  :   at void android.os.Handler.dispatchMessage(android.os.Message) (Handler.java:106)
02-06 21:42:34.643 19301 19301 I zygote  :   at void android.os.Looper.loop() (Looper.java:164)
02-06 21:42:34.643 19301 19301 I zygote  :   at void android.app.ActivityThread.main(java.lang.String[]) (ActivityThread.java:6626)
02-06 21:42:34.643 19301 19301 I zygote  :   at java.lang.Object java.lang.reflect.Method.invoke(java.lang.Object, java.lang.Object[]) (Method.java:-2)
02-06 21:42:34.643 19301 19301 I zygote  :   at void com.android.internal.os.RuntimeInit$MethodAndArgsCaller.run() (RuntimeInit.java:438)
02-06 21:42:34.643 19301 19301 I zygote  :   at void com.android.internal.os.ZygoteInit.main(java.lang.String[]) (ZygoteInit.java:811)
02-06 21:42:34.643 19301 19301 I zygote  : 
02-06 21:42:34.649 19264 19264 I CarrierServices: [2] cdc.a: Sending ProvisioningEvent to Bugle [Enable PEv2 (17)], null
02-06 21:42:34.662 19301 19301 I MultiDex: VM with version 2.1.0 has multidex support
02-06 21:42:34.662 19264 19264 I CarrierServices: [2] bml.a: Creating ProvisioningEngineComponent
02-06 21:42:34.662 19301 19301 I MultiDex: install
02-06 21:42:34.662 19301 19301 I MultiDex: VM has multidex support, MultiDex support library is disabled.
02-06 21:42:34.663 19301 19301 I MultiDex: install
02-06 21:42:34.663 19301 19301 I MultiDex: VM has multidex support, MultiDex support library is disabled.
02-06 21:42:34.677 19264 19299 I org.webrtc.Logging: NativeLibrary: Loading native library: jingle_peerconnection_so
02-06 21:42:34.677 19264 19299 I org.webrtc.Logging: NativeLibrary: Loading library: jingle_peerconnection_so
02-06 21:42:34.690 19264 19299 I org.webrtc.Logging: PeerConnectionFactory: PeerConnectionFactory was initialized without an injected Loggable. Any existing Loggable will be deleted.
02-06 21:42:34.691 19264 19299 I CarrierServices: [247850] daw.a: encryption disabled? false
02-06 21:42:34.692 19264 19299 I CarrierServices: [247850] daw.a: network ignore mask: 56
02-06 21:42:34.698 19264 19264 I CarrierServices: [2] cfh.a: Created new ProtoDataStore for sim 
02-06 21:42:34.706 19264 19299 I WebRtcAudioManagerExternal: [000:000] [19299] Sample rate is set to 48000 Hz
02-06 21:42:34.707 19264 19299 I WebRtcAudioManagerExternal: [000:001] [19299] Sample rate is set to 48000 Hz
02-06 21:42:34.707 19264 19299 I JavaAudioDeviceModule: [000:002] [19299] createAudioDeviceModule
02-06 21:42:34.707 19264 19299 I JavaAudioDeviceModule: [000:002] [19299] HW NS will be used.
02-06 21:42:34.708 19264 19299 I JavaAudioDeviceModule: [000:002] [19299] HW AEC will be used.
02-06 21:42:34.708 19264 19299 I WebRtcAudioEffectsExternal: [000:003] [19299] ctor@[name=webrtc-thread, id=247850]
02-06 21:42:34.708 19264 19299 I WebRtcAudioRecordExternal: [000:003] [19299] ctor@[name=webrtc-thread, id=247850]
02-06 21:42:34.709 19264 19299 I WebRtcAudioTrackExternal: [000:004] [19299] ctor@[name=webrtc-thread, id=247850]
02-06 21:42:34.718  1456  2196 W ActivityManager: Unable to start service Intent { act=com.google.android.ims.SIM_ABSENT cmp=com.google.android.ims/cpp } U=0: not found
02-06 21:42:34.719 19264 19299 I audio_record_jni.cc: [000:013] [19299] (line 71): ctor
02-06 21:42:34.719 19264 19299 I audio_track_jni.cc: [000:013] [19299] (line 46): ctor
02-06 21:42:34.719 19264 19299 I audio_device_module.cc: [000:014] [19299] (line 658): CreateAudioDeviceModuleFromInputAndOutput
02-06 21:42:34.719 19264 19299 I audio_device_module.cc: [000:014] [19299] (line 73): AndroidAudioDeviceModule
02-06 21:42:34.720 19264 19299 I default_audio_processing_jni.cc: [000:014] [19299] (line 43): APM: Capture post-processing: None.
02-06 21:42:34.720 19264 19299 I default_audio_processing_jni.cc: [000:014] [19299] (line 52): APM: Render pre-processing: None.
02-06 21:42:34.720 19264 19299 I default_audio_processing_jni.cc: [000:014] [19299] (line 63): APM: Echo controller: None.
02-06 21:42:34.720 19264 19299 I default_audio_processing_jni.cc: [000:014] [19299] (line 73): APM: Echo detector v2: None.
02-06 21:42:34.721 19264 19299 I audio_processing_impl.cc: [000:015] [19299] (line 436): Capture analyzer activated: 0
02-06 21:42:34.721 19264 19299 I audio_processing_impl.cc: Capture post processor activated: 0
02-06 21:42:34.721 19264 19299 I audio_processing_impl.cc: Render pre processor activated: 0
02-06 21:42:34.722 19264 19299 I default_audio_processing_jni.cc: [000:016] [19299] (line 93): APM: Adaptive Gain Controller 2: None.
02-06 21:42:34.723 19264 19299 I webrtc_voice_engine.cc: [000:018] [19299] (line 207): WebRtcVoiceEngine::WebRtcVoiceEngine
02-06 21:42:34.723 19264 19299 I webrtc_video_engine.cc: [000:018] [19299] (line 509): WebRtcVideoEngine::WebRtcVideoEngine()
02-06 21:42:34.724 19264 19332 I webrtc_voice_engine.cc: [000:019] [19332] (line 230): WebRtcVoiceEngine::Init
02-06 21:42:34.725 19264 19332 I webrtc_voice_engine.cc: [000:019] [19332] (line 238): Supported send codecs in order of preference:
02-06 21:42:34.725 19264 19332 I webrtc_voice_engine.cc: [000:020] [19332] (line 241): opus/48000/2 { minptime=10 useinbandfec=1 } (111)
02-06 21:42:34.726 19264 19332 I webrtc_voice_engine.cc: [000:020] [19332] (line 241): ISAC/16000/1 (103)
02-06 21:42:34.726 19264 19332 I webrtc_voice_engine.cc: [000:020] [19332] (line 241): G722/8000/1 (9)
02-06 21:42:34.726 19264 19332 I webrtc_voice_engine.cc: [000:020] [19332] (line 241): PCMU/8000/1 (0)
02-06 21:42:34.726 19264 19332 I webrtc_voice_engine.cc: [000:020] [19332] (line 241): PCMA/8000/1 (8)
02-06 21:42:34.726 19264 19332 I webrtc_voice_engine.cc: [000:020] [19332] (line 241): CN/16000/1 (105)
02-06 21:42:34.726 19264 19332 I webrtc_voice_engine.cc: [000:020] [19332] (line 241): CN/8000/1 (13)
02-06 21:42:34.726 19264 19332 I webrtc_voice_engine.cc: [000:020] [19332] (line 241): telephone-event/48000/1 (110)
02-06 21:42:34.726 19264 19332 I webrtc_voice_engine.cc: [000:020] [19332] (line 241): telephone-event/16000/1 (113)
02-06 21:42:34.726 19264 19332 I webrtc_voice_engine.cc: [000:021] [19332] (line 241): telephone-event/8000/1 (126)
02-06 21:42:34.726 19264 19332 I webrtc_voice_engine.cc: [000:021] [19332] (line 244): Supported recv codecs in order of preference:
02-06 21:42:34.727 19264 19332 I webrtc_voice_engine.cc: [000:021] [19332] (line 247): opus/48000/2 { minptime=10 useinbandfec=1 } (111)
02-06 21:42:34.727 19264 19332 I webrtc_voice_engine.cc: [000:021] [19332] (line 247): ISAC/16000/1 (103)
02-06 21:42:34.727 19264 19332 I webrtc_voice_engine.cc: [000:021] [19332] (line 247): G722/8000/1 (9)
02-06 21:42:34.727 19264 19332 I webrtc_voice_engine.cc: [000:021] [19332] (line 247): PCMU/8000/1 (0)
02-06 21:42:34.727 19264 19332 I webrtc_voice_engine.cc: [000:021] [19332] (line 247): PCMA/8000/1 (8)
02-06 21:42:34.727 19264 19332 I webrtc_voice_engine.cc: [000:021] [19332] (line 247): CN/16000/1 (105)
02-06 21:42:34.727 19264 19332 I webrtc_voice_engine.cc: [000:021] [19332] (line 247): CN/8000/1 (13)
02-06 21:42:34.727 19264 19332 I webrtc_voice_engine.cc: [000:021] [19332] (line 247): telephone-event/48000/1 (110)
02-06 21:42:34.727 19264 19332 I webrtc_voice_engine.cc: [000:021] [19332] (line 247): telephone-event/16000/1 (113)
02-06 21:42:34.727 19264 19332 I webrtc_voice_engine.cc: [000:022] [19332] (line 247): telephone-event/8000/1 (126)
02-06 21:42:34.727 19264 19332 I audio_device_module.cc: [000:022] [19332] (line 92): Init
02-06 21:42:34.727 19264 19332 I audio_device_buffer.cc: [000:022] [19332] (line 65): AudioDeviceBuffer::ctor
02-06 21:42:34.728 19301 19301 I FirebaseInitProvider: FirebaseApp initialization successful
02-06 21:42:34.728 19264 19332 I audio_device_module.cc: [000:022] [19332] (line 594): AttachAudioBuffer
02-06 21:42:34.728 19264 19332 I audio_track_jni.cc: [000:022] [19332] (line 186): AttachAudioBuffer
02-06 21:42:34.728 19264 19332 I audio_track_jni.cc: [000:022] [19332] (line 190): SetPlayoutSampleRate(48000)
02-06 21:42:34.728 19264 19332 I audio_device_buffer.cc: [000:022] [19332] (line 187): SetPlayoutSampleRate(48000)
02-06 21:42:34.728 19264 19332 I audio_track_jni.cc: [000:022] [19332] (line 193): SetPlayoutChannels(1)
02-06 21:42:34.728 19264 19332 I audio_device_buffer.cc: [000:022] [19332] (line 207): SetPlayoutChannels(1)
02-06 21:42:34.728 19264 19332 I audio_record_jni.cc: [000:022] [19332] (line 191): AttachAudioBuffer
02-06 21:42:34.728 19264 19332 I audio_record_jni.cc: [000:022] [19332] (line 195): SetRecordingSampleRate(48000)
02-06 21:42:34.728 19264 19332 I audio_device_buffer.cc: [000:022] [19332] (line 181): SetRecordingSampleRate(48000)
02-06 21:42:34.728 19264 19332 I audio_record_jni.cc: [000:023] [19332] (line 198): SetRecordingChannels(1)
02-06 21:42:34.728 19264 19332 I audio_device_buffer.cc: [000:023] [19332] (line 201): SetRecordingChannels(1)
02-06 21:42:34.728 19264 19332 I audio_track_jni.cc: [000:023] [19332] (line 63): Init
02-06 21:42:34.729 19264 19332 I audio_record_jni.cc: [000:023] [19332] (line 88): Init
02-06 21:42:34.729 19264 19332 I audio_device_module.cc: [000:024] [19332] (line 168): SetPlayoutDevice(0)
02-06 21:42:34.729 19264 19332 I audio_device_module.cc: [000:024] [19332] (line 321): InitSpeaker
02-06 21:42:34.729 19264 19332 I audio_device_module.cc: [000:024] [19332] (line 458): StereoPlayoutIsAvailable
02-06 21:42:34.729 19264 19332 I audio_device_module.cc: [000:024] [19332] (line 460): output: 0
02-06 21:42:34.729 19264 19332 I audio_device_module.cc: [000:024] [19332] (line 465): SetStereoPlayout(0)
02-06 21:42:34.729 19264 19332 I audio_device_module.cc: [000:024] [19332] (line 181): SetRecordingDevice(0)
02-06 21:42:34.729 19264 19332 I audio_device_module.cc: [000:024] [19332] (line 331): InitMicrophone
02-06 21:42:34.729 19264 19332 I audio_device_module.cc: [000:024] [19332] (line 485): StereoRecordingIsAvailable
02-06 21:42:34.729 19264 19332 I audio_device_module.cc: [000:024] [19332] (line 487): output: 0
02-06 21:42:34.730 19264 19332 I audio_device_module.cc: [000:024] [19332] (line 492): SetStereoRecording(0)
02-06 21:42:34.730 19264 19332 I apm_helpers.cc: [000:024] [19332] (line 32): Setting AGC mode to 2
02-06 21:42:34.730 19264 19332 I audio_processing_impl.cc: [000:024] [19332] (line 718): Highpass filter activated: 0
02-06 21:42:34.730 19264 19332 I audio_processing_impl.cc: [000:025] [19332] (line 736): Gain Controller 2 activated: 0
02-06 21:42:34.731 19264 19332 I audio_processing_impl.cc: [000:025] [19332] (line 738): Pre-amplifier activated: 0
02-06 21:42:34.731 19264 19264 E CarrierServices: [2] cne.m: Default SIM info not updated.
02-06 21:42:34.731 19264 19332 I audio_device_module.cc: [000:025] [19332] (line 87): RegisterAudioCallback
02-06 21:42:34.731 19264 19332 I audio_device_buffer.cc: [000:025] [19332] (line 82): RegisterAudioCallback
02-06 21:42:34.731 19264 19332 I webrtc_voice_engine.cc: [000:025] [19332] (line 318): WebRtcVoiceEngine::ApplyOptions: AudioOptions {aec: 1, agc: 1, ns: 1, hf: 1, swap: 0, audio_jitter_buffer_max_packets: 200, audio_jitter_buffer_fast_accelerate: 0, audio_jitter_buffer_min_delay_ms: 0, audio_jitter_buffer_enable_rtx_handling: 0, typing: 1, experimental_agc: 0, experimental_ns: 0, residual_echo_detector: 1, }
02-06 21:42:34.731 19264 19264 I CarrierServices: [2] cne.m: Processing an intent
02-06 21:42:34.731 19264 19332 I webrtc_voice_engine.cc: [000:026] [19332] (line 374): Disable AGC according to field trial.
02-06 21:42:34.731 19264 19332 I audio_device_module.cc: [000:026] [19332] (line 531): BuiltInAECIsAvailable
02-06 21:42:34.731 19264 19332 I audio_device_module.cc: [000:026] [19332] (line 535): output: 1
02-06 21:42:34.731 19264 19332 I audio_device_module.cc: [000:026] [19332] (line 561): EnableBuiltInAEC(1)
02-06 21:42:34.731 19264 19332 I audio_device_module.cc: [000:026] [19332] (line 531): BuiltInAECIsAvailable
02-06 21:42:34.731 19264 19332 I audio_device_module.cc: [000:026] [19332] (line 535): output: 1
02-06 21:42:34.731 19264 19332 I audio_record_jni.cc: [000:026] [19332] (line 215): EnableBuiltInAEC(1)
02-06 21:42:34.732 19264 19332 I WebRtcAudioRecordExternal: [000:026] [19332] enableBuiltInAEC(true)
02-06 21:42:34.732 19264 19332 I WebRtcAudioEffectsExternal: [000:026] [19332] setAEC(true)
02-06 21:42:34.732 19264 19332 I audio_device_module.cc: [000:026] [19332] (line 566): output: 0
02-06 21:42:34.732 19264 19332 I webrtc_voice_engine.cc: [000:027] [19332] (line 400): Disabling EC since built-in EC will be used instead
02-06 21:42:34.732 19264 19332 I audio_processing_impl.cc: [000:027] [19332] (line 718): Highpass filter activated: 0
02-06 21:42:34.733 19264 19332 I audio_processing_impl.cc: [000:028] [19332] (line 736): Gain Controller 2 activated: 0
02-06 21:42:34.733 19264 19332 I audio_processing_impl.cc: [000:028] [19332] (line 738): Pre-amplifier activated: 0
02-06 21:42:34.734 19264 19332 I apm_helpers.cc: [000:028] [19332] (line 48): Echo control set to 0 with mode 1
02-06 21:42:34.734 19264 19332 I audio_device_module.cc: [000:028] [19332] (line 541): BuiltInAGCIsAvailable
02-06 21:42:34.734 19264 19332 I audio_device_module.cc: [000:028] [19332] (line 542): output: 0
02-06 21:42:34.734 19264 19332 I audio_device_module.cc: [000:028] [19332] (line 551): BuiltInNSIsAvailable
02-06 21:42:34.734 19264 19332 I audio_device_module.cc: [000:028] [19332] (line 555): output: 1
02-06 21:42:34.734 19264 19332 I audio_device_module.cc: [000:028] [19332] (line 578): EnableBuiltInNS(1)
02-06 21:42:34.734 19264 19332 I audio_device_module.cc: [000:028] [19332] (line 551): BuiltInNSIsAvailable
02-06 21:42:34.734 19264 19332 I audio_device_module.cc: [000:028] [19332] (line 555): output: 1
02-06 21:42:34.734 19264 19332 I audio_record_jni.cc: [000:028] [19332] (line 223): EnableBuiltInNS(1)
02-06 21:42:34.734 19264 19332 I WebRtcAudioRecordExternal: [000:029] [19332] enableBuiltInNS(true)
02-06 21:42:34.734 19264 19332 I WebRtcAudioEffectsExternal: [000:029] [19332] setNS(true)
02-06 21:42:34.734 19264 19332 I audio_device_module.cc: [000:029] [19332] (line 583): output: 0
02-06 21:42:34.735 19264 19332 I webrtc_voice_engine.cc: [000:029] [19332] (line 429): Disabling NS since built-in NS will be used instead
02-06 21:42:34.735 19264 19332 I audio_processing_impl.cc: [000:029] [19332] (line 718): Highpass filter activated: 0
02-06 21:42:34.735 19264 19332 I audio_processing_impl.cc: [000:030] [19332] (line 736): Gain Controller 2 activated: 0
02-06 21:42:34.735 19264 19332 I audio_processing_impl.cc: [000:030] [19332] (line 738): Pre-amplifier activated: 0
02-06 21:42:34.735 19264 19332 I apm_helpers.cc: [000:030] [19332] (line 62): NS set to 0
02-06 21:42:34.735 19264 19332 I webrtc_voice_engine.cc: [000:030] [19332] (line 437): Stereo swapping enabled? 0
02-06 21:42:34.735 19264 19332 I webrtc_voice_engine.cc: [000:030] [19332] (line 442): NetEq capacity is 200
02-06 21:42:34.735 19264 19332 I webrtc_voice_engine.cc: [000:030] [19332] (line 448): NetEq fast mode? 0
02-06 21:42:34.735 19264 19332 I webrtc_voice_engine.cc: [000:030] [19332] (line 454): NetEq minimum delay is 0
02-06 21:42:34.736 19264 19332 I webrtc_voice_engine.cc: [000:030] [19332] (line 460): NetEq handle reordered packets? 0
02-06 21:42:34.736 19264 19332 I webrtc_voice_engine.cc: [000:030] [19332] (line 472): Experimental ns is enabled? 0
02-06 21:42:34.736 19264 19332 I webrtc_voice_engine.cc: [000:030] [19332] (line 482): Setting AGC to 0
02-06 21:42:34.736 19264 19332 I webrtc_voice_engine.cc: [000:030] [19332] (line 504): Typing detection is enabled? 0
02-06 21:42:34.736 19264 19332 I audio_processing_impl.cc: [000:030] [19332] (line 718): Highpass filter activated: 1
02-06 21:42:34.736 19264 19332 I audio_processing_impl.cc: [000:031] [19332] (line 736): Gain Controller 2 activated: 0
02-06 21:42:34.736 19264 19332 I audio_processing_impl.cc: [000:031] [19332] (line 738): Pre-amplifier activated: 0
02-06 21:42:34.736 19264 19264 I CarrierServices: [2] cne.a: Ignoring duplicate SIM state: ABSENT
02-06 21:42:34.737 19264 19264 I CarrierServices: [2] bsr.b: Reinitialize CSLib Flags: com.google.android.ims.library
02-06 21:42:34.737 19264 19264 I CarrierServices: [2] cne.a: register Carrier Config Changed event
02-06 21:42:34.738 19264 19332 I PeerConnectionFactory: [000:032] [19332] onWorkerThreadReady
02-06 21:42:34.738 19264 19299 I CarrierServices: [247850] dah.run: schedule local logs cleanup job service
02-06 21:42:34.738 19264 19331 I PeerConnectionFactory: [000:032] [19331] onNetworkThreadReady
02-06 21:42:34.745 19264 19333 I PeerConnectionFactory: [000:039] [19333] onSignalingThreadReady
02-06 21:42:34.749 19264 19287 I CarrierServices: [247838] cnh.b: SIM delay is not enabled
02-06 21:42:34.767 19264 19287 E CarrierServices: [247838] cne.m: Default SIM info not updated.
02-06 21:42:34.767 19264 19287 I CarrierServices: [247838] cne.m: Processing an intent
02-06 21:42:34.767 19264 19322 I CarrierServices: [247859] csz.c: No active subscription, returning false.
02-06 21:42:34.772 19264 19287 I CarrierServices: [247838] cne.a: Ignoring duplicate SIM state: ABSENT
02-06 21:42:34.773 19264 19323 I CarrierServices: [247861] cej.a: (PEv2-SM): Enter EnabledState
02-06 21:42:34.773 19264 19264 I CarrierServices: [2] cdc.a: Sending ProvisioningEvent to Bugle [Request Bugle information (15)], null
02-06 21:42:34.795 19264 19264 W CarrierServices: [2] cne.b: Unexpected action: android.telephony.action.DEFAULT_SUBSCRIPTION_CHANGED
02-06 21:42:34.796 19264 19323 I CarrierServices: [247861] cev.a: RcsAvailabilityManager: Calculating Rcs Availability
02-06 21:42:34.797 19264 19264 I CarrierServices: [2] cnv.onReceive: Received SERVICE_STATE intent, clearing cached cell info
02-06 21:42:34.797 19264 19317 W CarrierServices: [247856] bvw.C: No config URL. RCS will be disabled!
02-06 21:42:34.812 19264 19323 I CarrierServices: [247861] cev.a: RcsAvailabilityManager: Updating Rcs Availability to DISABLED_SIM_ABSENT (RCS is disabled due to SIM absent)
02-06 21:42:34.813 19264 19317 I CarrierServices: [247856] bbd.b: BindingManager: rcs already unbound or requested
02-06 21:42:34.813 19264 19323 W CarrierServices: [247861] ccb.a: No config URL source available.
02-06 21:42:34.814 19264 19264 W CarrierServices: [2] cne.b: Unexpected action: android.telephony.action.DEFAULT_SUBSCRIPTION_CHANGED
02-06 21:42:34.814 19264 19323 W CarrierServices: [247861] ccb.c: No config URL available.
02-06 21:42:34.815 19264 19322 W CarrierServices: [247859] bvw.C: No config URL. RCS will be disabled!
02-06 21:42:34.816 19264 19264 I CarrierServices: [2] cpp.a: Handling SIM removed
02-06 21:42:34.818 19264 19323 I CarrierServices: [247861] cdc.a: Sending ProvisioningEvent to Bugle [Availability updated (12)], [tzpVNZih_AAiZWpAn6fdrDYJtS0_LHlhKcmXWtfZxpU]
02-06 21:42:34.819 19264 19337 I CarrierServices: [247866] cnh.b: SIM delay is not enabled
02-06 21:42:34.820 19264 19317 W CarrierServices: [247856] bvw.C: No config URL. RCS will be disabled!
02-06 21:42:34.821 19264 19281 I CarrierServices: [247832] cnh.b: SIM delay is not enabled
02-06 21:42:34.821 19264 19337 W CarrierServices: [247866] cne.c: process intent: android.intent.action.SIM_STATE_CHANGED
02-06 21:42:34.827 19301 19338 I Bugle   : GServicesValues:
02-06 21:42:34.827 19301 19338 I Bugle   : bugle_enable_primes_crash_metrics: true
02-06 21:42:34.827 19301 19338 I Bugle   : bugle_enable_wap_push_si: true
02-06 21:42:34.827 19301 19338 I Bugle   : bugle_max_telemetry_upload_retries: 10
02-06 21:42:34.827 19301 19338 I Bugle   : bugle_sticker_set_list_version: 3
02-06 21:42:34.832 19301 19301 I xzb     : SslGuard completed installation.
02-06 21:42:34.845 19264 19281 W CarrierServices: [247832] cne.c: process intent: android.intent.action.SIM_STATE_CHANGED
02-06 21:42:34.850 19264 19323 I CarrierServices: [247861] cev.a: Sending ProvisioningEvent Internal [Availability updated (12)], [tzpVNZih_AAiZWpAn6fdrDYJtS0_LHlhKcmXWtfZxpU]
02-06 21:42:34.852 19301 19301 W PrimesInit: Primes instant initialization
02-06 21:42:34.860 19264 19323 I CarrierServices: [247861] cdc.a: Sending ProvisioningEvent to Bugle [Update provisioning status (11)], [GMDojRANsNoJczCe71l0C7N33u384-RIXgkJthBPyUA]
02-06 21:42:34.863 19264 19264 E CarrierServices: [2] cpp.a: onSimRemoved: not using a test number at the moment
02-06 21:42:34.869 19264 19264 I CarrierServices: [2] cpp.a: onSimRemoved: JibePreferences hasSim: [false], rcsEnabled: [false]
02-06 21:42:34.869 19264 19323 I CarrierServices: [247861] cej.a: (PEv2-SM): EnabledState: Transition to disabled
02-06 21:42:34.869 19264 19264 I CarrierServices: [2] cpp.a: SIM has been removed.
02-06 21:42:34.871 19264 19325 I CarrierServices: [247862] cev.a: RcsAvailabilityManager: Calculating Rcs Availability
02-06 21:42:34.871 19264 19323 I CarrierServices: [247861] cej.c: (PEv2-SM): Exit EnabledState
02-06 21:42:34.874  1456 10736 D WificondControl: Scan result ready event
02-06 21:42:34.882 19301 19348 W Primes  : background initialization
02-06 21:42:34.884 19264 19323 I CarrierServices: [247861] cej.a: (PEv2-SM): Enter DisabledState
02-06 21:42:34.887 19264 19325 I CarrierServices: [247862] cev.a: RcsAvailabilityManager: Rcs Availability still DISABLED_SIM_ABSENT (RCS is disabled due to SIM absent)
02-06 21:42:34.888 19264 19297 I CarrierServices: [247848] cmn.a: Received Provisioning Event: [Availability updated (12)]
02-06 21:42:34.888 19264 19341 W CarrierServices: [247869] bvw.C: No config URL. RCS will be disabled!
02-06 21:42:34.891 19264 19325 I CarrierServices: [247862] cdc.a: Sending ProvisioningEvent to Bugle [Request Bugle information (15)], null
02-06 21:42:34.894 19264 19297 I CarrierServices: [247848] cmn.a: JibeService is running, passing event to provisioning engine.
02-06 21:42:34.898 19264 19323 I CarrierServices: [247861] cdc.a: Sending ProvisioningEvent to Bugle [Update provisioning status (11)], [I_RX4awbE69dTpdZElF5ageNbCU5kW5cXzLTa2Lce-E]
02-06 21:42:34.903 19264 19323 I CarrierServices: [247861] cdw.a: (PEv2-SM): DisabledState: event SIM event
02-06 21:42:34.905 19264 19297 I CarrierServices: [247848] cdj.a: Handling Provisioning Event: [Availability updated (12)]
02-06 21:42:34.905 19264 19323 I CarrierServices: [247861] cdw.a: (PEv2-SM): DisabledState: event Availability updated
02-06 21:42:34.907 19264 19323 I CarrierServices: [247861] cev.a: RcsAvailabilityManager: Calculating Rcs Availability
02-06 21:42:34.911 19264 19339 W CarrierServices: [247867] ccb.c: No config URL available.
02-06 21:42:34.911 19264 19317 W CarrierServices: [247856] bvw.C: No config URL. RCS will be disabled!
02-06 21:42:34.920 19264 19345 W CarrierServices: [247871] bvw.C: No config URL. RCS will be disabled!
02-06 21:42:34.924 19264 19287 E CarrierServices: [247838] cne.m: Default SIM info not updated.
02-06 21:42:34.924 19264 19287 I CarrierServices: [247838] cne.m: Processing an intent
02-06 21:42:34.926 19264 19323 I CarrierServices: [247861] cev.a: RcsAvailabilityManager: Rcs Availability still DISABLED_SIM_ABSENT (RCS is disabled due to SIM absent)
02-06 21:42:34.933 19264 19287 I CarrierServices: [247838] cne.a: Ignoring duplicate SIM state: ABSENT
02-06 21:42:34.951  1456  1466 I zygote  : Background concurrent copying GC freed 58377(3MB) AllocSpace objects, 21(1060KB) LOS objects, 40% free, 35MB/59MB, paused 272us total 359.911ms
02-06 21:42:34.952 19264 19287 E CarrierServices: [247838] cne.m: Default SIM info not updated.
02-06 21:42:34.952 19264 19287 I CarrierServices: [247838] cne.m: Processing an intent
02-06 21:42:34.958 19264 19287 I CarrierServices: [247838] cne.a: Ignoring duplicate SIM state: ABSENT
02-06 21:42:34.973 19264 19339 W CarrierServices: [247867] ccb.c: No config URL available.
02-06 21:42:35.014 19301 19301 I BugleRcsEngine: [2] szm.<init>: Initializing SimStateTracker with multi-sim support
02-06 21:42:35.016 19301 19301 W BugleRcsEngine: Trying to log through cs.apk when it has not been initialized yet
02-06 21:42:35.017 19301 19301 I BugleRcsEngine: [2] szs.<init>: Initializing SimStateTracker for single-sim device
02-06 21:42:35.017 19301 19301 W BugleRcsEngine: Trying to log through cs.apk when it has not been initialized yet
02-06 21:42:35.046 19301 19350 I BugleRcsEngine: [247846] shm.b: Reinitialize CSLib Flags: com.google.android.ims.library
02-06 21:42:35.050 19301 19301 I Bugle   : BugleApplicationBase: Bugle version: 5.2.062 (pegasus_rc17_xxhdpi.armeabi-v7a.phone)
02-06 21:42:35.056 19301 19348 I PrimesTesting: GserviceFlagsSupplier.get()
02-06 21:42:35.078 19301 19356 I Bugle   : Initializing EmojiCompat
02-06 21:42:35.098 19301 19301 I Bugle   : DarkModeUtilBase: Setting system dark mode to off
02-06 21:42:35.111 13975  6025 I FontsContentProvider: Received query Noto Color Emoji Compat, URI content://com.google.android.gms.fonts
02-06 21:42:35.120 19301 19335 I FA      : App measurement is starting up, version: 19000
02-06 21:42:35.120 19301 19335 I FA      : To enable debug logging run: adb shell setprop log.tag.FA VERBOSE
02-06 21:42:35.120 13975  6025 I FontsContentProvider: Query [Noto Color Emoji Compat] resolved to {Noto Color Emoji Compat, wdth 100.0, wght 400, ital 0.0, bestEffort false}
02-06 21:42:35.120 19301 19335 I FA      : To enable faster debug mode event logging run:
02-06 21:42:35.120 19301 19335 I FA      :   adb shell setprop debug.firebase.analytics.app com.google.android.apps.messaging
02-06 21:42:35.122 13975 13985 I zygote  : Background concurrent copying GC freed 108273(6MB) AllocSpace objects, 37(1576KB) LOS objects, 49% free, 8MB/17MB, paused 614us total 146.885ms
02-06 21:42:35.126 13975  6025 I FontsContentProvider: Fetch {Noto Color Emoji Compat, wdth 100.0, wght 400, ital 0.0, bestEffort false} end status Status{statusCode=SUCCESS, resolution=null}
02-06 21:42:35.162 13975  6025 I FontsContentProvider: Pulling font file for id = 29, cache size = 4
02-06 21:42:35.167 19301 19344 I BugleRcsEngine: [247842] szm.a: register Carrier Config Changed event
