01-12 21:42:28.405 27193 27193 I zygote  :   at java.lang.Class dalvik.system.BaseDexClassLoader.findClass(java.lang.String) (BaseDexClassLoader.java:125)
01-12 21:42:28.405 27193 27193 I zygote  :   at java.lang.Class java.lang.ClassLoader.loadClass(java.lang.String, boolean) (ClassLoader.java:379)
01-12 21:42:28.405 27193 27193 I zygote  :   at java.lang.Class java.lang.ClassLoader.loadClass(java.lang.String) (ClassLoader.java:312)
01-12 21:42:28.405 27193 27193 I zygote  :   at java.lang.Object java.lang.Class.newInstance() (Class.java:-2)
01-12 21:42:28.405 27193 27193 I zygote  :   at android.app.Application android.app.Instrumentation.newApplication(java.lang.Class, android.content.Context) (Instrumentation.java:1124)
01-12 21:42:28.405 27193 27193 I zygote  :   at android.app.Application android.app.Instrumentation.newApplication(java.lang.ClassLoader, java.lang.String, android.content.Context) (Instrumentation.java:1109)
01-12 21:42:28.405 27193 27193 I zygote  :   at android.app.Application android.app.LoadedApk.makeApplication(boolean, android.app.Instrumentation) (LoadedApk.java:992)
01-12 21:42:28.405 27193 27193 I zygote  :   at void android.app.ActivityThread.handleBindApplication(android.app.ActivityThread$AppBindData) (ActivityThread.java:5829)
01-12 21:42:28.405 27193 27193 I zygote  :   at void android.app.ActivityThread.-wrap1(android.app.ActivityThread, android.app.ActivityThread$AppBindData) (ActivityThread.java:-1)
01-12 21:42:28.405 27193 27193 I zygote  :   at void android.app.ActivityThread$H.handleMessage(android.os.Message) (ActivityThread.java:1697)
01-12 21:42:28.405 27193 27193 I zygote  :   at void android.os.Handler.dispatchMessage(android.os.Message) (Handler.java:106)
01-12 21:42:28.405 27193 27193 I zygote  :   at void android.os.Looper.loop() (Looper.java:164)
01-12 21:42:28.405 27193 27193 I zygote  :   at void android.app.ActivityThread.main(java.lang.String[]) (ActivityThread.java:6626)
01-12 21:42:28.405 27193 27193 I zygote  :   at java.lang.Object java.lang.reflect.Method.invoke(java.lang.Object, java.lang.Object[]) (Method.java:-2)
01-12 21:42:28.405 27193 27193 I zygote  :   at void com.android.internal.os.RuntimeInit$MethodAndArgsCaller.run() (RuntimeInit.java:438)
01-12 21:42:28.405 27193 27193 I zygote  :   at void com.android.internal.os.ZygoteInit.main(java.lang.String[]) (ZygoteInit.java:811)
01-12 21:42:28.405 27193 27193 I zygote  : 
01-12 21:42:28.406 27193 27193 I zygote  : Rejecting re-init on previously-failed class java.lang.Class<duc>: java.lang.NoClassDefFoundError: Failed resolution of: Landroid/os/StrictMode$OnThreadViolationListener;
01-12 21:42:28.406 27193 27193 I zygote  :   at java.lang.Object java.lang.Class.newInstance() (Class.java:-2)
01-12 21:42:28.406 27193 27193 I zygote  :   at android.app.Application android.app.Instrumentation.newApplication(java.lang.Class, android.content.Context) (Instrumentation.java:1124)
01-12 21:42:28.406 27193 27193 I zygote  :   at android.app.Application android.app.Instrumentation.newApplication(java.lang.ClassLoader, java.lang.String, android.content.Context) (Instrumentation.java:1109)
01-12 21:42:28.406 27193 27193 I zygote  :   at android.app.Application android.app.LoadedApk.makeApplication(boolean, android.app.Instrumentation) (LoadedApk.java:992)
01-12 21:42:28.406 27193 27193 I zygote  :   at void android.app.ActivityThread.handleBindApplication(android.app.ActivityThread$AppBindData) (ActivityThread.java:5829)
01-12 21:42:28.406 27193 27193 I zygote  :   at void android.app.ActivityThread.-wrap1(android.app.ActivityThread, android.app.ActivityThread$AppBindData) (ActivityThread.java:-1)
01-12 21:42:28.406 27193 27193 I zygote  :   at void android.app.ActivityThread$H.handleMessage(android.os.Message) (ActivityThread.java:1697)
01-12 21:42:28.406 27193 27193 I zygote  :   at void android.os.Handler.dispatchMessage(android.os.Message) (Handler.java:106)
01-12 21:42:28.406 27193 27193 I zygote  :   at void android.os.Looper.loop() (Looper.java:164)
01-12 21:42:28.406 27193 27193 I zygote  :   at void android.app.ActivityThread.main(java.lang.String[]) (ActivityThread.java:6626)
01-12 21:42:28.406 27193 27193 I zygote  :   at java.lang.Object java.lang.reflect.Method.invoke(java.lang.Object, java.lang.Object[]) (Method.java:-2)
01-12 21:42:28.407 27193 27193 I zygote  :   at void com.android.internal.os.RuntimeInit$MethodAndArgsCaller.run() (RuntimeInit.java:438)
01-12 21:42:28.407 27193 27193 I zygote  :   at void com.android.internal.os.ZygoteInit.main(java.lang.String[]) (ZygoteInit.java:811)
01-12 21:42:28.407 27193 27193 I zygote  : Caused by: java.lang.ClassNotFoundException: Didn't find class "android.os.StrictMode$OnThreadViolationListener" on path: DexPathList[[zip file "/data/app/com.google.android.apps.messaging-7zntnbL8MJstv6w64cqT8A==/base.apk"],nativeLibraryDirectories=[/data/app/com.google.android.apps.messaging-7zntnbL8MJstv6w64cqT8A==/lib/arm, /data/app/com.google.android.apps.messaging-7zntnbL8MJstv6w64cqT8A==/base.apk!/lib/armeabi-v7a, /system/lib, /system/vendor/lib]]
01-12 21:42:28.407 27193 27193 I zygote  :   at java.lang.Class dalvik.system.BaseDexClassLoader.findClass(java.lang.String) (BaseDexClassLoader.java:125)
01-12 21:42:28.407 27193 27193 I zygote  :   at java.lang.Class java.lang.ClassLoader.loadClass(java.lang.String, boolean) (ClassLoader.java:379)
01-12 21:42:28.407 27193 27193 I zygote  :   at java.lang.Class java.lang.ClassLoader.loadClass(java.lang.String) (ClassLoader.java:312)
01-12 21:42:28.407 27193 27193 I zygote  :   at java.lang.Object java.lang.Class.newInstance() (Class.java:-2)
01-12 21:42:28.407 27193 27193 I zygote  :   at android.app.Application android.app.Instrumentation.newApplication(java.lang.Class, android.content.Context) (Instrumentation.java:1124)
01-12 21:42:28.407 27193 27193 I zygote  :   at android.app.Application android.app.Instrumentation.newApplication(java.lang.ClassLoader, java.lang.String, android.content.Context) (Instrumentation.java:1109)
01-12 21:42:28.407 27193 27193 I zygote  :   at android.app.Application android.app.LoadedApk.makeApplication(boolean, android.app.Instrumentation) (LoadedApk.java:992)
01-12 21:42:28.407 27193 27193 I zygote  :   at void android.app.ActivityThread.handleBindApplication(android.app.ActivityThread$AppBindData) (ActivityThread.java:5829)
01-12 21:42:28.407 27193 27193 I zygote  :   at void android.app.ActivityThread.-wrap1(android.app.ActivityThread, android.app.ActivityThread$AppBindData) (ActivityThread.java:-1)
01-12 21:42:28.407 27193 27193 I zygote  :   at void android.app.ActivityThread$H.handleMessage(android.os.Message) (ActivityThread.java:1697)
01-12 21:42:28.407 27193 27193 I zygote  :   at void android.os.Handler.dispatchMessage(android.os.Message) (Handler.java:106)
01-12 21:42:28.407 27193 27193 I zygote  :   at void android.os.Looper.loop() (Looper.java:164)
01-12 21:42:28.407 27193 27193 I zygote  :   at void android.app.ActivityThread.main(java.lang.String[]) (ActivityThread.java:6626)
01-12 21:42:28.407 27193 27193 I zygote  :   at java.lang.Object java.lang.reflect.Method.invoke(java.lang.Object, java.lang.Object[]) (Method.java:-2)
01-12 21:42:28.407 27193 27193 I zygote  :   at void com.android.internal.os.RuntimeInit$MethodAndArgsCaller.run() (RuntimeInit.java:438)
01-12 21:42:28.407 27193 27193 I zygote  :   at void com.android.internal.os.ZygoteInit.main(java.lang.String[]) (ZygoteInit.java:811)
01-12 21:42:28.407 27193 27193 I zygote  : 
01-12 21:42:28.408 27090 27090 I CarrierServices: [2] cfh.a: Created new ProtoDataStore for sim 
01-12 21:42:28.431  1456  2204 W ActivityManager: Unable to start service Intent { act=com.google.android.ims.SIM_ABSENT cmp=com.google.android.ims/cpp } U=0: not found
01-12 21:42:28.433 27034 27219 D glean/PingUploadWorker: Processing persisted pings at /data/user/0/org.mozilla.fenix.nightly/glean_data/pending_pings
01-12 21:42:28.435 27034 27219 D glean/PingUploadWorker: Processing ping: e1ae26e8-63dc-4a49-af43-280f6a54598b
01-12 21:42:28.440 27090 27090 E CarrierServices: [2] cne.m: Default SIM info not updated.
01-12 21:42:28.440 27090 27090 I CarrierServices: [2] cne.m: Processing an intent
01-12 21:42:28.440 27034 27219 D glean/ConceptFetchHttpUploader: Submitting ping to: https://incoming.telemetry.mozilla.org/submit/org-mozilla-fenix-nightly/events/1/e1ae26e8-63dc-4a49-af43-280f6a54598b
01-12 21:42:28.443 27090 27090 I CarrierServices: [2] cne.a: Ignoring duplicate SIM state: ABSENT
01-12 21:42:28.444 27090 27090 I CarrierServices: [2] bsr.b: Reinitialize CSLib Flags: com.google.android.ims.library
01-12 21:42:28.444 27090 27090 I CarrierServices: [2] cne.a: register Carrier Config Changed event
01-12 21:42:28.450 27090 27151 I CarrierServices: [189351] cnh.b: SIM delay is not enabled
01-12 21:42:28.458 27090 27151 E CarrierServices: [189351] cne.m: Default SIM info not updated.
01-12 21:42:28.458 27090 27151 I CarrierServices: [189351] cne.m: Processing an intent
01-12 21:42:28.462 27090 27151 I CarrierServices: [189351] cne.a: Ignoring duplicate SIM state: ABSENT
01-12 21:42:28.475 27090 27213 I CarrierServices: [189370] csz.c: No active subscription, returning false.
01-12 21:42:28.490 27090 27217 I CarrierServices: [189373] cej.a: (PEv2-SM): Enter EnabledState
01-12 21:42:28.490 27090 27090 I CarrierServices: [2] cdc.a: Sending ProvisioningEvent to Bugle [Request Bugle information (15)], null
01-12 21:42:28.495 27090 27191 I org.webrtc.Logging: PeerConnectionFactory: PeerConnectionFactory was initialized without an injected Loggable. Any existing Loggable will be deleted.
01-12 21:42:28.497 27090 27191 I CarrierServices: [189363] daw.a: encryption disabled? false
01-12 21:42:28.497 27090 27191 I CarrierServices: [189363] daw.a: network ignore mask: 56
01-12 21:42:28.515 27193 27193 I MultiDex: VM with version 2.1.0 has multidex support
01-12 21:42:28.515 27193 27193 I MultiDex: install
01-12 21:42:28.515 27193 27193 I MultiDex: VM has multidex support, MultiDex support library is disabled.
01-12 21:42:28.515 27193 27193 I MultiDex: install
01-12 21:42:28.515 27193 27193 I MultiDex: VM has multidex support, MultiDex support library is disabled.
01-12 21:42:28.517 27034 27150 D vndksupport: Loading /vendor/lib/hw/android.hardware.graphics.mapper@2.0-impl.so from current namespace instead of sphal namespace.
01-12 21:42:28.519 27090 27090 W CarrierServices: [2] cne.b: Unexpected action: android.telephony.action.DEFAULT_SUBSCRIPTION_CHANGED
01-12 21:42:28.521 27090 27217 I CarrierServices: [189373] cev.a: RcsAvailabilityManager: Calculating Rcs Availability
01-12 21:42:28.522 27090 27212 W CarrierServices: [189369] bvw.C: No config URL. RCS will be disabled!
01-12 21:42:28.522 27034 27150 D vndksupport: Loading /vendor/lib/hw/gralloc.msm8937.so from current namespace instead of sphal namespace.
01-12 21:42:28.527 27090 27090 I CarrierServices: [2] cnv.onReceive: Received SERVICE_STATE intent, clearing cached cell info
01-12 21:42:28.538 27090 27217 I CarrierServices: [189373] cev.a: RcsAvailabilityManager: Updating Rcs Availability to DISABLED_SIM_ABSENT (RCS is disabled due to SIM absent)
01-12 21:42:28.540 27090 27226 I CarrierServices: [189375] cnh.b: SIM delay is not enabled
01-12 21:42:28.540 27090 27217 W CarrierServices: [189373] ccb.a: No config URL source available.
01-12 21:42:28.540 27090 27226 W CarrierServices: [189375] cne.c: process intent: android.intent.action.SIM_STATE_CHANGED
01-12 21:42:28.540 27090 27213 I CarrierServices: [189370] bbd.b: BindingManager: rcs already unbound or requested
01-12 21:42:28.541 27090 27217 W CarrierServices: [189373] ccb.c: No config URL available.
01-12 21:42:28.559 27090 27213 W CarrierServices: [189370] bvw.C: No config URL. RCS will be disabled!
01-12 21:42:28.561 27090 27217 I CarrierServices: [189373] cdc.a: Sending ProvisioningEvent to Bugle [Availability updated (12)], [tzpVNZih_AAiZWpAn6fdrDYJtS0_LHlhKcmXWtfZxpU]
01-12 21:42:28.562 27090 27191 I WebRtcAudioManagerExternal: [000:000] [27191] Sample rate is set to 48000 Hz
01-12 21:42:28.563 27090 27191 I WebRtcAudioManagerExternal: [000:005] [27191] Sample rate is set to 48000 Hz
01-12 21:42:28.563 27090 27191 I JavaAudioDeviceModule: [000:006] [27191] createAudioDeviceModule
01-12 21:42:28.564 27090 27191 I JavaAudioDeviceModule: [000:006] [27191] HW NS will be used.
01-12 21:42:28.564 27090 27191 I JavaAudioDeviceModule: [000:006] [27191] HW AEC will be used.
01-12 21:42:28.568 27034 27039 I zygote  : Do partial code cache collection, code=113KB, data=94KB
01-12 21:42:28.570 27090 27191 I WebRtcAudioEffectsExternal: [000:013] [27191] ctor@[name=webrtc-thread, id=189363]
01-12 21:42:28.571 27034 27039 I zygote  : After code cache collection, code=113KB, data=94KB
01-12 21:42:28.571 27034 27039 I zygote  : Increasing code cache capacity to 512KB
01-12 21:42:28.571 27090 27191 I WebRtcAudioRecordExternal: [000:014] [27191] ctor@[name=webrtc-thread, id=189363]
01-12 21:42:28.574 27090 27191 I WebRtcAudioTrackExternal: [000:017] [27191] ctor@[name=webrtc-thread, id=189363]
01-12 21:42:28.580 27090 27090 W CarrierServices: [2] cne.b: Unexpected action: android.telephony.action.DEFAULT_SUBSCRIPTION_CHANGED
01-12 21:42:28.582 27090 27217 I CarrierServices: [189373] cev.a: Sending ProvisioningEvent Internal [Availability updated (12)], [tzpVNZih_AAiZWpAn6fdrDYJtS0_LHlhKcmXWtfZxpU]
01-12 21:42:28.585 27034 27066 I Gecko   : 1578883348573	addons.xpi	WARN	List of valid built-in add-ons could not be parsed.: [Exception... "Component returned failure code: 0x80520012 (NS_ERROR_FILE_NOT_FOUND) [nsIXPCComponents_Utils.readUTF8URI]"  nsresult: "0x80520012 (NS_ERROR_FILE_NOT_FOUND)"  location: "JS frame :: resource://gre/modules/addons/XPIProvider.jsm :: startup :: line 2366"  data: no] Stack trace: startup()@resource://gre/modules/addons/XPIProvider.jsm:2366
01-12 21:42:28.585 27034 27066 I Gecko   : callProvider()@resource://gre/modules/AddonManager.jsm:215
01-12 21:42:28.585 27034 27066 I Gecko   : _startProvider()@resource://gre/modules/AddonManager.jsm:586
01-12 21:42:28.585 27034 27066 I Gecko   : startup()@resource://gre/modules/AddonManager.jsm:810
01-12 21:42:28.585 27034 27066 I Gecko   : startup()@resource://gre/modules/AddonManager.jsm:3474
01-12 21:42:28.585 27034 27066 I Gecko   : observe()@resource://gre/modules/addonManager.js:87
01-12 21:42:28.590  1456  1673 I LaunchCheckinHandler: Displayed org.mozilla.fenix.nightly/org.mozilla.fenix.HomeActivity,cp,ca,1621
01-12 21:42:28.591  1456  1673 I ActivityManager: Displayed org.mozilla.fenix.nightly/org.mozilla.fenix.HomeActivity: +1s614ms
01-12 21:42:28.592 27090 27090 I CarrierServices: [2] cpp.a: Handling SIM removed
01-12 21:42:28.593 27034 27066 I Gecko   : 1578883348593	addons.xpi	WARN	No list of valid system add-ons found.
01-12 21:42:28.597 27090 27128 I CarrierServices: [189344] cnh.b: SIM delay is not enabled
01-12 21:42:28.598 27090 27128 W CarrierServices: [189344] cne.c: process intent: android.intent.action.SIM_STATE_CHANGED
01-12 21:42:28.602 26823 26837 D AuthStateProvider: Verifying caller's signature:77eac4ceed36afefba76179931dd4cc195ab0cd54baf355d215e7bbdd28e402a
01-12 21:42:28.602 26823 26837 D AuthStateProvider: Success!
01-12 21:42:28.604 27034 27034 E ActivityThread: Failed to find provider info for org.mozilla.fennec_aurora.fxa.auth
01-12 21:42:28.606 27090 27191 I audio_record_jni.cc: [000:047] [27191] (line 71): ctor
01-12 21:42:28.607 27090 27191 I audio_track_jni.cc: [000:049] [27191] (line 46): ctor
01-12 21:42:28.607 27090 27191 I audio_device_module.cc: [000:049] [27191] (line 658): CreateAudioDeviceModuleFromInputAndOutput
01-12 21:42:28.608 27090 27217 I CarrierServices: [189373] cdc.a: Sending ProvisioningEvent to Bugle [Update provisioning status (11)], [GMDojRANsNoJczCe71l0C7N33u384-RIXgkJthBPyUA]
01-12 21:42:28.613 27090 27191 I audio_device_module.cc: [000:055] [27191] (line 73): AndroidAudioDeviceModule
01-12 21:42:28.614 27090 27229 W CarrierServices: [189376] bvw.C: No config URL. RCS will be disabled!
01-12 21:42:28.620 27090 27191 I default_audio_processing_jni.cc: [000:056] [27191] (line 43): APM: Capture post-processing: None.
01-12 21:42:28.630 27090 27191 I default_audio_processing_jni.cc: [000:073] [27191] (line 52): APM: Render pre-processing: None.
01-12 21:42:28.639 27090 27191 I default_audio_processing_jni.cc: [000:082] [27191] (line 63): APM: Echo controller: None.
01-12 21:42:28.641 27090 27217 I CarrierServices: [189373] cej.a: (PEv2-SM): EnabledState: Transition to disabled
01-12 21:42:28.646 27090 27191 I default_audio_processing_jni.cc: [000:082] [27191] (line 73): APM: Echo detector v2: None.
01-12 21:42:28.651 27090 27217 I CarrierServices: [189373] cej.c: (PEv2-SM): Exit EnabledState
01-12 21:42:28.668 27090 27217 I CarrierServices: [189373] cej.a: (PEv2-SM): Enter DisabledState
01-12 21:42:28.672 27193 27193 I FirebaseInitProvider: FirebaseApp initialization successful
01-12 21:42:28.677 27090 27191 I audio_processing_impl.cc: [000:120] [27191] (line 436): Capture analyzer activated: 0
01-12 21:42:28.677 27090 27191 I audio_processing_impl.cc: Capture post processor activated: 0
01-12 21:42:28.677 27090 27191 I audio_processing_impl.cc: Render pre processor activated: 0
01-12 21:42:28.683 27090 27191 I default_audio_processing_jni.cc: [000:125] [27191] (line 93): APM: Adaptive Gain Controller 2: None.
01-12 21:42:28.684 27090 27245 W CarrierServices: [189381] bvw.C: No config URL. RCS will be disabled!
01-12 21:42:28.714 27034 27066 D GeckoThread: State changed to PROFILE_READY
01-12 21:42:28.718 27090 27244 W CarrierServices: [189380] bvw.C: No config URL. RCS will be disabled!
01-12 21:42:28.724 27090 27191 I webrtc_voice_engine.cc: [000:166] [27191] (line 207): WebRtcVoiceEngine::WebRtcVoiceEngine
01-12 21:42:28.724 27090 27191 I webrtc_video_engine.cc: [000:166] [27191] (line 509): WebRtcVideoEngine::WebRtcVideoEngine()
01-12 21:42:28.735 27090 27217 I CarrierServices: [189373] cdc.a: Sending ProvisioningEvent to Bugle [Update provisioning status (11)], [I_RX4awbE69dTpdZElF5ageNbCU5kW5cXzLTa2Lce-E]
01-12 21:42:28.736 27090 27090 E CarrierServices: [2] cpp.a: onSimRemoved: not using a test number at the moment
01-12 21:42:28.736 27090 27250 I webrtc_voice_engine.cc: [000:179] [27250] (line 230): WebRtcVoiceEngine::Init
01-12 21:42:28.737 27090 27250 I webrtc_voice_engine.cc: [000:179] [27250] (line 238): Supported send codecs in order of preference:
01-12 21:42:28.737 27090 27230 W CarrierServices: [189377] ccb.c: No config URL available.
01-12 21:42:28.739 27090 27250 I webrtc_voice_engine.cc: [000:181] [27250] (line 241): opus/48000/2 { minptime=10 useinbandfec=1 } (111)
01-12 21:42:28.739 27090 27250 I webrtc_voice_engine.cc: [000:181] [27250] (line 241): ISAC/16000/1 (103)
01-12 21:42:28.739 27090 27250 I webrtc_voice_engine.cc: [000:181] [27250] (line 241): G722/8000/1 (9)
01-12 21:42:28.739 27090 27250 I webrtc_voice_engine.cc: [000:182] [27250] (line 241): PCMU/8000/1 (0)
01-12 21:42:28.739 27090 27250 I webrtc_voice_engine.cc: [000:182] [27250] (line 241): PCMA/8000/1 (8)
01-12 21:42:28.739 27090 27250 I webrtc_voice_engine.cc: [000:182] [27250] (line 241): CN/16000/1 (105)
01-12 21:42:28.739 27090 27250 I webrtc_voice_engine.cc: [000:182] [27250] (line 241): CN/8000/1 (13)
01-12 21:42:28.740 27090 27250 I webrtc_voice_engine.cc: [000:182] [27250] (line 241): telephone-event/48000/1 (110)
01-12 21:42:28.740 27090 27250 I webrtc_voice_engine.cc: [000:182] [27250] (line 241): telephone-event/16000/1 (113)
01-12 21:42:28.740 27090 27250 I webrtc_voice_engine.cc: [000:182] [27250] (line 241): telephone-event/8000/1 (126)
01-12 21:42:28.740 27090 27250 I webrtc_voice_engine.cc: [000:182] [27250] (line 244): Supported recv codecs in order of preference:
01-12 21:42:28.740 27090 27250 I webrtc_voice_engine.cc: [000:183] [27250] (line 247): opus/48000/2 { minptime=10 useinbandfec=1 } (111)
01-12 21:42:28.740 27090 27250 I webrtc_voice_engine.cc: [000:183] [27250] (line 247): ISAC/16000/1 (103)
01-12 21:42:28.740 27090 27250 I webrtc_voice_engine.cc: [000:183] [27250] (line 247): G722/8000/1 (9)
01-12 21:42:28.740 27090 27250 I webrtc_voice_engine.cc: [000:183] [27250] (line 247): PCMU/8000/1 (0)
01-12 21:42:28.740 27090 27250 I webrtc_voice_engine.cc: [000:183] [27250] (line 247): PCMA/8000/1 (8)
01-12 21:42:28.740 27090 27250 I webrtc_voice_engine.cc: [000:183] [27250] (line 247): CN/16000/1 (105)
01-12 21:42:28.741 27090 27250 I webrtc_voice_engine.cc: [000:183] [27250] (line 247): CN/8000/1 (13)
01-12 21:42:28.741 27090 27250 I webrtc_voice_engine.cc: [000:183] [27250] (line 247): telephone-event/48000/1 (110)
01-12 21:42:28.741 27090 27250 I webrtc_voice_engine.cc: [000:183] [27250] (line 247): telephone-event/16000/1 (113)
01-12 21:42:28.741 27090 27250 I webrtc_voice_engine.cc: [000:183] [27250] (line 247): telephone-event/8000/1 (126)
01-12 21:42:28.741 27090 27250 I audio_device_module.cc: [000:183] [27250] (line 92): Init
01-12 21:42:28.741 27090 27090 I CarrierServices: [2] cpp.a: onSimRemoved: JibePreferences hasSim: [false], rcsEnabled: [false]
01-12 21:42:28.742 27090 27090 I CarrierServices: [2] cpp.a: SIM has been removed.
01-12 21:42:28.742 27090 27250 I audio_device_buffer.cc: [000:185] [27250] (line 65): AudioDeviceBuffer::ctor
01-12 21:42:28.743 27090 27250 I audio_device_module.cc: [000:185] [27250] (line 594): AttachAudioBuffer
01-12 21:42:28.743 27090 27250 I audio_track_jni.cc: [000:185] [27250] (line 186): AttachAudioBuffer
01-12 21:42:28.743 27090 27250 I audio_track_jni.cc: [000:185] [27250] (line 190): SetPlayoutSampleRate(48000)
01-12 21:42:28.743 27090 27250 I audio_device_buffer.cc: [000:185] [27250] (line 187): SetPlayoutSampleRate(48000)
01-12 21:42:28.743 27090 27250 I audio_track_jni.cc: [000:185] [27250] (line 193): SetPlayoutChannels(1)
01-12 21:42:28.743 27090 27250 I audio_device_buffer.cc: [000:185] [27250] (line 207): SetPlayoutChannels(1)
01-12 21:42:28.743 27090 27250 I audio_record_jni.cc: [000:185] [27250] (line 191): AttachAudioBuffer
01-12 21:42:28.743 27090 27250 I audio_record_jni.cc: [000:186] [27250] (line 195): SetRecordingSampleRate(48000)
01-12 21:42:28.743 27090 27250 I audio_device_buffer.cc: [000:186] [27250] (line 181): SetRecordingSampleRate(48000)
01-12 21:42:28.743 27090 27250 I audio_record_jni.cc: [000:186] [27250] (line 198): SetRecordingChannels(1)
01-12 21:42:28.743 27090 27250 I audio_device_buffer.cc: [000:186] [27250] (line 201): SetRecordingChannels(1)
01-12 21:42:28.743 27090 27250 I audio_track_jni.cc: [000:186] [27250] (line 63): Init
01-12 21:42:28.748 27090 27250 I audio_record_jni.cc: [000:190] [27250] (line 88): Init
01-12 21:42:28.748 27090 27250 I audio_device_module.cc: [000:190] [27250] (line 168): SetPlayoutDevice(0)
01-12 21:42:28.748 27090 27250 I audio_device_module.cc: [000:190] [27250] (line 321): InitSpeaker
01-12 21:42:28.748 27090 27250 I audio_device_module.cc: [000:190] [27250] (line 458): StereoPlayoutIsAvailable
01-12 21:42:28.748 27090 27250 I audio_device_module.cc: [000:190] [27250] (line 460): output: 0
01-12 21:42:28.748 27090 27250 I audio_device_module.cc: [000:191] [27250] (line 465): SetStereoPlayout(0)
01-12 21:42:28.748 27090 27250 I audio_device_module.cc: [000:191] [27250] (line 181): SetRecordingDevice(0)
01-12 21:42:28.748 27090 27250 I audio_device_module.cc: [000:191] [27250] (line 331): InitMicrophone
01-12 21:42:28.748 27090 27218 I CarrierServices: [189374] cev.a: RcsAvailabilityManager: Calculating Rcs Availability
01-12 21:42:28.748 27090 27250 I audio_device_module.cc: [000:191] [27250] (line 485): StereoRecordingIsAvailable
01-12 21:42:28.748 27090 27250 I audio_device_module.cc: [000:191] [27250] (line 487): output: 0
01-12 21:42:28.748 27090 27250 I audio_device_module.cc: [000:191] [27250] (line 492): SetStereoRecording(0)
01-12 21:42:28.748 27090 27250 I apm_helpers.cc: [000:191] [27250] (line 32): Setting AGC mode to 2
01-12 21:42:28.748 27090 27250 I audio_processing_impl.cc: [000:191] [27250] (line 718): Highpass filter activated: 0
01-12 21:42:28.751 27090 27250 I audio_processing_impl.cc: [000:193] [27250] (line 736): Gain Controller 2 activated: 0
01-12 21:42:28.751 27090 27250 I audio_processing_impl.cc: [000:194] [27250] (line 738): Pre-amplifier activated: 0
01-12 21:42:28.755 27090 27250 I audio_device_module.cc: [000:197] [27250] (line 87): RegisterAudioCallback
01-12 21:42:28.755 27090 27250 I audio_device_buffer.cc: [000:197] [27250] (line 82): RegisterAudioCallback
01-12 21:42:28.755 27090 27250 I webrtc_voice_engine.cc: [000:197] [27250] (line 318): WebRtcVoiceEngine::ApplyOptions: AudioOptions {aec: 1, agc: 1, ns: 1, hf: 1, swap: 0, audio_jitter_buffer_max_packets: 200, audio_jitter_buffer_fast_accelerate: 0, audio_jitter_buffer_min_delay_ms: 0, audio_jitter_buffer_enable_rtx_handling: 0, typing: 1, experimental_agc: 0, experimental_ns: 0, residual_echo_detector: 1, }
01-12 21:42:28.755 27090 27250 I webrtc_voice_engine.cc: [000:197] [27250] (line 374): Disable AGC according to field trial.
01-12 21:42:28.755 27090 27250 I audio_device_module.cc: [000:198] [27250] (line 531): BuiltInAECIsAvailable
01-12 21:42:28.755 27090 27250 I audio_device_module.cc: [000:198] [27250] (line 535): output: 1
01-12 21:42:28.755 27090 27250 I audio_device_module.cc: [000:198] [27250] (line 561): EnableBuiltInAEC(1)
01-12 21:42:28.755 27090 27250 I audio_device_module.cc: [000:198] [27250] (line 531): BuiltInAECIsAvailable
01-12 21:42:28.755 27090 27250 I audio_device_module.cc: [000:198] [27250] (line 535): output: 1
01-12 21:42:28.755 27090 27250 I audio_record_jni.cc: [000:198] [27250] (line 215): EnableBuiltInAEC(1)
01-12 21:42:28.759 27090 27187 I CarrierServices: [189361] cmn.a: Received Provisioning Event: [Availability updated (12)]
01-12 21:42:28.761 27090 27250 I WebRtcAudioRecordExternal: [000:203] [27250] enableBuiltInAEC(true)
01-12 21:42:28.761 27090 27250 I WebRtcAudioEffectsExternal: [000:204] [27250] setAEC(true)
01-12 21:42:28.761 27090 27250 I audio_device_module.cc: [000:204] [27250] (line 566): output: 0
01-12 21:42:28.761 27090 27250 I webrtc_voice_engine.cc: [000:204] [27250] (line 400): Disabling EC since built-in EC will be used instead
01-12 21:42:28.761 27090 27250 I audio_processing_impl.cc: [000:204] [27250] (line 718): Highpass filter activated: 0
01-12 21:42:28.763 27090 27187 I CarrierServices: [189361] cmn.a: JibeService is running, passing event to provisioning engine.
01-12 21:42:28.763 27090 27250 I audio_processing_impl.cc: [000:205] [27250] (line 736): Gain Controller 2 activated: 0
01-12 21:42:28.763 27090 27250 I audio_processing_impl.cc: [000:205] [27250] (line 738): Pre-amplifier activated: 0
01-12 21:42:28.763 27090 27250 I apm_helpers.cc: [000:205] [27250] (line 48): Echo control set to 0 with mode 1
01-12 21:42:28.763 27090 27250 I audio_device_module.cc: [000:206] [27250] (line 541): BuiltInAGCIsAvailable
01-12 21:42:28.763 27090 27250 I audio_device_module.cc: [000:206] [27250] (line 542): output: 0
01-12 21:42:28.763 27090 27250 I audio_device_module.cc: [000:206] [27250] (line 551): BuiltInNSIsAvailable
01-12 21:42:28.763 27090 27250 I audio_device_module.cc: [000:206] [27250] (line 555): output: 1
01-12 21:42:28.763 27090 27250 I audio_device_module.cc: [000:206] [27250] (line 578): EnableBuiltInNS(1)
01-12 21:42:28.763 27090 27250 I audio_device_module.cc: [000:206] [27250] (line 551): BuiltInNSIsAvailable
01-12 21:42:28.763 27090 27250 I audio_device_module.cc: [000:206] [27250] (line 555): output: 1
01-12 21:42:28.764 27090 27250 I audio_record_jni.cc: [000:206] [27250] (line 223): EnableBuiltInNS(1)
01-12 21:42:28.764 27090 27250 I WebRtcAudioRecordExternal: [000:206] [27250] enableBuiltInNS(true)
01-12 21:42:28.764 27090 27250 I WebRtcAudioEffectsExternal: [000:206] [27250] setNS(true)
01-12 21:42:28.765 27090 27250 I audio_device_module.cc: [000:208] [27250] (line 583): output: 0
01-12 21:42:28.766 27090 27250 I webrtc_voice_engine.cc: [000:208] [27250] (line 429): Disabling NS since built-in NS will be used instead
01-12 21:42:28.766 27090 27250 I audio_processing_impl.cc: [000:208] [27250] (line 718): Highpass filter activated: 0
01-12 21:42:28.767 27090 27187 I CarrierServices: [189361] cdj.a: Handling Provisioning Event: [Availability updated (12)]
01-12 21:42:28.772 27090 27218 I CarrierServices: [189374] cev.a: RcsAvailabilityManager: Rcs Availability still DISABLED_SIM_ABSENT (RCS is disabled due to SIM absent)
01-12 21:42:28.772 27090 27250 I audio_processing_impl.cc: [000:215] [27250] (line 736): Gain Controller 2 activated: 0
01-12 21:42:28.773 27090 27250 I audio_processing_impl.cc: [000:215] [27250] (line 738): Pre-amplifier activated: 0
01-12 21:42:28.773 27090 27250 I apm_helpers.cc: [000:215] [27250] (line 62): NS set to 0
01-12 21:42:28.773 27090 27250 I webrtc_voice_engine.cc: [000:215] [27250] (line 437): Stereo swapping enabled? 0
01-12 21:42:28.773 27090 27250 I webrtc_voice_engine.cc: [000:215] [27250] (line 442): NetEq capacity is 200
01-12 21:42:28.773 27090 27250 I webrtc_voice_engine.cc: [000:215] [27250] (line 448): NetEq fast mode? 0
01-12 21:42:28.773 27090 27250 I webrtc_voice_engine.cc: [000:215] [27250] (line 454): NetEq minimum delay is 0
01-12 21:42:28.773 27090 27250 I webrtc_voice_engine.cc: [000:215] [27250] (line 460): NetEq handle reordered packets? 0
01-12 21:42:28.773 27090 27218 I CarrierServices: [189374] cdc.a: Sending ProvisioningEvent to Bugle [Request Bugle information (15)], null
01-12 21:42:28.773 27090 27250 I webrtc_voice_engine.cc: [000:215] [27250] (line 472): Experimental ns is enabled? 0
01-12 21:42:28.773 27090 27250 I webrtc_voice_engine.cc: [000:215] [27250] (line 482): Setting AGC to 0
01-12 21:42:28.773 27090 27250 I webrtc_voice_engine.cc: [000:216] [27250] (line 504): Typing detection is enabled? 0
01-12 21:42:28.773 27090 27250 I audio_processing_impl.cc: [000:216] [27250] (line 718): Highpass filter activated: 1
01-12 21:42:28.774 27090 27250 I audio_processing_impl.cc: [000:216] [27250] (line 736): Gain Controller 2 activated: 0
01-12 21:42:28.774 27090 27250 I audio_processing_impl.cc: [000:216] [27250] (line 738): Pre-amplifier activated: 0
01-12 21:42:28.775 27090 27217 I CarrierServices: [189373] cdw.a: (PEv2-SM): DisabledState: event Availability updated
01-12 21:42:28.777 27090 27250 I PeerConnectionFactory: [000:219] [27250] onWorkerThreadReady
01-12 21:42:28.778 27090 27191 I CarrierServices: [189363] dah.run: schedule local logs cleanup job service
01-12 21:42:28.779 27090 27217 I CarrierServices: [189373] cev.a: RcsAvailabilityManager: Calculating Rcs Availability
01-12 21:42:28.782 27090 27251 I PeerConnectionFactory: [000:225] [27251] onSignalingThreadReady
01-12 21:42:28.783 27090 27248 I PeerConnectionFactory: [000:225] [27248] onNetworkThreadReady
01-12 21:42:28.797 27090 27217 I CarrierServices: [189373] cev.a: RcsAvailabilityManager: Rcs Availability still DISABLED_SIM_ABSENT (RCS is disabled due to SIM absent)
01-12 21:42:28.797 27090 27217 I CarrierServices: [189373] cdw.a: (PEv2-SM): DisabledState: event SIM event
01-12 21:42:28.797 27090 27151 E CarrierServices: [189351] cne.m: Default SIM info not updated.
01-12 21:42:28.798 27090 27151 I CarrierServices: [189351] cne.m: Processing an intent
01-12 21:42:28.810 27090 27151 I CarrierServices: [189351] cne.a: Ignoring duplicate SIM state: ABSENT
01-12 21:42:28.822 27090 27151 E CarrierServices: [189351] cne.m: Default SIM info not updated.
01-12 21:42:28.822 27090 27151 I CarrierServices: [189351] cne.m: Processing an intent
01-12 21:42:28.825 27090 27151 I CarrierServices: [189351] cne.a: Ignoring duplicate SIM state: ABSENT
01-12 21:42:28.827 27193 27254 I Bugle   : GServicesValues:
01-12 21:42:28.827 27193 27254 I Bugle   : bugle_enable_primes_crash_metrics: true
01-12 21:42:28.827 27193 27254 I Bugle   : bugle_enable_wap_push_si: true
01-12 21:42:28.827 27193 27254 I Bugle   : bugle_max_telemetry_upload_retries: 10
01-12 21:42:28.827 27193 27254 I Bugle   : bugle_sticker_set_list_version: 3
01-12 21:42:28.831 27034 27066 D GeckoThread: State changed to RUNNING
01-12 21:42:28.855 27034 27066 W GeckoEventDispatcher: No listener for AndroidCastDevice:SyncDevice
01-12 21:42:28.862 27034 27066 I Gecko   : -*- nsDNSServiceDiscovery.js : nsDNSServiceDiscovery
01-12 21:42:28.879 27193 27193 I xzb     : SslGuard completed installation.
01-12 21:42:28.905 27193 27193 W PrimesInit: Primes instant initialization
01-12 21:42:28.906 27193 27260 W Primes  : background initialization
01-12 21:42:28.932 27193 27246 I FA      : App measurement is starting up, version: 19000
01-12 21:42:28.932 27193 27246 I FA      : To enable debug logging run: adb shell setprop log.tag.FA VERBOSE
01-12 21:42:28.932 27193 27246 I FA      : To enable faster debug mode event logging run:
01-12 21:42:28.932 27193 27246 I FA      :   adb shell setprop debug.firebase.analytics.app com.google.android.apps.messaging
01-12 21:42:28.955 26235 26235 I Finsky  : [2] puo.onTrimMemory(1): Memory trim requested to level 80
01-12 21:42:28.961 27193 27260 I BugleRcsEngine: [189358] szm.<init>: Initializing SimStateTracker with multi-sim support
01-12 21:42:28.963 27193 27260 W BugleRcsEngine: Trying to log through cs.apk when it has not been initialized yet
01-12 21:42:28.965 27193 27260 I BugleRcsEngine: [189358] szs.<init>: Initializing SimStateTracker for single-sim device
01-12 21:42:28.965 27193 27260 W BugleRcsEngine: Trying to log through cs.apk when it has not been initialized yet
01-12 21:42:28.967 27193 27246 I zygote  : Deoptimizing java.lang.Object qpm.a(java.lang.Object) due to JIT inline cache
01-12 21:42:28.968 15912 15912 I MemoryTrimmer: Trimming objects from memory, since app is in the background.
01-12 21:42:28.982 15912 15950 E AudioSource: Stop listening is called on already closed AudioSource
01-12 21:42:28.984 27034 27066 W ResourceType: Too many attribute references, stopped at: 0x01010099
01-12 21:42:28.990 15912 15912 I MemoryTrimmer: Trimming objects from memory, since app is in the background.
01-12 21:42:28.990 15912 27021 I PBSessionCacheImpl: Deleted sessionId[69983294687855807] from persistence.
01-12 21:42:28.993  1456  2204 I WifiService: getWifiEnabledState uid=10073
01-12 21:42:28.994 27193 27262 I BugleRcsEngine: [189360] shm.b: Reinitialize CSLib Flags: com.google.android.ims.library
01-12 21:42:28.995 27193 27260 I PrimesTesting: GserviceFlagsSupplier.get()
01-12 21:42:29.000 15912 15950 W SearchServiceCore: Abort, client detached.
01-12 21:42:29.000 15912 15950 I chatty  : uid=10073(com.google.android.googlequicksearchbox) EventBus0 identical 1 line
01-12 21:42:29.002 15912 15950 W SearchServiceCore: Abort, client detached.
01-12 21:42:29.017 27193 27193 I Bugle   : BugleApplicationBase: Bugle version: 5.2.062 (pegasus_rc17_xxhdpi.armeabi-v7a.phone)
01-12 21:42:29.039 27193 27266 I Bugle   : Initializing EmojiCompat
01-12 21:42:29.045 27193 27193 I Bugle   : DarkModeUtilBase: Setting system dark mode to off
01-12 21:42:29.049 20319 20375 I FontsContentProvider: Received query Noto Color Emoji Compat, URI content://com.google.android.gms.fonts
01-12 21:42:29.050 20319 20375 I FontsContentProvider: Query [Noto Color Emoji Compat] resolved to {Noto Color Emoji Compat, wdth 100.0, wght 400, ital 0.0, bestEffort false}
01-12 21:42:29.053 20319 20375 I FontsContentProvider: Fetch {Noto Color Emoji Compat, wdth 100.0, wght 400, ital 0.0, bestEffort false} end status Status{statusCode=SUCCESS, resolution=null}
01-12 21:42:29.054 27034 27066 I Gecko   : Attempting load of libEGL.so
01-12 21:42:29.067 20319 20375 I FontsContentProvider: Pulling font file for id = 107, cache size = 4
01-12 21:42:29.091 20319 20375 I FontsContentProvider: Pulling font file for id = 107, cache size = 4
01-12 21:42:29.093 27193 27258 I BugleRcsEngine: [189356] szm.a: register Carrier Config Changed event
01-12 21:42:29.103 27193 27292 I BugleRcsEngine: [189369] szo.b: do not delay first event
01-12 21:42:29.106 27193 27193 I BugleDataModel: RcsMigrationService: Returning RCS state provider.
01-12 21:42:29.113 27193 27258 I BugleRcsEngine: [189356] shm.b: Reinitialize CSLib Flags: com.google.android.ims.library
01-12 21:42:29.119 27193 27193 I BugleRcsProvisioning: RcsProvisioningEventReceiver: Received ProvisioningEvent: Enable PEv2
01-12 21:42:29.123 27193 27211 I BugleRcsEngine: [189344] tgj.c: Checking if using CarrierServices.apk is possible. Enabled: true, isAtLeastM: true, runningInsideBugle: true
01-12 21:42:29.136 27193 27292 E BugleRcsEngine: [189369] szm.k: Default SIM info not updated.
01-12 21:42:29.136 27193 27292 I BugleRcsEngine: [189369] szm.k: Processing an intent
01-12 21:42:29.136 27193 27291 D StrictMode: StrictMode policy violation: android.os.StrictMode$StrictModeDiskReadViolation: policy=65599 violation=2
01-12 21:42:29.136 27193 27291 D StrictMode: 	at android.os.StrictMode$AndroidBlockGuardPolicy.onReadFromDisk(StrictMode.java:1449)
01-12 21:42:29.136 27193 27291 D StrictMode: 	at java.io.UnixFileSystem.checkAccess(UnixFileSystem.java:251)
01-12 21:42:29.136 27193 27291 D StrictMode: 	at java.io.File.exists(File.java:807)
01-12 21:42:29.136 27193 27291 D StrictMode: 	at android.app.ContextImpl.ensurePrivateDirExists(ContextImpl.java:575)
01-12 21:42:29.136 27193 27291 D StrictMode: 	at android.app.ContextImpl.ensurePrivateDirExists(ContextImpl.java:566)
01-12 21:42:29.136 27193 27291 D StrictMode: 	at android.app.ContextImpl.getPreferencesDir(ContextImpl.java:522)
01-12 21:42:29.136 27193 27291 D StrictMode: 	at android.app.ContextImpl.getSharedPreferencesPath(ContextImpl.java:717)
01-12 21:42:29.136 27193 27291 D StrictMode: 	at android.app.ContextImpl.getSharedPreferences(ContextImpl.java:371)
01-12 21:42:29.136 27193 27291 D StrictMode: 	at android.content.ContextWrapper.getSharedPreferences(ContextWrapper.java:167)
01-12 21:42:29.136 27193 27291 D StrictMode: 	at oxt.a(PG:9)
01-12 21:42:29.136 27193 27291 D StrictMode: 	at oxs.b(PG:4)
01-12 21:42:29.136 27193 27291 D StrictMode: 	at tgj.b(PG:57)
01-12 21:42:29.136 27193 27291 D StrictMode: 	at tgj.a(PG:51)
01-12 21:42:29.136 27193 27291 D StrictMode: 	at ivg.a(PG:98)
01-12 21:42:29.136 27193 27291 D StrictMode: 	at ivg.v(PG:83)
01-12 21:42:29.136 27193 27291 D StrictMode: 	at hpz.run(PG:3)
01-12 21:42:29.136 27193 27291 D StrictMode: 	at zit.run(PG:3)
01-12 21:42:29.136 27193 27291 D StrictMode: 	at java.util.concurrent.Executors$RunnableAdapter.call(Executors.java:457)
01-12 21:42:29.136 27193 27291 D StrictMode: 	at acgw.b(PG:6)
01-12 21:42:29.136 27193 27291 D StrictMode: 	at acfw.run(PG:17)
01-12 21:42:29.136 27193 27291 D StrictMode: 	at acgx.run(PG:13)
01-12 21:42:29.136 27193 27291 D StrictMode: 	at java.util.concurrent.ThreadPoolExecutor.runWorker(ThreadPoolExecutor.java:1162)
01-12 21:42:29.136 27193 27291 D StrictMode: 	at java.util.concurrent.ThreadPoolExecutor$Worker.run(ThreadPoolExecutor.java:636)
01-12 21:42:29.136 27193 27291 D StrictMode: 	at yws.run(PG:4)
01-12 21:42:29.136 27193 27291 D StrictMode: 	at java.lang.Thread.run(Thread.java:764)
01-12 21:42:29.138 27193 27291 D StrictMode: StrictMode policy violation: android.os.StrictMode$StrictModeDiskReadViolation: policy=65599 violation=2
01-12 21:42:29.138 27193 27291 D StrictMode: 	at android.os.StrictMode$AndroidBlockGuardPolicy.onReadFromDisk(StrictMode.java:1449)
01-12 21:42:29.138 27193 27291 D StrictMode: 	at android.app.SharedPreferencesImpl.awaitLoadedLocked(SharedPreferencesImpl.java:234)
01-12 21:42:29.138 27193 27291 D StrictMode: 	at android.app.SharedPreferencesImpl.contains(SharedPreferencesImpl.java:301)
01-12 21:42:29.138 27193 27291 D StrictMode: 	at oxq.a(PG:2)
01-12 21:42:29.138 27193 27291 D StrictMode: 	at oxs.b(PG:4)
01-12 21:42:29.138 27193 27291 D StrictMode: 	at tgj.b(PG:57)
01-12 21:42:29.138 27193 27291 D StrictMode: 	at tgj.a(PG:51)
01-12 21:42:29.138 27193 27291 D StrictMode: 	at ivg.a(PG:98)
01-12 21:42:29.138 27193 27291 D StrictMode: 	at ivg.v(PG:83)
01-12 21:42:29.138 27193 27291 D StrictMode: 	at hpz.run(PG:3)
01-12 21:42:29.138 27193 27291 D StrictMode: 	at zit.run(PG:3)
01-12 21:42:29.138 27193 27291 D StrictMode: 	at java.util.concurrent.Executors$RunnableAdapter.call(Executors.java:457)
01-12 21:42:29.138 27193 27291 D StrictMode: 	at acgw.b(PG:6)
01-12 21:42:29.138 27193 27291 D StrictMode: 	at acfw.run(PG:17)
01-12 21:42:29.138 27193 27291 D StrictMode: 	at acgx.run(PG:13)
01-12 21:42:29.138 27193 27291 D StrictMode: 	at java.util.concurrent.ThreadPoolExecutor.runWorker(ThreadPoolExecutor.java:1162)
01-12 21:42:29.138 27193 27291 D StrictMode: 	at java.util.concurrent.ThreadPoolExecutor$Worker.run(ThreadPoolExecutor.java:636)
01-12 21:42:29.138 27193 27291 D StrictMode: 	at yws.run(PG:4)
01-12 21:42:29.138 27193 27291 D StrictMode: 	at java.lang.Thread.run(Thread.java:764)
01-12 21:42:29.140 27193 27292 I BugleRcsEngine: [189369] szm.a: SIM state ABSENT
01-12 21:42:29.142  1456 10736 W ActivityManager: Background start not allowed: service Intent { cmp=com.google.android.apps.messaging/.shared.datamodel.action.execution.ActionExecutorImpl$EmptyService } to com.google.android.apps.messaging/.shared.datamodel.action.execution.ActionExecutorImpl$EmptyService from pid=27193 uid=10110 pkg=com.google.android.apps.messaging
01-12 21:42:29.143 27193 27193 I BugleAction: ActionSchedulerImpl: class com.google.android.apps.messaging.shared.datamodel.action.CountryCodeDetectorAction-CountryCodeDetectorAction:11411437662004 deferred since it was started from unsafe context
01-12 21:42:29.149 27193 27292 I BugleRcsEngine: [189369] szm.a: Broadcasting Intent { act=com.google.android.ims.SIM_ABSENT }
01-12 21:42:29.163 27193 27271 D NetworkSecurityConfig: No Network Security Config specified, using platform default
01-12 21:42:29.168 27193 27266 I BugleRcs: RcsAvailabilityUtilImplPhone: MSIM Rcs disabled because ENABLE_RCS_MULTISIM_V0 disabled
01-12 21:42:29.178 27193 27193 I BugleDataModel: ParticipantRefresh: ContactContentObserver created
01-12 21:42:29.180 27193 27211 I RcsProvisioning: Failed to read config: no config found /data/user/0/com.google.android.apps.messaging/files/rcsconfig (No such file or directory)
01-12 21:42:29.185 27193 27193 W BugleRcsEngine: [2] szm.b: Unexpected action: android.telephony.action.DEFAULT_SUBSCRIPTION_CHANGED
01-12 21:42:29.190 27193 27193 I BugleRcsProvisioning: RcsProvisioningEventReceiver: Received ProvisioningEvent: Request Bugle information
01-12 21:42:29.198 27193 27193 I Bugle   : SimChangeReceiver: action: com.google.android.ims.SIM_ABSENT
01-12 21:42:29.200 27193 27260 I BugleRcs: RcsAvailabilityUtilForProvisioningEngineV2: Get Updated RcsAvailability, RcsAvailability: DISABLED_MULTI_SLOT_DEVICE, SimId: Redacted-0
01-12 21:42:29.201 27193 27300 I BugleRcsEngine: [189378] szo.b: SIM delay is not enabled
01-12 21:42:29.202 27193 27262 I BugleRcsEngine: [189360] rud.a: Initializing Carrier Services Library.
01-12 21:42:29.202 27193 27300 W BugleRcsEngine: [189378] szm.c: process intent: android.intent.action.SIM_STATE_CHANGED
01-12 21:42:29.202 27193 27262 I BugleRcsEngine: [189360] shm.b: Reinitialize CSLib Flags: com.google.android.ims.library
01-12 21:42:29.206 27193 27258 I BugleRcs: RcsAvailabilityUtilForProvisioningEngineV2: success updating RCS availability asynch
01-12 21:42:29.209 27193 27266 I BugleRcs: RcsAvailabilityUtilForProvisioningEngineV2: updated datastore for rcs availability, simId: , availability: DISABLED_MULTI_SLOT_DEVICE
01-12 21:42:29.209 27193 27262 I BugleRcsEngine: [189360] szm.<init>: Initializing SimStateTracker with multi-sim support
01-12 21:42:29.209 27193 27260 W Bugle   : SubscriptionMetadataUtils get: invalid subId = -1
01-12 21:42:29.210 27193 27262 I BugleRcsEngine: [189360] szs.<init>: Initializing SimStateTracker for single-sim device
01-12 21:42:29.211 27193 27193 I BugleRcsProvisioning: RcsProvisioningEventReceiver: Received ProvisioningEvent: Availability updated
01-12 21:42:29.211 27193 27193 I BugleRcsProvisioning: RcsProvisioningEventReceiver: Bugle receives rcs availability update to: 9
01-12 21:42:29.211 27193 27262 I BugleRcsEngine: [189360] shm.b: Reinitialize CSLib Flags: com.google.android.ims.library
01-12 21:42:29.217 27193 27193 I BugleRcsEngine: [2] yrg.disconnect: Disconnecting ChatSessionService
01-12 21:42:29.219 27193 27260 W Bugle   : SubscriptionMetadataUtils get: invalid subId = -1
01-12 21:42:29.219 27193 27193 I BugleRcsEngine: [2] yrg.disconnect: Disconnecting ContactsService
01-12 21:42:29.223 27193 27193 I BugleRcsEngine: [2] yrg.disconnect: Disconnecting FileTransferService
01-12 21:42:29.225 27193 27260 W Bugle   : Get mms config failed: invalid subId. subId=-1, real subId=-1, map={ }
01-12 21:42:29.225 27193 27193 I BugleRcsEngine: [2] yrg.disconnect: Disconnecting LocationSharingService
01-12 21:42:29.225 27193 27258 I BugleRcs: RcsAvailabilityUtilForProvisioningEngineV2: updated datastore for rcs availability, simId: , availability: DISABLED_SIM_ABSENT
01-12 21:42:29.227 27193 27193 I BugleRcsEngine: [2] yrg.disconnect: Disconnecting ImsConnectionTrackerService
01-12 21:42:29.229 27193 27193 I BugleRcsEngine: [2] yrg.disconnect: Disconnecting RcsProfileService
01-12 21:42:29.231 27193 27193 I BugleRcsEngine: [2] yrg.disconnect: Disconnecting BusinessInfoService
01-12 21:42:29.233 27193 27193 I BugleRcsEngine: [2] yrg.disconnect: Disconnecting ChatSessionService
01-12 21:42:29.234 27193 27193 I BugleRcsEngine: [2] yrg.disconnect: Disconnecting ContactsService
01-12 21:42:29.234 27193 27193 I BugleRcsEngine: [2] yrg.disconnect: Disconnecting FileTransferService
01-12 21:42:29.235 27193 27193 I BugleRcsEngine: [2] yrg.disconnect: Disconnecting LocationSharingService
01-12 21:42:29.235 27193 27193 I BugleRcsEngine: [2] yrg.disconnect: Disconnecting ImsConnectionTrackerService
01-12 21:42:29.236 27193 27193 I BugleRcsEngine: [2] yrg.disconnect: Disconnecting RcsProfileService
01-12 21:42:29.236 27193 27193 I BugleRcsEngine: [2] yrg.disconnect: Disconnecting BusinessInfoService
01-12 21:42:29.249 27193 27193 I BugleRcsProvisioning: RcsProvisioningEventReceiver: Received ProvisioningEvent: Update provisioning status
01-12 21:42:29.258 27193 27262 I BugleBackup: Registering preference change listener for "bugle".
01-12 21:42:29.258 27193 27260 I BugleBackup: Registering preference change listener for "buglesub_-1".
01-12 21:42:29.277 27193 27193 I BugleRcsProvisioning: RcsProvisioningEventReceiver: Received ProvisioningEvent: Update provisioning status
01-12 21:42:29.286 27193 27193 I BugleRcsProvisioning: RcsProvisioningEventReceiver: Received ProvisioningEvent: Request Bugle information
01-12 21:42:29.294 27193 27292 E BugleRcsEngine: [189369] szm.k: Default SIM info not updated.
01-12 21:42:29.295 27193 27292 I BugleRcsEngine: [189369] szm.k: Processing an intent
01-12 21:42:29.298 27034 27034 D GeckoNetworkManager: Incoming event enableNotifications for state OnNoListeners -> OnWithListeners
01-12 21:42:29.300 27193 27260 W Bugle   : SubscriptionMetadataUtils get: invalid subId = -1
01-12 21:42:29.301 27034 27034 D GeckoNetworkManager: New network state: UP, WIFI, WIFI
01-12 21:42:29.302 27193 27292 I BugleRcsEngine: [189369] szm.a: Ignoring duplicate SIM state: ABSENT
01-12 21:42:29.302 27034 27034 D GeckoNetworkManager: Incoming event receivedUpdate for state OnWithListeners -> OnWithListeners
01-12 21:42:29.303 27034 27034 D GeckoNetworkManager: New network state: UP, WIFI, WIFI
01-12 21:42:29.306 27034 27066 W GeckoLinker: /data/app/org.mozilla.fenix.nightly-Lr9G6_iJvTVAN8dV-LSg7g==/lib/arm/libsoftokn3.so: unhandled flags #8 not handled
01-12 21:42:29.307 27034 27066 W GeckoLinker: /data/app/org.mozilla.fenix.nightly-Lr9G6_iJvTVAN8dV-LSg7g==/lib/arm/libsoftokn3.so: Relocation to NULL @0x00026ffc for symbol "__cxa_type_match"
01-12 21:42:29.308 27034 27066 W GeckoLinker: /data/app/org.mozilla.fenix.nightly-Lr9G6_iJvTVAN8dV-LSg7g==/lib/arm/libfreebl3.so: unhandled flags #8 not handled
01-12 21:42:29.308 27034 27066 W GeckoLinker: /data/app/org.mozilla.fenix.nightly-Lr9G6_iJvTVAN8dV-LSg7g==/lib/arm/libfreebl3.so: Relocation to NULL @0x00041ffc for symbol "__cxa_type_match"
01-12 21:42:29.309 27193 27260 W Bugle   : SubscriptionMetadataUtils get: invalid subId = -1
01-12 21:42:29.337 27193 27260 I chatty  : uid=10110(com.google.android.apps.messaging) BG Thread #1 identical 4 lines
01-12 21:42:29.343 27193 27260 W Bugle   : SubscriptionMetadataUtils get: invalid subId = -1
01-12 21:42:29.346 27034 27243 W GeckoLinker: /data/app/org.mozilla.fenix.nightly-Lr9G6_iJvTVAN8dV-LSg7g==/lib/arm/libnssckbi.so: unhandled flags #8 not handled
01-12 21:42:29.347 27034 27243 W GeckoLinker: /data/app/org.mozilla.fenix.nightly-Lr9G6_iJvTVAN8dV-LSg7g==/lib/arm/libnssckbi.so: Relocation to NULL @0x00052ffc for symbol "__cxa_type_match"
01-12 21:42:29.347 27193 27260 W Bugle   : SubscriptionMetadataUtils get: invalid subId = -1
01-12 21:42:29.412 27193 27211 I RcsProvisioning: Failed to read config: no config found /data/user/0/com.google.android.apps.messaging/files/rcsconfig (No such file or directory)
01-12 21:42:29.420 27193 27198 I zygote  : Do partial code cache collection, code=22KB, data=31KB
01-12 21:42:29.421 27193 27198 I zygote  : After code cache collection, code=20KB, data=30KB
01-12 21:42:29.421 27193 27198 I zygote  : Increasing code cache capacity to 128KB
01-12 21:42:29.514 27193 27211 E BugleRcsEngine: [189344] sub.a: File not found.: java.io.FileNotFoundException: /data/user/0/com.google.android.apps.messaging/files/httpft_pending (No such file or directory)
01-12 21:42:29.514 27193 27211 E BugleRcsEngine: 	at java.io.FileInputStream.open0(Native Method)
01-12 21:42:29.514 27193 27211 E BugleRcsEngine: 	at java.io.FileInputStream.open(FileInputStream.java:200)
01-12 21:42:29.514 27193 27211 E BugleRcsEngine: 	at java.io.FileInputStream.<init>(FileInputStream.java:150)
