07-06 23:58:35.550  1694  2184 D WIFI_UT : got request NetworkRequest [ TRACK_DEFAULT id=10068, [ Capabilities: INTERNET&NOT_RESTRICTED&TRUSTED&NOT_VPN] ] with score 60
07-06 23:58:35.550  1694  2292 D Ethernet: got request NetworkRequest [ TRACK_DEFAULT id=10068, [ Capabilities: INTERNET&NOT_RESTRICTED&TRUSTED&NOT_VPN] ] with score 60
07-06 23:58:35.550  2477  2477 D PhoneSwitcherNetworkRequstListener: got request NetworkRequest [ TRACK_DEFAULT id=10068, [ Capabilities: INTERNET&NOT_RESTRICTED&TRUSTED&NOT_VPN] ] with score 60
07-06 23:58:35.550  1694  2184 D WIFI    : got request NetworkRequest [ TRACK_DEFAULT id=10068, [ Capabilities: INTERNET&NOT_RESTRICTED&TRUSTED&NOT_VPN] ] with score 60
07-06 23:58:35.557 19945 20149 I chatty  : uid=10412(org.mozilla.fennec_aurora) expire 4 lines
07-06 23:58:35.565 19945 20152 I chatty  : uid=10412(org.mozilla.fennec_aurora) expire 5 lines
07-06 23:58:35.630 19945 20149 W ActivityThread: ClassLoader.getResources: The class loader returned by Thread.getContextClassLoader() may fail for processes that host multiple applications. You should explicitly specify a context class loader. For example: Thread.setContextClassLoader(getClass().getClassLoader());
07-06 23:58:35.726 27103 30814 W OpenGLRenderer: Incorrectly called buildLayer on View: ShortcutAndWidgetContainer, destroying layer...
07-06 23:58:35.726 27103 30814 W OpenGLRenderer: Incorrectly called buildLayer on View: ShortcutAndWidgetContainer, destroying layer...
07-06 23:58:35.738 19945 19965 I chatty  : uid=10412(org.mozilla.fennec_aurora) expire 1 line
07-06 23:58:35.741  1694  2214 D ConnectivityService: releasing NetworkRequest [ TRACK_DEFAULT id=10068, [ Capabilities: INTERNET&NOT_RESTRICTED&TRUSTED&NOT_VPN] ] (release request)
07-06 23:58:35.842 19945 20013 I chatty  : uid=10412(org.mozilla.fennec_aurora) expire 1 line
07-06 23:58:35.874  1694  5577 D ConnectivityService: requestNetwork for uid/pid:10412/19945 NetworkRequest [ TRACK_DEFAULT id=10069, [ Capabilities: INTERNET&NOT_RESTRICTED&TRUSTED&NOT_VPN] ]
07-06 23:58:35.875  1694  2184 D WIFI_UT : got request NetworkRequest [ TRACK_DEFAULT id=10069, [ Capabilities: INTERNET&NOT_RESTRICTED&TRUSTED&NOT_VPN] ] with score 60
07-06 23:58:35.875  2477  2477 D PhoneSwitcherNetworkRequstListener: got request NetworkRequest [ TRACK_DEFAULT id=10069, [ Capabilities: INTERNET&NOT_RESTRICTED&TRUSTED&NOT_VPN] ] with score 60
07-06 23:58:35.875  1694  2292 D Ethernet: got request NetworkRequest [ TRACK_DEFAULT id=10069, [ Capabilities: INTERNET&NOT_RESTRICTED&TRUSTED&NOT_VPN] ] with score 60
07-06 23:58:35.875  1694  2184 D WIFI    : got request NetworkRequest [ TRACK_DEFAULT id=10069, [ Capabilities: INTERNET&NOT_RESTRICTED&TRUSTED&NOT_VPN] ] with score 60
07-06 23:58:35.884 19945 20153 I chatty  : uid=10412(org.mozilla.fennec_aurora) expire 9 lines
07-06 23:58:36.403 19945 19969 I chatty  : uid=10412(org.mozilla.fennec_aurora) expire 1 line
07-06 23:58:36.406  1694  2214 D ConnectivityService: releasing NetworkRequest [ TRACK_DEFAULT id=10069, [ Capabilities: INTERNET&NOT_RESTRICTED&TRUSTED&NOT_VPN] ] (release request)
07-06 23:58:37.787  2442  2528 I QCNEJ   : |CORE| CNE received action RSSI/Link Changed events: android.net.wifi.RSSI_CHANGED
07-06 23:58:37.787  2442  2528 D QCNEJ   : |CORE| Updating RSSI: -56
07-06 23:58:37.793 17081 17121 I CarrierServices: [48539] cnd.onConnectivityChange: FiST: Wifi connectivity status true
07-06 23:58:37.793 17081 17156 I CarrierServices: [48561] cwy.a: (PEv2-SM): DisabledState: event Connectivity event
07-06 23:58:37.794 17081 17121 I CarrierServices: [48539] cnv.d: Connected state: [1], networkType: [WIFI]
07-06 23:58:37.794 17081 17163 I CarrierServices: [48566] czd.d: RCS Configuration storage in Bugle is disabled by p/h flag, using ProvisioningEngineStateCacheUtil.getProvisioningConfigurationForGivenSim()
07-06 23:58:38.215   890  1005 I SFPerfTracer:      triggers: (rate: 0:0) (81098 sw vsyncs) (0 skipped) (0:810236 vsyncs) (1:992697)
07-06 23:58:40.211 22780 22819 I PeriodicStatsRunner: PeriodicStatsRunner.call():175 call()
07-06 23:58:40.211 22780 22819 I PeriodicStatsRunner: PeriodicStatsRunner.call():179 No submit PeriodicStats since input started.
07-06 23:58:40.250 20156 20157 E SchedPolicy: open of /dev/cpuctl/bg_non_interactive/tasks failed: No such file or directory
07-06 23:58:40.252  1694  5553 I ActivityManager: Force stopping org.mozilla.fennec_aurora appid=10412 user=0: from pid 20156
07-06 23:58:40.252  1694  5553 I ActivityManager: Killing 19945:org.mozilla.fennec_aurora/u0a412 (adj 700): stop org.mozilla.fennec_aurora
07-06 23:58:40.254  1694  1794 W zygote  : kill(-19945, 9) failed: No such process
07-06 23:58:40.255 20033 20033 I chatty  : uid=10412(org.mozilla.fennec_aurora) expire 1 line
07-06 23:58:40.255  1694  5553 W ActivityManager: Force removing ActivityRecord{5978e13 u0 org.mozilla.fennec_aurora/org.mozilla.fenix.HomeActivity t7023}: app died, no saved state
07-06 23:58:40.261  1694  5553 I ActivityManager: Killing 20033:org.mozilla.fennec_aurora:tab0/u0a412 (adj 0): stop org.mozilla.fennec_aurora
07-06 23:58:40.265  8361  8361 I Finsky  : [2] qyn.onTrimMemory(1): Memory trim requested to level 15
07-06 23:58:40.266 22780 22780 I AppBase : AppBase.onTrimMemory():618 onTrimMemory(): 15
07-06 23:58:40.266 22780 22780 I GoogleInputMethodService: GoogleInputMethodService.onTrimMemory():4331 onTrimMemory(): 15
07-06 23:58:40.270  1694  1794 W zygote  : kill(-19945, 9) failed: No such process
07-06 23:58:40.272  2477  2477 D CarrierSvcBindHelper: No carrier app for: 0
07-06 23:58:40.274  1694 12025 W ActivityManager: Permission Denial: Accessing service ComponentInfo{com.google.android.music/com.google.android.music.dial.DialMediaRouteProviderService} from pid=15597, uid=10038 that is not exported from uid 10116
07-06 23:58:40.285  1694  1794 W zygote  : kill(-19945, 9) failed: No such process
07-06 23:58:40.299  1694  1794 I chatty  : uid=1000(system) ActivityManager identical 3 lines
07-06 23:58:40.308  1694  1811 W ActivityManager: setHasOverlayUi called on unknown pid: 19945
07-06 23:58:40.312  1694  1794 W zygote  : kill(-19945, 9) failed: No such process
07-06 23:58:40.312  1694  1794 I zygote  : Successfully killed process cgroup uid 10412 pid 19945 in 58ms
07-06 23:58:40.313  1694  1794 W zygote  : kill(-20033, 9) failed: No such process
07-06 23:58:40.313  1694  1794 I zygote  : Successfully killed process cgroup uid 10412 pid 20033 in 0ms
07-06 23:58:40.405  1694 11810 I OpenGLRenderer: Initialized EGL, version 1.4
07-06 23:58:40.405  1694 11810 D OpenGLRenderer: Swap behavior 2
07-06 23:58:40.655  1694  1703 I zygote  : NativeAlloc concurrent copying GC freed 37661(1914KB) AllocSpace objects, 18(616KB) LOS objects, 42% free, 25MB/45MB, paused 191us total 217.708ms
07-06 23:58:40.859  2442  2528 I QCNEJ   : |CORE| CNE received action RSSI/Link Changed events: android.net.wifi.RSSI_CHANGED
07-06 23:58:40.859  2442  2528 D QCNEJ   : |CORE| Updating RSSI: -55
07-06 23:58:40.866 17081 17121 I CarrierServices: [48539] cnd.onConnectivityChange: FiST: Wifi connectivity status true
07-06 23:58:40.867 17081 17156 I CarrierServices: [48561] cwy.a: (PEv2-SM): DisabledState: event Connectivity event
07-06 23:58:40.868 17081 17121 I CarrierServices: [48539] cnv.d: Connected state: [1], networkType: [WIFI]
07-06 23:58:40.869 17081 17163 I CarrierServices: [48566] czd.d: RCS Configuration storage in Bugle is disabled by p/h flag, using ProvisioningEngineStateCacheUtil.getProvisioningConfigurationForGivenSim()
07-06 23:58:41.021  2675  2686 I zygote  : Background concurrent copying GC freed 90941(4MB) AllocSpace objects, 28(616KB) LOS objects, 49% free, 12MB/25MB, paused 149us total 147.530ms
07-06 23:58:41.366 20161 20162 E SchedPolicy: open of /dev/cpuctl/bg_non_interactive/tasks failed: No such file or directory
07-06 23:58:41.368   875   919 E ANDR-PERF-MPCTL: Invalid profile no. 0, total profiles 0 only
07-06 23:58:41.369  1694  2499 I ActivityManager: START u0 {act=android.intent.action.MAIN cat=[android.intent.category.LAUNCHER] flg=0x10000000 cmp=org.mozilla.fennec_aurora/.App} from uid 2000
07-06 23:58:41.384  1694  5097 I ActivityManager: Start proc 20164:org.mozilla.fennec_aurora/u0a412 for activity org.mozilla.fennec_aurora/.App
07-06 23:58:41.384 20164 20164 E SchedPolicy: open of /dev/cpuctl/bg_non_interactive/tasks failed: No such file or directory
07-06 23:58:41.481 20164 20164 I chatty  : uid=10412(org.mozilla.fennec_aurora) expire 55 lines
07-06 23:58:41.501 20164 20180 I chatty  : uid=10412(org.mozilla.fennec_aurora) expire 4 lines
07-06 23:58:41.570 20164 20192 I chatty  : uid=10412(org.mozilla.fennec_aurora) expire 13 lines
07-06 23:58:41.585 20164 20191 I chatty  : uid=10412(org.mozilla.fennec_aurora) expire 23 lines
07-06 23:58:41.592 20164 20195 I chatty  : uid=10412(org.mozilla.fennec_aurora) expire 1 line
07-06 23:58:41.594 20164 20196 I chatty  : uid=10412(org.mozilla.fennec_aurora) expire 19 lines
07-06 23:58:41.653 20164 20207 I chatty  : uid=10412(org.mozilla.fennec_aurora) expire 6 lines
07-06 23:58:41.734 20164 20224 I chatty  : uid=10412(org.mozilla.fennec_aurora) expire 1 line
07-06 23:58:41.746  1694  2499 I ActivityManager: START u0 {act=android.intent.action.MAIN cat=[android.intent.category.LAUNCHER] flg=0x10000000 cmp=org.mozilla.fennec_aurora/org.mozilla.fenix.HomeActivity (has extras)} from uid 10412
07-06 23:58:41.760   890   890 D SurfaceFlinger: duplicate layer name: changing Splash Screen org.mozilla.fennec_aurora to Splash Screen org.mozilla.fennec_aurora#1
07-06 23:58:41.782 20164 20169 I chatty  : uid=10412(org.mozilla.fennec_aurora) expire 8 lines
07-06 23:58:41.793 20250 20250 E SchedPolicy: open of /dev/cpuctl/bg_non_interactive/tasks failed: No such file or directory
07-06 23:58:41.793  1694  5097 I ActivityManager: Start proc 20250:org.mozilla.fennec_aurora:tab0/u0a412 for service org.mozilla.fennec_aurora/org.mozilla.gecko.process.GeckoChildProcessServices$tab0
07-06 23:58:41.795 20164 20240 I chatty  : uid=10412(org.mozilla.fennec_aurora) expire 1 line
07-06 23:58:41.876 20250 20250 I chatty  : uid=10412(org.mozilla.fennec_aurora) expire 2 lines
07-06 23:58:41.877 20250 20272 I chatty  : uid=10412(org.mozilla.fennec_aurora) expire 1 line
07-06 23:58:42.114 20164 20221 I chatty  : uid=10412(org.mozilla.fennec_aurora) expire 1 line
07-06 23:58:42.121 20164 20283 I chatty  : uid=10412(org.mozilla.fennec_aurora) expire 9 lines
07-06 23:58:42.129  1694  2499 D ConnectivityService: requestNetwork for uid/pid:10412/20164 NetworkRequest [ TRACK_DEFAULT id=10070, [ Capabilities: INTERNET&NOT_RESTRICTED&TRUSTED&NOT_VPN] ]
07-06 23:58:42.130  1694  2184 D WIFI_UT : got request NetworkRequest [ TRACK_DEFAULT id=10070, [ Capabilities: INTERNET&NOT_RESTRICTED&TRUSTED&NOT_VPN] ] with score 60
07-06 23:58:42.130  1694  2184 D WIFI    : got request NetworkRequest [ TRACK_DEFAULT id=10070, [ Capabilities: INTERNET&NOT_RESTRICTED&TRUSTED&NOT_VPN] ] with score 60
07-06 23:58:42.130  2477  2477 D PhoneSwitcherNetworkRequstListener: got request NetworkRequest [ TRACK_DEFAULT id=10070, [ Capabilities: INTERNET&NOT_RESTRICTED&TRUSTED&NOT_VPN] ] with score 60
07-06 23:58:42.130  1694  2292 D Ethernet: got request NetworkRequest [ TRACK_DEFAULT id=10070, [ Capabilities: INTERNET&NOT_RESTRICTED&TRUSTED&NOT_VPN] ] with score 60
07-06 23:58:42.136  1694  2353 I WifiService: getDhcpInfo uid=10412
07-06 23:58:42.195   890   890 I SFPerfTracer:      triggers: (rate: 60:22492) (compose: 0:24) (post: 2:214) (render: 16:468) (19:555216 frames) (20:713035)
07-06 23:58:42.195   890   890 D SFPerfTracer:        layers: (3:14) (StatusBar#0 (0xae95f000): 0:207873) (com.android.systemui.ImageWallpaper#0 (0xae961000): 0:7808)* (Sprite#0 (0xac5bd000): 0:28)* (DimLayerController/Stack=0#0 (0xac748000): 0:7292)* (NavigationBar#0 (0xac5a5000): 0:42348) (animation background stackId=1#0 (0xac5c1000): 0:14)* (com.android.launcher3/com.android.launcher3.CustomizationPanelLauncher#0 (0xac0be000): 0:8)- (com.android.launcher3/com.android.launcher3.CustomizationPanelLauncher#1 (0xac0b3000): 0:9)- (Splash Screen org.mozilla.fennec_aurora#1 (0xac8a6000): 0:32)- (org.mozilla.fennec_aurora/org.mozilla.fenix.HomeActivity#0 (0xac0ac000): 0:50)- (com.android.launcher3/com.android.launcher3.CustomizationPanelLauncher#0 (0xac8a6000): 0:8)* (com.android.launcher3/com.android.launcher3.CustomizationPanelLauncher#1 (0xac0be000): 0:9)* (Splash Screen org.mozilla.fennec_aurora#0 (0xac0ac000): 0:19)- (Splash Screen org.mozilla.fennec_aurora#1 (0xac0b3000): 18:22) 
07-06 23:58:42.279  1694  2499 I ActivityManager: Displayed org.mozilla.fennec_aurora/org.mozilla.fenix.HomeActivity: +469ms (total +904ms)
07-06 23:58:42.279  1694  2499 I ActivityManager: Fully drawn org.mozilla.fennec_aurora/org.mozilla.fenix.HomeActivity: +469ms (total +904ms)
07-06 23:58:42.290 20164 20290 I chatty  : uid=10412(org.mozilla.fennec_aurora) expire 5 lines
07-06 23:58:42.309 22780 22780 I GoogleInputMethodService: GoogleInputMethodService.onFinishInput():3138 
07-06 23:58:42.309 22780 22780 I GoogleInputMethodService: GoogleInputMethodService.onStartInput():1808 
07-06 23:58:42.310  1694  1811 I LaunchCheckinHandler: Displayed org.mozilla.fennec_aurora/org.mozilla.fenix.HomeActivity,wp,ca,500
07-06 23:58:42.324  8504  8504 I MemoryTrimmer: Trimming objects from memory, since app is in the background.
07-06 23:58:42.330  8504  8504 I MemoryTrimmer: Trimming objects from memory, since app is in the background.
07-06 23:58:42.332  8504 16718 I PBSessionCacheImpl: Deleted sessionId[37402581481865610] from persistence.
07-06 23:58:42.334  1694  2499 I WifiService: getWifiEnabledState uid=10077
07-06 23:58:42.336  8504  8532 W SearchServiceCore: Abort, client detached.
07-06 23:58:42.337  8504  8532 I StreamController: cleanUpControllerScope(nowcards-15-618da3ac-9ef1)
07-06 23:58:42.357 20164 20293 I chatty  : uid=10412(org.mozilla.fennec_aurora) expire 1 line
07-06 23:58:42.358 20164 20292 I chatty  : uid=10412(org.mozilla.fennec_aurora) expire 1 line
07-06 23:58:42.885 20164 20187 I chatty  : uid=10412(org.mozilla.fennec_aurora) expire 2 lines
07-06 23:58:42.889  1694  2214 D ConnectivityService: releasing NetworkRequest [ TRACK_DEFAULT id=10070, [ Capabilities: INTERNET&NOT_RESTRICTED&TRUSTED&NOT_VPN] ] (release request)
07-06 23:58:42.939 20164 20316 I chatty  : uid=10412(org.mozilla.fennec_aurora) expire 1 line
07-06 23:58:43.015 20164 20234 I chatty  : uid=10412(org.mozilla.fennec_aurora) expire 26 lines
07-06 23:58:46.823 20343 20343 D AndroidRuntime: >>>>>> START com.android.internal.os.RuntimeInit uid 2000 <<<<<<
07-06 23:58:46.832 20343 20343 W app_process: Could not reserve sentinel fault page
07-06 23:58:46.957 20343 20343 I app_process: The ClassLoaderContext is a special shared library.
07-06 23:58:47.006 20343 20343 D AndroidRuntime: Calling main entry com.android.commands.input.Input
07-06 23:58:47.006 20343 20351 E SchedPolicy: open of /dev/cpuctl/bg_non_interactive/tasks failed: No such file or directory
07-06 23:58:47.007 20343 20343 I Input   : injectKeyEvent: KeyEvent { action=ACTION_DOWN, keyCode=KEYCODE_HOME, scanCode=0, metaState=0, flags=0x0, repeatCount=0, eventTime=882788233, downTime=882788233, deviceId=-1, source=0x101 }
07-06 23:58:47.010   875   919 E ANDR-PERF-MPCTL: Invalid profile no. 0, total profiles 0 only
07-06 23:58:47.011 20343 20343 I Input   : injectKeyEvent: KeyEvent { action=ACTION_UP, keyCode=KEYCODE_HOME, scanCode=0, metaState=0, flags=0x0, repeatCount=0, eventTime=882788233, downTime=882788233, deviceId=-1, source=0x101 }
07-06 23:58:47.016  1694  2137 I ActivityManager: START u0 {act=android.intent.action.MAIN cat=[android.intent.category.HOME] flg=0x10200000 cmp=com.android.launcher3/.CustomizationPanelLauncher (has extras)} from uid 1000
07-06 23:58:47.022 20343 20343 D AndroidRuntime: Shutting down VM
07-06 23:58:47.030  1694  2499 I ActivityManager: moveHomeStack, setupComplete:true
07-06 23:58:47.047  8504 22976 I Adreno  : QUALCOMM build                   : 908a5ce, I77d3059488
07-06 23:58:47.047  8504 22976 I Adreno  : Build Date                       : 06/07/18
07-06 23:58:47.047  8504 22976 I Adreno  : OpenGL ES Shader Compiler Version: EV031.22.00.01_06
07-06 23:58:47.047  8504 22976 I Adreno  : Local Branch                     : 
07-06 23:58:47.047  8504 22976 I Adreno  : Remote Branch                    : refs/tags/AU_LINUX_ANDROID_LA.UM.6.5.R1.08.01.00.312.086
07-06 23:58:47.047  8504 22976 I Adreno  : Remote Branch                    : NONE
07-06 23:58:47.047  8504 22976 I Adreno  : Reconstruct Branch               : NOTHING
07-06 23:58:47.049  8504 22976 D vndksupport: Loading /vendor/lib/hw/gralloc.msm8953.so from current namespace instead of sphal namespace.
07-06 23:58:47.052  8504 22976 I Adreno  : PFP: 0x005ff087, ME: 0x005ff063
07-06 23:58:47.053 27103 27103 D Launcher.Utilities: Wakeup weather: Intent { act=com.motorola.launcher3.action.WAKEUP_WEATHER cmp=com.motorola.timeweatherwidget/com.motorola.commandcenter.weather.WakeUpService }
07-06 23:58:47.054  8504 22976 I zygote  : android::hardware::configstore::V1_0::ISurfaceFlingerConfigs::hasWideColorDisplay retrieved: 0
07-06 23:58:47.055  8504 22976 I OpenGLRenderer: Initialized EGL, version 1.4
07-06 23:58:47.055  8504 22976 D OpenGLRenderer: Swap behavior 2
07-06 23:58:47.063  1694  1694 I NotificationService: Cannot find enqueued record for key: 0|com.motorola.timeweatherwidget|1|null|10122
07-06 23:58:47.064   890   890 D SurfaceFlinger: duplicate layer name: changing com.android.launcher3/com.android.launcher3.CustomizationPanelLauncher to com.android.launcher3/com.android.launcher3.CustomizationPanelLauncher#1
07-06 23:58:47.076 22780 22780 I GoogleInputMethodService: GoogleInputMethodService.onFinishInput():3138 
07-06 23:58:47.076 22780 22780 I GoogleInputMethodService: GoogleInputMethodService.onStartInput():1808 
07-06 23:58:47.080  1694  5097 I WifiService: getWifiEnabledState uid=10077
07-06 23:58:47.085  8504  8532 W ThreadPoolDumper: Queue length for executor EventBus is now 11. Perhaps some tasks are too long, or the pool is too small.
07-06 23:58:47.090  1694  5097 I WifiService: getWifiEnabledState uid=10077
07-06 23:58:47.100  8504  8532 I StreamController: registerScope: nowcards-15-618da3ac-9ef1
07-06 23:58:47.122  1694  1811 I LaunchCheckinHandler: Displayed com.android.launcher3/.CustomizationPanelLauncher,wp,wa,107
07-06 23:58:47.142  8504  8531 E MDD     : DownloadProgressMonitor: Can't find file group for uri: android://com.google.android.googlequicksearchbox/files/sharedminusonemodule/shared/SharedMinusOneData.pb.tmp
07-06 23:58:47.146  8504  8504 I BgTaskExecutorImpl: Starting EXCLUSIVE background task TNG_MINUS_ONE_SYNC.
07-06 23:58:47.148  1694 11810 I OpenGLRenderer: Initialized EGL, version 1.4
07-06 23:58:47.148  1694 11810 D OpenGLRenderer: Swap behavior 2
07-06 23:58:47.150  8504  8532 I TngMinusOneSync: Syncing TNG:-1
07-06 23:58:47.266  2303  2325 I zygote  : NativeAlloc concurrent copying GC freed 8361(503KB) AllocSpace objects, 0(0B) LOS objects, 49% free, 11MB/23MB, paused 108us total 110.410ms
07-06 23:58:47.305 20164 20356 I chatty  : uid=10412(org.mozilla.fennec_aurora) expire 10 lines
07-06 23:58:47.319 22780 22819 I PeriodicStatsRunner: PeriodicStatsRunner.call():175 call()
07-06 23:58:47.319 22780 22819 I PeriodicStatsRunner: PeriodicStatsRunner.call():179 No submit PeriodicStats since input started.
07-06 23:58:47.366 20164 20364 I chatty  : uid=10412(org.mozilla.fennec_aurora) expire 1 line
07-06 23:58:47.413  1694  5305 D ConnectivityService: requestNetwork for uid/pid:10412/20164 NetworkRequest [ TRACK_DEFAULT id=10071, [ Capabilities: INTERNET&NOT_RESTRICTED&TRUSTED&NOT_VPN] ]
07-06 23:58:47.414  1694  2184 D WIFI_UT : got request NetworkRequest [ TRACK_DEFAULT id=10071, [ Capabilities: INTERNET&NOT_RESTRICTED&TRUSTED&NOT_VPN] ] with score 60
07-06 23:58:47.414  1694  2292 D Ethernet: got request NetworkRequest [ TRACK_DEFAULT id=10071, [ Capabilities: INTERNET&NOT_RESTRICTED&TRUSTED&NOT_VPN] ] with score 60
07-06 23:58:47.414  1694  2184 D WIFI    : got request NetworkRequest [ TRACK_DEFAULT id=10071, [ Capabilities: INTERNET&NOT_RESTRICTED&TRUSTED&NOT_VPN] ] with score 60
07-06 23:58:47.414  2477  2477 D PhoneSwitcherNetworkRequstListener: got request NetworkRequest [ TRACK_DEFAULT id=10071, [ Capabilities: INTERNET&NOT_RESTRICTED&TRUSTED&NOT_VPN] ] with score 60
07-06 23:58:47.420 20164 20366 I chatty  : uid=10412(org.mozilla.fennec_aurora) expire 4 lines
07-06 23:58:47.427 20164 20369 I chatty  : uid=10412(org.mozilla.fennec_aurora) expire 5 lines
07-06 23:58:47.492 20164 20366 W ActivityThread: ClassLoader.getResources: The class loader returned by Thread.getContextClassLoader() may fail for processes that host multiple applications. You should explicitly specify a context class loader. For example: Thread.setContextClassLoader(getClass().getClassLoader());
07-06 23:58:47.497 20164 20188 I chatty  : uid=10412(org.mozilla.fennec_aurora) expire 1 line
07-06 23:58:47.591 27103 30814 W OpenGLRenderer: Incorrectly called buildLayer on View: ShortcutAndWidgetContainer, destroying layer...
07-06 23:58:47.592 27103 30814 W OpenGLRenderer: Incorrectly called buildLayer on View: ShortcutAndWidgetContainer, destroying layer...
07-06 23:58:47.616 20164 20185 I chatty  : uid=10412(org.mozilla.fennec_aurora) expire 1 line
07-06 23:58:47.619  1694  2214 D ConnectivityService: releasing NetworkRequest [ TRACK_DEFAULT id=10071, [ Capabilities: INTERNET&NOT_RESTRICTED&TRUSTED&NOT_VPN] ] (release request)
07-06 23:58:47.725 20164 20210 I chatty  : uid=10412(org.mozilla.fennec_aurora) expire 1 line
07-06 23:58:47.752  1694  2353 D ConnectivityService: requestNetwork for uid/pid:10412/20164 NetworkRequest [ TRACK_DEFAULT id=10072, [ Capabilities: INTERNET&NOT_RESTRICTED&TRUSTED&NOT_VPN] ]
07-06 23:58:47.752  1694  2184 D WIFI_UT : got request NetworkRequest [ TRACK_DEFAULT id=10072, [ Capabilities: INTERNET&NOT_RESTRICTED&TRUSTED&NOT_VPN] ] with score 60
07-06 23:58:47.753  2477  2477 D PhoneSwitcherNetworkRequstListener: got request NetworkRequest [ TRACK_DEFAULT id=10072, [ Capabilities: INTERNET&NOT_RESTRICTED&TRUSTED&NOT_VPN] ] with score 60
07-06 23:58:47.753  1694  2184 D WIFI    : got request NetworkRequest [ TRACK_DEFAULT id=10072, [ Capabilities: INTERNET&NOT_RESTRICTED&TRUSTED&NOT_VPN] ] with score 60
07-06 23:58:47.753  1694  2292 D Ethernet: got request NetworkRequest [ TRACK_DEFAULT id=10072, [ Capabilities: INTERNET&NOT_RESTRICTED&TRUSTED&NOT_VPN] ] with score 60
07-06 23:58:47.761 20164 20370 I chatty  : uid=10412(org.mozilla.fennec_aurora) expire 9 lines
07-06 23:58:48.276 20164 20184 I chatty  : uid=10412(org.mozilla.fennec_aurora) expire 1 line
07-06 23:58:48.280  1694  2214 D ConnectivityService: releasing NetworkRequest [ TRACK_DEFAULT id=10072, [ Capabilities: INTERNET&NOT_RESTRICTED&TRUSTED&NOT_VPN] ] (release request)
07-06 23:58:50.676  8338  8338 I B4A     : update notification to top
07-06 23:58:52.087 22780 22819 I PeriodicStatsRunner: PeriodicStatsRunner.call():175 call()
07-06 23:58:52.087 22780 22819 I PeriodicStatsRunner: PeriodicStatsRunner.call():179 No submit PeriodicStats since input started.
07-06 23:58:52.130 20376 20377 E SchedPolicy: open of /dev/cpuctl/bg_non_interactive/tasks failed: No such file or directory
07-06 23:58:52.131  1694  2353 I ActivityManager: Force stopping org.mozilla.fennec_aurora appid=10412 user=0: from pid 20376
07-06 23:58:52.131  1694  2353 I ActivityManager: Killing 20164:org.mozilla.fennec_aurora/u0a412 (adj 700): stop org.mozilla.fennec_aurora
07-06 23:58:52.133  1694  1794 W zygote  : kill(-20164, 9) failed: No such process
07-06 23:58:52.134  1694  2353 W ActivityManager: Force removing ActivityRecord{2c3f8ff u0 org.mozilla.fennec_aurora/org.mozilla.fenix.HomeActivity t7025}: app died, no saved state
07-06 23:58:52.139  1694  1794 W zygote  : kill(-20164, 9) failed: No such process
07-06 23:58:52.140  1694  2353 I ActivityManager: Killing 20250:org.mozilla.fennec_aurora:tab0/u0a412 (adj 0): stop org.mozilla.fennec_aurora
07-06 23:58:52.146  8361  8361 I Finsky  : [2] qyn.onTrimMemory(1): Memory trim requested to level 15
07-06 23:58:52.147 22780 22780 I AppBase : AppBase.onTrimMemory():618 onTrimMemory(): 15
07-06 23:58:52.147 22780 22780 I GoogleInputMethodService: GoogleInputMethodService.onTrimMemory():4331 onTrimMemory(): 15
07-06 23:58:52.153  1694  1794 W zygote  : kill(-20164, 9) failed: No such process
07-06 23:58:52.156  2477  2477 D CarrierSvcBindHelper: No carrier app for: 0
07-06 23:58:52.158  1694  5097 W ActivityManager: Permission Denial: Accessing service ComponentInfo{com.google.android.music/com.google.android.music.dial.DialMediaRouteProviderService} from pid=15597, uid=10038 that is not exported from uid 10116
07-06 23:58:52.168  1694  1794 W zygote  : kill(-20164, 9) failed: No such process
07-06 23:58:52.199  1694  1811 W ActivityManager: setHasOverlayUi called on unknown pid: 20164
07-06 23:58:52.214  1694  1794 W zygote  : kill(-20164, 9) failed: No such process
07-06 23:58:52.214  1694  1794 I zygote  : Successfully killed process cgroup uid 10412 pid 20164 in 81ms
07-06 23:58:52.214  1694  1794 W zygote  : kill(-20250, 9) failed: No such process
07-06 23:58:52.214  1694  1794 I zygote  : Successfully killed process cgroup uid 10412 pid 20250 in 0ms
07-06 23:58:52.296  1694 11810 I OpenGLRenderer: Initialized EGL, version 1.4
07-06 23:58:52.297  1694 11810 D OpenGLRenderer: Swap behavior 2
07-06 23:58:52.571  1694  1703 I zygote  : NativeAlloc concurrent copying GC freed 33200(1673KB) AllocSpace objects, 19(636KB) LOS objects, 42% free, 25MB/45MB, paused 191us total 221.781ms
07-06 23:58:53.247 20380 20381 E SchedPolicy: open of /dev/cpuctl/bg_non_interactive/tasks failed: No such file or directory
07-06 23:58:53.250   875   919 E ANDR-PERF-MPCTL: Invalid profile no. 0, total profiles 0 only
07-06 23:58:53.250  1694 10570 I ActivityManager: START u0 {act=android.intent.action.MAIN cat=[android.intent.category.LAUNCHER] flg=0x10000000 cmp=org.mozilla.fennec_aurora/.App} from uid 2000
07-06 23:58:53.266 20383 20383 E SchedPolicy: open of /dev/cpuctl/bg_non_interactive/tasks failed: No such file or directory
07-06 23:58:53.266  1694  5305 I ActivityManager: Start proc 20383:org.mozilla.fennec_aurora/u0a412 for activity org.mozilla.fennec_aurora/.App
07-06 23:58:53.364 20383 20383 I chatty  : uid=10412(org.mozilla.fennec_aurora) expire 12 lines
07-06 23:58:53.385 20383 20399 I chatty  : uid=10412(org.mozilla.fennec_aurora) expire 4 lines
07-06 23:58:53.452 20383 20411 I chatty  : uid=10412(org.mozilla.fennec_aurora) expire 11 lines
07-06 23:58:53.468 20383 20410 I chatty  : uid=10412(org.mozilla.fennec_aurora) expire 6 lines
07-06 23:58:53.477 20383 20414 I chatty  : uid=10412(org.mozilla.fennec_aurora) expire 6 lines
07-06 23:58:53.479 20383 20416 I chatty  : uid=10412(org.mozilla.fennec_aurora) expire 1 line
07-06 23:58:53.499 20383 20414 I chatty  : uid=10412(org.mozilla.fennec_aurora) expire 13 lines
07-06 23:58:53.505 20383 20410 I chatty  : uid=10412(org.mozilla.fennec_aurora) expire 17 lines
07-06 23:58:53.525 20383 20383 I chatty  : uid=10412(org.mozilla.fennec_aurora) expire 45 lines
07-06 23:58:53.539 20383 20426 I chatty  : uid=10412(org.mozilla.fennec_aurora) expire 6 lines
07-06 23:58:53.564 20383 20411 I chatty  : uid=10412(org.mozilla.fennec_aurora) expire 2 lines
07-06 23:58:53.621 20383 20446 I chatty  : uid=10412(org.mozilla.fennec_aurora) expire 1 line
07-06 23:58:53.625  1694  5305 I ActivityManager: START u0 {act=android.intent.action.MAIN cat=[android.intent.category.LAUNCHER] flg=0x10000000 cmp=org.mozilla.fennec_aurora/org.mozilla.fenix.HomeActivity (has extras)} from uid 10412
07-06 23:58:53.643   890   890 D SurfaceFlinger: duplicate layer name: changing Splash Screen org.mozilla.fennec_aurora to Splash Screen org.mozilla.fennec_aurora#1
07-06 23:58:53.663 20383 20388 I chatty  : uid=10412(org.mozilla.fennec_aurora) expire 8 lines
07-06 23:58:53.681 20470 20470 E SchedPolicy: open of /dev/cpuctl/bg_non_interactive/tasks failed: No such file or directory
07-06 23:58:53.681  1694 10570 I ActivityManager: Start proc 20470:org.mozilla.fennec_aurora:tab0/u0a412 for service org.mozilla.fennec_aurora/org.mozilla.gecko.process.GeckoChildProcessServices$tab0
07-06 23:58:53.689 20383 20459 I chatty  : uid=10412(org.mozilla.fennec_aurora) expire 1 line
07-06 23:58:53.759 20470 20470 I chatty  : uid=10412(org.mozilla.fennec_aurora) expire 2 lines
07-06 23:58:53.759 20470 20491 I chatty  : uid=10412(org.mozilla.fennec_aurora) expire 1 line
07-06 23:58:53.991 20383 20444 I chatty  : uid=10412(org.mozilla.fennec_aurora) expire 1 line
07-06 23:58:53.999 20383 20503 I chatty  : uid=10412(org.mozilla.fennec_aurora) expire 9 lines
07-06 23:58:54.007  1694 10570 D ConnectivityService: requestNetwork for uid/pid:10412/20383 NetworkRequest [ TRACK_DEFAULT id=10073, [ Capabilities: INTERNET&NOT_RESTRICTED&TRUSTED&NOT_VPN] ]
07-06 23:58:54.007  1694  2184 D WIFI_UT : got request NetworkRequest [ TRACK_DEFAULT id=10073, [ Capabilities: INTERNET&NOT_RESTRICTED&TRUSTED&NOT_VPN] ] with score 60
07-06 23:58:54.008  1694  2292 D Ethernet: got request NetworkRequest [ TRACK_DEFAULT id=10073, [ Capabilities: INTERNET&NOT_RESTRICTED&TRUSTED&NOT_VPN] ] with score 60
07-06 23:58:54.008  1694  2184 D WIFI    : got request NetworkRequest [ TRACK_DEFAULT id=10073, [ Capabilities: INTERNET&NOT_RESTRICTED&TRUSTED&NOT_VPN] ] with score 60
07-06 23:58:54.008  2477  2477 D PhoneSwitcherNetworkRequstListener: got request NetworkRequest [ TRACK_DEFAULT id=10073, [ Capabilities: INTERNET&NOT_RESTRICTED&TRUSTED&NOT_VPN] ] with score 60
07-06 23:58:54.015  1694 10570 I WifiService: getDhcpInfo uid=10412
07-06 23:58:54.077   890   890 I SFPerfTracer:      triggers: (rate: 60:22495) (compose: 0:24) (post: 2:214) (render: 16:468) (20:555302 frames) (21:713147)
07-06 23:58:54.078   890   890 D SFPerfTracer:        layers: (3:14) (StatusBar#0 (0xae95f000): 0:207897) (com.android.systemui.ImageWallpaper#0 (0xae961000): 0:7810)* (Sprite#0 (0xac5bd000): 0:28)* (DimLayerController/Stack=0#0 (0xac748000): 0:7292)* (NavigationBar#0 (0xac5a5000): 0:42368) (animation background stackId=1#0 (0xac5c1000): 0:14)* (com.android.launcher3/com.android.launcher3.CustomizationPanelLauncher#0 (0xac8a6000): 0:8)- (com.android.launcher3/com.android.launcher3.CustomizationPanelLauncher#1 (0xac0be000): 0:9)- (Splash Screen org.mozilla.fennec_aurora#1 (0xac0b3000): 0:32)- (org.mozilla.fennec_aurora/org.mozilla.fenix.HomeActivity#0 (0xac0ac000): 0:50)- (com.android.launcher3/com.android.launcher3.CustomizationPanelLauncher#0 (0xac0b3000): 0:7)* (com.android.launcher3/com.android.launcher3.CustomizationPanelLauncher#1 (0xac8a6000): 0:8)* (Splash Screen org.mozilla.fennec_aurora#0 (0xac0ac000): 0:19)- (Splash Screen org.mozilla.fennec_aurora#1 (0xac0be000): 18:22) 
07-06 23:58:54.159  1694 10570 I ActivityManager: Displayed org.mozilla.fennec_aurora/org.mozilla.fenix.HomeActivity: +478ms (total +902ms)
07-06 23:58:54.159  1694 10570 I ActivityManager: Fully drawn org.mozilla.fennec_aurora/org.mozilla.fenix.HomeActivity: +478ms (total +902ms)
07-06 23:58:54.170 20383 20510 I chatty  : uid=10412(org.mozilla.fennec_aurora) expire 5 lines
07-06 23:58:54.188 22780 22780 I GoogleInputMethodService: GoogleInputMethodService.onFinishInput():3138 
07-06 23:58:54.189 22780 22780 I GoogleInputMethodService: GoogleInputMethodService.onStartInput():1808 
07-06 23:58:54.189  1694  1811 I LaunchCheckinHandler: Displayed org.mozilla.fennec_aurora/org.mozilla.fenix.HomeActivity,wp,ca,508
07-06 23:58:54.203  8504  8504 I MemoryTrimmer: Trimming objects from memory, since app is in the background.
07-06 23:58:54.208  8504  8504 I MemoryTrimmer: Trimming objects from memory, since app is in the background.
07-06 23:58:54.209  8504 16718 I PBSessionCacheImpl: Deleted sessionId[37402581481865613] from persistence.
07-06 23:58:54.212  1694 10570 I WifiService: getWifiEnabledState uid=10077
07-06 23:58:54.215  8504  8532 W SearchServiceCore: Abort, client detached.
07-06 23:58:54.216  8504  8532 I StreamController: cleanUpControllerScope(nowcards-15-618da3ac-9ef1)
07-06 23:58:54.242 20383 20513 I chatty  : uid=10412(org.mozilla.fennec_aurora) expire 1 line
07-06 23:58:54.244 20383 20514 I chatty  : uid=10412(org.mozilla.fennec_aurora) expire 1 line
07-06 23:58:54.784 20383 20406 I chatty  : uid=10412(org.mozilla.fennec_aurora) expire 3 lines
07-06 23:58:54.789  1694  2214 D ConnectivityService: releasing NetworkRequest [ TRACK_DEFAULT id=10073, [ Capabilities: INTERNET&NOT_RESTRICTED&TRUSTED&NOT_VPN] ] (release request)
07-06 23:58:54.836 20383 20537 I chatty  : uid=10412(org.mozilla.fennec_aurora) expire 1 line
07-06 23:58:54.911 20383 20436 I chatty  : uid=10412(org.mozilla.fennec_aurora) expire 26 lines
07-06 23:58:55.412   890  1005 I SFPerfTracer:      triggers: (rate: 0:0) (81098 sw vsyncs) (0 skipped) (19:810318 vsyncs) (21:992818)
07-06 23:58:56.159  2442  2528 I QCNEJ   : |CORE| CNE received action RSSI/Link Changed events: android.net.wifi.RSSI_CHANGED
07-06 23:58:56.160  2442  2528 D QCNEJ   : |CORE| Updating RSSI: -56
07-06 23:58:56.162 17081 17121 I CarrierServices: [48539] cnd.onConnectivityChange: FiST: Wifi connectivity status true
07-06 23:58:56.163 17081 17156 I CarrierServices: [48561] cwy.a: (PEv2-SM): DisabledState: event Connectivity event
07-06 23:58:56.163 17081 17121 I CarrierServices: [48539] cnv.d: Connected state: [1], networkType: [WIFI]
07-06 23:58:56.164 17081 17163 I CarrierServices: [48566] czd.d: RCS Configuration storage in Bugle is disabled by p/h flag, using ProvisioningEngineStateCacheUtil.getProvisioningConfigurationForGivenSim()
07-06 23:58:58.704 20564 20564 D AndroidRuntime: >>>>>> START com.android.internal.os.RuntimeInit uid 2000 <<<<<<
07-06 23:58:58.713 20564 20564 W app_process: Could not reserve sentinel fault page
07-06 23:58:58.837 20564 20564 I app_process: The ClassLoaderContext is a special shared library.
07-06 23:58:58.886 20564 20564 D AndroidRuntime: Calling main entry com.android.commands.input.Input
07-06 23:58:58.887 20564 20572 E SchedPolicy: open of /dev/cpuctl/bg_non_interactive/tasks failed: No such file or directory
07-06 23:58:58.888 20564 20564 I Input   : injectKeyEvent: KeyEvent { action=ACTION_DOWN, keyCode=KEYCODE_HOME, scanCode=0, metaState=0, flags=0x0, repeatCount=0, eventTime=882800113, downTime=882800113, deviceId=-1, source=0x101 }
07-06 23:58:58.892   875   919 E ANDR-PERF-MPCTL: Invalid profile no. 0, total profiles 0 only
07-06 23:58:58.893 20564 20564 I Input   : injectKeyEvent: KeyEvent { action=ACTION_UP, keyCode=KEYCODE_HOME, scanCode=0, metaState=0, flags=0x0, repeatCount=0, eventTime=882800113, downTime=882800113, deviceId=-1, source=0x101 }
07-06 23:58:58.898  1694  2137 I ActivityManager: START u0 {act=android.intent.action.MAIN cat=[android.intent.category.HOME] flg=0x10200000 cmp=com.android.launcher3/.CustomizationPanelLauncher (has extras)} from uid 1000
07-06 23:58:58.904 20564 20564 D AndroidRuntime: Shutting down VM
07-06 23:58:58.911  1694 10570 I ActivityManager: moveHomeStack, setupComplete:true
07-06 23:58:58.929  8504 22976 I Adreno  : QUALCOMM build                   : 908a5ce, I77d3059488
07-06 23:58:58.929  8504 22976 I Adreno  : Build Date                       : 06/07/18
07-06 23:58:58.929  8504 22976 I Adreno  : OpenGL ES Shader Compiler Version: EV031.22.00.01_06
07-06 23:58:58.929  8504 22976 I Adreno  : Local Branch                     : 
07-06 23:58:58.929  8504 22976 I Adreno  : Remote Branch                    : refs/tags/AU_LINUX_ANDROID_LA.UM.6.5.R1.08.01.00.312.086
07-06 23:58:58.929  8504 22976 I Adreno  : Remote Branch                    : NONE
07-06 23:58:58.929  8504 22976 I Adreno  : Reconstruct Branch               : NOTHING
07-06 23:58:58.931  8504 22976 D vndksupport: Loading /vendor/lib/hw/gralloc.msm8953.so from current namespace instead of sphal namespace.
07-06 23:58:58.934  8504 22976 I Adreno  : PFP: 0x005ff087, ME: 0x005ff063
07-06 23:58:58.935 27103 27103 D Launcher.Utilities: Wakeup weather: Intent { act=com.motorola.launcher3.action.WAKEUP_WEATHER cmp=com.motorola.timeweatherwidget/com.motorola.commandcenter.weather.WakeUpService }
07-06 23:58:58.936  8504 22976 I zygote  : android::hardware::configstore::V1_0::ISurfaceFlingerConfigs::hasWideColorDisplay retrieved: 0
07-06 23:58:58.937  8504 22976 I OpenGLRenderer: Initialized EGL, version 1.4
07-06 23:58:58.937  8504 22976 D OpenGLRenderer: Swap behavior 2
07-06 23:58:58.947  1694  1694 I NotificationService: Cannot find enqueued record for key: 0|com.motorola.timeweatherwidget|1|null|10122
07-06 23:58:58.950   890   890 D SurfaceFlinger: duplicate layer name: changing com.android.launcher3/com.android.launcher3.CustomizationPanelLauncher to com.android.launcher3/com.android.launcher3.CustomizationPanelLauncher#1
07-06 23:58:58.960 22780 22780 I GoogleInputMethodService: GoogleInputMethodService.onFinishInput():3138 
07-06 23:58:58.961 22780 22780 I GoogleInputMethodService: GoogleInputMethodService.onStartInput():1808 
07-06 23:58:58.962  1694  8064 I WifiService: getWifiEnabledState uid=10077
07-06 23:58:58.964  8504  8532 W ThreadPoolDumper: Queue length for executor EventBus is now 11. Perhaps some tasks are too long, or the pool is too small.
07-06 23:58:58.970  1694  4524 I WifiService: getWifiEnabledState uid=10077
07-06 23:58:58.984  8504  8532 I StreamController: registerScope: nowcards-15-618da3ac-9ef1
07-06 23:58:59.005  1694  1811 I LaunchCheckinHandler: Displayed com.android.launcher3/.CustomizationPanelLauncher,wp,wa,106
07-06 23:58:59.025  8504  8531 E MDD     : DownloadProgressMonitor: Can't find file group for uri: android://com.google.android.googlequicksearchbox/files/sharedminusonemodule/shared/SharedMinusOneData.pb.tmp
07-06 23:58:59.031  8504  8504 I BgTaskExecutorImpl: Starting EXCLUSIVE background task TNG_MINUS_ONE_SYNC.
07-06 23:58:59.032  1694 11810 I OpenGLRenderer: Initialized EGL, version 1.4
07-06 23:58:59.032  1694 11810 D OpenGLRenderer: Swap behavior 2
07-06 23:58:59.034  8504  8532 I TngMinusOneSync: Syncing TNG:-1
07-06 23:58:59.152  2303  2325 I zygote  : NativeAlloc concurrent copying GC freed 14726(764KB) AllocSpace objects, 0(0B) LOS objects, 50% free, 11MB/22MB, paused 149us total 112.526ms
07-06 23:58:59.188 20383 20577 I chatty  : uid=10412(org.mozilla.fennec_aurora) expire 10 lines
07-06 23:58:59.198 22780 22819 I PeriodicStatsRunner: PeriodicStatsRunner.call():175 call()
07-06 23:58:59.199 22780 22819 I PeriodicStatsRunner: PeriodicStatsRunner.call():179 No submit PeriodicStats since input started.
07-06 23:58:59.220  2442  2528 I QCNEJ   : |CORE| CNE received action RSSI/Link Changed events: android.net.wifi.RSSI_CHANGED
07-06 23:58:59.220  2442  2528 D QCNEJ   : |CORE| Updating RSSI: -55
07-06 23:58:59.222 17081 17121 I CarrierServices: [48539] cnd.onConnectivityChange: FiST: Wifi connectivity status true
07-06 23:58:59.222 17081 17156 I CarrierServices: [48561] cwy.a: (PEv2-SM): DisabledState: event Connectivity event
07-06 23:58:59.223 17081 17121 I CarrierServices: [48539] cnv.d: Connected state: [1], networkType: [WIFI]
07-06 23:58:59.224 17081 17163 I CarrierServices: [48566] czd.d: RCS Configuration storage in Bugle is disabled by p/h flag, using ProvisioningEngineStateCacheUtil.getProvisioningConfigurationForGivenSim()
07-06 23:58:59.249 20383 20585 I chatty  : uid=10412(org.mozilla.fennec_aurora) expire 1 line
07-06 23:58:59.295  1694  4524 D ConnectivityService: requestNetwork for uid/pid:10412/20383 NetworkRequest [ TRACK_DEFAULT id=10074, [ Capabilities: INTERNET&NOT_RESTRICTED&TRUSTED&NOT_VPN] ]
07-06 23:58:59.296  1694  2184 D WIFI_UT : got request NetworkRequest [ TRACK_DEFAULT id=10074, [ Capabilities: INTERNET&NOT_RESTRICTED&TRUSTED&NOT_VPN] ] with score 60
07-06 23:58:59.296  1694  2292 D Ethernet: got request NetworkRequest [ TRACK_DEFAULT id=10074, [ Capabilities: INTERNET&NOT_RESTRICTED&TRUSTED&NOT_VPN] ] with score 60
07-06 23:58:59.296  1694  2184 D WIFI    : got request NetworkRequest [ TRACK_DEFAULT id=10074, [ Capabilities: INTERNET&NOT_RESTRICTED&TRUSTED&NOT_VPN] ] with score 60
07-06 23:58:59.296  2477  2477 D PhoneSwitcherNetworkRequstListener: got request NetworkRequest [ TRACK_DEFAULT id=10074, [ Capabilities: INTERNET&NOT_RESTRICTED&TRUSTED&NOT_VPN] ] with score 60
07-06 23:58:59.302 20383 20587 I chatty  : uid=10412(org.mozilla.fennec_aurora) expire 4 lines
07-06 23:58:59.309 20383 20590 I chatty  : uid=10412(org.mozilla.fennec_aurora) expire 5 lines
07-06 23:58:59.391 20383 20587 W ActivityThread: ClassLoader.getResources: The class loader returned by Thread.getContextClassLoader() may fail for processes that host multiple applications. You should explicitly specify a context class loader. For example: Thread.setContextClassLoader(getClass().getClassLoader());
07-06 23:58:59.491 27103 30814 W OpenGLRenderer: Incorrectly called buildLayer on View: ShortcutAndWidgetContainer, destroying layer...
07-06 23:58:59.491 27103 30814 W OpenGLRenderer: Incorrectly called buildLayer on View: ShortcutAndWidgetContainer, destroying layer...
07-06 23:58:59.503 20383 20404 I chatty  : uid=10412(org.mozilla.fennec_aurora) expire 2 lines
07-06 23:58:59.506  1694  2214 D ConnectivityService: releasing NetworkRequest [ TRACK_DEFAULT id=10074, [ Capabilities: INTERNET&NOT_RESTRICTED&TRUSTED&NOT_VPN] ] (release request)
07-06 23:58:59.606 20383 20453 I chatty  : uid=10412(org.mozilla.fennec_aurora) expire 1 line
07-06 23:58:59.636  1694  8064 D ConnectivityService: requestNetwork for uid/pid:10412/20383 NetworkRequest [ TRACK_DEFAULT id=10075, [ Capabilities: INTERNET&NOT_RESTRICTED&TRUSTED&NOT_VPN] ]
07-06 23:58:59.637  1694  2184 D WIFI_UT : got request NetworkRequest [ TRACK_DEFAULT id=10075, [ Capabilities: INTERNET&NOT_RESTRICTED&TRUSTED&NOT_VPN] ] with score 60
07-06 23:58:59.637  1694  2184 D WIFI    : got request NetworkRequest [ TRACK_DEFAULT id=10075, [ Capabilities: INTERNET&NOT_RESTRICTED&TRUSTED&NOT_VPN] ] with score 60
07-06 23:58:59.637  1694  2292 D Ethernet: got request NetworkRequest [ TRACK_DEFAULT id=10075, [ Capabilities: INTERNET&NOT_RESTRICTED&TRUSTED&NOT_VPN] ] with score 60
07-06 23:58:59.637  2477  2477 D PhoneSwitcherNetworkRequstListener: got request NetworkRequest [ TRACK_DEFAULT id=10075, [ Capabilities: INTERNET&NOT_RESTRICTED&TRUSTED&NOT_VPN] ] with score 60
07-06 23:58:59.646 20383 20591 I chatty  : uid=10412(org.mozilla.fennec_aurora) expire 9 lines
07-06 23:59:00.204  1694  2214 D ConnectivityService: releasing NetworkRequest [ TRACK_DEFAULT id=10075, [ Capabilities: INTERNET&NOT_RESTRICTED&TRUSTED&NOT_VPN] ] (release request)
07-06 23:59:02.620  1694  2211 D WifiNative-wlan0: Scan issued for specific freq..
07-06 23:59:02.721  1694  4524 D WificondControl: Scan result ready event
07-06 23:59:03.971 22780 22819 I PeriodicStatsRunner: PeriodicStatsRunner.call():175 call()
07-06 23:59:03.971 22780 22819 I PeriodicStatsRunner: PeriodicStatsRunner.call():179 No submit PeriodicStats since input started.
07-06 23:59:04.011 20596 20597 E SchedPolicy: open of /dev/cpuctl/bg_non_interactive/tasks failed: No such file or directory
07-06 23:59:04.012  1694  4524 I ActivityManager: Force stopping org.mozilla.fennec_aurora appid=10412 user=0: from pid 20596
07-06 23:59:04.012  1694  4524 I ActivityManager: Killing 20383:org.mozilla.fennec_aurora/u0a412 (adj 700): stop org.mozilla.fennec_aurora
07-06 23:59:04.014  1694  1794 W zygote  : kill(-20383, 9) failed: No such process
07-06 23:59:04.015  1694  4524 W ActivityManager: Force removing ActivityRecord{532d58f u0 org.mozilla.fennec_aurora/org.mozilla.fenix.HomeActivity t7027}: app died, no saved state
07-06 23:59:04.021  1694  4524 I ActivityManager: Killing 20470:org.mozilla.fennec_aurora:tab0/u0a412 (adj 0): stop org.mozilla.fennec_aurora
07-06 23:59:04.026  8361  8361 I Finsky  : [2] qyn.onTrimMemory(1): Memory trim requested to level 15
07-06 23:59:04.029 22780 22780 I AppBase : AppBase.onTrimMemory():618 onTrimMemory(): 15
07-06 23:59:04.029 22780 22780 I GoogleInputMethodService: GoogleInputMethodService.onTrimMemory():4331 onTrimMemory(): 15
07-06 23:59:04.030  1694  1794 W zygote  : kill(-20383, 9) failed: No such process
07-06 23:59:04.039  2477  2477 D CarrierSvcBindHelper: No carrier app for: 0
07-06 23:59:04.040  1694  4524 W ActivityManager: Permission Denial: Accessing service ComponentInfo{com.google.android.music/com.google.android.music.dial.DialMediaRouteProviderService} from pid=15597, uid=10038 that is not exported from uid 10116
07-06 23:59:04.044  1694  1794 W zygote  : kill(-20383, 9) failed: No such process
07-06 23:59:04.059  1694  1794 I chatty  : uid=1000(system) ActivityManager identical 1 line
07-06 23:59:04.067  1694  1811 W ActivityManager: setHasOverlayUi called on unknown pid: 20383
07-06 23:59:04.074  1694  1794 W zygote  : kill(-20383, 9) failed: No such process
07-06 23:59:04.074  1694  1794 I zygote  : Successfully killed process cgroup uid 10412 pid 20383 in 60ms
07-06 23:59:04.074  1694  1794 W zygote  : kill(-20470, 9) failed: No such process
07-06 23:59:04.074  1694  1794 I zygote  : Successfully killed process cgroup uid 10412 pid 20470 in 0ms
07-06 23:59:04.166  1694 11810 I OpenGLRenderer: Initialized EGL, version 1.4
07-06 23:59:04.166  1694 11810 D OpenGLRenderer: Swap behavior 2
07-06 23:59:04.423  1694  1703 I zygote  : NativeAlloc concurrent copying GC freed 48422(2MB) AllocSpace objects, 25(1052KB) LOS objects, 42% free, 25MB/45MB, paused 175us total 224.340ms
07-06 23:59:04.935  1694  2122 D BatteryService: uevent={POWER_SUPPLY_VOLTAGE_NOW=4400303, POWER_SUPPLY_CHARGE_RATE=Normal, POWER_SUPPLY_HEALTH=Good, POWER_SUPPLY_CURRENT_NOW=-158385, POWER_SUPPLY_PRESENT=1, SUBSYSTEM=power_supply, POWER_SUPPLY_TEMP=277, SEQNUM=98674, ACTION=change, POWER_SUPPLY_NAME=battery, POWER_SUPPLY_STATUS=Charging, POWER_SUPPLY_CHARGE_COUNTER=2994727, POWER_SUPPLY_CAPACITY=100, DEVPATH=/devices/soc/qpnp-smbcharger-17/power_supply/battery}
07-06 23:59:04.947  2792  3179 D HeadsetStateMachine: Disconnected process message: 10, size: 0
07-06 23:59:04.947  2792  3179 D HeadsetStateMachine: Enter processIntentBatteryChanged()
07-06 23:59:04.947  2477  2477 D QtiCarrierConfigHelper: WARNING, no carrier configs on phone Id: 0
07-06 23:59:04.947  2792  3179 D HeadsetStateMachine: Exit processIntentBatteryChanged()
07-06 23:59:04.947  2792  3179 D HeadsetStateMachine: Exit Disconnected processMessage() 
07-06 23:59:04.951  8338  8338 I B4A     : Check bat: 100
07-06 23:59:05.112 20601 20602 E SchedPolicy: open of /dev/cpuctl/bg_non_interactive/tasks failed: No such file or directory
07-06 23:59:05.114   875   919 E ANDR-PERF-MPCTL: Invalid profile no. 0, total profiles 0 only
07-06 23:59:05.115  1694 12349 I ActivityManager: START u0 {act=android.intent.action.MAIN cat=[android.intent.category.LAUNCHER] flg=0x10000000 cmp=org.mozilla.fennec_aurora/.App} from uid 2000
07-06 23:59:05.130  1694 10570 I ActivityManager: Start proc 20604:org.mozilla.fennec_aurora/u0a412 for activity org.mozilla.fennec_aurora/.App
07-06 23:59:05.130 20604 20604 E SchedPolicy: open of /dev/cpuctl/bg_non_interactive/tasks failed: No such file or directory
07-06 23:59:05.228 20604 20604 I chatty  : uid=10412(org.mozilla.fennec_aurora) expire 25 lines
07-06 23:59:05.254 20604 20620 I chatty  : uid=10412(org.mozilla.fennec_aurora) expire 4 lines
07-06 23:59:05.319 20604 20632 I chatty  : uid=10412(org.mozilla.fennec_aurora) expire 13 lines
07-06 23:59:05.336 20604 20631 I chatty  : uid=10412(org.mozilla.fennec_aurora) expire 11 lines
07-06 23:59:05.342 20604 20635 I chatty  : uid=10412(org.mozilla.fennec_aurora) expire 15 lines
07-06 23:59:05.346 20604 20637 I chatty  : uid=10412(org.mozilla.fennec_aurora) expire 1 line
07-06 23:59:05.403 20604 20647 I chatty  : uid=10412(org.mozilla.fennec_aurora) expire 6 lines
07-06 23:59:05.481  1694 10570 I ActivityManager: START u0 {act=android.intent.action.MAIN cat=[android.intent.category.LAUNCHER] flg=0x10000000 cmp=org.mozilla.fennec_aurora/org.mozilla.fenix.HomeActivity (has extras)} from uid 10412
07-06 23:59:05.490 20604 20669 I chatty  : uid=10412(org.mozilla.fennec_aurora) expire 1 line
07-06 23:59:05.509   890   890 D SurfaceFlinger: duplicate layer name: changing Splash Screen org.mozilla.fennec_aurora to Splash Screen org.mozilla.fennec_aurora#1
07-06 23:59:05.516 20604 20609 I chatty  : uid=10412(org.mozilla.fennec_aurora) expire 3 lines
07-06 23:59:05.525 20692 20692 E SchedPolicy: open of /dev/cpuctl/bg_non_interactive/tasks failed: No such file or directory
07-06 23:59:05.526  1694 10570 I ActivityManager: Start proc 20692:org.mozilla.fennec_aurora:tab0/u0a412 for service org.mozilla.fennec_aurora/org.mozilla.gecko.process.GeckoChildProcessServices$tab0
07-06 23:59:05.538 20604 20678 I chatty  : uid=10412(org.mozilla.fennec_aurora) expire 1 line
07-06 23:59:05.592   890   890 I SFPerfTracer:      triggers: (rate: 60:22496) (compose: 0:24) (post: 2:214) (render: 16:468) (0:555373 frames) (1:713247)
