03-24 18:46:47.494  1179  1240 E GeckoLibLoad: Load sqlite start
03-24 18:46:47.511  1179  1240 W GeckoLinker: /data/app/org.mozilla.fennec_aurora-oeBIHAYtvDNz6UD0R-ug5A==/lib/arm/libnss3.so: unhandled flags #8 not handled
03-24 18:46:47.515  1179  1240 W GeckoLinker: /data/app/org.mozilla.fennec_aurora-oeBIHAYtvDNz6UD0R-ug5A==/lib/arm/libnss3.so: Relocation to NULL @0x001b9ffc for symbol "__cxa_type_match"
03-24 18:46:47.515  1179  1240 E GeckoLibLoad: Load sqlite done
03-24 18:46:47.516  1179  1240 E GeckoLibLoad: Load nss start
03-24 18:46:47.516  1179  1240 E GeckoLibLoad: Load nss done
03-24 18:46:47.516  1179  1240 W GeckoLinker: /data/app/org.mozilla.fennec_aurora-oeBIHAYtvDNz6UD0R-ug5A==/lib/arm/libxul.so: unhandled flags #8 not handled
03-24 18:46:47.516  1179  1240 W GeckoLinker: /data/app/org.mozilla.fennec_aurora-oeBIHAYtvDNz6UD0R-ug5A==/lib/arm/liblgpllibs.so: unhandled flags #8 not handled
03-24 18:46:47.521   982  1056 I GeckoSession: zerdatime 17618101289 - chrome startup finished
03-24 18:46:47.548  1179  1240 E GeckoLibLoad: Loaded libs in 32.459535ms total, 26ms(26ms) user, 6ms(6ms) system, 0(0) faults
03-24 18:46:47.549  1179  1240 D GeckoThread: State changed to LIBS_READY
03-24 18:46:47.549  1179  1240 W GeckoThread: zerdatime 17618101316 - runGecko
03-24 18:46:47.576   982  1393 D App     : Could not fetch region from location service
03-24 18:46:47.576   982  1393 D App     : java.io.IOException: org.mozilla.geckoview.WebRequestError: Request failed, error=0x25, category=0x5
03-24 18:46:47.576   982  1393 D App     : 	at mozilla.components.browser.engine.gecko.fetch.GeckoViewFetchClient.fetch(GeckoViewFetchClient.kt:39)
03-24 18:46:47.576   982  1393 D App     : 	at mozilla.components.service.location.MozillaLocationService$fetchRegion$2.invokeSuspend(MozillaLocationService.kt:27)
03-24 18:46:47.576   982  1393 D App     : 	at mozilla.components.service.location.MozillaLocationService$fetchRegion$2.invoke(Unknown Source:10)
03-24 18:46:47.576   982  1393 D App     : 	at kotlin.jvm.internal.Intrinsics.startUndispatchedOrReturn(Intrinsics.java:2)
03-24 18:46:47.576   982  1393 D App     : 	at kotlin.jvm.internal.Intrinsics.withContext(Intrinsics.java:9)
03-24 18:46:47.576   982  1393 D App     : 	at mozilla.components.service.location.MozillaLocationService.fetchRegion(MozillaLocationService.kt:2)
03-24 18:46:47.576   982  1393 D App     : 	at mozilla.components.service.location.search.RegionSearchLocalizationProvider.determineRegion(RegionSearchLocalizationProvider.kt:5)
03-24 18:46:47.576   982  1393 D App     : 	at mozilla.components.browser.search.provider.AssetsSearchEngineProvider.loadSearchEngines(AssetsSearchEngineProvider.kt:5)
03-24 18:46:47.576   982  1393 D App     : 	at org.mozilla.fenix.components.searchengine.FenixSearchEngineProvider$bundledSearchEngines$1.invokeSuspend(FenixSearchEngineProvider.kt:21)
03-24 18:46:47.576   982  1393 D App     : 	at kotlin.coroutines.jvm.internal.BaseContinuationImpl.resumeWith(ContinuationImpl.kt:2)
03-24 18:46:47.576   982  1393 D App     : 	at kotlinx.coroutines.DispatchedTask.run(DispatchedTask.kt:15)
03-24 18:46:47.576   982  1393 D App     : 	at kotlinx.coroutines.scheduling.CoroutineScheduler.runSafely(CoroutineScheduler.kt:1)
03-24 18:46:47.576   982  1393 D App     : 	at kotlinx.coroutines.scheduling.CoroutineScheduler$Worker.run(CoroutineScheduler.kt:15)
03-24 18:46:47.576   982  1393 D App     : Caused by: org.mozilla.geckoview.WebRequestError: Request failed, error=0x25, category=0x5
03-24 18:46:47.576   982  1393 D App     : 	at org.mozilla.gecko.mozglue.GeckoLoader.nativeRun(Native Method)
03-24 18:46:47.576   982  1393 D App     : 	at org.mozilla.gecko.GeckoThread.run(GeckoThread.java:91)
03-24 18:46:48.059   982   982 D App     : Installed browser-icons extension
03-24 18:46:48.061   982   982 D mozac-webextensions: Installed extension: mozacWebchannel
03-24 18:46:48.062   982   982 D mozac-webextensions: Installed extension: mozacReaderview
03-24 18:46:48.066  1179  1240 D GeckoThread: State changed to RUNNING
03-24 18:46:48.125  1179  1240 W ResourceType: Too many attribute references, stopped at: 0x01010099
03-24 18:46:48.259   982   982 D GeckoSession: handleMessage GeckoView:PageStart uri=about:blank
03-24 18:46:48.293   982   982 D GeckoSession: handleMessage GeckoView:LocationChange uri=about:blank
03-24 18:46:48.294   982   982 D GeckoSession: handleMessage GeckoView:PageStop uri=null
03-24 18:46:48.298   982  1056 D GeckoScreenOrientation: unlocking
03-24 18:46:48.301   982   982 I SessionStorage/AutoSave: Save: Load finished
03-24 18:46:48.314   982  1410 D SessionStorage/AutoSave: Saved state to disk [12ms]
03-24 18:46:48.318   982   982 D GeckoSession: handleMessage GeckoView:OnLoadRequest uri=https://example.com/
03-24 18:46:48.329   982   982 D GeckoSession: handleMessage GeckoView:OnLoadRequest uri=https://example.com/
03-24 18:46:48.464   982   982 D mozac-webcompat: Installed WebCompat webextension: webcompat@mozilla.com
03-24 18:46:48.480  1179  1179 D GeckoNetworkManager: Incoming event enableNotifications for state OffNoListeners -> OffWithListeners
03-24 18:46:48.481  1179  1179 D GeckoNetworkManager: New network state: DOWN, NONE, UNKNOWN
03-24 18:46:48.677   982   982 D GeckoSession: handleMessage GeckoView:ProgressChanged uri=null
03-24 18:46:48.684   982   982 D GeckoSession: handleMessage GeckoView:PageStart uri=https://example.com/
03-24 18:46:48.703   982   982 D GeckoSession: handleMessage GeckoView:ProgressChanged uri=null
03-24 18:46:48.710   982   982 D GeckoSession: handleMessage GeckoView:PageStop uri=null
03-24 18:46:48.711   982   982 I SessionStorage/AutoSave: Save: Load finished
03-24 18:46:48.711   982  1410 D SessionStorage/AutoSave: Delaying save (1591ms)
03-24 18:46:48.741   982   982 D GeckoSession: handleMessage GeckoView:ProgressChanged uri=null
03-24 18:46:48.748   982   982 D GeckoSession: handleMessage GeckoView:PageStart uri=https://example.com/
03-24 18:46:48.831   982   982 D GeckoSession: handleMessage GeckoView:OnLoadError uri=https://example.com/
03-24 18:46:48.837   982   982 I zygote  : Deoptimizing kotlin.coroutines.CoroutineContext$Element kotlin.coroutines.CoroutineContext$Element$DefaultImpls.get(kotlin.coroutines.CoroutineContext$Element, kotlin.coroutines.CoroutineContext$Key) due to JIT inline cache
03-24 18:46:48.866   982   982 D GeckoSession: handleMessage GeckoView:ProgressChanged uri=null
03-24 18:46:48.880   982   982 D GeckoSession: handleMessage GeckoView:PageStop uri=null
03-24 18:46:48.881   982   982 I SessionStorage/AutoSave: Save: Load finished
03-24 18:46:48.882   982   982 D SessionStorage/AutoSave: Skipping save, other job already in flight
03-24 18:46:48.907   982   982 D GeckoSession: handleMessage GeckoView:LocationChange uri=https://example.com/
03-24 18:46:48.920   982  1410 I zygote  : Deoptimizing void kotlinx.coroutines.DispatchedTask.run() due to JIT inline cache
03-24 18:46:48.928   982  1410 D places_ffi: bookmarks_get_all_with_url
03-24 18:46:48.957   982   982 D GeckoSession: handleMessage GeckoView:SecurityChanged uri=null
03-24 18:46:48.984   982  1410 D places_ffi: places_connection_new
03-24 18:46:49.012   982  1410 D places_ffi: places_note_observation
03-24 18:46:49.023   982  1410 D sql_support::conn_ext: Transaction commited after 10.766928ms
03-24 18:46:49.046   982  1410 D places_ffi: places_note_observation
03-24 18:46:49.054   982  1410 D sql_support::conn_ext: Transaction commited after 7.43646ms
03-24 18:46:49.066  1179  1240 W GeckoLinker: /data/app/org.mozilla.fennec_aurora-oeBIHAYtvDNz6UD0R-ug5A==/lib/arm/libsoftokn3.so: unhandled flags #8 not handled
03-24 18:46:49.067  1179  1240 W GeckoLinker: /data/app/org.mozilla.fennec_aurora-oeBIHAYtvDNz6UD0R-ug5A==/lib/arm/libsoftokn3.so: Relocation to NULL @0x0002cffc for symbol "__cxa_type_match"
03-24 18:46:49.067  1179  1240 W GeckoLinker: /data/app/org.mozilla.fennec_aurora-oeBIHAYtvDNz6UD0R-ug5A==/lib/arm/libfreebl3.so: unhandled flags #8 not handled
03-24 18:46:49.068  1179  1240 W GeckoLinker: /data/app/org.mozilla.fennec_aurora-oeBIHAYtvDNz6UD0R-ug5A==/lib/arm/libfreebl3.so: Relocation to NULL @0x0004fffc for symbol "__cxa_type_match"
03-24 18:46:49.069   982  1410 D places_ffi: places_note_observation
03-24 18:46:49.074   982  1410 D sql_support::conn_ext: Transaction commited after 3.864479ms
03-24 18:46:49.078   982   988 I zygote  : Do full code cache collection, code=254KB, data=158KB
03-24 18:46:49.083   982   988 I zygote  : After code cache collection, code=162KB, data=92KB
03-24 18:46:49.291   982   982 D GeckoSession: handleMessage GeckoView:StateUpdated uri=null
03-24 18:46:49.291   982   982 W GeckoSession: No history entries found.
03-24 18:46:50.314   982  1410 D SessionStorage/AutoSave: Saved state to disk [10ms]
03-24 18:46:50.917  1529  1529 D AndroidRuntime: >>>>>> START com.android.internal.os.RuntimeInit uid 2000 <<<<<<
03-24 18:46:50.930  1529  1529 W app_process: Could not reserve sentinel fault page
03-24 18:46:51.097  1529  1529 I app_process: The ClassLoaderContext is a special shared library.
03-24 18:46:51.163  1529  1529 D AndroidRuntime: Calling main entry com.android.commands.input.Input
03-24 18:46:51.165  1529  1529 I Input   : injectKeyEvent: KeyEvent { action=ACTION_DOWN, keyCode=KEYCODE_HOME, scanCode=0, metaState=0, flags=0x0, repeatCount=0, eventTime=17166066444, downTime=17166066444, deviceId=-1, source=0x101 }
03-24 18:46:51.179  1529  1529 I Input   : injectKeyEvent: KeyEvent { action=ACTION_UP, keyCode=KEYCODE_HOME, scanCode=0, metaState=0, flags=0x0, repeatCount=0, eventTime=17166066444, downTime=17166066444, deviceId=-1, source=0x101 }
03-24 18:46:51.185  1456  1941 I ActivityManager: START u0 {act=android.intent.action.MAIN cat=[android.intent.category.HOME] flg=0x10200000 cmp=com.android.launcher3/.CustomizationPanelLauncher (has extras)} from uid 1000
03-24 18:46:51.186   794   839 E ANDR-PERF-RESOURCEQS: Failed to apply optimization [4, 0]
03-24 18:46:51.197  1456  1941 I ActivityManager: moveHomeStack, setupComplete:true
03-24 18:46:51.204 28336 28375 I Adreno  : QUALCOMM build                   : bb5b86c, I77d3059488
03-24 18:46:51.204 28336 28375 I Adreno  : Build Date                       : 06/07/18
03-24 18:46:51.204 28336 28375 I Adreno  : OpenGL ES Shader Compiler Version: EV031.22.00.01_06
03-24 18:46:51.204 28336 28375 I Adreno  : Local Branch                     : 
03-24 18:46:51.204 28336 28375 I Adreno  : Remote Branch                    : refs/tags/AU_LINUX_ANDROID_LA.UM.6.5.R1.08.01.00.312.086
03-24 18:46:51.204 28336 28375 I Adreno  : Remote Branch                    : NONE
03-24 18:46:51.204 28336 28375 I Adreno  : Reconstruct Branch               : NOTHING
03-24 18:46:51.208 28336 28375 D vndksupport: Loading /vendor/lib/hw/gralloc.msm8937.so from current namespace instead of sphal namespace.
03-24 18:46:51.208  1529  1529 D AndroidRuntime: Shutting down VM
03-24 18:46:51.214 28336 28375 I Adreno  : PFP: 0x005ff087, ME: 0x005ff063
03-24 18:46:51.218 28336 28375 I zygote  : android::hardware::configstore::V1_0::ISurfaceFlingerConfigs::hasWideColorDisplay retrieved: 0
03-24 18:46:51.219 28336 28375 I OpenGLRenderer: Initialized EGL, version 1.4
03-24 18:46:51.220 28336 28375 D OpenGLRenderer: Swap behavior 2
03-24 18:46:51.221  2748  2748 D Launcher.Utilities: Wakeup weather: Intent { act=com.motorola.launcher3.action.WAKEUP_WEATHER cmp=com.motorola.timeweatherwidget/com.motorola.commandcenter.weather.WakeUpService }
03-24 18:46:51.235  1456  1456 I NotificationService: Cannot find enqueued record for key: 0|com.motorola.timeweatherwidget|1|null|10116
03-24 18:46:51.239   808   808 D SurfaceFlinger: duplicate layer name: changing com.android.launcher3/com.android.launcher3.CustomizationPanelLauncher to com.android.launcher3/com.android.launcher3.CustomizationPanelLauncher#1
03-24 18:46:51.259   982   982 I [INFO][Leanplum]: [com.leanplum.internal.RequestOld::sendIfConnected::4]: Device is offline, will send later
03-24 18:46:51.264 28336 28370 W ThreadPoolDumper: Queue length for executor EventBus is now 11. Perhaps some tasks are too long, or the pool is too small.
03-24 18:46:51.267  1456  2916 I WifiService: getWifiEnabledState uid=10073
03-24 18:46:51.279  1456  5797 I WifiService: getWifiEnabledState uid=10073
03-24 18:46:51.288 28336 28379 I DEBUG   : OpaToSrpTransitionState#onStateChanged#notNullQuery
03-24 18:46:51.289 28336 28379 I DEBUG   : OpaToSrpTransitionState#onStateChanged#notNullQuery
03-24 18:46:51.304 28336 28379 I MicroDetectionState: Should stop hotword detection immediately - false
03-24 18:46:51.307 28336 28379 I MicroDetectionWorker: #startMicroDetector [speakerMode: 0]
03-24 18:46:51.308 28336 28379 I AudioController: Created new AudioSource
03-24 18:46:51.336   982   982 D GeckoSession: handleMessage GeckoView:StateUpdated uri=null
03-24 18:46:51.345  1456  1673 I LaunchCheckinHandler: Displayed com.android.launcher3/.CustomizationPanelLauncher,wp,wa,160
03-24 18:46:51.346 28336 28374 I MicroDataManager: isInitializedWithLatestParams-true
03-24 18:46:51.346 28336 28374 I MicroDataManager: isInitializing-false locale not changed-true model not changed-true
03-24 18:46:51.347 28336 28374 I MicroDataManager: Already initialized, obtaining the hotword data immediately.
03-24 18:46:51.354 28336 21552 I MicroRecognitionRunner: Starting detection.
03-24 18:46:51.354 28336 21552 I InputStreamUtils: Using micInputStream
03-24 18:46:51.354 28336  8970 I MicrophoneInputStream: mic_starting  SR : 16000 CC : 16 SO : 1999
03-24 18:46:51.357   788   788 V msm8974_platform: platform_check_input_mask: enter check_input_mask source 6 mask 10
03-24 18:46:51.358  1012  1558 I AudioFlinger: AudioFlinger's thread 0xb2483d40 tid=1558 ready to run
03-24 18:46:51.365   788   788 D audio_hw_primary: in_set_parameters: enter: kvpairs=input_source=6;routing=-2147483644
03-24 18:46:51.367  1012  8317 D APM_AudioPolicyManager: AudioPolicyManager::startInput() input 251934, session 252049, source = 1999
03-24 18:46:51.367 28336  8970 I MicrophoneInputStream: mic_started  SR : 16000 CC : 16 SO : 1999
03-24 18:46:51.369   788  1559 V msm8974_platform: platform_update_usecase_from_source: input source :6
03-24 18:46:51.369   788  1559 V msm8974_platform: platform_check_input_mask: enter check_input_mask source 6 mask 10
03-24 18:46:51.369   788  1559 V msm8974_platform: platform_get_input_snd_device: enter: out_device(0) in_device(0x4) channel_count (1) channel_mask (0x10)
03-24 18:46:51.369   788  1559 V msm8974_platform: platform_get_input_snd_device: exit: in_snd_device(voice-rec-mic)
03-24 18:46:51.369   788  1559 V msm8974_platform: platform_get_backend_index:napb: backend port - 5 device - 120 
03-24 18:46:51.369   788  1559 V msm8974_platform: platform_check_and_set_capture_backend_cfg:txbecf: afe: bitwidth 0, samplerate 0, channel 1, backend_idx 5 usecase = 9 device (voice-rec-mic)
03-24 18:46:51.369   788  1559 V msm8974_platform: platform_check_capture_backend_cfg:txbecf: afe: Codec selected backend: 5 current bit width: 0 and sample rate: 0, channels 1
03-24 18:46:51.369   788  1559 V msm8974_platform: platform_check_capture_backend_cfg:txbecf: afe: Codec selected backend: 5 updated bit width: 0 and sample rate: 0
03-24 18:46:51.369   788  1559 I msm8974_platform: platform_check_capture_backend_cfg:txbecf: afe: Codec backend needs to be updated. new bit width: 0 new sample rate: 0 new channel: 1
03-24 18:46:51.369   788  1559 V msm8974_platform: platform_get_backend_index:napb: backend port - 5 device - 120 
03-24 18:46:51.369   788  1559 V msm8974_platform: platform_set_backend_cfg:becf: afe: bitwidth 0, samplerate 0 channels 1, backend_idx 5 device (voice-rec-mic)
03-24 18:46:51.369   788  1559 E msm8974_platform: platform_set_backend_cfg:becf: afe: Could not get ctl for mixer command - SLIM_0_TX Format
03-24 18:46:51.369   788  1559 V msm8974_platform: platform_send_audio_calibration: sending audio calibration for snd_device(120) acdb_id(62)
03-24 18:46:51.369   788  1559 D ACDB-LOADER: ACDB -> send_audio_cal, acdb_id = 62, path = 1, app id = 0x11130, sample rate = 48000
03-24 18:46:51.369   788  1559 D ACDB-LOADER: ACDB -> send_asm_topology
03-24 18:46:51.369   788  1559 D ACDB-LOADER: ACDB -> ACDB_CMD_GET_AUDPROC_STREAM_TOPOLOGY_ID
03-24 18:46:51.369   788  1559 D ACDB-LOADER: ACDB -> send_adm_topology
03-24 18:46:51.369   788  1559 D ACDB-LOADER: ACDB -> ACDB_CMD_GET_AUDPROC_COMMON_TOPOLOGY_ID
03-24 18:46:51.370   788  1559 D ACDB-LOADER: ACDB -> send_audtable
03-24 18:46:51.370   788  1559 D ACDB-LOADER: ACDB -> ACDB_CMD_GET_AUDPROC_COMMON_TABLE_SIZE
03-24 18:46:51.370   788  1559 D ACDB-LOADER: ACDB -> ACDB_CMD_GET_AUDPROC_COMMON_TABLE
03-24 18:46:51.370   788  1559 D ACDB-LOADER: ACDB -> AUDIO_SET_AUDPROC_CAL
03-24 18:46:51.370   788  1559 D ACDB-LOADER: ACDB -> send_audvoltable
03-24 18:46:51.370   788  1559 D ACDB-LOADER: ACDB -> ACDB_CMD_GET_AUDPROC_VOL_STEP_TABLE_SIZE
03-24 18:46:51.370   788  1559 D ACDB-LOADER: ACDB -> ACDB_CMD_GET_AUDPROC_GAIN_DEP_STEP_TABLE, vol index 0
03-24 18:46:51.370   788  1559 D         : Failed to fetch the lookup information of the device 0000003E 
03-24 18:46:51.370   788  1559 D ACDB-LOADER: ACDB -> AUDIO_SET_VOL_CAL cal type = 12
03-24 18:46:51.370   788  1559 D ACDB-LOADER: ACDB -> ACDB_CMD_GET_AUDPROC_STREAM_TABLE_SIZE
03-24 18:46:51.370   788  1559 D ACDB-LOADER: ACDB -> send_audstrmtable
03-24 18:46:51.370   788  1559 D ACDB-LOADER: ACDB -> ACDB_CMD_GET_AUDPROC_STREAM_TABLE_V2
03-24 18:46:51.370   788  1559 D ACDB-LOADER: ACDB -> audstrm_cal->cal_type.cal_data.cal_size = 456
03-24 18:46:51.370   788  1559 D ACDB-LOADER: ACDB -> send_afe_topology
03-24 18:46:51.370   788  1559 D ACDB-LOADER: ACDB -> ACDB_CMD_GET_AFE_TOPOLOGY_ID
03-24 18:46:51.370   788  1559 D ACDB-LOADER: ACDB -> GET_AFE_TOPOLOGY_ID for adcd_id 62, Topology Id 112fb
03-24 18:46:51.370   788  1559 D ACDB-LOADER: ACDB -> send_afe_cal
03-24 18:46:51.370   788  1559 D ACDB-LOADER: ACDB -> ACDB_CMD_GET_AFE_COMMON_TABLE_SIZE
03-24 18:46:51.370   788  1559 D         : Failed to fetch the lookup information of the device 0000003E 
03-24 18:46:51.370   788  1559 E ACDB-LOADER: Error: ACDB_CMD_GET_AFE_COMMON_TABLE_SIZE Returned = -19
03-24 18:46:51.370   788  1559 D ACDB-LOADER: ACDB -> ACDB_CMD_GET_AFE_COMMON_TABLE
03-24 18:46:51.370   788  1559 D         : Failed to fetch the lookup information of the device 0000003E 
03-24 18:46:51.370   788  1559 D ACDB-LOADER: ACDB -> AUDIO_SET_AFE_CAL
03-24 18:46:51.370   788  1559 D ACDB-LOADER: ACDB -> send_hw_delay : acdb_id = 62 path = 1
03-24 18:46:51.370   788  1559 D ACDB-LOADER: ACDB -> ACDB_AVSYNC_INFO: ACDB_CMD_GET_DEVICE_PROPERTY
03-24 18:46:51.370   788  1559 D audio_hw_primary: enable_snd_device: snd_device(120: voice-rec-mic)
03-24 18:46:51.370   788  1559 D audio_route: Apply path: voice-rec-mic
03-24 18:46:51.373   788  1559 V msm8974_platform: platform_get_snd_device_backend_index: enter with device 120
03-24 18:46:51.373   788  1559 E msm8974_platform: platform_get_snd_device_backend_index: BE DAI Name Table is not present
03-24 18:46:51.373   788  1559 V msm8974_platform: platform_get_backend_index:napb: backend port - 5 device - 120 
03-24 18:46:51.373   788  1559 I audio_hw_utils: Set Audio Stream Capture 0 App Type Cfg: app_type 69936, acdb_dev_id 62, sample_rate 48000, snd_device_be_idx -14
03-24 18:46:51.373   788  1559 D audio_hw_primary: enable_audio_route: usecase(9) apply and update mixer path: audio-record
03-24 18:46:51.373   788  1559 D audio_route: Apply path: audio-record
03-24 18:46:51.442 28336 28379 I MicroDetectionWorker: onReady
03-24 18:46:51.751  1456  7796 I OpenGLRenderer: Initialized EGL, version 1.4
03-24 18:46:51.751  1456  7796 D OpenGLRenderer: Swap behavior 2
03-24 18:46:51.769   808   808 I SFPerfTracer:      triggers: (rate: 72:2013339) (compose: 0:7) (post: 0:19) (render: 0:17) (12:9828784 frames) (13:12167850)
03-24 18:46:51.769   808   808 D SFPerfTracer:        layers: (4:13) (NavigationBar#0 (0xb07df000): 0:855074) (StatusBar#0 (0xb07e3000): 0:2052687) (com.android.systemui.ImageWallpaper#0 (0xb07e7000): 0:78368) (Sprite#0 (0xb0733000): 0:317)* (DimLayerController/Stack=0#0 (0xb075a000): 0:3780)* (Sprite#1 (0xb077c000): 0:195)* (com.android.launcher3/com.android.launcher3.CustomizationPanelLauncher#0 (0xb0763000): 0:40)- (com.android.launcher3/com.android.launcher3.CustomizationPanelLauncher#1 (0xb0771000): 0:9)- (org.mozilla.fennec_aurora/org.mozilla.fenix.IntentReceiverActivity#0 (0xb039b000): 0:4)- (Splash Screen org.mozilla.fennec_aurora#0 (0xb013a000): 0:30)- (org.mozilla.fennec_aurora/org.mozilla.fenix.HomeActivity#0 (0xaff9a000): 12:59)* (com.android.launcher3/com.android.launcher3.CustomizationPanelLauncher#0 (0xb0763000): 13:30)* (com.android.launcher3/com.android.launcher3.CustomizationPanelLauncher#1 (0xb0771000): 1:5) 
03-24 18:46:51.782  2748  2917 W OpenGLRenderer: Incorrectly called buildLayer on View: ShortcutAndWidgetContainer, destroying layer...
03-24 18:46:51.890   982   982 D GeckoRuntime: Lifecycle: onPause
03-24 18:46:51.890   982   982 D GeckoNetworkManager: Incoming event stop for state OnWithListeners -> OffWithListeners
03-24 18:46:51.891   982   982 I SessionStorage/AutoSave: Save: Background
03-24 18:46:51.897   982  1041 I libglean_ffi: glean_core::ping: Collecting baseline
03-24 18:46:51.897   982  1410 D SessionStorage/AutoSave: Saved state to disk [5ms]
03-24 18:46:51.903   982  1041 D libglean_ffi: glean_core::ping: Storing ping 'f628ea70-dc35-4859-9316-e0509f092372' at '/data/user/0/org.mozilla.fennec_aurora/glean_data/pending_pings/f628ea70-dc35-4859-9316-e0509f092372'
03-24 18:46:51.904   982  1041 I libglean_ffi: glean_core: The ping 'baseline' was submitted and will be sent as soon as possible
03-24 18:46:51.906   982  1041 I libglean_ffi: glean_core::ping: Collecting events
03-24 18:46:51.911   982  1041 D libglean_ffi: glean_core::ping: Storing ping 'e2e66a6c-9130-4601-8a2f-dde926a71ced' at '/data/user/0/org.mozilla.fennec_aurora/glean_data/pending_pings/e2e66a6c-9130-4601-8a2f-dde926a71ced'
03-24 18:46:51.911   982  1041 I libglean_ffi: glean_core: The ping 'events' was submitted and will be sent as soon as possible
03-24 18:46:51.928   808   898 I SFPerfTracer:      triggers: (rate: 0:1) (0 sw vsyncs) (0 skipped) (37:5763507 vsyncs) (39:12255588)
03-24 18:46:52.102  1456  1466 I zygote  : NativeAlloc concurrent copying GC freed 66799(3MB) AllocSpace objects, 22(884KB) LOS objects, 37% free, 40MB/64MB, paused 150us total 351.057ms
03-24 18:46:54.575  1456  1601 I ActivityManager: Start proc 1565:com.google.android.ims/u0a18 for service com.google.android.ims/.services.RcsService
03-24 18:46:54.764  1456  5027 I ActivityManager: Start proc 1586:com.google.process.gservices/u0a36 for content provider com.google.android.gsf/.gservices.GservicesProvider
03-24 18:46:54.822  1586  1586 I zygote  : The ClassLoaderContext is a special shared library.
03-24 18:46:54.846  1586  1586 I GservicesProvider: Gservices pushing to system: true; secure/global: true
03-24 18:46:55.135  1565  1565 I CarrierServices: [2] cne.<init>: Initializing SimStateTracker with multi-sim support
03-24 18:46:55.136  1565  1565 I CarrierServices: [2] cnl.<init>: Initializing SimStateTracker for single-sim device
03-24 18:46:55.137  1565  1565 I CarrierServices: [2] bsr.b: Reinitialize CSLib Flags: com.google.android.ims.library
03-24 18:46:55.232  1565  1565 I CarrierServices: [2] CarrierServicesReleaseApp.a: Initializing CarrierServices application.
03-24 18:46:55.233  1565  1565 I CarrierServices: [2] awu.a: Initializing VoiceLibrary.
03-24 18:46:55.234  1565  1565 I CarrierServices: [2] auv.a: Initializing Carrier Services Library.
03-24 18:46:55.234  1565  1565 I CarrierServices: [2] bsr.b: Reinitialize CSLib Flags: com.google.android.ims.library
03-24 18:46:55.291  1565  1565 I CarrierServices: [2] auv.c: Initializing Carrier Services Logging.
03-24 18:46:55.309  1565  1565 I cvu     : LogSaver new instance with filename: carrier_services
03-24 18:46:55.344  1565  1565 I CarrierServices: [2] cak.a: Using AndroidNetworkFactory
03-24 18:46:55.350  1565  1565 I CarrierServices: [2] auv.c: Initializing Carrier Services Logging.
03-24 18:46:55.358  1565  1565 D CarrierServices: log_saver already enabled
03-24 18:46:55.360  1565  1614 I Bugle   : GServicesValues:
03-24 18:46:55.360  1565  1614 I Bugle   : bugle_enable_primes_crash_metrics: true
03-24 18:46:55.360  1565  1614 I Bugle   : bugle_enable_wap_push_si: true
03-24 18:46:55.360  1565  1614 I Bugle   : bugle_max_telemetry_upload_retries: 10
03-24 18:46:55.360  1565  1614 I Bugle   : bugle_sticker_set_list_version: 3
03-24 18:46:55.361  1565  1614 W Bugle   : Exception in SafeAsyncRunnable
03-24 18:46:55.363  1565  1614 W Bugle   : java.lang.IllegalStateException: Given application context does not implement ComponentManager: class com.google.android.ims.CarrierServicesReleaseApp
03-24 18:46:55.363  1565  1614 W Bugle   : 	at eie.a(SourceFile:5)
03-24 18:46:55.363  1565  1614 W Bugle   : 	at sg.run(SourceFile:9)
03-24 18:46:55.363  1565  1614 W Bugle   : 	at java.util.concurrent.ThreadPoolExecutor.runWorker(ThreadPoolExecutor.java:1162)
03-24 18:46:55.363  1565  1614 W Bugle   : 	at java.util.concurrent.ThreadPoolExecutor$Worker.run(ThreadPoolExecutor.java:636)
03-24 18:46:55.363  1565  1614 W Bugle   : 	at java.lang.Thread.run(Thread.java:764)
03-24 18:46:55.365  1456  4797 D ConnectivityService: requestNetwork for uid/pid:10018/1565 NetworkRequest [ TRACK_DEFAULT id=34128, [ Capabilities: INTERNET&NOT_RESTRICTED&TRUSTED&NOT_VPN] ]
03-24 18:46:55.367  1456  2099 D Ethernet: got request NetworkRequest [ TRACK_DEFAULT id=34128, [ Capabilities: INTERNET&NOT_RESTRICTED&TRUSTED&NOT_VPN] ] with score 0
03-24 18:46:55.367  1456  2054 D WIFI_UT : got request NetworkRequest [ TRACK_DEFAULT id=34128, [ Capabilities: INTERNET&NOT_RESTRICTED&TRUSTED&NOT_VPN] ] with score 0
03-24 18:46:55.367  1456  2054 D WIFI    : got request NetworkRequest [ TRACK_DEFAULT id=34128, [ Capabilities: INTERNET&NOT_RESTRICTED&TRUSTED&NOT_VPN] ] with score 0
03-24 18:46:55.367  2398  2398 D PhoneSwitcherNetworkRequstListener: got request NetworkRequest [ TRACK_DEFAULT id=34128, [ Capabilities: INTERNET&NOT_RESTRICTED&TRUSTED&NOT_VPN] ] with score 0
03-24 18:46:55.375  1565  1565 I CarrierServices: [2] cwk.e: Carrier Services GServices flags:
03-24 18:46:55.375  1565  1565 I CarrierServices:    carrier_services_security_flags_ec_api_white_listed_packages: com.google.android.apps.messaging,com.google.android.dialer,com.google.android.ims.client.sampleapp,com.android.contacts,com.lge.rcscall,com.android.incallui,com.huawei.incallui.appfeature.rcsfeature
03-24 18:46:55.375  1565  1565 I CarrierServices:    carrier_services_security_flags_ec_api_white_listed_signatures: B28C3EDB665DF32686224DF800F603E9959BBE4E,0980A12BE993528C19107BC21AD811478C63CEFC,B38FA7B5ECFAEC44620A020752B07E063B3120A8,203997BC46B8792DC9747ABD230569071F9A0439,EDA6413C3E3A95492114FE07CD953AD897E40D1A,760EBB9F4200B3DFB1B817B40FF0563A3C150D39,5B368CFF2DA2686996BC95EAC190EAA4F5630FE5,01D845B26B688D8EF647205A5944E9407E52E06E,27196E386B875E76ADF700E7EA84E4C6EEE33DFA,1CDD04F1E4A732BB0352FDFAEE26D2315526DF85,025D5212BF3B5F5CDA6117A518721D70A94D84E0
03-24 18:46:55.375  1565  1565 I CarrierServices:    carrier_services_security_flags_test_service_white_listed_packages: com.google.android.ims.mobly.snippets
03-24 18:46:55.375  1565  1565 I CarrierServices:    carrier_services_security_flags_test_service_white_listed_signatures: AE41481F52E0F58DF2806D5A38EB3DBCA5AE02B0,E165542B31953CC282AA4EF2F4D5F07F7663A2A2
03-24 18:46:55.375  1565  1565 I CarrierServices:    carrier_services_security_flags_white_listed_packages: com.google.android.apps.messaging,com.google.android.dialer,com.google.android.ims.client.sampleapp,com.android.contacts,com.lge.rcscall,com.android.incallui,com.huawei.incallui.appfeature.rcsfeature
03-24 18:46:55.375  1565  1565 I CarrierServices:    carrier_services_security_flags_white_listed_signatures: B28C3EDB665DF32686224DF800F603E9959BBE4E,0980A12BE993528C19107BC21AD811478C63CEFC,B38FA7B5ECFAEC44620A020752B07E063B3120A8,203997BC46B8792DC9747ABD230569071F9A0439,EDA6413C3E3A95492114FE07CD953AD897E40D1A,760EBB9F4200B3DFB1B817B40FF0563A3C150D39,5B368CFF2DA2686996BC95EAC190EAA4F5630FE5,01D845B26B688D8EF647205A5944E9407E52E06E,27196E386B875E76ADF700E7EA84E4C6EEE33DFA,1CDD04F1E4A732BB0352FDFAEE26D2315526DF85,025D5212BF3B5F5CDA6117A518721D70A94D84E0
03-24 18:46:55.375  1565  1565 I CarrierServices:    carrier_services_video_share_disabled_user_agent_substrings: SM-G930,SM-G935,SM-A320
03-24 18:46:55.375  1565  1565 I CarrierServices: ====================
03-24 18:46:55.377  1565  1565 I CarrierServices: [2] cne.a: register Carrier Config Changed event
03-24 18:46:55.390  1565  1616 I zygote  : Deoptimizing java.lang.String cvt.f(cvt$a, java.lang.String, java.lang.Object[]) due to JIT inline cache
03-24 18:46:55.391  1565  1616 I CarrierServices: [434091] cnh.b: do not delay first event
03-24 18:46:55.407  1565  1565 I CarrierServices: [2] awu.a: ServiceState receiver registered
03-24 18:46:55.411  1565  1616 E CarrierServices: [434091] cne.m: Default SIM info not updated.
03-24 18:46:55.411  1565  1616 I CarrierServices: [434091] cne.m: Processing an intent
03-24 18:46:55.418  1565  1616 I CarrierServices: [434091] cne.a: SIM state ABSENT
03-24 18:46:55.444  1565  1616 I CarrierServices: [434091] cne.a: Broadcasting Intent { act=com.google.android.ims.SIM_ABSENT }
03-24 18:46:55.496  1565  1565 W CarrierServices: [2] csw.a: Returning false. READ_PHONE_STATE or READ_PRIVILEGED_PHONE_STATE not granted.
03-24 18:46:55.540  1565  1565 I RcsProvisioning: Failed to read config: no config found /data/user/0/com.google.android.ims/files/hvconfig (No such file or directory)
03-24 18:46:55.671  1565  1565 W CarrierServices: [2] csw.a: Returning false. READ_PHONE_STATE or READ_PRIVILEGED_PHONE_STATE not granted.
03-24 18:46:55.693  1565  1565 I CarrierServices: [2] bcz.a: Clearing indexes: [] from call history.
03-24 18:46:55.715  1565  1565 I CarrierServices: [2] crf.a: Spam module disabled in spam config
03-24 18:46:55.716  1565  1565 I CarrierServices: [2] awu.a: Updating spam list sync setting, is spam module enable: false
03-24 18:46:55.734  1565  1565 I CarrierServices: [2] awu.a: Initializing MMTel
03-24 18:46:55.749  1565  1565 I CarrierServices: [2] cuv.a: CarrierServices.apk is not sim call manager. Not enabling MMTel.
03-24 18:46:55.750  1565  1565 I CarrierServices: [2] ProvisioningService.a: Should not enable MMTel. Not scheduling provisioning.
03-24 18:46:55.758  1565  1634 I CarrierServices: [434102] bcx.handleMessage: VoiceService triggered, starting call engine due to: app_start
03-24 18:46:55.775  1565  1634 I CarrierServices: [434102] avl.<init>: (MMTel): : IMS module has been created
03-24 18:46:55.776  1565  1565 I CarrierServices: [2] brd.a: Migration binding to RcsMigrationService
03-24 18:46:55.780  1565  1634 I CarrierServices: [434102] bcn.e: Using ScoreNetworkSelector as network selector
03-24 18:46:55.799  1456  4797 I ActivityManager: Start proc 1637:com.google.android.apps.messaging/u0a110 for service com.google.android.apps.messaging/.rcsmigration.RcsMigrationService
03-24 18:46:55.821  1565  1565 I CarrierServices: [2] RcsService.b: Initializing RcsService.
03-24 18:46:55.822  1565  1565 I CarrierServices: [2] bml.a: Creating JibeServiceComponent
03-24 18:46:55.861  1565  1565 I CarrierServices: [2] awg.<init>: RcsEngine: Constructor running in com.google.android.ims
03-24 18:46:55.862  1565  1565 I CarrierServices: [2] bml.b: Destroying ProvisioningEngineComponent
03-24 18:46:55.863  1565  1565 I CarrierServices: [2] awg.<init>: Initialize Provisioning Engine V2
03-24 18:46:55.867  1565  1634 I CarrierServices: [434102] bcn.p: Listen to connectivity data change
03-24 18:46:55.873  1565  1634 I CarrierServices: [434102] cuv.a: CarrierServices.apk is not sim call manager. Not enabling MMTel.
03-24 18:46:55.875  1565  1634 I CarrierServices: [434102] bcn.f: Should not enable MMTel, not starting CallEngine.
03-24 18:46:55.875  1565  1634 I CarrierServices: [434102] bcx.handleMessage: Uninitialized stopSelf.
03-24 18:46:55.880  1565  1565 I CarrierServices: [2] cdc.a: Sending ProvisioningEvent to Bugle [Enable PEv2 (17)], null
03-24 18:46:55.890  1565  1565 I CarrierServices: [2] bml.a: Creating ProvisioningEngineComponent
03-24 18:46:55.909  1565  1635 I org.webrtc.Logging: NativeLibrary: Loading native library: jingle_peerconnection_so
03-24 18:46:55.909  1565  1635 I org.webrtc.Logging: NativeLibrary: Loading library: jingle_peerconnection_so
03-24 18:46:55.924  1565  1565 I CarrierServices: [2] cfh.a: Created new ProtoDataStore for sim 
03-24 18:46:55.944  1456  2916 W ActivityManager: Unable to start service Intent { act=com.google.android.ims.SIM_ABSENT cmp=com.google.android.ims/cpp } U=0: not found
03-24 18:46:55.954  1565  1635 I org.webrtc.Logging: PeerConnectionFactory: PeerConnectionFactory was initialized without an injected Loggable. Any existing Loggable will be deleted.
03-24 18:46:55.955  1565  1565 E CarrierServices: [2] cne.m: Default SIM info not updated.
03-24 18:46:55.955  1565  1565 I CarrierServices: [2] cne.m: Processing an intent
03-24 18:46:55.956  1565  1635 I CarrierServices: [434103] daw.a: encryption disabled? false
03-24 18:46:55.957  1565  1635 I CarrierServices: [434103] daw.a: network ignore mask: 56
03-24 18:46:55.959  1565  1565 I CarrierServices: [2] cne.a: Ignoring duplicate SIM state: ABSENT
03-24 18:46:55.960  1565  1565 I CarrierServices: [2] bsr.b: Reinitialize CSLib Flags: com.google.android.ims.library
03-24 18:46:55.961  1565  1565 I CarrierServices: [2] cne.a: register Carrier Config Changed event
03-24 18:46:55.972  1565  1616 I CarrierServices: [434091] cnh.b: SIM delay is not enabled
03-24 18:46:55.981  1565  1635 I WebRtcAudioManagerExternal: [000:000] [1635] Sample rate is set to 48000 Hz
03-24 18:46:55.982  1565  1635 I WebRtcAudioManagerExternal: [000:001] [1635] Sample rate is set to 48000 Hz
03-24 18:46:55.983  1565  1635 I JavaAudioDeviceModule: [000:002] [1635] createAudioDeviceModule
03-24 18:46:55.983  1565  1635 I JavaAudioDeviceModule: [000:002] [1635] HW NS will be used.
03-24 18:46:55.984  1565  1635 I JavaAudioDeviceModule: [000:003] [1635] HW AEC will be used.
03-24 18:46:55.985  1565  1635 I WebRtcAudioEffectsExternal: [000:004] [1635] ctor@[name=webrtc-thread, id=434103]
03-24 18:46:55.985  1565  1658 I CarrierServices: [434109] csz.c: No active subscription, returning false.
03-24 18:46:55.985  1565  1616 E CarrierServices: [434091] cne.m: Default SIM info not updated.
03-24 18:46:55.986  1565  1616 I CarrierServices: [434091] cne.m: Processing an intent
03-24 18:46:55.986  1565  1635 I WebRtcAudioRecordExternal: [000:005] [1635] ctor@[name=webrtc-thread, id=434103]
03-24 18:46:55.988  1565  1635 I WebRtcAudioTrackExternal: [000:007] [1635] ctor@[name=webrtc-thread, id=434103]
03-24 18:46:55.990  1565  1616 I CarrierServices: [434091] cne.a: Ignoring duplicate SIM state: ABSENT
03-24 18:46:55.991  1565  1664 I CarrierServices: [434114] cej.a: (PEv2-SM): Enter EnabledState
03-24 18:46:55.991  1565  1565 I CarrierServices: [2] cdc.a: Sending ProvisioningEvent to Bugle [Request Bugle information (15)], null
03-24 18:46:56.005  1565  1635 I audio_record_jni.cc: [000:024] [1635] (line 71): ctor
03-24 18:46:56.005  1565  1635 I audio_track_jni.cc: [000:024] [1635] (line 46): ctor
03-24 18:46:56.006  1565  1635 I audio_device_module.cc: [000:025] [1635] (line 658): CreateAudioDeviceModuleFromInputAndOutput
03-24 18:46:56.006  1565  1635 I audio_device_module.cc: [000:025] [1635] (line 73): AndroidAudioDeviceModule
03-24 18:46:56.006  1565  1635 I default_audio_processing_jni.cc: [000:025] [1635] (line 43): APM: Capture post-processing: None.
03-24 18:46:56.006  1565  1635 I default_audio_processing_jni.cc: [000:025] [1635] (line 52): APM: Render pre-processing: None.
03-24 18:46:56.006  1565  1635 I default_audio_processing_jni.cc: [000:025] [1635] (line 63): APM: Echo controller: None.
03-24 18:46:56.006  1565  1635 I default_audio_processing_jni.cc: [000:025] [1635] (line 73): APM: Echo detector v2: None.
03-24 18:46:56.018  1565  1635 I audio_processing_impl.cc: [000:037] [1635] (line 436): Capture analyzer activated: 0
03-24 18:46:56.018  1565  1635 I audio_processing_impl.cc: Capture post processor activated: 0
03-24 18:46:56.018  1565  1635 I audio_processing_impl.cc: Render pre processor activated: 0
03-24 18:46:56.018  1565  1657 W CarrierServices: [434107] bvw.C: No config URL. RCS will be disabled!
03-24 18:46:56.021  1565  1635 I default_audio_processing_jni.cc: [000:040] [1635] (line 93): APM: Adaptive Gain Controller 2: None.
03-24 18:46:56.023  1565  1565 W CarrierServices: [2] cne.b: Unexpected action: android.telephony.action.DEFAULT_SUBSCRIPTION_CHANGED
03-24 18:46:56.024  1565  1635 I webrtc_voice_engine.cc: [000:043] [1635] (line 207): WebRtcVoiceEngine::WebRtcVoiceEngine
03-24 18:46:56.024  1565  1635 I webrtc_video_engine.cc: [000:043] [1635] (line 509): WebRtcVideoEngine::WebRtcVideoEngine()
03-24 18:46:56.024  1565  1664 I CarrierServices: [434114] cev.a: RcsAvailabilityManager: Calculating Rcs Availability
03-24 18:46:56.029  1565  1565 I CarrierServices: [2] cnv.onReceive: Received SERVICE_STATE intent, clearing cached cell info
03-24 18:46:56.031  1637  1637 I zygote  : Rejecting re-init on previously-failed class java.lang.Class<duc>: java.lang.NoClassDefFoundError: Failed resolution of: Landroid/os/StrictMode$OnThreadViolationListener;
03-24 18:46:56.031  1637  1637 I zygote  :   at java.lang.Object java.lang.Class.newInstance() (Class.java:-2)
03-24 18:46:56.031  1637  1637 I zygote  :   at android.app.Application android.app.Instrumentation.newApplication(java.lang.Class, android.content.Context) (Instrumentation.java:1124)
03-24 18:46:56.031  1637  1637 I zygote  :   at android.app.Application android.app.Instrumentation.newApplication(java.lang.ClassLoader, java.lang.String, android.content.Context) (Instrumentation.java:1109)
03-24 18:46:56.031  1637  1637 I zygote  :   at android.app.Application android.app.LoadedApk.makeApplication(boolean, android.app.Instrumentation) (LoadedApk.java:992)
03-24 18:46:56.031  1637  1637 I zygote  :   at void android.app.ActivityThread.handleBindApplication(android.app.ActivityThread$AppBindData) (ActivityThread.java:5829)
03-24 18:46:56.031  1637  1637 I zygote  :   at void android.app.ActivityThread.-wrap1(android.app.ActivityThread, android.app.ActivityThread$AppBindData) (ActivityThread.java:-1)
03-24 18:46:56.031  1637  1637 I zygote  :   at void android.app.ActivityThread$H.handleMessage(android.os.Message) (ActivityThread.java:1697)
03-24 18:46:56.031  1637  1637 I zygote  :   at void android.os.Handler.dispatchMessage(android.os.Message) (Handler.java:106)
03-24 18:46:56.031  1637  1637 I zygote  :   at void android.os.Looper.loop() (Looper.java:164)
03-24 18:46:56.031  1637  1637 I zygote  :   at void android.app.ActivityThread.main(java.lang.String[]) (ActivityThread.java:6626)
03-24 18:46:56.031  1637  1637 I zygote  :   at java.lang.Object java.lang.reflect.Method.invoke(java.lang.Object, java.lang.Object[]) (Method.java:-2)
03-24 18:46:56.031  1637  1637 I zygote  :   at void com.android.internal.os.RuntimeInit$MethodAndArgsCaller.run() (RuntimeInit.java:438)
03-24 18:46:56.031  1637  1637 I zygote  :   at void com.android.internal.os.ZygoteInit.main(java.lang.String[]) (ZygoteInit.java:811)
03-24 18:46:56.031  1637  1637 I zygote  : Caused by: java.lang.ClassNotFoundException: Didn't find class "android.os.StrictMode$OnThreadViolationListener" on path: DexPathList[[zip file "/data/app/com.google.android.apps.messaging-7zntnbL8MJstv6w64cqT8A==/base.apk"],nativeLibraryDirectories=[/data/app/com.google.android.apps.messaging-7zntnbL8MJstv6w64cqT8A==/lib/arm, /data/app/com.google.android.apps.messaging-7zntnbL8MJstv6w64cqT8A==/base.apk!/lib/armeabi-v7a, /system/lib, /system/vendor/lib]]
03-24 18:46:56.031  1637  1637 I zygote  :   at java.lang.Class dalvik.system.BaseDexClassLoader.findClass(java.lang.String) (BaseDexClassLoader.java:125)
03-24 18:46:56.031  1637  1637 I zygote  :   at java.lang.Class java.lang.ClassLoader.loadClass(java.lang.String, boolean) (ClassLoader.java:379)
03-24 18:46:56.031  1637  1637 I zygote  :   at java.lang.Class java.lang.ClassLoader.loadClass(java.lang.String) (ClassLoader.java:312)
03-24 18:46:56.031  1637  1637 I zygote  :   at java.lang.Object java.lang.Class.newInstance() (Class.java:-2)
03-24 18:46:56.031  1637  1637 I zygote  :   at android.app.Application android.app.Instrumentation.newApplication(java.lang.Class, android.content.Context) (Instrumentation.java:1124)
03-24 18:46:56.031  1637  1637 I zygote  :   at android.app.Application android.app.Instrumentation.newApplication(java.lang.ClassLoader, java.lang.String, android.content.Context) (Instrumentation.java:1109)
03-24 18:46:56.031  1637  1637 I zygote  :   at android.app.Application android.app.LoadedApk.makeApplication(boolean, android.app.Instrumentation) (LoadedApk.java:992)
03-24 18:46:56.031  1637  1637 I zygote  :   at void android.app.ActivityThread.handleBindApplication(android.app.ActivityThread$AppBindData) (ActivityThread.java:5829)
03-24 18:46:56.031  1637  1637 I zygote  :   at void android.app.ActivityThread.-wrap1(android.app.ActivityThread, android.app.ActivityThread$AppBindData) (ActivityThread.java:-1)
03-24 18:46:56.031  1637  1637 I zygote  :   at void android.app.ActivityThread$H.handleMessage(android.os.Message) (ActivityThread.java:1697)
03-24 18:46:56.031  1637  1637 I zygote  :   at void android.os.Handler.dispatchMessage(android.os.Message) (Handler.java:106)
03-24 18:46:56.031  1637  1637 I zygote  :   at void android.os.Looper.loop() (Looper.java:164)
03-24 18:46:56.031  1637  1637 I zygote  :   at void android.app.ActivityThread.main(java.lang.String[]) (ActivityThread.java:6626)
03-24 18:46:56.031  1637  1637 I zygote  :   at java.lang.Object java.lang.reflect.Method.invoke(java.lang.Object, java.lang.Object[]) (Method.java:-2)
03-24 18:46:56.031  1637  1637 I zygote  :   at void com.android.internal.os.RuntimeInit$MethodAndArgsCaller.run() (RuntimeInit.java:438)
03-24 18:46:56.031  1637  1637 I zygote  :   at void com.android.internal.os.ZygoteInit.main(java.lang.String[]) (ZygoteInit.java:811)
03-24 18:46:56.032  1637  1637 I zygote  : 
03-24 18:46:56.033  1637  1637 I zygote  : Rejecting re-init on previously-failed class java.lang.Class<duc>: java.lang.NoClassDefFoundError: Failed resolution of: Landroid/os/StrictMode$OnThreadViolationListener;
03-24 18:46:56.033  1637  1637 I zygote  :   at java.lang.Object java.lang.Class.newInstance() (Class.java:-2)
03-24 18:46:56.033  1637  1637 I zygote  :   at android.app.Application android.app.Instrumentation.newApplication(java.lang.Class, android.content.Context) (Instrumentation.java:1124)
03-24 18:46:56.033  1637  1637 I zygote  :   at android.app.Application android.app.Instrumentation.newApplication(java.lang.ClassLoader, java.lang.String, android.content.Context) (Instrumentation.java:1109)
03-24 18:46:56.033  1637  1637 I zygote  :   at android.app.Application android.app.LoadedApk.makeApplication(boolean, android.app.Instrumentation) (LoadedApk.java:992)
03-24 18:46:56.033  1637  1637 I zygote  :   at void android.app.ActivityThread.handleBindApplication(android.app.ActivityThread$AppBindData) (ActivityThread.java:5829)
03-24 18:46:56.033  1637  1637 I zygote  :   at void android.app.ActivityThread.-wrap1(android.app.ActivityThread, android.app.ActivityThread$AppBindData) (ActivityThread.java:-1)
03-24 18:46:56.033  1637  1637 I zygote  :   at void android.app.ActivityThread$H.handleMessage(android.os.Message) (ActivityThread.java:1697)
03-24 18:46:56.033  1637  1637 I zygote  :   at void android.os.Handler.dispatchMessage(android.os.Message) (Handler.java:106)
03-24 18:46:56.033  1637  1637 I zygote  :   at void android.os.Looper.loop() (Looper.java:164)
03-24 18:46:56.033  1637  1637 I zygote  :   at void android.app.ActivityThread.main(java.lang.String[]) (ActivityThread.java:6626)
03-24 18:46:56.033  1637  1637 I zygote  :   at java.lang.Object java.lang.reflect.Method.invoke(java.lang.Object, java.lang.Object[]) (Method.java:-2)
03-24 18:46:56.033  1637  1637 I zygote  :   at void com.android.internal.os.RuntimeInit$MethodAndArgsCaller.run() (RuntimeInit.java:438)
03-24 18:46:56.033  1637  1637 I zygote  :   at void com.android.internal.os.ZygoteInit.main(java.lang.String[]) (ZygoteInit.java:811)
03-24 18:46:56.033  1637  1637 I zygote  : Caused by: java.lang.ClassNotFoundException: Didn't find class "android.os.StrictMode$OnThreadViolationListener" on path: DexPathList[[zip file "/data/app/com.google.android.apps.messaging-7zntnbL8MJstv6w64cqT8A==/base.apk"],nativeLibraryDirectories=[/data/app/com.google.android.apps.messaging-7zntnbL8MJstv6w64cqT8A==/lib/arm, /data/app/com.google.android.apps.messaging-7zntnbL8MJstv6w64cqT8A==/base.apk!/lib/armeabi-v7a, /system/lib, /system/vendor/lib]]
03-24 18:46:56.033  1637  1637 I zygote  :   at java.lang.Class dalvik.system.BaseDexClassLoader.findClass(java.lang.String) (BaseDexClassLoader.java:125)
03-24 18:46:56.033  1637  1637 I zygote  :   at java.lang.Class java.lang.ClassLoader.loadClass(java.lang.String, boolean) (ClassLoader.java:379)
03-24 18:46:56.033  1637  1637 I zygote  :   at java.lang.Class java.lang.ClassLoader.loadClass(java.lang.String) (ClassLoader.java:312)
03-24 18:46:56.033  1637  1637 I zygote  :   at java.lang.Object java.lang.Class.newInstance() (Class.java:-2)
03-24 18:46:56.034  1637  1637 I zygote  :   at android.app.Application android.app.Instrumentation.newApplication(java.lang.Class, android.content.Context) (Instrumentation.java:1124)
03-24 18:46:56.034  1637  1637 I zygote  :   at android.app.Application android.app.Instrumentation.newApplication(java.lang.ClassLoader, java.lang.String, android.content.Context) (Instrumentation.java:1109)
03-24 18:46:56.034  1637  1637 I zygote  :   at android.app.Application android.app.LoadedApk.makeApplication(boolean, android.app.Instrumentation) (LoadedApk.java:992)
03-24 18:46:56.034  1637  1637 I zygote  :   at void android.app.ActivityThread.handleBindApplication(android.app.ActivityThread$AppBindData) (ActivityThread.java:5829)
03-24 18:46:56.034  1637  1637 I zygote  :   at void android.app.ActivityThread.-wrap1(android.app.ActivityThread, android.app.ActivityThread$AppBindData) (ActivityThread.java:-1)
03-24 18:46:56.034  1637  1637 I zygote  :   at void android.app.ActivityThread$H.handleMessage(android.os.Message) (ActivityThread.java:1697)
03-24 18:46:56.034  1637  1637 I zygote  :   at void android.os.Handler.dispatchMessage(android.os.Message) (Handler.java:106)
03-24 18:46:56.034  1637  1637 I zygote  :   at void android.os.Looper.loop() (Looper.java:164)
03-24 18:46:56.034  1637  1637 I zygote  :   at void android.app.ActivityThread.main(java.lang.String[]) (ActivityThread.java:6626)
03-24 18:46:56.034  1637  1637 I zygote  :   at java.lang.Object java.lang.reflect.Method.invoke(java.lang.Object, java.lang.Object[]) (Method.java:-2)
03-24 18:46:56.034  1637  1637 I zygote  :   at void com.android.internal.os.RuntimeInit$MethodAndArgsCaller.run() (RuntimeInit.java:438)
03-24 18:46:56.034  1637  1637 I zygote  :   at void com.android.internal.os.ZygoteInit.main(java.lang.String[]) (ZygoteInit.java:811)
03-24 18:46:56.034  1637  1637 I zygote  : 
03-24 18:46:56.035  1637  1637 I zygote  : Rejecting re-init on previously-failed class java.lang.Class<duc>: java.lang.NoClassDefFoundError: Failed resolution of: Landroid/os/StrictMode$OnThreadViolationListener;
03-24 18:46:56.035  1637  1637 I zygote  :   at java.lang.Object java.lang.Class.newInstance() (Class.java:-2)
03-24 18:46:56.035  1637  1637 I zygote  :   at android.app.Application android.app.Instrumentation.newApplication(java.lang.Class, android.content.Context) (Instrumentation.java:1124)
03-24 18:46:56.035  1637  1637 I zygote  :   at android.app.Application android.app.Instrumentation.newApplication(java.lang.ClassLoader, java.lang.String, android.content.Context) (Instrumentation.java:1109)
03-24 18:46:56.035  1637  1637 I zygote  :   at android.app.Application android.app.LoadedApk.makeApplication(boolean, android.app.Instrumentation) (LoadedApk.java:992)
03-24 18:46:56.035  1637  1637 I zygote  :   at void android.app.ActivityThread.handleBindApplication(android.app.ActivityThread$AppBindData) (ActivityThread.java:5829)
03-24 18:46:56.035  1637  1637 I zygote  :   at void android.app.ActivityThread.-wrap1(android.app.ActivityThread, android.app.ActivityThread$AppBindData) (ActivityThread.java:-1)
03-24 18:46:56.035  1637  1637 I zygote  :   at void android.app.ActivityThread$H.handleMessage(android.os.Message) (ActivityThread.java:1697)
03-24 18:46:56.035  1637  1637 I zygote  :   at void android.os.Handler.dispatchMessage(android.os.Message) (Handler.java:106)
03-24 18:46:56.035  1637  1637 I zygote  :   at void android.os.Looper.loop() (Looper.java:164)
03-24 18:46:56.035  1637  1637 I zygote  :   at void android.app.ActivityThread.main(java.lang.String[]) (ActivityThread.java:6626)
03-24 18:46:56.035  1637  1637 I zygote  :   at java.lang.Object java.lang.reflect.Method.invoke(java.lang.Object, java.lang.Object[]) (Method.java:-2)
03-24 18:46:56.035  1637  1637 I zygote  :   at void com.android.internal.os.RuntimeInit$MethodAndArgsCaller.run() (RuntimeInit.java:438)
03-24 18:46:56.035  1637  1637 I zygote  :   at void com.android.internal.os.ZygoteInit.main(java.lang.String[]) (ZygoteInit.java:811)
