03-05 22:03:16.029  9032  9037 I zygote  : Do partial code cache collection, code=55KB, data=47KB
03-05 22:03:16.031  9032  9037 I zygote  : After code cache collection, code=47KB, data=42KB
03-05 22:03:16.031  9032  9037 I zygote  : Increasing code cache capacity to 256KB
03-05 22:03:16.036  9032  9096 I OpenGLRenderer: Initialized EGL, version 1.4
03-05 22:03:16.036  9032  9096 D OpenGLRenderer: Swap behavior 2
03-05 22:03:16.077  1456  2401 I WindowManager: Keep hide if surface has never drawn Window{a1d45b6 u0 org.mozilla.fennec_aurora/org.mozilla.fenix.IntentReceiverActivity}
03-05 22:03:16.079  1456  2401 I WindowManager: Failed to capture screenshot of Token{d8bbaa9 ActivityRecord{b126e30 u0 org.mozilla.fennec_aurora/org.mozilla.fenix.IntentReceiverActivity t32060 f}} appWin=Window{a1d45b6 u0 org.mozilla.fennec_aurora/org.mozilla.fenix.IntentReceiverActivity} drawState=1
03-05 22:03:16.089  9032  9032 D MigrationPushRenewer: Migration state: NONE
03-05 22:03:16.089  9032  9032 D MigrationTelemetryListener: Migration state: NONE
03-05 22:03:16.110  1456  1673 I LaunchCheckinHandler: Displayed org.mozilla.fennec_aurora/org.mozilla.fenix.IntentReceiverActivity,cp,ca,717
03-05 22:03:16.122  9032  9068 I Gecko:DumpUtils: Fifo watcher disabled via pref.
03-05 22:03:16.128  9032  9032 D PhoneWindow: Restoring navigation bar divider color to default value = 0x00000000
03-05 22:03:16.153  9032  9068 D GeckoSysInfo: System memory: 1867MB.
03-05 22:03:16.156  9032  9068 D GeckoThread: State changed to JNI_READY
03-05 22:03:16.157  9032  9114 I zygote  : Deoptimizing java.lang.Object androidx.collection.SimpleArrayMap.put(java.lang.Object, java.lang.Object) due to JIT inline cache
03-05 22:03:16.175  1456  3927 I ActivityManager: Start proc 9124:org.mozilla.fennec_aurora:tab/u0a1070 for service org.mozilla.fennec_aurora/org.mozilla.gecko.process.GeckoChildProcessServices$tab
03-05 22:03:16.185  9032  9032 I NavController: Ignoring popBackStack to destination org.mozilla.fennec_aurora:id/browserFragment as it was not found on the current back stack
03-05 22:03:16.298  1456  3927 I ActivityManager: Start proc 9142:org.mozilla.fennec_aurora:socket/u0a1070 for service org.mozilla.fennec_aurora/org.mozilla.gecko.process.GeckoChildProcessServices$socket
03-05 22:03:16.317  9124  9124 D GeckoThread: State changed to LAUNCHED
03-05 22:03:16.318  9124  9156 I GeckoThread: preparing to run Gecko
03-05 22:03:16.374  9032  9086 D RustNativeSupport: findMegazordLibraryName(places, 0.50.0
03-05 22:03:16.374  9032  9086 D RustNativeSupport: lib in use: none
03-05 22:03:16.374  9032  9086 D RustNativeSupport: lib configured: fenix
03-05 22:03:16.374  9032  9086 D RustNativeSupport: lib version configured: 0.50.0
03-05 22:03:16.374  9032  9086 D RustNativeSupport: settled on fenix
03-05 22:03:16.379  9032  9086 D places_ffi: places_api_new
03-05 22:03:16.419  9142  9142 D GeckoThread: State changed to LAUNCHED
03-05 22:03:16.420  9142  9160 I GeckoThread: preparing to run Gecko
03-05 22:03:16.424  9032  9086 D sql_support::conn_ext: Transaction commited after 31.56042ms
03-05 22:03:16.426  9032  9086 D places_ffi: places_connection_new
03-05 22:03:16.430  9032  9086 D places_ffi: places_connection_new
03-05 22:03:16.457  9032  9086 D places_ffi: bookmarks_get_all_with_url
03-05 22:03:16.471  9032  9080 W FirefoxAccountStateMachine: Got invalid event Event$Init for state NotAuthenticated.
03-05 22:03:16.482  9032  9032 E [ERROR][Leanplum]: [com.leanplum.LeanplumFcmProvider$1::onComplete::2]: getInstanceId failed
03-05 22:03:16.522  9142  9160 D GeckoThread: State changed to MOZGLUE_READY
03-05 22:03:16.534  9142  9160 W Settings: Setting animator_duration_scale has moved from android.provider.Settings.System to android.provider.Settings.Global, returning read-only global URI.
03-05 22:03:16.538  9142  9160 E GeckoLibLoad: Load sqlite start
03-05 22:03:16.557  9142  9160 W GeckoLinker: /data/app/org.mozilla.fennec_aurora-EtL4BFO0bBwKR22apubfNw==/lib/arm/libnss3.so: unhandled flags #8 not handled
03-05 22:03:16.559  9032  9158 W LOTTIE  : Animation contains merge paths. Merge paths are only supported on KitKat+ and must be manually enabled by calling enableMergePathsForKitKatAndAbove().
03-05 22:03:16.563  9142  9160 W GeckoLinker: /data/app/org.mozilla.fennec_aurora-EtL4BFO0bBwKR22apubfNw==/lib/arm/libnss3.so: Relocation to NULL @0x001b8ffc for symbol "__cxa_type_match"
03-05 22:03:16.563  9142  9160 E GeckoLibLoad: Load sqlite done
03-05 22:03:16.563  9142  9160 E GeckoLibLoad: Load nss start
03-05 22:03:16.563  9142  9160 E GeckoLibLoad: Load nss done
03-05 22:03:16.564  9142  9160 W GeckoLinker: /data/app/org.mozilla.fennec_aurora-EtL4BFO0bBwKR22apubfNw==/lib/arm/libxul.so: unhandled flags #8 not handled
03-05 22:03:16.564  9142  9160 W GeckoLinker: /data/app/org.mozilla.fennec_aurora-EtL4BFO0bBwKR22apubfNw==/lib/arm/liblgpllibs.so: unhandled flags #8 not handled
03-05 22:03:16.579  9032  9037 I zygote  : Do full code cache collection, code=125KB, data=97KB
03-05 22:03:16.581  9032  9037 I zygote  : After code cache collection, code=94KB, data=59KB
03-05 22:03:16.597  9142  9160 E GeckoLibLoad: Loaded libs in 33.748597ms total, 26ms(26ms) user, 6ms(6ms) system, 0(0) faults
03-05 22:03:16.597  9142  9160 D GeckoThread: State changed to LIBS_READY
03-05 22:03:16.597  9142  9160 W GeckoThread: zerdatime 15991890365 - runGecko
03-05 22:03:16.623  1456  3927 I ActivityManager: Displayed org.mozilla.fennec_aurora/org.mozilla.fenix.HomeActivity: +552ms (total +1s231ms)
03-05 22:03:16.623  1456  3927 I ActivityManager: Fully drawn org.mozilla.fennec_aurora/org.mozilla.fenix.HomeActivity: +552ms (total +1s231ms)
03-05 22:03:16.678  9032  9096 D vndksupport: Loading /vendor/lib/hw/android.hardware.graphics.mapper@2.0-impl.so from current namespace instead of sphal namespace.
03-05 22:03:16.680  9032  9096 D vndksupport: Loading /vendor/lib/hw/gralloc.msm8937.so from current namespace instead of sphal namespace.
03-05 22:03:16.731  9032  9032 W LOTTIE  : Animation contains merge paths but they are disabled.
03-05 22:03:16.785  9032  9037 I zygote  : Do partial code cache collection, code=123KB, data=91KB
03-05 22:03:16.787  9032  9037 I zygote  : After code cache collection, code=123KB, data=91KB
03-05 22:03:16.788  9032  9037 I zygote  : Increasing code cache capacity to 512KB
03-05 22:03:16.801  9142  9160 D GeckoThread: State changed to RUNNING
03-05 22:03:16.812  3111  3111 I MemoryTrimmer: Trimming objects from memory, since app is in the background.
03-05 22:03:16.823  3111 11764 I PBSessionCacheImpl: Deleted sessionId[13683905891085829] from persistence.
03-05 22:03:16.825  3111  3111 I MemoryTrimmer: Trimming objects from memory, since app is in the background.
03-05 22:03:16.829  1456  4802 I WifiService: getWifiEnabledState uid=10073
03-05 22:03:16.845  3111  3156 I DEBUG   : OpaToSrpTransitionState#onStateChanged#notNullQuery
03-05 22:03:16.846  3111  3156 I DEBUG   : OpaToSrpTransitionState#onStateChanged#notNullQuery
03-05 22:03:16.848  3111  3156 W SearchServiceCore: Abort, client detached.
03-05 22:03:16.979  9032  9068 I Gecko   : 1583463796975	addons.xpi	WARN	List of valid built-in add-ons could not be parsed.: [Exception... "Component returned failure code: 0x80520012 (NS_ERROR_FILE_NOT_FOUND) [nsIXPCComponents_Utils.readUTF8URI]"  nsresult: "0x80520012 (NS_ERROR_FILE_NOT_FOUND)"  location: "JS frame :: resource://gre/modules/addons/XPIProvider.jsm :: startup :: line 2372"  data: no] Stack trace: startup()@resource://gre/modules/addons/XPIProvider.jsm:2372
03-05 22:03:16.979  9032  9068 I Gecko   : callProvider()@resource://gre/modules/AddonManager.jsm:215
03-05 22:03:16.979  9032  9068 I Gecko   : _startProvider()@resource://gre/modules/AddonManager.jsm:587
03-05 22:03:16.979  9032  9068 I Gecko   : startup()@resource://gre/modules/AddonManager.jsm:811
03-05 22:03:16.979  9032  9068 I Gecko   : startup()@resource://gre/modules/AddonManager.jsm:3482
03-05 22:03:16.979  9032  9068 I Gecko   : observe()@resource://gre/modules/addonManager.js:87
03-05 22:03:17.140  9032  9068 D GeckoThread: State changed to PROFILE_READY
03-05 22:03:17.220  9032  9068 D GeckoThread: State changed to RUNNING
03-05 22:03:17.236  9032  9068 W GeckoEventDispatcher: No listener for AndroidCastDevice:SyncDevice
03-05 22:03:17.242  9032  9068 I Gecko   : -*- nsDNSServiceDiscovery.js : nsDNSServiceDiscovery
03-05 22:03:17.341  9032  9068 W ResourceType: Too many attribute references, stopped at: 0x01010099
03-05 22:03:17.446  9032  9032 D GeckoNetworkManager: Incoming event enableNotifications for state OnNoListeners -> OnWithListeners
03-05 22:03:17.447  9032  9032 D GeckoNetworkManager: New network state: DOWN, NONE, UNKNOWN
03-05 22:03:17.449  9032  9032 D GeckoNetworkManager: Incoming event receivedUpdate for state OnWithListeners -> OnWithListeners
03-05 22:03:17.449  9032  9032 D GeckoNetworkManager: New network state: DOWN, NONE, UNKNOWN
03-05 22:03:17.453  9032  9068 W GeckoLinker: /data/app/org.mozilla.fennec_aurora-EtL4BFO0bBwKR22apubfNw==/lib/arm/libsoftokn3.so: unhandled flags #8 not handled
03-05 22:03:17.454  1023  9207 D libc    : Internal error: netid(0), id(0xa092), server(0.0.0.0)
03-05 22:03:17.454  1023  9207 D libc    : Internal error: netid(0), id(0xa092), server(0.0.0.0)
03-05 22:03:17.454  9032  9068 W GeckoLinker: /data/app/org.mozilla.fennec_aurora-EtL4BFO0bBwKR22apubfNw==/lib/arm/libsoftokn3.so: Relocation to NULL @0x0002cffc for symbol "__cxa_type_match"
03-05 22:03:17.454  1023  9207 D libc    : Internal error: netid(0), id(0xec9b), server(0.0.0.0)
03-05 22:03:17.455  1023  9207 D libc    : Internal error: netid(0), id(0xec9b), server(0.0.0.0)
03-05 22:03:17.455  9032  9068 W GeckoLinker: /data/app/org.mozilla.fennec_aurora-EtL4BFO0bBwKR22apubfNw==/lib/arm/libfreebl3.so: unhandled flags #8 not handled
03-05 22:03:17.456  9032  9068 W GeckoLinker: /data/app/org.mozilla.fennec_aurora-EtL4BFO0bBwKR22apubfNw==/lib/arm/libfreebl3.so: Relocation to NULL @0x0004fffc for symbol "__cxa_type_match"
03-05 22:03:17.486  9032  9202 W GeckoLinker: /data/app/org.mozilla.fennec_aurora-EtL4BFO0bBwKR22apubfNw==/lib/arm/libnssckbi.so: unhandled flags #8 not handled
03-05 22:03:17.487  9032  9202 W GeckoLinker: /data/app/org.mozilla.fennec_aurora-EtL4BFO0bBwKR22apubfNw==/lib/arm/libnssckbi.so: Relocation to NULL @0x00055ffc for symbol "__cxa_type_match"
03-05 22:03:17.508  9032  9068 W GeckoEventDispatcher: No listener for GeckoView:AccessibilityEnabled
03-05 22:03:17.646  1023  9216 D libc    : Internal error: netid(0), id(0xf784), server(0.0.0.0)
03-05 22:03:17.646  1023  9216 D libc    : Internal error: netid(0), id(0xf784), server(0.0.0.0)
03-05 22:03:17.646  1023  9216 D libc    : Internal error: netid(0), id(0xd9e2), server(0.0.0.0)
03-05 22:03:17.647  1023  9216 D libc    : Internal error: netid(0), id(0xd9e2), server(0.0.0.0)
03-05 22:03:17.648  1023  9220 D libc    : Internal error: netid(0), id(0xb4dd), server(0.0.0.0)
03-05 22:03:17.648  1023  9220 D libc    : Internal error: netid(0), id(0xb4dd), server(0.0.0.0)
03-05 22:03:17.648  1023  9220 D libc    : Internal error: netid(0), id(0x89d6), server(0.0.0.0)
03-05 22:03:17.648  1023  9220 D libc    : Internal error: netid(0), id(0x89d6), server(0.0.0.0)
03-05 22:03:17.650  1023  9223 D libc    : Internal error: netid(0), id(0x33cd), server(0.0.0.0)
03-05 22:03:17.650  1023  9223 D libc    : Internal error: netid(0), id(0x33cd), server(0.0.0.0)
03-05 22:03:17.650  1023  9223 D libc    : Internal error: netid(0), id(0xcef2), server(0.0.0.0)
03-05 22:03:17.650  1023  9223 D libc    : Internal error: netid(0), id(0xcef2), server(0.0.0.0)
03-05 22:03:17.671  9032  9068 W ResourceType: Too many attribute references, stopped at: 0x01010099
03-05 22:03:17.710  9032  9062 D App     : Could not fetch region from location service
03-05 22:03:17.710  9032  9062 D App     : java.io.IOException: org.mozilla.geckoview.WebRequestError: Request failed, error=0x25, category=0x5
03-05 22:03:17.710  9032  9062 D App     : 	at mozilla.components.browser.engine.gecko.fetch.GeckoViewFetchClient.fetch(GeckoViewFetchClient.kt:39)
03-05 22:03:17.710  9032  9062 D App     : 	at mozilla.components.service.location.MozillaLocationService$fetchRegion$2.invokeSuspend(MozillaLocationService.kt:27)
03-05 22:03:17.710  9032  9062 D App     : 	at mozilla.components.service.location.MozillaLocationService$fetchRegion$2.invoke(Unknown Source:10)
03-05 22:03:17.710  9032  9062 D App     : 	at kotlin.jvm.internal.Intrinsics.startUndispatchedOrReturn(Intrinsics.java:2)
03-05 22:03:17.710  9032  9062 D App     : 	at kotlin.jvm.internal.Intrinsics.withContext(Intrinsics.java:9)
03-05 22:03:17.710  9032  9062 D App     : 	at mozilla.components.service.location.MozillaLocationService.fetchRegion(MozillaLocationService.kt:2)
03-05 22:03:17.710  9032  9062 D App     : 	at mozilla.components.service.location.search.RegionSearchLocalizationProvider.determineRegion(RegionSearchLocalizationProvider.kt:5)
03-05 22:03:17.710  9032  9062 D App     : 	at mozilla.components.browser.search.provider.AssetsSearchEngineProvider.loadSearchEngines(AssetsSearchEngineProvider.kt:5)
03-05 22:03:17.710  9032  9062 D App     : 	at org.mozilla.fenix.components.searchengine.FenixSearchEngineProvider$baseSearchEngines$1.invokeSuspend(FenixSearchEngineProvider.kt:9)
03-05 22:03:17.710  9032  9062 D App     : 	at kotlin.coroutines.jvm.internal.BaseContinuationImpl.resumeWith(ContinuationImpl.kt:2)
03-05 22:03:17.710  9032  9062 D App     : 	at kotlinx.coroutines.DispatchedTask.run(DispatchedTask.kt:15)
03-05 22:03:17.710  9032  9062 D App     : 	at kotlinx.coroutines.scheduling.CoroutineScheduler.runSafely(CoroutineScheduler.kt:1)
03-05 22:03:17.710  9032  9062 D App     : 	at kotlinx.coroutines.scheduling.CoroutineScheduler$Worker.run(CoroutineScheduler.kt:15)
03-05 22:03:17.710  9032  9062 D App     : Caused by: org.mozilla.geckoview.WebRequestError: Request failed, error=0x25, category=0x5
03-05 22:03:17.710  9032  9062 D App     : 	at org.mozilla.gecko.mozglue.GeckoLoader.nativeRun(Native Method)
03-05 22:03:17.710  9032  9062 D App     : 	at org.mozilla.gecko.GeckoThread.run(GeckoThread.java:91)
03-05 22:03:17.710  9032  9088 D App     : Could not fetch region from location service
03-05 22:03:17.710  9032  9088 D App     : java.io.IOException: org.mozilla.geckoview.WebRequestError: Request failed, error=0x25, category=0x5
03-05 22:03:17.710  9032  9088 D App     : 	at mozilla.components.browser.engine.gecko.fetch.GeckoViewFetchClient.fetch(GeckoViewFetchClient.kt:39)
03-05 22:03:17.710  9032  9088 D App     : 	at mozilla.components.service.location.MozillaLocationService$fetchRegion$2.invokeSuspend(MozillaLocationService.kt:27)
03-05 22:03:17.710  9032  9088 D App     : 	at kotlin.coroutines.jvm.internal.BaseContinuationImpl.resumeWith(ContinuationImpl.kt:2)
03-05 22:03:17.710  9032  9088 D App     : 	at kotlinx.coroutines.DispatchedTask.run(DispatchedTask.kt:15)
03-05 22:03:17.710  9032  9088 D App     : 	at kotlinx.coroutines.scheduling.CoroutineScheduler.runSafely(CoroutineScheduler.kt:1)
03-05 22:03:17.710  9032  9088 D App     : 	at kotlinx.coroutines.scheduling.CoroutineScheduler$Worker.run(CoroutineScheduler.kt:15)
03-05 22:03:17.710  9032  9088 D App     : Caused by: org.mozilla.geckoview.WebRequestError: Request failed, error=0x25, category=0x5
03-05 22:03:17.710  9032  9088 D App     : 	at org.mozilla.gecko.mozglue.GeckoLoader.nativeRun(Native Method)
03-05 22:03:17.710  9032  9088 D App     : 	at org.mozilla.gecko.GeckoThread.run(GeckoThread.java:91)
03-05 22:03:17.850  9124  9156 D GeckoThread: State changed to MOZGLUE_READY
03-05 22:03:17.857  9124  9156 W Settings: Setting animator_duration_scale has moved from android.provider.Settings.System to android.provider.Settings.Global, returning read-only global URI.
03-05 22:03:17.860  9124  9156 E GeckoLibLoad: Load sqlite start
03-05 22:03:17.878  9124  9156 W GeckoLinker: /data/app/org.mozilla.fennec_aurora-EtL4BFO0bBwKR22apubfNw==/lib/arm/libnss3.so: unhandled flags #8 not handled
03-05 22:03:17.882  9124  9156 W GeckoLinker: /data/app/org.mozilla.fennec_aurora-EtL4BFO0bBwKR22apubfNw==/lib/arm/libnss3.so: Relocation to NULL @0x001b8ffc for symbol "__cxa_type_match"
03-05 22:03:17.883  9124  9156 E GeckoLibLoad: Load sqlite done
03-05 22:03:17.883  9124  9156 E GeckoLibLoad: Load nss start
03-05 22:03:17.883  9124  9156 E GeckoLibLoad: Load nss done
03-05 22:03:17.883  9124  9156 W GeckoLinker: /data/app/org.mozilla.fennec_aurora-EtL4BFO0bBwKR22apubfNw==/lib/arm/libxul.so: unhandled flags #8 not handled
03-05 22:03:17.883  9124  9156 W GeckoLinker: /data/app/org.mozilla.fennec_aurora-EtL4BFO0bBwKR22apubfNw==/lib/arm/liblgpllibs.so: unhandled flags #8 not handled
03-05 22:03:17.891  9032  9068 I GeckoSession: zerdatime 15991891658 - chrome startup finished
03-05 22:03:17.915  9124  9156 E GeckoLibLoad: Loaded libs in 32.083701ms total, 20ms(20ms) user, 6ms(13ms) system, 0(0) faults
03-05 22:03:17.915  9124  9156 D GeckoThread: State changed to LIBS_READY
03-05 22:03:17.916  9124  9156 W GeckoThread: zerdatime 15991891683 - runGecko
03-05 22:03:17.953  9032  9241 D App     : Could not fetch region from location service
03-05 22:03:17.953  9032  9241 D App     : java.io.IOException: org.mozilla.geckoview.WebRequestError: Request failed, error=0x25, category=0x5
03-05 22:03:17.953  9032  9241 D App     : 	at mozilla.components.browser.engine.gecko.fetch.GeckoViewFetchClient.fetch(GeckoViewFetchClient.kt:39)
03-05 22:03:17.953  9032  9241 D App     : 	at mozilla.components.service.location.MozillaLocationService$fetchRegion$2.invokeSuspend(MozillaLocationService.kt:27)
03-05 22:03:17.953  9032  9241 D App     : 	at mozilla.components.service.location.MozillaLocationService$fetchRegion$2.invoke(Unknown Source:10)
03-05 22:03:17.953  9032  9241 D App     : 	at kotlin.jvm.internal.Intrinsics.startUndispatchedOrReturn(Intrinsics.java:2)
03-05 22:03:17.953  9032  9241 D App     : 	at kotlin.jvm.internal.Intrinsics.withContext(Intrinsics.java:9)
03-05 22:03:17.953  9032  9241 D App     : 	at mozilla.components.service.location.MozillaLocationService.fetchRegion(MozillaLocationService.kt:2)
03-05 22:03:17.953  9032  9241 D App     : 	at mozilla.components.service.location.search.RegionSearchLocalizationProvider.determineRegion(RegionSearchLocalizationProvider.kt:5)
03-05 22:03:17.953  9032  9241 D App     : 	at mozilla.components.browser.search.provider.AssetsSearchEngineProvider.loadSearchEngines(AssetsSearchEngineProvider.kt:5)
03-05 22:03:17.953  9032  9241 D App     : 	at org.mozilla.fenix.components.searchengine.FenixSearchEngineProvider$bundledSearchEngines$1.invokeSuspend(FenixSearchEngineProvider.kt:21)
03-05 22:03:17.953  9032  9241 D App     : 	at kotlin.coroutines.jvm.internal.BaseContinuationImpl.resumeWith(ContinuationImpl.kt:2)
03-05 22:03:17.953  9032  9241 D App     : 	at kotlinx.coroutines.DispatchedTask.run(DispatchedTask.kt:15)
03-05 22:03:17.953  9032  9241 D App     : 	at kotlinx.coroutines.scheduling.CoroutineScheduler.runSafely(CoroutineScheduler.kt:1)
03-05 22:03:17.953  9032  9241 D App     : 	at kotlinx.coroutines.scheduling.CoroutineScheduler$Worker.run(CoroutineScheduler.kt:15)
03-05 22:03:17.953  9032  9241 D App     : Caused by: org.mozilla.geckoview.WebRequestError: Request failed, error=0x25, category=0x5
03-05 22:03:17.953  9032  9241 D App     : 	at org.mozilla.gecko.mozglue.GeckoLoader.nativeRun(Native Method)
03-05 22:03:17.953  9032  9241 D App     : 	at org.mozilla.gecko.GeckoThread.run(GeckoThread.java:91)
03-05 22:03:18.431  9124  9156 D GeckoThread: State changed to RUNNING
03-05 22:03:18.447  9032  9032 D App     : Installed browser-icons extension
03-05 22:03:18.449  9032  9032 D mozac-webextensions: Installed extension: mozacWebchannel
03-05 22:03:18.451  9032  9032 D mozac-webextensions: Installed extension: mozacReaderview
03-05 22:03:18.496  9124  9156 W ResourceType: Too many attribute references, stopped at: 0x01010099
03-05 22:03:18.594  9032  9032 D GeckoSession: handleMessage GeckoView:PageStart uri=about:blank
03-05 22:03:18.618  9032  9068 D GeckoScreenOrientation: unlocking
03-05 22:03:18.632  9032  9032 D GeckoSession: handleMessage GeckoView:LocationChange uri=about:blank
03-05 22:03:18.633  9032  9032 D GeckoSession: handleMessage GeckoView:PageStop uri=null
03-05 22:03:18.640  9032  9032 I SessionStorage/AutoSave: Save: Load finished
03-05 22:03:18.652  9032  9063 D SessionStorage/AutoSave: Saved state to disk [11ms]
03-05 22:03:18.655  9032  9032 D GeckoSession: handleMessage GeckoView:OnLoadRequest uri=https://example.com/
03-05 22:03:18.667  9032  9032 D GeckoSession: handleMessage GeckoView:OnLoadRequest uri=https://example.com/
03-05 22:03:18.775  9124  9124 D GeckoNetworkManager: Incoming event enableNotifications for state OffNoListeners -> OffWithListeners
03-05 22:03:18.776  9124  9124 D GeckoNetworkManager: New network state: DOWN, NONE, UNKNOWN
03-05 22:03:18.781  9032  9032 D mozac-webcompat: Installed WebCompat webextension: webcompat@mozilla.com
03-05 22:03:18.970  9032  9032 D GeckoSession: handleMessage GeckoView:ProgressChanged uri=null
03-05 22:03:18.977  9032  9032 D GeckoSession: handleMessage GeckoView:PageStart uri=https://example.com/
03-05 22:03:19.009  9032  9032 D GeckoSession: handleMessage GeckoView:ProgressChanged uri=null
03-05 22:03:19.040  9032  9032 D GeckoSession: handleMessage GeckoView:PageStop uri=null
03-05 22:03:19.040  9032  9032 I SessionStorage/AutoSave: Save: Load finished
03-05 22:03:19.042  9032  9063 D SessionStorage/AutoSave: Delaying save (1599ms)
03-05 22:03:19.069  9032  9032 D GeckoSession: handleMessage GeckoView:ProgressChanged uri=null
03-05 22:03:19.083  9032  9032 D GeckoSession: handleMessage GeckoView:PageStart uri=https://example.com/
03-05 22:03:19.146  9032  9032 D GeckoSession: handleMessage GeckoView:OnLoadError uri=https://example.com/
03-05 22:03:19.160  9032  9032 I zygote  : Deoptimizing kotlin.coroutines.CoroutineContext$Element kotlin.coroutines.CoroutineContext$Element$DefaultImpls.get(kotlin.coroutines.CoroutineContext$Element, kotlin.coroutines.CoroutineContext$Key) due to JIT inline cache
03-05 22:03:19.186  9032  9032 D GeckoSession: handleMessage GeckoView:ProgressChanged uri=null
03-05 22:03:19.198  9032  9032 D GeckoSession: handleMessage GeckoView:PageStop uri=null
03-05 22:03:19.198  9032  9032 I SessionStorage/AutoSave: Save: Load finished
03-05 22:03:19.198  9032  9032 D SessionStorage/AutoSave: Skipping save, other job already in flight
03-05 22:03:19.230  9032  9032 D GeckoSession: handleMessage GeckoView:LocationChange uri=https://example.com/
03-05 22:03:19.240  9032  9032 I zygote  : Deoptimizing java.lang.Object kotlin.coroutines.CoroutineContext$plus$1.invoke(java.lang.Object, java.lang.Object) due to JIT inline cache
03-05 22:03:19.248  9032  9063 D places_ffi: bookmarks_get_all_with_url
03-05 22:03:19.274  9032  9032 D GeckoSession: handleMessage GeckoView:SecurityChanged uri=null
03-05 22:03:19.294  9032  9063 D places_ffi: places_connection_new
03-05 22:03:19.317  9032  9063 D places_ffi: places_note_observation
03-05 22:03:19.328  9032  9063 D sql_support::conn_ext: Transaction commited after 10.072709ms
03-05 22:03:19.334  9124  9156 W GeckoLinker: /data/app/org.mozilla.fennec_aurora-EtL4BFO0bBwKR22apubfNw==/lib/arm/libsoftokn3.so: unhandled flags #8 not handled
03-05 22:03:19.335  9124  9156 W GeckoLinker: /data/app/org.mozilla.fennec_aurora-EtL4BFO0bBwKR22apubfNw==/lib/arm/libsoftokn3.so: Relocation to NULL @0x0002cffc for symbol "__cxa_type_match"
03-05 22:03:19.336  9124  9156 W GeckoLinker: /data/app/org.mozilla.fennec_aurora-EtL4BFO0bBwKR22apubfNw==/lib/arm/libfreebl3.so: unhandled flags #8 not handled
03-05 22:03:19.337  9124  9156 W GeckoLinker: /data/app/org.mozilla.fennec_aurora-EtL4BFO0bBwKR22apubfNw==/lib/arm/libfreebl3.so: Relocation to NULL @0x0004fffc for symbol "__cxa_type_match"
03-05 22:03:19.376  9032  9063 D places_ffi: places_note_observation
03-05 22:03:19.380  9032  9063 D sql_support::conn_ext: Transaction commited after 3.708334ms
03-05 22:03:19.388  9032  9063 D places_ffi: places_note_observation
03-05 22:03:19.396  9032  9063 D sql_support::conn_ext: Transaction commited after 6.400366ms
03-05 22:03:19.645  9032  9032 D GeckoSession: handleMessage GeckoView:StateUpdated uri=null
03-05 22:03:19.645  9032  9032 W GeckoSession: No history entries found.
03-05 22:03:20.661  9032  9063 D SessionStorage/AutoSave: Saved state to disk [18ms]
03-05 22:03:20.932  1456  1893 D BatteryService: uevent={POWER_SUPPLY_VOLTAGE_NOW=4348729, POWER_SUPPLY_CHARGE_RATE=Normal, POWER_SUPPLY_HEALTH=Good, POWER_SUPPLY_CURRENT_NOW=152, POWER_SUPPLY_PRESENT=1, SUBSYSTEM=power_supply, POWER_SUPPLY_TEMP=312, SEQNUM=403057, ACTION=change, POWER_SUPPLY_NAME=battery, POWER_SUPPLY_STATUS=Full, POWER_SUPPLY_CHARGE_COUNTER=2815485, POWER_SUPPLY_CAPACITY=100, DEVPATH=/devices/soc/qpnp-smbcharger-17/power_supply/battery}
03-05 22:03:20.939  2398  2398 D QtiCarrierConfigHelper: WARNING, no carrier configs on phone Id: 0
03-05 22:03:21.044  9305  9305 D AndroidRuntime: >>>>>> START com.android.internal.os.RuntimeInit uid 2000 <<<<<<
03-05 22:03:21.057  9305  9305 W app_process: Could not reserve sentinel fault page
03-05 22:03:21.224  9305  9305 I app_process: The ClassLoaderContext is a special shared library.
03-05 22:03:21.292  9305  9305 D AndroidRuntime: Calling main entry com.android.commands.input.Input
03-05 22:03:21.293  9305  9305 I Input   : injectKeyEvent: KeyEvent { action=ACTION_DOWN, keyCode=KEYCODE_HOME, scanCode=0, metaState=0, flags=0x0, repeatCount=0, eventTime=15539856573, downTime=15539856573, deviceId=-1, source=0x101 }
03-05 22:03:21.304  9305  9305 I Input   : injectKeyEvent: KeyEvent { action=ACTION_UP, keyCode=KEYCODE_HOME, scanCode=0, metaState=0, flags=0x0, repeatCount=0, eventTime=15539856573, downTime=15539856573, deviceId=-1, source=0x101 }
03-05 22:03:21.310  1456  1941 I ActivityManager: START u0 {act=android.intent.action.MAIN cat=[android.intent.category.HOME] flg=0x10200000 cmp=com.android.launcher3/.CustomizationPanelLauncher (has extras)} from uid 1000
03-05 22:03:21.310   794   839 E ANDR-PERF-RESOURCEQS: Failed to apply optimization [4, 0]
03-05 22:03:21.323  1456  1941 I ActivityManager: moveHomeStack, setupComplete:true
03-05 22:03:21.326  9305  9305 D AndroidRuntime: Shutting down VM
03-05 22:03:21.341  3111  3152 I Adreno  : QUALCOMM build                   : bb5b86c, I77d3059488
03-05 22:03:21.341  3111  3152 I Adreno  : Build Date                       : 06/07/18
03-05 22:03:21.341  3111  3152 I Adreno  : OpenGL ES Shader Compiler Version: EV031.22.00.01_06
03-05 22:03:21.341  3111  3152 I Adreno  : Local Branch                     : 
03-05 22:03:21.341  3111  3152 I Adreno  : Remote Branch                    : refs/tags/AU_LINUX_ANDROID_LA.UM.6.5.R1.08.01.00.312.086
03-05 22:03:21.341  3111  3152 I Adreno  : Remote Branch                    : NONE
03-05 22:03:21.341  3111  3152 I Adreno  : Reconstruct Branch               : NOTHING
03-05 22:03:21.344  3111  3152 D vndksupport: Loading /vendor/lib/hw/gralloc.msm8937.so from current namespace instead of sphal namespace.
03-05 22:03:21.348  3111  3152 I Adreno  : PFP: 0x005ff087, ME: 0x005ff063
03-05 22:03:21.350  2748  2748 D Launcher.Utilities: Wakeup weather: Intent { act=com.motorola.launcher3.action.WAKEUP_WEATHER cmp=com.motorola.timeweatherwidget/com.motorola.commandcenter.weather.WakeUpService }
03-05 22:03:21.353  3111  3152 I zygote  : android::hardware::configstore::V1_0::ISurfaceFlingerConfigs::hasWideColorDisplay retrieved: 0
03-05 22:03:21.354  3111  3152 I OpenGLRenderer: Initialized EGL, version 1.4
03-05 22:03:21.354  3111  3152 D OpenGLRenderer: Swap behavior 2
03-05 22:03:21.365  1456  1456 I NotificationService: Cannot find enqueued record for key: 0|com.motorola.timeweatherwidget|1|null|10116
03-05 22:03:21.367  9032  9032 I [INFO][Leanplum]: [com.leanplum.internal.RequestOld::sendIfConnected::4]: Device is offline, will send later
03-05 22:03:21.369   808   808 D SurfaceFlinger: duplicate layer name: changing com.android.launcher3/com.android.launcher3.CustomizationPanelLauncher to com.android.launcher3/com.android.launcher3.CustomizationPanelLauncher#1
03-05 22:03:21.393  3111  3137 W ThreadPoolDumper: Queue length for executor EventBus is now 11. Perhaps some tasks are too long, or the pool is too small.
03-05 22:03:21.394  1456  2236 I WifiService: getWifiEnabledState uid=10073
03-05 22:03:21.408  1456  2236 I WifiService: getWifiEnabledState uid=10073
03-05 22:03:21.421  3111  3156 I DEBUG   : OpaToSrpTransitionState#onStateChanged#notNullQuery
03-05 22:03:21.422  3111  3156 I DEBUG   : OpaToSrpTransitionState#onStateChanged#notNullQuery
03-05 22:03:21.435  9032  9037 I zygote  : Do full code cache collection, code=254KB, data=155KB
03-05 22:03:21.438  9032  9037 I zygote  : After code cache collection, code=172KB, data=96KB
03-05 22:03:21.441  9032  9032 D GeckoSession: handleMessage GeckoView:StateUpdated uri=null
03-05 22:03:21.442  3111  3156 I MicroDetectionState: Should stop hotword detection immediately - false
03-05 22:03:21.445  3111  3156 I MicroDetectionWorker: #startMicroDetector [speakerMode: 0]
03-05 22:03:21.447  3111  3156 I AudioController: Created new AudioSource
03-05 22:03:21.453  3111  3139 I MicroDataManager: isInitializedWithLatestParams-true
03-05 22:03:21.453  3111  3139 I MicroDataManager: isInitializing-false locale not changed-true model not changed-true
03-05 22:03:21.454  3111  3139 I MicroDataManager: Already initialized, obtaining the hotword data immediately.
03-05 22:03:21.461  1456  1673 I LaunchCheckinHandler: Displayed com.android.launcher3/.CustomizationPanelLauncher,wp,wa,151
03-05 22:03:21.464  3111 12423 I MicroRecognitionRunner: Starting detection.
03-05 22:03:21.466  3111 12423 I InputStreamUtils: Using micInputStream
03-05 22:03:21.466  3111 11764 I MicrophoneInputStream: mic_starting  SR : 16000 CC : 16 SO : 1999
03-05 22:03:21.472  7251  7251 I Finsky  : [2] ppb.onTrimMemory(1): Memory trim requested to level 80
03-05 22:03:21.473   788  1479 V msm8974_platform: platform_check_input_mask: enter check_input_mask source 6 mask 10
03-05 22:03:21.475  1012  9319 I AudioFlinger: AudioFlinger's thread 0xb2483800 tid=9319 ready to run
03-05 22:03:21.480   788  1479 D audio_hw_primary: in_set_parameters: enter: kvpairs=input_source=6;routing=-2147483644
03-05 22:03:21.481  1012  1302 D APM_AudioPolicyManager: AudioPolicyManager::startInput() input 181302, session 181409, source = 1999
03-05 22:03:21.482  3111 11764 I MicrophoneInputStream: mic_started  SR : 16000 CC : 16 SO : 1999
03-05 22:03:21.484   788  9320 V msm8974_platform: platform_update_usecase_from_source: input source :6
03-05 22:03:21.484   788  9320 V msm8974_platform: platform_check_input_mask: enter check_input_mask source 6 mask 10
03-05 22:03:21.484   788  9320 V msm8974_platform: platform_get_input_snd_device: enter: out_device(0) in_device(0x4) channel_count (1) channel_mask (0x10)
03-05 22:03:21.484   788  9320 V msm8974_platform: platform_get_input_snd_device: exit: in_snd_device(voice-rec-mic)
03-05 22:03:21.484   788  9320 V msm8974_platform: platform_get_backend_index:napb: backend port - 5 device - 120 
03-05 22:03:21.484   788  9320 V msm8974_platform: platform_check_and_set_capture_backend_cfg:txbecf: afe: bitwidth 0, samplerate 0, channel 1, backend_idx 5 usecase = 9 device (voice-rec-mic)
03-05 22:03:21.484   788  9320 V msm8974_platform: platform_check_capture_backend_cfg:txbecf: afe: Codec selected backend: 5 current bit width: 0 and sample rate: 0, channels 1
03-05 22:03:21.484   788  9320 V msm8974_platform: platform_check_capture_backend_cfg:txbecf: afe: Codec selected backend: 5 updated bit width: 0 and sample rate: 0
03-05 22:03:21.484   788  9320 I msm8974_platform: platform_check_capture_backend_cfg:txbecf: afe: Codec backend needs to be updated. new bit width: 0 new sample rate: 0 new channel: 1
03-05 22:03:21.484   788  9320 V msm8974_platform: platform_get_backend_index:napb: backend port - 5 device - 120 
03-05 22:03:21.484   788  9320 V msm8974_platform: platform_set_backend_cfg:becf: afe: bitwidth 0, samplerate 0 channels 1, backend_idx 5 device (voice-rec-mic)
03-05 22:03:21.485   788  9320 E msm8974_platform: platform_set_backend_cfg:becf: afe: Could not get ctl for mixer command - SLIM_0_TX Format
03-05 22:03:21.485   788  9320 V msm8974_platform: platform_send_audio_calibration: sending audio calibration for snd_device(120) acdb_id(62)
03-05 22:03:21.485   788  9320 D ACDB-LOADER: ACDB -> send_audio_cal, acdb_id = 62, path = 1, app id = 0x11130, sample rate = 48000
03-05 22:03:21.485   788  9320 D ACDB-LOADER: ACDB -> send_asm_topology
03-05 22:03:21.485   788  9320 D ACDB-LOADER: ACDB -> ACDB_CMD_GET_AUDPROC_STREAM_TOPOLOGY_ID
03-05 22:03:21.485   788  9320 D ACDB-LOADER: ACDB -> send_adm_topology
03-05 22:03:21.485   788  9320 D ACDB-LOADER: ACDB -> ACDB_CMD_GET_AUDPROC_COMMON_TOPOLOGY_ID
03-05 22:03:21.485   788  9320 D ACDB-LOADER: ACDB -> send_audtable
03-05 22:03:21.485   788  9320 D ACDB-LOADER: ACDB -> ACDB_CMD_GET_AUDPROC_COMMON_TABLE_SIZE
03-05 22:03:21.485   788  9320 D ACDB-LOADER: ACDB -> ACDB_CMD_GET_AUDPROC_COMMON_TABLE
03-05 22:03:21.485   788  9320 D ACDB-LOADER: ACDB -> AUDIO_SET_AUDPROC_CAL
03-05 22:03:21.485   788  9320 D ACDB-LOADER: ACDB -> send_audvoltable
03-05 22:03:21.485   788  9320 D ACDB-LOADER: ACDB -> ACDB_CMD_GET_AUDPROC_VOL_STEP_TABLE_SIZE
03-05 22:03:21.485   788  9320 D ACDB-LOADER: ACDB -> ACDB_CMD_GET_AUDPROC_GAIN_DEP_STEP_TABLE, vol index 0
03-05 22:03:21.485   788  9320 D         : Failed to fetch the lookup information of the device 0000003E 
03-05 22:03:21.485   788  9320 D ACDB-LOADER: ACDB -> AUDIO_SET_VOL_CAL cal type = 12
03-05 22:03:21.485   788  9320 D ACDB-LOADER: ACDB -> ACDB_CMD_GET_AUDPROC_STREAM_TABLE_SIZE
03-05 22:03:21.485   788  9320 D ACDB-LOADER: ACDB -> send_audstrmtable
03-05 22:03:21.485   788  9320 D ACDB-LOADER: ACDB -> ACDB_CMD_GET_AUDPROC_STREAM_TABLE_V2
03-05 22:03:21.486   788  9320 D ACDB-LOADER: ACDB -> audstrm_cal->cal_type.cal_data.cal_size = 456
03-05 22:03:21.486   788  9320 D ACDB-LOADER: ACDB -> send_afe_topology
03-05 22:03:21.486   788  9320 D ACDB-LOADER: ACDB -> ACDB_CMD_GET_AFE_TOPOLOGY_ID
03-05 22:03:21.486   788  9320 D ACDB-LOADER: ACDB -> GET_AFE_TOPOLOGY_ID for adcd_id 62, Topology Id 112fb
03-05 22:03:21.486   788  9320 D ACDB-LOADER: ACDB -> send_afe_cal
03-05 22:03:21.486   788  9320 D ACDB-LOADER: ACDB -> ACDB_CMD_GET_AFE_COMMON_TABLE_SIZE
03-05 22:03:21.486   788  9320 D         : Failed to fetch the lookup information of the device 0000003E 
03-05 22:03:21.486   788  9320 E ACDB-LOADER: Error: ACDB_CMD_GET_AFE_COMMON_TABLE_SIZE Returned = -19
03-05 22:03:21.486   788  9320 D ACDB-LOADER: ACDB -> ACDB_CMD_GET_AFE_COMMON_TABLE
03-05 22:03:21.486   788  9320 D         : Failed to fetch the lookup information of the device 0000003E 
03-05 22:03:21.486   788  9320 D ACDB-LOADER: ACDB -> AUDIO_SET_AFE_CAL
03-05 22:03:21.486   788  9320 D ACDB-LOADER: ACDB -> send_hw_delay : acdb_id = 62 path = 1
03-05 22:03:21.486   788  9320 D ACDB-LOADER: ACDB -> ACDB_AVSYNC_INFO: ACDB_CMD_GET_DEVICE_PROPERTY
03-05 22:03:21.486   788  9320 D audio_hw_primary: enable_snd_device: snd_device(120: voice-rec-mic)
03-05 22:03:21.486   788  9320 D audio_route: Apply path: voice-rec-mic
03-05 22:03:21.489   788  9320 V msm8974_platform: platform_get_snd_device_backend_index: enter with device 120
03-05 22:03:21.489   788  9320 E msm8974_platform: platform_get_snd_device_backend_index: BE DAI Name Table is not present
03-05 22:03:21.489   788  9320 V msm8974_platform: platform_get_backend_index:napb: backend port - 5 device - 120 
03-05 22:03:21.489   788  9320 I audio_hw_utils: Set Audio Stream Capture 0 App Type Cfg: app_type 69936, acdb_dev_id 62, sample_rate 48000, snd_device_be_idx -14
03-05 22:03:21.490   788  9320 D audio_hw_primary: enable_audio_route: usecase(9) apply and update mixer path: audio-record
03-05 22:03:21.490   788  9320 D audio_route: Apply path: audio-record
03-05 22:03:21.559  3111  3156 I MicroDetectionWorker: onReady
03-05 22:03:21.578  2146  2165 I zygote  : NativeAlloc concurrent copying GC freed 20276(1029KB) AllocSpace objects, 0(0B) LOS objects, 50% free, 7MB/14MB, paused 166us total 101.006ms
03-05 22:03:21.668   808   808 I SFPerfTracer:      triggers: (rate: 57:1997471) (compose: 0:7) (post: 0:19) (render: 0:17) (9:8973054 frames) (10:10963222)
03-05 22:03:21.668   808   808 D SFPerfTracer:        layers: (7:13) (NavigationBar#0 (0xb07df000): 9:669412) (StatusBar#0 (0xb07e3000): 9:1754962) (com.android.systemui.ImageWallpaper#0 (0xb07e7000): 0:59461) (Sprite#0 (0xb0733000): 0:317)* (DimLayerController/Stack=0#0 (0xb075a000): 0:3780)* (Sprite#1 (0xb077c000): 0:195)* (com.android.launcher3/com.android.launcher3.CustomizationPanelLauncher#0 (0xb0763000): 0:40)- (com.android.launcher3/com.android.launcher3.CustomizationPanelLauncher#1 (0xb0771000): 0:9)- (org.mozilla.fennec_aurora/org.mozilla.fenix.IntentReceiverActivity#0 (0xb039b000): 0:2)- (Splash Screen org.mozilla.fennec_aurora#0 (0xb013a000): 0:31)- (org.mozilla.fennec_aurora/org.mozilla.fenix.HomeActivity#0 (0xb01a6000): 10:46) (com.android.launcher3/com.android.launcher3.CustomizationPanelLauncher#0 (0xb0763000): 10:15)* (com.android.launcher3/com.android.launcher3.CustomizationPanelLauncher#1 (0xb0771000): 0:3) 
03-05 22:03:21.867  1456  7796 I OpenGLRenderer: Initialized EGL, version 1.4
03-05 22:03:21.867  1456  7796 D OpenGLRenderer: Swap behavior 2
03-05 22:03:21.914  2748  2917 W OpenGLRenderer: Incorrectly called buildLayer on View: ShortcutAndWidgetContainer, destroying layer...
03-05 22:03:22.015  9032  9032 D GeckoRuntime: Lifecycle: onPause
03-05 22:03:22.015  9032  9032 D GeckoNetworkManager: Incoming event stop for state OnWithListeners -> OffWithListeners
03-05 22:03:22.016  9032  9032 I SessionStorage/AutoSave: Save: Background
03-05 22:03:22.022  9032  9061 I libglean_ffi: glean_core::ping: Collecting baseline
03-05 22:03:22.026  9032  9063 D SessionStorage/AutoSave: Saved state to disk [10ms]
03-05 22:03:22.028  9032  9061 D libglean_ffi: glean_core::ping: Storing ping '6d0ac7b3-9a21-4fe8-b297-2c390bcea5c0' at '/data/user/0/org.mozilla.fennec_aurora/glean_data/pending_pings/6d0ac7b3-9a21-4fe8-b297-2c390bcea5c0'
03-05 22:03:22.028  9032  9061 I libglean_ffi: glean_core: The ping 'baseline' was submitted and will be sent as soon as possible
03-05 22:03:22.031  9032  9061 I libglean_ffi: glean_core::ping: Collecting events
03-05 22:03:22.036  9032  9061 D libglean_ffi: glean_core::ping: Storing ping 'fbd824e4-ce77-4d8e-a678-1fe129381822' at '/data/user/0/org.mozilla.fennec_aurora/glean_data/pending_pings/fbd824e4-ce77-4d8e-a678-1fe129381822'
03-05 22:03:22.036  9032  9061 I libglean_ffi: glean_core: The ping 'events' was submitted and will be sent as soon as possible
03-05 22:03:22.064   808   898 I SFPerfTracer:      triggers: (rate: 0:1) (0 sw vsyncs) (0 skipped) (38:4874714 vsyncs) (40:11029629)
03-05 22:03:22.194  1456  1466 I zygote  : NativeAlloc concurrent copying GC freed 30528(2MB) AllocSpace objects, 13(452KB) LOS objects, 38% free, 37MB/61MB, paused 184us total 327.388ms
03-05 22:03:26.495  1456  3927 I ActivityManager: Force stopping org.mozilla.fennec_aurora appid=11070 user=0: from pid 9324
03-05 22:03:26.495  1456  3927 I ActivityManager: Killing 9032:org.mozilla.fennec_aurora/u0a1070 (adj 700): stop org.mozilla.fennec_aurora
03-05 22:03:26.498  1456  1605 W zygote  : kill(-9032, 9) failed: No such process
03-05 22:03:26.498  9124  9124 I ServiceChildProcess: Service has been unbound. Stopping.
03-05 22:03:26.499  9142  9142 I ServiceChildProcess: Service has been unbound. Stopping.
03-05 22:03:26.500  1456  3927 W ActivityManager: Force removing ActivityRecord{bb56353 u0 org.mozilla.fennec_aurora/org.mozilla.fenix.HomeActivity t32061}: app died, no saved state
03-05 22:03:26.513  1456  1605 W zygote  : kill(-9032, 9) failed: No such process
03-05 22:03:26.514  1456  3927 I ActivityManager: Killing 9142:org.mozilla.fennec_aurora:socket/u0a1070 (adj 0): stop org.mozilla.fennec_aurora
03-05 22:03:26.519  1456  3927 I ActivityManager: Killing 9124:org.mozilla.fennec_aurora:tab/u0a1070 (adj 0): stop org.mozilla.fennec_aurora
03-05 22:03:26.528  1456  1605 W zygote  : kill(-9032, 9) failed: No such process
03-05 22:03:26.534  2398  2398 D CarrierSvcBindHelper: No carrier app for: 0
03-05 22:03:26.535  2398  2398 D CarrierSvcBindHelper: No carrier app for: 1
03-05 22:03:26.543  1456  1605 W zygote  : kill(-9032, 9) failed: No such process
03-05 22:03:26.601  1456  3927 D ConnectivityService: ConnectivityService NetworkRequestInfo binderDied(NetworkRequest [ TRACK_DEFAULT id=29507, [ Capabilities: INTERNET&NOT_RESTRICTED&TRUSTED&NOT_VPN] ], android.os.BinderProxy@c401f11)
03-05 22:03:26.601  1456  2067 D ConnectivityService: releasing NetworkRequest [ TRACK_DEFAULT id=29507, [ Capabilities: INTERNET&NOT_RESTRICTED&TRUSTED&NOT_VPN] ] (release request)
03-05 22:03:26.603  1456  1673 W ActivityManager: setHasOverlayUi called on unknown pid: 9032
03-05 22:03:26.616  1456  1605 I chatty  : uid=1000(system) ActivityManager identical 5 lines
03-05 22:03:26.631  1456  1605 W zygote  : kill(-9032, 9) failed: No such process
03-05 22:03:26.631  1456  1605 I zygote  : Successfully killed process cgroup uid 11070 pid 9032 in 134ms
03-05 22:03:26.632  1456  1605 W zygote  : kill(-9142, 9) failed: No such process
03-05 22:03:26.632  1456  1605 I zygote  : Successfully killed process cgroup uid 11070 pid 9142 in 0ms
03-05 22:03:26.632  1456  1605 W zygote  : kill(-9124, 9) failed: No such process
03-05 22:03:26.632  1456  1605 I zygote  : Successfully killed process cgroup uid 11070 pid 9124 in 0ms
03-05 22:03:26.634  1456  2921 I ActivityManager: START u0 {act=android.intent.action.VIEW dat=https://example.com/... typ=text/html flg=0x10000000 cmp=org.mozilla.fennec_aurora/org.mozilla.fenix.IntentReceiverActivity} from uid 2000
03-05 22:03:26.635   794   839 E ANDR-PERF-RESOURCEQS: Failed to apply optimization [4, 0]
03-05 22:03:26.654  1456  7570 I ActivityManager: Start proc 9332:org.mozilla.fennec_aurora/u0a1070 for activity org.mozilla.fennec_aurora/org.mozilla.fenix.IntentReceiverActivity
03-05 22:03:26.742  3111  3156 I MicroDetectionState: Should stop hotword detection immediately - false
03-05 22:03:26.742  3111  3156 I MicroDetector: Keeping mic open: false
03-05 22:03:26.742  3111  3156 I RecognitionAudioControl: #shutdownAudio [requestId: 7222410075033604267, keepAudioOpen: false, forced: true]
03-05 22:03:26.742  3111 12420 E DeviceStateChecker: DeviceStateChecker cancelled
03-05 22:03:26.742  3111  3156 I RecognitionAudioControl: #internalShutdownAudio [requestId: 7222410075033604267]
03-05 22:03:26.742  3111  3156 I RecognitionAudioControl: #internalShutdownAudio [keepAudioOpen: false, forced: true]
03-05 22:03:26.742  3111  3156 I RecognitionAudioControl: #actualShutdownAudio
03-05 22:03:26.742  3111  3156 I AudioController: #shutdown [requestId=7222410075033604267]
03-05 22:03:26.742  3111  3157 I AudioController: internalShutdown
03-05 22:03:26.743  3111  3155 I MicroRecognitionRunner: Stopping hotword detection.
03-05 22:03:26.782  9332  9332 D FirebaseApp: com.google.firebase.auth.FirebaseAuth is not linked. Skipping initialization.
03-05 22:03:26.783  9332  9332 D FirebaseApp: com.google.firebase.crash.FirebaseCrash is not linked. Skipping initialization.
03-05 22:03:26.783  9332  9332 I FirebaseInitProvider: FirebaseApp initialization successful
03-05 22:03:26.799   788  1479 D audio_hw_primary: disable_audio_route: usecase(9) reset and update mixer path: audio-record
03-05 22:03:26.800   788  1479 D audio_hw_primary: disable_snd_device: snd_device(120: voice-rec-mic)
03-05 22:03:26.802  1012  1302 D APM_AudioPolicyManager: stopInput() input 181302, session 181409
03-05 22:03:26.802   788   788 D audio_hw_primary: in_set_parameters: enter: kvpairs=routing=0
03-05 22:03:26.804  3111  3157 I MicrophoneInputStream: mic_close  SR : 16000 CC : 16 SO : 1999
03-05 22:03:26.804  3111  3157 E AudioSource: Stop listening is called on already closed AudioSource
03-05 22:03:26.805  3111 12423 I MicroRecognitionRunner: Detection finished
03-05 22:03:26.849  9332  9332 D FennecProfile: profiles.ini: true
03-05 22:03:26.853  9332  9332 D FennecProfile: Ignoring line in [general] section: StartWithLastProfile=1
03-05 22:03:26.853  9332  9332 D FennecProfile: Found 1 profiles
03-05 22:03:26.853  9332  9332 D FennecProfile: Found default profile: FennecProfile(name=default, path=/data/user/0/org.mozilla.fennec_aurora/files/mozilla/e354aqek.default, default=true)
03-05 22:03:26.855  9332  9351 I FA      : Collection disabled with firebase_analytics_collection_enabled=0
03-05 22:03:26.856  9332  9351 I FA      : App measurement is starting up, version: 12780
03-05 22:03:26.856  9332  9351 I FA      : To enable debug logging run: adb shell setprop log.tag.FA VERBOSE
03-05 22:03:26.856  9332  9351 I FA      : To enable faster debug mode event logging run:
03-05 22:03:26.856  9332  9351 I FA      :   adb shell setprop debug.firebase.analytics.app org.mozilla.fennec_aurora
03-05 22:03:26.858  9332  9332 D FennecMigrator: No migrations to run. Fennec install - false.
03-05 22:03:26.868  9332  9332 D FenixApplication: Initializing Glean (uploadEnabled=true, isFennec=true)
03-05 22:03:26.877  9332  9359 D RustNativeSupport: findMegazordLibraryName(viaduct, 0.50.0
03-05 22:03:26.877  9332  9359 D RustNativeSupport: lib in use: none
03-05 22:03:26.877  9332  9359 D RustNativeSupport: lib configured: fenix
03-05 22:03:26.877  9332  9359 D RustNativeSupport: lib version configured: 0.50.0
03-05 22:03:26.877  9332  9359 D RustNativeSupport: settled on fenix
03-05 22:03:26.895  9332  9358 D libglean_ffi: glean_ffi: Android logging should be hooked up!
03-05 22:03:26.899  9332  9358 I glean/Glean: Registering pings for mozilla.telemetry.glean.GleanMetrics.Pings
03-05 22:03:26.902  9332  9358 I libglean_ffi: glean_core: Creating new Glean
03-05 22:03:26.902  9332  9358 D libglean_ffi: glean_core::database: Database path: "/data/user/0/org.mozilla.fennec_aurora/glean_data/db"
03-05 22:03:26.902  9332  9358 I libglean_ffi: glean_core::database: Database initialized
03-05 22:03:26.902  9332  9359 D RustNativeSupport: findMegazordLibraryName(rustlog, 0.50.0
03-05 22:03:26.903  9332  9359 D RustNativeSupport: lib in use: none
03-05 22:03:26.903  9332  9359 D RustNativeSupport: lib configured: fenix
03-05 22:03:26.903  9332  9359 D RustNativeSupport: lib version configured: 0.50.0
03-05 22:03:26.903  9332  9359 D RustNativeSupport: settled on fenix
03-05 22:03:26.903  9332  9358 I libglean_ffi: glean_ffi: Glean initialized
03-05 22:03:26.905  9332  9359 I rc_log_ffi::ios: rc_log adapter initialized!
03-05 22:03:26.917  9332  9358 D glean/MetricsPingSched: The 'metrics' ping was last sent on Thu Mar 05 00:00:00 EST 2020
03-05 22:03:26.918  9332  9358 I glean/MetricsPingSched: The 'metrics' ping was already sent today, Thu Mar 05 22:03:26 EST 2020.
03-05 22:03:26.918  9332  9358 D glean/MetricsPingSched: Scheduling the 'metrics' ping in 21393095ms
03-05 22:03:26.919  9332  9358 D libglean_ffi: glean_core: Clearing Lifetime::Application metrics
03-05 22:03:26.927  9332  9332 D GeckoThread: State changed to LAUNCHED
03-05 22:03:26.928  9332  9365 I GeckoThread: preparing to run Gecko
03-05 22:03:26.936  9332  9332 D GeckoRuntime: Lifecycle: onCreate
03-05 22:03:26.936  9332  9365 D GeckoThread: State changed to MOZGLUE_READY
03-05 22:03:26.948  9332  9365 W Settings: Setting animator_duration_scale has moved from android.provider.Settings.System to android.provider.Settings.Global, returning read-only global URI.
03-05 22:03:26.949  9332  9332 I zygote  : Deoptimizing java.lang.Object androidx.collection.SimpleArrayMap.put(java.lang.Object, java.lang.Object) due to JIT inline cache
03-05 22:03:26.950  9332  9365 E GeckoLibLoad: Load sqlite start
03-05 22:03:26.955  9332  9332 D GleanMetricsService: Enabling Glean.
03-05 22:03:26.970  9332  9365 W GeckoLinker: /data/app/org.mozilla.fennec_aurora-EtL4BFO0bBwKR22apubfNw==/lib/arm/libnss3.so: unhandled flags #8 not handled
03-05 22:03:26.973  9332  9358 I libglean_ffi: glean_core: Upload enabled: true
03-05 22:03:26.976  9332  9365 W GeckoLinker: /data/app/org.mozilla.fennec_aurora-EtL4BFO0bBwKR22apubfNw==/lib/arm/libnss3.so: Relocation to NULL @0x001b8ffc for symbol "__cxa_type_match"
03-05 22:03:26.976  9332  9365 E GeckoLibLoad: Load sqlite done
03-05 22:03:26.977  9332  9365 E GeckoLibLoad: Load nss start
03-05 22:03:26.977  9332  9365 E GeckoLibLoad: Load nss done
03-05 22:03:26.977  9332  9365 W GeckoLinker: /data/app/org.mozilla.fennec_aurora-EtL4BFO0bBwKR22apubfNw==/lib/arm/libxul.so: unhandled flags #8 not handled
03-05 22:03:26.978  9332  9365 W GeckoLinker: /data/app/org.mozilla.fennec_aurora-EtL4BFO0bBwKR22apubfNw==/lib/arm/liblgpllibs.so: unhandled flags #8 not handled
03-05 22:03:27.005  9332  9332 W [WARNING][Leanplum]: [com.leanplum.internal.ActionManager::getLocationManager::8]: Geofencing support requires leanplum-location module and Google Play Services v8.1 and higher.
03-05 22:03:27.005  9332  9332 W [WARNING][Leanplum]: Add this to your build.gradle file:
03-05 22:03:27.005  9332  9332 W [WARNING][Leanplum]: implementation 'com.google.android.gms:play-services-location:8.3.0+'
03-05 22:03:27.005  9332  9332 W [WARNING][Leanplum]: implementation 'com.leanplum:leanplum-location:+'
