03-23 02:51:58.271 23178 23302 I chatty  : uid=11161(org.mozilla.fennec_aurora) expire 2 lines
03-23 02:51:58.271  1023 23333 D libc    : Internal error: netid(0), id(0x7090), server(0.0.0.0)
03-23 02:51:58.272 23178 23303 I chatty  : uid=11161(org.mozilla.fennec_aurora) expire 2 lines
03-23 02:51:58.272  1023 23333 D libc    : Internal error: netid(0), id(0x7090), server(0.0.0.0)
03-23 02:51:58.272  1023 23333 D libc    : Internal error: netid(0), id(0x4eb7), server(0.0.0.0)
03-23 02:51:58.273  1023 23333 D libc    : Internal error: netid(0), id(0x4eb7), server(0.0.0.0)
03-23 02:51:58.279  1023 23335 D libc    : Internal error: netid(0), id(0xf8fe), server(0.0.0.0)
03-23 02:51:58.279  1023 23335 D libc    : Internal error: netid(0), id(0xf8fe), server(0.0.0.0)
03-23 02:51:58.279  1023 23335 D libc    : Internal error: netid(0), id(0x39f0), server(0.0.0.0)
03-23 02:51:58.279  1023 23335 D libc    : Internal error: netid(0), id(0x39f0), server(0.0.0.0)
03-23 02:51:58.280  1023 23339 D libc    : Internal error: netid(0), id(0x688f), server(0.0.0.0)
03-23 02:51:58.280  1023 23339 D libc    : Internal error: netid(0), id(0x688f), server(0.0.0.0)
03-23 02:51:58.281 23178 23208 I chatty  : uid=11161(org.mozilla.fennec_aurora) expire 1 line
03-23 02:51:58.281  1023 23339 D libc    : Internal error: netid(0), id(0xcfdd), server(0.0.0.0)
03-23 02:51:58.281  1023 23339 D libc    : Internal error: netid(0), id(0xcfdd), server(0.0.0.0)
03-23 02:51:58.281 23178 23228 I chatty  : uid=11161(org.mozilla.fennec_aurora) expire 1 line
03-23 02:51:58.282 23178 23210 I chatty  : uid=11161(org.mozilla.fennec_aurora) expire 1 line
03-23 02:51:58.317 23178 23343 I chatty  : uid=11161(org.mozilla.fennec_aurora) expire 1 line
03-23 02:52:00.152   808   808 I SFPerfTracer:      triggers: (rate: 71:2010050) (compose: 0:7) (post: 0:19) (render: 0:17) (2:9652718 frames) (3:11927824)
03-23 02:52:00.152   808   808 D SFPerfTracer:        layers: (3:11) (NavigationBar#0 (0xb07df000): 0:815094) (StatusBar#0 (0xb07e3000): 3:2003296) (com.android.systemui.ImageWallpaper#0 (0xb07e7000): 0:74464)* (Sprite#0 (0xb0733000): 0:317)* (DimLayerController/Stack=0#0 (0xb075a000): 0:3780)* (Sprite#1 (0xb077c000): 0:195)* (com.android.launcher3/com.android.launcher3.CustomizationPanelLauncher#0 (0xb0763000): 0:38)- (com.android.launcher3/com.android.launcher3.CustomizationPanelLauncher#1 (0xb0771000): 0:9)- (Splash Screen org.mozilla.fennec_aurora#0 (0xb039b000): 0:19)- (Splash Screen org.mozilla.fennec_aurora#1 (0xb013a000): 0:31)- (org.mozilla.fennec_aurora/org.mozilla.fenix.HomeActivity#0 (0xb039b000): 0:42) 
03-23 02:52:02.227 23388 23388 D AndroidRuntime: >>>>>> START com.android.internal.os.RuntimeInit uid 2000 <<<<<<
03-23 02:52:02.240 23388 23388 W app_process: Could not reserve sentinel fault page
03-23 02:52:02.406 23388 23388 I app_process: The ClassLoaderContext is a special shared library.
03-23 02:52:02.471 23388 23388 D AndroidRuntime: Calling main entry com.android.commands.input.Input
03-23 02:52:02.472 23388 23388 I Input   : injectKeyEvent: KeyEvent { action=ACTION_DOWN, keyCode=KEYCODE_HOME, scanCode=0, metaState=0, flags=0x0, repeatCount=0, eventTime=17022377752, downTime=17022377752, deviceId=-1, source=0x101 }
03-23 02:52:02.479 23388 23388 I Input   : injectKeyEvent: KeyEvent { action=ACTION_UP, keyCode=KEYCODE_HOME, scanCode=0, metaState=0, flags=0x0, repeatCount=0, eventTime=17022377752, downTime=17022377752, deviceId=-1, source=0x101 }
03-23 02:52:02.485  1456  1941 I ActivityManager: START u0 {act=android.intent.action.MAIN cat=[android.intent.category.HOME] flg=0x10200000 cmp=com.android.launcher3/.CustomizationPanelLauncher (has extras)} from uid 1000
03-23 02:52:02.485   794   839 E ANDR-PERF-RESOURCEQS: Failed to apply optimization [4, 0]
03-23 02:52:02.496  1456  1941 I ActivityManager: moveHomeStack, setupComplete:true
03-23 02:52:02.499 23388 23388 D AndroidRuntime: Shutting down VM
03-23 02:52:02.507 28336 28375 I Adreno  : QUALCOMM build                   : bb5b86c, I77d3059488
03-23 02:52:02.507 28336 28375 I Adreno  : Build Date                       : 06/07/18
03-23 02:52:02.507 28336 28375 I Adreno  : OpenGL ES Shader Compiler Version: EV031.22.00.01_06
03-23 02:52:02.507 28336 28375 I Adreno  : Local Branch                     : 
03-23 02:52:02.507 28336 28375 I Adreno  : Remote Branch                    : refs/tags/AU_LINUX_ANDROID_LA.UM.6.5.R1.08.01.00.312.086
03-23 02:52:02.507 28336 28375 I Adreno  : Remote Branch                    : NONE
03-23 02:52:02.507 28336 28375 I Adreno  : Reconstruct Branch               : NOTHING
03-23 02:52:02.509 28336 28375 D vndksupport: Loading /vendor/lib/hw/gralloc.msm8937.so from current namespace instead of sphal namespace.
03-23 02:52:02.513 28336 28375 I Adreno  : PFP: 0x005ff087, ME: 0x005ff063
03-23 02:52:02.516 28336 28375 I zygote  : android::hardware::configstore::V1_0::ISurfaceFlingerConfigs::hasWideColorDisplay retrieved: 0
03-23 02:52:02.517 28336 28375 I OpenGLRenderer: Initialized EGL, version 1.4
03-23 02:52:02.517 28336 28375 D OpenGLRenderer: Swap behavior 2
03-23 02:52:02.518 19390 19390 I Finsky  : [2] ppb.onTrimMemory(1): Memory trim requested to level 80
03-23 02:52:02.521  2748  2748 D Launcher.Utilities: Wakeup weather: Intent { act=com.motorola.launcher3.action.WAKEUP_WEATHER cmp=com.motorola.timeweatherwidget/com.motorola.commandcenter.weather.WakeUpService }
03-23 02:52:02.537  1456  1456 I NotificationService: Cannot find enqueued record for key: 0|com.motorola.timeweatherwidget|1|null|10116
03-23 02:52:02.542   808   808 D SurfaceFlinger: duplicate layer name: changing com.android.launcher3/com.android.launcher3.CustomizationPanelLauncher to com.android.launcher3/com.android.launcher3.CustomizationPanelLauncher#1
03-23 02:52:02.553  1456  3927 I WifiService: getWifiEnabledState uid=10073
03-23 02:52:02.555 28336 28368 W ThreadPoolDumper: Queue length for executor EventBus is now 11. Perhaps some tasks are too long, or the pool is too small.
03-23 02:52:02.570  1456  3927 I WifiService: getWifiEnabledState uid=10073
03-23 02:52:02.580 28336 28379 I DEBUG   : OpaToSrpTransitionState#onStateChanged#notNullQuery
03-23 02:52:02.581 28336 28379 I DEBUG   : OpaToSrpTransitionState#onStateChanged#notNullQuery
03-23 02:52:02.597 28336 28379 I MicroDetectionState: Should stop hotword detection immediately - false
03-23 02:52:02.600 28336 28379 I MicroDetectionWorker: #startMicroDetector [speakerMode: 0]
03-23 02:52:02.603 28336 28379 I AudioController: Created new AudioSource
03-23 02:52:02.628 28336 28380 I MicroDataManager: isInitializedWithLatestParams-true
03-23 02:52:02.628 28336 28380 I MicroDataManager: isInitializing-false locale not changed-true model not changed-true
03-23 02:52:02.628 28336 28380 I MicroDataManager: Already initialized, obtaining the hotword data immediately.
03-23 02:52:02.628  1456  1673 I LaunchCheckinHandler: Displayed com.android.launcher3/.CustomizationPanelLauncher,wp,wa,143
03-23 02:52:02.632 28336 21552 I MicroRecognitionRunner: Starting detection.
03-23 02:52:02.632 28336 21552 I InputStreamUtils: Using micInputStream
03-23 02:52:02.633 28336 24867 I MicrophoneInputStream: mic_starting  SR : 16000 CC : 16 SO : 1999
03-23 02:52:02.636   788  1479 V msm8974_platform: platform_check_input_mask: enter check_input_mask source 6 mask 10
03-23 02:52:02.638  1012 23402 I AudioFlinger: AudioFlinger's thread 0xb2483500 tid=23402 ready to run
03-23 02:52:02.645   788  1479 D audio_hw_primary: in_set_parameters: enter: kvpairs=input_source=6;routing=-2147483644
03-23 02:52:02.646  1012  1390 D APM_AudioPolicyManager: AudioPolicyManager::startInput() input 237470, session 237585, source = 1999
03-23 02:52:02.646 28336 24867 I MicrophoneInputStream: mic_started  SR : 16000 CC : 16 SO : 1999
03-23 02:52:02.647   788 23403 V msm8974_platform: platform_update_usecase_from_source: input source :6
03-23 02:52:02.647   788 23403 V msm8974_platform: platform_check_input_mask: enter check_input_mask source 6 mask 10
03-23 02:52:02.647   788 23403 V msm8974_platform: platform_get_input_snd_device: enter: out_device(0) in_device(0x4) channel_count (1) channel_mask (0x10)
03-23 02:52:02.647   788 23403 V msm8974_platform: platform_get_input_snd_device: exit: in_snd_device(voice-rec-mic)
03-23 02:52:02.647   788 23403 V msm8974_platform: platform_get_backend_index:napb: backend port - 5 device - 120 
03-23 02:52:02.647   788 23403 V msm8974_platform: platform_check_and_set_capture_backend_cfg:txbecf: afe: bitwidth 0, samplerate 0, channel 1, backend_idx 5 usecase = 9 device (voice-rec-mic)
03-23 02:52:02.647   788 23403 V msm8974_platform: platform_check_capture_backend_cfg:txbecf: afe: Codec selected backend: 5 current bit width: 0 and sample rate: 0, channels 1
03-23 02:52:02.648   788 23403 V msm8974_platform: platform_check_capture_backend_cfg:txbecf: afe: Codec selected backend: 5 updated bit width: 0 and sample rate: 0
03-23 02:52:02.648   788 23403 I msm8974_platform: platform_check_capture_backend_cfg:txbecf: afe: Codec backend needs to be updated. new bit width: 0 new sample rate: 0 new channel: 1
03-23 02:52:02.648   788 23403 V msm8974_platform: platform_get_backend_index:napb: backend port - 5 device - 120 
03-23 02:52:02.648   788 23403 V msm8974_platform: platform_set_backend_cfg:becf: afe: bitwidth 0, samplerate 0 channels 1, backend_idx 5 device (voice-rec-mic)
03-23 02:52:02.648   788 23403 E msm8974_platform: platform_set_backend_cfg:becf: afe: Could not get ctl for mixer command - SLIM_0_TX Format
03-23 02:52:02.648   788 23403 V msm8974_platform: platform_send_audio_calibration: sending audio calibration for snd_device(120) acdb_id(62)
03-23 02:52:02.648   788 23403 D ACDB-LOADER: ACDB -> send_audio_cal, acdb_id = 62, path = 1, app id = 0x11130, sample rate = 48000
03-23 02:52:02.648   788 23403 D ACDB-LOADER: ACDB -> send_asm_topology
03-23 02:52:02.648   788 23403 D ACDB-LOADER: ACDB -> ACDB_CMD_GET_AUDPROC_STREAM_TOPOLOGY_ID
03-23 02:52:02.648   788 23403 D ACDB-LOADER: ACDB -> send_adm_topology
03-23 02:52:02.648   788 23403 D ACDB-LOADER: ACDB -> ACDB_CMD_GET_AUDPROC_COMMON_TOPOLOGY_ID
03-23 02:52:02.648   788 23403 D ACDB-LOADER: ACDB -> send_audtable
03-23 02:52:02.648   788 23403 D ACDB-LOADER: ACDB -> ACDB_CMD_GET_AUDPROC_COMMON_TABLE_SIZE
03-23 02:52:02.648   788 23403 D ACDB-LOADER: ACDB -> ACDB_CMD_GET_AUDPROC_COMMON_TABLE
03-23 02:52:02.648   788 23403 D ACDB-LOADER: ACDB -> AUDIO_SET_AUDPROC_CAL
03-23 02:52:02.648   788 23403 D ACDB-LOADER: ACDB -> send_audvoltable
03-23 02:52:02.649   788 23403 D ACDB-LOADER: ACDB -> ACDB_CMD_GET_AUDPROC_VOL_STEP_TABLE_SIZE
03-23 02:52:02.649   788 23403 D ACDB-LOADER: ACDB -> ACDB_CMD_GET_AUDPROC_GAIN_DEP_STEP_TABLE, vol index 0
03-23 02:52:02.649   788 23403 D         : Failed to fetch the lookup information of the device 0000003E 
03-23 02:52:02.649   788 23403 D ACDB-LOADER: ACDB -> AUDIO_SET_VOL_CAL cal type = 12
03-23 02:52:02.649   788 23403 D ACDB-LOADER: ACDB -> ACDB_CMD_GET_AUDPROC_STREAM_TABLE_SIZE
03-23 02:52:02.649   788 23403 D ACDB-LOADER: ACDB -> send_audstrmtable
03-23 02:52:02.649   788 23403 D ACDB-LOADER: ACDB -> ACDB_CMD_GET_AUDPROC_STREAM_TABLE_V2
03-23 02:52:02.649   788 23403 D ACDB-LOADER: ACDB -> audstrm_cal->cal_type.cal_data.cal_size = 456
03-23 02:52:02.649   788 23403 D ACDB-LOADER: ACDB -> send_afe_topology
03-23 02:52:02.649   788 23403 D ACDB-LOADER: ACDB -> ACDB_CMD_GET_AFE_TOPOLOGY_ID
03-23 02:52:02.649   788 23403 D ACDB-LOADER: ACDB -> GET_AFE_TOPOLOGY_ID for adcd_id 62, Topology Id 112fb
03-23 02:52:02.649   788 23403 D ACDB-LOADER: ACDB -> send_afe_cal
03-23 02:52:02.649   788 23403 D ACDB-LOADER: ACDB -> ACDB_CMD_GET_AFE_COMMON_TABLE_SIZE
03-23 02:52:02.649   788 23403 D         : Failed to fetch the lookup information of the device 0000003E 
03-23 02:52:02.649   788 23403 E ACDB-LOADER: Error: ACDB_CMD_GET_AFE_COMMON_TABLE_SIZE Returned = -19
03-23 02:52:02.649   788 23403 D ACDB-LOADER: ACDB -> ACDB_CMD_GET_AFE_COMMON_TABLE
03-23 02:52:02.649   788 23403 D         : Failed to fetch the lookup information of the device 0000003E 
03-23 02:52:02.649   788 23403 D ACDB-LOADER: ACDB -> AUDIO_SET_AFE_CAL
03-23 02:52:02.649   788 23403 D ACDB-LOADER: ACDB -> send_hw_delay : acdb_id = 62 path = 1
03-23 02:52:02.649   788 23403 D ACDB-LOADER: ACDB -> ACDB_AVSYNC_INFO: ACDB_CMD_GET_DEVICE_PROPERTY
03-23 02:52:02.649   788 23403 D audio_hw_primary: enable_snd_device: snd_device(120: voice-rec-mic)
03-23 02:52:02.649   788 23403 D audio_route: Apply path: voice-rec-mic
03-23 02:52:02.652   788 23403 V msm8974_platform: platform_get_snd_device_backend_index: enter with device 120
03-23 02:52:02.652   788 23403 E msm8974_platform: platform_get_snd_device_backend_index: BE DAI Name Table is not present
03-23 02:52:02.652   788 23403 V msm8974_platform: platform_get_backend_index:napb: backend port - 5 device - 120 
03-23 02:52:02.652   788 23403 I audio_hw_utils: Set Audio Stream Capture 0 App Type Cfg: app_type 69936, acdb_dev_id 62, sample_rate 48000, snd_device_be_idx -14
03-23 02:52:02.653   788 23403 D audio_hw_primary: enable_audio_route: usecase(9) apply and update mixer path: audio-record
03-23 02:52:02.653   788 23403 D audio_route: Apply path: audio-record
03-23 02:52:02.697 23178 23230 I chatty  : uid=11161(org.mozilla.fennec_aurora) expire 2 lines
03-23 02:52:02.728 28336 28379 I MicroDetectionWorker: onReady
03-23 02:52:03.025  1456  7796 I OpenGLRenderer: Initialized EGL, version 1.4
03-23 02:52:03.026  1456  7796 D OpenGLRenderer: Swap behavior 2
03-23 02:52:03.089  2748  2917 W OpenGLRenderer: Incorrectly called buildLayer on View: ShortcutAndWidgetContainer, destroying layer...
03-23 02:52:03.198 23178 23206 I chatty  : uid=11161(org.mozilla.fennec_aurora) expire 6 lines
03-23 02:52:03.219   808   898 I SFPerfTracer:      triggers: (rate: 0:1) (0 sw vsyncs) (0 skipped) (36:5575536 vsyncs) (38:12011132)
03-23 02:52:03.422  1456  1466 I zygote  : NativeAlloc concurrent copying GC freed 113328(26MB) AllocSpace objects, 17(596KB) LOS objects, 34% free, 45MB/69MB, paused 151us total 396.453ms
03-23 02:52:07.657  1456  5027 I ActivityManager: Force stopping org.mozilla.fennec_aurora appid=11161 user=0: from pid 23409
03-23 02:52:07.657  1456  5027 I ActivityManager: Killing 23178:org.mozilla.fennec_aurora/u0a1161 (adj 700): stop org.mozilla.fennec_aurora
03-23 02:52:07.660  1456  1605 W zygote  : kill(-23178, 9) failed: No such process
03-23 02:52:07.662  1456  5027 W ActivityManager: Force removing ActivityRecord{5849ba5 u0 org.mozilla.fennec_aurora/org.mozilla.fenix.HomeActivity t44768}: app died, no saved state
03-23 02:52:07.671  1456  5027 I ActivityManager: Killing 23261:org.mozilla.fennec_aurora:tab0/u0a1161 (adj 0): stop org.mozilla.fennec_aurora
03-23 02:52:07.680  1456  1605 W zygote  : kill(-23178, 9) failed: No such process
03-23 02:52:07.685  2398  2398 D CarrierSvcBindHelper: No carrier app for: 0
03-23 02:52:07.686  2398  2398 D CarrierSvcBindHelper: No carrier app for: 1
03-23 02:52:07.695  1456  1605 W zygote  : kill(-23178, 9) failed: No such process
03-23 02:52:07.730  1456  1605 I chatty  : uid=1000(system) ActivityManager identical 3 lines
03-23 02:52:07.735  1456  3927 D ConnectivityService: ConnectivityService NetworkRequestInfo binderDied(NetworkRequest [ TRACK_DEFAULT id=33226, [ Capabilities: INTERNET&NOT_RESTRICTED&TRUSTED&NOT_VPN] ], android.os.BinderProxy@99b723a)
03-23 02:52:07.736  1456  2067 D ConnectivityService: releasing NetworkRequest [ TRACK_DEFAULT id=33226, [ Capabilities: INTERNET&NOT_RESTRICTED&TRUSTED&NOT_VPN] ] (release request)
03-23 02:52:07.736  1456  1673 W ActivityManager: setHasOverlayUi called on unknown pid: 23178
03-23 02:52:07.744  1456  1605 W zygote  : kill(-23178, 9) failed: No such process
03-23 02:52:07.745  1456  1605 I zygote  : Successfully killed process cgroup uid 11161 pid 23178 in 84ms
03-23 02:52:07.745  1456  1605 W zygote  : kill(-23261, 9) failed: No such process
03-23 02:52:07.745  1456  1605 I zygote  : Successfully killed process cgroup uid 11161 pid 23261 in 0ms
03-23 02:52:07.780  1456  1473 I ActivityManager: START u0 {act=android.intent.action.MAIN cat=[android.intent.category.LAUNCHER] flg=0x10000000 cmp=org.mozilla.fennec_aurora/.App} from uid 2000
03-23 02:52:07.780   794   839 E ANDR-PERF-RESOURCEQS: Failed to apply optimization [4, 0]
03-23 02:52:07.801  1456  4829 I ActivityManager: Start proc 23416:org.mozilla.fennec_aurora/u0a1161 for activity org.mozilla.fennec_aurora/.App
03-23 02:52:07.888 28336 28379 I MicroDetectionState: Should stop hotword detection immediately - false
03-23 02:52:07.889 28336 28379 I MicroDetector: Keeping mic open: false
03-23 02:52:07.889 28336 21549 E DeviceStateChecker: DeviceStateChecker cancelled
03-23 02:52:07.889 28336 28379 I RecognitionAudioControl: #shutdownAudio [requestId: 3603595295334180513, keepAudioOpen: false, forced: true]
03-23 02:52:07.889 28336 28379 I RecognitionAudioControl: #internalShutdownAudio [requestId: 3603595295334180513]
03-23 02:52:07.889 28336 28379 I RecognitionAudioControl: #internalShutdownAudio [keepAudioOpen: false, forced: true]
03-23 02:52:07.889 28336 28379 I RecognitionAudioControl: #actualShutdownAudio
03-23 02:52:07.889 28336 28379 I AudioController: #shutdown [requestId=3603595295334180513]
03-23 02:52:07.889 28336 28366 I AudioController: internalShutdown
03-23 02:52:07.889 28336 28378 I MicroRecognitionRunner: Stopping hotword detection.
03-23 02:52:07.948   788  1479 D audio_hw_primary: disable_audio_route: usecase(9) reset and update mixer path: audio-record
03-23 02:52:07.949   788  1479 D audio_hw_primary: disable_snd_device: snd_device(120: voice-rec-mic)
03-23 02:52:07.950  1012  4918 D APM_AudioPolicyManager: stopInput() input 237470, session 237585
03-23 02:52:07.951   788  1479 D audio_hw_primary: in_set_parameters: enter: kvpairs=routing=0
03-23 02:52:07.953 28336 28366 I MicrophoneInputStream: mic_close  SR : 16000 CC : 16 SO : 1999
03-23 02:52:07.953 28336 28366 E AudioSource: Stop listening is called on already closed AudioSource
03-23 02:52:07.955 28336 21552 I MicroRecognitionRunner: Detection finished
03-23 02:52:07.967 23416 23416 I chatty  : uid=11161(org.mozilla.fennec_aurora) expire 46 lines
03-23 02:52:08.045 23416 23436 I chatty  : uid=11161(org.mozilla.fennec_aurora) expire 4 lines
03-23 02:52:08.068 23416 23444 I chatty  : uid=11161(org.mozilla.fennec_aurora) expire 13 lines
03-23 02:52:08.089 23416 23443 I chatty  : uid=11161(org.mozilla.fennec_aurora) expire 11 lines
03-23 02:52:08.094 23416 23447 I chatty  : uid=11161(org.mozilla.fennec_aurora) expire 26 lines
03-23 02:52:08.197 23416 23454 I chatty  : uid=11161(org.mozilla.fennec_aurora) expire 1 line
03-23 02:52:08.246 23416 23463 I chatty  : uid=11161(org.mozilla.fennec_aurora) expire 10 lines
03-23 02:52:08.251 23416 23421 I chatty  : uid=11161(org.mozilla.fennec_aurora) expire 8 lines
03-23 02:52:08.280  1456 10736 I ActivityManager: START u0 {act=android.intent.action.MAIN cat=[android.intent.category.LAUNCHER] flg=0x10000000 cmp=org.mozilla.fennec_aurora/org.mozilla.fenix.HomeActivity (has extras)} from uid 11161
03-23 02:52:08.301   808   808 D SurfaceFlinger: duplicate layer name: changing Splash Screen org.mozilla.fennec_aurora to Splash Screen org.mozilla.fennec_aurora#1
03-23 02:52:08.530  1456  1473 I ActivityManager: Start proc 23500:org.mozilla.fennec_aurora:tab0/u0a1161 for service org.mozilla.fennec_aurora/org.mozilla.gecko.process.GeckoChildProcessServices$tab0
03-23 02:52:08.670 23500 23500 I chatty  : uid=11161(org.mozilla.fennec_aurora) com.google.android.apps.tachyon expire 1 line
03-23 02:52:08.671 23500 23522 I chatty  : uid=11161(org.mozilla.fennec_aurora) com.google.android.apps.tachyon expire 1 line
03-23 02:52:08.689 23416 23523 I chatty  : uid=11161(org.mozilla.fennec_aurora) expire 9 lines
03-23 02:52:08.920  1456  1673 I LaunchCheckinHandler: Displayed org.mozilla.fennec_aurora/org.mozilla.fenix.HomeActivity,wp,ca,604
03-23 02:52:08.920  1456  1673 I ActivityManager: Displayed org.mozilla.fennec_aurora/org.mozilla.fenix.HomeActivity: +599ms (total +1s126ms)
03-23 02:52:08.990 28336 28379 E AudioSource: Stop listening is called on already closed AudioSource
03-23 02:52:08.992 28336 28336 I MemoryTrimmer: Trimming objects from memory, since app is in the background.
03-23 02:52:08.993 28336 24867 I PBSessionCacheImpl: Deleted sessionId[124624629806595917] from persistence.
03-23 02:52:08.998  1456  1473 I WifiService: getWifiEnabledState uid=10073
03-23 02:52:09.012 28336 28379 I DEBUG   : OpaToSrpTransitionState#onStateChanged#notNullQuery
03-23 02:52:09.013 28336 28379 I DEBUG   : OpaToSrpTransitionState#onStateChanged#notNullQuery
03-23 02:52:09.014 28336 28379 W SearchServiceCore: Abort, client detached.
03-23 02:52:09.016 28336 28379 W SearchServiceCore: Abort, client detached.
03-23 02:52:09.087   808   808 I SFPerfTracer:      triggers: (rate: 71:2010051) (compose: 0:7) (post: 0:19) (render: 0:17) (6:9652791 frames) (7:11927925)
03-23 02:52:09.087   808   808 D SFPerfTracer:        layers: (4:12) (NavigationBar#0 (0xb07df000): 0:815115) (StatusBar#0 (0xb07e3000): 0:2003318) (com.android.systemui.ImageWallpaper#0 (0xb07e7000): 0:74466)* (Sprite#0 (0xb0733000): 0:317)* (DimLayerController/Stack=0#0 (0xb075a000): 0:3780)* (Sprite#1 (0xb077c000): 0:195)* (org.mozilla.fennec_aurora/org.mozilla.fenix.HomeActivity#0 (0xb039b000): 0:68)- (com.android.launcher3/com.android.launcher3.CustomizationPanelLauncher#0 (0xb0763000): 0:38)- (com.android.launcher3/com.android.launcher3.CustomizationPanelLauncher#1 (0xb0771000): 0:10)- (Splash Screen org.mozilla.fennec_aurora#0 (0xb039b000): 0:19)- (Splash Screen org.mozilla.fennec_aurora#1 (0xb013a000): 7:30) (org.mozilla.fennec_aurora/org.mozilla.fenix.HomeActivity#0 (0xb039b000): 7:12) 
03-23 02:52:09.137  1456  1473 I ActivityManager: Fully drawn org.mozilla.fennec_aurora/org.mozilla.fenix.HomeActivity: +821ms (total +1s348ms)
03-23 02:52:09.292 23416 23544 I chatty  : uid=11161(org.mozilla.fennec_aurora) expire 2 lines
03-23 02:52:09.442  1023 23549 D libc    : Internal error: netid(0), id(0x8dd3), server(0.0.0.0)
03-23 02:52:09.442  1023 23549 D libc    : Internal error: netid(0), id(0x8dd3), server(0.0.0.0)
03-23 02:52:09.443  1023 23549 D libc    : Internal error: netid(0), id(0x1cc2), server(0.0.0.0)
03-23 02:52:09.443  1023 23549 D libc    : Internal error: netid(0), id(0x1cc2), server(0.0.0.0)
03-23 02:52:09.461  1023 23561 D libc    : Internal error: netid(0), id(0x2bff), server(0.0.0.0)
03-23 02:52:09.462  1023 23561 D libc    : Internal error: netid(0), id(0x2bff), server(0.0.0.0)
03-23 02:52:09.462  1023 23561 D libc    : Internal error: netid(0), id(0xa8d1), server(0.0.0.0)
03-23 02:52:09.463  1023 23561 D libc    : Internal error: netid(0), id(0xa8d1), server(0.0.0.0)
03-23 02:52:09.465  1023 23566 D libc    : Internal error: netid(0), id(0x9cf4), server(0.0.0.0)
03-23 02:52:09.466  1023 23566 D libc    : Internal error: netid(0), id(0x9cf4), server(0.0.0.0)
03-23 02:52:09.466  1023 23566 D libc    : Internal error: netid(0), id(0x84c6), server(0.0.0.0)
03-23 02:52:09.466  1023 23566 D libc    : Internal error: netid(0), id(0x84c6), server(0.0.0.0)
03-23 02:52:09.470 23416 23538 I chatty  : uid=11161(org.mozilla.fennec_aurora) expire 2 lines
03-23 02:52:09.471 23416 23469 I chatty  : uid=11161(org.mozilla.fennec_aurora) expire 1 line
03-23 02:52:09.472 23416 23444 I chatty  : uid=11161(org.mozilla.fennec_aurora) expire 1 line
03-23 02:52:09.472 23416 23537 I chatty  : uid=11161(org.mozilla.fennec_aurora) expire 2 lines
03-23 02:52:09.473 23416 23446 I chatty  : uid=11161(org.mozilla.fennec_aurora) expire 1 line
03-23 02:52:09.485  1023 23570 D libc    : Internal error: netid(0), id(0xd382), server(0.0.0.0)
03-23 02:52:09.485  1023 23570 D libc    : Internal error: netid(0), id(0xd382), server(0.0.0.0)
03-23 02:52:09.485  1023 23570 D libc    : Internal error: netid(0), id(0xbbec), server(0.0.0.0)
03-23 02:52:09.485  1023 23570 D libc    : Internal error: netid(0), id(0xbbec), server(0.0.0.0)
03-23 02:52:09.486  1023 23575 D libc    : Internal error: netid(0), id(0x538d), server(0.0.0.0)
03-23 02:52:09.486  1023 23575 D libc    : Internal error: netid(0), id(0x538d), server(0.0.0.0)
03-23 02:52:09.486  1023 23575 D libc    : Internal error: netid(0), id(0x33d5), server(0.0.0.0)
03-23 02:52:09.487  1023 23575 D libc    : Internal error: netid(0), id(0x33d5), server(0.0.0.0)
03-23 02:52:09.491  1023 23578 D libc    : Internal error: netid(0), id(0x14c3), server(0.0.0.0)
03-23 02:52:09.491  1023 23578 D libc    : Internal error: netid(0), id(0x14c3), server(0.0.0.0)
03-23 02:52:09.491  1023 23578 D libc    : Internal error: netid(0), id(0x1fba), server(0.0.0.0)
03-23 02:52:09.491  1023 23578 D libc    : Internal error: netid(0), id(0x1fba), server(0.0.0.0)
03-23 02:52:09.520 23416 23586 I chatty  : uid=11161(org.mozilla.fennec_aurora) expire 1 line
03-23 02:52:09.910 23416 23416 I chatty  : uid=11161(org.mozilla.fennec_aurora) expire 11 lines
03-23 02:52:10.003 23416 23447 I chatty  : uid=11161(org.mozilla.fennec_aurora) expire 1 line
03-23 02:52:13.432 23623 23623 D AndroidRuntime: >>>>>> START com.android.internal.os.RuntimeInit uid 2000 <<<<<<
03-23 02:52:13.445 23623 23623 W app_process: Could not reserve sentinel fault page
03-23 02:52:13.610 23623 23623 I app_process: The ClassLoaderContext is a special shared library.
03-23 02:52:13.679 23623 23623 D AndroidRuntime: Calling main entry com.android.commands.input.Input
03-23 02:52:13.680 23623 23623 I Input   : injectKeyEvent: KeyEvent { action=ACTION_DOWN, keyCode=KEYCODE_HOME, scanCode=0, metaState=0, flags=0x0, repeatCount=0, eventTime=17022388960, downTime=17022388960, deviceId=-1, source=0x101 }
03-23 02:52:13.690 23623 23623 I Input   : injectKeyEvent: KeyEvent { action=ACTION_UP, keyCode=KEYCODE_HOME, scanCode=0, metaState=0, flags=0x0, repeatCount=0, eventTime=17022388960, downTime=17022388960, deviceId=-1, source=0x101 }
03-23 02:52:13.697  1456  1941 I ActivityManager: START u0 {act=android.intent.action.MAIN cat=[android.intent.category.HOME] flg=0x10200000 cmp=com.android.launcher3/.CustomizationPanelLauncher (has extras)} from uid 1000
03-23 02:52:13.697   794   839 E ANDR-PERF-RESOURCEQS: Failed to apply optimization [4, 0]
03-23 02:52:13.709  1456  1941 I ActivityManager: moveHomeStack, setupComplete:true
03-23 02:52:13.714 28336 28375 I Adreno  : QUALCOMM build                   : bb5b86c, I77d3059488
03-23 02:52:13.714 28336 28375 I Adreno  : Build Date                       : 06/07/18
03-23 02:52:13.714 28336 28375 I Adreno  : OpenGL ES Shader Compiler Version: EV031.22.00.01_06
03-23 02:52:13.714 28336 28375 I Adreno  : Local Branch                     : 
03-23 02:52:13.714 28336 28375 I Adreno  : Remote Branch                    : refs/tags/AU_LINUX_ANDROID_LA.UM.6.5.R1.08.01.00.312.086
03-23 02:52:13.714 28336 28375 I Adreno  : Remote Branch                    : NONE
03-23 02:52:13.714 28336 28375 I Adreno  : Reconstruct Branch               : NOTHING
03-23 02:52:13.717 28336 28375 D vndksupport: Loading /vendor/lib/hw/gralloc.msm8937.so from current namespace instead of sphal namespace.
03-23 02:52:13.720 23623 23623 D AndroidRuntime: Shutting down VM
03-23 02:52:13.721 28336 28375 I Adreno  : PFP: 0x005ff087, ME: 0x005ff063
03-23 02:52:13.726 28336 28375 I zygote  : android::hardware::configstore::V1_0::ISurfaceFlingerConfigs::hasWideColorDisplay retrieved: 0
03-23 02:52:13.727 28336 28375 I OpenGLRenderer: Initialized EGL, version 1.4
03-23 02:52:13.727 28336 28375 D OpenGLRenderer: Swap behavior 2
03-23 02:52:13.732 19390 19390 I Finsky  : [2] ppb.onTrimMemory(1): Memory trim requested to level 80
03-23 02:52:13.733  2748  2748 D Launcher.Utilities: Wakeup weather: Intent { act=com.motorola.launcher3.action.WAKEUP_WEATHER cmp=com.motorola.timeweatherwidget/com.motorola.commandcenter.weather.WakeUpService }
03-23 02:52:13.749  1456  1456 I NotificationService: Cannot find enqueued record for key: 0|com.motorola.timeweatherwidget|1|null|10116
03-23 02:52:13.753   808   808 D SurfaceFlinger: duplicate layer name: changing com.android.launcher3/com.android.launcher3.CustomizationPanelLauncher to com.android.launcher3/com.android.launcher3.CustomizationPanelLauncher#1
03-23 02:52:13.759 28336 28336 W ThreadPoolDumper: Queue length for executor EventBus is now 11. Perhaps some tasks are too long, or the pool is too small.
03-23 02:52:13.768  1456 10736 I WifiService: getWifiEnabledState uid=10073
03-23 02:52:13.780  1456 10736 I WifiService: getWifiEnabledState uid=10073
03-23 02:52:13.789 28336 28379 I DEBUG   : OpaToSrpTransitionState#onStateChanged#notNullQuery
03-23 02:52:13.790 28336 28379 I DEBUG   : OpaToSrpTransitionState#onStateChanged#notNullQuery
03-23 02:52:13.806 28336 28379 I MicroDetectionState: Should stop hotword detection immediately - false
03-23 02:52:13.809 28336 28379 I MicroDetectionWorker: #startMicroDetector [speakerMode: 0]
03-23 02:52:13.811 28336 28379 I AudioController: Created new AudioSource
03-23 02:52:13.813 28336 28378 I MicroDataManager: isInitializedWithLatestParams-true
03-23 02:52:13.813 28336 28378 I MicroDataManager: isInitializing-false locale not changed-true model not changed-true
03-23 02:52:13.813 28336 28378 I MicroDataManager: Already initialized, obtaining the hotword data immediately.
03-23 02:52:13.820 28336 21549 I MicroRecognitionRunner: Starting detection.
03-23 02:52:13.820 28336 21549 I InputStreamUtils: Using micInputStream
03-23 02:52:13.821 28336 18383 I MicrophoneInputStream: mic_starting  SR : 16000 CC : 16 SO : 1999
03-23 02:52:13.823   788  1479 V msm8974_platform: platform_check_input_mask: enter check_input_mask source 6 mask 10
03-23 02:52:13.825  1012 23637 I AudioFlinger: AudioFlinger's thread 0xb2483500 tid=23637 ready to run
03-23 02:52:13.830   788  1479 D audio_hw_primary: in_set_parameters: enter: kvpairs=input_source=6;routing=-2147483644
03-23 02:52:13.831  1012  1301 D APM_AudioPolicyManager: AudioPolicyManager::startInput() input 237478, session 237593, source = 1999
03-23 02:52:13.832 28336 18383 I MicrophoneInputStream: mic_started  SR : 16000 CC : 16 SO : 1999
03-23 02:52:13.833   788 23638 V msm8974_platform: platform_update_usecase_from_source: input source :6
03-23 02:52:13.833   788 23638 V msm8974_platform: platform_check_input_mask: enter check_input_mask source 6 mask 10
03-23 02:52:13.833   788 23638 V msm8974_platform: platform_get_input_snd_device: enter: out_device(0) in_device(0x4) channel_count (1) channel_mask (0x10)
03-23 02:52:13.833   788 23638 V msm8974_platform: platform_get_input_snd_device: exit: in_snd_device(voice-rec-mic)
03-23 02:52:13.833   788 23638 V msm8974_platform: platform_get_backend_index:napb: backend port - 5 device - 120 
03-23 02:52:13.833   788 23638 V msm8974_platform: platform_check_and_set_capture_backend_cfg:txbecf: afe: bitwidth 0, samplerate 0, channel 1, backend_idx 5 usecase = 9 device (voice-rec-mic)
03-23 02:52:13.833   788 23638 V msm8974_platform: platform_check_capture_backend_cfg:txbecf: afe: Codec selected backend: 5 current bit width: 0 and sample rate: 0, channels 1
03-23 02:52:13.833   788 23638 V msm8974_platform: platform_check_capture_backend_cfg:txbecf: afe: Codec selected backend: 5 updated bit width: 0 and sample rate: 0
03-23 02:52:13.833   788 23638 I msm8974_platform: platform_check_capture_backend_cfg:txbecf: afe: Codec backend needs to be updated. new bit width: 0 new sample rate: 0 new channel: 1
03-23 02:52:13.833   788 23638 V msm8974_platform: platform_get_backend_index:napb: backend port - 5 device - 120 
03-23 02:52:13.833   788 23638 V msm8974_platform: platform_set_backend_cfg:becf: afe: bitwidth 0, samplerate 0 channels 1, backend_idx 5 device (voice-rec-mic)
03-23 02:52:13.834   788 23638 E msm8974_platform: platform_set_backend_cfg:becf: afe: Could not get ctl for mixer command - SLIM_0_TX Format
03-23 02:52:13.834   788 23638 V msm8974_platform: platform_send_audio_calibration: sending audio calibration for snd_device(120) acdb_id(62)
03-23 02:52:13.834   788 23638 D ACDB-LOADER: ACDB -> send_audio_cal, acdb_id = 62, path = 1, app id = 0x11130, sample rate = 48000
03-23 02:52:13.834   788 23638 D ACDB-LOADER: ACDB -> send_asm_topology
03-23 02:52:13.834   788 23638 D ACDB-LOADER: ACDB -> ACDB_CMD_GET_AUDPROC_STREAM_TOPOLOGY_ID
03-23 02:52:13.834   788 23638 D ACDB-LOADER: ACDB -> send_adm_topology
03-23 02:52:13.834   788 23638 D ACDB-LOADER: ACDB -> ACDB_CMD_GET_AUDPROC_COMMON_TOPOLOGY_ID
03-23 02:52:13.834   788 23638 D ACDB-LOADER: ACDB -> send_audtable
03-23 02:52:13.834   788 23638 D ACDB-LOADER: ACDB -> ACDB_CMD_GET_AUDPROC_COMMON_TABLE_SIZE
03-23 02:52:13.834   788 23638 D ACDB-LOADER: ACDB -> ACDB_CMD_GET_AUDPROC_COMMON_TABLE
03-23 02:52:13.834   788 23638 D ACDB-LOADER: ACDB -> AUDIO_SET_AUDPROC_CAL
03-23 02:52:13.834   788 23638 D ACDB-LOADER: ACDB -> send_audvoltable
03-23 02:52:13.834   788 23638 D ACDB-LOADER: ACDB -> ACDB_CMD_GET_AUDPROC_VOL_STEP_TABLE_SIZE
03-23 02:52:13.834   788 23638 D ACDB-LOADER: ACDB -> ACDB_CMD_GET_AUDPROC_GAIN_DEP_STEP_TABLE, vol index 0
03-23 02:52:13.835   788 23638 D         : Failed to fetch the lookup information of the device 0000003E 
03-23 02:52:13.835   788 23638 D ACDB-LOADER: ACDB -> AUDIO_SET_VOL_CAL cal type = 12
03-23 02:52:13.835   788 23638 D ACDB-LOADER: ACDB -> ACDB_CMD_GET_AUDPROC_STREAM_TABLE_SIZE
03-23 02:52:13.835   788 23638 D ACDB-LOADER: ACDB -> send_audstrmtable
03-23 02:52:13.835   788 23638 D ACDB-LOADER: ACDB -> ACDB_CMD_GET_AUDPROC_STREAM_TABLE_V2
03-23 02:52:13.835   788 23638 D ACDB-LOADER: ACDB -> audstrm_cal->cal_type.cal_data.cal_size = 456
03-23 02:52:13.835   788 23638 D ACDB-LOADER: ACDB -> send_afe_topology
03-23 02:52:13.835   788 23638 D ACDB-LOADER: ACDB -> ACDB_CMD_GET_AFE_TOPOLOGY_ID
03-23 02:52:13.835   788 23638 D ACDB-LOADER: ACDB -> GET_AFE_TOPOLOGY_ID for adcd_id 62, Topology Id 112fb
03-23 02:52:13.835   788 23638 D ACDB-LOADER: ACDB -> send_afe_cal
03-23 02:52:13.835   788 23638 D ACDB-LOADER: ACDB -> ACDB_CMD_GET_AFE_COMMON_TABLE_SIZE
03-23 02:52:13.835   788 23638 D         : Failed to fetch the lookup information of the device 0000003E 
03-23 02:52:13.835   788 23638 E ACDB-LOADER: Error: ACDB_CMD_GET_AFE_COMMON_TABLE_SIZE Returned = -19
03-23 02:52:13.835   788 23638 D ACDB-LOADER: ACDB -> ACDB_CMD_GET_AFE_COMMON_TABLE
03-23 02:52:13.835   788 23638 D         : Failed to fetch the lookup information of the device 0000003E 
03-23 02:52:13.835   788 23638 D ACDB-LOADER: ACDB -> AUDIO_SET_AFE_CAL
03-23 02:52:13.835   788 23638 D ACDB-LOADER: ACDB -> send_hw_delay : acdb_id = 62 path = 1
03-23 02:52:13.835   788 23638 D ACDB-LOADER: ACDB -> ACDB_AVSYNC_INFO: ACDB_CMD_GET_DEVICE_PROPERTY
03-23 02:52:13.835   788 23638 D audio_hw_primary: enable_snd_device: snd_device(120: voice-rec-mic)
03-23 02:52:13.835   788 23638 D audio_route: Apply path: voice-rec-mic
03-23 02:52:13.838   788 23638 V msm8974_platform: platform_get_snd_device_backend_index: enter with device 120
03-23 02:52:13.838   788 23638 E msm8974_platform: platform_get_snd_device_backend_index: BE DAI Name Table is not present
03-23 02:52:13.838   788 23638 V msm8974_platform: platform_get_backend_index:napb: backend port - 5 device - 120 
03-23 02:52:13.838   788 23638 I audio_hw_utils: Set Audio Stream Capture 0 App Type Cfg: app_type 69936, acdb_dev_id 62, sample_rate 48000, snd_device_be_idx -14
03-23 02:52:13.838   788 23638 D audio_hw_primary: enable_audio_route: usecase(9) apply and update mixer path: audio-record
03-23 02:52:13.838   788 23638 D audio_route: Apply path: audio-record
03-23 02:52:13.848  1456  1673 I LaunchCheckinHandler: Displayed com.android.launcher3/.CustomizationPanelLauncher,wp,wa,151
03-23 02:52:13.908 28336 28379 I MicroDetectionWorker: onReady
03-23 02:52:13.929 23416 23466 I chatty  : uid=11161(org.mozilla.fennec_aurora) expire 2 lines
03-23 02:52:13.974  2146  2165 I zygote  : NativeAlloc concurrent copying GC freed 20411(1089KB) AllocSpace objects, 0(0B) LOS objects, 49% free, 8MB/17MB, paused 110us total 114.528ms
03-23 02:52:14.253  1456  7796 I OpenGLRenderer: Initialized EGL, version 1.4
03-23 02:52:14.254  1456  7796 D OpenGLRenderer: Swap behavior 2
03-23 02:52:14.300  2748  2917 W OpenGLRenderer: Incorrectly called buildLayer on View: ShortcutAndWidgetContainer, destroying layer...
03-23 02:52:14.410 23416 23443 I chatty  : uid=11161(org.mozilla.fennec_aurora) expire 6 lines
03-23 02:52:14.430   808   898 I SFPerfTracer:      triggers: (rate: 0:1) (0 sw vsyncs) (0 skipped) (36:5575644 vsyncs) (38:12011264)
03-23 02:52:15.244  1456  1466 I zygote  : Background concurrent copying GC freed 103518(23MB) AllocSpace objects, 13(452KB) LOS objects, 32% free, 50MB/74MB, paused 195us total 389.976ms
03-23 02:52:18.870  1456  1473 I ActivityManager: Force stopping org.mozilla.fennec_aurora appid=11161 user=0: from pid 23643
03-23 02:52:18.870  1456  1473 I ActivityManager: Killing 23416:org.mozilla.fennec_aurora/u0a1161 (adj 700): stop org.mozilla.fennec_aurora
03-23 02:52:18.872  1456  1605 W zygote  : kill(-23416, 9) failed: No such process
03-23 02:52:18.873 23500 23500 I chatty  : uid=11161(org.mozilla.fennec_aurora) com.google.android.apps.tachyon expire 1 line
03-23 02:52:18.874  1456  1473 W ActivityManager: Force removing ActivityRecord{4d8959a u0 org.mozilla.fennec_aurora/org.mozilla.fenix.HomeActivity t44770}: app died, no saved state
03-23 02:52:18.888  1456  1605 W zygote  : kill(-23416, 9) failed: No such process
03-23 02:52:18.892  1456  1473 I ActivityManager: Killing 23500:org.mozilla.fennec_aurora:tab0/u0a1161 (adj 0): stop org.mozilla.fennec_aurora
03-23 02:52:18.904  2398  2398 D CarrierSvcBindHelper: No carrier app for: 0
03-23 02:52:18.905  1456  1605 W zygote  : kill(-23416, 9) failed: No such process
03-23 02:52:18.905  2398  2398 D CarrierSvcBindHelper: No carrier app for: 1
03-23 02:52:18.918  1456  1605 W zygote  : kill(-23416, 9) failed: No such process
03-23 02:52:18.937  1456  1605 I chatty  : uid=1000(system) ActivityManager identical 4 lines
03-23 02:52:18.943  1456  1673 W ActivityManager: setHasOverlayUi called on unknown pid: 23416
03-23 02:52:18.952  1456  1605 W zygote  : kill(-23416, 9) failed: No such process
03-23 02:52:18.952  1456  1605 I zygote  : Successfully killed process cgroup uid 11161 pid 23416 in 80ms
03-23 02:52:18.953  1456  1605 W zygote  : kill(-23500, 9) failed: No such process
03-23 02:52:18.953  1456  1605 I zygote  : Successfully killed process cgroup uid 11161 pid 23500 in 0ms
03-23 02:52:19.005  1456  7570 I ActivityManager: START u0 {act=android.intent.action.MAIN cat=[android.intent.category.LAUNCHER] flg=0x10000000 cmp=org.mozilla.fennec_aurora/.App} from uid 2000
03-23 02:52:19.005   794   839 E ANDR-PERF-RESOURCEQS: Failed to apply optimization [4, 0]
03-23 02:52:19.025  1456  5797 I ActivityManager: Start proc 23650:org.mozilla.fennec_aurora/u0a1161 for activity org.mozilla.fennec_aurora/.App
03-23 02:52:19.114 28336 28379 I MicroDetectionState: Should stop hotword detection immediately - false
03-23 02:52:19.115 28336 28379 I MicroDetector: Keeping mic open: false
03-23 02:52:19.115 28336 28379 I RecognitionAudioControl: #shutdownAudio [requestId: 1624578632773049887, keepAudioOpen: false, forced: true]
03-23 02:52:19.115 28336 21552 E DeviceStateChecker: DeviceStateChecker cancelled
03-23 02:52:19.115 28336 28379 I RecognitionAudioControl: #internalShutdownAudio [requestId: 1624578632773049887]
03-23 02:52:19.115 28336 28379 I RecognitionAudioControl: #internalShutdownAudio [keepAudioOpen: false, forced: true]
03-23 02:52:19.115 28336 28379 I RecognitionAudioControl: #actualShutdownAudio
03-23 02:52:19.115 28336 28379 I AudioController: #shutdown [requestId=1624578632773049887]
03-23 02:52:19.115 28336 28362 I MicroRecognitionRunner: Stopping hotword detection.
03-23 02:52:19.115 28336 28374 I AudioController: internalShutdown
03-23 02:52:19.168   788  1479 D audio_hw_primary: disable_audio_route: usecase(9) reset and update mixer path: audio-record
03-23 02:52:19.169   788  1479 D audio_hw_primary: disable_snd_device: snd_device(120: voice-rec-mic)
03-23 02:52:19.171  1012  1390 D APM_AudioPolicyManager: stopInput() input 237478, session 237593
03-23 02:52:19.171   788  1479 D audio_hw_primary: in_set_parameters: enter: kvpairs=routing=0
03-23 02:52:19.173 28336 28374 I MicrophoneInputStream: mic_close  SR : 16000 CC : 16 SO : 1999
03-23 02:52:19.174 28336 28374 E AudioSource: Stop listening is called on already closed AudioSource
03-23 02:52:19.175 28336 21549 I MicroRecognitionRunner: Detection finished
03-23 02:52:19.196 23650 23650 I chatty  : uid=11161(org.mozilla.fennec_aurora) expire 57 lines
03-23 02:52:19.269 23650 23670 I chatty  : uid=11161(org.mozilla.fennec_aurora) expire 4 lines
03-23 02:52:19.290  1456  1473 D ConnectivityService: requestNetwork for uid/pid:11161/23650 NetworkRequest [ TRACK_DEFAULT id=33227, [ Capabilities: INTERNET&NOT_RESTRICTED&TRUSTED&NOT_VPN] ]
03-23 02:52:19.291  1456  2099 D Ethernet: got request NetworkRequest [ TRACK_DEFAULT id=33227, [ Capabilities: INTERNET&NOT_RESTRICTED&TRUSTED&NOT_VPN] ] with score 0
03-23 02:52:19.291  1456  2054 D WIFI_UT : got request NetworkRequest [ TRACK_DEFAULT id=33227, [ Capabilities: INTERNET&NOT_RESTRICTED&TRUSTED&NOT_VPN] ] with score 0
03-23 02:52:19.292  1456  2054 D WIFI    : got request NetworkRequest [ TRACK_DEFAULT id=33227, [ Capabilities: INTERNET&NOT_RESTRICTED&TRUSTED&NOT_VPN] ] with score 0
03-23 02:52:19.292  2398  2398 D PhoneSwitcherNetworkRequstListener: got request NetworkRequest [ TRACK_DEFAULT id=33227, [ Capabilities: INTERNET&NOT_RESTRICTED&TRUSTED&NOT_VPN] ] with score 0
03-23 02:52:19.296 23650 23681 I chatty  : uid=11161(org.mozilla.fennec_aurora) expire 14 lines
03-23 02:52:19.314 23650 23679 I chatty  : uid=11161(org.mozilla.fennec_aurora) expire 17 lines
03-23 02:52:19.320 23650 23684 I chatty  : uid=11161(org.mozilla.fennec_aurora) expire 27 lines
03-23 02:52:19.414 23650 23692 I chatty  : uid=11161(org.mozilla.fennec_aurora) expire 1 line
03-23 02:52:19.455 23650 23699 I chatty  : uid=11161(org.mozilla.fennec_aurora) expire 10 lines
03-23 02:52:19.487 23650 23655 I chatty  : uid=11161(org.mozilla.fennec_aurora) expire 8 lines
03-23 02:52:19.504  1456  5797 I ActivityManager: START u0 {act=android.intent.action.MAIN cat=[android.intent.category.LAUNCHER] flg=0x10000000 cmp=org.mozilla.fennec_aurora/org.mozilla.fenix.HomeActivity (has extras)} from uid 11161
03-23 02:52:19.530   808   808 D SurfaceFlinger: duplicate layer name: changing Splash Screen org.mozilla.fennec_aurora to Splash Screen org.mozilla.fennec_aurora#1
03-23 02:52:19.613   808   808 I SFPerfTracer:      triggers: (rate: 71:2010051) (compose: 0:7) (post: 0:19) (render: 0:17) (0:9652868 frames) (1:11928025)
03-23 02:52:19.613   808   808 D SFPerfTracer:        layers: (2:12) (NavigationBar#0 (0xb07df000): 0:815136) (StatusBar#0 (0xb07e3000): 0:2003340) (com.android.systemui.ImageWallpaper#0 (0xb07e7000): 0:74469)* (Sprite#0 (0xb0733000): 0:317)* (DimLayerController/Stack=0#0 (0xb075a000): 0:3780)* (Sprite#1 (0xb077c000): 0:195)* (Splash Screen org.mozilla.fennec_aurora#1 (0xb013a000): 0:31)- (org.mozilla.fennec_aurora/org.mozilla.fenix.HomeActivity#0 (0xb039b000): 0:67)- (com.android.launcher3/com.android.launcher3.CustomizationPanelLauncher#0 (0xb0763000): 0:39)* (com.android.launcher3/com.android.launcher3.CustomizationPanelLauncher#1 (0xb0771000): 0:10)* (Splash Screen org.mozilla.fennec_aurora#0 (0xb039b000): 0:19)- (Splash Screen org.mozilla.fennec_aurora#1 (0xb013a000): 1:3)* 
03-23 02:52:19.751  1456  5797 I ActivityManager: Start proc 23736:org.mozilla.fennec_aurora:tab0/u0a1161 for service org.mozilla.fennec_aurora/org.mozilla.gecko.process.GeckoChildProcessServices$tab0
03-23 02:52:19.890 23736 23736 I chatty  : uid=11161(org.mozilla.fennec_aurora) expire 2 lines
03-23 02:52:19.891 23736 23758 I chatty  : uid=11161(org.mozilla.fennec_aurora) expire 1 line
03-23 02:52:19.911 23650 23759 I chatty  : uid=11161(org.mozilla.fennec_aurora) expire 9 lines
03-23 02:52:20.141  1456  1673 I LaunchCheckinHandler: Displayed org.mozilla.fennec_aurora/org.mozilla.fenix.HomeActivity,wp,ca,600
03-23 02:52:20.141  1456  1673 I ActivityManager: Displayed org.mozilla.fennec_aurora/org.mozilla.fenix.HomeActivity: +593ms (total +1s121ms)
03-23 02:52:20.211 28336 28379 E AudioSource: Stop listening is called on already closed AudioSource
03-23 02:52:20.215 28336 18383 I PBSessionCacheImpl: Deleted sessionId[124624629806595922] from persistence.
03-23 02:52:20.215 28336 28336 I MemoryTrimmer: Trimming objects from memory, since app is in the background.
03-23 02:52:20.220  1456 10962 I WifiService: getWifiEnabledState uid=10073
03-23 02:52:20.227 28336 28379 I DEBUG   : OpaToSrpTransitionState#onStateChanged#notNullQuery
03-23 02:52:20.228 28336 28379 I DEBUG   : OpaToSrpTransitionState#onStateChanged#notNullQuery
03-23 02:52:20.233 28336 28379 W SearchServiceCore: Abort, client detached.
03-23 02:52:20.233 28336 28379 I chatty  : uid=10073(com.google.android.googlequicksearchbox) EventBus0 identical 1 line
03-23 02:52:20.242 28336 28379 W SearchServiceCore: Abort, client detached.
03-23 02:52:20.352  1456 10962 I ActivityManager: Fully drawn org.mozilla.fennec_aurora/org.mozilla.fenix.HomeActivity: +811ms (total +1s339ms)
03-23 02:52:20.520 23650 23780 I chatty  : uid=11161(org.mozilla.fennec_aurora) expire 2 lines
03-23 02:52:20.672  1023 23785 D libc    : Internal error: netid(0), id(0xa959), server(0.0.0.0)
03-23 02:52:20.672  1023 23785 D libc    : Internal error: netid(0), id(0xa959), server(0.0.0.0)
03-23 02:52:20.673  1023 23785 D libc    : Internal error: netid(0), id(0x134d), server(0.0.0.0)
03-23 02:52:20.673  1023 23785 D libc    : Internal error: netid(0), id(0x134d), server(0.0.0.0)
03-23 02:52:20.692  1023 23798 D libc    : Internal error: netid(0), id(0x2e0a), server(0.0.0.0)
03-23 02:52:20.692  1023 23798 D libc    : Internal error: netid(0), id(0x2e0a), server(0.0.0.0)
03-23 02:52:20.693  1023 23798 D libc    : Internal error: netid(0), id(0x6962), server(0.0.0.0)
03-23 02:52:20.693  1023 23798 D libc    : Internal error: netid(0), id(0x6962), server(0.0.0.0)
03-23 02:52:20.695  1023 23802 D libc    : Internal error: netid(0), id(0xee1d), server(0.0.0.0)
03-23 02:52:20.695  1023 23802 D libc    : Internal error: netid(0), id(0xee1d), server(0.0.0.0)
03-23 02:52:20.696  1023 23802 D libc    : Internal error: netid(0), id(0x1563), server(0.0.0.0)
03-23 02:52:20.696  1023 23802 D libc    : Internal error: netid(0), id(0x1563), server(0.0.0.0)
03-23 02:52:20.698 23650 23774 I chatty  : uid=11161(org.mozilla.fennec_aurora) expire 2 lines
03-23 02:52:20.699 23650 23773 I chatty  : uid=11161(org.mozilla.fennec_aurora) expire 2 lines
03-23 02:52:20.701 23650 23704 I chatty  : uid=11161(org.mozilla.fennec_aurora) expire 1 line
03-23 02:52:20.701 23650 23702 I chatty  : uid=11161(org.mozilla.fennec_aurora) expire 1 line
03-23 02:52:20.706  1023 23806 D libc    : Internal error: netid(0), id(0x402d), server(0.0.0.0)
03-23 02:52:20.707  1023 23806 D libc    : Internal error: netid(0), id(0x402d), server(0.0.0.0)
03-23 02:52:20.707  1023 23806 D libc    : Internal error: netid(0), id(0xc748), server(0.0.0.0)
03-23 02:52:20.707  1023 23806 D libc    : Internal error: netid(0), id(0xc748), server(0.0.0.0)
03-23 02:52:20.708  1023 23809 D libc    : Internal error: netid(0), id(0xc329), server(0.0.0.0)
03-23 02:52:20.709  1023 23809 D libc    : Internal error: netid(0), id(0xc329), server(0.0.0.0)
03-23 02:52:20.709  1023 23809 D libc    : Internal error: netid(0), id(0x315f), server(0.0.0.0)
03-23 02:52:20.710  1023 23809 D libc    : Internal error: netid(0), id(0x315f), server(0.0.0.0)
03-23 02:52:20.712  1023 23813 D libc    : Internal error: netid(0), id(0x6865), server(0.0.0.0)
03-23 02:52:20.712  1023 23813 D libc    : Internal error: netid(0), id(0x6865), server(0.0.0.0)
03-23 02:52:20.713  1023 23813 D libc    : Internal error: netid(0), id(0xbd09), server(0.0.0.0)
03-23 02:52:20.714  1023 23813 D libc    : Internal error: netid(0), id(0xbd09), server(0.0.0.0)
03-23 02:52:20.741 23650 23814 I chatty  : uid=11161(org.mozilla.fennec_aurora) expire 1 line
03-23 02:52:24.666 23857 23857 D AndroidRuntime: >>>>>> START com.android.internal.os.RuntimeInit uid 2000 <<<<<<
03-23 02:52:24.678 23857 23857 W app_process: Could not reserve sentinel fault page
03-23 02:52:24.844 23857 23857 I app_process: The ClassLoaderContext is a special shared library.
03-23 02:52:24.917 23857 23857 D AndroidRuntime: Calling main entry com.android.commands.input.Input
03-23 02:52:24.919 23857 23857 I Input   : injectKeyEvent: KeyEvent { action=ACTION_DOWN, keyCode=KEYCODE_HOME, scanCode=0, metaState=0, flags=0x0, repeatCount=0, eventTime=17022400199, downTime=17022400199, deviceId=-1, source=0x101 }
03-23 02:52:24.928 23857 23857 I Input   : injectKeyEvent: KeyEvent { action=ACTION_UP, keyCode=KEYCODE_HOME, scanCode=0, metaState=0, flags=0x0, repeatCount=0, eventTime=17022400199, downTime=17022400199, deviceId=-1, source=0x101 }
03-23 02:52:24.934  1456  1941 I ActivityManager: START u0 {act=android.intent.action.MAIN cat=[android.intent.category.HOME] flg=0x10200000 cmp=com.android.launcher3/.CustomizationPanelLauncher (has extras)} from uid 1000
03-23 02:52:24.935   794   839 E ANDR-PERF-RESOURCEQS: Failed to apply optimization [4, 0]
03-23 02:52:24.946  1456  1941 I ActivityManager: moveHomeStack, setupComplete:true
03-23 02:52:24.950 23857 23857 D AndroidRuntime: Shutting down VM
03-23 02:52:24.968 28336 28375 I Adreno  : QUALCOMM build                   : bb5b86c, I77d3059488
03-23 02:52:24.968 28336 28375 I Adreno  : Build Date                       : 06/07/18
