--------- beginning of main
03-27 13:04:35.040  1456  1605 I chatty  : uid=1000(system) ActivityManager expire 3 lines
03-27 13:04:35.058  1456  1605 W zygote  : kill(-18305, 9) failed: No such process
03-27 13:04:35.063  1456  1605 I zygote  : Successfully killed process cgroup uid 11201 pid 18305 in 447ms
03-27 13:04:35.064  1456  1605 W zygote  : kill(-18387, 9) failed: No such process
03-27 13:04:35.064  1456  1605 I zygote  : Successfully killed process cgroup uid 11201 pid 18387 in 0ms
03-27 13:04:35.064  1456  1605 W zygote  : kill(-26972, 9) failed: No such process
03-27 13:04:35.064  1456  1605 I zygote  : Successfully killed process cgroup uid 10062 pid 26972 in 0ms
03-27 13:04:35.070  1456  1605 W zygote  : kill(-18175, 9) failed: No such process
03-27 13:04:35.071 28336 28379 I MicroDetectionWorker: onReady
03-27 13:04:35.073  1456  1605 I zygote  : Successfully killed process cgroup uid 10030 pid 18175 in 0ms
03-27 13:04:35.078  1456  1605 W zygote  : kill(-26106, 9) failed: No such process
--------- beginning of system
03-27 13:04:35.149  1456  2402 D ConnectivityService: ConnectivityService NetworkRequestInfo binderDied(NetworkRequest [ LISTEN id=34713, [ Capabilities: INTERNET&NOT_RESTRICTED&TRUSTED] ], android.os.BinderProxy@a4c9bb4)
03-27 13:04:35.170  1456  1605 I chatty  : uid=1000(system) ActivityManager identical 6 lines
03-27 13:04:35.174  1456  4250 D ConnectivityService: ConnectivityService NetworkRequestInfo binderDied(NetworkRequest [ LISTEN id=34711, [ Capabilities: INTERNET&NOT_RESTRICTED&TRUSTED] ], android.os.BinderProxy@b4753dd)
03-27 13:04:35.183  1456  1605 W zygote  : kill(-26106, 9) failed: No such process
03-27 13:04:35.183  1456  1605 I zygote  : Successfully killed process cgroup uid 10110 pid 26106 in 105ms
03-27 13:04:35.183  1456  1605 W zygote  : kill(-26941, 9) failed: No such process
03-27 13:04:35.183  1456  1605 I zygote  : Successfully killed process cgroup uid 10062 pid 26941 in 0ms
03-27 13:04:35.183  1456  1605 W zygote  : kill(-18090, 9) failed: No such process
03-27 13:04:35.183  1456  1605 I zygote  : Successfully killed process cgroup uid 10027 pid 18090 in 0ms
03-27 13:04:35.184  1456  1605 W zygote  : kill(-26566, 9) failed: No such process
03-27 13:04:35.184  1456  1605 I zygote  : Successfully killed process cgroup uid 10062 pid 26566 in 0ms
03-27 13:04:35.184  1456  1605 W zygote  : kill(-18199, 9) failed: No such process
03-27 13:04:35.184  1456  1605 I zygote  : Successfully killed process cgroup uid 10090 pid 18199 in 0ms
03-27 13:04:35.184  1456  1605 W zygote  : kill(-20886, 9) failed: No such process
03-27 13:04:35.184  1456  1605 I zygote  : Successfully killed process cgroup uid 10036 pid 20886 in 0ms
03-27 13:04:35.184  1456  1605 W zygote  : kill(-18275, 9) failed: No such process
03-27 13:04:35.184  1456  1605 I zygote  : Successfully killed process cgroup uid 10044 pid 18275 in 0ms
03-27 13:04:35.185  1456  1605 W zygote  : kill(-18102, 9) failed: No such process
03-27 13:04:35.185  1456  1605 I zygote  : Successfully killed process cgroup uid 1000 pid 18102 in 0ms
03-27 13:04:35.185  1456  1605 W zygote  : kill(-18119, 9) failed: No such process
03-27 13:04:35.185  1456  1605 I zygote  : Successfully killed process cgroup uid 10085 pid 18119 in 0ms
03-27 13:04:35.185  1456  1605 W zygote  : kill(-25779, 9) failed: No such process
03-27 13:04:35.185  1456  1605 I zygote  : Successfully killed process cgroup uid 11187 pid 25779 in 0ms
03-27 13:04:35.185  1456  1605 W zygote  : kill(-28888, 9) failed: No such process
03-27 13:04:35.186  1456  1605 I zygote  : Successfully killed process cgroup uid 10014 pid 28888 in 0ms
03-27 13:04:35.186  1456  1605 W zygote  : kill(-26664, 9) failed: No such process
03-27 13:04:35.186  1456  1605 I zygote  : Successfully killed process cgroup uid 10031 pid 26664 in 0ms
03-27 13:04:35.186  1456  1605 W zygote  : kill(-26638, 9) failed: No such process
03-27 13:04:35.187  1456  1605 I zygote  : Successfully killed process cgroup uid 10036 pid 26638 in 0ms
03-27 13:04:35.275  1456  2196 I ActivityManager: START u0 {act=android.intent.action.VIEW dat=https://example.com/... typ=text/html flg=0x10000000 cmp=org.mozilla.fennec_aurora/org.mozilla.fenix.IntentReceiverActivity} from uid 2000
03-27 13:04:35.276   794   839 E ANDR-PERF-RESOURCEQS: Failed to apply optimization [4, 0]
03-27 13:04:35.297  1456  2916 I ActivityManager: Start proc 18596:org.mozilla.fennec_aurora/u0a1201 for activity org.mozilla.fennec_aurora/org.mozilla.fenix.IntentReceiverActivity
03-27 13:04:35.320  2748  2917 W OpenGLRenderer: Incorrectly called buildLayer on View: ShortcutAndWidgetContainer, destroying layer...
03-27 13:04:35.383 28336 28379 I MicroDetectionState: Should stop hotword detection immediately - false
03-27 13:04:35.383 28336 28379 I MicroDetector: Keeping mic open: false
03-27 13:04:35.383 28336 28379 I RecognitionAudioControl: #shutdownAudio [requestId: 8012779314528691637, keepAudioOpen: false, forced: true]
03-27 13:04:35.384 28336 28379 I RecognitionAudioControl: #internalShutdownAudio [requestId: 8012779314528691637]
03-27 13:04:35.384 28336 21549 E DeviceStateChecker: DeviceStateChecker cancelled
03-27 13:04:35.384 28336 28379 I RecognitionAudioControl: #internalShutdownAudio [keepAudioOpen: false, forced: true]
03-27 13:04:35.384 28336 28379 I RecognitionAudioControl: #actualShutdownAudio
03-27 13:04:35.384 28336 28379 I AudioController: #shutdown [requestId=8012779314528691637]
03-27 13:04:35.384 28336 28366 I AudioController: internalShutdown
03-27 13:04:35.384 28336 28380 I MicroRecognitionRunner: Stopping hotword detection.
03-27 13:04:35.419  1456  7796 I OpenGLRenderer: Initialized EGL, version 1.4
03-27 13:04:35.419  1456  7796 D OpenGLRenderer: Swap behavior 2
03-27 13:04:35.430   788   788 D audio_hw_primary: disable_audio_route: usecase(9) reset and update mixer path: audio-record
03-27 13:04:35.431   788   788 D audio_hw_primary: disable_snd_device: snd_device(120: voice-rec-mic)
03-27 13:04:35.433  1012 13178 D APM_AudioPolicyManager: stopInput() input 261246, session 261361
03-27 13:04:35.434   788  1401 D audio_hw_primary: in_set_parameters: enter: kvpairs=routing=0
03-27 13:04:35.435 28336 28366 I MicrophoneInputStream: mic_close  SR : 16000 CC : 16 SO : 1999
03-27 13:04:35.436 28336 28366 E AudioSource: Stop listening is called on already closed AudioSource
03-27 13:04:35.437 28336 21552 I MicroRecognitionRunner: Detection finished
03-27 13:04:35.447 18596 18596 D FirebaseApp: com.google.firebase.auth.FirebaseAuth is not linked. Skipping initialization.
03-27 13:04:35.448 18596 18596 D FirebaseApp: com.google.firebase.crash.FirebaseCrash is not linked. Skipping initialization.
03-27 13:04:35.449 18596 18596 I FirebaseInitProvider: FirebaseApp initialization successful
03-27 13:04:35.487   808   898 I SFPerfTracer:      triggers: (rate: 0:1) (0 sw vsyncs) (0 skipped) (37:5886142 vsyncs) (39:12424189)
03-27 13:04:35.514 18596 18596 D FennecProfile: profiles.ini: true
03-27 13:04:35.517 18596 18596 D FennecProfile: Ignoring line in [general] section: StartWithLastProfile=1
03-27 13:04:35.517 18596 18596 D FennecProfile: Found 1 profiles
03-27 13:04:35.518 18596 18596 D FennecProfile: Found default profile: FennecProfile(name=default, path=/data/user/0/org.mozilla.fennec_aurora/files/mozilla/hy8bm188.default, default=true)
03-27 13:04:35.518 18596 18616 I FA      : Collection disabled with firebase_analytics_collection_enabled=0
03-27 13:04:35.519 18596 18616 I FA      : App measurement is starting up, version: 12780
03-27 13:04:35.519 18596 18616 I FA      : To enable debug logging run: adb shell setprop log.tag.FA VERBOSE
03-27 13:04:35.519 18596 18616 I FA      : To enable faster debug mode event logging run:
03-27 13:04:35.519 18596 18616 I FA      :   adb shell setprop debug.firebase.analytics.app org.mozilla.fennec_aurora
03-27 13:04:35.523 18596 18596 D FennecMigrator: No migrations to run. Fennec install - false.
03-27 13:04:35.532 18596 18596 D FenixApplication: Initializing Glean (uploadEnabled=true, isFennec=true)
03-27 13:04:35.540 18596 18626 D RustNativeSupport: findMegazordLibraryName(viaduct, 0.55.0
03-27 13:04:35.540 18596 18626 D RustNativeSupport: lib in use: none
03-27 13:04:35.540 18596 18626 D RustNativeSupport: lib configured: megazord
03-27 13:04:35.540 18596 18626 D RustNativeSupport: lib version configured: 0.55.0
03-27 13:04:35.540 18596 18626 D RustNativeSupport: settled on megazord
03-27 13:04:35.557 18596 18625 D libglean_ffi: glean_ffi: Android logging should be hooked up!
03-27 13:04:35.561 18596 18625 I glean/Glean: Registering pings for mozilla.telemetry.glean.GleanMetrics.Pings
03-27 13:04:35.564 18596 18625 I libglean_ffi: glean_core: Creating new Glean
03-27 13:04:35.564 18596 18625 D libglean_ffi: glean_core::database: Database path: "/data/user/0/org.mozilla.fennec_aurora/glean_data/db"
03-27 13:04:35.565 18596 18596 D GeckoThread: State changed to LAUNCHED
03-27 13:04:35.565 18596 18626 D RustNativeSupport: findMegazordLibraryName(rustlog, 0.55.0
03-27 13:04:35.565 18596 18626 D RustNativeSupport: lib in use: none
03-27 13:04:35.565 18596 18626 D RustNativeSupport: lib configured: megazord
03-27 13:04:35.565 18596 18626 D RustNativeSupport: lib version configured: 0.55.0
03-27 13:04:35.565 18596 18626 D RustNativeSupport: settled on megazord
03-27 13:04:35.565 18596 18625 I libglean_ffi: glean_core::database: Database initialized
03-27 13:04:35.566 18596 18629 I GeckoThread: preparing to run Gecko
03-27 13:04:35.566 18596 18625 I libglean_ffi: glean_ffi: Glean initialized
03-27 13:04:35.572 18596 18596 D GeckoRuntime: Lifecycle: onCreate
03-27 13:04:35.574 18596 18629 D GeckoThread: State changed to MOZGLUE_READY
03-27 13:04:35.574 18596 18626 I rc_log_ffi::ios: rc_log adapter initialized!
03-27 13:04:35.575 18596 18625 I libglean_ffi: glean_core::ping: Collecting events
03-27 13:04:35.580 18596 18625 D libglean_ffi: glean_core::ping: Storing ping 'f76132f0-d4f2-499b-b13b-8f5263186f9d' at '/data/user/0/org.mozilla.fennec_aurora/glean_data/pending_pings/f76132f0-d4f2-499b-b13b-8f5263186f9d'
03-27 13:04:35.581 18596 18625 I libglean_ffi: glean_core: The ping 'events' was submitted and will be sent as soon as possible
03-27 13:04:35.585 18596 18596 I zygote  : Deoptimizing java.lang.Object androidx.collection.SimpleArrayMap.put(java.lang.Object, java.lang.Object) due to JIT inline cache
03-27 13:04:35.586 18596 18629 W Settings: Setting animator_duration_scale has moved from android.provider.Settings.System to android.provider.Settings.Global, returning read-only global URI.
03-27 13:04:35.591 18596 18629 E GeckoLibLoad: Load sqlite start
03-27 13:04:35.597 18596 18596 D GleanMetricsService: Enabling Glean.
03-27 13:04:35.608 18596 18625 D glean/MetricsPingSched: The 'metrics' ping was last sent on Fri Mar 27 00:00:00 EDT 2020
03-27 13:04:35.611 18596 18625 I glean/MetricsPingSched: The 'metrics' ping was already sent today, Fri Mar 27 13:04:35 EDT 2020.
03-27 13:04:35.611 18596 18625 D glean/MetricsPingSched: Scheduling the 'metrics' ping in 53724413ms
03-27 13:04:35.613 18596 18629 W GeckoLinker: /data/app/org.mozilla.fennec_aurora-h48uZsQy0m55funX77SpVw==/lib/arm/libnss3.so: unhandled flags #8 not handled
03-27 13:04:35.614 18596 18596 I glean/Dispatchers: Task queued for execution and delayed until flushed
03-27 13:04:35.614 18596 18625 D libglean_ffi: glean_core: Clearing Lifetime::Application metrics
03-27 13:04:35.620 18596 18629 W GeckoLinker: /data/app/org.mozilla.fennec_aurora-h48uZsQy0m55funX77SpVw==/lib/arm/libnss3.so: Relocation to NULL @0x001b9ffc for symbol "__cxa_type_match"
03-27 13:04:35.620 18596 18629 E GeckoLibLoad: Load sqlite done
03-27 13:04:35.621 18596 18629 E GeckoLibLoad: Load nss start
03-27 13:04:35.621 18596 18629 E GeckoLibLoad: Load nss done
03-27 13:04:35.621 18596 18629 W GeckoLinker: /data/app/org.mozilla.fennec_aurora-h48uZsQy0m55funX77SpVw==/lib/arm/libxul.so: unhandled flags #8 not handled
03-27 13:04:35.622 18596 18629 W GeckoLinker: /data/app/org.mozilla.fennec_aurora-h48uZsQy0m55funX77SpVw==/lib/arm/liblgpllibs.so: unhandled flags #8 not handled
03-27 13:04:35.623 18596 18596 I AdjustMetricsService: No adjust token defined
03-27 13:04:35.625 18596 18596 D PushConfig: Creating push configuration for autopush.
03-27 13:04:35.631 18596 18596 I App     : AutoPushFeature is configured, initializing it...
03-27 13:04:35.633 18596 18596 I AutoPushFeature: Checking validity of push subscriptions.
03-27 13:04:35.637  1456  2196 D ConnectivityService: requestNetwork for uid/pid:11201/18596 NetworkRequest [ TRACK_DEFAULT id=34763, [ Capabilities: INTERNET&NOT_RESTRICTED&TRUSTED&NOT_VPN] ]
03-27 13:04:35.639  1456  2054 D WIFI_UT : got request NetworkRequest [ TRACK_DEFAULT id=34763, [ Capabilities: INTERNET&NOT_RESTRICTED&TRUSTED&NOT_VPN] ] with score 0
03-27 13:04:35.639  1456  2099 D Ethernet: got request NetworkRequest [ TRACK_DEFAULT id=34763, [ Capabilities: INTERNET&NOT_RESTRICTED&TRUSTED&NOT_VPN] ] with score 0
03-27 13:04:35.639  1456  2054 D WIFI    : got request NetworkRequest [ TRACK_DEFAULT id=34763, [ Capabilities: INTERNET&NOT_RESTRICTED&TRUSTED&NOT_VPN] ] with score 0
03-27 13:04:35.639  2398  2398 D PhoneSwitcherNetworkRequstListener: got request NetworkRequest [ TRACK_DEFAULT id=34763, [ Capabilities: INTERNET&NOT_RESTRICTED&TRUSTED&NOT_VPN] ] with score 0
03-27 13:04:35.642 18596 18596 D FennecProfile: profiles.ini: true
03-27 13:04:35.644 18596 18596 D FennecProfile: Ignoring line in [general] section: StartWithLastProfile=1
03-27 13:04:35.645 18596 18596 D FennecProfile: Found 1 profiles
03-27 13:04:35.645 18596 18596 D FennecProfile: Found default profile: FennecProfile(name=default, path=/data/user/0/org.mozilla.fennec_aurora/files/mozilla/hy8bm188.default, default=true)
03-27 13:04:35.645 18596 18596 I Core    : Initializing history storage
03-27 13:04:35.646 18596 18596 I Core    : Initializing bookmarks storage
03-27 13:04:35.647 18596 18596 I Core    : Initializing logins storage
03-27 13:04:35.650 18596 18626 W [WARNING][Leanplum]: [com.leanplum.internal.ActionManager::getLocationManager::8]: Geofencing support requires leanplum-location module and Google Play Services v8.1 and higher.
03-27 13:04:35.650 18596 18626 W [WARNING][Leanplum]: Add this to your build.gradle file:
03-27 13:04:35.650 18596 18626 W [WARNING][Leanplum]: implementation 'com.google.android.gms:play-services-location:8.3.0+'
03-27 13:04:35.650 18596 18626 W [WARNING][Leanplum]: implementation 'com.leanplum:leanplum-location:+'
03-27 13:04:35.652 18596 18626 I [INFO][Leanplum]: [com.leanplum.monitoring.ExceptionHandler::setContext::6]: LeanplumExceptionHandler could not initialize Exception Reporting.This is expected if you have not included the leanplum-monitoring module
03-27 13:04:35.665 18596 18625 I libglean_ffi: glean_core: Upload enabled: true
03-27 13:04:35.667 18596 18625 I libglean_ffi: glean_core::ping: Collecting baseline
03-27 13:04:35.670 18596 18629 E GeckoLibLoad: Loaded libs in 48.870213ms total, 33ms(170ms) user, 10ms(40ms) system, 0(0) faults
03-27 13:04:35.670 18596 18629 D GeckoThread: State changed to LIBS_READY
03-27 13:04:35.670 18596 18642 I [INFO][Leanplum]: [com.leanplum.LeanplumFcmProvider::isManifestSetup::11]: Firebase Messaging is setup correctly.
03-27 13:04:35.671 18596 18625 D libglean_ffi: glean_core::ping: Storing ping 'd22bf85a-ad16-41cf-8691-845770b963cc' at '/data/user/0/org.mozilla.fennec_aurora/glean_data/pending_pings/d22bf85a-ad16-41cf-8691-845770b963cc'
03-27 13:04:35.672 18596 18625 I libglean_ffi: glean_core: The ping 'baseline' was submitted and will be sent as soon as possible
03-27 13:04:35.674 18596 18629 W GeckoThread: zerdatime 17856769441 - runGecko
03-27 13:04:35.678 18596 18629 D GeckoProfile: Loading profile at: null name: default
03-27 13:04:35.679 18596 18629 D GeckoProfile: Found profile dir: /data/user/0/org.mozilla.fennec_aurora/files/mozilla/hy8bm188.default
03-27 13:04:35.688 18596 18596 I FirefoxAccountStateMachine: Enabling/updating sync with a new SyncConfig: SyncConfig(supportedEngines=[mozilla.components.service.fxa.SyncEngine$History@5cbb689, mozilla.components.service.fxa.SyncEngine$Bookmarks@50a68e, mozilla.components.service.fxa.SyncEngine$Passwords@4ea5eaf], syncPeriodInMinutes=240)
03-27 13:04:35.691 18596 18596 I BgSyncManager: Periodic syncing enabled at a 240 interval
03-27 13:04:35.692 18596 18596 I FirefoxAccountStateMachine: Sync is enabled
03-27 13:04:35.699 18596 18650 I FirefoxAccountStateMachine: Processing event Event$Init for state Start. Next state is Start
03-27 13:04:35.706 18596 18596 D FennecMigrator: This is not a Fennec installation. No migration needed.
03-27 13:04:35.708 18596 18596 D SessionManager: onTrimMemory(15): clearThumbnails=true, closeEngineSessions=true
03-27 13:04:35.708 18596 18596 D SessionManager: Cleared 0 thumbnail(s) and unlinked 0 engine sessions(s)
03-27 13:04:35.719 18596 18602 I zygote  : Do partial code cache collection, code=24KB, data=28KB
03-27 13:04:35.719 18596 18650 I FirefoxAccountStateMachine: Ran 'Event$Init' side-effects for state Start, got successive event Event$AccountNotFound
03-27 13:04:35.719 18596 18650 I FirefoxAccountStateMachine: Processing event Event$AccountNotFound for state Start. Next state is NotAuthenticated
03-27 13:04:35.721 18596 18602 I zygote  : After code cache collection, code=22KB, data=27KB
03-27 13:04:35.721 18596 18602 I zygote  : Increasing code cache capacity to 128KB
03-27 13:04:35.724 18596 18650 D RustNativeSupport: findMegazordLibraryName(fxaclient, 0.55.0
03-27 13:04:35.724 18596 18650 D RustNativeSupport: lib in use: none
03-27 13:04:35.724 18596 18650 D RustNativeSupport: lib configured: megazord
03-27 13:04:35.724 18596 18650 D RustNativeSupport: lib version configured: 0.55.0
03-27 13:04:35.724 18596 18650 D RustNativeSupport: settled on megazord
03-27 13:04:35.728 18596 18650 D fxaclient_ffi: fxa_new
03-27 13:04:35.736 18596 18596 D GeckoRuntime: Lifecycle: onStart
03-27 13:04:35.742 18596 18629 I Gecko:DumpUtils: Fifo watcher disabled via pref.
03-27 13:04:35.743 18596 18596 I [INFO][Leanplum]: [com.leanplum.internal.RequestOld::sendIfConnected::4]: Device is offline, will send later
03-27 13:04:35.750 18596 18596 D GeckoRuntime: Lifecycle: onResume
03-27 13:04:35.752 18596 18596 D GeckoNetworkManager: Incoming event start for state OffNoListeners -> OnNoListeners
03-27 13:04:35.752 18596 18596 D GeckoNetworkManager: New network state: DOWN, NONE, UNKNOWN
03-27 13:04:35.770 18596 18670 D OpenGLRenderer: HWUI GL Pipeline
03-27 13:04:35.770 18596 18629 D GeckoSysInfo: System memory: 1867MB.
03-27 13:04:35.773 18596 18629 D GeckoThread: State changed to JNI_READY
03-27 13:04:35.791  1456  3925 I ActivityManager: Start proc 18681:org.mozilla.fennec_aurora:tab0/u0a1201 for service org.mozilla.fennec_aurora/org.mozilla.gecko.process.GeckoChildProcessServices$tab0
03-27 13:04:35.869  1456  2196 I ActivityManager: START u0 {act=android.intent.action.VIEW dat=https://example.com/... typ=text/html cmp=org.mozilla.fennec_aurora/org.mozilla.fenix.HomeActivity (has extras)} from uid 11201
03-27 13:04:35.882 18596 18596 D GeckoNetworkManager: Incoming event receivedUpdate for state OnNoListeners -> OnNoListeners
03-27 13:04:35.884 18596 18596 D GeckoNetworkManager: New network state: DOWN, NONE, UNKNOWN
03-27 13:04:35.896 18596 18670 I Adreno  : QUALCOMM build                   : bb5b86c, I77d3059488
03-27 13:04:35.896 18596 18670 I Adreno  : Build Date                       : 06/07/18
03-27 13:04:35.896 18596 18670 I Adreno  : OpenGL ES Shader Compiler Version: EV031.22.00.01_06
03-27 13:04:35.896 18596 18670 I Adreno  : Local Branch                     : 
03-27 13:04:35.896 18596 18670 I Adreno  : Remote Branch                    : refs/tags/AU_LINUX_ANDROID_LA.UM.6.5.R1.08.01.00.312.086
03-27 13:04:35.896 18596 18670 I Adreno  : Remote Branch                    : NONE
03-27 13:04:35.896 18596 18670 I Adreno  : Reconstruct Branch               : NOTHING
03-27 13:04:35.897 18596 18670 D vndksupport: Loading /vendor/lib/hw/gralloc.msm8937.so from current namespace instead of sphal namespace.
03-27 13:04:35.912 18596 18670 I Adreno  : PFP: 0x005ff087, ME: 0x005ff063
03-27 13:04:35.923 18596 18670 I zygote  : android::hardware::configstore::V1_0::ISurfaceFlingerConfigs::hasWideColorDisplay retrieved: 0
03-27 13:04:35.928 18596 18670 I OpenGLRenderer: Initialized EGL, version 1.4
03-27 13:04:35.929 18596 18670 D OpenGLRenderer: Swap behavior 2
03-27 13:04:35.934 18681 18681 D GeckoThread: State changed to LAUNCHED
03-27 13:04:35.936 18681 18705 I GeckoThread: preparing to run Gecko
03-27 13:04:35.976  1456  2916 I WindowManager: Keep hide if surface has never drawn Window{b0cb226 u0 org.mozilla.fennec_aurora/org.mozilla.fenix.IntentReceiverActivity}
03-27 13:04:35.978  1456  2916 I WindowManager: Failed to capture screenshot of Token{5ea50d9 ActivityRecord{4f1bf20 u0 org.mozilla.fennec_aurora/org.mozilla.fenix.IntentReceiverActivity t50713 f}} appWin=Window{b0cb226 u0 org.mozilla.fennec_aurora/org.mozilla.fenix.IntentReceiverActivity} drawState=1
03-27 13:04:35.985 18596 18596 D MigrationPushRenewer: Migration state: NONE
03-27 13:04:35.986 18596 18596 D MigrationTelemetryListener: Migration state: NONE
03-27 13:04:35.998  1456  1673 I LaunchCheckinHandler: Displayed org.mozilla.fennec_aurora/org.mozilla.fenix.IntentReceiverActivity,cp,ca,715
03-27 13:04:36.034 18596 18596 D PhoneWindow: Restoring navigation bar divider color to default value = 0x00000000
03-27 13:04:36.090 18596 18596 I NavController: Ignoring popBackStack to destination org.mozilla.fennec_aurora:id/browserFragment as it was not found on the current back stack
03-27 13:04:36.132 18596 18602 I zygote  : Do partial code cache collection, code=59KB, data=53KB
03-27 13:04:36.134 18596 18602 I zygote  : After code cache collection, code=52KB, data=48KB
03-27 13:04:36.134 18596 18602 I zygote  : Increasing code cache capacity to 256KB
03-27 13:04:36.254 18596 18629 D GeckoThread: State changed to PROFILE_READY
03-27 13:04:36.301 18596 18654 D RustNativeSupport: findMegazordLibraryName(places, 0.55.0
03-27 13:04:36.301 18596 18654 D RustNativeSupport: lib in use: none
03-27 13:04:36.301 18596 18654 D RustNativeSupport: lib configured: megazord
03-27 13:04:36.301 18596 18654 D RustNativeSupport: lib version configured: 0.55.0
03-27 13:04:36.301 18596 18654 D RustNativeSupport: settled on megazord
03-27 13:04:36.306 18596 18654 D places_ffi: places_api_new
03-27 13:04:36.367 18596 18629 D GeckoThread: State changed to RUNNING
03-27 13:04:36.374 18596 18596 W GeckoEventDispatcher: No listener for GeckoView:AccessibilityEnabled
03-27 13:04:36.377   808   808 I SFPerfTracer:      triggers: (rate: 72:2015697) (compose: 0:7) (post: 0:19) (render: 0:17) (16:9946927 frames) (17:12333482)
03-27 13:04:36.377   808   808 D SFPerfTracer:        layers: (3:15) (NavigationBar#0 (0xb07df000): 9:881700) (StatusBar#0 (0xb07e3000): 9:2093319) (com.android.systemui.ImageWallpaper#0 (0xb07e7000): 0:80879)* (Sprite#0 (0xb0733000): 0:317)* (DimLayerController/Stack=0#0 (0xb075a000): 0:3780)* (Sprite#1 (0xb077c000): 0:195)* (com.android.launcher3/com.android.launcher3.CustomizationPanelLauncher#0 (0xb0763000): 0:40)- (com.android.launcher3/com.android.launcher3.CustomizationPanelLauncher#1 (0xb0771000): 0:16)- (org.mozilla.fennec_aurora/org.mozilla.fenix.IntentReceiverActivity#0 (0xb039b000): 0:2)- (Splash Screen org.mozilla.fennec_aurora#0 (0xb013a000): 0:31)- (org.mozilla.fennec_aurora/org.mozilla.fenix.HomeActivity#0 (0xaffc3000): 0:38)- (com.android.launcher3/com.android.launcher3.CustomizationPanelLauncher#0 (0xb0763000): 0:37)* (com.android.launcher3/com.android.launcher3.CustomizationPanelLauncher#1 (0xb0771000): 0:6)* (org.mozilla.fennec_aurora/org.mozilla.fenix.IntentReceiverActivity#0 (0xb039b000): 0:2)* 
03-27 13:04:36.380 18596 18654 D sql_support::conn_ext: Transaction commited after 41.609327ms
03-27 13:04:36.382 18596 18654 D places_ffi: places_connection_new
03-27 13:04:36.387 18596 18654 D places_ffi: places_connection_new
03-27 13:04:36.388 18596 18629 I Gecko   : -*- nsDNSServiceDiscovery.js : nsDNSServiceDiscovery
03-27 13:04:36.393 18596 18596 I [INFO][Leanplum]: [com.leanplum.internal.RequestOld::sendIfConnected::4]: Device is offline, will send later
03-27 13:04:36.403 18596 18650 W FirefoxAccountStateMachine: Got invalid event Event$Init for state NotAuthenticated.
03-27 13:04:36.405 18596 18654 D places_ffi: bookmarks_get_all_with_url
03-27 13:04:36.418 18596 18596 E [ERROR][Leanplum]: [com.leanplum.LeanplumFcmProvider$1::onComplete::2]: getInstanceId failed
03-27 13:04:36.467 18596 18629 W GeckoLinker: /data/app/org.mozilla.fennec_aurora-h48uZsQy0m55funX77SpVw==/lib/arm/libsoftokn3.so: unhandled flags #8 not handled
03-27 13:04:36.469 18596 18629 W GeckoLinker: /data/app/org.mozilla.fennec_aurora-h48uZsQy0m55funX77SpVw==/lib/arm/libsoftokn3.so: Relocation to NULL @0x0002cffc for symbol "__cxa_type_match"
03-27 13:04:36.470 18596 18629 W GeckoLinker: /data/app/org.mozilla.fennec_aurora-h48uZsQy0m55funX77SpVw==/lib/arm/libfreebl3.so: unhandled flags #8 not handled
03-27 13:04:36.471 18596 18629 W GeckoLinker: /data/app/org.mozilla.fennec_aurora-h48uZsQy0m55funX77SpVw==/lib/arm/libfreebl3.so: Relocation to NULL @0x0004fffc for symbol "__cxa_type_match"
03-27 13:04:36.491 18596 18712 W LOTTIE  : Animation contains merge paths. Merge paths are only supported on KitKat+ and must be manually enabled by calling enableMergePathsForKitKatAndAbove().
03-27 13:04:36.509 18596 18710 W GeckoLinker: /data/app/org.mozilla.fennec_aurora-h48uZsQy0m55funX77SpVw==/lib/arm/libnssckbi.so: unhandled flags #8 not handled
03-27 13:04:36.510 18596 18710 W GeckoLinker: /data/app/org.mozilla.fennec_aurora-h48uZsQy0m55funX77SpVw==/lib/arm/libnssckbi.so: Relocation to NULL @0x00055ffc for symbol "__cxa_type_match"
03-27 13:04:36.511  1456  4797 I ActivityManager: Displayed org.mozilla.fennec_aurora/org.mozilla.fenix.HomeActivity: +543ms (total +1s228ms)
03-27 13:04:36.511  1456  4797 I ActivityManager: Fully drawn org.mozilla.fennec_aurora/org.mozilla.fenix.HomeActivity: +543ms (total +1s228ms)
03-27 13:04:36.556 18596 18670 D vndksupport: Loading /vendor/lib/hw/android.hardware.graphics.mapper@2.0-impl.so from current namespace instead of sphal namespace.
03-27 13:04:36.559 18596 18670 D vndksupport: Loading /vendor/lib/hw/gralloc.msm8937.so from current namespace instead of sphal namespace.
03-27 13:04:36.567 18596 18602 I zygote  : Do full code cache collection, code=126KB, data=100KB
03-27 13:04:36.569 18596 18602 I zygote  : After code cache collection, code=97KB, data=58KB
03-27 13:04:36.603 18596 18629 W ResourceType: Too many attribute references, stopped at: 0x01010099
03-27 13:04:36.802 18596 18596 D GeckoNetworkManager: Incoming event enableNotifications for state OnNoListeners -> OnWithListeners
03-27 13:04:36.803 18596 18596 D GeckoNetworkManager: New network state: DOWN, NONE, UNKNOWN
03-27 13:04:36.839 18596 18596 W LOTTIE  : Animation contains merge paths but they are disabled.
03-27 13:04:36.851 18596 18596 D GeckoNetworkManager: Incoming event receivedUpdate for state OnWithListeners -> OnWithListeners
03-27 13:04:36.852 18596 18596 D GeckoNetworkManager: New network state: DOWN, NONE, UNKNOWN
03-27 13:04:36.912 28336 28336 I MemoryTrimmer: Trimming objects from memory, since app is in the background.
03-27 13:04:36.919 28336 28379 E AudioSource: Stop listening is called on already closed AudioSource
03-27 13:04:36.921 28336 28336 I MemoryTrimmer: Trimming objects from memory, since app is in the background.
03-27 13:04:36.922 28336 25870 I PBSessionCacheImpl: Deleted sessionId[124624629806611095] from persistence.
03-27 13:04:36.928  1456  4797 I WifiService: getWifiEnabledState uid=10073
03-27 13:04:36.932 28336 28379 I DEBUG   : OpaToSrpTransitionState#onStateChanged#notNullQuery
03-27 13:04:36.933 28336 28379 I DEBUG   : OpaToSrpTransitionState#onStateChanged#notNullQuery
03-27 13:04:36.935  1023 18751 D libc    : Internal error: netid(0), id(0x926a), server(0.0.0.0)
03-27 13:04:36.935  1023 18751 D libc    : Internal error: netid(0), id(0x926a), server(0.0.0.0)
03-27 13:04:36.935  1023 18751 D libc    : Internal error: netid(0), id(0xf116), server(0.0.0.0)
03-27 13:04:36.935  1023 18751 D libc    : Internal error: netid(0), id(0xf116), server(0.0.0.0)
03-27 13:04:36.936 28336 28379 W SearchServiceCore: Abort, client detached.
03-27 13:04:36.937 18596 18629 W GeckoEventDispatcher: No listener for GeckoView:AccessibilityEnabled
03-27 13:04:36.967  1023 18763 D libc    : Internal error: netid(0), id(0xc515), server(0.0.0.0)
03-27 13:04:36.967  1023 18763 D libc    : Internal error: netid(0), id(0xc515), server(0.0.0.0)
03-27 13:04:36.967  1023 18763 D libc    : Internal error: netid(0), id(0xd520), server(0.0.0.0)
03-27 13:04:36.968  1023 18765 D libc    : Internal error: netid(0), id(0xf866), server(0.0.0.0)
03-27 13:04:36.968  1023 18763 D libc    : Internal error: netid(0), id(0xd520), server(0.0.0.0)
03-27 13:04:36.968  1023 18765 D libc    : Internal error: netid(0), id(0xf866), server(0.0.0.0)
03-27 13:04:36.968 18596 18629 W ResourceType: Too many attribute references, stopped at: 0x01010099
03-27 13:04:36.968  1023 18765 D libc    : Internal error: netid(0), id(0xe679), server(0.0.0.0)
03-27 13:04:36.969  1023 18765 D libc    : Internal error: netid(0), id(0xe679), server(0.0.0.0)
03-27 13:04:36.972  1023 18768 D libc    : Internal error: netid(0), id(0xcd3d), server(0.0.0.0)
03-27 13:04:36.973  1023 18768 D libc    : Internal error: netid(0), id(0xcd3d), server(0.0.0.0)
03-27 13:04:36.973  1023 18768 D libc    : Internal error: netid(0), id(0xd006), server(0.0.0.0)
03-27 13:04:36.973  1023 18768 D libc    : Internal error: netid(0), id(0xd006), server(0.0.0.0)
03-27 13:04:37.008 18596 18626 D App     : Could not fetch region from location service
03-27 13:04:37.008 18596 18626 D App     : java.io.IOException: org.mozilla.geckoview.WebRequestError: Request failed, error=0x25, category=0x5
03-27 13:04:37.008 18596 18626 D App     : 	at mozilla.components.browser.engine.gecko.fetch.GeckoViewFetchClient.fetch(GeckoViewFetchClient.kt:39)
03-27 13:04:37.008 18596 18626 D App     : 	at mozilla.components.service.location.MozillaLocationService$fetchRegion$2.invokeSuspend(MozillaLocationService.kt:27)
03-27 13:04:37.008 18596 18626 D App     : 	at mozilla.components.service.location.MozillaLocationService$fetchRegion$2.invoke(Unknown Source:10)
03-27 13:04:37.008 18596 18626 D App     : 	at kotlin.jvm.internal.Intrinsics.startUndispatchedOrReturn(Intrinsics.java:2)
03-27 13:04:37.008 18596 18626 D App     : 	at kotlin.jvm.internal.Intrinsics.withContext(Intrinsics.java:9)
03-27 13:04:37.008 18596 18626 D App     : 	at mozilla.components.service.location.MozillaLocationService.fetchRegion(MozillaLocationService.kt:2)
03-27 13:04:37.008 18596 18626 D App     : 	at mozilla.components.service.location.search.RegionSearchLocalizationProvider.determineRegion(RegionSearchLocalizationProvider.kt:5)
03-27 13:04:37.008 18596 18626 D App     : 	at mozilla.components.browser.search.provider.AssetsSearchEngineProvider.loadSearchEngines(AssetsSearchEngineProvider.kt:5)
03-27 13:04:37.008 18596 18626 D App     : 	at org.mozilla.fenix.components.searchengine.FenixSearchEngineProvider$baseSearchEngines$1.invokeSuspend(FenixSearchEngineProvider.kt:9)
03-27 13:04:37.008 18596 18626 D App     : 	at kotlin.coroutines.jvm.internal.BaseContinuationImpl.resumeWith(ContinuationImpl.kt:2)
03-27 13:04:37.008 18596 18626 D App     : 	at kotlinx.coroutines.DispatchedTask.run(DispatchedTask.kt:19)
03-27 13:04:37.008 18596 18626 D App     : 	at kotlinx.coroutines.scheduling.CoroutineScheduler.runSafely(CoroutineScheduler.kt:1)
03-27 13:04:37.008 18596 18626 D App     : 	at kotlinx.coroutines.scheduling.CoroutineScheduler$Worker.run(CoroutineScheduler.kt:14)
03-27 13:04:37.008 18596 18626 D App     : Caused by: org.mozilla.geckoview.WebRequestError: Request failed, error=0x25, category=0x5
03-27 13:04:37.008 18596 18626 D App     : 	at org.mozilla.gecko.mozglue.GeckoLoader.nativeRun(Native Method)
03-27 13:04:37.008 18596 18626 D App     : 	at org.mozilla.gecko.GeckoThread.run(GeckoThread.java:91)
03-27 13:04:37.008 18596 18628 D App     : Could not fetch region from location service
03-27 13:04:37.008 18596 18628 D App     : java.io.IOException: org.mozilla.geckoview.WebRequestError: Request failed, error=0x25, category=0x5
03-27 13:04:37.008 18596 18628 D App     : 	at mozilla.components.browser.engine.gecko.fetch.GeckoViewFetchClient.fetch(GeckoViewFetchClient.kt:39)
03-27 13:04:37.008 18596 18628 D App     : 	at mozilla.components.service.location.MozillaLocationService$fetchRegion$2.invokeSuspend(MozillaLocationService.kt:27)
03-27 13:04:37.008 18596 18628 D App     : 	at kotlin.coroutines.jvm.internal.BaseContinuationImpl.resumeWith(ContinuationImpl.kt:2)
03-27 13:04:37.008 18596 18628 D App     : 	at kotlinx.coroutines.DispatchedTask.run(DispatchedTask.kt:19)
03-27 13:04:37.008 18596 18628 D App     : 	at kotlinx.coroutines.scheduling.CoroutineScheduler.runSafely(CoroutineScheduler.kt:1)
03-27 13:04:37.008 18596 18628 D App     : 	at kotlinx.coroutines.scheduling.CoroutineScheduler$Worker.run(CoroutineScheduler.kt:14)
03-27 13:04:37.008 18596 18628 D App     : Caused by: org.mozilla.geckoview.WebRequestError: Request failed, error=0x25, category=0x5
03-27 13:04:37.008 18596 18628 D App     : 	at org.mozilla.gecko.mozglue.GeckoLoader.nativeRun(Native Method)
03-27 13:04:37.008 18596 18628 D App     : 	at org.mozilla.gecko.GeckoThread.run(GeckoThread.java:91)
03-27 13:04:37.124 18681 18705 D GeckoThread: State changed to MOZGLUE_READY
03-27 13:04:37.132 18681 18705 W Settings: Setting animator_duration_scale has moved from android.provider.Settings.System to android.provider.Settings.Global, returning read-only global URI.
03-27 13:04:37.135 18681 18705 E GeckoLibLoad: Load sqlite start
03-27 13:04:37.150 18596 18629 I GeckoSession: zerdatime 17856770917 - chrome startup finished
03-27 13:04:37.152 18681 18705 W GeckoLinker: /data/app/org.mozilla.fennec_aurora-h48uZsQy0m55funX77SpVw==/lib/arm/libnss3.so: unhandled flags #8 not handled
03-27 13:04:37.157 18681 18705 W GeckoLinker: /data/app/org.mozilla.fennec_aurora-h48uZsQy0m55funX77SpVw==/lib/arm/libnss3.so: Relocation to NULL @0x001b9ffc for symbol "__cxa_type_match"
03-27 13:04:37.157 18681 18705 E GeckoLibLoad: Load sqlite done
03-27 13:04:37.158 18681 18705 E GeckoLibLoad: Load nss start
03-27 13:04:37.158 18681 18705 E GeckoLibLoad: Load nss done
03-27 13:04:37.158 18681 18705 W GeckoLinker: /data/app/org.mozilla.fennec_aurora-h48uZsQy0m55funX77SpVw==/lib/arm/libxul.so: unhandled flags #8 not handled
03-27 13:04:37.158 18681 18705 W GeckoLinker: /data/app/org.mozilla.fennec_aurora-h48uZsQy0m55funX77SpVw==/lib/arm/liblgpllibs.so: unhandled flags #8 not handled
03-27 13:04:37.189 18596 18655 D App     : Could not fetch region from location service
03-27 13:04:37.189 18596 18655 D App     : java.io.IOException: org.mozilla.geckoview.WebRequestError: Request failed, error=0x25, category=0x5
03-27 13:04:37.189 18596 18655 D App     : 	at mozilla.components.browser.engine.gecko.fetch.GeckoViewFetchClient.fetch(GeckoViewFetchClient.kt:39)
03-27 13:04:37.189 18596 18655 D App     : 	at mozilla.components.service.location.MozillaLocationService$fetchRegion$2.invokeSuspend(MozillaLocationService.kt:27)
03-27 13:04:37.189 18596 18655 D App     : 	at mozilla.components.service.location.MozillaLocationService$fetchRegion$2.invoke(Unknown Source:10)
03-27 13:04:37.189 18596 18655 D App     : 	at kotlin.jvm.internal.Intrinsics.startUndispatchedOrReturn(Intrinsics.java:2)
03-27 13:04:37.189 18596 18655 D App     : 	at kotlin.jvm.internal.Intrinsics.withContext(Intrinsics.java:9)
03-27 13:04:37.189 18596 18655 D App     : 	at mozilla.components.service.location.MozillaLocationService.fetchRegion(MozillaLocationService.kt:2)
03-27 13:04:37.189 18596 18655 D App     : 	at mozilla.components.service.location.search.RegionSearchLocalizationProvider.determineRegion(RegionSearchLocalizationProvider.kt:5)
03-27 13:04:37.189 18596 18655 D App     : 	at mozilla.components.browser.search.provider.AssetsSearchEngineProvider.loadSearchEngines(AssetsSearchEngineProvider.kt:5)
03-27 13:04:37.189 18596 18655 D App     : 	at org.mozilla.fenix.components.searchengine.FenixSearchEngineProvider$bundledSearchEngines$1.invokeSuspend(FenixSearchEngineProvider.kt:21)
03-27 13:04:37.189 18596 18655 D App     : 	at kotlin.coroutines.jvm.internal.BaseContinuationImpl.resumeWith(ContinuationImpl.kt:2)
03-27 13:04:37.189 18596 18655 D App     : 	at kotlinx.coroutines.DispatchedTask.run(DispatchedTask.kt:19)
03-27 13:04:37.189 18596 18655 D App     : 	at kotlinx.coroutines.scheduling.CoroutineScheduler.runSafely(CoroutineScheduler.kt:1)
03-27 13:04:37.189 18596 18655 D App     : 	at kotlinx.coroutines.scheduling.CoroutineScheduler$Worker.run(CoroutineScheduler.kt:14)
03-27 13:04:37.189 18596 18655 D App     : Caused by: org.mozilla.geckoview.WebRequestError: Request failed, error=0x25, category=0x5
03-27 13:04:37.189 18596 18655 D App     : 	at org.mozilla.gecko.mozglue.GeckoLoader.nativeRun(Native Method)
03-27 13:04:37.189 18596 18655 D App     : 	at org.mozilla.gecko.GeckoThread.run(GeckoThread.java:91)
03-27 13:04:37.189 18681 18705 E GeckoLibLoad: Loaded libs in 31.725680ms total, 20ms(20ms) user, 10ms(10ms) system, 0(0) faults
03-27 13:04:37.190 18681 18705 D GeckoThread: State changed to LIBS_READY
03-27 13:04:37.190 18681 18705 W GeckoThread: zerdatime 17856770957 - runGecko
03-27 13:04:37.328 18596 18596 I DefaultSupportedAddonsChecker: Register check for new supported add-ons
03-27 13:04:37.352 13975 27283 I Checkin : [EventLogChimeraService] Opted in for usage reporting: false
03-27 13:04:37.352 13975 27283 I Checkin : [EventLogChimeraService] Aggregate from 1585326902442 (log), 1585326902442 (data)
03-27 13:04:37.378 18681 18705 D GeckoThread: State changed to RUNNING
03-27 13:04:37.425 18681 18705 W ResourceType: Too many attribute references, stopped at: 0x01010099
03-27 13:04:37.429  1456  1601 W BroadcastQueue: Background execution not allowed: receiving Intent { act=android.intent.action.DROPBOX_ENTRY_ADDED flg=0x10 (has extras) } to com.google.android.gms/.stats.service.DropBoxEntryAddedReceiver
03-27 13:04:37.429  1456  1601 W BroadcastQueue: Background execution not allowed: receiving Intent { act=android.intent.action.DROPBOX_ENTRY_ADDED flg=0x10 (has extras) } to com.google.android.gms/.chimera.GmsIntentOperationService$PersistentTrustedReceiver
03-27 13:04:37.432  1456  1601 W BroadcastQueue: Background execution not allowed: receiving Intent { act=android.intent.action.DROPBOX_ENTRY_ADDED flg=0x10 (has extras) } to com.google.android.gms/.stats.service.DropBoxEntryAddedReceiver
03-27 13:04:37.448  1456  2916 I ActivityManager: Start proc 18832:com.google.process.gservices/u0a36 for content provider com.google.android.gsf/.gservices.GservicesProvider
03-27 13:04:37.448  1456  1601 W BroadcastQueue: Background execution not allowed: receiving Intent { act=android.intent.action.DROPBOX_ENTRY_ADDED flg=0x10 (has extras) } to com.google.android.gms/.chimera.GmsIntentOperationService$PersistentTrustedReceiver
03-27 13:04:37.508 18832 18832 I zygote  : The ClassLoaderContext is a special shared library.
03-27 13:04:37.541 18832 18832 I GservicesProvider: Gservices pushing to system: true; secure/global: true
03-27 13:04:37.542 18681 18681 D GeckoNetworkManager: Incoming event enableNotifications for state OffNoListeners -> OffWithListeners
03-27 13:04:37.544 18681 18681 D GeckoNetworkManager: New network state: DOWN, NONE, UNKNOWN
03-27 13:04:37.591 13975 25337 W GmscoreIpa: Processed 0 SMS and 0 MMS deletions
03-27 13:04:37.696 18596 18596 D App     : Installed browser-icons extension
03-27 13:04:37.698 18596 18596 D mozac-webextensions: Installed extension: mozacWebchannel
03-27 13:04:37.700 18596 18596 D mozac-webextensions: Installed extension: mozacReaderview
03-27 13:04:37.718 18596 18596 D GeckoSession: handleMessage GeckoView:PageStart uri=about:blank
03-27 13:04:37.761 18596 18629 D GeckoScreenOrientation: unlocking
03-27 13:04:37.767 18596 18596 D GeckoSession: handleMessage GeckoView:LocationChange uri=about:blank
03-27 13:04:37.768 18596 18596 D GeckoSession: handleMessage GeckoView:PageStop uri=null
03-27 13:04:37.777 18596 18596 I SessionStorage/AutoSave: Save: Load finished
03-27 13:04:37.779 18596 18653 D SessionStorage/AutoSave: Delaying save (177ms)
03-27 13:04:37.790 18596 18596 D GeckoSession: handleMessage GeckoView:ProgressChanged uri=null
03-27 13:04:37.799 18596 18596 D GeckoSession: handleMessage GeckoView:PageStart uri=https://example.com/
03-27 13:04:37.823 18596 18596 D GeckoSession: handleMessage GeckoView:ProgressChanged uri=null
03-27 13:04:37.825 18596 18602 I zygote  : Do partial code cache collection, code=123KB, data=91KB
03-27 13:04:37.827 18596 18602 I zygote  : After code cache collection, code=123KB, data=91KB
03-27 13:04:37.827 18596 18602 I zygote  : Increasing code cache capacity to 512KB
03-27 13:04:37.832 18596 18596 D GeckoSession: handleMessage GeckoView:PageStop uri=null
03-27 13:04:37.833 18596 18596 I SessionStorage/AutoSave: Save: Load finished
03-27 13:04:37.833 18596 18596 D SessionStorage/AutoSave: Skipping save, other job already in flight
03-27 13:04:37.851  1456  1466 I zygote  : Background concurrent copying GC freed 66885(4MB) AllocSpace objects, 29(1088KB) LOS objects, 37% free, 40MB/64MB, paused 364us total 382.993ms
03-27 13:04:37.853 18596 18596 I zygote  : Deoptimizing void kotlin.sequences.FilteringSequence$iterator$1.calcNext() due to JIT inline cache
03-27 13:04:37.860 18596 18596 D GeckoSession: handleMessage GeckoView:SecurityChanged uri=null
03-27 13:04:37.861 18596 18596 D GeckoSession: handleMessage GeckoView:ProgressChanged uri=null
03-27 13:04:37.871 18596 18596 D GeckoSession: handleMessage GeckoView:PageStart uri=https://example.com/
03-27 13:04:37.966 18596 18653 D SessionStorage/AutoSave: Saved state to disk [8ms]
03-27 13:04:37.993 18596 18596 D GeckoSession: handleMessage GeckoView:OnLoadError uri=https://example.com/
03-27 13:04:38.000 18596 18596 I zygote  : Deoptimizing kotlin.coroutines.CoroutineContext$Element kotlin.coroutines.CoroutineContext$Element$DefaultImpls.get(kotlin.coroutines.CoroutineContext$Element, kotlin.coroutines.CoroutineContext$Key) due to JIT inline cache
03-27 13:04:38.082 18596 18596 D GeckoSession: handleMessage GeckoView:ProgressChanged uri=null
03-27 13:04:38.090 18596 18596 D GeckoSession: handleMessage GeckoView:PageStop uri=null
03-27 13:04:38.090 18596 18596 I SessionStorage/AutoSave: Save: Load finished
03-27 13:04:38.092 18596 18653 D SessionStorage/AutoSave: Delaying save (1687ms)
03-27 13:04:38.112 18596 18596 D GeckoSession: handleMessage GeckoView:LocationChange uri=https://example.com/
03-27 13:04:38.122 18596 18653 D places_ffi: bookmarks_get_all_with_url
03-27 13:04:38.153 18596 18596 D GeckoSession: handleMessage GeckoView:SecurityChanged uri=null
03-27 13:04:38.216 18596 18653 D places_ffi: places_connection_new
03-27 13:04:38.229 18596 18653 D places_ffi: places_note_observation
03-27 13:04:38.262 18596 18653 D sql_support::conn_ext: Transaction commited after 31.879899ms
03-27 13:04:38.266 18596 18596 D mozac-webcompat: Installed WebCompat webextension: webcompat@mozilla.com
03-27 13:04:38.292 18596 18653 D places_ffi: places_note_observation
03-27 13:04:38.312 18681 18705 W GeckoLinker: /data/app/org.mozilla.fennec_aurora-h48uZsQy0m55funX77SpVw==/lib/arm/libsoftokn3.so: unhandled flags #8 not handled
03-27 13:04:38.313 18596 18653 D sql_support::conn_ext: Transaction commited after 19.4512ms
03-27 13:04:38.313 18681 18705 W GeckoLinker: /data/app/org.mozilla.fennec_aurora-h48uZsQy0m55funX77SpVw==/lib/arm/libsoftokn3.so: Relocation to NULL @0x0002cffc for symbol "__cxa_type_match"
03-27 13:04:38.314 18681 18705 W GeckoLinker: /data/app/org.mozilla.fennec_aurora-h48uZsQy0m55funX77SpVw==/lib/arm/libfreebl3.so: unhandled flags #8 not handled
03-27 13:04:38.315 18681 18705 W GeckoLinker: /data/app/org.mozilla.fennec_aurora-h48uZsQy0m55funX77SpVw==/lib/arm/libfreebl3.so: Relocation to NULL @0x0004fffc for symbol "__cxa_type_match"
03-27 13:04:38.414 18596 18653 D places_ffi: places_note_observation
03-27 13:04:38.426 18596 18653 D sql_support::conn_ext: Transaction commited after 11.14922ms
03-27 13:04:39.075 18596 18596 D GeckoSession: handleMessage GeckoView:StateUpdated uri=null
03-27 13:04:39.075 18596 18596 W GeckoSession: No history entries found.
03-27 13:04:39.776  1456  1600 W ResourceType: No known package when getting value for resource number 0x7f08019d
03-27 13:04:39.777  1456  1600 W ResourceType: No known package when getting value for resource number 0x7f120112
03-27 13:04:39.777  1456  1600 W ResourceType: No known package when getting value for resource number 0x7f120112
03-27 13:04:39.777  1456  1600 W ResourceType: No known package when getting value for resource number 0x7f08019b
03-27 13:04:39.777  1456  1600 W ResourceType: No known package when getting value for resource number 0x7f120111
03-27 13:04:39.777  1456  1600 W ResourceType: No known package when getting value for resource number 0x7f120111
03-27 13:04:39.783  2360  2360 D MayaFrameworkProxyService: receive intent :Intent { act=android.intent.action.PACKAGE_CHANGED dat=package:org.mozilla.fennec_aurora flg=0x45000010 (has extras) }
03-27 13:04:39.787 18596 18653 D SessionStorage/AutoSave: Saved state to disk [7ms]
03-27 13:04:39.796  1456  1456 W ResourceType: ResTable_typeSpec entry count inconsistent: given 669, previously 675
03-27 13:04:39.796  1456  1456 W ResourceType: ResTable_typeSpec entry count inconsistent: given 394, previously 1461
03-27 13:04:39.796  1456  1456 W ResourceType: ResTable_typeSpec entry count inconsistent: given 217, previously 1293
03-27 13:04:39.797  1456  1942 I InputReader: Reconfiguring input devices.  changes=0x00000010
03-27 13:04:39.862  1456  1456 W ResourceType: Found multiple library tables, ignoring...
03-27 13:04:39.875  2398  2398 D ImsResolver: maybeAddedImsService, packageName: org.mozilla.fennec_aurora
03-27 13:04:39.877  2398  2398 D CarrierSvcBindHelper: No carrier app for: 0
03-27 13:04:39.878  2398  2398 D CarrierSvcBindHelper: No carrier app for: 1
03-27 13:04:39.912  2398  2398 E VvmPkgInstalledRcvr: cannot create TelephonyManager from ComponentInfo{com.android.phone/com.android.services.telephony.TelephonyConnectionService}, [****], UserHandle{0}
03-27 13:04:39.919  1456  1600 W ResourceType: ResTable_typeSpec entry count inconsistent: given 29, previously 34
03-27 13:04:39.920  1456  1600 W ResourceType: ResTable_typeSpec entry count inconsistent: given 2183, previously 2180
03-27 13:04:39.920  1456  1600 W ResourceType: ResTable_typeSpec entry count inconsistent: given 266, previously 1541
03-27 13:04:39.925  1456  1456 I TelecomService: DefaultDialerCache: Refreshing default dialer for user 0: now com.android.dialer: DDC.oR@xt0
03-27 13:04:39.950 13975 14049 I Icing   : IndexChimeraService.getServiceInterface callingPackage=com.google.android.gms componentName=AppsCorpus serviceId=36
03-27 13:04:39.964 13975 25337 W Icing   : No valid account for uploading user actions
03-27 13:04:40.055 13975 25337 I Icing   : Usage reports ok 1, Failed Usage reports 0, indexed 0, rejected 0
03-27 13:04:40.057 13975 25337 I Icing   : Indexing com.google.android.gms-internal.3p:MobileApplication from com.google.android.gms using seqno 2511
03-27 13:04:40.949 18880 18880 D AndroidRuntime: >>>>>> START com.android.internal.os.RuntimeInit uid 2000 <<<<<<
03-27 13:04:40.962 18880 18880 W app_process: Could not reserve sentinel fault page
03-27 13:04:41.059 13975 27283 I Icing   : Indexing com.google.android.gms-apps from com.google.android.gms
03-27 13:04:41.131 18880 18880 I app_process: The ClassLoaderContext is a special shared library.
03-27 13:04:41.143 13975 25337 I Icing   : Indexing done com.google.android.gms-apps
03-27 13:04:41.197 18880 18880 D AndroidRuntime: Calling main entry com.android.commands.input.Input
03-27 13:04:41.199 18880 18880 I Input   : injectKeyEvent: KeyEvent { action=ACTION_DOWN, keyCode=KEYCODE_HOME, scanCode=0, metaState=0, flags=0x0, repeatCount=0, eventTime=17404736478, downTime=17404736478, deviceId=-1, source=0x101 }
03-27 13:04:41.205 18880 18880 I Input   : injectKeyEvent: KeyEvent { action=ACTION_UP, keyCode=KEYCODE_HOME, scanCode=0, metaState=0, flags=0x0, repeatCount=0, eventTime=17404736478, downTime=17404736478, deviceId=-1, source=0x101 }
03-27 13:04:41.211  1456  1941 I ActivityManager: START u0 {act=android.intent.action.MAIN cat=[android.intent.category.HOME] flg=0x10200000 cmp=com.android.launcher3/.CustomizationPanelLauncher (has extras)} from uid 1000
03-27 13:04:41.212   794   839 E ANDR-PERF-RESOURCEQS: Failed to apply optimization [4, 0]
03-27 13:04:41.225  1456  1941 I ActivityManager: moveHomeStack, setupComplete:true
03-27 13:04:41.232 28336 28375 I Adreno  : QUALCOMM build                   : bb5b86c, I77d3059488
03-27 13:04:41.232 28336 28375 I Adreno  : Build Date                       : 06/07/18
03-27 13:04:41.232 28336 28375 I Adreno  : OpenGL ES Shader Compiler Version: EV031.22.00.01_06
03-27 13:04:41.232 28336 28375 I Adreno  : Local Branch                     : 
03-27 13:04:41.232 28336 28375 I Adreno  : Remote Branch                    : refs/tags/AU_LINUX_ANDROID_LA.UM.6.5.R1.08.01.00.312.086
03-27 13:04:41.232 28336 28375 I Adreno  : Remote Branch                    : NONE
03-27 13:04:41.232 28336 28375 I Adreno  : Reconstruct Branch               : NOTHING
