03-22 23:04:17.244   788  6194 V msm8974_platform: platform_get_backend_index:napb: backend port - 5 device - 120 
03-22 23:04:17.244   788  6194 V msm8974_platform: platform_set_backend_cfg:becf: afe: bitwidth 0, samplerate 0 channels 1, backend_idx 5 device (voice-rec-mic)
03-22 23:04:17.244   788  6194 E msm8974_platform: platform_set_backend_cfg:becf: afe: Could not get ctl for mixer command - SLIM_0_TX Format
03-22 23:04:17.244   788  6194 V msm8974_platform: platform_send_audio_calibration: sending audio calibration for snd_device(120) acdb_id(62)
03-22 23:04:17.244   788  6194 D ACDB-LOADER: ACDB -> send_audio_cal, acdb_id = 62, path = 1, app id = 0x11130, sample rate = 48000
03-22 23:04:17.244   788  6194 D ACDB-LOADER: ACDB -> send_asm_topology
03-22 23:04:17.244   788  6194 D ACDB-LOADER: ACDB -> ACDB_CMD_GET_AUDPROC_STREAM_TOPOLOGY_ID
03-22 23:04:17.244   788  6194 D ACDB-LOADER: ACDB -> send_adm_topology
03-22 23:04:17.244   788  6194 D ACDB-LOADER: ACDB -> ACDB_CMD_GET_AUDPROC_COMMON_TOPOLOGY_ID
03-22 23:04:17.244   788  6194 D ACDB-LOADER: ACDB -> send_audtable
03-22 23:04:17.245   788  6194 D ACDB-LOADER: ACDB -> ACDB_CMD_GET_AUDPROC_COMMON_TABLE_SIZE
03-22 23:04:17.245   788  6194 D ACDB-LOADER: ACDB -> ACDB_CMD_GET_AUDPROC_COMMON_TABLE
03-22 23:04:17.245   788  6194 D ACDB-LOADER: ACDB -> AUDIO_SET_AUDPROC_CAL
03-22 23:04:17.245   788  6194 D ACDB-LOADER: ACDB -> send_audvoltable
03-22 23:04:17.245   788  6194 D ACDB-LOADER: ACDB -> ACDB_CMD_GET_AUDPROC_VOL_STEP_TABLE_SIZE
03-22 23:04:17.245   788  6194 D ACDB-LOADER: ACDB -> ACDB_CMD_GET_AUDPROC_GAIN_DEP_STEP_TABLE, vol index 0
03-22 23:04:17.245   788  6194 D         : Failed to fetch the lookup information of the device 0000003E 
03-22 23:04:17.245   788  6194 D ACDB-LOADER: ACDB -> AUDIO_SET_VOL_CAL cal type = 12
03-22 23:04:17.245   788  6194 D ACDB-LOADER: ACDB -> ACDB_CMD_GET_AUDPROC_STREAM_TABLE_SIZE
03-22 23:04:17.245   788  6194 D ACDB-LOADER: ACDB -> send_audstrmtable
03-22 23:04:17.245   788  6194 D ACDB-LOADER: ACDB -> ACDB_CMD_GET_AUDPROC_STREAM_TABLE_V2
03-22 23:04:17.245   788  6194 D ACDB-LOADER: ACDB -> audstrm_cal->cal_type.cal_data.cal_size = 456
03-22 23:04:17.245   788  6194 D ACDB-LOADER: ACDB -> send_afe_topology
03-22 23:04:17.246   788  6194 D ACDB-LOADER: ACDB -> ACDB_CMD_GET_AFE_TOPOLOGY_ID
03-22 23:04:17.246   788  6194 D ACDB-LOADER: ACDB -> GET_AFE_TOPOLOGY_ID for adcd_id 62, Topology Id 112fb
03-22 23:04:17.246   788  6194 D ACDB-LOADER: ACDB -> send_afe_cal
03-22 23:04:17.246   788  6194 D ACDB-LOADER: ACDB -> ACDB_CMD_GET_AFE_COMMON_TABLE_SIZE
03-22 23:04:17.246   788  6194 D         : Failed to fetch the lookup information of the device 0000003E 
03-22 23:04:17.246   788  6194 E ACDB-LOADER: Error: ACDB_CMD_GET_AFE_COMMON_TABLE_SIZE Returned = -19
03-22 23:04:17.246   788  6194 D ACDB-LOADER: ACDB -> ACDB_CMD_GET_AFE_COMMON_TABLE
03-22 23:04:17.246   788  6194 D         : Failed to fetch the lookup information of the device 0000003E 
03-22 23:04:17.246   788  6194 D ACDB-LOADER: ACDB -> AUDIO_SET_AFE_CAL
03-22 23:04:17.246   788  6194 D ACDB-LOADER: ACDB -> send_hw_delay : acdb_id = 62 path = 1
03-22 23:04:17.246   788  6194 D ACDB-LOADER: ACDB -> ACDB_AVSYNC_INFO: ACDB_CMD_GET_DEVICE_PROPERTY
03-22 23:04:17.246   788  6194 D audio_hw_primary: enable_snd_device: snd_device(120: voice-rec-mic)
03-22 23:04:17.246   788  6194 D audio_route: Apply path: voice-rec-mic
03-22 23:04:17.252   788  6194 V msm8974_platform: platform_get_snd_device_backend_index: enter with device 120
03-22 23:04:17.252   788  6194 E msm8974_platform: platform_get_snd_device_backend_index: BE DAI Name Table is not present
03-22 23:04:17.252   788  6194 V msm8974_platform: platform_get_backend_index:napb: backend port - 5 device - 120 
03-22 23:04:17.252   788  6194 I audio_hw_utils: Set Audio Stream Capture 0 App Type Cfg: app_type 69936, acdb_dev_id 62, sample_rate 48000, snd_device_be_idx -14
03-22 23:04:17.252   788  6194 D audio_hw_primary: enable_audio_route: usecase(9) apply and update mixer path: audio-record
03-22 23:04:17.252   788  6194 D audio_route: Apply path: audio-record
03-22 23:04:17.322 28336 28379 I MicroDetectionWorker: onReady
03-22 23:04:17.337  2146  2165 I zygote  : NativeAlloc concurrent copying GC freed 18591(1001KB) AllocSpace objects, 0(0B) LOS objects, 49% free, 8MB/16MB, paused 123us total 111.894ms
03-22 23:04:17.344  5932  5932 I glean/Glean: Registering pings for org.mozilla.fenix.GleanMetrics.Pings
03-22 23:04:17.385  5932  5932 D App     : ActivationPing - already generated
03-22 23:04:17.621  1456  7796 I OpenGLRenderer: Initialized EGL, version 1.4
03-22 23:04:17.621  1456  7796 D OpenGLRenderer: Swap behavior 2
03-22 23:04:17.651  2748  2917 W OpenGLRenderer: Incorrectly called buildLayer on View: ShortcutAndWidgetContainer, destroying layer...
03-22 23:04:17.762  5932  5932 D GeckoRuntime: Lifecycle: onPause
03-22 23:04:17.763  5932  5932 D GeckoNetworkManager: Incoming event stop for state OnWithListeners -> OffWithListeners
03-22 23:04:17.764  5932  5932 I SessionStorage/AutoSave: Save: Background
03-22 23:04:17.772  5932  5960 I libglean_ffi: glean_core::ping: Collecting baseline
03-22 23:04:17.773  5932  6113 D SessionStorage/AutoSave: Saved state to disk [7ms]
03-22 23:04:17.778  5932  5960 D libglean_ffi: glean_core::ping: Storing ping 'd299d94f-ce09-453c-8218-6be20a971e3b' at '/data/user/0/org.mozilla.fennec_aurora/glean_data/pending_pings/d299d94f-ce09-453c-8218-6be20a971e3b'
03-22 23:04:17.778  5932  5960 I libglean_ffi: glean_core: The ping 'baseline' was submitted and will be sent as soon as possible
03-22 23:04:17.784  5932  5960 I libglean_ffi: glean_core::ping: Collecting events
03-22 23:04:17.787  5932  5960 D libglean_ffi: glean_core::ping: Storing ping '9f6f35b6-1636-4cc7-8d11-000ebcee7956' at '/data/user/0/org.mozilla.fennec_aurora/glean_data/pending_pings/9f6f35b6-1636-4cc7-8d11-000ebcee7956'
03-22 23:04:17.788  5932  5960 I libglean_ffi: glean_core: The ping 'events' was submitted and will be sent as soon as possible
03-22 23:04:17.814   808   898 I SFPerfTracer:      triggers: (rate: 0:1) (0 sw vsyncs) (0 skipped) (38:5480818 vsyncs) (40:11890652)
03-22 23:04:17.984  1456  1466 I zygote  : NativeAlloc concurrent copying GC freed 73112(6MB) AllocSpace objects, 26(1096KB) LOS objects, 37% free, 40MB/64MB, paused 163us total 362.986ms
03-22 23:04:22.237  1456  2204 I ActivityManager: Force stopping org.mozilla.fennec_aurora appid=11148 user=0: from pid 6209
03-22 23:04:22.238  1456  2204 I ActivityManager: Killing 5932:org.mozilla.fennec_aurora/u0a1148 (adj 700): stop org.mozilla.fennec_aurora
03-22 23:04:22.241  1456  1605 W zygote  : kill(-5932, 9) failed: No such process
03-22 23:04:22.248  1456  2204 W ActivityManager: Force removing ActivityRecord{9dfede3 u0 org.mozilla.fennec_aurora/org.mozilla.fenix.HomeActivity t42862}: app died, no saved state
03-22 23:04:22.253  6022  6022 I ServiceChildProcess: Service has been unbound. Stopping.
03-22 23:04:22.257  1456  2204 I ActivityManager: Killing 6022:org.mozilla.fennec_aurora:tab0/u0a1148 (adj 0): stop org.mozilla.fennec_aurora
03-22 23:04:22.257  1456  1605 W zygote  : kill(-5932, 9) failed: No such process
03-22 23:04:22.271  2398  2398 D CarrierSvcBindHelper: No carrier app for: 0
03-22 23:04:22.271  2398  2398 D CarrierSvcBindHelper: No carrier app for: 1
03-22 23:04:22.272  1456  1605 W zygote  : kill(-5932, 9) failed: No such process
03-22 23:04:22.316  1456  1673 W ActivityManager: setHasOverlayUi called on unknown pid: 5932
03-22 23:04:22.329  1456  1605 I chatty  : uid=1000(system) ActivityManager identical 4 lines
03-22 23:04:22.345  1456  1605 W zygote  : kill(-5932, 9) failed: No such process
03-22 23:04:22.345  1456  1605 I zygote  : Successfully killed process cgroup uid 11148 pid 5932 in 104ms
03-22 23:04:22.345  1456  1605 W zygote  : kill(-6022, 9) failed: No such process
03-22 23:04:22.345  1456  1605 I zygote  : Successfully killed process cgroup uid 11148 pid 6022 in 0ms
03-22 23:04:22.364  1456  4802 I ActivityManager: START u0 {act=android.intent.action.VIEW dat=https://example.com/... typ=text/html flg=0x10000000 cmp=org.mozilla.fennec_aurora/org.mozilla.fenix.IntentReceiverActivity} from uid 2000
03-22 23:04:22.365   794   839 E ANDR-PERF-RESOURCEQS: Failed to apply optimization [4, 0]
03-22 23:04:22.383  1456  2915 I ActivityManager: Start proc 6217:org.mozilla.fennec_aurora/u0a1148 for activity org.mozilla.fennec_aurora/org.mozilla.fenix.IntentReceiverActivity
03-22 23:04:22.472 28336 28379 I MicroDetectionState: Should stop hotword detection immediately - false
03-22 23:04:22.472 28336 28379 I MicroDetector: Keeping mic open: false
03-22 23:04:22.472 28336 28379 I RecognitionAudioControl: #shutdownAudio [requestId: 7663446039420286037, keepAudioOpen: false, forced: true]
03-22 23:04:22.472 28336 21549 E DeviceStateChecker: DeviceStateChecker cancelled
03-22 23:04:22.472 28336 28379 I RecognitionAudioControl: #internalShutdownAudio [requestId: 7663446039420286037]
03-22 23:04:22.472 28336 28379 I RecognitionAudioControl: #internalShutdownAudio [keepAudioOpen: false, forced: true]
03-22 23:04:22.472 28336 28379 I RecognitionAudioControl: #actualShutdownAudio
03-22 23:04:22.473 28336 28379 I AudioController: #shutdown [requestId=7663446039420286037]
03-22 23:04:22.473 28336 28366 I AudioController: internalShutdown
03-22 23:04:22.473 28336 28362 I MicroRecognitionRunner: Stopping hotword detection.
03-22 23:04:22.523   788  1479 D audio_hw_primary: disable_audio_route: usecase(9) reset and update mixer path: audio-record
03-22 23:04:22.524   788  1479 D audio_hw_primary: disable_snd_device: snd_device(120: voice-rec-mic)
03-22 23:04:22.526  1012  1301 D APM_AudioPolicyManager: stopInput() input 229846, session 229961
03-22 23:04:22.527   788  1401 D audio_hw_primary: in_set_parameters: enter: kvpairs=routing=0
03-22 23:04:22.528 28336 28366 I MicrophoneInputStream: mic_close  SR : 16000 CC : 16 SO : 1999
03-22 23:04:22.529 28336 28366 E AudioSource: Stop listening is called on already closed AudioSource
03-22 23:04:22.530 28336 21552 I MicroRecognitionRunner: Detection finished
03-22 23:04:22.534  6217  6217 D FirebaseApp: com.google.firebase.auth.FirebaseAuth is not linked. Skipping initialization.
03-22 23:04:22.535  6217  6217 D FirebaseApp: com.google.firebase.crash.FirebaseCrash is not linked. Skipping initialization.
03-22 23:04:22.535  6217  6217 I FirebaseInitProvider: FirebaseApp initialization successful
03-22 23:04:22.595  6217  6217 D FennecProfile: profiles.ini: true
03-22 23:04:22.601  6217  6217 D FennecProfile: Ignoring line in [general] section: StartWithLastProfile=1
03-22 23:04:22.601  6217  6236 I FA      : Collection disabled with firebase_analytics_collection_enabled=0
03-22 23:04:22.601  6217  6217 D FennecProfile: Found 1 profiles
03-22 23:04:22.602  6217  6217 D FennecProfile: Found default profile: FennecProfile(name=default, path=/data/user/0/org.mozilla.fennec_aurora/files/mozilla/61noy1bd.default, default=true)
03-22 23:04:22.602  6217  6236 I FA      : App measurement is starting up, version: 12780
03-22 23:04:22.602  6217  6236 I FA      : To enable debug logging run: adb shell setprop log.tag.FA VERBOSE
03-22 23:04:22.602  6217  6236 I FA      : To enable faster debug mode event logging run:
03-22 23:04:22.602  6217  6236 I FA      :   adb shell setprop debug.firebase.analytics.app org.mozilla.fennec_aurora
03-22 23:04:22.607  6217  6217 D FennecMigrator: No migrations to run. Fennec install - false.
03-22 23:04:22.619  6217  6217 D FenixApplication: Initializing Glean (uploadEnabled=true, isFennec=true)
03-22 23:04:22.629  6217  6246 D RustNativeSupport: findMegazordLibraryName(viaduct, 0.55.0
03-22 23:04:22.630  6217  6246 D RustNativeSupport: lib in use: none
03-22 23:04:22.630  6217  6246 D RustNativeSupport: lib configured: megazord
03-22 23:04:22.630  6217  6246 D RustNativeSupport: lib version configured: 0.55.0
03-22 23:04:22.630  6217  6246 D RustNativeSupport: settled on megazord
03-22 23:04:22.631  1456  4679 D ConnectivityService: requestNetwork for uid/pid:11148/6217 NetworkRequest [ TRACK_DEFAULT id=32760, [ Capabilities: INTERNET&NOT_RESTRICTED&TRUSTED&NOT_VPN] ]
03-22 23:04:22.632  1456  2099 D Ethernet: got request NetworkRequest [ TRACK_DEFAULT id=32760, [ Capabilities: INTERNET&NOT_RESTRICTED&TRUSTED&NOT_VPN] ] with score 0
03-22 23:04:22.632  1456  2054 D WIFI_UT : got request NetworkRequest [ TRACK_DEFAULT id=32760, [ Capabilities: INTERNET&NOT_RESTRICTED&TRUSTED&NOT_VPN] ] with score 0
03-22 23:04:22.632  1456  2054 D WIFI    : got request NetworkRequest [ TRACK_DEFAULT id=32760, [ Capabilities: INTERNET&NOT_RESTRICTED&TRUSTED&NOT_VPN] ] with score 0
03-22 23:04:22.633  2398  2398 D PhoneSwitcherNetworkRequstListener: got request NetworkRequest [ TRACK_DEFAULT id=32760, [ Capabilities: INTERNET&NOT_RESTRICTED&TRUSTED&NOT_VPN] ] with score 0
03-22 23:04:22.664  6217  6245 D libglean_ffi: glean_ffi: Android logging should be hooked up!
03-22 23:04:22.667  6217  6245 I glean/Glean: Registering pings for mozilla.telemetry.glean.GleanMetrics.Pings
03-22 23:04:22.670  6217  6245 I libglean_ffi: glean_core: Creating new Glean
03-22 23:04:22.671  6217  6245 D libglean_ffi: glean_core::database: Database path: "/data/user/0/org.mozilla.fennec_aurora/glean_data/db"
03-22 23:04:22.671  6217  6245 I libglean_ffi: glean_core::database: Database initialized
03-22 23:04:22.672  6217  6245 I libglean_ffi: glean_ffi: Glean initialized
03-22 23:04:22.672  6217  6246 D RustNativeSupport: findMegazordLibraryName(rustlog, 0.55.0
03-22 23:04:22.672  6217  6246 D RustNativeSupport: lib in use: none
03-22 23:04:22.672  6217  6246 D RustNativeSupport: lib configured: megazord
03-22 23:04:22.672  6217  6246 D RustNativeSupport: lib version configured: 0.55.0
03-22 23:04:22.672  6217  6246 D RustNativeSupport: settled on megazord
03-22 23:04:22.674  6217  6246 I rc_log_ffi::ios: rc_log adapter initialized!
03-22 23:04:22.686  6217  6245 D glean/MetricsPingSched: The 'metrics' ping was last sent on Sun Mar 22 00:00:00 EDT 2020
03-22 23:04:22.687  6217  6245 I glean/MetricsPingSched: The 'metrics' ping was already sent today, Sun Mar 22 23:04:22 EDT 2020.
03-22 23:04:22.688  6217  6245 D glean/MetricsPingSched: Scheduling the 'metrics' ping in 17737326ms
03-22 23:04:22.689  6217  6245 D libglean_ffi: glean_core: Clearing Lifetime::Application metrics
03-22 23:04:22.691 17694 17705 I zygote  : Background concurrent copying GC freed 69107(5MB) AllocSpace objects, 86(4MB) LOS objects, 50% free, 8MB/17MB, paused 204us total 112.875ms
03-22 23:04:22.697  6217  6217 D GeckoThread: State changed to LAUNCHED
03-22 23:04:22.698  6217  6253 I GeckoThread: preparing to run Gecko
03-22 23:04:22.706  6217  6253 D GeckoThread: State changed to MOZGLUE_READY
03-22 23:04:22.706  6217  6217 D GeckoRuntime: Lifecycle: onCreate
03-22 23:04:22.718  6217  6253 W Settings: Setting animator_duration_scale has moved from android.provider.Settings.System to android.provider.Settings.Global, returning read-only global URI.
03-22 23:04:22.718  6217  6217 I zygote  : Deoptimizing java.lang.Object androidx.collection.SimpleArrayMap.put(java.lang.Object, java.lang.Object) due to JIT inline cache
03-22 23:04:22.720  6217  6253 E GeckoLibLoad: Load sqlite start
03-22 23:04:22.726  6217  6217 D GleanMetricsService: Enabling Glean.
03-22 23:04:22.740  6217  6253 W GeckoLinker: /data/app/org.mozilla.fennec_aurora-SvpZN-jVGxY7xS2kQsi9kQ==/lib/arm/libnss3.so: unhandled flags #8 not handled
03-22 23:04:22.743  6217  6245 I libglean_ffi: glean_core: Upload enabled: true
03-22 23:04:22.745  6217  6217 I AdjustMetricsService: No adjust token defined
03-22 23:04:22.745  6217  6253 W GeckoLinker: /data/app/org.mozilla.fennec_aurora-SvpZN-jVGxY7xS2kQsi9kQ==/lib/arm/libnss3.so: Relocation to NULL @0x001b9ffc for symbol "__cxa_type_match"
03-22 23:04:22.746  6217  6253 E GeckoLibLoad: Load sqlite done
03-22 23:04:22.746  6217  6253 E GeckoLibLoad: Load nss start
03-22 23:04:22.746  6217  6253 E GeckoLibLoad: Load nss done
03-22 23:04:22.746  6217  6217 D PushConfig: Creating push configuration for autopush.
03-22 23:04:22.747  6217  6253 W GeckoLinker: /data/app/org.mozilla.fennec_aurora-SvpZN-jVGxY7xS2kQsi9kQ==/lib/arm/libxul.so: unhandled flags #8 not handled
03-22 23:04:22.747  6217  6253 W GeckoLinker: /data/app/org.mozilla.fennec_aurora-SvpZN-jVGxY7xS2kQsi9kQ==/lib/arm/liblgpllibs.so: unhandled flags #8 not handled
03-22 23:04:22.751  6217  6217 I App     : AutoPushFeature is configured, initializing it...
03-22 23:04:22.752  6217  6217 I AutoPushFeature: Checking validity of push subscriptions.
03-22 23:04:22.760  6217  6217 D FennecProfile: profiles.ini: true
03-22 23:04:22.762  6217  6217 D FennecProfile: Ignoring line in [general] section: StartWithLastProfile=1
03-22 23:04:22.763  6217  6217 D FennecProfile: Found 1 profiles
03-22 23:04:22.763  6217  6217 D FennecProfile: Found default profile: FennecProfile(name=default, path=/data/user/0/org.mozilla.fennec_aurora/files/mozilla/61noy1bd.default, default=true)
03-22 23:04:22.768  6217  6246 W [WARNING][Leanplum]: [com.leanplum.internal.ActionManager::getLocationManager::8]: Geofencing support requires leanplum-location module and Google Play Services v8.1 and higher.
03-22 23:04:22.768  6217  6246 W [WARNING][Leanplum]: Add this to your build.gradle file:
03-22 23:04:22.768  6217  6246 W [WARNING][Leanplum]: implementation 'com.google.android.gms:play-services-location:8.3.0+'
03-22 23:04:22.768  6217  6246 W [WARNING][Leanplum]: implementation 'com.leanplum:leanplum-location:+'
03-22 23:04:22.768  6217  6217 I FirefoxAccountStateMachine: Enabling/updating sync with a new SyncConfig: SyncConfig(supportedEngines=[mozilla.components.service.fxa.SyncEngine$History@1d37a3a, mozilla.components.service.fxa.SyncEngine$Bookmarks@924e6eb, mozilla.components.service.fxa.SyncEngine$Passwords@7d41c48], syncPeriodInMinutes=240)
03-22 23:04:22.770  6217  6246 I [INFO][Leanplum]: [com.leanplum.monitoring.ExceptionHandler::setContext::6]: LeanplumExceptionHandler could not initialize Exception Reporting.This is expected if you have not included the leanplum-monitoring module
03-22 23:04:22.772  6217  6217 I BgSyncManager: Periodic syncing enabled at a 240 interval
03-22 23:04:22.774  6217  6217 I FirefoxAccountStateMachine: Sync is enabled
03-22 23:04:22.783  6217  6258 I [INFO][Leanplum]: [com.leanplum.LeanplumFcmProvider::isManifestSetup::11]: Firebase Messaging is setup correctly.
03-22 23:04:22.787  6217  6253 E GeckoLibLoad: Loaded libs in 40.783963ms total, 26ms(120ms) user, 10ms(40ms) system, 0(0) faults
03-22 23:04:22.789  6217  6253 D GeckoThread: State changed to LIBS_READY
03-22 23:04:22.789  6217  6262 I FirefoxAccountStateMachine: Processing event Event$Init for state Start. Next state is Start
03-22 23:04:22.803  6217  6253 W GeckoThread: zerdatime 17460756571 - runGecko
03-22 23:04:22.807  6217  6217 D FennecMigrator: This is not a Fennec installation. No migration needed.
03-22 23:04:22.809  6217  6217 D SessionManager: onTrimMemory(15): clearThumbnails=true, closeEngineSessions=true
03-22 23:04:22.809  6217  6217 D SessionManager: Cleared 0 thumbnail(s) and unlinked 0 engine sessions(s)
03-22 23:04:22.816  6217  6253 D GeckoProfile: Loading profile at: null name: default
03-22 23:04:22.817  6217  6262 I FirefoxAccountStateMachine: Ran 'Event$Init' side-effects for state Start, got successive event Event$AccountNotFound
03-22 23:04:22.817  6217  6262 I FirefoxAccountStateMachine: Processing event Event$AccountNotFound for state Start. Next state is NotAuthenticated
03-22 23:04:22.818  6217  6253 D GeckoProfile: Found profile dir: /data/user/0/org.mozilla.fennec_aurora/files/mozilla/61noy1bd.default
03-22 23:04:22.823  6217  6262 D RustNativeSupport: findMegazordLibraryName(fxaclient, 0.55.0
03-22 23:04:22.823  6217  6262 D RustNativeSupport: lib in use: none
03-22 23:04:22.823  6217  6262 D RustNativeSupport: lib configured: megazord
03-22 23:04:22.823  6217  6262 D RustNativeSupport: lib version configured: 0.55.0
03-22 23:04:22.823  6217  6262 D RustNativeSupport: settled on megazord
03-22 23:04:22.829  6217  6262 D fxaclient_ffi: fxa_new
03-22 23:04:22.845  6217  6217 D GeckoRuntime: Lifecycle: onStart
03-22 23:04:22.849  6217  6222 I zygote  : Do partial code cache collection, code=24KB, data=28KB
03-22 23:04:22.851  6217  6222 I zygote  : After code cache collection, code=22KB, data=27KB
03-22 23:04:22.851  6217  6222 I zygote  : Increasing code cache capacity to 128KB
03-22 23:04:22.859  6217  6217 I [INFO][Leanplum]: [com.leanplum.internal.RequestOld::sendIfConnected::4]: Device is offline, will send later
03-22 23:04:22.869  6217  6217 D GeckoRuntime: Lifecycle: onResume
03-22 23:04:22.870  6217  6217 D GeckoNetworkManager: Incoming event start for state OffNoListeners -> OnNoListeners
03-22 23:04:22.871  6217  6217 D GeckoNetworkManager: New network state: DOWN, NONE, UNKNOWN
03-22 23:04:22.888  6217  6279 D OpenGLRenderer: HWUI GL Pipeline
03-22 23:04:22.959  1456  2915 I ActivityManager: START u0 {act=android.intent.action.VIEW dat=https://example.com/... typ=text/html cmp=org.mozilla.fennec_aurora/org.mozilla.fenix.HomeActivity (has extras)} from uid 11148
03-22 23:04:22.969  6217  6217 D GeckoNetworkManager: Incoming event receivedUpdate for state OnNoListeners -> OnNoListeners
03-22 23:04:22.970  6217  6217 D GeckoNetworkManager: New network state: DOWN, NONE, UNKNOWN
03-22 23:04:22.981  6217  6279 I Adreno  : QUALCOMM build                   : bb5b86c, I77d3059488
03-22 23:04:22.981  6217  6279 I Adreno  : Build Date                       : 06/07/18
03-22 23:04:22.981  6217  6279 I Adreno  : OpenGL ES Shader Compiler Version: EV031.22.00.01_06
03-22 23:04:22.981  6217  6279 I Adreno  : Local Branch                     : 
03-22 23:04:22.981  6217  6279 I Adreno  : Remote Branch                    : refs/tags/AU_LINUX_ANDROID_LA.UM.6.5.R1.08.01.00.312.086
03-22 23:04:22.981  6217  6279 I Adreno  : Remote Branch                    : NONE
03-22 23:04:22.981  6217  6279 I Adreno  : Reconstruct Branch               : NOTHING
03-22 23:04:22.982  6217  6279 D vndksupport: Loading /vendor/lib/hw/gralloc.msm8937.so from current namespace instead of sphal namespace.
03-22 23:04:22.992  6217  6279 I Adreno  : PFP: 0x005ff087, ME: 0x005ff063
03-22 23:04:23.004  6217  6279 I zygote  : android::hardware::configstore::V1_0::ISurfaceFlingerConfigs::hasWideColorDisplay retrieved: 0
03-22 23:04:23.008  6217  6279 I OpenGLRenderer: Initialized EGL, version 1.4
03-22 23:04:23.008  6217  6279 D OpenGLRenderer: Swap behavior 2
03-22 23:04:23.040  1456  5050 I WindowManager: Keep hide if surface has never drawn Window{5292fef u0 org.mozilla.fennec_aurora/org.mozilla.fenix.IntentReceiverActivity}
03-22 23:04:23.041  1456  5050 I WindowManager: Failed to capture screenshot of Token{f6fd221 ActivityRecord{152d888 u0 org.mozilla.fennec_aurora/org.mozilla.fenix.IntentReceiverActivity t42863 f}} appWin=Window{5292fef u0 org.mozilla.fennec_aurora/org.mozilla.fenix.IntentReceiverActivity} drawState=1
03-22 23:04:23.050  6217  6217 D MigrationPushRenewer: Migration state: NONE
03-22 23:04:23.056  6217  6217 D MigrationTelemetryListener: Migration state: NONE
03-22 23:04:23.065  1456  1673 I LaunchCheckinHandler: Displayed org.mozilla.fennec_aurora/org.mozilla.fenix.IntentReceiverActivity,cp,ca,693
03-22 23:04:23.089  6217  6217 D PhoneWindow: Restoring navigation bar divider color to default value = 0x00000000
03-22 23:04:23.124  6217  6253 I Gecko:DumpUtils: Fifo watcher disabled via pref.
03-22 23:04:23.150  6217  6217 I NavController: Ignoring popBackStack to destination org.mozilla.fennec_aurora:id/browserFragment as it was not found on the current back stack
03-22 23:04:23.153  6217  6253 D GeckoSysInfo: System memory: 1867MB.
03-22 23:04:23.157  6217  6253 D GeckoThread: State changed to JNI_READY
03-22 23:04:23.179  1456  2918 I ActivityManager: Start proc 6307:org.mozilla.fennec_aurora:tab0/u0a1148 for service org.mozilla.fennec_aurora/org.mozilla.gecko.process.GeckoChildProcessServices$tab0
03-22 23:04:23.192  6217  6222 I zygote  : Do partial code cache collection, code=59KB, data=53KB
03-22 23:04:23.194  6217  6222 I zygote  : After code cache collection, code=51KB, data=49KB
03-22 23:04:23.194  6217  6222 I zygote  : Increasing code cache capacity to 256KB
03-22 23:04:23.324  6307  6307 D GeckoThread: State changed to LAUNCHED
03-22 23:04:23.325  6307  6325 I GeckoThread: preparing to run Gecko
03-22 23:04:23.368  6217  6268 D RustNativeSupport: findMegazordLibraryName(places, 0.55.0
03-22 23:04:23.368  6217  6268 D RustNativeSupport: lib in use: none
03-22 23:04:23.368  6217  6268 D RustNativeSupport: lib configured: megazord
03-22 23:04:23.368  6217  6268 D RustNativeSupport: lib version configured: 0.55.0
03-22 23:04:23.368  6217  6268 D RustNativeSupport: settled on megazord
03-22 23:04:23.372  6217  6268 D places_ffi: places_api_new
03-22 23:04:23.417  6217  6268 D sql_support::conn_ext: Transaction commited after 33.366826ms
03-22 23:04:23.418  6217  6268 D places_ffi: places_connection_new
03-22 23:04:23.422  6217  6268 D places_ffi: places_connection_new
03-22 23:04:23.441  6217  6268 D places_ffi: bookmarks_get_all_with_url
03-22 23:04:23.477  6217  6217 I [INFO][Leanplum]: [com.leanplum.internal.RequestOld::sendIfConnected::4]: Device is offline, will send later
03-22 23:04:23.488  6217  6262 W FirefoxAccountStateMachine: Got invalid event Event$Init for state NotAuthenticated.
03-22 23:04:23.501  6217  6217 E [ERROR][Leanplum]: [com.leanplum.LeanplumFcmProvider$1::onComplete::2]: getInstanceId failed
03-22 23:04:23.537  6217  6328 W LOTTIE  : Animation contains merge paths. Merge paths are only supported on KitKat+ and must be manually enabled by calling enableMergePathsForKitKatAndAbove().
03-22 23:04:23.627  1456  2918 I ActivityManager: Displayed org.mozilla.fennec_aurora/org.mozilla.fenix.HomeActivity: +593ms (total +1s255ms)
03-22 23:04:23.627  1456  2918 I ActivityManager: Fully drawn org.mozilla.fennec_aurora/org.mozilla.fenix.HomeActivity: +593ms (total +1s255ms)
03-22 23:04:23.632  6217  6222 I zygote  : Do full code cache collection, code=125KB, data=99KB
03-22 23:04:23.635  6217  6222 I zygote  : After code cache collection, code=96KB, data=58KB
03-22 23:04:23.676  6217  6279 D vndksupport: Loading /vendor/lib/hw/android.hardware.graphics.mapper@2.0-impl.so from current namespace instead of sphal namespace.
03-22 23:04:23.677  6217  6279 D vndksupport: Loading /vendor/lib/hw/gralloc.msm8937.so from current namespace instead of sphal namespace.
03-22 23:04:23.717  6217  6217 W LOTTIE  : Animation contains merge paths but they are disabled.
03-22 23:04:23.739  6217  6253 D GeckoThread: State changed to PROFILE_READY
03-22 23:04:23.789 28336 28336 I MemoryTrimmer: Trimming objects from memory, since app is in the background.
03-22 23:04:23.798 28336 28379 E AudioSource: Stop listening is called on already closed AudioSource
03-22 23:04:23.803 28336 12606 I PBSessionCacheImpl: Deleted sessionId[124624629806591155] from persistence.
03-22 23:04:23.806 28336 28336 I MemoryTrimmer: Trimming objects from memory, since app is in the background.
03-22 23:04:23.810  1456  5050 I WifiService: getWifiEnabledState uid=10073
03-22 23:04:23.811 28336 28379 I DEBUG   : OpaToSrpTransitionState#onStateChanged#notNullQuery
03-22 23:04:23.812 28336 28379 I DEBUG   : OpaToSrpTransitionState#onStateChanged#notNullQuery
03-22 23:04:23.820  6217  6222 I zygote  : Do partial code cache collection, code=119KB, data=80KB
03-22 23:04:23.822 28336 28379 W SearchServiceCore: Abort, client detached.
03-22 23:04:23.822  6217  6222 I zygote  : After code cache collection, code=117KB, data=79KB
03-22 23:04:23.822  6217  6222 I zygote  : Increasing code cache capacity to 512KB
03-22 23:04:23.853  6217  6253 D GeckoThread: State changed to RUNNING
03-22 23:04:23.871  6217  6253 I Gecko   : -*- nsDNSServiceDiscovery.js : nsDNSServiceDiscovery
03-22 23:04:23.956  6217  6217 D GeckoNetworkManager: Incoming event enableNotifications for state OnNoListeners -> OnWithListeners
03-22 23:04:23.957  6217  6217 D GeckoNetworkManager: New network state: DOWN, NONE, UNKNOWN
03-22 23:04:23.957  6217  6217 D GeckoNetworkManager: Incoming event receivedUpdate for state OnWithListeners -> OnWithListeners
03-22 23:04:23.958  6217  6217 D GeckoNetworkManager: New network state: DOWN, NONE, UNKNOWN
03-22 23:04:23.961  6217  6253 W GeckoLinker: /data/app/org.mozilla.fennec_aurora-SvpZN-jVGxY7xS2kQsi9kQ==/lib/arm/libsoftokn3.so: unhandled flags #8 not handled
03-22 23:04:23.962  6217  6253 W GeckoLinker: /data/app/org.mozilla.fennec_aurora-SvpZN-jVGxY7xS2kQsi9kQ==/lib/arm/libsoftokn3.so: Relocation to NULL @0x0002cffc for symbol "__cxa_type_match"
03-22 23:04:23.962  6217  6253 W GeckoLinker: /data/app/org.mozilla.fennec_aurora-SvpZN-jVGxY7xS2kQsi9kQ==/lib/arm/libfreebl3.so: unhandled flags #8 not handled
03-22 23:04:23.963  6217  6253 W GeckoLinker: /data/app/org.mozilla.fennec_aurora-SvpZN-jVGxY7xS2kQsi9kQ==/lib/arm/libfreebl3.so: Relocation to NULL @0x0004fffc for symbol "__cxa_type_match"
03-22 23:04:23.994  6217  6340 W GeckoLinker: /data/app/org.mozilla.fennec_aurora-SvpZN-jVGxY7xS2kQsi9kQ==/lib/arm/libnssckbi.so: unhandled flags #8 not handled
03-22 23:04:23.994  6217  6340 W GeckoLinker: /data/app/org.mozilla.fennec_aurora-SvpZN-jVGxY7xS2kQsi9kQ==/lib/arm/libnssckbi.so: Relocation to NULL @0x00055ffc for symbol "__cxa_type_match"
03-22 23:04:24.058  6217  6253 W ResourceType: Too many attribute references, stopped at: 0x01010099
03-22 23:04:24.105  6217  6253 W GeckoEventDispatcher: No listener for GeckoView:AccessibilityEnabled
03-22 23:04:24.242  1023  6369 D libc    : Internal error: netid(0), id(0x71ce), server(0.0.0.0)
03-22 23:04:24.242  1023  6369 D libc    : Internal error: netid(0), id(0x71ce), server(0.0.0.0)
03-22 23:04:24.243  1023  6369 D libc    : Internal error: netid(0), id(0x919f), server(0.0.0.0)
03-22 23:04:24.243  1023  6369 D libc    : Internal error: netid(0), id(0x919f), server(0.0.0.0)
03-22 23:04:24.268  1023  6381 D libc    : Internal error: netid(0), id(0xdece), server(0.0.0.0)
03-22 23:04:24.268  1023  6381 D libc    : Internal error: netid(0), id(0xdece), server(0.0.0.0)
03-22 23:04:24.269  1023  6381 D libc    : Internal error: netid(0), id(0x1ad0), server(0.0.0.0)
03-22 23:04:24.269  1023  6383 D libc    : Internal error: netid(0), id(0x24ba), server(0.0.0.0)
03-22 23:04:24.269  1023  6381 D libc    : Internal error: netid(0), id(0x1ad0), server(0.0.0.0)
03-22 23:04:24.269  1023  6383 D libc    : Internal error: netid(0), id(0x24ba), server(0.0.0.0)
03-22 23:04:24.270  1023  6383 D libc    : Internal error: netid(0), id(0xbc83), server(0.0.0.0)
03-22 23:04:24.270  6217  6253 W ResourceType: Too many attribute references, stopped at: 0x01010099
03-22 23:04:24.270  1023  6383 D libc    : Internal error: netid(0), id(0xbc83), server(0.0.0.0)
03-22 23:04:24.272  1023  6386 D libc    : Internal error: netid(0), id(0x7bf4), server(0.0.0.0)
03-22 23:04:24.273  1023  6386 D libc    : Internal error: netid(0), id(0x7bf4), server(0.0.0.0)
03-22 23:04:24.273  1023  6386 D libc    : Internal error: netid(0), id(0x786), server(0.0.0.0)
03-22 23:04:24.273  1023  6386 D libc    : Internal error: netid(0), id(0x786), server(0.0.0.0)
03-22 23:04:24.295  6217  6246 D App     : Could not fetch region from location service
03-22 23:04:24.295  6217  6246 D App     : java.io.IOException: org.mozilla.geckoview.WebRequestError: Request failed, error=0x25, category=0x5
03-22 23:04:24.295  6217  6246 D App     : 	at mozilla.components.browser.engine.gecko.fetch.GeckoViewFetchClient.fetch(GeckoViewFetchClient.kt:39)
03-22 23:04:24.295  6217  6246 D App     : 	at mozilla.components.service.location.MozillaLocationService$fetchRegion$2.invokeSuspend(MozillaLocationService.kt:27)
03-22 23:04:24.295  6217  6246 D App     : 	at mozilla.components.service.location.MozillaLocationService$fetchRegion$2.invoke(Unknown Source:10)
03-22 23:04:24.295  6217  6246 D App     : 	at kotlin.jvm.internal.Intrinsics.startUndispatchedOrReturn(Intrinsics.java:2)
03-22 23:04:24.295  6217  6246 D App     : 	at kotlin.jvm.internal.Intrinsics.withContext(Intrinsics.java:9)
03-22 23:04:24.295  6217  6246 D App     : 	at mozilla.components.service.location.MozillaLocationService.fetchRegion(MozillaLocationService.kt:2)
03-22 23:04:24.295  6217  6246 D App     : 	at mozilla.components.service.location.search.RegionSearchLocalizationProvider.determineRegion(RegionSearchLocalizationProvider.kt:5)
03-22 23:04:24.295  6217  6246 D App     : 	at mozilla.components.browser.search.provider.AssetsSearchEngineProvider.loadSearchEngines(AssetsSearchEngineProvider.kt:5)
03-22 23:04:24.295  6217  6246 D App     : 	at org.mozilla.fenix.components.searchengine.FenixSearchEngineProvider$baseSearchEngines$1.invokeSuspend(FenixSearchEngineProvider.kt:9)
03-22 23:04:24.295  6217  6246 D App     : 	at kotlin.coroutines.jvm.internal.BaseContinuationImpl.resumeWith(ContinuationImpl.kt:2)
03-22 23:04:24.295  6217  6246 D App     : 	at kotlinx.coroutines.DispatchedTask.run(DispatchedTask.kt:15)
03-22 23:04:24.295  6217  6246 D App     : 	at kotlinx.coroutines.scheduling.CoroutineScheduler.runSafely(CoroutineScheduler.kt:1)
03-22 23:04:24.295  6217  6246 D App     : 	at kotlinx.coroutines.scheduling.CoroutineScheduler$Worker.run(CoroutineScheduler.kt:15)
03-22 23:04:24.295  6217  6246 D App     : Caused by: org.mozilla.geckoview.WebRequestError: Request failed, error=0x25, category=0x5
03-22 23:04:24.295  6217  6246 D App     : 	at org.mozilla.gecko.mozglue.GeckoLoader.nativeRun(Native Method)
03-22 23:04:24.295  6217  6246 D App     : 	at org.mozilla.gecko.GeckoThread.run(GeckoThread.java:91)
03-22 23:04:24.296  6217  6247 D App     : Could not fetch region from location service
03-22 23:04:24.296  6217  6247 D App     : java.io.IOException: org.mozilla.geckoview.WebRequestError: Request failed, error=0x25, category=0x5
03-22 23:04:24.296  6217  6247 D App     : 	at mozilla.components.browser.engine.gecko.fetch.GeckoViewFetchClient.fetch(GeckoViewFetchClient.kt:39)
03-22 23:04:24.296  6217  6247 D App     : 	at mozilla.components.service.location.MozillaLocationService$fetchRegion$2.invokeSuspend(MozillaLocationService.kt:27)
03-22 23:04:24.296  6217  6247 D App     : 	at kotlin.coroutines.jvm.internal.BaseContinuationImpl.resumeWith(ContinuationImpl.kt:2)
03-22 23:04:24.296  6217  6247 D App     : 	at kotlinx.coroutines.DispatchedTask.run(DispatchedTask.kt:15)
03-22 23:04:24.296  6217  6247 D App     : 	at kotlinx.coroutines.scheduling.CoroutineScheduler.runSafely(CoroutineScheduler.kt:1)
03-22 23:04:24.296  6217  6247 D App     : 	at kotlinx.coroutines.scheduling.CoroutineScheduler$Worker.run(CoroutineScheduler.kt:15)
03-22 23:04:24.296  6217  6247 D App     : Caused by: org.mozilla.geckoview.WebRequestError: Request failed, error=0x25, category=0x5
03-22 23:04:24.296  6217  6247 D App     : 	at org.mozilla.gecko.mozglue.GeckoLoader.nativeRun(Native Method)
03-22 23:04:24.296  6217  6247 D App     : 	at org.mozilla.gecko.GeckoThread.run(GeckoThread.java:91)
03-22 23:04:24.403  6307  6325 D GeckoThread: State changed to MOZGLUE_READY
03-22 23:04:24.410  6307  6325 W Settings: Setting animator_duration_scale has moved from android.provider.Settings.System to android.provider.Settings.Global, returning read-only global URI.
03-22 23:04:24.413  6307  6325 E GeckoLibLoad: Load sqlite start
03-22 23:04:24.428  6217  6253 I GeckoSession: zerdatime 17460758195 - chrome startup finished
03-22 23:04:24.431  6307  6325 W GeckoLinker: /data/app/org.mozilla.fennec_aurora-SvpZN-jVGxY7xS2kQsi9kQ==/lib/arm/libnss3.so: unhandled flags #8 not handled
03-22 23:04:24.435  6307  6325 W GeckoLinker: /data/app/org.mozilla.fennec_aurora-SvpZN-jVGxY7xS2kQsi9kQ==/lib/arm/libnss3.so: Relocation to NULL @0x001b9ffc for symbol "__cxa_type_match"
03-22 23:04:24.435  6307  6325 E GeckoLibLoad: Load sqlite done
03-22 23:04:24.436  6307  6325 E GeckoLibLoad: Load nss start
03-22 23:04:24.436  6307  6325 E GeckoLibLoad: Load nss done
03-22 23:04:24.436  6307  6325 W GeckoLinker: /data/app/org.mozilla.fennec_aurora-SvpZN-jVGxY7xS2kQsi9kQ==/lib/arm/libxul.so: unhandled flags #8 not handled
03-22 23:04:24.436  6307  6325 W GeckoLinker: /data/app/org.mozilla.fennec_aurora-SvpZN-jVGxY7xS2kQsi9kQ==/lib/arm/liblgpllibs.so: unhandled flags #8 not handled
03-22 23:04:24.468  6307  6325 E GeckoLibLoad: Loaded libs in 31.798962ms total, 20ms(20ms) user, 6ms(10ms) system, 0(0) faults
03-22 23:04:24.468  6307  6325 D GeckoThread: State changed to LIBS_READY
03-22 23:04:24.468  6307  6325 W GeckoThread: zerdatime 17460758235 - runGecko
03-22 23:04:24.469  6217  6398 D App     : Could not fetch region from location service
03-22 23:04:24.469  6217  6398 D App     : java.io.IOException: org.mozilla.geckoview.WebRequestError: Request failed, error=0x25, category=0x5
03-22 23:04:24.469  6217  6398 D App     : 	at mozilla.components.browser.engine.gecko.fetch.GeckoViewFetchClient.fetch(GeckoViewFetchClient.kt:39)
03-22 23:04:24.469  6217  6398 D App     : 	at mozilla.components.service.location.MozillaLocationService$fetchRegion$2.invokeSuspend(MozillaLocationService.kt:27)
03-22 23:04:24.469  6217  6398 D App     : 	at mozilla.components.service.location.MozillaLocationService$fetchRegion$2.invoke(Unknown Source:10)
03-22 23:04:24.469  6217  6398 D App     : 	at kotlin.jvm.internal.Intrinsics.startUndispatchedOrReturn(Intrinsics.java:2)
03-22 23:04:24.469  6217  6398 D App     : 	at kotlin.jvm.internal.Intrinsics.withContext(Intrinsics.java:9)
03-22 23:04:24.469  6217  6398 D App     : 	at mozilla.components.service.location.MozillaLocationService.fetchRegion(MozillaLocationService.kt:2)
03-22 23:04:24.469  6217  6398 D App     : 	at mozilla.components.service.location.search.RegionSearchLocalizationProvider.determineRegion(RegionSearchLocalizationProvider.kt:5)
03-22 23:04:24.469  6217  6398 D App     : 	at mozilla.components.browser.search.provider.AssetsSearchEngineProvider.loadSearchEngines(AssetsSearchEngineProvider.kt:5)
03-22 23:04:24.469  6217  6398 D App     : 	at org.mozilla.fenix.components.searchengine.FenixSearchEngineProvider$bundledSearchEngines$1.invokeSuspend(FenixSearchEngineProvider.kt:21)
03-22 23:04:24.469  6217  6398 D App     : 	at kotlin.coroutines.jvm.internal.BaseContinuationImpl.resumeWith(ContinuationImpl.kt:2)
03-22 23:04:24.469  6217  6398 D App     : 	at kotlinx.coroutines.DispatchedTask.run(DispatchedTask.kt:15)
03-22 23:04:24.469  6217  6398 D App     : 	at kotlinx.coroutines.scheduling.CoroutineScheduler.runSafely(CoroutineScheduler.kt:1)
03-22 23:04:24.469  6217  6398 D App     : 	at kotlinx.coroutines.scheduling.CoroutineScheduler$Worker.run(CoroutineScheduler.kt:15)
03-22 23:04:24.469  6217  6398 D App     : Caused by: org.mozilla.geckoview.WebRequestError: Request failed, error=0x25, category=0x5
03-22 23:04:24.469  6217  6398 D App     : 	at org.mozilla.gecko.mozglue.GeckoLoader.nativeRun(Native Method)
03-22 23:04:24.469  6217  6398 D App     : 	at org.mozilla.gecko.GeckoThread.run(GeckoThread.java:91)
03-22 23:04:24.802  6307  6325 D GeckoThread: State changed to RUNNING
03-22 23:04:24.838  6307  6325 W ResourceType: Too many attribute references, stopped at: 0x01010099
03-22 23:04:24.914  6217  6217 D App     : Installed browser-icons extension
03-22 23:04:24.916  6217  6217 D mozac-webextensions: Installed extension: mozacWebchannel
03-22 23:04:24.920  6217  6217 D mozac-webextensions: Installed extension: mozacReaderview
03-22 23:04:24.940  6307  6307 D GeckoNetworkManager: Incoming event enableNotifications for state OffNoListeners -> OffWithListeners
03-22 23:04:24.941  6217  6217 D GeckoSession: handleMessage GeckoView:PageStart uri=about:blank
03-22 23:04:24.942  6307  6307 D GeckoNetworkManager: New network state: DOWN, NONE, UNKNOWN
03-22 23:04:24.994  6217  6217 D GeckoSession: handleMessage GeckoView:LocationChange uri=about:blank
03-22 23:04:24.994  6217  6217 D GeckoSession: handleMessage GeckoView:PageStop uri=null
03-22 23:04:25.000  6217  6253 D GeckoScreenOrientation: unlocking
03-22 23:04:25.003  6217  6217 I SessionStorage/AutoSave: Save: Load finished
03-22 23:04:25.004  6217  6267 D SessionStorage/AutoSave: Delaying save (17ms)
03-22 23:04:25.021  6217  6217 D GeckoSession: handleMessage GeckoView:ProgressChanged uri=null
03-22 23:04:25.027  6217  6267 D SessionStorage/AutoSave: Saved state to disk [5ms]
03-22 23:04:25.029  6217  6217 D GeckoSession: handleMessage GeckoView:PageStart uri=https://example.com/
03-22 23:04:25.050  6217  6217 D GeckoSession: handleMessage GeckoView:ProgressChanged uri=null
03-22 23:04:25.057  6217  6217 D GeckoSession: handleMessage GeckoView:PageStop uri=null
03-22 23:04:25.057  6217  6217 I SessionStorage/AutoSave: Save: Load finished
03-22 23:04:25.058  6217  6267 D SessionStorage/AutoSave: Delaying save (1946ms)
03-22 23:04:25.068  6217  6217 D GeckoSession: handleMessage GeckoView:SecurityChanged uri=null
03-22 23:04:25.069  6217  6217 D GeckoSession: handleMessage GeckoView:ProgressChanged uri=null
03-22 23:04:25.075  6217  6217 D GeckoSession: handleMessage GeckoView:PageStart uri=https://example.com/
03-22 23:04:25.313  6217  6217 D GeckoSession: handleMessage GeckoView:OnLoadError uri=https://example.com/
03-22 23:04:25.319  6217  6217 I zygote  : Deoptimizing kotlin.coroutines.CoroutineContext$Element kotlin.coroutines.CoroutineContext$Element$DefaultImpls.get(kotlin.coroutines.CoroutineContext$Element, kotlin.coroutines.CoroutineContext$Key) due to JIT inline cache
03-22 23:04:25.346  6217  6217 D mozac-webcompat: Installed WebCompat webextension: webcompat@mozilla.com
03-22 23:04:25.349  6217  6217 D GeckoSession: handleMessage GeckoView:ProgressChanged uri=null
03-22 23:04:25.360  6217  6217 D GeckoSession: handleMessage GeckoView:PageStop uri=null
03-22 23:04:25.361  6217  6217 I SessionStorage/AutoSave: Save: Load finished
03-22 23:04:25.361  6217  6217 D SessionStorage/AutoSave: Skipping save, other job already in flight
03-22 23:04:25.391  6217  6217 D GeckoSession: handleMessage GeckoView:LocationChange uri=https://example.com/
03-22 23:04:25.399  6217  6267 I zygote  : Deoptimizing void kotlinx.coroutines.DispatchedTask.run() due to JIT inline cache
03-22 23:04:25.404  6217  6267 D places_ffi: bookmarks_get_all_with_url
03-22 23:04:25.422  6217  6217 D GeckoSession: handleMessage GeckoView:SecurityChanged uri=null
03-22 23:04:25.487  6217  6267 D places_ffi: places_connection_new
03-22 23:04:25.505  6217  6267 D places_ffi: places_note_observation
03-22 23:04:25.524  6217  6267 D sql_support::conn_ext: Transaction commited after 18.057658ms
03-22 23:04:25.569  6307  6325 W GeckoLinker: /data/app/org.mozilla.fennec_aurora-SvpZN-jVGxY7xS2kQsi9kQ==/lib/arm/libsoftokn3.so: unhandled flags #8 not handled
03-22 23:04:25.570  6307  6325 W GeckoLinker: /data/app/org.mozilla.fennec_aurora-SvpZN-jVGxY7xS2kQsi9kQ==/lib/arm/libsoftokn3.so: Relocation to NULL @0x0002cffc for symbol "__cxa_type_match"
03-22 23:04:25.571  6307  6325 W GeckoLinker: /data/app/org.mozilla.fennec_aurora-SvpZN-jVGxY7xS2kQsi9kQ==/lib/arm/libfreebl3.so: unhandled flags #8 not handled
03-22 23:04:25.571   808   808 I SFPerfTracer:      triggers: (rate: 71:2008313) (compose: 0:7) (post: 0:19) (render: 0:17) (3:9565350 frames) (4:11809761)
03-22 23:04:25.571   808   808 D SFPerfTracer:        layers: (4:12) (NavigationBar#0 (0xb07df000): 0:795316) (StatusBar#0 (0xb07e3000): 0:1981293) (com.android.systemui.ImageWallpaper#0 (0xb07e7000): 0:72396)* (Sprite#0 (0xb0733000): 0:317)* (DimLayerController/Stack=0#0 (0xb075a000): 0:3780)* (Sprite#1 (0xb077c000): 0:195)* (org.mozilla.fennec_aurora/org.mozilla.fenix.HomeActivity#0 (0xaff51000): 0:59)- (com.android.launcher3/com.android.launcher3.CustomizationPanelLauncher#0 (0xb0763000): 0:39)- (com.android.launcher3/com.android.launcher3.CustomizationPanelLauncher#1 (0xb039b000): 0:9)- (org.mozilla.fennec_aurora/org.mozilla.fenix.IntentReceiverActivity#0 (0xb013a000): 0:3)- (Splash Screen org.mozilla.fennec_aurora#0 (0xaff50000): 0:32)- (org.mozilla.fennec_aurora/org.mozilla.fenix.HomeActivity#0 (0xaff55000): 4:30) 
03-22 23:04:25.572  6307  6325 W GeckoLinker: /data/app/org.mozilla.fennec_aurora-SvpZN-jVGxY7xS2kQsi9kQ==/lib/arm/libfreebl3.so: Relocation to NULL @0x0004fffc for symbol "__cxa_type_match"
03-22 23:04:25.602  6217  6267 D places_ffi: places_note_observation
03-22 23:04:25.617  6217  6267 D sql_support::conn_ext: Transaction commited after 14.091095ms
03-22 23:04:25.621  6217  6396 D places_ffi: places_note_observation
03-22 23:04:25.634  6217  6396 D sql_support::conn_ext: Transaction commited after 12.716147ms
03-22 23:04:25.717  6217  6217 I DefaultSupportedAddonsChecker: Register check for new supported add-ons
03-22 23:04:26.360  6217  6217 D GeckoSession: handleMessage GeckoView:StateUpdated uri=null
03-22 23:04:26.360  6217  6217 W GeckoSession: No history entries found.
03-22 23:04:27.017  6217  6396 D SessionStorage/AutoSave: Saved state to disk [12ms]
03-22 23:04:27.127  2398  2398 D QtiCarrierConfigHelper: WARNING, no carrier configs on phone Id: 0
03-22 23:04:28.026  6462  6462 D AndroidRuntime: >>>>>> START com.android.internal.os.RuntimeInit uid 2000 <<<<<<
03-22 23:04:28.047  6462  6462 W app_process: Could not reserve sentinel fault page
03-22 23:04:28.225  6462  6462 I app_process: The ClassLoaderContext is a special shared library.
03-22 23:04:28.297  6462  6462 D AndroidRuntime: Calling main entry com.android.commands.input.Input
03-22 23:04:28.299  6462  6462 I Input   : injectKeyEvent: KeyEvent { action=ACTION_DOWN, keyCode=KEYCODE_HOME, scanCode=0, metaState=0, flags=0x0, repeatCount=0, eventTime=17008723579, downTime=17008723579, deviceId=-1, source=0x101 }
03-22 23:04:28.308  6462  6462 I Input   : injectKeyEvent: KeyEvent { action=ACTION_UP, keyCode=KEYCODE_HOME, scanCode=0, metaState=0, flags=0x0, repeatCount=0, eventTime=17008723579, downTime=17008723579, deviceId=-1, source=0x101 }
03-22 23:04:28.315  1456  1941 I ActivityManager: START u0 {act=android.intent.action.MAIN cat=[android.intent.category.HOME] flg=0x10200000 cmp=com.android.launcher3/.CustomizationPanelLauncher (has extras)} from uid 1000
03-22 23:04:28.315   794   839 E ANDR-PERF-RESOURCEQS: Failed to apply optimization [4, 0]
03-22 23:04:28.328  1456  1941 I ActivityManager: moveHomeStack, setupComplete:true
03-22 23:04:28.334 28336 28375 I Adreno  : QUALCOMM build                   : bb5b86c, I77d3059488
03-22 23:04:28.334 28336 28375 I Adreno  : Build Date                       : 06/07/18
03-22 23:04:28.334 28336 28375 I Adreno  : OpenGL ES Shader Compiler Version: EV031.22.00.01_06
03-22 23:04:28.334 28336 28375 I Adreno  : Local Branch                     : 
03-22 23:04:28.334 28336 28375 I Adreno  : Remote Branch                    : refs/tags/AU_LINUX_ANDROID_LA.UM.6.5.R1.08.01.00.312.086
03-22 23:04:28.334 28336 28375 I Adreno  : Remote Branch                    : NONE
03-22 23:04:28.334 28336 28375 I Adreno  : Reconstruct Branch               : NOTHING
03-22 23:04:28.338 28336 28375 D vndksupport: Loading /vendor/lib/hw/gralloc.msm8937.so from current namespace instead of sphal namespace.
03-22 23:04:28.340  6462  6462 D AndroidRuntime: Shutting down VM
03-22 23:04:28.343 28336 28375 I Adreno  : PFP: 0x005ff087, ME: 0x005ff063
03-22 23:04:28.347 28336 28375 I zygote  : android::hardware::configstore::V1_0::ISurfaceFlingerConfigs::hasWideColorDisplay retrieved: 0
03-22 23:04:28.348 28336 28375 I OpenGLRenderer: Initialized EGL, version 1.4
03-22 23:04:28.348 28336 28375 D OpenGLRenderer: Swap behavior 2
03-22 23:04:28.355  2748  2748 D Launcher.Utilities: Wakeup weather: Intent { act=com.motorola.launcher3.action.WAKEUP_WEATHER cmp=com.motorola.timeweatherwidget/com.motorola.commandcenter.weather.WakeUpService }
03-22 23:04:28.371  1456  1456 I NotificationService: Cannot find enqueued record for key: 0|com.motorola.timeweatherwidget|1|null|10116
03-22 23:04:28.375   808   808 D SurfaceFlinger: duplicate layer name: changing com.android.launcher3/com.android.launcher3.CustomizationPanelLauncher to com.android.launcher3/com.android.launcher3.CustomizationPanelLauncher#1
03-22 23:04:28.382 28336 28369 W ThreadPoolDumper: Queue length for executor EventBus is now 11. Perhaps some tasks are too long, or the pool is too small.
03-22 23:04:28.383  1456  4679 I WifiService: getWifiEnabledState uid=10073
03-22 23:04:28.399  1456  2918 I WifiService: getWifiEnabledState uid=10073
03-22 23:04:28.405  6217  6217 I [INFO][Leanplum]: [com.leanplum.internal.RequestOld::sendIfConnected::4]: Device is offline, will send later
03-22 23:04:28.407 28336 28379 I DEBUG   : OpaToSrpTransitionState#onStateChanged#notNullQuery
03-22 23:04:28.408 28336 28379 I DEBUG   : OpaToSrpTransitionState#onStateChanged#notNullQuery
03-22 23:04:28.422  6217  6217 D SessionManager: onTrimMemory(80): clearThumbnails=true, closeEngineSessions=true
03-22 23:04:28.422 28336 28379 I MicroDetectionState: Should stop hotword detection immediately - false
03-22 23:04:28.431 28336 28379 I MicroDetectionWorker: #startMicroDetector [speakerMode: 0]
03-22 23:04:28.432 28336 28379 I AudioController: Created new AudioSource
03-22 23:04:28.434 28336 28374 I MicroDataManager: isInitializedWithLatestParams-true
03-22 23:04:28.434 28336 28374 I MicroDataManager: isInitializing-false locale not changed-true model not changed-true
03-22 23:04:28.434 28336 28374 I MicroDataManager: Already initialized, obtaining the hotword data immediately.
03-22 23:04:28.439 28336 21549 I MicroRecognitionRunner: Starting detection.
03-22 23:04:28.439 28336 21549 I InputStreamUtils: Using micInputStream
