01-19 21:48:04.974   788 31034 D audio_route: Apply path: audio-record
01-19 21:48:05.044 26094 26271 I MicroDetectionWorker: onReady
01-19 21:48:05.071  2146  2165 I zygote  : NativeAlloc concurrent copying GC freed 21945(1164KB) AllocSpace objects, 0(0B) LOS objects, 49% free, 9MB/18MB, paused 332us total 120.078ms
01-19 21:48:05.344  1456  7796 I OpenGLRenderer: Initialized EGL, version 1.4
01-19 21:48:05.344  1456  7796 D OpenGLRenderer: Swap behavior 2
01-19 21:48:05.360   808   808 I SFPerfTracer:      triggers: (rate: 50:372804) (compose: 0:6) (post: 0:13) (render: 0:10) (12:3417108 frames) (13:4719083)
01-19 21:48:05.360   808   808 D SFPerfTracer:        layers: (4:13) (NavigationBar#0 (0xb07df000): 0:426986) (StatusBar#0 (0xb07e3000): 0:1252455) (com.android.systemui.ImageWallpaper#0 (0xb07e7000): 0:35720) (Sprite#0 (0xb0733000): 0:317)* (DimLayerController/Stack=0#0 (0xb075a000): 0:3589)* (Sprite#1 (0xb077c000): 0:195)* (org.mozilla.fenix.nightly/org.mozilla.fenix.HomeActivity#0 (0xb039b000): 0:46)- (com.android.launcher3/com.android.launcher3.CustomizationPanelLauncher#0 (0xb0763000): 0:40)- (com.android.launcher3/com.android.launcher3.CustomizationPanelLauncher#1 (0xb0771000): 0:9)- (Splash Screen org.mozilla.fenix.nightly#0 (0xb0384000): 0:30)- (org.mozilla.fenix.nightly/org.mozilla.fenix.HomeActivity#0 (0xb039b000): 12:45)* (com.android.launcher3/com.android.launcher3.CustomizationPanelLauncher#0 (0xb0763000): 13:29)* (com.android.launcher3/com.android.launcher3.CustomizationPanelLauncher#1 (0xb0771000): 1:5) 
01-19 21:48:05.390  2748  2917 W OpenGLRenderer: Incorrectly called buildLayer on View: ShortcutAndWidgetContainer, destroying layer...
01-19 21:48:05.504 30828 30828 D GeckoRuntime: Lifecycle: onPause
01-19 21:48:05.504 30828 30828 D GeckoNetworkManager: Incoming event stop for state OnWithListeners -> OffWithListeners
01-19 21:48:05.505 30828 30828 I SessionStorage/AutoSave: Save: Background
01-19 21:48:05.507 30828 30909 D SessionStorage/AutoSave: Saved state to disk [0ms]
01-19 21:48:05.510 30828 30851 I libglean_ffi: glean_core::ping: Collecting baseline
01-19 21:48:05.515 30828 30851 D libglean_ffi: glean_core::ping: Storing ping 'd27e02a3-9634-4c55-a494-ea74aa0d6af0' at '/data/user/0/org.mozilla.fenix.nightly/glean_data/pending_pings/d27e02a3-9634-4c55-a494-ea74aa0d6af0'
01-19 21:48:05.515 30828 30851 I libglean_ffi: glean_core: The ping 'baseline' was submitted and will be sent as soon as possible
01-19 21:48:05.515 30828 30851 I libglean_ffi: glean_core::ping: Collecting events
01-19 21:48:05.518 30828 30851 D libglean_ffi: glean_core::ping: Storing ping '978ecd6d-ed42-4f5c-952e-95a1d88f7ad8' at '/data/user/0/org.mozilla.fenix.nightly/glean_data/pending_pings/978ecd6d-ed42-4f5c-952e-95a1d88f7ad8'
01-19 21:48:05.518 30828 30851 I libglean_ffi: glean_core: The ping 'events' was submitted and will be sent as soon as possible
01-19 21:48:05.544  1456  2236 D ConnectivityService: requestNetwork for uid/pid:10764/30828 NetworkRequest [ TRACK_DEFAULT id=20254, [ Capabilities: INTERNET&NOT_RESTRICTED&TRUSTED&NOT_VPN] ]
01-19 21:48:05.546  1456  2099 D Ethernet: got request NetworkRequest [ TRACK_DEFAULT id=20254, [ Capabilities: INTERNET&NOT_RESTRICTED&TRUSTED&NOT_VPN] ] with score 60
01-19 21:48:05.546  1456  2054 D WIFI_UT : got request NetworkRequest [ TRACK_DEFAULT id=20254, [ Capabilities: INTERNET&NOT_RESTRICTED&TRUSTED&NOT_VPN] ] with score 60
01-19 21:48:05.546  1456  2054 D WIFI    : got request NetworkRequest [ TRACK_DEFAULT id=20254, [ Capabilities: INTERNET&NOT_RESTRICTED&TRUSTED&NOT_VPN] ] with score 60
01-19 21:48:05.546  2398  2398 D PhoneSwitcherNetworkRequstListener: got request NetworkRequest [ TRACK_DEFAULT id=20254, [ Capabilities: INTERNET&NOT_RESTRICTED&TRUSTED&NOT_VPN] ] with score 60
01-19 21:48:05.552 30828 31035 D glean/PingUploadWorker: Processing persisted pings at /data/user/0/org.mozilla.fenix.nightly/glean_data/pending_pings
01-19 21:48:05.552 30828 31035 D glean/PingUploadWorker: Processing ping: d27e02a3-9634-4c55-a494-ea74aa0d6af0
01-19 21:48:05.556 30828 31035 D glean/ConceptFetchHttpUploader: Submitting ping to: https://incoming.telemetry.mozilla.org/submit/org-mozilla-fenix-nightly/baseline/1/d27e02a3-9634-4c55-a494-ea74aa0d6af0
01-19 21:48:05.578 20319 22575 I Icing   : Indexing com.google.android.gms-apps from com.google.android.gms
01-19 21:48:05.630 20319 22575 I Icing   : Indexing done com.google.android.gms-apps
01-19 21:48:05.876 30828 31035 D glean/ConceptFetchHttpUploader: Ping successfully sent (200)
01-19 21:48:05.877 30828 31035 D glean/PingUploadWorker: d27e02a3-9634-4c55-a494-ea74aa0d6af0 was deleted: true
01-19 21:48:05.877 30828 31035 D glean/PingUploadWorker: Processing ping: 978ecd6d-ed42-4f5c-952e-95a1d88f7ad8
01-19 21:48:05.878 30828 31035 D glean/ConceptFetchHttpUploader: Submitting ping to: https://incoming.telemetry.mozilla.org/submit/org-mozilla-fenix-nightly/events/1/978ecd6d-ed42-4f5c-952e-95a1d88f7ad8
01-19 21:48:06.047 30828 31035 D glean/ConceptFetchHttpUploader: Ping successfully sent (200)
01-19 21:48:06.047 30828 31035 D glean/PingUploadWorker: 978ecd6d-ed42-4f5c-952e-95a1d88f7ad8 was deleted: true
01-19 21:48:06.049 30828 30847 I WM-WorkerWrapper: Worker result SUCCESS for Work [ id=84a87102-b748-44a0-81ec-b37010922e70, tags={ mozilla.telemetry.glean.scheduler.PingUploadWorker, mozac_service_glean_ping_upload_worker } ]
01-19 21:48:06.052  1456  2067 D ConnectivityService: releasing NetworkRequest [ TRACK_DEFAULT id=20254, [ Capabilities: INTERNET&NOT_RESTRICTED&TRUSTED&NOT_VPN] ] (release request)
01-19 21:48:06.652  2340  2441 I QCNEJ   : |CORE| CNE received action RSSI/Link Changed events: android.net.wifi.RSSI_CHANGED
01-19 21:48:06.652  2340  2441 D QCNEJ   : |CORE| Updating RSSI: -67
01-19 21:48:06.662 25953 25958 I zygote  : Do partial code cache collection, code=18KB, data=29KB
01-19 21:48:06.664 25953 25958 I zygote  : After code cache collection, code=15KB, data=28KB
01-19 21:48:06.664 25953 25958 I zygote  : Increasing code cache capacity to 128KB
01-19 21:48:06.671 25953 26032 I CarrierServices: [194534] bxu.a: FiST: Wifi connectivity status true
01-19 21:48:06.672 25953 26114 I CarrierServices: [194559] awo.handleMessage: RCS is disabled, skipping config update request
01-19 21:48:06.672 25953 26100 I CarrierServices: [194558] cdw.a: (PEv2-SM): DisabledState: event Connectivity event
01-19 21:48:06.672 25953 26032 I CarrierServices: [194534] byb.d: Connected state: [1], networkType: [WIFI]
01-19 21:48:09.676  2340  2441 I QCNEJ   : |CORE| CNE received action RSSI/Link Changed events: android.net.wifi.RSSI_CHANGED
01-19 21:48:09.676  2340  2441 D QCNEJ   : |CORE| Updating RSSI: -66
01-19 21:48:09.691 25953 26032 I CarrierServices: [194534] bxu.a: FiST: Wifi connectivity status true
01-19 21:48:09.692 25953 26114 I CarrierServices: [194559] awo.handleMessage: RCS is disabled, skipping config update request
01-19 21:48:09.693 25953 26100 I CarrierServices: [194558] cdw.a: (PEv2-SM): DisabledState: event Connectivity event
01-19 21:48:09.693 25953 26032 I CarrierServices: [194534] byb.d: Connected state: [1], networkType: [WIFI]
01-19 21:48:09.970  1456  2162 I ActivityManager: Force stopping org.mozilla.fenix.nightly appid=10764 user=0: from pid 31040
01-19 21:48:09.971  1456  2162 I ActivityManager: Killing 30828:org.mozilla.fenix.nightly/u0a764 (adj 700): stop org.mozilla.fenix.nightly
01-19 21:48:09.973  1456  1605 W zygote  : kill(-30828, 9) failed: No such process
01-19 21:48:09.975 30872 30872 I ServiceChildProcess: Service has been unbound. Stopping.
01-19 21:48:09.975  1456  2162 W ActivityManager: Force removing ActivityRecord{7f98e63 u0 org.mozilla.fenix.nightly/org.mozilla.fenix.HomeActivity t18831}: app died, no saved state
01-19 21:48:09.984  1456  2162 I ActivityManager: Killing 30872:org.mozilla.fenix.nightly:tab/u0a764 (adj 0): stop org.mozilla.fenix.nightly
01-19 21:48:09.989  1456  1605 W zygote  : kill(-30828, 9) failed: No such process
01-19 21:48:09.991 26068 26068 I AppBase : onTrimMemory(): 10
01-19 21:48:09.991 26068 26068 I GoogleInputMethodService: onTrimMemory(): 10
01-19 21:48:10.002  1456  1605 W zygote  : kill(-30828, 9) failed: No such process
01-19 21:48:10.005  2398  2398 D CarrierSvcBindHelper: No carrier app for: 0
01-19 21:48:10.006  2398  2398 D CarrierSvcBindHelper: No carrier app for: 1
01-19 21:48:10.016  1456  1605 W zygote  : kill(-30828, 9) failed: No such process
01-19 21:48:10.045  1456  1605 I chatty  : uid=1000(system) ActivityManager identical 2 lines
01-19 21:48:10.048  1456  1673 W ActivityManager: setHasOverlayUi called on unknown pid: 30828
01-19 21:48:10.061  1456  1605 W zygote  : kill(-30828, 9) failed: No such process
01-19 21:48:10.061  1456  1605 I zygote  : Successfully killed process cgroup uid 10764 pid 30828 in 88ms
01-19 21:48:10.061  1456  1605 W zygote  : kill(-30872, 9) failed: No such process
01-19 21:48:10.062  1456  1605 I zygote  : Successfully killed process cgroup uid 10764 pid 30872 in 0ms
01-19 21:48:10.096  1456  2204 I ActivityManager: START u0 {act=android.intent.action.MAIN cat=[android.intent.category.LAUNCHER] flg=0x10000000 cmp=org.mozilla.fenix.nightly/org.mozilla.fenix.HomeActivity} from uid 2000
01-19 21:48:10.097   794   839 E ANDR-PERF-RESOURCEQS: Failed to apply optimization [4, 0]
01-19 21:48:10.116  1456  5907 I ActivityManager: Start proc 31047:org.mozilla.fenix.nightly/u0a764 for activity org.mozilla.fenix.nightly/org.mozilla.fenix.HomeActivity
01-19 21:48:10.124  1456  7796 I OpenGLRenderer: Initialized EGL, version 1.4
01-19 21:48:10.124  1456  7796 D OpenGLRenderer: Swap behavior 2
01-19 21:48:10.205 26094 26271 I MicroDetectionState: Should stop hotword detection immediately - false
01-19 21:48:10.206 26094 26271 I MicroDetector: Keeping mic open: false
01-19 21:48:10.206 26094 26215 E DeviceStateChecker: DeviceStateChecker cancelled
01-19 21:48:10.206 26094 26271 I RecognitionAudioControl: #shutdownAudio [requestId: 7570641321663820799, keepAudioOpen: false, forced: true]
01-19 21:48:10.206 26094 26271 I RecognitionAudioControl: #internalShutdownAudio [requestId: 7570641321663820799]
01-19 21:48:10.206 26094 26271 I RecognitionAudioControl: #internalShutdownAudio [keepAudioOpen: false, forced: true]
01-19 21:48:10.206 26094 26271 I RecognitionAudioControl: #actualShutdownAudio
01-19 21:48:10.206 26094 26271 I AudioController: #shutdown [requestId=7570641321663820799]
01-19 21:48:10.206 26094 26211 I AudioController: internalShutdown
01-19 21:48:10.207 26094 26228 I MicroRecognitionRunner: Stopping hotword detection.
01-19 21:48:10.261   788  1401 D audio_hw_primary: disable_audio_route: usecase(9) reset and update mixer path: audio-record
01-19 21:48:10.262   788  1401 D audio_hw_primary: disable_snd_device: snd_device(120: voice-rec-mic)
01-19 21:48:10.264  1012  1390 D APM_AudioPolicyManager: stopInput() input 97054, session 97121
01-19 21:48:10.264   788   788 D audio_hw_primary: in_set_parameters: enter: kvpairs=routing=0
01-19 21:48:10.267 26094 26211 I MicrophoneInputStream: mic_close  SR : 16000 CC : 16 SO : 1999
01-19 21:48:10.268 26094 26211 E AudioSource: Stop listening is called on already closed AudioSource
01-19 21:48:10.270 26094 26315 I MicroRecognitionRunner: Detection finished
01-19 21:48:10.284 31047 31047 D FirebaseApp: com.google.firebase.auth.FirebaseAuth is not linked. Skipping initialization.
01-19 21:48:10.286 31047 31047 D FirebaseApp: com.google.firebase.crash.FirebaseCrash is not linked. Skipping initialization.
01-19 21:48:10.286 31047 31047 I FirebaseInitProvider: FirebaseApp initialization successful
01-19 21:48:10.343 31047 31047 D FenixApplication: Initializing Glean (uploadEnabled=false)
01-19 21:48:10.346 31047 31066 I FA      : Collection disabled with firebase_analytics_collection_enabled=0
01-19 21:48:10.346 31047 31066 I FA      : App measurement is starting up, version: 12780
01-19 21:48:10.346 31047 31066 I FA      : To enable debug logging run: adb shell setprop log.tag.FA VERBOSE
01-19 21:48:10.346 31047 31066 I FA      : To enable faster debug mode event logging run:
01-19 21:48:10.346 31047 31066 I FA      :   adb shell setprop debug.firebase.analytics.app org.mozilla.fenix.nightly
01-19 21:48:10.360 31047 31047 D libglean_ffi: glean_ffi: Android logging should be hooked up!
01-19 21:48:10.362 31047 31047 I glean/Glean: Registering pings for mozilla.telemetry.glean.GleanMetrics.Pings
01-19 21:48:10.368 31047 31047 I libglean_ffi: glean_core: Creating new Glean
01-19 21:48:10.368 31047 31047 D libglean_ffi: glean_core::database: Database path: "/data/user/0/org.mozilla.fenix.nightly/glean_data/db"
01-19 21:48:10.368 31047 31047 I libglean_ffi: glean_core::database: Database initialized
01-19 21:48:10.369 31047 31047 D libglean_ffi: glean_core::ping: All pending pings deleted
01-19 21:48:10.375 31047 31047 I libglean_ffi: glean_ffi: Glean initialized
01-19 21:48:10.401 31047 31047 D glean/MetricsPingSched: The 'metrics' ping was last sent on Sun Jan 19 00:00:00 EST 2020
01-19 21:48:10.402 31047 31047 I glean/MetricsPingSched: The 'metrics' ping was already sent today, Sun Jan 19 21:48:10 EST 2020.
01-19 21:48:10.402 31047 31047 D glean/MetricsPingSched: Scheduling the 'metrics' ping in 22309619ms
01-19 21:48:10.404 31047 31071 D libglean_ffi: glean_core: Clearing Lifetime::Application metrics
01-19 21:48:10.419 31047 31047 I glean/Dispatchers: Initial tasks queue completed successfully
01-19 21:48:10.427 31047 31075 D RustNativeSupport: findMegazordLibraryName(viaduct, 0.48.2
01-19 21:48:10.427 31047 31075 D RustNativeSupport: lib in use: none
01-19 21:48:10.427 31047 31075 D RustNativeSupport: lib configured: fenix
01-19 21:48:10.427 31047 31075 D RustNativeSupport: lib version configured: 0.48.2
01-19 21:48:10.427 31047 31075 D RustNativeSupport: settled on fenix
01-19 21:48:10.445 31047 31075 D RustNativeSupport: findMegazordLibraryName(rustlog, 0.48.2
01-19 21:48:10.445 31047 31075 D RustNativeSupport: lib in use: none
01-19 21:48:10.445 31047 31075 D RustNativeSupport: lib configured: fenix
01-19 21:48:10.445 31047 31075 D RustNativeSupport: lib version configured: 0.48.2
01-19 21:48:10.445 31047 31075 D RustNativeSupport: settled on fenix
01-19 21:48:10.448 31047 31075 I rc_log_ffi::ios: rc_log adapter initialized!
01-19 21:48:10.450 31047 31052 I zygote  : Do partial code cache collection, code=17KB, data=16KB
01-19 21:48:10.452 31047 31052 I zygote  : After code cache collection, code=17KB, data=16KB
01-19 21:48:10.453 31047 31052 I zygote  : Increasing code cache capacity to 128KB
01-19 21:48:10.464  1456  4250 D ConnectivityService: requestNetwork for uid/pid:10764/31047 NetworkRequest [ TRACK_DEFAULT id=20255, [ Capabilities: INTERNET&NOT_RESTRICTED&TRUSTED&NOT_VPN] ]
01-19 21:48:10.466  1456  2099 D Ethernet: got request NetworkRequest [ TRACK_DEFAULT id=20255, [ Capabilities: INTERNET&NOT_RESTRICTED&TRUSTED&NOT_VPN] ] with score 60
01-19 21:48:10.466  1456  2054 D WIFI_UT : got request NetworkRequest [ TRACK_DEFAULT id=20255, [ Capabilities: INTERNET&NOT_RESTRICTED&TRUSTED&NOT_VPN] ] with score 60
01-19 21:48:10.466  1456  2054 D WIFI    : got request NetworkRequest [ TRACK_DEFAULT id=20255, [ Capabilities: INTERNET&NOT_RESTRICTED&TRUSTED&NOT_VPN] ] with score 60
01-19 21:48:10.466  2398  2398 D PhoneSwitcherNetworkRequstListener: got request NetworkRequest [ TRACK_DEFAULT id=20255, [ Capabilities: INTERNET&NOT_RESTRICTED&TRUSTED&NOT_VPN] ] with score 60
01-19 21:48:10.495 31047 31047 D GeckoThread: State changed to LAUNCHED
01-19 21:48:10.496 31047 31087 I GeckoThread: preparing to run Gecko
01-19 21:48:10.502 31047 31047 D GeckoRuntime: Lifecycle: onCreate
01-19 21:48:10.503 31047 31087 D GeckoThread: State changed to MOZGLUE_READY
01-19 21:48:10.514 31047 31087 W Settings: Setting animator_duration_scale has moved from android.provider.Settings.System to android.provider.Settings.Global, returning read-only global URI.
01-19 21:48:10.515 31047 31047 I zygote  : Deoptimizing java.lang.Object androidx.collection.SimpleArrayMap.put(java.lang.Object, java.lang.Object) due to JIT inline cache
01-19 21:48:10.515 31047 31087 E GeckoLibLoad: Load sqlite start
01-19 21:48:10.517 31047 31047 D GleanMetricsService: Enabling Glean.
01-19 21:48:10.535 31047 31087 W GeckoLinker: /data/app/org.mozilla.fenix.nightly-tSZk9vaN6rE2-9mpyUZCMg==/lib/arm/libnss3.so: unhandled flags #8 not handled
01-19 21:48:10.538 31047 31071 I libglean_ffi: glean_core: Upload enabled: true
01-19 21:48:10.542 31047 31087 W GeckoLinker: /data/app/org.mozilla.fenix.nightly-tSZk9vaN6rE2-9mpyUZCMg==/lib/arm/libnss3.so: Relocation to NULL @0x00130ffc for symbol "__cxa_type_match"
01-19 21:48:10.542 31047 31087 E GeckoLibLoad: Load sqlite done
01-19 21:48:10.542 31047 31087 E GeckoLibLoad: Load nss start
01-19 21:48:10.542 31047 31087 E GeckoLibLoad: Load nss done
01-19 21:48:10.543 31047 31087 W GeckoLinker: /data/app/org.mozilla.fenix.nightly-tSZk9vaN6rE2-9mpyUZCMg==/lib/arm/libxul.so: unhandled flags #8 not handled
01-19 21:48:10.544 31047 31087 W GeckoLinker: /data/app/org.mozilla.fenix.nightly-tSZk9vaN6rE2-9mpyUZCMg==/lib/arm/liblgpllibs.so: unhandled flags #8 not handled
01-19 21:48:10.579 31047 31087 E GeckoLibLoad: Loaded libs in 35.964275ms total, 26ms(76ms) user, 10ms(16ms) system, 0(0) faults
01-19 21:48:10.579 31047 31087 D GeckoThread: State changed to LIBS_READY
01-19 21:48:10.579 31047 31087 W GeckoThread: zerdatime 12016579254 - runGecko
01-19 21:48:10.583 31047 31087 D GeckoProfile: Loading profile at: null name: default
01-19 21:48:10.584 31047 31087 D GeckoProfile: Found profile dir: /data/user/0/org.mozilla.fenix.nightly/files/mozilla/gn58yupa.default
01-19 21:48:10.595  1456  1471 I ActivityManager: Start proc 31092:org.mozilla.fenix.nightly:tab/u0a764 for service org.mozilla.fenix.nightly/org.mozilla.gecko.process.GeckoServiceChildProcess$tab
01-19 21:48:10.612 31047 31047 W [WARNING][Leanplum]: [com.leanplum.internal.ActionManager::getLocationManager::8]: Geofencing support requires leanplum-location module and Google Play Services v8.1 and higher.
01-19 21:48:10.612 31047 31047 W [WARNING][Leanplum]: Add this to your build.gradle file:
01-19 21:48:10.612 31047 31047 W [WARNING][Leanplum]: implementation 'com.google.android.gms:play-services-location:8.3.0+'
01-19 21:48:10.612 31047 31047 W [WARNING][Leanplum]: implementation 'com.leanplum:leanplum-location:+'
01-19 21:48:10.627 31047 31047 I [INFO][Leanplum]: [com.leanplum.monitoring.ExceptionHandler::setContext::6]: LeanplumExceptionHandler could not initialize Exception Reporting.This is expected if you have not included the leanplum-monitoring module
01-19 21:48:10.643 31047 31047 I FirefoxAccountStateMachine: Enabling/updating sync with a new SyncConfig: SyncConfig(supportedEngines=[mozilla.components.service.fxa.SyncEngine$History@924e6eb, mozilla.components.service.fxa.SyncEngine$Bookmarks@7d41c48, mozilla.components.service.fxa.SyncEngine$Passwords@d9e2ae1], syncPeriodInMinutes=240)
01-19 21:48:10.646 31047 31047 I BgSyncManager: Periodic syncing enabled at a 240 interval
01-19 21:48:10.646 31047 31047 I FirefoxAccountStateMachine: Sync is enabled
01-19 21:48:10.647 31047 31047 D PushConfig: Creating push configuration for autopush.
01-19 21:48:10.651 31047 31114 D AutoPushFeature: Initializing native component with the cached token.
01-19 21:48:10.654 31047 31114 D RustNativeSupport: findMegazordLibraryName(push, 0.48.2
01-19 21:48:10.654 31047 31114 D RustNativeSupport: lib in use: none
01-19 21:48:10.654 31047 31114 D RustNativeSupport: lib configured: fenix
01-19 21:48:10.654 31047 31114 D RustNativeSupport: lib version configured: 0.48.2
01-19 21:48:10.654 31047 31114 D RustNativeSupport: settled on fenix
01-19 21:48:10.657 31047 31047 I App     : AutoPushFeature is configured, initializing it...
01-19 21:48:10.657 31047 31116 I FirefoxAccountStateMachine: Processing event Event$Init for state Start. Next state is Start
01-19 21:48:10.658 31047 31047 I AutoPushFeature: Checking validity of push subscriptions.
01-19 21:48:10.669 31047 31116 I FirefoxAccountStateMachine: Ran 'Event$Init' side-effects for state Start, got successive event Event$AccountNotFound
01-19 21:48:10.669 31047 31116 I FirefoxAccountStateMachine: Processing event Event$AccountNotFound for state Start. Next state is NotAuthenticated
01-19 21:48:10.671 31047 31116 D RustNativeSupport: findMegazordLibraryName(fxaclient, 0.48.2
01-19 21:48:10.671 31047 31116 D RustNativeSupport: lib in use: none
01-19 21:48:10.671 31047 31116 D RustNativeSupport: lib configured: fenix
01-19 21:48:10.671 31047 31116 D RustNativeSupport: lib version configured: 0.48.2
01-19 21:48:10.671 31047 31116 D RustNativeSupport: settled on fenix
01-19 21:48:10.674 31047 31116 D fxaclient_ffi: fxa_new
01-19 21:48:10.708 31047 31047 D PhoneWindow: Restoring navigation bar divider color to default value = 0x00000000
01-19 21:48:10.729 31092 31092 D GeckoThread: State changed to LAUNCHED
01-19 21:48:10.730 31092 31124 I GeckoThread: preparing to run Gecko
01-19 21:48:10.791 31047 31052 I zygote  : Do partial code cache collection, code=55KB, data=39KB
01-19 21:48:10.793 31047 31052 I zygote  : After code cache collection, code=53KB, data=38KB
01-19 21:48:10.793 31047 31052 I zygote  : Increasing code cache capacity to 256KB
01-19 21:48:10.920 31047 31047 D GeckoRuntime: Lifecycle: onStart
01-19 21:48:10.924 31047 31087 I Gecko:DumpUtils: Fifo watcher disabled via pref.
01-19 21:48:10.941 31047 31047 D GeckoRuntime: Lifecycle: onResume
01-19 21:48:10.942 31047 31116 W FirefoxAccountStateMachine: Got invalid event Event$Init for state NotAuthenticated.
01-19 21:48:10.943 31047 31047 D GeckoNetworkManager: Incoming event start for state OffNoListeners -> OnNoListeners
01-19 21:48:10.944 31047 31106 D NetworkSecurityConfig: No Network Security Config specified, using platform default
01-19 21:48:10.945 31047 31047 D GeckoNetworkManager: New network state: UP, WIFI, WIFI
01-19 21:48:10.972 31047 31147 D OpenGLRenderer: HWUI GL Pipeline
01-19 21:48:10.973 31047 31087 D GeckoSysInfo: System memory: 1867MB.
01-19 21:48:10.975 31047 31087 D GeckoThread: State changed to JNI_READY
01-19 21:48:10.987 31047 31158 D glean/PingUploadWorker: Processing persisted pings at /data/user/0/org.mozilla.fenix.nightly/glean_data/deletion_request
01-19 21:48:10.988 31047 31047 I glean/Glean: Registering pings for org.mozilla.fenix.GleanMetrics.Pings
01-19 21:48:10.990 31047 31078 I WM-WorkerWrapper: Worker result SUCCESS for Work [ id=5e4968bb-d4fa-4803-9f8b-6ebb7a9bcee2, tags={ mozilla.telemetry.glean.scheduler.DeletionPingUploadWorker, mozac_service_glean_deletion_ping_upload_worker } ]
01-19 21:48:11.008 31047 31047 D App     : ActivationPing - already generated
01-19 21:48:11.015 31047 31047 D GeckoNetworkManager: Incoming event receivedUpdate for state OnNoListeners -> OnNoListeners
01-19 21:48:11.017 31047 31047 D GeckoNetworkManager: New network state: UP, WIFI, WIFI
01-19 21:48:11.018  1456  2401 I WifiService: getDhcpInfo uid=10764
01-19 21:48:11.184 31047 31147 I Adreno  : QUALCOMM build                   : bb5b86c, I77d3059488
01-19 21:48:11.184 31047 31147 I Adreno  : Build Date                       : 06/07/18
01-19 21:48:11.184 31047 31147 I Adreno  : OpenGL ES Shader Compiler Version: EV031.22.00.01_06
01-19 21:48:11.184 31047 31147 I Adreno  : Local Branch                     : 
01-19 21:48:11.184 31047 31147 I Adreno  : Remote Branch                    : refs/tags/AU_LINUX_ANDROID_LA.UM.6.5.R1.08.01.00.312.086
01-19 21:48:11.184 31047 31147 I Adreno  : Remote Branch                    : NONE
01-19 21:48:11.184 31047 31147 I Adreno  : Reconstruct Branch               : NOTHING
01-19 21:48:11.185 31047 31147 D vndksupport: Loading /vendor/lib/hw/gralloc.msm8937.so from current namespace instead of sphal namespace.
01-19 21:48:11.194 31047 31147 I Adreno  : PFP: 0x005ff087, ME: 0x005ff063
01-19 21:48:11.204 31047 31147 I zygote  : android::hardware::configstore::V1_0::ISurfaceFlingerConfigs::hasWideColorDisplay retrieved: 0
01-19 21:48:11.206 31047 31147 I OpenGLRenderer: Initialized EGL, version 1.4
01-19 21:48:11.206 31047 31147 D OpenGLRenderer: Swap behavior 2
01-19 21:48:11.253 31047 31052 I zygote  : Do full code cache collection, code=126KB, data=105KB
01-19 21:48:11.255 31047 31052 I zygote  : After code cache collection, code=98KB, data=52KB
01-19 21:48:11.258  1456  2067 D ConnectivityService: releasing NetworkRequest [ TRACK_DEFAULT id=20255, [ Capabilities: INTERNET&NOT_RESTRICTED&TRUSTED&NOT_VPN] ] (release request)
01-19 21:48:11.284 31047 31147 D vndksupport: Loading /vendor/lib/hw/android.hardware.graphics.mapper@2.0-impl.so from current namespace instead of sphal namespace.
01-19 21:48:11.286 31047 31147 D vndksupport: Loading /vendor/lib/hw/gralloc.msm8937.so from current namespace instead of sphal namespace.
01-19 21:48:11.305  1456  1673 I LaunchCheckinHandler: Displayed org.mozilla.fenix.nightly/org.mozilla.fenix.HomeActivity,cp,ca,1200
01-19 21:48:11.306  1456  1673 I ActivityManager: Displayed org.mozilla.fenix.nightly/org.mozilla.fenix.HomeActivity: +1s194ms
01-19 21:48:11.330 29491 29491 I Finsky  : [2] pze.onTrimMemory(1): Memory trim requested to level 80
01-19 21:48:11.340 26094 26094 I MemoryTrimmer: Trimming objects from memory, since app is in the background.
01-19 21:48:11.348 26094 26094 I MemoryTrimmer: Trimming objects from memory, since app is in the background.
01-19 21:48:11.350 26094 22879 I PBSessionCacheImpl: Deleted sessionId[114764204860354434] from persistence.
01-19 21:48:11.356  1456  2401 I WifiService: getWifiEnabledState uid=10073
01-19 21:48:11.362 26094 26271 W SearchServiceCore: Abort, client detached.
01-19 21:48:11.528 31047 31087 I Gecko   : 1579488491525	addons.xpi	WARN	List of valid built-in add-ons could not be parsed.: [Exception... "Component returned failure code: 0x80520012 (NS_ERROR_FILE_NOT_FOUND) [nsIXPCComponents_Utils.readUTF8URI]"  nsresult: "0x80520012 (NS_ERROR_FILE_NOT_FOUND)"  location: "JS frame :: resource://gre/modules/addons/XPIProvider.jsm :: startup :: line 2366"  data: no] Stack trace: startup()@resource://gre/modules/addons/XPIProvider.jsm:2366
01-19 21:48:11.528 31047 31087 I Gecko   : callProvider()@resource://gre/modules/AddonManager.jsm:215
01-19 21:48:11.528 31047 31087 I Gecko   : _startProvider()@resource://gre/modules/AddonManager.jsm:586
01-19 21:48:11.528 31047 31087 I Gecko   : startup()@resource://gre/modules/AddonManager.jsm:810
01-19 21:48:11.528 31047 31087 I Gecko   : startup()@resource://gre/modules/AddonManager.jsm:3474
01-19 21:48:11.528 31047 31087 I Gecko   : observe()@resource://gre/modules/addonManager.js:87
01-19 21:48:11.690 31047 31087 D GeckoThread: State changed to PROFILE_READY
01-19 21:48:11.776 31047 31087 D GeckoThread: State changed to RUNNING
01-19 21:48:11.793 31047 31087 W GeckoEventDispatcher: No listener for AndroidCastDevice:SyncDevice
01-19 21:48:11.799 31047 31087 I Gecko   : -*- nsDNSServiceDiscovery.js : nsDNSServiceDiscovery
01-19 21:48:11.902 31047 31087 W ResourceType: Too many attribute references, stopped at: 0x01010099
01-19 21:48:11.950 31047 31087 I Gecko   : Attempting load of libEGL.so
01-19 21:48:12.155 31047 31047 D GeckoNetworkManager: Incoming event enableNotifications for state OnNoListeners -> OnWithListeners
01-19 21:48:12.156 31047 31047 D GeckoNetworkManager: New network state: UP, WIFI, WIFI
01-19 21:48:12.158 31047 31047 D GeckoNetworkManager: Incoming event receivedUpdate for state OnWithListeners -> OnWithListeners
01-19 21:48:12.159 31047 31047 D GeckoNetworkManager: New network state: UP, WIFI, WIFI
01-19 21:48:12.160 31047 31087 W GeckoLinker: /data/app/org.mozilla.fenix.nightly-tSZk9vaN6rE2-9mpyUZCMg==/lib/arm/libsoftokn3.so: unhandled flags #8 not handled
01-19 21:48:12.161 31047 31087 W GeckoLinker: /data/app/org.mozilla.fenix.nightly-tSZk9vaN6rE2-9mpyUZCMg==/lib/arm/libsoftokn3.so: Relocation to NULL @0x00027ffc for symbol "__cxa_type_match"
01-19 21:48:12.162 31047 31087 W GeckoLinker: /data/app/org.mozilla.fenix.nightly-tSZk9vaN6rE2-9mpyUZCMg==/lib/arm/libfreebl3.so: unhandled flags #8 not handled
01-19 21:48:12.163 31047 31087 W GeckoLinker: /data/app/org.mozilla.fenix.nightly-tSZk9vaN6rE2-9mpyUZCMg==/lib/arm/libfreebl3.so: Relocation to NULL @0x00041ffc for symbol "__cxa_type_match"
01-19 21:48:12.199 31047 31203 W GeckoLinker: /data/app/org.mozilla.fenix.nightly-tSZk9vaN6rE2-9mpyUZCMg==/lib/arm/libnssckbi.so: unhandled flags #8 not handled
01-19 21:48:12.200 31047 31203 W GeckoLinker: /data/app/org.mozilla.fenix.nightly-tSZk9vaN6rE2-9mpyUZCMg==/lib/arm/libnssckbi.so: Relocation to NULL @0x00052ffc for symbol "__cxa_type_match"
01-19 21:48:12.350 31047 31087 W ResourceType: Too many attribute references, stopped at: 0x01010099
01-19 21:48:12.481  1456  1466 I zygote  : Background concurrent copying GC freed 68467(3MB) AllocSpace objects, 27(1052KB) LOS objects, 41% free, 33MB/57MB, paused 196us total 305.994ms
01-19 21:48:12.816 31047 31047 D App     : Installed browser-icons extension
01-19 21:48:13.076 31047 31047 D mozac-webcompat: Installed WebCompat webextension: webcompat@mozilla.com
01-19 21:48:15.597  2398  2398 D ImsResolver: maybeAddedImsService, packageName: org.mozilla.fenix.nightly
01-19 21:48:15.599  2360  2360 D MayaFrameworkProxyService: receive intent :Intent { act=android.intent.action.PACKAGE_CHANGED dat=package:org.mozilla.fenix.nightly flg=0x45000010 (has extras) }
01-19 21:48:15.603  1456  1600 W ResourceType: No known package when getting value for resource number 0x7f0801aa
01-19 21:48:15.603  1456  1600 W ResourceType: No known package when getting value for resource number 0x7f120103
01-19 21:48:15.603  1456  1600 W ResourceType: No known package when getting value for resource number 0x7f120103
01-19 21:48:15.603  1456  1600 W ResourceType: No known package when getting value for resource number 0x7f0801a8
01-19 21:48:15.603  1456  1600 W ResourceType: No known package when getting value for resource number 0x7f120102
01-19 21:48:15.603  1456  1600 W ResourceType: No known package when getting value for resource number 0x7f120102
01-19 21:48:15.623  1456  1942 I InputReader: Reconfiguring input devices.  changes=0x00000010
01-19 21:48:15.625  1456  1456 W ResourceType: ResTable_typeSpec entry count inconsistent: given 665, previously 671
01-19 21:48:15.626  1456  1456 W ResourceType: ResTable_typeSpec entry count inconsistent: given 394, previously 1458
01-19 21:48:15.626  1456  1456 W ResourceType: ResTable_typeSpec entry count inconsistent: given 217, previously 1293
01-19 21:48:15.653  2398  2398 D CarrierSvcBindHelper: No carrier app for: 0
01-19 21:48:15.654  2398  2398 D CarrierSvcBindHelper: No carrier app for: 1
01-19 21:48:15.666  2398  2398 E VvmPkgInstalledRcvr: cannot create TelephonyManager from ComponentInfo{com.android.phone/com.android.services.telephony.TelephonyConnectionService}, [****], UserHandle{0}
01-19 21:48:15.690  1456  1600 W ResourceType: ResTable_typeSpec entry count inconsistent: given 29, previously 35
01-19 21:48:15.691  1456  1600 W ResourceType: ResTable_typeSpec entry count inconsistent: given 2184, previously 2181
01-19 21:48:15.691  1456  1600 W ResourceType: ResTable_typeSpec entry count inconsistent: given 272, previously 1525
01-19 21:48:15.720  1456  1456 W ResourceType: Found multiple library tables, ignoring...
01-19 21:48:15.722  1456  1600 W ResourceType: Found multiple library tables, ignoring...
01-19 21:48:15.736  1456  1600 W SearchableInfo: Invalid searchable metadata for com.google.android.gms/.nearby.sharing.ContactSelectActivity: Search label must be a resource reference.
01-19 21:48:15.752 31225 31225 D AndroidRuntime: >>>>>> START com.android.internal.os.RuntimeInit uid 2000 <<<<<<
01-19 21:48:15.765 31225 31225 W app_process: Could not reserve sentinel fault page
01-19 21:48:15.771  1456  1456 I TelecomService: DefaultDialerCache: Refreshing default dialer for user 0: now com.android.dialer: DDC.oR@tXY
01-19 21:48:15.795 20319 22575 I Icing   : Indexing com.google.android.gms-internal.3p:MobileApplication from com.google.android.gms using seqno 2511
01-19 21:48:15.932 31225 31225 I app_process: The ClassLoaderContext is a special shared library.
01-19 21:48:16.005 31225 31225 D AndroidRuntime: Calling main entry com.android.commands.input.Input
01-19 21:48:16.009 31225 31225 I Input   : injectKeyEvent: KeyEvent { action=ACTION_DOWN, keyCode=KEYCODE_HOME, scanCode=0, metaState=0, flags=0x0, repeatCount=0, eventTime=11935724735, downTime=11935724735, deviceId=-1, source=0x101 }
01-19 21:48:16.022 31225 31225 I Input   : injectKeyEvent: KeyEvent { action=ACTION_UP, keyCode=KEYCODE_HOME, scanCode=0, metaState=0, flags=0x0, repeatCount=0, eventTime=11935724735, downTime=11935724735, deviceId=-1, source=0x101 }
01-19 21:48:16.028  1456  1941 I ActivityManager: START u0 {act=android.intent.action.MAIN cat=[android.intent.category.HOME] flg=0x10200000 cmp=com.android.launcher3/.CustomizationPanelLauncher (has extras)} from uid 1000
01-19 21:48:16.029   794   839 E ANDR-PERF-RESOURCEQS: Failed to apply optimization [4, 0]
01-19 21:48:16.039  1456  1941 I ActivityManager: moveHomeStack, setupComplete:true
01-19 21:48:16.043 31225 31225 D AndroidRuntime: Shutting down VM
01-19 21:48:16.054 26094 26219 I Adreno  : QUALCOMM build                   : bb5b86c, I77d3059488
01-19 21:48:16.054 26094 26219 I Adreno  : Build Date                       : 06/07/18
01-19 21:48:16.054 26094 26219 I Adreno  : OpenGL ES Shader Compiler Version: EV031.22.00.01_06
01-19 21:48:16.054 26094 26219 I Adreno  : Local Branch                     : 
01-19 21:48:16.054 26094 26219 I Adreno  : Remote Branch                    : refs/tags/AU_LINUX_ANDROID_LA.UM.6.5.R1.08.01.00.312.086
01-19 21:48:16.054 26094 26219 I Adreno  : Remote Branch                    : NONE
01-19 21:48:16.054 26094 26219 I Adreno  : Reconstruct Branch               : NOTHING
01-19 21:48:16.057 26094 26219 D vndksupport: Loading /vendor/lib/hw/gralloc.msm8937.so from current namespace instead of sphal namespace.
01-19 21:48:16.060 26094 26219 I Adreno  : PFP: 0x005ff087, ME: 0x005ff063
01-19 21:48:16.064 26094 26219 I zygote  : android::hardware::configstore::V1_0::ISurfaceFlingerConfigs::hasWideColorDisplay retrieved: 0
01-19 21:48:16.065 26094 26219 I OpenGLRenderer: Initialized EGL, version 1.4
01-19 21:48:16.065 26094 26219 D OpenGLRenderer: Swap behavior 2
01-19 21:48:16.066 29491 29491 I Finsky  : [2] pze.onTrimMemory(1): Memory trim requested to level 80
01-19 21:48:16.067  2748  2748 D Launcher.Utilities: Wakeup weather: Intent { act=com.motorola.launcher3.action.WAKEUP_WEATHER cmp=com.motorola.timeweatherwidget/com.motorola.commandcenter.weather.WakeUpService }
01-19 21:48:16.083  1456  1456 I NotificationService: Cannot find enqueued record for key: 0|com.motorola.timeweatherwidget|1|null|10116
01-19 21:48:16.085   808   808 D SurfaceFlinger: duplicate layer name: changing com.android.launcher3/com.android.launcher3.CustomizationPanelLauncher to com.android.launcher3/com.android.launcher3.CustomizationPanelLauncher#1
01-19 21:48:16.107 26094 26200 W ThreadPoolDumper: Queue length for executor EventBus is now 11. Perhaps some tasks are too long, or the pool is too small.
01-19 21:48:16.108  1456  2204 I WifiService: getWifiEnabledState uid=10073
01-19 21:48:16.117  1456  2923 I WifiService: getWifiEnabledState uid=10073
01-19 21:48:16.156 26094 26271 I MicroDetectionState: Should stop hotword detection immediately - false
01-19 21:48:16.161 26094 26271 I MicroDetectionWorker: #startMicroDetector [speakerMode: 0]
01-19 21:48:16.163 26094 26271 I AudioController: Created new AudioSource
01-19 21:48:16.164  1456  1673 I LaunchCheckinHandler: Displayed com.android.launcher3/.CustomizationPanelLauncher,wp,wa,136
01-19 21:48:16.166 26094 26207 I MicroDataManager: isInitializedWithLatestParams-true
01-19 21:48:16.167 26094 26207 I MicroDataManager: isInitializing-false locale not changed-true model not changed-true
01-19 21:48:16.167 26094 26207 I MicroDataManager: Already initialized, obtaining the hotword data immediately.
01-19 21:48:16.174 26094 26215 I MicroRecognitionRunner: Starting detection.
01-19 21:48:16.175 26094 26215 I InputStreamUtils: Using micInputStream
01-19 21:48:16.175 26094 22879 I MicrophoneInputStream: mic_starting  SR : 16000 CC : 16 SO : 1999
01-19 21:48:16.178   788   788 V msm8974_platform: platform_check_input_mask: enter check_input_mask source 6 mask 10
01-19 21:48:16.180  1012 31252 I AudioFlinger: AudioFlinger's thread 0xb2483280 tid=31252 ready to run
01-19 21:48:16.189   788   788 D audio_hw_primary: in_set_parameters: enter: kvpairs=input_source=6;routing=-2147483644
01-19 21:48:16.190  1012 13178 D APM_AudioPolicyManager: AudioPolicyManager::startInput() input 97062, session 97129, source = 1999
01-19 21:48:16.190 26094 22879 I MicrophoneInputStream: mic_started  SR : 16000 CC : 16 SO : 1999
01-19 21:48:16.191   788 31253 V msm8974_platform: platform_update_usecase_from_source: input source :6
01-19 21:48:16.191   788 31253 V msm8974_platform: platform_check_input_mask: enter check_input_mask source 6 mask 10
01-19 21:48:16.191   788 31253 V msm8974_platform: platform_get_input_snd_device: enter: out_device(0) in_device(0x4) channel_count (1) channel_mask (0x10)
01-19 21:48:16.191   788 31253 V msm8974_platform: platform_get_input_snd_device: exit: in_snd_device(voice-rec-mic)
01-19 21:48:16.191   788 31253 V msm8974_platform: platform_get_backend_index:napb: backend port - 5 device - 120 
01-19 21:48:16.191   788 31253 V msm8974_platform: platform_check_and_set_capture_backend_cfg:txbecf: afe: bitwidth 0, samplerate 0, channel 1, backend_idx 5 usecase = 9 device (voice-rec-mic)
01-19 21:48:16.191   788 31253 V msm8974_platform: platform_check_capture_backend_cfg:txbecf: afe: Codec selected backend: 5 current bit width: 0 and sample rate: 0, channels 1
01-19 21:48:16.191   788 31253 V msm8974_platform: platform_check_capture_backend_cfg:txbecf: afe: Codec selected backend: 5 updated bit width: 0 and sample rate: 0
01-19 21:48:16.191   788 31253 I msm8974_platform: platform_check_capture_backend_cfg:txbecf: afe: Codec backend needs to be updated. new bit width: 0 new sample rate: 0 new channel: 1
01-19 21:48:16.192   788 31253 V msm8974_platform: platform_get_backend_index:napb: backend port - 5 device - 120 
01-19 21:48:16.192   788 31253 V msm8974_platform: platform_set_backend_cfg:becf: afe: bitwidth 0, samplerate 0 channels 1, backend_idx 5 device (voice-rec-mic)
01-19 21:48:16.192   788 31253 E msm8974_platform: platform_set_backend_cfg:becf: afe: Could not get ctl for mixer command - SLIM_0_TX Format
01-19 21:48:16.192   788 31253 V msm8974_platform: platform_send_audio_calibration: sending audio calibration for snd_device(120) acdb_id(62)
01-19 21:48:16.192   788 31253 D ACDB-LOADER: ACDB -> send_audio_cal, acdb_id = 62, path = 1, app id = 0x11130, sample rate = 48000
01-19 21:48:16.192   788 31253 D ACDB-LOADER: ACDB -> send_asm_topology
01-19 21:48:16.192   788 31253 D ACDB-LOADER: ACDB -> ACDB_CMD_GET_AUDPROC_STREAM_TOPOLOGY_ID
01-19 21:48:16.192   788 31253 D ACDB-LOADER: ACDB -> send_adm_topology
01-19 21:48:16.192   788 31253 D ACDB-LOADER: ACDB -> ACDB_CMD_GET_AUDPROC_COMMON_TOPOLOGY_ID
01-19 21:48:16.192   788 31253 D ACDB-LOADER: ACDB -> send_audtable
01-19 21:48:16.192   788 31253 D ACDB-LOADER: ACDB -> ACDB_CMD_GET_AUDPROC_COMMON_TABLE_SIZE
01-19 21:48:16.192   788 31253 D ACDB-LOADER: ACDB -> ACDB_CMD_GET_AUDPROC_COMMON_TABLE
01-19 21:48:16.192   788 31253 D ACDB-LOADER: ACDB -> AUDIO_SET_AUDPROC_CAL
01-19 21:48:16.192   788 31253 D ACDB-LOADER: ACDB -> send_audvoltable
01-19 21:48:16.192   788 31253 D ACDB-LOADER: ACDB -> ACDB_CMD_GET_AUDPROC_VOL_STEP_TABLE_SIZE
01-19 21:48:16.192   788 31253 D ACDB-LOADER: ACDB -> ACDB_CMD_GET_AUDPROC_GAIN_DEP_STEP_TABLE, vol index 0
01-19 21:48:16.192   788 31253 D         : Failed to fetch the lookup information of the device 0000003E 
01-19 21:48:16.192   788 31253 D ACDB-LOADER: ACDB -> AUDIO_SET_VOL_CAL cal type = 12
01-19 21:48:16.193   788 31253 D ACDB-LOADER: ACDB -> ACDB_CMD_GET_AUDPROC_STREAM_TABLE_SIZE
01-19 21:48:16.193   788 31253 D ACDB-LOADER: ACDB -> send_audstrmtable
01-19 21:48:16.193   788 31253 D ACDB-LOADER: ACDB -> ACDB_CMD_GET_AUDPROC_STREAM_TABLE_V2
01-19 21:48:16.193   788 31253 D ACDB-LOADER: ACDB -> audstrm_cal->cal_type.cal_data.cal_size = 456
01-19 21:48:16.193   788 31253 D ACDB-LOADER: ACDB -> send_afe_topology
01-19 21:48:16.193   788 31253 D ACDB-LOADER: ACDB -> ACDB_CMD_GET_AFE_TOPOLOGY_ID
01-19 21:48:16.193   788 31253 D ACDB-LOADER: ACDB -> GET_AFE_TOPOLOGY_ID for adcd_id 62, Topology Id 112fb
01-19 21:48:16.193   788 31253 D ACDB-LOADER: ACDB -> send_afe_cal
01-19 21:48:16.193   788 31253 D ACDB-LOADER: ACDB -> ACDB_CMD_GET_AFE_COMMON_TABLE_SIZE
01-19 21:48:16.193   788 31253 D         : Failed to fetch the lookup information of the device 0000003E 
01-19 21:48:16.193   788 31253 E ACDB-LOADER: Error: ACDB_CMD_GET_AFE_COMMON_TABLE_SIZE Returned = -19
01-19 21:48:16.193   788 31253 D ACDB-LOADER: ACDB -> ACDB_CMD_GET_AFE_COMMON_TABLE
01-19 21:48:16.193   788 31253 D         : Failed to fetch the lookup information of the device 0000003E 
01-19 21:48:16.193   788 31253 D ACDB-LOADER: ACDB -> AUDIO_SET_AFE_CAL
01-19 21:48:16.193   788 31253 D ACDB-LOADER: ACDB -> send_hw_delay : acdb_id = 62 path = 1
01-19 21:48:16.193   788 31253 D ACDB-LOADER: ACDB -> ACDB_AVSYNC_INFO: ACDB_CMD_GET_DEVICE_PROPERTY
01-19 21:48:16.193   788 31253 D audio_hw_primary: enable_snd_device: snd_device(120: voice-rec-mic)
01-19 21:48:16.193   788 31253 D audio_route: Apply path: voice-rec-mic
01-19 21:48:16.195   788 31253 V msm8974_platform: platform_get_snd_device_backend_index: enter with device 120
01-19 21:48:16.195   788 31253 E msm8974_platform: platform_get_snd_device_backend_index: BE DAI Name Table is not present
01-19 21:48:16.195   788 31253 V msm8974_platform: platform_get_backend_index:napb: backend port - 5 device - 120 
01-19 21:48:16.195   788 31253 I audio_hw_utils: Set Audio Stream Capture 0 App Type Cfg: app_type 69936, acdb_dev_id 62, sample_rate 48000, snd_device_be_idx -14
01-19 21:48:16.195   788 31253 D audio_hw_primary: enable_audio_route: usecase(9) apply and update mixer path: audio-record
01-19 21:48:16.195   788 31253 D audio_route: Apply path: audio-record
01-19 21:48:16.265 26094 26271 I MicroDetectionWorker: onReady
01-19 21:48:16.572  1456  7796 I OpenGLRenderer: Initialized EGL, version 1.4
01-19 21:48:16.572  1456  7796 D OpenGLRenderer: Swap behavior 2
01-19 21:48:16.632  2748  2917 W OpenGLRenderer: Incorrectly called buildLayer on View: ShortcutAndWidgetContainer, destroying layer...
01-19 21:48:16.733 31047 31047 D GeckoRuntime: Lifecycle: onPause
01-19 21:48:16.733 31047 31047 D GeckoNetworkManager: Incoming event stop for state OnWithListeners -> OffWithListeners
01-19 21:48:16.734 31047 31047 I SessionStorage/AutoSave: Save: Background
01-19 21:48:16.737 31047 31128 D SessionStorage/AutoSave: Saved state to disk [1ms]
01-19 21:48:16.740 31047 31071 I libglean_ffi: glean_core::ping: Collecting baseline
01-19 21:48:16.744 31047 31071 D libglean_ffi: glean_core::ping: Storing ping '9ae17dc1-064d-43ca-8e54-bf1ed37316cb' at '/data/user/0/org.mozilla.fenix.nightly/glean_data/pending_pings/9ae17dc1-064d-43ca-8e54-bf1ed37316cb'
01-19 21:48:16.744 31047 31071 I libglean_ffi: glean_core: The ping 'baseline' was submitted and will be sent as soon as possible
01-19 21:48:16.744 31047 31071 I libglean_ffi: glean_core::ping: Collecting events
01-19 21:48:16.747 31047 31071 D libglean_ffi: glean_core::ping: Storing ping '5f252c7d-f1d2-44aa-8398-122837ff3854' at '/data/user/0/org.mozilla.fenix.nightly/glean_data/pending_pings/5f252c7d-f1d2-44aa-8398-122837ff3854'
01-19 21:48:16.748 31047 31071 I libglean_ffi: glean_core: The ping 'events' was submitted and will be sent as soon as possible
01-19 21:48:16.773  1456  2204 D ConnectivityService: requestNetwork for uid/pid:10764/31047 NetworkRequest [ TRACK_DEFAULT id=20256, [ Capabilities: INTERNET&NOT_RESTRICTED&TRUSTED&NOT_VPN] ]
01-19 21:48:16.774  1456  2054 D WIFI_UT : got request NetworkRequest [ TRACK_DEFAULT id=20256, [ Capabilities: INTERNET&NOT_RESTRICTED&TRUSTED&NOT_VPN] ] with score 60
01-19 21:48:16.774  1456  2099 D Ethernet: got request NetworkRequest [ TRACK_DEFAULT id=20256, [ Capabilities: INTERNET&NOT_RESTRICTED&TRUSTED&NOT_VPN] ] with score 60
01-19 21:48:16.774  1456  2054 D WIFI    : got request NetworkRequest [ TRACK_DEFAULT id=20256, [ Capabilities: INTERNET&NOT_RESTRICTED&TRUSTED&NOT_VPN] ] with score 60
01-19 21:48:16.775  2398  2398 D PhoneSwitcherNetworkRequstListener: got request NetworkRequest [ TRACK_DEFAULT id=20256, [ Capabilities: INTERNET&NOT_RESTRICTED&TRUSTED&NOT_VPN] ] with score 60
01-19 21:48:16.780 31047 31254 D glean/PingUploadWorker: Processing persisted pings at /data/user/0/org.mozilla.fenix.nightly/glean_data/pending_pings
01-19 21:48:16.781 31047 31254 D glean/PingUploadWorker: Processing ping: 9ae17dc1-064d-43ca-8e54-bf1ed37316cb
01-19 21:48:16.782   808   898 I SFPerfTracer:      triggers: (rate: 0:0) (0 sw vsyncs) (0 skipped) (38:2618229 vsyncs) (40:4759842)
01-19 21:48:16.785   808   808 I SFPerfTracer:      triggers: (rate: 50:372805) (compose: 0:6) (post: 0:13) (render: 0:10) (7:3417179 frames) (8:4719184)
01-19 21:48:16.785 31047 31254 D glean/ConceptFetchHttpUploader: Submitting ping to: https://incoming.telemetry.mozilla.org/submit/org-mozilla-fenix-nightly/baseline/1/9ae17dc1-064d-43ca-8e54-bf1ed37316cb
01-19 21:48:16.785   808   808 D SFPerfTracer:        layers: (4:12) (NavigationBar#0 (0xb07df000): 0:427007) (StatusBar#0 (0xb07e3000): 0:1252479) (com.android.systemui.ImageWallpaper#0 (0xb07e7000): 0:35722) (Sprite#0 (0xb0733000): 0:317)* (DimLayerController/Stack=0#0 (0xb075a000): 0:3589)* (Sprite#1 (0xb077c000): 0:195)* (com.android.launcher3/com.android.launcher3.CustomizationPanelLauncher#0 (0xb0763000): 0:39)- (com.android.launcher3/com.android.launcher3.CustomizationPanelLauncher#1 (0xb0771000): 0:9)- (Splash Screen org.mozilla.fenix.nightly#0 (0xb0384000): 0:31)- (org.mozilla.fenix.nightly/org.mozilla.fenix.HomeActivity#0 (0xb039b000): 0:45)- (com.android.launcher3/com.android.launcher3.CustomizationPanelLauncher#0 (0xb0763000): 8:36)* (com.android.launcher3/com.android.launcher3.CustomizationPanelLauncher#1 (0xb0771000): 1:6) 
01-19 21:48:16.795 20319 22575 I Icing   : Indexing com.google.android.gms-apps from com.google.android.gms
01-19 21:48:16.847 20319 22575 I Icing   : Indexing done com.google.android.gms-apps
01-19 21:48:17.118 31047 31254 D glean/ConceptFetchHttpUploader: Ping successfully sent (200)
01-19 21:48:17.118 31047 31254 D glean/PingUploadWorker: 9ae17dc1-064d-43ca-8e54-bf1ed37316cb was deleted: true
01-19 21:48:17.118 31047 31254 D glean/PingUploadWorker: Processing ping: 5f252c7d-f1d2-44aa-8398-122837ff3854
01-19 21:48:17.120 31047 31254 D glean/ConceptFetchHttpUploader: Submitting ping to: https://incoming.telemetry.mozilla.org/submit/org-mozilla-fenix-nightly/events/1/5f252c7d-f1d2-44aa-8398-122837ff3854
01-19 21:48:17.480 31047 31254 D glean/ConceptFetchHttpUploader: Ping successfully sent (200)
01-19 21:48:17.480 31047 31254 D glean/PingUploadWorker: 5f252c7d-f1d2-44aa-8398-122837ff3854 was deleted: true
01-19 21:48:17.482 31047 31078 I WM-WorkerWrapper: Worker result SUCCESS for Work [ id=dfafe977-6490-4c57-ba45-20576d49f01a, tags={ mozilla.telemetry.glean.scheduler.PingUploadWorker, mozac_service_glean_ping_upload_worker } ]
01-19 21:48:17.485  1456  2067 D ConnectivityService: releasing NetworkRequest [ TRACK_DEFAULT id=20256, [ Capabilities: INTERNET&NOT_RESTRICTED&TRUSTED&NOT_VPN] ] (release request)
01-19 21:48:21.192  1456  2401 I ActivityManager: Force stopping org.mozilla.fenix.nightly appid=10764 user=0: from pid 31260
01-19 21:48:21.193  1456  2401 I ActivityManager: Killing 31047:org.mozilla.fenix.nightly/u0a764 (adj 700): stop org.mozilla.fenix.nightly
01-19 21:48:21.196  1456  1605 W zygote  : kill(-31047, 9) failed: No such process
01-19 21:48:21.196  1456  2401 W ActivityManager: Force removing ActivityRecord{dbcacd4 u0 org.mozilla.fenix.nightly/org.mozilla.fenix.HomeActivity t18832}: app died, no saved state
01-19 21:48:21.197 31092 31092 I ServiceChildProcess: Service has been unbound. Stopping.
01-19 21:48:21.205  1456  2401 I ActivityManager: Killing 31092:org.mozilla.fenix.nightly:tab/u0a764 (adj 0): stop org.mozilla.fenix.nightly
01-19 21:48:21.211  1456  1605 W zygote  : kill(-31047, 9) failed: No such process
01-19 21:48:21.221  2398  2398 D CarrierSvcBindHelper: No carrier app for: 0
01-19 21:48:21.222  2398  2398 D CarrierSvcBindHelper: No carrier app for: 1
01-19 21:48:21.225  1456  1605 W zygote  : kill(-31047, 9) failed: No such process
01-19 21:48:21.262  1456  1605 I chatty  : uid=1000(system) ActivityManager identical 3 lines
01-19 21:48:21.270  1456  1673 W ActivityManager: setHasOverlayUi called on unknown pid: 31047
01-19 21:48:21.275  1456  1605 W zygote  : kill(-31047, 9) failed: No such process
01-19 21:48:21.276  1456  1605 I zygote  : Successfully killed process cgroup uid 10764 pid 31047 in 80ms
01-19 21:48:21.276  1456  1605 W zygote  : kill(-31092, 9) failed: No such process
01-19 21:48:21.276  1456  1605 I zygote  : Successfully killed process cgroup uid 10764 pid 31092 in 0ms
01-19 21:48:21.313  1456  2920 I ActivityManager: START u0 {act=android.intent.action.MAIN cat=[android.intent.category.LAUNCHER] flg=0x10000000 cmp=org.mozilla.fenix.nightly/org.mozilla.fenix.HomeActivity} from uid 2000
01-19 21:48:21.313   794   839 E ANDR-PERF-RESOURCEQS: Failed to apply optimization [4, 0]
