07-08 16:21:23.995  1188  1454 I Adreno  : QUALCOMM build                   : bb5b86c, I77d3059488
07-08 16:21:23.995  1188  1454 I Adreno  : Build Date                       : 06/07/18
07-08 16:21:23.995  1188  1454 I Adreno  : OpenGL ES Shader Compiler Version: EV031.22.00.01_06
07-08 16:21:23.995  1188  1454 I Adreno  : Local Branch                     : 
07-08 16:21:23.995  1188  1454 I Adreno  : Remote Branch                    : refs/tags/AU_LINUX_ANDROID_LA.UM.6.5.R1.08.01.00.312.086
07-08 16:21:23.995  1188  1454 I Adreno  : Remote Branch                    : NONE
07-08 16:21:23.995  1188  1454 I Adreno  : Reconstruct Branch               : NOTHING
07-08 16:21:23.995  1188  1454 D vndksupport: Loading /vendor/lib/hw/gralloc.msm8937.so from current namespace instead of sphal namespace.
07-08 16:21:23.997  1456  1673 I WindowManager: Failed to capture screenshot of Token{adfee35 ActivityRecord{c8486c u0 org.mozilla.fennec_aurora/org.mozilla.fenix.HomeActivity t95357}} appWin=Window{de6a3a3 u0 org.mozilla.fennec_aurora/org.mozilla.fenix.HomeActivity} drawState=1
07-08 16:21:24.011  1188  1454 I Adreno  : PFP: 0x005ff087, ME: 0x005ff063
07-08 16:21:24.022  1188  1454 I zygote  : android::hardware::configstore::V1_0::ISurfaceFlingerConfigs::hasWideColorDisplay retrieved: 0
07-08 16:21:24.024  1188  1454 I OpenGLRenderer: Initialized EGL, version 1.4
07-08 16:21:24.025  1188  1454 D OpenGLRenderer: Swap behavior 2
07-08 16:21:24.072  1188  1268 D GeckoThread: State changed to RUNNING
07-08 16:21:24.090  1188  1268 I Gecko   : -*- nsDNSServiceDiscovery.js : nsDNSServiceDiscovery
07-08 16:21:24.133  1188  1263 I libglean_ffi: glean_core::ping: Collecting startup-timeline
07-08 16:21:24.137  1188  1263 D libglean_ffi: glean_core::ping: Storing ping '0692958d-b2af-4832-afc8-c25cd4fb34c9' at '/data/user/0/org.mozilla.fennec_aurora/glean_data/pending_pings/0692958d-b2af-4832-afc8-c25cd4fb34c9'
07-08 16:21:24.139  1188  1263 I libglean_ffi: glean_core: The ping 'startup-timeline' was submitted and will be sent as soon as possible
07-08 16:21:24.192  1188  1188 D MigrationPushRenewer: Migration state: NONE
07-08 16:21:24.193  1188  1188 D MigrationTelemetryListener: Migration state: NONE
07-08 16:21:24.203  1188  1481 I libglean_ffi: glean_core::upload: New upload task with id 6cafe2cd-c1c1-4328-9891-fe09e4654b2a (path: /submit/org-mozilla-fennec-aurora/baseline/1/6cafe2cd-c1c1-4328-9891-fe09e4654b2a)
07-08 16:21:24.207  1188  1481 D glean/ConceptFetchHttpUploader: Submitting ping to: https://incoming.telemetry.mozilla.org/submit/org-mozilla-fennec-aurora/baseline/1/6cafe2cd-c1c1-4328-9891-fe09e4654b2a
07-08 16:21:24.214  1188  1188 D GeckoNetworkManager: Incoming event enableNotifications for state OnNoListeners -> OnWithListeners
07-08 16:21:24.216  1188  1188 D GeckoNetworkManager: New network state: UP, WIFI, WIFI
07-08 16:21:24.222   808   898 I SFPerfTracer:      triggers: (rate: 0:10) (0 sw vsyncs) (0 skipped) (66:9598767 vsyncs) (68:18589899)
07-08 16:21:24.230  1188  1188 D GeckoNetworkManager: Incoming event receivedUpdate for state OnWithListeners -> OnWithListeners
07-08 16:21:24.232  1188  1188 D GeckoNetworkManager: New network state: UP, WIFI, WIFI
07-08 16:21:24.257  1188  1483 D BrowserIcons: Loaded icon (source = DISK): https://www.wikipedia.org/
07-08 16:21:24.259  1188  1482 D BrowserIcons: Loaded icon (source = DISK): https://www.google.com/
07-08 16:21:24.569  1188  1188 D GeckoRuntime: Lifecycle: onPause
07-08 16:21:24.569  1188  1188 D GeckoNetworkManager: Incoming event stop for state OnWithListeners -> OffWithListeners
07-08 16:21:24.570  1188  1188 I SessionStorage/AutoSave: Save: Background
07-08 16:21:24.573  1188  1308 D SessionStorage/AutoSave: Saved state to disk [1ms]
07-08 16:21:24.576  1188  1263 I libglean_ffi: glean_core::ping: Collecting baseline
07-08 16:21:24.580  1188  1263 D libglean_ffi: glean_core::ping: Storing ping 'ba0cce8b-a463-4787-a069-362b6ef94fe4' at '/data/user/0/org.mozilla.fennec_aurora/glean_data/pending_pings/ba0cce8b-a463-4787-a069-362b6ef94fe4'
07-08 16:21:24.582  1188  1263 I libglean_ffi: glean_core: The ping 'baseline' was submitted and will be sent as soon as possible
07-08 16:21:24.584  1188  1263 I libglean_ffi: glean_core::ping: Collecting events
07-08 16:21:24.588  1188  1263 D libglean_ffi: glean_core::ping: Storing ping '796a2e74-962b-4b8d-943c-736e30822f8a' at '/data/user/0/org.mozilla.fennec_aurora/glean_data/pending_pings/796a2e74-962b-4b8d-943c-736e30822f8a'
07-08 16:21:24.590  1188  1263 I libglean_ffi: glean_core: The ping 'events' was submitted and will be sent as soon as possible
07-08 16:21:24.596  1188  1214 I zygote  : Do full code cache collection, code=126KB, data=100KB
07-08 16:21:24.598  1188  1214 I zygote  : After code cache collection, code=79KB, data=47KB
07-08 16:21:24.842  1188  1188 D App     : Installed browser-icons extension
07-08 16:21:24.956  1188  1498 I Gecko   : [GFX1-]: Failed to create EGLContext!: 0x300c
07-08 16:21:24.984  1188  1268 W ResourceType: Too many attribute references, stopped at: 0x01010099
07-08 16:21:25.003  1188  1188 D WebExtension: handleMessage GeckoView:PageAction:Update
07-08 16:21:25.018  1188  1188 I DefaultSupportedAddonsChecker: Register check for new supported add-ons
07-08 16:21:25.443  1188  1188 D mozac-webcompat-reporter: Installed WebCompat Reporter webextension: webcompat-reporter@mozilla.org
07-08 16:21:25.451  1188  1188 D mozac-webcompat: Installed WebCompat webextension: webcompat@mozilla.org
07-08 16:21:28.573  1559  1559 D AndroidRuntime: >>>>>> START com.android.internal.os.RuntimeInit uid 2000 <<<<<<
07-08 16:21:28.586  1559  1559 W app_process: Could not reserve sentinel fault page
07-08 16:21:28.752  1559  1559 I app_process: The ClassLoaderContext is a special shared library.
07-08 16:21:28.825  1559  1559 D AndroidRuntime: Calling main entry com.android.commands.input.Input
07-08 16:21:28.827  1559  1559 I Input   : injectKeyEvent: KeyEvent { action=ACTION_DOWN, keyCode=KEYCODE_HOME, scanCode=0, metaState=0, flags=0x0, repeatCount=0, eventTime=25637681254, downTime=25637681254, deviceId=-1, source=0x101 }
07-08 16:21:28.837  1559  1559 I Input   : injectKeyEvent: KeyEvent { action=ACTION_UP, keyCode=KEYCODE_HOME, scanCode=0, metaState=0, flags=0x0, repeatCount=0, eventTime=25637681254, downTime=25637681254, deviceId=-1, source=0x101 }
07-08 16:21:28.839  1559  1559 D AndroidRuntime: Shutting down VM
07-08 16:21:29.120  1188  1188 I glean/Glean: Registering pings for org.mozilla.fenix.GleanMetrics.Pings
07-08 16:21:29.177  1188  1188 I FirefoxAccountStateMachine: Enabling/updating sync with a new SyncConfig: SyncConfig(supportedEngines=[mozilla.components.service.fxa.SyncEngine$History@83e6eca, mozilla.components.service.fxa.SyncEngine$Bookmarks@292e83b, mozilla.components.service.fxa.SyncEngine$Passwords@3f10b58, mozilla.components.service.fxa.SyncEngine$Tabs@d26d4b1], syncPeriodInMinutes=240)
07-08 16:21:29.180  1188  1188 I BgSyncManager: Periodic syncing enabled at a 240 interval
07-08 16:21:29.181  1188  1188 I FirefoxAccountStateMachine: Sync is enabled
07-08 16:21:29.194  1188  1579 I FirefoxAccountStateMachine: Processing event Event$Init for state Start. Next state is Start
07-08 16:21:29.229  1188  1579 I FirefoxAccountStateMachine: Ran 'Event$Init' side-effects for state Start, got successive event Event$AccountNotFound
07-08 16:21:29.229  1188  1579 I FirefoxAccountStateMachine: Processing event Event$AccountNotFound for state Start. Next state is NotAuthenticated
07-08 16:21:29.256  1188  1579 D RustNativeSupport: findMegazordLibraryName(fxaclient, 61.0.6
07-08 16:21:29.257  1188  1579 D RustNativeSupport: lib in use: none
07-08 16:21:29.257  1188  1579 D RustNativeSupport: lib configured: megazord
07-08 16:21:29.257  1188  1579 D RustNativeSupport: lib version configured: 61.0.6
07-08 16:21:29.257  1188  1579 D RustNativeSupport: settled on megazord
07-08 16:21:29.262  1188  1579 D fxaclient_ffi: fxa_new
07-08 16:21:29.265  1188  1188 D App     : ActivationPing - already generated
07-08 16:21:29.278  1188  1308 I FenixApplication: Running post-visual completeness tasks...
07-08 16:21:29.278  1188  1308 I FenixApplication: Storage initialization...
07-08 16:21:29.279  1188  1308 I PlacesHistoryStorage: Warming up places storage...
07-08 16:21:29.289  1188  1308 D RustNativeSupport: findMegazordLibraryName(places, 61.0.6
07-08 16:21:29.289  1188  1308 D RustNativeSupport: lib in use: none
07-08 16:21:29.289  1188  1308 D RustNativeSupport: lib configured: megazord
07-08 16:21:29.290  1188  1308 D RustNativeSupport: lib version configured: 61.0.6
07-08 16:21:29.290  1188  1308 D RustNativeSupport: settled on megazord
07-08 16:21:29.291  1188  1587 I experiments: No active experiment in cache
07-08 16:21:29.294  1188  1188 I FenixApplication: Kicking-off account manager...
07-08 16:21:29.294  1188  1579 W FirefoxAccountStateMachine: Got invalid event Event$Init for state NotAuthenticated.
07-08 16:21:29.294  1188  1188 I FenixApplication: 'Kicking-off account manager' took 0 ms
07-08 16:21:29.296  1188  1587 W experiments: Experiment bucket is outside of the bucket range.
07-08 16:21:29.309  1188  1308 D places_ffi: places_api_new
07-08 16:21:29.374  1188  1308 D sql_support::conn_ext: Transaction commited after 46.716724ms
07-08 16:21:29.376  1188  1308 D places_ffi: places_connection_new
07-08 16:21:29.379  1188  1308 D places_ffi: places_connection_new
07-08 16:21:29.380  1188  1481 I libglean_ffi: glean_core::upload: Ping 6cafe2cd-c1c1-4328-9891-fe09e4654b2a successfully sent 200.
07-08 16:21:29.380  1188  1481 I libglean_ffi: glean_core::upload::directory: File was deleted /data/user/0/org.mozilla.fennec_aurora/glean_data/pending_pings/6cafe2cd-c1c1-4328-9891-fe09e4654b2a
07-08 16:21:29.384  1188  1481 I libglean_ffi: glean_core::upload: New upload task with id 0692958d-b2af-4832-afc8-c25cd4fb34c9 (path: /submit/org-mozilla-fennec-aurora/startup-timeline/1/0692958d-b2af-4832-afc8-c25cd4fb34c9)
07-08 16:21:29.386  1188  1481 D glean/ConceptFetchHttpUploader: Submitting ping to: https://incoming.telemetry.mozilla.org/submit/org-mozilla-fennec-aurora/startup-timeline/1/0692958d-b2af-4832-afc8-c25cd4fb34c9
07-08 16:21:29.387  1188  1308 I PlacesHistoryStorage: 'Warming up places storage' took 106 ms
07-08 16:21:29.387  1188  1308 I PlacesBookmarksStorage: Warming up places storage...
07-08 16:21:29.388  1188  1308 D places_ffi: places_connection_new
07-08 16:21:29.395  1188  1308 I PlacesBookmarksStorage: 'Warming up places storage' took 8 ms
07-08 16:21:29.433  1188  1308 I SyncableLoginsStorage: Warming up storage...
07-08 16:21:29.444  1188  1308 D RustNativeSupport: findMegazordLibraryName(logins, 61.0.6
07-08 16:21:29.444  1188  1308 D RustNativeSupport: lib in use: none
07-08 16:21:29.444  1188  1308 D RustNativeSupport: lib configured: megazord
07-08 16:21:29.444  1188  1308 D RustNativeSupport: lib version configured: 61.0.6
07-08 16:21:29.444  1188  1308 D RustNativeSupport: settled on megazord
07-08 16:21:29.446  1188  1308 D logins_ffi: sync15_passwords_state_new
07-08 16:21:29.809  1188  1481 I libglean_ffi: glean_core::upload: Ping 0692958d-b2af-4832-afc8-c25cd4fb34c9 successfully sent 200.
07-08 16:21:29.809  1188  1481 I libglean_ffi: glean_core::upload::directory: File was deleted /data/user/0/org.mozilla.fennec_aurora/glean_data/pending_pings/0692958d-b2af-4832-afc8-c25cd4fb34c9
07-08 16:21:29.815  1188  1481 I libglean_ffi: glean_core::upload: New upload task with id ba0cce8b-a463-4787-a069-362b6ef94fe4 (path: /submit/org-mozilla-fennec-aurora/baseline/1/ba0cce8b-a463-4787-a069-362b6ef94fe4)
07-08 16:21:29.818  1188  1481 D glean/ConceptFetchHttpUploader: Submitting ping to: https://incoming.telemetry.mozilla.org/submit/org-mozilla-fennec-aurora/baseline/1/ba0cce8b-a463-4787-a069-362b6ef94fe4
07-08 16:21:29.997  1188  1481 I libglean_ffi: glean_core::upload: Ping ba0cce8b-a463-4787-a069-362b6ef94fe4 successfully sent 200.
07-08 16:21:29.997  1188  1481 I libglean_ffi: glean_core::upload::directory: File was deleted /data/user/0/org.mozilla.fennec_aurora/glean_data/pending_pings/ba0cce8b-a463-4787-a069-362b6ef94fe4
07-08 16:21:30.003  1188  1481 I libglean_ffi: glean_core::upload: New upload task with id 796a2e74-962b-4b8d-943c-736e30822f8a (path: /submit/org-mozilla-fennec-aurora/events/1/796a2e74-962b-4b8d-943c-736e30822f8a)
07-08 16:21:30.005  1188  1481 D glean/ConceptFetchHttpUploader: Submitting ping to: https://incoming.telemetry.mozilla.org/submit/org-mozilla-fennec-aurora/events/1/796a2e74-962b-4b8d-943c-736e30822f8a
07-08 16:21:30.119  1188  1308 I SyncableLoginsStorage: 'Warming up storage' took 685 ms
07-08 16:21:30.119  1188  1308 I FenixApplication: 'Storage initialization' took 840 ms
07-08 16:21:30.220  1188  1481 I libglean_ffi: glean_core::upload: Ping 796a2e74-962b-4b8d-943c-736e30822f8a successfully sent 200.
07-08 16:21:30.220  1188  1481 I libglean_ffi: glean_core::upload::directory: File was deleted /data/user/0/org.mozilla.fennec_aurora/glean_data/pending_pings/796a2e74-962b-4b8d-943c-736e30822f8a
07-08 16:21:30.224  1188  1481 I libglean_ffi: glean_core::upload: No more pings to upload! You are done.
07-08 16:21:30.228  1188  1256 I WM-WorkerWrapper: Worker result SUCCESS for Work [ id=dd7c6535-7dd2-4792-b70a-5c94a8ae312e, tags={ mozilla.telemetry.glean.scheduler.PingUploadWorker, mozac_service_glean_ping_upload_worker } ]
07-08 16:21:30.234  1456  2067 D ConnectivityService: releasing NetworkRequest [ TRACK_DEFAULT id=81808, [ Capabilities: INTERNET&NOT_RESTRICTED&TRUSTED&NOT_VPN] ] (release request)
07-08 16:21:30.258  1188  1308 I SupportedAddonsWorker: Trying to check for new supported add-ons
07-08 16:21:30.391  1188  1254 I WM-WorkerWrapper: Worker result SUCCESS for Work [ id=9609ddca-24e1-4ca1-9b18-294166ea239b, tags={ mozilla.components.feature.addons.migration.DefaultSupportedAddonsChecker.periodicWork, mozilla.components.feature.addons.migration.SupportedAddonsWorker } ]
07-08 16:21:30.424  1188  1609 I experiments: Fetching experiments from https://firefox.settings.services.mozilla.com/v1/buckets/main/collections/mobile-experiments/records?_since=1594230842195
07-08 16:21:30.603  1188  1609 W ActivityThread: ClassLoader.getResources: The class loader returned by Thread.getContextClassLoader() may fail for processes that host multiple applications. You should explicitly specify a context class loader. For example: Thread.setContextClassLoader(getClass().getClassLoader());
07-08 16:21:30.608  1188  1609 D experiments: Fetched experiments from https://firefox.settings.services.mozilla.com/v1/buckets/main/collections/mobile-experiments/records?_since=1594230842195:
07-08 16:21:30.608  1188  1609 D experiments: {"data": []}
07-08 16:21:30.609  1188  1609 I experiments: Experiments update from server: ExperimentsSnapshot(experiments=[Experiment(id=fenix-search-widget, description=Show a contextual hint to active searchers on their home screen, prompting them to install the search widget. Will not be shown to users who already have a search widget installed., lastModified=1594230842195, schemaModified=1594160039473, buckets=Buckets(start=0, count=1000), branches=[Branch(name=control_no_cfr, ratio=1), Branch(name=treatment_cfr, ratio=1)], match=Matcher(appId=^org.mozilla.fenix|org.mozilla.fenix.debug$, appDisplayVersion=null, appMinVersion=null, appMaxVersion=null, localeLanguage=^eng$, localeCountry=null, deviceManufacturer=null, deviceModel=null, regions=[], debugTags=[]))], lastModified=1594230842195)
07-08 16:21:30.612  1188  1609 I experiments: onExperimentsUpdated - no experiment currently active, looking for match
07-08 16:21:30.612  1188  1609 W experiments: Experiment bucket is outside of the bucket range.
07-08 16:21:30.616  1188  1453 I WM-WorkerWrapper: Worker result SUCCESS for Work [ id=e19cba41-e0b0-4ca7-ba21-e25a222722a7, tags={ mozilla.components.service.experiments.ExperimentsUpdaterWorker, mozilla.components.service.experiments } ]
07-08 16:21:34.004  1456  1471 I ActivityManager: Force stopping org.mozilla.fennec_aurora appid=11498 user=0: from pid 1613
07-08 16:21:34.004  1456  1471 I ActivityManager: Killing 1188:org.mozilla.fennec_aurora/u0a1498 (adj 0): stop org.mozilla.fennec_aurora
07-08 16:21:34.006  1456  1605 W zygote  : kill(-1188, 9) failed: No such process
07-08 16:21:34.010  1456  1471 W ActivityManager: Force removing ActivityRecord{c8486c u0 org.mozilla.fennec_aurora/org.mozilla.fenix.HomeActivity t95357}: app died, no saved state
07-08 16:21:34.010  1398  1398 I ServiceChildProcess: Service has been unbound. Stopping.
07-08 16:21:34.022  1456  1605 W zygote  : kill(-1188, 9) failed: No such process
07-08 16:21:34.022  1456  1471 I ActivityManager: Killing 1398:org.mozilla.fennec_aurora:tab0/u0a1498 (adj 0): stop org.mozilla.fennec_aurora
07-08 16:21:34.036  1456  1605 W zygote  : kill(-1188, 9) failed: No such process
07-08 16:21:34.036  2398  2398 D CarrierSvcBindHelper: No carrier app for: 0
07-08 16:21:34.037  2398  2398 D CarrierSvcBindHelper: No carrier app for: 1
07-08 16:21:34.048  1456  1605 W zygote  : kill(-1188, 9) failed: No such process
07-08 16:21:34.080  1456  1673 W ActivityManager: setHasOverlayUi called on unknown pid: 1188
07-08 16:21:34.080  1456  1605 I chatty  : uid=1000(system) ActivityManager identical 2 lines
07-08 16:21:34.096  1456  1605 W zygote  : kill(-1188, 9) failed: No such process
07-08 16:21:34.096  1456  1605 I zygote  : Successfully killed process cgroup uid 11498 pid 1188 in 89ms
07-08 16:21:34.096  1456  1605 W zygote  : kill(-1398, 9) failed: No such process
07-08 16:21:34.096  1456  1605 I zygote  : Successfully killed process cgroup uid 11498 pid 1398 in 0ms
07-08 16:21:35.154  1456  4250 I ActivityManager: START u0 {act=android.intent.action.MAIN cat=[android.intent.category.LAUNCHER] flg=0x10000000 cmp=org.mozilla.fennec_aurora/.App} from uid 2000
07-08 16:21:35.155   794   839 E ANDR-PERF-RESOURCEQS: Failed to apply optimization [4, 0]
07-08 16:21:35.169  1456  4250 I ActivityManager: Start proc 1620:org.mozilla.fennec_aurora/u0a1498 for activity org.mozilla.fennec_aurora/.App
07-08 16:21:35.274  1620  1620 D FirebaseApp: com.google.firebase.auth.FirebaseAuth is not linked. Skipping initialization.
07-08 16:21:35.275  1620  1620 D FirebaseApp: com.google.firebase.crash.FirebaseCrash is not linked. Skipping initialization.
07-08 16:21:35.276  1620  1620 I FirebaseInitProvider: FirebaseApp initialization successful
07-08 16:21:35.319  1620  1640 I FA      : Collection disabled with firebase_analytics_collection_enabled=0
07-08 16:21:35.320  1620  1640 I FA      : App measurement is starting up, version: 12780
07-08 16:21:35.320  1620  1640 I FA      : To enable debug logging run: adb shell setprop log.tag.FA VERBOSE
07-08 16:21:35.320  1620  1640 I FA      : To enable faster debug mode event logging run:
07-08 16:21:35.320  1620  1640 I FA      :   adb shell setprop debug.firebase.analytics.app org.mozilla.fennec_aurora
07-08 16:21:35.335  1620  1620 D FennecProfile: profiles.ini: true
07-08 16:21:35.340  1620  1620 D FennecProfile: Ignoring line in [general] section: StartWithLastProfile=1
07-08 16:21:35.340  1620  1620 D FennecProfile: Found 1 profiles
07-08 16:21:35.341  1620  1620 D FennecProfile: Found default profile: FennecProfile(name=default, path=/data/user/0/org.mozilla.fennec_aurora/files/mozilla/6lxq1n3u.default, default=true)
07-08 16:21:35.363  1620  1620 D FennecMigrator: No migrations to run. Fennec install - false.
07-08 16:21:35.387  1620  1620 D FenixApplication: Initializing Glean (uploadEnabled=true, isFennec=true)
07-08 16:21:35.397  1620  1648 D RustNativeSupport: findMegazordLibraryName(viaduct, 61.0.6
07-08 16:21:35.397  1620  1648 D RustNativeSupport: lib in use: none
07-08 16:21:35.397  1620  1648 D RustNativeSupport: lib configured: megazord
07-08 16:21:35.397  1620  1648 D RustNativeSupport: lib version configured: 61.0.6
07-08 16:21:35.397  1620  1648 D RustNativeSupport: settled on megazord
07-08 16:21:35.415  1620  1647 D libglean_ffi: glean_ffi: Android logging should be hooked up!
07-08 16:21:35.419  1620  1647 I glean/Glean: Registering pings for mozilla.telemetry.glean.GleanMetrics.Pings
07-08 16:21:35.422  1620  1647 I libglean_ffi: glean_core: Creating new Glean v31.2.2
07-08 16:21:35.423  1620  1647 D libglean_ffi: glean_core::database: Database path: "/data/user/0/org.mozilla.fennec_aurora/glean_data/db"
07-08 16:21:35.424  1620  1647 I libglean_ffi: glean_core::database: Database initialized
07-08 16:21:35.424  1620  1648 D RustNativeSupport: findMegazordLibraryName(rustlog, 61.0.6
07-08 16:21:35.424  1620  1651 I libglean_ffi: glean_core::upload::directory: Processing persisted pings.
07-08 16:21:35.425  1620  1648 D RustNativeSupport: lib in use: none
07-08 16:21:35.425  1620  1648 D RustNativeSupport: lib configured: megazord
07-08 16:21:35.425  1620  1648 D RustNativeSupport: lib version configured: 61.0.6
07-08 16:21:35.425  1620  1648 D RustNativeSupport: settled on megazord
07-08 16:21:35.426  1620  1620 D GeckoThread: State changed to LAUNCHED
07-08 16:21:35.427  1620  1652 I GeckoThread: preparing to run Gecko
07-08 16:21:35.427  1620  1648 I rc_log_ffi::ios: rc_log adapter initialized!
07-08 16:21:35.428  1620  1647 I libglean_ffi: glean_ffi: Glean initialized
07-08 16:21:35.436  1620  1652 D GeckoThread: State changed to MOZGLUE_READY
07-08 16:21:35.436  1620  1620 D GeckoRuntime: Lifecycle: onCreate
07-08 16:21:35.449  1620  1652 W Settings: Setting animator_duration_scale has moved from android.provider.Settings.System to android.provider.Settings.Global, returning read-only global URI.
07-08 16:21:35.454  1620  1652 E GeckoLibLoad: Load sqlite start
07-08 16:21:35.457  1620  1647 D glean/MetricsPingSched: The 'metrics' ping was last sent on Wed Jul 08 00:00:00 EDT 2020
07-08 16:21:35.458  1620  1620 I zygote  : Deoptimizing java.lang.Object androidx.collection.SimpleArrayMap.put(java.lang.Object, java.lang.Object) due to JIT inline cache
07-08 16:21:35.459  1620  1652 E GeckoLibLoad: Load sqlite done
07-08 16:21:35.459  1620  1652 E GeckoLibLoad: Load nss start
07-08 16:21:35.459  1620  1652 E GeckoLibLoad: Load nss done
07-08 16:21:35.460  1620  1647 I glean/MetricsPingSched: The 'metrics' ping was already sent today, Wed Jul 08 16:21:35 EDT 2020.
07-08 16:21:35.460  1620  1647 D glean/MetricsPingSched: Scheduling the 'metrics' ping in 41904558ms
07-08 16:21:35.481  1620  1652 E GeckoLibLoad: Loaded libs in 21.409898ms total, 16ms(60ms) user, 3ms(10ms) system, 0(0) faults
07-08 16:21:35.481  1620  1647 D libglean_ffi: glean_core: Clearing Lifetime::Application metrics
07-08 16:21:35.481  1620  1652 D GeckoThread: State changed to LIBS_READY
07-08 16:21:35.486  1620  1652 W GeckoThread: zerdatime 26767801560 - runGecko
07-08 16:21:35.489  1620  1652 D GeckoProfile: Loading profile at: null name: default
07-08 16:21:35.490  1620  1652 D GeckoProfile: Found profile dir: /data/user/0/org.mozilla.fennec_aurora/files/mozilla/6lxq1n3u.default
07-08 16:21:35.503  1620  1620 D GleanMetricsService: Enabling Glean.
07-08 16:21:35.504  1620  1620 I glean/Dispatchers: Task queued for execution and delayed until flushed
07-08 16:21:35.508  1620  1620 I AdjustMetricsService: No adjust token defined
07-08 16:21:35.510  1620  1620 D PushConfig: Creating push configuration for autopush.
07-08 16:21:35.522  1620  1620 I App     : AutoPushFeature is configured, initializing it...
07-08 16:21:35.523  1620  1666 D AutoPushFeature: Initializing native component with the cached token.
07-08 16:21:35.524  1620  1620 I AutoPushFeature: Checking validity of push subscriptions.
07-08 16:21:35.527  1620  1620 D FennecProfile: profiles.ini: true
07-08 16:21:35.528  1620  1647 I libglean_ffi: glean_core: Upload enabled: true
07-08 16:21:35.530  1620  1620 D FennecProfile: Ignoring line in [general] section: StartWithLastProfile=1
07-08 16:21:35.530  1620  1620 D FennecProfile: Found 1 profiles
07-08 16:21:35.531  1620  1620 D FennecProfile: Found default profile: FennecProfile(name=default, path=/data/user/0/org.mozilla.fennec_aurora/files/mozilla/6lxq1n3u.default, default=true)
07-08 16:21:35.533  1620  1666 D RustNativeSupport: findMegazordLibraryName(push, 61.0.6
07-08 16:21:35.533  1620  1666 D RustNativeSupport: lib in use: none
07-08 16:21:35.533  1620  1666 D RustNativeSupport: lib configured: megazord
07-08 16:21:35.533  1620  1666 D RustNativeSupport: lib version configured: 61.0.6
07-08 16:21:35.533  1620  1666 D RustNativeSupport: settled on megazord
07-08 16:21:35.564  1620  1648 W [WARNING][Leanplum]: [com.leanplum.internal.ActionManager::getLocationManager::8]: Geofencing support requires leanplum-location module and Google Play Services v8.1 and higher.
07-08 16:21:35.564  1620  1648 W [WARNING][Leanplum]: Add this to your build.gradle file:
07-08 16:21:35.564  1620  1648 W [WARNING][Leanplum]: implementation 'com.google.android.gms:play-services-location:8.3.0+'
07-08 16:21:35.564  1620  1648 W [WARNING][Leanplum]: implementation 'com.leanplum:leanplum-location:+'
07-08 16:21:35.571  1620  1620 D FennecMigrator: This is not a Fennec installation. No migration needed.
07-08 16:21:35.573  1620  1620 D SessionManager: onTrimMemory(10): clearThumbnails=true, closeEngineSessions=false
07-08 16:21:35.573  1620  1620 D SessionManager: Cleared 0 thumbnail(s) and unlinked 0 engine sessions(s)
07-08 16:21:35.576  1620  1652 I Gecko:DumpUtils: Fifo watcher disabled via pref.
07-08 16:21:35.589  1620  1648 I [INFO][Leanplum]: [com.leanplum.monitoring.ExceptionHandler::setContext::6]: LeanplumExceptionHandler could not initialize Exception Reporting.This is expected if you have not included the leanplum-monitoring module
07-08 16:21:35.628  1620  1689 I [INFO][Leanplum]: [com.leanplum.LeanplumFcmProvider::isManifestSetup::11]: Firebase Messaging is setup correctly.
07-08 16:21:35.643  1456  7570 I ActivityManager: START u0 {act=android.intent.action.MAIN cat=[android.intent.category.LAUNCHER] flg=0x10000000 cmp=org.mozilla.fennec_aurora/org.mozilla.fenix.HomeActivity (has extras)} from uid 11498
07-08 16:21:35.652  1620  1652 D GeckoSysInfo: System memory: 1867MB.
07-08 16:21:35.658  1620  1652 D GeckoThread: State changed to JNI_READY
07-08 16:21:35.674   808   808 D SurfaceFlinger: duplicate layer name: changing Splash Screen org.mozilla.fennec_aurora to Splash Screen org.mozilla.fennec_aurora#1
07-08 16:21:35.699  1456  1601 W ActivityManager: Activity pause timeout for ActivityRecord{5f90a0b u0 org.mozilla.fennec_aurora/.App t95358 f}
07-08 16:21:35.707  1620  1631 I zygote  : Background concurrent copying GC freed 13483(945KB) AllocSpace objects, 25(708KB) LOS objects, 49% free, 3MB/7MB, paused 1.506ms total 117.966ms
07-08 16:21:35.721  1620  1626 I zygote  : Do partial code cache collection, code=24KB, data=30KB
07-08 16:21:35.723  1620  1626 I zygote  : After code cache collection, code=22KB, data=30KB
07-08 16:21:35.723  1620  1626 I zygote  : Increasing code cache capacity to 128KB
07-08 16:21:35.731  1456  4250 I ActivityManager: Start proc 1722:org.mozilla.fennec_aurora:tab0/u0a1498 for service org.mozilla.fennec_aurora/org.mozilla.gecko.process.GeckoChildProcessServices$tab0
07-08 16:21:35.738  1620  1707 D ServiceAllocator: org.mozilla.gecko.process.GeckoChildProcessServices$tab0 updateBindings: BACKGROUND priority, 0 importance, 2 successful binds, 0 failed binds, 0 successful unbinds
07-08 16:21:35.836  1722  1722 D GeckoThread: State changed to LAUNCHED
07-08 16:21:35.836  1722  1747 I GeckoThread: preparing to run Gecko
07-08 16:21:35.873  1456  1466 I zygote  : Background concurrent copying GC freed 77972(3MB) AllocSpace objects, 39(1548KB) LOS objects, 32% free, 49MB/73MB, paused 289us total 448.824ms
07-08 16:21:35.979  1620  1626 I zygote  : Do partial code cache collection, code=58KB, data=53KB
07-08 16:21:35.981  1620  1626 I zygote  : After code cache collection, code=58KB, data=53KB
07-08 16:21:35.981  1620  1626 I zygote  : Increasing code cache capacity to 256KB
07-08 16:21:36.139  1620  1620 D GeckoRuntime: Lifecycle: onStart
07-08 16:21:36.141  1620  1647 I libglean_ffi: glean_core::ping: Collecting baseline
07-08 16:21:36.145  1620  1647 D libglean_ffi: glean_core::ping: Storing ping '7ba992bd-369c-462e-baab-3dba5a75f24f' at '/data/user/0/org.mozilla.fennec_aurora/glean_data/pending_pings/7ba992bd-369c-462e-baab-3dba5a75f24f'
07-08 16:21:36.147  1620  1647 I libglean_ffi: glean_core: The ping 'baseline' was submitted and will be sent as soon as possible
07-08 16:21:36.151  1620  1620 D GeckoRuntime: Lifecycle: onResume
07-08 16:21:36.153  1620  1620 D GeckoNetworkManager: Incoming event start for state OffNoListeners -> OnNoListeners
07-08 16:21:36.155  1620  1620 D GeckoNetworkManager: New network state: UP, WIFI, WIFI
07-08 16:21:36.160  1620  1687 D NetworkSecurityConfig: No Network Security Config specified, using platform default
07-08 16:21:36.173  1620  1760 D OpenGLRenderer: HWUI GL Pipeline
07-08 16:21:36.187  1456  2915 D ConnectivityService: requestNetwork for uid/pid:11498/1620 NetworkRequest [ TRACK_DEFAULT id=81809, [ Capabilities: INTERNET&NOT_RESTRICTED&TRUSTED&NOT_VPN] ]
07-08 16:21:36.189  1456  2054 D WIFI_UT : got request NetworkRequest [ TRACK_DEFAULT id=81809, [ Capabilities: INTERNET&NOT_RESTRICTED&TRUSTED&NOT_VPN] ] with score 60
07-08 16:21:36.189  1456  2054 D WIFI    : got request NetworkRequest [ TRACK_DEFAULT id=81809, [ Capabilities: INTERNET&NOT_RESTRICTED&TRUSTED&NOT_VPN] ] with score 60
07-08 16:21:36.189  1456  2099 D Ethernet: got request NetworkRequest [ TRACK_DEFAULT id=81809, [ Capabilities: INTERNET&NOT_RESTRICTED&TRUSTED&NOT_VPN] ] with score 60
07-08 16:21:36.189  2398  2398 D PhoneSwitcherNetworkRequstListener: got request NetworkRequest [ TRACK_DEFAULT id=81809, [ Capabilities: INTERNET&NOT_RESTRICTED&TRUSTED&NOT_VPN] ] with score 60
07-08 16:21:36.207  1620  1620 I [INFO][Leanplum]: [com.leanplum.LeanplumCloudMessagingProvider::onRegistrationIdReceived::3]: Device registered for push notifications with registration token, fs3gvVTfHf8:APA91bHxYecd7DorHXq87MbXdSqRYtCEd8Xk-1qMQKBFdq5yk1u9wODK7BmCiwKLmr7IzJvv5wMi5YQt4712CExUR0YtgkMiID-PxOz0pfnbKEJEXduVzHic0j3hzWyLlWRLHPipH1ZI
07-08 16:21:36.214  1620  1620 D GeckoNetworkManager: Incoming event receivedUpdate for state OnNoListeners -> OnNoListeners
07-08 16:21:36.216  1620  1620 D GeckoNetworkManager: New network state: UP, WIFI, WIFI
07-08 16:21:36.217  1456  2915 I WifiService: getDhcpInfo uid=11498
07-08 16:21:36.228  1620  1652 D GeckoThread: State changed to PROFILE_READY
07-08 16:21:36.289   808   808 I SFPerfTracer:      triggers: (rate: 118:2548616) (compose: 0:9) (post: 0:22) (render: 0:22) (32:14683454 frames) (33:18426784)
07-08 16:21:36.289   808   808 D SFPerfTracer:        layers: (2:11) (NavigationBar#0 (0xb07df000): 0:1338683)* (StatusBar#0 (0xb07e3000): 0:3198286) (com.android.systemui.ImageWallpaper#0 (0xb07e7000): 0:123833) (Sprite#0 (0xb0733000): 0:317)* (DimLayerController/Stack=0#0 (0xb075a000): 0:4189)* (Sprite#1 (0xb077c000): 0:195)* (Sprite#2 (0xb039b000): 0:4)* (Splash Screen org.mozilla.fennec_aurora#1 (0xb0771000): 0:4)- (org.mozilla.fennec_aurora/org.mozilla.fenix.HomeActivity#0 (0xb0763000): 0:2)- (Splash Screen org.mozilla.fennec_aurora#0 (0xb0763000): 0:3)- (Splash Screen org.mozilla.fennec_aurora#1 (0xb0771000): 2:4)* 
07-08 16:21:36.291  1620  1760 I Adreno  : QUALCOMM build                   : bb5b86c, I77d3059488
07-08 16:21:36.291  1620  1760 I Adreno  : Build Date                       : 06/07/18
07-08 16:21:36.291  1620  1760 I Adreno  : OpenGL ES Shader Compiler Version: EV031.22.00.01_06
07-08 16:21:36.291  1620  1760 I Adreno  : Local Branch                     : 
07-08 16:21:36.291  1620  1760 I Adreno  : Remote Branch                    : refs/tags/AU_LINUX_ANDROID_LA.UM.6.5.R1.08.01.00.312.086
07-08 16:21:36.291  1620  1760 I Adreno  : Remote Branch                    : NONE
07-08 16:21:36.291  1620  1760 I Adreno  : Reconstruct Branch               : NOTHING
07-08 16:21:36.293  1456  1673 I WindowManager: Failed to capture screenshot of Token{8838aa9 ActivityRecord{ac77e30 u0 org.mozilla.fennec_aurora/org.mozilla.fenix.HomeActivity t95359}} appWin=Window{baaa2b7 u0 org.mozilla.fennec_aurora/org.mozilla.fenix.HomeActivity} drawState=1
07-08 16:21:36.295  1620  1760 D vndksupport: Loading /vendor/lib/hw/gralloc.msm8937.so from current namespace instead of sphal namespace.
07-08 16:21:36.307  1620  1760 I Adreno  : PFP: 0x005ff087, ME: 0x005ff063
07-08 16:21:36.319  1620  1760 I zygote  : android::hardware::configstore::V1_0::ISurfaceFlingerConfigs::hasWideColorDisplay retrieved: 0
07-08 16:21:36.325  1620  1760 I OpenGLRenderer: Initialized EGL, version 1.4
07-08 16:21:36.326  1620  1760 D OpenGLRenderer: Swap behavior 2
07-08 16:21:36.348  1620  1652 D GeckoThread: State changed to RUNNING
07-08 16:21:36.367  1620  1652 I Gecko   : -*- nsDNSServiceDiscovery.js : nsDNSServiceDiscovery
07-08 16:21:36.443  1620  1647 I libglean_ffi: glean_core::ping: Collecting startup-timeline
07-08 16:21:36.448  1620  1647 D libglean_ffi: glean_core::ping: Storing ping '38d92f33-83df-49ed-95a3-104ad0e8d386' at '/data/user/0/org.mozilla.fennec_aurora/glean_data/pending_pings/38d92f33-83df-49ed-95a3-104ad0e8d386'
07-08 16:21:36.450  1620  1647 I libglean_ffi: glean_core: The ping 'startup-timeline' was submitted and will be sent as soon as possible
07-08 16:21:36.495  1620  1620 D MigrationPushRenewer: Migration state: NONE
07-08 16:21:36.496  1620  1620 D MigrationTelemetryListener: Migration state: NONE
07-08 16:21:36.507  1620  1777 I libglean_ffi: glean_core::upload: New upload task with id 7ba992bd-369c-462e-baab-3dba5a75f24f (path: /submit/org-mozilla-fennec-aurora/baseline/1/7ba992bd-369c-462e-baab-3dba5a75f24f)
07-08 16:21:36.512  1620  1777 D glean/ConceptFetchHttpUploader: Submitting ping to: https://incoming.telemetry.mozilla.org/submit/org-mozilla-fennec-aurora/baseline/1/7ba992bd-369c-462e-baab-3dba5a75f24f
07-08 16:21:36.517  1620  1620 D GeckoNetworkManager: Incoming event enableNotifications for state OnNoListeners -> OnWithListeners
07-08 16:21:36.519  1620  1620 D GeckoNetworkManager: New network state: UP, WIFI, WIFI
07-08 16:21:36.533  1620  1620 D GeckoNetworkManager: Incoming event receivedUpdate for state OnWithListeners -> OnWithListeners
07-08 16:21:36.535  1620  1620 D GeckoNetworkManager: New network state: UP, WIFI, WIFI
07-08 16:21:36.557  1620  1779 D BrowserIcons: Loaded icon (source = DISK): https://www.wikipedia.org/
07-08 16:21:36.559  1620  1778 D BrowserIcons: Loaded icon (source = DISK): https://www.google.com/
07-08 16:21:36.882  1620  1620 D GeckoRuntime: Lifecycle: onPause
07-08 16:21:36.882  1620  1620 D GeckoNetworkManager: Incoming event stop for state OnWithListeners -> OffWithListeners
07-08 16:21:36.883  1620  1620 I SessionStorage/AutoSave: Save: Background
07-08 16:21:36.885  1620  1679 D SessionStorage/AutoSave: Saved state to disk [1ms]
07-08 16:21:36.891  1620  1647 I libglean_ffi: glean_core::ping: Collecting baseline
07-08 16:21:36.895  1620  1647 D libglean_ffi: glean_core::ping: Storing ping '20716b08-c904-44c9-9744-375be5dbd5a8' at '/data/user/0/org.mozilla.fennec_aurora/glean_data/pending_pings/20716b08-c904-44c9-9744-375be5dbd5a8'
07-08 16:21:36.897  1620  1647 I libglean_ffi: glean_core: The ping 'baseline' was submitted and will be sent as soon as possible
07-08 16:21:36.900  1620  1647 I libglean_ffi: glean_core::ping: Collecting events
07-08 16:21:36.903  1620  1647 D libglean_ffi: glean_core::ping: Storing ping '80dcc23d-4bee-4a2c-a164-6e06280fca4a' at '/data/user/0/org.mozilla.fennec_aurora/glean_data/pending_pings/80dcc23d-4bee-4a2c-a164-6e06280fca4a'
07-08 16:21:36.905  1620  1647 I libglean_ffi: glean_core: The ping 'events' was submitted and will be sent as soon as possible
07-08 16:21:36.909  1620  1626 I zygote  : Do full code cache collection, code=126KB, data=100KB
07-08 16:21:36.911  1620  1626 I zygote  : After code cache collection, code=79KB, data=47KB
07-08 16:21:37.113  1620  1620 D App     : Installed browser-icons extension
07-08 16:21:37.140  1620  1777 I libglean_ffi: glean_core::upload: Ping 7ba992bd-369c-462e-baab-3dba5a75f24f successfully sent 200.
07-08 16:21:37.140  1620  1777 I libglean_ffi: glean_core::upload::directory: File was deleted /data/user/0/org.mozilla.fennec_aurora/glean_data/pending_pings/7ba992bd-369c-462e-baab-3dba5a75f24f
07-08 16:21:37.147  1620  1777 I libglean_ffi: glean_core::upload: New upload task with id 38d92f33-83df-49ed-95a3-104ad0e8d386 (path: /submit/org-mozilla-fennec-aurora/startup-timeline/1/38d92f33-83df-49ed-95a3-104ad0e8d386)
07-08 16:21:37.149  1620  1777 D glean/ConceptFetchHttpUploader: Submitting ping to: https://incoming.telemetry.mozilla.org/submit/org-mozilla-fennec-aurora/startup-timeline/1/38d92f33-83df-49ed-95a3-104ad0e8d386
07-08 16:21:37.235  1620  1793 I Gecko   : [GFX1-]: Failed to create EGLContext!: 0x300c
07-08 16:21:37.263  1620  1652 W ResourceType: Too many attribute references, stopped at: 0x01010099
07-08 16:21:37.281  1620  1620 D WebExtension: handleMessage GeckoView:PageAction:Update
07-08 16:21:37.297  1620  1620 I DefaultSupportedAddonsChecker: Register check for new supported add-ons
07-08 16:21:37.567  1620  1777 I libglean_ffi: glean_core::upload: Ping 38d92f33-83df-49ed-95a3-104ad0e8d386 successfully sent 200.
07-08 16:21:37.567  1620  1777 I libglean_ffi: glean_core::upload::directory: File was deleted /data/user/0/org.mozilla.fennec_aurora/glean_data/pending_pings/38d92f33-83df-49ed-95a3-104ad0e8d386
07-08 16:21:37.571  1620  1777 I libglean_ffi: glean_core::upload: New upload task with id 20716b08-c904-44c9-9744-375be5dbd5a8 (path: /submit/org-mozilla-fennec-aurora/baseline/1/20716b08-c904-44c9-9744-375be5dbd5a8)
07-08 16:21:37.572  1620  1777 D glean/ConceptFetchHttpUploader: Submitting ping to: https://incoming.telemetry.mozilla.org/submit/org-mozilla-fennec-aurora/baseline/1/20716b08-c904-44c9-9744-375be5dbd5a8
07-08 16:21:37.722  1620  1620 D mozac-webcompat-reporter: Installed WebCompat Reporter webextension: webcompat-reporter@mozilla.org
07-08 16:21:37.730  1620  1620 D mozac-webcompat: Installed WebCompat webextension: webcompat@mozilla.org
07-08 16:21:37.904  1620  1777 I libglean_ffi: glean_core::upload: Ping 20716b08-c904-44c9-9744-375be5dbd5a8 successfully sent 200.
07-08 16:21:37.905  1620  1777 I libglean_ffi: glean_core::upload::directory: File was deleted /data/user/0/org.mozilla.fennec_aurora/glean_data/pending_pings/20716b08-c904-44c9-9744-375be5dbd5a8
07-08 16:21:37.909  1620  1777 I libglean_ffi: glean_core::upload: New upload task with id 80dcc23d-4bee-4a2c-a164-6e06280fca4a (path: /submit/org-mozilla-fennec-aurora/events/1/80dcc23d-4bee-4a2c-a164-6e06280fca4a)
07-08 16:21:37.910  1620  1777 D glean/ConceptFetchHttpUploader: Submitting ping to: https://incoming.telemetry.mozilla.org/submit/org-mozilla-fennec-aurora/events/1/80dcc23d-4bee-4a2c-a164-6e06280fca4a
07-08 16:21:38.115  1620  1777 I libglean_ffi: glean_core::upload: Ping 80dcc23d-4bee-4a2c-a164-6e06280fca4a successfully sent 200.
07-08 16:21:38.115  1620  1777 I libglean_ffi: glean_core::upload::directory: File was deleted /data/user/0/org.mozilla.fennec_aurora/glean_data/pending_pings/80dcc23d-4bee-4a2c-a164-6e06280fca4a
07-08 16:21:38.119  1620  1777 I libglean_ffi: glean_core::upload: No more pings to upload! You are done.
07-08 16:21:38.121  1620  1643 I WM-WorkerWrapper: Worker result SUCCESS for Work [ id=e91c0f76-ffac-4bd7-9c0a-a62a7da8f70f, tags={ mozilla.telemetry.glean.scheduler.PingUploadWorker, mozac_service_glean_ping_upload_worker } ]
07-08 16:21:38.126  1456  2067 D ConnectivityService: releasing NetworkRequest [ TRACK_DEFAULT id=81809, [ Capabilities: INTERNET&NOT_RESTRICTED&TRUSTED&NOT_VPN] ] (release request)
07-08 16:21:38.139  1620  1679 I SupportedAddonsWorker: Trying to check for new supported add-ons
07-08 16:21:38.241  1620  1756 I WM-WorkerWrapper: Worker result SUCCESS for Work [ id=046a6354-26f5-4668-808c-afb3ad0c8bba, tags={ mozilla.components.feature.addons.migration.DefaultSupportedAddonsChecker.periodicWork, mozilla.components.feature.addons.migration.SupportedAddonsWorker } ]
07-08 16:21:40.826  1822  1822 D AndroidRuntime: >>>>>> START com.android.internal.os.RuntimeInit uid 2000 <<<<<<
07-08 16:21:40.839  1822  1822 W app_process: Could not reserve sentinel fault page
07-08 16:21:41.004  1822  1822 I app_process: The ClassLoaderContext is a special shared library.
07-08 16:21:41.069  1822  1822 D AndroidRuntime: Calling main entry com.android.commands.input.Input
07-08 16:21:41.070  1822  1822 I Input   : injectKeyEvent: KeyEvent { action=ACTION_DOWN, keyCode=KEYCODE_HOME, scanCode=0, metaState=0, flags=0x0, repeatCount=0, eventTime=25637693498, downTime=25637693498, deviceId=-1, source=0x101 }
07-08 16:21:41.077  1822  1822 I Input   : injectKeyEvent: KeyEvent { action=ACTION_UP, keyCode=KEYCODE_HOME, scanCode=0, metaState=0, flags=0x0, repeatCount=0, eventTime=25637693498, downTime=25637693498, deviceId=-1, source=0x101 }
07-08 16:21:41.080  1822  1822 D AndroidRuntime: Shutting down VM
07-08 16:21:41.425  1620  1620 I glean/Glean: Registering pings for org.mozilla.fenix.GleanMetrics.Pings
07-08 16:21:41.471  1620  1620 I FirefoxAccountStateMachine: Enabling/updating sync with a new SyncConfig: SyncConfig(supportedEngines=[mozilla.components.service.fxa.SyncEngine$History@83e6eca, mozilla.components.service.fxa.SyncEngine$Bookmarks@292e83b, mozilla.components.service.fxa.SyncEngine$Passwords@3f10b58, mozilla.components.service.fxa.SyncEngine$Tabs@d26d4b1], syncPeriodInMinutes=240)
07-08 16:21:41.475  1620  1620 I BgSyncManager: Periodic syncing enabled at a 240 interval
07-08 16:21:41.476  1620  1620 I FirefoxAccountStateMachine: Sync is enabled
07-08 16:21:41.489  1620  1833 I FirefoxAccountStateMachine: Processing event Event$Init for state Start. Next state is Start
07-08 16:21:41.525  1620  1833 I FirefoxAccountStateMachine: Ran 'Event$Init' side-effects for state Start, got successive event Event$AccountNotFound
07-08 16:21:41.526  1620  1833 I FirefoxAccountStateMachine: Processing event Event$AccountNotFound for state Start. Next state is NotAuthenticated
07-08 16:21:41.554  1620  1833 D RustNativeSupport: findMegazordLibraryName(fxaclient, 61.0.6
07-08 16:21:41.554  1620  1833 D RustNativeSupport: lib in use: none
07-08 16:21:41.555  1620  1833 D RustNativeSupport: lib configured: megazord
07-08 16:21:41.555  1620  1833 D RustNativeSupport: lib version configured: 61.0.6
07-08 16:21:41.555  1620  1833 D RustNativeSupport: settled on megazord
07-08 16:21:41.561  1620  1833 D fxaclient_ffi: fxa_new
07-08 16:21:41.562  1620  1620 D App     : ActivationPing - already generated
07-08 16:21:41.583  1620  1679 I FenixApplication: Running post-visual completeness tasks...
07-08 16:21:41.584  1620  1679 I FenixApplication: Storage initialization...
07-08 16:21:41.585  1620  1679 I PlacesHistoryStorage: Warming up places storage...
07-08 16:21:41.589  1620  1679 D RustNativeSupport: findMegazordLibraryName(places, 61.0.6
07-08 16:21:41.589  1620  1679 D RustNativeSupport: lib in use: none
07-08 16:21:41.589  1620  1679 D RustNativeSupport: lib configured: megazord
07-08 16:21:41.589  1620  1679 D RustNativeSupport: lib version configured: 61.0.6
07-08 16:21:41.589  1620  1679 D RustNativeSupport: settled on megazord
07-08 16:21:41.592  1620  1833 W FirefoxAccountStateMachine: Got invalid event Event$Init for state NotAuthenticated.
07-08 16:21:41.593  1620  1841 I experiments: No active experiment in cache
07-08 16:21:41.593  1620  1620 I FenixApplication: Kicking-off account manager...
07-08 16:21:41.593  1620  1620 I FenixApplication: 'Kicking-off account manager' took 0 ms
07-08 16:21:41.594  1620  1679 D places_ffi: places_api_new
07-08 16:21:41.599  1620  1841 W experiments: Experiment bucket is outside of the bucket range.
07-08 16:21:41.661  1620  1679 D sql_support::conn_ext: Transaction commited after 48.597973ms
07-08 16:21:41.662  1620  1679 D places_ffi: places_connection_new
07-08 16:21:41.663  1620  1847 I experiments: Fetching experiments from https://firefox.settings.services.mozilla.com/v1/buckets/main/collections/mobile-experiments/records?_since=1594230842195
07-08 16:21:41.667  1620  1679 D places_ffi: places_connection_new
07-08 16:21:41.675  1620  1679 I PlacesHistoryStorage: 'Warming up places storage' took 90 ms
07-08 16:21:41.676  1620  1679 I PlacesBookmarksStorage: Warming up places storage...
07-08 16:21:41.677  1620  1679 D places_ffi: places_connection_new
07-08 16:21:41.684  1620  1679 I PlacesBookmarksStorage: 'Warming up places storage' took 8 ms
07-08 16:21:41.721  1620  1679 I SyncableLoginsStorage: Warming up storage...
07-08 16:21:41.737  1620  1679 D RustNativeSupport: findMegazordLibraryName(logins, 61.0.6
07-08 16:21:41.737  1620  1679 D RustNativeSupport: lib in use: none
07-08 16:21:41.737  1620  1679 D RustNativeSupport: lib configured: megazord
07-08 16:21:41.737  1620  1679 D RustNativeSupport: lib version configured: 61.0.6
07-08 16:21:41.737  1620  1679 D RustNativeSupport: settled on megazord
07-08 16:21:41.742  1620  1679 D logins_ffi: sync15_passwords_state_new
07-08 16:21:41.851  1620  1847 W ActivityThread: ClassLoader.getResources: The class loader returned by Thread.getContextClassLoader() may fail for processes that host multiple applications. You should explicitly specify a context class loader. For example: Thread.setContextClassLoader(getClass().getClassLoader());
07-08 16:21:41.854  1620  1847 D experiments: Fetched experiments from https://firefox.settings.services.mozilla.com/v1/buckets/main/collections/mobile-experiments/records?_since=1594230842195:
07-08 16:21:41.854  1620  1847 D experiments: {"data": []}
07-08 16:21:41.855  1620  1847 I experiments: Experiments update from server: ExperimentsSnapshot(experiments=[Experiment(id=fenix-search-widget, description=Show a contextual hint to active searchers on their home screen, prompting them to install the search widget. Will not be shown to users who already have a search widget installed., lastModified=1594230842195, schemaModified=1594160039473, buckets=Buckets(start=0, count=1000), branches=[Branch(name=control_no_cfr, ratio=1), Branch(name=treatment_cfr, ratio=1)], match=Matcher(appId=^org.mozilla.fenix|org.mozilla.fenix.debug$, appDisplayVersion=null, appMinVersion=null, appMaxVersion=null, localeLanguage=^eng$, localeCountry=null, deviceManufacturer=null, deviceModel=null, regions=[], debugTags=[]))], lastModified=1594230842195)
07-08 16:21:41.857  1620  1847 I experiments: onExperimentsUpdated - no experiment currently active, looking for match
07-08 16:21:41.858  1620  1847 W experiments: Experiment bucket is outside of the bucket range.
07-08 16:21:41.861  1620  1756 I WM-WorkerWrapper: Worker result SUCCESS for Work [ id=73346be6-099c-437f-a7fa-90bdd68a5935, tags={ mozilla.components.service.experiments.ExperimentsUpdaterWorker, mozilla.components.service.experiments } ]
07-08 16:21:42.409  1620  1679 I SyncableLoginsStorage: 'Warming up storage' took 687 ms
07-08 16:21:42.409  1620  1679 I FenixApplication: 'Storage initialization' took 825 ms
07-08 16:21:46.237  1456  2236 I ActivityManager: Force stopping org.mozilla.fennec_aurora appid=11498 user=0: from pid 1873
07-08 16:21:46.237  1456  2236 I ActivityManager: Killing 1620:org.mozilla.fennec_aurora/u0a1498 (adj 0): stop org.mozilla.fennec_aurora
07-08 16:21:46.240  1456  1605 W zygote  : kill(-1620, 9) failed: No such process
07-08 16:21:46.244  1456  2236 W ActivityManager: Force removing ActivityRecord{ac77e30 u0 org.mozilla.fennec_aurora/org.mozilla.fenix.HomeActivity t95359}: app died, no saved state
07-08 16:21:46.244  1722  1722 I ServiceChildProcess: Service has been unbound. Stopping.
07-08 16:21:46.255  1456  1605 W zygote  : kill(-1620, 9) failed: No such process
07-08 16:21:46.260  1456  2236 I ActivityManager: Killing 1722:org.mozilla.fennec_aurora:tab0/u0a1498 (adj 0): stop org.mozilla.fennec_aurora
07-08 16:21:46.268  1456  1605 W zygote  : kill(-1620, 9) failed: No such process
07-08 16:21:46.271  2398  2398 D CarrierSvcBindHelper: No carrier app for: 0
07-08 16:21:46.272  2398  2398 D CarrierSvcBindHelper: No carrier app for: 1
07-08 16:21:46.282  1456  1605 W zygote  : kill(-1620, 9) failed: No such process
07-08 16:21:46.297  1456  1605 I chatty  : uid=1000(system) ActivityManager identical 1 line
07-08 16:21:46.304  1456  1673 W ActivityManager: setHasOverlayUi called on unknown pid: 1620
07-08 16:21:46.311  1456  1605 W zygote  : kill(-1620, 9) failed: No such process
07-08 16:21:46.312  1456  1605 I zygote  : Successfully killed process cgroup uid 11498 pid 1620 in 72ms
07-08 16:21:46.312  1456  1605 W zygote  : kill(-1722, 9) failed: No such process
07-08 16:21:46.312  1456  1605 I zygote  : Successfully killed process cgroup uid 11498 pid 1722 in 0ms
07-08 16:21:47.389  1456  4250 I ActivityManager: START u0 {act=android.intent.action.MAIN cat=[android.intent.category.LAUNCHER] flg=0x10000000 cmp=org.mozilla.fennec_aurora/.App} from uid 2000
07-08 16:21:47.391   794   839 E ANDR-PERF-RESOURCEQS: Failed to apply optimization [4, 0]
07-08 16:21:47.405  1456  4250 I ActivityManager: Start proc 1886:org.mozilla.fennec_aurora/u0a1498 for activity org.mozilla.fennec_aurora/.App
07-08 16:21:47.523  1886  1886 D FirebaseApp: com.google.firebase.auth.FirebaseAuth is not linked. Skipping initialization.
07-08 16:21:47.523  1886  1886 D FirebaseApp: com.google.firebase.crash.FirebaseCrash is not linked. Skipping initialization.
07-08 16:21:47.524  1886  1886 I FirebaseInitProvider: FirebaseApp initialization successful
07-08 16:21:47.565  1886  1921 I FA      : Collection disabled with firebase_analytics_collection_enabled=0
