01-23 21:44:16.416 24891 24891 I Finsky  : [2] pze.onTrimMemory(1): Memory trim requested to level 80
01-23 21:44:16.421 20972 24395 I MicroRecognitionRunner: Starting detection.
01-23 21:44:16.421 20972 24395 I InputStreamUtils: Using micInputStream
01-23 21:44:16.424 20972 24687 I MicrophoneInputStream: mic_starting  SR : 16000 CC : 16 SO : 1999
01-23 21:44:16.427   788  1479 V msm8974_platform: platform_check_input_mask: enter check_input_mask source 6 mask 10
01-23 21:44:16.430  1012 27536 I AudioFlinger: AudioFlinger's thread 0xb2483340 tid=27536 ready to run
01-23 21:44:16.434   788  1479 D audio_hw_primary: in_set_parameters: enter: kvpairs=input_source=6;routing=-2147483644
01-23 21:44:16.435  1012  1012 D APM_AudioPolicyManager: AudioPolicyManager::startInput() input 101078, session 101153, source = 1999
01-23 21:44:16.435 20972 24687 I MicrophoneInputStream: mic_started  SR : 16000 CC : 16 SO : 1999
01-23 21:44:16.437   788 27537 V msm8974_platform: platform_update_usecase_from_source: input source :6
01-23 21:44:16.437   788 27537 V msm8974_platform: platform_check_input_mask: enter check_input_mask source 6 mask 10
01-23 21:44:16.437   788 27537 V msm8974_platform: platform_get_input_snd_device: enter: out_device(0) in_device(0x4) channel_count (1) channel_mask (0x10)
01-23 21:44:16.437   788 27537 V msm8974_platform: platform_get_input_snd_device: exit: in_snd_device(voice-rec-mic)
01-23 21:44:16.437   788 27537 V msm8974_platform: platform_get_backend_index:napb: backend port - 5 device - 120 
01-23 21:44:16.437   788 27537 V msm8974_platform: platform_check_and_set_capture_backend_cfg:txbecf: afe: bitwidth 0, samplerate 0, channel 1, backend_idx 5 usecase = 9 device (voice-rec-mic)
01-23 21:44:16.437   788 27537 V msm8974_platform: platform_check_capture_backend_cfg:txbecf: afe: Codec selected backend: 5 current bit width: 0 and sample rate: 0, channels 1
01-23 21:44:16.437   788 27537 V msm8974_platform: platform_check_capture_backend_cfg:txbecf: afe: Codec selected backend: 5 updated bit width: 0 and sample rate: 0
01-23 21:44:16.437   788 27537 I msm8974_platform: platform_check_capture_backend_cfg:txbecf: afe: Codec backend needs to be updated. new bit width: 0 new sample rate: 0 new channel: 1
01-23 21:44:16.437   788 27537 V msm8974_platform: platform_get_backend_index:napb: backend port - 5 device - 120 
01-23 21:44:16.437   788 27537 V msm8974_platform: platform_set_backend_cfg:becf: afe: bitwidth 0, samplerate 0 channels 1, backend_idx 5 device (voice-rec-mic)
01-23 21:44:16.438   788 27537 E msm8974_platform: platform_set_backend_cfg:becf: afe: Could not get ctl for mixer command - SLIM_0_TX Format
01-23 21:44:16.438   788 27537 V msm8974_platform: platform_send_audio_calibration: sending audio calibration for snd_device(120) acdb_id(62)
01-23 21:44:16.438   788 27537 D ACDB-LOADER: ACDB -> send_audio_cal, acdb_id = 62, path = 1, app id = 0x11130, sample rate = 48000
01-23 21:44:16.438   788 27537 D ACDB-LOADER: ACDB -> send_asm_topology
01-23 21:44:16.438   788 27537 D ACDB-LOADER: ACDB -> ACDB_CMD_GET_AUDPROC_STREAM_TOPOLOGY_ID
01-23 21:44:16.438   788 27537 D ACDB-LOADER: ACDB -> send_adm_topology
01-23 21:44:16.438   788 27537 D ACDB-LOADER: ACDB -> ACDB_CMD_GET_AUDPROC_COMMON_TOPOLOGY_ID
01-23 21:44:16.438   788 27537 D ACDB-LOADER: ACDB -> send_audtable
01-23 21:44:16.438   788 27537 D ACDB-LOADER: ACDB -> ACDB_CMD_GET_AUDPROC_COMMON_TABLE_SIZE
01-23 21:44:16.438   788 27537 D ACDB-LOADER: ACDB -> ACDB_CMD_GET_AUDPROC_COMMON_TABLE
01-23 21:44:16.438   788 27537 D ACDB-LOADER: ACDB -> AUDIO_SET_AUDPROC_CAL
01-23 21:44:16.438   788 27537 D ACDB-LOADER: ACDB -> send_audvoltable
01-23 21:44:16.438   788 27537 D ACDB-LOADER: ACDB -> ACDB_CMD_GET_AUDPROC_VOL_STEP_TABLE_SIZE
01-23 21:44:16.438   788 27537 D ACDB-LOADER: ACDB -> ACDB_CMD_GET_AUDPROC_GAIN_DEP_STEP_TABLE, vol index 0
01-23 21:44:16.438   788 27537 D         : Failed to fetch the lookup information of the device 0000003E 
01-23 21:44:16.438   788 27537 D ACDB-LOADER: ACDB -> AUDIO_SET_VOL_CAL cal type = 12
01-23 21:44:16.438   788 27537 D ACDB-LOADER: ACDB -> ACDB_CMD_GET_AUDPROC_STREAM_TABLE_SIZE
01-23 21:44:16.438   788 27537 D ACDB-LOADER: ACDB -> send_audstrmtable
01-23 21:44:16.438   788 27537 D ACDB-LOADER: ACDB -> ACDB_CMD_GET_AUDPROC_STREAM_TABLE_V2
01-23 21:44:16.438   788 27537 D ACDB-LOADER: ACDB -> audstrm_cal->cal_type.cal_data.cal_size = 456
01-23 21:44:16.438   788 27537 D ACDB-LOADER: ACDB -> send_afe_topology
01-23 21:44:16.439   788 27537 D ACDB-LOADER: ACDB -> ACDB_CMD_GET_AFE_TOPOLOGY_ID
01-23 21:44:16.439   788 27537 D ACDB-LOADER: ACDB -> GET_AFE_TOPOLOGY_ID for adcd_id 62, Topology Id 112fb
01-23 21:44:16.439   788 27537 D ACDB-LOADER: ACDB -> send_afe_cal
01-23 21:44:16.439   788 27537 D ACDB-LOADER: ACDB -> ACDB_CMD_GET_AFE_COMMON_TABLE_SIZE
01-23 21:44:16.439   788 27537 D         : Failed to fetch the lookup information of the device 0000003E 
01-23 21:44:16.439   788 27537 E ACDB-LOADER: Error: ACDB_CMD_GET_AFE_COMMON_TABLE_SIZE Returned = -19
01-23 21:44:16.439   788 27537 D ACDB-LOADER: ACDB -> ACDB_CMD_GET_AFE_COMMON_TABLE
01-23 21:44:16.439   788 27537 D         : Failed to fetch the lookup information of the device 0000003E 
01-23 21:44:16.439   788 27537 D ACDB-LOADER: ACDB -> AUDIO_SET_AFE_CAL
01-23 21:44:16.439   788 27537 D ACDB-LOADER: ACDB -> send_hw_delay : acdb_id = 62 path = 1
01-23 21:44:16.439   788 27537 D ACDB-LOADER: ACDB -> ACDB_AVSYNC_INFO: ACDB_CMD_GET_DEVICE_PROPERTY
01-23 21:44:16.439   788 27537 D audio_hw_primary: enable_snd_device: snd_device(120: voice-rec-mic)
01-23 21:44:16.439   788 27537 D audio_route: Apply path: voice-rec-mic
01-23 21:44:16.442   788 27537 V msm8974_platform: platform_get_snd_device_backend_index: enter with device 120
01-23 21:44:16.442   788 27537 E msm8974_platform: platform_get_snd_device_backend_index: BE DAI Name Table is not present
01-23 21:44:16.442   788 27537 V msm8974_platform: platform_get_backend_index:napb: backend port - 5 device - 120 
01-23 21:44:16.442   788 27537 I audio_hw_utils: Set Audio Stream Capture 0 App Type Cfg: app_type 69936, acdb_dev_id 62, sample_rate 48000, snd_device_be_idx -14
01-23 21:44:16.442   788 27537 D audio_hw_primary: enable_audio_route: usecase(9) apply and update mixer path: audio-record
01-23 21:44:16.442   788 27537 D audio_route: Apply path: audio-record
01-23 21:44:16.512 20972 21091 I MicroDetectionWorker: onReady
01-23 21:44:16.554  2146  2165 I zygote  : NativeAlloc concurrent copying GC freed 21427(1128KB) AllocSpace objects, 0(0B) LOS objects, 49% free, 9MB/18MB, paused 167us total 123.995ms
01-23 21:44:16.813  1456  7796 I OpenGLRenderer: Initialized EGL, version 1.4
01-23 21:44:16.813  1456  7796 D OpenGLRenderer: Swap behavior 2
01-23 21:44:16.860  2748  2917 W OpenGLRenderer: Incorrectly called buildLayer on View: ShortcutAndWidgetContainer, destroying layer...
01-23 21:44:16.982 27310 27376 I chatty  : uid=10774(org.mozilla.fenix.nightly) expire 1 line
01-23 21:44:17.036  1456 10736 D ConnectivityService: requestNetwork for uid/pid:10774/27310 NetworkRequest [ TRACK_DEFAULT id=21368, [ Capabilities: INTERNET&NOT_RESTRICTED&TRUSTED&NOT_VPN] ]
01-23 21:44:17.037  1456  2099 D Ethernet: got request NetworkRequest [ TRACK_DEFAULT id=21368, [ Capabilities: INTERNET&NOT_RESTRICTED&TRUSTED&NOT_VPN] ] with score 60
01-23 21:44:17.037  1456  2054 D WIFI_UT : got request NetworkRequest [ TRACK_DEFAULT id=21368, [ Capabilities: INTERNET&NOT_RESTRICTED&TRUSTED&NOT_VPN] ] with score 60
01-23 21:44:17.038  1456  2054 D WIFI    : got request NetworkRequest [ TRACK_DEFAULT id=21368, [ Capabilities: INTERNET&NOT_RESTRICTED&TRUSTED&NOT_VPN] ] with score 60
01-23 21:44:17.038  2398  2398 D PhoneSwitcherNetworkRequstListener: got request NetworkRequest [ TRACK_DEFAULT id=21368, [ Capabilities: INTERNET&NOT_RESTRICTED&TRUSTED&NOT_VPN] ] with score 60
01-23 21:44:17.046 27310 27539 I chatty  : uid=10774(org.mozilla.fenix.nightly) expire 9 lines
01-23 21:44:17.048 20319 22813 I Icing   : Indexing com.google.android.gms-apps from com.google.android.gms
01-23 21:44:17.100 20319 22813 I Icing   : Indexing done com.google.android.gms-apps
01-23 21:44:17.461 27310 27358 I chatty  : uid=10774(org.mozilla.fenix.nightly) expire 1 line
01-23 21:44:17.465  1456  2067 D ConnectivityService: releasing NetworkRequest [ TRACK_DEFAULT id=21368, [ Capabilities: INTERNET&NOT_RESTRICTED&TRUSTED&NOT_VPN] ] (release request)
01-23 21:44:21.457  1456  2204 I ActivityManager: Force stopping org.mozilla.fenix.nightly appid=10774 user=0: from pid 27544
01-23 21:44:21.457  1456  2204 I ActivityManager: Killing 27310:org.mozilla.fenix.nightly/u0a774 (adj 700): stop org.mozilla.fenix.nightly
01-23 21:44:21.460  1456  1605 W zygote  : kill(-27310, 9) failed: No such process
01-23 21:44:21.461  1456  2204 W ActivityManager: Force removing ActivityRecord{410f420 u0 org.mozilla.fenix.nightly/org.mozilla.fenix.HomeActivity t19399}: app died, no saved state
01-23 21:44:21.469  1456  2204 I ActivityManager: Killing 27422:org.mozilla.fenix.nightly:socket/u0a774 (adj 0): stop org.mozilla.fenix.nightly
01-23 21:44:21.473  1456  2204 I ActivityManager: Killing 27393:org.mozilla.fenix.nightly:tab/u0a774 (adj 0): stop org.mozilla.fenix.nightly
01-23 21:44:21.480  1456  1605 W zygote  : kill(-27310, 9) failed: No such process
01-23 21:44:21.488  2398  2398 D CarrierSvcBindHelper: No carrier app for: 0
01-23 21:44:21.490  2398  2398 D CarrierSvcBindHelper: No carrier app for: 1
01-23 21:44:21.495  1456  1605 W zygote  : kill(-27310, 9) failed: No such process
01-23 21:44:21.541  1456  1673 W ActivityManager: setHasOverlayUi called on unknown pid: 27310
01-23 21:44:21.544  1456  1605 I chatty  : uid=1000(system) ActivityManager identical 3 lines
01-23 21:44:21.560  1456  1605 W zygote  : kill(-27310, 9) failed: No such process
01-23 21:44:21.560  1456  1605 I zygote  : Successfully killed process cgroup uid 10774 pid 27310 in 100ms
01-23 21:44:21.560  1456  1605 W zygote  : kill(-27422, 9) failed: No such process
01-23 21:44:21.560  1456  1605 I zygote  : Successfully killed process cgroup uid 10774 pid 27422 in 0ms
01-23 21:44:21.561  1456  1605 W zygote  : kill(-27393, 9) failed: No such process
01-23 21:44:21.561  1456  1605 I zygote  : Successfully killed process cgroup uid 10774 pid 27393 in 0ms
01-23 21:44:21.585  1456  5907 I ActivityManager: START u0 {act=android.intent.action.MAIN cat=[android.intent.category.LAUNCHER] flg=0x10000000 cmp=org.mozilla.fenix.nightly/org.mozilla.fenix.HomeActivity} from uid 2000
01-23 21:44:21.586   794   839 E ANDR-PERF-RESOURCEQS: Failed to apply optimization [4, 0]
01-23 21:44:21.606  1456  3927 I ActivityManager: Start proc 27551:org.mozilla.fenix.nightly/u0a774 for activity org.mozilla.fenix.nightly/org.mozilla.fenix.HomeActivity
01-23 21:44:21.695 20972 21091 I MicroDetectionState: Should stop hotword detection immediately - false
01-23 21:44:21.695 20972 21091 I MicroDetector: Keeping mic open: false
01-23 21:44:21.695 20972 21565 E DeviceStateChecker: DeviceStateChecker cancelled
01-23 21:44:21.695 20972 21091 I RecognitionAudioControl: #shutdownAudio [requestId: -1091030494744010035, keepAudioOpen: false, forced: true]
01-23 21:44:21.695 20972 21091 I RecognitionAudioControl: #internalShutdownAudio [requestId: -1091030494744010035]
01-23 21:44:21.695 20972 21091 I RecognitionAudioControl: #internalShutdownAudio [keepAudioOpen: false, forced: true]
01-23 21:44:21.695 20972 21091 I RecognitionAudioControl: #actualShutdownAudio
01-23 21:44:21.695 20972 21091 I AudioController: #shutdown [requestId=-1091030494744010035]
01-23 21:44:21.696 20972 21017 I AudioController: internalShutdown
01-23 21:44:21.696 20972 21053 I MicroRecognitionRunner: Stopping hotword detection.
01-23 21:44:21.698 20972 24395 I MicroRecognitionRunner: Detection finished
01-23 21:44:21.751   788  1479 D audio_hw_primary: disable_audio_route: usecase(9) reset and update mixer path: audio-record
01-23 21:44:21.751   788  1479 D audio_hw_primary: disable_snd_device: snd_device(120: voice-rec-mic)
01-23 21:44:21.754  1012 11919 D APM_AudioPolicyManager: stopInput() input 101078, session 101153
01-23 21:44:21.755   788  1479 D audio_hw_primary: in_set_parameters: enter: kvpairs=routing=0
01-23 21:44:21.756 20972 21017 I MicrophoneInputStream: mic_close  SR : 16000 CC : 16 SO : 1999
01-23 21:44:21.757 20972 21017 E AudioSource: Stop listening is called on already closed AudioSource
01-23 21:44:21.784 27551 27551 I chatty  : uid=10774(org.mozilla.fenix.nightly) expire 30 lines
01-23 21:44:21.847 27551 27569 I chatty  : uid=10774(org.mozilla.fenix.nightly) expire 4 lines
01-23 21:44:21.905 27551 27575 I chatty  : uid=10774(org.mozilla.fenix.nightly) expire 2 lines
01-23 21:44:21.942 27551 27579 I chatty  : uid=10774(org.mozilla.fenix.nightly) expire 11 lines
01-23 21:44:21.994 27551 27586 I chatty  : uid=10774(org.mozilla.fenix.nightly) expire 19 lines
01-23 21:44:22.068 27551 27556 I chatty  : uid=10774(org.mozilla.fenix.nightly) expire 3 lines
01-23 21:44:22.132 27551 27599 I chatty  : uid=10774(org.mozilla.fenix.nightly) expire 6 lines
01-23 21:44:22.138 27551 27602 I chatty  : uid=10774(org.mozilla.fenix.nightly) expire 10 lines
01-23 21:44:22.350 24454 24467 D AuthStateProvider: Verifying caller's signature:77eac4ceed36afefba76179931dd4cc195ab0cd54baf355d215e7bbdd28e402a
01-23 21:44:22.350 24454 24467 D AuthStateProvider: Success!
01-23 21:44:22.351 27551 27551 E ActivityThread: Failed to find provider info for org.mozilla.fennec_aurora.fxa.auth
01-23 21:44:22.466  1456  3925 I ActivityManager: Start proc 27640:org.mozilla.fenix.nightly:tab/u0a774 for service org.mozilla.fenix.nightly/org.mozilla.gecko.process.GeckoServiceChildProcess$tab
01-23 21:44:22.487 27551 27551 I chatty  : uid=10774(org.mozilla.fenix.nightly) expire 16 lines
01-23 21:44:22.490 27551 27590 I chatty  : uid=10774(org.mozilla.fenix.nightly) expire 1 line
01-23 21:44:22.510 27551 27659 I chatty  : uid=10774(org.mozilla.fenix.nightly) expire 9 lines
01-23 21:44:22.527 27551 27556 I chatty  : uid=10774(org.mozilla.fenix.nightly) expire 5 lines
01-23 21:44:22.591  1456  7556 I WifiService: getDhcpInfo uid=10774
01-23 21:44:22.599  1456  5907 I ActivityManager: Start proc 27665:org.mozilla.fenix.nightly:socket/u0a774 for service org.mozilla.fenix.nightly/org.mozilla.gecko.process.GeckoServiceChildProcess$socket
01-23 21:44:22.610 27640 27640 I chatty  : uid=10774(org.mozilla.fenix.nightly) expire 2 lines
01-23 21:44:22.611 27640 27677 I chatty  : uid=10774(org.mozilla.fenix.nightly) expire 1 line
01-23 21:44:22.735 27665 27665 I chatty  : uid=10774(org.mozilla.fenix.nightly) expire 2 lines
01-23 21:44:22.736 27665 27683 I chatty  : uid=10774(org.mozilla.fenix.nightly) expire 15 lines
01-23 21:44:22.833  1456  5907 I ActivityManager: Displayed org.mozilla.fenix.nightly/org.mozilla.fenix.HomeActivity: +1s238ms
01-23 21:44:22.833  1456  5907 I ActivityManager: Fully drawn org.mozilla.fenix.nightly/org.mozilla.fenix.HomeActivity: +1s238ms
01-23 21:44:22.899  1456  1673 I LaunchCheckinHandler: Displayed org.mozilla.fenix.nightly/org.mozilla.fenix.HomeActivity,cp,ca,1305
01-23 21:44:22.913  1456  1466 I zygote  : Background concurrent copying GC freed 59218(3MB) AllocSpace objects, 27(1052KB) LOS objects, 41% free, 34MB/58MB, paused 367us total 328.503ms
01-23 21:44:22.915 24454 24467 D AuthStateProvider: Verifying caller's signature:77eac4ceed36afefba76179931dd4cc195ab0cd54baf355d215e7bbdd28e402a
01-23 21:44:22.915 24454 24467 D AuthStateProvider: Success!
01-23 21:44:22.917 27551 27551 E ActivityThread: Failed to find provider info for org.mozilla.fennec_aurora.fxa.auth
01-23 21:44:22.980 24891 24891 I Finsky  : [2] pze.onTrimMemory(1): Memory trim requested to level 80
01-23 21:44:22.987 20972 20972 I MemoryTrimmer: Trimming objects from memory, since app is in the background.
01-23 21:44:22.997 20972 21091 E AudioSource: Stop listening is called on already closed AudioSource
01-23 21:44:22.999 20972 20972 I MemoryTrimmer: Trimming objects from memory, since app is in the background.
01-23 21:44:22.999 20972 24687 I PBSessionCacheImpl: Deleted sessionId[92237411062489194] from persistence.
01-23 21:44:23.004  1456  4802 I WifiService: getWifiEnabledState uid=10073
01-23 21:44:23.011 20972 21091 W SearchServiceCore: Abort, client detached.
01-23 21:44:23.011 20972 21091 I chatty  : uid=10073(com.google.android.googlequicksearchbox) EventBus0 identical 2 lines
01-23 21:44:23.012 20972 21091 W SearchServiceCore: Abort, client detached.
01-23 21:44:23.272   808   898 I SFPerfTracer:      triggers: (rate: 0:0) (0 sw vsyncs) (0 skipped) (17:3187132 vsyncs) (19:5736499)
01-23 21:44:23.284 27551 27586 I chatty  : uid=10774(org.mozilla.fenix.nightly) expire 12 lines
01-23 21:44:23.918 27551 27732 I chatty  : uid=10774(org.mozilla.fenix.nightly) expire 2 lines
01-23 21:44:27.083  1456  1600 W ResourceType: No known package when getting value for resource number 0x7f0801aa
01-23 21:44:27.083  1456  1600 W ResourceType: No known package when getting value for resource number 0x7f120105
01-23 21:44:27.083  1456  1600 W ResourceType: No known package when getting value for resource number 0x7f120105
01-23 21:44:27.083  1456  1600 W ResourceType: No known package when getting value for resource number 0x7f0801a8
01-23 21:44:27.083  1456  1600 W ResourceType: No known package when getting value for resource number 0x7f120104
01-23 21:44:27.083  1456  1600 W ResourceType: No known package when getting value for resource number 0x7f120104
01-23 21:44:27.088  2360  2360 D MayaFrameworkProxyService: receive intent :Intent { act=android.intent.action.PACKAGE_CHANGED dat=package:org.mozilla.fenix.nightly flg=0x45000010 (has extras) }
01-23 21:44:27.107  1456  1456 W ResourceType: ResTable_typeSpec entry count inconsistent: given 665, previously 671
01-23 21:44:27.107  1456  1456 W ResourceType: ResTable_typeSpec entry count inconsistent: given 394, previously 1458
01-23 21:44:27.107  1456  1456 W ResourceType: ResTable_typeSpec entry count inconsistent: given 217, previously 1293
01-23 21:44:27.110  1456  1942 I InputReader: Reconfiguring input devices.  changes=0x00000010
01-23 21:44:27.168  1456  1600 W ResourceType: ResTable_typeSpec entry count inconsistent: given 29, previously 35
01-23 21:44:27.169  1456  1600 W ResourceType: ResTable_typeSpec entry count inconsistent: given 2184, previously 2181
01-23 21:44:27.169  1456  1600 W ResourceType: ResTable_typeSpec entry count inconsistent: given 272, previously 1525
01-23 21:44:27.175  1456  1456 W ResourceType: Found multiple library tables, ignoring...
01-23 21:44:27.200  2398  2398 D ImsResolver: maybeAddedImsService, packageName: org.mozilla.fenix.nightly
01-23 21:44:27.201  2398  2398 D CarrierSvcBindHelper: No carrier app for: 0
01-23 21:44:27.202  2398  2398 D CarrierSvcBindHelper: No carrier app for: 1
01-23 21:44:27.219  2398  2398 E VvmPkgInstalledRcvr: cannot create TelephonyManager from ComponentInfo{com.android.phone/com.android.services.telephony.TelephonyConnectionService}, [****], UserHandle{0}
01-23 21:44:27.224  1456  1600 W SearchableInfo: Invalid searchable metadata for com.google.android.gms/.nearby.sharing.ContactSelectActivity: Search label must be a resource reference.
01-23 21:44:27.231  1456  1456 I TelecomService: DefaultDialerCache: Refreshing default dialer for user 0: now com.android.dialer: DDC.oR@weQ
01-23 21:44:27.240 27756 27756 D AndroidRuntime: >>>>>> START com.android.internal.os.RuntimeInit uid 2000 <<<<<<
01-23 21:44:27.253 27756 27756 W app_process: Could not reserve sentinel fault page
01-23 21:44:27.274 20319 22814 I Icing   : Indexing com.google.android.gms-internal.3p:MobileApplication from com.google.android.gms using seqno 2511
01-23 21:44:27.418 27756 27756 I app_process: The ClassLoaderContext is a special shared library.
01-23 21:44:27.490 27756 27756 D AndroidRuntime: Calling main entry com.android.commands.input.Input
01-23 21:44:27.492 27756 27756 I Input   : injectKeyEvent: KeyEvent { action=ACTION_DOWN, keyCode=KEYCODE_HOME, scanCode=0, metaState=0, flags=0x0, repeatCount=0, eventTime=12281096218, downTime=12281096218, deviceId=-1, source=0x101 }
01-23 21:44:27.498 27756 27756 I Input   : injectKeyEvent: KeyEvent { action=ACTION_UP, keyCode=KEYCODE_HOME, scanCode=0, metaState=0, flags=0x0, repeatCount=0, eventTime=12281096218, downTime=12281096218, deviceId=-1, source=0x101 }
01-23 21:44:27.505  1456  1941 I ActivityManager: START u0 {act=android.intent.action.MAIN cat=[android.intent.category.HOME] flg=0x10200000 cmp=com.android.launcher3/.CustomizationPanelLauncher (has extras)} from uid 1000
01-23 21:44:27.505   794   839 E ANDR-PERF-RESOURCEQS: Failed to apply optimization [4, 0]
01-23 21:44:27.517  1456  1941 I ActivityManager: moveHomeStack, setupComplete:true
01-23 21:44:27.524 20972 21070 I OpenGLRenderer: Initialized EGL, version 1.4
01-23 21:44:27.525 20972 21070 D OpenGLRenderer: Swap behavior 2
01-23 21:44:27.529 27756 27756 D AndroidRuntime: Shutting down VM
01-23 21:44:27.544  2748  2748 D Launcher.Utilities: Wakeup weather: Intent { act=com.motorola.launcher3.action.WAKEUP_WEATHER cmp=com.motorola.timeweatherwidget/com.motorola.commandcenter.weather.WakeUpService }
01-23 21:44:27.558  1456  1456 I NotificationService: Cannot find enqueued record for key: 0|com.motorola.timeweatherwidget|1|null|10116
01-23 21:44:27.562   808   808 D SurfaceFlinger: duplicate layer name: changing com.android.launcher3/com.android.launcher3.CustomizationPanelLauncher to com.android.launcher3/com.android.launcher3.CustomizationPanelLauncher#1
01-23 21:44:27.568   808   808 I SFPerfTracer:      triggers: (rate: 50:544267) (compose: 0:6) (post: 0:14) (render: 0:10) (1:4357779 frames) (2:5694780)
01-23 21:44:27.569   808   808 D SFPerfTracer:        layers: (3:13) (NavigationBar#0 (0xb07df000): 0:437425) (StatusBar#0 (0xb07e3000): 0:1289470) (com.android.systemui.ImageWallpaper#0 (0xb07e7000): 0:36763)* (Sprite#0 (0xb0733000): 0:317)* (DimLayerController/Stack=0#0 (0xb075a000): 0:3589)* (Sprite#1 (0xb077c000): 0:195)* (Splash Screen org.mozilla.fenix.nightly#0 (0xb0384000): 0:30)- (org.mozilla.fenix.nightly/org.mozilla.fenix.HomeActivity#0 (0xb039b000): 0:46)- (com.android.launcher3/com.android.launcher3.CustomizationPanelLauncher#0 (0xb0763000): 0:40)- (com.android.launcher3/com.android.launcher3.CustomizationPanelLauncher#1 (0xb0771000): 0:10)- (Splash Screen org.mozilla.fenix.nightly#0 (0xb0384000): 0:31)- (org.mozilla.fenix.nightly/org.mozilla.fenix.HomeActivity#0 (0xb039b000): 1:21) (com.android.launcher3/com.android.launcher3.CustomizationPanelLauncher#0 (0xb0763000): 2:2)* 
01-23 21:44:27.576 20972 21038 W ThreadPoolDumper: Queue length for executor EventBus is now 11. Perhaps some tasks are too long, or the pool is too small.
01-23 21:44:27.579  1456  4679 I WifiService: getWifiEnabledState uid=10073
01-23 21:44:27.587  1456  5907 I WifiService: getWifiEnabledState uid=10073
01-23 21:44:27.591 24891 24891 I Finsky  : [2] pze.onTrimMemory(1): Memory trim requested to level 80
01-23 21:44:27.618 20972 21091 I MicroDetectionState: Should stop hotword detection immediately - false
01-23 21:44:27.624 20972 21091 I MicroDetectionWorker: #startMicroDetector [speakerMode: 0]
01-23 21:44:27.626 20972 21091 I AudioController: Created new AudioSource
01-23 21:44:27.629 20972 21053 I MicroDataManager: isInitializedWithLatestParams-true
01-23 21:44:27.630 20972 21053 I MicroDataManager: isInitializing-false locale not changed-true model not changed-true
01-23 21:44:27.631 20972 21053 I MicroDataManager: Already initialized, obtaining the hotword data immediately.
01-23 21:44:27.638  1456  1673 I LaunchCheckinHandler: Displayed com.android.launcher3/.CustomizationPanelLauncher,wp,wa,132
01-23 21:44:27.639 20972 21565 I MicroRecognitionRunner: Starting detection.
01-23 21:44:27.639 20972 21565 I InputStreamUtils: Using micInputStream
01-23 21:44:27.639 20972 24687 I MicrophoneInputStream: mic_starting  SR : 16000 CC : 16 SO : 1999
01-23 21:44:27.642   788  1479 V msm8974_platform: platform_check_input_mask: enter check_input_mask source 6 mask 10
01-23 21:44:27.644  1012 27783 I AudioFlinger: AudioFlinger's thread 0xb24834c0 tid=27783 ready to run
01-23 21:44:27.649   788  1479 D audio_hw_primary: in_set_parameters: enter: kvpairs=input_source=6;routing=-2147483644
01-23 21:44:27.651  1012  1012 D APM_AudioPolicyManager: AudioPolicyManager::startInput() input 101086, session 101161, source = 1999
01-23 21:44:27.651 20972 24687 I MicrophoneInputStream: mic_started  SR : 16000 CC : 16 SO : 1999
01-23 21:44:27.653   788 27784 V msm8974_platform: platform_update_usecase_from_source: input source :6
01-23 21:44:27.653   788 27784 V msm8974_platform: platform_check_input_mask: enter check_input_mask source 6 mask 10
01-23 21:44:27.653   788 27784 V msm8974_platform: platform_get_input_snd_device: enter: out_device(0) in_device(0x4) channel_count (1) channel_mask (0x10)
01-23 21:44:27.653   788 27784 V msm8974_platform: platform_get_input_snd_device: exit: in_snd_device(voice-rec-mic)
01-23 21:44:27.653   788 27784 V msm8974_platform: platform_get_backend_index:napb: backend port - 5 device - 120 
01-23 21:44:27.653   788 27784 V msm8974_platform: platform_check_and_set_capture_backend_cfg:txbecf: afe: bitwidth 0, samplerate 0, channel 1, backend_idx 5 usecase = 9 device (voice-rec-mic)
01-23 21:44:27.653   788 27784 V msm8974_platform: platform_check_capture_backend_cfg:txbecf: afe: Codec selected backend: 5 current bit width: 0 and sample rate: 0, channels 1
01-23 21:44:27.653   788 27784 V msm8974_platform: platform_check_capture_backend_cfg:txbecf: afe: Codec selected backend: 5 updated bit width: 0 and sample rate: 0
01-23 21:44:27.653   788 27784 I msm8974_platform: platform_check_capture_backend_cfg:txbecf: afe: Codec backend needs to be updated. new bit width: 0 new sample rate: 0 new channel: 1
01-23 21:44:27.653   788 27784 V msm8974_platform: platform_get_backend_index:napb: backend port - 5 device - 120 
01-23 21:44:27.653   788 27784 V msm8974_platform: platform_set_backend_cfg:becf: afe: bitwidth 0, samplerate 0 channels 1, backend_idx 5 device (voice-rec-mic)
01-23 21:44:27.654   788 27784 E msm8974_platform: platform_set_backend_cfg:becf: afe: Could not get ctl for mixer command - SLIM_0_TX Format
01-23 21:44:27.654   788 27784 V msm8974_platform: platform_send_audio_calibration: sending audio calibration for snd_device(120) acdb_id(62)
01-23 21:44:27.654   788 27784 D ACDB-LOADER: ACDB -> send_audio_cal, acdb_id = 62, path = 1, app id = 0x11130, sample rate = 48000
01-23 21:44:27.654   788 27784 D ACDB-LOADER: ACDB -> send_asm_topology
01-23 21:44:27.654   788 27784 D ACDB-LOADER: ACDB -> ACDB_CMD_GET_AUDPROC_STREAM_TOPOLOGY_ID
01-23 21:44:27.654   788 27784 D ACDB-LOADER: ACDB -> send_adm_topology
01-23 21:44:27.654   788 27784 D ACDB-LOADER: ACDB -> ACDB_CMD_GET_AUDPROC_COMMON_TOPOLOGY_ID
01-23 21:44:27.654   788 27784 D ACDB-LOADER: ACDB -> send_audtable
01-23 21:44:27.654   788 27784 D ACDB-LOADER: ACDB -> ACDB_CMD_GET_AUDPROC_COMMON_TABLE_SIZE
01-23 21:44:27.654   788 27784 D ACDB-LOADER: ACDB -> ACDB_CMD_GET_AUDPROC_COMMON_TABLE
01-23 21:44:27.654   788 27784 D ACDB-LOADER: ACDB -> AUDIO_SET_AUDPROC_CAL
01-23 21:44:27.654   788 27784 D ACDB-LOADER: ACDB -> send_audvoltable
01-23 21:44:27.654   788 27784 D ACDB-LOADER: ACDB -> ACDB_CMD_GET_AUDPROC_VOL_STEP_TABLE_SIZE
01-23 21:44:27.655   788 27784 D ACDB-LOADER: ACDB -> ACDB_CMD_GET_AUDPROC_GAIN_DEP_STEP_TABLE, vol index 0
01-23 21:44:27.655   788 27784 D         : Failed to fetch the lookup information of the device 0000003E 
01-23 21:44:27.655   788 27784 D ACDB-LOADER: ACDB -> AUDIO_SET_VOL_CAL cal type = 12
01-23 21:44:27.655   788 27784 D ACDB-LOADER: ACDB -> ACDB_CMD_GET_AUDPROC_STREAM_TABLE_SIZE
01-23 21:44:27.655   788 27784 D ACDB-LOADER: ACDB -> send_audstrmtable
01-23 21:44:27.655   788 27784 D ACDB-LOADER: ACDB -> ACDB_CMD_GET_AUDPROC_STREAM_TABLE_V2
01-23 21:44:27.655   788 27784 D ACDB-LOADER: ACDB -> audstrm_cal->cal_type.cal_data.cal_size = 456
01-23 21:44:27.655   788 27784 D ACDB-LOADER: ACDB -> send_afe_topology
01-23 21:44:27.655   788 27784 D ACDB-LOADER: ACDB -> ACDB_CMD_GET_AFE_TOPOLOGY_ID
01-23 21:44:27.655   788 27784 D ACDB-LOADER: ACDB -> GET_AFE_TOPOLOGY_ID for adcd_id 62, Topology Id 112fb
01-23 21:44:27.655   788 27784 D ACDB-LOADER: ACDB -> send_afe_cal
01-23 21:44:27.655   788 27784 D ACDB-LOADER: ACDB -> ACDB_CMD_GET_AFE_COMMON_TABLE_SIZE
01-23 21:44:27.655   788 27784 D         : Failed to fetch the lookup information of the device 0000003E 
01-23 21:44:27.655   788 27784 E ACDB-LOADER: Error: ACDB_CMD_GET_AFE_COMMON_TABLE_SIZE Returned = -19
01-23 21:44:27.655   788 27784 D ACDB-LOADER: ACDB -> ACDB_CMD_GET_AFE_COMMON_TABLE
01-23 21:44:27.655   788 27784 D         : Failed to fetch the lookup information of the device 0000003E 
01-23 21:44:27.655   788 27784 D ACDB-LOADER: ACDB -> AUDIO_SET_AFE_CAL
01-23 21:44:27.655   788 27784 D ACDB-LOADER: ACDB -> send_hw_delay : acdb_id = 62 path = 1
01-23 21:44:27.655   788 27784 D ACDB-LOADER: ACDB -> ACDB_AVSYNC_INFO: ACDB_CMD_GET_DEVICE_PROPERTY
01-23 21:44:27.655   788 27784 D audio_hw_primary: enable_snd_device: snd_device(120: voice-rec-mic)
01-23 21:44:27.655   788 27784 D audio_route: Apply path: voice-rec-mic
01-23 21:44:27.659   788 27784 V msm8974_platform: platform_get_snd_device_backend_index: enter with device 120
01-23 21:44:27.659   788 27784 E msm8974_platform: platform_get_snd_device_backend_index: BE DAI Name Table is not present
01-23 21:44:27.659   788 27784 V msm8974_platform: platform_get_backend_index:napb: backend port - 5 device - 120 
01-23 21:44:27.659   788 27784 I audio_hw_utils: Set Audio Stream Capture 0 App Type Cfg: app_type 69936, acdb_dev_id 62, sample_rate 48000, snd_device_be_idx -14
01-23 21:44:27.659   788 27784 D audio_hw_primary: enable_audio_route: usecase(9) apply and update mixer path: audio-record
01-23 21:44:27.659   788 27784 D audio_route: Apply path: audio-record
01-23 21:44:27.728 20972 21091 I MicroDetectionWorker: onReady
01-23 21:44:28.041  1456  7796 I OpenGLRenderer: Initialized EGL, version 1.4
01-23 21:44:28.041  1456  7796 D OpenGLRenderer: Swap behavior 2
01-23 21:44:28.102  2748  2917 W OpenGLRenderer: Incorrectly called buildLayer on View: ShortcutAndWidgetContainer, destroying layer...
01-23 21:44:28.213 27551 27615 I chatty  : uid=10774(org.mozilla.fenix.nightly) expire 1 line
01-23 21:44:28.217 27551 27575 I chatty  : uid=10774(org.mozilla.fenix.nightly) expire 6 lines
01-23 21:44:28.267  1456  1473 D ConnectivityService: requestNetwork for uid/pid:10774/27551 NetworkRequest [ TRACK_DEFAULT id=21369, [ Capabilities: INTERNET&NOT_RESTRICTED&TRUSTED&NOT_VPN] ]
01-23 21:44:28.268  1456  2099 D Ethernet: got request NetworkRequest [ TRACK_DEFAULT id=21369, [ Capabilities: INTERNET&NOT_RESTRICTED&TRUSTED&NOT_VPN] ] with score 60
01-23 21:44:28.269  1456  2054 D WIFI_UT : got request NetworkRequest [ TRACK_DEFAULT id=21369, [ Capabilities: INTERNET&NOT_RESTRICTED&TRUSTED&NOT_VPN] ] with score 60
01-23 21:44:28.269  2398  2398 D PhoneSwitcherNetworkRequstListener: got request NetworkRequest [ TRACK_DEFAULT id=21369, [ Capabilities: INTERNET&NOT_RESTRICTED&TRUSTED&NOT_VPN] ] with score 60
01-23 21:44:28.269  1456  2054 D WIFI    : got request NetworkRequest [ TRACK_DEFAULT id=21369, [ Capabilities: INTERNET&NOT_RESTRICTED&TRUSTED&NOT_VPN] ] with score 60
01-23 21:44:28.275 20319 22814 I Icing   : Indexing com.google.android.gms-apps from com.google.android.gms
01-23 21:44:28.278 27551 27786 I chatty  : uid=10774(org.mozilla.fenix.nightly) expire 9 lines
01-23 21:44:28.326 20319 22814 I Icing   : Indexing done com.google.android.gms-apps
01-23 21:44:28.770 27551 27600 I chatty  : uid=10774(org.mozilla.fenix.nightly) expire 1 line
01-23 21:44:28.775  1456  2067 D ConnectivityService: releasing NetworkRequest [ TRACK_DEFAULT id=21369, [ Capabilities: INTERNET&NOT_RESTRICTED&TRUSTED&NOT_VPN] ] (release request)
01-23 21:44:31.580  1456  5907 W ActivityManager: Background start not allowed: service Intent { cmp=com.google.android.apps.messaging/.shared.datamodel.action.execution.ActionExecutorImpl$EmptyService } to com.google.android.apps.messaging/.shared.datamodel.action.execution.ActionExecutorImpl$EmptyService from pid=24869 uid=10110 pkg=com.google.android.apps.messaging
01-23 21:44:31.582 24869 24869 W BugleDataModel: ActionExecutorImpl: Action started execution, but we can't guarantee it will complete, the app may be killed. Action: class com.google.android.apps.messaging.shared.datamodel.action.SelfParticipantsRefreshAction-SelfParticipantsRefreshAction:12361839998005
01-23 21:44:31.582 24869 24869 W BugleDataModel: java.lang.IllegalStateException: Not allowed to start service Intent { cmp=com.google.android.apps.messaging/.shared.datamodel.action.execution.ActionExecutorImpl$EmptyService }: app is in background uid UidRecord{bff499c u0a110 CEM  idle change:cached procs:1 seq(0,0,0)}
01-23 21:44:31.582 24869 24869 W BugleDataModel: 	at android.app.ContextImpl.startServiceCommon(ContextImpl.java:1536)
01-23 21:44:31.582 24869 24869 W BugleDataModel: 	at android.app.ContextImpl.startService(ContextImpl.java:1492)
01-23 21:44:31.582 24869 24869 W BugleDataModel: 	at android.content.ContextWrapper.startService(ContextWrapper.java:650)
01-23 21:44:31.582 24869 24869 W BugleDataModel: 	at com.google.android.apps.messaging.shared.datamodel.action.execution.ActionExecutorImpl.a(PG:94)
01-23 21:44:31.582 24869 24869 W BugleDataModel: 	at com.google.android.apps.messaging.shared.datamodel.action.execution.ActionExecutorImpl.a(PG:89)
01-23 21:44:31.582 24869 24869 W BugleDataModel: 	at fib.c(PG:113)
01-23 21:44:31.582 24869 24869 W BugleDataModel: 	at fhy.run(PG:1)
01-23 21:44:31.582 24869 24869 W BugleDataModel: 	at zit.run(PG:3)
01-23 21:44:31.582 24869 24869 W BugleDataModel: 	at android.os.Handler.handleCallback(Handler.java:790)
01-23 21:44:31.582 24869 24869 W BugleDataModel: 	at android.os.Handler.dispatchMessage(Handler.java:99)
01-23 21:44:31.582 24869 24869 W BugleDataModel: 	at android.os.Looper.loop(Looper.java:164)
01-23 21:44:31.582 24869 24869 W BugleDataModel: 	at android.app.ActivityThread.main(ActivityThread.java:6626)
01-23 21:44:31.582 24869 24869 W BugleDataModel: 	at java.lang.reflect.Method.invoke(Native Method)
01-23 21:44:31.582 24869 24869 W BugleDataModel: 	at com.android.internal.os.RuntimeInit$MethodAndArgsCaller.run(RuntimeInit.java:438)
01-23 21:44:31.582 24869 24869 W BugleDataModel: 	at com.android.internal.os.ZygoteInit.main(ZygoteInit.java:811)
01-23 21:44:31.586 24869 25141 I BugleDataModel: ParticipantRefresh: Start participant refresh. refreshMode: SELF_ONLY
01-23 21:44:31.652 24869 25141 W Bugle   : SubscriptionMetadataUtils get: invalid subId = -1
01-23 21:44:31.654 24869 25141 W Bugle   : SubscriptionMetadataUtils get: invalid subId = -1
01-23 21:44:31.654 24869 25141 W Bugle   : MultiSimSubscriptionUtils: getSelfRawNumber: subInfo is null for subscription{id:-1}
01-23 21:44:31.732 24869 25141 I BugleDataModel: ParticipantRefresh: Number of participants refreshed: 0
01-23 21:44:32.727  1456  1473 I ActivityManager: Force stopping org.mozilla.fenix.nightly appid=10774 user=0: from pid 27793
01-23 21:44:32.727  1456  1473 I ActivityManager: Killing 27551:org.mozilla.fenix.nightly/u0a774 (adj 700): stop org.mozilla.fenix.nightly
01-23 21:44:32.730  1456  1605 W zygote  : kill(-27551, 9) failed: No such process
01-23 21:44:32.732  1456  1473 W ActivityManager: Force removing ActivityRecord{dc01c39 u0 org.mozilla.fenix.nightly/org.mozilla.fenix.HomeActivity t19400}: app died, no saved state
01-23 21:44:32.740  1456  1473 I ActivityManager: Killing 27665:org.mozilla.fenix.nightly:socket/u0a774 (adj 0): stop org.mozilla.fenix.nightly
01-23 21:44:32.743  1456  1473 I ActivityManager: Killing 27640:org.mozilla.fenix.nightly:tab/u0a774 (adj 0): stop org.mozilla.fenix.nightly
01-23 21:44:32.745  1456  1605 W zygote  : kill(-27551, 9) failed: No such process
01-23 21:44:32.756  2398  2398 D CarrierSvcBindHelper: No carrier app for: 0
01-23 21:44:32.757  2398  2398 D CarrierSvcBindHelper: No carrier app for: 1
01-23 21:44:32.758  1456  1605 W zygote  : kill(-27551, 9) failed: No such process
01-23 21:44:32.822  1456  1673 W ActivityManager: setHasOverlayUi called on unknown pid: 27551
01-23 21:44:32.823  1456  1605 I chatty  : uid=1000(system) ActivityManager identical 7 lines
01-23 21:44:32.838  1456  1605 W zygote  : kill(-27551, 9) failed: No such process
01-23 21:44:32.838  1456  1605 I zygote  : Successfully killed process cgroup uid 10774 pid 27551 in 108ms
01-23 21:44:32.838  1456  1605 W zygote  : kill(-27665, 9) failed: No such process
01-23 21:44:32.838  1456  1605 I zygote  : Successfully killed process cgroup uid 10774 pid 27665 in 0ms
01-23 21:44:32.838  1456  1605 W zygote  : kill(-27640, 9) failed: No such process
01-23 21:44:32.839  1456  1605 I zygote  : Successfully killed process cgroup uid 10774 pid 27640 in 0ms
01-23 21:44:32.857  1456  7570 I ActivityManager: START u0 {act=android.intent.action.MAIN cat=[android.intent.category.LAUNCHER] flg=0x10000000 cmp=org.mozilla.fenix.nightly/org.mozilla.fenix.HomeActivity} from uid 2000
01-23 21:44:32.858   794   839 E ANDR-PERF-RESOURCEQS: Failed to apply optimization [4, 0]
01-23 21:44:32.877  1456  1473 I ActivityManager: Start proc 27802:org.mozilla.fenix.nightly/u0a774 for activity org.mozilla.fenix.nightly/org.mozilla.fenix.HomeActivity
01-23 21:44:32.968 20972 21091 I MicroDetectionState: Should stop hotword detection immediately - false
01-23 21:44:32.968 20972 21091 I MicroDetector: Keeping mic open: false
01-23 21:44:32.969 20972 24395 E DeviceStateChecker: DeviceStateChecker cancelled
01-23 21:44:32.969 20972 21091 I RecognitionAudioControl: #shutdownAudio [requestId: 3062242785110130030, keepAudioOpen: false, forced: true]
01-23 21:44:32.969 20972 21091 I RecognitionAudioControl: #internalShutdownAudio [requestId: 3062242785110130030]
01-23 21:44:32.969 20972 21091 I RecognitionAudioControl: #internalShutdownAudio [keepAudioOpen: false, forced: true]
01-23 21:44:32.969 20972 21091 I RecognitionAudioControl: #actualShutdownAudio
01-23 21:44:32.969 20972 21091 I AudioController: #shutdown [requestId=3062242785110130030]
01-23 21:44:32.969 20972 21079 I AudioController: internalShutdown
01-23 21:44:32.969 20972 21017 I MicroRecognitionRunner: Stopping hotword detection.
01-23 21:44:33.028   788  1479 D audio_hw_primary: disable_audio_route: usecase(9) reset and update mixer path: audio-record
01-23 21:44:33.029   788  1479 D audio_hw_primary: disable_snd_device: snd_device(120: voice-rec-mic)
01-23 21:44:33.030  1012  1012 D APM_AudioPolicyManager: stopInput() input 101086, session 101161
01-23 21:44:33.031   788  1401 D audio_hw_primary: in_set_parameters: enter: kvpairs=routing=0
01-23 21:44:33.034 27802 27802 I chatty  : uid=10774(org.mozilla.fenix.nightly) expire 46 lines
01-23 21:44:33.035 20972 21079 I MicrophoneInputStream: mic_close  SR : 16000 CC : 16 SO : 1999
01-23 21:44:33.035 20972 21079 E AudioSource: Stop listening is called on already closed AudioSource
01-23 21:44:33.038 20972 21565 I MicroRecognitionRunner: Detection finished
01-23 21:44:33.097 27802 27820 I chatty  : uid=10774(org.mozilla.fenix.nightly) expire 4 lines
01-23 21:44:33.158 27802 27828 I chatty  : uid=10774(org.mozilla.fenix.nightly) expire 8 lines
01-23 21:44:33.192 27802 27832 I chatty  : uid=10774(org.mozilla.fenix.nightly) expire 12 lines
01-23 21:44:33.205 27802 27807 I chatty  : uid=10774(org.mozilla.fenix.nightly) expire 11 lines
01-23 21:44:33.247 27802 27838 I chatty  : uid=10774(org.mozilla.fenix.nightly) expire 31 lines
01-23 21:44:33.394 27802 27850 I chatty  : uid=10774(org.mozilla.fenix.nightly) expire 6 lines
01-23 21:44:33.400 27802 27852 I chatty  : uid=10774(org.mozilla.fenix.nightly) expire 10 lines
01-23 21:44:33.621 24454 24467 D AuthStateProvider: Verifying caller's signature:77eac4ceed36afefba76179931dd4cc195ab0cd54baf355d215e7bbdd28e402a
01-23 21:44:33.621 24454 24467 D AuthStateProvider: Success!
01-23 21:44:33.622 27802 27802 E ActivityThread: Failed to find provider info for org.mozilla.fennec_aurora.fxa.auth
01-23 21:44:33.691  1456  5907 I ActivityManager: Start proc 27882:org.mozilla.fenix.nightly:tab/u0a774 for service org.mozilla.fenix.nightly/org.mozilla.gecko.process.GeckoServiceChildProcess$tab
01-23 21:44:33.747 27802 27843 I chatty  : uid=10774(org.mozilla.fenix.nightly) expire 1 line
01-23 21:44:33.771 27802 27909 I chatty  : uid=10774(org.mozilla.fenix.nightly) expire 9 lines
01-23 21:44:33.835 27882 27882 I chatty  : uid=10774(org.mozilla.fenix.nightly) expire 2 lines
01-23 21:44:33.836 27882 27915 I chatty  : uid=10774(org.mozilla.fenix.nightly) expire 1 line
01-23 21:44:33.843  1456 10366 I WifiService: getDhcpInfo uid=10774
01-23 21:44:33.850  1456  7570 I ActivityManager: Start proc 27917:org.mozilla.fenix.nightly:socket/u0a774 for service org.mozilla.fenix.nightly/org.mozilla.gecko.process.GeckoServiceChildProcess$socket
01-23 21:44:33.976 27917 27917 I chatty  : uid=10774(org.mozilla.fenix.nightly) expire 2 lines
01-23 21:44:33.977 27917 27934 I chatty  : uid=10774(org.mozilla.fenix.nightly) expire 15 lines
01-23 21:44:34.075  1456 10366 I ActivityManager: Displayed org.mozilla.fenix.nightly/org.mozilla.fenix.HomeActivity: +1s209ms
01-23 21:44:34.075  1456 10366 I ActivityManager: Fully drawn org.mozilla.fenix.nightly/org.mozilla.fenix.HomeActivity: +1s209ms
01-23 21:44:34.137  1456  1673 I LaunchCheckinHandler: Displayed org.mozilla.fenix.nightly/org.mozilla.fenix.HomeActivity,cp,ca,1272
01-23 21:44:34.143 24454 24467 D AuthStateProvider: Verifying caller's signature:77eac4ceed36afefba76179931dd4cc195ab0cd54baf355d215e7bbdd28e402a
01-23 21:44:34.144 24454 24467 D AuthStateProvider: Success!
01-23 21:44:34.147 27802 27802 E ActivityThread: Failed to find provider info for org.mozilla.fennec_aurora.fxa.auth
01-23 21:44:34.213 24891 24891 I Finsky  : [2] pze.onTrimMemory(1): Memory trim requested to level 80
01-23 21:44:34.228 20972 20972 I MemoryTrimmer: Trimming objects from memory, since app is in the background.
01-23 21:44:34.243 20972 21091 E AudioSource: Stop listening is called on already closed AudioSource
01-23 21:44:34.246 20972 20972 I MemoryTrimmer: Trimming objects from memory, since app is in the background.
01-23 21:44:34.246 20972 24687 I PBSessionCacheImpl: Deleted sessionId[92237411062489199] from persistence.
01-23 21:44:34.256  1456 10366 I WifiService: getWifiEnabledState uid=10073
01-23 21:44:34.269 20972 21091 W SearchServiceCore: Abort, client detached.
01-23 21:44:34.271 20972 21091 W SearchServiceCore: Abort, client detached.
01-23 21:44:35.181 27802 27983 I chatty  : uid=10774(org.mozilla.fenix.nightly) expire 2 lines
01-23 21:44:38.317  1456  1600 W ResourceType: No known package when getting value for resource number 0x7f0801aa
01-23 21:44:38.317  1456  1600 W ResourceType: No known package when getting value for resource number 0x7f120105
01-23 21:44:38.317  2360  2360 D MayaFrameworkProxyService: receive intent :Intent { act=android.intent.action.PACKAGE_CHANGED dat=package:org.mozilla.fenix.nightly flg=0x45000010 (has extras) }
01-23 21:44:38.317  1456  1600 W ResourceType: No known package when getting value for resource number 0x7f120105
01-23 21:44:38.319  1456  1942 I InputReader: Reconfiguring input devices.  changes=0x00000010
01-23 21:44:38.319  1456  1600 W ResourceType: No known package when getting value for resource number 0x7f0801a8
01-23 21:44:38.320  1456  1600 W ResourceType: No known package when getting value for resource number 0x7f120104
01-23 21:44:38.320  1456  1600 W ResourceType: No known package when getting value for resource number 0x7f120104
01-23 21:44:38.342  1456  1600 W SearchableInfo: Invalid searchable metadata for com.google.android.gms/.nearby.sharing.ContactSelectActivity: Search label must be a resource reference.
01-23 21:44:38.359  1456  1456 I TelecomService: DefaultDialerCache: Refreshing default dialer for user 0: now com.android.dialer: DDC.oR@wec
01-23 21:44:38.367  2398  2398 D ImsResolver: maybeAddedImsService, packageName: org.mozilla.fenix.nightly
01-23 21:44:38.371  2398  2398 D CarrierSvcBindHelper: No carrier app for: 0
01-23 21:44:38.371  2398  2398 D CarrierSvcBindHelper: No carrier app for: 1
01-23 21:44:38.378  2398  2398 E VvmPkgInstalledRcvr: cannot create TelephonyManager from ComponentInfo{com.android.phone/com.android.services.telephony.TelephonyConnectionService}, [****], UserHandle{0}
01-23 21:44:38.527 28007 28007 D AndroidRuntime: >>>>>> START com.android.internal.os.RuntimeInit uid 2000 <<<<<<
01-23 21:44:38.540 28007 28007 W app_process: Could not reserve sentinel fault page
01-23 21:44:38.705 28007 28007 I app_process: The ClassLoaderContext is a special shared library.
01-23 21:44:38.778 28007 28007 D AndroidRuntime: Calling main entry com.android.commands.input.Input
01-23 21:44:38.779 28007 28007 I Input   : injectKeyEvent: KeyEvent { action=ACTION_DOWN, keyCode=KEYCODE_HOME, scanCode=0, metaState=0, flags=0x0, repeatCount=0, eventTime=12281107506, downTime=12281107506, deviceId=-1, source=0x101 }
01-23 21:44:38.787 28007 28007 I Input   : injectKeyEvent: KeyEvent { action=ACTION_UP, keyCode=KEYCODE_HOME, scanCode=0, metaState=0, flags=0x0, repeatCount=0, eventTime=12281107506, downTime=12281107506, deviceId=-1, source=0x101 }
01-23 21:44:38.793  1456  1941 I ActivityManager: START u0 {act=android.intent.action.MAIN cat=[android.intent.category.HOME] flg=0x10200000 cmp=com.android.launcher3/.CustomizationPanelLauncher (has extras)} from uid 1000
01-23 21:44:38.794   794   839 E ANDR-PERF-RESOURCEQS: Failed to apply optimization [4, 0]
01-23 21:44:38.806  1456  1941 I ActivityManager: moveHomeStack, setupComplete:true
01-23 21:44:38.809 28007 28007 D AndroidRuntime: Shutting down VM
01-23 21:44:38.818 20972 21070 I OpenGLRenderer: Initialized EGL, version 1.4
01-23 21:44:38.818 20972 21070 D OpenGLRenderer: Swap behavior 2
01-23 21:44:38.830  2748  2748 D Launcher.Utilities: Wakeup weather: Intent { act=com.motorola.launcher3.action.WAKEUP_WEATHER cmp=com.motorola.timeweatherwidget/com.motorola.commandcenter.weather.WakeUpService }
01-23 21:44:38.850   808   808 D SurfaceFlinger: duplicate layer name: changing com.android.launcher3/com.android.launcher3.CustomizationPanelLauncher to com.android.launcher3/com.android.launcher3.CustomizationPanelLauncher#1
01-23 21:44:38.851  1456  1456 I NotificationService: Cannot find enqueued record for key: 0|com.motorola.timeweatherwidget|1|null|10116
01-23 21:44:38.860 20972 21055 W ThreadPoolDumper: Queue length for executor EventBus is now 11. Perhaps some tasks are too long, or the pool is too small.
01-23 21:44:38.867  1456  1473 I WifiService: getWifiEnabledState uid=10073
01-23 21:44:38.874  1456  7570 I WifiService: getWifiEnabledState uid=10073
01-23 21:44:38.907 20972 21091 I MicroDetectionState: Should stop hotword detection immediately - false
01-23 21:44:38.911 20972 21091 I MicroDetectionWorker: #startMicroDetector [speakerMode: 0]
01-23 21:44:38.913 20972 21091 I AudioController: Created new AudioSource
01-23 21:44:38.939 20972 21079 I MicroDataManager: isInitializedWithLatestParams-true
01-23 21:44:38.939 20972 21079 I MicroDataManager: isInitializing-false locale not changed-true model not changed-true
01-23 21:44:38.939 24891 24891 I Finsky  : [2] pze.onTrimMemory(1): Memory trim requested to level 80
01-23 21:44:38.939  1456  1673 I LaunchCheckinHandler: Displayed com.android.launcher3/.CustomizationPanelLauncher,wp,wa,146
01-23 21:44:38.939 20972 21079 I MicroDataManager: Already initialized, obtaining the hotword data immediately.
01-23 21:44:38.944 20972 24395 I MicroRecognitionRunner: Starting detection.
01-23 21:44:38.944 20972 24395 I InputStreamUtils: Using micInputStream
01-23 21:44:38.946 20972 24687 I MicrophoneInputStream: mic_starting  SR : 16000 CC : 16 SO : 1999
01-23 21:44:38.952   788  1401 V msm8974_platform: platform_check_input_mask: enter check_input_mask source 6 mask 10
01-23 21:44:38.954  1012 28033 I AudioFlinger: AudioFlinger's thread 0xb2483f80 tid=28033 ready to run
01-23 21:44:38.959   788  1479 D audio_hw_primary: in_set_parameters: enter: kvpairs=input_source=6;routing=-2147483644
01-23 21:44:38.960  1012  8317 D APM_AudioPolicyManager: AudioPolicyManager::startInput() input 101094, session 101169, source = 1999
01-23 21:44:38.961 20972 24687 I MicrophoneInputStream: mic_started  SR : 16000 CC : 16 SO : 1999
01-23 21:44:38.962   788 28034 V msm8974_platform: platform_update_usecase_from_source: input source :6
01-23 21:44:38.962   788 28034 V msm8974_platform: platform_check_input_mask: enter check_input_mask source 6 mask 10
01-23 21:44:38.962   788 28034 V msm8974_platform: platform_get_input_snd_device: enter: out_device(0) in_device(0x4) channel_count (1) channel_mask (0x10)
01-23 21:44:38.962   788 28034 V msm8974_platform: platform_get_input_snd_device: exit: in_snd_device(voice-rec-mic)
01-23 21:44:38.962   788 28034 V msm8974_platform: platform_get_backend_index:napb: backend port - 5 device - 120 
01-23 21:44:38.963   788 28034 V msm8974_platform: platform_check_and_set_capture_backend_cfg:txbecf: afe: bitwidth 0, samplerate 0, channel 1, backend_idx 5 usecase = 9 device (voice-rec-mic)
01-23 21:44:38.963   788 28034 V msm8974_platform: platform_check_capture_backend_cfg:txbecf: afe: Codec selected backend: 5 current bit width: 0 and sample rate: 0, channels 1
01-23 21:44:38.963   788 28034 V msm8974_platform: platform_check_capture_backend_cfg:txbecf: afe: Codec selected backend: 5 updated bit width: 0 and sample rate: 0
