--------- beginning of main
03-23 00:41:43.511  1012  1301 D APM_AudioPolicyManager: AudioPolicyManager::startInput() input 233678, session 233793, source = 1999
03-23 00:41:43.512  1456  1605 W zygote  : kill(-31497, 9) failed: No such process
03-23 00:41:43.512 28336  3499 I MicrophoneInputStream: mic_started  SR : 16000 CC : 16 SO : 1999
03-23 00:41:43.525   788 31734 V msm8974_platform: platform_update_usecase_from_source: input source :6
03-23 00:41:43.525   788 31734 V msm8974_platform: platform_check_input_mask: enter check_input_mask source 6 mask 10
03-23 00:41:43.525   788 31734 V msm8974_platform: platform_get_input_snd_device: enter: out_device(0) in_device(0x4) channel_count (1) channel_mask (0x10)
03-23 00:41:43.525   788 31734 V msm8974_platform: platform_get_input_snd_device: exit: in_snd_device(voice-rec-mic)
03-23 00:41:43.525   788 31734 V msm8974_platform: platform_get_backend_index:napb: backend port - 5 device - 120 
03-23 00:41:43.525   788 31734 V msm8974_platform: platform_check_and_set_capture_backend_cfg:txbecf: afe: bitwidth 0, samplerate 0, channel 1, backend_idx 5 usecase = 9 device (voice-rec-mic)
03-23 00:41:43.526   788 31734 V msm8974_platform: platform_check_capture_backend_cfg:txbecf: afe: Codec selected backend: 5 current bit width: 0 and sample rate: 0, channels 1
03-23 00:41:43.526   788 31734 V msm8974_platform: platform_check_capture_backend_cfg:txbecf: afe: Codec selected backend: 5 updated bit width: 0 and sample rate: 0
03-23 00:41:43.526   788 31734 I msm8974_platform: platform_check_capture_backend_cfg:txbecf: afe: Codec backend needs to be updated. new bit width: 0 new sample rate: 0 new channel: 1
03-23 00:41:43.526   788 31734 V msm8974_platform: platform_get_backend_index:napb: backend port - 5 device - 120 
03-23 00:41:43.526   788 31734 V msm8974_platform: platform_set_backend_cfg:becf: afe: bitwidth 0, samplerate 0 channels 1, backend_idx 5 device (voice-rec-mic)
03-23 00:41:43.526   788 31734 E msm8974_platform: platform_set_backend_cfg:becf: afe: Could not get ctl for mixer command - SLIM_0_TX Format
03-23 00:41:43.526   788 31734 V msm8974_platform: platform_send_audio_calibration: sending audio calibration for snd_device(120) acdb_id(62)
03-23 00:41:43.526   788 31734 D ACDB-LOADER: ACDB -> send_audio_cal, acdb_id = 62, path = 1, app id = 0x11130, sample rate = 48000
03-23 00:41:43.526   788 31734 D ACDB-LOADER: ACDB -> send_asm_topology
03-23 00:41:43.526   788 31734 D ACDB-LOADER: ACDB -> ACDB_CMD_GET_AUDPROC_STREAM_TOPOLOGY_ID
03-23 00:41:43.526   788 31734 D ACDB-LOADER: ACDB -> send_adm_topology
03-23 00:41:43.526   788 31734 D ACDB-LOADER: ACDB -> ACDB_CMD_GET_AUDPROC_COMMON_TOPOLOGY_ID
03-23 00:41:43.526   788 31734 D ACDB-LOADER: ACDB -> send_audtable
03-23 00:41:43.526   788 31734 D ACDB-LOADER: ACDB -> ACDB_CMD_GET_AUDPROC_COMMON_TABLE_SIZE
03-23 00:41:43.526   788 31734 D ACDB-LOADER: ACDB -> ACDB_CMD_GET_AUDPROC_COMMON_TABLE
03-23 00:41:43.526   788 31734 D ACDB-LOADER: ACDB -> AUDIO_SET_AUDPROC_CAL
03-23 00:41:43.526   788 31734 D ACDB-LOADER: ACDB -> send_audvoltable
03-23 00:41:43.526   788 31734 D ACDB-LOADER: ACDB -> ACDB_CMD_GET_AUDPROC_VOL_STEP_TABLE_SIZE
03-23 00:41:43.527   788 31734 D ACDB-LOADER: ACDB -> ACDB_CMD_GET_AUDPROC_GAIN_DEP_STEP_TABLE, vol index 0
03-23 00:41:43.527   788 31734 D         : Failed to fetch the lookup information of the device 0000003E 
03-23 00:41:43.527   788 31734 D ACDB-LOADER: ACDB -> AUDIO_SET_VOL_CAL cal type = 12
03-23 00:41:43.527   788 31734 D ACDB-LOADER: ACDB -> ACDB_CMD_GET_AUDPROC_STREAM_TABLE_SIZE
03-23 00:41:43.527   788 31734 D ACDB-LOADER: ACDB -> send_audstrmtable
03-23 00:41:43.527   788 31734 D ACDB-LOADER: ACDB -> ACDB_CMD_GET_AUDPROC_STREAM_TABLE_V2
03-23 00:41:43.527   788 31734 D ACDB-LOADER: ACDB -> audstrm_cal->cal_type.cal_data.cal_size = 456
03-23 00:41:43.527   788 31734 D ACDB-LOADER: ACDB -> send_afe_topology
03-23 00:41:43.527   788 31734 D ACDB-LOADER: ACDB -> ACDB_CMD_GET_AFE_TOPOLOGY_ID
03-23 00:41:43.527   788 31734 D ACDB-LOADER: ACDB -> GET_AFE_TOPOLOGY_ID for adcd_id 62, Topology Id 112fb
03-23 00:41:43.527   788 31734 D ACDB-LOADER: ACDB -> send_afe_cal
03-23 00:41:43.527   788 31734 D ACDB-LOADER: ACDB -> ACDB_CMD_GET_AFE_COMMON_TABLE_SIZE
03-23 00:41:43.527   788 31734 D         : Failed to fetch the lookup information of the device 0000003E 
03-23 00:41:43.527   788 31734 E ACDB-LOADER: Error: ACDB_CMD_GET_AFE_COMMON_TABLE_SIZE Returned = -19
03-23 00:41:43.527   788 31734 D ACDB-LOADER: ACDB -> ACDB_CMD_GET_AFE_COMMON_TABLE
03-23 00:41:43.527   788 31734 D         : Failed to fetch the lookup information of the device 0000003E 
03-23 00:41:43.527   788 31734 D ACDB-LOADER: ACDB -> AUDIO_SET_AFE_CAL
03-23 00:41:43.527   788 31734 D ACDB-LOADER: ACDB -> send_hw_delay : acdb_id = 62 path = 1
03-23 00:41:43.527   788 31734 D ACDB-LOADER: ACDB -> ACDB_AVSYNC_INFO: ACDB_CMD_GET_DEVICE_PROPERTY
03-23 00:41:43.527   788 31734 D audio_hw_primary: enable_snd_device: snd_device(120: voice-rec-mic)
03-23 00:41:43.527   788 31734 D audio_route: Apply path: voice-rec-mic
03-23 00:41:43.528  1456  1605 W zygote  : kill(-31497, 9) failed: No such process
03-23 00:41:43.529  1456  1605 I zygote  : Successfully killed process cgroup uid 11155 pid 31497 in 392ms
03-23 00:41:43.529  1456  1605 W zygote  : kill(-31584, 9) failed: No such process
03-23 00:41:43.529  1456  1605 I zygote  : Successfully killed process cgroup uid 11155 pid 31584 in 0ms
03-23 00:41:43.529  1456  1605 W zygote  : kill(-31422, 9) failed: No such process
03-23 00:41:43.532   788 31734 V msm8974_platform: platform_get_snd_device_backend_index: enter with device 120
03-23 00:41:43.532   788 31734 E msm8974_platform: platform_get_snd_device_backend_index: BE DAI Name Table is not present
03-23 00:41:43.532   788 31734 V msm8974_platform: platform_get_backend_index:napb: backend port - 5 device - 120 
03-23 00:41:43.532   788 31734 I audio_hw_utils: Set Audio Stream Capture 0 App Type Cfg: app_type 69936, acdb_dev_id 62, sample_rate 48000, snd_device_be_idx -14
03-23 00:41:43.532   788 31734 D audio_hw_primary: enable_audio_route: usecase(9) apply and update mixer path: audio-record
03-23 00:41:43.532   788 31734 D audio_route: Apply path: audio-record
03-23 00:41:43.542  1456  1605 W zygote  : kill(-31422, 9) failed: No such process
03-23 00:41:43.586  1456  1605 I chatty  : uid=1000(system) ActivityManager identical 7 lines
03-23 00:41:43.598  1456  1605 W zygote  : kill(-31422, 9) failed: No such process
03-23 00:41:43.609 28336 28379 I MicroDetectionWorker: onReady
03-23 00:41:43.612  1456  1605 W zygote  : kill(-31422, 9) failed: No such process
--------- beginning of system
03-23 00:41:43.622  1456  2162 D ConnectivityService: ConnectivityService NetworkRequestInfo binderDied(NetworkRequest [ TRACK_DEFAULT id=33005, [ Capabilities: INTERNET&NOT_RESTRICTED&TRUSTED&NOT_VPN] ], android.os.BinderProxy@32d62a4)
03-23 00:41:43.622  1456  2067 D ConnectivityService: releasing NetworkRequest [ TRACK_DEFAULT id=33005, [ Capabilities: INTERNET&NOT_RESTRICTED&TRUSTED&NOT_VPN] ] (release request)
03-23 00:41:43.640  1456  1605 W zygote  : kill(-31422, 9) failed: No such process
03-23 00:41:43.640  1456  1605 I zygote  : Successfully killed process cgroup uid 10062 pid 31422 in 110ms
03-23 00:41:43.640  1456  1605 W zygote  : kill(-31165, 9) failed: No such process
03-23 00:41:43.641  1456  1605 I zygote  : Successfully killed process cgroup uid 10030 pid 31165 in 0ms
03-23 00:41:43.641  1456  1605 W zygote  : kill(-23933, 9) failed: No such process
03-23 00:41:43.646  1456 10366 D ConnectivityService: ConnectivityService NetworkRequestInfo binderDied(NetworkRequest [ LISTEN id=32994, [ Capabilities: INTERNET&NOT_RESTRICTED&TRUSTED] ], android.os.BinderProxy@d39280d)
03-23 00:41:43.655  1456  6339 D ConnectivityService: ConnectivityService NetworkRequestInfo binderDied(NetworkRequest [ LISTEN id=33004, [ Capabilities: INTERNET&NOT_RESTRICTED&TRUSTED] ], android.os.BinderProxy@29833c2)
03-23 00:41:43.656  1456  1605 W zygote  : kill(-23933, 9) failed: No such process
03-23 00:41:43.656  1456  1605 I zygote  : Successfully killed process cgroup uid 10110 pid 23933 in 15ms
03-23 00:41:43.656  1456  1605 W zygote  : kill(-31393, 9) failed: No such process
03-23 00:41:43.657  1456  1605 I zygote  : Successfully killed process cgroup uid 10062 pid 31393 in 0ms
03-23 00:41:43.657  1456  1605 W zygote  : kill(-31085, 9) failed: No such process
03-23 00:41:43.657  1456  1605 I zygote  : Successfully killed process cgroup uid 10027 pid 31085 in 0ms
03-23 00:41:43.658  1456  1605 W zygote  : kill(-31182, 9) failed: No such process
03-23 00:41:43.672  1456  1605 W zygote  : kill(-31182, 9) failed: No such process
03-23 00:41:43.672  1456  1605 I zygote  : Successfully killed process cgroup uid 10062 pid 31182 in 14ms
03-23 00:41:43.672  1456  1605 W zygote  : kill(-31194, 9) failed: No such process
03-23 00:41:43.672  1456  1605 I zygote  : Successfully killed process cgroup uid 10090 pid 31194 in 0ms
03-23 00:41:43.673  1456  1605 W zygote  : kill(-31467, 9) failed: No such process
03-23 00:41:43.691  1456  1605 W zygote  : kill(-31467, 9) failed: No such process
03-23 00:41:43.691  1456  1605 I zygote  : Successfully killed process cgroup uid 10044 pid 31467 in 18ms
03-23 00:41:43.692  1456  1605 W zygote  : kill(-31095, 9) failed: No such process
03-23 00:41:43.692  1456  1605 I zygote  : Successfully killed process cgroup uid 1000 pid 31095 in 0ms
03-23 00:41:43.692  1456  1605 W zygote  : kill(-31115, 9) failed: No such process
03-23 00:41:43.692  1456  1605 I zygote  : Successfully killed process cgroup uid 10085 pid 31115 in 0ms
03-23 00:41:43.692  1456  1605 W zygote  : kill(-27050, 9) failed: No such process
03-23 00:41:43.692  1456  1605 I zygote  : Successfully killed process cgroup uid 10014 pid 27050 in 0ms
03-23 00:41:43.692  1456  1605 W zygote  : kill(-31311, 9) failed: No such process
03-23 00:41:43.693  1456  1605 I zygote  : Successfully killed process cgroup uid 10031 pid 31311 in 0ms
03-23 00:41:43.693  1456  1605 W zygote  : kill(-31355, 9) failed: No such process
03-23 00:41:43.693  1456  1605 I zygote  : Successfully killed process cgroup uid 10036 pid 31355 in 0ms
03-23 00:41:43.765  1456  2402 I ActivityManager: START u0 {act=android.intent.action.MAIN cat=[android.intent.category.LAUNCHER] flg=0x10000000 cmp=org.mozilla.fennec_aurora/.App} from uid 2000
03-23 00:41:43.766   794   839 E ANDR-PERF-RESOURCEQS: Failed to apply optimization [4, 0]
03-23 00:41:43.787  1456  2196 I ActivityManager: Start proc 31743:org.mozilla.fennec_aurora/u0a1155 for activity org.mozilla.fennec_aurora/.App
03-23 00:41:43.835  2748  2917 W OpenGLRenderer: Incorrectly called buildLayer on View: ShortcutAndWidgetContainer, destroying layer...
03-23 00:41:43.874 28336 28379 I MicroDetectionState: Should stop hotword detection immediately - false
03-23 00:41:43.875 28336 28379 I MicroDetector: Keeping mic open: false
03-23 00:41:43.875 28336 28379 I RecognitionAudioControl: #shutdownAudio [requestId: 5222931298989035822, keepAudioOpen: false, forced: true]
03-23 00:41:43.875 28336 21549 E DeviceStateChecker: DeviceStateChecker cancelled
03-23 00:41:43.875 28336 28379 I RecognitionAudioControl: #internalShutdownAudio [requestId: 5222931298989035822]
03-23 00:41:43.875 28336 28379 I RecognitionAudioControl: #internalShutdownAudio [keepAudioOpen: false, forced: true]
03-23 00:41:43.875 28336 28379 I RecognitionAudioControl: #actualShutdownAudio
03-23 00:41:43.875 28336 28379 I AudioController: #shutdown [requestId=5222931298989035822]
03-23 00:41:43.875 28336 28367 I AudioController: internalShutdown
03-23 00:41:43.875 28336 28374 I MicroRecognitionRunner: Stopping hotword detection.
03-23 00:41:43.929   788  1401 D audio_hw_primary: disable_audio_route: usecase(9) reset and update mixer path: audio-record
03-23 00:41:43.930   788  1401 D audio_hw_primary: disable_snd_device: snd_device(120: voice-rec-mic)
03-23 00:41:43.932  1012 11031 D APM_AudioPolicyManager: stopInput() input 233678, session 233793
03-23 00:41:43.932   788   788 D audio_hw_primary: in_set_parameters: enter: kvpairs=routing=0
03-23 00:41:43.934 28336 28367 I MicrophoneInputStream: mic_close  SR : 16000 CC : 16 SO : 1999
03-23 00:41:43.934 28336 28367 E AudioSource: Stop listening is called on already closed AudioSource
03-23 00:41:43.938 28336 21552 I MicroRecognitionRunner: Detection finished
03-23 00:41:43.951 31743 31743 I chatty  : uid=11155(org.mozilla.fennec_aurora) expire 57 lines
03-23 00:41:43.988  1456  7796 I OpenGLRenderer: Initialized EGL, version 1.4
03-23 00:41:43.988  1456  7796 D OpenGLRenderer: Swap behavior 2
03-23 00:41:44.035 31743 31762 I chatty  : uid=11155(org.mozilla.fennec_aurora) expire 4 lines
03-23 00:41:44.059 31743 31770 I chatty  : uid=11155(org.mozilla.fennec_aurora) expire 14 lines
03-23 00:41:44.078 31743 31769 I chatty  : uid=11155(org.mozilla.fennec_aurora) expire 26 lines
03-23 00:41:44.082 31743 31773 I chatty  : uid=11155(org.mozilla.fennec_aurora) expire 27 lines
03-23 00:41:44.157  1456  2918 D ConnectivityService: requestNetwork for uid/pid:11155/31743 NetworkRequest [ TRACK_DEFAULT id=33006, [ Capabilities: INTERNET&NOT_RESTRICTED&TRUSTED&NOT_VPN] ]
03-23 00:41:44.159  1456  2099 D Ethernet: got request NetworkRequest [ TRACK_DEFAULT id=33006, [ Capabilities: INTERNET&NOT_RESTRICTED&TRUSTED&NOT_VPN] ] with score 0
03-23 00:41:44.159  2398  2398 D PhoneSwitcherNetworkRequstListener: got request NetworkRequest [ TRACK_DEFAULT id=33006, [ Capabilities: INTERNET&NOT_RESTRICTED&TRUSTED&NOT_VPN] ] with score 0
03-23 00:41:44.159  1456  2054 D WIFI_UT : got request NetworkRequest [ TRACK_DEFAULT id=33006, [ Capabilities: INTERNET&NOT_RESTRICTED&TRUSTED&NOT_VPN] ] with score 0
03-23 00:41:44.159  1456  2054 D WIFI    : got request NetworkRequest [ TRACK_DEFAULT id=33006, [ Capabilities: INTERNET&NOT_RESTRICTED&TRUSTED&NOT_VPN] ] with score 0
03-23 00:41:44.178 31743 31786 I chatty  : uid=11155(org.mozilla.fennec_aurora) expire 1 line
03-23 00:41:44.221 31743 31792 I chatty  : uid=11155(org.mozilla.fennec_aurora) expire 10 lines
03-23 00:41:44.257  1456  2918 I ActivityManager: START u0 {act=android.intent.action.MAIN cat=[android.intent.category.LAUNCHER] flg=0x10000000 cmp=org.mozilla.fennec_aurora/org.mozilla.fenix.HomeActivity (has extras)} from uid 11155
03-23 00:41:44.260 31743 31748 I chatty  : uid=11155(org.mozilla.fennec_aurora) expire 8 lines
03-23 00:41:44.288   808   808 D SurfaceFlinger: duplicate layer name: changing Splash Screen org.mozilla.fennec_aurora to Splash Screen org.mozilla.fennec_aurora#1
03-23 00:41:44.528  1456  2402 I ActivityManager: Start proc 31831:org.mozilla.fennec_aurora:tab0/u0a1155 for service org.mozilla.fennec_aurora/org.mozilla.gecko.process.GeckoChildProcessServices$tab0
03-23 00:41:44.652 31743 31853 I chatty  : uid=11155(org.mozilla.fennec_aurora) expire 9 lines
03-23 00:41:44.669 31831 31831 I chatty  : uid=11155(org.mozilla.fennec_aurora) expire 2 lines
03-23 00:41:44.670 31831 31854 I chatty  : uid=11155(org.mozilla.fennec_aurora) expire 1 line
03-23 00:41:44.904  1456  1673 I LaunchCheckinHandler: Displayed org.mozilla.fennec_aurora/org.mozilla.fenix.HomeActivity,wp,ca,607
03-23 00:41:44.905  1456  1673 I ActivityManager: Displayed org.mozilla.fennec_aurora/org.mozilla.fenix.HomeActivity: +602ms (total +1s124ms)
03-23 00:41:44.922 28336 28336 I MemoryTrimmer: Trimming objects from memory, since app is in the background.
03-23 00:41:44.929 28336 28379 E AudioSource: Stop listening is called on already closed AudioSource
03-23 00:41:44.931 28336 28336 I MemoryTrimmer: Trimming objects from memory, since app is in the background.
03-23 00:41:44.931 28336  3499 I PBSessionCacheImpl: Deleted sessionId[124624629806593548] from persistence.
03-23 00:41:44.935  1456  2402 I WifiService: getWifiEnabledState uid=10073
03-23 00:41:44.941 28336 28379 I DEBUG   : OpaToSrpTransitionState#onStateChanged#notNullQuery
03-23 00:41:44.942 28336 28379 I DEBUG   : OpaToSrpTransitionState#onStateChanged#notNullQuery
03-23 00:41:44.944 28336 28379 W SearchServiceCore: Abort, client detached.
03-23 00:41:45.133  1456  2402 I ActivityManager: Fully drawn org.mozilla.fennec_aurora/org.mozilla.fenix.HomeActivity: +836ms (total +1s358ms)
03-23 00:41:45.227 31743 31860 I chatty  : uid=11155(org.mozilla.fennec_aurora) expire 2 lines
03-23 00:41:45.238   808   898 I SFPerfTracer:      triggers: (rate: 0:1) (0 sw vsyncs) (0 skipped) (17:5528547 vsyncs) (19:11951279)
03-23 00:41:45.504  1023 31881 D libc    : Internal error: netid(0), id(0x57b7), server(0.0.0.0)
03-23 00:41:45.505  1023 31881 D libc    : Internal error: netid(0), id(0x57b7), server(0.0.0.0)
03-23 00:41:45.506  1023 31881 D libc    : Internal error: netid(0), id(0x2ea4), server(0.0.0.0)
03-23 00:41:45.506  1023 31881 D libc    : Internal error: netid(0), id(0x2ea4), server(0.0.0.0)
03-23 00:41:45.536  1023 31897 D libc    : Internal error: netid(0), id(0x2df6), server(0.0.0.0)
03-23 00:41:45.536  1023 31897 D libc    : Internal error: netid(0), id(0x2df6), server(0.0.0.0)
03-23 00:41:45.536  1023 31897 D libc    : Internal error: netid(0), id(0x5d91), server(0.0.0.0)
03-23 00:41:45.537  1023 31897 D libc    : Internal error: netid(0), id(0x5d91), server(0.0.0.0)
03-23 00:41:45.540  1023 31901 D libc    : Internal error: netid(0), id(0x32aa), server(0.0.0.0)
03-23 00:41:45.541  1023 31901 D libc    : Internal error: netid(0), id(0x32aa), server(0.0.0.0)
03-23 00:41:45.541  1023 31901 D libc    : Internal error: netid(0), id(0x31f9), server(0.0.0.0)
03-23 00:41:45.541  1023 31901 D libc    : Internal error: netid(0), id(0x31f9), server(0.0.0.0)
03-23 00:41:45.545  1023 31906 D libc    : Internal error: netid(0), id(0x33b6), server(0.0.0.0)
03-23 00:41:45.545  1023 31906 D libc    : Internal error: netid(0), id(0x33b6), server(0.0.0.0)
03-23 00:41:45.545  1023 31906 D libc    : Internal error: netid(0), id(0xa0b6), server(0.0.0.0)
03-23 00:41:45.545  1023 31906 D libc    : Internal error: netid(0), id(0xa0b6), server(0.0.0.0)
03-23 00:41:45.555 31743 31797 I chatty  : uid=11155(org.mozilla.fennec_aurora) expire 1 line
03-23 00:41:45.556 31743 31771 I chatty  : uid=11155(org.mozilla.fennec_aurora) expire 2 lines
03-23 00:41:45.556 31743 31877 I chatty  : uid=11155(org.mozilla.fennec_aurora) expire 2 lines
03-23 00:41:45.558 31743 31876 I chatty  : uid=11155(org.mozilla.fennec_aurora) expire 2 lines
03-23 00:41:45.793   808   808 I SFPerfTracer:      triggers: (rate: 71:2009207) (compose: 0:7) (post: 0:19) (render: 0:17) (32:9609350 frames) (33:11869187)
03-23 00:41:45.793   808   808 D SFPerfTracer:        layers: (3:12) (NavigationBar#0 (0xb07df000): 0:805257) (StatusBar#0 (0xb07e3000): 0:1992268) (com.android.systemui.ImageWallpaper#0 (0xb07e7000): 0:73434)* (Sprite#0 (0xb0733000): 0:317)* (DimLayerController/Stack=0#0 (0xb075a000): 0:3780)* (Sprite#1 (0xb077c000): 0:195)* (org.mozilla.fennec_aurora/org.mozilla.fenix.HomeActivity#0 (0xb039b000): 0:58)- (com.android.launcher3/com.android.launcher3.CustomizationPanelLauncher#0 (0xb0763000): 0:32)- (com.android.launcher3/com.android.launcher3.CustomizationPanelLauncher#1 (0xb0771000): 0:6)- (Splash Screen org.mozilla.fennec_aurora#0 (0xb039b000): 0:19)- (Splash Screen org.mozilla.fennec_aurora#1 (0xb013a000): 0:30)- (org.mozilla.fennec_aurora/org.mozilla.fenix.HomeActivity#0 (0xb039b000): 32:45) 
03-23 00:41:48.374  1456  1600 W ResourceType: No known package when getting value for resource number 0x7f08019d
03-23 00:41:48.374  1456  1600 W ResourceType: No known package when getting value for resource number 0x7f120111
03-23 00:41:48.374  1456  1600 W ResourceType: No known package when getting value for resource number 0x7f120111
03-23 00:41:48.374  1456  1600 W ResourceType: No known package when getting value for resource number 0x7f08019b
03-23 00:41:48.374  1456  1600 W ResourceType: No known package when getting value for resource number 0x7f120110
03-23 00:41:48.374  1456  1600 W ResourceType: No known package when getting value for resource number 0x7f120110
03-23 00:41:48.376  2360  2360 D MayaFrameworkProxyService: receive intent :Intent { act=android.intent.action.PACKAGE_CHANGED dat=package:org.mozilla.fennec_aurora flg=0x45000010 (has extras) }
03-23 00:41:48.385  1456  1942 I InputReader: Reconfiguring input devices.  changes=0x00000010
03-23 00:41:48.436  1456  1456 I TelecomService: DefaultDialerCache: Refreshing default dialer for user 0: now com.android.dialer: DDC.oR@qWg
03-23 00:41:48.482  2398  2398 D CarrierSvcBindHelper: No carrier app for: 0
03-23 00:41:48.485  2398  2398 D CarrierSvcBindHelper: No carrier app for: 1
03-23 00:41:48.497  2398  2398 E VvmPkgInstalledRcvr: cannot create TelephonyManager from ComponentInfo{com.android.phone/com.android.services.telephony.TelephonyConnectionService}, [****], UserHandle{0}
03-23 00:41:48.497  2398  2398 D ImsResolver: maybeAddedImsService, packageName: org.mozilla.fennec_aurora
03-23 00:41:48.525 13975 14049 I Icing   : IndexChimeraService.getServiceInterface callingPackage=com.google.android.gms componentName=AppsCorpus serviceId=36
03-23 00:41:48.534 13975 23311 W Icing   : No valid account for uploading user actions
03-23 00:41:48.606 13975 23311 I Icing   : Usage reports ok 1, Failed Usage reports 0, indexed 0, rejected 0
03-23 00:41:48.608 13975 23311 I Icing   : Indexing com.google.android.gms-internal.3p:MobileApplication from com.google.android.gms using seqno 2511
03-23 00:41:49.490 31963 31963 D AndroidRuntime: >>>>>> START com.android.internal.os.RuntimeInit uid 2000 <<<<<<
03-23 00:41:49.506 31963 31963 W app_process: Could not reserve sentinel fault page
03-23 00:41:49.610 13975 31151 I Icing   : Indexing com.google.android.gms-apps from com.google.android.gms
03-23 00:41:49.694 31963 31963 I app_process: The ClassLoaderContext is a special shared library.
03-23 00:41:49.704 13975 31151 I Icing   : Indexing done com.google.android.gms-apps
03-23 00:41:49.772 31963 31963 D AndroidRuntime: Calling main entry com.android.commands.input.Input
03-23 00:41:49.774 31963 31963 I Input   : injectKeyEvent: KeyEvent { action=ACTION_DOWN, keyCode=KEYCODE_HOME, scanCode=0, metaState=0, flags=0x0, repeatCount=0, eventTime=17014565053, downTime=17014565053, deviceId=-1, source=0x101 }
03-23 00:41:49.785 31963 31963 I Input   : injectKeyEvent: KeyEvent { action=ACTION_UP, keyCode=KEYCODE_HOME, scanCode=0, metaState=0, flags=0x0, repeatCount=0, eventTime=17014565053, downTime=17014565053, deviceId=-1, source=0x101 }
03-23 00:41:49.791  1456  1941 I ActivityManager: START u0 {act=android.intent.action.MAIN cat=[android.intent.category.HOME] flg=0x10200000 cmp=com.android.launcher3/.CustomizationPanelLauncher (has extras)} from uid 1000
03-23 00:41:49.792   794   839 E ANDR-PERF-RESOURCEQS: Failed to apply optimization [4, 0]
03-23 00:41:49.802  1456  1941 I ActivityManager: moveHomeStack, setupComplete:true
03-23 00:41:49.810 28336 28375 I Adreno  : QUALCOMM build                   : bb5b86c, I77d3059488
03-23 00:41:49.810 28336 28375 I Adreno  : Build Date                       : 06/07/18
03-23 00:41:49.810 28336 28375 I Adreno  : OpenGL ES Shader Compiler Version: EV031.22.00.01_06
03-23 00:41:49.810 28336 28375 I Adreno  : Local Branch                     : 
03-23 00:41:49.810 28336 28375 I Adreno  : Remote Branch                    : refs/tags/AU_LINUX_ANDROID_LA.UM.6.5.R1.08.01.00.312.086
03-23 00:41:49.810 28336 28375 I Adreno  : Remote Branch                    : NONE
03-23 00:41:49.810 28336 28375 I Adreno  : Reconstruct Branch               : NOTHING
03-23 00:41:49.813 28336 28375 D vndksupport: Loading /vendor/lib/hw/gralloc.msm8937.so from current namespace instead of sphal namespace.
03-23 00:41:49.814 31963 31963 D AndroidRuntime: Shutting down VM
03-23 00:41:49.816 28336 28375 I Adreno  : PFP: 0x005ff087, ME: 0x005ff063
03-23 00:41:49.820 28336 28375 I zygote  : android::hardware::configstore::V1_0::ISurfaceFlingerConfigs::hasWideColorDisplay retrieved: 0
03-23 00:41:49.821 28336 28375 I OpenGLRenderer: Initialized EGL, version 1.4
03-23 00:41:49.822 28336 28375 D OpenGLRenderer: Swap behavior 2
03-23 00:41:49.823  2748  2748 D Launcher.Utilities: Wakeup weather: Intent { act=com.motorola.launcher3.action.WAKEUP_WEATHER cmp=com.motorola.timeweatherwidget/com.motorola.commandcenter.weather.WakeUpService }
03-23 00:41:49.841  1456  1456 I NotificationService: Cannot find enqueued record for key: 0|com.motorola.timeweatherwidget|1|null|10116
03-23 00:41:49.848   808   808 D SurfaceFlinger: duplicate layer name: changing com.android.launcher3/com.android.launcher3.CustomizationPanelLauncher to com.android.launcher3/com.android.launcher3.CustomizationPanelLauncher#1
03-23 00:41:49.860 28336 28370 W ThreadPoolDumper: Queue length for executor EventBus is now 11. Perhaps some tasks are too long, or the pool is too small.
03-23 00:41:49.861  1456  3925 I WifiService: getWifiEnabledState uid=10073
03-23 00:41:49.879  1456  6339 I WifiService: getWifiEnabledState uid=10073
03-23 00:41:49.888 28336 28379 I DEBUG   : OpaToSrpTransitionState#onStateChanged#notNullQuery
03-23 00:41:49.889 28336 28379 I DEBUG   : OpaToSrpTransitionState#onStateChanged#notNullQuery
03-23 00:41:49.904 28336 28379 I MicroDetectionState: Should stop hotword detection immediately - false
03-23 00:41:49.908 28336 28379 I MicroDetectionWorker: #startMicroDetector [speakerMode: 0]
03-23 00:41:49.910 28336 28379 I AudioController: Created new AudioSource
03-23 00:41:49.912 28336 28366 I MicroDataManager: isInitializedWithLatestParams-true
03-23 00:41:49.912 28336 28366 I MicroDataManager: isInitializing-false locale not changed-true model not changed-true
03-23 00:41:49.912 28336 28366 I MicroDataManager: Already initialized, obtaining the hotword data immediately.
03-23 00:41:49.917 28336 21549 I MicroRecognitionRunner: Starting detection.
03-23 00:41:49.918 28336 21549 I InputStreamUtils: Using micInputStream
03-23 00:41:49.918 28336 13751 I MicrophoneInputStream: mic_starting  SR : 16000 CC : 16 SO : 1999
03-23 00:41:49.922   788   788 V msm8974_platform: platform_check_input_mask: enter check_input_mask source 6 mask 10
03-23 00:41:49.925  1012 31978 I AudioFlinger: AudioFlinger's thread 0xb2483140 tid=31978 ready to run
03-23 00:41:49.930   788   788 D audio_hw_primary: in_set_parameters: enter: kvpairs=input_source=6;routing=-2147483644
03-23 00:41:49.931  1012  1301 D APM_AudioPolicyManager: AudioPolicyManager::startInput() input 233686, session 233801, source = 1999
03-23 00:41:49.931 28336 13751 I MicrophoneInputStream: mic_started  SR : 16000 CC : 16 SO : 1999
03-23 00:41:49.933   788 31979 V msm8974_platform: platform_update_usecase_from_source: input source :6
03-23 00:41:49.933   788 31979 V msm8974_platform: platform_check_input_mask: enter check_input_mask source 6 mask 10
03-23 00:41:49.933   788 31979 V msm8974_platform: platform_get_input_snd_device: enter: out_device(0) in_device(0x4) channel_count (1) channel_mask (0x10)
03-23 00:41:49.933   788 31979 V msm8974_platform: platform_get_input_snd_device: exit: in_snd_device(voice-rec-mic)
03-23 00:41:49.933   788 31979 V msm8974_platform: platform_get_backend_index:napb: backend port - 5 device - 120 
03-23 00:41:49.933   788 31979 V msm8974_platform: platform_check_and_set_capture_backend_cfg:txbecf: afe: bitwidth 0, samplerate 0, channel 1, backend_idx 5 usecase = 9 device (voice-rec-mic)
03-23 00:41:49.933   788 31979 V msm8974_platform: platform_check_capture_backend_cfg:txbecf: afe: Codec selected backend: 5 current bit width: 0 and sample rate: 0, channels 1
03-23 00:41:49.933   788 31979 V msm8974_platform: platform_check_capture_backend_cfg:txbecf: afe: Codec selected backend: 5 updated bit width: 0 and sample rate: 0
03-23 00:41:49.933   788 31979 I msm8974_platform: platform_check_capture_backend_cfg:txbecf: afe: Codec backend needs to be updated. new bit width: 0 new sample rate: 0 new channel: 1
03-23 00:41:49.933   788 31979 V msm8974_platform: platform_get_backend_index:napb: backend port - 5 device - 120 
03-23 00:41:49.933   788 31979 V msm8974_platform: platform_set_backend_cfg:becf: afe: bitwidth 0, samplerate 0 channels 1, backend_idx 5 device (voice-rec-mic)
03-23 00:41:49.934   788 31979 E msm8974_platform: platform_set_backend_cfg:becf: afe: Could not get ctl for mixer command - SLIM_0_TX Format
03-23 00:41:49.934   788 31979 V msm8974_platform: platform_send_audio_calibration: sending audio calibration for snd_device(120) acdb_id(62)
03-23 00:41:49.934   788 31979 D ACDB-LOADER: ACDB -> send_audio_cal, acdb_id = 62, path = 1, app id = 0x11130, sample rate = 48000
03-23 00:41:49.934   788 31979 D ACDB-LOADER: ACDB -> send_asm_topology
03-23 00:41:49.934   788 31979 D ACDB-LOADER: ACDB -> ACDB_CMD_GET_AUDPROC_STREAM_TOPOLOGY_ID
03-23 00:41:49.934   788 31979 D ACDB-LOADER: ACDB -> send_adm_topology
03-23 00:41:49.934   788 31979 D ACDB-LOADER: ACDB -> ACDB_CMD_GET_AUDPROC_COMMON_TOPOLOGY_ID
03-23 00:41:49.934   788 31979 D ACDB-LOADER: ACDB -> send_audtable
03-23 00:41:49.934   788 31979 D ACDB-LOADER: ACDB -> ACDB_CMD_GET_AUDPROC_COMMON_TABLE_SIZE
03-23 00:41:49.934   788 31979 D ACDB-LOADER: ACDB -> ACDB_CMD_GET_AUDPROC_COMMON_TABLE
03-23 00:41:49.934   788 31979 D ACDB-LOADER: ACDB -> AUDIO_SET_AUDPROC_CAL
03-23 00:41:49.934   788 31979 D ACDB-LOADER: ACDB -> send_audvoltable
03-23 00:41:49.934   788 31979 D ACDB-LOADER: ACDB -> ACDB_CMD_GET_AUDPROC_VOL_STEP_TABLE_SIZE
03-23 00:41:49.934   788 31979 D ACDB-LOADER: ACDB -> ACDB_CMD_GET_AUDPROC_GAIN_DEP_STEP_TABLE, vol index 0
03-23 00:41:49.934   788 31979 D         : Failed to fetch the lookup information of the device 0000003E 
03-23 00:41:49.934   788 31979 D ACDB-LOADER: ACDB -> AUDIO_SET_VOL_CAL cal type = 12
03-23 00:41:49.934   788 31979 D ACDB-LOADER: ACDB -> ACDB_CMD_GET_AUDPROC_STREAM_TABLE_SIZE
03-23 00:41:49.934   788 31979 D ACDB-LOADER: ACDB -> send_audstrmtable
03-23 00:41:49.934   788 31979 D ACDB-LOADER: ACDB -> ACDB_CMD_GET_AUDPROC_STREAM_TABLE_V2
03-23 00:41:49.934   788 31979 D ACDB-LOADER: ACDB -> audstrm_cal->cal_type.cal_data.cal_size = 456
03-23 00:41:49.934   788 31979 D ACDB-LOADER: ACDB -> send_afe_topology
03-23 00:41:49.934   788 31979 D ACDB-LOADER: ACDB -> ACDB_CMD_GET_AFE_TOPOLOGY_ID
03-23 00:41:49.934   788 31979 D ACDB-LOADER: ACDB -> GET_AFE_TOPOLOGY_ID for adcd_id 62, Topology Id 112fb
03-23 00:41:49.934   788 31979 D ACDB-LOADER: ACDB -> send_afe_cal
03-23 00:41:49.935   788 31979 D ACDB-LOADER: ACDB -> ACDB_CMD_GET_AFE_COMMON_TABLE_SIZE
03-23 00:41:49.935   788 31979 D         : Failed to fetch the lookup information of the device 0000003E 
03-23 00:41:49.935   788 31979 E ACDB-LOADER: Error: ACDB_CMD_GET_AFE_COMMON_TABLE_SIZE Returned = -19
03-23 00:41:49.935   788 31979 D ACDB-LOADER: ACDB -> ACDB_CMD_GET_AFE_COMMON_TABLE
03-23 00:41:49.935   788 31979 D         : Failed to fetch the lookup information of the device 0000003E 
03-23 00:41:49.935   788 31979 D ACDB-LOADER: ACDB -> AUDIO_SET_AFE_CAL
03-23 00:41:49.935   788 31979 D ACDB-LOADER: ACDB -> send_hw_delay : acdb_id = 62 path = 1
03-23 00:41:49.935   788 31979 D ACDB-LOADER: ACDB -> ACDB_AVSYNC_INFO: ACDB_CMD_GET_DEVICE_PROPERTY
03-23 00:41:49.935   788 31979 D audio_hw_primary: enable_snd_device: snd_device(120: voice-rec-mic)
03-23 00:41:49.935   788 31979 D audio_route: Apply path: voice-rec-mic
03-23 00:41:49.939   788 31979 V msm8974_platform: platform_get_snd_device_backend_index: enter with device 120
03-23 00:41:49.939   788 31979 E msm8974_platform: platform_get_snd_device_backend_index: BE DAI Name Table is not present
03-23 00:41:49.939   788 31979 V msm8974_platform: platform_get_backend_index:napb: backend port - 5 device - 120 
03-23 00:41:49.939   788 31979 I audio_hw_utils: Set Audio Stream Capture 0 App Type Cfg: app_type 69936, acdb_dev_id 62, sample_rate 48000, snd_device_be_idx -14
03-23 00:41:49.939   788 31979 D audio_hw_primary: enable_audio_route: usecase(9) apply and update mixer path: audio-record
03-23 00:41:49.939   788 31979 D audio_route: Apply path: audio-record
03-23 00:41:49.956  1456  1673 I LaunchCheckinHandler: Displayed com.android.launcher3/.CustomizationPanelLauncher,wp,wa,165
03-23 00:41:49.960 31743 31801 I chatty  : uid=11155(org.mozilla.fennec_aurora) expire 1 line
03-23 00:41:50.010 28336 28379 I MicroDetectionWorker: onReady
03-23 00:41:50.031 31743 31916 I chatty  : uid=11155(org.mozilla.fennec_aurora) expire 3 lines
03-23 00:41:50.090  2146  2165 I zygote  : NativeAlloc concurrent copying GC freed 14662(887KB) AllocSpace objects, 0(0B) LOS objects, 49% free, 8MB/16MB, paused 161us total 113.452ms
03-23 00:41:50.358  1456  7796 I OpenGLRenderer: Initialized EGL, version 1.4
03-23 00:41:50.359  1456  7796 D OpenGLRenderer: Swap behavior 2
03-23 00:41:50.406  2748  2917 W OpenGLRenderer: Incorrectly called buildLayer on View: ShortcutAndWidgetContainer, destroying layer...
03-23 00:41:50.742  1456  1466 I zygote  : NativeAlloc concurrent copying GC freed 132661(10MB) AllocSpace objects, 39(1804KB) LOS objects, 35% free, 43MB/67MB, paused 159us total 383.338ms
03-23 00:41:54.267  1456  1893 D BatteryService: uevent={POWER_SUPPLY_VOLTAGE_NOW=4402745, POWER_SUPPLY_CHARGE_RATE=Normal, POWER_SUPPLY_HEALTH=Good, POWER_SUPPLY_CURRENT_NOW=-200346, POWER_SUPPLY_PRESENT=1, SUBSYSTEM=power_supply, POWER_SUPPLY_TEMP=295, SEQNUM=427788, ACTION=change, POWER_SUPPLY_NAME=battery, POWER_SUPPLY_STATUS=Charging, POWER_SUPPLY_CHARGE_COUNTER=2800025, POWER_SUPPLY_CAPACITY=100, DEVPATH=/devices/soc/qpnp-smbcharger-17/power_supply/battery}
03-23 00:41:54.272  2398  2398 D QtiCarrierConfigHelper: WARNING, no carrier configs on phone Id: 0
03-23 00:41:54.999  1456 10736 I ActivityManager: Force stopping org.mozilla.fennec_aurora appid=11155 user=0: from pid 31987
03-23 00:41:55.000  1456 10736 I ActivityManager: Killing 31743:org.mozilla.fennec_aurora/u0a1155 (adj 700): stop org.mozilla.fennec_aurora
03-23 00:41:55.002  1456  1605 W zygote  : kill(-31743, 9) failed: No such process
03-23 00:41:55.004  1456 10736 W ActivityManager: Force removing ActivityRecord{81439b3 u0 org.mozilla.fennec_aurora/org.mozilla.fenix.HomeActivity t43822}: app died, no saved state
03-23 00:41:55.017  1456 10736 I ActivityManager: Killing 31831:org.mozilla.fennec_aurora:tab0/u0a1155 (adj 0): stop org.mozilla.fennec_aurora
03-23 00:41:55.019  1456  1605 W zygote  : kill(-31743, 9) failed: No such process
03-23 00:41:55.032  1456  1605 W zygote  : kill(-31743, 9) failed: No such process
03-23 00:41:55.034  2398  2398 D CarrierSvcBindHelper: No carrier app for: 0
03-23 00:41:55.034  2398  2398 D CarrierSvcBindHelper: No carrier app for: 1
03-23 00:41:55.045  1456  1605 W zygote  : kill(-31743, 9) failed: No such process
03-23 00:41:55.084  1456  5027 D ConnectivityService: ConnectivityService NetworkRequestInfo binderDied(NetworkRequest [ TRACK_DEFAULT id=33006, [ Capabilities: INTERNET&NOT_RESTRICTED&TRUSTED&NOT_VPN] ], android.os.BinderProxy@11aff45)
03-23 00:41:55.084  1456  2067 D ConnectivityService: releasing NetworkRequest [ TRACK_DEFAULT id=33006, [ Capabilities: INTERNET&NOT_RESTRICTED&TRUSTED&NOT_VPN] ] (release request)
03-23 00:41:55.086  1456  1673 W ActivityManager: setHasOverlayUi called on unknown pid: 31743
03-23 00:41:55.103  1456  1605 W zygote  : kill(-31743, 9) failed: No such process
03-23 00:41:55.103  1456  1605 I zygote  : Successfully killed process cgroup uid 11155 pid 31743 in 100ms
03-23 00:41:55.103  1456  1605 W zygote  : kill(-31831, 9) failed: No such process
03-23 00:41:55.103  1456  1605 I zygote  : Successfully killed process cgroup uid 11155 pid 31831 in 0ms
03-23 00:41:55.139  1456  2921 I ActivityManager: START u0 {act=android.intent.action.MAIN cat=[android.intent.category.LAUNCHER] flg=0x10000000 cmp=org.mozilla.fennec_aurora/.App} from uid 2000
03-23 00:41:55.140   794   839 E ANDR-PERF-RESOURCEQS: Failed to apply optimization [4, 0]
03-23 00:41:55.159  1456  3927 I ActivityManager: Start proc 31996:org.mozilla.fennec_aurora/u0a1155 for activity org.mozilla.fennec_aurora/.App
03-23 00:41:55.250 28336 28379 I MicroDetectionState: Should stop hotword detection immediately - false
03-23 00:41:55.251 28336 28379 I MicroDetector: Keeping mic open: false
03-23 00:41:55.251 28336 28379 I RecognitionAudioControl: #shutdownAudio [requestId: -2525037702323257837, keepAudioOpen: false, forced: true]
03-23 00:41:55.251 28336 21552 E DeviceStateChecker: DeviceStateChecker cancelled
03-23 00:41:55.251 28336 28379 I RecognitionAudioControl: #internalShutdownAudio [requestId: -2525037702323257837]
03-23 00:41:55.251 28336 28379 I RecognitionAudioControl: #internalShutdownAudio [keepAudioOpen: false, forced: true]
03-23 00:41:55.251 28336 28379 I RecognitionAudioControl: #actualShutdownAudio
03-23 00:41:55.252 28336 28379 I AudioController: #shutdown [requestId=-2525037702323257837]
03-23 00:41:55.252 28336 28362 I AudioController: internalShutdown
03-23 00:41:55.252 28336 28380 I MicroRecognitionRunner: Stopping hotword detection.
03-23 00:41:55.310   788   788 D audio_hw_primary: disable_audio_route: usecase(9) reset and update mixer path: audio-record
03-23 00:41:55.311   788   788 D audio_hw_primary: disable_snd_device: snd_device(120: voice-rec-mic)
03-23 00:41:55.312  1012 11919 D APM_AudioPolicyManager: stopInput() input 233686, session 233801
03-23 00:41:55.313   788  1401 D audio_hw_primary: in_set_parameters: enter: kvpairs=routing=0
03-23 00:41:55.317 28336 28362 I MicrophoneInputStream: mic_close  SR : 16000 CC : 16 SO : 1999
03-23 00:41:55.318 28336 28362 E AudioSource: Stop listening is called on already closed AudioSource
03-23 00:41:55.319 28336 21549 I MicroRecognitionRunner: Detection finished
03-23 00:41:55.326 31996 31996 I chatty  : uid=11155(org.mozilla.fennec_aurora) expire 14 lines
03-23 00:41:55.406 31996 32015 I chatty  : uid=11155(org.mozilla.fennec_aurora) expire 4 lines
03-23 00:41:55.429  1456  3925 D ConnectivityService: requestNetwork for uid/pid:11155/31996 NetworkRequest [ TRACK_DEFAULT id=33007, [ Capabilities: INTERNET&NOT_RESTRICTED&TRUSTED&NOT_VPN] ]
03-23 00:41:55.430  1456  2054 D WIFI_UT : got request NetworkRequest [ TRACK_DEFAULT id=33007, [ Capabilities: INTERNET&NOT_RESTRICTED&TRUSTED&NOT_VPN] ] with score 0
03-23 00:41:55.430  1456  2054 D WIFI    : got request NetworkRequest [ TRACK_DEFAULT id=33007, [ Capabilities: INTERNET&NOT_RESTRICTED&TRUSTED&NOT_VPN] ] with score 0
03-23 00:41:55.431  2398  2398 D PhoneSwitcherNetworkRequstListener: got request NetworkRequest [ TRACK_DEFAULT id=33007, [ Capabilities: INTERNET&NOT_RESTRICTED&TRUSTED&NOT_VPN] ] with score 0
03-23 00:41:55.433  1456  2099 D Ethernet: got request NetworkRequest [ TRACK_DEFAULT id=33007, [ Capabilities: INTERNET&NOT_RESTRICTED&TRUSTED&NOT_VPN] ] with score 0
03-23 00:41:55.434 31996 32026 I chatty  : uid=11155(org.mozilla.fennec_aurora) expire 11 lines
03-23 00:41:55.456 31996 32024 I chatty  : uid=11155(org.mozilla.fennec_aurora) expire 9 lines
03-23 00:41:55.459 31996 32029 I chatty  : uid=11155(org.mozilla.fennec_aurora) expire 27 lines
03-23 00:41:55.517 31996 32024 I chatty  : uid=11155(org.mozilla.fennec_aurora) expire 8 lines
03-23 00:41:55.520 31996 31996 I chatty  : uid=11155(org.mozilla.fennec_aurora) expire 44 lines
03-23 00:41:55.545 31996 32026 I chatty  : uid=11155(org.mozilla.fennec_aurora) expire 3 lines
03-23 00:41:55.559 31996 32036 I chatty  : uid=11155(org.mozilla.fennec_aurora) expire 1 line
03-23 00:41:55.606 31996 32044 I chatty  : uid=11155(org.mozilla.fennec_aurora) expire 10 lines
03-23 00:41:55.620 31996 32001 I chatty  : uid=11155(org.mozilla.fennec_aurora) expire 8 lines
03-23 00:41:55.644  1456  2921 I ActivityManager: START u0 {act=android.intent.action.MAIN cat=[android.intent.category.LAUNCHER] flg=0x10000000 cmp=org.mozilla.fennec_aurora/org.mozilla.fenix.HomeActivity (has extras)} from uid 11155
03-23 00:41:55.667   808   808 D SurfaceFlinger: duplicate layer name: changing Splash Screen org.mozilla.fennec_aurora to Splash Screen org.mozilla.fennec_aurora#1
03-23 00:41:55.715   808   898 I SFPerfTracer:      triggers: (rate: 0:1) (0 sw vsyncs) (0 skipped) (0:5528621 vsyncs) (2:11951381)
03-23 00:41:55.893  1456  3927 I ActivityManager: Start proc 32080:org.mozilla.fennec_aurora:tab0/u0a1155 for service org.mozilla.fennec_aurora/org.mozilla.gecko.process.GeckoChildProcessServices$tab0
03-23 00:41:56.031 32080 32080 I chatty  : uid=11155(org.mozilla.fennec_aurora) expire 2 lines
03-23 00:41:56.031 32080 32103 I chatty  : uid=11155(org.mozilla.fennec_aurora) expire 1 line
03-23 00:41:56.052 31996 32104 I chatty  : uid=11155(org.mozilla.fennec_aurora) expire 9 lines
03-23 00:41:56.286  1456  1673 I LaunchCheckinHandler: Displayed org.mozilla.fennec_aurora/org.mozilla.fenix.HomeActivity,wp,ca,603
03-23 00:41:56.287  1456  1673 I ActivityManager: Displayed org.mozilla.fennec_aurora/org.mozilla.fenix.HomeActivity: +589ms (total +1s124ms)
03-23 00:41:56.333 28336 28379 E AudioSource: Stop listening is called on already closed AudioSource
03-23 00:41:56.336 28336 13751 I PBSessionCacheImpl: Deleted sessionId[124624629806593551] from persistence.
03-23 00:41:56.336 28336 28336 I MemoryTrimmer: Trimming objects from memory, since app is in the background.
03-23 00:41:56.340  1456  2921 I WifiService: getWifiEnabledState uid=10073
03-23 00:41:56.343 28336 28379 I DEBUG   : OpaToSrpTransitionState#onStateChanged#notNullQuery
03-23 00:41:56.344 28336 28379 I DEBUG   : OpaToSrpTransitionState#onStateChanged#notNullQuery
03-23 00:41:56.346 28336 28379 W SearchServiceCore: Abort, client detached.
03-23 00:41:56.346 28336 28379 I chatty  : uid=10073(com.google.android.googlequicksearchbox) EventBus0 identical 1 line
03-23 00:41:56.347 28336 28379 W SearchServiceCore: Abort, client detached.
03-23 00:41:56.453   808   808 I SFPerfTracer:      triggers: (rate: 71:2009209) (compose: 0:7) (post: 0:19) (render: 0:17) (7:9609426 frames) (8:11869293)
03-23 00:41:56.453   808   808 D SFPerfTracer:        layers: (4:12) (NavigationBar#0 (0xb07df000): 0:805279) (StatusBar#0 (0xb07e3000): 0:1992293) (com.android.systemui.ImageWallpaper#0 (0xb07e7000): 0:73437)* (Sprite#0 (0xb0733000): 0:317)* (DimLayerController/Stack=0#0 (0xb075a000): 0:3780)* (Sprite#1 (0xb077c000): 0:195)* (org.mozilla.fennec_aurora/org.mozilla.fenix.HomeActivity#0 (0xb039b000): 0:71)- (com.android.launcher3/com.android.launcher3.CustomizationPanelLauncher#0 (0xb0763000): 0:37)- (com.android.launcher3/com.android.launcher3.CustomizationPanelLauncher#1 (0xb0771000): 0:9)- (Splash Screen org.mozilla.fennec_aurora#0 (0xb039b000): 0:19)- (Splash Screen org.mozilla.fennec_aurora#1 (0xb013a000): 8:29) (org.mozilla.fennec_aurora/org.mozilla.fenix.HomeActivity#0 (0xb039b000): 8:12) 
03-23 00:41:56.482  1456  2921 I ActivityManager: Fully drawn org.mozilla.fennec_aurora/org.mozilla.fenix.HomeActivity: +800ms (total +1s335ms)
03-23 00:41:56.662 31996 32124 I chatty  : uid=11155(org.mozilla.fennec_aurora) expire 2 lines
03-23 00:41:56.813  1023 32129 D libc    : Internal error: netid(0), id(0xa58a), server(0.0.0.0)
03-23 00:41:56.813  1023 32129 D libc    : Internal error: netid(0), id(0xa58a), server(0.0.0.0)
03-23 00:41:56.813  1023 32129 D libc    : Internal error: netid(0), id(0xa5b0), server(0.0.0.0)
03-23 00:41:56.814  1023 32129 D libc    : Internal error: netid(0), id(0xa5b0), server(0.0.0.0)
03-23 00:41:56.840  1023 32143 D libc    : Internal error: netid(0), id(0x4dd0), server(0.0.0.0)
03-23 00:41:56.840  1023 32143 D libc    : Internal error: netid(0), id(0x4dd0), server(0.0.0.0)
03-23 00:41:56.841  1023 32143 D libc    : Internal error: netid(0), id(0x3ce4), server(0.0.0.0)
03-23 00:41:56.842  1023 32143 D libc    : Internal error: netid(0), id(0x3ce4), server(0.0.0.0)
03-23 00:41:56.845  1023 32150 D libc    : Internal error: netid(0), id(0xecad), server(0.0.0.0)
03-23 00:41:56.845 31996 32117 I chatty  : uid=11155(org.mozilla.fennec_aurora) expire 2 lines
03-23 00:41:56.845  1023 32150 D libc    : Internal error: netid(0), id(0xecad), server(0.0.0.0)
03-23 00:41:56.845  1023 32150 D libc    : Internal error: netid(0), id(0xaad6), server(0.0.0.0)
03-23 00:41:56.846  1023 32150 D libc    : Internal error: netid(0), id(0xaad6), server(0.0.0.0)
03-23 00:41:56.846 31996 32118 I chatty  : uid=11155(org.mozilla.fennec_aurora) expire 2 lines
03-23 00:41:56.848  1023 32152 D libc    : Internal error: netid(0), id(0xb9cf), server(0.0.0.0)
03-23 00:41:56.848  1023 32152 D libc    : Internal error: netid(0), id(0xb9cf), server(0.0.0.0)
03-23 00:41:56.849  1023 32152 D libc    : Internal error: netid(0), id(0x3b80), server(0.0.0.0)
03-23 00:41:56.849  1023 32152 D libc    : Internal error: netid(0), id(0x3b80), server(0.0.0.0)
03-23 00:41:56.849  1023 32154 D libc    : Internal error: netid(0), id(0x9ee3), server(0.0.0.0)
03-23 00:41:56.849  1023 32154 D libc    : Internal error: netid(0), id(0x9ee3), server(0.0.0.0)
03-23 00:41:56.850  1023 32154 D libc    : Internal error: netid(0), id(0x63ec), server(0.0.0.0)
03-23 00:41:56.850  1023 32154 D libc    : Internal error: netid(0), id(0x63ec), server(0.0.0.0)
03-23 00:41:56.853  1023 32157 D libc    : Internal error: netid(0), id(0xe1e8), server(0.0.0.0)
03-23 00:41:56.854  1023 32157 D libc    : Internal error: netid(0), id(0xe1e8), server(0.0.0.0)
03-23 00:41:56.854 31996 32048 I chatty  : uid=11155(org.mozilla.fennec_aurora) expire 1 line
03-23 00:41:56.854  1023 32157 D libc    : Internal error: netid(0), id(0x7df4), server(0.0.0.0)
03-23 00:41:56.855  1023 32157 D libc    : Internal error: netid(0), id(0x7df4), server(0.0.0.0)
03-23 00:41:56.856 31996 32027 I chatty  : uid=11155(org.mozilla.fennec_aurora) expire 1 line
03-23 00:41:56.900 31996 32163 I chatty  : uid=11155(org.mozilla.fennec_aurora) expire 1 line
03-23 00:41:59.254  1456  1456 I ActivityManager: Start proc 32205:com.android.vending/u0a62 for service com.android.vending/com.google.android.finsky.scheduler.JobSchedulerEngine$PhoneskyJobSchedulerJobService
03-23 00:41:59.365 32205 32205 I Finsky  : [2] ebz.aG(7): Process created at version: 18.6.33-all [0] [PR] 292279539
03-23 00:41:59.711 32205 32227 I Finsky  : [414045] rgj.a(38): Started reading experiment flags from file [0tGUNCGIkbk4o6-fQ335kUYSKwVj4lusnHT-A5Dsy08].
03-23 00:41:59.725 32205 32226 I Finsky  : [414044] rgj.a(38): Started reading experiment flags from file [Se-xCc4LzNyh3UrKMIU2sUf-PUKz4oQEbpKZDMuaFno].
03-23 00:41:59.729 32205 32227 I Finsky  : [414045] rgj.a(49): Finished reading experiment flags from file [0tGUNCGIkbk4o6-fQ335kUYSKwVj4lusnHT-A5Dsy08].
03-23 00:41:59.738 32205 32226 I Finsky  : [414044] rgj.a(49): Finished reading experiment flags from file [Se-xCc4LzNyh3UrKMIU2sUf-PUKz4oQEbpKZDMuaFno].
03-23 00:41:59.823 32205 32205 I Finsky  : [2] tqw.<init>(11): Resetting scheduler db
03-23 00:41:59.841 32205 32225 I Finsky  : [414043] ebz.U(6): Not a unicorn account
03-23 00:41:59.851 32205 32225 W PrimesInit: Primes instant initialization
03-23 00:41:59.865 32205 32238 W Primes  : background initialization
03-23 00:41:59.888 32205 32226 I Finsky  : [414044] xqv.a(2): Disable SystemUpdateActivity, because Android is lower than Q
03-23 00:41:59.904 32205 32224 I zygote  : Deoptimizing java.lang.Object j$.util.concurrent.ConcurrentHashMap.putVal(java.lang.Object, java.lang.Object, boolean) due to JIT inline cache
03-23 00:41:59.909 32205 32224 I Finsky  : [414042] qtj.<init>(5): PackageMonitor - Registering in memory receiver for android.intent.action.PACKAGE_ADDED and android.intent.action.PACKAGE_REMOVED
03-23 00:41:59.941 32205 32223 I cr_CronetLibraryLoader: Cronet version: 81.0.4021.0, arch: armv7l
03-23 00:41:59.942 32205 32243 I Finsky  : [414060] xqu.run(4): Set SystemUpdateActivity enabled state to 2
03-23 00:41:59.967 32205 32223 W Finsky  : [414041] drd.a(21): For unauth, use getDfeApiNonAuthenticated() instead!
03-23 00:41:59.976 32205 32223 I Finsky  : [414041] ozh.c(4): Enqueuing libraries load for 0
03-23 00:41:59.977 32205 32224 W Settings: Setting download_manager_max_bytes_over_mobile has moved from android.provider.Settings.Secure to android.provider.Settings.Global.
03-23 00:41:59.980 32205 32224 I Finsky  : [414042] pxz.a(5): SettingNotFoundException, fall through to G.downloadBytesOverMobileMaximum
03-23 00:41:59.980 32205 32226 I Finsky  : [414044] gvu.f(7): Subscription detail: N/A
03-23 00:41:59.982 32205 32236 I Finsky  : [414054] ozh.a(16): Starting libraries load for 0
03-23 00:41:59.984 32205 32224 W Settings: Setting download_manager_recommended_max_bytes_over_mobile has moved from android.provider.Settings.Secure to android.provider.Settings.Global.
03-23 00:41:59.987 32205 32224 I Finsky  : [414042] pxz.a(9): SettingNotFoundException, fall through to G.downloadBytesOverMobileRecommended
03-23 00:41:59.993 32205 32223 I Finsky  : [414041] zws.l(5): Setup app restrictions monitor
03-23 00:41:59.999 32205 32223 I Finsky  : [414041] zyp.a(4): Device wide unknown source restriction is changed.
03-23 00:42:00.000 32205 32236 I Finsky  : [414054] ozh.a(38): Finished loading 0 libraries.
03-23 00:42:00.092 32205 32210 I zygote  : Do partial code cache collection, code=27KB, data=21KB
03-23 00:42:00.094 32205 32210 I zygote  : After code cache collection, code=25KB, data=21KB
03-23 00:42:00.094 32205 32210 I zygote  : Increasing code cache capacity to 128KB
03-23 00:42:00.157 32205 32225 I PlayCommon: [414043] akfb.c(8): 1 files were purged due to exceeding total storage size of 2097152
03-23 00:42:00.190 32205 32242 I PlayCommon: [414059] akew.c(29): Preparing logs for uploading
03-23 00:42:00.218 32205 32242 I PlayCommon: [414059] akew.c(133): Connecting to server for timestamp: https://play.googleapis.com/play/log/timestamp
03-23 00:42:00.227 32205 32205 I Finsky  : [2] ppb.onTrimMemory(1): Memory trim requested to level 15
