03-23 01:43:22.530 18995 19172 D SessionStorage/AutoSave: Delaying save (1622ms)
03-23 01:43:22.547 18995 18995 D GeckoSession: handleMessage GeckoView:LocationChange uri=https://example.com/
03-23 01:43:22.560 18995 19172 D places_ffi: bookmarks_get_all_with_url
03-23 01:43:22.576 18995 18995 D GeckoSession: handleMessage GeckoView:SecurityChanged uri=null
03-23 01:43:22.599 18995 19172 D places_ffi: places_connection_new
03-23 01:43:22.607 18995 18995 D mozac-webcompat: Installed WebCompat webextension: webcompat@mozilla.com
03-23 01:43:22.615 18995 19172 D places_ffi: places_note_observation
03-23 01:43:22.635 18995 19172 D sql_support::conn_ext: Transaction commited after 19.364116ms
03-23 01:43:22.679 19083 19102 W GeckoLinker: /data/app/org.mozilla.fennec_aurora-rk8Xzmg5zfkE8uxPaGM5gg==/lib/arm/libsoftokn3.so: unhandled flags #8 not handled
03-23 01:43:22.680 19083 19102 W GeckoLinker: /data/app/org.mozilla.fennec_aurora-rk8Xzmg5zfkE8uxPaGM5gg==/lib/arm/libsoftokn3.so: Relocation to NULL @0x0002cffc for symbol "__cxa_type_match"
03-23 01:43:22.681 19083 19102 W GeckoLinker: /data/app/org.mozilla.fennec_aurora-rk8Xzmg5zfkE8uxPaGM5gg==/lib/arm/libfreebl3.so: unhandled flags #8 not handled
03-23 01:43:22.682 19083 19102 W GeckoLinker: /data/app/org.mozilla.fennec_aurora-rk8Xzmg5zfkE8uxPaGM5gg==/lib/arm/libfreebl3.so: Relocation to NULL @0x0004fffc for symbol "__cxa_type_match"
03-23 01:43:22.704 18995 19172 D places_ffi: places_note_observation
03-23 01:43:22.725 18995 19172 D sql_support::conn_ext: Transaction commited after 20.323336ms
03-23 01:43:22.743 18995 19045 D places_ffi: places_note_observation
03-23 01:43:22.758 18995 19045 D sql_support::conn_ext: Transaction commited after 13.718699ms
03-23 01:43:22.987 18995 18995 I DefaultSupportedAddonsChecker: Register check for new supported add-ons
03-23 01:43:23.148 18995 18995 D GeckoSession: handleMessage GeckoView:StateUpdated uri=null
03-23 01:43:23.148 18995 18995 W GeckoSession: No history entries found.
03-23 01:43:24.166 18995 19045 D SessionStorage/AutoSave: Saved state to disk [11ms]
03-23 01:43:25.268 19241 19241 D AndroidRuntime: >>>>>> START com.android.internal.os.RuntimeInit uid 2000 <<<<<<
03-23 01:43:25.281 19241 19241 W app_process: Could not reserve sentinel fault page
03-23 01:43:25.448 19241 19241 I app_process: The ClassLoaderContext is a special shared library.
03-23 01:43:25.514 19241 19241 D AndroidRuntime: Calling main entry com.android.commands.input.Input
03-23 01:43:25.516 19241 19241 I Input   : injectKeyEvent: KeyEvent { action=ACTION_DOWN, keyCode=KEYCODE_HOME, scanCode=0, metaState=0, flags=0x0, repeatCount=0, eventTime=17018260795, downTime=17018260795, deviceId=-1, source=0x101 }
03-23 01:43:25.523 19241 19241 I Input   : injectKeyEvent: KeyEvent { action=ACTION_UP, keyCode=KEYCODE_HOME, scanCode=0, metaState=0, flags=0x0, repeatCount=0, eventTime=17018260795, downTime=17018260795, deviceId=-1, source=0x101 }
03-23 01:43:25.530  1456  1941 I ActivityManager: START u0 {act=android.intent.action.MAIN cat=[android.intent.category.HOME] flg=0x10200000 cmp=com.android.launcher3/.CustomizationPanelLauncher (has extras)} from uid 1000
03-23 01:43:25.530   794   839 E ANDR-PERF-RESOURCEQS: Failed to apply optimization [4, 0]
03-23 01:43:25.542  1456  1941 I ActivityManager: moveHomeStack, setupComplete:true
03-23 01:43:25.550 28336 28375 I Adreno  : QUALCOMM build                   : bb5b86c, I77d3059488
03-23 01:43:25.550 28336 28375 I Adreno  : Build Date                       : 06/07/18
03-23 01:43:25.550 28336 28375 I Adreno  : OpenGL ES Shader Compiler Version: EV031.22.00.01_06
03-23 01:43:25.550 28336 28375 I Adreno  : Local Branch                     : 
03-23 01:43:25.550 28336 28375 I Adreno  : Remote Branch                    : refs/tags/AU_LINUX_ANDROID_LA.UM.6.5.R1.08.01.00.312.086
03-23 01:43:25.550 28336 28375 I Adreno  : Remote Branch                    : NONE
03-23 01:43:25.550 28336 28375 I Adreno  : Reconstruct Branch               : NOTHING
03-23 01:43:25.553 28336 28375 D vndksupport: Loading /vendor/lib/hw/gralloc.msm8937.so from current namespace instead of sphal namespace.
03-23 01:43:25.554 19241 19241 D AndroidRuntime: Shutting down VM
03-23 01:43:25.557 28336 28375 I Adreno  : PFP: 0x005ff087, ME: 0x005ff063
03-23 01:43:25.561 28336 28375 I zygote  : android::hardware::configstore::V1_0::ISurfaceFlingerConfigs::hasWideColorDisplay retrieved: 0
03-23 01:43:25.561 28336 28375 I OpenGLRenderer: Initialized EGL, version 1.4
03-23 01:43:25.562 28336 28375 D OpenGLRenderer: Swap behavior 2
03-23 01:43:25.566 18205 18205 I Finsky  : [2] ppb.onTrimMemory(1): Memory trim requested to level 60
03-23 01:43:25.567  2748  2748 D Launcher.Utilities: Wakeup weather: Intent { act=com.motorola.launcher3.action.WAKEUP_WEATHER cmp=com.motorola.timeweatherwidget/com.motorola.commandcenter.weather.WakeUpService }
03-23 01:43:25.582  1456  1456 I NotificationService: Cannot find enqueued record for key: 0|com.motorola.timeweatherwidget|1|null|10116
03-23 01:43:25.589   808   808 D SurfaceFlinger: duplicate layer name: changing com.android.launcher3/com.android.launcher3.CustomizationPanelLauncher to com.android.launcher3/com.android.launcher3.CustomizationPanelLauncher#1
03-23 01:43:25.598 28336 28370 W ThreadPoolDumper: Queue length for executor EventBus is now 11. Perhaps some tasks are too long, or the pool is too small.
03-23 01:43:25.601  1456  2401 I WifiService: getWifiEnabledState uid=10073
03-23 01:43:25.610 18995 18995 I [INFO][Leanplum]: [com.leanplum.internal.RequestOld::sendIfConnected::4]: Device is offline, will send later
03-23 01:43:25.618  1456  2401 I WifiService: getWifiEnabledState uid=10073
03-23 01:43:25.622 18995 18995 I zygote  : Deoptimizing kotlinx.coroutines.internal.LockFreeLinkedListNode kotlinx.coroutines.internal.LockFreeLinkedListNode.correctPrev(kotlinx.coroutines.internal.OpDescriptor) due to JIT inline cache
03-23 01:43:25.624 18995 18995 D SessionManager: onTrimMemory(80): clearThumbnails=true, closeEngineSessions=true
03-23 01:43:25.626 28336 28379 I DEBUG   : OpaToSrpTransitionState#onStateChanged#notNullQuery
03-23 01:43:25.627 28336 28379 I DEBUG   : OpaToSrpTransitionState#onStateChanged#notNullQuery
03-23 01:43:25.643 28336 28379 I MicroDetectionState: Should stop hotword detection immediately - false
03-23 01:43:25.647 28336 28379 I MicroDetectionWorker: #startMicroDetector [speakerMode: 0]
03-23 01:43:25.649 28336 28379 I AudioController: Created new AudioSource
03-23 01:43:25.657 18995 18995 D SessionManager: Cleared 5 thumbnail(s) and unlinked 5 engine sessions(s)
03-23 01:43:25.666 18995 18995 D GeckoSession: handleMessage GeckoView:StateUpdated uri=null
03-23 01:43:25.692  1456  1673 I LaunchCheckinHandler: Displayed com.android.launcher3/.CustomizationPanelLauncher,wp,wa,162
03-23 01:43:25.693 28336 28367 I MicroDataManager: isInitializedWithLatestParams-true
03-23 01:43:25.693 28336 28367 I MicroDataManager: isInitializing-false locale not changed-true model not changed-true
03-23 01:43:25.693 28336 28367 I MicroDataManager: Already initialized, obtaining the hotword data immediately.
03-23 01:43:25.704 28336 21549 I MicroRecognitionRunner: Starting detection.
03-23 01:43:25.704 28336 21549 I InputStreamUtils: Using micInputStream
03-23 01:43:25.705 28336 24867 I MicrophoneInputStream: mic_starting  SR : 16000 CC : 16 SO : 1999
03-23 01:43:25.708   788  1401 V msm8974_platform: platform_check_input_mask: enter check_input_mask source 6 mask 10
03-23 01:43:25.710  1012 19255 I AudioFlinger: AudioFlinger's thread 0xb2483fc0 tid=19255 ready to run
03-23 01:43:25.716   788  1401 D audio_hw_primary: in_set_parameters: enter: kvpairs=input_source=6;routing=-2147483644
03-23 01:43:25.717  1012 19368 D APM_AudioPolicyManager: AudioPolicyManager::startInput() input 235334, session 235449, source = 1999
03-23 01:43:25.717 28336 24867 I MicrophoneInputStream: mic_started  SR : 16000 CC : 16 SO : 1999
03-23 01:43:25.719   788 19256 V msm8974_platform: platform_update_usecase_from_source: input source :6
03-23 01:43:25.719   788 19256 V msm8974_platform: platform_check_input_mask: enter check_input_mask source 6 mask 10
03-23 01:43:25.719   788 19256 V msm8974_platform: platform_get_input_snd_device: enter: out_device(0) in_device(0x4) channel_count (1) channel_mask (0x10)
03-23 01:43:25.719   788 19256 V msm8974_platform: platform_get_input_snd_device: exit: in_snd_device(voice-rec-mic)
03-23 01:43:25.719   788 19256 V msm8974_platform: platform_get_backend_index:napb: backend port - 5 device - 120 
03-23 01:43:25.719   788 19256 V msm8974_platform: platform_check_and_set_capture_backend_cfg:txbecf: afe: bitwidth 0, samplerate 0, channel 1, backend_idx 5 usecase = 9 device (voice-rec-mic)
03-23 01:43:25.719   788 19256 V msm8974_platform: platform_check_capture_backend_cfg:txbecf: afe: Codec selected backend: 5 current bit width: 0 and sample rate: 0, channels 1
03-23 01:43:25.719   788 19256 V msm8974_platform: platform_check_capture_backend_cfg:txbecf: afe: Codec selected backend: 5 updated bit width: 0 and sample rate: 0
03-23 01:43:25.719   788 19256 I msm8974_platform: platform_check_capture_backend_cfg:txbecf: afe: Codec backend needs to be updated. new bit width: 0 new sample rate: 0 new channel: 1
03-23 01:43:25.719   788 19256 V msm8974_platform: platform_get_backend_index:napb: backend port - 5 device - 120 
03-23 01:43:25.719   788 19256 V msm8974_platform: platform_set_backend_cfg:becf: afe: bitwidth 0, samplerate 0 channels 1, backend_idx 5 device (voice-rec-mic)
03-23 01:43:25.720   788 19256 E msm8974_platform: platform_set_backend_cfg:becf: afe: Could not get ctl for mixer command - SLIM_0_TX Format
03-23 01:43:25.720   788 19256 V msm8974_platform: platform_send_audio_calibration: sending audio calibration for snd_device(120) acdb_id(62)
03-23 01:43:25.720   788 19256 D ACDB-LOADER: ACDB -> send_audio_cal, acdb_id = 62, path = 1, app id = 0x11130, sample rate = 48000
03-23 01:43:25.720   788 19256 D ACDB-LOADER: ACDB -> send_asm_topology
03-23 01:43:25.720   788 19256 D ACDB-LOADER: ACDB -> ACDB_CMD_GET_AUDPROC_STREAM_TOPOLOGY_ID
03-23 01:43:25.720   788 19256 D ACDB-LOADER: ACDB -> send_adm_topology
03-23 01:43:25.720   788 19256 D ACDB-LOADER: ACDB -> ACDB_CMD_GET_AUDPROC_COMMON_TOPOLOGY_ID
03-23 01:43:25.720   788 19256 D ACDB-LOADER: ACDB -> send_audtable
03-23 01:43:25.720   788 19256 D ACDB-LOADER: ACDB -> ACDB_CMD_GET_AUDPROC_COMMON_TABLE_SIZE
03-23 01:43:25.720   788 19256 D ACDB-LOADER: ACDB -> ACDB_CMD_GET_AUDPROC_COMMON_TABLE
03-23 01:43:25.720   788 19256 D ACDB-LOADER: ACDB -> AUDIO_SET_AUDPROC_CAL
03-23 01:43:25.720   788 19256 D ACDB-LOADER: ACDB -> send_audvoltable
03-23 01:43:25.720   788 19256 D ACDB-LOADER: ACDB -> ACDB_CMD_GET_AUDPROC_VOL_STEP_TABLE_SIZE
03-23 01:43:25.720   788 19256 D ACDB-LOADER: ACDB -> ACDB_CMD_GET_AUDPROC_GAIN_DEP_STEP_TABLE, vol index 0
03-23 01:43:25.720   788 19256 D         : Failed to fetch the lookup information of the device 0000003E 
03-23 01:43:25.720   788 19256 D ACDB-LOADER: ACDB -> AUDIO_SET_VOL_CAL cal type = 12
03-23 01:43:25.720   788 19256 D ACDB-LOADER: ACDB -> ACDB_CMD_GET_AUDPROC_STREAM_TABLE_SIZE
03-23 01:43:25.720   788 19256 D ACDB-LOADER: ACDB -> send_audstrmtable
03-23 01:43:25.720   788 19256 D ACDB-LOADER: ACDB -> ACDB_CMD_GET_AUDPROC_STREAM_TABLE_V2
03-23 01:43:25.720   788 19256 D ACDB-LOADER: ACDB -> audstrm_cal->cal_type.cal_data.cal_size = 456
03-23 01:43:25.720   788 19256 D ACDB-LOADER: ACDB -> send_afe_topology
03-23 01:43:25.720   788 19256 D ACDB-LOADER: ACDB -> ACDB_CMD_GET_AFE_TOPOLOGY_ID
03-23 01:43:25.720   788 19256 D ACDB-LOADER: ACDB -> GET_AFE_TOPOLOGY_ID for adcd_id 62, Topology Id 112fb
03-23 01:43:25.720   788 19256 D ACDB-LOADER: ACDB -> send_afe_cal
03-23 01:43:25.720   788 19256 D ACDB-LOADER: ACDB -> ACDB_CMD_GET_AFE_COMMON_TABLE_SIZE
03-23 01:43:25.720   788 19256 D         : Failed to fetch the lookup information of the device 0000003E 
03-23 01:43:25.720   788 19256 E ACDB-LOADER: Error: ACDB_CMD_GET_AFE_COMMON_TABLE_SIZE Returned = -19
03-23 01:43:25.720   788 19256 D ACDB-LOADER: ACDB -> ACDB_CMD_GET_AFE_COMMON_TABLE
03-23 01:43:25.720   788 19256 D         : Failed to fetch the lookup information of the device 0000003E 
03-23 01:43:25.721   788 19256 D ACDB-LOADER: ACDB -> AUDIO_SET_AFE_CAL
03-23 01:43:25.721   788 19256 D ACDB-LOADER: ACDB -> send_hw_delay : acdb_id = 62 path = 1
03-23 01:43:25.721   788 19256 D ACDB-LOADER: ACDB -> ACDB_AVSYNC_INFO: ACDB_CMD_GET_DEVICE_PROPERTY
03-23 01:43:25.721   788 19256 D audio_hw_primary: enable_snd_device: snd_device(120: voice-rec-mic)
03-23 01:43:25.721   788 19256 D audio_route: Apply path: voice-rec-mic
03-23 01:43:25.724   788 19256 V msm8974_platform: platform_get_snd_device_backend_index: enter with device 120
03-23 01:43:25.724   788 19256 E msm8974_platform: platform_get_snd_device_backend_index: BE DAI Name Table is not present
03-23 01:43:25.724   788 19256 V msm8974_platform: platform_get_backend_index:napb: backend port - 5 device - 120 
03-23 01:43:25.724   788 19256 I audio_hw_utils: Set Audio Stream Capture 0 App Type Cfg: app_type 69936, acdb_dev_id 62, sample_rate 48000, snd_device_be_idx -14
03-23 01:43:25.724   788 19256 D audio_hw_primary: enable_audio_route: usecase(9) apply and update mixer path: audio-record
03-23 01:43:25.724   788 19256 D audio_route: Apply path: audio-record
03-23 01:43:25.799 28336 28379 I MicroDetectionWorker: onReady
03-23 01:43:25.824  2146  2165 I zygote  : NativeAlloc concurrent copying GC freed 19522(1063KB) AllocSpace objects, 0(0B) LOS objects, 49% free, 8MB/17MB, paused 126us total 117.465ms
03-23 01:43:25.858 18995 18995 I glean/Glean: Registering pings for org.mozilla.fenix.GleanMetrics.Pings
03-23 01:43:25.902 18995 18995 D App     : ActivationPing - already generated
03-23 01:43:25.909 18995 19045 I FenixApplication: Initializing storage after visual completeness...
03-23 01:43:26.100  1456  7796 I OpenGLRenderer: Initialized EGL, version 1.4
03-23 01:43:26.100  1456  7796 D OpenGLRenderer: Swap behavior 2
03-23 01:43:26.147  2748  2917 W OpenGLRenderer: Incorrectly called buildLayer on View: ShortcutAndWidgetContainer, destroying layer...
03-23 01:43:26.234 18995 18995 D GeckoRuntime: Lifecycle: onPause
03-23 01:43:26.234 18995 18995 D GeckoNetworkManager: Incoming event stop for state OnWithListeners -> OffWithListeners
03-23 01:43:26.235 18995 18995 I SessionStorage/AutoSave: Save: Background
03-23 01:43:26.241 18995 19021 I libglean_ffi: glean_core::ping: Collecting baseline
03-23 01:43:26.241 18995 19045 D SessionStorage/AutoSave: Saved state to disk [6ms]
03-23 01:43:26.246 18995 19021 D libglean_ffi: glean_core::ping: Storing ping '14c821c4-6fd5-4c4f-8cd1-c774f26d904e' at '/data/user/0/org.mozilla.fennec_aurora/glean_data/pending_pings/14c821c4-6fd5-4c4f-8cd1-c774f26d904e'
03-23 01:43:26.247 18995 19021 I libglean_ffi: glean_core: The ping 'baseline' was submitted and will be sent as soon as possible
03-23 01:43:26.248 18995 19021 I libglean_ffi: glean_core::ping: Collecting events
03-23 01:43:26.252 18995 19021 D libglean_ffi: glean_core::ping: Storing ping '29f3e91e-ad98-4cee-aabb-1f51e7956c45' at '/data/user/0/org.mozilla.fennec_aurora/glean_data/pending_pings/29f3e91e-ad98-4cee-aabb-1f51e7956c45'
03-23 01:43:26.253 18995 19021 I libglean_ffi: glean_core: The ping 'events' was submitted and will be sent as soon as possible
03-23 01:43:26.280   808   898 I SFPerfTracer:      triggers: (rate: 0:1) (0 sw vsyncs) (0 skipped) (37:5549174 vsyncs) (39:11977388)
03-23 01:43:27.123  2398  2398 D QtiCarrierConfigHelper: WARNING, no carrier configs on phone Id: 0
03-23 01:43:30.703  1456  4250 I ActivityManager: Force stopping org.mozilla.fennec_aurora appid=11157 user=0: from pid 19269
03-23 01:43:30.703  1456  4250 I ActivityManager: Killing 18995:org.mozilla.fennec_aurora/u0a1157 (adj 700): stop org.mozilla.fennec_aurora
03-23 01:43:30.705  1456  1605 W zygote  : kill(-18995, 9) failed: No such process
03-23 01:43:30.706 19083 19083 I ServiceChildProcess: Service has been unbound. Stopping.
03-23 01:43:30.707  1456  4250 W ActivityManager: Force removing ActivityRecord{cf9898a u0 org.mozilla.fennec_aurora/org.mozilla.fenix.HomeActivity t44234}: app died, no saved state
03-23 01:43:30.715  1456  4250 I ActivityManager: Killing 19083:org.mozilla.fennec_aurora:tab0/u0a1157 (adj 0): stop org.mozilla.fennec_aurora
03-23 01:43:30.718  1456  1605 W zygote  : kill(-18995, 9) failed: No such process
03-23 01:43:30.730  2398  2398 D CarrierSvcBindHelper: No carrier app for: 0
03-23 01:43:30.731  2398  2398 D CarrierSvcBindHelper: No carrier app for: 1
03-23 01:43:30.731  1456  1605 W zygote  : kill(-18995, 9) failed: No such process
03-23 01:43:30.777  1456  1673 W ActivityManager: setHasOverlayUi called on unknown pid: 18995
03-23 01:43:30.789  1456  1605 I chatty  : uid=1000(system) ActivityManager identical 4 lines
03-23 01:43:30.805  1456  1605 W zygote  : kill(-18995, 9) failed: No such process
03-23 01:43:30.805  1456  1605 I zygote  : Successfully killed process cgroup uid 11157 pid 18995 in 100ms
03-23 01:43:30.806  1456  1605 W zygote  : kill(-19083, 9) failed: No such process
03-23 01:43:30.806  1456  1605 I zygote  : Successfully killed process cgroup uid 11157 pid 19083 in 0ms
03-23 01:43:30.827  1456  2921 I ActivityManager: START u0 {act=android.intent.action.VIEW dat=https://example.com/... typ=text/html flg=0x10000000 cmp=org.mozilla.fennec_aurora/org.mozilla.fenix.IntentReceiverActivity} from uid 2000
03-23 01:43:30.827   794   839 E ANDR-PERF-RESOURCEQS: Failed to apply optimization [4, 0]
03-23 01:43:30.846  1456  5027 I ActivityManager: Start proc 19277:org.mozilla.fennec_aurora/u0a1157 for activity org.mozilla.fennec_aurora/org.mozilla.fenix.IntentReceiverActivity
03-23 01:43:30.934 28336 28379 I MicroDetectionState: Should stop hotword detection immediately - false
03-23 01:43:30.934 28336 28379 I MicroDetector: Keeping mic open: false
03-23 01:43:30.934 28336 28379 I RecognitionAudioControl: #shutdownAudio [requestId: 2080030430140564643, keepAudioOpen: false, forced: true]
03-23 01:43:30.935 28336 21552 E DeviceStateChecker: DeviceStateChecker cancelled
03-23 01:43:30.935 28336 28379 I RecognitionAudioControl: #internalShutdownAudio [requestId: 2080030430140564643]
03-23 01:43:30.935 28336 28379 I RecognitionAudioControl: #internalShutdownAudio [keepAudioOpen: false, forced: true]
03-23 01:43:30.935 28336 28379 I RecognitionAudioControl: #actualShutdownAudio
03-23 01:43:30.935 28336 28379 I AudioController: #shutdown [requestId=2080030430140564643]
03-23 01:43:30.935 28336 28366 I AudioController: internalShutdown
03-23 01:43:30.935 28336 28362 I MicroRecognitionRunner: Stopping hotword detection.
03-23 01:43:30.979   788  1401 D audio_hw_primary: disable_audio_route: usecase(9) reset and update mixer path: audio-record
03-23 01:43:30.980   788  1401 D audio_hw_primary: disable_snd_device: snd_device(120: voice-rec-mic)
03-23 01:43:30.981  1012 19368 D APM_AudioPolicyManager: stopInput() input 235334, session 235449
03-23 01:43:30.982   788  1479 D audio_hw_primary: in_set_parameters: enter: kvpairs=routing=0
03-23 01:43:30.983 28336 28366 I MicrophoneInputStream: mic_close  SR : 16000 CC : 16 SO : 1999
03-23 01:43:30.983 28336 28366 E AudioSource: Stop listening is called on already closed AudioSource
03-23 01:43:30.984 28336 21549 I MicroRecognitionRunner: Detection finished
03-23 01:43:30.997 19277 19277 D FirebaseApp: com.google.firebase.auth.FirebaseAuth is not linked. Skipping initialization.
03-23 01:43:30.998 19277 19277 D FirebaseApp: com.google.firebase.crash.FirebaseCrash is not linked. Skipping initialization.
03-23 01:43:30.999 19277 19277 I FirebaseInitProvider: FirebaseApp initialization successful
03-23 01:43:31.057 19277 19277 D FennecProfile: profiles.ini: true
03-23 01:43:31.061 19277 19277 D FennecProfile: Ignoring line in [general] section: StartWithLastProfile=1
03-23 01:43:31.061 19277 19277 D FennecProfile: Found 1 profiles
03-23 01:43:31.061 19277 19277 D FennecProfile: Found default profile: FennecProfile(name=default, path=/data/user/0/org.mozilla.fennec_aurora/files/mozilla/f7iwaadg.default, default=true)
03-23 01:43:31.062 19277 19296 I FA      : Collection disabled with firebase_analytics_collection_enabled=0
03-23 01:43:31.063 19277 19296 I FA      : App measurement is starting up, version: 12780
03-23 01:43:31.063 19277 19296 I FA      : To enable debug logging run: adb shell setprop log.tag.FA VERBOSE
03-23 01:43:31.063 19277 19296 I FA      : To enable faster debug mode event logging run:
03-23 01:43:31.063 19277 19296 I FA      :   adb shell setprop debug.firebase.analytics.app org.mozilla.fennec_aurora
03-23 01:43:31.066 19277 19277 D FennecMigrator: No migrations to run. Fennec install - false.
03-23 01:43:31.076 19277 19277 D FenixApplication: Initializing Glean (uploadEnabled=true, isFennec=true)
03-23 01:43:31.083 19277 19304 D RustNativeSupport: findMegazordLibraryName(viaduct, 0.55.0
03-23 01:43:31.083 19277 19304 D RustNativeSupport: lib in use: none
03-23 01:43:31.083 19277 19304 D RustNativeSupport: lib configured: megazord
03-23 01:43:31.083 19277 19304 D RustNativeSupport: lib version configured: 0.55.0
03-23 01:43:31.084 19277 19304 D RustNativeSupport: settled on megazord
03-23 01:43:31.103 19277 19303 D libglean_ffi: glean_ffi: Android logging should be hooked up!
03-23 01:43:31.104 19277 19277 D GeckoThread: State changed to LAUNCHED
03-23 01:43:31.105 19277 19307 I GeckoThread: preparing to run Gecko
03-23 01:43:31.107 19277 19303 I glean/Glean: Registering pings for mozilla.telemetry.glean.GleanMetrics.Pings
03-23 01:43:31.113 19277 19277 D GeckoRuntime: Lifecycle: onCreate
03-23 01:43:31.114 19277 19307 D GeckoThread: State changed to MOZGLUE_READY
03-23 01:43:31.116 19277 19303 I libglean_ffi: glean_core: Creating new Glean
03-23 01:43:31.117 19277 19303 D libglean_ffi: glean_core::database: Database path: "/data/user/0/org.mozilla.fennec_aurora/glean_data/db"
03-23 01:43:31.117 19277 19303 I libglean_ffi: glean_core::database: Database initialized
03-23 01:43:31.118 19277 19303 I libglean_ffi: glean_ffi: Glean initialized
03-23 01:43:31.123 19277 19304 D RustNativeSupport: findMegazordLibraryName(rustlog, 0.55.0
03-23 01:43:31.123 19277 19304 D RustNativeSupport: lib in use: none
03-23 01:43:31.123 19277 19304 D RustNativeSupport: lib configured: megazord
03-23 01:43:31.124 19277 19304 D RustNativeSupport: lib version configured: 0.55.0
03-23 01:43:31.124 19277 19304 D RustNativeSupport: settled on megazord
03-23 01:43:31.128 19277 19277 I zygote  : Deoptimizing java.lang.Object androidx.collection.SimpleArrayMap.put(java.lang.Object, java.lang.Object) due to JIT inline cache
03-23 01:43:31.134 19277 19304 I rc_log_ffi::ios: rc_log adapter initialized!
03-23 01:43:31.138 19277 19307 W Settings: Setting animator_duration_scale has moved from android.provider.Settings.System to android.provider.Settings.Global, returning read-only global URI.
03-23 01:43:31.139 19277 19303 D glean/MetricsPingSched: The 'metrics' ping was last sent on Mon Mar 23 00:00:00 EDT 2020
03-23 01:43:31.141 19277 19303 I glean/MetricsPingSched: The 'metrics' ping was already sent today, Mon Mar 23 01:43:31 EDT 2020.
03-23 01:43:31.141 19277 19307 E GeckoLibLoad: Load sqlite start
03-23 01:43:31.141 19277 19303 D glean/MetricsPingSched: Scheduling the 'metrics' ping in 94588879ms
03-23 01:43:31.150 19277 19277 D GleanMetricsService: Enabling Glean.
03-23 01:43:31.162 19277 19307 W GeckoLinker: /data/app/org.mozilla.fennec_aurora-rk8Xzmg5zfkE8uxPaGM5gg==/lib/arm/libnss3.so: unhandled flags #8 not handled
03-23 01:43:31.162 19277 19303 D libglean_ffi: glean_core: Clearing Lifetime::Application metrics
03-23 01:43:31.166 19277 19277 I glean/Dispatchers: Task queued for execution and delayed until flushed
03-23 01:43:31.167 19277 19307 W GeckoLinker: /data/app/org.mozilla.fennec_aurora-rk8Xzmg5zfkE8uxPaGM5gg==/lib/arm/libnss3.so: Relocation to NULL @0x001b9ffc for symbol "__cxa_type_match"
03-23 01:43:31.167 19277 19307 E GeckoLibLoad: Load sqlite done
03-23 01:43:31.167 19277 19307 E GeckoLibLoad: Load nss start
03-23 01:43:31.167 19277 19307 E GeckoLibLoad: Load nss done
03-23 01:43:31.168 19277 19307 W GeckoLinker: /data/app/org.mozilla.fennec_aurora-rk8Xzmg5zfkE8uxPaGM5gg==/lib/arm/libxul.so: unhandled flags #8 not handled
03-23 01:43:31.168 19277 19307 W GeckoLinker: /data/app/org.mozilla.fennec_aurora-rk8Xzmg5zfkE8uxPaGM5gg==/lib/arm/liblgpllibs.so: unhandled flags #8 not handled
03-23 01:43:31.170 19277 19277 I AdjustMetricsService: No adjust token defined
03-23 01:43:31.171 19277 19277 D PushConfig: Creating push configuration for autopush.
03-23 01:43:31.175 19277 19277 I App     : AutoPushFeature is configured, initializing it...
03-23 01:43:31.176 19277 19277 I AutoPushFeature: Checking validity of push subscriptions.
03-23 01:43:31.185 19277 19277 D FennecProfile: profiles.ini: true
03-23 01:43:31.188 19277 19277 D FennecProfile: Ignoring line in [general] section: StartWithLastProfile=1
03-23 01:43:31.188 19277 19277 D FennecProfile: Found 1 profiles
03-23 01:43:31.188 19277 19277 D FennecProfile: Found default profile: FennecProfile(name=default, path=/data/user/0/org.mozilla.fennec_aurora/files/mozilla/f7iwaadg.default, default=true)
03-23 01:43:31.189 19277 19277 I Core    : Initializing history storage
03-23 01:43:31.190 19277 19277 I Core    : Initializing bookmarks storage
03-23 01:43:31.192 19277 19277 I Core    : Initializing logins storage
03-23 01:43:31.192 19277 19304 W [WARNING][Leanplum]: [com.leanplum.internal.ActionManager::getLocationManager::8]: Geofencing support requires leanplum-location module and Google Play Services v8.1 and higher.
03-23 01:43:31.192 19277 19304 W [WARNING][Leanplum]: Add this to your build.gradle file:
03-23 01:43:31.192 19277 19304 W [WARNING][Leanplum]: implementation 'com.google.android.gms:play-services-location:8.3.0+'
03-23 01:43:31.192 19277 19304 W [WARNING][Leanplum]: implementation 'com.leanplum:leanplum-location:+'
03-23 01:43:31.196 19277 19304 I [INFO][Leanplum]: [com.leanplum.monitoring.ExceptionHandler::setContext::6]: LeanplumExceptionHandler could not initialize Exception Reporting.This is expected if you have not included the leanplum-monitoring module
03-23 01:43:31.201 19277 19303 I libglean_ffi: glean_core: Upload enabled: true
03-23 01:43:31.203 19277 19307 E GeckoLibLoad: Loaded libs in 35.502139ms total, 20ms(123ms) user, 13ms(23ms) system, 0(0) faults
03-23 01:43:31.203 19277 19307 D GeckoThread: State changed to LIBS_READY
03-23 01:43:31.208 19277 19307 W GeckoThread: zerdatime 17470304976 - runGecko
03-23 01:43:31.210 19277 19315 I [INFO][Leanplum]: [com.leanplum.LeanplumFcmProvider::isManifestSetup::11]: Firebase Messaging is setup correctly.
03-23 01:43:31.213 19277 19307 D GeckoProfile: Loading profile at: null name: default
03-23 01:43:31.214 19277 19307 D GeckoProfile: Found profile dir: /data/user/0/org.mozilla.fennec_aurora/files/mozilla/f7iwaadg.default
03-23 01:43:31.235 19277 19277 I FirefoxAccountStateMachine: Enabling/updating sync with a new SyncConfig: SyncConfig(supportedEngines=[mozilla.components.service.fxa.SyncEngine$History@fd029d5, mozilla.components.service.fxa.SyncEngine$Bookmarks@81ee5ea, mozilla.components.service.fxa.SyncEngine$Passwords@c3160db], syncPeriodInMinutes=240)
03-23 01:43:31.239 19277 19277 I BgSyncManager: Periodic syncing enabled at a 240 interval
03-23 01:43:31.240 19277 19277 I FirefoxAccountStateMachine: Sync is enabled
03-23 01:43:31.247 19277 19323 I FirefoxAccountStateMachine: Processing event Event$Init for state Start. Next state is Start
03-23 01:43:31.257 19277 19277 D FennecMigrator: This is not a Fennec installation. No migration needed.
03-23 01:43:31.259 19277 19277 D SessionManager: onTrimMemory(5): clearThumbnails=false, closeEngineSessions=false
03-23 01:43:31.263 19277 19323 I FirefoxAccountStateMachine: Ran 'Event$Init' side-effects for state Start, got successive event Event$AccountNotFound
03-23 01:43:31.264 19277 19323 I FirefoxAccountStateMachine: Processing event Event$AccountNotFound for state Start. Next state is NotAuthenticated
03-23 01:43:31.268 19277 19323 D RustNativeSupport: findMegazordLibraryName(fxaclient, 0.55.0
03-23 01:43:31.268 19277 19323 D RustNativeSupport: lib in use: none
03-23 01:43:31.268 19277 19323 D RustNativeSupport: lib configured: megazord
03-23 01:43:31.268 19277 19323 D RustNativeSupport: lib version configured: 0.55.0
03-23 01:43:31.268 19277 19323 D RustNativeSupport: settled on megazord
03-23 01:43:31.270 19277 19323 D fxaclient_ffi: fxa_new
03-23 01:43:31.272 19277 19282 I zygote  : Do partial code cache collection, code=24KB, data=28KB
03-23 01:43:31.274 19277 19282 I zygote  : After code cache collection, code=22KB, data=28KB
03-23 01:43:31.274 19277 19282 I zygote  : Increasing code cache capacity to 128KB
03-23 01:43:31.284 19277 19277 D GeckoRuntime: Lifecycle: onStart
03-23 01:43:31.293 19277 19277 I [INFO][Leanplum]: [com.leanplum.internal.RequestOld::sendIfConnected::4]: Device is offline, will send later
03-23 01:43:31.304 19277 19277 D GeckoRuntime: Lifecycle: onResume
03-23 01:43:31.305 19277 19277 D GeckoNetworkManager: Incoming event start for state OffNoListeners -> OnNoListeners
03-23 01:43:31.306 19277 19277 D GeckoNetworkManager: New network state: DOWN, NONE, UNKNOWN
03-23 01:43:31.323 19277 19337 D OpenGLRenderer: HWUI GL Pipeline
03-23 01:43:31.409  1456  4802 I ActivityManager: START u0 {act=android.intent.action.VIEW dat=https://example.com/... typ=text/html cmp=org.mozilla.fennec_aurora/org.mozilla.fenix.HomeActivity (has extras)} from uid 11157
03-23 01:43:31.420 19277 19277 D GeckoNetworkManager: Incoming event receivedUpdate for state OnNoListeners -> OnNoListeners
03-23 01:43:31.421 19277 19277 D GeckoNetworkManager: New network state: DOWN, NONE, UNKNOWN
03-23 01:43:31.435 19277 19337 I Adreno  : QUALCOMM build                   : bb5b86c, I77d3059488
03-23 01:43:31.435 19277 19337 I Adreno  : Build Date                       : 06/07/18
03-23 01:43:31.435 19277 19337 I Adreno  : OpenGL ES Shader Compiler Version: EV031.22.00.01_06
03-23 01:43:31.435 19277 19337 I Adreno  : Local Branch                     : 
03-23 01:43:31.435 19277 19337 I Adreno  : Remote Branch                    : refs/tags/AU_LINUX_ANDROID_LA.UM.6.5.R1.08.01.00.312.086
03-23 01:43:31.435 19277 19337 I Adreno  : Remote Branch                    : NONE
03-23 01:43:31.435 19277 19337 I Adreno  : Reconstruct Branch               : NOTHING
03-23 01:43:31.437 19277 19337 D vndksupport: Loading /vendor/lib/hw/gralloc.msm8937.so from current namespace instead of sphal namespace.
03-23 01:43:31.448 19277 19337 I Adreno  : PFP: 0x005ff087, ME: 0x005ff063
03-23 01:43:31.456 19277 19337 I zygote  : android::hardware::configstore::V1_0::ISurfaceFlingerConfigs::hasWideColorDisplay retrieved: 0
03-23 01:43:31.457 19277 19337 I OpenGLRenderer: Initialized EGL, version 1.4
03-23 01:43:31.457 19277 19337 D OpenGLRenderer: Swap behavior 2
03-23 01:43:31.490 19277 19307 I Gecko:DumpUtils: Fifo watcher disabled via pref.
03-23 01:43:31.498  1456  2921 I WindowManager: Keep hide if surface has never drawn Window{79d5808 u0 org.mozilla.fennec_aurora/org.mozilla.fenix.IntentReceiverActivity}
03-23 01:43:31.499  1456  2921 I WindowManager: Failed to capture screenshot of Token{4dc1c0 ActivityRecord{fc05743 u0 org.mozilla.fennec_aurora/org.mozilla.fenix.IntentReceiverActivity t44235 f}} appWin=Window{79d5808 u0 org.mozilla.fennec_aurora/org.mozilla.fenix.IntentReceiverActivity} drawState=1
03-23 01:43:31.504 19277 19277 D MigrationPushRenewer: Migration state: NONE
03-23 01:43:31.504 19277 19277 D MigrationTelemetryListener: Migration state: NONE
03-23 01:43:31.526  1456  1673 I LaunchCheckinHandler: Displayed org.mozilla.fennec_aurora/org.mozilla.fenix.IntentReceiverActivity,cp,ca,691
03-23 01:43:31.533 19277 19307 D GeckoSysInfo: System memory: 1867MB.
03-23 01:43:31.536 19277 19307 D GeckoThread: State changed to JNI_READY
03-23 01:43:31.562  1456  6339 I ActivityManager: Start proc 19366:org.mozilla.fennec_aurora:tab0/u0a1157 for service org.mozilla.fennec_aurora/org.mozilla.gecko.process.GeckoChildProcessServices$tab0
03-23 01:43:31.569 19277 19277 D PhoneWindow: Restoring navigation bar divider color to default value = 0x00000000
03-23 01:43:31.628 19277 19277 I NavController: Ignoring popBackStack to destination org.mozilla.fennec_aurora:id/browserFragment as it was not found on the current back stack
03-23 01:43:31.669 19277 19282 I zygote  : Do partial code cache collection, code=59KB, data=54KB
03-23 01:43:31.671 19277 19282 I zygote  : After code cache collection, code=51KB, data=49KB
03-23 01:43:31.671 19277 19282 I zygote  : Increasing code cache capacity to 256KB
03-23 01:43:31.728 19366 19366 D GeckoThread: State changed to LAUNCHED
03-23 01:43:31.728 19366 19387 I GeckoThread: preparing to run Gecko
03-23 01:43:31.822 19277 19306 D RustNativeSupport: findMegazordLibraryName(places, 0.55.0
03-23 01:43:31.822 19277 19306 D RustNativeSupport: lib in use: none
03-23 01:43:31.822 19277 19306 D RustNativeSupport: lib configured: megazord
03-23 01:43:31.822 19277 19306 D RustNativeSupport: lib version configured: 0.55.0
03-23 01:43:31.822 19277 19306 D RustNativeSupport: settled on megazord
03-23 01:43:31.827 19277 19306 D places_ffi: places_api_new
03-23 01:43:31.874 19277 19306 D sql_support::conn_ext: Transaction commited after 34.449274ms
03-23 01:43:31.877 19277 19306 D places_ffi: places_connection_new
03-23 01:43:31.885 19277 19306 D places_ffi: places_connection_new
03-23 01:43:31.898   808   808 I SFPerfTracer:      triggers: (rate: 71:2009530) (compose: 0:7) (post: 0:19) (render: 0:17) (16:9628376 frames) (17:11894788)
03-23 01:43:31.899   808   808 D SFPerfTracer:        layers: (3:12) (NavigationBar#0 (0xb07df000): 9:809568) (StatusBar#0 (0xb07e3000): 9:1997122) (com.android.systemui.ImageWallpaper#0 (0xb07e7000): 0:73886)* (Sprite#0 (0xb0733000): 0:317)* (DimLayerController/Stack=0#0 (0xb075a000): 0:3780)* (Sprite#1 (0xb077c000): 0:195)* (Splash Screen org.mozilla.fennec_aurora#0 (0xb013a000): 0:32)- (org.mozilla.fennec_aurora/org.mozilla.fenix.HomeActivity#0 (0xaff5e000): 0:57)- (com.android.launcher3/com.android.launcher3.CustomizationPanelLauncher#0 (0xb0763000): 0:41)* (com.android.launcher3/com.android.launcher3.CustomizationPanelLauncher#1 (0xb0771000): 0:10)* (org.mozilla.fennec_aurora/org.mozilla.fenix.IntentReceiverActivity#0 (0xb039b000): 0:2)* (Splash Screen org.mozilla.fennec_aurora#0 (0xb013a000): 16:20) 
03-23 01:43:31.906 19277 19306 D places_ffi: bookmarks_get_all_with_url
03-23 01:43:31.927 19277 19277 I [INFO][Leanplum]: [com.leanplum.internal.RequestOld::sendIfConnected::4]: Device is offline, will send later
03-23 01:43:31.937 19277 19323 W FirefoxAccountStateMachine: Got invalid event Event$Init for state NotAuthenticated.
03-23 01:43:31.949 19277 19277 E [ERROR][Leanplum]: [com.leanplum.LeanplumFcmProvider$1::onComplete::2]: getInstanceId failed
03-23 01:43:32.007 19277 19388 W LOTTIE  : Animation contains merge paths. Merge paths are only supported on KitKat+ and must be manually enabled by calling enableMergePathsForKitKatAndAbove().
03-23 01:43:32.076  1456  6339 I ActivityManager: Displayed org.mozilla.fennec_aurora/org.mozilla.fenix.HomeActivity: +587ms (total +1s241ms)
03-23 01:43:32.076  1456  6339 I ActivityManager: Fully drawn org.mozilla.fennec_aurora/org.mozilla.fenix.HomeActivity: +587ms (total +1s241ms)
03-23 01:43:32.095 19277 19307 D GeckoThread: State changed to PROFILE_READY
03-23 01:43:32.103 19277 19282 I zygote  : Do full code cache collection, code=126KB, data=101KB
03-23 01:43:32.104 19277 19282 I zygote  : After code cache collection, code=97KB, data=58KB
03-23 01:43:32.127 19277 19337 D vndksupport: Loading /vendor/lib/hw/android.hardware.graphics.mapper@2.0-impl.so from current namespace instead of sphal namespace.
03-23 01:43:32.131 19277 19337 D vndksupport: Loading /vendor/lib/hw/gralloc.msm8937.so from current namespace instead of sphal namespace.
03-23 01:43:32.180 19277 19277 W LOTTIE  : Animation contains merge paths but they are disabled.
03-23 01:43:32.199 19277 19307 D GeckoThread: State changed to RUNNING
03-23 01:43:32.215 19277 19307 I Gecko   : -*- nsDNSServiceDiscovery.js : nsDNSServiceDiscovery
03-23 01:43:32.223 28336 28336 I MemoryTrimmer: Trimming objects from memory, since app is in the background.
03-23 01:43:32.230 28336 28336 I MemoryTrimmer: Trimming objects from memory, since app is in the background.
03-23 01:43:32.231 28336 28379 E AudioSource: Stop listening is called on already closed AudioSource
03-23 01:43:32.235 28336 24867 I PBSessionCacheImpl: Deleted sessionId[124624629806594580] from persistence.
03-23 01:43:32.237  1456  6339 I WifiService: getWifiEnabledState uid=10073
03-23 01:43:32.240 28336 28379 I DEBUG   : OpaToSrpTransitionState#onStateChanged#notNullQuery
03-23 01:43:32.240 28336 28379 I DEBUG   : OpaToSrpTransitionState#onStateChanged#notNullQuery
03-23 01:43:32.242 28336 28379 W SearchServiceCore: Abort, client detached.
03-23 01:43:32.287 19277 19277 D GeckoNetworkManager: Incoming event enableNotifications for state OnNoListeners -> OnWithListeners
03-23 01:43:32.288 19277 19277 D GeckoNetworkManager: New network state: DOWN, NONE, UNKNOWN
03-23 01:43:32.289 19277 19277 D GeckoNetworkManager: Incoming event receivedUpdate for state OnWithListeners -> OnWithListeners
03-23 01:43:32.290 19277 19277 D GeckoNetworkManager: New network state: DOWN, NONE, UNKNOWN
03-23 01:43:32.292 19277 19307 W GeckoLinker: /data/app/org.mozilla.fennec_aurora-rk8Xzmg5zfkE8uxPaGM5gg==/lib/arm/libsoftokn3.so: unhandled flags #8 not handled
03-23 01:43:32.293 19277 19307 W GeckoLinker: /data/app/org.mozilla.fennec_aurora-rk8Xzmg5zfkE8uxPaGM5gg==/lib/arm/libsoftokn3.so: Relocation to NULL @0x0002cffc for symbol "__cxa_type_match"
03-23 01:43:32.293 19277 19307 W GeckoLinker: /data/app/org.mozilla.fennec_aurora-rk8Xzmg5zfkE8uxPaGM5gg==/lib/arm/libfreebl3.so: unhandled flags #8 not handled
03-23 01:43:32.294 19277 19307 W GeckoLinker: /data/app/org.mozilla.fennec_aurora-rk8Xzmg5zfkE8uxPaGM5gg==/lib/arm/libfreebl3.so: Relocation to NULL @0x0004fffc for symbol "__cxa_type_match"
03-23 01:43:32.325 19277 19399 W GeckoLinker: /data/app/org.mozilla.fennec_aurora-rk8Xzmg5zfkE8uxPaGM5gg==/lib/arm/libnssckbi.so: unhandled flags #8 not handled
03-23 01:43:32.326 19277 19399 W GeckoLinker: /data/app/org.mozilla.fennec_aurora-rk8Xzmg5zfkE8uxPaGM5gg==/lib/arm/libnssckbi.so: Relocation to NULL @0x00055ffc for symbol "__cxa_type_match"
03-23 01:43:32.393 19277 19307 W ResourceType: Too many attribute references, stopped at: 0x01010099
03-23 01:43:32.441 19277 19307 W GeckoEventDispatcher: No listener for GeckoView:AccessibilityEnabled
03-23 01:43:32.583  1023 19430 D libc    : Internal error: netid(0), id(0xba3d), server(0.0.0.0)
03-23 01:43:32.583  1023 19430 D libc    : Internal error: netid(0), id(0xba3d), server(0.0.0.0)
03-23 01:43:32.583  1023 19430 D libc    : Internal error: netid(0), id(0x4316), server(0.0.0.0)
03-23 01:43:32.583  1023 19430 D libc    : Internal error: netid(0), id(0x4316), server(0.0.0.0)
03-23 01:43:32.609  1023 19437 D libc    : Internal error: netid(0), id(0x712), server(0.0.0.0)
03-23 01:43:32.609  1023 19437 D libc    : Internal error: netid(0), id(0x712), server(0.0.0.0)
03-23 01:43:32.609  1023 19437 D libc    : Internal error: netid(0), id(0x8f3a), server(0.0.0.0)
03-23 01:43:32.609  1023 19437 D libc    : Internal error: netid(0), id(0x8f3a), server(0.0.0.0)
03-23 01:43:32.610  1023 19442 D libc    : Internal error: netid(0), id(0xdf20), server(0.0.0.0)
03-23 01:43:32.611  1023 19442 D libc    : Internal error: netid(0), id(0xdf20), server(0.0.0.0)
03-23 01:43:32.611  1023 19442 D libc    : Internal error: netid(0), id(0x57), server(0.0.0.0)
03-23 01:43:32.611 19277 19307 W ResourceType: Too many attribute references, stopped at: 0x01010099
03-23 01:43:32.611  1023 19442 D libc    : Internal error: netid(0), id(0x57), server(0.0.0.0)
03-23 01:43:32.614  1023 19445 D libc    : Internal error: netid(0), id(0x5633), server(0.0.0.0)
03-23 01:43:32.614  1023 19445 D libc    : Internal error: netid(0), id(0x5633), server(0.0.0.0)
03-23 01:43:32.614  1023 19445 D libc    : Internal error: netid(0), id(0x2571), server(0.0.0.0)
03-23 01:43:32.615  1023 19445 D libc    : Internal error: netid(0), id(0x2571), server(0.0.0.0)
03-23 01:43:32.637 19277 19304 D App     : Could not fetch region from location service
03-23 01:43:32.637 19277 19304 D App     : java.io.IOException: org.mozilla.geckoview.WebRequestError: Request failed, error=0x25, category=0x5
03-23 01:43:32.637 19277 19304 D App     : 	at mozilla.components.browser.engine.gecko.fetch.GeckoViewFetchClient.fetch(GeckoViewFetchClient.kt:39)
03-23 01:43:32.637 19277 19304 D App     : 	at mozilla.components.service.location.MozillaLocationService$fetchRegion$2.invokeSuspend(MozillaLocationService.kt:27)
03-23 01:43:32.637 19277 19304 D App     : 	at mozilla.components.service.location.MozillaLocationService$fetchRegion$2.invoke(Unknown Source:10)
03-23 01:43:32.637 19277 19304 D App     : 	at kotlin.jvm.internal.Intrinsics.startUndispatchedOrReturn(Intrinsics.java:2)
03-23 01:43:32.637 19277 19304 D App     : 	at kotlin.jvm.internal.Intrinsics.withContext(Intrinsics.java:9)
03-23 01:43:32.637 19277 19304 D App     : 	at mozilla.components.service.location.MozillaLocationService.fetchRegion(MozillaLocationService.kt:2)
03-23 01:43:32.637 19277 19304 D App     : 	at mozilla.components.service.location.search.RegionSearchLocalizationProvider.determineRegion(RegionSearchLocalizationProvider.kt:5)
03-23 01:43:32.637 19277 19304 D App     : 	at mozilla.components.browser.search.provider.AssetsSearchEngineProvider.loadSearchEngines(AssetsSearchEngineProvider.kt:5)
03-23 01:43:32.637 19277 19304 D App     : 	at org.mozilla.fenix.components.searchengine.FenixSearchEngineProvider$baseSearchEngines$1.invokeSuspend(FenixSearchEngineProvider.kt:9)
03-23 01:43:32.637 19277 19304 D App     : 	at kotlin.coroutines.jvm.internal.BaseContinuationImpl.resumeWith(ContinuationImpl.kt:2)
03-23 01:43:32.637 19277 19304 D App     : 	at kotlinx.coroutines.DispatchedTask.run(DispatchedTask.kt:19)
03-23 01:43:32.637 19277 19304 D App     : 	at kotlinx.coroutines.scheduling.CoroutineScheduler.runSafely(CoroutineScheduler.kt:1)
03-23 01:43:32.637 19277 19304 D App     : 	at kotlinx.coroutines.scheduling.CoroutineScheduler$Worker.run(CoroutineScheduler.kt:14)
03-23 01:43:32.637 19277 19304 D App     : Caused by: org.mozilla.geckoview.WebRequestError: Request failed, error=0x25, category=0x5
03-23 01:43:32.637 19277 19304 D App     : 	at org.mozilla.gecko.mozglue.GeckoLoader.nativeRun(Native Method)
03-23 01:43:32.637 19277 19304 D App     : 	at org.mozilla.gecko.GeckoThread.run(GeckoThread.java:91)
03-23 01:43:32.637 19277 19330 D App     : Could not fetch region from location service
03-23 01:43:32.637 19277 19330 D App     : java.io.IOException: org.mozilla.geckoview.WebRequestError: Request failed, error=0x25, category=0x5
03-23 01:43:32.637 19277 19330 D App     : 	at mozilla.components.browser.engine.gecko.fetch.GeckoViewFetchClient.fetch(GeckoViewFetchClient.kt:39)
03-23 01:43:32.637 19277 19330 D App     : 	at mozilla.components.service.location.MozillaLocationService$fetchRegion$2.invokeSuspend(MozillaLocationService.kt:27)
03-23 01:43:32.637 19277 19330 D App     : 	at kotlin.coroutines.jvm.internal.BaseContinuationImpl.resumeWith(ContinuationImpl.kt:2)
03-23 01:43:32.637 19277 19330 D App     : 	at kotlinx.coroutines.DispatchedTask.run(DispatchedTask.kt:19)
03-23 01:43:32.637 19277 19330 D App     : 	at kotlinx.coroutines.scheduling.CoroutineScheduler.runSafely(CoroutineScheduler.kt:1)
03-23 01:43:32.637 19277 19330 D App     : 	at kotlinx.coroutines.scheduling.CoroutineScheduler$Worker.run(CoroutineScheduler.kt:14)
03-23 01:43:32.637 19277 19330 D App     : Caused by: org.mozilla.geckoview.WebRequestError: Request failed, error=0x25, category=0x5
03-23 01:43:32.637 19277 19330 D App     : 	at org.mozilla.gecko.mozglue.GeckoLoader.nativeRun(Native Method)
03-23 01:43:32.637 19277 19330 D App     : 	at org.mozilla.gecko.GeckoThread.run(GeckoThread.java:91)
03-23 01:43:32.731  1456  1893 D BatteryService: uevent={POWER_SUPPLY_VOLTAGE_NOW=4298680, POWER_SUPPLY_CHARGE_RATE=Normal, POWER_SUPPLY_HEALTH=Good, POWER_SUPPLY_CURRENT_NOW=201262, POWER_SUPPLY_PRESENT=1, SUBSYSTEM=power_supply, POWER_SUPPLY_TEMP=292, SEQNUM=427856, ACTION=change, POWER_SUPPLY_NAME=battery, POWER_SUPPLY_STATUS=Full, POWER_SUPPLY_CHARGE_COUNTER=2803119, POWER_SUPPLY_CAPACITY=100, DEVPATH=/devices/soc/qpnp-smbcharger-17/power_supply/battery}
03-23 01:43:32.735  2398  2398 D QtiCarrierConfigHelper: WARNING, no carrier configs on phone Id: 0
03-23 01:43:32.745 19366 19387 D GeckoThread: State changed to MOZGLUE_READY
03-23 01:43:32.753 19366 19387 W Settings: Setting animator_duration_scale has moved from android.provider.Settings.System to android.provider.Settings.Global, returning read-only global URI.
03-23 01:43:32.756 19366 19387 E GeckoLibLoad: Load sqlite start
03-23 01:43:32.773 19277 19307 I GeckoSession: zerdatime 17470306541 - chrome startup finished
03-23 01:43:32.773 19366 19387 W GeckoLinker: /data/app/org.mozilla.fennec_aurora-rk8Xzmg5zfkE8uxPaGM5gg==/lib/arm/libnss3.so: unhandled flags #8 not handled
03-23 01:43:32.778 19366 19387 W GeckoLinker: /data/app/org.mozilla.fennec_aurora-rk8Xzmg5zfkE8uxPaGM5gg==/lib/arm/libnss3.so: Relocation to NULL @0x001b9ffc for symbol "__cxa_type_match"
03-23 01:43:32.778 19366 19387 E GeckoLibLoad: Load sqlite done
03-23 01:43:32.779 19366 19387 E GeckoLibLoad: Load nss start
03-23 01:43:32.779 19366 19387 E GeckoLibLoad: Load nss done
03-23 01:43:32.779 19366 19387 W GeckoLinker: /data/app/org.mozilla.fennec_aurora-rk8Xzmg5zfkE8uxPaGM5gg==/lib/arm/libxul.so: unhandled flags #8 not handled
03-23 01:43:32.779 19366 19387 W GeckoLinker: /data/app/org.mozilla.fennec_aurora-rk8Xzmg5zfkE8uxPaGM5gg==/lib/arm/liblgpllibs.so: unhandled flags #8 not handled
03-23 01:43:32.812 19366 19387 E GeckoLibLoad: Loaded libs in 32.885316ms total, 23ms(26ms) user, 6ms(6ms) system, 0(0) faults
03-23 01:43:32.812 19366 19387 D GeckoThread: State changed to LIBS_READY
03-23 01:43:32.812 19366 19387 W GeckoThread: zerdatime 17470306579 - runGecko
03-23 01:43:32.815 19277 19454 D App     : Could not fetch region from location service
03-23 01:43:32.815 19277 19454 D App     : java.io.IOException: org.mozilla.geckoview.WebRequestError: Request failed, error=0x25, category=0x5
03-23 01:43:32.815 19277 19454 D App     : 	at mozilla.components.browser.engine.gecko.fetch.GeckoViewFetchClient.fetch(GeckoViewFetchClient.kt:39)
03-23 01:43:32.815 19277 19454 D App     : 	at mozilla.components.service.location.MozillaLocationService$fetchRegion$2.invokeSuspend(MozillaLocationService.kt:27)
03-23 01:43:32.815 19277 19454 D App     : 	at mozilla.components.service.location.MozillaLocationService$fetchRegion$2.invoke(Unknown Source:10)
03-23 01:43:32.815 19277 19454 D App     : 	at kotlin.jvm.internal.Intrinsics.startUndispatchedOrReturn(Intrinsics.java:2)
03-23 01:43:32.815 19277 19454 D App     : 	at kotlin.jvm.internal.Intrinsics.withContext(Intrinsics.java:9)
03-23 01:43:32.815 19277 19454 D App     : 	at mozilla.components.service.location.MozillaLocationService.fetchRegion(MozillaLocationService.kt:2)
03-23 01:43:32.815 19277 19454 D App     : 	at mozilla.components.service.location.search.RegionSearchLocalizationProvider.determineRegion(RegionSearchLocalizationProvider.kt:5)
03-23 01:43:32.815 19277 19454 D App     : 	at mozilla.components.browser.search.provider.AssetsSearchEngineProvider.loadSearchEngines(AssetsSearchEngineProvider.kt:5)
03-23 01:43:32.815 19277 19454 D App     : 	at org.mozilla.fenix.components.searchengine.FenixSearchEngineProvider$bundledSearchEngines$1.invokeSuspend(FenixSearchEngineProvider.kt:21)
03-23 01:43:32.815 19277 19454 D App     : 	at kotlin.coroutines.jvm.internal.BaseContinuationImpl.resumeWith(ContinuationImpl.kt:2)
03-23 01:43:32.815 19277 19454 D App     : 	at kotlinx.coroutines.DispatchedTask.run(DispatchedTask.kt:19)
03-23 01:43:32.815 19277 19454 D App     : 	at kotlinx.coroutines.scheduling.CoroutineScheduler.runSafely(CoroutineScheduler.kt:1)
03-23 01:43:32.815 19277 19454 D App     : 	at kotlinx.coroutines.scheduling.CoroutineScheduler$Worker.run(CoroutineScheduler.kt:14)
03-23 01:43:32.815 19277 19454 D App     : Caused by: org.mozilla.geckoview.WebRequestError: Request failed, error=0x25, category=0x5
03-23 01:43:32.815 19277 19454 D App     : 	at org.mozilla.gecko.mozglue.GeckoLoader.nativeRun(Native Method)
03-23 01:43:32.815 19277 19454 D App     : 	at org.mozilla.gecko.GeckoThread.run(GeckoThread.java:91)
03-23 01:43:33.148 19366 19387 D GeckoThread: State changed to RUNNING
03-23 01:43:33.184 19366 19387 W ResourceType: Too many attribute references, stopped at: 0x01010099
03-23 01:43:33.261 19277 19277 D App     : Installed browser-icons extension
03-23 01:43:33.263 19277 19277 D mozac-webextensions: Installed extension: mozacWebchannel
03-23 01:43:33.267 19277 19277 D mozac-webextensions: Installed extension: mozacReaderview
03-23 01:43:33.285 19366 19366 D GeckoNetworkManager: Incoming event enableNotifications for state OffNoListeners -> OffWithListeners
03-23 01:43:33.287 19277 19277 D GeckoSession: handleMessage GeckoView:PageStart uri=about:blank
03-23 01:43:33.287 19366 19366 D GeckoNetworkManager: New network state: DOWN, NONE, UNKNOWN
03-23 01:43:33.343 19277 19277 D GeckoSession: handleMessage GeckoView:LocationChange uri=about:blank
