03-23 16:59:04.793 28336  1805 I MicrophoneInputStream: mic_starting  SR : 16000 CC : 16 SO : 1999
03-23 16:59:04.796   788  1401 V msm8974_platform: platform_check_input_mask: enter check_input_mask source 6 mask 10
03-23 16:59:04.806  1012  8373 I AudioFlinger: AudioFlinger's thread 0xb2483700 tid=8373 ready to run
03-23 16:59:04.806  8050  8050 D GeckoSession: handleMessage GeckoView:StateUpdated uri=null
03-23 16:59:04.814   788  1401 D audio_hw_primary: in_set_parameters: enter: kvpairs=input_source=6;routing=-2147483644
03-23 16:59:04.815  1012 11919 D APM_AudioPolicyManager: AudioPolicyManager::startInput() input 238966, session 239081, source = 1999
03-23 16:59:04.816 28336  1805 I MicrophoneInputStream: mic_started  SR : 16000 CC : 16 SO : 1999
03-23 16:59:04.817   788  8374 V msm8974_platform: platform_update_usecase_from_source: input source :6
03-23 16:59:04.817   788  8374 V msm8974_platform: platform_check_input_mask: enter check_input_mask source 6 mask 10
03-23 16:59:04.817   788  8374 V msm8974_platform: platform_get_input_snd_device: enter: out_device(0) in_device(0x4) channel_count (1) channel_mask (0x10)
03-23 16:59:04.817   788  8374 V msm8974_platform: platform_get_input_snd_device: exit: in_snd_device(voice-rec-mic)
03-23 16:59:04.818   788  8374 V msm8974_platform: platform_get_backend_index:napb: backend port - 5 device - 120 
03-23 16:59:04.818   788  8374 V msm8974_platform: platform_check_and_set_capture_backend_cfg:txbecf: afe: bitwidth 0, samplerate 0, channel 1, backend_idx 5 usecase = 9 device (voice-rec-mic)
03-23 16:59:04.818   788  8374 V msm8974_platform: platform_check_capture_backend_cfg:txbecf: afe: Codec selected backend: 5 current bit width: 0 and sample rate: 0, channels 1
03-23 16:59:04.818   788  8374 V msm8974_platform: platform_check_capture_backend_cfg:txbecf: afe: Codec selected backend: 5 updated bit width: 0 and sample rate: 0
03-23 16:59:04.818   788  8374 I msm8974_platform: platform_check_capture_backend_cfg:txbecf: afe: Codec backend needs to be updated. new bit width: 0 new sample rate: 0 new channel: 1
03-23 16:59:04.818   788  8374 V msm8974_platform: platform_get_backend_index:napb: backend port - 5 device - 120 
03-23 16:59:04.818   788  8374 V msm8974_platform: platform_set_backend_cfg:becf: afe: bitwidth 0, samplerate 0 channels 1, backend_idx 5 device (voice-rec-mic)
03-23 16:59:04.818   788  8374 E msm8974_platform: platform_set_backend_cfg:becf: afe: Could not get ctl for mixer command - SLIM_0_TX Format
03-23 16:59:04.818   788  8374 V msm8974_platform: platform_send_audio_calibration: sending audio calibration for snd_device(120) acdb_id(62)
03-23 16:59:04.818   788  8374 D ACDB-LOADER: ACDB -> send_audio_cal, acdb_id = 62, path = 1, app id = 0x11130, sample rate = 48000
03-23 16:59:04.818   788  8374 D ACDB-LOADER: ACDB -> send_asm_topology
03-23 16:59:04.818   788  8374 D ACDB-LOADER: ACDB -> ACDB_CMD_GET_AUDPROC_STREAM_TOPOLOGY_ID
03-23 16:59:04.818   788  8374 D ACDB-LOADER: ACDB -> send_adm_topology
03-23 16:59:04.818   788  8374 D ACDB-LOADER: ACDB -> ACDB_CMD_GET_AUDPROC_COMMON_TOPOLOGY_ID
03-23 16:59:04.818   788  8374 D ACDB-LOADER: ACDB -> send_audtable
03-23 16:59:04.818   788  8374 D ACDB-LOADER: ACDB -> ACDB_CMD_GET_AUDPROC_COMMON_TABLE_SIZE
03-23 16:59:04.818   788  8374 D ACDB-LOADER: ACDB -> ACDB_CMD_GET_AUDPROC_COMMON_TABLE
03-23 16:59:04.818   788  8374 D ACDB-LOADER: ACDB -> AUDIO_SET_AUDPROC_CAL
03-23 16:59:04.818   788  8374 D ACDB-LOADER: ACDB -> send_audvoltable
03-23 16:59:04.818   788  8374 D ACDB-LOADER: ACDB -> ACDB_CMD_GET_AUDPROC_VOL_STEP_TABLE_SIZE
03-23 16:59:04.818   788  8374 D ACDB-LOADER: ACDB -> ACDB_CMD_GET_AUDPROC_GAIN_DEP_STEP_TABLE, vol index 0
03-23 16:59:04.818   788  8374 D         : Failed to fetch the lookup information of the device 0000003E 
03-23 16:59:04.818   788  8374 D ACDB-LOADER: ACDB -> AUDIO_SET_VOL_CAL cal type = 12
03-23 16:59:04.818   788  8374 D ACDB-LOADER: ACDB -> ACDB_CMD_GET_AUDPROC_STREAM_TABLE_SIZE
03-23 16:59:04.819   788  8374 D ACDB-LOADER: ACDB -> send_audstrmtable
03-23 16:59:04.819   788  8374 D ACDB-LOADER: ACDB -> ACDB_CMD_GET_AUDPROC_STREAM_TABLE_V2
03-23 16:59:04.819   788  8374 D ACDB-LOADER: ACDB -> audstrm_cal->cal_type.cal_data.cal_size = 456
03-23 16:59:04.819   788  8374 D ACDB-LOADER: ACDB -> send_afe_topology
03-23 16:59:04.819   788  8374 D ACDB-LOADER: ACDB -> ACDB_CMD_GET_AFE_TOPOLOGY_ID
03-23 16:59:04.819   788  8374 D ACDB-LOADER: ACDB -> GET_AFE_TOPOLOGY_ID for adcd_id 62, Topology Id 112fb
03-23 16:59:04.819   788  8374 D ACDB-LOADER: ACDB -> send_afe_cal
03-23 16:59:04.819   788  8374 D ACDB-LOADER: ACDB -> ACDB_CMD_GET_AFE_COMMON_TABLE_SIZE
03-23 16:59:04.819   788  8374 D         : Failed to fetch the lookup information of the device 0000003E 
03-23 16:59:04.819   788  8374 E ACDB-LOADER: Error: ACDB_CMD_GET_AFE_COMMON_TABLE_SIZE Returned = -19
03-23 16:59:04.819   788  8374 D ACDB-LOADER: ACDB -> ACDB_CMD_GET_AFE_COMMON_TABLE
03-23 16:59:04.819   788  8374 D         : Failed to fetch the lookup information of the device 0000003E 
03-23 16:59:04.819   788  8374 D ACDB-LOADER: ACDB -> AUDIO_SET_AFE_CAL
03-23 16:59:04.819   788  8374 D ACDB-LOADER: ACDB -> send_hw_delay : acdb_id = 62 path = 1
03-23 16:59:04.819   788  8374 D ACDB-LOADER: ACDB -> ACDB_AVSYNC_INFO: ACDB_CMD_GET_DEVICE_PROPERTY
03-23 16:59:04.819   788  8374 D audio_hw_primary: enable_snd_device: snd_device(120: voice-rec-mic)
03-23 16:59:04.819   788  8374 D audio_route: Apply path: voice-rec-mic
03-23 16:59:04.822   788  8374 V msm8974_platform: platform_get_snd_device_backend_index: enter with device 120
03-23 16:59:04.822   788  8374 E msm8974_platform: platform_get_snd_device_backend_index: BE DAI Name Table is not present
03-23 16:59:04.822   788  8374 V msm8974_platform: platform_get_backend_index:napb: backend port - 5 device - 120 
03-23 16:59:04.822   788  8374 I audio_hw_utils: Set Audio Stream Capture 0 App Type Cfg: app_type 69936, acdb_dev_id 62, sample_rate 48000, snd_device_be_idx -14
03-23 16:59:04.822   788  8374 D audio_hw_primary: enable_audio_route: usecase(9) apply and update mixer path: audio-record
03-23 16:59:04.822   788  8374 D audio_route: Apply path: audio-record
03-23 16:59:04.828  1456  1673 I LaunchCheckinHandler: Displayed com.android.launcher3/.CustomizationPanelLauncher,wp,wa,174
03-23 16:59:04.892 28336 28379 I MicroDetectionWorker: onReady
03-23 16:59:04.951  2146  2165 I zygote  : NativeAlloc concurrent copying GC freed 17297(939KB) AllocSpace objects, 0(0B) LOS objects, 49% free, 8MB/17MB, paused 130us total 112.011ms
03-23 16:59:05.035   808   808 I SFPerfTracer:      triggers: (rate: 71:2010347) (compose: 0:7) (post: 0:19) (render: 0:17) (11:9672721 frames) (12:11955947)
03-23 16:59:05.035   808   808 D SFPerfTracer:        layers: (6:13) (NavigationBar#0 (0xb07df000): 10:819040) (StatusBar#0 (0xb07e3000): 9:2010662) (com.android.systemui.ImageWallpaper#0 (0xb07e7000): 1:74884) (Sprite#0 (0xb0733000): 0:317)* (DimLayerController/Stack=0#0 (0xb075a000): 0:3780)* (Sprite#1 (0xb077c000): 0:195)* (com.android.launcher3/com.android.launcher3.CustomizationPanelLauncher#0 (0xb0763000): 0:39)- (com.android.launcher3/com.android.launcher3.CustomizationPanelLauncher#1 (0xb0771000): 0:9)- (org.mozilla.fennec_aurora/org.mozilla.fenix.IntentReceiverActivity#0 (0xb039b000): 0:2)- (Splash Screen org.mozilla.fennec_aurora#0 (0xb013a000): 0:32)- (org.mozilla.fennec_aurora/org.mozilla.fenix.HomeActivity#0 (0xaff6f000): 12:46) (com.android.launcher3/com.android.launcher3.CustomizationPanelLauncher#0 (0xb0763000): 12:18)* (com.android.launcher3/com.android.launcher3.CustomizationPanelLauncher#1 (0xb0771000): 1:3) 
03-23 16:59:05.178  8050  8050 I glean/Glean: Registering pings for org.mozilla.fenix.GleanMetrics.Pings
03-23 16:59:05.242  1456  7796 I OpenGLRenderer: Initialized EGL, version 1.4
03-23 16:59:05.242  1456  7796 D OpenGLRenderer: Swap behavior 2
03-23 16:59:05.248  8050  8050 D App     : ActivationPing - already generated
03-23 16:59:05.258  8050  8103 I FenixApplication: Initializing storage after visual completeness...
03-23 16:59:05.270  2748  2917 W OpenGLRenderer: Incorrectly called buildLayer on View: ShortcutAndWidgetContainer, destroying layer...
03-23 16:59:05.358  8050  8050 D GeckoRuntime: Lifecycle: onPause
03-23 16:59:05.358  8050  8050 D GeckoNetworkManager: Incoming event stop for state OnWithListeners -> OffWithListeners
03-23 16:59:05.360  8050  8050 I SessionStorage/AutoSave: Save: Background
03-23 16:59:05.366  8050  8103 D SessionStorage/AutoSave: Saved state to disk [5ms]
03-23 16:59:05.367  8050  8078 I libglean_ffi: glean_core::ping: Collecting baseline
03-23 16:59:05.374  8050  8078 D libglean_ffi: glean_core::ping: Storing ping '191c9d2a-eb34-4bd1-9340-efa49d06b502' at '/data/user/0/org.mozilla.fennec_aurora/glean_data/pending_pings/191c9d2a-eb34-4bd1-9340-efa49d06b502'
03-23 16:59:05.375  8050  8078 I libglean_ffi: glean_core: The ping 'baseline' was submitted and will be sent as soon as possible
03-23 16:59:05.376  8050  8078 I libglean_ffi: glean_core::ping: Collecting events
03-23 16:59:05.380  8050  8078 D libglean_ffi: glean_core::ping: Storing ping 'c4c841ff-6d44-4f90-8ab7-fa0a016d16b1' at '/data/user/0/org.mozilla.fennec_aurora/glean_data/pending_pings/c4c841ff-6d44-4f90-8ab7-fa0a016d16b1'
03-23 16:59:05.380  8050  8078 I libglean_ffi: glean_core: The ping 'events' was submitted and will be sent as soon as possible
03-23 16:59:05.398   808   898 I SFPerfTracer:      triggers: (rate: 0:1) (0 sw vsyncs) (0 skipped) (37:5595956 vsyncs) (39:12039721)
03-23 16:59:05.593  1456  1466 I zygote  : NativeAlloc concurrent copying GC freed 45224(2MB) AllocSpace objects, 17(660KB) LOS objects, 37% free, 39MB/63MB, paused 162us total 350.702ms
03-23 16:59:09.840  1456  2923 I ActivityManager: Force stopping org.mozilla.fennec_aurora appid=11163 user=0: from pid 8382
03-23 16:59:09.840  1456  2923 I ActivityManager: Killing 8050:org.mozilla.fennec_aurora/u0a1163 (adj 700): stop org.mozilla.fennec_aurora
03-23 16:59:09.843  1456  1605 W zygote  : kill(-8050, 9) failed: No such process
03-23 16:59:09.844  1456  2923 W ActivityManager: Force removing ActivityRecord{c5848d8 u0 org.mozilla.fennec_aurora/org.mozilla.fenix.HomeActivity t45142}: app died, no saved state
03-23 16:59:09.844  8139  8139 I ServiceChildProcess: Service has been unbound. Stopping.
03-23 16:59:09.859  1456  1605 W zygote  : kill(-8050, 9) failed: No such process
03-23 16:59:09.859  1456  2923 I ActivityManager: Killing 8139:org.mozilla.fennec_aurora:tab0/u0a1163 (adj 0): stop org.mozilla.fennec_aurora
03-23 16:59:09.866  7880  7880 I Finsky  : [2] ppb.onTrimMemory(1): Memory trim requested to level 80
03-23 16:59:09.873  2398  2398 D CarrierSvcBindHelper: No carrier app for: 0
03-23 16:59:09.873  2398  2398 D CarrierSvcBindHelper: No carrier app for: 1
03-23 16:59:09.874  1456  1605 W zygote  : kill(-8050, 9) failed: No such process
03-23 16:59:09.917  1456  1673 W ActivityManager: setHasOverlayUi called on unknown pid: 8050
03-23 16:59:09.938  1456  1605 I chatty  : uid=1000(system) ActivityManager identical 5 lines
03-23 16:59:09.952  1456  1605 W zygote  : kill(-8050, 9) failed: No such process
03-23 16:59:09.953  1456  1605 I zygote  : Successfully killed process cgroup uid 11163 pid 8050 in 109ms
03-23 16:59:09.953  1456  1605 W zygote  : kill(-8139, 9) failed: No such process
03-23 16:59:09.953  1456  1605 I zygote  : Successfully killed process cgroup uid 11163 pid 8139 in 0ms
03-23 16:59:09.972  1456 10366 I ActivityManager: START u0 {act=android.intent.action.VIEW dat=https://example.com/... typ=text/html flg=0x10000000 cmp=org.mozilla.fennec_aurora/org.mozilla.fenix.IntentReceiverActivity} from uid 2000
03-23 16:59:09.973   794   839 E ANDR-PERF-RESOURCEQS: Failed to apply optimization [4, 0]
03-23 16:59:09.992  1456  5031 I ActivityManager: Start proc 8390:org.mozilla.fennec_aurora/u0a1163 for activity org.mozilla.fennec_aurora/org.mozilla.fenix.IntentReceiverActivity
03-23 16:59:10.080 28336 28379 I MicroDetectionState: Should stop hotword detection immediately - false
03-23 16:59:10.081 28336 28379 I MicroDetector: Keeping mic open: false
03-23 16:59:10.081 28336 28379 I RecognitionAudioControl: #shutdownAudio [requestId: 813432547264604543, keepAudioOpen: false, forced: true]
03-23 16:59:10.081 28336 21552 E DeviceStateChecker: DeviceStateChecker cancelled
03-23 16:59:10.081 28336 28379 I RecognitionAudioControl: #internalShutdownAudio [requestId: 813432547264604543]
03-23 16:59:10.081 28336 28379 I RecognitionAudioControl: #internalShutdownAudio [keepAudioOpen: false, forced: true]
03-23 16:59:10.081 28336 28379 I RecognitionAudioControl: #actualShutdownAudio
03-23 16:59:10.081 28336 28379 I AudioController: #shutdown [requestId=813432547264604543]
03-23 16:59:10.081 28336 28362 I AudioController: internalShutdown
03-23 16:59:10.081 28336 28378 I MicroRecognitionRunner: Stopping hotword detection.
03-23 16:59:10.129   788  1401 D audio_hw_primary: disable_audio_route: usecase(9) reset and update mixer path: audio-record
03-23 16:59:10.130   788  1401 D audio_hw_primary: disable_snd_device: snd_device(120: voice-rec-mic)
03-23 16:59:10.132  1012 11919 D APM_AudioPolicyManager: stopInput() input 238966, session 239081
03-23 16:59:10.133   788  1401 D audio_hw_primary: in_set_parameters: enter: kvpairs=routing=0
03-23 16:59:10.134 28336 28362 I MicrophoneInputStream: mic_close  SR : 16000 CC : 16 SO : 1999
03-23 16:59:10.134 28336 28362 E AudioSource: Stop listening is called on already closed AudioSource
03-23 16:59:10.136  8390  8390 D FirebaseApp: com.google.firebase.auth.FirebaseAuth is not linked. Skipping initialization.
03-23 16:59:10.136 28336 21549 I MicroRecognitionRunner: Detection finished
03-23 16:59:10.137  8390  8390 D FirebaseApp: com.google.firebase.crash.FirebaseCrash is not linked. Skipping initialization.
03-23 16:59:10.137  8390  8390 I FirebaseInitProvider: FirebaseApp initialization successful
03-23 16:59:10.199  8390  8390 D FennecProfile: profiles.ini: true
03-23 16:59:10.202  8390  8390 D FennecProfile: Ignoring line in [general] section: StartWithLastProfile=1
03-23 16:59:10.202  8390  8390 D FennecProfile: Found 1 profiles
03-23 16:59:10.202  8390  8390 D FennecProfile: Found default profile: FennecProfile(name=default, path=/data/user/0/org.mozilla.fennec_aurora/files/mozilla/bjkw3xuh.default, default=true)
03-23 16:59:10.204  8390  8410 I FA      : Collection disabled with firebase_analytics_collection_enabled=0
03-23 16:59:10.205  8390  8410 I FA      : App measurement is starting up, version: 12780
03-23 16:59:10.205  8390  8410 I FA      : To enable debug logging run: adb shell setprop log.tag.FA VERBOSE
03-23 16:59:10.205  8390  8410 I FA      : To enable faster debug mode event logging run:
03-23 16:59:10.205  8390  8410 I FA      :   adb shell setprop debug.firebase.analytics.app org.mozilla.fennec_aurora
03-23 16:59:10.208  8390  8390 D FennecMigrator: No migrations to run. Fennec install - false.
03-23 16:59:10.218  8390  8390 D FenixApplication: Initializing Glean (uploadEnabled=true, isFennec=true)
03-23 16:59:10.221  1456  5907 D ConnectivityService: requestNetwork for uid/pid:11163/8390 NetworkRequest [ TRACK_DEFAULT id=33315, [ Capabilities: INTERNET&NOT_RESTRICTED&TRUSTED&NOT_VPN] ]
03-23 16:59:10.223  1456  2099 D Ethernet: got request NetworkRequest [ TRACK_DEFAULT id=33315, [ Capabilities: INTERNET&NOT_RESTRICTED&TRUSTED&NOT_VPN] ] with score 0
03-23 16:59:10.223  1456  2054 D WIFI_UT : got request NetworkRequest [ TRACK_DEFAULT id=33315, [ Capabilities: INTERNET&NOT_RESTRICTED&TRUSTED&NOT_VPN] ] with score 0
03-23 16:59:10.223  1456  2054 D WIFI    : got request NetworkRequest [ TRACK_DEFAULT id=33315, [ Capabilities: INTERNET&NOT_RESTRICTED&TRUSTED&NOT_VPN] ] with score 0
03-23 16:59:10.223  2398  2398 D PhoneSwitcherNetworkRequstListener: got request NetworkRequest [ TRACK_DEFAULT id=33315, [ Capabilities: INTERNET&NOT_RESTRICTED&TRUSTED&NOT_VPN] ] with score 0
03-23 16:59:10.228  8390  8421 D RustNativeSupport: findMegazordLibraryName(viaduct, 0.55.0
03-23 16:59:10.228  8390  8421 D RustNativeSupport: lib in use: none
03-23 16:59:10.228  8390  8421 D RustNativeSupport: lib configured: megazord
03-23 16:59:10.228  8390  8421 D RustNativeSupport: lib version configured: 0.55.0
03-23 16:59:10.228  8390  8421 D RustNativeSupport: settled on megazord
03-23 16:59:10.246  8390  8420 D libglean_ffi: glean_ffi: Android logging should be hooked up!
03-23 16:59:10.256  8390  8420 I glean/Glean: Registering pings for mozilla.telemetry.glean.GleanMetrics.Pings
03-23 16:59:10.256  8390  8390 D GeckoThread: State changed to LAUNCHED
03-23 16:59:10.257  8390  8424 I GeckoThread: preparing to run Gecko
03-23 16:59:10.258  8390  8421 D RustNativeSupport: findMegazordLibraryName(rustlog, 0.55.0
03-23 16:59:10.258  8390  8421 D RustNativeSupport: lib in use: none
03-23 16:59:10.258  8390  8421 D RustNativeSupport: lib configured: megazord
03-23 16:59:10.259  8390  8421 D RustNativeSupport: lib version configured: 0.55.0
03-23 16:59:10.259  8390  8421 D RustNativeSupport: settled on megazord
03-23 16:59:10.264  8390  8390 D GeckoRuntime: Lifecycle: onCreate
03-23 16:59:10.265  8390  8424 D GeckoThread: State changed to MOZGLUE_READY
03-23 16:59:10.265  8390  8420 I libglean_ffi: glean_core: Creating new Glean
03-23 16:59:10.265  8390  8420 D libglean_ffi: glean_core::database: Database path: "/data/user/0/org.mozilla.fennec_aurora/glean_data/db"
03-23 16:59:10.266  8390  8420 I libglean_ffi: glean_core::database: Database initialized
03-23 16:59:10.267  8390  8421 I rc_log_ffi::ios: rc_log adapter initialized!
03-23 16:59:10.267  8390  8420 I libglean_ffi: glean_ffi: Glean initialized
03-23 16:59:10.279  8390  8390 I zygote  : Deoptimizing java.lang.Object androidx.collection.SimpleArrayMap.put(java.lang.Object, java.lang.Object) due to JIT inline cache
03-23 16:59:10.279  8390  8424 W Settings: Setting animator_duration_scale has moved from android.provider.Settings.System to android.provider.Settings.Global, returning read-only global URI.
03-23 16:59:10.282  8390  8424 E GeckoLibLoad: Load sqlite start
03-23 16:59:10.283  8390  8420 D glean/MetricsPingSched: The 'metrics' ping was last sent on Mon Mar 23 00:00:00 EDT 2020
03-23 16:59:10.284  8390  8420 I glean/MetricsPingSched: The 'metrics' ping was already sent today, Mon Mar 23 16:59:10 EDT 2020.
03-23 16:59:10.284  8390  8420 D glean/MetricsPingSched: Scheduling the 'metrics' ping in 39649730ms
03-23 16:59:10.287  8390  8390 D GleanMetricsService: Enabling Glean.
03-23 16:59:10.303  8390  8424 W GeckoLinker: /data/app/org.mozilla.fennec_aurora-4o4wZSpA0HKsvuJj5qUm4g==/lib/arm/libnss3.so: unhandled flags #8 not handled
03-23 16:59:10.303  8390  8420 D libglean_ffi: glean_core: Clearing Lifetime::Application metrics
03-23 16:59:10.306  8390  8390 I glean/Dispatchers: Task queued for execution and delayed until flushed
03-23 16:59:10.308  8390  8424 W GeckoLinker: /data/app/org.mozilla.fennec_aurora-4o4wZSpA0HKsvuJj5qUm4g==/lib/arm/libnss3.so: Relocation to NULL @0x001b9ffc for symbol "__cxa_type_match"
03-23 16:59:10.309  8390  8424 E GeckoLibLoad: Load sqlite done
03-23 16:59:10.309  8390  8424 E GeckoLibLoad: Load nss start
03-23 16:59:10.309  8390  8424 E GeckoLibLoad: Load nss done
03-23 16:59:10.310  8390  8424 W GeckoLinker: /data/app/org.mozilla.fennec_aurora-4o4wZSpA0HKsvuJj5qUm4g==/lib/arm/libxul.so: unhandled flags #8 not handled
03-23 16:59:10.310  8390  8390 I AdjustMetricsService: No adjust token defined
03-23 16:59:10.310  8390  8424 W GeckoLinker: /data/app/org.mozilla.fennec_aurora-4o4wZSpA0HKsvuJj5qUm4g==/lib/arm/liblgpllibs.so: unhandled flags #8 not handled
03-23 16:59:10.311  8390  8390 D PushConfig: Creating push configuration for autopush.
03-23 16:59:10.317  8390  8390 I App     : AutoPushFeature is configured, initializing it...
03-23 16:59:10.318  8390  8390 I AutoPushFeature: Checking validity of push subscriptions.
03-23 16:59:10.331  8390  8390 D FennecProfile: profiles.ini: true
03-23 16:59:10.334  8390  8421 W [WARNING][Leanplum]: [com.leanplum.internal.ActionManager::getLocationManager::8]: Geofencing support requires leanplum-location module and Google Play Services v8.1 and higher.
03-23 16:59:10.334  8390  8421 W [WARNING][Leanplum]: Add this to your build.gradle file:
03-23 16:59:10.334  8390  8421 W [WARNING][Leanplum]: implementation 'com.google.android.gms:play-services-location:8.3.0+'
03-23 16:59:10.334  8390  8421 W [WARNING][Leanplum]: implementation 'com.leanplum:leanplum-location:+'
03-23 16:59:10.335  8390  8390 D FennecProfile: Ignoring line in [general] section: StartWithLastProfile=1
03-23 16:59:10.336  8390  8390 D FennecProfile: Found 1 profiles
03-23 16:59:10.336  8390  8390 D FennecProfile: Found default profile: FennecProfile(name=default, path=/data/user/0/org.mozilla.fennec_aurora/files/mozilla/bjkw3xuh.default, default=true)
03-23 16:59:10.337  8390  8421 I [INFO][Leanplum]: [com.leanplum.monitoring.ExceptionHandler::setContext::6]: LeanplumExceptionHandler could not initialize Exception Reporting.This is expected if you have not included the leanplum-monitoring module
03-23 16:59:10.337  8390  8390 I Core    : Initializing history storage
03-23 16:59:10.338  8390  8390 I Core    : Initializing bookmarks storage
03-23 16:59:10.340  8390  8390 I Core    : Initializing logins storage
03-23 16:59:10.344  8390  8420 I libglean_ffi: glean_core: Upload enabled: true
03-23 16:59:10.348  8390  8431 I [INFO][Leanplum]: [com.leanplum.LeanplumFcmProvider::isManifestSetup::11]: Firebase Messaging is setup correctly.
03-23 16:59:10.354  8390  8424 E GeckoLibLoad: Loaded libs in 44.379119ms total, 23ms(150ms) user, 13ms(26ms) system, 0(0) faults
03-23 16:59:10.354  8390  8424 D GeckoThread: State changed to LIBS_READY
03-23 16:59:10.358  8390  8424 W GeckoThread: zerdatime 17525244125 - runGecko
03-23 16:59:10.361  8390  8424 D GeckoProfile: Loading profile at: null name: default
03-23 16:59:10.362  8390  8424 D GeckoProfile: Found profile dir: /data/user/0/org.mozilla.fennec_aurora/files/mozilla/bjkw3xuh.default
03-23 16:59:10.382  8390  8390 I FirefoxAccountStateMachine: Enabling/updating sync with a new SyncConfig: SyncConfig(supportedEngines=[mozilla.components.service.fxa.SyncEngine$History@d676d90, mozilla.components.service.fxa.SyncEngine$Bookmarks@5cbb689, mozilla.components.service.fxa.SyncEngine$Passwords@50a68e], syncPeriodInMinutes=240)
03-23 16:59:10.386  8390  8390 I BgSyncManager: Periodic syncing enabled at a 240 interval
03-23 16:59:10.386  8390  8390 I FirefoxAccountStateMachine: Sync is enabled
03-23 16:59:10.393  8390  8438 I FirefoxAccountStateMachine: Processing event Event$Init for state Start. Next state is Start
03-23 16:59:10.404  8390  8390 D FennecMigrator: This is not a Fennec installation. No migration needed.
03-23 16:59:10.406  8390  8395 I zygote  : Do partial code cache collection, code=24KB, data=28KB
03-23 16:59:10.412  8390  8390 D SessionManager: onTrimMemory(10): clearThumbnails=true, closeEngineSessions=false
03-23 16:59:10.413  8390  8390 D SessionManager: Cleared 0 thumbnail(s) and unlinked 0 engine sessions(s)
03-23 16:59:10.413  8390  8395 I zygote  : After code cache collection, code=22KB, data=27KB
03-23 16:59:10.413  8390  8395 I zygote  : Increasing code cache capacity to 128KB
03-23 16:59:10.428  8390  8438 I FirefoxAccountStateMachine: Ran 'Event$Init' side-effects for state Start, got successive event Event$AccountNotFound
03-23 16:59:10.428  8390  8438 I FirefoxAccountStateMachine: Processing event Event$AccountNotFound for state Start. Next state is NotAuthenticated
03-23 16:59:10.431  8390  8438 D RustNativeSupport: findMegazordLibraryName(fxaclient, 0.55.0
03-23 16:59:10.431  8390  8438 D RustNativeSupport: lib in use: none
03-23 16:59:10.431  8390  8438 D RustNativeSupport: lib configured: megazord
03-23 16:59:10.431  8390  8438 D RustNativeSupport: lib version configured: 0.55.0
03-23 16:59:10.431  8390  8438 D RustNativeSupport: settled on megazord
03-23 16:59:10.435  8390  8438 D fxaclient_ffi: fxa_new
03-23 16:59:10.446  8390  8390 D GeckoRuntime: Lifecycle: onStart
03-23 16:59:10.454  8390  8390 I [INFO][Leanplum]: [com.leanplum.internal.RequestOld::sendIfConnected::4]: Device is offline, will send later
03-23 16:59:10.463  8390  8390 D GeckoRuntime: Lifecycle: onResume
03-23 16:59:10.464  8390  8390 D GeckoNetworkManager: Incoming event start for state OffNoListeners -> OnNoListeners
03-23 16:59:10.465  8390  8390 D GeckoNetworkManager: New network state: DOWN, NONE, UNKNOWN
03-23 16:59:10.481  8390  8454 D OpenGLRenderer: HWUI GL Pipeline
03-23 16:59:10.550  1456 10366 I ActivityManager: START u0 {act=android.intent.action.VIEW dat=https://example.com/... typ=text/html cmp=org.mozilla.fennec_aurora/org.mozilla.fenix.HomeActivity (has extras)} from uid 11163
03-23 16:59:10.560  8390  8390 D GeckoNetworkManager: Incoming event receivedUpdate for state OnNoListeners -> OnNoListeners
03-23 16:59:10.561  8390  8390 D GeckoNetworkManager: New network state: DOWN, NONE, UNKNOWN
03-23 16:59:10.573  8390  8454 I Adreno  : QUALCOMM build                   : bb5b86c, I77d3059488
03-23 16:59:10.573  8390  8454 I Adreno  : Build Date                       : 06/07/18
03-23 16:59:10.573  8390  8454 I Adreno  : OpenGL ES Shader Compiler Version: EV031.22.00.01_06
03-23 16:59:10.573  8390  8454 I Adreno  : Local Branch                     : 
03-23 16:59:10.573  8390  8454 I Adreno  : Remote Branch                    : refs/tags/AU_LINUX_ANDROID_LA.UM.6.5.R1.08.01.00.312.086
03-23 16:59:10.573  8390  8454 I Adreno  : Remote Branch                    : NONE
03-23 16:59:10.573  8390  8454 I Adreno  : Reconstruct Branch               : NOTHING
03-23 16:59:10.574  8390  8454 D vndksupport: Loading /vendor/lib/hw/gralloc.msm8937.so from current namespace instead of sphal namespace.
03-23 16:59:10.584  8390  8454 I Adreno  : PFP: 0x005ff087, ME: 0x005ff063
03-23 16:59:10.594  8390  8454 I zygote  : android::hardware::configstore::V1_0::ISurfaceFlingerConfigs::hasWideColorDisplay retrieved: 0
03-23 16:59:10.596  8390  8454 I OpenGLRenderer: Initialized EGL, version 1.4
03-23 16:59:10.597  8390  8454 D OpenGLRenderer: Swap behavior 2
03-23 16:59:10.631  1456 10366 I WindowManager: Keep hide if surface has never drawn Window{2cc2d0d u0 org.mozilla.fennec_aurora/org.mozilla.fenix.IntentReceiverActivity}
03-23 16:59:10.633  1456 10366 I WindowManager: Failed to capture screenshot of Token{6bf074f ActivityRecord{ba20dae u0 org.mozilla.fennec_aurora/org.mozilla.fenix.IntentReceiverActivity t45143 f}} appWin=Window{2cc2d0d u0 org.mozilla.fennec_aurora/org.mozilla.fenix.IntentReceiverActivity} drawState=1
03-23 16:59:10.637  8390  8424 I Gecko:DumpUtils: Fifo watcher disabled via pref.
03-23 16:59:10.640  8390  8390 D MigrationPushRenewer: Migration state: NONE
03-23 16:59:10.641  8390  8390 D MigrationTelemetryListener: Migration state: NONE
03-23 16:59:10.657  1456  1673 I LaunchCheckinHandler: Displayed org.mozilla.fennec_aurora/org.mozilla.fenix.IntentReceiverActivity,cp,ca,675
03-23 16:59:10.678  8390  8390 D PhoneWindow: Restoring navigation bar divider color to default value = 0x00000000
03-23 16:59:10.686  8390  8424 D GeckoSysInfo: System memory: 1867MB.
03-23 16:59:10.689  8390  8424 D GeckoThread: State changed to JNI_READY
03-23 16:59:10.713  1456  5907 I ActivityManager: Start proc 8480:org.mozilla.fennec_aurora:tab0/u0a1163 for service org.mozilla.fennec_aurora/org.mozilla.gecko.process.GeckoChildProcessServices$tab0
03-23 16:59:10.738  8390  8390 I NavController: Ignoring popBackStack to destination org.mozilla.fennec_aurora:id/browserFragment as it was not found on the current back stack
03-23 16:59:10.780  8390  8395 I zygote  : Do partial code cache collection, code=59KB, data=53KB
03-23 16:59:10.782  8390  8395 I zygote  : After code cache collection, code=52KB, data=49KB
03-23 16:59:10.782  8390  8395 I zygote  : Increasing code cache capacity to 256KB
03-23 16:59:10.866  8480  8480 D GeckoThread: State changed to LAUNCHED
03-23 16:59:10.867  8480  8498 I GeckoThread: preparing to run Gecko
03-23 16:59:10.940  8390  8443 D RustNativeSupport: findMegazordLibraryName(places, 0.55.0
03-23 16:59:10.940  8390  8443 D RustNativeSupport: lib in use: none
03-23 16:59:10.940  8390  8443 D RustNativeSupport: lib configured: megazord
03-23 16:59:10.940  8390  8443 D RustNativeSupport: lib version configured: 0.55.0
03-23 16:59:10.940  8390  8443 D RustNativeSupport: settled on megazord
03-23 16:59:10.943  8390  8443 D places_ffi: places_api_new
03-23 16:59:10.989  8390  8443 D sql_support::conn_ext: Transaction commited after 34.23167ms
03-23 16:59:10.991  8390  8443 D places_ffi: places_connection_new
03-23 16:59:10.995  8390  8443 D places_ffi: places_connection_new
03-23 16:59:11.017  8390  8443 D places_ffi: bookmarks_get_all_with_url
03-23 16:59:11.032  8390  8390 I [INFO][Leanplum]: [com.leanplum.internal.RequestOld::sendIfConnected::4]: Device is offline, will send later
03-23 16:59:11.042  8390  8438 W FirefoxAccountStateMachine: Got invalid event Event$Init for state NotAuthenticated.
03-23 16:59:11.054  8390  8390 E [ERROR][Leanplum]: [com.leanplum.LeanplumFcmProvider$1::onComplete::2]: getInstanceId failed
03-23 16:59:11.102  8390  8501 W LOTTIE  : Animation contains merge paths. Merge paths are only supported on KitKat+ and must be manually enabled by calling enableMergePathsForKitKatAndAbove().
03-23 16:59:11.177  1456  3925 I ActivityManager: Displayed org.mozilla.fennec_aurora/org.mozilla.fenix.HomeActivity: +553ms (total +1s196ms)
03-23 16:59:11.177  1456  3925 I ActivityManager: Fully drawn org.mozilla.fennec_aurora/org.mozilla.fenix.HomeActivity: +553ms (total +1s196ms)
03-23 16:59:11.188  8390  8395 I zygote  : Do full code cache collection, code=126KB, data=100KB
03-23 16:59:11.189  8390  8395 I zygote  : After code cache collection, code=97KB, data=58KB
03-23 16:59:11.225  8390  8454 D vndksupport: Loading /vendor/lib/hw/android.hardware.graphics.mapper@2.0-impl.so from current namespace instead of sphal namespace.
03-23 16:59:11.230  8390  8454 D vndksupport: Loading /vendor/lib/hw/gralloc.msm8937.so from current namespace instead of sphal namespace.
03-23 16:59:11.269  8390  8424 D GeckoThread: State changed to PROFILE_READY
03-23 16:59:11.278  8390  8390 W LOTTIE  : Animation contains merge paths but they are disabled.
03-23 16:59:11.326 28336 28336 I MemoryTrimmer: Trimming objects from memory, since app is in the background.
03-23 16:59:11.332  7880  7880 I Finsky  : [2] ppb.onTrimMemory(1): Memory trim requested to level 80
03-23 16:59:11.333 28336 28379 E AudioSource: Stop listening is called on already closed AudioSource
03-23 16:59:11.336 28336 28336 I MemoryTrimmer: Trimming objects from memory, since app is in the background.
03-23 16:59:11.337 28336  1805 I PBSessionCacheImpl: Deleted sessionId[124624629806596902] from persistence.
03-23 16:59:11.342  1456  2918 I WifiService: getWifiEnabledState uid=10073
03-23 16:59:11.344 28336 28379 I DEBUG   : OpaToSrpTransitionState#onStateChanged#notNullQuery
03-23 16:59:11.345 28336 28379 I DEBUG   : OpaToSrpTransitionState#onStateChanged#notNullQuery
03-23 16:59:11.347 28336 28379 W SearchServiceCore: Abort, client detached.
03-23 16:59:11.368  8390  8424 D GeckoThread: State changed to RUNNING
03-23 16:59:11.384  8390  8424 I Gecko   : -*- nsDNSServiceDiscovery.js : nsDNSServiceDiscovery
03-23 16:59:11.447  8390  8390 D GeckoNetworkManager: Incoming event enableNotifications for state OnNoListeners -> OnWithListeners
03-23 16:59:11.448  8390  8390 D GeckoNetworkManager: New network state: DOWN, NONE, UNKNOWN
03-23 16:59:11.450  8390  8390 D GeckoNetworkManager: Incoming event receivedUpdate for state OnWithListeners -> OnWithListeners
03-23 16:59:11.451  8390  8390 D GeckoNetworkManager: New network state: DOWN, NONE, UNKNOWN
03-23 16:59:11.453  8390  8424 W GeckoLinker: /data/app/org.mozilla.fennec_aurora-4o4wZSpA0HKsvuJj5qUm4g==/lib/arm/libsoftokn3.so: unhandled flags #8 not handled
03-23 16:59:11.453  8390  8424 W GeckoLinker: /data/app/org.mozilla.fennec_aurora-4o4wZSpA0HKsvuJj5qUm4g==/lib/arm/libsoftokn3.so: Relocation to NULL @0x0002cffc for symbol "__cxa_type_match"
03-23 16:59:11.454  8390  8424 W GeckoLinker: /data/app/org.mozilla.fennec_aurora-4o4wZSpA0HKsvuJj5qUm4g==/lib/arm/libfreebl3.so: unhandled flags #8 not handled
03-23 16:59:11.455  8390  8424 W GeckoLinker: /data/app/org.mozilla.fennec_aurora-4o4wZSpA0HKsvuJj5qUm4g==/lib/arm/libfreebl3.so: Relocation to NULL @0x0004fffc for symbol "__cxa_type_match"
03-23 16:59:11.485  8390  8513 W GeckoLinker: /data/app/org.mozilla.fennec_aurora-4o4wZSpA0HKsvuJj5qUm4g==/lib/arm/libnssckbi.so: unhandled flags #8 not handled
03-23 16:59:11.486  8390  8513 W GeckoLinker: /data/app/org.mozilla.fennec_aurora-4o4wZSpA0HKsvuJj5qUm4g==/lib/arm/libnssckbi.so: Relocation to NULL @0x00055ffc for symbol "__cxa_type_match"
03-23 16:59:11.550  8390  8424 W ResourceType: Too many attribute references, stopped at: 0x01010099
03-23 16:59:11.597  8390  8424 W GeckoEventDispatcher: No listener for GeckoView:AccessibilityEnabled
03-23 16:59:11.736  1023  8542 D libc    : Internal error: netid(0), id(0x2cac), server(0.0.0.0)
03-23 16:59:11.736  1023  8542 D libc    : Internal error: netid(0), id(0x2cac), server(0.0.0.0)
03-23 16:59:11.736  1023  8542 D libc    : Internal error: netid(0), id(0xadd7), server(0.0.0.0)
03-23 16:59:11.736  1023  8542 D libc    : Internal error: netid(0), id(0xadd7), server(0.0.0.0)
03-23 16:59:11.755  1023  8551 D libc    : Internal error: netid(0), id(0x7595), server(0.0.0.0)
03-23 16:59:11.755  1023  8551 D libc    : Internal error: netid(0), id(0x7595), server(0.0.0.0)
03-23 16:59:11.755  1023  8551 D libc    : Internal error: netid(0), id(0x12ae), server(0.0.0.0)
03-23 16:59:11.756  1023  8551 D libc    : Internal error: netid(0), id(0x12ae), server(0.0.0.0)
03-23 16:59:11.757  1023  8555 D libc    : Internal error: netid(0), id(0x68cc), server(0.0.0.0)
03-23 16:59:11.757  1023  8555 D libc    : Internal error: netid(0), id(0x68cc), server(0.0.0.0)
03-23 16:59:11.757  1023  8555 D libc    : Internal error: netid(0), id(0x5ac4), server(0.0.0.0)
03-23 16:59:11.757  1023  8555 D libc    : Internal error: netid(0), id(0x5ac4), server(0.0.0.0)
03-23 16:59:11.758  8390  8424 W ResourceType: Too many attribute references, stopped at: 0x01010099
03-23 16:59:11.759  1023  8558 D libc    : Internal error: netid(0), id(0x5b95), server(0.0.0.0)
03-23 16:59:11.760  1023  8558 D libc    : Internal error: netid(0), id(0x5b95), server(0.0.0.0)
03-23 16:59:11.760  1023  8558 D libc    : Internal error: netid(0), id(0x62b0), server(0.0.0.0)
03-23 16:59:11.761  1023  8558 D libc    : Internal error: netid(0), id(0x62b0), server(0.0.0.0)
03-23 16:59:11.785  8390  8421 D App     : Could not fetch region from location service
03-23 16:59:11.785  8390  8421 D App     : java.io.IOException: org.mozilla.geckoview.WebRequestError: Request failed, error=0x25, category=0x5
03-23 16:59:11.785  8390  8421 D App     : 	at mozilla.components.browser.engine.gecko.fetch.GeckoViewFetchClient.fetch(GeckoViewFetchClient.kt:39)
03-23 16:59:11.785  8390  8421 D App     : 	at mozilla.components.service.location.MozillaLocationService$fetchRegion$2.invokeSuspend(MozillaLocationService.kt:27)
03-23 16:59:11.785  8390  8421 D App     : 	at mozilla.components.service.location.MozillaLocationService$fetchRegion$2.invoke(Unknown Source:10)
03-23 16:59:11.785  8390  8421 D App     : 	at kotlin.jvm.internal.Intrinsics.startUndispatchedOrReturn(Intrinsics.java:2)
03-23 16:59:11.785  8390  8421 D App     : 	at kotlin.jvm.internal.Intrinsics.withContext(Intrinsics.java:9)
03-23 16:59:11.785  8390  8421 D App     : 	at mozilla.components.service.location.MozillaLocationService.fetchRegion(MozillaLocationService.kt:2)
03-23 16:59:11.785  8390  8421 D App     : 	at mozilla.components.service.location.search.RegionSearchLocalizationProvider.determineRegion(RegionSearchLocalizationProvider.kt:5)
03-23 16:59:11.785  8390  8421 D App     : 	at mozilla.components.browser.search.provider.AssetsSearchEngineProvider.loadSearchEngines(AssetsSearchEngineProvider.kt:5)
03-23 16:59:11.785  8390  8421 D App     : 	at org.mozilla.fenix.components.searchengine.FenixSearchEngineProvider$baseSearchEngines$1.invokeSuspend(FenixSearchEngineProvider.kt:9)
03-23 16:59:11.785  8390  8421 D App     : 	at kotlin.coroutines.jvm.internal.BaseContinuationImpl.resumeWith(ContinuationImpl.kt:2)
03-23 16:59:11.785  8390  8421 D App     : 	at kotlinx.coroutines.DispatchedTask.run(DispatchedTask.kt:19)
03-23 16:59:11.785  8390  8421 D App     : 	at kotlinx.coroutines.scheduling.CoroutineScheduler.runSafely(CoroutineScheduler.kt:1)
03-23 16:59:11.785  8390  8421 D App     : 	at kotlinx.coroutines.scheduling.CoroutineScheduler$Worker.run(CoroutineScheduler.kt:14)
03-23 16:59:11.785  8390  8421 D App     : Caused by: org.mozilla.geckoview.WebRequestError: Request failed, error=0x25, category=0x5
03-23 16:59:11.785  8390  8421 D App     : 	at org.mozilla.gecko.mozglue.GeckoLoader.nativeRun(Native Method)
03-23 16:59:11.785  8390  8421 D App     : 	at org.mozilla.gecko.GeckoThread.run(GeckoThread.java:91)
03-23 16:59:11.785  8390  8440 D App     : Could not fetch region from location service
03-23 16:59:11.785  8390  8440 D App     : java.io.IOException: org.mozilla.geckoview.WebRequestError: Request failed, error=0x25, category=0x5
03-23 16:59:11.785  8390  8440 D App     : 	at mozilla.components.browser.engine.gecko.fetch.GeckoViewFetchClient.fetch(GeckoViewFetchClient.kt:39)
03-23 16:59:11.785  8390  8440 D App     : 	at mozilla.components.service.location.MozillaLocationService$fetchRegion$2.invokeSuspend(MozillaLocationService.kt:27)
03-23 16:59:11.785  8390  8440 D App     : 	at kotlin.coroutines.jvm.internal.BaseContinuationImpl.resumeWith(ContinuationImpl.kt:2)
03-23 16:59:11.785  8390  8440 D App     : 	at kotlinx.coroutines.DispatchedTask.run(DispatchedTask.kt:19)
03-23 16:59:11.785  8390  8440 D App     : 	at kotlinx.coroutines.scheduling.CoroutineScheduler.runSafely(CoroutineScheduler.kt:1)
03-23 16:59:11.785  8390  8440 D App     : 	at kotlinx.coroutines.scheduling.CoroutineScheduler$Worker.run(CoroutineScheduler.kt:14)
03-23 16:59:11.785  8390  8440 D App     : Caused by: org.mozilla.geckoview.WebRequestError: Request failed, error=0x25, category=0x5
03-23 16:59:11.785  8390  8440 D App     : 	at org.mozilla.gecko.mozglue.GeckoLoader.nativeRun(Native Method)
03-23 16:59:11.785  8390  8440 D App     : 	at org.mozilla.gecko.GeckoThread.run(GeckoThread.java:91)
03-23 16:59:11.889  8480  8498 D GeckoThread: State changed to MOZGLUE_READY
03-23 16:59:11.897  8480  8498 W Settings: Setting animator_duration_scale has moved from android.provider.Settings.System to android.provider.Settings.Global, returning read-only global URI.
03-23 16:59:11.900  8480  8498 E GeckoLibLoad: Load sqlite start
03-23 16:59:11.915  8390  8424 I GeckoSession: zerdatime 17525245683 - chrome startup finished
03-23 16:59:11.917  8480  8498 W GeckoLinker: /data/app/org.mozilla.fennec_aurora-4o4wZSpA0HKsvuJj5qUm4g==/lib/arm/libnss3.so: unhandled flags #8 not handled
03-23 16:59:11.922  8480  8498 W GeckoLinker: /data/app/org.mozilla.fennec_aurora-4o4wZSpA0HKsvuJj5qUm4g==/lib/arm/libnss3.so: Relocation to NULL @0x001b9ffc for symbol "__cxa_type_match"
03-23 16:59:11.922  8480  8498 E GeckoLibLoad: Load sqlite done
03-23 16:59:11.922  8480  8498 E GeckoLibLoad: Load nss start
03-23 16:59:11.922  8480  8498 E GeckoLibLoad: Load nss done
03-23 16:59:11.923  8480  8498 W GeckoLinker: /data/app/org.mozilla.fennec_aurora-4o4wZSpA0HKsvuJj5qUm4g==/lib/arm/libxul.so: unhandled flags #8 not handled
03-23 16:59:11.923  8480  8498 W GeckoLinker: /data/app/org.mozilla.fennec_aurora-4o4wZSpA0HKsvuJj5qUm4g==/lib/arm/liblgpllibs.so: unhandled flags #8 not handled
03-23 16:59:11.956  8480  8498 E GeckoLibLoad: Loaded libs in 32.990993ms total, 26ms(26ms) user, 3ms(6ms) system, 0(0) faults
03-23 16:59:11.956  8480  8498 D GeckoThread: State changed to LIBS_READY
03-23 16:59:11.956  8480  8498 W GeckoThread: zerdatime 17525245723 - runGecko
03-23 16:59:11.966  8390  8421 D App     : Could not fetch region from location service
03-23 16:59:11.966  8390  8421 D App     : java.io.IOException: org.mozilla.geckoview.WebRequestError: Request failed, error=0x25, category=0x5
03-23 16:59:11.966  8390  8421 D App     : 	at mozilla.components.browser.engine.gecko.fetch.GeckoViewFetchClient.fetch(GeckoViewFetchClient.kt:39)
03-23 16:59:11.966  8390  8421 D App     : 	at mozilla.components.service.location.MozillaLocationService$fetchRegion$2.invokeSuspend(MozillaLocationService.kt:27)
03-23 16:59:11.966  8390  8421 D App     : 	at mozilla.components.service.location.MozillaLocationService$fetchRegion$2.invoke(Unknown Source:10)
03-23 16:59:11.966  8390  8421 D App     : 	at kotlin.jvm.internal.Intrinsics.startUndispatchedOrReturn(Intrinsics.java:2)
03-23 16:59:11.966  8390  8421 D App     : 	at kotlin.jvm.internal.Intrinsics.withContext(Intrinsics.java:9)
03-23 16:59:11.966  8390  8421 D App     : 	at mozilla.components.service.location.MozillaLocationService.fetchRegion(MozillaLocationService.kt:2)
03-23 16:59:11.966  8390  8421 D App     : 	at mozilla.components.service.location.search.RegionSearchLocalizationProvider.determineRegion(RegionSearchLocalizationProvider.kt:5)
03-23 16:59:11.966  8390  8421 D App     : 	at mozilla.components.browser.search.provider.AssetsSearchEngineProvider.loadSearchEngines(AssetsSearchEngineProvider.kt:5)
03-23 16:59:11.966  8390  8421 D App     : 	at org.mozilla.fenix.components.searchengine.FenixSearchEngineProvider$bundledSearchEngines$1.invokeSuspend(FenixSearchEngineProvider.kt:21)
03-23 16:59:11.966  8390  8421 D App     : 	at kotlin.coroutines.jvm.internal.BaseContinuationImpl.resumeWith(ContinuationImpl.kt:2)
03-23 16:59:11.966  8390  8421 D App     : 	at kotlinx.coroutines.DispatchedTask.run(DispatchedTask.kt:19)
03-23 16:59:11.966  8390  8421 D App     : 	at kotlinx.coroutines.scheduling.CoroutineScheduler.runSafely(CoroutineScheduler.kt:1)
03-23 16:59:11.966  8390  8421 D App     : 	at kotlinx.coroutines.scheduling.CoroutineScheduler$Worker.run(CoroutineScheduler.kt:14)
03-23 16:59:11.966  8390  8421 D App     : Caused by: org.mozilla.geckoview.WebRequestError: Request failed, error=0x25, category=0x5
03-23 16:59:11.966  8390  8421 D App     : 	at org.mozilla.gecko.mozglue.GeckoLoader.nativeRun(Native Method)
03-23 16:59:11.966  8390  8421 D App     : 	at org.mozilla.gecko.GeckoThread.run(GeckoThread.java:91)
03-23 16:59:12.291  8480  8498 D GeckoThread: State changed to RUNNING
03-23 16:59:12.331  8480  8498 W ResourceType: Too many attribute references, stopped at: 0x01010099
03-23 16:59:12.429  8480  8480 D GeckoNetworkManager: Incoming event enableNotifications for state OffNoListeners -> OffWithListeners
03-23 16:59:12.430  8480  8480 D GeckoNetworkManager: New network state: DOWN, NONE, UNKNOWN
03-23 16:59:12.445  8390  8390 D App     : Installed browser-icons extension
03-23 16:59:12.447  8390  8390 D mozac-webextensions: Installed extension: mozacWebchannel
03-23 16:59:12.458  8390  8390 D mozac-webextensions: Installed extension: mozacReaderview
03-23 16:59:12.466  8390  8390 D GeckoSession: handleMessage GeckoView:PageStart uri=about:blank
03-23 16:59:12.512  8390  8390 D GeckoSession: handleMessage GeckoView:LocationChange uri=about:blank
03-23 16:59:12.513  8390  8390 D GeckoSession: handleMessage GeckoView:PageStop uri=null
03-23 16:59:12.520  8390  8424 D GeckoScreenOrientation: unlocking
03-23 16:59:12.520  8390  8390 I SessionStorage/AutoSave: Save: Load finished
03-23 16:59:12.522  8390  8442 D SessionStorage/AutoSave: Delaying save (90ms)
03-23 16:59:12.533  8390  8390 D GeckoSession: handleMessage GeckoView:ProgressChanged uri=null
03-23 16:59:12.547  8390  8390 D GeckoSession: handleMessage GeckoView:PageStart uri=https://example.com/
03-23 16:59:12.550  8390  8395 I zygote  : Do partial code cache collection, code=122KB, data=86KB
03-23 16:59:12.552  8390  8395 I zygote  : After code cache collection, code=122KB, data=86KB
03-23 16:59:12.553  8390  8395 I zygote  : Increasing code cache capacity to 512KB
03-23 16:59:12.574  8390  8390 D GeckoSession: handleMessage GeckoView:ProgressChanged uri=null
03-23 16:59:12.580  8390  8390 D GeckoSession: handleMessage GeckoView:PageStop uri=null
03-23 16:59:12.580  8390  8390 I SessionStorage/AutoSave: Save: Load finished
03-23 16:59:12.580  8390  8390 D SessionStorage/AutoSave: Skipping save, other job already in flight
03-23 16:59:12.591  8390  8390 D GeckoSession: handleMessage GeckoView:SecurityChanged uri=null
03-23 16:59:12.592  8390  8390 D GeckoSession: handleMessage GeckoView:ProgressChanged uri=null
03-23 16:59:12.615  8390  8390 D GeckoSession: handleMessage GeckoView:PageStart uri=https://example.com/
03-23 16:59:12.620  8390  8442 D SessionStorage/AutoSave: Saved state to disk [8ms]
03-23 16:59:12.642  8390  8390 I zygote  : Deoptimizing java.lang.Object kotlinx.coroutines.internal.AtomicOp.perform(java.lang.Object) due to JIT inline cache
03-23 16:59:12.747  8390  8390 D GeckoSession: handleMessage GeckoView:OnLoadError uri=https://example.com/
03-23 16:59:12.754  8390  8390 I zygote  : Deoptimizing kotlin.coroutines.CoroutineContext$Element kotlin.coroutines.CoroutineContext$Element$DefaultImpls.get(kotlin.coroutines.CoroutineContext$Element, kotlin.coroutines.CoroutineContext$Key) due to JIT inline cache
03-23 16:59:12.797  8390  8390 D GeckoSession: handleMessage GeckoView:ProgressChanged uri=null
03-23 16:59:12.806  8390  8390 D GeckoSession: handleMessage GeckoView:PageStop uri=null
03-23 16:59:12.807  8390  8390 I SessionStorage/AutoSave: Save: Load finished
03-23 16:59:12.808  8390  8442 D SessionStorage/AutoSave: Delaying save (1714ms)
03-23 16:59:12.901  8390  8390 D GeckoSession: handleMessage GeckoView:LocationChange uri=https://example.com/
03-23 16:59:12.910  8390  8442 I zygote  : Deoptimizing void kotlinx.coroutines.DispatchedTask.run() due to JIT inline cache
03-23 16:59:12.912  8390  8442 D places_ffi: bookmarks_get_all_with_url
03-23 16:59:12.932  8390  8390 D GeckoSession: handleMessage GeckoView:SecurityChanged uri=null
03-23 16:59:12.940  8390  8442 D places_ffi: places_connection_new
03-23 16:59:12.959  8390  8442 D places_ffi: places_note_observation
03-23 16:59:12.971  8390  8390 D mozac-webcompat: Installed WebCompat webextension: webcompat@mozilla.com
03-23 16:59:12.987  8390  8442 D sql_support::conn_ext: Transaction commited after 26.72719ms
03-23 16:59:13.002  8480  8498 W GeckoLinker: /data/app/org.mozilla.fennec_aurora-4o4wZSpA0HKsvuJj5qUm4g==/lib/arm/libsoftokn3.so: unhandled flags #8 not handled
03-23 16:59:13.003  8480  8498 W GeckoLinker: /data/app/org.mozilla.fennec_aurora-4o4wZSpA0HKsvuJj5qUm4g==/lib/arm/libsoftokn3.so: Relocation to NULL @0x0002cffc for symbol "__cxa_type_match"
03-23 16:59:13.004  8480  8498 W GeckoLinker: /data/app/org.mozilla.fennec_aurora-4o4wZSpA0HKsvuJj5qUm4g==/lib/arm/libfreebl3.so: unhandled flags #8 not handled
03-23 16:59:13.004  8480  8498 W GeckoLinker: /data/app/org.mozilla.fennec_aurora-4o4wZSpA0HKsvuJj5qUm4g==/lib/arm/libfreebl3.so: Relocation to NULL @0x0004fffc for symbol "__cxa_type_match"
03-23 16:59:13.086  8390  8442 D places_ffi: places_note_observation
03-23 16:59:13.100  8390  8442 D sql_support::conn_ext: Transaction commited after 12.779949ms
03-23 16:59:13.105  8390  8564 D places_ffi: places_note_observation
03-23 16:59:13.124  8390  8564 D sql_support::conn_ext: Transaction commited after 18.561565ms
03-23 16:59:13.361  8390  8390 I DefaultSupportedAddonsChecker: Register check for new supported add-ons
03-23 16:59:13.806  8390  8390 D GeckoSession: handleMessage GeckoView:StateUpdated uri=null
03-23 16:59:13.806  8390  8390 W GeckoSession: No history entries found.
03-23 16:59:14.531  8390  8564 D SessionStorage/AutoSave: Saved state to disk [7ms]
03-23 16:59:15.630  8636  8636 D AndroidRuntime: >>>>>> START com.android.internal.os.RuntimeInit uid 2000 <<<<<<
03-23 16:59:15.642  8636  8636 W app_process: Could not reserve sentinel fault page
03-23 16:59:15.810  8636  8636 I app_process: The ClassLoaderContext is a special shared library.
03-23 16:59:15.877  8636  8636 D AndroidRuntime: Calling main entry com.android.commands.input.Input
03-23 16:59:15.879  8636  8636 I Input   : injectKeyEvent: KeyEvent { action=ACTION_DOWN, keyCode=KEYCODE_HOME, scanCode=0, metaState=0, flags=0x0, repeatCount=0, eventTime=17073211159, downTime=17073211159, deviceId=-1, source=0x101 }
03-23 16:59:15.887  8636  8636 I Input   : injectKeyEvent: KeyEvent { action=ACTION_UP, keyCode=KEYCODE_HOME, scanCode=0, metaState=0, flags=0x0, repeatCount=0, eventTime=17073211159, downTime=17073211159, deviceId=-1, source=0x101 }
03-23 16:59:15.894  1456  1941 I ActivityManager: START u0 {act=android.intent.action.MAIN cat=[android.intent.category.HOME] flg=0x10200000 cmp=com.android.launcher3/.CustomizationPanelLauncher (has extras)} from uid 1000
03-23 16:59:15.894   794   839 E ANDR-PERF-RESOURCEQS: Failed to apply optimization [4, 0]
03-23 16:59:15.905  8390  8395 I zygote  : Do full code cache collection, code=254KB, data=152KB
03-23 16:59:15.907  8390  8395 I zygote  : After code cache collection, code=155KB, data=86KB
03-23 16:59:15.908  1456  1941 I ActivityManager: moveHomeStack, setupComplete:true
03-23 16:59:15.916 28336 28375 I Adreno  : QUALCOMM build                   : bb5b86c, I77d3059488
03-23 16:59:15.916 28336 28375 I Adreno  : Build Date                       : 06/07/18
03-23 16:59:15.916 28336 28375 I Adreno  : OpenGL ES Shader Compiler Version: EV031.22.00.01_06
