02-03 22:07:49.441  1456  7570 I ActivityManager: Fully drawn org.mozilla.fenix.nightly/org.mozilla.fenix.HomeActivity: +1s124ms
02-03 22:07:49.458 11716 11716 I chatty  : uid=10821(org.mozilla.fenix.nightly) expire 2 lines
02-03 22:07:49.458 11716 11735 I chatty  : uid=10821(org.mozilla.fenix.nightly) expire 15 lines
02-03 22:07:49.491  1456  1673 I LaunchCheckinHandler: Displayed org.mozilla.fenix.nightly/org.mozilla.fenix.HomeActivity,cp,ca,1174
02-03 22:07:49.527 20023 20023 I MemoryTrimmer: Trimming objects from memory, since app is in the background.
02-03 22:07:49.528  1343  1343 I Finsky  : [2] pow.onTrimMemory(1): Memory trim requested to level 80
02-03 22:07:49.541 20023 20023 I MemoryTrimmer: Trimming objects from memory, since app is in the background.
02-03 22:07:49.543 20023  7151 I PBSessionCacheImpl: Deleted sessionId[88063665787502430] from persistence.
02-03 22:07:49.547  1456  2162 I WifiService: getWifiEnabledState uid=10073
02-03 22:07:49.551 20023 20165 W SearchServiceCore: Abort, client detached.
02-03 22:07:49.872   808   898 I SFPerfTracer:      triggers: (rate: 0:0) (0 sw vsyncs) (0 skipped) (17:3442325 vsyncs) (19:6130663)
02-03 22:07:50.556 11602 11783 I chatty  : uid=10821(org.mozilla.fenix.nightly) expire 2 lines
02-03 22:07:53.814  2398  2398 D ImsResolver: maybeAddedImsService, packageName: org.mozilla.fenix.nightly
02-03 22:07:53.815  1456  1600 W ResourceType: No known package when getting value for resource number 0x7f0801a1
02-03 22:07:53.815  1456  1600 W ResourceType: No known package when getting value for resource number 0x7f120105
02-03 22:07:53.815  1456  1600 W ResourceType: No known package when getting value for resource number 0x7f120105
02-03 22:07:53.815  1456  1600 W ResourceType: No known package when getting value for resource number 0x7f08019f
02-03 22:07:53.816  1456  1600 W ResourceType: No known package when getting value for resource number 0x7f120104
02-03 22:07:53.816  1456  1600 W ResourceType: No known package when getting value for resource number 0x7f120104
02-03 22:07:53.816  2360  2360 D MayaFrameworkProxyService: receive intent :Intent { act=android.intent.action.PACKAGE_CHANGED dat=package:org.mozilla.fenix.nightly flg=0x45000010 (has extras) }
02-03 22:07:53.825  1456  1456 W ResourceType: ResTable_typeSpec entry count inconsistent: given 669, previously 675
02-03 22:07:53.825  1456  1456 W ResourceType: ResTable_typeSpec entry count inconsistent: given 394, previously 1461
02-03 22:07:53.825  1456  1456 W ResourceType: ResTable_typeSpec entry count inconsistent: given 217, previously 1293
02-03 22:07:53.842  1456  1942 I InputReader: Reconfiguring input devices.  changes=0x00000010
02-03 22:07:53.871  2398  2398 D CarrierSvcBindHelper: No carrier app for: 0
02-03 22:07:53.872  2398  2398 D CarrierSvcBindHelper: No carrier app for: 1
02-03 22:07:53.907  1456  1456 I TelecomService: DefaultDialerCache: Refreshing default dialer for user 0: now com.android.dialer: DDC.oR@BcQ
02-03 22:07:53.911  2398  2398 E VvmPkgInstalledRcvr: cannot create TelephonyManager from ComponentInfo{com.android.phone/com.android.services.telephony.TelephonyConnectionService}, [****], UserHandle{0}
02-03 22:07:53.967 13975 14047 I Icing   : IndexChimeraService.getServiceInterface callingPackage=com.google.android.gms componentName=AppsCorpus serviceId=36
02-03 22:07:53.976 11806 11806 D AndroidRuntime: >>>>>> START com.android.internal.os.RuntimeInit uid 2000 <<<<<<
02-03 22:07:53.978 13975  3489 W Icing   : No valid account for uploading user actions
02-03 22:07:53.989 11806 11806 W app_process: Could not reserve sentinel fault page
02-03 22:07:54.064 13975  3489 I Icing   : Usage reports ok 1, Failed Usage reports 0, indexed 0, rejected 0
02-03 22:07:54.066 13975  3489 I Icing   : Indexing com.google.android.gms-internal.3p:MobileApplication from com.google.android.gms using seqno 2511
02-03 22:07:54.093 13975 13985 I zygote  : Background concurrent copying GC freed 121818(7MB) AllocSpace objects, 37(1636KB) LOS objects, 49% free, 9MB/18MB, paused 221us total 121.984ms
02-03 22:07:54.160 11806 11806 I app_process: The ClassLoaderContext is a special shared library.
02-03 22:07:54.230 11806 11806 D AndroidRuntime: Calling main entry com.android.commands.input.Input
02-03 22:07:54.231 11806 11806 I Input   : injectKeyEvent: KeyEvent { action=ACTION_DOWN, keyCode=KEYCODE_HOME, scanCode=0, metaState=0, flags=0x0, repeatCount=0, eventTime=13206200645, downTime=13206200645, deviceId=-1, source=0x101 }
02-03 22:07:54.241 11806 11806 I Input   : injectKeyEvent: KeyEvent { action=ACTION_UP, keyCode=KEYCODE_HOME, scanCode=0, metaState=0, flags=0x0, repeatCount=0, eventTime=13206200645, downTime=13206200645, deviceId=-1, source=0x101 }
02-03 22:07:54.247  1456  1941 I ActivityManager: START u0 {act=android.intent.action.MAIN cat=[android.intent.category.HOME] flg=0x10200000 cmp=com.android.launcher3/.CustomizationPanelLauncher (has extras)} from uid 1000
02-03 22:07:54.248   794   839 E ANDR-PERF-RESOURCEQS: Failed to apply optimization [4, 0]
02-03 22:07:54.259  1456  1941 I ActivityManager: moveHomeStack, setupComplete:true
02-03 22:07:54.267 20023 20118 I Adreno  : QUALCOMM build                   : bb5b86c, I77d3059488
02-03 22:07:54.267 20023 20118 I Adreno  : Build Date                       : 06/07/18
02-03 22:07:54.267 20023 20118 I Adreno  : OpenGL ES Shader Compiler Version: EV031.22.00.01_06
02-03 22:07:54.267 20023 20118 I Adreno  : Local Branch                     : 
02-03 22:07:54.267 20023 20118 I Adreno  : Remote Branch                    : refs/tags/AU_LINUX_ANDROID_LA.UM.6.5.R1.08.01.00.312.086
02-03 22:07:54.267 20023 20118 I Adreno  : Remote Branch                    : NONE
02-03 22:07:54.267 20023 20118 I Adreno  : Reconstruct Branch               : NOTHING
02-03 22:07:54.270 20023 20118 D vndksupport: Loading /vendor/lib/hw/gralloc.msm8937.so from current namespace instead of sphal namespace.
02-03 22:07:54.271 11806 11806 D AndroidRuntime: Shutting down VM
02-03 22:07:54.273 20023 20118 I Adreno  : PFP: 0x005ff087, ME: 0x005ff063
02-03 22:07:54.277 20023 20118 I zygote  : android::hardware::configstore::V1_0::ISurfaceFlingerConfigs::hasWideColorDisplay retrieved: 0
02-03 22:07:54.277 20023 20118 I OpenGLRenderer: Initialized EGL, version 1.4
02-03 22:07:54.278 20023 20118 D OpenGLRenderer: Swap behavior 2
02-03 22:07:54.285  2748  2748 D Launcher.Utilities: Wakeup weather: Intent { act=com.motorola.launcher3.action.WAKEUP_WEATHER cmp=com.motorola.timeweatherwidget/com.motorola.commandcenter.weather.WakeUpService }
02-03 22:07:54.300  1456  1456 I NotificationService: Cannot find enqueued record for key: 0|com.motorola.timeweatherwidget|1|null|10116
02-03 22:07:54.303   808   808 D SurfaceFlinger: duplicate layer name: changing com.android.launcher3/com.android.launcher3.CustomizationPanelLauncher to com.android.launcher3/com.android.launcher3.CustomizationPanelLauncher#1
02-03 22:07:54.314 20023 20093 W ThreadPoolDumper: Queue length for executor EventBus is now 11. Perhaps some tasks are too long, or the pool is too small.
02-03 22:07:54.315  1456  5027 I WifiService: getWifiEnabledState uid=10073
02-03 22:07:54.319   808   808 I SFPerfTracer:      triggers: (rate: 50:548891) (compose: 0:6) (post: 0:14) (render: 0:11) (2:4613660 frames) (3:6082550)
02-03 22:07:54.319   808   808 D SFPerfTracer:        layers: (3:13) (NavigationBar#0 (0xb07df000): 0:496234) (StatusBar#0 (0xb07e3000): 0:1425694) (com.android.systemui.ImageWallpaper#0 (0xb07e7000): 0:42826)* (Sprite#0 (0xb0733000): 0:317)* (DimLayerController/Stack=0#0 (0xb075a000): 0:3589)* (Sprite#1 (0xb077c000): 0:195)* (Splash Screen org.mozilla.fenix.nightly#0 (0xb0384000): 0:30)- (org.mozilla.fenix.nightly/org.mozilla.fenix.HomeActivity#0 (0xb039b000): 0:46)- (com.android.launcher3/com.android.launcher3.CustomizationPanelLauncher#0 (0xb0763000): 0:39)- (com.android.launcher3/com.android.launcher3.CustomizationPanelLauncher#1 (0xb0771000): 0:10)- (Splash Screen org.mozilla.fenix.nightly#0 (0xb0384000): 0:31)- (org.mozilla.fenix.nightly/org.mozilla.fenix.HomeActivity#0 (0xb039b000): 1:21) (com.android.launcher3/com.android.launcher3.CustomizationPanelLauncher#0 (0xb0763000): 2:2)* 
02-03 22:07:54.324  1456  2162 I WifiService: getWifiEnabledState uid=10073
02-03 22:07:54.351 20023 20165 I MicroDetectionState: Should stop hotword detection immediately - false
02-03 22:07:54.356 20023 20165 I MicroDetectionWorker: #startMicroDetector [speakerMode: 0]
02-03 22:07:54.358 20023 20165 I AudioController: Created new AudioSource
02-03 22:07:54.380  1456  1673 I LaunchCheckinHandler: Displayed com.android.launcher3/.CustomizationPanelLauncher,wp,wa,133
02-03 22:07:54.381 20023 20096 I MicroDataManager: isInitializedWithLatestParams-true
02-03 22:07:54.381 20023 20096 I MicroDataManager: isInitializing-false locale not changed-true model not changed-true
02-03 22:07:54.381  1343  1343 I Finsky  : [2] pow.onTrimMemory(1): Memory trim requested to level 80
02-03 22:07:54.382 20023 20096 I MicroDataManager: Already initialized, obtaining the hotword data immediately.
02-03 22:07:54.388 20023 20105 I MicroRecognitionRunner: Starting detection.
02-03 22:07:54.388 20023 20105 I InputStreamUtils: Using micInputStream
02-03 22:07:54.388 20023  7275 I MicrophoneInputStream: mic_starting  SR : 16000 CC : 16 SO : 1999
02-03 22:07:54.392   788  1479 V msm8974_platform: platform_check_input_mask: enter check_input_mask source 6 mask 10
02-03 22:07:54.394  1012 11831 I AudioFlinger: AudioFlinger's thread 0xb2483d00 tid=11831 ready to run
02-03 22:07:54.399   788  1479 D audio_hw_primary: in_set_parameters: enter: kvpairs=input_source=6;routing=-2147483644
02-03 22:07:54.400  1012 13178 D APM_AudioPolicyManager: AudioPolicyManager::startInput() input 118942, session 119017, source = 1999
02-03 22:07:54.400 20023  7275 I MicrophoneInputStream: mic_started  SR : 16000 CC : 16 SO : 1999
02-03 22:07:54.401   788 11832 V msm8974_platform: platform_update_usecase_from_source: input source :6
02-03 22:07:54.401   788 11832 V msm8974_platform: platform_check_input_mask: enter check_input_mask source 6 mask 10
02-03 22:07:54.402   788 11832 V msm8974_platform: platform_get_input_snd_device: enter: out_device(0) in_device(0x4) channel_count (1) channel_mask (0x10)
02-03 22:07:54.402   788 11832 V msm8974_platform: platform_get_input_snd_device: exit: in_snd_device(voice-rec-mic)
02-03 22:07:54.402   788 11832 V msm8974_platform: platform_get_backend_index:napb: backend port - 5 device - 120 
02-03 22:07:54.402   788 11832 V msm8974_platform: platform_check_and_set_capture_backend_cfg:txbecf: afe: bitwidth 0, samplerate 0, channel 1, backend_idx 5 usecase = 9 device (voice-rec-mic)
02-03 22:07:54.402   788 11832 V msm8974_platform: platform_check_capture_backend_cfg:txbecf: afe: Codec selected backend: 5 current bit width: 0 and sample rate: 0, channels 1
02-03 22:07:54.402   788 11832 V msm8974_platform: platform_check_capture_backend_cfg:txbecf: afe: Codec selected backend: 5 updated bit width: 0 and sample rate: 0
02-03 22:07:54.402   788 11832 I msm8974_platform: platform_check_capture_backend_cfg:txbecf: afe: Codec backend needs to be updated. new bit width: 0 new sample rate: 0 new channel: 1
02-03 22:07:54.402   788 11832 V msm8974_platform: platform_get_backend_index:napb: backend port - 5 device - 120 
02-03 22:07:54.402   788 11832 V msm8974_platform: platform_set_backend_cfg:becf: afe: bitwidth 0, samplerate 0 channels 1, backend_idx 5 device (voice-rec-mic)
02-03 22:07:54.402   788 11832 E msm8974_platform: platform_set_backend_cfg:becf: afe: Could not get ctl for mixer command - SLIM_0_TX Format
02-03 22:07:54.402   788 11832 V msm8974_platform: platform_send_audio_calibration: sending audio calibration for snd_device(120) acdb_id(62)
02-03 22:07:54.402   788 11832 D ACDB-LOADER: ACDB -> send_audio_cal, acdb_id = 62, path = 1, app id = 0x11130, sample rate = 48000
02-03 22:07:54.402   788 11832 D ACDB-LOADER: ACDB -> send_asm_topology
02-03 22:07:54.402   788 11832 D ACDB-LOADER: ACDB -> ACDB_CMD_GET_AUDPROC_STREAM_TOPOLOGY_ID
02-03 22:07:54.403   788 11832 D ACDB-LOADER: ACDB -> send_adm_topology
02-03 22:07:54.403   788 11832 D ACDB-LOADER: ACDB -> ACDB_CMD_GET_AUDPROC_COMMON_TOPOLOGY_ID
02-03 22:07:54.403   788 11832 D ACDB-LOADER: ACDB -> send_audtable
02-03 22:07:54.403   788 11832 D ACDB-LOADER: ACDB -> ACDB_CMD_GET_AUDPROC_COMMON_TABLE_SIZE
02-03 22:07:54.403   788 11832 D ACDB-LOADER: ACDB -> ACDB_CMD_GET_AUDPROC_COMMON_TABLE
02-03 22:07:54.403   788 11832 D ACDB-LOADER: ACDB -> AUDIO_SET_AUDPROC_CAL
02-03 22:07:54.403   788 11832 D ACDB-LOADER: ACDB -> send_audvoltable
02-03 22:07:54.403   788 11832 D ACDB-LOADER: ACDB -> ACDB_CMD_GET_AUDPROC_VOL_STEP_TABLE_SIZE
02-03 22:07:54.403   788 11832 D ACDB-LOADER: ACDB -> ACDB_CMD_GET_AUDPROC_GAIN_DEP_STEP_TABLE, vol index 0
02-03 22:07:54.403   788 11832 D         : Failed to fetch the lookup information of the device 0000003E 
02-03 22:07:54.403   788 11832 D ACDB-LOADER: ACDB -> AUDIO_SET_VOL_CAL cal type = 12
02-03 22:07:54.403   788 11832 D ACDB-LOADER: ACDB -> ACDB_CMD_GET_AUDPROC_STREAM_TABLE_SIZE
02-03 22:07:54.403   788 11832 D ACDB-LOADER: ACDB -> send_audstrmtable
02-03 22:07:54.403   788 11832 D ACDB-LOADER: ACDB -> ACDB_CMD_GET_AUDPROC_STREAM_TABLE_V2
02-03 22:07:54.403   788 11832 D ACDB-LOADER: ACDB -> audstrm_cal->cal_type.cal_data.cal_size = 456
02-03 22:07:54.403   788 11832 D ACDB-LOADER: ACDB -> send_afe_topology
02-03 22:07:54.403   788 11832 D ACDB-LOADER: ACDB -> ACDB_CMD_GET_AFE_TOPOLOGY_ID
02-03 22:07:54.403   788 11832 D ACDB-LOADER: ACDB -> GET_AFE_TOPOLOGY_ID for adcd_id 62, Topology Id 112fb
02-03 22:07:54.403   788 11832 D ACDB-LOADER: ACDB -> send_afe_cal
02-03 22:07:54.403   788 11832 D ACDB-LOADER: ACDB -> ACDB_CMD_GET_AFE_COMMON_TABLE_SIZE
02-03 22:07:54.403   788 11832 D         : Failed to fetch the lookup information of the device 0000003E 
02-03 22:07:54.403   788 11832 E ACDB-LOADER: Error: ACDB_CMD_GET_AFE_COMMON_TABLE_SIZE Returned = -19
02-03 22:07:54.404   788 11832 D ACDB-LOADER: ACDB -> ACDB_CMD_GET_AFE_COMMON_TABLE
02-03 22:07:54.404   788 11832 D         : Failed to fetch the lookup information of the device 0000003E 
02-03 22:07:54.404   788 11832 D ACDB-LOADER: ACDB -> AUDIO_SET_AFE_CAL
02-03 22:07:54.404   788 11832 D ACDB-LOADER: ACDB -> send_hw_delay : acdb_id = 62 path = 1
02-03 22:07:54.404   788 11832 D ACDB-LOADER: ACDB -> ACDB_AVSYNC_INFO: ACDB_CMD_GET_DEVICE_PROPERTY
02-03 22:07:54.404   788 11832 D audio_hw_primary: enable_snd_device: snd_device(120: voice-rec-mic)
02-03 22:07:54.404   788 11832 D audio_route: Apply path: voice-rec-mic
02-03 22:07:54.407   788 11832 V msm8974_platform: platform_get_snd_device_backend_index: enter with device 120
02-03 22:07:54.407   788 11832 E msm8974_platform: platform_get_snd_device_backend_index: BE DAI Name Table is not present
02-03 22:07:54.407   788 11832 V msm8974_platform: platform_get_backend_index:napb: backend port - 5 device - 120 
02-03 22:07:54.407   788 11832 I audio_hw_utils: Set Audio Stream Capture 0 App Type Cfg: app_type 69936, acdb_dev_id 62, sample_rate 48000, snd_device_be_idx -14
02-03 22:07:54.408   788 11832 D audio_hw_primary: enable_audio_route: usecase(9) apply and update mixer path: audio-record
02-03 22:07:54.408   788 11832 D audio_route: Apply path: audio-record
02-03 22:07:54.477 20023 20165 I MicroDetectionWorker: onReady
02-03 22:07:54.535  2146  2165 I zygote  : NativeAlloc concurrent copying GC freed 19169(1020KB) AllocSpace objects, 0(0B) LOS objects, 50% free, 9MB/19MB, paused 132us total 135.299ms
02-03 22:07:54.792  1456  7796 I OpenGLRenderer: Initialized EGL, version 1.4
02-03 22:07:54.792  1456  7796 D OpenGLRenderer: Swap behavior 2
02-03 22:07:54.840  2748  2917 W OpenGLRenderer: Incorrectly called buildLayer on View: ShortcutAndWidgetContainer, destroying layer...
02-03 22:07:54.956 11602 11665 I chatty  : uid=10821(org.mozilla.fenix.nightly) expire 1 line
02-03 22:07:55.005  1456  2162 D ConnectivityService: requestNetwork for uid/pid:10821/11602 NetworkRequest [ TRACK_DEFAULT id=24544, [ Capabilities: INTERNET&NOT_RESTRICTED&TRUSTED&NOT_VPN] ]
02-03 22:07:55.006  1456  2099 D Ethernet: got request NetworkRequest [ TRACK_DEFAULT id=24544, [ Capabilities: INTERNET&NOT_RESTRICTED&TRUSTED&NOT_VPN] ] with score 60
02-03 22:07:55.006  1456  2054 D WIFI_UT : got request NetworkRequest [ TRACK_DEFAULT id=24544, [ Capabilities: INTERNET&NOT_RESTRICTED&TRUSTED&NOT_VPN] ] with score 60
02-03 22:07:55.006  1456  2054 D WIFI    : got request NetworkRequest [ TRACK_DEFAULT id=24544, [ Capabilities: INTERNET&NOT_RESTRICTED&TRUSTED&NOT_VPN] ] with score 60
02-03 22:07:55.007  2398  2398 D PhoneSwitcherNetworkRequstListener: got request NetworkRequest [ TRACK_DEFAULT id=24544, [ Capabilities: INTERNET&NOT_RESTRICTED&TRUSTED&NOT_VPN] ] with score 60
02-03 22:07:55.015 11602 11834 I chatty  : uid=10821(org.mozilla.fenix.nightly) expire 9 lines
02-03 22:07:55.066 13975  3489 I Icing   : Indexing com.google.android.gms-apps from com.google.android.gms
02-03 22:07:55.119 13975  3489 I Icing   : Indexing done com.google.android.gms-apps
02-03 22:07:55.541 11602 11621 I chatty  : uid=10821(org.mozilla.fenix.nightly) expire 1 line
02-03 22:07:55.544  1456  2067 D ConnectivityService: releasing NetworkRequest [ TRACK_DEFAULT id=24544, [ Capabilities: INTERNET&NOT_RESTRICTED&TRUSTED&NOT_VPN] ] (release request)
02-03 22:07:57.978  1456  1893 D BatteryService: uevent={POWER_SUPPLY_VOLTAGE_NOW=4396031, POWER_SUPPLY_CHARGE_RATE=Normal, POWER_SUPPLY_HEALTH=Good, POWER_SUPPLY_CURRENT_NOW=-214842, POWER_SUPPLY_PRESENT=1, SUBSYSTEM=power_supply, POWER_SUPPLY_TEMP=320, SEQNUM=351302, ACTION=change, POWER_SUPPLY_NAME=battery, POWER_SUPPLY_STATUS=Charging, POWER_SUPPLY_CHARGE_COUNTER=2791891, POWER_SUPPLY_CAPACITY=100, DEVPATH=/devices/soc/qpnp-smbcharger-17/power_supply/battery}
02-03 22:07:57.986  2398  2398 D QtiCarrierConfigHelper: WARNING, no carrier configs on phone Id: 0
02-03 22:07:59.419  1456  1473 I ActivityManager: Force stopping org.mozilla.fenix.nightly appid=10821 user=0: from pid 11839
02-03 22:07:59.419  1456  1473 I ActivityManager: Killing 11602:org.mozilla.fenix.nightly/u0a821 (adj 700): stop org.mozilla.fenix.nightly
02-03 22:07:59.422  1456  1605 W zygote  : kill(-11602, 9) failed: No such process
02-03 22:07:59.424  1456  1473 W ActivityManager: Force removing ActivityRecord{852ff9 u0 org.mozilla.fenix.nightly/org.mozilla.fenix.HomeActivity t22635}: app died, no saved state
02-03 22:07:59.433  1456  1473 I ActivityManager: Killing 11716:org.mozilla.fenix.nightly:socket/u0a821 (adj 0): stop org.mozilla.fenix.nightly
02-03 22:07:59.437  1456  1473 I ActivityManager: Killing 11696:org.mozilla.fenix.nightly:tab/u0a821 (adj 0): stop org.mozilla.fenix.nightly
02-03 22:07:59.438  1456  1605 W zygote  : kill(-11602, 9) failed: No such process
02-03 22:07:59.448 17214 17214 I AppBase : onTrimMemory(): 15
02-03 22:07:59.449 17214 17214 I GoogleInputMethodService: onTrimMemory(): 15
02-03 22:07:59.455  2398  2398 D CarrierSvcBindHelper: No carrier app for: 0
02-03 22:07:59.459  2398  2398 D CarrierSvcBindHelper: No carrier app for: 1
02-03 22:07:59.462  1456  1605 W zygote  : kill(-11602, 9) failed: No such process
02-03 22:07:59.495  1456  1605 I chatty  : uid=1000(system) ActivityManager identical 2 lines
02-03 22:07:59.505  1456  1673 W ActivityManager: setHasOverlayUi called on unknown pid: 11602
02-03 22:07:59.508  1456  1605 W zygote  : kill(-11602, 9) failed: No such process
02-03 22:07:59.508  1456  1605 I zygote  : Successfully killed process cgroup uid 10821 pid 11602 in 86ms
02-03 22:07:59.509  1456  1605 W zygote  : kill(-11716, 9) failed: No such process
02-03 22:07:59.509  1456  1605 I zygote  : Successfully killed process cgroup uid 10821 pid 11716 in 0ms
02-03 22:07:59.509  1456  1605 W zygote  : kill(-11696, 9) failed: No such process
02-03 22:07:59.509  1456  1605 I zygote  : Successfully killed process cgroup uid 10821 pid 11696 in 0ms
02-03 22:07:59.549  1456  5797 I ActivityManager: START u0 {act=android.intent.action.MAIN cat=[android.intent.category.LAUNCHER] flg=0x10000000 cmp=org.mozilla.fenix.nightly/org.mozilla.fenix.HomeActivity} from uid 2000
02-03 22:07:59.550   794   839 E ANDR-PERF-RESOURCEQS: Failed to apply optimization [4, 0]
02-03 22:07:59.568  1456  5050 I ActivityManager: Start proc 11847:org.mozilla.fenix.nightly/u0a821 for activity org.mozilla.fenix.nightly/org.mozilla.fenix.HomeActivity
02-03 22:07:59.572  1456  7796 I OpenGLRenderer: Initialized EGL, version 1.4
02-03 22:07:59.572  1456  7796 D OpenGLRenderer: Swap behavior 2
02-03 22:07:59.626  1456  5797 W ActivityManager: getTaskSnapshot: taskId=22635 not found
02-03 22:07:59.658 20023 20165 I MicroDetectionState: Should stop hotword detection immediately - false
02-03 22:07:59.658 20023 20165 I MicroDetector: Keeping mic open: false
02-03 22:07:59.658 20023 20165 I RecognitionAudioControl: #shutdownAudio [requestId: 7484633171767770900, keepAudioOpen: false, forced: true]
02-03 22:07:59.658 20023 20207 E DeviceStateChecker: DeviceStateChecker cancelled
02-03 22:07:59.658 20023 20165 I RecognitionAudioControl: #internalShutdownAudio [requestId: 7484633171767770900]
02-03 22:07:59.658 20023 20165 I RecognitionAudioControl: #internalShutdownAudio [keepAudioOpen: false, forced: true]
02-03 22:07:59.658 20023 20165 I RecognitionAudioControl: #actualShutdownAudio
02-03 22:07:59.658 20023 20165 I AudioController: #shutdown [requestId=7484633171767770900]
02-03 22:07:59.659 20023 20113 I AudioController: internalShutdown
02-03 22:07:59.659 20023 20097 I MicroRecognitionRunner: Stopping hotword detection.
02-03 22:07:59.715   788  1479 D audio_hw_primary: disable_audio_route: usecase(9) reset and update mixer path: audio-record
02-03 22:07:59.717   788  1479 D audio_hw_primary: disable_snd_device: snd_device(120: voice-rec-mic)
02-03 22:07:59.718  1012 19499 D APM_AudioPolicyManager: stopInput() input 118942, session 119017
02-03 22:07:59.719   788  1479 D audio_hw_primary: in_set_parameters: enter: kvpairs=routing=0
02-03 22:07:59.720 20023 20113 I MicrophoneInputStream: mic_close  SR : 16000 CC : 16 SO : 1999
02-03 22:07:59.721 20023 20113 E AudioSource: Stop listening is called on already closed AudioSource
02-03 22:07:59.722 20023 20105 I MicroRecognitionRunner: Detection finished
02-03 22:07:59.749 11847 11847 I chatty  : uid=10821(org.mozilla.fenix.nightly) expire 36 lines
02-03 22:07:59.813 11847 11865 I chatty  : uid=10821(org.mozilla.fenix.nightly) expire 4 lines
02-03 22:07:59.875 11847 11871 I chatty  : uid=10821(org.mozilla.fenix.nightly) expire 2 lines
02-03 22:07:59.913 11847 11875 I chatty  : uid=10821(org.mozilla.fenix.nightly) expire 11 lines
02-03 22:07:59.936  1456  1466 I zygote  : NativeAlloc concurrent copying GC freed 58094(3MB) AllocSpace objects, 29(1156KB) LOS objects, 39% free, 36MB/60MB, paused 409us total 350.830ms
02-03 22:07:59.970 11847 11881 I chatty  : uid=10821(org.mozilla.fenix.nightly) expire 19 lines
02-03 22:08:00.036 11847 11852 I chatty  : uid=10821(org.mozilla.fenix.nightly) expire 7 lines
02-03 22:08:00.117 11847 11894 I chatty  : uid=10821(org.mozilla.fenix.nightly) expire 6 lines
02-03 22:08:00.128 11847 11897 I chatty  : uid=10821(org.mozilla.fenix.nightly) expire 10 lines
02-03 22:08:00.410 11847 11886 I chatty  : uid=10821(org.mozilla.fenix.nightly) expire 1 line
02-03 22:08:00.448 11847 11928 I chatty  : uid=10821(org.mozilla.fenix.nightly) expire 9 lines
02-03 22:08:00.472  1456  5797 I ActivityManager: Start proc 11940:org.mozilla.fenix.nightly:tab/u0a821 for service org.mozilla.fenix.nightly/org.mozilla.gecko.process.GeckoServiceChildProcess$tab
02-03 22:08:00.479  1456  2063 D WifiNative-wlan0: Scan issued for specific freq..
02-03 22:08:00.519  1456  2920 I WifiService: getDhcpInfo uid=10821
02-03 22:08:00.599  1456  2920 I ActivityManager: Start proc 11960:org.mozilla.fenix.nightly:socket/u0a821 for service org.mozilla.fenix.nightly/org.mozilla.gecko.process.GeckoServiceChildProcess$socket
02-03 22:08:00.627 11940 11940 I chatty  : uid=10821(org.mozilla.fenix.nightly) expire 1 line
02-03 22:08:00.628 11940 11975 I chatty  : uid=10821(org.mozilla.fenix.nightly) expire 1 line
02-03 22:08:00.709  1456  5907 I ActivityManager: Displayed org.mozilla.fenix.nightly/org.mozilla.fenix.HomeActivity: +1s152ms
02-03 22:08:00.709  1456  5907 I ActivityManager: Fully drawn org.mozilla.fenix.nightly/org.mozilla.fenix.HomeActivity: +1s152ms
02-03 22:08:00.727 11960 11960 I chatty  : uid=10821(org.mozilla.fenix.nightly) expire 1 line
02-03 22:08:00.728 11960 11978 I chatty  : uid=10821(org.mozilla.fenix.nightly) expire 15 lines
02-03 22:08:00.779 11847 11852 I chatty  : uid=10821(org.mozilla.fenix.nightly) expire 1 line
02-03 22:08:00.781  1456  1673 I LaunchCheckinHandler: Displayed org.mozilla.fenix.nightly/org.mozilla.fenix.HomeActivity,cp,ca,1224
02-03 22:08:00.788  1456  5050 D WificondControl: Scan result ready event
02-03 22:08:00.808  1343  1343 I Finsky  : [2] pow.onTrimMemory(1): Memory trim requested to level 80
02-03 22:08:00.814 20023 20023 I MemoryTrimmer: Trimming objects from memory, since app is in the background.
02-03 22:08:00.826 20023 20023 I MemoryTrimmer: Trimming objects from memory, since app is in the background.
02-03 22:08:00.828 20023  7275 I PBSessionCacheImpl: Deleted sessionId[88063665787502435] from persistence.
02-03 22:08:00.832  1456  5050 I WifiService: getWifiEnabledState uid=10073
02-03 22:08:00.841 20023 20165 W SearchServiceCore: Abort, client detached.
02-03 22:08:01.214 11847 11881 I chatty  : uid=10821(org.mozilla.fenix.nightly) expire 11 lines
02-03 22:08:01.804 11847 11847 I chatty  : uid=10821(org.mozilla.fenix.nightly) expire 9 lines
02-03 22:08:01.844 11847 12029 I chatty  : uid=10821(org.mozilla.fenix.nightly) expire 2 lines
02-03 22:08:05.053  1456  1600 W ResourceType: No known package when getting value for resource number 0x7f0801a1
02-03 22:08:05.053  1456  1600 W ResourceType: No known package when getting value for resource number 0x7f120105
02-03 22:08:05.053  1456  1600 W ResourceType: No known package when getting value for resource number 0x7f120105
02-03 22:08:05.053  1456  1600 W ResourceType: No known package when getting value for resource number 0x7f08019f
02-03 22:08:05.053  1456  1600 W ResourceType: No known package when getting value for resource number 0x7f120104
02-03 22:08:05.053  1456  1600 W ResourceType: No known package when getting value for resource number 0x7f120104
02-03 22:08:05.055  2360  2360 D MayaFrameworkProxyService: receive intent :Intent { act=android.intent.action.PACKAGE_CHANGED dat=package:org.mozilla.fenix.nightly flg=0x45000010 (has extras) }
02-03 22:08:05.079  1456  1456 W ResourceType: ResTable_typeSpec entry count inconsistent: given 669, previously 675
02-03 22:08:05.079  1456  1456 W ResourceType: ResTable_typeSpec entry count inconsistent: given 394, previously 1461
02-03 22:08:05.079  1456  1456 W ResourceType: ResTable_typeSpec entry count inconsistent: given 217, previously 1293
02-03 22:08:05.084  1456  1942 I InputReader: Reconfiguring input devices.  changes=0x00000010
02-03 22:08:05.097  2398  2398 D CarrierSvcBindHelper: No carrier app for: 0
02-03 22:08:05.098  2398  2398 D CarrierSvcBindHelper: No carrier app for: 1
02-03 22:08:05.105  2398  2398 E VvmPkgInstalledRcvr: cannot create TelephonyManager from ComponentInfo{com.android.phone/com.android.services.telephony.TelephonyConnectionService}, [****], UserHandle{0}
02-03 22:08:05.105  2398  2398 D ImsResolver: maybeAddedImsService, packageName: org.mozilla.fenix.nightly
02-03 22:08:05.118  1456  1600 W ResourceType: ResTable_typeSpec entry count inconsistent: given 29, previously 34
02-03 22:08:05.119  1456  1600 W ResourceType: ResTable_typeSpec entry count inconsistent: given 2172, previously 2169
02-03 22:08:05.120  1456  1600 W ResourceType: ResTable_typeSpec entry count inconsistent: given 272, previously 1536
02-03 22:08:05.130  1456  1600 W ResourceType: Found multiple library tables, ignoring...
02-03 22:08:05.211 12052 12052 D AndroidRuntime: >>>>>> START com.android.internal.os.RuntimeInit uid 2000 <<<<<<
02-03 22:08:05.218  1456  1456 I TelecomService: DefaultDialerCache: Refreshing default dialer for user 0: now com.android.dialer: DDC.oR@Bcs
02-03 22:08:05.224 12052 12052 W app_process: Could not reserve sentinel fault page
02-03 22:08:05.247 13975 14049 I Icing   : IndexChimeraService.getServiceInterface callingPackage=com.google.android.gms componentName=AppsCorpus serviceId=36
02-03 22:08:05.258 13975  3489 W Icing   : No valid account for uploading user actions
02-03 22:08:05.329 13975  3489 I Icing   : Usage reports ok 1, Failed Usage reports 0, indexed 0, rejected 0
02-03 22:08:05.331 13975  3489 I Icing   : Indexing com.google.android.gms-internal.3p:MobileApplication from com.google.android.gms using seqno 2511
02-03 22:08:05.398 12052 12052 I app_process: The ClassLoaderContext is a special shared library.
02-03 22:08:05.463 12052 12052 D AndroidRuntime: Calling main entry com.android.commands.input.Input
02-03 22:08:05.465 12052 12052 I Input   : injectKeyEvent: KeyEvent { action=ACTION_DOWN, keyCode=KEYCODE_HOME, scanCode=0, metaState=0, flags=0x0, repeatCount=0, eventTime=13206211879, downTime=13206211879, deviceId=-1, source=0x101 }
02-03 22:08:05.471 12052 12052 I Input   : injectKeyEvent: KeyEvent { action=ACTION_UP, keyCode=KEYCODE_HOME, scanCode=0, metaState=0, flags=0x0, repeatCount=0, eventTime=13206211879, downTime=13206211879, deviceId=-1, source=0x101 }
02-03 22:08:05.477  1456  1941 I ActivityManager: START u0 {act=android.intent.action.MAIN cat=[android.intent.category.HOME] flg=0x10200000 cmp=com.android.launcher3/.CustomizationPanelLauncher (has extras)} from uid 1000
02-03 22:08:05.478   794   839 E ANDR-PERF-RESOURCEQS: Failed to apply optimization [4, 0]
02-03 22:08:05.488  1456  1941 I ActivityManager: moveHomeStack, setupComplete:true
02-03 22:08:05.492 12052 12052 D AndroidRuntime: Shutting down VM
02-03 22:08:05.500 20023 20118 I Adreno  : QUALCOMM build                   : bb5b86c, I77d3059488
02-03 22:08:05.500 20023 20118 I Adreno  : Build Date                       : 06/07/18
02-03 22:08:05.500 20023 20118 I Adreno  : OpenGL ES Shader Compiler Version: EV031.22.00.01_06
02-03 22:08:05.500 20023 20118 I Adreno  : Local Branch                     : 
02-03 22:08:05.500 20023 20118 I Adreno  : Remote Branch                    : refs/tags/AU_LINUX_ANDROID_LA.UM.6.5.R1.08.01.00.312.086
02-03 22:08:05.500 20023 20118 I Adreno  : Remote Branch                    : NONE
02-03 22:08:05.500 20023 20118 I Adreno  : Reconstruct Branch               : NOTHING
02-03 22:08:05.503 20023 20118 D vndksupport: Loading /vendor/lib/hw/gralloc.msm8937.so from current namespace instead of sphal namespace.
02-03 22:08:05.507 20023 20118 I Adreno  : PFP: 0x005ff087, ME: 0x005ff063
02-03 22:08:05.516  2748  2748 D Launcher.Utilities: Wakeup weather: Intent { act=com.motorola.launcher3.action.WAKEUP_WEATHER cmp=com.motorola.timeweatherwidget/com.motorola.commandcenter.weather.WakeUpService }
02-03 22:08:05.516 20023 20118 I zygote  : android::hardware::configstore::V1_0::ISurfaceFlingerConfigs::hasWideColorDisplay retrieved: 0
02-03 22:08:05.518 20023 20118 I OpenGLRenderer: Initialized EGL, version 1.4
02-03 22:08:05.518 20023 20118 D OpenGLRenderer: Swap behavior 2
02-03 22:08:05.530  1456  1456 I NotificationService: Cannot find enqueued record for key: 0|com.motorola.timeweatherwidget|1|null|10116
02-03 22:08:05.537   808   808 D SurfaceFlinger: duplicate layer name: changing com.android.launcher3/com.android.launcher3.CustomizationPanelLauncher to com.android.launcher3/com.android.launcher3.CustomizationPanelLauncher#1
02-03 22:08:05.569 20023 20101 W ThreadPoolDumper: Queue length for executor EventBus is now 11. Perhaps some tasks are too long, or the pool is too small.
02-03 22:08:05.572  1456  5797 I WifiService: getWifiEnabledState uid=10073
02-03 22:08:05.581  1456  5050 I WifiService: getWifiEnabledState uid=10073
02-03 22:08:05.586  1343  1343 I Finsky  : [2] pow.onTrimMemory(1): Memory trim requested to level 80
02-03 22:08:05.604 20023 20165 I MicroDetectionState: Should stop hotword detection immediately - false
02-03 22:08:05.608 20023 20165 I MicroDetectionWorker: #startMicroDetector [speakerMode: 0]
02-03 22:08:05.609 20023 20165 I AudioController: Created new AudioSource
02-03 22:08:05.636  1456  1673 I LaunchCheckinHandler: Displayed com.android.launcher3/.CustomizationPanelLauncher,wp,wa,158
02-03 22:08:05.637 20023 20096 I MicroDataManager: isInitializedWithLatestParams-true
02-03 22:08:05.637 20023 20096 I MicroDataManager: isInitializing-false locale not changed-true model not changed-true
02-03 22:08:05.638 20023 20096 I MicroDataManager: Already initialized, obtaining the hotword data immediately.
02-03 22:08:05.643 20023 20207 I MicroRecognitionRunner: Starting detection.
02-03 22:08:05.643 20023 20207 I InputStreamUtils: Using micInputStream
02-03 22:08:05.644 20023  7275 I MicrophoneInputStream: mic_starting  SR : 16000 CC : 16 SO : 1999
02-03 22:08:05.647   788  1479 V msm8974_platform: platform_check_input_mask: enter check_input_mask source 6 mask 10
02-03 22:08:05.652   808   808 I SFPerfTracer:      triggers: (rate: 50:548893) (compose: 0:6) (post: 0:14) (render: 0:11) (2:4613730 frames) (3:6082650)
02-03 22:08:05.652   808   808 D SFPerfTracer:        layers: (3:13) (NavigationBar#0 (0xb07df000): 1:496248) (StatusBar#0 (0xb07e3000): 2:1425715) (com.android.systemui.ImageWallpaper#0 (0xb07e7000): 0:42829)* (Sprite#0 (0xb0733000): 0:317)* (DimLayerController/Stack=0#0 (0xb075a000): 0:3589)* (Sprite#1 (0xb077c000): 0:195)* (org.mozilla.fenix.nightly/org.mozilla.fenix.HomeActivity#0 (0xb039b000): 0:45)- (com.android.launcher3/com.android.launcher3.CustomizationPanelLauncher#0 (0xb0763000): 0:39)- (com.android.launcher3/com.android.launcher3.CustomizationPanelLauncher#1 (0xb0771000): 0:9)- (Splash Screen org.mozilla.fenix.nightly#0 (0xb0384000): 0:30)- (org.mozilla.fenix.nightly/org.mozilla.fenix.HomeActivity#0 (0xb039b000): 0:21) (com.android.launcher3/com.android.launcher3.CustomizationPanelLauncher#0 (0xb0763000): 1:4)* (com.android.launcher3/com.android.launcher3.CustomizationPanelLauncher#1 (0xb0771000): 0:2)* 
02-03 22:08:05.653  1012 12076 I AudioFlinger: AudioFlinger's thread 0xb24839c0 tid=12076 ready to run
02-03 22:08:05.658   788  1479 D audio_hw_primary: in_set_parameters: enter: kvpairs=input_source=6;routing=-2147483644
02-03 22:08:05.659  1012 13178 D APM_AudioPolicyManager: AudioPolicyManager::startInput() input 118950, session 119025, source = 1999
02-03 22:08:05.659 20023  7275 I MicrophoneInputStream: mic_started  SR : 16000 CC : 16 SO : 1999
02-03 22:08:05.661   788 12077 V msm8974_platform: platform_update_usecase_from_source: input source :6
02-03 22:08:05.661   788 12077 V msm8974_platform: platform_check_input_mask: enter check_input_mask source 6 mask 10
02-03 22:08:05.661   788 12077 V msm8974_platform: platform_get_input_snd_device: enter: out_device(0) in_device(0x4) channel_count (1) channel_mask (0x10)
02-03 22:08:05.661   788 12077 V msm8974_platform: platform_get_input_snd_device: exit: in_snd_device(voice-rec-mic)
02-03 22:08:05.661   788 12077 V msm8974_platform: platform_get_backend_index:napb: backend port - 5 device - 120 
02-03 22:08:05.661   788 12077 V msm8974_platform: platform_check_and_set_capture_backend_cfg:txbecf: afe: bitwidth 0, samplerate 0, channel 1, backend_idx 5 usecase = 9 device (voice-rec-mic)
02-03 22:08:05.661   788 12077 V msm8974_platform: platform_check_capture_backend_cfg:txbecf: afe: Codec selected backend: 5 current bit width: 0 and sample rate: 0, channels 1
02-03 22:08:05.661   788 12077 V msm8974_platform: platform_check_capture_backend_cfg:txbecf: afe: Codec selected backend: 5 updated bit width: 0 and sample rate: 0
02-03 22:08:05.661   788 12077 I msm8974_platform: platform_check_capture_backend_cfg:txbecf: afe: Codec backend needs to be updated. new bit width: 0 new sample rate: 0 new channel: 1
02-03 22:08:05.661   788 12077 V msm8974_platform: platform_get_backend_index:napb: backend port - 5 device - 120 
02-03 22:08:05.661   788 12077 V msm8974_platform: platform_set_backend_cfg:becf: afe: bitwidth 0, samplerate 0 channels 1, backend_idx 5 device (voice-rec-mic)
02-03 22:08:05.662   788 12077 E msm8974_platform: platform_set_backend_cfg:becf: afe: Could not get ctl for mixer command - SLIM_0_TX Format
02-03 22:08:05.662   788 12077 V msm8974_platform: platform_send_audio_calibration: sending audio calibration for snd_device(120) acdb_id(62)
02-03 22:08:05.662   788 12077 D ACDB-LOADER: ACDB -> send_audio_cal, acdb_id = 62, path = 1, app id = 0x11130, sample rate = 48000
02-03 22:08:05.662   788 12077 D ACDB-LOADER: ACDB -> send_asm_topology
02-03 22:08:05.662   788 12077 D ACDB-LOADER: ACDB -> ACDB_CMD_GET_AUDPROC_STREAM_TOPOLOGY_ID
02-03 22:08:05.662   788 12077 D ACDB-LOADER: ACDB -> send_adm_topology
02-03 22:08:05.662   788 12077 D ACDB-LOADER: ACDB -> ACDB_CMD_GET_AUDPROC_COMMON_TOPOLOGY_ID
02-03 22:08:05.662   788 12077 D ACDB-LOADER: ACDB -> send_audtable
02-03 22:08:05.662   788 12077 D ACDB-LOADER: ACDB -> ACDB_CMD_GET_AUDPROC_COMMON_TABLE_SIZE
02-03 22:08:05.662   788 12077 D ACDB-LOADER: ACDB -> ACDB_CMD_GET_AUDPROC_COMMON_TABLE
02-03 22:08:05.662   788 12077 D ACDB-LOADER: ACDB -> AUDIO_SET_AUDPROC_CAL
02-03 22:08:05.662   788 12077 D ACDB-LOADER: ACDB -> send_audvoltable
02-03 22:08:05.662   788 12077 D ACDB-LOADER: ACDB -> ACDB_CMD_GET_AUDPROC_VOL_STEP_TABLE_SIZE
02-03 22:08:05.662   788 12077 D ACDB-LOADER: ACDB -> ACDB_CMD_GET_AUDPROC_GAIN_DEP_STEP_TABLE, vol index 0
02-03 22:08:05.662   788 12077 D         : Failed to fetch the lookup information of the device 0000003E 
02-03 22:08:05.662   788 12077 D ACDB-LOADER: ACDB -> AUDIO_SET_VOL_CAL cal type = 12
02-03 22:08:05.662   788 12077 D ACDB-LOADER: ACDB -> ACDB_CMD_GET_AUDPROC_STREAM_TABLE_SIZE
02-03 22:08:05.662   788 12077 D ACDB-LOADER: ACDB -> send_audstrmtable
02-03 22:08:05.662   788 12077 D ACDB-LOADER: ACDB -> ACDB_CMD_GET_AUDPROC_STREAM_TABLE_V2
02-03 22:08:05.662   788 12077 D ACDB-LOADER: ACDB -> audstrm_cal->cal_type.cal_data.cal_size = 456
02-03 22:08:05.662   788 12077 D ACDB-LOADER: ACDB -> send_afe_topology
02-03 22:08:05.663   788 12077 D ACDB-LOADER: ACDB -> ACDB_CMD_GET_AFE_TOPOLOGY_ID
02-03 22:08:05.663   788 12077 D ACDB-LOADER: ACDB -> GET_AFE_TOPOLOGY_ID for adcd_id 62, Topology Id 112fb
02-03 22:08:05.663   788 12077 D ACDB-LOADER: ACDB -> send_afe_cal
02-03 22:08:05.663   788 12077 D ACDB-LOADER: ACDB -> ACDB_CMD_GET_AFE_COMMON_TABLE_SIZE
02-03 22:08:05.663   788 12077 D         : Failed to fetch the lookup information of the device 0000003E 
02-03 22:08:05.663   788 12077 E ACDB-LOADER: Error: ACDB_CMD_GET_AFE_COMMON_TABLE_SIZE Returned = -19
02-03 22:08:05.663   788 12077 D ACDB-LOADER: ACDB -> ACDB_CMD_GET_AFE_COMMON_TABLE
02-03 22:08:05.663   788 12077 D         : Failed to fetch the lookup information of the device 0000003E 
02-03 22:08:05.663   788 12077 D ACDB-LOADER: ACDB -> AUDIO_SET_AFE_CAL
02-03 22:08:05.663   788 12077 D ACDB-LOADER: ACDB -> send_hw_delay : acdb_id = 62 path = 1
02-03 22:08:05.663   788 12077 D ACDB-LOADER: ACDB -> ACDB_AVSYNC_INFO: ACDB_CMD_GET_DEVICE_PROPERTY
02-03 22:08:05.663   788 12077 D audio_hw_primary: enable_snd_device: snd_device(120: voice-rec-mic)
02-03 22:08:05.663   788 12077 D audio_route: Apply path: voice-rec-mic
02-03 22:08:05.667   788 12077 V msm8974_platform: platform_get_snd_device_backend_index: enter with device 120
02-03 22:08:05.667   788 12077 E msm8974_platform: platform_get_snd_device_backend_index: BE DAI Name Table is not present
02-03 22:08:05.667   788 12077 V msm8974_platform: platform_get_backend_index:napb: backend port - 5 device - 120 
02-03 22:08:05.667   788 12077 I audio_hw_utils: Set Audio Stream Capture 0 App Type Cfg: app_type 69936, acdb_dev_id 62, sample_rate 48000, snd_device_be_idx -14
02-03 22:08:05.667   788 12077 D audio_hw_primary: enable_audio_route: usecase(9) apply and update mixer path: audio-record
02-03 22:08:05.667   788 12077 D audio_route: Apply path: audio-record
02-03 22:08:05.737 20023 20165 I MicroDetectionWorker: onReady
02-03 22:08:06.054  1456  7796 I OpenGLRenderer: Initialized EGL, version 1.4
02-03 22:08:06.054  1456  7796 D OpenGLRenderer: Swap behavior 2
02-03 22:08:06.081  2748  2917 W OpenGLRenderer: Incorrectly called buildLayer on View: ShortcutAndWidgetContainer, destroying layer...
02-03 22:08:06.185 11847 11875 I chatty  : uid=10821(org.mozilla.fenix.nightly) expire 1 line
02-03 22:08:06.188 11847 11871 I chatty  : uid=10821(org.mozilla.fenix.nightly) expire 6 lines
02-03 22:08:06.230   808   898 I SFPerfTracer:      triggers: (rate: 0:0) (0 sw vsyncs) (0 skipped) (38:3442436 vsyncs) (40:6130802)
02-03 22:08:06.238  1456  7570 D ConnectivityService: requestNetwork for uid/pid:10821/11847 NetworkRequest [ TRACK_DEFAULT id=24545, [ Capabilities: INTERNET&NOT_RESTRICTED&TRUSTED&NOT_VPN] ]
02-03 22:08:06.239  1456  2099 D Ethernet: got request NetworkRequest [ TRACK_DEFAULT id=24545, [ Capabilities: INTERNET&NOT_RESTRICTED&TRUSTED&NOT_VPN] ] with score 60
02-03 22:08:06.239  1456  2054 D WIFI_UT : got request NetworkRequest [ TRACK_DEFAULT id=24545, [ Capabilities: INTERNET&NOT_RESTRICTED&TRUSTED&NOT_VPN] ] with score 60
02-03 22:08:06.240  1456  2054 D WIFI    : got request NetworkRequest [ TRACK_DEFAULT id=24545, [ Capabilities: INTERNET&NOT_RESTRICTED&TRUSTED&NOT_VPN] ] with score 60
02-03 22:08:06.240  2398  2398 D PhoneSwitcherNetworkRequstListener: got request NetworkRequest [ TRACK_DEFAULT id=24545, [ Capabilities: INTERNET&NOT_RESTRICTED&TRUSTED&NOT_VPN] ] with score 60
02-03 22:08:06.248 11847 12082 I chatty  : uid=10821(org.mozilla.fenix.nightly) expire 9 lines
02-03 22:08:06.332 13975  3489 I Icing   : Indexing com.google.android.gms-apps from com.google.android.gms
02-03 22:08:06.388 13975  3489 I Icing   : Indexing done com.google.android.gms-apps
02-03 22:08:06.911 11847 11866 I chatty  : uid=10821(org.mozilla.fenix.nightly) expire 1 line
02-03 22:08:06.914  1456  2067 D ConnectivityService: releasing NetworkRequest [ TRACK_DEFAULT id=24545, [ Capabilities: INTERNET&NOT_RESTRICTED&TRUSTED&NOT_VPN] ] (release request)
02-03 22:08:10.657  1456  7570 I ActivityManager: Force stopping org.mozilla.fenix.nightly appid=10821 user=0: from pid 12086
02-03 22:08:10.657  1456  7570 I ActivityManager: Killing 11847:org.mozilla.fenix.nightly/u0a821 (adj 700): stop org.mozilla.fenix.nightly
02-03 22:08:10.660  1456  1605 W zygote  : kill(-11847, 9) failed: No such process
02-03 22:08:10.661 11940 11940 I chatty  : uid=10821(org.mozilla.fenix.nightly) expire 1 line
02-03 22:08:10.662 11960 11960 I chatty  : uid=10821(org.mozilla.fenix.nightly) expire 1 line
02-03 22:08:10.662  1456  7570 W ActivityManager: Force removing ActivityRecord{745f922 u0 org.mozilla.fenix.nightly/org.mozilla.fenix.HomeActivity t22636}: app died, no saved state
02-03 22:08:10.671  1456  7570 I ActivityManager: Killing 11960:org.mozilla.fenix.nightly:socket/u0a821 (adj 0): stop org.mozilla.fenix.nightly
02-03 22:08:10.675  1456  7570 I ActivityManager: Killing 11940:org.mozilla.fenix.nightly:tab/u0a821 (adj 0): stop org.mozilla.fenix.nightly
02-03 22:08:10.676  1456  1605 W zygote  : kill(-11847, 9) failed: No such process
02-03 22:08:10.683 17214 17214 I AppBase : onTrimMemory(): 15
02-03 22:08:10.683 17214 17214 I GoogleInputMethodService: onTrimMemory(): 15
02-03 22:08:10.688  1456  1605 W zygote  : kill(-11847, 9) failed: No such process
02-03 22:08:10.690  2398  2398 D CarrierSvcBindHelper: No carrier app for: 0
02-03 22:08:10.690  2398  2398 D CarrierSvcBindHelper: No carrier app for: 1
02-03 22:08:10.705  1456  1605 W zygote  : kill(-11847, 9) failed: No such process
02-03 22:08:10.763  1456  1673 W ActivityManager: setHasOverlayUi called on unknown pid: 11847
02-03 22:08:10.765  1456  1605 I chatty  : uid=1000(system) ActivityManager identical 8 lines
02-03 22:08:10.778  1456  1605 W zygote  : kill(-11847, 9) failed: No such process
02-03 22:08:10.778  1456  1605 I zygote  : Successfully killed process cgroup uid 10821 pid 11847 in 118ms
02-03 22:08:10.779  1456  1605 W zygote  : kill(-11960, 9) failed: No such process
02-03 22:08:10.779  1456  1605 I zygote  : Successfully killed process cgroup uid 10821 pid 11960 in 0ms
02-03 22:08:10.779  1456  1605 W zygote  : kill(-11940, 9) failed: No such process
02-03 22:08:10.779  1456  1605 I zygote  : Successfully killed process cgroup uid 10821 pid 11940 in 0ms
02-03 22:08:10.786  1456  3927 I ActivityManager: START u0 {act=android.intent.action.MAIN cat=[android.intent.category.LAUNCHER] flg=0x10000000 cmp=org.mozilla.fenix.nightly/org.mozilla.fenix.HomeActivity} from uid 2000
02-03 22:08:10.787   794   839 E ANDR-PERF-RESOURCEQS: Failed to apply optimization [4, 0]
02-03 22:08:10.796  1456  7796 I OpenGLRenderer: Initialized EGL, version 1.4
02-03 22:08:10.797  1456  7796 D OpenGLRenderer: Swap behavior 2
02-03 22:08:10.806  1456  5027 I ActivityManager: Start proc 12093:org.mozilla.fenix.nightly/u0a821 for activity org.mozilla.fenix.nightly/org.mozilla.fenix.HomeActivity
02-03 22:08:10.847  1456  2915 W ActivityManager: getTaskSnapshot: taskId=22636 not found
02-03 22:08:10.896 20023 20165 I MicroDetectionState: Should stop hotword detection immediately - false
02-03 22:08:10.896 20023 20165 I MicroDetector: Keeping mic open: false
02-03 22:08:10.896 20023 20165 I RecognitionAudioControl: #shutdownAudio [requestId: -4296129359912208085, keepAudioOpen: false, forced: true]
02-03 22:08:10.896 20023 20105 E DeviceStateChecker: DeviceStateChecker cancelled
02-03 22:08:10.896 20023 20165 I RecognitionAudioControl: #internalShutdownAudio [requestId: -4296129359912208085]
02-03 22:08:10.896 20023 20165 I RecognitionAudioControl: #internalShutdownAudio [keepAudioOpen: false, forced: true]
02-03 22:08:10.896 20023 20165 I RecognitionAudioControl: #actualShutdownAudio
02-03 22:08:10.896 20023 20165 I AudioController: #shutdown [requestId=-4296129359912208085]
02-03 22:08:10.897 20023 20125 I AudioController: internalShutdown
02-03 22:08:10.897 20023 20071 I MicroRecognitionRunner: Stopping hotword detection.
02-03 22:08:10.956   788  1479 D audio_hw_primary: disable_audio_route: usecase(9) reset and update mixer path: audio-record
02-03 22:08:10.957   788  1479 D audio_hw_primary: disable_snd_device: snd_device(120: voice-rec-mic)
02-03 22:08:10.960  1012 11919 D APM_AudioPolicyManager: stopInput() input 118950, session 119025
02-03 22:08:10.961   788  1479 D audio_hw_primary: in_set_parameters: enter: kvpairs=routing=0
02-03 22:08:10.963 20023 20125 I MicrophoneInputStream: mic_close  SR : 16000 CC : 16 SO : 1999
02-03 22:08:10.963 20023 20125 E AudioSource: Stop listening is called on already closed AudioSource
02-03 22:08:10.966 20023 20207 I MicroRecognitionRunner: Detection finished
02-03 22:08:10.975 12093 12093 I chatty  : uid=10821(org.mozilla.fenix.nightly) expire 45 lines
02-03 22:08:10.979  2146  2165 I zygote  : NativeAlloc concurrent copying GC freed 16383(885KB) AllocSpace objects, 0(0B) LOS objects, 49% free, 9MB/19MB, paused 133us total 132.819ms
02-03 22:08:11.041 12093 12111 I chatty  : uid=10821(org.mozilla.fenix.nightly) expire 4 lines
02-03 22:08:11.099 12093 12117 I chatty  : uid=10821(org.mozilla.fenix.nightly) expire 8 lines
02-03 22:08:11.134 12093 12121 I chatty  : uid=10821(org.mozilla.fenix.nightly) expire 11 lines
02-03 22:08:11.146 12093 12098 I chatty  : uid=10821(org.mozilla.fenix.nightly) expire 8 lines
02-03 22:08:11.191 12093 12127 I chatty  : uid=10821(org.mozilla.fenix.nightly) expire 30 lines
02-03 22:08:11.345 12093 12140 I chatty  : uid=10821(org.mozilla.fenix.nightly) expire 6 lines
02-03 22:08:11.350 12093 12143 I chatty  : uid=10821(org.mozilla.fenix.nightly) expire 10 lines
02-03 22:08:11.651 12093 12132 I chatty  : uid=10821(org.mozilla.fenix.nightly) expire 1 line
02-03 22:08:11.675  1456  2196 I ActivityManager: Start proc 12185:org.mozilla.fenix.nightly:tab/u0a821 for service org.mozilla.fenix.nightly/org.mozilla.gecko.process.GeckoServiceChildProcess$tab
02-03 22:08:11.688 12093 12198 I chatty  : uid=10821(org.mozilla.fenix.nightly) expire 9 lines
02-03 22:08:11.735  1456  2915 I WifiService: getDhcpInfo uid=10821
02-03 22:08:11.794  1456  2915 I ActivityManager: Start proc 12208:org.mozilla.fenix.nightly:socket/u0a821 for service org.mozilla.fenix.nightly/org.mozilla.gecko.process.GeckoServiceChildProcess$socket
02-03 22:08:11.811 12185 12185 I chatty  : uid=10821(org.mozilla.fenix.nightly) expire 2 lines
02-03 22:08:11.811 12185 12221 I chatty  : uid=10821(org.mozilla.fenix.nightly) expire 1 line
02-03 22:08:11.932 12208 12208 I chatty  : uid=10821(org.mozilla.fenix.nightly) expire 2 lines
02-03 22:08:11.933 12208 12226 I chatty  : uid=10821(org.mozilla.fenix.nightly) expire 15 lines
02-03 22:08:11.934  1456  2921 I ActivityManager: Displayed org.mozilla.fenix.nightly/org.mozilla.fenix.HomeActivity: +1s140ms
02-03 22:08:11.934  1456  2921 I ActivityManager: Fully drawn org.mozilla.fenix.nightly/org.mozilla.fenix.HomeActivity: +1s140ms
02-03 22:08:11.967  1343  1374 I zygote  : Do full code cache collection, code=254KB, data=165KB
02-03 22:08:11.970  1343  1374 I zygote  : After code cache collection, code=196KB, data=105KB
02-03 22:08:11.984  1456  1673 I LaunchCheckinHandler: Displayed org.mozilla.fenix.nightly/org.mozilla.fenix.HomeActivity,cp,ca,1189
02-03 22:08:12.013  1343  1343 I Finsky  : [2] pow.onTrimMemory(1): Memory trim requested to level 80
02-03 22:08:12.026 20023 20023 I MemoryTrimmer: Trimming objects from memory, since app is in the background.
