02-03 21:42:36.930  7671  7671 I CarrierServices:    carrier_services_security_flags_test_service_white_listed_signatures: AE41481F52E0F58DF2806D5A38EB3DBCA5AE02B0,E165542B31953CC282AA4EF2F4D5F07F7663A2A2
02-03 21:42:36.930  7671  7671 I CarrierServices:    carrier_services_security_flags_white_listed_packages: com.google.android.apps.messaging,com.google.android.dialer,com.google.android.ims.client.sampleapp,com.android.contacts,com.lge.rcscall,com.android.incallui,com.huawei.incallui.appfeature.rcsfeature
02-03 21:42:36.930  7671  7671 I CarrierServices:    carrier_services_security_flags_white_listed_signatures: B28C3EDB665DF32686224DF800F603E9959BBE4E,0980A12BE993528C19107BC21AD811478C63CEFC,B38FA7B5ECFAEC44620A020752B07E063B3120A8,203997BC46B8792DC9747ABD230569071F9A0439,EDA6413C3E3A95492114FE07CD953AD897E40D1A,760EBB9F4200B3DFB1B817B40FF0563A3C150D39,5B368CFF2DA2686996BC95EAC190EAA4F5630FE5,01D845B26B688D8EF647205A5944E9407E52E06E,27196E386B875E76ADF700E7EA84E4C6EEE33DFA,1CDD04F1E4A732BB0352FDFAEE26D2315526DF85,025D5212BF3B5F5CDA6117A518721D70A94D84E0
02-03 21:42:36.930  7671  7671 I CarrierServices:    carrier_services_video_share_disabled_user_agent_substrings: SM-G930,SM-G935,SM-A320
02-03 21:42:36.930  7671  7671 I CarrierServices: ====================
02-03 21:42:36.932  7671  7671 I CarrierServices: [2] cne.a: register Carrier Config Changed event
02-03 21:42:36.932  7671  7704 I CarrierServices: [238537] byb.d: Connected state: [1], networkType: [WIFI]
02-03 21:42:36.943  7671  7705 I CarrierServices: [238538] cnh.b: do not delay first event
02-03 21:42:36.957  7671  7705 E CarrierServices: [238538] cne.m: Default SIM info not updated.
02-03 21:42:36.957  7671  7671 I CarrierServices: [2] awu.a: ServiceState receiver registered
02-03 21:42:36.958  7671  7705 I CarrierServices: [238538] cne.m: Processing an intent
02-03 21:42:36.960  7671  7705 I CarrierServices: [238538] cne.a: SIM state ABSENT
02-03 21:42:36.978  7671  7705 I CarrierServices: [238538] cne.a: Broadcasting Intent { act=com.google.android.ims.SIM_ABSENT }
02-03 21:42:37.034  7671  7671 W CarrierServices: [2] csw.a: Returning false. READ_PHONE_STATE or READ_PRIVILEGED_PHONE_STATE not granted.
02-03 21:42:37.061  7671  7671 I RcsProvisioning: Failed to read config: no config found /data/user/0/com.google.android.ims/files/hvconfig (No such file or directory)
02-03 21:42:37.139  1456  7796 I OpenGLRenderer: Initialized EGL, version 1.4
02-03 21:42:37.139  1456  7796 D OpenGLRenderer: Swap behavior 2
02-03 21:42:37.189  7671  7671 W CarrierServices: [2] csw.a: Returning false. READ_PHONE_STATE or READ_PRIVILEGED_PHONE_STATE not granted.
02-03 21:42:37.190  2748  2917 W OpenGLRenderer: Incorrectly called buildLayer on View: ShortcutAndWidgetContainer, destroying layer...
02-03 21:42:37.207  7671  7671 I CarrierServices: [2] bcz.a: Clearing indexes: [] from call history.
02-03 21:42:37.214  7671  7671 I CarrierServices: [2] crf.a: Spam module disabled in spam config
02-03 21:42:37.214  7671  7671 I CarrierServices: [2] awu.a: Updating spam list sync setting, is spam module enable: false
02-03 21:42:37.226  7671  7671 I CarrierServices: [2] awu.a: Initializing MMTel
02-03 21:42:37.237  7671  7671 I CarrierServices: [2] cuv.a: CarrierServices.apk is not sim call manager. Not enabling MMTel.
02-03 21:42:37.237  7671  7671 I CarrierServices: [2] ProvisioningService.a: Should not enable MMTel. Not scheduling provisioning.
02-03 21:42:37.243  7671  7716 I CarrierServices: [238549] bcx.handleMessage: VoiceService triggered, starting call engine due to: app_start
02-03 21:42:37.256  7671  7716 I CarrierServices: [238549] avl.<init>: (MMTel): : IMS module has been created
02-03 21:42:37.258  7671  7716 I CarrierServices: [238549] bcn.e: Using ScoreNetworkSelector as network selector
02-03 21:42:37.271  7671  7671 I CarrierServices: [2] brd.a: Migration binding to RcsMigrationService
02-03 21:42:37.274  1456  1466 I zygote  : Background concurrent copying GC freed 58215(2MB) AllocSpace objects, 18(872KB) LOS objects, 40% free, 34MB/58MB, paused 314us total 331.115ms
02-03 21:42:37.289  1456  1473 I ActivityManager: Start proc 7719:com.google.android.apps.messaging/u0a110 for service com.google.android.apps.messaging/.rcsmigration.RcsMigrationService
02-03 21:42:37.299  7283  7395 I chatty  : uid=10819(org.mozilla.fenix.nightly) expire 1 line
02-03 21:42:37.307  7671  7716 I CarrierServices: [238549] bcn.p: Listen to connectivity data change
02-03 21:42:37.314  7671  7716 I CarrierServices: [238549] cuv.a: CarrierServices.apk is not sim call manager. Not enabling MMTel.
02-03 21:42:37.314  7671  7716 I CarrierServices: [238549] bcn.f: Should not enable MMTel, not starting CallEngine.
02-03 21:42:37.314  7671  7716 I CarrierServices: [238549] bcx.handleMessage: Uninitialized stopSelf.
02-03 21:42:37.317  7671  7671 I CarrierServices: [2] RcsService.b: Initializing RcsService.
02-03 21:42:37.317  7671  7671 I CarrierServices: [2] bml.a: Creating JibeServiceComponent
02-03 21:42:37.343  7671  7671 I CarrierServices: [2] awg.<init>: RcsEngine: Constructor running in com.google.android.ims
02-03 21:42:37.345  7671  7671 I CarrierServices: [2] bml.b: Destroying ProvisioningEngineComponent
02-03 21:42:37.345  7671  7671 I CarrierServices: [2] awg.<init>: Initialize Provisioning Engine V2
02-03 21:42:37.359  7671  7671 I CarrierServices: [2] cdc.a: Sending ProvisioningEvent to Bugle [Enable PEv2 (17)], null
02-03 21:42:37.365  7671  7671 I CarrierServices: [2] bml.a: Creating ProvisioningEngineComponent
02-03 21:42:37.366  7671  7717 I org.webrtc.Logging: NativeLibrary: Loading native library: jingle_peerconnection_so
02-03 21:42:37.366  7671  7717 I org.webrtc.Logging: NativeLibrary: Loading library: jingle_peerconnection_so
02-03 21:42:37.368  1456  1473 D ConnectivityService: requestNetwork for uid/pid:10819/7283 NetworkRequest [ TRACK_DEFAULT id=24403, [ Capabilities: INTERNET&NOT_RESTRICTED&TRUSTED&NOT_VPN] ]
02-03 21:42:37.368  7719  7719 I zygote  : Rejecting re-init on previously-failed class java.lang.Class<duc>: java.lang.NoClassDefFoundError: Failed resolution of: Landroid/os/StrictMode$OnThreadViolationListener;
02-03 21:42:37.368  7719  7719 I zygote  :   at java.lang.Object java.lang.Class.newInstance() (Class.java:-2)
02-03 21:42:37.368  7719  7719 I zygote  :   at android.app.Application android.app.Instrumentation.newApplication(java.lang.Class, android.content.Context) (Instrumentation.java:1124)
02-03 21:42:37.368  7719  7719 I zygote  :   at android.app.Application android.app.Instrumentation.newApplication(java.lang.ClassLoader, java.lang.String, android.content.Context) (Instrumentation.java:1109)
02-03 21:42:37.368  7719  7719 I zygote  :   at android.app.Application android.app.LoadedApk.makeApplication(boolean, android.app.Instrumentation) (LoadedApk.java:992)
02-03 21:42:37.368  7719  7719 I zygote  :   at void android.app.ActivityThread.handleBindApplication(android.app.ActivityThread$AppBindData) (ActivityThread.java:5829)
02-03 21:42:37.368  7719  7719 I zygote  :   at void android.app.ActivityThread.-wrap1(android.app.ActivityThread, android.app.ActivityThread$AppBindData) (ActivityThread.java:-1)
02-03 21:42:37.368  7719  7719 I zygote  :   at void android.app.ActivityThread$H.handleMessage(android.os.Message) (ActivityThread.java:1697)
02-03 21:42:37.368  7719  7719 I zygote  :   at void android.os.Handler.dispatchMessage(android.os.Message) (Handler.java:106)
02-03 21:42:37.368  7719  7719 I zygote  :   at void android.os.Looper.loop() (Looper.java:164)
02-03 21:42:37.368  7719  7719 I zygote  :   at void android.app.ActivityThread.main(java.lang.String[]) (ActivityThread.java:6626)
02-03 21:42:37.368  7719  7719 I zygote  :   at java.lang.Object java.lang.reflect.Method.invoke(java.lang.Object, java.lang.Object[]) (Method.java:-2)
02-03 21:42:37.368  7719  7719 I zygote  :   at void com.android.internal.os.RuntimeInit$MethodAndArgsCaller.run() (RuntimeInit.java:438)
02-03 21:42:37.369  7719  7719 I zygote  :   at void com.android.internal.os.ZygoteInit.main(java.lang.String[]) (ZygoteInit.java:811)
02-03 21:42:37.369  7719  7719 I zygote  : Caused by: java.lang.ClassNotFoundException: Didn't find class "android.os.StrictMode$OnThreadViolationListener" on path: DexPathList[[zip file "/data/app/com.google.android.apps.messaging-7zntnbL8MJstv6w64cqT8A==/base.apk"],nativeLibraryDirectories=[/data/app/com.google.android.apps.messaging-7zntnbL8MJstv6w64cqT8A==/lib/arm, /data/app/com.google.android.apps.messaging-7zntnbL8MJstv6w64cqT8A==/base.apk!/lib/armeabi-v7a, /system/lib, /system/vendor/lib]]
02-03 21:42:37.369  7719  7719 I zygote  :   at java.lang.Class dalvik.system.BaseDexClassLoader.findClass(java.lang.String) (BaseDexClassLoader.java:125)
02-03 21:42:37.369  7719  7719 I zygote  :   at java.lang.Class java.lang.ClassLoader.loadClass(java.lang.String, boolean) (ClassLoader.java:379)
02-03 21:42:37.369  7719  7719 I zygote  :   at java.lang.Class java.lang.ClassLoader.loadClass(java.lang.String) (ClassLoader.java:312)
02-03 21:42:37.369  7719  7719 I zygote  :   at java.lang.Object java.lang.Class.newInstance() (Class.java:-2)
02-03 21:42:37.369  7719  7719 I zygote  :   at android.app.Application android.app.Instrumentation.newApplication(java.lang.Class, android.content.Context) (Instrumentation.java:1124)
02-03 21:42:37.369  7719  7719 I zygote  :   at android.app.Application android.app.Instrumentation.newApplication(java.lang.ClassLoader, java.lang.String, android.content.Context) (Instrumentation.java:1109)
02-03 21:42:37.369  7719  7719 I zygote  :   at android.app.Application android.app.LoadedApk.makeApplication(boolean, android.app.Instrumentation) (LoadedApk.java:992)
02-03 21:42:37.369  7719  7719 I zygote  :   at void android.app.ActivityThread.handleBindApplication(android.app.ActivityThread$AppBindData) (ActivityThread.java:5829)
02-03 21:42:37.369  7719  7719 I zygote  :   at void android.app.ActivityThread.-wrap1(android.app.ActivityThread, android.app.ActivityThread$AppBindData) (ActivityThread.java:-1)
02-03 21:42:37.369  7719  7719 I zygote  :   at void android.app.ActivityThread$H.handleMessage(android.os.Message) (ActivityThread.java:1697)
02-03 21:42:37.369  7719  7719 I zygote  :   at void android.os.Handler.dispatchMessage(android.os.Message) (Handler.java:106)
02-03 21:42:37.369  7719  7719 I zygote  :   at void android.os.Looper.loop() (Looper.java:164)
02-03 21:42:37.369  7719  7719 I zygote  :   at void android.app.ActivityThread.main(java.lang.String[]) (ActivityThread.java:6626)
02-03 21:42:37.369  7719  7719 I zygote  :   at java.lang.Object java.lang.reflect.Method.invoke(java.lang.Object, java.lang.Object[]) (Method.java:-2)
02-03 21:42:37.369  7719  7719 I zygote  :   at void com.android.internal.os.RuntimeInit$MethodAndArgsCaller.run() (RuntimeInit.java:438)
02-03 21:42:37.369  7719  7719 I zygote  :   at void com.android.internal.os.ZygoteInit.main(java.lang.String[]) (ZygoteInit.java:811)
02-03 21:42:37.369  7719  7719 I zygote  : 
02-03 21:42:37.370  7719  7719 I zygote  : Rejecting re-init on previously-failed class java.lang.Class<duc>: java.lang.NoClassDefFoundError: Failed resolution of: Landroid/os/StrictMode$OnThreadViolationListener;
02-03 21:42:37.370  7719  7719 I zygote  :   at java.lang.Object java.lang.Class.newInstance() (Class.java:-2)
02-03 21:42:37.370  7719  7719 I zygote  :   at android.app.Application android.app.Instrumentation.newApplication(java.lang.Class, android.content.Context) (Instrumentation.java:1124)
02-03 21:42:37.370  7719  7719 I zygote  :   at android.app.Application android.app.Instrumentation.newApplication(java.lang.ClassLoader, java.lang.String, android.content.Context) (Instrumentation.java:1109)
02-03 21:42:37.370  7719  7719 I zygote  :   at android.app.Application android.app.LoadedApk.makeApplication(boolean, android.app.Instrumentation) (LoadedApk.java:992)
02-03 21:42:37.370  7719  7719 I zygote  :   at void android.app.ActivityThread.handleBindApplication(android.app.ActivityThread$AppBindData) (ActivityThread.java:5829)
02-03 21:42:37.370  7719  7719 I zygote  :   at void android.app.ActivityThread.-wrap1(android.app.ActivityThread, android.app.ActivityThread$AppBindData) (ActivityThread.java:-1)
02-03 21:42:37.370  7719  7719 I zygote  :   at void android.app.ActivityThread$H.handleMessage(android.os.Message) (ActivityThread.java:1697)
02-03 21:42:37.370  7719  7719 I zygote  :   at void android.os.Handler.dispatchMessage(android.os.Message) (Handler.java:106)
02-03 21:42:37.370  7719  7719 I zygote  :   at void android.os.Looper.loop() (Looper.java:164)
02-03 21:42:37.370  7719  7719 I zygote  :   at void android.app.ActivityThread.main(java.lang.String[]) (ActivityThread.java:6626)
02-03 21:42:37.370  7719  7719 I zygote  :   at java.lang.Object java.lang.reflect.Method.invoke(java.lang.Object, java.lang.Object[]) (Method.java:-2)
02-03 21:42:37.370  7719  7719 I zygote  :   at void com.android.internal.os.RuntimeInit$MethodAndArgsCaller.run() (RuntimeInit.java:438)
02-03 21:42:37.370  7719  7719 I zygote  :   at void com.android.internal.os.ZygoteInit.main(java.lang.String[]) (ZygoteInit.java:811)
02-03 21:42:37.370  1456  2099 D Ethernet: got request NetworkRequest [ TRACK_DEFAULT id=24403, [ Capabilities: INTERNET&NOT_RESTRICTED&TRUSTED&NOT_VPN] ] with score 60
02-03 21:42:37.370  7719  7719 I zygote  : Caused by: java.lang.ClassNotFoundException: Didn't find class "android.os.StrictMode$OnThreadViolationListener" on path: DexPathList[[zip file "/data/app/com.google.android.apps.messaging-7zntnbL8MJstv6w64cqT8A==/base.apk"],nativeLibraryDirectories=[/data/app/com.google.android.apps.messaging-7zntnbL8MJstv6w64cqT8A==/lib/arm, /data/app/com.google.android.apps.messaging-7zntnbL8MJstv6w64cqT8A==/base.apk!/lib/armeabi-v7a, /system/lib, /system/vendor/lib]]
02-03 21:42:37.370  7719  7719 I zygote  :   at java.lang.Class dalvik.system.BaseDexClassLoader.findClass(java.lang.String) (BaseDexClassLoader.java:125)
02-03 21:42:37.370  7719  7719 I zygote  :   at java.lang.Class java.lang.ClassLoader.loadClass(java.lang.String, boolean) (ClassLoader.java:379)
02-03 21:42:37.370  7719  7719 I zygote  :   at java.lang.Class java.lang.ClassLoader.loadClass(java.lang.String) (ClassLoader.java:312)
02-03 21:42:37.370  7719  7719 I zygote  :   at java.lang.Object java.lang.Class.newInstance() (Class.java:-2)
02-03 21:42:37.370  7719  7719 I zygote  :   at android.app.Application android.app.Instrumentation.newApplication(java.lang.Class, android.content.Context) (Instrumentation.java:1124)
02-03 21:42:37.370  7719  7719 I zygote  :   at android.app.Application android.app.Instrumentation.newApplication(java.lang.ClassLoader, java.lang.String, android.content.Context) (Instrumentation.java:1109)
02-03 21:42:37.370  7719  7719 I zygote  :   at android.app.Application android.app.LoadedApk.makeApplication(boolean, android.app.Instrumentation) (LoadedApk.java:992)
02-03 21:42:37.370  7719  7719 I zygote  :   at void android.app.ActivityThread.handleBindApplication(android.app.ActivityThread$AppBindData) (ActivityThread.java:5829)
02-03 21:42:37.370  7719  7719 I zygote  :   at void android.app.ActivityThread.-wrap1(android.app.ActivityThread, android.app.ActivityThread$AppBindData) (ActivityThread.java:-1)
02-03 21:42:37.370  7719  7719 I zygote  :   at void android.app.ActivityThread$H.handleMessage(android.os.Message) (ActivityThread.java:1697)
02-03 21:42:37.370  7719  7719 I zygote  :   at void android.os.Handler.dispatchMessage(android.os.Message) (Handler.java:106)
02-03 21:42:37.370  7719  7719 I zygote  :   at void android.os.Looper.loop() (Looper.java:164)
02-03 21:42:37.370  7719  7719 I zygote  :   at void android.app.ActivityThread.main(java.lang.String[]) (ActivityThread.java:6626)
02-03 21:42:37.370  7719  7719 I zygote  :   at java.lang.Object java.lang.reflect.Method.invoke(java.lang.Object, java.lang.Object[]) (Method.java:-2)
02-03 21:42:37.371  7719  7719 I zygote  :   at void com.android.internal.os.RuntimeInit$MethodAndArgsCaller.run() (RuntimeInit.java:438)
02-03 21:42:37.371  7719  7719 I zygote  :   at void com.android.internal.os.ZygoteInit.main(java.lang.String[]) (ZygoteInit.java:811)
02-03 21:42:37.371  7719  7719 I zygote  : 
02-03 21:42:37.372  1456  2054 D WIFI_UT : got request NetworkRequest [ TRACK_DEFAULT id=24403, [ Capabilities: INTERNET&NOT_RESTRICTED&TRUSTED&NOT_VPN] ] with score 60
02-03 21:42:37.372  1456  2054 D WIFI    : got request NetworkRequest [ TRACK_DEFAULT id=24403, [ Capabilities: INTERNET&NOT_RESTRICTED&TRUSTED&NOT_VPN] ] with score 60
02-03 21:42:37.373  2398  2398 D PhoneSwitcherNetworkRequstListener: got request NetworkRequest [ TRACK_DEFAULT id=24403, [ Capabilities: INTERNET&NOT_RESTRICTED&TRUSTED&NOT_VPN] ] with score 60
02-03 21:42:37.373  7719  7719 I zygote  : Rejecting re-init on previously-failed class java.lang.Class<duc>: java.lang.NoClassDefFoundError: Failed resolution of: Landroid/os/StrictMode$OnThreadViolationListener;
02-03 21:42:37.373  7719  7719 I zygote  :   at java.lang.Object java.lang.Class.newInstance() (Class.java:-2)
02-03 21:42:37.373  7719  7719 I zygote  :   at android.app.Application android.app.Instrumentation.newApplication(java.lang.Class, android.content.Context) (Instrumentation.java:1124)
02-03 21:42:37.373  7719  7719 I zygote  :   at android.app.Application android.app.Instrumentation.newApplication(java.lang.ClassLoader, java.lang.String, android.content.Context) (Instrumentation.java:1109)
02-03 21:42:37.373  7719  7719 I zygote  :   at android.app.Application android.app.LoadedApk.makeApplication(boolean, android.app.Instrumentation) (LoadedApk.java:992)
02-03 21:42:37.373  7719  7719 I zygote  :   at void android.app.ActivityThread.handleBindApplication(android.app.ActivityThread$AppBindData) (ActivityThread.java:5829)
02-03 21:42:37.373  7719  7719 I zygote  :   at void android.app.ActivityThread.-wrap1(android.app.ActivityThread, android.app.ActivityThread$AppBindData) (ActivityThread.java:-1)
02-03 21:42:37.373  7719  7719 I zygote  :   at void android.app.ActivityThread$H.handleMessage(android.os.Message) (ActivityThread.java:1697)
02-03 21:42:37.373  7719  7719 I zygote  :   at void android.os.Handler.dispatchMessage(android.os.Message) (Handler.java:106)
02-03 21:42:37.373  7719  7719 I zygote  :   at void android.os.Looper.loop() (Looper.java:164)
02-03 21:42:37.373  7719  7719 I zygote  :   at void android.app.ActivityThread.main(java.lang.String[]) (ActivityThread.java:6626)
02-03 21:42:37.373  7719  7719 I zygote  :   at java.lang.Object java.lang.reflect.Method.invoke(java.lang.Object, java.lang.Object[]) (Method.java:-2)
02-03 21:42:37.373  7719  7719 I zygote  :   at void com.android.internal.os.RuntimeInit$MethodAndArgsCaller.run() (RuntimeInit.java:438)
02-03 21:42:37.374  7719  7719 I zygote  :   at void com.android.internal.os.ZygoteInit.main(java.lang.String[]) (ZygoteInit.java:811)
02-03 21:42:37.374  7719  7719 I zygote  : Caused by: java.lang.ClassNotFoundException: Didn't find class "android.os.StrictMode$OnThreadViolationListener" on path: DexPathList[[zip file "/data/app/com.google.android.apps.messaging-7zntnbL8MJstv6w64cqT8A==/base.apk"],nativeLibraryDirectories=[/data/app/com.google.android.apps.messaging-7zntnbL8MJstv6w64cqT8A==/lib/arm, /data/app/com.google.android.apps.messaging-7zntnbL8MJstv6w64cqT8A==/base.apk!/lib/armeabi-v7a, /system/lib, /system/vendor/lib]]
02-03 21:42:37.374  7719  7719 I zygote  :   at java.lang.Class dalvik.system.BaseDexClassLoader.findClass(java.lang.String) (BaseDexClassLoader.java:125)
02-03 21:42:37.374  7719  7719 I zygote  :   at java.lang.Class java.lang.ClassLoader.loadClass(java.lang.String, boolean) (ClassLoader.java:379)
02-03 21:42:37.374  7719  7719 I zygote  :   at java.lang.Class java.lang.ClassLoader.loadClass(java.lang.String) (ClassLoader.java:312)
02-03 21:42:37.374  7719  7719 I zygote  :   at java.lang.Object java.lang.Class.newInstance() (Class.java:-2)
02-03 21:42:37.374  7719  7719 I zygote  :   at android.app.Application android.app.Instrumentation.newApplication(java.lang.Class, android.content.Context) (Instrumentation.java:1124)
02-03 21:42:37.374  7719  7719 I zygote  :   at android.app.Application android.app.Instrumentation.newApplication(java.lang.ClassLoader, java.lang.String, android.content.Context) (Instrumentation.java:1109)
02-03 21:42:37.374  7719  7719 I zygote  :   at android.app.Application android.app.LoadedApk.makeApplication(boolean, android.app.Instrumentation) (LoadedApk.java:992)
02-03 21:42:37.374  7719  7719 I zygote  :   at void android.app.ActivityThread.handleBindApplication(android.app.ActivityThread$AppBindData) (ActivityThread.java:5829)
02-03 21:42:37.374  7719  7719 I zygote  :   at void android.app.ActivityThread.-wrap1(android.app.ActivityThread, android.app.ActivityThread$AppBindData) (ActivityThread.java:-1)
02-03 21:42:37.374  7719  7719 I zygote  :   at void android.app.ActivityThread$H.handleMessage(android.os.Message) (ActivityThread.java:1697)
02-03 21:42:37.374  7719  7719 I zygote  :   at void android.os.Handler.dispatchMessage(android.os.Message) (Handler.java:106)
02-03 21:42:37.374  7719  7719 I zygote  :   at void android.os.Looper.loop() (Looper.java:164)
02-03 21:42:37.374  7719  7719 I zygote  :   at void android.app.ActivityThread.main(java.lang.String[]) (ActivityThread.java:6626)
02-03 21:42:37.374  7719  7719 I zygote  :   at java.lang.Object java.lang.reflect.Method.invoke(java.lang.Object, java.lang.Object[]) (Method.java:-2)
02-03 21:42:37.374  7719  7719 I zygote  :   at void com.android.internal.os.RuntimeInit$MethodAndArgsCaller.run() (RuntimeInit.java:438)
02-03 21:42:37.374  7719  7719 I zygote  :   at void com.android.internal.os.ZygoteInit.main(java.lang.String[]) (ZygoteInit.java:811)
02-03 21:42:37.374  7719  7719 I zygote  : 
02-03 21:42:37.387  7719  7719 I MultiDex: VM with version 2.1.0 has multidex support
02-03 21:42:37.387  7719  7719 I MultiDex: install
02-03 21:42:37.387  7719  7719 I MultiDex: VM has multidex support, MultiDex support library is disabled.
02-03 21:42:37.387  7719  7719 I MultiDex: install
02-03 21:42:37.387  7719  7719 I MultiDex: VM has multidex support, MultiDex support library is disabled.
02-03 21:42:37.409  7283  7746 I chatty  : uid=10819(org.mozilla.fenix.nightly) expire 9 lines
02-03 21:42:37.414  7671  7717 I org.webrtc.Logging: PeerConnectionFactory: PeerConnectionFactory was initialized without an injected Loggable. Any existing Loggable will be deleted.
02-03 21:42:37.415  7671  7717 I CarrierServices: [238550] daw.a: encryption disabled? false
02-03 21:42:37.415  7671  7717 I CarrierServices: [238550] daw.a: network ignore mask: 56
02-03 21:42:37.427  7671  7671 I CarrierServices: [2] cfh.a: Created new ProtoDataStore for sim 
02-03 21:42:37.427  7671  7717 I WebRtcAudioManagerExternal: [000:000] [7717] Sample rate is set to 48000 Hz
02-03 21:42:37.428  7671  7717 I WebRtcAudioManagerExternal: [000:000] [7717] Sample rate is set to 48000 Hz
02-03 21:42:37.428  7671  7717 I JavaAudioDeviceModule: [000:001] [7717] createAudioDeviceModule
02-03 21:42:37.428  7671  7717 I JavaAudioDeviceModule: [000:001] [7717] HW NS will be used.
02-03 21:42:37.429  7671  7717 I JavaAudioDeviceModule: [000:001] [7717] HW AEC will be used.
02-03 21:42:37.429  7671  7717 I WebRtcAudioEffectsExternal: [000:001] [7717] ctor@[name=webrtc-thread, id=238550]
02-03 21:42:37.429  7671  7717 I WebRtcAudioRecordExternal: [000:002] [7717] ctor@[name=webrtc-thread, id=238550]
02-03 21:42:37.430  7671  7717 I WebRtcAudioTrackExternal: [000:002] [7717] ctor@[name=webrtc-thread, id=238550]
02-03 21:42:37.436  7671  7717 I audio_record_jni.cc: [000:008] [7717] (line 71): ctor
02-03 21:42:37.436  7671  7717 I audio_track_jni.cc: [000:008] [7717] (line 46): ctor
02-03 21:42:37.436  7671  7717 I audio_device_module.cc: [000:008] [7717] (line 658): CreateAudioDeviceModuleFromInputAndOutput
02-03 21:42:37.436  7671  7717 I audio_device_module.cc: [000:009] [7717] (line 73): AndroidAudioDeviceModule
02-03 21:42:37.436  7671  7717 I default_audio_processing_jni.cc: [000:009] [7717] (line 43): APM: Capture post-processing: None.
02-03 21:42:37.437  7671  7717 I default_audio_processing_jni.cc: [000:009] [7717] (line 52): APM: Render pre-processing: None.
02-03 21:42:37.437  7671  7717 I default_audio_processing_jni.cc: [000:009] [7717] (line 63): APM: Echo controller: None.
02-03 21:42:37.437  7671  7717 I default_audio_processing_jni.cc: [000:009] [7717] (line 73): APM: Echo detector v2: None.
02-03 21:42:37.438  7671  7717 I audio_processing_impl.cc: [000:010] [7717] (line 436): Capture analyzer activated: 0
02-03 21:42:37.438  7671  7717 I audio_processing_impl.cc: Capture post processor activated: 0
02-03 21:42:37.438  7671  7717 I audio_processing_impl.cc: Render pre processor activated: 0
02-03 21:42:37.439  7671  7717 I default_audio_processing_jni.cc: [000:011] [7717] (line 93): APM: Adaptive Gain Controller 2: None.
02-03 21:42:37.440  7671  7717 I webrtc_voice_engine.cc: [000:012] [7717] (line 207): WebRtcVoiceEngine::WebRtcVoiceEngine
02-03 21:42:37.440  7671  7717 I webrtc_video_engine.cc: [000:012] [7717] (line 509): WebRtcVideoEngine::WebRtcVideoEngine()
02-03 21:42:37.440  1456  2196 W ActivityManager: Unable to start service Intent { act=com.google.android.ims.SIM_ABSENT cmp=com.google.android.ims/cpp } U=0: not found
02-03 21:42:37.440  7671  7756 I webrtc_voice_engine.cc: [000:013] [7756] (line 230): WebRtcVoiceEngine::Init
02-03 21:42:37.440  7671  7756 I webrtc_voice_engine.cc: [000:013] [7756] (line 238): Supported send codecs in order of preference:
02-03 21:42:37.441  7671  7756 I webrtc_voice_engine.cc: [000:013] [7756] (line 241): opus/48000/2 { minptime=10 useinbandfec=1 } (111)
02-03 21:42:37.441  7671  7756 I webrtc_voice_engine.cc: [000:013] [7756] (line 241): ISAC/16000/1 (103)
02-03 21:42:37.441  7671  7756 I webrtc_voice_engine.cc: [000:013] [7756] (line 241): G722/8000/1 (9)
02-03 21:42:37.441  7671  7756 I webrtc_voice_engine.cc: [000:013] [7756] (line 241): PCMU/8000/1 (0)
02-03 21:42:37.441  7671  7756 I webrtc_voice_engine.cc: [000:013] [7756] (line 241): PCMA/8000/1 (8)
02-03 21:42:37.441  7671  7756 I webrtc_voice_engine.cc: [000:013] [7756] (line 241): CN/16000/1 (105)
02-03 21:42:37.441  7671  7756 I webrtc_voice_engine.cc: [000:014] [7756] (line 241): CN/8000/1 (13)
02-03 21:42:37.441  7671  7756 I webrtc_voice_engine.cc: [000:014] [7756] (line 241): telephone-event/48000/1 (110)
02-03 21:42:37.441  7671  7756 I webrtc_voice_engine.cc: [000:014] [7756] (line 241): telephone-event/16000/1 (113)
02-03 21:42:37.441  7671  7756 I webrtc_voice_engine.cc: [000:014] [7756] (line 241): telephone-event/8000/1 (126)
02-03 21:42:37.441  7671  7756 I webrtc_voice_engine.cc: [000:014] [7756] (line 244): Supported recv codecs in order of preference:
02-03 21:42:37.442  7671  7756 I webrtc_voice_engine.cc: [000:014] [7756] (line 247): opus/48000/2 { minptime=10 useinbandfec=1 } (111)
02-03 21:42:37.442  7671  7756 I webrtc_voice_engine.cc: [000:014] [7756] (line 247): ISAC/16000/1 (103)
02-03 21:42:37.442  7671  7756 I webrtc_voice_engine.cc: [000:014] [7756] (line 247): G722/8000/1 (9)
02-03 21:42:37.442  7671  7756 I webrtc_voice_engine.cc: [000:014] [7756] (line 247): PCMU/8000/1 (0)
02-03 21:42:37.442  7671  7756 I webrtc_voice_engine.cc: [000:014] [7756] (line 247): PCMA/8000/1 (8)
02-03 21:42:37.442  7671  7756 I webrtc_voice_engine.cc: [000:014] [7756] (line 247): CN/16000/1 (105)
02-03 21:42:37.442  7671  7756 I webrtc_voice_engine.cc: [000:014] [7756] (line 247): CN/8000/1 (13)
02-03 21:42:37.442  7671  7756 I webrtc_voice_engine.cc: [000:014] [7756] (line 247): telephone-event/48000/1 (110)
02-03 21:42:37.442  7671  7756 I webrtc_voice_engine.cc: [000:014] [7756] (line 247): telephone-event/16000/1 (113)
02-03 21:42:37.442  7671  7756 I webrtc_voice_engine.cc: [000:014] [7756] (line 247): telephone-event/8000/1 (126)
02-03 21:42:37.442  7671  7756 I audio_device_module.cc: [000:015] [7756] (line 92): Init
02-03 21:42:37.442  7671  7756 I audio_device_buffer.cc: [000:015] [7756] (line 65): AudioDeviceBuffer::ctor
02-03 21:42:37.442  7671  7756 I audio_device_module.cc: [000:015] [7756] (line 594): AttachAudioBuffer
02-03 21:42:37.442  7671  7756 I audio_track_jni.cc: [000:015] [7756] (line 186): AttachAudioBuffer
02-03 21:42:37.443  7671  7756 I audio_track_jni.cc: [000:015] [7756] (line 190): SetPlayoutSampleRate(48000)
02-03 21:42:37.443  7671  7756 I audio_device_buffer.cc: [000:015] [7756] (line 187): SetPlayoutSampleRate(48000)
02-03 21:42:37.443  7671  7756 I audio_track_jni.cc: [000:015] [7756] (line 193): SetPlayoutChannels(1)
02-03 21:42:37.443  7671  7756 I audio_device_buffer.cc: [000:015] [7756] (line 207): SetPlayoutChannels(1)
02-03 21:42:37.443  7671  7756 I audio_record_jni.cc: [000:015] [7756] (line 191): AttachAudioBuffer
02-03 21:42:37.443  7671  7756 I audio_record_jni.cc: [000:015] [7756] (line 195): SetRecordingSampleRate(48000)
02-03 21:42:37.443  7671  7756 I audio_device_buffer.cc: [000:015] [7756] (line 181): SetRecordingSampleRate(48000)
02-03 21:42:37.443  7671  7756 I audio_record_jni.cc: [000:015] [7756] (line 198): SetRecordingChannels(1)
02-03 21:42:37.443  7671  7756 I audio_device_buffer.cc: [000:015] [7756] (line 201): SetRecordingChannels(1)
02-03 21:42:37.443  7671  7756 I audio_track_jni.cc: [000:015] [7756] (line 63): Init
02-03 21:42:37.443  7671  7756 I audio_record_jni.cc: [000:016] [7756] (line 88): Init
02-03 21:42:37.443  7671  7756 I audio_device_module.cc: [000:016] [7756] (line 168): SetPlayoutDevice(0)
02-03 21:42:37.443  7671  7756 I audio_device_module.cc: [000:016] [7756] (line 321): InitSpeaker
02-03 21:42:37.443  7671  7756 I audio_device_module.cc: [000:016] [7756] (line 458): StereoPlayoutIsAvailable
02-03 21:42:37.443  7671  7756 I audio_device_module.cc: [000:016] [7756] (line 460): output: 0
02-03 21:42:37.444  7671  7756 I audio_device_module.cc: [000:016] [7756] (line 465): SetStereoPlayout(0)
02-03 21:42:37.444  7671  7756 I audio_device_module.cc: [000:016] [7756] (line 181): SetRecordingDevice(0)
02-03 21:42:37.444  7671  7756 I audio_device_module.cc: [000:016] [7756] (line 331): InitMicrophone
02-03 21:42:37.444  7671  7756 I audio_device_module.cc: [000:016] [7756] (line 485): StereoRecordingIsAvailable
02-03 21:42:37.444  7671  7756 I audio_device_module.cc: [000:016] [7756] (line 487): output: 0
02-03 21:42:37.444  7671  7756 I audio_device_module.cc: [000:016] [7756] (line 492): SetStereoRecording(0)
02-03 21:42:37.444  7671  7756 I apm_helpers.cc: [000:016] [7756] (line 32): Setting AGC mode to 2
02-03 21:42:37.444  7671  7756 I audio_processing_impl.cc: [000:016] [7756] (line 718): Highpass filter activated: 0
02-03 21:42:37.444  7671  7756 I audio_processing_impl.cc: [000:017] [7756] (line 736): Gain Controller 2 activated: 0
02-03 21:42:37.444  7671  7756 I audio_processing_impl.cc: [000:017] [7756] (line 738): Pre-amplifier activated: 0
02-03 21:42:37.445  7671  7756 I audio_device_module.cc: [000:017] [7756] (line 87): RegisterAudioCallback
02-03 21:42:37.445  7671  7756 I audio_device_buffer.cc: [000:017] [7756] (line 82): RegisterAudioCallback
02-03 21:42:37.445  7671  7756 I webrtc_voice_engine.cc: [000:017] [7756] (line 318): WebRtcVoiceEngine::ApplyOptions: AudioOptions {aec: 1, agc: 1, ns: 1, hf: 1, swap: 0, audio_jitter_buffer_max_packets: 200, audio_jitter_buffer_fast_accelerate: 0, audio_jitter_buffer_min_delay_ms: 0, audio_jitter_buffer_enable_rtx_handling: 0, typing: 1, experimental_agc: 0, experimental_ns: 0, residual_echo_detector: 1, }
02-03 21:42:37.445  7671  7756 I webrtc_voice_engine.cc: [000:017] [7756] (line 374): Disable AGC according to field trial.
02-03 21:42:37.445  7671  7756 I audio_device_module.cc: [000:017] [7756] (line 531): BuiltInAECIsAvailable
02-03 21:42:37.445  7671  7756 I audio_device_module.cc: [000:017] [7756] (line 535): output: 1
02-03 21:42:37.445  7671  7756 I audio_device_module.cc: [000:017] [7756] (line 561): EnableBuiltInAEC(1)
02-03 21:42:37.445  7671  7756 I audio_device_module.cc: [000:017] [7756] (line 531): BuiltInAECIsAvailable
02-03 21:42:37.445  7671  7756 I audio_device_module.cc: [000:017] [7756] (line 535): output: 1
02-03 21:42:37.445  7671  7756 I audio_record_jni.cc: [000:017] [7756] (line 215): EnableBuiltInAEC(1)
02-03 21:42:37.445  7671  7756 I WebRtcAudioRecordExternal: [000:018] [7756] enableBuiltInAEC(true)
02-03 21:42:37.445  7671  7756 I WebRtcAudioEffectsExternal: [000:018] [7756] setAEC(true)
02-03 21:42:37.445  7671  7756 I audio_device_module.cc: [000:018] [7756] (line 566): output: 0
02-03 21:42:37.445  7671  7756 I webrtc_voice_engine.cc: [000:018] [7756] (line 400): Disabling EC since built-in EC will be used instead
02-03 21:42:37.446  7671  7756 I audio_processing_impl.cc: [000:018] [7756] (line 718): Highpass filter activated: 0
02-03 21:42:37.446  7671  7756 I audio_processing_impl.cc: [000:018] [7756] (line 736): Gain Controller 2 activated: 0
02-03 21:42:37.446  7671  7756 I audio_processing_impl.cc: [000:018] [7756] (line 738): Pre-amplifier activated: 0
02-03 21:42:37.446  7671  7756 I apm_helpers.cc: [000:018] [7756] (line 48): Echo control set to 0 with mode 1
02-03 21:42:37.446  7671  7756 I audio_device_module.cc: [000:018] [7756] (line 541): BuiltInAGCIsAvailable
02-03 21:42:37.446  7671  7756 I audio_device_module.cc: [000:018] [7756] (line 542): output: 0
02-03 21:42:37.446  7671  7756 I audio_device_module.cc: [000:019] [7756] (line 551): BuiltInNSIsAvailable
02-03 21:42:37.446  7671  7756 I audio_device_module.cc: [000:019] [7756] (line 555): output: 1
02-03 21:42:37.446  7671  7756 I audio_device_module.cc: [000:019] [7756] (line 578): EnableBuiltInNS(1)
02-03 21:42:37.446  7671  7756 I audio_device_module.cc: [000:019] [7756] (line 551): BuiltInNSIsAvailable
02-03 21:42:37.446  7671  7756 I audio_device_module.cc: [000:019] [7756] (line 555): output: 1
02-03 21:42:37.446  7671  7756 I audio_record_jni.cc: [000:019] [7756] (line 223): EnableBuiltInNS(1)
02-03 21:42:37.446  7671  7756 I WebRtcAudioRecordExternal: [000:019] [7756] enableBuiltInNS(true)
02-03 21:42:37.447  7671  7756 I WebRtcAudioEffectsExternal: [000:019] [7756] setNS(true)
02-03 21:42:37.447  7671  7756 I audio_device_module.cc: [000:019] [7756] (line 583): output: 0
02-03 21:42:37.447  7671  7756 I webrtc_voice_engine.cc: [000:019] [7756] (line 429): Disabling NS since built-in NS will be used instead
02-03 21:42:37.447  7671  7756 I audio_processing_impl.cc: [000:019] [7756] (line 718): Highpass filter activated: 0
02-03 21:42:37.447  7671  7756 I audio_processing_impl.cc: [000:020] [7756] (line 736): Gain Controller 2 activated: 0
02-03 21:42:37.447  7671  7756 I audio_processing_impl.cc: [000:020] [7756] (line 738): Pre-amplifier activated: 0
02-03 21:42:37.447  7671  7756 I apm_helpers.cc: [000:020] [7756] (line 62): NS set to 0
02-03 21:42:37.447  7671  7756 I webrtc_voice_engine.cc: [000:020] [7756] (line 437): Stereo swapping enabled? 0
02-03 21:42:37.447  7671  7671 E CarrierServices: [2] cne.m: Default SIM info not updated.
02-03 21:42:37.447  7671  7756 I webrtc_voice_engine.cc: [000:020] [7756] (line 442): NetEq capacity is 200
02-03 21:42:37.447  7671  7756 I webrtc_voice_engine.cc: [000:020] [7756] (line 448): NetEq fast mode? 0
02-03 21:42:37.447  7671  7756 I webrtc_voice_engine.cc: [000:020] [7756] (line 454): NetEq minimum delay is 0
02-03 21:42:37.448  7671  7756 I webrtc_voice_engine.cc: [000:020] [7756] (line 460): NetEq handle reordered packets? 0
02-03 21:42:37.448  7671  7756 I webrtc_voice_engine.cc: [000:020] [7756] (line 472): Experimental ns is enabled? 0
02-03 21:42:37.448  7671  7756 I webrtc_voice_engine.cc: [000:020] [7756] (line 482): Setting AGC to 0
02-03 21:42:37.448  7671  7756 I webrtc_voice_engine.cc: [000:020] [7756] (line 504): Typing detection is enabled? 0
02-03 21:42:37.448  7671  7671 I CarrierServices: [2] cne.m: Processing an intent
02-03 21:42:37.448  7671  7756 I audio_processing_impl.cc: [000:020] [7756] (line 718): Highpass filter activated: 1
02-03 21:42:37.448  7671  7756 I audio_processing_impl.cc: [000:020] [7756] (line 736): Gain Controller 2 activated: 0
02-03 21:42:37.448  7671  7756 I audio_processing_impl.cc: [000:021] [7756] (line 738): Pre-amplifier activated: 0
02-03 21:42:37.449  7719  7719 I FirebaseInitProvider: FirebaseApp initialization successful
02-03 21:42:37.449  7671  7756 I PeerConnectionFactory: [000:022] [7756] onWorkerThreadReady
02-03 21:42:37.449  7671  7717 I CarrierServices: [238550] dah.run: schedule local logs cleanup job service
02-03 21:42:37.449  7671  7755 I PeerConnectionFactory: [000:022] [7755] onNetworkThreadReady
02-03 21:42:37.450  7671  7757 I PeerConnectionFactory: [000:022] [7757] onSignalingThreadReady
02-03 21:42:37.451  7671  7671 I CarrierServices: [2] cne.a: Ignoring duplicate SIM state: ABSENT
02-03 21:42:37.451  7671  7671 I CarrierServices: [2] bsr.b: Reinitialize CSLib Flags: com.google.android.ims.library
02-03 21:42:37.452  7671  7671 I CarrierServices: [2] cne.a: register Carrier Config Changed event
02-03 21:42:37.457  7671  7705 I CarrierServices: [238538] cnh.b: SIM delay is not enabled
02-03 21:42:37.467  7671  7741 I CarrierServices: [238558] csz.c: No active subscription, returning false.
02-03 21:42:37.468  7671  7705 E CarrierServices: [238538] cne.m: Default SIM info not updated.
02-03 21:42:37.468  7671  7705 I CarrierServices: [238538] cne.m: Processing an intent
02-03 21:42:37.471  7671  7705 I CarrierServices: [238538] cne.a: Ignoring duplicate SIM state: ABSENT
02-03 21:42:37.475  7671  7745 I CarrierServices: [238561] cej.a: (PEv2-SM): Enter EnabledState
02-03 21:42:37.475  7671  7671 I CarrierServices: [2] cdc.a: Sending ProvisioningEvent to Bugle [Request Bugle information (15)], null
02-03 21:42:37.489  7671  7745 I CarrierServices: [238561] cev.a: RcsAvailabilityManager: Calculating Rcs Availability
02-03 21:42:37.489  7671  7671 W CarrierServices: [2] cne.b: Unexpected action: android.telephony.action.DEFAULT_SUBSCRIPTION_CHANGED
02-03 21:42:37.490  7671  7740 W CarrierServices: [238557] bvw.C: No config URL. RCS will be disabled!
02-03 21:42:37.491  7671  7671 I CarrierServices: [2] cnv.onReceive: Received SERVICE_STATE intent, clearing cached cell info
02-03 21:42:37.492  7671  7762 I CarrierServices: [238566] cnh.b: SIM delay is not enabled
02-03 21:42:37.493  7671  7762 W CarrierServices: [238566] cne.c: process intent: android.intent.action.SIM_STATE_CHANGED
02-03 21:42:37.504  7671  7671 W CarrierServices: [2] cne.b: Unexpected action: android.telephony.action.DEFAULT_SUBSCRIPTION_CHANGED
02-03 21:42:37.508  7671  7671 I CarrierServices: [2] cpp.a: Handling SIM removed
02-03 21:42:37.508  7671  7745 I CarrierServices: [238561] cev.a: RcsAvailabilityManager: Updating Rcs Availability to DISABLED_SIM_ABSENT (RCS is disabled due to SIM absent)
02-03 21:42:37.508  7671  7699 I CarrierServices: [238532] cnh.b: SIM delay is not enabled
02-03 21:42:37.509  7671  7699 W CarrierServices: [238532] cne.c: process intent: android.intent.action.SIM_STATE_CHANGED
02-03 21:42:37.509  7671  7741 W CarrierServices: [238558] bvw.C: No config URL. RCS will be disabled!
02-03 21:42:37.510  7671  7745 W CarrierServices: [238561] ccb.a: No config URL source available.
02-03 21:42:37.512  7671  7745 W CarrierServices: [238561] ccb.c: No config URL available.
02-03 21:42:37.516  7671  7766 I CarrierServices: [238570] bbd.b: BindingManager: rcs already unbound or requested
02-03 21:42:37.523  7671  7745 I CarrierServices: [238561] cdc.a: Sending ProvisioningEvent to Bugle [Availability updated (12)], [tzpVNZih_AAiZWpAn6fdrDYJtS0_LHlhKcmXWtfZxpU]
02-03 21:42:37.529  7671  7745 I CarrierServices: [238561] cev.a: Sending ProvisioningEvent Internal [Availability updated (12)], [tzpVNZih_AAiZWpAn6fdrDYJtS0_LHlhKcmXWtfZxpU]
02-03 21:42:37.529  7671  7768 W CarrierServices: [238572] bvw.C: No config URL. RCS will be disabled!
02-03 21:42:37.529  7671  7763 W CarrierServices: [238567] ccb.c: No config URL available.
02-03 21:42:37.530  7719  7769 I Bugle   : GServicesValues:
02-03 21:42:37.530  7719  7769 I Bugle   : bugle_enable_primes_crash_metrics: true
02-03 21:42:37.530  7719  7769 I Bugle   : bugle_enable_wap_push_si: true
02-03 21:42:37.530  7719  7769 I Bugle   : bugle_max_telemetry_upload_retries: 10
02-03 21:42:37.530  7719  7769 I Bugle   : bugle_sticker_set_list_version: 3
02-03 21:42:37.535  7671  7671 E CarrierServices: [2] cpp.a: onSimRemoved: not using a test number at the moment
02-03 21:42:37.536  7671  7671 I CarrierServices: [2] cpp.a: onSimRemoved: JibePreferences hasSim: [false], rcsEnabled: [false]
02-03 21:42:37.536  7671  7671 I CarrierServices: [2] cpp.a: SIM has been removed.
02-03 21:42:37.537  7671  7745 I CarrierServices: [238561] cdc.a: Sending ProvisioningEvent to Bugle [Update provisioning status (11)], [GMDojRANsNoJczCe71l0C7N33u384-RIXgkJthBPyUA]
02-03 21:42:37.539  7671  7752 I CarrierServices: [238562] cev.a: RcsAvailabilityManager: Calculating Rcs Availability
02-03 21:42:37.546  7671  7745 I CarrierServices: [238561] cej.a: (PEv2-SM): EnabledState: Transition to disabled
02-03 21:42:37.547  7671  7752 I CarrierServices: [238562] cev.a: RcsAvailabilityManager: Rcs Availability still DISABLED_SIM_ABSENT (RCS is disabled due to SIM absent)
02-03 21:42:37.547  7671  7752 I CarrierServices: [238562] cdc.a: Sending ProvisioningEvent to Bugle [Request Bugle information (15)], null
02-03 21:42:37.547  7671  7745 I CarrierServices: [238561] cej.c: (PEv2-SM): Exit EnabledState
02-03 21:42:37.550  7671  7715 I CarrierServices: [238548] cmn.a: Received Provisioning Event: [Availability updated (12)]
02-03 21:42:37.550  7671  7715 I CarrierServices: [238548] cmn.a: JibeService is running, passing event to provisioning engine.
02-03 21:42:37.550  7671  7745 I CarrierServices: [238561] cej.a: (PEv2-SM): Enter DisabledState
02-03 21:42:37.552  7671  7715 I CarrierServices: [238548] cdj.a: Handling Provisioning Event: [Availability updated (12)]
02-03 21:42:37.563  7671  7767 W CarrierServices: [238571] bvw.C: No config URL. RCS will be disabled!
02-03 21:42:37.564  7671  7768 W CarrierServices: [238572] bvw.C: No config URL. RCS will be disabled!
02-03 21:42:37.564  7671  7745 I CarrierServices: [238561] cdc.a: Sending ProvisioningEvent to Bugle [Update provisioning status (11)], [I_RX4awbE69dTpdZElF5ageNbCU5kW5cXzLTa2Lce-E]
02-03 21:42:37.569  7671  7705 E CarrierServices: [238538] cne.m: Default SIM info not updated.
02-03 21:42:37.569  7671  7705 I CarrierServices: [238538] cne.m: Processing an intent
02-03 21:42:37.569  7671  7745 I CarrierServices: [238561] cdw.a: (PEv2-SM): DisabledState: event SIM event
02-03 21:42:37.570  7671  7745 I CarrierServices: [238561] cdw.a: (PEv2-SM): DisabledState: event Availability updated
02-03 21:42:37.570  7671  7745 I CarrierServices: [238561] cev.a: RcsAvailabilityManager: Calculating Rcs Availability
02-03 21:42:37.572  7671  7705 I CarrierServices: [238538] cne.a: Ignoring duplicate SIM state: ABSENT
02-03 21:42:37.581  7671  7745 I CarrierServices: [238561] cev.a: RcsAvailabilityManager: Rcs Availability still DISABLED_SIM_ABSENT (RCS is disabled due to SIM absent)
02-03 21:42:37.583  7671  7705 E CarrierServices: [238538] cne.m: Default SIM info not updated.
02-03 21:42:37.584  7671  7705 I CarrierServices: [238538] cne.m: Processing an intent
02-03 21:42:37.590  7671  7705 I CarrierServices: [238538] cne.a: Ignoring duplicate SIM state: ABSENT
02-03 21:42:37.597  7719  7719 I xzb     : SslGuard completed installation.
02-03 21:42:37.612  7719  7719 W PrimesInit: Primes instant initialization
02-03 21:42:37.613  7719  7774 W Primes  : background initialization
02-03 21:42:37.629  7719  7761 I FA      : App measurement is starting up, version: 19000
02-03 21:42:37.630  7719  7761 I FA      : To enable debug logging run: adb shell setprop log.tag.FA VERBOSE
02-03 21:42:37.630  7719  7761 I FA      : To enable faster debug mode event logging run:
02-03 21:42:37.630  7719  7761 I FA      :   adb shell setprop debug.firebase.analytics.app com.google.android.apps.messaging
02-03 21:42:37.650  7719  7774 I BugleRcsEngine: [238546] szm.<init>: Initializing SimStateTracker with multi-sim support
02-03 21:42:37.651  7719  7774 W BugleRcsEngine: Trying to log through cs.apk when it has not been initialized yet
02-03 21:42:37.652  7719  7774 I BugleRcsEngine: [238546] szs.<init>: Initializing SimStateTracker for single-sim device
02-03 21:42:37.652  7719  7774 W BugleRcsEngine: Trying to log through cs.apk when it has not been initialized yet
02-03 21:42:37.652  7719  7761 I zygote  : Deoptimizing java.lang.Object qpm.a(java.lang.Object) due to JIT inline cache
02-03 21:42:37.680  7719  7777 I BugleRcsEngine: [238548] shm.b: Reinitialize CSLib Flags: com.google.android.ims.library
02-03 21:42:37.686  7719  7774 I PrimesTesting: GserviceFlagsSupplier.get()
02-03 21:42:37.691  7719  7719 I Bugle   : BugleApplicationBase: Bugle version: 5.2.062 (pegasus_rc17_xxhdpi.armeabi-v7a.phone)
02-03 21:42:37.700  7719  7780 I Bugle   : Initializing EmojiCompat
02-03 21:42:37.708 13975 19091 I FontsContentProvider: Received query Noto Color Emoji Compat, URI content://com.google.android.gms.fonts
02-03 21:42:37.708 13975 19091 I FontsContentProvider: Query [Noto Color Emoji Compat] resolved to {Noto Color Emoji Compat, wdth 100.0, wght 400, ital 0.0, bestEffort false}
02-03 21:42:37.710 13975 19091 I FontsContentProvider: Fetch {Noto Color Emoji Compat, wdth 100.0, wght 400, ital 0.0, bestEffort false} end status Status{statusCode=SUCCESS, resolution=null}
02-03 21:42:37.720  7719  7719 I Bugle   : DarkModeUtilBase: Setting system dark mode to off
02-03 21:42:37.722 13975 19091 I FontsContentProvider: Pulling font file for id = 19, cache size = 4
02-03 21:42:37.730 13975 19091 I FontsContentProvider: Pulling font file for id = 19, cache size = 4
02-03 21:42:37.762  7719  7772 I BugleRcsEngine: [238544] szm.a: register Carrier Config Changed event
02-03 21:42:37.766  7719  7772 I BugleRcsEngine: [238544] shm.b: Reinitialize CSLib Flags: com.google.android.ims.library
02-03 21:42:37.768  7719  7784 I BugleRcsEngine: [238557] szo.b: do not delay first event
02-03 21:42:37.793  7719  7719 I BugleDataModel: RcsMigrationService: Returning RCS state provider.
02-03 21:42:37.795  7719  7784 E BugleRcsEngine: [238557] szm.k: Default SIM info not updated.
02-03 21:42:37.796  7719  7784 I BugleRcsEngine: [238557] szm.k: Processing an intent
02-03 21:42:37.802  7719  7774 I BugleRcs: RcsAvailabilityUtilImplPhone: MSIM Rcs disabled because ENABLE_RCS_MULTISIM_V0 disabled
02-03 21:42:37.802  7719  7784 I BugleRcsEngine: [238557] szm.a: SIM state ABSENT
02-03 21:42:37.806  7719  7719 I BugleRcsProvisioning: RcsProvisioningEventReceiver: Received ProvisioningEvent: Enable PEv2
02-03 21:42:37.810  7719  7785 D StrictMode: StrictMode policy violation: android.os.StrictMode$StrictModeDiskReadViolation: policy=65599 violation=2
02-03 21:42:37.810  7719  7785 D StrictMode: 	at android.os.StrictMode$AndroidBlockGuardPolicy.onReadFromDisk(StrictMode.java:1449)
02-03 21:42:37.810  7719  7785 D StrictMode: 	at java.io.UnixFileSystem.checkAccess(UnixFileSystem.java:251)
02-03 21:42:37.810  7719  7785 D StrictMode: 	at java.io.File.exists(File.java:807)
02-03 21:42:37.810  7719  7785 D StrictMode: 	at android.app.ContextImpl.ensurePrivateDirExists(ContextImpl.java:575)
02-03 21:42:37.810  7719  7785 D StrictMode: 	at android.app.ContextImpl.ensurePrivateDirExists(ContextImpl.java:566)
02-03 21:42:37.810  7719  7785 D StrictMode: 	at android.app.ContextImpl.getPreferencesDir(ContextImpl.java:522)
02-03 21:42:37.810  7719  7785 D StrictMode: 	at android.app.ContextImpl.getSharedPreferencesPath(ContextImpl.java:717)
02-03 21:42:37.810  7719  7785 D StrictMode: 	at android.app.ContextImpl.getSharedPreferences(ContextImpl.java:371)
02-03 21:42:37.810  7719  7785 D StrictMode: 	at android.content.ContextWrapper.getSharedPreferences(ContextWrapper.java:167)
02-03 21:42:37.810  7719  7785 D StrictMode: 	at oxt.a(PG:9)
02-03 21:42:37.810  7719  7785 D StrictMode: 	at oxs.b(PG:4)
02-03 21:42:37.810  7719  7785 D StrictMode: 	at tgj.b(PG:57)
02-03 21:42:37.810  7719  7785 D StrictMode: 	at tgj.a(PG:51)
02-03 21:42:37.810  7719  7785 D StrictMode: 	at ivg.a(PG:98)
02-03 21:42:37.810  7719  7785 D StrictMode: 	at ivg.v(PG:83)
02-03 21:42:37.810  7719  7785 D StrictMode: 	at hpz.run(PG:3)
02-03 21:42:37.810  7719  7785 D StrictMode: 	at zit.run(PG:3)
02-03 21:42:37.810  7719  7785 D StrictMode: 	at java.util.concurrent.Executors$RunnableAdapter.call(Executors.java:457)
02-03 21:42:37.810  7719  7785 D StrictMode: 	at acgw.b(PG:6)
02-03 21:42:37.810  7719  7785 D StrictMode: 	at acfw.run(PG:17)
02-03 21:42:37.810  7719  7785 D StrictMode: 	at acgx.run(PG:13)
02-03 21:42:37.810  7719  7785 D StrictMode: 	at java.util.concurrent.ThreadPoolExecutor.runWorker(ThreadPoolExecutor.java:1162)
02-03 21:42:37.810  7719  7785 D StrictMode: 	at java.util.concurrent.ThreadPoolExecutor$Worker.run(ThreadPoolExecutor.java:636)
02-03 21:42:37.810  7719  7785 D StrictMode: 	at yws.run(PG:4)
02-03 21:42:37.810  7719  7785 D StrictMode: 	at java.lang.Thread.run(Thread.java:764)
02-03 21:42:37.811  7719  7784 I BugleRcsEngine: [238557] szm.a: Broadcasting Intent { act=com.google.android.ims.SIM_ABSENT }
02-03 21:42:37.811  7719  7739 I BugleRcsEngine: [238532] tgj.c: Checking if using CarrierServices.apk is possible. Enabled: true, isAtLeastM: true, runningInsideBugle: true
02-03 21:42:37.814  7719  7785 D StrictMode: StrictMode policy violation: android.os.StrictMode$StrictModeDiskReadViolation: policy=65599 violation=2
