03-12 14:04:03.131  1023 16587 D libc    : Internal error: netid(0), id(0x271b), server(0.0.0.0)
03-12 14:04:03.131  1023 16587 D libc    : Internal error: netid(0), id(0x271b), server(0.0.0.0)
03-12 14:04:03.131  1023 16587 D libc    : Internal error: netid(0), id(0x7125), server(0.0.0.0)
03-12 14:04:03.131  1023 16587 D libc    : Internal error: netid(0), id(0x7125), server(0.0.0.0)
03-12 14:04:03.146  1023 16594 D libc    : Internal error: netid(0), id(0xa128), server(0.0.0.0)
03-12 14:04:03.146  1023 16594 D libc    : Internal error: netid(0), id(0xa128), server(0.0.0.0)
03-12 14:04:03.147  1023 16594 D libc    : Internal error: netid(0), id(0x5104), server(0.0.0.0)
03-12 14:04:03.147  1023 16594 D libc    : Internal error: netid(0), id(0x5104), server(0.0.0.0)
03-12 14:04:03.150  1023 16600 D libc    : Internal error: netid(0), id(0xef4d), server(0.0.0.0)
03-12 14:04:03.150  1023 16600 D libc    : Internal error: netid(0), id(0xef4d), server(0.0.0.0)
03-12 14:04:03.150  1023 16600 D libc    : Internal error: netid(0), id(0xad5e), server(0.0.0.0)
03-12 14:04:03.151  1023 16600 D libc    : Internal error: netid(0), id(0xad5e), server(0.0.0.0)
03-12 14:04:03.153 16453 16503 I chatty  : uid=11093(org.mozilla.fennec_aurora) expire 1 line
03-12 14:04:03.154 16453 16484 I chatty  : uid=11093(org.mozilla.fennec_aurora) expire 1 line
03-12 14:04:03.182 16453 16605 I chatty  : uid=11093(org.mozilla.fennec_aurora) expire 1 line
03-12 14:04:03.189  1023 16615 D libc    : Internal error: netid(0), id(0x8018), server(0.0.0.0)
03-12 14:04:03.189  1023 16615 D libc    : Internal error: netid(0), id(0x8018), server(0.0.0.0)
03-12 14:04:03.190  1023 16618 D libc    : Internal error: netid(0), id(0xfc5a), server(0.0.0.0)
03-12 14:04:03.191  1023 16615 D libc    : Internal error: netid(0), id(0xa550), server(0.0.0.0)
03-12 14:04:03.191  1023 16618 D libc    : Internal error: netid(0), id(0xfc5a), server(0.0.0.0)
03-12 14:04:03.191  1023 16615 D libc    : Internal error: netid(0), id(0xa550), server(0.0.0.0)
03-12 14:04:03.192  1023 16618 D libc    : Internal error: netid(0), id(0x8b7e), server(0.0.0.0)
03-12 14:04:03.192  1023 16618 D libc    : Internal error: netid(0), id(0x8b7e), server(0.0.0.0)
03-12 14:04:03.195  1023 16621 D libc    : Internal error: netid(0), id(0xd95c), server(0.0.0.0)
03-12 14:04:03.195  1023 16621 D libc    : Internal error: netid(0), id(0xd95c), server(0.0.0.0)
03-12 14:04:03.195  1023 16621 D libc    : Internal error: netid(0), id(0xfa34), server(0.0.0.0)
03-12 14:04:03.195  1023 16621 D libc    : Internal error: netid(0), id(0xfa34), server(0.0.0.0)
03-12 14:04:07.041 16654 16654 D AndroidRuntime: >>>>>> START com.android.internal.os.RuntimeInit uid 2000 <<<<<<
03-12 14:04:07.054 16654 16654 W app_process: Could not reserve sentinel fault page
03-12 14:04:07.220 16654 16654 I app_process: The ClassLoaderContext is a special shared library.
03-12 14:04:07.295 16654 16654 D AndroidRuntime: Calling main entry com.android.commands.input.Input
03-12 14:04:07.298 16654 16654 I Input   : injectKeyEvent: KeyEvent { action=ACTION_DOWN, keyCode=KEYCODE_HOME, scanCode=0, metaState=0, flags=0x0, repeatCount=0, eventTime=16112302577, downTime=16112302577, deviceId=-1, source=0x101 }
03-12 14:04:07.304 16654 16654 I Input   : injectKeyEvent: KeyEvent { action=ACTION_UP, keyCode=KEYCODE_HOME, scanCode=0, metaState=0, flags=0x0, repeatCount=0, eventTime=16112302577, downTime=16112302577, deviceId=-1, source=0x101 }
03-12 14:04:07.311  1456  1941 I ActivityManager: START u0 {act=android.intent.action.MAIN cat=[android.intent.category.HOME] flg=0x10200000 cmp=com.android.launcher3/.CustomizationPanelLauncher (has extras)} from uid 1000
03-12 14:04:07.311   794   839 E ANDR-PERF-RESOURCEQS: Failed to apply optimization [4, 0]
03-12 14:04:07.322  1456  1941 I ActivityManager: moveHomeStack, setupComplete:true
03-12 14:04:07.326 16654 16654 D AndroidRuntime: Shutting down VM
03-12 14:04:07.332 28336 28375 I Adreno  : QUALCOMM build                   : bb5b86c, I77d3059488
03-12 14:04:07.332 28336 28375 I Adreno  : Build Date                       : 06/07/18
03-12 14:04:07.332 28336 28375 I Adreno  : OpenGL ES Shader Compiler Version: EV031.22.00.01_06
03-12 14:04:07.332 28336 28375 I Adreno  : Local Branch                     : 
03-12 14:04:07.332 28336 28375 I Adreno  : Remote Branch                    : refs/tags/AU_LINUX_ANDROID_LA.UM.6.5.R1.08.01.00.312.086
03-12 14:04:07.332 28336 28375 I Adreno  : Remote Branch                    : NONE
03-12 14:04:07.332 28336 28375 I Adreno  : Reconstruct Branch               : NOTHING
03-12 14:04:07.335 28336 28375 D vndksupport: Loading /vendor/lib/hw/gralloc.msm8937.so from current namespace instead of sphal namespace.
03-12 14:04:07.338 28336 28375 I Adreno  : PFP: 0x005ff087, ME: 0x005ff063
03-12 14:04:07.342 28336 28375 I zygote  : android::hardware::configstore::V1_0::ISurfaceFlingerConfigs::hasWideColorDisplay retrieved: 0
03-12 14:04:07.343 28336 28375 I OpenGLRenderer: Initialized EGL, version 1.4
03-12 14:04:07.343 28336 28375 D OpenGLRenderer: Swap behavior 2
03-12 14:04:07.347  2748  2748 D Launcher.Utilities: Wakeup weather: Intent { act=com.motorola.launcher3.action.WAKEUP_WEATHER cmp=com.motorola.timeweatherwidget/com.motorola.commandcenter.weather.WakeUpService }
03-12 14:04:07.362  1456  1456 I NotificationService: Cannot find enqueued record for key: 0|com.motorola.timeweatherwidget|1|null|10116
03-12 14:04:07.369   808   808 D SurfaceFlinger: duplicate layer name: changing com.android.launcher3/com.android.launcher3.CustomizationPanelLauncher to com.android.launcher3/com.android.launcher3.CustomizationPanelLauncher#1
03-12 14:04:07.377 28336 28369 W ThreadPoolDumper: Queue length for executor EventBus is now 11. Perhaps some tasks are too long, or the pool is too small.
03-12 14:04:07.379  1456  2402 I WifiService: getWifiEnabledState uid=10073
03-12 14:04:07.391  1456  2402 I WifiService: getWifiEnabledState uid=10073
03-12 14:04:07.400 28336 28379 I DEBUG   : OpaToSrpTransitionState#onStateChanged#notNullQuery
03-12 14:04:07.401 28336 28379 I DEBUG   : OpaToSrpTransitionState#onStateChanged#notNullQuery
03-12 14:04:07.427 28336 28379 I MicroDetectionState: Should stop hotword detection immediately - false
03-12 14:04:07.431 28336 28379 I MicroDetectionWorker: #startMicroDetector [speakerMode: 0]
03-12 14:04:07.433 28336 28379 I AudioController: Created new AudioSource
03-12 14:04:07.462  1456  1673 I LaunchCheckinHandler: Displayed com.android.launcher3/.CustomizationPanelLauncher,wp,wa,151
03-12 14:04:07.464 28336 28367 I MicroDataManager: isInitializedWithLatestParams-true
03-12 14:04:07.464 28336 28367 I MicroDataManager: isInitializing-false locale not changed-true model not changed-true
03-12 14:04:07.465 28336 28367 I MicroDataManager: Already initialized, obtaining the hotword data immediately.
03-12 14:04:07.470 28336 28373 I MicroRecognitionRunner: Starting detection.
03-12 14:04:07.470 28336 28373 I InputStreamUtils: Using micInputStream
03-12 14:04:07.471 28336 11343 I MicrophoneInputStream: mic_starting  SR : 16000 CC : 16 SO : 1999
03-12 14:04:07.473   788  1479 V msm8974_platform: platform_check_input_mask: enter check_input_mask source 6 mask 10
03-12 14:04:07.474  1012 16668 I AudioFlinger: AudioFlinger's thread 0xb2483300 tid=16668 ready to run
03-12 14:04:07.482   788  1479 D audio_hw_primary: in_set_parameters: enter: kvpairs=input_source=6;routing=-2147483644
03-12 14:04:07.483  1012  1012 D APM_AudioPolicyManager: AudioPolicyManager::startInput() input 196990, session 197097, source = 1999
03-12 14:04:07.484 28336 11343 I MicrophoneInputStream: mic_started  SR : 16000 CC : 16 SO : 1999
03-12 14:04:07.485   788 16669 V msm8974_platform: platform_update_usecase_from_source: input source :6
03-12 14:04:07.485   788 16669 V msm8974_platform: platform_check_input_mask: enter check_input_mask source 6 mask 10
03-12 14:04:07.485   788 16669 V msm8974_platform: platform_get_input_snd_device: enter: out_device(0) in_device(0x4) channel_count (1) channel_mask (0x10)
03-12 14:04:07.485   788 16669 V msm8974_platform: platform_get_input_snd_device: exit: in_snd_device(voice-rec-mic)
03-12 14:04:07.485   788 16669 V msm8974_platform: platform_get_backend_index:napb: backend port - 5 device - 120 
03-12 14:04:07.485   788 16669 V msm8974_platform: platform_check_and_set_capture_backend_cfg:txbecf: afe: bitwidth 0, samplerate 0, channel 1, backend_idx 5 usecase = 9 device (voice-rec-mic)
03-12 14:04:07.485   788 16669 V msm8974_platform: platform_check_capture_backend_cfg:txbecf: afe: Codec selected backend: 5 current bit width: 0 and sample rate: 0, channels 1
03-12 14:04:07.485   788 16669 V msm8974_platform: platform_check_capture_backend_cfg:txbecf: afe: Codec selected backend: 5 updated bit width: 0 and sample rate: 0
03-12 14:04:07.485   788 16669 I msm8974_platform: platform_check_capture_backend_cfg:txbecf: afe: Codec backend needs to be updated. new bit width: 0 new sample rate: 0 new channel: 1
03-12 14:04:07.485   788 16669 V msm8974_platform: platform_get_backend_index:napb: backend port - 5 device - 120 
03-12 14:04:07.485   788 16669 V msm8974_platform: platform_set_backend_cfg:becf: afe: bitwidth 0, samplerate 0 channels 1, backend_idx 5 device (voice-rec-mic)
03-12 14:04:07.485   788 16669 E msm8974_platform: platform_set_backend_cfg:becf: afe: Could not get ctl for mixer command - SLIM_0_TX Format
03-12 14:04:07.485   788 16669 V msm8974_platform: platform_send_audio_calibration: sending audio calibration for snd_device(120) acdb_id(62)
03-12 14:04:07.486   788 16669 D ACDB-LOADER: ACDB -> send_audio_cal, acdb_id = 62, path = 1, app id = 0x11130, sample rate = 48000
03-12 14:04:07.486   788 16669 D ACDB-LOADER: ACDB -> send_asm_topology
03-12 14:04:07.486   788 16669 D ACDB-LOADER: ACDB -> ACDB_CMD_GET_AUDPROC_STREAM_TOPOLOGY_ID
03-12 14:04:07.486   788 16669 D ACDB-LOADER: ACDB -> send_adm_topology
03-12 14:04:07.486   788 16669 D ACDB-LOADER: ACDB -> ACDB_CMD_GET_AUDPROC_COMMON_TOPOLOGY_ID
03-12 14:04:07.486   788 16669 D ACDB-LOADER: ACDB -> send_audtable
03-12 14:04:07.486   788 16669 D ACDB-LOADER: ACDB -> ACDB_CMD_GET_AUDPROC_COMMON_TABLE_SIZE
03-12 14:04:07.486   788 16669 D ACDB-LOADER: ACDB -> ACDB_CMD_GET_AUDPROC_COMMON_TABLE
03-12 14:04:07.486   788 16669 D ACDB-LOADER: ACDB -> AUDIO_SET_AUDPROC_CAL
03-12 14:04:07.486   788 16669 D ACDB-LOADER: ACDB -> send_audvoltable
03-12 14:04:07.486   788 16669 D ACDB-LOADER: ACDB -> ACDB_CMD_GET_AUDPROC_VOL_STEP_TABLE_SIZE
03-12 14:04:07.486   788 16669 D ACDB-LOADER: ACDB -> ACDB_CMD_GET_AUDPROC_GAIN_DEP_STEP_TABLE, vol index 0
03-12 14:04:07.486   788 16669 D         : Failed to fetch the lookup information of the device 0000003E 
03-12 14:04:07.486   788 16669 D ACDB-LOADER: ACDB -> AUDIO_SET_VOL_CAL cal type = 12
03-12 14:04:07.486   788 16669 D ACDB-LOADER: ACDB -> ACDB_CMD_GET_AUDPROC_STREAM_TABLE_SIZE
03-12 14:04:07.486   788 16669 D ACDB-LOADER: ACDB -> send_audstrmtable
03-12 14:04:07.486   788 16669 D ACDB-LOADER: ACDB -> ACDB_CMD_GET_AUDPROC_STREAM_TABLE_V2
03-12 14:04:07.486   788 16669 D ACDB-LOADER: ACDB -> audstrm_cal->cal_type.cal_data.cal_size = 456
03-12 14:04:07.486   788 16669 D ACDB-LOADER: ACDB -> send_afe_topology
03-12 14:04:07.486   788 16669 D ACDB-LOADER: ACDB -> ACDB_CMD_GET_AFE_TOPOLOGY_ID
03-12 14:04:07.486   788 16669 D ACDB-LOADER: ACDB -> GET_AFE_TOPOLOGY_ID for adcd_id 62, Topology Id 112fb
03-12 14:04:07.486   788 16669 D ACDB-LOADER: ACDB -> send_afe_cal
03-12 14:04:07.486   788 16669 D ACDB-LOADER: ACDB -> ACDB_CMD_GET_AFE_COMMON_TABLE_SIZE
03-12 14:04:07.486   788 16669 D         : Failed to fetch the lookup information of the device 0000003E 
03-12 14:04:07.486   788 16669 E ACDB-LOADER: Error: ACDB_CMD_GET_AFE_COMMON_TABLE_SIZE Returned = -19
03-12 14:04:07.486   788 16669 D ACDB-LOADER: ACDB -> ACDB_CMD_GET_AFE_COMMON_TABLE
03-12 14:04:07.486   788 16669 D         : Failed to fetch the lookup information of the device 0000003E 
03-12 14:04:07.486   788 16669 D ACDB-LOADER: ACDB -> AUDIO_SET_AFE_CAL
03-12 14:04:07.486   788 16669 D ACDB-LOADER: ACDB -> send_hw_delay : acdb_id = 62 path = 1
03-12 14:04:07.486   788 16669 D ACDB-LOADER: ACDB -> ACDB_AVSYNC_INFO: ACDB_CMD_GET_DEVICE_PROPERTY
03-12 14:04:07.486   788 16669 D audio_hw_primary: enable_snd_device: snd_device(120: voice-rec-mic)
03-12 14:04:07.486   788 16669 D audio_route: Apply path: voice-rec-mic
03-12 14:04:07.489   788 16669 V msm8974_platform: platform_get_snd_device_backend_index: enter with device 120
03-12 14:04:07.489   788 16669 E msm8974_platform: platform_get_snd_device_backend_index: BE DAI Name Table is not present
03-12 14:04:07.489   788 16669 V msm8974_platform: platform_get_backend_index:napb: backend port - 5 device - 120 
03-12 14:04:07.489   788 16669 I audio_hw_utils: Set Audio Stream Capture 0 App Type Cfg: app_type 69936, acdb_dev_id 62, sample_rate 48000, snd_device_be_idx -14
03-12 14:04:07.489   788 16669 D audio_hw_primary: enable_audio_route: usecase(9) apply and update mixer path: audio-record
03-12 14:04:07.489   788 16669 D audio_route: Apply path: audio-record
03-12 14:04:07.558 28336 28379 I MicroDetectionWorker: onReady
03-12 14:04:07.867  1456  7796 I OpenGLRenderer: Initialized EGL, version 1.4
03-12 14:04:07.867  1456  7796 D OpenGLRenderer: Swap behavior 2
03-12 14:04:07.913  2748  2917 W OpenGLRenderer: Incorrectly called buildLayer on View: ShortcutAndWidgetContainer, destroying layer...
03-12 14:04:08.019 16453 16485 I chatty  : uid=11093(org.mozilla.fennec_aurora) expire 1 line
03-12 14:04:08.022 16453 16482 I chatty  : uid=11093(org.mozilla.fennec_aurora) expire 6 lines
03-12 14:04:08.060   808   898 I SFPerfTracer:      triggers: (rate: 0:1) (0 sw vsyncs) (0 skipped) (37:5051286 vsyncs) (39:11294385)
03-12 14:04:12.494  1456  2196 I ActivityManager: Force stopping org.mozilla.fennec_aurora appid=11093 user=0: from pid 16674
03-12 14:04:12.494  1456  2196 I ActivityManager: Killing 16453:org.mozilla.fennec_aurora/u0a1093 (adj 700): stop org.mozilla.fennec_aurora
03-12 14:04:12.497  1456  1605 W zygote  : kill(-16453, 9) failed: No such process
03-12 14:04:12.498  1456  2196 W ActivityManager: Force removing ActivityRecord{1b4f2fb u0 org.mozilla.fennec_aurora/org.mozilla.fenix.HomeActivity t34628}: app died, no saved state
03-12 14:04:12.509  1456  1605 W zygote  : kill(-16453, 9) failed: No such process
03-12 14:04:12.509  1456  2196 I ActivityManager: Killing 16537:org.mozilla.fennec_aurora:tab0/u0a1093 (adj 0): stop org.mozilla.fennec_aurora
03-12 14:04:12.520  2398  2398 D CarrierSvcBindHelper: No carrier app for: 0
03-12 14:04:12.521  2398  2398 D CarrierSvcBindHelper: No carrier app for: 1
03-12 14:04:12.523  1456  1605 W zygote  : kill(-16453, 9) failed: No such process
03-12 14:04:12.566  1456  5050 D ConnectivityService: ConnectivityService NetworkRequestInfo binderDied(NetworkRequest [ TRACK_DEFAULT id=30536, [ Capabilities: INTERNET&NOT_RESTRICTED&TRUSTED&NOT_VPN] ], android.os.BinderProxy@c2c24ec)
03-12 14:04:12.567  1456  1673 W ActivityManager: setHasOverlayUi called on unknown pid: 16453
03-12 14:04:12.567  1456  2067 D ConnectivityService: releasing NetworkRequest [ TRACK_DEFAULT id=30536, [ Capabilities: INTERNET&NOT_RESTRICTED&TRUSTED&NOT_VPN] ] (release request)
03-12 14:04:12.572  1456  1605 I chatty  : uid=1000(system) ActivityManager identical 4 lines
03-12 14:04:12.588  1456  1605 W zygote  : kill(-16453, 9) failed: No such process
03-12 14:04:12.588  1456  1605 I zygote  : Successfully killed process cgroup uid 11093 pid 16453 in 91ms
03-12 14:04:12.588  1456  1605 W zygote  : kill(-16537, 9) failed: No such process
03-12 14:04:12.588  1456  1605 I zygote  : Successfully killed process cgroup uid 11093 pid 16537 in 0ms
03-12 14:04:12.616  1456  4250 I ActivityManager: START u0 {act=android.intent.action.MAIN cat=[android.intent.category.LAUNCHER] flg=0x10000000 cmp=org.mozilla.fennec_aurora/.App} from uid 2000
03-12 14:04:12.616   794   839 E ANDR-PERF-RESOURCEQS: Failed to apply optimization [4, 0]
03-12 14:04:12.636  1456  4802 I ActivityManager: Start proc 16681:org.mozilla.fennec_aurora/u0a1093 for activity org.mozilla.fennec_aurora/.App
03-12 14:04:12.726 28336 28379 I MicroDetectionState: Should stop hotword detection immediately - false
03-12 14:04:12.726 28336 28379 I MicroDetector: Keeping mic open: false
03-12 14:04:12.727 28336 28379 I RecognitionAudioControl: #shutdownAudio [requestId: -4906065379933492267, keepAudioOpen: false, forced: true]
03-12 14:04:12.727 28336 28413 E DeviceStateChecker: DeviceStateChecker cancelled
03-12 14:04:12.727 28336 28379 I RecognitionAudioControl: #internalShutdownAudio [requestId: -4906065379933492267]
03-12 14:04:12.727 28336 28379 I RecognitionAudioControl: #internalShutdownAudio [keepAudioOpen: false, forced: true]
03-12 14:04:12.727 28336 28379 I RecognitionAudioControl: #actualShutdownAudio
03-12 14:04:12.727 28336 28379 I AudioController: #shutdown [requestId=-4906065379933492267]
03-12 14:04:12.727 28336 28362 I AudioController: internalShutdown
03-12 14:04:12.727 28336 28374 I MicroRecognitionRunner: Stopping hotword detection.
03-12 14:04:12.780   788  1479 D audio_hw_primary: disable_audio_route: usecase(9) reset and update mixer path: audio-record
03-12 14:04:12.782   788  1479 D audio_hw_primary: disable_snd_device: snd_device(120: voice-rec-mic)
03-12 14:04:12.784  1012 11919 D APM_AudioPolicyManager: stopInput() input 196990, session 197097
03-12 14:04:12.785   788   788 D audio_hw_primary: in_set_parameters: enter: kvpairs=routing=0
03-12 14:04:12.786 28336 28362 I MicrophoneInputStream: mic_close  SR : 16000 CC : 16 SO : 1999
03-12 14:04:12.787 28336 28362 E AudioSource: Stop listening is called on already closed AudioSource
03-12 14:04:12.789 28336 28373 I MicroRecognitionRunner: Detection finished
03-12 14:04:12.792 16681 16681 I chatty  : uid=11093(org.mozilla.fennec_aurora) expire 54 lines
03-12 14:04:12.874 16681 16700 I chatty  : uid=11093(org.mozilla.fennec_aurora) expire 4 lines
03-12 14:04:12.895 16681 16708 I chatty  : uid=11093(org.mozilla.fennec_aurora) expire 14 lines
03-12 14:04:12.915 16681 16707 I chatty  : uid=11093(org.mozilla.fennec_aurora) expire 17 lines
03-12 14:04:12.953 16681 16715 I chatty  : uid=11093(org.mozilla.fennec_aurora) expire 27 lines
03-12 14:04:13.055 16681 16720 I chatty  : uid=11093(org.mozilla.fennec_aurora) expire 1 line
03-12 14:04:13.057 16681 16728 I chatty  : uid=11093(org.mozilla.fennec_aurora) expire 10 lines
03-12 14:04:13.103  1456  4802 I ActivityManager: START u0 {act=android.intent.action.MAIN cat=[android.intent.category.LAUNCHER] flg=0x10000000 cmp=org.mozilla.fennec_aurora/org.mozilla.fenix.HomeActivity (has extras)} from uid 11093
03-12 14:04:13.108 16681 16686 I chatty  : uid=11093(org.mozilla.fennec_aurora) expire 8 lines
03-12 14:04:13.125   808   808 D SurfaceFlinger: duplicate layer name: changing Splash Screen org.mozilla.fennec_aurora to Splash Screen org.mozilla.fennec_aurora#1
03-12 14:04:13.355  1456  1893 D BatteryService: uevent={POWER_SUPPLY_VOLTAGE_NOW=4329503, POWER_SUPPLY_CHARGE_RATE=Normal, POWER_SUPPLY_HEALTH=Good, POWER_SUPPLY_CURRENT_NOW=150755, POWER_SUPPLY_PRESENT=1, SUBSYSTEM=power_supply, POWER_SUPPLY_TEMP=307, SEQNUM=412654, ACTION=change, POWER_SUPPLY_NAME=battery, POWER_SUPPLY_STATUS=Charging, POWER_SUPPLY_CHARGE_COUNTER=2795955, POWER_SUPPLY_CAPACITY=100, DEVPATH=/devices/soc/qpnp-smbcharger-17/power_supply/battery}
03-12 14:04:13.362  2398  2398 D QtiCarrierConfigHelper: WARNING, no carrier configs on phone Id: 0
03-12 14:04:13.436 16681 16681 E ActivityThread: Failed to find provider info for org.mozilla.firefox_beta.fxa.auth
03-12 14:04:13.447  1456 10736 I ActivityManager: Start proc 16766:org.mozilla.fennec_aurora:tab0/u0a1093 for service org.mozilla.fennec_aurora/org.mozilla.gecko.process.GeckoChildProcessServices$tab0
03-12 14:04:13.448 16681 16681 E ActivityThread: Failed to find provider info for org.mozilla.fennec_aurora.fxa.auth
03-12 14:04:13.538 16681 16785 I chatty  : uid=11093(org.mozilla.fennec_aurora) expire 9 lines
03-12 14:04:13.561   808   808 I SFPerfTracer:      triggers: (rate: 71:2001181) (compose: 0:7) (post: 0:19) (render: 0:17) (16:9148298 frames) (17:11223383)
03-12 14:04:13.561   808   808 D SFPerfTracer:        layers: (3:12) (NavigationBar#0 (0xb07df000): 0:710060) (StatusBar#0 (0xb07e3000): 2:1835061) (com.android.systemui.ImageWallpaper#0 (0xb07e7000): 0:63604)* (Sprite#0 (0xb0733000): 0:317)* (DimLayerController/Stack=0#0 (0xb075a000): 0:3780)* (Sprite#1 (0xb077c000): 0:195)* (Splash Screen org.mozilla.fennec_aurora#1 (0xb013a000): 0:31)- (org.mozilla.fennec_aurora/org.mozilla.fenix.HomeActivity#0 (0xb039b000): 0:47)- (com.android.launcher3/com.android.launcher3.CustomizationPanelLauncher#0 (0xb0763000): 0:38)* (com.android.launcher3/com.android.launcher3.CustomizationPanelLauncher#1 (0xb0771000): 0:9)* (Splash Screen org.mozilla.fennec_aurora#0 (0xb039b000): 0:19)- (Splash Screen org.mozilla.fennec_aurora#1 (0xb013a000): 16:19) 
03-12 14:04:13.581 16766 16766 I chatty  : uid=11093(org.mozilla.fennec_aurora) expire 2 lines
03-12 14:04:13.582 16766 16789 I chatty  : uid=11093(org.mozilla.fennec_aurora) expire 1 line
03-12 14:04:13.890  1456  1673 I LaunchCheckinHandler: Displayed org.mozilla.fennec_aurora/org.mozilla.fenix.HomeActivity,wp,ca,744
03-12 14:04:13.891  1456  1673 I ActivityManager: Displayed org.mozilla.fennec_aurora/org.mozilla.fenix.HomeActivity: +736ms (total +1s258ms)
03-12 14:04:13.906 28336 28336 I MemoryTrimmer: Trimming objects from memory, since app is in the background.
03-12 14:04:13.915 28336 28336 I MemoryTrimmer: Trimming objects from memory, since app is in the background.
03-12 14:04:13.917 28336 11343 I PBSessionCacheImpl: Deleted sessionId[124624629806570237] from persistence.
03-12 14:04:13.922  1456  2236 I WifiService: getWifiEnabledState uid=10073
03-12 14:04:13.924 28336 28379 I DEBUG   : OpaToSrpTransitionState#onStateChanged#notNullQuery
03-12 14:04:13.926 28336 28379 I DEBUG   : OpaToSrpTransitionState#onStateChanged#notNullQuery
03-12 14:04:13.934 28336 28379 W SearchServiceCore: Abort, client detached.
03-12 14:04:13.955 16681 16681 E ActivityThread: Failed to find provider info for org.mozilla.firefox_beta.fxa.auth
03-12 14:04:13.955 16681 16681 E ActivityThread: Failed to find provider info for org.mozilla.fennec_aurora.fxa.auth
03-12 14:04:14.205 16681 16808 I chatty  : uid=11093(org.mozilla.fennec_aurora) expire 2 lines
03-12 14:04:14.346  1023 16813 D libc    : Internal error: netid(0), id(0xcb54), server(0.0.0.0)
03-12 14:04:14.347  1023 16813 D libc    : Internal error: netid(0), id(0xcb54), server(0.0.0.0)
03-12 14:04:14.347  1023 16813 D libc    : Internal error: netid(0), id(0x4d16), server(0.0.0.0)
03-12 14:04:14.347  1023 16813 D libc    : Internal error: netid(0), id(0x4d16), server(0.0.0.0)
03-12 14:04:14.364  1023 16825 D libc    : Internal error: netid(0), id(0xa26d), server(0.0.0.0)
03-12 14:04:14.364  1023 16825 D libc    : Internal error: netid(0), id(0xa26d), server(0.0.0.0)
03-12 14:04:14.364  1023 16825 D libc    : Internal error: netid(0), id(0x5d2a), server(0.0.0.0)
03-12 14:04:14.364  1023 16825 D libc    : Internal error: netid(0), id(0x5d2a), server(0.0.0.0)
03-12 14:04:14.366  1023 16826 D libc    : Internal error: netid(0), id(0x3a69), server(0.0.0.0)
03-12 14:04:14.366  1023 16826 D libc    : Internal error: netid(0), id(0x3a69), server(0.0.0.0)
03-12 14:04:14.367  1023 16826 D libc    : Internal error: netid(0), id(0x223d), server(0.0.0.0)
03-12 14:04:14.367  1023 16826 D libc    : Internal error: netid(0), id(0x223d), server(0.0.0.0)
03-12 14:04:14.370 16681 16709 I chatty  : uid=11093(org.mozilla.fennec_aurora) expire 1 line
03-12 14:04:14.371 16681 16734 I chatty  : uid=11093(org.mozilla.fennec_aurora) expire 1 line
03-12 14:04:14.402 16681 16733 I chatty  : uid=11093(org.mozilla.fennec_aurora) expire 1 line
03-12 14:04:14.406  1023 16841 D libc    : Internal error: netid(0), id(0xf366), server(0.0.0.0)
03-12 14:04:14.406  1023 16841 D libc    : Internal error: netid(0), id(0xf366), server(0.0.0.0)
03-12 14:04:14.406  1023 16841 D libc    : Internal error: netid(0), id(0x775a), server(0.0.0.0)
03-12 14:04:14.407  1023 16841 D libc    : Internal error: netid(0), id(0x775a), server(0.0.0.0)
03-12 14:04:14.408  1023 16844 D libc    : Internal error: netid(0), id(0xf628), server(0.0.0.0)
03-12 14:04:14.408  1023 16844 D libc    : Internal error: netid(0), id(0xf628), server(0.0.0.0)
03-12 14:04:14.408  1023 16844 D libc    : Internal error: netid(0), id(0x4818), server(0.0.0.0)
03-12 14:04:14.408  1023 16844 D libc    : Internal error: netid(0), id(0x4818), server(0.0.0.0)
03-12 14:04:14.411  1023 16847 D libc    : Internal error: netid(0), id(0x400e), server(0.0.0.0)
03-12 14:04:14.411  1023 16847 D libc    : Internal error: netid(0), id(0x400e), server(0.0.0.0)
03-12 14:04:14.411  1023 16847 D libc    : Internal error: netid(0), id(0x7824), server(0.0.0.0)
03-12 14:04:14.411  1023 16847 D libc    : Internal error: netid(0), id(0x7824), server(0.0.0.0)
03-12 14:04:18.270 16880 16880 D AndroidRuntime: >>>>>> START com.android.internal.os.RuntimeInit uid 2000 <<<<<<
03-12 14:04:18.283 16880 16880 W app_process: Could not reserve sentinel fault page
03-12 14:04:18.449 16880 16880 I app_process: The ClassLoaderContext is a special shared library.
03-12 14:04:18.523 16880 16880 D AndroidRuntime: Calling main entry com.android.commands.input.Input
03-12 14:04:18.524 16880 16880 I Input   : injectKeyEvent: KeyEvent { action=ACTION_DOWN, keyCode=KEYCODE_HOME, scanCode=0, metaState=0, flags=0x0, repeatCount=0, eventTime=16112313804, downTime=16112313804, deviceId=-1, source=0x101 }
03-12 14:04:18.536 16880 16880 I Input   : injectKeyEvent: KeyEvent { action=ACTION_UP, keyCode=KEYCODE_HOME, scanCode=0, metaState=0, flags=0x0, repeatCount=0, eventTime=16112313804, downTime=16112313804, deviceId=-1, source=0x101 }
03-12 14:04:18.543  1456  1941 I ActivityManager: START u0 {act=android.intent.action.MAIN cat=[android.intent.category.HOME] flg=0x10200000 cmp=com.android.launcher3/.CustomizationPanelLauncher (has extras)} from uid 1000
03-12 14:04:18.543   794   839 E ANDR-PERF-RESOURCEQS: Failed to apply optimization [4, 0]
03-12 14:04:18.554  1456  1941 I ActivityManager: moveHomeStack, setupComplete:true
03-12 14:04:18.562 28336 28375 I Adreno  : QUALCOMM build                   : bb5b86c, I77d3059488
03-12 14:04:18.562 28336 28375 I Adreno  : Build Date                       : 06/07/18
03-12 14:04:18.562 28336 28375 I Adreno  : OpenGL ES Shader Compiler Version: EV031.22.00.01_06
03-12 14:04:18.562 28336 28375 I Adreno  : Local Branch                     : 
03-12 14:04:18.562 28336 28375 I Adreno  : Remote Branch                    : refs/tags/AU_LINUX_ANDROID_LA.UM.6.5.R1.08.01.00.312.086
03-12 14:04:18.562 28336 28375 I Adreno  : Remote Branch                    : NONE
03-12 14:04:18.562 28336 28375 I Adreno  : Reconstruct Branch               : NOTHING
03-12 14:04:18.564 28336 28375 D vndksupport: Loading /vendor/lib/hw/gralloc.msm8937.so from current namespace instead of sphal namespace.
03-12 14:04:18.566 16880 16880 D AndroidRuntime: Shutting down VM
03-12 14:04:18.568 28336 28375 I Adreno  : PFP: 0x005ff087, ME: 0x005ff063
03-12 14:04:18.571 28336 28375 I zygote  : android::hardware::configstore::V1_0::ISurfaceFlingerConfigs::hasWideColorDisplay retrieved: 0
03-12 14:04:18.572 28336 28375 I OpenGLRenderer: Initialized EGL, version 1.4
03-12 14:04:18.572 28336 28375 D OpenGLRenderer: Swap behavior 2
03-12 14:04:18.581  2748  2748 D Launcher.Utilities: Wakeup weather: Intent { act=com.motorola.launcher3.action.WAKEUP_WEATHER cmp=com.motorola.timeweatherwidget/com.motorola.commandcenter.weather.WakeUpService }
03-12 14:04:18.597  1456  1456 I NotificationService: Cannot find enqueued record for key: 0|com.motorola.timeweatherwidget|1|null|10116
03-12 14:04:18.601   808   808 D SurfaceFlinger: duplicate layer name: changing com.android.launcher3/com.android.launcher3.CustomizationPanelLauncher to com.android.launcher3/com.android.launcher3.CustomizationPanelLauncher#1
03-12 14:04:18.608 28336 28336 W ThreadPoolDumper: Queue length for executor EventBus is now 11. Perhaps some tasks are too long, or the pool is too small.
03-12 14:04:18.616  1456  2236 I WifiService: getWifiEnabledState uid=10073
03-12 14:04:18.632  1456  2236 I WifiService: getWifiEnabledState uid=10073
03-12 14:04:18.643 28336 28379 I DEBUG   : OpaToSrpTransitionState#onStateChanged#notNullQuery
03-12 14:04:18.644 28336 28379 I DEBUG   : OpaToSrpTransitionState#onStateChanged#notNullQuery
03-12 14:04:18.666 28336 28379 I MicroDetectionState: Should stop hotword detection immediately - false
03-12 14:04:18.669 28336 28379 I MicroDetectionWorker: #startMicroDetector [speakerMode: 0]
03-12 14:04:18.672 28336 28379 I AudioController: Created new AudioSource
03-12 14:04:18.697  1456  1673 I LaunchCheckinHandler: Displayed com.android.launcher3/.CustomizationPanelLauncher,wp,wa,154
03-12 14:04:18.698 28336 28366 I MicroDataManager: isInitializedWithLatestParams-true
03-12 14:04:18.698 28336 28366 I MicroDataManager: isInitializing-false locale not changed-true model not changed-true
03-12 14:04:18.698 28336 28366 I MicroDataManager: Already initialized, obtaining the hotword data immediately.
03-12 14:04:18.703 28336 28413 I MicroRecognitionRunner: Starting detection.
03-12 14:04:18.703 28336 28413 I InputStreamUtils: Using micInputStream
03-12 14:04:18.704 28336 15397 I MicrophoneInputStream: mic_starting  SR : 16000 CC : 16 SO : 1999
03-12 14:04:18.711   788   788 V msm8974_platform: platform_check_input_mask: enter check_input_mask source 6 mask 10
03-12 14:04:18.713  1012 16894 I AudioFlinger: AudioFlinger's thread 0xb2483f40 tid=16894 ready to run
03-12 14:04:18.718   788  1479 D audio_hw_primary: in_set_parameters: enter: kvpairs=input_source=6;routing=-2147483644
03-12 14:04:18.719  1012 11031 D APM_AudioPolicyManager: AudioPolicyManager::startInput() input 196998, session 197105, source = 1999
03-12 14:04:18.719 28336 15397 I MicrophoneInputStream: mic_started  SR : 16000 CC : 16 SO : 1999
03-12 14:04:18.721   788 16895 V msm8974_platform: platform_update_usecase_from_source: input source :6
03-12 14:04:18.721   788 16895 V msm8974_platform: platform_check_input_mask: enter check_input_mask source 6 mask 10
03-12 14:04:18.721   788 16895 V msm8974_platform: platform_get_input_snd_device: enter: out_device(0) in_device(0x4) channel_count (1) channel_mask (0x10)
03-12 14:04:18.721   788 16895 V msm8974_platform: platform_get_input_snd_device: exit: in_snd_device(voice-rec-mic)
03-12 14:04:18.721   788 16895 V msm8974_platform: platform_get_backend_index:napb: backend port - 5 device - 120 
03-12 14:04:18.721   788 16895 V msm8974_platform: platform_check_and_set_capture_backend_cfg:txbecf: afe: bitwidth 0, samplerate 0, channel 1, backend_idx 5 usecase = 9 device (voice-rec-mic)
03-12 14:04:18.722   788 16895 V msm8974_platform: platform_check_capture_backend_cfg:txbecf: afe: Codec selected backend: 5 current bit width: 0 and sample rate: 0, channels 1
03-12 14:04:18.722   788 16895 V msm8974_platform: platform_check_capture_backend_cfg:txbecf: afe: Codec selected backend: 5 updated bit width: 0 and sample rate: 0
03-12 14:04:18.722   788 16895 I msm8974_platform: platform_check_capture_backend_cfg:txbecf: afe: Codec backend needs to be updated. new bit width: 0 new sample rate: 0 new channel: 1
03-12 14:04:18.722   788 16895 V msm8974_platform: platform_get_backend_index:napb: backend port - 5 device - 120 
03-12 14:04:18.722   788 16895 V msm8974_platform: platform_set_backend_cfg:becf: afe: bitwidth 0, samplerate 0 channels 1, backend_idx 5 device (voice-rec-mic)
03-12 14:04:18.722   788 16895 E msm8974_platform: platform_set_backend_cfg:becf: afe: Could not get ctl for mixer command - SLIM_0_TX Format
03-12 14:04:18.722   788 16895 V msm8974_platform: platform_send_audio_calibration: sending audio calibration for snd_device(120) acdb_id(62)
03-12 14:04:18.722   788 16895 D ACDB-LOADER: ACDB -> send_audio_cal, acdb_id = 62, path = 1, app id = 0x11130, sample rate = 48000
03-12 14:04:18.722   788 16895 D ACDB-LOADER: ACDB -> send_asm_topology
03-12 14:04:18.723   788 16895 D ACDB-LOADER: ACDB -> ACDB_CMD_GET_AUDPROC_STREAM_TOPOLOGY_ID
03-12 14:04:18.723   788 16895 D ACDB-LOADER: ACDB -> send_adm_topology
03-12 14:04:18.723   788 16895 D ACDB-LOADER: ACDB -> ACDB_CMD_GET_AUDPROC_COMMON_TOPOLOGY_ID
03-12 14:04:18.723   788 16895 D ACDB-LOADER: ACDB -> send_audtable
03-12 14:04:18.723   788 16895 D ACDB-LOADER: ACDB -> ACDB_CMD_GET_AUDPROC_COMMON_TABLE_SIZE
03-12 14:04:18.723   788 16895 D ACDB-LOADER: ACDB -> ACDB_CMD_GET_AUDPROC_COMMON_TABLE
03-12 14:04:18.723   788 16895 D ACDB-LOADER: ACDB -> AUDIO_SET_AUDPROC_CAL
03-12 14:04:18.723   788 16895 D ACDB-LOADER: ACDB -> send_audvoltable
03-12 14:04:18.723   788 16895 D ACDB-LOADER: ACDB -> ACDB_CMD_GET_AUDPROC_VOL_STEP_TABLE_SIZE
03-12 14:04:18.723   788 16895 D ACDB-LOADER: ACDB -> ACDB_CMD_GET_AUDPROC_GAIN_DEP_STEP_TABLE, vol index 0
03-12 14:04:18.723   788 16895 D         : Failed to fetch the lookup information of the device 0000003E 
03-12 14:04:18.723   788 16895 D ACDB-LOADER: ACDB -> AUDIO_SET_VOL_CAL cal type = 12
03-12 14:04:18.723   788 16895 D ACDB-LOADER: ACDB -> ACDB_CMD_GET_AUDPROC_STREAM_TABLE_SIZE
03-12 14:04:18.724   788 16895 D ACDB-LOADER: ACDB -> send_audstrmtable
03-12 14:04:18.724   788 16895 D ACDB-LOADER: ACDB -> ACDB_CMD_GET_AUDPROC_STREAM_TABLE_V2
03-12 14:04:18.724   788 16895 D ACDB-LOADER: ACDB -> audstrm_cal->cal_type.cal_data.cal_size = 456
03-12 14:04:18.724   788 16895 D ACDB-LOADER: ACDB -> send_afe_topology
03-12 14:04:18.724   788 16895 D ACDB-LOADER: ACDB -> ACDB_CMD_GET_AFE_TOPOLOGY_ID
03-12 14:04:18.724   788 16895 D ACDB-LOADER: ACDB -> GET_AFE_TOPOLOGY_ID for adcd_id 62, Topology Id 112fb
03-12 14:04:18.724   788 16895 D ACDB-LOADER: ACDB -> send_afe_cal
03-12 14:04:18.724   788 16895 D ACDB-LOADER: ACDB -> ACDB_CMD_GET_AFE_COMMON_TABLE_SIZE
03-12 14:04:18.724   788 16895 D         : Failed to fetch the lookup information of the device 0000003E 
03-12 14:04:18.724   788 16895 E ACDB-LOADER: Error: ACDB_CMD_GET_AFE_COMMON_TABLE_SIZE Returned = -19
03-12 14:04:18.724   788 16895 D ACDB-LOADER: ACDB -> ACDB_CMD_GET_AFE_COMMON_TABLE
03-12 14:04:18.724   788 16895 D         : Failed to fetch the lookup information of the device 0000003E 
03-12 14:04:18.724   788 16895 D ACDB-LOADER: ACDB -> AUDIO_SET_AFE_CAL
03-12 14:04:18.724   788 16895 D ACDB-LOADER: ACDB -> send_hw_delay : acdb_id = 62 path = 1
03-12 14:04:18.724   788 16895 D ACDB-LOADER: ACDB -> ACDB_AVSYNC_INFO: ACDB_CMD_GET_DEVICE_PROPERTY
03-12 14:04:18.724   788 16895 D audio_hw_primary: enable_snd_device: snd_device(120: voice-rec-mic)
03-12 14:04:18.725   788 16895 D audio_route: Apply path: voice-rec-mic
03-12 14:04:18.728   788 16895 V msm8974_platform: platform_get_snd_device_backend_index: enter with device 120
03-12 14:04:18.728   788 16895 E msm8974_platform: platform_get_snd_device_backend_index: BE DAI Name Table is not present
03-12 14:04:18.728   788 16895 V msm8974_platform: platform_get_backend_index:napb: backend port - 5 device - 120 
03-12 14:04:18.728   788 16895 I audio_hw_utils: Set Audio Stream Capture 0 App Type Cfg: app_type 69936, acdb_dev_id 62, sample_rate 48000, snd_device_be_idx -14
03-12 14:04:18.728   788 16895 D audio_hw_primary: enable_audio_route: usecase(9) apply and update mixer path: audio-record
03-12 14:04:18.728   788 16895 D audio_route: Apply path: audio-record
03-12 14:04:18.797 28336 28379 I MicroDetectionWorker: onReady
03-12 14:04:18.806  2146  2165 I zygote  : NativeAlloc concurrent copying GC freed 21567(1141KB) AllocSpace objects, 0(0B) LOS objects, 50% free, 7MB/15MB, paused 124us total 100.633ms
03-12 14:04:19.108  1456  7796 I OpenGLRenderer: Initialized EGL, version 1.4
03-12 14:04:19.108  1456  7796 D OpenGLRenderer: Swap behavior 2
03-12 14:04:19.155  2748  2917 W OpenGLRenderer: Incorrectly called buildLayer on View: ShortcutAndWidgetContainer, destroying layer...
03-12 14:04:19.251 16681 16835 I chatty  : uid=11093(org.mozilla.fennec_aurora) expire 1 line
03-12 14:04:19.288   808   898 I SFPerfTracer:      triggers: (rate: 0:1) (0 sw vsyncs) (0 skipped) (37:5051378 vsyncs) (39:11294501)
03-12 14:04:19.452  1456  1466 I zygote  : NativeAlloc concurrent copying GC freed 76407(6MB) AllocSpace objects, 26(904KB) LOS objects, 37% free, 39MB/63MB, paused 190us total 343.810ms
03-12 14:04:23.716  1456  4250 I ActivityManager: Force stopping org.mozilla.fennec_aurora appid=11093 user=0: from pid 16900
03-12 14:04:23.716  1456  4250 I ActivityManager: Killing 16681:org.mozilla.fennec_aurora/u0a1093 (adj 700): stop org.mozilla.fennec_aurora
03-12 14:04:23.718  1456  1605 W zygote  : kill(-16681, 9) failed: No such process
03-12 14:04:23.720  1456  4250 W ActivityManager: Force removing ActivityRecord{fb4894c u0 org.mozilla.fennec_aurora/org.mozilla.fenix.HomeActivity t34630}: app died, no saved state
03-12 14:04:23.732  1456  1605 W zygote  : kill(-16681, 9) failed: No such process
03-12 14:04:23.737  1456  4250 I ActivityManager: Killing 16766:org.mozilla.fennec_aurora:tab0/u0a1093 (adj 0): stop org.mozilla.fennec_aurora
03-12 14:04:23.747  1456  1605 W zygote  : kill(-16681, 9) failed: No such process
03-12 14:04:23.750  2398  2398 D CarrierSvcBindHelper: No carrier app for: 0
03-12 14:04:23.750  2398  2398 D CarrierSvcBindHelper: No carrier app for: 1
03-12 14:04:23.760  1456  1605 W zygote  : kill(-16681, 9) failed: No such process
03-12 14:04:23.783  1456  1673 W ActivityManager: setHasOverlayUi called on unknown pid: 16681
03-12 14:04:23.791  1456  1605 W zygote  : kill(-16681, 9) failed: No such process
03-12 14:04:23.792  1456  1605 I zygote  : Successfully killed process cgroup uid 11093 pid 16681 in 73ms
03-12 14:04:23.792  1456  1605 W zygote  : kill(-16766, 9) failed: No such process
03-12 14:04:23.792  1456  1605 I zygote  : Successfully killed process cgroup uid 11093 pid 16766 in 0ms
03-12 14:04:23.844  1456  6339 I ActivityManager: START u0 {act=android.intent.action.MAIN cat=[android.intent.category.LAUNCHER] flg=0x10000000 cmp=org.mozilla.fennec_aurora/.App} from uid 2000
03-12 14:04:23.845   794   839 E ANDR-PERF-RESOURCEQS: Failed to apply optimization [4, 0]
03-12 14:04:23.864  1456  7570 I ActivityManager: Start proc 16907:org.mozilla.fennec_aurora/u0a1093 for activity org.mozilla.fennec_aurora/.App
03-12 14:04:23.955 28336 28379 I MicroDetectionState: Should stop hotword detection immediately - false
03-12 14:04:23.955 28336 28379 I MicroDetector: Keeping mic open: false
03-12 14:04:23.955 28336 28379 I RecognitionAudioControl: #shutdownAudio [requestId: 8155405255674346726, keepAudioOpen: false, forced: true]
03-12 14:04:23.955 28336 28373 E DeviceStateChecker: DeviceStateChecker cancelled
03-12 14:04:23.955 28336 28379 I RecognitionAudioControl: #internalShutdownAudio [requestId: 8155405255674346726]
03-12 14:04:23.956 28336 28379 I RecognitionAudioControl: #internalShutdownAudio [keepAudioOpen: false, forced: true]
03-12 14:04:23.956 28336 28379 I RecognitionAudioControl: #actualShutdownAudio
03-12 14:04:23.956 28336 28379 I AudioController: #shutdown [requestId=8155405255674346726]
03-12 14:04:23.956 28336 28380 I AudioController: internalShutdown
03-12 14:04:23.956 28336 28374 I MicroRecognitionRunner: Stopping hotword detection.
03-12 14:04:23.998   788  1479 D audio_hw_primary: disable_audio_route: usecase(9) reset and update mixer path: audio-record
03-12 14:04:23.999   788  1479 D audio_hw_primary: disable_snd_device: snd_device(120: voice-rec-mic)
03-12 14:04:24.001  1012 11919 D APM_AudioPolicyManager: stopInput() input 196998, session 197105
03-12 14:04:24.001   788   788 D audio_hw_primary: in_set_parameters: enter: kvpairs=routing=0
03-12 14:04:24.003 28336 28380 I MicrophoneInputStream: mic_close  SR : 16000 CC : 16 SO : 1999
03-12 14:04:24.004 28336 28380 E AudioSource: Stop listening is called on already closed AudioSource
03-12 14:04:24.005 28336 28413 I MicroRecognitionRunner: Detection finished
03-12 14:04:24.022 16907 16907 I chatty  : uid=11093(org.mozilla.fennec_aurora) expire 8 lines
03-12 14:04:24.096 16907 16926 I chatty  : uid=11093(org.mozilla.fennec_aurora) expire 4 lines
03-12 14:04:24.115 16907 16907 I chatty  : uid=11093(org.mozilla.fennec_aurora) expire 46 lines
03-12 14:04:24.116  1456  4250 D ConnectivityService: requestNetwork for uid/pid:11093/16907 NetworkRequest [ TRACK_DEFAULT id=30537, [ Capabilities: INTERNET&NOT_RESTRICTED&TRUSTED&NOT_VPN] ]
03-12 14:04:24.118  1456  2099 D Ethernet: got request NetworkRequest [ TRACK_DEFAULT id=30537, [ Capabilities: INTERNET&NOT_RESTRICTED&TRUSTED&NOT_VPN] ] with score 0
03-12 14:04:24.118  1456  2054 D WIFI_UT : got request NetworkRequest [ TRACK_DEFAULT id=30537, [ Capabilities: INTERNET&NOT_RESTRICTED&TRUSTED&NOT_VPN] ] with score 0
03-12 14:04:24.118  1456  2054 D WIFI    : got request NetworkRequest [ TRACK_DEFAULT id=30537, [ Capabilities: INTERNET&NOT_RESTRICTED&TRUSTED&NOT_VPN] ] with score 0
03-12 14:04:24.120  2398  2398 D PhoneSwitcherNetworkRequstListener: got request NetworkRequest [ TRACK_DEFAULT id=30537, [ Capabilities: INTERNET&NOT_RESTRICTED&TRUSTED&NOT_VPN] ] with score 0
03-12 14:04:24.125 16907 16937 I chatty  : uid=11093(org.mozilla.fennec_aurora) expire 15 lines
03-12 14:04:24.144 16907 16936 I chatty  : uid=11093(org.mozilla.fennec_aurora) expire 17 lines
03-12 14:04:24.189 16907 16943 I chatty  : uid=11093(org.mozilla.fennec_aurora) expire 27 lines
03-12 14:04:24.279 16907 16948 I chatty  : uid=11093(org.mozilla.fennec_aurora) expire 1 line
03-12 14:04:24.283 16907 16952 I chatty  : uid=11093(org.mozilla.fennec_aurora) expire 10 lines
03-12 14:04:24.328  1456  4250 I ActivityManager: START u0 {act=android.intent.action.MAIN cat=[android.intent.category.LAUNCHER] flg=0x10000000 cmp=org.mozilla.fennec_aurora/org.mozilla.fenix.HomeActivity (has extras)} from uid 11093
03-12 14:04:24.350 16907 16912 I chatty  : uid=11093(org.mozilla.fennec_aurora) expire 8 lines
03-12 14:04:24.355   808   808 D SurfaceFlinger: duplicate layer name: changing Splash Screen org.mozilla.fennec_aurora to Splash Screen org.mozilla.fennec_aurora#1
03-12 14:04:24.657 16907 16907 E ActivityThread: Failed to find provider info for org.mozilla.firefox_beta.fxa.auth
03-12 14:04:24.658 16907 16907 E ActivityThread: Failed to find provider info for org.mozilla.fennec_aurora.fxa.auth
03-12 14:04:24.696  1456  6339 I ActivityManager: Start proc 16994:org.mozilla.fennec_aurora:tab0/u0a1093 for service org.mozilla.fennec_aurora/org.mozilla.gecko.process.GeckoChildProcessServices$tab0
03-12 14:04:24.754 16907 17011 I chatty  : uid=11093(org.mozilla.fennec_aurora) expire 9 lines
03-12 14:04:24.789   808   808 I SFPerfTracer:      triggers: (rate: 71:2001181) (compose: 0:7) (post: 0:19) (render: 0:17) (16:9148381 frames) (17:11223497)
03-12 14:04:24.789   808   808 D SFPerfTracer:        layers: (3:14) (NavigationBar#0 (0xb07df000): 0:710081) (StatusBar#0 (0xb07e3000): 0:1835083) (com.android.systemui.ImageWallpaper#0 (0xb07e7000): 0:63606)* (Sprite#0 (0xb0733000): 0:317)* (DimLayerController/Stack=0#0 (0xb075a000): 0:3780)* (Sprite#1 (0xb077c000): 0:195)* (com.android.launcher3/com.android.launcher3.CustomizationPanelLauncher#0 (0xb0763000): 0:38)- (com.android.launcher3/com.android.launcher3.CustomizationPanelLauncher#1 (0xb0771000): 0:9)- (Splash Screen org.mozilla.fennec_aurora#1 (0xb013a000): 0:30)- (org.mozilla.fennec_aurora/org.mozilla.fenix.HomeActivity#0 (0xb039b000): 0:47)- (com.android.launcher3/com.android.launcher3.CustomizationPanelLauncher#0 (0xb0763000): 0:39)* (com.android.launcher3/com.android.launcher3.CustomizationPanelLauncher#1 (0xb0771000): 0:9)* (Splash Screen org.mozilla.fennec_aurora#0 (0xb039b000): 0:19)- (Splash Screen org.mozilla.fennec_aurora#1 (0xb013a000): 16:19) 
03-12 14:04:24.826 16994 16994 I chatty  : uid=11093(org.mozilla.fennec_aurora) expire 2 lines
03-12 14:04:24.826 16994 17015 I chatty  : uid=11093(org.mozilla.fennec_aurora) expire 1 line
03-12 14:04:25.105  1456  1673 I LaunchCheckinHandler: Displayed org.mozilla.fennec_aurora/org.mozilla.fenix.HomeActivity,wp,ca,732
03-12 14:04:25.106  1456  1673 I ActivityManager: Displayed org.mozilla.fennec_aurora/org.mozilla.fenix.HomeActivity: +724ms (total +1s245ms)
03-12 14:04:25.119 28336 28336 I MemoryTrimmer: Trimming objects from memory, since app is in the background.
03-12 14:04:25.127 28336 28336 I MemoryTrimmer: Trimming objects from memory, since app is in the background.
03-12 14:04:25.128 28336 15397 I PBSessionCacheImpl: Deleted sessionId[124624629806570242] from persistence.
03-12 14:04:25.133  1456  4250 I WifiService: getWifiEnabledState uid=10073
03-12 14:04:25.135 28336 28379 I DEBUG   : OpaToSrpTransitionState#onStateChanged#notNullQuery
03-12 14:04:25.136 28336 28379 I DEBUG   : OpaToSrpTransitionState#onStateChanged#notNullQuery
03-12 14:04:25.142 28336 28379 W SearchServiceCore: Abort, client detached.
03-12 14:04:25.173 16907 16907 E ActivityThread: Failed to find provider info for org.mozilla.firefox_beta.fxa.auth
03-12 14:04:25.173 16907 16907 E ActivityThread: Failed to find provider info for org.mozilla.fennec_aurora.fxa.auth
03-12 14:04:25.456 16907 17035 I chatty  : uid=11093(org.mozilla.fennec_aurora) expire 2 lines
03-12 14:04:25.597  1023 17041 D libc    : Internal error: netid(0), id(0x1753), server(0.0.0.0)
03-12 14:04:25.598  1023 17041 D libc    : Internal error: netid(0), id(0x1753), server(0.0.0.0)
03-12 14:04:25.598  1023 17041 D libc    : Internal error: netid(0), id(0x9a7a), server(0.0.0.0)
03-12 14:04:25.598  1023 17041 D libc    : Internal error: netid(0), id(0x9a7a), server(0.0.0.0)
03-12 14:04:25.612  1023 17050 D libc    : Internal error: netid(0), id(0x412b), server(0.0.0.0)
03-12 14:04:25.613  1023 17050 D libc    : Internal error: netid(0), id(0x412b), server(0.0.0.0)
03-12 14:04:25.613  1023 17050 D libc    : Internal error: netid(0), id(0xc136), server(0.0.0.0)
03-12 14:04:25.613  1023 17050 D libc    : Internal error: netid(0), id(0xc136), server(0.0.0.0)
03-12 14:04:25.615  1023 17052 D libc    : Internal error: netid(0), id(0x2628), server(0.0.0.0)
03-12 14:04:25.616  1023 17052 D libc    : Internal error: netid(0), id(0x2628), server(0.0.0.0)
03-12 14:04:25.616  1023 17052 D libc    : Internal error: netid(0), id(0x7603), server(0.0.0.0)
03-12 14:04:25.616  1023 17052 D libc    : Internal error: netid(0), id(0x7603), server(0.0.0.0)
03-12 14:04:25.620 16907 16958 I chatty  : uid=11093(org.mozilla.fennec_aurora) expire 1 line
03-12 14:04:25.620 16907 16957 I chatty  : uid=11093(org.mozilla.fennec_aurora) expire 1 line
03-12 14:04:25.650  1023 17063 D libc    : Internal error: netid(0), id(0x1b4e), server(0.0.0.0)
03-12 14:04:25.650  1023 17063 D libc    : Internal error: netid(0), id(0x1b4e), server(0.0.0.0)
03-12 14:04:25.650  1023 17063 D libc    : Internal error: netid(0), id(0x476b), server(0.0.0.0)
03-12 14:04:25.651  1023 17063 D libc    : Internal error: netid(0), id(0x476b), server(0.0.0.0)
03-12 14:04:25.652  1023 17067 D libc    : Internal error: netid(0), id(0x6d47), server(0.0.0.0)
03-12 14:04:25.652  1023 17067 D libc    : Internal error: netid(0), id(0x6d47), server(0.0.0.0)
03-12 14:04:25.652  1023 17067 D libc    : Internal error: netid(0), id(0xe030), server(0.0.0.0)
03-12 14:04:25.652  1023 17067 D libc    : Internal error: netid(0), id(0xe030), server(0.0.0.0)
03-12 14:04:25.654  1023 17070 D libc    : Internal error: netid(0), id(0xf661), server(0.0.0.0)
03-12 14:04:25.654  1023 17070 D libc    : Internal error: netid(0), id(0xf661), server(0.0.0.0)
03-12 14:04:25.655  1023 17070 D libc    : Internal error: netid(0), id(0x371b), server(0.0.0.0)
03-12 14:04:25.655  1023 17070 D libc    : Internal error: netid(0), id(0x371b), server(0.0.0.0)
03-12 14:04:27.123  2398  2398 D QtiCarrierConfigHelper: WARNING, no carrier configs on phone Id: 0
03-12 14:04:29.504 17108 17108 D AndroidRuntime: >>>>>> START com.android.internal.os.RuntimeInit uid 2000 <<<<<<
03-12 14:04:29.517 17108 17108 W app_process: Could not reserve sentinel fault page
03-12 14:04:29.684 17108 17108 I app_process: The ClassLoaderContext is a special shared library.
03-12 14:04:29.753 17108 17108 D AndroidRuntime: Calling main entry com.android.commands.input.Input
03-12 14:04:29.754 17108 17108 I Input   : injectKeyEvent: KeyEvent { action=ACTION_DOWN, keyCode=KEYCODE_HOME, scanCode=0, metaState=0, flags=0x0, repeatCount=0, eventTime=16112325034, downTime=16112325034, deviceId=-1, source=0x101 }
03-12 14:04:29.761 17108 17108 I Input   : injectKeyEvent: KeyEvent { action=ACTION_UP, keyCode=KEYCODE_HOME, scanCode=0, metaState=0, flags=0x0, repeatCount=0, eventTime=16112325034, downTime=16112325034, deviceId=-1, source=0x101 }
03-12 14:04:29.767  1456  1941 I ActivityManager: START u0 {act=android.intent.action.MAIN cat=[android.intent.category.HOME] flg=0x10200000 cmp=com.android.launcher3/.CustomizationPanelLauncher (has extras)} from uid 1000
03-12 14:04:29.768   794   839 E ANDR-PERF-RESOURCEQS: Failed to apply optimization [4, 0]
03-12 14:04:29.779  1456  1941 I ActivityManager: moveHomeStack, setupComplete:true
03-12 14:04:29.787 28336 28375 I Adreno  : QUALCOMM build                   : bb5b86c, I77d3059488
03-12 14:04:29.787 28336 28375 I Adreno  : Build Date                       : 06/07/18
03-12 14:04:29.787 28336 28375 I Adreno  : OpenGL ES Shader Compiler Version: EV031.22.00.01_06
03-12 14:04:29.787 28336 28375 I Adreno  : Local Branch                     : 
03-12 14:04:29.787 28336 28375 I Adreno  : Remote Branch                    : refs/tags/AU_LINUX_ANDROID_LA.UM.6.5.R1.08.01.00.312.086
