07-06 15:51:58.095 31337 31455 I chatty  : uid=10397(org.mozilla.fennec_aurora) expire 9 lines
07-06 15:51:58.102  1694 11817 D ConnectivityService: requestNetwork for uid/pid:10397/31337 NetworkRequest [ TRACK_DEFAULT id=6884, [ Capabilities: INTERNET&NOT_RESTRICTED&TRUSTED&NOT_VPN] ]
07-06 15:51:58.103  1694  2184 D WIFI_UT : got request NetworkRequest [ TRACK_DEFAULT id=6884, [ Capabilities: INTERNET&NOT_RESTRICTED&TRUSTED&NOT_VPN] ] with score 60
07-06 15:51:58.104  1694  2292 D Ethernet: got request NetworkRequest [ TRACK_DEFAULT id=6884, [ Capabilities: INTERNET&NOT_RESTRICTED&TRUSTED&NOT_VPN] ] with score 60
07-06 15:51:58.104  1694  2184 D WIFI    : got request NetworkRequest [ TRACK_DEFAULT id=6884, [ Capabilities: INTERNET&NOT_RESTRICTED&TRUSTED&NOT_VPN] ] with score 60
07-06 15:51:58.104  2477  2477 D PhoneSwitcherNetworkRequstListener: got request NetworkRequest [ TRACK_DEFAULT id=6884, [ Capabilities: INTERNET&NOT_RESTRICTED&TRUSTED&NOT_VPN] ] with score 60
07-06 15:51:58.113  1694 11817 I WifiService: getDhcpInfo uid=10397
07-06 15:51:58.262  1694  2353 I ActivityManager: Displayed org.mozilla.fennec_aurora/org.mozilla.fenix.HomeActivity: +488ms (total +920ms)
07-06 15:51:58.262  1694  2353 I ActivityManager: Fully drawn org.mozilla.fennec_aurora/org.mozilla.fenix.HomeActivity: +488ms (total +920ms)
07-06 15:51:58.273 31337 31463 I chatty  : uid=10397(org.mozilla.fennec_aurora) expire 5 lines
07-06 15:51:58.290  1694  1811 I LaunchCheckinHandler: Displayed org.mozilla.fennec_aurora/org.mozilla.fenix.HomeActivity,wp,ca,516
07-06 15:51:58.291 22780 22780 I GoogleInputMethodService: GoogleInputMethodService.onFinishInput():3138 
07-06 15:51:58.291 22780 22780 I GoogleInputMethodService: GoogleInputMethodService.onStartInput():1808 
07-06 15:51:58.304  8504  8504 I MemoryTrimmer: Trimming objects from memory, since app is in the background.
07-06 15:51:58.309  8504  8504 I MemoryTrimmer: Trimming objects from memory, since app is in the background.
07-06 15:51:58.310  8504 27282 I PBSessionCacheImpl: Deleted sessionId[37402581481862077] from persistence.
07-06 15:51:58.314  1694 11817 I WifiService: getWifiEnabledState uid=10077
07-06 15:51:58.317  8504  8532 W SearchServiceCore: Abort, client detached.
07-06 15:51:58.318  8504  8532 I StreamController: cleanUpControllerScope(nowcards-15-5fcec936-9cb0)
07-06 15:51:58.339 31337 31465 I chatty  : uid=10397(org.mozilla.fennec_aurora) expire 1 line
07-06 15:51:58.341 31337 31466 I chatty  : uid=10397(org.mozilla.fennec_aurora) expire 1 line
07-06 15:51:58.868 31337 31360 I chatty  : uid=10397(org.mozilla.fennec_aurora) expire 2 lines
07-06 15:51:58.872  1694  2214 D ConnectivityService: releasing NetworkRequest [ TRACK_DEFAULT id=6884, [ Capabilities: INTERNET&NOT_RESTRICTED&TRUSTED&NOT_VPN] ] (release request)
07-06 15:51:58.920 31337 31488 I chatty  : uid=10397(org.mozilla.fennec_aurora) expire 1 line
07-06 15:51:58.994 31337 31406 I chatty  : uid=10397(org.mozilla.fennec_aurora) expire 26 lines
07-06 15:52:02.789 31515 31515 D AndroidRuntime: >>>>>> START com.android.internal.os.RuntimeInit uid 2000 <<<<<<
07-06 15:52:02.798 31515 31515 W app_process: Could not reserve sentinel fault page
07-06 15:52:02.922 31515 31515 I app_process: The ClassLoaderContext is a special shared library.
07-06 15:52:02.970 31515 31515 D AndroidRuntime: Calling main entry com.android.commands.input.Input
07-06 15:52:02.970 31515 31523 E SchedPolicy: open of /dev/cpuctl/bg_non_interactive/tasks failed: No such file or directory
07-06 15:52:02.971 31515 31515 I Input   : injectKeyEvent: KeyEvent { action=ACTION_DOWN, keyCode=KEYCODE_HOME, scanCode=0, metaState=0, flags=0x0, repeatCount=0, eventTime=853584197, downTime=853584197, deviceId=-1, source=0x101 }
07-06 15:52:02.974   875   919 E ANDR-PERF-MPCTL: Invalid profile no. 0, total profiles 0 only
07-06 15:52:02.975 31515 31515 I Input   : injectKeyEvent: KeyEvent { action=ACTION_UP, keyCode=KEYCODE_HOME, scanCode=0, metaState=0, flags=0x0, repeatCount=0, eventTime=853584197, downTime=853584197, deviceId=-1, source=0x101 }
07-06 15:52:02.980  1694  2137 I ActivityManager: START u0 {act=android.intent.action.MAIN cat=[android.intent.category.HOME] flg=0x10200000 cmp=com.android.launcher3/.CustomizationPanelLauncher (has extras)} from uid 1000
07-06 15:52:02.985 31515 31515 D AndroidRuntime: Shutting down VM
07-06 15:52:02.993  1694  2498 I ActivityManager: moveHomeStack, setupComplete:true
07-06 15:52:02.998  8504 22976 I Adreno  : QUALCOMM build                   : 908a5ce, I77d3059488
07-06 15:52:02.998  8504 22976 I Adreno  : Build Date                       : 06/07/18
07-06 15:52:02.998  8504 22976 I Adreno  : OpenGL ES Shader Compiler Version: EV031.22.00.01_06
07-06 15:52:02.998  8504 22976 I Adreno  : Local Branch                     : 
07-06 15:52:02.998  8504 22976 I Adreno  : Remote Branch                    : refs/tags/AU_LINUX_ANDROID_LA.UM.6.5.R1.08.01.00.312.086
07-06 15:52:02.998  8504 22976 I Adreno  : Remote Branch                    : NONE
07-06 15:52:02.998  8504 22976 I Adreno  : Reconstruct Branch               : NOTHING
07-06 15:52:03.001  8504 22976 D vndksupport: Loading /vendor/lib/hw/gralloc.msm8953.so from current namespace instead of sphal namespace.
07-06 15:52:03.003  8504 22976 I Adreno  : PFP: 0x005ff087, ME: 0x005ff063
07-06 15:52:03.007  8504 22976 I zygote  : android::hardware::configstore::V1_0::ISurfaceFlingerConfigs::hasWideColorDisplay retrieved: 0
07-06 15:52:03.007  8504 22976 I OpenGLRenderer: Initialized EGL, version 1.4
07-06 15:52:03.008  8504 22976 D OpenGLRenderer: Swap behavior 2
07-06 15:52:03.008 27103 27103 D Launcher.Utilities: Wakeup weather: Intent { act=com.motorola.launcher3.action.WAKEUP_WEATHER cmp=com.motorola.timeweatherwidget/com.motorola.commandcenter.weather.WakeUpService }
07-06 15:52:03.021  1694  1694 I NotificationService: Cannot find enqueued record for key: 0|com.motorola.timeweatherwidget|1|null|10122
07-06 15:52:03.021   890   890 D SurfaceFlinger: duplicate layer name: changing com.android.launcher3/com.android.launcher3.CustomizationPanelLauncher to com.android.launcher3/com.android.launcher3.CustomizationPanelLauncher#1
07-06 15:52:03.032 22780 22780 I GoogleInputMethodService: GoogleInputMethodService.onFinishInput():3138 
07-06 15:52:03.032 22780 22780 I GoogleInputMethodService: GoogleInputMethodService.onStartInput():1808 
07-06 15:52:03.038  1694  2353 I WifiService: getWifiEnabledState uid=10077
07-06 15:52:03.041  8504  8532 W ThreadPoolDumper: Queue length for executor EventBus is now 11. Perhaps some tasks are too long, or the pool is too small.
07-06 15:52:03.045  1694  2353 I WifiService: getWifiEnabledState uid=10077
07-06 15:52:03.059  8504  8532 I StreamController: registerScope: nowcards-15-5fcec936-9cb0
07-06 15:52:03.082  1694  1811 I LaunchCheckinHandler: Displayed com.android.launcher3/.CustomizationPanelLauncher,wp,wa,102
07-06 15:52:03.101  8504  8533 E MDD     : DownloadProgressMonitor: Can't find file group for uri: android://com.google.android.googlequicksearchbox/files/sharedminusonemodule/shared/SharedMinusOneData.pb.tmp
07-06 15:52:03.106  8504  8504 I BgTaskExecutorImpl: Starting EXCLUSIVE background task TNG_MINUS_ONE_SYNC.
07-06 15:52:03.110  8504  8532 I TngMinusOneSync: Syncing TNG:-1
07-06 15:52:03.120  1694 11810 I OpenGLRenderer: Initialized EGL, version 1.4
07-06 15:52:03.120  1694 11810 D OpenGLRenderer: Swap behavior 2
07-06 15:52:03.298 31337 31528 I chatty  : uid=10397(org.mozilla.fennec_aurora) expire 10 lines
07-06 15:52:03.301 22780 22819 I PeriodicStatsRunner: PeriodicStatsRunner.call():175 call()
07-06 15:52:03.302 22780 22819 I PeriodicStatsRunner: PeriodicStatsRunner.call():179 No submit PeriodicStats since input started.
07-06 15:52:03.364 31337 31536 I chatty  : uid=10397(org.mozilla.fennec_aurora) expire 1 line
07-06 15:52:03.410  1694 12349 D ConnectivityService: requestNetwork for uid/pid:10397/31337 NetworkRequest [ TRACK_DEFAULT id=6885, [ Capabilities: INTERNET&NOT_RESTRICTED&TRUSTED&NOT_VPN] ]
07-06 15:52:03.411  1694  2184 D WIFI_UT : got request NetworkRequest [ TRACK_DEFAULT id=6885, [ Capabilities: INTERNET&NOT_RESTRICTED&TRUSTED&NOT_VPN] ] with score 60
07-06 15:52:03.411  2477  2477 D PhoneSwitcherNetworkRequstListener: got request NetworkRequest [ TRACK_DEFAULT id=6885, [ Capabilities: INTERNET&NOT_RESTRICTED&TRUSTED&NOT_VPN] ] with score 60
07-06 15:52:03.411  1694  2184 D WIFI    : got request NetworkRequest [ TRACK_DEFAULT id=6885, [ Capabilities: INTERNET&NOT_RESTRICTED&TRUSTED&NOT_VPN] ] with score 60
07-06 15:52:03.412  1694  2292 D Ethernet: got request NetworkRequest [ TRACK_DEFAULT id=6885, [ Capabilities: INTERNET&NOT_RESTRICTED&TRUSTED&NOT_VPN] ] with score 60
07-06 15:52:03.417 31337 31538 I chatty  : uid=10397(org.mozilla.fennec_aurora) expire 4 lines
07-06 15:52:03.424 31337 31541 I chatty  : uid=10397(org.mozilla.fennec_aurora) expire 5 lines
07-06 15:52:03.505 31337 31538 W ActivityThread: ClassLoader.getResources: The class loader returned by Thread.getContextClassLoader() may fail for processes that host multiple applications. You should explicitly specify a context class loader. For example: Thread.setContextClassLoader(getClass().getClassLoader());
07-06 15:52:03.509 31337 31358 I chatty  : uid=10397(org.mozilla.fennec_aurora) expire 1 line
07-06 15:52:03.550 27103 30814 W OpenGLRenderer: Incorrectly called buildLayer on View: ShortcutAndWidgetContainer, destroying layer...
07-06 15:52:03.551 27103 30814 W OpenGLRenderer: Incorrectly called buildLayer on View: ShortcutAndWidgetContainer, destroying layer...
07-06 15:52:03.656 31337 31361 I chatty  : uid=10397(org.mozilla.fennec_aurora) expire 1 line
07-06 15:52:03.659  1694  2214 D ConnectivityService: releasing NetworkRequest [ TRACK_DEFAULT id=6885, [ Capabilities: INTERNET&NOT_RESTRICTED&TRUSTED&NOT_VPN] ] (release request)
07-06 15:52:03.686 31337 31395 I chatty  : uid=10397(org.mozilla.fennec_aurora) expire 1 line
07-06 15:52:03.714  1694 12349 D ConnectivityService: requestNetwork for uid/pid:10397/31337 NetworkRequest [ TRACK_DEFAULT id=6886, [ Capabilities: INTERNET&NOT_RESTRICTED&TRUSTED&NOT_VPN] ]
07-06 15:52:03.715  1694  2184 D WIFI_UT : got request NetworkRequest [ TRACK_DEFAULT id=6886, [ Capabilities: INTERNET&NOT_RESTRICTED&TRUSTED&NOT_VPN] ] with score 60
07-06 15:52:03.715  1694  2292 D Ethernet: got request NetworkRequest [ TRACK_DEFAULT id=6886, [ Capabilities: INTERNET&NOT_RESTRICTED&TRUSTED&NOT_VPN] ] with score 60
07-06 15:52:03.715  1694  2184 D WIFI    : got request NetworkRequest [ TRACK_DEFAULT id=6886, [ Capabilities: INTERNET&NOT_RESTRICTED&TRUSTED&NOT_VPN] ] with score 60
07-06 15:52:03.715  2477  2477 D PhoneSwitcherNetworkRequstListener: got request NetworkRequest [ TRACK_DEFAULT id=6886, [ Capabilities: INTERNET&NOT_RESTRICTED&TRUSTED&NOT_VPN] ] with score 60
07-06 15:52:03.723 31337 31542 I chatty  : uid=10397(org.mozilla.fennec_aurora) expire 9 lines
07-06 15:52:04.276 31337 31357 I chatty  : uid=10397(org.mozilla.fennec_aurora) expire 1 line
07-06 15:52:04.279  1694  2214 D ConnectivityService: releasing NetworkRequest [ TRACK_DEFAULT id=6886, [ Capabilities: INTERNET&NOT_RESTRICTED&TRUSTED&NOT_VPN] ] (release request)
07-06 15:52:08.037 22780 22819 I PeriodicStatsRunner: PeriodicStatsRunner.call():175 call()
07-06 15:52:08.038 22780 22819 I PeriodicStatsRunner: PeriodicStatsRunner.call():179 No submit PeriodicStats since input started.
07-06 15:52:08.085 31547 31548 E SchedPolicy: open of /dev/cpuctl/bg_non_interactive/tasks failed: No such file or directory
07-06 15:52:08.087  1694  2353 I ActivityManager: Force stopping org.mozilla.fennec_aurora appid=10397 user=0: from pid 31547
07-06 15:52:08.087  1694  2353 I ActivityManager: Killing 31337:org.mozilla.fennec_aurora/u0a397 (adj 700): stop org.mozilla.fennec_aurora
07-06 15:52:08.089  1694  1794 W zygote  : kill(-31337, 9) failed: No such process
07-06 15:52:08.090  1694  2353 W ActivityManager: Force removing ActivityRecord{f76a4db u0 org.mozilla.fennec_aurora/org.mozilla.fenix.HomeActivity t4759}: app died, no saved state
07-06 15:52:08.095  1694  2353 I ActivityManager: Killing 31423:org.mozilla.fennec_aurora:tab0/u0a397 (adj 0): stop org.mozilla.fennec_aurora
07-06 15:52:08.098  8361  8361 I Finsky  : [2] qyn.onTrimMemory(1): Memory trim requested to level 15
07-06 15:52:08.100 22780 22780 I AppBase : AppBase.onTrimMemory():618 onTrimMemory(): 15
07-06 15:52:08.101 22780 22780 I GoogleInputMethodService: GoogleInputMethodService.onTrimMemory():4331 onTrimMemory(): 15
07-06 15:52:08.102  1694  1794 W zygote  : kill(-31337, 9) failed: No such process
07-06 15:52:08.109  2477  2477 D CarrierSvcBindHelper: No carrier app for: 0
07-06 15:52:08.110  1694  2353 W ActivityManager: Permission Denial: Accessing service ComponentInfo{com.google.android.music/com.google.android.music.dial.DialMediaRouteProviderService} from pid=15597, uid=10038 that is not exported from uid 10116
07-06 15:52:08.116  1694  1794 W zygote  : kill(-31337, 9) failed: No such process
07-06 15:52:08.132  1694  1794 I chatty  : uid=1000(system) ActivityManager identical 1 line
07-06 15:52:08.141  1694  1811 W ActivityManager: setHasOverlayUi called on unknown pid: 31337
07-06 15:52:08.145  1694  1794 W zygote  : kill(-31337, 9) failed: No such process
07-06 15:52:08.145  1694  1794 I zygote  : Successfully killed process cgroup uid 10397 pid 31337 in 56ms
07-06 15:52:08.145  1694  1794 W zygote  : kill(-31423, 9) failed: No such process
07-06 15:52:08.145  1694  1794 I zygote  : Successfully killed process cgroup uid 10397 pid 31423 in 0ms
07-06 15:52:08.245  1694 11810 I OpenGLRenderer: Initialized EGL, version 1.4
07-06 15:52:08.245  1694 11810 D OpenGLRenderer: Swap behavior 2
07-06 15:52:08.409  2303  2325 I zygote  : NativeAlloc concurrent copying GC freed 14572(718KB) AllocSpace objects, 0(0B) LOS objects, 49% free, 11MB/22MB, paused 118us total 114.567ms
07-06 15:52:08.503  1694  1703 I zygote  : NativeAlloc concurrent copying GC freed 31868(1745KB) AllocSpace objects, 19(636KB) LOS objects, 42% free, 25MB/43MB, paused 214us total 209.163ms
07-06 15:52:09.193 31551 31552 E SchedPolicy: open of /dev/cpuctl/bg_non_interactive/tasks failed: No such file or directory
07-06 15:52:09.195   875   919 E ANDR-PERF-MPCTL: Invalid profile no. 0, total profiles 0 only
07-06 15:52:09.196  1694  5553 I ActivityManager: START u0 {act=android.intent.action.MAIN cat=[android.intent.category.LAUNCHER] flg=0x10000000 cmp=org.mozilla.fennec_aurora/.App} from uid 2000
07-06 15:52:09.213 31554 31554 E SchedPolicy: open of /dev/cpuctl/bg_non_interactive/tasks failed: No such file or directory
07-06 15:52:09.213  1694  2499 I ActivityManager: Start proc 31554:org.mozilla.fennec_aurora/u0a397 for activity org.mozilla.fennec_aurora/.App
07-06 15:52:09.215   890  1005 I SFPerfTracer:      triggers: (rate: 0:0) (81098 sw vsyncs) (0 skipped) (0:746214 vsyncs) (1:898238)
07-06 15:52:09.311 31554 31554 I chatty  : uid=10397(org.mozilla.fennec_aurora) expire 24 lines
07-06 15:52:09.331 31554 31570 I chatty  : uid=10397(org.mozilla.fennec_aurora) expire 4 lines
07-06 15:52:09.399 31554 31582 I chatty  : uid=10397(org.mozilla.fennec_aurora) expire 11 lines
07-06 15:52:09.412 31554 31581 I chatty  : uid=10397(org.mozilla.fennec_aurora) expire 11 lines
07-06 15:52:09.421 31554 31585 I chatty  : uid=10397(org.mozilla.fennec_aurora) expire 1 line
07-06 15:52:09.422 31554 31586 I chatty  : uid=10397(org.mozilla.fennec_aurora) expire 12 lines
07-06 15:52:09.458  2675  2686 I zygote  : Background concurrent copying GC freed 116078(5MB) AllocSpace objects, 44(968KB) LOS objects, 49% free, 13MB/26MB, paused 113us total 144.894ms
07-06 15:52:09.483 31554 31597 I chatty  : uid=10397(org.mozilla.fennec_aurora) expire 6 lines
07-06 15:52:09.502 31554 31584 I chatty  : uid=10397(org.mozilla.fennec_aurora) expire 2 lines
07-06 15:52:09.511 31554 31554 I chatty  : uid=10397(org.mozilla.fennec_aurora) expire 32 lines
07-06 15:52:09.515 31554 31586 I chatty  : uid=10397(org.mozilla.fennec_aurora) expire 7 lines
07-06 15:52:09.539 31554 31607 I chatty  : uid=10397(org.mozilla.fennec_aurora) expire 1 line
07-06 15:52:09.563  1694  5553 I ActivityManager: START u0 {act=android.intent.action.MAIN cat=[android.intent.category.LAUNCHER] flg=0x10000000 cmp=org.mozilla.fennec_aurora/org.mozilla.fenix.HomeActivity (has extras)} from uid 10397
07-06 15:52:09.581 31554 31559 I chatty  : uid=10397(org.mozilla.fennec_aurora) expire 8 lines
07-06 15:52:09.585   890   890 D SurfaceFlinger: duplicate layer name: changing Splash Screen org.mozilla.fennec_aurora to Splash Screen org.mozilla.fennec_aurora#1
07-06 15:52:09.603  1694  5305 I ActivityManager: Start proc 31639:org.mozilla.fennec_aurora:tab0/u0a397 for service org.mozilla.fennec_aurora/org.mozilla.gecko.process.GeckoChildProcessServices$tab0
07-06 15:52:09.604 31639 31639 E SchedPolicy: open of /dev/cpuctl/bg_non_interactive/tasks failed: No such file or directory
07-06 15:52:09.604   890   890 I SFPerfTracer:      triggers: (rate: 42:19622) (compose: 0:24) (post: 2:214) (render: 16:468) (16:453380 frames) (17:577847)
07-06 15:52:09.605   890   890 D SFPerfTracer:        layers: (3:13) (StatusBar#0 (0xae95f000): 10:178408) (com.android.systemui.ImageWallpaper#0 (0xae961000): 0:5523)* (Sprite#0 (0xac5bd000): 0:28)* (DimLayerController/Stack=0#0 (0xac748000): 0:7292)* (NavigationBar#0 (0xac5a5000): 10:17959) (animation background stackId=1#0 (0xac5c1000): 0:14)* (com.android.launcher3/com.android.launcher3.CustomizationPanelLauncher#0 (0xac0e2000): 0:8)- (com.android.launcher3/com.android.launcher3.CustomizationPanelLauncher#1 (0xac5f8000): 0:9)- (Splash Screen org.mozilla.fennec_aurora#1 (0xac589000): 0:32)- (org.mozilla.fennec_aurora/org.mozilla.fenix.HomeActivity#0 (0xac8a6000): 0:51)- (com.android.launcher3/com.android.launcher3.CustomizationPanelLauncher#0 (0xac589000): 0:8)* (com.android.launcher3/com.android.launcher3.CustomizationPanelLauncher#1 (0xac0e2000): 0:9)* (Splash Screen org.mozilla.fennec_aurora#0 (0xac8a6000): 16:19) 
07-06 15:52:09.606 31554 31629 I chatty  : uid=10397(org.mozilla.fennec_aurora) expire 1 line
07-06 15:52:09.691 31639 31639 I chatty  : uid=10397(org.mozilla.fennec_aurora) expire 2 lines
07-06 15:52:09.692 31639 31661 I chatty  : uid=10397(org.mozilla.fennec_aurora) expire 1 line
07-06 15:52:09.911 31554 31581 I chatty  : uid=10397(org.mozilla.fennec_aurora) expire 12 lines
07-06 15:52:09.929 31554 31606 I chatty  : uid=10397(org.mozilla.fennec_aurora) expire 1 line
07-06 15:52:09.934 31554 31670 I chatty  : uid=10397(org.mozilla.fennec_aurora) expire 9 lines
07-06 15:52:09.942  1694  5305 D ConnectivityService: requestNetwork for uid/pid:10397/31554 NetworkRequest [ TRACK_DEFAULT id=6887, [ Capabilities: INTERNET&NOT_RESTRICTED&TRUSTED&NOT_VPN] ]
07-06 15:52:09.943  1694  2184 D WIFI_UT : got request NetworkRequest [ TRACK_DEFAULT id=6887, [ Capabilities: INTERNET&NOT_RESTRICTED&TRUSTED&NOT_VPN] ] with score 60
07-06 15:52:09.943  1694  2184 D WIFI    : got request NetworkRequest [ TRACK_DEFAULT id=6887, [ Capabilities: INTERNET&NOT_RESTRICTED&TRUSTED&NOT_VPN] ] with score 60
07-06 15:52:09.944  1694  2292 D Ethernet: got request NetworkRequest [ TRACK_DEFAULT id=6887, [ Capabilities: INTERNET&NOT_RESTRICTED&TRUSTED&NOT_VPN] ] with score 60
07-06 15:52:09.944  2477  2477 D PhoneSwitcherNetworkRequstListener: got request NetworkRequest [ TRACK_DEFAULT id=6887, [ Capabilities: INTERNET&NOT_RESTRICTED&TRUSTED&NOT_VPN] ] with score 60
07-06 15:52:09.948  1694  5305 I WifiService: getDhcpInfo uid=10397
07-06 15:52:10.092  1694  5305 I ActivityManager: Displayed org.mozilla.fennec_aurora/org.mozilla.fenix.HomeActivity: +467ms (total +889ms)
07-06 15:52:10.092  1694  5305 I ActivityManager: Fully drawn org.mozilla.fennec_aurora/org.mozilla.fenix.HomeActivity: +467ms (total +889ms)
07-06 15:52:10.102 31554 31679 I chatty  : uid=10397(org.mozilla.fennec_aurora) expire 5 lines
07-06 15:52:10.121  1694  1811 I LaunchCheckinHandler: Displayed org.mozilla.fennec_aurora/org.mozilla.fenix.HomeActivity,wp,ca,496
07-06 15:52:10.121 22780 22780 I GoogleInputMethodService: GoogleInputMethodService.onFinishInput():3138 
07-06 15:52:10.122 22780 22780 I GoogleInputMethodService: GoogleInputMethodService.onStartInput():1808 
07-06 15:52:10.136  8504  8504 I MemoryTrimmer: Trimming objects from memory, since app is in the background.
07-06 15:52:10.142  8504  8504 I MemoryTrimmer: Trimming objects from memory, since app is in the background.
07-06 15:52:10.142  8504 27282 I PBSessionCacheImpl: Deleted sessionId[37402581481862080] from persistence.
07-06 15:52:10.146  1694  5305 I WifiService: getWifiEnabledState uid=10077
07-06 15:52:10.149  8504  8532 W SearchServiceCore: Abort, client detached.
07-06 15:52:10.150  8504  8532 I StreamController: cleanUpControllerScope(nowcards-15-5fcec936-9cb0)
07-06 15:52:10.173 31554 31682 I chatty  : uid=10397(org.mozilla.fennec_aurora) expire 1 line
07-06 15:52:10.176 31554 31681 I chatty  : uid=10397(org.mozilla.fennec_aurora) expire 1 line
07-06 15:52:10.710 31554 31577 I chatty  : uid=10397(org.mozilla.fennec_aurora) expire 2 lines
07-06 15:52:10.714  1694  2214 D ConnectivityService: releasing NetworkRequest [ TRACK_DEFAULT id=6887, [ Capabilities: INTERNET&NOT_RESTRICTED&TRUSTED&NOT_VPN] ] (release request)
07-06 15:52:10.760 31554 31704 I chatty  : uid=10397(org.mozilla.fennec_aurora) expire 1 line
07-06 15:52:10.836 31554 31622 I chatty  : uid=10397(org.mozilla.fennec_aurora) expire 26 lines
07-06 15:52:14.666 31731 31731 D AndroidRuntime: >>>>>> START com.android.internal.os.RuntimeInit uid 2000 <<<<<<
07-06 15:52:14.674 31731 31731 W app_process: Could not reserve sentinel fault page
07-06 15:52:14.798 31731 31731 I app_process: The ClassLoaderContext is a special shared library.
07-06 15:52:14.845 31731 31731 D AndroidRuntime: Calling main entry com.android.commands.input.Input
07-06 15:52:14.846 31731 31739 E SchedPolicy: open of /dev/cpuctl/bg_non_interactive/tasks failed: No such file or directory
07-06 15:52:14.847 31731 31731 I Input   : injectKeyEvent: KeyEvent { action=ACTION_DOWN, keyCode=KEYCODE_HOME, scanCode=0, metaState=0, flags=0x0, repeatCount=0, eventTime=853596073, downTime=853596073, deviceId=-1, source=0x101 }
07-06 15:52:14.849   875   919 E ANDR-PERF-MPCTL: Invalid profile no. 0, total profiles 0 only
07-06 15:52:14.850 31731 31731 I Input   : injectKeyEvent: KeyEvent { action=ACTION_UP, keyCode=KEYCODE_HOME, scanCode=0, metaState=0, flags=0x0, repeatCount=0, eventTime=853596073, downTime=853596073, deviceId=-1, source=0x101 }
07-06 15:52:14.855  1694  2137 I ActivityManager: START u0 {act=android.intent.action.MAIN cat=[android.intent.category.HOME] flg=0x10200000 cmp=com.android.launcher3/.CustomizationPanelLauncher (has extras)} from uid 1000
07-06 15:52:14.861 31731 31731 D AndroidRuntime: Shutting down VM
07-06 15:52:14.870  1694  5305 I ActivityManager: moveHomeStack, setupComplete:true
07-06 15:52:14.887  8504 22976 I Adreno  : QUALCOMM build                   : 908a5ce, I77d3059488
07-06 15:52:14.887  8504 22976 I Adreno  : Build Date                       : 06/07/18
07-06 15:52:14.887  8504 22976 I Adreno  : OpenGL ES Shader Compiler Version: EV031.22.00.01_06
07-06 15:52:14.887  8504 22976 I Adreno  : Local Branch                     : 
07-06 15:52:14.887  8504 22976 I Adreno  : Remote Branch                    : refs/tags/AU_LINUX_ANDROID_LA.UM.6.5.R1.08.01.00.312.086
07-06 15:52:14.887  8504 22976 I Adreno  : Remote Branch                    : NONE
07-06 15:52:14.887  8504 22976 I Adreno  : Reconstruct Branch               : NOTHING
07-06 15:52:14.890  8504 22976 D vndksupport: Loading /vendor/lib/hw/gralloc.msm8953.so from current namespace instead of sphal namespace.
07-06 15:52:14.892  8504 22976 I Adreno  : PFP: 0x005ff087, ME: 0x005ff063
07-06 15:52:14.894 27103 27103 D Launcher.Utilities: Wakeup weather: Intent { act=com.motorola.launcher3.action.WAKEUP_WEATHER cmp=com.motorola.timeweatherwidget/com.motorola.commandcenter.weather.WakeUpService }
07-06 15:52:14.894  8504 22976 I zygote  : android::hardware::configstore::V1_0::ISurfaceFlingerConfigs::hasWideColorDisplay retrieved: 0
07-06 15:52:14.895  8504 22976 I OpenGLRenderer: Initialized EGL, version 1.4
07-06 15:52:14.895  8504 22976 D OpenGLRenderer: Swap behavior 2
07-06 15:52:14.905  1694  1694 I NotificationService: Cannot find enqueued record for key: 0|com.motorola.timeweatherwidget|1|null|10122
07-06 15:52:14.905   890   890 D SurfaceFlinger: duplicate layer name: changing com.android.launcher3/com.android.launcher3.CustomizationPanelLauncher to com.android.launcher3/com.android.launcher3.CustomizationPanelLauncher#1
07-06 15:52:14.915  1694  2499 I WifiService: getWifiEnabledState uid=10077
07-06 15:52:14.917 22780 22780 I GoogleInputMethodService: GoogleInputMethodService.onFinishInput():3138 
07-06 15:52:14.917 22780 22780 I GoogleInputMethodService: GoogleInputMethodService.onStartInput():1808 
07-06 15:52:14.920  8504  8532 W ThreadPoolDumper: Queue length for executor EventBus is now 11. Perhaps some tasks are too long, or the pool is too small.
07-06 15:52:14.923  1694  5305 I WifiService: getWifiEnabledState uid=10077
07-06 15:52:14.939  8504  8532 I StreamController: registerScope: nowcards-15-5fcec936-9cb0
07-06 15:52:14.965  1694  1811 I LaunchCheckinHandler: Displayed com.android.launcher3/.CustomizationPanelLauncher,wp,wa,109
07-06 15:52:14.983  8504  8525 E MDD     : DownloadProgressMonitor: Can't find file group for uri: android://com.google.android.googlequicksearchbox/files/sharedminusonemodule/shared/SharedMinusOneData.pb.tmp
07-06 15:52:14.988  8504  8504 I BgTaskExecutorImpl: Starting EXCLUSIVE background task TNG_MINUS_ONE_SYNC.
07-06 15:52:14.991  1694 11810 I OpenGLRenderer: Initialized EGL, version 1.4
07-06 15:52:14.991  1694 11810 D OpenGLRenderer: Swap behavior 2
07-06 15:52:14.992  8504  8532 I TngMinusOneSync: Syncing TNG:-1
07-06 15:52:15.131 31554 31744 I chatty  : uid=10397(org.mozilla.fennec_aurora) expire 10 lines
07-06 15:52:15.132 22780 22819 I PeriodicStatsRunner: PeriodicStatsRunner.call():175 call()
07-06 15:52:15.132 22780 22819 I PeriodicStatsRunner: PeriodicStatsRunner.call():179 No submit PeriodicStats since input started.
07-06 15:52:15.198 31554 31752 I chatty  : uid=10397(org.mozilla.fennec_aurora) expire 1 line
07-06 15:52:15.245  1694  5305 D ConnectivityService: requestNetwork for uid/pid:10397/31554 NetworkRequest [ TRACK_DEFAULT id=6888, [ Capabilities: INTERNET&NOT_RESTRICTED&TRUSTED&NOT_VPN] ]
07-06 15:52:15.246  1694  2184 D WIFI_UT : got request NetworkRequest [ TRACK_DEFAULT id=6888, [ Capabilities: INTERNET&NOT_RESTRICTED&TRUSTED&NOT_VPN] ] with score 60
07-06 15:52:15.246  1694  2184 D WIFI    : got request NetworkRequest [ TRACK_DEFAULT id=6888, [ Capabilities: INTERNET&NOT_RESTRICTED&TRUSTED&NOT_VPN] ] with score 60
07-06 15:52:15.246  1694  2292 D Ethernet: got request NetworkRequest [ TRACK_DEFAULT id=6888, [ Capabilities: INTERNET&NOT_RESTRICTED&TRUSTED&NOT_VPN] ] with score 60
07-06 15:52:15.246  2477  2477 D PhoneSwitcherNetworkRequstListener: got request NetworkRequest [ TRACK_DEFAULT id=6888, [ Capabilities: INTERNET&NOT_RESTRICTED&TRUSTED&NOT_VPN] ] with score 60
07-06 15:52:15.253 31554 31755 I chatty  : uid=10397(org.mozilla.fennec_aurora) expire 4 lines
07-06 15:52:15.258 31554 31757 I chatty  : uid=10397(org.mozilla.fennec_aurora) expire 5 lines
07-06 15:52:15.332 31554 31755 W ActivityThread: ClassLoader.getResources: The class loader returned by Thread.getContextClassLoader() may fail for processes that host multiple applications. You should explicitly specify a context class loader. For example: Thread.setContextClassLoader(getClass().getClassLoader());
07-06 15:52:15.337 31554 31578 I chatty  : uid=10397(org.mozilla.fennec_aurora) expire 1 line
07-06 15:52:15.433 27103 30814 W OpenGLRenderer: Incorrectly called buildLayer on View: ShortcutAndWidgetContainer, destroying layer...
07-06 15:52:15.433 27103 30814 W OpenGLRenderer: Incorrectly called buildLayer on View: ShortcutAndWidgetContainer, destroying layer...
07-06 15:52:15.441 31554 31574 I chatty  : uid=10397(org.mozilla.fennec_aurora) expire 2 lines
07-06 15:52:15.444  1694  2214 D ConnectivityService: releasing NetworkRequest [ TRACK_DEFAULT id=6888, [ Capabilities: INTERNET&NOT_RESTRICTED&TRUSTED&NOT_VPN] ] (release request)
07-06 15:52:15.564 31554 31619 I chatty  : uid=10397(org.mozilla.fennec_aurora) expire 1 line
07-06 15:52:15.591  1694  5305 D ConnectivityService: requestNetwork for uid/pid:10397/31554 NetworkRequest [ TRACK_DEFAULT id=6889, [ Capabilities: INTERNET&NOT_RESTRICTED&TRUSTED&NOT_VPN] ]
07-06 15:52:15.592  1694  2184 D WIFI_UT : got request NetworkRequest [ TRACK_DEFAULT id=6889, [ Capabilities: INTERNET&NOT_RESTRICTED&TRUSTED&NOT_VPN] ] with score 60
07-06 15:52:15.592  1694  2292 D Ethernet: got request NetworkRequest [ TRACK_DEFAULT id=6889, [ Capabilities: INTERNET&NOT_RESTRICTED&TRUSTED&NOT_VPN] ] with score 60
07-06 15:52:15.592  1694  2184 D WIFI    : got request NetworkRequest [ TRACK_DEFAULT id=6889, [ Capabilities: INTERNET&NOT_RESTRICTED&TRUSTED&NOT_VPN] ] with score 60
07-06 15:52:15.592  2477  2477 D PhoneSwitcherNetworkRequstListener: got request NetworkRequest [ TRACK_DEFAULT id=6889, [ Capabilities: INTERNET&NOT_RESTRICTED&TRUSTED&NOT_VPN] ] with score 60
07-06 15:52:15.599 31554 31759 I chatty  : uid=10397(org.mozilla.fennec_aurora) expire 9 lines
07-06 15:52:16.158  1694  2214 D ConnectivityService: releasing NetworkRequest [ TRACK_DEFAULT id=6889, [ Capabilities: INTERNET&NOT_RESTRICTED&TRUSTED&NOT_VPN] ] (release request)
07-06 15:52:19.928 22780 22819 I PeriodicStatsRunner: PeriodicStatsRunner.call():175 call()
07-06 15:52:19.928 22780 22819 I PeriodicStatsRunner: PeriodicStatsRunner.call():179 No submit PeriodicStats since input started.
07-06 15:52:19.973 31762 31763 E SchedPolicy: open of /dev/cpuctl/bg_non_interactive/tasks failed: No such file or directory
07-06 15:52:19.974  1694 11817 I ActivityManager: Force stopping org.mozilla.fennec_aurora appid=10397 user=0: from pid 31762
07-06 15:52:19.975  1694 11817 I ActivityManager: Killing 31554:org.mozilla.fennec_aurora/u0a397 (adj 700): stop org.mozilla.fennec_aurora
07-06 15:52:19.976  1694  1794 W zygote  : kill(-31554, 9) failed: No such process
07-06 15:52:19.977  1694 11817 W ActivityManager: Force removing ActivityRecord{469e247 u0 org.mozilla.fennec_aurora/org.mozilla.fenix.HomeActivity t4761}: app died, no saved state
07-06 15:52:19.983  1694 11817 I ActivityManager: Killing 31639:org.mozilla.fennec_aurora:tab0/u0a397 (adj 0): stop org.mozilla.fennec_aurora
07-06 15:52:19.987  8361  8361 I Finsky  : [2] qyn.onTrimMemory(1): Memory trim requested to level 15
07-06 15:52:19.989 22780 22780 I AppBase : AppBase.onTrimMemory():618 onTrimMemory(): 15
07-06 15:52:19.989 22780 22780 I GoogleInputMethodService: GoogleInputMethodService.onTrimMemory():4331 onTrimMemory(): 15
07-06 15:52:19.992  1694  1794 W zygote  : kill(-31554, 9) failed: No such process
07-06 15:52:19.996  2477  2477 D CarrierSvcBindHelper: No carrier app for: 0
07-06 15:52:19.997  1694  2499 W ActivityManager: Permission Denial: Accessing service ComponentInfo{com.google.android.music/com.google.android.music.dial.DialMediaRouteProviderService} from pid=15597, uid=10038 that is not exported from uid 10116
07-06 15:52:20.005  1694  1794 W zygote  : kill(-31554, 9) failed: No such process
07-06 15:52:20.032  1694  1811 W ActivityManager: setHasOverlayUi called on unknown pid: 31554
07-06 15:52:20.032  1694  1794 I chatty  : uid=1000(system) ActivityManager identical 2 lines
07-06 15:52:20.045  1694  1794 W zygote  : kill(-31554, 9) failed: No such process
07-06 15:52:20.045  1694  1794 I zygote  : Successfully killed process cgroup uid 10397 pid 31554 in 68ms
07-06 15:52:20.045  1694  1794 W zygote  : kill(-31639, 9) failed: No such process
07-06 15:52:20.045  1694  1794 I zygote  : Successfully killed process cgroup uid 10397 pid 31639 in 0ms
07-06 15:52:20.128  1694 11810 I OpenGLRenderer: Initialized EGL, version 1.4
07-06 15:52:20.128  1694 11810 D OpenGLRenderer: Swap behavior 2
07-06 15:52:20.299  2303  2325 I zygote  : NativeAlloc concurrent copying GC freed 10270(574KB) AllocSpace objects, 0(0B) LOS objects, 49% free, 11MB/22MB, paused 150us total 115.629ms
07-06 15:52:20.377  1694  1703 I zygote  : NativeAlloc concurrent copying GC freed 26945(1473KB) AllocSpace objects, 19(636KB) LOS objects, 42% free, 25MB/44MB, paused 314us total 215.873ms
07-06 15:52:21.074 31766 31767 E SchedPolicy: open of /dev/cpuctl/bg_non_interactive/tasks failed: No such file or directory
07-06 15:52:21.076   875   919 E ANDR-PERF-MPCTL: Invalid profile no. 0, total profiles 0 only
07-06 15:52:21.076  1694 12349 I ActivityManager: START u0 {act=android.intent.action.MAIN cat=[android.intent.category.LAUNCHER] flg=0x10000000 cmp=org.mozilla.fennec_aurora/.App} from uid 2000
07-06 15:52:21.092 31769 31769 E SchedPolicy: open of /dev/cpuctl/bg_non_interactive/tasks failed: No such file or directory
07-06 15:52:21.092  1694  2499 I ActivityManager: Start proc 31769:org.mozilla.fennec_aurora/u0a397 for activity org.mozilla.fennec_aurora/.App
07-06 15:52:21.196 31769 31769 I chatty  : uid=10397(org.mozilla.fennec_aurora) expire 34 lines
07-06 15:52:21.216 31769 31785 I chatty  : uid=10397(org.mozilla.fennec_aurora) expire 4 lines
07-06 15:52:21.280 31769 31797 I chatty  : uid=10397(org.mozilla.fennec_aurora) expire 13 lines
07-06 15:52:21.296 31769 31796 I chatty  : uid=10397(org.mozilla.fennec_aurora) expire 14 lines
07-06 15:52:21.303 31769 31800 I chatty  : uid=10397(org.mozilla.fennec_aurora) expire 18 lines
07-06 15:52:21.303 31769 31801 I chatty  : uid=10397(org.mozilla.fennec_aurora) expire 1 line
07-06 15:52:21.362 31769 31812 I chatty  : uid=10397(org.mozilla.fennec_aurora) expire 6 lines
07-06 15:52:21.437 31769 31828 I chatty  : uid=10397(org.mozilla.fennec_aurora) expire 1 line
07-06 15:52:21.454  1694  2499 I ActivityManager: START u0 {act=android.intent.action.MAIN cat=[android.intent.category.LAUNCHER] flg=0x10000000 cmp=org.mozilla.fennec_aurora/org.mozilla.fenix.HomeActivity (has extras)} from uid 10397
07-06 15:52:21.467   890   890 D SurfaceFlinger: duplicate layer name: changing Splash Screen org.mozilla.fennec_aurora to Splash Screen org.mozilla.fennec_aurora#1
07-06 15:52:21.485   890   890 I SFPerfTracer:      triggers: (rate: 42:19624) (compose: 0:24) (post: 2:214) (render: 16:468) (16:453464 frames) (17:577956)
07-06 15:52:21.485   890   890 D SFPerfTracer:        layers: (3:13) (StatusBar#0 (0xae95f000): 10:178430) (com.android.systemui.ImageWallpaper#0 (0xae961000): 0:5525)* (Sprite#0 (0xac5bd000): 0:28)* (DimLayerController/Stack=0#0 (0xac748000): 0:7292)* (NavigationBar#0 (0xac5a5000): 10:17980) (animation background stackId=1#0 (0xac5c1000): 0:14)* (com.android.launcher3/com.android.launcher3.CustomizationPanelLauncher#0 (0xac589000): 0:8)- (com.android.launcher3/com.android.launcher3.CustomizationPanelLauncher#1 (0xac0e2000): 0:9)- (Splash Screen org.mozilla.fennec_aurora#1 (0xac5f8000): 0:32)- (org.mozilla.fennec_aurora/org.mozilla.fenix.HomeActivity#0 (0xac8a6000): 0:52)- (com.android.launcher3/com.android.launcher3.CustomizationPanelLauncher#0 (0xac5f8000): 0:8)* (com.android.launcher3/com.android.launcher3.CustomizationPanelLauncher#1 (0xac589000): 0:9)* (Splash Screen org.mozilla.fennec_aurora#0 (0xac8a6000): 16:19) 
07-06 15:52:21.491 31769 31774 I chatty  : uid=10397(org.mozilla.fennec_aurora) expire 6 lines
07-06 15:52:21.503 31856 31856 E SchedPolicy: open of /dev/cpuctl/bg_non_interactive/tasks failed: No such file or directory
07-06 15:52:21.506  1694  2499 I ActivityManager: Start proc 31856:org.mozilla.fennec_aurora:tab0/u0a397 for service org.mozilla.fennec_aurora/org.mozilla.gecko.process.GeckoChildProcessServices$tab0
07-06 15:52:21.507 31769 31846 I chatty  : uid=10397(org.mozilla.fennec_aurora) expire 1 line
07-06 15:52:21.582 31856 31856 I chatty  : uid=10397(org.mozilla.fennec_aurora) expire 1 line
07-06 15:52:21.583 31856 31878 I chatty  : uid=10397(org.mozilla.fennec_aurora) expire 1 line
07-06 15:52:21.638  2477  2477 D QtiCarrierConfigHelper: WARNING, no carrier configs on phone Id: 0
07-06 15:52:21.638  2792  3179 D HeadsetStateMachine: Disconnected process message: 10, size: 0
07-06 15:52:21.639  2792  3179 D HeadsetStateMachine: Enter processIntentBatteryChanged()
07-06 15:52:21.639  2792  3179 D HeadsetStateMachine: Exit processIntentBatteryChanged()
07-06 15:52:21.639  2792  3179 D HeadsetStateMachine: Exit Disconnected processMessage() 
07-06 15:52:21.639  8338  8338 I B4A     : Check bat: 100
07-06 15:52:21.816 31769 31826 I chatty  : uid=10397(org.mozilla.fennec_aurora) expire 1 line
07-06 15:52:21.824 31769 31889 I chatty  : uid=10397(org.mozilla.fennec_aurora) expire 9 lines
07-06 15:52:21.831  1694 12349 D ConnectivityService: requestNetwork for uid/pid:10397/31769 NetworkRequest [ TRACK_DEFAULT id=6890, [ Capabilities: INTERNET&NOT_RESTRICTED&TRUSTED&NOT_VPN] ]
07-06 15:52:21.832  1694  2184 D WIFI_UT : got request NetworkRequest [ TRACK_DEFAULT id=6890, [ Capabilities: INTERNET&NOT_RESTRICTED&TRUSTED&NOT_VPN] ] with score 60
07-06 15:52:21.832  1694  2292 D Ethernet: got request NetworkRequest [ TRACK_DEFAULT id=6890, [ Capabilities: INTERNET&NOT_RESTRICTED&TRUSTED&NOT_VPN] ] with score 60
07-06 15:52:21.832  1694  2184 D WIFI    : got request NetworkRequest [ TRACK_DEFAULT id=6890, [ Capabilities: INTERNET&NOT_RESTRICTED&TRUSTED&NOT_VPN] ] with score 60
07-06 15:52:21.832  2477  2477 D PhoneSwitcherNetworkRequstListener: got request NetworkRequest [ TRACK_DEFAULT id=6890, [ Capabilities: INTERNET&NOT_RESTRICTED&TRUSTED&NOT_VPN] ] with score 60
07-06 15:52:21.838  1694 12349 I WifiService: getDhcpInfo uid=10397
07-06 15:52:21.981  1694  2499 I ActivityManager: Displayed org.mozilla.fennec_aurora/org.mozilla.fenix.HomeActivity: +472ms (total +898ms)
07-06 15:52:21.981  1694  2499 I ActivityManager: Fully drawn org.mozilla.fennec_aurora/org.mozilla.fenix.HomeActivity: +472ms (total +898ms)
07-06 15:52:21.993 31769 31896 I chatty  : uid=10397(org.mozilla.fennec_aurora) expire 5 lines
07-06 15:52:22.012 22780 22780 I GoogleInputMethodService: GoogleInputMethodService.onFinishInput():3138 
07-06 15:52:22.012 22780 22780 I GoogleInputMethodService: GoogleInputMethodService.onStartInput():1808 
07-06 15:52:22.015  1694  1811 I LaunchCheckinHandler: Displayed org.mozilla.fennec_aurora/org.mozilla.fenix.HomeActivity,wp,ca,506
07-06 15:52:22.025  8504  8504 I MemoryTrimmer: Trimming objects from memory, since app is in the background.
07-06 15:52:22.031  8504  8504 I MemoryTrimmer: Trimming objects from memory, since app is in the background.
07-06 15:52:22.031  8504 27282 I PBSessionCacheImpl: Deleted sessionId[37402581481862083] from persistence.
07-06 15:52:22.035  1694  1709 I WifiService: getWifiEnabledState uid=10077
07-06 15:52:22.039  8504  8532 W SearchServiceCore: Abort, client detached.
07-06 15:52:22.040  8504  8532 I StreamController: cleanUpControllerScope(nowcards-15-5fcec936-9cb0)
07-06 15:52:22.047 31769 31769 I chatty  : uid=10397(org.mozilla.fennec_aurora) expire 21 lines
07-06 15:52:22.068 31769 31899 I chatty  : uid=10397(org.mozilla.fennec_aurora) expire 1 line
07-06 15:52:22.069 31769 31898 I chatty  : uid=10397(org.mozilla.fennec_aurora) expire 1 line
07-06 15:52:22.647 31769 31792 I chatty  : uid=10397(org.mozilla.fennec_aurora) expire 1 line
07-06 15:52:22.651  1694  2214 D ConnectivityService: releasing NetworkRequest [ TRACK_DEFAULT id=6890, [ Capabilities: INTERNET&NOT_RESTRICTED&TRUSTED&NOT_VPN] ] (release request)
07-06 15:52:22.664 31769 31922 I chatty  : uid=10397(org.mozilla.fennec_aurora) expire 1 line
07-06 15:52:22.685 31769 31800 I chatty  : uid=10397(org.mozilla.fennec_aurora) expire 1 line
07-06 15:52:22.990   873  2438 V LocSvc_HIDL_IzatProvider: [onLocationChanged][71] [HS] =>>>> [HC]
07-06 15:52:22.991  1694 10552 V LocSvc_HIDL_IzatProvider_jni: [onLocationChanged][225] [HC] <<= [HS]
07-06 15:52:23.067 31769 31774 I chatty  : uid=10397(org.mozilla.fennec_aurora) expire 2 lines
07-06 15:52:23.237   890  1005 I SFPerfTracer:      triggers: (rate: 0:0) (81098 sw vsyncs) (0 skipped) (17:746290 vsyncs) (19:898352)
07-06 15:52:23.377 31769 31818 I chatty  : uid=10397(org.mozilla.fennec_aurora) expire 27 lines
07-06 15:52:23.451 31769 31789 I chatty  : uid=10397(org.mozilla.fennec_aurora) expire 1 line
07-06 15:52:24.876 15597  2237 I CastDatabase: Saving the database
07-06 15:52:24.887 15597  2237 E SQLiteCastStore: Skip saving CastDeviceInfo: "Nearby device" (__cast_nearby___V_aa7e4642-5741-4f84-a4d1-494643dcd411)
07-06 15:52:24.889 15597  2237 I SQLiteCastStore: [CastNetworkInfo] saved: 2, skipped: 0, [CastDeviceInfo]: saved 1, skipped 1, [Paired Guest Mode DeviceInfo] saved: 0, skipped: 0. [ProbedNetworks]: saved 0, skipped: 0, [ProbedSocketAddress]: saved 1, skipped: 0, [Network-Device pairs]: saved: 2
07-06 15:52:26.544 31949 31949 D AndroidRuntime: >>>>>> START com.android.internal.os.RuntimeInit uid 2000 <<<<<<
07-06 15:52:26.553 31949 31949 W app_process: Could not reserve sentinel fault page
07-06 15:52:26.609  1694  2211 D WifiNative-wlan0: Scan issued for specific freq..
07-06 15:52:26.687 31949 31949 I app_process: The ClassLoaderContext is a special shared library.
07-06 15:52:26.704  1694  1709 D WificondControl: Scan result ready event
07-06 15:52:26.737 31949 31949 D AndroidRuntime: Calling main entry com.android.commands.input.Input
07-06 15:52:26.738 31949 31958 E SchedPolicy: open of /dev/cpuctl/bg_non_interactive/tasks failed: No such file or directory
07-06 15:52:26.740 31949 31949 I Input   : injectKeyEvent: KeyEvent { action=ACTION_DOWN, keyCode=KEYCODE_HOME, scanCode=0, metaState=0, flags=0x0, repeatCount=0, eventTime=853607966, downTime=853607966, deviceId=-1, source=0x101 }
07-06 15:52:26.742   875   919 E ANDR-PERF-MPCTL: Invalid profile no. 0, total profiles 0 only
07-06 15:52:26.743 31949 31949 I Input   : injectKeyEvent: KeyEvent { action=ACTION_UP, keyCode=KEYCODE_HOME, scanCode=0, metaState=0, flags=0x0, repeatCount=0, eventTime=853607966, downTime=853607966, deviceId=-1, source=0x101 }
07-06 15:52:26.748  1694  2137 I ActivityManager: START u0 {act=android.intent.action.MAIN cat=[android.intent.category.HOME] flg=0x10200000 cmp=com.android.launcher3/.CustomizationPanelLauncher (has extras)} from uid 1000
07-06 15:52:26.753 31949 31949 D AndroidRuntime: Shutting down VM
07-06 15:52:26.762  1694  2499 I ActivityManager: moveHomeStack, setupComplete:true
07-06 15:52:26.773  8504 22976 I Adreno  : QUALCOMM build                   : 908a5ce, I77d3059488
07-06 15:52:26.773  8504 22976 I Adreno  : Build Date                       : 06/07/18
07-06 15:52:26.773  8504 22976 I Adreno  : OpenGL ES Shader Compiler Version: EV031.22.00.01_06
07-06 15:52:26.773  8504 22976 I Adreno  : Local Branch                     : 
07-06 15:52:26.773  8504 22976 I Adreno  : Remote Branch                    : refs/tags/AU_LINUX_ANDROID_LA.UM.6.5.R1.08.01.00.312.086
07-06 15:52:26.773  8504 22976 I Adreno  : Remote Branch                    : NONE
07-06 15:52:26.773  8504 22976 I Adreno  : Reconstruct Branch               : NOTHING
07-06 15:52:26.775  8504 22976 D vndksupport: Loading /vendor/lib/hw/gralloc.msm8953.so from current namespace instead of sphal namespace.
07-06 15:52:26.778  8504 22976 I Adreno  : PFP: 0x005ff087, ME: 0x005ff063
07-06 15:52:26.780 27103 27103 D Launcher.Utilities: Wakeup weather: Intent { act=com.motorola.launcher3.action.WAKEUP_WEATHER cmp=com.motorola.timeweatherwidget/com.motorola.commandcenter.weather.WakeUpService }
07-06 15:52:26.782  8504 22976 I zygote  : android::hardware::configstore::V1_0::ISurfaceFlingerConfigs::hasWideColorDisplay retrieved: 0
07-06 15:52:26.783  8504 22976 I OpenGLRenderer: Initialized EGL, version 1.4
07-06 15:52:26.783  8504 22976 D OpenGLRenderer: Swap behavior 2
07-06 15:52:26.792  1694  1694 I NotificationService: Cannot find enqueued record for key: 0|com.motorola.timeweatherwidget|1|null|10122
07-06 15:52:26.796   890   890 D SurfaceFlinger: duplicate layer name: changing com.android.launcher3/com.android.launcher3.CustomizationPanelLauncher to com.android.launcher3/com.android.launcher3.CustomizationPanelLauncher#1
07-06 15:52:26.806  1694  2499 I WifiService: getWifiEnabledState uid=10077
07-06 15:52:26.806 22780 22780 I GoogleInputMethodService: GoogleInputMethodService.onFinishInput():3138 
07-06 15:52:26.806 22780 22780 I GoogleInputMethodService: GoogleInputMethodService.onStartInput():1808 
07-06 15:52:26.808  8504  8532 W ThreadPoolDumper: Queue length for executor EventBus is now 11. Perhaps some tasks are too long, or the pool is too small.
07-06 15:52:26.810  1694 12349 I WifiService: getWifiEnabledState uid=10077
07-06 15:52:26.824  8504  8532 I StreamController: registerScope: nowcards-15-5fcec936-9cb0
07-06 15:52:26.863  1694  1811 I LaunchCheckinHandler: Displayed com.android.launcher3/.CustomizationPanelLauncher,wp,wa,114
07-06 15:52:26.868  8504  8525 E MDD     : DownloadProgressMonitor: Can't find file group for uri: android://com.google.android.googlequicksearchbox/files/sharedminusonemodule/shared/SharedMinusOneData.pb.tmp
07-06 15:52:26.873  8504  8504 I BgTaskExecutorImpl: Starting EXCLUSIVE background task TNG_MINUS_ONE_SYNC.
07-06 15:52:26.876  8504  8532 I TngMinusOneSync: Syncing TNG:-1
07-06 15:52:26.883  1694 11810 I OpenGLRenderer: Initialized EGL, version 1.4
07-06 15:52:26.883  1694 11810 D OpenGLRenderer: Swap behavior 2
07-06 15:52:27.022 22780 22819 I PeriodicStatsRunner: PeriodicStatsRunner.call():175 call()
07-06 15:52:27.022 22780 22819 I PeriodicStatsRunner: PeriodicStatsRunner.call():179 No submit PeriodicStats since input started.
07-06 15:52:27.023 31769 31963 I chatty  : uid=10397(org.mozilla.fennec_aurora) expire 10 lines
07-06 15:52:27.098 31769 31971 I chatty  : uid=10397(org.mozilla.fennec_aurora) expire 1 line
07-06 15:52:27.105 31769 31796 I chatty  : uid=10397(org.mozilla.fennec_aurora) expire 9 lines
07-06 15:52:27.147  1694  7911 D ConnectivityService: requestNetwork for uid/pid:10397/31769 NetworkRequest [ TRACK_DEFAULT id=6891, [ Capabilities: INTERNET&NOT_RESTRICTED&TRUSTED&NOT_VPN] ]
07-06 15:52:27.148  1694  2184 D WIFI_UT : got request NetworkRequest [ TRACK_DEFAULT id=6891, [ Capabilities: INTERNET&NOT_RESTRICTED&TRUSTED&NOT_VPN] ] with score 60
07-06 15:52:27.148  1694  2292 D Ethernet: got request NetworkRequest [ TRACK_DEFAULT id=6891, [ Capabilities: INTERNET&NOT_RESTRICTED&TRUSTED&NOT_VPN] ] with score 60
07-06 15:52:27.148  1694  2184 D WIFI    : got request NetworkRequest [ TRACK_DEFAULT id=6891, [ Capabilities: INTERNET&NOT_RESTRICTED&TRUSTED&NOT_VPN] ] with score 60
07-06 15:52:27.148  2477  2477 D PhoneSwitcherNetworkRequstListener: got request NetworkRequest [ TRACK_DEFAULT id=6891, [ Capabilities: INTERNET&NOT_RESTRICTED&TRUSTED&NOT_VPN] ] with score 60
07-06 15:52:27.154 31769 31974 I chatty  : uid=10397(org.mozilla.fennec_aurora) expire 4 lines
07-06 15:52:27.160 31769 31976 I chatty  : uid=10397(org.mozilla.fennec_aurora) expire 5 lines
07-06 15:52:27.232 31769 31974 W ActivityThread: ClassLoader.getResources: The class loader returned by Thread.getContextClassLoader() may fail for processes that host multiple applications. You should explicitly specify a context class loader. For example: Thread.setContextClassLoader(getClass().getClassLoader());
07-06 15:52:27.237 31769 31790 I chatty  : uid=10397(org.mozilla.fennec_aurora) expire 2 lines
07-06 15:52:27.332 27103 30814 W OpenGLRenderer: Incorrectly called buildLayer on View: ShortcutAndWidgetContainer, destroying layer...
07-06 15:52:27.332 27103 30814 W OpenGLRenderer: Incorrectly called buildLayer on View: ShortcutAndWidgetContainer, destroying layer...
07-06 15:52:27.353 31769 31793 I chatty  : uid=10397(org.mozilla.fennec_aurora) expire 1 line
07-06 15:52:27.356  1694  2214 D ConnectivityService: releasing NetworkRequest [ TRACK_DEFAULT id=6891, [ Capabilities: INTERNET&NOT_RESTRICTED&TRUSTED&NOT_VPN] ] (release request)
07-06 15:52:27.455 31769 31798 I chatty  : uid=10397(org.mozilla.fennec_aurora) expire 1 line
07-06 15:52:27.485  1694  2499 D ConnectivityService: requestNetwork for uid/pid:10397/31769 NetworkRequest [ TRACK_DEFAULT id=6892, [ Capabilities: INTERNET&NOT_RESTRICTED&TRUSTED&NOT_VPN] ]
07-06 15:52:27.486  1694  2292 D Ethernet: got request NetworkRequest [ TRACK_DEFAULT id=6892, [ Capabilities: INTERNET&NOT_RESTRICTED&TRUSTED&NOT_VPN] ] with score 60
07-06 15:52:27.486  1694  2184 D WIFI_UT : got request NetworkRequest [ TRACK_DEFAULT id=6892, [ Capabilities: INTERNET&NOT_RESTRICTED&TRUSTED&NOT_VPN] ] with score 60
07-06 15:52:27.486  1694  2184 D WIFI    : got request NetworkRequest [ TRACK_DEFAULT id=6892, [ Capabilities: INTERNET&NOT_RESTRICTED&TRUSTED&NOT_VPN] ] with score 60
07-06 15:52:27.487  2477  2477 D PhoneSwitcherNetworkRequstListener: got request NetworkRequest [ TRACK_DEFAULT id=6892, [ Capabilities: INTERNET&NOT_RESTRICTED&TRUSTED&NOT_VPN] ] with score 60
07-06 15:52:27.496 31769 31977 I chatty  : uid=10397(org.mozilla.fennec_aurora) expire 9 lines
07-06 15:52:28.101  1694  2214 D ConnectivityService: releasing NetworkRequest [ TRACK_DEFAULT id=6892, [ Capabilities: INTERNET&NOT_RESTRICTED&TRUSTED&NOT_VPN] ] (release request)
07-06 15:52:31.817 22780 22819 I PeriodicStatsRunner: PeriodicStatsRunner.call():175 call()
07-06 15:52:31.817 22780 22819 I PeriodicStatsRunner: PeriodicStatsRunner.call():179 No submit PeriodicStats since input started.
07-06 15:52:31.865 31981 31982 E SchedPolicy: open of /dev/cpuctl/bg_non_interactive/tasks failed: No such file or directory
