03-01 21:45:06.790 18464 18667 I chatty  : uid=11054(org.mozilla.fennec_aurora) expire 1 line
03-01 21:45:06.931   808   898 I SFPerfTracer:      triggers: (rate: 0:1) (0 sw vsyncs) (0 skipped) (0:4770690 vsyncs) (1:10682986)
03-01 21:45:10.103 18685 18685 D AndroidRuntime: >>>>>> START com.android.internal.os.RuntimeInit uid 2000 <<<<<<
03-01 21:45:10.116 18685 18685 W app_process: Could not reserve sentinel fault page
03-01 21:45:10.283 18685 18685 I app_process: The ClassLoaderContext is a special shared library.
03-01 21:45:10.352 18685 18685 D AndroidRuntime: Calling main entry com.android.commands.input.Input
03-01 21:45:10.353 18685 18685 I Input   : injectKeyEvent: KeyEvent { action=ACTION_DOWN, keyCode=KEYCODE_HOME, scanCode=0, metaState=0, flags=0x0, repeatCount=0, eventTime=15193165633, downTime=15193165633, deviceId=-1, source=0x101 }
03-01 21:45:10.360 18685 18685 I Input   : injectKeyEvent: KeyEvent { action=ACTION_UP, keyCode=KEYCODE_HOME, scanCode=0, metaState=0, flags=0x0, repeatCount=0, eventTime=15193165633, downTime=15193165633, deviceId=-1, source=0x101 }
03-01 21:45:10.366  1456  1941 I ActivityManager: START u0 {act=android.intent.action.MAIN cat=[android.intent.category.HOME] flg=0x10200000 cmp=com.android.launcher3/.CustomizationPanelLauncher (has extras)} from uid 1000
03-01 21:45:10.367   794   839 E ANDR-PERF-RESOURCEQS: Failed to apply optimization [4, 0]
03-01 21:45:10.379  1456  1941 I ActivityManager: moveHomeStack, setupComplete:true
03-01 21:45:10.390 18685 18685 D AndroidRuntime: Shutting down VM
03-01 21:45:10.407  2748  2748 D Launcher.Utilities: Wakeup weather: Intent { act=com.motorola.launcher3.action.WAKEUP_WEATHER cmp=com.motorola.timeweatherwidget/com.motorola.commandcenter.weather.WakeUpService }
03-01 21:45:10.420  1456  1456 I NotificationService: Cannot find enqueued record for key: 0|com.motorola.timeweatherwidget|1|null|10116
03-01 21:45:10.422   808   808 D SurfaceFlinger: duplicate layer name: changing com.android.launcher3/com.android.launcher3.CustomizationPanelLauncher to com.android.launcher3/com.android.launcher3.CustomizationPanelLauncher#1
03-01 21:45:10.433 20270 21124 W ThreadPoolDumper: Queue length for executor EventBus is now 11. Perhaps some tasks are too long, or the pool is too small.
03-01 21:45:10.438  1456 10736 I WifiService: getWifiEnabledState uid=10073
03-01 21:45:10.453  1456 10736 I WifiService: getWifiEnabledState uid=10073
03-01 21:45:10.461 20270 21092 I DEBUG   : OpaToSrpTransitionState#onStateChanged#notNullQuery
03-01 21:45:10.462 20270 21092 I DEBUG   : OpaToSrpTransitionState#onStateChanged#notNullQuery
03-01 21:45:10.477 20270 21092 I MicroDetectionState: Should stop hotword detection immediately - false
03-01 21:45:10.481 20270 21092 I MicroDetectionWorker: #startMicroDetector [speakerMode: 0]
03-01 21:45:10.482 20270 21092 I AudioController: Created new AudioSource
03-01 21:45:10.500  1456  1673 I LaunchCheckinHandler: Displayed com.android.launcher3/.CustomizationPanelLauncher,wp,wa,133
03-01 21:45:10.501 20270 21107 I MicroDataManager: isInitializedWithLatestParams-true
03-01 21:45:10.501 20270 21107 I MicroDataManager: isInitializing-false locale not changed-true model not changed-true
03-01 21:45:10.502 20270 21107 I MicroDataManager: Already initialized, obtaining the hotword data immediately.
03-01 21:45:10.506 20270 21400 I MicroRecognitionRunner: Starting detection.
03-01 21:45:10.506 20270 21400 I InputStreamUtils: Using micInputStream
03-01 21:45:10.506 20270 14671 I MicrophoneInputStream: mic_starting  SR : 16000 CC : 16 SO : 1999
03-01 21:45:10.509   788   788 V msm8974_platform: platform_check_input_mask: enter check_input_mask source 6 mask 10
03-01 21:45:10.511  1012 18699 I AudioFlinger: AudioFlinger's thread 0xb2483a80 tid=18699 ready to run
03-01 21:45:10.517   788   788 D audio_hw_primary: in_set_parameters: enter: kvpairs=input_source=6;routing=-2147483644
03-01 21:45:10.518  1012  1390 D APM_AudioPolicyManager: AudioPolicyManager::startInput() input 172214, session 172321, source = 1999
03-01 21:45:10.518 20270 14671 I MicrophoneInputStream: mic_started  SR : 16000 CC : 16 SO : 1999
03-01 21:45:10.519   788 18700 V msm8974_platform: platform_update_usecase_from_source: input source :6
03-01 21:45:10.520   788 18700 V msm8974_platform: platform_check_input_mask: enter check_input_mask source 6 mask 10
03-01 21:45:10.520   788 18700 V msm8974_platform: platform_get_input_snd_device: enter: out_device(0) in_device(0x4) channel_count (1) channel_mask (0x10)
03-01 21:45:10.520   788 18700 V msm8974_platform: platform_get_input_snd_device: exit: in_snd_device(voice-rec-mic)
03-01 21:45:10.520   788 18700 V msm8974_platform: platform_get_backend_index:napb: backend port - 5 device - 120 
03-01 21:45:10.520   788 18700 V msm8974_platform: platform_check_and_set_capture_backend_cfg:txbecf: afe: bitwidth 0, samplerate 0, channel 1, backend_idx 5 usecase = 9 device (voice-rec-mic)
03-01 21:45:10.520   788 18700 V msm8974_platform: platform_check_capture_backend_cfg:txbecf: afe: Codec selected backend: 5 current bit width: 0 and sample rate: 0, channels 1
03-01 21:45:10.520   788 18700 V msm8974_platform: platform_check_capture_backend_cfg:txbecf: afe: Codec selected backend: 5 updated bit width: 0 and sample rate: 0
03-01 21:45:10.520   788 18700 I msm8974_platform: platform_check_capture_backend_cfg:txbecf: afe: Codec backend needs to be updated. new bit width: 0 new sample rate: 0 new channel: 1
03-01 21:45:10.520   788 18700 V msm8974_platform: platform_get_backend_index:napb: backend port - 5 device - 120 
03-01 21:45:10.520   788 18700 V msm8974_platform: platform_set_backend_cfg:becf: afe: bitwidth 0, samplerate 0 channels 1, backend_idx 5 device (voice-rec-mic)
03-01 21:45:10.520   788 18700 E msm8974_platform: platform_set_backend_cfg:becf: afe: Could not get ctl for mixer command - SLIM_0_TX Format
03-01 21:45:10.520   788 18700 V msm8974_platform: platform_send_audio_calibration: sending audio calibration for snd_device(120) acdb_id(62)
03-01 21:45:10.520   788 18700 D ACDB-LOADER: ACDB -> send_audio_cal, acdb_id = 62, path = 1, app id = 0x11130, sample rate = 48000
03-01 21:45:10.520   788 18700 D ACDB-LOADER: ACDB -> send_asm_topology
03-01 21:45:10.520   788 18700 D ACDB-LOADER: ACDB -> ACDB_CMD_GET_AUDPROC_STREAM_TOPOLOGY_ID
03-01 21:45:10.520   788 18700 D ACDB-LOADER: ACDB -> send_adm_topology
03-01 21:45:10.520   788 18700 D ACDB-LOADER: ACDB -> ACDB_CMD_GET_AUDPROC_COMMON_TOPOLOGY_ID
03-01 21:45:10.520   788 18700 D ACDB-LOADER: ACDB -> send_audtable
03-01 21:45:10.520   788 18700 D ACDB-LOADER: ACDB -> ACDB_CMD_GET_AUDPROC_COMMON_TABLE_SIZE
03-01 21:45:10.520   788 18700 D ACDB-LOADER: ACDB -> ACDB_CMD_GET_AUDPROC_COMMON_TABLE
03-01 21:45:10.520   788 18700 D ACDB-LOADER: ACDB -> AUDIO_SET_AUDPROC_CAL
03-01 21:45:10.520   788 18700 D ACDB-LOADER: ACDB -> send_audvoltable
03-01 21:45:10.520   788 18700 D ACDB-LOADER: ACDB -> ACDB_CMD_GET_AUDPROC_VOL_STEP_TABLE_SIZE
03-01 21:45:10.521   788 18700 D ACDB-LOADER: ACDB -> ACDB_CMD_GET_AUDPROC_GAIN_DEP_STEP_TABLE, vol index 0
03-01 21:45:10.521   788 18700 D         : Failed to fetch the lookup information of the device 0000003E 
03-01 21:45:10.521   788 18700 D ACDB-LOADER: ACDB -> AUDIO_SET_VOL_CAL cal type = 12
03-01 21:45:10.521   788 18700 D ACDB-LOADER: ACDB -> ACDB_CMD_GET_AUDPROC_STREAM_TABLE_SIZE
03-01 21:45:10.521   788 18700 D ACDB-LOADER: ACDB -> send_audstrmtable
03-01 21:45:10.521   788 18700 D ACDB-LOADER: ACDB -> ACDB_CMD_GET_AUDPROC_STREAM_TABLE_V2
03-01 21:45:10.521   788 18700 D ACDB-LOADER: ACDB -> audstrm_cal->cal_type.cal_data.cal_size = 456
03-01 21:45:10.521   788 18700 D ACDB-LOADER: ACDB -> send_afe_topology
03-01 21:45:10.521   788 18700 D ACDB-LOADER: ACDB -> ACDB_CMD_GET_AFE_TOPOLOGY_ID
03-01 21:45:10.521   788 18700 D ACDB-LOADER: ACDB -> GET_AFE_TOPOLOGY_ID for adcd_id 62, Topology Id 112fb
03-01 21:45:10.521   788 18700 D ACDB-LOADER: ACDB -> send_afe_cal
03-01 21:45:10.521   788 18700 D ACDB-LOADER: ACDB -> ACDB_CMD_GET_AFE_COMMON_TABLE_SIZE
03-01 21:45:10.521   788 18700 D         : Failed to fetch the lookup information of the device 0000003E 
03-01 21:45:10.521   788 18700 E ACDB-LOADER: Error: ACDB_CMD_GET_AFE_COMMON_TABLE_SIZE Returned = -19
03-01 21:45:10.521   788 18700 D ACDB-LOADER: ACDB -> ACDB_CMD_GET_AFE_COMMON_TABLE
03-01 21:45:10.521   788 18700 D         : Failed to fetch the lookup information of the device 0000003E 
03-01 21:45:10.521   788 18700 D ACDB-LOADER: ACDB -> AUDIO_SET_AFE_CAL
03-01 21:45:10.521   788 18700 D ACDB-LOADER: ACDB -> send_hw_delay : acdb_id = 62 path = 1
03-01 21:45:10.521   788 18700 D ACDB-LOADER: ACDB -> ACDB_AVSYNC_INFO: ACDB_CMD_GET_DEVICE_PROPERTY
03-01 21:45:10.521   788 18700 D audio_hw_primary: enable_snd_device: snd_device(120: voice-rec-mic)
03-01 21:45:10.521   788 18700 D audio_route: Apply path: voice-rec-mic
03-01 21:45:10.523   788 18700 V msm8974_platform: platform_get_snd_device_backend_index: enter with device 120
03-01 21:45:10.523   788 18700 E msm8974_platform: platform_get_snd_device_backend_index: BE DAI Name Table is not present
03-01 21:45:10.523   788 18700 V msm8974_platform: platform_get_backend_index:napb: backend port - 5 device - 120 
03-01 21:45:10.523   788 18700 I audio_hw_utils: Set Audio Stream Capture 0 App Type Cfg: app_type 69936, acdb_dev_id 62, sample_rate 48000, snd_device_be_idx -14
03-01 21:45:10.523   788 18700 D audio_hw_primary: enable_audio_route: usecase(9) apply and update mixer path: audio-record
03-01 21:45:10.523   788 18700 D audio_route: Apply path: audio-record
03-01 21:45:10.593 20270 21092 I MicroDetectionWorker: onReady
03-01 21:45:10.899  1456  7796 I OpenGLRenderer: Initialized EGL, version 1.4
03-01 21:45:10.899  1456  7796 D OpenGLRenderer: Swap behavior 2
03-01 21:45:10.962  2748  2917 W OpenGLRenderer: Incorrectly called buildLayer on View: ShortcutAndWidgetContainer, destroying layer...
03-01 21:45:11.076 18464 18564 I chatty  : uid=11054(org.mozilla.fennec_aurora) expire 1 line
03-01 21:45:11.110 18464 18493 I chatty  : uid=11054(org.mozilla.fennec_aurora) expire 6 lines
03-01 21:45:15.550  1456  2162 I ActivityManager: Force stopping org.mozilla.fennec_aurora appid=11054 user=0: from pid 18703
03-01 21:45:15.551  1456  2162 I ActivityManager: Killing 18464:org.mozilla.fennec_aurora/u0a1054 (adj 700): stop org.mozilla.fennec_aurora
03-01 21:45:15.553  1456  1605 W zygote  : kill(-18464, 9) failed: No such process
03-01 21:45:15.554 18572 18572 I chatty  : uid=11054(org.mozilla.fennec_aurora) expire 1 line
03-01 21:45:15.554 18544 18544 I chatty  : uid=11054(org.mozilla.fennec_aurora) expire 1 line
03-01 21:45:15.555  1456  2162 W ActivityManager: Force removing ActivityRecord{be803a8 u0 org.mozilla.fennec_aurora/org.mozilla.fenix.HomeActivity t30743}: app died, no saved state
03-01 21:45:15.563  1456  2162 I ActivityManager: Killing 18572:org.mozilla.fennec_aurora:socket/u0a1054 (adj 0): stop org.mozilla.fennec_aurora
03-01 21:45:15.567  1456  2162 I ActivityManager: Killing 18544:org.mozilla.fennec_aurora:tab/u0a1054 (adj 0): stop org.mozilla.fennec_aurora
03-01 21:45:15.569  1456  1605 W zygote  : kill(-18464, 9) failed: No such process
03-01 21:45:15.580  2398  2398 D CarrierSvcBindHelper: No carrier app for: 0
03-01 21:45:15.581  2398  2398 D CarrierSvcBindHelper: No carrier app for: 1
03-01 21:45:15.594  1456  1605 W zygote  : kill(-18464, 9) failed: No such process
03-01 21:45:15.645  1456  4797 D ConnectivityService: ConnectivityService NetworkRequestInfo binderDied(NetworkRequest [ TRACK_DEFAULT id=28935, [ Capabilities: INTERNET&NOT_RESTRICTED&TRUSTED&NOT_VPN] ], android.os.BinderProxy@99beb98)
03-01 21:45:15.645  1456  1673 W ActivityManager: setHasOverlayUi called on unknown pid: 18464
03-01 21:45:15.645  1456  2067 D ConnectivityService: releasing NetworkRequest [ TRACK_DEFAULT id=28935, [ Capabilities: INTERNET&NOT_RESTRICTED&TRUSTED&NOT_VPN] ] (release request)
03-01 21:45:15.656  1456  1605 I chatty  : uid=1000(system) ActivityManager identical 8 lines
03-01 21:45:15.671  1456  1605 W zygote  : kill(-18464, 9) failed: No such process
03-01 21:45:15.672  1456  1605 I zygote  : Successfully killed process cgroup uid 11054 pid 18464 in 118ms
03-01 21:45:15.673  1456 10366 I ActivityManager: START u0 {act=android.intent.action.MAIN cat=[android.intent.category.LAUNCHER] flg=0x10000000 cmp=org.mozilla.fennec_aurora/org.mozilla.fenix.HomeActivity} from uid 2000
03-01 21:45:15.673  1456  1605 W zygote  : kill(-18572, 9) failed: No such process
03-01 21:45:15.673  1456  1605 I zygote  : Successfully killed process cgroup uid 11054 pid 18572 in 1ms
03-01 21:45:15.673  1456  1605 W zygote  : kill(-18544, 9) failed: No such process
03-01 21:45:15.673  1456  1605 I zygote  : Successfully killed process cgroup uid 11054 pid 18544 in 0ms
03-01 21:45:15.674   794   839 E ANDR-PERF-RESOURCEQS: Failed to apply optimization [4, 0]
03-01 21:45:15.693  1456  2204 I ActivityManager: Start proc 18710:org.mozilla.fennec_aurora/u0a1054 for activity org.mozilla.fennec_aurora/org.mozilla.fenix.HomeActivity
03-01 21:45:15.781 20270 21092 I MicroDetectionState: Should stop hotword detection immediately - false
03-01 21:45:15.781 20270 21092 I MicroDetector: Keeping mic open: false
03-01 21:45:15.781 20270 21092 I RecognitionAudioControl: #shutdownAudio [requestId: -2783475238329051062, keepAudioOpen: false, forced: true]
03-01 21:45:15.781 20270 21092 I RecognitionAudioControl: #internalShutdownAudio [requestId: -2783475238329051062]
03-01 21:45:15.781 20270 17075 E DeviceStateChecker: DeviceStateChecker cancelled
03-01 21:45:15.781 20270 21092 I RecognitionAudioControl: #internalShutdownAudio [keepAudioOpen: false, forced: true]
03-01 21:45:15.781 20270 21092 I RecognitionAudioControl: #actualShutdownAudio
03-01 21:45:15.782 20270 21092 I AudioController: #shutdown [requestId=-2783475238329051062]
03-01 21:45:15.782 20270 21108 I AudioController: internalShutdown
03-01 21:45:15.782 20270 21131 I MicroRecognitionRunner: Stopping hotword detection.
03-01 21:45:15.833   788   788 D audio_hw_primary: disable_audio_route: usecase(9) reset and update mixer path: audio-record
03-01 21:45:15.834   788   788 D audio_hw_primary: disable_snd_device: snd_device(120: voice-rec-mic)
03-01 21:45:15.836  1012  1390 D APM_AudioPolicyManager: stopInput() input 172214, session 172321
03-01 21:45:15.837   788  1479 D audio_hw_primary: in_set_parameters: enter: kvpairs=routing=0
03-01 21:45:15.840 20270 21108 I MicrophoneInputStream: mic_close  SR : 16000 CC : 16 SO : 1999
03-01 21:45:15.841 20270 21108 E AudioSource: Stop listening is called on already closed AudioSource
03-01 21:45:15.843 20270 21400 I MicroRecognitionRunner: Detection finished
03-01 21:45:15.868 18710 18710 I chatty  : uid=11054(org.mozilla.fennec_aurora) expire 51 lines
03-01 21:45:15.937 18710 18729 I chatty  : uid=11054(org.mozilla.fennec_aurora) expire 4 lines
03-01 21:45:15.962 18710 18737 I chatty  : uid=11054(org.mozilla.fennec_aurora) expire 12 lines
03-01 21:45:15.980 18710 18736 I chatty  : uid=11054(org.mozilla.fennec_aurora) expire 17 lines
03-01 21:45:16.025 18710 18743 I chatty  : uid=11054(org.mozilla.fennec_aurora) expire 30 lines
03-01 21:45:16.107 18710 18746 I chatty  : uid=11054(org.mozilla.fennec_aurora) expire 1 line
03-01 21:45:16.125 18710 18756 I chatty  : uid=11054(org.mozilla.fennec_aurora) expire 10 lines
03-01 21:45:16.197 18710 18715 I chatty  : uid=11054(org.mozilla.fennec_aurora) expire 8 lines
03-01 21:45:16.433 18710 18710 E ActivityThread: Failed to find provider info for org.mozilla.fennec_aurora.fxa.auth
03-01 21:45:16.503  1456  2923 I ActivityManager: Start proc 18790:org.mozilla.fennec_aurora:tab/u0a1054 for service org.mozilla.fennec_aurora/org.mozilla.gecko.process.GeckoChildProcessServices$tab
03-01 21:45:16.531 18710 18804 I chatty  : uid=11054(org.mozilla.fennec_aurora) expire 9 lines
03-01 21:45:16.621  1456  2204 I ActivityManager: Start proc 18816:org.mozilla.fennec_aurora:socket/u0a1054 for service org.mozilla.fennec_aurora/org.mozilla.gecko.process.GeckoChildProcessServices$socket
03-01 21:45:16.643 18790 18790 I chatty  : uid=11054(org.mozilla.fennec_aurora) expire 2 lines
03-01 21:45:16.644 18790 18830 I chatty  : uid=11054(org.mozilla.fennec_aurora) expire 1 line
03-01 21:45:16.745 18816 18816 I chatty  : uid=11054(org.mozilla.fennec_aurora) expire 2 lines
03-01 21:45:16.746 18816 18833 I chatty  : uid=11054(org.mozilla.fennec_aurora) expire 15 lines
03-01 21:45:16.867  1456  2923 I ActivityManager: Displayed org.mozilla.fennec_aurora/org.mozilla.fenix.HomeActivity: +1s185ms
03-01 21:45:16.867  1456  2923 I ActivityManager: Fully drawn org.mozilla.fennec_aurora/org.mozilla.fenix.HomeActivity: +1s185ms
03-01 21:45:16.916  1456  1673 I LaunchCheckinHandler: Displayed org.mozilla.fennec_aurora/org.mozilla.fenix.HomeActivity,cp,ca,1234
03-01 21:45:16.924 18710 18710 E ActivityThread: Failed to find provider info for org.mozilla.fennec_aurora.fxa.auth
03-01 21:45:17.000 20270 21092 E AudioSource: Stop listening is called on already closed AudioSource
03-01 21:45:17.003 20270 14671 I PBSessionCacheImpl: Deleted sessionId[89149984825590055] from persistence.
03-01 21:45:17.008  1456  2923 I WifiService: getWifiEnabledState uid=10073
03-01 21:45:17.011 20270 21092 I DEBUG   : OpaToSrpTransitionState#onStateChanged#notNullQuery
03-01 21:45:17.013 20270 21092 I DEBUG   : OpaToSrpTransitionState#onStateChanged#notNullQuery
03-01 21:45:17.016 20270 21092 W SearchServiceCore: Abort, client detached.
03-01 21:45:17.018 20270 21092 W SearchServiceCore: Abort, client detached.
03-01 21:45:17.290  1456  1466 I zygote  : Background concurrent copying GC freed 37110(2MB) AllocSpace objects, 21(740KB) LOS objects, 39% free, 37MB/61MB, paused 299us total 352.092ms
03-01 21:45:17.311   808   808 I SFPerfTracer:      triggers: (rate: 57:1995422) (compose: 0:7) (post: 0:19) (render: 0:17) (7:8870421 frames) (8:10619417)
03-01 21:45:17.311   808   808 D SFPerfTracer:        layers: (3:13) (NavigationBar#0 (0xb07df000): 0:643679) (StatusBar#0 (0xb07e3000): 0:1708106) (com.android.systemui.ImageWallpaper#0 (0xb07e7000): 0:57099)* (Sprite#0 (0xb0733000): 0:317)* (DimLayerController/Stack=0#0 (0xb075a000): 0:3734)* (Sprite#1 (0xb077c000): 0:195)* (animation background stackId=1#0 (0xb039b000): 0:108)* (Splash Screen org.mozilla.fennec_aurora#0 (0xb013a000): 0:30)- (org.mozilla.fennec_aurora/org.mozilla.fenix.HomeActivity#0 (0xb017c000): 0:45)- (com.android.launcher3/com.android.launcher3.CustomizationPanelLauncher#0 (0xb0763000): 0:40)- (com.android.launcher3/com.android.launcher3.CustomizationPanelLauncher#1 (0xb0771000): 0:10)- (Splash Screen org.mozilla.fennec_aurora#0 (0xb013a000): 0:30)- (org.mozilla.fennec_aurora/org.mozilla.fenix.HomeActivity#0 (0xb017c000): 7:20) 
03-01 21:45:17.807  1023 18884 D libc    : Internal error: netid(0), id(0xbd18), server(0.0.0.0)
03-01 21:45:17.807  1023 18884 D libc    : Internal error: netid(0), id(0xbd18), server(0.0.0.0)
03-01 21:45:17.808  1023 18884 D libc    : Internal error: netid(0), id(0x5e79), server(0.0.0.0)
03-01 21:45:17.808  1023 18884 D libc    : Internal error: netid(0), id(0x5e79), server(0.0.0.0)
03-01 21:45:17.839 18710 18852 I chatty  : uid=11054(org.mozilla.fennec_aurora) expire 2 lines
03-01 21:45:17.979  1023 18890 D libc    : Internal error: netid(0), id(0x75a), server(0.0.0.0)
03-01 21:45:17.980  1023 18890 D libc    : Internal error: netid(0), id(0x75a), server(0.0.0.0)
03-01 21:45:17.980  1023 18890 D libc    : Internal error: netid(0), id(0xd44a), server(0.0.0.0)
03-01 21:45:17.980  1023 18890 D libc    : Internal error: netid(0), id(0xd44a), server(0.0.0.0)
03-01 21:45:17.981  1023 18894 D libc    : Internal error: netid(0), id(0x8d07), server(0.0.0.0)
03-01 21:45:17.981  1023 18894 D libc    : Internal error: netid(0), id(0x8d07), server(0.0.0.0)
03-01 21:45:17.982  1023 18894 D libc    : Internal error: netid(0), id(0xf131), server(0.0.0.0)
03-01 21:45:17.982  1023 18894 D libc    : Internal error: netid(0), id(0xf131), server(0.0.0.0)
03-01 21:45:17.984  1023 18898 D libc    : Internal error: netid(0), id(0x1473), server(0.0.0.0)
03-01 21:45:17.984  1023 18898 D libc    : Internal error: netid(0), id(0x1473), server(0.0.0.0)
03-01 21:45:17.984  1023 18898 D libc    : Internal error: netid(0), id(0x4631), server(0.0.0.0)
03-01 21:45:17.985  1023 18898 D libc    : Internal error: netid(0), id(0x4631), server(0.0.0.0)
03-01 21:45:18.017 18710 18739 I chatty  : uid=11054(org.mozilla.fennec_aurora) expire 1 line
03-01 21:45:18.017 18710 18766 I chatty  : uid=11054(org.mozilla.fennec_aurora) expire 1 line
03-01 21:45:18.050 18710 18908 I chatty  : uid=11054(org.mozilla.fennec_aurora) expire 1 line
03-01 21:45:18.940  1456  1893 D BatteryService: uevent={POWER_SUPPLY_VOLTAGE_NOW=4323094, POWER_SUPPLY_CHARGE_RATE=Normal, POWER_SUPPLY_HEALTH=Good, POWER_SUPPLY_CURRENT_NOW=65764, POWER_SUPPLY_PRESENT=1, SUBSYSTEM=power_supply, POWER_SUPPLY_TEMP=272, SEQNUM=397247, ACTION=change, POWER_SUPPLY_NAME=battery, POWER_SUPPLY_STATUS=Full, POWER_SUPPLY_CHARGE_COUNTER=2808565, POWER_SUPPLY_CAPACITY=100, DEVPATH=/devices/soc/qpnp-smbcharger-17/power_supply/battery}
03-01 21:45:18.948  2398  2398 D QtiCarrierConfigHelper: WARNING, no carrier configs on phone Id: 0
03-01 21:45:21.334 18933 18933 D AndroidRuntime: >>>>>> START com.android.internal.os.RuntimeInit uid 2000 <<<<<<
03-01 21:45:21.347 18933 18933 W app_process: Could not reserve sentinel fault page
03-01 21:45:21.514 18933 18933 I app_process: The ClassLoaderContext is a special shared library.
03-01 21:45:21.583 18933 18933 D AndroidRuntime: Calling main entry com.android.commands.input.Input
03-01 21:45:21.584 18933 18933 I Input   : injectKeyEvent: KeyEvent { action=ACTION_DOWN, keyCode=KEYCODE_HOME, scanCode=0, metaState=0, flags=0x0, repeatCount=0, eventTime=15193176864, downTime=15193176864, deviceId=-1, source=0x101 }
03-01 21:45:21.592 18933 18933 I Input   : injectKeyEvent: KeyEvent { action=ACTION_UP, keyCode=KEYCODE_HOME, scanCode=0, metaState=0, flags=0x0, repeatCount=0, eventTime=15193176864, downTime=15193176864, deviceId=-1, source=0x101 }
03-01 21:45:21.598  1456  1941 I ActivityManager: START u0 {act=android.intent.action.MAIN cat=[android.intent.category.HOME] flg=0x10200000 cmp=com.android.launcher3/.CustomizationPanelLauncher (has extras)} from uid 1000
03-01 21:45:21.599   794   839 E ANDR-PERF-RESOURCEQS: Failed to apply optimization [4, 0]
03-01 21:45:21.611  1456  1941 I ActivityManager: moveHomeStack, setupComplete:true
03-01 21:45:21.615 18933 18933 D AndroidRuntime: Shutting down VM
03-01 21:45:21.642  2748  2748 D Launcher.Utilities: Wakeup weather: Intent { act=com.motorola.launcher3.action.WAKEUP_WEATHER cmp=com.motorola.timeweatherwidget/com.motorola.commandcenter.weather.WakeUpService }
03-01 21:45:21.656  1456  1456 I NotificationService: Cannot find enqueued record for key: 0|com.motorola.timeweatherwidget|1|null|10116
03-01 21:45:21.659   808   808 D SurfaceFlinger: duplicate layer name: changing com.android.launcher3/com.android.launcher3.CustomizationPanelLauncher to com.android.launcher3/com.android.launcher3.CustomizationPanelLauncher#1
03-01 21:45:21.671 20270 21111 W ThreadPoolDumper: Queue length for executor EventBus is now 11. Perhaps some tasks are too long, or the pool is too small.
03-01 21:45:21.674  1456  2204 I WifiService: getWifiEnabledState uid=10073
03-01 21:45:21.693  1456  2915 I WifiService: getWifiEnabledState uid=10073
03-01 21:45:21.704 20270 21092 I DEBUG   : OpaToSrpTransitionState#onStateChanged#notNullQuery
03-01 21:45:21.705 20270 21092 I DEBUG   : OpaToSrpTransitionState#onStateChanged#notNullQuery
03-01 21:45:21.728 20270 21092 I MicroDetectionState: Should stop hotword detection immediately - false
03-01 21:45:21.734 20270 21092 I MicroDetectionWorker: #startMicroDetector [speakerMode: 0]
03-01 21:45:21.736 20270 21092 I AudioController: Created new AudioSource
03-01 21:45:21.749  1456  1673 I LaunchCheckinHandler: Displayed com.android.launcher3/.CustomizationPanelLauncher,wp,wa,150
03-01 21:45:21.751 20270 21107 I MicroDataManager: isInitializedWithLatestParams-true
03-01 21:45:21.751 20270 21107 I MicroDataManager: isInitializing-false locale not changed-true model not changed-true
03-01 21:45:21.751 20270 21107 I MicroDataManager: Already initialized, obtaining the hotword data immediately.
03-01 21:45:21.761 20270 17075 I MicroRecognitionRunner: Starting detection.
03-01 21:45:21.762 20270 17075 I InputStreamUtils: Using micInputStream
03-01 21:45:21.763 20270 12166 I MicrophoneInputStream: mic_starting  SR : 16000 CC : 16 SO : 1999
03-01 21:45:21.765   788  1479 V msm8974_platform: platform_check_input_mask: enter check_input_mask source 6 mask 10
03-01 21:45:21.767  1012 18947 I AudioFlinger: AudioFlinger's thread 0xb24832c0 tid=18947 ready to run
03-01 21:45:21.776   788  1479 D audio_hw_primary: in_set_parameters: enter: kvpairs=input_source=6;routing=-2147483644
03-01 21:45:21.777  1012  1390 D APM_AudioPolicyManager: AudioPolicyManager::startInput() input 172222, session 172329, source = 1999
03-01 21:45:21.779   788 18948 V msm8974_platform: platform_update_usecase_from_source: input source :6
03-01 21:45:21.779   788 18948 V msm8974_platform: platform_check_input_mask: enter check_input_mask source 6 mask 10
03-01 21:45:21.779   788 18948 V msm8974_platform: platform_get_input_snd_device: enter: out_device(0) in_device(0x4) channel_count (1) channel_mask (0x10)
03-01 21:45:21.779 20270 12166 I MicrophoneInputStream: mic_started  SR : 16000 CC : 16 SO : 1999
03-01 21:45:21.779   788 18948 V msm8974_platform: platform_get_input_snd_device: exit: in_snd_device(voice-rec-mic)
03-01 21:45:21.779   788 18948 V msm8974_platform: platform_get_backend_index:napb: backend port - 5 device - 120 
03-01 21:45:21.779   788 18948 V msm8974_platform: platform_check_and_set_capture_backend_cfg:txbecf: afe: bitwidth 0, samplerate 0, channel 1, backend_idx 5 usecase = 9 device (voice-rec-mic)
03-01 21:45:21.779   788 18948 V msm8974_platform: platform_check_capture_backend_cfg:txbecf: afe: Codec selected backend: 5 current bit width: 0 and sample rate: 0, channels 1
03-01 21:45:21.779   788 18948 V msm8974_platform: platform_check_capture_backend_cfg:txbecf: afe: Codec selected backend: 5 updated bit width: 0 and sample rate: 0
03-01 21:45:21.779   788 18948 I msm8974_platform: platform_check_capture_backend_cfg:txbecf: afe: Codec backend needs to be updated. new bit width: 0 new sample rate: 0 new channel: 1
03-01 21:45:21.779   788 18948 V msm8974_platform: platform_get_backend_index:napb: backend port - 5 device - 120 
03-01 21:45:21.779   788 18948 V msm8974_platform: platform_set_backend_cfg:becf: afe: bitwidth 0, samplerate 0 channels 1, backend_idx 5 device (voice-rec-mic)
03-01 21:45:21.780   788 18948 E msm8974_platform: platform_set_backend_cfg:becf: afe: Could not get ctl for mixer command - SLIM_0_TX Format
03-01 21:45:21.780   788 18948 V msm8974_platform: platform_send_audio_calibration: sending audio calibration for snd_device(120) acdb_id(62)
03-01 21:45:21.780   788 18948 D ACDB-LOADER: ACDB -> send_audio_cal, acdb_id = 62, path = 1, app id = 0x11130, sample rate = 48000
03-01 21:45:21.780   788 18948 D ACDB-LOADER: ACDB -> send_asm_topology
03-01 21:45:21.780   788 18948 D ACDB-LOADER: ACDB -> ACDB_CMD_GET_AUDPROC_STREAM_TOPOLOGY_ID
03-01 21:45:21.780   788 18948 D ACDB-LOADER: ACDB -> send_adm_topology
03-01 21:45:21.780   788 18948 D ACDB-LOADER: ACDB -> ACDB_CMD_GET_AUDPROC_COMMON_TOPOLOGY_ID
03-01 21:45:21.780   788 18948 D ACDB-LOADER: ACDB -> send_audtable
03-01 21:45:21.780   788 18948 D ACDB-LOADER: ACDB -> ACDB_CMD_GET_AUDPROC_COMMON_TABLE_SIZE
03-01 21:45:21.780   788 18948 D ACDB-LOADER: ACDB -> ACDB_CMD_GET_AUDPROC_COMMON_TABLE
03-01 21:45:21.780   788 18948 D ACDB-LOADER: ACDB -> AUDIO_SET_AUDPROC_CAL
03-01 21:45:21.780   788 18948 D ACDB-LOADER: ACDB -> send_audvoltable
03-01 21:45:21.780   788 18948 D ACDB-LOADER: ACDB -> ACDB_CMD_GET_AUDPROC_VOL_STEP_TABLE_SIZE
03-01 21:45:21.780   788 18948 D ACDB-LOADER: ACDB -> ACDB_CMD_GET_AUDPROC_GAIN_DEP_STEP_TABLE, vol index 0
03-01 21:45:21.780   788 18948 D         : Failed to fetch the lookup information of the device 0000003E 
03-01 21:45:21.780   788 18948 D ACDB-LOADER: ACDB -> AUDIO_SET_VOL_CAL cal type = 12
03-01 21:45:21.780   788 18948 D ACDB-LOADER: ACDB -> ACDB_CMD_GET_AUDPROC_STREAM_TABLE_SIZE
03-01 21:45:21.780   788 18948 D ACDB-LOADER: ACDB -> send_audstrmtable
03-01 21:45:21.781   788 18948 D ACDB-LOADER: ACDB -> ACDB_CMD_GET_AUDPROC_STREAM_TABLE_V2
03-01 21:45:21.781   788 18948 D ACDB-LOADER: ACDB -> audstrm_cal->cal_type.cal_data.cal_size = 456
03-01 21:45:21.781   788 18948 D ACDB-LOADER: ACDB -> send_afe_topology
03-01 21:45:21.781   788 18948 D ACDB-LOADER: ACDB -> ACDB_CMD_GET_AFE_TOPOLOGY_ID
03-01 21:45:21.781   788 18948 D ACDB-LOADER: ACDB -> GET_AFE_TOPOLOGY_ID for adcd_id 62, Topology Id 112fb
03-01 21:45:21.781   788 18948 D ACDB-LOADER: ACDB -> send_afe_cal
03-01 21:45:21.781   788 18948 D ACDB-LOADER: ACDB -> ACDB_CMD_GET_AFE_COMMON_TABLE_SIZE
03-01 21:45:21.781   788 18948 D         : Failed to fetch the lookup information of the device 0000003E 
03-01 21:45:21.781   788 18948 E ACDB-LOADER: Error: ACDB_CMD_GET_AFE_COMMON_TABLE_SIZE Returned = -19
03-01 21:45:21.781   788 18948 D ACDB-LOADER: ACDB -> ACDB_CMD_GET_AFE_COMMON_TABLE
03-01 21:45:21.781   788 18948 D         : Failed to fetch the lookup information of the device 0000003E 
03-01 21:45:21.781   788 18948 D ACDB-LOADER: ACDB -> AUDIO_SET_AFE_CAL
03-01 21:45:21.781   788 18948 D ACDB-LOADER: ACDB -> send_hw_delay : acdb_id = 62 path = 1
03-01 21:45:21.781   788 18948 D ACDB-LOADER: ACDB -> ACDB_AVSYNC_INFO: ACDB_CMD_GET_DEVICE_PROPERTY
03-01 21:45:21.781   788 18948 D audio_hw_primary: enable_snd_device: snd_device(120: voice-rec-mic)
03-01 21:45:21.781   788 18948 D audio_route: Apply path: voice-rec-mic
03-01 21:45:21.784   788 18948 V msm8974_platform: platform_get_snd_device_backend_index: enter with device 120
03-01 21:45:21.784   788 18948 E msm8974_platform: platform_get_snd_device_backend_index: BE DAI Name Table is not present
03-01 21:45:21.784   788 18948 V msm8974_platform: platform_get_backend_index:napb: backend port - 5 device - 120 
03-01 21:45:21.784   788 18948 I audio_hw_utils: Set Audio Stream Capture 0 App Type Cfg: app_type 69936, acdb_dev_id 62, sample_rate 48000, snd_device_be_idx -14
03-01 21:45:21.784   788 18948 D audio_hw_primary: enable_audio_route: usecase(9) apply and update mixer path: audio-record
03-01 21:45:21.784   788 18948 D audio_route: Apply path: audio-record
03-01 21:45:21.855 20270 21092 I MicroDetectionWorker: onReady
03-01 21:45:21.870  2146  2165 I zygote  : NativeAlloc concurrent copying GC freed 20863(1101KB) AllocSpace objects, 0(0B) LOS objects, 49% free, 6MB/13MB, paused 192us total 102.158ms
03-01 21:45:22.162  1456  7796 I OpenGLRenderer: Initialized EGL, version 1.4
03-01 21:45:22.162  1456  7796 D OpenGLRenderer: Swap behavior 2
03-01 21:45:22.191  2748  2917 W OpenGLRenderer: Incorrectly called buildLayer on View: ShortcutAndWidgetContainer, destroying layer...
03-01 21:45:22.307 18710 18765 I chatty  : uid=11054(org.mozilla.fennec_aurora) expire 1 line
03-01 21:45:22.354   808   898 I SFPerfTracer:      triggers: (rate: 0:1) (0 sw vsyncs) (0 skipped) (38:4770800 vsyncs) (40:10683126)
03-01 21:45:23.591 20270 20291 I zygote  : Background concurrent copying GC freed 345031(18MB) AllocSpace objects, 20(6MB) LOS objects, 16% free, 119MB/143MB, paused 168us total 1.880s
03-01 21:45:26.778  1456  2204 I ActivityManager: Force stopping org.mozilla.fennec_aurora appid=11054 user=0: from pid 18951
03-01 21:45:26.778  1456  2204 I ActivityManager: Killing 18710:org.mozilla.fennec_aurora/u0a1054 (adj 700): stop org.mozilla.fennec_aurora
03-01 21:45:26.780  1456  1605 W zygote  : kill(-18710, 9) failed: No such process
03-01 21:45:26.782  1456  2204 W ActivityManager: Force removing ActivityRecord{6b927d6 u0 org.mozilla.fennec_aurora/org.mozilla.fenix.HomeActivity t30744}: app died, no saved state
03-01 21:45:26.791  1456  2204 I ActivityManager: Killing 18816:org.mozilla.fennec_aurora:socket/u0a1054 (adj 0): stop org.mozilla.fennec_aurora
03-01 21:45:26.794  1456  2204 I ActivityManager: Killing 18790:org.mozilla.fennec_aurora:tab/u0a1054 (adj 0): stop org.mozilla.fennec_aurora
03-01 21:45:26.804  1456  1605 W zygote  : kill(-18710, 9) failed: No such process
03-01 21:45:26.805  2398  2398 D CarrierSvcBindHelper: No carrier app for: 0
03-01 21:45:26.807  2398  2398 D CarrierSvcBindHelper: No carrier app for: 1
03-01 21:45:26.817  1456  1605 W zygote  : kill(-18710, 9) failed: No such process
03-01 21:45:26.866  1456  1673 W ActivityManager: setHasOverlayUi called on unknown pid: 18710
03-01 21:45:26.879  1456  1605 W zygote  : kill(-18710, 9) failed: No such process
03-01 21:45:26.880  1456  1605 I zygote  : Successfully killed process cgroup uid 11054 pid 18710 in 99ms
03-01 21:45:26.880  1456  1605 W zygote  : kill(-18816, 9) failed: No such process
03-01 21:45:26.880  1456  1605 I zygote  : Successfully killed process cgroup uid 11054 pid 18816 in 0ms
03-01 21:45:26.880  1456  1605 W zygote  : kill(-18790, 9) failed: No such process
03-01 21:45:26.880  1456  1605 I zygote  : Successfully killed process cgroup uid 11054 pid 18790 in 0ms
03-01 21:45:26.906  1456  5907 I ActivityManager: START u0 {act=android.intent.action.MAIN cat=[android.intent.category.LAUNCHER] flg=0x10000000 cmp=org.mozilla.fennec_aurora/org.mozilla.fenix.HomeActivity} from uid 2000
03-01 21:45:26.906   794   839 E ANDR-PERF-RESOURCEQS: Failed to apply optimization [4, 0]
03-01 21:45:26.928  1456  4679 I ActivityManager: Start proc 18959:org.mozilla.fennec_aurora/u0a1054 for activity org.mozilla.fennec_aurora/org.mozilla.fenix.HomeActivity
03-01 21:45:27.013 20270 21092 I MicroDetectionState: Should stop hotword detection immediately - false
03-01 21:45:27.013 20270 21092 I MicroDetector: Keeping mic open: false
03-01 21:45:27.013 20270 21092 I RecognitionAudioControl: #shutdownAudio [requestId: -333559264579929087, keepAudioOpen: false, forced: true]
03-01 21:45:27.013 20270 21400 E DeviceStateChecker: DeviceStateChecker cancelled
03-01 21:45:27.013 20270 21092 I RecognitionAudioControl: #internalShutdownAudio [requestId: -333559264579929087]
03-01 21:45:27.013 20270 21092 I RecognitionAudioControl: #internalShutdownAudio [keepAudioOpen: false, forced: true]
03-01 21:45:27.013 20270 21092 I RecognitionAudioControl: #actualShutdownAudio
03-01 21:45:27.013 20270 21092 I AudioController: #shutdown [requestId=-333559264579929087]
03-01 21:45:27.014 20270 21132 I AudioController: internalShutdown
03-01 21:45:27.014 20270 21108 I MicroRecognitionRunner: Stopping hotword detection.
03-01 21:45:27.075   788  1479 D audio_hw_primary: disable_audio_route: usecase(9) reset and update mixer path: audio-record
03-01 21:45:27.076   788  1479 D audio_hw_primary: disable_snd_device: snd_device(120: voice-rec-mic)
03-01 21:45:27.079  1012  1390 D APM_AudioPolicyManager: stopInput() input 172222, session 172329
03-01 21:45:27.079   788  1479 D audio_hw_primary: in_set_parameters: enter: kvpairs=routing=0
03-01 21:45:27.081 18959 18959 I chatty  : uid=11054(org.mozilla.fennec_aurora) expire 13 lines
03-01 21:45:27.081 20270 21132 I MicrophoneInputStream: mic_close  SR : 16000 CC : 16 SO : 1999
03-01 21:45:27.081 20270 21132 E AudioSource: Stop listening is called on already closed AudioSource
03-01 21:45:27.083 20270 17075 I MicroRecognitionRunner: Detection finished
03-01 21:45:27.160 18959 18978 I chatty  : uid=11054(org.mozilla.fennec_aurora) expire 4 lines
03-01 21:45:27.178  1456  2920 D ConnectivityService: requestNetwork for uid/pid:11054/18959 NetworkRequest [ TRACK_DEFAULT id=28936, [ Capabilities: INTERNET&NOT_RESTRICTED&TRUSTED&NOT_VPN] ]
03-01 21:45:27.179  1456  2099 D Ethernet: got request NetworkRequest [ TRACK_DEFAULT id=28936, [ Capabilities: INTERNET&NOT_RESTRICTED&TRUSTED&NOT_VPN] ] with score 0
03-01 21:45:27.179  1456  2054 D WIFI_UT : got request NetworkRequest [ TRACK_DEFAULT id=28936, [ Capabilities: INTERNET&NOT_RESTRICTED&TRUSTED&NOT_VPN] ] with score 0
03-01 21:45:27.180  1456  2054 D WIFI    : got request NetworkRequest [ TRACK_DEFAULT id=28936, [ Capabilities: INTERNET&NOT_RESTRICTED&TRUSTED&NOT_VPN] ] with score 0
03-01 21:45:27.180  2398  2398 D PhoneSwitcherNetworkRequstListener: got request NetworkRequest [ TRACK_DEFAULT id=28936, [ Capabilities: INTERNET&NOT_RESTRICTED&TRUSTED&NOT_VPN] ] with score 0
03-01 21:45:27.186 18959 18989 I chatty  : uid=11054(org.mozilla.fennec_aurora) expire 11 lines
03-01 21:45:27.213 18959 18988 I chatty  : uid=11054(org.mozilla.fennec_aurora) expire 11 lines
03-01 21:45:27.245 18959 18995 I chatty  : uid=11054(org.mozilla.fennec_aurora) expire 30 lines
03-01 21:45:27.315 18959 18959 I chatty  : uid=11054(org.mozilla.fennec_aurora) expire 38 lines
03-01 21:45:27.330 18959 18998 I chatty  : uid=11054(org.mozilla.fennec_aurora) expire 1 line
03-01 21:45:27.346 18959 19006 I chatty  : uid=11054(org.mozilla.fennec_aurora) expire 10 lines
03-01 21:45:27.430 18959 18964 I chatty  : uid=11054(org.mozilla.fennec_aurora) expire 8 lines
03-01 21:45:27.645 18959 18959 E ActivityThread: Failed to find provider info for org.mozilla.fennec_aurora.fxa.auth
03-01 21:45:27.720  1456  2920 I ActivityManager: Start proc 19039:org.mozilla.fennec_aurora:tab/u0a1054 for service org.mozilla.fennec_aurora/org.mozilla.gecko.process.GeckoChildProcessServices$tab
03-01 21:45:27.740 18959 19053 I chatty  : uid=11054(org.mozilla.fennec_aurora) expire 9 lines
03-01 21:45:27.841  1456  2920 I ActivityManager: Start proc 19067:org.mozilla.fennec_aurora:socket/u0a1054 for service org.mozilla.fennec_aurora/org.mozilla.gecko.process.GeckoChildProcessServices$socket
03-01 21:45:27.857 19039 19039 I chatty  : uid=11054(org.mozilla.fennec_aurora) expire 2 lines
03-01 21:45:27.857 19039 19080 I chatty  : uid=11054(org.mozilla.fennec_aurora) expire 1 line
03-01 21:45:27.962 19067 19067 I chatty  : uid=11054(org.mozilla.fennec_aurora) expire 2 lines
03-01 21:45:27.962 19067 19084 I chatty  : uid=11054(org.mozilla.fennec_aurora) expire 15 lines
03-01 21:45:28.065  1456 10366 I ActivityManager: Displayed org.mozilla.fennec_aurora/org.mozilla.fenix.HomeActivity: +1s151ms
03-01 21:45:28.066  1456 10366 I ActivityManager: Fully drawn org.mozilla.fennec_aurora/org.mozilla.fenix.HomeActivity: +1s151ms
03-01 21:45:28.116  1456  1673 I LaunchCheckinHandler: Displayed org.mozilla.fennec_aurora/org.mozilla.fenix.HomeActivity,cp,ca,1202
03-01 21:45:28.125 18959 18959 E ActivityThread: Failed to find provider info for org.mozilla.fennec_aurora.fxa.auth
03-01 21:45:28.198 20270 21092 E AudioSource: Stop listening is called on already closed AudioSource
03-01 21:45:28.200 20270 12166 I PBSessionCacheImpl: Deleted sessionId[89149984825590060] from persistence.
03-01 21:45:28.204  1456 10366 I WifiService: getWifiEnabledState uid=10073
03-01 21:45:28.207 20270 21092 I DEBUG   : OpaToSrpTransitionState#onStateChanged#notNullQuery
03-01 21:45:28.208 20270 21092 I DEBUG   : OpaToSrpTransitionState#onStateChanged#notNullQuery
03-01 21:45:28.210 20270 21092 W SearchServiceCore: Abort, client detached.
03-01 21:45:28.210 20270 21092 I chatty  : uid=10073(com.google.android.googlequicksearchbox) EventBus0 identical 2 lines
03-01 21:45:28.211 20270 21092 W SearchServiceCore: Abort, client detached.
03-01 21:45:28.997  1023 19137 D libc    : Internal error: netid(0), id(0x7844), server(0.0.0.0)
03-01 21:45:28.997  1023 19137 D libc    : Internal error: netid(0), id(0x7844), server(0.0.0.0)
03-01 21:45:28.997  1023 19137 D libc    : Internal error: netid(0), id(0xa925), server(0.0.0.0)
03-01 21:45:28.998  1023 19137 D libc    : Internal error: netid(0), id(0xa925), server(0.0.0.0)
03-01 21:45:29.029 18959 19132 I chatty  : uid=11054(org.mozilla.fennec_aurora) expire 2 lines
03-01 21:45:29.169  1023 19142 D libc    : Internal error: netid(0), id(0x8f24), server(0.0.0.0)
03-01 21:45:29.169  1023 19142 D libc    : Internal error: netid(0), id(0x8f24), server(0.0.0.0)
03-01 21:45:29.170  1023 19142 D libc    : Internal error: netid(0), id(0xce14), server(0.0.0.0)
03-01 21:45:29.170  1023 19142 D libc    : Internal error: netid(0), id(0xce14), server(0.0.0.0)
03-01 21:45:29.171  1023 19146 D libc    : Internal error: netid(0), id(0xd102), server(0.0.0.0)
03-01 21:45:29.171  1023 19146 D libc    : Internal error: netid(0), id(0xd102), server(0.0.0.0)
03-01 21:45:29.171  1023 19146 D libc    : Internal error: netid(0), id(0xcc6f), server(0.0.0.0)
03-01 21:45:29.171  1023 19146 D libc    : Internal error: netid(0), id(0xcc6f), server(0.0.0.0)
03-01 21:45:29.174  1023 19151 D libc    : Internal error: netid(0), id(0xa461), server(0.0.0.0)
03-01 21:45:29.175  1023 19151 D libc    : Internal error: netid(0), id(0xa461), server(0.0.0.0)
03-01 21:45:29.175  1023 19151 D libc    : Internal error: netid(0), id(0x925f), server(0.0.0.0)
03-01 21:45:29.176  1023 19151 D libc    : Internal error: netid(0), id(0x925f), server(0.0.0.0)
03-01 21:45:29.206 18959 18989 I chatty  : uid=11054(org.mozilla.fennec_aurora) expire 1 line
03-01 21:45:29.206 18959 19014 I chatty  : uid=11054(org.mozilla.fennec_aurora) expire 1 line
03-01 21:45:29.207 18959 19012 I chatty  : uid=11054(org.mozilla.fennec_aurora) expire 1 line
03-01 21:45:29.243 18959 18991 I chatty  : uid=11054(org.mozilla.fennec_aurora) expire 1 line
03-01 21:45:32.567 19182 19182 D AndroidRuntime: >>>>>> START com.android.internal.os.RuntimeInit uid 2000 <<<<<<
03-01 21:45:32.580 19182 19182 W app_process: Could not reserve sentinel fault page
03-01 21:45:32.746 19182 19182 I app_process: The ClassLoaderContext is a special shared library.
03-01 21:45:32.816 19182 19182 D AndroidRuntime: Calling main entry com.android.commands.input.Input
03-01 21:45:32.817 19182 19182 I Input   : injectKeyEvent: KeyEvent { action=ACTION_DOWN, keyCode=KEYCODE_HOME, scanCode=0, metaState=0, flags=0x0, repeatCount=0, eventTime=15193188097, downTime=15193188097, deviceId=-1, source=0x101 }
03-01 21:45:32.829 19182 19182 I Input   : injectKeyEvent: KeyEvent { action=ACTION_UP, keyCode=KEYCODE_HOME, scanCode=0, metaState=0, flags=0x0, repeatCount=0, eventTime=15193188097, downTime=15193188097, deviceId=-1, source=0x101 }
03-01 21:45:32.835  1456  1941 I ActivityManager: START u0 {act=android.intent.action.MAIN cat=[android.intent.category.HOME] flg=0x10200000 cmp=com.android.launcher3/.CustomizationPanelLauncher (has extras)} from uid 1000
03-01 21:45:32.835   794   839 E ANDR-PERF-RESOURCEQS: Failed to apply optimization [4, 0]
03-01 21:45:32.848  1456  1941 I ActivityManager: moveHomeStack, setupComplete:true
03-01 21:45:32.859 19182 19182 D AndroidRuntime: Shutting down VM
03-01 21:45:32.873  2748  2748 D Launcher.Utilities: Wakeup weather: Intent { act=com.motorola.launcher3.action.WAKEUP_WEATHER cmp=com.motorola.timeweatherwidget/com.motorola.commandcenter.weather.WakeUpService }
03-01 21:45:32.888  1456  1456 I NotificationService: Cannot find enqueued record for key: 0|com.motorola.timeweatherwidget|1|null|10116
03-01 21:45:32.891   808   808 D SurfaceFlinger: duplicate layer name: changing com.android.launcher3/com.android.launcher3.CustomizationPanelLauncher to com.android.launcher3/com.android.launcher3.CustomizationPanelLauncher#1
03-01 21:45:32.897 20270 21125 W ThreadPoolDumper: Queue length for executor EventBus is now 11. Perhaps some tasks are too long, or the pool is too small.
03-01 21:45:32.899   808   808 I SFPerfTracer:      triggers: (rate: 57:1995422) (compose: 0:7) (post: 0:19) (render: 0:17) (1:8870488 frames) (2:10619517)
03-01 21:45:32.899   808   808 D SFPerfTracer:        layers: (3:13) (NavigationBar#0 (0xb07df000): 0:643701) (StatusBar#0 (0xb07e3000): 0:1708129) (com.android.systemui.ImageWallpaper#0 (0xb07e7000): 0:57101)* (Sprite#0 (0xb0733000): 0:317)* (DimLayerController/Stack=0#0 (0xb075a000): 0:3734)* (Sprite#1 (0xb077c000): 0:195)* (animation background stackId=1#0 (0xb039b000): 0:108)* (org.mozilla.fennec_aurora/org.mozilla.fenix.HomeActivity#0 (0xb017c000): 0:47)- (com.android.launcher3/com.android.launcher3.CustomizationPanelLauncher#0 (0xb0763000): 0:41)- (com.android.launcher3/com.android.launcher3.CustomizationPanelLauncher#1 (0xb0771000): 0:11)- (Splash Screen org.mozilla.fennec_aurora#0 (0xb013a000): 0:30)- (org.mozilla.fennec_aurora/org.mozilla.fenix.HomeActivity#0 (0xb017c000): 1:22) (com.android.launcher3/com.android.launcher3.CustomizationPanelLauncher#0 (0xb0763000): 2:2)* 
03-01 21:45:32.899  1456  4679 I WifiService: getWifiEnabledState uid=10073
03-01 21:45:32.915  1456 10366 I WifiService: getWifiEnabledState uid=10073
03-01 21:45:32.928 20270 21092 I DEBUG   : OpaToSrpTransitionState#onStateChanged#notNullQuery
03-01 21:45:32.929 20270 21092 I DEBUG   : OpaToSrpTransitionState#onStateChanged#notNullQuery
03-01 21:45:32.946 20270 21092 I MicroDetectionState: Should stop hotword detection immediately - false
03-01 21:45:32.951 20270 21092 I MicroDetectionWorker: #startMicroDetector [speakerMode: 0]
03-01 21:45:32.952 20270 21092 I AudioController: Created new AudioSource
03-01 21:45:32.978 20270 21107 I MicroDataManager: isInitializedWithLatestParams-true
03-01 21:45:32.978 20270 21107 I MicroDataManager: isInitializing-false locale not changed-true model not changed-true
03-01 21:45:32.978 20270 21107 I MicroDataManager: Already initialized, obtaining the hotword data immediately.
03-01 21:45:32.986  1456  1673 I LaunchCheckinHandler: Displayed com.android.launcher3/.CustomizationPanelLauncher,wp,wa,151
03-01 21:45:32.988 20270 21400 I MicroRecognitionRunner: Starting detection.
03-01 21:45:32.988 20270 21400 I InputStreamUtils: Using micInputStream
03-01 21:45:32.989 20270 14671 I MicrophoneInputStream: mic_starting  SR : 16000 CC : 16 SO : 1999
03-01 21:45:32.991   788  1479 V msm8974_platform: platform_check_input_mask: enter check_input_mask source 6 mask 10
03-01 21:45:32.993  1012 19196 I AudioFlinger: AudioFlinger's thread 0xb2483400 tid=19196 ready to run
03-01 21:45:32.999   788  1479 D audio_hw_primary: in_set_parameters: enter: kvpairs=input_source=6;routing=-2147483644
03-01 21:45:33.003  1012 19499 D APM_AudioPolicyManager: AudioPolicyManager::startInput() input 172230, session 172337, source = 1999
03-01 21:45:33.003 20270 14671 I MicrophoneInputStream: mic_started  SR : 16000 CC : 16 SO : 1999
03-01 21:45:33.005   788 19197 V msm8974_platform: platform_update_usecase_from_source: input source :6
03-01 21:45:33.005   788 19197 V msm8974_platform: platform_check_input_mask: enter check_input_mask source 6 mask 10
03-01 21:45:33.005   788 19197 V msm8974_platform: platform_get_input_snd_device: enter: out_device(0) in_device(0x4) channel_count (1) channel_mask (0x10)
03-01 21:45:33.005   788 19197 V msm8974_platform: platform_get_input_snd_device: exit: in_snd_device(voice-rec-mic)
03-01 21:45:33.005   788 19197 V msm8974_platform: platform_get_backend_index:napb: backend port - 5 device - 120 
03-01 21:45:33.005   788 19197 V msm8974_platform: platform_check_and_set_capture_backend_cfg:txbecf: afe: bitwidth 0, samplerate 0, channel 1, backend_idx 5 usecase = 9 device (voice-rec-mic)
03-01 21:45:33.006   788 19197 V msm8974_platform: platform_check_capture_backend_cfg:txbecf: afe: Codec selected backend: 5 current bit width: 0 and sample rate: 0, channels 1
03-01 21:45:33.006   788 19197 V msm8974_platform: platform_check_capture_backend_cfg:txbecf: afe: Codec selected backend: 5 updated bit width: 0 and sample rate: 0
03-01 21:45:33.006   788 19197 I msm8974_platform: platform_check_capture_backend_cfg:txbecf: afe: Codec backend needs to be updated. new bit width: 0 new sample rate: 0 new channel: 1
03-01 21:45:33.006   788 19197 V msm8974_platform: platform_get_backend_index:napb: backend port - 5 device - 120 
03-01 21:45:33.006   788 19197 V msm8974_platform: platform_set_backend_cfg:becf: afe: bitwidth 0, samplerate 0 channels 1, backend_idx 5 device (voice-rec-mic)
03-01 21:45:33.006   788 19197 E msm8974_platform: platform_set_backend_cfg:becf: afe: Could not get ctl for mixer command - SLIM_0_TX Format
03-01 21:45:33.006   788 19197 V msm8974_platform: platform_send_audio_calibration: sending audio calibration for snd_device(120) acdb_id(62)
03-01 21:45:33.006   788 19197 D ACDB-LOADER: ACDB -> send_audio_cal, acdb_id = 62, path = 1, app id = 0x11130, sample rate = 48000
03-01 21:45:33.006   788 19197 D ACDB-LOADER: ACDB -> send_asm_topology
03-01 21:45:33.006   788 19197 D ACDB-LOADER: ACDB -> ACDB_CMD_GET_AUDPROC_STREAM_TOPOLOGY_ID
03-01 21:45:33.007   788 19197 D ACDB-LOADER: ACDB -> send_adm_topology
03-01 21:45:33.007   788 19197 D ACDB-LOADER: ACDB -> ACDB_CMD_GET_AUDPROC_COMMON_TOPOLOGY_ID
03-01 21:45:33.007   788 19197 D ACDB-LOADER: ACDB -> send_audtable
03-01 21:45:33.007   788 19197 D ACDB-LOADER: ACDB -> ACDB_CMD_GET_AUDPROC_COMMON_TABLE_SIZE
03-01 21:45:33.007   788 19197 D ACDB-LOADER: ACDB -> ACDB_CMD_GET_AUDPROC_COMMON_TABLE
03-01 21:45:33.007   788 19197 D ACDB-LOADER: ACDB -> AUDIO_SET_AUDPROC_CAL
03-01 21:45:33.007   788 19197 D ACDB-LOADER: ACDB -> send_audvoltable
03-01 21:45:33.007   788 19197 D ACDB-LOADER: ACDB -> ACDB_CMD_GET_AUDPROC_VOL_STEP_TABLE_SIZE
03-01 21:45:33.007   788 19197 D ACDB-LOADER: ACDB -> ACDB_CMD_GET_AUDPROC_GAIN_DEP_STEP_TABLE, vol index 0
03-01 21:45:33.007   788 19197 D         : Failed to fetch the lookup information of the device 0000003E 
03-01 21:45:33.007   788 19197 D ACDB-LOADER: ACDB -> AUDIO_SET_VOL_CAL cal type = 12
03-01 21:45:33.007   788 19197 D ACDB-LOADER: ACDB -> ACDB_CMD_GET_AUDPROC_STREAM_TABLE_SIZE
03-01 21:45:33.007   788 19197 D ACDB-LOADER: ACDB -> send_audstrmtable
