03-23 22:02:02.088  1456  1456 I NotificationService: Cannot find enqueued record for key: 0|com.motorola.timeweatherwidget|1|null|10116
03-23 22:02:02.092   808   808 D SurfaceFlinger: duplicate layer name: changing com.android.launcher3/com.android.launcher3.CustomizationPanelLauncher to com.android.launcher3/com.android.launcher3.CustomizationPanelLauncher#1
03-23 22:02:02.096 28336 28369 W ThreadPoolDumper: Queue length for executor EventBus is now 11. Perhaps some tasks are too long, or the pool is too small.
03-23 22:02:02.098  1456 10962 I WifiService: getWifiEnabledState uid=10073
03-23 22:02:02.115  1456 10366 I WifiService: getWifiEnabledState uid=10073
03-23 22:02:02.126 28336 28379 I DEBUG   : OpaToSrpTransitionState#onStateChanged#notNullQuery
03-23 22:02:02.127 28336 28379 I DEBUG   : OpaToSrpTransitionState#onStateChanged#notNullQuery
03-23 22:02:02.143 28336 28379 I MicroDetectionState: Should stop hotword detection immediately - false
03-23 22:02:02.147 28336 28379 I MicroDetectionWorker: #startMicroDetector [speakerMode: 0]
03-23 22:02:02.148 28336 28379 I AudioController: Created new AudioSource
03-23 22:02:02.151 19966 19966 I [INFO][Leanplum]: [com.leanplum.internal.RequestOld::sendIfConnected::4]: Device is offline, will send later
03-23 22:02:02.152 28336 28374 I MicroDataManager: isInitializedWithLatestParams-true
03-23 22:02:02.152 28336 28374 I MicroDataManager: isInitializing-false locale not changed-true model not changed-true
03-23 22:02:02.153 28336 28374 I MicroDataManager: Already initialized, obtaining the hotword data immediately.
03-23 22:02:02.159 28336 21549 I MicroRecognitionRunner: Starting detection.
03-23 22:02:02.159 28336 21549 I InputStreamUtils: Using micInputStream
03-23 22:02:02.159 19966 19966 D SessionManager: onTrimMemory(80): clearThumbnails=true, closeEngineSessions=true
03-23 22:02:02.160 28336 27314 I MicrophoneInputStream: mic_starting  SR : 16000 CC : 16 SO : 1999
03-23 22:02:02.163   788   788 V msm8974_platform: platform_check_input_mask: enter check_input_mask source 6 mask 10
03-23 22:02:02.165  1012 20263 I AudioFlinger: AudioFlinger's thread 0xb24839c0 tid=20263 ready to run
03-23 22:02:02.169 19966 19966 D SessionManager: Cleared 1 thumbnail(s) and unlinked 1 engine sessions(s)
03-23 22:02:02.174 19966 19966 I zygote  : Deoptimizing kotlinx.coroutines.internal.LockFreeLinkedListNode kotlinx.coroutines.internal.LockFreeLinkedListNode.correctPrev(kotlinx.coroutines.internal.OpDescriptor) due to JIT inline cache
03-23 22:02:02.175   788   788 D audio_hw_primary: in_set_parameters: enter: kvpairs=input_source=6;routing=-2147483644
03-23 22:02:02.176  1012 26683 D APM_AudioPolicyManager: AudioPolicyManager::startInput() input 244422, session 244537, source = 1999
03-23 22:02:02.177   788 20265 V msm8974_platform: platform_update_usecase_from_source: input source :6
03-23 22:02:02.177 28336 27314 I MicrophoneInputStream: mic_started  SR : 16000 CC : 16 SO : 1999
03-23 22:02:02.177   788 20265 V msm8974_platform: platform_check_input_mask: enter check_input_mask source 6 mask 10
03-23 22:02:02.177   788 20265 V msm8974_platform: platform_get_input_snd_device: enter: out_device(0) in_device(0x4) channel_count (1) channel_mask (0x10)
03-23 22:02:02.177   788 20265 V msm8974_platform: platform_get_input_snd_device: exit: in_snd_device(voice-rec-mic)
03-23 22:02:02.177   788 20265 V msm8974_platform: platform_get_backend_index:napb: backend port - 5 device - 120 
03-23 22:02:02.178   788 20265 V msm8974_platform: platform_check_and_set_capture_backend_cfg:txbecf: afe: bitwidth 0, samplerate 0, channel 1, backend_idx 5 usecase = 9 device (voice-rec-mic)
03-23 22:02:02.178   788 20265 V msm8974_platform: platform_check_capture_backend_cfg:txbecf: afe: Codec selected backend: 5 current bit width: 0 and sample rate: 0, channels 1
03-23 22:02:02.178   788 20265 V msm8974_platform: platform_check_capture_backend_cfg:txbecf: afe: Codec selected backend: 5 updated bit width: 0 and sample rate: 0
03-23 22:02:02.178   788 20265 I msm8974_platform: platform_check_capture_backend_cfg:txbecf: afe: Codec backend needs to be updated. new bit width: 0 new sample rate: 0 new channel: 1
03-23 22:02:02.178   788 20265 V msm8974_platform: platform_get_backend_index:napb: backend port - 5 device - 120 
03-23 22:02:02.178   788 20265 V msm8974_platform: platform_set_backend_cfg:becf: afe: bitwidth 0, samplerate 0 channels 1, backend_idx 5 device (voice-rec-mic)
03-23 22:02:02.178   788 20265 E msm8974_platform: platform_set_backend_cfg:becf: afe: Could not get ctl for mixer command - SLIM_0_TX Format
03-23 22:02:02.178   788 20265 V msm8974_platform: platform_send_audio_calibration: sending audio calibration for snd_device(120) acdb_id(62)
03-23 22:02:02.178   788 20265 D ACDB-LOADER: ACDB -> send_audio_cal, acdb_id = 62, path = 1, app id = 0x11130, sample rate = 48000
03-23 22:02:02.178   788 20265 D ACDB-LOADER: ACDB -> send_asm_topology
03-23 22:02:02.178   788 20265 D ACDB-LOADER: ACDB -> ACDB_CMD_GET_AUDPROC_STREAM_TOPOLOGY_ID
03-23 22:02:02.178   788 20265 D ACDB-LOADER: ACDB -> send_adm_topology
03-23 22:02:02.178   788 20265 D ACDB-LOADER: ACDB -> ACDB_CMD_GET_AUDPROC_COMMON_TOPOLOGY_ID
03-23 22:02:02.179   788 20265 D ACDB-LOADER: ACDB -> send_audtable
03-23 22:02:02.179   788 20265 D ACDB-LOADER: ACDB -> ACDB_CMD_GET_AUDPROC_COMMON_TABLE_SIZE
03-23 22:02:02.179   788 20265 D ACDB-LOADER: ACDB -> ACDB_CMD_GET_AUDPROC_COMMON_TABLE
03-23 22:02:02.179   788 20265 D ACDB-LOADER: ACDB -> AUDIO_SET_AUDPROC_CAL
03-23 22:02:02.179   788 20265 D ACDB-LOADER: ACDB -> send_audvoltable
03-23 22:02:02.179   788 20265 D ACDB-LOADER: ACDB -> ACDB_CMD_GET_AUDPROC_VOL_STEP_TABLE_SIZE
03-23 22:02:02.179   788 20265 D ACDB-LOADER: ACDB -> ACDB_CMD_GET_AUDPROC_GAIN_DEP_STEP_TABLE, vol index 0
03-23 22:02:02.179   788 20265 D         : Failed to fetch the lookup information of the device 0000003E 
03-23 22:02:02.179   788 20265 D ACDB-LOADER: ACDB -> AUDIO_SET_VOL_CAL cal type = 12
03-23 22:02:02.179   788 20265 D ACDB-LOADER: ACDB -> ACDB_CMD_GET_AUDPROC_STREAM_TABLE_SIZE
03-23 22:02:02.179   788 20265 D ACDB-LOADER: ACDB -> send_audstrmtable
03-23 22:02:02.179   788 20265 D ACDB-LOADER: ACDB -> ACDB_CMD_GET_AUDPROC_STREAM_TABLE_V2
03-23 22:02:02.179   788 20265 D ACDB-LOADER: ACDB -> audstrm_cal->cal_type.cal_data.cal_size = 456
03-23 22:02:02.179   788 20265 D ACDB-LOADER: ACDB -> send_afe_topology
03-23 22:02:02.179   788 20265 D ACDB-LOADER: ACDB -> ACDB_CMD_GET_AFE_TOPOLOGY_ID
03-23 22:02:02.179   788 20265 D ACDB-LOADER: ACDB -> GET_AFE_TOPOLOGY_ID for adcd_id 62, Topology Id 112fb
03-23 22:02:02.179   788 20265 D ACDB-LOADER: ACDB -> send_afe_cal
03-23 22:02:02.179   788 20265 D ACDB-LOADER: ACDB -> ACDB_CMD_GET_AFE_COMMON_TABLE_SIZE
03-23 22:02:02.179   788 20265 D         : Failed to fetch the lookup information of the device 0000003E 
03-23 22:02:02.179   788 20265 E ACDB-LOADER: Error: ACDB_CMD_GET_AFE_COMMON_TABLE_SIZE Returned = -19
03-23 22:02:02.179   788 20265 D ACDB-LOADER: ACDB -> ACDB_CMD_GET_AFE_COMMON_TABLE
03-23 22:02:02.179   788 20265 D         : Failed to fetch the lookup information of the device 0000003E 
03-23 22:02:02.179   788 20265 D ACDB-LOADER: ACDB -> AUDIO_SET_AFE_CAL
03-23 22:02:02.179   788 20265 D ACDB-LOADER: ACDB -> send_hw_delay : acdb_id = 62 path = 1
03-23 22:02:02.179   788 20265 D ACDB-LOADER: ACDB -> ACDB_AVSYNC_INFO: ACDB_CMD_GET_DEVICE_PROPERTY
03-23 22:02:02.179   788 20265 D audio_hw_primary: enable_snd_device: snd_device(120: voice-rec-mic)
03-23 22:02:02.179   788 20265 D audio_route: Apply path: voice-rec-mic
03-23 22:02:02.183   788 20265 V msm8974_platform: platform_get_snd_device_backend_index: enter with device 120
03-23 22:02:02.183   788 20265 E msm8974_platform: platform_get_snd_device_backend_index: BE DAI Name Table is not present
03-23 22:02:02.183   788 20265 V msm8974_platform: platform_get_backend_index:napb: backend port - 5 device - 120 
03-23 22:02:02.183   788 20265 I audio_hw_utils: Set Audio Stream Capture 0 App Type Cfg: app_type 69936, acdb_dev_id 62, sample_rate 48000, snd_device_be_idx -14
03-23 22:02:02.183   788 20265 D audio_hw_primary: enable_audio_route: usecase(9) apply and update mixer path: audio-record
03-23 22:02:02.184   788 20265 D audio_route: Apply path: audio-record
03-23 22:02:02.190 19966 19966 I glean/Glean: Registering pings for org.mozilla.fenix.GleanMetrics.Pings
03-23 22:02:02.199  1456  1673 I LaunchCheckinHandler: Displayed com.android.launcher3/.CustomizationPanelLauncher,wp,wa,175
03-23 22:02:02.246 19966 20019 I FenixApplication: Initializing storage after visual completeness...
03-23 22:02:02.255 28336 28379 I MicroDetectionWorker: onReady
03-23 22:02:02.336  2146  2165 I zygote  : NativeAlloc concurrent copying GC freed 16185(911KB) AllocSpace objects, 0(0B) LOS objects, 50% free, 8MB/17MB, paused 151us total 120.973ms
03-23 22:02:02.338 19966 20017 I App     : ActivationPing - generating ping with the hashed id
03-23 22:02:02.342 19966 20017 I App     : ActivationPing - generating ping (has `identifier`: true)
03-23 22:02:02.346 19966 19992 I libglean_ffi: glean_core::ping: Collecting activation
03-23 22:02:02.359 19966 19992 D libglean_ffi: glean_core::ping: Storing ping 'dbd689a3-44d8-4de7-95b9-465f2141ec76' at '/data/user/0/org.mozilla.fennec_aurora/glean_data/pending_pings/dbd689a3-44d8-4de7-95b9-465f2141ec76'
03-23 22:02:02.359 19966 19992 I libglean_ffi: glean_core: The ping 'activation' was submitted and will be sent as soon as possible
03-23 22:02:02.468 19966 19966 D GeckoSession: handleMessage GeckoView:StateUpdated uri=null
03-23 22:02:02.539   808   808 I SFPerfTracer:      triggers: (rate: 71:2011581) (compose: 0:7) (post: 0:19) (render: 0:17) (7:9735585 frames) (8:12041099)
03-23 22:02:02.539   808   808 D SFPerfTracer:        layers: (4:13) (NavigationBar#0 (0xb07df000): 0:833186) (StatusBar#0 (0xb07e3000): 0:2027027) (com.android.systemui.ImageWallpaper#0 (0xb07e7000): 0:76361) (Sprite#0 (0xb0733000): 0:317)* (DimLayerController/Stack=0#0 (0xb075a000): 0:3780)* (Sprite#1 (0xb077c000): 0:195)* (com.android.launcher3/com.android.launcher3.CustomizationPanelLauncher#0 (0xb0763000): 0:37)- (com.android.launcher3/com.android.launcher3.CustomizationPanelLauncher#1 (0xb0771000): 0:8)- (org.mozilla.fennec_aurora/org.mozilla.fenix.IntentReceiverActivity#0 (0xb039b000): 0:3)- (Splash Screen org.mozilla.fennec_aurora#0 (0xb013a000): 0:31)- (org.mozilla.fennec_aurora/org.mozilla.fenix.HomeActivity#0 (0xaff8b000): 8:54)* (com.android.launcher3/com.android.launcher3.CustomizationPanelLauncher#0 (0xb0763000): 8:25)* (com.android.launcher3/com.android.launcher3.CustomizationPanelLauncher#1 (0xb0771000): 1:4) 
03-23 22:02:02.605  1456  7796 I OpenGLRenderer: Initialized EGL, version 1.4
03-23 22:02:02.605  1456  7796 D OpenGLRenderer: Swap behavior 2
03-23 22:02:02.652  2748  2917 W OpenGLRenderer: Incorrectly called buildLayer on View: ShortcutAndWidgetContainer, destroying layer...
03-23 22:02:02.729 19966 19966 D GeckoRuntime: Lifecycle: onPause
03-23 22:02:02.729 19966 19966 D GeckoNetworkManager: Incoming event stop for state OnWithListeners -> OffWithListeners
03-23 22:02:02.730 19966 19966 I SessionStorage/AutoSave: Save: Background
03-23 22:02:02.735 19966 19992 I libglean_ffi: glean_core::ping: Collecting baseline
03-23 22:02:02.736 19966 20017 D SessionStorage/AutoSave: Saved state to disk [5ms]
03-23 22:02:02.741 19966 19992 D libglean_ffi: glean_core::ping: Storing ping 'b9b12054-9cb8-4821-b4c7-01c0f62c74fc' at '/data/user/0/org.mozilla.fennec_aurora/glean_data/pending_pings/b9b12054-9cb8-4821-b4c7-01c0f62c74fc'
03-23 22:02:02.741 19966 19992 I libglean_ffi: glean_core: The ping 'baseline' was submitted and will be sent as soon as possible
03-23 22:02:02.743 19966 19992 I libglean_ffi: glean_core::ping: Collecting events
03-23 22:02:02.747 19966 19992 D libglean_ffi: glean_core::ping: Storing ping 'c077b243-8fd0-4c78-a0c3-12b0c9a35a56' at '/data/user/0/org.mozilla.fennec_aurora/glean_data/pending_pings/c077b243-8fd0-4c78-a0c3-12b0c9a35a56'
03-23 22:02:02.748 19966 19992 I libglean_ffi: glean_core: The ping 'events' was submitted and will be sent as soon as possible
03-23 22:02:02.768   808   898 I SFPerfTracer:      triggers: (rate: 0:1) (0 sw vsyncs) (0 skipped) (37:5663737 vsyncs) (39:12126533)
03-23 22:02:07.223  1456 10962 I ActivityManager: Force stopping org.mozilla.fennec_aurora appid=11172 user=0: from pid 20336
03-23 22:02:07.224  1456 10962 I ActivityManager: Killing 19966:org.mozilla.fennec_aurora/u0a1172 (adj 700): stop org.mozilla.fennec_aurora
03-23 22:02:07.227  1456  1605 W zygote  : kill(-19966, 9) failed: No such process
03-23 22:02:07.228 20054 20054 I ServiceChildProcess: Service has been unbound. Stopping.
03-23 22:02:07.228  1456 10962 W ActivityManager: Force removing ActivityRecord{9b0d15b u0 org.mozilla.fennec_aurora/org.mozilla.fenix.HomeActivity t46506}: app died, no saved state
03-23 22:02:07.239  1456 10962 I ActivityManager: Killing 20054:org.mozilla.fennec_aurora:tab0/u0a1172 (adj 0): stop org.mozilla.fennec_aurora
03-23 22:02:07.243  1456  1605 W zygote  : kill(-19966, 9) failed: No such process
03-23 22:02:07.251  2398  2398 D CarrierSvcBindHelper: No carrier app for: 0
03-23 22:02:07.253  2398  2398 D CarrierSvcBindHelper: No carrier app for: 1
03-23 22:02:07.261  1456  1605 W zygote  : kill(-19966, 9) failed: No such process
03-23 22:02:07.314  1456  2916 D ConnectivityService: ConnectivityService NetworkRequestInfo binderDied(NetworkRequest [ TRACK_DEFAULT id=33668, [ Capabilities: INTERNET&NOT_RESTRICTED&TRUSTED&NOT_VPN] ], android.os.BinderProxy@6e5f006)
03-23 22:02:07.315  1456  2067 D ConnectivityService: releasing NetworkRequest [ TRACK_DEFAULT id=33668, [ Capabilities: INTERNET&NOT_RESTRICTED&TRUSTED&NOT_VPN] ] (release request)
03-23 22:02:07.315  1456  1673 W ActivityManager: setHasOverlayUi called on unknown pid: 19966
03-23 22:02:07.337  1456  1605 I chatty  : uid=1000(system) ActivityManager identical 5 lines
03-23 22:02:07.349  1456  5031 I ActivityManager: START u0 {act=android.intent.action.VIEW dat=https://example.com/... typ=text/html flg=0x10000000 cmp=org.mozilla.fennec_aurora/org.mozilla.fenix.IntentReceiverActivity} from uid 2000
03-23 22:02:07.349  1456  1605 W zygote  : kill(-19966, 9) failed: No such process
03-23 22:02:07.349  1456  1605 I zygote  : Successfully killed process cgroup uid 11172 pid 19966 in 122ms
03-23 22:02:07.350   794   839 E ANDR-PERF-RESOURCEQS: Failed to apply optimization [4, 0]
03-23 22:02:07.350  1456  1605 W zygote  : kill(-20054, 9) failed: No such process
03-23 22:02:07.350  1456  1605 I zygote  : Successfully killed process cgroup uid 11172 pid 20054 in 0ms
03-23 22:02:07.367  1456  7556 I ActivityManager: Start proc 20346:org.mozilla.fennec_aurora/u0a1172 for activity org.mozilla.fennec_aurora/org.mozilla.fenix.IntentReceiverActivity
03-23 22:02:07.458 28336 28379 I MicroDetectionState: Should stop hotword detection immediately - false
03-23 22:02:07.458 28336 28379 I MicroDetector: Keeping mic open: false
03-23 22:02:07.458 28336 28379 I RecognitionAudioControl: #shutdownAudio [requestId: -6647047280142192758, keepAudioOpen: false, forced: true]
03-23 22:02:07.458 28336 21552 E DeviceStateChecker: DeviceStateChecker cancelled
03-23 22:02:07.458 28336 28379 I RecognitionAudioControl: #internalShutdownAudio [requestId: -6647047280142192758]
03-23 22:02:07.458 28336 28379 I RecognitionAudioControl: #internalShutdownAudio [keepAudioOpen: false, forced: true]
03-23 22:02:07.458 28336 28379 I RecognitionAudioControl: #actualShutdownAudio
03-23 22:02:07.458 28336 28379 I AudioController: #shutdown [requestId=-6647047280142192758]
03-23 22:02:07.458 28336 28367 I AudioController: internalShutdown
03-23 22:02:07.459 28336 28378 I MicroRecognitionRunner: Stopping hotword detection.
03-23 22:02:07.506 20346 20346 D FirebaseApp: com.google.firebase.auth.FirebaseAuth is not linked. Skipping initialization.
03-23 22:02:07.506 20346 20346 D FirebaseApp: com.google.firebase.crash.FirebaseCrash is not linked. Skipping initialization.
03-23 22:02:07.507 20346 20346 I FirebaseInitProvider: FirebaseApp initialization successful
03-23 22:02:07.515   788   788 D audio_hw_primary: disable_audio_route: usecase(9) reset and update mixer path: audio-record
03-23 22:02:07.516   788   788 D audio_hw_primary: disable_snd_device: snd_device(120: voice-rec-mic)
03-23 22:02:07.518  1012 11919 D APM_AudioPolicyManager: stopInput() input 244422, session 244537
03-23 22:02:07.518   788  1479 D audio_hw_primary: in_set_parameters: enter: kvpairs=routing=0
03-23 22:02:07.520 28336 28367 I MicrophoneInputStream: mic_close  SR : 16000 CC : 16 SO : 1999
03-23 22:02:07.520 28336 28367 E AudioSource: Stop listening is called on already closed AudioSource
03-23 22:02:07.521 28336 21549 I MicroRecognitionRunner: Detection finished
03-23 22:02:07.569 20346 20346 D FennecProfile: profiles.ini: true
03-23 22:02:07.572 20346 20366 I FA      : Collection disabled with firebase_analytics_collection_enabled=0
03-23 22:02:07.572 20346 20346 D FennecProfile: Ignoring line in [general] section: StartWithLastProfile=1
03-23 22:02:07.572 20346 20346 D FennecProfile: Found 1 profiles
03-23 22:02:07.572 20346 20346 D FennecProfile: Found default profile: FennecProfile(name=default, path=/data/user/0/org.mozilla.fennec_aurora/files/mozilla/14831m9j.default, default=true)
03-23 22:02:07.573 20346 20366 I FA      : App measurement is starting up, version: 12780
03-23 22:02:07.573 20346 20366 I FA      : To enable debug logging run: adb shell setprop log.tag.FA VERBOSE
03-23 22:02:07.573 20346 20366 I FA      : To enable faster debug mode event logging run:
03-23 22:02:07.573 20346 20366 I FA      :   adb shell setprop debug.firebase.analytics.app org.mozilla.fennec_aurora
03-23 22:02:07.578 20346 20346 D FennecMigrator: No migrations to run. Fennec install - false.
03-23 22:02:07.595 20346 20346 D FenixApplication: Initializing Glean (uploadEnabled=true, isFennec=true)
03-23 22:02:07.595  1456  7556 D ConnectivityService: requestNetwork for uid/pid:11172/20346 NetworkRequest [ TRACK_DEFAULT id=33669, [ Capabilities: INTERNET&NOT_RESTRICTED&TRUSTED&NOT_VPN] ]
03-23 22:02:07.597  1456  2099 D Ethernet: got request NetworkRequest [ TRACK_DEFAULT id=33669, [ Capabilities: INTERNET&NOT_RESTRICTED&TRUSTED&NOT_VPN] ] with score 0
03-23 22:02:07.597  2398  2398 D PhoneSwitcherNetworkRequstListener: got request NetworkRequest [ TRACK_DEFAULT id=33669, [ Capabilities: INTERNET&NOT_RESTRICTED&TRUSTED&NOT_VPN] ] with score 0
03-23 22:02:07.597  1456  2054 D WIFI_UT : got request NetworkRequest [ TRACK_DEFAULT id=33669, [ Capabilities: INTERNET&NOT_RESTRICTED&TRUSTED&NOT_VPN] ] with score 0
03-23 22:02:07.597  1456  2054 D WIFI    : got request NetworkRequest [ TRACK_DEFAULT id=33669, [ Capabilities: INTERNET&NOT_RESTRICTED&TRUSTED&NOT_VPN] ] with score 0
03-23 22:02:07.607 20346 20377 D RustNativeSupport: findMegazordLibraryName(viaduct, 0.55.0
03-23 22:02:07.607 20346 20377 D RustNativeSupport: lib in use: none
03-23 22:02:07.608 20346 20377 D RustNativeSupport: lib configured: megazord
03-23 22:02:07.608 20346 20377 D RustNativeSupport: lib version configured: 0.55.0
03-23 22:02:07.608 20346 20377 D RustNativeSupport: settled on megazord
03-23 22:02:07.624 20346 20376 D libglean_ffi: glean_ffi: Android logging should be hooked up!
03-23 22:02:07.627 20346 20376 I glean/Glean: Registering pings for mozilla.telemetry.glean.GleanMetrics.Pings
03-23 22:02:07.628 20346 20346 D GeckoThread: State changed to LAUNCHED
03-23 22:02:07.629 20346 20380 I GeckoThread: preparing to run Gecko
03-23 22:02:07.633 20346 20377 D RustNativeSupport: findMegazordLibraryName(rustlog, 0.55.0
03-23 22:02:07.633 20346 20377 D RustNativeSupport: lib in use: none
03-23 22:02:07.633 20346 20377 D RustNativeSupport: lib configured: megazord
03-23 22:02:07.633 20346 20377 D RustNativeSupport: lib version configured: 0.55.0
03-23 22:02:07.633 20346 20377 D RustNativeSupport: settled on megazord
03-23 22:02:07.636 20346 20346 D GeckoRuntime: Lifecycle: onCreate
03-23 22:02:07.637 20346 20380 D GeckoThread: State changed to MOZGLUE_READY
03-23 22:02:07.638 20346 20376 I libglean_ffi: glean_core: Creating new Glean
03-23 22:02:07.638 20346 20376 D libglean_ffi: glean_core::database: Database path: "/data/user/0/org.mozilla.fennec_aurora/glean_data/db"
03-23 22:02:07.638 20346 20376 I libglean_ffi: glean_core::database: Database initialized
03-23 22:02:07.639 20346 20377 I rc_log_ffi::ios: rc_log adapter initialized!
03-23 22:02:07.639 20346 20376 I libglean_ffi: glean_ffi: Glean initialized
03-23 22:02:07.648 20346 20346 I zygote  : Deoptimizing java.lang.Object androidx.collection.SimpleArrayMap.put(java.lang.Object, java.lang.Object) due to JIT inline cache
03-23 22:02:07.649 20346 20380 W Settings: Setting animator_duration_scale has moved from android.provider.Settings.System to android.provider.Settings.Global, returning read-only global URI.
03-23 22:02:07.652 20346 20380 E GeckoLibLoad: Load sqlite start
03-23 22:02:07.653 20346 20376 D glean/MetricsPingSched: The 'metrics' ping was last sent on Mon Mar 23 00:00:00 EDT 2020
03-23 22:02:07.654 20346 20376 I glean/MetricsPingSched: The 'metrics' ping was already sent today, Mon Mar 23 22:02:07 EDT 2020.
03-23 22:02:07.654 20346 20376 D glean/MetricsPingSched: Scheduling the 'metrics' ping in 21472359ms
03-23 22:02:07.656 20346 20346 D GleanMetricsService: Enabling Glean.
03-23 22:02:07.673 20346 20380 W GeckoLinker: /data/app/org.mozilla.fennec_aurora-WSS5_v6Lu08cf5VVBjePkA==/lib/arm/libnss3.so: unhandled flags #8 not handled
03-23 22:02:07.673 20346 20376 D libglean_ffi: glean_core: Clearing Lifetime::Application metrics
03-23 22:02:07.676 20346 20346 I glean/Dispatchers: Task queued for execution and delayed until flushed
03-23 22:02:07.678 20346 20380 W GeckoLinker: /data/app/org.mozilla.fennec_aurora-WSS5_v6Lu08cf5VVBjePkA==/lib/arm/libnss3.so: Relocation to NULL @0x001b9ffc for symbol "__cxa_type_match"
03-23 22:02:07.678 20346 20380 E GeckoLibLoad: Load sqlite done
03-23 22:02:07.679 20346 20380 E GeckoLibLoad: Load nss start
03-23 22:02:07.679 20346 20380 E GeckoLibLoad: Load nss done
03-23 22:02:07.679 20346 20380 W GeckoLinker: /data/app/org.mozilla.fennec_aurora-WSS5_v6Lu08cf5VVBjePkA==/lib/arm/libxul.so: unhandled flags #8 not handled
03-23 22:02:07.680 20346 20380 W GeckoLinker: /data/app/org.mozilla.fennec_aurora-WSS5_v6Lu08cf5VVBjePkA==/lib/arm/liblgpllibs.so: unhandled flags #8 not handled
03-23 22:02:07.680 20346 20346 I AdjustMetricsService: No adjust token defined
03-23 22:02:07.682 20346 20346 D PushConfig: Creating push configuration for autopush.
03-23 22:02:07.687 20346 20346 I App     : AutoPushFeature is configured, initializing it...
03-23 22:02:07.688 20346 20346 I AutoPushFeature: Checking validity of push subscriptions.
03-23 22:02:07.699 20346 20346 D FennecProfile: profiles.ini: true
03-23 22:02:07.702 20346 20346 D FennecProfile: Ignoring line in [general] section: StartWithLastProfile=1
03-23 22:02:07.702 20346 20346 D FennecProfile: Found 1 profiles
03-23 22:02:07.702 20346 20346 D FennecProfile: Found default profile: FennecProfile(name=default, path=/data/user/0/org.mozilla.fennec_aurora/files/mozilla/14831m9j.default, default=true)
03-23 22:02:07.703 20346 20346 I Core    : Initializing history storage
03-23 22:02:07.703 20346 20378 W [WARNING][Leanplum]: [com.leanplum.internal.ActionManager::getLocationManager::8]: Geofencing support requires leanplum-location module and Google Play Services v8.1 and higher.
03-23 22:02:07.703 20346 20378 W [WARNING][Leanplum]: Add this to your build.gradle file:
03-23 22:02:07.703 20346 20378 W [WARNING][Leanplum]: implementation 'com.google.android.gms:play-services-location:8.3.0+'
03-23 22:02:07.703 20346 20378 W [WARNING][Leanplum]: implementation 'com.leanplum:leanplum-location:+'
03-23 22:02:07.703 20346 20346 I Core    : Initializing bookmarks storage
03-23 22:02:07.704 20346 20346 I Core    : Initializing logins storage
03-23 22:02:07.705 20346 20378 I [INFO][Leanplum]: [com.leanplum.monitoring.ExceptionHandler::setContext::6]: LeanplumExceptionHandler could not initialize Exception Reporting.This is expected if you have not included the leanplum-monitoring module
03-23 22:02:07.718 20346 20387 I [INFO][Leanplum]: [com.leanplum.LeanplumFcmProvider::isManifestSetup::11]: Firebase Messaging is setup correctly.
03-23 22:02:07.722 20346 20376 I libglean_ffi: glean_core: Upload enabled: true
03-23 22:02:07.724 20346 20380 E GeckoLibLoad: Loaded libs in 44.654067ms total, 30ms(140ms) user, 6ms(40ms) system, 0(0) faults
03-23 22:02:07.724 20346 20380 D GeckoThread: State changed to LIBS_READY
03-23 22:02:07.734 20346 20380 W GeckoThread: zerdatime 17543421501 - runGecko
03-23 22:02:07.740 20346 20380 D GeckoProfile: Loading profile at: null name: default
03-23 22:02:07.742 20346 20380 D GeckoProfile: Found profile dir: /data/user/0/org.mozilla.fennec_aurora/files/mozilla/14831m9j.default
03-23 22:02:07.757 20346 20346 I FirefoxAccountStateMachine: Enabling/updating sync with a new SyncConfig: SyncConfig(supportedEngines=[mozilla.components.service.fxa.SyncEngine$History@5cbb689, mozilla.components.service.fxa.SyncEngine$Bookmarks@50a68e, mozilla.components.service.fxa.SyncEngine$Passwords@4ea5eaf], syncPeriodInMinutes=240)
03-23 22:02:07.761 20346 20346 I BgSyncManager: Periodic syncing enabled at a 240 interval
03-23 22:02:07.762 20346 20346 I FirefoxAccountStateMachine: Sync is enabled
03-23 22:02:07.769 20346 20395 I FirefoxAccountStateMachine: Processing event Event$Init for state Start. Next state is Start
03-23 22:02:07.781 20346 20346 D FennecMigrator: This is not a Fennec installation. No migration needed.
03-23 22:02:07.782 20346 20351 I zygote  : Do partial code cache collection, code=24KB, data=27KB
03-23 22:02:07.784 20346 20351 I zygote  : After code cache collection, code=22KB, data=27KB
03-23 22:02:07.784 20346 20351 I zygote  : Increasing code cache capacity to 128KB
03-23 22:02:07.784 20346 20346 D SessionManager: onTrimMemory(15): clearThumbnails=true, closeEngineSessions=true
03-23 22:02:07.785 20346 20346 D SessionManager: Cleared 0 thumbnail(s) and unlinked 0 engine sessions(s)
03-23 22:02:07.787 20346 20395 I FirefoxAccountStateMachine: Ran 'Event$Init' side-effects for state Start, got successive event Event$AccountNotFound
03-23 22:02:07.787 20346 20395 I FirefoxAccountStateMachine: Processing event Event$AccountNotFound for state Start. Next state is NotAuthenticated
03-23 22:02:07.790 20346 20395 D RustNativeSupport: findMegazordLibraryName(fxaclient, 0.55.0
03-23 22:02:07.790 20346 20395 D RustNativeSupport: lib in use: none
03-23 22:02:07.790 20346 20395 D RustNativeSupport: lib configured: megazord
03-23 22:02:07.790 20346 20395 D RustNativeSupport: lib version configured: 0.55.0
03-23 22:02:07.790 20346 20395 D RustNativeSupport: settled on megazord
03-23 22:02:07.793 20346 20395 D fxaclient_ffi: fxa_new
03-23 22:02:07.807 20346 20346 D GeckoRuntime: Lifecycle: onStart
03-23 22:02:07.814 20346 20346 I [INFO][Leanplum]: [com.leanplum.internal.RequestOld::sendIfConnected::4]: Device is offline, will send later
03-23 22:02:07.822 20346 20346 D GeckoRuntime: Lifecycle: onResume
03-23 22:02:07.823 20346 20346 D GeckoNetworkManager: Incoming event start for state OffNoListeners -> OnNoListeners
03-23 22:02:07.824 20346 20346 D GeckoNetworkManager: New network state: DOWN, NONE, UNKNOWN
03-23 22:02:07.840 20346 20411 D OpenGLRenderer: HWUI GL Pipeline
03-23 22:02:07.908  1456  7556 I ActivityManager: START u0 {act=android.intent.action.VIEW dat=https://example.com/... typ=text/html cmp=org.mozilla.fennec_aurora/org.mozilla.fenix.HomeActivity (has extras)} from uid 11172
03-23 22:02:07.919 20346 20346 D GeckoNetworkManager: Incoming event receivedUpdate for state OnNoListeners -> OnNoListeners
03-23 22:02:07.920 20346 20346 D GeckoNetworkManager: New network state: DOWN, NONE, UNKNOWN
03-23 22:02:07.930 20346 20411 I Adreno  : QUALCOMM build                   : bb5b86c, I77d3059488
03-23 22:02:07.930 20346 20411 I Adreno  : Build Date                       : 06/07/18
03-23 22:02:07.930 20346 20411 I Adreno  : OpenGL ES Shader Compiler Version: EV031.22.00.01_06
03-23 22:02:07.930 20346 20411 I Adreno  : Local Branch                     : 
03-23 22:02:07.930 20346 20411 I Adreno  : Remote Branch                    : refs/tags/AU_LINUX_ANDROID_LA.UM.6.5.R1.08.01.00.312.086
03-23 22:02:07.930 20346 20411 I Adreno  : Remote Branch                    : NONE
03-23 22:02:07.930 20346 20411 I Adreno  : Reconstruct Branch               : NOTHING
03-23 22:02:07.931 20346 20411 D vndksupport: Loading /vendor/lib/hw/gralloc.msm8937.so from current namespace instead of sphal namespace.
03-23 22:02:07.939 20346 20411 I Adreno  : PFP: 0x005ff087, ME: 0x005ff063
03-23 22:02:07.949 20346 20411 I zygote  : android::hardware::configstore::V1_0::ISurfaceFlingerConfigs::hasWideColorDisplay retrieved: 0
03-23 22:02:07.951 20346 20411 I OpenGLRenderer: Initialized EGL, version 1.4
03-23 22:02:07.951 20346 20411 D OpenGLRenderer: Swap behavior 2
03-23 22:02:07.987  1456  5797 I WindowManager: Keep hide if surface has never drawn Window{f2ccea8 u0 org.mozilla.fennec_aurora/org.mozilla.fenix.IntentReceiverActivity}
03-23 22:02:07.989  1456  5797 I WindowManager: Failed to capture screenshot of Token{1e10692 ActivityRecord{6c9441d u0 org.mozilla.fennec_aurora/org.mozilla.fenix.IntentReceiverActivity t46507 f}} appWin=Window{f2ccea8 u0 org.mozilla.fennec_aurora/org.mozilla.fenix.IntentReceiverActivity} drawState=1
03-23 22:02:07.995 20346 20346 D MigrationPushRenewer: Migration state: NONE
03-23 22:02:07.995 20346 20346 D MigrationTelemetryListener: Migration state: NONE
03-23 22:02:08.022  1456  1673 I LaunchCheckinHandler: Displayed org.mozilla.fennec_aurora/org.mozilla.fenix.IntentReceiverActivity,cp,ca,664
03-23 22:02:08.023 20346 20380 I Gecko:DumpUtils: Fifo watcher disabled via pref.
03-23 22:02:08.041 20346 20346 D PhoneWindow: Restoring navigation bar divider color to default value = 0x00000000
03-23 22:02:08.058 20346 20380 D GeckoSysInfo: System memory: 1867MB.
03-23 22:02:08.062 20346 20380 D GeckoThread: State changed to JNI_READY
03-23 22:02:08.081  1456  4250 I ActivityManager: Start proc 20437:org.mozilla.fennec_aurora:tab0/u0a1172 for service org.mozilla.fennec_aurora/org.mozilla.gecko.process.GeckoChildProcessServices$tab0
03-23 22:02:08.119 20346 20346 I NavController: Ignoring popBackStack to destination org.mozilla.fennec_aurora:id/browserFragment as it was not found on the current back stack
03-23 22:02:08.149 20346 20351 I zygote  : Do partial code cache collection, code=59KB, data=53KB
03-23 22:02:08.153 20346 20351 I zygote  : After code cache collection, code=52KB, data=48KB
03-23 22:02:08.153 20346 20351 I zygote  : Increasing code cache capacity to 256KB
03-23 22:02:08.227 20437 20437 D GeckoThread: State changed to LAUNCHED
03-23 22:02:08.228 20437 20455 I GeckoThread: preparing to run Gecko
03-23 22:02:08.313 20346 20458 D RustNativeSupport: findMegazordLibraryName(places, 0.55.0
03-23 22:02:08.313 20346 20458 D RustNativeSupport: lib in use: none
03-23 22:02:08.313 20346 20458 D RustNativeSupport: lib configured: megazord
03-23 22:02:08.313 20346 20458 D RustNativeSupport: lib version configured: 0.55.0
03-23 22:02:08.313 20346 20458 D RustNativeSupport: settled on megazord
03-23 22:02:08.318 20346 20458 D places_ffi: places_api_new
03-23 22:02:08.388 20346 20458 D sql_support::conn_ext: Transaction commited after 52.048963ms
03-23 22:02:08.391 20346 20458 D places_ffi: places_connection_new
03-23 22:02:08.395 20346 20458 D places_ffi: places_connection_new
03-23 22:02:08.397 20346 20346 I [INFO][Leanplum]: [com.leanplum.internal.RequestOld::sendIfConnected::4]: Device is offline, will send later
03-23 22:02:08.404 20346 20395 W FirefoxAccountStateMachine: Got invalid event Event$Init for state NotAuthenticated.
03-23 22:02:08.413 20346 20458 D places_ffi: bookmarks_get_all_with_url
03-23 22:02:08.417 20346 20346 E [ERROR][Leanplum]: [com.leanplum.LeanplumFcmProvider$1::onComplete::2]: getInstanceId failed
03-23 22:02:08.504 20346 20459 W LOTTIE  : Animation contains merge paths. Merge paths are only supported on KitKat+ and must be manually enabled by calling enableMergePathsForKitKatAndAbove().
03-23 22:02:08.538  1456  5031 I ActivityManager: Displayed org.mozilla.fennec_aurora/org.mozilla.fenix.HomeActivity: +557ms (total +1s181ms)
03-23 22:02:08.539  1456  5031 I ActivityManager: Fully drawn org.mozilla.fennec_aurora/org.mozilla.fenix.HomeActivity: +557ms (total +1s181ms)
03-23 22:02:08.564 20346 20351 I zygote  : Do full code cache collection, code=126KB, data=99KB
03-23 22:02:08.565 20346 20351 I zygote  : After code cache collection, code=97KB, data=57KB
03-23 22:02:08.578 20346 20411 D vndksupport: Loading /vendor/lib/hw/android.hardware.graphics.mapper@2.0-impl.so from current namespace instead of sphal namespace.
03-23 22:02:08.579 20346 20411 D vndksupport: Loading /vendor/lib/hw/gralloc.msm8937.so from current namespace instead of sphal namespace.
03-23 22:02:08.633 20346 20346 W LOTTIE  : Animation contains merge paths but they are disabled.
03-23 22:02:08.642 20346 20380 D GeckoThread: State changed to PROFILE_READY
03-23 22:02:08.680 28336 28336 I MemoryTrimmer: Trimming objects from memory, since app is in the background.
03-23 22:02:08.689 28336 28379 E AudioSource: Stop listening is called on already closed AudioSource
03-23 22:02:08.691 28336 28336 I MemoryTrimmer: Trimming objects from memory, since app is in the background.
03-23 22:02:08.693 28336 27314 I PBSessionCacheImpl: Deleted sessionId[124624629806600318] from persistence.
03-23 22:02:08.696  1456  4250 I WifiService: getWifiEnabledState uid=10073
03-23 22:02:08.697 28336 28379 I DEBUG   : OpaToSrpTransitionState#onStateChanged#notNullQuery
03-23 22:02:08.698 28336 28379 I DEBUG   : OpaToSrpTransitionState#onStateChanged#notNullQuery
03-23 22:02:08.699 28336 28379 W SearchServiceCore: Abort, client detached.
03-23 22:02:08.742 20346 20380 D GeckoThread: State changed to RUNNING
03-23 22:02:08.757 20346 20380 I Gecko   : -*- nsDNSServiceDiscovery.js : nsDNSServiceDiscovery
03-23 22:02:08.821 20346 20346 D GeckoNetworkManager: Incoming event enableNotifications for state OnNoListeners -> OnWithListeners
03-23 22:02:08.822 20346 20346 D GeckoNetworkManager: New network state: DOWN, NONE, UNKNOWN
03-23 22:02:08.823 20346 20346 D GeckoNetworkManager: Incoming event receivedUpdate for state OnWithListeners -> OnWithListeners
03-23 22:02:08.824 20346 20346 D GeckoNetworkManager: New network state: DOWN, NONE, UNKNOWN
03-23 22:02:08.826 20346 20380 W GeckoLinker: /data/app/org.mozilla.fennec_aurora-WSS5_v6Lu08cf5VVBjePkA==/lib/arm/libsoftokn3.so: unhandled flags #8 not handled
03-23 22:02:08.827 20346 20380 W GeckoLinker: /data/app/org.mozilla.fennec_aurora-WSS5_v6Lu08cf5VVBjePkA==/lib/arm/libsoftokn3.so: Relocation to NULL @0x0002cffc for symbol "__cxa_type_match"
03-23 22:02:08.828 20346 20380 W GeckoLinker: /data/app/org.mozilla.fennec_aurora-WSS5_v6Lu08cf5VVBjePkA==/lib/arm/libfreebl3.so: unhandled flags #8 not handled
03-23 22:02:08.828 20346 20380 W GeckoLinker: /data/app/org.mozilla.fennec_aurora-WSS5_v6Lu08cf5VVBjePkA==/lib/arm/libfreebl3.so: Relocation to NULL @0x0004fffc for symbol "__cxa_type_match"
03-23 22:02:08.859 20346 20472 W GeckoLinker: /data/app/org.mozilla.fennec_aurora-WSS5_v6Lu08cf5VVBjePkA==/lib/arm/libnssckbi.so: unhandled flags #8 not handled
03-23 22:02:08.860 20346 20472 W GeckoLinker: /data/app/org.mozilla.fennec_aurora-WSS5_v6Lu08cf5VVBjePkA==/lib/arm/libnssckbi.so: Relocation to NULL @0x00055ffc for symbol "__cxa_type_match"
03-23 22:02:08.926 20346 20380 W ResourceType: Too many attribute references, stopped at: 0x01010099
03-23 22:02:08.973 20346 20380 W GeckoEventDispatcher: No listener for GeckoView:AccessibilityEnabled
03-23 22:02:09.113  1023 20502 D libc    : Internal error: netid(0), id(0xb8d8), server(0.0.0.0)
03-23 22:02:09.114  1023 20502 D libc    : Internal error: netid(0), id(0xb8d8), server(0.0.0.0)
03-23 22:02:09.114  1023 20502 D libc    : Internal error: netid(0), id(0xb8d3), server(0.0.0.0)
03-23 22:02:09.114  1023 20502 D libc    : Internal error: netid(0), id(0xb8d3), server(0.0.0.0)
03-23 22:02:09.137  1023 20509 D libc    : Internal error: netid(0), id(0xcba1), server(0.0.0.0)
03-23 22:02:09.138  1023 20509 D libc    : Internal error: netid(0), id(0xcba1), server(0.0.0.0)
03-23 22:02:09.138  1023 20509 D libc    : Internal error: netid(0), id(0xfade), server(0.0.0.0)
03-23 22:02:09.138  1023 20509 D libc    : Internal error: netid(0), id(0xfade), server(0.0.0.0)
03-23 22:02:09.139  1023 20513 D libc    : Internal error: netid(0), id(0x5b9f), server(0.0.0.0)
03-23 22:02:09.139  1023 20513 D libc    : Internal error: netid(0), id(0x5b9f), server(0.0.0.0)
03-23 22:02:09.139  1023 20513 D libc    : Internal error: netid(0), id(0x29e7), server(0.0.0.0)
03-23 22:02:09.140  1023 20513 D libc    : Internal error: netid(0), id(0x29e7), server(0.0.0.0)
03-23 22:02:09.141  1023 20517 D libc    : Internal error: netid(0), id(0xeef8), server(0.0.0.0)
03-23 22:02:09.141 20346 20380 W ResourceType: Too many attribute references, stopped at: 0x01010099
03-23 22:02:09.141  1023 20517 D libc    : Internal error: netid(0), id(0xeef8), server(0.0.0.0)
03-23 22:02:09.141  1023 20517 D libc    : Internal error: netid(0), id(0x31f0), server(0.0.0.0)
03-23 22:02:09.142  1023 20517 D libc    : Internal error: netid(0), id(0x31f0), server(0.0.0.0)
03-23 22:02:09.165 20346 20378 D App     : Could not fetch region from location service
03-23 22:02:09.165 20346 20378 D App     : java.io.IOException: org.mozilla.geckoview.WebRequestError: Request failed, error=0x25, category=0x5
03-23 22:02:09.165 20346 20378 D App     : 	at mozilla.components.browser.engine.gecko.fetch.GeckoViewFetchClient.fetch(GeckoViewFetchClient.kt:39)
03-23 22:02:09.165 20346 20378 D App     : 	at mozilla.components.service.location.MozillaLocationService$fetchRegion$2.invokeSuspend(MozillaLocationService.kt:27)
03-23 22:02:09.165 20346 20378 D App     : 	at mozilla.components.service.location.MozillaLocationService$fetchRegion$2.invoke(Unknown Source:10)
03-23 22:02:09.165 20346 20378 D App     : 	at kotlin.jvm.internal.Intrinsics.startUndispatchedOrReturn(Intrinsics.java:2)
03-23 22:02:09.165 20346 20378 D App     : 	at kotlin.jvm.internal.Intrinsics.withContext(Intrinsics.java:9)
03-23 22:02:09.165 20346 20378 D App     : 	at mozilla.components.service.location.MozillaLocationService.fetchRegion(MozillaLocationService.kt:2)
03-23 22:02:09.165 20346 20378 D App     : 	at mozilla.components.service.location.search.RegionSearchLocalizationProvider.determineRegion(RegionSearchLocalizationProvider.kt:5)
03-23 22:02:09.165 20346 20378 D App     : 	at mozilla.components.browser.search.provider.AssetsSearchEngineProvider.loadSearchEngines(AssetsSearchEngineProvider.kt:5)
03-23 22:02:09.165 20346 20378 D App     : 	at org.mozilla.fenix.components.searchengine.FenixSearchEngineProvider$baseSearchEngines$1.invokeSuspend(FenixSearchEngineProvider.kt:9)
03-23 22:02:09.165 20346 20378 D App     : 	at kotlin.coroutines.jvm.internal.BaseContinuationImpl.resumeWith(ContinuationImpl.kt:2)
03-23 22:02:09.165 20346 20378 D App     : 	at kotlinx.coroutines.DispatchedTask.run(DispatchedTask.kt:19)
03-23 22:02:09.165 20346 20378 D App     : 	at kotlinx.coroutines.scheduling.CoroutineScheduler.runSafely(CoroutineScheduler.kt:1)
03-23 22:02:09.165 20346 20378 D App     : 	at kotlinx.coroutines.scheduling.CoroutineScheduler$Worker.run(CoroutineScheduler.kt:14)
03-23 22:02:09.165 20346 20378 D App     : Caused by: org.mozilla.geckoview.WebRequestError: Request failed, error=0x25, category=0x5
03-23 22:02:09.165 20346 20378 D App     : 	at org.mozilla.gecko.mozglue.GeckoLoader.nativeRun(Native Method)
03-23 22:02:09.165 20346 20378 D App     : 	at org.mozilla.gecko.GeckoThread.run(GeckoThread.java:91)
03-23 22:02:09.165 20346 20400 D App     : Could not fetch region from location service
03-23 22:02:09.165 20346 20400 D App     : java.io.IOException: org.mozilla.geckoview.WebRequestError: Request failed, error=0x25, category=0x5
03-23 22:02:09.165 20346 20400 D App     : 	at mozilla.components.browser.engine.gecko.fetch.GeckoViewFetchClient.fetch(GeckoViewFetchClient.kt:39)
03-23 22:02:09.165 20346 20400 D App     : 	at mozilla.components.service.location.MozillaLocationService$fetchRegion$2.invokeSuspend(MozillaLocationService.kt:27)
03-23 22:02:09.165 20346 20400 D App     : 	at kotlin.coroutines.jvm.internal.BaseContinuationImpl.resumeWith(ContinuationImpl.kt:2)
03-23 22:02:09.165 20346 20400 D App     : 	at kotlinx.coroutines.DispatchedTask.run(DispatchedTask.kt:19)
03-23 22:02:09.165 20346 20400 D App     : 	at kotlinx.coroutines.scheduling.CoroutineScheduler.runSafely(CoroutineScheduler.kt:1)
03-23 22:02:09.165 20346 20400 D App     : 	at kotlinx.coroutines.scheduling.CoroutineScheduler$Worker.run(CoroutineScheduler.kt:14)
03-23 22:02:09.165 20346 20400 D App     : Caused by: org.mozilla.geckoview.WebRequestError: Request failed, error=0x25, category=0x5
03-23 22:02:09.165 20346 20400 D App     : 	at org.mozilla.gecko.mozglue.GeckoLoader.nativeRun(Native Method)
03-23 22:02:09.165 20346 20400 D App     : 	at org.mozilla.gecko.GeckoThread.run(GeckoThread.java:91)
03-23 22:02:09.284 20437 20455 D GeckoThread: State changed to MOZGLUE_READY
03-23 22:02:09.291 20437 20455 W Settings: Setting animator_duration_scale has moved from android.provider.Settings.System to android.provider.Settings.Global, returning read-only global URI.
03-23 22:02:09.294 20437 20455 E GeckoLibLoad: Load sqlite start
03-23 22:02:09.309 20346 20380 I GeckoSession: zerdatime 17543423077 - chrome startup finished
03-23 22:02:09.311 20437 20455 W GeckoLinker: /data/app/org.mozilla.fennec_aurora-WSS5_v6Lu08cf5VVBjePkA==/lib/arm/libnss3.so: unhandled flags #8 not handled
03-23 22:02:09.316 20437 20455 W GeckoLinker: /data/app/org.mozilla.fennec_aurora-WSS5_v6Lu08cf5VVBjePkA==/lib/arm/libnss3.so: Relocation to NULL @0x001b9ffc for symbol "__cxa_type_match"
03-23 22:02:09.316 20437 20455 E GeckoLibLoad: Load sqlite done
03-23 22:02:09.316 20437 20455 E GeckoLibLoad: Load nss start
03-23 22:02:09.316 20437 20455 E GeckoLibLoad: Load nss done
03-23 22:02:09.317 20437 20455 W GeckoLinker: /data/app/org.mozilla.fennec_aurora-WSS5_v6Lu08cf5VVBjePkA==/lib/arm/libxul.so: unhandled flags #8 not handled
03-23 22:02:09.317 20437 20455 W GeckoLinker: /data/app/org.mozilla.fennec_aurora-WSS5_v6Lu08cf5VVBjePkA==/lib/arm/liblgpllibs.so: unhandled flags #8 not handled
03-23 22:02:09.349 20437 20455 E GeckoLibLoad: Loaded libs in 32.726202ms total, 26ms(23ms) user, 6ms(6ms) system, 0(0) faults
03-23 22:02:09.349 20437 20455 D GeckoThread: State changed to LIBS_READY
03-23 22:02:09.349 20437 20455 W GeckoThread: zerdatime 17543423117 - runGecko
03-23 22:02:09.362 20346 20402 D App     : Could not fetch region from location service
03-23 22:02:09.362 20346 20402 D App     : java.io.IOException: org.mozilla.geckoview.WebRequestError: Request failed, error=0x25, category=0x5
03-23 22:02:09.362 20346 20402 D App     : 	at mozilla.components.browser.engine.gecko.fetch.GeckoViewFetchClient.fetch(GeckoViewFetchClient.kt:39)
03-23 22:02:09.362 20346 20402 D App     : 	at mozilla.components.service.location.MozillaLocationService$fetchRegion$2.invokeSuspend(MozillaLocationService.kt:27)
03-23 22:02:09.362 20346 20402 D App     : 	at mozilla.components.service.location.MozillaLocationService$fetchRegion$2.invoke(Unknown Source:10)
03-23 22:02:09.362 20346 20402 D App     : 	at kotlin.jvm.internal.Intrinsics.startUndispatchedOrReturn(Intrinsics.java:2)
03-23 22:02:09.362 20346 20402 D App     : 	at kotlin.jvm.internal.Intrinsics.withContext(Intrinsics.java:9)
03-23 22:02:09.362 20346 20402 D App     : 	at mozilla.components.service.location.MozillaLocationService.fetchRegion(MozillaLocationService.kt:2)
03-23 22:02:09.362 20346 20402 D App     : 	at mozilla.components.service.location.search.RegionSearchLocalizationProvider.determineRegion(RegionSearchLocalizationProvider.kt:5)
03-23 22:02:09.362 20346 20402 D App     : 	at mozilla.components.browser.search.provider.AssetsSearchEngineProvider.loadSearchEngines(AssetsSearchEngineProvider.kt:5)
03-23 22:02:09.362 20346 20402 D App     : 	at org.mozilla.fenix.components.searchengine.FenixSearchEngineProvider$bundledSearchEngines$1.invokeSuspend(FenixSearchEngineProvider.kt:21)
03-23 22:02:09.362 20346 20402 D App     : 	at kotlin.coroutines.jvm.internal.BaseContinuationImpl.resumeWith(ContinuationImpl.kt:2)
03-23 22:02:09.362 20346 20402 D App     : 	at kotlinx.coroutines.DispatchedTask.run(DispatchedTask.kt:19)
03-23 22:02:09.362 20346 20402 D App     : 	at kotlinx.coroutines.scheduling.CoroutineScheduler.runSafely(CoroutineScheduler.kt:1)
03-23 22:02:09.362 20346 20402 D App     : 	at kotlinx.coroutines.scheduling.CoroutineScheduler$Worker.run(CoroutineScheduler.kt:14)
03-23 22:02:09.362 20346 20402 D App     : Caused by: org.mozilla.geckoview.WebRequestError: Request failed, error=0x25, category=0x5
03-23 22:02:09.362 20346 20402 D App     : 	at org.mozilla.gecko.mozglue.GeckoLoader.nativeRun(Native Method)
03-23 22:02:09.362 20346 20402 D App     : 	at org.mozilla.gecko.GeckoThread.run(GeckoThread.java:91)
03-23 22:02:09.685 20437 20455 D GeckoThread: State changed to RUNNING
03-23 22:02:09.721 20437 20455 W ResourceType: Too many attribute references, stopped at: 0x01010099
03-23 22:02:09.814 20346 20346 D App     : Installed browser-icons extension
03-23 22:02:09.815 20346 20346 D mozac-webextensions: Installed extension: mozacWebchannel
03-23 22:02:09.818 20346 20346 D mozac-webextensions: Installed extension: mozacReaderview
03-23 22:02:09.821 20437 20437 D GeckoNetworkManager: Incoming event enableNotifications for state OffNoListeners -> OffWithListeners
03-23 22:02:09.823 20437 20437 D GeckoNetworkManager: New network state: DOWN, NONE, UNKNOWN
03-23 22:02:09.827 20346 20346 D GeckoSession: handleMessage GeckoView:PageStart uri=about:blank
03-23 22:02:09.882 20346 20380 D GeckoScreenOrientation: unlocking
03-23 22:02:09.883 20346 20346 D GeckoSession: handleMessage GeckoView:LocationChange uri=about:blank
03-23 22:02:09.883 20346 20346 D GeckoSession: handleMessage GeckoView:PageStop uri=null
03-23 22:02:09.891 20346 20346 I SessionStorage/AutoSave: Save: Load finished
03-23 22:02:09.892 20346 20533 D SessionStorage/AutoSave: Delaying save (67ms)
03-23 22:02:09.910 20346 20346 D GeckoSession: handleMessage GeckoView:ProgressChanged uri=null
03-23 22:02:09.918 20346 20346 D GeckoSession: handleMessage GeckoView:PageStart uri=https://example.com/
03-23 22:02:09.938 20346 20346 D GeckoSession: handleMessage GeckoView:ProgressChanged uri=null
03-23 22:02:09.944 20346 20346 D GeckoSession: handleMessage GeckoView:PageStop uri=null
03-23 22:02:09.944 20346 20346 I SessionStorage/AutoSave: Save: Load finished
03-23 22:02:09.944 20346 20346 D SessionStorage/AutoSave: Skipping save, other job already in flight
03-23 22:02:09.955 20346 20346 D GeckoSession: handleMessage GeckoView:SecurityChanged uri=null
03-23 22:02:09.956 20346 20346 D GeckoSession: handleMessage GeckoView:ProgressChanged uri=null
03-23 22:02:09.963 20346 20351 I zygote  : Do partial code cache collection, code=122KB, data=86KB
03-23 22:02:09.964 20346 20346 D GeckoSession: handleMessage GeckoView:PageStart uri=https://example.com/
03-23 22:02:09.965 20346 20351 I zygote  : After code cache collection, code=122KB, data=86KB
03-23 22:02:09.965 20346 20351 I zygote  : Increasing code cache capacity to 512KB
03-23 22:02:09.968 20346 20533 D SessionStorage/AutoSave: Saved state to disk [8ms]
03-23 22:02:10.227 20346 20346 D GeckoSession: handleMessage GeckoView:OnLoadError uri=https://example.com/
03-23 22:02:10.233 20346 20346 I zygote  : Deoptimizing kotlin.coroutines.CoroutineContext$Element kotlin.coroutines.CoroutineContext$Element$DefaultImpls.get(kotlin.coroutines.CoroutineContext$Element, kotlin.coroutines.CoroutineContext$Key) due to JIT inline cache
03-23 22:02:10.263 20346 20346 D mozac-webcompat: Installed WebCompat webextension: webcompat@mozilla.com
03-23 22:02:10.265 20346 20346 D GeckoSession: handleMessage GeckoView:ProgressChanged uri=null
03-23 22:02:10.279 20346 20346 D GeckoSession: handleMessage GeckoView:PageStop uri=null
03-23 22:02:10.279 20346 20346 I SessionStorage/AutoSave: Save: Load finished
03-23 22:02:10.280 20346 20533 D SessionStorage/AutoSave: Delaying save (1611ms)
03-23 22:02:10.311 20346 20346 D GeckoSession: handleMessage GeckoView:LocationChange uri=https://example.com/
03-23 22:02:10.320 20346 20533 I zygote  : Deoptimizing void kotlinx.coroutines.DispatchedTask.run() due to JIT inline cache
03-23 22:02:10.325 20346 20533 D places_ffi: bookmarks_get_all_with_url
03-23 22:02:10.342 20346 20346 D GeckoSession: handleMessage GeckoView:SecurityChanged uri=null
03-23 22:02:10.396 20346 20533 D places_ffi: places_connection_new
03-23 22:02:10.411 20346 20533 D places_ffi: places_note_observation
03-23 22:02:10.429 20346 20533 D sql_support::conn_ext: Transaction commited after 18.121825ms
03-23 22:02:10.491 20437 20455 W GeckoLinker: /data/app/org.mozilla.fennec_aurora-WSS5_v6Lu08cf5VVBjePkA==/lib/arm/libsoftokn3.so: unhandled flags #8 not handled
03-23 22:02:10.492 20437 20455 W GeckoLinker: /data/app/org.mozilla.fennec_aurora-WSS5_v6Lu08cf5VVBjePkA==/lib/arm/libsoftokn3.so: Relocation to NULL @0x0002cffc for symbol "__cxa_type_match"
03-23 22:02:10.492 20437 20455 W GeckoLinker: /data/app/org.mozilla.fennec_aurora-WSS5_v6Lu08cf5VVBjePkA==/lib/arm/libfreebl3.so: unhandled flags #8 not handled
