06-16 23:59:18.731   788 10022 V msm8974_platform: platform_get_backend_index:napb: backend port - 5 device - 120 
06-16 23:59:18.731   788 10022 V msm8974_platform: platform_check_and_set_capture_backend_cfg:txbecf: afe: bitwidth 0, samplerate 0, channel 1, backend_idx 5 usecase = 9 device (voice-rec-mic)
06-16 23:59:18.731   788 10022 V msm8974_platform: platform_check_capture_backend_cfg:txbecf: afe: Codec selected backend: 5 current bit width: 0 and sample rate: 0, channels 1
06-16 23:59:18.732   788 10022 V msm8974_platform: platform_check_capture_backend_cfg:txbecf: afe: Codec selected backend: 5 updated bit width: 0 and sample rate: 0
06-16 23:59:18.732   788 10022 I msm8974_platform: platform_check_capture_backend_cfg:txbecf: afe: Codec backend needs to be updated. new bit width: 0 new sample rate: 0 new channel: 1
06-16 23:59:18.732   788 10022 V msm8974_platform: platform_get_backend_index:napb: backend port - 5 device - 120 
06-16 23:59:18.732   788 10022 V msm8974_platform: platform_set_backend_cfg:becf: afe: bitwidth 0, samplerate 0 channels 1, backend_idx 5 device (voice-rec-mic)
06-16 23:59:18.732   788 10022 E msm8974_platform: platform_set_backend_cfg:becf: afe: Could not get ctl for mixer command - SLIM_0_TX Format
06-16 23:59:18.732   788 10022 V msm8974_platform: platform_send_audio_calibration: sending audio calibration for snd_device(120) acdb_id(62)
06-16 23:59:18.732   788 10022 D ACDB-LOADER: ACDB -> send_audio_cal, acdb_id = 62, path = 1, app id = 0x11130, sample rate = 48000
06-16 23:59:18.732   788 10022 D ACDB-LOADER: ACDB -> send_asm_topology
06-16 23:59:18.732   788 10022 D ACDB-LOADER: ACDB -> ACDB_CMD_GET_AUDPROC_STREAM_TOPOLOGY_ID
06-16 23:59:18.733   788 10022 D ACDB-LOADER: ACDB -> send_adm_topology
06-16 23:59:18.733   788 10022 D ACDB-LOADER: ACDB -> ACDB_CMD_GET_AUDPROC_COMMON_TOPOLOGY_ID
06-16 23:59:18.734   788 10022 D ACDB-LOADER: ACDB -> send_audtable
06-16 23:59:18.734   788 10022 D ACDB-LOADER: ACDB -> ACDB_CMD_GET_AUDPROC_COMMON_TABLE_SIZE
06-16 23:59:18.734   788 10022 D ACDB-LOADER: ACDB -> ACDB_CMD_GET_AUDPROC_COMMON_TABLE
06-16 23:59:18.734   788 10022 D ACDB-LOADER: ACDB -> AUDIO_SET_AUDPROC_CAL
06-16 23:59:18.734   788 10022 D ACDB-LOADER: ACDB -> send_audvoltable
06-16 23:59:18.734   788 10022 D ACDB-LOADER: ACDB -> ACDB_CMD_GET_AUDPROC_VOL_STEP_TABLE_SIZE
06-16 23:59:18.734   788 10022 D ACDB-LOADER: ACDB -> ACDB_CMD_GET_AUDPROC_GAIN_DEP_STEP_TABLE, vol index 0
06-16 23:59:18.734   788 10022 D         : Failed to fetch the lookup information of the device 0000003E 
06-16 23:59:18.734   788 10022 D ACDB-LOADER: ACDB -> AUDIO_SET_VOL_CAL cal type = 12
06-16 23:59:18.734   788 10022 D ACDB-LOADER: ACDB -> ACDB_CMD_GET_AUDPROC_STREAM_TABLE_SIZE
06-16 23:59:18.734   788 10022 D ACDB-LOADER: ACDB -> send_audstrmtable
06-16 23:59:18.734   788 10022 D ACDB-LOADER: ACDB -> ACDB_CMD_GET_AUDPROC_STREAM_TABLE_V2
06-16 23:59:18.734   788 10022 D ACDB-LOADER: ACDB -> audstrm_cal->cal_type.cal_data.cal_size = 456
06-16 23:59:18.734   788 10022 D ACDB-LOADER: ACDB -> send_afe_topology
06-16 23:59:18.734   788 10022 D ACDB-LOADER: ACDB -> ACDB_CMD_GET_AFE_TOPOLOGY_ID
06-16 23:59:18.734   788 10022 D ACDB-LOADER: ACDB -> GET_AFE_TOPOLOGY_ID for adcd_id 62, Topology Id 112fb
06-16 23:59:18.734   788 10022 D ACDB-LOADER: ACDB -> send_afe_cal
06-16 23:59:18.734   788 10022 D ACDB-LOADER: ACDB -> ACDB_CMD_GET_AFE_COMMON_TABLE_SIZE
06-16 23:59:18.734   788 10022 D         : Failed to fetch the lookup information of the device 0000003E 
06-16 23:59:18.734   788 10022 E ACDB-LOADER: Error: ACDB_CMD_GET_AFE_COMMON_TABLE_SIZE Returned = -19
06-16 23:59:18.734   788 10022 D ACDB-LOADER: ACDB -> ACDB_CMD_GET_AFE_COMMON_TABLE
06-16 23:59:18.734   788 10022 D         : Failed to fetch the lookup information of the device 0000003E 
06-16 23:59:18.734   788 10022 D ACDB-LOADER: ACDB -> AUDIO_SET_AFE_CAL
06-16 23:59:18.734   788 10022 D ACDB-LOADER: ACDB -> send_hw_delay : acdb_id = 62 path = 1
06-16 23:59:18.734   788 10022 D ACDB-LOADER: ACDB -> ACDB_AVSYNC_INFO: ACDB_CMD_GET_DEVICE_PROPERTY
06-16 23:59:18.734   788 10022 D audio_hw_primary: enable_snd_device: snd_device(120: voice-rec-mic)
06-16 23:59:18.735   788 10022 D audio_route: Apply path: voice-rec-mic
06-16 23:59:18.737   788 10022 V msm8974_platform: platform_get_snd_device_backend_index: enter with device 120
06-16 23:59:18.737   788 10022 E msm8974_platform: platform_get_snd_device_backend_index: BE DAI Name Table is not present
06-16 23:59:18.737   788 10022 V msm8974_platform: platform_get_backend_index:napb: backend port - 5 device - 120 
06-16 23:59:18.737   788 10022 I audio_hw_utils: Set Audio Stream Capture 0 App Type Cfg: app_type 69936, acdb_dev_id 62, sample_rate 48000, snd_device_be_idx -14
06-16 23:59:18.737   788 10022 D audio_hw_primary: enable_audio_route: usecase(9) apply and update mixer path: audio-record
06-16 23:59:18.737   788 10022 D audio_route: Apply path: audio-record
06-16 23:59:18.808 15309 15357 I MicroDetectionWorker: onReady
06-16 23:59:18.820  9831 10024 I chatty  : uid=11419(org.mozilla.fennec_aurora) expire 10 lines
06-16 23:59:18.824  5625  5654 I PeriodicStatsRunner: PeriodicStatsRunner.call():180 call()
06-16 23:59:18.824  5625  5654 I PeriodicStatsRunner: PeriodicStatsRunner.call():184 No submit PeriodicStats since input started.
06-16 23:59:18.957  1456  4802 D ConnectivityService: requestNetwork for uid/pid:11419/9831 NetworkRequest [ TRACK_DEFAULT id=68870, [ Capabilities: INTERNET&NOT_RESTRICTED&TRUSTED&NOT_VPN] ]
06-16 23:59:18.958  1456  2099 D Ethernet: got request NetworkRequest [ TRACK_DEFAULT id=68870, [ Capabilities: INTERNET&NOT_RESTRICTED&TRUSTED&NOT_VPN] ] with score 60
06-16 23:59:18.958  1456  2054 D WIFI_UT : got request NetworkRequest [ TRACK_DEFAULT id=68870, [ Capabilities: INTERNET&NOT_RESTRICTED&TRUSTED&NOT_VPN] ] with score 60
06-16 23:59:18.959  1456  2054 D WIFI    : got request NetworkRequest [ TRACK_DEFAULT id=68870, [ Capabilities: INTERNET&NOT_RESTRICTED&TRUSTED&NOT_VPN] ] with score 60
06-16 23:59:18.959  2398  2398 D PhoneSwitcherNetworkRequstListener: got request NetworkRequest [ TRACK_DEFAULT id=68870, [ Capabilities: INTERNET&NOT_RESTRICTED&TRUSTED&NOT_VPN] ] with score 60
06-16 23:59:18.969  9831 10032 I chatty  : uid=11419(org.mozilla.fennec_aurora) expire 5 lines
06-16 23:59:19.081  1456  7796 I OpenGLRenderer: Initialized EGL, version 1.4
06-16 23:59:19.082  1456  7796 D OpenGLRenderer: Swap behavior 2
06-16 23:59:19.132  2748  2917 W OpenGLRenderer: Incorrectly called buildLayer on View: ShortcutAndWidgetContainer, destroying layer...
06-16 23:59:19.136  1456  2067 D ConnectivityService: releasing NetworkRequest [ TRACK_DEFAULT id=68870, [ Capabilities: INTERNET&NOT_RESTRICTED&TRUSTED&NOT_VPN] ] (release request)
06-16 23:59:19.179  5625  5654 I PeriodicStatsRunner: PeriodicStatsRunner.call():180 call()
06-16 23:59:19.179  5625  5654 I PeriodicStatsRunner: PeriodicStatsRunner.call():184 No submit PeriodicStats since input started.
06-16 23:59:19.255  9831  9895 I chatty  : uid=11419(org.mozilla.fennec_aurora) expire 1 line
06-16 23:59:19.307  1456  2920 D ConnectivityService: requestNetwork for uid/pid:11419/9831 NetworkRequest [ TRACK_DEFAULT id=68871, [ Capabilities: INTERNET&NOT_RESTRICTED&TRUSTED&NOT_VPN] ]
06-16 23:59:19.308  1456  2099 D Ethernet: got request NetworkRequest [ TRACK_DEFAULT id=68871, [ Capabilities: INTERNET&NOT_RESTRICTED&TRUSTED&NOT_VPN] ] with score 60
06-16 23:59:19.308  1456  2054 D WIFI_UT : got request NetworkRequest [ TRACK_DEFAULT id=68871, [ Capabilities: INTERNET&NOT_RESTRICTED&TRUSTED&NOT_VPN] ] with score 60
06-16 23:59:19.308  1456  2054 D WIFI    : got request NetworkRequest [ TRACK_DEFAULT id=68871, [ Capabilities: INTERNET&NOT_RESTRICTED&TRUSTED&NOT_VPN] ] with score 60
06-16 23:59:19.309  2398  2398 D PhoneSwitcherNetworkRequstListener: got request NetworkRequest [ TRACK_DEFAULT id=68871, [ Capabilities: INTERNET&NOT_RESTRICTED&TRUSTED&NOT_VPN] ] with score 60
06-16 23:59:19.325  9831 10034 I chatty  : uid=11419(org.mozilla.fennec_aurora) expire 9 lines
06-16 23:59:19.831  9831  9853 I chatty  : uid=11419(org.mozilla.fennec_aurora) expire 1 line
06-16 23:59:19.834  1456  2067 D ConnectivityService: releasing NetworkRequest [ TRACK_DEFAULT id=68871, [ Capabilities: INTERNET&NOT_RESTRICTED&TRUSTED&NOT_VPN] ] (release request)
06-16 23:59:21.134  2398  2398 D QtiCarrierConfigHelper: WARNING, no carrier configs on phone Id: 0
06-16 23:59:23.626  5625  5654 I PeriodicStatsRunner: PeriodicStatsRunner.call():180 call()
06-16 23:59:23.626  5625  5654 I PeriodicStatsRunner: PeriodicStatsRunner.call():184 No submit PeriodicStats since input started.
06-16 23:59:23.720  1456  2915 I ActivityManager: Force stopping org.mozilla.fennec_aurora appid=11419 user=0: from pid 10039
06-16 23:59:23.720  1456  2915 I ActivityManager: Killing 9831:org.mozilla.fennec_aurora/u0a1419 (adj 700): stop org.mozilla.fennec_aurora
06-16 23:59:23.723  1456  1605 W zygote  : kill(-9831, 9) failed: No such process
06-16 23:59:23.725  1456  2915 W ActivityManager: Force removing ActivityRecord{8e19e5d u0 org.mozilla.fennec_aurora/org.mozilla.fenix.HomeActivity t85058}: app died, no saved state
06-16 23:59:23.735  1456  2915 I ActivityManager: Killing 9909:org.mozilla.fennec_aurora:tab0/u0a1419 (adj 0): stop org.mozilla.fennec_aurora
06-16 23:59:23.736  1456  1605 W zygote  : kill(-9831, 9) failed: No such process
06-16 23:59:23.749  5625  5625 I AppBase : AppBase.onTrimMemory():615 onTrimMemory(): 10
06-16 23:59:23.750  5625  5625 I GoogleInputMethodService: GoogleInputMethodService.onTrimMemory():4225 onTrimMemory(): 10
06-16 23:59:23.751  1456  1605 W zygote  : kill(-9831, 9) failed: No such process
06-16 23:59:23.757  2398  2398 D CarrierSvcBindHelper: No carrier app for: 0
06-16 23:59:23.759  2398  2398 D CarrierSvcBindHelper: No carrier app for: 1
06-16 23:59:23.766  1456  1605 W zygote  : kill(-9831, 9) failed: No such process
06-16 23:59:23.796  1456  1605 I chatty  : uid=1000(system) ActivityManager identical 2 lines
06-16 23:59:23.802  1456  1673 W ActivityManager: setHasOverlayUi called on unknown pid: 9831
06-16 23:59:23.809  1456  1605 W zygote  : kill(-9831, 9) failed: No such process
06-16 23:59:23.810  1456  1605 I zygote  : Successfully killed process cgroup uid 11419 pid 9831 in 87ms
06-16 23:59:23.810  1456  1605 W zygote  : kill(-9909, 9) failed: No such process
06-16 23:59:23.810  1456  1605 I zygote  : Successfully killed process cgroup uid 11419 pid 9909 in 0ms
06-16 23:59:23.881  1456  7796 I OpenGLRenderer: Initialized EGL, version 1.4
06-16 23:59:23.881  1456  7796 D OpenGLRenderer: Swap behavior 2
06-16 23:59:24.874  1456  2920 I ActivityManager: START u0 {act=android.intent.action.MAIN cat=[android.intent.category.LAUNCHER] flg=0x10000000 cmp=org.mozilla.fennec_aurora/.App} from uid 2000
06-16 23:59:24.875   794   839 E ANDR-PERF-RESOURCEQS: Failed to apply optimization [4, 0]
06-16 23:59:24.895  1456  7570 I ActivityManager: Start proc 10046:org.mozilla.fennec_aurora/u0a1419 for activity org.mozilla.fennec_aurora/.App
06-16 23:59:24.984 15309 15357 I MicroDetectionState: Should stop hotword detection immediately - false
06-16 23:59:24.985 15309 15357 I MicroDetector: Keeping mic open: false
06-16 23:59:24.985 15309 32761 E DeviceStateChecker: DeviceStateChecker cancelled
06-16 23:59:24.985 15309 15357 I RecognitionAudioControl: #shutdownAudio [requestId: 5633670177200851190, keepAudioOpen: false, forced: true]
06-16 23:59:24.986 15309 15357 I RecognitionAudioControl: #internalShutdownAudio [requestId: 5633670177200851190]
06-16 23:59:24.986 15309 15357 I RecognitionAudioControl: #internalShutdownAudio [keepAudioOpen: false, forced: true]
06-16 23:59:24.986 15309 15357 I RecognitionAudioControl: #actualShutdownAudio
06-16 23:59:24.986 15309 15357 I AudioController: #shutdown [requestId=5633670177200851190]
06-16 23:59:24.986 15309 15351 I AudioController: internalShutdown
06-16 23:59:24.987 15309 15332 I MicroRecognitionRunner: Stopping hotword detection.
06-16 23:59:25.022 10046 10046 I chatty  : uid=11419(org.mozilla.fennec_aurora) expire 35 lines
06-16 23:59:25.029   788  1479 D audio_hw_primary: disable_audio_route: usecase(9) reset and update mixer path: audio-record
06-16 23:59:25.031   788  1479 D audio_hw_primary: disable_snd_device: snd_device(120: voice-rec-mic)
06-16 23:59:25.034  1012  1390 D APM_AudioPolicyManager: stopInput() input 399526, session 399753
06-16 23:59:25.034   788  1401 D audio_hw_primary: in_set_parameters: enter: kvpairs=routing=0
06-16 23:59:25.037 15309 15351 I MicrophoneInputStream: mic_close  SR : 16000 CC : 16 SO : 1999
06-16 23:59:25.038 15309 15351 E AudioSource: Stop listening is called on already closed AudioSource
06-16 23:59:25.038 15309 15351 I AudioController: Sending AudioStatusChangedBroadcast to :interactor. audioSourceType: NOT_SET, isActive: false
06-16 23:59:25.041 15309 30341 I MicroRecognitionRunner: Detection finished
06-16 23:59:25.075 10046 10065 I chatty  : uid=11419(org.mozilla.fennec_aurora) expire 4 lines
06-16 23:59:25.152 10046 10086 I chatty  : uid=11419(org.mozilla.fennec_aurora) expire 11 lines
06-16 23:59:25.171 10046 10082 I chatty  : uid=11419(org.mozilla.fennec_aurora) expire 14 lines
06-16 23:59:25.181 10046 10094 I chatty  : uid=11419(org.mozilla.fennec_aurora) expire 17 lines
06-16 23:59:25.182 10046 10099 I chatty  : uid=11419(org.mozilla.fennec_aurora) expire 1 line
06-16 23:59:25.257 10046 10107 I chatty  : uid=11419(org.mozilla.fennec_aurora) expire 6 lines
06-16 23:59:25.293 10046 10093 I chatty  : uid=11419(org.mozilla.fennec_aurora) expire 2 lines
06-16 23:59:25.331   808   808 I SFPerfTracer:      triggers: (rate: 103:2297723) (compose: 0:7) (post: 0:22) (render: 0:19) (16:13051644 frames) (17:16570561)
06-16 23:59:25.331 10046 10135 I chatty  : uid=11419(org.mozilla.fennec_aurora) expire 1 line
06-16 23:59:25.331   808   808 D SFPerfTracer:        layers: (3:12) (NavigationBar#0 (0xb07df000): 9:1259154) (StatusBar#0 (0xb07e3000): 9:3008924) (com.android.systemui.ImageWallpaper#0 (0xb07e7000): 0:116607)* (Sprite#0 (0xb0733000): 0:317)* (DimLayerController/Stack=0#0 (0xb075a000): 0:4039)* (Sprite#1 (0xb077c000): 0:195)* (Sprite#2 (0xb039b000): 0:2)* (Splash Screen org.mozilla.fennec_aurora#1 (0xafdf0000): 0:31)- (org.mozilla.fennec_aurora/org.mozilla.fenix.HomeActivity#0 (0xafd20000): 0:75)- (com.android.launcher3/com.android.launcher3.CustomizationPanelLauncher#0 (0xb0763000): 0:40)* (com.android.launcher3/com.android.launcher3.CustomizationPanelLauncher#1 (0xb0771000): 0:10)* (Splash Screen org.mozilla.fennec_aurora#0 (0xafd20000): 16:19) 
06-16 23:59:25.337  1456  2920 I ActivityManager: START u0 {act=android.intent.action.MAIN cat=[android.intent.category.LAUNCHER] flg=0x10000000 cmp=org.mozilla.fennec_aurora/org.mozilla.fenix.HomeActivity (has extras)} from uid 11419
06-16 23:59:25.364   808   808 D SurfaceFlinger: duplicate layer name: changing Splash Screen org.mozilla.fennec_aurora to Splash Screen org.mozilla.fennec_aurora#1
06-16 23:59:25.364 10046 10051 I chatty  : uid=11419(org.mozilla.fennec_aurora) expire 6 lines
06-16 23:59:25.420  1456 10366 I ActivityManager: Start proc 10160:org.mozilla.fennec_aurora:tab0/u0a1419 for service org.mozilla.fennec_aurora/org.mozilla.gecko.process.GeckoChildProcessServices$tab0
06-16 23:59:25.434 10046 10147 I chatty  : uid=11419(org.mozilla.fennec_aurora) expire 1 line
06-16 23:59:25.517 10160 10160 I chatty  : uid=11419(org.mozilla.fennec_aurora) expire 1 line
06-16 23:59:25.518 10160 10180 I chatty  : uid=11419(org.mozilla.fennec_aurora) expire 1 line
06-16 23:59:25.828   808   898 I SFPerfTracer:      triggers: (rate: 0:10) (0 sw vsyncs) (0 skipped) (22:8463666 vsyncs) (24:16716309)
06-16 23:59:25.832 10046 10131 I chatty  : uid=11419(org.mozilla.fennec_aurora) expire 1 line
06-16 23:59:25.848 10046 10192 I chatty  : uid=11419(org.mozilla.fennec_aurora) expire 8 lines
06-16 23:59:25.860  1456  2920 D ConnectivityService: requestNetwork for uid/pid:11419/10046 NetworkRequest [ TRACK_DEFAULT id=68872, [ Capabilities: INTERNET&NOT_RESTRICTED&TRUSTED&NOT_VPN] ]
06-16 23:59:25.862  1456  2099 D Ethernet: got request NetworkRequest [ TRACK_DEFAULT id=68872, [ Capabilities: INTERNET&NOT_RESTRICTED&TRUSTED&NOT_VPN] ] with score 60
06-16 23:59:25.862  1456  2054 D WIFI_UT : got request NetworkRequest [ TRACK_DEFAULT id=68872, [ Capabilities: INTERNET&NOT_RESTRICTED&TRUSTED&NOT_VPN] ] with score 60
06-16 23:59:25.862  1456  2054 D WIFI    : got request NetworkRequest [ TRACK_DEFAULT id=68872, [ Capabilities: INTERNET&NOT_RESTRICTED&TRUSTED&NOT_VPN] ] with score 60
06-16 23:59:25.863  2398  2398 D PhoneSwitcherNetworkRequstListener: got request NetworkRequest [ TRACK_DEFAULT id=68872, [ Capabilities: INTERNET&NOT_RESTRICTED&TRUSTED&NOT_VPN] ] with score 60
06-16 23:59:25.873  1456  2920 I WifiService: getDhcpInfo uid=11419
06-16 23:59:26.019 10046 10198 I chatty  : uid=11419(org.mozilla.fennec_aurora) expire 5 lines
06-16 23:59:26.024 10046 10192 I chatty  : uid=11419(org.mozilla.fennec_aurora) expire 1 line
06-16 23:59:26.040 10046 10094 I chatty  : uid=11419(org.mozilla.fennec_aurora) expire 2 lines
06-16 23:59:26.043  1456  1673 I LaunchCheckinHandler: Displayed org.mozilla.fennec_aurora/org.mozilla.fenix.HomeActivity,wp,ca,623
06-16 23:59:26.044  1456  1673 I ActivityManager: Displayed org.mozilla.fennec_aurora/org.mozilla.fenix.HomeActivity: +617ms (total +1s153ms)
06-16 23:59:26.058 15309 15309 I MemoryTrimmer: Trimming objects from memory, since app is in the background.
06-16 23:59:26.064 15309 15309 I MemoryTrimmer: Trimming objects from memory, since app is in the background.
06-16 23:59:26.066 15309   817 I PBSessionCacheImpl: Deleted sessionId[67331286385450108] from persistence.
06-16 23:59:26.071  1456  2920 I WifiService: getWifiEnabledState uid=10073
06-16 23:59:26.077 15309 15357 W SearchServiceCore: Abort, client detached.
06-16 23:59:26.128 10046 10046 I chatty  : uid=11419(org.mozilla.fennec_aurora) expire 21 lines
06-16 23:59:26.334  1456  2402 I ActivityManager: Fully drawn org.mozilla.fennec_aurora/org.mozilla.fenix.HomeActivity: +913ms (total +1s449ms)
06-16 23:59:26.368 10046 10051 I chatty  : uid=11419(org.mozilla.fennec_aurora) expire 5 lines
06-16 23:59:26.409 10046 10222 I chatty  : uid=11419(org.mozilla.fennec_aurora) expire 1 line
06-16 23:59:26.410 10046 10223 I chatty  : uid=11419(org.mozilla.fennec_aurora) expire 1 line
06-16 23:59:26.845 10046 10068 I chatty  : uid=11419(org.mozilla.fennec_aurora) expire 1 line
06-16 23:59:26.850  1456  2067 D ConnectivityService: releasing NetworkRequest [ TRACK_DEFAULT id=68872, [ Capabilities: INTERNET&NOT_RESTRICTED&TRUSTED&NOT_VPN] ] (release request)
06-16 23:59:26.971 10046 10229 I chatty  : uid=11419(org.mozilla.fennec_aurora) expire 1 line
06-16 23:59:27.076 10046 10093 I chatty  : uid=11419(org.mozilla.fennec_aurora) expire 26 lines
06-16 23:59:27.152 10046 10189 I chatty  : uid=11419(org.mozilla.fennec_aurora) expire 3 lines
06-16 23:59:30.535 10256 10256 D AndroidRuntime: >>>>>> START com.android.internal.os.RuntimeInit uid 2000 <<<<<<
06-16 23:59:30.548 10256 10256 W app_process: Could not reserve sentinel fault page
06-16 23:59:30.715 10256 10256 I app_process: The ClassLoaderContext is a special shared library.
06-16 23:59:30.780 10256 10256 D AndroidRuntime: Calling main entry com.android.commands.input.Input
06-16 23:59:30.781 10256 10256 I Input   : injectKeyEvent: KeyEvent { action=ACTION_DOWN, keyCode=KEYCODE_HOME, scanCode=0, metaState=0, flags=0x0, repeatCount=0, eventTime=24439047391, downTime=24439047391, deviceId=-1, source=0x101 }
06-16 23:59:30.791 10256 10256 I Input   : injectKeyEvent: KeyEvent { action=ACTION_UP, keyCode=KEYCODE_HOME, scanCode=0, metaState=0, flags=0x0, repeatCount=0, eventTime=24439047391, downTime=24439047391, deviceId=-1, source=0x101 }
06-16 23:59:30.798  1456  1941 I ActivityManager: START u0 {act=android.intent.action.MAIN cat=[android.intent.category.HOME] flg=0x10200000 cmp=com.android.launcher3/.CustomizationPanelLauncher (has extras)} from uid 1000
06-16 23:59:30.798   794   839 E ANDR-PERF-RESOURCEQS: Failed to apply optimization [4, 0]
06-16 23:59:30.805 10256 10256 D AndroidRuntime: Shutting down VM
06-16 23:59:30.814  1456  2402 I ActivityManager: moveHomeStack, setupComplete:true
06-16 23:59:30.833 15309 15355 I Adreno  : QUALCOMM build                   : bb5b86c, I77d3059488
06-16 23:59:30.833 15309 15355 I Adreno  : Build Date                       : 06/07/18
06-16 23:59:30.833 15309 15355 I Adreno  : OpenGL ES Shader Compiler Version: EV031.22.00.01_06
06-16 23:59:30.833 15309 15355 I Adreno  : Local Branch                     : 
06-16 23:59:30.833 15309 15355 I Adreno  : Remote Branch                    : refs/tags/AU_LINUX_ANDROID_LA.UM.6.5.R1.08.01.00.312.086
06-16 23:59:30.833 15309 15355 I Adreno  : Remote Branch                    : NONE
06-16 23:59:30.833 15309 15355 I Adreno  : Reconstruct Branch               : NOTHING
06-16 23:59:30.837 15309 15355 D vndksupport: Loading /vendor/lib/hw/gralloc.msm8937.so from current namespace instead of sphal namespace.
06-16 23:59:30.842 15309 15355 I Adreno  : PFP: 0x005ff087, ME: 0x005ff063
06-16 23:59:30.844  2748  2748 D Launcher.Utilities: Wakeup weather: Intent { act=com.motorola.launcher3.action.WAKEUP_WEATHER cmp=com.motorola.timeweatherwidget/com.motorola.commandcenter.weather.WakeUpService }
06-16 23:59:30.845 15309 15355 I zygote  : android::hardware::configstore::V1_0::ISurfaceFlingerConfigs::hasWideColorDisplay retrieved: 0
06-16 23:59:30.846 15309 15355 I OpenGLRenderer: Initialized EGL, version 1.4
06-16 23:59:30.846 15309 15355 D OpenGLRenderer: Swap behavior 2
06-16 23:59:30.852   808   808 D SurfaceFlinger: duplicate layer name: changing com.android.launcher3/com.android.launcher3.CustomizationPanelLauncher to com.android.launcher3/com.android.launcher3.CustomizationPanelLauncher#1
06-16 23:59:30.855  1456  1456 I NotificationService: Cannot find enqueued record for key: 0|com.motorola.timeweatherwidget|1|null|10116
06-16 23:59:30.878 15309 15309 W ThreadPoolDumper: Queue length for executor EventBus is now 11. Perhaps some tasks are too long, or the pool is too small.
06-16 23:59:30.885  1456  2920 I WifiService: getWifiEnabledState uid=10073
06-16 23:59:30.892  1456  2920 I WifiService: getWifiEnabledState uid=10073
06-16 23:59:30.948  1456  1673 I LaunchCheckinHandler: Displayed com.android.launcher3/.CustomizationPanelLauncher,wp,wa,149
06-16 23:59:30.954 15309 15309 I BgTaskExecutorImpl: Starting EXCLUSIVE background task TNG_MINUS_ONE_SYNC.
06-16 23:59:30.954 15309 15357 I MicroDetectionState: Should stop hotword detection immediately - false
06-16 23:59:30.955 15309 15343 E MDD     : DownloadProgressMonitor: Can't find file group for uri: android://com.google.android.googlequicksearchbox/files/sharedminusonemodule/shared/SharedMinusOneData.pb.tmp
06-16 23:59:30.958 15309 15357 I MicroDetectionWorker: #startMicroDetector [speakerMode: 0]
06-16 23:59:30.960 15309 15357 I AudioController: Created new AudioSource
06-16 23:59:30.965 15309 15349 I MicroDataManager: isInitializing-false locale not changed-true model not changed-true
06-16 23:59:30.966 15309 15349 I MicroDataManager: Already initialized, obtaining the hotword data immediately.
06-16 23:59:30.968 15309 15357 I TngMinusOneSync: Syncing TNG:-1
06-16 23:59:30.972 15309  8690 I MicroRecognitionRunner: Starting detection.
06-16 23:59:30.972 15309  8690 I InputStreamUtils: Using micInputStream
06-16 23:59:30.973 15309 18734 I MicrophoneInputStream: mic_starting  SR : 16000 CC : 16 SO : 1999
06-16 23:59:30.976   788  1479 V msm8974_platform: platform_check_input_mask: enter check_input_mask source 6 mask 10
06-16 23:59:30.980  1012 10270 I AudioFlinger: AudioFlinger's thread 0xb2483780 tid=10270 ready to run
06-16 23:59:30.988   788  1401 D audio_hw_primary: in_set_parameters: enter: kvpairs=input_source=6;routing=-2147483644
06-16 23:59:30.989  1012  1390 D APM_AudioPolicyManager: AudioPolicyManager::startInput() input 399534, session 399761, source = 1999
06-16 23:59:30.989 15309 18734 I MicrophoneInputStream: mic_started  SR : 16000 CC : 16 SO : 1999
06-16 23:59:30.990   788 10271 V msm8974_platform: platform_update_usecase_from_source: input source :6
06-16 23:59:30.991   788 10271 V msm8974_platform: platform_check_input_mask: enter check_input_mask source 6 mask 10
06-16 23:59:30.991   788 10271 V msm8974_platform: platform_get_input_snd_device: enter: out_device(0) in_device(0x4) channel_count (1) channel_mask (0x10)
06-16 23:59:30.991   788 10271 V msm8974_platform: platform_get_input_snd_device: exit: in_snd_device(voice-rec-mic)
06-16 23:59:30.991   788 10271 V msm8974_platform: platform_get_backend_index:napb: backend port - 5 device - 120 
06-16 23:59:30.991   788 10271 V msm8974_platform: platform_check_and_set_capture_backend_cfg:txbecf: afe: bitwidth 0, samplerate 0, channel 1, backend_idx 5 usecase = 9 device (voice-rec-mic)
06-16 23:59:30.991   788 10271 V msm8974_platform: platform_check_capture_backend_cfg:txbecf: afe: Codec selected backend: 5 current bit width: 0 and sample rate: 0, channels 1
06-16 23:59:30.991   788 10271 V msm8974_platform: platform_check_capture_backend_cfg:txbecf: afe: Codec selected backend: 5 updated bit width: 0 and sample rate: 0
06-16 23:59:30.991   788 10271 I msm8974_platform: platform_check_capture_backend_cfg:txbecf: afe: Codec backend needs to be updated. new bit width: 0 new sample rate: 0 new channel: 1
06-16 23:59:30.991   788 10271 V msm8974_platform: platform_get_backend_index:napb: backend port - 5 device - 120 
06-16 23:59:30.991   788 10271 V msm8974_platform: platform_set_backend_cfg:becf: afe: bitwidth 0, samplerate 0 channels 1, backend_idx 5 device (voice-rec-mic)
06-16 23:59:30.991   788 10271 E msm8974_platform: platform_set_backend_cfg:becf: afe: Could not get ctl for mixer command - SLIM_0_TX Format
06-16 23:59:30.991   788 10271 V msm8974_platform: platform_send_audio_calibration: sending audio calibration for snd_device(120) acdb_id(62)
06-16 23:59:30.991   788 10271 D ACDB-LOADER: ACDB -> send_audio_cal, acdb_id = 62, path = 1, app id = 0x11130, sample rate = 48000
06-16 23:59:30.991   788 10271 D ACDB-LOADER: ACDB -> send_asm_topology
06-16 23:59:30.991   788 10271 D ACDB-LOADER: ACDB -> ACDB_CMD_GET_AUDPROC_STREAM_TOPOLOGY_ID
06-16 23:59:30.991   788 10271 D ACDB-LOADER: ACDB -> send_adm_topology
06-16 23:59:30.991   788 10271 D ACDB-LOADER: ACDB -> ACDB_CMD_GET_AUDPROC_COMMON_TOPOLOGY_ID
06-16 23:59:30.992   788 10271 D ACDB-LOADER: ACDB -> send_audtable
06-16 23:59:30.992   788 10271 D ACDB-LOADER: ACDB -> ACDB_CMD_GET_AUDPROC_COMMON_TABLE_SIZE
06-16 23:59:30.992   788 10271 D ACDB-LOADER: ACDB -> ACDB_CMD_GET_AUDPROC_COMMON_TABLE
06-16 23:59:30.992   788 10271 D ACDB-LOADER: ACDB -> AUDIO_SET_AUDPROC_CAL
06-16 23:59:30.992   788 10271 D ACDB-LOADER: ACDB -> send_audvoltable
06-16 23:59:30.992   788 10271 D ACDB-LOADER: ACDB -> ACDB_CMD_GET_AUDPROC_VOL_STEP_TABLE_SIZE
06-16 23:59:30.992   788 10271 D ACDB-LOADER: ACDB -> ACDB_CMD_GET_AUDPROC_GAIN_DEP_STEP_TABLE, vol index 0
06-16 23:59:30.992   788 10271 D         : Failed to fetch the lookup information of the device 0000003E 
06-16 23:59:30.992   788 10271 D ACDB-LOADER: ACDB -> AUDIO_SET_VOL_CAL cal type = 12
06-16 23:59:30.992   788 10271 D ACDB-LOADER: ACDB -> ACDB_CMD_GET_AUDPROC_STREAM_TABLE_SIZE
06-16 23:59:30.992   788 10271 D ACDB-LOADER: ACDB -> send_audstrmtable
06-16 23:59:30.992   788 10271 D ACDB-LOADER: ACDB -> ACDB_CMD_GET_AUDPROC_STREAM_TABLE_V2
06-16 23:59:30.992   788 10271 D ACDB-LOADER: ACDB -> audstrm_cal->cal_type.cal_data.cal_size = 456
06-16 23:59:30.992   788 10271 D ACDB-LOADER: ACDB -> send_afe_topology
06-16 23:59:30.992   788 10271 D ACDB-LOADER: ACDB -> ACDB_CMD_GET_AFE_TOPOLOGY_ID
06-16 23:59:30.992   788 10271 D ACDB-LOADER: ACDB -> GET_AFE_TOPOLOGY_ID for adcd_id 62, Topology Id 112fb
06-16 23:59:30.992   788 10271 D ACDB-LOADER: ACDB -> send_afe_cal
06-16 23:59:30.992   788 10271 D ACDB-LOADER: ACDB -> ACDB_CMD_GET_AFE_COMMON_TABLE_SIZE
06-16 23:59:30.992   788 10271 D         : Failed to fetch the lookup information of the device 0000003E 
06-16 23:59:30.992   788 10271 E ACDB-LOADER: Error: ACDB_CMD_GET_AFE_COMMON_TABLE_SIZE Returned = -19
06-16 23:59:30.992   788 10271 D ACDB-LOADER: ACDB -> ACDB_CMD_GET_AFE_COMMON_TABLE
06-16 23:59:30.993   788 10271 D         : Failed to fetch the lookup information of the device 0000003E 
06-16 23:59:30.993   788 10271 D ACDB-LOADER: ACDB -> AUDIO_SET_AFE_CAL
06-16 23:59:30.993   788 10271 D ACDB-LOADER: ACDB -> send_hw_delay : acdb_id = 62 path = 1
06-16 23:59:30.993   788 10271 D ACDB-LOADER: ACDB -> ACDB_AVSYNC_INFO: ACDB_CMD_GET_DEVICE_PROPERTY
06-16 23:59:30.993   788 10271 D audio_hw_primary: enable_snd_device: snd_device(120: voice-rec-mic)
06-16 23:59:30.993   788 10271 D audio_route: Apply path: voice-rec-mic
06-16 23:59:30.996   788 10271 V msm8974_platform: platform_get_snd_device_backend_index: enter with device 120
06-16 23:59:30.996   788 10271 E msm8974_platform: platform_get_snd_device_backend_index: BE DAI Name Table is not present
06-16 23:59:30.996   788 10271 V msm8974_platform: platform_get_backend_index:napb: backend port - 5 device - 120 
06-16 23:59:30.996   788 10271 I audio_hw_utils: Set Audio Stream Capture 0 App Type Cfg: app_type 69936, acdb_dev_id 62, sample_rate 48000, snd_device_be_idx -14
06-16 23:59:30.997   788 10271 D audio_hw_primary: enable_audio_route: usecase(9) apply and update mixer path: audio-record
06-16 23:59:30.997   788 10271 D audio_route: Apply path: audio-record
06-16 23:59:31.052 10046 10273 I chatty  : uid=11419(org.mozilla.fennec_aurora) expire 10 lines
06-16 23:59:31.053  5625  5654 I PeriodicStatsRunner: PeriodicStatsRunner.call():180 call()
06-16 23:59:31.053  5625  5654 I PeriodicStatsRunner: PeriodicStatsRunner.call():184 No submit PeriodicStats since input started.
06-16 23:59:31.067 15309 15357 I MicroDetectionWorker: onReady
06-16 23:59:31.181 10046 10082 I chatty  : uid=11419(org.mozilla.fennec_aurora) expire 9 lines
06-16 23:59:31.228  1456 10366 D ConnectivityService: requestNetwork for uid/pid:11419/10046 NetworkRequest [ TRACK_DEFAULT id=68873, [ Capabilities: INTERNET&NOT_RESTRICTED&TRUSTED&NOT_VPN] ]
06-16 23:59:31.230  1456  2099 D Ethernet: got request NetworkRequest [ TRACK_DEFAULT id=68873, [ Capabilities: INTERNET&NOT_RESTRICTED&TRUSTED&NOT_VPN] ] with score 60
06-16 23:59:31.230  1456  2054 D WIFI_UT : got request NetworkRequest [ TRACK_DEFAULT id=68873, [ Capabilities: INTERNET&NOT_RESTRICTED&TRUSTED&NOT_VPN] ] with score 60
06-16 23:59:31.230  1456  2054 D WIFI    : got request NetworkRequest [ TRACK_DEFAULT id=68873, [ Capabilities: INTERNET&NOT_RESTRICTED&TRUSTED&NOT_VPN] ] with score 60
06-16 23:59:31.230  2398  2398 D PhoneSwitcherNetworkRequstListener: got request NetworkRequest [ TRACK_DEFAULT id=68873, [ Capabilities: INTERNET&NOT_RESTRICTED&TRUSTED&NOT_VPN] ] with score 60
06-16 23:59:31.241 10046 10282 I chatty  : uid=11419(org.mozilla.fennec_aurora) expire 5 lines
06-16 23:59:31.349  1456  7796 I OpenGLRenderer: Initialized EGL, version 1.4
06-16 23:59:31.349  1456  7796 D OpenGLRenderer: Swap behavior 2
06-16 23:59:31.365   808   808 I SFPerfTracer:      triggers: (rate: 103:2297727) (compose: 0:7) (post: 0:22) (render: 0:19) (12:13051731 frames) (13:16570672)
06-16 23:59:31.366   808   808 D SFPerfTracer:        layers: (4:14) (NavigationBar#0 (0xb07df000): 0:1259165) (StatusBar#0 (0xb07e3000): 0:3008935) (com.android.systemui.ImageWallpaper#0 (0xb07e7000): 0:116608) (Sprite#0 (0xb0733000): 0:317)* (DimLayerController/Stack=0#0 (0xb075a000): 0:4039)* (Sprite#1 (0xb077c000): 0:195)* (Sprite#2 (0xb039b000): 0:2)* (com.android.launcher3/com.android.launcher3.CustomizationPanelLauncher#0 (0xb0763000): 0:40)- (com.android.launcher3/com.android.launcher3.CustomizationPanelLauncher#1 (0xb0771000): 0:10)- (Splash Screen org.mozilla.fennec_aurora#0 (0xafd20000): 0:19)- (Splash Screen org.mozilla.fennec_aurora#1 (0xafdf0000): 0:31)- (org.mozilla.fennec_aurora/org.mozilla.fenix.HomeActivity#0 (0xafd20000): 12:75)* (com.android.launcher3/com.android.launcher3.CustomizationPanelLauncher#0 (0xb0763000): 13:27)* (com.android.launcher3/com.android.launcher3.CustomizationPanelLauncher#1 (0xb0771000): 1:6) 
06-16 23:59:31.383  5625  5654 I PeriodicStatsRunner: PeriodicStatsRunner.call():180 call()
06-16 23:59:31.383  5625  5654 I PeriodicStatsRunner: PeriodicStatsRunner.call():184 No submit PeriodicStats since input started.
06-16 23:59:31.397  2748  2917 W OpenGLRenderer: Incorrectly called buildLayer on View: ShortcutAndWidgetContainer, destroying layer...
06-16 23:59:31.411  1456  2067 D ConnectivityService: releasing NetworkRequest [ TRACK_DEFAULT id=68873, [ Capabilities: INTERNET&NOT_RESTRICTED&TRUSTED&NOT_VPN] ] (release request)
06-16 23:59:31.427  1456  1466 I zygote  : Background concurrent copying GC freed 64516(4MB) AllocSpace objects, 32(1152KB) LOS objects, 33% free, 47MB/71MB, paused 248us total 439.017ms
06-16 23:59:31.510 10046 10089 I chatty  : uid=11419(org.mozilla.fennec_aurora) expire 1 line
06-16 23:59:31.558  1456  2236 D ConnectivityService: requestNetwork for uid/pid:11419/10046 NetworkRequest [ TRACK_DEFAULT id=68874, [ Capabilities: INTERNET&NOT_RESTRICTED&TRUSTED&NOT_VPN] ]
06-16 23:59:31.560  1456  2099 D Ethernet: got request NetworkRequest [ TRACK_DEFAULT id=68874, [ Capabilities: INTERNET&NOT_RESTRICTED&TRUSTED&NOT_VPN] ] with score 60
06-16 23:59:31.560  1456  2054 D WIFI_UT : got request NetworkRequest [ TRACK_DEFAULT id=68874, [ Capabilities: INTERNET&NOT_RESTRICTED&TRUSTED&NOT_VPN] ] with score 60
06-16 23:59:31.560  1456  2054 D WIFI    : got request NetworkRequest [ TRACK_DEFAULT id=68874, [ Capabilities: INTERNET&NOT_RESTRICTED&TRUSTED&NOT_VPN] ] with score 60
06-16 23:59:31.560  2398  2398 D PhoneSwitcherNetworkRequstListener: got request NetworkRequest [ TRACK_DEFAULT id=68874, [ Capabilities: INTERNET&NOT_RESTRICTED&TRUSTED&NOT_VPN] ] with score 60
06-16 23:59:31.575 10046 10283 I chatty  : uid=11419(org.mozilla.fennec_aurora) expire 9 lines
06-16 23:59:32.154  1456  2067 D ConnectivityService: releasing NetworkRequest [ TRACK_DEFAULT id=68874, [ Capabilities: INTERNET&NOT_RESTRICTED&TRUSTED&NOT_VPN] ] (release request)
06-16 23:59:33.966   808   898 I SFPerfTracer:      triggers: (rate: 0:10) (0 sw vsyncs) (0 skipped) (0:8463743 vsyncs) (1:16716410)
06-16 23:59:35.889  5625  5654 I PeriodicStatsRunner: PeriodicStatsRunner.call():180 call()
06-16 23:59:35.890  5625  5654 I PeriodicStatsRunner: PeriodicStatsRunner.call():184 No submit PeriodicStats since input started.
06-16 23:59:35.969  1456 10366 I ActivityManager: Force stopping org.mozilla.fennec_aurora appid=11419 user=0: from pid 10286
06-16 23:59:35.969  1456 10366 I ActivityManager: Killing 10046:org.mozilla.fennec_aurora/u0a1419 (adj 700): stop org.mozilla.fennec_aurora
06-16 23:59:35.972  1456  1605 W zygote  : kill(-10046, 9) failed: No such process
06-16 23:59:35.974  1456 10366 W ActivityManager: Force removing ActivityRecord{6f636d u0 org.mozilla.fennec_aurora/org.mozilla.fenix.HomeActivity t85060}: app died, no saved state
06-16 23:59:35.974 10160 10160 I chatty  : uid=11419(org.mozilla.fennec_aurora) expire 1 line
06-16 23:59:35.983  1456 10366 I ActivityManager: Killing 10160:org.mozilla.fennec_aurora:tab0/u0a1419 (adj 0): stop org.mozilla.fennec_aurora
06-16 23:59:35.990  5625  5625 I AppBase : AppBase.onTrimMemory():615 onTrimMemory(): 10
06-16 23:59:35.990  5625  5625 I GoogleInputMethodService: GoogleInputMethodService.onTrimMemory():4225 onTrimMemory(): 10
06-16 23:59:35.992  1456  1605 W zygote  : kill(-10046, 9) failed: No such process
06-16 23:59:36.002  2398  2398 D CarrierSvcBindHelper: No carrier app for: 0
06-16 23:59:36.005  2398  2398 D CarrierSvcBindHelper: No carrier app for: 1
06-16 23:59:36.006  1456  1605 W zygote  : kill(-10046, 9) failed: No such process
06-16 23:59:36.050  1456  1673 W ActivityManager: setHasOverlayUi called on unknown pid: 10046
06-16 23:59:36.050  1456  1605 I chatty  : uid=1000(system) ActivityManager identical 3 lines
06-16 23:59:36.063  1456  1605 W zygote  : kill(-10046, 9) failed: No such process
06-16 23:59:36.063  1456  1605 I zygote  : Successfully killed process cgroup uid 11419 pid 10046 in 91ms
06-16 23:59:36.063  1456  1605 W zygote  : kill(-10160, 9) failed: No such process
06-16 23:59:36.063  1456  1605 I zygote  : Successfully killed process cgroup uid 11419 pid 10160 in 0ms
06-16 23:59:36.106  1456  7796 I OpenGLRenderer: Initialized EGL, version 1.4
06-16 23:59:36.107  1456  7796 D OpenGLRenderer: Swap behavior 2
06-16 23:59:37.117  1456  2236 I ActivityManager: START u0 {act=android.intent.action.MAIN cat=[android.intent.category.LAUNCHER] flg=0x10000000 cmp=org.mozilla.fennec_aurora/.App} from uid 2000
06-16 23:59:37.117   794   839 E ANDR-PERF-RESOURCEQS: Failed to apply optimization [4, 0]
06-16 23:59:37.136  1456  2162 I ActivityManager: Start proc 10294:org.mozilla.fennec_aurora/u0a1419 for activity org.mozilla.fennec_aurora/.App
06-16 23:59:37.228 15309 15357 I MicroDetectionState: Should stop hotword detection immediately - false
06-16 23:59:37.229 15309 15357 I MicroDetector: Keeping mic open: false
06-16 23:59:37.229 15309 30341 E DeviceStateChecker: DeviceStateChecker cancelled
06-16 23:59:37.229 15309 15357 I RecognitionAudioControl: #shutdownAudio [requestId: -5120316521312855342, keepAudioOpen: false, forced: true]
06-16 23:59:37.229 15309 15357 I RecognitionAudioControl: #internalShutdownAudio [requestId: -5120316521312855342]
06-16 23:59:37.229 15309 15357 I RecognitionAudioControl: #internalShutdownAudio [keepAudioOpen: false, forced: true]
06-16 23:59:37.229 15309 15357 I RecognitionAudioControl: #actualShutdownAudio
06-16 23:59:37.229 15309 15357 I AudioController: #shutdown [requestId=-5120316521312855342]
06-16 23:59:37.230 15309 15348 I AudioController: internalShutdown
06-16 23:59:37.230 15309 15350 I MicroRecognitionRunner: Stopping hotword detection.
06-16 23:59:37.260 10294 10294 I chatty  : uid=11419(org.mozilla.fennec_aurora) expire 49 lines
06-16 23:59:37.286   788  1401 D audio_hw_primary: disable_audio_route: usecase(9) reset and update mixer path: audio-record
06-16 23:59:37.287   788  1401 D audio_hw_primary: disable_snd_device: snd_device(120: voice-rec-mic)
06-16 23:59:37.290  1012  1390 D APM_AudioPolicyManager: stopInput() input 399534, session 399761
06-16 23:59:37.292   788  1479 D audio_hw_primary: in_set_parameters: enter: kvpairs=routing=0
06-16 23:59:37.295 15309 15348 I MicrophoneInputStream: mic_close  SR : 16000 CC : 16 SO : 1999
06-16 23:59:37.296 15309 15348 E AudioSource: Stop listening is called on already closed AudioSource
06-16 23:59:37.296 15309 15348 I AudioController: Sending AudioStatusChangedBroadcast to :interactor. audioSourceType: NOT_SET, isActive: false
06-16 23:59:37.298 15309  8690 I MicroRecognitionRunner: Detection finished
06-16 23:59:37.323 10294 10312 I chatty  : uid=11419(org.mozilla.fennec_aurora) expire 4 lines
06-16 23:59:37.385 25499 25509 I zygote  : Background concurrent copying GC freed 157116(8MB) AllocSpace objects, 36(1096KB) LOS objects, 49% free, 8MB/16MB, paused 178us total 113.357ms
06-16 23:59:37.404 10294 10322 I chatty  : uid=11419(org.mozilla.fennec_aurora) expire 13 lines
06-16 23:59:37.422 10294 10321 I chatty  : uid=11419(org.mozilla.fennec_aurora) expire 14 lines
06-16 23:59:37.431 10294 10325 I chatty  : uid=11419(org.mozilla.fennec_aurora) expire 1 line
06-16 23:59:37.435 10294 10326 I chatty  : uid=11419(org.mozilla.fennec_aurora) expire 19 lines
06-16 23:59:37.510 10294 10334 I chatty  : uid=11419(org.mozilla.fennec_aurora) expire 6 lines
06-16 23:59:37.571 10294 10345 I chatty  : uid=11419(org.mozilla.fennec_aurora) expire 1 line
06-16 23:59:37.595  1456  2162 I ActivityManager: START u0 {act=android.intent.action.MAIN cat=[android.intent.category.LAUNCHER] flg=0x10000000 cmp=org.mozilla.fennec_aurora/org.mozilla.fenix.HomeActivity (has extras)} from uid 11419
06-16 23:59:37.618 10294 10299 I chatty  : uid=11419(org.mozilla.fennec_aurora) expire 11 lines
06-16 23:59:37.627   808   808 D SurfaceFlinger: duplicate layer name: changing Splash Screen org.mozilla.fennec_aurora to Splash Screen org.mozilla.fennec_aurora#1
06-16 23:59:37.671  1456  2162 I ActivityManager: Start proc 10373:org.mozilla.fennec_aurora:tab0/u0a1419 for service org.mozilla.fennec_aurora/org.mozilla.gecko.process.GeckoChildProcessServices$tab0
06-16 23:59:37.687 10294 10361 I chatty  : uid=11419(org.mozilla.fennec_aurora) expire 1 line
06-16 23:59:37.770 10373 10373 I chatty  : uid=11419(org.mozilla.fennec_aurora) expire 1 line
06-16 23:59:37.771 10373 10393 I chatty  : uid=11419(org.mozilla.fennec_aurora) expire 1 line
06-16 23:59:38.085 10294 10344 I chatty  : uid=11419(org.mozilla.fennec_aurora) expire 1 line
06-16 23:59:38.098 10294 10403 I chatty  : uid=11419(org.mozilla.fennec_aurora) expire 9 lines
06-16 23:59:38.112  1456  5031 D ConnectivityService: requestNetwork for uid/pid:11419/10294 NetworkRequest [ TRACK_DEFAULT id=68875, [ Capabilities: INTERNET&NOT_RESTRICTED&TRUSTED&NOT_VPN] ]
06-16 23:59:38.113  1456  2099 D Ethernet: got request NetworkRequest [ TRACK_DEFAULT id=68875, [ Capabilities: INTERNET&NOT_RESTRICTED&TRUSTED&NOT_VPN] ] with score 60
06-16 23:59:38.113  1456  2054 D WIFI_UT : got request NetworkRequest [ TRACK_DEFAULT id=68875, [ Capabilities: INTERNET&NOT_RESTRICTED&TRUSTED&NOT_VPN] ] with score 60
06-16 23:59:38.113  1456  2054 D WIFI    : got request NetworkRequest [ TRACK_DEFAULT id=68875, [ Capabilities: INTERNET&NOT_RESTRICTED&TRUSTED&NOT_VPN] ] with score 60
06-16 23:59:38.114  2398  2398 D PhoneSwitcherNetworkRequstListener: got request NetworkRequest [ TRACK_DEFAULT id=68875, [ Capabilities: INTERNET&NOT_RESTRICTED&TRUSTED&NOT_VPN] ] with score 60
06-16 23:59:38.118  1456  5031 I WifiService: getDhcpInfo uid=11419
06-16 23:59:38.251 10294 10409 I chatty  : uid=11419(org.mozilla.fennec_aurora) expire 5 lines
06-16 23:59:38.287  1456  1673 I LaunchCheckinHandler: Displayed org.mozilla.fennec_aurora/org.mozilla.fenix.HomeActivity,wp,ca,615
06-16 23:59:38.288  1456  1673 I ActivityManager: Displayed org.mozilla.fennec_aurora/org.mozilla.fenix.HomeActivity: +607ms (total +1s154ms)
06-16 23:59:38.304 15309 15309 I MemoryTrimmer: Trimming objects from memory, since app is in the background.
06-16 23:59:38.311 15309 15309 I MemoryTrimmer: Trimming objects from memory, since app is in the background.
06-16 23:59:38.312 15309 18734 I PBSessionCacheImpl: Deleted sessionId[67331286385450115] from persistence.
06-16 23:59:38.318  1456  2162 I WifiService: getWifiEnabledState uid=10073
06-16 23:59:38.324 15309 15357 W SearchServiceCore: Abort, client detached.
06-16 23:59:38.582  1456  2162 I ActivityManager: Fully drawn org.mozilla.fennec_aurora/org.mozilla.fenix.HomeActivity: +910ms (total +1s457ms)
06-16 23:59:38.661 10294 10433 I chatty  : uid=11419(org.mozilla.fennec_aurora) expire 1 line
06-16 23:59:38.661 10294 10432 I chatty  : uid=11419(org.mozilla.fennec_aurora) expire 1 line
06-16 23:59:39.098   808   808 I SFPerfTracer:      triggers: (rate: 103:2297728) (compose: 0:7) (post: 0:22) (render: 0:19) (30:13051814 frames) (31:16570777)
06-16 23:59:39.098   808   808 D SFPerfTracer:        layers: (3:12) (NavigationBar#0 (0xb07df000): 0:1259175) (StatusBar#0 (0xb07e3000): 0:3008946) (com.android.systemui.ImageWallpaper#0 (0xb07e7000): 0:116609)* (Sprite#0 (0xb0733000): 0:317)* (DimLayerController/Stack=0#0 (0xb075a000): 0:4039)* (Sprite#1 (0xb077c000): 0:195)* (Sprite#2 (0xb039b000): 0:2)* (com.android.launcher3/com.android.launcher3.CustomizationPanelLauncher#0 (0xb0763000): 0:39)- (com.android.launcher3/com.android.launcher3.CustomizationPanelLauncher#1 (0xb0771000): 0:11)- (Splash Screen org.mozilla.fennec_aurora#0 (0xafd20000): 0:19)- (Splash Screen org.mozilla.fennec_aurora#1 (0xafdf0000): 0:31)- (org.mozilla.fennec_aurora/org.mozilla.fenix.HomeActivity#0 (0xafd20000): 30:43) 
06-16 23:59:39.106 10294 10315 I chatty  : uid=11419(org.mozilla.fennec_aurora) expire 2 lines
06-16 23:59:39.111  1456  2067 D ConnectivityService: releasing NetworkRequest [ TRACK_DEFAULT id=68875, [ Capabilities: INTERNET&NOT_RESTRICTED&TRUSTED&NOT_VPN] ] (release request)
06-16 23:59:39.236 10294 10439 I chatty  : uid=11419(org.mozilla.fennec_aurora) expire 1 line
06-16 23:59:39.339 10294 10342 I chatty  : uid=11419(org.mozilla.fennec_aurora) expire 4 lines
06-16 23:59:39.913   808   898 I SFPerfTracer:      triggers: (rate: 0:10) (0 sw vsyncs) (0 skipped) (1:8463821 vsyncs) (3:16716513)
06-16 23:59:42.775 10466 10466 D AndroidRuntime: >>>>>> START com.android.internal.os.RuntimeInit uid 2000 <<<<<<
06-16 23:59:42.788 10466 10466 W app_process: Could not reserve sentinel fault page
06-16 23:59:42.955 10466 10466 I app_process: The ClassLoaderContext is a special shared library.
06-16 23:59:43.022 10466 10466 D AndroidRuntime: Calling main entry com.android.commands.input.Input
06-16 23:59:43.023 10466 10466 I Input   : injectKeyEvent: KeyEvent { action=ACTION_DOWN, keyCode=KEYCODE_HOME, scanCode=0, metaState=0, flags=0x0, repeatCount=0, eventTime=24439059632, downTime=24439059632, deviceId=-1, source=0x101 }
06-16 23:59:43.030 10466 10466 I Input   : injectKeyEvent: KeyEvent { action=ACTION_UP, keyCode=KEYCODE_HOME, scanCode=0, metaState=0, flags=0x0, repeatCount=0, eventTime=24439059632, downTime=24439059632, deviceId=-1, source=0x101 }
06-16 23:59:43.036  1456  1941 I ActivityManager: START u0 {act=android.intent.action.MAIN cat=[android.intent.category.HOME] flg=0x10200000 cmp=com.android.launcher3/.CustomizationPanelLauncher (has extras)} from uid 1000
06-16 23:59:43.037   794   839 E ANDR-PERF-RESOURCEQS: Failed to apply optimization [4, 0]
06-16 23:59:43.043 10466 10466 D AndroidRuntime: Shutting down VM
06-16 23:59:43.052  1456 10962 I ActivityManager: moveHomeStack, setupComplete:true
06-16 23:59:43.059 15309 15355 I Adreno  : QUALCOMM build                   : bb5b86c, I77d3059488
06-16 23:59:43.059 15309 15355 I Adreno  : Build Date                       : 06/07/18
06-16 23:59:43.059 15309 15355 I Adreno  : OpenGL ES Shader Compiler Version: EV031.22.00.01_06
06-16 23:59:43.059 15309 15355 I Adreno  : Local Branch                     : 
06-16 23:59:43.059 15309 15355 I Adreno  : Remote Branch                    : refs/tags/AU_LINUX_ANDROID_LA.UM.6.5.R1.08.01.00.312.086
06-16 23:59:43.059 15309 15355 I Adreno  : Remote Branch                    : NONE
06-16 23:59:43.059 15309 15355 I Adreno  : Reconstruct Branch               : NOTHING
06-16 23:59:43.062 15309 15355 D vndksupport: Loading /vendor/lib/hw/gralloc.msm8937.so from current namespace instead of sphal namespace.
06-16 23:59:43.067 15309 15355 I Adreno  : PFP: 0x005ff087, ME: 0x005ff063
06-16 23:59:43.072 15309 15355 I zygote  : android::hardware::configstore::V1_0::ISurfaceFlingerConfigs::hasWideColorDisplay retrieved: 0
06-16 23:59:43.074 15309 15355 I OpenGLRenderer: Initialized EGL, version 1.4
06-16 23:59:43.074  2748  2748 D Launcher.Utilities: Wakeup weather: Intent { act=com.motorola.launcher3.action.WAKEUP_WEATHER cmp=com.motorola.timeweatherwidget/com.motorola.commandcenter.weather.WakeUpService }
06-16 23:59:43.074 15309 15355 D OpenGLRenderer: Swap behavior 2
06-16 23:59:43.083   808   808 D SurfaceFlinger: duplicate layer name: changing com.android.launcher3/com.android.launcher3.CustomizationPanelLauncher to com.android.launcher3/com.android.launcher3.CustomizationPanelLauncher#1
06-16 23:59:43.089  1456  1456 I NotificationService: Cannot find enqueued record for key: 0|com.motorola.timeweatherwidget|1|null|10116
06-16 23:59:43.119 15309 15345 W ThreadPoolDumper: Queue length for executor EventBus is now 11. Perhaps some tasks are too long, or the pool is too small.
06-16 23:59:43.121  1456  1473 I WifiService: getWifiEnabledState uid=10073
06-16 23:59:43.130  1456  1473 I WifiService: getWifiEnabledState uid=10073
06-16 23:59:43.164 15309 15309 I BgTaskExecutorImpl: Starting EXCLUSIVE background task TNG_MINUS_ONE_SYNC.
06-16 23:59:43.166 15309 15357 I MicroDetectionState: Should stop hotword detection immediately - false
06-16 23:59:43.167 15309 15337 E MDD     : DownloadProgressMonitor: Can't find file group for uri: android://com.google.android.googlequicksearchbox/files/sharedminusonemodule/shared/SharedMinusOneData.pb.tmp
06-16 23:59:43.172 15309 15357 I MicroDetectionWorker: #startMicroDetector [speakerMode: 0]
06-16 23:59:43.174 15309 15357 I AudioController: Created new AudioSource
06-16 23:59:43.178  1456  1673 I LaunchCheckinHandler: Displayed com.android.launcher3/.CustomizationPanelLauncher,wp,wa,140
06-16 23:59:43.180 15309 15357 I TngMinusOneSync: Syncing TNG:-1
06-16 23:59:43.180 15309 15351 I MicroDataManager: isInitializing-false locale not changed-true model not changed-true
06-16 23:59:43.180 15309 15351 I MicroDataManager: Already initialized, obtaining the hotword data immediately.
06-16 23:59:43.187 15309 32761 I MicroRecognitionRunner: Starting detection.
06-16 23:59:43.187 15309 32761 I InputStreamUtils: Using micInputStream
06-16 23:59:43.188 15309   817 I MicrophoneInputStream: mic_starting  SR : 16000 CC : 16 SO : 1999
06-16 23:59:43.192   788  1479 V msm8974_platform: platform_check_input_mask: enter check_input_mask source 6 mask 10
06-16 23:59:43.194  1012 10480 I AudioFlinger: AudioFlinger's thread 0xb2483c40 tid=10480 ready to run
06-16 23:59:43.202   788  1479 D audio_hw_primary: in_set_parameters: enter: kvpairs=input_source=6;routing=-2147483644
06-16 23:59:43.203  1012 11031 D APM_AudioPolicyManager: AudioPolicyManager::startInput() input 399542, session 399769, source = 1999
