03-22 22:46:09.217   788 15059 D ACDB-LOADER: ACDB -> send_adm_topology
03-22 22:46:09.217   788 15059 D ACDB-LOADER: ACDB -> ACDB_CMD_GET_AUDPROC_COMMON_TOPOLOGY_ID
03-22 22:46:09.217   788 15059 D ACDB-LOADER: ACDB -> send_audtable
03-22 22:46:09.217   788 15059 D ACDB-LOADER: ACDB -> ACDB_CMD_GET_AUDPROC_COMMON_TABLE_SIZE
03-22 22:46:09.217   788 15059 D ACDB-LOADER: ACDB -> ACDB_CMD_GET_AUDPROC_COMMON_TABLE
03-22 22:46:09.217   788 15059 D ACDB-LOADER: ACDB -> AUDIO_SET_AUDPROC_CAL
03-22 22:46:09.218   788 15059 D ACDB-LOADER: ACDB -> send_audvoltable
03-22 22:46:09.218   788 15059 D ACDB-LOADER: ACDB -> ACDB_CMD_GET_AUDPROC_VOL_STEP_TABLE_SIZE
03-22 22:46:09.218   788 15059 D ACDB-LOADER: ACDB -> ACDB_CMD_GET_AUDPROC_GAIN_DEP_STEP_TABLE, vol index 0
03-22 22:46:09.218   788 15059 D         : Failed to fetch the lookup information of the device 0000003E 
03-22 22:46:09.218   788 15059 D ACDB-LOADER: ACDB -> AUDIO_SET_VOL_CAL cal type = 12
03-22 22:46:09.218   788 15059 D ACDB-LOADER: ACDB -> ACDB_CMD_GET_AUDPROC_STREAM_TABLE_SIZE
03-22 22:46:09.218   788 15059 D ACDB-LOADER: ACDB -> send_audstrmtable
03-22 22:46:09.218   788 15059 D ACDB-LOADER: ACDB -> ACDB_CMD_GET_AUDPROC_STREAM_TABLE_V2
03-22 22:46:09.218   788 15059 D ACDB-LOADER: ACDB -> audstrm_cal->cal_type.cal_data.cal_size = 456
03-22 22:46:09.218   788 15059 D ACDB-LOADER: ACDB -> send_afe_topology
03-22 22:46:09.218   788 15059 D ACDB-LOADER: ACDB -> ACDB_CMD_GET_AFE_TOPOLOGY_ID
03-22 22:46:09.218   788 15059 D ACDB-LOADER: ACDB -> GET_AFE_TOPOLOGY_ID for adcd_id 62, Topology Id 112fb
03-22 22:46:09.218   788 15059 D ACDB-LOADER: ACDB -> send_afe_cal
03-22 22:46:09.218   788 15059 D ACDB-LOADER: ACDB -> ACDB_CMD_GET_AFE_COMMON_TABLE_SIZE
03-22 22:46:09.218   788 15059 D         : Failed to fetch the lookup information of the device 0000003E 
03-22 22:46:09.219   788 15059 E ACDB-LOADER: Error: ACDB_CMD_GET_AFE_COMMON_TABLE_SIZE Returned = -19
03-22 22:46:09.219   788 15059 D ACDB-LOADER: ACDB -> ACDB_CMD_GET_AFE_COMMON_TABLE
03-22 22:46:09.219   788 15059 D         : Failed to fetch the lookup information of the device 0000003E 
03-22 22:46:09.219   788 15059 D ACDB-LOADER: ACDB -> AUDIO_SET_AFE_CAL
03-22 22:46:09.219   788 15059 D ACDB-LOADER: ACDB -> send_hw_delay : acdb_id = 62 path = 1
03-22 22:46:09.219   788 15059 D ACDB-LOADER: ACDB -> ACDB_AVSYNC_INFO: ACDB_CMD_GET_DEVICE_PROPERTY
03-22 22:46:09.219   788 15059 D audio_hw_primary: enable_snd_device: snd_device(120: voice-rec-mic)
03-22 22:46:09.219   788 15059 D audio_route: Apply path: voice-rec-mic
03-22 22:46:09.222   788 15059 V msm8974_platform: platform_get_snd_device_backend_index: enter with device 120
03-22 22:46:09.222   788 15059 E msm8974_platform: platform_get_snd_device_backend_index: BE DAI Name Table is not present
03-22 22:46:09.222   788 15059 V msm8974_platform: platform_get_backend_index:napb: backend port - 5 device - 120 
03-22 22:46:09.222   788 15059 I audio_hw_utils: Set Audio Stream Capture 0 App Type Cfg: app_type 69936, acdb_dev_id 62, sample_rate 48000, snd_device_be_idx -14
03-22 22:46:09.222   788 15059 D audio_hw_primary: enable_audio_route: usecase(9) apply and update mixer path: audio-record
03-22 22:46:09.222   788 15059 D audio_route: Apply path: audio-record
03-22 22:46:09.292 28336 28379 I MicroDetectionWorker: onReady
03-22 22:46:09.327  2146  2165 I zygote  : NativeAlloc concurrent copying GC freed 20032(1064KB) AllocSpace objects, 0(0B) LOS objects, 49% free, 8MB/16MB, paused 198us total 123.314ms
03-22 22:46:09.599  1456  7796 I OpenGLRenderer: Initialized EGL, version 1.4
03-22 22:46:09.599  1456  7796 D OpenGLRenderer: Swap behavior 2
03-22 22:46:09.632  2748  2917 W OpenGLRenderer: Incorrectly called buildLayer on View: ShortcutAndWidgetContainer, destroying layer...
03-22 22:46:09.742 14841 14870 I chatty  : uid=11147(org.mozilla.fennec_aurora) expire 1 line
03-22 22:46:09.777   808   898 I SFPerfTracer:      triggers: (rate: 0:1) (0 sw vsyncs) (0 skipped) (37:5472054 vsyncs) (39:11879489)
03-22 22:46:09.952  1456  1466 I zygote  : NativeAlloc concurrent copying GC freed 73261(5MB) AllocSpace objects, 26(904KB) LOS objects, 37% free, 39MB/63MB, paused 302us total 353.105ms
03-22 22:46:11.083 28336 28346 I zygote  : Background concurrent copying GC freed 301622(16MB) AllocSpace objects, 20(6MB) LOS objects, 17% free, 116MB/140MB, paused 219us total 1.883s
03-22 22:46:14.225  1456  2915 I ActivityManager: Force stopping org.mozilla.fennec_aurora appid=11147 user=0: from pid 15064
03-22 22:46:14.225  1456  2915 I ActivityManager: Killing 14841:org.mozilla.fennec_aurora/u0a1147 (adj 700): stop org.mozilla.fennec_aurora
03-22 22:46:14.228  1456  1605 W zygote  : kill(-14841, 9) failed: No such process
03-22 22:46:14.238  1456  2915 W ActivityManager: Force removing ActivityRecord{98aea6d u0 org.mozilla.fennec_aurora/org.mozilla.fenix.HomeActivity t42672}: app died, no saved state
03-22 22:46:14.241  1456  1605 W zygote  : kill(-14841, 9) failed: No such process
03-22 22:46:14.246  1456  2915 I ActivityManager: Killing 14925:org.mozilla.fennec_aurora:tab0/u0a1147 (adj 0): stop org.mozilla.fennec_aurora
03-22 22:46:14.256  1456  1605 W zygote  : kill(-14841, 9) failed: No such process
03-22 22:46:14.258  2398  2398 D CarrierSvcBindHelper: No carrier app for: 0
03-22 22:46:14.259  2398  2398 D CarrierSvcBindHelper: No carrier app for: 1
03-22 22:46:14.275  1456  1605 W zygote  : kill(-14841, 9) failed: No such process
03-22 22:46:14.289  1456  1605 I chatty  : uid=1000(system) ActivityManager identical 1 line
03-22 22:46:14.293  1456  1673 W ActivityManager: setHasOverlayUi called on unknown pid: 14841
03-22 22:46:14.304  1456  1605 W zygote  : kill(-14841, 9) failed: No such process
03-22 22:46:14.304  1456  1605 I zygote  : Successfully killed process cgroup uid 11147 pid 14841 in 76ms
03-22 22:46:14.305  1456  1605 W zygote  : kill(-14925, 9) failed: No such process
03-22 22:46:14.305  1456  1605 I zygote  : Successfully killed process cgroup uid 11147 pid 14925 in 0ms
03-22 22:46:14.353  1456  2918 I ActivityManager: START u0 {act=android.intent.action.MAIN cat=[android.intent.category.LAUNCHER] flg=0x10000000 cmp=org.mozilla.fennec_aurora/.App} from uid 2000
03-22 22:46:14.354   794   839 E ANDR-PERF-RESOURCEQS: Failed to apply optimization [4, 0]
03-22 22:46:14.373  1456  2921 I ActivityManager: Start proc 15072:org.mozilla.fennec_aurora/u0a1147 for activity org.mozilla.fennec_aurora/.App
03-22 22:46:14.461 28336 28379 I MicroDetectionState: Should stop hotword detection immediately - false
03-22 22:46:14.461 28336 28379 I MicroDetector: Keeping mic open: false
03-22 22:46:14.461 28336 28379 I RecognitionAudioControl: #shutdownAudio [requestId: -3014659809986944385, keepAudioOpen: false, forced: true]
03-22 22:46:14.462 28336 28379 I RecognitionAudioControl: #internalShutdownAudio [requestId: -3014659809986944385]
03-22 22:46:14.462 28336 21552 E DeviceStateChecker: DeviceStateChecker cancelled
03-22 22:46:14.462 28336 28379 I RecognitionAudioControl: #internalShutdownAudio [keepAudioOpen: false, forced: true]
03-22 22:46:14.462 28336 28379 I RecognitionAudioControl: #actualShutdownAudio
03-22 22:46:14.462 28336 28379 I AudioController: #shutdown [requestId=-3014659809986944385]
03-22 22:46:14.462 28336 28378 I AudioController: internalShutdown
03-22 22:46:14.462 28336 28366 I MicroRecognitionRunner: Stopping hotword detection.
03-22 22:46:14.509   788  1401 D audio_hw_primary: disable_audio_route: usecase(9) reset and update mixer path: audio-record
03-22 22:46:14.511   788  1401 D audio_hw_primary: disable_snd_device: snd_device(120: voice-rec-mic)
03-22 22:46:14.513  1012 11031 D APM_AudioPolicyManager: stopInput() input 229086, session 229201
03-22 22:46:14.513   788  1479 D audio_hw_primary: in_set_parameters: enter: kvpairs=routing=0
03-22 22:46:14.516 28336 28378 I MicrophoneInputStream: mic_close  SR : 16000 CC : 16 SO : 1999
03-22 22:46:14.516 28336 28378 E AudioSource: Stop listening is called on already closed AudioSource
03-22 22:46:14.517 28336 21549 I MicroRecognitionRunner: Detection finished
03-22 22:46:14.542 15072 15072 I chatty  : uid=11147(org.mozilla.fennec_aurora) expire 36 lines
03-22 22:46:14.615 15072 15091 I chatty  : uid=11147(org.mozilla.fennec_aurora) expire 4 lines
03-22 22:46:14.642 15072 15101 I chatty  : uid=11147(org.mozilla.fennec_aurora) expire 13 lines
03-22 22:46:14.643  1456  4802 D ConnectivityService: requestNetwork for uid/pid:11147/15072 NetworkRequest [ TRACK_DEFAULT id=32710, [ Capabilities: INTERNET&NOT_RESTRICTED&TRUSTED&NOT_VPN] ]
03-22 22:46:14.644  1456  2099 D Ethernet: got request NetworkRequest [ TRACK_DEFAULT id=32710, [ Capabilities: INTERNET&NOT_RESTRICTED&TRUSTED&NOT_VPN] ] with score 0
03-22 22:46:14.644  1456  2054 D WIFI_UT : got request NetworkRequest [ TRACK_DEFAULT id=32710, [ Capabilities: INTERNET&NOT_RESTRICTED&TRUSTED&NOT_VPN] ] with score 0
03-22 22:46:14.644  1456  2054 D WIFI    : got request NetworkRequest [ TRACK_DEFAULT id=32710, [ Capabilities: INTERNET&NOT_RESTRICTED&TRUSTED&NOT_VPN] ] with score 0
03-22 22:46:14.645  2398  2398 D PhoneSwitcherNetworkRequstListener: got request NetworkRequest [ TRACK_DEFAULT id=32710, [ Capabilities: INTERNET&NOT_RESTRICTED&TRUSTED&NOT_VPN] ] with score 0
03-22 22:46:14.663 15072 15100 I chatty  : uid=11147(org.mozilla.fennec_aurora) expire 11 lines
03-22 22:46:14.698 15072 15108 I chatty  : uid=11147(org.mozilla.fennec_aurora) expire 19 lines
03-22 22:46:14.786 15072 15112 I chatty  : uid=11147(org.mozilla.fennec_aurora) expire 1 line
03-22 22:46:14.790 15072 15117 I chatty  : uid=11147(org.mozilla.fennec_aurora) expire 10 lines
03-22 22:46:14.811   808   808 I SFPerfTracer:      triggers: (rate: 71:2008242) (compose: 0:7) (post: 0:19) (render: 0:17) (16:9557433 frames) (17:11798790)
03-22 22:46:14.811   808   808 D SFPerfTracer:        layers: (3:13) (NavigationBar#0 (0xb07df000): 9:793316) (StatusBar#0 (0xb07e3000): 9:1979091) (com.android.systemui.ImageWallpaper#0 (0xb07e7000): 0:72191)* (Sprite#0 (0xb0733000): 0:317)* (DimLayerController/Stack=0#0 (0xb075a000): 0:3780)* (Sprite#1 (0xb077c000): 0:195)* (com.android.launcher3/com.android.launcher3.CustomizationPanelLauncher#0 (0xb0763000): 0:38)- (com.android.launcher3/com.android.launcher3.CustomizationPanelLauncher#1 (0xb0771000): 0:14)- (Splash Screen org.mozilla.fennec_aurora#1 (0xb013a000): 0:31)- (org.mozilla.fennec_aurora/org.mozilla.fenix.HomeActivity#0 (0xb039b000): 0:46)- (com.android.launcher3/com.android.launcher3.CustomizationPanelLauncher#0 (0xb0763000): 0:39)* (com.android.launcher3/com.android.launcher3.CustomizationPanelLauncher#1 (0xb0771000): 0:9)* (Splash Screen org.mozilla.fennec_aurora#0 (0xb039b000): 16:19) 
03-22 22:46:14.829  1456  2236 I ActivityManager: START u0 {act=android.intent.action.MAIN cat=[android.intent.category.LAUNCHER] flg=0x10000000 cmp=org.mozilla.fennec_aurora/org.mozilla.fenix.HomeActivity (has extras)} from uid 11147
03-22 22:46:14.854 15072 15077 I chatty  : uid=11147(org.mozilla.fennec_aurora) expire 6 lines
03-22 22:46:14.860   808   808 D SurfaceFlinger: duplicate layer name: changing Splash Screen org.mozilla.fennec_aurora to Splash Screen org.mozilla.fennec_aurora#1
03-22 22:46:15.163  1456  4802 I ActivityManager: Start proc 15156:org.mozilla.fennec_aurora:tab0/u0a1147 for service org.mozilla.fennec_aurora/org.mozilla.gecko.process.GeckoChildProcessServices$tab0
03-22 22:46:15.173 15072 15072 E ActivityThread: Failed to find provider info for org.mozilla.firefox_beta.fxa.auth
03-22 22:46:15.174 15072 15072 E ActivityThread: Failed to find provider info for org.mozilla.fennec_aurora.fxa.auth
03-22 22:46:15.261 15072 15177 I chatty  : uid=11147(org.mozilla.fennec_aurora) expire 2 lines
03-22 22:46:15.306 15156 15156 I chatty  : uid=11147(org.mozilla.fennec_aurora) expire 1 line
03-22 22:46:15.307 15156 15179 I chatty  : uid=11147(org.mozilla.fennec_aurora) expire 1 line
03-22 22:46:15.364 15072 15177 I chatty  : uid=11147(org.mozilla.fennec_aurora) expire 7 lines
03-22 22:46:15.438 15072 15072 I chatty  : uid=11147(org.mozilla.fennec_aurora) expire 17 lines
03-22 22:46:15.613  1456  1673 I LaunchCheckinHandler: Displayed org.mozilla.fennec_aurora/org.mozilla.fenix.HomeActivity,wp,ca,726
03-22 22:46:15.613  1456  1673 I ActivityManager: Displayed org.mozilla.fennec_aurora/org.mozilla.fenix.HomeActivity: +722ms (total +1s248ms)
03-22 22:46:15.635 28336 28336 I MemoryTrimmer: Trimming objects from memory, since app is in the background.
03-22 22:46:15.640 28336 28379 E AudioSource: Stop listening is called on already closed AudioSource
03-22 22:46:15.644 28336 28336 I MemoryTrimmer: Trimming objects from memory, since app is in the background.
03-22 22:46:15.645 28336 12606 I PBSessionCacheImpl: Deleted sessionId[124624629806590679] from persistence.
03-22 22:46:15.649  1456  2918 I WifiService: getWifiEnabledState uid=10073
03-22 22:46:15.650 28336 28379 I DEBUG   : OpaToSrpTransitionState#onStateChanged#notNullQuery
03-22 22:46:15.651 28336 28379 I DEBUG   : OpaToSrpTransitionState#onStateChanged#notNullQuery
03-22 22:46:15.653 28336 28379 W SearchServiceCore: Abort, client detached.
03-22 22:46:15.679 15072 15077 I chatty  : uid=11147(org.mozilla.fennec_aurora) expire 2 lines
03-22 22:46:15.687 15072 15072 E ActivityThread: Failed to find provider info for org.mozilla.firefox_beta.fxa.auth
03-22 22:46:15.687 15072 15072 E ActivityThread: Failed to find provider info for org.mozilla.fennec_aurora.fxa.auth
03-22 22:46:15.699 15072 15108 I chatty  : uid=11147(org.mozilla.fennec_aurora) expire 8 lines
03-22 22:46:15.931 15072 15199 I chatty  : uid=11147(org.mozilla.fennec_aurora) expire 2 lines
03-22 22:46:16.070  1023 15205 D libc    : Internal error: netid(0), id(0xff9c), server(0.0.0.0)
03-22 22:46:16.071  1023 15205 D libc    : Internal error: netid(0), id(0xff9c), server(0.0.0.0)
03-22 22:46:16.071  1023 15205 D libc    : Internal error: netid(0), id(0x7ebc), server(0.0.0.0)
03-22 22:46:16.071  1023 15205 D libc    : Internal error: netid(0), id(0x7ebc), server(0.0.0.0)
03-22 22:46:16.088  1023 15214 D libc    : Internal error: netid(0), id(0x3e98), server(0.0.0.0)
03-22 22:46:16.088  1023 15214 D libc    : Internal error: netid(0), id(0x3e98), server(0.0.0.0)
03-22 22:46:16.088  1023 15214 D libc    : Internal error: netid(0), id(0xcba3), server(0.0.0.0)
03-22 22:46:16.088  1023 15214 D libc    : Internal error: netid(0), id(0xcba3), server(0.0.0.0)
03-22 22:46:16.091  1023 15216 D libc    : Internal error: netid(0), id(0xbe8b), server(0.0.0.0)
03-22 22:46:16.091  1023 15216 D libc    : Internal error: netid(0), id(0xbe8b), server(0.0.0.0)
03-22 22:46:16.091  1023 15216 D libc    : Internal error: netid(0), id(0x1bce), server(0.0.0.0)
03-22 22:46:16.091  1023 15216 D libc    : Internal error: netid(0), id(0x1bce), server(0.0.0.0)
03-22 22:46:16.094 15072 15101 I chatty  : uid=11147(org.mozilla.fennec_aurora) expire 1 line
03-22 22:46:16.094 15072 15119 I chatty  : uid=11147(org.mozilla.fennec_aurora) expire 1 line
03-22 22:46:16.095 15072 15130 I chatty  : uid=11147(org.mozilla.fennec_aurora) expire 1 line
03-22 22:46:16.118  1023 15230 D libc    : Internal error: netid(0), id(0x8282), server(0.0.0.0)
03-22 22:46:16.119  1023 15230 D libc    : Internal error: netid(0), id(0x8282), server(0.0.0.0)
03-22 22:46:16.119  1023 15230 D libc    : Internal error: netid(0), id(0x8692), server(0.0.0.0)
03-22 22:46:16.119  1023 15230 D libc    : Internal error: netid(0), id(0x8692), server(0.0.0.0)
03-22 22:46:16.121  1023 15232 D libc    : Internal error: netid(0), id(0x2df), server(0.0.0.0)
03-22 22:46:16.121  1023 15232 D libc    : Internal error: netid(0), id(0x2df), server(0.0.0.0)
03-22 22:46:16.121  1023 15232 D libc    : Internal error: netid(0), id(0x7e81), server(0.0.0.0)
03-22 22:46:16.121  1023 15232 D libc    : Internal error: netid(0), id(0x7e81), server(0.0.0.0)
03-22 22:46:16.124  1023 15236 D libc    : Internal error: netid(0), id(0xf6e1), server(0.0.0.0)
03-22 22:46:16.124  1023 15236 D libc    : Internal error: netid(0), id(0xf6e1), server(0.0.0.0)
03-22 22:46:16.124  1023 15236 D libc    : Internal error: netid(0), id(0xf28e), server(0.0.0.0)
03-22 22:46:16.124  1023 15236 D libc    : Internal error: netid(0), id(0xf28e), server(0.0.0.0)
03-22 22:46:16.125 15072 15224 I chatty  : uid=11147(org.mozilla.fennec_aurora) expire 1 line
03-22 22:46:19.188   769   769 I MotoSensors: Sensorhub hal setDelay: 1 - 20
03-22 22:46:19.188   769   769 I MotoSensors: Sensorhub hal setdelay: 1 - 20
03-22 22:46:19.188   769   769 I MotoSensors: HubSensors::updateAccelRate 200
03-22 22:46:19.189   769   769 I MotoSensors: Sensorhub hal enable: 1 - 1
03-22 22:46:19.189   769   769 I MotoSensors: HubSensors::updateAccelRate 20
03-22 22:46:19.720   769   769 I MotoSensors: Sensorhub hal enable: 1 - 0
03-22 22:46:20.014 15275 15275 D AndroidRuntime: >>>>>> START com.android.internal.os.RuntimeInit uid 2000 <<<<<<
03-22 22:46:20.027 15275 15275 W app_process: Could not reserve sentinel fault page
03-22 22:46:20.193 15275 15275 I app_process: The ClassLoaderContext is a special shared library.
03-22 22:46:20.266 15275 15275 D AndroidRuntime: Calling main entry com.android.commands.input.Input
03-22 22:46:20.268 15275 15275 I Input   : injectKeyEvent: KeyEvent { action=ACTION_DOWN, keyCode=KEYCODE_HOME, scanCode=0, metaState=0, flags=0x0, repeatCount=0, eventTime=17007635547, downTime=17007635547, deviceId=-1, source=0x101 }
03-22 22:46:20.276 15275 15275 I Input   : injectKeyEvent: KeyEvent { action=ACTION_UP, keyCode=KEYCODE_HOME, scanCode=0, metaState=0, flags=0x0, repeatCount=0, eventTime=17007635547, downTime=17007635547, deviceId=-1, source=0x101 }
03-22 22:46:20.283  1456  1941 I ActivityManager: START u0 {act=android.intent.action.MAIN cat=[android.intent.category.HOME] flg=0x10200000 cmp=com.android.launcher3/.CustomizationPanelLauncher (has extras)} from uid 1000
03-22 22:46:20.283   794   839 E ANDR-PERF-RESOURCEQS: Failed to apply optimization [4, 0]
03-22 22:46:20.293  1456  1941 I ActivityManager: moveHomeStack, setupComplete:true
03-22 22:46:20.301 28336 28375 I Adreno  : QUALCOMM build                   : bb5b86c, I77d3059488
03-22 22:46:20.301 28336 28375 I Adreno  : Build Date                       : 06/07/18
03-22 22:46:20.301 28336 28375 I Adreno  : OpenGL ES Shader Compiler Version: EV031.22.00.01_06
03-22 22:46:20.301 28336 28375 I Adreno  : Local Branch                     : 
03-22 22:46:20.301 28336 28375 I Adreno  : Remote Branch                    : refs/tags/AU_LINUX_ANDROID_LA.UM.6.5.R1.08.01.00.312.086
03-22 22:46:20.301 28336 28375 I Adreno  : Remote Branch                    : NONE
03-22 22:46:20.301 28336 28375 I Adreno  : Reconstruct Branch               : NOTHING
03-22 22:46:20.304 28336 28375 D vndksupport: Loading /vendor/lib/hw/gralloc.msm8937.so from current namespace instead of sphal namespace.
03-22 22:46:20.306 15275 15275 D AndroidRuntime: Shutting down VM
03-22 22:46:20.308 28336 28375 I Adreno  : PFP: 0x005ff087, ME: 0x005ff063
03-22 22:46:20.312 28336 28375 I zygote  : android::hardware::configstore::V1_0::ISurfaceFlingerConfigs::hasWideColorDisplay retrieved: 0
03-22 22:46:20.312 28336 28375 I OpenGLRenderer: Initialized EGL, version 1.4
03-22 22:46:20.313 28336 28375 D OpenGLRenderer: Swap behavior 2
03-22 22:46:20.317 13231 13231 I Finsky  : [2] ppb.onTrimMemory(1): Memory trim requested to level 80
03-22 22:46:20.318  2748  2748 D Launcher.Utilities: Wakeup weather: Intent { act=com.motorola.launcher3.action.WAKEUP_WEATHER cmp=com.motorola.timeweatherwidget/com.motorola.commandcenter.weather.WakeUpService }
03-22 22:46:20.333  1456  1456 I NotificationService: Cannot find enqueued record for key: 0|com.motorola.timeweatherwidget|1|null|10116
03-22 22:46:20.338   808   808 D SurfaceFlinger: duplicate layer name: changing com.android.launcher3/com.android.launcher3.CustomizationPanelLauncher to com.android.launcher3/com.android.launcher3.CustomizationPanelLauncher#1
03-22 22:46:20.349 28336 28364 W ThreadPoolDumper: Queue length for executor EventBus is now 11. Perhaps some tasks are too long, or the pool is too small.
03-22 22:46:20.351  1456  4802 I WifiService: getWifiEnabledState uid=10073
03-22 22:46:20.367  1456  4802 I WifiService: getWifiEnabledState uid=10073
03-22 22:46:20.377 28336 28379 I DEBUG   : OpaToSrpTransitionState#onStateChanged#notNullQuery
03-22 22:46:20.378 28336 28379 I DEBUG   : OpaToSrpTransitionState#onStateChanged#notNullQuery
03-22 22:46:20.392 28336 28379 I MicroDetectionState: Should stop hotword detection immediately - false
03-22 22:46:20.395 28336 28379 I MicroDetectionWorker: #startMicroDetector [speakerMode: 0]
03-22 22:46:20.397 28336 28379 I AudioController: Created new AudioSource
03-22 22:46:20.405 28336 28378 I MicroDataManager: isInitializedWithLatestParams-true
03-22 22:46:20.405 28336 28378 I MicroDataManager: isInitializing-false locale not changed-true model not changed-true
03-22 22:46:20.406 28336 28378 I MicroDataManager: Already initialized, obtaining the hotword data immediately.
03-22 22:46:20.412  1456  1673 I LaunchCheckinHandler: Displayed com.android.launcher3/.CustomizationPanelLauncher,wp,wa,129
03-22 22:46:20.416 28336 21552 I MicroRecognitionRunner: Starting detection.
03-22 22:46:20.416 28336 21552 I InputStreamUtils: Using micInputStream
03-22 22:46:20.417 28336  3499 I MicrophoneInputStream: mic_starting  SR : 16000 CC : 16 SO : 1999
03-22 22:46:20.419   788  1479 V msm8974_platform: platform_check_input_mask: enter check_input_mask source 6 mask 10
03-22 22:46:20.421  1012 15290 I AudioFlinger: AudioFlinger's thread 0xb24838c0 tid=15290 ready to run
03-22 22:46:20.427   788  1479 D audio_hw_primary: in_set_parameters: enter: kvpairs=input_source=6;routing=-2147483644
03-22 22:46:20.428  1012 11919 D APM_AudioPolicyManager: AudioPolicyManager::startInput() input 229094, session 229209, source = 1999
03-22 22:46:20.429 28336  3499 I MicrophoneInputStream: mic_started  SR : 16000 CC : 16 SO : 1999
03-22 22:46:20.430   788 15291 V msm8974_platform: platform_update_usecase_from_source: input source :6
03-22 22:46:20.430   788 15291 V msm8974_platform: platform_check_input_mask: enter check_input_mask source 6 mask 10
03-22 22:46:20.430   788 15291 V msm8974_platform: platform_get_input_snd_device: enter: out_device(0) in_device(0x4) channel_count (1) channel_mask (0x10)
03-22 22:46:20.430   788 15291 V msm8974_platform: platform_get_input_snd_device: exit: in_snd_device(voice-rec-mic)
03-22 22:46:20.430   788 15291 V msm8974_platform: platform_get_backend_index:napb: backend port - 5 device - 120 
03-22 22:46:20.430   788 15291 V msm8974_platform: platform_check_and_set_capture_backend_cfg:txbecf: afe: bitwidth 0, samplerate 0, channel 1, backend_idx 5 usecase = 9 device (voice-rec-mic)
03-22 22:46:20.430   788 15291 V msm8974_platform: platform_check_capture_backend_cfg:txbecf: afe: Codec selected backend: 5 current bit width: 0 and sample rate: 0, channels 1
03-22 22:46:20.430   788 15291 V msm8974_platform: platform_check_capture_backend_cfg:txbecf: afe: Codec selected backend: 5 updated bit width: 0 and sample rate: 0
03-22 22:46:20.431   788 15291 I msm8974_platform: platform_check_capture_backend_cfg:txbecf: afe: Codec backend needs to be updated. new bit width: 0 new sample rate: 0 new channel: 1
03-22 22:46:20.431   788 15291 V msm8974_platform: platform_get_backend_index:napb: backend port - 5 device - 120 
03-22 22:46:20.431   788 15291 V msm8974_platform: platform_set_backend_cfg:becf: afe: bitwidth 0, samplerate 0 channels 1, backend_idx 5 device (voice-rec-mic)
03-22 22:46:20.431   788 15291 E msm8974_platform: platform_set_backend_cfg:becf: afe: Could not get ctl for mixer command - SLIM_0_TX Format
03-22 22:46:20.431   788 15291 V msm8974_platform: platform_send_audio_calibration: sending audio calibration for snd_device(120) acdb_id(62)
03-22 22:46:20.431   788 15291 D ACDB-LOADER: ACDB -> send_audio_cal, acdb_id = 62, path = 1, app id = 0x11130, sample rate = 48000
03-22 22:46:20.431   788 15291 D ACDB-LOADER: ACDB -> send_asm_topology
03-22 22:46:20.431   788 15291 D ACDB-LOADER: ACDB -> ACDB_CMD_GET_AUDPROC_STREAM_TOPOLOGY_ID
03-22 22:46:20.431   788 15291 D ACDB-LOADER: ACDB -> send_adm_topology
03-22 22:46:20.431   788 15291 D ACDB-LOADER: ACDB -> ACDB_CMD_GET_AUDPROC_COMMON_TOPOLOGY_ID
03-22 22:46:20.431   788 15291 D ACDB-LOADER: ACDB -> send_audtable
03-22 22:46:20.431   788 15291 D ACDB-LOADER: ACDB -> ACDB_CMD_GET_AUDPROC_COMMON_TABLE_SIZE
03-22 22:46:20.431   788 15291 D ACDB-LOADER: ACDB -> ACDB_CMD_GET_AUDPROC_COMMON_TABLE
03-22 22:46:20.431   788 15291 D ACDB-LOADER: ACDB -> AUDIO_SET_AUDPROC_CAL
03-22 22:46:20.431   788 15291 D ACDB-LOADER: ACDB -> send_audvoltable
03-22 22:46:20.431   788 15291 D ACDB-LOADER: ACDB -> ACDB_CMD_GET_AUDPROC_VOL_STEP_TABLE_SIZE
03-22 22:46:20.431   788 15291 D ACDB-LOADER: ACDB -> ACDB_CMD_GET_AUDPROC_GAIN_DEP_STEP_TABLE, vol index 0
03-22 22:46:20.431   788 15291 D         : Failed to fetch the lookup information of the device 0000003E 
03-22 22:46:20.431   788 15291 D ACDB-LOADER: ACDB -> AUDIO_SET_VOL_CAL cal type = 12
03-22 22:46:20.431   788 15291 D ACDB-LOADER: ACDB -> ACDB_CMD_GET_AUDPROC_STREAM_TABLE_SIZE
03-22 22:46:20.431   788 15291 D ACDB-LOADER: ACDB -> send_audstrmtable
03-22 22:46:20.431   788 15291 D ACDB-LOADER: ACDB -> ACDB_CMD_GET_AUDPROC_STREAM_TABLE_V2
03-22 22:46:20.431   788 15291 D ACDB-LOADER: ACDB -> audstrm_cal->cal_type.cal_data.cal_size = 456
03-22 22:46:20.431   788 15291 D ACDB-LOADER: ACDB -> send_afe_topology
03-22 22:46:20.432   788 15291 D ACDB-LOADER: ACDB -> ACDB_CMD_GET_AFE_TOPOLOGY_ID
03-22 22:46:20.432   788 15291 D ACDB-LOADER: ACDB -> GET_AFE_TOPOLOGY_ID for adcd_id 62, Topology Id 112fb
03-22 22:46:20.432   788 15291 D ACDB-LOADER: ACDB -> send_afe_cal
03-22 22:46:20.432   788 15291 D ACDB-LOADER: ACDB -> ACDB_CMD_GET_AFE_COMMON_TABLE_SIZE
03-22 22:46:20.432   788 15291 D         : Failed to fetch the lookup information of the device 0000003E 
03-22 22:46:20.432   788 15291 E ACDB-LOADER: Error: ACDB_CMD_GET_AFE_COMMON_TABLE_SIZE Returned = -19
03-22 22:46:20.432   788 15291 D ACDB-LOADER: ACDB -> ACDB_CMD_GET_AFE_COMMON_TABLE
03-22 22:46:20.432   788 15291 D         : Failed to fetch the lookup information of the device 0000003E 
03-22 22:46:20.432   788 15291 D ACDB-LOADER: ACDB -> AUDIO_SET_AFE_CAL
03-22 22:46:20.432   788 15291 D ACDB-LOADER: ACDB -> send_hw_delay : acdb_id = 62 path = 1
03-22 22:46:20.432   788 15291 D ACDB-LOADER: ACDB -> ACDB_AVSYNC_INFO: ACDB_CMD_GET_DEVICE_PROPERTY
03-22 22:46:20.432   788 15291 D audio_hw_primary: enable_snd_device: snd_device(120: voice-rec-mic)
03-22 22:46:20.432   788 15291 D audio_route: Apply path: voice-rec-mic
03-22 22:46:20.434   788 15291 V msm8974_platform: platform_get_snd_device_backend_index: enter with device 120
03-22 22:46:20.434   788 15291 E msm8974_platform: platform_get_snd_device_backend_index: BE DAI Name Table is not present
03-22 22:46:20.434   788 15291 V msm8974_platform: platform_get_backend_index:napb: backend port - 5 device - 120 
03-22 22:46:20.434   788 15291 I audio_hw_utils: Set Audio Stream Capture 0 App Type Cfg: app_type 69936, acdb_dev_id 62, sample_rate 48000, snd_device_be_idx -14
03-22 22:46:20.434   788 15291 D audio_hw_primary: enable_audio_route: usecase(9) apply and update mixer path: audio-record
03-22 22:46:20.434   788 15291 D audio_route: Apply path: audio-record
03-22 22:46:20.503 28336 28379 I MicroDetectionWorker: onReady
03-22 22:46:20.810  1456  7796 I OpenGLRenderer: Initialized EGL, version 1.4
03-22 22:46:20.810  1456  7796 D OpenGLRenderer: Swap behavior 2
03-22 22:46:20.876  2748  2917 W OpenGLRenderer: Incorrectly called buildLayer on View: ShortcutAndWidgetContainer, destroying layer...
03-22 22:46:20.991 15072 15120 I chatty  : uid=11147(org.mozilla.fennec_aurora) expire 1 line
03-22 22:46:20.995 15072 15100 I chatty  : uid=11147(org.mozilla.fennec_aurora) expire 6 lines
03-22 22:46:21.022   808   898 I SFPerfTracer:      triggers: (rate: 0:1) (0 sw vsyncs) (0 skipped) (37:5472148 vsyncs) (39:11879605)
03-22 22:46:25.466  1456  2918 I ActivityManager: Force stopping org.mozilla.fennec_aurora appid=11147 user=0: from pid 15296
03-22 22:46:25.466  1456  2918 I ActivityManager: Killing 15072:org.mozilla.fennec_aurora/u0a1147 (adj 700): stop org.mozilla.fennec_aurora
03-22 22:46:25.469  1456  1605 W zygote  : kill(-15072, 9) failed: No such process
03-22 22:46:25.470  1456  2918 W ActivityManager: Force removing ActivityRecord{75173a4 u0 org.mozilla.fennec_aurora/org.mozilla.fenix.HomeActivity t42674}: app died, no saved state
03-22 22:46:25.470 15156 15156 I chatty  : uid=11147(org.mozilla.fennec_aurora) expire 1 line
03-22 22:46:25.478  1456  2918 I ActivityManager: Killing 15156:org.mozilla.fennec_aurora:tab0/u0a1147 (adj 0): stop org.mozilla.fennec_aurora
03-22 22:46:25.491  1456  1605 W zygote  : kill(-15072, 9) failed: No such process
03-22 22:46:25.492  2398  2398 D CarrierSvcBindHelper: No carrier app for: 0
03-22 22:46:25.494  2398  2398 D CarrierSvcBindHelper: No carrier app for: 1
03-22 22:46:25.507  1456  1605 W zygote  : kill(-15072, 9) failed: No such process
03-22 22:46:25.538  1456  2236 D ConnectivityService: ConnectivityService NetworkRequestInfo binderDied(NetworkRequest [ TRACK_DEFAULT id=32710, [ Capabilities: INTERNET&NOT_RESTRICTED&TRUSTED&NOT_VPN] ], android.os.BinderProxy@4b40df7)
03-22 22:46:25.538  1456  2067 D ConnectivityService: releasing NetworkRequest [ TRACK_DEFAULT id=32710, [ Capabilities: INTERNET&NOT_RESTRICTED&TRUSTED&NOT_VPN] ] (release request)
03-22 22:46:25.538  1456  1605 I chatty  : uid=1000(system) ActivityManager identical 5 lines
03-22 22:46:25.539  1456  1673 W ActivityManager: setHasOverlayUi called on unknown pid: 15072
03-22 22:46:25.554  1456  1605 W zygote  : kill(-15072, 9) failed: No such process
03-22 22:46:25.554  1456  1605 I zygote  : Successfully killed process cgroup uid 11147 pid 15072 in 85ms
03-22 22:46:25.554  1456  1605 W zygote  : kill(-15156, 9) failed: No such process
03-22 22:46:25.554  1456  1605 I zygote  : Successfully killed process cgroup uid 11147 pid 15156 in 0ms
03-22 22:46:25.588  1456  2921 I ActivityManager: START u0 {act=android.intent.action.MAIN cat=[android.intent.category.LAUNCHER] flg=0x10000000 cmp=org.mozilla.fennec_aurora/.App} from uid 2000
03-22 22:46:25.589   794   839 E ANDR-PERF-RESOURCEQS: Failed to apply optimization [4, 0]
03-22 22:46:25.609  1456  4797 I ActivityManager: Start proc 15303:org.mozilla.fennec_aurora/u0a1147 for activity org.mozilla.fennec_aurora/.App
03-22 22:46:25.696 28336 28379 I MicroDetectionState: Should stop hotword detection immediately - false
03-22 22:46:25.696 28336 28379 I MicroDetector: Keeping mic open: false
03-22 22:46:25.696 28336 28379 I RecognitionAudioControl: #shutdownAudio [requestId: 1056154591453313072, keepAudioOpen: false, forced: true]
03-22 22:46:25.696 28336 21549 E DeviceStateChecker: DeviceStateChecker cancelled
03-22 22:46:25.697 28336 28379 I RecognitionAudioControl: #internalShutdownAudio [requestId: 1056154591453313072]
03-22 22:46:25.697 28336 28379 I RecognitionAudioControl: #internalShutdownAudio [keepAudioOpen: false, forced: true]
03-22 22:46:25.697 28336 28379 I RecognitionAudioControl: #actualShutdownAudio
03-22 22:46:25.697 28336 28379 I AudioController: #shutdown [requestId=1056154591453313072]
03-22 22:46:25.697 28336 28367 I AudioController: internalShutdown
03-22 22:46:25.697 28336 28366 I MicroRecognitionRunner: Stopping hotword detection.
03-22 22:46:25.743   788  1479 D audio_hw_primary: disable_audio_route: usecase(9) reset and update mixer path: audio-record
03-22 22:46:25.744   788  1479 D audio_hw_primary: disable_snd_device: snd_device(120: voice-rec-mic)
03-22 22:46:25.746  1012  8317 D APM_AudioPolicyManager: stopInput() input 229094, session 229209
03-22 22:46:25.746   788  1401 D audio_hw_primary: in_set_parameters: enter: kvpairs=routing=0
03-22 22:46:25.748 28336 28367 I MicrophoneInputStream: mic_close  SR : 16000 CC : 16 SO : 1999
03-22 22:46:25.748 28336 28367 E AudioSource: Stop listening is called on already closed AudioSource
03-22 22:46:25.750 28336 21552 I MicroRecognitionRunner: Detection finished
03-22 22:46:25.780 15303 15303 I chatty  : uid=11147(org.mozilla.fennec_aurora) expire 53 lines
03-22 22:46:25.849 15303 15322 I chatty  : uid=11147(org.mozilla.fennec_aurora) expire 4 lines
03-22 22:46:25.874 15303 15330 I chatty  : uid=11147(org.mozilla.fennec_aurora) expire 14 lines
03-22 22:46:25.897 15303 15329 I chatty  : uid=11147(org.mozilla.fennec_aurora) expire 17 lines
03-22 22:46:25.931 15303 15336 I chatty  : uid=11147(org.mozilla.fennec_aurora) expire 27 lines
03-22 22:46:26.018 15303 15341 I chatty  : uid=11147(org.mozilla.fennec_aurora) expire 1 line
03-22 22:46:26.023 15303 15346 I chatty  : uid=11147(org.mozilla.fennec_aurora) expire 10 lines
03-22 22:46:26.038   808   808 I SFPerfTracer:      triggers: (rate: 71:2008242) (compose: 0:7) (post: 0:19) (render: 0:17) (16:9557517 frames) (17:11798904)
03-22 22:46:26.039   808   808 D SFPerfTracer:        layers: (3:14) (NavigationBar#0 (0xb07df000): 9:793336) (StatusBar#0 (0xb07e3000): 9:1979113) (com.android.systemui.ImageWallpaper#0 (0xb07e7000): 0:72193)* (Sprite#0 (0xb0733000): 0:317)* (DimLayerController/Stack=0#0 (0xb075a000): 0:3780)* (Sprite#1 (0xb077c000): 0:195)* (com.android.launcher3/com.android.launcher3.CustomizationPanelLauncher#0 (0xb0763000): 0:39)- (com.android.launcher3/com.android.launcher3.CustomizationPanelLauncher#1 (0xb0771000): 0:9)- (Splash Screen org.mozilla.fennec_aurora#0 (0xb039b000): 0:19)- (Splash Screen org.mozilla.fennec_aurora#1 (0xb013a000): 0:31)- (org.mozilla.fennec_aurora/org.mozilla.fenix.HomeActivity#0 (0xb039b000): 0:46)- (com.android.launcher3/com.android.launcher3.CustomizationPanelLauncher#0 (0xb0763000): 0:40)* (com.android.launcher3/com.android.launcher3.CustomizationPanelLauncher#1 (0xb0771000): 0:10)* (Splash Screen org.mozilla.fennec_aurora#0 (0xb039b000): 16:19) 
03-22 22:46:26.068  1456  7570 I ActivityManager: START u0 {act=android.intent.action.MAIN cat=[android.intent.category.LAUNCHER] flg=0x10000000 cmp=org.mozilla.fennec_aurora/org.mozilla.fenix.HomeActivity (has extras)} from uid 11147
03-22 22:46:26.089   808   808 D SurfaceFlinger: duplicate layer name: changing Splash Screen org.mozilla.fennec_aurora to Splash Screen org.mozilla.fennec_aurora#1
03-22 22:46:26.091 15303 15308 I chatty  : uid=11147(org.mozilla.fennec_aurora) expire 8 lines
03-22 22:46:26.411  1456  4797 I ActivityManager: Start proc 15385:org.mozilla.fennec_aurora:tab0/u0a1147 for service org.mozilla.fennec_aurora/org.mozilla.gecko.process.GeckoChildProcessServices$tab0
03-22 22:46:26.412 15303 15303 E ActivityThread: Failed to find provider info for org.mozilla.firefox_beta.fxa.auth
03-22 22:46:26.412 15303 15303 E ActivityThread: Failed to find provider info for org.mozilla.fennec_aurora.fxa.auth
03-22 22:46:26.500 15303 15407 I chatty  : uid=11147(org.mozilla.fennec_aurora) expire 9 lines
03-22 22:46:26.550 15385 15385 I chatty  : uid=11147(org.mozilla.fennec_aurora) expire 2 lines
03-22 22:46:26.551 15385 15410 I chatty  : uid=11147(org.mozilla.fennec_aurora) expire 1 line
03-22 22:46:26.858  1456  1673 I LaunchCheckinHandler: Displayed org.mozilla.fennec_aurora/org.mozilla.fenix.HomeActivity,wp,ca,733
03-22 22:46:26.859  1456  1673 I ActivityManager: Displayed org.mozilla.fennec_aurora/org.mozilla.fenix.HomeActivity: +724ms (total +1s252ms)
03-22 22:46:26.873 28336 28336 I MemoryTrimmer: Trimming objects from memory, since app is in the background.
03-22 22:46:26.879 28336 28379 E AudioSource: Stop listening is called on already closed AudioSource
03-22 22:46:26.881 28336 28336 I MemoryTrimmer: Trimming objects from memory, since app is in the background.
03-22 22:46:26.881 28336  3499 I PBSessionCacheImpl: Deleted sessionId[124624629806590684] from persistence.
03-22 22:46:26.885  1456  7570 I WifiService: getWifiEnabledState uid=10073
03-22 22:46:26.889 28336 28379 I DEBUG   : OpaToSrpTransitionState#onStateChanged#notNullQuery
03-22 22:46:26.891 28336 28379 I DEBUG   : OpaToSrpTransitionState#onStateChanged#notNullQuery
03-22 22:46:26.893 28336 28379 W SearchServiceCore: Abort, client detached.
03-22 22:46:26.921 15303 15303 E ActivityThread: Failed to find provider info for org.mozilla.firefox_beta.fxa.auth
03-22 22:46:26.922 15303 15303 E ActivityThread: Failed to find provider info for org.mozilla.fennec_aurora.fxa.auth
03-22 22:46:27.124  2398  2398 D QtiCarrierConfigHelper: WARNING, no carrier configs on phone Id: 0
03-22 22:46:27.165 15303 15429 I chatty  : uid=11147(org.mozilla.fennec_aurora) expire 2 lines
03-22 22:46:27.305  1023 15434 D libc    : Internal error: netid(0), id(0x53d6), server(0.0.0.0)
03-22 22:46:27.305  1023 15434 D libc    : Internal error: netid(0), id(0x53d6), server(0.0.0.0)
03-22 22:46:27.306  1023 15434 D libc    : Internal error: netid(0), id(0x2fdc), server(0.0.0.0)
03-22 22:46:27.306  1023 15434 D libc    : Internal error: netid(0), id(0x2fdc), server(0.0.0.0)
03-22 22:46:27.322  1023 15443 D libc    : Internal error: netid(0), id(0xdeda), server(0.0.0.0)
03-22 22:46:27.322  1023 15443 D libc    : Internal error: netid(0), id(0xdeda), server(0.0.0.0)
03-22 22:46:27.323  1023 15443 D libc    : Internal error: netid(0), id(0x52bb), server(0.0.0.0)
03-22 22:46:27.323  1023 15443 D libc    : Internal error: netid(0), id(0x52bb), server(0.0.0.0)
03-22 22:46:27.325  1023 15448 D libc    : Internal error: netid(0), id(0x10cb), server(0.0.0.0)
03-22 22:46:27.325  1023 15448 D libc    : Internal error: netid(0), id(0x10cb), server(0.0.0.0)
03-22 22:46:27.325  1023 15448 D libc    : Internal error: netid(0), id(0x5efb), server(0.0.0.0)
03-22 22:46:27.325  1023 15448 D libc    : Internal error: netid(0), id(0x5efb), server(0.0.0.0)
03-22 22:46:27.331 15303 15351 I chatty  : uid=11147(org.mozilla.fennec_aurora) expire 1 line
03-22 22:46:27.331 15303 15332 I chatty  : uid=11147(org.mozilla.fennec_aurora) expire 2 lines
03-22 22:46:27.365 15303 15457 I chatty  : uid=11147(org.mozilla.fennec_aurora) expire 1 line
03-22 22:46:27.369  1023 15462 D libc    : Internal error: netid(0), id(0x1ce3), server(0.0.0.0)
03-22 22:46:27.369  1023 15462 D libc    : Internal error: netid(0), id(0x1ce3), server(0.0.0.0)
03-22 22:46:27.370  1023 15467 D libc    : Internal error: netid(0), id(0x74bf), server(0.0.0.0)
03-22 22:46:27.370  1023 15462 D libc    : Internal error: netid(0), id(0x73d8), server(0.0.0.0)
03-22 22:46:27.370  1023 15467 D libc    : Internal error: netid(0), id(0x74bf), server(0.0.0.0)
03-22 22:46:27.370  1023 15462 D libc    : Internal error: netid(0), id(0x73d8), server(0.0.0.0)
03-22 22:46:27.370  1023 15467 D libc    : Internal error: netid(0), id(0x86f3), server(0.0.0.0)
03-22 22:46:27.370  1023 15467 D libc    : Internal error: netid(0), id(0x86f3), server(0.0.0.0)
03-22 22:46:27.372  1023 15470 D libc    : Internal error: netid(0), id(0x28a2), server(0.0.0.0)
03-22 22:46:27.373  1023 15470 D libc    : Internal error: netid(0), id(0x28a2), server(0.0.0.0)
03-22 22:46:27.373  1023 15470 D libc    : Internal error: netid(0), id(0xaf90), server(0.0.0.0)
03-22 22:46:27.373  1023 15470 D libc    : Internal error: netid(0), id(0xaf90), server(0.0.0.0)
03-22 22:46:31.246 15504 15504 D AndroidRuntime: >>>>>> START com.android.internal.os.RuntimeInit uid 2000 <<<<<<
03-22 22:46:31.259 15504 15504 W app_process: Could not reserve sentinel fault page
03-22 22:46:31.425 15504 15504 I app_process: The ClassLoaderContext is a special shared library.
03-22 22:46:31.493 15504 15504 D AndroidRuntime: Calling main entry com.android.commands.input.Input
03-22 22:46:31.500 15504 15504 I Input   : injectKeyEvent: KeyEvent { action=ACTION_DOWN, keyCode=KEYCODE_HOME, scanCode=0, metaState=0, flags=0x0, repeatCount=0, eventTime=17007646775, downTime=17007646775, deviceId=-1, source=0x101 }
03-22 22:46:31.507 15504 15504 I Input   : injectKeyEvent: KeyEvent { action=ACTION_UP, keyCode=KEYCODE_HOME, scanCode=0, metaState=0, flags=0x0, repeatCount=0, eventTime=17007646775, downTime=17007646775, deviceId=-1, source=0x101 }
03-22 22:46:31.513  1456  1941 I ActivityManager: START u0 {act=android.intent.action.MAIN cat=[android.intent.category.HOME] flg=0x10200000 cmp=com.android.launcher3/.CustomizationPanelLauncher (has extras)} from uid 1000
03-22 22:46:31.514   794   839 E ANDR-PERF-RESOURCEQS: Failed to apply optimization [4, 0]
03-22 22:46:31.525  1456  1941 I ActivityManager: moveHomeStack, setupComplete:true
03-22 22:46:31.531 28336 28375 I Adreno  : QUALCOMM build                   : bb5b86c, I77d3059488
03-22 22:46:31.531 28336 28375 I Adreno  : Build Date                       : 06/07/18
03-22 22:46:31.531 28336 28375 I Adreno  : OpenGL ES Shader Compiler Version: EV031.22.00.01_06
03-22 22:46:31.531 28336 28375 I Adreno  : Local Branch                     : 
03-22 22:46:31.531 28336 28375 I Adreno  : Remote Branch                    : refs/tags/AU_LINUX_ANDROID_LA.UM.6.5.R1.08.01.00.312.086
03-22 22:46:31.531 28336 28375 I Adreno  : Remote Branch                    : NONE
03-22 22:46:31.531 28336 28375 I Adreno  : Reconstruct Branch               : NOTHING
03-22 22:46:31.534 28336 28375 D vndksupport: Loading /vendor/lib/hw/gralloc.msm8937.so from current namespace instead of sphal namespace.
03-22 22:46:31.538 28336 28375 I Adreno  : PFP: 0x005ff087, ME: 0x005ff063
03-22 22:46:31.538 15504 15504 D AndroidRuntime: Shutting down VM
03-22 22:46:31.541 28336 28375 I zygote  : android::hardware::configstore::V1_0::ISurfaceFlingerConfigs::hasWideColorDisplay retrieved: 0
03-22 22:46:31.542 28336 28375 I OpenGLRenderer: Initialized EGL, version 1.4
03-22 22:46:31.542 28336 28375 D OpenGLRenderer: Swap behavior 2
03-22 22:46:31.552  2748  2748 D Launcher.Utilities: Wakeup weather: Intent { act=com.motorola.launcher3.action.WAKEUP_WEATHER cmp=com.motorola.timeweatherwidget/com.motorola.commandcenter.weather.WakeUpService }
03-22 22:46:31.553 13231 13231 I Finsky  : [2] ppb.onTrimMemory(1): Memory trim requested to level 80
03-22 22:46:31.566  1456  1456 I NotificationService: Cannot find enqueued record for key: 0|com.motorola.timeweatherwidget|1|null|10116
03-22 22:46:31.572   808   808 D SurfaceFlinger: duplicate layer name: changing com.android.launcher3/com.android.launcher3.CustomizationPanelLauncher to com.android.launcher3/com.android.launcher3.CustomizationPanelLauncher#1
03-22 22:46:31.583 28336 28369 W ThreadPoolDumper: Queue length for executor EventBus is now 11. Perhaps some tasks are too long, or the pool is too small.
03-22 22:46:31.585  1456  7570 I WifiService: getWifiEnabledState uid=10073
03-22 22:46:31.601  1456  4797 I WifiService: getWifiEnabledState uid=10073
03-22 22:46:31.612 28336 28379 I DEBUG   : OpaToSrpTransitionState#onStateChanged#notNullQuery
03-22 22:46:31.613 28336 28379 I DEBUG   : OpaToSrpTransitionState#onStateChanged#notNullQuery
03-22 22:46:31.626 28336 28379 I MicroDetectionState: Should stop hotword detection immediately - false
03-22 22:46:31.630 28336 28379 I MicroDetectionWorker: #startMicroDetector [speakerMode: 0]
03-22 22:46:31.631 28336 28379 I AudioController: Created new AudioSource
03-22 22:46:31.654  1456  1673 I LaunchCheckinHandler: Displayed com.android.launcher3/.CustomizationPanelLauncher,wp,wa,141
03-22 22:46:31.655 28336 28380 I MicroDataManager: isInitializedWithLatestParams-true
03-22 22:46:31.655 28336 28380 I MicroDataManager: isInitializing-false locale not changed-true model not changed-true
03-22 22:46:31.655 28336 28380 I MicroDataManager: Already initialized, obtaining the hotword data immediately.
03-22 22:46:31.660 28336 21549 I MicroRecognitionRunner: Starting detection.
03-22 22:46:31.660 28336 21549 I InputStreamUtils: Using micInputStream
03-22 22:46:31.660 28336  3499 I MicrophoneInputStream: mic_starting  SR : 16000 CC : 16 SO : 1999
03-22 22:46:31.663   788  1401 V msm8974_platform: platform_check_input_mask: enter check_input_mask source 6 mask 10
03-22 22:46:31.664  1012 15522 I AudioFlinger: AudioFlinger's thread 0xb2483b40 tid=15522 ready to run
03-22 22:46:31.672   788  1401 D audio_hw_primary: in_set_parameters: enter: kvpairs=input_source=6;routing=-2147483644
03-22 22:46:31.673  1012  4918 D APM_AudioPolicyManager: AudioPolicyManager::startInput() input 229102, session 229217, source = 1999
03-22 22:46:31.673 28336  3499 I MicrophoneInputStream: mic_started  SR : 16000 CC : 16 SO : 1999
03-22 22:46:31.675   788 15523 V msm8974_platform: platform_update_usecase_from_source: input source :6
03-22 22:46:31.675   788 15523 V msm8974_platform: platform_check_input_mask: enter check_input_mask source 6 mask 10
03-22 22:46:31.675   788 15523 V msm8974_platform: platform_get_input_snd_device: enter: out_device(0) in_device(0x4) channel_count (1) channel_mask (0x10)
03-22 22:46:31.675   788 15523 V msm8974_platform: platform_get_input_snd_device: exit: in_snd_device(voice-rec-mic)
03-22 22:46:31.675   788 15523 V msm8974_platform: platform_get_backend_index:napb: backend port - 5 device - 120 
03-22 22:46:31.675   788 15523 V msm8974_platform: platform_check_and_set_capture_backend_cfg:txbecf: afe: bitwidth 0, samplerate 0, channel 1, backend_idx 5 usecase = 9 device (voice-rec-mic)
03-22 22:46:31.675   788 15523 V msm8974_platform: platform_check_capture_backend_cfg:txbecf: afe: Codec selected backend: 5 current bit width: 0 and sample rate: 0, channels 1
03-22 22:46:31.675   788 15523 V msm8974_platform: platform_check_capture_backend_cfg:txbecf: afe: Codec selected backend: 5 updated bit width: 0 and sample rate: 0
03-22 22:46:31.675   788 15523 I msm8974_platform: platform_check_capture_backend_cfg:txbecf: afe: Codec backend needs to be updated. new bit width: 0 new sample rate: 0 new channel: 1
03-22 22:46:31.675   788 15523 V msm8974_platform: platform_get_backend_index:napb: backend port - 5 device - 120 
03-22 22:46:31.675   788 15523 V msm8974_platform: platform_set_backend_cfg:becf: afe: bitwidth 0, samplerate 0 channels 1, backend_idx 5 device (voice-rec-mic)
03-22 22:46:31.676   788 15523 E msm8974_platform: platform_set_backend_cfg:becf: afe: Could not get ctl for mixer command - SLIM_0_TX Format
03-22 22:46:31.676   788 15523 V msm8974_platform: platform_send_audio_calibration: sending audio calibration for snd_device(120) acdb_id(62)
03-22 22:46:31.676   788 15523 D ACDB-LOADER: ACDB -> send_audio_cal, acdb_id = 62, path = 1, app id = 0x11130, sample rate = 48000
03-22 22:46:31.676   788 15523 D ACDB-LOADER: ACDB -> send_asm_topology
03-22 22:46:31.676   788 15523 D ACDB-LOADER: ACDB -> ACDB_CMD_GET_AUDPROC_STREAM_TOPOLOGY_ID
03-22 22:46:31.676   788 15523 D ACDB-LOADER: ACDB -> send_adm_topology
03-22 22:46:31.676   788 15523 D ACDB-LOADER: ACDB -> ACDB_CMD_GET_AUDPROC_COMMON_TOPOLOGY_ID
03-22 22:46:31.676   788 15523 D ACDB-LOADER: ACDB -> send_audtable
03-22 22:46:31.676   788 15523 D ACDB-LOADER: ACDB -> ACDB_CMD_GET_AUDPROC_COMMON_TABLE_SIZE
03-22 22:46:31.676   788 15523 D ACDB-LOADER: ACDB -> ACDB_CMD_GET_AUDPROC_COMMON_TABLE
03-22 22:46:31.676   788 15523 D ACDB-LOADER: ACDB -> AUDIO_SET_AUDPROC_CAL
03-22 22:46:31.676   788 15523 D ACDB-LOADER: ACDB -> send_audvoltable
03-22 22:46:31.676   788 15523 D ACDB-LOADER: ACDB -> ACDB_CMD_GET_AUDPROC_VOL_STEP_TABLE_SIZE
03-22 22:46:31.676   788 15523 D ACDB-LOADER: ACDB -> ACDB_CMD_GET_AUDPROC_GAIN_DEP_STEP_TABLE, vol index 0
03-22 22:46:31.676   788 15523 D         : Failed to fetch the lookup information of the device 0000003E 
03-22 22:46:31.676   788 15523 D ACDB-LOADER: ACDB -> AUDIO_SET_VOL_CAL cal type = 12
03-22 22:46:31.676   788 15523 D ACDB-LOADER: ACDB -> ACDB_CMD_GET_AUDPROC_STREAM_TABLE_SIZE
03-22 22:46:31.676   788 15523 D ACDB-LOADER: ACDB -> send_audstrmtable
03-22 22:46:31.676   788 15523 D ACDB-LOADER: ACDB -> ACDB_CMD_GET_AUDPROC_STREAM_TABLE_V2
03-22 22:46:31.676   788 15523 D ACDB-LOADER: ACDB -> audstrm_cal->cal_type.cal_data.cal_size = 456
03-22 22:46:31.676   788 15523 D ACDB-LOADER: ACDB -> send_afe_topology
03-22 22:46:31.676   788 15523 D ACDB-LOADER: ACDB -> ACDB_CMD_GET_AFE_TOPOLOGY_ID
03-22 22:46:31.676   788 15523 D ACDB-LOADER: ACDB -> GET_AFE_TOPOLOGY_ID for adcd_id 62, Topology Id 112fb
03-22 22:46:31.676   788 15523 D ACDB-LOADER: ACDB -> send_afe_cal
03-22 22:46:31.677   788 15523 D ACDB-LOADER: ACDB -> ACDB_CMD_GET_AFE_COMMON_TABLE_SIZE
03-22 22:46:31.677   788 15523 D         : Failed to fetch the lookup information of the device 0000003E 
03-22 22:46:31.677   788 15523 E ACDB-LOADER: Error: ACDB_CMD_GET_AFE_COMMON_TABLE_SIZE Returned = -19
03-22 22:46:31.677   788 15523 D ACDB-LOADER: ACDB -> ACDB_CMD_GET_AFE_COMMON_TABLE
03-22 22:46:31.677   788 15523 D         : Failed to fetch the lookup information of the device 0000003E 
03-22 22:46:31.677   788 15523 D ACDB-LOADER: ACDB -> AUDIO_SET_AFE_CAL
03-22 22:46:31.677   788 15523 D ACDB-LOADER: ACDB -> send_hw_delay : acdb_id = 62 path = 1
03-22 22:46:31.677   788 15523 D ACDB-LOADER: ACDB -> ACDB_AVSYNC_INFO: ACDB_CMD_GET_DEVICE_PROPERTY
03-22 22:46:31.677   788 15523 D audio_hw_primary: enable_snd_device: snd_device(120: voice-rec-mic)
03-22 22:46:31.677   788 15523 D audio_route: Apply path: voice-rec-mic
03-22 22:46:31.679   788 15523 V msm8974_platform: platform_get_snd_device_backend_index: enter with device 120
03-22 22:46:31.679   788 15523 E msm8974_platform: platform_get_snd_device_backend_index: BE DAI Name Table is not present
03-22 22:46:31.679   788 15523 V msm8974_platform: platform_get_backend_index:napb: backend port - 5 device - 120 
03-22 22:46:31.679   788 15523 I audio_hw_utils: Set Audio Stream Capture 0 App Type Cfg: app_type 69936, acdb_dev_id 62, sample_rate 48000, snd_device_be_idx -14
