01-11 21:44:44.289   788 14832 D ACDB-LOADER: ACDB -> ACDB_CMD_GET_AUDPROC_STREAM_TOPOLOGY_ID
01-11 21:44:44.289   788 14832 D ACDB-LOADER: ACDB -> send_adm_topology
01-11 21:44:44.289   788 14832 D ACDB-LOADER: ACDB -> ACDB_CMD_GET_AUDPROC_COMMON_TOPOLOGY_ID
01-11 21:44:44.289   788 14832 D ACDB-LOADER: ACDB -> send_audtable
01-11 21:44:44.289   788 14832 D ACDB-LOADER: ACDB -> ACDB_CMD_GET_AUDPROC_COMMON_TABLE_SIZE
01-11 21:44:44.289   788 14832 D ACDB-LOADER: ACDB -> ACDB_CMD_GET_AUDPROC_COMMON_TABLE
01-11 21:44:44.289   788 14832 D ACDB-LOADER: ACDB -> AUDIO_SET_AUDPROC_CAL
01-11 21:44:44.289   788 14832 D ACDB-LOADER: ACDB -> send_audvoltable
01-11 21:44:44.289   788 14832 D ACDB-LOADER: ACDB -> ACDB_CMD_GET_AUDPROC_VOL_STEP_TABLE_SIZE
01-11 21:44:44.289   788 14832 D ACDB-LOADER: ACDB -> ACDB_CMD_GET_AUDPROC_GAIN_DEP_STEP_TABLE, vol index 0
01-11 21:44:44.290   788 14832 D         : Failed to fetch the lookup information of the device 0000003E 
01-11 21:44:44.290   788 14832 D ACDB-LOADER: ACDB -> AUDIO_SET_VOL_CAL cal type = 12
01-11 21:44:44.290   788 14832 D ACDB-LOADER: ACDB -> ACDB_CMD_GET_AUDPROC_STREAM_TABLE_SIZE
01-11 21:44:44.290   788 14832 D ACDB-LOADER: ACDB -> send_audstrmtable
01-11 21:44:44.290   788 14832 D ACDB-LOADER: ACDB -> ACDB_CMD_GET_AUDPROC_STREAM_TABLE_V2
01-11 21:44:44.290   788 14832 D ACDB-LOADER: ACDB -> audstrm_cal->cal_type.cal_data.cal_size = 456
01-11 21:44:44.290   788 14832 D ACDB-LOADER: ACDB -> send_afe_topology
01-11 21:44:44.290   788 14832 D ACDB-LOADER: ACDB -> ACDB_CMD_GET_AFE_TOPOLOGY_ID
01-11 21:44:44.290   788 14832 D ACDB-LOADER: ACDB -> GET_AFE_TOPOLOGY_ID for adcd_id 62, Topology Id 112fb
01-11 21:44:44.290   788 14832 D ACDB-LOADER: ACDB -> send_afe_cal
01-11 21:44:44.290   788 14832 D ACDB-LOADER: ACDB -> ACDB_CMD_GET_AFE_COMMON_TABLE_SIZE
01-11 21:44:44.290   788 14832 D         : Failed to fetch the lookup information of the device 0000003E 
01-11 21:44:44.290   788 14832 E ACDB-LOADER: Error: ACDB_CMD_GET_AFE_COMMON_TABLE_SIZE Returned = -19
01-11 21:44:44.290   788 14832 D ACDB-LOADER: ACDB -> ACDB_CMD_GET_AFE_COMMON_TABLE
01-11 21:44:44.290   788 14832 D         : Failed to fetch the lookup information of the device 0000003E 
01-11 21:44:44.290   788 14832 D ACDB-LOADER: ACDB -> AUDIO_SET_AFE_CAL
01-11 21:44:44.290   788 14832 D ACDB-LOADER: ACDB -> send_hw_delay : acdb_id = 62 path = 1
01-11 21:44:44.290   788 14832 D ACDB-LOADER: ACDB -> ACDB_AVSYNC_INFO: ACDB_CMD_GET_DEVICE_PROPERTY
01-11 21:44:44.290   788 14832 D audio_hw_primary: enable_snd_device: snd_device(120: voice-rec-mic)
01-11 21:44:44.290   788 14832 D audio_route: Apply path: voice-rec-mic
01-11 21:44:44.294   788 14832 V msm8974_platform: platform_get_snd_device_backend_index: enter with device 120
01-11 21:44:44.294   788 14832 E msm8974_platform: platform_get_snd_device_backend_index: BE DAI Name Table is not present
01-11 21:44:44.294   788 14832 V msm8974_platform: platform_get_backend_index:napb: backend port - 5 device - 120 
01-11 21:44:44.294   788 14832 I audio_hw_utils: Set Audio Stream Capture 0 App Type Cfg: app_type 69936, acdb_dev_id 62, sample_rate 48000, snd_device_be_idx -14
01-11 21:44:44.294   788 14832 D audio_hw_primary: enable_audio_route: usecase(9) apply and update mixer path: audio-record
01-11 21:44:44.294   788 14832 D audio_route: Apply path: audio-record
01-11 21:44:44.366 15912 15950 I MicroDetectionWorker: onReady
01-11 21:44:44.406  2146  2165 I zygote  : NativeAlloc concurrent copying GC freed 19766(1107KB) AllocSpace objects, 0(0B) LOS objects, 49% free, 8MB/17MB, paused 169us total 135.809ms
01-11 21:44:44.464   808   808 I SFPerfTracer:      triggers: (rate: 50:371720) (compose: 0:6) (post: 0:13) (render: 0:10) (11:3349240 frames) (12:4597315)
01-11 21:44:44.464   808   808 D SFPerfTracer:        layers: (6:15) (NavigationBar#0 (0xb07df000): 11:420510) (StatusBar#0 (0xb07e3000): 9:1195296) (com.android.systemui.ImageWallpaper#0 (0xb07e7000): 1:35038) (Sprite#0 (0xb0733000): 0:317)* (DimLayerController/Stack=0#0 (0xb075a000): 0:3589)* (Sprite#1 (0xb077c000): 0:195)* (animation background stackId=1#0 (0xb039b000): 0:56)* (com.android.launcher3/com.android.launcher3.CustomizationPanelLauncher#0 (0xb0763000): 0:27)- (com.android.launcher3/com.android.launcher3.CustomizationPanelLauncher#1 (0xb0771000): 0:7)- (Splash Screen org.mozilla.fenix.nightly#0 (0xb0384000): 0:21)- (org.mozilla.fenix.nightly/org.mozilla.fenix.IntentReceiverActivity#0 (0xb0264000): 0:6)- (Splash Screen org.mozilla.fenix.nightly#1 (0xb0089000): 0:32)- (org.mozilla.fenix.nightly/org.mozilla.fenix.HomeActivity#0 (0xb0384000): 12:42) (com.android.launcher3/com.android.launcher3.CustomizationPanelLauncher#0 (0xb0763000): 12:17)* (com.android.launcher3/com.android.launcher3.CustomizationPanelLauncher#1 (0xb0771000): 1:3) 
01-11 21:44:44.667  1456  7796 I OpenGLRenderer: Initialized EGL, version 1.4
01-11 21:44:44.667  1456  7796 D OpenGLRenderer: Swap behavior 2
01-11 21:44:44.685  2748  2917 W OpenGLRenderer: Incorrectly called buildLayer on View: ShortcutAndWidgetContainer, destroying layer...
01-11 21:44:44.747 14571 14601 I Gecko   : 1578797084747	addons.xpi-utils	WARN	Synchronous load of XPI database due to getAddonsByType([theme]) Stack: getAddonsByType@resource://gre/modules/addons/XPIDatabase.jsm:1978:21
01-11 21:44:44.747 14571 14601 I Gecko   : installBuiltinAddon@resource://gre/modules/addons/XPIInstall.jsm:4286:24
01-11 21:44:44.747 14571 14601 I Gecko   : 
01-11 21:44:44.797 14571 14571 D GeckoRuntime: Lifecycle: onPause
01-11 21:44:44.797 14571 14571 D GeckoNetworkManager: Incoming event stop for state OnWithListeners -> OffWithListeners
01-11 21:44:44.799 14571 14571 I SessionStorage/AutoSave: Save: Background
01-11 21:44:44.803 14571 14594 D SessionStorage/AutoSave: Saved state to disk [3ms]
01-11 21:44:44.808 14571 14652 I libglean_ffi: glean_core::ping: Collecting baseline
01-11 21:44:44.813 14571 14652 D libglean_ffi: glean_core::ping: Storing ping 'e5d78054-e435-473a-90c4-0ad1f20f9997' at '/data/user/0/org.mozilla.fenix.nightly/glean_data/pending_pings/e5d78054-e435-473a-90c4-0ad1f20f9997'
01-11 21:44:44.814 14571 14652 I libglean_ffi: glean_core: The ping 'baseline' was submitted and will be sent as soon as possible
01-11 21:44:44.815 14571 14652 I libglean_ffi: glean_core::ping: Collecting events
01-11 21:44:44.826 14571 14652 D libglean_ffi: glean_core::ping: Storing ping 'd33c6bf6-99d9-4a24-a0a6-2c46e5613094' at '/data/user/0/org.mozilla.fenix.nightly/glean_data/pending_pings/d33c6bf6-99d9-4a24-a0a6-2c46e5613094'
01-11 21:44:44.827 14571 14652 I libglean_ffi: glean_core: The ping 'events' was submitted and will be sent as soon as possible
01-11 21:44:44.859   808   898 I SFPerfTracer:      triggers: (rate: 0:0) (0 sw vsyncs) (0 skipped) (38:2564522 vsyncs) (40:4637097)
01-11 21:44:44.870  1456  4797 D ConnectivityService: requestNetwork for uid/pid:10735/14571 NetworkRequest [ TRACK_DEFAULT id=19516, [ Capabilities: INTERNET&NOT_RESTRICTED&TRUSTED&NOT_VPN] ]
01-11 21:44:44.871  1456  2099 D Ethernet: got request NetworkRequest [ TRACK_DEFAULT id=19516, [ Capabilities: INTERNET&NOT_RESTRICTED&TRUSTED&NOT_VPN] ] with score 60
01-11 21:44:44.871  1456  2054 D WIFI_UT : got request NetworkRequest [ TRACK_DEFAULT id=19516, [ Capabilities: INTERNET&NOT_RESTRICTED&TRUSTED&NOT_VPN] ] with score 60
01-11 21:44:44.872  2398  2398 D PhoneSwitcherNetworkRequstListener: got request NetworkRequest [ TRACK_DEFAULT id=19516, [ Capabilities: INTERNET&NOT_RESTRICTED&TRUSTED&NOT_VPN] ] with score 60
01-11 21:44:44.872  1456  2054 D WIFI    : got request NetworkRequest [ TRACK_DEFAULT id=19516, [ Capabilities: INTERNET&NOT_RESTRICTED&TRUSTED&NOT_VPN] ] with score 60
01-11 21:44:44.885 14571 14835 D glean/PingUploadWorker: Processing persisted pings at /data/user/0/org.mozilla.fenix.nightly/glean_data/pending_pings
01-11 21:44:44.885 14571 14835 D glean/PingUploadWorker: Processing ping: e5d78054-e435-473a-90c4-0ad1f20f9997
01-11 21:44:44.887 14571 14835 D glean/ConceptFetchHttpUploader: Submitting ping to: https://incoming.telemetry.mozilla.org/submit/org-mozilla-fenix-nightly/baseline/1/e5d78054-e435-473a-90c4-0ad1f20f9997
01-11 21:44:45.218 14571 14835 D glean/ConceptFetchHttpUploader: Ping successfully sent (200)
01-11 21:44:45.219 14571 14835 D glean/PingUploadWorker: e5d78054-e435-473a-90c4-0ad1f20f9997 was deleted: true
01-11 21:44:45.219 14571 14835 D glean/PingUploadWorker: Processing ping: d33c6bf6-99d9-4a24-a0a6-2c46e5613094
01-11 21:44:45.221 14571 14835 D glean/ConceptFetchHttpUploader: Submitting ping to: https://incoming.telemetry.mozilla.org/submit/org-mozilla-fenix-nightly/events/1/d33c6bf6-99d9-4a24-a0a6-2c46e5613094
01-11 21:44:45.365 14571 14835 D glean/ConceptFetchHttpUploader: Ping successfully sent (200)
01-11 21:44:45.366 14571 14835 D glean/PingUploadWorker: d33c6bf6-99d9-4a24-a0a6-2c46e5613094 was deleted: true
01-11 21:44:45.367 14571 14592 I WM-WorkerWrapper: Worker result SUCCESS for Work [ id=70aff2c1-a3bc-4079-9eb3-7dc7fc6400c5, tags={ mozilla.telemetry.glean.scheduler.PingUploadWorker, mozac_service_glean_ping_upload_worker } ]
01-11 21:44:45.370  1456  2067 D ConnectivityService: releasing NetworkRequest [ TRACK_DEFAULT id=19516, [ Capabilities: INTERNET&NOT_RESTRICTED&TRUSTED&NOT_VPN] ] (release request)
01-11 21:44:49.263  1456  4797 I ActivityManager: Force stopping org.mozilla.fenix.nightly appid=10735 user=0: from pid 14840
01-11 21:44:49.263  1456  4797 I ActivityManager: Killing 14571:org.mozilla.fenix.nightly/u0a735 (adj 700): stop org.mozilla.fenix.nightly
01-11 21:44:49.266  1456  1605 W zygote  : kill(-14571, 9) failed: No such process
01-11 21:44:49.267  1456  4797 W ActivityManager: Force removing ActivityRecord{e8d2c86 u0 org.mozilla.fenix.nightly/org.mozilla.fenix.HomeActivity t18419}: app died, no saved state
01-11 21:44:49.267 14609 14609 I ServiceChildProcess: Service has been unbound. Stopping.
01-11 21:44:49.275  1456  4797 I ActivityManager: Killing 14609:org.mozilla.fenix.nightly:tab/u0a735 (adj 0): stop org.mozilla.fenix.nightly
01-11 21:44:49.284  1456  1605 W zygote  : kill(-14571, 9) failed: No such process
01-11 21:44:49.287  2398  2398 D CarrierSvcBindHelper: No carrier app for: 0
01-11 21:44:49.289  2398  2398 D CarrierSvcBindHelper: No carrier app for: 1
01-11 21:44:49.302  1456  1605 W zygote  : kill(-14571, 9) failed: No such process
01-11 21:44:49.354  1456  1673 W ActivityManager: setHasOverlayUi called on unknown pid: 14571
01-11 21:44:49.361  1456  1605 I chatty  : uid=1000(system) ActivityManager identical 4 lines
01-11 21:44:49.377  1456  1605 W zygote  : kill(-14571, 9) failed: No such process
01-11 21:44:49.377  1456  1605 I zygote  : Successfully killed process cgroup uid 10735 pid 14571 in 111ms
01-11 21:44:49.377  1456  1605 W zygote  : kill(-14609, 9) failed: No such process
01-11 21:44:49.377  1456  1605 I zygote  : Successfully killed process cgroup uid 10735 pid 14609 in 0ms
01-11 21:44:49.385  1456  2918 I ActivityManager: START u0 {act=android.intent.action.VIEW dat=about:blank typ=text/html flg=0x10000000 cmp=org.mozilla.fenix.nightly/org.mozilla.fenix.IntentReceiverActivity} from uid 2000
01-11 21:44:49.386   794   839 E ANDR-PERF-RESOURCEQS: Failed to apply optimization [4, 0]
01-11 21:44:49.405  1456  2401 I ActivityManager: Start proc 14848:org.mozilla.fenix.nightly/u0a735 for activity org.mozilla.fenix.nightly/org.mozilla.fenix.IntentReceiverActivity
01-11 21:44:49.494 15912 15950 I MicroDetectionState: Should stop hotword detection immediately - false
01-11 21:44:49.495 15912 15950 I MicroDetector: Keeping mic open: false
01-11 21:44:49.495 15912 15950 I RecognitionAudioControl: #shutdownAudio [requestId: -5263584435194464299, keepAudioOpen: false, forced: true]
01-11 21:44:49.495 15912  8086 E DeviceStateChecker: DeviceStateChecker cancelled
01-11 21:44:49.495 15912 15950 I RecognitionAudioControl: #internalShutdownAudio [requestId: -5263584435194464299]
01-11 21:44:49.495 15912 15950 I RecognitionAudioControl: #internalShutdownAudio [keepAudioOpen: false, forced: true]
01-11 21:44:49.495 15912 15950 I RecognitionAudioControl: #actualShutdownAudio
01-11 21:44:49.495 15912 15950 I AudioController: #shutdown [requestId=-5263584435194464299]
01-11 21:44:49.496 15912 15949 I AudioController: internalShutdown
01-11 21:44:49.496 15912 15936 I MicroRecognitionRunner: Stopping hotword detection.
01-11 21:44:49.546   788  1479 D audio_hw_primary: disable_audio_route: usecase(9) reset and update mixer path: audio-record
01-11 21:44:49.547   788  1479 D audio_hw_primary: disable_snd_device: snd_device(120: voice-rec-mic)
01-11 21:44:49.549  1012 11919 D APM_AudioPolicyManager: stopInput() input 94526, session 94593
01-11 21:44:49.549   788  1479 D audio_hw_primary: in_set_parameters: enter: kvpairs=routing=0
01-11 21:44:49.551 15912 15949 I MicrophoneInputStream: mic_close  SR : 16000 CC : 16 SO : 1999
01-11 21:44:49.551 15912 15949 E AudioSource: Stop listening is called on already closed AudioSource
01-11 21:44:49.552 15912 11573 I MicroRecognitionRunner: Detection finished
01-11 21:44:49.573 14848 14848 D FirebaseApp: com.google.firebase.auth.FirebaseAuth is not linked. Skipping initialization.
01-11 21:44:49.575 14848 14848 D FirebaseApp: com.google.firebase.crash.FirebaseCrash is not linked. Skipping initialization.
01-11 21:44:49.575 14848 14848 I FirebaseInitProvider: FirebaseApp initialization successful
01-11 21:44:49.637 14848 14866 I FA      : Collection disabled with firebase_analytics_collection_enabled=0
01-11 21:44:49.637 14848 14871 D RustNativeSupport: findMegazordLibraryName(viaduct, 0.48.1
01-11 21:44:49.637 14848 14871 D RustNativeSupport: lib in use: none
01-11 21:44:49.637 14848 14871 D RustNativeSupport: lib configured: fenix
01-11 21:44:49.637 14848 14871 D RustNativeSupport: lib version configured: 0.48.1
01-11 21:44:49.637 14848 14871 D RustNativeSupport: settled on fenix
01-11 21:44:49.637 14848 14866 I FA      : App measurement is starting up, version: 12780
01-11 21:44:49.638 14848 14866 I FA      : To enable debug logging run: adb shell setprop log.tag.FA VERBOSE
01-11 21:44:49.638 14848 14866 I FA      : To enable faster debug mode event logging run:
01-11 21:44:49.638 14848 14866 I FA      :   adb shell setprop debug.firebase.analytics.app org.mozilla.fenix.nightly
01-11 21:44:49.674 14848 14871 D RustNativeSupport: findMegazordLibraryName(rustlog, 0.48.1
01-11 21:44:49.674 14848 14871 D RustNativeSupport: lib in use: none
01-11 21:44:49.674 14848 14871 D RustNativeSupport: lib configured: fenix
01-11 21:44:49.674 14848 14871 D RustNativeSupport: lib version configured: 0.48.1
01-11 21:44:49.674 14848 14871 D RustNativeSupport: settled on fenix
01-11 21:44:49.678 14848 14871 I rc_log_ffi::ios: rc_log adapter initialized!
01-11 21:44:49.705 14848 14848 D GeckoThread: State changed to LAUNCHED
01-11 21:44:49.706 14848 14880 I GeckoThread: preparing to run Gecko
01-11 21:44:49.714 14848 14848 D GeckoRuntime: Lifecycle: onCreate
01-11 21:44:49.715 14848 14880 D GeckoThread: State changed to MOZGLUE_READY
01-11 21:44:49.726 14848 14880 W Settings: Setting animator_duration_scale has moved from android.provider.Settings.System to android.provider.Settings.Global, returning read-only global URI.
01-11 21:44:49.727 14848 14848 I zygote  : Deoptimizing java.lang.Object androidx.collection.SimpleArrayMap.put(java.lang.Object, java.lang.Object) due to JIT inline cache
01-11 21:44:49.728 14848 14880 E GeckoLibLoad: Load sqlite start
01-11 21:44:49.734 14848 14871 D App     : Bucket is 64
01-11 21:44:49.736 14848 14871 D App     : Experiments active: {asFeatureSyncDisabled=false}
01-11 21:44:49.748 14848 14880 W GeckoLinker: /data/app/org.mozilla.fenix.nightly-uhv__KH9Wmn6bqDJ-YGG4g==/lib/arm/libnss3.so: unhandled flags #8 not handled
01-11 21:44:49.753 14848 14880 W GeckoLinker: /data/app/org.mozilla.fenix.nightly-uhv__KH9Wmn6bqDJ-YGG4g==/lib/arm/libnss3.so: Relocation to NULL @0x00130ffc for symbol "__cxa_type_match"
01-11 21:44:49.753 14848 14880 E GeckoLibLoad: Load sqlite done
01-11 21:44:49.754 14848 14880 E GeckoLibLoad: Load nss start
01-11 21:44:49.754 14848 14880 E GeckoLibLoad: Load nss done
01-11 21:44:49.754 14848 14880 W GeckoLinker: /data/app/org.mozilla.fenix.nightly-uhv__KH9Wmn6bqDJ-YGG4g==/lib/arm/libxul.so: unhandled flags #8 not handled
01-11 21:44:49.755 14848 14880 W GeckoLinker: /data/app/org.mozilla.fenix.nightly-uhv__KH9Wmn6bqDJ-YGG4g==/lib/arm/liblgpllibs.so: unhandled flags #8 not handled
01-11 21:44:49.791 14848 14848 W [WARNING][Leanplum]: [com.leanplum.internal.ActionManager::getLocationManager::8]: Geofencing support requires leanplum-location module and Google Play Services v8.1 and higher.
01-11 21:44:49.791 14848 14848 W [WARNING][Leanplum]: Add this to your build.gradle file:
01-11 21:44:49.791 14848 14848 W [WARNING][Leanplum]: implementation 'com.google.android.gms:play-services-location:8.3.0+'
01-11 21:44:49.791 14848 14848 W [WARNING][Leanplum]: implementation 'com.leanplum:leanplum-location:+'
01-11 21:44:49.791 14848 14880 E GeckoLibLoad: Loaded libs in 36.875993ms total, 26ms(76ms) user, 6ms(20ms) system, 0(0) faults
01-11 21:44:49.791 14848 14880 D GeckoThread: State changed to LIBS_READY
01-11 21:44:49.791 14848 14880 W GeckoThread: zerdatime 11325178466 - runGecko
01-11 21:44:49.795 14848 14880 D GeckoProfile: Loading profile at: null name: default
01-11 21:44:49.797 14848 14880 D GeckoProfile: Found profile dir: /data/user/0/org.mozilla.fenix.nightly/files/mozilla/z1vxaqq9.default
01-11 21:44:49.800 14848 14848 I [INFO][Leanplum]: [com.leanplum.monitoring.ExceptionHandler::setContext::6]: LeanplumExceptionHandler could not initialize Exception Reporting.This is expected if you have not included the leanplum-monitoring module
01-11 21:44:49.807  1456  2915 I ActivityManager: Start proc 14889:org.mozilla.fenix.nightly:tab/u0a735 for service org.mozilla.fenix.nightly/org.mozilla.gecko.process.GeckoServiceChildProcess$tab
01-11 21:44:49.830 14848 14848 I FirefoxAccountStateMachine: Enabling/updating sync with a new SyncConfig: SyncConfig(supportedEngines=[mozilla.components.service.fxa.SyncEngine$History@88f36a6, mozilla.components.service.fxa.SyncEngine$Bookmarks@20508e7, mozilla.components.service.fxa.SyncEngine$Passwords@e855c94], syncPeriodInMinutes=240)
01-11 21:44:49.836 14848 14848 I BgSyncManager: Periodic syncing enabled at a 240 interval
01-11 21:44:49.837 14848 14848 I FirefoxAccountStateMachine: Sync is enabled
01-11 21:44:49.838 14848 14848 D PushConfig: Creating push configuration for autopush.
01-11 21:44:49.843 14848 14910 D AutoPushFeature: Initializing native component with the cached token.
01-11 21:44:49.847 14848 14910 D RustNativeSupport: findMegazordLibraryName(push, 0.48.1
01-11 21:44:49.847 14848 14910 D RustNativeSupport: lib in use: none
01-11 21:44:49.847 14848 14910 D RustNativeSupport: lib configured: fenix
01-11 21:44:49.847 14848 14910 D RustNativeSupport: lib version configured: 0.48.1
01-11 21:44:49.847 14848 14910 D RustNativeSupport: settled on fenix
01-11 21:44:49.858 14848 14913 I FirefoxAccountStateMachine: Processing event Event$Init for state Start. Next state is Start
01-11 21:44:49.859 14848 14848 I App     : AutoPushFeature is configured, initializing it...
01-11 21:44:49.861 14848 14848 I AutoPushFeature: Checking validity of push subscriptions.
01-11 21:44:49.872 14848 14913 I FirefoxAccountStateMachine: Ran 'Event$Init' side-effects for state Start, got successive event Event$AccountNotFound
01-11 21:44:49.873 14848 14913 I FirefoxAccountStateMachine: Processing event Event$AccountNotFound for state Start. Next state is NotAuthenticated
01-11 21:44:49.876 14848 14913 D RustNativeSupport: findMegazordLibraryName(fxaclient, 0.48.1
01-11 21:44:49.876 14848 14913 D RustNativeSupport: lib in use: none
01-11 21:44:49.876 14848 14913 D RustNativeSupport: lib configured: fenix
01-11 21:44:49.876 14848 14913 D RustNativeSupport: lib version configured: 0.48.1
01-11 21:44:49.876 14848 14913 D RustNativeSupport: settled on fenix
01-11 21:44:49.878 14848 14913 D fxaclient_ffi: fxa_new
01-11 21:44:49.895 14848 14848 D GeckoRuntime: Lifecycle: onStart
01-11 21:44:49.908 14848 14848 D GeckoRuntime: Lifecycle: onResume
01-11 21:44:49.910 14848 14848 D GeckoNetworkManager: Incoming event start for state OffNoListeners -> OnNoListeners
01-11 21:44:49.911 14848 14848 D GeckoNetworkManager: New network state: UP, WIFI, WIFI
01-11 21:44:49.913 14848 14887 D NetworkSecurityConfig: No Network Security Config specified, using platform default
01-11 21:44:49.929 14848 14924 D OpenGLRenderer: HWUI GL Pipeline
01-11 21:44:49.944 14848 14848 D libglean_ffi: glean_ffi: Android logging should be hooked up!
01-11 21:44:49.945 14848 14848 I glean/Glean: Registering pings for org.mozilla.fenix.GleanMetrics.Pings
01-11 21:44:49.946 14889 14889 D GeckoThread: State changed to LAUNCHED
01-11 21:44:49.947 14889 14925 I GeckoThread: preparing to run Gecko
01-11 21:44:49.948 14848 14848 I glean/Glean: Registering pings for mozilla.telemetry.glean.GleanMetrics.Pings
01-11 21:44:49.958 14848 14848 I libglean_ffi: glean_core: Creating new Glean
01-11 21:44:49.958 14848 14848 D libglean_ffi: glean_core::database: Database path: "/data/user/0/org.mozilla.fenix.nightly/glean_data/db"
01-11 21:44:49.959 14848 14848 I libglean_ffi: glean_core::database: Database initialized
01-11 21:44:49.959 14848 14848 I libglean_ffi: glean_ffi: Glean initialized
01-11 21:44:49.975 14848 14848 D glean/MetricsPingSched: The 'metrics' ping was last sent on Sat Jan 11 00:00:00 EST 2020
01-11 21:44:49.976 14848 14848 I glean/MetricsPingSched: The 'metrics' ping was already sent today, Sat Jan 11 21:44:49 EST 2020.
01-11 21:44:49.976 14848 14848 D glean/MetricsPingSched: Scheduling the 'metrics' ping in 22510036ms
01-11 21:44:49.980 14848 14931 D libglean_ffi: glean_core: Clearing Lifetime::Application metrics
01-11 21:44:49.999 14848 14853 I zygote  : Do partial code cache collection, code=28KB, data=30KB
01-11 21:44:50.002 14848 14853 I zygote  : After code cache collection, code=26KB, data=30KB
01-11 21:44:50.002 14848 14853 I zygote  : Increasing code cache capacity to 128KB
01-11 21:44:50.013 14848 14848 I glean/Dispatchers: Initial tasks queue completed successfully
01-11 21:44:50.053 14848 14848 D App     : ActivationPing - already generated
01-11 21:44:50.120  1456 10366 I ActivityManager: START u0 {act=android.intent.action.VIEW dat=about:blank typ=text/html flg=0x10000000 cmp=org.mozilla.fenix.nightly/org.mozilla.fenix.HomeActivity (has extras)} from uid 10735
01-11 21:44:50.129 14848 14848 D GeckoNetworkManager: Incoming event receivedUpdate for state OnNoListeners -> OnNoListeners
01-11 21:44:50.130 14848 14848 D GeckoNetworkManager: New network state: UP, WIFI, WIFI
01-11 21:44:50.131  1456 10366 I WifiService: getDhcpInfo uid=10735
01-11 21:44:50.145 14848 14924 I Adreno  : QUALCOMM build                   : bb5b86c, I77d3059488
01-11 21:44:50.145 14848 14924 I Adreno  : Build Date                       : 06/07/18
01-11 21:44:50.145 14848 14924 I Adreno  : OpenGL ES Shader Compiler Version: EV031.22.00.01_06
01-11 21:44:50.145 14848 14924 I Adreno  : Local Branch                     : 
01-11 21:44:50.145 14848 14924 I Adreno  : Remote Branch                    : refs/tags/AU_LINUX_ANDROID_LA.UM.6.5.R1.08.01.00.312.086
01-11 21:44:50.145 14848 14924 I Adreno  : Remote Branch                    : NONE
01-11 21:44:50.145 14848 14924 I Adreno  : Reconstruct Branch               : NOTHING
01-11 21:44:50.146 14848 14924 D vndksupport: Loading /vendor/lib/hw/gralloc.msm8937.so from current namespace instead of sphal namespace.
01-11 21:44:50.147   808   808 D SurfaceFlinger: duplicate layer name: changing Splash Screen org.mozilla.fenix.nightly to Splash Screen org.mozilla.fenix.nightly#1
01-11 21:44:50.154 14848 14924 I Adreno  : PFP: 0x005ff087, ME: 0x005ff063
01-11 21:44:50.163 14848 14924 I zygote  : android::hardware::configstore::V1_0::ISurfaceFlingerConfigs::hasWideColorDisplay retrieved: 0
01-11 21:44:50.167 14848 14853 I zygote  : Do partial code cache collection, code=54KB, data=46KB
01-11 21:44:50.170 14848 14853 I zygote  : After code cache collection, code=46KB, data=42KB
01-11 21:44:50.170 14848 14853 I zygote  : Increasing code cache capacity to 256KB
01-11 21:44:50.185 14848 14880 I Gecko:DumpUtils: Fifo watcher disabled via pref.
01-11 21:44:50.185 14848 14924 I OpenGLRenderer: Initialized EGL, version 1.4
01-11 21:44:50.185 14848 14924 D OpenGLRenderer: Swap behavior 2
01-11 21:44:50.204  1456 10366 I WindowManager: Failed to capture screenshot of Token{7a8ebe8 ActivityRecord{d52b10b u0 org.mozilla.fenix.nightly/org.mozilla.fenix.IntentReceiverActivity t18420 f}} appWin=Window{cca50c7 u0 org.mozilla.fenix.nightly/org.mozilla.fenix.IntentReceiverActivity} drawState=1
01-11 21:44:50.213 14848 14924 D vndksupport: Loading /vendor/lib/hw/android.hardware.graphics.mapper@2.0-impl.so from current namespace instead of sphal namespace.
01-11 21:44:50.215 14848 14924 D vndksupport: Loading /vendor/lib/hw/gralloc.msm8937.so from current namespace instead of sphal namespace.
01-11 21:44:50.232  1456  1673 I LaunchCheckinHandler: Displayed org.mozilla.fenix.nightly/org.mozilla.fenix.IntentReceiverActivity,cp,ca,839
01-11 21:44:50.233 14848 14880 D GeckoSysInfo: System memory: 1867MB.
01-11 21:44:50.235 14848 14880 D GeckoThread: State changed to JNI_READY
01-11 21:44:50.256 14848 14848 D PhoneWindow: Restoring navigation bar divider color to default value = 0x00000000
01-11 21:44:50.345 14848 14848 I NavController: Ignoring popBackStack to destination org.mozilla.fenix.nightly:id/browserFragment as it was not found on the current back stack
01-11 21:44:50.515 14848 14938 D RustNativeSupport: findMegazordLibraryName(places, 0.48.1
01-11 21:44:50.515 14848 14938 D RustNativeSupport: lib in use: none
01-11 21:44:50.515 14848 14938 D RustNativeSupport: lib configured: fenix
01-11 21:44:50.516 14848 14938 D RustNativeSupport: lib version configured: 0.48.1
01-11 21:44:50.516 14848 14938 D RustNativeSupport: settled on fenix
01-11 21:44:50.518 14848 14938 D places_ffi: places_api_new
01-11 21:44:50.590 14848 14938 D sql_support::conn_ext: Transaction commited after 38.680785ms
01-11 21:44:50.593 14848 14938 D places_ffi: places_connection_new
01-11 21:44:50.596 14848 14913 W FirefoxAccountStateMachine: Got invalid event Event$Init for state NotAuthenticated.
01-11 21:44:50.599 14848 14938 D places_ffi: places_connection_new
01-11 21:44:50.607 14848 14938 D places_ffi: bookmarks_get_all_with_url
01-11 21:44:50.619 11769 11769 I Finsky  : [2] puo.onTrimMemory(1): Memory trim requested to level 80
01-11 21:44:50.684 14848 14974 W LOTTIE  : Animation contains merge paths. Merge paths are only supported on KitKat+ and must be manually enabled by calling enableMergePathsForKitKatAndAbove().
01-11 21:44:50.747 14848 14853 I zygote  : Do full code cache collection, code=125KB, data=99KB
01-11 21:44:50.749 14848 14853 I zygote  : After code cache collection, code=99KB, data=62KB
01-11 21:44:50.806  1456  1673 I ActivityManager: Displayed org.mozilla.fenix.nightly/org.mozilla.fenix.HomeActivity: +601ms (total +1s403ms)
01-11 21:44:50.832 14848 14880 I Gecko   : 1578797090827	addons.xpi	WARN	List of valid built-in add-ons could not be parsed.: [Exception... "Component returned failure code: 0x80520012 (NS_ERROR_FILE_NOT_FOUND) [nsIXPCComponents_Utils.readUTF8URI]"  nsresult: "0x80520012 (NS_ERROR_FILE_NOT_FOUND)"  location: "JS frame :: resource://gre/modules/addons/XPIProvider.jsm :: startup :: line 2366"  data: no] Stack trace: startup()@resource://gre/modules/addons/XPIProvider.jsm:2366
01-11 21:44:50.832 14848 14880 I Gecko   : callProvider()@resource://gre/modules/AddonManager.jsm:215
01-11 21:44:50.832 14848 14880 I Gecko   : _startProvider()@resource://gre/modules/AddonManager.jsm:586
01-11 21:44:50.832 14848 14880 I Gecko   : startup()@resource://gre/modules/AddonManager.jsm:810
01-11 21:44:50.832 14848 14880 I Gecko   : startup()@resource://gre/modules/AddonManager.jsm:3474
01-11 21:44:50.832 14848 14880 I Gecko   : observe()@resource://gre/modules/addonManager.js:87
01-11 21:44:50.840 14848 14848 W LOTTIE  : Animation contains merge paths but they are disabled.
01-11 21:44:50.875 14848 14853 I zygote  : Do partial code cache collection, code=120KB, data=89KB
01-11 21:44:50.878 14848 14853 I zygote  : After code cache collection, code=120KB, data=89KB
01-11 21:44:50.878 14848 14853 I zygote  : Increasing code cache capacity to 512KB
01-11 21:44:50.887 15912 15912 I MemoryTrimmer: Trimming objects from memory, since app is in the background.
01-11 21:44:50.900 15912 15950 E AudioSource: Stop listening is called on already closed AudioSource
01-11 21:44:50.905 15912 15912 I MemoryTrimmer: Trimming objects from memory, since app is in the background.
01-11 21:44:50.907 15912 11574 I PBSessionCacheImpl: Deleted sessionId[69983294687855517] from persistence.
01-11 21:44:50.907  1456  2915 I WifiService: getWifiEnabledState uid=10073
01-11 21:44:50.927 15912 15950 W SearchServiceCore: Abort, client detached.
01-11 21:44:50.927 15912 15950 I chatty  : uid=10073(com.google.android.googlequicksearchbox) EventBus0 identical 1 line
01-11 21:44:50.930 15912 15950 W SearchServiceCore: Abort, client detached.
01-11 21:44:51.035 14848 14880 D GeckoThread: State changed to PROFILE_READY
01-11 21:44:51.127 14848 14880 D GeckoThread: State changed to RUNNING
01-11 21:44:51.144 14848 14880 W GeckoEventDispatcher: No listener for AndroidCastDevice:SyncDevice
01-11 21:44:51.150 14848 14880 I Gecko   : -*- nsDNSServiceDiscovery.js : nsDNSServiceDiscovery
01-11 21:44:51.258 14848 14880 W ResourceType: Too many attribute references, stopped at: 0x01010099
01-11 21:44:51.309 14848 14880 I Gecko   : Attempting load of libEGL.so
01-11 21:44:51.515 14848 14848 D GeckoNetworkManager: Incoming event enableNotifications for state OnNoListeners -> OnWithListeners
01-11 21:44:51.516 14848 14848 D GeckoNetworkManager: New network state: UP, WIFI, WIFI
01-11 21:44:51.517 14848 14848 D GeckoNetworkManager: Incoming event receivedUpdate for state OnWithListeners -> OnWithListeners
01-11 21:44:51.519 14848 14848 D GeckoNetworkManager: New network state: UP, WIFI, WIFI
01-11 21:44:51.521 14848 14880 W GeckoLinker: /data/app/org.mozilla.fenix.nightly-uhv__KH9Wmn6bqDJ-YGG4g==/lib/arm/libsoftokn3.so: unhandled flags #8 not handled
01-11 21:44:51.521 14848 14880 W GeckoLinker: /data/app/org.mozilla.fenix.nightly-uhv__KH9Wmn6bqDJ-YGG4g==/lib/arm/libsoftokn3.so: Relocation to NULL @0x00026ffc for symbol "__cxa_type_match"
01-11 21:44:51.522 14848 14880 W GeckoLinker: /data/app/org.mozilla.fenix.nightly-uhv__KH9Wmn6bqDJ-YGG4g==/lib/arm/libfreebl3.so: unhandled flags #8 not handled
01-11 21:44:51.523 14848 14880 W GeckoLinker: /data/app/org.mozilla.fenix.nightly-uhv__KH9Wmn6bqDJ-YGG4g==/lib/arm/libfreebl3.so: Relocation to NULL @0x00041ffc for symbol "__cxa_type_match"
01-11 21:44:51.559 14848 15009 W GeckoLinker: /data/app/org.mozilla.fenix.nightly-uhv__KH9Wmn6bqDJ-YGG4g==/lib/arm/libnssckbi.so: unhandled flags #8 not handled
01-11 21:44:51.559 14848 15009 W GeckoLinker: /data/app/org.mozilla.fenix.nightly-uhv__KH9Wmn6bqDJ-YGG4g==/lib/arm/libnssckbi.so: Relocation to NULL @0x00052ffc for symbol "__cxa_type_match"
01-11 21:44:51.580 14848 14880 W GeckoEventDispatcher: No listener for GeckoView:AccessibilityEnabled
01-11 21:44:51.744 14848 14880 W ResourceType: Too many attribute references, stopped at: 0x01010099
01-11 21:44:52.016 14889 14925 D GeckoThread: State changed to MOZGLUE_READY
01-11 21:44:52.023 14889 14925 W Settings: Setting animator_duration_scale has moved from android.provider.Settings.System to android.provider.Settings.Global, returning read-only global URI.
01-11 21:44:52.025 14889 14925 E GeckoLibLoad: Load sqlite start
01-11 21:44:52.043 14889 14925 W GeckoLinker: /data/app/org.mozilla.fenix.nightly-uhv__KH9Wmn6bqDJ-YGG4g==/lib/arm/libnss3.so: unhandled flags #8 not handled
01-11 21:44:52.050 14889 14925 W GeckoLinker: /data/app/org.mozilla.fenix.nightly-uhv__KH9Wmn6bqDJ-YGG4g==/lib/arm/libnss3.so: Relocation to NULL @0x00130ffc for symbol "__cxa_type_match"
01-11 21:44:52.051 14889 14925 E GeckoLibLoad: Load sqlite done
01-11 21:44:52.051 14889 14925 E GeckoLibLoad: Load nss start
01-11 21:44:52.051 14889 14925 E GeckoLibLoad: Load nss done
01-11 21:44:52.052 14889 14925 W GeckoLinker: /data/app/org.mozilla.fenix.nightly-uhv__KH9Wmn6bqDJ-YGG4g==/lib/arm/libxul.so: unhandled flags #8 not handled
01-11 21:44:52.052 14889 14925 W GeckoLinker: /data/app/org.mozilla.fenix.nightly-uhv__KH9Wmn6bqDJ-YGG4g==/lib/arm/liblgpllibs.so: unhandled flags #8 not handled
01-11 21:44:52.052 14848 14880 I GeckoSession: zerdatime 11325180727 - chrome startup finished
01-11 21:44:52.090 14889 14925 E GeckoLibLoad: Loaded libs in 38.696618ms total, 23ms(26ms) user, 10ms(10ms) system, 0(0) faults
01-11 21:44:52.090 14889 14925 D GeckoThread: State changed to LIBS_READY
01-11 21:44:52.090 14889 14925 W GeckoThread: zerdatime 11325180765 - runGecko
01-11 21:44:52.620 14848 14848 D App     : Installed browser-icons extension
01-11 21:44:52.622 14848 14848 D mozac-webextensions: Installed extension: mozacWebchannel
01-11 21:44:52.623 14848 14848 D mozac-webextensions: Installed extension: mozacReaderview
01-11 21:44:52.635 14889 14925 D GeckoThread: State changed to RUNNING
01-11 21:44:52.695 14889 14925 W ResourceType: Too many attribute references, stopped at: 0x01010099
01-11 21:44:52.776 14848 14848 D GeckoSession: handleMessage GeckoView:PageStart uri=about:blank
01-11 21:44:52.826 14848 14848 D GeckoSession: handleMessage GeckoView:LocationChange uri=about:blank
01-11 21:44:52.827 14848 14848 D GeckoSession: handleMessage GeckoView:PageStop uri=null
01-11 21:44:52.838 14848 14848 I SessionStorage/AutoSave: Save: Load finished
01-11 21:44:52.848 14848 14880 D GeckoScreenOrientation: unlocking
01-11 21:44:52.848 14848 14871 D SessionStorage/AutoSave: Saved state to disk [9ms]
01-11 21:44:52.869 14848 14848 D GeckoSession: handleMessage GeckoView:OnLoadRequest uri=about:blank
01-11 21:44:52.883   808   808 I SFPerfTracer:      triggers: (rate: 50:371720) (compose: 0:6) (post: 0:13) (render: 0:10) (0:3349309 frames) (1:4597415)
01-11 21:44:52.883   808   808 D SFPerfTracer:        layers: (4:14) (NavigationBar#0 (0xb07df000): 0:420520) (StatusBar#0 (0xb07e3000): 0:1195307) (com.android.systemui.ImageWallpaper#0 (0xb07e7000): 0:35039)* (Sprite#0 (0xb0733000): 0:317)* (DimLayerController/Stack=0#0 (0xb075a000): 0:3589)* (Sprite#1 (0xb077c000): 0:195)* (animation background stackId=1#0 (0xb039b000): 0:56)* (org.mozilla.fenix.nightly/org.mozilla.fenix.HomeActivity#0 (0xb0384000): 0:54)- (com.android.launcher3/com.android.launcher3.CustomizationPanelLauncher#0 (0xb0763000): 0:41)- (com.android.launcher3/com.android.launcher3.CustomizationPanelLauncher#1 (0xb0771000): 0:10)- (Splash Screen org.mozilla.fenix.nightly#0 (0xb0384000): 0:19)- (org.mozilla.fenix.nightly/org.mozilla.fenix.IntentReceiverActivity#0 (0xb0264000): 0:6)- (Splash Screen org.mozilla.fenix.nightly#1 (0xb0089000): 0:31)- (org.mozilla.fenix.nightly/org.mozilla.fenix.HomeActivity#0 (0xb0384000): 0:25) 
01-11 21:44:52.889 14848 14848 D GeckoSession: handleMessage GeckoView:OnLoadRequest uri=about:blank
01-11 21:44:52.901 14848 14848 D mozac-webcompat: Installed WebCompat webextension: webcompat@mozilla.com
01-11 21:44:52.980 14848 14848 D GeckoSession: handleMessage GeckoView:PageStart uri=about:blank
01-11 21:44:53.008 14848 14848 D GeckoSession: handleMessage GeckoView:PageStop uri=null
01-11 21:44:53.014 14848 14848 I SessionStorage/AutoSave: Save: Load finished
01-11 21:44:53.015 14848 14871 D SessionStorage/AutoSave: Delaying save (1824ms)
01-11 21:44:53.031 14848 14848 D GeckoSession: handleMessage GeckoView:PageStart uri=about:blank
01-11 21:44:53.072 14848 14848 D GeckoSession: handleMessage GeckoView:SecurityChanged uri=null
01-11 21:44:53.105 14848 14848 D GeckoSession: handleMessage GeckoView:PageStop uri=null
01-11 21:44:53.113 14848 14848 I SessionStorage/AutoSave: Save: Load finished
01-11 21:44:53.113 14848 14848 D SessionStorage/AutoSave: Skipping save, other job already in flight
01-11 21:44:53.788 14848 14848 D GeckoSession: handleMessage GeckoView:StateUpdated uri=null
01-11 21:44:53.788 14848 14848 W GeckoSession: No history entries found.
01-11 21:44:54.845 14848 14871 D SessionStorage/AutoSave: Saved state to disk [6ms]
01-11 21:44:55.074 15076 15076 D AndroidRuntime: >>>>>> START com.android.internal.os.RuntimeInit uid 2000 <<<<<<
01-11 21:44:55.087 15076 15076 W app_process: Could not reserve sentinel fault page
01-11 21:44:55.252 15076 15076 I app_process: The ClassLoaderContext is a special shared library.
01-11 21:44:55.324 15076 15076 D AndroidRuntime: Calling main entry com.android.commands.input.Input
01-11 21:44:55.327 15076 15076 I Input   : injectKeyEvent: KeyEvent { action=ACTION_DOWN, keyCode=KEYCODE_HOME, scanCode=0, metaState=0, flags=0x0, repeatCount=0, eventTime=11244324052, downTime=11244324052, deviceId=-1, source=0x101 }
01-11 21:44:55.340 15076 15076 I Input   : injectKeyEvent: KeyEvent { action=ACTION_UP, keyCode=KEYCODE_HOME, scanCode=0, metaState=0, flags=0x0, repeatCount=0, eventTime=11244324052, downTime=11244324052, deviceId=-1, source=0x101 }
01-11 21:44:55.346  1456  1941 I ActivityManager: START u0 {act=android.intent.action.MAIN cat=[android.intent.category.HOME] flg=0x10200000 cmp=com.android.launcher3/.CustomizationPanelLauncher (has extras)} from uid 1000
01-11 21:44:55.347   794   839 E ANDR-PERF-RESOURCEQS: Failed to apply optimization [4, 0]
01-11 21:44:55.359  1456  1941 I ActivityManager: moveHomeStack, setupComplete:true
01-11 21:44:55.366 15912 15946 I OpenGLRenderer: Initialized EGL, version 1.4
01-11 21:44:55.366 15912 15946 D OpenGLRenderer: Swap behavior 2
01-11 21:44:55.370 15076 15076 D AndroidRuntime: Shutting down VM
01-11 21:44:55.379 14848 14848 I zygote  : Deoptimizing kotlin.coroutines.CoroutineContext$Element kotlin.coroutines.CoroutineContext$Element$DefaultImpls.get(kotlin.coroutines.CoroutineContext$Element, kotlin.coroutines.CoroutineContext$Key) due to JIT inline cache
01-11 21:44:55.383 11769 11769 I Finsky  : [2] puo.onTrimMemory(1): Memory trim requested to level 80
01-11 21:44:55.384  2748  2748 D Launcher.Utilities: Wakeup weather: Intent { act=com.motorola.launcher3.action.WAKEUP_WEATHER cmp=com.motorola.timeweatherwidget/com.motorola.commandcenter.weather.WakeUpService }
01-11 21:44:55.403  1456  1456 I NotificationService: Cannot find enqueued record for key: 0|com.motorola.timeweatherwidget|1|null|10116
01-11 21:44:55.407   808   808 D SurfaceFlinger: duplicate layer name: changing com.android.launcher3/com.android.launcher3.CustomizationPanelLauncher to com.android.launcher3/com.android.launcher3.CustomizationPanelLauncher#1
01-11 21:44:55.414 15912 15934 W ThreadPoolDumper: Queue length for executor EventBus is now 11. Perhaps some tasks are too long, or the pool is too small.
01-11 21:44:55.418  1456  2915 I WifiService: getWifiEnabledState uid=10073
01-11 21:44:55.428  1456  2401 I WifiService: getWifiEnabledState uid=10073
01-11 21:44:55.452 14848 14848 D GeckoSession: handleMessage GeckoView:StateUpdated uri=null
01-11 21:44:55.477 15912 15950 I MicroDetectionState: Should stop hotword detection immediately - false
01-11 21:44:55.483 15912 15950 I MicroDetectionWorker: #startMicroDetector [speakerMode: 0]
01-11 21:44:55.486 15912 15950 I AudioController: Created new AudioSource
01-11 21:44:55.510  1456  1673 I LaunchCheckinHandler: Displayed com.android.launcher3/.CustomizationPanelLauncher,wp,wa,163
01-11 21:44:55.513 15912 15937 I MicroDataManager: isInitializedWithLatestParams-true
01-11 21:44:55.513 15912 15937 I MicroDataManager: isInitializing-false locale not changed-true model not changed-true
01-11 21:44:55.514 15912 15937 I MicroDataManager: Already initialized, obtaining the hotword data immediately.
01-11 21:44:55.521 15912  8086 I MicroRecognitionRunner: Starting detection.
01-11 21:44:55.521 15912  8086 I InputStreamUtils: Using micInputStream
01-11 21:44:55.522 15912 11574 I MicrophoneInputStream: mic_starting  SR : 16000 CC : 16 SO : 1999
01-11 21:44:55.527   788  1479 V msm8974_platform: platform_check_input_mask: enter check_input_mask source 6 mask 10
01-11 21:44:55.531  1012 15090 I AudioFlinger: AudioFlinger's thread 0xb2483e40 tid=15090 ready to run
01-11 21:44:55.535   788  1479 D audio_hw_primary: in_set_parameters: enter: kvpairs=input_source=6;routing=-2147483644
01-11 21:44:55.536  1012  1302 D APM_AudioPolicyManager: AudioPolicyManager::startInput() input 94534, session 94601, source = 1999
01-11 21:44:55.537 15912 11574 I MicrophoneInputStream: mic_started  SR : 16000 CC : 16 SO : 1999
01-11 21:44:55.538   788 15091 V msm8974_platform: platform_update_usecase_from_source: input source :6
01-11 21:44:55.538   788 15091 V msm8974_platform: platform_check_input_mask: enter check_input_mask source 6 mask 10
01-11 21:44:55.538   788 15091 V msm8974_platform: platform_get_input_snd_device: enter: out_device(0) in_device(0x4) channel_count (1) channel_mask (0x10)
01-11 21:44:55.538   788 15091 V msm8974_platform: platform_get_input_snd_device: exit: in_snd_device(voice-rec-mic)
01-11 21:44:55.538   788 15091 V msm8974_platform: platform_get_backend_index:napb: backend port - 5 device - 120 
01-11 21:44:55.538   788 15091 V msm8974_platform: platform_check_and_set_capture_backend_cfg:txbecf: afe: bitwidth 0, samplerate 0, channel 1, backend_idx 5 usecase = 9 device (voice-rec-mic)
01-11 21:44:55.538   788 15091 V msm8974_platform: platform_check_capture_backend_cfg:txbecf: afe: Codec selected backend: 5 current bit width: 0 and sample rate: 0, channels 1
01-11 21:44:55.538   788 15091 V msm8974_platform: platform_check_capture_backend_cfg:txbecf: afe: Codec selected backend: 5 updated bit width: 0 and sample rate: 0
01-11 21:44:55.538   788 15091 I msm8974_platform: platform_check_capture_backend_cfg:txbecf: afe: Codec backend needs to be updated. new bit width: 0 new sample rate: 0 new channel: 1
01-11 21:44:55.538   788 15091 V msm8974_platform: platform_get_backend_index:napb: backend port - 5 device - 120 
01-11 21:44:55.538   788 15091 V msm8974_platform: platform_set_backend_cfg:becf: afe: bitwidth 0, samplerate 0 channels 1, backend_idx 5 device (voice-rec-mic)
01-11 21:44:55.539   788 15091 E msm8974_platform: platform_set_backend_cfg:becf: afe: Could not get ctl for mixer command - SLIM_0_TX Format
01-11 21:44:55.539   788 15091 V msm8974_platform: platform_send_audio_calibration: sending audio calibration for snd_device(120) acdb_id(62)
01-11 21:44:55.539   788 15091 D ACDB-LOADER: ACDB -> send_audio_cal, acdb_id = 62, path = 1, app id = 0x11130, sample rate = 48000
01-11 21:44:55.539   788 15091 D ACDB-LOADER: ACDB -> send_asm_topology
01-11 21:44:55.539   788 15091 D ACDB-LOADER: ACDB -> ACDB_CMD_GET_AUDPROC_STREAM_TOPOLOGY_ID
01-11 21:44:55.539   788 15091 D ACDB-LOADER: ACDB -> send_adm_topology
01-11 21:44:55.539   788 15091 D ACDB-LOADER: ACDB -> ACDB_CMD_GET_AUDPROC_COMMON_TOPOLOGY_ID
01-11 21:44:55.539   788 15091 D ACDB-LOADER: ACDB -> send_audtable
01-11 21:44:55.539   788 15091 D ACDB-LOADER: ACDB -> ACDB_CMD_GET_AUDPROC_COMMON_TABLE_SIZE
01-11 21:44:55.539   788 15091 D ACDB-LOADER: ACDB -> ACDB_CMD_GET_AUDPROC_COMMON_TABLE
01-11 21:44:55.539   788 15091 D ACDB-LOADER: ACDB -> AUDIO_SET_AUDPROC_CAL
01-11 21:44:55.539   788 15091 D ACDB-LOADER: ACDB -> send_audvoltable
01-11 21:44:55.539   788 15091 D ACDB-LOADER: ACDB -> ACDB_CMD_GET_AUDPROC_VOL_STEP_TABLE_SIZE
01-11 21:44:55.539   788 15091 D ACDB-LOADER: ACDB -> ACDB_CMD_GET_AUDPROC_GAIN_DEP_STEP_TABLE, vol index 0
01-11 21:44:55.539   788 15091 D         : Failed to fetch the lookup information of the device 0000003E 
01-11 21:44:55.539   788 15091 D ACDB-LOADER: ACDB -> AUDIO_SET_VOL_CAL cal type = 12
01-11 21:44:55.539   788 15091 D ACDB-LOADER: ACDB -> ACDB_CMD_GET_AUDPROC_STREAM_TABLE_SIZE
01-11 21:44:55.539   788 15091 D ACDB-LOADER: ACDB -> send_audstrmtable
01-11 21:44:55.539   788 15091 D ACDB-LOADER: ACDB -> ACDB_CMD_GET_AUDPROC_STREAM_TABLE_V2
01-11 21:44:55.540   788 15091 D ACDB-LOADER: ACDB -> audstrm_cal->cal_type.cal_data.cal_size = 456
01-11 21:44:55.540   788 15091 D ACDB-LOADER: ACDB -> send_afe_topology
01-11 21:44:55.540   788 15091 D ACDB-LOADER: ACDB -> ACDB_CMD_GET_AFE_TOPOLOGY_ID
01-11 21:44:55.540   788 15091 D ACDB-LOADER: ACDB -> GET_AFE_TOPOLOGY_ID for adcd_id 62, Topology Id 112fb
01-11 21:44:55.540   788 15091 D ACDB-LOADER: ACDB -> send_afe_cal
01-11 21:44:55.540   788 15091 D ACDB-LOADER: ACDB -> ACDB_CMD_GET_AFE_COMMON_TABLE_SIZE
01-11 21:44:55.540   788 15091 D         : Failed to fetch the lookup information of the device 0000003E 
01-11 21:44:55.540   788 15091 E ACDB-LOADER: Error: ACDB_CMD_GET_AFE_COMMON_TABLE_SIZE Returned = -19
01-11 21:44:55.540   788 15091 D ACDB-LOADER: ACDB -> ACDB_CMD_GET_AFE_COMMON_TABLE
01-11 21:44:55.540   788 15091 D         : Failed to fetch the lookup information of the device 0000003E 
01-11 21:44:55.540   788 15091 D ACDB-LOADER: ACDB -> AUDIO_SET_AFE_CAL
01-11 21:44:55.540   788 15091 D ACDB-LOADER: ACDB -> send_hw_delay : acdb_id = 62 path = 1
01-11 21:44:55.540   788 15091 D ACDB-LOADER: ACDB -> ACDB_AVSYNC_INFO: ACDB_CMD_GET_DEVICE_PROPERTY
01-11 21:44:55.540   788 15091 D audio_hw_primary: enable_snd_device: snd_device(120: voice-rec-mic)
01-11 21:44:55.540   788 15091 D audio_route: Apply path: voice-rec-mic
01-11 21:44:55.543   788 15091 V msm8974_platform: platform_get_snd_device_backend_index: enter with device 120
01-11 21:44:55.544   788 15091 E msm8974_platform: platform_get_snd_device_backend_index: BE DAI Name Table is not present
01-11 21:44:55.544   788 15091 V msm8974_platform: platform_get_backend_index:napb: backend port - 5 device - 120 
01-11 21:44:55.544   788 15091 I audio_hw_utils: Set Audio Stream Capture 0 App Type Cfg: app_type 69936, acdb_dev_id 62, sample_rate 48000, snd_device_be_idx -14
01-11 21:44:55.544   788 15091 D audio_hw_primary: enable_audio_route: usecase(9) apply and update mixer path: audio-record
01-11 21:44:55.544   788 15091 D audio_route: Apply path: audio-record
01-11 21:44:55.614 15912 15950 I MicroDetectionWorker: onReady
01-11 21:44:55.750 15912 15922 I zygote  : Background concurrent copying GC freed 97661(4MB) AllocSpace objects, 7(2MB) LOS objects, 49% free, 21MB/42MB, paused 189us total 315.708ms
01-11 21:44:55.912  1456  7796 I OpenGLRenderer: Initialized EGL, version 1.4
01-11 21:44:55.912  1456  7796 D OpenGLRenderer: Swap behavior 2
01-11 21:44:55.955  2748  2917 W OpenGLRenderer: Incorrectly called buildLayer on View: ShortcutAndWidgetContainer, destroying layer...
01-11 21:44:56.051 14848 14848 D GeckoRuntime: Lifecycle: onPause
01-11 21:44:56.051 14848 14848 D GeckoNetworkManager: Incoming event stop for state OnWithListeners -> OffWithListeners
01-11 21:44:56.052 14848 14848 I SessionStorage/AutoSave: Save: Background
01-11 21:44:56.059 14848 14871 D SessionStorage/AutoSave: Saved state to disk [5ms]
01-11 21:44:56.061 14848 14931 I libglean_ffi: glean_core::ping: Collecting baseline
01-11 21:44:56.066 14848 14931 D libglean_ffi: glean_core::ping: Storing ping 'cfc2ce2d-6eef-48fb-88bf-a0fd337c333d' at '/data/user/0/org.mozilla.fenix.nightly/glean_data/pending_pings/cfc2ce2d-6eef-48fb-88bf-a0fd337c333d'
01-11 21:44:56.066 14848 14931 I libglean_ffi: glean_core: The ping 'baseline' was submitted and will be sent as soon as possible
01-11 21:44:56.066 14848 14931 I libglean_ffi: glean_core::ping: Collecting events
01-11 21:44:56.070 14848 14931 D libglean_ffi: glean_core::ping: Storing ping 'b0a91073-ec29-4f59-abe0-5322f9afa2c2' at '/data/user/0/org.mozilla.fenix.nightly/glean_data/pending_pings/b0a91073-ec29-4f59-abe0-5322f9afa2c2'
01-11 21:44:56.071 14848 14931 I libglean_ffi: glean_core: The ping 'events' was submitted and will be sent as soon as possible
01-11 21:44:56.097  1456  7570 D ConnectivityService: requestNetwork for uid/pid:10735/14848 NetworkRequest [ TRACK_DEFAULT id=19517, [ Capabilities: INTERNET&NOT_RESTRICTED&TRUSTED&NOT_VPN] ]
01-11 21:44:56.098  1456  2099 D Ethernet: got request NetworkRequest [ TRACK_DEFAULT id=19517, [ Capabilities: INTERNET&NOT_RESTRICTED&TRUSTED&NOT_VPN] ] with score 60
01-11 21:44:56.098  1456  2054 D WIFI_UT : got request NetworkRequest [ TRACK_DEFAULT id=19517, [ Capabilities: INTERNET&NOT_RESTRICTED&TRUSTED&NOT_VPN] ] with score 60
01-11 21:44:56.099  2398  2398 D PhoneSwitcherNetworkRequstListener: got request NetworkRequest [ TRACK_DEFAULT id=19517, [ Capabilities: INTERNET&NOT_RESTRICTED&TRUSTED&NOT_VPN] ] with score 60
01-11 21:44:56.099  1456  2054 D WIFI    : got request NetworkRequest [ TRACK_DEFAULT id=19517, [ Capabilities: INTERNET&NOT_RESTRICTED&TRUSTED&NOT_VPN] ] with score 60
01-11 21:44:56.104   808   898 I SFPerfTracer:      triggers: (rate: 0:0) (0 sw vsyncs) (0 skipped) (38:2564619 vsyncs) (40:4637227)
01-11 21:44:56.113 14848 15093 D glean/PingUploadWorker: Processing persisted pings at /data/user/0/org.mozilla.fenix.nightly/glean_data/pending_pings
01-11 21:44:56.113 14848 15093 D glean/PingUploadWorker: Processing ping: cfc2ce2d-6eef-48fb-88bf-a0fd337c333d
01-11 21:44:56.116 14848 15093 D glean/ConceptFetchHttpUploader: Submitting ping to: https://incoming.telemetry.mozilla.org/submit/org-mozilla-fenix-nightly/baseline/1/cfc2ce2d-6eef-48fb-88bf-a0fd337c333d
01-11 21:44:56.217  1456  1466 I zygote  : NativeAlloc concurrent copying GC freed 62473(3MB) AllocSpace objects, 23(908KB) LOS objects, 42% free, 32MB/56MB, paused 149us total 304.809ms
01-11 21:44:56.477 14848 15093 D glean/ConceptFetchHttpUploader: Ping successfully sent (200)
