03-26 17:12:33.607 20716 20766 D sql_support::conn_ext: Transaction commited after 25.276982ms
03-26 17:12:33.626  1456  1600 W ResourceType: No known package when getting value for resource number 0x7f0801a1
03-26 17:12:33.626  1456  1600 W ResourceType: No known package when getting value for resource number 0x7f12010c
03-26 17:12:33.626  1456  1600 W ResourceType: No known package when getting value for resource number 0x7f12010c
03-26 17:12:33.626  1456  1600 W ResourceType: No known package when getting value for resource number 0x7f08019f
03-26 17:12:33.627  1456  1600 W ResourceType: No known package when getting value for resource number 0x7f12010b
03-26 17:12:33.627  1456  1600 W ResourceType: No known package when getting value for resource number 0x7f12010b
03-26 17:12:33.627  2398  2398 D ImsResolver: maybeAddedImsService, packageName: org.mozilla.fennec_aurora
03-26 17:12:33.632  2360  2360 D MayaFrameworkProxyService: receive intent :Intent { act=android.intent.action.PACKAGE_CHANGED dat=package:org.mozilla.fennec_aurora flg=0x45000010 (has extras) }
03-26 17:12:33.665  1456  1942 I InputReader: Reconfiguring input devices.  changes=0x00000010
03-26 17:12:33.669  1456  1456 W ResourceType: ResTable_typeSpec entry count inconsistent: given 669, previously 675
03-26 17:12:33.669  1456  1456 W ResourceType: ResTable_typeSpec entry count inconsistent: given 394, previously 1461
03-26 17:12:33.669  1456  1456 W ResourceType: ResTable_typeSpec entry count inconsistent: given 217, previously 1293
03-26 17:12:33.717  1456  1456 W ResourceType: Found multiple library tables, ignoring...
03-26 17:12:33.735 20716 20716 D GeckoSession: handleMessage GeckoView:StateUpdated uri=null
03-26 17:12:33.735 20716 20716 W GeckoSession: No history entries found.
03-26 17:12:33.763  1456  1456 I TelecomService: DefaultDialerCache: Refreshing default dialer for user 0: now com.android.dialer: DDC.oR@xOU
03-26 17:12:33.766  1456  1600 W ResourceType: ResTable_typeSpec entry count inconsistent: given 29, previously 34
03-26 17:12:33.766  2398  2398 D CarrierSvcBindHelper: No carrier app for: 0
03-26 17:12:33.767  1456  1600 W ResourceType: ResTable_typeSpec entry count inconsistent: given 2183, previously 2180
03-26 17:12:33.767  1456  1600 W ResourceType: ResTable_typeSpec entry count inconsistent: given 266, previously 1541
03-26 17:12:33.767  2398  2398 D CarrierSvcBindHelper: No carrier app for: 1
03-26 17:12:33.774  2398  2398 E VvmPkgInstalledRcvr: cannot create TelephonyManager from ComponentInfo{com.android.phone/com.android.services.telephony.TelephonyConnectionService}, [****], UserHandle{0}
03-26 17:12:33.837 13975 15511 I Icing   : IndexChimeraService.getServiceInterface callingPackage=com.google.android.gms componentName=AppsCorpus serviceId=36
03-26 17:12:33.863 13975 20275 W Icing   : No valid account for uploading user actions
03-26 17:12:33.937 13975 20275 I Icing   : Usage reports ok 1, Failed Usage reports 0, indexed 0, rejected 0
03-26 17:12:33.938 13975 20275 I Icing   : Indexing com.google.android.gms-internal.3p:MobileApplication from com.google.android.gms using seqno 2511
03-26 17:12:34.577 20716 20766 D SessionStorage/AutoSave: Saved state to disk [7ms]
03-26 17:12:34.804 21000 21000 D AndroidRuntime: >>>>>> START com.android.internal.os.RuntimeInit uid 2000 <<<<<<
03-26 17:12:34.818 21000 21000 W app_process: Could not reserve sentinel fault page
03-26 17:12:34.939 13975 20275 I Icing   : Indexing com.google.android.gms-apps from com.google.android.gms
03-26 17:12:34.990 21000 21000 I app_process: The ClassLoaderContext is a special shared library.
03-26 17:12:35.014 13975 20275 I Icing   : Indexing done com.google.android.gms-apps
03-26 17:12:35.062 21000 21000 D AndroidRuntime: Calling main entry com.android.commands.input.Input
03-26 17:12:35.068 21000 21000 I Input   : injectKeyEvent: KeyEvent { action=ACTION_DOWN, keyCode=KEYCODE_HOME, scanCode=0, metaState=0, flags=0x0, repeatCount=0, eventTime=17333210343, downTime=17333210343, deviceId=-1, source=0x101 }
03-26 17:12:35.076 21000 21000 I Input   : injectKeyEvent: KeyEvent { action=ACTION_UP, keyCode=KEYCODE_HOME, scanCode=0, metaState=0, flags=0x0, repeatCount=0, eventTime=17333210343, downTime=17333210343, deviceId=-1, source=0x101 }
03-26 17:12:35.084  1456  1941 I ActivityManager: START u0 {act=android.intent.action.MAIN cat=[android.intent.category.HOME] flg=0x10200000 cmp=com.android.launcher3/.CustomizationPanelLauncher (has extras)} from uid 1000
03-26 17:12:35.084   794   839 E ANDR-PERF-RESOURCEQS: Failed to apply optimization [4, 0]
03-26 17:12:35.098  1456  1941 I ActivityManager: moveHomeStack, setupComplete:true
03-26 17:12:35.106 28336 28375 I Adreno  : QUALCOMM build                   : bb5b86c, I77d3059488
03-26 17:12:35.106 28336 28375 I Adreno  : Build Date                       : 06/07/18
03-26 17:12:35.106 28336 28375 I Adreno  : OpenGL ES Shader Compiler Version: EV031.22.00.01_06
03-26 17:12:35.106 28336 28375 I Adreno  : Local Branch                     : 
03-26 17:12:35.106 28336 28375 I Adreno  : Remote Branch                    : refs/tags/AU_LINUX_ANDROID_LA.UM.6.5.R1.08.01.00.312.086
03-26 17:12:35.106 28336 28375 I Adreno  : Remote Branch                    : NONE
03-26 17:12:35.106 28336 28375 I Adreno  : Reconstruct Branch               : NOTHING
03-26 17:12:35.110 21000 21000 D AndroidRuntime: Shutting down VM
03-26 17:12:35.110 28336 28375 D vndksupport: Loading /vendor/lib/hw/gralloc.msm8937.so from current namespace instead of sphal namespace.
03-26 17:12:35.115 28336 28375 I Adreno  : PFP: 0x005ff087, ME: 0x005ff063
03-26 17:12:35.121 28336 28375 I zygote  : android::hardware::configstore::V1_0::ISurfaceFlingerConfigs::hasWideColorDisplay retrieved: 0
03-26 17:12:35.122 28336 28375 I OpenGLRenderer: Initialized EGL, version 1.4
03-26 17:12:35.122 28336 28375 D OpenGLRenderer: Swap behavior 2
03-26 17:12:35.125  2748  2748 D Launcher.Utilities: Wakeup weather: Intent { act=com.motorola.launcher3.action.WAKEUP_WEATHER cmp=com.motorola.timeweatherwidget/com.motorola.commandcenter.weather.WakeUpService }
03-26 17:12:35.139  1456  1456 I NotificationService: Cannot find enqueued record for key: 0|com.motorola.timeweatherwidget|1|null|10116
03-26 17:12:35.144   808   808 D SurfaceFlinger: duplicate layer name: changing com.android.launcher3/com.android.launcher3.CustomizationPanelLauncher to com.android.launcher3/com.android.launcher3.CustomizationPanelLauncher#1
03-26 17:12:35.168 28336 28364 W ThreadPoolDumper: Queue length for executor EventBus is now 11. Perhaps some tasks are too long, or the pool is too small.
03-26 17:12:35.170  1456  2915 I WifiService: getWifiEnabledState uid=10073
03-26 17:12:35.181 20716 20716 I [INFO][Leanplum]: [com.leanplum.internal.RequestOld::sendIfConnected::4]: Device is offline, will send later
03-26 17:12:35.185  1456  2915 I WifiService: getWifiEnabledState uid=10073
03-26 17:12:35.197 28336 28379 I DEBUG   : OpaToSrpTransitionState#onStateChanged#notNullQuery
03-26 17:12:35.198 28336 28379 I DEBUG   : OpaToSrpTransitionState#onStateChanged#notNullQuery
03-26 17:12:35.213 20716 20716 D GeckoSession: handleMessage GeckoView:StateUpdated uri=null
03-26 17:12:35.218 28336 28379 I MicroDetectionState: Should stop hotword detection immediately - false
03-26 17:12:35.225 28336 28379 I MicroDetectionWorker: #startMicroDetector [speakerMode: 0]
03-26 17:12:35.226 28336 28379 I AudioController: Created new AudioSource
03-26 17:12:35.229 20716 20721 I zygote  : Do full code cache collection, code=253KB, data=158KB
03-26 17:12:35.231 20716 20721 I zygote  : After code cache collection, code=178KB, data=102KB
03-26 17:12:35.251  1456  1673 I LaunchCheckinHandler: Displayed com.android.launcher3/.CustomizationPanelLauncher,wp,wa,167
03-26 17:12:35.252 28336 28378 I MicroDataManager: isInitializedWithLatestParams-true
03-26 17:12:35.253 28336 28378 I MicroDataManager: isInitializing-false locale not changed-true model not changed-true
03-26 17:12:35.253 28336 28378 I MicroDataManager: Already initialized, obtaining the hotword data immediately.
03-26 17:12:35.258 28336 21549 I MicroRecognitionRunner: Starting detection.
03-26 17:12:35.258 28336 21549 I InputStreamUtils: Using micInputStream
03-26 17:12:35.259 28336 27980 I MicrophoneInputStream: mic_starting  SR : 16000 CC : 16 SO : 1999
03-26 17:12:35.261   788  1479 V msm8974_platform: platform_check_input_mask: enter check_input_mask source 6 mask 10
03-26 17:12:35.263  1012 21017 I AudioFlinger: AudioFlinger's thread 0xb2483d00 tid=21017 ready to run
03-26 17:12:35.273   788  1479 D audio_hw_primary: in_set_parameters: enter: kvpairs=input_source=6;routing=-2147483644
03-26 17:12:35.274  1012 19499 D APM_AudioPolicyManager: AudioPolicyManager::startInput() input 259430, session 259545, source = 1999
03-26 17:12:35.275 28336 27980 I MicrophoneInputStream: mic_started  SR : 16000 CC : 16 SO : 1999
03-26 17:12:35.276   788 21018 V msm8974_platform: platform_update_usecase_from_source: input source :6
03-26 17:12:35.276   788 21018 V msm8974_platform: platform_check_input_mask: enter check_input_mask source 6 mask 10
03-26 17:12:35.276   788 21018 V msm8974_platform: platform_get_input_snd_device: enter: out_device(0) in_device(0x4) channel_count (1) channel_mask (0x10)
03-26 17:12:35.276   788 21018 V msm8974_platform: platform_get_input_snd_device: exit: in_snd_device(voice-rec-mic)
03-26 17:12:35.276   788 21018 V msm8974_platform: platform_get_backend_index:napb: backend port - 5 device - 120 
03-26 17:12:35.276   788 21018 V msm8974_platform: platform_check_and_set_capture_backend_cfg:txbecf: afe: bitwidth 0, samplerate 0, channel 1, backend_idx 5 usecase = 9 device (voice-rec-mic)
03-26 17:12:35.276   788 21018 V msm8974_platform: platform_check_capture_backend_cfg:txbecf: afe: Codec selected backend: 5 current bit width: 0 and sample rate: 0, channels 1
03-26 17:12:35.276   788 21018 V msm8974_platform: platform_check_capture_backend_cfg:txbecf: afe: Codec selected backend: 5 updated bit width: 0 and sample rate: 0
03-26 17:12:35.276   788 21018 I msm8974_platform: platform_check_capture_backend_cfg:txbecf: afe: Codec backend needs to be updated. new bit width: 0 new sample rate: 0 new channel: 1
03-26 17:12:35.276   788 21018 V msm8974_platform: platform_get_backend_index:napb: backend port - 5 device - 120 
03-26 17:12:35.276   788 21018 V msm8974_platform: platform_set_backend_cfg:becf: afe: bitwidth 0, samplerate 0 channels 1, backend_idx 5 device (voice-rec-mic)
03-26 17:12:35.277   788 21018 E msm8974_platform: platform_set_backend_cfg:becf: afe: Could not get ctl for mixer command - SLIM_0_TX Format
03-26 17:12:35.277   788 21018 V msm8974_platform: platform_send_audio_calibration: sending audio calibration for snd_device(120) acdb_id(62)
03-26 17:12:35.277   788 21018 D ACDB-LOADER: ACDB -> send_audio_cal, acdb_id = 62, path = 1, app id = 0x11130, sample rate = 48000
03-26 17:12:35.277   788 21018 D ACDB-LOADER: ACDB -> send_asm_topology
03-26 17:12:35.277   788 21018 D ACDB-LOADER: ACDB -> ACDB_CMD_GET_AUDPROC_STREAM_TOPOLOGY_ID
03-26 17:12:35.277   788 21018 D ACDB-LOADER: ACDB -> send_adm_topology
03-26 17:12:35.277   788 21018 D ACDB-LOADER: ACDB -> ACDB_CMD_GET_AUDPROC_COMMON_TOPOLOGY_ID
03-26 17:12:35.277   788 21018 D ACDB-LOADER: ACDB -> send_audtable
03-26 17:12:35.277   788 21018 D ACDB-LOADER: ACDB -> ACDB_CMD_GET_AUDPROC_COMMON_TABLE_SIZE
03-26 17:12:35.277   788 21018 D ACDB-LOADER: ACDB -> ACDB_CMD_GET_AUDPROC_COMMON_TABLE
03-26 17:12:35.277   788 21018 D ACDB-LOADER: ACDB -> AUDIO_SET_AUDPROC_CAL
03-26 17:12:35.277   788 21018 D ACDB-LOADER: ACDB -> send_audvoltable
03-26 17:12:35.277   788 21018 D ACDB-LOADER: ACDB -> ACDB_CMD_GET_AUDPROC_VOL_STEP_TABLE_SIZE
03-26 17:12:35.277   788 21018 D ACDB-LOADER: ACDB -> ACDB_CMD_GET_AUDPROC_GAIN_DEP_STEP_TABLE, vol index 0
03-26 17:12:35.277   788 21018 D         : Failed to fetch the lookup information of the device 0000003E 
03-26 17:12:35.277   788 21018 D ACDB-LOADER: ACDB -> AUDIO_SET_VOL_CAL cal type = 12
03-26 17:12:35.277   788 21018 D ACDB-LOADER: ACDB -> ACDB_CMD_GET_AUDPROC_STREAM_TABLE_SIZE
03-26 17:12:35.277   788 21018 D ACDB-LOADER: ACDB -> send_audstrmtable
03-26 17:12:35.277   788 21018 D ACDB-LOADER: ACDB -> ACDB_CMD_GET_AUDPROC_STREAM_TABLE_V2
03-26 17:12:35.277   788 21018 D ACDB-LOADER: ACDB -> audstrm_cal->cal_type.cal_data.cal_size = 456
03-26 17:12:35.277   788 21018 D ACDB-LOADER: ACDB -> send_afe_topology
03-26 17:12:35.277   788 21018 D ACDB-LOADER: ACDB -> ACDB_CMD_GET_AFE_TOPOLOGY_ID
03-26 17:12:35.277   788 21018 D ACDB-LOADER: ACDB -> GET_AFE_TOPOLOGY_ID for adcd_id 62, Topology Id 112fb
03-26 17:12:35.277   788 21018 D ACDB-LOADER: ACDB -> send_afe_cal
03-26 17:12:35.277   788 21018 D ACDB-LOADER: ACDB -> ACDB_CMD_GET_AFE_COMMON_TABLE_SIZE
03-26 17:12:35.277   788 21018 D         : Failed to fetch the lookup information of the device 0000003E 
03-26 17:12:35.277   788 21018 E ACDB-LOADER: Error: ACDB_CMD_GET_AFE_COMMON_TABLE_SIZE Returned = -19
03-26 17:12:35.277   788 21018 D ACDB-LOADER: ACDB -> ACDB_CMD_GET_AFE_COMMON_TABLE
03-26 17:12:35.277   788 21018 D         : Failed to fetch the lookup information of the device 0000003E 
03-26 17:12:35.277   788 21018 D ACDB-LOADER: ACDB -> AUDIO_SET_AFE_CAL
03-26 17:12:35.277   788 21018 D ACDB-LOADER: ACDB -> send_hw_delay : acdb_id = 62 path = 1
03-26 17:12:35.277   788 21018 D ACDB-LOADER: ACDB -> ACDB_AVSYNC_INFO: ACDB_CMD_GET_DEVICE_PROPERTY
03-26 17:12:35.277   788 21018 D audio_hw_primary: enable_snd_device: snd_device(120: voice-rec-mic)
03-26 17:12:35.278   788 21018 D audio_route: Apply path: voice-rec-mic
03-26 17:12:35.280   788 21018 V msm8974_platform: platform_get_snd_device_backend_index: enter with device 120
03-26 17:12:35.280   788 21018 E msm8974_platform: platform_get_snd_device_backend_index: BE DAI Name Table is not present
03-26 17:12:35.280   788 21018 V msm8974_platform: platform_get_backend_index:napb: backend port - 5 device - 120 
03-26 17:12:35.280   788 21018 I audio_hw_utils: Set Audio Stream Capture 0 App Type Cfg: app_type 69936, acdb_dev_id 62, sample_rate 48000, snd_device_be_idx -14
03-26 17:12:35.281   788 21018 D audio_hw_primary: enable_audio_route: usecase(9) apply and update mixer path: audio-record
03-26 17:12:35.281   788 21018 D audio_route: Apply path: audio-record
03-26 17:12:35.352 28336 28379 I MicroDetectionWorker: onReady
03-26 17:12:35.398  2146  2165 I zygote  : NativeAlloc concurrent copying GC freed 16207(926KB) AllocSpace objects, 0(0B) LOS objects, 49% free, 8MB/17MB, paused 184us total 125.667ms
03-26 17:12:35.652  1456  7796 I OpenGLRenderer: Initialized EGL, version 1.4
03-26 17:12:35.653  1456  7796 D OpenGLRenderer: Swap behavior 2
03-26 17:12:35.699  2748  2917 W OpenGLRenderer: Incorrectly called buildLayer on View: ShortcutAndWidgetContainer, destroying layer...
03-26 17:12:35.789 20716 20716 D GeckoRuntime: Lifecycle: onPause
03-26 17:12:35.789 20716 20716 D GeckoNetworkManager: Incoming event stop for state OnWithListeners -> OffWithListeners
03-26 17:12:35.790 20716 20716 I SessionStorage/AutoSave: Save: Background
03-26 17:12:35.794 20716 20766 D SessionStorage/AutoSave: Saved state to disk [2ms]
03-26 17:12:35.795 20716 20742 I libglean_ffi: glean_core::ping: Collecting baseline
03-26 17:12:35.799 20716 20742 D libglean_ffi: glean_core::ping: Storing ping '40f77718-da7b-41d4-a3ea-c6271f8f886d' at '/data/user/0/org.mozilla.fennec_aurora/glean_data/pending_pings/40f77718-da7b-41d4-a3ea-c6271f8f886d'
03-26 17:12:35.799 20716 20742 I libglean_ffi: glean_core: The ping 'baseline' was submitted and will be sent as soon as possible
03-26 17:12:35.801 20716 20742 I libglean_ffi: glean_core::ping: Collecting events
03-26 17:12:35.804 20716 20742 D libglean_ffi: glean_core::ping: Storing ping '04ec54c7-f86c-4567-84af-62add0e5732c' at '/data/user/0/org.mozilla.fennec_aurora/glean_data/pending_pings/04ec54c7-f86c-4567-84af-62add0e5732c'
03-26 17:12:35.805 20716 20742 I libglean_ffi: glean_core: The ping 'events' was submitted and will be sent as soon as possible
03-26 17:12:35.853   808   808 I SFPerfTracer:      triggers: (rate: 72:2015273) (compose: 0:7) (post: 0:19) (render: 0:17) (6:9923135 frames) (7:12299242)
03-26 17:12:35.853   808   808 D SFPerfTracer:        layers: (4:13) (NavigationBar#0 (0xb07df000): 0:876936) (StatusBar#0 (0xb07e3000): 0:2083766) (com.android.systemui.ImageWallpaper#0 (0xb07e7000): 0:80386) (Sprite#0 (0xb0733000): 0:317)* (DimLayerController/Stack=0#0 (0xb075a000): 0:3780)* (Sprite#1 (0xb077c000): 0:195)* (com.android.launcher3/com.android.launcher3.CustomizationPanelLauncher#0 (0xb0763000): 0:40)- (com.android.launcher3/com.android.launcher3.CustomizationPanelLauncher#1 (0xb0771000): 0:6)- (org.mozilla.fennec_aurora/org.mozilla.fenix.IntentReceiverActivity#0 (0xb039b000): 0:2)- (Splash Screen org.mozilla.fennec_aurora#0 (0xb013a000): 0:25)- (org.mozilla.fennec_aurora/org.mozilla.fenix.HomeActivity#0 (0xaffbb000): 0:52)- (com.android.launcher3/com.android.launcher3.CustomizationPanelLauncher#0 (0xb0763000): 7:36)* (com.android.launcher3/com.android.launcher3.CustomizationPanelLauncher#1 (0xb0771000): 1:6) 
03-26 17:12:36.300   808   898 I SFPerfTracer:      triggers: (rate: 0:1) (0 sw vsyncs) (0 skipped) (0:5862043 vsyncs) (1:12389392)
03-26 17:12:40.263  1456  2915 I ActivityManager: Force stopping org.mozilla.fennec_aurora appid=11198 user=0: from pid 21061
03-26 17:12:40.263  1456  2915 I ActivityManager: Killing 20716:org.mozilla.fennec_aurora/u0a1198 (adj 700): stop org.mozilla.fennec_aurora
03-26 17:12:40.265  1456  1605 W zygote  : kill(-20716, 9) failed: No such process
03-26 17:12:40.267  1456  2915 W ActivityManager: Force removing ActivityRecord{6f1506b u0 org.mozilla.fennec_aurora/org.mozilla.fenix.HomeActivity t50258}: app died, no saved state
03-26 17:12:40.267 20806 20806 I ServiceChildProcess: Service has been unbound. Stopping.
03-26 17:12:40.278  1456  2915 I ActivityManager: Killing 20806:org.mozilla.fennec_aurora:tab/u0a1198 (adj 0): stop org.mozilla.fennec_aurora
03-26 17:12:40.281  1456  1605 W zygote  : kill(-20716, 9) failed: No such process
03-26 17:12:40.291  2398  2398 D CarrierSvcBindHelper: No carrier app for: 0
03-26 17:12:40.292  2398  2398 D CarrierSvcBindHelper: No carrier app for: 1
03-26 17:12:40.300  1456  1605 W zygote  : kill(-20716, 9) failed: No such process
03-26 17:12:40.317  1456  1605 I chatty  : uid=1000(system) ActivityManager identical 1 line
03-26 17:12:40.328  1456  1893 D BatteryService: uevent={POWER_SUPPLY_VOLTAGE_NOW=4346135, POWER_SUPPLY_CHARGE_RATE=Normal, POWER_SUPPLY_HEALTH=Good, POWER_SUPPLY_CURRENT_NOW=152, POWER_SUPPLY_PRESENT=1, SUBSYSTEM=power_supply, POWER_SUPPLY_TEMP=302, SEQNUM=433158, ACTION=change, POWER_SUPPLY_NAME=battery, POWER_SUPPLY_STATUS=Full, POWER_SUPPLY_CHARGE_COUNTER=2795566, POWER_SUPPLY_CAPACITY=100, DEVPATH=/devices/soc/qpnp-smbcharger-17/power_supply/battery}
03-26 17:12:40.329  1456  1605 W zygote  : kill(-20716, 9) failed: No such process
03-26 17:12:40.335  2398  2398 D QtiCarrierConfigHelper: WARNING, no carrier configs on phone Id: 0
03-26 17:12:40.346  1456  1605 W zygote  : kill(-20716, 9) failed: No such process
03-26 17:12:40.364  1456  1673 W ActivityManager: setHasOverlayUi called on unknown pid: 20716
03-26 17:12:40.373  1456  1605 I chatty  : uid=1000(system) ActivityManager identical 2 lines
03-26 17:12:40.389  1456  1605 W zygote  : kill(-20716, 9) failed: No such process
03-26 17:12:40.396  1456  1473 I ActivityManager: START u0 {act=android.intent.action.VIEW dat=https://example.com/... typ=text/html flg=0x10000000 cmp=org.mozilla.fennec_aurora/org.mozilla.fenix.IntentReceiverActivity} from uid 2000
03-26 17:12:40.397   794   839 E ANDR-PERF-RESOURCEQS: Failed to apply optimization [4, 0]
03-26 17:12:40.404  1456  1605 W zygote  : kill(-20716, 9) failed: No such process
03-26 17:12:40.404  1456  1605 I zygote  : Successfully killed process cgroup uid 11198 pid 20716 in 139ms
03-26 17:12:40.405  1456  1605 W zygote  : kill(-20806, 9) failed: No such process
03-26 17:12:40.405  1456  1605 I zygote  : Successfully killed process cgroup uid 11198 pid 20806 in 0ms
03-26 17:12:40.416  1456  2402 I ActivityManager: Start proc 21070:org.mozilla.fennec_aurora/u0a1198 for activity org.mozilla.fennec_aurora/org.mozilla.fenix.IntentReceiverActivity
03-26 17:12:40.504 28336 28379 I MicroDetectionState: Should stop hotword detection immediately - false
03-26 17:12:40.504 28336 28379 I MicroDetector: Keeping mic open: false
03-26 17:12:40.504 28336 28379 I RecognitionAudioControl: #shutdownAudio [requestId: 4404260459293292663, keepAudioOpen: false, forced: true]
03-26 17:12:40.504 28336 21552 E DeviceStateChecker: DeviceStateChecker cancelled
03-26 17:12:40.504 28336 28379 I RecognitionAudioControl: #internalShutdownAudio [requestId: 4404260459293292663]
03-26 17:12:40.504 28336 28379 I RecognitionAudioControl: #internalShutdownAudio [keepAudioOpen: false, forced: true]
03-26 17:12:40.504 28336 28379 I RecognitionAudioControl: #actualShutdownAudio
03-26 17:12:40.505 28336 28379 I AudioController: #shutdown [requestId=4404260459293292663]
03-26 17:12:40.505 28336 28380 I AudioController: internalShutdown
03-26 17:12:40.505 28336 28374 I MicroRecognitionRunner: Stopping hotword detection.
03-26 17:12:40.550   788  1479 D audio_hw_primary: disable_audio_route: usecase(9) reset and update mixer path: audio-record
03-26 17:12:40.551   788  1479 D audio_hw_primary: disable_snd_device: snd_device(120: voice-rec-mic)
03-26 17:12:40.552 21070 21070 D FirebaseApp: com.google.firebase.auth.FirebaseAuth is not linked. Skipping initialization.
03-26 17:12:40.552  1012 11031 D APM_AudioPolicyManager: stopInput() input 259430, session 259545
03-26 17:12:40.552   788   788 D audio_hw_primary: in_set_parameters: enter: kvpairs=routing=0
03-26 17:12:40.554 28336 28380 I MicrophoneInputStream: mic_close  SR : 16000 CC : 16 SO : 1999
03-26 17:12:40.554 21070 21070 D FirebaseApp: com.google.firebase.crash.FirebaseCrash is not linked. Skipping initialization.
03-26 17:12:40.554 28336 28380 E AudioSource: Stop listening is called on already closed AudioSource
03-26 17:12:40.555 21070 21070 I FirebaseInitProvider: FirebaseApp initialization successful
03-26 17:12:40.556 28336 21549 I MicroRecognitionRunner: Detection finished
03-26 17:12:40.620 21070 21070 D FennecProfile: profiles.ini: true
03-26 17:12:40.624 21070 21070 D FennecProfile: Ignoring line in [general] section: StartWithLastProfile=1
03-26 17:12:40.624 21070 21070 D FennecProfile: Found 1 profiles
03-26 17:12:40.624 21070 21089 I FA      : Collection disabled with firebase_analytics_collection_enabled=0
03-26 17:12:40.624 21070 21070 D FennecProfile: Found default profile: FennecProfile(name=default, path=/data/user/0/org.mozilla.fennec_aurora/files/mozilla/qljay710.default, default=true)
03-26 17:12:40.625 21070 21089 I FA      : App measurement is starting up, version: 12780
03-26 17:12:40.625 21070 21089 I FA      : To enable debug logging run: adb shell setprop log.tag.FA VERBOSE
03-26 17:12:40.625 21070 21089 I FA      : To enable faster debug mode event logging run:
03-26 17:12:40.625 21070 21089 I FA      :   adb shell setprop debug.firebase.analytics.app org.mozilla.fennec_aurora
03-26 17:12:40.630 21070 21070 D FennecMigrator: No migrations to run. Fennec install - false.
03-26 17:12:40.641 21070 21070 D FenixApplication: Initializing Glean (uploadEnabled=true, isFennec=true)
03-26 17:12:40.643  1456 10962 D ConnectivityService: requestNetwork for uid/pid:11198/21070 NetworkRequest [ TRACK_DEFAULT id=34634, [ Capabilities: INTERNET&NOT_RESTRICTED&TRUSTED&NOT_VPN] ]
03-26 17:12:40.644  1456  2099 D Ethernet: got request NetworkRequest [ TRACK_DEFAULT id=34634, [ Capabilities: INTERNET&NOT_RESTRICTED&TRUSTED&NOT_VPN] ] with score 0
03-26 17:12:40.644  1456  2054 D WIFI_UT : got request NetworkRequest [ TRACK_DEFAULT id=34634, [ Capabilities: INTERNET&NOT_RESTRICTED&TRUSTED&NOT_VPN] ] with score 0
03-26 17:12:40.644  1456  2054 D WIFI    : got request NetworkRequest [ TRACK_DEFAULT id=34634, [ Capabilities: INTERNET&NOT_RESTRICTED&TRUSTED&NOT_VPN] ] with score 0
03-26 17:12:40.645  2398  2398 D PhoneSwitcherNetworkRequstListener: got request NetworkRequest [ TRACK_DEFAULT id=34634, [ Capabilities: INTERNET&NOT_RESTRICTED&TRUSTED&NOT_VPN] ] with score 0
03-26 17:12:40.650 21070 21101 D RustNativeSupport: findMegazordLibraryName(viaduct, 0.53.0
03-26 17:12:40.650 21070 21101 D RustNativeSupport: lib in use: none
03-26 17:12:40.650 21070 21101 D RustNativeSupport: lib configured: megazord
03-26 17:12:40.650 21070 21101 D RustNativeSupport: lib version configured: 0.53.0
03-26 17:12:40.650 21070 21101 D RustNativeSupport: settled on megazord
03-26 17:12:40.668 21070 21099 D libglean_ffi: glean_ffi: Android logging should be hooked up!
03-26 17:12:40.671 21070 21099 I glean/Glean: Registering pings for mozilla.telemetry.glean.GleanMetrics.Pings
03-26 17:12:40.675 21070 21099 I libglean_ffi: glean_core: Creating new Glean
03-26 17:12:40.675 21070 21101 D RustNativeSupport: findMegazordLibraryName(rustlog, 0.53.0
03-26 17:12:40.675 21070 21101 D RustNativeSupport: lib in use: none
03-26 17:12:40.675 21070 21099 D libglean_ffi: glean_core::database: Database path: "/data/user/0/org.mozilla.fennec_aurora/glean_data/db"
03-26 17:12:40.675 21070 21101 D RustNativeSupport: lib configured: megazord
03-26 17:12:40.675 21070 21101 D RustNativeSupport: lib version configured: 0.53.0
03-26 17:12:40.675 21070 21101 D RustNativeSupport: settled on megazord
03-26 17:12:40.675 21070 21099 I libglean_ffi: glean_core::database: Database initialized
03-26 17:12:40.676 21070 21099 I libglean_ffi: glean_ffi: Glean initialized
03-26 17:12:40.677 21070 21101 I rc_log_ffi::ios: rc_log adapter initialized!
03-26 17:12:40.690 21070 21099 D glean/MetricsPingSched: The 'metrics' ping was last sent on Thu Mar 26 00:00:00 EDT 2020
03-26 17:12:40.692 21070 21099 I glean/MetricsPingSched: The 'metrics' ping was already sent today, Thu Mar 26 17:12:40 EDT 2020.
03-26 17:12:40.692 21070 21099 D glean/MetricsPingSched: Scheduling the 'metrics' ping in 38839322ms
03-26 17:12:40.698 21070 21099 D libglean_ffi: glean_core: Clearing Lifetime::Application metrics
03-26 17:12:40.707 21070 21070 D GeckoThread: State changed to LAUNCHED
03-26 17:12:40.708 21070 21106 I GeckoThread: preparing to run Gecko
03-26 17:12:40.719 21070 21106 D GeckoThread: State changed to MOZGLUE_READY
03-26 17:12:40.719 21070 21070 D GeckoRuntime: Lifecycle: onCreate
03-26 17:12:40.731 21070 21106 W Settings: Setting animator_duration_scale has moved from android.provider.Settings.System to android.provider.Settings.Global, returning read-only global URI.
03-26 17:12:40.732 21070 21070 I zygote  : Deoptimizing java.lang.Object androidx.collection.SimpleArrayMap.put(java.lang.Object, java.lang.Object) due to JIT inline cache
03-26 17:12:40.733 21070 21106 E GeckoLibLoad: Load sqlite start
03-26 17:12:40.740 21070 21070 D GleanMetricsService: Enabling Glean.
03-26 17:12:40.753 21070 21106 W GeckoLinker: /data/app/org.mozilla.fennec_aurora-4WHetN41TS-sYYRaXgKhig==/lib/arm/libnss3.so: unhandled flags #8 not handled
03-26 17:12:40.756 21070 21099 I libglean_ffi: glean_core: Upload enabled: true
03-26 17:12:40.759 21070 21070 I AdjustMetricsService: No adjust token defined
03-26 17:12:40.760 21070 21106 W GeckoLinker: /data/app/org.mozilla.fennec_aurora-4WHetN41TS-sYYRaXgKhig==/lib/arm/libnss3.so: Relocation to NULL @0x001b9ffc for symbol "__cxa_type_match"
03-26 17:12:40.760 21070 21106 E GeckoLibLoad: Load sqlite done
03-26 17:12:40.760 21070 21106 E GeckoLibLoad: Load nss start
03-26 17:12:40.760 21070 21106 E GeckoLibLoad: Load nss done
03-26 17:12:40.761 21070 21106 W GeckoLinker: /data/app/org.mozilla.fennec_aurora-4WHetN41TS-sYYRaXgKhig==/lib/arm/libxul.so: unhandled flags #8 not handled
03-26 17:12:40.762 21070 21106 W GeckoLinker: /data/app/org.mozilla.fennec_aurora-4WHetN41TS-sYYRaXgKhig==/lib/arm/liblgpllibs.so: unhandled flags #8 not handled
03-26 17:12:40.766 21070 21070 I FirefoxAccountStateMachine: Enabling/updating sync with a new SyncConfig: SyncConfig(supportedEngines=[mozilla.components.service.fxa.SyncEngine$History@2809730, mozilla.components.service.fxa.SyncEngine$Bookmarks@df12fa9, mozilla.components.service.fxa.SyncEngine$Passwords@1ecf92e], syncPeriodInMinutes=240)
03-26 17:12:40.770 21070 21070 I BgSyncManager: Periodic syncing enabled at a 240 interval
03-26 17:12:40.770 21070 21070 I FirefoxAccountStateMachine: Sync is enabled
03-26 17:12:40.772 21070 21070 D PushConfig: Creating push configuration for autopush.
03-26 17:12:40.783 21070 21113 I FirefoxAccountStateMachine: Processing event Event$Init for state Start. Next state is Start
03-26 17:12:40.783 21070 21070 I App     : AutoPushFeature is configured, initializing it...
03-26 17:12:40.784 21070 21070 I AutoPushFeature: Checking validity of push subscriptions.
03-26 17:12:40.786 21070 21101 W [WARNING][Leanplum]: [com.leanplum.internal.ActionManager::getLocationManager::8]: Geofencing support requires leanplum-location module and Google Play Services v8.1 and higher.
03-26 17:12:40.786 21070 21101 W [WARNING][Leanplum]: Add this to your build.gradle file:
03-26 17:12:40.786 21070 21101 W [WARNING][Leanplum]: implementation 'com.google.android.gms:play-services-location:8.3.0+'
03-26 17:12:40.786 21070 21101 W [WARNING][Leanplum]: implementation 'com.leanplum:leanplum-location:+'
03-26 17:12:40.791 21070 21101 I [INFO][Leanplum]: [com.leanplum.monitoring.ExceptionHandler::setContext::6]: LeanplumExceptionHandler could not initialize Exception Reporting.This is expected if you have not included the leanplum-monitoring module
03-26 17:12:40.796 21070 21070 D FennecProfile: profiles.ini: true
03-26 17:12:40.799 21070 21070 D FennecProfile: Ignoring line in [general] section: StartWithLastProfile=1
03-26 17:12:40.799 21070 21070 D FennecProfile: Found 1 profiles
03-26 17:12:40.800 21070 21070 D FennecProfile: Found default profile: FennecProfile(name=default, path=/data/user/0/org.mozilla.fennec_aurora/files/mozilla/qljay710.default, default=true)
03-26 17:12:40.800 21070 21113 I FirefoxAccountStateMachine: Ran 'Event$Init' side-effects for state Start, got successive event Event$AccountNotFound
03-26 17:12:40.800 21070 21113 I FirefoxAccountStateMachine: Processing event Event$AccountNotFound for state Start. Next state is NotAuthenticated
03-26 17:12:40.802 21070 21117 I [INFO][Leanplum]: [com.leanplum.LeanplumFcmProvider::isManifestSetup::11]: Firebase Messaging is setup correctly.
03-26 17:12:40.802 21070 21106 E GeckoLibLoad: Loaded libs in 41.510160ms total, 26ms(146ms) user, 10ms(20ms) system, 0(0) faults
03-26 17:12:40.802 21070 21106 D GeckoThread: State changed to LIBS_READY
03-26 17:12:40.803 21070 21113 D RustNativeSupport: findMegazordLibraryName(fxaclient, 0.53.0
03-26 17:12:40.803 21070 21113 D RustNativeSupport: lib in use: none
03-26 17:12:40.803 21070 21113 D RustNativeSupport: lib configured: megazord
03-26 17:12:40.803 21070 21113 D RustNativeSupport: lib version configured: 0.53.0
03-26 17:12:40.803 21070 21113 D RustNativeSupport: settled on megazord
03-26 17:12:40.805 21070 21106 W GeckoThread: zerdatime 17785254572 - runGecko
03-26 17:12:40.807 21070 21113 D fxaclient_ffi: fxa_new
03-26 17:12:40.812 21070 21106 D GeckoProfile: Loading profile at: null name: default
03-26 17:12:40.812 21070 21070 D FennecMigrator: This is not a Fennec installation. No migration needed.
03-26 17:12:40.813 21070 21106 D GeckoProfile: Found profile dir: /data/user/0/org.mozilla.fennec_aurora/files/mozilla/qljay710.default
03-26 17:12:40.843 21070 21070 D GeckoRuntime: Lifecycle: onStart
03-26 17:12:40.854 21070 21070 I [INFO][Leanplum]: [com.leanplum.internal.RequestOld::sendIfConnected::4]: Device is offline, will send later
03-26 17:12:40.861 21070 21075 I zygote  : Do partial code cache collection, code=24KB, data=28KB
03-26 17:12:40.863 21070 21075 I zygote  : After code cache collection, code=22KB, data=27KB
03-26 17:12:40.863 21070 21075 I zygote  : Increasing code cache capacity to 128KB
03-26 17:12:40.870 21070 21070 D GeckoRuntime: Lifecycle: onResume
03-26 17:12:40.872 21070 21070 D GeckoNetworkManager: Incoming event start for state OffNoListeners -> OnNoListeners
03-26 17:12:40.873 21070 21070 D GeckoNetworkManager: New network state: DOWN, NONE, UNKNOWN
03-26 17:12:40.894 21070 21133 D OpenGLRenderer: HWUI GL Pipeline
03-26 17:12:40.911 21070 21070 I glean/Glean: Registering pings for org.mozilla.fenix.GleanMetrics.Pings
03-26 17:12:40.927 21070 21070 D App     : ActivationPing - already generated
03-26 17:12:40.987  1456 10962 I ActivityManager: START u0 {act=android.intent.action.VIEW dat=https://example.com/... typ=text/html cmp=org.mozilla.fennec_aurora/org.mozilla.fenix.HomeActivity (has extras)} from uid 11198
03-26 17:12:40.998 21070 21070 D GeckoNetworkManager: Incoming event receivedUpdate for state OnNoListeners -> OnNoListeners
03-26 17:12:40.999 21070 21070 D GeckoNetworkManager: New network state: DOWN, NONE, UNKNOWN
03-26 17:12:41.014 21070 21133 I Adreno  : QUALCOMM build                   : bb5b86c, I77d3059488
03-26 17:12:41.014 21070 21133 I Adreno  : Build Date                       : 06/07/18
03-26 17:12:41.014 21070 21133 I Adreno  : OpenGL ES Shader Compiler Version: EV031.22.00.01_06
03-26 17:12:41.014 21070 21133 I Adreno  : Local Branch                     : 
03-26 17:12:41.014 21070 21133 I Adreno  : Remote Branch                    : refs/tags/AU_LINUX_ANDROID_LA.UM.6.5.R1.08.01.00.312.086
03-26 17:12:41.014 21070 21133 I Adreno  : Remote Branch                    : NONE
03-26 17:12:41.014 21070 21133 I Adreno  : Reconstruct Branch               : NOTHING
03-26 17:12:41.015 21070 21133 D vndksupport: Loading /vendor/lib/hw/gralloc.msm8937.so from current namespace instead of sphal namespace.
03-26 17:12:41.023 21070 21133 I Adreno  : PFP: 0x005ff087, ME: 0x005ff063
03-26 17:12:41.033 21070 21133 I zygote  : android::hardware::configstore::V1_0::ISurfaceFlingerConfigs::hasWideColorDisplay retrieved: 0
03-26 17:12:41.036 21070 21133 I OpenGLRenderer: Initialized EGL, version 1.4
03-26 17:12:41.036 21070 21133 D OpenGLRenderer: Swap behavior 2
03-26 17:12:41.068  1456  1889 I WindowManager: Keep hide if surface has never drawn Window{3d1e7ec u0 org.mozilla.fennec_aurora/org.mozilla.fenix.IntentReceiverActivity}
03-26 17:12:41.069  1456  1889 I WindowManager: Failed to capture screenshot of Token{5f448b7 ActivityRecord{2d753b6 u0 org.mozilla.fennec_aurora/org.mozilla.fenix.IntentReceiverActivity t50259 f}} appWin=Window{3d1e7ec u0 org.mozilla.fennec_aurora/org.mozilla.fenix.IntentReceiverActivity} drawState=1
03-26 17:12:41.073 21070 21070 D MigrationPushRenewer: Migration state: NONE
03-26 17:12:41.074 21070 21070 D MigrationTelemetryListener: Migration state: NONE
03-26 17:12:41.101  1456  1673 I LaunchCheckinHandler: Displayed org.mozilla.fennec_aurora/org.mozilla.fenix.IntentReceiverActivity,cp,ca,697
03-26 17:12:41.120 21070 21070 D PhoneWindow: Restoring navigation bar divider color to default value = 0x00000000
03-26 17:12:41.163 21070 21106 I Gecko:DumpUtils: Fifo watcher disabled via pref.
03-26 17:12:41.171 21070 21075 I zygote  : Do partial code cache collection, code=61KB, data=53KB
03-26 17:12:41.173 21070 21075 I zygote  : After code cache collection, code=54KB, data=48KB
03-26 17:12:41.173 21070 21075 I zygote  : Increasing code cache capacity to 256KB
03-26 17:12:41.180 21070 21070 I NavController: Ignoring popBackStack to destination org.mozilla.fennec_aurora:id/browserFragment as it was not found on the current back stack
03-26 17:12:41.199 21070 21106 D GeckoSysInfo: System memory: 1867MB.
03-26 17:12:41.202 21070 21106 D GeckoThread: State changed to JNI_READY
03-26 17:12:41.220  1456 10962 I ActivityManager: Start proc 21161:org.mozilla.fennec_aurora:tab/u0a1198 for service org.mozilla.fennec_aurora/org.mozilla.gecko.process.GeckoChildProcessServices$tab
03-26 17:12:41.367 21161 21161 D GeckoThread: State changed to LAUNCHED
03-26 17:12:41.368 21161 21178 I GeckoThread: preparing to run Gecko
03-26 17:12:41.388 21070 21121 D RustNativeSupport: findMegazordLibraryName(places, 0.53.0
03-26 17:12:41.388 21070 21121 D RustNativeSupport: lib in use: none
03-26 17:12:41.388 21070 21121 D RustNativeSupport: lib configured: megazord
03-26 17:12:41.388 21070 21121 D RustNativeSupport: lib version configured: 0.53.0
03-26 17:12:41.389 21070 21121 D RustNativeSupport: settled on megazord
03-26 17:12:41.393 21070 21121 D places_ffi: places_api_new
03-26 17:12:41.448 21070 21121 D sql_support::conn_ext: Transaction commited after 30.287607ms
03-26 17:12:41.449 21070 21121 D places_ffi: places_connection_new
03-26 17:12:41.453 21070 21121 D places_ffi: places_connection_new
03-26 17:12:41.475 21070 21121 D places_ffi: bookmarks_get_all_with_url
03-26 17:12:41.484 21070 21070 I [INFO][Leanplum]: [com.leanplum.internal.RequestOld::sendIfConnected::4]: Device is offline, will send later
03-26 17:12:41.491 21070 21113 W FirefoxAccountStateMachine: Got invalid event Event$Init for state NotAuthenticated.
03-26 17:12:41.503 21070 21070 E [ERROR][Leanplum]: [com.leanplum.LeanplumFcmProvider$1::onComplete::2]: getInstanceId failed
03-26 17:12:41.573 21070 21179 W LOTTIE  : Animation contains merge paths. Merge paths are only supported on KitKat+ and must be manually enabled by calling enableMergePathsForKitKatAndAbove().
03-26 17:12:41.590 21070 21075 I zygote  : Do full code cache collection, code=126KB, data=95KB
03-26 17:12:41.592 21070 21075 I zygote  : After code cache collection, code=101KB, data=63KB
03-26 17:12:41.629  1456  7556 I ActivityManager: Displayed org.mozilla.fennec_aurora/org.mozilla.fenix.HomeActivity: +582ms (total +1s225ms)
03-26 17:12:41.629  1456  7556 I ActivityManager: Fully drawn org.mozilla.fennec_aurora/org.mozilla.fenix.HomeActivity: +582ms (total +1s225ms)
03-26 17:12:41.687 21070 21133 D vndksupport: Loading /vendor/lib/hw/android.hardware.graphics.mapper@2.0-impl.so from current namespace instead of sphal namespace.
03-26 17:12:41.689 21070 21133 D vndksupport: Loading /vendor/lib/hw/gralloc.msm8937.so from current namespace instead of sphal namespace.
03-26 17:12:41.736 21070 21070 W LOTTIE  : Animation contains merge paths but they are disabled.
03-26 17:12:41.740 21070 21075 I zygote  : Do partial code cache collection, code=118KB, data=86KB
03-26 17:12:41.742 21070 21075 I zygote  : After code cache collection, code=118KB, data=86KB
03-26 17:12:41.742 21070 21075 I zygote  : Increasing code cache capacity to 512KB
03-26 17:12:41.783 21070 21106 I Gecko   : 1585257161778	addons.xpi	WARN	List of valid built-in add-ons could not be parsed.: [Exception... "Component returned failure code: 0x80520012 (NS_ERROR_FILE_NOT_FOUND) [nsIXPCComponents_Utils.readUTF8URI]"  nsresult: "0x80520012 (NS_ERROR_FILE_NOT_FOUND)"  location: "JS frame :: resource://gre/modules/addons/XPIProvider.jsm :: startup :: line 2372"  data: no] Stack trace: startup()@resource://gre/modules/addons/XPIProvider.jsm:2372
03-26 17:12:41.783 21070 21106 I Gecko   : callProvider()@resource://gre/modules/AddonManager.jsm:215
03-26 17:12:41.783 21070 21106 I Gecko   : _startProvider()@resource://gre/modules/AddonManager.jsm:587
03-26 17:12:41.783 21070 21106 I Gecko   : startup()@resource://gre/modules/AddonManager.jsm:811
03-26 17:12:41.783 21070 21106 I Gecko   : startup()@resource://gre/modules/AddonManager.jsm:3482
03-26 17:12:41.783 21070 21106 I Gecko   : observe()@resource://gre/modules/addonManager.js:87
03-26 17:12:41.807 28336 28336 I MemoryTrimmer: Trimming objects from memory, since app is in the background.
03-26 17:12:41.813 28336 28379 E AudioSource: Stop listening is called on already closed AudioSource
03-26 17:12:41.816 28336 28336 I MemoryTrimmer: Trimming objects from memory, since app is in the background.
03-26 17:12:41.824 28336 28379 I DEBUG   : OpaToSrpTransitionState#onStateChanged#notNullQuery
03-26 17:12:41.824 28336 27979 I PBSessionCacheImpl: Deleted sessionId[124624629806609900] from persistence.
03-26 17:12:41.824  1456 10962 I WifiService: getWifiEnabledState uid=10073
03-26 17:12:41.825 28336 28379 I DEBUG   : OpaToSrpTransitionState#onStateChanged#notNullQuery
03-26 17:12:41.827 28336 28379 W SearchServiceCore: Abort, client detached.
03-26 17:12:41.972 21070 21106 D GeckoThread: State changed to PROFILE_READY
03-26 17:12:42.053 21070 21106 D GeckoThread: State changed to RUNNING
03-26 17:12:42.069 21070 21106 W GeckoEventDispatcher: No listener for AndroidCastDevice:SyncDevice
03-26 17:12:42.075 21070 21106 I Gecko   : -*- nsDNSServiceDiscovery.js : nsDNSServiceDiscovery
03-26 17:12:42.184 21070 21070 D GeckoNetworkManager: Incoming event enableNotifications for state OnNoListeners -> OnWithListeners
03-26 17:12:42.185 21070 21070 D GeckoNetworkManager: New network state: DOWN, NONE, UNKNOWN
03-26 17:12:42.186 21070 21070 D GeckoNetworkManager: Incoming event receivedUpdate for state OnWithListeners -> OnWithListeners
03-26 17:12:42.187 21070 21070 D GeckoNetworkManager: New network state: DOWN, NONE, UNKNOWN
03-26 17:12:42.189 21070 21106 W GeckoLinker: /data/app/org.mozilla.fennec_aurora-4WHetN41TS-sYYRaXgKhig==/lib/arm/libsoftokn3.so: unhandled flags #8 not handled
03-26 17:12:42.190 21070 21106 W GeckoLinker: /data/app/org.mozilla.fennec_aurora-4WHetN41TS-sYYRaXgKhig==/lib/arm/libsoftokn3.so: Relocation to NULL @0x0002cffc for symbol "__cxa_type_match"
03-26 17:12:42.191 21070 21106 W GeckoLinker: /data/app/org.mozilla.fennec_aurora-4WHetN41TS-sYYRaXgKhig==/lib/arm/libfreebl3.so: unhandled flags #8 not handled
03-26 17:12:42.191 21070 21106 W GeckoLinker: /data/app/org.mozilla.fennec_aurora-4WHetN41TS-sYYRaXgKhig==/lib/arm/libfreebl3.so: Relocation to NULL @0x0004fffc for symbol "__cxa_type_match"
03-26 17:12:42.221 21070 21194 W GeckoLinker: /data/app/org.mozilla.fennec_aurora-4WHetN41TS-sYYRaXgKhig==/lib/arm/libnssckbi.so: unhandled flags #8 not handled
03-26 17:12:42.222 21070 21194 W GeckoLinker: /data/app/org.mozilla.fennec_aurora-4WHetN41TS-sYYRaXgKhig==/lib/arm/libnssckbi.so: Relocation to NULL @0x00055ffc for symbol "__cxa_type_match"
03-26 17:12:42.285 21070 21106 W ResourceType: Too many attribute references, stopped at: 0x01010099
03-26 17:12:42.333 21070 21106 W GeckoEventDispatcher: No listener for GeckoView:AccessibilityEnabled
03-26 17:12:42.470  1023 21224 D libc    : Internal error: netid(0), id(0x3baf), server(0.0.0.0)
03-26 17:12:42.470  1023 21224 D libc    : Internal error: netid(0), id(0x3baf), server(0.0.0.0)
03-26 17:12:42.470  1023 21224 D libc    : Internal error: netid(0), id(0x95a7), server(0.0.0.0)
03-26 17:12:42.470  1023 21224 D libc    : Internal error: netid(0), id(0x95a7), server(0.0.0.0)
03-26 17:12:42.477  1023 21229 D libc    : Internal error: netid(0), id(0xf8c3), server(0.0.0.0)
03-26 17:12:42.478  1023 21229 D libc    : Internal error: netid(0), id(0xf8c3), server(0.0.0.0)
03-26 17:12:42.478  1023 21229 D libc    : Internal error: netid(0), id(0x2b87), server(0.0.0.0)
03-26 17:12:42.478  1023 21229 D libc    : Internal error: netid(0), id(0x2b87), server(0.0.0.0)
03-26 17:12:42.479  1023 21232 D libc    : Internal error: netid(0), id(0xeac6), server(0.0.0.0)
03-26 17:12:42.480  1023 21232 D libc    : Internal error: netid(0), id(0xeac6), server(0.0.0.0)
03-26 17:12:42.480  1023 21232 D libc    : Internal error: netid(0), id(0x8fa2), server(0.0.0.0)
03-26 17:12:42.480  1023 21232 D libc    : Internal error: netid(0), id(0x8fa2), server(0.0.0.0)
03-26 17:12:42.482  1023 21236 D libc    : Internal error: netid(0), id(0x32a7), server(0.0.0.0)
03-26 17:12:42.482  1023 21236 D libc    : Internal error: netid(0), id(0x32a7), server(0.0.0.0)
03-26 17:12:42.482  1023 21236 D libc    : Internal error: netid(0), id(0xd8eb), server(0.0.0.0)
03-26 17:12:42.482  1023 21236 D libc    : Internal error: netid(0), id(0xd8eb), server(0.0.0.0)
03-26 17:12:42.497 21070 21106 W ResourceType: Too many attribute references, stopped at: 0x01010099
03-26 17:12:42.522 21070 21101 D App     : Could not fetch region from location service
03-26 17:12:42.522 21070 21101 D App     : java.io.IOException: org.mozilla.geckoview.WebRequestError: Request failed, error=0x25, category=0x5
03-26 17:12:42.522 21070 21101 D App     : 	at mozilla.components.browser.engine.gecko.fetch.GeckoViewFetchClient.fetch(GeckoViewFetchClient.kt:39)
03-26 17:12:42.522 21070 21101 D App     : 	at mozilla.components.service.location.MozillaLocationService$fetchRegion$2.invokeSuspend(MozillaLocationService.kt:27)
03-26 17:12:42.522 21070 21101 D App     : 	at mozilla.components.service.location.MozillaLocationService$fetchRegion$2.invoke(Unknown Source:10)
03-26 17:12:42.522 21070 21101 D App     : 	at kotlin.jvm.internal.Intrinsics.startUndispatchedOrReturn(Intrinsics.java:2)
03-26 17:12:42.522 21070 21101 D App     : 	at kotlin.jvm.internal.Intrinsics.withContext(Intrinsics.java:9)
03-26 17:12:42.522 21070 21101 D App     : 	at mozilla.components.service.location.MozillaLocationService.fetchRegion(MozillaLocationService.kt:2)
03-26 17:12:42.522 21070 21101 D App     : 	at mozilla.components.service.location.search.RegionSearchLocalizationProvider.determineRegion(RegionSearchLocalizationProvider.kt:5)
03-26 17:12:42.522 21070 21101 D App     : 	at mozilla.components.browser.search.provider.AssetsSearchEngineProvider.loadSearchEngines(AssetsSearchEngineProvider.kt:5)
03-26 17:12:42.522 21070 21101 D App     : 	at org.mozilla.fenix.components.searchengine.FenixSearchEngineProvider$baseSearchEngines$1.invokeSuspend(FenixSearchEngineProvider.kt:9)
03-26 17:12:42.522 21070 21101 D App     : 	at kotlin.coroutines.jvm.internal.BaseContinuationImpl.resumeWith(ContinuationImpl.kt:2)
03-26 17:12:42.522 21070 21101 D App     : 	at kotlinx.coroutines.DispatchedTask.run(DispatchedTask.kt:15)
03-26 17:12:42.522 21070 21101 D App     : 	at kotlinx.coroutines.scheduling.CoroutineScheduler.runSafely(CoroutineScheduler.kt:1)
03-26 17:12:42.522 21070 21101 D App     : 	at kotlinx.coroutines.scheduling.CoroutineScheduler$Worker.run(CoroutineScheduler.kt:15)
03-26 17:12:42.522 21070 21101 D App     : Caused by: org.mozilla.geckoview.WebRequestError: Request failed, error=0x25, category=0x5
03-26 17:12:42.522 21070 21101 D App     : 	at org.mozilla.gecko.mozglue.GeckoLoader.nativeRun(Native Method)
03-26 17:12:42.522 21070 21101 D App     : 	at org.mozilla.gecko.GeckoThread.run(GeckoThread.java:91)
03-26 17:12:42.522 21070 21102 D App     : Could not fetch region from location service
03-26 17:12:42.522 21070 21102 D App     : java.io.IOException: org.mozilla.geckoview.WebRequestError: Request failed, error=0x25, category=0x5
03-26 17:12:42.522 21070 21102 D App     : 	at mozilla.components.browser.engine.gecko.fetch.GeckoViewFetchClient.fetch(GeckoViewFetchClient.kt:39)
03-26 17:12:42.522 21070 21102 D App     : 	at mozilla.components.service.location.MozillaLocationService$fetchRegion$2.invokeSuspend(MozillaLocationService.kt:27)
03-26 17:12:42.522 21070 21102 D App     : 	at kotlin.coroutines.jvm.internal.BaseContinuationImpl.resumeWith(ContinuationImpl.kt:2)
03-26 17:12:42.522 21070 21102 D App     : 	at kotlinx.coroutines.DispatchedTask.run(DispatchedTask.kt:15)
03-26 17:12:42.522 21070 21102 D App     : 	at kotlinx.coroutines.scheduling.CoroutineScheduler.runSafely(CoroutineScheduler.kt:1)
03-26 17:12:42.522 21070 21102 D App     : 	at kotlinx.coroutines.scheduling.CoroutineScheduler$Worker.run(CoroutineScheduler.kt:15)
03-26 17:12:42.522 21070 21102 D App     : Caused by: org.mozilla.geckoview.WebRequestError: Request failed, error=0x25, category=0x5
03-26 17:12:42.522 21070 21102 D App     : 	at org.mozilla.gecko.mozglue.GeckoLoader.nativeRun(Native Method)
03-26 17:12:42.522 21070 21102 D App     : 	at org.mozilla.gecko.GeckoThread.run(GeckoThread.java:91)
03-26 17:12:42.632 21161 21178 D GeckoThread: State changed to MOZGLUE_READY
03-26 17:12:42.639 21161 21178 W Settings: Setting animator_duration_scale has moved from android.provider.Settings.System to android.provider.Settings.Global, returning read-only global URI.
03-26 17:12:42.642 21161 21178 E GeckoLibLoad: Load sqlite start
03-26 17:12:42.659 21161 21178 W GeckoLinker: /data/app/org.mozilla.fennec_aurora-4WHetN41TS-sYYRaXgKhig==/lib/arm/libnss3.so: unhandled flags #8 not handled
03-26 17:12:42.664 21161 21178 W GeckoLinker: /data/app/org.mozilla.fennec_aurora-4WHetN41TS-sYYRaXgKhig==/lib/arm/libnss3.so: Relocation to NULL @0x001b9ffc for symbol "__cxa_type_match"
03-26 17:12:42.664 21161 21178 E GeckoLibLoad: Load sqlite done
03-26 17:12:42.664 21161 21178 E GeckoLibLoad: Load nss start
03-26 17:12:42.664 21161 21178 E GeckoLibLoad: Load nss done
03-26 17:12:42.664 21161 21178 W GeckoLinker: /data/app/org.mozilla.fennec_aurora-4WHetN41TS-sYYRaXgKhig==/lib/arm/libxul.so: unhandled flags #8 not handled
03-26 17:12:42.665 21161 21178 W GeckoLinker: /data/app/org.mozilla.fennec_aurora-4WHetN41TS-sYYRaXgKhig==/lib/arm/liblgpllibs.so: unhandled flags #8 not handled
03-26 17:12:42.669 21070 21106 I GeckoSession: zerdatime 17785256437 - chrome startup finished
03-26 17:12:42.696 21161 21178 E GeckoLibLoad: Loaded libs in 31.958337ms total, 23ms(23ms) user, 6ms(6ms) system, 0(0) faults
03-26 17:12:42.696 21161 21178 D GeckoThread: State changed to LIBS_READY
03-26 17:12:42.697 21161 21178 W GeckoThread: zerdatime 17785256464 - runGecko
03-26 17:12:42.724 21070 21124 D App     : Could not fetch region from location service
03-26 17:12:42.724 21070 21124 D App     : java.io.IOException: org.mozilla.geckoview.WebRequestError: Request failed, error=0x25, category=0x5
