05-09 21:44:34.553 21279 21324 I OpenGLRenderer: Initialized EGL, version 1.4
05-09 21:44:34.553 21279 21324 D OpenGLRenderer: Swap behavior 2
05-09 21:44:34.565  1456  1456 I NotificationService: Cannot find enqueued record for key: 0|com.motorola.timeweatherwidget|1|null|10116
05-09 21:44:34.568   808   808 D SurfaceFlinger: duplicate layer name: changing com.android.launcher3/com.android.launcher3.CustomizationPanelLauncher to com.android.launcher3/com.android.launcher3.CustomizationPanelLauncher#1
05-09 21:44:34.591 21279 21312 W ThreadPoolDumper: Queue length for executor EventBus is now 11. Perhaps some tasks are too long, or the pool is too small.
05-09 21:44:34.595  1456 10962 I WifiService: getWifiEnabledState uid=10073
05-09 21:44:34.604  1456  4797 I WifiService: getWifiEnabledState uid=10073
05-09 21:44:34.635 21279 21329 I MicroDetectionState: Should stop hotword detection immediately - false
05-09 21:44:34.640 21279 21329 I MicroDetectionWorker: #startMicroDetector [speakerMode: 0]
05-09 21:44:34.646   788  1401 V msm8974_platform: platform_check_input_mask: enter check_input_mask source 6 mask 10
05-09 21:44:34.647 21279 21328 I MicroDataManager: isInitializing-false locale not changed-true model not changed-true
05-09 21:44:34.647 21279 21328 I MicroDataManager: Already initialized, obtaining the hotword data immediately.
05-09 21:44:34.648  1456  1673 I LaunchCheckinHandler: Displayed com.android.launcher3/.CustomizationPanelLauncher,wp,wa,135
05-09 21:44:34.654  1012 15872 I AudioFlinger: AudioFlinger's thread 0xb2483440 tid=15872 ready to run
05-09 21:44:34.664 21279 28082 I MicroRecognitionRunner: Starting detection.
05-09 21:44:34.664 21279 28082 I InputStreamUtils: Using micInputStream
05-09 21:44:34.666   788  1401 D audio_hw_primary: in_set_parameters: enter: kvpairs=input_source=6;routing=-2147483644
05-09 21:44:34.668  1012  8317 D APM_AudioPolicyManager: AudioPolicyManager::startInput() input 340790, session 340905, source = 1999
05-09 21:44:34.669   788 15873 V msm8974_platform: platform_update_usecase_from_source: input source :6
05-09 21:44:34.670   788 15873 V msm8974_platform: platform_check_input_mask: enter check_input_mask source 6 mask 10
05-09 21:44:34.670   788 15873 V msm8974_platform: platform_get_input_snd_device: enter: out_device(0) in_device(0x4) channel_count (1) channel_mask (0x10)
05-09 21:44:34.670   788 15873 V msm8974_platform: platform_get_input_snd_device: exit: in_snd_device(voice-rec-mic)
05-09 21:44:34.670   788 15873 V msm8974_platform: platform_get_backend_index:napb: backend port - 5 device - 120 
05-09 21:44:34.670   788 15873 V msm8974_platform: platform_check_and_set_capture_backend_cfg:txbecf: afe: bitwidth 0, samplerate 0, channel 1, backend_idx 5 usecase = 9 device (voice-rec-mic)
05-09 21:44:34.670   788 15873 V msm8974_platform: platform_check_capture_backend_cfg:txbecf: afe: Codec selected backend: 5 current bit width: 0 and sample rate: 0, channels 1
05-09 21:44:34.670 21279 21329 I MicroDetectionWorker: onReady
05-09 21:44:34.670   788 15873 V msm8974_platform: platform_check_capture_backend_cfg:txbecf: afe: Codec selected backend: 5 updated bit width: 0 and sample rate: 0
05-09 21:44:34.670   788 15873 I msm8974_platform: platform_check_capture_backend_cfg:txbecf: afe: Codec backend needs to be updated. new bit width: 0 new sample rate: 0 new channel: 1
05-09 21:44:34.670   788 15873 V msm8974_platform: platform_get_backend_index:napb: backend port - 5 device - 120 
05-09 21:44:34.670   788 15873 V msm8974_platform: platform_set_backend_cfg:becf: afe: bitwidth 0, samplerate 0 channels 1, backend_idx 5 device (voice-rec-mic)
05-09 21:44:34.671   788 15873 E msm8974_platform: platform_set_backend_cfg:becf: afe: Could not get ctl for mixer command - SLIM_0_TX Format
05-09 21:44:34.671   788 15873 V msm8974_platform: platform_send_audio_calibration: sending audio calibration for snd_device(120) acdb_id(62)
05-09 21:44:34.671   788 15873 D ACDB-LOADER: ACDB -> send_audio_cal, acdb_id = 62, path = 1, app id = 0x11130, sample rate = 48000
05-09 21:44:34.671   788 15873 D ACDB-LOADER: ACDB -> send_asm_topology
05-09 21:44:34.671   788 15873 D ACDB-LOADER: ACDB -> ACDB_CMD_GET_AUDPROC_STREAM_TOPOLOGY_ID
05-09 21:44:34.671   788 15873 D ACDB-LOADER: ACDB -> send_adm_topology
05-09 21:44:34.671   788 15873 D ACDB-LOADER: ACDB -> ACDB_CMD_GET_AUDPROC_COMMON_TOPOLOGY_ID
05-09 21:44:34.671   788 15873 D ACDB-LOADER: ACDB -> send_audtable
05-09 21:44:34.671   788 15873 D ACDB-LOADER: ACDB -> ACDB_CMD_GET_AUDPROC_COMMON_TABLE_SIZE
05-09 21:44:34.671   788 15873 D ACDB-LOADER: ACDB -> ACDB_CMD_GET_AUDPROC_COMMON_TABLE
05-09 21:44:34.671   788 15873 D ACDB-LOADER: ACDB -> AUDIO_SET_AUDPROC_CAL
05-09 21:44:34.671   788 15873 D ACDB-LOADER: ACDB -> send_audvoltable
05-09 21:44:34.671   788 15873 D ACDB-LOADER: ACDB -> ACDB_CMD_GET_AUDPROC_VOL_STEP_TABLE_SIZE
05-09 21:44:34.671   788 15873 D ACDB-LOADER: ACDB -> ACDB_CMD_GET_AUDPROC_GAIN_DEP_STEP_TABLE, vol index 0
05-09 21:44:34.671   788 15873 D         : Failed to fetch the lookup information of the device 0000003E 
05-09 21:44:34.671   788 15873 D ACDB-LOADER: ACDB -> AUDIO_SET_VOL_CAL cal type = 12
05-09 21:44:34.671   788 15873 D ACDB-LOADER: ACDB -> ACDB_CMD_GET_AUDPROC_STREAM_TABLE_SIZE
05-09 21:44:34.671   788 15873 D ACDB-LOADER: ACDB -> send_audstrmtable
05-09 21:44:34.671   788 15873 D ACDB-LOADER: ACDB -> ACDB_CMD_GET_AUDPROC_STREAM_TABLE_V2
05-09 21:44:34.671   788 15873 D ACDB-LOADER: ACDB -> audstrm_cal->cal_type.cal_data.cal_size = 456
05-09 21:44:34.671   788 15873 D ACDB-LOADER: ACDB -> send_afe_topology
05-09 21:44:34.671   788 15873 D ACDB-LOADER: ACDB -> ACDB_CMD_GET_AFE_TOPOLOGY_ID
05-09 21:44:34.671   788 15873 D ACDB-LOADER: ACDB -> GET_AFE_TOPOLOGY_ID for adcd_id 62, Topology Id 112fb
05-09 21:44:34.671   788 15873 D ACDB-LOADER: ACDB -> send_afe_cal
05-09 21:44:34.671   788 15873 D ACDB-LOADER: ACDB -> ACDB_CMD_GET_AFE_COMMON_TABLE_SIZE
05-09 21:44:34.671   788 15873 D         : Failed to fetch the lookup information of the device 0000003E 
05-09 21:44:34.671   788 15873 E ACDB-LOADER: Error: ACDB_CMD_GET_AFE_COMMON_TABLE_SIZE Returned = -19
05-09 21:44:34.671   788 15873 D ACDB-LOADER: ACDB -> ACDB_CMD_GET_AFE_COMMON_TABLE
05-09 21:44:34.671   788 15873 D         : Failed to fetch the lookup information of the device 0000003E 
05-09 21:44:34.671   788 15873 D ACDB-LOADER: ACDB -> AUDIO_SET_AFE_CAL
05-09 21:44:34.671   788 15873 D ACDB-LOADER: ACDB -> send_hw_delay : acdb_id = 62 path = 1
05-09 21:44:34.671   788 15873 D ACDB-LOADER: ACDB -> ACDB_AVSYNC_INFO: ACDB_CMD_GET_DEVICE_PROPERTY
05-09 21:44:34.672   788 15873 D audio_hw_primary: enable_snd_device: snd_device(120: voice-rec-mic)
05-09 21:44:34.672 21279 21329 I HotwordLSAdapter: getAudioSourceOpeningStatus completed: 1
05-09 21:44:34.672   788 15873 D audio_route: Apply path: voice-rec-mic
05-09 21:44:34.675   788 15873 V msm8974_platform: platform_get_snd_device_backend_index: enter with device 120
05-09 21:44:34.675   788 15873 E msm8974_platform: platform_get_snd_device_backend_index: BE DAI Name Table is not present
05-09 21:44:34.675   788 15873 V msm8974_platform: platform_get_backend_index:napb: backend port - 5 device - 120 
05-09 21:44:34.675   788 15873 I audio_hw_utils: Set Audio Stream Capture 0 App Type Cfg: app_type 69936, acdb_dev_id 62, sample_rate 48000, snd_device_be_idx -14
05-09 21:44:34.675   788 15873 D audio_hw_primary: enable_audio_route: usecase(9) apply and update mixer path: audio-record
05-09 21:44:34.675   788 15873 D audio_route: Apply path: audio-record
05-09 21:44:34.809 21279 21289 I zygote  : Background concurrent copying GC freed 270623(13MB) AllocSpace objects, 15(2MB) LOS objects, 49% free, 12MB/25MB, paused 408us total 166.482ms
05-09 21:44:34.833  2146  2165 I zygote  : NativeAlloc concurrent copying GC freed 21010(1099KB) AllocSpace objects, 0(0B) LOS objects, 50% free, 10MB/21MB, paused 969us total 163.800ms
05-09 21:44:34.943  1456  2196 D ConnectivityService: requestNetwork for uid/pid:11318/15686 NetworkRequest [ TRACK_DEFAULT id=45577, [ Capabilities: INTERNET&NOT_RESTRICTED&TRUSTED&NOT_VPN] ]
05-09 21:44:34.946  1456  2054 D WIFI_UT : got request NetworkRequest [ TRACK_DEFAULT id=45577, [ Capabilities: INTERNET&NOT_RESTRICTED&TRUSTED&NOT_VPN] ] with score 60
05-09 21:44:34.946  1456  2054 D WIFI    : got request NetworkRequest [ TRACK_DEFAULT id=45577, [ Capabilities: INTERNET&NOT_RESTRICTED&TRUSTED&NOT_VPN] ] with score 60
05-09 21:44:34.946  1456  2099 D Ethernet: got request NetworkRequest [ TRACK_DEFAULT id=45577, [ Capabilities: INTERNET&NOT_RESTRICTED&TRUSTED&NOT_VPN] ] with score 60
05-09 21:44:34.947  2398  2398 D PhoneSwitcherNetworkRequstListener: got request NetworkRequest [ TRACK_DEFAULT id=45577, [ Capabilities: INTERNET&NOT_RESTRICTED&TRUSTED&NOT_VPN] ] with score 60
05-09 21:44:34.954 15686 15877 I chatty  : uid=11318(org.mozilla.fennec_aurora) expire 5 lines
05-09 21:44:35.064  1456  7796 I OpenGLRenderer: Initialized EGL, version 1.4
05-09 21:44:35.065  1456  7796 D OpenGLRenderer: Swap behavior 2
05-09 21:44:35.091  1456  2067 D ConnectivityService: releasing NetworkRequest [ TRACK_DEFAULT id=45577, [ Capabilities: INTERNET&NOT_RESTRICTED&TRUSTED&NOT_VPN] ] (release request)
05-09 21:44:35.110  2748  2917 W OpenGLRenderer: Incorrectly called buildLayer on View: ShortcutAndWidgetContainer, destroying layer...
05-09 21:44:35.224 15686 15726 I chatty  : uid=11318(org.mozilla.fennec_aurora) expire 1 line
05-09 21:44:35.260   808   898 I SFPerfTracer:      triggers: (rate: 0:1) (0 sw vsyncs) (0 skipped) (38:7029571 vsyncs) (40:14241462)
05-09 21:44:35.295  1456  4250 D ConnectivityService: requestNetwork for uid/pid:11318/15686 NetworkRequest [ TRACK_DEFAULT id=45578, [ Capabilities: INTERNET&NOT_RESTRICTED&TRUSTED&NOT_VPN] ]
05-09 21:44:35.297  1456  2099 D Ethernet: got request NetworkRequest [ TRACK_DEFAULT id=45578, [ Capabilities: INTERNET&NOT_RESTRICTED&TRUSTED&NOT_VPN] ] with score 60
05-09 21:44:35.297  1456  2054 D WIFI_UT : got request NetworkRequest [ TRACK_DEFAULT id=45578, [ Capabilities: INTERNET&NOT_RESTRICTED&TRUSTED&NOT_VPN] ] with score 60
05-09 21:44:35.297  1456  2054 D WIFI    : got request NetworkRequest [ TRACK_DEFAULT id=45578, [ Capabilities: INTERNET&NOT_RESTRICTED&TRUSTED&NOT_VPN] ] with score 60
05-09 21:44:35.299  2398  2398 D PhoneSwitcherNetworkRequstListener: got request NetworkRequest [ TRACK_DEFAULT id=45578, [ Capabilities: INTERNET&NOT_RESTRICTED&TRUSTED&NOT_VPN] ] with score 60
05-09 21:44:35.307 19951 20733 I ChimeraSrvcProxy: NullBinder for com.google.android.gms.duokit.service.START triggering remote TransactionTooLargeException due to Service without Chimera impl
05-09 21:44:35.308 13417 13488 E JavaBinder: !!! FAILED BINDER TRANSACTION !!!  (parcel size = 756)
05-09 21:44:35.308 13417 13488 W GmsClient: IGmsServiceBroker.getService failed
05-09 21:44:35.308 13417 13488 W GmsClient: android.os.DeadObjectException: Transaction failed on small parcel; remote process probably died
05-09 21:44:35.308 13417 13488 W GmsClient: 	at android.os.BinderProxy.transactNative(Native Method)
05-09 21:44:35.308 13417 13488 W GmsClient: 	at android.os.BinderProxy.transact(Binder.java:764)
05-09 21:44:35.308 13417 13488 W GmsClient: 	at sbj.getService(PG:9)
05-09 21:44:35.308 13417 13488 W GmsClient: 	at com.google.android.gms.common.internal.BaseGmsClient.a(PG:86)
05-09 21:44:35.308 13417 13488 W GmsClient: 	at rxu.run(PG:7)
05-09 21:44:35.308 13417 13488 W GmsClient: 	at android.os.Handler.handleCallback(Handler.java:790)
05-09 21:44:35.308 13417 13488 W GmsClient: 	at android.os.Handler.dispatchMessage(Handler.java:99)
05-09 21:44:35.308 13417 13488 W GmsClient: 	at sns.a(PG:5)
05-09 21:44:35.308 13417 13488 W GmsClient: 	at sns.dispatchMessage(PG:4)
05-09 21:44:35.308 13417 13488 W GmsClient: 	at android.os.Looper.loop(Looper.java:164)
05-09 21:44:35.308 13417 13488 W GmsClient: 	at android.os.HandlerThread.run(HandlerThread.java:65)
05-09 21:44:35.314 15686 15878 I chatty  : uid=11318(org.mozilla.fennec_aurora) expire 9 lines
05-09 21:44:35.321  1456  1466 I zygote  : Background concurrent copying GC freed 52981(2MB) AllocSpace objects, 30(1112KB) LOS objects, 36% free, 42MB/66MB, paused 337us total 384.796ms
05-09 21:44:35.747  1456  2067 D ConnectivityService: releasing NetworkRequest [ TRACK_DEFAULT id=45578, [ Capabilities: INTERNET&NOT_RESTRICTED&TRUSTED&NOT_VPN] ] (release request)
05-09 21:44:38.720  1456  4797 W ActivityManager: Background start not allowed: service Intent { cmp=com.google.android.apps.messaging/.shared.datamodel.action.execution.ActionExecutorImpl$EmptyService } to com.google.android.apps.messaging/.shared.datamodel.action.execution.ActionExecutorImpl$EmptyService from pid=13417 uid=10110 pkg=com.google.android.apps.messaging
05-09 21:44:38.722 13417 13417 W BugleDataModel: ActionExecutorImpl: Action started execution, but we can't guarantee it will complete, the app may be killed. Action: class com.google.android.apps.messaging.shared.datamodel.action.SelfParticipantsRefreshAction-SelfParticipantsRefreshAction:21603064354005
05-09 21:44:38.722 13417 13417 W BugleDataModel: java.lang.IllegalStateException: Not allowed to start service Intent { cmp=com.google.android.apps.messaging/.shared.datamodel.action.execution.ActionExecutorImpl$EmptyService }: app is in background uid UidRecord{f355b2a u0a110 CEM  idle change:cached procs:1 seq(0,0,0)}
05-09 21:44:38.722 13417 13417 W BugleDataModel: 	at android.app.ContextImpl.startServiceCommon(ContextImpl.java:1536)
05-09 21:44:38.722 13417 13417 W BugleDataModel: 	at android.app.ContextImpl.startService(ContextImpl.java:1492)
05-09 21:44:38.722 13417 13417 W BugleDataModel: 	at android.content.ContextWrapper.startService(ContextWrapper.java:650)
05-09 21:44:38.722 13417 13417 W BugleDataModel: 	at com.google.android.apps.messaging.shared.datamodel.action.execution.ActionExecutorImpl.a(PG:97)
05-09 21:44:38.722 13417 13417 W BugleDataModel: 	at com.google.android.apps.messaging.shared.datamodel.action.execution.ActionExecutorImpl.a(PG:91)
05-09 21:44:38.722 13417 13417 W BugleDataModel: 	at fuh.c(PG:109)
05-09 21:44:38.722 13417 13417 W BugleDataModel: 	at fue.run(PG:1)
05-09 21:44:38.722 13417 13417 W BugleDataModel: 	at acyt.run(PG:3)
05-09 21:44:38.722 13417 13417 W BugleDataModel: 	at android.os.Handler.handleCallback(Handler.java:790)
05-09 21:44:38.722 13417 13417 W BugleDataModel: 	at android.os.Handler.dispatchMessage(Handler.java:99)
05-09 21:44:38.722 13417 13417 W BugleDataModel: 	at android.os.Looper.loop(Looper.java:164)
05-09 21:44:38.722 13417 13417 W BugleDataModel: 	at android.app.ActivityThread.main(ActivityThread.java:6626)
05-09 21:44:38.722 13417 13417 W BugleDataModel: 	at java.lang.reflect.Method.invoke(Native Method)
05-09 21:44:38.722 13417 13417 W BugleDataModel: 	at com.android.internal.os.RuntimeInit$MethodAndArgsCaller.run(RuntimeInit.java:438)
05-09 21:44:38.722 13417 13417 W BugleDataModel: 	at com.android.internal.os.ZygoteInit.main(ZygoteInit.java:811)
05-09 21:44:38.738 13417 15882 I BugleDataModel: ParticipantRefresh: Start participant refresh. refreshMode: SELF_ONLY
05-09 21:44:38.797 13417 15882 W Bugle   : SubscriptionMetadataUtils get: invalid subId = -1
05-09 21:44:38.799 13417 15882 W Bugle   : SubscriptionMetadataUtils get: invalid subId = -1
05-09 21:44:38.799 13417 15882 W ResourceType: For resource 0x7f130480, entry index(1152) is beyond type entryCount(647)
05-09 21:44:38.799 13417 15882 W Bugle   : MultiSimSubscriptionUtils: getSelfRawNumber: subInfo is null for subscription{id:-1}
05-09 21:44:38.818  1456  4797 I ActivityManager: Start proc 15883:android.process.acore/u0a14 for content provider com.android.providers.contacts/.ContactsProvider2
05-09 21:44:38.862 15883 15883 I zygote  : The ClassLoaderContext is a special shared library.
05-09 21:44:38.932 15883 15883 I ContactsPerf: VoicemailContentProvider.onCreate start
05-09 21:44:38.940 15883 15883 I ContactsPerf: VoicemailContentProvider.onCreate finish
05-09 21:44:38.952 15883 15883 I zygote  : The ClassLoaderContext is a special shared library.
05-09 21:44:38.965 15883 15883 I zygote  : The ClassLoaderContext is a special shared library.
05-09 21:44:38.969 15883 15899 D ContactsDatabaseHelper: WAL enabled for contacts2.db: true
05-09 21:44:39.069 15883 15899 I ContactLocale: AddressBook Labels [[en_US]]: [, A, B, C, D, E, F, G, H, I, J, K, L, M, N, O, P, Q, R, S, T, U, V, W, X, Y, Z, , , , , , , , , , , , , , , , , , , , , , , , , , , , , , , , , , , , , , , , , , , , , , , , , , , , , , , , , , , , , , , , , , , , , , , , , , , , , , , , , , , , , , , , , , , , , , , , , , , , , , , , , , , , , , , , , , , , , , , , , , , , , , , , , , , , , , , , , , , , , , , , , , , , , , , , , , , , , , , , , , , , , , , , , , , , , , , , , , , , , , , , , , , #, ]
05-09 21:44:39.108 15883 15899 D ContactsDatabaseHelper: WAL enabled for profile.db: false
05-09 21:44:39.178 13417 15882 I BugleDataModel: ParticipantRefresh: Number of participants refreshed: 0
05-09 21:44:39.680  1456  4797 I ActivityManager: Force stopping org.mozilla.fennec_aurora appid=11318 user=0: from pid 15906
05-09 21:44:39.680  1456  4797 I ActivityManager: Killing 15686:org.mozilla.fennec_aurora/u0a1318 (adj 700): stop org.mozilla.fennec_aurora
05-09 21:44:39.683  1456  1605 W zygote  : kill(-15686, 9) failed: No such process
05-09 21:44:39.684  1456  4797 W ActivityManager: Force removing ActivityRecord{6b489b6 u0 org.mozilla.fennec_aurora/org.mozilla.fenix.HomeActivity t70598}: app died, no saved state
05-09 21:44:39.693  1456  4797 I ActivityManager: Killing 15760:org.mozilla.fennec_aurora:tab0/u0a1318 (adj 0): stop org.mozilla.fennec_aurora
05-09 21:44:39.700  1456  1605 W zygote  : kill(-15686, 9) failed: No such process
05-09 21:44:39.705  2398  2398 D CarrierSvcBindHelper: No carrier app for: 0
05-09 21:44:39.706  2398  2398 D CarrierSvcBindHelper: No carrier app for: 1
05-09 21:44:39.716  1456  1605 W zygote  : kill(-15686, 9) failed: No such process
05-09 21:44:39.750  1456  1673 W ActivityManager: setHasOverlayUi called on unknown pid: 15686
05-09 21:44:39.762  1456  1605 W zygote  : kill(-15686, 9) failed: No such process
05-09 21:44:39.762  1456  1605 I zygote  : Successfully killed process cgroup uid 11318 pid 15686 in 79ms
05-09 21:44:39.762  1456  1605 W zygote  : kill(-15760, 9) failed: No such process
05-09 21:44:39.763  1456  1605 I zygote  : Successfully killed process cgroup uid 11318 pid 15760 in 0ms
05-09 21:44:39.800  1456  4250 I ActivityManager: START u0 {act=android.intent.action.MAIN cat=[android.intent.category.LAUNCHER] flg=0x10000000 cmp=org.mozilla.fennec_aurora/.App} from uid 2000
05-09 21:44:39.800   794   839 E ANDR-PERF-RESOURCEQS: Failed to apply optimization [4, 0]
05-09 21:44:39.820  1456  2162 I ActivityManager: Start proc 15913:org.mozilla.fennec_aurora/u0a1318 for activity org.mozilla.fennec_aurora/.App
05-09 21:44:39.910 21279 21329 I MicroDetectionState: Should stop hotword detection immediately - false
05-09 21:44:39.910 21279 21329 I MicroDetector: Keeping mic open: false
05-09 21:44:39.910 21279 21329 I MicroDetector: #shutdownAudioWithAudioLibrary
05-09 21:44:39.911 21279 13242 E DeviceStateChecker: DeviceStateChecker cancelled
05-09 21:44:39.911 21279 21314 I MicroRecognitionRunner: Stopping hotword detection.
05-09 21:44:39.912 21279 28082 W b       : #read failed: read EOF from AudioAccessor.
05-09 21:44:39.913 21279 28082 I MicroRecognitionRunner: Detection finished
05-09 21:44:39.965   788  1401 D audio_hw_primary: disable_audio_route: usecase(9) reset and update mixer path: audio-record
05-09 21:44:39.966   788  1401 D audio_hw_primary: disable_snd_device: snd_device(120: voice-rec-mic)
05-09 21:44:39.967  1012  1012 D APM_AudioPolicyManager: stopInput() input 340790, session 340905
05-09 21:44:39.968   788   788 D audio_hw_primary: in_set_parameters: enter: kvpairs=routing=0
05-09 21:44:39.970 21279 21329 I HotwordLSAdapter: stopListeningStatus result: 1
05-09 21:44:39.998 15913 15913 I chatty  : uid=11318(org.mozilla.fennec_aurora) expire 7 lines
05-09 21:44:40.071 15913 15931 I chatty  : uid=11318(org.mozilla.fennec_aurora) expire 4 lines
05-09 21:44:40.077 15913 15913 I chatty  : uid=11318(org.mozilla.fennec_aurora) expire 47 lines
05-09 21:44:40.098 15913 15941 I chatty  : uid=11318(org.mozilla.fennec_aurora) expire 13 lines
05-09 21:44:40.115 15913 15940 I chatty  : uid=11318(org.mozilla.fennec_aurora) expire 23 lines
05-09 21:44:40.124 15913 15944 I chatty  : uid=11318(org.mozilla.fennec_aurora) expire 19 lines
05-09 21:44:40.194 15913 15951 I chatty  : uid=11318(org.mozilla.fennec_aurora) expire 6 lines
05-09 21:44:40.262  1456 10366 I ActivityManager: START u0 {act=android.intent.action.MAIN cat=[android.intent.category.LAUNCHER] flg=0x10000000 cmp=org.mozilla.fennec_aurora/org.mozilla.fenix.HomeActivity (has extras)} from uid 11318
05-09 21:44:40.282 15913 15969 I chatty  : uid=11318(org.mozilla.fennec_aurora) expire 2 lines
05-09 21:44:40.293   808   808 D SurfaceFlinger: duplicate layer name: changing Splash Screen org.mozilla.fennec_aurora to Splash Screen org.mozilla.fennec_aurora#1
05-09 21:44:40.310   808   808 I SFPerfTracer:      triggers: (rate: 88:2046368) (compose: 0:7) (post: 0:19) (render: 0:17) (0:11106228 frames) (1:14121367)
05-09 21:44:40.310   808   808 D SFPerfTracer:        layers: (3:13) (NavigationBar#0 (0xb07df000): 0:1090360) (StatusBar#0 (0xb07e3000): 0:2559665) (com.android.systemui.ImageWallpaper#0 (0xb07e7000): 0:101884)* (Sprite#0 (0xb0733000): 0:317)* (DimLayerController/Stack=0#0 (0xb075a000): 0:3866)* (Sprite#1 (0xb077c000): 0:195)* (com.android.launcher3/com.android.launcher3.CustomizationPanelLauncher#0 (0xb0763000): 0:38)- (com.android.launcher3/com.android.launcher3.CustomizationPanelLauncher#1 (0xb0771000): 0:9)- (Splash Screen org.mozilla.fennec_aurora#1 (0xafd20000): 0:31)- (org.mozilla.fennec_aurora/org.mozilla.fenix.HomeActivity#0 (0xb039b000): 0:57)- (com.android.launcher3/com.android.launcher3.CustomizationPanelLauncher#0 (0xb0763000): 0:40)* (com.android.launcher3/com.android.launcher3.CustomizationPanelLauncher#1 (0xb0771000): 0:11)* (Splash Screen org.mozilla.fennec_aurora#0 (0xb039b000): 0:19) 
05-09 21:44:40.329 15913 15918 I chatty  : uid=11318(org.mozilla.fennec_aurora) expire 8 lines
05-09 21:44:40.353  1456  2918 I ActivityManager: Start proc 15991:org.mozilla.fennec_aurora:tab0/u0a1318 for service org.mozilla.fennec_aurora/org.mozilla.gecko.process.GeckoChildProcessServices$tab0
05-09 21:44:40.357 15913 15978 I chatty  : uid=11318(org.mozilla.fennec_aurora) expire 1 line
05-09 21:44:40.508 15991 15991 I chatty  : uid=11318(org.mozilla.fennec_aurora) expire 2 lines
05-09 21:44:40.509 15991 16013 I chatty  : uid=11318(org.mozilla.fennec_aurora) expire 1 line
05-09 21:44:40.688 15913 16016 I chatty  : uid=11318(org.mozilla.fennec_aurora) expire 10 lines
05-09 21:44:40.694 13082 13097 E AuthStateProvider: Calling package disagreement. Legacy: org.mozilla.fennec.sharedID:11318, new API: org.mozilla.fennec_aurora
05-09 21:44:40.694 13082 13097 D AuthStateProvider: Caller must be whitelisted.
05-09 21:44:40.695 15913 15913 E ActivityThread: Failed to find provider info for org.mozilla.fennec_aurora.fxa.auth
05-09 21:44:40.770 15913 16028 I chatty  : uid=11318(org.mozilla.fennec_aurora) expire 9 lines
05-09 21:44:40.771  1456  2918 D ConnectivityService: requestNetwork for uid/pid:11318/15913 NetworkRequest [ TRACK_DEFAULT id=45579, [ Capabilities: INTERNET&NOT_RESTRICTED&TRUSTED&NOT_VPN] ]
05-09 21:44:40.773  1456  2099 D Ethernet: got request NetworkRequest [ TRACK_DEFAULT id=45579, [ Capabilities: INTERNET&NOT_RESTRICTED&TRUSTED&NOT_VPN] ] with score 60
05-09 21:44:40.773  1456  2054 D WIFI_UT : got request NetworkRequest [ TRACK_DEFAULT id=45579, [ Capabilities: INTERNET&NOT_RESTRICTED&TRUSTED&NOT_VPN] ] with score 60
05-09 21:44:40.773  1456  2054 D WIFI    : got request NetworkRequest [ TRACK_DEFAULT id=45579, [ Capabilities: INTERNET&NOT_RESTRICTED&TRUSTED&NOT_VPN] ] with score 60
05-09 21:44:40.773  2398  2398 D PhoneSwitcherNetworkRequstListener: got request NetworkRequest [ TRACK_DEFAULT id=45579, [ Capabilities: INTERNET&NOT_RESTRICTED&TRUSTED&NOT_VPN] ] with score 60
05-09 21:44:40.796  1456  2918 I WifiService: getDhcpInfo uid=11318
05-09 21:44:40.914 15913 16032 I chatty  : uid=11318(org.mozilla.fennec_aurora) expire 5 lines
05-09 21:44:40.957  1456  1673 I LaunchCheckinHandler: Displayed org.mozilla.fennec_aurora/org.mozilla.fenix.HomeActivity,wp,ca,649
05-09 21:44:40.957  1456  1673 I ActivityManager: Displayed org.mozilla.fennec_aurora/org.mozilla.fenix.HomeActivity: +643ms (total +1s143ms)
05-09 21:44:40.971 21279 21279 I MemoryTrimmer: Trimming objects from memory, since app is in the background.
05-09 21:44:40.988 21279 21279 I MemoryTrimmer: Trimming objects from memory, since app is in the background.
05-09 21:44:40.990 21279 13144 I PBSessionCacheImpl: Deleted sessionId[93587620603324664] from persistence.
05-09 21:44:40.998  1456  4250 I WifiService: getWifiEnabledState uid=10073
05-09 21:44:41.006 21279 21329 W SearchServiceCore: Abort, client detached.
05-09 21:44:41.021 13082 13097 E AuthStateProvider: Calling package disagreement. Legacy: org.mozilla.fennec.sharedID:11318, new API: org.mozilla.fennec_aurora
05-09 21:44:41.021 13082 13097 D AuthStateProvider: Caller must be whitelisted.
05-09 21:44:41.023 15913 15913 E ActivityThread: Failed to find provider info for org.mozilla.fennec_aurora.fxa.auth
05-09 21:44:41.717  1456  1893 D BatteryService: uevent={POWER_SUPPLY_VOLTAGE_NOW=4306310, POWER_SUPPLY_CHARGE_RATE=Normal, POWER_SUPPLY_HEALTH=Good, POWER_SUPPLY_CURRENT_NOW=147093, POWER_SUPPLY_PRESENT=1, SUBSYSTEM=power_supply, POWER_SUPPLY_TEMP=297, SEQNUM=504606, ACTION=change, POWER_SUPPLY_NAME=battery, POWER_SUPPLY_STATUS=Full, POWER_SUPPLY_CHARGE_COUNTER=2795774, POWER_SUPPLY_CAPACITY=100, DEVPATH=/devices/soc/qpnp-smbcharger-17/power_supply/battery}
05-09 21:44:41.722  2398  2398 D QtiCarrierConfigHelper: WARNING, no carrier configs on phone Id: 0
05-09 21:44:41.727 15913 15936 I chatty  : uid=11318(org.mozilla.fennec_aurora) expire 3 lines
05-09 21:44:41.737  1456  2067 D ConnectivityService: releasing NetworkRequest [ TRACK_DEFAULT id=45579, [ Capabilities: INTERNET&NOT_RESTRICTED&TRUSTED&NOT_VPN] ] (release request)
05-09 21:44:41.796 15913 16059 I chatty  : uid=11318(org.mozilla.fennec_aurora) expire 1 line
05-09 21:44:41.880 15913 15968 I chatty  : uid=11318(org.mozilla.fennec_aurora) expire 26 lines
05-09 21:44:45.453 16086 16086 D AndroidRuntime: >>>>>> START com.android.internal.os.RuntimeInit uid 2000 <<<<<<
05-09 21:44:45.466 16086 16086 W app_process: Could not reserve sentinel fault page
05-09 21:44:45.632 16086 16086 I app_process: The ClassLoaderContext is a special shared library.
05-09 21:44:45.705 16086 16086 D AndroidRuntime: Calling main entry com.android.commands.input.Input
05-09 21:44:45.706 16086 16086 I Input   : injectKeyEvent: KeyEvent { action=ACTION_DOWN, keyCode=KEYCODE_HOME, scanCode=0, metaState=0, flags=0x0, repeatCount=0, eventTime=21151153292, downTime=21151153292, deviceId=-1, source=0x101 }
05-09 21:44:45.713 16086 16086 I Input   : injectKeyEvent: KeyEvent { action=ACTION_UP, keyCode=KEYCODE_HOME, scanCode=0, metaState=0, flags=0x0, repeatCount=0, eventTime=21151153292, downTime=21151153292, deviceId=-1, source=0x101 }
05-09 21:44:45.719  1456  1941 I ActivityManager: START u0 {act=android.intent.action.MAIN cat=[android.intent.category.HOME] flg=0x10200000 cmp=com.android.launcher3/.CustomizationPanelLauncher (has extras)} from uid 1000
05-09 21:44:45.720   794   839 E ANDR-PERF-RESOURCEQS: Failed to apply optimization [4, 0]
05-09 21:44:45.726 16086 16086 D AndroidRuntime: Shutting down VM
05-09 21:44:45.734  1456  4802 I ActivityManager: moveHomeStack, setupComplete:true
05-09 21:44:45.748 21279 21324 I Adreno  : QUALCOMM build                   : bb5b86c, I77d3059488
05-09 21:44:45.748 21279 21324 I Adreno  : Build Date                       : 06/07/18
05-09 21:44:45.748 21279 21324 I Adreno  : OpenGL ES Shader Compiler Version: EV031.22.00.01_06
05-09 21:44:45.748 21279 21324 I Adreno  : Local Branch                     : 
05-09 21:44:45.748 21279 21324 I Adreno  : Remote Branch                    : refs/tags/AU_LINUX_ANDROID_LA.UM.6.5.R1.08.01.00.312.086
05-09 21:44:45.748 21279 21324 I Adreno  : Remote Branch                    : NONE
05-09 21:44:45.748 21279 21324 I Adreno  : Reconstruct Branch               : NOTHING
05-09 21:44:45.753 21279 21324 D vndksupport: Loading /vendor/lib/hw/gralloc.msm8937.so from current namespace instead of sphal namespace.
05-09 21:44:45.758  2748  2748 D Launcher.Utilities: Wakeup weather: Intent { act=com.motorola.launcher3.action.WAKEUP_WEATHER cmp=com.motorola.timeweatherwidget/com.motorola.commandcenter.weather.WakeUpService }
05-09 21:44:45.758 21279 21324 I Adreno  : PFP: 0x005ff087, ME: 0x005ff063
05-09 21:44:45.760 21279 21324 I zygote  : android::hardware::configstore::V1_0::ISurfaceFlingerConfigs::hasWideColorDisplay retrieved: 0
05-09 21:44:45.762 21279 21324 I OpenGLRenderer: Initialized EGL, version 1.4
05-09 21:44:45.762 21279 21324 D OpenGLRenderer: Swap behavior 2
05-09 21:44:45.771  1456  1456 I NotificationService: Cannot find enqueued record for key: 0|com.motorola.timeweatherwidget|1|null|10116
05-09 21:44:45.774   808   808 D SurfaceFlinger: duplicate layer name: changing com.android.launcher3/com.android.launcher3.CustomizationPanelLauncher to com.android.launcher3/com.android.launcher3.CustomizationPanelLauncher#1
05-09 21:44:45.796 21279 21316 W ThreadPoolDumper: Queue length for executor EventBus is now 11. Perhaps some tasks are too long, or the pool is too small.
05-09 21:44:45.798  1456  2918 I WifiService: getWifiEnabledState uid=10073
05-09 21:44:45.804  1456  2918 I WifiService: getWifiEnabledState uid=10073
05-09 21:44:45.841 21279 21329 I MicroDetectionState: Should stop hotword detection immediately - false
05-09 21:44:45.847 21279 21329 I MicroDetectionWorker: #startMicroDetector [speakerMode: 0]
05-09 21:44:45.852 21279 21313 I MicroDataManager: isInitializing-false locale not changed-true model not changed-true
05-09 21:44:45.852 21279 21313 I MicroDataManager: Already initialized, obtaining the hotword data immediately.
05-09 21:44:45.852   788   788 V msm8974_platform: platform_check_input_mask: enter check_input_mask source 6 mask 10
05-09 21:44:45.857  1012 16100 I AudioFlinger: AudioFlinger's thread 0xb2483100 tid=16100 ready to run
05-09 21:44:45.862 21279 12961 I MicroRecognitionRunner: Starting detection.
05-09 21:44:45.862 21279 12961 I InputStreamUtils: Using micInputStream
05-09 21:44:45.865   788   788 D audio_hw_primary: in_set_parameters: enter: kvpairs=input_source=6;routing=-2147483644
05-09 21:44:45.866  1012  1012 D APM_AudioPolicyManager: AudioPolicyManager::startInput() input 340798, session 340913, source = 1999
05-09 21:44:45.867 21279 21329 I MicroDetectionWorker: onReady
05-09 21:44:45.867   788 16101 V msm8974_platform: platform_update_usecase_from_source: input source :6
05-09 21:44:45.867   788 16101 V msm8974_platform: platform_check_input_mask: enter check_input_mask source 6 mask 10
05-09 21:44:45.868   788 16101 V msm8974_platform: platform_get_input_snd_device: enter: out_device(0) in_device(0x4) channel_count (1) channel_mask (0x10)
05-09 21:44:45.868   788 16101 V msm8974_platform: platform_get_input_snd_device: exit: in_snd_device(voice-rec-mic)
05-09 21:44:45.868  1456  1673 I LaunchCheckinHandler: Displayed com.android.launcher3/.CustomizationPanelLauncher,wp,wa,148
05-09 21:44:45.868   788 16101 V msm8974_platform: platform_get_backend_index:napb: backend port - 5 device - 120 
05-09 21:44:45.868   788 16101 V msm8974_platform: platform_check_and_set_capture_backend_cfg:txbecf: afe: bitwidth 0, samplerate 0, channel 1, backend_idx 5 usecase = 9 device (voice-rec-mic)
05-09 21:44:45.868   788 16101 V msm8974_platform: platform_check_capture_backend_cfg:txbecf: afe: Codec selected backend: 5 current bit width: 0 and sample rate: 0, channels 1
05-09 21:44:45.868   788 16101 V msm8974_platform: platform_check_capture_backend_cfg:txbecf: afe: Codec selected backend: 5 updated bit width: 0 and sample rate: 0
05-09 21:44:45.868   788 16101 I msm8974_platform: platform_check_capture_backend_cfg:txbecf: afe: Codec backend needs to be updated. new bit width: 0 new sample rate: 0 new channel: 1
05-09 21:44:45.868 21279 21329 I HotwordLSAdapter: getAudioSourceOpeningStatus completed: 1
05-09 21:44:45.868   788 16101 V msm8974_platform: platform_get_backend_index:napb: backend port - 5 device - 120 
05-09 21:44:45.868   788 16101 V msm8974_platform: platform_set_backend_cfg:becf: afe: bitwidth 0, samplerate 0 channels 1, backend_idx 5 device (voice-rec-mic)
05-09 21:44:45.868   788 16101 E msm8974_platform: platform_set_backend_cfg:becf: afe: Could not get ctl for mixer command - SLIM_0_TX Format
05-09 21:44:45.868   788 16101 V msm8974_platform: platform_send_audio_calibration: sending audio calibration for snd_device(120) acdb_id(62)
05-09 21:44:45.868   788 16101 D ACDB-LOADER: ACDB -> send_audio_cal, acdb_id = 62, path = 1, app id = 0x11130, sample rate = 48000
05-09 21:44:45.869   788 16101 D ACDB-LOADER: ACDB -> send_asm_topology
05-09 21:44:45.869   788 16101 D ACDB-LOADER: ACDB -> ACDB_CMD_GET_AUDPROC_STREAM_TOPOLOGY_ID
05-09 21:44:45.869   788 16101 D ACDB-LOADER: ACDB -> send_adm_topology
05-09 21:44:45.869   788 16101 D ACDB-LOADER: ACDB -> ACDB_CMD_GET_AUDPROC_COMMON_TOPOLOGY_ID
05-09 21:44:45.869   788 16101 D ACDB-LOADER: ACDB -> send_audtable
05-09 21:44:45.869   788 16101 D ACDB-LOADER: ACDB -> ACDB_CMD_GET_AUDPROC_COMMON_TABLE_SIZE
05-09 21:44:45.869   788 16101 D ACDB-LOADER: ACDB -> ACDB_CMD_GET_AUDPROC_COMMON_TABLE
05-09 21:44:45.869   788 16101 D ACDB-LOADER: ACDB -> AUDIO_SET_AUDPROC_CAL
05-09 21:44:45.869   788 16101 D ACDB-LOADER: ACDB -> send_audvoltable
05-09 21:44:45.869   788 16101 D ACDB-LOADER: ACDB -> ACDB_CMD_GET_AUDPROC_VOL_STEP_TABLE_SIZE
05-09 21:44:45.869   788 16101 D ACDB-LOADER: ACDB -> ACDB_CMD_GET_AUDPROC_GAIN_DEP_STEP_TABLE, vol index 0
05-09 21:44:45.869   788 16101 D         : Failed to fetch the lookup information of the device 0000003E 
05-09 21:44:45.869   788 16101 D ACDB-LOADER: ACDB -> AUDIO_SET_VOL_CAL cal type = 12
05-09 21:44:45.870   788 16101 D ACDB-LOADER: ACDB -> ACDB_CMD_GET_AUDPROC_STREAM_TABLE_SIZE
05-09 21:44:45.870   788 16101 D ACDB-LOADER: ACDB -> send_audstrmtable
05-09 21:44:45.870   788 16101 D ACDB-LOADER: ACDB -> ACDB_CMD_GET_AUDPROC_STREAM_TABLE_V2
05-09 21:44:45.870   788 16101 D ACDB-LOADER: ACDB -> audstrm_cal->cal_type.cal_data.cal_size = 456
05-09 21:44:45.871   788 16101 D ACDB-LOADER: ACDB -> send_afe_topology
05-09 21:44:45.871   788 16101 D ACDB-LOADER: ACDB -> ACDB_CMD_GET_AFE_TOPOLOGY_ID
05-09 21:44:45.871   788 16101 D ACDB-LOADER: ACDB -> GET_AFE_TOPOLOGY_ID for adcd_id 62, Topology Id 112fb
05-09 21:44:45.871   788 16101 D ACDB-LOADER: ACDB -> send_afe_cal
05-09 21:44:45.871   788 16101 D ACDB-LOADER: ACDB -> ACDB_CMD_GET_AFE_COMMON_TABLE_SIZE
05-09 21:44:45.871   788 16101 D         : Failed to fetch the lookup information of the device 0000003E 
05-09 21:44:45.871   788 16101 E ACDB-LOADER: Error: ACDB_CMD_GET_AFE_COMMON_TABLE_SIZE Returned = -19
05-09 21:44:45.871   788 16101 D ACDB-LOADER: ACDB -> ACDB_CMD_GET_AFE_COMMON_TABLE
05-09 21:44:45.871   788 16101 D         : Failed to fetch the lookup information of the device 0000003E 
05-09 21:44:45.871   788 16101 D ACDB-LOADER: ACDB -> AUDIO_SET_AFE_CAL
05-09 21:44:45.871   788 16101 D ACDB-LOADER: ACDB -> send_hw_delay : acdb_id = 62 path = 1
05-09 21:44:45.871   788 16101 D ACDB-LOADER: ACDB -> ACDB_AVSYNC_INFO: ACDB_CMD_GET_DEVICE_PROPERTY
05-09 21:44:45.871   788 16101 D audio_hw_primary: enable_snd_device: snd_device(120: voice-rec-mic)
05-09 21:44:45.871   788 16101 D audio_route: Apply path: voice-rec-mic
05-09 21:44:45.876   788 16101 V msm8974_platform: platform_get_snd_device_backend_index: enter with device 120
05-09 21:44:45.876   788 16101 E msm8974_platform: platform_get_snd_device_backend_index: BE DAI Name Table is not present
05-09 21:44:45.876   788 16101 V msm8974_platform: platform_get_backend_index:napb: backend port - 5 device - 120 
05-09 21:44:45.876   788 16101 I audio_hw_utils: Set Audio Stream Capture 0 App Type Cfg: app_type 69936, acdb_dev_id 62, sample_rate 48000, snd_device_be_idx -14
05-09 21:44:45.877   788 16101 D audio_hw_primary: enable_audio_route: usecase(9) apply and update mixer path: audio-record
05-09 21:44:45.877   788 16101 D audio_route: Apply path: audio-record
05-09 21:44:46.134  1456  2918 D ConnectivityService: requestNetwork for uid/pid:11318/15913 NetworkRequest [ TRACK_DEFAULT id=45580, [ Capabilities: INTERNET&NOT_RESTRICTED&TRUSTED&NOT_VPN] ]
05-09 21:44:46.136  1456  2099 D Ethernet: got request NetworkRequest [ TRACK_DEFAULT id=45580, [ Capabilities: INTERNET&NOT_RESTRICTED&TRUSTED&NOT_VPN] ] with score 60
05-09 21:44:46.136  1456  2054 D WIFI_UT : got request NetworkRequest [ TRACK_DEFAULT id=45580, [ Capabilities: INTERNET&NOT_RESTRICTED&TRUSTED&NOT_VPN] ] with score 60
05-09 21:44:46.136  1456  2054 D WIFI    : got request NetworkRequest [ TRACK_DEFAULT id=45580, [ Capabilities: INTERNET&NOT_RESTRICTED&TRUSTED&NOT_VPN] ] with score 60
05-09 21:44:46.136  2398  2398 D PhoneSwitcherNetworkRequstListener: got request NetworkRequest [ TRACK_DEFAULT id=45580, [ Capabilities: INTERNET&NOT_RESTRICTED&TRUSTED&NOT_VPN] ] with score 60
05-09 21:44:46.144 15913 16105 I chatty  : uid=11318(org.mozilla.fennec_aurora) expire 5 lines
05-09 21:44:46.258  1456  7796 I OpenGLRenderer: Initialized EGL, version 1.4
05-09 21:44:46.258  1456  7796 D OpenGLRenderer: Swap behavior 2
05-09 21:44:46.322  2748  2917 W OpenGLRenderer: Incorrectly called buildLayer on View: ShortcutAndWidgetContainer, destroying layer...
05-09 21:44:46.338  1456  2067 D ConnectivityService: releasing NetworkRequest [ TRACK_DEFAULT id=45580, [ Capabilities: INTERNET&NOT_RESTRICTED&TRUSTED&NOT_VPN] ] (release request)
05-09 21:44:46.429 15913 15956 I chatty  : uid=11318(org.mozilla.fennec_aurora) expire 1 line
05-09 21:44:46.471   808   898 I SFPerfTracer:      triggers: (rate: 0:1) (0 sw vsyncs) (0 skipped) (38:7029668 vsyncs) (40:14241588)
05-09 21:44:46.477  1456  4802 D ConnectivityService: requestNetwork for uid/pid:11318/15913 NetworkRequest [ TRACK_DEFAULT id=45581, [ Capabilities: INTERNET&NOT_RESTRICTED&TRUSTED&NOT_VPN] ]
05-09 21:44:46.479  1456  2099 D Ethernet: got request NetworkRequest [ TRACK_DEFAULT id=45581, [ Capabilities: INTERNET&NOT_RESTRICTED&TRUSTED&NOT_VPN] ] with score 60
05-09 21:44:46.480  1456  2054 D WIFI_UT : got request NetworkRequest [ TRACK_DEFAULT id=45581, [ Capabilities: INTERNET&NOT_RESTRICTED&TRUSTED&NOT_VPN] ] with score 60
05-09 21:44:46.480  2398  2398 D PhoneSwitcherNetworkRequstListener: got request NetworkRequest [ TRACK_DEFAULT id=45581, [ Capabilities: INTERNET&NOT_RESTRICTED&TRUSTED&NOT_VPN] ] with score 60
05-09 21:44:46.480  1456  2054 D WIFI    : got request NetworkRequest [ TRACK_DEFAULT id=45581, [ Capabilities: INTERNET&NOT_RESTRICTED&TRUSTED&NOT_VPN] ] with score 60
05-09 21:44:46.515 15913 16107 I chatty  : uid=11318(org.mozilla.fennec_aurora) expire 9 lines
05-09 21:44:46.961 15913 15932 I chatty  : uid=11318(org.mozilla.fennec_aurora) expire 1 line
05-09 21:44:46.963  1456  2067 D ConnectivityService: releasing NetworkRequest [ TRACK_DEFAULT id=45581, [ Capabilities: INTERNET&NOT_RESTRICTED&TRUSTED&NOT_VPN] ] (release request)
05-09 21:44:50.890  1456  4802 I ActivityManager: Force stopping org.mozilla.fennec_aurora appid=11318 user=0: from pid 16110
05-09 21:44:50.890  1456  4802 I ActivityManager: Killing 15913:org.mozilla.fennec_aurora/u0a1318 (adj 700): stop org.mozilla.fennec_aurora
05-09 21:44:50.893  1456  1605 W zygote  : kill(-15913, 9) failed: No such process
05-09 21:44:50.894  1456  4802 W ActivityManager: Force removing ActivityRecord{adbc8c2 u0 org.mozilla.fennec_aurora/org.mozilla.fenix.HomeActivity t70600}: app died, no saved state
05-09 21:44:50.904  1456  4802 I ActivityManager: Killing 15991:org.mozilla.fennec_aurora:tab0/u0a1318 (adj 0): stop org.mozilla.fennec_aurora
05-09 21:44:50.907  1456  1605 W zygote  : kill(-15913, 9) failed: No such process
05-09 21:44:50.917  2398  2398 D CarrierSvcBindHelper: No carrier app for: 0
05-09 21:44:50.926  2398  2398 D CarrierSvcBindHelper: No carrier app for: 1
05-09 21:44:50.926  1456  1605 W zygote  : kill(-15913, 9) failed: No such process
05-09 21:44:50.957  1456  1605 I chatty  : uid=1000(system) ActivityManager identical 2 lines
05-09 21:44:50.965  1456  1673 W ActivityManager: setHasOverlayUi called on unknown pid: 15913
05-09 21:44:50.972  1456  1605 W zygote  : kill(-15913, 9) failed: No such process
05-09 21:44:50.972  1456  1605 I zygote  : Successfully killed process cgroup uid 11318 pid 15913 in 79ms
05-09 21:44:50.973  1456  1605 W zygote  : kill(-15991, 9) failed: No such process
05-09 21:44:50.973  1456  1605 I zygote  : Successfully killed process cgroup uid 11318 pid 15991 in 0ms
05-09 21:44:51.015  1456 10962 I ActivityManager: START u0 {act=android.intent.action.MAIN cat=[android.intent.category.LAUNCHER] flg=0x10000000 cmp=org.mozilla.fennec_aurora/.App} from uid 2000
05-09 21:44:51.015   794   839 E ANDR-PERF-RESOURCEQS: Failed to apply optimization [4, 0]
05-09 21:44:51.035   808   808 I SFPerfTracer:      triggers: (rate: 88:2046372) (compose: 0:7) (post: 0:19) (render: 0:17) (0:11106302 frames) (1:14121467)
05-09 21:44:51.035   808   808 D SFPerfTracer:        layers: (4:12) (NavigationBar#0 (0xb07df000): 0:1090371) (StatusBar#0 (0xb07e3000): 0:2559679) (com.android.systemui.ImageWallpaper#0 (0xb07e7000): 0:101885) (Sprite#0 (0xb0733000): 0:317)* (DimLayerController/Stack=0#0 (0xb075a000): 0:3866)* (Sprite#1 (0xb077c000): 0:195)* (com.android.launcher3/com.android.launcher3.CustomizationPanelLauncher#0 (0xb0763000): 0:40)- (com.android.launcher3/com.android.launcher3.CustomizationPanelLauncher#1 (0xb0771000): 0:11)- (Splash Screen org.mozilla.fennec_aurora#1 (0xafd20000): 0:30)- (org.mozilla.fennec_aurora/org.mozilla.fenix.HomeActivity#0 (0xb039b000): 0:55)- (com.android.launcher3/com.android.launcher3.CustomizationPanelLauncher#0 (0xb0763000): 1:37)* (com.android.launcher3/com.android.launcher3.CustomizationPanelLauncher#1 (0xb0771000): 1:8) 
05-09 21:44:51.037  1456  2196 I ActivityManager: Start proc 16117:org.mozilla.fennec_aurora/u0a1318 for activity org.mozilla.fennec_aurora/.App
05-09 21:44:51.125 21279 21329 I MicroDetectionState: Should stop hotword detection immediately - false
05-09 21:44:51.126 21279 21329 I MicroDetector: Keeping mic open: false
05-09 21:44:51.126 21279 28082 E DeviceStateChecker: DeviceStateChecker cancelled
05-09 21:44:51.126 21279 21329 I MicroDetector: #shutdownAudioWithAudioLibrary
05-09 21:44:51.126 21279 21328 I MicroRecognitionRunner: Stopping hotword detection.
05-09 21:44:51.127 21279 12961 I MicroRecognitionRunner: Detection finished
05-09 21:44:51.188   788   788 D audio_hw_primary: disable_audio_route: usecase(9) reset and update mixer path: audio-record
05-09 21:44:51.189   788   788 D audio_hw_primary: disable_snd_device: snd_device(120: voice-rec-mic)
05-09 21:44:51.190  1012  8317 D APM_AudioPolicyManager: stopInput() input 340798, session 340913
05-09 21:44:51.191   788  1401 D audio_hw_primary: in_set_parameters: enter: kvpairs=routing=0
05-09 21:44:51.194 21279 21329 I HotwordLSAdapter: stopListeningStatus result: 1
05-09 21:44:51.221 16117 16117 I chatty  : uid=11318(org.mozilla.fennec_aurora) expire 18 lines
05-09 21:44:51.291 16117 16135 I chatty  : uid=11318(org.mozilla.fennec_aurora) expire 4 lines
05-09 21:44:51.318 16117 16143 I chatty  : uid=11318(org.mozilla.fennec_aurora) expire 11 lines
05-09 21:44:51.335 16117 16142 I chatty  : uid=11318(org.mozilla.fennec_aurora) expire 10 lines
05-09 21:44:51.344 16117 16146 I chatty  : uid=11318(org.mozilla.fennec_aurora) expire 12 lines
05-09 21:44:51.416 16117 16153 I chatty  : uid=11318(org.mozilla.fennec_aurora) expire 6 lines
05-09 21:44:51.426 16117 16117 I chatty  : uid=11318(org.mozilla.fennec_aurora) expire 38 lines
05-09 21:44:51.443 16117 16142 I chatty  : uid=11318(org.mozilla.fennec_aurora) expire 13 lines
05-09 21:44:51.450 16117 16143 I chatty  : uid=11318(org.mozilla.fennec_aurora) expire 2 lines
05-09 21:44:51.480  1456 10736 I ActivityManager: START u0 {act=android.intent.action.MAIN cat=[android.intent.category.LAUNCHER] flg=0x10000000 cmp=org.mozilla.fennec_aurora/org.mozilla.fenix.HomeActivity (has extras)} from uid 11318
05-09 21:44:51.489 16117 16146 I chatty  : uid=11318(org.mozilla.fennec_aurora) expire 7 lines
05-09 21:44:51.500 16117 16168 I chatty  : uid=11318(org.mozilla.fennec_aurora) expire 2 lines
05-09 21:44:51.505   808   808 D SurfaceFlinger: duplicate layer name: changing Splash Screen org.mozilla.fennec_aurora to Splash Screen org.mozilla.fennec_aurora#1
05-09 21:44:51.560 16117 16122 I chatty  : uid=11318(org.mozilla.fennec_aurora) expire 8 lines
05-09 21:44:51.583  1456 10736 I ActivityManager: Start proc 16192:org.mozilla.fennec_aurora:tab0/u0a1318 for service org.mozilla.fennec_aurora/org.mozilla.gecko.process.GeckoChildProcessServices$tab0
05-09 21:44:51.586 16117 16179 I chatty  : uid=11318(org.mozilla.fennec_aurora) expire 1 line
05-09 21:44:51.742 16192 16192 I chatty  : uid=11318(org.mozilla.fennec_aurora) expire 2 lines
05-09 21:44:51.742 16192 16211 I chatty  : uid=11318(org.mozilla.fennec_aurora) expire 1 line
05-09 21:44:51.906 16117 16218 I chatty  : uid=11318(org.mozilla.fennec_aurora) expire 10 lines
05-09 21:44:51.913 13082 13097 E AuthStateProvider: Calling package disagreement. Legacy: org.mozilla.fennec.sharedID:11318, new API: org.mozilla.fennec_aurora
05-09 21:44:51.913 13082 13097 D AuthStateProvider: Caller must be whitelisted.
05-09 21:44:51.914 16117 16117 E ActivityThread: Failed to find provider info for org.mozilla.fennec_aurora.fxa.auth
05-09 21:44:51.995 16117 16228 I chatty  : uid=11318(org.mozilla.fennec_aurora) expire 9 lines
05-09 21:44:51.996  1456  1466 I zygote  : Background concurrent copying GC freed 49218(2MB) AllocSpace objects, 24(864KB) LOS objects, 36% free, 41MB/65MB, paused 203us total 388.137ms
05-09 21:44:52.009  1456 10736 D ConnectivityService: requestNetwork for uid/pid:11318/16117 NetworkRequest [ TRACK_DEFAULT id=45582, [ Capabilities: INTERNET&NOT_RESTRICTED&TRUSTED&NOT_VPN] ]
05-09 21:44:52.011  1456  2099 D Ethernet: got request NetworkRequest [ TRACK_DEFAULT id=45582, [ Capabilities: INTERNET&NOT_RESTRICTED&TRUSTED&NOT_VPN] ] with score 60
05-09 21:44:52.011  1456  2054 D WIFI_UT : got request NetworkRequest [ TRACK_DEFAULT id=45582, [ Capabilities: INTERNET&NOT_RESTRICTED&TRUSTED&NOT_VPN] ] with score 60
05-09 21:44:52.011  2398  2398 D PhoneSwitcherNetworkRequstListener: got request NetworkRequest [ TRACK_DEFAULT id=45582, [ Capabilities: INTERNET&NOT_RESTRICTED&TRUSTED&NOT_VPN] ] with score 60
05-09 21:44:52.011  1456  2054 D WIFI    : got request NetworkRequest [ TRACK_DEFAULT id=45582, [ Capabilities: INTERNET&NOT_RESTRICTED&TRUSTED&NOT_VPN] ] with score 60
05-09 21:44:52.056  1456 10962 I WifiService: getDhcpInfo uid=11318
05-09 21:44:52.175 16117 16234 I chatty  : uid=11318(org.mozilla.fennec_aurora) expire 5 lines
05-09 21:44:52.212  1456  1673 I LaunchCheckinHandler: Displayed org.mozilla.fennec_aurora/org.mozilla.fenix.HomeActivity,wp,ca,668
05-09 21:44:52.213  1456  1673 I ActivityManager: Displayed org.mozilla.fennec_aurora/org.mozilla.fenix.HomeActivity: +663ms (total +1s184ms)
05-09 21:44:52.230 21279 21279 I MemoryTrimmer: Trimming objects from memory, since app is in the background.
05-09 21:44:52.239 21279 21279 I MemoryTrimmer: Trimming objects from memory, since app is in the background.
05-09 21:44:52.243 21279 13144 I PBSessionCacheImpl: Deleted sessionId[93587620603324669] from persistence.
05-09 21:44:52.246  1456  2196 I WifiService: getWifiEnabledState uid=10073
05-09 21:44:52.252 21279 21329 W SearchServiceCore: Abort, client detached.
05-09 21:44:52.287 13082 13097 E AuthStateProvider: Calling package disagreement. Legacy: org.mozilla.fennec.sharedID:11318, new API: org.mozilla.fennec_aurora
05-09 21:44:52.287 13082 13097 D AuthStateProvider: Caller must be whitelisted.
05-09 21:44:52.288 16117 16117 E ActivityThread: Failed to find provider info for org.mozilla.fennec_aurora.fxa.auth
05-09 21:44:52.986 16117 16137 I chatty  : uid=11318(org.mozilla.fennec_aurora) expire 1 line
05-09 21:44:52.991  1456  2067 D ConnectivityService: releasing NetworkRequest [ TRACK_DEFAULT id=45582, [ Capabilities: INTERNET&NOT_RESTRICTED&TRUSTED&NOT_VPN] ] (release request)
05-09 21:44:53.047 16117 16263 I chatty  : uid=11318(org.mozilla.fennec_aurora) expire 1 line
05-09 21:44:53.858 16117 16161 I chatty  : uid=11318(org.mozilla.fennec_aurora) expire 26 lines
05-09 21:44:53.930 16117 16217 I chatty  : uid=11318(org.mozilla.fennec_aurora) expire 2 lines
05-09 21:44:56.678 16290 16290 D AndroidRuntime: >>>>>> START com.android.internal.os.RuntimeInit uid 2000 <<<<<<
05-09 21:44:56.691 16290 16290 W app_process: Could not reserve sentinel fault page
05-09 21:44:56.767 14063 14063 I Finsky  : [2] JobSchedulerEngine$PhoneskyJobSchedulerJobService.onStartJob(3): SCH: onJobSchedulerWakeup with jobId 9008
05-09 21:44:56.771 14063 14063 I Finsky  : [2] vab.a(19): Scheduling fallback job with id: 9034, and delay: 43200000 ms
05-09 21:44:56.775 14063 14063 I Finsky  : [2] vab.a(9): Scheduling fallback in 64799997 (absolute: 21668002845)
