06-13 23:52:05.663 30677 30699 W ResourceType: Too many attribute references, stopped at: 0x01010099
06-13 23:52:05.706 30596 30627 D GeckoScreenOrientation: unlocking
06-13 23:52:05.761 30677 30677 D GeckoNetworkManager: Incoming event enableNotifications for state OffNoListeners -> OffWithListeners
06-13 23:52:05.764 30677 30677 D GeckoNetworkManager: New network state: UP, WIFI, WIFI
06-13 23:52:06.020 30596 30596 D GeckoSession: handleMessage GeckoView:PageStart uri=about:blank
06-13 23:52:06.034 30596 30627 D GeckoScreenOrientation: unlocking
06-13 23:52:06.057 30596 30596 D GeckoSession: handleMessage GeckoView:LocationChange uri=about:blank
06-13 23:52:06.066 30596 30596 D GeckoSession: handleMessage GeckoView:PageStop uri=null
06-13 23:52:06.077 30596 30596 I SessionStorage/AutoSave: Save: Load finished
06-13 23:52:06.079 30596 30654 D SessionStorage/AutoSave: Delaying save (226ms)
06-13 23:52:06.085 30596 30596 I zygote  : Deoptimizing void kotlin.sequences.FilteringSequence$iterator$1.calcNext() due to JIT inline cache
06-13 23:52:06.095 30596 30596 D GeckoSession: handleMessage GeckoView:ProgressChanged uri=null
06-13 23:52:06.105 30596 30596 D GeckoSession: handleMessage GeckoView:PageStart uri=https://example.com/
06-13 23:52:06.136 30596 30596 D GeckoSession: handleMessage GeckoView:ProgressChanged uri=null
06-13 23:52:06.147 30596 30596 D GeckoSession: handleMessage GeckoView:PageStop uri=null
06-13 23:52:06.147 30596 30596 I SessionStorage/AutoSave: Save: Load finished
06-13 23:52:06.147 30596 30596 D SessionStorage/AutoSave: Skipping save, other job already in flight
06-13 23:52:06.163 30596 30596 I zygote  : Deoptimizing void kotlin.coroutines.jvm.internal.ContinuationImpl.<init>(kotlin.coroutines.Continuation) due to JIT inline cache
06-13 23:52:06.171 30596 30596 D GeckoSession: handleMessage GeckoView:SecurityChanged uri=null
06-13 23:52:06.174 30596 30596 D GeckoSession: handleMessage GeckoView:ProgressChanged uri=null
06-13 23:52:06.186 30596 30596 D GeckoSession: handleMessage GeckoView:PageStart uri=https://example.com/
06-13 23:52:06.207 30596 30627 W GeckoEventDispatcher: No listener for GeckoView:PageAction:Update
06-13 23:52:06.250 30596 30596 D WebExtension: handleMessage GeckoView:PageAction:Update
06-13 23:52:06.251 30596 30596 D GeckoSession: handleMessage GeckoView:LocationChange uri=https://example.com/
06-13 23:52:06.260 30596 30596 I zygote  : Deoptimizing java.lang.Object kotlin.coroutines.CoroutineContext$plus$1.invoke(java.lang.Object, java.lang.Object) due to JIT inline cache
06-13 23:52:06.261 30596 30654 I zygote  : Deoptimizing void kotlinx.coroutines.DispatchedTask.run() due to JIT inline cache
06-13 23:52:06.265 30596 30654 D places_ffi: bookmarks_get_all_with_url
06-13 23:52:06.290 30596 30596 D GeckoSession: handleMessage GeckoView:SecurityChanged uri=null
06-13 23:52:06.303 30596 30596 D App     : Installed browser-icons extension
06-13 23:52:06.303 30596 30596 I zygote  : Deoptimizing java.lang.Object kotlin.coroutines.CombinedContext.fold(java.lang.Object, kotlin.jvm.functions.Function2) due to JIT inline cache
06-13 23:52:06.306 30596 30596 D mozac-webextensions: Installed extension: mozacWebchannel
06-13 23:52:06.312 30596 30654 D SessionStorage/AutoSave: Saved state to disk [5ms]
06-13 23:52:06.383 30596 30596 I zygote  : Deoptimizing java.lang.Object mozilla.components.support.ktx.kotlinx.coroutines.flow.FlowKt$filterChanged$1.invokeSuspend(java.lang.Object) due to JIT inline cache
06-13 23:52:06.448 30596 30654 D places_ffi: places_note_observation
06-13 23:52:06.462 30596 30596 D GeckoSession: handleMessage GeckoView:ProgressChanged uri=null
06-13 23:52:06.464 30596 30654 D sql_support::conn_ext: Transaction commited after 14.59547ms
06-13 23:52:06.474 30596 30596 D GeckoSession: handleMessage GeckoView:ProgressChanged uri=null
06-13 23:52:06.487 30596 30596 D GeckoSession: handleMessage GeckoView:PageStop uri=null
06-13 23:52:06.487 30596 30596 I SessionStorage/AutoSave: Save: Load finished
06-13 23:52:06.488 30596 30654 D SessionStorage/AutoSave: Delaying save (1590ms)
06-13 23:52:06.548 30596 30596 D WebExtension: handleMessage GeckoView:WebExtension:Message
06-13 23:52:06.568 30596 30596 D WebExtension: handleMessage GeckoView:WebExtension:Connect
06-13 23:52:06.569 30596 30823 I zygote  : Deoptimizing void kotlinx.coroutines.DispatchedTask.run() due to JIT inline cache
06-13 23:52:06.606 30596 30823 D BrowserIcons: Loaded icon (source = GENERATOR): https://example.com/
06-13 23:52:06.606 30596 30823 I zygote  : Deoptimizing void kotlin.coroutines.jvm.internal.BaseContinuationImpl.resumeWith(java.lang.Object) due to JIT inline cache
06-13 23:52:06.622 30596 30601 I zygote  : Do full code cache collection, code=251KB, data=157KB
06-13 23:52:06.625 30596 30601 I zygote  : After code cache collection, code=138KB, data=79KB
06-13 23:52:06.703 30596 30654 D places_ffi: places_get_visited
06-13 23:52:06.731 30596 30825 D ThumbnailStorage: Saved thumbnail to disk (sessionIdOrUrl = 067b886d-5caf-427e-8580-1553bb592d6b, generationId = 58)
06-13 23:52:06.819 30596 30596 D mozac-webextensions: Installed extension: mozacReaderview
06-13 23:52:06.841 30596 30596 D mozac-webcompat-reporter: Installed WebCompat Reporter webextension: webcompat-reporter@mozilla.org
06-13 23:52:06.852 30596 30596 D mozac-webcompat: Installed WebCompat webextension: webcompat@mozilla.com
06-13 23:52:07.213 30596 30596 D GeckoSession: handleMessage GeckoView:StateUpdated uri=null
06-13 23:52:07.214 30596 30596 W GeckoSession: No history entries found.
06-13 23:52:07.285 30596 30623 I zygote  : Deoptimizing kotlinx.coroutines.internal.LockFreeLinkedListNode kotlinx.coroutines.internal.LockFreeLinkedListNode.correctPrev(kotlinx.coroutines.internal.OpDescriptor) due to JIT same target
06-13 23:52:07.288 30596 30596 I zygote  : Deoptimizing java.lang.Object kotlinx.coroutines.JobSupport.tryMakeCompleting(java.lang.Object, java.lang.Object) due to JIT same target
06-13 23:52:07.292 30596 30596 I DefaultSupportedAddonsChecker: Register check for new supported add-ons
06-13 23:52:07.349 30596 30654 I SupportedAddonsWorker: Trying to check for new supported add-ons
06-13 23:52:07.457 30596 30596 I zygote  : Deoptimizing void kotlinx.coroutines.DispatchedTask.run() due to JIT inline cache
06-13 23:52:07.458 30596 30596 I zygote  : Deoptimizing void kotlin.coroutines.jvm.internal.BaseContinuationImpl.resumeWith(java.lang.Object) due to JIT inline cache
06-13 23:52:07.461 30596 30619 I WM-WorkerWrapper: Worker result SUCCESS for Work [ id=7580cb7a-3d72-45cb-b9c6-07c3957087f2, tags={ mozilla.components.feature.addons.migration.DefaultSupportedAddonsChecker.periodicWork, mozilla.components.feature.addons.migration.SupportedAddonsWorker } ]
06-13 23:52:08.087 30596 30654 D SessionStorage/AutoSave: Saved state to disk [8ms]
06-13 23:52:08.392  1456  1893 D BatteryService: uevent={POWER_SUPPLY_VOLTAGE_NOW=4376652, POWER_SUPPLY_CHARGE_RATE=Normal, POWER_SUPPLY_HEALTH=Good, POWER_SUPPLY_CURRENT_NOW=-155333, POWER_SUPPLY_PRESENT=1, SUBSYSTEM=power_supply, POWER_SUPPLY_TEMP=285, SEQNUM=582543, ACTION=change, POWER_SUPPLY_NAME=battery, POWER_SUPPLY_STATUS=Charging, POWER_SUPPLY_CHARGE_COUNTER=2776928, POWER_SUPPLY_CAPACITY=100, DEVPATH=/devices/soc/qpnp-smbcharger-17/power_supply/battery}
06-13 23:52:08.400  2398  2398 D QtiCarrierConfigHelper: WARNING, no carrier configs on phone Id: 0
06-13 23:52:09.281 30826 30826 D AndroidRuntime: >>>>>> START com.android.internal.os.RuntimeInit uid 2000 <<<<<<
06-13 23:52:09.294 30826 30826 W app_process: Could not reserve sentinel fault page
06-13 23:52:09.459 30826 30826 I app_process: The ClassLoaderContext is a special shared library.
06-13 23:52:09.532 30826 30826 D AndroidRuntime: Calling main entry com.android.commands.input.Input
06-13 23:52:09.534 30826 30826 I Input   : injectKeyEvent: KeyEvent { action=ACTION_DOWN, keyCode=KEYCODE_HOME, scanCode=0, metaState=0, flags=0x0, repeatCount=0, eventTime=24179406144, downTime=24179406144, deviceId=-1, source=0x101 }
06-13 23:52:09.545 30826 30826 I Input   : injectKeyEvent: KeyEvent { action=ACTION_UP, keyCode=KEYCODE_HOME, scanCode=0, metaState=0, flags=0x0, repeatCount=0, eventTime=24179406144, downTime=24179406144, deviceId=-1, source=0x101 }
06-13 23:52:09.552  1456  1941 I ActivityManager: START u0 {act=android.intent.action.MAIN cat=[android.intent.category.HOME] flg=0x10200000 cmp=com.android.launcher3/.CustomizationPanelLauncher (has extras)} from uid 1000
06-13 23:52:09.553   794   839 E ANDR-PERF-RESOURCEQS: Failed to apply optimization [4, 0]
06-13 23:52:09.559 30826 30826 D AndroidRuntime: Shutting down VM
06-13 23:52:09.571  1456  4679 I ActivityManager: moveHomeStack, setupComplete:true
06-13 23:52:09.579 31511 31562 I OpenGLRenderer: Initialized EGL, version 1.4
06-13 23:52:09.579 31511 31562 D OpenGLRenderer: Swap behavior 2
06-13 23:52:09.596  2748  2748 D Launcher.Utilities: Wakeup weather: Intent { act=com.motorola.launcher3.action.WAKEUP_WEATHER cmp=com.motorola.timeweatherwidget/com.motorola.commandcenter.weather.WakeUpService }
06-13 23:52:09.605   808   808 D SurfaceFlinger: duplicate layer name: changing com.android.launcher3/com.android.launcher3.CustomizationPanelLauncher to com.android.launcher3/com.android.launcher3.CustomizationPanelLauncher#1
06-13 23:52:09.608  1456  1456 I NotificationService: Cannot find enqueued record for key: 0|com.motorola.timeweatherwidget|1|null|10116
06-13 23:52:09.625 31511 31549 W ThreadPoolDumper: Queue length for executor EventBus is now 11. Perhaps some tasks are too long, or the pool is too small.
06-13 23:52:09.628  1456  4679 I WifiService: getWifiEnabledState uid=10073
06-13 23:52:09.633  1456 10736 I WifiService: getWifiEnabledState uid=10073
06-13 23:52:09.649  1456  2050 D SntpClient: request time failed: java.net.SocketTimeoutException: Poll timed out
06-13 23:52:09.700  1456  1673 I LaunchCheckinHandler: Displayed com.android.launcher3/.CustomizationPanelLauncher,wp,wa,148
06-13 23:52:09.703 30596 30665 D ServiceAllocator: org.mozilla.gecko.process.GeckoChildProcessServices$tab0 updateBindings: IDLE priority, 6 importance, 0 successful binds, 0 failed binds, 2 successful unbinds
06-13 23:52:09.713 31511 31511 I BgTaskExecutorImpl: Starting EXCLUSIVE background task TNG_MINUS_ONE_SYNC.
06-13 23:52:09.714 31511 31564 I MicroDetectionState: Should stop hotword detection immediately - false
06-13 23:52:09.715 31511 31551 E MDD     : DownloadProgressMonitor: Can't find file group for uri: android://com.google.android.googlequicksearchbox/files/sharedminusonemodule/shared/SharedMinusOneData.pb.tmp
06-13 23:52:09.721 31511 31564 I MicroDetectionWorker: #startMicroDetector [speakerMode: 0]
06-13 23:52:09.725 31511 31564 I AudioController: Created new AudioSource
06-13 23:52:09.729 31511 31564 I TngMinusOneSync: Syncing TNG:-1
06-13 23:52:09.729 31511 31555 I MicroDataManager: isInitializing-false locale not changed-true model not changed-true
06-13 23:52:09.730 31511 31555 I MicroDataManager: Already initialized, obtaining the hotword data immediately.
06-13 23:52:09.735 31511 29886 I MicroRecognitionRunner: Starting detection.
06-13 23:52:09.736 31511 29886 I InputStreamUtils: Using micInputStream
06-13 23:52:09.736 31511  8034 I MicrophoneInputStream: mic_starting  SR : 16000 CC : 16 SO : 1999
06-13 23:52:09.742   788  1401 V msm8974_platform: platform_check_input_mask: enter check_input_mask source 6 mask 10
06-13 23:52:09.746  1012 30841 I AudioFlinger: AudioFlinger's thread 0xb2483f00 tid=30841 ready to run
06-13 23:52:09.756   788  1401 D audio_hw_primary: in_set_parameters: enter: kvpairs=input_source=6;routing=-2147483644
06-13 23:52:09.759  1012 26683 D APM_AudioPolicyManager: AudioPolicyManager::startInput() input 392486, session 392689, source = 1999
06-13 23:52:09.759 31511  8034 I MicrophoneInputStream: mic_started  SR : 16000 CC : 16 SO : 1999
06-13 23:52:09.761   788 30842 V msm8974_platform: platform_update_usecase_from_source: input source :6
06-13 23:52:09.762   788 30842 V msm8974_platform: platform_check_input_mask: enter check_input_mask source 6 mask 10
06-13 23:52:09.762   788 30842 V msm8974_platform: platform_get_input_snd_device: enter: out_device(0) in_device(0x4) channel_count (1) channel_mask (0x10)
06-13 23:52:09.762   788 30842 V msm8974_platform: platform_get_input_snd_device: exit: in_snd_device(voice-rec-mic)
06-13 23:52:09.762   788 30842 V msm8974_platform: platform_get_backend_index:napb: backend port - 5 device - 120 
06-13 23:52:09.762   788 30842 V msm8974_platform: platform_check_and_set_capture_backend_cfg:txbecf: afe: bitwidth 0, samplerate 0, channel 1, backend_idx 5 usecase = 9 device (voice-rec-mic)
06-13 23:52:09.762   788 30842 V msm8974_platform: platform_check_capture_backend_cfg:txbecf: afe: Codec selected backend: 5 current bit width: 0 and sample rate: 0, channels 1
06-13 23:52:09.762   788 30842 V msm8974_platform: platform_check_capture_backend_cfg:txbecf: afe: Codec selected backend: 5 updated bit width: 0 and sample rate: 0
06-13 23:52:09.762   788 30842 I msm8974_platform: platform_check_capture_backend_cfg:txbecf: afe: Codec backend needs to be updated. new bit width: 0 new sample rate: 0 new channel: 1
06-13 23:52:09.762   788 30842 V msm8974_platform: platform_get_backend_index:napb: backend port - 5 device - 120 
06-13 23:52:09.762   788 30842 V msm8974_platform: platform_set_backend_cfg:becf: afe: bitwidth 0, samplerate 0 channels 1, backend_idx 5 device (voice-rec-mic)
06-13 23:52:09.762 30596 30596 D GeckoSession: handleMessage GeckoView:StateUpdated uri=null
06-13 23:52:09.762   788 30842 E msm8974_platform: platform_set_backend_cfg:becf: afe: Could not get ctl for mixer command - SLIM_0_TX Format
06-13 23:52:09.762   788 30842 V msm8974_platform: platform_send_audio_calibration: sending audio calibration for snd_device(120) acdb_id(62)
06-13 23:52:09.762   788 30842 D ACDB-LOADER: ACDB -> send_audio_cal, acdb_id = 62, path = 1, app id = 0x11130, sample rate = 48000
06-13 23:52:09.763   788 30842 D ACDB-LOADER: ACDB -> send_asm_topology
06-13 23:52:09.763   788 30842 D ACDB-LOADER: ACDB -> ACDB_CMD_GET_AUDPROC_STREAM_TOPOLOGY_ID
06-13 23:52:09.763   788 30842 D ACDB-LOADER: ACDB -> send_adm_topology
06-13 23:52:09.763   788 30842 D ACDB-LOADER: ACDB -> ACDB_CMD_GET_AUDPROC_COMMON_TOPOLOGY_ID
06-13 23:52:09.763   788 30842 D ACDB-LOADER: ACDB -> send_audtable
06-13 23:52:09.763   788 30842 D ACDB-LOADER: ACDB -> ACDB_CMD_GET_AUDPROC_COMMON_TABLE_SIZE
06-13 23:52:09.763   788 30842 D ACDB-LOADER: ACDB -> ACDB_CMD_GET_AUDPROC_COMMON_TABLE
06-13 23:52:09.763   788 30842 D ACDB-LOADER: ACDB -> AUDIO_SET_AUDPROC_CAL
06-13 23:52:09.763   788 30842 D ACDB-LOADER: ACDB -> send_audvoltable
06-13 23:52:09.763   788 30842 D ACDB-LOADER: ACDB -> ACDB_CMD_GET_AUDPROC_VOL_STEP_TABLE_SIZE
06-13 23:52:09.763   788 30842 D ACDB-LOADER: ACDB -> ACDB_CMD_GET_AUDPROC_GAIN_DEP_STEP_TABLE, vol index 0
06-13 23:52:09.763   788 30842 D         : Failed to fetch the lookup information of the device 0000003E 
06-13 23:52:09.763   788 30842 D ACDB-LOADER: ACDB -> AUDIO_SET_VOL_CAL cal type = 12
06-13 23:52:09.763   788 30842 D ACDB-LOADER: ACDB -> ACDB_CMD_GET_AUDPROC_STREAM_TABLE_SIZE
06-13 23:52:09.763   788 30842 D ACDB-LOADER: ACDB -> send_audstrmtable
06-13 23:52:09.763   788 30842 D ACDB-LOADER: ACDB -> ACDB_CMD_GET_AUDPROC_STREAM_TABLE_V2
06-13 23:52:09.763   788 30842 D ACDB-LOADER: ACDB -> audstrm_cal->cal_type.cal_data.cal_size = 456
06-13 23:52:09.763   788 30842 D ACDB-LOADER: ACDB -> send_afe_topology
06-13 23:52:09.763   788 30842 D ACDB-LOADER: ACDB -> ACDB_CMD_GET_AFE_TOPOLOGY_ID
06-13 23:52:09.763   788 30842 D ACDB-LOADER: ACDB -> GET_AFE_TOPOLOGY_ID for adcd_id 62, Topology Id 112fb
06-13 23:52:09.763   788 30842 D ACDB-LOADER: ACDB -> send_afe_cal
06-13 23:52:09.763   788 30842 D ACDB-LOADER: ACDB -> ACDB_CMD_GET_AFE_COMMON_TABLE_SIZE
06-13 23:52:09.763   788 30842 D         : Failed to fetch the lookup information of the device 0000003E 
06-13 23:52:09.763   788 30842 E ACDB-LOADER: Error: ACDB_CMD_GET_AFE_COMMON_TABLE_SIZE Returned = -19
06-13 23:52:09.763   788 30842 D ACDB-LOADER: ACDB -> ACDB_CMD_GET_AFE_COMMON_TABLE
06-13 23:52:09.763   788 30842 D         : Failed to fetch the lookup information of the device 0000003E 
06-13 23:52:09.763   788 30842 D ACDB-LOADER: ACDB -> AUDIO_SET_AFE_CAL
06-13 23:52:09.763   788 30842 D ACDB-LOADER: ACDB -> send_hw_delay : acdb_id = 62 path = 1
06-13 23:52:09.763   788 30842 D ACDB-LOADER: ACDB -> ACDB_AVSYNC_INFO: ACDB_CMD_GET_DEVICE_PROPERTY
06-13 23:52:09.763   788 30842 D audio_hw_primary: enable_snd_device: snd_device(120: voice-rec-mic)
06-13 23:52:09.764   788 30842 D audio_route: Apply path: voice-rec-mic
06-13 23:52:09.766   788 30842 V msm8974_platform: platform_get_snd_device_backend_index: enter with device 120
06-13 23:52:09.767   788 30842 E msm8974_platform: platform_get_snd_device_backend_index: BE DAI Name Table is not present
06-13 23:52:09.767   788 30842 V msm8974_platform: platform_get_backend_index:napb: backend port - 5 device - 120 
06-13 23:52:09.767   788 30842 I audio_hw_utils: Set Audio Stream Capture 0 App Type Cfg: app_type 69936, acdb_dev_id 62, sample_rate 48000, snd_device_be_idx -14
06-13 23:52:09.767   788 30842 D audio_hw_primary: enable_audio_route: usecase(9) apply and update mixer path: audio-record
06-13 23:52:09.767   788 30842 D audio_route: Apply path: audio-record
06-13 23:52:09.837 31511 31564 I MicroDetectionWorker: onReady
06-13 23:52:09.907   808   808 I SFPerfTracer:      triggers: (rate: 101:2079314) (compose: 0:7) (post: 0:22) (render: 0:19) (11:11996138 frames) (12:15465929)
06-13 23:52:09.907   808   808 D SFPerfTracer:        layers: (6:14) (NavigationBar#0 (0xb07df000): 11:1240643) (StatusBar#0 (0xb07e3000): 9:2967014) (com.android.systemui.ImageWallpaper#0 (0xb07e7000): 1:114860) (Sprite#0 (0xb0733000): 0:317)* (DimLayerController/Stack=0#0 (0xb075a000): 0:4039)* (Sprite#1 (0xb077c000): 0:195)* (Sprite#2 (0xb039b000): 0:2)* (com.android.launcher3/com.android.launcher3.CustomizationPanelLauncher#0 (0xb0763000): 0:42)- (com.android.launcher3/com.android.launcher3.CustomizationPanelLauncher#1 (0xb0771000): 0:15)- (Splash Screen org.mozilla.fennec_aurora#0 (0xafd20000): 0:31)- (org.mozilla.fennec_aurora/org.mozilla.fenix.IntentReceiverActivity#0 (0xafdf0000): 0:2)- (org.mozilla.fennec_aurora/org.mozilla.fenix.HomeActivity#0 (0xafe08000): 12:48) (com.android.launcher3/com.android.launcher3.CustomizationPanelLauncher#0 (0xb0763000): 11:14)* (com.android.launcher3/com.android.launcher3.CustomizationPanelLauncher#1 (0xb0771000): 1:4) 
06-13 23:52:09.935 30596 30623 I libglean_ffi: glean_core::ping: Collecting startup-timeline
06-13 23:52:09.942 30596 30623 D libglean_ffi: glean_core::ping: Storing ping 'a433b9ac-6b06-42d3-8674-64399edec699' at '/data/user/0/org.mozilla.fennec_aurora/glean_data/pending_pings/a433b9ac-6b06-42d3-8674-64399edec699'
06-13 23:52:09.944 30596 30623 I libglean_ffi: glean_core: The ping 'startup-timeline' was submitted and will be sent as soon as possible
06-13 23:52:09.957 30596 30596 D SessionManager: onTrimMemory(80): clearThumbnails=true, closeEngineSessions=true
06-13 23:52:09.961 30596 30596 D SessionManager: Cleared 2 thumbnail(s) and unlinked 0 engine sessions(s)
06-13 23:52:09.971  1456  6339 D ConnectivityService: requestNetwork for uid/pid:11407/30596 NetworkRequest [ TRACK_DEFAULT id=66077, [ Capabilities: INTERNET&NOT_RESTRICTED&TRUSTED&NOT_VPN] ]
06-13 23:52:09.973  1456  2099 D Ethernet: got request NetworkRequest [ TRACK_DEFAULT id=66077, [ Capabilities: INTERNET&NOT_RESTRICTED&TRUSTED&NOT_VPN] ] with score 60
06-13 23:52:09.973  1456  2054 D WIFI_UT : got request NetworkRequest [ TRACK_DEFAULT id=66077, [ Capabilities: INTERNET&NOT_RESTRICTED&TRUSTED&NOT_VPN] ] with score 60
06-13 23:52:09.973  1456  2054 D WIFI    : got request NetworkRequest [ TRACK_DEFAULT id=66077, [ Capabilities: INTERNET&NOT_RESTRICTED&TRUSTED&NOT_VPN] ] with score 60
06-13 23:52:09.974  2398  2398 D PhoneSwitcherNetworkRequstListener: got request NetworkRequest [ TRACK_DEFAULT id=66077, [ Capabilities: INTERNET&NOT_RESTRICTED&TRUSTED&NOT_VPN] ] with score 60
06-13 23:52:09.986 30596 30843 I libglean_ffi: glean_core::upload: New upload task with id a433b9ac-6b06-42d3-8674-64399edec699 (path: /submit/org-mozilla-fennec-aurora/startup-timeline/1/a433b9ac-6b06-42d3-8674-64399edec699)
06-13 23:52:09.989 30596 30843 D glean/ConceptFetchHttpUploader: Submitting ping to: https://incoming.telemetry.mozilla.org/submit/org-mozilla-fennec-aurora/startup-timeline/1/a433b9ac-6b06-42d3-8674-64399edec699
06-13 23:52:10.040  1456  2048 D SntpClient: request time failed: java.net.SocketTimeoutException: Poll timed out
06-13 23:52:10.057 30596 30596 I glean/Glean: Registering pings for org.mozilla.fenix.GleanMetrics.Pings
06-13 23:52:10.107  1456  7796 I OpenGLRenderer: Initialized EGL, version 1.4
06-13 23:52:10.107  1456  7796 D OpenGLRenderer: Swap behavior 2
06-13 23:52:10.147  2748  2917 W OpenGLRenderer: Incorrectly called buildLayer on View: ShortcutAndWidgetContainer, destroying layer...
06-13 23:52:10.156 30596 30596 D App     : ActivationPing - already generated
06-13 23:52:10.160 30596 30654 I FenixApplication: Running post-visual completeness tasks...
06-13 23:52:10.161 30596 30596 I FenixApplication: Kicking-off account manager...
06-13 23:52:10.161 30596 30654 I FenixApplication: Storage initialization...
06-13 23:52:10.161 30596 30596 I FenixApplication: 'Kicking-off account manager' took 0 ms
06-13 23:52:10.161 30596 30654 I PlacesHistoryStorage: Warming up places storage...
06-13 23:52:10.161 30596 30654 I PlacesHistoryStorage: 'Warming up places storage' took 0 ms
06-13 23:52:10.162 30596 30654 I PlacesBookmarksStorage: Warming up places storage...
06-13 23:52:10.162 30596 30654 I PlacesBookmarksStorage: 'Warming up places storage' took 0 ms
06-13 23:52:10.165 30596 30843 I libglean_ffi: glean_core::upload: Ping a433b9ac-6b06-42d3-8674-64399edec699 successfully sent 200.
06-13 23:52:10.165 30596 30843 I libglean_ffi: glean_core::upload::directory: File was deleted /data/user/0/org.mozilla.fennec_aurora/glean_data/pending_pings/a433b9ac-6b06-42d3-8674-64399edec699
06-13 23:52:10.169 30596 30843 I libglean_ffi: glean_core::upload: No more pings to upload! You are done.
06-13 23:52:10.174 30596 30619 I WM-WorkerWrapper: Worker result SUCCESS for Work [ id=21a1eacf-2e6e-4b67-a795-0ef82031f57e, tags={ mozilla.telemetry.glean.scheduler.PingUploadWorker, mozac_service_glean_ping_upload_worker } ]
06-13 23:52:10.176  5625  5654 I PeriodicStatsRunner: PeriodicStatsRunner.call():180 call()
06-13 23:52:10.176  5625  5654 I PeriodicStatsRunner: PeriodicStatsRunner.call():184 No submit PeriodicStats since input started.
06-13 23:52:10.178  1456  2067 D ConnectivityService: releasing NetworkRequest [ TRACK_DEFAULT id=66077, [ Capabilities: INTERNET&NOT_RESTRICTED&TRUSTED&NOT_VPN] ] (release request)
06-13 23:52:10.197 30596 30654 I SyncableLoginsStorage: Warming up storage...
06-13 23:52:10.207 30596 30654 D RustNativeSupport: findMegazordLibraryName(logins, 60.0.0
06-13 23:52:10.208 30596 30654 D RustNativeSupport: lib in use: none
06-13 23:52:10.208 30596 30654 D RustNativeSupport: lib configured: megazord
06-13 23:52:10.208 30596 30654 D RustNativeSupport: lib version configured: 60.0.0
06-13 23:52:10.208 30596 30654 D RustNativeSupport: settled on megazord
06-13 23:52:10.210 30596 30654 D logins_ffi: sync15_passwords_state_new
06-13 23:52:10.257 30596 30596 D GeckoRuntime: Lifecycle: onPause
06-13 23:52:10.258 30596 30596 D GeckoNetworkManager: Incoming event stop for state OnWithListeners -> OffWithListeners
06-13 23:52:10.259 30596 30596 I SessionStorage/AutoSave: Save: Background
06-13 23:52:10.269 30596 30642 D SessionStorage/AutoSave: Saved state to disk [9ms]
06-13 23:52:10.270 30596 30623 I libglean_ffi: glean_core::ping: Collecting baseline
06-13 23:52:10.275 30596 30623 D libglean_ffi: glean_core::ping: Storing ping 'bc6b3e8d-269e-46eb-b694-28718ff02eb6' at '/data/user/0/org.mozilla.fennec_aurora/glean_data/pending_pings/bc6b3e8d-269e-46eb-b694-28718ff02eb6'
06-13 23:52:10.277 30596 30623 I libglean_ffi: glean_core: The ping 'baseline' was submitted and will be sent as soon as possible
06-13 23:52:10.278 30596 30623 I libglean_ffi: glean_core::ping: Collecting events
06-13 23:52:10.284 30596 30623 D libglean_ffi: glean_core::ping: Storing ping '5ae42d58-a57e-4777-b1e8-6e5a0f06340f' at '/data/user/0/org.mozilla.fennec_aurora/glean_data/pending_pings/5ae42d58-a57e-4777-b1e8-6e5a0f06340f'
06-13 23:52:10.286 30596 30623 I libglean_ffi: glean_core: The ping 'events' was submitted and will be sent as soon as possible
06-13 23:52:10.307  1456  2923 D ConnectivityService: requestNetwork for uid/pid:11407/30596 NetworkRequest [ TRACK_DEFAULT id=66078, [ Capabilities: INTERNET&NOT_RESTRICTED&TRUSTED&NOT_VPN] ]
06-13 23:52:10.308  1456  2054 D WIFI_UT : got request NetworkRequest [ TRACK_DEFAULT id=66078, [ Capabilities: INTERNET&NOT_RESTRICTED&TRUSTED&NOT_VPN] ] with score 60
06-13 23:52:10.308  1456  2099 D Ethernet: got request NetworkRequest [ TRACK_DEFAULT id=66078, [ Capabilities: INTERNET&NOT_RESTRICTED&TRUSTED&NOT_VPN] ] with score 60
06-13 23:52:10.309  1456  2054 D WIFI    : got request NetworkRequest [ TRACK_DEFAULT id=66078, [ Capabilities: INTERNET&NOT_RESTRICTED&TRUSTED&NOT_VPN] ] with score 60
06-13 23:52:10.309  2398  2398 D PhoneSwitcherNetworkRequstListener: got request NetworkRequest [ TRACK_DEFAULT id=66078, [ Capabilities: INTERNET&NOT_RESTRICTED&TRUSTED&NOT_VPN] ] with score 60
06-13 23:52:10.321 30596 30850 I libglean_ffi: glean_core::upload: New upload task with id bc6b3e8d-269e-46eb-b694-28718ff02eb6 (path: /submit/org-mozilla-fennec-aurora/baseline/1/bc6b3e8d-269e-46eb-b694-28718ff02eb6)
06-13 23:52:10.323 30596 30850 D glean/ConceptFetchHttpUploader: Submitting ping to: https://incoming.telemetry.mozilla.org/submit/org-mozilla-fennec-aurora/baseline/1/bc6b3e8d-269e-46eb-b694-28718ff02eb6
06-13 23:52:10.522  1456  1466 I zygote  : NativeAlloc concurrent copying GC freed 59218(3MB) AllocSpace objects, 20(780KB) LOS objects, 33% free, 46MB/70MB, paused 211us total 414.693ms
06-13 23:52:10.655 30596 30850 I libglean_ffi: glean_core::upload: Ping bc6b3e8d-269e-46eb-b694-28718ff02eb6 successfully sent 200.
06-13 23:52:10.655 30596 30850 I libglean_ffi: glean_core::upload::directory: File was deleted /data/user/0/org.mozilla.fennec_aurora/glean_data/pending_pings/bc6b3e8d-269e-46eb-b694-28718ff02eb6
06-13 23:52:10.659 30596 30850 I libglean_ffi: glean_core::upload: New upload task with id 5ae42d58-a57e-4777-b1e8-6e5a0f06340f (path: /submit/org-mozilla-fennec-aurora/events/1/5ae42d58-a57e-4777-b1e8-6e5a0f06340f)
06-13 23:52:10.661 30596 30850 D glean/ConceptFetchHttpUploader: Submitting ping to: https://incoming.telemetry.mozilla.org/submit/org-mozilla-fennec-aurora/events/1/5ae42d58-a57e-4777-b1e8-6e5a0f06340f
06-13 23:52:10.837 30596 30654 I SyncableLoginsStorage: 'Warming up storage' took 640 ms
06-13 23:52:10.838 30596 30654 I FenixApplication: 'Storage initialization' took 676 ms
06-13 23:52:10.841 30596 30850 I libglean_ffi: glean_core::upload: Ping 5ae42d58-a57e-4777-b1e8-6e5a0f06340f successfully sent 200.
06-13 23:52:10.841 30596 30850 I libglean_ffi: glean_core::upload::directory: File was deleted /data/user/0/org.mozilla.fennec_aurora/glean_data/pending_pings/5ae42d58-a57e-4777-b1e8-6e5a0f06340f
06-13 23:52:10.844 30596 30850 I libglean_ffi: glean_core::upload: No more pings to upload! You are done.
06-13 23:52:10.846 30596 30617 I WM-WorkerWrapper: Worker result SUCCESS for Work [ id=cda9cfb1-c58e-4b5a-96d0-317c6ae8a387, tags={ mozilla.telemetry.glean.scheduler.PingUploadWorker, mozac_service_glean_ping_upload_worker } ]
06-13 23:52:10.850  1456  2067 D ConnectivityService: releasing NetworkRequest [ TRACK_DEFAULT id=66078, [ Capabilities: INTERNET&NOT_RESTRICTED&TRUSTED&NOT_VPN] ] (release request)
06-13 23:52:14.633  5625  5654 I PeriodicStatsRunner: PeriodicStatsRunner.call():180 call()
06-13 23:52:14.633  5625  5654 I PeriodicStatsRunner: PeriodicStatsRunner.call():184 No submit PeriodicStats since input started.
06-13 23:52:14.718  1456  2923 I ActivityManager: Force stopping org.mozilla.fennec_aurora appid=11407 user=0: from pid 30857
06-13 23:52:14.719  1456  2923 I ActivityManager: Killing 30596:org.mozilla.fennec_aurora/u0a1407 (adj 700): stop org.mozilla.fennec_aurora
06-13 23:52:14.722  1456  1605 W zygote  : kill(-30596, 9) failed: No such process
06-13 23:52:14.723 30677 30677 I ServiceChildProcess: Service has been unbound. Stopping.
06-13 23:52:14.724  1456  2923 W ActivityManager: Force removing ActivityRecord{4687a6f u0 org.mozilla.fennec_aurora/org.mozilla.fenix.HomeActivity t83305}: app died, no saved state
06-13 23:52:14.733  1456  2923 I ActivityManager: Killing 30677:org.mozilla.fennec_aurora:tab0/u0a1407 (adj 0): stop org.mozilla.fennec_aurora
06-13 23:52:14.738  1456  1605 W zygote  : kill(-30596, 9) failed: No such process
06-13 23:52:14.747  2398  2398 D CarrierSvcBindHelper: No carrier app for: 0
06-13 23:52:14.748  2398  2398 D CarrierSvcBindHelper: No carrier app for: 1
06-13 23:52:14.755  1456  1605 W zygote  : kill(-30596, 9) failed: No such process
06-13 23:52:14.811  1456  1673 W ActivityManager: setHasOverlayUi called on unknown pid: 30596
06-13 23:52:14.864  1456  1605 I chatty  : uid=1000(system) ActivityManager identical 7 lines
06-13 23:52:14.879  1456  1605 W zygote  : kill(-30596, 9) failed: No such process
06-13 23:52:14.879  1456  1605 I zygote  : Successfully killed process cgroup uid 11407 pid 30596 in 157ms
06-13 23:52:14.880  1456  1605 W zygote  : kill(-30677, 9) failed: No such process
06-13 23:52:14.880  1456  1605 I zygote  : Successfully killed process cgroup uid 11407 pid 30677 in 0ms
06-13 23:52:15.099  1456  2050 D SntpClient: request time failed: java.net.SocketTimeoutException: Poll timed out
06-13 23:52:15.512  1456  2054 I WifiConfigManager: No scan detail and linked configs associated with networkId 2
06-13 23:52:15.518  1456  2063 D WifiNative-wlan0: Scan issued for specific freq..
06-13 23:52:15.873  1456 10736 I ActivityManager: START u0 {act=android.intent.action.VIEW dat=https://example.com/... typ=text/html flg=0x10000000 cmp=org.mozilla.fennec_aurora/org.mozilla.fenix.IntentReceiverActivity} from uid 2000
06-13 23:52:15.874   794   839 E ANDR-PERF-RESOURCEQS: Failed to apply optimization [4, 0]
06-13 23:52:15.884   808   898 I SFPerfTracer:      triggers: (rate: 0:10) (0 sw vsyncs) (0 skipped) (0:7867892 vsyncs) (2:15608709)
06-13 23:52:15.892  1456  5050 I ActivityManager: Start proc 30868:org.mozilla.fennec_aurora/u0a1407 for activity org.mozilla.fennec_aurora/org.mozilla.fenix.IntentReceiverActivity
06-13 23:52:15.981 31511 31564 I MicroDetectionState: Should stop hotword detection immediately - false
06-13 23:52:15.982 31511 31564 I MicroDetector: Keeping mic open: false
06-13 23:52:15.982 31511 15213 E DeviceStateChecker: DeviceStateChecker cancelled
06-13 23:52:15.982 31511 31564 I RecognitionAudioControl: #shutdownAudio [requestId: 7346389653378539458, keepAudioOpen: false, forced: true]
06-13 23:52:15.982 31511 31564 I RecognitionAudioControl: #internalShutdownAudio [requestId: 7346389653378539458]
06-13 23:52:15.982 31511 31564 I RecognitionAudioControl: #internalShutdownAudio [keepAudioOpen: false, forced: true]
06-13 23:52:15.982 31511 31564 I RecognitionAudioControl: #actualShutdownAudio
06-13 23:52:15.982 31511 31564 I AudioController: #shutdown [requestId=7346389653378539458]
06-13 23:52:15.983 31511 31535 I AudioController: internalShutdown
06-13 23:52:15.983 31511 31555 I MicroRecognitionRunner: Stopping hotword detection.
06-13 23:52:15.995 30868 30868 D FirebaseApp: com.google.firebase.auth.FirebaseAuth is not linked. Skipping initialization.
06-13 23:52:15.996 30868 30868 D FirebaseApp: com.google.firebase.crash.FirebaseCrash is not linked. Skipping initialization.
06-13 23:52:15.996 30868 30868 I FirebaseInitProvider: FirebaseApp initialization successful
06-13 23:52:16.033 30868 30886 I FA      : Collection disabled with firebase_analytics_collection_enabled=0
06-13 23:52:16.033 30868 30886 I FA      : App measurement is starting up, version: 12780
06-13 23:52:16.033 30868 30886 I FA      : To enable debug logging run: adb shell setprop log.tag.FA VERBOSE
06-13 23:52:16.034 30868 30886 I FA      : To enable faster debug mode event logging run:
06-13 23:52:16.034 30868 30886 I FA      :   adb shell setprop debug.firebase.analytics.app org.mozilla.fennec_aurora
06-13 23:52:16.037   788  1401 D audio_hw_primary: disable_audio_route: usecase(9) reset and update mixer path: audio-record
06-13 23:52:16.038   788  1401 D audio_hw_primary: disable_snd_device: snd_device(120: voice-rec-mic)
06-13 23:52:16.040  1012 24886 D APM_AudioPolicyManager: stopInput() input 392486, session 392689
06-13 23:52:16.041   788  1401 D audio_hw_primary: in_set_parameters: enter: kvpairs=routing=0
06-13 23:52:16.043 31511 31535 I MicrophoneInputStream: mic_close  SR : 16000 CC : 16 SO : 1999
06-13 23:52:16.043 31511 31535 E AudioSource: Stop listening is called on already closed AudioSource
06-13 23:52:16.044 31511 31535 I AudioController: Sending AudioStatusChangedBroadcast to :interactor. audioSourceType: NOT_SET, isActive: false
06-13 23:52:16.045 31511 29886 I MicroRecognitionRunner: Detection finished
06-13 23:52:16.046 30868 30868 D FennecProfile: profiles.ini: true
06-13 23:52:16.051 30868 30868 D FennecProfile: Ignoring line in [general] section: StartWithLastProfile=1
06-13 23:52:16.051 30868 30868 D FennecProfile: Found 1 profiles
06-13 23:52:16.051 30868 30868 D FennecProfile: Found default profile: FennecProfile(name=default, path=/data/user/0/org.mozilla.fennec_aurora/files/mozilla/jdpwu47j.default, default=true)
06-13 23:52:16.074 30868 30868 D FennecMigrator: No migrations to run. Fennec install - false.
06-13 23:52:16.096 30868 30868 D FenixApplication: Initializing Glean (uploadEnabled=true, isFennec=true)
06-13 23:52:16.112 30868 30894 D RustNativeSupport: findMegazordLibraryName(viaduct, 60.0.0
06-13 23:52:16.112 30868 30894 D RustNativeSupport: lib in use: none
06-13 23:52:16.112 30868 30894 D RustNativeSupport: lib configured: megazord
06-13 23:52:16.112 30868 30894 D RustNativeSupport: lib version configured: 60.0.0
06-13 23:52:16.112 30868 30894 D RustNativeSupport: settled on megazord
06-13 23:52:16.132 30868 30893 D libglean_ffi: glean_ffi: Android logging should be hooked up!
06-13 23:52:16.135 30868 30893 I glean/Glean: Registering pings for mozilla.telemetry.glean.GleanMetrics.Pings
06-13 23:52:16.138 30868 30868 D GeckoThread: State changed to LAUNCHED
06-13 23:52:16.139 30868 30897 I GeckoThread: preparing to run Gecko
06-13 23:52:16.139 30868 30893 I libglean_ffi: glean_core: Creating new Glean v31.1.1
06-13 23:52:16.139 30868 30893 D libglean_ffi: glean_core::database: Database path: "/data/user/0/org.mozilla.fennec_aurora/glean_data/db"
06-13 23:52:16.140 30868 30894 D RustNativeSupport: findMegazordLibraryName(rustlog, 60.0.0
06-13 23:52:16.140 30868 30894 D RustNativeSupport: lib in use: none
06-13 23:52:16.140 30868 30893 I libglean_ffi: glean_core::database: Database initialized
06-13 23:52:16.140 30868 30894 D RustNativeSupport: lib configured: megazord
06-13 23:52:16.140 30868 30894 D RustNativeSupport: lib version configured: 60.0.0
06-13 23:52:16.140 30868 30894 D RustNativeSupport: settled on megazord
06-13 23:52:16.142 30868 30899 I libglean_ffi: glean_core::upload::directory: Processing persisted pings.
06-13 23:52:16.145 30868 30893 I libglean_ffi: glean_ffi: Glean initialized
06-13 23:52:16.147 30868 30868 D GeckoRuntime: Lifecycle: onCreate
06-13 23:52:16.148 30868 30897 D GeckoThread: State changed to MOZGLUE_READY
06-13 23:52:16.149 30868 30894 I rc_log_ffi::ios: rc_log adapter initialized!
06-13 23:52:16.160 30868 30897 W Settings: Setting animator_duration_scale has moved from android.provider.Settings.System to android.provider.Settings.Global, returning read-only global URI.
06-13 23:52:16.161 30868 30868 I zygote  : Deoptimizing java.lang.Object androidx.collection.SimpleArrayMap.put(java.lang.Object, java.lang.Object) due to JIT inline cache
06-13 23:52:16.163 30868 30897 E GeckoLibLoad: Load sqlite start
06-13 23:52:16.165 30868 30893 D glean/MetricsPingSched: The 'metrics' ping was last sent on Sat Jun 13 00:00:00 EDT 2020
06-13 23:52:16.166 30868 30893 I glean/MetricsPingSched: The 'metrics' ping was already sent today, Sat Jun 13 23:52:16 EDT 2020.
06-13 23:52:16.166 30868 30897 E GeckoLibLoad: Load sqlite done
06-13 23:52:16.167 30868 30897 E GeckoLibLoad: Load nss start
06-13 23:52:16.167 30868 30897 E GeckoLibLoad: Load nss done
06-13 23:52:16.167 30868 30893 D glean/MetricsPingSched: Scheduling the 'metrics' ping in 14863848ms
06-13 23:52:16.178 30868 30868 D GleanMetricsService: Enabling Glean.
06-13 23:52:16.186 30868 30897 E GeckoLibLoad: Loaded libs in 19.369846ms total, 13ms(36ms) user, 3ms(13ms) system, 0(0) faults
06-13 23:52:16.187 30868 30897 D GeckoThread: State changed to LIBS_READY
06-13 23:52:16.187 30868 30893 D libglean_ffi: glean_core: Clearing Lifetime::Application metrics
06-13 23:52:16.187 30868 30868 I glean/Dispatchers: Task queued for execution and delayed until flushed
06-13 23:52:16.191 30868 30897 W GeckoThread: zerdatime 24634842264 - runGecko
06-13 23:52:16.191 30868 30868 I AdjustMetricsService: No adjust token defined
06-13 23:52:16.193 30868 30897 D GeckoProfile: Loading profile at: null name: default
06-13 23:52:16.193 30868 30868 D PushConfig: Creating push configuration for autopush.
06-13 23:52:16.195 30868 30897 D GeckoProfile: Found profile dir: /data/user/0/org.mozilla.fennec_aurora/files/mozilla/jdpwu47j.default
06-13 23:52:16.202 30868 30868 I App     : AutoPushFeature is configured, initializing it...
06-13 23:52:16.203 30868 30905 D AutoPushFeature: Initializing native component with the cached token.
06-13 23:52:16.203 30868 30868 I AutoPushFeature: Checking validity of push subscriptions.
06-13 23:52:16.209 30868 30905 D RustNativeSupport: findMegazordLibraryName(push, 60.0.0
06-13 23:52:16.209 30868 30905 D RustNativeSupport: lib in use: none
06-13 23:52:16.209 30868 30905 D RustNativeSupport: lib configured: megazord
06-13 23:52:16.210 30868 30905 D RustNativeSupport: lib version configured: 60.0.0
06-13 23:52:16.210 30868 30905 D RustNativeSupport: settled on megazord
06-13 23:52:16.211 30868 30868 D FennecProfile: profiles.ini: true
06-13 23:52:16.217 30868 30868 D FennecProfile: Ignoring line in [general] section: StartWithLastProfile=1
06-13 23:52:16.218 30868 30868 D FennecProfile: Found 1 profiles
06-13 23:52:16.218 30868 30868 D FennecProfile: Found default profile: FennecProfile(name=default, path=/data/user/0/org.mozilla.fennec_aurora/files/mozilla/jdpwu47j.default, default=true)
06-13 23:52:16.235 30868 30894 W [WARNING][Leanplum]: [com.leanplum.internal.ActionManager::getLocationManager::8]: Geofencing support requires leanplum-location module and Google Play Services v8.1 and higher.
06-13 23:52:16.235 30868 30894 W [WARNING][Leanplum]: Add this to your build.gradle file:
06-13 23:52:16.235 30868 30894 W [WARNING][Leanplum]: implementation 'com.google.android.gms:play-services-location:8.3.0+'
06-13 23:52:16.235 30868 30894 W [WARNING][Leanplum]: implementation 'com.leanplum:leanplum-location:+'
06-13 23:52:16.235 30868 30893 I libglean_ffi: glean_core: Upload enabled: true
06-13 23:52:16.250 30868 30894 I [INFO][Leanplum]: [com.leanplum.monitoring.ExceptionHandler::setContext::6]: LeanplumExceptionHandler could not initialize Exception Reporting.This is expected if you have not included the leanplum-monitoring module
06-13 23:52:16.254 30868 30868 D FennecMigrator: This is not a Fennec installation. No migration needed.
06-13 23:52:16.256 30868 30868 D SessionManager: onTrimMemory(15): clearThumbnails=true, closeEngineSessions=true
06-13 23:52:16.257 30868 30868 D SessionManager: Cleared 0 thumbnail(s) and unlinked 0 engine sessions(s)
06-13 23:52:16.259 30868 30897 I Gecko:DumpUtils: Fifo watcher disabled via pref.
06-13 23:52:16.271 30868 30915 I [INFO][Leanplum]: [com.leanplum.LeanplumFcmProvider::isManifestSetup::11]: Firebase Messaging is setup correctly.
06-13 23:52:16.295 30868 30868 D GeckoRuntime: Lifecycle: onStart
06-13 23:52:16.309 30868 30868 D GeckoRuntime: Lifecycle: onResume
06-13 23:52:16.312 30868 30868 D GeckoNetworkManager: Incoming event start for state OffNoListeners -> OnNoListeners
06-13 23:52:16.313 30868 30868 D GeckoNetworkManager: New network state: UP, WIFI, WIFI
06-13 23:52:16.314 30868 30914 D NetworkSecurityConfig: No Network Security Config specified, using platform default
06-13 23:52:16.329 30868 30873 I zygote  : Do partial code cache collection, code=24KB, data=29KB
06-13 23:52:16.329 30868 30897 D GeckoSysInfo: System memory: 1867MB.
06-13 23:52:16.331 30868 30873 I zygote  : After code cache collection, code=21KB, data=29KB
06-13 23:52:16.331 30868 30873 I zygote  : Increasing code cache capacity to 128KB
06-13 23:52:16.337 30868 30897 D GeckoThread: State changed to JNI_READY
06-13 23:52:16.345 30868 30946 D OpenGLRenderer: HWUI GL Pipeline
06-13 23:52:16.366  1456  5797 I ActivityManager: Start proc 30947:org.mozilla.fennec_aurora:tab0/u0a1407 for service org.mozilla.fennec_aurora/org.mozilla.gecko.process.GeckoChildProcessServices$tab0
06-13 23:52:16.369 30868 30936 D ServiceAllocator: org.mozilla.gecko.process.GeckoChildProcessServices$tab0 updateBindings: BACKGROUND priority, 0 importance, 2 successful binds, 0 failed binds, 0 successful unbinds
06-13 23:52:16.382 30868 30893 I libglean_ffi: glean_core::ping: Collecting baseline
06-13 23:52:16.387 30868 30893 D libglean_ffi: glean_core::ping: Storing ping '6e9cfedd-6848-4e8e-b429-67e939acf75a' at '/data/user/0/org.mozilla.fennec_aurora/glean_data/pending_pings/6e9cfedd-6848-4e8e-b429-67e939acf75a'
06-13 23:52:16.390 30868 30893 I libglean_ffi: glean_core: The ping 'baseline' was submitted and will be sent as soon as possible
06-13 23:52:16.450  1456  5797 D ConnectivityService: requestNetwork for uid/pid:11407/30868 NetworkRequest [ TRACK_DEFAULT id=66079, [ Capabilities: INTERNET&NOT_RESTRICTED&TRUSTED&NOT_VPN] ]
06-13 23:52:16.451  1456  2099 D Ethernet: got request NetworkRequest [ TRACK_DEFAULT id=66079, [ Capabilities: INTERNET&NOT_RESTRICTED&TRUSTED&NOT_VPN] ] with score 60
06-13 23:52:16.451  1456  2054 D WIFI_UT : got request NetworkRequest [ TRACK_DEFAULT id=66079, [ Capabilities: INTERNET&NOT_RESTRICTED&TRUSTED&NOT_VPN] ] with score 60
06-13 23:52:16.451  1456  2054 D WIFI    : got request NetworkRequest [ TRACK_DEFAULT id=66079, [ Capabilities: INTERNET&NOT_RESTRICTED&TRUSTED&NOT_VPN] ] with score 60
06-13 23:52:16.452  2398  2398 D PhoneSwitcherNetworkRequstListener: got request NetworkRequest [ TRACK_DEFAULT id=66079, [ Capabilities: INTERNET&NOT_RESTRICTED&TRUSTED&NOT_VPN] ] with score 60
06-13 23:52:16.464  1456  5797 I ActivityManager: START u0 {act=android.intent.action.VIEW dat=https://example.com/... typ=text/html cmp=org.mozilla.fennec_aurora/org.mozilla.fenix.HomeActivity (has extras)} from uid 11407
06-13 23:52:16.477 30947 30947 D GeckoThread: State changed to LAUNCHED
06-13 23:52:16.477 30868 30868 D GeckoNetworkManager: Incoming event receivedUpdate for state OnNoListeners -> OnNoListeners
06-13 23:52:16.478 30947 30973 I GeckoThread: preparing to run Gecko
06-13 23:52:16.479 30868 30868 D GeckoNetworkManager: New network state: UP, WIFI, WIFI
06-13 23:52:16.479  1456  2401 I WifiService: getDhcpInfo uid=11407
06-13 23:52:16.488 30868 30873 I zygote  : Do partial code cache collection, code=52KB, data=45KB
06-13 23:52:16.490 30868 30873 I zygote  : After code cache collection, code=44KB, data=41KB
06-13 23:52:16.490 30868 30873 I zygote  : Increasing code cache capacity to 256KB
06-13 23:52:16.525 30868 30946 I Adreno  : QUALCOMM build                   : bb5b86c, I77d3059488
06-13 23:52:16.525 30868 30946 I Adreno  : Build Date                       : 06/07/18
06-13 23:52:16.525 30868 30946 I Adreno  : OpenGL ES Shader Compiler Version: EV031.22.00.01_06
06-13 23:52:16.525 30868 30946 I Adreno  : Local Branch                     : 
06-13 23:52:16.525 30868 30946 I Adreno  : Remote Branch                    : refs/tags/AU_LINUX_ANDROID_LA.UM.6.5.R1.08.01.00.312.086
06-13 23:52:16.525 30868 30946 I Adreno  : Remote Branch                    : NONE
06-13 23:52:16.525 30868 30946 I Adreno  : Reconstruct Branch               : NOTHING
06-13 23:52:16.527 30868 30946 D vndksupport: Loading /vendor/lib/hw/gralloc.msm8937.so from current namespace instead of sphal namespace.
06-13 23:52:16.542 30868 30946 I Adreno  : PFP: 0x005ff087, ME: 0x005ff063
06-13 23:52:16.546 30868 30868 I [INFO][Leanplum]: [com.leanplum.LeanplumCloudMessagingProvider::onRegistrationIdReceived::3]: Device registered for push notifications with registration token, cioySX5jFbg:APA91bHpJtNEho8uxa9TFdbchi_u14r396AmyVRlfX1paSLb57-eHTHDiOr5eNKKiarqfXaxL7ZBoXy67vRTDNSUFM1lC4AUkuHjA0FeBoYuqxRhA-9ribxiYCvkWXcvirzjRERpRDG7
06-13 23:52:16.553 30868 30946 I zygote  : android::hardware::configstore::V1_0::ISurfaceFlingerConfigs::hasWideColorDisplay retrieved: 0
06-13 23:52:16.554 30868 30946 I OpenGLRenderer: Initialized EGL, version 1.4
06-13 23:52:16.555 30868 30946 D OpenGLRenderer: Swap behavior 2
06-13 23:52:16.591 30868 30977 I libglean_ffi: glean_core::upload: New upload task with id 6e9cfedd-6848-4e8e-b429-67e939acf75a (path: /submit/org-mozilla-fennec-aurora/baseline/1/6e9cfedd-6848-4e8e-b429-67e939acf75a)
06-13 23:52:16.593  1456  5797 I WindowManager: Keep hide if surface has never drawn Window{2a5f89c u0 org.mozilla.fennec_aurora/org.mozilla.fenix.IntentReceiverActivity}
06-13 23:52:16.595 30868 30977 D glean/ConceptFetchHttpUploader: Submitting ping to: https://incoming.telemetry.mozilla.org/submit/org-mozilla-fennec-aurora/baseline/1/6e9cfedd-6848-4e8e-b429-67e939acf75a
06-13 23:52:16.595  1456  5797 I WindowManager: Failed to capture screenshot of Token{f98ebc3 ActivityRecord{e23ab72 u0 org.mozilla.fennec_aurora/org.mozilla.fenix.IntentReceiverActivity t83306 f}} appWin=Window{2a5f89c u0 org.mozilla.fennec_aurora/org.mozilla.fenix.IntentReceiverActivity} drawState=1
06-13 23:52:16.604 30868 30868 D MigrationPushRenewer: Migration state: NONE
06-13 23:52:16.605 30868 30868 D MigrationTelemetryListener: Migration state: NONE
06-13 23:52:16.628  1456  1673 I LaunchCheckinHandler: Displayed org.mozilla.fennec_aurora/org.mozilla.fenix.IntentReceiverActivity,cp,ca,746
06-13 23:52:16.651 30868 30868 I zygote  : Deoptimizing java.lang.Object kotlin.coroutines.CoroutineContext$plus$1.invoke(java.lang.Object, java.lang.Object) due to JIT inline cache
06-13 23:52:16.655 30868 30868 D PhoneWindow: Restoring navigation bar divider color to default value = 0x00000000
06-13 23:52:16.725 30868 30868 I NavController: Ignoring popBackStack to destination org.mozilla.fennec_aurora:id/browserFragment as it was not found on the current back stack
06-13 23:52:16.899 30868 30897 D GeckoThread: State changed to PROFILE_READY
06-13 23:52:16.987 30868 30868 I FirefoxAccountStateMachine: Enabling/updating sync with a new SyncConfig: SyncConfig(supportedEngines=[mozilla.components.service.fxa.SyncEngine$History@11cd18e, mozilla.components.service.fxa.SyncEngine$Bookmarks@2f2adaf, mozilla.components.service.fxa.SyncEngine$Passwords@69975bc, mozilla.components.service.fxa.SyncEngine$Tabs@c9e9945], syncPeriodInMinutes=240)
06-13 23:52:16.991 30868 30868 I BgSyncManager: Periodic syncing enabled at a 240 interval
06-13 23:52:16.992 30868 30868 I FirefoxAccountStateMachine: Sync is enabled
06-13 23:52:17.002 30868 30984 I FirefoxAccountStateMachine: Processing event Event$Init for state Start. Next state is Start
06-13 23:52:17.006 30868 30897 D GeckoThread: State changed to RUNNING
06-13 23:52:17.021 30868 30896 D RustNativeSupport: findMegazordLibraryName(places, 60.0.0
06-13 23:52:17.021 30868 30896 D RustNativeSupport: lib in use: none
06-13 23:52:17.021 30868 30896 D RustNativeSupport: lib configured: megazord
06-13 23:52:17.021 30868 30896 D RustNativeSupport: lib version configured: 60.0.0
06-13 23:52:17.021 30868 30896 D RustNativeSupport: settled on megazord
06-13 23:52:17.026 30868 30896 D places_ffi: places_api_new
06-13 23:52:17.034 30868 30897 I Gecko   : -*- nsDNSServiceDiscovery.js : nsDNSServiceDiscovery
06-13 23:52:17.035 30868 30984 I FirefoxAccountStateMachine: Ran 'Event$Init' side-effects for state Start, got successive event Event$AccountNotFound
06-13 23:52:17.035 30868 30984 I FirefoxAccountStateMachine: Processing event Event$AccountNotFound for state Start. Next state is NotAuthenticated
06-13 23:52:17.046 30868 30984 D RustNativeSupport: findMegazordLibraryName(fxaclient, 60.0.0
06-13 23:52:17.046 30868 30984 D RustNativeSupport: lib in use: none
06-13 23:52:17.046 30868 30984 D RustNativeSupport: lib configured: megazord
06-13 23:52:17.046 30868 30984 D RustNativeSupport: lib version configured: 60.0.0
06-13 23:52:17.046 30868 30984 D RustNativeSupport: settled on megazord
06-13 23:52:17.050 30868 30984 D fxaclient_ffi: fxa_new
06-13 23:52:17.085 30868 30896 D sql_support::conn_ext: Transaction commited after 35.457243ms
06-13 23:52:17.087 30868 30896 D places_ffi: places_connection_new
06-13 23:52:17.090 30868 30896 D places_ffi: places_connection_new
06-13 23:52:17.108 30868 30896 D places_ffi: bookmarks_get_all_with_url
06-13 23:52:17.113 30868 30868 W GeckoEventDispatcher: No listener for GeckoView:AccessibilityEnabled
06-13 23:52:17.154 30868 30873 I zygote  : Do full code cache collection, code=126KB, data=95KB
06-13 23:52:17.156 30868 30873 I zygote  : After code cache collection, code=94KB, data=55KB
