--------- beginning of main
06-07 23:30:41.434  1456  1605 W zygote  : kill(-30977, 9) failed: No such process
06-07 23:30:41.468  1456  1605 I chatty  : uid=1000(system) ActivityManager identical 7 lines
06-07 23:30:41.481  1456  1605 W zygote  : kill(-30977, 9) failed: No such process
06-07 23:30:41.484  1456 10962 I WifiService: getWifiEnabledState uid=10073
06-07 23:30:41.495  1456  1605 W zygote  : kill(-30977, 9) failed: No such process
06-07 23:30:41.508  1456  1605 W zygote  : kill(-30977, 9) failed: No such process
06-07 23:30:41.515  1456 10962 I WifiService: getWifiEnabledState uid=10073
06-07 23:30:41.521  1456  1605 W zygote  : kill(-30977, 9) failed: No such process
--------- beginning of system
06-07 23:30:41.529  1456  1471 D ConnectivityService: ConnectivityService NetworkRequestInfo binderDied(NetworkRequest [ TRACK_DEFAULT id=61918, [ Capabilities: INTERNET&NOT_RESTRICTED&TRUSTED&NOT_VPN] ], android.os.BinderProxy@38f074c)
06-07 23:30:41.529  1456  2067 D ConnectivityService: releasing NetworkRequest [ TRACK_DEFAULT id=61918, [ Capabilities: INTERNET&NOT_RESTRICTED&TRUSTED&NOT_VPN] ] (release request)
06-07 23:30:41.537  1456  1605 W zygote  : kill(-30977, 9) failed: No such process
06-07 23:30:41.539  1456  1471 I WifiService: getWifiEnabledState uid=10073
06-07 23:30:41.555  1456  1605 W zygote  : kill(-30977, 9) failed: No such process
06-07 23:30:41.567  1456  1605 W zygote  : kill(-30977, 9) failed: No such process
06-07 23:30:41.573 30263 30399 I zygote  : Deoptimizing java.lang.Object[] com.google.common.b.ed.toArray(java.lang.Object[]) due to JIT inline cache
06-07 23:30:41.582  1456  1605 W zygote  : kill(-30977, 9) failed: No such process
06-07 23:30:41.618  1456  4250 D ConnectivityService: ConnectivityService NetworkRequestInfo binderDied(NetworkRequest [ LISTEN id=62657, [ Capabilities: INTERNET&NOT_RESTRICTED&TRUSTED] ], android.os.BinderProxy@8e77395)
06-07 23:30:41.630  1456  5027 D ConnectivityService: ConnectivityService NetworkRequestInfo binderDied(NetworkRequest [ LISTEN id=62630, [ Capabilities: INTERNET&NOT_RESTRICTED&TRUSTED] ], android.os.BinderProxy@a01ccaa)
06-07 23:30:41.630  1456  2204 D ConnectivityService: ConnectivityService NetworkRequestInfo binderDied(NetworkRequest [ TRACK_DEFAULT id=62645, [ Capabilities: INTERNET&NOT_RESTRICTED&TRUSTED&NOT_VPN] ], android.os.BinderProxy@49c209b)
06-07 23:30:41.637  1456  1605 W zygote  : kill(-30977, 9) failed: No such process
06-07 23:30:41.638  1456  1605 I zygote  : Successfully killed process cgroup uid 10110 pid 30977 in 265ms
06-07 23:30:41.638  1456  1605 W zygote  : kill(-4938, 9) failed: No such process
06-07 23:30:41.638  1456  1605 I zygote  : Successfully killed process cgroup uid 10027 pid 4938 in 0ms
06-07 23:30:41.638  1456  1605 W zygote  : kill(-5080, 9) failed: No such process
06-07 23:30:41.638  1456  1605 I zygote  : Successfully killed process cgroup uid 10062 pid 5080 in 0ms
06-07 23:30:41.639  1456  2067 D ConnectivityService: releasing NetworkRequest [ TRACK_DEFAULT id=62645, [ Capabilities: INTERNET&NOT_RESTRICTED&TRUSTED&NOT_VPN] ] (release request)
06-07 23:30:41.639  1456  1605 W zygote  : kill(-5003, 9) failed: No such process
06-07 23:30:41.639  1456  1605 I zygote  : Successfully killed process cgroup uid 10036 pid 5003 in 0ms
06-07 23:30:41.640  1456  1605 W zygote  : kill(-5061, 9) failed: No such process
06-07 23:30:41.640  1456  1605 I zygote  : Successfully killed process cgroup uid 10090 pid 5061 in 0ms
06-07 23:30:41.641  1456  1605 W zygote  : kill(-5213, 9) failed: No such process
06-07 23:30:41.641  1456  1605 I zygote  : Successfully killed process cgroup uid 10108 pid 5213 in 0ms
06-07 23:30:41.642  1456  1605 W zygote  : kill(-5438, 9) failed: No such process
06-07 23:30:41.642  1456  1605 I zygote  : Successfully killed process cgroup uid 10044 pid 5438 in 0ms
06-07 23:30:41.642  1456  1605 W zygote  : kill(-4975, 9) failed: No such process
06-07 23:30:41.642  1456  1605 I zygote  : Successfully killed process cgroup uid 1000 pid 4975 in 0ms
06-07 23:30:41.642  1456  1605 W zygote  : kill(-4959, 9) failed: No such process
06-07 23:30:41.642  1456  1605 I zygote  : Successfully killed process cgroup uid 10085 pid 4959 in 0ms
06-07 23:30:41.643  1456  1605 W zygote  : kill(-9769, 9) failed: No such process
06-07 23:30:41.643  1456  1605 I zygote  : Successfully killed process cgroup uid 10018 pid 9769 in 0ms
06-07 23:30:41.643  1456  1605 W zygote  : kill(-3038, 9) failed: No such process
06-07 23:30:41.643  1456  1605 I zygote  : Successfully killed process cgroup uid 10041 pid 3038 in 0ms
06-07 23:30:41.643  1456  1605 W zygote  : kill(-5281, 9) failed: No such process
06-07 23:30:41.643  1456  1605 I zygote  : Successfully killed process cgroup uid 10114 pid 5281 in 0ms
06-07 23:30:41.644  1456  1605 W zygote  : kill(-5238, 9) failed: No such process
06-07 23:30:41.644  1456  1605 I zygote  : Successfully killed process cgroup uid 10031 pid 5238 in 0ms
06-07 23:30:41.644  1456  1466 I zygote  : Background concurrent copying GC freed 57622(3MB) AllocSpace objects, 25(1072KB) LOS objects, 34% free, 45MB/69MB, paused 536us total 483.999ms
06-07 23:30:41.654  1456  1605 W zygote  : kill(-5318, 9) failed: No such process
06-07 23:30:41.655  1456  1605 I zygote  : Successfully killed process cgroup uid 10036 pid 5318 in 10ms
06-07 23:30:41.687  1456 10962 I WifiService: getWifiEnabledState uid=10073
06-07 23:30:41.717  2748  2917 W OpenGLRenderer: Incorrectly called buildLayer on View: ShortcutAndWidgetContainer, destroying layer...
06-07 23:30:41.755  1456 10962 I WifiService: getWifiEnabledState uid=10073
06-07 23:30:41.758   794   839 E ANDR-PERF-RESOURCEQS: Failed to apply optimization [4, 0]
06-07 23:30:41.759  1456  2921 I ActivityManager: START u0 {act=android.intent.action.MAIN cat=[android.intent.category.LAUNCHER] flg=0x10000000 cmp=org.mozilla.fennec_aurora/.App} from uid 2000
06-07 23:30:41.762 30263 30263 I BgTaskExecutorImpl: Starting EXCLUSIVE background task TNG_MINUS_ONE_SYNC.
06-07 23:30:41.765  1456  5027 I WifiService: getConnectionInfo uid=10073
06-07 23:30:41.766  1456  5027 D WifiPermissionsUtil: Denied: no location permission
06-07 23:30:41.766  1456  5027 D WifiPermissionsUtil: Denied: caller is not the current USE_OPEN_WIFI_PACKAGE
06-07 23:30:41.784  1456  2921 I ActivityManager: Start proc 5855:org.mozilla.fennec_aurora/u0a1389 for activity org.mozilla.fennec_aurora/.App
06-07 23:30:41.790  1023  1196 D NetdFwmarkServer: Cmd 2: 9539, 10073: UserP=3, fwmark=F2543
06-07 23:30:41.790  1023  1196 D NetdFwmarkServer: Cmd 1: 0, 10073: UserP=3, fwmark=F2543
06-07 23:30:41.791  1023  1196 D NetdFwmarkServer: Cmd 6: 0, 10073: UserP=3, fwmark=F2543
06-07 23:30:41.803 30263 30399 I MicroDetectionState: Should stop hotword detection immediately - false
06-07 23:30:41.832 30263 30399 I MicroDetectionWorker: #startMicroDetector [speakerMode: 0]
06-07 23:30:41.840 30263 30399 I AudioController: Created new AudioSource
06-07 23:30:41.842  1456  7556 I WifiService: getConnectionInfo uid=10073
06-07 23:30:41.843  1456  7556 D WifiPermissionsUtil: Denied: no location permission
06-07 23:30:41.843  1456  7556 D WifiPermissionsUtil: Denied: caller is not the current USE_OPEN_WIFI_PACKAGE
06-07 23:30:41.853   808   808 I SFPerfTracer:      triggers: (rate: 97:2069245) (compose: 0:7) (post: 0:19) (render: 0:17) (2:11808707 frames) (3:15191308)
06-07 23:30:41.853   808   808 D SFPerfTracer:        layers: (4:14) (NavigationBar#0 (0xb07df000): 0:1201024) (StatusBar#0 (0xb07e3000): 0:2895832) (com.android.systemui.ImageWallpaper#0 (0xb07e7000): 0:112437) (Sprite#0 (0xb0733000): 0:317)* (DimLayerController/Stack=0#0 (0xb075a000): 0:3866)* (Sprite#1 (0xb077c000): 0:195)* (com.android.launcher3/com.android.launcher3.CustomizationPanelLauncher#1 (0xb0771000): 0:5617)- (com.android.launcher3/com.android.launcher3.CustomizationPanelLauncher#0 (0xb0763000): 0:8)- (Splash Screen org.mozilla.fennec_aurora#0 (0xb039b000): 0:18)- (Splash Screen org.mozilla.fennec_aurora#1 (0xafde8000): 0:30)- (org.mozilla.fennec_aurora/org.mozilla.fenix.HomeActivity#0 (0xb039b000): 0:44)- (com.android.launcher3/com.android.launcher3.CustomizationPanelLauncher#0 (0xb0763000): 0:6)* (com.android.launcher3/com.android.launcher3.CustomizationPanelLauncher#1 (0xb0771000): 0:5) (Splash Screen org.mozilla.fennec_aurora#0 (0xb039b000): 2:2)* 
06-07 23:30:41.857 30263 30399 I TngMinusOneSync: Syncing TNG:-1
06-07 23:30:41.857 30263 30315 I MicroDataManager: isInitializing-false locale not changed-true model not changed-true
06-07 23:30:41.858 30263 30315 I MicroDataManager: Already initialized, obtaining the hotword data immediately.
06-07 23:30:41.884 30263 30369 I MicroRecognitionRunner: Starting detection.
06-07 23:30:41.887 30263 30369 I InputStreamUtils: Using micInputStream
06-07 23:30:41.888 30263  5693 I MicrophoneInputStream: mic_starting  SR : 16000 CC : 16 SO : 1999
06-07 23:30:41.917   788  1401 V msm8974_platform: platform_check_input_mask: enter check_input_mask source 6 mask 10
06-07 23:30:41.926 30263 30399 I MicroDetectionState: Should stop hotword detection immediately - false
06-07 23:30:41.926 30263 30399 I MicroDetector: Keeping mic open: false
06-07 23:30:41.926 30263 30424 E DeviceStateChecker: DeviceStateChecker cancelled
06-07 23:30:41.927 30263 30399 I RecognitionAudioControl: #shutdownAudio [requestId: 5783913644683941384, keepAudioOpen: false, forced: true]
06-07 23:30:41.927 30263 30399 I RecognitionAudioControl: #internalShutdownAudio [requestId: 5783913644683941384]
06-07 23:30:41.927 30263 30399 I RecognitionAudioControl: #internalShutdownAudio [keepAudioOpen: false, forced: true]
06-07 23:30:41.927 30263 30399 I RecognitionAudioControl: #actualShutdownAudio
06-07 23:30:41.928 30263 30399 I AudioController: #shutdown [requestId=5783913644683941384]
06-07 23:30:41.928 30263 30349 I AudioController: internalShutdown
06-07 23:30:41.929 30263 30315 I MicroRecognitionRunner: Stopping hotword detection.
06-07 23:30:41.933 30263 30369 I MicroRecognitionRunner: Detection finished
06-07 23:30:41.953  1012  5875 I AudioFlinger: AudioFlinger's thread 0xb24835c0 tid=5875 ready to run
06-07 23:30:41.956   788  1401 D audio_hw_primary: in_set_parameters: enter: kvpairs=input_source=6;routing=-2147483644
06-07 23:30:41.958  1012 11031 D APM_AudioPolicyManager: AudioPolicyManager::startInput() input 382758, session 382873, source = 1999
06-07 23:30:41.958 30263  5693 I MicrophoneInputStream: mic_started  SR : 16000 CC : 16 SO : 1999
06-07 23:30:41.961   788  5878 V msm8974_platform: platform_update_usecase_from_source: input source :6
06-07 23:30:41.961   788  5878 V msm8974_platform: platform_check_input_mask: enter check_input_mask source 6 mask 10
06-07 23:30:41.961   788  5878 V msm8974_platform: platform_get_input_snd_device: enter: out_device(0) in_device(0x4) channel_count (1) channel_mask (0x10)
06-07 23:30:41.961   788  5878 V msm8974_platform: platform_get_input_snd_device: exit: in_snd_device(voice-rec-mic)
06-07 23:30:41.961   788  5878 V msm8974_platform: platform_get_backend_index:napb: backend port - 5 device - 120 
06-07 23:30:41.961   788  5878 V msm8974_platform: platform_check_and_set_capture_backend_cfg:txbecf: afe: bitwidth 0, samplerate 0, channel 1, backend_idx 5 usecase = 9 device (voice-rec-mic)
06-07 23:30:41.962   788  5878 V msm8974_platform: platform_check_capture_backend_cfg:txbecf: afe: Codec selected backend: 5 current bit width: 0 and sample rate: 0, channels 1
06-07 23:30:41.962   788  5878 V msm8974_platform: platform_check_capture_backend_cfg:txbecf: afe: Codec selected backend: 5 updated bit width: 0 and sample rate: 0
06-07 23:30:41.962   788  5878 I msm8974_platform: platform_check_capture_backend_cfg:txbecf: afe: Codec backend needs to be updated. new bit width: 0 new sample rate: 0 new channel: 1
06-07 23:30:41.962   788  5878 V msm8974_platform: platform_get_backend_index:napb: backend port - 5 device - 120 
06-07 23:30:41.962   788  5878 V msm8974_platform: platform_set_backend_cfg:becf: afe: bitwidth 0, samplerate 0 channels 1, backend_idx 5 device (voice-rec-mic)
06-07 23:30:41.962   788  5878 E msm8974_platform: platform_set_backend_cfg:becf: afe: Could not get ctl for mixer command - SLIM_0_TX Format
06-07 23:30:41.962   788  5878 V msm8974_platform: platform_send_audio_calibration: sending audio calibration for snd_device(120) acdb_id(62)
06-07 23:30:41.962   788  5878 D ACDB-LOADER: ACDB -> send_audio_cal, acdb_id = 62, path = 1, app id = 0x11130, sample rate = 48000
06-07 23:30:41.962   788  5878 D ACDB-LOADER: ACDB -> send_asm_topology
06-07 23:30:41.962   788  5878 D ACDB-LOADER: ACDB -> ACDB_CMD_GET_AUDPROC_STREAM_TOPOLOGY_ID
06-07 23:30:41.962  5855  5855 I chatty  : uid=11389(org.mozilla.fennec_aurora) expire 59 lines
06-07 23:30:41.963   788  5878 D ACDB-LOADER: ACDB -> send_adm_topology
06-07 23:30:41.963   788  5878 D ACDB-LOADER: ACDB -> ACDB_CMD_GET_AUDPROC_COMMON_TOPOLOGY_ID
06-07 23:30:41.963   788  5878 D ACDB-LOADER: ACDB -> send_audtable
06-07 23:30:41.963   788  5878 D ACDB-LOADER: ACDB -> ACDB_CMD_GET_AUDPROC_COMMON_TABLE_SIZE
06-07 23:30:41.963   788  5878 D ACDB-LOADER: ACDB -> ACDB_CMD_GET_AUDPROC_COMMON_TABLE
06-07 23:30:41.963   788  5878 D ACDB-LOADER: ACDB -> AUDIO_SET_AUDPROC_CAL
06-07 23:30:41.963   788  5878 D ACDB-LOADER: ACDB -> send_audvoltable
06-07 23:30:41.963   788  5878 D ACDB-LOADER: ACDB -> ACDB_CMD_GET_AUDPROC_VOL_STEP_TABLE_SIZE
06-07 23:30:41.963   788  5878 D ACDB-LOADER: ACDB -> ACDB_CMD_GET_AUDPROC_GAIN_DEP_STEP_TABLE, vol index 0
06-07 23:30:41.963   788  5878 D         : Failed to fetch the lookup information of the device 0000003E 
06-07 23:30:41.963   788  5878 D ACDB-LOADER: ACDB -> AUDIO_SET_VOL_CAL cal type = 12
06-07 23:30:41.964   788  5878 D ACDB-LOADER: ACDB -> ACDB_CMD_GET_AUDPROC_STREAM_TABLE_SIZE
06-07 23:30:41.964   788  5878 D ACDB-LOADER: ACDB -> send_audstrmtable
06-07 23:30:41.964   788  5878 D ACDB-LOADER: ACDB -> ACDB_CMD_GET_AUDPROC_STREAM_TABLE_V2
06-07 23:30:41.964   788  5878 D ACDB-LOADER: ACDB -> audstrm_cal->cal_type.cal_data.cal_size = 456
06-07 23:30:41.964   788  5878 D ACDB-LOADER: ACDB -> send_afe_topology
06-07 23:30:41.964   788  5878 D ACDB-LOADER: ACDB -> ACDB_CMD_GET_AFE_TOPOLOGY_ID
06-07 23:30:41.964   788  5878 D ACDB-LOADER: ACDB -> GET_AFE_TOPOLOGY_ID for adcd_id 62, Topology Id 112fb
06-07 23:30:41.964   788  5878 D ACDB-LOADER: ACDB -> send_afe_cal
06-07 23:30:41.964   788  5878 D ACDB-LOADER: ACDB -> ACDB_CMD_GET_AFE_COMMON_TABLE_SIZE
06-07 23:30:41.964   788  5878 D         : Failed to fetch the lookup information of the device 0000003E 
06-07 23:30:41.964   788  5878 E ACDB-LOADER: Error: ACDB_CMD_GET_AFE_COMMON_TABLE_SIZE Returned = -19
06-07 23:30:41.964   788  5878 D ACDB-LOADER: ACDB -> ACDB_CMD_GET_AFE_COMMON_TABLE
06-07 23:30:41.964   788  5878 D         : Failed to fetch the lookup information of the device 0000003E 
06-07 23:30:41.964   788  5878 D ACDB-LOADER: ACDB -> AUDIO_SET_AFE_CAL
06-07 23:30:41.964   788  5878 D ACDB-LOADER: ACDB -> send_hw_delay : acdb_id = 62 path = 1
06-07 23:30:41.964   788  5878 D ACDB-LOADER: ACDB -> ACDB_AVSYNC_INFO: ACDB_CMD_GET_DEVICE_PROPERTY
06-07 23:30:41.964   788  5878 D audio_hw_primary: enable_snd_device: snd_device(120: voice-rec-mic)
06-07 23:30:41.964   788  5878 D audio_route: Apply path: voice-rec-mic
06-07 23:30:41.971   788  5878 V msm8974_platform: platform_get_snd_device_backend_index: enter with device 120
06-07 23:30:41.971   788  5878 E msm8974_platform: platform_get_snd_device_backend_index: BE DAI Name Table is not present
06-07 23:30:41.971   788  5878 V msm8974_platform: platform_get_backend_index:napb: backend port - 5 device - 120 
06-07 23:30:41.971   788  5878 I audio_hw_utils: Set Audio Stream Capture 0 App Type Cfg: app_type 69936, acdb_dev_id 62, sample_rate 48000, snd_device_be_idx -14
06-07 23:30:41.972   788  5878 D audio_hw_primary: enable_audio_route: usecase(9) apply and update mixer path: audio-record
06-07 23:30:41.972   788  5878 D audio_route: Apply path: audio-record
06-07 23:30:42.015  1456  5027 I WifiService: getConnectionInfo uid=10036
06-07 23:30:42.016  1456  5027 D WifiPermissionsUtil: Denied: no location permission
06-07 23:30:42.017  1456  5027 D WifiPermissionsUtil: Denied: caller is not the current USE_OPEN_WIFI_PACKAGE
06-07 23:30:42.019  1456  5027 D WifiPermissionsUtil: Denied: no location permission
06-07 23:30:42.020  1456  5027 I WifiService: getDhcpInfo uid=10036
06-07 23:30:42.039  1456  2921 I ActivityManager: Start proc 5886:com.google.process.gapps/u0a36 for content provider com.google.android.gsf/.settings.GoogleSettingsProvider
06-07 23:30:42.041  5855  5879 I chatty  : uid=11389(org.mozilla.fennec_aurora) expire 4 lines
06-07 23:30:42.078  5886  5886 I zygote  : The ClassLoaderContext is a special shared library.
06-07 23:30:42.081   788  1401 D audio_hw_primary: disable_audio_route: usecase(9) reset and update mixer path: audio-record
06-07 23:30:42.082   788  1401 D audio_hw_primary: disable_snd_device: snd_device(120: voice-rec-mic)
06-07 23:30:42.086  1012 11031 D APM_AudioPolicyManager: stopInput() input 382758, session 382873
06-07 23:30:42.087   788   788 D audio_hw_primary: in_set_parameters: enter: kvpairs=routing=0
06-07 23:30:42.089 30263 30349 I MicrophoneInputStream: mic_close  SR : 16000 CC : 16 SO : 1999
06-07 23:30:42.090 30263 30349 E AudioSource: Stop listening is called on already closed AudioSource
06-07 23:30:42.090 30263 30349 I AudioController: Sending AudioStatusChangedBroadcast to :interactor. audioSourceType: NOT_SET, isActive: false
06-07 23:30:42.107  5886  5886 I GoogleHttpClient: GMS http client unavailable, use old client
06-07 23:30:42.107  5855  5906 I chatty  : uid=11389(org.mozilla.fennec_aurora) expire 11 lines
06-07 23:30:42.131  5855  5905 I chatty  : uid=11389(org.mozilla.fennec_aurora) expire 32 lines
06-07 23:30:42.141  5855  5911 I chatty  : uid=11389(org.mozilla.fennec_aurora) expire 19 lines
06-07 23:30:42.146  5855  5913 I chatty  : uid=11389(org.mozilla.fennec_aurora) expire 1 line
06-07 23:30:42.200  1456  2921 D ConnectivityService: requestNetwork for uid/pid:11389/5855 NetworkRequest [ TRACK_DEFAULT id=62660, [ Capabilities: INTERNET&NOT_RESTRICTED&TRUSTED&NOT_VPN] ]
06-07 23:30:42.201  1456  2099 D Ethernet: got request NetworkRequest [ TRACK_DEFAULT id=62660, [ Capabilities: INTERNET&NOT_RESTRICTED&TRUSTED&NOT_VPN] ] with score 60
06-07 23:30:42.201  1456  2054 D WIFI_UT : got request NetworkRequest [ TRACK_DEFAULT id=62660, [ Capabilities: INTERNET&NOT_RESTRICTED&TRUSTED&NOT_VPN] ] with score 60
06-07 23:30:42.201  1456  2054 D WIFI    : got request NetworkRequest [ TRACK_DEFAULT id=62660, [ Capabilities: INTERNET&NOT_RESTRICTED&TRUSTED&NOT_VPN] ] with score 60
06-07 23:30:42.201  2398  2398 D PhoneSwitcherNetworkRequstListener: got request NetworkRequest [ TRACK_DEFAULT id=62660, [ Capabilities: INTERNET&NOT_RESTRICTED&TRUSTED&NOT_VPN] ] with score 60
06-07 23:30:42.228  5855  5925 I chatty  : uid=11389(org.mozilla.fennec_aurora) expire 6 lines
06-07 23:30:42.259  5855  5909 I chatty  : uid=11389(org.mozilla.fennec_aurora) expire 2 lines
06-07 23:30:42.308  5855  5938 I chatty  : uid=11389(org.mozilla.fennec_aurora) expire 1 line
06-07 23:30:42.318  1456  7556 I ActivityManager: START u0 {act=android.intent.action.MAIN cat=[android.intent.category.LAUNCHER] flg=0x10000000 cmp=org.mozilla.fennec_aurora/org.mozilla.fenix.HomeActivity (has extras)} from uid 11389
06-07 23:30:42.337   808   808 D SurfaceFlinger: duplicate layer name: changing Splash Screen org.mozilla.fennec_aurora to Splash Screen org.mozilla.fennec_aurora#1
06-07 23:30:42.353  1456  1601 I ActivityManager: Start proc 5949:com.google.android.ims/u0a18 for service com.google.android.ims/.services.RcsService
06-07 23:30:42.384   808   898 I SFPerfTracer:      triggers: (rate: 0:1) (0 sw vsyncs) (0 skipped) (0:7691896 vsyncs) (1:15329893)
06-07 23:30:42.388  5855  5860 I chatty  : uid=11389(org.mozilla.fennec_aurora) expire 11 lines
06-07 23:30:42.417  1456  7556 I ActivityManager: Start proc 5976:org.mozilla.fennec_aurora:tab0/u0a1389 for service org.mozilla.fennec_aurora/org.mozilla.gecko.process.GeckoChildProcessServices$tab0
06-07 23:30:42.422  5855  5963 I chatty  : uid=11389(org.mozilla.fennec_aurora) expire 1 line
06-07 23:30:42.424  5855  5975 I chatty  : uid=11389(org.mozilla.fennec_aurora) expire 13 lines
06-07 23:30:42.522  5949  5949 W CarrierServices: Trying to log through cs.apk when it has not been initialized yet
06-07 23:30:42.543  5976  5976 I chatty  : uid=11389(org.mozilla.fennec_aurora) org.mozilla.fenix expire 2 lines
06-07 23:30:42.544  5976  5998 I chatty  : uid=11389(org.mozilla.fennec_aurora) org.mozilla.fenix expire 1 line
06-07 23:30:42.570  5949  5949 W CarrierServices: [2] eht.a: Could not find the subprocess!
06-07 23:30:42.617  5949  5949 I CarrierServices: [2] ebw.<init>: Initializing SimStateTracker with multi-sim support
06-07 23:30:42.619  5949  5949 I CarrierServices: [2] ecd.<init>: Initializing SimStateTracker for single-sim device
06-07 23:30:42.645  5949  5949 I CarrierServices: [2] czm.b: Reinitialize CSLib Flags: com.google.android.ims.library
06-07 23:30:42.689  5949  5949 I CarrierServices: [2] CarrierServicesReleaseApp.b: Initializing CarrierServices application.
06-07 23:30:42.690  5949  5949 I CarrierServices: [2] cbe.a: Initializing Carrier Services Library.
06-07 23:30:42.691  5949  5949 I CarrierServices: [2] czm.b: Reinitialize CSLib Flags: com.google.android.ims.library
06-07 23:30:42.720  5949  5949 I CarrierServices: [2] cbe.b: Initializing Carrier Services Logging.
06-07 23:30:42.735  5949  5949 I LogSaver: LogSaver new instance with filename: carrier_services
06-07 23:30:42.751  5625  5644 I zygote  : Waiting for a blocking GC ProfileSaver
06-07 23:30:42.775  5949  5949 I CarrierServices: [2] cbe.b: Initializing Carrier Services Logging.
06-07 23:30:42.777  5949  5949 D CarrierServices: log_saver already enabled
06-07 23:30:42.780  5949  6006 I Bugle   : GServicesValues:
06-07 23:30:42.780  5949  6006 I Bugle   : bugle_enable_primes_crash_metrics: true
06-07 23:30:42.780  5949  6006 I Bugle   : bugle_enable_wap_push_si: true
06-07 23:30:42.780  5949  6006 I Bugle   : bugle_max_telemetry_upload_retries: 10
06-07 23:30:42.780  5949  6006 I Bugle   : bugle_sticker_set_list_version: 3
06-07 23:30:42.780  5949  6006 W Bugle   : Exception in SafeAsyncRunnable
06-07 23:30:42.780  5949  6006 W Bugle   : java.lang.IllegalStateException: Given application context does not implement GeneratedComponentManager: class com.google.android.ims.CarrierServicesReleaseApp
06-07 23:30:42.780  5949  6006 W Bugle   : 	at akc.run(PG:16)
06-07 23:30:42.780  5949  6006 W Bugle   : 	at java.util.concurrent.ThreadPoolExecutor.runWorker(ThreadPoolExecutor.java:1162)
06-07 23:30:42.780  5949  6006 W Bugle   : 	at java.util.concurrent.ThreadPoolExecutor$Worker.run(ThreadPoolExecutor.java:636)
06-07 23:30:42.780  5949  6006 W Bugle   : 	at java.lang.Thread.run(Thread.java:764)
06-07 23:30:42.785  1456  7556 D ConnectivityService: requestNetwork for uid/pid:10018/5949 NetworkRequest [ TRACK_DEFAULT id=62661, [ Capabilities: INTERNET&NOT_RESTRICTED&TRUSTED&NOT_VPN] ]
06-07 23:30:42.786  1456  2099 D Ethernet: got request NetworkRequest [ TRACK_DEFAULT id=62661, [ Capabilities: INTERNET&NOT_RESTRICTED&TRUSTED&NOT_VPN] ] with score 60
06-07 23:30:42.786  1456  2054 D WIFI_UT : got request NetworkRequest [ TRACK_DEFAULT id=62661, [ Capabilities: INTERNET&NOT_RESTRICTED&TRUSTED&NOT_VPN] ] with score 60
06-07 23:30:42.787  1456  2054 D WIFI    : got request NetworkRequest [ TRACK_DEFAULT id=62661, [ Capabilities: INTERNET&NOT_RESTRICTED&TRUSTED&NOT_VPN] ] with score 60
06-07 23:30:42.788  2398  2398 D PhoneSwitcherNetworkRequstListener: got request NetworkRequest [ TRACK_DEFAULT id=62661, [ Capabilities: INTERNET&NOT_RESTRICTED&TRUSTED&NOT_VPN] ] with score 60
06-07 23:30:42.789  5949  6007 I CarrierServices: [596287] djm.d: Connected state: [1], networkType: [WIFI]
06-07 23:30:42.790  5949  5949 I CarrierServices: [2] ekb.d: Carrier Services GServices flags:
06-07 23:30:42.790  5949  5949 I CarrierServices:    carrier_services_security_flags_ec_api_white_listed_packages: com.google.android.apps.messaging,com.google.android.dialer,com.google.android.ims.client.sampleapp,com.android.contacts,com.lge.rcscall,com.android.incallui,com.huawei.incallui.appfeature.rcsfeature
06-07 23:30:42.790  5949  5949 I CarrierServices:    carrier_services_security_flags_ec_api_white_listed_signatures: B28C3EDB665DF32686224DF800F603E9959BBE4E,0980A12BE993528C19107BC21AD811478C63CEFC,B38FA7B5ECFAEC44620A020752B07E063B3120A8,203997BC46B8792DC9747ABD230569071F9A0439,EDA6413C3E3A95492114FE07CD953AD897E40D1A,760EBB9F4200B3DFB1B817B40FF0563A3C150D39,5B368CFF2DA2686996BC95EAC190EAA4F5630FE5,01D845B26B688D8EF647205A5944E9407E52E06E,27196E386B875E76ADF700E7EA84E4C6EEE33DFA,1CDD04F1E4A732BB0352FDFAEE26D2315526DF85,025D5212BF3B5F5CDA6117A518721D70A94D84E0
06-07 23:30:42.790  5949  5949 I CarrierServices:    carrier_services_security_flags_test_service_white_listed_packages: com.google.android.ims.mobly.snippets
06-07 23:30:42.790  5949  5949 I CarrierServices:    carrier_services_security_flags_test_service_white_listed_signatures: AE41481F52E0F58DF2806D5A38EB3DBCA5AE02B0,E165542B31953CC282AA4EF2F4D5F07F7663A2A2
06-07 23:30:42.790  5949  5949 I CarrierServices:    carrier_services_security_flags_white_listed_packages: com.google.android.apps.messaging,com.google.android.dialer,com.google.android.ims.client.sampleapp,com.android.contacts,com.lge.rcscall,com.android.incallui,com.huawei.incallui.appfeature.rcsfeature
06-07 23:30:42.790  5949  5949 I CarrierServices:    carrier_services_security_flags_white_listed_signatures: B28C3EDB665DF32686224DF800F603E9959BBE4E,0980A12BE993528C19107BC21AD811478C63CEFC,B38FA7B5ECFAEC44620A020752B07E063B3120A8,203997BC46B8792DC9747ABD230569071F9A0439,EDA6413C3E3A95492114FE07CD953AD897E40D1A,760EBB9F4200B3DFB1B817B40FF0563A3C150D39,5B368CFF2DA2686996BC95EAC190EAA4F5630FE5,01D845B26B688D8EF647205A5944E9407E52E06E,27196E386B875E76ADF700E7EA84E4C6EEE33DFA,1CDD04F1E4A732BB0352FDFAEE26D2315526DF85,025D5212BF3B5F5CDA6117A518721D70A94D84E0
06-07 23:30:42.790  5949  5949 I CarrierServices:    carrier_services_video_share_disabled_user_agent_substrings: SM-G930,SM-G935,SM-A320
06-07 23:30:42.790  5949  5949 I CarrierServices: ====================
06-07 23:30:42.792  5949  6007 I CarrierServices: [596287] djm.d: Connected state: [1], networkType: [WIFI]
06-07 23:30:42.803  5949  6009 I CarrierServices: [596288] eca.a: do not delay first event
06-07 23:30:42.806  5855  6011 I chatty  : uid=11389(org.mozilla.fennec_aurora) expire 10 lines
06-07 23:30:42.813  5585  5603 E AuthStateProvider: Calling package disagreement. Legacy: org.mozilla.fennec.sharedID:11389, new API: org.mozilla.fennec_aurora
06-07 23:30:42.813  5585  5603 D AuthStateProvider: Caller must be whitelisted.
06-07 23:30:42.815  5855  5855 E ActivityThread: Failed to find provider info for org.mozilla.fennec_aurora.fxa.auth
06-07 23:30:42.817  5949  5949 I CarrierServices: [2] cct.a: ServiceState receiver registered
06-07 23:30:42.823  5949  6009 E CarrierServices: [596288] ebw.f: Default SIM info not updated.
06-07 23:30:42.824  5949  6009 I CarrierServices: [596288] ebw.f: Processing an intent
06-07 23:30:42.834  5625  5644 I zygote  : WaitForGcToComplete blocked ProfileSaver on HeapTrim for 82.789ms
06-07 23:30:42.842  5949  6009 I CarrierServices: [596288] ebw.a: SIM state ABSENT
06-07 23:30:42.900  5855  5934 I chatty  : uid=11389(org.mozilla.fennec_aurora) expire 1 line
06-07 23:30:42.903  5949  5949 I CarrierServices: [2] ehf.a: No active subscription on the device.
06-07 23:30:42.904  5855  6024 I chatty  : uid=11389(org.mozilla.fennec_aurora) expire 9 lines
06-07 23:30:42.920  5855  5931 I chatty  : uid=11389(org.mozilla.fennec_aurora) expire 29 lines
06-07 23:30:42.932  5949  6009 I CarrierServices: [596288] ebw.a: Broadcasting Intent { act=com.google.android.ims.SIM_ABSENT }
06-07 23:30:42.937  1456  2921 I WifiService: getDhcpInfo uid=11389
06-07 23:30:42.957  5949  5949 I RcsProvisioning: Failed to read config: no config found /data/user/0/com.google.android.ims/files/hvconfig (No such file or directory)
06-07 23:30:43.073  5949  5949 I CarrierServices: [2] ehf.a: No active subscription on the device.
06-07 23:30:43.073  5949  5949 I CarrierServices: [2] doa.a: Unregistered the old package!
06-07 23:30:43.088  5949  5949 I CarrierServices: [2] cip.a: Clearing indexes: [] from call history.
06-07 23:30:43.108  5949  5949 I CarrierServices: [2] ege.a: Spam module disabled in spam config
06-07 23:30:43.109  5949  5949 I CarrierServices: [2] cct.a: Updating spam list sync setting, is spam module enable: false
06-07 23:30:43.113  5949  5949 I CarrierServices: [2] ehf.a: No active subscription on the device.
06-07 23:30:43.129  5949  5949 I CarrierServices: [2] cct.a: Initializing MMTel
06-07 23:30:43.141  1456  1673 I LaunchCheckinHandler: Displayed org.mozilla.fennec_aurora/org.mozilla.fenix.HomeActivity,wp,ca,749
06-07 23:30:43.141  5949  5949 I CarrierServices: [2] ehl.a: CarrierServices.apk is not sim call manager. Not enabling MMTel.
06-07 23:30:43.141  5949  5949 I CarrierServices: [2] dow.a: Should not enable MMTel. Not scheduling provisioning.
06-07 23:30:43.142  1456  1673 I ActivityManager: Displayed org.mozilla.fennec_aurora/org.mozilla.fenix.HomeActivity: +740ms (total +1s363ms)
06-07 23:30:43.152  5949  6038 I CarrierServices: [596299] cik.handleMessage: VoiceService triggered, starting call engine due to: app_start
06-07 23:30:43.164  5949  6038 I CarrierServices: [596299] eml.<init>: WebRTC will be running in the same process
06-07 23:30:43.186  5949  5949 I CarrierServices: [2] cyb.a: Migration binding to RcsMigrationService
06-07 23:30:43.187  5949  6038 I CarrierServices: [596299] cij.a: schedule local logs cleanup job service
06-07 23:30:43.188  5585  5603 E AuthStateProvider: Calling package disagreement. Legacy: org.mozilla.fennec.sharedID:11389, new API: org.mozilla.fennec_aurora
06-07 23:30:43.189  5585  5603 D AuthStateProvider: Caller must be whitelisted.
06-07 23:30:43.193 30263  5693 I PBSessionCacheImpl: Deleted sessionId[133099673077228166] from persistence.
06-07 23:30:43.207  1456  4797 I ActivityManager: Start proc 6040:com.google.android.apps.messaging/u0a110 for service com.google.android.apps.messaging/.rcsmigration.RcsMigrationService
06-07 23:30:43.211  5855  5855 E ActivityThread: Failed to find provider info for org.mozilla.fennec_aurora.fxa.auth
06-07 23:30:43.229  5949  5949 I CarrierServices: [2] RcsService.c: Initializing RcsService.
06-07 23:30:43.230  5949  5949 I CarrierServices: [2] csp.a: Creating JibeServiceComponent
06-07 23:30:43.245  1456 10962 I WifiService: getWifiEnabledState uid=10073
06-07 23:30:43.265  5585  5603 E AuthStateProvider: Calling package disagreement. Legacy: org.mozilla.fennec.sharedID:11389, new API: org.mozilla.fennec_aurora
06-07 23:30:43.265  5585  5603 D AuthStateProvider: Caller must be whitelisted.
06-07 23:30:43.266  5855  5855 E ActivityThread: Failed to find provider info for org.mozilla.fennec_aurora.fxa.auth
06-07 23:30:43.281  5949  6038 I CarrierServices: [596299] cbv.<init>: (MMTel): : IMS module has been created
06-07 23:30:43.284 30263 30399 W SearchServiceCore: Abort, client detached.
06-07 23:30:43.285  5949  6038 I CarrierServices: [596299] cij.e: Using ScoreNetworkSelector as network selector
06-07 23:30:43.333  5949  6038 I CarrierServices: [596299] cbv.a: Creating ImsConnectionManager.
06-07 23:30:43.339  5949  6038 I CarrierServices: [596299] cij.p: Listen to connectivity data change
06-07 23:30:43.343  5949  5949 I CarrierServices: [2] dve.a: Created new ProtoDataStore for sim hashed-pii:sim_id[]
06-07 23:30:43.345  5949  6038 I CarrierServices: [596299] ehl.a: CarrierServices.apk is not sim call manager. Not enabling MMTel.
06-07 23:30:43.346  5949  6038 I CarrierServices: [596299] cij.f: Should not enable MMTel, not starting CallEngine.
06-07 23:30:43.346  5949  6038 I CarrierServices: [596299] cik.handleMessage: CallEngine could no be initialized. Stopping service.
06-07 23:30:43.350  5949  5949 I CarrierServices: [2] ccj.<init>: RcsEngine: Constructor running in com.google.android.ims
06-07 23:30:43.350  5949  6039 I org.webrtc.Logging: NativeLibrary: Loading native library: jingle_peerconnection_so
06-07 23:30:43.350  5949  6039 I org.webrtc.Logging: NativeLibrary: Loading library: jingle_peerconnection_so
06-07 23:30:43.382  1456  4797 W ActivityManager: Unable to start service Intent { act=com.google.android.ims.SIM_ABSENT cmp=com.google.android.ims/eew } U=0: not found
06-07 23:30:43.387  6040  6040 W ResourceType: ResTable_typeSpec entry count inconsistent: given 854, previously 869
06-07 23:30:43.387  6040  6040 W ResourceType: ResTable_typeSpec entry count inconsistent: given 672, previously 2215
06-07 23:30:43.387  6040  6040 W ResourceType: ResTable_typeSpec entry count inconsistent: given 268, previously 1296
06-07 23:30:43.402  5949  5949 E CarrierServices: [2] ebw.f: Default SIM info not updated.
06-07 23:30:43.403  5949  5949 I CarrierServices: [2] ebw.f: Processing an intent
06-07 23:30:43.403  6040  6040 I zygote  : Rejecting re-init on previously-failed class java.lang.Class<emy>: java.lang.NoClassDefFoundError: Failed resolution of: Landroid/os/StrictMode$OnThreadViolationListener;
06-07 23:30:43.404  6040  6040 I zygote  :   at java.lang.Object java.lang.Class.newInstance() (Class.java:-2)
06-07 23:30:43.404  6040  6040 I zygote  :   at android.app.Application android.app.Instrumentation.newApplication(java.lang.Class, android.content.Context) (Instrumentation.java:1124)
06-07 23:30:43.404  6040  6040 I zygote  :   at android.app.Application android.app.Instrumentation.newApplication(java.lang.ClassLoader, java.lang.String, android.content.Context) (Instrumentation.java:1109)
06-07 23:30:43.404  6040  6040 I zygote  :   at android.app.Application android.app.LoadedApk.makeApplication(boolean, android.app.Instrumentation) (LoadedApk.java:992)
06-07 23:30:43.404  6040  6040 I zygote  :   at void android.app.ActivityThread.handleBindApplication(android.app.ActivityThread$AppBindData) (ActivityThread.java:5829)
06-07 23:30:43.404  6040  6040 I zygote  :   at void android.app.ActivityThread.-wrap1(android.app.ActivityThread, android.app.ActivityThread$AppBindData) (ActivityThread.java:-1)
06-07 23:30:43.405  6040  6040 I zygote  :   at void android.app.ActivityThread$H.handleMessage(android.os.Message) (ActivityThread.java:1697)
06-07 23:30:43.405  6040  6040 I zygote  :   at void android.os.Handler.dispatchMessage(android.os.Message) (Handler.java:106)
06-07 23:30:43.405  6040  6040 I zygote  :   at void android.os.Looper.loop() (Looper.java:164)
06-07 23:30:43.405  6040  6040 I zygote  :   at void android.app.ActivityThread.main(java.lang.String[]) (ActivityThread.java:6626)
06-07 23:30:43.405  6040  6040 I zygote  :   at java.lang.Object java.lang.reflect.Method.invoke(java.lang.Object, java.lang.Object[]) (Method.java:-2)
06-07 23:30:43.405  6040  6040 I zygote  :   at void com.android.internal.os.RuntimeInit$MethodAndArgsCaller.run() (RuntimeInit.java:438)
06-07 23:30:43.405  6040  6040 I zygote  :   at void com.android.internal.os.ZygoteInit.main(java.lang.String[]) (ZygoteInit.java:811)
06-07 23:30:43.405  6040  6040 I zygote  : Caused by: java.lang.ClassNotFoundException: Didn't find class "android.os.StrictMode$OnThreadViolationListener" on path: DexPathList[[zip file "/data/app/com.google.android.apps.messaging-BF_gYq_Zbvn-rAnF6qK29g==/base.apk", zip file "/data/app/com.google.android.apps.messaging-BF_gYq_Zbvn-rAnF6qK29g==/split_config.armeabi_v7a.apk", zip file "/data/app/com.google.android.apps.messaging-BF_gYq_Zbvn-rAnF6qK29g==/split_config.en.apk", zip file "/data/app/com.google.android.apps.messaging-BF_gYq_Zbvn-rAnF6qK29g==/split_config.xxhdpi.apk"],nativeLibraryDirectories=[/data/app/com.google.android.apps.messaging-BF_gYq_Zbvn-rAnF6qK29g==/lib/arm, /data/app/com.google.android.apps.messaging-BF_gYq_Zbvn-rAnF6qK29g==/base.apk!/lib/armeabi-v7a, /data/app/com.google.android.apps.messaging-BF_gYq_Zbvn-rAnF6qK29g==/split_config.armeabi_v7a.apk!/lib/armeabi-v7a, /data/app/com.google.android.apps.messaging-BF_gYq_Zbvn-rAnF6qK29g==/split_config.en.apk!/lib/armeabi-v7a, /data/app/com.google.android.apps.messaging-BF_gYq_Zbvn-rAn
06-07 23:30:43.405  6040  6040 I zygote  :   at java.lang.Class dalvik.system.BaseDexClassLoader.findClass(java.lang.String) (BaseDexClassLoader.java:125)
06-07 23:30:43.405  6040  6040 I zygote  :   at java.lang.Class java.lang.ClassLoader.loadClass(java.lang.String, boolean) (ClassLoader.java:379)
06-07 23:30:43.405  6040  6040 I zygote  :   at java.lang.Class java.lang.ClassLoader.loadClass(java.lang.String) (ClassLoader.java:312)
06-07 23:30:43.405  6040  6040 I zygote  :   at java.lang.Object java.lang.Class.newInstance() (Class.java:-2)
06-07 23:30:43.405  6040  6040 I zygote  :   at android.app.Application android.app.Instrumentation.newApplication(java.lang.Class, android.content.Context) (Instrumentation.java:1124)
06-07 23:30:43.405  6040  6040 I zygote  :   at android.app.Application android.app.Instrumentation.newApplication(java.lang.ClassLoader, java.lang.String, android.content.Context) (Instrumentation.java:1109)
06-07 23:30:43.405  6040  6040 I zygote  :   at android.app.Application android.app.LoadedApk.makeApplication(boolean, android.app.Instrumentation) (LoadedApk.java:992)
06-07 23:30:43.405  6040  6040 I zygote  :   at void android.app.ActivityThread.handleBindApplication(android.app.ActivityThread$AppBindData) (ActivityThread.java:5829)
06-07 23:30:43.405  6040  6040 I zygote  :   at void android.app.ActivityThread.-wrap1(android.app.ActivityThread, android.app.ActivityThread$AppBindData) (ActivityThread.java:-1)
06-07 23:30:43.405  6040  6040 I zygote  :   at void android.app.ActivityThread$H.handleMessage(android.os.Message) (ActivityThread.java:1697)
06-07 23:30:43.405  6040  6040 I zygote  :   at void android.os.Handler.dispatchMessage(android.os.Message) (Handler.java:106)
06-07 23:30:43.405  6040  6040 I zygote  :   at void android.os.Looper.loop() (Looper.java:164)
06-07 23:30:43.405  6040  6040 I zygote  :   at void android.app.ActivityThread.main(java.lang.String[]) (ActivityThread.java:6626)
06-07 23:30:43.405  6040  6040 I zygote  :   at java.lang.Object java.lang.reflect.Method.invoke(java.lang.Object, java.lang.Object[]) (Method.java:-2)
06-07 23:30:43.405  6040  6040 I zygote  :   at void com.android.internal.os.RuntimeInit$MethodAndArgsCaller.run() (RuntimeInit.java:438)
06-07 23:30:43.405  6040  6040 I zygote  :   at void com.android.internal.os.ZygoteInit.main(java.lang.String[]) (ZygoteInit.java:811)
06-07 23:30:43.405  6040  6040 I zygote  : 
06-07 23:30:43.407  6040  6040 I zygote  : Rejecting re-init on previously-failed class java.lang.Class<emy>: java.lang.NoClassDefFoundError: Failed resolution of: Landroid/os/StrictMode$OnThreadViolationListener;
06-07 23:30:43.407  6040  6040 I zygote  :   at java.lang.Object java.lang.Class.newInstance() (Class.java:-2)
06-07 23:30:43.407  6040  6040 I zygote  :   at android.app.Application android.app.Instrumentation.newApplication(java.lang.Class, android.content.Context) (Instrumentation.java:1124)
06-07 23:30:43.407  6040  6040 I zygote  :   at android.app.Application android.app.Instrumentation.newApplication(java.lang.ClassLoader, java.lang.String, android.content.Context) (Instrumentation.java:1109)
06-07 23:30:43.407  6040  6040 I zygote  :   at android.app.Application android.app.LoadedApk.makeApplication(boolean, android.app.Instrumentation) (LoadedApk.java:992)
06-07 23:30:43.407  6040  6040 I zygote  :   at void android.app.ActivityThread.handleBindApplication(android.app.ActivityThread$AppBindData) (ActivityThread.java:5829)
06-07 23:30:43.407  6040  6040 I zygote  :   at void android.app.ActivityThread.-wrap1(android.app.ActivityThread, android.app.ActivityThread$AppBindData) (ActivityThread.java:-1)
06-07 23:30:43.407  6040  6040 I zygote  :   at void android.app.ActivityThread$H.handleMessage(android.os.Message) (ActivityThread.java:1697)
06-07 23:30:43.407  6040  6040 I zygote  :   at void android.os.Handler.dispatchMessage(android.os.Message) (Handler.java:106)
06-07 23:30:43.407  6040  6040 I zygote  :   at void android.os.Looper.loop() (Looper.java:164)
06-07 23:30:43.407  6040  6040 I zygote  :   at void android.app.ActivityThread.main(java.lang.String[]) (ActivityThread.java:6626)
06-07 23:30:43.407  6040  6040 I zygote  :   at java.lang.Object java.lang.reflect.Method.invoke(java.lang.Object, java.lang.Object[]) (Method.java:-2)
06-07 23:30:43.407  6040  6040 I zygote  :   at void com.android.internal.os.RuntimeInit$MethodAndArgsCaller.run() (RuntimeInit.java:438)
06-07 23:30:43.407  6040  6040 I zygote  :   at void com.android.internal.os.ZygoteInit.main(java.lang.String[]) (ZygoteInit.java:811)
06-07 23:30:43.407  6040  6040 I zygote  : Caused by: java.lang.ClassNotFoundException: Didn't find class "android.os.StrictMode$OnThreadViolationListener" on path: DexPathList[[zip file "/data/app/com.google.android.apps.messaging-BF_gYq_Zbvn-rAnF6qK29g==/base.apk", zip file "/data/app/com.google.android.apps.messaging-BF_gYq_Zbvn-rAnF6qK29g==/split_config.armeabi_v7a.apk", zip file "/data/app/com.google.android.apps.messaging-BF_gYq_Zbvn-rAnF6qK29g==/split_config.en.apk", zip file "/data/app/com.google.android.apps.messaging-BF_gYq_Zbvn-rAnF6qK29g==/split_config.xxhdpi.apk"],nativeLibraryDirectories=[/data/app/com.google.android.apps.messaging-BF_gYq_Zbvn-rAnF6qK29g==/lib/arm, /data/app/com.google.android.apps.messaging-BF_gYq_Zbvn-rAnF6qK29g==/base.apk!/lib/armeabi-v7a, /data/app/com.google.android.apps.messaging-BF_gYq_Zbvn-rAnF6qK29g==/split_config.armeabi_v7a.apk!/lib/armeabi-v7a, /data/app/com.google.android.apps.messaging-BF_gYq_Zbvn-rAnF6qK29g==/split_config.en.apk!/lib/armeabi-v7a, /data/app/com.google.android.apps.messaging-BF_gYq_Zbvn-rAn
06-07 23:30:43.407  6040  6040 I zygote  :   at java.lang.Class dalvik.system.BaseDexClassLoader.findClass(java.lang.String) (BaseDexClassLoader.java:125)
06-07 23:30:43.407  6040  6040 I zygote  :   at java.lang.Class java.lang.ClassLoader.loadClass(java.lang.String, boolean) (ClassLoader.java:379)
06-07 23:30:43.407  6040  6040 I zygote  :   at java.lang.Class java.lang.ClassLoader.loadClass(java.lang.String) (ClassLoader.java:312)
06-07 23:30:43.407  6040  6040 I zygote  :   at java.lang.Object java.lang.Class.newInstance() (Class.java:-2)
06-07 23:30:43.407  6040  6040 I zygote  :   at android.app.Application android.app.Instrumentation.newApplication(java.lang.Class, android.content.Context) (Instrumentation.java:1124)
06-07 23:30:43.407  6040  6040 I zygote  :   at android.app.Application android.app.Instrumentation.newApplication(java.lang.ClassLoader, java.lang.String, android.content.Context) (Instrumentation.java:1109)
06-07 23:30:43.407  6040  6040 I zygote  :   at android.app.Application android.app.LoadedApk.makeApplication(boolean, android.app.Instrumentation) (LoadedApk.java:992)
06-07 23:30:43.407  6040  6040 I zygote  :   at void android.app.ActivityThread.handleBindApplication(android.app.ActivityThread$AppBindData) (ActivityThread.java:5829)
06-07 23:30:43.407  6040  6040 I zygote  :   at void android.app.ActivityThread.-wrap1(android.app.ActivityThread, android.app.ActivityThread$AppBindData) (ActivityThread.java:-1)
06-07 23:30:43.407  6040  6040 I zygote  :   at void android.app.ActivityThread$H.handleMessage(android.os.Message) (ActivityThread.java:1697)
06-07 23:30:43.407  6040  6040 I zygote  :   at void android.os.Handler.dispatchMessage(android.os.Message) (Handler.java:106)
06-07 23:30:43.407  6040  6040 I zygote  :   at void android.os.Looper.loop() (Looper.java:164)
06-07 23:30:43.407  6040  6040 I zygote  :   at void android.app.ActivityThread.main(java.lang.String[]) (ActivityThread.java:6626)
06-07 23:30:43.407  6040  6040 I zygote  :   at java.lang.Object java.lang.reflect.Method.invoke(java.lang.Object, java.lang.Object[]) (Method.java:-2)
06-07 23:30:43.407  6040  6040 I zygote  :   at void com.android.internal.os.RuntimeInit$MethodAndArgsCaller.run() (RuntimeInit.java:438)
06-07 23:30:43.407  6040  6040 I zygote  :   at void com.android.internal.os.ZygoteInit.main(java.lang.String[]) (ZygoteInit.java:811)
06-07 23:30:43.407  6040  6040 I zygote  : 
06-07 23:30:43.408  6040  6040 I zygote  : Rejecting re-init on previously-failed class java.lang.Class<emy>: java.lang.NoClassDefFoundError: Failed resolution of: Landroid/os/StrictMode$OnThreadViolationListener;
06-07 23:30:43.408  6040  6040 I zygote  :   at java.lang.Object java.lang.Class.newInstance() (Class.java:-2)
06-07 23:30:43.408  6040  6040 I zygote  :   at android.app.Application android.app.Instrumentation.newApplication(java.lang.Class, android.content.Context) (Instrumentation.java:1124)
06-07 23:30:43.408  6040  6040 I zygote  :   at android.app.Application android.app.Instrumentation.newApplication(java.lang.ClassLoader, java.lang.String, android.content.Context) (Instrumentation.java:1109)
06-07 23:30:43.408  6040  6040 I zygote  :   at android.app.Application android.app.LoadedApk.makeApplication(boolean, android.app.Instrumentation) (LoadedApk.java:992)
06-07 23:30:43.408  6040  6040 I zygote  :   at void android.app.ActivityThread.handleBindApplication(android.app.ActivityThread$AppBindData) (ActivityThread.java:5829)
06-07 23:30:43.408  6040  6040 I zygote  :   at void android.app.ActivityThread.-wrap1(android.app.ActivityThread, android.app.ActivityThread$AppBindData) (ActivityThread.java:-1)
06-07 23:30:43.408  6040  6040 I zygote  :   at void android.app.ActivityThread$H.handleMessage(android.os.Message) (ActivityThread.java:1697)
06-07 23:30:43.408  6040  6040 I zygote  :   at void android.os.Handler.dispatchMessage(android.os.Message) (Handler.java:106)
06-07 23:30:43.408  6040  6040 I zygote  :   at void android.os.Looper.loop() (Looper.java:164)
06-07 23:30:43.408  6040  6040 I zygote  :   at void android.app.ActivityThread.main(java.lang.String[]) (ActivityThread.java:6626)
06-07 23:30:43.408  6040  6040 I zygote  :   at java.lang.Object java.lang.reflect.Method.invoke(java.lang.Object, java.lang.Object[]) (Method.java:-2)
06-07 23:30:43.408  6040  6040 I zygote  :   at void com.android.internal.os.RuntimeInit$MethodAndArgsCaller.run() (RuntimeInit.java:438)
06-07 23:30:43.408  6040  6040 I zygote  :   at void com.android.internal.os.ZygoteInit.main(java.lang.String[]) (ZygoteInit.java:811)
06-07 23:30:43.408  6040  6040 I zygote  : Caused by: java.lang.ClassNotFoundException: Didn't find class "android.os.StrictMode$OnThreadViolationListener" on path: DexPathList[[zip file "/data/app/com.google.android.apps.messaging-BF_gYq_Zbvn-rAnF6qK29g==/base.apk", zip file "/data/app/com.google.android.apps.messaging-BF_gYq_Zbvn-rAnF6qK29g==/split_config.armeabi_v7a.apk", zip file "/data/app/com.google.android.apps.messaging-BF_gYq_Zbvn-rAnF6qK29g==/split_config.en.apk", zip file "/data/app/com.google.android.apps.messaging-BF_gYq_Zbvn-rAnF6qK29g==/split_config.xxhdpi.apk"],nativeLibraryDirectories=[/data/app/com.google.android.apps.messaging-BF_gYq_Zbvn-rAnF6qK29g==/lib/arm, /data/app/com.google.android.apps.messaging-BF_gYq_Zbvn-rAnF6qK29g==/base.apk!/lib/armeabi-v7a, /data/app/com.google.android.apps.messaging-BF_gYq_Zbvn-rAnF6qK29g==/split_config.armeabi_v7a.apk!/lib/armeabi-v7a, /data/app/com.google.android.apps.messaging-BF_gYq_Zbvn-rAnF6qK29g==/split_config.en.apk!/lib/armeabi-v7a, /data/app/com.google.android.apps.messaging-BF_gYq_Zbvn-rAn
06-07 23:30:43.408  6040  6040 I zygote  :   at java.lang.Class dalvik.system.BaseDexClassLoader.findClass(java.lang.String) (BaseDexClassLoader.java:125)
06-07 23:30:43.408  6040  6040 I zygote  :   at java.lang.Class java.lang.ClassLoader.loadClass(java.lang.String, boolean) (ClassLoader.java:379)
06-07 23:30:43.408  6040  6040 I zygote  :   at java.lang.Class java.lang.ClassLoader.loadClass(java.lang.String) (ClassLoader.java:312)
06-07 23:30:43.408  6040  6040 I zygote  :   at java.lang.Object java.lang.Class.newInstance() (Class.java:-2)
06-07 23:30:43.408  6040  6040 I zygote  :   at android.app.Application android.app.Instrumentation.newApplication(java.lang.Class, android.content.Context) (Instrumentation.java:1124)
06-07 23:30:43.408  6040  6040 I zygote  :   at android.app.Application android.app.Instrumentation.newApplication(java.lang.ClassLoader, java.lang.String, android.content.Context) (Instrumentation.java:1109)
06-07 23:30:43.408  6040  6040 I zygote  :   at android.app.Application android.app.LoadedApk.makeApplication(boolean, android.app.Instrumentation) (LoadedApk.java:992)
06-07 23:30:43.408  6040  6040 I zygote  :   at void android.app.ActivityThread.handleBindApplication(android.app.ActivityThread$AppBindData) (ActivityThread.java:5829)
06-07 23:30:43.408  6040  6040 I zygote  :   at void android.app.ActivityThread.-wrap1(android.app.ActivityThread, android.app.ActivityThread$AppBindData) (ActivityThread.java:-1)
06-07 23:30:43.408  6040  6040 I zygote  :   at void android.app.ActivityThread$H.handleMessage(android.os.Message) (ActivityThread.java:1697)
06-07 23:30:43.408  6040  6040 I zygote  :   at void android.os.Handler.dispatchMessage(android.os.Message) (Handler.java:106)
06-07 23:30:43.408  6040  6040 I zygote  :   at void android.os.Looper.loop() (Looper.java:164)
06-07 23:30:43.408  6040  6040 I zygote  :   at void android.app.ActivityThread.main(java.lang.String[]) (ActivityThread.java:6626)
