05-30 23:52:26.185  8063  8088 I libglean_ffi: glean_core::ping: Collecting baseline
05-30 23:52:26.190  8063  8088 D libglean_ffi: glean_core::ping: Storing ping '1f349497-ebec-43ff-bab4-0af8e6c6333a' at '/data/user/0/org.mozilla.fennec_aurora/glean_data/pending_pings/1f349497-ebec-43ff-bab4-0af8e6c6333a'
05-30 23:52:26.190  8063  8088 I libglean_ffi: glean_core: The ping 'baseline' was submitted and will be sent as soon as possible
05-30 23:52:26.246  1456  5031 D ConnectivityService: requestNetwork for uid/pid:11361/8063 NetworkRequest [ TRACK_DEFAULT id=56403, [ Capabilities: INTERNET&NOT_RESTRICTED&TRUSTED&NOT_VPN] ]
05-30 23:52:26.247  1456  2099 D Ethernet: got request NetworkRequest [ TRACK_DEFAULT id=56403, [ Capabilities: INTERNET&NOT_RESTRICTED&TRUSTED&NOT_VPN] ] with score 60
05-30 23:52:26.248  1456  2054 D WIFI_UT : got request NetworkRequest [ TRACK_DEFAULT id=56403, [ Capabilities: INTERNET&NOT_RESTRICTED&TRUSTED&NOT_VPN] ] with score 60
05-30 23:52:26.248  1456  2054 D WIFI    : got request NetworkRequest [ TRACK_DEFAULT id=56403, [ Capabilities: INTERNET&NOT_RESTRICTED&TRUSTED&NOT_VPN] ] with score 60
05-30 23:52:26.248  2398  2398 D PhoneSwitcherNetworkRequstListener: got request NetworkRequest [ TRACK_DEFAULT id=56403, [ Capabilities: INTERNET&NOT_RESTRICTED&TRUSTED&NOT_VPN] ] with score 60
05-30 23:52:26.269  8141  8141 D GeckoThread: State changed to LAUNCHED
05-30 23:52:26.269  1456  1471 I ActivityManager: START u0 {act=android.intent.action.VIEW dat=https://example.com/... typ=text/html cmp=org.mozilla.fennec_aurora/org.mozilla.fenix.HomeActivity (has extras)} from uid 11361
05-30 23:52:26.270  8141  8167 I GeckoThread: preparing to run Gecko
05-30 23:52:26.291  8063  8063 D GeckoNetworkManager: Incoming event receivedUpdate for state OnNoListeners -> OnNoListeners
05-30 23:52:26.292  8063  8063 D GeckoNetworkManager: New network state: UP, WIFI, WIFI
05-30 23:52:26.294  1456  1471 I WifiService: getDhcpInfo uid=11361
05-30 23:52:26.298  8063  8068 I zygote  : Do partial code cache collection, code=55KB, data=46KB
05-30 23:52:26.300  8063  8068 I zygote  : After code cache collection, code=47KB, data=42KB
05-30 23:52:26.300  8063  8068 I zygote  : Increasing code cache capacity to 256KB
05-30 23:52:26.337  8063  8140 I Adreno  : QUALCOMM build                   : bb5b86c, I77d3059488
05-30 23:52:26.337  8063  8140 I Adreno  : Build Date                       : 06/07/18
05-30 23:52:26.337  8063  8140 I Adreno  : OpenGL ES Shader Compiler Version: EV031.22.00.01_06
05-30 23:52:26.337  8063  8140 I Adreno  : Local Branch                     : 
05-30 23:52:26.337  8063  8140 I Adreno  : Remote Branch                    : refs/tags/AU_LINUX_ANDROID_LA.UM.6.5.R1.08.01.00.312.086
05-30 23:52:26.337  8063  8140 I Adreno  : Remote Branch                    : NONE
05-30 23:52:26.337  8063  8140 I Adreno  : Reconstruct Branch               : NOTHING
05-30 23:52:26.338  8063  8140 D vndksupport: Loading /vendor/lib/hw/gralloc.msm8937.so from current namespace instead of sphal namespace.
05-30 23:52:26.348  8063  8140 I Adreno  : PFP: 0x005ff087, ME: 0x005ff063
05-30 23:52:26.355  8063  8140 I zygote  : android::hardware::configstore::V1_0::ISurfaceFlingerConfigs::hasWideColorDisplay retrieved: 0
05-30 23:52:26.356  8063  8140 I OpenGLRenderer: Initialized EGL, version 1.4
05-30 23:52:26.356  8063  8140 D OpenGLRenderer: Swap behavior 2
05-30 23:52:26.404  8063  8174 D glean/PingUploadWorker: Processing persisted pings at /data/user/0/org.mozilla.fennec_aurora/glean_data/pending_pings
05-30 23:52:26.404  8063  8174 D glean/PingUploadWorker: Processing ping: 1f349497-ebec-43ff-bab4-0af8e6c6333a
05-30 23:52:26.408  8063  8174 D glean/ConceptFetchHttpUploader: Submitting ping to: https://incoming.telemetry.mozilla.org/submit/org-mozilla-fennec-aurora/baseline/1/1f349497-ebec-43ff-bab4-0af8e6c6333a
05-30 23:52:26.413  1456  2923 I WindowManager: Keep hide if surface has never drawn Window{8dd7ef u0 org.mozilla.fennec_aurora/org.mozilla.fenix.IntentReceiverActivity}
05-30 23:52:26.415  1456  2923 I WindowManager: Failed to capture screenshot of Token{753fe46 ActivityRecord{f9b3a21 u0 org.mozilla.fennec_aurora/org.mozilla.fenix.IntentReceiverActivity t77177 f}} appWin=Window{8dd7ef u0 org.mozilla.fennec_aurora/org.mozilla.fenix.IntentReceiverActivity} drawState=1
05-30 23:52:26.423  8063  8063 I [INFO][Leanplum]: [com.leanplum.LeanplumCloudMessagingProvider::onRegistrationIdReceived::3]: Device registered for push notifications with registration token, cjMLnPyubvg:APA91bH06WCmD3TMuM90iK156Ay3_wS5a6tDaNf7J7YBMHRaqF_thXbflYn45vnbaCIYxGKjwRsJYoAtXjR9EKfYHSB6ppQ87t2q6SjT4fsjyzRSaVHkTwAn-oht9_AbxripYWZHnkBi
05-30 23:52:26.429  8063  8063 D MigrationPushRenewer: Migration state: NONE
05-30 23:52:26.430  8063  8063 D MigrationTelemetryListener: Migration state: NONE
05-30 23:52:26.445  1456  1673 I LaunchCheckinHandler: Displayed org.mozilla.fennec_aurora/org.mozilla.fenix.IntentReceiverActivity,cp,ca,763
05-30 23:52:26.474  8063  8063 D PhoneWindow: Restoring navigation bar divider color to default value = 0x00000000
05-30 23:52:26.551  8063  8063 I NavController: Ignoring popBackStack to destination org.mozilla.fennec_aurora:id/browserFragment as it was not found on the current back stack
05-30 23:52:26.694  8063  8092 D GeckoThread: State changed to PROFILE_READY
05-30 23:52:26.794  8063  8092 D GeckoThread: State changed to RUNNING
05-30 23:52:26.804  8063  8063 I FirefoxAccountStateMachine: Enabling/updating sync with a new SyncConfig: SyncConfig(supportedEngines=[mozilla.components.service.fxa.SyncEngine$History@cdab5ab, mozilla.components.service.fxa.SyncEngine$Bookmarks@9bba408, mozilla.components.service.fxa.SyncEngine$Passwords@70f77a1], syncPeriodInMinutes=240)
05-30 23:52:26.808  8063  8063 I BgSyncManager: Periodic syncing enabled at a 240 interval
05-30 23:52:26.809  8063  8063 I FirefoxAccountStateMachine: Sync is enabled
05-30 23:52:26.814  8063  8092 I Gecko   : -*- nsDNSServiceDiscovery.js : nsDNSServiceDiscovery
05-30 23:52:26.818  8063  8181 I FirefoxAccountStateMachine: Processing event Event$Init for state Start. Next state is Start
05-30 23:52:26.841  8063  8118 D RustNativeSupport: findMegazordLibraryName(places, 0.59.0
05-30 23:52:26.841  8063  8118 D RustNativeSupport: lib in use: none
05-30 23:52:26.842  8063  8118 D RustNativeSupport: lib configured: megazord
05-30 23:52:26.842  8063  8118 D RustNativeSupport: lib version configured: 0.59.0
05-30 23:52:26.843  8063  8118 D RustNativeSupport: settled on megazord
05-30 23:52:26.848  8063  8118 D places_ffi: places_api_new
05-30 23:52:26.852  8063  8181 I FirefoxAccountStateMachine: Ran 'Event$Init' side-effects for state Start, got successive event Event$AccountNotFound
05-30 23:52:26.852  8063  8181 I FirefoxAccountStateMachine: Processing event Event$AccountNotFound for state Start. Next state is NotAuthenticated
05-30 23:52:26.865  8063  8181 D RustNativeSupport: findMegazordLibraryName(fxaclient, 0.59.0
05-30 23:52:26.865  8063  8181 D RustNativeSupport: lib in use: none
05-30 23:52:26.866  8063  8181 D RustNativeSupport: lib configured: megazord
05-30 23:52:26.866  8063  8181 D RustNativeSupport: lib version configured: 0.59.0
05-30 23:52:26.866  8063  8181 D RustNativeSupport: settled on megazord
05-30 23:52:26.868  8063  8181 D fxaclient_ffi: fxa_new
05-30 23:52:26.918  8063  8118 D sql_support::conn_ext: Transaction commited after 42.206463ms
05-30 23:52:26.919  8063  8118 D places_ffi: places_connection_new
05-30 23:52:26.924  8063  8118 D places_ffi: places_connection_new
05-30 23:52:26.951  8063  8195 I Gecko   : [GFX1-]: Failed to create EGLContext!: 0x300c
05-30 23:52:26.952  8063  8063 W GeckoEventDispatcher: No listener for GeckoView:AccessibilityEnabled
05-30 23:52:26.955  8063  8118 D places_ffi: bookmarks_get_all_with_url
05-30 23:52:26.972  8063  8068 I zygote  : Do full code cache collection, code=125KB, data=94KB
05-30 23:52:26.974  8063  8068 I zygote  : After code cache collection, code=94KB, data=55KB
05-30 23:52:26.994  8063  8063 D GeckoNetworkManager: Incoming event enableNotifications for state OnNoListeners -> OnWithListeners
05-30 23:52:26.995  8063  8063 D GeckoNetworkManager: New network state: UP, WIFI, WIFI
05-30 23:52:27.009  8063  8187 W LOTTIE  : Animation contains merge paths. Merge paths are only supported on KitKat+ and must be manually enabled by calling enableMergePathsForKitKatAndAbove().
05-30 23:52:27.017  8063  8092 W ResourceType: Too many attribute references, stopped at: 0x01010099
05-30 23:52:27.025  8063  8181 W FirefoxAccountStateMachine: Got invalid event Event$Init for state NotAuthenticated.
05-30 23:52:27.129  1456  2915 I ActivityManager: Displayed org.mozilla.fennec_aurora/org.mozilla.fenix.HomeActivity: +724ms (total +1s447ms)
05-30 23:52:27.129  1456  2915 I ActivityManager: Fully drawn org.mozilla.fennec_aurora/org.mozilla.fenix.HomeActivity: +724ms (total +1s447ms)
05-30 23:52:27.152  8063  8063 D GeckoNetworkManager: Incoming event receivedUpdate for state OnWithListeners -> OnWithListeners
05-30 23:52:27.154  8063  8063 D GeckoNetworkManager: New network state: UP, WIFI, WIFI
05-30 23:52:27.175  8063  8140 D vndksupport: Loading /vendor/lib/hw/android.hardware.graphics.mapper@2.0-impl.so from current namespace instead of sphal namespace.
05-30 23:52:27.176  8063  8140 D vndksupport: Loading /vendor/lib/hw/gralloc.msm8937.so from current namespace instead of sphal namespace.
05-30 23:52:27.205  8063  8063 W LOTTIE  : Animation contains merge paths but they are disabled.
05-30 23:52:27.230   808   808 I SFPerfTracer:      triggers: (rate: 91:2061546) (compose: 0:7) (post: 0:19) (render: 0:17) (4:11568315 frames) (5:14834035)
05-30 23:52:27.230   808   808 D SFPerfTracer:        layers: (3:12) (NavigationBar#0 (0xb07df000): 0:1159851) (StatusBar#0 (0xb07e3000): 0:2794833) (com.android.systemui.ImageWallpaper#0 (0xb07e7000): 0:108504)* (Sprite#0 (0xb0733000): 0:317)* (DimLayerController/Stack=0#0 (0xb075a000): 0:3866)* (Sprite#1 (0xb077c000): 0:195)* (org.mozilla.fennec_aurora/org.mozilla.fenix.HomeActivity#0 (0xafdb0000): 0:59)- (com.android.launcher3/com.android.launcher3.CustomizationPanelLauncher#0 (0xb0763000): 0:41)* (com.android.launcher3/com.android.launcher3.CustomizationPanelLauncher#1 (0xb0771000): 0:10)* (Splash Screen org.mozilla.fennec_aurora#0 (0xb039b000): 2:23) (org.mozilla.fennec_aurora/org.mozilla.fenix.IntentReceiverActivity#0 (0xafd20000): 0:2)* (org.mozilla.fennec_aurora/org.mozilla.fenix.HomeActivity#0 (0xafdb0000): 4:6)* 
05-30 23:52:27.271  8063  8092 W GeckoEventDispatcher: No listener for GeckoView:AccessibilityEnabled
05-30 23:52:27.293  8063  8092 W ResourceType: Too many attribute references, stopped at: 0x01010099
05-30 23:52:27.314 10849 10849 I MemoryTrimmer: Trimming objects from memory, since app is in the background.
05-30 23:52:27.323 10849 10849 I MemoryTrimmer: Trimming objects from memory, since app is in the background.
05-30 23:52:27.323 10849 15338 I PBSessionCacheImpl: Deleted sessionId[47715996814624924] from persistence.
05-30 23:52:27.328  1456  2915 I WifiService: getWifiEnabledState uid=10073
05-30 23:52:27.334  8063  8068 I zygote  : Do partial code cache collection, code=120KB, data=89KB
05-30 23:52:27.335 10849 10986 W SearchServiceCore: Abort, client detached.
05-30 23:52:27.337  8063  8068 I zygote  : After code cache collection, code=120KB, data=89KB
05-30 23:52:27.337  8063  8068 I zygote  : Increasing code cache capacity to 512KB
05-30 23:52:27.464  8063  8128 D ServiceAllocator: org.mozilla.gecko.process.GeckoChildProcessServices$tab0 updateBindings: FOREGROUND priority, 0 importance, 1 successful binds, 0 failed binds, 0 successful unbinds, 0 failed unbinds
05-30 23:52:27.473  8141  8167 D GeckoThread: State changed to MOZGLUE_READY
05-30 23:52:27.481  8063  8128 D ServiceAllocator: org.mozilla.gecko.process.GeckoChildProcessServices$tab0 updateBindings: FOREGROUND priority, 2 importance, 0 successful binds, 0 failed binds, 0 successful unbinds, 0 failed unbinds
05-30 23:52:27.483  8141  8167 W Settings: Setting animator_duration_scale has moved from android.provider.Settings.System to android.provider.Settings.Global, returning read-only global URI.
05-30 23:52:27.487  8141  8167 E GeckoLibLoad: Load sqlite start
05-30 23:52:27.488  8141  8167 E GeckoLibLoad: Load sqlite done
05-30 23:52:27.489  8141  8167 E GeckoLibLoad: Load nss start
05-30 23:52:27.489  8141  8167 E GeckoLibLoad: Load nss done
05-30 23:52:27.499  8063  8092 I GeckoSession: zerdatime 23425253572 - chrome startup finished
05-30 23:52:27.507  8141  8167 E GeckoLibLoad: Loaded libs in 18.111981ms total, 10ms(10ms) user, 6ms(6ms) system, 0(0) faults
05-30 23:52:27.507  8141  8167 D GeckoThread: State changed to LIBS_READY
05-30 23:52:27.507  8141  8167 W GeckoThread: zerdatime 23425253581 - runGecko
05-30 23:52:27.579  8063  8118 D places_ffi: places_connection_new
05-30 23:52:27.599  8063  8118 D places_ffi: places_note_observation
05-30 23:52:27.636  8063  8118 D sql_support::conn_ext: Transaction commited after 36.112243ms
05-30 23:52:27.639  8063  8115 D places_ffi: places_note_observation
05-30 23:52:27.655  8063  8174 D glean/ConceptFetchHttpUploader: Ping successfully sent (200)
05-30 23:52:27.655  8063  8174 D glean/PingUploadWorker: 1f349497-ebec-43ff-bab4-0af8e6c6333a was deleted: true
05-30 23:52:27.658  8063  8084 I WM-WorkerWrapper: Worker result SUCCESS for Work [ id=734ea784-500f-41e7-b5ea-c4756eb11c3d, tags={ mozilla.telemetry.glean.scheduler.PingUploadWorker, mozac_service_glean_ping_upload_worker } ]
05-30 23:52:27.664  1456  2067 D ConnectivityService: releasing NetworkRequest [ TRACK_DEFAULT id=56403, [ Capabilities: INTERNET&NOT_RESTRICTED&TRUSTED&NOT_VPN] ] (release request)
05-30 23:52:27.672  8141  8167 D GeckoThread: State changed to RUNNING
05-30 23:52:27.681  8063  8115 D sql_support::conn_ext: Transaction commited after 41.394327ms
05-30 23:52:27.713  8141  8167 W ResourceType: Too many attribute references, stopped at: 0x01010099
05-30 23:52:27.749  8063  8092 D GeckoScreenOrientation: unlocking
05-30 23:52:27.793  8063  8063 D GeckoSession: handleMessage GeckoView:PageStart uri=about:blank
05-30 23:52:27.821  8141  8141 D GeckoNetworkManager: Incoming event enableNotifications for state OffNoListeners -> OffWithListeners
05-30 23:52:27.824  8141  8141 D GeckoNetworkManager: New network state: UP, WIFI, WIFI
05-30 23:52:27.827  8063  8063 D GeckoSession: handleMessage GeckoView:LocationChange uri=about:blank
05-30 23:52:27.833  8063  8063 D GeckoSession: handleMessage GeckoView:PageStop uri=null
05-30 23:52:27.840  8063  8063 I SessionStorage/AutoSave: Save: Load finished
05-30 23:52:27.841  8063  8115 D SessionStorage/AutoSave: Delaying save (555ms)
05-30 23:52:27.843  8063  8063 I zygote  : Deoptimizing void kotlin.sequences.FilteringSequence$iterator$1.calcNext() due to JIT inline cache
05-30 23:52:28.181  8063  8063 D App     : Installed browser-icons extension
05-30 23:52:28.184  8063  8063 D GeckoSession: handleMessage GeckoView:ProgressChanged uri=null
05-30 23:52:28.197  8063  8063 D GeckoSession: handleMessage GeckoView:PageStart uri=https://example.com/
05-30 23:52:28.200  8063  8092 D GeckoScreenOrientation: unlocking
05-30 23:52:28.229  8063  8063 I zygote  : Deoptimizing java.lang.Object kotlinx.coroutines.internal.AtomicOp.perform(java.lang.Object) due to JIT inline cache
05-30 23:52:28.230  8063  8063 D mozac-webextensions: Installed extension: mozacWebchannel
05-30 23:52:28.232  8063  8063 D GeckoSession: handleMessage GeckoView:ProgressChanged uri=null
05-30 23:52:28.248  8063  8063 D GeckoSession: handleMessage GeckoView:PageStop uri=null
05-30 23:52:28.249  8063  8063 I SessionStorage/AutoSave: Save: Load finished
05-30 23:52:28.249  8063  8063 D SessionStorage/AutoSave: Skipping save, other job already in flight
05-30 23:52:28.272  8063  8063 D GeckoSession: handleMessage GeckoView:SecurityChanged uri=null
05-30 23:52:28.273  8063  8063 D GeckoSession: handleMessage GeckoView:ProgressChanged uri=null
05-30 23:52:28.281  8063  8063 D GeckoSession: handleMessage GeckoView:PageStart uri=https://example.com/
05-30 23:52:28.316  8063  8063 D GeckoSession: handleMessage GeckoView:LocationChange uri=https://example.com/
05-30 23:52:28.326  8063  8115 I zygote  : Deoptimizing void kotlinx.coroutines.DispatchedTask.run() due to JIT inline cache
05-30 23:52:28.332  8063  8115 D places_ffi: bookmarks_get_all_with_url
05-30 23:52:28.336  8063  8115 I zygote  : Deoptimizing void kotlin.coroutines.jvm.internal.BaseContinuationImpl.resumeWith(java.lang.Object) due to JIT inline cache
05-30 23:52:28.363  8063  8063 D GeckoSession: handleMessage GeckoView:SecurityChanged uri=null
05-30 23:52:28.374  8063  8063 I zygote  : Deoptimizing java.lang.Object mozilla.components.support.ktx.kotlinx.coroutines.flow.FlowKt$filterChanged$1.invokeSuspend(java.lang.Object) due to JIT inline cache
05-30 23:52:28.414  8063  8115 D SessionStorage/AutoSave: Saved state to disk [15ms]
05-30 23:52:28.459  8063  8068 I zygote  : Do full code cache collection, code=249KB, data=153KB
05-30 23:52:28.461  8063  8068 I zygote  : After code cache collection, code=148KB, data=84KB
05-30 23:52:28.487  8063  8115 D places_ffi: places_note_observation
05-30 23:52:28.495  8063  8063 D GeckoSession: handleMessage GeckoView:ProgressChanged uri=null
05-30 23:52:28.505  8063  8063 D GeckoSession: handleMessage GeckoView:ProgressChanged uri=null
05-30 23:52:28.510  8063  8115 D sql_support::conn_ext: Transaction commited after 20.826043ms
05-30 23:52:28.515  8063  8063 D GeckoSession: handleMessage GeckoView:PageStop uri=null
05-30 23:52:28.515  8063  8063 I SessionStorage/AutoSave: Save: Load finished
05-30 23:52:28.516  8063  8115 D SessionStorage/AutoSave: Delaying save (1326ms)
05-30 23:52:28.597  8063  8115 I zygote  : Deoptimizing void kotlinx.coroutines.DispatchedTask.run() due to JIT inline cache
05-30 23:52:28.597  8063  8295 I zygote  : Deoptimizing void kotlinx.coroutines.DispatchedTask.run() due to JIT inline cache
05-30 23:52:28.606  8063  8115 D places_ffi: places_get_visited
05-30 23:52:28.625  8063  8295 D BrowserIcons: Loaded icon (source = GENERATOR): https://example.com/
05-30 23:52:28.742  8063  8063 D mozac-webextensions: Installed extension: mozacReaderview
05-30 23:52:28.757  8063  8063 D mozac-webcompat: Installed WebCompat webextension: webcompat@mozilla.com
05-30 23:52:28.847  8063  8063 D GeckoSession: handleMessage GeckoView:StateUpdated uri=null
05-30 23:52:28.847  8063  8063 W GeckoSession: No history entries found.
05-30 23:52:28.849  8063  8063 I zygote  : Deoptimizing java.lang.Object kotlinx.coroutines.internal.AtomicOp.perform(java.lang.Object) due to JIT inline cache
05-30 23:52:29.190  8063  8063 I zygote  : Deoptimizing java.lang.Object kotlinx.coroutines.JobSupport.tryMakeCompleting(java.lang.Object, java.lang.Object) due to JIT same target
05-30 23:52:29.192  8063  8063 I DefaultSupportedAddonsChecker: Register check for new supported add-ons
05-30 23:52:29.224  8063  8115 I SupportedAddonsWorker: Trying to check for new supported add-ons
05-30 23:52:29.294  8063  8063 I zygote  : Deoptimizing void kotlinx.coroutines.DispatchedTask.run() due to JIT inline cache
05-30 23:52:29.295  8063  8063 I zygote  : Deoptimizing void kotlin.coroutines.jvm.internal.BaseContinuationImpl.resumeWith(java.lang.Object) due to JIT inline cache
05-30 23:52:29.298  8063  8159 I WM-WorkerWrapper: Worker result SUCCESS for Work [ id=0e50787b-f069-4f9f-b73a-78817638d604, tags={ mozilla.components.feature.addons.migration.DefaultSupportedAddonsChecker.periodicWork, mozilla.components.feature.addons.migration.SupportedAddonsWorker } ]
05-30 23:52:29.862  8063  8115 D SessionStorage/AutoSave: Saved state to disk [18ms]
05-30 23:52:31.330  8296  8296 D AndroidRuntime: >>>>>> START com.android.internal.os.RuntimeInit uid 2000 <<<<<<
05-30 23:52:31.344  8296  8296 W app_process: Could not reserve sentinel fault page
05-30 23:52:31.509  8296  8296 I app_process: The ClassLoaderContext is a special shared library.
05-30 23:52:31.574  8296  8296 D AndroidRuntime: Calling main entry com.android.commands.input.Input
05-30 23:52:31.575  8296  8296 I Input   : injectKeyEvent: KeyEvent { action=ACTION_DOWN, keyCode=KEYCODE_HOME, scanCode=0, metaState=0, flags=0x0, repeatCount=0, eventTime=22973219161, downTime=22973219161, deviceId=-1, source=0x101 }
05-30 23:52:31.587  8296  8296 I Input   : injectKeyEvent: KeyEvent { action=ACTION_UP, keyCode=KEYCODE_HOME, scanCode=0, metaState=0, flags=0x0, repeatCount=0, eventTime=22973219161, downTime=22973219161, deviceId=-1, source=0x101 }
05-30 23:52:31.594  1456  1941 I ActivityManager: START u0 {act=android.intent.action.MAIN cat=[android.intent.category.HOME] flg=0x10200000 cmp=com.android.launcher3/.CustomizationPanelLauncher (has extras)} from uid 1000
05-30 23:52:31.594   794   839 E ANDR-PERF-RESOURCEQS: Failed to apply optimization [4, 0]
05-30 23:52:31.600  8296  8296 D AndroidRuntime: Shutting down VM
05-30 23:52:31.612  1456  1473 I ActivityManager: moveHomeStack, setupComplete:true
05-30 23:52:31.632 10849 10934 I Adreno  : QUALCOMM build                   : bb5b86c, I77d3059488
05-30 23:52:31.632 10849 10934 I Adreno  : Build Date                       : 06/07/18
05-30 23:52:31.632 10849 10934 I Adreno  : OpenGL ES Shader Compiler Version: EV031.22.00.01_06
05-30 23:52:31.632 10849 10934 I Adreno  : Local Branch                     : 
05-30 23:52:31.632 10849 10934 I Adreno  : Remote Branch                    : refs/tags/AU_LINUX_ANDROID_LA.UM.6.5.R1.08.01.00.312.086
05-30 23:52:31.632 10849 10934 I Adreno  : Remote Branch                    : NONE
05-30 23:52:31.632 10849 10934 I Adreno  : Reconstruct Branch               : NOTHING
05-30 23:52:31.638 10849 10934 D vndksupport: Loading /vendor/lib/hw/gralloc.msm8937.so from current namespace instead of sphal namespace.
05-30 23:52:31.642  2748  2748 D Launcher.Utilities: Wakeup weather: Intent { act=com.motorola.launcher3.action.WAKEUP_WEATHER cmp=com.motorola.timeweatherwidget/com.motorola.commandcenter.weather.WakeUpService }
05-30 23:52:31.643 10849 10934 I Adreno  : PFP: 0x005ff087, ME: 0x005ff063
05-30 23:52:31.647 10849 10934 I zygote  : android::hardware::configstore::V1_0::ISurfaceFlingerConfigs::hasWideColorDisplay retrieved: 0
05-30 23:52:31.648 10849 10934 I OpenGLRenderer: Initialized EGL, version 1.4
05-30 23:52:31.648 10849 10934 D OpenGLRenderer: Swap behavior 2
05-30 23:52:31.652  1456  1456 I NotificationService: Cannot find enqueued record for key: 0|com.motorola.timeweatherwidget|1|null|10116
05-30 23:52:31.654   808   808 D SurfaceFlinger: duplicate layer name: changing com.android.launcher3/com.android.launcher3.CustomizationPanelLauncher to com.android.launcher3/com.android.launcher3.CustomizationPanelLauncher#1
05-30 23:52:31.681 10849 10920 W ThreadPoolDumper: Queue length for executor EventBus is now 11. Perhaps some tasks are too long, or the pool is too small.
05-30 23:52:31.682  1456  1471 I WifiService: getWifiEnabledState uid=10073
05-30 23:52:31.688  1456  2915 I WifiService: getWifiEnabledState uid=10073
05-30 23:52:31.751  1456  1673 I LaunchCheckinHandler: Displayed com.android.launcher3/.CustomizationPanelLauncher,wp,wa,157
05-30 23:52:31.757  8063  8128 D ServiceAllocator: org.mozilla.gecko.process.GeckoChildProcessServices$tab0 updateBindings: IDLE priority, 6 importance, 0 successful binds, 0 failed binds, 2 successful unbinds, 0 failed unbinds
05-30 23:52:31.766 10849 10986 I MicroDetectionState: Should stop hotword detection immediately - false
05-30 23:52:31.767 10849 10849 I BgTaskExecutorImpl: Starting EXCLUSIVE background task TNG_MINUS_ONE_SYNC.
05-30 23:52:31.770 10849 10986 I MicroDetectionWorker: #startMicroDetector [speakerMode: 0]
05-30 23:52:31.775 10849 10928 I MicroDataManager: isInitializing-false locale not changed-true model not changed-true
05-30 23:52:31.776 10849 10928 I MicroDataManager: Already initialized, obtaining the hotword data immediately.
05-30 23:52:31.777   788  1479 V msm8974_platform: platform_check_input_mask: enter check_input_mask source 6 mask 10
05-30 23:52:31.781 10849 10986 I TngMinusOneSync: Syncing TNG:-1
05-30 23:52:31.783  1012  8310 I AudioFlinger: AudioFlinger's thread 0xb2483700 tid=8310 ready to run
05-30 23:52:31.795 10849 17581 I MicroRecognitionRunner: Starting detection.
05-30 23:52:31.795 10849 17581 I InputStreamUtils: Using micInputStream
05-30 23:52:31.796  8063  8063 D GeckoSession: handleMessage GeckoView:StateUpdated uri=null
05-30 23:52:31.797   788  1479 D audio_hw_primary: in_set_parameters: enter: kvpairs=input_source=6;routing=-2147483644
05-30 23:52:31.798  1012  1301 D APM_AudioPolicyManager: AudioPolicyManager::startInput() input 367150, session 367265, source = 1999
05-30 23:52:31.799 10849 10986 I MicroDetectionWorker: onReady
05-30 23:52:31.800 10849 10986 I HotwordLSAdapter: getAudioSourceOpeningStatus completed: 1
05-30 23:52:31.801   788  8311 V msm8974_platform: platform_update_usecase_from_source: input source :6
05-30 23:52:31.801   788  8311 V msm8974_platform: platform_check_input_mask: enter check_input_mask source 6 mask 10
05-30 23:52:31.801   788  8311 V msm8974_platform: platform_get_input_snd_device: enter: out_device(0) in_device(0x4) channel_count (1) channel_mask (0x10)
05-30 23:52:31.801   788  8311 V msm8974_platform: platform_get_input_snd_device: exit: in_snd_device(voice-rec-mic)
05-30 23:52:31.801   788  8311 V msm8974_platform: platform_get_backend_index:napb: backend port - 5 device - 120 
05-30 23:52:31.801   788  8311 V msm8974_platform: platform_check_and_set_capture_backend_cfg:txbecf: afe: bitwidth 0, samplerate 0, channel 1, backend_idx 5 usecase = 9 device (voice-rec-mic)
05-30 23:52:31.801   788  8311 V msm8974_platform: platform_check_capture_backend_cfg:txbecf: afe: Codec selected backend: 5 current bit width: 0 and sample rate: 0, channels 1
05-30 23:52:31.801   788  8311 V msm8974_platform: platform_check_capture_backend_cfg:txbecf: afe: Codec selected backend: 5 updated bit width: 0 and sample rate: 0
05-30 23:52:31.801   788  8311 I msm8974_platform: platform_check_capture_backend_cfg:txbecf: afe: Codec backend needs to be updated. new bit width: 0 new sample rate: 0 new channel: 1
05-30 23:52:31.802   788  8311 V msm8974_platform: platform_get_backend_index:napb: backend port - 5 device - 120 
05-30 23:52:31.802   788  8311 V msm8974_platform: platform_set_backend_cfg:becf: afe: bitwidth 0, samplerate 0 channels 1, backend_idx 5 device (voice-rec-mic)
05-30 23:52:31.802   788  8311 E msm8974_platform: platform_set_backend_cfg:becf: afe: Could not get ctl for mixer command - SLIM_0_TX Format
05-30 23:52:31.802   788  8311 V msm8974_platform: platform_send_audio_calibration: sending audio calibration for snd_device(120) acdb_id(62)
05-30 23:52:31.802   788  8311 D ACDB-LOADER: ACDB -> send_audio_cal, acdb_id = 62, path = 1, app id = 0x11130, sample rate = 48000
05-30 23:52:31.802   788  8311 D ACDB-LOADER: ACDB -> send_asm_topology
05-30 23:52:31.802   788  8311 D ACDB-LOADER: ACDB -> ACDB_CMD_GET_AUDPROC_STREAM_TOPOLOGY_ID
05-30 23:52:31.802   788  8311 D ACDB-LOADER: ACDB -> send_adm_topology
05-30 23:52:31.802   788  8311 D ACDB-LOADER: ACDB -> ACDB_CMD_GET_AUDPROC_COMMON_TOPOLOGY_ID
05-30 23:52:31.802   788  8311 D ACDB-LOADER: ACDB -> send_audtable
05-30 23:52:31.802   788  8311 D ACDB-LOADER: ACDB -> ACDB_CMD_GET_AUDPROC_COMMON_TABLE_SIZE
05-30 23:52:31.803   788  8311 D ACDB-LOADER: ACDB -> ACDB_CMD_GET_AUDPROC_COMMON_TABLE
05-30 23:52:31.803   788  8311 D ACDB-LOADER: ACDB -> AUDIO_SET_AUDPROC_CAL
05-30 23:52:31.803   788  8311 D ACDB-LOADER: ACDB -> send_audvoltable
05-30 23:52:31.803   788  8311 D ACDB-LOADER: ACDB -> ACDB_CMD_GET_AUDPROC_VOL_STEP_TABLE_SIZE
05-30 23:52:31.803   788  8311 D ACDB-LOADER: ACDB -> ACDB_CMD_GET_AUDPROC_GAIN_DEP_STEP_TABLE, vol index 0
05-30 23:52:31.803   788  8311 D         : Failed to fetch the lookup information of the device 0000003E 
05-30 23:52:31.803   788  8311 D ACDB-LOADER: ACDB -> AUDIO_SET_VOL_CAL cal type = 12
05-30 23:52:31.803   788  8311 D ACDB-LOADER: ACDB -> ACDB_CMD_GET_AUDPROC_STREAM_TABLE_SIZE
05-30 23:52:31.803   788  8311 D ACDB-LOADER: ACDB -> send_audstrmtable
05-30 23:52:31.803   788  8311 D ACDB-LOADER: ACDB -> ACDB_CMD_GET_AUDPROC_STREAM_TABLE_V2
05-30 23:52:31.803   788  8311 D ACDB-LOADER: ACDB -> audstrm_cal->cal_type.cal_data.cal_size = 456
05-30 23:52:31.803   788  8311 D ACDB-LOADER: ACDB -> send_afe_topology
05-30 23:52:31.803   788  8311 D ACDB-LOADER: ACDB -> ACDB_CMD_GET_AFE_TOPOLOGY_ID
05-30 23:52:31.803   788  8311 D ACDB-LOADER: ACDB -> GET_AFE_TOPOLOGY_ID for adcd_id 62, Topology Id 112fb
05-30 23:52:31.803   788  8311 D ACDB-LOADER: ACDB -> send_afe_cal
05-30 23:52:31.803   788  8311 D ACDB-LOADER: ACDB -> ACDB_CMD_GET_AFE_COMMON_TABLE_SIZE
05-30 23:52:31.803   788  8311 D         : Failed to fetch the lookup information of the device 0000003E 
05-30 23:52:31.804   788  8311 E ACDB-LOADER: Error: ACDB_CMD_GET_AFE_COMMON_TABLE_SIZE Returned = -19
05-30 23:52:31.804   788  8311 D ACDB-LOADER: ACDB -> ACDB_CMD_GET_AFE_COMMON_TABLE
05-30 23:52:31.804   788  8311 D         : Failed to fetch the lookup information of the device 0000003E 
05-30 23:52:31.804   788  8311 D ACDB-LOADER: ACDB -> AUDIO_SET_AFE_CAL
05-30 23:52:31.804   788  8311 D ACDB-LOADER: ACDB -> send_hw_delay : acdb_id = 62 path = 1
05-30 23:52:31.804   788  8311 D ACDB-LOADER: ACDB -> ACDB_AVSYNC_INFO: ACDB_CMD_GET_DEVICE_PROPERTY
05-30 23:52:31.804   788  8311 D audio_hw_primary: enable_snd_device: snd_device(120: voice-rec-mic)
05-30 23:52:31.804   788  8311 D audio_route: Apply path: voice-rec-mic
05-30 23:52:31.810   788  8311 V msm8974_platform: platform_get_snd_device_backend_index: enter with device 120
05-30 23:52:31.810   788  8311 E msm8974_platform: platform_get_snd_device_backend_index: BE DAI Name Table is not present
05-30 23:52:31.810   788  8311 V msm8974_platform: platform_get_backend_index:napb: backend port - 5 device - 120 
05-30 23:52:31.810   788  8311 I audio_hw_utils: Set Audio Stream Capture 0 App Type Cfg: app_type 69936, acdb_dev_id 62, sample_rate 48000, snd_device_be_idx -14
05-30 23:52:31.810   788  8311 D audio_hw_primary: enable_audio_route: usecase(9) apply and update mixer path: audio-record
05-30 23:52:31.810   788  8311 D audio_route: Apply path: audio-record
05-30 23:52:31.981  8063  8063 I zygote  : Deoptimizing kotlinx.coroutines.DisposableHandle kotlinx.coroutines.JobSupport.invokeOnCompletion(boolean, boolean, kotlin.jvm.functions.Function1) due to JIT inline cache
05-30 23:52:31.988  8063  8088 I libglean_ffi: glean_core::ping: Collecting startup-timeline
05-30 23:52:31.994  8063  8088 D libglean_ffi: glean_core::ping: Storing ping '8f12fee4-1dac-49d0-9c13-5e70cdc5e65a' at '/data/user/0/org.mozilla.fennec_aurora/glean_data/pending_pings/8f12fee4-1dac-49d0-9c13-5e70cdc5e65a'
05-30 23:52:31.995  8063  8088 I libglean_ffi: glean_core: The ping 'startup-timeline' was submitted and will be sent as soon as possible
05-30 23:52:32.015  6817  6817 I Finsky  : [2] qwn.onTrimMemory(1): Memory trim requested to level 80
05-30 23:52:32.021  1456  2923 D ConnectivityService: requestNetwork for uid/pid:11361/8063 NetworkRequest [ TRACK_DEFAULT id=56405, [ Capabilities: INTERNET&NOT_RESTRICTED&TRUSTED&NOT_VPN] ]
05-30 23:52:32.021  1456  2099 D Ethernet: got request NetworkRequest [ TRACK_DEFAULT id=56405, [ Capabilities: INTERNET&NOT_RESTRICTED&TRUSTED&NOT_VPN] ] with score 60
05-30 23:52:32.022  1456  2054 D WIFI_UT : got request NetworkRequest [ TRACK_DEFAULT id=56405, [ Capabilities: INTERNET&NOT_RESTRICTED&TRUSTED&NOT_VPN] ] with score 60
05-30 23:52:32.022  1456  2054 D WIFI    : got request NetworkRequest [ TRACK_DEFAULT id=56405, [ Capabilities: INTERNET&NOT_RESTRICTED&TRUSTED&NOT_VPN] ] with score 60
05-30 23:52:32.022  8063  8063 I zygote  : Deoptimizing kotlinx.coroutines.internal.LockFreeLinkedListNode kotlinx.coroutines.internal.LockFreeLinkedListNode.correctPrev(kotlinx.coroutines.internal.OpDescriptor) due to JIT inline cache
05-30 23:52:32.022  2398  2398 D PhoneSwitcherNetworkRequstListener: got request NetworkRequest [ TRACK_DEFAULT id=56405, [ Capabilities: INTERNET&NOT_RESTRICTED&TRUSTED&NOT_VPN] ] with score 60
05-30 23:52:32.024  8063  8063 D SessionManager: onTrimMemory(80): clearThumbnails=true, closeEngineSessions=true
05-30 23:52:32.036  8063  8063 D SessionManager: Cleared 8 thumbnail(s) and unlinked 0 engine sessions(s)
05-30 23:52:32.059  8063  8312 D glean/PingUploadWorker: Processing persisted pings at /data/user/0/org.mozilla.fennec_aurora/glean_data/pending_pings
05-30 23:52:32.060  8063  8312 D glean/PingUploadWorker: Processing ping: 8f12fee4-1dac-49d0-9c13-5e70cdc5e65a
05-30 23:52:32.062  8063  8312 D glean/ConceptFetchHttpUploader: Submitting ping to: https://incoming.telemetry.mozilla.org/submit/org-mozilla-fennec-aurora/startup-timeline/1/8f12fee4-1dac-49d0-9c13-5e70cdc5e65a
05-30 23:52:32.128  8063  8063 I glean/Glean: Registering pings for org.mozilla.fenix.GleanMetrics.Pings
05-30 23:52:32.161  1456  7796 I OpenGLRenderer: Initialized EGL, version 1.4
05-30 23:52:32.162  1456  7796 D OpenGLRenderer: Swap behavior 2
05-30 23:52:32.179  8063  8063 D App     : ActivationPing - already generated
05-30 23:52:32.185  8063  8115 I FenixApplication: Running post-visual completeness tasks...
05-30 23:52:32.185  8063  8063 I FenixApplication: Kicking-off account manager...
05-30 23:52:32.186  8063  8115 I FenixApplication: Storage initialization...
05-30 23:52:32.186  8063  8063 I FenixApplication: 'Kicking-off account manager' took 0 ms
05-30 23:52:32.186  8063  8115 I PlacesHistoryStorage: Warming up places storage...
05-30 23:52:32.186  8063  8115 I PlacesHistoryStorage: 'Warming up places storage' took 0 ms
05-30 23:52:32.186  8063  8115 I PlacesBookmarksStorage: Warming up places storage...
05-30 23:52:32.187  8063  8115 I PlacesBookmarksStorage: 'Warming up places storage' took 0 ms
05-30 23:52:32.196  2748  2917 W OpenGLRenderer: Incorrectly called buildLayer on View: ShortcutAndWidgetContainer, destroying layer...
05-30 23:52:32.216  8063  8312 D glean/ConceptFetchHttpUploader: Ping successfully sent (200)
05-30 23:52:32.217  8063  8312 D glean/PingUploadWorker: 8f12fee4-1dac-49d0-9c13-5e70cdc5e65a was deleted: true
05-30 23:52:32.219  8063  8082 I WM-WorkerWrapper: Worker result SUCCESS for Work [ id=31e954df-a295-4eaf-a303-56348f72733f, tags={ mozilla.telemetry.glean.scheduler.PingUploadWorker, mozac_service_glean_ping_upload_worker } ]
05-30 23:52:32.222  8063  8115 I SyncableLoginsStorage: Warming up storage...
05-30 23:52:32.223  1456  2067 D ConnectivityService: releasing NetworkRequest [ TRACK_DEFAULT id=56405, [ Capabilities: INTERNET&NOT_RESTRICTED&TRUSTED&NOT_VPN] ] (release request)
05-30 23:52:32.235  8063  8115 D RustNativeSupport: findMegazordLibraryName(logins, 0.59.0
05-30 23:52:32.235  8063  8115 D RustNativeSupport: lib in use: none
05-30 23:52:32.235  8063  8115 D RustNativeSupport: lib configured: megazord
05-30 23:52:32.235  8063  8115 D RustNativeSupport: lib version configured: 0.59.0
05-30 23:52:32.236  8063  8115 D RustNativeSupport: settled on megazord
05-30 23:52:32.238  8063  8115 D logins_ffi: sync15_passwords_state_new
05-30 23:52:32.299  8063  8063 D GeckoRuntime: Lifecycle: onPause
05-30 23:52:32.299  8063  8063 D GeckoNetworkManager: Incoming event stop for state OnWithListeners -> OffWithListeners
05-30 23:52:32.300  8063  8063 I SessionStorage/AutoSave: Save: Background
05-30 23:52:32.305  8063  8088 I libglean_ffi: glean_core::ping: Collecting baseline
05-30 23:52:32.315  8063  8118 D SessionStorage/AutoSave: Saved state to disk [14ms]
05-30 23:52:32.315  8063  8088 D libglean_ffi: glean_core::ping: Storing ping '3ff187e7-933b-4412-bc41-48e808ea8b11' at '/data/user/0/org.mozilla.fennec_aurora/glean_data/pending_pings/3ff187e7-933b-4412-bc41-48e808ea8b11'
05-30 23:52:32.315  8063  8088 I libglean_ffi: glean_core: The ping 'baseline' was submitted and will be sent as soon as possible
05-30 23:52:32.317  8063  8088 I libglean_ffi: glean_core::ping: Collecting events
05-30 23:52:32.321  8063  8088 D libglean_ffi: glean_core::ping: Storing ping '2abc6fb5-f010-4511-badd-0e4d3567d5c9' at '/data/user/0/org.mozilla.fennec_aurora/glean_data/pending_pings/2abc6fb5-f010-4511-badd-0e4d3567d5c9'
05-30 23:52:32.322  8063  8088 I libglean_ffi: glean_core: The ping 'events' was submitted and will be sent as soon as possible
05-30 23:52:32.347  1456  4829 D ConnectivityService: requestNetwork for uid/pid:11361/8063 NetworkRequest [ TRACK_DEFAULT id=56406, [ Capabilities: INTERNET&NOT_RESTRICTED&TRUSTED&NOT_VPN] ]
05-30 23:52:32.348  1456  2099 D Ethernet: got request NetworkRequest [ TRACK_DEFAULT id=56406, [ Capabilities: INTERNET&NOT_RESTRICTED&TRUSTED&NOT_VPN] ] with score 60
05-30 23:52:32.349  1456  2054 D WIFI_UT : got request NetworkRequest [ TRACK_DEFAULT id=56406, [ Capabilities: INTERNET&NOT_RESTRICTED&TRUSTED&NOT_VPN] ] with score 60
05-30 23:52:32.349  2398  2398 D PhoneSwitcherNetworkRequstListener: got request NetworkRequest [ TRACK_DEFAULT id=56406, [ Capabilities: INTERNET&NOT_RESTRICTED&TRUSTED&NOT_VPN] ] with score 60
05-30 23:52:32.349  1456  2054 D WIFI    : got request NetworkRequest [ TRACK_DEFAULT id=56406, [ Capabilities: INTERNET&NOT_RESTRICTED&TRUSTED&NOT_VPN] ] with score 60
05-30 23:52:32.358  8063  8319 D glean/PingUploadWorker: Processing persisted pings at /data/user/0/org.mozilla.fennec_aurora/glean_data/pending_pings
05-30 23:52:32.359  8063  8319 D glean/PingUploadWorker: Processing ping: 3ff187e7-933b-4412-bc41-48e808ea8b11
05-30 23:52:32.360  8063  8319 D glean/ConceptFetchHttpUploader: Submitting ping to: https://incoming.telemetry.mozilla.org/submit/org-mozilla-fennec-aurora/baseline/1/3ff187e7-933b-4412-bc41-48e808ea8b11
05-30 23:52:32.390   808   898 I SFPerfTracer:      triggers: (rate: 0:1) (0 sw vsyncs) (0 skipped) (41:7456160 vsyncs) (43:14966054)
05-30 23:52:32.651  8063  8319 D glean/ConceptFetchHttpUploader: Ping successfully sent (200)
05-30 23:52:32.651  8063  8319 D glean/PingUploadWorker: 3ff187e7-933b-4412-bc41-48e808ea8b11 was deleted: true
05-30 23:52:32.651  8063  8319 D glean/PingUploadWorker: Processing ping: 2abc6fb5-f010-4511-badd-0e4d3567d5c9
05-30 23:52:32.653  8063  8319 D glean/ConceptFetchHttpUploader: Submitting ping to: https://incoming.telemetry.mozilla.org/submit/org-mozilla-fennec-aurora/events/1/2abc6fb5-f010-4511-badd-0e4d3567d5c9
05-30 23:52:32.813  8063  8319 D glean/ConceptFetchHttpUploader: Ping successfully sent (200)
05-30 23:52:32.813  8063  8319 D glean/PingUploadWorker: 2abc6fb5-f010-4511-badd-0e4d3567d5c9 was deleted: true
05-30 23:52:32.815  8063  8159 I WM-WorkerWrapper: Worker result SUCCESS for Work [ id=53a3af5e-fc25-4e56-93d9-a9bdf0bd0621, tags={ mozilla.telemetry.glean.scheduler.PingUploadWorker, mozac_service_glean_ping_upload_worker } ]
05-30 23:52:32.818  1456  2067 D ConnectivityService: releasing NetworkRequest [ TRACK_DEFAULT id=56406, [ Capabilities: INTERNET&NOT_RESTRICTED&TRUSTED&NOT_VPN] ] (release request)
05-30 23:52:32.832  8063  8063 D SessionManager: onTrimMemory(80): clearThumbnails=true, closeEngineSessions=true
05-30 23:52:32.842 30279 14622 E WakeLock: GCM_HB_ALARM release without a matched acquire!
05-30 23:52:32.848  8063  8063 D SessionManager: Cleared 8 thumbnail(s) and unlinked 0 engine sessions(s)
05-30 23:52:32.855  8063  8115 I SyncableLoginsStorage: 'Warming up storage' took 632 ms
05-30 23:52:32.855  8063  8115 I FenixApplication: 'Storage initialization' took 669 ms
05-30 23:52:33.123  6817  6833 I Finsky  : [576323] kqh.run(3): Stats for Executor: BlockingExecutor ksg@24c658b[Running, pool size = 2, active threads = 0, queued tasks = 0, completed tasks = 12]
05-30 23:52:33.124  6817  6833 I Finsky  : [576323] kqh.run(3): Stats for Executor: LightweightExecutor ksg@5f9c668[Running, pool size = 4, active threads = 0, queued tasks = 0, completed tasks = 72]
05-30 23:52:33.533  6817  6833 I Finsky  : [576323] kqh.run(3): Stats for Executor: bgExecutor ksg@23d5a81[Running, pool size = 4, active threads = 0, queued tasks = 0, completed tasks = 56]
05-30 23:52:36.752  1456  4829 I ActivityManager: Force stopping org.mozilla.fennec_aurora appid=11361 user=0: from pid 8324
05-30 23:52:36.752  1456  4829 I ActivityManager: Killing 8063:org.mozilla.fennec_aurora/u0a1361 (adj 700): stop org.mozilla.fennec_aurora
05-30 23:52:36.755  1456  1605 W zygote  : kill(-8063, 9) failed: No such process
05-30 23:52:36.756  8141  8141 I ServiceChildProcess: Service has been unbound. Stopping.
05-30 23:52:36.757  1456  4829 W ActivityManager: Force removing ActivityRecord{7f017a6 u0 org.mozilla.fennec_aurora/org.mozilla.fenix.HomeActivity t77178}: app died, no saved state
05-30 23:52:36.768  1456  4829 I ActivityManager: Killing 8141:org.mozilla.fennec_aurora:tab0/u0a1361 (adj 0): stop org.mozilla.fennec_aurora
05-30 23:52:36.770  1456  1605 W zygote  : kill(-8063, 9) failed: No such process
05-30 23:52:36.780  2398  2398 D CarrierSvcBindHelper: No carrier app for: 0
05-30 23:52:36.781  2398  2398 D CarrierSvcBindHelper: No carrier app for: 1
05-30 23:52:36.784  1456  1605 W zygote  : kill(-8063, 9) failed: No such process
05-30 23:52:36.837  1456  1673 W ActivityManager: setHasOverlayUi called on unknown pid: 8063
05-30 23:52:36.859  1456  1605 I chatty  : uid=1000(system) ActivityManager identical 5 lines
05-30 23:52:36.875  1456  1605 W zygote  : kill(-8063, 9) failed: No such process
05-30 23:52:36.878  1456  2402 I ActivityManager: START u0 {act=android.intent.action.VIEW dat=https://example.com/... typ=text/html flg=0x10000000 cmp=org.mozilla.fennec_aurora/org.mozilla.fenix.IntentReceiverActivity} from uid 2000
05-30 23:52:36.879   794   839 E ANDR-PERF-RESOURCEQS: Failed to apply optimization [4, 0]
05-30 23:52:36.890  1456  1605 W zygote  : kill(-8063, 9) failed: No such process
05-30 23:52:36.890  1456  1605 I zygote  : Successfully killed process cgroup uid 11361 pid 8063 in 135ms
05-30 23:52:36.890  1456  1605 W zygote  : kill(-8141, 9) failed: No such process
05-30 23:52:36.890  1456  1605 I zygote  : Successfully killed process cgroup uid 11361 pid 8141 in 0ms
05-30 23:52:36.900  1456  5907 I ActivityManager: Start proc 8332:org.mozilla.fennec_aurora/u0a1361 for activity org.mozilla.fennec_aurora/org.mozilla.fenix.IntentReceiverActivity
05-30 23:52:36.988 10849 10986 I MicroDetectionState: Should stop hotword detection immediately - false
05-30 23:52:36.989 10849 10986 I MicroDetector: Keeping mic open: false
05-30 23:52:36.989 10849 10986 I MicroDetector: #shutdownAudioWithAudioLibrary
05-30 23:52:36.989 10849 13434 E DeviceStateChecker: DeviceStateChecker cancelled
05-30 23:52:36.989 10849 10929 I MicroRecognitionRunner: Stopping hotword detection.
05-30 23:52:36.989 10849 17581 W b       : #read failed: read EOF from AudioAccessor.
05-30 23:52:36.990 10849 17581 I MicroRecognitionRunner: Detection finished
05-30 23:52:37.019  8332  8332 D FirebaseApp: com.google.firebase.auth.FirebaseAuth is not linked. Skipping initialization.
05-30 23:52:37.020  8332  8332 D FirebaseApp: com.google.firebase.crash.FirebaseCrash is not linked. Skipping initialization.
05-30 23:52:37.021  8332  8332 I FirebaseInitProvider: FirebaseApp initialization successful
05-30 23:52:37.041   788  1479 D audio_hw_primary: disable_audio_route: usecase(9) reset and update mixer path: audio-record
05-30 23:52:37.042   788  1479 D audio_hw_primary: disable_snd_device: snd_device(120: voice-rec-mic)
05-30 23:52:37.044  1012 26683 D APM_AudioPolicyManager: stopInput() input 367150, session 367265
05-30 23:52:37.045   788  1401 D audio_hw_primary: in_set_parameters: enter: kvpairs=routing=0
05-30 23:52:37.048 10849 10986 I HotwordLSAdapter: stopListeningStatus result: 1
05-30 23:52:37.062  8332  8354 I FA      : Collection disabled with firebase_analytics_collection_enabled=0
05-30 23:52:37.063  8332  8354 I FA      : App measurement is starting up, version: 12780
05-30 23:52:37.063  8332  8354 I FA      : To enable debug logging run: adb shell setprop log.tag.FA VERBOSE
05-30 23:52:37.063  8332  8354 I FA      : To enable faster debug mode event logging run:
05-30 23:52:37.063  8332  8354 I FA      :   adb shell setprop debug.firebase.analytics.app org.mozilla.fennec_aurora
05-30 23:52:37.080  8332  8332 D FennecProfile: profiles.ini: true
05-30 23:52:37.085  8332  8332 D FennecProfile: Ignoring line in [general] section: StartWithLastProfile=1
05-30 23:52:37.085  8332  8332 D FennecProfile: Found 1 profiles
05-30 23:52:37.085  8332  8332 D FennecProfile: Found default profile: FennecProfile(name=default, path=/data/user/0/org.mozilla.fennec_aurora/files/mozilla/zm5kk2ug.default, default=true)
05-30 23:52:37.107  8332  8332 D FennecMigrator: No migrations to run. Fennec install - false.
05-30 23:52:37.128  8332  8332 D FenixApplication: Initializing Glean (uploadEnabled=true, isFennec=true)
05-30 23:52:37.139  8332  8363 D RustNativeSupport: findMegazordLibraryName(viaduct, 0.59.0
05-30 23:52:37.139  8332  8363 D RustNativeSupport: lib in use: none
05-30 23:52:37.139  8332  8363 D RustNativeSupport: lib configured: megazord
05-30 23:52:37.139  8332  8363 D RustNativeSupport: lib version configured: 0.59.0
05-30 23:52:37.139  8332  8363 D RustNativeSupport: settled on megazord
05-30 23:52:37.157  8332  8362 D libglean_ffi: glean_ffi: Android logging should be hooked up!
05-30 23:52:37.163  8332  8362 I glean/Glean: Registering pings for mozilla.telemetry.glean.GleanMetrics.Pings
05-30 23:52:37.166  8332  8332 D GeckoThread: State changed to LAUNCHED
05-30 23:52:37.167  8332  8366 I GeckoThread: preparing to run Gecko
05-30 23:52:37.169  8332  8363 D RustNativeSupport: findMegazordLibraryName(rustlog, 0.59.0
05-30 23:52:37.169  8332  8363 D RustNativeSupport: lib in use: none
05-30 23:52:37.169  8332  8363 D RustNativeSupport: lib configured: megazord
05-30 23:52:37.169  8332  8363 D RustNativeSupport: lib version configured: 0.59.0
05-30 23:52:37.169  8332  8363 D RustNativeSupport: settled on megazord
05-30 23:52:37.175  8332  8366 D GeckoThread: State changed to MOZGLUE_READY
05-30 23:52:37.176  8332  8332 D GeckoRuntime: Lifecycle: onCreate
05-30 23:52:37.176  8332  8362 I libglean_ffi: glean_core: Creating new Glean
05-30 23:52:37.176  8332  8362 D libglean_ffi: glean_core::database: Database path: "/data/user/0/org.mozilla.fennec_aurora/glean_data/db"
05-30 23:52:37.176  8332  8362 I libglean_ffi: glean_core::database: Database initialized
05-30 23:52:37.177  8332  8363 I rc_log_ffi::ios: rc_log adapter initialized!
05-30 23:52:37.180  8332  8362 I libglean_ffi: glean_ffi: Glean initialized
05-30 23:52:37.189  8332  8366 W Settings: Setting animator_duration_scale has moved from android.provider.Settings.System to android.provider.Settings.Global, returning read-only global URI.
05-30 23:52:37.191  8332  8332 I zygote  : Deoptimizing java.lang.Object androidx.collection.SimpleArrayMap.put(java.lang.Object, java.lang.Object) due to JIT inline cache
05-30 23:52:37.193  8332  8366 E GeckoLibLoad: Load sqlite start
05-30 23:52:37.197  8332  8366 E GeckoLibLoad: Load sqlite done
05-30 23:52:37.198  8332  8366 E GeckoLibLoad: Load nss start
05-30 23:52:37.198  8332  8366 E GeckoLibLoad: Load nss done
05-30 23:52:37.217  8332  8362 D glean/MetricsPingSched: The 'metrics' ping was last sent on Sat May 30 00:00:00 EDT 2020
05-30 23:52:37.218  8332  8332 D GleanMetricsService: Enabling Glean.
05-30 23:52:37.220  8332  8362 I glean/MetricsPingSched: The 'metrics' ping was already sent today, Sat May 30 23:52:37 EDT 2020.
05-30 23:52:37.220  8332  8362 D glean/MetricsPingSched: Scheduling the 'metrics' ping in 14842813ms
05-30 23:52:37.224  8332  8366 E GeckoLibLoad: Loaded libs in 25.751617ms total, 13ms(83ms) user, 10ms(13ms) system, 0(0) faults
05-30 23:52:37.224  8332  8332 I glean/Dispatchers: Task queued for execution and delayed until flushed
05-30 23:52:37.224  8332  8366 D GeckoThread: State changed to LIBS_READY
05-30 23:52:37.225  8332  8362 D libglean_ffi: glean_core: Clearing Lifetime::Application metrics
05-30 23:52:37.227  8332  8366 W GeckoThread: zerdatime 23425263301 - runGecko
05-30 23:52:37.229  8332  8332 I AdjustMetricsService: No adjust token defined
05-30 23:52:37.232  8332  8366 D GeckoProfile: Loading profile at: null name: default
05-30 23:52:37.232  8332  8332 D PushConfig: Creating push configuration for autopush.
05-30 23:52:37.235  8332  8366 D GeckoProfile: Found profile dir: /data/user/0/org.mozilla.fennec_aurora/files/mozilla/zm5kk2ug.default
05-30 23:52:37.244  8332  8332 I App     : AutoPushFeature is configured, initializing it...
05-30 23:52:37.244  8332  8373 D AutoPushFeature: Initializing native component with the cached token.
05-30 23:52:37.246  8332  8332 I AutoPushFeature: Checking validity of push subscriptions.
05-30 23:52:37.255  8332  8373 D RustNativeSupport: findMegazordLibraryName(push, 0.59.0
05-30 23:52:37.255  8332  8373 D RustNativeSupport: lib in use: none
05-30 23:52:37.255  8332  8373 D RustNativeSupport: lib configured: megazord
05-30 23:52:37.255  8332  8373 D RustNativeSupport: lib version configured: 0.59.0
05-30 23:52:37.255  8332  8373 D RustNativeSupport: settled on megazord
05-30 23:52:37.261  8332  8332 D FennecProfile: profiles.ini: true
05-30 23:52:37.264  8332  8332 D FennecProfile: Ignoring line in [general] section: StartWithLastProfile=1
05-30 23:52:37.264  8332  8332 D FennecProfile: Found 1 profiles
05-30 23:52:37.265  8332  8332 D FennecProfile: Found default profile: FennecProfile(name=default, path=/data/user/0/org.mozilla.fennec_aurora/files/mozilla/zm5kk2ug.default, default=true)
