--------- beginning of main
06-07 23:51:46.357   788   788 V msm8974_platform: platform_check_input_mask: enter check_input_mask source 6 mask 10
06-07 23:51:46.362  1012 27825 I AudioFlinger: AudioFlinger's thread 0xb2483940 tid=27825 ready to run
06-07 23:51:46.377  1456  1605 W zygote  : kill(-27528, 9) failed: No such process
06-07 23:51:46.377   788   788 D audio_hw_primary: in_set_parameters: enter: kvpairs=input_source=6;routing=-2147483644
06-07 23:51:46.378  1012  4818 D APM_AudioPolicyManager: AudioPolicyManager::startInput() input 383566, session 383681, source = 1999
06-07 23:51:46.379 10673 13820 I MicrophoneInputStream: mic_started  SR : 16000 CC : 16 SO : 1999
06-07 23:51:46.384   788 27826 V msm8974_platform: platform_update_usecase_from_source: input source :6
06-07 23:51:46.385   788 27826 V msm8974_platform: platform_check_input_mask: enter check_input_mask source 6 mask 10
06-07 23:51:46.385   788 27826 V msm8974_platform: platform_get_input_snd_device: enter: out_device(0) in_device(0x4) channel_count (1) channel_mask (0x10)
06-07 23:51:46.385   788 27826 V msm8974_platform: platform_get_input_snd_device: exit: in_snd_device(voice-rec-mic)
06-07 23:51:46.385   788 27826 V msm8974_platform: platform_get_backend_index:napb: backend port - 5 device - 120 
06-07 23:51:46.385   788 27826 V msm8974_platform: platform_check_and_set_capture_backend_cfg:txbecf: afe: bitwidth 0, samplerate 0, channel 1, backend_idx 5 usecase = 9 device (voice-rec-mic)
06-07 23:51:46.385   788 27826 V msm8974_platform: platform_check_capture_backend_cfg:txbecf: afe: Codec selected backend: 5 current bit width: 0 and sample rate: 0, channels 1
06-07 23:51:46.385   788 27826 V msm8974_platform: platform_check_capture_backend_cfg:txbecf: afe: Codec selected backend: 5 updated bit width: 0 and sample rate: 0
06-07 23:51:46.385   788 27826 I msm8974_platform: platform_check_capture_backend_cfg:txbecf: afe: Codec backend needs to be updated. new bit width: 0 new sample rate: 0 new channel: 1
06-07 23:51:46.385   788 27826 V msm8974_platform: platform_get_backend_index:napb: backend port - 5 device - 120 
06-07 23:51:46.385   788 27826 V msm8974_platform: platform_set_backend_cfg:becf: afe: bitwidth 0, samplerate 0 channels 1, backend_idx 5 device (voice-rec-mic)
06-07 23:51:46.385   788 27826 E msm8974_platform: platform_set_backend_cfg:becf: afe: Could not get ctl for mixer command - SLIM_0_TX Format
06-07 23:51:46.385   788 27826 V msm8974_platform: platform_send_audio_calibration: sending audio calibration for snd_device(120) acdb_id(62)
06-07 23:51:46.385   788 27826 D ACDB-LOADER: ACDB -> send_audio_cal, acdb_id = 62, path = 1, app id = 0x11130, sample rate = 48000
06-07 23:51:46.385   788 27826 D ACDB-LOADER: ACDB -> send_asm_topology
06-07 23:51:46.385   788 27826 D ACDB-LOADER: ACDB -> ACDB_CMD_GET_AUDPROC_STREAM_TOPOLOGY_ID
06-07 23:51:46.386   788 27826 D ACDB-LOADER: ACDB -> send_adm_topology
06-07 23:51:46.386   788 27826 D ACDB-LOADER: ACDB -> ACDB_CMD_GET_AUDPROC_COMMON_TOPOLOGY_ID
06-07 23:51:46.386   788 27826 D ACDB-LOADER: ACDB -> send_audtable
06-07 23:51:46.386   788 27826 D ACDB-LOADER: ACDB -> ACDB_CMD_GET_AUDPROC_COMMON_TABLE_SIZE
06-07 23:51:46.386   788 27826 D ACDB-LOADER: ACDB -> ACDB_CMD_GET_AUDPROC_COMMON_TABLE
06-07 23:51:46.386   788 27826 D ACDB-LOADER: ACDB -> AUDIO_SET_AUDPROC_CAL
06-07 23:51:46.386   788 27826 D ACDB-LOADER: ACDB -> send_audvoltable
06-07 23:51:46.386   788 27826 D ACDB-LOADER: ACDB -> ACDB_CMD_GET_AUDPROC_VOL_STEP_TABLE_SIZE
06-07 23:51:46.386   788 27826 D ACDB-LOADER: ACDB -> ACDB_CMD_GET_AUDPROC_GAIN_DEP_STEP_TABLE, vol index 0
06-07 23:51:46.386   788 27826 D         : Failed to fetch the lookup information of the device 0000003E 
06-07 23:51:46.386   788 27826 D ACDB-LOADER: ACDB -> AUDIO_SET_VOL_CAL cal type = 12
06-07 23:51:46.386   788 27826 D ACDB-LOADER: ACDB -> ACDB_CMD_GET_AUDPROC_STREAM_TABLE_SIZE
06-07 23:51:46.386   788 27826 D ACDB-LOADER: ACDB -> send_audstrmtable
06-07 23:51:46.386   788 27826 D ACDB-LOADER: ACDB -> ACDB_CMD_GET_AUDPROC_STREAM_TABLE_V2
06-07 23:51:46.386   788 27826 D ACDB-LOADER: ACDB -> audstrm_cal->cal_type.cal_data.cal_size = 456
06-07 23:51:46.387   788 27826 D ACDB-LOADER: ACDB -> send_afe_topology
06-07 23:51:46.387   788 27826 D ACDB-LOADER: ACDB -> ACDB_CMD_GET_AFE_TOPOLOGY_ID
06-07 23:51:46.387   788 27826 D ACDB-LOADER: ACDB -> GET_AFE_TOPOLOGY_ID for adcd_id 62, Topology Id 112fb
06-07 23:51:46.387   788 27826 D ACDB-LOADER: ACDB -> send_afe_cal
06-07 23:51:46.387   788 27826 D ACDB-LOADER: ACDB -> ACDB_CMD_GET_AFE_COMMON_TABLE_SIZE
06-07 23:51:46.387   788 27826 D         : Failed to fetch the lookup information of the device 0000003E 
06-07 23:51:46.387   788 27826 E ACDB-LOADER: Error: ACDB_CMD_GET_AFE_COMMON_TABLE_SIZE Returned = -19
06-07 23:51:46.387   788 27826 D ACDB-LOADER: ACDB -> ACDB_CMD_GET_AFE_COMMON_TABLE
06-07 23:51:46.387   788 27826 D         : Failed to fetch the lookup information of the device 0000003E 
06-07 23:51:46.387   788 27826 D ACDB-LOADER: ACDB -> AUDIO_SET_AFE_CAL
06-07 23:51:46.387   788 27826 D ACDB-LOADER: ACDB -> send_hw_delay : acdb_id = 62 path = 1
06-07 23:51:46.387   788 27826 D ACDB-LOADER: ACDB -> ACDB_AVSYNC_INFO: ACDB_CMD_GET_DEVICE_PROPERTY
06-07 23:51:46.387   788 27826 D audio_hw_primary: enable_snd_device: snd_device(120: voice-rec-mic)
06-07 23:51:46.387   788 27826 D audio_route: Apply path: voice-rec-mic
06-07 23:51:46.391  1456  1605 W zygote  : kill(-27528, 9) failed: No such process
06-07 23:51:46.392   788 27826 V msm8974_platform: platform_get_snd_device_backend_index: enter with device 120
06-07 23:51:46.392   788 27826 E msm8974_platform: platform_get_snd_device_backend_index: BE DAI Name Table is not present
06-07 23:51:46.392   788 27826 V msm8974_platform: platform_get_backend_index:napb: backend port - 5 device - 120 
06-07 23:51:46.392   788 27826 I audio_hw_utils: Set Audio Stream Capture 0 App Type Cfg: app_type 69936, acdb_dev_id 62, sample_rate 48000, snd_device_be_idx -14
06-07 23:51:46.392   788 27826 D audio_hw_primary: enable_audio_route: usecase(9) apply and update mixer path: audio-record
06-07 23:51:46.392   788 27826 D audio_route: Apply path: audio-record
06-07 23:51:46.406  1456  1605 W zygote  : kill(-27528, 9) failed: No such process
06-07 23:51:46.434  1456  1605 I chatty  : uid=1000(system) ActivityManager identical 2 lines
--------- beginning of system
06-07 23:51:46.438  1456  2236 D ConnectivityService: ConnectivityService NetworkRequestInfo binderDied(NetworkRequest [ TRACK_DEFAULT id=62673, [ Capabilities: INTERNET&NOT_RESTRICTED&TRUSTED&NOT_VPN] ], android.os.BinderProxy@4306eaf)
06-07 23:51:46.438  1456  2067 D ConnectivityService: releasing NetworkRequest [ TRACK_DEFAULT id=62673, [ Capabilities: INTERNET&NOT_RESTRICTED&TRUSTED&NOT_VPN] ] (release request)
06-07 23:51:46.448  1456  1605 W zygote  : kill(-27528, 9) failed: No such process
06-07 23:51:46.463 10673 10717 I MicroDetectionWorker: onReady
06-07 23:51:46.463  1456  1605 W zygote  : kill(-27528, 9) failed: No such process
06-07 23:51:46.468  1456 10366 D ConnectivityService: ConnectivityService NetworkRequestInfo binderDied(NetworkRequest [ TRACK_DEFAULT id=62663, [ Capabilities: INTERNET&NOT_RESTRICTED&TRUSTED&NOT_VPN] ], android.os.BinderProxy@4b2a2bc)
06-07 23:51:46.469  1456 10366 D ConnectivityService: ConnectivityService NetworkRequestInfo binderDied(NetworkRequest [ LISTEN id=62664, [ Capabilities: INTERNET&NOT_RESTRICTED&TRUSTED] ], android.os.BinderProxy@70cc245)
06-07 23:51:46.469  1456  2067 D ConnectivityService: releasing NetworkRequest [ TRACK_DEFAULT id=62663, [ Capabilities: INTERNET&NOT_RESTRICTED&TRUSTED&NOT_VPN] ] (release request)
06-07 23:51:46.484  1456  2920 D ConnectivityService: ConnectivityService NetworkRequestInfo binderDied(NetworkRequest [ LISTEN id=62669, [ Capabilities: INTERNET&NOT_RESTRICTED&TRUSTED] ], android.os.BinderProxy@9fded9a)
06-07 23:51:46.524  1456  1605 I chatty  : uid=1000(system) ActivityManager identical 4 lines
06-07 23:51:46.530  1456  1605 W zygote  : kill(-27528, 9) failed: No such process
06-07 23:51:46.530  1456  1605 I zygote  : Successfully killed process cgroup uid 11390 pid 27528 in 624ms
06-07 23:51:46.530  1456  1605 W zygote  : kill(-27618, 9) failed: No such process
06-07 23:51:46.530  1456  1605 I zygote  : Successfully killed process cgroup uid 11390 pid 27618 in 0ms
06-07 23:51:46.530  1456  1605 W zygote  : kill(-6970, 9) failed: No such process
06-07 23:51:46.531  1456  1605 I zygote  : Successfully killed process cgroup uid 10062 pid 6970 in 0ms
06-07 23:51:46.531  1456  1605 W zygote  : kill(-27285, 9) failed: No such process
06-07 23:51:46.531  1456  1605 I zygote  : Successfully killed process cgroup uid 10030 pid 27285 in 0ms
06-07 23:51:46.531  1456  1605 W zygote  : kill(-6040, 9) failed: No such process
06-07 23:51:46.531  1456  1605 I zygote  : Successfully killed process cgroup uid 10110 pid 6040 in 0ms
06-07 23:51:46.532  1456  1605 W zygote  : kill(-27171, 9) failed: No such process
06-07 23:51:46.532  1456  1605 I zygote  : Successfully killed process cgroup uid 10027 pid 27171 in 0ms
06-07 23:51:46.533  1456  1605 W zygote  : kill(-6642, 9) failed: No such process
06-07 23:51:46.533  1456  1605 I zygote  : Successfully killed process cgroup uid 10062 pid 6642 in 0ms
06-07 23:51:46.534  1456  1605 W zygote  : kill(-27225, 9) failed: No such process
06-07 23:51:46.534  1456  1605 I zygote  : Successfully killed process cgroup uid 10036 pid 27225 in 0ms
06-07 23:51:46.534  1456  1605 W zygote  : kill(-27313, 9) failed: No such process
06-07 23:51:46.548  1456  1605 W zygote  : kill(-27313, 9) failed: No such process
06-07 23:51:46.548  1456  1605 I zygote  : Successfully killed process cgroup uid 10090 pid 27313 in 13ms
06-07 23:51:46.548  1456  1605 W zygote  : kill(-27307, 9) failed: No such process
06-07 23:51:46.548  1456  1605 I zygote  : Successfully killed process cgroup uid 10108 pid 27307 in 0ms
06-07 23:51:46.548  1456  1605 W zygote  : kill(-27507, 9) failed: No such process
06-07 23:51:46.548  1456  1605 I zygote  : Successfully killed process cgroup uid 10044 pid 27507 in 0ms
06-07 23:51:46.549  1456  1605 W zygote  : kill(-27179, 9) failed: No such process
06-07 23:51:46.549  1456  1605 I zygote  : Successfully killed process cgroup uid 1000 pid 27179 in 0ms
06-07 23:51:46.549  1456  1605 W zygote  : kill(-27196, 9) failed: No such process
06-07 23:51:46.549  1456  1605 I zygote  : Successfully killed process cgroup uid 10085 pid 27196 in 0ms
06-07 23:51:46.549  1456  1605 W zygote  : kill(-27386, 9) failed: No such process
06-07 23:51:46.549  1456  1605 I zygote  : Successfully killed process cgroup uid 10114 pid 27386 in 0ms
06-07 23:51:46.550  1456  1605 W zygote  : kill(-5585, 9) failed: No such process
06-07 23:51:46.550  1456  1605 I zygote  : Successfully killed process cgroup uid 11187 pid 5585 in 0ms
06-07 23:51:46.550  1456  1605 W zygote  : kill(-5752, 9) failed: No such process
06-07 23:51:46.550  1456  1605 I zygote  : Successfully killed process cgroup uid 10014 pid 5752 in 0ms
06-07 23:51:46.550  1456  1605 W zygote  : kill(-6724, 9) failed: No such process
06-07 23:51:46.550  1456  1605 I zygote  : Successfully killed process cgroup uid 10031 pid 6724 in 0ms
06-07 23:51:46.551  1456  1605 W zygote  : kill(-5886, 9) failed: No such process
06-07 23:51:46.551  1456  1605 I zygote  : Successfully killed process cgroup uid 10036 pid 5886 in 0ms
06-07 23:51:46.646  1456  4829 I ActivityManager: START u0 {act=android.intent.action.VIEW dat=https://example.com/... typ=text/html flg=0x10000000 cmp=org.mozilla.fennec_aurora/org.mozilla.fenix.IntentReceiverActivity} from uid 2000
06-07 23:51:46.648   794   839 E ANDR-PERF-RESOURCEQS: Failed to apply optimization [4, 0]
06-07 23:51:46.648  2748  2917 W OpenGLRenderer: Incorrectly called buildLayer on View: ShortcutAndWidgetContainer, destroying layer...
06-07 23:51:46.670  1456  2918 I ActivityManager: Start proc 27836:org.mozilla.fennec_aurora/u0a1390 for activity org.mozilla.fennec_aurora/org.mozilla.fenix.IntentReceiverActivity
06-07 23:51:46.761 10673 10717 I MicroDetectionState: Should stop hotword detection immediately - false
06-07 23:51:46.761 10673 10717 I MicroDetector: Keeping mic open: false
06-07 23:51:46.762 10673 10717 I RecognitionAudioControl: #shutdownAudio [requestId: 2323207602588607262, keepAudioOpen: false, forced: true]
06-07 23:51:46.762 10673 10731 E DeviceStateChecker: DeviceStateChecker cancelled
06-07 23:51:46.762 10673 10717 I RecognitionAudioControl: #internalShutdownAudio [requestId: 2323207602588607262]
06-07 23:51:46.762 10673 10717 I RecognitionAudioControl: #internalShutdownAudio [keepAudioOpen: false, forced: true]
06-07 23:51:46.762 10673 10717 I RecognitionAudioControl: #actualShutdownAudio
06-07 23:51:46.762 10673 10717 I AudioController: #shutdown [requestId=2323207602588607262]
06-07 23:51:46.762 10673 10702 I AudioController: internalShutdown
06-07 23:51:46.763 10673 10698 I MicroRecognitionRunner: Stopping hotword detection.
06-07 23:51:46.792 27836 27836 D FirebaseApp: com.google.firebase.auth.FirebaseAuth is not linked. Skipping initialization.
06-07 23:51:46.793 27836 27836 D FirebaseApp: com.google.firebase.crash.FirebaseCrash is not linked. Skipping initialization.
06-07 23:51:46.794 27836 27836 I FirebaseInitProvider: FirebaseApp initialization successful
06-07 23:51:46.825   788   788 D audio_hw_primary: disable_audio_route: usecase(9) reset and update mixer path: audio-record
06-07 23:51:46.826  1456  7796 I OpenGLRenderer: Initialized EGL, version 1.4
06-07 23:51:46.827  1456  7796 D OpenGLRenderer: Swap behavior 2
06-07 23:51:46.827   788   788 D audio_hw_primary: disable_snd_device: snd_device(120: voice-rec-mic)
06-07 23:51:46.829  1012  1301 D APM_AudioPolicyManager: stopInput() input 383566, session 383681
06-07 23:51:46.830   788  1401 D audio_hw_primary: in_set_parameters: enter: kvpairs=routing=0
06-07 23:51:46.831 10673 10702 I MicrophoneInputStream: mic_close  SR : 16000 CC : 16 SO : 1999
06-07 23:51:46.831 10673 10702 E AudioSource: Stop listening is called on already closed AudioSource
06-07 23:51:46.832 10673 10702 I AudioController: Sending AudioStatusChangedBroadcast to :interactor. audioSourceType: NOT_SET, isActive: false
06-07 23:51:46.833 10673 15330 I MicroRecognitionRunner: Detection finished
06-07 23:51:46.843 27836 27856 I FA      : Collection disabled with firebase_analytics_collection_enabled=0
06-07 23:51:46.844 27836 27856 I FA      : App measurement is starting up, version: 12780
06-07 23:51:46.844 27836 27856 I FA      : To enable debug logging run: adb shell setprop log.tag.FA VERBOSE
06-07 23:51:46.844 27836 27856 I FA      : To enable faster debug mode event logging run:
06-07 23:51:46.844 27836 27856 I FA      :   adb shell setprop debug.firebase.analytics.app org.mozilla.fennec_aurora
06-07 23:51:46.849 27836 27836 D FennecProfile: profiles.ini: true
06-07 23:51:46.853 27836 27836 D FennecProfile: Ignoring line in [general] section: StartWithLastProfile=1
06-07 23:51:46.853 27836 27836 D FennecProfile: Found 1 profiles
06-07 23:51:46.854 27836 27836 D FennecProfile: Found default profile: FennecProfile(name=default, path=/data/user/0/org.mozilla.fennec_aurora/files/mozilla/d9h9qwfs.default, default=true)
06-07 23:51:46.876 27836 27836 D FennecMigrator: No migrations to run. Fennec install - false.
06-07 23:51:46.898 27836 27836 D FenixApplication: Initializing Glean (uploadEnabled=true, isFennec=true)
06-07 23:51:46.910 27836 27864 D RustNativeSupport: findMegazordLibraryName(viaduct, 60.0.0
06-07 23:51:46.910 27836 27864 D RustNativeSupport: lib in use: none
06-07 23:51:46.910 27836 27864 D RustNativeSupport: lib configured: megazord
06-07 23:51:46.911 27836 27864 D RustNativeSupport: lib version configured: 60.0.0
06-07 23:51:46.911 27836 27864 D RustNativeSupport: settled on megazord
06-07 23:51:46.931 27836 27863 D libglean_ffi: glean_ffi: Android logging should be hooked up!
06-07 23:51:46.935 27836 27863 I glean/Glean: Registering pings for mozilla.telemetry.glean.GleanMetrics.Pings
06-07 23:51:46.940 27836 27836 D GeckoThread: State changed to LAUNCHED
06-07 23:51:46.941 27836 27867 I GeckoThread: preparing to run Gecko
06-07 23:51:46.949 27836 27863 I libglean_ffi: glean_core: Creating new Glean v31.0.2
06-07 23:51:46.949 27836 27863 D libglean_ffi: glean_core::database: Database path: "/data/user/0/org.mozilla.fennec_aurora/glean_data/db"
06-07 23:51:46.949 27836 27867 D GeckoThread: State changed to MOZGLUE_READY
06-07 23:51:46.950 27836 27863 I libglean_ffi: glean_core::database: Database initialized
06-07 23:51:46.952 27836 27869 I libglean_ffi: glean_core::upload::directory: Processing persisted pings.
06-07 23:51:46.952 27836 27863 I libglean_ffi: glean_ffi: Glean initialized
06-07 23:51:46.956 27836 27863 I libglean_ffi: glean_core::ping: Collecting events
06-07 23:51:46.957 27836 27836 D GeckoRuntime: Lifecycle: onCreate
06-07 23:51:46.958 27836 27864 D RustNativeSupport: findMegazordLibraryName(rustlog, 60.0.0
06-07 23:51:46.958 27836 27864 D RustNativeSupport: lib in use: none
06-07 23:51:46.958 27836 27864 D RustNativeSupport: lib configured: megazord
06-07 23:51:46.958 27836 27864 D RustNativeSupport: lib version configured: 60.0.0
06-07 23:51:46.958 27836 27864 D RustNativeSupport: settled on megazord
06-07 23:51:46.961 27836 27863 D libglean_ffi: glean_core::ping: Storing ping 'a820d407-c3ac-4d8b-ae62-65f0fdeabca3' at '/data/user/0/org.mozilla.fennec_aurora/glean_data/pending_pings/a820d407-c3ac-4d8b-ae62-65f0fdeabca3'
06-07 23:51:46.963 27836 27863 I libglean_ffi: glean_core: The ping 'events' was submitted and will be sent as soon as possible
06-07 23:51:46.964 27836 27864 I rc_log_ffi::ios: rc_log adapter initialized!
06-07 23:51:46.971 27836 27867 W Settings: Setting animator_duration_scale has moved from android.provider.Settings.System to android.provider.Settings.Global, returning read-only global URI.
06-07 23:51:46.975 27836 27867 E GeckoLibLoad: Load sqlite start
06-07 23:51:46.978 27836 27867 E GeckoLibLoad: Load sqlite done
06-07 23:51:46.979 27836 27867 E GeckoLibLoad: Load nss start
06-07 23:51:46.979 27836 27867 E GeckoLibLoad: Load nss done
06-07 23:51:46.980 27836 27836 I zygote  : Deoptimizing java.lang.Object androidx.collection.SimpleArrayMap.put(java.lang.Object, java.lang.Object) due to JIT inline cache
06-07 23:51:46.996 27836 27836 D GleanMetricsService: Enabling Glean.
06-07 23:51:46.997 27836 27863 D glean/MetricsPingSched: The 'metrics' ping was last sent on Sun Jun 07 00:00:00 EDT 2020
06-07 23:51:46.998 27836 27863 I glean/MetricsPingSched: The 'metrics' ping was already sent today, Sun Jun 07 23:51:46 EDT 2020.
06-07 23:51:46.998 27836 27863 D glean/MetricsPingSched: Scheduling the 'metrics' ping in 14893026ms
06-07 23:51:47.008 27836 27867 E GeckoLibLoad: Loaded libs in 28.393909ms total, 6ms(100ms) user, 16ms(40ms) system, 0(1) faults
06-07 23:51:47.008 27836 27867 D GeckoThread: State changed to LIBS_READY
06-07 23:51:47.009 27836 27836 I glean/Dispatchers: Task queued for execution and delayed until flushed
06-07 23:51:47.010 27836 27863 I libglean_ffi: glean_core::ping: Collecting baseline
06-07 23:51:47.013 27836 27867 W GeckoThread: zerdatime 24116413087 - runGecko
06-07 23:51:47.015 27836 27863 D libglean_ffi: glean_core::ping: Storing ping 'b09f0229-abf9-411f-b23d-5dd7271715a1' at '/data/user/0/org.mozilla.fennec_aurora/glean_data/pending_pings/b09f0229-abf9-411f-b23d-5dd7271715a1'
06-07 23:51:47.015 27836 27867 D GeckoProfile: Loading profile at: null name: default
06-07 23:51:47.015 27836 27836 I AdjustMetricsService: No adjust token defined
06-07 23:51:47.017 27836 27836 D PushConfig: Creating push configuration for autopush.
06-07 23:51:47.017 27836 27867 D GeckoProfile: Found profile dir: /data/user/0/org.mozilla.fennec_aurora/files/mozilla/d9h9qwfs.default
06-07 23:51:47.019 27836 27863 I libglean_ffi: glean_core: The ping 'baseline' was submitted and will be sent as soon as possible
06-07 23:51:47.020 27836 27863 D libglean_ffi: glean_core: Clearing Lifetime::Application metrics
06-07 23:51:47.024 27836 27836 I App     : AutoPushFeature is configured, initializing it...
06-07 23:51:47.026  1456  7570 D ConnectivityService: requestNetwork for uid/pid:11390/27836 NetworkRequest [ TRACK_DEFAULT id=62966, [ Capabilities: INTERNET&NOT_RESTRICTED&TRUSTED&NOT_VPN] ]
06-07 23:51:47.027 27836 27836 I AutoPushFeature: Checking validity of push subscriptions.
06-07 23:51:47.028  1456  2099 D Ethernet: got request NetworkRequest [ TRACK_DEFAULT id=62966, [ Capabilities: INTERNET&NOT_RESTRICTED&TRUSTED&NOT_VPN] ] with score 60
06-07 23:51:47.028  1456  2054 D WIFI_UT : got request NetworkRequest [ TRACK_DEFAULT id=62966, [ Capabilities: INTERNET&NOT_RESTRICTED&TRUSTED&NOT_VPN] ] with score 60
06-07 23:51:47.028  1456  2054 D WIFI    : got request NetworkRequest [ TRACK_DEFAULT id=62966, [ Capabilities: INTERNET&NOT_RESTRICTED&TRUSTED&NOT_VPN] ] with score 60
06-07 23:51:47.028  2398  2398 D PhoneSwitcherNetworkRequstListener: got request NetworkRequest [ TRACK_DEFAULT id=62966, [ Capabilities: INTERNET&NOT_RESTRICTED&TRUSTED&NOT_VPN] ] with score 60
06-07 23:51:47.033 27836 27836 D FennecProfile: profiles.ini: true
06-07 23:51:47.036 27836 27836 D FennecProfile: Ignoring line in [general] section: StartWithLastProfile=1
06-07 23:51:47.036 27836 27836 D FennecProfile: Found 1 profiles
06-07 23:51:47.037 27836 27836 D FennecProfile: Found default profile: FennecProfile(name=default, path=/data/user/0/org.mozilla.fennec_aurora/files/mozilla/d9h9qwfs.default, default=true)
06-07 23:51:47.078 27836 27836 D FennecMigrator: This is not a Fennec installation. No migration needed.
06-07 23:51:47.081 27836 27836 D SessionManager: onTrimMemory(15): clearThumbnails=true, closeEngineSessions=true
06-07 23:51:47.082 27836 27836 D SessionManager: Cleared 0 thumbnail(s) and unlinked 0 engine sessions(s)
06-07 23:51:47.084 27836 27863 I libglean_ffi: glean_core: Upload enabled: true
06-07 23:51:47.085 27836 27864 W [WARNING][Leanplum]: [com.leanplum.internal.ActionManager::getLocationManager::8]: Geofencing support requires leanplum-location module and Google Play Services v8.1 and higher.
06-07 23:51:47.085 27836 27864 W [WARNING][Leanplum]: Add this to your build.gradle file:
06-07 23:51:47.085 27836 27864 W [WARNING][Leanplum]: implementation 'com.google.android.gms:play-services-location:8.3.0+'
06-07 23:51:47.085 27836 27864 W [WARNING][Leanplum]: implementation 'com.leanplum:leanplum-location:+'
06-07 23:51:47.092 27836 27867 I Gecko:DumpUtils: Fifo watcher disabled via pref.
06-07 23:51:47.126 27836 27864 I [INFO][Leanplum]: [com.leanplum.monitoring.ExceptionHandler::setContext::6]: LeanplumExceptionHandler could not initialize Exception Reporting.This is expected if you have not included the leanplum-monitoring module
06-07 23:51:47.145 27836 27836 D GeckoRuntime: Lifecycle: onStart
06-07 23:51:47.148 27836 27899 I [INFO][Leanplum]: [com.leanplum.LeanplumFcmProvider::isManifestSetup::11]: Firebase Messaging is setup correctly.
06-07 23:51:47.150 27836 27836 D GeckoRuntime: Lifecycle: onResume
06-07 23:51:47.153 27836 27836 D GeckoNetworkManager: Incoming event start for state OffNoListeners -> OnNoListeners
06-07 23:51:47.155 27836 27836 D GeckoNetworkManager: New network state: UP, WIFI, WIFI
06-07 23:51:47.191 27836 27846 I zygote  : Background concurrent copying GC freed 11975(1014KB) AllocSpace objects, 19(464KB) LOS objects, 50% free, 3MB/7MB, paused 438us total 107.759ms
06-07 23:51:47.191 27836 27867 D GeckoSysInfo: System memory: 1867MB.
06-07 23:51:47.195 27836 27867 D GeckoThread: State changed to JNI_READY
06-07 23:51:47.196 27836 27909 D OpenGLRenderer: HWUI GL Pipeline
06-07 23:51:47.210 27836 27841 I zygote  : Do partial code cache collection, code=24KB, data=29KB
06-07 23:51:47.212 27836 27841 I zygote  : After code cache collection, code=21KB, data=29KB
06-07 23:51:47.212 27836 27841 I zygote  : Increasing code cache capacity to 128KB
06-07 23:51:47.219  1456  4829 I ActivityManager: Start proc 27919:org.mozilla.fennec_aurora:tab0/u0a1390 for service org.mozilla.fennec_aurora/org.mozilla.gecko.process.GeckoChildProcessServices$tab0
06-07 23:51:47.223 27836 27908 D ServiceAllocator: org.mozilla.gecko.process.GeckoChildProcessServices$tab0 updateBindings: BACKGROUND priority, 0 importance, 2 successful binds, 0 failed binds, 0 successful unbinds
06-07 23:51:47.251 27836 27863 I libglean_ffi: glean_core::ping: Collecting baseline
06-07 23:51:47.256 27836 27863 D libglean_ffi: glean_core::ping: Storing ping 'd179cfcb-c8c0-4914-a14d-a01c78507321' at '/data/user/0/org.mozilla.fennec_aurora/glean_data/pending_pings/d179cfcb-c8c0-4914-a14d-a01c78507321'
06-07 23:51:47.258 27836 27863 I libglean_ffi: glean_core: The ping 'baseline' was submitted and will be sent as soon as possible
06-07 23:51:47.259 27836 27934 I libglean_ffi: glean_core::upload: New upload task with id a820d407-c3ac-4d8b-ae62-65f0fdeabca3 (path: /submit/org-mozilla-fennec-aurora/events/1/a820d407-c3ac-4d8b-ae62-65f0fdeabca3)
06-07 23:51:47.264 27836 27934 D glean/ConceptFetchHttpUploader: Submitting ping to: https://incoming.telemetry.mozilla.org/submit/org-mozilla-fennec-aurora/events/1/a820d407-c3ac-4d8b-ae62-65f0fdeabca3
06-07 23:51:47.335  1456  4829 I ActivityManager: START u0 {act=android.intent.action.VIEW dat=https://example.com/... typ=text/html cmp=org.mozilla.fennec_aurora/org.mozilla.fenix.HomeActivity (has extras)} from uid 11390
06-07 23:51:47.353 27836 27836 D GeckoNetworkManager: Incoming event receivedUpdate for state OnNoListeners -> OnNoListeners
06-07 23:51:47.358 27836 27836 D GeckoNetworkManager: New network state: UP, WIFI, WIFI
06-07 23:51:47.359 27836 27841 I zygote  : Do partial code cache collection, code=52KB, data=46KB
06-07 23:51:47.359  1456  7570 I WifiService: getDhcpInfo uid=11390
06-07 23:51:47.361 27836 27841 I zygote  : After code cache collection, code=44KB, data=41KB
06-07 23:51:47.361 27836 27841 I zygote  : Increasing code cache capacity to 256KB
06-07 23:51:47.376 27919 27919 D GeckoThread: State changed to LAUNCHED
06-07 23:51:47.377 27919 27941 I GeckoThread: preparing to run Gecko
06-07 23:51:47.390 27836 27895 D NetworkSecurityConfig: No Network Security Config specified, using platform default
06-07 23:51:47.410  1456  1466 I zygote  : NativeAlloc concurrent copying GC freed 119892(6MB) AllocSpace objects, 33(1572KB) LOS objects, 34% free, 46MB/70MB, paused 468us total 450.851ms
06-07 23:51:47.416 27836 27909 I Adreno  : QUALCOMM build                   : bb5b86c, I77d3059488
06-07 23:51:47.416 27836 27909 I Adreno  : Build Date                       : 06/07/18
06-07 23:51:47.416 27836 27909 I Adreno  : OpenGL ES Shader Compiler Version: EV031.22.00.01_06
06-07 23:51:47.416 27836 27909 I Adreno  : Local Branch                     : 
06-07 23:51:47.416 27836 27909 I Adreno  : Remote Branch                    : refs/tags/AU_LINUX_ANDROID_LA.UM.6.5.R1.08.01.00.312.086
06-07 23:51:47.416 27836 27909 I Adreno  : Remote Branch                    : NONE
06-07 23:51:47.416 27836 27909 I Adreno  : Reconstruct Branch               : NOTHING
06-07 23:51:47.417 27836 27909 D vndksupport: Loading /vendor/lib/hw/gralloc.msm8937.so from current namespace instead of sphal namespace.
06-07 23:51:47.425 27836 27909 I Adreno  : PFP: 0x005ff087, ME: 0x005ff063
06-07 23:51:47.434 27836 27909 I zygote  : android::hardware::configstore::V1_0::ISurfaceFlingerConfigs::hasWideColorDisplay retrieved: 0
06-07 23:51:47.436 27836 27909 I OpenGLRenderer: Initialized EGL, version 1.4
06-07 23:51:47.436 27836 27909 D OpenGLRenderer: Swap behavior 2
06-07 23:51:47.460  1456  7570 I WindowManager: Keep hide if surface has never drawn Window{1aaf08f u0 org.mozilla.fennec_aurora/org.mozilla.fenix.IntentReceiverActivity}
06-07 23:51:47.463  1456  7570 I WindowManager: Failed to capture screenshot of Token{6bd4966 ActivityRecord{63c3dc1 u0 org.mozilla.fennec_aurora/org.mozilla.fenix.IntentReceiverActivity t81097 f}} appWin=Window{1aaf08f u0 org.mozilla.fennec_aurora/org.mozilla.fenix.IntentReceiverActivity} drawState=1
06-07 23:51:47.480 27836 27836 D MigrationPushRenewer: Migration state: NONE
06-07 23:51:47.481 27836 27836 D MigrationTelemetryListener: Migration state: NONE
06-07 23:51:47.496  1456  1673 I LaunchCheckinHandler: Displayed org.mozilla.fennec_aurora/org.mozilla.fenix.IntentReceiverActivity,cp,ca,837
06-07 23:51:47.525 27836 27836 I zygote  : Deoptimizing java.lang.Object kotlin.coroutines.CoroutineContext$plus$1.invoke(java.lang.Object, java.lang.Object) due to JIT inline cache
06-07 23:51:47.529 27836 27836 D PhoneWindow: Restoring navigation bar divider color to default value = 0x00000000
06-07 23:51:47.594 27836 27836 I NavController: Ignoring popBackStack to destination org.mozilla.fennec_aurora:id/browserFragment as it was not found on the current back stack
06-07 23:51:47.731  5625  5654 I PeriodicStatsRunner: PeriodicStatsRunner.call():180 call()
06-07 23:51:47.731  5625  5654 I PeriodicStatsRunner: PeriodicStatsRunner.call():184 No submit PeriodicStats since input started.
06-07 23:51:47.780 27836 27867 D GeckoThread: State changed to PROFILE_READY
06-07 23:51:47.849 27836 27836 I FirefoxAccountStateMachine: Enabling/updating sync with a new SyncConfig: SyncConfig(supportedEngines=[mozilla.components.service.fxa.SyncEngine$History@70f77a1, mozilla.components.service.fxa.SyncEngine$Bookmarks@f8f2dc6, mozilla.components.service.fxa.SyncEngine$Passwords@d0d0187, mozilla.components.service.fxa.SyncEngine$Tabs@a6af8b4], syncPeriodInMinutes=240)
06-07 23:51:47.852 27836 27836 I BgSyncManager: Periodic syncing enabled at a 240 interval
06-07 23:51:47.853 27836 27836 I FirefoxAccountStateMachine: Sync is enabled
06-07 23:51:47.863 27836 27953 I FirefoxAccountStateMachine: Processing event Event$Init for state Start. Next state is Start
06-07 23:51:47.891 27836 27867 D GeckoThread: State changed to RUNNING
06-07 23:51:47.894 27836 27953 I FirefoxAccountStateMachine: Ran 'Event$Init' side-effects for state Start, got successive event Event$AccountNotFound
06-07 23:51:47.895 27836 27953 I FirefoxAccountStateMachine: Processing event Event$AccountNotFound for state Start. Next state is NotAuthenticated
06-07 23:51:47.900 27836 27901 D RustNativeSupport: findMegazordLibraryName(places, 60.0.0
06-07 23:51:47.900 27836 27901 D RustNativeSupport: lib in use: none
06-07 23:51:47.900 27836 27901 D RustNativeSupport: lib configured: megazord
06-07 23:51:47.901 27836 27901 D RustNativeSupport: lib version configured: 60.0.0
06-07 23:51:47.901 27836 27901 D RustNativeSupport: settled on megazord
06-07 23:51:47.907 27836 27901 D places_ffi: places_api_new
06-07 23:51:47.912 27836 27953 D RustNativeSupport: findMegazordLibraryName(fxaclient, 60.0.0
06-07 23:51:47.913 27836 27953 D RustNativeSupport: lib in use: none
06-07 23:51:47.913 27836 27953 D RustNativeSupport: lib configured: megazord
06-07 23:51:47.913 27836 27953 D RustNativeSupport: lib version configured: 60.0.0
06-07 23:51:47.913 27836 27953 D RustNativeSupport: settled on megazord
06-07 23:51:47.914 27836 27867 I Gecko   : -*- nsDNSServiceDiscovery.js : nsDNSServiceDiscovery
06-07 23:51:47.925 27836 27953 D fxaclient_ffi: fxa_new
06-07 23:51:47.973 27836 27901 D sql_support::conn_ext: Transaction commited after 36.317399ms
06-07 23:51:47.975 27836 27901 D places_ffi: places_connection_new
06-07 23:51:47.980 27836 27901 D places_ffi: places_connection_new
06-07 23:51:48.008 27836 27901 D places_ffi: bookmarks_get_all_with_url
06-07 23:51:48.026 27836 27836 W GeckoEventDispatcher: No listener for GeckoView:AccessibilityEnabled
06-07 23:51:48.055 27836 27836 D GeckoNetworkManager: Incoming event enableNotifications for state OnNoListeners -> OnWithListeners
06-07 23:51:48.056 27836 27836 D GeckoNetworkManager: New network state: UP, WIFI, WIFI
06-07 23:51:48.062 27836 27968 I Gecko   : [GFX1-]: Failed to create EGLContext!: 0x300c
06-07 23:51:48.073 27836 27841 I zygote  : Do full code cache collection, code=126KB, data=99KB
06-07 23:51:48.076 27836 27841 I zygote  : After code cache collection, code=93KB, data=60KB
06-07 23:51:48.086 27836 27953 W FirefoxAccountStateMachine: Got invalid event Event$Init for state NotAuthenticated.
06-07 23:51:48.107 27836 27959 W LOTTIE  : Animation contains merge paths. Merge paths are only supported on KitKat+ and must be manually enabled by calling enableMergePathsForKitKatAndAbove().
06-07 23:51:48.110 27836 27867 W ResourceType: Too many attribute references, stopped at: 0x01010099
06-07 23:51:48.181  1456  2916 I ActivityManager: Displayed org.mozilla.fennec_aurora/org.mozilla.fenix.HomeActivity: +728ms (total +1s523ms)
06-07 23:51:48.181  1456  2916 I ActivityManager: Fully drawn org.mozilla.fennec_aurora/org.mozilla.fenix.HomeActivity: +728ms (total +1s523ms)
06-07 23:51:48.193 27836 27836 D GeckoNetworkManager: Incoming event receivedUpdate for state OnWithListeners -> OnWithListeners
06-07 23:51:48.196 27836 27836 D GeckoNetworkManager: New network state: UP, WIFI, WIFI
06-07 23:51:48.225 27836 27909 D vndksupport: Loading /vendor/lib/hw/android.hardware.graphics.mapper@2.0-impl.so from current namespace instead of sphal namespace.
06-07 23:51:48.226 27836 27909 D vndksupport: Loading /vendor/lib/hw/gralloc.msm8937.so from current namespace instead of sphal namespace.
06-07 23:51:48.351 27836 27867 W GeckoEventDispatcher: No listener for GeckoView:AccessibilityEnabled
06-07 23:51:48.366 27836 27867 W ResourceType: Too many attribute references, stopped at: 0x01010099
06-07 23:51:48.511 27836 27908 D ServiceAllocator: org.mozilla.gecko.process.GeckoChildProcessServices$tab0 updateBindings: FOREGROUND priority, 0 importance, 1 successful binds, 0 failed binds, 0 successful unbinds
06-07 23:51:48.527 27919 27941 D GeckoThread: State changed to MOZGLUE_READY
06-07 23:51:48.536 27836 27908 D ServiceAllocator: org.mozilla.gecko.process.GeckoChildProcessServices$tab0 updateBindings: FOREGROUND priority, 2 importance, 0 successful binds, 0 failed binds, 0 successful unbinds
06-07 23:51:48.537 27919 27941 W Settings: Setting animator_duration_scale has moved from android.provider.Settings.System to android.provider.Settings.Global, returning read-only global URI.
06-07 23:51:48.544 27919 27941 E GeckoLibLoad: Load sqlite start
06-07 23:51:48.547 27836 27836 W LOTTIE  : Animation contains merge paths but they are disabled.
06-07 23:51:48.547 27919 27941 E GeckoLibLoad: Load sqlite done
06-07 23:51:48.547 27919 27941 E GeckoLibLoad: Load nss start
06-07 23:51:48.547 27919 27941 E GeckoLibLoad: Load nss done
06-07 23:51:48.558 27836 27867 I GeckoSession: zerdatime 24116414631 - chrome startup finished
06-07 23:51:48.576 27919 27941 E GeckoLibLoad: Loaded libs in 27.978180ms total, 16ms(16ms) user, 10ms(6ms) system, 0(0) faults
06-07 23:51:48.576 27919 27941 D GeckoThread: State changed to LIBS_READY
06-07 23:51:48.576 27919 27941 W GeckoThread: zerdatime 24116414650 - runGecko
06-07 23:51:48.599 27836 27841 I zygote  : Do partial code cache collection, code=124KB, data=89KB
06-07 23:51:48.602 27836 27841 I zygote  : After code cache collection, code=124KB, data=89KB
06-07 23:51:48.602 27836 27841 I zygote  : Increasing code cache capacity to 512KB
06-07 23:51:48.668 10673 10673 I MemoryTrimmer: Trimming objects from memory, since app is in the background.
06-07 23:51:48.710   808   808 I SFPerfTracer:      triggers: (rate: 97:2069796) (compose: 0:7) (post: 0:19) (render: 0:17) (0:11818725 frames) (1:15205119)
06-07 23:51:48.710   808   808 D SFPerfTracer:        layers: (5:12) (NavigationBar#0 (0xb07df000): 0:1203190) (StatusBar#0 (0xb07e3000): 0:2898327) (com.android.systemui.ImageWallpaper#0 (0xb07e7000): 0:112640)* (Sprite#0 (0xb0733000): 0:317)* (DimLayerController/Stack=0#0 (0xb075a000): 0:3866)* (Sprite#1 (0xb077c000): 0:195)* (org.mozilla.fennec_aurora/org.mozilla.fenix.HomeActivity#0 (0xafdee000): 0:54)- (com.android.launcher3/com.android.launcher3.CustomizationPanelLauncher#0 (0xb0763000): 0:37)* (com.android.launcher3/com.android.launcher3.CustomizationPanelLauncher#1 (0xb0771000): 0:8)* (Splash Screen org.mozilla.fennec_aurora#0 (0xb039b000): 0:32)- (org.mozilla.fennec_aurora/org.mozilla.fenix.IntentReceiverActivity#0 (0xafd20000): 0:2)- (org.mozilla.fennec_aurora/org.mozilla.fenix.HomeActivity#0 (0xafdee000): 1:18) 
06-07 23:51:48.714 10673 13820 I PBSessionCacheImpl: Deleted sessionId[46941942000307759] from persistence.
06-07 23:51:48.715 10673 10673 I MemoryTrimmer: Trimming objects from memory, since app is in the background.
06-07 23:51:48.728 27836 27934 I libglean_ffi: glean_core::upload: Ping a820d407-c3ac-4d8b-ae62-65f0fdeabca3 successfully sent 200.
06-07 23:51:48.728 27836 27934 I libglean_ffi: glean_core::upload::directory: File was deleted /data/user/0/org.mozilla.fennec_aurora/glean_data/pending_pings/a820d407-c3ac-4d8b-ae62-65f0fdeabca3
06-07 23:51:48.729 27836 27864 D places_ffi: places_connection_new
06-07 23:51:48.729  1456  5027 I WifiService: getWifiEnabledState uid=10073
06-07 23:51:48.737 27836 27934 I libglean_ffi: glean_core::upload: New upload task with id b09f0229-abf9-411f-b23d-5dd7271715a1 (path: /submit/org-mozilla-fennec-aurora/baseline/1/b09f0229-abf9-411f-b23d-5dd7271715a1)
06-07 23:51:48.739 27836 27934 D glean/ConceptFetchHttpUploader: Submitting ping to: https://incoming.telemetry.mozilla.org/submit/org-mozilla-fennec-aurora/baseline/1/b09f0229-abf9-411f-b23d-5dd7271715a1
06-07 23:51:48.739 10673 10717 W SearchServiceCore: Abort, client detached.
06-07 23:51:48.760 27836 27864 D places_ffi: places_note_observation
06-07 23:51:48.760 27919 27941 D GeckoThread: State changed to RUNNING
06-07 23:51:48.807 27919 27941 W ResourceType: Too many attribute references, stopped at: 0x01010099
06-07 23:51:48.834 27836 27864 D sql_support::conn_ext: Transaction commited after 72.327715ms
06-07 23:51:48.834 27836 27867 D GeckoScreenOrientation: unlocking
06-07 23:51:48.838 27836 27887 D places_ffi: places_note_observation
06-07 23:51:48.869   808   898 I SFPerfTracer:      triggers: (rate: 0:1) (0 sw vsyncs) (0 skipped) (17:7702495 vsyncs) (19:15344022)
06-07 23:51:48.873 27836 27887 D sql_support::conn_ext: Transaction commited after 34.861202ms
06-07 23:51:48.881 27836 27836 D GeckoSession: handleMessage GeckoView:PageStart uri=about:blank
06-07 23:51:48.910 27919 27919 D GeckoNetworkManager: Incoming event enableNotifications for state OffNoListeners -> OffWithListeners
06-07 23:51:48.912 27919 27919 D GeckoNetworkManager: New network state: UP, WIFI, WIFI
06-07 23:51:48.917 27836 27836 D GeckoSession: handleMessage GeckoView:LocationChange uri=about:blank
06-07 23:51:48.924 27836 27836 D GeckoSession: handleMessage GeckoView:PageStop uri=null
06-07 23:51:48.935 27836 27836 I SessionStorage/AutoSave: Save: Load finished
06-07 23:51:48.937 27836 27887 D SessionStorage/AutoSave: Delaying save (510ms)
06-07 23:51:48.959 27836 27934 I libglean_ffi: glean_core::upload: Ping b09f0229-abf9-411f-b23d-5dd7271715a1 successfully sent 200.
06-07 23:51:48.959 27836 27934 I libglean_ffi: glean_core::upload::directory: File was deleted /data/user/0/org.mozilla.fennec_aurora/glean_data/pending_pings/b09f0229-abf9-411f-b23d-5dd7271715a1
06-07 23:51:48.965 27836 27934 I libglean_ffi: glean_core::upload: New upload task with id d179cfcb-c8c0-4914-a14d-a01c78507321 (path: /submit/org-mozilla-fennec-aurora/baseline/1/d179cfcb-c8c0-4914-a14d-a01c78507321)
06-07 23:51:48.967 27836 27836 I zygote  : Deoptimizing void kotlin.sequences.FilteringSequence$iterator$1.calcNext() due to JIT inline cache
06-07 23:51:48.967 27836 27934 D glean/ConceptFetchHttpUploader: Submitting ping to: https://incoming.telemetry.mozilla.org/submit/org-mozilla-fennec-aurora/baseline/1/d179cfcb-c8c0-4914-a14d-a01c78507321
06-07 23:51:48.969 27836 27836 D GeckoSession: handleMessage GeckoView:ProgressChanged uri=null
06-07 23:51:48.970 27836 27867 D GeckoScreenOrientation: unlocking
06-07 23:51:48.980 27836 27836 D GeckoSession: handleMessage GeckoView:PageStart uri=https://example.com/
06-07 23:51:49.009 27836 27836 D GeckoSession: handleMessage GeckoView:ProgressChanged uri=null
06-07 23:51:49.019 27836 27836 D GeckoSession: handleMessage GeckoView:PageStop uri=null
06-07 23:51:49.019 27836 27836 I SessionStorage/AutoSave: Save: Load finished
06-07 23:51:49.019 27836 27836 D SessionStorage/AutoSave: Skipping save, other job already in flight
06-07 23:51:49.034 27836 27836 I zygote  : Deoptimizing void kotlin.coroutines.jvm.internal.ContinuationImpl.<init>(kotlin.coroutines.Continuation) due to JIT inline cache
06-07 23:51:49.050 27836 27836 D GeckoSession: handleMessage GeckoView:SecurityChanged uri=null
06-07 23:51:49.051 27836 27836 D GeckoSession: handleMessage GeckoView:ProgressChanged uri=null
06-07 23:51:49.062 27836 27836 D GeckoSession: handleMessage GeckoView:PageStart uri=https://example.com/
06-07 23:51:49.405 27836 27836 D App     : Installed browser-icons extension
06-07 23:51:49.408 27836 27836 I zygote  : Deoptimizing kotlin.coroutines.CoroutineContext kotlinx.coroutines.CoroutineContextKt.newCoroutineContext(kotlinx.coroutines.CoroutineScope, kotlin.coroutines.CoroutineContext) due to JIT inline cache
06-07 23:51:49.409 27836 27836 D mozac-webextensions: Installed extension: mozacWebchannel
06-07 23:51:49.434 27836 27836 I zygote  : Deoptimizing java.lang.Object mozilla.components.support.ktx.kotlinx.coroutines.flow.FlowKt$filterChanged$1.invokeSuspend(java.lang.Object) due to JIT inline cache
06-07 23:51:49.435 27836 27836 I zygote  : Deoptimizing kotlin.coroutines.CoroutineContext kotlin.coroutines.AbstractCoroutineContextElement.plus(kotlin.coroutines.CoroutineContext) due to JIT inline cache
06-07 23:51:49.453 27836 27887 D SessionStorage/AutoSave: Saved state to disk [4ms]
06-07 23:51:49.454 27836 27887 I zygote  : Deoptimizing void kotlinx.coroutines.DispatchedTask.run() due to JIT inline cache
06-07 23:51:49.503 27836 27836 D WebExtension: handleMessage GeckoView:PageAction:Update
06-07 23:51:49.510 27836 27836 D GeckoSession: handleMessage GeckoView:LocationChange uri=https://example.com/
06-07 23:51:49.511 27836 27867 W GeckoEventDispatcher: No listener for GeckoView:PageAction:Update
06-07 23:51:49.527 27836 27887 D places_ffi: bookmarks_get_all_with_url
06-07 23:51:49.530 27836 27887 I zygote  : Deoptimizing void kotlin.coroutines.jvm.internal.BaseContinuationImpl.resumeWith(java.lang.Object) due to JIT inline cache
06-07 23:51:49.532 27836 27841 I zygote  : Do full code cache collection, code=254KB, data=156KB
06-07 23:51:49.535 27836 27841 I zygote  : After code cache collection, code=147KB, data=81KB
06-07 23:51:49.552 27836 27836 I zygote  : Deoptimizing java.lang.Object mozilla.components.support.ktx.kotlinx.coroutines.flow.FlowKt$ifChanged$$inlined$filter$1$2.emit(java.lang.Object, kotlin.coroutines.Continuation) due to JIT inline cache
06-07 23:51:49.553 27836 27836 D GeckoSession: handleMessage GeckoView:SecurityChanged uri=null
06-07 23:51:49.698 27836 27934 I libglean_ffi: glean_core::upload: Ping d179cfcb-c8c0-4914-a14d-a01c78507321 successfully sent 200.
06-07 23:51:49.698 27836 27934 I libglean_ffi: glean_core::upload::directory: File was deleted /data/user/0/org.mozilla.fennec_aurora/glean_data/pending_pings/d179cfcb-c8c0-4914-a14d-a01c78507321
06-07 23:51:49.702 27836 27934 I libglean_ffi: glean_core::upload: No more pings to upload! You are done.
06-07 23:51:49.705 27836 27874 I WM-WorkerWrapper: Worker result SUCCESS for Work [ id=601b2918-f460-43e1-9b97-0caf9c230c46, tags={ mozilla.telemetry.glean.scheduler.PingUploadWorker, mozac_service_glean_ping_upload_worker } ]
06-07 23:51:49.711  1456  2067 D ConnectivityService: releasing NetworkRequest [ TRACK_DEFAULT id=62966, [ Capabilities: INTERNET&NOT_RESTRICTED&TRUSTED&NOT_VPN] ] (release request)
06-07 23:51:49.740 27836 27887 D places_ffi: places_note_observation
06-07 23:51:49.753 27836 27836 D GeckoSession: handleMessage GeckoView:ProgressChanged uri=null
06-07 23:51:49.761 27836 27887 D sql_support::conn_ext: Transaction commited after 20.649585ms
06-07 23:51:49.763 27836 27836 D GeckoSession: handleMessage GeckoView:ProgressChanged uri=null
06-07 23:51:49.763 27836 27887 I zygote  : Deoptimizing void kotlinx.coroutines.DispatchedTask.run() due to JIT inline cache
06-07 23:51:49.771 27836 27836 D GeckoSession: handleMessage GeckoView:PageStop uri=null
06-07 23:51:49.771 27836 27836 I SessionStorage/AutoSave: Save: Load finished
06-07 23:51:49.772 27836 27887 D SessionStorage/AutoSave: Delaying save (1164ms)
06-07 23:51:49.805 27836 27836 D WebExtension: handleMessage GeckoView:WebExtension:Message
06-07 23:51:49.839 27836 27836 D WebExtension: handleMessage GeckoView:WebExtension:Connect
06-07 23:51:49.860 27836 28079 D BrowserIcons: Loaded icon (source = GENERATOR): https://example.com/
06-07 23:51:49.860 27836 28079 I zygote  : Deoptimizing void kotlin.coroutines.jvm.internal.BaseContinuationImpl.resumeWith(java.lang.Object) due to JIT inline cache
06-07 23:51:49.984 27836 27887 D places_ffi: places_get_visited
06-07 23:51:49.997 27836 27890 D ThumbnailStorage: Saved thumbnail to disk (sessionIdOrUrl = 96323164-5245-48fd-9a7f-c6fb9f69973a, generationId = 58)
06-07 23:51:50.083 27836 27836 I zygote  : Deoptimizing kotlin.coroutines.CoroutineContext kotlinx.coroutines.CoroutineContextKt.newCoroutineContext(kotlinx.coroutines.CoroutineScope, kotlin.coroutines.CoroutineContext) due to JIT inline cache
06-07 23:51:50.944 27836 27887 D SessionStorage/AutoSave: Saved state to disk [6ms]
06-07 23:51:51.081  2360  2360 D MayaFrameworkProxyService: receive intent :Intent { act=android.intent.action.PACKAGE_CHANGED dat=package:org.mozilla.fennec_aurora flg=0x45000010 (has extras) }
06-07 23:51:51.084  1456  1942 I InputReader: Reconfiguring input devices.  changes=0x00000010
06-07 23:51:51.091  1456  1600 W ResourceType: No known package when getting value for resource number 0x7f0801a9
06-07 23:51:51.091  1456  1600 W ResourceType: No known package when getting value for resource number 0x7f130126
06-07 23:51:51.091  1456  1600 W ResourceType: No known package when getting value for resource number 0x7f130126
06-07 23:51:51.092  1456  1600 W ResourceType: No known package when getting value for resource number 0x7f0801a7
06-07 23:51:51.092  1456  1600 W ResourceType: No known package when getting value for resource number 0x7f130125
06-07 23:51:51.092  1456  1600 W ResourceType: No known package when getting value for resource number 0x7f130125
06-07 23:51:51.124  1456  1456 I TelecomService: DefaultDialerCache: Refreshing default dialer for user 0: now com.android.dialer: DDC.oR@T9M
06-07 23:51:51.129  2398  2398 D ImsResolver: maybeAddedImsService, packageName: org.mozilla.fennec_aurora
06-07 23:51:51.132  2398  2398 D CarrierSvcBindHelper: No carrier app for: 0
06-07 23:51:51.133  2398  2398 D CarrierSvcBindHelper: No carrier app for: 1
06-07 23:51:51.147  5625  5654 I PeriodicStatsRunner: PeriodicStatsRunner.call():180 call()
06-07 23:51:51.147  5625  5654 I PeriodicStatsRunner: PeriodicStatsRunner.call():184 No submit PeriodicStats since input started.
06-07 23:51:51.149  1165 28088 I Fitness : OnPackageChangedOperation got intent: Intent { act=android.intent.action.PACKAGE_CHANGED dat=package:org.mozilla.fennec_aurora flg=0x45000010 cmp=com.google.android.gms/.chimera.PersistentIntentOperationService (has extras) } [CONTEXT service_id=17 ]
06-07 23:51:51.149  2398  2398 E VvmPkgInstalledRcvr: cannot create TelephonyManager from ComponentInfo{com.android.phone/com.android.services.telephony.TelephonyConnectionService}, [****], UserHandle{0}
06-07 23:51:51.150  1165 28087 I Fitness : FitCleanupIntentOperation received Intent android.intent.action.PACKAGE_CHANGED [CONTEXT service_id=17 ]
06-07 23:51:51.193 27836 27836 D mozac-webextensions: Installed extension: mozacReaderview
06-07 23:51:51.193 27836 27836 I Choreographer: Skipped 66 frames!  The application may be doing too much work on its main thread.
06-07 23:51:51.194 27836 27836 D GeckoSession: handleMessage GeckoView:StateUpdated uri=null
06-07 23:51:51.195 27836 27836 W GeckoSession: No history entries found.
06-07 23:51:51.206 27836 27836 D mozac-webcompat-reporter: Installed WebCompat Reporter webextension: webcompat-reporter@mozilla.org
06-07 23:51:51.207 27836 27836 D mozac-webcompat: Installed WebCompat webextension: webcompat@mozilla.com
06-07 23:51:51.230 27836 27836 I zygote  : Deoptimizing java.lang.Object kotlinx.coroutines.JobSupport.tryMakeCompleting(java.lang.Object, java.lang.Object) due to JIT same target
06-07 23:51:51.232 27836 27836 I DefaultSupportedAddonsChecker: Register check for new supported add-ons
06-07 23:51:51.317  1145 30075 I Icing   : Indexing com.google.android.gms-internal.3p:MobileApplication from com.google.android.gms using seqno 2511 [CONTEXT service_id=21 ]
06-07 23:51:51.321 27836 27887 I SupportedAddonsWorker: Trying to check for new supported add-ons
06-07 23:51:51.416 27836 27836 I zygote  : Deoptimizing void kotlinx.coroutines.DispatchedTask.run() due to JIT inline cache
06-07 23:51:51.418 27836 27836 I zygote  : Deoptimizing void kotlin.coroutines.jvm.internal.BaseContinuationImpl.resumeWith(java.lang.Object) due to JIT inline cache
06-07 23:51:51.423  2340  2441 I QCNEJ   : |CORE| CNE received action RSSI/Link Changed events: android.net.wifi.RSSI_CHANGED
06-07 23:51:51.423  2340  2441 D QCNEJ   : |CORE| Updating RSSI: -66
06-07 23:51:51.430 27836 27859 I WM-WorkerWrapper: Worker result SUCCESS for Work [ id=2af283dd-bbcc-4de0-a526-3672bad5ddc1, tags={ mozilla.components.feature.addons.migration.DefaultSupportedAddonsChecker.periodicWork, mozilla.components.feature.addons.migration.SupportedAddonsWorker } ]
