06-20 23:53:19.842  9383  9383 D SessionStorage/AutoSave: Skipping save, other job already in flight
06-20 23:53:19.873  9383  9383 I zygote  : Deoptimizing java.lang.Object mozilla.components.support.ktx.kotlinx.coroutines.flow.FlowKt$filterChanged$1.invokeSuspend(java.lang.Object) due to JIT inline cache
06-20 23:53:19.879  9383  9383 D GeckoSession: handleMessage GeckoView:SecurityChanged uri=null
06-20 23:53:19.880  9383  9383 D GeckoSession: handleMessage GeckoView:ProgressChanged uri=null
06-20 23:53:19.891  9383  9383 D GeckoSession: handleMessage GeckoView:PageStart uri=https://example.com/
06-20 23:53:19.902  9383  9412 W GeckoEventDispatcher: No listener for GeckoView:PageAction:Update
06-20 23:53:19.946  9383  9383 D WebExtension: handleMessage GeckoView:PageAction:Update
06-20 23:53:19.946  9383  9383 D GeckoSession: handleMessage GeckoView:LocationChange uri=https://example.com/
06-20 23:53:19.962  9383  9410 D places_ffi: bookmarks_get_all_with_url
06-20 23:53:19.982  9383  9383 D GeckoSession: handleMessage GeckoView:SecurityChanged uri=null
06-20 23:53:19.996  9383  9383 D App     : Installed browser-icons extension
06-20 23:53:20.017  9383  9383 D mozac-webextensions: Installed extension: mozacWebchannel
06-20 23:53:20.017  9383  9410 D SessionStorage/AutoSave: Saved state to disk [22ms]
06-20 23:53:20.076  9383  9383 I zygote  : Deoptimizing java.lang.Object mozilla.components.support.ktx.kotlinx.coroutines.flow.FlowKt$filterChanged$1.invokeSuspend(java.lang.Object) due to JIT inline cache
06-20 23:53:20.125  9383  9410 D places_ffi: places_note_observation
06-20 23:53:20.133  9383  9383 D GeckoSession: handleMessage GeckoView:ProgressChanged uri=null
06-20 23:53:20.141  9383  9383 D GeckoSession: handleMessage GeckoView:ProgressChanged uri=null
06-20 23:53:20.143  9383  9410 D sql_support::conn_ext: Transaction commited after 16.429377ms
06-20 23:53:20.151  9383  9383 D GeckoSession: handleMessage GeckoView:PageStop uri=null
06-20 23:53:20.151  9383  9383 I SessionStorage/AutoSave: Save: Load finished
06-20 23:53:20.152  9383  9410 D SessionStorage/AutoSave: Delaying save (1625ms)
06-20 23:53:20.211  9383  9383 D WebExtension: handleMessage GeckoView:WebExtension:Message
06-20 23:53:20.224  9383  9383 D WebExtension: handleMessage GeckoView:WebExtension:Connect
06-20 23:53:20.285  9383  9612 D BrowserIcons: Loaded icon (source = GENERATOR): https://example.com/
06-20 23:53:20.286  9383  9612 I zygote  : Deoptimizing void kotlin.coroutines.jvm.internal.BaseContinuationImpl.resumeWith(java.lang.Object) due to JIT inline cache
06-20 23:53:20.349  9383  9388 I zygote  : Do full code cache collection, code=252KB, data=158KB
06-20 23:53:20.351  9383  9388 I zygote  : After code cache collection, code=156KB, data=88KB
06-20 23:53:20.367  9383  9383 I zygote  : Deoptimizing kotlin.coroutines.CoroutineContext kotlinx.coroutines.CoroutineContextKt.newCoroutineContext(kotlinx.coroutines.CoroutineScope, kotlin.coroutines.CoroutineContext) due to JIT inline cache
06-20 23:53:20.371  9383  9410 D places_ffi: places_get_visited
06-20 23:53:20.398  9383  9613 D ThumbnailStorage: Saved thumbnail to disk (sessionIdOrUrl = d5df2300-90c4-473e-bae1-c39359e2adc2, generationId = 60)
06-20 23:53:20.488  9383  9383 D mozac-webextensions: Installed extension: mozacReaderview
06-20 23:53:20.503  9383  9383 D mozac-webcompat-reporter: Installed WebCompat Reporter webextension: webcompat-reporter@mozilla.org
06-20 23:53:20.511  9383  9383 D mozac-webcompat: Installed WebCompat webextension: webcompat@mozilla.org
06-20 23:53:20.809  8147  8163 I Finsky  : [627595] kqp.run(3): Stats for Executor: BlockingExecutor kso@f19cf67[Running, pool size = 2, active threads = 0, queued tasks = 0, completed tasks = 12]
06-20 23:53:20.810  8147  8163 I Finsky  : [627595] kqp.run(3): Stats for Executor: LightweightExecutor kso@bd8e114[Running, pool size = 4, active threads = 0, queued tasks = 0, completed tasks = 72]
06-20 23:53:20.900  9383  9383 D GeckoSession: handleMessage GeckoView:StateUpdated uri=null
06-20 23:53:20.900  9383  9383 W GeckoSession: No history entries found.
06-20 23:53:20.952  9383  9408 I zygote  : Deoptimizing kotlinx.coroutines.internal.LockFreeLinkedListNode kotlinx.coroutines.internal.LockFreeLinkedListNode.correctPrev(kotlinx.coroutines.internal.OpDescriptor) due to JIT same target
06-20 23:53:20.956  9383  9383 I zygote  : Deoptimizing java.lang.Object kotlinx.coroutines.JobSupport.tryMakeCompleting(java.lang.Object, java.lang.Object) due to JIT same target
06-20 23:53:20.959  9383  9383 I DefaultSupportedAddonsChecker: Register check for new supported add-ons
06-20 23:53:21.013  9383  9410 I SupportedAddonsWorker: Trying to check for new supported add-ons
06-20 23:53:21.091  9383  9383 I zygote  : Deoptimizing void kotlin.coroutines.jvm.internal.BaseContinuationImpl.resumeWith(java.lang.Object) due to JIT inline cache
06-20 23:53:21.094  9383  9474 I WM-WorkerWrapper: Worker result SUCCESS for Work [ id=5f8a93de-a75c-4ebb-ae82-b12b7b5b5d07, tags={ mozilla.components.feature.addons.migration.DefaultSupportedAddonsChecker.periodicWork, mozilla.components.feature.addons.migration.SupportedAddonsWorker } ]
06-20 23:53:21.136  2398  2398 D QtiCarrierConfigHelper: WARNING, no carrier configs on phone Id: 0
06-20 23:53:21.336  8147  8163 I Finsky  : [627595] kqp.run(3): Stats for Executor: bgExecutor kso@9641dbd[Running, pool size = 4, active threads = 0, queued tasks = 0, completed tasks = 56]
06-20 23:53:21.794  9383  9410 D SessionStorage/AutoSave: Saved state to disk [14ms]
06-20 23:53:22.926  9614  9614 D AndroidRuntime: >>>>>> START com.android.internal.os.RuntimeInit uid 2000 <<<<<<
06-20 23:53:22.939  9614  9614 W app_process: Could not reserve sentinel fault page
06-20 23:53:23.104  9614  9614 I app_process: The ClassLoaderContext is a special shared library.
06-20 23:53:23.171  9614  9614 D AndroidRuntime: Calling main entry com.android.commands.input.Input
06-20 23:53:23.173  9614  9614 I Input   : injectKeyEvent: KeyEvent { action=ACTION_DOWN, keyCode=KEYCODE_HOME, scanCode=0, metaState=0, flags=0x0, repeatCount=0, eventTime=24784279782, downTime=24784279782, deviceId=-1, source=0x101 }
06-20 23:53:23.183  9614  9614 I Input   : injectKeyEvent: KeyEvent { action=ACTION_UP, keyCode=KEYCODE_HOME, scanCode=0, metaState=0, flags=0x0, repeatCount=0, eventTime=24784279782, downTime=24784279782, deviceId=-1, source=0x101 }
06-20 23:53:23.189  1456  1941 I ActivityManager: START u0 {act=android.intent.action.MAIN cat=[android.intent.category.HOME] flg=0x10200000 cmp=com.android.launcher3/.CustomizationPanelLauncher (has extras)} from uid 1000
06-20 23:53:23.190   794   839 E ANDR-PERF-RESOURCEQS: Failed to apply optimization [4, 0]
06-20 23:53:23.196  9614  9614 D AndroidRuntime: Shutting down VM
06-20 23:53:23.209  1456  7556 I ActivityManager: moveHomeStack, setupComplete:true
06-20 23:53:23.226 15309 15355 I OpenGLRenderer: Initialized EGL, version 1.4
06-20 23:53:23.228 15309 15355 D OpenGLRenderer: Swap behavior 2
06-20 23:53:23.241  2748  2748 D Launcher.Utilities: Wakeup weather: Intent { act=com.motorola.launcher3.action.WAKEUP_WEATHER cmp=com.motorola.timeweatherwidget/com.motorola.commandcenter.weather.WakeUpService }
06-20 23:53:23.252   808   808 D SurfaceFlinger: duplicate layer name: changing com.android.launcher3/com.android.launcher3.CustomizationPanelLauncher to com.android.launcher3/com.android.launcher3.CustomizationPanelLauncher#1
06-20 23:53:23.253  1456  1456 I NotificationService: Cannot find enqueued record for key: 0|com.motorola.timeweatherwidget|1|null|10116
06-20 23:53:23.273 15309 15333 W ThreadPoolDumper: Queue length for executor EventBus is now 11. Perhaps some tasks are too long, or the pool is too small.
06-20 23:53:23.274  1456  5031 I WifiService: getWifiEnabledState uid=10073
06-20 23:53:23.280  1456  2401 I WifiService: getWifiEnabledState uid=10073
06-20 23:53:23.336  1456  1673 I LaunchCheckinHandler: Displayed com.android.launcher3/.CustomizationPanelLauncher,wp,wa,147
06-20 23:53:23.341  9383  9449 D ServiceAllocator: org.mozilla.gecko.process.GeckoChildProcessServices$tab0 updateBindings: IDLE priority, 6 importance, 0 successful binds, 0 failed binds, 2 successful unbinds
06-20 23:53:23.347 15309 15309 I BgTaskExecutorImpl: Starting EXCLUSIVE background task TNG_MINUS_ONE_SYNC.
06-20 23:53:23.349 15309 15357 I MicroDetectionState: Should stop hotword detection immediately - false
06-20 23:53:23.350 15309 15343 E MDD     : DownloadProgressMonitor: Can't find file group for uri: android://com.google.android.googlequicksearchbox/files/sharedminusonemodule/shared/SharedMinusOneData.pb.tmp
06-20 23:53:23.357 15309 15357 I MicroDetectionWorker: #startMicroDetector [speakerMode: 0]
06-20 23:53:23.359 15309 15357 I AudioController: Created new AudioSource
06-20 23:53:23.361 15309 15357 I TngMinusOneSync: Syncing TNG:-1
06-20 23:53:23.361 15309 15350 I MicroDataManager: isInitializing-false locale not changed-true model not changed-true
06-20 23:53:23.361 15309 15350 I MicroDataManager: Already initialized, obtaining the hotword data immediately.
06-20 23:53:23.389 15309 31683 I MicroRecognitionRunner: Starting detection.
06-20 23:53:23.389 15309 31683 I InputStreamUtils: Using micInputStream
06-20 23:53:23.391 15309 16510 I MicrophoneInputStream: mic_starting  SR : 16000 CC : 16 SO : 1999
06-20 23:53:23.396   788   788 V msm8974_platform: platform_check_input_mask: enter check_input_mask source 6 mask 10
06-20 23:53:23.397  1012  9629 I AudioFlinger: AudioFlinger's thread 0xb2483940 tid=9629 ready to run
06-20 23:53:23.405   788   788 D audio_hw_primary: in_set_parameters: enter: kvpairs=input_source=6;routing=-2147483644
06-20 23:53:23.406  1012  1301 D APM_AudioPolicyManager: AudioPolicyManager::startInput() input 408518, session 408769, source = 1999
06-20 23:53:23.407 15309 16510 I MicrophoneInputStream: mic_started  SR : 16000 CC : 16 SO : 1999
06-20 23:53:23.408   788  9630 V msm8974_platform: platform_update_usecase_from_source: input source :6
06-20 23:53:23.408   788  9630 V msm8974_platform: platform_check_input_mask: enter check_input_mask source 6 mask 10
06-20 23:53:23.408   788  9630 V msm8974_platform: platform_get_input_snd_device: enter: out_device(0) in_device(0x4) channel_count (1) channel_mask (0x10)
06-20 23:53:23.409   788  9630 V msm8974_platform: platform_get_input_snd_device: exit: in_snd_device(voice-rec-mic)
06-20 23:53:23.409   788  9630 V msm8974_platform: platform_get_backend_index:napb: backend port - 5 device - 120 
06-20 23:53:23.409   788  9630 V msm8974_platform: platform_check_and_set_capture_backend_cfg:txbecf: afe: bitwidth 0, samplerate 0, channel 1, backend_idx 5 usecase = 9 device (voice-rec-mic)
06-20 23:53:23.409   788  9630 V msm8974_platform: platform_check_capture_backend_cfg:txbecf: afe: Codec selected backend: 5 current bit width: 0 and sample rate: 0, channels 1
06-20 23:53:23.409   788  9630 V msm8974_platform: platform_check_capture_backend_cfg:txbecf: afe: Codec selected backend: 5 updated bit width: 0 and sample rate: 0
06-20 23:53:23.409   788  9630 I msm8974_platform: platform_check_capture_backend_cfg:txbecf: afe: Codec backend needs to be updated. new bit width: 0 new sample rate: 0 new channel: 1
06-20 23:53:23.409   788  9630 V msm8974_platform: platform_get_backend_index:napb: backend port - 5 device - 120 
06-20 23:53:23.409   788  9630 V msm8974_platform: platform_set_backend_cfg:becf: afe: bitwidth 0, samplerate 0 channels 1, backend_idx 5 device (voice-rec-mic)
06-20 23:53:23.409   788  9630 E msm8974_platform: platform_set_backend_cfg:becf: afe: Could not get ctl for mixer command - SLIM_0_TX Format
06-20 23:53:23.409   788  9630 V msm8974_platform: platform_send_audio_calibration: sending audio calibration for snd_device(120) acdb_id(62)
06-20 23:53:23.409   788  9630 D ACDB-LOADER: ACDB -> send_audio_cal, acdb_id = 62, path = 1, app id = 0x11130, sample rate = 48000
06-20 23:53:23.409   788  9630 D ACDB-LOADER: ACDB -> send_asm_topology
06-20 23:53:23.409   788  9630 D ACDB-LOADER: ACDB -> ACDB_CMD_GET_AUDPROC_STREAM_TOPOLOGY_ID
06-20 23:53:23.409   788  9630 D ACDB-LOADER: ACDB -> send_adm_topology
06-20 23:53:23.409   788  9630 D ACDB-LOADER: ACDB -> ACDB_CMD_GET_AUDPROC_COMMON_TOPOLOGY_ID
06-20 23:53:23.409   788  9630 D ACDB-LOADER: ACDB -> send_audtable
06-20 23:53:23.409   788  9630 D ACDB-LOADER: ACDB -> ACDB_CMD_GET_AUDPROC_COMMON_TABLE_SIZE
06-20 23:53:23.409   788  9630 D ACDB-LOADER: ACDB -> ACDB_CMD_GET_AUDPROC_COMMON_TABLE
06-20 23:53:23.409   788  9630 D ACDB-LOADER: ACDB -> AUDIO_SET_AUDPROC_CAL
06-20 23:53:23.409   788  9630 D ACDB-LOADER: ACDB -> send_audvoltable
06-20 23:53:23.410   788  9630 D ACDB-LOADER: ACDB -> ACDB_CMD_GET_AUDPROC_VOL_STEP_TABLE_SIZE
06-20 23:53:23.410   788  9630 D ACDB-LOADER: ACDB -> ACDB_CMD_GET_AUDPROC_GAIN_DEP_STEP_TABLE, vol index 0
06-20 23:53:23.410  9383  9383 D GeckoSession: handleMessage GeckoView:StateUpdated uri=null
06-20 23:53:23.410   788  9630 D         : Failed to fetch the lookup information of the device 0000003E 
06-20 23:53:23.410   788  9630 D ACDB-LOADER: ACDB -> AUDIO_SET_VOL_CAL cal type = 12
06-20 23:53:23.410   788  9630 D ACDB-LOADER: ACDB -> ACDB_CMD_GET_AUDPROC_STREAM_TABLE_SIZE
06-20 23:53:23.410   788  9630 D ACDB-LOADER: ACDB -> send_audstrmtable
06-20 23:53:23.410   788  9630 D ACDB-LOADER: ACDB -> ACDB_CMD_GET_AUDPROC_STREAM_TABLE_V2
06-20 23:53:23.410   788  9630 D ACDB-LOADER: ACDB -> audstrm_cal->cal_type.cal_data.cal_size = 456
06-20 23:53:23.410   788  9630 D ACDB-LOADER: ACDB -> send_afe_topology
06-20 23:53:23.410   788  9630 D ACDB-LOADER: ACDB -> ACDB_CMD_GET_AFE_TOPOLOGY_ID
06-20 23:53:23.410   788  9630 D ACDB-LOADER: ACDB -> GET_AFE_TOPOLOGY_ID for adcd_id 62, Topology Id 112fb
06-20 23:53:23.410   788  9630 D ACDB-LOADER: ACDB -> send_afe_cal
06-20 23:53:23.410   788  9630 D ACDB-LOADER: ACDB -> ACDB_CMD_GET_AFE_COMMON_TABLE_SIZE
06-20 23:53:23.410   788  9630 D         : Failed to fetch the lookup information of the device 0000003E 
06-20 23:53:23.410   788  9630 E ACDB-LOADER: Error: ACDB_CMD_GET_AFE_COMMON_TABLE_SIZE Returned = -19
06-20 23:53:23.410   788  9630 D ACDB-LOADER: ACDB -> ACDB_CMD_GET_AFE_COMMON_TABLE
06-20 23:53:23.410   788  9630 D         : Failed to fetch the lookup information of the device 0000003E 
06-20 23:53:23.410   788  9630 D ACDB-LOADER: ACDB -> AUDIO_SET_AFE_CAL
06-20 23:53:23.410   788  9630 D ACDB-LOADER: ACDB -> send_hw_delay : acdb_id = 62 path = 1
06-20 23:53:23.410   788  9630 D ACDB-LOADER: ACDB -> ACDB_AVSYNC_INFO: ACDB_CMD_GET_DEVICE_PROPERTY
06-20 23:53:23.410   788  9630 D audio_hw_primary: enable_snd_device: snd_device(120: voice-rec-mic)
06-20 23:53:23.410   788  9630 D audio_route: Apply path: voice-rec-mic
06-20 23:53:23.413   788  9630 V msm8974_platform: platform_get_snd_device_backend_index: enter with device 120
06-20 23:53:23.413   788  9630 E msm8974_platform: platform_get_snd_device_backend_index: BE DAI Name Table is not present
06-20 23:53:23.413   788  9630 V msm8974_platform: platform_get_backend_index:napb: backend port - 5 device - 120 
06-20 23:53:23.413   788  9630 I audio_hw_utils: Set Audio Stream Capture 0 App Type Cfg: app_type 69936, acdb_dev_id 62, sample_rate 48000, snd_device_be_idx -14
06-20 23:53:23.413   788  9630 D audio_hw_primary: enable_audio_route: usecase(9) apply and update mixer path: audio-record
06-20 23:53:23.413   788  9630 D audio_route: Apply path: audio-record
06-20 23:53:23.484 15309 15357 I MicroDetectionWorker: onReady
06-20 23:53:23.570  9383  9383 I zygote  : Deoptimizing kotlinx.coroutines.DisposableHandle kotlinx.coroutines.JobSupport.invokeOnCompletion(boolean, boolean, kotlin.jvm.functions.Function1) due to JIT inline cache
06-20 23:53:23.577  9383  9408 I libglean_ffi: glean_core::ping: Collecting startup-timeline
06-20 23:53:23.581  9383  9408 D libglean_ffi: glean_core::ping: Storing ping '3a8b71f4-b408-4574-967d-b22e29784539' at '/data/user/0/org.mozilla.fennec_aurora/glean_data/pending_pings/3a8b71f4-b408-4574-967d-b22e29784539'
06-20 23:53:23.584  9383  9408 I libglean_ffi: glean_core: The ping 'startup-timeline' was submitted and will be sent as soon as possible
06-20 23:53:23.601  9383  9383 D SessionManager: onTrimMemory(80): clearThumbnails=true, closeEngineSessions=true
06-20 23:53:23.608  1456  2401 D ConnectivityService: requestNetwork for uid/pid:11433/9383 NetworkRequest [ TRACK_DEFAULT id=72310, [ Capabilities: INTERNET&NOT_RESTRICTED&TRUSTED&NOT_VPN] ]
06-20 23:53:23.609  1456  2054 D WIFI_UT : got request NetworkRequest [ TRACK_DEFAULT id=72310, [ Capabilities: INTERNET&NOT_RESTRICTED&TRUSTED&NOT_VPN] ] with score 60
06-20 23:53:23.609  1456  2099 D Ethernet: got request NetworkRequest [ TRACK_DEFAULT id=72310, [ Capabilities: INTERNET&NOT_RESTRICTED&TRUSTED&NOT_VPN] ] with score 60
06-20 23:53:23.609  1456  2054 D WIFI    : got request NetworkRequest [ TRACK_DEFAULT id=72310, [ Capabilities: INTERNET&NOT_RESTRICTED&TRUSTED&NOT_VPN] ] with score 60
06-20 23:53:23.610  2398  2398 D PhoneSwitcherNetworkRequstListener: got request NetworkRequest [ TRACK_DEFAULT id=72310, [ Capabilities: INTERNET&NOT_RESTRICTED&TRUSTED&NOT_VPN] ] with score 60
06-20 23:53:23.615  9383  9383 D SessionManager: Cleared 8 thumbnail(s) and unlinked 0 engine sessions(s)
06-20 23:53:23.636  9383  9631 I libglean_ffi: glean_core::upload: New upload task with id 3a8b71f4-b408-4574-967d-b22e29784539 (path: /submit/org-mozilla-fennec-aurora/startup-timeline/1/3a8b71f4-b408-4574-967d-b22e29784539)
06-20 23:53:23.638  9383  9631 D glean/ConceptFetchHttpUploader: Submitting ping to: https://incoming.telemetry.mozilla.org/submit/org-mozilla-fennec-aurora/startup-timeline/1/3a8b71f4-b408-4574-967d-b22e29784539
06-20 23:53:23.700  9383  9383 I glean/Glean: Registering pings for org.mozilla.fenix.GleanMetrics.Pings
06-20 23:53:23.750  1456  7796 I OpenGLRenderer: Initialized EGL, version 1.4
06-20 23:53:23.751  1456  7796 D OpenGLRenderer: Swap behavior 2
06-20 23:53:23.769   808   808 I SFPerfTracer:      triggers: (rate: 105:2302725) (compose: 0:8) (post: 0:22) (render: 0:20) (12:13180578 frames) (13:16765093)
06-20 23:53:23.769   808   808 D SFPerfTracer:        layers: (4:14) (NavigationBar#0 (0xb07df000): 0:1282905) (StatusBar#0 (0xb07e3000): 0:3060500) (com.android.systemui.ImageWallpaper#0 (0xb07e7000): 0:118836) (Sprite#0 (0xb0733000): 0:317)* (DimLayerController/Stack=0#0 (0xb075a000): 0:4039)* (Sprite#1 (0xb077c000): 0:195)* (Sprite#2 (0xb039b000): 0:2)* (com.android.launcher3/com.android.launcher3.CustomizationPanelLauncher#0 (0xb0763000): 0:39)- (com.android.launcher3/com.android.launcher3.CustomizationPanelLauncher#1 (0xb0771000): 0:10)- (org.mozilla.fennec_aurora/org.mozilla.fenix.IntentReceiverActivity#0 (0xafdf0000): 0:2)- (Splash Screen org.mozilla.fennec_aurora#0 (0xafd20000): 0:31)- (org.mozilla.fennec_aurora/org.mozilla.fenix.HomeActivity#0 (0xafe59000): 12:61)* (com.android.launcher3/com.android.launcher3.CustomizationPanelLauncher#0 (0xb0763000): 13:28)* (com.android.launcher3/com.android.launcher3.CustomizationPanelLauncher#1 (0xb0771000): 1:6) 
06-20 23:53:23.785  2748  2917 W OpenGLRenderer: Incorrectly called buildLayer on View: ShortcutAndWidgetContainer, destroying layer...
06-20 23:53:23.792  9383  9631 I libglean_ffi: glean_core::upload: Ping 3a8b71f4-b408-4574-967d-b22e29784539 successfully sent 200.
06-20 23:53:23.792  9383  9631 I libglean_ffi: glean_core::upload::directory: File was deleted /data/user/0/org.mozilla.fennec_aurora/glean_data/pending_pings/3a8b71f4-b408-4574-967d-b22e29784539
06-20 23:53:23.800  9383  9631 I libglean_ffi: glean_core::upload: No more pings to upload! You are done.
06-20 23:53:23.803  9383  9402 I WM-WorkerWrapper: Worker result SUCCESS for Work [ id=5c48ab58-1157-4a24-83f4-7079708a7778, tags={ mozilla.telemetry.glean.scheduler.PingUploadWorker, mozac_service_glean_ping_upload_worker } ]
06-20 23:53:23.804  9383  9383 D App     : ActivationPing - already generated
06-20 23:53:23.808  9383  9410 I FenixApplication: Running post-visual completeness tasks...
06-20 23:53:23.808  9383  9410 I FenixApplication: Storage initialization...
06-20 23:53:23.809  9383  9410 I PlacesHistoryStorage: Warming up places storage...
06-20 23:53:23.809  1456  2067 D ConnectivityService: releasing NetworkRequest [ TRACK_DEFAULT id=72310, [ Capabilities: INTERNET&NOT_RESTRICTED&TRUSTED&NOT_VPN] ] (release request)
06-20 23:53:23.810  9383  9410 I PlacesHistoryStorage: 'Warming up places storage' took 0 ms
06-20 23:53:23.810  9383  9410 I PlacesBookmarksStorage: Warming up places storage...
06-20 23:53:23.810  9383  9383 I FenixApplication: Kicking-off account manager...
06-20 23:53:23.810  9383  9410 I PlacesBookmarksStorage: 'Warming up places storage' took 0 ms
06-20 23:53:23.810  9383  9383 I FenixApplication: 'Kicking-off account manager' took 0 ms
06-20 23:53:23.826  5625  5654 I PeriodicStatsRunner: PeriodicStatsRunner.call():180 call()
06-20 23:53:23.826  5625  5654 I PeriodicStatsRunner: PeriodicStatsRunner.call():184 No submit PeriodicStats since input started.
06-20 23:53:23.842  9383  9410 I SyncableLoginsStorage: Warming up storage...
06-20 23:53:23.853  9383  9410 D RustNativeSupport: findMegazordLibraryName(logins, 61.0.2
06-20 23:53:23.853  9383  9410 D RustNativeSupport: lib in use: none
06-20 23:53:23.853  9383  9410 D RustNativeSupport: lib configured: megazord
06-20 23:53:23.853  9383  9410 D RustNativeSupport: lib version configured: 61.0.2
06-20 23:53:23.853  9383  9410 D RustNativeSupport: settled on megazord
06-20 23:53:23.855  9383  9410 D logins_ffi: sync15_passwords_state_new
06-20 23:53:23.894  9383  9383 D GeckoRuntime: Lifecycle: onPause
06-20 23:53:23.894  9383  9383 D GeckoNetworkManager: Incoming event stop for state OnWithListeners -> OffWithListeners
06-20 23:53:23.896  9383  9383 I SessionStorage/AutoSave: Save: Background
06-20 23:53:23.901  9383  9408 I libglean_ffi: glean_core::ping: Collecting baseline
06-20 23:53:23.909  9383  9408 D libglean_ffi: glean_core::ping: Storing ping '06e323f2-ae4a-4160-854a-9c1d67a4612d' at '/data/user/0/org.mozilla.fennec_aurora/glean_data/pending_pings/06e323f2-ae4a-4160-854a-9c1d67a4612d'
06-20 23:53:23.911  9383  9408 I libglean_ffi: glean_core: The ping 'baseline' was submitted and will be sent as soon as possible
06-20 23:53:23.912  9383  9439 D SessionStorage/AutoSave: Saved state to disk [15ms]
06-20 23:53:23.914  9383  9408 I libglean_ffi: glean_core::ping: Collecting events
06-20 23:53:23.919  9383  9408 D libglean_ffi: glean_core::ping: Storing ping '15f6f499-daa5-476c-a502-abf905e252c5' at '/data/user/0/org.mozilla.fennec_aurora/glean_data/pending_pings/15f6f499-daa5-476c-a502-abf905e252c5'
06-20 23:53:23.921  9383  9408 I libglean_ffi: glean_core: The ping 'events' was submitted and will be sent as soon as possible
06-20 23:53:23.938  1456  2401 D ConnectivityService: requestNetwork for uid/pid:11433/9383 NetworkRequest [ TRACK_DEFAULT id=72311, [ Capabilities: INTERNET&NOT_RESTRICTED&TRUSTED&NOT_VPN] ]
06-20 23:53:23.939  1456  2099 D Ethernet: got request NetworkRequest [ TRACK_DEFAULT id=72311, [ Capabilities: INTERNET&NOT_RESTRICTED&TRUSTED&NOT_VPN] ] with score 60
06-20 23:53:23.939  1456  2054 D WIFI_UT : got request NetworkRequest [ TRACK_DEFAULT id=72311, [ Capabilities: INTERNET&NOT_RESTRICTED&TRUSTED&NOT_VPN] ] with score 60
06-20 23:53:23.939  1456  2054 D WIFI    : got request NetworkRequest [ TRACK_DEFAULT id=72311, [ Capabilities: INTERNET&NOT_RESTRICTED&TRUSTED&NOT_VPN] ] with score 60
06-20 23:53:23.940  2398  2398 D PhoneSwitcherNetworkRequstListener: got request NetworkRequest [ TRACK_DEFAULT id=72311, [ Capabilities: INTERNET&NOT_RESTRICTED&TRUSTED&NOT_VPN] ] with score 60
06-20 23:53:23.951  9383  9637 I libglean_ffi: glean_core::upload: New upload task with id 06e323f2-ae4a-4160-854a-9c1d67a4612d (path: /submit/org-mozilla-fennec-aurora/baseline/1/06e323f2-ae4a-4160-854a-9c1d67a4612d)
06-20 23:53:23.952  9383  9637 D glean/ConceptFetchHttpUploader: Submitting ping to: https://incoming.telemetry.mozilla.org/submit/org-mozilla-fennec-aurora/baseline/1/06e323f2-ae4a-4160-854a-9c1d67a4612d
06-20 23:53:23.979   808   898 I SFPerfTracer:      triggers: (rate: 0:10) (0 sw vsyncs) (0 skipped) (41:8591941 vsyncs) (43:16914636)
06-20 23:53:24.305  9383  9637 I libglean_ffi: glean_core::upload: Ping 06e323f2-ae4a-4160-854a-9c1d67a4612d successfully sent 200.
06-20 23:53:24.305  9383  9637 I libglean_ffi: glean_core::upload::directory: File was deleted /data/user/0/org.mozilla.fennec_aurora/glean_data/pending_pings/06e323f2-ae4a-4160-854a-9c1d67a4612d
06-20 23:53:24.308  9383  9637 I libglean_ffi: glean_core::upload: New upload task with id 15f6f499-daa5-476c-a502-abf905e252c5 (path: /submit/org-mozilla-fennec-aurora/events/1/15f6f499-daa5-476c-a502-abf905e252c5)
06-20 23:53:24.310  9383  9637 D glean/ConceptFetchHttpUploader: Submitting ping to: https://incoming.telemetry.mozilla.org/submit/org-mozilla-fennec-aurora/events/1/15f6f499-daa5-476c-a502-abf905e252c5
06-20 23:53:24.447  9383  9637 I libglean_ffi: glean_core::upload: Ping 15f6f499-daa5-476c-a502-abf905e252c5 successfully sent 200.
06-20 23:53:24.447  9383  9637 I libglean_ffi: glean_core::upload::directory: File was deleted /data/user/0/org.mozilla.fennec_aurora/glean_data/pending_pings/15f6f499-daa5-476c-a502-abf905e252c5
06-20 23:53:24.450  9383  9637 I libglean_ffi: glean_core::upload: No more pings to upload! You are done.
06-20 23:53:24.452  9383  9474 I WM-WorkerWrapper: Worker result SUCCESS for Work [ id=289a34ba-835e-4556-952a-2ae8d7d2ecad, tags={ mozilla.telemetry.glean.scheduler.PingUploadWorker, mozac_service_glean_ping_upload_worker } ]
06-20 23:53:24.455  1456  2067 D ConnectivityService: releasing NetworkRequest [ TRACK_DEFAULT id=72311, [ Capabilities: INTERNET&NOT_RESTRICTED&TRUSTED&NOT_VPN] ] (release request)
06-20 23:53:24.472  9383  9410 I SyncableLoginsStorage: 'Warming up storage' took 629 ms
06-20 23:53:24.472  9383  9410 I FenixApplication: 'Storage initialization' took 663 ms
06-20 23:53:28.285  5625  5654 I PeriodicStatsRunner: PeriodicStatsRunner.call():180 call()
06-20 23:53:28.285  5625  5654 I PeriodicStatsRunner: PeriodicStatsRunner.call():184 No submit PeriodicStats since input started.
06-20 23:53:28.360  1456  2401 I ActivityManager: Force stopping org.mozilla.fennec_aurora appid=11433 user=0: from pid 9640
06-20 23:53:28.360  1456  2401 I ActivityManager: Killing 9383:org.mozilla.fennec_aurora/u0a1433 (adj 700): stop org.mozilla.fennec_aurora
06-20 23:53:28.362  1456  1605 W zygote  : kill(-9383, 9) failed: No such process
06-20 23:53:28.364  9460  9460 I ServiceChildProcess: Service has been unbound. Stopping.
06-20 23:53:28.367  1456  2401 W ActivityManager: Force removing ActivityRecord{8119b60 u0 org.mozilla.fennec_aurora/org.mozilla.fenix.HomeActivity t87290}: app died, no saved state
06-20 23:53:28.373  1456  1605 W zygote  : kill(-9383, 9) failed: No such process
06-20 23:53:28.376  1456  2401 I ActivityManager: Killing 9460:org.mozilla.fennec_aurora:tab0/u0a1433 (adj 0): stop org.mozilla.fennec_aurora
06-20 23:53:28.385  5625  5625 I AppBase : AppBase.onTrimMemory():615 onTrimMemory(): 10
06-20 23:53:28.386  5625  5625 I GoogleInputMethodService: GoogleInputMethodService.onTrimMemory():4225 onTrimMemory(): 10
06-20 23:53:28.389  1456  1605 W zygote  : kill(-9383, 9) failed: No such process
06-20 23:53:28.391  2398  2398 D CarrierSvcBindHelper: No carrier app for: 0
06-20 23:53:28.395  2398  2398 D CarrierSvcBindHelper: No carrier app for: 1
06-20 23:53:28.404  1456  1605 W zygote  : kill(-9383, 9) failed: No such process
06-20 23:53:28.453  1456  1673 W ActivityManager: setHasOverlayUi called on unknown pid: 9383
06-20 23:53:28.479  1456  1605 I chatty  : uid=1000(system) ActivityManager identical 5 lines
06-20 23:53:28.494  1456  1605 W zygote  : kill(-9383, 9) failed: No such process
06-20 23:53:28.505  1456  7796 I OpenGLRenderer: Initialized EGL, version 1.4
06-20 23:53:28.505  1456  7796 D OpenGLRenderer: Swap behavior 2
06-20 23:53:28.510  1456  1605 W zygote  : kill(-9383, 9) failed: No such process
06-20 23:53:28.510  1456  1605 I zygote  : Successfully killed process cgroup uid 11433 pid 9383 in 148ms
06-20 23:53:28.510  1456  1605 W zygote  : kill(-9460, 9) failed: No such process
06-20 23:53:28.510  1456  1605 I zygote  : Successfully killed process cgroup uid 11433 pid 9460 in 0ms
06-20 23:53:29.518  1456  2402 I ActivityManager: START u0 {act=android.intent.action.VIEW dat=https://example.com/... typ=text/html flg=0x10000000 cmp=org.mozilla.fennec_aurora/org.mozilla.fenix.IntentReceiverActivity} from uid 2000
06-20 23:53:29.519   794   839 E ANDR-PERF-RESOURCEQS: Failed to apply optimization [4, 0]
06-20 23:53:29.537  1456  2921 I ActivityManager: Start proc 9649:org.mozilla.fennec_aurora/u0a1433 for activity org.mozilla.fennec_aurora/org.mozilla.fenix.IntentReceiverActivity
06-20 23:53:29.626 15309 15357 I MicroDetectionState: Should stop hotword detection immediately - false
06-20 23:53:29.626 15309 15357 I MicroDetector: Keeping mic open: false
06-20 23:53:29.626 15309  6232 E DeviceStateChecker: DeviceStateChecker cancelled
06-20 23:53:29.626 15309 15357 I RecognitionAudioControl: #shutdownAudio [requestId: 7708167064706993255, keepAudioOpen: false, forced: true]
06-20 23:53:29.627 15309 15357 I RecognitionAudioControl: #internalShutdownAudio [requestId: 7708167064706993255]
06-20 23:53:29.627 15309 15357 I RecognitionAudioControl: #internalShutdownAudio [keepAudioOpen: false, forced: true]
06-20 23:53:29.627 15309 15357 I RecognitionAudioControl: #actualShutdownAudio
06-20 23:53:29.627 15309 15357 I AudioController: #shutdown [requestId=7708167064706993255]
06-20 23:53:29.627 15309 15351 I AudioController: internalShutdown
06-20 23:53:29.627 15309 15349 I MicroRecognitionRunner: Stopping hotword detection.
06-20 23:53:29.644  9649  9649 D FirebaseApp: com.google.firebase.auth.FirebaseAuth is not linked. Skipping initialization.
06-20 23:53:29.645  9649  9649 D FirebaseApp: com.google.firebase.crash.FirebaseCrash is not linked. Skipping initialization.
06-20 23:53:29.646  9649  9649 I FirebaseInitProvider: FirebaseApp initialization successful
06-20 23:53:29.680  9649  9667 I FA      : Collection disabled with firebase_analytics_collection_enabled=0
06-20 23:53:29.681  9649  9667 I FA      : App measurement is starting up, version: 12780
06-20 23:53:29.681  9649  9667 I FA      : To enable debug logging run: adb shell setprop log.tag.FA VERBOSE
06-20 23:53:29.681  9649  9667 I FA      : To enable faster debug mode event logging run:
06-20 23:53:29.681  9649  9667 I FA      :   adb shell setprop debug.firebase.analytics.app org.mozilla.fennec_aurora
06-20 23:53:29.685   788   788 D audio_hw_primary: disable_audio_route: usecase(9) reset and update mixer path: audio-record
06-20 23:53:29.686   788   788 D audio_hw_primary: disable_snd_device: snd_device(120: voice-rec-mic)
06-20 23:53:29.688  1012  1301 D APM_AudioPolicyManager: stopInput() input 408518, session 408769
06-20 23:53:29.688   788   788 D audio_hw_primary: in_set_parameters: enter: kvpairs=routing=0
06-20 23:53:29.690 15309 15351 I MicrophoneInputStream: mic_close  SR : 16000 CC : 16 SO : 1999
06-20 23:53:29.690 15309 15351 E AudioSource: Stop listening is called on already closed AudioSource
06-20 23:53:29.690 15309 15351 I AudioController: Sending AudioStatusChangedBroadcast to :interactor. audioSourceType: NOT_SET, isActive: false
06-20 23:53:29.692 15309 31683 I MicroRecognitionRunner: Detection finished
06-20 23:53:29.697  9649  9649 D FennecProfile: profiles.ini: true
06-20 23:53:29.703  9649  9649 D FennecProfile: Ignoring line in [general] section: StartWithLastProfile=1
06-20 23:53:29.703  9649  9649 D FennecProfile: Found 1 profiles
06-20 23:53:29.704  9649  9649 D FennecProfile: Found default profile: FennecProfile(name=default, path=/data/user/0/org.mozilla.fennec_aurora/files/mozilla/ief0skvr.default, default=true)
06-20 23:53:29.727  9649  9649 D FennecMigrator: No migrations to run. Fennec install - false.
06-20 23:53:29.749  9649  9649 D FenixApplication: Initializing Glean (uploadEnabled=true, isFennec=true)
06-20 23:53:29.759  9649  9677 D RustNativeSupport: findMegazordLibraryName(viaduct, 61.0.2
06-20 23:53:29.760  9649  9677 D RustNativeSupport: lib in use: none
06-20 23:53:29.760  9649  9677 D RustNativeSupport: lib configured: megazord
06-20 23:53:29.760  9649  9677 D RustNativeSupport: lib version configured: 61.0.2
06-20 23:53:29.760  9649  9677 D RustNativeSupport: settled on megazord
06-20 23:53:29.786  9649  9676 D libglean_ffi: glean_ffi: Android logging should be hooked up!
06-20 23:53:29.789  9649  9676 I glean/Glean: Registering pings for mozilla.telemetry.glean.GleanMetrics.Pings
06-20 23:53:29.793  9649  9676 I libglean_ffi: glean_core: Creating new Glean v31.1.1
06-20 23:53:29.793  9649  9676 D libglean_ffi: glean_core::database: Database path: "/data/user/0/org.mozilla.fennec_aurora/glean_data/db"
06-20 23:53:29.794  9649  9677 D RustNativeSupport: findMegazordLibraryName(rustlog, 61.0.2
06-20 23:53:29.794  9649  9677 D RustNativeSupport: lib in use: none
06-20 23:53:29.794  9649  9676 I libglean_ffi: glean_core::database: Database initialized
06-20 23:53:29.794  9649  9677 D RustNativeSupport: lib configured: megazord
06-20 23:53:29.794  9649  9677 D RustNativeSupport: lib version configured: 61.0.2
06-20 23:53:29.794  9649  9677 D RustNativeSupport: settled on megazord
06-20 23:53:29.794  9649  9649 D GeckoThread: State changed to LAUNCHED
06-20 23:53:29.795  9649  9680 I libglean_ffi: glean_core::upload::directory: Processing persisted pings.
06-20 23:53:29.796  9649  9681 I GeckoThread: preparing to run Gecko
06-20 23:53:29.797  9649  9676 I libglean_ffi: glean_ffi: Glean initialized
06-20 23:53:29.802  9649  9649 D GeckoRuntime: Lifecycle: onCreate
06-20 23:53:29.804  9649  9681 D GeckoThread: State changed to MOZGLUE_READY
06-20 23:53:29.804  9649  9677 I rc_log_ffi::ios: rc_log adapter initialized!
06-20 23:53:29.817  9649  9681 W Settings: Setting animator_duration_scale has moved from android.provider.Settings.System to android.provider.Settings.Global, returning read-only global URI.
06-20 23:53:29.818  9649  9649 I zygote  : Deoptimizing java.lang.Object androidx.collection.SimpleArrayMap.put(java.lang.Object, java.lang.Object) due to JIT inline cache
06-20 23:53:29.820  9649  9676 D glean/MetricsPingSched: The 'metrics' ping was last sent on Sat Jun 20 00:00:00 EDT 2020
06-20 23:53:29.820  9649  9681 E GeckoLibLoad: Load sqlite start
06-20 23:53:29.821  9649  9676 I glean/MetricsPingSched: The 'metrics' ping was already sent today, Sat Jun 20 23:53:29 EDT 2020.
06-20 23:53:29.822  9649  9676 D glean/MetricsPingSched: Scheduling the 'metrics' ping in 14790192ms
06-20 23:53:29.825  9649  9681 E GeckoLibLoad: Load sqlite done
06-20 23:53:29.825  9649  9681 E GeckoLibLoad: Load nss start
06-20 23:53:29.825  9649  9681 E GeckoLibLoad: Load nss done
06-20 23:53:29.825  9649  9676 D libglean_ffi: glean_core: Clearing Lifetime::Application metrics
06-20 23:53:29.847  9649  9681 E GeckoLibLoad: Loaded libs in 21.600783ms total, 6ms(46ms) user, 13ms(16ms) system, 0(0) faults
06-20 23:53:29.847  9649  9649 D GleanMetricsService: Enabling Glean.
06-20 23:53:29.847  9649  9681 D GeckoThread: State changed to LIBS_READY
06-20 23:53:29.848  9649  9649 I glean/Dispatchers: Task queued for execution and delayed until flushed
06-20 23:53:29.851  9649  9681 W GeckoThread: zerdatime 25239715924 - runGecko
06-20 23:53:29.852  9649  9649 I AdjustMetricsService: No adjust token defined
06-20 23:53:29.853  9649  9681 D GeckoProfile: Loading profile at: null name: default
06-20 23:53:29.853  9649  9649 D PushConfig: Creating push configuration for autopush.
06-20 23:53:29.854  9649  9681 D GeckoProfile: Found profile dir: /data/user/0/org.mozilla.fennec_aurora/files/mozilla/ief0skvr.default
06-20 23:53:29.861  9649  9649 I App     : AutoPushFeature is configured, initializing it...
06-20 23:53:29.862  9649  9689 D AutoPushFeature: Initializing native component with the cached token.
06-20 23:53:29.863  9649  9649 I AutoPushFeature: Checking validity of push subscriptions.
06-20 23:53:29.870  9649  9689 D RustNativeSupport: findMegazordLibraryName(push, 61.0.2
06-20 23:53:29.870  9649  9689 D RustNativeSupport: lib in use: none
06-20 23:53:29.870  9649  9689 D RustNativeSupport: lib configured: megazord
06-20 23:53:29.870  9649  9689 D RustNativeSupport: lib version configured: 61.0.2
06-20 23:53:29.870  9649  9689 D RustNativeSupport: settled on megazord
06-20 23:53:29.873  9649  9649 D FennecProfile: profiles.ini: true
06-20 23:53:29.877  9649  9649 D FennecProfile: Ignoring line in [general] section: StartWithLastProfile=1
06-20 23:53:29.877  9649  9649 D FennecProfile: Found 1 profiles
06-20 23:53:29.877  9649  9649 D FennecProfile: Found default profile: FennecProfile(name=default, path=/data/user/0/org.mozilla.fennec_aurora/files/mozilla/ief0skvr.default, default=true)
06-20 23:53:29.883  9649  9676 I libglean_ffi: glean_core: Upload enabled: true
06-20 23:53:29.898  9649  9677 W [WARNING][Leanplum]: [com.leanplum.internal.ActionManager::getLocationManager::8]: Geofencing support requires leanplum-location module and Google Play Services v8.1 and higher.
06-20 23:53:29.898  9649  9677 W [WARNING][Leanplum]: Add this to your build.gradle file:
06-20 23:53:29.898  9649  9677 W [WARNING][Leanplum]: implementation 'com.google.android.gms:play-services-location:8.3.0+'
06-20 23:53:29.898  9649  9677 W [WARNING][Leanplum]: implementation 'com.leanplum:leanplum-location:+'
06-20 23:53:29.912  9649  9677 I [INFO][Leanplum]: [com.leanplum.monitoring.ExceptionHandler::setContext::6]: LeanplumExceptionHandler could not initialize Exception Reporting.This is expected if you have not included the leanplum-monitoring module
06-20 23:53:29.916  9649  9649 D FennecMigrator: This is not a Fennec installation. No migration needed.
06-20 23:53:29.918  9649  9649 D SessionManager: onTrimMemory(10): clearThumbnails=true, closeEngineSessions=false
06-20 23:53:29.918  9649  9649 D SessionManager: Cleared 0 thumbnail(s) and unlinked 0 engine sessions(s)
06-20 23:53:29.919  9649  9681 I Gecko:DumpUtils: Fifo watcher disabled via pref.
06-20 23:53:29.928  9649  9702 I [INFO][Leanplum]: [com.leanplum.LeanplumFcmProvider::isManifestSetup::11]: Firebase Messaging is setup correctly.
06-20 23:53:29.959  9649  9649 D GeckoRuntime: Lifecycle: onStart
06-20 23:53:29.964  9649  9681 D GeckoSysInfo: System memory: 1867MB.
06-20 23:53:29.966  9649  9649 D GeckoRuntime: Lifecycle: onResume
06-20 23:53:29.968  9649  9649 D GeckoNetworkManager: Incoming event start for state OffNoListeners -> OnNoListeners
06-20 23:53:29.968  9649  9681 D GeckoThread: State changed to JNI_READY
06-20 23:53:29.970  9649  9649 D GeckoNetworkManager: New network state: UP, WIFI, WIFI
06-20 23:53:29.987  9649  9700 D NetworkSecurityConfig: No Network Security Config specified, using platform default
06-20 23:53:29.997  1456 10366 I ActivityManager: Start proc 9732:org.mozilla.fennec_aurora:tab0/u0a1433 for service org.mozilla.fennec_aurora/org.mozilla.gecko.process.GeckoChildProcessServices$tab0
06-20 23:53:29.999  9649  9654 I zygote  : Do partial code cache collection, code=24KB, data=29KB
06-20 23:53:30.001  9649  9654 I zygote  : After code cache collection, code=22KB, data=29KB
06-20 23:53:30.001  9649  9720 D ServiceAllocator: org.mozilla.gecko.process.GeckoChildProcessServices$tab0 updateBindings: BACKGROUND priority, 0 importance, 2 successful binds, 0 failed binds, 0 successful unbinds
06-20 23:53:30.001  9649  9654 I zygote  : Increasing code cache capacity to 128KB
06-20 23:53:30.014  9649  9745 D OpenGLRenderer: HWUI GL Pipeline
06-20 23:53:30.039  9649  9676 I libglean_ffi: glean_core::ping: Collecting baseline
06-20 23:53:30.043  9649  9676 D libglean_ffi: glean_core::ping: Storing ping 'a8b951c2-a3d0-4ce6-b5c8-1e7f2f19c50d' at '/data/user/0/org.mozilla.fennec_aurora/glean_data/pending_pings/a8b951c2-a3d0-4ce6-b5c8-1e7f2f19c50d'
06-20 23:53:30.046  9649  9676 I libglean_ffi: glean_core: The ping 'baseline' was submitted and will be sent as soon as possible
06-20 23:53:30.097  1456 10366 D ConnectivityService: requestNetwork for uid/pid:11433/9649 NetworkRequest [ TRACK_DEFAULT id=72312, [ Capabilities: INTERNET&NOT_RESTRICTED&TRUSTED&NOT_VPN] ]
06-20 23:53:30.098  9732  9732 D GeckoThread: State changed to LAUNCHED
06-20 23:53:30.098  1456  2099 D Ethernet: got request NetworkRequest [ TRACK_DEFAULT id=72312, [ Capabilities: INTERNET&NOT_RESTRICTED&TRUSTED&NOT_VPN] ] with score 60
06-20 23:53:30.099  1456  2054 D WIFI_UT : got request NetworkRequest [ TRACK_DEFAULT id=72312, [ Capabilities: INTERNET&NOT_RESTRICTED&TRUSTED&NOT_VPN] ] with score 60
06-20 23:53:30.099  1456  2054 D WIFI    : got request NetworkRequest [ TRACK_DEFAULT id=72312, [ Capabilities: INTERNET&NOT_RESTRICTED&TRUSTED&NOT_VPN] ] with score 60
06-20 23:53:30.099  2398  2398 D PhoneSwitcherNetworkRequstListener: got request NetworkRequest [ TRACK_DEFAULT id=72312, [ Capabilities: INTERNET&NOT_RESTRICTED&TRUSTED&NOT_VPN] ] with score 60
06-20 23:53:30.100  9732  9757 I GeckoThread: preparing to run Gecko
06-20 23:53:30.134  1456  2921 I ActivityManager: START u0 {act=android.intent.action.VIEW dat=https://example.com/... typ=text/html cmp=org.mozilla.fennec_aurora/org.mozilla.fenix.HomeActivity (has extras)} from uid 11433
06-20 23:53:30.175  9649  9649 D GeckoNetworkManager: Incoming event receivedUpdate for state OnNoListeners -> OnNoListeners
06-20 23:53:30.176  9649  9649 D GeckoNetworkManager: New network state: UP, WIFI, WIFI
06-20 23:53:30.177  1456 10366 I WifiService: getDhcpInfo uid=11433
06-20 23:53:30.180  9649  9649 I zygote  : Deoptimizing kotlin.coroutines.CoroutineContext$Element kotlin.coroutines.CombinedContext.get(kotlin.coroutines.CoroutineContext$Key) due to JIT inline cache
06-20 23:53:30.200  9649  9654 I zygote  : Do partial code cache collection, code=57KB, data=47KB
06-20 23:53:30.202  9649  9654 I zygote  : After code cache collection, code=48KB, data=43KB
06-20 23:53:30.202  9649  9654 I zygote  : Increasing code cache capacity to 256KB
06-20 23:53:30.205  9649  9745 I Adreno  : QUALCOMM build                   : bb5b86c, I77d3059488
06-20 23:53:30.205  9649  9745 I Adreno  : Build Date                       : 06/07/18
06-20 23:53:30.205  9649  9745 I Adreno  : OpenGL ES Shader Compiler Version: EV031.22.00.01_06
06-20 23:53:30.205  9649  9745 I Adreno  : Local Branch                     : 
06-20 23:53:30.205  9649  9745 I Adreno  : Remote Branch                    : refs/tags/AU_LINUX_ANDROID_LA.UM.6.5.R1.08.01.00.312.086
06-20 23:53:30.205  9649  9745 I Adreno  : Remote Branch                    : NONE
06-20 23:53:30.205  9649  9745 I Adreno  : Reconstruct Branch               : NOTHING
06-20 23:53:30.205  9649  9745 D vndksupport: Loading /vendor/lib/hw/gralloc.msm8937.so from current namespace instead of sphal namespace.
06-20 23:53:30.216  9649  9745 I Adreno  : PFP: 0x005ff087, ME: 0x005ff063
06-20 23:53:30.217  9649  9649 I [INFO][Leanplum]: [com.leanplum.LeanplumCloudMessagingProvider::onRegistrationIdReceived::3]: Device registered for push notifications with registration token, fXvD8O8ViyE:APA91bGNXuSLC9Kn397I4wKOoqgoSNeoTsLguRFeq2uJCjzmsU_Alux6F35x_kamV0i7HHCg8tG-0FLWJ2QdLm_C521AjxvqgKXS0xIeW-afq3TbbgYd1PrKJgy3gd49GB3GwGjvegAv
06-20 23:53:30.223  9649  9745 I zygote  : android::hardware::configstore::V1_0::ISurfaceFlingerConfigs::hasWideColorDisplay retrieved: 0
06-20 23:53:30.225  9649  9745 I OpenGLRenderer: Initialized EGL, version 1.4
06-20 23:53:30.225  9649  9745 D OpenGLRenderer: Swap behavior 2
06-20 23:53:30.291  9649  9762 I libglean_ffi: glean_core::upload: New upload task with id a8b951c2-a3d0-4ce6-b5c8-1e7f2f19c50d (path: /submit/org-mozilla-fennec-aurora/baseline/1/a8b951c2-a3d0-4ce6-b5c8-1e7f2f19c50d)
06-20 23:53:30.293  1456 10366 I WindowManager: Keep hide if surface has never drawn Window{78a305f u0 org.mozilla.fennec_aurora/org.mozilla.fenix.IntentReceiverActivity}
06-20 23:53:30.295  1456 10366 I WindowManager: Failed to capture screenshot of Token{c685b38 ActivityRecord{8d80b9b u0 org.mozilla.fennec_aurora/org.mozilla.fenix.IntentReceiverActivity t87291 f}} appWin=Window{78a305f u0 org.mozilla.fennec_aurora/org.mozilla.fenix.IntentReceiverActivity} drawState=1
06-20 23:53:30.296  9649  9762 D glean/ConceptFetchHttpUploader: Submitting ping to: https://incoming.telemetry.mozilla.org/submit/org-mozilla-fennec-aurora/baseline/1/a8b951c2-a3d0-4ce6-b5c8-1e7f2f19c50d
06-20 23:53:30.305  9649  9649 D MigrationPushRenewer: Migration state: NONE
06-20 23:53:30.306  9649  9649 D MigrationTelemetryListener: Migration state: NONE
06-20 23:53:30.322  1456  1673 I LaunchCheckinHandler: Displayed org.mozilla.fennec_aurora/org.mozilla.fenix.IntentReceiverActivity,cp,ca,796
06-20 23:53:30.362  9649  9649 I zygote  : Deoptimizing kotlin.coroutines.Continuation kotlin.coroutines.intrinsics.IntrinsicsKt.createCoroutineUnintercepted(kotlin.jvm.functions.Function2, java.lang.Object, kotlin.coroutines.Continuation) due to JIT inline cache
06-20 23:53:30.362  9649  9649 I zygote  : Deoptimizing java.lang.Object kotlin.coroutines.CombinedContext.fold(java.lang.Object, kotlin.jvm.functions.Function2) due to JIT inline cache
06-20 23:53:30.366  9649  9649 D PhoneWindow: Restoring navigation bar divider color to default value = 0x00000000
06-20 23:53:30.436  9649  9649 I NavController: Ignoring popBackStack to destination org.mozilla.fennec_aurora:id/browserFragment as it was not found on the current back stack
06-20 23:53:30.554  9649  9681 D GeckoThread: State changed to PROFILE_READY
06-20 23:53:30.652  9649  9681 D GeckoThread: State changed to RUNNING
06-20 23:53:30.672  9649  9681 I Gecko   : -*- nsDNSServiceDiscovery.js : nsDNSServiceDiscovery
06-20 23:53:30.687  9649  9649 I FirefoxAccountStateMachine: Enabling/updating sync with a new SyncConfig: SyncConfig(supportedEngines=[mozilla.components.service.fxa.SyncEngine$History@5649476, mozilla.components.service.fxa.SyncEngine$Bookmarks@a535a77, mozilla.components.service.fxa.SyncEngine$Passwords@a17f6e4, mozilla.components.service.fxa.SyncEngine$Tabs@1c5c74d], syncPeriodInMinutes=240)
06-20 23:53:30.690  9649  9649 I BgSyncManager: Periodic syncing enabled at a 240 interval
06-20 23:53:30.692  9649  9649 I FirefoxAccountStateMachine: Sync is enabled
06-20 23:53:30.701  9649  9769 I FirefoxAccountStateMachine: Processing event Event$Init for state Start. Next state is Start
06-20 23:53:30.719  9649  9699 D RustNativeSupport: findMegazordLibraryName(places, 61.0.2
06-20 23:53:30.719  9649  9699 D RustNativeSupport: lib in use: none
06-20 23:53:30.719  9649  9699 D RustNativeSupport: lib configured: megazord
06-20 23:53:30.719  9649  9699 D RustNativeSupport: lib version configured: 61.0.2
06-20 23:53:30.719  9649  9699 D RustNativeSupport: settled on megazord
06-20 23:53:30.723  9649  9699 D places_ffi: places_api_new
06-20 23:53:30.725  9649  9769 I FirefoxAccountStateMachine: Ran 'Event$Init' side-effects for state Start, got successive event Event$AccountNotFound
06-20 23:53:30.726  9649  9769 I FirefoxAccountStateMachine: Processing event Event$AccountNotFound for state Start. Next state is NotAuthenticated
06-20 23:53:30.744  9649  9769 D RustNativeSupport: findMegazordLibraryName(fxaclient, 61.0.2
06-20 23:53:30.744  9649  9769 D RustNativeSupport: lib in use: none
06-20 23:53:30.744  9649  9769 D RustNativeSupport: lib configured: megazord
06-20 23:53:30.744  9649  9769 D RustNativeSupport: lib version configured: 61.0.2
06-20 23:53:30.744  9649  9769 D RustNativeSupport: settled on megazord
06-20 23:53:30.749  9649  9769 D fxaclient_ffi: fxa_new
06-20 23:53:30.796  9649  9699 D sql_support::conn_ext: Transaction commited after 32.970941ms
06-20 23:53:30.798  9649  9699 D places_ffi: places_connection_new
06-20 23:53:30.802  9649  9699 D places_ffi: places_connection_new
06-20 23:53:30.812  9649  9780 I Gecko   : [GFX1-]: Failed to create EGLContext!: 0x300c
06-20 23:53:30.831  9649  9699 D places_ffi: bookmarks_get_all_with_url
06-20 23:53:30.840  9649  9649 W GeckoEventDispatcher: No listener for GeckoView:AccessibilityEnabled
06-20 23:53:30.868  9649  9654 I zygote  : Do full code cache collection, code=125KB, data=99KB
06-20 23:53:30.870  9649  9654 I zygote  : After code cache collection, code=88KB, data=54KB
06-20 23:53:30.871  9649  9681 W ResourceType: Too many attribute references, stopped at: 0x01010099
06-20 23:53:30.877  9649  9649 D GeckoNetworkManager: Incoming event enableNotifications for state OnNoListeners -> OnWithListeners
06-20 23:53:30.878  9649  9649 D GeckoNetworkManager: New network state: UP, WIFI, WIFI
06-20 23:53:30.903  9649  9774 W LOTTIE  : Animation contains merge paths. Merge paths are only supported on KitKat+ and must be manually enabled by calling enableMergePathsForKitKatAndAbove().
06-20 23:53:30.903  9649  9769 W FirefoxAccountStateMachine: Got invalid event Event$Init for state NotAuthenticated.
06-20 23:53:31.003  1456  4797 I ActivityManager: Displayed org.mozilla.fennec_aurora/org.mozilla.fenix.HomeActivity: +718ms (total +1s476ms)
06-20 23:53:31.003  1456  4797 I ActivityManager: Fully drawn org.mozilla.fennec_aurora/org.mozilla.fenix.HomeActivity: +718ms (total +1s476ms)
06-20 23:53:31.021  9649  9649 D GeckoNetworkManager: Incoming event receivedUpdate for state OnWithListeners -> OnWithListeners
06-20 23:53:31.022  9649  9649 D GeckoNetworkManager: New network state: UP, WIFI, WIFI
06-20 23:53:31.049  9649  9745 D vndksupport: Loading /vendor/lib/hw/android.hardware.graphics.mapper@2.0-impl.so from current namespace instead of sphal namespace.
