03-16 22:03:14.137 28960 28993 W ResourceType: Too many attribute references, stopped at: 0x01010099
03-16 22:03:14.138  1023 29130 D libc    : Internal error: netid(0), id(0x6268), server(0.0.0.0)
03-16 22:03:14.138  1023 29130 D libc    : Internal error: netid(0), id(0x6268), server(0.0.0.0)
03-16 22:03:14.138  1023 29130 D libc    : Internal error: netid(0), id(0x484a), server(0.0.0.0)
03-16 22:03:14.138  1023 29130 D libc    : Internal error: netid(0), id(0x484a), server(0.0.0.0)
03-16 22:03:14.160 28960 28987 D App     : Could not fetch region from location service
03-16 22:03:14.160 28960 28987 D App     : java.io.IOException: org.mozilla.geckoview.WebRequestError: Request failed, error=0x25, category=0x5
03-16 22:03:14.160 28960 28987 D App     : 	at mozilla.components.browser.engine.gecko.fetch.GeckoViewFetchClient.fetch(GeckoViewFetchClient.kt:39)
03-16 22:03:14.160 28960 28987 D App     : 	at mozilla.components.service.location.MozillaLocationService$fetchRegion$2.invokeSuspend(MozillaLocationService.kt:27)
03-16 22:03:14.160 28960 28987 D App     : 	at mozilla.components.service.location.MozillaLocationService$fetchRegion$2.invoke(Unknown Source:10)
03-16 22:03:14.160 28960 28987 D App     : 	at kotlin.jvm.internal.Intrinsics.startUndispatchedOrReturn(Intrinsics.java:2)
03-16 22:03:14.160 28960 28987 D App     : 	at kotlin.jvm.internal.Intrinsics.withContext(Intrinsics.java:9)
03-16 22:03:14.160 28960 28987 D App     : 	at mozilla.components.service.location.MozillaLocationService.fetchRegion(MozillaLocationService.kt:2)
03-16 22:03:14.160 28960 28987 D App     : 	at mozilla.components.service.location.search.RegionSearchLocalizationProvider.determineRegion(RegionSearchLocalizationProvider.kt:5)
03-16 22:03:14.160 28960 28987 D App     : 	at mozilla.components.browser.search.provider.AssetsSearchEngineProvider.loadSearchEngines(AssetsSearchEngineProvider.kt:5)
03-16 22:03:14.160 28960 28987 D App     : 	at org.mozilla.fenix.components.searchengine.FenixSearchEngineProvider$baseSearchEngines$1.invokeSuspend(FenixSearchEngineProvider.kt:9)
03-16 22:03:14.160 28960 28987 D App     : 	at kotlin.coroutines.jvm.internal.BaseContinuationImpl.resumeWith(ContinuationImpl.kt:2)
03-16 22:03:14.160 28960 28987 D App     : 	at kotlinx.coroutines.DispatchedTask.run(DispatchedTask.kt:15)
03-16 22:03:14.160 28960 28987 D App     : 	at kotlinx.coroutines.scheduling.CoroutineScheduler.runSafely(CoroutineScheduler.kt:1)
03-16 22:03:14.160 28960 28987 D App     : 	at kotlinx.coroutines.scheduling.CoroutineScheduler$Worker.run(CoroutineScheduler.kt:15)
03-16 22:03:14.160 28960 28987 D App     : Caused by: org.mozilla.geckoview.WebRequestError: Request failed, error=0x25, category=0x5
03-16 22:03:14.160 28960 28987 D App     : 	at org.mozilla.gecko.mozglue.GeckoLoader.nativeRun(Native Method)
03-16 22:03:14.160 28960 28987 D App     : 	at org.mozilla.gecko.GeckoThread.run(GeckoThread.java:91)
03-16 22:03:14.161 28960 28988 D App     : Could not fetch region from location service
03-16 22:03:14.161 28960 28988 D App     : java.io.IOException: org.mozilla.geckoview.WebRequestError: Request failed, error=0x25, category=0x5
03-16 22:03:14.161 28960 28988 D App     : 	at mozilla.components.browser.engine.gecko.fetch.GeckoViewFetchClient.fetch(GeckoViewFetchClient.kt:39)
03-16 22:03:14.161 28960 28988 D App     : 	at mozilla.components.service.location.MozillaLocationService$fetchRegion$2.invokeSuspend(MozillaLocationService.kt:27)
03-16 22:03:14.161 28960 28988 D App     : 	at kotlin.coroutines.jvm.internal.BaseContinuationImpl.resumeWith(ContinuationImpl.kt:2)
03-16 22:03:14.161 28960 28988 D App     : 	at kotlinx.coroutines.DispatchedTask.run(DispatchedTask.kt:15)
03-16 22:03:14.161 28960 28988 D App     : 	at kotlinx.coroutines.scheduling.CoroutineScheduler.runSafely(CoroutineScheduler.kt:1)
03-16 22:03:14.161 28960 28988 D App     : 	at kotlinx.coroutines.scheduling.CoroutineScheduler$Worker.run(CoroutineScheduler.kt:15)
03-16 22:03:14.161 28960 28988 D App     : Caused by: org.mozilla.geckoview.WebRequestError: Request failed, error=0x25, category=0x5
03-16 22:03:14.161 28960 28988 D App     : 	at org.mozilla.gecko.mozglue.GeckoLoader.nativeRun(Native Method)
03-16 22:03:14.161 28960 28988 D App     : 	at org.mozilla.gecko.GeckoThread.run(GeckoThread.java:91)
03-16 22:03:14.269 29048 29067 D GeckoThread: State changed to MOZGLUE_READY
03-16 22:03:14.276 29048 29067 W Settings: Setting animator_duration_scale has moved from android.provider.Settings.System to android.provider.Settings.Global, returning read-only global URI.
03-16 22:03:14.279 29048 29067 E GeckoLibLoad: Load sqlite start
03-16 22:03:14.296 29048 29067 W GeckoLinker: /data/app/org.mozilla.fennec_aurora-GLg0NuKfZz-YrTBRFwzLSg==/lib/arm/libnss3.so: unhandled flags #8 not handled
03-16 22:03:14.300 29048 29067 W GeckoLinker: /data/app/org.mozilla.fennec_aurora-GLg0NuKfZz-YrTBRFwzLSg==/lib/arm/libnss3.so: Relocation to NULL @0x001b9ffc for symbol "__cxa_type_match"
03-16 22:03:14.301 29048 29067 E GeckoLibLoad: Load sqlite done
03-16 22:03:14.301 29048 29067 E GeckoLibLoad: Load nss start
03-16 22:03:14.301 29048 29067 E GeckoLibLoad: Load nss done
03-16 22:03:14.301 29048 29067 W GeckoLinker: /data/app/org.mozilla.fennec_aurora-GLg0NuKfZz-YrTBRFwzLSg==/lib/arm/libxul.so: unhandled flags #8 not handled
03-16 22:03:14.302 29048 29067 W GeckoLinker: /data/app/org.mozilla.fennec_aurora-GLg0NuKfZz-YrTBRFwzLSg==/lib/arm/liblgpllibs.so: unhandled flags #8 not handled
03-16 22:03:14.307 28960 28993 I GeckoSession: zerdatime 16938688074 - chrome startup finished
03-16 22:03:14.333 29048 29067 E GeckoLibLoad: Loaded libs in 32.235160ms total, 16ms(23ms) user, 10ms(10ms) system, 0(0) faults
03-16 22:03:14.334 29048 29067 D GeckoThread: State changed to LIBS_READY
03-16 22:03:14.334 29048 29067 W GeckoThread: zerdatime 16938688101 - runGecko
03-16 22:03:14.360 28960 29140 D App     : Could not fetch region from location service
03-16 22:03:14.360 28960 29140 D App     : java.io.IOException: org.mozilla.geckoview.WebRequestError: Request failed, error=0x25, category=0x5
03-16 22:03:14.360 28960 29140 D App     : 	at mozilla.components.browser.engine.gecko.fetch.GeckoViewFetchClient.fetch(GeckoViewFetchClient.kt:39)
03-16 22:03:14.360 28960 29140 D App     : 	at mozilla.components.service.location.MozillaLocationService$fetchRegion$2.invokeSuspend(MozillaLocationService.kt:27)
03-16 22:03:14.360 28960 29140 D App     : 	at mozilla.components.service.location.MozillaLocationService$fetchRegion$2.invoke(Unknown Source:10)
03-16 22:03:14.360 28960 29140 D App     : 	at kotlin.jvm.internal.Intrinsics.startUndispatchedOrReturn(Intrinsics.java:2)
03-16 22:03:14.360 28960 29140 D App     : 	at kotlin.jvm.internal.Intrinsics.withContext(Intrinsics.java:9)
03-16 22:03:14.360 28960 29140 D App     : 	at mozilla.components.service.location.MozillaLocationService.fetchRegion(MozillaLocationService.kt:2)
03-16 22:03:14.360 28960 29140 D App     : 	at mozilla.components.service.location.search.RegionSearchLocalizationProvider.determineRegion(RegionSearchLocalizationProvider.kt:5)
03-16 22:03:14.360 28960 29140 D App     : 	at mozilla.components.browser.search.provider.AssetsSearchEngineProvider.loadSearchEngines(AssetsSearchEngineProvider.kt:5)
03-16 22:03:14.360 28960 29140 D App     : 	at org.mozilla.fenix.components.searchengine.FenixSearchEngineProvider$bundledSearchEngines$1.invokeSuspend(FenixSearchEngineProvider.kt:21)
03-16 22:03:14.360 28960 29140 D App     : 	at kotlin.coroutines.jvm.internal.BaseContinuationImpl.resumeWith(ContinuationImpl.kt:2)
03-16 22:03:14.360 28960 29140 D App     : 	at kotlinx.coroutines.DispatchedTask.run(DispatchedTask.kt:15)
03-16 22:03:14.360 28960 29140 D App     : 	at kotlinx.coroutines.scheduling.CoroutineScheduler.runSafely(CoroutineScheduler.kt:1)
03-16 22:03:14.360 28960 29140 D App     : 	at kotlinx.coroutines.scheduling.CoroutineScheduler$Worker.run(CoroutineScheduler.kt:15)
03-16 22:03:14.360 28960 29140 D App     : Caused by: org.mozilla.geckoview.WebRequestError: Request failed, error=0x25, category=0x5
03-16 22:03:14.360 28960 29140 D App     : 	at org.mozilla.gecko.mozglue.GeckoLoader.nativeRun(Native Method)
03-16 22:03:14.360 28960 29140 D App     : 	at org.mozilla.gecko.GeckoThread.run(GeckoThread.java:91)
03-16 22:03:14.672 29048 29067 D GeckoThread: State changed to RUNNING
03-16 22:03:14.708 29048 29067 W ResourceType: Too many attribute references, stopped at: 0x01010099
03-16 22:03:14.825 28960 28960 D App     : Installed browser-icons extension
03-16 22:03:14.826 28960 28960 D mozac-webextensions: Installed extension: mozacWebchannel
03-16 22:03:14.828 28960 28960 D mozac-webextensions: Installed extension: mozacReaderview
03-16 22:03:14.843 28960 28960 D GeckoSession: handleMessage GeckoView:PageStart uri=about:blank
03-16 22:03:14.844 28960 28993 D GeckoScreenOrientation: unlocking
03-16 22:03:14.888 28960 28960 D GeckoSession: handleMessage GeckoView:LocationChange uri=about:blank
03-16 22:03:14.888 28960 28960 D GeckoSession: handleMessage GeckoView:PageStop uri=null
03-16 22:03:14.896 28960 28960 I SessionStorage/AutoSave: Save: Load finished
03-16 22:03:14.897 28960 29138 D SessionStorage/AutoSave: Delaying save (17ms)
03-16 22:03:14.910 28960 28960 D GeckoSession: handleMessage GeckoView:OnLoadRequest uri=https://example.com/
03-16 22:03:14.924 28960 29138 D SessionStorage/AutoSave: Saved state to disk [10ms]
03-16 22:03:14.924 28960 28960 D GeckoSession: handleMessage GeckoView:OnLoadRequest uri=https://example.com/
03-16 22:03:14.934 28960 28965 I zygote  : Do partial code cache collection, code=126KB, data=86KB
03-16 22:03:14.935 28960 28965 I zygote  : After code cache collection, code=124KB, data=86KB
03-16 22:03:14.936 28960 28965 I zygote  : Increasing code cache capacity to 512KB
03-16 22:03:15.081 29048 29048 D GeckoNetworkManager: Incoming event enableNotifications for state OffNoListeners -> OffWithListeners
03-16 22:03:15.083 29048 29048 D GeckoNetworkManager: New network state: DOWN, NONE, UNKNOWN
03-16 22:03:15.200 28960 28960 D GeckoSession: handleMessage GeckoView:ProgressChanged uri=null
03-16 22:03:15.208 28960 28960 D GeckoSession: handleMessage GeckoView:PageStart uri=https://example.com/
03-16 22:03:15.239 28960 28960 D GeckoSession: handleMessage GeckoView:ProgressChanged uri=null
03-16 22:03:15.250 28960 28960 D GeckoSession: handleMessage GeckoView:PageStop uri=null
03-16 22:03:15.250 28960 28960 I SessionStorage/AutoSave: Save: Load finished
03-16 22:03:15.252 28960 29138 D SessionStorage/AutoSave: Delaying save (1645ms)
03-16 22:03:15.277 28960 28960 D GeckoSession: handleMessage GeckoView:ProgressChanged uri=null
03-16 22:03:15.286 28960 28960 D GeckoSession: handleMessage GeckoView:PageStart uri=https://example.com/
03-16 22:03:15.332 28960 28960 D mozac-webcompat: Installed WebCompat webextension: webcompat@mozilla.com
03-16 22:03:15.369 28960 28960 D GeckoSession: handleMessage GeckoView:OnLoadError uri=https://example.com/
03-16 22:03:15.397 28960 28960 D GeckoSession: handleMessage GeckoView:ProgressChanged uri=null
03-16 22:03:15.406 28960 28960 D GeckoSession: handleMessage GeckoView:PageStop uri=null
03-16 22:03:15.407 28960 28960 I SessionStorage/AutoSave: Save: Load finished
03-16 22:03:15.407 28960 28960 D SessionStorage/AutoSave: Skipping save, other job already in flight
03-16 22:03:15.479 28960 28960 D GeckoSession: handleMessage GeckoView:LocationChange uri=https://example.com/
03-16 22:03:15.488 28960 29138 I zygote  : Deoptimizing void kotlinx.coroutines.DispatchedTask.run() due to JIT inline cache
03-16 22:03:15.491 28960 29138 D places_ffi: bookmarks_get_all_with_url
03-16 22:03:15.510 28960 28960 D GeckoSession: handleMessage GeckoView:SecurityChanged uri=null
03-16 22:03:15.515 28960 29138 D places_ffi: places_connection_new
03-16 22:03:15.529 28960 29138 D places_ffi: places_note_observation
03-16 22:03:15.546 28960 29138 D sql_support::conn_ext: Transaction commited after 16.770575ms
03-16 22:03:15.557 28960 28960 I DefaultSupportedAddonsChecker: Register check for new supported add-ons
03-16 22:03:15.563 28960 29138 D places_ffi: places_note_observation
03-16 22:03:15.579 28960 29138 D sql_support::conn_ext: Transaction commited after 14.716721ms
03-16 22:03:15.584 29048 29067 W GeckoLinker: /data/app/org.mozilla.fennec_aurora-GLg0NuKfZz-YrTBRFwzLSg==/lib/arm/libsoftokn3.so: unhandled flags #8 not handled
03-16 22:03:15.585 29048 29067 W GeckoLinker: /data/app/org.mozilla.fennec_aurora-GLg0NuKfZz-YrTBRFwzLSg==/lib/arm/libsoftokn3.so: Relocation to NULL @0x0002cffc for symbol "__cxa_type_match"
03-16 22:03:15.585 29048 29067 W GeckoLinker: /data/app/org.mozilla.fennec_aurora-GLg0NuKfZz-YrTBRFwzLSg==/lib/arm/libfreebl3.so: unhandled flags #8 not handled
03-16 22:03:15.586 29048 29067 W GeckoLinker: /data/app/org.mozilla.fennec_aurora-GLg0NuKfZz-YrTBRFwzLSg==/lib/arm/libfreebl3.so: Relocation to NULL @0x0004fffc for symbol "__cxa_type_match"
03-16 22:03:15.602 28960 29138 D places_ffi: places_note_observation
03-16 22:03:15.620 28960 29138 D sql_support::conn_ext: Transaction commited after 17.081928ms
03-16 22:03:15.954 28960 28960 D GeckoSession: handleMessage GeckoView:StateUpdated uri=null
03-16 22:03:15.954 28960 28960 W GeckoSession: No history entries found.
03-16 22:03:16.913 28960 29138 D SessionStorage/AutoSave: Saved state to disk [14ms]
03-16 22:03:17.932 29210 29210 D AndroidRuntime: >>>>>> START com.android.internal.os.RuntimeInit uid 2000 <<<<<<
03-16 22:03:17.945 29210 29210 W app_process: Could not reserve sentinel fault page
03-16 22:03:18.112 29210 29210 I app_process: The ClassLoaderContext is a special shared library.
03-16 22:03:18.180 29210 29210 D AndroidRuntime: Calling main entry com.android.commands.input.Input
03-16 22:03:18.181 29210 29210 I Input   : injectKeyEvent: KeyEvent { action=ACTION_DOWN, keyCode=KEYCODE_HOME, scanCode=0, metaState=0, flags=0x0, repeatCount=0, eventTime=16486653461, downTime=16486653461, deviceId=-1, source=0x101 }
03-16 22:03:18.188 29210 29210 I Input   : injectKeyEvent: KeyEvent { action=ACTION_UP, keyCode=KEYCODE_HOME, scanCode=0, metaState=0, flags=0x0, repeatCount=0, eventTime=16486653461, downTime=16486653461, deviceId=-1, source=0x101 }
03-16 22:03:18.195  1456  1941 I ActivityManager: START u0 {act=android.intent.action.MAIN cat=[android.intent.category.HOME] flg=0x10200000 cmp=com.android.launcher3/.CustomizationPanelLauncher (has extras)} from uid 1000
03-16 22:03:18.195   794   839 E ANDR-PERF-RESOURCEQS: Failed to apply optimization [4, 0]
03-16 22:03:18.207  1456  1941 I ActivityManager: moveHomeStack, setupComplete:true
03-16 22:03:18.211 29210 29210 D AndroidRuntime: Shutting down VM
03-16 22:03:18.219 28336 28375 I Adreno  : QUALCOMM build                   : bb5b86c, I77d3059488
03-16 22:03:18.219 28336 28375 I Adreno  : Build Date                       : 06/07/18
03-16 22:03:18.219 28336 28375 I Adreno  : OpenGL ES Shader Compiler Version: EV031.22.00.01_06
03-16 22:03:18.219 28336 28375 I Adreno  : Local Branch                     : 
03-16 22:03:18.219 28336 28375 I Adreno  : Remote Branch                    : refs/tags/AU_LINUX_ANDROID_LA.UM.6.5.R1.08.01.00.312.086
03-16 22:03:18.219 28336 28375 I Adreno  : Remote Branch                    : NONE
03-16 22:03:18.219 28336 28375 I Adreno  : Reconstruct Branch               : NOTHING
03-16 22:03:18.224 28336 28375 D vndksupport: Loading /vendor/lib/hw/gralloc.msm8937.so from current namespace instead of sphal namespace.
03-16 22:03:18.231 28336 28375 I Adreno  : PFP: 0x005ff087, ME: 0x005ff063
03-16 22:03:18.232  2748  2748 D Launcher.Utilities: Wakeup weather: Intent { act=com.motorola.launcher3.action.WAKEUP_WEATHER cmp=com.motorola.timeweatherwidget/com.motorola.commandcenter.weather.WakeUpService }
03-16 22:03:18.235 28336 28375 I zygote  : android::hardware::configstore::V1_0::ISurfaceFlingerConfigs::hasWideColorDisplay retrieved: 0
03-16 22:03:18.237 28336 28375 I OpenGLRenderer: Initialized EGL, version 1.4
03-16 22:03:18.237 28336 28375 D OpenGLRenderer: Swap behavior 2
03-16 22:03:18.247  1456  1456 I NotificationService: Cannot find enqueued record for key: 0|com.motorola.timeweatherwidget|1|null|10116
03-16 22:03:18.257   808   808 D SurfaceFlinger: duplicate layer name: changing com.android.launcher3/com.android.launcher3.CustomizationPanelLauncher to com.android.launcher3/com.android.launcher3.CustomizationPanelLauncher#1
03-16 22:03:18.268 28336 28369 W ThreadPoolDumper: Queue length for executor EventBus is now 11. Perhaps some tasks are too long, or the pool is too small.
03-16 22:03:18.269  1456  4802 I WifiService: getWifiEnabledState uid=10073
03-16 22:03:18.270 28960 28960 I [INFO][Leanplum]: [com.leanplum.internal.RequestOld::sendIfConnected::4]: Device is offline, will send later
03-16 22:03:18.281  1456  4802 I WifiService: getWifiEnabledState uid=10073
03-16 22:03:18.288 28960 28960 D SessionManager: onTrimMemory(80): clearThumbnails=true, closeEngineSessions=true
03-16 22:03:18.291 28336 28379 I DEBUG   : OpaToSrpTransitionState#onStateChanged#notNullQuery
03-16 22:03:18.292 28336 28379 I DEBUG   : OpaToSrpTransitionState#onStateChanged#notNullQuery
03-16 22:03:18.309 28336 28379 I MicroDetectionState: Should stop hotword detection immediately - false
03-16 22:03:18.314 28336 28379 I MicroDetectionWorker: #startMicroDetector [speakerMode: 0]
03-16 22:03:18.315 28336 28379 I AudioController: Created new AudioSource
03-16 22:03:18.320 28336 28367 I MicroDataManager: isInitializedWithLatestParams-true
03-16 22:03:18.321 28336 28367 I MicroDataManager: isInitializing-false locale not changed-true model not changed-true
03-16 22:03:18.321 28336 28367 I MicroDataManager: Already initialized, obtaining the hotword data immediately.
03-16 22:03:18.329 28336 21549 I MicroRecognitionRunner: Starting detection.
03-16 22:03:18.330 28336 21549 I InputStreamUtils: Using micInputStream
03-16 22:03:18.330 28336  3434 I MicrophoneInputStream: mic_starting  SR : 16000 CC : 16 SO : 1999
03-16 22:03:18.333   788  1479 V msm8974_platform: platform_check_input_mask: enter check_input_mask source 6 mask 10
03-16 22:03:18.336 28960 28965 I zygote  : Do full code cache collection, code=253KB, data=155KB
03-16 22:03:18.336  1012 29224 I AudioFlinger: AudioFlinger's thread 0xb2483700 tid=29224 ready to run
03-16 22:03:18.340 28960 28965 I zygote  : After code cache collection, code=165KB, data=93KB
03-16 22:03:18.344   788  1479 D audio_hw_primary: in_set_parameters: enter: kvpairs=input_source=6;routing=-2147483644
03-16 22:03:18.345  1012  1012 D APM_AudioPolicyManager: AudioPolicyManager::startInput() input 213102, session 213217, source = 1999
03-16 22:03:18.345 28336  3434 I MicrophoneInputStream: mic_started  SR : 16000 CC : 16 SO : 1999
03-16 22:03:18.347   788 29225 V msm8974_platform: platform_update_usecase_from_source: input source :6
03-16 22:03:18.347   788 29225 V msm8974_platform: platform_check_input_mask: enter check_input_mask source 6 mask 10
03-16 22:03:18.347   788 29225 V msm8974_platform: platform_get_input_snd_device: enter: out_device(0) in_device(0x4) channel_count (1) channel_mask (0x10)
03-16 22:03:18.347   788 29225 V msm8974_platform: platform_get_input_snd_device: exit: in_snd_device(voice-rec-mic)
03-16 22:03:18.347   788 29225 V msm8974_platform: platform_get_backend_index:napb: backend port - 5 device - 120 
03-16 22:03:18.347   788 29225 V msm8974_platform: platform_check_and_set_capture_backend_cfg:txbecf: afe: bitwidth 0, samplerate 0, channel 1, backend_idx 5 usecase = 9 device (voice-rec-mic)
03-16 22:03:18.347   788 29225 V msm8974_platform: platform_check_capture_backend_cfg:txbecf: afe: Codec selected backend: 5 current bit width: 0 and sample rate: 0, channels 1
03-16 22:03:18.347   788 29225 V msm8974_platform: platform_check_capture_backend_cfg:txbecf: afe: Codec selected backend: 5 updated bit width: 0 and sample rate: 0
03-16 22:03:18.347   788 29225 I msm8974_platform: platform_check_capture_backend_cfg:txbecf: afe: Codec backend needs to be updated. new bit width: 0 new sample rate: 0 new channel: 1
03-16 22:03:18.347   788 29225 V msm8974_platform: platform_get_backend_index:napb: backend port - 5 device - 120 
03-16 22:03:18.347   788 29225 V msm8974_platform: platform_set_backend_cfg:becf: afe: bitwidth 0, samplerate 0 channels 1, backend_idx 5 device (voice-rec-mic)
03-16 22:03:18.348   788 29225 E msm8974_platform: platform_set_backend_cfg:becf: afe: Could not get ctl for mixer command - SLIM_0_TX Format
03-16 22:03:18.348   788 29225 V msm8974_platform: platform_send_audio_calibration: sending audio calibration for snd_device(120) acdb_id(62)
03-16 22:03:18.348   788 29225 D ACDB-LOADER: ACDB -> send_audio_cal, acdb_id = 62, path = 1, app id = 0x11130, sample rate = 48000
03-16 22:03:18.348   788 29225 D ACDB-LOADER: ACDB -> send_asm_topology
03-16 22:03:18.348   788 29225 D ACDB-LOADER: ACDB -> ACDB_CMD_GET_AUDPROC_STREAM_TOPOLOGY_ID
03-16 22:03:18.348   788 29225 D ACDB-LOADER: ACDB -> send_adm_topology
03-16 22:03:18.348   788 29225 D ACDB-LOADER: ACDB -> ACDB_CMD_GET_AUDPROC_COMMON_TOPOLOGY_ID
03-16 22:03:18.348   788 29225 D ACDB-LOADER: ACDB -> send_audtable
03-16 22:03:18.348   788 29225 D ACDB-LOADER: ACDB -> ACDB_CMD_GET_AUDPROC_COMMON_TABLE_SIZE
03-16 22:03:18.348   788 29225 D ACDB-LOADER: ACDB -> ACDB_CMD_GET_AUDPROC_COMMON_TABLE
03-16 22:03:18.348   788 29225 D ACDB-LOADER: ACDB -> AUDIO_SET_AUDPROC_CAL
03-16 22:03:18.348   788 29225 D ACDB-LOADER: ACDB -> send_audvoltable
03-16 22:03:18.348   788 29225 D ACDB-LOADER: ACDB -> ACDB_CMD_GET_AUDPROC_VOL_STEP_TABLE_SIZE
03-16 22:03:18.348   788 29225 D ACDB-LOADER: ACDB -> ACDB_CMD_GET_AUDPROC_GAIN_DEP_STEP_TABLE, vol index 0
03-16 22:03:18.348   788 29225 D         : Failed to fetch the lookup information of the device 0000003E 
03-16 22:03:18.348   788 29225 D ACDB-LOADER: ACDB -> AUDIO_SET_VOL_CAL cal type = 12
03-16 22:03:18.348   788 29225 D ACDB-LOADER: ACDB -> ACDB_CMD_GET_AUDPROC_STREAM_TABLE_SIZE
03-16 22:03:18.348   788 29225 D ACDB-LOADER: ACDB -> send_audstrmtable
03-16 22:03:18.348   788 29225 D ACDB-LOADER: ACDB -> ACDB_CMD_GET_AUDPROC_STREAM_TABLE_V2
03-16 22:03:18.348   788 29225 D ACDB-LOADER: ACDB -> audstrm_cal->cal_type.cal_data.cal_size = 456
03-16 22:03:18.348   788 29225 D ACDB-LOADER: ACDB -> send_afe_topology
03-16 22:03:18.348   788 29225 D ACDB-LOADER: ACDB -> ACDB_CMD_GET_AFE_TOPOLOGY_ID
03-16 22:03:18.348   788 29225 D ACDB-LOADER: ACDB -> GET_AFE_TOPOLOGY_ID for adcd_id 62, Topology Id 112fb
03-16 22:03:18.348   788 29225 D ACDB-LOADER: ACDB -> send_afe_cal
03-16 22:03:18.348   788 29225 D ACDB-LOADER: ACDB -> ACDB_CMD_GET_AFE_COMMON_TABLE_SIZE
03-16 22:03:18.348   788 29225 D         : Failed to fetch the lookup information of the device 0000003E 
03-16 22:03:18.349   788 29225 E ACDB-LOADER: Error: ACDB_CMD_GET_AFE_COMMON_TABLE_SIZE Returned = -19
03-16 22:03:18.349   788 29225 D ACDB-LOADER: ACDB -> ACDB_CMD_GET_AFE_COMMON_TABLE
03-16 22:03:18.349   788 29225 D         : Failed to fetch the lookup information of the device 0000003E 
03-16 22:03:18.349   788 29225 D ACDB-LOADER: ACDB -> AUDIO_SET_AFE_CAL
03-16 22:03:18.349   788 29225 D ACDB-LOADER: ACDB -> send_hw_delay : acdb_id = 62 path = 1
03-16 22:03:18.349   788 29225 D ACDB-LOADER: ACDB -> ACDB_AVSYNC_INFO: ACDB_CMD_GET_DEVICE_PROPERTY
03-16 22:03:18.349   788 29225 D audio_hw_primary: enable_snd_device: snd_device(120: voice-rec-mic)
03-16 22:03:18.349   788 29225 D audio_route: Apply path: voice-rec-mic
03-16 22:03:18.350 28960 28960 D SessionManager: Cleared 8 thumbnail(s) and unlinked 8 engine sessions(s)
03-16 22:03:18.352   788 29225 V msm8974_platform: platform_get_snd_device_backend_index: enter with device 120
03-16 22:03:18.353   788 29225 E msm8974_platform: platform_get_snd_device_backend_index: BE DAI Name Table is not present
03-16 22:03:18.353   788 29225 V msm8974_platform: platform_get_backend_index:napb: backend port - 5 device - 120 
03-16 22:03:18.353   788 29225 I audio_hw_utils: Set Audio Stream Capture 0 App Type Cfg: app_type 69936, acdb_dev_id 62, sample_rate 48000, snd_device_be_idx -14
03-16 22:03:18.353   788 29225 D audio_hw_primary: enable_audio_route: usecase(9) apply and update mixer path: audio-record
03-16 22:03:18.353   788 29225 D audio_route: Apply path: audio-record
03-16 22:03:18.362  1456  1673 I LaunchCheckinHandler: Displayed com.android.launcher3/.CustomizationPanelLauncher,wp,wa,167
03-16 22:03:18.362 28960 28960 D GeckoSession: handleMessage GeckoView:StateUpdated uri=null
03-16 22:03:18.423 28336 28379 I MicroDetectionWorker: onReady
03-16 22:03:18.489 28960 28960 I glean/Glean: Registering pings for org.mozilla.fenix.GleanMetrics.Pings
03-16 22:03:18.528 28960 28960 D App     : ActivationPing - already generated
03-16 22:03:18.573   808   808 I SFPerfTracer:      triggers: (rate: 71:2004698) (compose: 0:7) (post: 0:19) (render: 0:17) (9:9354859 frames) (10:11510535)
03-16 22:03:18.573   808   808 D SFPerfTracer:        layers: (7:13) (NavigationBar#0 (0xb07df000): 8:752043) (StatusBar#0 (0xb07e3000): 8:1903155) (com.android.systemui.ImageWallpaper#0 (0xb07e7000): 0:67883) (Sprite#0 (0xb0733000): 0:317)* (DimLayerController/Stack=0#0 (0xb075a000): 0:3780)* (Sprite#1 (0xb077c000): 0:195)* (com.android.launcher3/com.android.launcher3.CustomizationPanelLauncher#0 (0xb0763000): 0:40)- (com.android.launcher3/com.android.launcher3.CustomizationPanelLauncher#1 (0xb0771000): 0:8)- (org.mozilla.fennec_aurora/org.mozilla.fenix.IntentReceiverActivity#0 (0xb039b000): 0:2)- (Splash Screen org.mozilla.fennec_aurora#0 (0xb013a000): 0:31)- (org.mozilla.fennec_aurora/org.mozilla.fenix.HomeActivity#0 (0xaff1c000): 10:47) (com.android.launcher3/com.android.launcher3.CustomizationPanelLauncher#0 (0xb0763000): 10:18)* (com.android.launcher3/com.android.launcher3.CustomizationPanelLauncher#1 (0xb0771000): 0:3) 
03-16 22:03:18.776  1456  7796 I OpenGLRenderer: Initialized EGL, version 1.4
03-16 22:03:18.776  1456  7796 D OpenGLRenderer: Swap behavior 2
03-16 22:03:18.807  2748  2917 W OpenGLRenderer: Incorrectly called buildLayer on View: ShortcutAndWidgetContainer, destroying layer...
03-16 22:03:18.900 28960 28960 D GeckoRuntime: Lifecycle: onPause
03-16 22:03:18.900 28960 28960 D GeckoNetworkManager: Incoming event stop for state OnWithListeners -> OffWithListeners
03-16 22:03:18.901 28960 28960 I SessionStorage/AutoSave: Save: Background
03-16 22:03:18.905 28960 29138 D SessionStorage/AutoSave: Saved state to disk [4ms]
03-16 22:03:18.906 28960 28986 I libglean_ffi: glean_core::ping: Collecting baseline
03-16 22:03:18.913 28960 28986 D libglean_ffi: glean_core::ping: Storing ping '01a7a494-0e62-49c4-9334-dbbb38ac6931' at '/data/user/0/org.mozilla.fennec_aurora/glean_data/pending_pings/01a7a494-0e62-49c4-9334-dbbb38ac6931'
03-16 22:03:18.913 28960 28986 I libglean_ffi: glean_core: The ping 'baseline' was submitted and will be sent as soon as possible
03-16 22:03:18.915 28960 28986 I libglean_ffi: glean_core::ping: Collecting events
03-16 22:03:18.917  1456  1893 D BatteryService: uevent={POWER_SUPPLY_VOLTAGE_NOW=4341405, POWER_SUPPLY_CHARGE_RATE=Normal, POWER_SUPPLY_HEALTH=Good, POWER_SUPPLY_CURRENT_NOW=152, POWER_SUPPLY_PRESENT=1, SUBSYSTEM=power_supply, POWER_SUPPLY_TEMP=295, SEQNUM=418927, ACTION=change, POWER_SUPPLY_NAME=battery, POWER_SUPPLY_STATUS=Full, POWER_SUPPLY_CHARGE_COUNTER=2800826, POWER_SUPPLY_CAPACITY=100, DEVPATH=/devices/soc/qpnp-smbcharger-17/power_supply/battery}
03-16 22:03:18.921 28960 28986 D libglean_ffi: glean_core::ping: Storing ping '6b6bc9a4-eda9-4bfe-9682-6e928a32cb7f' at '/data/user/0/org.mozilla.fennec_aurora/glean_data/pending_pings/6b6bc9a4-eda9-4bfe-9682-6e928a32cb7f'
03-16 22:03:18.922 28960 28986 I libglean_ffi: glean_core: The ping 'events' was submitted and will be sent as soon as possible
03-16 22:03:18.923  2398  2398 D QtiCarrierConfigHelper: WARNING, no carrier configs on phone Id: 0
03-16 22:03:18.936   808   898 I SFPerfTracer:      triggers: (rate: 0:1) (0 sw vsyncs) (0 skipped) (37:5265429 vsyncs) (39:11586478)
03-16 22:03:23.365  1456 10366 I ActivityManager: Force stopping org.mozilla.fennec_aurora appid=11119 user=0: from pid 29238
03-16 22:03:23.365  1456 10366 I ActivityManager: Killing 28960:org.mozilla.fennec_aurora/u0a1119 (adj 700): stop org.mozilla.fennec_aurora
03-16 22:03:23.368 29048 29048 I ServiceChildProcess: Service has been unbound. Stopping.
03-16 22:03:23.368  1456  1605 W zygote  : kill(-28960, 9) failed: No such process
03-16 22:03:23.369  1456 10366 W ActivityManager: Force removing ActivityRecord{fbbb71f u0 org.mozilla.fennec_aurora/org.mozilla.fenix.HomeActivity t38657}: app died, no saved state
03-16 22:03:23.378  1456 10366 I ActivityManager: Killing 29048:org.mozilla.fennec_aurora:tab0/u0a1119 (adj 0): stop org.mozilla.fennec_aurora
03-16 22:03:23.385  1456  1605 W zygote  : kill(-28960, 9) failed: No such process
03-16 22:03:23.392  2398  2398 D CarrierSvcBindHelper: No carrier app for: 0
03-16 22:03:23.394  2398  2398 D CarrierSvcBindHelper: No carrier app for: 1
03-16 22:03:23.399  1456  1605 W zygote  : kill(-28960, 9) failed: No such process
03-16 22:03:23.443  1456  1673 W ActivityManager: setHasOverlayUi called on unknown pid: 28960
03-16 22:03:23.461  1456  1605 I chatty  : uid=1000(system) ActivityManager identical 4 lines
03-16 22:03:23.469  1456  1605 W zygote  : kill(-28960, 9) failed: No such process
03-16 22:03:23.469  1456  1605 I zygote  : Successfully killed process cgroup uid 11119 pid 28960 in 101ms
03-16 22:03:23.470  1456  1605 W zygote  : kill(-29048, 9) failed: No such process
03-16 22:03:23.470  1456  1605 I zygote  : Successfully killed process cgroup uid 11119 pid 29048 in 0ms
03-16 22:03:23.488  1456  2162 I ActivityManager: START u0 {act=android.intent.action.VIEW dat=https://example.com/... typ=text/html flg=0x10000000 cmp=org.mozilla.fennec_aurora/org.mozilla.fenix.IntentReceiverActivity} from uid 2000
03-16 22:03:23.489   794   839 E ANDR-PERF-RESOURCEQS: Failed to apply optimization [4, 0]
03-16 22:03:23.509  1456  6339 I ActivityManager: Start proc 29246:org.mozilla.fennec_aurora/u0a1119 for activity org.mozilla.fennec_aurora/org.mozilla.fenix.IntentReceiverActivity
03-16 22:03:23.596 28336 28379 I MicroDetectionState: Should stop hotword detection immediately - false
03-16 22:03:23.596 28336 28379 I MicroDetector: Keeping mic open: false
03-16 22:03:23.596 28336 28379 I RecognitionAudioControl: #shutdownAudio [requestId: -8409464647692329503, keepAudioOpen: false, forced: true]
03-16 22:03:23.596 28336 21552 E DeviceStateChecker: DeviceStateChecker cancelled
03-16 22:03:23.596 28336 28379 I RecognitionAudioControl: #internalShutdownAudio [requestId: -8409464647692329503]
03-16 22:03:23.596 28336 28379 I RecognitionAudioControl: #internalShutdownAudio [keepAudioOpen: false, forced: true]
03-16 22:03:23.596 28336 28379 I RecognitionAudioControl: #actualShutdownAudio
03-16 22:03:23.596 28336 28379 I AudioController: #shutdown [requestId=-8409464647692329503]
03-16 22:03:23.597 28336 28374 I AudioController: internalShutdown
03-16 22:03:23.597 28336 28380 I MicroRecognitionRunner: Stopping hotword detection.
03-16 22:03:23.642   788  1479 D audio_hw_primary: disable_audio_route: usecase(9) reset and update mixer path: audio-record
03-16 22:03:23.643   788  1479 D audio_hw_primary: disable_snd_device: snd_device(120: voice-rec-mic)
03-16 22:03:23.645  1012 19499 D APM_AudioPolicyManager: stopInput() input 213102, session 213217
03-16 22:03:23.646   788  1401 D audio_hw_primary: in_set_parameters: enter: kvpairs=routing=0
03-16 22:03:23.648 28336 28374 I MicrophoneInputStream: mic_close  SR : 16000 CC : 16 SO : 1999
03-16 22:03:23.648 28336 28374 E AudioSource: Stop listening is called on already closed AudioSource
03-16 22:03:23.650 28336 21549 I MicroRecognitionRunner: Detection finished
03-16 22:03:23.650 29246 29246 D FirebaseApp: com.google.firebase.auth.FirebaseAuth is not linked. Skipping initialization.
03-16 22:03:23.651 29246 29246 D FirebaseApp: com.google.firebase.crash.FirebaseCrash is not linked. Skipping initialization.
03-16 22:03:23.652 29246 29246 I FirebaseInitProvider: FirebaseApp initialization successful
03-16 22:03:23.711 29246 29246 D FennecProfile: profiles.ini: true
03-16 22:03:23.714 29246 29246 D FennecProfile: Ignoring line in [general] section: StartWithLastProfile=1
03-16 22:03:23.715 29246 29246 D FennecProfile: Found 1 profiles
03-16 22:03:23.715 29246 29265 I FA      : Collection disabled with firebase_analytics_collection_enabled=0
03-16 22:03:23.715 29246 29246 D FennecProfile: Found default profile: FennecProfile(name=default, path=/data/user/0/org.mozilla.fennec_aurora/files/mozilla/gecw9o41.default, default=true)
03-16 22:03:23.715 29246 29265 I FA      : App measurement is starting up, version: 12780
03-16 22:03:23.716 29246 29265 I FA      : To enable debug logging run: adb shell setprop log.tag.FA VERBOSE
03-16 22:03:23.716 29246 29265 I FA      : To enable faster debug mode event logging run:
03-16 22:03:23.716 29246 29265 I FA      :   adb shell setprop debug.firebase.analytics.app org.mozilla.fennec_aurora
03-16 22:03:23.720 29246 29246 D FennecMigrator: No migrations to run. Fennec install - false.
03-16 22:03:23.730 29246 29246 D FenixApplication: Initializing Glean (uploadEnabled=true, isFennec=true)
03-16 22:03:23.738 29246 29273 D RustNativeSupport: findMegazordLibraryName(viaduct, 0.54.1
03-16 22:03:23.738 29246 29273 D RustNativeSupport: lib in use: none
03-16 22:03:23.738 29246 29273 D RustNativeSupport: lib configured: megazord
03-16 22:03:23.738 29246 29273 D RustNativeSupport: lib version configured: 0.54.1
03-16 22:03:23.738 29246 29273 D RustNativeSupport: settled on megazord
03-16 22:03:23.753 29246 29272 D libglean_ffi: glean_ffi: Android logging should be hooked up!
03-16 22:03:23.757 29246 29272 I glean/Glean: Registering pings for mozilla.telemetry.glean.GleanMetrics.Pings
03-16 22:03:23.761 29246 29272 I libglean_ffi: glean_core: Creating new Glean
03-16 22:03:23.761 29246 29272 D libglean_ffi: glean_core::database: Database path: "/data/user/0/org.mozilla.fennec_aurora/glean_data/db"
03-16 22:03:23.761 29246 29272 I libglean_ffi: glean_core::database: Database initialized
03-16 22:03:23.762 29246 29272 I libglean_ffi: glean_ffi: Glean initialized
03-16 22:03:23.763 29246 29273 D RustNativeSupport: findMegazordLibraryName(rustlog, 0.54.1
03-16 22:03:23.764 29246 29273 D RustNativeSupport: lib in use: none
03-16 22:03:23.764 29246 29273 D RustNativeSupport: lib configured: megazord
03-16 22:03:23.764 29246 29273 D RustNativeSupport: lib version configured: 0.54.1
03-16 22:03:23.764 29246 29273 D RustNativeSupport: settled on megazord
03-16 22:03:23.767 29246 29273 I rc_log_ffi::ios: rc_log adapter initialized!
03-16 22:03:23.785 29246 29272 D glean/MetricsPingSched: The 'metrics' ping was last sent on Mon Mar 16 00:00:00 EDT 2020
03-16 22:03:23.786 29246 29272 I glean/MetricsPingSched: The 'metrics' ping was already sent today, Mon Mar 16 22:03:23 EDT 2020.
03-16 22:03:23.786 29246 29272 D glean/MetricsPingSched: Scheduling the 'metrics' ping in 21396236ms
03-16 22:03:23.787 29246 29272 D libglean_ffi: glean_core: Clearing Lifetime::Application metrics
03-16 22:03:23.797 29246 29246 D GeckoThread: State changed to LAUNCHED
03-16 22:03:23.797 29246 29280 I GeckoThread: preparing to run Gecko
03-16 22:03:23.805 29246 29246 D GeckoRuntime: Lifecycle: onCreate
03-16 22:03:23.805 29246 29280 D GeckoThread: State changed to MOZGLUE_READY
03-16 22:03:23.817 29246 29246 I zygote  : Deoptimizing java.lang.Object androidx.collection.SimpleArrayMap.put(java.lang.Object, java.lang.Object) due to JIT inline cache
03-16 22:03:23.818 29246 29280 W Settings: Setting animator_duration_scale has moved from android.provider.Settings.System to android.provider.Settings.Global, returning read-only global URI.
03-16 22:03:23.819 29246 29280 E GeckoLibLoad: Load sqlite start
03-16 22:03:23.825 29246 29246 D GleanMetricsService: Enabling Glean.
03-16 22:03:23.839 29246 29280 W GeckoLinker: /data/app/org.mozilla.fennec_aurora-GLg0NuKfZz-YrTBRFwzLSg==/lib/arm/libnss3.so: unhandled flags #8 not handled
03-16 22:03:23.842 29246 29272 I libglean_ffi: glean_core: Upload enabled: true
03-16 22:03:23.845 29246 29246 I AdjustMetricsService: No adjust token defined
03-16 22:03:23.845 29246 29280 W GeckoLinker: /data/app/org.mozilla.fennec_aurora-GLg0NuKfZz-YrTBRFwzLSg==/lib/arm/libnss3.so: Relocation to NULL @0x001b9ffc for symbol "__cxa_type_match"
03-16 22:03:23.846 29246 29280 E GeckoLibLoad: Load sqlite done
03-16 22:03:23.846 29246 29246 D PushConfig: Creating push configuration for autopush.
03-16 22:03:23.846 29246 29280 E GeckoLibLoad: Load nss start
03-16 22:03:23.846 29246 29280 E GeckoLibLoad: Load nss done
03-16 22:03:23.847 29246 29280 W GeckoLinker: /data/app/org.mozilla.fennec_aurora-GLg0NuKfZz-YrTBRFwzLSg==/lib/arm/libxul.so: unhandled flags #8 not handled
03-16 22:03:23.847 29246 29280 W GeckoLinker: /data/app/org.mozilla.fennec_aurora-GLg0NuKfZz-YrTBRFwzLSg==/lib/arm/liblgpllibs.so: unhandled flags #8 not handled
03-16 22:03:23.851 29246 29246 I App     : AutoPushFeature is configured, initializing it...
03-16 22:03:23.852 29246 29246 I AutoPushFeature: Checking validity of push subscriptions.
03-16 22:03:23.860 29246 29246 D FennecProfile: profiles.ini: true
03-16 22:03:23.863 29246 29246 D FennecProfile: Ignoring line in [general] section: StartWithLastProfile=1
03-16 22:03:23.863 29246 29246 D FennecProfile: Found 1 profiles
03-16 22:03:23.864 29246 29246 D FennecProfile: Found default profile: FennecProfile(name=default, path=/data/user/0/org.mozilla.fennec_aurora/files/mozilla/gecw9o41.default, default=true)
03-16 22:03:23.867 29246 29273 W [WARNING][Leanplum]: [com.leanplum.internal.ActionManager::getLocationManager::8]: Geofencing support requires leanplum-location module and Google Play Services v8.1 and higher.
03-16 22:03:23.867 29246 29273 W [WARNING][Leanplum]: Add this to your build.gradle file:
03-16 22:03:23.867 29246 29273 W [WARNING][Leanplum]: implementation 'com.google.android.gms:play-services-location:8.3.0+'
03-16 22:03:23.867 29246 29273 W [WARNING][Leanplum]: implementation 'com.leanplum:leanplum-location:+'
03-16 22:03:23.869 29246 29246 I FirefoxAccountStateMachine: Enabling/updating sync with a new SyncConfig: SyncConfig(supportedEngines=[mozilla.components.service.fxa.SyncEngine$History@40b3d18, mozilla.components.service.fxa.SyncEngine$Bookmarks@df68371, mozilla.components.service.fxa.SyncEngine$Passwords@8689556], syncPeriodInMinutes=240)
03-16 22:03:23.870 29246 29273 I [INFO][Leanplum]: [com.leanplum.monitoring.ExceptionHandler::setContext::6]: LeanplumExceptionHandler could not initialize Exception Reporting.This is expected if you have not included the leanplum-monitoring module
03-16 22:03:23.876 29246 29246 I BgSyncManager: Periodic syncing enabled at a 240 interval
03-16 22:03:23.876 29246 29246 I FirefoxAccountStateMachine: Sync is enabled
03-16 22:03:23.882 29246 29285 I [INFO][Leanplum]: [com.leanplum.LeanplumFcmProvider::isManifestSetup::11]: Firebase Messaging is setup correctly.
03-16 22:03:23.888 29246 29280 E GeckoLibLoad: Loaded libs in 41.666775ms total, 23ms(113ms) user, 13ms(46ms) system, 0(0) faults
03-16 22:03:23.888 29246 29280 D GeckoThread: State changed to LIBS_READY
03-16 22:03:23.889 29246 29291 I FirefoxAccountStateMachine: Processing event Event$Init for state Start. Next state is Start
03-16 22:03:23.897 29246 29280 W GeckoThread: zerdatime 16938697664 - runGecko
03-16 22:03:23.898 29246 29246 D FennecMigrator: This is not a Fennec installation. No migration needed.
03-16 22:03:23.900 29246 29246 D SessionManager: onTrimMemory(15): clearThumbnails=true, closeEngineSessions=true
03-16 22:03:23.900 29246 29246 D SessionManager: Cleared 0 thumbnail(s) and unlinked 0 engine sessions(s)
03-16 22:03:23.902 29246 29280 D GeckoProfile: Loading profile at: null name: default
03-16 22:03:23.904 29246 29280 D GeckoProfile: Found profile dir: /data/user/0/org.mozilla.fennec_aurora/files/mozilla/gecw9o41.default
03-16 22:03:23.909 29246 29291 I FirefoxAccountStateMachine: Ran 'Event$Init' side-effects for state Start, got successive event Event$AccountNotFound
03-16 22:03:23.909 29246 29291 I FirefoxAccountStateMachine: Processing event Event$AccountNotFound for state Start. Next state is NotAuthenticated
03-16 22:03:23.912 29246 29291 D RustNativeSupport: findMegazordLibraryName(fxaclient, 0.54.1
03-16 22:03:23.912 29246 29291 D RustNativeSupport: lib in use: none
03-16 22:03:23.913 29246 29291 D RustNativeSupport: lib configured: megazord
03-16 22:03:23.913 29246 29291 D RustNativeSupport: lib version configured: 0.54.1
03-16 22:03:23.913 29246 29291 D RustNativeSupport: settled on megazord
03-16 22:03:23.916 29246 29291 D fxaclient_ffi: fxa_new
03-16 22:03:23.927 29246 29246 D GeckoRuntime: Lifecycle: onStart
03-16 22:03:23.935 29246 29246 I [INFO][Leanplum]: [com.leanplum.internal.RequestOld::sendIfConnected::4]: Device is offline, will send later
03-16 22:03:23.943 29246 29251 I zygote  : Do partial code cache collection, code=24KB, data=28KB
03-16 22:03:23.945 29246 29251 I zygote  : After code cache collection, code=22KB, data=28KB
03-16 22:03:23.945 29246 29251 I zygote  : Increasing code cache capacity to 128KB
03-16 22:03:23.960 29246 29246 D GeckoRuntime: Lifecycle: onResume
03-16 22:03:23.962 29246 29246 D GeckoNetworkManager: Incoming event start for state OffNoListeners -> OnNoListeners
03-16 22:03:23.962 29246 29246 D GeckoNetworkManager: New network state: DOWN, NONE, UNKNOWN
03-16 22:03:23.987 29246 29307 D OpenGLRenderer: HWUI GL Pipeline
03-16 22:03:24.055  1456  2162 I ActivityManager: START u0 {act=android.intent.action.VIEW dat=https://example.com/... typ=text/html cmp=org.mozilla.fennec_aurora/org.mozilla.fenix.HomeActivity (has extras)} from uid 11119
03-16 22:03:24.067 29246 29246 D GeckoNetworkManager: Incoming event receivedUpdate for state OnNoListeners -> OnNoListeners
03-16 22:03:24.068 29246 29246 D GeckoNetworkManager: New network state: DOWN, NONE, UNKNOWN
03-16 22:03:24.081 29246 29307 I Adreno  : QUALCOMM build                   : bb5b86c, I77d3059488
03-16 22:03:24.081 29246 29307 I Adreno  : Build Date                       : 06/07/18
03-16 22:03:24.081 29246 29307 I Adreno  : OpenGL ES Shader Compiler Version: EV031.22.00.01_06
03-16 22:03:24.081 29246 29307 I Adreno  : Local Branch                     : 
03-16 22:03:24.081 29246 29307 I Adreno  : Remote Branch                    : refs/tags/AU_LINUX_ANDROID_LA.UM.6.5.R1.08.01.00.312.086
03-16 22:03:24.081 29246 29307 I Adreno  : Remote Branch                    : NONE
03-16 22:03:24.081 29246 29307 I Adreno  : Reconstruct Branch               : NOTHING
03-16 22:03:24.082 29246 29307 D vndksupport: Loading /vendor/lib/hw/gralloc.msm8937.so from current namespace instead of sphal namespace.
03-16 22:03:24.090 29246 29307 I Adreno  : PFP: 0x005ff087, ME: 0x005ff063
03-16 22:03:24.100 29246 29307 I zygote  : android::hardware::configstore::V1_0::ISurfaceFlingerConfigs::hasWideColorDisplay retrieved: 0
03-16 22:03:24.102 29246 29307 I OpenGLRenderer: Initialized EGL, version 1.4
03-16 22:03:24.102 29246 29307 D OpenGLRenderer: Swap behavior 2
03-16 22:03:24.148  1456  2923 I WindowManager: Keep hide if surface has never drawn Window{7a31f5c u0 org.mozilla.fennec_aurora/org.mozilla.fenix.IntentReceiverActivity}
03-16 22:03:24.150  1456  2923 I WindowManager: Failed to capture screenshot of Token{61c2594 ActivityRecord{c0555e7 u0 org.mozilla.fennec_aurora/org.mozilla.fenix.IntentReceiverActivity t38658 f}} appWin=Window{7a31f5c u0 org.mozilla.fennec_aurora/org.mozilla.fenix.IntentReceiverActivity} drawState=1
03-16 22:03:24.157 29246 29246 D MigrationPushRenewer: Migration state: NONE
03-16 22:03:24.157 29246 29246 D MigrationTelemetryListener: Migration state: NONE
03-16 22:03:24.178  1456  1673 I LaunchCheckinHandler: Displayed org.mozilla.fennec_aurora/org.mozilla.fenix.IntentReceiverActivity,cp,ca,682
03-16 22:03:24.194 29246 29246 D PhoneWindow: Restoring navigation bar divider color to default value = 0x00000000
03-16 22:03:24.235 29246 29280 I Gecko:DumpUtils: Fifo watcher disabled via pref.
03-16 22:03:24.249 29246 29251 I zygote  : Do partial code cache collection, code=58KB, data=54KB
03-16 22:03:24.251 29246 29251 I zygote  : After code cache collection, code=50KB, data=50KB
03-16 22:03:24.251 29246 29251 I zygote  : Increasing code cache capacity to 256KB
03-16 22:03:24.254 29246 29246 I NavController: Ignoring popBackStack to destination org.mozilla.fennec_aurora:id/browserFragment as it was not found on the current back stack
03-16 22:03:24.273 29246 29280 D GeckoSysInfo: System memory: 1867MB.
03-16 22:03:24.276 29246 29280 D GeckoThread: State changed to JNI_READY
03-16 22:03:24.297  1456  2162 I ActivityManager: Start proc 29335:org.mozilla.fennec_aurora:tab0/u0a1119 for service org.mozilla.fennec_aurora/org.mozilla.gecko.process.GeckoChildProcessServices$tab0
03-16 22:03:24.313 13975 13985 I zygote  : Background concurrent copying GC freed 106927(6MB) AllocSpace objects, 37(1636KB) LOS objects, 49% free, 8MB/17MB, paused 242us total 147.684ms
03-16 22:03:24.452 29335 29335 D GeckoThread: State changed to LAUNCHED
03-16 22:03:24.452 29335 29353 I GeckoThread: preparing to run Gecko
03-16 22:03:24.481 29246 29309 D RustNativeSupport: findMegazordLibraryName(places, 0.54.1
03-16 22:03:24.482 29246 29309 D RustNativeSupport: lib in use: none
03-16 22:03:24.482 29246 29309 D RustNativeSupport: lib configured: megazord
03-16 22:03:24.482 29246 29309 D RustNativeSupport: lib version configured: 0.54.1
03-16 22:03:24.482 29246 29309 D RustNativeSupport: settled on megazord
03-16 22:03:24.486 29246 29309 D places_ffi: places_api_new
03-16 22:03:24.532 29246 29309 D sql_support::conn_ext: Transaction commited after 35.520473ms
03-16 22:03:24.538 29246 29309 D places_ffi: places_connection_new
03-16 22:03:24.542 29246 29309 D places_ffi: places_connection_new
03-16 22:03:24.560 29246 29309 D places_ffi: bookmarks_get_all_with_url
03-16 22:03:24.563 29246 29246 I [INFO][Leanplum]: [com.leanplum.internal.RequestOld::sendIfConnected::4]: Device is offline, will send later
03-16 22:03:24.575 29246 29291 W FirefoxAccountStateMachine: Got invalid event Event$Init for state NotAuthenticated.
03-16 22:03:24.587 29246 29246 E [ERROR][Leanplum]: [com.leanplum.LeanplumFcmProvider$1::onComplete::2]: getInstanceId failed
03-16 22:03:24.672 29246 29356 W LOTTIE  : Animation contains merge paths. Merge paths are only supported on KitKat+ and must be manually enabled by calling enableMergePathsForKitKatAndAbove().
03-16 22:03:24.717  1456  5027 I ActivityManager: Displayed org.mozilla.fennec_aurora/org.mozilla.fenix.HomeActivity: +574ms (total +1s220ms)
03-16 22:03:24.717  1456  5027 I ActivityManager: Fully drawn org.mozilla.fennec_aurora/org.mozilla.fenix.HomeActivity: +574ms (total +1s220ms)
03-16 22:03:24.717 29246 29251 I zygote  : Do full code cache collection, code=125KB, data=101KB
03-16 22:03:24.720 29246 29251 I zygote  : After code cache collection, code=101KB, data=64KB
03-16 22:03:24.766 29246 29307 D vndksupport: Loading /vendor/lib/hw/android.hardware.graphics.mapper@2.0-impl.so from current namespace instead of sphal namespace.
03-16 22:03:24.768 29246 29307 D vndksupport: Loading /vendor/lib/hw/gralloc.msm8937.so from current namespace instead of sphal namespace.
03-16 22:03:24.816 29246 29246 W LOTTIE  : Animation contains merge paths but they are disabled.
03-16 22:03:24.830 29246 29280 D GeckoThread: State changed to PROFILE_READY
03-16 22:03:24.864 28336 28336 I MemoryTrimmer: Trimming objects from memory, since app is in the background.
03-16 22:03:24.869 28336 28379 E AudioSource: Stop listening is called on already closed AudioSource
03-16 22:03:24.874 28336 28336 I MemoryTrimmer: Trimming objects from memory, since app is in the background.
03-16 22:03:24.875 28336  3434 I PBSessionCacheImpl: Deleted sessionId[124624629806580629] from persistence.
03-16 22:03:24.879  1456  6339 I WifiService: getWifiEnabledState uid=10073
03-16 22:03:24.881 28336 28379 I DEBUG   : OpaToSrpTransitionState#onStateChanged#notNullQuery
03-16 22:03:24.881 28336 28379 I DEBUG   : OpaToSrpTransitionState#onStateChanged#notNullQuery
03-16 22:03:24.883 28336 28379 W SearchServiceCore: Abort, client detached.
03-16 22:03:24.926 29246 29280 D GeckoThread: State changed to RUNNING
03-16 22:03:24.943 29246 29280 I Gecko   : -*- nsDNSServiceDiscovery.js : nsDNSServiceDiscovery
03-16 22:03:25.028 29246 29246 D GeckoNetworkManager: Incoming event enableNotifications for state OnNoListeners -> OnWithListeners
03-16 22:03:25.029 29246 29246 D GeckoNetworkManager: New network state: DOWN, NONE, UNKNOWN
03-16 22:03:25.029 29246 29246 D GeckoNetworkManager: Incoming event receivedUpdate for state OnWithListeners -> OnWithListeners
03-16 22:03:25.030 29246 29246 D GeckoNetworkManager: New network state: DOWN, NONE, UNKNOWN
03-16 22:03:25.033 29246 29280 W GeckoLinker: /data/app/org.mozilla.fennec_aurora-GLg0NuKfZz-YrTBRFwzLSg==/lib/arm/libsoftokn3.so: unhandled flags #8 not handled
03-16 22:03:25.034 29246 29280 W GeckoLinker: /data/app/org.mozilla.fennec_aurora-GLg0NuKfZz-YrTBRFwzLSg==/lib/arm/libsoftokn3.so: Relocation to NULL @0x0002cffc for symbol "__cxa_type_match"
03-16 22:03:25.034 29246 29280 W GeckoLinker: /data/app/org.mozilla.fennec_aurora-GLg0NuKfZz-YrTBRFwzLSg==/lib/arm/libfreebl3.so: unhandled flags #8 not handled
03-16 22:03:25.035 29246 29280 W GeckoLinker: /data/app/org.mozilla.fennec_aurora-GLg0NuKfZz-YrTBRFwzLSg==/lib/arm/libfreebl3.so: Relocation to NULL @0x0004fffc for symbol "__cxa_type_match"
