02-08 21:44:07.282  1456  1605 I zygote  : Successfully killed process cgroup uid 10834 pid 30499 in 94ms
02-08 21:44:07.283  1456  1605 W zygote  : kill(-30615, 9) failed: No such process
02-08 21:44:07.283  1456  1605 I zygote  : Successfully killed process cgroup uid 10834 pid 30615 in 0ms
02-08 21:44:07.283  1456  1605 W zygote  : kill(-30590, 9) failed: No such process
02-08 21:44:07.283  1456  1605 I zygote  : Successfully killed process cgroup uid 10834 pid 30590 in 0ms
02-08 21:44:07.310  1456  2162 I ActivityManager: START u0 {act=android.intent.action.MAIN cat=[android.intent.category.LAUNCHER] flg=0x10000000 cmp=org.mozilla.fenix.nightly/org.mozilla.fenix.HomeActivity} from uid 2000
02-08 21:44:07.310   794   839 E ANDR-PERF-RESOURCEQS: Failed to apply optimization [4, 0]
02-08 21:44:07.324   808   898 I SFPerfTracer:      triggers: (rate: 0:0) (0 sw vsyncs) (0 skipped) (1:3536241 vsyncs) (3:6280729)
02-08 21:44:07.330  1456  4802 I ActivityManager: Start proc 30752:org.mozilla.fenix.nightly/u0a834 for activity org.mozilla.fenix.nightly/org.mozilla.fenix.HomeActivity
02-08 21:44:07.411   808   808 I SFPerfTracer:      triggers: (rate: 50:550209) (compose: 0:6) (post: 0:14) (render: 0:11) (0:4709595 frames) (1:6230273)
02-08 21:44:07.411   808   808 D SFPerfTracer:        layers: (2:13) (NavigationBar#0 (0xb07df000): 1:517362) (StatusBar#0 (0xb07e3000): 1:1478105) (com.android.systemui.ImageWallpaper#0 (0xb07e7000): 1:45051)* (Sprite#0 (0xb0733000): 0:317)* (DimLayerController/Stack=0#0 (0xb075a000): 0:3589)* (Sprite#1 (0xb077c000): 0:195)* (com.android.launcher3/com.android.launcher3.CustomizationPanelLauncher#0 (0xb0763000): 0:38)- (com.android.launcher3/com.android.launcher3.CustomizationPanelLauncher#1 (0xb0771000): 0:10)- (Splash Screen org.mozilla.fenix.nightly#0 (0xb0384000): 0:30)- (org.mozilla.fenix.nightly/org.mozilla.fenix.HomeActivity#0 (0xb039b000): 0:45)- (com.android.launcher3/com.android.launcher3.CustomizationPanelLauncher#0 (0xb0763000): 1:38)* (com.android.launcher3/com.android.launcher3.CustomizationPanelLauncher#1 (0xb0771000): 1:9)* (Splash Screen org.mozilla.fenix.nightly#0 (0xb0384000): 1:3)* 
02-08 21:44:07.417 20221 20371 I MicroDetectionState: Should stop hotword detection immediately - false
02-08 21:44:07.418 20221 20371 I MicroDetector: Keeping mic open: false
02-08 21:44:07.418 20221 20327 E DeviceStateChecker: DeviceStateChecker cancelled
02-08 21:44:07.418 20221 20371 I RecognitionAudioControl: #shutdownAudio [requestId: 4404824965438028635, keepAudioOpen: false, forced: true]
02-08 21:44:07.418 20221 20371 I RecognitionAudioControl: #internalShutdownAudio [requestId: 4404824965438028635]
02-08 21:44:07.418 20221 20371 I RecognitionAudioControl: #internalShutdownAudio [keepAudioOpen: false, forced: true]
02-08 21:44:07.418 20221 20371 I RecognitionAudioControl: #actualShutdownAudio
02-08 21:44:07.418 20221 20371 I AudioController: #shutdown [requestId=4404824965438028635]
02-08 21:44:07.419 20221 20322 I AudioController: internalShutdown
02-08 21:44:07.419 20221 20298 I MicroRecognitionRunner: Stopping hotword detection.
02-08 21:44:07.469   788   788 D audio_hw_primary: disable_audio_route: usecase(9) reset and update mixer path: audio-record
02-08 21:44:07.469   788   788 D audio_hw_primary: disable_snd_device: snd_device(120: voice-rec-mic)
02-08 21:44:07.470  1012 11031 D APM_AudioPolicyManager: stopInput() input 127070, session 127145
02-08 21:44:07.471   788  1401 D audio_hw_primary: in_set_parameters: enter: kvpairs=routing=0
02-08 21:44:07.472 20221 20322 I MicrophoneInputStream: mic_close  SR : 16000 CC : 16 SO : 1999
02-08 21:44:07.472 20221 20322 E AudioSource: Stop listening is called on already closed AudioSource
02-08 21:44:07.474 20221 20303 I MicroRecognitionRunner: Detection finished
02-08 21:44:07.495 30752 30752 I chatty  : uid=10834(org.mozilla.fenix.nightly) expire 13 lines
02-08 21:44:07.568 30752 30771 I chatty  : uid=10834(org.mozilla.fenix.nightly) expire 4 lines
02-08 21:44:07.624 30752 30777 I chatty  : uid=10834(org.mozilla.fenix.nightly) expire 8 lines
02-08 21:44:07.683 30752 30752 I chatty  : uid=10834(org.mozilla.fenix.nightly) expire 33 lines
02-08 21:44:07.687 30752 30781 I chatty  : uid=10834(org.mozilla.fenix.nightly) expire 11 lines
02-08 21:44:07.740 30752 30787 I chatty  : uid=10834(org.mozilla.fenix.nightly) expire 30 lines
02-08 21:44:07.783 30752 30757 I chatty  : uid=10834(org.mozilla.fenix.nightly) expire 8 lines
02-08 21:44:07.852 30752 30791 I chatty  : uid=10834(org.mozilla.fenix.nightly) expire 2 lines
02-08 21:44:07.874 30752 30802 I chatty  : uid=10834(org.mozilla.fenix.nightly) expire 6 lines
02-08 21:44:07.879 30752 30804 I chatty  : uid=10834(org.mozilla.fenix.nightly) expire 10 lines
02-08 21:44:07.988  1456  1893 D BatteryService: uevent={POWER_SUPPLY_VOLTAGE_NOW=4310430, POWER_SUPPLY_CHARGE_RATE=Normal, POWER_SUPPLY_HEALTH=Good, POWER_SUPPLY_CURRENT_NOW=91094, POWER_SUPPLY_PRESENT=1, SUBSYSTEM=power_supply, POWER_SUPPLY_TEMP=280, SEQNUM=362109, ACTION=change, POWER_SUPPLY_NAME=battery, POWER_SUPPLY_STATUS=Not charging, POWER_SUPPLY_CHARGE_COUNTER=2815721, POWER_SUPPLY_CAPACITY=99, DEVPATH=/devices/soc/qpnp-smbcharger-17/power_supply/battery}
02-08 21:44:07.991  1456  1623 I WifiService: requestActivityInfo uid=1000
02-08 21:44:07.991  1456  1623 I WifiService: reportActivityInfo uid=1000
02-08 21:44:07.991  1456  1623 I WifiService: getSupportedFeatures uid=1000
02-08 21:44:07.995  2398  2398 D QtiCarrierConfigHelper: WARNING, no carrier configs on phone Id: 0
02-08 21:44:08.001  1456  1623 E BatteryExternalStatsWorker: no controller energy info supplied for wifi
02-08 21:44:08.001  1456  1623 E BatteryExternalStatsWorker: no controller energy info supplied for bluetooth
02-08 21:44:08.049  1456  1623 E BatteryExternalStatsWorker: modem info is invalid: ModemActivityInfo{ mTimestamp=13744341776 mSleepTimeMs=787219068 mIdleTimeMs=-786026989 mTxTimeMs[]=[0, 0, 0, 0, 0] mRxTimeMs=7826 mEnergyUsed=0}
02-08 21:44:08.084  1456  1893 D BatteryService: uevent={POWER_SUPPLY_VOLTAGE_NOW=4310430, POWER_SUPPLY_CHARGE_RATE=Normal, POWER_SUPPLY_HEALTH=Good, POWER_SUPPLY_CURRENT_NOW=91094, POWER_SUPPLY_PRESENT=1, SUBSYSTEM=power_supply, POWER_SUPPLY_TEMP=280, SEQNUM=362110, ACTION=change, POWER_SUPPLY_NAME=battery, POWER_SUPPLY_STATUS=Charging, POWER_SUPPLY_CHARGE_COUNTER=2815721, POWER_SUPPLY_CAPACITY=99, DEVPATH=/devices/soc/qpnp-smbcharger-17/power_supply/battery}
02-08 21:44:08.170 27866 27879 D AuthStateProvider: Verifying caller's signature:77eac4ceed36afefba76179931dd4cc195ab0cd54baf355d215e7bbdd28e402a
02-08 21:44:08.170 27866 27879 D AuthStateProvider: Success!
02-08 21:44:08.171 30752 30752 E ActivityThread: Failed to find provider info for org.mozilla.fennec_aurora.fxa.auth
02-08 21:44:08.229  1456  5031 I ActivityManager: Start proc 30842:org.mozilla.fenix.nightly:tab/u0a834 for service org.mozilla.fenix.nightly/org.mozilla.gecko.process.GeckoServiceChildProcess$tab
02-08 21:44:08.265 30752 30859 I chatty  : uid=10834(org.mozilla.fenix.nightly) expire 9 lines
02-08 21:44:08.359  1456  2236 I WifiService: getDhcpInfo uid=10834
02-08 21:44:08.373 30842 30842 I chatty  : uid=10834(org.mozilla.fenix.nightly) expire 2 lines
02-08 21:44:08.373 30842 30869 I chatty  : uid=10834(org.mozilla.fenix.nightly) expire 1 line
02-08 21:44:08.385  1456  5031 I ActivityManager: Start proc 30870:org.mozilla.fenix.nightly:socket/u0a834 for service org.mozilla.fenix.nightly/org.mozilla.gecko.process.GeckoServiceChildProcess$socket
02-08 21:44:08.519 30870 30870 I chatty  : uid=10834(org.mozilla.fenix.nightly) expire 2 lines
02-08 21:44:08.520 30870 30887 I chatty  : uid=10834(org.mozilla.fenix.nightly) expire 15 lines
02-08 21:44:08.578  1456  2236 I ActivityManager: Displayed org.mozilla.fenix.nightly/org.mozilla.fenix.HomeActivity: +1s260ms
02-08 21:44:08.578  1456  2236 I ActivityManager: Fully drawn org.mozilla.fenix.nightly/org.mozilla.fenix.HomeActivity: +1s260ms
02-08 21:44:08.637  1456  1673 I LaunchCheckinHandler: Displayed org.mozilla.fenix.nightly/org.mozilla.fenix.HomeActivity,cp,ca,1319
02-08 21:44:08.653 27866 27879 D AuthStateProvider: Verifying caller's signature:77eac4ceed36afefba76179931dd4cc195ab0cd54baf355d215e7bbdd28e402a
02-08 21:44:08.653 27866 27879 D AuthStateProvider: Success!
02-08 21:44:08.656 30752 30752 E ActivityThread: Failed to find provider info for org.mozilla.fennec_aurora.fxa.auth
02-08 21:44:08.744 28296 28296 I Finsky  : [2] ppb.onTrimMemory(1): Memory trim requested to level 80
02-08 21:44:08.754 20221 20221 I MemoryTrimmer: Trimming objects from memory, since app is in the background.
02-08 21:44:08.762 20221 20221 I MemoryTrimmer: Trimming objects from memory, since app is in the background.
02-08 21:44:08.765 20221 27988 I PBSessionCacheImpl: Deleted sessionId[88934479601430824] from persistence.
02-08 21:44:08.770  1456  2236 I WifiService: getWifiEnabledState uid=10073
02-08 21:44:08.773 20221 20371 I DEBUG   : OpaToSrpTransitionState#onStateChanged#notNullQuery
02-08 21:44:08.774 20221 20371 I DEBUG   : OpaToSrpTransitionState#onStateChanged#notNullQuery
02-08 21:44:08.778 20221 20371 W SearchServiceCore: Abort, client detached.
02-08 21:44:09.684 30752 30938 I chatty  : uid=10834(org.mozilla.fenix.nightly) expire 2 lines
02-08 21:44:12.839  2360  2360 D MayaFrameworkProxyService: receive intent :Intent { act=android.intent.action.PACKAGE_CHANGED dat=package:org.mozilla.fenix.nightly flg=0x45000010 (has extras) }
02-08 21:44:12.851  1456  1600 W ResourceType: No known package when getting value for resource number 0x7f0801a0
02-08 21:44:12.851  1456  1600 W ResourceType: No known package when getting value for resource number 0x7f120107
02-08 21:44:12.851  1456  1600 W ResourceType: No known package when getting value for resource number 0x7f120107
02-08 21:44:12.853  1456  1600 W ResourceType: No known package when getting value for resource number 0x7f08019e
02-08 21:44:12.853  1456  1600 W ResourceType: No known package when getting value for resource number 0x7f120106
02-08 21:44:12.853  1456  1600 W ResourceType: No known package when getting value for resource number 0x7f120106
02-08 21:44:12.862  1456  1942 I InputReader: Reconfiguring input devices.  changes=0x00000010
02-08 21:44:12.863  1456  1456 W ResourceType: ResTable_typeSpec entry count inconsistent: given 669, previously 675
02-08 21:44:12.863  1456  1456 W ResourceType: ResTable_typeSpec entry count inconsistent: given 394, previously 1461
02-08 21:44:12.863  1456  1456 W ResourceType: ResTable_typeSpec entry count inconsistent: given 217, previously 1293
02-08 21:44:12.881  2398  2398 D CarrierSvcBindHelper: No carrier app for: 0
02-08 21:44:12.882  2398  2398 D CarrierSvcBindHelper: No carrier app for: 1
02-08 21:44:12.883  2398  2398 D ImsResolver: maybeAddedImsService, packageName: org.mozilla.fenix.nightly
02-08 21:44:12.891  2398  2398 E VvmPkgInstalledRcvr: cannot create TelephonyManager from ComponentInfo{com.android.phone/com.android.services.telephony.TelephonyConnectionService}, [****], UserHandle{0}
02-08 21:44:12.905  1456  1600 W ResourceType: ResTable_typeSpec entry count inconsistent: given 29, previously 34
02-08 21:44:12.909  1456  1600 W ResourceType: ResTable_typeSpec entry count inconsistent: given 2183, previously 2180
02-08 21:44:12.909  1456  1600 W ResourceType: ResTable_typeSpec entry count inconsistent: given 266, previously 1541
02-08 21:44:12.955  1456  1456 W ResourceType: Found multiple library tables, ignoring...
02-08 21:44:12.955  1456  1600 W ResourceType: Found multiple library tables, ignoring...
02-08 21:44:12.965 30964 30964 D AndroidRuntime: >>>>>> START com.android.internal.os.RuntimeInit uid 2000 <<<<<<
02-08 21:44:12.978 30964 30964 W app_process: Could not reserve sentinel fault page
02-08 21:44:12.998  1456  1456 I TelecomService: DefaultDialerCache: Refreshing default dialer for user 0: now com.android.dialer: DDC.oR@HqU
02-08 21:44:12.999 13975 14047 I Icing   : IndexChimeraService.getServiceInterface callingPackage=com.google.android.gms componentName=AppsCorpus serviceId=36
02-08 21:44:13.010 13975 27085 W Icing   : No valid account for uploading user actions
02-08 21:44:13.091 13975 27085 I Icing   : Usage reports ok 1, Failed Usage reports 0, indexed 0, rejected 0
02-08 21:44:13.093 13975 27085 I Icing   : Indexing com.google.android.gms-internal.3p:MobileApplication from com.google.android.gms using seqno 2511
02-08 21:44:13.146 30964 30964 I app_process: The ClassLoaderContext is a special shared library.
02-08 21:44:13.217 30964 30964 D AndroidRuntime: Calling main entry com.android.commands.input.Input
02-08 21:44:13.219 30964 30964 I Input   : injectKeyEvent: KeyEvent { action=ACTION_DOWN, keyCode=KEYCODE_HOME, scanCode=0, metaState=0, flags=0x0, repeatCount=0, eventTime=13636784726, downTime=13636784726, deviceId=-1, source=0x101 }
02-08 21:44:13.230 30964 30964 I Input   : injectKeyEvent: KeyEvent { action=ACTION_UP, keyCode=KEYCODE_HOME, scanCode=0, metaState=0, flags=0x0, repeatCount=0, eventTime=13636784726, downTime=13636784726, deviceId=-1, source=0x101 }
02-08 21:44:13.237  1456  1941 I ActivityManager: START u0 {act=android.intent.action.MAIN cat=[android.intent.category.HOME] flg=0x10200000 cmp=com.android.launcher3/.CustomizationPanelLauncher (has extras)} from uid 1000
02-08 21:44:13.237   794   839 E ANDR-PERF-RESOURCEQS: Failed to apply optimization [4, 0]
02-08 21:44:13.249  1456  1941 I ActivityManager: moveHomeStack, setupComplete:true
02-08 21:44:13.256 20221 20311 I Adreno  : QUALCOMM build                   : bb5b86c, I77d3059488
02-08 21:44:13.256 20221 20311 I Adreno  : Build Date                       : 06/07/18
02-08 21:44:13.256 20221 20311 I Adreno  : OpenGL ES Shader Compiler Version: EV031.22.00.01_06
02-08 21:44:13.256 20221 20311 I Adreno  : Local Branch                     : 
02-08 21:44:13.256 20221 20311 I Adreno  : Remote Branch                    : refs/tags/AU_LINUX_ANDROID_LA.UM.6.5.R1.08.01.00.312.086
02-08 21:44:13.256 20221 20311 I Adreno  : Remote Branch                    : NONE
02-08 21:44:13.256 20221 20311 I Adreno  : Reconstruct Branch               : NOTHING
02-08 21:44:13.259 20221 20311 D vndksupport: Loading /vendor/lib/hw/gralloc.msm8937.so from current namespace instead of sphal namespace.
02-08 21:44:13.262 30964 30964 D AndroidRuntime: Shutting down VM
02-08 21:44:13.263 20221 20311 I Adreno  : PFP: 0x005ff087, ME: 0x005ff063
02-08 21:44:13.267 20221 20311 I zygote  : android::hardware::configstore::V1_0::ISurfaceFlingerConfigs::hasWideColorDisplay retrieved: 0
02-08 21:44:13.268 20221 20311 I OpenGLRenderer: Initialized EGL, version 1.4
02-08 21:44:13.268 20221 20311 D OpenGLRenderer: Swap behavior 2
02-08 21:44:13.272  2748  2748 D Launcher.Utilities: Wakeup weather: Intent { act=com.motorola.launcher3.action.WAKEUP_WEATHER cmp=com.motorola.timeweatherwidget/com.motorola.commandcenter.weather.WakeUpService }
02-08 21:44:13.297  1456  1456 I NotificationService: Cannot find enqueued record for key: 0|com.motorola.timeweatherwidget|1|null|10116
02-08 21:44:13.298   808   808 D SurfaceFlinger: duplicate layer name: changing com.android.launcher3/com.android.launcher3.CustomizationPanelLauncher to com.android.launcher3/com.android.launcher3.CustomizationPanelLauncher#1
02-08 21:44:13.312 20221 20290 W ThreadPoolDumper: Queue length for executor EventBus is now 11. Perhaps some tasks are too long, or the pool is too small.
02-08 21:44:13.313  1456  5031 I WifiService: getWifiEnabledState uid=10073
02-08 21:44:13.322  1456  5031 I WifiService: getWifiEnabledState uid=10073
02-08 21:44:13.329 20221 20371 I DEBUG   : OpaToSrpTransitionState#onStateChanged#notNullQuery
02-08 21:44:13.331 20221 20371 I DEBUG   : OpaToSrpTransitionState#onStateChanged#notNullQuery
02-08 21:44:13.364 20221 20371 I MicroDetectionState: Should stop hotword detection immediately - false
02-08 21:44:13.369 20221 20371 I MicroDetectionWorker: #startMicroDetector [speakerMode: 0]
02-08 21:44:13.371 20221 20371 I AudioController: Created new AudioSource
02-08 21:44:13.374  1456  1673 I LaunchCheckinHandler: Displayed com.android.launcher3/.CustomizationPanelLauncher,wp,wa,137
02-08 21:44:13.376 20221 20302 I MicroDataManager: isInitializedWithLatestParams-true
02-08 21:44:13.376 20221 20302 I MicroDataManager: isInitializing-false locale not changed-true model not changed-true
02-08 21:44:13.376 28296 28296 I Finsky  : [2] ppb.onTrimMemory(1): Memory trim requested to level 80
02-08 21:44:13.377 20221 20302 I MicroDataManager: Already initialized, obtaining the hotword data immediately.
02-08 21:44:13.384 20221 20327 I MicroRecognitionRunner: Starting detection.
02-08 21:44:13.384 20221 20327 I InputStreamUtils: Using micInputStream
02-08 21:44:13.385 20221 11512 I MicrophoneInputStream: mic_starting  SR : 16000 CC : 16 SO : 1999
02-08 21:44:13.388   788  1401 V msm8974_platform: platform_check_input_mask: enter check_input_mask source 6 mask 10
02-08 21:44:13.390  1012 30990 I AudioFlinger: AudioFlinger's thread 0xb2483d80 tid=30990 ready to run
02-08 21:44:13.396   788  1401 D audio_hw_primary: in_set_parameters: enter: kvpairs=input_source=6;routing=-2147483644
02-08 21:44:13.397  1012 19499 D APM_AudioPolicyManager: AudioPolicyManager::startInput() input 127078, session 127153, source = 1999
02-08 21:44:13.397 20221 11512 I MicrophoneInputStream: mic_started  SR : 16000 CC : 16 SO : 1999
02-08 21:44:13.399   788 30991 V msm8974_platform: platform_update_usecase_from_source: input source :6
02-08 21:44:13.399   788 30991 V msm8974_platform: platform_check_input_mask: enter check_input_mask source 6 mask 10
02-08 21:44:13.399   788 30991 V msm8974_platform: platform_get_input_snd_device: enter: out_device(0) in_device(0x4) channel_count (1) channel_mask (0x10)
02-08 21:44:13.399   788 30991 V msm8974_platform: platform_get_input_snd_device: exit: in_snd_device(voice-rec-mic)
02-08 21:44:13.399   788 30991 V msm8974_platform: platform_get_backend_index:napb: backend port - 5 device - 120 
02-08 21:44:13.399   788 30991 V msm8974_platform: platform_check_and_set_capture_backend_cfg:txbecf: afe: bitwidth 0, samplerate 0, channel 1, backend_idx 5 usecase = 9 device (voice-rec-mic)
02-08 21:44:13.399   788 30991 V msm8974_platform: platform_check_capture_backend_cfg:txbecf: afe: Codec selected backend: 5 current bit width: 0 and sample rate: 0, channels 1
02-08 21:44:13.399   788 30991 V msm8974_platform: platform_check_capture_backend_cfg:txbecf: afe: Codec selected backend: 5 updated bit width: 0 and sample rate: 0
02-08 21:44:13.399   788 30991 I msm8974_platform: platform_check_capture_backend_cfg:txbecf: afe: Codec backend needs to be updated. new bit width: 0 new sample rate: 0 new channel: 1
02-08 21:44:13.399   788 30991 V msm8974_platform: platform_get_backend_index:napb: backend port - 5 device - 120 
02-08 21:44:13.399   788 30991 V msm8974_platform: platform_set_backend_cfg:becf: afe: bitwidth 0, samplerate 0 channels 1, backend_idx 5 device (voice-rec-mic)
02-08 21:44:13.400   788 30991 E msm8974_platform: platform_set_backend_cfg:becf: afe: Could not get ctl for mixer command - SLIM_0_TX Format
02-08 21:44:13.400   788 30991 V msm8974_platform: platform_send_audio_calibration: sending audio calibration for snd_device(120) acdb_id(62)
02-08 21:44:13.400   788 30991 D ACDB-LOADER: ACDB -> send_audio_cal, acdb_id = 62, path = 1, app id = 0x11130, sample rate = 48000
02-08 21:44:13.400   788 30991 D ACDB-LOADER: ACDB -> send_asm_topology
02-08 21:44:13.400   788 30991 D ACDB-LOADER: ACDB -> ACDB_CMD_GET_AUDPROC_STREAM_TOPOLOGY_ID
02-08 21:44:13.400   788 30991 D ACDB-LOADER: ACDB -> send_adm_topology
02-08 21:44:13.400   788 30991 D ACDB-LOADER: ACDB -> ACDB_CMD_GET_AUDPROC_COMMON_TOPOLOGY_ID
02-08 21:44:13.400   788 30991 D ACDB-LOADER: ACDB -> send_audtable
02-08 21:44:13.400   788 30991 D ACDB-LOADER: ACDB -> ACDB_CMD_GET_AUDPROC_COMMON_TABLE_SIZE
02-08 21:44:13.400   788 30991 D ACDB-LOADER: ACDB -> ACDB_CMD_GET_AUDPROC_COMMON_TABLE
02-08 21:44:13.400   788 30991 D ACDB-LOADER: ACDB -> AUDIO_SET_AUDPROC_CAL
02-08 21:44:13.400   788 30991 D ACDB-LOADER: ACDB -> send_audvoltable
02-08 21:44:13.400   788 30991 D ACDB-LOADER: ACDB -> ACDB_CMD_GET_AUDPROC_VOL_STEP_TABLE_SIZE
02-08 21:44:13.400   788 30991 D ACDB-LOADER: ACDB -> ACDB_CMD_GET_AUDPROC_GAIN_DEP_STEP_TABLE, vol index 0
02-08 21:44:13.400   788 30991 D         : Failed to fetch the lookup information of the device 0000003E 
02-08 21:44:13.400   788 30991 D ACDB-LOADER: ACDB -> AUDIO_SET_VOL_CAL cal type = 12
02-08 21:44:13.400   788 30991 D ACDB-LOADER: ACDB -> ACDB_CMD_GET_AUDPROC_STREAM_TABLE_SIZE
02-08 21:44:13.400   788 30991 D ACDB-LOADER: ACDB -> send_audstrmtable
02-08 21:44:13.400   788 30991 D ACDB-LOADER: ACDB -> ACDB_CMD_GET_AUDPROC_STREAM_TABLE_V2
02-08 21:44:13.401   788 30991 D ACDB-LOADER: ACDB -> audstrm_cal->cal_type.cal_data.cal_size = 456
02-08 21:44:13.401   788 30991 D ACDB-LOADER: ACDB -> send_afe_topology
02-08 21:44:13.401   788 30991 D ACDB-LOADER: ACDB -> ACDB_CMD_GET_AFE_TOPOLOGY_ID
02-08 21:44:13.401   788 30991 D ACDB-LOADER: ACDB -> GET_AFE_TOPOLOGY_ID for adcd_id 62, Topology Id 112fb
02-08 21:44:13.401   788 30991 D ACDB-LOADER: ACDB -> send_afe_cal
02-08 21:44:13.401   788 30991 D ACDB-LOADER: ACDB -> ACDB_CMD_GET_AFE_COMMON_TABLE_SIZE
02-08 21:44:13.401   788 30991 D         : Failed to fetch the lookup information of the device 0000003E 
02-08 21:44:13.401   788 30991 E ACDB-LOADER: Error: ACDB_CMD_GET_AFE_COMMON_TABLE_SIZE Returned = -19
02-08 21:44:13.401   788 30991 D ACDB-LOADER: ACDB -> ACDB_CMD_GET_AFE_COMMON_TABLE
02-08 21:44:13.401   788 30991 D         : Failed to fetch the lookup information of the device 0000003E 
02-08 21:44:13.401   788 30991 D ACDB-LOADER: ACDB -> AUDIO_SET_AFE_CAL
02-08 21:44:13.401   788 30991 D ACDB-LOADER: ACDB -> send_hw_delay : acdb_id = 62 path = 1
02-08 21:44:13.401   788 30991 D ACDB-LOADER: ACDB -> ACDB_AVSYNC_INFO: ACDB_CMD_GET_DEVICE_PROPERTY
02-08 21:44:13.401   788 30991 D audio_hw_primary: enable_snd_device: snd_device(120: voice-rec-mic)
02-08 21:44:13.401   788 30991 D audio_route: Apply path: voice-rec-mic
02-08 21:44:13.404   788 30991 V msm8974_platform: platform_get_snd_device_backend_index: enter with device 120
02-08 21:44:13.404   788 30991 E msm8974_platform: platform_get_snd_device_backend_index: BE DAI Name Table is not present
02-08 21:44:13.404   788 30991 V msm8974_platform: platform_get_backend_index:napb: backend port - 5 device - 120 
02-08 21:44:13.404   788 30991 I audio_hw_utils: Set Audio Stream Capture 0 App Type Cfg: app_type 69936, acdb_dev_id 62, sample_rate 48000, snd_device_be_idx -14
02-08 21:44:13.404   788 30991 D audio_hw_primary: enable_audio_route: usecase(9) apply and update mixer path: audio-record
02-08 21:44:13.404   788 30991 D audio_route: Apply path: audio-record
02-08 21:44:13.475 20221 20371 I MicroDetectionWorker: onReady
02-08 21:44:13.798  1456  7796 I OpenGLRenderer: Initialized EGL, version 1.4
02-08 21:44:13.798  1456  7796 D OpenGLRenderer: Swap behavior 2
02-08 21:44:13.841  2748  2917 W OpenGLRenderer: Incorrectly called buildLayer on View: ShortcutAndWidgetContainer, destroying layer...
02-08 21:44:13.946 30752 30829 I chatty  : uid=10834(org.mozilla.fenix.nightly) expire 1 line
02-08 21:44:13.999  1456 10962 D ConnectivityService: requestNetwork for uid/pid:10834/30752 NetworkRequest [ TRACK_DEFAULT id=25712, [ Capabilities: INTERNET&NOT_RESTRICTED&TRUSTED&NOT_VPN] ]
02-08 21:44:14.001  1456  2099 D Ethernet: got request NetworkRequest [ TRACK_DEFAULT id=25712, [ Capabilities: INTERNET&NOT_RESTRICTED&TRUSTED&NOT_VPN] ] with score 60
02-08 21:44:14.001  1456  2054 D WIFI_UT : got request NetworkRequest [ TRACK_DEFAULT id=25712, [ Capabilities: INTERNET&NOT_RESTRICTED&TRUSTED&NOT_VPN] ] with score 60
02-08 21:44:14.001  1456  2054 D WIFI    : got request NetworkRequest [ TRACK_DEFAULT id=25712, [ Capabilities: INTERNET&NOT_RESTRICTED&TRUSTED&NOT_VPN] ] with score 60
02-08 21:44:14.001  2398  2398 D PhoneSwitcherNetworkRequstListener: got request NetworkRequest [ TRACK_DEFAULT id=25712, [ Capabilities: INTERNET&NOT_RESTRICTED&TRUSTED&NOT_VPN] ] with score 60
02-08 21:44:14.009 30752 30993 I chatty  : uid=10834(org.mozilla.fenix.nightly) expire 9 lines
02-08 21:44:14.093 13975 27085 I Icing   : Indexing com.google.android.gms-apps from com.google.android.gms
02-08 21:44:14.144 13975 27085 I Icing   : Indexing done com.google.android.gms-apps
02-08 21:44:14.455 30752 30774 I chatty  : uid=10834(org.mozilla.fenix.nightly) expire 1 line
02-08 21:44:14.459  1456  2067 D ConnectivityService: releasing NetworkRequest [ TRACK_DEFAULT id=25712, [ Capabilities: INTERNET&NOT_RESTRICTED&TRUSTED&NOT_VPN] ] (release request)
02-08 21:44:18.422  1456 10962 I ActivityManager: Force stopping org.mozilla.fenix.nightly appid=10834 user=0: from pid 30998
02-08 21:44:18.422  1456 10962 I ActivityManager: Killing 30752:org.mozilla.fenix.nightly/u0a834 (adj 700): stop org.mozilla.fenix.nightly
02-08 21:44:18.425  1456  1605 W zygote  : kill(-30752, 9) failed: No such process
02-08 21:44:18.426  1456 10962 W ActivityManager: Force removing ActivityRecord{f7b96bd u0 org.mozilla.fenix.nightly/org.mozilla.fenix.HomeActivity t23755}: app died, no saved state
02-08 21:44:18.435  1456 10962 I ActivityManager: Killing 30870:org.mozilla.fenix.nightly:socket/u0a834 (adj 0): stop org.mozilla.fenix.nightly
02-08 21:44:18.440  1456 10962 I ActivityManager: Killing 30842:org.mozilla.fenix.nightly:tab/u0a834 (adj 0): stop org.mozilla.fenix.nightly
02-08 21:44:18.447 27866 27866 D GeckoMemoryMonitor: onTrimMemory() notification received with level 10
02-08 21:44:18.449 17214 17214 I AppBase : onTrimMemory(): 10
02-08 21:44:18.449 17214 17214 I GoogleInputMethodService: onTrimMemory(): 10
02-08 21:44:18.449  1456  1605 W zygote  : kill(-30752, 9) failed: No such process
02-08 21:44:18.461  2398  2398 D CarrierSvcBindHelper: No carrier app for: 0
02-08 21:44:18.462  1456  1605 W zygote  : kill(-30752, 9) failed: No such process
02-08 21:44:18.463  2398  2398 D CarrierSvcBindHelper: No carrier app for: 1
02-08 21:44:18.475  1456  1605 W zygote  : kill(-30752, 9) failed: No such process
02-08 21:44:18.514  1456  1673 W ActivityManager: setHasOverlayUi called on unknown pid: 30752
02-08 21:44:18.515  1456  1605 I chatty  : uid=1000(system) ActivityManager identical 3 lines
02-08 21:44:18.531  1456  1605 W zygote  : kill(-30752, 9) failed: No such process
02-08 21:44:18.531  1456  1605 I zygote  : Successfully killed process cgroup uid 10834 pid 30752 in 106ms
02-08 21:44:18.531  1456  1605 W zygote  : kill(-30870, 9) failed: No such process
02-08 21:44:18.531  1456  1605 I zygote  : Successfully killed process cgroup uid 10834 pid 30870 in 0ms
02-08 21:44:18.532  1456  1605 W zygote  : kill(-30842, 9) failed: No such process
02-08 21:44:18.532  1456  1605 I zygote  : Successfully killed process cgroup uid 10834 pid 30842 in 0ms
02-08 21:44:18.552  1456  5050 I ActivityManager: START u0 {act=android.intent.action.MAIN cat=[android.intent.category.LAUNCHER] flg=0x10000000 cmp=org.mozilla.fenix.nightly/org.mozilla.fenix.HomeActivity} from uid 2000
02-08 21:44:18.553   794   839 E ANDR-PERF-RESOURCEQS: Failed to apply optimization [4, 0]
02-08 21:44:18.562  1456  7796 I OpenGLRenderer: Initialized EGL, version 1.4
02-08 21:44:18.562  1456  7796 D OpenGLRenderer: Swap behavior 2
02-08 21:44:18.573  1456  2402 I ActivityManager: Start proc 31005:org.mozilla.fenix.nightly/u0a834 for activity org.mozilla.fenix.nightly/org.mozilla.fenix.HomeActivity
02-08 21:44:18.660 20221 20371 I MicroDetectionState: Should stop hotword detection immediately - false
02-08 21:44:18.661 20221 20371 I MicroDetector: Keeping mic open: false
02-08 21:44:18.661 20221 20371 I RecognitionAudioControl: #shutdownAudio [requestId: 329287983052723937, keepAudioOpen: false, forced: true]
02-08 21:44:18.661 20221 20303 E DeviceStateChecker: DeviceStateChecker cancelled
02-08 21:44:18.661 20221 20371 I RecognitionAudioControl: #internalShutdownAudio [requestId: 329287983052723937]
02-08 21:44:18.661 20221 20371 I RecognitionAudioControl: #internalShutdownAudio [keepAudioOpen: false, forced: true]
02-08 21:44:18.661 20221 20371 I RecognitionAudioControl: #actualShutdownAudio
02-08 21:44:18.661 20221 20371 I AudioController: #shutdown [requestId=329287983052723937]
02-08 21:44:18.662 20221 20288 I AudioController: internalShutdown
02-08 21:44:18.662 20221 20298 I MicroRecognitionRunner: Stopping hotword detection.
02-08 21:44:18.713   788  1401 D audio_hw_primary: disable_audio_route: usecase(9) reset and update mixer path: audio-record
02-08 21:44:18.714   788  1401 D audio_hw_primary: disable_snd_device: snd_device(120: voice-rec-mic)
02-08 21:44:18.715  1012  1012 D APM_AudioPolicyManager: stopInput() input 127078, session 127153
02-08 21:44:18.715   788  1401 D audio_hw_primary: in_set_parameters: enter: kvpairs=routing=0
02-08 21:44:18.717 20221 20288 I MicrophoneInputStream: mic_close  SR : 16000 CC : 16 SO : 1999
02-08 21:44:18.718 20221 20288 E AudioSource: Stop listening is called on already closed AudioSource
02-08 21:44:18.719 20221 20327 I MicroRecognitionRunner: Detection finished
02-08 21:44:18.741 31005 31005 I chatty  : uid=10834(org.mozilla.fenix.nightly) com.android.chrome:sandboxed expire 36 lines
02-08 21:44:18.819 31005 31023 I chatty  : uid=10834(org.mozilla.fenix.nightly) com.android.chrome:sandboxed expire 4 lines
02-08 21:44:18.867 31005 31029 I chatty  : uid=10834(org.mozilla.fenix.nightly) com.android.chrome:sandboxed expire 2 lines
02-08 21:44:18.906 31005 31033 I chatty  : uid=10834(org.mozilla.fenix.nightly) com.android.chrome:sandboxed expire 11 lines
02-08 21:44:18.959 31005 31039 I chatty  : uid=10834(org.mozilla.fenix.nightly) com.android.chrome:sandboxed expire 19 lines
02-08 21:44:19.003   808   898 I SFPerfTracer:      triggers: (rate: 0:0) (0 sw vsyncs) (0 skipped) (17:3536331 vsyncs) (19:6280845)
02-08 21:44:19.007   808   808 I SFPerfTracer:      triggers: (rate: 50:550210) (compose: 0:6) (post: 0:14) (render: 0:11) (16:4709678 frames) (17:6230383)
02-08 21:44:19.007   808   808 D SFPerfTracer:        layers: (3:13) (NavigationBar#0 (0xb07df000): 9:517391) (StatusBar#0 (0xb07e3000): 9:1478138) (com.android.systemui.ImageWallpaper#0 (0xb07e7000): 0:45053)* (Sprite#0 (0xb0733000): 0:317)* (DimLayerController/Stack=0#0 (0xb075a000): 0:3589)* (Sprite#1 (0xb077c000): 0:195)* (com.android.launcher3/com.android.launcher3.CustomizationPanelLauncher#0 (0xb0763000): 0:38)- (com.android.launcher3/com.android.launcher3.CustomizationPanelLauncher#1 (0xb0771000): 0:9)- (Splash Screen org.mozilla.fenix.nightly#0 (0xb0384000): 0:30)- (org.mozilla.fenix.nightly/org.mozilla.fenix.HomeActivity#0 (0xb039b000): 0:47)- (com.android.launcher3/com.android.launcher3.CustomizationPanelLauncher#0 (0xb0763000): 0:39)* (com.android.launcher3/com.android.launcher3.CustomizationPanelLauncher#1 (0xb0771000): 0:9)* (Splash Screen org.mozilla.fenix.nightly#0 (0xb0384000): 16:19) 
02-08 21:44:19.025 31005 31010 I chatty  : uid=10834(org.mozilla.fenix.nightly) com.android.chrome:sandboxed expire 6 lines
02-08 21:44:19.076 31005 31044 I chatty  : uid=10834(org.mozilla.fenix.nightly) com.android.chrome:sandboxed expire 2 lines
02-08 21:44:19.101 31005 31054 I chatty  : uid=10834(org.mozilla.fenix.nightly) com.android.chrome:sandboxed expire 6 lines
02-08 21:44:19.107 31005 31056 I chatty  : uid=10834(org.mozilla.fenix.nightly) com.android.chrome:sandboxed expire 10 lines
02-08 21:44:19.364 27866 27879 D AuthStateProvider: Verifying caller's signature:77eac4ceed36afefba76179931dd4cc195ab0cd54baf355d215e7bbdd28e402a
02-08 21:44:19.364 27866 27879 D AuthStateProvider: Success!
02-08 21:44:19.365 31005 31005 E ActivityThread: Failed to find provider info for org.mozilla.fennec_aurora.fxa.auth
02-08 21:44:19.434  1456  5050 I ActivityManager: Start proc 31086:org.mozilla.fenix.nightly:tab/u0a834 for service org.mozilla.fenix.nightly/org.mozilla.gecko.process.GeckoServiceChildProcess$tab
02-08 21:44:19.469 31005 31110 I chatty  : uid=10834(org.mozilla.fenix.nightly) com.android.chrome:sandboxed expire 7 lines
02-08 21:44:19.557  1456  6339 I WifiService: getDhcpInfo uid=10834
02-08 21:44:19.575  1456  6339 I ActivityManager: Start proc 31120:org.mozilla.fenix.nightly:socket/u0a834 for service org.mozilla.fenix.nightly/org.mozilla.gecko.process.GeckoServiceChildProcess$socket
02-08 21:44:19.591 31086 31086 I chatty  : uid=10834(org.mozilla.fenix.nightly) expire 1 line
02-08 21:44:19.592 31086 31133 I chatty  : uid=10834(org.mozilla.fenix.nightly) expire 1 line
02-08 21:44:19.706 31120 31120 I chatty  : uid=10834(org.mozilla.fenix.nightly) expire 2 lines
02-08 21:44:19.706 31120 31137 I chatty  : uid=10834(org.mozilla.fenix.nightly) expire 15 lines
02-08 21:44:19.780  1456  6339 I ActivityManager: Displayed org.mozilla.fenix.nightly/org.mozilla.fenix.HomeActivity: +1s219ms
02-08 21:44:19.780  1456  6339 I ActivityManager: Fully drawn org.mozilla.fenix.nightly/org.mozilla.fenix.HomeActivity: +1s219ms
02-08 21:44:19.793 31005 31005 I chatty  : uid=10834(org.mozilla.fenix.nightly) com.android.chrome:sandboxed expire 10 lines
02-08 21:44:19.817 31005 31110 I chatty  : uid=10834(org.mozilla.fenix.nightly) com.android.chrome:sandboxed expire 2 lines
02-08 21:44:19.846  1456  1673 I LaunchCheckinHandler: Displayed org.mozilla.fenix.nightly/org.mozilla.fenix.HomeActivity,cp,ca,1285
02-08 21:44:19.854 27866 27879 D AuthStateProvider: Verifying caller's signature:77eac4ceed36afefba76179931dd4cc195ab0cd54baf355d215e7bbdd28e402a
02-08 21:44:19.855 27866 27879 D AuthStateProvider: Success!
02-08 21:44:19.859 31005 31005 E ActivityThread: Failed to find provider info for org.mozilla.fennec_aurora.fxa.auth
02-08 21:44:19.950 28296 28296 I Finsky  : [2] ppb.onTrimMemory(1): Memory trim requested to level 80
02-08 21:44:19.966 20221 20221 I MemoryTrimmer: Trimming objects from memory, since app is in the background.
02-08 21:44:19.966 31005 31010 I chatty  : uid=10834(org.mozilla.fenix.nightly) com.android.chrome:sandboxed expire 2 lines
02-08 21:44:19.976  1456  1466 I zygote  : Background concurrent copying GC freed 58011(3MB) AllocSpace objects, 33(1252KB) LOS objects, 39% free, 36MB/60MB, paused 211us total 382.780ms
02-08 21:44:19.978 20221 20221 I MemoryTrimmer: Trimming objects from memory, since app is in the background.
02-08 21:44:19.984  1456 10736 I WifiService: getWifiEnabledState uid=10073
02-08 21:44:19.991 20221 20371 I DEBUG   : OpaToSrpTransitionState#onStateChanged#notNullQuery
02-08 21:44:19.992 20221 28103 I PBSessionCacheImpl: Deleted sessionId[88934479601430829] from persistence.
02-08 21:44:19.993 20221 20371 I DEBUG   : OpaToSrpTransitionState#onStateChanged#notNullQuery
02-08 21:44:19.996 20221 20371 W SearchServiceCore: Abort, client detached.
02-08 21:44:20.254 31005 31039 I chatty  : uid=10834(org.mozilla.fenix.nightly) com.android.chrome:sandboxed expire 11 lines
02-08 21:44:20.891 31005 31187 I chatty  : uid=10834(org.mozilla.fenix.nightly) com.android.chrome:sandboxed expire 2 lines
02-08 21:44:21.515  1456  2063 D WifiNative-wlan0: Scan issued for specific freq..
02-08 21:44:21.913  1456  6339 D WificondControl: Scan result ready event
02-08 21:44:22.059 28296 28302 I zygote  : Do partial code cache collection, code=118KB, data=92KB
02-08 21:44:22.061 28296 28302 I zygote  : After code cache collection, code=114KB, data=91KB
02-08 21:44:22.061 28296 28302 I zygote  : Increasing code cache capacity to 512KB
02-08 21:44:24.045  2398  2398 D ImsResolver: maybeAddedImsService, packageName: org.mozilla.fenix.nightly
02-08 21:44:24.047  1456  1600 W ResourceType: No known package when getting value for resource number 0x7f0801a0
02-08 21:44:24.047  2360  2360 D MayaFrameworkProxyService: receive intent :Intent { act=android.intent.action.PACKAGE_CHANGED dat=package:org.mozilla.fenix.nightly flg=0x45000010 (has extras) }
02-08 21:44:24.050  1456  1600 W ResourceType: No known package when getting value for resource number 0x7f120107
02-08 21:44:24.050  1456  1600 W ResourceType: No known package when getting value for resource number 0x7f120107
02-08 21:44:24.050  1456  1600 W ResourceType: No known package when getting value for resource number 0x7f08019e
02-08 21:44:24.050  1456  1600 W ResourceType: No known package when getting value for resource number 0x7f120106
02-08 21:44:24.050  1456  1600 W ResourceType: No known package when getting value for resource number 0x7f120106
02-08 21:44:24.073  1456  1942 I InputReader: Reconfiguring input devices.  changes=0x00000010
02-08 21:44:24.078  1456  1456 W ResourceType: ResTable_typeSpec entry count inconsistent: given 669, previously 675
02-08 21:44:24.078  1456  1456 W ResourceType: ResTable_typeSpec entry count inconsistent: given 394, previously 1461
02-08 21:44:24.078  1456  1456 W ResourceType: ResTable_typeSpec entry count inconsistent: given 217, previously 1293
02-08 21:44:24.084  2398  2398 D CarrierSvcBindHelper: No carrier app for: 0
02-08 21:44:24.085  2398  2398 D CarrierSvcBindHelper: No carrier app for: 1
02-08 21:44:24.104  2398  2398 E VvmPkgInstalledRcvr: cannot create TelephonyManager from ComponentInfo{com.android.phone/com.android.services.telephony.TelephonyConnectionService}, [****], UserHandle{0}
02-08 21:44:24.114  1456  1600 W ResourceType: ResTable_typeSpec entry count inconsistent: given 29, previously 34
02-08 21:44:24.116  1456  1600 W ResourceType: ResTable_typeSpec entry count inconsistent: given 2183, previously 2180
02-08 21:44:24.116  1456  1600 W ResourceType: ResTable_typeSpec entry count inconsistent: given 266, previously 1541
02-08 21:44:24.173  1456  1456 W ResourceType: Found multiple library tables, ignoring...
02-08 21:44:24.173  1456  1600 W ResourceType: Found multiple library tables, ignoring...
02-08 21:44:24.207 31211 31211 D AndroidRuntime: >>>>>> START com.android.internal.os.RuntimeInit uid 2000 <<<<<<
02-08 21:44:24.218  1456  1456 I TelecomService: DefaultDialerCache: Refreshing default dialer for user 0: now com.android.dialer: DDC.oR@Hqs
02-08 21:44:24.220 31211 31211 W app_process: Could not reserve sentinel fault page
02-08 21:44:24.239 13975 14023 I Icing   : IndexChimeraService.getServiceInterface callingPackage=com.google.android.gms componentName=AppsCorpus serviceId=36
02-08 21:44:24.249 13975 27085 W Icing   : No valid account for uploading user actions
02-08 21:44:24.316 13975 27085 I Icing   : Usage reports ok 1, Failed Usage reports 0, indexed 0, rejected 0
02-08 21:44:24.318 13975 27085 I Icing   : Indexing com.google.android.gms-internal.3p:MobileApplication from com.google.android.gms using seqno 2511
02-08 21:44:24.389 31211 31211 I app_process: The ClassLoaderContext is a special shared library.
02-08 21:44:24.467 31211 31211 D AndroidRuntime: Calling main entry com.android.commands.input.Input
02-08 21:44:24.468 31211 31211 I Input   : injectKeyEvent: KeyEvent { action=ACTION_DOWN, keyCode=KEYCODE_HOME, scanCode=0, metaState=0, flags=0x0, repeatCount=0, eventTime=13636795975, downTime=13636795975, deviceId=-1, source=0x101 }
02-08 21:44:24.475 31211 31211 I Input   : injectKeyEvent: KeyEvent { action=ACTION_UP, keyCode=KEYCODE_HOME, scanCode=0, metaState=0, flags=0x0, repeatCount=0, eventTime=13636795975, downTime=13636795975, deviceId=-1, source=0x101 }
02-08 21:44:24.481  1456  1941 I ActivityManager: START u0 {act=android.intent.action.MAIN cat=[android.intent.category.HOME] flg=0x10200000 cmp=com.android.launcher3/.CustomizationPanelLauncher (has extras)} from uid 1000
02-08 21:44:24.482   794   839 E ANDR-PERF-RESOURCEQS: Failed to apply optimization [4, 0]
02-08 21:44:24.493  1456  1941 I ActivityManager: moveHomeStack, setupComplete:true
02-08 21:44:24.497 31211 31211 D AndroidRuntime: Shutting down VM
02-08 21:44:24.508 20221 20311 I Adreno  : QUALCOMM build                   : bb5b86c, I77d3059488
02-08 21:44:24.508 20221 20311 I Adreno  : Build Date                       : 06/07/18
02-08 21:44:24.508 20221 20311 I Adreno  : OpenGL ES Shader Compiler Version: EV031.22.00.01_06
02-08 21:44:24.508 20221 20311 I Adreno  : Local Branch                     : 
02-08 21:44:24.508 20221 20311 I Adreno  : Remote Branch                    : refs/tags/AU_LINUX_ANDROID_LA.UM.6.5.R1.08.01.00.312.086
02-08 21:44:24.508 20221 20311 I Adreno  : Remote Branch                    : NONE
02-08 21:44:24.508 20221 20311 I Adreno  : Reconstruct Branch               : NOTHING
02-08 21:44:24.511 20221 20311 D vndksupport: Loading /vendor/lib/hw/gralloc.msm8937.so from current namespace instead of sphal namespace.
02-08 21:44:24.514  2748  2748 D Launcher.Utilities: Wakeup weather: Intent { act=com.motorola.launcher3.action.WAKEUP_WEATHER cmp=com.motorola.timeweatherwidget/com.motorola.commandcenter.weather.WakeUpService }
02-08 21:44:24.515 20221 20311 I Adreno  : PFP: 0x005ff087, ME: 0x005ff063
02-08 21:44:24.519 20221 20311 I zygote  : android::hardware::configstore::V1_0::ISurfaceFlingerConfigs::hasWideColorDisplay retrieved: 0
02-08 21:44:24.521 20221 20311 I OpenGLRenderer: Initialized EGL, version 1.4
02-08 21:44:24.521 20221 20311 D OpenGLRenderer: Swap behavior 2
02-08 21:44:24.533  1456  1456 I NotificationService: Cannot find enqueued record for key: 0|com.motorola.timeweatherwidget|1|null|10116
02-08 21:44:24.538   808   808 D SurfaceFlinger: duplicate layer name: changing com.android.launcher3/com.android.launcher3.CustomizationPanelLauncher to com.android.launcher3/com.android.launcher3.CustomizationPanelLauncher#1
02-08 21:44:24.553 20221 20221 W ThreadPoolDumper: Queue length for executor EventBus is now 11. Perhaps some tasks are too long, or the pool is too small.
02-08 21:44:24.563  1456  2402 I WifiService: getWifiEnabledState uid=10073
02-08 21:44:24.570  1456  6339 I WifiService: getWifiEnabledState uid=10073
02-08 21:44:24.576 20221 20371 I DEBUG   : OpaToSrpTransitionState#onStateChanged#notNullQuery
02-08 21:44:24.577 20221 20371 I DEBUG   : OpaToSrpTransitionState#onStateChanged#notNullQuery
02-08 21:44:24.604 20221 20371 I MicroDetectionState: Should stop hotword detection immediately - false
02-08 21:44:24.608 20221 20371 I MicroDetectionWorker: #startMicroDetector [speakerMode: 0]
02-08 21:44:24.611 20221 20371 I AudioController: Created new AudioSource
02-08 21:44:24.630  1456  1673 I LaunchCheckinHandler: Displayed com.android.launcher3/.CustomizationPanelLauncher,wp,wa,148
02-08 21:44:24.630 20221 20322 I MicroDataManager: isInitializedWithLatestParams-true
02-08 21:44:24.630 20221 20322 I MicroDataManager: isInitializing-false locale not changed-true model not changed-true
02-08 21:44:24.631 20221 20322 I MicroDataManager: Already initialized, obtaining the hotword data immediately.
02-08 21:44:24.631 28296 28296 I Finsky  : [2] ppb.onTrimMemory(1): Memory trim requested to level 80
02-08 21:44:24.637 20221 20303 I MicroRecognitionRunner: Starting detection.
02-08 21:44:24.637 20221 20303 I InputStreamUtils: Using micInputStream
02-08 21:44:24.638 20221 11512 I MicrophoneInputStream: mic_starting  SR : 16000 CC : 16 SO : 1999
02-08 21:44:24.642   788  1401 V msm8974_platform: platform_check_input_mask: enter check_input_mask source 6 mask 10
02-08 21:44:24.644  1012 31238 I AudioFlinger: AudioFlinger's thread 0xb2483e00 tid=31238 ready to run
02-08 21:44:24.648   788  1401 D audio_hw_primary: in_set_parameters: enter: kvpairs=input_source=6;routing=-2147483644
02-08 21:44:24.649  1012  4918 D APM_AudioPolicyManager: AudioPolicyManager::startInput() input 127086, session 127161, source = 1999
02-08 21:44:24.650 20221 11512 I MicrophoneInputStream: mic_started  SR : 16000 CC : 16 SO : 1999
02-08 21:44:24.651   788 31239 V msm8974_platform: platform_update_usecase_from_source: input source :6
02-08 21:44:24.651   788 31239 V msm8974_platform: platform_check_input_mask: enter check_input_mask source 6 mask 10
02-08 21:44:24.651   788 31239 V msm8974_platform: platform_get_input_snd_device: enter: out_device(0) in_device(0x4) channel_count (1) channel_mask (0x10)
02-08 21:44:24.651   788 31239 V msm8974_platform: platform_get_input_snd_device: exit: in_snd_device(voice-rec-mic)
02-08 21:44:24.651   788 31239 V msm8974_platform: platform_get_backend_index:napb: backend port - 5 device - 120 
02-08 21:44:24.651   788 31239 V msm8974_platform: platform_check_and_set_capture_backend_cfg:txbecf: afe: bitwidth 0, samplerate 0, channel 1, backend_idx 5 usecase = 9 device (voice-rec-mic)
02-08 21:44:24.651   788 31239 V msm8974_platform: platform_check_capture_backend_cfg:txbecf: afe: Codec selected backend: 5 current bit width: 0 and sample rate: 0, channels 1
02-08 21:44:24.651   788 31239 V msm8974_platform: platform_check_capture_backend_cfg:txbecf: afe: Codec selected backend: 5 updated bit width: 0 and sample rate: 0
02-08 21:44:24.651   788 31239 I msm8974_platform: platform_check_capture_backend_cfg:txbecf: afe: Codec backend needs to be updated. new bit width: 0 new sample rate: 0 new channel: 1
02-08 21:44:24.651   788 31239 V msm8974_platform: platform_get_backend_index:napb: backend port - 5 device - 120 
02-08 21:44:24.652   788 31239 V msm8974_platform: platform_set_backend_cfg:becf: afe: bitwidth 0, samplerate 0 channels 1, backend_idx 5 device (voice-rec-mic)
02-08 21:44:24.652   788 31239 E msm8974_platform: platform_set_backend_cfg:becf: afe: Could not get ctl for mixer command - SLIM_0_TX Format
02-08 21:44:24.652   788 31239 V msm8974_platform: platform_send_audio_calibration: sending audio calibration for snd_device(120) acdb_id(62)
02-08 21:44:24.652   788 31239 D ACDB-LOADER: ACDB -> send_audio_cal, acdb_id = 62, path = 1, app id = 0x11130, sample rate = 48000
02-08 21:44:24.652   788 31239 D ACDB-LOADER: ACDB -> send_asm_topology
02-08 21:44:24.652   788 31239 D ACDB-LOADER: ACDB -> ACDB_CMD_GET_AUDPROC_STREAM_TOPOLOGY_ID
02-08 21:44:24.652   788 31239 D ACDB-LOADER: ACDB -> send_adm_topology
02-08 21:44:24.652   788 31239 D ACDB-LOADER: ACDB -> ACDB_CMD_GET_AUDPROC_COMMON_TOPOLOGY_ID
02-08 21:44:24.652   788 31239 D ACDB-LOADER: ACDB -> send_audtable
02-08 21:44:24.652   788 31239 D ACDB-LOADER: ACDB -> ACDB_CMD_GET_AUDPROC_COMMON_TABLE_SIZE
02-08 21:44:24.652   788 31239 D ACDB-LOADER: ACDB -> ACDB_CMD_GET_AUDPROC_COMMON_TABLE
02-08 21:44:24.652   788 31239 D ACDB-LOADER: ACDB -> AUDIO_SET_AUDPROC_CAL
02-08 21:44:24.652   788 31239 D ACDB-LOADER: ACDB -> send_audvoltable
02-08 21:44:24.652   788 31239 D ACDB-LOADER: ACDB -> ACDB_CMD_GET_AUDPROC_VOL_STEP_TABLE_SIZE
02-08 21:44:24.652   788 31239 D ACDB-LOADER: ACDB -> ACDB_CMD_GET_AUDPROC_GAIN_DEP_STEP_TABLE, vol index 0
02-08 21:44:24.652   788 31239 D         : Failed to fetch the lookup information of the device 0000003E 
02-08 21:44:24.652   788 31239 D ACDB-LOADER: ACDB -> AUDIO_SET_VOL_CAL cal type = 12
02-08 21:44:24.652   788 31239 D ACDB-LOADER: ACDB -> ACDB_CMD_GET_AUDPROC_STREAM_TABLE_SIZE
02-08 21:44:24.652   788 31239 D ACDB-LOADER: ACDB -> send_audstrmtable
02-08 21:44:24.653   788 31239 D ACDB-LOADER: ACDB -> ACDB_CMD_GET_AUDPROC_STREAM_TABLE_V2
02-08 21:44:24.653   788 31239 D ACDB-LOADER: ACDB -> audstrm_cal->cal_type.cal_data.cal_size = 456
02-08 21:44:24.653   788 31239 D ACDB-LOADER: ACDB -> send_afe_topology
02-08 21:44:24.653   788 31239 D ACDB-LOADER: ACDB -> ACDB_CMD_GET_AFE_TOPOLOGY_ID
02-08 21:44:24.653   788 31239 D ACDB-LOADER: ACDB -> GET_AFE_TOPOLOGY_ID for adcd_id 62, Topology Id 112fb
02-08 21:44:24.653   788 31239 D ACDB-LOADER: ACDB -> send_afe_cal
02-08 21:44:24.653   788 31239 D ACDB-LOADER: ACDB -> ACDB_CMD_GET_AFE_COMMON_TABLE_SIZE
02-08 21:44:24.653   788 31239 D         : Failed to fetch the lookup information of the device 0000003E 
02-08 21:44:24.653   788 31239 E ACDB-LOADER: Error: ACDB_CMD_GET_AFE_COMMON_TABLE_SIZE Returned = -19
02-08 21:44:24.653   788 31239 D ACDB-LOADER: ACDB -> ACDB_CMD_GET_AFE_COMMON_TABLE
02-08 21:44:24.653   788 31239 D         : Failed to fetch the lookup information of the device 0000003E 
02-08 21:44:24.653   788 31239 D ACDB-LOADER: ACDB -> AUDIO_SET_AFE_CAL
02-08 21:44:24.653   788 31239 D ACDB-LOADER: ACDB -> send_hw_delay : acdb_id = 62 path = 1
02-08 21:44:24.653   788 31239 D ACDB-LOADER: ACDB -> ACDB_AVSYNC_INFO: ACDB_CMD_GET_DEVICE_PROPERTY
02-08 21:44:24.653   788 31239 D audio_hw_primary: enable_snd_device: snd_device(120: voice-rec-mic)
02-08 21:44:24.653   788 31239 D audio_route: Apply path: voice-rec-mic
02-08 21:44:24.658   788 31239 V msm8974_platform: platform_get_snd_device_backend_index: enter with device 120
02-08 21:44:24.658   788 31239 E msm8974_platform: platform_get_snd_device_backend_index: BE DAI Name Table is not present
02-08 21:44:24.658   788 31239 V msm8974_platform: platform_get_backend_index:napb: backend port - 5 device - 120 
02-08 21:44:24.658   788 31239 I audio_hw_utils: Set Audio Stream Capture 0 App Type Cfg: app_type 69936, acdb_dev_id 62, sample_rate 48000, snd_device_be_idx -14
02-08 21:44:24.658   788 31239 D audio_hw_primary: enable_audio_route: usecase(9) apply and update mixer path: audio-record
02-08 21:44:24.658   788 31239 D audio_route: Apply path: audio-record
02-08 21:44:24.727 20221 20371 I MicroDetectionWorker: onReady
02-08 21:44:24.780  2146  2165 I zygote  : NativeAlloc concurrent copying GC freed 21403(1112KB) AllocSpace objects, 0(0B) LOS objects, 50% free, 9MB/19MB, paused 175us total 135.715ms
02-08 21:44:25.026  1456  7796 I OpenGLRenderer: Initialized EGL, version 1.4
02-08 21:44:25.026  1456  7796 D OpenGLRenderer: Swap behavior 2
02-08 21:44:25.073  2748  2917 W OpenGLRenderer: Incorrectly called buildLayer on View: ShortcutAndWidgetContainer, destroying layer...
02-08 21:44:25.190 31005 31081 I chatty  : uid=10834(org.mozilla.fenix.nightly) com.android.chrome:sandboxed expire 1 line
