04-29 14:05:22.300  1456  1605 W zygote  : kill(-8128, 9) failed: No such process
04-29 14:05:22.301  1456  1893 D BatteryService: uevent={POWER_SUPPLY_VOLTAGE_NOW=4331334, POWER_SUPPLY_CHARGE_RATE=Normal, POWER_SUPPLY_HEALTH=Good, POWER_SUPPLY_CURRENT_NOW=61492, POWER_SUPPLY_PRESENT=1, SUBSYSTEM=power_supply, POWER_SUPPLY_TEMP=312, SEQNUM=482310, ACTION=change, POWER_SUPPLY_NAME=battery, POWER_SUPPLY_STATUS=Charging, POWER_SUPPLY_CHARGE_COUNTER=2784082, POWER_SUPPLY_CAPACITY=100, DEVPATH=/devices/soc/qpnp-smbcharger-17/power_supply/battery}
04-29 14:05:22.340  1456  1673 W ActivityManager: setHasOverlayUi called on unknown pid: 8128
04-29 14:05:22.341  1456  1605 I chatty  : uid=1000(system) ActivityManager identical 3 lines
04-29 14:05:22.348  1456  1605 W zygote  : kill(-8128, 9) failed: No such process
04-29 14:05:22.348  1456  1605 I zygote  : Successfully killed process cgroup uid 11293 pid 8128 in 83ms
04-29 14:05:22.348  1456  1605 W zygote  : kill(-8207, 9) failed: No such process
04-29 14:05:22.348  1456  1605 I zygote  : Successfully killed process cgroup uid 11293 pid 8207 in 0ms
04-29 14:05:22.390  1456  3925 I ActivityManager: START u0 {act=android.intent.action.MAIN cat=[android.intent.category.LAUNCHER] flg=0x10000000 cmp=org.mozilla.fennec_aurora/.App} from uid 2000
04-29 14:05:22.391   794   839 E ANDR-PERF-RESOURCEQS: Failed to apply optimization [4, 0]
04-29 14:05:22.412  1456  2918 I ActivityManager: Start proc 8380:org.mozilla.fennec_aurora/u0a1293 for activity org.mozilla.fennec_aurora/.App
04-29 14:05:22.499 17373 17428 I MicroDetectionState: Should stop hotword detection immediately - false
04-29 14:05:22.499 17373 17428 I MicroDetector: Keeping mic open: false
04-29 14:05:22.499 17373 17402 E DeviceStateChecker: DeviceStateChecker cancelled
04-29 14:05:22.499 17373 17428 I RecognitionAudioControl: #shutdownAudio [requestId: 1049114910426163768, keepAudioOpen: false, forced: true]
04-29 14:05:22.500 17373 17428 I RecognitionAudioControl: #internalShutdownAudio [requestId: 1049114910426163768]
04-29 14:05:22.500 17373 17428 I RecognitionAudioControl: #internalShutdownAudio [keepAudioOpen: false, forced: true]
04-29 14:05:22.500 17373 17428 I RecognitionAudioControl: #actualShutdownAudio
04-29 14:05:22.500 17373 17428 I AudioController: #shutdown [requestId=1049114910426163768]
04-29 14:05:22.500 17373 17395 I AudioController: internalShutdown
04-29 14:05:22.500 17373 17392 I MicroRecognitionRunner: Stopping hotword detection.
04-29 14:05:22.551   788  1401 D audio_hw_primary: disable_audio_route: usecase(9) reset and update mixer path: audio-record
04-29 14:05:22.551   788  1401 D audio_hw_primary: disable_snd_device: snd_device(120: voice-rec-mic)
04-29 14:05:22.553  1012  4818 D APM_AudioPolicyManager: stopInput() input 325358, session 325473
04-29 14:05:22.554   788  1401 D audio_hw_primary: in_set_parameters: enter: kvpairs=routing=0
04-29 14:05:22.556 17373 17395 I MicrophoneInputStream: mic_close  SR : 16000 CC : 16 SO : 1999
04-29 14:05:22.556 17373 17395 E AudioSource: Stop listening is called on already closed AudioSource
04-29 14:05:22.558 17373 17475 I MicroRecognitionRunner: Detection finished
04-29 14:05:22.601  8380  8380 I chatty  : uid=11293(org.mozilla.fennec_aurora) expire 50 lines
04-29 14:05:22.670  8380  8398 I chatty  : uid=11293(org.mozilla.fennec_aurora) expire 4 lines
04-29 14:05:22.699  8380  8406 I chatty  : uid=11293(org.mozilla.fennec_aurora) expire 13 lines
04-29 14:05:22.720  8380  8405 I chatty  : uid=11293(org.mozilla.fennec_aurora) expire 13 lines
04-29 14:05:22.727  8380  8409 I chatty  : uid=11293(org.mozilla.fennec_aurora) expire 19 lines
04-29 14:05:22.800  8380  8416 I chatty  : uid=11293(org.mozilla.fennec_aurora) expire 6 lines
04-29 14:05:22.821 13975 13985 I zygote  : Background concurrent copying GC freed 107287(6MB) AllocSpace objects, 31(1324KB) LOS objects, 49% free, 9MB/18MB, paused 139us total 125.043ms
04-29 14:05:22.844   808   808 I SFPerfTracer:      triggers: (rate: 86:2037103) (compose: 0:7) (post: 0:19) (render: 0:17) (16:10853676 frames) (17:13756515)
04-29 14:05:22.844   808   808 D SFPerfTracer:        layers: (3:13) (NavigationBar#0 (0xb07df000): 9:1049644) (StatusBar#0 (0xb07e3000): 9:2449435) (com.android.systemui.ImageWallpaper#0 (0xb07e7000): 0:97942)* (Sprite#0 (0xb0733000): 0:317)* (DimLayerController/Stack=0#0 (0xb075a000): 0:3866)* (Sprite#1 (0xb077c000): 0:195)* (com.android.launcher3/com.android.launcher3.CustomizationPanelLauncher#0 (0xb0763000): 0:39)- (com.android.launcher3/com.android.launcher3.CustomizationPanelLauncher#1 (0xb0771000): 0:10)- (Splash Screen org.mozilla.fennec_aurora#1 (0xb013a000): 0:31)- (org.mozilla.fennec_aurora/org.mozilla.fenix.HomeActivity#0 (0xb039b000): 0:69)- (com.android.launcher3/com.android.launcher3.CustomizationPanelLauncher#0 (0xb0763000): 0:40)* (com.android.launcher3/com.android.launcher3.CustomizationPanelLauncher#1 (0xb0771000): 0:10)* (Splash Screen org.mozilla.fennec_aurora#0 (0xb039b000): 16:19) 
04-29 14:05:22.879  1456  3927 I ActivityManager: START u0 {act=android.intent.action.MAIN cat=[android.intent.category.LAUNCHER] flg=0x10000000 cmp=org.mozilla.fennec_aurora/org.mozilla.fenix.HomeActivity (has extras)} from uid 11293
04-29 14:05:22.900  8380  8435 I chatty  : uid=11293(org.mozilla.fennec_aurora) expire 2 lines
04-29 14:05:22.910   808   808 D SurfaceFlinger: duplicate layer name: changing Splash Screen org.mozilla.fennec_aurora to Splash Screen org.mozilla.fennec_aurora#1
04-29 14:05:22.968  8380  8385 I chatty  : uid=11293(org.mozilla.fennec_aurora) expire 8 lines
04-29 14:05:22.982  1456  2918 I ActivityManager: Start proc 8455:org.mozilla.fennec_aurora:tab0/u0a1293 for service org.mozilla.fennec_aurora/org.mozilla.gecko.process.GeckoChildProcessServices$tab0
04-29 14:05:22.986  8380  8443 I chatty  : uid=11293(org.mozilla.fennec_aurora) expire 2 lines
04-29 14:05:23.145  8455  8455 I chatty  : uid=11293(org.mozilla.fennec_aurora) expire 3 lines
04-29 14:05:23.146  8455  8477 I chatty  : uid=11293(org.mozilla.fennec_aurora) expire 12 lines
04-29 14:05:23.335  8380  8484 I chatty  : uid=11293(org.mozilla.fennec_aurora) expire 9 lines
04-29 14:05:23.358  1456  3927 I WifiService: getDhcpInfo uid=11293
04-29 14:05:23.487  1456  1673 I LaunchCheckinHandler: Displayed org.mozilla.fennec_aurora/org.mozilla.fenix.HomeActivity,wp,ca,539
04-29 14:05:23.488  1456  1673 I ActivityManager: Displayed org.mozilla.fennec_aurora/org.mozilla.fenix.HomeActivity: +533ms (total +1s82ms)
04-29 14:05:23.505 17373 17373 I MemoryTrimmer: Trimming objects from memory, since app is in the background.
04-29 14:05:23.513 17373 13370 I PBSessionCacheImpl: Deleted sessionId[76408848338817459] from persistence.
04-29 14:05:23.520  1456  3927 I WifiService: getWifiEnabledState uid=10073
04-29 14:05:23.523 17373 17428 I DEBUG   : OpaToSrpTransitionState#onStateChanged#notNullQuery
04-29 14:05:23.523 17373 17428 I DEBUG   : OpaToSrpTransitionState#onStateChanged#notNullQuery
04-29 14:05:23.530 17373 17428 W SearchServiceCore: Abort, client detached.
04-29 14:05:23.573 17373 17373 I MemoryTrimmer: Trimming objects from memory, since app is in the background.
04-29 14:05:23.844  1456  2918 I ActivityManager: Fully drawn org.mozilla.fennec_aurora/org.mozilla.fenix.HomeActivity: +895ms (total +1s444ms)
04-29 14:05:23.859   808   898 I SFPerfTracer:      triggers: (rate: 0:1) (0 sw vsyncs) (0 skipped) (17:6790034 vsyncs) (19:13869940)
04-29 14:05:23.887  8380  8505 I chatty  : uid=11293(org.mozilla.fennec_aurora) expire 1 line
04-29 14:05:23.887  8380  8504 I chatty  : uid=11293(org.mozilla.fennec_aurora) expire 1 line
04-29 14:05:24.437  8380  8511 I chatty  : uid=11293(org.mozilla.fennec_aurora) expire 1 line
04-29 14:05:24.733  8380  8423 I chatty  : uid=11293(org.mozilla.fennec_aurora) expire 24 lines
04-29 14:05:24.807  8380  8558 I chatty  : uid=11293(org.mozilla.fennec_aurora) expire 1 line
04-29 14:05:28.061  8580  8580 D AndroidRuntime: >>>>>> START com.android.internal.os.RuntimeInit uid 2000 <<<<<<
04-29 14:05:28.074  8580  8580 W app_process: Could not reserve sentinel fault page
04-29 14:05:28.242  8580  8580 I app_process: The ClassLoaderContext is a special shared library.
04-29 14:05:28.314  8580  8580 D AndroidRuntime: Calling main entry com.android.commands.input.Input
04-29 14:05:28.318  8580  8580 I Input   : injectKeyEvent: KeyEvent { action=ACTION_DOWN, keyCode=KEYCODE_HOME, scanCode=0, metaState=0, flags=0x0, repeatCount=0, eventTime=20259595901, downTime=20259595901, deviceId=-1, source=0x101 }
04-29 14:05:28.327  8580  8580 I Input   : injectKeyEvent: KeyEvent { action=ACTION_UP, keyCode=KEYCODE_HOME, scanCode=0, metaState=0, flags=0x0, repeatCount=0, eventTime=20259595901, downTime=20259595901, deviceId=-1, source=0x101 }
04-29 14:05:28.333  1456  1941 I ActivityManager: START u0 {act=android.intent.action.MAIN cat=[android.intent.category.HOME] flg=0x10200000 cmp=com.android.launcher3/.CustomizationPanelLauncher (has extras)} from uid 1000
04-29 14:05:28.334   794   839 E ANDR-PERF-RESOURCEQS: Failed to apply optimization [4, 0]
04-29 14:05:28.339  8580  8580 D AndroidRuntime: Shutting down VM
04-29 14:05:28.349  1456  2918 I ActivityManager: moveHomeStack, setupComplete:true
04-29 14:05:28.362 17373 17422 I Adreno  : QUALCOMM build                   : bb5b86c, I77d3059488
04-29 14:05:28.362 17373 17422 I Adreno  : Build Date                       : 06/07/18
04-29 14:05:28.362 17373 17422 I Adreno  : OpenGL ES Shader Compiler Version: EV031.22.00.01_06
04-29 14:05:28.362 17373 17422 I Adreno  : Local Branch                     : 
04-29 14:05:28.362 17373 17422 I Adreno  : Remote Branch                    : refs/tags/AU_LINUX_ANDROID_LA.UM.6.5.R1.08.01.00.312.086
04-29 14:05:28.362 17373 17422 I Adreno  : Remote Branch                    : NONE
04-29 14:05:28.362 17373 17422 I Adreno  : Reconstruct Branch               : NOTHING
04-29 14:05:28.367 17373 17422 D vndksupport: Loading /vendor/lib/hw/gralloc.msm8937.so from current namespace instead of sphal namespace.
04-29 14:05:28.372 17373 17422 I Adreno  : PFP: 0x005ff087, ME: 0x005ff063
04-29 14:05:28.374  2748  2748 D Launcher.Utilities: Wakeup weather: Intent { act=com.motorola.launcher3.action.WAKEUP_WEATHER cmp=com.motorola.timeweatherwidget/com.motorola.commandcenter.weather.WakeUpService }
04-29 14:05:28.375 17373 17422 I zygote  : android::hardware::configstore::V1_0::ISurfaceFlingerConfigs::hasWideColorDisplay retrieved: 0
04-29 14:05:28.376 17373 17422 I OpenGLRenderer: Initialized EGL, version 1.4
04-29 14:05:28.376 17373 17422 D OpenGLRenderer: Swap behavior 2
04-29 14:05:28.384  1456  1456 I NotificationService: Cannot find enqueued record for key: 0|com.motorola.timeweatherwidget|1|null|10116
04-29 14:05:28.389   808   808 D SurfaceFlinger: duplicate layer name: changing com.android.launcher3/com.android.launcher3.CustomizationPanelLauncher to com.android.launcher3/com.android.launcher3.CustomizationPanelLauncher#1
04-29 14:05:28.415 17373 17398 W ThreadPoolDumper: Queue length for executor EventBus is now 11. Perhaps some tasks are too long, or the pool is too small.
04-29 14:05:28.417  1456  3925 I WifiService: getWifiEnabledState uid=10073
04-29 14:05:28.426  1456  4250 I WifiService: getWifiEnabledState uid=10073
04-29 14:05:28.430 17373 17428 I DEBUG   : OpaToSrpTransitionState#onStateChanged#notNullQuery
04-29 14:05:28.432 17373 17428 I DEBUG   : OpaToSrpTransitionState#onStateChanged#notNullQuery
04-29 14:05:28.454 17373 17428 I MicroDetectionState: Should stop hotword detection immediately - false
04-29 14:05:28.459 17373 17428 I MicroDetectionWorker: #startMicroDetector [speakerMode: 0]
04-29 14:05:28.461 17373 17428 I AudioController: Created new AudioSource
04-29 14:05:28.480 17373 17426 I MicroDataManager: isInitializedWithLatestParams-true
04-29 14:05:28.480 17373 17426 I MicroDataManager: isInitializing-false locale not changed-true model not changed-true
04-29 14:05:28.482 17373 17426 I MicroDataManager: Already initialized, obtaining the hotword data immediately.
04-29 14:05:28.483  1456  1673 I LaunchCheckinHandler: Displayed com.android.launcher3/.CustomizationPanelLauncher,wp,wa,150
04-29 14:05:28.492 17373 17402 I MicroRecognitionRunner: Starting detection.
04-29 14:05:28.492 17373 17402 I InputStreamUtils: Using micInputStream
04-29 14:05:28.493 17373  4009 I MicrophoneInputStream: mic_starting  SR : 16000 CC : 16 SO : 1999
04-29 14:05:28.497   788  1401 V msm8974_platform: platform_check_input_mask: enter check_input_mask source 6 mask 10
04-29 14:05:28.499  1012  8594 I AudioFlinger: AudioFlinger's thread 0xb2483c00 tid=8594 ready to run
04-29 14:05:28.506   788  1401 D audio_hw_primary: in_set_parameters: enter: kvpairs=input_source=6;routing=-2147483644
04-29 14:05:28.507  1012  1301 D APM_AudioPolicyManager: AudioPolicyManager::startInput() input 325366, session 325481, source = 1999
04-29 14:05:28.507 17373  4009 I MicrophoneInputStream: mic_started  SR : 16000 CC : 16 SO : 1999
04-29 14:05:28.510   788  8595 V msm8974_platform: platform_update_usecase_from_source: input source :6
04-29 14:05:28.510   788  8595 V msm8974_platform: platform_check_input_mask: enter check_input_mask source 6 mask 10
04-29 14:05:28.510   788  8595 V msm8974_platform: platform_get_input_snd_device: enter: out_device(0) in_device(0x4) channel_count (1) channel_mask (0x10)
04-29 14:05:28.510   788  8595 V msm8974_platform: platform_get_input_snd_device: exit: in_snd_device(voice-rec-mic)
04-29 14:05:28.510   788  8595 V msm8974_platform: platform_get_backend_index:napb: backend port - 5 device - 120 
04-29 14:05:28.510   788  8595 V msm8974_platform: platform_check_and_set_capture_backend_cfg:txbecf: afe: bitwidth 0, samplerate 0, channel 1, backend_idx 5 usecase = 9 device (voice-rec-mic)
04-29 14:05:28.510   788  8595 V msm8974_platform: platform_check_capture_backend_cfg:txbecf: afe: Codec selected backend: 5 current bit width: 0 and sample rate: 0, channels 1
04-29 14:05:28.510   788  8595 V msm8974_platform: platform_check_capture_backend_cfg:txbecf: afe: Codec selected backend: 5 updated bit width: 0 and sample rate: 0
04-29 14:05:28.510   788  8595 I msm8974_platform: platform_check_capture_backend_cfg:txbecf: afe: Codec backend needs to be updated. new bit width: 0 new sample rate: 0 new channel: 1
04-29 14:05:28.510   788  8595 V msm8974_platform: platform_get_backend_index:napb: backend port - 5 device - 120 
04-29 14:05:28.510   788  8595 V msm8974_platform: platform_set_backend_cfg:becf: afe: bitwidth 0, samplerate 0 channels 1, backend_idx 5 device (voice-rec-mic)
04-29 14:05:28.511   788  8595 E msm8974_platform: platform_set_backend_cfg:becf: afe: Could not get ctl for mixer command - SLIM_0_TX Format
04-29 14:05:28.511   788  8595 V msm8974_platform: platform_send_audio_calibration: sending audio calibration for snd_device(120) acdb_id(62)
04-29 14:05:28.511   788  8595 D ACDB-LOADER: ACDB -> send_audio_cal, acdb_id = 62, path = 1, app id = 0x11130, sample rate = 48000
04-29 14:05:28.511   788  8595 D ACDB-LOADER: ACDB -> send_asm_topology
04-29 14:05:28.511   788  8595 D ACDB-LOADER: ACDB -> ACDB_CMD_GET_AUDPROC_STREAM_TOPOLOGY_ID
04-29 14:05:28.511   788  8595 D ACDB-LOADER: ACDB -> send_adm_topology
04-29 14:05:28.511   788  8595 D ACDB-LOADER: ACDB -> ACDB_CMD_GET_AUDPROC_COMMON_TOPOLOGY_ID
04-29 14:05:28.511   788  8595 D ACDB-LOADER: ACDB -> send_audtable
04-29 14:05:28.511   788  8595 D ACDB-LOADER: ACDB -> ACDB_CMD_GET_AUDPROC_COMMON_TABLE_SIZE
04-29 14:05:28.511   788  8595 D ACDB-LOADER: ACDB -> ACDB_CMD_GET_AUDPROC_COMMON_TABLE
04-29 14:05:28.511   788  8595 D ACDB-LOADER: ACDB -> AUDIO_SET_AUDPROC_CAL
04-29 14:05:28.512   788  8595 D ACDB-LOADER: ACDB -> send_audvoltable
04-29 14:05:28.512   788  8595 D ACDB-LOADER: ACDB -> ACDB_CMD_GET_AUDPROC_VOL_STEP_TABLE_SIZE
04-29 14:05:28.512   788  8595 D ACDB-LOADER: ACDB -> ACDB_CMD_GET_AUDPROC_GAIN_DEP_STEP_TABLE, vol index 0
04-29 14:05:28.512   788  8595 D         : Failed to fetch the lookup information of the device 0000003E 
04-29 14:05:28.512   788  8595 D ACDB-LOADER: ACDB -> AUDIO_SET_VOL_CAL cal type = 12
04-29 14:05:28.512   788  8595 D ACDB-LOADER: ACDB -> ACDB_CMD_GET_AUDPROC_STREAM_TABLE_SIZE
04-29 14:05:28.512   788  8595 D ACDB-LOADER: ACDB -> send_audstrmtable
04-29 14:05:28.512   788  8595 D ACDB-LOADER: ACDB -> ACDB_CMD_GET_AUDPROC_STREAM_TABLE_V2
04-29 14:05:28.512   788  8595 D ACDB-LOADER: ACDB -> audstrm_cal->cal_type.cal_data.cal_size = 456
04-29 14:05:28.512   788  8595 D ACDB-LOADER: ACDB -> send_afe_topology
04-29 14:05:28.512   788  8595 D ACDB-LOADER: ACDB -> ACDB_CMD_GET_AFE_TOPOLOGY_ID
04-29 14:05:28.512   788  8595 D ACDB-LOADER: ACDB -> GET_AFE_TOPOLOGY_ID for adcd_id 62, Topology Id 112fb
04-29 14:05:28.512   788  8595 D ACDB-LOADER: ACDB -> send_afe_cal
04-29 14:05:28.512   788  8595 D ACDB-LOADER: ACDB -> ACDB_CMD_GET_AFE_COMMON_TABLE_SIZE
04-29 14:05:28.512   788  8595 D         : Failed to fetch the lookup information of the device 0000003E 
04-29 14:05:28.512   788  8595 E ACDB-LOADER: Error: ACDB_CMD_GET_AFE_COMMON_TABLE_SIZE Returned = -19
04-29 14:05:28.512   788  8595 D ACDB-LOADER: ACDB -> ACDB_CMD_GET_AFE_COMMON_TABLE
04-29 14:05:28.512   788  8595 D         : Failed to fetch the lookup information of the device 0000003E 
04-29 14:05:28.512   788  8595 D ACDB-LOADER: ACDB -> AUDIO_SET_AFE_CAL
04-29 14:05:28.512   788  8595 D ACDB-LOADER: ACDB -> send_hw_delay : acdb_id = 62 path = 1
04-29 14:05:28.512   788  8595 D ACDB-LOADER: ACDB -> ACDB_AVSYNC_INFO: ACDB_CMD_GET_DEVICE_PROPERTY
04-29 14:05:28.512   788  8595 D audio_hw_primary: enable_snd_device: snd_device(120: voice-rec-mic)
04-29 14:05:28.512   788  8595 D audio_route: Apply path: voice-rec-mic
04-29 14:05:28.515   788  8595 V msm8974_platform: platform_get_snd_device_backend_index: enter with device 120
04-29 14:05:28.515   788  8595 E msm8974_platform: platform_get_snd_device_backend_index: BE DAI Name Table is not present
04-29 14:05:28.515   788  8595 V msm8974_platform: platform_get_backend_index:napb: backend port - 5 device - 120 
04-29 14:05:28.515   788  8595 I audio_hw_utils: Set Audio Stream Capture 0 App Type Cfg: app_type 69936, acdb_dev_id 62, sample_rate 48000, snd_device_be_idx -14
04-29 14:05:28.516   788  8595 D audio_hw_primary: enable_audio_route: usecase(9) apply and update mixer path: audio-record
04-29 14:05:28.516   788  8595 D audio_route: Apply path: audio-record
04-29 14:05:28.567  8380  8599 I chatty  : uid=11293(org.mozilla.fennec_aurora) expire 10 lines
04-29 14:05:28.585 17373 17428 I MicroDetectionWorker: onReady
04-29 14:05:28.648  2146  2165 I zygote  : NativeAlloc concurrent copying GC freed 20648(1103KB) AllocSpace objects, 0(0B) LOS objects, 50% free, 10MB/20MB, paused 127us total 151.882ms
04-29 14:05:28.723  8380  8405 I chatty  : uid=11293(org.mozilla.fennec_aurora) expire 7 lines
04-29 14:05:28.730  8380  8380 I chatty  : uid=11293(org.mozilla.fennec_aurora) expire 5 lines
04-29 14:05:28.756  1456  2918 D ConnectivityService: requestNetwork for uid/pid:11293/8380 NetworkRequest [ TRACK_DEFAULT id=39495, [ Capabilities: INTERNET&NOT_RESTRICTED&TRUSTED&NOT_VPN] ]
04-29 14:05:28.757  1456  2099 D Ethernet: got request NetworkRequest [ TRACK_DEFAULT id=39495, [ Capabilities: INTERNET&NOT_RESTRICTED&TRUSTED&NOT_VPN] ] with score 60
04-29 14:05:28.758  2398  2398 D PhoneSwitcherNetworkRequstListener: got request NetworkRequest [ TRACK_DEFAULT id=39495, [ Capabilities: INTERNET&NOT_RESTRICTED&TRUSTED&NOT_VPN] ] with score 60
04-29 14:05:28.758  1456  2054 D WIFI_UT : got request NetworkRequest [ TRACK_DEFAULT id=39495, [ Capabilities: INTERNET&NOT_RESTRICTED&TRUSTED&NOT_VPN] ] with score 60
04-29 14:05:28.758  1456  2054 D WIFI    : got request NetworkRequest [ TRACK_DEFAULT id=39495, [ Capabilities: INTERNET&NOT_RESTRICTED&TRUSTED&NOT_VPN] ] with score 60
04-29 14:05:28.765  8380  8605 I chatty  : uid=11293(org.mozilla.fennec_aurora) expire 13 lines
04-29 14:05:28.895  1456  7796 I OpenGLRenderer: Initialized EGL, version 1.4
04-29 14:05:28.895  1456  7796 D OpenGLRenderer: Swap behavior 2
04-29 14:05:28.913   808   808 I SFPerfTracer:      triggers: (rate: 86:2037105) (compose: 0:7) (post: 0:19) (render: 0:17) (12:10853757 frames) (13:13756615)
04-29 14:05:28.913   808   808 D SFPerfTracer:        layers: (4:13) (NavigationBar#0 (0xb07df000): 0:1049656) (StatusBar#0 (0xb07e3000): 0:2449446) (com.android.systemui.ImageWallpaper#0 (0xb07e7000): 0:97943) (Sprite#0 (0xb0733000): 0:317)* (DimLayerController/Stack=0#0 (0xb075a000): 0:3866)* (Sprite#1 (0xb077c000): 0:195)* (com.android.launcher3/com.android.launcher3.CustomizationPanelLauncher#0 (0xb0763000): 0:40)- (com.android.launcher3/com.android.launcher3.CustomizationPanelLauncher#1 (0xb0771000): 0:10)- (Splash Screen org.mozilla.fennec_aurora#0 (0xb039b000): 0:19)- (Splash Screen org.mozilla.fennec_aurora#1 (0xb013a000): 0:30)- (org.mozilla.fennec_aurora/org.mozilla.fenix.HomeActivity#0 (0xb039b000): 12:70)* (com.android.launcher3/com.android.launcher3.CustomizationPanelLauncher#0 (0xb0763000): 13:29)* (com.android.launcher3/com.android.launcher3.CustomizationPanelLauncher#1 (0xb0771000): 1:5) 
04-29 14:05:28.940  2748  2917 W OpenGLRenderer: Incorrectly called buildLayer on View: ShortcutAndWidgetContainer, destroying layer...
04-29 14:05:29.043  8380  8406 I chatty  : uid=11293(org.mozilla.fennec_aurora) expire 1 line
04-29 14:05:29.274  1456  1466 I zygote  : NativeAlloc concurrent copying GC freed 69304(3MB) AllocSpace objects, 30(1112KB) LOS objects, 36% free, 41MB/65MB, paused 306us total 379.391ms
04-29 14:05:29.302  8380  8423 I chatty  : uid=11293(org.mozilla.fennec_aurora) expire 2 lines
04-29 14:05:29.585  8380  8558 I chatty  : uid=11293(org.mozilla.fennec_aurora) expire 1 line
04-29 14:05:29.589  1456  2067 D ConnectivityService: releasing NetworkRequest [ TRACK_DEFAULT id=39495, [ Capabilities: INTERNET&NOT_RESTRICTED&TRUSTED&NOT_VPN] ] (release request)
04-29 14:05:33.497  1456  3927 I ActivityManager: Force stopping org.mozilla.fennec_aurora appid=11293 user=0: from pid 8618
04-29 14:05:33.497  1456  3927 I ActivityManager: Killing 8380:org.mozilla.fennec_aurora/u0a1293 (adj 700): stop org.mozilla.fennec_aurora
04-29 14:05:33.499  1456  1605 W zygote  : kill(-8380, 9) failed: No such process
04-29 14:05:33.500  8455  8455 I chatty  : uid=11293(org.mozilla.fennec_aurora) expire 1 line
04-29 14:05:33.500  1456  3927 W ActivityManager: Force removing ActivityRecord{e759dfd u0 org.mozilla.fennec_aurora/org.mozilla.fenix.HomeActivity t66748}: app died, no saved state
04-29 14:05:33.515  1456  1605 W zygote  : kill(-8380, 9) failed: No such process
04-29 14:05:33.519  1456  3927 I ActivityManager: Killing 8455:org.mozilla.fennec_aurora:tab0/u0a1293 (adj 0): stop org.mozilla.fennec_aurora
04-29 14:05:33.528  1456  1605 W zygote  : kill(-8380, 9) failed: No such process
04-29 14:05:33.532  2398  2398 D CarrierSvcBindHelper: No carrier app for: 0
04-29 14:05:33.533  2398  2398 D CarrierSvcBindHelper: No carrier app for: 1
04-29 14:05:33.541  1456  1605 W zygote  : kill(-8380, 9) failed: No such process
04-29 14:05:33.565  1456  1673 W ActivityManager: setHasOverlayUi called on unknown pid: 8380
04-29 14:05:33.567  1456  1605 I chatty  : uid=1000(system) ActivityManager identical 5 lines
04-29 14:05:33.582  1456  1605 W zygote  : kill(-8380, 9) failed: No such process
04-29 14:05:33.582  1456  1605 I zygote  : Successfully killed process cgroup uid 11293 pid 8380 in 83ms
04-29 14:05:33.583  1456  1605 W zygote  : kill(-8455, 9) failed: No such process
04-29 14:05:33.583  1456  1605 I zygote  : Successfully killed process cgroup uid 11293 pid 8455 in 0ms
04-29 14:05:33.625  1456  4250 I ActivityManager: START u0 {act=android.intent.action.MAIN cat=[android.intent.category.LAUNCHER] flg=0x10000000 cmp=org.mozilla.fennec_aurora/.App} from uid 2000
04-29 14:05:33.626   794   839 E ANDR-PERF-RESOURCEQS: Failed to apply optimization [4, 0]
04-29 14:05:33.646  1456  1473 I ActivityManager: Start proc 8625:org.mozilla.fennec_aurora/u0a1293 for activity org.mozilla.fennec_aurora/.App
04-29 14:05:33.733 17373 17428 I MicroDetectionState: Should stop hotword detection immediately - false
04-29 14:05:33.733 17373 17428 I MicroDetector: Keeping mic open: false
04-29 14:05:33.733 17373 17475 E DeviceStateChecker: DeviceStateChecker cancelled
04-29 14:05:33.733 17373 17428 I RecognitionAudioControl: #shutdownAudio [requestId: -3657346124834823473, keepAudioOpen: false, forced: true]
04-29 14:05:33.733 17373 17428 I RecognitionAudioControl: #internalShutdownAudio [requestId: -3657346124834823473]
04-29 14:05:33.733 17373 17428 I RecognitionAudioControl: #internalShutdownAudio [keepAudioOpen: false, forced: true]
04-29 14:05:33.733 17373 17428 I RecognitionAudioControl: #actualShutdownAudio
04-29 14:05:33.734 17373 17428 I AudioController: #shutdown [requestId=-3657346124834823473]
04-29 14:05:33.734 17373 17395 I AudioController: internalShutdown
04-29 14:05:33.734 17373 17429 I MicroRecognitionRunner: Stopping hotword detection.
04-29 14:05:33.786   788  1401 D audio_hw_primary: disable_audio_route: usecase(9) reset and update mixer path: audio-record
04-29 14:05:33.787   788  1401 D audio_hw_primary: disable_snd_device: snd_device(120: voice-rec-mic)
04-29 14:05:33.789  1012  1302 D APM_AudioPolicyManager: stopInput() input 325366, session 325481
04-29 14:05:33.790   788  1479 D audio_hw_primary: in_set_parameters: enter: kvpairs=routing=0
04-29 14:05:33.791 17373 17395 I MicrophoneInputStream: mic_close  SR : 16000 CC : 16 SO : 1999
04-29 14:05:33.791 17373 17395 E AudioSource: Stop listening is called on already closed AudioSource
04-29 14:05:33.793 17373 17402 I MicroRecognitionRunner: Detection finished
04-29 14:05:33.820  8625  8625 I chatty  : uid=11293(org.mozilla.fennec_aurora) expire 55 lines
04-29 14:05:33.892  8625  8643 I chatty  : uid=11293(org.mozilla.fennec_aurora) expire 4 lines
04-29 14:05:33.916  8625  8653 I chatty  : uid=11293(org.mozilla.fennec_aurora) expire 13 lines
04-29 14:05:33.942  8625  8652 I chatty  : uid=11293(org.mozilla.fennec_aurora) expire 20 lines
04-29 14:05:33.949  8625  8656 I chatty  : uid=11293(org.mozilla.fennec_aurora) expire 19 lines
04-29 14:05:34.012  8625  8663 I chatty  : uid=11293(org.mozilla.fennec_aurora) expire 6 lines
04-29 14:05:34.089  1456  7556 I ActivityManager: START u0 {act=android.intent.action.MAIN cat=[android.intent.category.LAUNCHER] flg=0x10000000 cmp=org.mozilla.fennec_aurora/org.mozilla.fenix.HomeActivity (has extras)} from uid 11293
04-29 14:05:34.105  8625  8682 I chatty  : uid=11293(org.mozilla.fennec_aurora) expire 2 lines
04-29 14:05:34.119   808   808 D SurfaceFlinger: duplicate layer name: changing Splash Screen org.mozilla.fennec_aurora to Splash Screen org.mozilla.fennec_aurora#1
04-29 14:05:34.156  8625  8630 I chatty  : uid=11293(org.mozilla.fennec_aurora) expire 8 lines
04-29 14:05:34.191  1456  7556 I ActivityManager: Start proc 8703:org.mozilla.fennec_aurora:tab0/u0a1293 for service org.mozilla.fennec_aurora/org.mozilla.gecko.process.GeckoChildProcessServices$tab0
04-29 14:05:34.194  8625  8691 I chatty  : uid=11293(org.mozilla.fennec_aurora) expire 2 lines
04-29 14:05:34.342  8703  8703 I chatty  : uid=11293(org.mozilla.fennec_aurora) expire 4 lines
04-29 14:05:34.343  8703  8724 I chatty  : uid=11293(org.mozilla.fennec_aurora) expire 12 lines
04-29 14:05:34.530  8625  8733 I chatty  : uid=11293(org.mozilla.fennec_aurora) expire 9 lines
04-29 14:05:34.569   808   898 I SFPerfTracer:      triggers: (rate: 0:1) (0 sw vsyncs) (0 skipped) (17:6790131 vsyncs) (19:13870058)
04-29 14:05:34.576  1456  7556 I WifiService: getDhcpInfo uid=11293
04-29 14:05:34.704  1456  1673 I LaunchCheckinHandler: Displayed org.mozilla.fennec_aurora/org.mozilla.fenix.HomeActivity,wp,ca,559
04-29 14:05:34.705  1456  1673 I ActivityManager: Displayed org.mozilla.fennec_aurora/org.mozilla.fenix.HomeActivity: +553ms (total +1s65ms)
04-29 14:05:34.719 17373 17373 I MemoryTrimmer: Trimming objects from memory, since app is in the background.
04-29 14:05:34.726 17373 17373 I MemoryTrimmer: Trimming objects from memory, since app is in the background.
04-29 14:05:34.727 17373  4009 I PBSessionCacheImpl: Deleted sessionId[76408848338817464] from persistence.
04-29 14:05:34.731  1456  5031 I WifiService: getWifiEnabledState uid=10073
04-29 14:05:34.739 17373 17428 I DEBUG   : OpaToSrpTransitionState#onStateChanged#notNullQuery
04-29 14:05:34.740 17373 17428 I DEBUG   : OpaToSrpTransitionState#onStateChanged#notNullQuery
04-29 14:05:34.743 17373 17428 W SearchServiceCore: Abort, client detached.
04-29 14:05:34.779 17373 17373 I MemoryTrimmer: Trimming objects from memory, since app is in the background.
04-29 14:05:35.031  1456  4250 I ActivityManager: Fully drawn org.mozilla.fennec_aurora/org.mozilla.fenix.HomeActivity: +886ms (total +1s398ms)
04-29 14:05:35.097  8625  8753 I chatty  : uid=11293(org.mozilla.fennec_aurora) expire 1 line
04-29 14:05:35.097  8625  8754 I chatty  : uid=11293(org.mozilla.fennec_aurora) expire 1 line
04-29 14:05:35.558   808   808 I SFPerfTracer:      triggers: (rate: 86:2037110) (compose: 0:7) (post: 0:19) (render: 0:17) (22:10853835 frames) (23:13756717)
04-29 14:05:35.558   808   808 D SFPerfTracer:        layers: (3:11) (NavigationBar#0 (0xb07df000): 0:1049666) (StatusBar#0 (0xb07e3000): 0:2449457) (com.android.systemui.ImageWallpaper#0 (0xb07e7000): 0:97944)* (Sprite#0 (0xb0733000): 0:317)* (DimLayerController/Stack=0#0 (0xb075a000): 0:3866)* (Sprite#1 (0xb077c000): 0:195)* (com.android.launcher3/com.android.launcher3.CustomizationPanelLauncher#0 (0xb0763000): 0:39)- (com.android.launcher3/com.android.launcher3.CustomizationPanelLauncher#1 (0xb0771000): 0:10)- (Splash Screen org.mozilla.fennec_aurora#0 (0xb039b000): 0:19)- (Splash Screen org.mozilla.fennec_aurora#1 (0xb013a000): 0:30)- (org.mozilla.fennec_aurora/org.mozilla.fenix.HomeActivity#0 (0xb039b000): 23:43) 
04-29 14:05:35.639  8625  8761 I chatty  : uid=11293(org.mozilla.fennec_aurora) expire 1 line
04-29 14:05:35.999  8625  8679 I chatty  : uid=11293(org.mozilla.fennec_aurora) expire 26 lines
04-29 14:05:36.072  8625  8649 I chatty  : uid=11293(org.mozilla.fennec_aurora) expire 2 lines
04-29 14:05:39.291  8828  8828 D AndroidRuntime: >>>>>> START com.android.internal.os.RuntimeInit uid 2000 <<<<<<
04-29 14:05:39.304  8828  8828 W app_process: Could not reserve sentinel fault page
04-29 14:05:39.471  8828  8828 I app_process: The ClassLoaderContext is a special shared library.
04-29 14:05:39.538  8828  8828 D AndroidRuntime: Calling main entry com.android.commands.input.Input
04-29 14:05:39.539  8828  8828 I Input   : injectKeyEvent: KeyEvent { action=ACTION_DOWN, keyCode=KEYCODE_HOME, scanCode=0, metaState=0, flags=0x0, repeatCount=0, eventTime=20259607125, downTime=20259607125, deviceId=-1, source=0x101 }
04-29 14:05:39.549  8828  8828 I Input   : injectKeyEvent: KeyEvent { action=ACTION_UP, keyCode=KEYCODE_HOME, scanCode=0, metaState=0, flags=0x0, repeatCount=0, eventTime=20259607125, downTime=20259607125, deviceId=-1, source=0x101 }
04-29 14:05:39.556  1456  1941 I ActivityManager: START u0 {act=android.intent.action.MAIN cat=[android.intent.category.HOME] flg=0x10200000 cmp=com.android.launcher3/.CustomizationPanelLauncher (has extras)} from uid 1000
04-29 14:05:39.556   794   839 E ANDR-PERF-RESOURCEQS: Failed to apply optimization [4, 0]
04-29 14:05:39.563  8828  8828 D AndroidRuntime: Shutting down VM
04-29 14:05:39.572  1456  4250 I ActivityManager: moveHomeStack, setupComplete:true
04-29 14:05:39.592 17373 17422 I Adreno  : QUALCOMM build                   : bb5b86c, I77d3059488
04-29 14:05:39.592 17373 17422 I Adreno  : Build Date                       : 06/07/18
04-29 14:05:39.592 17373 17422 I Adreno  : OpenGL ES Shader Compiler Version: EV031.22.00.01_06
04-29 14:05:39.592 17373 17422 I Adreno  : Local Branch                     : 
04-29 14:05:39.592 17373 17422 I Adreno  : Remote Branch                    : refs/tags/AU_LINUX_ANDROID_LA.UM.6.5.R1.08.01.00.312.086
04-29 14:05:39.592 17373 17422 I Adreno  : Remote Branch                    : NONE
04-29 14:05:39.592 17373 17422 I Adreno  : Reconstruct Branch               : NOTHING
04-29 14:05:39.596 17373 17422 D vndksupport: Loading /vendor/lib/hw/gralloc.msm8937.so from current namespace instead of sphal namespace.
04-29 14:05:39.603 17373 17422 I Adreno  : PFP: 0x005ff087, ME: 0x005ff063
04-29 14:05:39.604  2748  2748 D Launcher.Utilities: Wakeup weather: Intent { act=com.motorola.launcher3.action.WAKEUP_WEATHER cmp=com.motorola.timeweatherwidget/com.motorola.commandcenter.weather.WakeUpService }
04-29 14:05:39.605 17373 17422 I zygote  : android::hardware::configstore::V1_0::ISurfaceFlingerConfigs::hasWideColorDisplay retrieved: 0
04-29 14:05:39.606 17373 17422 I OpenGLRenderer: Initialized EGL, version 1.4
04-29 14:05:39.606 17373 17422 D OpenGLRenderer: Swap behavior 2
04-29 14:05:39.615  1456  1456 I NotificationService: Cannot find enqueued record for key: 0|com.motorola.timeweatherwidget|1|null|10116
04-29 14:05:39.618   808   808 D SurfaceFlinger: duplicate layer name: changing com.android.launcher3/com.android.launcher3.CustomizationPanelLauncher to com.android.launcher3/com.android.launcher3.CustomizationPanelLauncher#1
04-29 14:05:39.641 17373 17397 W ThreadPoolDumper: Queue length for executor EventBus is now 11. Perhaps some tasks are too long, or the pool is too small.
04-29 14:05:39.643  1456  4250 I WifiService: getWifiEnabledState uid=10073
04-29 14:05:39.648  1456  5031 I WifiService: getWifiEnabledState uid=10073
04-29 14:05:39.655 17373 17428 I DEBUG   : OpaToSrpTransitionState#onStateChanged#notNullQuery
04-29 14:05:39.657 17373 17428 I DEBUG   : OpaToSrpTransitionState#onStateChanged#notNullQuery
04-29 14:05:39.680 17373 17428 I MicroDetectionState: Should stop hotword detection immediately - false
04-29 14:05:39.684 17373 17428 I MicroDetectionWorker: #startMicroDetector [speakerMode: 0]
04-29 14:05:39.686 17373 17428 I AudioController: Created new AudioSource
04-29 14:05:39.706  1456  1673 I LaunchCheckinHandler: Displayed com.android.launcher3/.CustomizationPanelLauncher,wp,wa,149
04-29 14:05:39.707 17373 17429 I MicroDataManager: isInitializedWithLatestParams-true
04-29 14:05:39.707 17373 17429 I MicroDataManager: isInitializing-false locale not changed-true model not changed-true
04-29 14:05:39.708 17373 17429 I MicroDataManager: Already initialized, obtaining the hotword data immediately.
04-29 14:05:39.713 17373 17475 I MicroRecognitionRunner: Starting detection.
04-29 14:05:39.713 17373 17475 I InputStreamUtils: Using micInputStream
04-29 14:05:39.715 17373 13370 I MicrophoneInputStream: mic_starting  SR : 16000 CC : 16 SO : 1999
04-29 14:05:39.718   788  1479 V msm8974_platform: platform_check_input_mask: enter check_input_mask source 6 mask 10
04-29 14:05:39.721  1012  8842 I AudioFlinger: AudioFlinger's thread 0xb2483e40 tid=8842 ready to run
04-29 14:05:39.729   788  1479 D audio_hw_primary: in_set_parameters: enter: kvpairs=input_source=6;routing=-2147483644
04-29 14:05:39.730  1012  1302 D APM_AudioPolicyManager: AudioPolicyManager::startInput() input 325374, session 325489, source = 1999
04-29 14:05:39.731 17373 13370 I MicrophoneInputStream: mic_started  SR : 16000 CC : 16 SO : 1999
04-29 14:05:39.732   788  8845 V msm8974_platform: platform_update_usecase_from_source: input source :6
04-29 14:05:39.732   788  8845 V msm8974_platform: platform_check_input_mask: enter check_input_mask source 6 mask 10
04-29 14:05:39.732   788  8845 V msm8974_platform: platform_get_input_snd_device: enter: out_device(0) in_device(0x4) channel_count (1) channel_mask (0x10)
04-29 14:05:39.733   788  8845 V msm8974_platform: platform_get_input_snd_device: exit: in_snd_device(voice-rec-mic)
04-29 14:05:39.733   788  8845 V msm8974_platform: platform_get_backend_index:napb: backend port - 5 device - 120 
04-29 14:05:39.733   788  8845 V msm8974_platform: platform_check_and_set_capture_backend_cfg:txbecf: afe: bitwidth 0, samplerate 0, channel 1, backend_idx 5 usecase = 9 device (voice-rec-mic)
04-29 14:05:39.733   788  8845 V msm8974_platform: platform_check_capture_backend_cfg:txbecf: afe: Codec selected backend: 5 current bit width: 0 and sample rate: 0, channels 1
04-29 14:05:39.733   788  8845 V msm8974_platform: platform_check_capture_backend_cfg:txbecf: afe: Codec selected backend: 5 updated bit width: 0 and sample rate: 0
04-29 14:05:39.733   788  8845 I msm8974_platform: platform_check_capture_backend_cfg:txbecf: afe: Codec backend needs to be updated. new bit width: 0 new sample rate: 0 new channel: 1
04-29 14:05:39.733   788  8845 V msm8974_platform: platform_get_backend_index:napb: backend port - 5 device - 120 
04-29 14:05:39.733   788  8845 V msm8974_platform: platform_set_backend_cfg:becf: afe: bitwidth 0, samplerate 0 channels 1, backend_idx 5 device (voice-rec-mic)
04-29 14:05:39.733   788  8845 E msm8974_platform: platform_set_backend_cfg:becf: afe: Could not get ctl for mixer command - SLIM_0_TX Format
04-29 14:05:39.733   788  8845 V msm8974_platform: platform_send_audio_calibration: sending audio calibration for snd_device(120) acdb_id(62)
04-29 14:05:39.733   788  8845 D ACDB-LOADER: ACDB -> send_audio_cal, acdb_id = 62, path = 1, app id = 0x11130, sample rate = 48000
04-29 14:05:39.733   788  8845 D ACDB-LOADER: ACDB -> send_asm_topology
04-29 14:05:39.733   788  8845 D ACDB-LOADER: ACDB -> ACDB_CMD_GET_AUDPROC_STREAM_TOPOLOGY_ID
04-29 14:05:39.733   788  8845 D ACDB-LOADER: ACDB -> send_adm_topology
04-29 14:05:39.733   788  8845 D ACDB-LOADER: ACDB -> ACDB_CMD_GET_AUDPROC_COMMON_TOPOLOGY_ID
04-29 14:05:39.733   788  8845 D ACDB-LOADER: ACDB -> send_audtable
04-29 14:05:39.733   788  8845 D ACDB-LOADER: ACDB -> ACDB_CMD_GET_AUDPROC_COMMON_TABLE_SIZE
04-29 14:05:39.733   788  8845 D ACDB-LOADER: ACDB -> ACDB_CMD_GET_AUDPROC_COMMON_TABLE
04-29 14:05:39.734   788  8845 D ACDB-LOADER: ACDB -> AUDIO_SET_AUDPROC_CAL
04-29 14:05:39.734   788  8845 D ACDB-LOADER: ACDB -> send_audvoltable
04-29 14:05:39.734   788  8845 D ACDB-LOADER: ACDB -> ACDB_CMD_GET_AUDPROC_VOL_STEP_TABLE_SIZE
04-29 14:05:39.734   788  8845 D ACDB-LOADER: ACDB -> ACDB_CMD_GET_AUDPROC_GAIN_DEP_STEP_TABLE, vol index 0
04-29 14:05:39.734   788  8845 D         : Failed to fetch the lookup information of the device 0000003E 
04-29 14:05:39.734   788  8845 D ACDB-LOADER: ACDB -> AUDIO_SET_VOL_CAL cal type = 12
04-29 14:05:39.734   788  8845 D ACDB-LOADER: ACDB -> ACDB_CMD_GET_AUDPROC_STREAM_TABLE_SIZE
04-29 14:05:39.734   788  8845 D ACDB-LOADER: ACDB -> send_audstrmtable
04-29 14:05:39.734   788  8845 D ACDB-LOADER: ACDB -> ACDB_CMD_GET_AUDPROC_STREAM_TABLE_V2
04-29 14:05:39.734   788  8845 D ACDB-LOADER: ACDB -> audstrm_cal->cal_type.cal_data.cal_size = 456
04-29 14:05:39.734   788  8845 D ACDB-LOADER: ACDB -> send_afe_topology
04-29 14:05:39.734   788  8845 D ACDB-LOADER: ACDB -> ACDB_CMD_GET_AFE_TOPOLOGY_ID
04-29 14:05:39.734   788  8845 D ACDB-LOADER: ACDB -> GET_AFE_TOPOLOGY_ID for adcd_id 62, Topology Id 112fb
04-29 14:05:39.734   788  8845 D ACDB-LOADER: ACDB -> send_afe_cal
04-29 14:05:39.734   788  8845 D ACDB-LOADER: ACDB -> ACDB_CMD_GET_AFE_COMMON_TABLE_SIZE
04-29 14:05:39.734   788  8845 D         : Failed to fetch the lookup information of the device 0000003E 
04-29 14:05:39.734   788  8845 E ACDB-LOADER: Error: ACDB_CMD_GET_AFE_COMMON_TABLE_SIZE Returned = -19
04-29 14:05:39.734   788  8845 D ACDB-LOADER: ACDB -> ACDB_CMD_GET_AFE_COMMON_TABLE
04-29 14:05:39.734   788  8845 D         : Failed to fetch the lookup information of the device 0000003E 
04-29 14:05:39.734   788  8845 D ACDB-LOADER: ACDB -> AUDIO_SET_AFE_CAL
04-29 14:05:39.734   788  8845 D ACDB-LOADER: ACDB -> send_hw_delay : acdb_id = 62 path = 1
04-29 14:05:39.734   788  8845 D ACDB-LOADER: ACDB -> ACDB_AVSYNC_INFO: ACDB_CMD_GET_DEVICE_PROPERTY
04-29 14:05:39.734   788  8845 D audio_hw_primary: enable_snd_device: snd_device(120: voice-rec-mic)
04-29 14:05:39.734   788  8845 D audio_route: Apply path: voice-rec-mic
04-29 14:05:39.738   788  8845 V msm8974_platform: platform_get_snd_device_backend_index: enter with device 120
04-29 14:05:39.739   788  8845 E msm8974_platform: platform_get_snd_device_backend_index: BE DAI Name Table is not present
04-29 14:05:39.739   788  8845 V msm8974_platform: platform_get_backend_index:napb: backend port - 5 device - 120 
04-29 14:05:39.739   788  8845 I audio_hw_utils: Set Audio Stream Capture 0 App Type Cfg: app_type 69936, acdb_dev_id 62, sample_rate 48000, snd_device_be_idx -14
04-29 14:05:39.739   788  8845 D audio_hw_primary: enable_audio_route: usecase(9) apply and update mixer path: audio-record
04-29 14:05:39.739   788  8845 D audio_route: Apply path: audio-record
04-29 14:05:39.757  8625  8847 I chatty  : uid=11293(org.mozilla.fennec_aurora) expire 10 lines
04-29 14:05:39.809 17373 17428 I MicroDetectionWorker: onReady
04-29 14:05:39.973  1456  5031 D ConnectivityService: requestNetwork for uid/pid:11293/8625 NetworkRequest [ TRACK_DEFAULT id=39496, [ Capabilities: INTERNET&NOT_RESTRICTED&TRUSTED&NOT_VPN] ]
04-29 14:05:39.974  1456  2099 D Ethernet: got request NetworkRequest [ TRACK_DEFAULT id=39496, [ Capabilities: INTERNET&NOT_RESTRICTED&TRUSTED&NOT_VPN] ] with score 60
04-29 14:05:39.974  1456  2054 D WIFI_UT : got request NetworkRequest [ TRACK_DEFAULT id=39496, [ Capabilities: INTERNET&NOT_RESTRICTED&TRUSTED&NOT_VPN] ] with score 60
04-29 14:05:39.975  1456  2054 D WIFI    : got request NetworkRequest [ TRACK_DEFAULT id=39496, [ Capabilities: INTERNET&NOT_RESTRICTED&TRUSTED&NOT_VPN] ] with score 60
04-29 14:05:39.975  2398  2398 D PhoneSwitcherNetworkRequstListener: got request NetworkRequest [ TRACK_DEFAULT id=39496, [ Capabilities: INTERNET&NOT_RESTRICTED&TRUSTED&NOT_VPN] ] with score 60
04-29 14:05:39.982  8625  8853 I chatty  : uid=11293(org.mozilla.fennec_aurora) expire 13 lines
04-29 14:05:40.104  1456  7796 I OpenGLRenderer: Initialized EGL, version 1.4
04-29 14:05:40.104  1456  7796 D OpenGLRenderer: Swap behavior 2
04-29 14:05:40.155  2748  2917 W OpenGLRenderer: Incorrectly called buildLayer on View: ShortcutAndWidgetContainer, destroying layer...
04-29 14:05:40.266  8625  8667 I chatty  : uid=11293(org.mozilla.fennec_aurora) expire 1 line
04-29 14:05:40.773  1456  2067 D ConnectivityService: releasing NetworkRequest [ TRACK_DEFAULT id=39496, [ Capabilities: INTERNET&NOT_RESTRICTED&TRUSTED&NOT_VPN] ] (release request)
04-29 14:05:44.721  1456  5031 I ActivityManager: Force stopping org.mozilla.fennec_aurora appid=11293 user=0: from pid 8865
04-29 14:05:44.722  1456  5031 I ActivityManager: Killing 8625:org.mozilla.fennec_aurora/u0a1293 (adj 700): stop org.mozilla.fennec_aurora
04-29 14:05:44.724  1456  1605 W zygote  : kill(-8625, 9) failed: No such process
04-29 14:05:44.725  1456  5031 W ActivityManager: Force removing ActivityRecord{9bbc03f u0 org.mozilla.fennec_aurora/org.mozilla.fenix.HomeActivity t66750}: app died, no saved state
04-29 14:05:44.736  1456  5031 I ActivityManager: Killing 8703:org.mozilla.fennec_aurora:tab0/u0a1293 (adj 0): stop org.mozilla.fennec_aurora
04-29 14:05:44.738  1456  1605 W zygote  : kill(-8625, 9) failed: No such process
04-29 14:05:44.750  2398  2398 D CarrierSvcBindHelper: No carrier app for: 0
04-29 14:05:44.751  2398  2398 D CarrierSvcBindHelper: No carrier app for: 1
04-29 14:05:44.752  1456  1605 W zygote  : kill(-8625, 9) failed: No such process
04-29 14:05:44.795  1456  1673 W ActivityManager: setHasOverlayUi called on unknown pid: 8625
04-29 14:05:44.808  1456  1605 W zygote  : kill(-8625, 9) failed: No such process
04-29 14:05:44.808  1456  1605 I zygote  : Successfully killed process cgroup uid 11293 pid 8625 in 84ms
04-29 14:05:44.808  1456  1605 W zygote  : kill(-8703, 9) failed: No such process
04-29 14:05:44.809  1456  1605 I zygote  : Successfully killed process cgroup uid 11293 pid 8703 in 0ms
04-29 14:05:44.848  1456 10962 I ActivityManager: START u0 {act=android.intent.action.MAIN cat=[android.intent.category.LAUNCHER] flg=0x10000000 cmp=org.mozilla.fennec_aurora/.App} from uid 2000
04-29 14:05:44.849   794   839 E ANDR-PERF-RESOURCEQS: Failed to apply optimization [4, 0]
04-29 14:05:44.870  1456  2920 I ActivityManager: Start proc 8872:org.mozilla.fennec_aurora/u0a1293 for activity org.mozilla.fennec_aurora/.App
04-29 14:05:44.958 17373 17428 I MicroDetectionState: Should stop hotword detection immediately - false
04-29 14:05:44.958 17373 17428 I MicroDetector: Keeping mic open: false
04-29 14:05:44.958 17373 17402 E DeviceStateChecker: DeviceStateChecker cancelled
04-29 14:05:44.958 17373 17428 I RecognitionAudioControl: #shutdownAudio [requestId: -7968015900028957659, keepAudioOpen: false, forced: true]
04-29 14:05:44.958 17373 17428 I RecognitionAudioControl: #internalShutdownAudio [requestId: -7968015900028957659]
04-29 14:05:44.959 17373 17428 I RecognitionAudioControl: #internalShutdownAudio [keepAudioOpen: false, forced: true]
04-29 14:05:44.959 17373 17428 I RecognitionAudioControl: #actualShutdownAudio
04-29 14:05:44.959 17373 17428 I AudioController: #shutdown [requestId=-7968015900028957659]
04-29 14:05:44.959 17373 17392 I AudioController: internalShutdown
04-29 14:05:44.959 17373 17426 I MicroRecognitionRunner: Stopping hotword detection.
04-29 14:05:45.007   788  1479 D audio_hw_primary: disable_audio_route: usecase(9) reset and update mixer path: audio-record
04-29 14:05:45.008   788  1479 D audio_hw_primary: disable_snd_device: snd_device(120: voice-rec-mic)
04-29 14:05:45.010  1012  1301 D APM_AudioPolicyManager: stopInput() input 325374, session 325489
04-29 14:05:45.010   788  1401 D audio_hw_primary: in_set_parameters: enter: kvpairs=routing=0
04-29 14:05:45.012 17373 17392 I MicrophoneInputStream: mic_close  SR : 16000 CC : 16 SO : 1999
04-29 14:05:45.013 17373 17392 E AudioSource: Stop listening is called on already closed AudioSource
04-29 14:05:45.014 17373 17475 I MicroRecognitionRunner: Detection finished
04-29 14:05:45.048  8872  8872 I chatty  : uid=11293(org.mozilla.fennec_aurora) expire 9 lines
04-29 14:05:45.121  8872  8890 I chatty  : uid=11293(org.mozilla.fennec_aurora) expire 4 lines
04-29 14:05:45.145  8872  8898 I chatty  : uid=11293(org.mozilla.fennec_aurora) expire 39 lines
04-29 14:05:45.171  8872  8897 I chatty  : uid=11293(org.mozilla.fennec_aurora) expire 20 lines
04-29 14:05:45.176  8872  8872 I chatty  : uid=11293(org.mozilla.fennec_aurora) expire 46 lines
04-29 14:05:45.176  8872  8901 I chatty  : uid=11293(org.mozilla.fennec_aurora) expire 19 lines
04-29 14:05:45.243  8872  8909 I chatty  : uid=11293(org.mozilla.fennec_aurora) expire 6 lines
04-29 14:05:45.296   808   898 I SFPerfTracer:      triggers: (rate: 0:1) (0 sw vsyncs) (0 skipped) (20:6790226 vsyncs) (22:13870174)
04-29 14:05:45.326  1456  2916 I ActivityManager: START u0 {act=android.intent.action.MAIN cat=[android.intent.category.LAUNCHER] flg=0x10000000 cmp=org.mozilla.fennec_aurora/org.mozilla.fenix.HomeActivity (has extras)} from uid 11293
04-29 14:05:45.343  8872  8931 I chatty  : uid=11293(org.mozilla.fennec_aurora) expire 2 lines
04-29 14:05:45.350   808   808 D SurfaceFlinger: duplicate layer name: changing Splash Screen org.mozilla.fennec_aurora to Splash Screen org.mozilla.fennec_aurora#1
04-29 14:05:45.376  8872  8877 I chatty  : uid=11293(org.mozilla.fennec_aurora) expire 8 lines
04-29 14:05:45.401  1456 10962 I ActivityManager: Start proc 8950:org.mozilla.fennec_aurora:tab0/u0a1293 for service org.mozilla.fennec_aurora/org.mozilla.gecko.process.GeckoChildProcessServices$tab0
04-29 14:05:45.404  8872  8938 I chatty  : uid=11293(org.mozilla.fennec_aurora) expire 2 lines
04-29 14:05:45.560  8950  8950 I chatty  : uid=11293(org.mozilla.fennec_aurora) expire 4 lines
04-29 14:05:45.560  8950  8972 I chatty  : uid=11293(org.mozilla.fennec_aurora) expire 12 lines
04-29 14:05:45.760  8872  8979 I chatty  : uid=11293(org.mozilla.fennec_aurora) expire 9 lines
04-29 14:05:45.783  1456 10962 I WifiService: getDhcpInfo uid=11293
04-29 14:05:45.917  1456  1673 I LaunchCheckinHandler: Displayed org.mozilla.fennec_aurora/org.mozilla.fenix.HomeActivity,wp,ca,553
04-29 14:05:45.918  1456  1673 I ActivityManager: Displayed org.mozilla.fennec_aurora/org.mozilla.fenix.HomeActivity: +549ms (total +1s56ms)
04-29 14:05:45.940 17373 17373 I MemoryTrimmer: Trimming objects from memory, since app is in the background.
04-29 14:05:45.947 17373 17373 I MemoryTrimmer: Trimming objects from memory, since app is in the background.
04-29 14:05:45.949 17373 13370 I PBSessionCacheImpl: Deleted sessionId[76408848338817469] from persistence.
04-29 14:05:45.954  1456 10962 I WifiService: getWifiEnabledState uid=10073
04-29 14:05:45.957 17373 17428 I DEBUG   : OpaToSrpTransitionState#onStateChanged#notNullQuery
04-29 14:05:45.958 17373 17428 I DEBUG   : OpaToSrpTransitionState#onStateChanged#notNullQuery
04-29 14:05:45.961 17373 17428 W SearchServiceCore: Abort, client detached.
04-29 14:05:46.005 17373 17373 I MemoryTrimmer: Trimming objects from memory, since app is in the background.
04-29 14:05:46.101   808   808 I SFPerfTracer:      triggers: (rate: 86:2037113) (compose: 0:7) (post: 0:19) (render: 0:17) (7:10853912 frames) (8:13756821)
