06-21 23:31:51.419 12393 12393 I Input   : injectKeyEvent: KeyEvent { action=ACTION_UP, keyCode=KEYCODE_HOME, scanCode=0, metaState=0, flags=0x0, repeatCount=0, eventTime=24869388017, downTime=24869388017, deviceId=-1, source=0x101 }
06-21 23:31:51.425  1456  1941 I ActivityManager: START u0 {act=android.intent.action.MAIN cat=[android.intent.category.HOME] flg=0x10200000 cmp=com.android.launcher3/.CustomizationPanelLauncher (has extras)} from uid 1000
06-21 23:31:51.426   794   839 E ANDR-PERF-RESOURCEQS: Failed to apply optimization [4, 0]
06-21 23:31:51.432 12393 12393 D AndroidRuntime: Shutting down VM
06-21 23:31:51.441  1456  2196 I ActivityManager: moveHomeStack, setupComplete:true
06-21 23:31:51.456 15309 15355 I OpenGLRenderer: Initialized EGL, version 1.4
06-21 23:31:51.457 15309 15355 D OpenGLRenderer: Swap behavior 2
06-21 23:31:51.472  2748  2748 D Launcher.Utilities: Wakeup weather: Intent { act=com.motorola.launcher3.action.WAKEUP_WEATHER cmp=com.motorola.timeweatherwidget/com.motorola.commandcenter.weather.WakeUpService }
06-21 23:31:51.482   808   808 D SurfaceFlinger: duplicate layer name: changing com.android.launcher3/com.android.launcher3.CustomizationPanelLauncher to com.android.launcher3/com.android.launcher3.CustomizationPanelLauncher#1
06-21 23:31:51.489  1456  1456 I NotificationService: Cannot find enqueued record for key: 0|com.motorola.timeweatherwidget|1|null|10116
06-21 23:31:51.508 15309 15337 W ThreadPoolDumper: Queue length for executor EventBus is now 11. Perhaps some tasks are too long, or the pool is too small.
06-21 23:31:51.511  1456  4829 I WifiService: getWifiEnabledState uid=10073
06-21 23:31:51.518  1456 10736 I WifiService: getWifiEnabledState uid=10073
06-21 23:31:51.551 15309 15309 I BgTaskExecutorImpl: Starting EXCLUSIVE background task TNG_MINUS_ONE_SYNC.
06-21 23:31:51.551 15309 15357 I MicroDetectionState: Should stop hotword detection immediately - false
06-21 23:31:51.552 15309 15345 E MDD     : DownloadProgressMonitor: Can't find file group for uri: android://com.google.android.googlequicksearchbox/files/sharedminusonemodule/shared/SharedMinusOneData.pb.tmp
06-21 23:31:51.555 15309 15357 I MicroDetectionWorker: #startMicroDetector [speakerMode: 0]
06-21 23:31:51.556 15309 15357 I AudioController: Created new AudioSource
06-21 23:31:51.589  1456  1673 I LaunchCheckinHandler: Displayed com.android.launcher3/.CustomizationPanelLauncher,wp,wa,163
06-21 23:31:51.590 15309 15349 I MicroDataManager: isInitializing-false locale not changed-true model not changed-true
06-21 23:31:51.590 15309 15349 I MicroDataManager: Already initialized, obtaining the hotword data immediately.
06-21 23:31:51.590 15309 15357 I TngMinusOneSync: Syncing TNG:-1
06-21 23:31:51.595 15309 10619 I MicroRecognitionRunner: Starting detection.
06-21 23:31:51.595 15309 10619 I InputStreamUtils: Using micInputStream
06-21 23:31:51.596 15309 10877 I MicrophoneInputStream: mic_starting  SR : 16000 CC : 16 SO : 1999
06-21 23:31:51.601   788  1401 V msm8974_platform: platform_check_input_mask: enter check_input_mask source 6 mask 10
06-21 23:31:51.603  1012 12407 I AudioFlinger: AudioFlinger's thread 0xb2483200 tid=12407 ready to run
06-21 23:31:51.609   788  1401 D audio_hw_primary: in_set_parameters: enter: kvpairs=input_source=6;routing=-2147483644
06-21 23:31:51.611  1012 19499 D APM_AudioPolicyManager: AudioPolicyManager::startInput() input 409502, session 409753, source = 1999
06-21 23:31:51.611  1456  7796 I OpenGLRenderer: Initialized EGL, version 1.4
06-21 23:31:51.611  1456  7796 D OpenGLRenderer: Swap behavior 2
06-21 23:31:51.611 15309 10877 I MicrophoneInputStream: mic_started  SR : 16000 CC : 16 SO : 1999
06-21 23:31:51.613   788 12408 V msm8974_platform: platform_update_usecase_from_source: input source :6
06-21 23:31:51.614   788 12408 V msm8974_platform: platform_check_input_mask: enter check_input_mask source 6 mask 10
06-21 23:31:51.614   788 12408 V msm8974_platform: platform_get_input_snd_device: enter: out_device(0) in_device(0x4) channel_count (1) channel_mask (0x10)
06-21 23:31:51.614   788 12408 V msm8974_platform: platform_get_input_snd_device: exit: in_snd_device(voice-rec-mic)
06-21 23:31:51.614   788 12408 V msm8974_platform: platform_get_backend_index:napb: backend port - 5 device - 120 
06-21 23:31:51.614   788 12408 V msm8974_platform: platform_check_and_set_capture_backend_cfg:txbecf: afe: bitwidth 0, samplerate 0, channel 1, backend_idx 5 usecase = 9 device (voice-rec-mic)
06-21 23:31:51.614   788 12408 V msm8974_platform: platform_check_capture_backend_cfg:txbecf: afe: Codec selected backend: 5 current bit width: 0 and sample rate: 0, channels 1
06-21 23:31:51.614   788 12408 V msm8974_platform: platform_check_capture_backend_cfg:txbecf: afe: Codec selected backend: 5 updated bit width: 0 and sample rate: 0
06-21 23:31:51.614   788 12408 I msm8974_platform: platform_check_capture_backend_cfg:txbecf: afe: Codec backend needs to be updated. new bit width: 0 new sample rate: 0 new channel: 1
06-21 23:31:51.614   788 12408 V msm8974_platform: platform_get_backend_index:napb: backend port - 5 device - 120 
06-21 23:31:51.614   788 12408 V msm8974_platform: platform_set_backend_cfg:becf: afe: bitwidth 0, samplerate 0 channels 1, backend_idx 5 device (voice-rec-mic)
06-21 23:31:51.614   788 12408 E msm8974_platform: platform_set_backend_cfg:becf: afe: Could not get ctl for mixer command - SLIM_0_TX Format
06-21 23:31:51.614   788 12408 V msm8974_platform: platform_send_audio_calibration: sending audio calibration for snd_device(120) acdb_id(62)
06-21 23:31:51.614   788 12408 D ACDB-LOADER: ACDB -> send_audio_cal, acdb_id = 62, path = 1, app id = 0x11130, sample rate = 48000
06-21 23:31:51.614   788 12408 D ACDB-LOADER: ACDB -> send_asm_topology
06-21 23:31:51.614   788 12408 D ACDB-LOADER: ACDB -> ACDB_CMD_GET_AUDPROC_STREAM_TOPOLOGY_ID
06-21 23:31:51.614   788 12408 D ACDB-LOADER: ACDB -> send_adm_topology
06-21 23:31:51.614   788 12408 D ACDB-LOADER: ACDB -> ACDB_CMD_GET_AUDPROC_COMMON_TOPOLOGY_ID
06-21 23:31:51.615   788 12408 D ACDB-LOADER: ACDB -> send_audtable
06-21 23:31:51.615   788 12408 D ACDB-LOADER: ACDB -> ACDB_CMD_GET_AUDPROC_COMMON_TABLE_SIZE
06-21 23:31:51.615   788 12408 D ACDB-LOADER: ACDB -> ACDB_CMD_GET_AUDPROC_COMMON_TABLE
06-21 23:31:51.615   788 12408 D ACDB-LOADER: ACDB -> AUDIO_SET_AUDPROC_CAL
06-21 23:31:51.615   788 12408 D ACDB-LOADER: ACDB -> send_audvoltable
06-21 23:31:51.615   788 12408 D ACDB-LOADER: ACDB -> ACDB_CMD_GET_AUDPROC_VOL_STEP_TABLE_SIZE
06-21 23:31:51.615   788 12408 D ACDB-LOADER: ACDB -> ACDB_CMD_GET_AUDPROC_GAIN_DEP_STEP_TABLE, vol index 0
06-21 23:31:51.615   788 12408 D         : Failed to fetch the lookup information of the device 0000003E 
06-21 23:31:51.615   788 12408 D ACDB-LOADER: ACDB -> AUDIO_SET_VOL_CAL cal type = 12
06-21 23:31:51.615   788 12408 D ACDB-LOADER: ACDB -> ACDB_CMD_GET_AUDPROC_STREAM_TABLE_SIZE
06-21 23:31:51.615   788 12408 D ACDB-LOADER: ACDB -> send_audstrmtable
06-21 23:31:51.615   788 12408 D ACDB-LOADER: ACDB -> ACDB_CMD_GET_AUDPROC_STREAM_TABLE_V2
06-21 23:31:51.615   788 12408 D ACDB-LOADER: ACDB -> audstrm_cal->cal_type.cal_data.cal_size = 456
06-21 23:31:51.615   788 12408 D ACDB-LOADER: ACDB -> send_afe_topology
06-21 23:31:51.615   788 12408 D ACDB-LOADER: ACDB -> ACDB_CMD_GET_AFE_TOPOLOGY_ID
06-21 23:31:51.615   788 12408 D ACDB-LOADER: ACDB -> GET_AFE_TOPOLOGY_ID for adcd_id 62, Topology Id 112fb
06-21 23:31:51.615   788 12408 D ACDB-LOADER: ACDB -> send_afe_cal
06-21 23:31:51.615   788 12408 D ACDB-LOADER: ACDB -> ACDB_CMD_GET_AFE_COMMON_TABLE_SIZE
06-21 23:31:51.615   788 12408 D         : Failed to fetch the lookup information of the device 0000003E 
06-21 23:31:51.615   788 12408 E ACDB-LOADER: Error: ACDB_CMD_GET_AFE_COMMON_TABLE_SIZE Returned = -19
06-21 23:31:51.615   788 12408 D ACDB-LOADER: ACDB -> ACDB_CMD_GET_AFE_COMMON_TABLE
06-21 23:31:51.615   788 12408 D         : Failed to fetch the lookup information of the device 0000003E 
06-21 23:31:51.615   788 12408 D ACDB-LOADER: ACDB -> AUDIO_SET_AFE_CAL
06-21 23:31:51.615   788 12408 D ACDB-LOADER: ACDB -> send_hw_delay : acdb_id = 62 path = 1
06-21 23:31:51.615   788 12408 D ACDB-LOADER: ACDB -> ACDB_AVSYNC_INFO: ACDB_CMD_GET_DEVICE_PROPERTY
06-21 23:31:51.615   788 12408 D audio_hw_primary: enable_snd_device: snd_device(120: voice-rec-mic)
06-21 23:31:51.615   788 12408 D audio_route: Apply path: voice-rec-mic
06-21 23:31:51.618   788 12408 V msm8974_platform: platform_get_snd_device_backend_index: enter with device 120
06-21 23:31:51.618   788 12408 E msm8974_platform: platform_get_snd_device_backend_index: BE DAI Name Table is not present
06-21 23:31:51.619   788 12408 V msm8974_platform: platform_get_backend_index:napb: backend port - 5 device - 120 
06-21 23:31:51.619   788 12408 I audio_hw_utils: Set Audio Stream Capture 0 App Type Cfg: app_type 69936, acdb_dev_id 62, sample_rate 48000, snd_device_be_idx -14
06-21 23:31:51.619   788 12408 D audio_hw_primary: enable_audio_route: usecase(9) apply and update mixer path: audio-record
06-21 23:31:51.619   788 12408 D audio_route: Apply path: audio-record
06-21 23:31:51.689 15309 15357 I MicroDetectionWorker: onReady
06-21 23:31:51.827 12216 12243 I chatty  : uid=11435(org.mozilla.fennec_aurora) expire 9 lines
06-21 23:31:51.869  1456  4829 D ConnectivityService: requestNetwork for uid/pid:11435/12216 NetworkRequest [ TRACK_DEFAULT id=72719, [ Capabilities: INTERNET&NOT_RESTRICTED&TRUSTED&NOT_VPN] ]
06-21 23:31:51.870  1456  2099 D Ethernet: got request NetworkRequest [ TRACK_DEFAULT id=72719, [ Capabilities: INTERNET&NOT_RESTRICTED&TRUSTED&NOT_VPN] ] with score 60
06-21 23:31:51.870  1456  2054 D WIFI_UT : got request NetworkRequest [ TRACK_DEFAULT id=72719, [ Capabilities: INTERNET&NOT_RESTRICTED&TRUSTED&NOT_VPN] ] with score 60
06-21 23:31:51.870  1456  2054 D WIFI    : got request NetworkRequest [ TRACK_DEFAULT id=72719, [ Capabilities: INTERNET&NOT_RESTRICTED&TRUSTED&NOT_VPN] ] with score 60
06-21 23:31:51.870  2398  2398 D PhoneSwitcherNetworkRequstListener: got request NetworkRequest [ TRACK_DEFAULT id=72719, [ Capabilities: INTERNET&NOT_RESTRICTED&TRUSTED&NOT_VPN] ] with score 60
06-21 23:31:51.884  5625  5654 I PeriodicStatsRunner: PeriodicStatsRunner.call():180 call()
06-21 23:31:51.884  5625  5654 I PeriodicStatsRunner: PeriodicStatsRunner.call():184 No submit PeriodicStats since input started.
06-21 23:31:51.951 12216 12412 I chatty  : uid=11435(org.mozilla.fennec_aurora) expire 13 lines
06-21 23:31:52.017   808   808 I SFPerfTracer:      triggers: (rate: 106:2382982) (compose: 0:8) (post: 0:22) (render: 0:20) (12:13521365 frames) (13:17117538)
06-21 23:31:52.017   808   808 D SFPerfTracer:        layers: (4:14) (NavigationBar#0 (0xb07df000): 0:1285488) (StatusBar#0 (0xb07e3000): 0:3070829) (com.android.systemui.ImageWallpaper#0 (0xb07e7000): 0:119086) (Sprite#0 (0xb0733000): 0:317)* (DimLayerController/Stack=0#0 (0xb075a000): 0:4039)* (Sprite#1 (0xb077c000): 0:195)* (Sprite#2 (0xb039b000): 0:2)* (com.android.launcher3/com.android.launcher3.CustomizationPanelLauncher#0 (0xb0763000): 0:41)- (com.android.launcher3/com.android.launcher3.CustomizationPanelLauncher#1 (0xafd20000): 0:11)- (Splash Screen org.mozilla.fennec_aurora#0 (0xb0771000): 0:18)- (Splash Screen org.mozilla.fennec_aurora#1 (0xafdf0000): 0:30)- (org.mozilla.fennec_aurora/org.mozilla.fenix.HomeActivity#0 (0xb0771000): 12:52)* (com.android.launcher3/com.android.launcher3.CustomizationPanelLauncher#0 (0xb0763000): 13:28)* (com.android.launcher3/com.android.launcher3.CustomizationPanelLauncher#1 (0xafd20000): 1:5) 
06-21 23:31:52.032  2748  2917 W OpenGLRenderer: Incorrectly called buildLayer on View: ShortcutAndWidgetContainer, destroying layer...
06-21 23:31:52.137 12216 12277 I chatty  : uid=11435(org.mozilla.fennec_aurora) expire 2 lines
06-21 23:31:52.178   808   898 I SFPerfTracer:      triggers: (rate: 0:10) (0 sw vsyncs) (0 skipped) (38:8762731 vsyncs) (40:17267523)
06-21 23:31:52.454  1456  1466 I zygote  : NativeAlloc concurrent copying GC freed 35346(2MB) AllocSpace objects, 17(596KB) LOS objects, 34% free, 46MB/70MB, paused 193us total 386.415ms
06-21 23:31:52.771 12216 12239 I chatty  : uid=11435(org.mozilla.fennec_aurora) expire 1 line
06-21 23:31:52.775  1456  2067 D ConnectivityService: releasing NetworkRequest [ TRACK_DEFAULT id=72719, [ Capabilities: INTERNET&NOT_RESTRICTED&TRUSTED&NOT_VPN] ] (release request)
06-21 23:31:56.529  5625  5654 I PeriodicStatsRunner: PeriodicStatsRunner.call():180 call()
06-21 23:31:56.529  5625  5654 I PeriodicStatsRunner: PeriodicStatsRunner.call():184 No submit PeriodicStats since input started.
06-21 23:31:56.591  1456  4829 I ActivityManager: Force stopping org.mozilla.fennec_aurora appid=11435 user=0: from pid 12418
06-21 23:31:56.591  1456  4829 I ActivityManager: Killing 12216:org.mozilla.fennec_aurora/u0a1435 (adj 700): stop org.mozilla.fennec_aurora
06-21 23:31:56.594  1456  1605 W zygote  : kill(-12216, 9) failed: No such process
06-21 23:31:56.594 12295 12295 I chatty  : uid=11435(org.mozilla.fennec_aurora) expire 1 line
06-21 23:31:56.595  1456  4829 W ActivityManager: Force removing ActivityRecord{9ed362f u0 org.mozilla.fennec_aurora/org.mozilla.fenix.HomeActivity t87539}: app died, no saved state
06-21 23:31:56.606  1456  1605 W zygote  : kill(-12216, 9) failed: No such process
06-21 23:31:56.610  1456  4829 I ActivityManager: Killing 12295:org.mozilla.fennec_aurora:tab0/u0a1435 (adj 0): stop org.mozilla.fennec_aurora
06-21 23:31:56.621  1456  1605 W zygote  : kill(-12216, 9) failed: No such process
06-21 23:31:56.622  2398  2398 D CarrierSvcBindHelper: No carrier app for: 0
06-21 23:31:56.623  2398  2398 D CarrierSvcBindHelper: No carrier app for: 1
06-21 23:31:56.639  1456  1605 W zygote  : kill(-12216, 9) failed: No such process
06-21 23:31:56.655  1456  1605 I chatty  : uid=1000(system) ActivityManager identical 1 line
06-21 23:31:56.666  1456  1673 W ActivityManager: setHasOverlayUi called on unknown pid: 12216
06-21 23:31:56.670  1456  1605 W zygote  : kill(-12216, 9) failed: No such process
06-21 23:31:56.670  1456  1605 I zygote  : Successfully killed process cgroup uid 11435 pid 12216 in 76ms
06-21 23:31:56.670  1456  1605 W zygote  : kill(-12295, 9) failed: No such process
06-21 23:31:56.670  1456  1605 I zygote  : Successfully killed process cgroup uid 11435 pid 12295 in 0ms
06-21 23:31:57.740  1456  2921 I ActivityManager: START u0 {act=android.intent.action.MAIN cat=[android.intent.category.LAUNCHER] flg=0x10000000 cmp=org.mozilla.fennec_aurora/.App} from uid 2000
06-21 23:31:57.741   794   839 E ANDR-PERF-RESOURCEQS: Failed to apply optimization [4, 0]
06-21 23:31:57.760  1456 10736 I ActivityManager: Start proc 12425:org.mozilla.fennec_aurora/u0a1435 for activity org.mozilla.fennec_aurora/.App
06-21 23:31:57.848 15309 15357 I MicroDetectionState: Should stop hotword detection immediately - false
06-21 23:31:57.848 15309 15357 I MicroDetector: Keeping mic open: false
06-21 23:31:57.848 15309 15357 I RecognitionAudioControl: #shutdownAudio [requestId: 1923583176482261054, keepAudioOpen: false, forced: true]
06-21 23:31:57.848 15309 10953 E DeviceStateChecker: DeviceStateChecker cancelled
06-21 23:31:57.848 15309 15357 I RecognitionAudioControl: #internalShutdownAudio [requestId: 1923583176482261054]
06-21 23:31:57.848 15309 15357 I RecognitionAudioControl: #internalShutdownAudio [keepAudioOpen: false, forced: true]
06-21 23:31:57.848 15309 15357 I RecognitionAudioControl: #actualShutdownAudio
06-21 23:31:57.848 15309 15357 I AudioController: #shutdown [requestId=1923583176482261054]
06-21 23:31:57.849 15309 15350 I AudioController: internalShutdown
06-21 23:31:57.849 15309 15332 I MicroRecognitionRunner: Stopping hotword detection.
06-21 23:31:57.877 12425 12425 I chatty  : uid=11435(org.mozilla.fennec_aurora) expire 55 lines
06-21 23:31:57.911   788  1401 D audio_hw_primary: disable_audio_route: usecase(9) reset and update mixer path: audio-record
06-21 23:31:57.912   788  1401 D audio_hw_primary: disable_snd_device: snd_device(120: voice-rec-mic)
06-21 23:31:57.915  1012  1390 D APM_AudioPolicyManager: stopInput() input 409502, session 409753
06-21 23:31:57.916   788   788 D audio_hw_primary: in_set_parameters: enter: kvpairs=routing=0
06-21 23:31:57.917 15309 15350 I MicrophoneInputStream: mic_close  SR : 16000 CC : 16 SO : 1999
06-21 23:31:57.917 15309 15350 E AudioSource: Stop listening is called on already closed AudioSource
06-21 23:31:57.917 15309 15350 I AudioController: Sending AudioStatusChangedBroadcast to :interactor. audioSourceType: NOT_SET, isActive: false
06-21 23:31:57.919 15309 10619 I MicroRecognitionRunner: Detection finished
06-21 23:31:57.923 12425 12443 I chatty  : uid=11435(org.mozilla.fennec_aurora) expire 4 lines
06-21 23:31:58.009 12425 12451 I chatty  : uid=11435(org.mozilla.fennec_aurora) expire 13 lines
06-21 23:31:58.035 12425 12450 I chatty  : uid=11435(org.mozilla.fennec_aurora) expire 19 lines
06-21 23:31:58.045 12425 12454 I chatty  : uid=11435(org.mozilla.fennec_aurora) expire 1 line
06-21 23:31:58.048 12425 12455 I chatty  : uid=11435(org.mozilla.fennec_aurora) expire 19 lines
06-21 23:31:58.116 12425 12464 I chatty  : uid=11435(org.mozilla.fennec_aurora) expire 6 lines
06-21 23:31:58.193 12425 12477 I chatty  : uid=11435(org.mozilla.fennec_aurora) expire 1 line
06-21 23:31:58.214  1456  1473 I ActivityManager: START u0 {act=android.intent.action.MAIN cat=[android.intent.category.LAUNCHER] flg=0x10000000 cmp=org.mozilla.fennec_aurora/org.mozilla.fenix.HomeActivity (has extras)} from uid 11435
06-21 23:31:58.245 12425 12430 I chatty  : uid=11435(org.mozilla.fennec_aurora) expire 11 lines
06-21 23:31:58.248   808   808 D SurfaceFlinger: duplicate layer name: changing Splash Screen org.mozilla.fennec_aurora to Splash Screen org.mozilla.fennec_aurora#1
06-21 23:31:58.266  1456  1473 I ActivityManager: Start proc 12504:org.mozilla.fennec_aurora:tab0/u0a1435 for service org.mozilla.fennec_aurora/org.mozilla.gecko.process.GeckoChildProcessServices$tab0
06-21 23:31:58.283 12425 12492 I chatty  : uid=11435(org.mozilla.fennec_aurora) expire 1 line
06-21 23:31:58.385 12504 12504 I chatty  : uid=11435(org.mozilla.fennec_aurora) expire 1 line
06-21 23:31:58.385 12504 12524 I chatty  : uid=11435(org.mozilla.fennec_aurora) expire 1 line
06-21 23:31:58.637 12425 12532 I chatty  : uid=11435(org.mozilla.fennec_aurora) expire 10 lines
06-21 23:31:58.641 12425 12425 E ActivityThread: Failed to find provider info for org.mozilla.fennec_aurora.fxa.auth
06-21 23:31:58.715 12425 12476 I chatty  : uid=11435(org.mozilla.fennec_aurora) expire 1 line
06-21 23:31:58.728 12425 12542 I chatty  : uid=11435(org.mozilla.fennec_aurora) expire 9 lines
06-21 23:31:58.742  1456  5031 D ConnectivityService: requestNetwork for uid/pid:11435/12425 NetworkRequest [ TRACK_DEFAULT id=72720, [ Capabilities: INTERNET&NOT_RESTRICTED&TRUSTED&NOT_VPN] ]
06-21 23:31:58.743  1456  2099 D Ethernet: got request NetworkRequest [ TRACK_DEFAULT id=72720, [ Capabilities: INTERNET&NOT_RESTRICTED&TRUSTED&NOT_VPN] ] with score 60
06-21 23:31:58.744  2398  2398 D PhoneSwitcherNetworkRequstListener: got request NetworkRequest [ TRACK_DEFAULT id=72720, [ Capabilities: INTERNET&NOT_RESTRICTED&TRUSTED&NOT_VPN] ] with score 60
06-21 23:31:58.744  1456  2054 D WIFI_UT : got request NetworkRequest [ TRACK_DEFAULT id=72720, [ Capabilities: INTERNET&NOT_RESTRICTED&TRUSTED&NOT_VPN] ] with score 60
06-21 23:31:58.744  1456  2054 D WIFI    : got request NetworkRequest [ TRACK_DEFAULT id=72720, [ Capabilities: INTERNET&NOT_RESTRICTED&TRUSTED&NOT_VPN] ] with score 60
06-21 23:31:58.754  1456  5031 I WifiService: getDhcpInfo uid=11435
06-21 23:31:59.097 12425 12554 I chatty  : uid=11435(org.mozilla.fennec_aurora) expire 2 lines
06-21 23:31:59.130  1456  1673 I LaunchCheckinHandler: Displayed org.mozilla.fennec_aurora/org.mozilla.fenix.HomeActivity,wp,ca,863
06-21 23:31:59.130  1456  1673 I ActivityManager: Displayed org.mozilla.fennec_aurora/org.mozilla.fenix.HomeActivity: +855ms (total +1s374ms)
06-21 23:31:59.151 15309 15309 I MemoryTrimmer: Trimming objects from memory, since app is in the background.
06-21 23:31:59.160 15309 15357 E AudioSource: Stop listening is called on already closed AudioSource
06-21 23:31:59.162 15309 10877 I PBSessionCacheImpl: Deleted sessionId[67331286385460138] from persistence.
06-21 23:31:59.163 15309 15309 I MemoryTrimmer: Trimming objects from memory, since app is in the background.
06-21 23:31:59.169  1456  5050 I WifiService: getWifiEnabledState uid=10073
06-21 23:31:59.173 15309 15357 W SearchServiceCore: Abort, client detached.
06-21 23:31:59.173 15309 15357 I chatty  : uid=10073(com.google.android.googlequicksearchbox) EventBus0 identical 1 line
06-21 23:31:59.175 15309 15357 W SearchServiceCore: Abort, client detached.
06-21 23:31:59.205 12425 12425 E ActivityThread: Failed to find provider info for org.mozilla.fennec_aurora.fxa.auth
06-21 23:31:59.788 12425 12573 I chatty  : uid=11435(org.mozilla.fennec_aurora) expire 1 line
06-21 23:31:59.891 12425 12483 I chatty  : uid=11435(org.mozilla.fennec_aurora) expire 24 lines
06-21 23:31:59.976 12425 12444 I chatty  : uid=11435(org.mozilla.fennec_aurora) expire 1 line
06-21 23:32:00.352 12425 12425 I chatty  : uid=11435(org.mozilla.fennec_aurora) identical 6 lines
06-21 23:32:00.371 12425 12425 E ActivityThread: Failed to find provider info for org.mozilla.fennec_aurora.fxa.auth
06-21 23:32:03.397 12600 12600 D AndroidRuntime: >>>>>> START com.android.internal.os.RuntimeInit uid 2000 <<<<<<
06-21 23:32:03.410 12600 12600 W app_process: Could not reserve sentinel fault page
06-21 23:32:03.575 12600 12600 I app_process: The ClassLoaderContext is a special shared library.
06-21 23:32:03.641 12600 12600 D AndroidRuntime: Calling main entry com.android.commands.input.Input
06-21 23:32:03.642 12600 12600 I Input   : injectKeyEvent: KeyEvent { action=ACTION_DOWN, keyCode=KEYCODE_HOME, scanCode=0, metaState=0, flags=0x0, repeatCount=0, eventTime=24869400252, downTime=24869400252, deviceId=-1, source=0x101 }
06-21 23:32:03.651 12600 12600 I Input   : injectKeyEvent: KeyEvent { action=ACTION_UP, keyCode=KEYCODE_HOME, scanCode=0, metaState=0, flags=0x0, repeatCount=0, eventTime=24869400252, downTime=24869400252, deviceId=-1, source=0x101 }
06-21 23:32:03.658  1456  1941 I ActivityManager: START u0 {act=android.intent.action.MAIN cat=[android.intent.category.HOME] flg=0x10200000 cmp=com.android.launcher3/.CustomizationPanelLauncher (has extras)} from uid 1000
06-21 23:32:03.658   794   839 E ANDR-PERF-RESOURCEQS: Failed to apply optimization [4, 0]
06-21 23:32:03.664 12600 12600 D AndroidRuntime: Shutting down VM
06-21 23:32:03.674  1456  5031 I ActivityManager: moveHomeStack, setupComplete:true
06-21 23:32:03.683 15309 15355 I OpenGLRenderer: Initialized EGL, version 1.4
06-21 23:32:03.683 15309 15355 D OpenGLRenderer: Swap behavior 2
06-21 23:32:03.698  2748  2748 D Launcher.Utilities: Wakeup weather: Intent { act=com.motorola.launcher3.action.WAKEUP_WEATHER cmp=com.motorola.timeweatherwidget/com.motorola.commandcenter.weather.WakeUpService }
06-21 23:32:03.705   808   808 D SurfaceFlinger: duplicate layer name: changing com.android.launcher3/com.android.launcher3.CustomizationPanelLauncher to com.android.launcher3/com.android.launcher3.CustomizationPanelLauncher#1
06-21 23:32:03.714  1456  1456 I NotificationService: Cannot find enqueued record for key: 0|com.motorola.timeweatherwidget|1|null|10116
06-21 23:32:03.738 15309 15337 W ThreadPoolDumper: Queue length for executor EventBus is now 11. Perhaps some tasks are too long, or the pool is too small.
06-21 23:32:03.739  1456  5050 I WifiService: getWifiEnabledState uid=10073
06-21 23:32:03.749  1456  5050 I WifiService: getWifiEnabledState uid=10073
06-21 23:32:03.798  1456  1673 I LaunchCheckinHandler: Displayed com.android.launcher3/.CustomizationPanelLauncher,wp,wa,140
06-21 23:32:03.804 15309 15357 I MicroDetectionState: Should stop hotword detection immediately - false
06-21 23:32:03.805 15309 15309 I BgTaskExecutorImpl: Starting EXCLUSIVE background task TNG_MINUS_ONE_SYNC.
06-21 23:32:03.805 15309 15345 E MDD     : DownloadProgressMonitor: Can't find file group for uri: android://com.google.android.googlequicksearchbox/files/sharedminusonemodule/shared/SharedMinusOneData.pb.tmp
06-21 23:32:03.808 15309 15357 I MicroDetectionWorker: #startMicroDetector [speakerMode: 0]
06-21 23:32:03.811 15309 15357 I AudioController: Created new AudioSource
06-21 23:32:03.813 15309 15348 I MicroDataManager: isInitializing-false locale not changed-true model not changed-true
06-21 23:32:03.814 15309 15348 I MicroDataManager: Already initialized, obtaining the hotword data immediately.
06-21 23:32:03.815 15309 15357 I TngMinusOneSync: Syncing TNG:-1
06-21 23:32:03.830  1456  7796 I OpenGLRenderer: Initialized EGL, version 1.4
06-21 23:32:03.831  1456  7796 D OpenGLRenderer: Swap behavior 2
06-21 23:32:03.833 15309 10953 I MicroRecognitionRunner: Starting detection.
06-21 23:32:03.834 15309 10953 I InputStreamUtils: Using micInputStream
06-21 23:32:03.835 15309 10877 I MicrophoneInputStream: mic_starting  SR : 16000 CC : 16 SO : 1999
06-21 23:32:03.838   788   788 V msm8974_platform: platform_check_input_mask: enter check_input_mask source 6 mask 10
06-21 23:32:03.841  1012 12614 I AudioFlinger: AudioFlinger's thread 0xb2483780 tid=12614 ready to run
06-21 23:32:03.854   788   788 D audio_hw_primary: in_set_parameters: enter: kvpairs=input_source=6;routing=-2147483644
06-21 23:32:03.855  1012 19499 D APM_AudioPolicyManager: AudioPolicyManager::startInput() input 409510, session 409761, source = 1999
06-21 23:32:03.855 15309 10877 I MicrophoneInputStream: mic_started  SR : 16000 CC : 16 SO : 1999
06-21 23:32:03.856   788 12615 V msm8974_platform: platform_update_usecase_from_source: input source :6
06-21 23:32:03.857   788 12615 V msm8974_platform: platform_check_input_mask: enter check_input_mask source 6 mask 10
06-21 23:32:03.857   788 12615 V msm8974_platform: platform_get_input_snd_device: enter: out_device(0) in_device(0x4) channel_count (1) channel_mask (0x10)
06-21 23:32:03.857   788 12615 V msm8974_platform: platform_get_input_snd_device: exit: in_snd_device(voice-rec-mic)
06-21 23:32:03.857   788 12615 V msm8974_platform: platform_get_backend_index:napb: backend port - 5 device - 120 
06-21 23:32:03.857   788 12615 V msm8974_platform: platform_check_and_set_capture_backend_cfg:txbecf: afe: bitwidth 0, samplerate 0, channel 1, backend_idx 5 usecase = 9 device (voice-rec-mic)
06-21 23:32:03.857   788 12615 V msm8974_platform: platform_check_capture_backend_cfg:txbecf: afe: Codec selected backend: 5 current bit width: 0 and sample rate: 0, channels 1
06-21 23:32:03.857   788 12615 V msm8974_platform: platform_check_capture_backend_cfg:txbecf: afe: Codec selected backend: 5 updated bit width: 0 and sample rate: 0
06-21 23:32:03.857   788 12615 I msm8974_platform: platform_check_capture_backend_cfg:txbecf: afe: Codec backend needs to be updated. new bit width: 0 new sample rate: 0 new channel: 1
06-21 23:32:03.857   788 12615 V msm8974_platform: platform_get_backend_index:napb: backend port - 5 device - 120 
06-21 23:32:03.857   788 12615 V msm8974_platform: platform_set_backend_cfg:becf: afe: bitwidth 0, samplerate 0 channels 1, backend_idx 5 device (voice-rec-mic)
06-21 23:32:03.857   788 12615 E msm8974_platform: platform_set_backend_cfg:becf: afe: Could not get ctl for mixer command - SLIM_0_TX Format
06-21 23:32:03.857   788 12615 V msm8974_platform: platform_send_audio_calibration: sending audio calibration for snd_device(120) acdb_id(62)
06-21 23:32:03.857   788 12615 D ACDB-LOADER: ACDB -> send_audio_cal, acdb_id = 62, path = 1, app id = 0x11130, sample rate = 48000
06-21 23:32:03.857   788 12615 D ACDB-LOADER: ACDB -> send_asm_topology
06-21 23:32:03.857   788 12615 D ACDB-LOADER: ACDB -> ACDB_CMD_GET_AUDPROC_STREAM_TOPOLOGY_ID
06-21 23:32:03.857   788 12615 D ACDB-LOADER: ACDB -> send_adm_topology
06-21 23:32:03.857   788 12615 D ACDB-LOADER: ACDB -> ACDB_CMD_GET_AUDPROC_COMMON_TOPOLOGY_ID
06-21 23:32:03.858   788 12615 D ACDB-LOADER: ACDB -> send_audtable
06-21 23:32:03.858   788 12615 D ACDB-LOADER: ACDB -> ACDB_CMD_GET_AUDPROC_COMMON_TABLE_SIZE
06-21 23:32:03.858   788 12615 D ACDB-LOADER: ACDB -> ACDB_CMD_GET_AUDPROC_COMMON_TABLE
06-21 23:32:03.858   788 12615 D ACDB-LOADER: ACDB -> AUDIO_SET_AUDPROC_CAL
06-21 23:32:03.858   788 12615 D ACDB-LOADER: ACDB -> send_audvoltable
06-21 23:32:03.858   788 12615 D ACDB-LOADER: ACDB -> ACDB_CMD_GET_AUDPROC_VOL_STEP_TABLE_SIZE
06-21 23:32:03.858   788 12615 D ACDB-LOADER: ACDB -> ACDB_CMD_GET_AUDPROC_GAIN_DEP_STEP_TABLE, vol index 0
06-21 23:32:03.858   788 12615 D         : Failed to fetch the lookup information of the device 0000003E 
06-21 23:32:03.858   788 12615 D ACDB-LOADER: ACDB -> AUDIO_SET_VOL_CAL cal type = 12
06-21 23:32:03.858   788 12615 D ACDB-LOADER: ACDB -> ACDB_CMD_GET_AUDPROC_STREAM_TABLE_SIZE
06-21 23:32:03.858   788 12615 D ACDB-LOADER: ACDB -> send_audstrmtable
06-21 23:32:03.858   788 12615 D ACDB-LOADER: ACDB -> ACDB_CMD_GET_AUDPROC_STREAM_TABLE_V2
06-21 23:32:03.858   788 12615 D ACDB-LOADER: ACDB -> audstrm_cal->cal_type.cal_data.cal_size = 456
06-21 23:32:03.858   788 12615 D ACDB-LOADER: ACDB -> send_afe_topology
06-21 23:32:03.858   788 12615 D ACDB-LOADER: ACDB -> ACDB_CMD_GET_AFE_TOPOLOGY_ID
06-21 23:32:03.858   788 12615 D ACDB-LOADER: ACDB -> GET_AFE_TOPOLOGY_ID for adcd_id 62, Topology Id 112fb
06-21 23:32:03.858   788 12615 D ACDB-LOADER: ACDB -> send_afe_cal
06-21 23:32:03.858   788 12615 D ACDB-LOADER: ACDB -> ACDB_CMD_GET_AFE_COMMON_TABLE_SIZE
06-21 23:32:03.858   788 12615 D         : Failed to fetch the lookup information of the device 0000003E 
06-21 23:32:03.858   788 12615 E ACDB-LOADER: Error: ACDB_CMD_GET_AFE_COMMON_TABLE_SIZE Returned = -19
06-21 23:32:03.858   788 12615 D ACDB-LOADER: ACDB -> ACDB_CMD_GET_AFE_COMMON_TABLE
06-21 23:32:03.858   788 12615 D         : Failed to fetch the lookup information of the device 0000003E 
06-21 23:32:03.858   788 12615 D ACDB-LOADER: ACDB -> AUDIO_SET_AFE_CAL
06-21 23:32:03.858   788 12615 D ACDB-LOADER: ACDB -> send_hw_delay : acdb_id = 62 path = 1
06-21 23:32:03.858   788 12615 D ACDB-LOADER: ACDB -> ACDB_AVSYNC_INFO: ACDB_CMD_GET_DEVICE_PROPERTY
06-21 23:32:03.858   788 12615 D audio_hw_primary: enable_snd_device: snd_device(120: voice-rec-mic)
06-21 23:32:03.858   788 12615 D audio_route: Apply path: voice-rec-mic
06-21 23:32:03.861   788 12615 V msm8974_platform: platform_get_snd_device_backend_index: enter with device 120
06-21 23:32:03.861   788 12615 E msm8974_platform: platform_get_snd_device_backend_index: BE DAI Name Table is not present
06-21 23:32:03.861   788 12615 V msm8974_platform: platform_get_backend_index:napb: backend port - 5 device - 120 
06-21 23:32:03.861   788 12615 I audio_hw_utils: Set Audio Stream Capture 0 App Type Cfg: app_type 69936, acdb_dev_id 62, sample_rate 48000, snd_device_be_idx -14
06-21 23:32:03.861   788 12615 D audio_hw_primary: enable_audio_route: usecase(9) apply and update mixer path: audio-record
06-21 23:32:03.861   788 12615 D audio_route: Apply path: audio-record
06-21 23:32:03.934 15309 15357 I MicroDetectionWorker: onReady
06-21 23:32:03.996   808   808 I SFPerfTracer:      triggers: (rate: 106:2382988) (compose: 0:8) (post: 0:22) (render: 0:20) (10:13521440 frames) (11:17117648)
06-21 23:32:03.996   808   808 D SFPerfTracer:        layers: (5:14) (NavigationBar#0 (0xb07df000): 10:1285509) (StatusBar#0 (0xb07e3000): 9:3070854) (com.android.systemui.ImageWallpaper#0 (0xb07e7000): 1:119088) (Sprite#0 (0xb0733000): 0:317)* (DimLayerController/Stack=0#0 (0xb075a000): 0:4039)* (Sprite#1 (0xb077c000): 0:195)* (Sprite#2 (0xb039b000): 0:2)* (com.android.launcher3/com.android.launcher3.CustomizationPanelLauncher#0 (0xb0763000): 0:38)- (com.android.launcher3/com.android.launcher3.CustomizationPanelLauncher#1 (0xafd20000): 0:11)- (Splash Screen org.mozilla.fennec_aurora#0 (0xb0771000): 0:19)- (Splash Screen org.mozilla.fennec_aurora#1 (0xafdf0000): 0:31)- (org.mozilla.fennec_aurora/org.mozilla.fenix.HomeActivity#0 (0xb0771000): 11:40) (com.android.launcher3/com.android.launcher3.CustomizationPanelLauncher#0 (0xb0763000): 10:13)* (com.android.launcher3/com.android.launcher3.CustomizationPanelLauncher#1 (0xafd20000): 1:4) 
06-21 23:32:04.138  5625  5654 I PeriodicStatsRunner: PeriodicStatsRunner.call():180 call()
06-21 23:32:04.138  5625  5654 I PeriodicStatsRunner: PeriodicStatsRunner.call():184 No submit PeriodicStats since input started.
06-21 23:32:04.210  1023 12562 D libc    : dns request timeout: netid(9663), id(0xa107), server(fd58:99ff:ff34::1)
06-21 23:32:04.246  2748  2917 W OpenGLRenderer: Incorrectly called buildLayer on View: ShortcutAndWidgetContainer, destroying layer...
06-21 23:32:04.368 12425 12469 I chatty  : uid=11435(org.mozilla.fennec_aurora) expire 2 lines
06-21 23:32:04.378 12425 12450 I chatty  : uid=11435(org.mozilla.fennec_aurora) expire 4 lines
06-21 23:32:04.442   808   898 I SFPerfTracer:      triggers: (rate: 0:10) (0 sw vsyncs) (0 skipped) (40:8762828 vsyncs) (42:17267653)
06-21 23:32:04.569 12425 12554 I chatty  : uid=11435(org.mozilla.fennec_aurora) expire 15 lines
06-21 23:32:04.902 12425 12483 I chatty  : uid=11435(org.mozilla.fennec_aurora) expire 3 lines
06-21 23:32:05.326 12425 12529 I chatty  : uid=11435(org.mozilla.fennec_aurora) expire 1 line
06-21 23:32:05.329  1456  2067 D ConnectivityService: releasing NetworkRequest [ TRACK_DEFAULT id=72720, [ Capabilities: INTERNET&NOT_RESTRICTED&TRUSTED&NOT_VPN] ] (release request)
06-21 23:32:06.623 12425 12425 I chatty  : uid=11435(org.mozilla.fennec_aurora) expire 2 lines
06-21 23:32:07.729 11442 11458 I Finsky  : [628955] kqp.run(3): Stats for Executor: BlockingExecutor kso@bd8e114[Running, pool size = 2, active threads = 0, queued tasks = 0, completed tasks = 12]
06-21 23:32:07.730 11442 11458 I Finsky  : [628955] kqp.run(3): Stats for Executor: LightweightExecutor kso@9641dbd[Running, pool size = 4, active threads = 0, queued tasks = 0, completed tasks = 72]
06-21 23:32:08.187 11442 11458 I Finsky  : [628955] kqp.run(3): Stats for Executor: bgExecutor kso@dde6fb2[Running, pool size = 4, active threads = 0, queued tasks = 0, completed tasks = 56]
06-21 23:32:08.741  5625  5654 I PeriodicStatsRunner: PeriodicStatsRunner.call():180 call()
06-21 23:32:08.741  5625  5654 I PeriodicStatsRunner: PeriodicStatsRunner.call():184 No submit PeriodicStats since input started.
06-21 23:32:08.822  1456  5031 I ActivityManager: Force stopping org.mozilla.fennec_aurora appid=11435 user=0: from pid 12623
06-21 23:32:08.822  1456  5031 I ActivityManager: Killing 12425:org.mozilla.fennec_aurora/u0a1435 (adj 700): stop org.mozilla.fennec_aurora
06-21 23:32:08.824  1456  1605 W zygote  : kill(-12425, 9) failed: No such process
06-21 23:32:08.826 12504 12504 I chatty  : uid=11435(org.mozilla.fennec_aurora) expire 1 line
06-21 23:32:08.826  1456  5031 W ActivityManager: Force removing ActivityRecord{358e5c7 u0 org.mozilla.fennec_aurora/org.mozilla.fenix.HomeActivity t87541}: app died, no saved state
06-21 23:32:08.835  1456  5031 I ActivityManager: Killing 12504:org.mozilla.fennec_aurora:tab0/u0a1435 (adj 0): stop org.mozilla.fennec_aurora
06-21 23:32:08.837  1456  1605 W zygote  : kill(-12425, 9) failed: No such process
06-21 23:32:08.847  2398  2398 D CarrierSvcBindHelper: No carrier app for: 0
06-21 23:32:08.850  2398  2398 D CarrierSvcBindHelper: No carrier app for: 1
06-21 23:32:08.850  1456  1605 W zygote  : kill(-12425, 9) failed: No such process
06-21 23:32:08.879  1456  1605 I chatty  : uid=1000(system) ActivityManager identical 6 lines
06-21 23:32:08.890  1456  1673 W ActivityManager: setHasOverlayUi called on unknown pid: 12425
06-21 23:32:08.894  1456  1605 W zygote  : kill(-12425, 9) failed: No such process
06-21 23:32:08.894  1456  1605 I zygote  : Successfully killed process cgroup uid 11435 pid 12425 in 69ms
06-21 23:32:08.894  1456  1605 W zygote  : kill(-12504, 9) failed: No such process
06-21 23:32:08.894  1456  1605 I zygote  : Successfully killed process cgroup uid 11435 pid 12504 in 0ms
06-21 23:32:09.411  1456  1466 I zygote  : NativeAlloc concurrent copying GC freed 31616(1922KB) AllocSpace objects, 22(824KB) LOS objects, 34% free, 46MB/70MB, paused 283us total 419.196ms
06-21 23:32:09.976  1456  2918 I ActivityManager: START u0 {act=android.intent.action.MAIN cat=[android.intent.category.LAUNCHER] flg=0x10000000 cmp=org.mozilla.fennec_aurora/.App} from uid 2000
06-21 23:32:09.977   794   839 E ANDR-PERF-RESOURCEQS: Failed to apply optimization [4, 0]
06-21 23:32:10.001  1456  4829 I ActivityManager: Start proc 12630:org.mozilla.fennec_aurora/u0a1435 for activity org.mozilla.fennec_aurora/.App
06-21 23:32:10.086 15309 15357 I MicroDetectionState: Should stop hotword detection immediately - false
06-21 23:32:10.087 15309 15357 I MicroDetector: Keeping mic open: false
06-21 23:32:10.087 15309 10619 E DeviceStateChecker: DeviceStateChecker cancelled
06-21 23:32:10.087 15309 15357 I RecognitionAudioControl: #shutdownAudio [requestId: -819276765725210968, keepAudioOpen: false, forced: true]
06-21 23:32:10.087 15309 15357 I RecognitionAudioControl: #internalShutdownAudio [requestId: -819276765725210968]
06-21 23:32:10.087 15309 15357 I RecognitionAudioControl: #internalShutdownAudio [keepAudioOpen: false, forced: true]
06-21 23:32:10.087 15309 15357 I RecognitionAudioControl: #actualShutdownAudio
06-21 23:32:10.087 15309 15357 I AudioController: #shutdown [requestId=-819276765725210968]
06-21 23:32:10.087 15309 15332 I AudioController: internalShutdown
06-21 23:32:10.087 15309 15350 I MicroRecognitionRunner: Stopping hotword detection.
06-21 23:32:10.117 12630 12630 I chatty  : uid=11435(org.mozilla.fennec_aurora) expire 55 lines
06-21 23:32:10.134   788   788 D audio_hw_primary: disable_audio_route: usecase(9) reset and update mixer path: audio-record
06-21 23:32:10.134   788   788 D audio_hw_primary: disable_snd_device: snd_device(120: voice-rec-mic)
06-21 23:32:10.136  1012  4918 D APM_AudioPolicyManager: stopInput() input 409510, session 409761
06-21 23:32:10.136   788   788 D audio_hw_primary: in_set_parameters: enter: kvpairs=routing=0
06-21 23:32:10.138 15309 15332 I MicrophoneInputStream: mic_close  SR : 16000 CC : 16 SO : 1999
06-21 23:32:10.138 15309 15332 E AudioSource: Stop listening is called on already closed AudioSource
06-21 23:32:10.138 15309 15332 I AudioController: Sending AudioStatusChangedBroadcast to :interactor. audioSourceType: NOT_SET, isActive: false
06-21 23:32:10.139 15309 10953 I MicroRecognitionRunner: Detection finished
06-21 23:32:10.158 12630 12648 I chatty  : uid=11435(org.mozilla.fennec_aurora) expire 4 lines
06-21 23:32:10.241 12630 12658 I chatty  : uid=11435(org.mozilla.fennec_aurora) expire 40 lines
06-21 23:32:10.260 12630 12657 I chatty  : uid=11435(org.mozilla.fennec_aurora) expire 23 lines
06-21 23:32:10.267 12630 12661 I chatty  : uid=11435(org.mozilla.fennec_aurora) expire 19 lines
06-21 23:32:10.271 12630 12663 I chatty  : uid=11435(org.mozilla.fennec_aurora) expire 1 line
06-21 23:32:10.339 12630 12671 I chatty  : uid=11435(org.mozilla.fennec_aurora) expire 6 lines
06-21 23:32:10.417 12630 12685 I chatty  : uid=11435(org.mozilla.fennec_aurora) expire 1 line
06-21 23:32:10.423  1456  4829 I ActivityManager: START u0 {act=android.intent.action.MAIN cat=[android.intent.category.LAUNCHER] flg=0x10000000 cmp=org.mozilla.fennec_aurora/org.mozilla.fenix.HomeActivity (has extras)} from uid 11435
06-21 23:32:10.450   808   808 D SurfaceFlinger: duplicate layer name: changing Splash Screen org.mozilla.fennec_aurora to Splash Screen org.mozilla.fennec_aurora#1
06-21 23:32:10.466 12630 12635 I chatty  : uid=11435(org.mozilla.fennec_aurora) expire 11 lines
06-21 23:32:10.504  1456  2204 I ActivityManager: Start proc 12713:org.mozilla.fennec_aurora:tab0/u0a1435 for service org.mozilla.fennec_aurora/org.mozilla.gecko.process.GeckoChildProcessServices$tab0
06-21 23:32:10.518 12630 12701 I chatty  : uid=11435(org.mozilla.fennec_aurora) expire 1 line
06-21 23:32:10.603 12713 12713 I chatty  : uid=11435(org.mozilla.fennec_aurora) expire 2 lines
06-21 23:32:10.604 12713 12733 I chatty  : uid=11435(org.mozilla.fennec_aurora) expire 1 line
06-21 23:32:10.651 25632 25642 I zygote  : Background concurrent copying GC freed 112170(6MB) AllocSpace objects, 39(1836KB) LOS objects, 49% free, 8MB/17MB, paused 193us total 129.104ms
06-21 23:32:10.869 12630 12739 I chatty  : uid=11435(org.mozilla.fennec_aurora) expire 10 lines
06-21 23:32:10.873 12630 12630 E ActivityThread: Failed to find provider info for org.mozilla.fennec_aurora.fxa.auth
06-21 23:32:10.943 12630 12683 I chatty  : uid=11435(org.mozilla.fennec_aurora) expire 1 line
06-21 23:32:10.955 12630 12750 I chatty  : uid=11435(org.mozilla.fennec_aurora) expire 9 lines
06-21 23:32:10.966  1456  2918 D ConnectivityService: requestNetwork for uid/pid:11435/12630 NetworkRequest [ TRACK_DEFAULT id=72721, [ Capabilities: INTERNET&NOT_RESTRICTED&TRUSTED&NOT_VPN] ]
06-21 23:32:10.968  1456  2099 D Ethernet: got request NetworkRequest [ TRACK_DEFAULT id=72721, [ Capabilities: INTERNET&NOT_RESTRICTED&TRUSTED&NOT_VPN] ] with score 60
06-21 23:32:10.968  1456  2054 D WIFI_UT : got request NetworkRequest [ TRACK_DEFAULT id=72721, [ Capabilities: INTERNET&NOT_RESTRICTED&TRUSTED&NOT_VPN] ] with score 60
06-21 23:32:10.968  1456  2054 D WIFI    : got request NetworkRequest [ TRACK_DEFAULT id=72721, [ Capabilities: INTERNET&NOT_RESTRICTED&TRUSTED&NOT_VPN] ] with score 60
06-21 23:32:10.968  2398  2398 D PhoneSwitcherNetworkRequstListener: got request NetworkRequest [ TRACK_DEFAULT id=72721, [ Capabilities: INTERNET&NOT_RESTRICTED&TRUSTED&NOT_VPN] ] with score 60
06-21 23:32:10.991  1456  2918 I WifiService: getDhcpInfo uid=11435
06-21 23:32:11.314 12630 12761 I chatty  : uid=11435(org.mozilla.fennec_aurora) expire 17 lines
06-21 23:32:11.345  1456  1673 I LaunchCheckinHandler: Displayed org.mozilla.fennec_aurora/org.mozilla.fenix.HomeActivity,wp,ca,840
06-21 23:32:11.346  1456  1673 I ActivityManager: Displayed org.mozilla.fennec_aurora/org.mozilla.fenix.HomeActivity: +836ms (total +1s355ms)
06-21 23:32:11.371 15309 15309 I MemoryTrimmer: Trimming objects from memory, since app is in the background.
06-21 23:32:11.376 15309 15357 E AudioSource: Stop listening is called on already closed AudioSource
06-21 23:32:11.379 15309 10877 I PBSessionCacheImpl: Deleted sessionId[67331286385460145] from persistence.
06-21 23:32:11.380 15309 15309 I MemoryTrimmer: Trimming objects from memory, since app is in the background.
06-21 23:32:11.384  1456  4829 I WifiService: getWifiEnabledState uid=10073
06-21 23:32:11.388 15309 15357 W SearchServiceCore: Abort, client detached.
06-21 23:32:11.388 15309 15357 I chatty  : uid=10073(com.google.android.googlequicksearchbox) EventBus0 identical 1 line
06-21 23:32:11.390 15309 15357 W SearchServiceCore: Abort, client detached.
06-21 23:32:11.410 12630 12630 E ActivityThread: Failed to find provider info for org.mozilla.fennec_aurora.fxa.auth
06-21 23:32:11.925 12630 12630 I chatty  : uid=11435(org.mozilla.fennec_aurora) identical 2 lines
06-21 23:32:11.949 12630 12630 E ActivityThread: Failed to find provider info for org.mozilla.fennec_aurora.fxa.auth
06-21 23:32:12.015 12630 12780 I chatty  : uid=11435(org.mozilla.fennec_aurora) expire 1 line
06-21 23:32:12.082   808   808 I SFPerfTracer:      triggers: (rate: 106:2382989) (compose: 0:8) (post: 0:22) (render: 0:20) (1:13521514 frames) (2:17117748)
06-21 23:32:12.082   808   808 D SFPerfTracer:        layers: (3:13) (NavigationBar#0 (0xb07df000): 0:1285519) (StatusBar#0 (0xb07e3000): 0:3070865) (com.android.systemui.ImageWallpaper#0 (0xb07e7000): 0:119089)* (Sprite#0 (0xb0733000): 0:317)* (DimLayerController/Stack=0#0 (0xb075a000): 0:4039)* (Sprite#1 (0xb077c000): 0:195)* (Sprite#2 (0xb039b000): 0:2)* (org.mozilla.fennec_aurora/org.mozilla.fenix.HomeActivity#0 (0xb0771000): 0:52)- (com.android.launcher3/com.android.launcher3.CustomizationPanelLauncher#0 (0xb0763000): 0:40)- (com.android.launcher3/com.android.launcher3.CustomizationPanelLauncher#1 (0xafd20000): 0:11)- (Splash Screen org.mozilla.fennec_aurora#0 (0xb0771000): 0:19)- (Splash Screen org.mozilla.fennec_aurora#1 (0xafdf0000): 0:32)- (org.mozilla.fennec_aurora/org.mozilla.fenix.HomeActivity#0 (0xb0771000): 2:22) 
06-21 23:32:12.084 12630 12630 E ActivityThread: Failed to find provider info for org.mozilla.fennec_aurora.fxa.auth
06-21 23:32:12.202 12630 12649 I chatty  : uid=11435(org.mozilla.fennec_aurora) expire 1 line
06-21 23:32:12.575 12630 12630 I chatty  : uid=11435(org.mozilla.fennec_aurora) identical 2 lines
06-21 23:32:12.583 12630 12630 E ActivityThread: Failed to find provider info for org.mozilla.fennec_aurora.fxa.auth
06-21 23:32:13.442  1456  1893 D BatteryService: uevent={POWER_SUPPLY_VOLTAGE_NOW=4342626, POWER_SUPPLY_CHARGE_RATE=Normal, POWER_SUPPLY_HEALTH=Good, POWER_SUPPLY_CURRENT_NOW=4882, POWER_SUPPLY_PRESENT=1, SUBSYSTEM=power_supply, POWER_SUPPLY_TEMP=315, SEQNUM=601733, ACTION=change, POWER_SUPPLY_NAME=battery, POWER_SUPPLY_STATUS=Full, POWER_SUPPLY_CHARGE_COUNTER=2801995, POWER_SUPPLY_CAPACITY=100, DEVPATH=/devices/soc/qpnp-smbcharger-17/power_supply/battery}
06-21 23:32:13.451  2398  2398 D QtiCarrierConfigHelper: WARNING, no carrier configs on phone Id: 0
06-21 23:32:15.642 12807 12807 D AndroidRuntime: >>>>>> START com.android.internal.os.RuntimeInit uid 2000 <<<<<<
06-21 23:32:15.655 12807 12807 W app_process: Could not reserve sentinel fault page
06-21 23:32:15.821 12807 12807 I app_process: The ClassLoaderContext is a special shared library.
06-21 23:32:15.893 12807 12807 D AndroidRuntime: Calling main entry com.android.commands.input.Input
06-21 23:32:15.901 12807 12807 I Input   : injectKeyEvent: KeyEvent { action=ACTION_DOWN, keyCode=KEYCODE_HOME, scanCode=0, metaState=0, flags=0x0, repeatCount=0, eventTime=24869412506, downTime=24869412506, deviceId=-1, source=0x101 }
06-21 23:32:15.909 12807 12807 I Input   : injectKeyEvent: KeyEvent { action=ACTION_UP, keyCode=KEYCODE_HOME, scanCode=0, metaState=0, flags=0x0, repeatCount=0, eventTime=24869412506, downTime=24869412506, deviceId=-1, source=0x101 }
06-21 23:32:15.915  1456  1941 I ActivityManager: START u0 {act=android.intent.action.MAIN cat=[android.intent.category.HOME] flg=0x10200000 cmp=com.android.launcher3/.CustomizationPanelLauncher (has extras)} from uid 1000
06-21 23:32:15.916   794   839 E ANDR-PERF-RESOURCEQS: Failed to apply optimization [4, 0]
06-21 23:32:15.922 12807 12807 D AndroidRuntime: Shutting down VM
06-21 23:32:15.932  1456  4829 I ActivityManager: moveHomeStack, setupComplete:true
06-21 23:32:15.942 15309 15355 I OpenGLRenderer: Initialized EGL, version 1.4
06-21 23:32:15.942 15309 15355 D OpenGLRenderer: Swap behavior 2
06-21 23:32:15.957  2748  2748 D Launcher.Utilities: Wakeup weather: Intent { act=com.motorola.launcher3.action.WAKEUP_WEATHER cmp=com.motorola.timeweatherwidget/com.motorola.commandcenter.weather.WakeUpService }
06-21 23:32:15.971   808   808 D SurfaceFlinger: duplicate layer name: changing com.android.launcher3/com.android.launcher3.CustomizationPanelLauncher to com.android.launcher3/com.android.launcher3.CustomizationPanelLauncher#1
06-21 23:32:15.972  1456  1456 I NotificationService: Cannot find enqueued record for key: 0|com.motorola.timeweatherwidget|1|null|10116
06-21 23:32:15.987 15309 15333 W ThreadPoolDumper: Queue length for executor EventBus is now 11. Perhaps some tasks are too long, or the pool is too small.
06-21 23:32:15.989  1456  2236 I WifiService: getWifiEnabledState uid=10073
06-21 23:32:15.998  1456  2204 I WifiService: getWifiEnabledState uid=10073
06-21 23:32:16.064  1456  1673 I LaunchCheckinHandler: Displayed com.android.launcher3/.CustomizationPanelLauncher,wp,wa,149
06-21 23:32:16.068 15309 15357 I MicroDetectionState: Should stop hotword detection immediately - false
06-21 23:32:16.068 15309 15309 I BgTaskExecutorImpl: Starting EXCLUSIVE background task TNG_MINUS_ONE_SYNC.
06-21 23:32:16.069 15309 15345 E MDD     : DownloadProgressMonitor: Can't find file group for uri: android://com.google.android.googlequicksearchbox/files/sharedminusonemodule/shared/SharedMinusOneData.pb.tmp
06-21 23:32:16.072 15309 15357 I MicroDetectionWorker: #startMicroDetector [speakerMode: 0]
06-21 23:32:16.074 15309 15357 I AudioController: Created new AudioSource
06-21 23:32:16.079 15309 15351 I MicroDataManager: isInitializing-false locale not changed-true model not changed-true
06-21 23:32:16.080 15309 15351 I MicroDataManager: Already initialized, obtaining the hotword data immediately.
06-21 23:32:16.081 15309 15357 I TngMinusOneSync: Syncing TNG:-1
06-21 23:32:16.085 15309 10628 I MicroRecognitionRunner: Starting detection.
06-21 23:32:16.086 15309 10628 I InputStreamUtils: Using micInputStream
06-21 23:32:16.086 15309 10877 I MicrophoneInputStream: mic_starting  SR : 16000 CC : 16 SO : 1999
06-21 23:32:16.089   788  1401 V msm8974_platform: platform_check_input_mask: enter check_input_mask source 6 mask 10
06-21 23:32:16.092  1012 12821 I AudioFlinger: AudioFlinger's thread 0xb2483dc0 tid=12821 ready to run
06-21 23:32:16.098  1456  7796 I OpenGLRenderer: Initialized EGL, version 1.4
06-21 23:32:16.098  1456  7796 D OpenGLRenderer: Swap behavior 2
06-21 23:32:16.103   788  1401 D audio_hw_primary: in_set_parameters: enter: kvpairs=input_source=6;routing=-2147483644
06-21 23:32:16.104  1012  1301 D APM_AudioPolicyManager: AudioPolicyManager::startInput() input 409518, session 409769, source = 1999
06-21 23:32:16.105 15309 10877 I MicrophoneInputStream: mic_started  SR : 16000 CC : 16 SO : 1999
