02-25 22:01:57.545  1456  1942 I InputReader: Reconfiguring input devices.  changes=0x00000010
02-25 22:01:57.545  1456  1456 W ResourceType: ResTable_typeSpec entry count inconsistent: given 217, previously 1293
02-25 22:01:57.650  1456  1456 W ResourceType: Found multiple library tables, ignoring...
02-25 22:01:57.650  2398  2398 D CarrierSvcBindHelper: No carrier app for: 0
02-25 22:01:57.652  2398  2398 D CarrierSvcBindHelper: No carrier app for: 1
02-25 22:01:57.660  2398  2398 E VvmPkgInstalledRcvr: cannot create TelephonyManager from ComponentInfo{com.android.phone/com.android.services.telephony.TelephonyConnectionService}, [****], UserHandle{0}
02-25 22:01:57.660  2398  2398 D ImsResolver: maybeAddedImsService, packageName: org.mozilla.fennec_aurora
02-25 22:01:57.667  1456  1600 W ResourceType: ResTable_typeSpec entry count inconsistent: given 29, previously 34
02-25 22:01:57.671  1456  1600 W ResourceType: ResTable_typeSpec entry count inconsistent: given 2183, previously 2180
02-25 22:01:57.671  1456  1600 W ResourceType: ResTable_typeSpec entry count inconsistent: given 266, previously 1541
02-25 22:01:57.700  1456  1456 I TelecomService: DefaultDialerCache: Refreshing default dialer for user 0: now com.android.dialer: DDC.oR@WYk
02-25 22:01:57.713 13975 15511 I Icing   : IndexChimeraService.getServiceInterface callingPackage=com.google.android.gms componentName=AppsCorpus serviceId=36
02-25 22:01:57.725 13975 32296 W Icing   : No valid account for uploading user actions
02-25 22:01:57.800 13975 32296 I Icing   : Usage reports ok 1, Failed Usage reports 0, indexed 0, rejected 0
02-25 22:01:57.802 13975 32296 I Icing   : Indexing com.google.android.gms-internal.3p:MobileApplication from com.google.android.gms using seqno 2511
02-25 22:01:58.429 29974 30183 D SessionStorage/AutoSave: Saved state to disk [4ms]
02-25 22:01:58.771 30240 30240 D AndroidRuntime: >>>>>> START com.android.internal.os.RuntimeInit uid 2000 <<<<<<
02-25 22:01:58.788 30240 30240 W app_process: Could not reserve sentinel fault page
02-25 22:01:58.804 13975  3366 I Icing   : Indexing com.google.android.gms-apps from com.google.android.gms
02-25 22:01:58.899 13975  3366 I Icing   : Indexing done com.google.android.gms-apps
02-25 22:01:58.975 30240 30240 I app_process: The ClassLoaderContext is a special shared library.
02-25 22:01:59.042 30240 30240 D AndroidRuntime: Calling main entry com.android.commands.input.Input
02-25 22:01:59.043 30240 30240 I Input   : injectKeyEvent: KeyEvent { action=ACTION_DOWN, keyCode=KEYCODE_HOME, scanCode=0, metaState=0, flags=0x0, repeatCount=0, eventTime=14762174323, downTime=14762174323, deviceId=-1, source=0x101 }
02-25 22:01:59.050 30240 30240 I Input   : injectKeyEvent: KeyEvent { action=ACTION_UP, keyCode=KEYCODE_HOME, scanCode=0, metaState=0, flags=0x0, repeatCount=0, eventTime=14762174323, downTime=14762174323, deviceId=-1, source=0x101 }
02-25 22:01:59.056  1456  1941 I ActivityManager: START u0 {act=android.intent.action.MAIN cat=[android.intent.category.HOME] flg=0x10200000 cmp=com.android.launcher3/.CustomizationPanelLauncher (has extras)} from uid 1000
02-25 22:01:59.056   794   839 E ANDR-PERF-RESOURCEQS: Failed to apply optimization [4, 0]
02-25 22:01:59.070  1456  1941 I ActivityManager: moveHomeStack, setupComplete:true
02-25 22:01:59.076 20270 23357 I OpenGLRenderer: Initialized EGL, version 1.4
02-25 22:01:59.076 20270 23357 D OpenGLRenderer: Swap behavior 2
02-25 22:01:59.082 30240 30240 D AndroidRuntime: Shutting down VM
02-25 22:01:59.089 29974 29974 I zygote  : Deoptimizing kotlin.coroutines.CoroutineContext$Element kotlin.coroutines.CoroutineContext$Element$DefaultImpls.get(kotlin.coroutines.CoroutineContext$Element, kotlin.coroutines.CoroutineContext$Key) due to JIT inline cache
02-25 22:01:59.102  2748  2748 D Launcher.Utilities: Wakeup weather: Intent { act=com.motorola.launcher3.action.WAKEUP_WEATHER cmp=com.motorola.timeweatherwidget/com.motorola.commandcenter.weather.WakeUpService }
02-25 22:01:59.116  1456  1456 I NotificationService: Cannot find enqueued record for key: 0|com.motorola.timeweatherwidget|1|null|10116
02-25 22:01:59.120   808   808 D SurfaceFlinger: duplicate layer name: changing com.android.launcher3/com.android.launcher3.CustomizationPanelLauncher to com.android.launcher3/com.android.launcher3.CustomizationPanelLauncher#1
02-25 22:01:59.129 20270 21124 W ThreadPoolDumper: Queue length for executor EventBus is now 11. Perhaps some tasks are too long, or the pool is too small.
02-25 22:01:59.130  1456  5907 I WifiService: getWifiEnabledState uid=10073
02-25 22:01:59.144  1456  5907 I WifiService: getWifiEnabledState uid=10073
02-25 22:01:59.151 20270 21092 I DEBUG   : OpaToSrpTransitionState#onStateChanged#notNullQuery
02-25 22:01:59.151 20270 21092 I DEBUG   : OpaToSrpTransitionState#onStateChanged#notNullQuery
02-25 22:01:59.169 20270 21092 I MicroDetectionState: Should stop hotword detection immediately - false
02-25 22:01:59.174 20270 21092 I MicroDetectionWorker: #startMicroDetector [speakerMode: 0]
02-25 22:01:59.176 20270 21092 I AudioController: Created new AudioSource
02-25 22:01:59.176 29974 29974 I [INFO][Leanplum]: [com.leanplum.internal.RequestOld::sendIfConnected::4]: Device is offline, will send later
02-25 22:01:59.206 29974 29974 D GeckoSession: handleMessage GeckoView:StateUpdated uri=null
02-25 22:01:59.211  1456  1673 I LaunchCheckinHandler: Displayed com.android.launcher3/.CustomizationPanelLauncher,wp,wa,155
02-25 22:01:59.212 20270 21108 I MicroDataManager: isInitializedWithLatestParams-true
02-25 22:01:59.212 20270 21108 I MicroDataManager: isInitializing-false locale not changed-true model not changed-true
02-25 22:01:59.212 20270 21108 I MicroDataManager: Already initialized, obtaining the hotword data immediately.
02-25 22:01:59.217 20270 21400 I MicroRecognitionRunner: Starting detection.
02-25 22:01:59.218 20270 21400 I InputStreamUtils: Using micInputStream
02-25 22:01:59.218 20270  3790 I MicrophoneInputStream: mic_starting  SR : 16000 CC : 16 SO : 1999
02-25 22:01:59.223   788  1479 V msm8974_platform: platform_check_input_mask: enter check_input_mask source 6 mask 10
02-25 22:01:59.227  1012 30255 I AudioFlinger: AudioFlinger's thread 0xb2483a00 tid=30255 ready to run
02-25 22:01:59.233   788   788 D audio_hw_primary: in_set_parameters: enter: kvpairs=input_source=6;routing=-2147483644
02-25 22:01:59.234  1012 13178 D APM_AudioPolicyManager: AudioPolicyManager::startInput() input 163798, session 163905, source = 1999
02-25 22:01:59.234 20270  3790 I MicrophoneInputStream: mic_started  SR : 16000 CC : 16 SO : 1999
02-25 22:01:59.236   788 30256 V msm8974_platform: platform_update_usecase_from_source: input source :6
02-25 22:01:59.237   788 30256 V msm8974_platform: platform_check_input_mask: enter check_input_mask source 6 mask 10
02-25 22:01:59.237   788 30256 V msm8974_platform: platform_get_input_snd_device: enter: out_device(0) in_device(0x4) channel_count (1) channel_mask (0x10)
02-25 22:01:59.237   788 30256 V msm8974_platform: platform_get_input_snd_device: exit: in_snd_device(voice-rec-mic)
02-25 22:01:59.237   788 30256 V msm8974_platform: platform_get_backend_index:napb: backend port - 5 device - 120 
02-25 22:01:59.237   788 30256 V msm8974_platform: platform_check_and_set_capture_backend_cfg:txbecf: afe: bitwidth 0, samplerate 0, channel 1, backend_idx 5 usecase = 9 device (voice-rec-mic)
02-25 22:01:59.237   788 30256 V msm8974_platform: platform_check_capture_backend_cfg:txbecf: afe: Codec selected backend: 5 current bit width: 0 and sample rate: 0, channels 1
02-25 22:01:59.237   788 30256 V msm8974_platform: platform_check_capture_backend_cfg:txbecf: afe: Codec selected backend: 5 updated bit width: 0 and sample rate: 0
02-25 22:01:59.237   788 30256 I msm8974_platform: platform_check_capture_backend_cfg:txbecf: afe: Codec backend needs to be updated. new bit width: 0 new sample rate: 0 new channel: 1
02-25 22:01:59.237   788 30256 V msm8974_platform: platform_get_backend_index:napb: backend port - 5 device - 120 
02-25 22:01:59.237   788 30256 V msm8974_platform: platform_set_backend_cfg:becf: afe: bitwidth 0, samplerate 0 channels 1, backend_idx 5 device (voice-rec-mic)
02-25 22:01:59.238   788 30256 E msm8974_platform: platform_set_backend_cfg:becf: afe: Could not get ctl for mixer command - SLIM_0_TX Format
02-25 22:01:59.238   788 30256 V msm8974_platform: platform_send_audio_calibration: sending audio calibration for snd_device(120) acdb_id(62)
02-25 22:01:59.238   788 30256 D ACDB-LOADER: ACDB -> send_audio_cal, acdb_id = 62, path = 1, app id = 0x11130, sample rate = 48000
02-25 22:01:59.238   788 30256 D ACDB-LOADER: ACDB -> send_asm_topology
02-25 22:01:59.238   788 30256 D ACDB-LOADER: ACDB -> ACDB_CMD_GET_AUDPROC_STREAM_TOPOLOGY_ID
02-25 22:01:59.238   788 30256 D ACDB-LOADER: ACDB -> send_adm_topology
02-25 22:01:59.238   788 30256 D ACDB-LOADER: ACDB -> ACDB_CMD_GET_AUDPROC_COMMON_TOPOLOGY_ID
02-25 22:01:59.238   788 30256 D ACDB-LOADER: ACDB -> send_audtable
02-25 22:01:59.238   788 30256 D ACDB-LOADER: ACDB -> ACDB_CMD_GET_AUDPROC_COMMON_TABLE_SIZE
02-25 22:01:59.238   788 30256 D ACDB-LOADER: ACDB -> ACDB_CMD_GET_AUDPROC_COMMON_TABLE
02-25 22:01:59.239   788 30256 D ACDB-LOADER: ACDB -> AUDIO_SET_AUDPROC_CAL
02-25 22:01:59.239   788 30256 D ACDB-LOADER: ACDB -> send_audvoltable
02-25 22:01:59.239   788 30256 D ACDB-LOADER: ACDB -> ACDB_CMD_GET_AUDPROC_VOL_STEP_TABLE_SIZE
02-25 22:01:59.239   788 30256 D ACDB-LOADER: ACDB -> ACDB_CMD_GET_AUDPROC_GAIN_DEP_STEP_TABLE, vol index 0
02-25 22:01:59.239   788 30256 D         : Failed to fetch the lookup information of the device 0000003E 
02-25 22:01:59.239   788 30256 D ACDB-LOADER: ACDB -> AUDIO_SET_VOL_CAL cal type = 12
02-25 22:01:59.239   788 30256 D ACDB-LOADER: ACDB -> ACDB_CMD_GET_AUDPROC_STREAM_TABLE_SIZE
02-25 22:01:59.239   788 30256 D ACDB-LOADER: ACDB -> send_audstrmtable
02-25 22:01:59.239   788 30256 D ACDB-LOADER: ACDB -> ACDB_CMD_GET_AUDPROC_STREAM_TABLE_V2
02-25 22:01:59.239   788 30256 D ACDB-LOADER: ACDB -> audstrm_cal->cal_type.cal_data.cal_size = 456
02-25 22:01:59.239   788 30256 D ACDB-LOADER: ACDB -> send_afe_topology
02-25 22:01:59.239   788 30256 D ACDB-LOADER: ACDB -> ACDB_CMD_GET_AFE_TOPOLOGY_ID
02-25 22:01:59.239   788 30256 D ACDB-LOADER: ACDB -> GET_AFE_TOPOLOGY_ID for adcd_id 62, Topology Id 112fb
02-25 22:01:59.239   788 30256 D ACDB-LOADER: ACDB -> send_afe_cal
02-25 22:01:59.239   788 30256 D ACDB-LOADER: ACDB -> ACDB_CMD_GET_AFE_COMMON_TABLE_SIZE
02-25 22:01:59.239   788 30256 D         : Failed to fetch the lookup information of the device 0000003E 
02-25 22:01:59.239   788 30256 E ACDB-LOADER: Error: ACDB_CMD_GET_AFE_COMMON_TABLE_SIZE Returned = -19
02-25 22:01:59.239   788 30256 D ACDB-LOADER: ACDB -> ACDB_CMD_GET_AFE_COMMON_TABLE
02-25 22:01:59.239   788 30256 D         : Failed to fetch the lookup information of the device 0000003E 
02-25 22:01:59.239   788 30256 D ACDB-LOADER: ACDB -> AUDIO_SET_AFE_CAL
02-25 22:01:59.239   788 30256 D ACDB-LOADER: ACDB -> send_hw_delay : acdb_id = 62 path = 1
02-25 22:01:59.239   788 30256 D ACDB-LOADER: ACDB -> ACDB_AVSYNC_INFO: ACDB_CMD_GET_DEVICE_PROPERTY
02-25 22:01:59.240   788 30256 D audio_hw_primary: enable_snd_device: snd_device(120: voice-rec-mic)
02-25 22:01:59.240   788 30256 D audio_route: Apply path: voice-rec-mic
02-25 22:01:59.244   788 30256 V msm8974_platform: platform_get_snd_device_backend_index: enter with device 120
02-25 22:01:59.244   788 30256 E msm8974_platform: platform_get_snd_device_backend_index: BE DAI Name Table is not present
02-25 22:01:59.244   788 30256 V msm8974_platform: platform_get_backend_index:napb: backend port - 5 device - 120 
02-25 22:01:59.244   788 30256 I audio_hw_utils: Set Audio Stream Capture 0 App Type Cfg: app_type 69936, acdb_dev_id 62, sample_rate 48000, snd_device_be_idx -14
02-25 22:01:59.245   788 30256 D audio_hw_primary: enable_audio_route: usecase(9) apply and update mixer path: audio-record
02-25 22:01:59.245   788 30256 D audio_route: Apply path: audio-record
02-25 22:01:59.314 20270 21092 I MicroDetectionWorker: onReady
02-25 22:01:59.626  1456  7796 I OpenGLRenderer: Initialized EGL, version 1.4
02-25 22:01:59.626  1456  7796 D OpenGLRenderer: Swap behavior 2
02-25 22:01:59.658  2748  2917 W OpenGLRenderer: Incorrectly called buildLayer on View: ShortcutAndWidgetContainer, destroying layer...
02-25 22:01:59.760 29974 29974 D GeckoRuntime: Lifecycle: onPause
02-25 22:01:59.760 29974 29974 D GeckoNetworkManager: Incoming event stop for state OnWithListeners -> OffWithListeners
02-25 22:01:59.761 29974 29974 I SessionStorage/AutoSave: Save: Background
02-25 22:01:59.766 29974 30183 D SessionStorage/AutoSave: Saved state to disk [4ms]
02-25 22:01:59.775 29974 30000 I libglean_ffi: glean_core::ping: Collecting baseline
02-25 22:01:59.782 29974 30000 D libglean_ffi: glean_core::ping: Storing ping 'b2896f50-88ae-4657-aa3c-9d7032321ff4' at '/data/user/0/org.mozilla.fennec_aurora/glean_data/pending_pings/b2896f50-88ae-4657-aa3c-9d7032321ff4'
02-25 22:01:59.783 29974 30000 I libglean_ffi: glean_core: The ping 'baseline' was submitted and will be sent as soon as possible
02-25 22:01:59.787 29974 30000 I libglean_ffi: glean_core::ping: Collecting events
02-25 22:01:59.791 29974 30000 D libglean_ffi: glean_core::ping: Storing ping '4e457dac-3527-4ad7-a7f3-322869fddc76' at '/data/user/0/org.mozilla.fennec_aurora/glean_data/pending_pings/4e457dac-3527-4ad7-a7f3-322869fddc76'
02-25 22:01:59.792 29974 30000 I libglean_ffi: glean_core: The ping 'events' was submitted and will be sent as soon as possible
02-25 22:01:59.807   808   808 I SFPerfTracer:      triggers: (rate: 57:1994174) (compose: 0:7) (post: 0:19) (render: 0:17) (13:8771745 frames) (14:10471602)
02-25 22:01:59.807   808   808 D SFPerfTracer:        layers: (4:14) (NavigationBar#0 (0xb07df000): 0:621773) (StatusBar#0 (0xb07e3000): 0:1658051) (com.android.systemui.ImageWallpaper#0 (0xb07e7000): 0:54893) (Sprite#0 (0xb0733000): 0:317)* (DimLayerController/Stack=0#0 (0xb075a000): 0:3734)* (Sprite#1 (0xb077c000): 0:195)* (animation background stackId=1#0 (0xb039b000): 0:108)* (com.android.launcher3/com.android.launcher3.CustomizationPanelLauncher#0 (0xb0763000): 0:37)- (com.android.launcher3/com.android.launcher3.CustomizationPanelLauncher#1 (0xb0771000): 0:9)- (org.mozilla.fennec_aurora/org.mozilla.fenix.IntentReceiverActivity#0 (0xb013a000): 0:3)- (Splash Screen org.mozilla.fennec_aurora#0 (0xb0140000): 0:31)- (org.mozilla.fennec_aurora/org.mozilla.fenix.HomeActivity#0 (0xb015e000): 0:51)- (com.android.launcher3/com.android.launcher3.CustomizationPanelLauncher#0 (0xb0763000): 14:37)* (com.android.launcher3/com.android.launcher3.CustomizationPanelLauncher#1 (0xb0771000): 1:6) 
02-25 22:02:04.226  1456  4797 I ActivityManager: Force stopping org.mozilla.fennec_aurora appid=11040 user=0: from pid 30294
02-25 22:02:04.227  1456  4797 I ActivityManager: Killing 29974:org.mozilla.fennec_aurora/u0a1040 (adj 700): stop org.mozilla.fennec_aurora
02-25 22:02:04.229  1456  1605 W zygote  : kill(-29974, 9) failed: No such process
02-25 22:02:04.230 30079 30079 I ServiceChildProcess: Service has been unbound. Stopping.
02-25 22:02:04.231 30062 30062 I ServiceChildProcess: Service has been unbound. Stopping.
02-25 22:02:04.231  1456  4797 W ActivityManager: Force removing ActivityRecord{a7a82b5 u0 org.mozilla.fennec_aurora/org.mozilla.fenix.HomeActivity t29563}: app died, no saved state
02-25 22:02:04.240  1456  4797 I ActivityManager: Killing 30079:org.mozilla.fennec_aurora:socket/u0a1040 (adj 0): stop org.mozilla.fennec_aurora
02-25 22:02:04.243  1456  4797 I ActivityManager: Killing 30062:org.mozilla.fennec_aurora:tab/u0a1040 (adj 0): stop org.mozilla.fennec_aurora
02-25 22:02:04.246  1456  1605 W zygote  : kill(-29974, 9) failed: No such process
02-25 22:02:04.253  2398  2398 D CarrierSvcBindHelper: No carrier app for: 0
02-25 22:02:04.255  2398  2398 D CarrierSvcBindHelper: No carrier app for: 1
02-25 22:02:04.261  1456  1605 W zygote  : kill(-29974, 9) failed: No such process
02-25 22:02:04.322  1456  1673 W ActivityManager: setHasOverlayUi called on unknown pid: 29974
02-25 22:02:04.324  1456  1605 I chatty  : uid=1000(system) ActivityManager identical 4 lines
02-25 22:02:04.338  1456  1605 W zygote  : kill(-29974, 9) failed: No such process
02-25 22:02:04.338  1456  1605 I zygote  : Successfully killed process cgroup uid 11040 pid 29974 in 108ms
02-25 22:02:04.338  1456  1605 W zygote  : kill(-30079, 9) failed: No such process
02-25 22:02:04.338  1456  1605 I zygote  : Successfully killed process cgroup uid 11040 pid 30079 in 0ms
02-25 22:02:04.338  1456  1605 W zygote  : kill(-30062, 9) failed: No such process
02-25 22:02:04.338  1456  1605 I zygote  : Successfully killed process cgroup uid 11040 pid 30062 in 0ms
02-25 22:02:04.353  1456  2196 I ActivityManager: START u0 {act=android.intent.action.VIEW dat=about:blank typ=text/html flg=0x10000000 cmp=org.mozilla.fennec_aurora/org.mozilla.fenix.IntentReceiverActivity} from uid 2000
02-25 22:02:04.354   794   839 E ANDR-PERF-RESOURCEQS: Failed to apply optimization [4, 0]
02-25 22:02:04.373  1456  5797 I ActivityManager: Start proc 30302:org.mozilla.fennec_aurora/u0a1040 for activity org.mozilla.fennec_aurora/org.mozilla.fenix.IntentReceiverActivity
02-25 22:02:04.461 20270 21092 I MicroDetectionState: Should stop hotword detection immediately - false
02-25 22:02:04.461 20270 21092 I MicroDetector: Keeping mic open: false
02-25 22:02:04.461 20270 17075 E DeviceStateChecker: DeviceStateChecker cancelled
02-25 22:02:04.461 20270 21092 I RecognitionAudioControl: #shutdownAudio [requestId: 8436880163756277396, keepAudioOpen: false, forced: true]
02-25 22:02:04.461 20270 21092 I RecognitionAudioControl: #internalShutdownAudio [requestId: 8436880163756277396]
02-25 22:02:04.461 20270 21092 I RecognitionAudioControl: #internalShutdownAudio [keepAudioOpen: false, forced: true]
02-25 22:02:04.461 20270 21092 I RecognitionAudioControl: #actualShutdownAudio
02-25 22:02:04.461 20270 21092 I AudioController: #shutdown [requestId=8436880163756277396]
02-25 22:02:04.461 20270 21107 I AudioController: internalShutdown
02-25 22:02:04.462 20270 21118 I MicroRecognitionRunner: Stopping hotword detection.
02-25 22:02:04.503 30302 30302 D FirebaseApp: com.google.firebase.auth.FirebaseAuth is not linked. Skipping initialization.
02-25 22:02:04.504 30302 30302 D FirebaseApp: com.google.firebase.crash.FirebaseCrash is not linked. Skipping initialization.
02-25 22:02:04.504 30302 30302 I FirebaseInitProvider: FirebaseApp initialization successful
02-25 22:02:04.514   788   788 D audio_hw_primary: disable_audio_route: usecase(9) reset and update mixer path: audio-record
02-25 22:02:04.515   788   788 D audio_hw_primary: disable_snd_device: snd_device(120: voice-rec-mic)
02-25 22:02:04.516  1012  4918 D APM_AudioPolicyManager: stopInput() input 163798, session 163905
02-25 22:02:04.517   788   788 D audio_hw_primary: in_set_parameters: enter: kvpairs=routing=0
02-25 22:02:04.518 20270 21107 I MicrophoneInputStream: mic_close  SR : 16000 CC : 16 SO : 1999
02-25 22:02:04.519 20270 21107 E AudioSource: Stop listening is called on already closed AudioSource
02-25 22:02:04.520 20270 21400 I MicroRecognitionRunner: Detection finished
02-25 22:02:04.564 30302 30302 D FennecProfile: profiles.ini: true
02-25 22:02:04.568 30302 30302 D FennecProfile: Ignoring line in [general] section: StartWithLastProfile=1
02-25 22:02:04.568 30302 30302 D FennecProfile: Found 1 profiles
02-25 22:02:04.568 30302 30302 D FennecProfile: Found default profile: FennecProfile(name=default, path=/data/user/0/org.mozilla.fennec_aurora/files/mozilla/1jxrf9v4.default, default=true)
02-25 22:02:04.569 30302 30321 I FA      : Collection disabled with firebase_analytics_collection_enabled=0
02-25 22:02:04.569 30302 30321 I FA      : App measurement is starting up, version: 12780
02-25 22:02:04.569 30302 30321 I FA      : To enable debug logging run: adb shell setprop log.tag.FA VERBOSE
02-25 22:02:04.569 30302 30321 I FA      : To enable faster debug mode event logging run:
02-25 22:02:04.569 30302 30321 I FA      :   adb shell setprop debug.firebase.analytics.app org.mozilla.fennec_aurora
02-25 22:02:04.573 30302 30302 D FennecMigrator: No migrations to run. Fennec install - false.
02-25 22:02:04.589 30302 30302 D FenixApplication: Initializing Glean (uploadEnabled=true, isFennec=true)
02-25 22:02:04.599 30302 30329 D RustNativeSupport: findMegazordLibraryName(viaduct, 0.50.0
02-25 22:02:04.599 30302 30329 D RustNativeSupport: lib in use: none
02-25 22:02:04.599 30302 30329 D RustNativeSupport: lib configured: fenix
02-25 22:02:04.599 30302 30329 D RustNativeSupport: lib version configured: 0.50.0
02-25 22:02:04.599 30302 30329 D RustNativeSupport: settled on fenix
02-25 22:02:04.616 30302 30328 D libglean_ffi: glean_ffi: Android logging should be hooked up!
02-25 22:02:04.620 30302 30328 I glean/Glean: Registering pings for mozilla.telemetry.glean.GleanMetrics.Pings
02-25 22:02:04.623 30302 30328 I libglean_ffi: glean_core: Creating new Glean
02-25 22:02:04.623 30302 30328 D libglean_ffi: glean_core::database: Database path: "/data/user/0/org.mozilla.fennec_aurora/glean_data/db"
02-25 22:02:04.623 30302 30328 I libglean_ffi: glean_core::database: Database initialized
02-25 22:02:04.624 30302 30328 I libglean_ffi: glean_ffi: Glean initialized
02-25 22:02:04.625 30302 30329 D RustNativeSupport: findMegazordLibraryName(rustlog, 0.50.0
02-25 22:02:04.625 30302 30329 D RustNativeSupport: lib in use: none
02-25 22:02:04.625 30302 30329 D RustNativeSupport: lib configured: fenix
02-25 22:02:04.625 30302 30329 D RustNativeSupport: lib version configured: 0.50.0
02-25 22:02:04.625 30302 30329 D RustNativeSupport: settled on fenix
02-25 22:02:04.627 30302 30329 I rc_log_ffi::ios: rc_log adapter initialized!
02-25 22:02:04.638 30302 30328 D glean/MetricsPingSched: The 'metrics' ping was last sent on Tue Feb 25 00:00:00 EST 2020
02-25 22:02:04.639 30302 30328 I glean/MetricsPingSched: The 'metrics' ping was already sent today, Tue Feb 25 22:02:04 EST 2020.
02-25 22:02:04.639 30302 30328 D glean/MetricsPingSched: Scheduling the 'metrics' ping in 21475374ms
02-25 22:02:04.640 30302 30328 D libglean_ffi: glean_core: Clearing Lifetime::Application metrics
02-25 22:02:04.648 30302 30302 D GeckoThread: State changed to LAUNCHED
02-25 22:02:04.648 30302 30335 I GeckoThread: preparing to run Gecko
02-25 22:02:04.656 30302 30302 D GeckoRuntime: Lifecycle: onCreate
02-25 22:02:04.656 30302 30335 D GeckoThread: State changed to MOZGLUE_READY
02-25 22:02:04.668 30302 30335 W Settings: Setting animator_duration_scale has moved from android.provider.Settings.System to android.provider.Settings.Global, returning read-only global URI.
02-25 22:02:04.669 30302 30302 I zygote  : Deoptimizing java.lang.Object androidx.collection.SimpleArrayMap.put(java.lang.Object, java.lang.Object) due to JIT inline cache
02-25 22:02:04.670 30302 30335 E GeckoLibLoad: Load sqlite start
02-25 22:02:04.675 30302 30302 D GleanMetricsService: Enabling Glean.
02-25 22:02:04.690 30302 30335 W GeckoLinker: /data/app/org.mozilla.fennec_aurora-ELdap3uMe5cv7ZErf3RBBQ==/lib/arm/libnss3.so: unhandled flags #8 not handled
02-25 22:02:04.693 30302 30328 I libglean_ffi: glean_core: Upload enabled: true
02-25 22:02:04.696 30302 30335 W GeckoLinker: /data/app/org.mozilla.fennec_aurora-ELdap3uMe5cv7ZErf3RBBQ==/lib/arm/libnss3.so: Relocation to NULL @0x001b8ffc for symbol "__cxa_type_match"
02-25 22:02:04.696 30302 30335 E GeckoLibLoad: Load sqlite done
02-25 22:02:04.696 30302 30335 E GeckoLibLoad: Load nss start
02-25 22:02:04.696 30302 30335 E GeckoLibLoad: Load nss done
02-25 22:02:04.697 30302 30335 W GeckoLinker: /data/app/org.mozilla.fennec_aurora-ELdap3uMe5cv7ZErf3RBBQ==/lib/arm/libxul.so: unhandled flags #8 not handled
02-25 22:02:04.697 30302 30335 W GeckoLinker: /data/app/org.mozilla.fennec_aurora-ELdap3uMe5cv7ZErf3RBBQ==/lib/arm/liblgpllibs.so: unhandled flags #8 not handled
02-25 22:02:04.716 30302 30302 W [WARNING][Leanplum]: [com.leanplum.internal.ActionManager::getLocationManager::8]: Geofencing support requires leanplum-location module and Google Play Services v8.1 and higher.
02-25 22:02:04.716 30302 30302 W [WARNING][Leanplum]: Add this to your build.gradle file:
02-25 22:02:04.716 30302 30302 W [WARNING][Leanplum]: implementation 'com.google.android.gms:play-services-location:8.3.0+'
02-25 22:02:04.716 30302 30302 W [WARNING][Leanplum]: implementation 'com.leanplum:leanplum-location:+'
02-25 22:02:04.718 30302 30302 I [INFO][Leanplum]: [com.leanplum.monitoring.ExceptionHandler::setContext::6]: LeanplumExceptionHandler could not initialize Exception Reporting.This is expected if you have not included the leanplum-monitoring module
02-25 22:02:04.718 30302 30302 I AdjustMetricsService: No adjust token defined
02-25 22:02:04.725 30302 30302 I FirefoxAccountStateMachine: Enabling/updating sync with a new SyncConfig: SyncConfig(supportedEngines=[mozilla.components.service.fxa.SyncEngine$History@1150cf5, mozilla.components.service.fxa.SyncEngine$Bookmarks@a675a8a, mozilla.components.service.fxa.SyncEngine$Passwords@c53c8fb], syncPeriodInMinutes=240)
02-25 22:02:04.730 30302 30302 I BgSyncManager: Periodic syncing enabled at a 240 interval
02-25 22:02:04.731 30302 30302 I FirefoxAccountStateMachine: Sync is enabled
02-25 22:02:04.733 30302 30338 I [INFO][Leanplum]: [com.leanplum.LeanplumFcmProvider::isManifestSetup::11]: Firebase Messaging is setup correctly.
02-25 22:02:04.736 30302 30302 D PushConfig: Creating push configuration for autopush.
02-25 22:02:04.738 30302 30335 E GeckoLibLoad: Loaded libs in 40.778129ms total, 30ms(106ms) user, 6ms(23ms) system, 0(0) faults
02-25 22:02:04.738 30302 30335 D GeckoThread: State changed to LIBS_READY
02-25 22:02:04.746 30302 30335 W GeckoThread: zerdatime 15214218513 - runGecko
02-25 22:02:04.751 30302 30335 D GeckoProfile: Loading profile at: null name: default
02-25 22:02:04.752 30302 30335 D GeckoProfile: Found profile dir: /data/user/0/org.mozilla.fennec_aurora/files/mozilla/1jxrf9v4.default
02-25 22:02:04.755 30302 30349 I FirefoxAccountStateMachine: Processing event Event$Init for state Start. Next state is Start
02-25 22:02:04.755 30302 30302 I App     : AutoPushFeature is configured, initializing it...
02-25 22:02:04.755 30302 30302 I AutoPushFeature: Checking validity of push subscriptions.
02-25 22:02:04.771 30302 30302 D FennecProfile: profiles.ini: true
02-25 22:02:04.774 30302 30302 D FennecProfile: Ignoring line in [general] section: StartWithLastProfile=1
02-25 22:02:04.774 30302 30302 D FennecProfile: Found 1 profiles
02-25 22:02:04.775 30302 30302 D FennecProfile: Found default profile: FennecProfile(name=default, path=/data/user/0/org.mozilla.fennec_aurora/files/mozilla/1jxrf9v4.default, default=true)
02-25 22:02:04.778 30302 30349 I FirefoxAccountStateMachine: Ran 'Event$Init' side-effects for state Start, got successive event Event$AccountNotFound
02-25 22:02:04.778 30302 30349 I FirefoxAccountStateMachine: Processing event Event$AccountNotFound for state Start. Next state is NotAuthenticated
02-25 22:02:04.783 30302 30349 D RustNativeSupport: findMegazordLibraryName(fxaclient, 0.50.0
02-25 22:02:04.783 30302 30349 D RustNativeSupport: lib in use: none
02-25 22:02:04.784 30302 30349 D RustNativeSupport: lib configured: fenix
02-25 22:02:04.784 30302 30349 D RustNativeSupport: lib version configured: 0.50.0
02-25 22:02:04.784 30302 30349 D RustNativeSupport: settled on fenix
02-25 22:02:04.786 30302 30302 D FennecMigrator: This is not a Fennec installation. No migration needed.
02-25 22:02:04.787 30302 30349 D fxaclient_ffi: fxa_new
02-25 22:02:04.809 30302 30302 D GeckoRuntime: Lifecycle: onStart
02-25 22:02:04.817 30302 30302 I [INFO][Leanplum]: [com.leanplum.internal.RequestOld::sendIfConnected::4]: Device is offline, will send later
02-25 22:02:04.824 30302 30302 D GeckoRuntime: Lifecycle: onResume
02-25 22:02:04.825 30302 30302 D GeckoNetworkManager: Incoming event start for state OffNoListeners -> OnNoListeners
02-25 22:02:04.826 30302 30302 D GeckoNetworkManager: New network state: DOWN, NONE, UNKNOWN
02-25 22:02:04.828 30302 30307 I zygote  : Do partial code cache collection, code=28KB, data=30KB
02-25 22:02:04.830 30302 30307 I zygote  : After code cache collection, code=26KB, data=30KB
02-25 22:02:04.830 30302 30307 I zygote  : Increasing code cache capacity to 128KB
02-25 22:02:04.849 30302 30365 D OpenGLRenderer: HWUI GL Pipeline
02-25 22:02:04.866 30302 30302 I glean/Glean: Registering pings for org.mozilla.fenix.GleanMetrics.Pings
02-25 22:02:04.882 30302 30302 D App     : ActivationPing - already generated
02-25 22:02:04.939  1456  2204 I ActivityManager: START u0 {act=android.intent.action.VIEW dat=about:blank typ=text/html cmp=org.mozilla.fennec_aurora/org.mozilla.fenix.HomeActivity (has extras)} from uid 11040
02-25 22:02:04.951 30302 30302 D GeckoNetworkManager: Incoming event receivedUpdate for state OnNoListeners -> OnNoListeners
02-25 22:02:04.952 30302 30302 D GeckoNetworkManager: New network state: DOWN, NONE, UNKNOWN
02-25 22:02:04.965 30302 30365 I Adreno  : QUALCOMM build                   : bb5b86c, I77d3059488
02-25 22:02:04.965 30302 30365 I Adreno  : Build Date                       : 06/07/18
02-25 22:02:04.965 30302 30365 I Adreno  : OpenGL ES Shader Compiler Version: EV031.22.00.01_06
02-25 22:02:04.965 30302 30365 I Adreno  : Local Branch                     : 
02-25 22:02:04.965 30302 30365 I Adreno  : Remote Branch                    : refs/tags/AU_LINUX_ANDROID_LA.UM.6.5.R1.08.01.00.312.086
02-25 22:02:04.965 30302 30365 I Adreno  : Remote Branch                    : NONE
02-25 22:02:04.965 30302 30365 I Adreno  : Reconstruct Branch               : NOTHING
02-25 22:02:04.965 30302 30365 D vndksupport: Loading /vendor/lib/hw/gralloc.msm8937.so from current namespace instead of sphal namespace.
02-25 22:02:04.979 30302 30365 I Adreno  : PFP: 0x005ff087, ME: 0x005ff063
02-25 22:02:04.986 30302 30307 I zygote  : Do partial code cache collection, code=55KB, data=46KB
02-25 22:02:04.988 30302 30307 I zygote  : After code cache collection, code=47KB, data=41KB
02-25 22:02:04.988 30302 30307 I zygote  : Increasing code cache capacity to 256KB
02-25 22:02:04.991 30302 30365 I zygote  : android::hardware::configstore::V1_0::ISurfaceFlingerConfigs::hasWideColorDisplay retrieved: 0
02-25 22:02:04.993 30302 30365 I OpenGLRenderer: Initialized EGL, version 1.4
02-25 22:02:04.993 30302 30365 D OpenGLRenderer: Swap behavior 2
02-25 22:02:05.018 30302 30302 D MigrationPushRenewer: Migration state: NONE
02-25 22:02:05.019 30302 30302 D MigrationTelemetryListener: Migration state: NONE
02-25 22:02:05.022  1456  1889 I WindowManager: Keep hide if surface has never drawn Window{c861607 u0 org.mozilla.fennec_aurora/org.mozilla.fenix.IntentReceiverActivity}
02-25 22:02:05.025  1456  1889 I WindowManager: Failed to capture screenshot of Token{db451f ActivityRecord{d460be u0 org.mozilla.fennec_aurora/org.mozilla.fenix.IntentReceiverActivity t29564 f}} appWin=Window{c861607 u0 org.mozilla.fennec_aurora/org.mozilla.fenix.IntentReceiverActivity} drawState=3
02-25 22:02:05.029  1456  1673 I LaunchCheckinHandler: Displayed org.mozilla.fennec_aurora/org.mozilla.fenix.IntentReceiverActivity,cp,ca,668
02-25 22:02:05.057 30302 30302 D PhoneWindow: Restoring navigation bar divider color to default value = 0x00000000
02-25 22:02:05.115 30302 30302 I NavController: Ignoring popBackStack to destination org.mozilla.fennec_aurora:id/browserFragment as it was not found on the current back stack
02-25 22:02:05.122 30302 30335 I Gecko:DumpUtils: Fifo watcher disabled via pref.
02-25 22:02:05.152 30302 30335 D GeckoSysInfo: System memory: 1867MB.
02-25 22:02:05.155 30302 30335 D GeckoThread: State changed to JNI_READY
02-25 22:02:05.176  1456  2204 I ActivityManager: Start proc 30392:org.mozilla.fennec_aurora:tab/u0a1040 for service org.mozilla.fennec_aurora/org.mozilla.gecko.process.GeckoChildProcessServices$tab
02-25 22:02:05.293  1456  2204 I ActivityManager: Start proc 30410:org.mozilla.fennec_aurora:socket/u0a1040 for service org.mozilla.fennec_aurora/org.mozilla.gecko.process.GeckoChildProcessServices$socket
02-25 22:02:05.311 30392 30392 D GeckoThread: State changed to LAUNCHED
02-25 22:02:05.312 30392 30422 I GeckoThread: preparing to run Gecko
02-25 22:02:05.331 30302 30331 D RustNativeSupport: findMegazordLibraryName(places, 0.50.0
02-25 22:02:05.332 30302 30331 D RustNativeSupport: lib in use: none
02-25 22:02:05.332 30302 30331 D RustNativeSupport: lib configured: fenix
02-25 22:02:05.332 30302 30331 D RustNativeSupport: lib version configured: 0.50.0
02-25 22:02:05.332 30302 30331 D RustNativeSupport: settled on fenix
02-25 22:02:05.337 30302 30331 D places_ffi: places_api_new
02-25 22:02:05.384 30302 30331 D sql_support::conn_ext: Transaction commited after 33.143545ms
02-25 22:02:05.385 30302 30331 D places_ffi: places_connection_new
02-25 22:02:05.389 30302 30331 D places_ffi: places_connection_new
02-25 22:02:05.405 30302 30331 D places_ffi: bookmarks_get_all_with_url
02-25 22:02:05.424 30302 30349 W FirefoxAccountStateMachine: Got invalid event Event$Init for state NotAuthenticated.
02-25 22:02:05.428 30410 30410 D GeckoThread: State changed to LAUNCHED
02-25 22:02:05.429 30410 30429 I GeckoThread: preparing to run Gecko
02-25 22:02:05.435 30302 30302 E [ERROR][Leanplum]: [com.leanplum.LeanplumFcmProvider$1::onComplete::2]: getInstanceId failed
02-25 22:02:05.490 30410 30429 D GeckoThread: State changed to MOZGLUE_READY
02-25 22:02:05.502 30410 30429 W Settings: Setting animator_duration_scale has moved from android.provider.Settings.System to android.provider.Settings.Global, returning read-only global URI.
02-25 22:02:05.507 30410 30429 E GeckoLibLoad: Load sqlite start
02-25 22:02:05.526 30410 30429 W GeckoLinker: /data/app/org.mozilla.fennec_aurora-ELdap3uMe5cv7ZErf3RBBQ==/lib/arm/libnss3.so: unhandled flags #8 not handled
02-25 22:02:05.527 30302 30307 I zygote  : Do full code cache collection, code=126KB, data=95KB
02-25 22:02:05.527 30302 30425 W LOTTIE  : Animation contains merge paths. Merge paths are only supported on KitKat+ and must be manually enabled by calling enableMergePathsForKitKatAndAbove().
02-25 22:02:05.529 30302 30307 I zygote  : After code cache collection, code=97KB, data=61KB
02-25 22:02:05.532 30410 30429 W GeckoLinker: /data/app/org.mozilla.fennec_aurora-ELdap3uMe5cv7ZErf3RBBQ==/lib/arm/libnss3.so: Relocation to NULL @0x001b8ffc for symbol "__cxa_type_match"
02-25 22:02:05.532 30410 30429 E GeckoLibLoad: Load sqlite done
02-25 22:02:05.532 30410 30429 E GeckoLibLoad: Load nss start
02-25 22:02:05.532 30410 30429 E GeckoLibLoad: Load nss done
02-25 22:02:05.532 30410 30429 W GeckoLinker: /data/app/org.mozilla.fennec_aurora-ELdap3uMe5cv7ZErf3RBBQ==/lib/arm/libxul.so: unhandled flags #8 not handled
02-25 22:02:05.533 30410 30429 W GeckoLinker: /data/app/org.mozilla.fennec_aurora-ELdap3uMe5cv7ZErf3RBBQ==/lib/arm/liblgpllibs.so: unhandled flags #8 not handled
02-25 22:02:05.564 30410 30429 E GeckoLibLoad: Loaded libs in 32.085524ms total, 16ms(16ms) user, 16ms(13ms) system, 0(0) faults
02-25 22:02:05.565 30410 30429 D GeckoThread: State changed to LIBS_READY
02-25 22:02:05.565 30410 30429 W GeckoThread: zerdatime 15214219332 - runGecko
02-25 22:02:05.585  1456  4829 I ActivityManager: Displayed org.mozilla.fennec_aurora/org.mozilla.fenix.HomeActivity: +585ms (total +1s224ms)
02-25 22:02:05.585  1456  4829 I ActivityManager: Fully drawn org.mozilla.fennec_aurora/org.mozilla.fenix.HomeActivity: +585ms (total +1s224ms)
02-25 22:02:05.644 30302 30365 D vndksupport: Loading /vendor/lib/hw/android.hardware.graphics.mapper@2.0-impl.so from current namespace instead of sphal namespace.
02-25 22:02:05.646 30302 30365 D vndksupport: Loading /vendor/lib/hw/gralloc.msm8937.so from current namespace instead of sphal namespace.
02-25 22:02:05.691 30302 30302 W LOTTIE  : Animation contains merge paths but they are disabled.
02-25 22:02:05.697 30302 30307 I zygote  : Do partial code cache collection, code=117KB, data=86KB
02-25 22:02:05.700 30302 30307 I zygote  : After code cache collection, code=117KB, data=86KB
02-25 22:02:05.700 30302 30307 I zygote  : Increasing code cache capacity to 512KB
02-25 22:02:05.764 30410 30429 D GeckoThread: State changed to RUNNING
02-25 22:02:05.774 20270 20270 I MemoryTrimmer: Trimming objects from memory, since app is in the background.
02-25 22:02:05.782 20270 21092 E AudioSource: Stop listening is called on already closed AudioSource
02-25 22:02:05.784 20270  3790 I PBSessionCacheImpl: Deleted sessionId[89149984825584436] from persistence.
02-25 22:02:05.786 20270 23357 E chromium: [ERROR:aw_gl_functor.cc(102)] Received unexpected kModeProcessNoContext
02-25 22:02:05.786 20270 23357 E libEGL  : call to OpenGL ES API with no current context (logged once per thread)
02-25 22:02:05.788 20270 20270 I MemoryTrimmer: Trimming objects from memory, since app is in the background.
02-25 22:02:05.793  1456  2204 I WifiService: getWifiEnabledState uid=10073
02-25 22:02:05.794 20270 21092 I DEBUG   : OpaToSrpTransitionState#onStateChanged#notNullQuery
02-25 22:02:05.795 20270 21092 I DEBUG   : OpaToSrpTransitionState#onStateChanged#notNullQuery
02-25 22:02:05.797 20270 21092 W SearchServiceCore: Abort, client detached.
02-25 22:02:05.797 20270 21092 I chatty  : uid=10073(com.google.android.googlequicksearchbox) EventBus0 identical 1 line
02-25 22:02:05.798 20270 21092 W SearchServiceCore: Abort, client detached.
02-25 22:02:05.944 30302 30335 I Gecko   : 1582686125941	addons.xpi	WARN	List of valid built-in add-ons could not be parsed.: [Exception... "Component returned failure code: 0x80520012 (NS_ERROR_FILE_NOT_FOUND) [nsIXPCComponents_Utils.readUTF8URI]"  nsresult: "0x80520012 (NS_ERROR_FILE_NOT_FOUND)"  location: "JS frame :: resource://gre/modules/addons/XPIProvider.jsm :: startup :: line 2372"  data: no] Stack trace: startup()@resource://gre/modules/addons/XPIProvider.jsm:2372
02-25 22:02:05.944 30302 30335 I Gecko   : callProvider()@resource://gre/modules/AddonManager.jsm:215
02-25 22:02:05.944 30302 30335 I Gecko   : _startProvider()@resource://gre/modules/AddonManager.jsm:587
02-25 22:02:05.944 30302 30335 I Gecko   : startup()@resource://gre/modules/AddonManager.jsm:811
02-25 22:02:05.944 30302 30335 I Gecko   : startup()@resource://gre/modules/AddonManager.jsm:3482
02-25 22:02:05.944 30302 30335 I Gecko   : observe()@resource://gre/modules/addonManager.js:87
02-25 22:02:06.068   808   898 I SFPerfTracer:      triggers: (rate: 0:1) (0 sw vsyncs) (0 skipped) (22:4673709 vsyncs) (24:10533199)
02-25 22:02:06.105 30302 30335 D GeckoThread: State changed to PROFILE_READY
02-25 22:02:06.186 30302 30335 D GeckoThread: State changed to RUNNING
02-25 22:02:06.202 30302 30335 W GeckoEventDispatcher: No listener for AndroidCastDevice:SyncDevice
02-25 22:02:06.208 30302 30335 I Gecko   : -*- nsDNSServiceDiscovery.js : nsDNSServiceDiscovery
02-25 22:02:06.307 30302 30335 W ResourceType: Too many attribute references, stopped at: 0x01010099
02-25 22:02:06.412 30302 30302 D GeckoNetworkManager: Incoming event enableNotifications for state OnNoListeners -> OnWithListeners
02-25 22:02:06.413 30302 30302 D GeckoNetworkManager: New network state: DOWN, NONE, UNKNOWN
02-25 22:02:06.414 30302 30302 D GeckoNetworkManager: Incoming event receivedUpdate for state OnWithListeners -> OnWithListeners
02-25 22:02:06.415 30302 30302 D GeckoNetworkManager: New network state: DOWN, NONE, UNKNOWN
02-25 22:02:06.418 30302 30335 W GeckoLinker: /data/app/org.mozilla.fennec_aurora-ELdap3uMe5cv7ZErf3RBBQ==/lib/arm/libsoftokn3.so: unhandled flags #8 not handled
02-25 22:02:06.419 30302 30335 W GeckoLinker: /data/app/org.mozilla.fennec_aurora-ELdap3uMe5cv7ZErf3RBBQ==/lib/arm/libsoftokn3.so: Relocation to NULL @0x0002cffc for symbol "__cxa_type_match"
02-25 22:02:06.419 30302 30335 W GeckoLinker: /data/app/org.mozilla.fennec_aurora-ELdap3uMe5cv7ZErf3RBBQ==/lib/arm/libfreebl3.so: unhandled flags #8 not handled
02-25 22:02:06.420 30302 30335 W GeckoLinker: /data/app/org.mozilla.fennec_aurora-ELdap3uMe5cv7ZErf3RBBQ==/lib/arm/libfreebl3.so: Relocation to NULL @0x0004fffc for symbol "__cxa_type_match"
02-25 22:02:06.450 30302 30469 W GeckoLinker: /data/app/org.mozilla.fennec_aurora-ELdap3uMe5cv7ZErf3RBBQ==/lib/arm/libnssckbi.so: unhandled flags #8 not handled
02-25 22:02:06.451 30302 30469 W GeckoLinker: /data/app/org.mozilla.fennec_aurora-ELdap3uMe5cv7ZErf3RBBQ==/lib/arm/libnssckbi.so: Relocation to NULL @0x00055ffc for symbol "__cxa_type_match"
02-25 22:02:06.469 30302 30335 W GeckoEventDispatcher: No listener for GeckoView:AccessibilityEnabled
02-25 22:02:06.473  1023 30479 D libc    : Internal error: netid(0), id(0xbdf8), server(0.0.0.0)
02-25 22:02:06.473  1023 30479 D libc    : Internal error: netid(0), id(0xbdf8), server(0.0.0.0)
02-25 22:02:06.473  1023 30479 D libc    : Internal error: netid(0), id(0x66ee), server(0.0.0.0)
02-25 22:02:06.473  1023 30479 D libc    : Internal error: netid(0), id(0x66ee), server(0.0.0.0)
02-25 22:02:06.611  1023 30483 D libc    : Internal error: netid(0), id(0x4f0), server(0.0.0.0)
02-25 22:02:06.611  1023 30483 D libc    : Internal error: netid(0), id(0x4f0), server(0.0.0.0)
02-25 22:02:06.611  1023 30483 D libc    : Internal error: netid(0), id(0x8b1), server(0.0.0.0)
02-25 22:02:06.611  1023 30483 D libc    : Internal error: netid(0), id(0x8b1), server(0.0.0.0)
02-25 22:02:06.612  1023 30485 D libc    : Internal error: netid(0), id(0xbb89), server(0.0.0.0)
02-25 22:02:06.612  1023 30485 D libc    : Internal error: netid(0), id(0xbb89), server(0.0.0.0)
02-25 22:02:06.612  1023 30485 D libc    : Internal error: netid(0), id(0xd6c0), server(0.0.0.0)
02-25 22:02:06.613  1023 30485 D libc    : Internal error: netid(0), id(0xd6c0), server(0.0.0.0)
02-25 22:02:06.614  1023 30488 D libc    : Internal error: netid(0), id(0x32f4), server(0.0.0.0)
02-25 22:02:06.614  1023 30488 D libc    : Internal error: netid(0), id(0x32f4), server(0.0.0.0)
02-25 22:02:06.615  1023 30488 D libc    : Internal error: netid(0), id(0xba2), server(0.0.0.0)
02-25 22:02:06.615  1023 30488 D libc    : Internal error: netid(0), id(0xba2), server(0.0.0.0)
02-25 22:02:06.634 30302 30335 W ResourceType: Too many attribute references, stopped at: 0x01010099
02-25 22:02:06.674 30302 30329 D App     : Could not fetch region from location service
02-25 22:02:06.674 30302 30329 D App     : java.io.IOException: org.mozilla.geckoview.WebRequestError: Request failed, error=0x25, category=0x5
02-25 22:02:06.674 30302 30329 D App     : 	at mozilla.components.browser.engine.gecko.fetch.GeckoViewFetchClient.fetch(GeckoViewFetchClient.kt:39)
02-25 22:02:06.674 30302 30329 D App     : 	at mozilla.components.service.location.MozillaLocationService$fetchRegion$2.invokeSuspend(MozillaLocationService.kt:27)
02-25 22:02:06.674 30302 30329 D App     : 	at mozilla.components.service.location.MozillaLocationService$fetchRegion$2.invoke(Unknown Source:10)
02-25 22:02:06.674 30302 30329 D App     : 	at kotlin.jvm.internal.Intrinsics.startUndispatchedOrReturn(Intrinsics.java:2)
02-25 22:02:06.674 30302 30329 D App     : 	at kotlin.jvm.internal.Intrinsics.withContext(Intrinsics.java:9)
02-25 22:02:06.674 30302 30329 D App     : 	at mozilla.components.service.location.MozillaLocationService.fetchRegion(MozillaLocationService.kt:2)
02-25 22:02:06.674 30302 30329 D App     : 	at mozilla.components.service.location.search.RegionSearchLocalizationProvider.determineRegion(RegionSearchLocalizationProvider.kt:5)
02-25 22:02:06.674 30302 30329 D App     : 	at mozilla.components.browser.search.provider.AssetsSearchEngineProvider.loadSearchEngines(AssetsSearchEngineProvider.kt:5)
02-25 22:02:06.674 30302 30329 D App     : 	at org.mozilla.fenix.components.searchengine.FenixSearchEngineProvider$baseSearchEngines$1.invokeSuspend(FenixSearchEngineProvider.kt:9)
02-25 22:02:06.674 30302 30329 D App     : 	at kotlin.coroutines.jvm.internal.BaseContinuationImpl.resumeWith(ContinuationImpl.kt:2)
02-25 22:02:06.674 30302 30329 D App     : 	at kotlinx.coroutines.DispatchedTask.run(DispatchedTask.kt:15)
02-25 22:02:06.674 30302 30329 D App     : 	at kotlinx.coroutines.scheduling.CoroutineScheduler.runSafely(CoroutineScheduler.kt:1)
02-25 22:02:06.674 30302 30329 D App     : 	at kotlinx.coroutines.scheduling.CoroutineScheduler$Worker.run(CoroutineScheduler.kt:15)
02-25 22:02:06.674 30302 30329 D App     : Caused by: org.mozilla.geckoview.WebRequestError: Request failed, error=0x25, category=0x5
02-25 22:02:06.674 30302 30329 D App     : 	at org.mozilla.gecko.mozglue.GeckoLoader.nativeRun(Native Method)
02-25 22:02:06.674 30302 30329 D App     : 	at org.mozilla.gecko.GeckoThread.run(GeckoThread.java:91)
02-25 22:02:06.674 30302 30358 D App     : Could not fetch region from location service
02-25 22:02:06.674 30302 30358 D App     : java.io.IOException: org.mozilla.geckoview.WebRequestError: Request failed, error=0x25, category=0x5
02-25 22:02:06.674 30302 30358 D App     : 	at mozilla.components.browser.engine.gecko.fetch.GeckoViewFetchClient.fetch(GeckoViewFetchClient.kt:39)
02-25 22:02:06.674 30302 30358 D App     : 	at mozilla.components.service.location.MozillaLocationService$fetchRegion$2.invokeSuspend(MozillaLocationService.kt:27)
02-25 22:02:06.674 30302 30358 D App     : 	at kotlin.coroutines.jvm.internal.BaseContinuationImpl.resumeWith(ContinuationImpl.kt:2)
02-25 22:02:06.674 30302 30358 D App     : 	at kotlinx.coroutines.DispatchedTask.run(DispatchedTask.kt:15)
02-25 22:02:06.674 30302 30358 D App     : 	at kotlinx.coroutines.scheduling.CoroutineScheduler.runSafely(CoroutineScheduler.kt:1)
02-25 22:02:06.674 30302 30358 D App     : 	at kotlinx.coroutines.scheduling.CoroutineScheduler$Worker.run(CoroutineScheduler.kt:15)
02-25 22:02:06.674 30302 30358 D App     : Caused by: org.mozilla.geckoview.WebRequestError: Request failed, error=0x25, category=0x5
02-25 22:02:06.674 30302 30358 D App     : 	at org.mozilla.gecko.mozglue.GeckoLoader.nativeRun(Native Method)
02-25 22:02:06.674 30302 30358 D App     : 	at org.mozilla.gecko.GeckoThread.run(GeckoThread.java:91)
02-25 22:02:06.814 30392 30422 D GeckoThread: State changed to MOZGLUE_READY
02-25 22:02:06.821 30392 30422 W Settings: Setting animator_duration_scale has moved from android.provider.Settings.System to android.provider.Settings.Global, returning read-only global URI.
02-25 22:02:06.823 30392 30422 E GeckoLibLoad: Load sqlite start
02-25 22:02:06.841 30392 30422 W GeckoLinker: /data/app/org.mozilla.fennec_aurora-ELdap3uMe5cv7ZErf3RBBQ==/lib/arm/libnss3.so: unhandled flags #8 not handled
02-25 22:02:06.845 30392 30422 W GeckoLinker: /data/app/org.mozilla.fennec_aurora-ELdap3uMe5cv7ZErf3RBBQ==/lib/arm/libnss3.so: Relocation to NULL @0x001b8ffc for symbol "__cxa_type_match"
02-25 22:02:06.845 30392 30422 E GeckoLibLoad: Load sqlite done
02-25 22:02:06.846 30392 30422 E GeckoLibLoad: Load nss start
02-25 22:02:06.846 30392 30422 E GeckoLibLoad: Load nss done
02-25 22:02:06.846 30392 30422 W GeckoLinker: /data/app/org.mozilla.fennec_aurora-ELdap3uMe5cv7ZErf3RBBQ==/lib/arm/libxul.so: unhandled flags #8 not handled
02-25 22:02:06.846 30392 30422 W GeckoLinker: /data/app/org.mozilla.fennec_aurora-ELdap3uMe5cv7ZErf3RBBQ==/lib/arm/liblgpllibs.so: unhandled flags #8 not handled
02-25 22:02:06.854 30302 30335 I GeckoSession: zerdatime 15214220621 - chrome startup finished
02-25 22:02:06.878 30392 30422 E GeckoLibLoad: Loaded libs in 32.103909ms total, 23ms(23ms) user, 10ms(10ms) system, 0(0) faults
02-25 22:02:06.878 30392 30422 D GeckoThread: State changed to LIBS_READY
02-25 22:02:06.878 30392 30422 W GeckoThread: zerdatime 15214220646 - runGecko
02-25 22:02:06.919 30302 30331 D App     : Could not fetch region from location service
02-25 22:02:06.919 30302 30331 D App     : java.io.IOException: org.mozilla.geckoview.WebRequestError: Request failed, error=0x25, category=0x5
02-25 22:02:06.919 30302 30331 D App     : 	at mozilla.components.browser.engine.gecko.fetch.GeckoViewFetchClient.fetch(GeckoViewFetchClient.kt:39)
02-25 22:02:06.919 30302 30331 D App     : 	at mozilla.components.service.location.MozillaLocationService$fetchRegion$2.invokeSuspend(MozillaLocationService.kt:27)
02-25 22:02:06.919 30302 30331 D App     : 	at mozilla.components.service.location.MozillaLocationService$fetchRegion$2.invoke(Unknown Source:10)
02-25 22:02:06.919 30302 30331 D App     : 	at kotlin.jvm.internal.Intrinsics.startUndispatchedOrReturn(Intrinsics.java:2)
02-25 22:02:06.919 30302 30331 D App     : 	at kotlin.jvm.internal.Intrinsics.withContext(Intrinsics.java:9)
02-25 22:02:06.919 30302 30331 D App     : 	at mozilla.components.service.location.MozillaLocationService.fetchRegion(MozillaLocationService.kt:2)
02-25 22:02:06.919 30302 30331 D App     : 	at mozilla.components.service.location.search.RegionSearchLocalizationProvider.determineRegion(RegionSearchLocalizationProvider.kt:5)
02-25 22:02:06.919 30302 30331 D App     : 	at mozilla.components.browser.search.provider.AssetsSearchEngineProvider.loadSearchEngines(AssetsSearchEngineProvider.kt:5)
02-25 22:02:06.919 30302 30331 D App     : 	at org.mozilla.fenix.components.searchengine.FenixSearchEngineProvider$bundledSearchEngines$1.invokeSuspend(FenixSearchEngineProvider.kt:21)
02-25 22:02:06.919 30302 30331 D App     : 	at kotlin.coroutines.jvm.internal.BaseContinuationImpl.resumeWith(ContinuationImpl.kt:2)
02-25 22:02:06.919 30302 30331 D App     : 	at kotlinx.coroutines.DispatchedTask.run(DispatchedTask.kt:15)
02-25 22:02:06.919 30302 30331 D App     : 	at kotlinx.coroutines.scheduling.CoroutineScheduler.runSafely(CoroutineScheduler.kt:1)
