04-05 22:02:35.019 32113 32113 D GeckoNetworkManager: Incoming event enableNotifications for state OffNoListeners -> OffWithListeners
04-05 22:02:35.020 32113 32113 D GeckoNetworkManager: New network state: DOWN, NONE, UNKNOWN
04-05 22:02:35.162 32032 32032 D App     : Installed browser-icons extension
04-05 22:02:35.163 32032 32032 D mozac-webextensions: Installed extension: mozacWebchannel
04-05 22:02:35.164 32032 32032 D mozac-webextensions: Installed extension: mozacReaderview
04-05 22:02:35.182 32032 32032 D GeckoSession: handleMessage GeckoView:PageStart uri=about:blank
04-05 22:02:35.204 32032 32066 D GeckoScreenOrientation: unlocking
04-05 22:02:35.230 32032 32032 D GeckoSession: handleMessage GeckoView:LocationChange uri=about:blank
04-05 22:02:35.230 32032 32032 D GeckoSession: handleMessage GeckoView:PageStop uri=null
04-05 22:02:35.238 32032 32032 I SessionStorage/AutoSave: Save: Load finished
04-05 22:02:35.240 32032 32065 D SessionStorage/AutoSave: Delaying save (322ms)
04-05 22:02:35.253 32032 32032 D GeckoSession: handleMessage GeckoView:ProgressChanged uri=null
04-05 22:02:35.266 32032 32032 D GeckoSession: handleMessage GeckoView:PageStart uri=https://example.com/
04-05 22:02:35.288 32032 32032 D GeckoSession: handleMessage GeckoView:ProgressChanged uri=null
04-05 22:02:35.294 32032 32032 D GeckoSession: handleMessage GeckoView:PageStop uri=null
04-05 22:02:35.295 32032 32032 I SessionStorage/AutoSave: Save: Load finished
04-05 22:02:35.295 32032 32032 D SessionStorage/AutoSave: Skipping save, other job already in flight
04-05 22:02:35.308 32032 32032 D GeckoSession: handleMessage GeckoView:SecurityChanged uri=null
04-05 22:02:35.309 32032 32032 D GeckoSession: handleMessage GeckoView:ProgressChanged uri=null
04-05 22:02:35.315 32032 32032 D GeckoSession: handleMessage GeckoView:PageStart uri=https://example.com/
04-05 22:02:35.352 32032 32032 I zygote  : Deoptimizing java.lang.Object kotlinx.coroutines.internal.AtomicOp.perform(java.lang.Object) due to JIT inline cache
04-05 22:02:35.421 32032 32032 D GeckoSession: handleMessage GeckoView:OnLoadError uri=https://example.com/
04-05 22:02:35.427 32032 32032 I zygote  : Deoptimizing kotlin.coroutines.CoroutineContext$Element kotlin.coroutines.CoroutineContext$Element$DefaultImpls.get(kotlin.coroutines.CoroutineContext$Element, kotlin.coroutines.CoroutineContext$Key) due to JIT inline cache
04-05 22:02:35.478 32113 32137 W GeckoLinker: /data/app/org.mozilla.fennec_aurora-dsx-kqTrxUolC_gGtrXCBA==/lib/arm/libsoftokn3.so: unhandled flags #8 not handled
04-05 22:02:35.479 32113 32137 W GeckoLinker: /data/app/org.mozilla.fennec_aurora-dsx-kqTrxUolC_gGtrXCBA==/lib/arm/libsoftokn3.so: Relocation to NULL @0x0002cffc for symbol "__cxa_type_match"
04-05 22:02:35.479 32113 32137 W GeckoLinker: /data/app/org.mozilla.fennec_aurora-dsx-kqTrxUolC_gGtrXCBA==/lib/arm/libfreebl3.so: unhandled flags #8 not handled
04-05 22:02:35.480 32113 32137 W GeckoLinker: /data/app/org.mozilla.fennec_aurora-dsx-kqTrxUolC_gGtrXCBA==/lib/arm/libfreebl3.so: Relocation to NULL @0x0004fffc for symbol "__cxa_type_match"
04-05 22:02:35.484 32032 32032 D GeckoSession: handleMessage GeckoView:ProgressChanged uri=null
04-05 22:02:35.498 32032 32032 D GeckoSession: handleMessage GeckoView:PageStop uri=null
04-05 22:02:35.499 32032 32032 I SessionStorage/AutoSave: Save: Load finished
04-05 22:02:35.499 32032 32032 D SessionStorage/AutoSave: Skipping save, other job already in flight
04-05 22:02:35.526 32032 32032 D GeckoSession: handleMessage GeckoView:LocationChange uri=https://example.com/
04-05 22:02:35.537 32032 32065 D places_ffi: bookmarks_get_all_with_url
04-05 22:02:35.568 32032 32065 D SessionStorage/AutoSave: Saved state to disk [5ms]
04-05 22:02:35.569 32032 32032 D GeckoSession: handleMessage GeckoView:SecurityChanged uri=null
04-05 22:02:35.627 32032 32065 D places_ffi: places_connection_new
04-05 22:02:35.640 32032 32065 D places_ffi: places_note_observation
04-05 22:02:35.660 32032 32065 D sql_support::conn_ext: Transaction commited after 19.067658ms
04-05 22:02:35.672 32032 32032 D mozac-webcompat: Installed WebCompat webextension: webcompat@mozilla.com
04-05 22:02:35.712 32032 32065 D places_ffi: places_note_observation
04-05 22:02:35.730 32032 32065 D sql_support::conn_ext: Transaction commited after 16.934846ms
04-05 22:02:35.819 32032 32065 D places_ffi: places_note_observation
04-05 22:02:35.831 32032 32065 D sql_support::conn_ext: Transaction commited after 10.884845ms
04-05 22:02:36.071 32032 32032 I DefaultSupportedAddonsChecker: Register check for new supported add-ons
04-05 22:02:36.486 32032 32032 D GeckoSession: handleMessage GeckoView:StateUpdated uri=null
04-05 22:02:36.486 32032 32032 W GeckoSession: No history entries found.
04-05 22:02:38.533 32277 32277 D AndroidRuntime: >>>>>> START com.android.internal.os.RuntimeInit uid 2000 <<<<<<
04-05 22:02:38.545 32277 32277 W app_process: Could not reserve sentinel fault page
04-05 22:02:38.711 32277 32277 I app_process: The ClassLoaderContext is a special shared library.
04-05 22:02:38.777 32277 32277 D AndroidRuntime: Calling main entry com.android.commands.input.Input
04-05 22:02:38.779 32277 32277 I Input   : injectKeyEvent: KeyEvent { action=ACTION_DOWN, keyCode=KEYCODE_HOME, scanCode=0, metaState=0, flags=0x0, repeatCount=0, eventTime=18214614058, downTime=18214614058, deviceId=-1, source=0x101 }
04-05 22:02:38.789 32277 32277 I Input   : injectKeyEvent: KeyEvent { action=ACTION_UP, keyCode=KEYCODE_HOME, scanCode=0, metaState=0, flags=0x0, repeatCount=0, eventTime=18214614058, downTime=18214614058, deviceId=-1, source=0x101 }
04-05 22:02:38.795  1456  1941 I ActivityManager: START u0 {act=android.intent.action.MAIN cat=[android.intent.category.HOME] flg=0x10200000 cmp=com.android.launcher3/.CustomizationPanelLauncher (has extras)} from uid 1000
04-05 22:02:38.795   794   839 E ANDR-PERF-RESOURCEQS: Failed to apply optimization [4, 0]
04-05 22:02:38.808  1456  1941 I ActivityManager: moveHomeStack, setupComplete:true
04-05 22:02:38.816 28336 28375 I Adreno  : QUALCOMM build                   : bb5b86c, I77d3059488
04-05 22:02:38.816 28336 28375 I Adreno  : Build Date                       : 06/07/18
04-05 22:02:38.816 28336 28375 I Adreno  : OpenGL ES Shader Compiler Version: EV031.22.00.01_06
04-05 22:02:38.816 28336 28375 I Adreno  : Local Branch                     : 
04-05 22:02:38.816 28336 28375 I Adreno  : Remote Branch                    : refs/tags/AU_LINUX_ANDROID_LA.UM.6.5.R1.08.01.00.312.086
04-05 22:02:38.816 28336 28375 I Adreno  : Remote Branch                    : NONE
04-05 22:02:38.816 28336 28375 I Adreno  : Reconstruct Branch               : NOTHING
04-05 22:02:38.819 28336 28375 D vndksupport: Loading /vendor/lib/hw/gralloc.msm8937.so from current namespace instead of sphal namespace.
04-05 22:02:38.820 32277 32277 D AndroidRuntime: Shutting down VM
04-05 22:02:38.823 28336 28375 I Adreno  : PFP: 0x005ff087, ME: 0x005ff063
04-05 22:02:38.827 28336 28375 I zygote  : android::hardware::configstore::V1_0::ISurfaceFlingerConfigs::hasWideColorDisplay retrieved: 0
04-05 22:02:38.828 28336 28375 I OpenGLRenderer: Initialized EGL, version 1.4
04-05 22:02:38.828 28336 28375 D OpenGLRenderer: Swap behavior 2
04-05 22:02:38.832  2748  2748 D Launcher.Utilities: Wakeup weather: Intent { act=com.motorola.launcher3.action.WAKEUP_WEATHER cmp=com.motorola.timeweatherwidget/com.motorola.commandcenter.weather.WakeUpService }
04-05 22:02:38.847  1456  1456 I NotificationService: Cannot find enqueued record for key: 0|com.motorola.timeweatherwidget|1|null|10116
04-05 22:02:38.850   808   808 D SurfaceFlinger: duplicate layer name: changing com.android.launcher3/com.android.launcher3.CustomizationPanelLauncher to com.android.launcher3/com.android.launcher3.CustomizationPanelLauncher#1
04-05 22:02:38.872 32032 32032 I [INFO][Leanplum]: [com.leanplum.internal.RequestOld::sendIfConnected::4]: Device is offline, will send later
04-05 22:02:38.873 28336 28364 W ThreadPoolDumper: Queue length for executor EventBus is now 11. Perhaps some tasks are too long, or the pool is too small.
04-05 22:02:38.876  1456  3925 I WifiService: getWifiEnabledState uid=10073
04-05 22:02:38.886 32032 32032 I zygote  : Deoptimizing kotlinx.coroutines.internal.LockFreeLinkedListNode kotlinx.coroutines.internal.LockFreeLinkedListNode.correctPrev(kotlinx.coroutines.internal.OpDescriptor) due to JIT inline cache
04-05 22:02:38.886 32032 32032 D SessionManager: onTrimMemory(80): clearThumbnails=true, closeEngineSessions=true
04-05 22:02:38.894  1456  5050 I WifiService: getWifiEnabledState uid=10073
04-05 22:02:38.902 28336 28379 I DEBUG   : OpaToSrpTransitionState#onStateChanged#notNullQuery
04-05 22:02:38.903 28336 28379 I DEBUG   : OpaToSrpTransitionState#onStateChanged#notNullQuery
04-05 22:02:38.913 32032 32032 D SessionManager: Cleared 4 thumbnail(s) and unlinked 4 engine sessions(s)
04-05 22:02:38.920 28336 28379 I MicroDetectionState: Should stop hotword detection immediately - false
04-05 22:02:38.924 28336 28379 I MicroDetectionWorker: #startMicroDetector [speakerMode: 0]
04-05 22:02:38.924 32032 32032 D GeckoSession: handleMessage GeckoView:StateUpdated uri=null
04-05 22:02:38.925 28336 28379 I AudioController: Created new AudioSource
04-05 22:02:38.956  1456  1673 I LaunchCheckinHandler: Displayed com.android.launcher3/.CustomizationPanelLauncher,wp,wa,161
04-05 22:02:38.957 28336 28378 I MicroDataManager: isInitializedWithLatestParams-true
04-05 22:02:38.957 28336 28378 I MicroDataManager: isInitializing-false locale not changed-true model not changed-true
04-05 22:02:38.958 28336 28378 I MicroDataManager: Already initialized, obtaining the hotword data immediately.
04-05 22:02:38.965 28336  8888 I MicroRecognitionRunner: Starting detection.
04-05 22:02:38.965 28336  8888 I InputStreamUtils: Using micInputStream
04-05 22:02:38.966 28336  8362 I MicrophoneInputStream: mic_starting  SR : 16000 CC : 16 SO : 1999
04-05 22:02:38.969   788  1479 V msm8974_platform: platform_check_input_mask: enter check_input_mask source 6 mask 10
04-05 22:02:38.970  1012 32291 I AudioFlinger: AudioFlinger's thread 0xb2483380 tid=32291 ready to run
04-05 22:02:38.978   788  1479 D audio_hw_primary: in_set_parameters: enter: kvpairs=input_source=6;routing=-2147483644
04-05 22:02:38.979  1012 26683 D APM_AudioPolicyManager: AudioPolicyManager::startInput() input 279502, session 279617, source = 1999
04-05 22:02:38.980 28336  8362 I MicrophoneInputStream: mic_started  SR : 16000 CC : 16 SO : 1999
04-05 22:02:38.981   788 32292 V msm8974_platform: platform_update_usecase_from_source: input source :6
04-05 22:02:38.981   788 32292 V msm8974_platform: platform_check_input_mask: enter check_input_mask source 6 mask 10
04-05 22:02:38.981   788 32292 V msm8974_platform: platform_get_input_snd_device: enter: out_device(0) in_device(0x4) channel_count (1) channel_mask (0x10)
04-05 22:02:38.982   788 32292 V msm8974_platform: platform_get_input_snd_device: exit: in_snd_device(voice-rec-mic)
04-05 22:02:38.982   788 32292 V msm8974_platform: platform_get_backend_index:napb: backend port - 5 device - 120 
04-05 22:02:38.982   788 32292 V msm8974_platform: platform_check_and_set_capture_backend_cfg:txbecf: afe: bitwidth 0, samplerate 0, channel 1, backend_idx 5 usecase = 9 device (voice-rec-mic)
04-05 22:02:38.982   788 32292 V msm8974_platform: platform_check_capture_backend_cfg:txbecf: afe: Codec selected backend: 5 current bit width: 0 and sample rate: 0, channels 1
04-05 22:02:38.982   788 32292 V msm8974_platform: platform_check_capture_backend_cfg:txbecf: afe: Codec selected backend: 5 updated bit width: 0 and sample rate: 0
04-05 22:02:38.982   788 32292 I msm8974_platform: platform_check_capture_backend_cfg:txbecf: afe: Codec backend needs to be updated. new bit width: 0 new sample rate: 0 new channel: 1
04-05 22:02:38.982   788 32292 V msm8974_platform: platform_get_backend_index:napb: backend port - 5 device - 120 
04-05 22:02:38.982   788 32292 V msm8974_platform: platform_set_backend_cfg:becf: afe: bitwidth 0, samplerate 0 channels 1, backend_idx 5 device (voice-rec-mic)
04-05 22:02:38.982   788 32292 E msm8974_platform: platform_set_backend_cfg:becf: afe: Could not get ctl for mixer command - SLIM_0_TX Format
04-05 22:02:38.982   788 32292 V msm8974_platform: platform_send_audio_calibration: sending audio calibration for snd_device(120) acdb_id(62)
04-05 22:02:38.983   788 32292 D ACDB-LOADER: ACDB -> send_audio_cal, acdb_id = 62, path = 1, app id = 0x11130, sample rate = 48000
04-05 22:02:38.983   788 32292 D ACDB-LOADER: ACDB -> send_asm_topology
04-05 22:02:38.983   788 32292 D ACDB-LOADER: ACDB -> ACDB_CMD_GET_AUDPROC_STREAM_TOPOLOGY_ID
04-05 22:02:38.983   788 32292 D ACDB-LOADER: ACDB -> send_adm_topology
04-05 22:02:38.983   788 32292 D ACDB-LOADER: ACDB -> ACDB_CMD_GET_AUDPROC_COMMON_TOPOLOGY_ID
04-05 22:02:38.983   788 32292 D ACDB-LOADER: ACDB -> send_audtable
04-05 22:02:38.983   788 32292 D ACDB-LOADER: ACDB -> ACDB_CMD_GET_AUDPROC_COMMON_TABLE_SIZE
04-05 22:02:38.983   788 32292 D ACDB-LOADER: ACDB -> ACDB_CMD_GET_AUDPROC_COMMON_TABLE
04-05 22:02:38.983   788 32292 D ACDB-LOADER: ACDB -> AUDIO_SET_AUDPROC_CAL
04-05 22:02:38.983   788 32292 D ACDB-LOADER: ACDB -> send_audvoltable
04-05 22:02:38.983   788 32292 D ACDB-LOADER: ACDB -> ACDB_CMD_GET_AUDPROC_VOL_STEP_TABLE_SIZE
04-05 22:02:38.983   788 32292 D ACDB-LOADER: ACDB -> ACDB_CMD_GET_AUDPROC_GAIN_DEP_STEP_TABLE, vol index 0
04-05 22:02:38.983   788 32292 D         : Failed to fetch the lookup information of the device 0000003E 
04-05 22:02:38.983   788 32292 D ACDB-LOADER: ACDB -> AUDIO_SET_VOL_CAL cal type = 12
04-05 22:02:38.983   788 32292 D ACDB-LOADER: ACDB -> ACDB_CMD_GET_AUDPROC_STREAM_TABLE_SIZE
04-05 22:02:38.984   788 32292 D ACDB-LOADER: ACDB -> send_audstrmtable
04-05 22:02:38.984   788 32292 D ACDB-LOADER: ACDB -> ACDB_CMD_GET_AUDPROC_STREAM_TABLE_V2
04-05 22:02:38.984   788 32292 D ACDB-LOADER: ACDB -> audstrm_cal->cal_type.cal_data.cal_size = 456
04-05 22:02:38.984   788 32292 D ACDB-LOADER: ACDB -> send_afe_topology
04-05 22:02:38.984   788 32292 D ACDB-LOADER: ACDB -> ACDB_CMD_GET_AFE_TOPOLOGY_ID
04-05 22:02:38.984   788 32292 D ACDB-LOADER: ACDB -> GET_AFE_TOPOLOGY_ID for adcd_id 62, Topology Id 112fb
04-05 22:02:38.984   788 32292 D ACDB-LOADER: ACDB -> send_afe_cal
04-05 22:02:38.984   788 32292 D ACDB-LOADER: ACDB -> ACDB_CMD_GET_AFE_COMMON_TABLE_SIZE
04-05 22:02:38.984   788 32292 D         : Failed to fetch the lookup information of the device 0000003E 
04-05 22:02:38.984   788 32292 E ACDB-LOADER: Error: ACDB_CMD_GET_AFE_COMMON_TABLE_SIZE Returned = -19
04-05 22:02:38.984   788 32292 D ACDB-LOADER: ACDB -> ACDB_CMD_GET_AFE_COMMON_TABLE
04-05 22:02:38.984   788 32292 D         : Failed to fetch the lookup information of the device 0000003E 
04-05 22:02:38.984   788 32292 D ACDB-LOADER: ACDB -> AUDIO_SET_AFE_CAL
04-05 22:02:38.984   788 32292 D ACDB-LOADER: ACDB -> send_hw_delay : acdb_id = 62 path = 1
04-05 22:02:38.984   788 32292 D ACDB-LOADER: ACDB -> ACDB_AVSYNC_INFO: ACDB_CMD_GET_DEVICE_PROPERTY
04-05 22:02:38.984   788 32292 D audio_hw_primary: enable_snd_device: snd_device(120: voice-rec-mic)
04-05 22:02:38.984   788 32292 D audio_route: Apply path: voice-rec-mic
04-05 22:02:38.987   788 32292 V msm8974_platform: platform_get_snd_device_backend_index: enter with device 120
04-05 22:02:38.987   788 32292 E msm8974_platform: platform_get_snd_device_backend_index: BE DAI Name Table is not present
04-05 22:02:38.987   788 32292 V msm8974_platform: platform_get_backend_index:napb: backend port - 5 device - 120 
04-05 22:02:38.987   788 32292 I audio_hw_utils: Set Audio Stream Capture 0 App Type Cfg: app_type 69936, acdb_dev_id 62, sample_rate 48000, snd_device_be_idx -14
04-05 22:02:38.987   788 32292 D audio_hw_primary: enable_audio_route: usecase(9) apply and update mixer path: audio-record
04-05 22:02:38.987   788 32292 D audio_route: Apply path: audio-record
04-05 22:02:39.056 28336 28379 I MicroDetectionWorker: onReady
04-05 22:02:39.121 32032 32032 I glean/Glean: Registering pings for org.mozilla.fenix.GleanMetrics.Pings
04-05 22:02:39.159 32032 32032 D App     : ActivationPing - already generated
04-05 22:02:39.163   808   808 I SFPerfTracer:      triggers: (rate: 72:2020161) (compose: 0:7) (post: 0:19) (render: 0:17) (11:10205611 frames) (12:12836224)
04-05 22:02:39.164   808   808 D SFPerfTracer:        layers: (6:13) (NavigationBar#0 (0xb07df000): 10:929479) (StatusBar#0 (0xb07e3000): 9:2194827) (com.android.systemui.ImageWallpaper#0 (0xb07e7000): 1:85807) (Sprite#0 (0xb0733000): 0:317)* (DimLayerController/Stack=0#0 (0xb075a000): 0:3866)* (Sprite#1 (0xb077c000): 0:195)* (com.android.launcher3/com.android.launcher3.CustomizationPanelLauncher#0 (0xb0763000): 0:40)- (com.android.launcher3/com.android.launcher3.CustomizationPanelLauncher#1 (0xb0771000): 0:9)- (Splash Screen org.mozilla.fennec_aurora#0 (0xb039b000): 0:32)- (org.mozilla.fennec_aurora/org.mozilla.fenix.IntentReceiverActivity#0 (0xb013a000): 0:2)- (org.mozilla.fennec_aurora/org.mozilla.fenix.HomeActivity#0 (0xafff1000): 12:45) (com.android.launcher3/com.android.launcher3.CustomizationPanelLauncher#0 (0xb0763000): 12:16)* (com.android.launcher3/com.android.launcher3.CustomizationPanelLauncher#1 (0xb0771000): 1:3) 
04-05 22:02:39.164 32032 32065 I FenixApplication: Initializing storage after visual completeness...
04-05 22:02:39.366  1456  7796 I OpenGLRenderer: Initialized EGL, version 1.4
04-05 22:02:39.366  1456  7796 D OpenGLRenderer: Swap behavior 2
04-05 22:02:39.396  2748  2917 W OpenGLRenderer: Incorrectly called buildLayer on View: ShortcutAndWidgetContainer, destroying layer...
04-05 22:02:39.499 32032 32032 D GeckoRuntime: Lifecycle: onPause
04-05 22:02:39.500 32032 32032 D GeckoNetworkManager: Incoming event stop for state OnWithListeners -> OffWithListeners
04-05 22:02:39.500 32032 32032 I SessionStorage/AutoSave: Save: Background
04-05 22:02:39.504 32032 32065 D SessionStorage/AutoSave: Saved state to disk [2ms]
04-05 22:02:39.506 32032 32061 I libglean_ffi: glean_core::ping: Collecting baseline
04-05 22:02:39.511 32032 32061 D libglean_ffi: glean_core::ping: Storing ping '5b398358-84f5-422f-927f-7a4a5f09e89d' at '/data/user/0/org.mozilla.fennec_aurora/glean_data/pending_pings/5b398358-84f5-422f-927f-7a4a5f09e89d'
04-05 22:02:39.512 32032 32061 I libglean_ffi: glean_core: The ping 'baseline' was submitted and will be sent as soon as possible
04-05 22:02:39.513 32032 32061 I libglean_ffi: glean_core::ping: Collecting events
04-05 22:02:39.518 32032 32061 D libglean_ffi: glean_core::ping: Storing ping 'c781d1d3-6228-40f1-a88e-c02ba3b6bccb' at '/data/user/0/org.mozilla.fennec_aurora/glean_data/pending_pings/c781d1d3-6228-40f1-a88e-c02ba3b6bccb'
04-05 22:02:39.518 32032 32061 I libglean_ffi: glean_core: The ping 'events' was submitted and will be sent as soon as possible
04-05 22:02:39.542   808   898 I SFPerfTracer:      triggers: (rate: 0:1) (0 sw vsyncs) (0 skipped) (37:6144719 vsyncs) (39:12933072)
04-05 22:02:43.973  1456 10366 I ActivityManager: Force stopping org.mozilla.fennec_aurora appid=11231 user=0: from pid 32305
04-05 22:02:43.974  1456 10366 I ActivityManager: Killing 32032:org.mozilla.fennec_aurora/u0a1231 (adj 700): stop org.mozilla.fennec_aurora
04-05 22:02:43.976  1456  1605 W zygote  : kill(-32032, 9) failed: No such process
04-05 22:02:43.977 32113 32113 I ServiceChildProcess: Service has been unbound. Stopping.
04-05 22:02:43.978  1456 10366 W ActivityManager: Force removing ActivityRecord{f9fe1a1 u0 org.mozilla.fennec_aurora/org.mozilla.fenix.HomeActivity t55282}: app died, no saved state
04-05 22:02:43.988  1456 10366 I ActivityManager: Killing 32113:org.mozilla.fennec_aurora:tab0/u0a1231 (adj 0): stop org.mozilla.fennec_aurora
04-05 22:02:43.992  1456  1605 W zygote  : kill(-32032, 9) failed: No such process
04-05 22:02:44.003  2398  2398 D CarrierSvcBindHelper: No carrier app for: 0
04-05 22:02:44.003  2398  2398 D CarrierSvcBindHelper: No carrier app for: 1
04-05 22:02:44.005  1456  1605 W zygote  : kill(-32032, 9) failed: No such process
04-05 22:02:44.048  1456 10736 D ConnectivityService: ConnectivityService NetworkRequestInfo binderDied(NetworkRequest [ TRACK_DEFAULT id=36034, [ Capabilities: INTERNET&NOT_RESTRICTED&TRUSTED&NOT_VPN] ], android.os.BinderProxy@44d7a2d)
04-05 22:02:44.048  1456  2067 D ConnectivityService: releasing NetworkRequest [ TRACK_DEFAULT id=36034, [ Capabilities: INTERNET&NOT_RESTRICTED&TRUSTED&NOT_VPN] ] (release request)
04-05 22:02:44.049  1456  1673 W ActivityManager: setHasOverlayUi called on unknown pid: 32032
04-05 22:02:44.082  1456  1605 I chatty  : uid=1000(system) ActivityManager identical 5 lines
04-05 22:02:44.095  1456  1605 W zygote  : kill(-32032, 9) failed: No such process
04-05 22:02:44.095  1456  1605 I zygote  : Successfully killed process cgroup uid 11231 pid 32032 in 119ms
04-05 22:02:44.096  1456  1605 W zygote  : kill(-32113, 9) failed: No such process
04-05 22:02:44.096  1456  1605 I zygote  : Successfully killed process cgroup uid 11231 pid 32113 in 0ms
04-05 22:02:44.097  1456  4829 I ActivityManager: START u0 {act=android.intent.action.VIEW dat=https://example.com/... typ=text/html flg=0x10000000 cmp=org.mozilla.fennec_aurora/org.mozilla.fenix.IntentReceiverActivity} from uid 2000
04-05 22:02:44.098   794   839 E ANDR-PERF-RESOURCEQS: Failed to apply optimization [4, 0]
04-05 22:02:44.117  1456  3927 I ActivityManager: Start proc 32314:org.mozilla.fennec_aurora/u0a1231 for activity org.mozilla.fennec_aurora/org.mozilla.fenix.IntentReceiverActivity
04-05 22:02:44.205 28336 28379 I MicroDetectionState: Should stop hotword detection immediately - false
04-05 22:02:44.205 28336 28379 I MicroDetector: Keeping mic open: false
04-05 22:02:44.205 28336 28379 I RecognitionAudioControl: #shutdownAudio [requestId: 3716259220991595287, keepAudioOpen: false, forced: true]
04-05 22:02:44.205 28336  8887 E DeviceStateChecker: DeviceStateChecker cancelled
04-05 22:02:44.205 28336 28379 I RecognitionAudioControl: #internalShutdownAudio [requestId: 3716259220991595287]
04-05 22:02:44.206 28336 28379 I RecognitionAudioControl: #internalShutdownAudio [keepAudioOpen: false, forced: true]
04-05 22:02:44.206 28336 28379 I RecognitionAudioControl: #actualShutdownAudio
04-05 22:02:44.206 28336 28379 I AudioController: #shutdown [requestId=3716259220991595287]
04-05 22:02:44.206 28336 28362 I AudioController: internalShutdown
04-05 22:02:44.206 28336 28380 I MicroRecognitionRunner: Stopping hotword detection.
04-05 22:02:44.256 32314 32314 D FirebaseApp: com.google.firebase.auth.FirebaseAuth is not linked. Skipping initialization.
04-05 22:02:44.257   788  1479 D audio_hw_primary: disable_audio_route: usecase(9) reset and update mixer path: audio-record
04-05 22:02:44.257 32314 32314 D FirebaseApp: com.google.firebase.crash.FirebaseCrash is not linked. Skipping initialization.
04-05 22:02:44.257 32314 32314 I FirebaseInitProvider: FirebaseApp initialization successful
04-05 22:02:44.258   788  1479 D audio_hw_primary: disable_snd_device: snd_device(120: voice-rec-mic)
04-05 22:02:44.260  1012  1301 D APM_AudioPolicyManager: stopInput() input 279502, session 279617
04-05 22:02:44.260   788  1401 D audio_hw_primary: in_set_parameters: enter: kvpairs=routing=0
04-05 22:02:44.262 28336 28362 I MicrophoneInputStream: mic_close  SR : 16000 CC : 16 SO : 1999
04-05 22:02:44.262 28336 28362 E AudioSource: Stop listening is called on already closed AudioSource
04-05 22:02:44.264 28336  8888 I MicroRecognitionRunner: Detection finished
04-05 22:02:44.318 32314 32314 D FennecProfile: profiles.ini: true
04-05 22:02:44.321 32314 32314 D FennecProfile: Ignoring line in [general] section: StartWithLastProfile=1
04-05 22:02:44.322 32314 32333 I FA      : Collection disabled with firebase_analytics_collection_enabled=0
04-05 22:02:44.322 32314 32314 D FennecProfile: Found 1 profiles
04-05 22:02:44.322 32314 32314 D FennecProfile: Found default profile: FennecProfile(name=default, path=/data/user/0/org.mozilla.fennec_aurora/files/mozilla/cvqlc7ef.default, default=true)
04-05 22:02:44.322 32314 32333 I FA      : App measurement is starting up, version: 12780
04-05 22:02:44.322 32314 32333 I FA      : To enable debug logging run: adb shell setprop log.tag.FA VERBOSE
04-05 22:02:44.322 32314 32333 I FA      : To enable faster debug mode event logging run:
04-05 22:02:44.322 32314 32333 I FA      :   adb shell setprop debug.firebase.analytics.app org.mozilla.fennec_aurora
04-05 22:02:44.327 32314 32314 D FennecMigrator: No migrations to run. Fennec install - false.
04-05 22:02:44.336 32314 32314 D FenixApplication: Initializing Glean (uploadEnabled=true, isFennec=true)
04-05 22:02:44.344 32314 32341 D RustNativeSupport: findMegazordLibraryName(viaduct, 0.55.0
04-05 22:02:44.344 32314 32341 D RustNativeSupport: lib in use: none
04-05 22:02:44.344 32314 32341 D RustNativeSupport: lib configured: megazord
04-05 22:02:44.345 32314 32341 D RustNativeSupport: lib version configured: 0.55.0
04-05 22:02:44.345 32314 32341 D RustNativeSupport: settled on megazord
04-05 22:02:44.367 32314 32340 D libglean_ffi: glean_ffi: Android logging should be hooked up!
04-05 22:02:44.371 32314 32314 D GeckoThread: State changed to LAUNCHED
04-05 22:02:44.371 32314 32340 I glean/Glean: Registering pings for mozilla.telemetry.glean.GleanMetrics.Pings
04-05 22:02:44.372 32314 32344 I GeckoThread: preparing to run Gecko
04-05 22:02:44.380 32314 32314 D GeckoRuntime: Lifecycle: onCreate
04-05 22:02:44.380 32314 32344 D GeckoThread: State changed to MOZGLUE_READY
04-05 22:02:44.382 32314 32340 I libglean_ffi: glean_core: Creating new Glean
04-05 22:02:44.382 32314 32340 D libglean_ffi: glean_core::database: Database path: "/data/user/0/org.mozilla.fennec_aurora/glean_data/db"
04-05 22:02:44.383 32314 32340 I libglean_ffi: glean_core::database: Database initialized
04-05 22:02:44.383 32314 32341 D RustNativeSupport: findMegazordLibraryName(rustlog, 0.55.0
04-05 22:02:44.383 32314 32341 D RustNativeSupport: lib in use: none
04-05 22:02:44.384 32314 32341 D RustNativeSupport: lib configured: megazord
04-05 22:02:44.384 32314 32341 D RustNativeSupport: lib version configured: 0.55.0
04-05 22:02:44.384 32314 32341 D RustNativeSupport: settled on megazord
04-05 22:02:44.384 32314 32340 I libglean_ffi: glean_ffi: Glean initialized
04-05 22:02:44.386 32314 32341 I rc_log_ffi::ios: rc_log adapter initialized!
04-05 22:02:44.393 32314 32314 I zygote  : Deoptimizing java.lang.Object androidx.collection.SimpleArrayMap.put(java.lang.Object, java.lang.Object) due to JIT inline cache
04-05 22:02:44.394 32314 32344 W Settings: Setting animator_duration_scale has moved from android.provider.Settings.System to android.provider.Settings.Global, returning read-only global URI.
04-05 22:02:44.397 32314 32344 E GeckoLibLoad: Load sqlite start
04-05 22:02:44.399 32314 32340 D glean/MetricsPingSched: The 'metrics' ping was last sent on Sun Apr 05 00:00:00 EDT 2020
04-05 22:02:44.400 32314 32340 I glean/MetricsPingSched: The 'metrics' ping was already sent today, Sun Apr 05 22:02:44 EDT 2020.
04-05 22:02:44.400 32314 32314 D GleanMetricsService: Enabling Glean.
04-05 22:02:44.401 32314 32340 D glean/MetricsPingSched: Scheduling the 'metrics' ping in 21435613ms
04-05 22:02:44.417 32314 32344 W GeckoLinker: /data/app/org.mozilla.fennec_aurora-dsx-kqTrxUolC_gGtrXCBA==/lib/arm/libnss3.so: unhandled flags #8 not handled
04-05 22:02:44.418 32314 32314 I glean/Dispatchers: Task queued for execution and delayed until flushed
04-05 22:02:44.418 32314 32340 D libglean_ffi: glean_core: Clearing Lifetime::Application metrics
04-05 22:02:44.422 32314 32314 I AdjustMetricsService: No adjust token defined
04-05 22:02:44.423 32314 32344 W GeckoLinker: /data/app/org.mozilla.fennec_aurora-dsx-kqTrxUolC_gGtrXCBA==/lib/arm/libnss3.so: Relocation to NULL @0x001b9ffc for symbol "__cxa_type_match"
04-05 22:02:44.423 32314 32314 D PushConfig: Creating push configuration for autopush.
04-05 22:02:44.423 32314 32344 E GeckoLibLoad: Load sqlite done
04-05 22:02:44.423 32314 32344 E GeckoLibLoad: Load nss start
04-05 22:02:44.423 32314 32344 E GeckoLibLoad: Load nss done
04-05 22:02:44.424 32314 32344 W GeckoLinker: /data/app/org.mozilla.fennec_aurora-dsx-kqTrxUolC_gGtrXCBA==/lib/arm/libxul.so: unhandled flags #8 not handled
04-05 22:02:44.425 32314 32344 W GeckoLinker: /data/app/org.mozilla.fennec_aurora-dsx-kqTrxUolC_gGtrXCBA==/lib/arm/liblgpllibs.so: unhandled flags #8 not handled
04-05 22:02:44.428 32314 32314 I App     : AutoPushFeature is configured, initializing it...
04-05 22:02:44.430 32314 32314 I AutoPushFeature: Checking validity of push subscriptions.
04-05 22:02:44.439 32314 32314 D FennecProfile: profiles.ini: true
04-05 22:02:44.442 32314 32314 D FennecProfile: Ignoring line in [general] section: StartWithLastProfile=1
04-05 22:02:44.442 32314 32314 D FennecProfile: Found 1 profiles
04-05 22:02:44.443 32314 32314 D FennecProfile: Found default profile: FennecProfile(name=default, path=/data/user/0/org.mozilla.fennec_aurora/files/mozilla/cvqlc7ef.default, default=true)
04-05 22:02:44.443 32314 32314 I Core    : Initializing history storage
04-05 22:02:44.444 32314 32314 I Core    : Initializing bookmarks storage
04-05 22:02:44.444 32314 32314 I Core    : Initializing logins storage
04-05 22:02:44.445 32314 32341 W [WARNING][Leanplum]: [com.leanplum.internal.ActionManager::getLocationManager::8]: Geofencing support requires leanplum-location module and Google Play Services v8.1 and higher.
04-05 22:02:44.445 32314 32341 W [WARNING][Leanplum]: Add this to your build.gradle file:
04-05 22:02:44.445 32314 32341 W [WARNING][Leanplum]: implementation 'com.google.android.gms:play-services-location:8.3.0+'
04-05 22:02:44.445 32314 32341 W [WARNING][Leanplum]: implementation 'com.leanplum:leanplum-location:+'
04-05 22:02:44.447 32314 32341 I [INFO][Leanplum]: [com.leanplum.monitoring.ExceptionHandler::setContext::6]: LeanplumExceptionHandler could not initialize Exception Reporting.This is expected if you have not included the leanplum-monitoring module
04-05 22:02:44.458 32314 32352 I [INFO][Leanplum]: [com.leanplum.LeanplumFcmProvider::isManifestSetup::11]: Firebase Messaging is setup correctly.
04-05 22:02:44.467 32314 32340 I libglean_ffi: glean_core: Upload enabled: true
04-05 22:02:44.468 32314 32344 E GeckoLibLoad: Loaded libs in 44.019588ms total, 20ms(146ms) user, 16ms(26ms) system, 0(0) faults
04-05 22:02:44.468 32314 32344 D GeckoThread: State changed to LIBS_READY
04-05 22:02:44.472 32314 32344 W GeckoThread: zerdatime 18666658239 - runGecko
04-05 22:02:44.476 32314 32344 D GeckoProfile: Loading profile at: null name: default
04-05 22:02:44.477 32314 32344 D GeckoProfile: Found profile dir: /data/user/0/org.mozilla.fennec_aurora/files/mozilla/cvqlc7ef.default
04-05 22:02:44.483 32314 32314 I FirefoxAccountStateMachine: Enabling/updating sync with a new SyncConfig: SyncConfig(supportedEngines=[mozilla.components.service.fxa.SyncEngine$History@fd029d5, mozilla.components.service.fxa.SyncEngine$Bookmarks@81ee5ea, mozilla.components.service.fxa.SyncEngine$Passwords@c3160db], syncPeriodInMinutes=240)
04-05 22:02:44.488 32314 32314 I BgSyncManager: Periodic syncing enabled at a 240 interval
04-05 22:02:44.488 32314 32314 I FirefoxAccountStateMachine: Sync is enabled
04-05 22:02:44.497 32314 32363 I FirefoxAccountStateMachine: Processing event Event$Init for state Start. Next state is Start
04-05 22:02:44.515 32314 32314 D FennecMigrator: This is not a Fennec installation. No migration needed.
04-05 22:02:44.516 32314 32314 D SessionManager: onTrimMemory(15): clearThumbnails=true, closeEngineSessions=true
04-05 22:02:44.516 32314 32314 D SessionManager: Cleared 0 thumbnail(s) and unlinked 0 engine sessions(s)
04-05 22:02:44.517 32314 32363 I FirefoxAccountStateMachine: Ran 'Event$Init' side-effects for state Start, got successive event Event$AccountNotFound
04-05 22:02:44.517 32314 32363 I FirefoxAccountStateMachine: Processing event Event$AccountNotFound for state Start. Next state is NotAuthenticated
04-05 22:02:44.520 32314 32363 D RustNativeSupport: findMegazordLibraryName(fxaclient, 0.55.0
04-05 22:02:44.520 32314 32363 D RustNativeSupport: lib in use: none
04-05 22:02:44.520 32314 32363 D RustNativeSupport: lib configured: megazord
04-05 22:02:44.520 32314 32363 D RustNativeSupport: lib version configured: 0.55.0
04-05 22:02:44.520 32314 32363 D RustNativeSupport: settled on megazord
04-05 22:02:44.522 32314 32319 I zygote  : Do partial code cache collection, code=24KB, data=28KB
04-05 22:02:44.526 32314 32319 I zygote  : After code cache collection, code=22KB, data=28KB
04-05 22:02:44.526 32314 32319 I zygote  : Increasing code cache capacity to 128KB
04-05 22:02:44.531 32314 32363 D fxaclient_ffi: fxa_new
04-05 22:02:44.547 32314 32314 D GeckoRuntime: Lifecycle: onStart
04-05 22:02:44.550 32314 32344 I Gecko:DumpUtils: Fifo watcher disabled via pref.
04-05 22:02:44.556 32314 32314 I [INFO][Leanplum]: [com.leanplum.internal.RequestOld::sendIfConnected::4]: Device is offline, will send later
04-05 22:02:44.566 32314 32314 D GeckoRuntime: Lifecycle: onResume
04-05 22:02:44.567 32314 32314 D GeckoNetworkManager: Incoming event start for state OffNoListeners -> OnNoListeners
04-05 22:02:44.568 32314 32314 D GeckoNetworkManager: New network state: DOWN, NONE, UNKNOWN
04-05 22:02:44.578 32314 32344 D GeckoSysInfo: System memory: 1867MB.
04-05 22:02:44.581 32314 32344 D GeckoThread: State changed to JNI_READY
04-05 22:02:44.587 32314 32393 D OpenGLRenderer: HWUI GL Pipeline
04-05 22:02:44.597  1456  2918 I ActivityManager: Start proc 32394:org.mozilla.fennec_aurora:tab0/u0a1231 for service org.mozilla.fennec_aurora/org.mozilla.gecko.process.GeckoChildProcessServices$tab0
04-05 22:02:44.679  1456  2918 I ActivityManager: START u0 {act=android.intent.action.VIEW dat=https://example.com/... typ=text/html cmp=org.mozilla.fennec_aurora/org.mozilla.fenix.HomeActivity (has extras)} from uid 11231
04-05 22:02:44.693 32314 32314 D GeckoNetworkManager: Incoming event receivedUpdate for state OnNoListeners -> OnNoListeners
04-05 22:02:44.694 32314 32314 D GeckoNetworkManager: New network state: DOWN, NONE, UNKNOWN
04-05 22:02:44.747 32314 32393 I Adreno  : QUALCOMM build                   : bb5b86c, I77d3059488
04-05 22:02:44.747 32314 32393 I Adreno  : Build Date                       : 06/07/18
04-05 22:02:44.747 32314 32393 I Adreno  : OpenGL ES Shader Compiler Version: EV031.22.00.01_06
04-05 22:02:44.747 32314 32393 I Adreno  : Local Branch                     : 
04-05 22:02:44.747 32314 32393 I Adreno  : Remote Branch                    : refs/tags/AU_LINUX_ANDROID_LA.UM.6.5.R1.08.01.00.312.086
04-05 22:02:44.747 32314 32393 I Adreno  : Remote Branch                    : NONE
04-05 22:02:44.747 32314 32393 I Adreno  : Reconstruct Branch               : NOTHING
04-05 22:02:44.748 32394 32394 D GeckoThread: State changed to LAUNCHED
04-05 22:02:44.748 32314 32393 D vndksupport: Loading /vendor/lib/hw/gralloc.msm8937.so from current namespace instead of sphal namespace.
04-05 22:02:44.749 32394 32420 I GeckoThread: preparing to run Gecko
04-05 22:02:44.755 32314 32393 I Adreno  : PFP: 0x005ff087, ME: 0x005ff063
04-05 22:02:44.766 32314 32393 I zygote  : android::hardware::configstore::V1_0::ISurfaceFlingerConfigs::hasWideColorDisplay retrieved: 0
04-05 22:02:44.767 32314 32393 I OpenGLRenderer: Initialized EGL, version 1.4
04-05 22:02:44.768 32314 32393 D OpenGLRenderer: Swap behavior 2
04-05 22:02:44.798  1456  3927 I WindowManager: Keep hide if surface has never drawn Window{7ffd037 u0 org.mozilla.fennec_aurora/org.mozilla.fenix.IntentReceiverActivity}
04-05 22:02:44.800  1456  3927 I WindowManager: Failed to capture screenshot of Token{2348c29 ActivityRecord{f7d95b0 u0 org.mozilla.fennec_aurora/org.mozilla.fenix.IntentReceiverActivity t55283 f}} appWin=Window{7ffd037 u0 org.mozilla.fennec_aurora/org.mozilla.fenix.IntentReceiverActivity} drawState=1
04-05 22:02:44.810 32314 32314 D MigrationPushRenewer: Migration state: NONE
04-05 22:02:44.811 32314 32314 D MigrationTelemetryListener: Migration state: NONE
04-05 22:02:44.833  1456  1673 I LaunchCheckinHandler: Displayed org.mozilla.fennec_aurora/org.mozilla.fenix.IntentReceiverActivity,cp,ca,728
04-05 22:02:44.861 32314 32314 D PhoneWindow: Restoring navigation bar divider color to default value = 0x00000000
04-05 22:02:44.920 32314 32314 I NavController: Ignoring popBackStack to destination org.mozilla.fennec_aurora:id/browserFragment as it was not found on the current back stack
04-05 22:02:44.961 32314 32319 I zygote  : Do partial code cache collection, code=59KB, data=54KB
04-05 22:02:44.964 32314 32319 I zygote  : After code cache collection, code=52KB, data=49KB
04-05 22:02:44.964 32314 32319 I zygote  : Increasing code cache capacity to 256KB
04-05 22:02:45.121 32314 32370 D RustNativeSupport: findMegazordLibraryName(places, 0.55.0
04-05 22:02:45.121 32314 32370 D RustNativeSupport: lib in use: none
04-05 22:02:45.121 32314 32370 D RustNativeSupport: lib configured: megazord
04-05 22:02:45.121 32314 32370 D RustNativeSupport: lib version configured: 0.55.0
04-05 22:02:45.121 32314 32370 D RustNativeSupport: settled on megazord
04-05 22:02:45.124 32314 32370 D places_ffi: places_api_new
04-05 22:02:45.131 32314 32344 D GeckoThread: State changed to PROFILE_READY
04-05 22:02:45.172 32314 32370 D sql_support::conn_ext: Transaction commited after 37.993493ms
04-05 22:02:45.174 32314 32370 D places_ffi: places_connection_new
04-05 22:02:45.177 32314 32370 D places_ffi: places_connection_new
04-05 22:02:45.197 32314 32370 D places_ffi: bookmarks_get_all_with_url
04-05 22:02:45.203 32314 32314 I [INFO][Leanplum]: [com.leanplum.internal.RequestOld::sendIfConnected::4]: Device is offline, will send later
04-05 22:02:45.215 32314 32363 W FirefoxAccountStateMachine: Got invalid event Event$Init for state NotAuthenticated.
04-05 22:02:45.228 32314 32314 E [ERROR][Leanplum]: [com.leanplum.LeanplumFcmProvider$1::onComplete::2]: getInstanceId failed
04-05 22:02:45.241 32314 32344 D GeckoThread: State changed to RUNNING
04-05 22:02:45.260 32314 32344 I Gecko   : -*- nsDNSServiceDiscovery.js : nsDNSServiceDiscovery
04-05 22:02:45.306 32314 32426 W LOTTIE  : Animation contains merge paths. Merge paths are only supported on KitKat+ and must be manually enabled by calling enableMergePathsForKitKatAndAbove().
04-05 22:02:45.323  1456  2236 I ActivityManager: Displayed org.mozilla.fennec_aurora/org.mozilla.fenix.HomeActivity: +531ms (total +1s218ms)
04-05 22:02:45.323  1456  2236 I ActivityManager: Fully drawn org.mozilla.fennec_aurora/org.mozilla.fenix.HomeActivity: +531ms (total +1s218ms)
04-05 22:02:45.344 32314 32344 W GeckoLinker: /data/app/org.mozilla.fennec_aurora-dsx-kqTrxUolC_gGtrXCBA==/lib/arm/libsoftokn3.so: unhandled flags #8 not handled
04-05 22:02:45.345 32314 32344 W GeckoLinker: /data/app/org.mozilla.fennec_aurora-dsx-kqTrxUolC_gGtrXCBA==/lib/arm/libsoftokn3.so: Relocation to NULL @0x0002cffc for symbol "__cxa_type_match"
04-05 22:02:45.346 32314 32344 W GeckoLinker: /data/app/org.mozilla.fennec_aurora-dsx-kqTrxUolC_gGtrXCBA==/lib/arm/libfreebl3.so: unhandled flags #8 not handled
04-05 22:02:45.347 32314 32344 W GeckoLinker: /data/app/org.mozilla.fennec_aurora-dsx-kqTrxUolC_gGtrXCBA==/lib/arm/libfreebl3.so: Relocation to NULL @0x0004fffc for symbol "__cxa_type_match"
04-05 22:02:45.370 32314 32393 D vndksupport: Loading /vendor/lib/hw/android.hardware.graphics.mapper@2.0-impl.so from current namespace instead of sphal namespace.
04-05 22:02:45.371 32314 32393 D vndksupport: Loading /vendor/lib/hw/gralloc.msm8937.so from current namespace instead of sphal namespace.
04-05 22:02:45.384 32314 32435 W GeckoLinker: /data/app/org.mozilla.fennec_aurora-dsx-kqTrxUolC_gGtrXCBA==/lib/arm/libnssckbi.so: unhandled flags #8 not handled
04-05 22:02:45.385 32314 32319 I zygote  : Do full code cache collection, code=125KB, data=101KB
04-05 22:02:45.386 32314 32435 W GeckoLinker: /data/app/org.mozilla.fennec_aurora-dsx-kqTrxUolC_gGtrXCBA==/lib/arm/libnssckbi.so: Relocation to NULL @0x00055ffc for symbol "__cxa_type_match"
04-05 22:02:45.388 32314 32319 I zygote  : After code cache collection, code=96KB, data=58KB
04-05 22:02:45.420 32314 32314 D GeckoNetworkManager: Incoming event enableNotifications for state OnNoListeners -> OnWithListeners
04-05 22:02:45.421 32314 32314 D GeckoNetworkManager: New network state: DOWN, NONE, UNKNOWN
04-05 22:02:45.453 32314 32314 D GeckoNetworkManager: Incoming event receivedUpdate for state OnWithListeners -> OnWithListeners
04-05 22:02:45.454 32314 32314 D GeckoNetworkManager: New network state: DOWN, NONE, UNKNOWN
04-05 22:02:45.458 32314 32314 W LOTTIE  : Animation contains merge paths but they are disabled.
04-05 22:02:45.488 32314 32344 W ResourceType: Too many attribute references, stopped at: 0x01010099
04-05 22:02:45.503 28336 28336 I MemoryTrimmer: Trimming objects from memory, since app is in the background.
04-05 22:02:45.510 28336 28379 E AudioSource: Stop listening is called on already closed AudioSource
04-05 22:02:45.514 28336 28336 I MemoryTrimmer: Trimming objects from memory, since app is in the background.
04-05 22:02:45.516 28336  8362 I PBSessionCacheImpl: Deleted sessionId[124624629806623187] from persistence.
04-05 22:02:45.519  1456  3927 I WifiService: getWifiEnabledState uid=10073
04-05 22:02:45.523 28336 28379 I DEBUG   : OpaToSrpTransitionState#onStateChanged#notNullQuery
04-05 22:02:45.524 28336 28379 I DEBUG   : OpaToSrpTransitionState#onStateChanged#notNullQuery
04-05 22:02:45.526 28336 28379 W SearchServiceCore: Abort, client detached.
04-05 22:02:45.555 32314 32344 W GeckoEventDispatcher: No listener for GeckoView:AccessibilityEnabled
04-05 22:02:45.716  1023 32467 D libc    : Internal error: netid(0), id(0x489e), server(0.0.0.0)
04-05 22:02:45.716  1023 32467 D libc    : Internal error: netid(0), id(0x489e), server(0.0.0.0)
04-05 22:02:45.716  1023 32467 D libc    : Internal error: netid(0), id(0x40e9), server(0.0.0.0)
04-05 22:02:45.717  1023 32467 D libc    : Internal error: netid(0), id(0x40e9), server(0.0.0.0)
04-05 22:02:45.733  1023 32478 D libc    : Internal error: netid(0), id(0x16b2), server(0.0.0.0)
04-05 22:02:45.733  1023 32478 D libc    : Internal error: netid(0), id(0x16b2), server(0.0.0.0)
04-05 22:02:45.734  1023 32480 D libc    : Internal error: netid(0), id(0x20ea), server(0.0.0.0)
04-05 22:02:45.734  1023 32478 D libc    : Internal error: netid(0), id(0xd79a), server(0.0.0.0)
04-05 22:02:45.734  1023 32480 D libc    : Internal error: netid(0), id(0x20ea), server(0.0.0.0)
04-05 22:02:45.734  1023 32478 D libc    : Internal error: netid(0), id(0xd79a), server(0.0.0.0)
04-05 22:02:45.734  1023 32480 D libc    : Internal error: netid(0), id(0x58ac), server(0.0.0.0)
04-05 22:02:45.734  1023 32480 D libc    : Internal error: netid(0), id(0x58ac), server(0.0.0.0)
04-05 22:02:45.737  1023 32484 D libc    : Internal error: netid(0), id(0x6cdb), server(0.0.0.0)
04-05 22:02:45.737  1023 32484 D libc    : Internal error: netid(0), id(0x6cdb), server(0.0.0.0)
04-05 22:02:45.738  1023 32484 D libc    : Internal error: netid(0), id(0x4a91), server(0.0.0.0)
04-05 22:02:45.738  1023 32484 D libc    : Internal error: netid(0), id(0x4a91), server(0.0.0.0)
04-05 22:02:45.747 32314 32344 W ResourceType: Too many attribute references, stopped at: 0x01010099
04-05 22:02:45.772 32314 32341 D App     : Could not fetch region from location service
04-05 22:02:45.772 32314 32341 D App     : java.io.IOException: org.mozilla.geckoview.WebRequestError: Request failed, error=0x25, category=0x5
04-05 22:02:45.772 32314 32341 D App     : 	at mozilla.components.browser.engine.gecko.fetch.GeckoViewFetchClient.fetch(GeckoViewFetchClient.kt:39)
04-05 22:02:45.772 32314 32341 D App     : 	at mozilla.components.service.location.MozillaLocationService$fetchRegion$2.invokeSuspend(MozillaLocationService.kt:27)
04-05 22:02:45.772 32314 32341 D App     : 	at mozilla.components.service.location.MozillaLocationService$fetchRegion$2.invoke(Unknown Source:10)
04-05 22:02:45.772 32314 32341 D App     : 	at kotlin.jvm.internal.Intrinsics.startUndispatchedOrReturn(Intrinsics.java:2)
04-05 22:02:45.772 32314 32341 D App     : 	at kotlin.jvm.internal.Intrinsics.withContext(Intrinsics.java:9)
04-05 22:02:45.772 32314 32341 D App     : 	at mozilla.components.service.location.MozillaLocationService.fetchRegion(MozillaLocationService.kt:2)
04-05 22:02:45.772 32314 32341 D App     : 	at mozilla.components.service.location.search.RegionSearchLocalizationProvider.determineRegion(RegionSearchLocalizationProvider.kt:5)
04-05 22:02:45.772 32314 32341 D App     : 	at mozilla.components.browser.search.provider.AssetsSearchEngineProvider.loadSearchEngines(AssetsSearchEngineProvider.kt:5)
04-05 22:02:45.772 32314 32341 D App     : 	at org.mozilla.fenix.components.searchengine.FenixSearchEngineProvider$baseSearchEngines$1.invokeSuspend(FenixSearchEngineProvider.kt:9)
04-05 22:02:45.772 32314 32341 D App     : 	at kotlin.coroutines.jvm.internal.BaseContinuationImpl.resumeWith(ContinuationImpl.kt:2)
04-05 22:02:45.772 32314 32341 D App     : 	at kotlinx.coroutines.DispatchedTask.run(DispatchedTask.kt:19)
04-05 22:02:45.772 32314 32341 D App     : 	at kotlinx.coroutines.scheduling.CoroutineScheduler.runSafely(CoroutineScheduler.kt:1)
04-05 22:02:45.772 32314 32341 D App     : 	at kotlinx.coroutines.scheduling.CoroutineScheduler$Worker.run(CoroutineScheduler.kt:14)
04-05 22:02:45.772 32314 32341 D App     : Caused by: org.mozilla.geckoview.WebRequestError: Request failed, error=0x25, category=0x5
04-05 22:02:45.772 32314 32341 D App     : 	at org.mozilla.gecko.mozglue.GeckoLoader.nativeRun(Native Method)
04-05 22:02:45.772 32314 32341 D App     : 	at org.mozilla.gecko.GeckoThread.run(GeckoThread.java:91)
04-05 22:02:45.772 32314 32342 D App     : Could not fetch region from location service
04-05 22:02:45.772 32314 32342 D App     : java.io.IOException: org.mozilla.geckoview.WebRequestError: Request failed, error=0x25, category=0x5
04-05 22:02:45.772 32314 32342 D App     : 	at mozilla.components.browser.engine.gecko.fetch.GeckoViewFetchClient.fetch(GeckoViewFetchClient.kt:39)
04-05 22:02:45.772 32314 32342 D App     : 	at mozilla.components.service.location.MozillaLocationService$fetchRegion$2.invokeSuspend(MozillaLocationService.kt:27)
04-05 22:02:45.772 32314 32342 D App     : 	at kotlin.coroutines.jvm.internal.BaseContinuationImpl.resumeWith(ContinuationImpl.kt:2)
04-05 22:02:45.772 32314 32342 D App     : 	at kotlinx.coroutines.DispatchedTask.run(DispatchedTask.kt:19)
04-05 22:02:45.772 32314 32342 D App     : 	at kotlinx.coroutines.scheduling.CoroutineScheduler.runSafely(CoroutineScheduler.kt:1)
04-05 22:02:45.772 32314 32342 D App     : 	at kotlinx.coroutines.scheduling.CoroutineScheduler$Worker.run(CoroutineScheduler.kt:14)
04-05 22:02:45.772 32314 32342 D App     : Caused by: org.mozilla.geckoview.WebRequestError: Request failed, error=0x25, category=0x5
04-05 22:02:45.772 32314 32342 D App     : 	at org.mozilla.gecko.mozglue.GeckoLoader.nativeRun(Native Method)
04-05 22:02:45.772 32314 32342 D App     : 	at org.mozilla.gecko.GeckoThread.run(GeckoThread.java:91)
04-05 22:02:45.879 32394 32420 D GeckoThread: State changed to MOZGLUE_READY
04-05 22:02:45.886 32394 32420 W Settings: Setting animator_duration_scale has moved from android.provider.Settings.System to android.provider.Settings.Global, returning read-only global URI.
04-05 22:02:45.890 32394 32420 E GeckoLibLoad: Load sqlite start
04-05 22:02:45.905 32314 32344 I GeckoSession: zerdatime 18666659672 - chrome startup finished
04-05 22:02:45.907 32394 32420 W GeckoLinker: /data/app/org.mozilla.fennec_aurora-dsx-kqTrxUolC_gGtrXCBA==/lib/arm/libnss3.so: unhandled flags #8 not handled
04-05 22:02:45.911 32394 32420 W GeckoLinker: /data/app/org.mozilla.fennec_aurora-dsx-kqTrxUolC_gGtrXCBA==/lib/arm/libnss3.so: Relocation to NULL @0x001b9ffc for symbol "__cxa_type_match"
04-05 22:02:45.912 32394 32420 E GeckoLibLoad: Load sqlite done
04-05 22:02:45.912 32394 32420 E GeckoLibLoad: Load nss start
04-05 22:02:45.912 32394 32420 E GeckoLibLoad: Load nss done
04-05 22:02:45.912 32394 32420 W GeckoLinker: /data/app/org.mozilla.fennec_aurora-dsx-kqTrxUolC_gGtrXCBA==/lib/arm/libxul.so: unhandled flags #8 not handled
04-05 22:02:45.912 32394 32420 W GeckoLinker: /data/app/org.mozilla.fennec_aurora-dsx-kqTrxUolC_gGtrXCBA==/lib/arm/liblgpllibs.so: unhandled flags #8 not handled
04-05 22:02:45.944 32394 32420 E GeckoLibLoad: Loaded libs in 31.489482ms total, 30ms(33ms) user, 0ms(0ms) system, 0(0) faults
04-05 22:02:45.944 32394 32420 D GeckoThread: State changed to LIBS_READY
04-05 22:02:45.944 32394 32420 W GeckoThread: zerdatime 18666659711 - runGecko
04-05 22:02:45.948 32314 32370 D App     : Could not fetch region from location service
04-05 22:02:45.948 32314 32370 D App     : java.io.IOException: org.mozilla.geckoview.WebRequestError: Request failed, error=0x25, category=0x5
04-05 22:02:45.948 32314 32370 D App     : 	at mozilla.components.browser.engine.gecko.fetch.GeckoViewFetchClient.fetch(GeckoViewFetchClient.kt:39)
04-05 22:02:45.948 32314 32370 D App     : 	at mozilla.components.service.location.MozillaLocationService$fetchRegion$2.invokeSuspend(MozillaLocationService.kt:27)
04-05 22:02:45.948 32314 32370 D App     : 	at mozilla.components.service.location.MozillaLocationService$fetchRegion$2.invoke(Unknown Source:10)
04-05 22:02:45.948 32314 32370 D App     : 	at kotlin.jvm.internal.Intrinsics.startUndispatchedOrReturn(Intrinsics.java:2)
04-05 22:02:45.948 32314 32370 D App     : 	at kotlin.jvm.internal.Intrinsics.withContext(Intrinsics.java:9)
