02-20 22:06:44.794 21455 21455 I Finsky  : [2] toj.a(35): SCH: Job 10-50 finished. Not rescheduling.
02-20 22:06:44.798 21455 21455 I Finsky  : [2] toj.a(20): SCH: Running job: 10-55
02-20 22:06:44.802 21455 21455 I Finsky  : [2] toj.a(20): SCH: Running job: 10-62
02-20 22:06:44.806 21455 21729 I Finsky  : [305520] tpt.a(13): SCH: jobFinished: 10-55. TimeElapsed: 8ms.
02-20 22:06:44.806 21455 21455 I Finsky  : [2] toi.handleMessage(63): SCH: RunningQueue size: 4, PendingQueue size: 1
02-20 22:06:44.807 21455 21455 I Finsky  : [2] toi.handleMessage(66): SCH: Running queue: 10-8 10-37 10-55 10-62 
02-20 22:06:44.808 21455 21455 I Finsky  : [2] toi.handleMessage(53): Running maximum number of jobs: 4
02-20 22:06:44.808 21455 21455 I Finsky  : [2] toj.a(35): SCH: Job 10-55 finished. Not rescheduling.
02-20 22:06:44.811 21455 21455 I Finsky  : [2] toj.a(20): SCH: Running job: 10-66
02-20 22:06:44.814 21455 21455 I Finsky  : [2] toi.handleMessage(63): SCH: RunningQueue size: 4, PendingQueue size: 0
02-20 22:06:44.814 21455 21727 I Finsky  : [305518] AssetModuleServiceCleanerHygieneJob.a(3): Running asset module service cleaner
02-20 22:06:44.815 21455 21455 I Finsky  : [2] toi.handleMessage(66): SCH: Running queue: 10-8 10-37 10-62 10-66 
02-20 22:06:44.835 21455 21727 I Finsky  : [305518] eob.a(12): Removed 0 old sessions.
02-20 22:06:44.841 21455 21727 I Finsky  : [305518] eoe.a(12): Removed 0 obsolete sessions.
02-20 22:06:44.846 21455 21727 I Finsky  : [305518] enn.a(12): Deleted 0 orphaned directories.
02-20 22:06:44.856 21455 21727 I Finsky  : [305518] enx.a(12): Logged 0 packages in store.
02-20 22:06:44.859 21455 21727 I Finsky  : [305518] tpt.a(13): SCH: jobFinished: 10-66. TimeElapsed: 48ms.
02-20 22:06:44.861 21455 21455 I Finsky  : [2] toj.a(35): SCH: Job 10-66 finished. Not rescheduling.
02-20 22:06:44.862 21455 21455 I Finsky  : [2] toi.handleMessage(63): SCH: RunningQueue size: 3, PendingQueue size: 0
02-20 22:06:44.862 21455 21455 I Finsky  : [2] toi.handleMessage(66): SCH: Running queue: 10-8 10-37 10-62 
02-20 22:06:44.998 21455 21551 E Finsky  : [305496] zkj.run(3): Could not update ApkInfoData row
02-20 22:06:45.003 21455 21551 I chatty  : uid=10062(com.android.vending) identical 1 line
02-20 22:06:45.016 21455 21551 E Finsky  : [305496] zkj.run(3): Could not update ApkInfoData row
02-20 22:06:45.016 21455 21730 I Finsky  : [305521] tpt.a(13): SCH: jobFinished: 10-37. TimeElapsed: 293ms.
02-20 22:06:45.017 21455 21455 I Finsky  : [2] toj.a(35): SCH: Job 10-37 finished. Not rescheduling.
02-20 22:06:45.018 21455 21455 I Finsky  : [2] toi.handleMessage(63): SCH: RunningQueue size: 2, PendingQueue size: 0
02-20 22:06:45.018 21455 21455 I Finsky  : [2] toi.handleMessage(66): SCH: Running queue: 10-8 10-62 
02-20 22:06:45.295 21455 21527 I zygote  : Deoptimizing void hci.a(java.lang.String, java.lang.String, java.util.Collection, boolean) due to JIT inline cache
02-20 22:06:45.725 21455 21461 I zygote  : Do full code cache collection, code=254KB, data=163KB
02-20 22:06:45.728 21455 21461 I zygote  : After code cache collection, code=217KB, data=124KB
02-20 22:06:45.792 21455 21511 I zygote  : Deoptimizing void andj.run() due to JIT inline cache
02-20 22:06:45.792 21455 21511 I zygote  : Deoptimizing java.lang.Object aneu.a(java.util.concurrent.Future) due to JIT inline cache
02-20 22:06:45.793 21455 21511 E Finsky  : [305470] grd.a(2): Failed to refresh connectivity profile metrics. Reset metrics.
02-20 22:06:45.799 21455 21729 I Finsky  : [305520] tpt.a(13): SCH: jobFinished: 10-62. TimeElapsed: 996ms.
02-20 22:06:45.800 21455 21455 I Finsky  : [2] toj.a(35): SCH: Job 10-62 finished. Not rescheduling.
02-20 22:06:45.802 21455 21455 I Finsky  : [2] toi.handleMessage(63): SCH: RunningQueue size: 1, PendingQueue size: 0
02-20 22:06:45.802 21455 21455 I Finsky  : [2] toi.handleMessage(66): SCH: Running queue: 10-8 
02-20 22:06:45.838 21455 21504 W Settings: Setting install_non_market_apps has moved from android.provider.Settings.Global to android.provider.Settings.Secure, returning read-only value.
02-20 22:06:45.879 21455 21504 I zygote  : Deoptimizing boolean andf.a(anfa) due to JIT inline cache
02-20 22:06:45.924 21455 21461 I zygote  : Do partial code cache collection, code=226KB, data=131KB
02-20 22:06:45.926 21455 21461 I zygote  : After code cache collection, code=221KB, data=130KB
02-20 22:06:45.926 21455 21461 I zygote  : Increasing code cache capacity to 1024KB
02-20 22:06:46.131 21455 21511 E Finsky  : [305470] aaag.a(3): Multi verification error response com.android.volley.NoConnectionError: org.chromium.net.impl.NetworkExceptionImpl: Exception in CronetUrlRequest: net::ERR_INTERNET_DISCONNECTED, ErrorCode=2, InternalErrorCode=-106, Retryable=false
02-20 22:06:46.267 21455 21527 I zygote  : Deoptimizing void andn.e() due to JIT inline cache
02-20 22:06:46.441 13975 13985 I zygote  : Background concurrent copying GC freed 103000(5MB) AllocSpace objects, 35(1532KB) LOS objects, 49% free, 8MB/17MB, paused 664us total 145.552ms
02-20 22:06:46.500 21455 21551 I Finsky  : [305496] aabf.a(4): Cleaning the verify apps datastore
02-20 22:06:46.646 21455 21551 I Finsky  : [305496] aabf.a(49): Finished cleaning the verify apps datastore
02-20 22:06:46.659 21455 21455 I Finsky  : [2] aabl.a(7): Done verifying installed packages
02-20 22:06:46.699 21455 21581 I zygote  : Deoptimizing aonp aonk.f() due to JIT inline cache
02-20 22:06:46.731 21455 21728 I Finsky  : [305519] tpt.a(13): SCH: jobFinished: 10-8. TimeElapsed: 2076ms.
02-20 22:06:46.733 21455 21455 I Finsky  : [2] toj.a(35): SCH: Job 10-8 finished. Not rescheduling.
02-20 22:06:46.734 21455 21455 I Finsky  : [2] toi.handleMessage(63): SCH: RunningQueue size: 0, PendingQueue size: 0
02-20 22:06:46.735 21455 21455 I Finsky  : [2] toi.handleMessage(29): Executor finished
02-20 22:06:46.752 21455 21455 I Finsky  : [2] tqw.a(7): SCH: Jobs in database: 1-1337 3-1862 3-1863 12-1 24-77777777 26-1414141414 29-29 
02-20 22:06:46.760  1456  1456 I ActivityManager: Start proc 21746:com.android.vending:instant_app_installer/u0a62 for service com.android.vending/com.google.android.finsky.instantapps.hint.AppPreloadHygieneService
02-20 22:06:46.781 21455 21455 I Finsky  : [2] tmt.a(58): SCH: ConstraintMapping: 24-77777777,  -> L: 0ms, D: 81351365ms, C: false, I: true, N: 0
02-20 22:06:46.782 21455 21455 I Finsky  : [2] tmt.a(58): SCH: ConstraintMapping: 1-1337, 12-1,  -> L: 0ms, D: 12251593ms, C: false, I: false, N: 1
02-20 22:06:46.783 21455 21455 I Finsky  : [2] tmt.a(58): SCH: ConstraintMapping: 3-1862,  -> L: 0ms, D: 86392354ms, C: false, I: true, N: 2
02-20 22:06:46.784 21455 21455 I Finsky  : [2] tmt.a(58): SCH: ConstraintMapping: 3-1863,  -> L: 0ms, D: 86392364ms, C: true, I: true, N: 2
02-20 22:06:46.785 21455 21455 I Finsky  : [2] tmt.a(58): SCH: ConstraintMapping: 26-1414141414, 29-29,  -> L: 21529ms, D: 51529ms, C: false, I: false, N: 0
02-20 22:06:46.798 21455 21455 I Finsky  : [2] tpg.a(37): Cancelling existing jobscheduler jobs: 9003 9004 9002 9001 
02-20 22:06:46.799 21455 21455 I Finsky  : [2] tpg.a(14): Throttling wakeup for job 9000 (expected to run in 0 ms) due to recent wakeup
02-20 22:06:46.799 21455 21455 I Finsky  : [2] tpg.a(30): Scheduling job Id: 9000, L: 30000, D: 81351365, C: false, I: true, N: 0
02-20 22:06:46.801 21455 21455 I Finsky  : [2] tpg.a(14): Throttling wakeup for job 9006 (expected to run in 0 ms) due to recent wakeup
02-20 22:06:46.802 21455 21455 I Finsky  : [2] tpg.a(30): Scheduling job Id: 9006, L: 30000, D: 12251593, C: false, I: false, N: 1
02-20 22:06:46.804 21455 21455 I Finsky  : [2] tpg.a(14): Throttling wakeup for job 9007 (expected to run in 0 ms) due to recent wakeup
02-20 22:06:46.805 21455 21455 I Finsky  : [2] tpg.a(30): Scheduling job Id: 9007, L: 30000, D: 86392354, C: false, I: true, N: 2
02-20 22:06:46.806 21455 21455 I Finsky  : [2] tpg.a(14): Throttling wakeup for job 9008 (expected to run in 0 ms) due to recent wakeup
02-20 22:06:46.807 21455 21455 I Finsky  : [2] tpg.a(30): Scheduling job Id: 9008, L: 30000, D: 86392364, C: true, I: true, N: 2
02-20 22:06:46.809 21455 21455 I Finsky  : [2] tpg.a(14): Throttling wakeup for job 9009 (expected to run in 21529 ms) due to recent wakeup
02-20 22:06:46.809 21455 21455 I Finsky  : [2] tpg.a(30): Scheduling job Id: 9009, L: 30000, D: 51529, C: false, I: false, N: 0
02-20 22:06:46.811 21455 21455 I Finsky  : [2] ppb.onTrimMemory(1): Memory trim requested to level 80
02-20 22:06:46.842 21746 21746 I Finsky:instant_app_inst: [2] ebz.aG(7): Process created at version: 18.6.33-all [0] [PR] 292279539
02-20 22:06:47.073 21746 21769 I Finsky:instant_app_inst: [305478] AppPreloadHygieneService.a(1): AppPreloadHygieneService disabled
02-20 22:06:47.627  1456  5797 I ActivityManager: Force stopping org.mozilla.fenix.nightly appid=11026 user=0: from pid 21772
02-20 22:06:47.627  1456  5797 I ActivityManager: Killing 21316:org.mozilla.fenix.nightly/u0a1026 (adj 700): stop org.mozilla.fenix.nightly
02-20 22:06:47.630  1456  1605 W zygote  : kill(-21316, 9) failed: No such process
02-20 22:06:47.632  1456  5797 W ActivityManager: Force removing ActivityRecord{b680a49 u0 org.mozilla.fenix.nightly/org.mozilla.fenix.HomeActivity t28342}: app died, no saved state
02-20 22:06:47.641  1456  5797 I ActivityManager: Killing 21429:org.mozilla.fenix.nightly:socket/u0a1026 (adj 0): stop org.mozilla.fenix.nightly
02-20 22:06:47.644  1456  1605 W zygote  : kill(-21316, 9) failed: No such process
02-20 22:06:47.645  1456  5797 I ActivityManager: Killing 21410:org.mozilla.fenix.nightly:tab/u0a1026 (adj 0): stop org.mozilla.fenix.nightly
02-20 22:06:47.649 21455 21455 I Finsky  : [2] ppb.onTrimMemory(1): Memory trim requested to level 80
02-20 22:06:47.663  1456  1605 W zygote  : kill(-21316, 9) failed: No such process
02-20 22:06:47.663  2398  2398 D CarrierSvcBindHelper: No carrier app for: 0
02-20 22:06:47.664  2398  2398 D CarrierSvcBindHelper: No carrier app for: 1
02-20 22:06:47.678  1456  1605 W zygote  : kill(-21316, 9) failed: No such process
02-20 22:06:47.745  1456  1605 I chatty  : uid=1000(system) ActivityManager identical 5 lines
02-20 22:06:47.754  1456  1673 W ActivityManager: setHasOverlayUi called on unknown pid: 21316
02-20 22:06:47.761  1456  1605 W zygote  : kill(-21316, 9) failed: No such process
02-20 22:06:47.761  1456  1605 I zygote  : Successfully killed process cgroup uid 11026 pid 21316 in 131ms
02-20 22:06:47.761  1456  1605 W zygote  : kill(-21429, 9) failed: No such process
02-20 22:06:47.761  1456  1605 I zygote  : Successfully killed process cgroup uid 11026 pid 21429 in 0ms
02-20 22:06:47.762  1456  1605 W zygote  : kill(-21410, 9) failed: No such process
02-20 22:06:47.762  1456  1605 I zygote  : Successfully killed process cgroup uid 11026 pid 21410 in 0ms
02-20 22:06:47.764  1456  2402 I ActivityManager: START u0 {act=android.intent.action.MAIN cat=[android.intent.category.LAUNCHER] flg=0x10000000 cmp=org.mozilla.fenix.nightly/org.mozilla.fenix.HomeActivity} from uid 2000
02-20 22:06:47.764   794   839 E ANDR-PERF-RESOURCEQS: Failed to apply optimization [4, 0]
02-20 22:06:47.784  1456  2918 I ActivityManager: Start proc 21779:org.mozilla.fenix.nightly/u0a1026 for activity org.mozilla.fenix.nightly/org.mozilla.fenix.HomeActivity
02-20 22:06:47.803   808   808 I SFPerfTracer:      triggers: (rate: 51:555131) (compose: 0:6) (post: 0:19) (render: 0:16) (0:5042993 frames) (1:6696495)
02-20 22:06:47.803   808   808 D SFPerfTracer:        layers: (4:13) (NavigationBar#0 (0xb07df000): 0:598563) (StatusBar#0 (0xb07e3000): 0:1603147) (com.android.systemui.ImageWallpaper#0 (0xb07e7000): 0:52550) (Sprite#0 (0xb0733000): 0:317)* (DimLayerController/Stack=0#0 (0xb075a000): 0:3734)* (Sprite#1 (0xb077c000): 0:195)* (animation background stackId=1#0 (0xb039b000): 0:108)* (com.android.launcher3/com.android.launcher3.CustomizationPanelLauncher#0 (0xb0763000): 0:32)- (com.android.launcher3/com.android.launcher3.CustomizationPanelLauncher#1 (0xb0771000): 0:8)- (Splash Screen org.mozilla.fenix.nightly#0 (0xb0384000): 0:31)- (org.mozilla.fenix.nightly/org.mozilla.fenix.HomeActivity#0 (0xb013a000): 0:48)- (com.android.launcher3/com.android.launcher3.CustomizationPanelLauncher#0 (0xb0763000): 1:41)* (com.android.launcher3/com.android.launcher3.CustomizationPanelLauncher#1 (0xb0771000): 1:9) 
02-20 22:06:47.873 20270 21092 I MicroDetectionState: Should stop hotword detection immediately - false
02-20 22:06:47.873 20270 21092 I MicroDetector: Keeping mic open: false
02-20 22:06:47.873 20270 21092 I RecognitionAudioControl: #shutdownAudio [requestId: -1464475289146975128, keepAudioOpen: false, forced: true]
02-20 22:06:47.873 20270 21092 I RecognitionAudioControl: #internalShutdownAudio [requestId: -1464475289146975128]
02-20 22:06:47.874 20270 21092 I RecognitionAudioControl: #internalShutdownAudio [keepAudioOpen: false, forced: true]
02-20 22:06:47.874 20270 21092 I RecognitionAudioControl: #actualShutdownAudio
02-20 22:06:47.874 20270 17071 E DeviceStateChecker: DeviceStateChecker cancelled
02-20 22:06:47.874 20270 21092 I AudioController: #shutdown [requestId=-1464475289146975128]
02-20 22:06:47.874 20270 21108 I AudioController: internalShutdown
02-20 22:06:47.874 20270 21131 I MicroRecognitionRunner: Stopping hotword detection.
02-20 22:06:47.925   788  1479 D audio_hw_primary: disable_audio_route: usecase(9) reset and update mixer path: audio-record
02-20 22:06:47.925   788  1479 D audio_hw_primary: disable_snd_device: snd_device(120: voice-rec-mic)
02-20 22:06:47.927  1012 11919 D APM_AudioPolicyManager: stopInput() input 154830, session 154937
02-20 22:06:47.928   788  1479 D audio_hw_primary: in_set_parameters: enter: kvpairs=routing=0
02-20 22:06:47.930 20270 21108 I MicrophoneInputStream: mic_close  SR : 16000 CC : 16 SO : 1999
02-20 22:06:47.930 20270 21108 E AudioSource: Stop listening is called on already closed AudioSource
02-20 22:06:47.932 20270 17075 I MicroRecognitionRunner: Detection finished
02-20 22:06:47.938 21779 21779 I chatty  : uid=11026(org.mozilla.fenix.nightly) /data/local/tmp/simpleperf expire 15 lines
02-20 22:06:48.013 21779 21798 I chatty  : uid=11026(org.mozilla.fenix.nightly) /data/local/tmp/simpleperf expire 4 lines
02-20 22:06:48.035  1456  1473 D ConnectivityService: requestNetwork for uid/pid:11026/21779 NetworkRequest [ TRACK_DEFAULT id=27843, [ Capabilities: INTERNET&NOT_RESTRICTED&TRUSTED&NOT_VPN] ]
02-20 22:06:48.037  1456  2099 D Ethernet: got request NetworkRequest [ TRACK_DEFAULT id=27843, [ Capabilities: INTERNET&NOT_RESTRICTED&TRUSTED&NOT_VPN] ] with score 0
02-20 22:06:48.037  1456  2054 D WIFI_UT : got request NetworkRequest [ TRACK_DEFAULT id=27843, [ Capabilities: INTERNET&NOT_RESTRICTED&TRUSTED&NOT_VPN] ] with score 0
02-20 22:06:48.037  1456  2054 D WIFI    : got request NetworkRequest [ TRACK_DEFAULT id=27843, [ Capabilities: INTERNET&NOT_RESTRICTED&TRUSTED&NOT_VPN] ] with score 0
02-20 22:06:48.037  2398  2398 D PhoneSwitcherNetworkRequstListener: got request NetworkRequest [ TRACK_DEFAULT id=27843, [ Capabilities: INTERNET&NOT_RESTRICTED&TRUSTED&NOT_VPN] ] with score 0
02-20 22:06:48.040 21779 21808 I chatty  : uid=11026(org.mozilla.fenix.nightly) /data/local/tmp/simpleperf expire 11 lines
02-20 22:06:48.059 21779 21806 I chatty  : uid=11026(org.mozilla.fenix.nightly) /data/local/tmp/simpleperf expire 11 lines
02-20 22:06:48.109 21779 21814 I chatty  : uid=11026(org.mozilla.fenix.nightly) /data/local/tmp/simpleperf expire 16 lines
02-20 22:06:48.198 21779 21817 I chatty  : uid=11026(org.mozilla.fenix.nightly) /data/local/tmp/simpleperf expire 1 line
02-20 22:06:48.218   808   898 I SFPerfTracer:      triggers: (rate: 0:1) (0 sw vsyncs) (0 skipped) (20:3882373 vsyncs) (22:6755756)
02-20 22:06:48.228 21779 21829 I chatty  : uid=11026(org.mozilla.fenix.nightly) /data/local/tmp/simpleperf expire 10 lines
02-20 22:06:48.229 21779 21779 I chatty  : uid=11026(org.mozilla.fenix.nightly) /data/local/tmp/simpleperf expire 23 lines
02-20 22:06:48.321 21455 21554 I Finsky  : [305499] rgo.c(1): Triggered update for experiment package com.google.android.finsky.regular.
02-20 22:06:48.335 21779 21784 I chatty  : uid=11026(org.mozilla.fenix.nightly) /data/local/tmp/simpleperf expire 8 lines
02-20 22:06:48.346  1456  1466 I zygote  : Background concurrent copying GC freed 51255(2MB) AllocSpace objects, 28(1260KB) LOS objects, 38% free, 37MB/61MB, paused 182us total 349.326ms
02-20 22:06:48.374 21455 21511 I Finsky  : [305470] ebh.run(3): Initializing the instant apps module.
02-20 22:06:48.432 21455 21527 I Finsky  : [305477] zws.f(2): Restoring notifications
02-20 22:06:48.435 21455 21527 I Finsky  : [305477] zws.f(6): Done restoring notifications
02-20 22:06:48.451 21455 21511 I Finsky  : [305470] abfm.a(10): Do not start WearSupportService due to Wear service optimization
02-20 22:06:48.452 21455 21517 I Finsky  : [305474] ebd.run(8): Component class com.google.android.finsky.wear.WearSupportService disabled via PackageManager.
02-20 22:06:48.452 21455 21517 I Finsky  : [305474] ebd.run(8): Component class com.google.android.finsky.wear.WearChangeListenerService disabled via PackageManager.
02-20 22:06:48.499 21455 21554 I Finsky  : [305499] rgo.c(8): Already at the latest configurations for experiment package com.google.android.finsky.regular.
02-20 22:06:48.500 21455 21583 I Finsky  : [305506] rgo.c(1): Triggered update for experiment package com.google.android.finsky.stable.
02-20 22:06:48.536 21455 21583 I Finsky  : [305506] rgo.c(8): Already at the latest configurations for experiment package com.google.android.finsky.stable.
02-20 22:06:48.597 21779 21852 I chatty  : uid=11026(org.mozilla.fenix.nightly) /data/local/tmp/simpleperf expire 9 lines
02-20 22:06:48.627 21779 21814 I chatty  : uid=11026(org.mozilla.fenix.nightly) /data/local/tmp/simpleperf expire 14 lines
02-20 22:06:48.687  1456  2918 I ActivityManager: Start proc 21874:org.mozilla.fenix.nightly:tab/u0a1026 for service org.mozilla.fenix.nightly/org.mozilla.gecko.process.GeckoServiceChildProcess$tab
02-20 22:06:48.818 21874 21874 I chatty  : uid=11026(org.mozilla.fenix.nightly) expire 2 lines
02-20 22:06:48.819 21874 21892 I chatty  : uid=11026(org.mozilla.fenix.nightly) expire 1 line
02-20 22:06:48.827  1456  1473 I ActivityManager: Start proc 21893:org.mozilla.fenix.nightly:socket/u0a1026 for service org.mozilla.fenix.nightly/org.mozilla.gecko.process.GeckoServiceChildProcess$socket
02-20 22:06:48.912  1456  1473 I ActivityManager: Displayed org.mozilla.fenix.nightly/org.mozilla.fenix.HomeActivity: +1s140ms
02-20 22:06:48.912  1456  1473 I ActivityManager: Fully drawn org.mozilla.fenix.nightly/org.mozilla.fenix.HomeActivity: +1s140ms
02-20 22:06:48.942 21893 21893 I chatty  : uid=11026(org.mozilla.fenix.nightly) expire 2 lines
02-20 22:06:48.944 21893 21913 I chatty  : uid=11026(org.mozilla.fenix.nightly) expire 15 lines
02-20 22:06:48.956 21779 21914 I chatty  : uid=11026(org.mozilla.fenix.nightly) /data/local/tmp/simpleperf expire 1 line
02-20 22:06:48.978  1456  1673 I LaunchCheckinHandler: Displayed org.mozilla.fenix.nightly/org.mozilla.fenix.HomeActivity,cp,ca,1206
02-20 22:06:49.068 21455 21455 I Finsky  : [2] ulg.run(5): Detected restoreservicev2://recovery not needed, will not run
02-20 22:06:49.071 21455 21526 I zygote  : Deoptimizing void aooi.a(java.lang.Object, java.lang.Object, long) due to JIT inline cache
02-20 22:06:49.081 21455 21455 I Finsky  : [2] ppb.onTrimMemory(1): Memory trim requested to level 80
02-20 22:06:49.101 20270 20270 I MemoryTrimmer: Trimming objects from memory, since app is in the background.
02-20 22:06:49.111 20270 21092 E AudioSource: Stop listening is called on already closed AudioSource
02-20 22:06:49.112 20270 20270 I MemoryTrimmer: Trimming objects from memory, since app is in the background.
02-20 22:06:49.118 20270 17367 I PBSessionCacheImpl: Deleted sessionId[89149984825578472] from persistence.
02-20 22:06:49.132  1456  2401 I WifiService: getWifiEnabledState uid=10073
02-20 22:06:49.134 20270 21092 I DEBUG   : OpaToSrpTransitionState#onStateChanged#notNullQuery
02-20 22:06:49.136 20270 21092 I DEBUG   : OpaToSrpTransitionState#onStateChanged#notNullQuery
02-20 22:06:49.141 20270 21092 W SearchServiceCore: Abort, client detached.
02-20 22:06:49.179 21455 21737 I Finsky  : [305528] akhc.a(2): registerListener
02-20 22:06:49.182 21455 21737 I Finsky  : [305528] joc.a(2): getDownloads(-)
02-20 22:06:49.183 21455 21931 I Finsky  : [305538] akhk.a(7): Initiate binding to the service.
02-20 22:06:49.184 21455 21737 I Finsky  : [305528] ekx.run(7): Initialized AssetModuleDownloader.
02-20 22:06:49.198  1456  2402 I ActivityManager: Start proc 21932:com.android.vending:download_service/u0a62 for service com.android.vending/com.google.android.finsky.downloadservice.DownloadService
02-20 22:06:49.254 21932 21932 I Finsky:download_service: [2] ebz.aG(7): Process created at version: 18.6.33-all [0] [PR] 292279539
02-20 22:06:49.293  1456  2402 D ConnectivityService: requestNetwork for uid/pid:10062/21932 NetworkRequest [ TRACK_DEFAULT id=27844, [ Capabilities: INTERNET&NOT_RESTRICTED&TRUSTED&NOT_VPN] ]
02-20 22:06:49.294  1456  2099 D Ethernet: got request NetworkRequest [ TRACK_DEFAULT id=27844, [ Capabilities: INTERNET&NOT_RESTRICTED&TRUSTED&NOT_VPN] ] with score 0
02-20 22:06:49.294  2398  2398 D PhoneSwitcherNetworkRequstListener: got request NetworkRequest [ TRACK_DEFAULT id=27844, [ Capabilities: INTERNET&NOT_RESTRICTED&TRUSTED&NOT_VPN] ] with score 0
02-20 22:06:49.294  1456  2054 D WIFI_UT : got request NetworkRequest [ TRACK_DEFAULT id=27844, [ Capabilities: INTERNET&NOT_RESTRICTED&TRUSTED&NOT_VPN] ] with score 0
02-20 22:06:49.295  1456  2054 D WIFI    : got request NetworkRequest [ TRACK_DEFAULT id=27844, [ Capabilities: INTERNET&NOT_RESTRICTED&TRUSTED&NOT_VPN] ] with score 0
02-20 22:06:49.299 21455 21455 I Finsky  : [2] akhq.onServiceConnected(2): ServiceConnectionImpl.onServiceConnected(ComponentInfo{com.android.vending/com.google.android.finsky.downloadservice.DownloadService})
02-20 22:06:49.300 21455 21931 I Finsky  : [305538] akho.a(3): linkToDeath
02-20 22:06:49.302 21932 21945 I Finsky:download_service: [305484] jiq.a(12): Starting getDownloads().
02-20 22:06:49.344 21455 21931 I Finsky  : [305538] akhl.a(2): Unbind from service.
02-20 22:06:49.345 21455 21469 I Finsky  : [305452] jnv.d(6): onGetDownloads()
02-20 22:06:49.983  1023 21989 D libc    : Internal error: netid(0), id(0x8f7), server(0.0.0.0)
02-20 22:06:49.983  1023 21989 D libc    : Internal error: netid(0), id(0x8f7), server(0.0.0.0)
02-20 22:06:49.984  1023 21989 D libc    : Internal error: netid(0), id(0x32ea), server(0.0.0.0)
02-20 22:06:49.984  1023 21989 D libc    : Internal error: netid(0), id(0x32ea), server(0.0.0.0)
02-20 22:06:50.015 21779 21958 I chatty  : uid=11026(org.mozilla.fenix.nightly) /data/local/tmp/simpleperf expire 2 lines
02-20 22:06:50.165  1023 21998 D libc    : Internal error: netid(0), id(0x76ee), server(0.0.0.0)
02-20 22:06:50.166  1023 21998 D libc    : Internal error: netid(0), id(0x76ee), server(0.0.0.0)
02-20 22:06:50.166  1023 21998 D libc    : Internal error: netid(0), id(0x6080), server(0.0.0.0)
02-20 22:06:50.166  1023 21998 D libc    : Internal error: netid(0), id(0x6080), server(0.0.0.0)
02-20 22:06:50.167  1023 22000 D libc    : Internal error: netid(0), id(0xf297), server(0.0.0.0)
02-20 22:06:50.167  1023 22000 D libc    : Internal error: netid(0), id(0xf297), server(0.0.0.0)
02-20 22:06:50.168  1023 22000 D libc    : Internal error: netid(0), id(0xbaf), server(0.0.0.0)
02-20 22:06:50.168  1023 22000 D libc    : Internal error: netid(0), id(0xbaf), server(0.0.0.0)
02-20 22:06:50.171  1023 22005 D libc    : Internal error: netid(0), id(0xf399), server(0.0.0.0)
02-20 22:06:50.171  1023 22005 D libc    : Internal error: netid(0), id(0xf399), server(0.0.0.0)
02-20 22:06:50.171  1023 22005 D libc    : Internal error: netid(0), id(0xd59c), server(0.0.0.0)
02-20 22:06:50.171  1023 22005 D libc    : Internal error: netid(0), id(0xd59c), server(0.0.0.0)
02-20 22:06:50.207 21779 21809 I chatty  : uid=11026(org.mozilla.fenix.nightly) /data/local/tmp/simpleperf expire 1 line
02-20 22:06:50.208 21779 21810 I chatty  : uid=11026(org.mozilla.fenix.nightly) /data/local/tmp/simpleperf expire 1 line
02-20 22:06:50.208 21779 21849 I chatty  : uid=11026(org.mozilla.fenix.nightly) /data/local/tmp/simpleperf expire 1 line
02-20 22:06:50.247 21779 21845 I chatty  : uid=11026(org.mozilla.fenix.nightly) /data/local/tmp/simpleperf expire 1 line
02-20 22:06:51.818 21746 21760 I zygote  : Waiting for a blocking GC ProfileSaver
02-20 22:06:53.419 22036 22036 D AndroidRuntime: >>>>>> START com.android.internal.os.RuntimeInit uid 2000 <<<<<<
02-20 22:06:53.432 22036 22036 W app_process: Could not reserve sentinel fault page
02-20 22:06:53.598 22036 22036 I app_process: The ClassLoaderContext is a special shared library.
02-20 22:06:53.671 22036 22036 D AndroidRuntime: Calling main entry com.android.commands.input.Input
02-20 22:06:53.673 22036 22036 I Input   : injectKeyEvent: KeyEvent { action=ACTION_DOWN, keyCode=KEYCODE_HOME, scanCode=0, metaState=0, flags=0x0, repeatCount=0, eventTime=14330468952, downTime=14330468952, deviceId=-1, source=0x101 }
02-20 22:06:53.679 22036 22036 I Input   : injectKeyEvent: KeyEvent { action=ACTION_UP, keyCode=KEYCODE_HOME, scanCode=0, metaState=0, flags=0x0, repeatCount=0, eventTime=14330468952, downTime=14330468952, deviceId=-1, source=0x101 }
02-20 22:06:53.686  1456  1941 I ActivityManager: START u0 {act=android.intent.action.MAIN cat=[android.intent.category.HOME] flg=0x10200000 cmp=com.android.launcher3/.CustomizationPanelLauncher (has extras)} from uid 1000
02-20 22:06:53.687   794   839 E ANDR-PERF-RESOURCEQS: Failed to apply optimization [4, 0]
02-20 22:06:53.704  1456  1941 I ActivityManager: moveHomeStack, setupComplete:true
02-20 22:06:53.705 20270 23357 I Adreno  : QUALCOMM build                   : bb5b86c, I77d3059488
02-20 22:06:53.705 20270 23357 I Adreno  : Build Date                       : 06/07/18
02-20 22:06:53.705 20270 23357 I Adreno  : OpenGL ES Shader Compiler Version: EV031.22.00.01_06
02-20 22:06:53.705 20270 23357 I Adreno  : Local Branch                     : 
02-20 22:06:53.705 20270 23357 I Adreno  : Remote Branch                    : refs/tags/AU_LINUX_ANDROID_LA.UM.6.5.R1.08.01.00.312.086
02-20 22:06:53.705 20270 23357 I Adreno  : Remote Branch                    : NONE
02-20 22:06:53.705 20270 23357 I Adreno  : Reconstruct Branch               : NOTHING
02-20 22:06:53.707 20270 23357 D vndksupport: Loading /vendor/lib/hw/gralloc.msm8937.so from current namespace instead of sphal namespace.
02-20 22:06:53.710 20270 23357 I Adreno  : PFP: 0x005ff087, ME: 0x005ff063
02-20 22:06:53.711 22036 22036 D AndroidRuntime: Shutting down VM
02-20 22:06:53.715 20270 23357 I zygote  : android::hardware::configstore::V1_0::ISurfaceFlingerConfigs::hasWideColorDisplay retrieved: 0
02-20 22:06:53.716 20270 23357 I OpenGLRenderer: Initialized EGL, version 1.4
02-20 22:06:53.716 20270 23357 D OpenGLRenderer: Swap behavior 2
02-20 22:06:53.725  2748  2748 D Launcher.Utilities: Wakeup weather: Intent { act=com.motorola.launcher3.action.WAKEUP_WEATHER cmp=com.motorola.timeweatherwidget/com.motorola.commandcenter.weather.WakeUpService }
02-20 22:06:53.740  1456  1456 I NotificationService: Cannot find enqueued record for key: 0|com.motorola.timeweatherwidget|1|null|10116
02-20 22:06:53.745   808   808 D SurfaceFlinger: duplicate layer name: changing com.android.launcher3/com.android.launcher3.CustomizationPanelLauncher to com.android.launcher3/com.android.launcher3.CustomizationPanelLauncher#1
02-20 22:06:53.764  1456  1473 I WifiService: getWifiEnabledState uid=10073
02-20 22:06:53.764 20270 21105 W ThreadPoolDumper: Queue length for executor EventBus is now 11. Perhaps some tasks are too long, or the pool is too small.
02-20 22:06:53.777  1456  2401 I WifiService: getWifiEnabledState uid=10073
02-20 22:06:53.786 20270 21092 I DEBUG   : OpaToSrpTransitionState#onStateChanged#notNullQuery
02-20 22:06:53.788 20270 21092 I DEBUG   : OpaToSrpTransitionState#onStateChanged#notNullQuery
02-20 22:06:53.805 20270 21092 I MicroDetectionState: Should stop hotword detection immediately - false
02-20 22:06:53.808 20270 21092 I MicroDetectionWorker: #startMicroDetector [speakerMode: 0]
02-20 22:06:53.809 20270 21092 I AudioController: Created new AudioSource
02-20 22:06:53.837  1456  1673 I LaunchCheckinHandler: Displayed com.android.launcher3/.CustomizationPanelLauncher,wp,wa,150
02-20 22:06:53.838 20270 21132 I MicroDataManager: isInitializedWithLatestParams-true
02-20 22:06:53.838 20270 21132 I MicroDataManager: isInitializing-false locale not changed-true model not changed-true
02-20 22:06:53.838 20270 21132 I MicroDataManager: Already initialized, obtaining the hotword data immediately.
02-20 22:06:53.843 20270 17071 I MicroRecognitionRunner: Starting detection.
02-20 22:06:53.843 20270 17071 I InputStreamUtils: Using micInputStream
02-20 22:06:53.844 20270 16959 I MicrophoneInputStream: mic_starting  SR : 16000 CC : 16 SO : 1999
02-20 22:06:53.846   788  1479 V msm8974_platform: platform_check_input_mask: enter check_input_mask source 6 mask 10
02-20 22:06:53.848  1012 22050 I AudioFlinger: AudioFlinger's thread 0xb2483f40 tid=22050 ready to run
02-20 22:06:53.856   788  1479 D audio_hw_primary: in_set_parameters: enter: kvpairs=input_source=6;routing=-2147483644
02-20 22:06:53.857  1012  1301 D APM_AudioPolicyManager: AudioPolicyManager::startInput() input 154838, session 154945, source = 1999
02-20 22:06:53.857 20270 16959 I MicrophoneInputStream: mic_started  SR : 16000 CC : 16 SO : 1999
02-20 22:06:53.859   788 22051 V msm8974_platform: platform_update_usecase_from_source: input source :6
02-20 22:06:53.859   788 22051 V msm8974_platform: platform_check_input_mask: enter check_input_mask source 6 mask 10
02-20 22:06:53.859   788 22051 V msm8974_platform: platform_get_input_snd_device: enter: out_device(0) in_device(0x4) channel_count (1) channel_mask (0x10)
02-20 22:06:53.860   788 22051 V msm8974_platform: platform_get_input_snd_device: exit: in_snd_device(voice-rec-mic)
02-20 22:06:53.860   788 22051 V msm8974_platform: platform_get_backend_index:napb: backend port - 5 device - 120 
02-20 22:06:53.860   788 22051 V msm8974_platform: platform_check_and_set_capture_backend_cfg:txbecf: afe: bitwidth 0, samplerate 0, channel 1, backend_idx 5 usecase = 9 device (voice-rec-mic)
02-20 22:06:53.860   788 22051 V msm8974_platform: platform_check_capture_backend_cfg:txbecf: afe: Codec selected backend: 5 current bit width: 0 and sample rate: 0, channels 1
02-20 22:06:53.860   788 22051 V msm8974_platform: platform_check_capture_backend_cfg:txbecf: afe: Codec selected backend: 5 updated bit width: 0 and sample rate: 0
02-20 22:06:53.860   788 22051 I msm8974_platform: platform_check_capture_backend_cfg:txbecf: afe: Codec backend needs to be updated. new bit width: 0 new sample rate: 0 new channel: 1
02-20 22:06:53.860   788 22051 V msm8974_platform: platform_get_backend_index:napb: backend port - 5 device - 120 
02-20 22:06:53.860   788 22051 V msm8974_platform: platform_set_backend_cfg:becf: afe: bitwidth 0, samplerate 0 channels 1, backend_idx 5 device (voice-rec-mic)
02-20 22:06:53.860   788 22051 E msm8974_platform: platform_set_backend_cfg:becf: afe: Could not get ctl for mixer command - SLIM_0_TX Format
02-20 22:06:53.860   788 22051 V msm8974_platform: platform_send_audio_calibration: sending audio calibration for snd_device(120) acdb_id(62)
02-20 22:06:53.860   788 22051 D ACDB-LOADER: ACDB -> send_audio_cal, acdb_id = 62, path = 1, app id = 0x11130, sample rate = 48000
02-20 22:06:53.860   788 22051 D ACDB-LOADER: ACDB -> send_asm_topology
02-20 22:06:53.860   788 22051 D ACDB-LOADER: ACDB -> ACDB_CMD_GET_AUDPROC_STREAM_TOPOLOGY_ID
02-20 22:06:53.860   788 22051 D ACDB-LOADER: ACDB -> send_adm_topology
02-20 22:06:53.860   788 22051 D ACDB-LOADER: ACDB -> ACDB_CMD_GET_AUDPROC_COMMON_TOPOLOGY_ID
02-20 22:06:53.861   788 22051 D ACDB-LOADER: ACDB -> send_audtable
02-20 22:06:53.861   788 22051 D ACDB-LOADER: ACDB -> ACDB_CMD_GET_AUDPROC_COMMON_TABLE_SIZE
02-20 22:06:53.861   788 22051 D ACDB-LOADER: ACDB -> ACDB_CMD_GET_AUDPROC_COMMON_TABLE
02-20 22:06:53.861   788 22051 D ACDB-LOADER: ACDB -> AUDIO_SET_AUDPROC_CAL
02-20 22:06:53.861   788 22051 D ACDB-LOADER: ACDB -> send_audvoltable
02-20 22:06:53.861   788 22051 D ACDB-LOADER: ACDB -> ACDB_CMD_GET_AUDPROC_VOL_STEP_TABLE_SIZE
02-20 22:06:53.861   788 22051 D ACDB-LOADER: ACDB -> ACDB_CMD_GET_AUDPROC_GAIN_DEP_STEP_TABLE, vol index 0
02-20 22:06:53.861   788 22051 D         : Failed to fetch the lookup information of the device 0000003E 
02-20 22:06:53.861   788 22051 D ACDB-LOADER: ACDB -> AUDIO_SET_VOL_CAL cal type = 12
02-20 22:06:53.861   788 22051 D ACDB-LOADER: ACDB -> ACDB_CMD_GET_AUDPROC_STREAM_TABLE_SIZE
02-20 22:06:53.861   788 22051 D ACDB-LOADER: ACDB -> send_audstrmtable
02-20 22:06:53.861   788 22051 D ACDB-LOADER: ACDB -> ACDB_CMD_GET_AUDPROC_STREAM_TABLE_V2
02-20 22:06:53.861   788 22051 D ACDB-LOADER: ACDB -> audstrm_cal->cal_type.cal_data.cal_size = 456
02-20 22:06:53.861   788 22051 D ACDB-LOADER: ACDB -> send_afe_topology
02-20 22:06:53.861   788 22051 D ACDB-LOADER: ACDB -> ACDB_CMD_GET_AFE_TOPOLOGY_ID
02-20 22:06:53.861   788 22051 D ACDB-LOADER: ACDB -> GET_AFE_TOPOLOGY_ID for adcd_id 62, Topology Id 112fb
02-20 22:06:53.861   788 22051 D ACDB-LOADER: ACDB -> send_afe_cal
02-20 22:06:53.861   788 22051 D ACDB-LOADER: ACDB -> ACDB_CMD_GET_AFE_COMMON_TABLE_SIZE
02-20 22:06:53.861   788 22051 D         : Failed to fetch the lookup information of the device 0000003E 
02-20 22:06:53.861   788 22051 E ACDB-LOADER: Error: ACDB_CMD_GET_AFE_COMMON_TABLE_SIZE Returned = -19
02-20 22:06:53.861   788 22051 D ACDB-LOADER: ACDB -> ACDB_CMD_GET_AFE_COMMON_TABLE
02-20 22:06:53.861   788 22051 D         : Failed to fetch the lookup information of the device 0000003E 
02-20 22:06:53.861   788 22051 D ACDB-LOADER: ACDB -> AUDIO_SET_AFE_CAL
02-20 22:06:53.861   788 22051 D ACDB-LOADER: ACDB -> send_hw_delay : acdb_id = 62 path = 1
02-20 22:06:53.861   788 22051 D ACDB-LOADER: ACDB -> ACDB_AVSYNC_INFO: ACDB_CMD_GET_DEVICE_PROPERTY
02-20 22:06:53.861   788 22051 D audio_hw_primary: enable_snd_device: snd_device(120: voice-rec-mic)
02-20 22:06:53.861   788 22051 D audio_route: Apply path: voice-rec-mic
02-20 22:06:53.864   788 22051 V msm8974_platform: platform_get_snd_device_backend_index: enter with device 120
02-20 22:06:53.864   788 22051 E msm8974_platform: platform_get_snd_device_backend_index: BE DAI Name Table is not present
02-20 22:06:53.864   788 22051 V msm8974_platform: platform_get_backend_index:napb: backend port - 5 device - 120 
02-20 22:06:53.864   788 22051 I audio_hw_utils: Set Audio Stream Capture 0 App Type Cfg: app_type 69936, acdb_dev_id 62, sample_rate 48000, snd_device_be_idx -14
02-20 22:06:53.864   788 22051 D audio_hw_primary: enable_audio_route: usecase(9) apply and update mixer path: audio-record
02-20 22:06:53.864   788 22051 D audio_route: Apply path: audio-record
02-20 22:06:53.938 20270 21092 I MicroDetectionWorker: onReady
02-20 22:06:54.142 21455 21464 W JavaBinder: BinderProxy is being destroyed but the application did not call unlinkToDeath to unlink all of its death recipients beforehand.  Releasing leaked death recipient: akhj
02-20 22:06:54.241  1456  7796 I OpenGLRenderer: Initialized EGL, version 1.4
02-20 22:06:54.242  1456  7796 D OpenGLRenderer: Swap behavior 2
02-20 22:06:54.287  2748  2917 W OpenGLRenderer: Incorrectly called buildLayer on View: ShortcutAndWidgetContainer, destroying layer...
02-20 22:06:54.397 21779 21841 I chatty  : uid=11026(org.mozilla.fenix.nightly) /data/local/tmp/simpleperf expire 1 line
02-20 22:06:54.399 21779 21806 I chatty  : uid=11026(org.mozilla.fenix.nightly) /data/local/tmp/simpleperf expire 6 lines
02-20 22:06:54.599  1456  1893 D BatteryService: uevent={POWER_SUPPLY_VOLTAGE_NOW=4392674, POWER_SUPPLY_CHARGE_RATE=Normal, POWER_SUPPLY_HEALTH=Good, POWER_SUPPLY_CURRENT_NOW=-157012, POWER_SUPPLY_PRESENT=1, SUBSYSTEM=power_supply, POWER_SUPPLY_TEMP=307, SEQNUM=382781, ACTION=change, POWER_SUPPLY_NAME=battery, POWER_SUPPLY_STATUS=Charging, POWER_SUPPLY_CHARGE_COUNTER=2799953, POWER_SUPPLY_CAPACITY=100, DEVPATH=/devices/soc/qpnp-smbcharger-17/power_supply/battery}
02-20 22:06:54.603  2398  2398 D QtiCarrierConfigHelper: WARNING, no carrier configs on phone Id: 0
02-20 22:06:58.864  1456  2401 I ActivityManager: Force stopping org.mozilla.fenix.nightly appid=11026 user=0: from pid 22058
02-20 22:06:58.864  1456  2401 I ActivityManager: Killing 21779:org.mozilla.fenix.nightly/u0a1026 (adj 700): stop org.mozilla.fenix.nightly
02-20 22:06:58.867  1456  1605 W zygote  : kill(-21779, 9) failed: No such process
02-20 22:06:58.869  1456  2401 W ActivityManager: Force removing ActivityRecord{2d91276 u0 org.mozilla.fenix.nightly/org.mozilla.fenix.HomeActivity t28343}: app died, no saved state
02-20 22:06:58.877  1456  2401 I ActivityManager: Killing 21893:org.mozilla.fenix.nightly:socket/u0a1026 (adj 0): stop org.mozilla.fenix.nightly
02-20 22:06:58.881  1456  2401 I ActivityManager: Killing 21874:org.mozilla.fenix.nightly:tab/u0a1026 (adj 0): stop org.mozilla.fenix.nightly
02-20 22:06:58.889 17214 17214 I AppBase : onTrimMemory(): 15
02-20 22:06:58.889 17214 17214 I GoogleInputMethodService: onTrimMemory(): 15
02-20 22:06:58.891  1456  1605 W zygote  : kill(-21779, 9) failed: No such process
02-20 22:06:58.891 21455 21455 I Finsky  : [2] ppb.onTrimMemory(1): Memory trim requested to level 80
02-20 22:06:58.905  2398  2398 D CarrierSvcBindHelper: No carrier app for: 0
02-20 22:06:58.905  1456  1605 W zygote  : kill(-21779, 9) failed: No such process
02-20 22:06:58.905  2398  2398 D CarrierSvcBindHelper: No carrier app for: 1
02-20 22:06:58.920  1456  1605 W zygote  : kill(-21779, 9) failed: No such process
02-20 22:06:58.944  1456  1605 I chatty  : uid=1000(system) ActivityManager identical 3 lines
02-20 22:06:58.950  1456  3925 D ConnectivityService: ConnectivityService NetworkRequestInfo binderDied(NetworkRequest [ TRACK_DEFAULT id=27843, [ Capabilities: INTERNET&NOT_RESTRICTED&TRUSTED&NOT_VPN] ], android.os.BinderProxy@e90e834)
02-20 22:06:58.950  1456  2067 D ConnectivityService: releasing NetworkRequest [ TRACK_DEFAULT id=27843, [ Capabilities: INTERNET&NOT_RESTRICTED&TRUSTED&NOT_VPN] ] (release request)
02-20 22:06:58.950  1456  1673 W ActivityManager: setHasOverlayUi called on unknown pid: 21779
02-20 22:06:58.957  1456  1605 W zygote  : kill(-21779, 9) failed: No such process
02-20 22:06:58.957  1456  1605 I zygote  : Successfully killed process cgroup uid 11026 pid 21779 in 90ms
02-20 22:06:58.957  1456  1605 W zygote  : kill(-21893, 9) failed: No such process
02-20 22:06:58.957  1456  1605 I zygote  : Successfully killed process cgroup uid 11026 pid 21893 in 0ms
02-20 22:06:58.958  1456  1605 W zygote  : kill(-21874, 9) failed: No such process
02-20 22:06:58.958  1456  1605 I zygote  : Successfully killed process cgroup uid 11026 pid 21874 in 0ms
02-20 22:06:58.995  1456  2916 I ActivityManager: START u0 {act=android.intent.action.MAIN cat=[android.intent.category.LAUNCHER] flg=0x10000000 cmp=org.mozilla.fenix.nightly/org.mozilla.fenix.HomeActivity} from uid 2000
02-20 22:06:58.996   794   839 E ANDR-PERF-RESOURCEQS: Failed to apply optimization [4, 0]
02-20 22:06:59.002  1456  7796 I OpenGLRenderer: Initialized EGL, version 1.4
02-20 22:06:59.003  1456  7796 D OpenGLRenderer: Swap behavior 2
02-20 22:06:59.016  1456  4802 I ActivityManager: Start proc 22065:org.mozilla.fenix.nightly/u0a1026 for activity org.mozilla.fenix.nightly/org.mozilla.fenix.HomeActivity
02-20 22:06:59.061  1456  7570 W ActivityManager: getTaskSnapshot: taskId=28343 not found
02-20 22:06:59.104 20270 21092 I MicroDetectionState: Should stop hotword detection immediately - false
02-20 22:06:59.104 20270 21092 I MicroDetector: Keeping mic open: false
02-20 22:06:59.104 20270 17075 E DeviceStateChecker: DeviceStateChecker cancelled
02-20 22:06:59.104 20270 21092 I RecognitionAudioControl: #shutdownAudio [requestId: 6006601528712263672, keepAudioOpen: false, forced: true]
02-20 22:06:59.104 20270 21092 I RecognitionAudioControl: #internalShutdownAudio [requestId: 6006601528712263672]
02-20 22:06:59.104 20270 21092 I RecognitionAudioControl: #internalShutdownAudio [keepAudioOpen: false, forced: true]
02-20 22:06:59.104 20270 21092 I RecognitionAudioControl: #actualShutdownAudio
02-20 22:06:59.104 20270 21092 I AudioController: #shutdown [requestId=6006601528712263672]
02-20 22:06:59.104 20270 20380 I AudioController: internalShutdown
02-20 22:06:59.105 20270 21108 I MicroRecognitionRunner: Stopping hotword detection.
02-20 22:06:59.154   788  1479 D audio_hw_primary: disable_audio_route: usecase(9) reset and update mixer path: audio-record
02-20 22:06:59.155   788  1479 D audio_hw_primary: disable_snd_device: snd_device(120: voice-rec-mic)
02-20 22:06:59.157  1012 10158 D APM_AudioPolicyManager: stopInput() input 154838, session 154945
02-20 22:06:59.157   788  1479 D audio_hw_primary: in_set_parameters: enter: kvpairs=routing=0
02-20 22:06:59.159 20270 20380 I MicrophoneInputStream: mic_close  SR : 16000 CC : 16 SO : 1999
02-20 22:06:59.159 20270 20380 E AudioSource: Stop listening is called on already closed AudioSource
02-20 22:06:59.160 20270 17071 I MicroRecognitionRunner: Detection finished
02-20 22:06:59.182 22065 22065 I chatty  : uid=11026(org.mozilla.fenix.nightly) expire 28 lines
02-20 22:06:59.256 22065 22084 I chatty  : uid=11026(org.mozilla.fenix.nightly) expire 4 lines
02-20 22:06:59.269 22065 22091 I chatty  : uid=11026(org.mozilla.fenix.nightly) expire 11 lines
02-20 22:06:59.285 22065 22090 I chatty  : uid=11026(org.mozilla.fenix.nightly) expire 11 lines
02-20 22:06:59.331 22065 22097 I chatty  : uid=11026(org.mozilla.fenix.nightly) expire 24 lines
02-20 22:06:59.413 22065 22100 I chatty  : uid=11026(org.mozilla.fenix.nightly) expire 1 line
02-20 22:06:59.443 22065 22114 I chatty  : uid=11026(org.mozilla.fenix.nightly) expire 10 lines
02-20 22:06:59.453   808   808 I SFPerfTracer:      triggers: (rate: 51:555132) (compose: 0:6) (post: 0:19) (render: 0:16) (16:5043077 frames) (17:6696611)
02-20 22:06:59.454   808   808 D SFPerfTracer:        layers: (3:14) (NavigationBar#0 (0xb07df000): 9:598595) (StatusBar#0 (0xb07e3000): 9:1603181) (com.android.systemui.ImageWallpaper#0 (0xb07e7000): 0:52553)* (Sprite#0 (0xb0733000): 0:317)* (DimLayerController/Stack=0#0 (0xb075a000): 0:3734)* (Sprite#1 (0xb077c000): 0:195)* (animation background stackId=1#0 (0xb039b000): 0:108)* (com.android.launcher3/com.android.launcher3.CustomizationPanelLauncher#0 (0xb0763000): 0:43)- (com.android.launcher3/com.android.launcher3.CustomizationPanelLauncher#1 (0xb0771000): 0:11)- (Splash Screen org.mozilla.fenix.nightly#0 (0xb0384000): 0:30)- (org.mozilla.fenix.nightly/org.mozilla.fenix.HomeActivity#0 (0xb013a000): 0:48)- (com.android.launcher3/com.android.launcher3.CustomizationPanelLauncher#0 (0xb0763000): 0:38)* (com.android.launcher3/com.android.launcher3.CustomizationPanelLauncher#1 (0xb0771000): 0:10)* (Splash Screen org.mozilla.fenix.nightly#0 (0xb0384000): 16:19) 
02-20 22:06:59.543 22065 22070 I chatty  : uid=11026(org.mozilla.fenix.nightly) expire 8 lines
02-20 22:06:59.783 22065 22134 I chatty  : uid=11026(org.mozilla.fenix.nightly) expire 9 lines
02-20 22:06:59.861  1456  4802 I ActivityManager: Start proc 22156:org.mozilla.fenix.nightly:tab/u0a1026 for service org.mozilla.fenix.nightly/org.mozilla.gecko.process.GeckoServiceChildProcess$tab
02-20 22:06:59.983  1456  2916 I ActivityManager: Start proc 22174:org.mozilla.fenix.nightly:socket/u0a1026 for service org.mozilla.fenix.nightly/org.mozilla.gecko.process.GeckoServiceChildProcess$socket
02-20 22:07:00.001 22156 22156 I chatty  : uid=11026(org.mozilla.fenix.nightly) expire 1 line
02-20 22:07:00.002 22156 22188 I chatty  : uid=11026(org.mozilla.fenix.nightly) expire 1 line
02-20 22:07:00.109  1456  7570 I ActivityManager: Displayed org.mozilla.fenix.nightly/org.mozilla.fenix.HomeActivity: +1s105ms
02-20 22:07:00.109  1456  7570 I ActivityManager: Fully drawn org.mozilla.fenix.nightly/org.mozilla.fenix.HomeActivity: +1s105ms
02-20 22:07:00.110 22174 22174 I chatty  : uid=11026(org.mozilla.fenix.nightly) expire 1 line
02-20 22:07:00.111 22174 22192 I chatty  : uid=11026(org.mozilla.fenix.nightly) expire 15 lines
02-20 22:07:00.148   808   898 I SFPerfTracer:      triggers: (rate: 0:1) (0 sw vsyncs) (0 skipped) (1:3882447 vsyncs) (3:6755859)
02-20 22:07:00.168 22065 22197 I chatty  : uid=11026(org.mozilla.fenix.nightly) expire 1 line
02-20 22:07:00.194  1456  1673 I LaunchCheckinHandler: Displayed org.mozilla.fenix.nightly/org.mozilla.fenix.HomeActivity,cp,ca,1189
02-20 22:07:00.273 21455 21455 I Finsky  : [2] ppb.onTrimMemory(1): Memory trim requested to level 80
02-20 22:07:00.289 20270 20270 I MemoryTrimmer: Trimming objects from memory, since app is in the background.
02-20 22:07:00.296 20270 21092 E AudioSource: Stop listening is called on already closed AudioSource
02-20 22:07:00.298 20270 20270 I MemoryTrimmer: Trimming objects from memory, since app is in the background.
02-20 22:07:00.298 20270 16959 I PBSessionCacheImpl: Deleted sessionId[89149984825578477] from persistence.
02-20 22:07:00.303  1456  4802 I WifiService: getWifiEnabledState uid=10073
02-20 22:07:00.305 20270 21092 I DEBUG   : OpaToSrpTransitionState#onStateChanged#notNullQuery
02-20 22:07:00.306 20270 21092 I DEBUG   : OpaToSrpTransitionState#onStateChanged#notNullQuery
02-20 22:07:00.308 20270 21092 W SearchServiceCore: Abort, client detached.
02-20 22:07:01.034 22065 22097 I chatty  : uid=11026(org.mozilla.fenix.nightly) expire 6 lines
02-20 22:07:01.142 22065 22065 I chatty  : uid=11026(org.mozilla.fenix.nightly) expire 10 lines
02-20 22:07:01.149  1023 22252 D libc    : Internal error: netid(0), id(0x6b46), server(0.0.0.0)
02-20 22:07:01.149  1023 22252 D libc    : Internal error: netid(0), id(0x6b46), server(0.0.0.0)
02-20 22:07:01.150  1023 22252 D libc    : Internal error: netid(0), id(0xda13), server(0.0.0.0)
02-20 22:07:01.150  1023 22252 D libc    : Internal error: netid(0), id(0xda13), server(0.0.0.0)
02-20 22:07:01.182 22065 22247 I chatty  : uid=11026(org.mozilla.fenix.nightly) expire 2 lines
02-20 22:07:01.331  1023 22258 D libc    : Internal error: netid(0), id(0x9b47), server(0.0.0.0)
02-20 22:07:01.332  1023 22258 D libc    : Internal error: netid(0), id(0x9b47), server(0.0.0.0)
02-20 22:07:01.332  1023 22258 D libc    : Internal error: netid(0), id(0x9335), server(0.0.0.0)
02-20 22:07:01.332  1023 22258 D libc    : Internal error: netid(0), id(0x9335), server(0.0.0.0)
02-20 22:07:01.333  1023 22261 D libc    : Internal error: netid(0), id(0x730e), server(0.0.0.0)
02-20 22:07:01.333  1023 22261 D libc    : Internal error: netid(0), id(0x730e), server(0.0.0.0)
02-20 22:07:01.333  1023 22261 D libc    : Internal error: netid(0), id(0xe83d), server(0.0.0.0)
02-20 22:07:01.333  1023 22261 D libc    : Internal error: netid(0), id(0xe83d), server(0.0.0.0)
02-20 22:07:01.336  1023 22265 D libc    : Internal error: netid(0), id(0xc147), server(0.0.0.0)
02-20 22:07:01.336  1023 22265 D libc    : Internal error: netid(0), id(0xc147), server(0.0.0.0)
02-20 22:07:01.336  1023 22265 D libc    : Internal error: netid(0), id(0xaf1f), server(0.0.0.0)
02-20 22:07:01.336  1023 22265 D libc    : Internal error: netid(0), id(0xaf1f), server(0.0.0.0)
02-20 22:07:01.374 22065 22093 I chatty  : uid=11026(org.mozilla.fenix.nightly) expire 1 line
02-20 22:07:01.374 22065 22124 I chatty  : uid=11026(org.mozilla.fenix.nightly) expire 1 line
02-20 22:07:01.375 22065 22092 I chatty  : uid=11026(org.mozilla.fenix.nightly) expire 1 line
02-20 22:07:01.413 22065 22287 I chatty  : uid=11026(org.mozilla.fenix.nightly) expire 1 line
02-20 22:07:04.662 22298 22298 D AndroidRuntime: >>>>>> START com.android.internal.os.RuntimeInit uid 2000 <<<<<<
02-20 22:07:04.675 22298 22298 W app_process: Could not reserve sentinel fault page
02-20 22:07:04.841 22298 22298 I app_process: The ClassLoaderContext is a special shared library.
02-20 22:07:04.913 22298 22298 D AndroidRuntime: Calling main entry com.android.commands.input.Input
02-20 22:07:04.920 22298 22298 I Input   : injectKeyEvent: KeyEvent { action=ACTION_DOWN, keyCode=KEYCODE_HOME, scanCode=0, metaState=0, flags=0x0, repeatCount=0, eventTime=14330480195, downTime=14330480195, deviceId=-1, source=0x101 }
02-20 22:07:04.927 22298 22298 I Input   : injectKeyEvent: KeyEvent { action=ACTION_UP, keyCode=KEYCODE_HOME, scanCode=0, metaState=0, flags=0x0, repeatCount=0, eventTime=14330480195, downTime=14330480195, deviceId=-1, source=0x101 }
02-20 22:07:04.935  1456  1941 I ActivityManager: START u0 {act=android.intent.action.MAIN cat=[android.intent.category.HOME] flg=0x10200000 cmp=com.android.launcher3/.CustomizationPanelLauncher (has extras)} from uid 1000
02-20 22:07:04.935   794   839 E ANDR-PERF-RESOURCEQS: Failed to apply optimization [4, 0]
02-20 22:07:04.947  1456  1941 I ActivityManager: moveHomeStack, setupComplete:true
02-20 22:07:04.953 20270 23357 I Adreno  : QUALCOMM build                   : bb5b86c, I77d3059488
02-20 22:07:04.953 20270 23357 I Adreno  : Build Date                       : 06/07/18
02-20 22:07:04.953 20270 23357 I Adreno  : OpenGL ES Shader Compiler Version: EV031.22.00.01_06
02-20 22:07:04.953 20270 23357 I Adreno  : Local Branch                     : 
02-20 22:07:04.953 20270 23357 I Adreno  : Remote Branch                    : refs/tags/AU_LINUX_ANDROID_LA.UM.6.5.R1.08.01.00.312.086
02-20 22:07:04.953 20270 23357 I Adreno  : Remote Branch                    : NONE
