04-06 22:08:19.891  8013  8013 I chatty  : uid=11235(org.mozilla.fennec_aurora) expire 27 lines
04-06 22:08:19.978  8094  8094 I chatty  : uid=11235(org.mozilla.fennec_aurora) expire 2 lines
04-06 22:08:19.978  8094  8115 I chatty  : uid=11235(org.mozilla.fennec_aurora) expire 1 line
04-06 22:08:20.162  8013  8063 I chatty  : uid=11235(org.mozilla.fennec_aurora) expire 1 line
04-06 22:08:20.182  8013  8122 I chatty  : uid=11235(org.mozilla.fennec_aurora) expire 9 lines
04-06 22:08:20.387  1456  1673 I LaunchCheckinHandler: Displayed org.mozilla.fennec_aurora/org.mozilla.fenix.HomeActivity,wp,ca,589
04-06 22:08:20.387  1456  1673 I ActivityManager: Displayed org.mozilla.fennec_aurora/org.mozilla.fenix.HomeActivity: +584ms (total +1s85ms)
04-06 22:08:20.406 28336 28336 I MemoryTrimmer: Trimming objects from memory, since app is in the background.
04-06 22:08:20.411 28336 28379 E AudioSource: Stop listening is called on already closed AudioSource
04-06 22:08:20.413 28336 28362 I PBSessionCacheImpl: Deleted sessionId[124624629806624542] from persistence.
04-06 22:08:20.418  1456  3925 I WifiService: getWifiEnabledState uid=10073
04-06 22:08:20.420 28336 28379 I DEBUG   : OpaToSrpTransitionState#onStateChanged#notNullQuery
04-06 22:08:20.421 28336 28379 I DEBUG   : OpaToSrpTransitionState#onStateChanged#notNullQuery
04-06 22:08:20.423 28336 28379 W SearchServiceCore: Abort, client detached.
04-06 22:08:20.463 28336 28336 I MemoryTrimmer: Trimming objects from memory, since app is in the background.
04-06 22:08:20.571  8013  8138 I chatty  : uid=11235(org.mozilla.fennec_aurora) expire 2 lines
04-06 22:08:20.612  1456  3925 I ActivityManager: Fully drawn org.mozilla.fennec_aurora/org.mozilla.fenix.HomeActivity: +814ms (total +1s315ms)
04-06 22:08:20.756  1023  8148 D libc    : Internal error: netid(0), id(0x1507), server(0.0.0.0)
04-06 22:08:20.756  1023  8148 D libc    : Internal error: netid(0), id(0x1507), server(0.0.0.0)
04-06 22:08:20.757  1023  8148 D libc    : Internal error: netid(0), id(0x3056), server(0.0.0.0)
04-06 22:08:20.757  1023  8148 D libc    : Internal error: netid(0), id(0x3056), server(0.0.0.0)
04-06 22:08:20.777  1023  8159 D libc    : Internal error: netid(0), id(0x857e), server(0.0.0.0)
04-06 22:08:20.777  1023  8159 D libc    : Internal error: netid(0), id(0x857e), server(0.0.0.0)
04-06 22:08:20.777  1023  8159 D libc    : Internal error: netid(0), id(0x8a0f), server(0.0.0.0)
04-06 22:08:20.778  1023  8159 D libc    : Internal error: netid(0), id(0x8a0f), server(0.0.0.0)
04-06 22:08:20.779  1023  8160 D libc    : Internal error: netid(0), id(0xc7a), server(0.0.0.0)
04-06 22:08:20.779  1023  8160 D libc    : Internal error: netid(0), id(0xc7a), server(0.0.0.0)
04-06 22:08:20.779  1023  8160 D libc    : Internal error: netid(0), id(0x749), server(0.0.0.0)
04-06 22:08:20.780  1023  8160 D libc    : Internal error: netid(0), id(0x749), server(0.0.0.0)
04-06 22:08:20.781  1023  8164 D libc    : Internal error: netid(0), id(0xa617), server(0.0.0.0)
04-06 22:08:20.781  1023  8164 D libc    : Internal error: netid(0), id(0xa617), server(0.0.0.0)
04-06 22:08:20.781  1023  8164 D libc    : Internal error: netid(0), id(0x9b57), server(0.0.0.0)
04-06 22:08:20.782  1023  8164 D libc    : Internal error: netid(0), id(0x9b57), server(0.0.0.0)
04-06 22:08:20.787  1023  8169 D libc    : Internal error: netid(0), id(0x4648), server(0.0.0.0)
04-06 22:08:20.787  1023  8169 D libc    : Internal error: netid(0), id(0x4648), server(0.0.0.0)
04-06 22:08:20.788  1023  8169 D libc    : Internal error: netid(0), id(0xac0c), server(0.0.0.0)
04-06 22:08:20.788  1023  8169 D libc    : Internal error: netid(0), id(0xac0c), server(0.0.0.0)
04-06 22:08:20.791  8013  8044 I chatty  : uid=11235(org.mozilla.fennec_aurora) expire 1 line
04-06 22:08:20.792  8013  8045 I chatty  : uid=11235(org.mozilla.fennec_aurora) expire 1 line
04-06 22:08:20.792  8013  8141 I chatty  : uid=11235(org.mozilla.fennec_aurora) expire 2 lines
04-06 22:08:20.793  8013  8068 I chatty  : uid=11235(org.mozilla.fennec_aurora) expire 1 line
04-06 22:08:20.795  8013  8144 I chatty  : uid=11235(org.mozilla.fennec_aurora) expire 2 lines
04-06 22:08:20.826  8013  8175 I chatty  : uid=11235(org.mozilla.fennec_aurora) expire 1 line
04-06 22:08:24.941  8217  8217 D AndroidRuntime: >>>>>> START com.android.internal.os.RuntimeInit uid 2000 <<<<<<
04-06 22:08:24.954  8217  8217 W app_process: Could not reserve sentinel fault page
04-06 22:08:25.084  1456  1893 D BatteryService: uevent={POWER_SUPPLY_VOLTAGE_NOW=4399846, POWER_SUPPLY_CHARGE_RATE=Normal, POWER_SUPPLY_HEALTH=Good, POWER_SUPPLY_CURRENT_NOW=-175169, POWER_SUPPLY_PRESENT=1, SUBSYSTEM=power_supply, POWER_SUPPLY_TEMP=312, SEQNUM=449396, ACTION=change, POWER_SUPPLY_NAME=battery, POWER_SUPPLY_STATUS=Charging, POWER_SUPPLY_CHARGE_COUNTER=2793953, POWER_SUPPLY_CAPACITY=100, DEVPATH=/devices/soc/qpnp-smbcharger-17/power_supply/battery}
04-06 22:08:25.092  2398  2398 D QtiCarrierConfigHelper: WARNING, no carrier configs on phone Id: 0
04-06 22:08:25.121  8217  8217 I app_process: The ClassLoaderContext is a special shared library.
04-06 22:08:25.190  8217  8217 D AndroidRuntime: Calling main entry com.android.commands.input.Input
04-06 22:08:25.192  8217  8217 I Input   : injectKeyEvent: KeyEvent { action=ACTION_DOWN, keyCode=KEYCODE_HOME, scanCode=0, metaState=0, flags=0x0, repeatCount=0, eventTime=18301360471, downTime=18301360471, deviceId=-1, source=0x101 }
04-06 22:08:25.203  8217  8217 I Input   : injectKeyEvent: KeyEvent { action=ACTION_UP, keyCode=KEYCODE_HOME, scanCode=0, metaState=0, flags=0x0, repeatCount=0, eventTime=18301360471, downTime=18301360471, deviceId=-1, source=0x101 }
04-06 22:08:25.209  1456  1941 I ActivityManager: START u0 {act=android.intent.action.MAIN cat=[android.intent.category.HOME] flg=0x10200000 cmp=com.android.launcher3/.CustomizationPanelLauncher (has extras)} from uid 1000
04-06 22:08:25.209   794   839 E ANDR-PERF-RESOURCEQS: Failed to apply optimization [4, 0]
04-06 22:08:25.220  1456  1941 I ActivityManager: moveHomeStack, setupComplete:true
04-06 22:08:25.224  8217  8217 D AndroidRuntime: Shutting down VM
04-06 22:08:25.240 28336 28375 I Adreno  : QUALCOMM build                   : bb5b86c, I77d3059488
04-06 22:08:25.240 28336 28375 I Adreno  : Build Date                       : 06/07/18
04-06 22:08:25.240 28336 28375 I Adreno  : OpenGL ES Shader Compiler Version: EV031.22.00.01_06
04-06 22:08:25.240 28336 28375 I Adreno  : Local Branch                     : 
04-06 22:08:25.240 28336 28375 I Adreno  : Remote Branch                    : refs/tags/AU_LINUX_ANDROID_LA.UM.6.5.R1.08.01.00.312.086
04-06 22:08:25.240 28336 28375 I Adreno  : Remote Branch                    : NONE
04-06 22:08:25.240 28336 28375 I Adreno  : Reconstruct Branch               : NOTHING
04-06 22:08:25.248 28336 28375 D vndksupport: Loading /vendor/lib/hw/gralloc.msm8937.so from current namespace instead of sphal namespace.
04-06 22:08:25.249  2748  2748 D Launcher.Utilities: Wakeup weather: Intent { act=com.motorola.launcher3.action.WAKEUP_WEATHER cmp=com.motorola.timeweatherwidget/com.motorola.commandcenter.weather.WakeUpService }
04-06 22:08:25.253 28336 28375 I Adreno  : PFP: 0x005ff087, ME: 0x005ff063
04-06 22:08:25.257 28336 28375 I zygote  : android::hardware::configstore::V1_0::ISurfaceFlingerConfigs::hasWideColorDisplay retrieved: 0
04-06 22:08:25.257 28336 28375 I OpenGLRenderer: Initialized EGL, version 1.4
04-06 22:08:25.258 28336 28375 D OpenGLRenderer: Swap behavior 2
04-06 22:08:25.262  1456  1456 I NotificationService: Cannot find enqueued record for key: 0|com.motorola.timeweatherwidget|1|null|10116
04-06 22:08:25.265   808   808 D SurfaceFlinger: duplicate layer name: changing com.android.launcher3/com.android.launcher3.CustomizationPanelLauncher to com.android.launcher3/com.android.launcher3.CustomizationPanelLauncher#1
04-06 22:08:25.284 28336 28369 W ThreadPoolDumper: Queue length for executor EventBus is now 11. Perhaps some tasks are too long, or the pool is too small.
04-06 22:08:25.286  1456  2162 I WifiService: getWifiEnabledState uid=10073
04-06 22:08:25.307  1456  5907 I WifiService: getWifiEnabledState uid=10073
04-06 22:08:25.315 28336 28379 I DEBUG   : OpaToSrpTransitionState#onStateChanged#notNullQuery
04-06 22:08:25.316 28336 28379 I DEBUG   : OpaToSrpTransitionState#onStateChanged#notNullQuery
04-06 22:08:25.328 28336 28379 I MicroDetectionState: Should stop hotword detection immediately - false
04-06 22:08:25.331   808   808 I SFPerfTracer:      triggers: (rate: 72:2020603) (compose: 0:7) (post: 0:19) (render: 0:17) (1:10233837 frames) (2:12876448)
04-06 22:08:25.331   808   808 D SFPerfTracer:        layers: (3:13) (NavigationBar#0 (0xb07df000): 0:934869) (StatusBar#0 (0xb07e3000): 0:2205900) (com.android.systemui.ImageWallpaper#0 (0xb07e7000): 0:86352)* (Sprite#0 (0xb0733000): 0:317)* (DimLayerController/Stack=0#0 (0xb075a000): 0:3866)* (Sprite#1 (0xb077c000): 0:195)* (com.android.launcher3/com.android.launcher3.CustomizationPanelLauncher#0 (0xb0763000): 0:38)- (com.android.launcher3/com.android.launcher3.CustomizationPanelLauncher#1 (0xb0771000): 0:8)- (Splash Screen org.mozilla.fennec_aurora#0 (0xb039b000): 0:19)- (Splash Screen org.mozilla.fennec_aurora#1 (0xb013a000): 0:31)- (org.mozilla.fennec_aurora/org.mozilla.fenix.HomeActivity#0 (0xb039b000): 0:43) (com.android.launcher3/com.android.launcher3.CustomizationPanelLauncher#0 (0xb0763000): 1:3)* (com.android.launcher3/com.android.launcher3.CustomizationPanelLauncher#1 (0xb0771000): 1:2)* 
04-06 22:08:25.335 28336 28379 I MicroDetectionWorker: #startMicroDetector [speakerMode: 0]
04-06 22:08:25.337 28336 28379 I AudioController: Created new AudioSource
04-06 22:08:25.354 28336 28362 I MicroDataManager: isInitializedWithLatestParams-true
04-06 22:08:25.354 28336 28362 I MicroDataManager: isInitializing-false locale not changed-true model not changed-true
04-06 22:08:25.354 28336 28362 I MicroDataManager: Already initialized, obtaining the hotword data immediately.
04-06 22:08:25.354  1456  1673 I LaunchCheckinHandler: Displayed com.android.launcher3/.CustomizationPanelLauncher,wp,wa,145
04-06 22:08:25.358 28336  8887 I MicroRecognitionRunner: Starting detection.
04-06 22:08:25.359 28336  8887 I InputStreamUtils: Using micInputStream
04-06 22:08:25.359 28336  5670 I MicrophoneInputStream: mic_starting  SR : 16000 CC : 16 SO : 1999
04-06 22:08:25.362   788  1479 V msm8974_platform: platform_check_input_mask: enter check_input_mask source 6 mask 10
04-06 22:08:25.366  1012  8233 I AudioFlinger: AudioFlinger's thread 0xb2483680 tid=8233 ready to run
04-06 22:08:25.374   788  1479 D audio_hw_primary: in_set_parameters: enter: kvpairs=input_source=6;routing=-2147483644
04-06 22:08:25.375  1012 13178 D APM_AudioPolicyManager: AudioPolicyManager::startInput() input 281558, session 281673, source = 1999
04-06 22:08:25.375 28336  5670 I MicrophoneInputStream: mic_started  SR : 16000 CC : 16 SO : 1999
04-06 22:08:25.377   788  8234 V msm8974_platform: platform_update_usecase_from_source: input source :6
04-06 22:08:25.377   788  8234 V msm8974_platform: platform_check_input_mask: enter check_input_mask source 6 mask 10
04-06 22:08:25.377   788  8234 V msm8974_platform: platform_get_input_snd_device: enter: out_device(0) in_device(0x4) channel_count (1) channel_mask (0x10)
04-06 22:08:25.377   788  8234 V msm8974_platform: platform_get_input_snd_device: exit: in_snd_device(voice-rec-mic)
04-06 22:08:25.377   788  8234 V msm8974_platform: platform_get_backend_index:napb: backend port - 5 device - 120 
04-06 22:08:25.377   788  8234 V msm8974_platform: platform_check_and_set_capture_backend_cfg:txbecf: afe: bitwidth 0, samplerate 0, channel 1, backend_idx 5 usecase = 9 device (voice-rec-mic)
04-06 22:08:25.377   788  8234 V msm8974_platform: platform_check_capture_backend_cfg:txbecf: afe: Codec selected backend: 5 current bit width: 0 and sample rate: 0, channels 1
04-06 22:08:25.378   788  8234 V msm8974_platform: platform_check_capture_backend_cfg:txbecf: afe: Codec selected backend: 5 updated bit width: 0 and sample rate: 0
04-06 22:08:25.378   788  8234 I msm8974_platform: platform_check_capture_backend_cfg:txbecf: afe: Codec backend needs to be updated. new bit width: 0 new sample rate: 0 new channel: 1
04-06 22:08:25.378   788  8234 V msm8974_platform: platform_get_backend_index:napb: backend port - 5 device - 120 
04-06 22:08:25.378   788  8234 V msm8974_platform: platform_set_backend_cfg:becf: afe: bitwidth 0, samplerate 0 channels 1, backend_idx 5 device (voice-rec-mic)
04-06 22:08:25.378   788  8234 E msm8974_platform: platform_set_backend_cfg:becf: afe: Could not get ctl for mixer command - SLIM_0_TX Format
04-06 22:08:25.378   788  8234 V msm8974_platform: platform_send_audio_calibration: sending audio calibration for snd_device(120) acdb_id(62)
04-06 22:08:25.378   788  8234 D ACDB-LOADER: ACDB -> send_audio_cal, acdb_id = 62, path = 1, app id = 0x11130, sample rate = 48000
04-06 22:08:25.378   788  8234 D ACDB-LOADER: ACDB -> send_asm_topology
04-06 22:08:25.378   788  8234 D ACDB-LOADER: ACDB -> ACDB_CMD_GET_AUDPROC_STREAM_TOPOLOGY_ID
04-06 22:08:25.379   788  8234 D ACDB-LOADER: ACDB -> send_adm_topology
04-06 22:08:25.379   788  8234 D ACDB-LOADER: ACDB -> ACDB_CMD_GET_AUDPROC_COMMON_TOPOLOGY_ID
04-06 22:08:25.379   788  8234 D ACDB-LOADER: ACDB -> send_audtable
04-06 22:08:25.379   788  8234 D ACDB-LOADER: ACDB -> ACDB_CMD_GET_AUDPROC_COMMON_TABLE_SIZE
04-06 22:08:25.379   788  8234 D ACDB-LOADER: ACDB -> ACDB_CMD_GET_AUDPROC_COMMON_TABLE
04-06 22:08:25.379   788  8234 D ACDB-LOADER: ACDB -> AUDIO_SET_AUDPROC_CAL
04-06 22:08:25.379   788  8234 D ACDB-LOADER: ACDB -> send_audvoltable
04-06 22:08:25.379   788  8234 D ACDB-LOADER: ACDB -> ACDB_CMD_GET_AUDPROC_VOL_STEP_TABLE_SIZE
04-06 22:08:25.379   788  8234 D ACDB-LOADER: ACDB -> ACDB_CMD_GET_AUDPROC_GAIN_DEP_STEP_TABLE, vol index 0
04-06 22:08:25.379   788  8234 D         : Failed to fetch the lookup information of the device 0000003E 
04-06 22:08:25.379   788  8234 D ACDB-LOADER: ACDB -> AUDIO_SET_VOL_CAL cal type = 12
04-06 22:08:25.379   788  8234 D ACDB-LOADER: ACDB -> ACDB_CMD_GET_AUDPROC_STREAM_TABLE_SIZE
04-06 22:08:25.379   788  8234 D ACDB-LOADER: ACDB -> send_audstrmtable
04-06 22:08:25.379   788  8234 D ACDB-LOADER: ACDB -> ACDB_CMD_GET_AUDPROC_STREAM_TABLE_V2
04-06 22:08:25.379   788  8234 D ACDB-LOADER: ACDB -> audstrm_cal->cal_type.cal_data.cal_size = 456
04-06 22:08:25.379   788  8234 D ACDB-LOADER: ACDB -> send_afe_topology
04-06 22:08:25.379   788  8234 D ACDB-LOADER: ACDB -> ACDB_CMD_GET_AFE_TOPOLOGY_ID
04-06 22:08:25.379   788  8234 D ACDB-LOADER: ACDB -> GET_AFE_TOPOLOGY_ID for adcd_id 62, Topology Id 112fb
04-06 22:08:25.379   788  8234 D ACDB-LOADER: ACDB -> send_afe_cal
04-06 22:08:25.379   788  8234 D ACDB-LOADER: ACDB -> ACDB_CMD_GET_AFE_COMMON_TABLE_SIZE
04-06 22:08:25.379   788  8234 D         : Failed to fetch the lookup information of the device 0000003E 
04-06 22:08:25.380   788  8234 E ACDB-LOADER: Error: ACDB_CMD_GET_AFE_COMMON_TABLE_SIZE Returned = -19
04-06 22:08:25.380   788  8234 D ACDB-LOADER: ACDB -> ACDB_CMD_GET_AFE_COMMON_TABLE
04-06 22:08:25.380   788  8234 D         : Failed to fetch the lookup information of the device 0000003E 
04-06 22:08:25.380   788  8234 D ACDB-LOADER: ACDB -> AUDIO_SET_AFE_CAL
04-06 22:08:25.380   788  8234 D ACDB-LOADER: ACDB -> send_hw_delay : acdb_id = 62 path = 1
04-06 22:08:25.380   788  8234 D ACDB-LOADER: ACDB -> ACDB_AVSYNC_INFO: ACDB_CMD_GET_DEVICE_PROPERTY
04-06 22:08:25.380   788  8234 D audio_hw_primary: enable_snd_device: snd_device(120: voice-rec-mic)
04-06 22:08:25.380   788  8234 D audio_route: Apply path: voice-rec-mic
04-06 22:08:25.384   788  8234 V msm8974_platform: platform_get_snd_device_backend_index: enter with device 120
04-06 22:08:25.384   788  8234 E msm8974_platform: platform_get_snd_device_backend_index: BE DAI Name Table is not present
04-06 22:08:25.384   788  8234 V msm8974_platform: platform_get_backend_index:napb: backend port - 5 device - 120 
04-06 22:08:25.384   788  8234 I audio_hw_utils: Set Audio Stream Capture 0 App Type Cfg: app_type 69936, acdb_dev_id 62, sample_rate 48000, snd_device_be_idx -14
04-06 22:08:25.385   788  8234 D audio_hw_primary: enable_audio_route: usecase(9) apply and update mixer path: audio-record
04-06 22:08:25.385   788  8234 D audio_route: Apply path: audio-record
04-06 22:08:25.403  8013  8046 I chatty  : uid=11235(org.mozilla.fennec_aurora) expire 2 lines
04-06 22:08:25.455 28336 28379 I MicroDetectionWorker: onReady
04-06 22:08:25.497  2146  2165 I zygote  : NativeAlloc concurrent copying GC freed 20224(1065KB) AllocSpace objects, 0(0B) LOS objects, 49% free, 9MB/18MB, paused 172us total 135.631ms
04-06 22:08:25.768  1456  7796 I OpenGLRenderer: Initialized EGL, version 1.4
04-06 22:08:25.768  1456  7796 D OpenGLRenderer: Swap behavior 2
04-06 22:08:25.800  2748  2917 W OpenGLRenderer: Incorrectly called buildLayer on View: ShortcutAndWidgetContainer, destroying layer...
04-06 22:08:25.921  8013  8043 I chatty  : uid=11235(org.mozilla.fennec_aurora) expire 6 lines
04-06 22:08:25.962   808   898 I SFPerfTracer:      triggers: (rate: 0:1) (0 sw vsyncs) (0 skipped) (38:6173205 vsyncs) (40:12973984)
04-06 22:08:30.374  1456  5050 I ActivityManager: Force stopping org.mozilla.fennec_aurora appid=11235 user=0: from pid 8242
04-06 22:08:30.374  1456  5050 I ActivityManager: Killing 8013:org.mozilla.fennec_aurora/u0a1235 (adj 700): stop org.mozilla.fennec_aurora
04-06 22:08:30.376  1456  1605 W zygote  : kill(-8013, 9) failed: No such process
04-06 22:08:30.378  1456  5050 W ActivityManager: Force removing ActivityRecord{edd8d80 u0 org.mozilla.fennec_aurora/org.mozilla.fenix.HomeActivity t55796}: app died, no saved state
04-06 22:08:30.388  1456  5050 I ActivityManager: Killing 8094:org.mozilla.fennec_aurora:tab0/u0a1235 (adj 0): stop org.mozilla.fennec_aurora
04-06 22:08:30.389  1456  1605 W zygote  : kill(-8013, 9) failed: No such process
04-06 22:08:30.402  2398  2398 D CarrierSvcBindHelper: No carrier app for: 0
04-06 22:08:30.402  2398  2398 D CarrierSvcBindHelper: No carrier app for: 1
04-06 22:08:30.403  1456  1605 W zygote  : kill(-8013, 9) failed: No such process
04-06 22:08:30.434  1456  1605 I chatty  : uid=1000(system) ActivityManager identical 2 lines
04-06 22:08:30.439  1456  3925 D ConnectivityService: ConnectivityService NetworkRequestInfo binderDied(NetworkRequest [ TRACK_DEFAULT id=36179, [ Capabilities: INTERNET&NOT_RESTRICTED&TRUSTED&NOT_VPN] ], android.os.BinderProxy@71cba40)
04-06 22:08:30.439  1456  2067 D ConnectivityService: releasing NetworkRequest [ TRACK_DEFAULT id=36179, [ Capabilities: INTERNET&NOT_RESTRICTED&TRUSTED&NOT_VPN] ] (release request)
04-06 22:08:30.439  1456  1673 W ActivityManager: setHasOverlayUi called on unknown pid: 8013
04-06 22:08:30.450  1456  1605 W zygote  : kill(-8013, 9) failed: No such process
04-06 22:08:30.450  1456  1605 I zygote  : Successfully killed process cgroup uid 11235 pid 8013 in 74ms
04-06 22:08:30.450  1456  1605 W zygote  : kill(-8094, 9) failed: No such process
04-06 22:08:30.450  1456  1605 I zygote  : Successfully killed process cgroup uid 11235 pid 8094 in 0ms
04-06 22:08:30.501  1456  4679 I ActivityManager: START u0 {act=android.intent.action.MAIN cat=[android.intent.category.LAUNCHER] flg=0x10000000 cmp=org.mozilla.fennec_aurora/.App} from uid 2000
04-06 22:08:30.502   794   839 E ANDR-PERF-RESOURCEQS: Failed to apply optimization [4, 0]
04-06 22:08:30.522  1456  6339 I ActivityManager: Start proc 8251:org.mozilla.fennec_aurora/u0a1235 for activity org.mozilla.fennec_aurora/.App
04-06 22:08:30.614 28336 28379 I MicroDetectionState: Should stop hotword detection immediately - false
04-06 22:08:30.614 28336 28379 I MicroDetector: Keeping mic open: false
04-06 22:08:30.614 28336  8888 E DeviceStateChecker: DeviceStateChecker cancelled
04-06 22:08:30.614 28336 28379 I RecognitionAudioControl: #shutdownAudio [requestId: -5671840547533174578, keepAudioOpen: false, forced: true]
04-06 22:08:30.615 28336 28379 I RecognitionAudioControl: #internalShutdownAudio [requestId: -5671840547533174578]
04-06 22:08:30.615 28336 28379 I RecognitionAudioControl: #internalShutdownAudio [keepAudioOpen: false, forced: true]
04-06 22:08:30.615 28336 28379 I RecognitionAudioControl: #actualShutdownAudio
04-06 22:08:30.615 28336 28379 I AudioController: #shutdown [requestId=-5671840547533174578]
04-06 22:08:30.615 28336 28378 I AudioController: internalShutdown
04-06 22:08:30.615 28336 28367 I MicroRecognitionRunner: Stopping hotword detection.
04-06 22:08:30.673   788  1479 D audio_hw_primary: disable_audio_route: usecase(9) reset and update mixer path: audio-record
04-06 22:08:30.673   788  1479 D audio_hw_primary: disable_snd_device: snd_device(120: voice-rec-mic)
04-06 22:08:30.675  1012  1390 D APM_AudioPolicyManager: stopInput() input 281558, session 281673
04-06 22:08:30.677   788   788 D audio_hw_primary: in_set_parameters: enter: kvpairs=routing=0
04-06 22:08:30.680 28336 28378 I MicrophoneInputStream: mic_close  SR : 16000 CC : 16 SO : 1999
04-06 22:08:30.680 28336 28378 E AudioSource: Stop listening is called on already closed AudioSource
04-06 22:08:30.682 28336  8887 I MicroRecognitionRunner: Detection finished
04-06 22:08:30.695  8251  8251 I chatty  : uid=11235(org.mozilla.fennec_aurora) expire 47 lines
04-06 22:08:30.768  8251  8272 I chatty  : uid=11235(org.mozilla.fennec_aurora) expire 4 lines
04-06 22:08:30.789  8251  8280 I chatty  : uid=11235(org.mozilla.fennec_aurora) expire 14 lines
04-06 22:08:30.808  8251  8279 I chatty  : uid=11235(org.mozilla.fennec_aurora) expire 11 lines
04-06 22:08:30.813  8251  8284 I chatty  : uid=11235(org.mozilla.fennec_aurora) expire 26 lines
04-06 22:08:30.906  8251  8291 I chatty  : uid=11235(org.mozilla.fennec_aurora) expire 1 line
04-06 22:08:30.951  8251  8302 I chatty  : uid=11235(org.mozilla.fennec_aurora) expire 10 lines
04-06 22:08:30.972  8251  8257 I chatty  : uid=11235(org.mozilla.fennec_aurora) expire 8 lines
04-06 22:08:30.990  1456  2204 I ActivityManager: START u0 {act=android.intent.action.MAIN cat=[android.intent.category.LAUNCHER] flg=0x10000000 cmp=org.mozilla.fennec_aurora/org.mozilla.fenix.HomeActivity (has extras)} from uid 11235
04-06 22:08:31.011   808   808 D SurfaceFlinger: duplicate layer name: changing Splash Screen org.mozilla.fennec_aurora to Splash Screen org.mozilla.fennec_aurora#1
04-06 22:08:31.064  1456  2204 I ActivityManager: Start proc 8338:org.mozilla.fennec_aurora:tab0/u0a1235 for service org.mozilla.fennec_aurora/org.mozilla.gecko.process.GeckoChildProcessServices$tab0
04-06 22:08:31.209  8338  8338 I chatty  : uid=11235(org.mozilla.fennec_aurora) expire 1 line
04-06 22:08:31.210  8338  8360 I chatty  : uid=11235(org.mozilla.fennec_aurora) expire 1 line
04-06 22:08:31.426  8251  8368 I chatty  : uid=11235(org.mozilla.fennec_aurora) expire 9 lines
04-06 22:08:31.641  1456  1673 I LaunchCheckinHandler: Displayed org.mozilla.fennec_aurora/org.mozilla.fenix.HomeActivity,wp,ca,615
04-06 22:08:31.642  1456  1673 I ActivityManager: Displayed org.mozilla.fennec_aurora/org.mozilla.fenix.HomeActivity: +602ms (total +1s118ms)
04-06 22:08:31.662 28336 28379 E AudioSource: Stop listening is called on already closed AudioSource
04-06 22:08:31.665 28336  5670 I PBSessionCacheImpl: Deleted sessionId[124624629806624547] from persistence.
04-06 22:08:31.666 28336 28336 I MemoryTrimmer: Trimming objects from memory, since app is in the background.
04-06 22:08:31.667  1456  2204 I WifiService: getWifiEnabledState uid=10073
04-06 22:08:31.669 28336 28379 I DEBUG   : OpaToSrpTransitionState#onStateChanged#notNullQuery
04-06 22:08:31.670 28336 28379 I DEBUG   : OpaToSrpTransitionState#onStateChanged#notNullQuery
04-06 22:08:31.673 28336 28379 W SearchServiceCore: Abort, client detached.
04-06 22:08:31.673 28336 28379 I chatty  : uid=10073(com.google.android.googlequicksearchbox) EventBus0 identical 1 line
04-06 22:08:31.677 28336 28379 W SearchServiceCore: Abort, client detached.
04-06 22:08:31.797  8251  8384 I chatty  : uid=11235(org.mozilla.fennec_aurora) expire 2 lines
04-06 22:08:31.849  1456  2204 I ActivityManager: Fully drawn org.mozilla.fennec_aurora/org.mozilla.fenix.HomeActivity: +822ms (total +1s338ms)
04-06 22:08:31.975  1023  8392 D libc    : Internal error: netid(0), id(0x4014), server(0.0.0.0)
04-06 22:08:31.975  1023  8392 D libc    : Internal error: netid(0), id(0x4014), server(0.0.0.0)
04-06 22:08:31.975  1023  8392 D libc    : Internal error: netid(0), id(0x5002), server(0.0.0.0)
04-06 22:08:31.975  1023  8392 D libc    : Internal error: netid(0), id(0x5002), server(0.0.0.0)
04-06 22:08:31.999  1023  8404 D libc    : Internal error: netid(0), id(0x482e), server(0.0.0.0)
04-06 22:08:31.999  1023  8404 D libc    : Internal error: netid(0), id(0x482e), server(0.0.0.0)
04-06 22:08:31.999  1023  8404 D libc    : Internal error: netid(0), id(0x342f), server(0.0.0.0)
04-06 22:08:31.999  1023  8404 D libc    : Internal error: netid(0), id(0x342f), server(0.0.0.0)
04-06 22:08:32.002  1023  8405 D libc    : Internal error: netid(0), id(0x346f), server(0.0.0.0)
04-06 22:08:32.002  1023  8405 D libc    : Internal error: netid(0), id(0x346f), server(0.0.0.0)
04-06 22:08:32.002  1023  8405 D libc    : Internal error: netid(0), id(0x717f), server(0.0.0.0)
04-06 22:08:32.002  1023  8405 D libc    : Internal error: netid(0), id(0x717f), server(0.0.0.0)
04-06 22:08:32.004  1023  8408 D libc    : Internal error: netid(0), id(0xe760), server(0.0.0.0)
04-06 22:08:32.004  1023  8408 D libc    : Internal error: netid(0), id(0xe760), server(0.0.0.0)
04-06 22:08:32.004  1023  8408 D libc    : Internal error: netid(0), id(0x5511), server(0.0.0.0)
04-06 22:08:32.005  1023  8408 D libc    : Internal error: netid(0), id(0x5511), server(0.0.0.0)
04-06 22:08:32.006  1023  8412 D libc    : Internal error: netid(0), id(0x140b), server(0.0.0.0)
04-06 22:08:32.006  1023  8412 D libc    : Internal error: netid(0), id(0x140b), server(0.0.0.0)
04-06 22:08:32.006  1023  8412 D libc    : Internal error: netid(0), id(0x622b), server(0.0.0.0)
04-06 22:08:32.006  1023  8412 D libc    : Internal error: netid(0), id(0x622b), server(0.0.0.0)
04-06 22:08:32.008  1023  8418 D libc    : Internal error: netid(0), id(0x703d), server(0.0.0.0)
04-06 22:08:32.008  1023  8418 D libc    : Internal error: netid(0), id(0x703d), server(0.0.0.0)
04-06 22:08:32.009  1023  8418 D libc    : Internal error: netid(0), id(0xd61b), server(0.0.0.0)
04-06 22:08:32.009  1023  8418 D libc    : Internal error: netid(0), id(0xd61b), server(0.0.0.0)
04-06 22:08:32.013  8251  8281 I chatty  : uid=11235(org.mozilla.fennec_aurora) expire 1 line
04-06 22:08:32.015  8251  8309 I chatty  : uid=11235(org.mozilla.fennec_aurora) expire 1 line
04-06 22:08:32.016  8251  8387 I chatty  : uid=11235(org.mozilla.fennec_aurora) expire 2 lines
04-06 22:08:32.018  8251  8388 I chatty  : uid=11235(org.mozilla.fennec_aurora) expire 2 lines
04-06 22:08:32.050  8251  8426 I chatty  : uid=11235(org.mozilla.fennec_aurora) expire 1 line
04-06 22:08:32.097   808   808 I SFPerfTracer:      triggers: (rate: 72:2020604) (compose: 0:7) (post: 0:19) (render: 0:17) (12:10233923 frames) (13:12876559)
04-06 22:08:32.097   808   808 D SFPerfTracer:        layers: (3:12) (NavigationBar#0 (0xb07df000): 0:934890) (StatusBar#0 (0xb07e3000): 0:2205922) (com.android.systemui.ImageWallpaper#0 (0xb07e7000): 0:86354)* (Sprite#0 (0xb0733000): 0:317)* (DimLayerController/Stack=0#0 (0xb075a000): 0:3866)* (Sprite#1 (0xb077c000): 0:195)* (org.mozilla.fennec_aurora/org.mozilla.fenix.HomeActivity#0 (0xb039b000): 0:68)- (com.android.launcher3/com.android.launcher3.CustomizationPanelLauncher#0 (0xb0763000): 0:39)- (com.android.launcher3/com.android.launcher3.CustomizationPanelLauncher#1 (0xb0771000): 0:10)- (Splash Screen org.mozilla.fennec_aurora#0 (0xb039b000): 0:19)- (Splash Screen org.mozilla.fennec_aurora#1 (0xb013a000): 0:31)- (org.mozilla.fennec_aurora/org.mozilla.fenix.HomeActivity#0 (0xb039b000): 13:27) 
04-06 22:08:32.097  8251  8251 I chatty  : uid=11235(org.mozilla.fennec_aurora) expire 12 lines
04-06 22:08:32.546  8251  8284 I chatty  : uid=11235(org.mozilla.fennec_aurora) expire 1 line
04-06 22:08:36.159  8464  8464 D AndroidRuntime: >>>>>> START com.android.internal.os.RuntimeInit uid 2000 <<<<<<
04-06 22:08:36.172  8464  8464 W app_process: Could not reserve sentinel fault page
04-06 22:08:36.339  8464  8464 I app_process: The ClassLoaderContext is a special shared library.
04-06 22:08:36.410  8464  8464 D AndroidRuntime: Calling main entry com.android.commands.input.Input
04-06 22:08:36.412  8464  8464 I Input   : injectKeyEvent: KeyEvent { action=ACTION_DOWN, keyCode=KEYCODE_HOME, scanCode=0, metaState=0, flags=0x0, repeatCount=0, eventTime=18301371692, downTime=18301371692, deviceId=-1, source=0x101 }
04-06 22:08:36.422  8464  8464 I Input   : injectKeyEvent: KeyEvent { action=ACTION_UP, keyCode=KEYCODE_HOME, scanCode=0, metaState=0, flags=0x0, repeatCount=0, eventTime=18301371692, downTime=18301371692, deviceId=-1, source=0x101 }
04-06 22:08:36.428  1456  1941 I ActivityManager: START u0 {act=android.intent.action.MAIN cat=[android.intent.category.HOME] flg=0x10200000 cmp=com.android.launcher3/.CustomizationPanelLauncher (has extras)} from uid 1000
04-06 22:08:36.428   794   839 E ANDR-PERF-RESOURCEQS: Failed to apply optimization [4, 0]
04-06 22:08:36.440  1456  1941 I ActivityManager: moveHomeStack, setupComplete:true
04-06 22:08:36.447 28336 28375 I Adreno  : QUALCOMM build                   : bb5b86c, I77d3059488
04-06 22:08:36.447 28336 28375 I Adreno  : Build Date                       : 06/07/18
04-06 22:08:36.447 28336 28375 I Adreno  : OpenGL ES Shader Compiler Version: EV031.22.00.01_06
04-06 22:08:36.447 28336 28375 I Adreno  : Local Branch                     : 
04-06 22:08:36.447 28336 28375 I Adreno  : Remote Branch                    : refs/tags/AU_LINUX_ANDROID_LA.UM.6.5.R1.08.01.00.312.086
04-06 22:08:36.447 28336 28375 I Adreno  : Remote Branch                    : NONE
04-06 22:08:36.447 28336 28375 I Adreno  : Reconstruct Branch               : NOTHING
04-06 22:08:36.452  8464  8464 D AndroidRuntime: Shutting down VM
04-06 22:08:36.452 28336 28375 D vndksupport: Loading /vendor/lib/hw/gralloc.msm8937.so from current namespace instead of sphal namespace.
04-06 22:08:36.456 28336 28375 I Adreno  : PFP: 0x005ff087, ME: 0x005ff063
04-06 22:08:36.460 28336 28375 I zygote  : android::hardware::configstore::V1_0::ISurfaceFlingerConfigs::hasWideColorDisplay retrieved: 0
04-06 22:08:36.461  2748  2748 D Launcher.Utilities: Wakeup weather: Intent { act=com.motorola.launcher3.action.WAKEUP_WEATHER cmp=com.motorola.timeweatherwidget/com.motorola.commandcenter.weather.WakeUpService }
04-06 22:08:36.461 28336 28375 I OpenGLRenderer: Initialized EGL, version 1.4
04-06 22:08:36.461 28336 28375 D OpenGLRenderer: Swap behavior 2
04-06 22:08:36.479  1456  1456 I NotificationService: Cannot find enqueued record for key: 0|com.motorola.timeweatherwidget|1|null|10116
04-06 22:08:36.488   808   808 D SurfaceFlinger: duplicate layer name: changing com.android.launcher3/com.android.launcher3.CustomizationPanelLauncher to com.android.launcher3/com.android.launcher3.CustomizationPanelLauncher#1
04-06 22:08:36.499 28336 28368 W ThreadPoolDumper: Queue length for executor EventBus is now 11. Perhaps some tasks are too long, or the pool is too small.
04-06 22:08:36.502  1456  6339 I WifiService: getWifiEnabledState uid=10073
04-06 22:08:36.517  1456  4679 I WifiService: getWifiEnabledState uid=10073
04-06 22:08:36.528 28336 28379 I DEBUG   : OpaToSrpTransitionState#onStateChanged#notNullQuery
04-06 22:08:36.529 28336 28379 I DEBUG   : OpaToSrpTransitionState#onStateChanged#notNullQuery
04-06 22:08:36.545 28336 28379 I MicroDetectionState: Should stop hotword detection immediately - false
04-06 22:08:36.548 28336 28379 I MicroDetectionWorker: #startMicroDetector [speakerMode: 0]
04-06 22:08:36.549 28336 28379 I AudioController: Created new AudioSource
04-06 22:08:36.574 28336 28367 I MicroDataManager: isInitializedWithLatestParams-true
04-06 22:08:36.574 28336 28367 I MicroDataManager: isInitializing-false locale not changed-true model not changed-true
04-06 22:08:36.575 28336 28367 I MicroDataManager: Already initialized, obtaining the hotword data immediately.
04-06 22:08:36.580 28336  8888 I MicroRecognitionRunner: Starting detection.
04-06 22:08:36.580 28336  8888 I InputStreamUtils: Using micInputStream
04-06 22:08:36.580 28336  5738 I MicrophoneInputStream: mic_starting  SR : 16000 CC : 16 SO : 1999
04-06 22:08:36.582  1456  1673 I LaunchCheckinHandler: Displayed com.android.launcher3/.CustomizationPanelLauncher,wp,wa,154
04-06 22:08:36.583   788   788 V msm8974_platform: platform_check_input_mask: enter check_input_mask source 6 mask 10
04-06 22:08:36.585  1012  8478 I AudioFlinger: AudioFlinger's thread 0xb2483f00 tid=8478 ready to run
04-06 22:08:36.591   788   788 D audio_hw_primary: in_set_parameters: enter: kvpairs=input_source=6;routing=-2147483644
04-06 22:08:36.593  1012 10158 D APM_AudioPolicyManager: AudioPolicyManager::startInput() input 281566, session 281681, source = 1999
04-06 22:08:36.593 28336  5738 I MicrophoneInputStream: mic_started  SR : 16000 CC : 16 SO : 1999
04-06 22:08:36.595   788  8479 V msm8974_platform: platform_update_usecase_from_source: input source :6
04-06 22:08:36.595   788  8479 V msm8974_platform: platform_check_input_mask: enter check_input_mask source 6 mask 10
04-06 22:08:36.595   788  8479 V msm8974_platform: platform_get_input_snd_device: enter: out_device(0) in_device(0x4) channel_count (1) channel_mask (0x10)
04-06 22:08:36.595   788  8479 V msm8974_platform: platform_get_input_snd_device: exit: in_snd_device(voice-rec-mic)
04-06 22:08:36.595   788  8479 V msm8974_platform: platform_get_backend_index:napb: backend port - 5 device - 120 
04-06 22:08:36.595   788  8479 V msm8974_platform: platform_check_and_set_capture_backend_cfg:txbecf: afe: bitwidth 0, samplerate 0, channel 1, backend_idx 5 usecase = 9 device (voice-rec-mic)
04-06 22:08:36.595   788  8479 V msm8974_platform: platform_check_capture_backend_cfg:txbecf: afe: Codec selected backend: 5 current bit width: 0 and sample rate: 0, channels 1
04-06 22:08:36.595   788  8479 V msm8974_platform: platform_check_capture_backend_cfg:txbecf: afe: Codec selected backend: 5 updated bit width: 0 and sample rate: 0
04-06 22:08:36.595   788  8479 I msm8974_platform: platform_check_capture_backend_cfg:txbecf: afe: Codec backend needs to be updated. new bit width: 0 new sample rate: 0 new channel: 1
04-06 22:08:36.595   788  8479 V msm8974_platform: platform_get_backend_index:napb: backend port - 5 device - 120 
04-06 22:08:36.595   788  8479 V msm8974_platform: platform_set_backend_cfg:becf: afe: bitwidth 0, samplerate 0 channels 1, backend_idx 5 device (voice-rec-mic)
04-06 22:08:36.597   788  8479 E msm8974_platform: platform_set_backend_cfg:becf: afe: Could not get ctl for mixer command - SLIM_0_TX Format
04-06 22:08:36.597   788  8479 V msm8974_platform: platform_send_audio_calibration: sending audio calibration for snd_device(120) acdb_id(62)
04-06 22:08:36.597   788  8479 D ACDB-LOADER: ACDB -> send_audio_cal, acdb_id = 62, path = 1, app id = 0x11130, sample rate = 48000
04-06 22:08:36.597   788  8479 D ACDB-LOADER: ACDB -> send_asm_topology
04-06 22:08:36.597   788  8479 D ACDB-LOADER: ACDB -> ACDB_CMD_GET_AUDPROC_STREAM_TOPOLOGY_ID
04-06 22:08:36.597   788  8479 D ACDB-LOADER: ACDB -> send_adm_topology
04-06 22:08:36.597   788  8479 D ACDB-LOADER: ACDB -> ACDB_CMD_GET_AUDPROC_COMMON_TOPOLOGY_ID
04-06 22:08:36.597   788  8479 D ACDB-LOADER: ACDB -> send_audtable
04-06 22:08:36.597   788  8479 D ACDB-LOADER: ACDB -> ACDB_CMD_GET_AUDPROC_COMMON_TABLE_SIZE
04-06 22:08:36.597   788  8479 D ACDB-LOADER: ACDB -> ACDB_CMD_GET_AUDPROC_COMMON_TABLE
04-06 22:08:36.597   788  8479 D ACDB-LOADER: ACDB -> AUDIO_SET_AUDPROC_CAL
04-06 22:08:36.597   788  8479 D ACDB-LOADER: ACDB -> send_audvoltable
04-06 22:08:36.597   788  8479 D ACDB-LOADER: ACDB -> ACDB_CMD_GET_AUDPROC_VOL_STEP_TABLE_SIZE
04-06 22:08:36.597   788  8479 D ACDB-LOADER: ACDB -> ACDB_CMD_GET_AUDPROC_GAIN_DEP_STEP_TABLE, vol index 0
04-06 22:08:36.597   788  8479 D         : Failed to fetch the lookup information of the device 0000003E 
04-06 22:08:36.597   788  8479 D ACDB-LOADER: ACDB -> AUDIO_SET_VOL_CAL cal type = 12
04-06 22:08:36.597   788  8479 D ACDB-LOADER: ACDB -> ACDB_CMD_GET_AUDPROC_STREAM_TABLE_SIZE
04-06 22:08:36.597   788  8479 D ACDB-LOADER: ACDB -> send_audstrmtable
04-06 22:08:36.597   788  8479 D ACDB-LOADER: ACDB -> ACDB_CMD_GET_AUDPROC_STREAM_TABLE_V2
04-06 22:08:36.597   788  8479 D ACDB-LOADER: ACDB -> audstrm_cal->cal_type.cal_data.cal_size = 456
04-06 22:08:36.597   788  8479 D ACDB-LOADER: ACDB -> send_afe_topology
04-06 22:08:36.597   788  8479 D ACDB-LOADER: ACDB -> ACDB_CMD_GET_AFE_TOPOLOGY_ID
04-06 22:08:36.597   788  8479 D ACDB-LOADER: ACDB -> GET_AFE_TOPOLOGY_ID for adcd_id 62, Topology Id 112fb
04-06 22:08:36.597   788  8479 D ACDB-LOADER: ACDB -> send_afe_cal
04-06 22:08:36.597   788  8479 D ACDB-LOADER: ACDB -> ACDB_CMD_GET_AFE_COMMON_TABLE_SIZE
04-06 22:08:36.597   788  8479 D         : Failed to fetch the lookup information of the device 0000003E 
04-06 22:08:36.597   788  8479 E ACDB-LOADER: Error: ACDB_CMD_GET_AFE_COMMON_TABLE_SIZE Returned = -19
04-06 22:08:36.597   788  8479 D ACDB-LOADER: ACDB -> ACDB_CMD_GET_AFE_COMMON_TABLE
04-06 22:08:36.597   788  8479 D         : Failed to fetch the lookup information of the device 0000003E 
04-06 22:08:36.597   788  8479 D ACDB-LOADER: ACDB -> AUDIO_SET_AFE_CAL
04-06 22:08:36.597   788  8479 D ACDB-LOADER: ACDB -> send_hw_delay : acdb_id = 62 path = 1
04-06 22:08:36.597   788  8479 D ACDB-LOADER: ACDB -> ACDB_AVSYNC_INFO: ACDB_CMD_GET_DEVICE_PROPERTY
04-06 22:08:36.597   788  8479 D audio_hw_primary: enable_snd_device: snd_device(120: voice-rec-mic)
04-06 22:08:36.598   788  8479 D audio_route: Apply path: voice-rec-mic
04-06 22:08:36.600   788  8479 V msm8974_platform: platform_get_snd_device_backend_index: enter with device 120
04-06 22:08:36.600   788  8479 E msm8974_platform: platform_get_snd_device_backend_index: BE DAI Name Table is not present
04-06 22:08:36.600   788  8479 V msm8974_platform: platform_get_backend_index:napb: backend port - 5 device - 120 
04-06 22:08:36.600   788  8479 I audio_hw_utils: Set Audio Stream Capture 0 App Type Cfg: app_type 69936, acdb_dev_id 62, sample_rate 48000, snd_device_be_idx -14
04-06 22:08:36.601   788  8479 D audio_hw_primary: enable_audio_route: usecase(9) apply and update mixer path: audio-record
04-06 22:08:36.601   788  8479 D audio_route: Apply path: audio-record
04-06 22:08:36.644  8251  8427 I chatty  : uid=11235(org.mozilla.fennec_aurora) expire 2 lines
04-06 22:08:36.670 28336 28379 I MicroDetectionWorker: onReady
04-06 22:08:36.979  1456  7796 I OpenGLRenderer: Initialized EGL, version 1.4
04-06 22:08:36.979  1456  7796 D OpenGLRenderer: Swap behavior 2
04-06 22:08:37.029  2748  2917 W OpenGLRenderer: Incorrectly called buildLayer on View: ShortcutAndWidgetContainer, destroying layer...
04-06 22:08:37.145  8251  8279 I chatty  : uid=11235(org.mozilla.fennec_aurora) expire 6 lines
04-06 22:08:37.174   808   898 I SFPerfTracer:      triggers: (rate: 0:1) (0 sw vsyncs) (0 skipped) (37:6173314 vsyncs) (39:12974117)
04-06 22:08:37.329  1456  1466 I zygote  : NativeAlloc concurrent copying GC freed 50902(3MB) AllocSpace objects, 26(904KB) LOS objects, 37% free, 40MB/64MB, paused 154us total 349.975ms
04-06 22:08:41.605  1456  5050 I ActivityManager: Force stopping org.mozilla.fennec_aurora appid=11235 user=0: from pid 8484
04-06 22:08:41.605  1456  5050 I ActivityManager: Killing 8251:org.mozilla.fennec_aurora/u0a1235 (adj 700): stop org.mozilla.fennec_aurora
04-06 22:08:41.607  1456  1605 W zygote  : kill(-8251, 9) failed: No such process
04-06 22:08:41.609  8338  8338 I chatty  : uid=11235(org.mozilla.fennec_aurora) expire 1 line
04-06 22:08:41.609  1456  5050 W ActivityManager: Force removing ActivityRecord{fb258a0 u0 org.mozilla.fennec_aurora/org.mozilla.fenix.HomeActivity t55798}: app died, no saved state
04-06 22:08:41.617  1456  5050 I ActivityManager: Killing 8338:org.mozilla.fennec_aurora:tab0/u0a1235 (adj 0): stop org.mozilla.fennec_aurora
04-06 22:08:41.627  1456  1605 W zygote  : kill(-8251, 9) failed: No such process
04-06 22:08:41.632  2398  2398 D CarrierSvcBindHelper: No carrier app for: 0
04-06 22:08:41.633  2398  2398 D CarrierSvcBindHelper: No carrier app for: 1
04-06 22:08:41.640  1456  1605 W zygote  : kill(-8251, 9) failed: No such process
04-06 22:08:41.667  1456  1605 I chatty  : uid=1000(system) ActivityManager identical 4 lines
04-06 22:08:41.670  1456  1673 W ActivityManager: setHasOverlayUi called on unknown pid: 8251
04-06 22:08:41.682  1456  1605 W zygote  : kill(-8251, 9) failed: No such process
04-06 22:08:41.682  1456  1605 I zygote  : Successfully killed process cgroup uid 11235 pid 8251 in 75ms
04-06 22:08:41.682  1456  1605 W zygote  : kill(-8338, 9) failed: No such process
04-06 22:08:41.683  1456  1605 I zygote  : Successfully killed process cgroup uid 11235 pid 8338 in 0ms
04-06 22:08:41.726  1456  2204 I ActivityManager: START u0 {act=android.intent.action.MAIN cat=[android.intent.category.LAUNCHER] flg=0x10000000 cmp=org.mozilla.fennec_aurora/.App} from uid 2000
04-06 22:08:41.726   794   839 E ANDR-PERF-RESOURCEQS: Failed to apply optimization [4, 0]
04-06 22:08:41.747  1456  2236 I ActivityManager: Start proc 8491:org.mozilla.fennec_aurora/u0a1235 for activity org.mozilla.fennec_aurora/.App
04-06 22:08:41.834 28336 28379 I MicroDetectionState: Should stop hotword detection immediately - false
04-06 22:08:41.835 28336 28379 I MicroDetector: Keeping mic open: false
04-06 22:08:41.835 28336 28379 I RecognitionAudioControl: #shutdownAudio [requestId: 3160851235531025767, keepAudioOpen: false, forced: true]
04-06 22:08:41.835 28336  8887 E DeviceStateChecker: DeviceStateChecker cancelled
04-06 22:08:41.835 28336 28379 I RecognitionAudioControl: #internalShutdownAudio [requestId: 3160851235531025767]
04-06 22:08:41.835 28336 28379 I RecognitionAudioControl: #internalShutdownAudio [keepAudioOpen: false, forced: true]
04-06 22:08:41.835 28336 28379 I RecognitionAudioControl: #actualShutdownAudio
04-06 22:08:41.835 28336 28379 I AudioController: #shutdown [requestId=3160851235531025767]
04-06 22:08:41.835 28336 28378 I AudioController: internalShutdown
04-06 22:08:41.835 28336 28380 I MicroRecognitionRunner: Stopping hotword detection.
04-06 22:08:41.891   788   788 D audio_hw_primary: disable_audio_route: usecase(9) reset and update mixer path: audio-record
04-06 22:08:41.892   788   788 D audio_hw_primary: disable_snd_device: snd_device(120: voice-rec-mic)
04-06 22:08:41.895  1012  1012 D APM_AudioPolicyManager: stopInput() input 281566, session 281681
04-06 22:08:41.895   788   788 D audio_hw_primary: in_set_parameters: enter: kvpairs=routing=0
04-06 22:08:41.898 28336 28378 I MicrophoneInputStream: mic_close  SR : 16000 CC : 16 SO : 1999
04-06 22:08:41.898 28336 28378 E AudioSource: Stop listening is called on already closed AudioSource
04-06 22:08:41.900 28336  8888 I MicroRecognitionRunner: Detection finished
04-06 22:08:41.914  8491  8491 I chatty  : uid=11235(org.mozilla.fennec_aurora) expire 58 lines
04-06 22:08:41.988  8491  8510 I chatty  : uid=11235(org.mozilla.fennec_aurora) expire 4 lines
04-06 22:08:42.003  1456  7556 D ConnectivityService: requestNetwork for uid/pid:11235/8491 NetworkRequest [ TRACK_DEFAULT id=36180, [ Capabilities: INTERNET&NOT_RESTRICTED&TRUSTED&NOT_VPN] ]
04-06 22:08:42.004  1456  2099 D Ethernet: got request NetworkRequest [ TRACK_DEFAULT id=36180, [ Capabilities: INTERNET&NOT_RESTRICTED&TRUSTED&NOT_VPN] ] with score 0
04-06 22:08:42.005  1456  2054 D WIFI_UT : got request NetworkRequest [ TRACK_DEFAULT id=36180, [ Capabilities: INTERNET&NOT_RESTRICTED&TRUSTED&NOT_VPN] ] with score 0
04-06 22:08:42.005  1456  2054 D WIFI    : got request NetworkRequest [ TRACK_DEFAULT id=36180, [ Capabilities: INTERNET&NOT_RESTRICTED&TRUSTED&NOT_VPN] ] with score 0
04-06 22:08:42.005  2398  2398 D PhoneSwitcherNetworkRequstListener: got request NetworkRequest [ TRACK_DEFAULT id=36180, [ Capabilities: INTERNET&NOT_RESTRICTED&TRUSTED&NOT_VPN] ] with score 0
04-06 22:08:42.013  8491  8521 I chatty  : uid=11235(org.mozilla.fennec_aurora) expire 15 lines
04-06 22:08:42.032  8491  8520 I chatty  : uid=11235(org.mozilla.fennec_aurora) expire 17 lines
04-06 22:08:42.042  8491  8524 I chatty  : uid=11235(org.mozilla.fennec_aurora) expire 27 lines
04-06 22:08:42.138  8491  8531 I chatty  : uid=11235(org.mozilla.fennec_aurora) expire 1 line
04-06 22:08:42.177  8491  8541 I chatty  : uid=11235(org.mozilla.fennec_aurora) expire 10 lines
04-06 22:08:42.190  8491  8496 I chatty  : uid=11235(org.mozilla.fennec_aurora) expire 8 lines
04-06 22:08:42.224  1456  2204 I ActivityManager: START u0 {act=android.intent.action.MAIN cat=[android.intent.category.LAUNCHER] flg=0x10000000 cmp=org.mozilla.fennec_aurora/org.mozilla.fenix.HomeActivity (has extras)} from uid 11235
04-06 22:08:42.240   808   808 D SurfaceFlinger: duplicate layer name: changing Splash Screen org.mozilla.fennec_aurora to Splash Screen org.mozilla.fennec_aurora#1
04-06 22:08:42.279  1456  7556 I ActivityManager: Start proc 8570:org.mozilla.fennec_aurora:tab0/u0a1235 for service org.mozilla.fennec_aurora/org.mozilla.gecko.process.GeckoChildProcessServices$tab0
04-06 22:08:42.430  8570  8570 I chatty  : uid=11235(org.mozilla.fennec_aurora) expire 2 lines
04-06 22:08:42.431  8570  8592 I chatty  : uid=11235(org.mozilla.fennec_aurora) expire 1 line
04-06 22:08:42.655  8491  8602 I chatty  : uid=11235(org.mozilla.fennec_aurora) expire 9 lines
04-06 22:08:42.676   808   808 I SFPerfTracer:      triggers: (rate: 72:2020604) (compose: 0:7) (post: 0:19) (render: 0:17) (16:10234004 frames) (17:12876663)
04-06 22:08:42.676   808   808 D SFPerfTracer:        layers: (3:11) (NavigationBar#0 (0xb07df000): 0:934911) (StatusBar#0 (0xb07e3000): 0:2205944) (com.android.systemui.ImageWallpaper#0 (0xb07e7000): 0:86356)* (Sprite#0 (0xb0733000): 0:317)* (DimLayerController/Stack=0#0 (0xb075a000): 0:3866)* (Sprite#1 (0xb077c000): 0:195)* (org.mozilla.fennec_aurora/org.mozilla.fenix.HomeActivity#0 (0xb039b000): 0:67)- (com.android.launcher3/com.android.launcher3.CustomizationPanelLauncher#0 (0xb0763000): 0:39)* (com.android.launcher3/com.android.launcher3.CustomizationPanelLauncher#1 (0xb0771000): 0:10)* (Splash Screen org.mozilla.fennec_aurora#0 (0xb039b000): 0:19)- (Splash Screen org.mozilla.fennec_aurora#1 (0xb013a000): 16:19) 
04-06 22:08:42.875  1456  1673 I LaunchCheckinHandler: Displayed org.mozilla.fennec_aurora/org.mozilla.fenix.HomeActivity,wp,ca,594
04-06 22:08:42.875  1456  1673 I ActivityManager: Displayed org.mozilla.fennec_aurora/org.mozilla.fenix.HomeActivity: +590ms (total +1s136ms)
04-06 22:08:42.893 28336 28336 I MemoryTrimmer: Trimming objects from memory, since app is in the background.
04-06 22:08:42.898 28336 28379 E AudioSource: Stop listening is called on already closed AudioSource
04-06 22:08:42.899 28336 28336 I MemoryTrimmer: Trimming objects from memory, since app is in the background.
04-06 22:08:42.901 28336  5738 I PBSessionCacheImpl: Deleted sessionId[124624629806624552] from persistence.
04-06 22:08:42.904  1456  7556 I WifiService: getWifiEnabledState uid=10073
04-06 22:08:42.908 28336 28379 I DEBUG   : OpaToSrpTransitionState#onStateChanged#notNullQuery
04-06 22:08:42.909 28336 28379 I DEBUG   : OpaToSrpTransitionState#onStateChanged#notNullQuery
04-06 22:08:42.910 28336 28379 W SearchServiceCore: Abort, client detached.
04-06 22:08:43.017  8491  8618 I chatty  : uid=11235(org.mozilla.fennec_aurora) expire 2 lines
04-06 22:08:43.072  1456  1471 I ActivityManager: Fully drawn org.mozilla.fennec_aurora/org.mozilla.fenix.HomeActivity: +792ms (total +1s338ms)
04-06 22:08:43.200  1023  8627 D libc    : Internal error: netid(0), id(0x8062), server(0.0.0.0)
04-06 22:08:43.200  1023  8627 D libc    : Internal error: netid(0), id(0x8062), server(0.0.0.0)
04-06 22:08:43.200  1023  8627 D libc    : Internal error: netid(0), id(0x1151), server(0.0.0.0)
04-06 22:08:43.201  1023  8627 D libc    : Internal error: netid(0), id(0x1151), server(0.0.0.0)
04-06 22:08:43.225  1023  8640 D libc    : Internal error: netid(0), id(0xa253), server(0.0.0.0)
04-06 22:08:43.226  1023  8640 D libc    : Internal error: netid(0), id(0xa253), server(0.0.0.0)
04-06 22:08:43.226  1023  8640 D libc    : Internal error: netid(0), id(0x7c4f), server(0.0.0.0)
04-06 22:08:43.226  1023  8640 D libc    : Internal error: netid(0), id(0x7c4f), server(0.0.0.0)
04-06 22:08:43.228  1023  8642 D libc    : Internal error: netid(0), id(0x931d), server(0.0.0.0)
04-06 22:08:43.229  1023  8643 D libc    : Internal error: netid(0), id(0x7a33), server(0.0.0.0)
04-06 22:08:43.229  1023  8642 D libc    : Internal error: netid(0), id(0x931d), server(0.0.0.0)
04-06 22:08:43.229  1023  8643 D libc    : Internal error: netid(0), id(0x7a33), server(0.0.0.0)
04-06 22:08:43.229  1023  8643 D libc    : Internal error: netid(0), id(0x7b24), server(0.0.0.0)
04-06 22:08:43.229  1023  8642 D libc    : Internal error: netid(0), id(0xe839), server(0.0.0.0)
04-06 22:08:43.230  1023  8643 D libc    : Internal error: netid(0), id(0x7b24), server(0.0.0.0)
04-06 22:08:43.230  1023  8642 D libc    : Internal error: netid(0), id(0xe839), server(0.0.0.0)
04-06 22:08:43.232  1023  8648 D libc    : Internal error: netid(0), id(0xb527), server(0.0.0.0)
04-06 22:08:43.232  1023  8648 D libc    : Internal error: netid(0), id(0xb527), server(0.0.0.0)
