03-27 13:10:59.974   788 28437 D ACDB-LOADER: ACDB -> ACDB_CMD_GET_AUDPROC_STREAM_TABLE_V2
03-27 13:10:59.974   788 28437 D ACDB-LOADER: ACDB -> audstrm_cal->cal_type.cal_data.cal_size = 456
03-27 13:10:59.974   788 28437 D ACDB-LOADER: ACDB -> send_afe_topology
03-27 13:10:59.974   788 28437 D ACDB-LOADER: ACDB -> ACDB_CMD_GET_AFE_TOPOLOGY_ID
03-27 13:10:59.974   788 28437 D ACDB-LOADER: ACDB -> GET_AFE_TOPOLOGY_ID for adcd_id 62, Topology Id 112fb
03-27 13:10:59.974   788 28437 D ACDB-LOADER: ACDB -> send_afe_cal
03-27 13:10:59.975   788 28437 D ACDB-LOADER: ACDB -> ACDB_CMD_GET_AFE_COMMON_TABLE_SIZE
03-27 13:10:59.975   788 28437 D         : Failed to fetch the lookup information of the device 0000003E 
03-27 13:10:59.975   788 28437 E ACDB-LOADER: Error: ACDB_CMD_GET_AFE_COMMON_TABLE_SIZE Returned = -19
03-27 13:10:59.975   788 28437 D ACDB-LOADER: ACDB -> ACDB_CMD_GET_AFE_COMMON_TABLE
03-27 13:10:59.975   788 28437 D         : Failed to fetch the lookup information of the device 0000003E 
03-27 13:10:59.975   788 28437 D ACDB-LOADER: ACDB -> AUDIO_SET_AFE_CAL
03-27 13:10:59.975   788 28437 D ACDB-LOADER: ACDB -> send_hw_delay : acdb_id = 62 path = 1
03-27 13:10:59.975   788 28437 D ACDB-LOADER: ACDB -> ACDB_AVSYNC_INFO: ACDB_CMD_GET_DEVICE_PROPERTY
03-27 13:10:59.975   788 28437 D audio_hw_primary: enable_snd_device: snd_device(120: voice-rec-mic)
03-27 13:10:59.975   788 28437 D audio_route: Apply path: voice-rec-mic
03-27 13:10:59.978   788 28437 V msm8974_platform: platform_get_snd_device_backend_index: enter with device 120
03-27 13:10:59.978   788 28437 E msm8974_platform: platform_get_snd_device_backend_index: BE DAI Name Table is not present
03-27 13:10:59.978   788 28437 V msm8974_platform: platform_get_backend_index:napb: backend port - 5 device - 120 
03-27 13:10:59.978   788 28437 I audio_hw_utils: Set Audio Stream Capture 0 App Type Cfg: app_type 69936, acdb_dev_id 62, sample_rate 48000, snd_device_be_idx -14
03-27 13:10:59.979   788 28437 D audio_hw_primary: enable_audio_route: usecase(9) apply and update mixer path: audio-record
03-27 13:10:59.979   788 28437 D audio_route: Apply path: audio-record
03-27 13:11:00.028 28172 28351 I chatty  : uid=11202(org.mozilla.fennec_aurora) expire 2 lines
03-27 13:11:00.048 28336 28379 I MicroDetectionWorker: onReady
03-27 13:11:00.090  2146  2165 I zygote  : NativeAlloc concurrent copying GC freed 19535(1037KB) AllocSpace objects, 0(0B) LOS objects, 49% free, 9MB/18MB, paused 163us total 129.633ms
03-27 13:11:00.362  1456  7796 I OpenGLRenderer: Initialized EGL, version 1.4
03-27 13:11:00.362  1456  7796 D OpenGLRenderer: Swap behavior 2
03-27 13:11:00.391  2748  2917 W OpenGLRenderer: Incorrectly called buildLayer on View: ShortcutAndWidgetContainer, destroying layer...
03-27 13:11:00.504 28172 28201 I chatty  : uid=11202(org.mozilla.fennec_aurora) expire 6 lines
03-27 13:11:00.538   808   898 I SFPerfTracer:      triggers: (rate: 0:1) (0 sw vsyncs) (0 skipped) (37:5889177 vsyncs) (39:12428248)
03-27 13:11:01.784 27026 27043 I Finsky  : [445000] kay.run(3): Stats for Executor: BlockingExecutor kcu@67ea984[Running, pool size = 2, active threads = 0, queued tasks = 0, completed tasks = 15]
03-27 13:11:01.784 27026 27043 I Finsky  : [445000] kay.run(3): Stats for Executor: LightweightExecutor kcu@bac956d[Running, pool size = 4, active threads = 0, queued tasks = 0, completed tasks = 432]
03-27 13:11:02.104 27026 27043 I Finsky  : [445000] kay.run(3): Stats for Executor: bgExecutor kcu@d5105a2[Running, pool size = 4, active threads = 0, queued tasks = 0, completed tasks = 675]
03-27 13:11:02.272 27026 27026 I Finsky  : [2] JobSchedulerEngine$PhoneskyJobSchedulerJobService.onStartJob(5): SCH: onJobSchedulerWakeup with jobId 9009
03-27 13:11:02.274 27026 27026 I Finsky  : [2] tnz.a(24): Scheduling fallback job with id: 9034, and delay: 43200000 ms
03-27 13:11:02.278 27026 27026 I Finsky  : [2] tnz.a(5): Scheduling fallback in 64799997 (absolute: 17921956042)
03-27 13:11:02.285 27026 27026 I Finsky  : [2] toi.handleMessage(10): SCH: DeviceState: DeviceState{currentTime=1585329062283, isCharging=true, isIdle=false, netAny=false, netNotRoaming=false, netUnmetered=false, batteryPercent=100.0}
03-27 13:11:02.294 27026 28441 I Finsky  : [445083] tqw.a(7): SCH: Jobs in database: 1-1337 3-2391 3-2392 12-1 24-77777777 26-1414141414 29-29 
03-27 13:11:02.309 27026 27026 I Finsky  : [2] toj.a(20): SCH: Running job: 29-29
03-27 13:11:02.311 27026 27026 I Finsky  : [2] toi.handleMessage(63): SCH: RunningQueue size: 1, PendingQueue size: 0
03-27 13:11:02.311 27026 27026 I Finsky  : [2] toi.handleMessage(66): SCH: Running queue: 29-29 
03-27 13:11:02.311 27026 28442 I Finsky  : [445084] zhm.a(1): ProcessRecoveryLogsUtil: No files in recovery directory
03-27 13:11:02.312 27026 28442 I Finsky  : [445084] tpt.a(13): SCH: jobFinished: 29-29. TimeElapsed: 2ms.
03-27 13:11:02.313 27026 27026 I Finsky  : [2] toj.a(35): SCH: Job 29-29 finished. Not rescheduling.
03-27 13:11:02.313 27026 27026 I Finsky  : [2] toi.handleMessage(63): SCH: RunningQueue size: 0, PendingQueue size: 0
03-27 13:11:02.314 27026 27026 I Finsky  : [2] toi.handleMessage(29): Executor finished
03-27 13:11:02.323 27026 27026 I Finsky  : [2] ppb.onTrimMemory(1): Memory trim requested to level 80
03-27 13:11:02.330 27026 27026 I Finsky  : [2] tqw.a(7): SCH: Jobs in database: 1-1337 3-2391 3-2392 12-1 24-77777777 26-1414141414 
03-27 13:11:02.351 27026 27026 I Finsky  : [2] tmt.a(58): SCH: ConstraintMapping: 24-77777777,  -> L: 0ms, D: 73424570ms, C: false, I: true, N: 0
03-27 13:11:02.352 27026 27026 I Finsky  : [2] tmt.a(58): SCH: ConstraintMapping: 1-1337, 12-1,  -> L: 0ms, D: 47996014ms, C: false, I: false, N: 1
03-27 13:11:02.353 27026 27026 I Finsky  : [2] tmt.a(58): SCH: ConstraintMapping: 3-2391,  -> L: 0ms, D: 86341038ms, C: false, I: true, N: 2
03-27 13:11:02.354 27026 27026 I Finsky  : [2] tmt.a(58): SCH: ConstraintMapping: 3-2392,  -> L: 0ms, D: 86341046ms, C: true, I: true, N: 2
03-27 13:11:02.354 27026 27026 I Finsky  : [2] tmt.a(58): SCH: ConstraintMapping: 26-1414141414,  -> L: 15182483ms, D: 16082483ms, C: false, I: false, N: 0
03-27 13:11:02.360 27026 27026 I Finsky  : [2] tpg.a(37): Cancelling existing jobscheduler jobs: 9006 9000 9005 9007 
03-27 13:11:02.360 27026 27026 I Finsky  : [2] tpg.a(14): Throttling wakeup for job 9001 (expected to run in 0 ms) due to recent wakeup
03-27 13:11:02.361 27026 27026 I Finsky  : [2] tpg.a(30): Scheduling job Id: 9001, L: 30000, D: 73424570, C: false, I: true, N: 0
03-27 13:11:02.362 27026 27026 I Finsky  : [2] tpg.a(14): Throttling wakeup for job 9002 (expected to run in 0 ms) due to recent wakeup
03-27 13:11:02.363 27026 27026 I Finsky  : [2] tpg.a(30): Scheduling job Id: 9002, L: 30000, D: 47996014, C: false, I: false, N: 1
03-27 13:11:02.363 27026 27026 I Finsky  : [2] tpg.a(14): Throttling wakeup for job 9003 (expected to run in 0 ms) due to recent wakeup
03-27 13:11:02.364 27026 27026 I Finsky  : [2] tpg.a(30): Scheduling job Id: 9003, L: 30000, D: 86341038, C: false, I: true, N: 2
03-27 13:11:02.365 27026 27026 I Finsky  : [2] tpg.a(14): Throttling wakeup for job 9004 (expected to run in 0 ms) due to recent wakeup
03-27 13:11:02.365 27026 27026 I Finsky  : [2] tpg.a(30): Scheduling job Id: 9004, L: 30000, D: 86341046, C: true, I: true, N: 2
03-27 13:11:02.366 27026 27026 I Finsky  : [2] tpg.a(30): Scheduling job Id: 9008, L: 15182483, D: 16082483, C: false, I: false, N: 0
03-27 13:11:02.369 27026 27034 W JavaBinder: BinderProxy is being destroyed but the application did not call unlinkToDeath to unlink all of its death recipients beforehand.  Releasing leaked death recipient: akhj
03-27 13:11:04.988  1456  4679 I ActivityManager: Force stopping org.mozilla.fennec_aurora appid=11202 user=0: from pid 28445
03-27 13:11:04.988  1456  4679 I ActivityManager: Killing 28172:org.mozilla.fennec_aurora/u0a1202 (adj 700): stop org.mozilla.fennec_aurora
03-27 13:11:04.990  1456  1605 W zygote  : kill(-28172, 9) failed: No such process
03-27 13:11:04.991 28254 28254 I chatty  : uid=11202(org.mozilla.fennec_aurora) expire 1 line
03-27 13:11:04.992  1456  4679 W ActivityManager: Force removing ActivityRecord{59ee19f u0 org.mozilla.fennec_aurora/org.mozilla.fenix.HomeActivity t50778}: app died, no saved state
03-27 13:11:05.001  1456  4679 I ActivityManager: Killing 28254:org.mozilla.fennec_aurora:tab0/u0a1202 (adj 0): stop org.mozilla.fennec_aurora
03-27 13:11:05.003  1456  1605 W zygote  : kill(-28172, 9) failed: No such process
03-27 13:11:05.016  2398  2398 D CarrierSvcBindHelper: No carrier app for: 0
03-27 13:11:05.018  2398  2398 D CarrierSvcBindHelper: No carrier app for: 1
03-27 13:11:05.021  1456  1605 W zygote  : kill(-28172, 9) failed: No such process
03-27 13:11:05.055  1456  1605 I chatty  : uid=1000(system) ActivityManager identical 2 lines
03-27 13:11:05.056  1456  3927 D ConnectivityService: ConnectivityService NetworkRequestInfo binderDied(NetworkRequest [ TRACK_DEFAULT id=34782, [ Capabilities: INTERNET&NOT_RESTRICTED&TRUSTED&NOT_VPN] ], android.os.BinderProxy@97060b0)
03-27 13:11:05.057  1456  2067 D ConnectivityService: releasing NetworkRequest [ TRACK_DEFAULT id=34782, [ Capabilities: INTERNET&NOT_RESTRICTED&TRUSTED&NOT_VPN] ] (release request)
03-27 13:11:05.057  1456  1673 W ActivityManager: setHasOverlayUi called on unknown pid: 28172
03-27 13:11:05.066  1456  1605 W zygote  : kill(-28172, 9) failed: No such process
03-27 13:11:05.066  1456  1605 I zygote  : Successfully killed process cgroup uid 11202 pid 28172 in 76ms
03-27 13:11:05.067  1456  1605 W zygote  : kill(-28254, 9) failed: No such process
03-27 13:11:05.067  1456  1605 I zygote  : Successfully killed process cgroup uid 11202 pid 28254 in 0ms
03-27 13:11:05.112  1456  5031 I ActivityManager: START u0 {act=android.intent.action.MAIN cat=[android.intent.category.LAUNCHER] flg=0x10000000 cmp=org.mozilla.fennec_aurora/.App} from uid 2000
03-27 13:11:05.113   794   839 E ANDR-PERF-RESOURCEQS: Failed to apply optimization [4, 0]
03-27 13:11:05.131  1456  2401 I ActivityManager: Start proc 28453:org.mozilla.fennec_aurora/u0a1202 for activity org.mozilla.fennec_aurora/.App
03-27 13:11:05.221 28336 28379 I MicroDetectionState: Should stop hotword detection immediately - false
03-27 13:11:05.221 28336 28379 I MicroDetector: Keeping mic open: false
03-27 13:11:05.221 28336 28379 I RecognitionAudioControl: #shutdownAudio [requestId: 2628830983940275961, keepAudioOpen: false, forced: true]
03-27 13:11:05.221 28336 21552 E DeviceStateChecker: DeviceStateChecker cancelled
03-27 13:11:05.221 28336 28379 I RecognitionAudioControl: #internalShutdownAudio [requestId: 2628830983940275961]
03-27 13:11:05.221 28336 28379 I RecognitionAudioControl: #internalShutdownAudio [keepAudioOpen: false, forced: true]
03-27 13:11:05.222 28336 28379 I RecognitionAudioControl: #actualShutdownAudio
03-27 13:11:05.222 28336 28379 I AudioController: #shutdown [requestId=2628830983940275961]
03-27 13:11:05.222 28336 28362 I AudioController: internalShutdown
03-27 13:11:05.222 28336 28367 I MicroRecognitionRunner: Stopping hotword detection.
03-27 13:11:05.265   788   788 D audio_hw_primary: disable_audio_route: usecase(9) reset and update mixer path: audio-record
03-27 13:11:05.266   788   788 D audio_hw_primary: disable_snd_device: snd_device(120: voice-rec-mic)
03-27 13:11:05.269  1012 26683 D APM_AudioPolicyManager: stopInput() input 261510, session 261625
03-27 13:11:05.270   788   788 D audio_hw_primary: in_set_parameters: enter: kvpairs=routing=0
03-27 13:11:05.272 28336 28362 I MicrophoneInputStream: mic_close  SR : 16000 CC : 16 SO : 1999
03-27 13:11:05.273 28336 28362 E AudioSource: Stop listening is called on already closed AudioSource
03-27 13:11:05.274 28336 21549 I MicroRecognitionRunner: Detection finished
03-27 13:11:05.291 28453 28453 I chatty  : uid=11202(org.mozilla.fennec_aurora) expire 53 lines
03-27 13:11:05.367 28453 28472 I chatty  : uid=11202(org.mozilla.fennec_aurora) expire 4 lines
03-27 13:11:05.391 28453 28481 I chatty  : uid=11202(org.mozilla.fennec_aurora) expire 14 lines
03-27 13:11:05.409 28453 28480 I chatty  : uid=11202(org.mozilla.fennec_aurora) expire 11 lines
03-27 13:11:05.415 28453 28484 I chatty  : uid=11202(org.mozilla.fennec_aurora) expire 27 lines
03-27 13:11:05.515 28453 28492 I chatty  : uid=11202(org.mozilla.fennec_aurora) expire 1 line
03-27 13:11:05.550 28453 28504 I chatty  : uid=11202(org.mozilla.fennec_aurora) expire 10 lines
03-27 13:11:05.563 28453 28458 I chatty  : uid=11202(org.mozilla.fennec_aurora) expire 8 lines
03-27 13:11:05.588  1456  2401 I ActivityManager: START u0 {act=android.intent.action.MAIN cat=[android.intent.category.LAUNCHER] flg=0x10000000 cmp=org.mozilla.fennec_aurora/org.mozilla.fenix.HomeActivity (has extras)} from uid 11202
03-27 13:11:05.604   808   808 D SurfaceFlinger: duplicate layer name: changing Splash Screen org.mozilla.fennec_aurora to Splash Screen org.mozilla.fennec_aurora#1
03-27 13:11:05.665  1456  2401 I ActivityManager: Start proc 28534:org.mozilla.fennec_aurora:tab0/u0a1202 for service org.mozilla.fennec_aurora/org.mozilla.gecko.process.GeckoChildProcessServices$tab0
03-27 13:11:05.807 28534 28534 I chatty  : uid=11202(org.mozilla.fennec_aurora) expire 1 line
03-27 13:11:05.808 28534 28555 I chatty  : uid=11202(org.mozilla.fennec_aurora) expire 1 line
03-27 13:11:06.013 28453 28562 I chatty  : uid=11202(org.mozilla.fennec_aurora) expire 9 lines
03-27 13:11:06.243  1456  1673 I LaunchCheckinHandler: Displayed org.mozilla.fennec_aurora/org.mozilla.fenix.HomeActivity,wp,ca,605
03-27 13:11:06.243  1456  1673 I ActivityManager: Displayed org.mozilla.fennec_aurora/org.mozilla.fenix.HomeActivity: +595ms (total +1s112ms)
03-27 13:11:06.279 28336 28379 E AudioSource: Stop listening is called on already closed AudioSource
03-27 13:11:06.279 28336 28336 I MemoryTrimmer: Trimming objects from memory, since app is in the background.
03-27 13:11:06.281 28336 25871 I PBSessionCacheImpl: Deleted sessionId[124624629806611256] from persistence.
03-27 13:11:06.284  1456  2915 I WifiService: getWifiEnabledState uid=10073
03-27 13:11:06.286 28336 28379 I DEBUG   : OpaToSrpTransitionState#onStateChanged#notNullQuery
03-27 13:11:06.287 28336 28379 I DEBUG   : OpaToSrpTransitionState#onStateChanged#notNullQuery
03-27 13:11:06.293 28336 28379 W SearchServiceCore: Abort, client detached.
03-27 13:11:06.295 28336 28379 W SearchServiceCore: Abort, client detached.
03-27 13:11:06.406   808   808 I SFPerfTracer:      triggers: (rate: 72:2015784) (compose: 0:7) (post: 0:19) (render: 0:17) (6:9949761 frames) (7:12337503)
03-27 13:11:06.406   808   808 D SFPerfTracer:        layers: (4:12) (NavigationBar#0 (0xb07df000): 0:882392) (StatusBar#0 (0xb07e3000): 0:2094074) (com.android.systemui.ImageWallpaper#0 (0xb07e7000): 0:80946)* (Sprite#0 (0xb0733000): 0:317)* (DimLayerController/Stack=0#0 (0xb075a000): 0:3780)* (Sprite#1 (0xb077c000): 0:195)* (org.mozilla.fennec_aurora/org.mozilla.fenix.HomeActivity#0 (0xb039b000): 0:66)- (com.android.launcher3/com.android.launcher3.CustomizationPanelLauncher#0 (0xb0763000): 0:38)- (com.android.launcher3/com.android.launcher3.CustomizationPanelLauncher#1 (0xb0771000): 0:13)- (Splash Screen org.mozilla.fennec_aurora#0 (0xb039b000): 0:19)- (Splash Screen org.mozilla.fennec_aurora#1 (0xb013a000): 7:30) (org.mozilla.fennec_aurora/org.mozilla.fenix.HomeActivity#0 (0xb039b000): 7:12) 
03-27 13:11:06.419 28453 28578 I chatty  : uid=11202(org.mozilla.fennec_aurora) expire 2 lines
03-27 13:11:06.458  1456  2915 I ActivityManager: Fully drawn org.mozilla.fennec_aurora/org.mozilla.fenix.HomeActivity: +821ms (total +1s338ms)
03-27 13:11:06.598  1023 28586 D libc    : Internal error: netid(0), id(0x176f), server(0.0.0.0)
03-27 13:11:06.598  1023 28586 D libc    : Internal error: netid(0), id(0x176f), server(0.0.0.0)
03-27 13:11:06.599  1023 28586 D libc    : Internal error: netid(0), id(0x6474), server(0.0.0.0)
03-27 13:11:06.599  1023 28586 D libc    : Internal error: netid(0), id(0x6474), server(0.0.0.0)
03-27 13:11:06.622  1023 28600 D libc    : Internal error: netid(0), id(0xed66), server(0.0.0.0)
03-27 13:11:06.622  1023 28600 D libc    : Internal error: netid(0), id(0xed66), server(0.0.0.0)
03-27 13:11:06.623  1023 28600 D libc    : Internal error: netid(0), id(0x870e), server(0.0.0.0)
03-27 13:11:06.623  1023 28601 D libc    : Internal error: netid(0), id(0xb96c), server(0.0.0.0)
03-27 13:11:06.623  1023 28601 D libc    : Internal error: netid(0), id(0xb96c), server(0.0.0.0)
03-27 13:11:06.623  1023 28600 D libc    : Internal error: netid(0), id(0x870e), server(0.0.0.0)
03-27 13:11:06.624  1023 28601 D libc    : Internal error: netid(0), id(0x3e69), server(0.0.0.0)
03-27 13:11:06.624  1023 28601 D libc    : Internal error: netid(0), id(0x3e69), server(0.0.0.0)
03-27 13:11:06.627  1023 28606 D libc    : Internal error: netid(0), id(0xfd55), server(0.0.0.0)
03-27 13:11:06.628  1023 28606 D libc    : Internal error: netid(0), id(0xfd55), server(0.0.0.0)
03-27 13:11:06.628  1023 28606 D libc    : Internal error: netid(0), id(0xe812), server(0.0.0.0)
03-27 13:11:06.628  1023 28606 D libc    : Internal error: netid(0), id(0xe812), server(0.0.0.0)
03-27 13:11:06.636 28453 28509 I chatty  : uid=11202(org.mozilla.fennec_aurora) expire 1 line
03-27 13:11:06.637 28453 28506 I chatty  : uid=11202(org.mozilla.fennec_aurora) expire 1 line
03-27 13:11:06.640 28453 28582 I chatty  : uid=11202(org.mozilla.fennec_aurora) expire 2 lines
03-27 13:11:06.641 28453 28581 I chatty  : uid=11202(org.mozilla.fennec_aurora) expire 2 lines
03-27 13:11:06.677 28453 28622 I chatty  : uid=11202(org.mozilla.fennec_aurora) expire 1 line
03-27 13:11:10.771 28659 28659 D AndroidRuntime: >>>>>> START com.android.internal.os.RuntimeInit uid 2000 <<<<<<
03-27 13:11:10.784 28659 28659 W app_process: Could not reserve sentinel fault page
03-27 13:11:10.952 28659 28659 I app_process: The ClassLoaderContext is a special shared library.
03-27 13:11:11.017 28659 28659 D AndroidRuntime: Calling main entry com.android.commands.input.Input
03-27 13:11:11.019 28659 28659 I Input   : injectKeyEvent: KeyEvent { action=ACTION_DOWN, keyCode=KEYCODE_HOME, scanCode=0, metaState=0, flags=0x0, repeatCount=0, eventTime=17405126298, downTime=17405126298, deviceId=-1, source=0x101 }
03-27 13:11:11.029 28659 28659 I Input   : injectKeyEvent: KeyEvent { action=ACTION_UP, keyCode=KEYCODE_HOME, scanCode=0, metaState=0, flags=0x0, repeatCount=0, eventTime=17405126298, downTime=17405126298, deviceId=-1, source=0x101 }
03-27 13:11:11.035  1456  1941 I ActivityManager: START u0 {act=android.intent.action.MAIN cat=[android.intent.category.HOME] flg=0x10200000 cmp=com.android.launcher3/.CustomizationPanelLauncher (has extras)} from uid 1000
03-27 13:11:11.035   794   839 E ANDR-PERF-RESOURCEQS: Failed to apply optimization [4, 0]
03-27 13:11:11.047  1456  1941 I ActivityManager: moveHomeStack, setupComplete:true
03-27 13:11:11.050 28659 28659 D AndroidRuntime: Shutting down VM
03-27 13:11:11.058 28336 28375 I Adreno  : QUALCOMM build                   : bb5b86c, I77d3059488
03-27 13:11:11.058 28336 28375 I Adreno  : Build Date                       : 06/07/18
03-27 13:11:11.058 28336 28375 I Adreno  : OpenGL ES Shader Compiler Version: EV031.22.00.01_06
03-27 13:11:11.058 28336 28375 I Adreno  : Local Branch                     : 
03-27 13:11:11.058 28336 28375 I Adreno  : Remote Branch                    : refs/tags/AU_LINUX_ANDROID_LA.UM.6.5.R1.08.01.00.312.086
03-27 13:11:11.058 28336 28375 I Adreno  : Remote Branch                    : NONE
03-27 13:11:11.058 28336 28375 I Adreno  : Reconstruct Branch               : NOTHING
03-27 13:11:11.063 28336 28375 D vndksupport: Loading /vendor/lib/hw/gralloc.msm8937.so from current namespace instead of sphal namespace.
03-27 13:11:11.067 28336 28375 I Adreno  : PFP: 0x005ff087, ME: 0x005ff063
03-27 13:11:11.070 27026 27026 I Finsky  : [2] ppb.onTrimMemory(1): Memory trim requested to level 80
03-27 13:11:11.070 28336 28375 I zygote  : android::hardware::configstore::V1_0::ISurfaceFlingerConfigs::hasWideColorDisplay retrieved: 0
03-27 13:11:11.071  2748  2748 D Launcher.Utilities: Wakeup weather: Intent { act=com.motorola.launcher3.action.WAKEUP_WEATHER cmp=com.motorola.timeweatherwidget/com.motorola.commandcenter.weather.WakeUpService }
03-27 13:11:11.071 28336 28375 I OpenGLRenderer: Initialized EGL, version 1.4
03-27 13:11:11.072 28336 28375 D OpenGLRenderer: Swap behavior 2
03-27 13:11:11.086  1456  1456 I NotificationService: Cannot find enqueued record for key: 0|com.motorola.timeweatherwidget|1|null|10116
03-27 13:11:11.090   808   808 D SurfaceFlinger: duplicate layer name: changing com.android.launcher3/com.android.launcher3.CustomizationPanelLauncher to com.android.launcher3/com.android.launcher3.CustomizationPanelLauncher#1
03-27 13:11:11.113 28336 28368 W ThreadPoolDumper: Queue length for executor EventBus is now 11. Perhaps some tasks are too long, or the pool is too small.
03-27 13:11:11.116  1456  2401 I WifiService: getWifiEnabledState uid=10073
03-27 13:11:11.130  1456  2196 I WifiService: getWifiEnabledState uid=10073
03-27 13:11:11.141 28336 28379 I DEBUG   : OpaToSrpTransitionState#onStateChanged#notNullQuery
03-27 13:11:11.142 28336 28379 I DEBUG   : OpaToSrpTransitionState#onStateChanged#notNullQuery
03-27 13:11:11.155 28336 28379 I MicroDetectionState: Should stop hotword detection immediately - false
03-27 13:11:11.159 28336 28379 I MicroDetectionWorker: #startMicroDetector [speakerMode: 0]
03-27 13:11:11.160 28336 28379 I AudioController: Created new AudioSource
03-27 13:11:11.165 28336 28378 I MicroDataManager: isInitializedWithLatestParams-true
03-27 13:11:11.165 28336 28378 I MicroDataManager: isInitializing-false locale not changed-true model not changed-true
03-27 13:11:11.165 28336 28378 I MicroDataManager: Already initialized, obtaining the hotword data immediately.
03-27 13:11:11.170 28336 21552 I MicroRecognitionRunner: Starting detection.
03-27 13:11:11.170 28336 21552 I InputStreamUtils: Using micInputStream
03-27 13:11:11.171 28336  2030 I MicrophoneInputStream: mic_starting  SR : 16000 CC : 16 SO : 1999
03-27 13:11:11.173  1456  1673 I LaunchCheckinHandler: Displayed com.android.launcher3/.CustomizationPanelLauncher,wp,wa,138
03-27 13:11:11.174   788   788 V msm8974_platform: platform_check_input_mask: enter check_input_mask source 6 mask 10
03-27 13:11:11.177  1012 28673 I AudioFlinger: AudioFlinger's thread 0xb2483e40 tid=28673 ready to run
03-27 13:11:11.182   788  1401 D audio_hw_primary: in_set_parameters: enter: kvpairs=input_source=6;routing=-2147483644
03-27 13:11:11.183  1012 26683 D APM_AudioPolicyManager: AudioPolicyManager::startInput() input 261518, session 261633, source = 1999
03-27 13:11:11.184 28336  2030 I MicrophoneInputStream: mic_started  SR : 16000 CC : 16 SO : 1999
03-27 13:11:11.185   788 28674 V msm8974_platform: platform_update_usecase_from_source: input source :6
03-27 13:11:11.185   788 28674 V msm8974_platform: platform_check_input_mask: enter check_input_mask source 6 mask 10
03-27 13:11:11.185   788 28674 V msm8974_platform: platform_get_input_snd_device: enter: out_device(0) in_device(0x4) channel_count (1) channel_mask (0x10)
03-27 13:11:11.185   788 28674 V msm8974_platform: platform_get_input_snd_device: exit: in_snd_device(voice-rec-mic)
03-27 13:11:11.185   788 28674 V msm8974_platform: platform_get_backend_index:napb: backend port - 5 device - 120 
03-27 13:11:11.186   788 28674 V msm8974_platform: platform_check_and_set_capture_backend_cfg:txbecf: afe: bitwidth 0, samplerate 0, channel 1, backend_idx 5 usecase = 9 device (voice-rec-mic)
03-27 13:11:11.186   788 28674 V msm8974_platform: platform_check_capture_backend_cfg:txbecf: afe: Codec selected backend: 5 current bit width: 0 and sample rate: 0, channels 1
03-27 13:11:11.186   788 28674 V msm8974_platform: platform_check_capture_backend_cfg:txbecf: afe: Codec selected backend: 5 updated bit width: 0 and sample rate: 0
03-27 13:11:11.186   788 28674 I msm8974_platform: platform_check_capture_backend_cfg:txbecf: afe: Codec backend needs to be updated. new bit width: 0 new sample rate: 0 new channel: 1
03-27 13:11:11.186   788 28674 V msm8974_platform: platform_get_backend_index:napb: backend port - 5 device - 120 
03-27 13:11:11.186   788 28674 V msm8974_platform: platform_set_backend_cfg:becf: afe: bitwidth 0, samplerate 0 channels 1, backend_idx 5 device (voice-rec-mic)
03-27 13:11:11.186   788 28674 E msm8974_platform: platform_set_backend_cfg:becf: afe: Could not get ctl for mixer command - SLIM_0_TX Format
03-27 13:11:11.186   788 28674 V msm8974_platform: platform_send_audio_calibration: sending audio calibration for snd_device(120) acdb_id(62)
03-27 13:11:11.186   788 28674 D ACDB-LOADER: ACDB -> send_audio_cal, acdb_id = 62, path = 1, app id = 0x11130, sample rate = 48000
03-27 13:11:11.186   788 28674 D ACDB-LOADER: ACDB -> send_asm_topology
03-27 13:11:11.186   788 28674 D ACDB-LOADER: ACDB -> ACDB_CMD_GET_AUDPROC_STREAM_TOPOLOGY_ID
03-27 13:11:11.186   788 28674 D ACDB-LOADER: ACDB -> send_adm_topology
03-27 13:11:11.186   788 28674 D ACDB-LOADER: ACDB -> ACDB_CMD_GET_AUDPROC_COMMON_TOPOLOGY_ID
03-27 13:11:11.186   788 28674 D ACDB-LOADER: ACDB -> send_audtable
03-27 13:11:11.186   788 28674 D ACDB-LOADER: ACDB -> ACDB_CMD_GET_AUDPROC_COMMON_TABLE_SIZE
03-27 13:11:11.186   788 28674 D ACDB-LOADER: ACDB -> ACDB_CMD_GET_AUDPROC_COMMON_TABLE
03-27 13:11:11.186   788 28674 D ACDB-LOADER: ACDB -> AUDIO_SET_AUDPROC_CAL
03-27 13:11:11.186   788 28674 D ACDB-LOADER: ACDB -> send_audvoltable
03-27 13:11:11.186   788 28674 D ACDB-LOADER: ACDB -> ACDB_CMD_GET_AUDPROC_VOL_STEP_TABLE_SIZE
03-27 13:11:11.186   788 28674 D ACDB-LOADER: ACDB -> ACDB_CMD_GET_AUDPROC_GAIN_DEP_STEP_TABLE, vol index 0
03-27 13:11:11.186   788 28674 D         : Failed to fetch the lookup information of the device 0000003E 
03-27 13:11:11.187   788 28674 D ACDB-LOADER: ACDB -> AUDIO_SET_VOL_CAL cal type = 12
03-27 13:11:11.187   788 28674 D ACDB-LOADER: ACDB -> ACDB_CMD_GET_AUDPROC_STREAM_TABLE_SIZE
03-27 13:11:11.187   788 28674 D ACDB-LOADER: ACDB -> send_audstrmtable
03-27 13:11:11.187   788 28674 D ACDB-LOADER: ACDB -> ACDB_CMD_GET_AUDPROC_STREAM_TABLE_V2
03-27 13:11:11.187   788 28674 D ACDB-LOADER: ACDB -> audstrm_cal->cal_type.cal_data.cal_size = 456
03-27 13:11:11.187   788 28674 D ACDB-LOADER: ACDB -> send_afe_topology
03-27 13:11:11.187   788 28674 D ACDB-LOADER: ACDB -> ACDB_CMD_GET_AFE_TOPOLOGY_ID
03-27 13:11:11.187   788 28674 D ACDB-LOADER: ACDB -> GET_AFE_TOPOLOGY_ID for adcd_id 62, Topology Id 112fb
03-27 13:11:11.187   788 28674 D ACDB-LOADER: ACDB -> send_afe_cal
03-27 13:11:11.187   788 28674 D ACDB-LOADER: ACDB -> ACDB_CMD_GET_AFE_COMMON_TABLE_SIZE
03-27 13:11:11.187   788 28674 D         : Failed to fetch the lookup information of the device 0000003E 
03-27 13:11:11.187   788 28674 E ACDB-LOADER: Error: ACDB_CMD_GET_AFE_COMMON_TABLE_SIZE Returned = -19
03-27 13:11:11.187   788 28674 D ACDB-LOADER: ACDB -> ACDB_CMD_GET_AFE_COMMON_TABLE
03-27 13:11:11.187   788 28674 D         : Failed to fetch the lookup information of the device 0000003E 
03-27 13:11:11.187   788 28674 D ACDB-LOADER: ACDB -> AUDIO_SET_AFE_CAL
03-27 13:11:11.187   788 28674 D ACDB-LOADER: ACDB -> send_hw_delay : acdb_id = 62 path = 1
03-27 13:11:11.187   788 28674 D ACDB-LOADER: ACDB -> ACDB_AVSYNC_INFO: ACDB_CMD_GET_DEVICE_PROPERTY
03-27 13:11:11.187   788 28674 D audio_hw_primary: enable_snd_device: snd_device(120: voice-rec-mic)
03-27 13:11:11.187   788 28674 D audio_route: Apply path: voice-rec-mic
03-27 13:11:11.191   788 28674 V msm8974_platform: platform_get_snd_device_backend_index: enter with device 120
03-27 13:11:11.191   788 28674 E msm8974_platform: platform_get_snd_device_backend_index: BE DAI Name Table is not present
03-27 13:11:11.191   788 28674 V msm8974_platform: platform_get_backend_index:napb: backend port - 5 device - 120 
03-27 13:11:11.191   788 28674 I audio_hw_utils: Set Audio Stream Capture 0 App Type Cfg: app_type 69936, acdb_dev_id 62, sample_rate 48000, snd_device_be_idx -14
03-27 13:11:11.191   788 28674 D audio_hw_primary: enable_audio_route: usecase(9) apply and update mixer path: audio-record
03-27 13:11:11.191   788 28674 D audio_route: Apply path: audio-record
03-27 13:11:11.256 28453 28453 I chatty  : uid=11202(org.mozilla.fennec_aurora) expire 4 lines
03-27 13:11:11.259 28453 28508 I chatty  : uid=11202(org.mozilla.fennec_aurora) expire 2 lines
03-27 13:11:11.260 28336 28379 I MicroDetectionWorker: onReady
03-27 13:11:11.572  1456  1893 D BatteryService: uevent={POWER_SUPPLY_VOLTAGE_NOW=4332707, POWER_SUPPLY_CHARGE_RATE=Normal, POWER_SUPPLY_HEALTH=Good, POWER_SUPPLY_CURRENT_NOW=152, POWER_SUPPLY_PRESENT=1, SUBSYSTEM=power_supply, POWER_SUPPLY_TEMP=310, SEQNUM=434359, ACTION=change, POWER_SUPPLY_NAME=battery, POWER_SUPPLY_STATUS=Full, POWER_SUPPLY_CHARGE_COUNTER=2791660, POWER_SUPPLY_CAPACITY=100, DEVPATH=/devices/soc/qpnp-smbcharger-17/power_supply/battery}
03-27 13:11:11.574  1456  7796 I OpenGLRenderer: Initialized EGL, version 1.4
03-27 13:11:11.574  1456  7796 D OpenGLRenderer: Swap behavior 2
03-27 13:11:11.577  2398  2398 D QtiCarrierConfigHelper: WARNING, no carrier configs on phone Id: 0
03-27 13:11:11.622  2748  2917 W OpenGLRenderer: Incorrectly called buildLayer on View: ShortcutAndWidgetContainer, destroying layer...
03-27 13:11:11.749 28453 28480 I chatty  : uid=11202(org.mozilla.fennec_aurora) expire 6 lines
03-27 13:11:11.784   808   898 I SFPerfTracer:      triggers: (rate: 0:1) (0 sw vsyncs) (0 skipped) (37:5889289 vsyncs) (39:12428382)
03-27 13:11:11.935  1456  1466 I zygote  : NativeAlloc concurrent copying GC freed 75101(6MB) AllocSpace objects, 26(904KB) LOS objects, 37% free, 40MB/64MB, paused 265us total 360.752ms
03-27 13:11:16.197  1456  2401 I ActivityManager: Force stopping org.mozilla.fennec_aurora appid=11202 user=0: from pid 28679
03-27 13:11:16.198  1456  2401 I ActivityManager: Killing 28453:org.mozilla.fennec_aurora/u0a1202 (adj 700): stop org.mozilla.fennec_aurora
03-27 13:11:16.200  1456  1605 W zygote  : kill(-28453, 9) failed: No such process
03-27 13:11:16.202 28534 28534 I chatty  : uid=11202(org.mozilla.fennec_aurora) expire 1 line
03-27 13:11:16.202  1456  2401 W ActivityManager: Force removing ActivityRecord{cf9f710 u0 org.mozilla.fennec_aurora/org.mozilla.fenix.HomeActivity t50780}: app died, no saved state
03-27 13:11:16.210  1456  2401 I ActivityManager: Killing 28534:org.mozilla.fennec_aurora:tab0/u0a1202 (adj 0): stop org.mozilla.fennec_aurora
03-27 13:11:16.217  1456  1605 W zygote  : kill(-28453, 9) failed: No such process
03-27 13:11:16.223  2398  2398 D CarrierSvcBindHelper: No carrier app for: 0
03-27 13:11:16.224  2398  2398 D CarrierSvcBindHelper: No carrier app for: 1
03-27 13:11:16.231  1456  1605 W zygote  : kill(-28453, 9) failed: No such process
03-27 13:11:16.262  1456  1605 I chatty  : uid=1000(system) ActivityManager identical 4 lines
03-27 13:11:16.266  1456  1673 W ActivityManager: setHasOverlayUi called on unknown pid: 28453
03-27 13:11:16.277  1456  1605 W zygote  : kill(-28453, 9) failed: No such process
03-27 13:11:16.277  1456  1605 I zygote  : Successfully killed process cgroup uid 11202 pid 28453 in 77ms
03-27 13:11:16.278  1456  1605 W zygote  : kill(-28534, 9) failed: No such process
03-27 13:11:16.278  1456  1605 I zygote  : Successfully killed process cgroup uid 11202 pid 28534 in 0ms
03-27 13:11:16.319  1456  2401 I ActivityManager: START u0 {act=android.intent.action.MAIN cat=[android.intent.category.LAUNCHER] flg=0x10000000 cmp=org.mozilla.fennec_aurora/.App} from uid 2000
03-27 13:11:16.319   794   839 E ANDR-PERF-RESOURCEQS: Failed to apply optimization [4, 0]
03-27 13:11:16.338  1456  5907 I ActivityManager: Start proc 28687:org.mozilla.fennec_aurora/u0a1202 for activity org.mozilla.fennec_aurora/.App
03-27 13:11:16.430 28336 28379 I MicroDetectionState: Should stop hotword detection immediately - false
03-27 13:11:16.430 28336 28379 I MicroDetector: Keeping mic open: false
03-27 13:11:16.430 28336 21549 E DeviceStateChecker: DeviceStateChecker cancelled
03-27 13:11:16.430 28336 28379 I RecognitionAudioControl: #shutdownAudio [requestId: -4440626016129026403, keepAudioOpen: false, forced: true]
03-27 13:11:16.431 28336 28379 I RecognitionAudioControl: #internalShutdownAudio [requestId: -4440626016129026403]
03-27 13:11:16.431 28336 28379 I RecognitionAudioControl: #internalShutdownAudio [keepAudioOpen: false, forced: true]
03-27 13:11:16.431 28336 28379 I RecognitionAudioControl: #actualShutdownAudio
03-27 13:11:16.431 28336 28379 I AudioController: #shutdown [requestId=-4440626016129026403]
03-27 13:11:16.431 28336 28374 I AudioController: internalShutdown
03-27 13:11:16.432 28336 28380 I MicroRecognitionRunner: Stopping hotword detection.
03-27 13:11:16.433 28336 21552 I MicroRecognitionRunner: Detection finished
03-27 13:11:16.479   788  1401 D audio_hw_primary: disable_audio_route: usecase(9) reset and update mixer path: audio-record
03-27 13:11:16.480   788  1401 D audio_hw_primary: disable_snd_device: snd_device(120: voice-rec-mic)
03-27 13:11:16.482  1012 26683 D APM_AudioPolicyManager: stopInput() input 261518, session 261633
03-27 13:11:16.483   788   788 D audio_hw_primary: in_set_parameters: enter: kvpairs=routing=0
03-27 13:11:16.487 28336 28374 I MicrophoneInputStream: mic_close  SR : 16000 CC : 16 SO : 1999
03-27 13:11:16.487 28336 28374 E AudioSource: Stop listening is called on already closed AudioSource
03-27 13:11:16.508 28687 28687 I chatty  : uid=11202(org.mozilla.fennec_aurora) expire 57 lines
03-27 13:11:16.580 28687 28706 I chatty  : uid=11202(org.mozilla.fennec_aurora) expire 4 lines
03-27 13:11:16.609 28687 28716 I chatty  : uid=11202(org.mozilla.fennec_aurora) expire 14 lines
03-27 13:11:16.610  1456  2401 D ConnectivityService: requestNetwork for uid/pid:11202/28687 NetworkRequest [ TRACK_DEFAULT id=34783, [ Capabilities: INTERNET&NOT_RESTRICTED&TRUSTED&NOT_VPN] ]
03-27 13:11:16.611  1456  2099 D Ethernet: got request NetworkRequest [ TRACK_DEFAULT id=34783, [ Capabilities: INTERNET&NOT_RESTRICTED&TRUSTED&NOT_VPN] ] with score 0
03-27 13:11:16.611  2398  2398 D PhoneSwitcherNetworkRequstListener: got request NetworkRequest [ TRACK_DEFAULT id=34783, [ Capabilities: INTERNET&NOT_RESTRICTED&TRUSTED&NOT_VPN] ] with score 0
03-27 13:11:16.611  1456  2054 D WIFI_UT : got request NetworkRequest [ TRACK_DEFAULT id=34783, [ Capabilities: INTERNET&NOT_RESTRICTED&TRUSTED&NOT_VPN] ] with score 0
03-27 13:11:16.611  1456  2054 D WIFI    : got request NetworkRequest [ TRACK_DEFAULT id=34783, [ Capabilities: INTERNET&NOT_RESTRICTED&TRUSTED&NOT_VPN] ] with score 0
03-27 13:11:16.632 28687 28715 I chatty  : uid=11202(org.mozilla.fennec_aurora) expire 17 lines
03-27 13:11:16.632 28687 28720 I chatty  : uid=11202(org.mozilla.fennec_aurora) expire 27 lines
03-27 13:11:16.736 28687 28728 I chatty  : uid=11202(org.mozilla.fennec_aurora) expire 1 line
03-27 13:11:16.769 28687 28737 I chatty  : uid=11202(org.mozilla.fennec_aurora) expire 10 lines
03-27 13:11:16.790 28687 28692 I chatty  : uid=11202(org.mozilla.fennec_aurora) expire 8 lines
03-27 13:11:16.806  1456  2196 I ActivityManager: START u0 {act=android.intent.action.MAIN cat=[android.intent.category.LAUNCHER] flg=0x10000000 cmp=org.mozilla.fennec_aurora/org.mozilla.fenix.HomeActivity (has extras)} from uid 11202
03-27 13:11:16.832   808   808 D SurfaceFlinger: duplicate layer name: changing Splash Screen org.mozilla.fennec_aurora to Splash Screen org.mozilla.fennec_aurora#1
03-27 13:11:16.879  1456  7570 I ActivityManager: Start proc 28767:org.mozilla.fennec_aurora:tab0/u0a1202 for service org.mozilla.fennec_aurora/org.mozilla.gecko.process.GeckoChildProcessServices$tab0
03-27 13:11:17.024 28767 28767 I chatty  : uid=11202(org.mozilla.fennec_aurora) expire 2 lines
03-27 13:11:17.025 28767 28789 I chatty  : uid=11202(org.mozilla.fennec_aurora) expire 1 line
03-27 13:11:17.248 28687 28796 I chatty  : uid=11202(org.mozilla.fennec_aurora) expire 9 lines
03-27 13:11:17.267   808   808 I SFPerfTracer:      triggers: (rate: 72:2015786) (compose: 0:7) (post: 0:19) (render: 0:17) (16:9949853 frames) (17:12337619)
03-27 13:11:17.268   808   808 D SFPerfTracer:        layers: (3:12) (NavigationBar#0 (0xb07df000): 0:882413) (StatusBar#0 (0xb07e3000): 0:2094098) (com.android.systemui.ImageWallpaper#0 (0xb07e7000): 0:80948)* (Sprite#0 (0xb0733000): 0:317)* (DimLayerController/Stack=0#0 (0xb075a000): 0:3780)* (Sprite#1 (0xb077c000): 0:195)* (Splash Screen org.mozilla.fennec_aurora#1 (0xb013a000): 0:31)- (org.mozilla.fennec_aurora/org.mozilla.fenix.HomeActivity#0 (0xb039b000): 0:66)- (com.android.launcher3/com.android.launcher3.CustomizationPanelLauncher#0 (0xb0763000): 0:38)* (com.android.launcher3/com.android.launcher3.CustomizationPanelLauncher#1 (0xb0771000): 0:9)* (Splash Screen org.mozilla.fennec_aurora#0 (0xb039b000): 0:19)- (Splash Screen org.mozilla.fennec_aurora#1 (0xb013a000): 16:19) 
03-27 13:11:17.455  1456  1673 I LaunchCheckinHandler: Displayed org.mozilla.fennec_aurora/org.mozilla.fenix.HomeActivity,wp,ca,609
03-27 13:11:17.456  1456  1673 I ActivityManager: Displayed org.mozilla.fennec_aurora/org.mozilla.fenix.HomeActivity: +606ms (total +1s125ms)
03-27 13:11:17.489 28336 28379 E AudioSource: Stop listening is called on already closed AudioSource
03-27 13:11:17.491 28336  2030 I PBSessionCacheImpl: Deleted sessionId[124624629806611261] from persistence.
03-27 13:11:17.491 28336 28336 I MemoryTrimmer: Trimming objects from memory, since app is in the background.
03-27 13:11:17.493  1456  7570 I WifiService: getWifiEnabledState uid=10073
03-27 13:11:17.495 28336 28379 I DEBUG   : OpaToSrpTransitionState#onStateChanged#notNullQuery
03-27 13:11:17.496 28336 28379 I DEBUG   : OpaToSrpTransitionState#onStateChanged#notNullQuery
03-27 13:11:17.500 28336 28379 W SearchServiceCore: Abort, client detached.
03-27 13:11:17.500 28336 28379 I chatty  : uid=10073(com.google.android.googlequicksearchbox) EventBus0 identical 1 line
03-27 13:11:17.503 28336 28379 W SearchServiceCore: Abort, client detached.
03-27 13:11:17.637 28687 28812 I chatty  : uid=11202(org.mozilla.fennec_aurora) expire 2 lines
03-27 13:11:17.670  1456  2402 I ActivityManager: Fully drawn org.mozilla.fennec_aurora/org.mozilla.fenix.HomeActivity: +824ms (total +1s343ms)
03-27 13:11:17.813  1023 28820 D libc    : Internal error: netid(0), id(0x7c7e), server(0.0.0.0)
03-27 13:11:17.813  1023 28820 D libc    : Internal error: netid(0), id(0x7c7e), server(0.0.0.0)
03-27 13:11:17.813  1023 28820 D libc    : Internal error: netid(0), id(0x7f4f), server(0.0.0.0)
03-27 13:11:17.814  1023 28820 D libc    : Internal error: netid(0), id(0x7f4f), server(0.0.0.0)
03-27 13:11:17.835  1023 28833 D libc    : Internal error: netid(0), id(0xc74), server(0.0.0.0)
03-27 13:11:17.835  1023 28831 D libc    : Internal error: netid(0), id(0x643), server(0.0.0.0)
03-27 13:11:17.835  1023 28833 D libc    : Internal error: netid(0), id(0xc74), server(0.0.0.0)
03-27 13:11:17.835  1023 28831 D libc    : Internal error: netid(0), id(0x643), server(0.0.0.0)
03-27 13:11:17.835  1023 28833 D libc    : Internal error: netid(0), id(0xac41), server(0.0.0.0)
03-27 13:11:17.835  1023 28833 D libc    : Internal error: netid(0), id(0xac41), server(0.0.0.0)
03-27 13:11:17.835  1023 28831 D libc    : Internal error: netid(0), id(0xc017), server(0.0.0.0)
03-27 13:11:17.836  1023 28831 D libc    : Internal error: netid(0), id(0xc017), server(0.0.0.0)
03-27 13:11:17.840  1023 28838 D libc    : Internal error: netid(0), id(0x359), server(0.0.0.0)
03-27 13:11:17.840  1023 28838 D libc    : Internal error: netid(0), id(0x359), server(0.0.0.0)
03-27 13:11:17.840  1023 28838 D libc    : Internal error: netid(0), id(0xde07), server(0.0.0.0)
03-27 13:11:17.841  1023 28838 D libc    : Internal error: netid(0), id(0xde07), server(0.0.0.0)
03-27 13:11:17.849 28687 28741 I chatty  : uid=11202(org.mozilla.fennec_aurora) expire 1 line
03-27 13:11:17.850 28687 28743 I chatty  : uid=11202(org.mozilla.fennec_aurora) expire 1 line
03-27 13:11:17.851 28687 28816 I chatty  : uid=11202(org.mozilla.fennec_aurora) expire 2 lines
03-27 13:11:17.852 28687 28815 I chatty  : uid=11202(org.mozilla.fennec_aurora) expire 2 lines
03-27 13:11:17.883 28687 28848 I chatty  : uid=11202(org.mozilla.fennec_aurora) expire 1 line
03-27 13:11:21.976 28890 28890 D AndroidRuntime: >>>>>> START com.android.internal.os.RuntimeInit uid 2000 <<<<<<
03-27 13:11:21.989 28890 28890 W app_process: Could not reserve sentinel fault page
03-27 13:11:22.155 28890 28890 I app_process: The ClassLoaderContext is a special shared library.
03-27 13:11:22.220 28890 28890 D AndroidRuntime: Calling main entry com.android.commands.input.Input
03-27 13:11:22.221 28890 28890 I Input   : injectKeyEvent: KeyEvent { action=ACTION_DOWN, keyCode=KEYCODE_HOME, scanCode=0, metaState=0, flags=0x0, repeatCount=0, eventTime=17405137501, downTime=17405137501, deviceId=-1, source=0x101 }
03-27 13:11:22.232 28890 28890 I Input   : injectKeyEvent: KeyEvent { action=ACTION_UP, keyCode=KEYCODE_HOME, scanCode=0, metaState=0, flags=0x0, repeatCount=0, eventTime=17405137501, downTime=17405137501, deviceId=-1, source=0x101 }
03-27 13:11:22.238  1456  1941 I ActivityManager: START u0 {act=android.intent.action.MAIN cat=[android.intent.category.HOME] flg=0x10200000 cmp=com.android.launcher3/.CustomizationPanelLauncher (has extras)} from uid 1000
03-27 13:11:22.239   794   839 E ANDR-PERF-RESOURCEQS: Failed to apply optimization [4, 0]
03-27 13:11:22.250  1456  1941 I ActivityManager: moveHomeStack, setupComplete:true
03-27 13:11:22.254 28890 28890 D AndroidRuntime: Shutting down VM
03-27 13:11:22.269 28336 28375 I Adreno  : QUALCOMM build                   : bb5b86c, I77d3059488
03-27 13:11:22.269 28336 28375 I Adreno  : Build Date                       : 06/07/18
03-27 13:11:22.269 28336 28375 I Adreno  : OpenGL ES Shader Compiler Version: EV031.22.00.01_06
03-27 13:11:22.269 28336 28375 I Adreno  : Local Branch                     : 
03-27 13:11:22.269 28336 28375 I Adreno  : Remote Branch                    : refs/tags/AU_LINUX_ANDROID_LA.UM.6.5.R1.08.01.00.312.086
03-27 13:11:22.269 28336 28375 I Adreno  : Remote Branch                    : NONE
03-27 13:11:22.269 28336 28375 I Adreno  : Reconstruct Branch               : NOTHING
03-27 13:11:22.274 28336 28375 D vndksupport: Loading /vendor/lib/hw/gralloc.msm8937.so from current namespace instead of sphal namespace.
03-27 13:11:22.276 27026 27026 I Finsky  : [2] ppb.onTrimMemory(1): Memory trim requested to level 80
03-27 13:11:22.278 28336 28375 I Adreno  : PFP: 0x005ff087, ME: 0x005ff063
03-27 13:11:22.278  2748  2748 D Launcher.Utilities: Wakeup weather: Intent { act=com.motorola.launcher3.action.WAKEUP_WEATHER cmp=com.motorola.timeweatherwidget/com.motorola.commandcenter.weather.WakeUpService }
03-27 13:11:22.283 28336 28375 I zygote  : android::hardware::configstore::V1_0::ISurfaceFlingerConfigs::hasWideColorDisplay retrieved: 0
03-27 13:11:22.284 28336 28375 I OpenGLRenderer: Initialized EGL, version 1.4
03-27 13:11:22.285 28336 28375 D OpenGLRenderer: Swap behavior 2
03-27 13:11:22.291  1456  1456 I NotificationService: Cannot find enqueued record for key: 0|com.motorola.timeweatherwidget|1|null|10116
03-27 13:11:22.296   808   808 D SurfaceFlinger: duplicate layer name: changing com.android.launcher3/com.android.launcher3.CustomizationPanelLauncher to com.android.launcher3/com.android.launcher3.CustomizationPanelLauncher#1
03-27 13:11:22.322 28336 28370 W ThreadPoolDumper: Queue length for executor EventBus is now 11. Perhaps some tasks are too long, or the pool is too small.
03-27 13:11:22.324  1456  7570 I WifiService: getWifiEnabledState uid=10073
03-27 13:11:22.343  1456  7570 I WifiService: getWifiEnabledState uid=10073
03-27 13:11:22.352 28336 28379 I DEBUG   : OpaToSrpTransitionState#onStateChanged#notNullQuery
03-27 13:11:22.353 28336 28379 I DEBUG   : OpaToSrpTransitionState#onStateChanged#notNullQuery
03-27 13:11:22.367 28336 28379 I MicroDetectionState: Should stop hotword detection immediately - false
03-27 13:11:22.371 28336 28379 I MicroDetectionWorker: #startMicroDetector [speakerMode: 0]
03-27 13:11:22.372 28336 28379 I AudioController: Created new AudioSource
03-27 13:11:22.385  1456  1673 I LaunchCheckinHandler: Displayed com.android.launcher3/.CustomizationPanelLauncher,wp,wa,146
03-27 13:11:22.385 28336 28367 I MicroDataManager: isInitializedWithLatestParams-true
03-27 13:11:22.386 28336 28367 I MicroDataManager: isInitializing-false locale not changed-true model not changed-true
03-27 13:11:22.386 28336 28367 I MicroDataManager: Already initialized, obtaining the hotword data immediately.
03-27 13:11:22.390 28336 21549 I MicroRecognitionRunner: Starting detection.
03-27 13:11:22.391 28336 21549 I InputStreamUtils: Using micInputStream
03-27 13:11:22.391 28336  2030 I MicrophoneInputStream: mic_starting  SR : 16000 CC : 16 SO : 1999
03-27 13:11:22.394   788   788 V msm8974_platform: platform_check_input_mask: enter check_input_mask source 6 mask 10
03-27 13:11:22.398  1012 28907 I AudioFlinger: AudioFlinger's thread 0xb2483580 tid=28907 ready to run
03-27 13:11:22.403   788   788 D audio_hw_primary: in_set_parameters: enter: kvpairs=input_source=6;routing=-2147483644
03-27 13:11:22.404  1012  4918 D APM_AudioPolicyManager: AudioPolicyManager::startInput() input 261526, session 261641, source = 1999
03-27 13:11:22.405 28336  2030 I MicrophoneInputStream: mic_started  SR : 16000 CC : 16 SO : 1999
03-27 13:11:22.406   788 28908 V msm8974_platform: platform_update_usecase_from_source: input source :6
03-27 13:11:22.406   788 28908 V msm8974_platform: platform_check_input_mask: enter check_input_mask source 6 mask 10
03-27 13:11:22.406   788 28908 V msm8974_platform: platform_get_input_snd_device: enter: out_device(0) in_device(0x4) channel_count (1) channel_mask (0x10)
03-27 13:11:22.406   788 28908 V msm8974_platform: platform_get_input_snd_device: exit: in_snd_device(voice-rec-mic)
03-27 13:11:22.406   788 28908 V msm8974_platform: platform_get_backend_index:napb: backend port - 5 device - 120 
03-27 13:11:22.406   788 28908 V msm8974_platform: platform_check_and_set_capture_backend_cfg:txbecf: afe: bitwidth 0, samplerate 0, channel 1, backend_idx 5 usecase = 9 device (voice-rec-mic)
03-27 13:11:22.406   788 28908 V msm8974_platform: platform_check_capture_backend_cfg:txbecf: afe: Codec selected backend: 5 current bit width: 0 and sample rate: 0, channels 1
03-27 13:11:22.406   788 28908 V msm8974_platform: platform_check_capture_backend_cfg:txbecf: afe: Codec selected backend: 5 updated bit width: 0 and sample rate: 0
03-27 13:11:22.406   788 28908 I msm8974_platform: platform_check_capture_backend_cfg:txbecf: afe: Codec backend needs to be updated. new bit width: 0 new sample rate: 0 new channel: 1
03-27 13:11:22.406   788 28908 V msm8974_platform: platform_get_backend_index:napb: backend port - 5 device - 120 
03-27 13:11:22.406   788 28908 V msm8974_platform: platform_set_backend_cfg:becf: afe: bitwidth 0, samplerate 0 channels 1, backend_idx 5 device (voice-rec-mic)
03-27 13:11:22.407   788 28908 E msm8974_platform: platform_set_backend_cfg:becf: afe: Could not get ctl for mixer command - SLIM_0_TX Format
03-27 13:11:22.407   788 28908 V msm8974_platform: platform_send_audio_calibration: sending audio calibration for snd_device(120) acdb_id(62)
03-27 13:11:22.407   788 28908 D ACDB-LOADER: ACDB -> send_audio_cal, acdb_id = 62, path = 1, app id = 0x11130, sample rate = 48000
03-27 13:11:22.407   788 28908 D ACDB-LOADER: ACDB -> send_asm_topology
03-27 13:11:22.407   788 28908 D ACDB-LOADER: ACDB -> ACDB_CMD_GET_AUDPROC_STREAM_TOPOLOGY_ID
03-27 13:11:22.407   788 28908 D ACDB-LOADER: ACDB -> send_adm_topology
03-27 13:11:22.407   788 28908 D ACDB-LOADER: ACDB -> ACDB_CMD_GET_AUDPROC_COMMON_TOPOLOGY_ID
03-27 13:11:22.407   788 28908 D ACDB-LOADER: ACDB -> send_audtable
03-27 13:11:22.407   788 28908 D ACDB-LOADER: ACDB -> ACDB_CMD_GET_AUDPROC_COMMON_TABLE_SIZE
03-27 13:11:22.407   788 28908 D ACDB-LOADER: ACDB -> ACDB_CMD_GET_AUDPROC_COMMON_TABLE
03-27 13:11:22.407   788 28908 D ACDB-LOADER: ACDB -> AUDIO_SET_AUDPROC_CAL
03-27 13:11:22.407   788 28908 D ACDB-LOADER: ACDB -> send_audvoltable
03-27 13:11:22.407   788 28908 D ACDB-LOADER: ACDB -> ACDB_CMD_GET_AUDPROC_VOL_STEP_TABLE_SIZE
03-27 13:11:22.407   788 28908 D ACDB-LOADER: ACDB -> ACDB_CMD_GET_AUDPROC_GAIN_DEP_STEP_TABLE, vol index 0
03-27 13:11:22.407   788 28908 D         : Failed to fetch the lookup information of the device 0000003E 
03-27 13:11:22.407   788 28908 D ACDB-LOADER: ACDB -> AUDIO_SET_VOL_CAL cal type = 12
03-27 13:11:22.407   788 28908 D ACDB-LOADER: ACDB -> ACDB_CMD_GET_AUDPROC_STREAM_TABLE_SIZE
03-27 13:11:22.407   788 28908 D ACDB-LOADER: ACDB -> send_audstrmtable
03-27 13:11:22.407   788 28908 D ACDB-LOADER: ACDB -> ACDB_CMD_GET_AUDPROC_STREAM_TABLE_V2
03-27 13:11:22.407   788 28908 D ACDB-LOADER: ACDB -> audstrm_cal->cal_type.cal_data.cal_size = 456
03-27 13:11:22.407   788 28908 D ACDB-LOADER: ACDB -> send_afe_topology
03-27 13:11:22.408   788 28908 D ACDB-LOADER: ACDB -> ACDB_CMD_GET_AFE_TOPOLOGY_ID
03-27 13:11:22.408   788 28908 D ACDB-LOADER: ACDB -> GET_AFE_TOPOLOGY_ID for adcd_id 62, Topology Id 112fb
03-27 13:11:22.408   788 28908 D ACDB-LOADER: ACDB -> send_afe_cal
03-27 13:11:22.408   788 28908 D ACDB-LOADER: ACDB -> ACDB_CMD_GET_AFE_COMMON_TABLE_SIZE
03-27 13:11:22.408   788 28908 D         : Failed to fetch the lookup information of the device 0000003E 
03-27 13:11:22.408   788 28908 E ACDB-LOADER: Error: ACDB_CMD_GET_AFE_COMMON_TABLE_SIZE Returned = -19
03-27 13:11:22.408   788 28908 D ACDB-LOADER: ACDB -> ACDB_CMD_GET_AFE_COMMON_TABLE
