03-22 22:07:10.507 28336 28379 I RecognitionAudioControl: #shutdownAudio [requestId: -1647569505362522479, keepAudioOpen: false, forced: true]
03-22 22:07:10.507 28336 21549 E DeviceStateChecker: DeviceStateChecker cancelled
03-22 22:07:10.507 28336 28379 I RecognitionAudioControl: #internalShutdownAudio [requestId: -1647569505362522479]
03-22 22:07:10.507 28336 28379 I RecognitionAudioControl: #internalShutdownAudio [keepAudioOpen: false, forced: true]
03-22 22:07:10.507 28336 28379 I RecognitionAudioControl: #actualShutdownAudio
03-22 22:07:10.507 28336 28379 I AudioController: #shutdown [requestId=-1647569505362522479]
03-22 22:07:10.508 28336 28378 I AudioController: internalShutdown
03-22 22:07:10.510 28336 28367 I MicroRecognitionRunner: Stopping hotword detection.
03-22 22:07:10.533  2398  2398 D ImsResolver: maybeAddedImsService, packageName: org.mozilla.fennec_aurora
03-22 22:07:10.534  2360  2360 D MayaFrameworkProxyService: receive intent :Intent { act=android.intent.action.PACKAGE_CHANGED dat=package:org.mozilla.fennec_aurora flg=0x45000010 (has extras) }
03-22 22:07:10.540  1456  1942 I InputReader: Reconfiguring input devices.  changes=0x00000010
03-22 22:07:10.541  1456  1600 W ResourceType: No known package when getting value for resource number 0x7f08019d
03-22 22:07:10.541  1456  1600 W ResourceType: No known package when getting value for resource number 0x7f12010e
03-22 22:07:10.545  1456  1600 W ResourceType: No known package when getting value for resource number 0x7f12010e
03-22 22:07:10.546  1456  1600 W ResourceType: No known package when getting value for resource number 0x7f08019b
03-22 22:07:10.546  1456  1600 W ResourceType: No known package when getting value for resource number 0x7f12010d
03-22 22:07:10.546  1456  1600 W ResourceType: No known package when getting value for resource number 0x7f12010d
03-22 22:07:10.611  1456  1456 I TelecomService: DefaultDialerCache: Refreshing default dialer for user 0: now com.android.dialer: DDC.oR@oa8
03-22 22:07:10.615   788  1401 D audio_hw_primary: disable_audio_route: usecase(9) reset and update mixer path: audio-record
03-22 22:07:10.615   788  1401 D audio_hw_primary: disable_snd_device: snd_device(120: voice-rec-mic)
03-22 22:07:10.618  1012 11919 D APM_AudioPolicyManager: stopInput() input 226950, session 227065
03-22 22:07:10.619   788  1401 D audio_hw_primary: in_set_parameters: enter: kvpairs=routing=0
03-22 22:07:10.621 28336 28378 I MicrophoneInputStream: mic_close  SR : 16000 CC : 16 SO : 1999
03-22 22:07:10.622 28336 28378 E AudioSource: Stop listening is called on already closed AudioSource
03-22 22:07:10.623 28336 21552 I MicroRecognitionRunner: Detection finished
03-22 22:07:10.668  2398  2398 D CarrierSvcBindHelper: No carrier app for: 0
03-22 22:07:10.668  2398  2398 D CarrierSvcBindHelper: No carrier app for: 1
03-22 22:07:10.685 16033 16033 D FirebaseApp: com.google.firebase.auth.FirebaseAuth is not linked. Skipping initialization.
03-22 22:07:10.686 16033 16033 D FirebaseApp: com.google.firebase.crash.FirebaseCrash is not linked. Skipping initialization.
03-22 22:07:10.686 16033 16033 I FirebaseInitProvider: FirebaseApp initialization successful
03-22 22:07:10.686  1456  1466 I zygote  : NativeAlloc concurrent copying GC freed 61710(3MB) AllocSpace objects, 36(1420KB) LOS objects, 37% free, 40MB/64MB, paused 256us total 513.680ms
03-22 22:07:10.688  2398  2398 E VvmPkgInstalledRcvr: cannot create TelephonyManager from ComponentInfo{com.android.phone/com.android.services.telephony.TelephonyConnectionService}, [****], UserHandle{0}
03-22 22:07:10.737 13975 14023 I Icing   : IndexChimeraService.getServiceInterface callingPackage=com.google.android.gms componentName=AppsCorpus serviceId=36
03-22 22:07:10.745 13975  6467 W Icing   : No valid account for uploading user actions
03-22 22:07:10.779 16033 16062 I FA      : Collection disabled with firebase_analytics_collection_enabled=0
03-22 22:07:10.780 16033 16062 I FA      : App measurement is starting up, version: 12780
03-22 22:07:10.780 16033 16062 I FA      : To enable debug logging run: adb shell setprop log.tag.FA VERBOSE
03-22 22:07:10.781 16033 16062 I FA      : To enable faster debug mode event logging run:
03-22 22:07:10.781 16033 16062 I FA      :   adb shell setprop debug.firebase.analytics.app org.mozilla.fennec_aurora
03-22 22:07:10.784 16033 16033 D FennecProfile: profiles.ini: true
03-22 22:07:10.788 16033 16033 D FennecProfile: Ignoring line in [general] section: StartWithLastProfile=1
03-22 22:07:10.788 16033 16033 D FennecProfile: Found 1 profiles
03-22 22:07:10.788 16033 16033 D FennecProfile: Found default profile: FennecProfile(name=default, path=/data/user/0/org.mozilla.fennec_aurora/files/mozilla/i125h30m.default, default=true)
03-22 22:07:10.795 16033 16033 D FennecMigrator: No migrations to run. Fennec install - false.
03-22 22:07:10.804  1456  2918 D ConnectivityService: requestNetwork for uid/pid:11144/16033 NetworkRequest [ TRACK_DEFAULT id=32586, [ Capabilities: INTERNET&NOT_RESTRICTED&TRUSTED&NOT_VPN] ]
03-22 22:07:10.805  1456  2054 D WIFI_UT : got request NetworkRequest [ TRACK_DEFAULT id=32586, [ Capabilities: INTERNET&NOT_RESTRICTED&TRUSTED&NOT_VPN] ] with score 0
03-22 22:07:10.806  1456  2054 D WIFI    : got request NetworkRequest [ TRACK_DEFAULT id=32586, [ Capabilities: INTERNET&NOT_RESTRICTED&TRUSTED&NOT_VPN] ] with score 0
03-22 22:07:10.806  1456  2099 D Ethernet: got request NetworkRequest [ TRACK_DEFAULT id=32586, [ Capabilities: INTERNET&NOT_RESTRICTED&TRUSTED&NOT_VPN] ] with score 0
03-22 22:07:10.806  2398  2398 D PhoneSwitcherNetworkRequstListener: got request NetworkRequest [ TRACK_DEFAULT id=32586, [ Capabilities: INTERNET&NOT_RESTRICTED&TRUSTED&NOT_VPN] ] with score 0
03-22 22:07:10.810 13975  6467 I Icing   : Usage reports ok 1, Failed Usage reports 0, indexed 0, rejected 0
03-22 22:07:10.812 13975  6467 I Icing   : Indexing com.google.android.gms-internal.3p:MobileApplication from com.google.android.gms using seqno 2511
03-22 22:07:10.813 16033 16033 D FenixApplication: Initializing Glean (uploadEnabled=true, isFennec=true)
03-22 22:07:10.824 16033 16073 D RustNativeSupport: findMegazordLibraryName(viaduct, 0.55.0
03-22 22:07:10.824 16033 16073 D RustNativeSupport: lib in use: none
03-22 22:07:10.824 16033 16073 D RustNativeSupport: lib configured: megazord
03-22 22:07:10.824 16033 16073 D RustNativeSupport: lib version configured: 0.55.0
03-22 22:07:10.825 16033 16073 D RustNativeSupport: settled on megazord
03-22 22:07:10.840 16033 16072 D libglean_ffi: glean_ffi: Android logging should be hooked up!
03-22 22:07:10.843 16033 16072 I glean/Glean: Registering pings for mozilla.telemetry.glean.GleanMetrics.Pings
03-22 22:07:10.848 16033 16072 I libglean_ffi: glean_core: Creating new Glean
03-22 22:07:10.848 16033 16072 D libglean_ffi: glean_core::database: Database path: "/data/user/0/org.mozilla.fennec_aurora/glean_data/db"
03-22 22:07:10.848 16033 16072 I libglean_ffi: glean_core::database: Database initialized
03-22 22:07:10.849 16033 16072 I libglean_ffi: glean_ffi: Glean initialized
03-22 22:07:10.851 16033 16073 D RustNativeSupport: findMegazordLibraryName(rustlog, 0.55.0
03-22 22:07:10.851 16033 16073 D RustNativeSupport: lib in use: none
03-22 22:07:10.851 16033 16072 I libglean_ffi: glean_core::ping: Collecting events
03-22 22:07:10.851 16033 16073 D RustNativeSupport: lib configured: megazord
03-22 22:07:10.851 16033 16073 D RustNativeSupport: lib version configured: 0.55.0
03-22 22:07:10.851 16033 16073 D RustNativeSupport: settled on megazord
03-22 22:07:10.853 16033 16073 I rc_log_ffi::ios: rc_log adapter initialized!
03-22 22:07:10.854 16033 16072 D libglean_ffi: glean_core::ping: Storing ping '34ba152d-e9cf-42fb-811a-10e679026af4' at '/data/user/0/org.mozilla.fennec_aurora/glean_data/pending_pings/34ba152d-e9cf-42fb-811a-10e679026af4'
03-22 22:07:10.855 16033 16072 I libglean_ffi: glean_core: The ping 'events' was submitted and will be sent as soon as possible
03-22 22:07:10.871 16033 16072 D glean/MetricsPingSched: The 'metrics' ping was last sent on Sun Mar 22 00:00:00 EDT 2020
03-22 22:07:10.872 16033 16072 I glean/MetricsPingSched: The 'metrics' ping was already sent today, Sun Mar 22 22:07:10 EDT 2020.
03-22 22:07:10.873 16033 16072 D glean/MetricsPingSched: Scheduling the 'metrics' ping in 21169141ms
03-22 22:07:10.874 16033 16072 D libglean_ffi: glean_core: Clearing Lifetime::Application metrics
03-22 22:07:10.876 16033 16033 D GeckoThread: State changed to LAUNCHED
03-22 22:07:10.876 16033 16079 I GeckoThread: preparing to run Gecko
03-22 22:07:10.884 16033 16033 D GeckoRuntime: Lifecycle: onCreate
03-22 22:07:10.884 16033 16079 D GeckoThread: State changed to MOZGLUE_READY
03-22 22:07:10.897 16033 16033 I zygote  : Deoptimizing java.lang.Object androidx.collection.SimpleArrayMap.put(java.lang.Object, java.lang.Object) due to JIT inline cache
03-22 22:07:10.899 16033 16079 W Settings: Setting animator_duration_scale has moved from android.provider.Settings.System to android.provider.Settings.Global, returning read-only global URI.
03-22 22:07:10.902 16033 16079 E GeckoLibLoad: Load sqlite start
03-22 22:07:10.906 16033 16033 D GleanMetricsService: Enabling Glean.
03-22 22:07:10.926 16033 16079 W GeckoLinker: /data/app/org.mozilla.fennec_aurora-C-DDeRsNRozpJy9C6iVVrA==/lib/arm/libnss3.so: unhandled flags #8 not handled
03-22 22:07:10.930 16033 16072 I libglean_ffi: glean_core::ping: Collecting baseline
03-22 22:07:10.931 16033 16033 I AdjustMetricsService: No adjust token defined
03-22 22:07:10.933 16033 16033 D PushConfig: Creating push configuration for autopush.
03-22 22:07:10.933 16033 16079 W GeckoLinker: /data/app/org.mozilla.fennec_aurora-C-DDeRsNRozpJy9C6iVVrA==/lib/arm/libnss3.so: Relocation to NULL @0x001b9ffc for symbol "__cxa_type_match"
03-22 22:07:10.934 16033 16079 E GeckoLibLoad: Load sqlite done
03-22 22:07:10.934 16033 16072 D libglean_ffi: glean_core::ping: Storing ping 'cbc2ab88-3be1-452a-814c-c1574065c1bf' at '/data/user/0/org.mozilla.fennec_aurora/glean_data/pending_pings/cbc2ab88-3be1-452a-814c-c1574065c1bf'
03-22 22:07:10.934 16033 16079 E GeckoLibLoad: Load nss start
03-22 22:07:10.934 16033 16079 E GeckoLibLoad: Load nss done
03-22 22:07:10.934 16033 16072 I libglean_ffi: glean_core: The ping 'baseline' was submitted and will be sent as soon as possible
03-22 22:07:10.935 16033 16079 W GeckoLinker: /data/app/org.mozilla.fennec_aurora-C-DDeRsNRozpJy9C6iVVrA==/lib/arm/libxul.so: unhandled flags #8 not handled
03-22 22:07:10.935 16033 16079 W GeckoLinker: /data/app/org.mozilla.fennec_aurora-C-DDeRsNRozpJy9C6iVVrA==/lib/arm/liblgpllibs.so: unhandled flags #8 not handled
03-22 22:07:10.939 16033 16033 I App     : AutoPushFeature is configured, initializing it...
03-22 22:07:10.940 16033 16072 I libglean_ffi: glean_core: Upload enabled: true
03-22 22:07:10.940 16033 16033 I AutoPushFeature: Checking validity of push subscriptions.
03-22 22:07:10.947 16033 16033 D FennecProfile: profiles.ini: true
03-22 22:07:10.950 16033 16033 D FennecProfile: Ignoring line in [general] section: StartWithLastProfile=1
03-22 22:07:10.950 16033 16033 D FennecProfile: Found 1 profiles
03-22 22:07:10.951 16033 16033 D FennecProfile: Found default profile: FennecProfile(name=default, path=/data/user/0/org.mozilla.fennec_aurora/files/mozilla/i125h30m.default, default=true)
03-22 22:07:10.954 16033 16073 W [WARNING][Leanplum]: [com.leanplum.internal.ActionManager::getLocationManager::8]: Geofencing support requires leanplum-location module and Google Play Services v8.1 and higher.
03-22 22:07:10.954 16033 16073 W [WARNING][Leanplum]: Add this to your build.gradle file:
03-22 22:07:10.954 16033 16073 W [WARNING][Leanplum]: implementation 'com.google.android.gms:play-services-location:8.3.0+'
03-22 22:07:10.954 16033 16073 W [WARNING][Leanplum]: implementation 'com.leanplum:leanplum-location:+'
03-22 22:07:10.956 16033 16073 I [INFO][Leanplum]: [com.leanplum.monitoring.ExceptionHandler::setContext::6]: LeanplumExceptionHandler could not initialize Exception Reporting.This is expected if you have not included the leanplum-monitoring module
03-22 22:07:10.959 16033 16033 I FirefoxAccountStateMachine: Enabling/updating sync with a new SyncConfig: SyncConfig(supportedEngines=[mozilla.components.service.fxa.SyncEngine$History@6041d65, mozilla.components.service.fxa.SyncEngine$Bookmarks@1d37a3a, mozilla.components.service.fxa.SyncEngine$Passwords@924e6eb], syncPeriodInMinutes=240)
03-22 22:07:10.969 16033 16033 I BgSyncManager: Periodic syncing enabled at a 240 interval
03-22 22:07:10.970 16033 16083 I [INFO][Leanplum]: [com.leanplum.LeanplumFcmProvider::isManifestSetup::11]: Firebase Messaging is setup correctly.
03-22 22:07:10.971 16033 16033 I FirefoxAccountStateMachine: Sync is enabled
03-22 22:07:10.973 16033 16079 E GeckoLibLoad: Loaded libs in 39.036150ms total, 30ms(130ms) user, 6ms(33ms) system, 0(0) faults
03-22 22:07:10.974 16033 16079 D GeckoThread: State changed to LIBS_READY
03-22 22:07:10.979 16033 16079 W GeckoThread: zerdatime 17457324746 - runGecko
03-22 22:07:10.983 16033 16079 D GeckoProfile: Loading profile at: null name: default
03-22 22:07:10.983 16033 16089 I FirefoxAccountStateMachine: Processing event Event$Init for state Start. Next state is Start
03-22 22:07:10.984 16033 16079 D GeckoProfile: Found profile dir: /data/user/0/org.mozilla.fennec_aurora/files/mozilla/i125h30m.default
03-22 22:07:10.998 16033 16033 D FennecMigrator: This is not a Fennec installation. No migration needed.
03-22 22:07:11.005 16033 16033 D SessionManager: onTrimMemory(15): clearThumbnails=true, closeEngineSessions=true
03-22 22:07:11.005 16033 16033 D SessionManager: Cleared 0 thumbnail(s) and unlinked 0 engine sessions(s)
03-22 22:07:11.012 16033 16089 I FirefoxAccountStateMachine: Ran 'Event$Init' side-effects for state Start, got successive event Event$AccountNotFound
03-22 22:07:11.013 16033 16089 I FirefoxAccountStateMachine: Processing event Event$AccountNotFound for state Start. Next state is NotAuthenticated
03-22 22:07:11.017 16033 16089 D RustNativeSupport: findMegazordLibraryName(fxaclient, 0.55.0
03-22 22:07:11.017 16033 16089 D RustNativeSupport: lib in use: none
03-22 22:07:11.017 16033 16089 D RustNativeSupport: lib configured: megazord
03-22 22:07:11.017 16033 16089 D RustNativeSupport: lib version configured: 0.55.0
03-22 22:07:11.017 16033 16089 D RustNativeSupport: settled on megazord
03-22 22:07:11.021 16033 16089 D fxaclient_ffi: fxa_new
03-22 22:07:11.033  1456  2918 I ActivityManager: START u0 {act=android.intent.action.MAIN cat=[android.intent.category.LAUNCHER] flg=0x10000000 cmp=org.mozilla.fennec_aurora/org.mozilla.fenix.HomeActivity (has extras)} from uid 11144
03-22 22:07:11.049   808   808 D SurfaceFlinger: duplicate layer name: changing Splash Screen org.mozilla.fennec_aurora to Splash Screen org.mozilla.fennec_aurora#1
03-22 22:07:11.054 16033 16038 I zygote  : Do partial code cache collection, code=24KB, data=28KB
03-22 22:07:11.056 16033 16038 I zygote  : After code cache collection, code=22KB, data=27KB
03-22 22:07:11.056 16033 16038 I zygote  : Increasing code cache capacity to 128KB
03-22 22:07:11.145 16033 16033 D PhoneWindow: Restoring navigation bar divider color to default value = 0x00000000
03-22 22:07:11.194 16049 16049 D AndroidRuntime: >>>>>> START com.android.internal.os.RuntimeInit uid 2000 <<<<<<
03-22 22:07:11.209 16049 16049 W app_process: Could not reserve sentinel fault page
03-22 22:07:11.318 16033 16079 I Gecko:DumpUtils: Fifo watcher disabled via pref.
03-22 22:07:11.350 16033 16079 D GeckoSysInfo: System memory: 1867MB.
03-22 22:07:11.353 16033 16079 D GeckoThread: State changed to JNI_READY
03-22 22:07:11.373  1456  2918 I ActivityManager: Start proc 16126:org.mozilla.fennec_aurora:tab0/u0a1144 for service org.mozilla.fennec_aurora/org.mozilla.gecko.process.GeckoChildProcessServices$tab0
03-22 22:07:11.394 16033 16033 E ActivityThread: Failed to find provider info for org.mozilla.firefox_beta.fxa.auth
03-22 22:07:11.395 16033 16033 E ActivityThread: Failed to find provider info for org.mozilla.fennec_aurora.fxa.auth
03-22 22:07:11.420 16049 16049 I app_process: The ClassLoaderContext is a special shared library.
03-22 22:07:11.423 16033 16033 D GeckoRuntime: Lifecycle: onStart
03-22 22:07:11.436 16033 16033 I [INFO][Leanplum]: [com.leanplum.internal.RequestOld::sendIfConnected::4]: Device is offline, will send later
03-22 22:07:11.442 16033 16038 I zygote  : Do partial code cache collection, code=61KB, data=52KB
03-22 22:07:11.444 16033 16038 I zygote  : After code cache collection, code=61KB, data=52KB
03-22 22:07:11.444 16033 16038 I zygote  : Increasing code cache capacity to 256KB
03-22 22:07:11.449 16033 16033 D GeckoRuntime: Lifecycle: onResume
03-22 22:07:11.450 16033 16089 W FirefoxAccountStateMachine: Got invalid event Event$Init for state NotAuthenticated.
03-22 22:07:11.451 16033 16033 D GeckoNetworkManager: Incoming event start for state OffNoListeners -> OnNoListeners
03-22 22:07:11.452 16033 16033 D GeckoNetworkManager: New network state: DOWN, NONE, UNKNOWN
03-22 22:07:11.470 16033 16154 D OpenGLRenderer: HWUI GL Pipeline
03-22 22:07:11.483 16033 16033 D MigrationPushRenewer: Migration state: NONE
03-22 22:07:11.483 16033 16033 D MigrationTelemetryListener: Migration state: NONE
03-22 22:07:11.490 16049 16049 D AndroidRuntime: Calling main entry com.android.commands.input.Input
03-22 22:07:11.491 16049 16049 I Input   : injectKeyEvent: KeyEvent { action=ACTION_DOWN, keyCode=KEYCODE_HOME, scanCode=0, metaState=0, flags=0x0, repeatCount=0, eventTime=17005286771, downTime=17005286771, deviceId=-1, source=0x101 }
03-22 22:07:11.495 16049 16049 I Input   : injectKeyEvent: KeyEvent { action=ACTION_UP, keyCode=KEYCODE_HOME, scanCode=0, metaState=0, flags=0x0, repeatCount=0, eventTime=17005286771, downTime=17005286771, deviceId=-1, source=0x101 }
03-22 22:07:11.496   808   898 I SFPerfTracer:      triggers: (rate: 0:1) (0 sw vsyncs) (0 skipped) (18:5450576 vsyncs) (20:11851891)
03-22 22:07:11.502  1456  1941 I ActivityManager: START u0 {act=android.intent.action.MAIN cat=[android.intent.category.HOME] flg=0x10200000 cmp=com.android.launcher3/.CustomizationPanelLauncher (has extras)} from uid 1000
03-22 22:07:11.506  2748  2748 D Launcher.Utilities: Wakeup weather: Intent { act=com.motorola.launcher3.action.WAKEUP_WEATHER cmp=com.motorola.timeweatherwidget/com.motorola.commandcenter.weather.WakeUpService }
03-22 22:07:11.515 16033 16033 D GeckoNetworkManager: Incoming event receivedUpdate for state OnNoListeners -> OnNoListeners
03-22 22:07:11.516 16033 16033 D GeckoNetworkManager: New network state: DOWN, NONE, UNKNOWN
03-22 22:07:11.516  1456  1941 I ActivityManager: moveHomeStack, setupComplete:true
03-22 22:07:11.531 16049 16049 D AndroidRuntime: Shutting down VM
03-22 22:07:11.542  1456  1673 I LaunchCheckinHandler: Displayed com.android.launcher3/.CustomizationPanelLauncher,wp,wa,40
03-22 22:07:11.554  1456  1456 I NotificationService: Cannot find enqueued record for key: 0|com.motorola.timeweatherwidget|1|null|10116
03-22 22:07:11.559  2748  2748 D Launcher.Utilities: Wakeup weather: Intent { act=com.motorola.launcher3.action.WAKEUP_WEATHER cmp=com.motorola.timeweatherwidget/com.motorola.commandcenter.weather.WakeUpService }
03-22 22:07:11.559 28336 28379 I MicroDetectionState: Should stop hotword detection immediately - false
03-22 22:07:11.564 28336 28379 I MicroDetectionWorker: #startMicroDetector [speakerMode: 0]
03-22 22:07:11.565 16126 16126 D GeckoThread: State changed to LAUNCHED
03-22 22:07:11.567 16126 16160 I GeckoThread: preparing to run Gecko
03-22 22:07:11.568 28336 28379 I AudioController: Created new AudioSource
03-22 22:07:11.569  1456  1456 I NotificationService: Cannot find enqueued record for key: 0|com.motorola.timeweatherwidget|1|null|10116
03-22 22:07:11.570 28336 28366 I MicroDataManager: isInitializedWithLatestParams-true
03-22 22:07:11.570 28336 28366 I MicroDataManager: isInitializing-false locale not changed-true model not changed-true
03-22 22:07:11.570 28336 28366 I MicroDataManager: Already initialized, obtaining the hotword data immediately.
03-22 22:07:11.575 28336 21549 I MicroRecognitionRunner: Starting detection.
03-22 22:07:11.575 28336 21549 I InputStreamUtils: Using micInputStream
03-22 22:07:11.576 28336  7040 I MicrophoneInputStream: mic_starting  SR : 16000 CC : 16 SO : 1999
03-22 22:07:11.580   788  1401 V msm8974_platform: platform_check_input_mask: enter check_input_mask source 6 mask 10
03-22 22:07:11.589  1012 16164 I AudioFlinger: AudioFlinger's thread 0xb24833c0 tid=16164 ready to run
03-22 22:07:11.597   788  1401 D audio_hw_primary: in_set_parameters: enter: kvpairs=input_source=6;routing=-2147483644
03-22 22:07:11.601  1012  1390 D APM_AudioPolicyManager: AudioPolicyManager::startInput() input 226958, session 227073, source = 1999
03-22 22:07:11.601 28336  7040 I MicrophoneInputStream: mic_started  SR : 16000 CC : 16 SO : 1999
03-22 22:07:11.606   788 16165 V msm8974_platform: platform_update_usecase_from_source: input source :6
03-22 22:07:11.606   788 16165 V msm8974_platform: platform_check_input_mask: enter check_input_mask source 6 mask 10
03-22 22:07:11.606   788 16165 V msm8974_platform: platform_get_input_snd_device: enter: out_device(0) in_device(0x4) channel_count (1) channel_mask (0x10)
03-22 22:07:11.606   788 16165 V msm8974_platform: platform_get_input_snd_device: exit: in_snd_device(voice-rec-mic)
03-22 22:07:11.606   788 16165 V msm8974_platform: platform_get_backend_index:napb: backend port - 5 device - 120 
03-22 22:07:11.606   788 16165 V msm8974_platform: platform_check_and_set_capture_backend_cfg:txbecf: afe: bitwidth 0, samplerate 0, channel 1, backend_idx 5 usecase = 9 device (voice-rec-mic)
03-22 22:07:11.606   788 16165 V msm8974_platform: platform_check_capture_backend_cfg:txbecf: afe: Codec selected backend: 5 current bit width: 0 and sample rate: 0, channels 1
03-22 22:07:11.606   788 16165 V msm8974_platform: platform_check_capture_backend_cfg:txbecf: afe: Codec selected backend: 5 updated bit width: 0 and sample rate: 0
03-22 22:07:11.606   788 16165 I msm8974_platform: platform_check_capture_backend_cfg:txbecf: afe: Codec backend needs to be updated. new bit width: 0 new sample rate: 0 new channel: 1
03-22 22:07:11.607   788 16165 V msm8974_platform: platform_get_backend_index:napb: backend port - 5 device - 120 
03-22 22:07:11.607   788 16165 V msm8974_platform: platform_set_backend_cfg:becf: afe: bitwidth 0, samplerate 0 channels 1, backend_idx 5 device (voice-rec-mic)
03-22 22:07:11.607   788 16165 E msm8974_platform: platform_set_backend_cfg:becf: afe: Could not get ctl for mixer command - SLIM_0_TX Format
03-22 22:07:11.607   788 16165 V msm8974_platform: platform_send_audio_calibration: sending audio calibration for snd_device(120) acdb_id(62)
03-22 22:07:11.607   788 16165 D ACDB-LOADER: ACDB -> send_audio_cal, acdb_id = 62, path = 1, app id = 0x11130, sample rate = 48000
03-22 22:07:11.607   788 16165 D ACDB-LOADER: ACDB -> send_asm_topology
03-22 22:07:11.607   788 16165 D ACDB-LOADER: ACDB -> ACDB_CMD_GET_AUDPROC_STREAM_TOPOLOGY_ID
03-22 22:07:11.607   788 16165 D ACDB-LOADER: ACDB -> send_adm_topology
03-22 22:07:11.607   788 16165 D ACDB-LOADER: ACDB -> ACDB_CMD_GET_AUDPROC_COMMON_TOPOLOGY_ID
03-22 22:07:11.607   788 16165 D ACDB-LOADER: ACDB -> send_audtable
03-22 22:07:11.607   788 16165 D ACDB-LOADER: ACDB -> ACDB_CMD_GET_AUDPROC_COMMON_TABLE_SIZE
03-22 22:07:11.607   788 16165 D ACDB-LOADER: ACDB -> ACDB_CMD_GET_AUDPROC_COMMON_TABLE
03-22 22:07:11.608   788 16165 D ACDB-LOADER: ACDB -> AUDIO_SET_AUDPROC_CAL
03-22 22:07:11.608   788 16165 D ACDB-LOADER: ACDB -> send_audvoltable
03-22 22:07:11.608   788 16165 D ACDB-LOADER: ACDB -> ACDB_CMD_GET_AUDPROC_VOL_STEP_TABLE_SIZE
03-22 22:07:11.608   788 16165 D ACDB-LOADER: ACDB -> ACDB_CMD_GET_AUDPROC_GAIN_DEP_STEP_TABLE, vol index 0
03-22 22:07:11.608   788 16165 D         : Failed to fetch the lookup information of the device 0000003E 
03-22 22:07:11.608   788 16165 D ACDB-LOADER: ACDB -> AUDIO_SET_VOL_CAL cal type = 12
03-22 22:07:11.608   788 16165 D ACDB-LOADER: ACDB -> ACDB_CMD_GET_AUDPROC_STREAM_TABLE_SIZE
03-22 22:07:11.608   788 16165 D ACDB-LOADER: ACDB -> send_audstrmtable
03-22 22:07:11.608   788 16165 D ACDB-LOADER: ACDB -> ACDB_CMD_GET_AUDPROC_STREAM_TABLE_V2
03-22 22:07:11.608   788 16165 D ACDB-LOADER: ACDB -> audstrm_cal->cal_type.cal_data.cal_size = 456
03-22 22:07:11.608   788 16165 D ACDB-LOADER: ACDB -> send_afe_topology
03-22 22:07:11.608   788 16165 D ACDB-LOADER: ACDB -> ACDB_CMD_GET_AFE_TOPOLOGY_ID
03-22 22:07:11.608   788 16165 D ACDB-LOADER: ACDB -> GET_AFE_TOPOLOGY_ID for adcd_id 62, Topology Id 112fb
03-22 22:07:11.608   788 16165 D ACDB-LOADER: ACDB -> send_afe_cal
03-22 22:07:11.608   788 16165 D ACDB-LOADER: ACDB -> ACDB_CMD_GET_AFE_COMMON_TABLE_SIZE
03-22 22:07:11.608   788 16165 D         : Failed to fetch the lookup information of the device 0000003E 
03-22 22:07:11.608   788 16165 E ACDB-LOADER: Error: ACDB_CMD_GET_AFE_COMMON_TABLE_SIZE Returned = -19
03-22 22:07:11.608   788 16165 D ACDB-LOADER: ACDB -> ACDB_CMD_GET_AFE_COMMON_TABLE
03-22 22:07:11.608   788 16165 D         : Failed to fetch the lookup information of the device 0000003E 
03-22 22:07:11.608   788 16165 D ACDB-LOADER: ACDB -> AUDIO_SET_AFE_CAL
03-22 22:07:11.609   788 16165 D ACDB-LOADER: ACDB -> send_hw_delay : acdb_id = 62 path = 1
03-22 22:07:11.609   788 16165 D ACDB-LOADER: ACDB -> ACDB_AVSYNC_INFO: ACDB_CMD_GET_DEVICE_PROPERTY
03-22 22:07:11.609   788 16165 D audio_hw_primary: enable_snd_device: snd_device(120: voice-rec-mic)
03-22 22:07:11.609   788 16165 D audio_route: Apply path: voice-rec-mic
03-22 22:07:11.620  2748  2917 W OpenGLRenderer: Incorrectly called buildLayer on View: ShortcutAndWidgetContainer, destroying layer...
03-22 22:07:11.620   788 16165 V msm8974_platform: platform_get_snd_device_backend_index: enter with device 120
03-22 22:07:11.620   788 16165 E msm8974_platform: platform_get_snd_device_backend_index: BE DAI Name Table is not present
03-22 22:07:11.620   788 16165 V msm8974_platform: platform_get_backend_index:napb: backend port - 5 device - 120 
03-22 22:07:11.620   788 16165 I audio_hw_utils: Set Audio Stream Capture 0 App Type Cfg: app_type 69936, acdb_dev_id 62, sample_rate 48000, snd_device_be_idx -14
03-22 22:07:11.620   788 16165 D audio_hw_primary: enable_audio_route: usecase(9) apply and update mixer path: audio-record
03-22 22:07:11.620   788 16165 D audio_route: Apply path: audio-record
03-22 22:07:11.684 16033 16033 I zygote  : Deoptimizing void androidx.constraintlayout.widget.ConstraintLayout$Measurer.measure(androidx.constraintlayout.solver.widgets.ConstraintWidget, androidx.constraintlayout.solver.widgets.analyzer.BasicMeasure$Measure) due to JIT inline cache
03-22 22:07:11.693 28336 28379 I MicroDetectionWorker: onReady
03-22 22:07:11.815 13975 15379 I Icing   : Indexing com.google.android.gms-apps from com.google.android.gms
03-22 22:07:11.839 16033 16033 E [ERROR][Leanplum]: [com.leanplum.LeanplumFcmProvider$1::onComplete::2]: getInstanceId failed
03-22 22:07:11.859 16033 16033 E ActivityThread: Failed to find provider info for org.mozilla.firefox_beta.fxa.auth
03-22 22:07:11.860 16033 16033 E ActivityThread: Failed to find provider info for org.mozilla.fennec_aurora.fxa.auth
03-22 22:07:11.883 13975 15379 I Icing   : Indexing done com.google.android.gms-apps
03-22 22:07:11.891 16033 16079 D GeckoThread: State changed to PROFILE_READY
03-22 22:07:11.909 16033 16033 I [INFO][Leanplum]: [com.leanplum.internal.RequestOld::sendIfConnected::4]: Device is offline, will send later
03-22 22:07:11.934 16033 16033 D SessionManager: onTrimMemory(80): clearThumbnails=true, closeEngineSessions=true
03-22 22:07:11.934 16033 16033 D SessionManager: Cleared 0 thumbnail(s) and unlinked 0 engine sessions(s)
03-22 22:07:11.997 16033 16079 D GeckoThread: State changed to RUNNING
03-22 22:07:12.014 16033 16079 I Gecko   : -*- nsDNSServiceDiscovery.js : nsDNSServiceDiscovery
03-22 22:07:12.102 16033 16033 D GeckoNetworkManager: Incoming event enableNotifications for state OnNoListeners -> OnWithListeners
03-22 22:07:12.103 16033 16033 D GeckoNetworkManager: New network state: DOWN, NONE, UNKNOWN
03-22 22:07:12.104 16033 16033 D GeckoNetworkManager: Incoming event receivedUpdate for state OnWithListeners -> OnWithListeners
03-22 22:07:12.105 16033 16033 D GeckoNetworkManager: New network state: DOWN, NONE, UNKNOWN
03-22 22:07:12.106 16033 16079 W GeckoLinker: /data/app/org.mozilla.fennec_aurora-C-DDeRsNRozpJy9C6iVVrA==/lib/arm/libsoftokn3.so: unhandled flags #8 not handled
03-22 22:07:12.107 16033 16079 W GeckoLinker: /data/app/org.mozilla.fennec_aurora-C-DDeRsNRozpJy9C6iVVrA==/lib/arm/libsoftokn3.so: Relocation to NULL @0x0002cffc for symbol "__cxa_type_match"
03-22 22:07:12.108 16033 16079 W GeckoLinker: /data/app/org.mozilla.fennec_aurora-C-DDeRsNRozpJy9C6iVVrA==/lib/arm/libfreebl3.so: unhandled flags #8 not handled
03-22 22:07:12.108 16033 16079 W GeckoLinker: /data/app/org.mozilla.fennec_aurora-C-DDeRsNRozpJy9C6iVVrA==/lib/arm/libfreebl3.so: Relocation to NULL @0x0004fffc for symbol "__cxa_type_match"
03-22 22:07:12.131  2748  2917 W OpenGLRenderer: Incorrectly called buildLayer on View: ShortcutAndWidgetContainer, destroying layer...
03-22 22:07:12.139 16033 16166 W GeckoLinker: /data/app/org.mozilla.fennec_aurora-C-DDeRsNRozpJy9C6iVVrA==/lib/arm/libnssckbi.so: unhandled flags #8 not handled
03-22 22:07:12.140 16033 16166 W GeckoLinker: /data/app/org.mozilla.fennec_aurora-C-DDeRsNRozpJy9C6iVVrA==/lib/arm/libnssckbi.so: Relocation to NULL @0x00055ffc for symbol "__cxa_type_match"
03-22 22:07:12.389  1023 16181 D libc    : Internal error: netid(0), id(0x2a8d), server(0.0.0.0)
03-22 22:07:12.389  1023 16181 D libc    : Internal error: netid(0), id(0x2a8d), server(0.0.0.0)
03-22 22:07:12.390  1023 16181 D libc    : Internal error: netid(0), id(0x3da9), server(0.0.0.0)
03-22 22:07:12.390  1023 16181 D libc    : Internal error: netid(0), id(0x3da9), server(0.0.0.0)
03-22 22:07:12.407  1023 16192 D libc    : Internal error: netid(0), id(0x8ff3), server(0.0.0.0)
03-22 22:07:12.407  1023 16192 D libc    : Internal error: netid(0), id(0x8ff3), server(0.0.0.0)
03-22 22:07:12.407  1023 16196 D libc    : Internal error: netid(0), id(0x18f0), server(0.0.0.0)
03-22 22:07:12.407  1023 16192 D libc    : Internal error: netid(0), id(0x53c2), server(0.0.0.0)
03-22 22:07:12.408  1023 16196 D libc    : Internal error: netid(0), id(0x18f0), server(0.0.0.0)
03-22 22:07:12.408  1023 16192 D libc    : Internal error: netid(0), id(0x53c2), server(0.0.0.0)
03-22 22:07:12.408  1023 16196 D libc    : Internal error: netid(0), id(0x29ae), server(0.0.0.0)
03-22 22:07:12.408  1023 16196 D libc    : Internal error: netid(0), id(0x29ae), server(0.0.0.0)
03-22 22:07:12.411  1023 16201 D libc    : Internal error: netid(0), id(0x3082), server(0.0.0.0)
03-22 22:07:12.411  1023 16201 D libc    : Internal error: netid(0), id(0x3082), server(0.0.0.0)
03-22 22:07:12.411  1023 16201 D libc    : Internal error: netid(0), id(0xe693), server(0.0.0.0)
03-22 22:07:12.412  1023 16201 D libc    : Internal error: netid(0), id(0xe693), server(0.0.0.0)
03-22 22:07:12.424 16033 16073 D App     : Could not fetch region from location service
03-22 22:07:12.424 16033 16073 D App     : java.io.IOException: org.mozilla.geckoview.WebRequestError: Request failed, error=0x25, category=0x5
03-22 22:07:12.424 16033 16073 D App     : 	at mozilla.components.browser.engine.gecko.fetch.GeckoViewFetchClient.fetch(GeckoViewFetchClient.kt:39)
03-22 22:07:12.424 16033 16073 D App     : 	at mozilla.components.service.location.MozillaLocationService$fetchRegion$2.invokeSuspend(MozillaLocationService.kt:27)
03-22 22:07:12.424 16033 16073 D App     : 	at mozilla.components.service.location.MozillaLocationService$fetchRegion$2.invoke(Unknown Source:10)
03-22 22:07:12.424 16033 16073 D App     : 	at kotlin.jvm.internal.Intrinsics.startUndispatchedOrReturn(Intrinsics.java:2)
03-22 22:07:12.424 16033 16073 D App     : 	at kotlin.jvm.internal.Intrinsics.withContext(Intrinsics.java:9)
03-22 22:07:12.424 16033 16073 D App     : 	at mozilla.components.service.location.MozillaLocationService.fetchRegion(MozillaLocationService.kt:2)
03-22 22:07:12.424 16033 16073 D App     : 	at mozilla.components.service.location.search.RegionSearchLocalizationProvider.determineRegion(RegionSearchLocalizationProvider.kt:5)
03-22 22:07:12.424 16033 16073 D App     : 	at mozilla.components.browser.search.provider.AssetsSearchEngineProvider.loadSearchEngines(AssetsSearchEngineProvider.kt:5)
03-22 22:07:12.424 16033 16073 D App     : 	at org.mozilla.fenix.components.searchengine.FenixSearchEngineProvider$baseSearchEngines$1.invokeSuspend(FenixSearchEngineProvider.kt:9)
03-22 22:07:12.424 16033 16073 D App     : 	at kotlin.coroutines.jvm.internal.BaseContinuationImpl.resumeWith(ContinuationImpl.kt:2)
03-22 22:07:12.424 16033 16073 D App     : 	at kotlinx.coroutines.DispatchedTask.run(DispatchedTask.kt:15)
03-22 22:07:12.424 16033 16073 D App     : 	at kotlinx.coroutines.scheduling.CoroutineScheduler.runSafely(CoroutineScheduler.kt:1)
03-22 22:07:12.424 16033 16073 D App     : 	at kotlinx.coroutines.scheduling.CoroutineScheduler$Worker.run(CoroutineScheduler.kt:15)
03-22 22:07:12.424 16033 16073 D App     : Caused by: org.mozilla.geckoview.WebRequestError: Request failed, error=0x25, category=0x5
03-22 22:07:12.424 16033 16073 D App     : 	at org.mozilla.gecko.mozglue.GeckoLoader.nativeRun(Native Method)
03-22 22:07:12.424 16033 16073 D App     : 	at org.mozilla.gecko.GeckoThread.run(GeckoThread.java:91)
03-22 22:07:12.424 16033 16093 D App     : Could not fetch region from location service
03-22 22:07:12.424 16033 16093 D App     : java.io.IOException: org.mozilla.geckoview.WebRequestError: Request failed, error=0x25, category=0x5
03-22 22:07:12.424 16033 16093 D App     : 	at mozilla.components.browser.engine.gecko.fetch.GeckoViewFetchClient.fetch(GeckoViewFetchClient.kt:39)
03-22 22:07:12.424 16033 16093 D App     : 	at mozilla.components.service.location.MozillaLocationService$fetchRegion$2.invokeSuspend(MozillaLocationService.kt:27)
03-22 22:07:12.424 16033 16093 D App     : 	at kotlin.coroutines.jvm.internal.BaseContinuationImpl.resumeWith(ContinuationImpl.kt:2)
03-22 22:07:12.424 16033 16093 D App     : 	at kotlinx.coroutines.DispatchedTask.run(DispatchedTask.kt:15)
03-22 22:07:12.424 16033 16093 D App     : 	at kotlinx.coroutines.scheduling.CoroutineScheduler.runSafely(CoroutineScheduler.kt:1)
03-22 22:07:12.424 16033 16093 D App     : 	at kotlinx.coroutines.scheduling.CoroutineScheduler$Worker.run(CoroutineScheduler.kt:15)
03-22 22:07:12.424 16033 16093 D App     : Caused by: org.mozilla.geckoview.WebRequestError: Request failed, error=0x25, category=0x5
03-22 22:07:12.424 16033 16093 D App     : 	at org.mozilla.gecko.mozglue.GeckoLoader.nativeRun(Native Method)
03-22 22:07:12.424 16033 16093 D App     : 	at org.mozilla.gecko.GeckoThread.run(GeckoThread.java:91)
03-22 22:07:12.425 16033 16096 D App     : Could not fetch region from location service
03-22 22:07:12.425 16033 16096 D App     : java.io.IOException: org.mozilla.geckoview.WebRequestError: Request failed, error=0x25, category=0x5
03-22 22:07:12.425 16033 16096 D App     : 	at mozilla.components.browser.engine.gecko.fetch.GeckoViewFetchClient.fetch(GeckoViewFetchClient.kt:39)
03-22 22:07:12.425 16033 16096 D App     : 	at mozilla.components.service.location.MozillaLocationService$fetchRegion$2.invokeSuspend(MozillaLocationService.kt:27)
03-22 22:07:12.425 16033 16096 D App     : 	at kotlin.coroutines.jvm.internal.BaseContinuationImpl.resumeWith(ContinuationImpl.kt:2)
03-22 22:07:12.425 16033 16096 D App     : 	at kotlinx.coroutines.DispatchedTask.run(DispatchedTask.kt:15)
03-22 22:07:12.425 16033 16096 D App     : 	at kotlinx.coroutines.scheduling.CoroutineScheduler.runSafely(CoroutineScheduler.kt:1)
03-22 22:07:12.425 16033 16096 D App     : 	at kotlinx.coroutines.scheduling.CoroutineScheduler$Worker.run(CoroutineScheduler.kt:15)
03-22 22:07:12.425 16033 16096 D App     : Caused by: org.mozilla.geckoview.WebRequestError: Request failed, error=0x25, category=0x5
03-22 22:07:12.425 16033 16096 D App     : 	at org.mozilla.gecko.mozglue.GeckoLoader.nativeRun(Native Method)
03-22 22:07:12.425 16033 16096 D App     : 	at org.mozilla.gecko.GeckoThread.run(GeckoThread.java:91)
03-22 22:07:12.452 16033 16038 I zygote  : Do full code cache collection, code=127KB, data=95KB
03-22 22:07:12.454 16033 16038 I zygote  : After code cache collection, code=65KB, data=40KB
03-22 22:07:12.459 16033 16208 D App     : Could not fetch region from location service
03-22 22:07:12.459 16033 16208 D App     : java.io.IOException: org.mozilla.geckoview.WebRequestError: Request failed, error=0x25, category=0x5
03-22 22:07:12.459 16033 16208 D App     : 	at mozilla.components.browser.engine.gecko.fetch.GeckoViewFetchClient.fetch(GeckoViewFetchClient.kt:39)
03-22 22:07:12.459 16033 16208 D App     : 	at mozilla.components.service.location.MozillaLocationService$fetchRegion$2.invokeSuspend(MozillaLocationService.kt:27)
03-22 22:07:12.459 16033 16208 D App     : 	at mozilla.components.service.location.MozillaLocationService$fetchRegion$2.invoke(Unknown Source:10)
03-22 22:07:12.459 16033 16208 D App     : 	at kotlin.jvm.internal.Intrinsics.startUndispatchedOrReturn(Intrinsics.java:2)
03-22 22:07:12.459 16033 16208 D App     : 	at kotlin.jvm.internal.Intrinsics.withContext(Intrinsics.java:9)
03-22 22:07:12.459 16033 16208 D App     : 	at mozilla.components.service.location.MozillaLocationService.fetchRegion(MozillaLocationService.kt:2)
03-22 22:07:12.459 16033 16208 D App     : 	at mozilla.components.service.location.search.RegionSearchLocalizationProvider.determineRegion(RegionSearchLocalizationProvider.kt:5)
03-22 22:07:12.459 16033 16208 D App     : 	at mozilla.components.browser.search.provider.AssetsSearchEngineProvider.loadSearchEngines(AssetsSearchEngineProvider.kt:5)
03-22 22:07:12.459 16033 16208 D App     : 	at org.mozilla.fenix.components.searchengine.FenixSearchEngineProvider$bundledSearchEngines$1.invokeSuspend(FenixSearchEngineProvider.kt:21)
03-22 22:07:12.459 16033 16208 D App     : 	at kotlin.coroutines.jvm.internal.BaseContinuationImpl.resumeWith(ContinuationImpl.kt:2)
03-22 22:07:12.459 16033 16208 D App     : 	at kotlinx.coroutines.DispatchedTask.run(DispatchedTask.kt:15)
03-22 22:07:12.459 16033 16208 D App     : 	at kotlinx.coroutines.scheduling.CoroutineScheduler.runSafely(CoroutineScheduler.kt:1)
03-22 22:07:12.459 16033 16208 D App     : 	at kotlinx.coroutines.scheduling.CoroutineScheduler$Worker.run(CoroutineScheduler.kt:15)
03-22 22:07:12.459 16033 16208 D App     : Caused by: org.mozilla.geckoview.WebRequestError: Request failed, error=0x25, category=0x5
03-22 22:07:12.459 16033 16208 D App     : 	at org.mozilla.gecko.mozglue.GeckoLoader.nativeRun(Native Method)
03-22 22:07:12.459 16033 16208 D App     : 	at org.mozilla.gecko.GeckoThread.run(GeckoThread.java:91)
03-22 22:07:12.529 16033 16033 D GeckoRuntime: Lifecycle: onPause
03-22 22:07:12.529 16033 16033 D GeckoNetworkManager: Incoming event stop for state OnWithListeners -> OffWithListeners
03-22 22:07:12.530 16033 16033 I SessionStorage/AutoSave: Save: Background
03-22 22:07:12.532 16033 16075 D SessionStorage/AutoSave: Saved state to disk [0ms]
03-22 22:07:12.536 16033 16072 I libglean_ffi: glean_core::ping: Collecting baseline
03-22 22:07:12.541 16033 16072 D libglean_ffi: glean_core::ping: Storing ping 'bdaf24a3-6850-4262-a8fa-3890043bb7d1' at '/data/user/0/org.mozilla.fennec_aurora/glean_data/pending_pings/bdaf24a3-6850-4262-a8fa-3890043bb7d1'
03-22 22:07:12.542 16033 16072 I libglean_ffi: glean_core: The ping 'baseline' was submitted and will be sent as soon as possible
03-22 22:07:12.544 16033 16072 I libglean_ffi: glean_core::ping: Collecting events
03-22 22:07:12.547 16033 16072 D libglean_ffi: glean_core::ping: Storing ping '60596858-fdc1-4df7-9479-447a83a1dc6c' at '/data/user/0/org.mozilla.fennec_aurora/glean_data/pending_pings/60596858-fdc1-4df7-9479-447a83a1dc6c'
03-22 22:07:12.548 16033 16072 I libglean_ffi: glean_core: The ping 'events' was submitted and will be sent as soon as possible
03-22 22:07:12.563 16033 16033 I DefaultSupportedAddonsChecker: Register check for new supported add-ons
03-22 22:07:12.859 16033 16033 D App     : Installed browser-icons extension
03-22 22:07:12.905 16033 16079 I Adreno  : QUALCOMM build                   : bb5b86c, I77d3059488
03-22 22:07:12.905 16033 16079 I Adreno  : Build Date                       : 06/07/18
03-22 22:07:12.905 16033 16079 I Adreno  : OpenGL ES Shader Compiler Version: EV031.22.00.01_06
03-22 22:07:12.905 16033 16079 I Adreno  : Local Branch                     : 
03-22 22:07:12.905 16033 16079 I Adreno  : Remote Branch                    : refs/tags/AU_LINUX_ANDROID_LA.UM.6.5.R1.08.01.00.312.086
03-22 22:07:12.905 16033 16079 I Adreno  : Remote Branch                    : NONE
03-22 22:07:12.905 16033 16079 I Adreno  : Reconstruct Branch               : NOTHING
03-22 22:07:12.905 16033 16079 D vndksupport: Loading /vendor/lib/hw/gralloc.msm8937.so from current namespace instead of sphal namespace.
03-22 22:07:12.910 16033 16079 I Adreno  : PFP: 0x005ff087, ME: 0x005ff063
03-22 22:07:12.919 16033 16079 I zygote  : android::hardware::configstore::V1_0::ISurfaceFlingerConfigs::hasWideColorDisplay retrieved: 0
03-22 22:07:12.968 16033 16079 W ResourceType: Too many attribute references, stopped at: 0x01010099
03-22 22:07:13.329 16033 16033 D mozac-webcompat: Installed WebCompat webextension: webcompat@mozilla.com
03-22 22:07:16.048 16250 16250 D AndroidRuntime: >>>>>> START com.android.internal.os.RuntimeInit uid 2000 <<<<<<
03-22 22:07:16.061 16250 16250 W app_process: Could not reserve sentinel fault page
03-22 22:07:16.227 16250 16250 I app_process: The ClassLoaderContext is a special shared library.
03-22 22:07:16.298 16250 16250 D AndroidRuntime: Calling main entry com.android.commands.input.Input
03-22 22:07:16.299 16250 16250 I Input   : injectKeyEvent: KeyEvent { action=ACTION_DOWN, keyCode=KEYCODE_HOME, scanCode=0, metaState=0, flags=0x0, repeatCount=0, eventTime=17005291578, downTime=17005291578, deviceId=-1, source=0x101 }
03-22 22:07:16.309 16250 16250 I Input   : injectKeyEvent: KeyEvent { action=ACTION_UP, keyCode=KEYCODE_HOME, scanCode=0, metaState=0, flags=0x0, repeatCount=0, eventTime=17005291578, downTime=17005291578, deviceId=-1, source=0x101 }
03-22 22:07:16.316  1456  1941 I ActivityManager: START u0 {act=android.intent.action.MAIN cat=[android.intent.category.HOME] flg=0x10200000 cmp=com.android.launcher3/.CustomizationPanelLauncher (has extras)} from uid 1000
03-22 22:07:16.316   794   839 E ANDR-PERF-RESOURCEQS: Failed to apply optimization [4, 0]
03-22 22:07:16.318  2748  2748 D Launcher.Utilities: Wakeup weather: Intent { act=com.motorola.launcher3.action.WAKEUP_WEATHER cmp=com.motorola.timeweatherwidget/com.motorola.commandcenter.weather.WakeUpService }
03-22 22:07:16.320 16250 16250 D AndroidRuntime: Shutting down VM
03-22 22:07:16.329  1456  1456 I NotificationService: Cannot find enqueued record for key: 0|com.motorola.timeweatherwidget|1|null|10116
03-22 22:07:16.691  1456  5027 I ActivityManager: Force stopping org.mozilla.fennec_aurora appid=11144 user=0: from pid 16265
03-22 22:07:16.691  1456  5027 I ActivityManager: Killing 16033:org.mozilla.fennec_aurora/u0a1144 (adj 900): stop org.mozilla.fennec_aurora
03-22 22:07:16.692  1456  1605 W zygote  : kill(-16033, 9) failed: No such process
03-22 22:07:16.693 16126 16126 I ServiceChildProcess: Service has been unbound. Stopping.
03-22 22:07:16.694  1456  5027 W ActivityManager: Force removing ActivityRecord{db516f2 u0 org.mozilla.fennec_aurora/org.mozilla.fenix.HomeActivity t42136}: app died, no saved state
03-22 22:07:16.700  1456  5027 I ActivityManager: Killing 16126:org.mozilla.fennec_aurora:tab0/u0a1144 (adj 0): stop org.mozilla.fennec_aurora
03-22 22:07:16.706  1456  1605 W zygote  : kill(-16033, 9) failed: No such process
03-22 22:07:16.707  2398  2398 D CarrierSvcBindHelper: No carrier app for: 0
03-22 22:07:16.708  2398  2398 D CarrierSvcBindHelper: No carrier app for: 1
03-22 22:07:16.722  1456  1605 W zygote  : kill(-16033, 9) failed: No such process
03-22 22:07:16.734  1456  1605 I chatty  : uid=1000(system) ActivityManager identical 1 line
03-22 22:07:16.741  1456  5907 D ConnectivityService: ConnectivityService NetworkRequestInfo binderDied(NetworkRequest [ TRACK_DEFAULT id=32586, [ Capabilities: INTERNET&NOT_RESTRICTED&TRUSTED&NOT_VPN] ], android.os.BinderProxy@dcca47c)
03-22 22:07:16.741  1456  2067 D ConnectivityService: releasing NetworkRequest [ TRACK_DEFAULT id=32586, [ Capabilities: INTERNET&NOT_RESTRICTED&TRUSTED&NOT_VPN] ] (release request)
03-22 22:07:16.741  1456  1673 W ActivityManager: setHasOverlayUi called on unknown pid: 16033
03-22 22:07:16.749  1456  1605 W zygote  : kill(-16033, 9) failed: No such process
03-22 22:07:16.749  1456  1605 I zygote  : Successfully killed process cgroup uid 11144 pid 16033 in 56ms
03-22 22:07:16.749  1456  1605 W zygote  : kill(-16126, 9) failed: No such process
03-22 22:07:16.749  1456  1605 I zygote  : Successfully killed process cgroup uid 11144 pid 16126 in 0ms
03-22 22:07:16.781  1456  2923 I ActivityManager: START u0 {act=android.intent.action.MAIN cat=[android.intent.category.LAUNCHER] flg=0x10000000 cmp=org.mozilla.fennec_aurora/.App} from uid 2000
03-22 22:07:16.802  1456  4829 I ActivityManager: Start proc 16271:org.mozilla.fennec_aurora/u0a1144 for activity org.mozilla.fennec_aurora/.App
03-22 22:07:16.890 28336 28379 I MicroDetectionState: Should stop hotword detection immediately - false
03-22 22:07:16.890 28336 28379 I MicroDetector: Keeping mic open: false
03-22 22:07:16.890 28336 28379 I RecognitionAudioControl: #shutdownAudio [requestId: 6226237275360005055, keepAudioOpen: false, forced: true]
03-22 22:07:16.890 28336 21552 E DeviceStateChecker: DeviceStateChecker cancelled
03-22 22:07:16.891 28336 28379 I RecognitionAudioControl: #internalShutdownAudio [requestId: 6226237275360005055]
03-22 22:07:16.891 28336 28379 I RecognitionAudioControl: #internalShutdownAudio [keepAudioOpen: false, forced: true]
03-22 22:07:16.891 28336 28379 I RecognitionAudioControl: #actualShutdownAudio
03-22 22:07:16.891 28336 28379 I AudioController: #shutdown [requestId=6226237275360005055]
03-22 22:07:16.891 28336 28378 I AudioController: internalShutdown
03-22 22:07:16.891 28336 28380 I MicroRecognitionRunner: Stopping hotword detection.
03-22 22:07:16.933   788  1401 D audio_hw_primary: disable_audio_route: usecase(9) reset and update mixer path: audio-record
03-22 22:07:16.934   788  1401 D audio_hw_primary: disable_snd_device: snd_device(120: voice-rec-mic)
03-22 22:07:16.936  1012 11919 D APM_AudioPolicyManager: stopInput() input 226958, session 227073
03-22 22:07:16.937   788  1401 D audio_hw_primary: in_set_parameters: enter: kvpairs=routing=0
03-22 22:07:16.938 28336 28378 I MicrophoneInputStream: mic_close  SR : 16000 CC : 16 SO : 1999
03-22 22:07:16.938 28336 28378 E AudioSource: Stop listening is called on already closed AudioSource
03-22 22:07:16.940 28336 21549 I MicroRecognitionRunner: Detection finished
03-22 22:07:16.964 16271 16271 D FirebaseApp: com.google.firebase.auth.FirebaseAuth is not linked. Skipping initialization.
03-22 22:07:16.965 16271 16271 D FirebaseApp: com.google.firebase.crash.FirebaseCrash is not linked. Skipping initialization.
03-22 22:07:16.965 16271 16271 I FirebaseInitProvider: FirebaseApp initialization successful
03-22 22:07:17.031 16271 16271 D FennecProfile: profiles.ini: true
03-22 22:07:17.034 16271 16271 D FennecProfile: Ignoring line in [general] section: StartWithLastProfile=1
03-22 22:07:17.034 16271 16271 D FennecProfile: Found 1 profiles
03-22 22:07:17.034 16271 16271 D FennecProfile: Found default profile: FennecProfile(name=default, path=/data/user/0/org.mozilla.fennec_aurora/files/mozilla/i125h30m.default, default=true)
03-22 22:07:17.035 16271 16290 I FA      : Collection disabled with firebase_analytics_collection_enabled=0
03-22 22:07:17.036 16271 16290 I FA      : App measurement is starting up, version: 12780
03-22 22:07:17.036 16271 16290 I FA      : To enable debug logging run: adb shell setprop log.tag.FA VERBOSE
03-22 22:07:17.036 16271 16290 I FA      : To enable faster debug mode event logging run:
03-22 22:07:17.036 16271 16290 I FA      :   adb shell setprop debug.firebase.analytics.app org.mozilla.fennec_aurora
03-22 22:07:17.040 16271 16271 D FennecMigrator: No migrations to run. Fennec install - false.
03-22 22:07:17.055 16271 16271 D FenixApplication: Initializing Glean (uploadEnabled=true, isFennec=true)
03-22 22:07:17.067 16271 16298 D RustNativeSupport: findMegazordLibraryName(viaduct, 0.55.0
03-22 22:07:17.068 16271 16298 D RustNativeSupport: lib in use: none
03-22 22:07:17.068 16271 16298 D RustNativeSupport: lib configured: megazord
03-22 22:07:17.068 16271 16298 D RustNativeSupport: lib version configured: 0.55.0
03-22 22:07:17.068 16271 16298 D RustNativeSupport: settled on megazord
03-22 22:07:17.086 16271 16297 D libglean_ffi: glean_ffi: Android logging should be hooked up!
03-22 22:07:17.091 16271 16297 I glean/Glean: Registering pings for mozilla.telemetry.glean.GleanMetrics.Pings
03-22 22:07:17.094 16271 16297 I libglean_ffi: glean_core: Creating new Glean
03-22 22:07:17.094 16271 16297 D libglean_ffi: glean_core::database: Database path: "/data/user/0/org.mozilla.fennec_aurora/glean_data/db"
03-22 22:07:17.094 16271 16298 D RustNativeSupport: findMegazordLibraryName(rustlog, 0.55.0
03-22 22:07:17.094 16271 16298 D RustNativeSupport: lib in use: none
