03-23 00:42:00.231 32205 32205 I Finsky  : [2] lno.a(1): Scheduling NO_RECENT_SUCCESS in onApplicationCreate
03-23 00:42:00.236 32205 32242 D NetworkSecurityConfig: No Network Security Config specified, using platform default
03-23 00:42:00.257 32205 32242 E PlayCommon: [414059] akew.c(10): Failed to connect to server for server timestamp: java.net.UnknownHostException: Unable to resolve host "play.googleapis.com": No address associated with hostname
03-23 00:42:00.258 32205 32242 W PlayCommon: [414059] akew.a(1): No account for auth token provided
03-23 00:42:00.258 32205 32242 I PlayCommon: [414059] akew.c(164): Connecting to server: https://play.googleapis.com/play/log?format=raw&proto_v2=true
03-23 00:42:00.260 32205 32242 E PlayCommon: [414059] akew.c(222): Failed to connect to server: java.net.UnknownHostException: Unable to resolve host "play.googleapis.com": No address associated with hostname
03-23 00:42:00.273 32205 32205 I Finsky  : [2] mre.<init>(12): Installer: Setting Parallelism[DEFAULT]
03-23 00:42:00.289 32205 32205 I Finsky  : [2] mnv.a(18): Installer: Attempting to start installer
03-23 00:42:00.294 32205 32205 I zygote  : Deoptimizing java.lang.Object j$.util.concurrent.ConcurrentHashMap.putVal(java.lang.Object, java.lang.Object, boolean) due to JIT inline cache
03-23 00:42:00.302 32205 32205 I Finsky  : [2] mjc.<init>(8): Not checking if recovering from paused session because experiment is off
03-23 00:42:00.308 32205 32205 I Finsky  : [2] JobSchedulerEngine$PhoneskyJobSchedulerJobService.onStartJob(5): SCH: onJobSchedulerWakeup with jobId 9006
03-23 00:42:00.314 32205 32205 I Finsky  : [2] tnz.a(24): Scheduling fallback job with id: 9034, and delay: 43200000 ms
03-23 00:42:00.321 32205 32205 I Finsky  : [2] tnz.a(5): Scheduling fallback in 64799995 (absolute: 17531414083)
03-23 00:42:00.331 32205 32205 I Finsky  : [2] gvt.onSubscriptionsChanged(1): onSubscriptionsChanged
03-23 00:42:00.336 32205 32205 I Finsky  : [2] mnv.a(230): Installer kick - no action, not running yet
03-23 00:42:00.343 32205 32276 I zygote  : Deoptimizing int aooz.a(java.lang.Object, byte[], int, int, int, aolt) due to JIT inline cache
03-23 00:42:00.369 32205 32205 I Finsky  : [2] toi.handleMessage(10): SCH: DeviceState: DeviceState{currentTime=1584938520362, isCharging=true, isIdle=false, netAny=false, netNotRoaming=false, netUnmetered=false, batteryPercent=100.0}
03-23 00:42:00.385 32205 32234 I Finsky  : [414052] tqw.a(7): SCH: Jobs in database: 1-1337 3-2269 3-2270 12-1 24-77777777 26-1414141414 29-29 
03-23 00:42:00.437 32205 32205 I Finsky  : [2] toj.a(20): SCH: Running job: 1-1337
03-23 00:42:00.473 32205 32205 I Finsky  : [2] loa.a(39): Starting Hygiene for reason 15
03-23 00:42:00.475 32205 32205 W Finsky  : [2] drd.a(21): For unauth, use getDfeApiNonAuthenticated() instead!
03-23 00:42:00.496  1456  2921 I ActivityManager: Start proc 32280:com.google.process.gapps/u0a36 for content provider com.google.android.gsf/.settings.GoogleSettingsProvider
03-23 00:42:00.540 32280 32280 I zygote  : The ClassLoaderContext is a special shared library.
03-23 00:42:00.568 32280 32280 I GoogleHttpClient: GMS http client unavailable, use old client
03-23 00:42:00.620 32205 32296 I zygote  : Deoptimizing java.lang.Object j$.util.concurrent.ConcurrentHashMap.get(java.lang.Object) due to JIT inline cache
03-23 00:42:00.625 32205 32205 I Finsky  : [2] lol.b(10): Probe unauthenticated for hygiene pass
03-23 00:42:00.630 32205 32210 I zygote  : Do partial code cache collection, code=59KB, data=50KB
03-23 00:42:00.633 32205 32210 I zygote  : After code cache collection, code=50KB, data=45KB
03-23 00:42:00.633 32205 32210 I zygote  : Increasing code cache capacity to 256KB
03-23 00:42:00.639 32205 32205 I Finsky  : [2] toi.handleMessage(63): SCH: RunningQueue size: 1, PendingQueue size: 0
03-23 00:42:00.640 32205 32205 I Finsky  : [2] toi.handleMessage(66): SCH: Running queue: 1-1337 
03-23 00:42:00.642 32205 32297 I Finsky  : [414088] ilh.a(20): Empty account name, not fetching device config token.
03-23 00:42:00.642 32205 32297 I Finsky  : [414088] lli.a(1): Request device config token was successful when fetching experiments.
03-23 00:42:00.643 32205 32297 W Finsky  : [414088] drd.a(21): For unauth, use getDfeApiNonAuthenticated() instead!
03-23 00:42:00.667  1456  3927 I ActivityManager: Start proc 32302:android.process.media/u0a31 for content provider com.android.providers.downloads/.DownloadProvider
03-23 00:42:00.709 32302 32302 I zygote  : The ClassLoaderContext is a special shared library.
03-23 00:42:00.728 32302 32302 I zygote  : The ClassLoaderContext is a special shared library.
03-23 00:42:00.751 32205 32227 I zygote  : Deoptimizing void aoln.a(java.lang.Iterable, java.util.List) due to JIT inline cache
03-23 00:42:00.792 32205 32227 I Finsky  : [414045] llf.a(10): Sending Heterodyne sync request for package com.android.vending
03-23 00:42:00.823 32268 32268 D AndroidRuntime: >>>>>> START com.android.internal.os.RuntimeInit uid 2000 <<<<<<
03-23 00:42:00.825 32205 32299 I Finsky  : [414090] mmw.run(2): Installer: Installer starting.
03-23 00:42:00.825 32205 32299 I Finsky  : [414090] mmw.run(4): Installer: Installer started.
03-23 00:42:00.829 32205 32205 I Finsky  : [2] mnv.a(238): Installer: found apps to install. isMultiUserMode=false, apps=[]
03-23 00:42:00.836 32268 32268 W app_process: Could not reserve sentinel fault page
03-23 00:42:00.840 32205 32227 I Finsky  : [414045] llf.a(5): Received Heterodyne sync response. StatusCode=-1
03-23 00:42:00.851 32205 32205 I Finsky  : [2] tqf.a(3): SCH: Canceling job 3-2269
03-23 00:42:00.861 32205 32205 I Finsky  : [2] tqf.a(3): SCH: Canceling job 3-2270
03-23 00:42:00.907 32205 32297 I Finsky  : [414088] hcp.a(24): No selector loaded
03-23 00:42:00.908 32205 32321 I Finsky  : [414094] mzx.c(27): IQ: Creating job 2271, for (REQ_DEVICE_IDLE, REQ_GEARHEAD_PROJECTION_OFF, MIN_BATTERY=50, SHOULD_APPLY_BUDGET=true, NETWORK=UNMETERED, PROVISIONING_STATE=PROVISIONED)
03-23 00:42:00.922 32205 32297 I Finsky  : [414088] ill.d(66): System was updated or GL extensions were already cached.
03-23 00:42:00.925 32205 32321 I Finsky  : [414094] mzx.c(27): IQ: Creating job 2272, for (REQ_CHARGING, REQ_DEVICE_IDLE, REQ_GEARHEAD_PROJECTION_OFF, NETWORK=UNMETERED, PROVISIONING_STATE=PROVISIONED)
03-23 00:42:00.984 32205 32205 I Finsky  : [2] vbf.a(23): Connecting InstallListener to SplitInstallService broadcaster...
03-23 00:42:00.989 32205 32243 I Finsky  : [414060] rgo.c(1): Triggered update for experiment package com.google.android.finsky.regular.
03-23 00:42:01.005 32268 32268 I app_process: The ClassLoaderContext is a special shared library.
03-23 00:42:01.069 32268 32268 D AndroidRuntime: Calling main entry com.android.commands.input.Input
03-23 00:42:01.073 32268 32268 I Input   : injectKeyEvent: KeyEvent { action=ACTION_DOWN, keyCode=KEYCODE_HOME, scanCode=0, metaState=0, flags=0x0, repeatCount=0, eventTime=17014576352, downTime=17014576352, deviceId=-1, source=0x101 }
03-23 00:42:01.079 32268 32268 I Input   : injectKeyEvent: KeyEvent { action=ACTION_UP, keyCode=KEYCODE_HOME, scanCode=0, metaState=0, flags=0x0, repeatCount=0, eventTime=17014576352, downTime=17014576352, deviceId=-1, source=0x101 }
03-23 00:42:01.085  1456  1941 I ActivityManager: START u0 {act=android.intent.action.MAIN cat=[android.intent.category.HOME] flg=0x10200000 cmp=com.android.launcher3/.CustomizationPanelLauncher (has extras)} from uid 1000
03-23 00:42:01.086   794   839 E ANDR-PERF-RESOURCEQS: Failed to apply optimization [4, 0]
03-23 00:42:01.098  1456  1941 I ActivityManager: moveHomeStack, setupComplete:true
03-23 00:42:01.107 28336 28375 I Adreno  : QUALCOMM build                   : bb5b86c, I77d3059488
03-23 00:42:01.107 28336 28375 I Adreno  : Build Date                       : 06/07/18
03-23 00:42:01.107 28336 28375 I Adreno  : OpenGL ES Shader Compiler Version: EV031.22.00.01_06
03-23 00:42:01.107 28336 28375 I Adreno  : Local Branch                     : 
03-23 00:42:01.107 28336 28375 I Adreno  : Remote Branch                    : refs/tags/AU_LINUX_ANDROID_LA.UM.6.5.R1.08.01.00.312.086
03-23 00:42:01.107 28336 28375 I Adreno  : Remote Branch                    : NONE
03-23 00:42:01.107 28336 28375 I Adreno  : Reconstruct Branch               : NOTHING
03-23 00:42:01.110 28336 28375 D vndksupport: Loading /vendor/lib/hw/gralloc.msm8937.so from current namespace instead of sphal namespace.
03-23 00:42:01.112 32268 32268 D AndroidRuntime: Shutting down VM
03-23 00:42:01.115 28336 28375 I Adreno  : PFP: 0x005ff087, ME: 0x005ff063
03-23 00:42:01.120 28336 28375 I zygote  : android::hardware::configstore::V1_0::ISurfaceFlingerConfigs::hasWideColorDisplay retrieved: 0
03-23 00:42:01.121 28336 28375 I OpenGLRenderer: Initialized EGL, version 1.4
03-23 00:42:01.121 28336 28375 D OpenGLRenderer: Swap behavior 2
03-23 00:42:01.126  2748  2748 D Launcher.Utilities: Wakeup weather: Intent { act=com.motorola.launcher3.action.WAKEUP_WEATHER cmp=com.motorola.timeweatherwidget/com.motorola.commandcenter.weather.WakeUpService }
03-23 00:42:01.141  1456  1456 I NotificationService: Cannot find enqueued record for key: 0|com.motorola.timeweatherwidget|1|null|10116
03-23 00:42:01.155   808   808 D SurfaceFlinger: duplicate layer name: changing com.android.launcher3/com.android.launcher3.CustomizationPanelLauncher to com.android.launcher3/com.android.launcher3.CustomizationPanelLauncher#1
03-23 00:42:01.164 28336 28368 W ThreadPoolDumper: Queue length for executor EventBus is now 11. Perhaps some tasks are too long, or the pool is too small.
03-23 00:42:01.168  1456  3925 I WifiService: getWifiEnabledState uid=10073
03-23 00:42:01.183  1456  2918 I WifiService: getWifiEnabledState uid=10073
03-23 00:42:01.193 28336 28379 I DEBUG   : OpaToSrpTransitionState#onStateChanged#notNullQuery
03-23 00:42:01.195 28336 28379 I DEBUG   : OpaToSrpTransitionState#onStateChanged#notNullQuery
03-23 00:42:01.223 28336 28379 I MicroDetectionState: Should stop hotword detection immediately - false
03-23 00:42:01.229 28336 28379 I MicroDetectionWorker: #startMicroDetector [speakerMode: 0]
03-23 00:42:01.231 28336 28379 I AudioController: Created new AudioSource
03-23 00:42:01.243  1456  1673 I LaunchCheckinHandler: Displayed com.android.launcher3/.CustomizationPanelLauncher,wp,wa,158
03-23 00:42:01.245 28336 28374 I MicroDataManager: isInitializedWithLatestParams-true
03-23 00:42:01.245 28336 28374 I MicroDataManager: isInitializing-false locale not changed-true model not changed-true
03-23 00:42:01.246 28336 28374 I MicroDataManager: Already initialized, obtaining the hotword data immediately.
03-23 00:42:01.252 28336 21552 I MicroRecognitionRunner: Starting detection.
03-23 00:42:01.253 28336 21552 I InputStreamUtils: Using micInputStream
03-23 00:42:01.253 28336 13751 I MicrophoneInputStream: mic_starting  SR : 16000 CC : 16 SO : 1999
03-23 00:42:01.257   788  1401 V msm8974_platform: platform_check_input_mask: enter check_input_mask source 6 mask 10
03-23 00:42:01.259  1012 32340 I AudioFlinger: AudioFlinger's thread 0xb2483b80 tid=32340 ready to run
03-23 00:42:01.265   788  1401 D audio_hw_primary: in_set_parameters: enter: kvpairs=input_source=6;routing=-2147483644
03-23 00:42:01.266 32205 32243 I Finsky  : [414060] rgo.c(8): Already at the latest configurations for experiment package com.google.android.finsky.regular.
03-23 00:42:01.267  1012  8317 D APM_AudioPolicyManager: AudioPolicyManager::startInput() input 233694, session 233809, source = 1999
03-23 00:42:01.268 28336 13751 I MicrophoneInputStream: mic_started  SR : 16000 CC : 16 SO : 1999
03-23 00:42:01.268 32205 32248 I Finsky  : [414061] rgo.c(1): Triggered update for experiment package com.google.android.finsky.stable.
03-23 00:42:01.269 32205 32243 I Finsky  : [414060] rgf.c(5): Retrieved DSE selection state is false (cache=rgg@3eb92a0)
03-23 00:42:01.270 32205 32243 I Finsky  : [414060] rgs.a(4): DSE selection state after sync is false (cache=rgg@3eb92a0)
03-23 00:42:01.270   788 32341 V msm8974_platform: platform_update_usecase_from_source: input source :6
03-23 00:42:01.270   788 32341 V msm8974_platform: platform_check_input_mask: enter check_input_mask source 6 mask 10
03-23 00:42:01.270   788 32341 V msm8974_platform: platform_get_input_snd_device: enter: out_device(0) in_device(0x4) channel_count (1) channel_mask (0x10)
03-23 00:42:01.270   788 32341 V msm8974_platform: platform_get_input_snd_device: exit: in_snd_device(voice-rec-mic)
03-23 00:42:01.270   788 32341 V msm8974_platform: platform_get_backend_index:napb: backend port - 5 device - 120 
03-23 00:42:01.270   788 32341 V msm8974_platform: platform_check_and_set_capture_backend_cfg:txbecf: afe: bitwidth 0, samplerate 0, channel 1, backend_idx 5 usecase = 9 device (voice-rec-mic)
03-23 00:42:01.270   788 32341 V msm8974_platform: platform_check_capture_backend_cfg:txbecf: afe: Codec selected backend: 5 current bit width: 0 and sample rate: 0, channels 1
03-23 00:42:01.270   788 32341 V msm8974_platform: platform_check_capture_backend_cfg:txbecf: afe: Codec selected backend: 5 updated bit width: 0 and sample rate: 0
03-23 00:42:01.270   788 32341 I msm8974_platform: platform_check_capture_backend_cfg:txbecf: afe: Codec backend needs to be updated. new bit width: 0 new sample rate: 0 new channel: 1
03-23 00:42:01.270   788 32341 V msm8974_platform: platform_get_backend_index:napb: backend port - 5 device - 120 
03-23 00:42:01.270   788 32341 V msm8974_platform: platform_set_backend_cfg:becf: afe: bitwidth 0, samplerate 0 channels 1, backend_idx 5 device (voice-rec-mic)
03-23 00:42:01.271   788 32341 E msm8974_platform: platform_set_backend_cfg:becf: afe: Could not get ctl for mixer command - SLIM_0_TX Format
03-23 00:42:01.271   788 32341 V msm8974_platform: platform_send_audio_calibration: sending audio calibration for snd_device(120) acdb_id(62)
03-23 00:42:01.271   788 32341 D ACDB-LOADER: ACDB -> send_audio_cal, acdb_id = 62, path = 1, app id = 0x11130, sample rate = 48000
03-23 00:42:01.271   788 32341 D ACDB-LOADER: ACDB -> send_asm_topology
03-23 00:42:01.271   788 32341 D ACDB-LOADER: ACDB -> ACDB_CMD_GET_AUDPROC_STREAM_TOPOLOGY_ID
03-23 00:42:01.271   788 32341 D ACDB-LOADER: ACDB -> send_adm_topology
03-23 00:42:01.271   788 32341 D ACDB-LOADER: ACDB -> ACDB_CMD_GET_AUDPROC_COMMON_TOPOLOGY_ID
03-23 00:42:01.271   788 32341 D ACDB-LOADER: ACDB -> send_audtable
03-23 00:42:01.272   788 32341 D ACDB-LOADER: ACDB -> ACDB_CMD_GET_AUDPROC_COMMON_TABLE_SIZE
03-23 00:42:01.272   788 32341 D ACDB-LOADER: ACDB -> ACDB_CMD_GET_AUDPROC_COMMON_TABLE
03-23 00:42:01.272   788 32341 D ACDB-LOADER: ACDB -> AUDIO_SET_AUDPROC_CAL
03-23 00:42:01.272   788 32341 D ACDB-LOADER: ACDB -> send_audvoltable
03-23 00:42:01.272   788 32341 D ACDB-LOADER: ACDB -> ACDB_CMD_GET_AUDPROC_VOL_STEP_TABLE_SIZE
03-23 00:42:01.272   788 32341 D ACDB-LOADER: ACDB -> ACDB_CMD_GET_AUDPROC_GAIN_DEP_STEP_TABLE, vol index 0
03-23 00:42:01.272   788 32341 D         : Failed to fetch the lookup information of the device 0000003E 
03-23 00:42:01.272   788 32341 D ACDB-LOADER: ACDB -> AUDIO_SET_VOL_CAL cal type = 12
03-23 00:42:01.272   788 32341 D ACDB-LOADER: ACDB -> ACDB_CMD_GET_AUDPROC_STREAM_TABLE_SIZE
03-23 00:42:01.272   788 32341 D ACDB-LOADER: ACDB -> send_audstrmtable
03-23 00:42:01.272   788 32341 D ACDB-LOADER: ACDB -> ACDB_CMD_GET_AUDPROC_STREAM_TABLE_V2
03-23 00:42:01.272   788 32341 D ACDB-LOADER: ACDB -> audstrm_cal->cal_type.cal_data.cal_size = 456
03-23 00:42:01.272   788 32341 D ACDB-LOADER: ACDB -> send_afe_topology
03-23 00:42:01.272   788 32341 D ACDB-LOADER: ACDB -> ACDB_CMD_GET_AFE_TOPOLOGY_ID
03-23 00:42:01.272   788 32341 D ACDB-LOADER: ACDB -> GET_AFE_TOPOLOGY_ID for adcd_id 62, Topology Id 112fb
03-23 00:42:01.272   788 32341 D ACDB-LOADER: ACDB -> send_afe_cal
03-23 00:42:01.272   788 32341 D ACDB-LOADER: ACDB -> ACDB_CMD_GET_AFE_COMMON_TABLE_SIZE
03-23 00:42:01.272   788 32341 D         : Failed to fetch the lookup information of the device 0000003E 
03-23 00:42:01.272   788 32341 E ACDB-LOADER: Error: ACDB_CMD_GET_AFE_COMMON_TABLE_SIZE Returned = -19
03-23 00:42:01.272   788 32341 D ACDB-LOADER: ACDB -> ACDB_CMD_GET_AFE_COMMON_TABLE
03-23 00:42:01.272   788 32341 D         : Failed to fetch the lookup information of the device 0000003E 
03-23 00:42:01.272   788 32341 D ACDB-LOADER: ACDB -> AUDIO_SET_AFE_CAL
03-23 00:42:01.272   788 32341 D ACDB-LOADER: ACDB -> send_hw_delay : acdb_id = 62 path = 1
03-23 00:42:01.272   788 32341 D ACDB-LOADER: ACDB -> ACDB_AVSYNC_INFO: ACDB_CMD_GET_DEVICE_PROPERTY
03-23 00:42:01.272   788 32341 D audio_hw_primary: enable_snd_device: snd_device(120: voice-rec-mic)
03-23 00:42:01.273   788 32341 D audio_route: Apply path: voice-rec-mic
03-23 00:42:01.276   788 32341 V msm8974_platform: platform_get_snd_device_backend_index: enter with device 120
03-23 00:42:01.276   788 32341 E msm8974_platform: platform_get_snd_device_backend_index: BE DAI Name Table is not present
03-23 00:42:01.276   788 32341 V msm8974_platform: platform_get_backend_index:napb: backend port - 5 device - 120 
03-23 00:42:01.276   788 32341 I audio_hw_utils: Set Audio Stream Capture 0 App Type Cfg: app_type 69936, acdb_dev_id 62, sample_rate 48000, snd_device_be_idx -14
03-23 00:42:01.277   788 32341 D audio_hw_primary: enable_audio_route: usecase(9) apply and update mixer path: audio-record
03-23 00:42:01.277   788 32341 D audio_route: Apply path: audio-record
03-23 00:42:01.284 32205 32243 I Finsky  : [414060] ilh.a(20): Empty account name, not fetching device config token.
03-23 00:42:01.286 32205 32243 I Finsky  : [414060] ubp.a(1): Request device config token was successful in self update.
03-23 00:42:01.290 32205 32210 I zygote  : Do full code cache collection, code=94KB, data=72KB
03-23 00:42:01.292 32205 32210 I zygote  : After code cache collection, code=72KB, data=42KB
03-23 00:42:01.311 31996 32046 I chatty  : uid=11155(org.mozilla.fennec_aurora) expire 2 lines
03-23 00:42:01.318 32205 32248 I Finsky  : [414061] rgo.c(8): Already at the latest configurations for experiment package com.google.android.finsky.stable.
03-23 00:42:01.332 32205 32236 I Finsky  : [414054] rgf.c(5): Retrieved DSE selection state is false (cache=rgg@3eb92a0)
03-23 00:42:01.333 32205 32236 I Finsky  : [414054] rgs.a(4): DSE selection state after sync is false (cache=rgg@3eb92a0)
03-23 00:42:01.348 28336 28379 I MicroDetectionWorker: onReady
03-23 00:42:01.372 32205 32205 W Finsky  : [2] loj.a(19): Self-update check failed with error: com.android.volley.NoConnectionError: org.chromium.net.impl.NetworkExceptionImpl: Exception in CronetUrlRequest: net::ERR_INTERNET_DISCONNECTED, ErrorCode=2, InternalErrorCode=-106, Retryable=false
03-23 00:42:01.474 32205 32205 I Finsky  : [2] tpt.a(13): SCH: jobFinished: 1-1337. TimeElapsed: 1036ms.
03-23 00:42:01.477 32205 32205 I Finsky  : [2] toj.a(39): SCH: Job 1-1337 finished. Rescheduling.
03-23 00:42:01.479 32205 32205 I Finsky  : [2] toi.handleMessage(63): SCH: RunningQueue size: 0, PendingQueue size: 0
03-23 00:42:01.479 32205 32205 I Finsky  : [2] toi.handleMessage(70): Waiting on changed job store
03-23 00:42:01.634  1456  7796 I OpenGLRenderer: Initialized EGL, version 1.4
03-23 00:42:01.634  1456  7796 D OpenGLRenderer: Swap behavior 2
03-23 00:42:01.697  2748  2917 W OpenGLRenderer: Incorrectly called buildLayer on View: ShortcutAndWidgetContainer, destroying layer...
03-23 00:42:01.863   808   898 I SFPerfTracer:      triggers: (rate: 0:1) (0 sw vsyncs) (0 skipped) (39:5528712 vsyncs) (41:11951488)
03-23 00:42:03.659 32205 32210 I zygote  : Do partial code cache collection, code=111KB, data=68KB
03-23 00:42:03.661 32205 32210 I zygote  : After code cache collection, code=111KB, data=68KB
03-23 00:42:03.661 32205 32210 I zygote  : Increasing code cache capacity to 512KB
03-23 00:42:04.319 32205 32219 I zygote  : Waiting for a blocking GC ProfileSaver
03-23 00:42:04.361 32205 32219 I zygote  : WaitForGcToComplete blocked ProfileSaver on HeapTrim for 41.486ms
03-23 00:42:06.264  1456  2921 I ActivityManager: Force stopping org.mozilla.fennec_aurora appid=11155 user=0: from pid 32350
03-23 00:42:06.265  1456  2921 I ActivityManager: Killing 31996:org.mozilla.fennec_aurora/u0a1155 (adj 700): stop org.mozilla.fennec_aurora
03-23 00:42:06.268  1456  1605 W zygote  : kill(-31996, 9) failed: No such process
03-23 00:42:06.271  1456  2921 W ActivityManager: Force removing ActivityRecord{fc73da1 u0 org.mozilla.fennec_aurora/org.mozilla.fenix.HomeActivity t43824}: app died, no saved state
03-23 00:42:06.282  1456  1605 W zygote  : kill(-31996, 9) failed: No such process
03-23 00:42:06.284  1456  2921 I ActivityManager: Killing 32080:org.mozilla.fennec_aurora:tab0/u0a1155 (adj 0): stop org.mozilla.fennec_aurora
03-23 00:42:06.295  1456  1605 W zygote  : kill(-31996, 9) failed: No such process
03-23 00:42:06.300  2398  2398 D CarrierSvcBindHelper: No carrier app for: 0
03-23 00:42:06.301  2398  2398 D CarrierSvcBindHelper: No carrier app for: 1
03-23 00:42:06.311  1456  1605 W zygote  : kill(-31996, 9) failed: No such process
03-23 00:42:06.345  1456  1605 I chatty  : uid=1000(system) ActivityManager identical 3 lines
03-23 00:42:06.352  1456  2921 D ConnectivityService: ConnectivityService NetworkRequestInfo binderDied(NetworkRequest [ TRACK_DEFAULT id=33007, [ Capabilities: INTERNET&NOT_RESTRICTED&TRUSTED&NOT_VPN] ], android.os.BinderProxy@ae1e77a)
03-23 00:42:06.352  1456  2067 D ConnectivityService: releasing NetworkRequest [ TRACK_DEFAULT id=33007, [ Capabilities: INTERNET&NOT_RESTRICTED&TRUSTED&NOT_VPN] ] (release request)
03-23 00:42:06.353  1456  1673 W ActivityManager: setHasOverlayUi called on unknown pid: 31996
03-23 00:42:06.361  1456  1605 W zygote  : kill(-31996, 9) failed: No such process
03-23 00:42:06.361  1456  1605 I zygote  : Successfully killed process cgroup uid 11155 pid 31996 in 93ms
03-23 00:42:06.361  1456  1605 W zygote  : kill(-32080, 9) failed: No such process
03-23 00:42:06.361  1456  1605 I zygote  : Successfully killed process cgroup uid 11155 pid 32080 in 0ms
03-23 00:42:06.398  1456  2923 I ActivityManager: START u0 {act=android.intent.action.MAIN cat=[android.intent.category.LAUNCHER] flg=0x10000000 cmp=org.mozilla.fennec_aurora/.App} from uid 2000
03-23 00:42:06.398   794   839 E ANDR-PERF-RESOURCEQS: Failed to apply optimization [4, 0]
03-23 00:42:06.421  1456  2920 I ActivityManager: Start proc 32358:org.mozilla.fennec_aurora/u0a1155 for activity org.mozilla.fennec_aurora/.App
03-23 00:42:06.504 32205 32234 I Finsky  : [414052] tqw.a(7): SCH: Jobs in database: 1-1337 3-2271 3-2272 10-4 10-8 10-11 10-15 10-18 10-22 10-29 10-30 10-37 10-39 10-42 10-47 10-48 10-50 10-55 10-62 10-66 12-1 24-77777777 26-1414141414 29-29 
03-23 00:42:06.510 28336 28379 I MicroDetectionState: Should stop hotword detection immediately - false
03-23 00:42:06.510 28336 28379 I MicroDetector: Keeping mic open: false
03-23 00:42:06.511 28336 28379 I RecognitionAudioControl: #shutdownAudio [requestId: 4390529311335438196, keepAudioOpen: false, forced: true]
03-23 00:42:06.511 28336 28379 I RecognitionAudioControl: #internalShutdownAudio [requestId: 4390529311335438196]
03-23 00:42:06.511 28336 28379 I RecognitionAudioControl: #internalShutdownAudio [keepAudioOpen: false, forced: true]
03-23 00:42:06.511 28336 28379 I RecognitionAudioControl: #actualShutdownAudio
03-23 00:42:06.511 28336 28379 I AudioController: #shutdown [requestId=4390529311335438196]
03-23 00:42:06.511 28336 28378 I AudioController: internalShutdown
03-23 00:42:06.512 28336 28367 I MicroRecognitionRunner: Stopping hotword detection.
03-23 00:42:06.513 28336 21549 E DeviceStateChecker: DeviceStateChecker cancelled
03-23 00:42:06.568   788  1401 D audio_hw_primary: disable_audio_route: usecase(9) reset and update mixer path: audio-record
03-23 00:42:06.569   788  1401 D audio_hw_primary: disable_snd_device: snd_device(120: voice-rec-mic)
03-23 00:42:06.571  1012  1302 D APM_AudioPolicyManager: stopInput() input 233694, session 233809
03-23 00:42:06.572   788   788 D audio_hw_primary: in_set_parameters: enter: kvpairs=routing=0
03-23 00:42:06.574 28336 28378 I MicrophoneInputStream: mic_close  SR : 16000 CC : 16 SO : 1999
03-23 00:42:06.574 28336 28378 E AudioSource: Stop listening is called on already closed AudioSource
03-23 00:42:06.575 28336 21552 I MicroRecognitionRunner: Detection finished
03-23 00:42:06.576 32205 32205 I Finsky  : [2] toj.a(20): SCH: Running job: 10-4
03-23 00:42:06.586 32205 32376 I Finsky  : [414101] tpt.a(13): SCH: jobFinished: 10-4. TimeElapsed: 9ms.
03-23 00:42:06.586 32205 32205 I Finsky  : [2] toj.a(20): SCH: Running job: 10-8
03-23 00:42:06.591 32205 32205 I Finsky  : [2] toj.a(20): SCH: Running job: 10-11
03-23 00:42:06.597 32358 32358 I chatty  : uid=11155(org.mozilla.fennec_aurora) expire 35 lines
03-23 00:42:06.597 32205 32205 I Finsky  : [2] toj.a(20): SCH: Running job: 10-15
03-23 00:42:06.599 32205 32379 I Finsky  : [414103] SplitInstallCleanerHygieneJob.a(4): Running split install cleaner
03-23 00:42:06.611 32205 32205 I Finsky  : [2] toi.handleMessage(63): SCH: RunningQueue size: 4, PendingQueue size: 13
03-23 00:42:06.612 32205 32230 I Finsky  : [414048] aade.a(91): Verifying installed packages
03-23 00:42:06.612 32205 32205 I Finsky  : [2] toi.handleMessage(66): SCH: Running queue: 10-4 10-8 10-11 10-15 
03-23 00:42:06.617 32205 32205 I Finsky  : [2] toj.a(35): SCH: Job 10-4 finished. Not rescheduling.
03-23 00:42:06.621 32205 32205 I Finsky  : [2] toj.a(20): SCH: Running job: 10-18
03-23 00:42:06.630 32205 32205 I Finsky  : [2] toi.handleMessage(63): SCH: RunningQueue size: 4, PendingQueue size: 12
03-23 00:42:06.631 32205 32205 I Finsky  : [2] toi.handleMessage(66): SCH: Running queue: 10-8 10-11 10-15 10-18 
03-23 00:42:06.646 32205 32379 I Finsky  : [414103] SplitInstallCleanerHygieneJob.a(19): Removed 0 obsolete sessions.
03-23 00:42:06.654 32205 32379 I Finsky  : [414103] SplitInstallCleanerHygieneJob.a(24): Removed 0 corrupted downloaded sessions.
03-23 00:42:06.658 32205 32379 I Finsky  : [414103] SplitInstallCleanerHygieneJob.a(39): Finished completion of 0 out of 0 sessions. Successful: 0. Failed: 0.
03-23 00:42:06.661 32205 32381 I Finsky  : [414104] tpt.a(13): SCH: jobFinished: 10-15. TimeElapsed: 63ms.
03-23 00:42:06.663 32205 32205 I Finsky  : [2] toj.a(35): SCH: Job 10-15 finished. Not rescheduling.
03-23 00:42:06.666 32205 32205 I Finsky  : [2] toj.a(20): SCH: Running job: 10-22
03-23 00:42:06.683 32205 32205 I Finsky  : [2] toi.handleMessage(63): SCH: RunningQueue size: 4, PendingQueue size: 11
03-23 00:42:06.684 32205 32205 I Finsky  : [2] toi.handleMessage(66): SCH: Running queue: 10-8 10-11 10-18 10-22 
03-23 00:42:06.698 32205 32381 I Finsky  : [414104] tpt.a(13): SCH: jobFinished: 10-22. TimeElapsed: 23ms.
03-23 00:42:06.700 32358 32380 I chatty  : uid=11155(org.mozilla.fennec_aurora) expire 4 lines
03-23 00:42:06.702 32205 32205 I Finsky  : [2] toj.a(35): SCH: Job 10-22 finished. Not rescheduling.
03-23 00:42:06.705 32205 32381 W Finsky  : [414104] tpt.a(8): SCH: jobFinished already called for: 10-22. Not finishing again.
03-23 00:42:06.709 32205 32205 I Finsky  : [2] toj.a(20): SCH: Running job: 10-29
03-23 00:42:06.712 32205 32379 I Finsky  : [414103] tpt.a(13): SCH: jobFinished: 10-11. TimeElapsed: 115ms.
03-23 00:42:06.714  1456  1466 I zygote  : Background concurrent copying GC freed 112795(15MB) AllocSpace objects, 26(1092KB) LOS objects, 35% free, 43MB/67MB, paused 239us total 449.831ms
03-23 00:42:06.722 32358 32392 I chatty  : uid=11155(org.mozilla.fennec_aurora) expire 13 lines
03-23 00:42:06.723 32205 32205 I Finsky  : [2] toi.handleMessage(63): SCH: RunningQueue size: 4, PendingQueue size: 10
03-23 00:42:06.723 32205 32205 I Finsky  : [2] toi.handleMessage(66): SCH: Running queue: 10-8 10-11 10-18 10-29 
03-23 00:42:06.724 32205 32205 I Finsky  : [2] toj.a(35): SCH: Job 10-11 finished. Not rescheduling.
03-23 00:42:06.726 32205 32205 I Finsky  : [2] toj.a(20): SCH: Running job: 10-30
03-23 00:42:06.729 32205 32381 I Finsky  : [414104] tpt.a(13): SCH: jobFinished: 10-29. TimeElapsed: 19ms.
03-23 00:42:06.730 32205 32205 I Finsky  : [2] toi.handleMessage(63): SCH: RunningQueue size: 4, PendingQueue size: 9
03-23 00:42:06.731 32205 32205 I Finsky  : [2] toi.handleMessage(66): SCH: Running queue: 10-8 10-18 10-29 10-30 
03-23 00:42:06.731 32205 32205 I Finsky  : [2] toj.a(35): SCH: Job 10-29 finished. Not rescheduling.
03-23 00:42:06.732 32205 32379 I Finsky  : [414103] tpt.a(13): SCH: jobFinished: 10-30. TimeElapsed: 6ms.
03-23 00:42:06.733 32205 32205 I Finsky  : [2] toj.a(20): SCH: Running job: 10-37
03-23 00:42:06.742 32205 32205 I Finsky  : [2] toi.handleMessage(63): SCH: RunningQueue size: 4, PendingQueue size: 8
03-23 00:42:06.743 32205 32205 I Finsky  : [2] toi.handleMessage(66): SCH: Running queue: 10-8 10-18 10-30 10-37 
03-23 00:42:06.744 32205 32205 I Finsky  : [2] toj.a(35): SCH: Job 10-30 finished. Not rescheduling.
03-23 00:42:06.750 32205 32205 I Finsky  : [2] toj.a(20): SCH: Running job: 10-39
03-23 00:42:06.751 32358 32391 I chatty  : uid=11155(org.mozilla.fennec_aurora) expire 11 lines
03-23 00:42:06.754 32205 32205 I Finsky  : [2] toi.handleMessage(63): SCH: RunningQueue size: 4, PendingQueue size: 7
03-23 00:42:06.762 32205 32379 I Finsky  : [414103] DevTriggeredUpdateHygieneJob.a(4): Running dev-triggered-update hygiene
03-23 00:42:06.763 32205 32205 I Finsky  : [2] toi.handleMessage(66): SCH: Running queue: 10-8 10-18 10-37 10-39 
03-23 00:42:06.773 32358 32396 I chatty  : uid=11155(org.mozilla.fennec_aurora) expire 19 lines
03-23 00:42:06.799 32205 32376 I Finsky  : [414101] tpt.a(13): SCH: jobFinished: 10-18. TimeElapsed: 177ms.
03-23 00:42:06.810 32205 32379 I Finsky  : [414103] DevTriggeredUpdateHygieneJob.a(9): Removed 0 uncompleted downloaded updates.
03-23 00:42:06.811 32205 32379 I Finsky  : [414103] DevTriggeredUpdateHygieneJob.a(17): Removed obsolete update files.
03-23 00:42:06.813 32205 32205 I Finsky  : [2] toj.a(35): SCH: Job 10-18 finished. Not rescheduling.
03-23 00:42:06.814 32205 32379 I Finsky  : [414103] DevTriggeredUpdateHygieneJob.a(21): Reset 0 obsolete 'installing' bits.
03-23 00:42:06.816 32205 32205 I Finsky  : [2] toj.a(20): SCH: Running job: 10-42
03-23 00:42:06.823 32205 32205 I Finsky  : [2] tpt.a(13): SCH: jobFinished: 10-42. TimeElapsed: 6ms.
03-23 00:42:06.825 32205 32205 I Finsky  : [2] toi.handleMessage(63): SCH: RunningQueue size: 4, PendingQueue size: 6
03-23 00:42:06.826 32205 32205 I Finsky  : [2] toi.handleMessage(66): SCH: Running queue: 10-8 10-37 10-39 10-42 
03-23 00:42:06.826 32205 32205 I Finsky  : [2] toj.a(35): SCH: Job 10-42 finished. Not rescheduling.
03-23 00:42:06.829 32205 32379 I Finsky  : [414103] DevTriggeredUpdateHygieneJob.a(36): Finished completion of 0 out of 0 dev-triggered updates. Successful: 0. Failed: 0.
03-23 00:42:06.829 32205 32205 I Finsky  : [2] toj.a(20): SCH: Running job: 10-47
03-23 00:42:06.832 32205 32379 I Finsky  : [414103] tpt.a(13): SCH: jobFinished: 10-39. TimeElapsed: 81ms.
03-23 00:42:06.834 32205 32205 I Finsky  : [2] tpt.a(13): SCH: jobFinished: 10-47. TimeElapsed: 4ms.
03-23 00:42:06.836 32205 32205 I Finsky  : [2] toi.handleMessage(63): SCH: RunningQueue size: 4, PendingQueue size: 5
03-23 00:42:06.837 32205 32205 I Finsky  : [2] toi.handleMessage(66): SCH: Running queue: 10-8 10-37 10-39 10-47 
03-23 00:42:06.838 32205 32205 I Finsky  : [2] toj.a(35): SCH: Job 10-39 finished. Not rescheduling.
03-23 00:42:06.839 32205 32205 I Finsky  : [2] toj.a(35): SCH: Job 10-47 finished. Not rescheduling.
03-23 00:42:06.841 32205 32205 I Finsky  : [2] toj.a(20): SCH: Running job: 10-48
03-23 00:42:06.844 32205 32205 I Finsky  : [2] toj.a(20): SCH: Running job: 10-50
03-23 00:42:06.845 32205 32376 I Finsky  : [414101] AppPreloadHygieneJob.a(4): Instant App hint preload cleanup triggered from hygiene.
03-23 00:42:06.854 32205 32376 I Finsky  : [414101] tpt.a(13): SCH: jobFinished: 10-48. TimeElapsed: 13ms.
03-23 00:42:06.854 32205 32205 I Finsky  : [2] tpt.a(13): SCH: jobFinished: 10-50. TimeElapsed: 10ms.
03-23 00:42:06.856 32205 32205 I Finsky  : [2] toi.handleMessage(63): SCH: RunningQueue size: 4, PendingQueue size: 3
03-23 00:42:06.857 32205 32205 I Finsky  : [2] toi.handleMessage(66): SCH: Running queue: 10-8 10-37 10-48 10-50 
03-23 00:42:06.858 32205 32205 I Finsky  : [2] toi.handleMessage(53): Running maximum number of jobs: 4
03-23 00:42:06.859 32205 32205 I Finsky  : [2] toj.a(35): SCH: Job 10-48 finished. Not rescheduling.
03-23 00:42:06.863   808   808 I SFPerfTracer:      triggers: (rate: 71:2009212) (compose: 0:7) (post: 0:19) (render: 0:17) (16:9609508 frames) (17:11869396)
03-23 00:42:06.863   808   808 D SFPerfTracer:        layers: (3:11) (NavigationBar#0 (0xb07df000): 10:805301) (StatusBar#0 (0xb07e3000): 10:1992317) (com.android.systemui.ImageWallpaper#0 (0xb07e7000): 0:73439)* (Sprite#0 (0xb0733000): 0:317)* (DimLayerController/Stack=0#0 (0xb075a000): 0:3780)* (Sprite#1 (0xb077c000): 0:195)* (Splash Screen org.mozilla.fennec_aurora#1 (0xb013a000): 0:30)- (org.mozilla.fennec_aurora/org.mozilla.fenix.HomeActivity#0 (0xb039b000): 0:67)- (com.android.launcher3/com.android.launcher3.CustomizationPanelLauncher#0 (0xb0763000): 0:41)* (com.android.launcher3/com.android.launcher3.CustomizationPanelLauncher#1 (0xb0771000): 0:11)* (Splash Screen org.mozilla.fennec_aurora#0 (0xb039b000): 16:19) 
03-23 00:42:06.865 32205 32205 I Finsky  : [2] toj.a(35): SCH: Job 10-50 finished. Not rescheduling.
03-23 00:42:06.868 32205 32205 I Finsky  : [2] toj.a(20): SCH: Running job: 10-55
03-23 00:42:06.877 32205 32205 I Finsky  : [2] toj.a(20): SCH: Running job: 10-62
03-23 00:42:06.878 32205 32379 I Finsky  : [414103] tpt.a(13): SCH: jobFinished: 10-55. TimeElapsed: 9ms.
03-23 00:42:06.881 32205 32205 I Finsky  : [2] toi.handleMessage(63): SCH: RunningQueue size: 4, PendingQueue size: 1
03-23 00:42:06.884 32205 32205 I Finsky  : [2] toi.handleMessage(66): SCH: Running queue: 10-8 10-37 10-55 10-62 
03-23 00:42:06.884 32205 32205 I Finsky  : [2] toi.handleMessage(53): Running maximum number of jobs: 4
03-23 00:42:06.885 32205 32205 I Finsky  : [2] toj.a(35): SCH: Job 10-55 finished. Not rescheduling.
03-23 00:42:06.887 32205 32205 I Finsky  : [2] toj.a(20): SCH: Running job: 10-66
03-23 00:42:06.892 32205 32205 I Finsky  : [2] toi.handleMessage(63): SCH: RunningQueue size: 4, PendingQueue size: 0
03-23 00:42:06.893 32205 32205 I Finsky  : [2] toi.handleMessage(66): SCH: Running queue: 10-8 10-37 10-62 10-66 
03-23 00:42:06.893 32205 32379 I Finsky  : [414103] AssetModuleServiceCleanerHygieneJob.a(3): Running asset module service cleaner
03-23 00:42:06.910 32205 32379 I Finsky  : [414103] eob.a(12): Removed 0 old sessions.
03-23 00:42:06.914 32358 32406 I chatty  : uid=11155(org.mozilla.fennec_aurora) expire 1 line
03-23 00:42:06.914 32205 32379 I Finsky  : [414103] eoe.a(12): Removed 0 obsolete sessions.
03-23 00:42:06.918 32205 32379 I Finsky  : [414103] enn.a(12): Deleted 0 orphaned directories.
03-23 00:42:06.926 32205 32379 I Finsky  : [414103] enx.a(12): Logged 0 packages in store.
03-23 00:42:06.930 32205 32379 I Finsky  : [414103] tpt.a(13): SCH: jobFinished: 10-66. TimeElapsed: 42ms.
03-23 00:42:06.935 32205 32205 I Finsky  : [2] toj.a(35): SCH: Job 10-66 finished. Not rescheduling.
03-23 00:42:06.937 32205 32205 I Finsky  : [2] toi.handleMessage(63): SCH: RunningQueue size: 3, PendingQueue size: 0
03-23 00:42:06.938 32205 32205 I Finsky  : [2] toi.handleMessage(66): SCH: Running queue: 10-8 10-37 10-62 
03-23 00:42:06.957 32358 32418 I chatty  : uid=11155(org.mozilla.fennec_aurora) expire 10 lines
03-23 00:42:06.983 32358 32363 I chatty  : uid=11155(org.mozilla.fennec_aurora) expire 3 lines
03-23 00:42:07.034  1456  2162 I ActivityManager: START u0 {act=android.intent.action.MAIN cat=[android.intent.category.LAUNCHER] flg=0x10000000 cmp=org.mozilla.fennec_aurora/org.mozilla.fenix.HomeActivity (has extras)} from uid 11155
03-23 00:42:07.064   808   808 D SurfaceFlinger: duplicate layer name: changing Splash Screen org.mozilla.fennec_aurora to Splash Screen org.mozilla.fennec_aurora#1
03-23 00:42:07.066 32205 32271 E Finsky  : [414080] zkj.run(3): Could not update ApkInfoData row
03-23 00:42:07.325  1456  2162 I ActivityManager: Start proc 32456:org.mozilla.fennec_aurora:tab0/u0a1155 for service org.mozilla.fennec_aurora/org.mozilla.gecko.process.GeckoChildProcessServices$tab0
03-23 00:42:07.401 32205 32271 E Finsky  : [414080] zkj.run(3): Could not update ApkInfoData row
03-23 00:42:07.439 32205 32271 E Finsky  : [414080] zkj.run(3): Could not update ApkInfoData row
03-23 00:42:07.453 32205 32271 E Finsky  : [414080] zkj.run(3): Could not update ApkInfoData row
03-23 00:42:07.472 32205 32271 E Finsky  : [414080] zkj.run(3): Could not update ApkInfoData row
03-23 00:42:07.486 32456 32456 I chatty  : uid=11155(org.mozilla.fennec_aurora) expire 2 lines
03-23 00:42:07.487 32456 32478 I chatty  : uid=11155(org.mozilla.fennec_aurora) expire 1 line
03-23 00:42:07.487 32358 32358 I chatty  : uid=11155(org.mozilla.fennec_aurora) expire 23 lines
03-23 00:42:07.500 32358 32363 I chatty  : uid=11155(org.mozilla.fennec_aurora) expire 5 lines
03-23 00:42:07.511 32358 32479 I chatty  : uid=11155(org.mozilla.fennec_aurora) expire 9 lines
03-23 00:42:07.633 32205 32271 E Finsky  : [414080] zkj.run(3): Could not update ApkInfoData row
03-23 00:42:07.667 32205 32243 I zygote  : Deoptimizing void hci.a(java.lang.String, java.lang.String, java.util.Collection, boolean) due to JIT inline cache
03-23 00:42:07.827  1456  1673 I LaunchCheckinHandler: Displayed org.mozilla.fennec_aurora/org.mozilla.fenix.HomeActivity,wp,ca,744
03-23 00:42:07.828  1456  1673 I ActivityManager: Displayed org.mozilla.fennec_aurora/org.mozilla.fenix.HomeActivity: +736ms (total +1s412ms)
03-23 00:42:07.843 28336 28336 I MemoryTrimmer: Trimming objects from memory, since app is in the background.
03-23 00:42:07.852 28336 28336 I MemoryTrimmer: Trimming objects from memory, since app is in the background.
03-23 00:42:07.853 28336 28379 E AudioSource: Stop listening is called on already closed AudioSource
03-23 00:42:07.856 28336 13751 I PBSessionCacheImpl: Deleted sessionId[124624629806593556] from persistence.
03-23 00:42:07.861  1456  2920 I WifiService: getWifiEnabledState uid=10073
03-23 00:42:07.864 28336 28379 I DEBUG   : OpaToSrpTransitionState#onStateChanged#notNullQuery
03-23 00:42:07.866 28336 28379 I DEBUG   : OpaToSrpTransitionState#onStateChanged#notNullQuery
03-23 00:42:07.869 28336 28379 W SearchServiceCore: Abort, client detached.
03-23 00:42:07.963 32358 32396 I chatty  : uid=11155(org.mozilla.fennec_aurora) expire 8 lines
03-23 00:42:07.976 32205 32271 E Finsky  : [414080] zkj.run(3): Could not update ApkInfoData row
03-23 00:42:07.998 32205 32271 E Finsky  : [414080] zkj.run(3): Could not update ApkInfoData row
03-23 00:42:08.028  1456  2915 I ActivityManager: Fully drawn org.mozilla.fennec_aurora/org.mozilla.fenix.HomeActivity: +944ms (total +1s620ms)
03-23 00:42:08.058 32205 32271 E Finsky  : [414080] zkj.run(3): Could not update ApkInfoData row
03-23 00:42:08.232 32205 32271 E Finsky  : [414080] zkj.run(3): Could not update ApkInfoData row
03-23 00:42:08.233 32205 32381 I Finsky  : [414104] tpt.a(13): SCH: jobFinished: 10-37. TimeElapsed: 1499ms.
03-23 00:42:08.234 32205 32205 I Finsky  : [2] toj.a(35): SCH: Job 10-37 finished. Not rescheduling.
03-23 00:42:08.235 32205 32205 I Finsky  : [2] toi.handleMessage(63): SCH: RunningQueue size: 2, PendingQueue size: 0
03-23 00:42:08.236 32205 32205 I Finsky  : [2] toi.handleMessage(66): SCH: Running queue: 10-8 10-62 
03-23 00:42:08.255 32358 32499 I chatty  : uid=11155(org.mozilla.fennec_aurora) expire 2 lines
03-23 00:42:08.271 32205 32248 I zygote  : Deoptimizing void andj.run() due to JIT inline cache
03-23 00:42:08.272 32205 32248 I zygote  : Deoptimizing java.lang.Object aneu.a(java.util.concurrent.Future) due to JIT inline cache
03-23 00:42:08.272 32205 32248 E Finsky  : [414061] grd.a(2): Failed to refresh connectivity profile metrics. Reset metrics.
03-23 00:42:08.275 32205 32210 I zygote  : Do full code cache collection, code=250KB, data=160KB
03-23 00:42:08.277 32205 32210 I zygote  : After code cache collection, code=214KB, data=122KB
03-23 00:42:08.279 32205 32376 I Finsky  : [414101] tpt.a(13): SCH: jobFinished: 10-62. TimeElapsed: 1402ms.
03-23 00:42:08.281 32205 32205 I Finsky  : [2] toj.a(35): SCH: Job 10-62 finished. Not rescheduling.
03-23 00:42:08.282 32205 32205 I Finsky  : [2] toi.handleMessage(63): SCH: RunningQueue size: 1, PendingQueue size: 0
03-23 00:42:08.283 32205 32205 I Finsky  : [2] toi.handleMessage(66): SCH: Running queue: 10-8 
03-23 00:42:08.311 32205 32243 W Settings: Setting install_non_market_apps has moved from android.provider.Settings.Global to android.provider.Settings.Secure, returning read-only value.
03-23 00:42:08.379 32205 32210 I zygote  : Do partial code cache collection, code=222KB, data=130KB
03-23 00:42:08.381 32205 32210 I zygote  : After code cache collection, code=221KB, data=129KB
03-23 00:42:08.381 32205 32210 I zygote  : Increasing code cache capacity to 1024KB
03-23 00:42:08.433  1023 32508 D libc    : Internal error: netid(0), id(0x51ff), server(0.0.0.0)
03-23 00:42:08.434  1023 32508 D libc    : Internal error: netid(0), id(0x51ff), server(0.0.0.0)
03-23 00:42:08.435  1023 32508 D libc    : Internal error: netid(0), id(0x8490), server(0.0.0.0)
03-23 00:42:08.435  1023 32508 D libc    : Internal error: netid(0), id(0x8490), server(0.0.0.0)
03-23 00:42:08.445  1023 32514 D libc    : Internal error: netid(0), id(0xebba), server(0.0.0.0)
03-23 00:42:08.448  1023 32514 D libc    : Internal error: netid(0), id(0xebba), server(0.0.0.0)
03-23 00:42:08.449  1023 32514 D libc    : Internal error: netid(0), id(0x9ea), server(0.0.0.0)
03-23 00:42:08.450  1023 32514 D libc    : Internal error: netid(0), id(0x9ea), server(0.0.0.0)
03-23 00:42:08.450  1023 32517 D libc    : Internal error: netid(0), id(0xaac6), server(0.0.0.0)
03-23 00:42:08.451  1023 32517 D libc    : Internal error: netid(0), id(0xaac6), server(0.0.0.0)
03-23 00:42:08.451  1023 32517 D libc    : Internal error: netid(0), id(0xcac), server(0.0.0.0)
03-23 00:42:08.452  1023 32517 D libc    : Internal error: netid(0), id(0xcac), server(0.0.0.0)
03-23 00:42:08.455  1023 32524 D libc    : Internal error: netid(0), id(0x17fd), server(0.0.0.0)
03-23 00:42:08.455  1023 32524 D libc    : Internal error: netid(0), id(0x17fd), server(0.0.0.0)
03-23 00:42:08.456  1023 32524 D libc    : Internal error: netid(0), id(0x9d8), server(0.0.0.0)
03-23 00:42:08.456  1023 32524 D libc    : Internal error: netid(0), id(0x9d8), server(0.0.0.0)
03-23 00:42:08.470 32358 32493 I chatty  : uid=11155(org.mozilla.fennec_aurora) expire 2 lines
03-23 00:42:08.472 32358 32494 I chatty  : uid=11155(org.mozilla.fennec_aurora) expire 2 lines
03-23 00:42:08.477 32358 32392 I chatty  : uid=11155(org.mozilla.fennec_aurora) expire 2 lines
03-23 00:42:08.477 32358 32424 I chatty  : uid=11155(org.mozilla.fennec_aurora) expire 1 line
03-23 00:42:08.478 32358 32393 I chatty  : uid=11155(org.mozilla.fennec_aurora) expire 1 line
03-23 00:42:08.574 32205 32230 E Finsky  : [414048] aaag.a(3): Multi verification error response com.android.volley.NoConnectionError: org.chromium.net.impl.NetworkExceptionImpl: Exception in CronetUrlRequest: net::ERR_INTERNET_DISCONNECTED, ErrorCode=2, InternalErrorCode=-106, Retryable=false
03-23 00:42:08.772 32205 32271 I Finsky  : [414080] aabf.a(4): Cleaning the verify apps datastore
03-23 00:42:08.790 13975 13985 I zygote  : Background concurrent copying GC freed 84576(4MB) AllocSpace objects, 17(724KB) LOS objects, 50% free, 8MB/17MB, paused 244us total 115.106ms
03-23 00:42:08.832 32205 32271 I Finsky  : [414080] aabf.a(49): Finished cleaning the verify apps datastore
03-23 00:42:08.848 32205 32205 I Finsky  : [2] aabl.a(7): Done verifying installed packages
03-23 00:42:08.884 32205 32296 I zygote  : Deoptimizing aonp aonk.f() due to JIT inline cache
03-23 00:42:08.909 32205 32378 I Finsky  : [414102] tpt.a(13): SCH: jobFinished: 10-8. TimeElapsed: 2322ms.
03-23 00:42:08.910 32205 32205 I Finsky  : [2] toj.a(35): SCH: Job 10-8 finished. Not rescheduling.
03-23 00:42:08.911 32205 32205 I Finsky  : [2] toi.handleMessage(63): SCH: RunningQueue size: 0, PendingQueue size: 0
03-23 00:42:08.912 32205 32205 I Finsky  : [2] toi.handleMessage(29): Executor finished
03-23 00:42:08.931 32205 32205 I Finsky  : [2] tqw.a(7): SCH: Jobs in database: 1-1337 3-2271 3-2272 12-1 24-77777777 26-1414141414 29-29 
03-23 00:42:08.931  1456  1456 I ActivityManager: Start proc 32555:com.android.vending:instant_app_installer/u0a62 for service com.android.vending/com.google.android.finsky.instantapps.hint.AppPreloadHygieneService
03-23 00:42:08.956 32205 32205 I Finsky  : [2] tmt.a(58): SCH: ConstraintMapping: 24-77777777,  -> L: 0ms, D: 46377551ms, C: false, I: true, N: 0
03-23 00:42:08.957 32205 32205 I Finsky  : [2] tmt.a(58): SCH: ConstraintMapping: 1-1337, 12-1,  -> L: 0ms, D: 6529410ms, C: false, I: false, N: 1
03-23 00:42:08.957 32205 32205 I Finsky  : [2] tmt.a(58): SCH: ConstraintMapping: 3-2271,  -> L: 0ms, D: 86391977ms, C: false, I: true, N: 2
03-23 00:42:08.958 32205 32205 I Finsky  : [2] tmt.a(58): SCH: ConstraintMapping: 3-2272,  -> L: 0ms, D: 86391987ms, C: true, I: true, N: 2
03-23 00:42:08.959 32205 32205 I Finsky  : [2] tmt.a(58): SCH: ConstraintMapping: 26-1414141414, 29-29,  -> L: 20863ms, D: 50863ms, C: false, I: false, N: 0
03-23 00:42:08.966 32205 32205 I Finsky  : [2] tpg.a(37): Cancelling existing jobscheduler jobs: 9004 9000 9003 9005 
03-23 00:42:08.966 32205 32205 I Finsky  : [2] tpg.a(14): Throttling wakeup for job 9001 (expected to run in 0 ms) due to recent wakeup
03-23 00:42:08.967 32205 32205 I Finsky  : [2] tpg.a(30): Scheduling job Id: 9001, L: 30000, D: 46377551, C: false, I: true, N: 0
03-23 00:42:08.969 32205 32205 I Finsky  : [2] tpg.a(14): Throttling wakeup for job 9002 (expected to run in 0 ms) due to recent wakeup
03-23 00:42:08.969 32205 32205 I Finsky  : [2] tpg.a(30): Scheduling job Id: 9002, L: 30000, D: 6529410, C: false, I: false, N: 1
03-23 00:42:08.970 32205 32205 I Finsky  : [2] tpg.a(14): Throttling wakeup for job 9007 (expected to run in 0 ms) due to recent wakeup
03-23 00:42:08.971 32205 32205 I Finsky  : [2] tpg.a(30): Scheduling job Id: 9007, L: 30000, D: 86391977, C: false, I: true, N: 2
03-23 00:42:08.973 32205 32205 I Finsky  : [2] tpg.a(14): Throttling wakeup for job 9008 (expected to run in 0 ms) due to recent wakeup
03-23 00:42:08.973 32205 32205 I Finsky  : [2] tpg.a(30): Scheduling job Id: 9008, L: 30000, D: 86391987, C: true, I: true, N: 2
03-23 00:42:08.974 32205 32205 I Finsky  : [2] tpg.a(14): Throttling wakeup for job 9009 (expected to run in 20863 ms) due to recent wakeup
03-23 00:42:08.975 32205 32205 I Finsky  : [2] tpg.a(30): Scheduling job Id: 9009, L: 30000, D: 50863, C: false, I: false, N: 0
03-23 00:42:08.976 32205 32205 I Finsky  : [2] ppb.onTrimMemory(1): Memory trim requested to level 80
03-23 00:42:08.992 32555 32555 I Finsky:instant_app_inst: [2] ebz.aG(7): Process created at version: 18.6.33-all [0] [PR] 292279539
03-23 00:42:09.151 32555 32598 I Finsky:instant_app_inst: [414066] AppPreloadHygieneService.a(1): AppPreloadHygieneService disabled
03-23 00:42:09.831 32205 32275 I Finsky  : [414083] rgo.c(1): Triggered update for experiment package com.google.android.finsky.regular.
03-23 00:42:09.880 32205 32236 I Finsky  : [414054] ebh.run(3): Initializing the instant apps module.
03-23 00:42:09.984 32205 32275 I Finsky  : [414083] rgo.c(8): Already at the latest configurations for experiment package com.google.android.finsky.regular.
03-23 00:42:09.984 32205 32298 I Finsky  : [414089] rgo.c(1): Triggered update for experiment package com.google.android.finsky.stable.
03-23 00:42:09.996 32205 32248 I Finsky  : [414061] zws.f(2): Restoring notifications
03-23 00:42:09.998 32205 32248 I Finsky  : [414061] zws.f(6): Done restoring notifications
03-23 00:42:10.015 32205 32298 I Finsky  : [414089] rgo.c(8): Already at the latest configurations for experiment package com.google.android.finsky.stable.
03-23 00:42:10.034 32205 32248 I Finsky  : [414061] ebd.run(8): Component class com.google.android.finsky.wear.WearSupportService disabled via PackageManager.
03-23 00:42:10.035 32205 32248 I Finsky  : [414061] ebd.run(8): Component class com.google.android.finsky.wear.WearChangeListenerService disabled via PackageManager.
03-23 00:42:10.036 32205 32230 I Finsky  : [414048] abfm.a(10): Do not start WearSupportService due to Wear service optimization
03-23 00:42:10.848 32205 32205 I Finsky  : [2] ulg.run(5): Detected restoreservicev2://recovery not needed, will not run
03-23 00:42:10.990 32205 32409 I Finsky  : [414111] akhc.a(2): registerListener
03-23 00:42:10.994 32205 32409 I Finsky  : [414111] joc.a(2): getDownloads(-)
03-23 00:42:10.997 32205 32609 I Finsky  : [414119] akhk.a(7): Initiate binding to the service.
03-23 00:42:10.998 32205 32409 I Finsky  : [414111] ekx.run(7): Initialized AssetModuleDownloader.
03-23 00:42:11.018  1456  2915 I ActivityManager: Start proc 32610:com.android.vending:download_service/u0a62 for service com.android.vending/com.google.android.finsky.downloadservice.DownloadService
03-23 00:42:11.116 32610 32610 I Finsky:download_service: [2] ebz.aG(7): Process created at version: 18.6.33-all [0] [PR] 292279539
03-23 00:42:11.163  1456  2915 D ConnectivityService: requestNetwork for uid/pid:10062/32610 NetworkRequest [ TRACK_DEFAULT id=33009, [ Capabilities: INTERNET&NOT_RESTRICTED&TRUSTED&NOT_VPN] ]
03-23 00:42:11.166  1456  2099 D Ethernet: got request NetworkRequest [ TRACK_DEFAULT id=33009, [ Capabilities: INTERNET&NOT_RESTRICTED&TRUSTED&NOT_VPN] ] with score 0
