01-14 21:42:49.690 29200 29230 E GeckoLibLoad: Load nss start
01-14 21:42:49.690 29200 29230 E GeckoLibLoad: Load nss done
01-14 21:42:49.690 29200 29230 W GeckoLinker: /data/app/org.mozilla.fenix.nightly-Fhi3fw1XCvOl9dVWkqmDuw==/lib/arm/libxul.so: unhandled flags #8 not handled
01-14 21:42:49.691 29200 29230 W GeckoLinker: /data/app/org.mozilla.fenix.nightly-Fhi3fw1XCvOl9dVWkqmDuw==/lib/arm/liblgpllibs.so: unhandled flags #8 not handled
01-14 21:42:49.721 29200 29200 W [WARNING][Leanplum]: [com.leanplum.internal.ActionManager::getLocationManager::8]: Geofencing support requires leanplum-location module and Google Play Services v8.1 and higher.
01-14 21:42:49.721 29200 29200 W [WARNING][Leanplum]: Add this to your build.gradle file:
01-14 21:42:49.721 29200 29200 W [WARNING][Leanplum]: implementation 'com.google.android.gms:play-services-location:8.3.0+'
01-14 21:42:49.721 29200 29200 W [WARNING][Leanplum]: implementation 'com.leanplum:leanplum-location:+'
01-14 21:42:49.726 29200 29230 E GeckoLibLoad: Loaded libs in 35.737660ms total, 23ms(83ms) user, 10ms(10ms) system, 0(0) faults
01-14 21:42:49.726 29200 29230 D GeckoThread: State changed to LIBS_READY
01-14 21:42:49.726 29200 29230 W GeckoThread: zerdatime 11584258401 - runGecko
01-14 21:42:49.732 29200 29200 I [INFO][Leanplum]: [com.leanplum.monitoring.ExceptionHandler::setContext::6]: LeanplumExceptionHandler could not initialize Exception Reporting.This is expected if you have not included the leanplum-monitoring module
01-14 21:42:49.732 29200 29230 D GeckoProfile: Loading profile at: null name: default
01-14 21:42:49.734 29200 29230 D GeckoProfile: Found profile dir: /data/user/0/org.mozilla.fenix.nightly/files/mozilla/st226ric.default
01-14 21:42:49.745  1456  2204 I ActivityManager: Start proc 29236:org.mozilla.fenix.nightly:tab/u0a743 for service org.mozilla.fenix.nightly/org.mozilla.gecko.process.GeckoServiceChildProcess$tab
01-14 21:42:49.769 29200 29200 I FirefoxAccountStateMachine: Enabling/updating sync with a new SyncConfig: SyncConfig(supportedEngines=[mozilla.components.service.fxa.SyncEngine$History@3ef070b, mozilla.components.service.fxa.SyncEngine$Bookmarks@e6d89e8, mozilla.components.service.fxa.SyncEngine$Passwords@6189801], syncPeriodInMinutes=240)
01-14 21:42:49.773 29200 29200 I BgSyncManager: Periodic syncing enabled at a 240 interval
01-14 21:42:49.774 29200 29200 I FirefoxAccountStateMachine: Sync is enabled
01-14 21:42:49.775 29200 29200 D PushConfig: Creating push configuration for autopush.
01-14 21:42:49.781 29200 29257 D AutoPushFeature: Initializing native component with the cached token.
01-14 21:42:49.786 29200 29257 D RustNativeSupport: findMegazordLibraryName(push, 0.48.2
01-14 21:42:49.786 29200 29257 D RustNativeSupport: lib in use: none
01-14 21:42:49.786 29200 29257 D RustNativeSupport: lib configured: fenix
01-14 21:42:49.786 29200 29257 D RustNativeSupport: lib version configured: 0.48.2
01-14 21:42:49.786 29200 29257 D RustNativeSupport: settled on fenix
01-14 21:42:49.788 29200 29260 I FirefoxAccountStateMachine: Processing event Event$Init for state Start. Next state is Start
01-14 21:42:49.788 29200 29200 I App     : AutoPushFeature is configured, initializing it...
01-14 21:42:49.789 29200 29200 I AutoPushFeature: Checking validity of push subscriptions.
01-14 21:42:49.800 29200 29260 I FirefoxAccountStateMachine: Ran 'Event$Init' side-effects for state Start, got successive event Event$AccountNotFound
01-14 21:42:49.801 29200 29260 I FirefoxAccountStateMachine: Processing event Event$AccountNotFound for state Start. Next state is NotAuthenticated
01-14 21:42:49.805 29200 29260 D RustNativeSupport: findMegazordLibraryName(fxaclient, 0.48.2
01-14 21:42:49.805 29200 29260 D RustNativeSupport: lib in use: none
01-14 21:42:49.805 29200 29260 D RustNativeSupport: lib configured: fenix
01-14 21:42:49.805 29200 29260 D RustNativeSupport: lib version configured: 0.48.2
01-14 21:42:49.806 29200 29260 D RustNativeSupport: settled on fenix
01-14 21:42:49.808 29200 29260 D fxaclient_ffi: fxa_new
01-14 21:42:49.839 29200 29200 D PhoneWindow: Restoring navigation bar divider color to default value = 0x00000000
01-14 21:42:49.876 29236 29236 D GeckoThread: State changed to LAUNCHED
01-14 21:42:49.877 29236 29269 I GeckoThread: preparing to run Gecko
01-14 21:42:49.885 29200 29205 I zygote  : Do partial code cache collection, code=28KB, data=28KB
01-14 21:42:49.887 29200 29205 I zygote  : After code cache collection, code=26KB, data=28KB
01-14 21:42:49.887 29200 29205 I zygote  : Increasing code cache capacity to 128KB
01-14 21:42:49.926 29200 29200 D libglean_ffi: glean_ffi: Android logging should be hooked up!
01-14 21:42:49.929 29200 29200 I glean/Dispatchers: Task queued for execution and delayed until flushed
01-14 21:42:50.008 28241 28254 D AuthStateProvider: Verifying caller's signature:77eac4ceed36afefba76179931dd4cc195ab0cd54baf355d215e7bbdd28e402a
01-14 21:42:50.008 28241 28254 D AuthStateProvider: Success!
01-14 21:42:50.010 29200 29200 E ActivityThread: Failed to find provider info for org.mozilla.fennec_aurora.fxa.auth
01-14 21:42:50.075 29200 29200 D GeckoRuntime: Lifecycle: onStart
01-14 21:42:50.091 29200 29230 I Gecko:DumpUtils: Fifo watcher disabled via pref.
01-14 21:42:50.101 29200 29200 D GeckoRuntime: Lifecycle: onResume
01-14 21:42:50.101 29200 29260 W FirefoxAccountStateMachine: Got invalid event Event$Init for state NotAuthenticated.
01-14 21:42:50.102 29200 29200 D GeckoNetworkManager: Incoming event start for state OffNoListeners -> OnNoListeners
01-14 21:42:50.104 29200 29200 D GeckoNetworkManager: New network state: UP, WIFI, WIFI
01-14 21:42:50.105 29200 29234 D NetworkSecurityConfig: No Network Security Config specified, using platform default
01-14 21:42:50.131 29200 29288 D OpenGLRenderer: HWUI GL Pipeline
01-14 21:42:50.134 29200 29230 D GeckoSysInfo: System memory: 1867MB.
01-14 21:42:50.137 29200 29230 D GeckoThread: State changed to JNI_READY
01-14 21:42:50.140 29200 29200 I glean/Glean: Registering pings for org.mozilla.fenix.GleanMetrics.Pings
01-14 21:42:50.144 29200 29200 I glean/Glean: Registering pings for mozilla.telemetry.glean.GleanMetrics.Pings
01-14 21:42:50.158 29200 29200 I libglean_ffi: glean_core: Creating new Glean
01-14 21:42:50.158 29200 29200 D libglean_ffi: glean_core::database: Database path: "/data/user/0/org.mozilla.fenix.nightly/glean_data/db"
01-14 21:42:50.158 29200 29200 I libglean_ffi: glean_core::database: Database initialized
01-14 21:42:50.159 29200 29200 I libglean_ffi: glean_ffi: Glean initialized
01-14 21:42:50.174 29200 29200 D glean/MetricsPingSched: The 'metrics' ping was last sent on Tue Jan 14 00:00:00 EST 2020
01-14 21:42:50.175 29200 29200 I glean/MetricsPingSched: The 'metrics' ping was already sent today, Tue Jan 14 21:42:50 EST 2020.
01-14 21:42:50.176 29200 29200 D glean/MetricsPingSched: Scheduling the 'metrics' ping in 22629837ms
01-14 21:42:50.180 29200 29305 D libglean_ffi: glean_core: Clearing Lifetime::Application metrics
01-14 21:42:50.199 29200 29205 I zygote  : Do partial code cache collection, code=52KB, data=55KB
01-14 21:42:50.201 29200 29205 I zygote  : After code cache collection, code=52KB, data=55KB
01-14 21:42:50.201 29200 29205 I zygote  : Increasing code cache capacity to 256KB
01-14 21:42:50.233 29200 29200 I glean/Dispatchers: Initial tasks queue completed successfully
01-14 21:42:50.263 29200 29200 D App     : ActivationPing - already generated
01-14 21:42:50.270 29200 29200 D GeckoNetworkManager: Incoming event receivedUpdate for state OnNoListeners -> OnNoListeners
01-14 21:42:50.271 29200 29200 D GeckoNetworkManager: New network state: UP, WIFI, WIFI
01-14 21:42:50.273  1456  2402 I WifiService: getDhcpInfo uid=10743
01-14 21:42:50.314 29200 29200 I zygote  : Deoptimizing void androidx.constraintlayout.widget.ConstraintLayout$LayoutParams.resolveLayoutDirection(int) due to JIT inline cache
01-14 21:42:50.501 29200 29288 I Adreno  : QUALCOMM build                   : bb5b86c, I77d3059488
01-14 21:42:50.501 29200 29288 I Adreno  : Build Date                       : 06/07/18
01-14 21:42:50.501 29200 29288 I Adreno  : OpenGL ES Shader Compiler Version: EV031.22.00.01_06
01-14 21:42:50.501 29200 29288 I Adreno  : Local Branch                     : 
01-14 21:42:50.501 29200 29288 I Adreno  : Remote Branch                    : refs/tags/AU_LINUX_ANDROID_LA.UM.6.5.R1.08.01.00.312.086
01-14 21:42:50.501 29200 29288 I Adreno  : Remote Branch                    : NONE
01-14 21:42:50.501 29200 29288 I Adreno  : Reconstruct Branch               : NOTHING
01-14 21:42:50.502 29200 29288 D vndksupport: Loading /vendor/lib/hw/gralloc.msm8937.so from current namespace instead of sphal namespace.
01-14 21:42:50.513 29200 29205 I zygote  : Do full code cache collection, code=122KB, data=105KB
01-14 21:42:50.515 29200 29288 I Adreno  : PFP: 0x005ff087, ME: 0x005ff063
01-14 21:42:50.515 29200 29205 I zygote  : After code cache collection, code=76KB, data=47KB
01-14 21:42:50.527 29200 29288 I zygote  : android::hardware::configstore::V1_0::ISurfaceFlingerConfigs::hasWideColorDisplay retrieved: 0
01-14 21:42:50.529 29200 29288 I OpenGLRenderer: Initialized EGL, version 1.4
01-14 21:42:50.529 29200 29288 D OpenGLRenderer: Swap behavior 2
01-14 21:42:50.614 29200 29288 D vndksupport: Loading /vendor/lib/hw/android.hardware.graphics.mapper@2.0-impl.so from current namespace instead of sphal namespace.
01-14 21:42:50.615 29200 29288 D vndksupport: Loading /vendor/lib/hw/gralloc.msm8937.so from current namespace instead of sphal namespace.
01-14 21:42:50.634  1456  1673 I LaunchCheckinHandler: Displayed org.mozilla.fenix.nightly/org.mozilla.fenix.HomeActivity,cp,ca,1288
01-14 21:42:50.634  1456  1673 I ActivityManager: Displayed org.mozilla.fenix.nightly/org.mozilla.fenix.HomeActivity: +1s283ms
01-14 21:42:50.641 28241 28254 D AuthStateProvider: Verifying caller's signature:77eac4ceed36afefba76179931dd4cc195ab0cd54baf355d215e7bbdd28e402a
01-14 21:42:50.641 28241 28254 D AuthStateProvider: Success!
01-14 21:42:50.643 29200 29200 E ActivityThread: Failed to find provider info for org.mozilla.fennec_aurora.fxa.auth
01-14 21:42:50.697 28653 28653 I Finsky  : [2] pxp.onTrimMemory(1): Memory trim requested to level 80
01-14 21:42:50.705 21605 21605 I MemoryTrimmer: Trimming objects from memory, since app is in the background.
01-14 21:42:50.717 21605 21605 I MemoryTrimmer: Trimming objects from memory, since app is in the background.
01-14 21:42:50.720 29200 29230 I Gecko   : 1579056170716	addons.xpi	WARN	List of valid built-in add-ons could not be parsed.: [Exception... "Component returned failure code: 0x80520012 (NS_ERROR_FILE_NOT_FOUND) [nsIXPCComponents_Utils.readUTF8URI]"  nsresult: "0x80520012 (NS_ERROR_FILE_NOT_FOUND)"  location: "JS frame :: resource://gre/modules/addons/XPIProvider.jsm :: startup :: line 2366"  data: no] Stack trace: startup()@resource://gre/modules/addons/XPIProvider.jsm:2366
01-14 21:42:50.720 29200 29230 I Gecko   : callProvider()@resource://gre/modules/AddonManager.jsm:215
01-14 21:42:50.720 29200 29230 I Gecko   : _startProvider()@resource://gre/modules/AddonManager.jsm:586
01-14 21:42:50.720 29200 29230 I Gecko   : startup()@resource://gre/modules/AddonManager.jsm:810
01-14 21:42:50.720 29200 29230 I Gecko   : startup()@resource://gre/modules/AddonManager.jsm:3474
01-14 21:42:50.720 29200 29230 I Gecko   : observe()@resource://gre/modules/addonManager.js:87
01-14 21:42:50.724 21605 28458 I PBSessionCacheImpl: Deleted sessionId[95021373855964980] from persistence.
01-14 21:42:50.744  1456  2920 I WifiService: getWifiEnabledState uid=10073
01-14 21:42:50.772 21605 21639 W SearchServiceCore: Abort, client detached.
01-14 21:42:50.899 29200 29230 D GeckoThread: State changed to PROFILE_READY
01-14 21:42:50.987 29200 29230 D GeckoThread: State changed to RUNNING
01-14 21:42:51.003 29200 29230 W GeckoEventDispatcher: No listener for AndroidCastDevice:SyncDevice
01-14 21:42:51.010 29200 29230 I Gecko   : -*- nsDNSServiceDiscovery.js : nsDNSServiceDiscovery
01-14 21:42:51.115 29200 29230 W ResourceType: Too many attribute references, stopped at: 0x01010099
01-14 21:42:51.162 29200 29230 I Gecko   : Attempting load of libEGL.so
01-14 21:42:51.367 29200 29200 D GeckoNetworkManager: Incoming event enableNotifications for state OnNoListeners -> OnWithListeners
01-14 21:42:51.368 29200 29200 D GeckoNetworkManager: New network state: UP, WIFI, WIFI
01-14 21:42:51.369 29200 29200 D GeckoNetworkManager: Incoming event receivedUpdate for state OnWithListeners -> OnWithListeners
01-14 21:42:51.370 29200 29200 D GeckoNetworkManager: New network state: UP, WIFI, WIFI
01-14 21:42:51.372 29200 29230 W GeckoLinker: /data/app/org.mozilla.fenix.nightly-Fhi3fw1XCvOl9dVWkqmDuw==/lib/arm/libsoftokn3.so: unhandled flags #8 not handled
01-14 21:42:51.373 29200 29230 W GeckoLinker: /data/app/org.mozilla.fenix.nightly-Fhi3fw1XCvOl9dVWkqmDuw==/lib/arm/libsoftokn3.so: Relocation to NULL @0x00026ffc for symbol "__cxa_type_match"
01-14 21:42:51.374 29200 29230 W GeckoLinker: /data/app/org.mozilla.fenix.nightly-Fhi3fw1XCvOl9dVWkqmDuw==/lib/arm/libfreebl3.so: unhandled flags #8 not handled
01-14 21:42:51.375 29200 29230 W GeckoLinker: /data/app/org.mozilla.fenix.nightly-Fhi3fw1XCvOl9dVWkqmDuw==/lib/arm/libfreebl3.so: Relocation to NULL @0x00041ffc for symbol "__cxa_type_match"
01-14 21:42:51.410 29200 29355 W GeckoLinker: /data/app/org.mozilla.fenix.nightly-Fhi3fw1XCvOl9dVWkqmDuw==/lib/arm/libnssckbi.so: unhandled flags #8 not handled
01-14 21:42:51.411 29200 29355 W GeckoLinker: /data/app/org.mozilla.fenix.nightly-Fhi3fw1XCvOl9dVWkqmDuw==/lib/arm/libnssckbi.so: Relocation to NULL @0x00052ffc for symbol "__cxa_type_match"
01-14 21:42:51.550 29200 29230 W ResourceType: Too many attribute references, stopped at: 0x01010099
01-14 21:42:52.007 29200 29200 D App     : Installed browser-icons extension
01-14 21:42:52.268 29200 29200 D mozac-webcompat: Installed WebCompat webextension: webcompat@mozilla.com
01-14 21:42:54.995 29378 29378 D AndroidRuntime: >>>>>> START com.android.internal.os.RuntimeInit uid 2000 <<<<<<
01-14 21:42:55.008 29378 29378 W app_process: Could not reserve sentinel fault page
01-14 21:42:55.174 29378 29378 I app_process: The ClassLoaderContext is a special shared library.
01-14 21:42:55.246 29378 29378 D AndroidRuntime: Calling main entry com.android.commands.input.Input
01-14 21:42:55.252 29378 29378 I Input   : injectKeyEvent: KeyEvent { action=ACTION_DOWN, keyCode=KEYCODE_HOME, scanCode=0, metaState=0, flags=0x0, repeatCount=0, eventTime=11503403974, downTime=11503403974, deviceId=-1, source=0x101 }
01-14 21:42:55.258 29378 29378 I Input   : injectKeyEvent: KeyEvent { action=ACTION_UP, keyCode=KEYCODE_HOME, scanCode=0, metaState=0, flags=0x0, repeatCount=0, eventTime=11503403974, downTime=11503403974, deviceId=-1, source=0x101 }
01-14 21:42:55.265  1456  1941 I ActivityManager: START u0 {act=android.intent.action.MAIN cat=[android.intent.category.HOME] flg=0x10200000 cmp=com.android.launcher3/.CustomizationPanelLauncher (has extras)} from uid 1000
01-14 21:42:55.265   794   839 E ANDR-PERF-RESOURCEQS: Failed to apply optimization [4, 0]
01-14 21:42:55.277  1456  1941 I ActivityManager: moveHomeStack, setupComplete:true
01-14 21:42:55.280 29378 29378 D AndroidRuntime: Shutting down VM
01-14 21:42:55.287 21605 21635 I Adreno  : QUALCOMM build                   : bb5b86c, I77d3059488
01-14 21:42:55.287 21605 21635 I Adreno  : Build Date                       : 06/07/18
01-14 21:42:55.287 21605 21635 I Adreno  : OpenGL ES Shader Compiler Version: EV031.22.00.01_06
01-14 21:42:55.287 21605 21635 I Adreno  : Local Branch                     : 
01-14 21:42:55.287 21605 21635 I Adreno  : Remote Branch                    : refs/tags/AU_LINUX_ANDROID_LA.UM.6.5.R1.08.01.00.312.086
01-14 21:42:55.287 21605 21635 I Adreno  : Remote Branch                    : NONE
01-14 21:42:55.287 21605 21635 I Adreno  : Reconstruct Branch               : NOTHING
01-14 21:42:55.291 21605 21635 D vndksupport: Loading /vendor/lib/hw/gralloc.msm8937.so from current namespace instead of sphal namespace.
01-14 21:42:55.295 21605 21635 I Adreno  : PFP: 0x005ff087, ME: 0x005ff063
01-14 21:42:55.298 28653 28653 I Finsky  : [2] pxp.onTrimMemory(1): Memory trim requested to level 80
01-14 21:42:55.300 21605 21635 I zygote  : android::hardware::configstore::V1_0::ISurfaceFlingerConfigs::hasWideColorDisplay retrieved: 0
01-14 21:42:55.301 21605 21635 I OpenGLRenderer: Initialized EGL, version 1.4
01-14 21:42:55.301 21605 21635 D OpenGLRenderer: Swap behavior 2
01-14 21:42:55.301  2748  2748 D Launcher.Utilities: Wakeup weather: Intent { act=com.motorola.launcher3.action.WAKEUP_WEATHER cmp=com.motorola.timeweatherwidget/com.motorola.commandcenter.weather.WakeUpService }
01-14 21:42:55.320  1456  1456 I NotificationService: Cannot find enqueued record for key: 0|com.motorola.timeweatherwidget|1|null|10116
01-14 21:42:55.326   808   808 D SurfaceFlinger: duplicate layer name: changing com.android.launcher3/com.android.launcher3.CustomizationPanelLauncher to com.android.launcher3/com.android.launcher3.CustomizationPanelLauncher#1
01-14 21:42:55.358  1456  2204 I WifiService: getWifiEnabledState uid=10073
01-14 21:42:55.368 21605 21627 W ThreadPoolDumper: Queue length for executor EventBus is now 11. Perhaps some tasks are too long, or the pool is too small.
01-14 21:42:55.384  1456  4829 I WifiService: getWifiEnabledState uid=10073
01-14 21:42:55.425  1456  1673 I LaunchCheckinHandler: Displayed com.android.launcher3/.CustomizationPanelLauncher,wp,wa,161
01-14 21:42:55.471 21605 21639 I MicroDetectionState: Should stop hotword detection immediately - false
01-14 21:42:55.485 21605 21639 I MicroDetectionWorker: #startMicroDetector [speakerMode: 0]
01-14 21:42:55.489 21605 21639 I AudioController: Created new AudioSource
01-14 21:42:55.492 21605 21647 I MicroDataManager: isInitializedWithLatestParams-true
01-14 21:42:55.493 21605 21647 I MicroDataManager: isInitializing-false locale not changed-true model not changed-true
01-14 21:42:55.493 21605 21647 I MicroDataManager: Already initialized, obtaining the hotword data immediately.
01-14 21:42:55.501 21605 21674 I MicroRecognitionRunner: Starting detection.
01-14 21:42:55.502 21605 21674 I InputStreamUtils: Using micInputStream
01-14 21:42:55.503 21605 28458 I MicrophoneInputStream: mic_starting  SR : 16000 CC : 16 SO : 1999
01-14 21:42:55.507   788  1479 V msm8974_platform: platform_check_input_mask: enter check_input_mask source 6 mask 10
01-14 21:42:55.509  1012 29392 I AudioFlinger: AudioFlinger's thread 0xb2483d00 tid=29392 ready to run
01-14 21:42:55.515   788  1479 D audio_hw_primary: in_set_parameters: enter: kvpairs=input_source=6;routing=-2147483644
01-14 21:42:55.520  1012 19499 D APM_AudioPolicyManager: AudioPolicyManager::startInput() input 95262, session 95329, source = 1999
01-14 21:42:55.523 21605 28458 I MicrophoneInputStream: mic_started  SR : 16000 CC : 16 SO : 1999
01-14 21:42:55.523   788 29393 V msm8974_platform: platform_update_usecase_from_source: input source :6
01-14 21:42:55.523   788 29393 V msm8974_platform: platform_check_input_mask: enter check_input_mask source 6 mask 10
01-14 21:42:55.524   788 29393 V msm8974_platform: platform_get_input_snd_device: enter: out_device(0) in_device(0x4) channel_count (1) channel_mask (0x10)
01-14 21:42:55.524   788 29393 V msm8974_platform: platform_get_input_snd_device: exit: in_snd_device(voice-rec-mic)
01-14 21:42:55.524   788 29393 V msm8974_platform: platform_get_backend_index:napb: backend port - 5 device - 120 
01-14 21:42:55.524   788 29393 V msm8974_platform: platform_check_and_set_capture_backend_cfg:txbecf: afe: bitwidth 0, samplerate 0, channel 1, backend_idx 5 usecase = 9 device (voice-rec-mic)
01-14 21:42:55.524   788 29393 V msm8974_platform: platform_check_capture_backend_cfg:txbecf: afe: Codec selected backend: 5 current bit width: 0 and sample rate: 0, channels 1
01-14 21:42:55.524   788 29393 V msm8974_platform: platform_check_capture_backend_cfg:txbecf: afe: Codec selected backend: 5 updated bit width: 0 and sample rate: 0
01-14 21:42:55.524   788 29393 I msm8974_platform: platform_check_capture_backend_cfg:txbecf: afe: Codec backend needs to be updated. new bit width: 0 new sample rate: 0 new channel: 1
01-14 21:42:55.524   788 29393 V msm8974_platform: platform_get_backend_index:napb: backend port - 5 device - 120 
01-14 21:42:55.524   788 29393 V msm8974_platform: platform_set_backend_cfg:becf: afe: bitwidth 0, samplerate 0 channels 1, backend_idx 5 device (voice-rec-mic)
01-14 21:42:55.525   788 29393 E msm8974_platform: platform_set_backend_cfg:becf: afe: Could not get ctl for mixer command - SLIM_0_TX Format
01-14 21:42:55.525   788 29393 V msm8974_platform: platform_send_audio_calibration: sending audio calibration for snd_device(120) acdb_id(62)
01-14 21:42:55.525   788 29393 D ACDB-LOADER: ACDB -> send_audio_cal, acdb_id = 62, path = 1, app id = 0x11130, sample rate = 48000
01-14 21:42:55.525   788 29393 D ACDB-LOADER: ACDB -> send_asm_topology
01-14 21:42:55.525   788 29393 D ACDB-LOADER: ACDB -> ACDB_CMD_GET_AUDPROC_STREAM_TOPOLOGY_ID
01-14 21:42:55.525   788 29393 D ACDB-LOADER: ACDB -> send_adm_topology
01-14 21:42:55.525   788 29393 D ACDB-LOADER: ACDB -> ACDB_CMD_GET_AUDPROC_COMMON_TOPOLOGY_ID
01-14 21:42:55.525   788 29393 D ACDB-LOADER: ACDB -> send_audtable
01-14 21:42:55.525   788 29393 D ACDB-LOADER: ACDB -> ACDB_CMD_GET_AUDPROC_COMMON_TABLE_SIZE
01-14 21:42:55.525   788 29393 D ACDB-LOADER: ACDB -> ACDB_CMD_GET_AUDPROC_COMMON_TABLE
01-14 21:42:55.525   788 29393 D ACDB-LOADER: ACDB -> AUDIO_SET_AUDPROC_CAL
01-14 21:42:55.525   788 29393 D ACDB-LOADER: ACDB -> send_audvoltable
01-14 21:42:55.525   788 29393 D ACDB-LOADER: ACDB -> ACDB_CMD_GET_AUDPROC_VOL_STEP_TABLE_SIZE
01-14 21:42:55.525   788 29393 D ACDB-LOADER: ACDB -> ACDB_CMD_GET_AUDPROC_GAIN_DEP_STEP_TABLE, vol index 0
01-14 21:42:55.526   788 29393 D         : Failed to fetch the lookup information of the device 0000003E 
01-14 21:42:55.526   788 29393 D ACDB-LOADER: ACDB -> AUDIO_SET_VOL_CAL cal type = 12
01-14 21:42:55.526   788 29393 D ACDB-LOADER: ACDB -> ACDB_CMD_GET_AUDPROC_STREAM_TABLE_SIZE
01-14 21:42:55.526   788 29393 D ACDB-LOADER: ACDB -> send_audstrmtable
01-14 21:42:55.526   788 29393 D ACDB-LOADER: ACDB -> ACDB_CMD_GET_AUDPROC_STREAM_TABLE_V2
01-14 21:42:55.526   788 29393 D ACDB-LOADER: ACDB -> audstrm_cal->cal_type.cal_data.cal_size = 456
01-14 21:42:55.526   788 29393 D ACDB-LOADER: ACDB -> send_afe_topology
01-14 21:42:55.526   788 29393 D ACDB-LOADER: ACDB -> ACDB_CMD_GET_AFE_TOPOLOGY_ID
01-14 21:42:55.526   788 29393 D ACDB-LOADER: ACDB -> GET_AFE_TOPOLOGY_ID for adcd_id 62, Topology Id 112fb
01-14 21:42:55.526   788 29393 D ACDB-LOADER: ACDB -> send_afe_cal
01-14 21:42:55.526   788 29393 D ACDB-LOADER: ACDB -> ACDB_CMD_GET_AFE_COMMON_TABLE_SIZE
01-14 21:42:55.526   788 29393 D         : Failed to fetch the lookup information of the device 0000003E 
01-14 21:42:55.526   788 29393 E ACDB-LOADER: Error: ACDB_CMD_GET_AFE_COMMON_TABLE_SIZE Returned = -19
01-14 21:42:55.526   788 29393 D ACDB-LOADER: ACDB -> ACDB_CMD_GET_AFE_COMMON_TABLE
01-14 21:42:55.526   788 29393 D         : Failed to fetch the lookup information of the device 0000003E 
01-14 21:42:55.526   788 29393 D ACDB-LOADER: ACDB -> AUDIO_SET_AFE_CAL
01-14 21:42:55.526   788 29393 D ACDB-LOADER: ACDB -> send_hw_delay : acdb_id = 62 path = 1
01-14 21:42:55.526   788 29393 D ACDB-LOADER: ACDB -> ACDB_AVSYNC_INFO: ACDB_CMD_GET_DEVICE_PROPERTY
01-14 21:42:55.526   788 29393 D audio_hw_primary: enable_snd_device: snd_device(120: voice-rec-mic)
01-14 21:42:55.526   788 29393 D audio_route: Apply path: voice-rec-mic
01-14 21:42:55.529   788 29393 V msm8974_platform: platform_get_snd_device_backend_index: enter with device 120
01-14 21:42:55.529   788 29393 E msm8974_platform: platform_get_snd_device_backend_index: BE DAI Name Table is not present
01-14 21:42:55.529   788 29393 V msm8974_platform: platform_get_backend_index:napb: backend port - 5 device - 120 
01-14 21:42:55.529   788 29393 I audio_hw_utils: Set Audio Stream Capture 0 App Type Cfg: app_type 69936, acdb_dev_id 62, sample_rate 48000, snd_device_be_idx -14
01-14 21:42:55.530   788 29393 D audio_hw_primary: enable_audio_route: usecase(9) apply and update mixer path: audio-record
01-14 21:42:55.530   788 29393 D audio_route: Apply path: audio-record
01-14 21:42:55.566  2146  2165 I zygote  : NativeAlloc concurrent copying GC freed 17740(947KB) AllocSpace objects, 0(0B) LOS objects, 50% free, 8MB/17MB, paused 272us total 127.823ms
01-14 21:42:55.600 21605 21639 I MicroDetectionWorker: onReady
01-14 21:42:55.838  1456  7796 I OpenGLRenderer: Initialized EGL, version 1.4
01-14 21:42:55.838  1456  7796 D OpenGLRenderer: Swap behavior 2
01-14 21:42:55.854   808   808 I SFPerfTracer:      triggers: (rate: 50:372185) (compose: 0:6) (post: 0:13) (render: 0:10) (12:3373225 frames) (13:4640414)
01-14 21:42:55.855   808   808 D SFPerfTracer:        layers: (4:12) (NavigationBar#0 (0xb07df000): 0:422391) (StatusBar#0 (0xb07e3000): 0:1216031) (com.android.systemui.ImageWallpaper#0 (0xb07e7000): 0:35226) (Sprite#0 (0xb0733000): 0:317)* (DimLayerController/Stack=0#0 (0xb075a000): 0:3589)* (Sprite#1 (0xb077c000): 0:195)* (com.android.launcher3/com.android.launcher3.CustomizationPanelLauncher#0 (0xb0763000): 0:43)- (com.android.launcher3/com.android.launcher3.CustomizationPanelLauncher#1 (0xb0771000): 0:10)- (Splash Screen org.mozilla.fenix.nightly#0 (0xb0384000): 0:30)- (org.mozilla.fenix.nightly/org.mozilla.fenix.HomeActivity#0 (0xb039b000): 12:46)* (com.android.launcher3/com.android.launcher3.CustomizationPanelLauncher#0 (0xb0763000): 13:26)* (com.android.launcher3/com.android.launcher3.CustomizationPanelLauncher#1 (0xb0771000): 1:5) 
01-14 21:42:55.882  2748  2917 W OpenGLRenderer: Incorrectly called buildLayer on View: ShortcutAndWidgetContainer, destroying layer...
01-14 21:42:55.971 29200 29200 D GeckoRuntime: Lifecycle: onPause
01-14 21:42:55.971 29200 29200 D GeckoNetworkManager: Incoming event stop for state OnWithListeners -> OffWithListeners
01-14 21:42:55.972 29200 29200 I SessionStorage/AutoSave: Save: Background
01-14 21:42:55.974 29200 29273 D SessionStorage/AutoSave: Saved state to disk [0ms]
01-14 21:42:55.977 29200 29305 I libglean_ffi: glean_core::ping: Collecting baseline
01-14 21:42:55.981 29200 29305 D libglean_ffi: glean_core::ping: Storing ping 'd399b120-ccb6-4e91-adee-56d803bb5f3a' at '/data/user/0/org.mozilla.fenix.nightly/glean_data/pending_pings/d399b120-ccb6-4e91-adee-56d803bb5f3a'
01-14 21:42:55.982 29200 29305 I libglean_ffi: glean_core: The ping 'baseline' was submitted and will be sent as soon as possible
01-14 21:42:55.982 29200 29305 I libglean_ffi: glean_core::ping: Collecting events
01-14 21:42:55.987 29200 29305 D libglean_ffi: glean_core::ping: Storing ping 'b2dc553d-27d0-49ed-a824-fc9fc6a77154' at '/data/user/0/org.mozilla.fenix.nightly/glean_data/pending_pings/b2dc553d-27d0-49ed-a824-fc9fc6a77154'
01-14 21:42:55.988 29200 29305 I libglean_ffi: glean_core: The ping 'events' was submitted and will be sent as soon as possible
01-14 21:42:56.012  1456  5031 D ConnectivityService: requestNetwork for uid/pid:10743/29200 NetworkRequest [ TRACK_DEFAULT id=19707, [ Capabilities: INTERNET&NOT_RESTRICTED&TRUSTED&NOT_VPN] ]
01-14 21:42:56.013  1456  2054 D WIFI_UT : got request NetworkRequest [ TRACK_DEFAULT id=19707, [ Capabilities: INTERNET&NOT_RESTRICTED&TRUSTED&NOT_VPN] ] with score 60
01-14 21:42:56.013  1456  2099 D Ethernet: got request NetworkRequest [ TRACK_DEFAULT id=19707, [ Capabilities: INTERNET&NOT_RESTRICTED&TRUSTED&NOT_VPN] ] with score 60
01-14 21:42:56.014  1456  2054 D WIFI    : got request NetworkRequest [ TRACK_DEFAULT id=19707, [ Capabilities: INTERNET&NOT_RESTRICTED&TRUSTED&NOT_VPN] ] with score 60
01-14 21:42:56.014  2398  2398 D PhoneSwitcherNetworkRequstListener: got request NetworkRequest [ TRACK_DEFAULT id=19707, [ Capabilities: INTERNET&NOT_RESTRICTED&TRUSTED&NOT_VPN] ] with score 60
01-14 21:42:56.022 29200 29395 D glean/PingUploadWorker: Processing persisted pings at /data/user/0/org.mozilla.fenix.nightly/glean_data/pending_pings
01-14 21:42:56.023 29200 29395 D glean/PingUploadWorker: Processing ping: d399b120-ccb6-4e91-adee-56d803bb5f3a
01-14 21:42:56.026 29200 29395 D glean/ConceptFetchHttpUploader: Submitting ping to: https://incoming.telemetry.mozilla.org/submit/org-mozilla-fenix-nightly/baseline/1/d399b120-ccb6-4e91-adee-56d803bb5f3a
01-14 21:42:56.347 29200 29395 D glean/ConceptFetchHttpUploader: Ping successfully sent (200)
01-14 21:42:56.348 29200 29395 D glean/PingUploadWorker: d399b120-ccb6-4e91-adee-56d803bb5f3a was deleted: true
01-14 21:42:56.348 29200 29395 D glean/PingUploadWorker: Processing ping: b2dc553d-27d0-49ed-a824-fc9fc6a77154
01-14 21:42:56.349 29200 29395 D glean/ConceptFetchHttpUploader: Submitting ping to: https://incoming.telemetry.mozilla.org/submit/org-mozilla-fenix-nightly/events/1/b2dc553d-27d0-49ed-a824-fc9fc6a77154
01-14 21:42:56.515 29200 29395 D glean/ConceptFetchHttpUploader: Ping successfully sent (200)
01-14 21:42:56.515 29200 29395 D glean/PingUploadWorker: b2dc553d-27d0-49ed-a824-fc9fc6a77154 was deleted: true
01-14 21:42:56.518 29200 29258 I WM-WorkerWrapper: Worker result SUCCESS for Work [ id=50a28196-82db-4610-8945-34622e4ae4c0, tags={ mozilla.telemetry.glean.scheduler.PingUploadWorker, mozac_service_glean_ping_upload_worker } ]
01-14 21:42:56.522  1456  2067 D ConnectivityService: releasing NetworkRequest [ TRACK_DEFAULT id=19707, [ Capabilities: INTERNET&NOT_RESTRICTED&TRUSTED&NOT_VPN] ] (release request)
01-14 21:42:56.945  2398  2398 D QtiCarrierConfigHelper: WARNING, no carrier configs on phone Id: 0
01-14 21:42:56.967   808   898 I SFPerfTracer:      triggers: (rate: 0:0) (0 sw vsyncs) (0 skipped) (0:2582835 vsyncs) (1:4680466)
01-14 21:42:58.728  1456  2063 D WifiNative-wlan0: Scan issued for specific freq..
01-14 21:42:58.733 28653 28653 I Finsky  : [2] JobSchedulerEngine$PhoneskyJobSchedulerJobService.onStartJob(5): SCH: onJobSchedulerWakeup with jobId 9004
01-14 21:42:58.737 28653 28653 I Finsky  : [2] tvx.a(24): Scheduling fallback job with id: 9034, and delay: 43200000 ms
01-14 21:42:58.742 28653 28653 I Finsky  : [2] tvx.a(5): Scheduling fallback in 64799997 (absolute: 11649067413)
01-14 21:42:58.852 28653 28653 I Finsky  : [2] twj.handleMessage(10): SCH: DeviceState: DeviceState{currentTime=1579056178845, isCharging=true, isIdle=false, netAny=true, netNotRoaming=true, netUnmetered=true, batteryPercent=100.0}
01-14 21:42:58.866 28653 28744 I Finsky  : [190715] tyz.a(7): SCH: Jobs in database: 1-1337 3-1450 24-77777777 26-1414141414 29-29 
01-14 21:42:58.893 28653 28653 I Finsky  : [2] twk.a(20): SCH: Running job: 29-29
01-14 21:42:58.897 28653 28653 I Finsky  : [2] twj.handleMessage(63): SCH: RunningQueue size: 1, PendingQueue size: 0
01-14 21:42:58.898 28653 28653 I Finsky  : [2] twj.handleMessage(66): SCH: Running queue: 29-29 
01-14 21:42:58.898 28653 29399 I Finsky  : [190772] zpk.a(1): ProcessRecoveryLogsUtil: No files in recovery directory
01-14 21:42:58.911 28653 29399 I Finsky  : [190772] txu.a(13): SCH: jobFinished: 29-29. TimeElapsed: 17ms.
01-14 21:42:58.913 28653 28653 I Finsky  : [2] twk.a(35): SCH: Job 29-29 finished. Not rescheduling.
01-14 21:42:58.915 28653 28653 I Finsky  : [2] twj.handleMessage(63): SCH: RunningQueue size: 0, PendingQueue size: 0
01-14 21:42:58.917 28653 28653 I Finsky  : [2] twj.handleMessage(29): Executor finished
01-14 21:42:58.935 28653 28653 I Finsky  : [2] pxp.onTrimMemory(1): Memory trim requested to level 80
01-14 21:42:58.937 28653 28653 I Finsky  : [2] tyz.a(7): SCH: Jobs in database: 1-1337 3-1450 24-77777777 26-1414141414 
01-14 21:42:58.957 28653 28653 I Finsky  : [2] tup.a(58): SCH: ConstraintMapping: 24-77777777,  -> L: 0ms, D: 10160979ms, C: false, I: true, N: 0
01-14 21:42:58.959 28653 28653 I Finsky  : [2] tup.a(58): SCH: ConstraintMapping: 1-1337,  -> L: 13679409ms, D: 56879409ms, C: false, I: false, N: 1
01-14 21:42:58.961 28653 28653 I Finsky  : [2] tup.a(58): SCH: ConstraintMapping: 3-1450,  -> L: 0ms, D: 86370552ms, C: true, I: true, N: 2
01-14 21:42:58.962 28653 28653 I Finsky  : [2] tup.a(58): SCH: ConstraintMapping: 26-1414141414,  -> L: 41727798ms, D: 42627798ms, C: false, I: false, N: 0
01-14 21:42:58.971 28653 28653 I Finsky  : [2] txh.a(37): Cancelling existing jobscheduler jobs: 9000 9002 9003 
01-14 21:42:58.972 28653 28653 I Finsky  : [2] txh.a(14): Throttling wakeup for job 9001 (expected to run in 0 ms) due to recent wakeup
01-14 21:42:58.973 28653 28653 I Finsky  : [2] txh.a(30): Scheduling job Id: 9001, L: 30000, D: 10160979, C: false, I: true, N: 0
01-14 21:42:58.976 28653 28653 I Finsky  : [2] txh.a(30): Scheduling job Id: 9005, L: 13679409, D: 56879409, C: false, I: false, N: 1
01-14 21:42:58.979 28653 28653 I Finsky  : [2] txh.a(14): Throttling wakeup for job 9006 (expected to run in 0 ms) due to recent wakeup
01-14 21:42:58.980 28653 28653 I Finsky  : [2] txh.a(30): Scheduling job Id: 9006, L: 30000, D: 86370552, C: true, I: true, N: 2
01-14 21:42:58.982 28653 28653 I Finsky  : [2] txh.a(30): Scheduling job Id: 9007, L: 41727798, D: 42627798, C: false, I: false, N: 0
01-14 21:42:59.646  1456  5031 D WificondControl: Scan result ready event
01-14 21:43:00.445  1456  5031 I ActivityManager: Force stopping org.mozilla.fenix.nightly appid=10743 user=0: from pid 29402
01-14 21:43:00.445  1456  5031 I ActivityManager: Killing 29200:org.mozilla.fenix.nightly/u0a743 (adj 700): stop org.mozilla.fenix.nightly
01-14 21:43:00.448 29236 29236 I ServiceChildProcess: Service has been unbound. Stopping.
01-14 21:43:00.448  1456  1605 W zygote  : kill(-29200, 9) failed: No such process
01-14 21:43:00.449  1456  5031 W ActivityManager: Force removing ActivityRecord{f743bcd u0 org.mozilla.fenix.nightly/org.mozilla.fenix.HomeActivity t18540}: app died, no saved state
01-14 21:43:00.458  1456  5031 I ActivityManager: Killing 29236:org.mozilla.fenix.nightly:tab/u0a743 (adj 0): stop org.mozilla.fenix.nightly
01-14 21:43:00.464  1456  1605 W zygote  : kill(-29200, 9) failed: No such process
01-14 21:43:00.474  2398  2398 D CarrierSvcBindHelper: No carrier app for: 0
01-14 21:43:00.475  2398  2398 D CarrierSvcBindHelper: No carrier app for: 1
01-14 21:43:00.479  1456  1605 W zygote  : kill(-29200, 9) failed: No such process
01-14 21:43:00.532  1456  1605 I chatty  : uid=1000(system) ActivityManager identical 5 lines
01-14 21:43:00.536  1456  1673 W ActivityManager: setHasOverlayUi called on unknown pid: 29200
01-14 21:43:00.547  1456  1605 W zygote  : kill(-29200, 9) failed: No such process
01-14 21:43:00.547  1456  1605 I zygote  : Successfully killed process cgroup uid 10743 pid 29200 in 99ms
01-14 21:43:00.548  1456  1605 W zygote  : kill(-29236, 9) failed: No such process
01-14 21:43:00.548  1456  1605 I zygote  : Successfully killed process cgroup uid 10743 pid 29236 in 0ms
01-14 21:43:00.570  1456  4250 I ActivityManager: START u0 {act=android.intent.action.MAIN cat=[android.intent.category.LAUNCHER] flg=0x10000000 cmp=org.mozilla.fenix.nightly/org.mozilla.fenix.HomeActivity} from uid 2000
01-14 21:43:00.571   794   839 E ANDR-PERF-RESOURCEQS: Failed to apply optimization [4, 0]
01-14 21:43:00.591  1456  1473 I ActivityManager: Start proc 29409:org.mozilla.fenix.nightly/u0a743 for activity org.mozilla.fenix.nightly/org.mozilla.fenix.HomeActivity
01-14 21:43:00.688 21605 21639 I MicroDetectionState: Should stop hotword detection immediately - false
01-14 21:43:00.688 21605 21639 I MicroDetector: Keeping mic open: false
01-14 21:43:00.688 21605 21673 E DeviceStateChecker: DeviceStateChecker cancelled
01-14 21:43:00.688 21605 21639 I RecognitionAudioControl: #shutdownAudio [requestId: 2138464987500367451, keepAudioOpen: false, forced: true]
01-14 21:43:00.688 21605 21639 I RecognitionAudioControl: #internalShutdownAudio [requestId: 2138464987500367451]
01-14 21:43:00.688 21605 21639 I RecognitionAudioControl: #internalShutdownAudio [keepAudioOpen: false, forced: true]
01-14 21:43:00.689 21605 21639 I RecognitionAudioControl: #actualShutdownAudio
01-14 21:43:00.689 21605 21639 I AudioController: #shutdown [requestId=2138464987500367451]
01-14 21:43:00.689 21605 21638 I AudioController: internalShutdown
01-14 21:43:00.690 21605 21625 I MicroRecognitionRunner: Stopping hotword detection.
01-14 21:43:00.743   788  1479 D audio_hw_primary: disable_audio_route: usecase(9) reset and update mixer path: audio-record
01-14 21:43:00.744   788  1479 D audio_hw_primary: disable_snd_device: snd_device(120: voice-rec-mic)
01-14 21:43:00.747  1012 13178 D APM_AudioPolicyManager: stopInput() input 95262, session 95329
01-14 21:43:00.748   788  1401 D audio_hw_primary: in_set_parameters: enter: kvpairs=routing=0
01-14 21:43:00.750 21605 21638 I MicrophoneInputStream: mic_close  SR : 16000 CC : 16 SO : 1999
01-14 21:43:00.751 21605 21638 E AudioSource: Stop listening is called on already closed AudioSource
01-14 21:43:00.752 21605 21674 I MicroRecognitionRunner: Detection finished
01-14 21:43:00.767 29409 29409 D FirebaseApp: com.google.firebase.auth.FirebaseAuth is not linked. Skipping initialization.
01-14 21:43:00.769 29409 29409 D FirebaseApp: com.google.firebase.crash.FirebaseCrash is not linked. Skipping initialization.
01-14 21:43:00.769 29409 29409 I FirebaseInitProvider: FirebaseApp initialization successful
01-14 21:43:00.828 29409 29432 D RustNativeSupport: findMegazordLibraryName(viaduct, 0.48.2
01-14 21:43:00.828 29409 29432 D RustNativeSupport: lib in use: none
01-14 21:43:00.829 29409 29432 D RustNativeSupport: lib configured: fenix
01-14 21:43:00.830 29409 29432 D RustNativeSupport: lib version configured: 0.48.2
01-14 21:43:00.830 29409 29432 D RustNativeSupport: settled on fenix
01-14 21:43:00.830 29409 29427 I FA      : Collection disabled with firebase_analytics_collection_enabled=0
01-14 21:43:00.831 29409 29427 I FA      : App measurement is starting up, version: 12780
01-14 21:43:00.831 29409 29427 I FA      : To enable debug logging run: adb shell setprop log.tag.FA VERBOSE
01-14 21:43:00.831 29409 29427 I FA      : To enable faster debug mode event logging run:
01-14 21:43:00.831 29409 29427 I FA      :   adb shell setprop debug.firebase.analytics.app org.mozilla.fenix.nightly
01-14 21:43:00.858 29409 29432 D RustNativeSupport: findMegazordLibraryName(rustlog, 0.48.2
01-14 21:43:00.858 29409 29432 D RustNativeSupport: lib in use: none
01-14 21:43:00.858 29409 29432 D RustNativeSupport: lib configured: fenix
01-14 21:43:00.858 29409 29432 D RustNativeSupport: lib version configured: 0.48.2
01-14 21:43:00.858 29409 29432 D RustNativeSupport: settled on fenix
01-14 21:43:00.861 29409 29432 I rc_log_ffi::ios: rc_log adapter initialized!
01-14 21:43:00.886 29409 29409 D GeckoThread: State changed to LAUNCHED
01-14 21:43:00.887 29409 29439 I GeckoThread: preparing to run Gecko
01-14 21:43:00.893 29409 29409 D GeckoRuntime: Lifecycle: onCreate
01-14 21:43:00.894 29409 29439 D GeckoThread: State changed to MOZGLUE_READY
01-14 21:43:00.906 29409 29409 I zygote  : Deoptimizing java.lang.Object androidx.collection.SimpleArrayMap.put(java.lang.Object, java.lang.Object) due to JIT inline cache
01-14 21:43:00.906 29409 29439 W Settings: Setting animator_duration_scale has moved from android.provider.Settings.System to android.provider.Settings.Global, returning read-only global URI.
01-14 21:43:00.908 29409 29439 E GeckoLibLoad: Load sqlite start
01-14 21:43:00.927 29409 29439 W GeckoLinker: /data/app/org.mozilla.fenix.nightly-Fhi3fw1XCvOl9dVWkqmDuw==/lib/arm/libnss3.so: unhandled flags #8 not handled
01-14 21:43:00.933 29409 29439 W GeckoLinker: /data/app/org.mozilla.fenix.nightly-Fhi3fw1XCvOl9dVWkqmDuw==/lib/arm/libnss3.so: Relocation to NULL @0x00130ffc for symbol "__cxa_type_match"
01-14 21:43:00.933 29409 29439 E GeckoLibLoad: Load sqlite done
01-14 21:43:00.933 29409 29439 E GeckoLibLoad: Load nss start
01-14 21:43:00.933 29409 29439 E GeckoLibLoad: Load nss done
01-14 21:43:00.934 29409 29439 W GeckoLinker: /data/app/org.mozilla.fenix.nightly-Fhi3fw1XCvOl9dVWkqmDuw==/lib/arm/libxul.so: unhandled flags #8 not handled
01-14 21:43:00.934 29409 29439 W GeckoLinker: /data/app/org.mozilla.fenix.nightly-Fhi3fw1XCvOl9dVWkqmDuw==/lib/arm/liblgpllibs.so: unhandled flags #8 not handled
01-14 21:43:00.966 29409 29409 W [WARNING][Leanplum]: [com.leanplum.internal.ActionManager::getLocationManager::8]: Geofencing support requires leanplum-location module and Google Play Services v8.1 and higher.
01-14 21:43:00.966 29409 29409 W [WARNING][Leanplum]: Add this to your build.gradle file:
01-14 21:43:00.966 29409 29409 W [WARNING][Leanplum]: implementation 'com.google.android.gms:play-services-location:8.3.0+'
01-14 21:43:00.966 29409 29409 W [WARNING][Leanplum]: implementation 'com.leanplum:leanplum-location:+'
01-14 21:43:00.970 29409 29439 E GeckoLibLoad: Loaded libs in 36.521462ms total, 20ms(76ms) user, 16ms(23ms) system, 0(0) faults
01-14 21:43:00.975 29409 29439 D GeckoThread: State changed to LIBS_READY
01-14 21:43:00.976 29409 29439 W GeckoThread: zerdatime 11584269651 - runGecko
01-14 21:43:00.982 29409 29409 I [INFO][Leanplum]: [com.leanplum.monitoring.ExceptionHandler::setContext::6]: LeanplumExceptionHandler could not initialize Exception Reporting.This is expected if you have not included the leanplum-monitoring module
01-14 21:43:00.983 29409 29439 D GeckoProfile: Loading profile at: null name: default
01-14 21:43:00.985 29409 29439 D GeckoProfile: Found profile dir: /data/user/0/org.mozilla.fenix.nightly/files/mozilla/st226ric.default
01-14 21:43:00.995  1456  1473 I ActivityManager: Start proc 29446:org.mozilla.fenix.nightly:tab/u0a743 for service org.mozilla.fenix.nightly/org.mozilla.gecko.process.GeckoServiceChildProcess$tab
01-14 21:43:01.013 29409 29409 I FirefoxAccountStateMachine: Enabling/updating sync with a new SyncConfig: SyncConfig(supportedEngines=[mozilla.components.service.fxa.SyncEngine$History@3ef070b, mozilla.components.service.fxa.SyncEngine$Bookmarks@e6d89e8, mozilla.components.service.fxa.SyncEngine$Passwords@6189801], syncPeriodInMinutes=240)
01-14 21:43:01.018 29409 29409 I BgSyncManager: Periodic syncing enabled at a 240 interval
01-14 21:43:01.018 29409 29409 I FirefoxAccountStateMachine: Sync is enabled
01-14 21:43:01.019 29409 29409 D PushConfig: Creating push configuration for autopush.
01-14 21:43:01.026 29409 29467 D AutoPushFeature: Initializing native component with the cached token.
01-14 21:43:01.030 29409 29467 D RustNativeSupport: findMegazordLibraryName(push, 0.48.2
01-14 21:43:01.030 29409 29467 D RustNativeSupport: lib in use: none
01-14 21:43:01.030 29409 29467 D RustNativeSupport: lib configured: fenix
01-14 21:43:01.030 29409 29467 D RustNativeSupport: lib version configured: 0.48.2
01-14 21:43:01.030 29409 29467 D RustNativeSupport: settled on fenix
01-14 21:43:01.032 29409 29469 I FirefoxAccountStateMachine: Processing event Event$Init for state Start. Next state is Start
01-14 21:43:01.033 29409 29409 I App     : AutoPushFeature is configured, initializing it...
01-14 21:43:01.034 29409 29409 I AutoPushFeature: Checking validity of push subscriptions.
01-14 21:43:01.046 29409 29469 I FirefoxAccountStateMachine: Ran 'Event$Init' side-effects for state Start, got successive event Event$AccountNotFound
01-14 21:43:01.046 29409 29469 I FirefoxAccountStateMachine: Processing event Event$AccountNotFound for state Start. Next state is NotAuthenticated
01-14 21:43:01.049 29409 29469 D RustNativeSupport: findMegazordLibraryName(fxaclient, 0.48.2
01-14 21:43:01.049 29409 29469 D RustNativeSupport: lib in use: none
01-14 21:43:01.049 29409 29469 D RustNativeSupport: lib configured: fenix
01-14 21:43:01.049 29409 29469 D RustNativeSupport: lib version configured: 0.48.2
01-14 21:43:01.049 29409 29469 D RustNativeSupport: settled on fenix
01-14 21:43:01.052 29409 29469 D fxaclient_ffi: fxa_new
01-14 21:43:01.084 29409 29409 D PhoneWindow: Restoring navigation bar divider color to default value = 0x00000000
01-14 21:43:01.124 29446 29446 D GeckoThread: State changed to LAUNCHED
01-14 21:43:01.125 29446 29478 I GeckoThread: preparing to run Gecko
01-14 21:43:01.130 29409 29414 I zygote  : Do partial code cache collection, code=28KB, data=28KB
01-14 21:43:01.132 29409 29414 I zygote  : After code cache collection, code=26KB, data=28KB
01-14 21:43:01.132 29409 29414 I zygote  : Increasing code cache capacity to 128KB
01-14 21:43:01.171 29409 29409 D libglean_ffi: glean_ffi: Android logging should be hooked up!
01-14 21:43:01.173 29409 29409 I glean/Dispatchers: Task queued for execution and delayed until flushed
01-14 21:43:01.260 28241 28254 D AuthStateProvider: Verifying caller's signature:77eac4ceed36afefba76179931dd4cc195ab0cd54baf355d215e7bbdd28e402a
01-14 21:43:01.260 28241 28254 D AuthStateProvider: Success!
01-14 21:43:01.263 29409 29409 E ActivityThread: Failed to find provider info for org.mozilla.fennec_aurora.fxa.auth
01-14 21:43:01.323 29409 29409 D GeckoRuntime: Lifecycle: onStart
01-14 21:43:01.344 29409 29439 I Gecko:DumpUtils: Fifo watcher disabled via pref.
01-14 21:43:01.349 29409 29409 D GeckoRuntime: Lifecycle: onResume
01-14 21:43:01.350 29409 29469 W FirefoxAccountStateMachine: Got invalid event Event$Init for state NotAuthenticated.
01-14 21:43:01.351 29409 29409 D GeckoNetworkManager: Incoming event start for state OffNoListeners -> OnNoListeners
01-14 21:43:01.352 29409 29443 D NetworkSecurityConfig: No Network Security Config specified, using platform default
01-14 21:43:01.353 29409 29409 D GeckoNetworkManager: New network state: UP, WIFI, WIFI
01-14 21:43:01.380 29409 29500 D OpenGLRenderer: HWUI GL Pipeline
01-14 21:43:01.388 29409 29439 D GeckoSysInfo: System memory: 1867MB.
01-14 21:43:01.390 29409 29439 D GeckoThread: State changed to JNI_READY
01-14 21:43:01.390 29409 29409 I glean/Glean: Registering pings for org.mozilla.fenix.GleanMetrics.Pings
01-14 21:43:01.394 29409 29409 I glean/Glean: Registering pings for mozilla.telemetry.glean.GleanMetrics.Pings
01-14 21:43:01.409 29409 29409 I libglean_ffi: glean_core: Creating new Glean
01-14 21:43:01.409 29409 29409 D libglean_ffi: glean_core::database: Database path: "/data/user/0/org.mozilla.fenix.nightly/glean_data/db"
01-14 21:43:01.409 29409 29409 I libglean_ffi: glean_core::database: Database initialized
01-14 21:43:01.410 29409 29409 I libglean_ffi: glean_ffi: Glean initialized
01-14 21:43:01.430 29409 29409 D glean/MetricsPingSched: The 'metrics' ping was last sent on Tue Jan 14 00:00:00 EST 2020
01-14 21:43:01.431 29409 29409 I glean/MetricsPingSched: The 'metrics' ping was already sent today, Tue Jan 14 21:43:01 EST 2020.
01-14 21:43:01.432 29409 29409 D glean/MetricsPingSched: Scheduling the 'metrics' ping in 22618584ms
01-14 21:43:01.437 29409 29517 D libglean_ffi: glean_core: Clearing Lifetime::Application metrics
01-14 21:43:01.463 29409 29414 I zygote  : Do partial code cache collection, code=52KB, data=55KB
01-14 21:43:01.465 29409 29414 I zygote  : After code cache collection, code=52KB, data=55KB
01-14 21:43:01.465 29409 29414 I zygote  : Increasing code cache capacity to 256KB
01-14 21:43:01.484 29409 29409 I glean/Dispatchers: Initial tasks queue completed successfully
01-14 21:43:01.510 29409 29409 D App     : ActivationPing - already generated
01-14 21:43:01.517 29409 29409 D GeckoNetworkManager: Incoming event receivedUpdate for state OnNoListeners -> OnNoListeners
01-14 21:43:01.518 29409 29409 D GeckoNetworkManager: New network state: UP, WIFI, WIFI
01-14 21:43:01.520  1456  4797 I WifiService: getDhcpInfo uid=10743
01-14 21:43:01.561 29409 29409 I zygote  : Deoptimizing void androidx.constraintlayout.widget.ConstraintLayout$LayoutParams.resolveLayoutDirection(int) due to JIT inline cache
01-14 21:43:01.753 29409 29500 I Adreno  : QUALCOMM build                   : bb5b86c, I77d3059488
01-14 21:43:01.753 29409 29500 I Adreno  : Build Date                       : 06/07/18
01-14 21:43:01.753 29409 29500 I Adreno  : OpenGL ES Shader Compiler Version: EV031.22.00.01_06
01-14 21:43:01.753 29409 29500 I Adreno  : Local Branch                     : 
01-14 21:43:01.753 29409 29500 I Adreno  : Remote Branch                    : refs/tags/AU_LINUX_ANDROID_LA.UM.6.5.R1.08.01.00.312.086
01-14 21:43:01.753 29409 29500 I Adreno  : Remote Branch                    : NONE
01-14 21:43:01.753 29409 29500 I Adreno  : Reconstruct Branch               : NOTHING
01-14 21:43:01.754 29409 29500 D vndksupport: Loading /vendor/lib/hw/gralloc.msm8937.so from current namespace instead of sphal namespace.
01-14 21:43:01.761 29409 29500 I Adreno  : PFP: 0x005ff087, ME: 0x005ff063
01-14 21:43:01.762 29409 29414 I zygote  : Do full code cache collection, code=122KB, data=103KB
01-14 21:43:01.764 29409 29414 I zygote  : After code cache collection, code=76KB, data=47KB
01-14 21:43:01.772 29409 29500 I zygote  : android::hardware::configstore::V1_0::ISurfaceFlingerConfigs::hasWideColorDisplay retrieved: 0
01-14 21:43:01.773 29409 29500 I OpenGLRenderer: Initialized EGL, version 1.4
01-14 21:43:01.773 29409 29500 D OpenGLRenderer: Swap behavior 2
01-14 21:43:01.867 29409 29500 D vndksupport: Loading /vendor/lib/hw/android.hardware.graphics.mapper@2.0-impl.so from current namespace instead of sphal namespace.
01-14 21:43:01.870 29409 29500 D vndksupport: Loading /vendor/lib/hw/gralloc.msm8937.so from current namespace instead of sphal namespace.
01-14 21:43:01.893  1456  1673 I LaunchCheckinHandler: Displayed org.mozilla.fenix.nightly/org.mozilla.fenix.HomeActivity,cp,ca,1313
01-14 21:43:01.893  1456  1673 I ActivityManager: Displayed org.mozilla.fenix.nightly/org.mozilla.fenix.HomeActivity: +1s307ms
